03-13 21:42:17.320  4205  4205 D Navbar.Store: handleEvent(0) OnNavBarConfigChanged(canMove=true, supportPhoneLayoutProvider=true, imeDownButtonForAllRotation=false, navigationMode=0) [Module] NavigationBarControllerImpl
03-13 21:42:17.320 13890 14767 W SQLiteLog: (28) double-quoted string literal: "%s"
03-13 21:42:17.320  4205  4205 D Navbar.Store: --[Band]STABLE_LAYOUT_PACK_NAVBAR_CONFIG_CHANGED
03-13 21:42:17.320  4205  4205 D NavBarStateManager: NavBarStates(0) supportLargeCoverScreenNavBar: false
03-13 21:42:17.320 13890 14767 W SQLiteLog: (28) double-quoted string literal: "now"
03-13 21:42:17.320  4205  4205 D Navbar.Store: --updateLayoutProvider() layoutProviderContainer = com.android.systemui.navigationbar.layout.LayoutProviderContainerImpl@1dbf89d
03-13 21:42:17.320  4205  4205 D NavBarStateManager: NavBarStates(0) supportLargeCoverScreenNavBar: false
03-13 21:42:17.320  4205  4205 D Navbar.Store: --[Band] (afterAction) STABLE_LAYOUT_PACK_NAVBAR_CONFIG_CHANGED
03-13 21:42:17.320  4205  4205 D Navbar.Store: handleEvent(1) OnConfigChanged(newConfig={1.0 ?mcc0mnc [en_US] ldltr sw360dp w360dp h880dp 480dpi nrml long hdr widecg port night finger -keyb/v/h -nav/h winConfig={ mBounds=Rect(0, 0 - 1080, 2640) mAppBounds=Rect(0, 0 - 1080, 2640) mMaxBounds=Rect(0, 0 - 1080, 2640) mDisplayRotation=ROTATION_0 mWindowingMode=fullscreen mActivityType=undefined mAlwaysOnTop=undefined mRotation=ROTATION_0 mStageConfig=undefined mPopOver=undefined mOverlappingWithCutout=false mFlexPanelMode=off} s.7551 fontWeightAdjustment=0 ff=0 bf=-1 bts=0 cst=1.0 nightDim=0 themeSeq=0}) [Module] NavigationBarControllerImpl
03-13 21:42:17.320  4205  4205 D Navbar.Store: handleEvent(1) OnNavBarConfigChanged(canMove=true, supportPhoneLayoutProvider=true, imeDownButtonForAllRotation=false, navigationMode=0) [Module] NavigationBarControllerImpl
03-13 21:42:17.320  4205  4205 D Navbar.Store: --[Band]STABLE_LAYOUT_PACK_NAVBAR_CONFIG_CHANGED
03-13 21:42:17.320  4205  4205 D NavBarStateManager: NavBarStates(1) supportLargeCoverScreenNavBar: true
03-13 21:42:17.320  4607 14939 D NxpGenExtn: enQueueWriteInternal Enter wLength:7
03-13 21:42:17.320  4205  4205 D LayoutProviderContainerImpl: getCoverDisplayContext, cover display=Display id 1: DisplayInfo{"Built-in Screen", displayId 1, displayGroupId 0, FLAG_SECURE, FLAG_SUPPORTS_PROTECTED_BUFFERS, FLAG_PRESENTATION, FLAG_CAN_SHOW_WITH_INSECURE_KEYGUARD, FLAG_SHOULD_SHOW_SYSTEM_DECORATIONS, FLAG_TRUSTED, FLAG_ALLOWS_CONTENT_MODE_SWITCH, real 748 x 720, largest app 748 x 748, smallest app 618 x 552, appVsyncOff 16666666, presDeadline 17666666, mode 8, renderFrameRate 60.000004, hasArrSupport false, frameRateCategoryRate FrameRateCategoryRate {normal=60.0, high=90.0}, supportedRefreshRates [60.000004], defaultMode 8, REFRESH_RATE_MODE_SEAMLESS, userPreferredModeId -1, supportedModes [{id=8, width=748, height=720, fps=60.000004, vsync=60.000004, synthetic=false, alternativeRefreshRates=[], supportedHdrTypes=[2, 3, 4]}], appsSupportedModes [{id=8, width=748, height=720, fps=60.000004, vsync=60.000004, synthetic=false, alternativeRefreshRates=[], supportedHdrTypes=[2, 3, 4]}], hdrCapabilities HdrCapabilities{mSupportedHdrTypes=[2, 3, 4], mMaxLuminance=450.0, mMaxAverageLuminance=225.00024, mMinLuminance=5.0E-4}, isForceSdr false, userDisabledHdrTypes [], minimalPostProcessingSupported false, rotation 0, state OFF, committedState OFF}, DisplayMetrics{density=2.125, width=748, height=618, scaledDensity=2.125, xdpi=306.438, ydpi=309.966}, isValid=true
03-13 21:42:17.321  4205  4205 D Navbar.Store: --updateLayoutProvider() layoutProviderContainer = com.android.systemui.navigationbar.layout.LayoutProviderContainerImpl@1dbf89d
03-13 21:42:17.321  4205  4205 D NavBarStateManager: NavBarStates(1) supportLargeCoverScreenNavBar: true
03-13 21:42:17.321  4205  4205 D LayoutProviderContainerImpl: getCoverDisplayContext, cover display=Display id 1: DisplayInfo{"Built-in Screen", displayId 1, displayGroupId 0, FLAG_SECURE, FLAG_SUPPORTS_PROTECTED_BUFFERS, FLAG_PRESENTATION, FLAG_CAN_SHOW_WITH_INSECURE_KEYGUARD, FLAG_SHOULD_SHOW_SYSTEM_DECORATIONS, FLAG_TRUSTED, FLAG_ALLOWS_CONTENT_MODE_SWITCH, real 748 x 720, largest app 748 x 748, smallest app 618 x 552, appVsyncOff 16666666, presDeadline 17666666, mode 8, renderFrameRate 60.000004, hasArrSupport false, frameRateCategoryRate FrameRateCategoryRate {normal=60.0, high=90.0}, supportedRefreshRates [60.000004], defaultMode 8, REFRESH_RATE_MODE_SEAMLESS, userPreferredModeId -1, supportedModes [{id=8, width=748, height=720, fps=60.000004, vsync=60.000004, synthetic=false, alternativeRefreshRates=[], supportedHdrTypes=[2, 3, 4]}], appsSupportedModes [{id=8, width=748, height=720, fps=60.000004, vsync=60.000004, synthetic=false, alternativeRefreshRates=[], supportedHdrTypes=[2, 3, 4]}], hdrCapabilities HdrCapabilities{mSupportedHdrTypes=[2, 3, 4], mMaxLuminance=450.0, mMaxAverageLuminance=225.00024, mMinLuminance=5.0E-4}, isForceSdr false, userDisabledHdrTypes [], minimalPostProcessingSupported false, rotation 0, state OFF, committedState OFF}, DisplayMetrics{density=2.125, width=748, height=618, scaledDensity=2.125, xdpi=306.438, ydpi=309.966}, isValid=true
03-13 21:42:17.321  4205  4205 D Navbar.Store: --[Band] (afterAction) STABLE_LAYOUT_PACK_NAVBAR_CONFIG_CHANGED
03-13 21:42:17.321  2053 13496 I QC2V4l2Codec: [v4lhvcD_600] KPI_L1: init: ms=3
03-13 21:42:17.321  2439  2439 I android.hardware.nfc-service.nxp: write
03-13 21:42:17.321  2053 14941 E QC2V4l2Codec: [v4lhvcD_600]  ? is not a supported pixel format!
03-13 21:42:17.321  4205  4205 I SubScreenManager:  onDeviceStateChanged DeviceState{identifier=0, name='CLOSED', app_accessible=false, cancel_when_requester_not_on_top=false}
03-13 21:42:17.321  4205  4205 I SubScreenManager: requestDualState false
03-13 21:42:17.321  3003  3678 D InputTransport: Input channel destroyed: '[Gestur', fd=1401
03-13 21:42:17.321  3003  3678 I SemInputMotionEventDispatcher: unregisterInputEventReceiver: dispose InputMonitor
03-13 21:42:17.321  3003  7124 I DeviceStateManagerService: cancelRequestInternal pid:4205, ignore
03-13 21:42:17.321  4205  4205 I SubScreenManager: onDeviceStateChanged() 
03-13 21:42:17.321  4205  4205 I SubLauncher:SubLauncherStateManager@232606011: setTentMode: 2 -> 0 
03-13 21:42:17.321  4205  4205 I FoldStateManager: onFoldStateChanged: true
03-13 21:42:17.321  4205  4205 I FoldStateManager: updateFoldState: isFolded = true
03-13 21:42:17.321  4205  4205 I FoldStateManager: onTableModeChanged: false
03-13 21:42:17.321  4205  4205 I FoldStateManager: updateTableMode: isTableMode = false
03-13 21:42:17.322  4205  4205 D SecVolume.VolumePanelStore: dispatch [ACTION_FOLDER_STATE_CHANGED with [STATE_FOLDER_STATE_CHANGED], currentAction={isFromOutside : true, isFolded : true}, currentState={activeStream=3(vol=0), stream=-1(vol=null) } isMediaDefaultEnabled : true, isVoiceCapable : true, isCaptionComponentEnabled : true, isHasVibrator : true, isSetupWizardComplete : true, timeOutControls : 0, pinDevice : 0, earProtectLevel : 909, ringerModeInternal : 0, timeOutControlsText : 0, activeStream : 3, timeOut : 3000, cutoutHeight : 0, systemTimeNow : 13420931}
03-13 21:42:17.322  4205  4205 D SecVolume.VolumePanelStore:   > New State : [STATE_FOLDER_STATE_CHANGED]
03-13 21:42:17.322  3003  3067 E ModeChangeObserver: Changed display not found
03-13 21:42:17.322  2105  2105 I SurfaceFlinger: RequestedLayer [com.yelp.android/com.yelp.android.home.ui.RootSingleActivity$_13890#96633] hidden!! flag  from(0) --> to(1)
03-13 21:42:17.322  2022  2124 I HYPER-HAL: [RequestManager.cpp]acquire(): Acquired ID : 2112570  [2025 / 30]    HINT :      list : [UCLAMP_MIN_BOOST / 50] [TID / 4392] [TID / 4393] [TID / 4205] [TID / 4394] 
03-13 21:42:17.322  2105  2105 I SurfaceFlinger: RequestedLayer [ActivityRecord{254647584 u0 com.yelp[...]e.ui.RootSingleActivity t1070}#96627] hidden!! flag  from(0) --> to(1)
03-13 21:42:17.322  2105  2105 I SurfaceFlinger: RequestedLayer [Task=1070#96564] hidden!! flag  from(0) --> to(1)
03-13 21:42:17.322  2105  2105 I SurfaceFlinger: RequestedLayer [WindowToken{7436059 type=2019 android.os.BinderProxy@cee11a3}#96652] hidden!! flag  from(1) --> to(0)
03-13 21:42:17.322  2105  2105 I SurfaceFlinger: RequestedLayer [ce1541e NavigationBar1#96653] hidden!! flag  from(1) --> to(0)
03-13 21:42:17.322  2105  2105 I SurfaceFlinger: RequestedLayer [[Gesture Monitor] secinputdev#96551] hidden!! flag  from(0) --> to(1)
03-13 21:42:17.322  2022  2124 I HYPER-HAL: [RequestManager.cpp]acquire(): Acquired ID : 2112570  [2025 / 30]    HINT :      list : [UCLAMP_MIN_BOOST / 100] [TID / 4392] [TID / 4393] [TID / 4205] [TID / 4394] 
03-13 21:42:17.322  2022  2124 I HYPER-HAL: [RequestManager.cpp]acquire(): Acquired ID : 2112570  [2025 / 30]    HINT :      list : [UCLAMP_MIN_BOOST / 150] [TID / 4392] [TID / 4393] [TID / 4205] [TID / 4394] 
03-13 21:42:17.322  2105  2105 I SurfaceFlinger: [LayerHierarchy{RequestedLayerState{[Gesture Monitor] secinputdev#96551 z=1} no children}] reparent to OffscreenRoot
03-13 21:42:17.322  2105  2105 I SurfaceFlinger: [LayerHierarchy{RequestedLayerState{[Gesture Monitor] secinputdev#96551 z=1} no children}] RelativeParent to null
03-13 21:42:17.322  4205  4205 I Dialog  : mIsDeviceDefault = false, mIsSamsungBasicInteraction = false, isMetaDataInActivity = false
03-13 21:42:17.323  4205  4205 I DecorView: setWindowBackground: isPopOver=false color=0 d=android.graphics.drawable.ColorDrawable@6839098
03-13 21:42:17.323  3003  3067 D BBA2    : updateWindowVisible for pid : 13890, visible : 0
03-13 21:42:17.323  3003  3067 I DisplayDeviceRepository: Display device changed state: "Built-in Screen", OFF
03-13 21:42:17.323  3003  3067 I LogicalDisplayMapper: Set isInTransition on display 0: false
03-13 21:42:17.323  3003  3067 I LogicalDisplayMapper: Set isInTransition on display 1: false
03-13 21:42:17.323  3003  3067 I LogicalDisplayMapper: Applying layout: [{dispId: 0(OFF), displayGroupName: , addr: {port=131, model=0x40446d5d66246e}, mThermalBrightnessThrottlingMapId: null, mRefreshRateZoneId: null, mLeadDisplayId: -1, mLeadDisplayAddress: null, mThermalRefreshRateThrottlingMapId: null, mPowerThrottlingMapId: null}, {dispId: 1(ON), displayGroupName: , addr: {port=132, model=0x40446d6e9178a2}, mThermalBrightnessThrottlingMapId: null, mRefreshRateZoneId: null, mLeadDisplayId: -1, mLeadDisplayAddress: null, mThermalRefreshRateThrottlingMapId: null, mPowerThrottlingMapId: null}], Previous layout: [{dispId: 0(ON), displayGroupName: , addr: {port=131, model=0x40446d5d66246e}, mThermalBrightnessThrottlingMapId: null, mRefreshRateZoneId: null, mLeadDisplayId: -1, mLeadDisplayAddress: null, mThermalRefreshRateThrottlingMapId: null, mPowerThrottlingMapId: null}, {dispId: 1(OFF), displayGroupName: , addr: {port=132, model=0x40446d6e9178a2}, mThermalBrightnessThrottlingMapId: null, mRefreshRateZoneId: null, mLeadDisplayId: -1, mLeadDisplayAddress: null, mThermalRefreshRateThrottlingMapId: null, mPowerThrottlingMapId: null}]
03-13 21:42:17.323  3003  3067 D LogicalDisplayMapper: applyLayoutLocked[0], oldDisplay=0, newDisplay=0, displayLayout={dispId: 0(OFF), displayGroupName: , addr: {port=131, model=0x40446d5d66246e}, mThermalBrightnessThrottlingMapId: null, mRefreshRateZoneId: null, mLeadDisplayId: -1, mLeadDisplayAddress: null, mThermalRefreshRateThrottlingMapId: null, mPowerThrottlingMapId: null}
03-13 21:42:17.323  3003  3067 I LogicalDisplayMapper: SetEnabled on display 0: false
03-13 21:42:17.323  3003  3067 D LogicalDisplayMapper: applyLayoutLocked[1], oldDisplay=1, newDisplay=1, displayLayout={dispId: 1(ON), displayGroupName: , addr: {port=132, model=0x40446d6e9178a2}, mThermalBrightnessThrottlingMapId: null, mRefreshRateZoneId: null, mLeadDisplayId: -1, mLeadDisplayAddress: null, mThermalRefreshRateThrottlingMapId: null, mPowerThrottlingMapId: null}
03-13 21:42:17.323  3003  3067 I LogicalDisplayMapper: SetEnabled on display 1: true
03-13 21:42:17.323  2105  2105 I SurfaceFlinger: id=96551 Removed [Gesture Monitor] secinputdev#96551 (184)
03-13 21:42:17.323  3003  3067 I InputManager-JNI: Viewport [0] to add: local:4630946564756762243, isActive: false
03-13 21:42:17.323  3003  3067 D InputManager-JNI: Viewport [0] type:1, displayId=0, uniqueId=local:4630946564756762243, orientation=0, logicalFrame=[0, 0][1080, 2640], physicalFrame=[0, 0][1080, 2640], deviceSize=[1080, 2640]
03-13 21:42:17.323  3003  3067 I InputManager-JNI: Viewport [1] to add: local:4630946638498144900, isActive: false
03-13 21:42:17.323  3003  3067 D InputManager-JNI: Viewport [1] type:1, displayId=1, uniqueId=local:4630946638498144900, orientation=0, logicalFrame=[0, 0][748, 720], physicalFrame=[0, 0][748, 720], deviceSize=[748, 720]
03-13 21:42:17.324  4205  4205 D SubFullLayoutVolumePanelView: SubFullLayoutVolumePanelView: bind
03-13 21:42:17.324  4205  4205 D SecVolume.VolumePanelStore: subscribe : observer count=4, observer=com.android.systemui.volume.view.subscreen.full.SubFullLayoutVolumePanelWindow@a3fdab0
03-13 21:42:17.324  4205  4205 D SecVolume.VolumePanelStore: subscribe : observer count=5, observer=com.android.systemui.volume.view.subscreen.full.SubFullLayoutVolumePanelView{5f1ed29 V.E...... ......I. 0,0-0,0 #7f0a0f4e app:id/volume_panel_view_root}
03-13 21:42:17.324  3003  3068 W SurfaceControl: Invalid layer stack -1
03-13 21:42:17.324  3003  3068 I DisplayDevice: [0] Layerstack set to -1 for local:4630946564756762243
03-13 21:42:17.324  4205  4205 D SubscreenQsPanelControllerBase: onFolderStateChangedfalse
03-13 21:42:17.324  3003  3068 D BLASTSyncEngine: SyncGroup 11125:  Unfinished container: WindowToken{8004a5b type=2024 android.os.BinderProxy@d7bba75} mSyncState=2
03-13 21:42:17.324  4205  4205 D SubscreenQsPanelControllerBase: setTiles 
03-13 21:42:17.324  4205  4205 D SubscreenQsPanelControllerBase: adding Tilespec : Wifi
03-13 21:42:17.324  4205  4205 E SecQSPanelResourcePickHelper: need to prepare suitable picker for COVER
03-13 21:42:17.324  4205  4205 E SecQSPanelResourcePickHelper: need to prepare suitable picker for COVER
03-13 21:42:17.324  4205  4205 E SecQSPanelResourcePickHelper: need to prepare suitable picker for COVER
03-13 21:42:17.324  4205  4205 E SecQSPanelResourcePickHelper: need to prepare suitable picker for COVER
03-13 21:42:17.324  4205  4205 E SecQSPanelResourcePickHelper: need to prepare suitable picker for COVER
03-13 21:42:17.324  4205  4205 D SubRoomQsTileBaseView: updateSubscreenTileStroke
03-13 21:42:17.324  4205 14945 I DymLock|LockContainerStore: do action : change_folder_state
03-13 21:42:17.324  4205  4205 D SubscreenQsPanelControllerBase: addTile tile.getTileSpec():  record: com.android.systemui.qs.QSPanelControllerBase$TileRecord@2b3064f mSubscreenRecords.size(): 1
03-13 21:42:17.324  4205  4205 D SubscreenQsPanelControllerBase: adding Tilespec : SoundMode
03-13 21:42:17.324  4205  4205 E SecQSPanelResourcePickHelper: need to prepare suitable picker for COVER
03-13 21:42:17.324  4205  4205 E SecQSPanelResourcePickHelper: need to prepare suitable picker for COVER
03-13 21:42:17.324  4205  4205 E SecQSPanelResourcePickHelper: need to prepare suitable picker for COVER
03-13 21:42:17.324  4205  4205 E SecQSPanelResourcePickHelper: need to prepare suitable picker for COVER
03-13 21:42:17.324  4205  4362 D Tile.WifiTile: handleUpdateState isTransient=false transientEnabling =false cb.isTransient=false state.state = 2 mStateBeforeClick.value =false enabled =true
03-13 21:42:17.324  4205  4205 E SecQSPanelResourcePickHelper: need to prepare suitable picker for COVER
03-13 21:42:17.324  4205  4205 D SubRoomQsTileBaseView: updateSubscreenTileStroke
03-13 21:42:17.324  4205  4205 D SubscreenQsPanelControllerBase: addTile tile.getTileSpec():  record: com.android.systemui.qs.QSPanelControllerBase$TileRecord@d1332e5 mSubscreenRecords.size(): 2
03-13 21:42:17.324  4205  4205 D SubscreenQsPanelControllerBase: adding Tilespec : Bluetooth
03-13 21:42:17.324  4205  4205 E SecQSPanelResourcePickHelper: need to prepare suitable picker for COVER
03-13 21:42:17.324  4205  4205 E SecQSPanelResourcePickHelper: need to prepare suitable picker for COVER
03-13 21:42:17.324  4205  4205 E SecQSPanelResourcePickHelper: need to prepare suitable picker for COVER
03-13 21:42:17.324  4205  4205 E SecQSPanelResourcePickHelper: need to prepare suitable picker for COVER
03-13 21:42:17.324  4205  4205 E SecQSPanelResourcePickHelper: need to prepare suitable picker for COVER
03-13 21:42:17.324  4205  4205 D SubRoomQsTileBaseView: updateSubscreenTileStroke
03-13 21:42:17.324  4205  4205 D SubscreenQsPanelControllerBase: addTile tile.getTileSpec():  record: com.android.systemui.qs.QSPanelControllerBase$TileRecord@c43b86b mSubscreenRecords.size(): 3
03-13 21:42:17.324  4205  4205 D SubscreenQsPanelControllerBase: adding Tilespec : AirplaneMode
03-13 21:42:17.324  4205  4205 E SecQSPanelResourcePickHelper: need to prepare suitable picker for COVER
03-13 21:42:17.324  4205  4205 E SecQSPanelResourcePickHelper: need to prepare suitable picker for COVER
03-13 21:42:17.324  4205  4205 E SecQSPanelResourcePickHelper: need to prepare suitable picker for COVER
03-13 21:42:17.324  4205  4205 E SecQSPanelResourcePickHelper: need to prepare suitable picker for COVER
03-13 21:42:17.324  4205  4205 E SecQSPanelResourcePickHelper: need to prepare suitable picker for COVER
03-13 21:42:17.324  4205 14945 I DymLock|BaseLockStateContainer: onLockContainerStoreChangeEvent action[folder_change_event]
03-13 21:42:17.324  4205 14945 W DymLock|BaseLockStateContainer: onLockContainerStoreChangeEvent : not dls state
03-13 21:42:17.324  4205  4205 D SubRoomQsTileBaseView: updateSubscreenTileStroke
03-13 21:42:17.324  4205  4205 D SubscreenQsPanelControllerBase: addTile tile.getTileSpec():  record: com.android.systemui.qs.QSPanelControllerBase$TileRecord@8c84fc8 mSubscreenRecords.size(): 4
03-13 21:42:17.324  4205  4205 D SubscreenQsPanelControllerBase: adding Tilespec : Flashlight
03-13 21:42:17.324  4205  4205 E SecQSPanelResourcePickHelper: need to prepare suitable picker for COVER
03-13 21:42:17.325  4205  4205 E SecQSPanelResourcePickHelper: need to prepare suitable picker for COVER
03-13 21:42:17.325  4205  4205 E SecQSPanelResourcePickHelper: need to prepare suitable picker for COVER
03-13 21:42:17.325  4205  4205 E SecQSPanelResourcePickHelper: need to prepare suitable picker for COVER
03-13 21:42:17.325  4832  3862 I HoneySpace.SystemUiRepository: systemUiFlags: overview_disabled|home_disabled|allow_gesture|awake
03-13 21:42:17.325  4205  4362 D Tile.SoundModeTile: handleUpdateState: profile 0, muteAllSound false
03-13 21:42:17.325  4832  4895 I HoneySpace.TaskbarEventTracker: invokeEvent() called with: event = SystemUiStateChanged(stateFlags=268566912)
03-13 21:42:17.325  4205  4205 E SecQSPanelResourcePickHelper: need to prepare suitable picker for COVER
03-13 21:42:17.325  4832  8900 I HoneySpace.SystemUiRepository: systemUiFlags: overview_disabled|home_disabled|allow_gesture|back_disabled|awake
03-13 21:42:17.325  3003  3661 I InputReader: Reconfiguring input devices, changes=DISPLAY_INFO
03-13 21:42:17.325  4205  4205 D SubRoomQsTileBaseView: updateSubscreenTileStroke
03-13 21:42:17.325  4205  4205 D SubscreenQsPanelControllerBase: addTile tile.getTileSpec():  record: com.android.systemui.qs.QSPanelControllerBase$TileRecord@a931f86 mSubscreenRecords.size(): 5
03-13 21:42:17.325  3003  3661 I InputReader: support feature by TSP : 0x321
03-13 21:42:17.325  4205  4205 D SubscreenQsPanelControllerBase: adding Tilespec : MobileData
03-13 21:42:17.325  4205  4205 E SecQSPanelResourcePickHelper: need to prepare suitable picker for COVER
03-13 21:42:17.325  3003  3661 I InputReader: support feature by TSP : 0x321
03-13 21:42:17.325  3003  3067 D PointerChoreographer: setDefaultMouseDisplayId: 0 -> 1
03-13 21:42:17.325  4205  4205 E SecQSPanelResourcePickHelper: need to prepare suitable picker for COVER
03-13 21:42:17.325  4205  4205 E SecQSPanelResourcePickHelper: need to prepare suitable picker for COVER
03-13 21:42:17.325  4205  4205 E SecQSPanelResourcePickHelper: need to prepare suitable picker for COVER
03-13 21:42:17.325  4205  4205 E SecQSPanelResourcePickHelper: need to prepare suitable picker for COVER
03-13 21:42:17.325  4205  4205 D SubRoomQsTileBaseView: updateSubscreenTileStroke
03-13 21:42:17.325  4832 23473 I HoneySpace.SystemUiRepository: systemUiFlags: overview_disabled|home_disabled|navbar_hidden|allow_gesture|back_disabled|awake
03-13 21:42:17.325  4205  4205 D SubscreenQsPanelControllerBase: addTile tile.getTileSpec():  record: com.android.systemui.qs.QSPanelControllerBase$TileRecord@be37047 mSubscreenRecords.size(): 6
03-13 21:42:17.325  4205  4205 D SubscreenQsPanelControllerBase: adding Tilespec : custom(com.samsung.android.app.smartcapture/com.samsung.android.app.screenrecorder.view.RecordScreenTile)
03-13 21:42:17.325  4832  4895 I HoneySpace.TaskbarEventTracker: invokeEvent() called with: event = SystemUiStateChanged(stateFlags=272761216)
03-13 21:42:17.325  4205  4205 E SecQSPanelResourcePickHelper: need to prepare suitable picker for COVER
03-13 21:42:17.325  4832  4895 I HoneySpace.TaskbarEventTracker: invokeEvent() called with: event = SystemUiStateChanged(stateFlags=272761218)
03-13 21:42:17.325  4205  4205 E SecQSPanelResourcePickHelper: need to prepare suitable picker for COVER
03-13 21:42:17.325  4205  4205 E SecQSPanelResourcePickHelper: need to prepare suitable picker for COVER
03-13 21:42:17.325  4205  4205 E SecQSPanelResourcePickHelper: need to prepare suitable picker for COVER
03-13 21:42:17.325  4832  8996 I HoneySpace.SystemUiRepository: assistantAvailable = false
03-13 21:42:17.326  4205  4205 E SecQSPanelResourcePickHelper: need to prepare suitable picker for COVER
03-13 21:42:17.326  4205  4205 D SubRoomQsTileBaseView: updateSubscreenTileStroke
03-13 21:42:17.326  4205  4205 D SubscreenQsPanelControllerBase: addTile tile.getTileSpec():  record: com.android.systemui.qs.QSPanelControllerBase$TileRecord@9f6a074 mSubscreenRecords.size(): 7
03-13 21:42:17.326  4205  4205 D SubscreenQsPanelControllerBase: adding Tilespec : custom(com.samsung.android.app.routines/.LifestyleModeTile)
03-13 21:42:17.326  4205  4205 E SecQSPanelResourcePickHelper: need to prepare suitable picker for COVER
03-13 21:42:17.326  4205  4205 E SecQSPanelResourcePickHelper: need to prepare suitable picker for COVER
03-13 21:42:17.326  4205  4205 E SecQSPanelResourcePickHelper: need to prepare suitable picker for COVER
03-13 21:42:17.326  4205  4205 E SecQSPanelResourcePickHelper: need to prepare suitable picker for COVER
03-13 21:42:17.326  4205  4205 E SecQSPanelResourcePickHelper: need to prepare suitable picker for COVER
03-13 21:42:17.326  4205  4205 D SubRoomQsTileBaseView: updateSubscreenTileStroke
03-13 21:42:17.326  4205  4205 D SubscreenQsPanelControllerBase: addTile tile.getTileSpec():  record: com.android.systemui.qs.QSPanelControllerBase$TileRecord@9dd99d mSubscreenRecords.size(): 8
03-13 21:42:17.326  4205  4205 D SubscreenQsPanelControllerBase: adding Tilespec : Dnd
03-13 21:42:17.326  4205  4205 E SecQSPanelResourcePickHelper: need to prepare suitable picker for COVER
03-13 21:42:17.326  3003  3067 D MouseCursorController: loadResourcesLocked for display 1
03-13 21:42:17.326  4205  4205 E SecQSPanelResourcePickHelper: need to prepare suitable picker for COVER
03-13 21:42:17.326  4205  4205 E SecQSPanelResourcePickHelper: need to prepare suitable picker for COVER
03-13 21:42:17.326  4205  4205 E SecQSPanelResourcePickHelper: need to prepare suitable picker for COVER
03-13 21:42:17.326  4205  4205 E SecQSPanelResourcePickHelper: need to prepare suitable picker for COVER
03-13 21:42:17.326  4205  4205 D SubRoomQsTileBaseView: updateSubscreenTileStroke
03-13 21:42:17.326  4205  4205 D SubscreenQsPanelControllerBase: addTile tile.getTileSpec():  record: com.android.systemui.qs.QSPanelControllerBase$TileRecord@7f1ae12 mSubscreenRecords.size(): 9
03-13 21:42:17.326  4205  4205 D SubscreenQsPanelControllerBase: setTiles 
03-13 21:42:17.326  4205  4205 D SubscreenQsPanelControllerBase: adding Tilespec : Wifi
03-13 21:42:17.326  4205  4205 E SecQSPanelResourcePickHelper: need to prepare suitable picker for COVER
03-13 21:42:17.326  2071  2129 I sysinput:aidl: onReportInformation:93, 1, enabled@1,0:0
03-13 21:42:17.326  4205  4205 E SecQSPanelResourcePickHelper: need to prepare suitable picker for COVER
03-13 21:42:17.326  4205  4205 E SecQSPanelResourcePickHelper: need to prepare suitable picker for COVER
03-13 21:42:17.326  4205  4205 E SecQSPanelResourcePickHelper: need to prepare suitable picker for COVER
03-13 21:42:17.326  4205  4205 E SecQSPanelResourcePickHelper: need to prepare suitable picker for COVER
03-13 21:42:17.326  4205  4205 D SubRoomQsTileBaseView: updateSubscreenTileStroke
03-13 21:42:17.326  4205  4205 D SubscreenQsPanelControllerBase: addTile tile.getTileSpec():  record: com.android.systemui.qs.QSPanelControllerBase$TileRecord@8dcc9e3 mSubscreenRecords.size(): 1
03-13 21:42:17.326  4205  4205 D SubscreenQsPanelControllerBase: adding Tilespec : SoundMode
03-13 21:42:17.326  4205  4205 E SecQSPanelResourcePickHelper: need to prepare suitable picker for COVER
03-13 21:42:17.326  2022  2124 I HYPER-HAL: [RequestManager.cpp]acquire(): Acquired ID : 2112570  [2025 / 30]    HINT :      list : [UCLAMP_MIN_BOOST / 200] [TID / 4392] [TID / 4393] [TID / 4205] [TID / 4394] 
03-13 21:42:17.327  4205  4205 E SecQSPanelResourcePickHelper: need to prepare suitable picker for COVER
03-13 21:42:17.327  4205  4205 E SecQSPanelResourcePickHelper: need to prepare suitable picker for COVER
03-13 21:42:17.327  4205  4205 E SecQSPanelResourcePickHelper: need to prepare suitable picker for COVER
03-13 21:42:17.327  4205  4205 E SecQSPanelResourcePickHelper: need to prepare suitable picker for COVER
03-13 21:42:17.327  2071  2129 I sysinput:Touch1: operator():132, 1,0 OK
03-13 21:42:17.327  3003  3994 D SysinputHAL_AIDL: activate(TSP(1)),1,0 ret=0
03-13 21:42:17.327  4205  4205 D SubRoomQsTileBaseView: updateSubscreenTileStroke
03-13 21:42:17.327  2022  2124 I HYPER-HAL: [RequestManager.cpp]acquire(): Acquired ID : 2112570  [2025 / 30]    HINT :      list : [UCLAMP_MIN_BOOST / 250] [TID / 4392] [TID / 4393] [TID / 4205] [TID / 4394] 
03-13 21:42:17.327  2022  2124 I HYPER-HAL: [RequestManager.cpp]acquire(): Acquired ID : 2112570  [2025 / 30]    HINT :      list : [UCLAMP_MIN_BOOST / 300] [TID / 4392] [TID / 4393] [TID / 4205] [TID / 4394] 
03-13 21:42:17.327  4205  4205 D SubscreenQsPanelControllerBase: addTile tile.getTileSpec():  record: com.android.systemui.qs.QSPanelControllerBase$TileRecord@4174fe0 mSubscreenRecords.size(): 2
03-13 21:42:17.327  4205  4205 D SubscreenQsPanelControllerBase: adding Tilespec : Bluetooth
03-13 21:42:17.327  4205  4205 E SecQSPanelResourcePickHelper: need to prepare suitable picker for COVER
03-13 21:42:17.327  4205  4205 E SecQSPanelResourcePickHelper: need to prepare suitable picker for COVER
03-13 21:42:17.327  2022  2124 I HYPER-HAL: [RequestManager.cpp]acquire(): Acquired ID : 2112570  [2025 / 30]    HINT :      list : [UCLAMP_MIN_BOOST / 350] [TID / 4392] [TID / 4393] [TID / 4205] [TID / 4394] 
03-13 21:42:17.327  4205  4205 E SecQSPanelResourcePickHelper: need to prepare suitable picker for COVER
03-13 21:42:17.327  4205  4205 E SecQSPanelResourcePickHelper: need to prepare suitable picker for COVER
03-13 21:42:17.327  3003  3067 I InputManager-JNI: notifyPointerDisplayIdChanged: pointer displayId set to: 1
03-13 21:42:17.327  4205  4205 E SecQSPanelResourcePickHelper: need to prepare suitable picker for COVER
03-13 21:42:17.327  4205  4205 D SubRoomQsTileBaseView: updateSubscreenTileStroke
03-13 21:42:17.327  4205  4205 D SubscreenQsPanelControllerBase: addTile tile.getTileSpec():  record: com.android.systemui.qs.QSPanelControllerBase$TileRecord@f837299 mSubscreenRecords.size(): 3
03-13 21:42:17.327  4205  4205 D SubscreenQsPanelControllerBase: adding Tilespec : AirplaneMode
03-13 21:42:17.327  3003  3661 I InputReader: Reconfiguring input devices, changes=DISPLAY_INFO
03-13 21:42:17.327  4205  4205 E SecQSPanelResourcePickHelper: need to prepare suitable picker for COVER
03-13 21:42:17.328  3003  3661 I InputReader: support feature by TSP : 0x321
03-13 21:42:17.328  3003  3661 I InputReader: support feature by TSP : 0x321
03-13 21:42:17.328  4205  4205 E SecQSPanelResourcePickHelper: need to prepare suitable picker for COVER
03-13 21:42:17.328  4205  4205 E SecQSPanelResourcePickHelper: need to prepare suitable picker for COVER
03-13 21:42:17.328  4205  4205 E SecQSPanelResourcePickHelper: need to prepare suitable picker for COVER
03-13 21:42:17.328  4205  4205 E SecQSPanelResourcePickHelper: need to prepare suitable picker for COVER
03-13 21:42:17.328  4205  4205 D SubRoomQsTileBaseView: updateSubscreenTileStroke
03-13 21:42:17.328  3003  3661 W InputReader: Rotary Encoder device configuration file didn't specify resolution!
03-13 21:42:17.328  3003  3661 W InputReader: Rotary Encoder device configuration file didn't specify scaling factor,default to 1.000000!
03-13 21:42:17.328  3003  3661 I InputReader: Rotary Encoder device configuration file didn't specify min log rotation.
03-13 21:42:17.328  4205  4205 D SubscreenQsPanelControllerBase: addTile tile.getTileSpec():  record: com.android.systemui.qs.QSPanelControllerBase$TileRecord@338995e mSubscreenRecords.size(): 4
03-13 21:42:17.328  4205  4205 D SubscreenQsPanelControllerBase: adding Tilespec : Flashlight
03-13 21:42:17.328  4205  4205 E SecQSPanelResourcePickHelper: need to prepare suitable picker for COVER
03-13 21:42:17.328  4205  4205 E SecQSPanelResourcePickHelper: need to prepare suitable picker for COVER
03-13 21:42:17.328  2022  2124 I HYPER-HAL: [RequestManager.cpp]acquire(): Acquired ID : 2112570  [2025 / 30]    HINT :      list : [UCLAMP_MIN_BOOST / 400] [TID / 4392] [TID / 4393] [TID / 4205] [TID / 4394] 
03-13 21:42:17.328  4205  4205 E SecQSPanelResourcePickHelper: need to prepare suitable picker for COVER
03-13 21:42:17.328  4205  4205 E SecQSPanelResourcePickHelper: need to prepare suitable picker for COVER
03-13 21:42:17.328  4205  4205 E SecQSPanelResourcePickHelper: need to prepare suitable picker for COVER
03-13 21:42:17.328  4205  4205 D SubRoomQsTileBaseView: updateSubscreenTileStroke
03-13 21:42:17.328  4205  4205 D SubscreenQsPanelControllerBase: addTile tile.getTileSpec():  record: com.android.systemui.qs.QSPanelControllerBase$TileRecord@a88213f mSubscreenRecords.size(): 5
03-13 21:42:17.328  4205  4205 D SubscreenQsPanelControllerBase: adding Tilespec : MobileData
03-13 21:42:17.328  4205  4205 E SecQSPanelResourcePickHelper: need to prepare suitable picker for COVER
03-13 21:42:17.328  4205  4205 E SecQSPanelResourcePickHelper: need to prepare suitable picker for COVER
03-13 21:42:17.328  4205  4205 E SecQSPanelResourcePickHelper: need to prepare suitable picker for COVER
03-13 21:42:17.328  4205  4205 E SecQSPanelResourcePickHelper: need to prepare suitable picker for COVER
03-13 21:42:17.328  4205  4205 E SecQSPanelResourcePickHelper: need to prepare suitable picker for COVER
03-13 21:42:17.328  4205  4205 D SubRoomQsTileBaseView: updateSubscreenTileStroke
03-13 21:42:17.328  4205  4205 D SubscreenQsPanelControllerBase: addTile tile.getTileSpec():  record: com.android.systemui.qs.QSPanelControllerBase$TileRecord@bd18a0c mSubscreenRecords.size(): 6
03-13 21:42:17.328  4205  4205 D SubscreenQsPanelControllerBase: adding Tilespec : custom(com.samsung.android.app.smartcapture/com.samsung.android.app.screenrecorder.view.RecordScreenTile)
03-13 21:42:17.328  4205  4205 E SecQSPanelResourcePickHelper: need to prepare suitable picker for COVER
03-13 21:42:17.328  4205  4205 E SecQSPanelResourcePickHelper: need to prepare suitable picker for COVER
03-13 21:42:17.328  4205  4205 E SecQSPanelResourcePickHelper: need to prepare suitable picker for COVER
03-13 21:42:17.328  4205  4205 E SecQSPanelResourcePickHelper: need to prepare suitable picker for COVER
03-13 21:42:17.329  4205  4205 E SecQSPanelResourcePickHelper: need to prepare suitable picker for COVER
03-13 21:42:17.329  4205  4205 D SubRoomQsTileBaseView: updateSubscreenTileStroke
03-13 21:42:17.329  4205  4205 D SubscreenQsPanelControllerBase: addTile tile.getTileSpec():  record: com.android.systemui.qs.QSPanelControllerBase$TileRecord@18f9f55 mSubscreenRecords.size(): 7
03-13 21:42:17.329  4205  4205 D SubscreenQsPanelControllerBase: adding Tilespec : custom(com.samsung.android.app.routines/.LifestyleModeTile)
03-13 21:42:17.329  4205  4205 E SecQSPanelResourcePickHelper: need to prepare suitable picker for COVER
03-13 21:42:17.329  4205  4205 E SecQSPanelResourcePickHelper: need to prepare suitable picker for COVER
03-13 21:42:17.329  4205  4205 E SecQSPanelResourcePickHelper: need to prepare suitable picker for COVER
03-13 21:42:17.329  4205  4205 E SecQSPanelResourcePickHelper: need to prepare suitable picker for COVER
03-13 21:42:17.329  4205  4205 E SecQSPanelResourcePickHelper: need to prepare suitable picker for COVER
03-13 21:42:17.329  4205  4205 D SubRoomQsTileBaseView: updateSubscreenTileStroke
03-13 21:42:17.329  4205  4205 D SubscreenQsPanelControllerBase: addTile tile.getTileSpec():  record: com.android.systemui.qs.QSPanelControllerBase$TileRecord@d70ed6a mSubscreenRecords.size(): 8
03-13 21:42:17.329  4205  4205 D SubscreenQsPanelControllerBase: adding Tilespec : Dnd
03-13 21:42:17.329  4205  4205 E SecQSPanelResourcePickHelper: need to prepare suitable picker for COVER
03-13 21:42:17.329  4205  4205 E SecQSPanelResourcePickHelper: need to prepare suitable picker for COVER
03-13 21:42:17.329  4205  4205 E SecQSPanelResourcePickHelper: need to prepare suitable picker for COVER
03-13 21:42:17.329  4205  4205 E SecQSPanelResourcePickHelper: need to prepare suitable picker for COVER
03-13 21:42:17.329  4205  4205 E SecQSPanelResourcePickHelper: need to prepare suitable picker for COVER
03-13 21:42:17.329  4205  4205 D SubRoomQsTileBaseView: updateSubscreenTileStroke
03-13 21:42:17.329  4205  4205 D SubscreenQsPanelControllerBase: addTile tile.getTileSpec():  record: com.android.systemui.qs.QSPanelControllerBase$TileRecord@b67925b mSubscreenRecords.size(): 9
03-13 21:42:17.329  4205  4205 D SubscreenQsPanelControllerBase: setListeningtrue
03-13 21:42:17.329  4205  4205 D SubscreenQsPanelControllerBase: refreshAllTiles
03-13 21:42:17.329  4205  4205 D SubscreenPagedTileLayout: setTilePageHeight pageHeight: 438
03-13 21:42:17.329  4205  4205 D SubscreenTileLayout: updateResources columns: 4 mMaxCellHeight: 100 mMaxAllowedRows: 3 mCellWidth: 111
03-13 21:42:17.329  4205  4205 D AppController: isFolderOpened = false
03-13 21:42:17.329  4205  4205 D AppController: folderClosed : unregist SensorManager 
03-13 21:42:17.330  4205  4362 D SBluetoothTile:  handleUpdateState enabled = false connected = false connecting = false changedState =false bluetoothState = 10 enabledChanging = false state = QSTile$BooleanState[spec=Bluetooth,icon=ResourceIcon[resId=0x7f080f78],nextIcon=null,iconSupplier=null,label=Bluetooth,secondaryLabel=,contentDescription=Bluetooth,stateDescription=null,dualLabelContentDescription=null,expandedAccessibilityClassName=null,disabledByPolicy=false,dualTarget=true,isTransient=false,handlesSecondaryClick=false,state=1,sideViewCustomDrawable=null,tileClassName=null,value=false,forceExpandIcon=false]
03-13 21:42:17.330  2105  2105 I SurfaceFlinger: setDisplayBrightness(4630946564756762243): displayBrightness: -1.000000, displayBrightnessNits: 1.000000, sdrWhitePointNits: 1.000000 , dimmingRatio: 1.000000
03-13 21:42:17.330  3003  3068 I SurfaceComposerClient: apply DisplayState::eLayerStackChanged(index:0) layerStack(-1)
03-13 21:42:17.330  3003  3068 I SurfaceComposerClient: apply DisplayState::eFlagsChanged(index:0) flags(0)
03-13 21:42:17.330  2007  2007 I sensors-hal: activate:300, android.sensor.device_orientation/271 en=0
03-13 21:42:17.330  2007  2007 I sensors-hal: deactivate:283, auto_rotation: 1, type 2
03-13 21:42:17.330  2007  2007 I sensors-hal: send_sync_sensor_request:508, send sync request
03-13 21:42:17.330  2007  2007 I sensors-hal: send_sync_sensor_request:518, send_sync_sensor_request before send_request for auto_rotation with SUID low=8603657889541918976 high=1320970896291267344
03-13 21:42:17.330  2007  2007 I sensors-hal: send_sync_sensor_request:537, wait for notification of response
03-13 21:42:17.331  2105  2105 I SurfaceFlinger: destroyed [Gesture Monitor] secinputdev#96551 form LifecycleManager
03-13 21:42:17.331  2105  2105 I SurfaceFlinger: id=96551 onLayerDestroyed from LayerHierarchyBuilder(RequestedLayerState{[Gesture Monitor] secinputdev#96551 !handle z=1})
03-13 21:42:17.331  2105  2105 I Layer   : id=96551 Destroyed [Gesture Monitor] secinputdev#96551
03-13 21:42:17.332  2007 12669 I sensors-hal: qsh_conn_resp_cb:930, resp_value = 0 for auto_rotation 
03-13 21:42:17.332  2007  2007 I sensors-hal: send_sync_sensor_request:543, takes 1 ms to receive the response with 0
03-13 21:42:17.332  2007  2007 I sensors-hal: activate:330, android.sensor.device_orientation/271 en=0 completed
03-13 21:42:17.333  2040 23713 I SDM     : DisplayBuiltIn::SetPanelBrightness: Setting brightness to level 0 (-100.000000 percent) primary(1) display(68)
03-13 21:42:17.333  4205  4205 D SensorManager: unregisterListener
03-13 21:42:17.333  4205  4205 D KeyguardEditModeController: onFolderStateChangedfalse
03-13 21:42:17.333  4205  4205 D KeyguardEditModeController: cancel() true
03-13 21:42:17.333  4205  4205 D SubScreenManager: onFolderStateChanged() opened = false
03-13 21:42:17.333  4205  4205 I SubLauncher:SubLauncherPluginImpl@102487053: onFolderStateChanged: isFolderOpened=false
03-13 21:42:17.333  4205  4205 I SubLauncher:SubLauncherStateManager@232606011: setFoldClosed: false -> true
03-13 21:42:17.333  4205  4205 I SubLauncher:SubLauncherClockController@19943652: onStartedWakingUp: isSuspendPending = true, isFolderClosed = true
03-13 21:42:17.333  4205  4205 I SubLauncher:SubLauncherHome@253272580: onCoverScreenOn: true
03-13 21:42:17.333  4205  4205 I SubLauncher:SubLauncherHome@253272580: restorePage
03-13 21:42:17.333  4205  4205 I SubLauncher:SubLauncherSeamlessAOD@129222420: onStartedWakingUpOnCover
03-13 21:42:17.333  4205  4205 I SubLauncher:SubLauncherStateManager@232606011: setAODVisibleState: INVISIBLE -> INITIALIZED
03-13 21:42:17.333  4205  4205 I SubLauncher:BouncerViewController@120397705: set fontColor with isBlackWallpaper
03-13 21:42:17.334  4205  4205 I SubLauncher:SubLauncherClockController@19943652: observe: suspendState false
03-13 21:42:17.334  4205  4205 I AODAlarmTimer_SUB_CLOCK_TICK: setAlarm: expiration = 03/13/2026 21:43
03-13 21:42:17.334  2092  2092 I factory.ssc: vendor/qcom/proprietary/adsprpc/src/mod_table.c:792: open_mod_table_close: closed reverse module apps_std with handle 0xc17f4dd8
03-13 21:42:17.336  4205  4205 I ModuleClockView_SUB_LAUNCHER_1@80: suspend : mSuspend = true, enable = false
03-13 21:42:17.336  4205  4205 I ModuleClockView_SUB_LAUNCHER_1@80: onSuspendStateChanged: to false
03-13 21:42:17.337  2040  2318 I SDM     : HWPeripheralDRM::SetPanelBrightnessWork: Setting brightness to level 0 through sysfs node. primary(1), type_id(1)
03-13 21:42:17.337  4205  4205 I ModuleClockView_SUB_LAUNCHER_1@80: onTimeChanged : [DateTimeInfo : date = Fri, March 13, hourMin = 9:42, hourMinSec = , hour = 9, minute = 42, amPm  = PM, colon = :, second = , timezone = null, isLeftOfAmPm = false, ttsDate = Friday, March 13], timeInMillis = 1773452537337
03-13 21:42:17.337  4205  4205 I ModuleClockView_SUB_LAUNCHER_1@80: updatePaletteItemTransition : paletteItem = SOLID color : FF4E2A23, animation = false, dozeAmount = 0.0
03-13 21:42:17.337  4205  4205 I DigitalVerticalClockView_SUB_LAUNCHER_1@57: suspend : mSuspend = true, enable = false
03-13 21:42:17.337  4205  4205 I DigitalVerticalClockView_SUB_LAUNCHER_1@57: onSuspendStateChanged: to false
03-13 21:42:17.337  3003  3067 D InputManager: notifyDisplayIdChangedByUser: 1
03-13 21:42:17.338  2105  2105 D DisplayDevice: setLayerFilter: layerstack=-1 on display 4630946564756762243,toInternalDisplay:true
03-13 21:42:17.339  3003  3068 D BLASTSyncEngine: SyncGroup 11125:  Unfinished container: WindowToken{8004a5b type=2024 android.os.BinderProxy@d7bba75} mSyncState=2
03-13 21:42:17.340  4205  4205 I DigitalVerticalClockView_SUB_LAUNCHER_1@57: onTimeChanged : [DateTimeInfo : date = Fri, March 13, hourMin = 9:42, hourMinSec = , hour = 9, minute = 42, amPm  = PM, colon = :, second = , timezone = null, isLeftOfAmPm = false, ttsDate = Friday, March 13], timeInMillis = 1773452537338
03-13 21:42:17.340  4205  4205 I DigitalVerticalClockView_SUB_LAUNCHER_1@57: updatePaletteItemTransition : paletteItem = SOLID color : FF4E2A23, animation = false, dozeAmount = 0.0
03-13 21:42:17.340  3003  3003 D SGM:GameManager: onDisplayChanged. displyId: 0, state: 1
03-13 21:42:17.340  3003  3003 I SemMdnieManagerService: DisplayListener onDisplayChanged. mAlwaysOnDisplayEnabled : false , mDisplayOn : true , mDisplayState : 1 , mWorkBlueFilter : true , mNightModeBlock : true
03-13 21:42:17.340  3003  3003 D EyeComfortSolutionService: mBlueLightFilterAdaptiveModeEnabled: true , mBlueLightFilterScheduledTime: false
03-13 21:42:17.340  2094 24900 D AudioFlinger: setParameters: filtered dev setParameters keyvalue screen_state=off
03-13 21:42:17.340  2105  2105 D SurfaceFlinger: Display 4630946564756762243 HWC layers:
03-13 21:42:17.340  2105  2105 D SurfaceFlinger: 
03-13 21:42:17.340  3003  3065 D WindowManager: DeferredDisplayUpdater: partially applying DisplayInfo(1080 x 2640) immediately
03-13 21:42:17.340  3003  3065 D BLASTSyncEngine: SyncGroup 11125:  Unfinished container: WindowToken{8004a5b type=2024 android.os.BinderProxy@d7bba75} mSyncState=2
03-13 21:42:17.341  4205  4205 I SubLauncher:SubLauncherStateManager@232606011: setGraphicClockStatusBarFontColorType: NONE -> NONE
03-13 21:42:17.341  3003  3687 D SGM:FgCheckThread: onLooperPrepared(), msg: MSG_LCD_OFF
03-13 21:42:17.341  3003  3687 D SGM:FgCheckThread: sendFocusOutConditionally() - mPrevNotiPkg: (unknown), userId: 0
03-13 21:42:17.341  3003  3065 D WindowManager: DeferredDisplayUpdater: applying DisplayInfo(748 x 720) immediately
03-13 21:42:17.341  3003  3065 V WindowManager: Content Recording: Display 1 state was (1), is now (1), so update recording?
03-13 21:42:17.341  3003  3065 D BLASTSyncEngine: SyncGroup 11125:  Unfinished container: WindowToken{8004a5b type=2024 android.os.BinderProxy@d7bba75} mSyncState=2
03-13 21:42:17.341 15873 15873 I VRI[InputMethod]@28ec110: onDisplayChanged oldDisplayState=2 newDisplayState=1
03-13 21:42:17.341  1992 15104 D AHAL: AudioDevice: SetParameters: 1865: enter
03-13 21:42:17.341  1992 15104 D AHAL: AudioVoice: VoiceSetParameters: 200: Enter
03-13 21:42:17.341  1992 15104 D AHAL: AudioVoice: VoiceSetParameters: 479: Exit ret: 0
03-13 21:42:17.341  1992 15104 D AHAL: hfp: hfp_set_parameters: 444: enter
03-13 21:42:17.341  1992 15104 D AHAL: AudioDevice: SetParameters: 1948:  - screen = off
03-13 21:42:17.341  1992 15104 I PAL: ResourceManager: setParameter: 10683: Screen State:0
03-13 21:42:17.341  1992 15104 D AHAL: AudioDevice: SetParameters: 2798: exit: screen_state=off
03-13 21:42:17.342  6239  6239 I VRI[OnboardingActivity]@7b65a5f: onDisplayChanged oldDisplayState=1 newDisplayState=1
03-13 21:42:17.342  3003  3910 I CAE     : handleMessage(CaPowerManager.java:226) - AP_SLEEP
03-13 21:42:17.342  4205  4267 I VRI[ShellDropTarget]@a0b4a8f: onDisplayChanged oldDisplayState=2 newDisplayState=1
03-13 21:42:17.342  3003  3910 I CAE     : updateApPowerStatus(SensorHubParserProvider.java:461) - AP_SLEEP
03-13 21:42:17.342  3003  3910 I CAE     : getContextType(FreeFallDetection.java:25) - FFD getContextType
03-13 21:42:17.342  4205  4267 I VRI[View root of ReusableWindowDecorViewHost#0]@15d66b2: onDisplayChanged oldDisplayState=2 newDisplayState=1
03-13 21:42:17.342  4205  4267 I VRI[View root of ReusableWindowDecorViewHost#1]@d4195f3: onDisplayChanged oldDisplayState=2 newDisplayState=1
03-13 21:42:17.342  4205  4881 I VRI[ScreenDecorOverlayCover]@cddcdb0: onDisplayChanged oldDisplayState=1 newDisplayState=1
03-13 21:42:17.342  3003  5976 D LiftUpHandler: [LTW]  Settings Lift to wake: enable = 0
03-13 21:42:17.342  3003  5976 D LiftUpHandler: [LTW] Running already.
03-13 21:42:17.342  4205  4205 I NotificationIconsOnlyContainer: updateIconColor() : B3000000, 
03-13 21:42:17.342  4205  4205 D PluginAODManager: requestVisibleNotifications()
03-13 21:42:17.342  4205  4205 I AODNotificationManager: setTagId() 2131365301
03-13 21:42:17.342  4205  4205 I LockscreenNotificationManager: refreshLockScreenNotifications: AOD_REQUEST_NOTIFICATIONS
03-13 21:42:17.342  4205  4205 I SubLauncher:SubLauncherStateManager@232606011: setNotiCountText: 7 -> 
03-13 21:42:17.342  4205  4205 I SubLauncher:SubLauncherNotificationIconsOnlyController: clockView or notiCount is changed set notiCount=
03-13 21:42:17.342  4205  4205 I SubLauncher:SubLauncherClockStatusBarController@43446542: batteryVisible:8 isFolderClosed:true batteryVisibility:8 isInformativeClock:false showInformativeAODBattery:false isDozing:false isChargingVIProcessing:false curIsChargingVIProcessing:false
03-13 21:42:17.342  4205  4205 I SubLauncher:SubLauncherClockStatusBarController@43446542: updateBatteryVisibility curIsChargingVIProcessing:false isChargingVIProcessing:false isCharging:true batteryVisible:8
03-13 21:42:17.342  4205  4205 I SubLauncher:SubLauncherClockController@19943652: onTick()
03-13 21:42:17.342  4205  4205 I ModuleClockView_SUB_LAUNCHER_1@80: refresh : true
03-13 21:42:17.342  4205  4205 I ModuleClockView_SUB_LAUNCHER_1@80: onTimeChanged : [DateTimeInfo : date = Fri, March 13, hourMin = 9:42, hourMinSec = , hour = 9, minute = 42, amPm  = PM, colon = :, second = , timezone = null, isLeftOfAmPm = false, ttsDate = Friday, March 13], timeInMillis = 1773452537342
03-13 21:42:17.342  4205  4205 I ModuleClockView_SUB_LAUNCHER_1@80: updatePaletteItemTransition : paletteItem = SOLID color : FF4E2A23, animation = false, dozeAmount = 0.0
03-13 21:42:17.342  4205  4205 I DigitalVerticalClockView_SUB_LAUNCHER_1@57: refresh : true
03-13 21:42:17.342  3003  3911 D SensorService: setSContextDataLocked ints length 2 , byte length 4
03-13 21:42:17.342  3003  3911 D SensorService: setSContextDataLocked d20db4
03-13 21:42:17.343  4205  4205 I DigitalVerticalClockView_SUB_LAUNCHER_1@57: onTimeChanged : [DateTimeInfo : date = Fri, March 13, hourMin = 9:42, hourMinSec = , hour = 9, minute = 42, amPm  = PM, colon = :, second = , timezone = null, isLeftOfAmPm = false, ttsDate = Friday, March 13], timeInMillis = 1773452537342
03-13 21:42:17.343  4205  4205 I DigitalVerticalClockView_SUB_LAUNCHER_1@57: updatePaletteItemTransition : paletteItem = SOLID color : FF4E2A23, animation = false, dozeAmount = 0.0
03-13 21:42:17.343  4205  4205 I SubScreenPositionControllerImpl[SUB_CLOCK_AOD]: getNextDirection: mHorizontalDirection = RIGHT, mVerticalDirection = DOWN
03-13 21:42:17.343  4205  4205 I SubScreenPositionControllerImpl[SUB_CLOCK_AOD]: updateCurrentPosition: horizontalDistance = 2, verticalDistance = 3, mHorizontalMoveCount = 1
03-13 21:42:17.343  4205  4205 I SubScreenPositionControllerImpl[SUB_CLOCK_AOD]: updateCurrentPosition: mCurPoint = Point(8, 28), mRange = Rect(-27, -59 - 27, 59)
03-13 21:42:17.343  4205  4205 I SubScreenPositionControllerImpl[SUB_CLOCK_AOD]: setAODFinalPosition() mAODFinalPosition = [8,28], offset[Point(0, 0)]
03-13 21:42:17.343  4205  4205 I SubScreenPositionControllerImpl[SUB_CLOCK_AOD]: updatePosition: mCurPoint = Point(8, 28), mRange = Rect(-27, -59 - 27, 59), count = 2, interval = 10, offset= Point(0, 0)
03-13 21:42:17.343  4205  4205 I SubScreenPositionControllerImpl[SUB_CLOCK_AOD]: getRandomFinalPosition() [8,28]
03-13 21:42:17.343  4205  4205 I SubLauncher:SubLauncherStateManager@232606011: setClockDozePosition: Point(6, 25) -> Point(8, 28)
03-13 21:42:17.343  4205  4205 I SubScreenPositionControllerImpl[SUB_STATUS_BAR_NOTI]: getNextDirection: mHorizontalDirection = RIGHT, mVerticalDirection = DOWN
03-13 21:42:17.343  4205  4205 I SubScreenPositionControllerImpl[SUB_STATUS_BAR_NOTI]: updateCurrentPosition: horizontalDistance = 2, verticalDistance = 3, mHorizontalMoveCount = 1
03-13 21:42:17.343  4205  4205 I SubScreenPositionControllerImpl[SUB_STATUS_BAR_NOTI]: updateCurrentPosition: mCurPoint = Point(9, -3), mRange = Rect(0, -11 - 22, 11)
03-13 21:42:17.343  4205  4205 I SubScreenPositionControllerImpl[SUB_STATUS_BAR_NOTI]: setAODFinalPosition() mAODFinalPosition = [9,-3], offset[Point(0, 0)]
03-13 21:42:17.343  4205  4205 I SubScreenPositionControllerImpl[SUB_STATUS_BAR_NOTI]: updatePosition: mCurPoint = Point(9, -3), mRange = Rect(0, -11 - 22, 11), count = 2, interval = 10, offset= Point(0, 0)
03-13 21:42:17.343  4205  4205 I SubScreenPositionControllerImpl[SUB_STATUS_BAR_BATTERY]: getNextDirection: mHorizontalDirection = RIGHT, mVerticalDirection = DOWN
03-13 21:42:17.343  4205  4205 I SubScreenPositionControllerImpl[SUB_STATUS_BAR_BATTERY]: updateCurrentPosition: horizontalDistance = 2, verticalDistance = 3, mHorizontalMoveCount = 1
03-13 21:42:17.343  4205  4205 I SubScreenPositionControllerImpl[SUB_STATUS_BAR_BATTERY]: updateCurrentPosition: mCurPoint = Point(-2, -2), mRange = Rect(-22, -11 - 0, 11)
03-13 21:42:17.343  4205  4205 I SubScreenPositionControllerImpl[SUB_STATUS_BAR_BATTERY]: setAODFinalPosition() mAODFinalPosition = [-2,-2], offset[Point(0, 0)]
03-13 21:42:17.343  4205  4205 I SubScreenPositionControllerImpl[SUB_STATUS_BAR_BATTERY]: updatePosition: mCurPoint = Point(-2, -2), mRange = Rect(-22, -11 - 0, 11), count = 2, interval = 10, offset= Point(0, 0)
03-13 21:42:17.343  4205  4205 I SubScreenPositionControllerImpl[SUB_STATUS_BAR_NOTI]: getRandomFinalPosition() [9,-3]
