03-11 14:32:15.670  3163  3203 W PackageManager: Missing required system package: com.realbyteapps.moneymanagerfree, but found with extended search.
03-11 14:32:15.670  3163  3203 W PackageManager: Missing required system package: com.rarewire.forever21, but found with extended search.
03-11 14:32:15.670  3163  3203 W PackageManager: Missing required system package: com.q2e.firsttradeunionbank3351.mobile.production, but found with extended search.
03-11 14:32:15.670  3163  3203 W PackageManager: Missing required system package: com.poshmark.app, but found with extended search.
03-11 14:32:15.670  3163  3203 W PackageManager: Missing required system package: com.poqstudio.app.platform.boohoo, but found with extended search.
03-11 14:32:15.670  3163  3203 W PackageManager: Missing required system package: com.podcast.podcasts, but found with extended search.
03-11 14:32:15.670  3163  3203 W PackageManager: Missing required system package: com.phonepe.app, but found with extended search.
03-11 14:32:15.670  3163  3203 W PackageManager: Missing required system package: com.personalcapital.pcapandroid, but found with extended search.
03-11 14:32:15.670  3163  3203 W PackageManager: Missing required system package: com.peacocktv.peacockandroid, but found with extended search.
03-11 14:32:15.670  3163  3203 W PackageManager: Missing required system package: com.payoneer.android, but found with extended search.
03-11 14:32:15.670  3163  3203 W PackageManager: Missing required system package: com.particlenews.newsbreak, but found with extended search.
03-11 14:32:15.670  3163  3203 W PackageManager: Missing required system package: com.parkwhiz.driverApp, but found with extended search.
03-11 14:32:15.670  3163  3203 W PackageManager: Missing required system package: com.opentable, but found with extended search.
03-11 14:32:15.670  3163  3203 W PackageManager: Missing required system package: com.openai.chatgpt, but found with extended search.
03-11 14:32:15.670  3163  3203 W PackageManager: Missing required system package: com.onedebit.chime, but found with extended search.
03-11 14:32:15.670  3163  3203 W PackageManager: Missing required system package: com.olo.dairyqueen.production, but found with extended search.
03-11 14:32:15.670  3163  3203 W PackageManager: Missing required system package: com.nike.omega, but found with extended search.
03-11 14:32:15.670  3163  3203 W PackageManager: Missing required system package: com.newsbreak.crimeradar, but found with extended search.
03-11 14:32:15.670  3163  3203 W PackageManager: Missing required system package: com.newleaf.app.android.victor, but found with extended search.
03-11 14:32:15.670  3163  3203 W PackageManager: Missing required system package: com.newegg.app, but found with extended search.
03-11 14:32:15.670  3163  3203 W PackageManager: Missing required system package: com.myklarnamobile, but found with extended search.
03-11 14:32:15.671  3163  3203 W PackageManager: Missing required system package: com.mta.mobileapp, but found with extended search.
03-11 14:32:15.671  3163  3203 W PackageManager: Missing required system package: com.moneylion, but found with extended search.
03-11 14:32:15.671  3163  3203 W PackageManager: Missing required system package: com.mobilecreditcards, but found with extended search.
03-11 14:32:15.671  3163  3203 W PackageManager: Missing required system package: com.mobilaurus.wingstopandroid, but found with extended search.
03-11 14:32:15.671  3163  3203 W PackageManager: Missing required system package: com.microsoft.copilot, but found with extended search.
03-11 14:32:15.671  3163  3203 W PackageManager: Missing required system package: com.meesho.supply, but found with extended search.
03-11 14:32:15.671  3163  3203 W PackageManager: Missing required system package: com.mcdonalds.app, but found with extended search.
03-11 14:32:15.671  3163  3203 W PackageManager: Missing required system package: com.maps.radar.navigation.android2023, but found with extended search.
03-11 14:32:15.671  3163  3203 W PackageManager: Missing required system package: com.macys.android, but found with extended search.
03-11 14:32:15.678  5625  5625 I Channel.Remote: [de8362611079428da312381e6bb8b50c|com.motorola.personalize] Keep channel connection alive false by 4
03-11 14:32:15.678  3163  3203 W PackageManager: Missing required system package: com.m1finance.android, but found with extended search.
03-11 14:32:15.678  3163  3203 W PackageManager: Missing required system package: com.lowes.android, but found with extended search.
03-11 14:32:15.678  3163  3203 W PackageManager: Missing required system package: com.littlecaesars, but found with extended search.
03-11 14:32:15.678  3163  3203 W PackageManager: Missing required system package: com.linkedin.android, but found with extended search.
03-11 14:32:15.678  3163  3203 W PackageManager: Missing required system package: com.lemon.lvoverseas, but found with extended search.
03-11 14:32:15.679  3163  3203 W PackageManager: Missing required system package: com.kohls.mcommerce.opal, but found with extended search.
03-11 14:32:15.679  3163  3203 W PackageManager: Missing required system package: com.kinpos.wallytech, but found with extended search.
03-11 14:32:15.679  3163  3203 W PackageManager: Missing required system package: com.kfc.us.mobile, but found with extended search.
03-11 14:32:15.679  3163  3203 W PackageManager: Missing required system package: com.joom, but found with extended search.
03-11 14:32:15.679  3163  3203 W PackageManager: Missing required system package: com.instagram.barcelona, but found with extended search.
03-11 14:32:15.679  3163  3203 W PackageManager: Missing required system package: com.instagram.android, but found with extended search.
03-11 14:32:15.679  3163  3203 W PackageManager: Missing required system package: com.instacart.client, but found with extended search.
03-11 14:32:15.679  3163  3203 W PackageManager: Missing required system package: com.inmobi.weather, but found with extended search.
03-11 14:32:15.679  3163  3203 W PackageManager: Missing required system package: com.infraware.office.link, but found with extended search.
03-11 14:32:15.679  3163  3203 W PackageManager: Missing required system package: com.inditex.zara, but found with extended search.
03-11 14:32:15.679  3163  3203 W PackageManager: Missing required system package: com.hollar.android, but found with extended search.
03-11 14:32:15.679  3163  3203 W PackageManager: Missing required system package: com.hm.goe, but found with extended search.
03-11 14:32:15.679  3163  3203 W PackageManager: Missing required system package: com.guardian, but found with extended search.
03-11 14:32:15.679  3163  3203 W PackageManager: Missing required system package: com.grubhub.android, but found with extended search.
03-11 14:32:15.679  3163  3203 W PackageManager: Missing required system package: com.groupon, but found with extended search.
03-11 14:32:15.679  3163  3203 W PackageManager: Missing required system package: com.google.android.apps.fitness, but found with extended search.
03-11 14:32:15.679  3163  3203 W PackageManager: Missing required system package: com.google.android.apps.chromecast.app, but found with extended search.
03-11 14:32:15.679  3163  3203 W PackageManager: Missing required system package: com.google.android.apps.adm, but found with extended search.
03-11 14:32:15.679  3163  3203 W PackageManager: Missing required system package: com.freecash.app2, but found with extended search.
03-11 14:32:15.679  3163  3203 W PackageManager: Missing required system package: com.foxnews.android, but found with extended search.
03-11 14:32:15.679  3163  3203 W PackageManager: Missing required system package: com.flipkart.android, but found with extended search.
03-11 14:32:15.679  3163  3203 W PackageManager: Missing required system package: com.facebook.katana, but found with extended search.
03-11 14:32:15.679  3163  3203 W PackageManager: Missing required system package: com.etsy.android, but found with extended search.
03-11 14:32:15.680  3163  3203 W PackageManager: Missing required system package: com.etrade.mobilepro.activity, but found with extended search.
03-11 14:32:15.680  3163  3203 W PackageManager: Missing required system package: com.emn8.mobilem8.nativeapp.popeyes, but found with extended search.
03-11 14:32:15.680  3163  3203 W PackageManager: Missing required system package: com.emn8.mobilem8.nativeapp.bk, but found with extended search.
03-11 14:32:15.680  3163  3203 W PackageManager: Missing required system package: com.einnovation.temu, but found with extended search.
03-11 14:32:15.680  3163  3203 W PackageManager: Missing required system package: com.ebay.motorsapp, but found with extended search.
03-11 14:32:15.680  3163  3203 W PackageManager: Missing required system package: com.ebay.mobile, but found with extended search.
03-11 14:32:15.680  3163  3203 W PackageManager: Missing required system package: com.dutchbros.loyalty, but found with extended search.
03-11 14:32:15.680  3163  3203 W PackageManager: Missing required system package: com.dunkinbrands.otgo, but found with extended search.
03-11 14:32:15.680  3163  3203 W PackageManager: Missing required system package: com.duckduckgo.mobile.android, but found with extended search.
03-11 14:32:15.680  3163  3203 W PackageManager: Missing required system package: com.doordash.driverapp, but found with extended search.
03-11 14:32:15.680  3163  3203 W PackageManager: Missing required system package: com.dominospizza, but found with extended search.
03-11 14:32:15.680  3163  3203 W PackageManager: Missing required system package: com.divvypay.Divvy, but found with extended search.
03-11 14:32:15.680  3163  3203 W PackageManager: Missing required system package: com.disney.disneystore_goo, but found with extended search.
03-11 14:32:15.680  3163  3203 W PackageManager: Missing required system package: com.dd.doordash, but found with extended search.
03-11 14:32:15.681  3163  3203 W PackageManager: Missing required system package: com.dayspringtech.envelopes, but found with extended search.
03-11 14:32:15.681  3163  3203 W PackageManager: Missing required system package: com.coulombtech, but found with extended search.
03-11 14:32:15.681  3163  3203 W PackageManager: Missing required system package: com.costco.app.android, but found with extended search.
03-11 14:32:15.681  3163  3203 W PackageManager: Missing required system package: com.contextlogic.wish, but found with extended search.
03-11 14:32:15.681  3163  3203 W PackageManager: Missing required system package: com.coinbase.android, but found with extended search.
03-11 14:32:15.681  3163  3203 W PackageManager: Missing required system package: com.cnn.mobile.android.phone, but found with extended search.
03-11 14:32:15.681  3163  3203 W PackageManager: Missing required system package: com.clubhouse.app, but found with extended search.
03-11 14:32:15.681  3163  3203 W PackageManager: Missing required system package: com.citymapper.app.release, but found with extended search.
03-11 14:32:15.681  3163  3203 W PackageManager: Missing required system package: com.citi.citimobile, but found with extended search.
03-11 14:32:15.681  3163  3203 W PackageManager: Missing required system package: com.chipotle.ordering, but found with extended search.
03-11 14:32:15.681  3163  3203 W PackageManager: Missing required system package: com.chickfila.cfaflagship, but found with extended search.
03-11 14:32:15.681  3163  3203 W PackageManager: Missing required system package: com.checkitt, but found with extended search.
03-11 14:32:15.681  3163  3203 W PackageManager: Missing required system package: com.chase.sig.android, but found with extended search.
03-11 14:32:15.681  5625  5625 W WindowOnBackDispatcher: sendCancelIfRunning: isInProgress=false callback=com.android.systemui.back.domain.interactor.BackActionInteractor$callback$2@ea6953b
03-11 14:32:15.681  3163  3203 W PackageManager: Missing required system package: com.buxfer.app, but found with extended search.
03-11 14:32:15.681  3163  3203 W PackageManager: Missing required system package: com.buffalowildwings.blazinrewards, but found with extended search.
03-11 14:32:15.681  3163  3203 W PackageManager: Missing required system package: com.bp.app.bpme.global.ros, but found with extended search.
03-11 14:32:15.681  3163  3203 W PackageManager: Missing required system package: com.booking, but found with extended search.
03-11 14:32:15.681  3163  3203 W PackageManager: Missing required system package: com.bigbasket.mobileapp, but found with extended search.
03-11 14:32:15.681  3163  3203 W PackageManager: Missing required system package: com.bhphoto, but found with extended search.
03-11 14:32:15.681  3163  3203 W PackageManager: Missing required system package: com.bestbuy.android, but found with extended search.
03-11 14:32:15.681  3163  3203 W PackageManager: Missing required system package: com.autonavi.minimap, but found with extended search.
03-11 14:32:15.681  3163  3203 W PackageManager: Missing required system package: com.app.tgtg, but found with extended search.
03-11 14:32:15.681  3163  3203 W PackageManager: Missing required system package: com.amazon.mShop.android.shopping, but found with extended search.
03-11 14:32:15.682  3163  3203 W PackageManager: Missing required system package: com.alibaba.aliexpresshd, but found with extended search.
03-11 14:32:15.682  3163  3203 W PackageManager: Missing required system package: com.adidas.app, but found with extended search.
03-11 14:32:15.682  3163  3203 W PackageManager: Missing required system package: com.acorns.early, but found with extended search.
03-11 14:32:15.682  3163  3203 W PackageManager: Missing required system package: com.acorns.android, but found with extended search.
03-11 14:32:15.682  3163  3203 W PackageManager: Missing required system package: com.Splitwise.SplitwiseMobile, but found with extended search.
03-11 14:32:15.682  3163  3203 W PackageManager: Missing required system package: app.simple.com, but found with extended search.
03-11 14:32:15.682  3163  3203 W PackageManager: Missing required system package: app.organicmaps, but found with extended search.
03-11 14:32:15.682  3163  3203 W PackageManager: Missing required system package: tv.pluto.android, but found with extended search.
03-11 14:32:15.682  2064  2064 I sensors-hal: batch:206, android.sensor.pressure/61, period=100000000, max_latency=0
03-11 14:32:15.682  3163  3203 W PackageManager: Missing required system package: net.sharewire.parkmobilev2, but found with extended search.
03-11 14:32:15.682  2064  2064 I sensors-hal: set_config:57, sample_period_ns is adjusted to 100000000 based on min/max delay_ns
03-11 14:32:15.683  2064  2064 I sensors-hal: batch:215, android.sensor.pressure/61, period=100000000, max_latency=0 request completed
03-11 14:32:15.683  3163  3203 W PackageManager: Missing required system package: digit.android, but found with extended search.
03-11 14:32:15.683  3163  3203 W PackageManager: Missing required system package: com.walmart.android, but found with extended search.
03-11 14:32:15.683  3163  3203 W PackageManager: Missing required system package: com.uniqlo.usa.catalogue, but found with extended search.
03-11 14:32:15.683  3163  3203 W PackageManager: Missing required system package: com.ubercab.eats, but found with extended search.
03-11 14:32:15.683  3163  3203 W PackageManager: Missing required system package: com.tubitv, but found with extended search.
03-11 14:32:15.683  3163  7479 D CoreBackPreview: Window{e1d6d9e u0 NotificationShade}: Setting back callback null
03-11 14:32:15.683  6668  6845 D com.tiktok.appevents.TTRequest: {"code":0,"data":{"business_sdk_config":{"auto_track_Install_enable":true,"auto_track_Launch_enable":true,"auto_track_Payment_enable":true,"auto_track_Retention_enable":true,"available_version":"v1.2","crash_monitor_enable":true,"domain":"analytics.us.tiktok.com","enable_debug_info":true,"enable_debug_mode":false,"enable_sdk":true,"enhanced_data_postback_native_config":{"button_black_list":["UnityView","com.unity3d.player.UnityPlayer"],"enable_app_launch_track":true,"enable_click_track":true,"enable_page_show_track":true,"enable_pay_show_track":true,"enable_sdk":false,"enable_sync_get_touch_position":true,"enable_webview_request_track":false,"page_detail_upload_deep_count":12,"report_frequency_control":1,"sensig_filtering_regex_list":["([a-zA-Z0-9._-]+@[a-zA-Z0-9._-]+\\.[a-zA-Z0-9._-]+)|(\\+?0?86-?)?1[3-9]\\d{9}|(\\+\\d{1,2}\\s?)?\\(?\\d{3}\\)?[\\s.-]?\\d{3}[\\s.-]?\\d{4}"],"sensig_filtering_regex_version":1,"time_diff_frequency_control":0.3},"enhanced_data_postback_unity_config":{"but
03-11 14:32:15.683  6668  6845 D com.tiktok.appevents.TTRequest: ton_black_list":[],"enable_click_track":true,"enable_resource_track":false,"enable_scene_track":true,"enable_sdk":false,"page_detail_upload_deep_count":12,"report_frequency_control":1,"sensig_filtering_regex_list":["([a-zA-Z0-9._-]+@[a-zA-Z0-9._-]+\\.[a-zA-Z0-9._-]+)|(\\+?0?86-?)?1[3-9]\\d{9}|(\\+\\d{1,2}\\s?)?\\(?\\d{3}\\)?[\\s.-]?\\d{3}[\\s.-]?\\d{4}"],"sensig_filtering_regex_version":1,"time_diff_frequency_control":0.3},"non_tracking_domain":"analytics.us.tiktok.com","skan4_exchange_err_report_rate":0.01,"tracking_domain":"analytics-tracksafe.tiktokads.us"}},"message":"OK","request_id":"20260311183215022A595CDE304DBFBECF"}
03-11 14:32:15.683  3163  3203 W PackageManager: Missing required system package: com.thetransitapp.droid, but found with extended search.
03-11 14:32:15.683  3163  3203 W PackageManager: Missing required system package: com.thehomedepot, but found with extended search.
03-11 14:32:15.683  3163  3203 W PackageManager: Missing required system package: com.target.ui, but found with extended search.
03-11 14:32:15.683  6668  6845 I com.tiktok.appevents.TTRequest: Global config fetched: {
03-11 14:32:15.683  6668  6845 I com.tiktok.appevents.TTRequest:     "business_sdk_config": {
03-11 14:32:15.683  6668  6845 I com.tiktok.appevents.TTRequest:         "auto_track_Install_enable": true,
03-11 14:32:15.683  6668  6845 I com.tiktok.appevents.TTRequest:         "auto_track_Launch_enable": true,
03-11 14:32:15.683  6668  6845 I com.tiktok.appevents.TTRequest:         "auto_track_Payment_enable": true,
03-11 14:32:15.683  6668  6845 I com.tiktok.appevents.TTRequest:         "auto_track_Retention_enable": true,
03-11 14:32:15.683  6668  6845 I com.tiktok.appevents.TTRequest:         "available_version": "v1.2",
03-11 14:32:15.683  6668  6845 I com.tiktok.appevents.TTRequest:         "crash_monitor_enable": true,
03-11 14:32:15.683  6668  6845 I com.tiktok.appevents.TTRequest:         "domain": "analytics.us.tiktok.com",
03-11 14:32:15.683  6668  6845 I com.tiktok.appevents.TTRequest:         "enable_debug_info": true,
03-11 14:32:15.683  6668  6845 I com.tiktok.appevents.TTRequest:         "enable_debug_mode": false,
03-11 14:32:15.683  6668  6845 I com.tiktok.appevents.TTRequest:         "enable_sdk": true,
03-11 14:32:15.683  6668  6845 I com.tiktok.appevents.TTRequest:         "enhanced_data_postback_native_config": {
03-11 14:32:15.683  6668  6845 I com.tiktok.appevents.TTRequest:             "button_black_list": [
03-11 14:32:15.683  6668  6845 I com.tiktok.appevents.TTRequest:                 "UnityView",
03-11 14:32:15.683  6668  6845 I com.tiktok.appevents.TTRequest:                 "com.unity3d.player.UnityPlayer"
03-11 14:32:15.683  6668  6845 I com.tiktok.appevents.TTRequest:             ],
03-11 14:32:15.683  6668  6845 I com.tiktok.appevents.TTRequest:             "enable_app_launch_track": true,
03-11 14:32:15.683  6668  6845 I com.tiktok.appevents.TTRequest:             "enable_click_track": true,
03-11 14:32:15.683  6668  6845 I com.tiktok.appevents.TTRequest:             "enable_page_show_track": true,
03-11 14:32:15.683  6668  6845 I com.tiktok.appevents.TTRequest:             "enable_pay_show_track": true,
03-11 14:32:15.683  6668  6845 I com.tiktok.appevents.TTRequest:             "enable_sdk": false,
03-11 14:32:15.683  6668  6845 I com.tiktok.appevents.TTRequest:             "enable_sync_get_touch_position": true,
03-11 14:32:15.683  6668  6845 I com.tiktok.appevents.TTRequest:             "enable_webview_request_track": false,
03-11 14:32:15.683  6668  6845 I com.tiktok.appevents.TTRequest:             "page_detail_upload_deep_count": 12,
03-11 14:32:15.683  6668  6845 I com.tiktok.appevents.TTRequest:             "report
03-11 14:32:15.683  3163  3203 W PackageManager: Missing required system package: com.starbucks.mobilecard, but found with extended search.
03-11 14:32:15.683  6668  6845 I com.tiktok.appevents.TTRequest: _frequency_control": 1,
03-11 14:32:15.683  6668  6845 I com.tiktok.appevents.TTRequest:             "sensig_filtering_regex_list": [
03-11 14:32:15.683  6668  6845 I com.tiktok.appevents.TTRequest:                 "([a-zA-Z0-9._-]+@[a-zA-Z0-9._-]+\\.[a-zA-Z0-9._-]+)|(\\+?0?86-?)?1[3-9]\\d{9}|(\\+\\d{1,2}\\s?)?\\(?\\d{3}\\)?[\\s.-]?\\d{3}[\\s.-]?\\d{4}"
03-11 14:32:15.683  6668  6845 I com.tiktok.appevents.TTRequest:             ],
03-11 14:32:15.683  6668  6845 I com.tiktok.appevents.TTRequest:             "sensig_filtering_regex_version": 1,
03-11 14:32:15.683  6668  6845 I com.tiktok.appevents.TTRequest:             "time_diff_frequency_control": 0.3
03-11 14:32:15.683  6668  6845 I com.tiktok.appevents.TTRequest:         },
03-11 14:32:15.683  6668  6845 I com.tiktok.appevents.TTRequest:         "enhanced_data_postback_unity_config": {
03-11 14:32:15.683  6668  6845 I com.tiktok.appevents.TTRequest:             "button_black_list": [],
03-11 14:32:15.683  6668  6845 I com.tiktok.appevents.TTRequest:             "enable_click_track": true,
03-11 14:32:15.683  6668  6845 I com.tiktok.appevents.TTRequest:             "enable_resource_track": false,
03-11 14:32:15.683  6668  6845 I com.tiktok.appevents.TTRequest:             "enable_scene_track": true,
03-11 14:32:15.683  6668  6845 I com.tiktok.appevents.TTRequest:             "enable_sdk": false,
03-11 14:32:15.683  6668  6845 I com.tiktok.appevents.TTRequest:             "page_detail_upload_deep_count": 12,
03-11 14:32:15.683  6668  6845 I com.tiktok.appevents.TTRequest:             "report_frequency_control": 1,
03-11 14:32:15.683  6668  6845 I com.tiktok.appevents.TTRequest:             "sensig_filtering_regex_list": [
03-11 14:32:15.683  6668  6845 I com.tiktok.appevents.TTRequest:                 "([a-zA-Z0-9._-]+@[a-zA-Z0-9._-]+\\.[a-zA-Z0-9._-]+)|(\\+?0?86-?)?1[3-9]\\d{9}|(\\+\\d{1,2}\\s?)?\\(?\\d{3}\\)?[\\s.-]?\\d{3}[\\s.-]?\\d{4}"
03-11 14:32:15.683  6668  6845 I com.tiktok.appevents.TTRequest:             ],
03-11 14:32:15.683  6668  6845 I com.tiktok.appevents.TTRequest:             "sensig_filtering_regex_version": 1,
03-11 14:32:15.683  6668  6845 I com.tiktok.appevents.TTRequest:             "time_diff_frequency_control": 0.3
03-11 14:32:15.683  6668  6845 I com.tiktok.appevents.TTRequest:     
03-11 14:32:15.683  6668  6845 I com.tiktok.appevents.TTRequest:     },
03-11 14:32:15.683  6668  6845 I com.tiktok.appevents.TTRequest:         "non_tracking_domain": "analytics.us.tiktok.com",
03-11 14:32:15.683  6668  6845 I com.tiktok.appevents.TTRequest:         "skan4_exchange_err_report_rate": 0.01,
03-11 14:32:15.683  6668  6845 I com.tiktok.appevents.TTRequest:         "tracking_domain": "analytics-tracksafe.tiktokads.us"
03-11 14:32:15.683  6668  6845 I com.tiktok.appevents.TTRequest:     }
03-11 14:32:15.683  6668  6845 I com.tiktok.appevents.TTRequest: }
03-11 14:32:15.683  3163  3203 W PackageManager: Missing required system package: com.squareup.cash, but found with extended search.
03-11 14:32:15.683  3163  3203 W PackageManager: Missing required system package: com.snapdeal.main, but found with extended search.
03-11 14:32:15.683  3163  3203 W PackageManager: Missing required system package: com.shopify.arrive, but found with extended search.
03-11 14:32:15.683  3163  3203 W PackageManager: Missing required system package: com.rfi.sams.android, but found with extended search.
03-11 14:32:15.683  3163  3203 W PackageManager: Missing required system package: com.remitly.androidapp, but found with extended search.
03-11 14:32:15.683  3163  3203 W PackageManager: Missing required system package: com.qapital, but found with extended search.
03-11 14:32:15.683  3163  3203 W PackageManager: Missing required system package: com.paypal.android.p2pmobile, but found with extended search.
03-11 14:32:15.683  3163  3203 W PackageManager: Missing required system package: com.overstock, but found with extended search.
03-11 14:32:15.683  3163  3203 W PackageManager: Missing required system package: com.opera.browser, but found with extended search.
03-11 14:32:15.683  3163  3203 W PackageManager: Missing required system package: com.nytimes.android, but found with extended search.
03-11 14:32:15.683  3163  3203 W PackageManager: Missing required system package: com.nordstrom.app, but found with extended search.
03-11 14:32:15.684  3163  3203 W PackageManager: Missing required system package: com.nextdoor, but found with extended search.
03-11 14:32:15.684  3163  3203 W PackageManager: Missing required system package: com.infonow.bofa, but found with extended search.
03-11 14:32:15.684  3163  3203 W PackageManager: Missing required system package: com.here.app.maps, but found with extended search.
03-11 14:32:15.684  6668  6845 D com.tiktok.appevents.TTAppEventLogger: enable_sdk=true
03-11 14:32:15.684  3163  3203 W PackageManager: Missing required system package: com.google.android.apps.walletnfcrel, but found with extended search.
03-11 14:32:15.684  6668  6845 D com.tiktok.appevents.TTAppEventLogger: available_version=v1.2
03-11 14:32:15.684  3163  3203 W PackageManager: Missing required system package: com.google.android.apps.magazines, but found with extended search.
03-11 14:32:15.684  3163  3203 W PackageManager: Missing required system package: com.google.android.apps.docs.editors.slides, but found with extended search.
03-11 14:32:15.684  3163  3203 W PackageManager: Missing required system package: com.google.android.apps.docs.editors.sheets, but found with extended search.
03-11 14:32:15.684  3163  3203 W PackageManager: Missing required system package: com.google.android.apps.docs.editors.docs, but found with extended search.
03-11 14:32:15.684  3163  3203 W PackageManager: Missing required system package: com.fusionmedia.investing, but found with extended search.
03-11 14:32:15.684  3163  3203 W PackageManager: Missing required system package: com.fidelity.android, but found with extended search.
03-11 14:32:15.684  3163  3203 W PackageManager: Missing required system package: com.expedia.bookings, but found with extended search.
03-11 14:32:15.684  3163  3203 W PackageManager: Missing required system package: com.depop, but found with extended search.
03-11 14:32:15.684  3163  3203 W PackageManager: Missing required system package: com.creditkarma.mobile, but found with extended search.
03-11 14:32:15.684  3163  3203 W PackageManager: Missing required system package: co.tapcart.app.id_CeeweiHh1L, but found with extended search.
03-11 14:32:15.684  6668  6845 D com.tiktok.appevents.TTAppEventLogger: Start flush, version 4 reason is TIMER
03-11 14:32:15.685  6668  6845 D com.tiktok.appevents.TTAppEventLogger: END flush, version 4 reason is TIMER
03-11 14:32:15.690  2195  2392 I SDM     : DisplayBase::SetDisplayState: active 0-0 state 0-0 pending_power_state_ 0
03-11 14:32:15.692  2214  2254 W ANDR-PERF-LM: FeatureState: readState() 151: warning: appName is NULL, returning default State
03-11 14:32:15.692  2214  2254 W ANDR-PERF-LM: FeatureState: readState() 151: warning: appName is NULL, returning default State
03-11 14:32:15.692  2214  2254 W ANDR-PERF-LM: FeatureState: readState() 151: warning: appName is NULL, returning default State
03-11 14:32:15.694 11449 11449 I OverviewComponentObserver: updateOverviewTargets: mIsHomeDisabled=false, isDefaultHomeNull=false, mIsDefaultHome=true
03-11 14:32:15.694  5625  5625 V KeyguardStatusViewController: onTimeChanged
03-11 14:32:15.697  2064  8418 I sensors-hal: handle_indication_realtime:467,  SCHED_FIFO(10) for qmi_cbk
03-11 14:32:15.698  2064  2064 I sensors-hal: activate:173, android.sensor.pressure/61 en=1
03-11 14:32:15.698  3163  7496 W UserManagerService: Requested status bar icon for non-badged user 0
03-11 14:32:15.699  2300  2300 W ComposerExtn: DisplayExtnImpl::SetEarlyWakeUpConfig: HWC Display 2 is not registered!
03-11 14:32:15.699  2300  2300 D SurfaceFlinger: Finished setting power mode 0 on display 4630947043778501763
03-11 14:32:15.699  2064  2064 I sensors-hal: get_qmi_debug_flag:239, support_qmi_debug : false
03-11 14:32:15.700  5625  5920 D Tile.ScreenshotTile: update state
03-11 14:32:15.701  2061  2108 E minksocket: MinkIPC_QRTR_Service: client with node 1 port 61f4 went down
03-11 14:32:15.701  2061  2108 E minksocket: MinkIPC_QRTR_Service: client with node 1 port 61f5 went down
03-11 14:32:15.701  3163  5308 D SurfaceControl: Excessive delay in setPowerMode()
03-11 14:32:15.701  3163  5308 D PowerManagerService: nativeSetPowerMode ret:false mode:9 enabled:true duration ms: 0
03-11 14:32:15.701  2061  2108 E minksocket: MinkIPC_QRTR_Service: client with node 1 port 61f6 went down
03-11 14:32:15.702  2064  2064 E Diag_Lib: diag: Diag_LSM_Init: invoked for pid: 2064 with init_count: 0
03-11 14:32:15.702  2064  2064 E Diag_Lib: diag:failed to connect to diag socket
03-11 14:32:15.702  2064  2064 E Diag_Lib:  Diag_LSM_Init: Failed to open handle to diag driver, error = 13
03-11 14:32:15.702  2064  2064 I sensors-hal: send_sensor_config_request:395, resampler is used, set resampler config
03-11 14:32:15.702  2064  2064 I sensors-hal: send_sync_sensor_request:341, send sync request
03-11 14:32:15.702  2061  2108 E minksocket: MinkIPC_QRTR_Service: client with node 1 port 61f7 went down
03-11 14:32:15.702  2064  2064 I sensors-hal: send_sync_sensor_request:367, wait for notification of response
03-11 14:32:15.703  3163  3352 I WindowManager: Display 0 turning on...
03-11 14:32:15.704  3163  3352 I DisplayBrightnessStrategySelector: Changing the DisplayBrightnessStrategy from ScreenOffBrightnessStrategy to InvalidBrightnessStrategy for display 0
03-11 14:32:15.704  2064  8566 I sensors-hal: ssc_conn_resp_cb:632, resp_value = 0
03-11 14:32:15.704  2064  2064 I sensors-hal: send_sync_sensor_request:373, takes 1 ms to receive the response with 0
03-11 14:32:15.704  3163  7496 D WindowManager: mKeyguardDelegate.ShowListener.onDrawn.
03-11 14:32:15.704  2064  2064 I sensors-hal: activate:184, android.sensor.pressure/61 en=1 completed
03-11 14:32:15.705  3163  3229 W WindowManager: Setting mKeyguardDrawComplete
03-11 14:32:15.705  8373  8438 W inertial-anchor: Triggering reinit due to mag declination change
03-11 14:32:15.705  8373  8438 W Looper  : Looper already prepared for this thread with a different value for the LOOPER_PREPARE_ALLOW_NON_CALLBACKS option.
03-11 14:32:15.707  8373  4992 W QAWalletSvc: No wallet cards to return. [CONTEXT service_id=79 ]
03-11 14:32:15.708  6668  6668 W onAccuracyChanged: Sensor android.sensor.rotation_vector has changed accuracy to 3
03-11 14:32:15.709  6668  6864 I Adapty_v3.9.1: INFO: CF-Cache-Status: DYNAMIC
03-11 14:32:15.709  6668  6864 V Adapty_v3.9.1: VERBOSE: Request is successful. https://api.adapty.io/api/v1/sdk/analytics/profiles/935e601f-b395-4206-a978-c2f7d2e5ba3d/ Response: {"data":{"type":"adapty_analytics_profile","id":"935e601f-b395-4206-a978-c2f7d2e5ba3d","attributes":{"app_id":"a6721f7e-52a2-49af-85da-3ce7b2d91c5e","profile_id":"935e601f-b395-4206-a978-c2f7d2e5ba3d","customer_user_id":null,"is_test_user":false,"total_revenue_usd":0.0,"segment_hash":"ef46db3751d8e999","timestamp":1773253901791,"paid_access_levels":null,"subscriptions":null,"non_subscriptions":null,"custom_attributes":{"tag":"onboarding"},"promotional_offer_eligibility":false,"introductory_offer_eligibility":true,"autoconsume":true}}}
03-11 14:32:15.710  3163  8251 W UserManagerService: Requested status bar icon for non-badged user 0
03-11 14:32:15.711  2064  2064 I sensors-hal: batch:206, android.sensor.light/51, period=250000000, max_latency=0
03-11 14:32:15.711  2064  2064 I sensors-hal: set_config:61, no need to adjust sample_period_ns due to reporting_mode = 2
03-11 14:32:15.711  2064  2064 I sensors-hal: batch:215, android.sensor.light/51, period=250000000, max_latency=0 request completed
03-11 14:32:15.711  2064  2064 I sensors-hal: activate:173, android.sensor.light/51 en=1
03-11 14:32:15.711  2064  2064 I sensors-hal: get_qmi_debug_flag:239, support_qmi_debug : false
03-11 14:32:15.714  2061  2108 E minksocket: MinkIPC_QRTR_Service: client with node 1 port 61f9 went down
03-11 14:32:15.715  2075  3713 E LocSvc_ApiV02: reportLocEvent:3882] Loc event report: 0 KlobucharIonoMode_valid:0: leapSec_valid:1: tauC_valid:1 featureStatusReport_valid: 0 featureStatusReport: 0
03-11 14:32:15.716  2075  3713 E LocSvc_ApiV02: reportSystemInfo:4405] system info type: 1, leap second valid: 1 current gps time:valid:1, week: 2409, msec: 325953657,current leap second:valid 1, seconds 18, next gps time: valid 0, week: 0, msec: 0,next leap second: valid 0, seconds 0
03-11 14:32:15.716  2061  2108 E minksocket: MinkIPC_QRTR_Service: client with node 1 port 61fa went down
03-11 14:32:15.717  2064  2064 E Diag_Lib: diag: Diag_LSM_Init: invoked for pid: 2064 with init_count: 0
03-11 14:32:15.717  2064  2064 E Diag_Lib: diag:failed to connect to diag socket
03-11 14:32:15.718  2064  2064 E Diag_Lib:  Diag_LSM_Init: Failed to open handle to diag driver, error = 13
03-11 14:32:15.718  2064  2064 I sensors-hal: send_sensor_config_request:463, dt=ambient_light: convert sample_period=250000000 to batch_period=250000
03-11 14:32:15.718  2064  2064 I sensors-hal: send_sync_sensor_request:341, send sync request
03-11 14:32:15.718  2064  2064 I sensors-hal: send_sync_sensor_request:367, wait for notification of response
03-11 14:32:15.718  2061  2108 E minksocket: MinkIPC_QRTR_Service: client with node 1 port 61fb went down
03-11 14:32:15.718  2061  2108 E minksocket: MinkIPC_QRTR_Service: client with node 1 port 61fc went down
03-11 14:32:15.719  2064  8571 I sensors-hal: ssc_conn_resp_cb:632, resp_value = 0
03-11 14:32:15.719  2064  2064 I sensors-hal: send_sync_sensor_request:373, takes 1 ms to receive the response with 0
03-11 14:32:15.719  2064  2064 I sensors-hal: activate:184, android.sensor.light/51 en=1 completed
03-11 14:32:15.720  2064  2064 I sensors-hal: flush:235, android.sensor.accelerometer/11
03-11 14:32:15.720  2064  2064 I sensors-hal: send_sync_sensor_request:341, send sync request
03-11 14:32:15.720  2064  2064 I sensors-hal: send_sync_sensor_request:367, wait for notification of response
03-11 14:32:15.720  2064  5194 I sensors-hal: ssc_conn_resp_cb:632, resp_value = 0
03-11 14:32:15.721  2064  2064 I sensors-hal: send_sync_sensor_request:373, takes 0 ms to receive the response with 0
03-11 14:32:15.721  2064  2064 I sensors-hal: flush:241, android.sensor.accelerometer/11 completed
03-11 14:32:15.722  2064  2064 I sensors-hal: batch:206, android.sensor.accelerometer/11, period=10000000, max_latency=0
03-11 14:32:15.722  2064  2064 I sensors-hal: set_config:57, sample_period_ns is adjusted to 10000000 based on min/max delay_ns
03-11 14:32:15.722  2064  2064 I sensors-hal: send_sensor_config_request:395, resampler is used, set resampler config
03-11 14:32:15.722  2064  2064 I sensors-hal: send_sync_sensor_request:341, send sync request
03-11 14:32:15.722  2064  2064 I sensors-hal: send_sync_sensor_request:367, wait for notification of response
03-11 14:32:15.722  2064  5194 I sensors-hal: ssc_conn_resp_cb:632, resp_value = 0
03-11 14:32:15.722  2064  2064 I sensors-hal: send_sync_sensor_request:373, takes 0 ms to receive the response with 0
03-11 14:32:15.723  2064  2064 I sensors-hal: batch:215, android.sensor.accelerometer/11, period=10000000, max_latency=0 request completed
03-11 14:32:15.723  2064  2064 I sensors-hal: batch:206, com.motorola.sensor.alternate_light/65959, period=250000000, max_latency=0
03-11 14:32:15.723  2064  2064 I sensors-hal: set_config:61, no need to adjust sample_period_ns due to reporting_mode = 2
03-11 14:32:15.723  2064  2064 I sensors-hal: batch:215, com.motorola.sensor.alternate_light/65959, period=250000000, max_latency=0 request completed
03-11 14:32:15.727  2064  2064 I sensors-hal: activate:173, com.motorola.sensor.alternate_light/65959 en=1
03-11 14:32:15.727  2064  2064 I sensors-hal: get_qmi_debug_flag:239, support_qmi_debug : false
03-11 14:32:15.728  2061  2108 E minksocket: MinkIPC_QRTR_Service: client with node 1 port 61fe went down
03-11 14:32:15.729  2061  2108 E minksocket: MinkIPC_QRTR_Service: client with node 1 port 61ff went down
03-11 14:32:15.729  2061  2108 E minksocket: MinkIPC_QRTR_Service: client with node 1 port 6200 went down
03-11 14:32:15.729  2064  2064 E Diag_Lib: diag: Diag_LSM_Init: invoked for pid: 2064 with init_count: 0
03-11 14:32:15.729  2064  2064 E Diag_Lib: diag:failed to connect to diag socket
03-11 14:32:15.729  2064  2064 E Diag_Lib:  Diag_LSM_Init: Failed to open handle to diag driver, error = 13
03-11 14:32:15.729  2300  2300 E Scheduler: trackPendingFrame: Invalid present fence
03-11 14:32:15.729  2064  2064 I sensors-hal: send_sensor_config_request:463, dt=ambient_light_1: convert sample_period=250000000 to batch_period=250000
03-11 14:32:15.730  2064  2064 I sensors-hal: send_sync_sensor_request:341, send sync request
03-11 14:32:15.730  2061  2108 E minksocket: MinkIPC_QRTR_Service: client with node 1 port 6201 went down
03-11 14:32:15.730  2064  2064 I sensors-hal: send_sync_sensor_request:367, wait for notification of response
03-11 14:32:15.730  2300  2300 D SurfaceFlinger: setDesiredDisplayModeSpecs[{0, false, PR={p[24.00-120.00]Hz, r[24.00-120.00]Hz}, AR={p[0.00-120.00]Hz, r[0.00-120.00]Hz}}]: by process 3163 uid 1000 for display 4630947043778501762
03-11 14:32:15.730  2064  8574 I sensors-hal: ssc_conn_resp_cb:632, resp_value = 0
03-11 14:32:15.731  2064  2064 I sensors-hal: send_sync_sensor_request:373, takes 1 ms to receive the response with 0
03-11 14:32:15.731  2064  2064 I sensors-hal: activate:184, com.motorola.sensor.alternate_light/65959 en=1 completed
03-11 14:32:15.731  3163  3231 W AccessibilityWindowsPopulator: The displayInfo of this displayId (0) called back from the surface fligner is null
03-11 14:32:15.732  2064  2064 I sensors-hal: batch:206, android.sensor.magnetic_field_uncalibrated/141, period=200000000, max_latency=0
03-11 14:32:15.732  2064  2064 I sensors-hal: set_config:57, sample_period_ns is adjusted to 200000000 based on min/max delay_ns
03-11 14:32:15.732  2064  2064 I sensors-hal: batch:215, android.sensor.magnetic_field_uncalibrated/141, period=200000000, max_latency=0 request completed
03-11 14:32:15.732  3163  3352 V DisplayPowerController2[0]: Brightness [0.40571058] reason changing to: 'manual', previous reason: 'screen_off'.
03-11 14:32:15.732  3163  3352 I DisplayPowerController2[0]: 03-11 14:32:15.732 - BrightnessEvent: disp=0, physDisp=local:4630947043778501762, displayState=ON, displayPolicy=BRIGHT, brt=0.40571058, initBrt=0.0, rcmdBrt=NaN, preBrt=NaN, lux=NaN, preLux=NaN, brtNits=106.634476, hdrNits=NaN, initNits=3.1465538, preNits=NaN, rcmdNits=NaN, hdrBrightness=NaN, brt(%)=47%, brtInt=104, hbmPolicy=normal, hbmMax=0.85440856, hbmMode=off, rbcStrength=50, thrmMax=1.0, powerFactor=1.0, wasShortTermModelActive=false, flags=invalid_lux , reason=manual, autoBrightness=true, strategy=InvalidBrightnessStrategy, autoBrightnessMode=default
03-11 14:32:15.732  3163  5305 D PowerManagerService: nativeSetPowerMode ret:false mode:9 enabled:false duration ms: 0
03-11 14:32:15.733  3163  5305 D TouchHwAidlService: setDisplayState: mScreenOff=false
03-11 14:32:15.733  3163  5305 D LocalDisplayAdapter: setDisplayPowerMode mode=2 for display=android.os.BinderProxy@d90d011
03-11 14:32:15.733  2723  9652 E VendorTagDescriptor: lookupTag: Tag name 'support_get_property_2_0' does not exist.
03-11 14:32:15.734  2064  2064 I sensors-hal: activate:173, android.sensor.magnetic_field_uncalibrated/141 en=1
03-11 14:32:15.734  8373  8373 D BoundBrokerSvc: onRebind: Intent { act=com.google.android.gms.libs.gmscorelogger.service.START dat=chimera-action:/... cmp=com.google.android.gms/.chimera.PersistentDirectBootAwareApiService }
03-11 14:32:15.734  3163  3352 D BrightnessThermalClamper: Thermal status observer already started
03-11 14:32:15.734  3163  3352 D BrightnessThermalClamper: Thermal status observer already started
03-11 14:32:15.734  2064  2064 I sensors-hal: get_qmi_debug_flag:239, support_qmi_debug : false
03-11 14:32:15.736  2061  2108 E minksocket: MinkIPC_QRTR_Service: client with node 1 port 6203 went down
03-11 14:32:15.736  2061  2108 E minksocket: MinkIPC_QRTR_Service: client with node 1 port 6204 went down
03-11 14:32:15.736  2300  2300 E Scheduler: trackPendingFrame: Invalid present fence
03-11 14:32:15.737  2061  2108 E minksocket: MinkIPC_QRTR_Service: client with node 1 port 6205 went down
03-11 14:32:15.737  2064  2064 E Diag_Lib: diag: Diag_LSM_Init: invoked for pid: 2064 with init_count: 0
03-11 14:32:15.737  2061  2108 E minksocket: MinkIPC_QRTR_Service: client with node 1 port 6206 went down
03-11 14:32:15.737  2064  2064 E Diag_Lib: diag:failed to connect to diag socket
03-11 14:32:15.737  2064  2064 E Diag_Lib:  Diag_LSM_Init: Failed to open handle to diag driver, error = 13
03-11 14:32:15.738  2064  2064 I sensors-hal: get_qmi_debug_flag:239, support_qmi_debug : false
03-11 14:32:15.738  2061  2108 E minksocket: MinkIPC_QRTR_Service: client with node 1 port 6208 went down
03-11 14:32:15.739  3163  3231 W AccessibilityWindowsPopulator: The displayInfo of this displayId (0) called back from the surface fligner is null
03-11 14:32:15.740  2300  2300 D SurfaceFlinger: Setting power mode 2 on display 4630947043778501762
03-11 14:32:15.740  2300  2300 I Scheduler: Display 4630947043778501762 is the pacesetter
03-11 14:32:15.740  2300  2300 I Scheduler: promotePacesetterDisplayLocked, mAcceptScrollEvent=1
03-11 14:32:15.740  2300  2300 I Scheduler: promotePacesetterDisplayLocked, mAcceptTouchNotBoostEvent=0
03-11 14:32:15.741  2300  2300 D SurfaceFlinger: Setting desired display mode specs: {0, false, PR={p[24.00-120.00]Hz, r[24.00-90.00]Hz}, AR={p[0.00-120.00]Hz, r[0.00-120.00]Hz}} for display 4630947043778501762
03-11 14:32:15.741  2300  2300 I SurfaceFlinger: Switching to Scheduler preferred mode 4 (90.00 Hz) for display 4630947043778501762
03-11 14:32:15.741  2300  2300 D DisplayModeController: setDesiredMode 4630947043778501762 {mode={fps=90.00 Hz, modePtr={id=4, vsyncRate=90.00 Hz, peakRefreshRate=90.00 Hz}}, emitEvent=true, force=false}
03-11 14:32:15.741  2195  2392 I SDM     : DisplayBase::SetDisplayState: Set state = 1, display 57-0, teardown = 0
03-11 14:32:15.742  2195  2392 I SDM     : HWDeviceDRM::NullCommit: Null commit succeeded crtc=141
03-11 14:32:15.744  2061  2108 E minksocket: MinkIPC_QRTR_Service: client with node 1 port 6209 went down
03-11 14:32:15.745  2061  2108 E minksocket: MinkIPC_QRTR_Service: client with node 1 port 620a went down
03-11 14:32:15.746  8358  8358 E ThermalEngine: Unable to change to /sys/devices/soc/
03-11 14:32:15.746  8358  8358 E ThermalEngine: bcl_setup: Unexpected node error
03-11 14:32:15.746  8358  8358 E ThermalEngine: add_tgt_sensor: bcl sensor setup failed failed.
03-11 14:32:15.746  8358  8358 E ThermalEngine: add_tgt_sensors_set_optional: Error adding bcl
03-11 14:32:15.746  2064  2064 E Diag_Lib: diag: Diag_LSM_Init: invoked for pid: 2064 with init_count: 0
03-11 14:32:15.746  2064  2064 E Diag_Lib: diag:failed to connect to diag socket
03-11 14:32:15.746  2064  2064 E Diag_Lib:  Diag_LSM_Init: Failed to open handle to diag driver, error = 13
03-11 14:32:15.746  2064  2064 I sensors-hal: send_sensor_config_request:395, resampler is used, set resampler config
03-11 14:32:15.746  2064  2064 I sensors-hal: send_sync_sensor_request:341, send sync request
03-11 14:32:15.746  2064  2064 I sensors-hal: send_sync_sensor_request:367, wait for notification of response
03-11 14:32:15.746  2061  2108 E minksocket: MinkIPC_QRTR_Service: client with node 1 port 620b went down
03-11 14:32:15.747  3163  5158 D WifiStaIfaceHidlImpl: getCachedScanData is not implemented by HIDL
03-11 14:32:15.747  2064  8585 I sensors-hal: ssc_conn_resp_cb:632, resp_value = 0
03-11 14:32:15.747  3163  3231 I DisplayDeviceRepository: Display device changed state: "Built-in Screen", ON
03-11 14:32:15.748  3163  3163 I BrightnessSynchronizer: New Update: {[12185] 0.40571058(f), mUpdatedTypes=0, mConfirmedTypes=0, mTimeUpdated=0, mState=2}
03-11 14:32:15.748  3163  3231 I InputManager-JNI: Viewport [0] to add: local:4630947043778501762, isActive: true
03-11 14:32:15.748  3163  3231 I InputManager-JNI: Viewport [1] to add: local:4630947043778501763, isActive: false
03-11 14:32:15.748  2064  2064 I sensors-hal: send_sync_sensor_request:373, takes 1 ms to receive the response with 0
03-11 14:32:15.748  2064  2064 I sensors-hal: activate:294, mag_filter is enabled
03-11 14:32:15.748  2064  2064 I sensors-hal: activate:184, android.sensor.magnetic_field_uncalibrated/141 en=1 completed
03-11 14:32:15.749  2064  2064 I sensors-hal: batch:206, android.sensor.magnetic_field_uncalibrated/141, period=20000000, max_latency=0
03-11 14:32:15.749  2064  2064 I sensors-hal: set_config:57, sample_period_ns is adjusted to 20000000 based on min/max delay_ns
03-11 14:32:15.749  2064  2064 I sensors-hal: send_sensor_config_request:395, resampler is used, set resampler config
03-11 14:32:15.749  2064  2064 I sensors-hal: send_sync_sensor_request:341, send sync request
03-11 14:32:15.749  2064  2064 I sensors-hal: send_sync_sensor_request:367, wait for notification of response
03-11 14:32:15.750  8358  8358 E ThermalEngine: sysfs_setup: report: path /sys/class/power_supply/battery/capacity
03-11 14:32:15.750  8358  8358 E ThermalEngine: sysfs_setup: opening /sys/class/power_supply/battery/capacity
03-11 14:32:15.750  8358  8358 E ThermalEngine: sysfs_setup: found sensor cluster0: cluster id = 0
03-11 14:32:15.750  8358  8358 E ThermalEngine: sysfs_setup: found sensor cluster1: cluster id = 1
03-11 14:32:15.750  2064  8585 I sensors-hal: ssc_conn_resp_cb:632, resp_value = 0
03-11 14:32:15.750  3163  4285 I InputReader: Reconfiguring input devices, changes=DISPLAY_INFO
03-11 14:32:15.750  8358  8358 E ThermalEngine: sysfs_setup: report: path /sys/class/power_supply/battery/charge_rate
03-11 14:32:15.750  8358  8358 E ThermalEngine: sysfs_setup: opening /sys/class/power_supply/battery/charge_rate
03-11 14:32:15.750  3163  4285 I InputReader: Device reconfigured: id=7, name='goodix_ts', size 1080x2640, orientation Rotation0, mode DIRECT, display id 0
03-11 14:32:15.750  2064  2064 I sensors-hal: send_sync_sensor_request:373, takes 0 ms to receive the response with 0
03-11 14:32:15.750  3163  4285 I InputReader: Disabling zinitix_mt (device 6) because the associated viewport is not active
03-11 14:32:15.750  2064  2064 I sensors-hal: batch:215, android.sensor.magnetic_field_uncalibrated/141, period=20000000, max_latency=0 request completed
03-11 14:32:15.751  3163  3231 W AccessibilityWindowsPopulator: The displayInfo of this displayId (0) called back from the surface fligner is null
03-11 14:32:15.751  2064  8579 I sensors-hal: handle_indication_realtime:467,  SCHED_FIFO(10) for qmi_cbk
03-11 14:32:15.751  3163  3231 D PanelsService: updateDefaultDisplayState: mScreenState=ON
03-11 14:32:15.751  3163  3227 D TouchHwAidlService: updateDefaultDisplayState: mScreenOn=true
03-11 14:32:15.752  8358  8358 E ThermalEngine: sysfs_setup: report: path /proc/loadavg
03-11 14:32:15.752  8358  8358 E ThermalEngine: sysfs_setup: opening /proc/loadavg
03-11 14:32:15.752  8358  8358 E ThermalEngine: sysfs_setup: report: path /proc/stat
03-11 14:32:15.752  8358  8358 E ThermalEngine: sysfs_setup: opening /proc/stat
03-11 14:32:15.752  8358  8358 E ThermalEngine: sysfs_setup: report: path /sys/class/power_supply/battery/capacity
03-11 14:32:15.752  8358  8358 E ThermalEngine: sysfs_setup: opening /sys/class/power_supply/battery/capacity
03-11 14:32:15.752  8358  8358 E ThermalEngine: sysfs_setup: report: path /sys/class/backlight/panel0-backlight/brightness
03-11 14:32:15.752  8358  8358 E ThermalEngine: sysfs_setup: opening /sys/class/backlight/panel0-backlight/brightness
03-11 14:32:15.752  3163  3232 I DisplayDevice: [0] Layerstack set to 0 for local:4630947043778501762 mDisplayToken=android.os.BinderProxy@d90d011 t=Transaction{mNativeObject=-5476376673043675440, mHashCode=0}
03-11 14:32:15.752  8358  8358 E ThermalEngine: sysfs_setup: report: path /proc/stat
03-11 14:32:15.752  8358  8358 E ThermalEngine: sysfs_setup: opening /proc/stat
03-11 14:32:15.752  8358  8358 E ThermalEngine: sysfs_setup: report: path /sys/class/backlight/panel0-backlight/brightness
03-11 14:32:15.752  8358  8358 E ThermalEngine: sysfs_setup: opening /sys/class/backlight/panel0-backlight/brightness
03-11 14:32:15.752  8358  8358 E ThermalEngine: sysfs_setup: report: path /proc/loadavg
03-11 14:32:15.752  8358  8358 E ThermalEngine: sysfs_setup: opening /proc/loadavg
03-11 14:32:15.752  8358  8358 E ThermalEngine: sysfs_setup: report: path /sys/class/power_supply/wireless/online
03-11 14:32:15.752  8358  8358 E ThermalEngine: sysfs_setup: opening /sys/class/power_supply/wireless/online
03-11 14:32:15.752  8358  8358 E ThermalEngine: No hwmon device found in the kernel for sensor tmp108
03-11 14:32:15.753  8358  8358 E ThermalEngine: add_tgt_sensor: tmp108 sensor setup failed failed.
