03-13 10:24:00.723  3003  3003 D EdgeLightingManager: hideForNotification : packageName = android
03-13 10:24:00.723  3003  3003 D EdgeLightingPolicyManager:NotificationGroup: remove : sbn : StatusBarNotification(pkg=android user=UserHandle{-1} id=32 tag=null key=-1|android|32|null|1000: Notification(channel=UsbDevNoti shortcut=null contentView=null vibrate=null sound=null tick defaults=0 flags=ONGOING_EVENT|CAN_COLORIZE color=0x00000000 vis=PUBLIC semFlags=0x0 semPriority=0 semMissedCount=0))
03-13 10:24:00.723  3003  3003 D EdgeLightingPolicyManager.NotificationGroup: group notification count : 1
03-13 10:24:00.723  3003  3003 D EdgeLightingManager: hideForNotification : isInteractive is true
03-13 10:24:00.723  3003  3065 D SensorManager: set parameter active screen = 1, 50350017
03-13 10:24:00.724  2007  2007 I sensors-hal: send_sync_sensor_request:518, send_sync_sensor_request before send_request for lid_angle_fusion with SUID low=8603657889549748343 high=1320970896290190866
03-13 10:24:00.724  2007  2007 I sensors-hal: send_sync_sensor_request:537, wait for notification of response
03-13 10:24:00.724  4205  4240 D DeviceStateManagerGlobal: handleDeviceStateInfoChanged state=DeviceState{identifier=0, name='CLOSED', app_accessible=false, cancel_when_requester_not_on_top=false}, baseState=DeviceState{identifier=0, name='CLOSED', app_accessible=false, cancel_when_requester_not_on_top=false}
03-13 10:24:00.724  4205  4267 D ShellSplitScreen: onFoldedStateChanged: folded=true
03-13 10:24:00.725  4205  4205 D FlexPanelStartController: OnDeviceStateChanged: mIsTableMode=true, isTableMode=false
03-13 10:24:00.725  4205  4205 D FlexPanelStartController: onFoldStateTableModeChanged: isTableMode=false
03-13 10:24:00.725  4205  4205 D FlexPanelStartController: not support state, mMwEnabled=true, mIsTableMode=false, mDesktopMode=false, mFlexModePanelEnabled=true, mIsImeShowing=true, mIsQuickPanelShowing=false, mIsTaskBarAppsEnabled=false, mIsGlobalActionVisible=false, mOnRecentsAnimation=false, isSupportRotation=true, mIsKeyguardVisible=false
03-13 10:24:00.725  2007  3645 I sensors-hal: qsh_conn_resp_cb:930, resp_value = 0 for lid_angle_fusion 
03-13 10:24:00.726  4360 21439 I CCodec  : state->set(ALLOCATING)
03-13 10:24:00.726  2058  3323 I CamComm1.0-CamModule: notifyDeviceStateChange: calling notify_device_state_change with state 6
03-13 10:24:00.726  2058  3323 I CHI     : [SS_INFO]: [CHI         ]: chxextensionmodule.cpp: SecModifySettings: 21458: [SWITCH_DBG] Folding State 1 
03-13 10:24:00.726  2058  3323 I CHI     : [SS_LOW ]: [CHI         ]: chxextensionmodule.cpp: SecModifySettings: 21461: [SWITCH_DBG] Foding state State 1, m_pOverrideCameraOpen : 0 
03-13 10:24:00.726  4360 21440 I CCodec  : allocate(c2.qti.hevc.decoder)
03-13 10:24:00.726  2452  2747 I CameraProviderManager: notifyDeviceStateChange Af available modes has been replaced
03-13 10:24:00.726  2452  2747 I CameraProviderManager: notifyDeviceStateChange Af available modes has been replaced
03-13 10:24:00.726  2007  2007 I sensors-hal: send_sync_sensor_request:543, takes 2 ms to receive the response with 0
03-13 10:24:00.726  2007  2007 I sensors-hal: activate:330, com.samsung.sensor.folding_state/2592 en=0 completed
03-13 10:24:00.727  3003  3661 D SensorManager: unregisterListener :: com.android.server.policy.FlexibleDeviceStateProvider@9bf61fe
03-13 10:24:00.725  4205  4205 D SecQsUiDisplayModeInteractor: onDeviceStateChanged from false -> to true, identifier = 0
03-13 10:24:00.727  3003  3661 D DeviceStatePolicy: unregisterFoldingSensorListenerLocked success!
03-13 10:24:00.727  3003  3065 D SensorService: setSContextDataLocked ints length 2 , byte length 4
03-13 10:24:00.727  3003  3065 D SensorService: setSContextDataLocked 30047c1
03-13 10:24:00.727  3003  3661 D InputReader: Btn_touch(4): value=1 when=63124.794104
03-13 10:24:00.727  3003  3003 D NotificationReminder: removeFromNotificationList record android
03-13 10:24:00.727  3003  3661 I InputReader: Touch event's action is 0x0 (id=9, t=0) [pCnt=1, s=0.269 ] when=63124.794104
03-13 10:24:00.727  3003  3994 D SemInputDevice:TSP: SetPropertyTask: CMD,set_fold_state,1 [03-13 10:24:00.721]
03-13 10:24:00.727  3003  3658 I InputDispatcher: No new touched window at (41.8, 528.6) in display 1
03-13 10:24:00.727  3003  3658 I InputDispatcher: Dropping event because there is no touchable window at (41.8193, 528.574) on display 1: MotionEvent
03-13 10:24:00.727  4205  5096 D KeyguardFoldController: changeFoldState: foldState=0, changed=true
03-13 10:24:00.727  4205  5096 I PluginLockManagerImpl: PluginLock:onFolderStateChanged, opened: false, mScreenType: 1
03-13 10:24:00.727  3003  3658 D PowerManagerService: [api] userActivityFromNative : touch displayId=1 eventTime=63124794
03-13 10:24:00.727  4205  4205 D SecQsUiDisplayModeInteractor: updateUiDisplayModeAtFoldStateChanged COVER
03-13 10:24:00.727  4205  4205 D SecFgsManagerController: foldStateChange foldState = UNFOLD > FOLD
03-13 10:24:00.727  4205  4205 D SecFgsManagerController: foldStateChange isDirty = false
03-13 10:24:00.727  4205  4205 D KeyguardViewMediator: handleMessage 1003
03-13 10:24:00.728  4205  4205 D KeyguardFoldController: handleFoldMessage: isOpened=false, showing=false
03-13 10:24:00.728  4205  4205 D KeyguardViewMediator: adjustStatusBarLocked: no need to update flags=0x0 / showHomeOverLock=true
03-13 10:24:00.728  2071  2128 I sysinput:aidl: onReportInformation:93, 2, cmd@set_always_lpm,0:0
03-13 10:24:00.728  4205  4205 D DisplayLifecycle: dispatchFolderStateChanged true -> false
03-13 10:24:00.728  3003  3658 D PowerManagerService: UserActivityStateListenerState: 1
03-13 10:24:00.728  4205  4205 D Keyguard.AODTouchModeManager: onFolderStateChanged: isOpened=false
03-13 10:24:00.728  4205  4205 D Keyguard.AODTouchModeManager: setTouchNodePath: isOpened=false
03-13 10:24:00.728  4205  4205 I PluginAODManager: onFolderStateChanged isOpened : false
03-13 10:24:00.728  4205  4205 I PluginAODManager: setStartedByFolderClosed: true
03-13 10:24:00.728  2071  2128 I sysinput:Touch2: operator():237, OK
03-13 10:24:00.728  2071  2129 I sysinput:aidl: onReportInformation:93, 1, cmd@set_fold_state,1:0
03-13 10:24:00.728  2007  2007 I sensors-hal: inject_sensor_data:407, handle 1502 send inject
03-13 10:24:00.728  2007  2007 I sensors-hal: sendContextData:290, sensor hal 4, (0xc1, 0x47, 0x0, 0x3)
03-13 10:24:00.728  4205  4205 V SubLauncher:SubLauncherPluginImpl@102487053: onDozeAmountChanged: 0.0
03-13 10:24:00.728  2007  2007 I sensors-hal: sendContextData:230, activities 4 c1, 1
03-13 10:24:00.728  2007  2007 I sensors-hal: sendUserData:251, Activities cmd 0xc1 0x47
03-13 10:24:00.728  2007  2007 I sensors-hal: create_send_context_data:80, sending create_send_context_data
03-13 10:24:00.728  2105  2812 D DisplayModeController: setDesiredMode 4630946564756762243 {mode={fps=120.00 Hz, modePtr={id=0, vsyncRate=120.00 Hz, peakRefreshRate=120.00 Hz}}, emitEvent=true, force=false}
03-13 10:24:00.728  2007  2007 I sensors-hal: send_context_data:694, activities, 4914309220830019584, 1320970896291267344, msgid:700
03-13 10:24:00.728  4205  5096 I PluginLockManagerImpl: PluginLock:onFolderStateChanged, old: com.samsung.android.dynamiclock:2
03-13 10:24:00.728  4205  4205 I ResourceUtils: initDisplayValues LogicalHeight 2640 LogicalWidth = 1080 DisplayDeviceType = -1, sIsLandscape = false
03-13 10:24:00.728  4205  4205 I DisplayValues: initValues currentWidth 1080 currentHeight = 2640
03-13 10:24:00.728  4205  5096 I DymLock|DynamicLockManager: onFolderStateChanged() false , false
03-13 10:24:00.728  4205  5096 I DymLock|BaseLockContainer: onFolderStateChanged screen[1] enabled[false]
03-13 10:24:00.728  4205  5096 I DymLock|BaseLockStateContainer: unsubscribe folder change : com.samsung.android.dynamiclock.plugin.views.dls.DynamicLockContainer{b8feb8d I.E...... ......I. 0,0-1080,2640}
03-13 10:24:00.728  4205  5096 I DymLock|ActionBus: unsubscribe : com.samsung.android.dynamiclock.plugin.views.dls.DynamicLockContainer{b8feb8d I.E...... ......I. 0,0-1080,2640}
03-13 10:24:00.728  4205  5096 I DymLock|ActionBus: unsubscribe : com.samsung.android.dynamiclock.plugin.stores.LockContainerStore@7ae7fb4
03-13 10:24:00.728  4205  5096 I DymLock|ActionBus: unsubscribe : com.samsung.android.dynamiclock.plugin.stores.WallpaperStore@96d67dd
03-13 10:24:00.728  4205  5096 I DymLock|ActionBus: unsubscribe : com.samsung.android.dynamiclock.plugin.stores.LockStarStore@b28bf52
03-13 10:24:00.728  2007  2007 I sensors-hal: sendContextData:114, common_info 4
03-13 10:24:00.728  2007  2007 I sensors-hal: sendUserData:137, CommonInfo 0xc1 0x47 0x0 0x3
03-13 10:24:00.728  2007  2007 I sensors-hal: create_send_context_data:70, sending create_send_context_data
03-13 10:24:00.728  2007  2007 I sensors-hal: send_context_data:694, common_info, 4914309147815575552, 1320970896291267344, msgid:700
03-13 10:24:00.728  2007  2007 I sensors-hal: write_algo_lcd_onoff_state:196, algo_lcd_onoff : 0x3
03-13 10:24:00.728  3003  3130 D ColorFade: ColorFade start display info.
03-13 10:24:00.728  4205  5096 D DymLock|BaseLockContainer: updatePanelWallpaper: Panel is not necessary. dls_state = 2
03-13 10:24:00.728  4205  5096 I PluginLockMediatorImpl: setScreenTypeChanged() type: 1
03-13 10:24:00.728  4205  5096 I PluginLockWallpaper: setScreenTypeChanged() type: 1
03-13 10:24:00.728  4205  5096 I PluginHomeWallpaper: setScreenTypeChanged() type: 1
03-13 10:24:00.728  3003  3130 D ColorFade: ColorFade end display info.
03-13 10:24:00.728  4205  5096 I PluginLockManagerImpl: PluginLock:onFolderStateChanged, will be switched, newState: null
03-13 10:24:00.728  3003  3130 D ColorFade: ColorFade start setColorFadeNightDim
03-13 10:24:00.728  3003  3993 D SysinputHAL_AIDL: setProperty(TSP_SUB(2)): CMD, set_always_lpm,0 ret=0
03-13 10:24:00.728  4205  5096 D PluginLockInstanceState: isRecentInstance() true, com.samsung.android.dynamiclock:2
03-13 10:24:00.728  4205  5096 I PluginLockManagerImpl: PluginLock:onFolderStateChanged, instance maintained
03-13 10:24:00.728  3003  3993 D SemInputDevice:TSP_SUB: SetPropertyTask: CMD,set_fold_state,1 [03-13 10:24:00.721]
03-13 10:24:00.728  4205  5096 D PluginLockManagerImpl: updateEnabledState getPluginLockValue = 10011
03-13 10:24:00.728  4205  5096 D PluginLockManagerImpl: isEnabledFromSettingHelper, screen:1, value:10011
03-13 10:24:00.728  4205  5096 D PluginLockInstancePolicy: isEnable() value:10011, ret:true
03-13 10:24:00.728  4205  5096 D PluginLockManagerImpl: updateEnabledState() isDynamicMode = true, isEnabledFromSetting = true
03-13 10:24:00.728  4205  5096 D PluginLockMediatorImpl: setEnabled: true, com.android.systemui.pluginlock.PluginLockMediatorImpl@c944c4c
03-13 10:24:00.728  4205  5096 I PluginLockManagerImpl: onFolderStateChanged, new: com.samsung.android.dynamiclock:2
03-13 10:24:00.728  3003  3130 D ColorFade: ColorFade end setColorFadeNightDim
03-13 10:24:00.728  4205  5096 I DymLock|DynamicLockManager: onFolderStateChanged() false , true
03-13 10:24:00.728  4205  5096 I DymLock|BaseLockContainer: onFolderStateChanged screen[1] enabled[true]
03-13 10:24:00.728  4205  5096 I DymLock|BaseLockStateContainer: subscribe folder change : com.samsung.android.dynamiclock.plugin.views.dls.DynamicLockContainer{b8feb8d I.E...... ......I. 0,0-1080,2640}
03-13 10:24:00.728  4205  5096 I DymLock|ActionBus: subscribe : com.samsung.android.dynamiclock.plugin.views.dls.DynamicLockContainer{b8feb8d I.E...... ......I. 0,0-1080,2640}
03-13 10:24:00.728  3003  3994 D SysinputHAL_AIDL: setProperty(TSP(1)): CMD, set_fold_state,1 ret=0
03-13 10:24:00.728  4205  5096 I DymLock|ActionBus: subscribe : com.samsung.android.dynamiclock.plugin.stores.LockContainerStore@7ae7fb4
03-13 10:24:00.728  4205  5096 I DymLock|ActionBus: subscribe : com.samsung.android.dynamiclock.plugin.stores.WallpaperStore@96d67dd
03-13 10:24:00.728  4205  5096 I DymLock|ActionBus: subscribe : com.samsung.android.dynamiclock.plugin.stores.LockStarStore@b28bf52
03-13 10:24:00.728  4205  5096 D DymLock|BaseLockContainer: updatePanelWallpaper: Panel is not necessary. dls_state = 2
03-13 10:24:00.728  4205  5096 I KeyguardWallpaperController: onFolderStateChanged: isOpened = false
03-13 10:24:00.728  4205  5096 I KeyguardWallpaperController: onFolderStateChanged: which = 18, previous which = 6
03-13 10:24:00.729  6380  6380 I SemDvfsHyPerManager: acquire hyper - TATouchBoost/6380@30, type = -999
03-13 10:24:00.729  2007  3909 I sensors-hal: qsh_conn_resp_cb:930, resp_value = 0 for activities 
03-13 10:24:00.729  2007  3909 I sensors-hal: qsh_conn_resp_cb:930, resp_value = 0 for common_info 
03-13 10:24:00.729  2105  2321 I SurfaceFlinger: id=48047 createSurf, flag=20004, ColorFade_d0#48047
03-13 10:24:00.729  4832  7615 I HoneySpace.NotificationListener: onNotificationRemoved android: -1|android|32|null|1000: 0
03-13 10:24:00.729  6380  6380 I SemDvfsHyPerManager: acquire hyper - TA_TOUCH_SHARE/6380@31, type = -999
03-13 10:24:00.729  4205  4205 D FaceWidgetPagesController: onFolderStateChanged() isFolderOpened = false
03-13 10:24:00.729  2071  2128 I sysinput:aidl: onReportInformation:93, 2, cmd@set_fold_state,1:0
03-13 10:24:00.729  2071  2129 I sysinput:Touch1: operator():237, OK
03-13 10:24:00.729  2022  2124 I HYPER-HAL: [RequestManager.cpp]acquire(): Acquired ID : 20547285  [6380 / 30]    HINT :      list : [TABoost / 1] [TIMEOUT / 1500] 
03-13 10:24:00.729  2071  2128 I sysinput:Touch2: operator():237, OK
03-13 10:24:00.729  4832  4832 I HoneySpace.NotificationListener: onNotificationRemoved sbn : StatusBarNotification(pkg=android user=UserHandle{-1} id=32 tag=null key=-1|android|32|null|1000: Notification(channel=UsbDevNoti shortcut=null contentView=null vibrate=null sound=null tick defaults=0 flags=ONGOING_EVENT|CAN_COLORIZE color=0x00000000 vis=PUBLIC semFlags=0x0 semPriority=0 semMissedCount=0)), reason : 8
03-13 10:24:00.729  4205  4205 I AODDataSettings[8.0.6]:AODDataManager: onFolderStateChanged=false
03-13 10:24:00.729  4205  4205 I AODDataSettings[8.0.6]:AODDataManager: changeDisplay=DisplayImpl(type=SingleDisplay, orientation=Portrait, aodState=LockScreenOnly)
03-13 10:24:00.729  4205  4205 I AODDataSettings[8.0.6]:AODDataManager: getCurrentSize() from windowConfig = 1080.0x2640.0
03-13 10:24:00.729  4205  4205 I DataStoreState: setDisplay : DisplayImpl(type=SingleDisplay, orientation=Portrait, aodState=LockScreenOnly)
03-13 10:24:00.729  4205  4205 I DataStoreState: setRootSize : 1080.0x2640.0
03-13 10:24:00.729  3003  3993 D SysinputHAL_AIDL: setProperty(TSP_SUB(2)): CMD, set_fold_state,1 ret=0
03-13 10:24:00.729  4205  4205 I ComplicationWidgetPluginController:   onFoldStateChanged  0.0
03-13 10:24:00.729  4205  4205 I KeyguardNIOStatusBarController: initPosition()
03-13 10:24:00.729  4205  4205 I KeyguardNIOStatusBarController: updateIconAreaMargins() isDozing=false darkAmount=0.0 force=true currentFinalX=192 currentFinalY=96
03-13 10:24:00.730  4205  4205 I FaceWidgetWindowManager: removeAllViews
03-13 10:24:00.730  4205  4205 I ViewPositionControllerManager: refresh : []
03-13 10:24:00.730  4205  4205 I ViewPositionControllerManager: updatePosition: []
03-13 10:24:00.730  4205  4205 I FaceWidgetViewModel: onFolderStateChanged elapsed, for 2 ms
03-13 10:24:00.730  4205  4205 D KeyguardViewMediator: KeyguardViewMediator queue processing message: 
03-13 10:24:00.730  4205  4205 D LockscreenNotificationManager:  FOLD STATE - FOLD 
03-13 10:24:00.730  2105  2105 I LayerHistory: StatusBar$_4205#132 voted NoVote (0.00 Hz)
03-13 10:24:00.730  2105  2105 I LayerHistory: 4f42fe6 SurfaceView[com.teulys.metropolis/com.teulys.metropilos.MainActivity]@0(BLAST)#48041 Max (can't resolve refresh rate)
03-13 10:24:00.730  2105  2105 I SurfaceFlinger: Touch Boost - choose 120.00 Hz
03-13 10:24:00.730  4205  4205 D S.S.N.  : updateSamsungAccount() : No Change
03-13 10:24:00.730  4205  4205 D S.S.N.  : isRDUMode: false isSALoggedIn: true isChildAccount: false isAiInfoConfirmed: true isSuggestionResponsesEnabled: false isPreventOnlineProcessing: falseisAiCoreFeaturesEnabled: false
03-13 10:24:00.730  4205  4205 D S.S.N.  :  FOLD STATE common- FOLD 
03-13 10:24:00.730  4205  4205 D S.S.N.  :  FOLD STATE parent- FOLD 
03-13 10:24:00.730  4205  4205 E SubscreenSubRoomNotification: initData
03-13 10:24:00.730  4205  4205 D S.S.N.  :  clearMainList
03-13 10:24:00.731  2105  2105 I HWComposer: [4630946564756762243] ActiveConfigToHWC, ID : 0
03-13 10:24:00.731  2022  2124 I HYPER-HAL: [RequestManager.cpp]acquire(): Acquired ID : 20553697  [6380 / 31]    HINT : TA_TOUCH_SHARE    list : [TIMEOUT / 1500] 
03-13 10:24:00.731  4360 21440 I CCodec  : setting up 'default' as default (vendor) store
03-13 10:24:00.731  2053  2951 I QC2CompStore: addIdToList add Id[0] to list
03-13 10:24:00.731  2040 23713 I SDM     : HWDeviceDRM::SetDisplaySwitchMode: [DispConfigs] check hs_mode 3
03-13 10:24:00.731  2040 23713 W SDM     : HWDeviceDRM::GetSupportedBitClkRate: Requested rate not supported: 951000000
03-13 10:24:00.731  2040 23713 I SDM     : HWDeviceDRM::SetDisplaySwitchMode: [DispConfigs] Set mode index:0 1080x2640x120xcmdHS, hs_mode(3), found_mode(0)
03-13 10:24:00.731  2040 23713 I SDM     : HWDeviceDRM::UpdateMixerAttributes: Mixer WxH 1080x2640-1 for Peripheral
03-13 10:24:00.731 19717 19717 I HBD     : h writeToFile complete 
03-13 10:24:00.732  2040 23713 I SDM     : HWCDisplay::SubmitDisplayConfig: Active configuration changed from config 2 to 0
03-13 10:24:00.732 19717 21446 I HBD     : h Write selected lang for DE  
03-13 10:24:00.732  2053  2951 I vendor.qti.media.c2@1.0-service: missing struct descriptor #Param::CoreIndex(--002) for field mastering of struct #Param::CoreIndex(--180a)
03-13 10:24:00.732 19717 19717 I HBD     : a [UpdatePolicy] [post] a: 17 cl: 65537 kit: [0/0] vt: 0 ir: 1 
03-13 10:24:00.732  4205  4205 D SubscreenNotificationListCoordinator: onAfterRenderList() isSubScreen = false, pluginLockMode = 0, doNotShowOnCover = false
03-13 10:24:00.732 19717 19717 I HBD     : b isFlipCoverDisplayMode - true 
03-13 10:24:00.732  2053  2951 I vendor.qti.media.c2@1.0-service: missing struct descriptor #Param::CoreIndex(-V8002) for field portConfigs of struct #Param::CoreIndex(FV19100)
03-13 10:24:00.732  2053  2951 I vendor.qti.media.c2@1.0-service: missing struct descriptor #Param::CoreIndex(-V8002) for field portConfigs of struct #Param::CoreIndex(FV1a100)
03-13 10:24:00.732  2053  2951 I vendor.qti.media.c2@1.0-service: missing struct descriptor #Param::CoreIndex(-V8002) for field portConfigs of struct #Param::CoreIndex(FV19100)
03-13 10:24:00.732  2053  2951 I vendor.qti.media.c2@1.0-service: missing struct descriptor #Param::CoreIndex(-V8002) for field portConfigs of struct #Param::CoreIndex(FV1a100)
03-13 10:24:00.732  3003  4771 D KNOX_MDM_SettingsProvider: isChangeAllowed() : name = enabled_input_methods
03-13 10:24:00.732  3003  4771 D KNOX_MDM_SettingsProvider: edmUri: content://com.sec.knox.provider/RestrictionPolicy3
03-13 10:24:00.732  3003  4771 D KNOX_MDM_SettingsProvider: projectionArgs: isSettingsChangesAllowed
03-13 10:24:00.732  3003  4771 D KNOX_MDM_SettingsProvider: selectionArgs: false
03-13 10:24:00.732  3003  4771 D KNOX_MDM_SettingsProvider: selectionArgs: 10202
03-13 10:24:00.732  3003  4771 D SecContentProvider: query(), uri = 17 selection = isSettingsChangesAllowed
03-13 10:24:00.732  2053  2951 I QC2Comp : [cmphvcD_0] KPI_L1: init: ms=0
03-13 10:24:00.732  3003  4771 D SecContentProvider: called from android.uid.honeyboard:10202
03-13 10:24:00.732  4205  4205 E SubscreenNotificationInfoManager: setShownGroup : false
03-13 10:24:00.732  2053  2951 I QC2Comp : [c2.qti.hevc.decoder] KPI_L1: Create: ms=1
03-13 10:24:00.732  2053  2951 I QC2CompStore: Created component(c2.qti.hevc.decoder) id(0) sStore[0xb400006dc7a29970]
03-13 10:24:00.732  3003  4771 D RestrictionPolicy: isSettingsChangesAllowedAsUser, userId 0 : true
03-13 10:24:00.732  3003  4771 D KNOX_MDM_SettingsProvider: ret = 1
03-13 10:24:00.732  4205  4205 D SrPromptProcessor: call releaseSmartReply
03-13 10:24:00.732  2053  2951 I vendor.qti.media.c2@1.0-service: missing struct descriptor #Param::CoreIndex(--002) for field mastering of struct #Param::CoreIndex(--180a)
03-13 10:24:00.732  2053  2951 I vendor.qti.media.c2@1.0-service: missing struct descriptor #Param::CoreIndex(--002) for field mastering of struct #Param::CoreIndex(--180a)
03-13 10:24:00.732  2053  2951 I vendor.qti.media.c2@1.0-service: VendorExternalAIFRCRequestSetter set to 0 0
03-13 10:24:00.732  2053  2951 I vendor.qti.media.c2@1.0-service: StrictValueWithNoDeps is called old.v.value is 2141391876 me.v.value is 2141391876
03-13 10:24:00.732  2053  2951 I vendor.qti.media.c2@1.0-service: StrictValueWithNoDeps is called old.v.value is 30 me.v.value is 30
03-13 10:24:00.733  2053  2951 I vendor.qti.media.c2@1.0-service: missing struct descriptor #Param::CoreIndex(--002) for field mastering of struct #Param::CoreIndex(--180a)
03-13 10:24:00.733  2053  2951 I vendor.qti.media.c2@1.0-service: missing struct descriptor #Param::CoreIndex(--002) for field mastering of struct #Param::CoreIndex(--180a)
03-13 10:24:00.733  2053  2951 I vendor.qti.media.c2@1.0-service: C2StreamVendorRenderEngineHDRToneMapRequestInfoset to 0
03-13 10:24:00.733  3003  6828 I ActivityManager: Changes in 10202 19 to 5, 0 to 144
03-13 10:24:00.733  2053  2951 W QC2Interface: [hvcD_0] Failed to query parameters
03-13 10:24:00.733  2053  2951 I vendor.qti.media.c2@1.0-service: StrictValueWithNoDeps is called old.v.value is 2141391876 me.v.value is 0
03-13 10:24:00.733  2053  2951 I vendor.qti.media.c2@1.0-service: StrictValueWithNoDeps is called old.v.value is 30 me.v.value is 1
03-13 10:24:00.733  2105  2324 I VSyncReactor: Current= 60, Period= 120, hwcPeriod= 120
03-13 10:24:00.733  2053  2951 I vendor.qti.media.c2@1.0-service: [FRC-IsFilteringEnabled] entry
03-13 10:24:00.733  2053  2951 I vendor.qti.media.c2@1.0-service: [FRC-IsFilteringEnabled] frcReqInfo.value is 0
03-13 10:24:00.733  4832  4832 W Choreographer: Frame time is 0.151123 ms in the future!  Check that graphics HAL is generating vsync timestamps using the correct timebase.
03-13 10:24:00.733  3003  4771 D KNOX_MDM_SettingsProvider: isChangeAllowed() : name = default_input_method
03-13 10:24:00.733  3003  4771 D KNOX_MDM_SettingsProvider: edmUri: content://com.sec.knox.provider/RestrictionPolicy3
03-13 10:24:00.733  3003  4771 D KNOX_MDM_SettingsProvider: projectionArgs: isSettingsChangesAllowed
03-13 10:24:00.733  3003  4771 D KNOX_MDM_SettingsProvider: selectionArgs: false
03-13 10:24:00.733  3003  4771 D KNOX_MDM_SettingsProvider: selectionArgs: 10202
03-13 10:24:00.733  2094  2278 D AudioFlinger: setParameters: filtered dev setParameters keyvalue l_hw_folder_state=0
03-13 10:24:00.733  3003  4771 D SecContentProvider: query(), uri = 17 selection = isSettingsChangesAllowed
03-13 10:24:00.733  3003  4771 D SecContentProvider: called from android.uid.honeyboard:10202
03-13 10:24:00.733  3003  4771 D RestrictionPolicy: isSettingsChangesAllowedAsUser, userId 0 : true
03-13 10:24:00.733  3003  4771 D KNOX_MDM_SettingsProvider: ret = 1
03-13 10:24:00.734 19717 19808 I HBD     : p updated Sub Types. English 
03-13 10:24:00.734  3003  3661 D InputReader: Key_int_cancel(4): value=1 when=63124.802024
03-13 10:24:00.735  3003  3661 I InputReader: Touch event's action is 0x3 (id=9, t=0) [pCnt=1, s=0.269 ] when=63124.802024
03-13 10:24:00.735  3003  3661 I InputReader: Touch events were canceled by KEY_INT_CANCEL
03-13 10:24:00.735  3003  3661 D InputReader: Key_int_cancel(4): value=0 when=63124.802077
03-13 10:24:00.735  3003  3661 D InputReader: Btn_touch(4): value=0 when=63124.802127
03-13 10:24:00.735 19717 21446 I HBD     : h writeToFile path : /data/user_de/0/com.samsung.android.honeyboard/files/fold_selected.json 
03-13 10:24:00.735 19717 21446 I HBD     : h writeToFile json : {"version":"4.2","currentLanguageOrder":0,"front_selected":[{"activeOptionList":["auto_replace","auto_spacing","writing_assistant","prediction"],"bilingualId":-1,"engName":"English","id":65537,"inputType":"qwerty","isUsed":true}]} 
03-13 10:24:00.735  3003  3130 D ColorFade: ColorFade End [PREPARE]  : mode=2 , <Time> displayInfo: 0
03-13 10:24:00.735  4205  4778 D S.S.N.  : needToShowWritingAssistFTU(): isFirstEntering = 0, writingAssistSetting = true
03-13 10:24:00.736  4360 21440 I CCodec  : Created component [c2.qti.hevc.decoder] for [c2.qti.hevc.decoder]
03-13 10:24:00.736  4360 21440 I CCodec  : [c2.qti.hevc.decoder] state->set(ALLOCATED)
03-13 10:24:00.736 19717 19717 I HBD     : DeX h DeX mode state change in non-main thread 
03-13 10:24:00.736 19717 19717 I HBD     : DeX h DeX mode state change: 3 
03-13 10:24:00.736  2053  2958 W QC2Interface: [hvcD_0] Failed to query parameters
03-13 10:24:00.736  4205  4205 I KeyguardUpdateMonitor: onFoldStateChanged isFolded = true
03-13 10:24:00.736  3003  3130 W DisplayPowerController[0]: ColorFade: onAnimationStart
03-13 10:24:00.736  4205  4205 I KeyguardUpdateMonitor: onTableModeChanged. mIsTableMode = true, isTableMode = false
03-13 10:24:00.736  3003  3130 W DisplayPowerState: !@ColorFade entry displayId=0
03-13 10:24:00.737  4205  4205 D Navbar.Store: handleEvent(0) OnFoldStateChanged(folded=true) [Module] NavBarStoreImpl
03-13 10:24:00.737  4205  4205 D Navbar.Store: --[Band]COVER_SCREEN_PACK_FOLD_STATE_CHANGED
03-13 10:24:00.737  3003  3130 W DisplayPowerController[0]: ColorFade: onAnimationEnd
03-13 10:24:00.737  3003  4002 D BackgroundInstallControlService: Package event received: 0
03-13 10:24:00.737  3003  3130 D BrightnessThermalClamper: Thermal status observer already started
03-13 10:24:00.737  3003  3130 D BrightnessThermalClamper: Thermal status observer already started
03-13 10:24:00.737  3003  3130 D DisplayPowerController[0]: animateScreenStateChange: target=OFF, mIsEnabled=true
03-13 10:24:00.737  3003  3130 I DisplayPowerController[0]: Blocking screen off
03-13 10:24:00.737  3003  3130 D DisplayPowerController[0]: mWindowManagerPolicy.screenTurningOff()
03-13 10:24:00.737  4205  4205 D NavBarStateManager: NavBarStates(1) supportLargeCoverScreenNavBar: true
03-13 10:24:00.738  4205  4205 D LayoutProviderContainerImpl: getCoverDisplayContext, cover display=Display id 1: DisplayInfo{"Built-in Screen", displayId 1, displayGroupId 0, FLAG_SECURE, FLAG_SUPPORTS_PROTECTED_BUFFERS, FLAG_PRESENTATION, FLAG_CAN_SHOW_WITH_INSECURE_KEYGUARD, FLAG_SHOULD_SHOW_SYSTEM_DECORATIONS, FLAG_TRUSTED, FLAG_ALLOWS_CONTENT_MODE_SWITCH, real 748 x 720, largest app 748 x 748, smallest app 654 x 654, appVsyncOff 16666666, presDeadline 17666666, mode 8, renderFrameRate 60.000004, hasArrSupport false, frameRateCategoryRate FrameRateCategoryRate {normal=60.0, high=90.0}, supportedRefreshRates [60.000004], defaultMode 8, REFRESH_RATE_MODE_SEAMLESS, userPreferredModeId -1, supportedModes [{id=8, width=748, height=720, fps=60.000004, vsync=60.000004, synthetic=false, alternativeRefreshRates=[], supportedHdrTypes=[2, 3, 4]}], appsSupportedModes [{id=8, width=748, height=720, fps=60.000004, vsync=60.000004, synthetic=false, alternativeRefreshRates=[], supportedHdrTypes=[2, 3, 4]}], hdrCapabilities HdrCapabilities{mSupportedHdrTypes=[2, 3, 4], mMaxLuminance=450.0, mMaxAverageLuminance=225.00024, mMinLuminance=5.0E-4}, isForceSdr false, userDisabledHdrTypes [], minimalPostProcessingSupported false, rotation 0, state OFF, committedState OFF}, DisplayMetrics{density=2.125, width=748, height=654, scaledDensity=2.125, xdpi=306.438, ydpi=309.966}, isValid=true
03-13 10:24:00.738  4205  4205 D Navbar.Store: --updateLayoutProvider() layoutProviderContainer = com.android.systemui.navigationbar.layout.LayoutProviderContainerImpl@1dbf89d
03-13 10:24:00.738  4205  4205 D NavBarStateManager: NavBarStates(1) supportLargeCoverScreenNavBar: true
03-13 10:24:00.738  4205  4205 D LayoutProviderContainerImpl: getCoverDisplayContext, cover display=Display id 1: DisplayInfo{"Built-in Screen", displayId 1, displayGroupId 0, FLAG_SECURE, FLAG_SUPPORTS_PROTECTED_BUFFERS, FLAG_PRESENTATION, FLAG_CAN_SHOW_WITH_INSECURE_KEYGUARD, FLAG_SHOULD_SHOW_SYSTEM_DECORATIONS, FLAG_TRUSTED, FLAG_ALLOWS_CONTENT_MODE_SWITCH, real 748 x 720, largest app 748 x 748, smallest app 654 x 654, appVsyncOff 16666666, presDeadline 17666666, mode 8, renderFrameRate 60.000004, hasArrSupport false, frameRateCategoryRate FrameRateCategoryRate {normal=60.0, high=90.0}, supportedRefreshRates [60.000004], defaultMode 8, REFRESH_RATE_MODE_SEAMLESS, userPreferredModeId -1, supportedModes [{id=8, width=748, height=720, fps=60.000004, vsync=60.000004, synthetic=false, alternativeRefreshRates=[], supportedHdrTypes=[2, 3, 4]}], appsSupportedModes [{id=8, width=748, height=720, fps=60.000004, vsync=60.000004, synthetic=false, alternativeRefreshRates=[], supportedHdrTypes=[2, 3, 4]}], hdrCapabilities HdrCapabilities{mSupportedHdrTypes=[2, 3, 4], mMaxLuminance=450.0, mMaxAverageLuminance=225.00024, mMinLuminance=5.0E-4}, isForceSdr false, userDisabledHdrTypes [], minimalPostProcessingSupported false, rotation 0, state OFF, committedState OFF}, DisplayMetrics{density=2.125, width=748, height=654, scaledDensity=2.125, xdpi=306.438, ydpi=309.966}, isValid=true
03-13 10:24:00.738  4205  4205 D Navbar.Store: --updateLayoutProvider() layoutProviderContainer = com.android.systemui.navigationbar.layout.LayoutProviderContainerImpl@1dbf89d
03-13 10:24:00.738  4205  4205 D NavBarStateManager: NavBarStates(1) supportLargeCoverScreenNavBar: true
03-13 10:24:00.738  4205  4205 D LayoutProviderContainerImpl: getCoverDisplayContext, cover display=Display id 1: DisplayInfo{"Built-in Screen", displayId 1, displayGroupId 0, FLAG_SECURE, FLAG_SUPPORTS_PROTECTED_BUFFERS, FLAG_PRESENTATION, FLAG_CAN_SHOW_WITH_INSECURE_KEYGUARD, FLAG_SHOULD_SHOW_SYSTEM_DECORATIONS, FLAG_TRUSTED, FLAG_ALLOWS_CONTENT_MODE_SWITCH, real 748 x 720, largest app 748 x 748, smallest app 654 x 654, appVsyncOff 16666666, presDeadline 17666666, mode 8, renderFrameRate 60.000004, hasArrSupport false, frameRateCategoryRate FrameRateCategoryRate {normal=60.0, high=90.0}, supportedRefreshRates [60.000004], defaultMode 8, REFRESH_RATE_MODE_SEAMLESS, userPreferredModeId -1, supportedModes [{id=8, width=748, height=720, fps=60.000004, vsync=60.000004, synthetic=false, alternativeRefreshRates=[], supportedHdrTypes=[2, 3, 4]}], appsSupportedModes [{id=8, width=748, height=720, fps=60.000004, vsync=60.000004, synthetic=false, alternativeRefreshRates=[], supportedHdrTypes=[2, 3, 4]}], hdrCapabilities HdrCapabilities{mSupportedHdrTypes=[2, 3, 4], mMaxLuminance=450.0, mMaxAverageLuminance=225.00024, mMinLuminance=5.0E-4}, isForceSdr false, userDisabledHdrTypes [], minimalPostProcessingSupported false, rotation 0, state OFF, committedState OFF}, DisplayMetrics{density=2.125, width=748, height=654, scaledDensity=2.125, xdpi=306.438, ydpi=309.966}, isValid=true
03-13 10:24:00.738  2092  2092 I SSC_DAEMON: handleSensorTestReqMsg:85, Sensor type :20, Msg type:14
03-13 10:24:00.738  2092  2092 I factory.ssc: vendor/qcom/proprietary/adsprpc/src/fastrpc_apps_user.c:1684: remote_handle64_open: opened handle 0xb400006d90c31bd0 (remote 0x0) for '":;./\createstaticpd:sensorspd&_dom=adsp on domain 0 (spawn time 0 us, load time 0 us), num handles 1
03-13 10:24:00.738  1992  3074 V sec_audio_hw: sec_dev_set_parameters : l_hw_folder_state=0
03-13 10:24:00.739  1992  3074 D AHAL: AudioDevice: SetParameters: 1865: enter
03-13 10:24:00.739  1992  3074 D AHAL: AudioVoice: VoiceSetParameters: 200: Enter
03-13 10:24:00.739  1992  3074 D AHAL: AudioVoice: VoiceSetParameters: 479: Exit ret: 0
03-13 10:24:00.739  1992  3074 D AHAL: SecAudioDevice: SetFolderState: 1258: Folding(Flip) state changed, fold close, flex off
03-13 10:24:00.739  1992  3074 D AHAL: hfp: hfp_set_parameters: 444: enter
03-13 10:24:00.739  1992  3074 D AHAL: AudioDevice: SetParameters: 2798: exit: l_hw_folder_state=0
03-13 10:24:00.739  3003  4082 D HdrSolution_HdrDisplayNitMapper: updataTargetNit--------------mLightSensorData: -1.0, scaleRatio: 200.0, target: 1.0->200
03-13 10:24:00.740  7048  7048 D NLService: Successfully marked the removed notification identified by 32
03-13 10:24:00.740  4205  4670 I KeyguardService: onScreenTurningOff
03-13 10:24:00.740 19717 21448 I HBD     : a InputMethodSubtype is set as local:en_US 
03-13 10:24:00.740  2007  3909 I sensors-hal: qsh_conn_event_cb:890, event[0] sensor:common_info  Wakeup, msg_id=1025, ts=4589693619568
03-13 10:24:00.740  2007  3909 I sensors-hal: handle_sns_client_event:82, common_info_event: msgid:1025
03-13 10:24:00.740  2007  3909 I sensors-hal: handle_sns_client_event:90, common_info: 1019
03-13 10:24:00.741  4205  4205 D NavigationModeController: getCurrentInteractionMode: mode=0 contextUser=0
03-13 10:24:00.741  4205  4205 D Navbar.Store: handleEvent(1) GetInflateLayoutID(vertical=false) [Module] SamsungNavigationBarInflaterView
03-13 10:24:00.741  4205  4205 D Navbar.Store: --[Band]STABLE_LAYOUT_PACK_GET_INFLATE_LAYOUT_ID
03-13 10:24:00.741  2007  3645 I sensors-hal: qsh_conn_event_cb:890, event[0] sensor:Device Common Info  Wakeup, msg_id=1025, ts=4589693694096
03-13 10:24:00.741  2007  3645 I sensors-hal: handle_sns_client_event:65, device_common_info_event: t:3, f:0, s:1, h:0
03-13 10:24:00.741  1274  2375 I sscrpcd : vendor/qcom/proprietary/adsprpc/src/apps_std_imp.c:1012: Successfully opened file /mnt/vendor/persist/sensors/registry/fstempfile
03-13 10:24:00.741  4205  4205 D NavBarStateManager: NavBarStates(1) getLayoutID(vertical: false): 2131559285
03-13 10:24:00.741  4205  4205 D Navbar.Store: handleEvent(1) value= 2131559285
03-13 10:24:00.741  3003  3130 D DisplayPowerController[0]: animateScreenStateChange: target=OFF, mIsEnabled=true
03-13 10:24:00.741  4205  4205 D Navbar.Store: handleEvent(1) GetInflateLayoutID(vertical=true) [Module] SamsungNavigationBarInflaterView
03-13 10:24:00.741  4205  4205 D Navbar.Store: --[Band]STABLE_LAYOUT_PACK_GET_INFLATE_LAYOUT_ID
03-13 10:24:00.741  4205  4205 D NavBarStateManager: NavBarStates(1) getLayoutID(vertical: true): 2131559287
03-13 10:24:00.741  4205  4205 D Navbar.Store: handleEvent(1) value= 2131559287
03-13 10:24:00.741  2105  2105 I SurfaceFlinger: finalizeDisplayModeChange 4630946564756762243
03-13 10:24:00.742  4205  4205 D Navbar.Store: handleEvent(1) GetDefaultLayout(noArguments=true) [Module] SamsungNavigationBarInflaterView
03-13 10:24:00.742  4205  4205 D Navbar.Store: --[Band]STABLE_LAYOUT_PACK_GET_DEFAULT_LAYOUT
03-13 10:24:00.742  4205  4205 D NavBarStateManager: NavBarStates(1) getDefaultLayout: space,home,gap,back,space;;
03-13 10:24:00.742  4205  4205 D Navbar.Store: handleEvent(1) value= space,home,gap,back,space;;
03-13 10:24:00.742  2105  2105 I SurfaceFlinger: RequestedLayer [ColorFade_d0#48047] hidden!! flag  from(1) --> to(0)
03-13 10:24:00.742  2105  2105 I SurfaceFlinger: [ColorFade_d0#48047] attach to parent Root
03-13 10:24:00.742  4205  4205 D Navbar.Store: handleEvent(1) GetInflateButtonWidth(buttonSpec=space, landscape=false) [Module] SamsungNavigationBarInflaterView
03-13 10:24:00.742  4205  4205 D Navbar.Store: --[Band]STABLE_LAYOUT_PACK_INFLATE_NAVBAR
03-13 10:24:00.742  4205  4205 D NavBarStateManager: NavBarStates(1) getSpaceWidth(land: false): 64
03-13 10:24:00.742  4205  4205 D Navbar.Store: handleEvent(1) value= 64
03-13 10:24:00.742  4205  4205 D Navbar.Store: handleEvent(1) GetInflateButtonWidth(buttonSpec=home, landscape=false) [Module] SamsungNavigationBarInflaterView
03-13 10:24:00.742  4205  4205 D Navbar.Store: --[Band]STABLE_LAYOUT_PACK_INFLATE_NAVBAR
03-13 10:24:00.742  4205  4205 D NavBarStateManager: NavBarStates(1) getButtonWidth(land: false): 102
03-13 10:24:00.742  4205  4205 D Navbar.Store: handleEvent(1) value= 102
03-13 10:24:00.742  4205  4205 D Navbar.Store: handleEvent(1) GetInflateButtonWidth(buttonSpec=gap, landscape=false) [Module] SamsungNavigationBarInflaterView
03-13 10:24:00.742  4205  4205 D Navbar.Store: --[Band]STABLE_LAYOUT_PACK_INFLATE_NAVBAR
03-13 10:24:00.742  4205  4205 D NavBarStateManager: NavBarStates(1) getButtonDistanceSize(land: false): 17
03-13 10:24:00.742  4205  4205 D Navbar.Store: handleEvent(1) value= 17
03-13 10:24:00.742  4205  4205 D Navbar.Store: handleEvent(1) GetInflateButtonWidth(buttonSpec=back, landscape=false) [Module] SamsungNavigationBarInflaterView
03-13 10:24:00.742  4205  4205 D Navbar.Store: --[Band]STABLE_LAYOUT_PACK_INFLATE_NAVBAR
03-13 10:24:00.742  4205  4205 D NavBarStateManager: NavBarStates(1) getButtonWidth(land: false): 102
03-13 10:24:00.742  4205  4205 D Navbar.Store: handleEvent(1) value= 102
03-13 10:24:00.742  4205  4205 D Navbar.Store: handleEvent(1) GetInflateButtonWidth(buttonSpec=space, landscape=false) [Module] SamsungNavigationBarInflaterView
03-13 10:24:00.742  4205  4205 D Navbar.Store: --[Band]STABLE_LAYOUT_PACK_INFLATE_NAVBAR
03-13 10:24:00.742  4205  4205 D NavBarStateManager: NavBarStates(1) getSpaceWidth(land: false): 64
03-13 10:24:00.742  4205  4205 D Navbar.Store: handleEvent(1) value= 64
03-13 10:24:00.742  4205  4205 D Navbar.Store: handleEvent(1) GetInflateButtonWidth(buttonSpec=space, landscape=true) [Module] SamsungNavigationBarInflaterView
03-13 10:24:00.742  4205  4205 D Navbar.Store: --[Band]STABLE_LAYOUT_PACK_INFLATE_NAVBAR
03-13 10:24:00.743  4205  4205 D NavBarStateManager: NavBarStates(1) getSpaceWidth(land: true): 64
03-13 10:24:00.743  4205  4205 D Navbar.Store: handleEvent(1) value= 64
03-13 10:24:00.743  4205  4205 D Navbar.Store: handleEvent(1) GetInflateButtonWidth(buttonSpec=home, landscape=true) [Module] SamsungNavigationBarInflaterView
03-13 10:24:00.743  4205  4205 D Navbar.Store: --[Band]STABLE_LAYOUT_PACK_INFLATE_NAVBAR
03-13 10:24:00.743  4205  4205 D NavBarStateManager: NavBarStates(1) getButtonWidth(land: true): 102
03-13 10:24:00.743  4205  4205 D Navbar.Store: handleEvent(1) value= 102
03-13 10:24:00.743  2092  2092 I factory.ssc: vendor/qcom/proprietary/adsprpc/src/fastrpc_perf.c:278: fastrpc_perf_init: enabled systrace 0x0 and RPC traces (kernel 0, dsp 0) with frequency 1000
03-13 10:24:00.743  4205  4205 D Navbar.Store: handleEvent(1) GetInflateButtonWidth(buttonSpec=gap, landscape=true) [Module] SamsungNavigationBarInflaterView
03-13 10:24:00.743  4205  4205 D Navbar.Store: --[Band]STABLE_LAYOUT_PACK_INFLATE_NAVBAR
03-13 10:24:00.743  4205  4205 D NavBarStateManager: NavBarStates(1) getButtonDistanceSize(land: true): 17
03-13 10:24:00.743  4205  4205 D Navbar.Store: handleEvent(1) value= 17
03-13 10:24:00.743  4205  4205 D Navbar.Store: handleEvent(1) GetInflateButtonWidth(buttonSpec=back, landscape=true) [Module] SamsungNavigationBarInflaterView
03-13 10:24:00.743  4205  4205 D Navbar.Store: --[Band]STABLE_LAYOUT_PACK_INFLATE_NAVBAR
03-13 10:24:00.743  4205  4205 D NavBarStateManager: NavBarStates(1) getButtonWidth(land: true): 102
03-13 10:24:00.743  4205  4205 D Navbar.Store: handleEvent(1) value= 102
03-13 10:24:00.743  4205  4205 D Navbar.Store: handleEvent(1) GetInflateButtonWidth(buttonSpec=space, landscape=true) [Module] SamsungNavigationBarInflaterView
03-13 10:24:00.743  4205  4205 D Navbar.Store: --[Band]STABLE_LAYOUT_PACK_INFLATE_NAVBAR
03-13 10:24:00.743  4205  4205 D NavBarStateManager: NavBarStates(1) getSpaceWidth(land: true): 64
03-13 10:24:00.743  4205  4205 D Navbar.Store: handleEvent(1) value= 64
03-13 10:24:00.743  4205  4205 D Navbar.Store: handleEvent(1) GetInflateButtonWidth(buttonSpec=space, landscape=false) [Module] SamsungNavigationBarInflaterView
03-13 10:24:00.743  4205  4205 D Navbar.Store: --[Band]STABLE_LAYOUT_PACK_INFLATE_NAVBAR
03-13 10:24:00.743  4205  4205 D NavBarStateManager: NavBarStates(1) getSpaceWidth(land: false): 64
03-13 10:24:00.743  4205  4205 D Navbar.Store: handleEvent(1) value= 64
03-13 10:24:00.743  2092 21450 I factory.ssc: vendor/qcom/proprietary/adsprpc/src/log_config.c:362: file_watcher_thread starting for domain 0
03-13 10:24:00.743  2092 21450 W factory.ssc: vendor/qcom/proprietary/adsprpc/src/log_config.c:382:file_watcher_thread: Couldn't find file factory.ssc.farf, errno (No such file or directory) at ;/vendor/lib64/rfs/dsp;/vendor/lib/rfsa/adsp;/vendor/lib/rfsa/dsp;/vendor/dsp;
03-13 10:24:00.743  4205  4205 D Navbar.Store: handleEvent(1) GetInflateButtonWidth(buttonSpec=left_remote_view, landscape=false) [Module] SamsungNavigationBarInflaterView
03-13 10:24:00.743  4205  4205 D Navbar.Store: --[Band]STABLE_LAYOUT_PACK_INFLATE_NAVBAR
03-13 10:24:00.743  4205  4205 D NavBarStateManager: NavBarStates(1) getButtonWidth(land: false): 102
03-13 10:24:00.743  4205  4205 D Navbar.Store: handleEvent(1) value= 102
03-13 10:24:00.743  4205  4205 D Navbar.Store: handleEvent(1) GetInflateButtonWidth(buttonSpec=gap, landscape=false) [Module] SamsungNavigationBarInflaterView
03-13 10:24:00.743  4205  4205 D Navbar.Store: --[Band]STABLE_LAYOUT_PACK_INFLATE_NAVBAR
03-13 10:24:00.743  4205  4205 D NavBarStateManager: NavBarStates(1) getButtonDistanceSize(land: false): 17
03-13 10:24:00.743  4205  4205 D Navbar.Store: handleEvent(1) value= 17
03-13 10:24:00.743  4205  4205 D Navbar.Store: handleEvent(1) GetInflateButtonWidth(buttonSpec=right_remote_view, landscape=false) [Module] SamsungNavigationBarInflaterView
03-13 10:24:00.744  4205  4205 D Navbar.Store: --[Band]STABLE_LAYOUT_PACK_INFLATE_NAVBAR
03-13 10:24:00.744  2092 21449 I factory.ssc: vendor/qcom/proprietary/adsprpc/src/listener_android.c:116: listener thread starting
03-13 10:24:00.744  4205  4205 D NavBarStateManager: NavBarStates(1) getButtonWidth(land: false): 102
03-13 10:24:00.744  4205  4205 D Navbar.Store: handleEvent(1) value= 102
03-13 10:24:00.744  4205  4205 D Navbar.Store: handleEvent(1) GetInflateButtonWidth(buttonSpec=space, landscape=false) [Module] SamsungNavigationBarInflaterView
03-13 10:24:00.744  4205  4205 D Navbar.Store: --[Band]STABLE_LAYOUT_PACK_INFLATE_NAVBAR
03-13 10:24:00.744  4205  4205 D NavBarStateManager: NavBarStates(1) getSpaceWidth(land: false): 64
03-13 10:24:00.744  4205  4205 D Navbar.Store: handleEvent(1) value= 64
03-13 10:24:00.744  4205  4205 D Navbar.Store: handleEvent(1) GetInflateButtonWidth(buttonSpec=space, landscape=true) [Module] SamsungNavigationBarInflaterView
03-13 10:24:00.744  4205  4205 D Navbar.Store: --[Band]STABLE_LAYOUT_PACK_INFLATE_NAVBAR
03-13 10:24:00.744  4205  4205 D NavBarStateManager: NavBarStates(1) getSpaceWidth(land: true): 64
03-13 10:24:00.744  4205  4205 D Navbar.Store: handleEvent(1) value= 64
03-13 10:24:00.744  4205  4205 D Navbar.Store: handleEvent(1) GetInflateButtonWidth(buttonSpec=left_remote_view, landscape=false) [Module] SamsungNavigationBarInflaterView
03-13 10:24:00.744  4205  4205 D Navbar.Store: --[Band]STABLE_LAYOUT_PACK_INFLATE_NAVBAR
03-13 10:24:00.744  4205  4205 D NavBarStateManager: NavBarStates(1) getButtonWidth(land: false): 102
03-13 10:24:00.744  4205  4205 D Navbar.Store: handleEvent(1) value= 102
03-13 10:24:00.744  4205  4205 D Navbar.Store: handleEvent(1) GetInflateButtonWidth(buttonSpec=gap, landscape=true) [Module] SamsungNavigationBarInflaterView
03-13 10:24:00.744  4205  4205 D Navbar.Store: --[Band]STABLE_LAYOUT_PACK_INFLATE_NAVBAR
03-13 10:24:00.744  4205  4205 D NavBarStateManager: NavBarStates(1) getButtonDistanceSize(land: true): 17
03-13 10:24:00.744  4205  4205 D Navbar.Store: handleEvent(1) value= 17
03-13 10:24:00.744  4205  4205 D Navbar.Store: handleEvent(1) GetInflateButtonWidth(buttonSpec=right_remote_view, landscape=false) [Module] SamsungNavigationBarInflaterView
03-13 10:24:00.744  4205  4205 D Navbar.Store: --[Band]STABLE_LAYOUT_PACK_INFLATE_NAVBAR
03-13 10:24:00.744  4205  4205 D NavBarStateManager: NavBarStates(1) getButtonWidth(land: false): 102
03-13 10:24:00.744  4205  4205 D Navbar.Store: handleEvent(1) value= 102
03-13 10:24:00.744  4205  4205 D Navbar.Store: handleEvent(1) GetInflateButtonWidth(buttonSpec=space, landscape=true) [Module] SamsungNavigationBarInflaterView
03-13 10:24:00.744  4205  4205 D Navbar.Store: --[Band]STABLE_LAYOUT_PACK_INFLATE_NAVBAR
03-13 10:24:00.744  4205  4205 D NavBarStateManager: NavBarStates(1) getSpaceWidth(land: true): 64
03-13 10:24:00.744  4205  4205 D Navbar.Store: handleEvent(1) value= 64
03-13 10:24:00.744  4205  4205 D Navbar.Store: handleEvent(1) GetNavBarSidePadding(landscape=false) [Module] SamsungNavigationBarInflaterView
03-13 10:24:00.744  4205  4205 D Navbar.Store: --[Band]STABLE_LAYOUT_PACK_INFLATE_NAVBAR_SIDE_PADDING
03-13 10:24:00.744  4205  4205 D NavBarStateManager: NavBarStates(1) getNavBarSidePadding: 0
03-13 10:24:00.744  4205  4205 D Navbar.Store: handleEvent(1) value= 0
03-13 10:24:00.744  4205  4205 D Navbar.Store: handleEvent(1) GetNavBarSidePadding(landscape=true) [Module] SamsungNavigationBarInflaterView
03-13 10:24:00.744  4205  4205 D Navbar.Store: --[Band]STABLE_LAYOUT_PACK_INFLATE_NAVBAR_SIDE_PADDING
03-13 10:24:00.744  4205  4205 D NavBarStateManager: NavBarStates(1) getNavBarSidePadding: 0
03-13 10:24:00.744  4205  4205 D Navbar.Store: handleEvent(1) value= 0
03-13 10:24:00.744  2053  2958 W QC2Interface: [hvcD_0] Failed to query parameters
03-13 10:24:00.744  4205  4205 D Navbar.Store: handleEvent(1) GetNavBarSidePadding(landscape=false) [Module] SamsungNavigationBarInflaterView
03-13 10:24:00.744  4205  4205 D Navbar.Store: --[Band]STABLE_LAYOUT_PACK_INFLATE_NAVBAR_SIDE_PADDING
03-13 10:24:00.744  4205  4205 D NavBarStateManager: NavBarStates(1) getNavBarSidePadding: 0
03-13 10:24:00.744  4205  4205 D Navbar.Store: handleEvent(1) value= 0
03-13 10:24:00.744  2053  2958 I vendor.qti.media.c2@1.0-service: StrictValueWithNoDeps is called old.v.value is 2141391876 me.v.value is 0
03-13 10:24:00.744  4205  4205 D Navbar.Store: handleEvent(1) GetNavBarSidePadding(landscape=true) [Module] SamsungNavigationBarInflaterView
03-13 10:24:00.744  4205  4205 D Navbar.Store: --[Band]STABLE_LAYOUT_PACK_INFLATE_NAVBAR_SIDE_PADDING
03-13 10:24:00.744  4205  4205 D NavBarStateManager: NavBarStates(1) getNavBarSidePadding: 0
03-13 10:24:00.744  4205  4205 D Navbar.Store: handleEvent(1) value= 0
03-13 10:24:00.744  2053  2958 I vendor.qti.media.c2@1.0-service: [FRC-IsFilteringEnabled] entry
03-13 10:24:00.744  2053  2958 I vendor.qti.media.c2@1.0-service: [FRC-IsFilteringEnabled] frcReqInfo.value is 0
03-13 10:24:00.744  4360 21440 I CCodec  : [c2.qti.hevc.decoder] config->initialize() : 0
03-13 10:24:00.744  2053 13496 W QC2Interface: [hvcD_0] Failed to query parameters
03-13 10:24:00.744  4360 21440 I CCodecConfig: query failed after returning 18 values (BAD_INDEX)
03-13 10:24:00.745  4360 21440 W ColorUtils: expected specified color aspects (0:0:0:0)
03-13 10:24:00.745  4360 21440 I CCodec  : [c2.qti.hevc.decoder] config->queryConfiguration()
03-13 10:24:00.745  4360 21440 I CCodec  : [c2.qti.hevc.decoder] mCallback->onComponentAllocated() IN
03-13 10:24:00.745  4360 21440 I CCodec  : [c2.qti.hevc.decoder] mCallback->onComponentAllocated() OUT
03-13 10:24:00.746  4360  4360 I SprWallpaper|VideoPlayer: configure
03-13 10:24:00.747  4360 21439 I MediaCodec: MediaCodec will operate in async mode
03-13 10:24:00.747  4360  4360 E MediaCodec: Media Quality Service not found.
03-13 10:24:00.747  4360 21439 I MediaCodec: [c2.qti.hevc.decoder] setting surface generation to 4464958
03-13 10:24:00.747  2105  2836 I SurfaceFlinger: Capture layer list: 	 Background for 4f42fe6 SurfaceView[com.teulys.metropolis/com.teulys.metropilos.MainActivity]@0#48042(seamlessTransition:0)
03-13 10:24:00.747  2105  2836 I SurfaceFlinger: Capture layer list: 	 4f42fe6 SurfaceView[com.teulys.metropolis/com.teulys.metropilos.MainActivity]@0(BLAST)#48041(seamlessTransition:0)
03-13 10:24:00.747  2105  2836 I SurfaceFlinger: Capture layer list: 	 com.teulys.metropolis/com.teulys.metropilos.MainActivity$_21104#48036(seamlessTransition:0)
03-13 10:24:00.747  2105  2836 I SurfaceFlinger: Capture layer list: 	 InputMethod$_15873#48045(seamlessTransition:0)
03-13 10:24:00.748  2105  2342 D RenderEngine: [SEC_SF_EFFECTS] drawLayersInternal,1483, Rendering layer ScreenCaptureFillLayer at index 0
03-13 10:24:00.748  2105  2342 D RenderEngine: [SEC_SF_EFFECTS] drawLayersInternal,1483, Rendering layer 4f42fe6 SurfaceView[com.teulys.metropolis/com.teulys.metropilos.MainActivity]@0(BLAST)#48041 at index 1
03-13 10:24:00.748  2105  2342 D RenderEngine: [SEC_SF_EFFECTS] drawLayersInternal,1483, Rendering layer com.teulys.metropolis/com.teulys.metropilos.MainActivity$_21104#48036 at index 2
03-13 10:24:00.748  2105  2342 D RenderEngine: [SEC_SF_EFFECTS] drawLayersInternal,1483, Rendering layer InputMethod$_15873#48045 at index 3
03-13 10:24:00.745  2092 21449 I factory.ssc: vendor/qcom/proprietary/adsprpc/src/mod_table.c:701: open_mod_table_open_from_static: reverse module apps_std opened with handle 0xc17f4dd8 (idx 0)
03-13 10:24:00.749  4360 21440 I CCodec  : appPid(4360) width(1080) height(2640)
03-13 10:24:00.749  2053  6835 W QC2Interface: [hvcD_0] Failed to query parameters
03-13 10:24:00.749  2053  6835 I vendor.qti.media.c2@1.0-service: StrictValueWithNoDeps is called old.v.value is 2141391876 me.v.value is 0
03-13 10:24:00.749  2053  6835 I vendor.qti.media.c2@1.0-service: StrictValueWithNoDeps is called old.v.value is 1 me.v.value is 120
03-13 10:24:00.749  2053  6835 I vendor.qti.media.c2@1.0-service: [FRC-IsFilteringEnabled] entry
03-13 10:24:00.749  2053  6835 I vendor.qti.media.c2@1.0-service: [FRC-IsFilteringEnabled] frcReqInfo.value is 0
03-13 10:24:00.749  2105  2321 I VSyncReactor: Current= 120, Period= 120, Distance= 0
03-13 10:24:00.749  2092 21449 D factory.ssc: vendor/qcom/proprietary/adsprpc/src/apps_std_imp.c:380: apps_std_fopen_fd: done for ./libsns_device_mode_skel.so with fopen:52us, read:0us, rpc_alloc:0us, mmap:0us
03-13 10:24:00.749  2092 21449 D factory.ssc: vendor/qcom/proprietary/adsprpc/src/apps_std_imp.c:380: apps_std_fopen_fd: done for ./libsns_device_mode_skel.so with fopen:1us, read:0us, rpc_alloc:0us, mmap:0us
