--------- beginning of system
03-10 18:23:30.486  3163  8301 D WindowManager: captureDisplay
--------- beginning of main
03-10 18:23:30.510 18826 18865 I appium  : channel read: GET /session/b88c1379-46bd-45cc-b638-2d845a026256/source
03-10 18:23:30.513 18826 18865 I appium  : Source command
03-10 18:23:30.514 18826 18865 I appium  : Waiting up to 10000ms for the device to idle
03-10 18:23:30.586  3163  7496 D WindowManager: captureDisplay
03-10 18:23:30.687  3163  7496 D WindowManager: captureDisplay
03-10 18:23:30.788  3163  7496 D WindowManager: captureDisplay
03-10 18:23:30.850 18826 18865 I appium  : AppiumResponse: {"sessionId":"b88c1379-46bd-45cc-b638-2d845a026256","value":"<?xml version='1.0' encoding='UTF-8' standalone='yes' ?>\r\n<hierarchy index=\"0\" class=\"hierarchy\" rotation=\"0\" width=\"1080\" height=\"2640\">\r\n  <android.widget.FrameLayout index=\"0\" package=\"com.tacobell.ordering\" class=\"an…
03-10 18:23:30.874 18826 18865 I appium  : channel read: GET /session/b88c1379-46bd-45cc-b638-2d845a026256/screenshot
03-10 18:23:30.874 18826 18865 I appium  : CaptureScreenshot command
03-10 18:23:30.876 18826 18865 W tomator2.server: Accessing hidden method Landroid/view/Display;->getAddress()Landroid/view/DisplayAddress; (blocked, reflection, allowed)
03-10 18:23:30.876 18826 18865 W tomator2.server: Accessing hidden method Landroid/view/DisplayAddress$Physical;->getPhysicalDisplayId()J (blocked, reflection, allowed)
03-10 18:23:30.888  3163  7496 D WindowManager: captureDisplay
03-10 18:23:30.989  3163  3203 D WindowManager: captureDisplay
03-10 18:23:30.991  2163  2163 D motorola.hardware.sensorext-service: handle id:13 wxh:1088x2640 uwxuh:1080x2640 size: 11489280 fd:11 fd_meta:12 flags:0x4000228 usage:0x33  format:0x1 layer_count: 1 reserved_size = 0
03-10 18:23:30.992  2195  2386 I SDM     : HWCSession::SetCWBOutputBuffer: CWB config passed by cwb_client : tappoint 1  CWB_ROI : (210.000000 26.000000 274.000000 90.000000) for display [1 0 0]
03-10 18:23:30.992  2064  4171 D slpi-TCS3720: ALS_REPORT lux 34.957317, ch0 15.891276-8.196074-6.492265-3.267542, scale 1.1878, fps 90, client 1
03-10 18:23:30.992  2064  4171 D slpi-TCS3720: PRX_OC info Far, Total 0, pdata 0, offset 0 step 0.63, ore 0:0 step 21.00, TH_H 1020, TH_L 0, client 0
03-10 18:23:30.993  2195 20188 I SDM     : HWCDisplay::SetReadbackBuffer: CWB config from client: tap_point 1, CWB ROI Rect(210.000000 26.000000 274.000000 90.000000), PU_as_CWB_ROI 0, Cwb full rect : (0.000000 0.000000 1080.000000 2640.000000)
03-10 18:23:30.993  2195 20188 I SDM     : HWCDisplay::SetReadbackBuffer: Successfully configured the output buffer: readback_buffer_queued_ 1, readback_configured_ 0, cwb_client 3
03-10 18:23:30.993  2195 20188 I SDM     : HWCSession::ProcessRequests: Successfully configured CWB buffer.
03-10 18:23:31.003  2195 20188 I SDM     : HWCSession::ProcessRequests: Pushing release fence in fenece wait queue.
03-10 18:23:31.003  2195 20188 I SDM     : HWCSession::ProcessRequests: Creating AsyncFenceWaits async thread.
03-10 18:23:31.004  2195 20188 I SDM     : HWCSession::ProcessRequests: Remove current CWB request from the pending request queue.
03-10 18:23:31.004  2195 20188 I SDM     : HWCSession::ProcessRequests: No pending cwb requests found in the queue.
03-10 18:23:31.017  2195 20191 I SDM     : HWCSession::NotifyCWBStatus: Notify the client about buffer status 0.
03-10 18:23:31.018  2195 20191 I SDM     : HWCSession::PerformFenceWaits: Remove current release fence from the pending fence wait queue.
03-10 18:23:31.018  2195 20191 I SDM     : HWCSession::PerformFenceWaits: CWB fence queue is empty. No pending release fence to wait on.
03-10 18:23:31.029 20184 20184 W BpBinder: Linking to death on android.gui.ISurfaceComposer but there are no threads (yet?) listening to incoming transactions. See ProcessState::startThreadPool and ProcessState::setThreadPoolMaxThreadCount. Generally you should setup the binder threadpool before other initialization steps.
03-10 18:23:31.030 20184 20184 W ProcessState: Extra binder thread started, but 0 threads requested. Do not use *startThreadPool when zero threads are requested.
03-10 18:23:31.036  2163  2163 D SENSOREXT_ALS_COMP: FrontLight: ReportLux 8.65 (34.96-26.31), pre 5.02, dbv 2688, dc 0, fps 90, chPanel 10.81-5.42-4.57-1.86, facCal:lux_s 1.19 cha_s 1.01-1.00-1.05-1.15, RunInfo: DPB 14621-48, TF 14621-0
03-10 18:23:31.089  3163  3203 D WindowManager: captureDisplay
03-10 18:23:31.167 18826 18831 I tomator2.server: NativeAlloc concurrent mark compact GC freed 1672KB AllocSpace bytes, 62(2736KB) LOS objects, 76% free, 7418KB/31MB, paused 286us,5.650ms total 24.952ms
03-10 18:23:31.190  3163  3203 D WindowManager: captureDisplay
03-10 18:23:31.208  2064  4171 D slpi    : tmd2712: Als lux: 2.00, ch0: 62, ch1: 23, scale: 1.08, atime:50.04, again:1024
03-10 18:23:31.266  2163  2163 D motorola.hardware.sensorext-service: handle id:13 wxh:1088x2640 uwxuh:1080x2640 size: 11489280 fd:11 fd_meta:12 flags:0x4000228 usage:0x33  format:0x1 layer_count: 1 reserved_size = 0
03-10 18:23:31.267  2195  2386 I SDM     : HWCSession::SetCWBOutputBuffer: CWB config passed by cwb_client : tappoint 1  CWB_ROI : (210.000000 26.000000 274.000000 90.000000) for display [1 0 0]
03-10 18:23:31.267  2064  4171 D slpi-TCS3720: ALS_REPORT lux 31.699501, ch0 13.748631-7.599996-5.935939-2.708477, scale 1.1878, fps 90, client 1
03-10 18:23:31.268  2064  4171 D slpi-TCS3720: PRX_OC info Far, Total 0, pdata 0, offset 0 step 0.63, ore 0:0 step 21.00, TH_H 1020, TH_L 0, client 0
03-10 18:23:31.268  2195 20193 I SDM     : HWCDisplay::SetReadbackBuffer: CWB config from client: tap_point 1, CWB ROI Rect(210.000000 26.000000 274.000000 90.000000), PU_as_CWB_ROI 0, Cwb full rect : (0.000000 0.000000 1080.000000 2640.000000)
03-10 18:23:31.268  2195 20193 I SDM     : HWCDisplay::SetReadbackBuffer: Successfully configured the output buffer: readback_buffer_queued_ 1, readback_configured_ 0, cwb_client 3
03-10 18:23:31.268  2195 20193 I SDM     : HWCSession::ProcessRequests: Successfully configured CWB buffer.
03-10 18:23:31.283  2195 20193 I SDM     : HWCSession::ProcessRequests: Pushing release fence in fenece wait queue.
03-10 18:23:31.283  2195 20193 I SDM     : HWCSession::ProcessRequests: Creating AsyncFenceWaits async thread.
03-10 18:23:31.283  2195 20193 I SDM     : HWCSession::ProcessRequests: Remove current CWB request from the pending request queue.
03-10 18:23:31.283  2195 20193 I SDM     : HWCSession::ProcessRequests: No pending cwb requests found in the queue.
03-10 18:23:31.291  3163  3203 D WindowManager: captureDisplay
03-10 18:23:31.301  2195 20195 I SDM     : HWCSession::NotifyCWBStatus: Notify the client about buffer status 0.
03-10 18:23:31.302  2195 20195 I SDM     : HWCSession::PerformFenceWaits: Remove current release fence from the pending fence wait queue.
03-10 18:23:31.302  2195 20195 I SDM     : HWCSession::PerformFenceWaits: CWB fence queue is empty. No pending release fence to wait on.
03-10 18:23:31.312  2163  2163 D SENSOREXT_ALS_COMP: FrontLight: ReportLux 5.39 (31.70-26.31), pre 8.65, dbv 2688, dc 0, fps 90, chPanel 10.81-5.42-4.57-1.86, facCal:lux_s 1.19 cha_s 1.01-1.00-1.05-1.15, RunInfo: DPB 14622-48, TF 14622-0
03-10 18:23:31.393  3163  3203 D WindowManager: captureDisplay
03-10 18:23:31.494  3163  8251 D WindowManager: captureDisplay
03-10 18:23:31.595  3163  8251 D WindowManager: captureDisplay
03-10 18:23:31.641 18826 18865 I appium  : AppiumResponse: {"sessionId":"b88c1379-46bd-45cc-b638-2d845a026256","value":"iVBORw0KGgoAAAANSUhEUgAABDgAAApQCAYAAABYiJrlAAAAAXNSR0IArs4c6QAAAARzQklUCAgICHwIZIgAACAASURBVHic7N1pVFR3vu//T1VRyIyAMqigAqKgoDjijBqHmOFksDsm6cRuOyenb6buu3rdc+/9P+p1n9wzrD6r+951uvtkpXO6k5PBdNqYxDjEWSOOOCDiBMgsY4FMhRTUvg/4sw8VUFGZSt+vtVzLqtq…
03-10 18:23:31.697  3163  8251 D WindowManager: captureDisplay
03-10 18:23:31.799  3163  8251 D WindowManager: captureDisplay
03-10 18:23:31.855  2064 18123 E sensors-hal: handle_sns_client_event:62, mot_disprot_event: now=111367759864530 ts=111367721001933, type=0, status=3
03-10 18:23:31.900  3163  8251 D WindowManager: captureDisplay
03-10 18:23:31.971  5727  8012 I QImsService: VtDataUsageProvider : onSetAlert:2097152
03-10 18:23:31.971  5727  5727 I QImsService: ImsServiceClassTracker : updateAlertQuota:newQuota=2097152,Remaining=2097152
03-10 18:23:31.999  3163  3203 D WindowManager: captureDisplay
03-10 18:23:32.101  3163  3203 D WindowManager: captureDisplay
03-10 18:23:32.203  3163  3203 D WindowManager: captureDisplay
03-10 18:23:32.303  3163  3203 D WindowManager: captureDisplay
03-10 18:23:32.410  3163  3203 D WindowManager: captureDisplay
03-10 18:23:32.473  3163  5158 D WifiStaIfaceHidlImpl: getCachedScanData is not implemented by HIDL
03-10 18:23:32.512  3163  3203 D WindowManager: captureDisplay
03-10 18:23:32.612  3163  3203 D WindowManager: captureDisplay
03-10 18:23:32.714  3163  3203 D WindowManager: captureDisplay
03-10 18:23:32.815  3163  8301 D WindowManager: captureDisplay
03-10 18:23:32.915  3163  8301 D WindowManager: captureDisplay
03-10 18:23:32.958  2064  4171 D slpi    : tmd2712: Als lux: 7.10, ch0: 111, ch1: 27, scale: 1.08, atime:50.04, again:1024
03-10 18:23:33.017  3163  8301 D WindowManager: captureDisplay
03-10 18:23:33.099  2163  2163 D motorola.hardware.sensorext-service: handle id:13 wxh:1088x2640 uwxuh:1080x2640 size: 11489280 fd:11 fd_meta:12 flags:0x4000228 usage:0x33  format:0x1 layer_count: 1 reserved_size = 0
03-10 18:23:33.099  2064  4171 D slpi-TCS3720: ALS_REPORT lux 34.613781, ch0 15.577455-9.079547-6.654301-3.207836, scale 1.1878, fps 90, client 1
03-10 18:23:33.099  2195  2386 I SDM     : HWCSession::SetCWBOutputBuffer: CWB config passed by cwb_client : tappoint 1  CWB_ROI : (210.000000 26.000000 274.000000 90.000000) for display [1 0 0]
03-10 18:23:33.100  2064  4171 D slpi-TCS3720: PRX_OC info Far, Total 0, pdata 0, offset 0 step 0.63, ore 0:0 step 21.00, TH_H 1020, TH_L 0, client 0
03-10 18:23:33.100  2195 20203 I SDM     : HWCDisplay::SetReadbackBuffer: CWB config from client: tap_point 1, CWB ROI Rect(210.000000 26.000000 274.000000 90.000000), PU_as_CWB_ROI 0, Cwb full rect : (0.000000 0.000000 1080.000000 2640.000000)
03-10 18:23:33.100  2195 20203 I SDM     : HWCDisplay::SetReadbackBuffer: Successfully configured the output buffer: readback_buffer_queued_ 1, readback_configured_ 0, cwb_client 3
03-10 18:23:33.100  2195 20203 I SDM     : HWCSession::ProcessRequests: Successfully configured CWB buffer.
03-10 18:23:33.108  2064  4171 D slpi    : tmd2712: Als lux: 9.80, ch0: 157, ch1: 29, scale: 1.08, atime:50.04, again:1024
03-10 18:23:33.117  3163  8301 D WindowManager: captureDisplay
03-10 18:23:33.120  2195 20203 I SDM     : HWCSession::ProcessRequests: Pushing release fence in fenece wait queue.
03-10 18:23:33.120  2195 20203 I SDM     : HWCSession::ProcessRequests: Creating AsyncFenceWaits async thread.
03-10 18:23:33.120  2195 20203 I SDM     : HWCSession::ProcessRequests: Remove current CWB request from the pending request queue.
03-10 18:23:33.121  2195 20203 I SDM     : HWCSession::ProcessRequests: No pending cwb requests found in the queue.
03-10 18:23:33.139  2195 20205 I SDM     : HWCSession::NotifyCWBStatus: Notify the client about buffer status 0.
03-10 18:23:33.139  2195 20205 I SDM     : HWCSession::PerformFenceWaits: Remove current release fence from the pending fence wait queue.
03-10 18:23:33.139  2195 20205 I SDM     : HWCSession::PerformFenceWaits: CWB fence queue is empty. No pending release fence to wait on.
03-10 18:23:33.151  2163  2163 D SENSOREXT_ALS_COMP: FrontLight: ReportLux 8.31 (34.61-26.31), pre 5.39, dbv 2688, dc 0, fps 90, chPanel 10.81-5.42-4.57-1.86, facCal:lux_s 1.19 cha_s 1.01-1.00-1.05-1.15, RunInfo: DPB 14623-48, TF 14623-0
03-10 18:23:33.225  3163  8301 D WindowManager: captureDisplay
03-10 18:23:33.258  2064  4171 D slpi    : tmd2712: Als lux: 12.50, ch0: 201, ch1: 34, scale: 1.08, atime:50.04, again:1024
03-10 18:23:33.325  3163  8301 D WindowManager: captureDisplay
03-10 18:23:33.358  2064  4171 D slpi    : tmd2712: Als lux: 9.80, ch0: 157, ch1: 29, scale: 1.08, atime:50.04, again:1024
03-10 18:23:33.427  3163  8301 D WindowManager: captureDisplay
03-10 18:23:33.458  2064  4171 D slpi    : tmd2712: Als lux: 11.90, ch0: 191, ch1: 33, scale: 1.08, atime:50.04, again:1024
03-10 18:23:33.527  3163  8301 D WindowManager: captureDisplay
03-10 18:23:33.629  3163  8301 D WindowManager: captureDisplay
03-10 18:23:33.658  2064  4171 D slpi    : tmd2712: Als lux: 9.50, ch0: 152, ch1: 29, scale: 1.08, atime:50.04, again:1024
03-10 18:23:33.731  3163  8301 D WindowManager: captureDisplay
03-10 18:23:33.833  3163  8301 D WindowManager: captureDisplay
03-10 18:23:33.882 10834 10996 I ProtoXDBBufferWrapper: ProtoXDBBufferWrapper.flushToStorage():158 Flushed 10 data item(s) to storage.
03-10 18:23:33.931  3163  3203 D WindowManager: captureDisplay
03-10 18:23:33.958  2064  4171 D slpi    : tmd2712: Als lux: 7.50, ch0: 118, ch1: 26, scale: 1.08, atime:50.04, again:1024
03-10 18:23:34.033  3163  7496 D WindowManager: captureDisplay
03-10 18:23:34.135  3163  7496 D WindowManager: captureDisplay
03-10 18:23:34.205 18543 18708 E msys    : E[N mns]_OnDiskCacheGetData(632)=>Start post callback cache refresh DNS resolution
03-10 18:23:34.208  2064  4171 D slpi    : tmd2712: Als lux: 22.30, ch0: 358, ch1: 64, scale: 1.08, atime:50.04, again:1024
03-10 18:23:34.219 18543 18708 E msys    : E[N mns]_LogError(228)=>Failed to resolve using system DNS resolver, getaddrinfo(): No address associated with hostname
03-10 18:23:34.219 18543 18708 E msys    : E[N mns]_OnDiskCacheGetData(632)=>Start post callback cache refresh DNS resolution
03-10 18:23:34.221 18543 18708 E msys    : E[N mns]_LogError(228)=>Failed to resolve using system DNS resolver, getaddrinfo(): No address associated with hostname
03-10 18:23:34.235  3163  7496 D WindowManager: captureDisplay
03-10 18:23:34.257  2064  4171 D slpi    : tmd2712: Als lux: 57.90, ch0: 914, ch1: 201, scale: 1.08, atime:50.04, again:1024
03-10 18:23:34.308  2064  4171 D slpi    : tmd2712: Als lux: 82.40, ch0: 1312, ch1: 260, scale: 1.08, atime:50.04, again:1024
03-10 18:23:34.339  3163  7496 D WindowManager: captureDisplay
03-10 18:23:34.368  5643 10714 D ApfFilter: (wlan0): Ignoring RA RA fe80::c294:35ff:fe71:84fd -> ff02::1 180s 2601:85:ca02:f280::/64 7200s/7200s DNS 180s 2601:85:ca02:f280:c294:35ff:fe71:84fd 2001:558:feed::1 2001:558:feed::2 RIO 180s ::/0  which matches RA fe80::c294:35ff:fe71:84fd -> ff02::1 180s 2601:85:ca02:f280::/64 7200s/7200s DNS 180s 2601:85:ca02:f280:c294:35ff:fe71:84fd 2001:558:feed::1 2001:558:feed::2 RIO 180s ::/0 
03-10 18:23:34.380  2064  4171 I slpi-MOT_HINGE: Hingeposture 110.0 tent:0 gpio:-1 flip:1 flat:1 b:-2.6 5.8 7.5 -45.5 -10.2 -4.8 f:-2.6 8.8 -3.4 -60.5 -9.9 8.4
03-10 18:23:34.384  3163  3231 I DeviceStateManagerService: Cannot notify device state info change when pending state is present.
03-10 18:23:34.386  3163  3227 D TouchHwAidlService: onStateChanged.. state=4
03-10 18:23:34.386  3163  3229 D CLI/SmallCLI: onDeviceLidStateChanged: state=LAPTOP
03-10 18:23:34.388  5625  5625 I vol.VolumeDialogImpl: mDialog.dismiss() reason: posture_changed from: com.android.systemui.volume.VolumeDialogImpl$H.handleMessage:111 displayId: 0 mShowing: false mIsAnimatingDismiss: false
03-10 18:23:34.391  3163  3352 W BoostOptController: not supported hint: 118
03-10 18:23:34.391  3163  3231 I LogicalDisplayMapper: Requesting Transition to state: 4, from state=5, interactive=true, mBootCompleted=true
03-10 18:23:34.391  2300  2597 I Scheduler: applyPolicy: UpdateRefreshRate 60 to 120 of group 3: [touch=1:1 touchBoost=1 scroll=0:0 idle=1:0] for display 4630947043778501762
03-10 18:23:34.392  3163  3231 I LogicalDisplayMapper: Applying layout: [{dispId: 0(ON), displayGroupName: , addr: {port=130, model=0x40446dccee101c}, mThermalBrightnessThrottlingMapId: null, mRefreshRateZoneId: null, mLeadDisplayId: -1, mLeadDisplayAddress: null, mThermalRefreshRateThrottlingMapId: null, mPowerThrottlingMapId: null}], Previous layout: [{dispId: 0(ON), displayGroupName: , addr: {port=130, model=0x40446dccee101c}, mThermalBrightnessThrottlingMapId: null, mRefreshRateZoneId: null, mLeadDisplayId: -1, mLeadDisplayAddress: null, mThermalRefreshRateThrottlingMapId: null, mPowerThrottlingMapId: null}]
03-10 18:23:34.392  2300  2597 D DisplayModeController: setDesiredMode 4630947043778501762 {mode={fps=120.00 Hz, modePtr={id=0, vsyncRate=120.00 Hz, peakRefreshRate=120.00 Hz}}, emitEvent=true, force=false}
03-10 18:23:34.399  2300  2300 I SurfaceFlinger: initiateDisplayModeChanges changing active mode from 5(60.00 Hz:3) to 0(120.00 Hz:3) for display 4630947043778501762
03-10 18:23:34.400  2300  2300 I SurfaceFlinger: initiateDisplayModeChanges active mode changed to 0(120.00 Hz) for display 4630947043778501762. mBrightnessDimingCnt=0
03-10 18:23:34.400  2195  2386 W SDM     : HWDeviceDRM::GetSupportedBitClkRate: Requested rate not supported: 0
03-10 18:23:34.400  2195  2386 I SDM     : HWDeviceDRM::UpdateMixerAttributes: Mixer WxH 1080x2640-0 for Peripheral
03-10 18:23:34.401  2195  2386 I SDM     : HWCDisplay::SubmitDisplayConfig: Active configuration changed from config 5 to 0
03-10 18:23:34.401  2300  2436 D VSyncReactor: 4630947043778501762: confirming period 16->8(cnt1)
03-10 18:23:34.402  3163  4279 I CLI/Transition_Device: lid state changed: OPEN -> OPEN, device state changed to LAPTOP
03-10 18:23:34.402  3163  4279 D CLI/Rotation: Set volume keyswap sysprop for rotation 2 lidState OPEN
03-10 18:23:34.402  2195  2269 I SDM     : HWDeviceDRM::SetupConcurrentWriteback: Tear down the Concurrent Writeback topology
03-10 18:23:34.405  3163  4279 E WindowManager: Display reconfigured outside of a transition: Display{#0 state=ON size=1080x2640 ROTATION_0}
03-10 18:23:34.407  3163  3352 D BrightnessThermalClamper: Thermal status observer already started
03-10 18:23:34.411  3163  3231 D DisplayManagerService: Ignore redundant display event 0/2 to 10416/11416
03-10 18:23:34.411  3163  3231 D DisplayManagerService: Ignore redundant display event 0/2 to 10303/16887
03-10 18:23:34.411  3163  3231 D DisplayManagerService: Ignore redundant display event 0/2 to 10608/18543
03-10 18:23:34.412  3163  3231 D DisplayManagerService: Ignore redundant display event 0/2 to 10276/22523
03-10 18:23:34.417  2300  2436 D VSyncReactor: 4630947043778501762: period 8 confirmed(cnt1)
03-10 18:23:34.433  2300  2300 I SurfaceFlinger: initiateDisplayModeChanges changing active mode from 0(120.00 Hz:3) to 0(120.00 Hz:3) for display 4630947043778501762
03-10 18:23:34.440  3163  8301 D WindowManager: captureDisplay
03-10 18:23:34.541  3163  8301 D WindowManager: captureDisplay
03-10 18:23:34.641  3163  8301 D WindowManager: captureDisplay
03-10 18:23:34.658  2064  4171 D slpi    : tmd2712: Als lux: 102.70, ch0: 1649, ch1: 295, scale: 1.08, atime:50.04, again:1024
03-10 18:23:34.708  2064  4171 D slpi    : tmd2712: Als lux: 119.00, ch0: 1921, ch1: 321, scale: 1.08, atime:50.04, again:1024
03-10 18:23:34.720  5625  5625 I vol.VolumeDialogImpl: dismissH reason = posture_changed mDialog.isShowing(): false
03-10 18:23:34.726  3706  3714 I android.hardware.thermal@2.0-service.qti-v2: Sensor Name:skin1 temp: 37.737. prev severity:3. cur severity:0 New severity:0
03-10 18:23:34.744  3163  8301 D WindowManager: captureDisplay
03-10 18:23:34.758  2064  4171 D slpi    : tmd2712: Als lux: 131.70, ch0: 2134, ch1: 338, scale: 1.08, atime:50.04, again:1024
03-10 18:23:34.776  2064  4171 D slpi-TCS3720: ALS_REPORT lux 29.333101, ch0 12.823400-7.030528-5.439027-2.442515, scale 1.1878, fps 90, client 1
03-10 18:23:34.776  2064  4171 D slpi-TCS3720: PRX_OC info Far, Total 0, pdata 0, offset 0 step 0.63, ore 0:0 step 21.00, TH_H 1020, TH_L 0, client 0
03-10 18:23:34.776  2163  2163 D motorola.hardware.sensorext-service: handle id:13 wxh:1088x2640 uwxuh:1080x2640 size: 11489280 fd:11 fd_meta:12 flags:0x4000228 usage:0x33  format:0x1 layer_count: 1 reserved_size = 0
03-10 18:23:34.777  2195  2386 I SDM     : HWCSession::SetCWBOutputBuffer: CWB config passed by cwb_client : tappoint 1  CWB_ROI : (210.000000 26.000000 274.000000 90.000000) for display [1 0 0]
03-10 18:23:34.780  2195 20222 I SDM     : HWCDisplay::SetReadbackBuffer: CWB config from client: tap_point 1, CWB ROI Rect(210.000000 26.000000 274.000000 90.000000), PU_as_CWB_ROI 0, Cwb full rect : (0.000000 0.000000 1080.000000 2640.000000)
03-10 18:23:34.780  2195 20222 I SDM     : HWCDisplay::SetReadbackBuffer: Successfully configured the output buffer: readback_buffer_queued_ 1, readback_configured_ 0, cwb_client 3
03-10 18:23:34.781  2195 20222 I SDM     : HWCSession::ProcessRequests: Successfully configured CWB buffer.
03-10 18:23:34.784  3163  3352 I DisplayPowerController2[0]: 03-10 18:23:34.783 - BrightnessEvent: disp=0, physDisp=local:4630947043778501762, displayState=ON, displayPolicy=BRIGHT, brt=0.29838702, initBrt=0.14133647, rcmdBrt=0.29838702, preBrt=0.14133647, lux=19.443066, preLux=3.739192, brtNits=61.738712, hdrNits=NaN, initNits=15.848819, preNits=15.848819, rcmdNits=61.738712, hdrBrightness=NaN, brt(%)=35%, brtInt=77, hbmPolicy=normal, hbmMax=0.85440856, hbmMode=off, rbcStrength=50, thrmMax=1.0, powerFactor=1.0, wasShortTermModelActive=false, flags=, reason=automatic, autoBrightness=true, strategy=InvalidBrightnessStrategy, autoBrightnessMode=default
03-10 18:23:34.786  2300  4967 I SurfaceFlinger: mBrightnessDiming=1, isCli=0, mBrightnessDimingCnt=0
03-10 18:23:34.788  3163  3163 I BrightnessSynchronizer: New Update: {[8907] 0.29838702(f), mUpdatedTypes=1, mConfirmedTypes=0, mTimeUpdated=0, mState=2}
03-10 18:23:34.789  3163  3163 I BrightnessSynchronizer: [8907] New Update 0.29838702(f) set brightness values:  77(i)
03-10 18:23:34.790  3163  3163 I BrightnessSynchronizer: Swallowing update of 77(i) by update: {[8907] 0.29838702(f), mUpdatedTypes=1, mConfirmedTypes=1, mTimeUpdated=71925307, mState=2}
03-10 18:23:34.790  3163  3163 I BrightnessSynchronizer: Completed Update: {[8907] 0.29838702(f), mUpdatedTypes=1, mConfirmedTypes=1, mTimeUpdated=71925307, mState=3}
03-10 18:23:34.795  2195 20222 I SDM     : HWCSession::ProcessRequests: Pushing release fence in fenece wait queue.
03-10 18:23:34.795  2195 20222 I SDM     : HWCSession::ProcessRequests: Creating AsyncFenceWaits async thread.
03-10 18:23:34.795  2195 20222 I SDM     : HWCSession::ProcessRequests: Remove current CWB request from the pending request queue.
03-10 18:23:34.795  2195 20222 I SDM     : HWCSession::ProcessRequests: No pending cwb requests found in the queue.
03-10 18:23:34.800  3163  3163 I BrightnessSynchronizer: New Update: {[8908] 0.29838702(f), mUpdatedTypes=0, mConfirmedTypes=0, mTimeUpdated=0, mState=2}
03-10 18:23:34.808  2064  4171 D slpi    : tmd2712: Als lux: 154.20, ch0: 2511, ch1: 368, scale: 1.08, atime:50.04, again:1024
03-10 18:23:34.809  2195 20225 I SDM     : HWCSession::NotifyCWBStatus: Notify the client about buffer status 0.
03-10 18:23:34.809  2195 20225 I SDM     : HWCSession::PerformFenceWaits: Remove current release fence from the pending fence wait queue.
03-10 18:23:34.809  2195 20225 I SDM     : HWCSession::PerformFenceWaits: CWB fence queue is empty. No pending release fence to wait on.
03-10 18:23:34.821  2163  2163 D SENSOREXT_ALS_COMP: FrontLight: ReportLux 3.03 (29.33-26.31), pre 8.31, dbv 2688, dc 0, fps 90, chPanel 10.81-5.42-4.57-1.86, facCal:lux_s 1.19 cha_s 1.01-1.00-1.05-1.15, RunInfo: DPB 14624-48, TF 14624-0
03-10 18:23:34.844  3163  8301 D WindowManager: captureDisplay
03-10 18:23:34.945  3163  8301 D WindowManager: captureDisplay
03-10 18:23:34.958  2064  4171 D slpi    : tmd2712: Als lux: 112.30, ch0: 1763, ch1: 409, scale: 1.08, atime:50.04, again:1024
03-10 18:23:35.008  2064  4171 D slpi    : tmd2712: Als lux: 41.50, ch0: 1154, ch1: 335, scale: 1.08, atime:50.04, again:1024
03-10 18:23:35.021  5727  8012 I QImsService: VtDataUsageProvider : onSetAlert:2097152
03-10 18:23:35.022  5727  5727 I QImsService: ImsServiceClassTracker : updateAlertQuota:newQuota=2097152,Remaining=2097152
03-10 18:23:35.035  3163  4188 W PackageManager: Missing required system package: com.tacobell.ordering, but found with extended search.
03-10 18:23:35.043  3163  3249 D addPss  : tracker=ProcessState{408fe68 com.tacobell.ordering/10597 pkg=com.tacobell.ordering}
03-10 18:23:35.046  3163  7400 D WindowManager: captureDisplay
03-10 18:23:35.051  2163  2163 D motorola.hardware.sensorext-service: handle id:13 wxh:1088x2640 uwxuh:1080x2640 size: 11489280 fd:11 fd_meta:12 flags:0x4000228 usage:0x33  format:0x1 layer_count: 1 reserved_size = 0
03-10 18:23:35.051  2195  2392 I SDM     : HWCSession::SetCWBOutputBuffer: CWB config passed by cwb_client : tappoint 1  CWB_ROI : (210.000000 26.000000 274.000000 90.000000) for display [1 0 0]
03-10 18:23:35.052  2195 20226 I SDM     : HWCDisplay::SetReadbackBuffer: CWB config from client: tap_point 1, CWB ROI Rect(210.000000 26.000000 274.000000 90.000000), PU_as_CWB_ROI 0, Cwb full rect : (0.000000 0.000000 1080.000000 2640.000000)
03-10 18:23:35.052  2195 20226 I SDM     : HWCDisplay::SetReadbackBuffer: Successfully configured the output buffer: readback_buffer_queued_ 1, readback_configured_ 0, cwb_client 3
03-10 18:23:35.052  2195 20226 I SDM     : HWCSession::ProcessRequests: Successfully configured CWB buffer.
03-10 18:23:35.052  2064  4171 D slpi-TCS3720: ALS_REPORT lux 36.136684, ch0 16.188866-8.999714-6.746122-3.120991, scale 1.1878, fps 90, client 1
03-10 18:23:35.053  2064  4171 D slpi-TCS3720: PRX_OC info Far, Total 0, pdata 0, offset 0 step 0.63, ore 0:0 step 21.00, TH_H 1020, TH_L 0, client 0
03-10 18:23:35.056 18884 18928 I TRuntime.CctTransportBackend: Making request to: https://firebaselogging-pa.googleapis.com/v1/firelog/legacy/batchlog
03-10 18:23:35.057  2064  4171 D slpi    : tmd2712: Als lux: 19.90, ch0: 581, ch1: 190, scale: 1.08, atime:50.04, again:1024
03-10 18:23:35.061  2195 20226 I SDM     : HWCSession::ProcessRequests: Pushing release fence in fenece wait queue.
03-10 18:23:35.062  2195 20226 I SDM     : HWCSession::ProcessRequests: Creating AsyncFenceWaits async thread.
03-10 18:23:35.063  2195 20226 I SDM     : HWCSession::ProcessRequests: Remove current CWB request from the pending request queue.
03-10 18:23:35.063  2195 20226 I SDM     : HWCSession::ProcessRequests: No pending cwb requests found in the queue.
03-10 18:23:35.076  2195 20244 I SDM     : HWCSession::NotifyCWBStatus: Notify the client about buffer status 0.
03-10 18:23:35.077  2195 20244 I SDM     : HWCSession::PerformFenceWaits: Remove current release fence from the pending fence wait queue.
03-10 18:23:35.077  2195 20244 I SDM     : HWCSession::PerformFenceWaits: CWB fence queue is empty. No pending release fence to wait on.
03-10 18:23:35.090  2163  2163 D SENSOREXT_ALS_COMP: FrontLight: ReportLux 0.10 (36.14-36.10), pre 3.03, dbv 3382, dc 0, fps 90, chPanel 16.44-8.94-6.66-2.81, facCal:lux_s 1.19 cha_s 0.97-0.95-0.99-1.07, RunInfo: DPB 14625-48, TF 14625-0
03-10 18:23:35.108  2064  4171 D slpi    : tmd2712: Als lux: 11.80, ch0: 347, ch1: 115, scale: 1.08, atime:50.04, again:1024
03-10 18:23:35.115 18543 18708 E msys    : E[N mns]_OnDiskCacheGetData(632)=>Start post callback cache refresh DNS resolution
03-10 18:23:35.129 18543 18708 E msys    : E[N mns]_LogError(228)=>Failed to resolve using system DNS resolver, getaddrinfo(): No address associated with hostname
03-10 18:23:35.132  2064 18123 E sensors-hal: handle_sns_client_event:62, mot_disprot_event: now=111371036527341 ts=111370998017922, type=16, status=3
03-10 18:23:35.146  3163  7400 D WindowManager: captureDisplay
03-10 18:23:35.158  2064  4171 D slpi    : tmd2712: Als lux: 9.80, ch0: 286, ch1: 94, scale: 1.08, atime:50.04, again:1024
03-10 18:23:35.171  2064  4173 I sensors-hal: handle_sns_client_event:365, mot_flip_event: now=111371075849685 hal ts=111371073315110, MOT_FLIP_STATE_CLOSED, count=964.0, cause=0.0, fwreg 1
03-10 18:23:35.171  2064  4171 D slpi-MOT_HALL: Flip send data : 2, State: North near
03-10 18:23:35.172  2064  4173 I sensors-hal: sns_device_mode_init:227, sns_device_mode_init Start
03-10 18:23:35.172  2064  4171 E slpi    : MOT_GPIO_FLIP kernel state gpio unset
03-10 18:23:35.172  2064  4171 I slpi-MOT_HINGE: Hingeposture   0.0 tent:0 gpio:-1 flip:2 flat:1 b:-1.5 5.2 8.2 66.8 21.4 34.5 f:-1.5 -5.1 -8.2 68.4 -19.2 -35.9
03-10 18:23:35.172  2064  4173 I android.hardware.sensors@2.1-service.multihal: vendor/qcom/proprietary/adsprpc/src/fastrpc_apps_user.c:1553: remote_handle64_open: Successfully opened handle 0x1aeb0010 for '":;./\createstaticpd:sensorspd&_dom=adsp on domain 0
03-10 18:23:35.174  2064 20246 I android.hardware.sensors@2.1-service.multihal: vendor/qcom/proprietary/adsprpc/src/listener_android.c:116: listener thread starting
03-10 18:23:35.174  2064  4173 I android.hardware.sensors@2.1-service.multihal: vendor/qcom/proprietary/adsprpc/src/fastrpc_perf.c:273: fastrpc_perf_init: enabled systrace 0x0 and RPC traces (kernel 0, dsp 0) with frequency 1000
03-10 18:23:35.175  2064 20248 I android.hardware.sensors@2.1-service.multihal: vendor/qcom/proprietary/adsprpc/src/log_config.c:348: file_watcher_thread starting for domain 0
03-10 18:23:35.175  2064 20248 W android.hardware.sensors@2.1-service.multihal: vendor/qcom/proprietary/adsprpc/src/log_config.c:358:file_watcher_thread: Couldn't find file android.hardware.sensors@2.1-service.multihal.farf, errno (No such file or directory)
03-10 18:23:35.176  2064 20246 I android.hardware.sensors@2.1-service.multihal: vendor/qcom/proprietary/adsprpc/src/mod_table.c:703: open_mod_table_open_from_static: reverse module apps_std opened with handle 0x450dfe00 (idx 0)
03-10 18:23:35.177  2064 20246 I android.hardware.sensors@2.1-service.multihal: vendor/qcom/proprietary/adsprpc/src/apps_std_imp.c:860: Successfully opened file /vendor/dsp/adsp/libsns_device_mode_skel.so
03-10 18:23:35.180  3163  3231 W OverrideRequestController: Attempted to cancel a null OverrideRequest
03-10 18:23:35.180  3163  3231 I DeviceStateManagerService: Cannot notify device state info change when pending state is present.
03-10 18:23:35.181  2064  4173 E android.hardware.sensors@2.1-service.multihal: vendor/qcom/proprietary/adsprpc/src/fastrpc_apps_user.c:1491: Error 0x80000406: remote_handle_open_domain: dynamic loading failed for file:///libsns_device_mode_skel.so?sns_device_mode_skel_handle_invoke&_modver=1.0&_dom=adsp on domain 0 (dlerror segment 0 failed hash verification(0x34DC000 B)) (errno Success)
03-10 18:23:35.181  2064  4173 E android.hardware.sensors@2.1-service.multihal: vendor/qcom/proprietary/adsprpc/src/fastrpc_apps_user.c:1550: Error 0x80000406: remote_handle64_open failed for file:///libsns_device_mode_skel.so?sns_device_mode_skel_handle_invoke&_modver=1.0&_dom=adsp (errno Success)
03-10 18:23:35.181  2064  4173 I sensors-hal: sns_device_mode_init:262, sns_device_mode_init End
03-10 18:23:35.181  2064  4173 E sensors-hal: sendDeviceMode:287, mot_flip: one or mode handles unopened: dm 0 rpc 1
03-10 18:23:35.182  2064  4173 E android.hardware.sensors@2.1-service.multihal: vendor/qcom/proprietary/adsprpc/src/fastrpc_apps_user.c:1366: Error 0x80000600: remote_handle_invoke failed for handle 0x0, method 1 on domain 0 (sc 0x1010200) (errno Success)
03-10 18:23:35.182  2064  4173 E android.hardware.sensors@2.1-service.multihal: vendor/qcom/proprietary/adsprpc/src/fastrpc_apps_user.c:1575: Error 0x80000600: remote_handle_close failed for handle 0x0 (dlerr \) (errno Success)
03-10 18:23:35.182  2064  4173 I android.hardware.sensors@2.1-service.multihal: vendor/qcom/proprietary/adsprpc/src/fastrpc_apps_user.c:2737: domain_deinit for domain 0: dev 83
03-10 18:23:35.183  2064 20246 E android.hardware.sensors@2.1-service.multihal: vendor/qcom/proprietary/adsprpc/src/fastrpc_apps_user.c:3516: exit_thread current process1 thread exit nErr = 0x8000040d domain 0, handle 0xb400007d1aeb0010
03-10 18:23:35.183  2064 20248 W android.hardware.sensors@2.1-service.multihal: vendor/qcom/proprietary/adsprpc/src/log_config.c:368:Warning: file_watcher_thread received exit for domain 0, file android.hardware.sensors@2.1-service.multihal.farf
03-10 18:23:35.183  2064 20248 I android.hardware.sensors@2.1-service.multihal: vendor/qcom/proprietary/adsprpc/src/log_config.c:415: file_watcher_thread exiting for domain 0
03-10 18:23:35.184  2064  4173 I android.hardware.sensors@2.1-service.multihal: vendor/qcom/proprietary/adsprpc/src/mod_table.c:789: open_mod_table_close: closed reverse module apps_std with handle 0x450dfe00
03-10 18:23:35.184  2064  4173 E android.hardware.sensors@2.1-service.multihal: vendor/qcom/proprietary/adsprpc/src/fastrpc_apps_user.c:1614: Error 0x80000600: remote_handle64_close failed for handle 0xb400007d1aeb0010 remote handle 0x0 (errno Success)
03-10 18:23:35.186  3163  3227 D TouchHwAidlService: onStateChanged.. state=0
03-10 18:23:35.188  5625  5625 I vol.VolumeDialogImpl: mDialog.dismiss() reason: posture_changed from: com.android.systemui.volume.VolumeDialogImpl$H.handleMessage:111 displayId: 0 mShowing: false mIsAnimatingDismiss: false
03-10 18:23:35.189  6461  6564 I Capsense_Cal: Sensor GetEvents event_count==1
03-10 18:23:35.189  6461  6564 D Capsense_Cal: SensorThread sensorEvents
03-10 18:23:35.189  6461  6564 D Capsense_Cal: Capsensor hallEventHandler sensorEvents->data[0]==2.000000
03-10 18:23:35.189  6461  6564 D Capsense_Cal: start cal : /sys/class/capsense/capsense1/reset, msg: flip_near
03-10 18:23:35.190  3163  3229 D CLI/SmallCLI: onDeviceLidStateChanged: state=CLOSED_HALL
03-10 18:23:35.190  5625  5669 D ShellSplitScreen: onFoldedStateChanged: folded=true
03-10 18:23:35.193  6461  6564 D Capsense_Cal: start cal : /sys/class/capsense/capsense0/reset, msg: flip_near
03-10 18:23:35.194  3163  3352 W BoostOptController: not supported hint: 118
03-10 18:23:35.195  3163  3231 I LogicalDisplayMapper: Requesting Transition to state: 0, from state=4, interactive=true, mBootCompleted=true
03-10 18:23:35.195  3163  3231 I LogicalDisplayMapper: Applying layout: [{dispId: 0(ON), displayGroupName: , addr: {port=130, model=0x40446dccee101c}, mThermalBrightnessThrottlingMapId: null, mRefreshRateZoneId: null, mLeadDisplayId: -1, mLeadDisplayAddress: null, mThermalRefreshRateThrottlingMapId: null, mPowerThrottlingMapId: null}], Previous layout: [{dispId: 0(ON), displayGroupName: , addr: {port=130, model=0x40446dccee101c}, mThermalBrightnessThrottlingMapId: null, mRefreshRateZoneId: null, mLeadDisplayId: -1, mLeadDisplayAddress: null, mThermalRefreshRateThrottlingMapId: null, mPowerThrottlingMapId: null}]
03-10 18:23:35.196  2067 14471 D AHAL: AudioDevice: SetParameters: 1564: enter: device_folded=on
03-10 18:23:35.197  2067 14471 D AHAL: AudioVoice: VoiceSetParameters: 87: Enter params: device_folded=on
03-10 18:23:35.197  2067 14471 D AHAL: AudioVoice: VoiceSetParameters: 360: Exit ret: 0
03-10 18:23:35.197  2067 14471 D AHAL: FM: fm_set_parameters: 262: Enter
03-10 18:23:35.197  2067 14471 D AHAL: FM: fm_set_parameters: 320: exit
03-10 18:23:35.197  2067 14471 D AHAL: AudioDevice: SetParameters: 2361: exit: device_folded=on
03-10 18:23:35.201  3163  4279 I CLI/Transition_Device: lid state changed: OPEN -> CLOSED, device state changed to CLOSED_HALL
03-10 18:23:35.204  3163  4279 D CLI/Transition_Lid: update lid state CLOSED
03-10 18:23:35.217  3163  3227 D TouchHwAidlService: onTapToWakeSettingsChanged isAmbientDisplayAvailable=1 aodEnable=true singleTapEnable=true doubleTapEnable=true lidState=0 callers=com.motorola.server.display.TouchHwAidlService.-$$Nest$monTapToWakeSettingsChanged:0 com.motorola.server.display.TouchHwAidlService$4.onChange:573 android.database.ContentObserver.onChange:184 
03-10 18:23:35.219  5625  5625 D SCliNotifPanelController: onLidClosed
03-10 18:23:35.220  3163  3227 D TouchHwAidlService: enableTapWake mode=33 displayId=0 mGestureStowMode=true
03-10 18:23:35.220  3163  3227 D TouchHwAidlService: transfer mode=33 transMode=32 cli=false
03-10 18:23:35.220  5625  5625 V SmallCli_WindowController: state=SmallCli window State {
03-10 18:23:35.220  5625  5625 V SmallCli_WindowController:   mBrightnessVisible: false
03-10 18:23:35.220  5625  5625 V SmallCli_WindowController:   mDynamicPanelVisible: false
03-10 18:23:35.220  5625  5625 V SmallCli_WindowController:   mFlashLightPrompt: false
03-10 18:23:35.220  5625  5625 V SmallCli_WindowController:   mHeadsUpPanelVisible: false
03-10 18:23:35.220  5625  5625 V SmallCli_WindowController:   mKeyguardOccluded: false
03-10 18:23:35.220  5625  5625 V SmallCli_WindowController:   mLidOpen: false
03-10 18:23:35.220  5625  5625 V SmallCli_WindowController:   mNotificationVisible: false
03-10 18:23:35.220  5625  5625 V SmallCli_WindowController:   mPowerMenuVisible: false
03-10 18:23:35.220  5625  5625 V SmallCli_WindowController:   mQsVisible: false
03-10 18:23:35.220  5625  5625 V SmallCli_WindowController:   mVolumeVisible: false
03-10 18:23:35.220  5625  5625 V SmallCli_WindowController: }
03-10 18:23:35.221  2106  2106 I motorola.hardware.display.touch-service: Setting Gesture to 32
03-10 18:23:35.224  7314  7314 D GameMode: mCLIStatusReceiver: 0
03-10 18:23:35.225  3163  3227 D TouchHwAidlService: setGestureModeHal done mode=33 newMode=32 result=0
03-10 18:23:35.226  3163  3227 D TouchHwAidlService: enableTapWake mode=33 displayId=1 mGestureStowMode=true
03-10 18:23:35.226  2106  2106 I motorola.hardware.display.touch-service: Setting CLI Gesture to 33
03-10 18:23:35.228  3163  3227 D TouchHwAidlService: setCliGestureModeHal done mode=33 newMode=33 result=0
03-10 18:23:35.228  3163  3227 D TouchHwAidlService: enableTapWake mode=49 displayId=-1 mGestureStowMode=true
03-10 18:23:35.228  3163  3227 D TouchHwAidlService: transfer mode=49 transMode=48 cli=false
03-10 18:23:35.228  2106  2106 I motorola.hardware.display.touch-service: Setting Gesture to 48
03-10 18:23:35.229  3163  3227 D TouchHwAidlService: setGestureModeHal done mode=49 newMode=48 result=0
03-10 18:23:35.229  2106  2106 I motorola.hardware.display.touch-service: Setting CLI Gesture to 49
03-10 18:23:35.230  3163  8301 W InputManager-JNI: Input channel object '[Gesture Monitor] moto_actions_input_channel (client)' was disposed without first being removed with the input manager!
03-10 18:23:35.231  3163  3227 D TouchHwAidlService: setCliGestureModeHal done mode=49 newMode=49 result=0
03-10 18:23:35.232  3163  3227 D TouchHwAidlService: Unregister stow sensor
03-10 18:23:35.233  3163  3227 W AlarmManager: Unrecognized alarm listener com.motorola.server.display.TouchHwAidlService$AlarmListenerImpl@de23d8f
03-10 18:23:35.233  3163  3227 D TouchHwAidlService: Unregister stow sensor
03-10 18:23:35.233  2067 14471 D AHAL: AudioDevice: SetParameters: 1564: enter: cli_state=close
03-10 18:23:35.233  2067 14471 D AHAL: AudioVoice: VoiceSetParameters: 87: Enter params: cli_state=close
03-10 18:23:35.233  2067 14471 D AHAL: AudioVoice: VoiceSetParameters: 360: Exit ret: 0
03-10 18:23:35.233  2067 14471 D AHAL: FM: fm_set_parameters: 262: Enter
03-10 18:23:35.233  2067 14471 D AHAL: FM: fm_set_parameters: 320: exit
03-10 18:23:35.233  2067 14471 D AHAL: AudioDevice: SetParameters: 2361: exit: cli_state=close
03-10 18:23:35.233  3163  3227 W AlarmManager: Unrecognized alarm listener com.motorola.server.display.TouchHwAidlService$AlarmListenerImpl@de23d8f
03-10 18:23:35.234  3163  3227 D TouchHwAidlService: Unregister stow sensor
03-10 18:23:35.234  3163  3227 W AlarmManager: Unrecognized alarm listener com.motorola.server.display.TouchHwAidlService$AlarmListenerImpl@de23d8f
03-10 18:23:35.234  3163  3227 D TouchHwAidlService: enableGestureStowMode stowed: false
03-10 18:23:35.235  2106  2106 I motorola.hardware.display.touch-service: Setting stow gesture mode to 0 for panel 1
03-10 18:23:35.236  3163  3227 D TouchHwAidlService: setStowGestureMode for cli stowed=false ret=0
03-10 18:23:35.236  3163  3227 D TouchHwAidlService: enableGestureStowMode stowed: false
03-10 18:23:35.236  2106  2106 I motorola.hardware.display.touch-service: Setting stow gesture mode to 0 for panel 1
03-10 18:23:35.236  3163  3227 D TouchHwAidlService: setStowGestureMode for cli stowed=false ret=0
03-10 18:23:35.236  3163  3227 D TouchHwAidlService: enableGestureStowMode stowed: false
03-10 18:23:35.236  2106  2106 I motorola.hardware.display.touch-service: Setting stow gesture mode to 0 for panel 1
03-10 18:23:35.236  3163  3227 D TouchHwAidlService: setStowGestureMode for cli stowed=false ret=0
03-10 18:23:35.237  2195  2269 I SDM     : HWDeviceDRM::SetupConcurrentWriteback: Tear down the Concurrent Writeback topology
03-10 18:23:35.244  3163  4279 I PowerGroup: Sleeping power group (groupId=0, uid=1000, reason=lid_switch)...
03-10 18:23:35.244  3163  4279 I PowerManagerService: Sleeping (uid 1000)...
03-10 18:23:35.246  3163  8301 D WindowManager: captureDisplay
03-10 18:23:35.246  2723  3159 I CameraService: Previous DeviceState : 0 New DeviceState : 4
03-10 18:23:35.247 10834 10834 I GoogleInputMethodService: GoogleInputMethodService.onFinishInput():2097 
03-10 18:23:35.248  2186  2186 I CamxPrvdr@2.7-legacy: notifyDeviceStateChange: New device state: 0x4
03-10 18:23:35.248 10834 10834 I Module  : DeviceLockedStatusModuleProvider$Module.updateDeviceLockedStatus():103 repeatCheckTimes = 0, locked = false
03-10 18:23:35.248  2186  2186 I CamxComm1.0-CamModule: notifyDeviceStateChange: calling notify_device_state_change with state 4
03-10 18:23:35.249  2186  2186 D CamX    : [DEBUG][HAL    ] camxhal3module.cpp:411 NotifyDeviceStateChange() New Device State: 4
03-10 18:23:35.250  3163  4279 D CLI/Transition_Lid: Doze cli display for lid close
03-10 18:23:35.250  3163  4279 I PowerManagerService: Dozing display group (groupId=1, now=71925768)...
03-10 18:23:35.250  3163  4279 I PowerManagerService: Going to sleep due to application (uid 1000, screenOffTimeout=1800000, activityTimeoutWM=-1, maxDimRatio=0.20000005, maxDimDur=7000)...
03-10 18:23:35.251  3163  4279 E WindowManager: Display reconfigured outside of a transition: Display{#0 state=ON size=1080x2640 ROTATION_0}
03-10 18:23:35.251  3163  4279 D CLI/Rotation: Set volume keyswap sysprop for rotation 0 lidState CLOSED
03-10 18:23:35.252  3163  3163 I WindowManager: Started going to sleep... (groupId=0 why=OFF_BECAUSE_OF_USER) notifySleepToKeyguard=true lidState=0 pmSleepReason=lid_switch
03-10 18:23:35.255  3163  3231 D PanelsService: onAwakeStateChanged.. isAwake=false
03-10 18:23:35.255  3163  3231 D TouchHwAidlService: onAwakeStateChanged.. isAwake=false
03-10 18:23:35.256  3084  3373 E Thermal-Lib: Thermal-Lib-Client:do_listen: recv failed
03-10 18:23:35.256  3065  3276 E Thermal-Lib: Thermal-Lib-Client:do_listen: recv failed
03-10 18:23:35.258  3163  3231 D TouchHwAidlService: Register stow sensor:true
03-10 18:23:35.259  2061  2108 E minksocket: MinkIPC_QRTR_Service: client with node 1 port 79c8 went down
03-10 18:23:35.259  2061  2108 E minksocket: MinkIPC_QRTR_Service: client with node 1 port 79c5 went down
03-10 18:23:35.259  2061  2108 E minksocket: MinkIPC_QRTR_Service: client with node 1 port 79b3 went down
03-10 18:23:35.259  2061  2108 E minksocket: MinkIPC_QRTR_Service: client with node 1 port 79bf went down
03-10 18:23:35.260  3163  3352 I DisplayPowerController2[0]: 03-10 18:23:35.259 - BrightnessEvent: disp=0, physDisp=local:4630947043778501762, displayState=ON, displayPolicy=OFF, brt=0.29838702, initBrt=0.29838702, rcmdBrt=0.29838702, preBrt=0.14133647, lux=19.443066, preLux=3.739192, brtNits=61.738712, hdrNits=NaN, initNits=61.738712, preNits=15.848819, rcmdNits=61.738712, hdrBrightness=NaN, brt(%)=35%, brtInt=77, hbmPolicy=normal, hbmMax=0.85440856, hbmMode=off, rbcStrength=50, thrmMax=1.0, powerFactor=1.0, wasShortTermModelActive=false, flags=, reason=automatic, autoBrightness=true, strategy=InvalidBrightnessStrategy, autoBrightnessMode=default
03-10 18:23:35.268  3163  4279 I WindowManager: updateRotationUnchecked CLI real rotation changed:1, rotation:1
03-10 18:23:35.275  5625  5625 V TrustManager: clearAllBiometricRecognized unlockedUser=-10000 source=FINGERPRINT callers=com.android.keyguard.KeyguardUpdateMonitor.clearFingerprintRecognized:16 com.android.keyguard.KeyguardUpdateMonitor$14.handleMessage:941 android.os.Handler.dispatchMessage:112 android.os.Looper.loopOnce:268 android.os.Looper.loop:384 
03-10 18:23:35.277  5625  5625 D KeyguardViewMediator: KeyguardViewMediator queue processing message: NOTIFY_STARTED_GOING_TO_SLEEP
03-10 18:23:35.278  5625  5940 D KeyguardTransitionRepository: (Internal) Setting current transition info: TransitionInfo(ownerName=FromGoneTransitionInteractor(Sleep transition triggered), from=GONE, to=DOZING, animated)
03-10 18:23:35.279  3163  4279 I WindowManager: Override config changes=20000000 {1.0 ?mcc0mnc [en_US] ldltr sw111dp w210dp h111dp 280dpi smll land night mot-cli finger -keyb/v/h -nav/h winConfig={ mBounds=Rect(0, 0 - 368, 194) mAppBounds=Rect(0, 0 - 368, 194) mMaxBounds=Rect(0, 0 - 368, 194) mDisplayRotation=ROTATION_90 mWindowingMode=fullscreen mActivityType=undefined mAlwaysOnTop=undefined mRotation=ROTATION_90} ?fontWeightAdjustment ?spn ?gid} for displayId=1
03-10 18:23:35.285  7545  7545 I FileStationLog: [ FS_h$a ] - [Display] Changed display: 1
03-10 18:23:35.287  2926  2926 D fpc_hidl: lid-state=0
03-10 18:23:35.287  3163  4279 D MotoFingerprint: resultCode : 0
03-10 18:23:35.289  3163  3352 I DisplayPowerController2[0]: Blocking screen off
03-10 18:23:35.290  3163  3352 I WindowManager: Display 0 turning off...
03-10 18:23:35.291  3163  3352 I DisplayPowerController2[0]: Unblocked screen off after 12 ms
03-10 18:23:35.294 20253 20253 I ThermalEngine: Throttling daemon started
03-10 18:23:35.294 20253 20253 E ThermalEngine: config_info path not found: /sys/module/msm_thermal/config_info
03-10 18:23:35.294 20253 20253 I ThermalEngine: Using device config file '/vendor/etc/thermal-engine-lynkco-cli.conf'
03-10 18:23:35.295  3163  3229 V WindowManager: Content Recording: Display 1 state was (1), is now (1), so update recording?
03-10 18:23:35.295  3163  3229 D CLI/Transition: displaygroup 1, state OFF, pendingdisplaygroup -1
03-10 18:23:35.296  3163  3352 I WindowManager: Display0 turned off...
03-10 18:23:35.296  5625  5625 I KeyguardTransitionRepository: STARTED transition: TransitionStep(from=GONE, to=DOZING, value=0.0, transitionState=STARTED, ownerName=FromGoneTransitionInteractor(Sleep transition triggered))
03-10 18:23:35.298  5625  5625 I vol.VolumeDialogImpl: mDialog.dismiss() reason: volume_controller from: com.android.systemui.volume.VolumeDialogImpl$10.onDismissRequested:3 displayId: 0 mShowing: false mIsAnimatingDismiss: true
03-10 18:23:35.298  5625  5625 D vol.VolumeDialogImpl: dismissH: skipping dismiss because isAnimatingDismiss is true and showingStateInconsistent is false
03-10 18:23:35.298  3163  3352 D ActivityTaskManager: Top Process State changed to PROCESS_STATE_TOP_SLEEPING
03-10 18:23:35.301  7545  7545 I FileStationLog: [ FS_h$a ] - [Display] Ignoring change for non-default/desktop display: 1
03-10 18:23:35.307  3163  3352 D ActivityTrigger: ActivityTrigger activityPauseTrigger 
03-10 18:23:35.315  5625  5669 I DisplayController: CLI display config changed. dpi:280, fontScale:1.0
03-10 18:23:35.315  5625  5669 V ShellDragAndDrop: Display changed: 1
03-10 18:23:35.316  2064  2064 I sensors-hal: batch:206, android.sensor.device_orientation/271, period=66667000, max_latency=0
03-10 18:23:35.316  2064  2064 I sensors-hal: set_config:61, no need to adjust sample_period_ns due to reporting_mode = 2
03-10 18:23:35.316  2064  2064 I sensors-hal: batch:215, android.sensor.device_orientation/271, period=66667000, max_latency=0 request completed
03-10 18:23:35.316  5625  5625 D CentralSurfaces: !shouldBeKeyguard mStatusBarStateController.isKeyguardRequested() false keyguardForDozing false wakeAndUnlocking false isWakingAndOccluded false
03-10 18:23:35.317  5625  5625 D CentralSurfaces: hideKeyguardImpl false
03-10 18:23:35.317  3163  3352 I DisplayBrightnessStrategySelector: Changing the DisplayBrightnessStrategy from InvalidBrightnessStrategy to ScreenOffBrightnessStrategy for display 0
03-10 18:23:35.318  2064  2064 I sensors-hal: batch:206, android.sensor.light/51, period=200000000, max_latency=0
03-10 18:23:35.318  2064  2064 I sensors-hal: set_config:61, no need to adjust sample_period_ns due to reporting_mode = 2
03-10 18:23:35.318  2064  2064 I sensors-hal: batch:215, android.sensor.light/51, period=200000000, max_latency=0 request completed
03-10 18:23:35.328  2163  2163 D motorola.hardware.sensorext-service: handle id:13 wxh:1088x2640 uwxuh:1080x2640 size: 11489280 fd:11 fd_meta:12 flags:0x4000228 usage:0x33  format:0x1 layer_count: 1 reserved_size = 0
03-10 18:23:35.328  3163  3163 W ProcessStats: Tracking association SourceState{749412f com.android.settings/1000 Service #339049} whose proc state 8 is better than process ProcessState{1b80ae1 com.motorola.cli.settings/10349 pkg=com.motorola.cli.settings} proc state 15 (5 skipped)
03-10 18:23:35.329  3163  3231 I InputManager-JNI: Viewport [0] to add: local:4630947043778501762, isActive: true
03-10 18:23:35.329  3163  3231 I InputManager-JNI: Viewport [1] to add: local:4630947043778501763, isActive: false
03-10 18:23:35.329  2064  4171 D slpi-TCS3720: ALS_REPORT lux 48.391281, ch0 21.837654-12.310076-8.993029-4.054574, scale 1.1878, fps 90, client 1
03-10 18:23:35.329  2064  4171 D slpi-TCS3720: PRX_OC info Far, Total 0, pdata 0, offset 0 step 0.63, ore 0:0 step 21.00, TH_H 1020, TH_L 0, client 0
03-10 18:23:35.329  2195  2392 I SDM     : HWCSession::SetCWBOutputBuffer: CWB config passed by cwb_client : tappoint 1  CWB_ROI : (210.000000 26.000000 274.000000 90.000000) for display [1 0 0]
