03-10 09:56:15.324  2195  2586 I SDM     : HWCDisplay::SubmitDisplayConfig: Active configuration changed from config 5 to 4
03-10 09:56:15.324  3163  3163 I BrightnessSynchronizer: New Update: {[5379] 0.4105541(f), mUpdatedTypes=0, mConfirmedTypes=0, mTimeUpdated=0, mState=2}
03-10 09:56:15.324  2064  5194 I sensors-hal: ssc_conn_resp_cb:632, resp_value = 0
03-10 09:56:15.324  2064  2064 I sensors-hal: send_sync_sensor_request:373, takes 0 ms to receive the response with 0
03-10 09:56:15.324  2064  2064 I sensors-hal: flush:241, android.sensor.accelerometer/11 completed
03-10 09:56:15.324  2300  2639 I SurfaceFlinger: mBrightnessDiming=0, isCli=0, mBrightnessDimingCnt=0
03-10 09:56:15.326  2064  2064 I sensors-hal: batch:206, android.sensor.magnetic_field/21, period=20000000, max_latency=0
03-10 09:56:15.326  2064  2064 I sensors-hal: set_config:57, sample_period_ns is adjusted to 20000000 based on min/max delay_ns
03-10 09:56:15.326  2064  2064 I sensors-hal: batch:215, android.sensor.magnetic_field/21, period=20000000, max_latency=0 request completed
03-10 09:56:15.327  2064  2064 I sensors-hal: activate:173, android.sensor.magnetic_field/21 en=1
03-10 09:56:15.328  2064  2064 I sensors-hal: get_qmi_debug_flag:239, support_qmi_debug : false
03-10 09:56:15.329  2061  2108 E minksocket: MinkIPC_QRTR_Service: client with node 1 port 795a went down
03-10 09:56:15.331  2061  2108 E minksocket: MinkIPC_QRTR_Service: client with node 1 port 795b went down
03-10 09:56:15.332  2061  2108 E minksocket: MinkIPC_QRTR_Service: client with node 1 port 795c went down
03-10 09:56:15.335  2061  2108 E minksocket: MinkIPC_QRTR_Service: client with node 1 port 795d went down
03-10 09:56:15.335  2064  2064 E Diag_Lib: diag: Diag_LSM_Init: invoked for pid: 2064 with init_count: 0
03-10 09:56:15.336  2064  2064 E Diag_Lib: diag:failed to connect to diag socket
03-10 09:56:15.336  2064  2064 E Diag_Lib:  Diag_LSM_Init: Failed to open handle to diag driver, error = 13
03-10 09:56:15.337  3163  3231 I DisplayDeviceRepository: Display device changed render timings: "Built-in Screen", renderFrameRate=90.0, presentationDeadlineNanos=17111110, appVsyncOffsetNanos=1000000
03-10 09:56:15.339  2300  2300 I SurfaceFlinger: initiateDisplayModeChanges changing active mode from 4(90.00 Hz:5) to 4(90.00 Hz:5) for display 4630947043778501762
03-10 09:56:15.339  3163  3229 D CLI/Transition: displaygroup 0, state ON, pendingdisplaygroup -1
03-10 09:56:15.339  3163  3163 I BrightnessSynchronizer: New Update: {[5380] 0.4105541(f), mUpdatedTypes=0, mConfirmedTypes=0, mTimeUpdated=0, mState=2}
03-10 09:56:15.339  2064  2064 I sensors-hal: get_qmi_debug_flag:239, support_qmi_debug : false
03-10 09:56:15.341  2064 26264 I sensors-hal: handle_indication_realtime:467,  SCHED_FIFO(10) for qmi_cbk
03-10 09:56:15.342  2064 26059 E sensors-hal: handle_sns_client_event:62, mot_disprot_event: now=80931246457608 ts=80931236069224, type=0, status=3
03-10 09:56:15.342  3163  3352 D BrightnessThermalClamper: Thermal status observer already started
03-10 09:56:15.342 26976 27604 D MCLOG   : [BrightnessTrigger] onDisplayChanged displayId = 0
03-10 09:56:15.345 26976 27604 D MCLOG   : [BrightnessManager] displayId = 0 brightness = 0.4105541 nit = 109.28997 level = br2
03-10 09:56:15.347  2061  2108 E minksocket: MinkIPC_QRTR_Service: client with node 1 port 795f went down
03-10 09:56:15.347  2061  2108 E minksocket: MinkIPC_QRTR_Service: client with node 1 port 7960 went down
03-10 09:56:15.348  2300  2436 D VSyncReactor: 4630947043778501762: period 11 confirmed(cnt3)
03-10 09:56:15.349  2061  2108 E minksocket: MinkIPC_QRTR_Service: client with node 1 port 7961 went down
03-10 09:56:15.349  7545  7545 I FileStationLog: [ FS_h$a ] - [Display] Changed display: 0
03-10 09:56:15.350  7545  7545 I FileStationLog: [ FS_h ] - [Logic] Retrieved display info: LogicDisplayInfo(width=1080, height=2640, orientation=1, rotation=0, displayId=0)
03-10 09:56:15.350  7545  7545 I FileStationLog: [ FS_h$a ] - [Display] New logical size: 1080x2640
03-10 09:56:15.350  2064  2064 E Diag_Lib: diag: Diag_LSM_Init: invoked for pid: 2064 with init_count: 0
03-10 09:56:15.350  5625  5669 D ShellSplitScreen: onFinishedWakingUp
03-10 09:56:15.350  7545  7545 I FileStationLog: [ FS_h$a ] - [Display] Screen width unchanged: 1080
03-10 09:56:15.350  2064  2064 E Diag_Lib: diag:failed to connect to diag socket
03-10 09:56:15.350  2061  2108 E minksocket: MinkIPC_QRTR_Service: client with node 1 port 7962 went down
03-10 09:56:15.350  2064  2064 E Diag_Lib:  Diag_LSM_Init: Failed to open handle to diag driver, error = 13
03-10 09:56:15.350  2064  2064 I sensors-hal: send_sensor_config_request:395, resampler is used, set resampler config
03-10 09:56:15.350  2064  2064 I sensors-hal: send_sync_sensor_request:341, send sync request
03-10 09:56:15.350  2064  4171 I slpi-MOT_HINGE: Hingeposture  90.0 tent:0 gpio:-1 flip:1 flat:1 b:-6.0 4.5 6.3 72.5 50.0 -94.6 f:-5.9 5.3 -5.7 -528.8 -97.2 -46.9
03-10 09:56:15.350  2064  4171 I slpi-MOT_HINGE: Hingeposture 180.0 tent:0 gpio:-1 flip:1 flat:1 b:-7.3 4.0 5.2 72.4 -20.4 -71.5 f:-7.3 6.2 1.8 -461.1 -57.2 -57.2
03-10 09:56:15.350  2064  2064 I sensors-hal: send_sync_sensor_request:367, wait for notification of response
03-10 09:56:15.351  2067  2067 D AHAL: AudioDevice: SetParameters: 1564: enter: screen_state=on
03-10 09:56:15.351  2067  2067 D AHAL: AudioVoice: VoiceSetParameters: 87: Enter params: screen_state=on
03-10 09:56:15.351  2067  2067 D AHAL: AudioVoice: VoiceSetParameters: 360: Exit ret: 0
03-10 09:56:15.351  2067  2067 D AHAL: FM: fm_set_parameters: 262: Enter
03-10 09:56:15.351  2067  2067 D AHAL: FM: fm_set_parameters: 320: exit
03-10 09:56:15.351  2067  2067 D AHAL: AudioDevice: SetParameters: 1625:  - screen = on
03-10 09:56:15.351  2067  2067 I PAL: ResourceManager: setParameter: 8311: Screen State:1
03-10 09:56:15.351  2067  2067 D AHAL: AudioDevice: SetParameters: 2361: exit: screen_state=on
03-10 09:56:15.351  2064 26268 I sensors-hal: ssc_conn_resp_cb:632, resp_value = 0
03-10 09:56:15.352  2064  2064 I sensors-hal: send_sync_sensor_request:373, takes 1 ms to receive the response with 0
03-10 09:56:15.352  2064  2064 I sensors-hal: activate:294, mag_filter is enabled
03-10 09:56:15.352  2064  2064 I sensors-hal: activate:184, android.sensor.magnetic_field/21 en=1 completed
03-10 09:56:15.353  3163  3229 W BoostOptController: not supported hint: 118
03-10 09:56:15.354  3163  3229 D CLI/Rotation: Set volume keyswap sysprop for rotation 0 lidState OPEN
03-10 09:56:15.354  2064 26268 I sensors-hal: handle_indication_realtime:467,  SCHED_FIFO(10) for qmi_cbk
03-10 09:56:15.354  3163  3229 W BoostOptController: not supported hint: 118
03-10 09:56:15.355  3163  3229 D CLI/Rotation: Set volume keyswap sysprop for rotation 0 lidState OPEN
03-10 09:56:15.355  5493  5493 I AndroidInput: sensor listener setup
03-10 09:56:15.356  5493  5971 I AndroidGraphics: Unable to get safe area insets
03-10 09:56:15.357  3163  3231 I DeviceStateManagerService: Cannot notify device state info change when pending state is present.
03-10 09:56:15.357  3163  3227 D TouchHwAidlService: onStateChanged.. state=4
03-10 09:56:15.358  3163  3352 W BoostOptController: not supported hint: 118
03-10 09:56:15.358  2067  2067 D AHAL: AudioDevice: SetParameters: 1564: enter: device_folded=off
03-10 09:56:15.358  2067  2067 D AHAL: AudioVoice: VoiceSetParameters: 87: Enter params: device_folded=off
03-10 09:56:15.358  2067  2067 D AHAL: AudioVoice: VoiceSetParameters: 360: Exit ret: 0
03-10 09:56:15.358  2067  2067 D AHAL: FM: fm_set_parameters: 262: Enter
03-10 09:56:15.358  2067  2067 D AHAL: FM: fm_set_parameters: 320: exit
03-10 09:56:15.358  2067  2067 D AHAL: AudioDevice: SetParameters: 2361: exit: device_folded=off
03-10 09:56:15.358  3163  3231 I LogicalDisplayMapper: Requesting Transition to state: 4, from state=1, interactive=true, mBootCompleted=true
03-10 09:56:15.358  3163  3231 I LogicalDisplayMapper: Applying layout: [{dispId: 0(ON), displayGroupName: , addr: {port=130, model=0x40446dccee101c}, mThermalBrightnessThrottlingMapId: null, mRefreshRateZoneId: null, mLeadDisplayId: -1, mLeadDisplayAddress: null, mThermalRefreshRateThrottlingMapId: null, mPowerThrottlingMapId: null}], Previous layout: [{dispId: 0(ON), displayGroupName: , addr: {port=130, model=0x40446dccee101c}, mThermalBrightnessThrottlingMapId: null, mRefreshRateZoneId: null, mLeadDisplayId: -1, mLeadDisplayAddress: null, mThermalRefreshRateThrottlingMapId: null, mPowerThrottlingMapId: null}]
03-10 09:56:15.359  5625  5669 D ShellSplitScreen: onFoldedStateChanged: folded=false
03-10 09:56:15.359  5625  5625 I vol.VolumeDialogImpl: mDialog.dismiss() reason: posture_changed from: com.android.systemui.volume.VolumeDialogImpl$H.handleMessage:111 displayId: 0 mShowing: false mIsAnimatingDismiss: false
03-10 09:56:15.359  3163  3229 D CLI/SmallCLI: onDeviceLidStateChanged: state=LAPTOP
03-10 09:56:15.363  3163  3231 I DeviceStateManagerService: Cannot notify device state info change when pending state is present.
03-10 09:56:15.364  2064  4171 D slpi    : tmd2712: Als lux: 120.30, ch0: 4025, ch1: 1686, scale: 1.08, atime:50.04, again:1024
03-10 09:56:15.367  5493  5971 I AndroidGraphics: resumed
03-10 09:56:15.374  3163  4279 I CLI/Transition_Device: lid state changed: OPEN -> OPEN, device state changed to LAPTOP
03-10 09:56:15.374  3163  3227 D TouchHwAidlService: onStateChanged.. state=5
03-10 09:56:15.375  2064  2064 I sensors-hal: batch:206, android.sensor.hinge_angle/362, period=200000000, max_latency=0
03-10 09:56:15.376  2064  2064 I sensors-hal: set_config:61, no need to adjust sample_period_ns due to reporting_mode = 2
03-10 09:56:15.376  2064  2064 I sensors-hal: batch:215, android.sensor.hinge_angle/362, period=200000000, max_latency=0 request completed
03-10 09:56:15.376  3163  3352 W BoostOptController: not supported hint: 118
03-10 09:56:15.376  3163  3231 I LogicalDisplayMapper: Requesting Transition to state: 5, from state=4, interactive=true, mBootCompleted=true
03-10 09:56:15.376  3163  3231 I LogicalDisplayMapper: Applying layout: [{dispId: 0(ON), displayGroupName: , addr: {port=130, model=0x40446dccee101c}, mThermalBrightnessThrottlingMapId: null, mRefreshRateZoneId: null, mLeadDisplayId: -1, mLeadDisplayAddress: null, mThermalRefreshRateThrottlingMapId: null, mPowerThrottlingMapId: null}], Previous layout: [{dispId: 0(ON), displayGroupName: , addr: {port=130, model=0x40446dccee101c}, mThermalBrightnessThrottlingMapId: null, mRefreshRateZoneId: null, mLeadDisplayId: -1, mLeadDisplayAddress: null, mThermalRefreshRateThrottlingMapId: null, mPowerThrottlingMapId: null}]
03-10 09:56:15.376  3163  4279 D CLI/Rotation: Set volume keyswap sysprop for rotation 2 lidState OPEN
03-10 09:56:15.377  3163  4279 I WindowManager: updateRotationUnchecked CLI real rotation changed:3, rotation:3
03-10 09:56:15.377  2064  2064 I sensors-hal: activate:173, android.sensor.hinge_angle/362 en=1
03-10 09:56:15.377  2064  2064 I sensors-hal: get_qmi_debug_flag:239, support_qmi_debug : false
03-10 09:56:15.378  2300  2300 I Scheduler: applyPolicy: UpdateRefreshRate 90 to 120 of group 3: [touch=1:0 touchBoost=0 scroll=0:0 idle=0:0] for display 4630947043778501762
03-10 09:56:15.378  2300  2300 D DisplayModeController: setDesiredMode 4630947043778501762 {mode={fps=120.00 Hz, modePtr={id=0, vsyncRate=120.00 Hz, peakRefreshRate=120.00 Hz}}, emitEvent=true, force=false}
03-10 09:56:15.378  2300  2300 I SurfaceFlinger: initiateDisplayModeChanges changing active mode from 4(90.00 Hz:5) to 0(120.00 Hz:3) for display 4630947043778501762
03-10 09:56:15.379  2061  2108 E minksocket: MinkIPC_QRTR_Service: client with node 1 port 7964 went down
03-10 09:56:15.379  2300  2300 I SurfaceFlinger: initiateDisplayModeChanges active mode changed to 0(120.00 Hz) for display 4630947043778501762. mBrightnessDimingCnt=0
03-10 09:56:15.379  2195  2586 W SDM     : HWDeviceDRM::GetSupportedBitClkRate: Requested rate not supported: 0
03-10 09:56:15.379  2195  2586 I SDM     : HWDeviceDRM::UpdateMixerAttributes: Mixer WxH 1080x2640-0 for Peripheral
03-10 09:56:15.380  2195  2586 I SDM     : HWCDisplay::SubmitDisplayConfig: Active configuration changed from config 4 to 0
03-10 09:56:15.380  3163  3229 D CLI/SmallCLI: onDeviceLidStateChanged: state=OPEN
03-10 09:56:15.381  3163  3352 D BrightnessThermalClamper: Thermal status observer already started
03-10 09:56:15.381  2061  2108 E minksocket: MinkIPC_QRTR_Service: client with node 1 port 7965 went down
03-10 09:56:15.382  3163  3231 D DisplayManagerService: Ignore redundant display event 0/2 to 10416/28264
03-10 09:56:15.382  2300  2436 D VSyncReactor: 4630947043778501762: confirming period 11->8(cnt1)
03-10 09:56:15.382  3163  3231 I DisplayDeviceRepository: Display device changed: DisplayDeviceInfo{"Built-in Screen": uniqueId="local:4630947043778501762", 1080 x 2640, modeId 3, renderFrameRate 90.0, defaultModeId 1, userPreferredModeId -1, supportedModes [{id=1, width=1080, height=2640, fps=120.00001, vsync=120.00001, synthetic=false, alternativeRefreshRates=[24.000002, 60.000004], supportedHdrTypes=[2, 3, 4]}, {id=2, width=1080, height=2640, fps=144.00002, vsync=144.00002, synthetic=false, alternativeRefreshRates=[], supportedHdrTypes=[2, 3, 4]}, {id=3, width=1080, height=2640, fps=90.0, vsync=90.0, synthetic=false, alternativeRefreshRates=[], supportedHdrTypes=[2, 3, 4]}, {id=4, width=1080, height=2640, fps=60.000004, vsync=60.000004, synthetic=false, alternativeRefreshRates=[24.000002, 120.00001], supportedHdrTypes=[2, 3, 4]}, {id=5, width=1080, height=2640, fps=30.000002, vsync=30.000002, synthetic=false, alternativeRefreshRates=[], supportedHdrTypes=[2, 3, 4]}, {id=6, width=1080, height=2640, fps=24.000002, vsync=24.000002, synthetic=false, alternativeRefreshRates=[60.000004, 120.00001], supportedHdrTypes=[2, 3, 4]}], supportedReadyForModes [], colorMode 0, supportedColorModes [0, 7, 9], hdrCapabilities HdrCapabilities{mSupportedHdrTypes=[2, 3, 4], mMaxLuminance=420.0, mMaxAverageLuminance=210.1615, mMinLuminance=0.323}, allmSupported false, gameContentTypeSupported false, density 420, 397.565 x 435.428 dpi, appVsyncOff 1000000, presDeadline 17111110, cutout DisplayCutout{insets=Rect(0, 108 - 0, 0) waterfall=Insets{left=0, top=0, right=0, bottom=0} boundingRect={Bounds=[Rect(0, 0 - 0, 0), Rect(495, 0 - 585, 108), Rect(0, 0 - 0, 0), Rect(0, 0 - 0, 0)]} cutoutPathParserInfo={CutoutPathParserInfo{displayWidth=1080 displayHeight=2640 physicalDisplayWidth=1080 physicalDisplayHeight=2640 density={2.625} cutoutSpec={M -45,0 L 45,0 L 45,108 L -45,108 Z} rotation={0} scale={1.0} physicalPixelDisplaySizeRatio={1.0}}} sideOverrides={}}, touch INTERNAL, rotation 0, type INTERNAL, address {port=130, model=0x40446dccee101c}, deviceProductInfo DeviceProductInfo{name=, manufacturerPnpId=QCM, productId=1, modelYear=null, manufactureDate=ManufactureDate{week=27, year=2006}, connectionToSinkType=0}, state ON, committedState ON, frameRateOverride {uid=10254 frameRateHz=120.00001} , brightnessMinimum 0.0, brightnessMaximum 1.0, brightnessDefault 0.38188976, hdrSdrRatio 1.0, FLAG_ALLOWED_TO_BE_DEFAULT_DISPLAY, FLAG_ROTATES_WITH_CONTENT, FLAG_SECURE, FLAG_SUPPORTS_PROTECTED_BUFFERS, FLAG_TRUSTED, installOrientation 0, displayShape DisplayShape{ spec=-1962366115 displayWidth=1080 displayHeight=2640 physicalPixelDisplaySizeRatio=1.0 rotation=0 offsetX=0 offsetY=0 scale=1.0}}
03-10 09:56:15.383  2064  2064 E Diag_Lib: diag: Diag_LSM_Init: invoked for pid: 2064 with init_count: 0
03-10 09:56:15.384  2061  2108 E minksocket: MinkIPC_QRTR_Service: client with node 1 port 7966 went down
03-10 09:56:15.384  2064  2064 E Diag_Lib: diag:failed to connect to diag socket
03-10 09:56:15.384  2064  2064 E Diag_Lib:  Diag_LSM_Init: Failed to open handle to diag driver, error = 13
03-10 09:56:15.384  2061  2108 E minksocket: MinkIPC_QRTR_Service: client with node 1 port 7967 went down
03-10 09:56:15.384  2064  2064 I sensors-hal: send_sensor_config_request:463, dt=mot_hinge: convert sample_period=200000000 to batch_period=200000
03-10 09:56:15.384  2064  2064 I sensors-hal: send_sync_sensor_request:341, send sync request
03-10 09:56:15.384  2064  2064 I sensors-hal: send_sync_sensor_request:367, wait for notification of response
03-10 09:56:15.385  5625  5625 I vol.VolumeDialogImpl: mDialog.dismiss() reason: posture_changed from: com.android.systemui.volume.VolumeDialogImpl$H.handleMessage:111 displayId: 0 mShowing: false mIsAnimatingDismiss: true
03-10 09:56:15.385  5625  5625 D vol.VolumeDialogImpl: dismissH: skipping dismiss because isAnimatingDismiss is true and showingStateInconsistent is false
03-10 09:56:15.385  3163  4279 I CLI/Transition_Device: lid state changed: OPEN -> OPEN, device state changed to OPEN
03-10 09:56:15.388  3163  3231 I InputManager-JNI: Viewport [0] to add: local:4630947043778501762, isActive: true
03-10 09:56:15.388  3163  3231 I InputManager-JNI: Viewport [1] to add: local:4630947043778501763, isActive: false
03-10 09:56:15.389  3163  4285 I InputReader: Reconfiguring input devices, changes=DISPLAY_INFO
03-10 09:56:15.389  3163  4285 I InputReader: Disabling zinitix_mt (device 6) because the associated viewport is not active
03-10 09:56:15.389  3163  4285 I InputReader: Device reconfigured: id=6, name='zinitix_mt', size 194x368, orientation Rotation0, mode DISABLED, display id 1
03-10 09:56:15.389  3163  4279 D CLI/Rotation: Set volume keyswap sysprop for rotation 2 lidState OPEN
03-10 09:56:15.389  2064 26270 I sensors-hal: ssc_conn_resp_cb:632, resp_value = 0
03-10 09:56:15.389  2064 26270 I sensors-hal: handle_indication_realtime:467,  SCHED_FIFO(10) for qmi_cbk
03-10 09:56:15.389  2064  2064 I sensors-hal: send_sync_sensor_request:373, takes 5 ms to receive the response with 0
03-10 09:56:15.389  2064  2064 I sensors-hal: activate:184, android.sensor.hinge_angle/362 en=1 completed
03-10 09:56:15.392  3163  3231 I DisplayDeviceRepository: Display device changed render timings: "Built-in Screen", renderFrameRate=120.00001, presentationDeadlineNanos=13333332, appVsyncOffsetNanos=1000000
03-10 09:56:15.392  2300  2300 I SurfaceFlinger: initiateDisplayModeChanges changing active mode from 0(120.00 Hz:3) to 0(120.00 Hz:3) for display 4630947043778501762
03-10 09:56:15.393  2300  2436 D VSyncReactor: 4630947043778501762: period 8 confirmed(cnt1)
03-10 09:56:15.394  3163  3352 D BrightnessThermalClamper: Thermal status observer already started
03-10 09:56:15.395  3163  3231 D DisplayManagerService: Ignore redundant display event 0/2 to 10416/28264
03-10 09:56:15.396  2067  2067 D AHAL: AudioDevice: SetParameters: 1564: enter: screen_state=on
03-10 09:56:15.396  2067  2067 D AHAL: AudioVoice: VoiceSetParameters: 87: Enter params: screen_state=on
03-10 09:56:15.396  2067  2067 D AHAL: AudioVoice: VoiceSetParameters: 360: Exit ret: 0
03-10 09:56:15.396  2067  2067 D AHAL: FM: fm_set_parameters: 262: Enter
03-10 09:56:15.396  2067  2067 D AHAL: FM: fm_set_parameters: 320: exit
03-10 09:56:15.396  2067  2067 D AHAL: AudioDevice: SetParameters: 1625:  - screen = on
03-10 09:56:15.396  2067  2067 I PAL: ResourceManager: setParameter: 8311: Screen State:1
03-10 09:56:15.396  2067  2067 D AHAL: AudioDevice: SetParameters: 2361: exit: screen_state=on
03-10 09:56:15.400  3163  3229 D CLI/Transition: displaygroup 0, state ON, pendingdisplaygroup -1
03-10 09:56:15.400  7545  7545 I FileStationLog: [ FS_h$a ] - [Display] Changed display: 0
03-10 09:56:15.400  7545  7545 I FileStationLog: [ FS_h ] - [Logic] Retrieved display info: LogicDisplayInfo(width=1080, height=2640, orientation=1, rotation=0, displayId=0)
03-10 09:56:15.400  7545  7545 I FileStationLog: [ FS_h$a ] - [Display] New logical size: 1080x2640
03-10 09:56:15.400  7545  7545 I FileStationLog: [ FS_h$a ] - [Display] Screen width unchanged: 1080
03-10 09:56:15.401 26976 27604 D MCLOG   : [BrightnessTrigger] onDisplayChanged displayId = 0
03-10 09:56:15.404 10834 10834 I PkDeviceHelper: PkDeviceHelper.refreshDevices():93 refreshing devices
03-10 09:56:15.406  3163  3352 D BrightnessThermalClamper: Thermal status observer already started
03-10 09:56:15.406  3163  3231 I WindowManager: Override config changes=20000000 {1.0 ?mcc0mnc [en_US] ldltr sw111dp w210dp h111dp 280dpi smll land night mot-cli finger -keyb/v/h -nav/h winConfig={ mBounds=Rect(0, 0 - 368, 194) mAppBounds=Rect(0, 0 - 368, 194) mMaxBounds=Rect(0, 0 - 368, 194) mDisplayRotation=ROTATION_270 mWindowingMode=fullscreen mActivityType=undefined mAlwaysOnTop=undefined mRotation=ROTATION_270} ?fontWeightAdjustment ?spn ?gid} for displayId=1
03-10 09:56:15.408 26976 27604 D MCLOG   : [BrightnessManager] displayId = 0 brightness = 0.4105541 nit = 109.28997 level = br2
03-10 09:56:15.412  7545  7545 I FileStationLog: [ FS_h$a ] - [Display] Changed display: 1
03-10 09:56:15.413  3163  3229 V WindowManager: Content Recording: Display 1 state was (1), is now (1), so update recording?
03-10 09:56:15.413  7545  7545 I FileStationLog: [ FS_h$a ] - [Display] Ignoring change for non-default/desktop display: 1
03-10 09:56:15.414  2064  4171 D slpi    : tmd2712: Als lux: 67.20, ch0: 2207, ch1: 899, scale: 1.08, atime:50.04, again:1024
03-10 09:56:15.417  2300  2300 I BpBinder: onLastStrongRef automatically unlinking death recipients: 
03-10 09:56:15.417  3163  3229 D CLI/Transition: displaygroup 1, state OFF, pendingdisplaygroup -1
03-10 09:56:15.427  5625  5669 I DisplayController: CLI display config changed. dpi:280, fontScale:1.0
03-10 09:56:15.427  5625  5669 V ShellDragAndDrop: Display changed: 1
03-10 09:56:15.463  3163  3227 D PowerManagerService: nativeReleaseSuspendBlocker name:PowerManagerService.Broadcasts duration ms: 0
03-10 09:56:15.464  2064  4171 D slpi    : tmd2712: Als lux: 39.30, ch0: 1373, ch1: 612, scale: 1.08, atime:50.04, again:1024
03-10 09:56:15.500  2163  2163 D motorola.hardware.sensorext-service: handle id:13 wxh:1088x2640 uwxuh:1080x2640 size: 11489280 fd:11 fd_meta:12 flags:0x4000228 usage:0x33  format:0x1 layer_count: 1 reserved_size = 0
03-10 09:56:15.501  2195  2586 I SDM     : HWCSession::SetCWBOutputBuffer: CWB config passed by cwb_client : tappoint 1  CWB_ROI : (210.000000 26.000000 274.000000 90.000000) for display [1 0 0]
03-10 09:56:15.501  2064  4171 D slpi-TCS3720: ALS_REPORT lux 126.266266, ch0 65.237015-38.361881-23.808571-12.093163, scale 1.1878, fps 90, client 1
03-10 09:56:15.502  2064  4171 D slpi-TCS3720: PRX_OC info Far, Total 0, pdata 0, offset 0 step 0.63, ore 0:0 step 21.00, TH_H 1020, TH_L 0, client 0
03-10 09:56:15.502  2195 26271 I SDM     : HWCDisplay::SetReadbackBuffer: CWB config from client: tap_point 1, CWB ROI Rect(210.000000 26.000000 274.000000 90.000000), PU_as_CWB_ROI 0, Cwb full rect : (0.000000 0.000000 1080.000000 2640.000000)
03-10 09:56:15.502  2195 26271 I SDM     : HWCDisplay::SetReadbackBuffer: Successfully configured the output buffer: readback_buffer_queued_ 1, readback_configured_ 0, cwb_client 3
03-10 09:56:15.502  2195 26271 I SDM     : HWCSession::ProcessRequests: Successfully configured CWB buffer.
03-10 09:56:15.505  2195 26271 I SDM     : HWCSession::ProcessRequests: Pushing release fence in fenece wait queue.
03-10 09:56:15.506  2195 26271 I SDM     : HWCSession::ProcessRequests: Creating AsyncFenceWaits async thread.
03-10 09:56:15.506  2195 26271 I SDM     : HWCSession::ProcessRequests: Remove current CWB request from the pending request queue.
03-10 09:56:15.506  2195 26271 I SDM     : HWCSession::ProcessRequests: No pending cwb requests found in the queue.
03-10 09:56:15.512  2195  2269 I SDM     : HWDeviceDRM::SetupConcurrentWriteback: Tear down the Concurrent Writeback topology
03-10 09:56:15.520  2195 26272 I SDM     : HWCSession::NotifyCWBStatus: Notify the client about buffer status 0.
03-10 09:56:15.521  2195 26272 I SDM     : HWCSession::PerformFenceWaits: Remove current release fence from the pending fence wait queue.
03-10 09:56:15.521  2195 26272 I SDM     : HWCSession::PerformFenceWaits: CWB fence queue is empty. No pending release fence to wait on.
03-10 09:56:15.533  2163  2163 D SENSOREXT_ALS_COMP: FrontLight: ReportLux 28.37 (126.27-97.90), pre 2.93, dbv 6981, dc 0, fps 90, chPanel 52.69-30.23-20.22-9.03, facCal:lux_s 1.19 cha_s 0.95-0.96-0.89-0.94, RunInfo: DPB 8847-34, TF 8847-0
03-10 09:56:15.614  2064  4171 D slpi    : tmd2712: Als lux: 34.40, ch0: 1217, ch1: 551, scale: 1.08, atime:50.04, again:1024
03-10 09:56:15.659  2064  4171 I slpi-mot_tap : Using product index 4, gyro 0
03-10 09:56:15.662  3163  3183 I system_server: Background concurrent mark compact GC freed 98MB AllocSpace bytes, 63(1696KB) LOS objects, 51% free, 89MB/185MB, paused 2.786ms,6.149ms total 540.209ms
03-10 09:56:15.665  5625  5625 I vol.VolumeDialogImpl: dismissH reason = posture_changed mDialog.isShowing(): false
03-10 09:56:15.672  3163  3184 I BpBinder: onLastStrongRef automatically unlinking death recipients: 
03-10 09:56:15.678  3163  3185 W system_server: ApkAssets: Deleting an ApkAssets object '<empty> and /data/app/~~oh18E6OPe75t2j1pIlTLCA==/com.google.android.gms-WmJzXfiTA3epqGUme2kT3Q==/base.apk' with 1 weak references
03-10 09:56:15.678  3163  3185 W system_server: ApkAssets: Deleting an ApkAssets object '<empty> and /data/app/~~oh18E6OPe75t2j1pIlTLCA==/com.google.android.gms-WmJzXfiTA3epqGUme2kT3Q==/split_CronetDynamite_installtime.apk' with 1 weak references
03-10 09:56:15.678  3163  3185 W system_server: ApkAssets: Deleting an ApkAssets object '<empty> and /data/app/~~oh18E6OPe75t2j1pIlTLCA==/com.google.android.gms-WmJzXfiTA3epqGUme2kT3Q==/split_DynamiteLoader_installtime.apk' with 1 weak references
03-10 09:56:15.678  3163  3185 W system_server: ApkAssets: Deleting an ApkAssets object '<empty> and /data/app/~~oh18E6OPe75t2j1pIlTLCA==/com.google.android.gms-WmJzXfiTA3epqGUme2kT3Q==/split_DynamiteModulesA_installtime.apk' with 1 weak references
03-10 09:56:15.678  3163  3185 W system_server: ApkAssets: Deleting an ApkAssets object '<empty> and /data/app/~~oh18E6OPe75t2j1pIlTLCA==/com.google.android.gms-WmJzXfiTA3epqGUme2kT3Q==/split_DynamiteModulesC_installtime.apk' with 1 weak references
03-10 09:56:15.678  3163  3185 W system_server: ApkAssets: Deleting an ApkAssets object '<empty> and /data/app/~~oh18E6OPe75t2j1pIlTLCA==/com.google.android.gms-WmJzXfiTA3epqGUme2kT3Q==/split_GoogleCertificates_installtime.apk' with 1 weak references
03-10 09:56:15.678  3163  3185 W system_server: ApkAssets: Deleting an ApkAssets object '<empty> and /data/app/~~oh18E6OPe75t2j1pIlTLCA==/com.google.android.gms-WmJzXfiTA3epqGUme2kT3Q==/split_MapsDynamite_installtime.apk' with 1 weak references
03-10 09:56:15.678  3163  3185 W system_server: ApkAssets: Deleting an ApkAssets object '<empty> and /data/app/~~oh18E6OPe75t2j1pIlTLCA==/com.google.android.gms-WmJzXfiTA3epqGUme2kT3Q==/split_MeasurementDynamite_installtime.apk' with 1 weak references
03-10 09:56:15.678  3163  3185 W system_server: ApkAssets: Deleting an ApkAssets object '<empty> and /data/app/~~oh18E6OPe75t2j1pIlTLCA==/com.google.android.gms-WmJzXfiTA3epqGUme2kT3Q==/split_config.en.apk' with 1 weak references
03-10 09:56:15.678  3163  3185 W system_server: ApkAssets: Deleting an ApkAssets object '<empty> and /data/app/~~oh18E6OPe75t2j1pIlTLCA==/com.google.android.gms-WmJzXfiTA3epqGUme2kT3Q==/split_config.xxhdpi.apk' with 1 weak references
03-10 09:56:15.678  3163  3185 W system_server: ApkAssets: Deleting an ApkAssets object '<empty> and /data/app/~~iGEBk7bJwQa3wR9pAAYTvQ==/com.google.android.inputmethod.latin-ioH-_yGpeWmbQvQM-XgGHA==/base.apk' with 1 weak references
03-10 09:56:15.679  3163  3185 W system_server: ApkAssets: Deleting an ApkAssets object '<empty> and /data/app/~~iGEBk7bJwQa3wR9pAAYTvQ==/com.google.android.inputmethod.latin-ioH-_yGpeWmbQvQM-XgGHA==/split_brella_feature_split.apk' with 1 weak references
03-10 09:56:15.679  3163  3185 W system_server: ApkAssets: Deleting an ApkAssets object '<empty> and /data/app/~~iGEBk7bJwQa3wR9pAAYTvQ==/com.google.android.inputmethod.latin-ioH-_yGpeWmbQvQM-XgGHA==/split_config.xxhdpi.apk' with 1 weak references
03-10 09:56:15.679  3163  3185 W system_server: ApkAssets: Deleting an ApkAssets object '<empty> and /data/app/~~iGEBk7bJwQa3wR9pAAYTvQ==/com.google.android.inputmethod.latin-ioH-_yGpeWmbQvQM-XgGHA==/split_dictation_feature_split.apk' with 1 weak references
03-10 09:56:15.679  3163  3185 W system_server: ApkAssets: Deleting an ApkAssets object '<empty> and /data/app/~~iGEBk7bJwQa3wR9pAAYTvQ==/com.google.android.inputmethod.latin-ioH-_yGpeWmbQvQM-XgGHA==/split_tenoranimation_feature_split.apk' with 1 weak references
03-10 09:56:15.679  3163  3185 W system_server: ApkAssets: Deleting an ApkAssets object '<empty> and /data/app/~~f83RRyd2odkEq3iwODDfFA==/com.google.android.tts-7ugC9DcJJIjhqqLFuNLAQg==/base.apk' with 1 weak references
03-10 09:56:15.679  3163  3185 W system_server: ApkAssets: Deleting an ApkAssets object '<empty> and /data/app/~~f83RRyd2odkEq3iwODDfFA==/com.google.android.tts-7ugC9DcJJIjhqqLFuNLAQg==/split_config.arm64_v8a.apk' with 1 weak references
03-10 09:56:15.679  3163  3185 W system_server: ApkAssets: Deleting an ApkAssets object '<empty> and /data/app/~~f83RRyd2odkEq3iwODDfFA==/com.google.android.tts-7ugC9DcJJIjhqqLFuNLAQg==/split_config.en.apk' with 1 weak references
03-10 09:56:15.679  3163  3185 W system_server: ApkAssets: Deleting an ApkAssets object '<empty> and /data/app/~~f83RRyd2odkEq3iwODDfFA==/com.google.android.tts-7ugC9DcJJIjhqqLFuNLAQg==/split_config.xxhdpi.apk' with 1 weak references
03-10 09:56:15.679  3163  3185 W system_server: ApkAssets: Deleting an ApkAssets object '<empty> and /data/app/~~vblSUOIFmJMcd2iQozsMEw==/io.appium.settings-y_bUEUiCIapHWGJ1bK5L4w==/base.apk' with 1 weak references
03-10 09:56:15.679  3163  3185 W system_server: ApkAssets: Deleting an ApkAssets object '<empty> and /system/priv-app/InputDevices/InputDevices.apk' with 1 weak references
03-10 09:56:15.679  3163  3185 W system_server: ApkAssets: Deleting an ApkAssets object '<empty> and /system_ext/priv-app/SystemUI/SystemUI.apk' with 1 weak references
03-10 09:56:15.680  3163  3185 W system_server: ApkAssets: Deleting an ApkAssets object '<empty> and /data/app/~~Y1B4mLlv36Wo5S7IdcNUjw==/com.google.android.apps.docs-IaCDxOwUHMfie8KXet_7pA==/base.apk' with 1 weak references
03-10 09:56:15.680  3163  3185 W system_server: ApkAssets: Deleting an ApkAssets object '<empty> and /data/app/~~Y1B4mLlv36Wo5S7IdcNUjw==/com.google.android.apps.docs-IaCDxOwUHMfie8KXet_7pA==/split_config.arm64_v8a.apk' with 1 weak references
03-10 09:56:15.680  3163  3185 W system_server: ApkAssets: Deleting an ApkAssets object '<empty> and /data/app/~~Y1B4mLlv36Wo5S7IdcNUjw==/com.google.android.apps.docs-IaCDxOwUHMfie8KXet_7pA==/split_config.en.apk' with 1 weak references
03-10 09:56:15.680  3163  3185 W system_server: ApkAssets: Deleting an ApkAssets object '<empty> and /data/app/~~Y1B4mLlv36Wo5S7IdcNUjw==/com.google.android.apps.docs-IaCDxOwUHMfie8KXet_7pA==/split_config.xxhdpi.apk' with 1 weak references
03-10 09:56:15.681  3163  3185 W system_server: ApkAssets: Deleting an ApkAssets object '/vendor/overlay/SystemUI__auto_generated_rro_vendor.apk' with 1 weak references
03-10 09:56:15.681  3163  3185 W system_server: ApkAssets: Deleting an ApkAssets object '/product/overlay/SystemUI__lynkco_g__auto_generated_rro_product.apk' with 1 weak references
03-10 09:56:15.681  3163  3185 W system_server: ApkAssets: Deleting an ApkAssets object '<empty> and /system_ext/app/AccessibilityMenu/AccessibilityMenu.apk' with 1 weak references
03-10 09:56:15.681  3163  3185 W system_server: ApkAssets: Deleting an ApkAssets object '/product/overlay/AccessibilityMenu__lynkco_g__auto_generated_rro_product.apk' with 1 weak references
03-10 09:56:15.681  3163  3185 W system_server: ApkAssets: Deleting an ApkAssets object '<empty> and /data/app/~~uWGbRlFtroq_7447dZm7dw==/com.google.android.accessibility.switchaccess-xA0UPigBNxEMZ7HOoPGTZA==/base.apk' with 1 weak references
03-10 09:56:15.682  3163  3185 W system_server: ApkAssets: Deleting an ApkAssets object '<empty> and /data/app/~~uWGbRlFtroq_7447dZm7dw==/com.google.android.accessibility.switchaccess-xA0UPigBNxEMZ7HOoPGTZA==/split_config.arm64_v8a.apk' with 1 weak references
03-10 09:56:15.682  3163  3185 W system_server: ApkAssets: Deleting an ApkAssets object '<empty> and /data/app/~~a61RY6Qx18jBMI_fV4ljFg==/com.google.android.marvin.talkback-Ati-iDwnNtkdm0_NcUbqgA==/base.apk' with 1 weak references
03-10 09:56:15.682  3163  3185 W system_server: ApkAssets: Deleting an ApkAssets object '<empty> and /data/app/~~a61RY6Qx18jBMI_fV4ljFg==/com.google.android.marvin.talkback-Ati-iDwnNtkdm0_NcUbqgA==/split_config.arm64_v8a.apk' with 1 weak references
03-10 09:56:15.682  3163  3185 W system_server: ApkAssets: Deleting an ApkAssets object '<empty> and /data/app/~~1asQlHe4ss6Dq6F67EJdXA==/com.motorola.spaces-Pi47YxvN27lYXfiiacp76Q==/base.apk' with 1 weak references
03-10 09:56:15.682  3163  3185 W system_server: ApkAssets: Deleting an ApkAssets object '<empty> and /data/app/~~1asQlHe4ss6Dq6F67EJdXA==/com.motorola.spaces-Pi47YxvN27lYXfiiacp76Q==/split_config.arm64_v8a.apk' with 1 weak references
03-10 09:56:15.682  3163  3185 W system_server: ApkAssets: Deleting an ApkAssets object '<empty> and /data/app/~~1asQlHe4ss6Dq6F67EJdXA==/com.motorola.spaces-Pi47YxvN27lYXfiiacp76Q==/split_config.en.apk' with 1 weak references
03-10 09:56:15.682  3163  3185 W system_server: ApkAssets: Deleting an ApkAssets object '<empty> and /data/app/~~1asQlHe4ss6Dq6F67EJdXA==/com.motorola.spaces-Pi47YxvN27lYXfiiacp76Q==/split_config.xxhdpi.apk' with 1 weak references
03-10 09:56:15.682  3163  3185 W system_server: ApkAssets: Deleting an ApkAssets object '<empty> and /data/app/~~0LW9L7PNrlbEFVAaeJIPEw==/com.wallpaper.edge.aura-TB7mU8vxd5gCRYp9Rio69Q==/base.apk' with 1 weak references
03-10 09:56:15.683  3163  3185 W system_server: ApkAssets: Deleting an ApkAssets object '<empty> and /data/app/~~0LW9L7PNrlbEFVAaeJIPEw==/com.wallpaper.edge.aura-TB7mU8vxd5gCRYp9Rio69Q==/split_config.arm64_v8a.apk' with 1 weak references
03-10 09:56:15.683  3163  3185 W system_server: ApkAssets: Deleting an ApkAssets object '<empty> and /data/app/~~0LW9L7PNrlbEFVAaeJIPEw==/com.wallpaper.edge.aura-TB7mU8vxd5gCRYp9Rio69Q==/split_config.en.apk' with 1 weak references
03-10 09:56:15.683  3163  3185 W system_server: ApkAssets: Deleting an ApkAssets object '<empty> and /data/app/~~0LW9L7PNrlbEFVAaeJIPEw==/com.wallpaper.edge.aura-TB7mU8vxd5gCRYp9Rio69Q==/split_config.xxhdpi.apk' with 1 weak references
03-10 09:56:15.683  3163  3185 W system_server: ApkAssets: Deleting an ApkAssets object '<empty> and /data/app/~~jSqslJWznRR1wmSG1LaV4g==/com.revolut.revolut-OBy8tCD4FpS6mrp0_DIheQ==/base.apk' with 1 weak references
03-10 09:56:15.683  3163  3185 W system_server: ApkAssets: Deleting an ApkAssets object '<empty> and /data/app/~~jSqslJWznRR1wmSG1LaV4g==/com.revolut.revolut-OBy8tCD4FpS6mrp0_DIheQ==/split_config.arm64_v8a.apk' with 1 weak references
03-10 09:56:15.683  3163  3185 W system_server: ApkAssets: Deleting an ApkAssets object '<empty> and /data/app/~~jSqslJWznRR1wmSG1LaV4g==/com.revolut.revolut-OBy8tCD4FpS6mrp0_DIheQ==/split_config.en.apk' with 1 weak references
03-10 09:56:15.683  3163  3185 W system_server: ApkAssets: Deleting an ApkAssets object '<empty> and /data/app/~~jSqslJWznRR1wmSG1LaV4g==/com.revolut.revolut-OBy8tCD4FpS6mrp0_DIheQ==/split_config.xxhdpi.apk' with 1 weak references
03-10 09:56:15.683  3163  3185 W system_server: ApkAssets: Deleting an ApkAssets object '<empty> and /data/app/~~jSqslJWznRR1wmSG1LaV4g==/com.revolut.revolut-OBy8tCD4FpS6mrp0_DIheQ==/split_feature_apm_multibanco_sdk_impl.apk' with 1 weak references
03-10 09:56:15.683  3163  3185 W system_server: ApkAssets: Deleting an ApkAssets object '<empty> and /data/app/~~jSqslJWznRR1wmSG1LaV4g==/com.revolut.revolut-OBy8tCD4FpS6mrp0_DIheQ==/split_feature_apm_multibanco_sdk_impl.config.arm64_v8a.apk' with 1 weak references
03-10 09:56:15.683  3163  3185 W system_server: ApkAssets: Deleting an ApkAssets object '<empty> and /data/app/~~jSqslJWznRR1wmSG1LaV4g==/com.revolut.revolut-OBy8tCD4FpS6mrp0_DIheQ==/split_feature_apm_multibanco_sdk_impl.config.xxhdpi.apk' with 1 weak references
03-10 09:56:15.683  3163  3185 W system_server: ApkAssets: Deleting an ApkAssets object '<empty> and /data/app/~~jSqslJWznRR1wmSG1LaV4g==/com.revolut.revolut-OBy8tCD4FpS6mrp0_DIheQ==/split_feature_fourthline_impl.apk' with 1 weak references
03-10 09:56:15.683  3163  3185 W system_server: ApkAssets: Deleting an ApkAssets object '<empty> and /data/app/~~jSqslJWznRR1wmSG1LaV4g==/com.revolut.revolut-OBy8tCD4FpS6mrp0_DIheQ==/split_feature_fourthline_impl.config.en.apk' with 1 weak references
03-10 09:56:15.683  3163  3185 W system_server: ApkAssets: Deleting an ApkAssets object '<empty> and /data/app/~~jSqslJWznRR1wmSG1LaV4g==/com.revolut.revolut-OBy8tCD4FpS6mrp0_DIheQ==/split_feature_incode_sdk.apk' with 1 weak references
03-10 09:56:15.683  3163  3185 W system_server: ApkAssets: Deleting an ApkAssets object '<empty> and /data/app/~~jSqslJWznRR1wmSG1LaV4g==/com.revolut.revolut-OBy8tCD4FpS6mrp0_DIheQ==/split_feature_incode_sdk.config.arm64_v8a.apk' with 1 weak references
03-10 09:56:15.684  3163  3185 W system_server: ApkAssets: Deleting an ApkAssets object '<empty> and /data/app/~~GiYyM2LOg5MWP7rId19rxQ==/com.google.android.apps.tachyon-WAQ4VRdgOCFx8Zt9hMJGIw==/base.apk' with 1 weak references
03-10 09:56:15.684  3163  3185 W system_server: ApkAssets: Deleting an ApkAssets object '<empty> and /data/app/~~GiYyM2LOg5MWP7rId19rxQ==/com.google.android.apps.tachyon-WAQ4VRdgOCFx8Zt9hMJGIw==/split_config.arm64_v8a.apk' with 1 weak references
03-10 09:56:15.684  3163  3185 W system_server: ApkAssets: Deleting an ApkAssets object '<empty> and /data/app/~~GiYyM2LOg5MWP7rId19rxQ==/com.google.android.apps.tachyon-WAQ4VRdgOCFx8Zt9hMJGIw==/split_config.en.apk' with 1 weak references
03-10 09:56:15.684  3163  3185 W system_server: ApkAssets: Deleting an ApkAssets object '<empty> and /data/app/~~GiYyM2LOg5MWP7rId19rxQ==/com.google.android.apps.tachyon-WAQ4VRdgOCFx8Zt9hMJGIw==/split_config.xxhdpi.apk' with 1 weak references
03-10 09:56:15.684  3163  3185 W system_server: ApkAssets: Deleting an ApkAssets object '<empty> and /data/app/~~pWfo_nmcGGEFn7MGmPYrTw==/com.google.android.gm-Ywvz4-VCr3DNskRTvRCYXw==/base.apk' with 1 weak references
03-10 09:56:15.684  2064 26059 E sensors-hal: handle_sns_client_event:62, mot_disprot_event: now=80931588865994 ts=80931578989536, type=16, status=3
03-10 09:56:15.684  3163  3185 W system_server: ApkAssets: Deleting an ApkAssets object '<empty> and /data/app/~~pWfo_nmcGGEFn7MGmPYrTw==/com.google.android.gm-Ywvz4-VCr3DNskRTvRCYXw==/split_config.arm64_v8a.apk' with 1 weak references
03-10 09:56:15.684  3163  3185 W system_server: ApkAssets: Deleting an ApkAssets object '<empty> and /data/app/~~pWfo_nmcGGEFn7MGmPYrTw==/com.google.android.gm-Ywvz4-VCr3DNskRTvRCYXw==/split_config.en.apk' with 1 weak references
03-10 09:56:15.684  3163  3185 W system_server: ApkAssets: Deleting an ApkAssets object '<empty> and /data/app/~~pWfo_nmcGGEFn7MGmPYrTw==/com.google.android.gm-Ywvz4-VCr3DNskRTvRCYXw==/split_config.xxhdpi.apk' with 1 weak references
03-10 09:56:15.684  3163  3185 W system_server: ApkAssets: Deleting an ApkAssets object '<empty> and /product/priv-app/LenovoId/LenovoId.apk' with 1 weak references
03-10 09:56:15.684  3163  3185 W system_server: ApkAssets: Deleting an ApkAssets object '<empty> and /product/priv-app/PreloadContacts/PreloadContacts.apk' with 1 weak references
03-10 09:56:15.685  3163  3185 W system_server: ApkAssets: Deleting an ApkAssets object '<empty> and /data/app/~~H1X02z5am-q0gNa2H4LdtA==/com.adidas.app-Tai_D5xr8DlEoxmOaAAV9Q==/base.apk' with 1 weak references
03-10 09:56:15.685  3163  3185 W system_server: ApkAssets: Deleting an ApkAssets object '<empty> and /data/app/~~H1X02z5am-q0gNa2H4LdtA==/com.adidas.app-Tai_D5xr8DlEoxmOaAAV9Q==/split_config.arm64_v8a.apk' with 1 weak references
03-10 09:56:15.685  3163  3185 W system_server: ApkAssets: Deleting an ApkAssets object '<empty> and /data/app/~~H1X02z5am-q0gNa2H4LdtA==/com.adidas.app-Tai_D5xr8DlEoxmOaAAV9Q==/split_config.xxhdpi.apk' with 1 weak references
03-10 09:56:15.685  3163  3185 W system_server: ApkAssets: Deleting an ApkAssets object '<empty> and /data/app/~~HcKLRN8eS9MMcHryuW59FA==/com.alibaba.aliexpresshd-ei4AB6cCuO5NCO2Rp5eczw==/base.apk' with 1 weak references
03-10 09:56:15.685  3163  3185 W system_server: ApkAssets: Deleting an ApkAssets object '<empty> and /data/app/~~HcKLRN8eS9MMcHryuW59FA==/com.alibaba.aliexpresshd-ei4AB6cCuO5NCO2Rp5eczw==/split_aeocr.apk' with 1 weak references
03-10 09:56:15.685  3163  3185 W system_server: ApkAssets: Deleting an ApkAssets object '<empty> and /data/app/~~HcKLRN8eS9MMcHryuW59FA==/com.alibaba.aliexpresshd-ei4AB6cCuO5NCO2Rp5eczw==/split_aeocr.config.arm64_v8a.apk' with 1 weak references
03-10 09:56:15.685  3163  3185 W system_server: ApkAssets: Deleting an ApkAssets object '<empty> and /data/app/~~HcKLRN8eS9MMcHryuW59FA==/com.alibaba.aliexpresshd-ei4AB6cCuO5NCO2Rp5eczw==/split_aeocr.config.xxhdpi.apk' with 1 weak references
03-10 09:56:15.685  3163  3185 W system_server: ApkAssets: Deleting an ApkAssets object '<empty> and /data/app/~~HcKLRN8eS9MMcHryuW59FA==/com.alibaba.aliexpresshd-ei4AB6cCuO5NCO2Rp5eczw==/split_aiFoundation.apk' with 1 weak references
03-10 09:56:15.685  3163  3185 W system_server: ApkAssets: Deleting an ApkAssets object '<empty> and /data/app/~~HcKLRN8eS9MMcHryuW59FA==/com.alibaba.aliexpresshd-ei4AB6cCuO5NCO2Rp5eczw==/split_aiFoundation.config.arm64_v8a.apk' with 1 weak references
03-10 09:56:15.685  3163  3185 W system_server: ApkAssets: Deleting an ApkAssets object '<empty> and /data/app/~~HcKLRN8eS9MMcHryuW59FA==/com.alibaba.aliexpresshd-ei4AB6cCuO5NCO2Rp5eczw==/split_aiFoundation.config.xxhdpi.apk' with 1 weak references
03-10 09:56:15.685  3163  3185 W system_server: ApkAssets: Deleting an ApkAssets object '<empty> and /data/app/~~HcKLRN8eS9MMcHryuW59FA==/com.alibaba.aliexpresshd-ei4AB6cCuO5NCO2Rp5eczw==/split_com_android_vending_recoveryUpdate_7759935298805062846.apk' with 1 weak references
03-10 09:56:15.685  3163  3185 W system_server: ApkAssets: Deleting an ApkAssets object '<empty> and /data/app/~~HcKLRN8eS9MMcHryuW59FA==/com.alibaba.aliexpresshd-ei4AB6cCuO5NCO2Rp5eczw==/split_config.arm64_v8a.apk' with 1 weak references
03-10 09:56:15.685  3163  3185 W system_server: ApkAssets: Deleting an ApkAssets object '<empty> and /data/app/~~HcKLRN8eS9MMcHryuW59FA==/com.alibaba.aliexpresshd-ei4AB6cCuO5NCO2Rp5eczw==/split_config.xxhdpi.apk' with 1 weak references
03-10 09:56:15.685  3163  3185 W system_server: ApkAssets: Deleting an ApkAssets object '<empty> and /data/app/~~HcKLRN8eS9MMcHryuW59FA==/com.alibaba.aliexpresshd-ei4AB6cCuO5NCO2Rp5eczw==/split_ucSo.apk' with 1 weak references
03-10 09:56:15.685  3163  3185 W system_server: ApkAssets: Deleting an ApkAssets object '<empty> and /data/app/~~HcKLRN8eS9MMcHryuW59FA==/com.alibaba.aliexpresshd-ei4AB6cCuO5NCO2Rp5eczw==/split_ucSo.config.arm64_v8a.apk' with 1 weak references
03-10 09:56:15.685  3163  3185 W system_server: ApkAssets: Deleting an ApkAssets object '<empty> and /data/app/~~HcKLRN8eS9MMcHryuW59FA==/com.alibaba.aliexpresshd-ei4AB6cCuO5NCO2Rp5eczw==/split_ucSo.config.xxhdpi.apk' with 1 weak references
03-10 09:56:15.685  3163  3185 W system_server: ApkAssets: Deleting an ApkAssets object '<empty> and /data/app/~~HcKLRN8eS9MMcHryuW59FA==/com.alibaba.aliexpresshd-ei4AB6cCuO5NCO2Rp5eczw==/split_ugc.apk' with 1 weak references
03-10 09:56:15.686  3163  3185 W system_server: ApkAssets: Deleting an ApkAssets object '<empty> and /data/app/~~HcKLRN8eS9MMcHryuW59FA==/com.alibaba.aliexpresshd-ei4AB6cCuO5NCO2Rp5eczw==/split_ugc.config.arm64_v8a.apk' with 1 weak references
03-10 09:56:15.686  3163  3185 W system_server: ApkAssets: Deleting an ApkAssets object '<empty> and /data/app/~~HcKLRN8eS9MMcHryuW59FA==/com.alibaba.aliexpresshd-ei4AB6cCuO5NCO2Rp5eczw==/split_ugc.config.xxhdpi.apk' with 1 weak references
03-10 09:56:15.686  3163  3185 W system_server: ApkAssets: Deleting an ApkAssets object '<empty> and /data/app/~~HcKLRN8eS9MMcHryuW59FA==/com.alibaba.aliexpresshd-ei4AB6cCuO5NCO2Rp5eczw==/split_wallet.apk' with 1 weak references
03-10 09:56:15.686  3163  3185 W system_server: ApkAssets: Deleting an ApkAssets object '<empty> and /data/app/~~HcKLRN8eS9MMcHryuW59FA==/com.alibaba.aliexpresshd-ei4AB6cCuO5NCO2Rp5eczw==/split_wallet.config.arm64_v8a.apk' with 1 weak references
03-10 09:56:15.686  3163  3185 W system_server: ApkAssets: Deleting an ApkAssets object '<empty> and /data/app/~~HcKLRN8eS9MMcHryuW59FA==/com.alibaba.aliexpresshd-ei4AB6cCuO5NCO2Rp5eczw==/split_wallet.config.xxhdpi.apk' with 1 weak references
03-10 09:56:15.686  3163  3185 W system_server: ApkAssets: Deleting an ApkAssets object '<empty> and /data/app/~~HcKLRN8eS9MMcHryuW59FA==/com.alibaba.aliexpresshd-ei4AB6cCuO5NCO2Rp5eczw==/split_widget.apk' with 1 weak references
03-10 09:56:15.686  3163  3185 W system_server: ApkAssets: Deleting an ApkAssets object '<empty> and /data/app/~~HcKLRN8eS9MMcHryuW59FA==/com.alibaba.aliexpresshd-ei4AB6cCuO5NCO2Rp5eczw==/split_widget.config.xxhdpi.apk' with 1 weak references
03-10 09:56:15.686  3163  3185 W system_server: ApkAssets: Deleting an ApkAssets object '<empty> and /data/app/~~lrq2RvgkJOoEZf3skW_ldw==/com.chickfila.cfaflagship-7Mai2qZGzRnUDs_OGHMNOg==/base.apk' with 1 weak references
03-10 09:56:15.686  3163  3185 W system_server: ApkAssets: Deleting an ApkAssets object '<empty> and /data/app/~~lrq2RvgkJOoEZf3skW_ldw==/com.chickfila.cfaflagship-7Mai2qZGzRnUDs_OGHMNOg==/split_config.arm64_v8a.apk' with 1 weak references
03-10 09:56:15.686  3163  3185 W system_server: ApkAssets: Deleting an ApkAssets object '<empty> and /data/app/~~lrq2RvgkJOoEZf3skW_ldw==/com.chickfila.cfaflagship-7Mai2qZGzRnUDs_OGHMNOg==/split_config.en.apk' with 1 weak references
03-10 09:56:15.686  3163  3185 W system_server: ApkAssets: Deleting an ApkAssets object '<empty> and /data/app/~~lrq2RvgkJOoEZf3skW_ldw==/com.chickfila.cfaflagship-7Mai2qZGzRnUDs_OGHMNOg==/split_config.es.apk' with 1 weak references
03-10 09:56:15.686  3163  3185 W system_server: ApkAssets: Deleting an ApkAssets object '<empty> and /data/app/~~lrq2RvgkJOoEZf3skW_ldw==/com.chickfila.cfaflagship-7Mai2qZGzRnUDs_OGHMNOg==/split_config.xxhdpi.apk' with 1 weak references
03-10 09:56:15.686  3163  3185 W system_server: ApkAssets: Deleting an ApkAssets object '<empty> and /data/app/~~Wyxn9NG2Zmahd4O8TPDyRQ==/com.depop-iCdoCHFmCfnozqKk5xn6Ag==/base.apk' with 1 weak references
03-10 09:56:15.686  3163  3185 W system_server: ApkAssets: Deleting an ApkAssets object '<empty> and /data/app/~~Wyxn9NG2Zmahd4O8TPDyRQ==/com.depop-iCdoCHFmCfnozqKk5xn6Ag==/split_config.arm64_v8a.apk' with 1 weak references
03-10 09:56:15.686  3163  3185 W system_server: ApkAssets: Deleting an ApkAssets object '<empty> and /data/app/~~Wyxn9NG2Zmahd4O8TPDyRQ==/com.depop-iCdoCHFmCfnozqKk5xn6Ag==/split_config.en.apk' with 1 weak references
03-10 09:56:15.686  3163  3185 W system_server: ApkAssets: Deleting an ApkAssets object '<empty> and /data/app/~~Wyxn9NG2Zmahd4O8TPDyRQ==/com.depop-iCdoCHFmCfnozqKk5xn6Ag==/split_config.xxhdpi.apk' with 1 weak references
03-10 09:56:15.687  3163  3185 W system_server: ApkAssets: Deleting an ApkAssets object '<empty> and /data/app/~~OVVIMpaqStL7s_cMbnwrVw==/com.expedia.bookings-cf5r21Q8n48rWa1AfCU8Iw==/base.apk' with 1 weak references
03-10 09:56:15.687  3163  3185 W system_server: ApkAssets: Deleting an ApkAssets object '<empty> and /data/app/~~OVVIMpaqStL7s_cMbnwrVw==/com.expedia.bookings-cf5r21Q8n48rWa1AfCU8Iw==/split_config.arm64_v8a.apk' with 1 weak references
03-10 09:56:15.687  3163  3185 W system_server: ApkAssets: Deleting an ApkAssets object '<empty> and /data/app/~~OVVIMpaqStL7s_cMbnwrVw==/com.expedia.bookings-cf5r21Q8n48rWa1AfCU8Iw==/split_config.xxhdpi.apk' with 1 weak references
03-10 09:56:15.687  3163  3185 W system_server: ApkAssets: Deleting an ApkAssets object '<empty> and /data/app/~~a7IR0xZIjyZURVpIzTLipw==/com.facebook.katana-GTvcbiko37ipjTwfUlmK8g==/base.apk' with 1 weak references
03-10 09:56:15.687  3163  3185 W system_server: ApkAssets: Deleting an ApkAssets object '<empty> and /data/app/~~a7IR0xZIjyZURVpIzTLipw==/com.facebook.katana-GTvcbiko37ipjTwfUlmK8g==/split_heliumcore.apk' with 1 weak references
03-10 09:56:15.687  3163  3185 W system_server: ApkAssets: Deleting an ApkAssets object '<empty> and /data/app/~~a7IR0xZIjyZURVpIzTLipw==/com.facebook.katana-GTvcbiko37ipjTwfUlmK8g==/split_heliumiab.apk' with 1 weak references
03-10 09:56:15.687  3163  3185 W system_server: ApkAssets: Deleting an ApkAssets object '<empty> and /data/app/~~a7IR0xZIjyZURVpIzTLipw==/com.facebook.katana-GTvcbiko37ipjTwfUlmK8g==/split_pytorch.apk' with 1 weak references
03-10 09:56:15.687  3163  3185 W system_server: ApkAssets: Deleting an ApkAssets object '<empty> and /data/app/~~PdraRHyIIxL0WWYl8DnVpg==/com.instagram.android-yv9_sBZm9xNxBm56RlnXOA==/base.apk' with 1 weak references
03-10 09:56:15.688  3163  3185 W system_server: ApkAssets: Deleting an ApkAssets object '<empty> and /data/app/~~PdraRHyIIxL0WWYl8DnVpg==/com.instagram.android-yv9_sBZm9xNxBm56RlnXOA==/split_executorch.apk' with 1 weak references
03-10 09:56:15.688  3163  3185 W system_server: ApkAssets: Deleting an ApkAssets object '<empty> and /data/app/~~PdraRHyIIxL0WWYl8DnVpg==/com.instagram.android-yv9_sBZm9xNxBm56RlnXOA==/split_heliumcore.apk' with 1 weak references
03-10 09:56:15.688  3163  3185 W system_server: ApkAssets: Deleting an ApkAssets object '<empty> and /data/app/~~PdraRHyIIxL0WWYl8DnVpg==/com.instagram.android-yv9_sBZm9xNxBm56RlnXOA==/split_heliumiab.apk' with 1 weak references
