03-10 10:02:24.326  2582  8059 D NxpTml  : PN54X - Read requested.....
03-10 10:02:24.326  2582  8059 D NxpTml  : PN54X - Invoking I2C Read.....
03-10 10:02:24.328  6942  8007 D libnfc_nci: nfaDeviceManagementCallback: enter; event=0x2
03-10 10:02:24.328  6942  8007 D libnfc_nci: nfaDeviceManagementCallback: NFA_DM_SET_CONFIG_EVT
03-10 10:02:24.333  3163  3231 W AccessibilityWindowsPopulator: The displayInfo of this displayId (0) called back from the surface fligner is null
03-10 10:02:24.334  5993  8003 D BluetoothLeScanner: onScannerRegistered() - status=0 scannerId=1 mScannerId=0
03-10 10:02:24.342  3163  3231 W AccessibilityWindowsPopulator: The displayInfo of this displayId (0) called back from the surface fligner is null
03-10 10:02:24.343  2064  2064 I sensors-hal: batch:206, android.sensor.light/51, period=200000000, max_latency=0
03-10 10:02:24.343  2064  2064 I sensors-hal: set_config:61, no need to adjust sample_period_ns due to reporting_mode = 2
03-10 10:02:24.343  2064  2064 I sensors-hal: send_sensor_config_request:463, dt=ambient_light: convert sample_period=200000000 to batch_period=200000
03-10 10:02:24.343  2064  2064 I sensors-hal: send_sync_sensor_request:341, send sync request
03-10 10:02:24.343  2064  2064 I sensors-hal: send_sync_sensor_request:367, wait for notification of response
03-10 10:02:24.344  2300  2300 D SurfaceFlinger: Setting desired display mode specs: {0, false, PR={p[24.00-120.00]Hz, r[24.00-60.00]Hz}, AR={p[0.00-120.00]Hz, r[0.00-120.00]Hz}} for display 4630947043778501762
03-10 10:02:24.344  2300  2300 I SurfaceFlinger: Switching to Scheduler preferred mode 5 (60.00 Hz) for display 4630947043778501762
03-10 10:02:24.344  2300  2300 D DisplayModeController: setDesiredMode 4630947043778501762 {mode={fps=60.00 Hz, modePtr={id=5, vsyncRate=60.00 Hz, peakRefreshRate=60.00 Hz}}, emitEvent=true, force=false}
03-10 10:02:24.344  2064 10460 I sensors-hal: ssc_conn_resp_cb:632, resp_value = 0
03-10 10:02:24.345  2195  2586 I SDM     : DisplayBase::SetDisplayState: Set state = 1, display 57-0, teardown = 0
03-10 10:02:24.345  2195  2586 I SDM     : HWDeviceDRM::NullCommit: Null commit succeeded crtc=141
03-10 10:02:24.345  2064  2064 I sensors-hal: send_sync_sensor_request:373, takes 2 ms to receive the response with 0
03-10 10:02:24.345  2064  2064 I sensors-hal: batch:215, android.sensor.light/51, period=200000000, max_latency=0 request completed
03-10 10:02:24.353  7314  7314 D GameMode: isScreenUnlocked: false
03-10 10:02:24.357  2064  4171 D slpi    : tmd2712: Als lux: 96.30, ch0: 3176, ch1: 1302, scale: 1.08, atime:50.04, again:1024
03-10 10:02:24.363  3163  5158 D WifiStaIfaceHidlImpl: getCachedScanData is not implemented by HIDL
03-10 10:02:24.368  5993  8761 I NearbyDiscovery: (REDACTED) ApFastPairScanner: Start scanning, mode=%s
03-10 10:02:24.369  5658  6105 I bt_shim_scanner: system/main/shim/le_scanning_manager.cc:282 ScanFilterEnable: in shim layer
03-10 10:02:24.369  2068  2068 D vendor.qti.bluetooth@1.0-ibs_handler: SerialClockVote: vote for UART CLK ON
03-10 10:02:24.370  2068  2068 D vendor.qti.bluetooth@1.0-wake_lock: Acquire wakelock is acquired 
03-10 10:02:24.370  2068  2068 I vendor.qti.bluetooth@1.0-ibs_handler: DeviceWakeUp: Writing IBS_WAKE_IND
03-10 10:02:24.373  3163  5158 D WifiStaIfaceHidlImpl: getCachedScanData is not implemented by HIDL
03-10 10:02:24.373  5658  6105 I bt_shim_scanner: system/main/shim/le_scanning_manager.cc:258 ScanFilterAdd: in shim layer
03-10 10:02:24.376  2068  6060 I vendor.qti.bluetooth@1.0-ibs_handler: ProcessIbsCmd: Received IBS_WAKE_ACK: 0xFC
03-10 10:02:24.376  2068  6060 I vendor.qti.bluetooth@1.0-ibs_handler: ProcessIbsCmd: Signal wack_cond_
03-10 10:02:24.376  2068  2068 D vendor.qti.bluetooth@1.0-ibs_handler: DeviceWakeUp: Unblocked from waiting for FC, pthread_cond_timedwait ret = 0
03-10 10:02:24.376  2068  6060 I vendor.qti.bluetooth@1.0-ibs_handler: ProcessIbsCmd: Received IBS_WAKE_IND: 0xFD
03-10 10:02:24.376  2068  6060 I vendor.qti.bluetooth@1.0-ibs_handler: ProcessIbsCmd: Writing IBS_WAKE_ACK
03-10 10:02:24.378  7545  7545 I FileStationLog: [ FileStationManager ] - screenIsOn: true, hasWindowShowed: false
03-10 10:02:24.378  7545  7545 I MotoDesktopLog: [ FileStationLog ] - broadcastMessage - cmd : 2008
03-10 10:02:24.378  5993  8761 I NearbyDiscovery: (REDACTED) FastPairHandler: Received action %s
03-10 10:02:24.378  5993  8761 I NearbyDiscovery: (REDACTED) PureOffloadFastPairScanner: eventType=%s, isInternalReq=%s, isScanning=%s, isScanningAllowed=%s
03-10 10:02:24.378  5993  8761 I NearbyDiscovery: (REDACTED) ApFastPairScanner: isScreenOn=%s, isLocationEnabled=%s, disableLocationRequirement=%s, isDiscoveryScanningEnabled=%s, during24GhzWifiWarmingUpPeriod=%s
03-10 10:02:24.379  5625  5625 V KeyguardStatusViewController: onTimeChanged
03-10 10:02:24.380 10834 10847 W SP      : File ref is being finalized but wasn't closed, file: 7a635888cb828dfa2fc744b7b9b50f04[224]
03-10 10:02:24.382  5658  6105 I bt_shim_scanner: system/main/shim/le_scanning_manager.cc:220 ScanFilterParamSetup: in shim layer, clientIf=1
03-10 10:02:24.383  5658  6105 I bt_shim_scanner: system/main/shim/le_scanning_manager.cc:258 ScanFilterAdd: in shim layer
03-10 10:02:24.383  5658  6105 I bt_shim_scanner: system/main/shim/le_scanning_manager.cc:220 ScanFilterParamSetup: in shim layer, clientIf=1
03-10 10:02:24.386  5658  6105 I bt_shim_scanner: system/main/shim/le_scanning_manager.cc:185 Scan: in shim layer started
03-10 10:02:24.386  5658  5907 I bluetooth: system/gd/hci/le_scanning_manager.cc:690 stop_scan: Scanning already stopped, return!
03-10 10:02:24.386  5658  5907 I bluetooth: system/gd/hci/le_address_manager.cc:226 register_client: Scheduled address rotation for first client registered
03-10 10:02:24.386  5658  5907 I bluetooth: system/gd/hci/le_address_manager.cc:229 register_client: Client registered
03-10 10:02:24.389  5658  6105 I bt_shim_scanner: system/main/shim/le_scanning_manager.cc:185 Scan: in shim layer stopped
03-10 10:02:24.390  5658  6105 W BtGatt.JNI: android/app/jni/com_android_bluetooth_gatt.cpp:1597 gattSetScanParametersNative: gattSetScanParametersNative
03-10 10:02:24.391  5658  5907 I bluetooth: system/gd/hci/le_address_manager.cc:244 unregister_client: Client unregistered
03-10 10:02:24.391  5658  5907 I bluetooth: system/gd/hci/le_address_manager.cc:248 unregister_client: Cancelled address rotation alarm
03-10 10:02:24.392  5658  6105 I bt_shim_scanner: system/main/shim/le_scanning_manager.cc:363 SetScanParameters: in shim layer, scannerId=1
03-10 10:02:24.392  5658  6105 I bt_shim_scanner: system/main/shim/le_scanning_manager.cc:185 Scan: in shim layer started
03-10 10:02:24.393  5993  8761 D BluetoothAdapter: isLeEnabled(): ON
03-10 10:02:24.393  5993  8761 I NearbyDiscovery: (REDACTED) ApFastPairScanner: eventType=%s, intReq=%s, scanning=%s, scanAllowed=%s, bleEnabled=%s, lockScanRate=%s, startScanningByLowPowerMode=%s
03-10 10:02:24.393  5993  8761 I NearbyDiscovery: FastPairController: onSystemStateChanged: skip due to flag disabled [CONTEXT service_id=265 ]
03-10 10:02:24.395 10834 10847 W SP      : File ref is being finalized but wasn't closed, file: 2020031023_en[557]
03-10 10:02:24.396  5658  5907 I bluetooth: system/gd/hci/le_scanning_manager.cc:690 stop_scan: Scanning already stopped, return!
03-10 10:02:24.396 10834 10847 W SP      : File ref is being finalized but wasn't closed, file: 2020031023_en[557]
03-10 10:02:24.396  5658  5907 I bluetooth: system/gd/hci/le_address_manager.cc:226 register_client: Scheduled address rotation for first client registered
03-10 10:02:24.396  5658  5907 I bluetooth: system/gd/hci/le_address_manager.cc:229 register_client: Client registered
03-10 10:02:24.396 10834 10847 W SP      : File ref is being finalized but wasn't closed, file: 2020031023_en[557]
03-10 10:02:24.396 10834 10847 W SP      : File ref is being finalized but wasn't closed, file: 2020031023_en[557]
03-10 10:02:24.400 15429 16144 I BatteryCare: [SmartBackground] [DGMC::AccelerateSmartCleanReceiver] action received: android.intent.action.SCREEN_ON
03-10 10:02:24.402 15429 16144 W BatteryCare: [SmartBackground] [DGMC::AccelerateSmartCleanReceiver] Enter disableMidNightByScreen, isEnableBySleepMode = false
03-10 10:02:24.402 15429 16144 I BatteryCare: [SmartBackground] [DGMC::AccelerateSmartCleanReceiver] disableMidNightByScreen isSleepMode or isEnableBySleepMode return
03-10 10:02:24.402  7893  7893 W JobService: onNetworkChanged() not implemented in com.android.adservices.service.measurement.registration.AsyncRegistrationQueueJobService. Must override in a subclass.
03-10 10:02:24.406  6344  6344 V ClockFace: onDataSetChanged: clock update in remote
03-10 10:02:24.407  3163  5203 I WifiDataStallService: onCapabilitiesChanged NET_CAPABILITY_VALIDATED=true
03-10 10:02:24.407  3163  5203 I WifiDataStallService: WIFI state:true
03-10 10:02:24.407  3163  5203 I WifiDataStallService: WIFI valid state:true
03-10 10:02:24.407  3163  5203 I WifiDataStallService: on-off:false,mScreenOn:true
03-10 10:02:24.410  3163  3163 D WiFiBlocklistController: Wifi onCapabilitiesChanged
03-10 10:02:24.410  3163  3163 D WiFiBlocklistController: Default net onCapabilitiesChanged
03-10 10:02:24.410  3163  3163 D WiFiBlocklistController: updateDefaultNet:135
03-10 10:02:24.410  3163  3163 D WiFiBlocklistController: mayUpdateNotification: shouldShow=false,UidsBlocked=false, net info=net:135,ifName=wlan0,securityType=2,isDefault=true,ssid="micasa",notificationId=0
03-10 10:02:24.416  5693  6968 D QCNEJ/NativeHalConnector: -> SND notifyDefaultNetworkChanged(1)
03-10 10:02:24.420  6932  8142 I BugleRcsEngine: handleMessage processing message:[NOTIFY_UPTIME_IGNORE_STATE_CHANGED] with [non-null]:RcsEngineImpl reference [CONTEXT log_prefix="RcsEngineImpl[DUAL_REG]:[82ee5969-a086]>Handler" thread_id=61 ]
03-10 10:02:24.420  7091 21947 I ModemStats: [DataStallDetectService] onCapabilitiesChanged networkCapabilities=[ Transports: WIFI Capabilities: NOT_METERED&INTERNET&NOT_RESTRICTED&TRUSTED&NOT_VPN&VALIDATED&NOT_ROAMING&FOREGROUND&NOT_CONGESTED&NOT_SUSPENDED&NOT_VCN_MANAGED&NOT_BANDWIDTH_CONSTRAINED LinkUpBandwidth>=5852Kbps LinkDnBandwidth>=62738Kbps TransportInfo: <SSID: <unknown ssid>, BSSID: 02:00:00:00:00:00, MAC: 02:00:00:00:00:00, IP: /10.0.0.248, Security type: 2, Supplicant state: COMPLETED, Wi-Fi standard: 11ax, RSSI: -65, Link speed: 360Mbps, Tx Link speed: 360Mbps, Max Supported Tx Link speed: 1200Mbps, Rx Link speed: 72Mbps, Max Supported Rx Link speed: 1200Mbps, Frequency: 5785MHz, Net ID: -1, Metered hint: false, score: 60, isUsable: true, CarrierMerged: false, SubscriptionId: -1, IsPrimary: -1, Trusted: true, Restricted: false, Ephemeral: false, OEM paid: false, OEM private: false, OSU AP: false, FQDN: <none>, Provider friendly name: <none>, Requesting package name: <none><none>MLO Information: , Is TID-To-Link negotiation supported by the AP: false, AP MLD Address: <none>, AP MLO Link Id: <none>, AP MLO Affiliated links: <none>, Vendor Data: <none>> SignalStrength: -65 UnderlyingNetworks: Null]
03-10 10:02:24.420  7091 21947 I ModemStats: [DataStallDetectService] onCapabilitiesChanged NET_CAPABILITY_VALIDATED=true
03-10 10:02:24.420  7091 21947 I ModemStats: [DataStallDetectService] onCapabilitiesChanged mDataStallManager.mDataStallInstance=null
03-10 10:02:24.420  7091 21947 I ModemStats: [DataStallDetectService] onCapabilitiesChanged mDataStallSmart5gManager.mDataStallInstance=null
03-10 10:02:24.421  6932  7504 I BugleRcsEngine: Connected state: [1], networkType: [WIFI] [CONTEXT thread_id=54 ]
03-10 10:02:24.422  6932  8142 I BugleRcsEngine: Cannot use CS.apk as it's battery optimized [CONTEXT thread_id=61 ]
03-10 10:02:24.423  5802  6695 E PhoneInterfaceManager: getCarrierPrivilegeStatusForUid: Invalid subId
03-10 10:02:24.427  3163  7402 D ActivityManager: unfreezing ProcessRecord{a6391f2 14684:com.google.android.apps.messaging/u0a244}, reason = oom_uncached, adj = 200, adjType = provider, adjSource = ProcessRecord{4d599b9 6932:com.google.android.apps.messaging:rcs/u0a244}
03-10 10:02:24.432  2064  4171 D slpi-TCS3720: ALS_REPORT lux 17.030651, ch0 11.551881-5.013443-3.613415-3.669200, scale 1.1878, fps 90, client 1
03-10 10:02:24.432  2064  4171 D slpi-TCS3720: PRX_OC info Far, Total 0, pdata 0, offset 0 step 0.63, ore 0:0 step 21.00, TH_H 1020, TH_L 0, client 0
03-10 10:02:24.437  5993  8163 I NullBinder: NullBinder for android.net.action.RECOMMEND_NETWORKS triggering remote TransactionTooLargeException due to Service without Chimera impl, calling uid: 1000, calling pid: 0
03-10 10:02:24.437  5993  8163 W Binder  : reply too large data on java level: InterfaceDescriptor = null, code = 1
03-10 10:02:24.437  5993  8163 W .gms.persistent: Large reply transaction of 1056768 bytes, interface descriptor , code 1
03-10 10:02:24.437  3163  7402 D ActivityManager: sync unfroze 14684 com.google.android.apps.messaging for 7
03-10 10:02:24.440  2068  6060 I vendor.qti.bluetooth@1.0-ibs_handler: ProcessIbsCmd: Received IBS_SLEEP_IND: 0xFE
03-10 10:02:24.450  3163  7400 W PackageManager: Missing required system package: wsj.reader_sp, but found with extended search.
03-10 10:02:24.450  3163  7400 W PackageManager: Missing required system package: whitecastle.ordering, but found with extended search.
03-10 10:02:24.450  3163  7400 W PackageManager: Missing required system package: sp0n.citizen, but found with extended search.
03-10 10:02:24.450  3163  7400 W PackageManager: Missing required system package: org.rajman.neshan.traffic.tehran.navigator, but found with extended search.
03-10 10:02:24.450  3163  7400 W PackageManager: Missing required system package: org.me.mobiexpensifyg, but found with extended search.
03-10 10:02:24.450  3163  7400 W PackageManager: Missing required system package: org.kiva.lending, but found with extended search.
03-10 10:02:24.450  3163  7400 W PackageManager: Missing required system package: onxmaps.offroad, but found with extended search.
03-10 10:02:24.450  3163  7400 W PackageManager: Missing required system package: onxmaps.hunt, but found with extended search.
03-10 10:02:24.450  3163  7400 W PackageManager: Missing required system package: mnn.Android, but found with extended search.
03-10 10:02:24.450  3163  7400 W PackageManager: Missing required system package: io.appium.settings, but found with extended search.
03-10 10:02:24.450  3163  7400 W PackageManager: Missing required system package: gplx.simple.budgetapp, but found with extended search.
03-10 10:02:24.450  3163  7400 W PackageManager: Missing required system package: de.zalando.mobile, but found with extended search.
03-10 10:02:24.450  3163  7400 W PackageManager: Missing required system package: ctrip.english, but found with extended search.
03-10 10:02:24.450  3163  7400 W PackageManager: Missing required system package: crumbl.cookies, but found with extended search.
03-10 10:02:24.450  3163  7400 W PackageManager: Missing required system package: com.zzkko, but found with extended search.
03-10 10:02:24.450  3163  7400 W PackageManager: Missing required system package: com.zhiliaoapp.musically, but found with extended search.
03-10 10:02:24.451  3163  7400 W PackageManager: Missing required system package: com.zellepay.zelle, but found with extended search.
03-10 10:02:24.451  3163  7400 W PackageManager: Missing required system package: com.zappos.android, but found with extended search.
03-10 10:02:24.451  3163  7400 W PackageManager: Missing required system package: com.yum.pizzahut, but found with extended search.
03-10 10:02:24.451  3163  7400 W PackageManager: Missing required system package: com.youneedabudget.evergreen.app, but found with extended search.
03-10 10:02:24.451  3163  7400 W PackageManager: Missing required system package: com.yelp.android, but found with extended search.
03-10 10:02:24.451  3163  7400 W PackageManager: Missing required system package: com.whatsapp, but found with extended search.
03-10 10:02:24.451  3163  7400 W PackageManager: Missing required system package: com.whatnot_mobile, but found with extended search.
03-10 10:02:24.451  3163  7400 W PackageManager: Missing required system package: com.wendys.nutritiontool, but found with extended search.
03-10 10:02:24.451  3163  7400 W PackageManager: Missing required system package: com.wealthsimple.trade, but found with extended search.
03-10 10:02:24.451  3163  7400 W PackageManager: Missing required system package: com.wealthfront, but found with extended search.
03-10 10:02:24.451  3163  7400 W PackageManager: Missing required system package: com.waze, but found with extended search.
03-10 10:02:24.451  3163  7400 W PackageManager: Missing required system package: com.wayfair.wayfair, but found with extended search.
03-10 10:02:24.451  3163  7400 W PackageManager: Missing required system package: com.wallpaper.edge.aura, but found with extended search.
03-10 10:02:24.451  3163  7400 W PackageManager: Missing required system package: com.venmo, but found with extended search.
03-10 10:02:24.451  3163  7400 W PackageManager: Missing required system package: com.usatoday.android.news, but found with extended search.
03-10 10:02:24.451  3163  7400 W PackageManager: Missing required system package: com.ulta, but found with extended search.
03-10 10:02:24.451  3163  7400 W PackageManager: Missing required system package: com.twitter.android, but found with extended search.
03-10 10:02:24.451  3163  7400 W PackageManager: Missing required system package: com.truefinance, but found with extended search.
03-10 10:02:24.451  3163  7400 W PackageManager: Missing required system package: com.truebill, but found with extended search.
03-10 10:02:24.452  3163  7400 W PackageManager: Missing required system package: com.trivago, but found with extended search.
03-10 10:02:24.452  3163  7400 W PackageManager: Missing required system package: com.tripadvisor.tripadvisor, but found with extended search.
03-10 10:02:24.452  3163  7400 W PackageManager: Missing required system package: com.tranzmate, but found with extended search.
03-10 10:02:24.452  3163  7400 W PackageManager: Missing required system package: com.tradestation.MobileTrading, but found with extended search.
03-10 10:02:24.452  3163  7400 W PackageManager: Missing required system package: com.tiktok.lite.go, but found with extended search.
03-10 10:02:24.452  3163  7400 W PackageManager: Missing required system package: com.thredup.android, but found with extended search.
03-10 10:02:24.452  3163  7400 W PackageManager: Missing required system package: com.thirdframestudios.android.expensoor, but found with extended search.
03-10 10:02:24.452  3163  7400 W PackageManager: Missing required system package: com.teulys.metropolis, but found with extended search.
03-10 10:02:24.452  3163  7400 W PackageManager: Missing required system package: com.tdbank, but found with extended search.
03-10 10:02:24.452  3163  7400 W PackageManager: Missing required system package: com.tacobell.ordering, but found with extended search.
03-10 10:02:24.452  3163  7400 W PackageManager: Missing required system package: com.sygic.aura, but found with extended search.
03-10 10:02:24.452  3163  7400 W PackageManager: Missing required system package: com.subway.mobile.subwayapp03, but found with extended search.
03-10 10:02:24.452  3163  7400 W PackageManager: Missing required system package: com.substack.app, but found with extended search.
03-10 10:02:24.452  3163  7400 W PackageManager: Missing required system package: com.step.step, but found with extended search.
03-10 10:02:24.452  3163  7400 W PackageManager: Missing required system package: com.stash.stashinvest, but found with extended search.
03-10 10:02:24.452  3163  7400 W PackageManager: Missing required system package: com.staplesconnect.app.twa, but found with extended search.
03-10 10:02:24.452  3163  7400 W PackageManager: Missing required system package: com.spothero.spothero, but found with extended search.
03-10 10:02:24.452  3163  7400 W PackageManager: Missing required system package: com.sportsdirect.sdusapp, but found with extended search.
03-10 10:02:24.452  3163  7400 W PackageManager: Missing required system package: com.sofi.mobile, but found with extended search.
03-10 10:02:24.452  3163  7400 W PackageManager: Missing required system package: com.shell.sitibv.motorist.america, but found with extended search.
03-10 10:02:24.452  3163  7400 W PackageManager: Missing required system package: com.shakeshack.android, but found with extended search.
03-10 10:02:24.453  3163  7400 W PackageManager: Missing required system package: com.sephora, but found with extended search.
03-10 10:02:24.453  3163  7400 W PackageManager: Missing required system package: com.romwe, but found with extended search.
03-10 10:02:24.453  3163  7400 W PackageManager: Missing required system package: com.rome2rio.www.rome2rio, but found with extended search.
03-10 10:02:24.453  3163  7400 W PackageManager: Missing required system package: com.robinhood.android, but found with extended search.
03-10 10:02:24.453  3163  7400 W PackageManager: Missing required system package: com.ring.neighborhoods, but found with extended search.
03-10 10:02:24.453  3163  7400 W PackageManager: Missing required system package: com.revolut.revolut, but found with extended search.
03-10 10:02:24.453  3163  7400 W PackageManager: Missing required system package: com.reddit.frontpage, but found with extended search.
03-10 10:02:24.453  3163  7400 W PackageManager: Missing required system package: com.recime.app, but found with extended search.
03-10 10:02:24.453  3163  7400 W PackageManager: Missing required system package: com.realbyteapps.moneymanagerfree, but found with extended search.
03-10 10:02:24.453  3163  7400 W PackageManager: Missing required system package: com.rarewire.forever21, but found with extended search.
03-10 10:02:24.453  3163  7400 W PackageManager: Missing required system package: com.q2e.firsttradeunionbank3351.mobile.production, but found with extended search.
03-10 10:02:24.453  3163  7400 W PackageManager: Missing required system package: com.poshmark.app, but found with extended search.
03-10 10:02:24.453  3163  7400 W PackageManager: Missing required system package: com.poqstudio.app.platform.boohoo, but found with extended search.
03-10 10:02:24.453  3163  7400 W PackageManager: Missing required system package: com.podcast.podcasts, but found with extended search.
03-10 10:02:24.453  3163  7400 W PackageManager: Missing required system package: com.phonepe.app, but found with extended search.
03-10 10:02:24.453  3163  7400 W PackageManager: Missing required system package: com.personalcapital.pcapandroid, but found with extended search.
03-10 10:02:24.453  3163  7400 W PackageManager: Missing required system package: com.peacocktv.peacockandroid, but found with extended search.
03-10 10:02:24.453  3163  7400 W PackageManager: Missing required system package: com.payoneer.android, but found with extended search.
03-10 10:02:24.453  3163  7400 W PackageManager: Missing required system package: com.particlenews.newsbreak, but found with extended search.
03-10 10:02:24.453  3163  7400 W PackageManager: Missing required system package: com.parkwhiz.driverApp, but found with extended search.
03-10 10:02:24.453  3163  7400 W PackageManager: Missing required system package: com.opentable, but found with extended search.
03-10 10:02:24.453  3163  7400 W PackageManager: Missing required system package: com.openai.chatgpt, but found with extended search.
03-10 10:02:24.453  3163  7400 W PackageManager: Missing required system package: com.onedebit.chime, but found with extended search.
03-10 10:02:24.453  3163  7400 W PackageManager: Missing required system package: com.olo.dairyqueen.production, but found with extended search.
03-10 10:02:24.454  3163  7400 W PackageManager: Missing required system package: com.nike.omega, but found with extended search.
03-10 10:02:24.454  3163  7400 W PackageManager: Missing required system package: com.newsbreak.crimeradar, but found with extended search.
03-10 10:02:24.454  3163  7400 W PackageManager: Missing required system package: com.newleaf.app.android.victor, but found with extended search.
03-10 10:02:24.454  3163  7400 W PackageManager: Missing required system package: com.newegg.app, but found with extended search.
03-10 10:02:24.454  3163  7400 W PackageManager: Missing required system package: com.myklarnamobile, but found with extended search.
03-10 10:02:24.454  3163  7400 W PackageManager: Missing required system package: com.mta.mobileapp, but found with extended search.
03-10 10:02:24.454  3163  7400 W PackageManager: Missing required system package: com.moneylion, but found with extended search.
03-10 10:02:24.454  3163  7400 W PackageManager: Missing required system package: com.mobilecreditcards, but found with extended search.
03-10 10:02:24.454  3163  7400 W PackageManager: Missing required system package: com.mobilaurus.wingstopandroid, but found with extended search.
03-10 10:02:24.454  3163  7400 W PackageManager: Missing required system package: com.microsoft.copilot, but found with extended search.
03-10 10:02:24.454  3163  7400 W PackageManager: Missing required system package: com.meesho.supply, but found with extended search.
03-10 10:02:24.454  3163  7400 W PackageManager: Missing required system package: com.mcdonalds.app, but found with extended search.
03-10 10:02:24.454  3163  7400 W PackageManager: Missing required system package: com.maps.radar.navigation.android2023, but found with extended search.
03-10 10:02:24.454  3163  7400 W PackageManager: Missing required system package: com.macys.android, but found with extended search.
03-10 10:02:24.454  3163  7400 W PackageManager: Missing required system package: com.m1finance.android, but found with extended search.
03-10 10:02:24.454  3163  7400 W PackageManager: Missing required system package: com.lowes.android, but found with extended search.
03-10 10:02:24.454  3163  7400 W PackageManager: Missing required system package: com.littlecaesars, but found with extended search.
03-10 10:02:24.455  3163  7400 W PackageManager: Missing required system package: com.linkedin.android, but found with extended search.
03-10 10:02:24.456  3163  7400 W PackageManager: Missing required system package: com.lemon.lvoverseas, but found with extended search.
03-10 10:02:24.456  3163  7400 W PackageManager: Missing required system package: com.kohls.mcommerce.opal, but found with extended search.
03-10 10:02:24.456  3163  7400 W PackageManager: Missing required system package: com.kinpos.wallytech, but found with extended search.
03-10 10:02:24.456  3163  7400 W PackageManager: Missing required system package: com.kfc.us.mobile, but found with extended search.
03-10 10:02:24.456  3163  7400 W PackageManager: Missing required system package: com.joom, but found with extended search.
03-10 10:02:24.456  3163  7400 W PackageManager: Missing required system package: com.instagram.barcelona, but found with extended search.
03-10 10:02:24.456  3163  7400 W PackageManager: Missing required system package: com.instagram.android, but found with extended search.
03-10 10:02:24.456  3163  7400 W PackageManager: Missing required system package: com.instacart.client, but found with extended search.
03-10 10:02:24.456  3163  7400 W PackageManager: Missing required system package: com.inmobi.weather, but found with extended search.
03-10 10:02:24.457  3163  7400 W PackageManager: Missing required system package: com.infraware.office.link, but found with extended search.
03-10 10:02:24.457  3163  7400 W PackageManager: Missing required system package: com.inditex.zara, but found with extended search.
03-10 10:02:24.457  3163  7400 W PackageManager: Missing required system package: com.hollar.android, but found with extended search.
03-10 10:02:24.457  3163  7400 W PackageManager: Missing required system package: com.hm.goe, but found with extended search.
03-10 10:02:24.457  3163  7400 W PackageManager: Missing required system package: com.guardian, but found with extended search.
03-10 10:02:24.457  3163  7400 W PackageManager: Missing required system package: com.grubhub.android, but found with extended search.
03-10 10:02:24.457  3163  7400 W PackageManager: Missing required system package: com.groupon, but found with extended search.
03-10 10:02:24.457  3163  7400 W PackageManager: Missing required system package: com.google.android.apps.fitness, but found with extended search.
03-10 10:02:24.457  3163  7400 W PackageManager: Missing required system package: com.google.android.apps.chromecast.app, but found with extended search.
03-10 10:02:24.457  3163  7400 W PackageManager: Missing required system package: com.google.android.apps.adm, but found with extended search.
03-10 10:02:24.457  3163  7400 W PackageManager: Missing required system package: com.freecash.app2, but found with extended search.
03-10 10:02:24.457  3163  7400 W PackageManager: Missing required system package: com.foxnews.android, but found with extended search.
03-10 10:02:24.457  3163  7400 W PackageManager: Missing required system package: com.flipkart.android, but found with extended search.
03-10 10:02:24.457  3163  7400 W PackageManager: Missing required system package: com.facebook.katana, but found with extended search.
03-10 10:02:24.457  3163  7400 W PackageManager: Missing required system package: com.etsy.android, but found with extended search.
03-10 10:02:24.457  3163  7400 W PackageManager: Missing required system package: com.etrade.mobilepro.activity, but found with extended search.
03-10 10:02:24.457  3163  7400 W PackageManager: Missing required system package: com.emn8.mobilem8.nativeapp.popeyes, but found with extended search.
03-10 10:02:24.457  3163  7400 W PackageManager: Missing required system package: com.emn8.mobilem8.nativeapp.bk, but found with extended search.
03-10 10:02:24.457  3163  7400 W PackageManager: Missing required system package: com.einnovation.temu, but found with extended search.
03-10 10:02:24.457  3163  7400 W PackageManager: Missing required system package: com.ebay.motorsapp, but found with extended search.
03-10 10:02:24.457  3163  7400 W PackageManager: Missing required system package: com.ebay.mobile, but found with extended search.
03-10 10:02:24.458  3163  7400 W PackageManager: Missing required system package: com.dutchbros.loyalty, but found with extended search.
03-10 10:02:24.458  3163  7400 W PackageManager: Missing required system package: com.dunkinbrands.otgo, but found with extended search.
03-10 10:02:24.458  3163  7400 W PackageManager: Missing required system package: com.duckduckgo.mobile.android, but found with extended search.
03-10 10:02:24.458  3163  7400 W PackageManager: Missing required system package: com.doordash.driverapp, but found with extended search.
03-10 10:02:24.458  3163  7400 W PackageManager: Missing required system package: com.dominospizza, but found with extended search.
03-10 10:02:24.458  3163  7400 W PackageManager: Missing required system package: com.divvypay.Divvy, but found with extended search.
03-10 10:02:24.458  3163  7400 W PackageManager: Missing required system package: com.disney.disneystore_goo, but found with extended search.
03-10 10:02:24.458  3163  7400 W PackageManager: Missing required system package: com.dd.doordash, but found with extended search.
03-10 10:02:24.458  3163  7400 W PackageManager: Missing required system package: com.dayspringtech.envelopes, but found with extended search.
03-10 10:02:24.458  3163  7400 W PackageManager: Missing required system package: com.coulombtech, but found with extended search.
03-10 10:02:24.458  3163  7400 W PackageManager: Missing required system package: com.costco.app.android, but found with extended search.
03-10 10:02:24.458  3163  7400 W PackageManager: Missing required system package: com.contextlogic.wish, but found with extended search.
03-10 10:02:24.458  3163  7400 W PackageManager: Missing required system package: com.coinbase.android, but found with extended search.
03-10 10:02:24.458  3163  7400 W PackageManager: Missing required system package: com.cnn.mobile.android.phone, but found with extended search.
03-10 10:02:24.458  3163  7400 W PackageManager: Missing required system package: com.clubhouse.app, but found with extended search.
03-10 10:02:24.458  3163  7400 W PackageManager: Missing required system package: com.citymapper.app.release, but found with extended search.
03-10 10:02:24.458  3163  7400 W PackageManager: Missing required system package: com.citi.citimobile, but found with extended search.
03-10 10:02:24.458  3163  7400 W PackageManager: Missing required system package: com.chipotle.ordering, but found with extended search.
03-10 10:02:24.458  3163  7400 W PackageManager: Missing required system package: com.chickfila.cfaflagship, but found with extended search.
03-10 10:02:24.458  3163  7400 W PackageManager: Missing required system package: com.checkitt, but found with extended search.
03-10 10:02:24.458  3163  7400 W PackageManager: Missing required system package: com.chase.sig.android, but found with extended search.
03-10 10:02:24.458  3163  7400 W PackageManager: Missing required system package: com.buxfer.app, but found with extended search.
03-10 10:02:24.458  3163  7400 W PackageManager: Missing required system package: com.buffalowildwings.blazinrewards, but found with extended search.
03-10 10:02:24.458  3163  7400 W PackageManager: Missing required system package: com.bp.app.bpme.global.ros, but found with extended search.
03-10 10:02:24.458  3163  7400 W PackageManager: Missing required system package: com.booking, but found with extended search.
03-10 10:02:24.458  3163  7400 W PackageManager: Missing required system package: com.bigbasket.mobileapp, but found with extended search.
03-10 10:02:24.459  3163  7400 W PackageManager: Missing required system package: com.bhphoto, but found with extended search.
03-10 10:02:24.459  3163  7400 W PackageManager: Missing required system package: com.bestbuy.android, but found with extended search.
03-10 10:02:24.459  3163  7400 W PackageManager: Missing required system package: com.app.tgtg, but found with extended search.
03-10 10:02:24.459  3163  7400 W PackageManager: Missing required system package: com.amazon.mShop.android.shopping, but found with extended search.
03-10 10:02:24.459  3163  7400 W PackageManager: Missing required system package: com.alibaba.aliexpresshd, but found with extended search.
03-10 10:02:24.459  3163  7400 W PackageManager: Missing required system package: com.adidas.app, but found with extended search.
03-10 10:02:24.459  3163  7400 W PackageManager: Missing required system package: com.acorns.early, but found with extended search.
03-10 10:02:24.459  3163  7400 W PackageManager: Missing required system package: com.acorns.android, but found with extended search.
03-10 10:02:24.459  3163  7400 W PackageManager: Missing required system package: com.Splitwise.SplitwiseMobile, but found with extended search.
03-10 10:02:24.459  3163  7400 W PackageManager: Missing required system package: app.simple.com, but found with extended search.
03-10 10:02:24.459  3163  7400 W PackageManager: Missing required system package: app.organicmaps, but found with extended search.
03-10 10:02:24.459  3163  7400 W PackageManager: Missing required system package: tv.pluto.android, but found with extended search.
03-10 10:02:24.459  3163  7400 W PackageManager: Missing required system package: net.sharewire.parkmobilev2, but found with extended search.
03-10 10:02:24.459  3163  7400 W PackageManager: Missing required system package: digit.android, but found with extended search.
03-10 10:02:24.459  3163  7400 W PackageManager: Missing required system package: com.walmart.android, but found with extended search.
03-10 10:02:24.459  3163  7400 W PackageManager: Missing required system package: com.uniqlo.usa.catalogue, but found with extended search.
03-10 10:02:24.459  3163  7400 W PackageManager: Missing required system package: com.ubercab.eats, but found with extended search.
03-10 10:02:24.459  3163  7400 W PackageManager: Missing required system package: com.tubitv, but found with extended search.
03-10 10:02:24.459  3163  7400 W PackageManager: Missing required system package: com.thetransitapp.droid, but found with extended search.
03-10 10:02:24.459  3163  7400 W PackageManager: Missing required system package: com.thehomedepot, but found with extended search.
03-10 10:02:24.459  3163  7400 W PackageManager: Missing required system package: com.target.ui, but found with extended search.
03-10 10:02:24.459  3163  7400 W PackageManager: Missing required system package: com.starbucks.mobilecard, but found with extended search.
03-10 10:02:24.459  3163  7400 W PackageManager: Missing required system package: com.squareup.cash, but found with extended search.
03-10 10:02:24.459  3163  7400 W PackageManager: Missing required system package: com.snapdeal.main, but found with extended search.
03-10 10:02:24.459  3163  7400 W PackageManager: Missing required system package: com.shopify.arrive, but found with extended search.
03-10 10:02:24.460  3163  7400 W PackageManager: Missing required system package: com.rfi.sams.android, but found with extended search.
03-10 10:02:24.460  3163  7400 W PackageManager: Missing required system package: com.remitly.androidapp, but found with extended search.
03-10 10:02:24.460  3163  7400 W PackageManager: Missing required system package: com.qapital, but found with extended search.
03-10 10:02:24.460  3163  7400 W PackageManager: Missing required system package: com.paypal.android.p2pmobile, but found with extended search.
03-10 10:02:24.460  3163  7400 W PackageManager: Missing required system package: com.overstock, but found with extended search.
03-10 10:02:24.460  3163  7400 W PackageManager: Missing required system package: com.opera.browser, but found with extended search.
03-10 10:02:24.460  3163  7400 W PackageManager: Missing required system package: com.nytimes.android, but found with extended search.
03-10 10:02:24.460  3163  7400 W PackageManager: Missing required system package: com.nordstrom.app, but found with extended search.
03-10 10:02:24.460  3163  7400 W PackageManager: Missing required system package: com.nextdoor, but found with extended search.
03-10 10:02:24.460  3163  7400 W PackageManager: Missing required system package: com.infonow.bofa, but found with extended search.
03-10 10:02:24.460  3163  7400 W PackageManager: Missing required system package: com.here.app.maps, but found with extended search.
03-10 10:02:24.460  3163  7400 W PackageManager: Missing required system package: com.google.android.apps.walletnfcrel, but found with extended search.
03-10 10:02:24.460  3163  7400 W PackageManager: Missing required system package: com.google.android.apps.magazines, but found with extended search.
03-10 10:02:24.460  3163  7400 W PackageManager: Missing required system package: com.google.android.apps.docs.editors.slides, but found with extended search.
03-10 10:02:24.460  3163  7400 W PackageManager: Missing required system package: com.google.android.apps.docs.editors.sheets, but found with extended search.
03-10 10:02:24.460  3163  7400 W PackageManager: Missing required system package: com.google.android.apps.docs.editors.docs, but found with extended search.
03-10 10:02:24.460  3163  7400 W PackageManager: Missing required system package: com.fusionmedia.investing, but found with extended search.
03-10 10:02:24.460  3163  7400 W PackageManager: Missing required system package: com.fidelity.android, but found with extended search.
03-10 10:02:24.460  3163  7400 W PackageManager: Missing required system package: com.expedia.bookings, but found with extended search.
03-10 10:02:24.460  3163  7400 W PackageManager: Missing required system package: com.depop, but found with extended search.
03-10 10:02:24.460  3163  7400 W PackageManager: Missing required system package: com.creditkarma.mobile, but found with extended search.
03-10 10:02:24.460  3163  7400 W PackageManager: Missing required system package: co.tapcart.app.id_CeeweiHh1L, but found with extended search.
03-10 10:02:24.481 14684 15462 I Bugle   : BroadcastReceiverAsyncWorkTracker: Acknowledging broadcast of cyxj@f87a82
03-10 10:02:24.491  2064  4171 D slpi-TCS3720: ALS_REPORT lux 20.220697, ch0 12.964078-6.056579-4.369586-4.152275, scale 1.1878, fps 90, client 1
03-10 10:02:24.491  2064  4171 D slpi-TCS3720: PRX_OC info Far, Total 0, pdata 0, offset 0 step 0.63, ore 0:0 step 21.00, TH_H 1020, TH_L 0, client 0
03-10 10:02:24.502  2163  2163 D SENSOREXT_ALS_COMP: FrontLight: no calculate, ReportLux 17.03, dbv 0
03-10 10:02:24.502  2163  2163 D SENSOREXT_ALS_COMP: FrontLight: no calculate, ReportLux 20.22, dbv 0
03-10 10:02:24.508  2064  4171 D slpi    : tmd2712: Als lux: 82.10, ch0: 2763, ch1: 1168, scale: 1.08, atime:50.04, again:1024
03-10 10:02:24.510  7893 28964 I cobalt.logger: start logging STRING metric
03-10 10:02:24.515  7893  8652 I cobalt.logger: logged occurrence event to 1 reports
03-10 10:02:24.515  3163  5216 W JobScheduler: Job didn't exist in JobStore: 361779f #u0a408/20 com.google.android.adservices.api/com.android.adservices.service.measurement.registration.AsyncRegistrationQueueJobService
03-10 10:02:24.562  2064  4171 I slpi-MOT_HINGE: Hingeposture 110.0 tent:0 gpio:-1 flip:1 flat:1 b:7.4 5.4 3.3 92.6 83.9 59.2 f:7.4 3.7 -5.2 -444.8 68.1 -79.7
03-10 10:02:24.566  2195  2586 I SDM     : PipeAllocSdma2::CalculatePipeNumToDedicate: num_vig: 0, num_dma: 1
03-10 10:02:24.566  2195  2586 I SDM     : DisplayBase::SetDisplayState: active 1-1 state 1-1 pending_power_state_ 0
03-10 10:02:24.567  2300  2300 D SurfaceFlinger: Finished setting power mode 2 on display 4630947043778501762
03-10 10:02:24.567  3163  3231 I DeviceStateManagerService: Cannot notify device state info change when pending state is present.
03-10 10:02:24.567  2300  2300 D RefreshRateSelector: [90:120:0]: mTouchBoostRefreshRateAvailable=0, mScrollBoostRefreshRateAvailable=0, mTouchOnBlankNotBoostRefreshRateAvailable=0
03-10 10:02:24.567  3163  5305 D SurfaceControl: Excessive delay in setPowerMode()
03-10 10:02:24.570  3163  3231 I LogicalDisplayMapper: Requesting Transition to state: 4, from state=1, interactive=true, mBootCompleted=true
03-10 10:02:24.570  3163  3231 I LogicalDisplayMapper: Applying layout: [{dispId: 0(ON), displayGroupName: , addr: {port=130, model=0x40446dccee101c}, mThermalBrightnessThrottlingMapId: null, mRefreshRateZoneId: null, mLeadDisplayId: -1, mLeadDisplayAddress: null, mThermalRefreshRateThrottlingMapId: null, mPowerThrottlingMapId: null}], Previous layout: [{dispId: 0(ON), displayGroupName: , addr: {port=130, model=0x40446dccee101c}, mThermalBrightnessThrottlingMapId: null, mRefreshRateZoneId: null, mLeadDisplayId: -1, mLeadDisplayAddress: null, mThermalRefreshRateThrottlingMapId: null, mPowerThrottlingMapId: null}]
03-10 10:02:24.570  3163  5305 W ServiceManagerCppClient: Failed to get isDeclared for com.motorola.hardware.display.panel.IDisplayPanel/default: Status(-1, EX_SECURITY): 'SELinux denied.'
03-10 10:02:24.570  5625  5669 D ShellSplitScreen: onFoldedStateChanged: folded=false
03-10 10:02:24.571  3163  3229 D CLI/SmallCLI: onDeviceLidStateChanged: state=LAPTOP
03-10 10:02:24.572  3163  5305 D DisplayPanelService: Setting panel dc mode: 0
03-10 10:02:24.573  2090  2090 I DisplayPanel: setDcMode: DC mode = OFF
03-10 10:02:24.574  3163  4279 I CLI/Transition_Device: lid state changed: OPEN -> OPEN, device state changed to LAPTOP
03-10 10:02:24.574  2090  2090 D DisplayPanel: setParam: Success set DC to 0 for Primary display
03-10 10:02:24.574  3163  4279 D CLI/Rotation: Set volume keyswap sysprop for rotation 2 lidState OPEN
03-10 10:02:24.578  3163  3227 D TouchHwAidlService: onStateChanged.. state=4
03-10 10:02:24.582  2078  2078 I QTI PowerHAL: Power setMode: 6 to: 1
03-10 10:02:24.583  2078  2078 E QTI PowerHAL: Failed to acquire lock for hint_id: 10A5.
03-10 10:02:24.584  3163  4279 I WindowManager: updateRotationUnchecked CLI real rotation changed:3, rotation:3
03-10 10:02:24.588 26976 27604 D MCLOG   : [BrightnessTrigger] onDisplayChanged displayId = 0
03-10 10:02:24.590  2067 14471 D AHAL: AudioDevice: SetParameters: 1564: enter: screen_state=on
03-10 10:02:24.590  2067 14471 D AHAL: AudioVoice: VoiceSetParameters: 87: Enter params: screen_state=on
03-10 10:02:24.590  2067 14471 D AHAL: AudioVoice: VoiceSetParameters: 360: Exit ret: 0
03-10 10:02:24.590  2067 14471 D AHAL: FM: fm_set_parameters: 262: Enter
03-10 10:02:24.590  2067 14471 D AHAL: FM: fm_set_parameters: 320: exit
03-10 10:02:24.590  2067 14471 D AHAL: AudioDevice: SetParameters: 1625:  - screen = on
03-10 10:02:24.590  2067 14471 I PAL: ResourceManager: setParameter: 8311: Screen State:1
03-10 10:02:24.590  2067 14471 D AHAL: AudioDevice: SetParameters: 2361: exit: screen_state=on
03-10 10:02:24.591  2067 14471 D AHAL: AudioDevice: SetParameters: 1564: enter: device_folded=off
03-10 10:02:24.591  2067 14471 D AHAL: AudioVoice: VoiceSetParameters: 87: Enter params: device_folded=off
03-10 10:02:24.591  2067 14471 D AHAL: AudioVoice: VoiceSetParameters: 360: Exit ret: 0
03-10 10:02:24.591  2067 14471 D AHAL: FM: fm_set_parameters: 262: Enter
03-10 10:02:24.591  2067 14471 D AHAL: FM: fm_set_parameters: 320: exit
03-10 10:02:24.591  2067 14471 D AHAL: AudioDevice: SetParameters: 2361: exit: device_folded=off
03-10 10:02:24.593  2300  2300 E Scheduler: trackPendingFrame: Invalid present fence
03-10 10:02:24.594  2078  2078 I QTI PowerHAL: Power setMode: 6 to: 0
03-10 10:02:24.594  3163  3352 D BrightnessThermalClamper: Thermal status observer already started
03-10 10:02:24.597  3163  3227 D PowerManagerService: nativeReleaseSuspendBlocker name:PowerManagerService.Broadcasts duration ms: 1
03-10 10:02:24.600  3163  3229 D CLI/Transition: displaygroup 0, state ON, pendingdisplaygroup -1
03-10 10:02:24.600 26976 27604 D MCLOG   : [BrightnessManager] displayId = 0 brightness = 0.4042236 nit = 105.82904 level = br2
03-10 10:02:24.601  7545  7545 I FileStationLog: [ FS_h$a ] - [Display] Changed display: 0
03-10 10:02:24.602  7545  7545 I FileStationLog: [ FS_h ] - [Logic] Retrieved display info: LogicDisplayInfo(width=1080, height=2640, orientation=1, rotation=0, displayId=0)
03-10 10:02:24.602  7545  7545 I FileStationLog: [ FS_h$a ] - [Display] New logical size: 1080x2640
03-10 10:02:24.602  7545  7545 I FileStationLog: [ FS_h$a ] - [Display] Screen width unchanged: 1080
03-10 10:02:24.602  3163  3352 V DisplayPowerController2[0]: Brightness [0.38504463] reason changing to: 'automatic', previous reason: 'manual'.
03-10 10:02:24.603  3163  3231 I InputManager-JNI: Viewport [0] to add: local:4630947043778501762, isActive: true
03-10 10:02:24.603  3163  3231 I InputManager-JNI: Viewport [1] to add: local:4630947043778501763, isActive: false
03-10 10:02:24.603  3163  3352 I DisplayPowerController2[0]: 03-10 10:02:24.602 - BrightnessEvent: disp=0, physDisp=local:4630947043778501762, displayState=ON, displayPolicy=BRIGHT, brt=0.38504463, initBrt=0.4042236, rcmdBrt=0.38504463, preBrt=NaN, lux=53.4, preLux=NaN, brtNits=95.88304, hdrNits=NaN, initNits=105.82904, preNits=NaN, rcmdNits=95.88304, hdrBrightness=NaN, brt(%)=45%, brtInt=99, hbmPolicy=normal, hbmMax=0.85440856, hbmMode=off, rbcStrength=50, thrmMax=1.0, powerFactor=1.0, wasShortTermModelActive=false, flags=, reason=automatic, autoBrightness=true, strategy=InvalidBrightnessStrategy, autoBrightnessMode=default
03-10 10:02:24.603  3163  3352 W BoostOptController: not supported hint: 118
03-10 10:02:24.604  3163  3352 D BrightnessThermalClamper: Thermal status observer already started
03-10 10:02:24.604  3163  3231 D DisplayManagerService: Ignore redundant display event 0/2 to 10310/10834
03-10 10:02:24.604  2300  4967 I SurfaceFlinger: mBrightnessDiming=1, isCli=0, mBrightnessDimingCnt=0
03-10 10:02:24.604  3163  3231 D DisplayManagerService: Ignore redundant display event 0/2 to 10416/28264
03-10 10:02:24.606  3163  3163 I BrightnessSynchronizer: New Update: {[5450] 0.38504463(f), mUpdatedTypes=1, mConfirmedTypes=0, mTimeUpdated=0, mState=2}
03-10 10:02:24.606  3163  3163 I BrightnessSynchronizer: [5450] New Update 0.38504463(f) set brightness values:  99(i)
03-10 10:02:24.606  3163  4285 I InputReader: Reconfiguring input devices, changes=DISPLAY_INFO
03-10 10:02:24.606  3163  4285 I InputReader: Disabling zinitix_mt (device 6) because the associated viewport is not active
03-10 10:02:24.606  3163  4285 I InputReader: Device reconfigured: id=6, name='zinitix_mt', size 194x368, orientation Rotation0, mode DISABLED, display id 1
03-10 10:02:24.607  3163  3352 D BrightnessThermalClamper: Thermal status observer already started
03-10 10:02:24.607  3163  3352 D BrightnessThermalClamper: Thermal status observer already started
03-10 10:02:24.607  3163  3352 I WindowManager: Display 0 turned on...
03-10 10:02:24.608  3163  3352 W PowerManagerService: Screen on took 602 ms
03-10 10:02:24.608  3163  3231 D DisplayManagerService: Ignore redundant display event 1/4 to 10310/10834
03-10 10:02:24.608  3163  3231 D DisplayManagerService: Ignore redundant display event 1/4 to 10416/28264
03-10 10:02:24.609  3163  3163 I BrightnessSynchronizer: New PendingUpdate: {[5451] 0.38504463(f), mUpdatedTypes=0, mConfirmedTypes=0, mTimeUpdated=0, mState=1}, prev=null
03-10 10:02:24.612  3163  3163 I BrightnessSynchronizer: New PendingUpdate: {[5452] 0.38504463(f), mUpdatedTypes=0, mConfirmedTypes=0, mTimeUpdated=0, mState=1}, prev={[5451] 0.38504463(f), mUpdatedTypes=0, mConfirmedTypes=0, mTimeUpdated=0, mState=1}
