03-13 17:23:12.969  3003  7292 V WindowManager: Collecting in transition 8848: Display{#1 state=OFF size=748x720 ROTATION_0}, caller=com.android.server.wm.DisplayContent.requestChangeTransition:71 com.android.server.wm.DisplayContent.performDisplayOverrideConfigUpdate:333 com.android.server.wm.DisplayContent.updateDisplayOverrideConfigurationLocked:24 com.android.server.wm.DisplayContent.sendNewConfiguration:133 com.android.server.wm.WindowManagerService.addWindowInner:712 
03-13 17:23:12.969  3003  7292 D WindowManager: prepareSync <SYNC_STATE_WAITING_FOR_DRAW>, mPrepareSyncSeqId=0, win=Window{21b9755 u0 ScreenDecorOverlayCover}
03-13 17:23:12.969  3003  7292 D WindowManager: prepareSync <SYNC_STATE_WAITING_FOR_DRAW>, mPrepareSyncSeqId=0, win=Window{43902bf u0 NavigationBar1}
03-13 17:23:12.969  3003  7292 D WindowManager: prepareSync <SYNC_STATE_WAITING_FOR_DRAW>, mPrepareSyncSeqId=0, win=Window{243e821 u0 SubScreenQuickPanel}
03-13 17:23:12.969  3003  7292 D WindowManager: prepareSync <SYNC_STATE_WAITING_FOR_DRAW>, mPrepareSyncSeqId=0, win=Window{3b7b695 u0 com.android.systemui/com.android.systemui.subscreen.SubHomeActivity}
03-13 17:23:12.969  3003  7292 D WindowManager: prepareSync <SYNC_STATE_WAITING_FOR_DRAW>, mPrepareSyncSeqId=0, win=Window{8bc5e3f u0 com.samsung.android.smartsuggestions/com.samsung.android.smartsuggestions.feature.aisuggestion.ui.onboarding.OnboardingActivity}
03-13 17:23:12.969  3003  7292 V WindowManager: Collecting in transition 8848: WindowToken{8004a5b type=2024 android.os.BinderProxy@d7bba75}, caller=com.android.server.wm.TransitionController$$ExternalSyntheticLambda3.accept:43 com.android.server.wm.WindowContainer$ForAllWindowsConsumerWrapper.apply:5 com.android.server.wm.WindowState.applyInOrderWithImeWindows:22 com.android.server.wm.WindowState.forAllWindows:9 com.android.server.wm.WindowContainer.forAllWindows:2 
03-13 17:23:12.970  4205  4267 V WindowManagerShell: Transition requested (#8848): android.os.BinderProxy@7557ccc TransitionRequestInfo { type = CHANGE, triggerTask = null, pipChange = null, remoteTransition = null, displayChange = null, flags = 0, debugId = 8848 }
03-13 17:23:12.970  4205  4267 D ShellDesktopMode: handleRequest: TransitionRequestInfo {type=6, tid=null, debugId=8848}
03-13 17:23:12.970  4832  4898 I HoneySpace.TopTaskUseCase: topTasks 874 ComponentInfo{com.tacobell.ordering/com.tacobell.navigation.view.NavigationActivity}[displayId=0]
03-13 17:23:12.970  3003  7292 I MultiTaskingController: onConfigurationChangedLocked: display#1, configChanges=0x20000c00, scaleW=1.0, scaleH=1.0, prevScreenBounds=Rect(0, 0 - 748, 720), nextScreenBounds=Rect(0, 0 - 748, 720)
03-13 17:23:12.970  4205  4267 V ShellDesktopMode: DesktopTasksController: skipping handleRequest reason=transition type not handled (6)
03-13 17:23:12.970  2007  3645 I sensors-hal: qsh_conn_resp_cb:930, resp_value = 0 for pocket_mode 
03-13 17:23:12.970 15043 15043 I BMP:BackgroundEventManager: Activity paused: com.tacobell.navigation.view.NavigationActivity
03-13 17:23:12.970 15043 15043 I BMP:LifecycleCallbacks: Activity Paused: com.tacobell.navigation.view.NavigationActivity
03-13 17:23:12.970 15043 15043 I BMP:CYFMonitor: Stop collecting sensor data
03-13 17:23:12.970  3003  7292 V WindowManager: Collecting in transition 8848: ActivityRecord{268072769 u0 com.tacobell.ordering/com.tacobell.navigation.view.NavigationActivity t874}, caller=com.android.server.wm.TransitionController.collect:7 com.android.server.wm.ActivityRecord.setVisibility:132 com.android.server.wm.ActivityRecord.makeInvisible:32 com.android.server.wm.EnsureActivitiesVisibleHelper.process:542 com.android.server.wm.TaskFragment.updateActivityVisibilities:12 
03-13 17:23:12.970  3003  7292 D WindowManager: prepareSync <SYNC_STATE_WAITING_FOR_DRAW>, mPrepareSyncSeqId=0, win=Window{b55a158 u0 com.tacobell.ordering/com.tacobell.navigation.view.NavigationActivity}
03-13 17:23:12.971  2005  2005 D qmi_secgps_clnt: SECGPS: send a qmi message to secgps_server OK
03-13 17:23:12.971  3003  7292 D InsetsSourceProvider: updateVisibility: serverVisible=false, clientVisible=true, source=InsetsSource: {6a2b0024 mType=systemGestures mFrame=[0,0][0,0] mVisible=false mFlags= mSideHint=NONE mBoundingRects=null}, controlTarget=null, from=com.android.server.wm.InsetsSourceProvider.setServerVisible:6 com.android.server.wm.InsetsSourceProvider.onPostLayout:30 com.android.server.wm.InsetsStateController.onPostLayout:26 com.android.server.wm.RootWindowContainer.applySurfaceChangesTransaction$1:203 com.android.server.wm.RootWindowContainer.performSurfacePlacementNoTrace:86 com.android.server.wm.WindowSurfacePlacer.performSurfacePlacement:166 com.android.server.wm.ActivityTaskManagerService.continueWindowLayout:28 com.android.server.wm.DisplayContent.updateDisplayOverrideConfigurationLocked:78 com.android.server.wm.DisplayContent.sendNewConfiguration:133 com.android.server.wm.WindowManagerService.addWindowInner:712 
03-13 17:23:12.971  3003  7292 D InsetsSourceProvider: updateVisibility: serverVisible=false, clientVisible=true, source=InsetsSource: {6a2b0006 mType=tappableElement mFrame=[0,0][0,0] mVisible=false mFlags= mSideHint=NONE mBoundingRects=null}, controlTarget=null, from=com.android.server.wm.InsetsSourceProvider.setServerVisible:6 com.android.server.wm.InsetsSourceProvider.onPostLayout:30 com.android.server.wm.InsetsStateController.onPostLayout:26 com.android.server.wm.RootWindowContainer.applySurfaceChangesTransaction$1:203 com.android.server.wm.RootWindowContainer.performSurfacePlacementNoTrace:86 com.android.server.wm.WindowSurfacePlacer.performSurfacePlacement:166 com.android.server.wm.ActivityTaskManagerService.continueWindowLayout:28 com.android.server.wm.DisplayContent.updateDisplayOverrideConfigurationLocked:78 com.android.server.wm.DisplayContent.sendNewConfiguration:133 com.android.server.wm.WindowManagerService.addWindowInner:712 
03-13 17:23:12.971  3003  7292 D InsetsSourceProvider: updateVisibility: serverVisible=false, clientVisible=true, source=InsetsSource: {6a2b0005 mType=mandatorySystemGestures mFrame=[0,0][0,0] mVisible=false mFlags= mSideHint=NONE mBoundingRects=null}, controlTarget=null, from=com.android.server.wm.InsetsSourceProvider.setServerVisible:6 com.android.server.wm.InsetsSourceProvider.onPostLayout:30 com.android.server.wm.InsetsStateController.onPostLayout:26 com.android.server.wm.RootWindowContainer.applySurfaceChangesTransaction$1:203 com.android.server.wm.RootWindowContainer.performSurfacePlacementNoTrace:86 com.android.server.wm.WindowSurfacePlacer.performSurfacePlacement:166 com.android.server.wm.ActivityTaskManagerService.continueWindowLayout:28 com.android.server.wm.DisplayContent.updateDisplayOverrideConfigurationLocked:78 com.android.server.wm.DisplayContent.sendNewConfiguration:133 com.android.server.wm.WindowManagerService.addWindowInner:712 
03-13 17:23:12.971  3003  7292 D InsetsSourceProvider: updateVisibility: serverVisible=false, clientVisible=true, source=InsetsSource: {6a2b0004 mType=systemGestures mFrame=[0,0][0,0] mVisible=false mFlags= mSideHint=NONE mBoundingRects=null}, controlTarget=null, from=com.android.server.wm.InsetsSourceProvider.setServerVisible:6 com.android.server.wm.InsetsSourceProvider.onPostLayout:30 com.android.server.wm.InsetsStateController.onPostLayout:26 com.android.server.wm.RootWindowContainer.applySurfaceChangesTransaction$1:203 com.android.server.wm.RootWindowContainer.performSurfacePlacementNoTrace:86 com.android.server.wm.WindowSurfacePlacer.performSurfacePlacement:166 com.android.server.wm.ActivityTaskManagerService.continueWindowLayout:28 com.android.server.wm.DisplayContent.updateDisplayOverrideConfigurationLocked:78 com.android.server.wm.DisplayContent.sendNewConfiguration:133 com.android.server.wm.WindowManagerService.addWindowInner:712 
03-13 17:23:12.972  3003  3003 D SGM:GameManager: onDisplayChanged. displyId: 1, state: 1
03-13 17:23:12.972  3003  7292 D InputTransport: Input channel destroyed: '43902bf', fd=1357
03-13 17:23:12.972  3003  3003 V CameraService_worker: onDisplayChanged rotation : 0 current mDeviceState : 6
03-13 17:23:12.973  4205  4205 D InputTransport: Input channel constructed: '43902bf', fd=528
03-13 17:23:12.974  4205  4205 I InsetsController: onStateChanged: host=NavigationBar1, from=android.view.ViewRootImpl.onInsetsStateChanged:3026, state=InsetsState: {mDisplayFrame=Rect(0, 0 - 748, 720), mDisplayCutout=DisplayCutout{insets=Rect(0, 0 - 0, 66) waterfall=Insets{left=0, top=0, right=0, bottom=0} boundingRect={Bounds=[Rect(0, 0 - 0, 0), Rect(0, 0 - 0, 0), Rect(0, 0 - 0, 0), Rect(379, 654 - 748, 720)]} cutoutPathParserInfo={CutoutPathParserInfo{displayWidth=748 displayHeight=720 physicalDisplayWidth=748 physicalDisplayHeight=720 density={2.125} cutoutSpec={@bottom @right M 0,0 H -173.6470588235294 V -31.05882352941176 H 0 V 0 Z @dp} rotation={0} scale={1.0} physicalPixelDisplaySizeRatio={1.0}}} sideOverrides={}}, mRoundedCorners=RoundedCorners{[RoundedCorner{position=TopLeft, radius=49, center=Point(49, 49)}, RoundedCorner{position=TopRight, radius=49, center=Point(699, 49)}, RoundedCorner{position=BottomRight, radius=49, center=Point(699, 671)}, RoundedCorner{position=BottomLeft, radius=49, center=Point(49, 671)}]}  mRoundedCornerFrame=Rect(0, 0 - 0, 0), mPrivacyIndicatorBounds=PrivacyIndicatorBounds {static bounds=null rotation=0}, mDisplayShape=DisplayShape{ spec=1406003047 displayWidth=748 displayHeight=720 physicalPixelDisplaySizeRatio=1.0 rotation=0 offsetX=0 offsetY=0 scale=1.0}, mSources= { InsetsSource: {67 mType=displayCutout mFrame=[0,654][748,720] mVisible=true mFlags= mSideHint=BOTTOM mBoundingRects=null}, InsetsSource: {6a2b0004 mType=systemGestures mFrame=[0,0][0,0] mVisible=false mFlags= mSideHint=NONE mBoundingRects=null}, InsetsSource: {6a2b0005 mType=mandatorySystemGestures mFrame=[0,0][0,0] mVisible=false mFlags= mSideHint=NONE mBoundingRects=null}, InsetsSource: {6a2b0024 mType=systemGestures mFrame=[0,0][0,0] mVisible=false mFlags= mSideHint=NONE mBoundingRects=null} }
03-13 17:23:12.974  4205  4205 I VRI[NavigationBar1]@4d9fd5d: synced displayState. AttachInfo displayState=1
03-13 17:23:12.975  3003  4833 V WindowManager: Starting Transition 8848, caller=com.android.server.wm.WindowOrganizerController.startTransition:47 com.android.server.wm.WindowOrganizerController.startTransition:1 android.window.IWindowOrganizerController$Stub.onTransact:259 
03-13 17:23:12.975  3003  3046 D WifiDisplayAdapter: isFitToActiveDisplayLocked : false
03-13 17:23:12.975  6239  6239 I SSS     : [ChatRoomComponentManager] onConfigurationChanged: {1.0 ?mcc0mnc [en_US] ldltr sw291dp w352dp h291dp 340dpi smll hdr widecg land night finger -keyb/v/h -nav/h winConfig={ mBounds=Rect(0, 0 - 748, 720) mAppBounds=Rect(0, 0 - 748, 618) mMaxBounds=Rect(0, 0 - 748, 720) mDisplayRotation=ROTATION_0 mWindowingMode=fullscreen mActivityType=undefined mAlwaysOnTop=undefined mRotation=ROTATION_0 mStageConfig=undefined mPopOver=off mOverlappingWithCutout=false mFlexPanelMode=off} s.8630 fontWeightAdjustment=0 ff=0 bf=-1 bts=0 cst=1.0 nightDim=0 themeSeq=0}
03-13 17:23:12.976 19717 19717 I HBD     : DeX h DeX mode state change in non-main thread 
03-13 17:23:12.976 19717 19717 I HBD     : DeX h DeX mode state change: 3 
03-13 17:23:12.976  4205  4267 V ShellDragAndDrop: Display changed: 1
03-13 17:23:12.976  2022  2124 I HYPER-HAL: [RequestManager.cpp]acquire(): Acquired ID : 398337399  [2025 / 26199]    HINT :      list : [TID_LOW_LATENCY / 1] [TID / 4392] [TID / 4393] [TID / 4205] [TID / 4394] 
03-13 17:23:12.976  4360 16212 I CCodecBufferChannel: [c2.qti.hevc.decoder#292] 10 initial input buffers available
03-13 17:23:12.977  2053  2951 W QC2Interface: [hvcD_494] Failed to query parameters
03-13 17:23:12.977  4832 12950 I HoneySpace.Memory-Monitor: no default Display - 1
03-13 17:23:12.978  3003  4920 D BLASTSyncEngine: SyncGroup 8848: Set ready true, caller=com.android.server.wm.BLASTSyncEngine.setReady:32 com.android.server.wm.Transition.applyReady:54 com.android.server.wm.Transition.setReady:72 com.android.server.wm.TransitionController.setReady:6 com.android.server.wm.DisplayContent.executeAppTransition:4 com.android.server.wm.TaskFragment.resumeTopActivity:550 
03-13 17:23:12.978  3003  3595 D HintManagerService: SystemUI make new AppHintSession but force pause
03-13 17:23:12.978  3003  4920 D BLASTSyncEngine: SyncGroup 8848:  Unfinished container: WindowToken{8004a5b type=2024 android.os.BinderProxy@d7bba75} mSyncState=2
03-13 17:23:12.978  3003  3067 E ModeChangeObserver: Changed display not found
03-13 17:23:12.979  4205  4205 I VRI[NavigationBar1]@4d9fd5d: setView = com.android.systemui.navigationbar.views.NavigationBarFrame@41fb34 IsHRR=false mFlingFrameRateChange=0 TM=true
03-13 17:23:12.979  2007  2007 I sensors-hal: send_sync_sensor_request:543, takes 9 ms to receive the response with 0
03-13 17:23:12.979  2007  2007 I sensors-hal: activate:330, com.samsung.sensor.pocket_mode/1692 en=1 completed
03-13 17:23:12.979  2022  2124 I HYPER-HAL: [RequestManager.cpp]acquire(): Acquired ID : 398337399  [2025 / 26199]    HINT :      list : [TID_LOW_LATENCY / 0] [TID / 4392] [TID / 4393] [TID / 4205] [TID / 4394] 
03-13 17:23:12.979  4205  4205 D NavBarStateManager: NavBarStates(1) supportLargeCoverScreenNavBar: true
03-13 17:23:12.979  3003  3068 D BLASTSyncEngine: SyncGroup 8848:  Unfinished container: WindowToken{8004a5b type=2024 android.os.BinderProxy@d7bba75} mSyncState=2
03-13 17:23:12.980  3003  3915 D SensorManager: registerListener :: 1692, Pocket mode  Wakeup, 200000, 0, com.samsung.android.gesture.PocketProximityManager$2@728726e
03-13 17:23:12.980  3003  3915 E PocketProximityManager: register pocket sensor
03-13 17:23:12.980  3003  3915 D PocketModeEvent: MSG_TYPE_REGISTER_POCKET_POSITION_SENSOR
03-13 17:23:12.980  3003 21180 D PerProcessNandswap$NandswapHandler: nandswap start for non-activity com.samsung.android.samsungpassautofill(pid 12200) action:14 adj:905 type:1
03-13 17:23:12.980  6103  6103 W ContextImpl: Calling a method in the system process without a qualified user: android.app.ContextImpl.startService:2068 android.content.ContextWrapper.startService:872 android.content.ContextWrapper.startService:872 com.sec.android.diagmonagent.sa.receiver.CFLogReceiver.onReceive:56 android.app.ActivityThread.handleReceiver:5663 
03-13 17:23:12.980 15043 15043 D ConnectivityManager: StackLog: [android.net.ConnectivityManager.unregisterNetworkCallback(ConnectivityManager.java:5579)] [m140.fjs.e(:com.google.android.gms.policy_maps_core_dynamite@254515607@254515602025.843324832.843324832:20)] [com.google.maps.api.android.lib6.impl.i.onTrimMemory(:com.google.android.gms.policy_maps_core_dynamite@254515607@254515602025.843324832.843324832:54)] [android.content.ComponentCallbacksController.lambda$dispatchTrimMemory$1(ComponentCallbacksController.java:109)] [android.content.ComponentCallbacksController$$ExternalSyntheticLambda1.accept(D8$$SyntheticClass:0)] [android.content.ComponentCallbacksController.forAllComponentCallbacks(ComponentCallbacksController.java:124)] [android.content.ComponentCallbacksController.dispatchTrimMemory(ComponentCallbacksController.java:107)] [android.app.Application.onTrimMemory(Application.java:308)] [android.app.ActivityThread.handleTrimMemory(ActivityThread.java:8308)] [android.app.ActivityThread.-$$Nest$mhandleTrimMemory(Unknown Source:0)] [android.app.ActivityThread$ApplicationThread.$r8$lambda$G6hCvS-Qza2XVRHE5EG8OQS6lcg(Unknown Source:0)] [android.app.ActivityThread$ApplicationThread$$ExternalSyntheticLambda2.accept(D8$$SyntheticClass:0)] [com.android.internal.util.function.pooled.PooledLambdaImpl.doInvoke(PooledLambdaImpl.java:281)] [com.android.internal.util.function.pooled.PooledLambdaImpl.invoke(PooledLambdaImpl.java:204)] [com.android.internal.util.function.pooled.OmniFunction.run(OmniFunction.java:87)] [android.view.Choreographer$CallbackRecord.run(Choreographer.java:1901)] [android.view.Choreographer$CallbackRecord.run(Choreographer.java:1910)] [android.view.Choreographer.doCallbacks(Choreographer.java:1367)] [android.view.Choreographer.doFrame(Choreographer.java:1294)] [android.view.Choreographer$FrameDisplayEventReceiver.run(Choreographer.java:1870)]
03-13 17:23:12.981 15043 15256 D HWUI    : CacheManager::trimMemory(20)
03-13 17:23:12.981  2496  2892 I ResourceManagerService: addMediaInfo pid 4360 (width 1080 height 2640), allocated hw codec count 1
03-13 17:23:12.981  2105  2105 I SurfaceFlinger: RequestedLayer [WindowToken{a8210de type=2019 android.os.BinderProxy@deb1b60}#76875] hidden!! flag  from(1) --> to(0)
03-13 17:23:12.981  3003  3067 D SGM:FgCheckThread: notePauseComponent(), received pkgName: com.tacobell.ordering, userId: 0
03-13 17:23:12.981  2105  2105 I SurfaceFlinger: RequestedLayer [43902bf NavigationBar1#76876] hidden!! flag  from(1) --> to(0)
03-13 17:23:12.981  2105  2105 I SurfaceFlinger: [Display 1 name="Built-in Screen"#66] setFrameRateCategory: High
03-13 17:23:12.981  2105  2105 I SurfaceFlinger: [Display 0 name="Built-in Screen"#50] setFrameRateCategory: High
03-13 17:23:12.981  2496  2892 I ResourceManagerService: getMediaResourceInfo (PID : 4360, clientID : -5476376666658702928, non-secure-codec/hw-video-codec:[]:1, 1080x2640 (fps:120) - sw codec : no, encoder : no componentName = c2.qti.hevc.decoder bitrate = 17000000)
03-13 17:23:12.981  2105  2105 I SurfaceFlinger: [WindowToken{a8210de type=2019 android.os.BinderProxy@deb1b60}#76875] attach to parent LayerHierarchy{RequestedLayerState{Leaf:15:31#64 parentId=54 z=5} 3 children}
03-13 17:23:12.981  2105  2105 I SurfaceFlinger: [43902bf NavigationBar1#76876] attach to parent LayerHierarchy{RequestedLayerState{WindowToken{a8210de type=2019 android.os.BinderProxy@deb1b60}#76875 parentId=64 z=1} 1 children}
03-13 17:23:12.982  3003  3991 I CocktailBarManagerServiceContainer: handleMessage: entry what = 6
03-13 17:23:12.983  6380  6380 I SemMediaResourceHelper: onAdd
03-13 17:23:12.984  3003  4002 D BackgroundInstallControlService: Package event received: 0
03-13 17:23:12.984  3003  4002 D BackgroundInstallControlService: Package event received: 0
03-13 17:23:12.985  2022  2124 I HYPER-HAL: [RequestManager.cpp]releaseLocked(): Released ID : 20540874
03-13 17:23:12.986 19717 19733 I HBD     : KeyboardSettingsProvider isAliveIme : false 
03-13 17:23:12.986 19717 19733 I HBD     : c HoneyVoice CoverVoiceIconQueryCommand: false ikbonbo: false, invin: true
03-13 17:23:12.986 19717 19733 I HBD     : c CoverVoiceIconQueryCommand: cover_voice_icon = false 
03-13 17:23:12.986  2022  2124 I HYPER-HAL: [RequestManager.cpp]releaseLocked(): Released ID : 20547285
03-13 17:23:12.986  2022  2124 I HYPER-HAL: [RequestManager.cpp]releaseLocked(): Released ID : 20553697
03-13 17:23:12.986  3003  3067 I ActivityManager: Changes in 99332 10 to 10, 128 to 0
03-13 17:23:12.986  3003  3067 I ActivityManager: Changes in 10114 10 to 10, 128 to 0
03-13 17:23:12.987  4205  4205 D NavBarStateManager: multiModalForLargeCover : false
03-13 17:23:12.987  4205  4205 D NavBarView: disableBack=true (isBackDismissIme=false, handlingGestures=false, disabledFlagBack=true, isBottomGesture=false, isImeRenderingNavButtons=false)
03-13 17:23:12.987  4205  4205 D NavBarStateManager: NavBarStates(1) supportLargeCoverScreenNavBar: true
03-13 17:23:12.987  3003  3067 I DisplayDeviceRepository: Display device changed render timings: "Built-in Screen", renderFrameRate=120.00001, presentationDeadlineNanos=9333333, appVsyncOffsetNanos=8333333, frameRateOverrides=[{uid=10053 frameRateHz=120.00001}, {uid=10149 frameRateHz=120.00001}, {uid=10396 frameRateHz=120.00001}]
03-13 17:23:12.987  4205  4205 D Navbar.Store: handleEvent(0) OnUpdateSysUiStateFlag(noArguments=true) [Module] SamsungNavigationBarView
03-13 17:23:12.987  4205  4205 D Navbar.Store: --[Band]GESTURE_PACK_UPDATE_SYSTEMUI_STATE_FLAG
03-13 17:23:12.987  2007  2007 I sensors-hal: set_config:64, no need to adjust sample_period_ns due to reporting_mode = 2
03-13 17:23:12.987  4205  4205 D Navbar.Store: --[Band] (afterAction) GESTURE_PACK_UPDATE_SYSTEMUI_STATE_FLAG
03-13 17:23:12.987  2007  2007 I sensors-hal: create_sensor_config_request:85, auto_rotation: type 2
03-13 17:23:12.987  2007  2007 I sensors-hal: send_sensor_config_request:645, dt=auto_rotation: convert sample_period=200000000 to batch_period=200000
03-13 17:23:12.987  2007  2007 I sensors-hal: send_sync_sensor_request:508, send sync request
03-13 17:23:12.987  2007  2007 I sensors-hal: send_sync_sensor_request:518, send_sync_sensor_request before send_request for auto_rotation with SUID low=8603657889541918976 high=1320970896291267344
03-13 17:23:12.987  2007  2007 I sensors-hal: send_sync_sensor_request:537, wait for notification of response
03-13 17:23:12.987  4205  4205 D Navbar.Store: handleEvent(0) OnNavBarUpdateA11YService(clickable=false, longClickable=false) [Module] NavigationBar
03-13 17:23:12.987  4205  4205 D Navbar.Store: --[Band]SETUPWIZARD_PACK_UPDATE_A11Y_SERVICE
03-13 17:23:12.987  2007 12669 I sensors-hal: qsh_conn_resp_cb:930, resp_value = 0 for auto_rotation 
03-13 17:23:12.987  4205  4205 D Navbar.Store: handleEvent(0) OnButtonOrderChanged(noArguments=true) [Module] NavigationBar
03-13 17:23:12.987  4205  4205 D Navbar.Store: --[Band]CONFIG_PACK_KEY_ORDER_CHANGED
03-13 17:23:12.987  4205  4205 D Navbar.Store: ----apply(0) NavBarStoreAction$ReinflateNavBar
03-13 17:23:12.987  3003  3068 D BLASTSyncEngine: SyncGroup 8848:  Unfinished container: WindowToken{8004a5b type=2024 android.os.BinderProxy@d7bba75} mSyncState=2
03-13 17:23:12.988  4205  4205 D Navbar.Store: ----handleEvent(0) GetInflateLayoutID(vertical=false) [Module] SamsungNavigationBarInflaterView
03-13 17:23:12.988  4205  4205 D Navbar.Store: ------[Band]STABLE_LAYOUT_PACK_GET_INFLATE_LAYOUT_ID
03-13 17:23:12.988  4205  4205 D NavBarStateManager: NavBarStates(0) getLayoutID(vertical: false): 2131559285
03-13 17:23:12.988  4205  4205 D Navbar.Store: ----handleEvent(0) value= 2131559285
03-13 17:23:12.988  4205  4362 D StackScroller: onDisplayChanged for predraw skip to 2
03-13 17:23:12.988  4205  4205 D Navbar.Store: ----handleEvent(0) GetInflateLayoutID(vertical=true) [Module] SamsungNavigationBarInflaterView
03-13 17:23:12.988  4205  4205 D Navbar.Store: ------[Band]STABLE_LAYOUT_PACK_GET_INFLATE_LAYOUT_ID
03-13 17:23:12.988  4205  4205 D NavBarStateManager: NavBarStates(0) getLayoutID(vertical: true): 2131559287
03-13 17:23:12.988  4205  4205 D Navbar.Store: ----handleEvent(0) value= 2131559287
03-13 17:23:12.988  4832 12951 I HoneySpace.Memory-Monitor: current state = 2, didTrim = false
03-13 17:23:12.988  4832 12951 I HoneySpace.SystemUiRepository: systemUiFlags: overview_disabled|home_disabled|allow_gesture|awake
03-13 17:23:12.988  4832 12951 I HoneySpace.SystemUiRepository: systemUiFlags: overview_disabled|home_disabled|allow_gesture|back_disabled|awake
03-13 17:23:12.988  3003  3046 D WifiDisplayAdapter: isFitToActiveDisplayLocked : false
03-13 17:23:12.988  4832  4895 I HoneySpace.TaskbarEventTracker: invokeEvent() called with: event = SystemUiStateChanged(stateFlags=268566912)
03-13 17:23:12.988  4205  4205 D Navbar.Store: ----handleEvent(0) GetDefaultLayout(noArguments=true) [Module] SamsungNavigationBarInflaterView
03-13 17:23:12.988  4205  4205 D Navbar.Store: ------[Band]STABLE_LAYOUT_PACK_GET_DEFAULT_LAYOUT
03-13 17:23:12.988  4205  4205 D NavBarStateManager: NavBarStates(0) getDefaultLayout: left,recent;home;back,right
03-13 17:23:12.988  4205  4205 D Navbar.Store: ----handleEvent(0) value= left,recent;home;back,right
03-13 17:23:12.989  2496  2892 W ResourceManagerServiceUtils: Ignoring request to add new resource entry with value <= 0
03-13 17:23:12.989  4205  4205 D Navbar.Store: ----handleEvent(0) GetInflateButtonWidth(buttonSpec=left, landscape=false) [Module] SamsungNavigationBarInflaterView
03-13 17:23:12.989  4205  4205 D Navbar.Store: ------[Band]STABLE_LAYOUT_PACK_INFLATE_NAVBAR
03-13 17:23:12.989  4205  4205 D NavBarStateManager: NavBarStates(0) getSpaceWidth(land: false): 118
03-13 17:23:12.989  4205  4205 D Navbar.Store: ----handleEvent(0) value= 118
03-13 17:23:12.989  4205  4205 D Navbar.Store: ----handleEvent(0) GetInflateButtonWidth(buttonSpec=recent, landscape=false) [Module] SamsungNavigationBarInflaterView
03-13 17:23:12.989  4205  4205 D Navbar.Store: ------[Band]STABLE_LAYOUT_PACK_INFLATE_NAVBAR
03-13 17:23:12.989  4205  4205 D NavBarStateManager: NavBarStates(0) getButtonWidth(land: false): 239
03-13 17:23:12.989  4205  4205 D Navbar.Store: ----handleEvent(0) value= 239
03-13 17:23:12.989 27562 27562 D BoundBrokerSvc: onBind: Intent { act=com.google.android.gms.measurement.START xflg=0x4 pkg=com.google.android.gms }
03-13 17:23:12.989  4205  4205 D Navbar.Store: ----handleEvent(0) GetInflateButtonWidth(buttonSpec=left, landscape=true) [Module] SamsungNavigationBarInflaterView
03-13 17:23:12.989  4205  4205 D Navbar.Store: ------[Band]STABLE_LAYOUT_PACK_INFLATE_NAVBAR
03-13 17:23:12.989  4205  4205 D NavBarStateManager: NavBarStates(0) getSpaceWidth(land: true): 118
03-13 17:23:12.989  4205  4205 D Navbar.Store: ----handleEvent(0) value= 118
03-13 17:23:12.990  2105  2105 I BpBinder: onLastStrongRef automatically unlinking death recipients: 
03-13 17:23:12.990  4832 26211 I HoneySpace.SystemUiRepository: systemUiFlags: overview_disabled|home_disabled|navbar_hidden|allow_gesture|back_disabled|awake
03-13 17:23:12.990  4205  4205 D Navbar.Store: ----handleEvent(0) GetInflateButtonWidth(buttonSpec=recent, landscape=true) [Module] SamsungNavigationBarInflaterView
03-13 17:23:12.990  4205  4205 D Navbar.Store: ------[Band]STABLE_LAYOUT_PACK_INFLATE_NAVBAR
03-13 17:23:12.990  4205  4205 D NavBarStateManager: NavBarStates(0) getButtonWidth(land: true): 239
03-13 17:23:12.990  4205  4205 D Navbar.Store: ----handleEvent(0) value= 239
03-13 17:23:12.990  4832  4895 I HoneySpace.TaskbarEventTracker: invokeEvent() called with: event = SystemUiStateChanged(stateFlags=272761216)
03-13 17:23:12.990  4205  4205 D Navbar.Store: ----handleEvent(0) GetInflateButtonWidth(buttonSpec=home, landscape=false) [Module] SamsungNavigationBarInflaterView
03-13 17:23:12.990  4205  4205 D Navbar.Store: ------[Band]STABLE_LAYOUT_PACK_INFLATE_NAVBAR
03-13 17:23:12.990  4205  4205 D NavBarStateManager: NavBarStates(0) getButtonWidth(land: false): 239
03-13 17:23:12.990  4205  4205 D Navbar.Store: ----handleEvent(0) value= 239
03-13 17:23:12.990 27562 27562 D BoundBrokerSvc: Loading bound service for intent: Intent { act=com.google.android.gms.measurement.START xflg=0x4 pkg=com.google.android.gms }
03-13 17:23:12.990  4205  4205 D Navbar.Store: ----handleEvent(0) GetInflateButtonWidth(buttonSpec=home, landscape=true) [Module] SamsungNavigationBarInflaterView
03-13 17:23:12.990  4205  4205 D Navbar.Store: ------[Band]STABLE_LAYOUT_PACK_INFLATE_NAVBAR
03-13 17:23:12.990  4205  4205 D NavBarStateManager: NavBarStates(0) getButtonWidth(land: true): 239
03-13 17:23:12.990  4205  4205 D Navbar.Store: ----handleEvent(0) value= 239
03-13 17:23:12.990  4205  4205 D Navbar.Store: ----handleEvent(0) GetInflateButtonWidth(buttonSpec=back, landscape=false) [Module] SamsungNavigationBarInflaterView
03-13 17:23:12.990  4205  4205 D Navbar.Store: ------[Band]STABLE_LAYOUT_PACK_INFLATE_NAVBAR
03-13 17:23:12.990  4205  4205 D NavBarStateManager: NavBarStates(0) getButtonWidth(land: false): 239
03-13 17:23:12.990  4205  4205 D Navbar.Store: ----handleEvent(0) value= 239
03-13 17:23:12.991  4205  4205 D Navbar.Store: ----handleEvent(0) GetInflateButtonWidth(buttonSpec=right, landscape=false) [Module] SamsungNavigationBarInflaterView
03-13 17:23:12.991  4205  4205 D Navbar.Store: ------[Band]STABLE_LAYOUT_PACK_INFLATE_NAVBAR
03-13 17:23:12.991  4205  4205 D NavBarStateManager: NavBarStates(0) getSpaceWidth(land: false): 118
03-13 17:23:12.991  4205  4205 D Navbar.Store: ----handleEvent(0) value= 118
03-13 17:23:12.991  4205  4205 D Navbar.Store: ----handleEvent(0) GetInflateButtonWidth(buttonSpec=back, landscape=true) [Module] SamsungNavigationBarInflaterView
03-13 17:23:12.991  4205  4205 D Navbar.Store: ------[Band]STABLE_LAYOUT_PACK_INFLATE_NAVBAR
03-13 17:23:12.991  4205  4205 D NavBarStateManager: NavBarStates(0) getButtonWidth(land: true): 239
03-13 17:23:12.991  4205  4205 D Navbar.Store: ----handleEvent(0) value= 239
03-13 17:23:12.991  4607  4607 D NfcService: handleMessage: MSG_APPLY_SCREEN_STATEOFF_UNLOCKED
03-13 17:23:12.992  4205  4205 D Navbar.Store: ----handleEvent(0) GetInflateButtonWidth(buttonSpec=right, landscape=true) [Module] SamsungNavigationBarInflaterView
03-13 17:23:12.992  4205  4205 D Navbar.Store: ------[Band]STABLE_LAYOUT_PACK_INFLATE_NAVBAR
03-13 17:23:12.992  4205  4205 D NavBarStateManager: NavBarStates(0) getSpaceWidth(land: true): 118
03-13 17:23:12.992  4205  4205 D Navbar.Store: ----handleEvent(0) value= 118
03-13 17:23:12.992  2007  2007 I sensors-hal: send_sync_sensor_request:543, takes 4 ms to receive the response with 0
03-13 17:23:12.991  4607  4607 D [NFC_SE]SamsungExtension: onLogEventNotified() item:[mCommandApdus: [mResponseApdus: , mCallingApi= 0, mAction= 518, mCallingPId = 0, mRfFieldOnTime= null
03-13 17:23:12.992  2007  2007 I sensors-hal: batch:363, android.sensor.device_orientation/271, period=200000000, max_latency=0 request completed
03-13 17:23:12.992  4607  4607 D [NFC_SE]NfcOemLogHelper: reportLogEvent = [mCommandApdus: [mResponseApdus: , mCallingApi= 0, mAction= 518, mCallingPId = 0, mRfFieldOnTime= null
03-13 17:23:12.992  4607  4607 D [NFC_SE]NfcOemLogHelper: try to send FLD_ERROR
03-13 17:23:12.992  4607  4607 D [NFC_SE]NfcOemLogHelper: RF Field is disabled
03-13 17:23:12.992  3003  4833 I ActivityManager: Changes in 99332 10 to 12, 0 to 128
03-13 17:23:12.992  4205  4205 D Navbar.Store: ----handleEvent(0) GetInflateButtonWidth(buttonSpec=left_remote_view, landscape=false) [Module] SamsungNavigationBarInflaterView
03-13 17:23:12.992  4205  4205 D Navbar.Store: ------[Band]STABLE_LAYOUT_PACK_INFLATE_NAVBAR
03-13 17:23:12.992  4205  4205 D NavBarStateManager: NavBarStates(0) getSpaceWidth(land: false): 118
03-13 17:23:12.992  4205  4205 D Navbar.Store: ----handleEvent(0) value= 118
03-13 17:23:12.992  3003  4833 I ActivityManager: Changes in 10114 10 to 12, 0 to 128
03-13 17:23:12.992  4205  4205 D Navbar.Store: ----handleEvent(0) GetInflateButtonWidth(buttonSpec=right_remote_view, landscape=false) [Module] SamsungNavigationBarInflaterView
03-13 17:23:12.992  4205  4205 D Navbar.Store: ------[Band]STABLE_LAYOUT_PACK_INFLATE_NAVBAR
03-13 17:23:12.992  4205  4205 D NavBarStateManager: NavBarStates(0) getSpaceWidth(land: false): 118
03-13 17:23:12.992  4205  4205 D Navbar.Store: ----handleEvent(0) value= 118
03-13 17:23:12.992  4607  4607 D libnfc_nci: nfcManager_doSetScreenState: state = 1 prevScreenState= 8, discovry_param = 1
03-13 17:23:12.992  4205  4205 D Navbar.Store: ----handleEvent(0) GetInflateButtonWidth(buttonSpec=left_remote_view, landscape=true) [Module] SamsungNavigationBarInflaterView
03-13 17:23:12.992  4205  4205 D Navbar.Store: ------[Band]STABLE_LAYOUT_PACK_INFLATE_NAVBAR
03-13 17:23:12.992  4205  4205 D NavBarStateManager: NavBarStates(0) getSpaceWidth(land: true): 118
03-13 17:23:12.992  4205  4205 D Navbar.Store: ----handleEvent(0) value= 118
03-13 17:23:12.992  4832  4895 I HoneySpace.TaskbarEventTracker: invokeEvent() called with: event = SystemUiStateChanged(stateFlags=272761218)
03-13 17:23:12.992  4205  4205 D Navbar.Store: ----handleEvent(0) GetInflateButtonWidth(buttonSpec=right_remote_view, landscape=true) [Module] SamsungNavigationBarInflaterView
03-13 17:23:12.992  4205  4205 D Navbar.Store: ------[Band]STABLE_LAYOUT_PACK_INFLATE_NAVBAR
03-13 17:23:12.992  4205  4205 D NavBarStateManager: NavBarStates(0) getSpaceWidth(land: true): 118
03-13 17:23:12.992  4205  4205 D Navbar.Store: ----handleEvent(0) value= 118
03-13 17:23:12.992  4205  4205 D Navbar.Store: ----handleEvent(0) GetNavBarSidePadding(landscape=false) [Module] SamsungNavigationBarInflaterView
03-13 17:23:12.992  4205  4205 D Navbar.Store: ------[Band]STABLE_LAYOUT_PACK_INFLATE_NAVBAR_SIDE_PADDING
03-13 17:23:12.992  4205  4205 D NavBarStateManager: NavBarStates(0) getNavBarSidePadding: 0
03-13 17:23:12.992  4205  4205 D Navbar.Store: ----handleEvent(0) value= 0
03-13 17:23:12.992  4205  4205 D Navbar.Store: ----handleEvent(0) GetNavBarSidePadding(landscape=true) [Module] SamsungNavigationBarInflaterView
03-13 17:23:12.992  4205  4205 D Navbar.Store: ------[Band]STABLE_LAYOUT_PACK_INFLATE_NAVBAR_SIDE_PADDING
03-13 17:23:12.992  4205  4205 D NavBarStateManager: NavBarStates(0) getNavBarSidePadding: 0
03-13 17:23:12.992  4205  4205 D Navbar.Store: ----handleEvent(0) value= 0
03-13 17:23:12.992  4205  4205 D Navbar.Store: ----handleEvent(0) GetNavBarSidePadding(landscape=false) [Module] SamsungNavigationBarInflaterView
03-13 17:23:12.992  4205  4205 D Navbar.Store: ------[Band]STABLE_LAYOUT_PACK_INFLATE_NAVBAR_SIDE_PADDING
03-13 17:23:12.992  4205  4205 D NavBarStateManager: NavBarStates(0) getNavBarSidePadding: 0
03-13 17:23:12.992  4205  4205 D Navbar.Store: ----handleEvent(0) value= 0
03-13 17:23:12.992  4205  4205 D Navbar.Store: ----handleEvent(0) GetNavBarSidePadding(landscape=true) [Module] SamsungNavigationBarInflaterView
03-13 17:23:12.992  4205  4205 D Navbar.Store: ------[Band]STABLE_LAYOUT_PACK_INFLATE_NAVBAR_SIDE_PADDING
03-13 17:23:12.992  4205  4205 D NavBarStateManager: NavBarStates(0) getNavBarSidePadding: 0
03-13 17:23:12.992  4205  4205 D Navbar.Store: ----handleEvent(0) value= 0
03-13 17:23:12.993  4607  4986 D NxpGenExtn: vendor_nfc_handle_event Enter eventCode:11
03-13 17:23:12.993  4607  4986 D NxpGenExtn: phNxpExtn_HandleVendorNciMsg Not vendor specific command!!
03-13 17:23:12.993  4607  4986 I NxpGenExtn: phNxpExtn_Write NCI datalen:7
03-13 17:23:12.993  4607  4986 I NxpGenExtn: processExtnWrite Enter dataLen:7
03-13 17:23:12.993  4607  4986 I NxpPropExtn: phNxpProp_ProcessExtnWrite PropExtensionController Enter dataLen:7
03-13 17:23:12.993  4607  4986 I NxpPropExtn: processExtnWrite Enter
03-13 17:23:12.993  4607  4986 D NxpPropExtn: NciStateMonitor processExtnWrite Enter
03-13 17:23:12.993  4607  4986 D NxpPropExtn: resendRequired, resend required
03-13 17:23:12.993  4607  4986 D NxpGenExtn: write Enter wLength:7
03-13 17:23:12.993  4607  4986 D NxpGenExtn: palenQueueWrite Enter wLength:7
03-13 17:23:12.993  2022  2124 I HYPER-HAL: [RequestManager.cpp]acquire(): Acquired ID : 2112570  [2025 / 30]    HINT :      list : [UCLAMP_MIN_BOOST / 50] [TID / 4392] [TID / 4393] [TID / 4205] [TID / 4394] 
03-13 17:23:12.993  2022  2124 I HYPER-HAL: [RequestManager.cpp]acquire(): Acquired ID : 2112570  [2025 / 30]    HINT :      list : [UCLAMP_MIN_BOOST / 100] [TID / 4392] [TID / 4393] [TID / 4205] [TID / 4394] 
03-13 17:23:12.993  2022  2124 I HYPER-HAL: [RequestManager.cpp]acquire(): Acquired ID : 2112570  [2025 / 30]    HINT :      list : [UCLAMP_MIN_BOOST / 150] [TID / 4392] [TID / 4393] [TID / 4205] [TID / 4394] 
03-13 17:23:12.993  2022  2124 I HYPER-HAL: [RequestManager.cpp]acquire(): Acquired ID : 2112570  [2025 / 30]    HINT :      list : [UCLAMP_MIN_BOOST / 200] [TID / 4392] [TID / 4393] [TID / 4205] [TID / 4394] 
03-13 17:23:12.993  2022  2124 I HYPER-HAL: [RequestManager.cpp]acquire(): Acquired ID : 2112570  [2025 / 30]    HINT :      list : [UCLAMP_MIN_BOOST / 250] [TID / 4392] [TID / 4393] [TID / 4205] [TID / 4394] 
03-13 17:23:12.993  2022  2124 I HYPER-HAL: [RequestManager.cpp]acquire(): Acquired ID : 2112570  [2025 / 30]    HINT :      list : [UCLAMP_MIN_BOOST / 300] [TID / 4392] [TID / 4393] [TID / 4205] [TID / 4394] 
03-13 17:23:12.993  2022  2124 I HYPER-HAL: [RequestManager.cpp]acquire(): Acquired ID : 2112570  [2025 / 30]    HINT :      list : [UCLAMP_MIN_BOOST / 350] [TID / 4392] [TID / 4393] [TID / 4205] [TID / 4394] 
03-13 17:23:12.993  4607 16235 D NxpGenExtn: enQueueWriteInternal Enter wLength:7
03-13 17:23:12.994  2439  2439 I android.hardware.nfc-service.nxp: write
03-13 17:23:12.995  2022  2124 I HYPER-HAL: [RequestManager.cpp]acquire(): Acquired ID : 2112570  [2025 / 30]    HINT :      list : [UCLAMP_MIN_BOOST / 400] [TID / 4392] [TID / 4393] [TID / 4205] [TID / 4394] 
03-13 17:23:12.996  2053 16224 I QC2CompStore: Setting heap usage to system
03-13 17:23:12.996  3003  3130 I SemMdnieManagerService: DDI setHighBrightnessMode id(0) lux : -1, index : 0
03-13 17:23:12.996  3003  3130 D AutomaticBrightnessController: setLightSensorEnabled: false
03-13 17:23:12.996  2007  2007 I sensors-hal: activate:300, com.samsung.sensor.device_common_info/2132 en=0
03-13 17:23:12.996  2007  2007 I sensors-hal: send_sync_sensor_request:508, send sync request
03-13 17:23:12.996  2007  2007 I sensors-hal: send_sync_sensor_request:518, send_sync_sensor_request before send_request for device_common_info with SUID low=3766530206566995508 high=1320970896291267344
03-13 17:23:12.996  2007  2007 I sensors-hal: send_sync_sensor_request:537, wait for notification of response
03-13 17:23:12.996  4360 16209 I MediaCodec: setCodecState state(0), called in 6, domain 1, 1
03-13 17:23:12.996  2007  3645 I sensors-hal: qsh_conn_resp_cb:930, resp_value = 0 for device_common_info 
03-13 17:23:12.997  2007  2007 I sensors-hal: send_sync_sensor_request:543, takes 0 ms to receive the response with 0
03-13 17:23:12.997  2007  2007 I sensors-hal: activate:330, com.samsung.sensor.device_common_info/2132 en=0 completed
03-13 17:23:12.997  6380  6380 I SemMediaResourceHelper: onState
03-13 17:23:12.998  2007  2007 I sensors-hal: activate:300, com.samsung.sensor.auto_brightness/1651 en=0
03-13 17:23:12.998  2007  2007 I sensors-hal: enable_flicker_als:213, [SSC_LIGHT] flicker_als disable
03-13 17:23:12.998  4360  4776 I SprWallpaper|FoldInteractive: resetFrame : onSeekReady
03-13 17:23:12.998  4360  4776 I SprWallpaper|FoldInteractive: seekTo: frame[0], time[0]
03-13 17:23:12.998  2007  2007 I sensors-hal: send_sync_sensor_request:508, send sync request
03-13 17:23:12.998  2007  2007 I sensors-hal: send_sync_sensor_request:518, send_sync_sensor_request before send_request for auto_brightness with SUID low=2816411781185423377 high=5518030540294228002
03-13 17:23:12.998  2007  2007 I sensors-hal: send_sync_sensor_request:537, wait for notification of response
03-13 17:23:12.999  2007 14459 I sensors-hal: qsh_conn_resp_cb:930, resp_value = 0 for auto_brightness 
03-13 17:23:13.000  4205  4205 D NavBarView: disableBack=false (isBackDismissIme=false, handlingGestures=false, disabledFlagBack=false, isBottomGesture=false, isImeRenderingNavButtons=false)
03-13 17:23:13.000  4205  4205 D Navbar.Store: ----handleEvent(0) OnUpdateSysUiStateFlag(noArguments=true) [Module] SamsungNavigationBarView
03-13 17:23:13.000  4205  4205 D Navbar.Store: ------[Band]GESTURE_PACK_UPDATE_SYSTEMUI_STATE_FLAG
03-13 17:23:13.000  4205  4205 D Navbar.Store: ------[Band] (afterAction) GESTURE_PACK_UPDATE_SYSTEMUI_STATE_FLAG
03-13 17:23:13.000  4205  4205 D Navbar.Store: handleEvent(0) OnConfigChanged(newConfig={1.0 ?mcc0mnc [en_US] ldltr sw360dp w360dp h880dp 480dpi nrml long hdr widecg port night finger -keyb/v/h -nav/h winConfig={ mBounds=Rect(0, 0 - 1080, 2640) mAppBounds=Rect(0, 0 - 1080, 2640) mMaxBounds=Rect(0, 0 - 1080, 2640) mDisplayRotation=ROTATION_0 mWindowingMode=fullscreen mActivityType=undefined mAlwaysOnTop=undefined mRotation=ROTATION_0 mStageConfig=undefined mPopOver=undefined mOverlappingWithCutout=false mFlexPanelMode=off} s.7551 fontWeightAdjustment=0 ff=0 bf=-1 bts=0 cst=1.0 nightDim=0 themeSeq=0}) [Module] NavigationBarControllerImpl
03-13 17:23:13.000  4205  4205 D Navbar.Store: --[Band]CONFIG_PACK_CONFIG_CHANGED
03-13 17:23:13.000  4205  4205 D Navbar.Store: handleEvent(0) OnNavBarConfigChanged(canMove=true, supportPhoneLayoutProvider=true, imeDownButtonForAllRotation=false, navigationMode=0) [Module] NavigationBarControllerImpl
03-13 17:23:13.000  4205  4205 D Navbar.Store: --[Band]STABLE_LAYOUT_PACK_NAVBAR_CONFIG_CHANGED
03-13 17:23:13.000  4205  4205 D NavBarStateManager: NavBarStates(0) supportLargeCoverScreenNavBar: false
03-13 17:23:13.000  4205  4205 D Navbar.Store: --updateLayoutProvider() layoutProviderContainer = com.android.systemui.navigationbar.layout.LayoutProviderContainerImpl@1dbf89d
03-13 17:23:13.000  4205  4205 D NavBarStateManager: NavBarStates(0) supportLargeCoverScreenNavBar: false
03-13 17:23:13.000  4205  4205 D Navbar.Store: --[Band] (afterAction) STABLE_LAYOUT_PACK_NAVBAR_CONFIG_CHANGED
03-13 17:23:13.000  4205  4205 D Navbar.Store: handleEvent(1) OnConfigChanged(newConfig={1.0 ?mcc0mnc [en_US] ldltr sw360dp w360dp h880dp 480dpi nrml long hdr widecg port night finger -keyb/v/h -nav/h winConfig={ mBounds=Rect(0, 0 - 1080, 2640) mAppBounds=Rect(0, 0 - 1080, 2640) mMaxBounds=Rect(0, 0 - 1080, 2640) mDisplayRotation=ROTATION_0 mWindowingMode=fullscreen mActivityType=undefined mAlwaysOnTop=undefined mRotation=ROTATION_0 mStageConfig=undefined mPopOver=undefined mOverlappingWithCutout=false mFlexPanelMode=off} s.7551 fontWeightAdjustment=0 ff=0 bf=-1 bts=0 cst=1.0 nightDim=0 themeSeq=0}) [Module] NavigationBarControllerImpl
03-13 17:23:13.000  3003  7292 D WindowManager: captureDisplay
03-13 17:23:13.000  4205  4205 D Navbar.Store: handleEvent(1) OnNavBarConfigChanged(canMove=true, supportPhoneLayoutProvider=true, imeDownButtonForAllRotation=false, navigationMode=0) [Module] NavigationBarControllerImpl
03-13 17:23:13.000  4205  4205 D Navbar.Store: --[Band]STABLE_LAYOUT_PACK_NAVBAR_CONFIG_CHANGED
03-13 17:23:13.000  4205  4205 D NavBarStateManager: NavBarStates(1) supportLargeCoverScreenNavBar: true
03-13 17:23:13.001  3003  7292 I SurfaceComposerClient: captureLayers:childrenOnly:1, sync:0
03-13 17:23:13.001  4832 28182 I HoneySpace.SystemUiRepository: assistantAvailable = false
03-13 17:23:13.001  4205  4205 D LayoutProviderContainerImpl: getCoverDisplayContext, cover display=Display id 1: DisplayInfo{"Built-in Screen", displayId 1, displayGroupId 0, FLAG_SECURE, FLAG_SUPPORTS_PROTECTED_BUFFERS, FLAG_PRESENTATION, FLAG_CAN_SHOW_WITH_INSECURE_KEYGUARD, FLAG_SHOULD_SHOW_SYSTEM_DECORATIONS, FLAG_TRUSTED, FLAG_ALLOWS_CONTENT_MODE_SWITCH, real 748 x 720, largest app 748 x 748, smallest app 618 x 552, appVsyncOff 16666666, presDeadline 17666666, mode 8, renderFrameRate 60.000004, hasArrSupport false, frameRateCategoryRate FrameRateCategoryRate {normal=60.0, high=90.0}, supportedRefreshRates [60.000004], defaultMode 8, REFRESH_RATE_MODE_SEAMLESS, userPreferredModeId -1, supportedModes [{id=8, width=748, height=720, fps=60.000004, vsync=60.000004, synthetic=false, alternativeRefreshRates=[], supportedHdrTypes=[2, 3, 4]}], appsSupportedModes [{id=8, width=748, height=720, fps=60.000004, vsync=60.000004, synthetic=false, alternativeRefreshRates=[], supportedHdrTypes=[2, 3, 4]}], hdrCapabilities HdrCapabilities{mSupportedHdrTypes=[2, 3, 4], mMaxLuminance=450.0, mMaxAverageLuminance=225.00024, mMinLuminance=5.0E-4}, isForceSdr false, userDisabledHdrTypes [], minimalPostProcessingSupported false, rotation 0, state OFF, committedState OFF}, DisplayMetrics{density=2.125, width=748, height=618, scaledDensity=2.125, xdpi=306.438, ydpi=309.966}, isValid=true
03-13 17:23:13.002  4205  4205 D Navbar.Store: --updateLayoutProvider() layoutProviderContainer = com.android.systemui.navigationbar.layout.LayoutProviderContainerImpl@1dbf89d
03-13 17:23:13.002  4205  4205 D NavBarStateManager: NavBarStates(1) supportLargeCoverScreenNavBar: true
03-13 17:23:13.002  4205  4205 D LayoutProviderContainerImpl: getCoverDisplayContext, cover display=Display id 1: DisplayInfo{"Built-in Screen", displayId 1, displayGroupId 0, FLAG_SECURE, FLAG_SUPPORTS_PROTECTED_BUFFERS, FLAG_PRESENTATION, FLAG_CAN_SHOW_WITH_INSECURE_KEYGUARD, FLAG_SHOULD_SHOW_SYSTEM_DECORATIONS, FLAG_TRUSTED, FLAG_ALLOWS_CONTENT_MODE_SWITCH, real 748 x 720, largest app 748 x 748, smallest app 618 x 552, appVsyncOff 16666666, presDeadline 17666666, mode 8, renderFrameRate 60.000004, hasArrSupport false, frameRateCategoryRate FrameRateCategoryRate {normal=60.0, high=90.0}, supportedRefreshRates [60.000004], defaultMode 8, REFRESH_RATE_MODE_SEAMLESS, userPreferredModeId -1, supportedModes [{id=8, width=748, height=720, fps=60.000004, vsync=60.000004, synthetic=false, alternativeRefreshRates=[], supportedHdrTypes=[2, 3, 4]}], appsSupportedModes [{id=8, width=748, height=720, fps=60.000004, vsync=60.000004, synthetic=false, alternativeRefreshRates=[], supportedHdrTypes=[2, 3, 4]}], hdrCapabilities HdrCapabilities{mSupportedHdrTypes=[2, 3, 4], mMaxLuminance=450.0, mMaxAverageLuminance=225.00024, mMinLuminance=5.0E-4}, isForceSdr false, userDisabledHdrTypes [], minimalPostProcessingSupported false, rotation 0, state OFF, committedState OFF}, DisplayMetrics{density=2.125, width=748, height=618, scaledDensity=2.125, xdpi=306.438, ydpi=309.966}, isValid=true
03-13 17:23:13.002  4205  4205 D Navbar.Store: --[Band] (afterAction) STABLE_LAYOUT_PACK_NAVBAR_CONFIG_CHANGED
03-13 17:23:13.003  4205  4205 D AppController: AppControlSensorListener.onSensorChanged, Rotation: -1
03-13 17:23:13.003  3003  3740 W qdgralloc: getInterlacedFlag: getMetaData returned 3, defaulting to interlaced_flag = 0
03-13 17:23:13.003  2007  2007 I sensors-hal: send_sync_sensor_request:543, takes 4 ms to receive the response with 0
03-13 17:23:13.003  4205  4205 I SubScreenManager:  onDeviceStateChanged DeviceState{identifier=0, name='CLOSED', app_accessible=false, cancel_when_requester_not_on_top=false}
03-13 17:23:13.003  4205  4205 I SubScreenManager: requestDualState false
03-13 17:23:13.004  2007  2007 I sensors-hal: ~worker:65, worker(0xb400007a0f4dc2b0) send sig to tid= 14456
03-13 17:23:13.004 27562 16237 D AdvertisingIdClient: AdvertisingIdClient already created.
03-13 17:23:13.004  2105  2922 I SurfaceFlinger: Capture layer list: 	 com.tacobell.ordering/com.tacobell.navigation.view.NavigationActivity$_15043#76841(seamlessTransition:0)
03-13 17:23:13.004 27562 16237 D AdvertisingIdClient: AdvertisingIdClient is not bounded. Starting to bind it...
03-13 17:23:13.004  2105  2922 I SurfaceFlinger: Capture layer list: 	 StatusBar$_4205#132(seamlessTransition:0)
03-13 17:23:13.004  2105  2922 I SurfaceFlinger: Capture layer list: 	 com.sec.android.app.launcher/com.samsung.app.honeyspace.edge.edgepanel.app.CocktailBarService$_4832#76769(seamlessTransition:0)
03-13 17:23:13.004  2105  2922 I SurfaceFlinger: Capture layer list: 	 NavigationBar0$_4205#130(seamlessTransition:0)
03-13 17:23:13.004  2007  2007 I sensors-hal: ~worker:74, worker(0xb400007a0f4dc2b0) is destroyed, remaining task = 0, tid= 14456
03-13 17:23:13.004  2007  2007 I sensors-hal: ~qsh_qmi:58, ~qsh_qmi
03-13 17:23:13.004  3003  3046 I DeviceStateManagerService: cancelRequestInternal pid:4205, ignore
03-13 17:23:13.004  2007  2007 I sensors-hal: deactivate:274, [SSC_LIGHT] auto_brightness deactivate!
03-13 17:23:13.004  2007  2007 I sensors-hal: activate:330, com.samsung.sensor.auto_brightness/1651 en=0 completed
03-13 17:23:13.004  1985  2158 I minksocket: MinkIPC MESSAGE: ( 1985:2158 ) MinkIPC_QRTR_Service:351 minkipc = 0xb400006d4d3f6550 sock = 13, client with node 1 port 5b24 went down
03-13 17:23:13.004  1985  2180 I minksocket: MinkIPC MESSAGE: ( 1985:2180 ) MinkIPC_QRTR_Service:351 minkipc = 0xb400006d4d3f7730 sock = 33, client with node 1 port 5b24 went down
03-13 17:23:13.004  4205  4205 I SubScreenManager: onDeviceStateChanged() 
03-13 17:23:13.004  4205  4205 I SubLauncher:SubLauncherStateManager@232606011: setTentMode: 2 -> 0 
03-13 17:23:13.005  2105  2342 D RenderEngine: [SEC_SF_EFFECTS] drawLayersInternal,1483, Rendering layer ScreenCaptureFillLayer at index 0
03-13 17:23:13.005  2105  2342 D RenderEngine: [SEC_SF_EFFECTS] drawLayersInternal,1483, Rendering layer com.tacobell.ordering/com.tacobell.navigation.view.NavigationActivity$_15043#76841 at index 1
03-13 17:23:13.005  3003  3130 D SensorManager: unregisterListener :: com.android.server.display.AutomaticBrightnessController$3@1ff6ff3
03-13 17:23:13.005  2105  2342 D RenderEngine: [SEC_SF_EFFECTS] drawLayersInternal,1483, Rendering layer StatusBar$_4205#132 at index 2
03-13 17:23:13.005  3003  3065 D SensorManager: unregisterListener :: com.android.server.wm.WindowOrientationListener$OrientationSensorJudge@783320e
03-13 17:23:13.005  2105  2342 D RenderEngine: [SEC_SF_EFFECTS] drawLayersInternal,1483, Rendering layer com.sec.android.app.launcher/com.samsung.app.honeyspace.edge.edgepanel.app.CocktailBarService$_4832#76769 at index 3
03-13 17:23:13.005  2105  2342 D RenderEngine: [SEC_SF_EFFECTS] drawLayersInternal,1483, Rendering layer NavigationBar0$_4205#130 at index 4
03-13 17:23:13.005  3003  3130 D AutomaticBrightnessController: setProximitySensorEnabled::unregisterListener
03-13 17:23:13.006  4205  4205 I FoldStateManager: onFoldStateChanged: true
03-13 17:23:13.006  4205  4205 I FoldStateManager: updateFoldState: isFolded = true
03-13 17:23:13.006  4205  4205 I FoldStateManager: onTableModeChanged: false
03-13 17:23:13.006  4205  4205 I FoldStateManager: updateTableMode: isTableMode = false
03-13 17:23:13.006  4205  4205 D NavigationBarControllerImpl: setNavigationBarShortcut requestClass : com.android.wm.shell.controlpanel.activity.FlexPanelActivity, remoteViews : null, position : 0, priority : 11
03-13 17:23:13.006  2007  2007 I SensorsGrip: TouchLight::enable: 0 1
03-13 17:23:13.006  4205  4205 D RemoteViewPack: OnSetRemoteView RemoteViewShortcut(requestClass=com.android.wm.shell.controlpanel.activity.FlexPanelActivity, remoteViews=null, position=0, priority=11)
03-13 17:23:13.006  4205  4205 D NavBarStateManager: NavBarStates(0) isGameMode: false
03-13 17:23:13.006  4205  4205 D RemoteViewPack: OnSetRemoteView RemoteViewShortcut(requestClass=com.android.wm.shell.controlpanel.activity.FlexPanelActivity, remoteViews=null, position=0, priority=11)
