03-13 17:27:34.324  2105  2342 D RenderEngine: [SEC_SF_EFFECTS] drawLayersInternal,1483, Rendering layer com.sec.android.app.launcher/com.samsung.app.honeyspace.edge.edgepanel.app.CocktailBarService$_4832#77279 at index 3
03-13 17:27:34.325  2105  2342 D RenderEngine: [SEC_SF_EFFECTS] drawLayersInternal,1483, Rendering layer NavigationBar0$_4205#130 at index 4
03-13 17:27:34.331 23430 23630 W qdgralloc: getInterlacedFlag: getMetaData returned 3, defaulting to interlaced_flag = 0
03-13 17:27:34.417  3003  3806 D WindowManager: captureDisplay
03-13 17:27:34.419  3003  3806 I SurfaceComposerClient: captureLayers:childrenOnly:1, sync:0
03-13 17:27:34.425  2105  2922 I SurfaceFlinger: Capture layer list: 	 com.tacobell.ordering/com.tacobell.navigation.view.NavigationActivity$_23495#77352(seamlessTransition:0)
03-13 17:27:34.425  2105  2922 I SurfaceFlinger: Capture layer list: 	 StatusBar$_4205#132(seamlessTransition:0)
03-13 17:27:34.425  2105  2922 I SurfaceFlinger: Capture layer list: 	 com.sec.android.app.launcher/com.samsung.app.honeyspace.edge.edgepanel.app.CocktailBarService$_4832#77279(seamlessTransition:0)
03-13 17:27:34.425  2105  2922 I SurfaceFlinger: Capture layer list: 	 NavigationBar0$_4205#130(seamlessTransition:0)
03-13 17:27:34.427  2105  2342 D RenderEngine: [SEC_SF_EFFECTS] drawLayersInternal,1483, Rendering layer ScreenCaptureFillLayer at index 0
03-13 17:27:34.427  2105  2342 D RenderEngine: [SEC_SF_EFFECTS] drawLayersInternal,1483, Rendering layer com.tacobell.ordering/com.tacobell.navigation.view.NavigationActivity$_23495#77352 at index 1
03-13 17:27:34.427  2105  2342 D RenderEngine: [SEC_SF_EFFECTS] drawLayersInternal,1483, Rendering layer StatusBar$_4205#132 at index 2
03-13 17:27:34.428  2105  2342 D RenderEngine: [SEC_SF_EFFECTS] drawLayersInternal,1483, Rendering layer com.sec.android.app.launcher/com.samsung.app.honeyspace.edge.edgepanel.app.CocktailBarService$_4832#77279 at index 3
03-13 17:27:34.428  2105  2342 D RenderEngine: [SEC_SF_EFFECTS] drawLayersInternal,1483, Rendering layer NavigationBar0$_4205#130 at index 4
03-13 17:27:34.439  1993  5851 D vendor.qti.bluetooth@1.1-wake_lock: Release wakelock is released 
03-13 17:27:34.445 23430 23630 W qdgralloc: getInterlacedFlag: getMetaData returned 3, defaulting to interlaced_flag = 0
03-13 17:27:34.519  3003  3806 D WindowManager: captureDisplay
03-13 17:27:34.520  3003  3806 I SurfaceComposerClient: captureLayers:childrenOnly:1, sync:0
03-13 17:27:34.521  1171  1171 D io_stats: !@   8,0 r 4630953 140013772 w 5851751 117567308 d 475815 131352392 f 248974 556839 iot 2422276 0 th 0 0 0 pt 0 inp 0 0 83843.518
03-13 17:27:34.523  1171  1171 D io_stats: !@ Write_top(KB): kworker/u16:6(22127) 652 vendor.samsung.(2059) 8
03-13 17:27:34.528  2105  2922 I SurfaceFlinger: Capture layer list: 	 com.tacobell.ordering/com.tacobell.navigation.view.NavigationActivity$_23495#77352(seamlessTransition:0)
03-13 17:27:34.528  2105  2922 I SurfaceFlinger: Capture layer list: 	 StatusBar$_4205#132(seamlessTransition:0)
03-13 17:27:34.528  2105  2922 I SurfaceFlinger: Capture layer list: 	 com.sec.android.app.launcher/com.samsung.app.honeyspace.edge.edgepanel.app.CocktailBarService$_4832#77279(seamlessTransition:0)
03-13 17:27:34.528  2105  2922 I SurfaceFlinger: Capture layer list: 	 NavigationBar0$_4205#130(seamlessTransition:0)
03-13 17:27:34.530  2105  2342 D RenderEngine: [SEC_SF_EFFECTS] drawLayersInternal,1483, Rendering layer ScreenCaptureFillLayer at index 0
03-13 17:27:34.530  2105  2342 D RenderEngine: [SEC_SF_EFFECTS] drawLayersInternal,1483, Rendering layer com.tacobell.ordering/com.tacobell.navigation.view.NavigationActivity$_23495#77352 at index 1
03-13 17:27:34.530  2105  2342 D RenderEngine: [SEC_SF_EFFECTS] drawLayersInternal,1483, Rendering layer StatusBar$_4205#132 at index 2
03-13 17:27:34.530  2105  2342 D RenderEngine: [SEC_SF_EFFECTS] drawLayersInternal,1483, Rendering layer com.sec.android.app.launcher/com.samsung.app.honeyspace.edge.edgepanel.app.CocktailBarService$_4832#77279 at index 3
03-13 17:27:34.531  2105  2342 D RenderEngine: [SEC_SF_EFFECTS] drawLayersInternal,1483, Rendering layer NavigationBar0$_4205#130 at index 4
03-13 17:27:34.567 23430 23630 W qdgralloc: getInterlacedFlag: getMetaData returned 3, defaulting to interlaced_flag = 0
03-13 17:27:34.619  3003  3806 D WindowManager: captureDisplay
03-13 17:27:34.619  3003  3806 I SurfaceComposerClient: captureLayers:childrenOnly:1, sync:0
03-13 17:27:34.629  2105  2922 I SurfaceFlinger: Capture layer list: 	 com.tacobell.ordering/com.tacobell.navigation.view.NavigationActivity$_23495#77352(seamlessTransition:0)
03-13 17:27:34.629  2105  2922 I SurfaceFlinger: Capture layer list: 	 StatusBar$_4205#132(seamlessTransition:0)
03-13 17:27:34.629  2105  2922 I SurfaceFlinger: Capture layer list: 	 com.sec.android.app.launcher/com.samsung.app.honeyspace.edge.edgepanel.app.CocktailBarService$_4832#77279(seamlessTransition:0)
03-13 17:27:34.629  2105  2922 I SurfaceFlinger: Capture layer list: 	 NavigationBar0$_4205#130(seamlessTransition:0)
03-13 17:27:34.631  2105  2342 D RenderEngine: [SEC_SF_EFFECTS] drawLayersInternal,1483, Rendering layer ScreenCaptureFillLayer at index 0
03-13 17:27:34.632  2105  2342 D RenderEngine: [SEC_SF_EFFECTS] drawLayersInternal,1483, Rendering layer com.tacobell.ordering/com.tacobell.navigation.view.NavigationActivity$_23495#77352 at index 1
03-13 17:27:34.632  2105  2342 D RenderEngine: [SEC_SF_EFFECTS] drawLayersInternal,1483, Rendering layer StatusBar$_4205#132 at index 2
03-13 17:27:34.632  2105  2342 D RenderEngine: [SEC_SF_EFFECTS] drawLayersInternal,1483, Rendering layer com.sec.android.app.launcher/com.samsung.app.honeyspace.edge.edgepanel.app.CocktailBarService$_4832#77279 at index 3
03-13 17:27:34.633  2105  2342 D RenderEngine: [SEC_SF_EFFECTS] drawLayersInternal,1483, Rendering layer NavigationBar0$_4205#130 at index 4
03-13 17:27:34.639 23430 23630 W qdgralloc: getInterlacedFlag: getMetaData returned 3, defaulting to interlaced_flag = 0
03-13 17:27:34.720  3003  3806 D WindowManager: captureDisplay
03-13 17:27:34.720  3003  3806 I SurfaceComposerClient: captureLayers:childrenOnly:1, sync:0
03-13 17:27:34.729  2105  2922 I SurfaceFlinger: Capture layer list: 	 com.tacobell.ordering/com.tacobell.navigation.view.NavigationActivity$_23495#77352(seamlessTransition:0)
03-13 17:27:34.729  2105  2922 I SurfaceFlinger: Capture layer list: 	 StatusBar$_4205#132(seamlessTransition:0)
03-13 17:27:34.729  2105  2922 I SurfaceFlinger: Capture layer list: 	 com.sec.android.app.launcher/com.samsung.app.honeyspace.edge.edgepanel.app.CocktailBarService$_4832#77279(seamlessTransition:0)
03-13 17:27:34.729  2105  2922 I SurfaceFlinger: Capture layer list: 	 NavigationBar0$_4205#130(seamlessTransition:0)
03-13 17:27:34.731  2105  2342 D RenderEngine: [SEC_SF_EFFECTS] drawLayersInternal,1483, Rendering layer ScreenCaptureFillLayer at index 0
03-13 17:27:34.731  2105  2342 D RenderEngine: [SEC_SF_EFFECTS] drawLayersInternal,1483, Rendering layer com.tacobell.ordering/com.tacobell.navigation.view.NavigationActivity$_23495#77352 at index 1
03-13 17:27:34.732  2105  2342 D RenderEngine: [SEC_SF_EFFECTS] drawLayersInternal,1483, Rendering layer StatusBar$_4205#132 at index 2
03-13 17:27:34.732  2105  2342 D RenderEngine: [SEC_SF_EFFECTS] drawLayersInternal,1483, Rendering layer com.sec.android.app.launcher/com.samsung.app.honeyspace.edge.edgepanel.app.CocktailBarService$_4832#77279 at index 3
03-13 17:27:34.732  2105  2342 D RenderEngine: [SEC_SF_EFFECTS] drawLayersInternal,1483, Rendering layer NavigationBar0$_4205#130 at index 4
03-13 17:27:34.735  2007 22838 I sensors-hal: handle_sns_std_sensor_event:409, [SSC_LIGHT] P: 188(188),c:286,b:85,m:13,cl:67,l:177,s:186,l0:19728,l1:48,s0:14713,s1:0,acl:1,opr:0.80,f(r):97,u(bl):110,if:0,wi:3,si:16,po:125(N:0)
03-13 17:27:34.745 23430 23630 W qdgralloc: getInterlacedFlag: getMetaData returned 3, defaulting to interlaced_flag = 0
03-13 17:27:34.767  3003  3631 D ActivityManager: freezing 24135 com.samsung.cmh
03-13 17:27:34.771  3003  3631 I UMR     : B|Compact com.samsung.cmh(24135)
03-13 17:27:34.777  3003  3941 D InetDiagMessage: Destroyed 0 sockets, proto=IPPROTO_TCP, family=AF_INET, states=14
03-13 17:27:34.782  3003  3941 D InetDiagMessage: Destroyed 0 sockets, proto=IPPROTO_TCP, family=AF_INET6, states=14
03-13 17:27:34.782  3003  3941 D InetDiagMessage: Destroyed live tcp sockets for uids={5004} in 13ms
03-13 17:27:34.789 28740 28761 V CpEventLog(u0): [P] cp_state: [                 contacts = {contacts=0, raw_contacts=0, data=0, account={secphone(1)=0, google(2)=0, sim(3)=0, sim2(4)=0, agg(5)=0, samsung(7)=0, mobileservice(8)=0, com.opera.browser.ping(11)=0, com.nike.authcomponent.v1(14)=0, com.adidas.mobile.sso.adidas.app(15)=0, com.tiktok.lite.go(16)=0, www.instagram.com(17)=0, www.instagram.barcelona(18)=0, com.facebook.auth.login(19)=0, duo(21)=0, Newsbreak(22)=0, com.reddit.account(23)=0, com.reddit.account(24)=0}, trash=0, trash_acc={}, trash_sync=0, database=contacts2.db} ]
03-13 17:27:34.789 28740 28761 V CpEventLog(u0): [P] cp_state: [               aggregated = {} ]
03-13 17:27:34.789 28740 28761 V CpEventLog(u0): [P] cp_state: [                  request = {} ]
03-13 17:27:34.789 28740 28761 V CpEventLog(u0): [P] cp_state: [                    calls = {types={[100]=4}, database=calllog.db} ]
03-13 17:27:34.789 28740 28761 V CpEventLog(u0): [P] cp_state: [                  profile = {contacts=0, raw_contacts=0, data=0, account={secphone(1)=0, google(2)=0, sim(3)=0, sim2(4)=0, agg(5)=0, samsung(7)=0, mobileservice(8)=0, com.opera.browser.ping(11)=0, com.nike.authcomponent.v1(14)=0, com.adidas.mobile.sso.adidas.app(15)=0, com.tiktok.lite.go(16)=0, www.instagram.com(17)=0, www.instagram.barcelona(18)=0, com.facebook.auth.login(19)=0, duo(21)=0, Newsbreak(22)=0, com.reddit.account(23)=0, com.reddit.account(24)=0}, trash=0, trash_acc={}, trash_sync=0, database=profile.db} ]
03-13 17:27:34.789 28740 28761 V CpEventLog(u0): [P] cp_state: [               sa_profile = {contacts=0, raw_contacts=0, data=0, account={secphone(1)=0, google(2)=0, sim(3)=0, sim2(4)=0, agg(5)=0, samsung(7)=0, mobileservice(8)=0, com.opera.browser.ping(11)=0, com.nike.authcomponent.v1(14)=0, com.adidas.mobile.sso.adidas.app(15)=0, com.tiktok.lite.go(16)=0, www.instagram.com(17)=0, www.instagram.barcelona(18)=0, com.facebook.auth.login(19)=0, duo(21)=0, Newsbreak(22)=0, com.reddit.account(23)=0, com.reddit.account(24)=0}, trash=0, trash_acc={}, trash_sync=0, database=profile_sa.db} ]
03-13 17:27:34.789 28740 28761 V CpEventLog(u0): [P] cp_state: [                      etc = {binders=0, country_iso=US, version=15.6.28, db_version=2000, db_size=0, db_wal_size=0, csc=XAA/XAA, sec_enabled=false, is_roaming=false} ]
03-13 17:27:34.789 28740 28761 V CpEventLog(u0): [P] cp_state: ------------------------------------------------------------------------------
03-13 17:27:34.822  3003  3806 D WindowManager: captureDisplay
03-13 17:27:34.822  3003  3806 I SurfaceComposerClient: captureLayers:childrenOnly:1, sync:0
03-13 17:27:34.828  2105  2836 I SurfaceFlinger: Capture layer list: 	 com.tacobell.ordering/com.tacobell.navigation.view.NavigationActivity$_23495#77352(seamlessTransition:0)
03-13 17:27:34.828  2105  2836 I SurfaceFlinger: Capture layer list: 	 StatusBar$_4205#132(seamlessTransition:0)
03-13 17:27:34.828  2105  2836 I SurfaceFlinger: Capture layer list: 	 com.sec.android.app.launcher/com.samsung.app.honeyspace.edge.edgepanel.app.CocktailBarService$_4832#77279(seamlessTransition:0)
03-13 17:27:34.828  2105  2836 I SurfaceFlinger: Capture layer list: 	 NavigationBar0$_4205#130(seamlessTransition:0)
03-13 17:27:34.829  2105  2342 D RenderEngine: [SEC_SF_EFFECTS] drawLayersInternal,1483, Rendering layer ScreenCaptureFillLayer at index 0
03-13 17:27:34.829  2105  2342 D RenderEngine: [SEC_SF_EFFECTS] drawLayersInternal,1483, Rendering layer com.tacobell.ordering/com.tacobell.navigation.view.NavigationActivity$_23495#77352 at index 1
03-13 17:27:34.830  2105  2342 D RenderEngine: [SEC_SF_EFFECTS] drawLayersInternal,1483, Rendering layer StatusBar$_4205#132 at index 2
03-13 17:27:34.830  2105  2342 D RenderEngine: [SEC_SF_EFFECTS] drawLayersInternal,1483, Rendering layer com.sec.android.app.launcher/com.samsung.app.honeyspace.edge.edgepanel.app.CocktailBarService$_4832#77279 at index 3
03-13 17:27:34.830  2105  2342 D RenderEngine: [SEC_SF_EFFECTS] drawLayersInternal,1483, Rendering layer NavigationBar0$_4205#130 at index 4
03-13 17:27:34.867 23430 23630 W qdgralloc: getInterlacedFlag: getMetaData returned 3, defaulting to interlaced_flag = 0
03-13 17:27:34.870  3003  3631 I UMR     : E|Compact d_rss=-9412KB
03-13 17:27:34.922  3003  3806 D WindowManager: captureDisplay
03-13 17:27:34.922  3003  3806 I SurfaceComposerClient: captureLayers:childrenOnly:1, sync:0
03-13 17:27:34.927  2105  2836 I SurfaceFlinger: Capture layer list: 	 com.tacobell.ordering/com.tacobell.navigation.view.NavigationActivity$_23495#77352(seamlessTransition:0)
03-13 17:27:34.927  2105  2836 I SurfaceFlinger: Capture layer list: 	 StatusBar$_4205#132(seamlessTransition:0)
03-13 17:27:34.927  2105  2836 I SurfaceFlinger: Capture layer list: 	 com.sec.android.app.launcher/com.samsung.app.honeyspace.edge.edgepanel.app.CocktailBarService$_4832#77279(seamlessTransition:0)
03-13 17:27:34.927  2105  2836 I SurfaceFlinger: Capture layer list: 	 NavigationBar0$_4205#130(seamlessTransition:0)
03-13 17:27:34.929  2105  2342 D RenderEngine: [SEC_SF_EFFECTS] drawLayersInternal,1483, Rendering layer ScreenCaptureFillLayer at index 0
03-13 17:27:34.929  2105  2342 D RenderEngine: [SEC_SF_EFFECTS] drawLayersInternal,1483, Rendering layer com.tacobell.ordering/com.tacobell.navigation.view.NavigationActivity$_23495#77352 at index 1
03-13 17:27:34.930  2105  2342 D RenderEngine: [SEC_SF_EFFECTS] drawLayersInternal,1483, Rendering layer StatusBar$_4205#132 at index 2
03-13 17:27:34.930  2105  2342 D RenderEngine: [SEC_SF_EFFECTS] drawLayersInternal,1483, Rendering layer com.sec.android.app.launcher/com.samsung.app.honeyspace.edge.edgepanel.app.CocktailBarService$_4832#77279 at index 3
03-13 17:27:34.930  2105  2342 D RenderEngine: [SEC_SF_EFFECTS] drawLayersInternal,1483, Rendering layer NavigationBar0$_4205#130 at index 4
03-13 17:27:34.938 23430 23630 W qdgralloc: getInterlacedFlag: getMetaData returned 3, defaulting to interlaced_flag = 0
03-13 17:27:34.957  3003  3806 I ActivityManager: Changes in 10405 6 to 10, 128 to 0
03-13 17:27:34.964  3003  6500 I ActivityManager: Changes in 10405 10 to 6, 0 to 128
03-13 17:27:34.966  3003  4002 D BackgroundInstallControlService: Package event received: 0
03-13 17:27:34.967  3003  4002 D BackgroundInstallControlService: Package event received: 0
03-13 17:27:34.967  3003  4002 D BackgroundInstallControlService: Package event received: 0
03-13 17:27:34.967  3003  4002 D BackgroundInstallControlService: Package event received: 0
03-13 17:27:35.001  2447  2447 I CNSS    : /sys/wifi/max_chipset_log_size doesn't exist
03-13 17:27:35.023  3003  6500 D WindowManager: captureDisplay
03-13 17:27:35.024  3003  6500 I SurfaceComposerClient: captureLayers:childrenOnly:1, sync:0
03-13 17:27:35.032  2105  2836 I SurfaceFlinger: Capture layer list: 	 com.tacobell.ordering/com.tacobell.navigation.view.NavigationActivity$_23495#77352(seamlessTransition:0)
03-13 17:27:35.032  2105  2836 I SurfaceFlinger: Capture layer list: 	 StatusBar$_4205#132(seamlessTransition:0)
03-13 17:27:35.032  2105  2836 I SurfaceFlinger: Capture layer list: 	 com.sec.android.app.launcher/com.samsung.app.honeyspace.edge.edgepanel.app.CocktailBarService$_4832#77279(seamlessTransition:0)
03-13 17:27:35.032  2105  2836 I SurfaceFlinger: Capture layer list: 	 NavigationBar0$_4205#130(seamlessTransition:0)
03-13 17:27:35.034  2105  2342 D RenderEngine: [SEC_SF_EFFECTS] drawLayersInternal,1483, Rendering layer ScreenCaptureFillLayer at index 0
03-13 17:27:35.034  2105  2342 D RenderEngine: [SEC_SF_EFFECTS] drawLayersInternal,1483, Rendering layer com.tacobell.ordering/com.tacobell.navigation.view.NavigationActivity$_23495#77352 at index 1
03-13 17:27:35.034  2105  2342 D RenderEngine: [SEC_SF_EFFECTS] drawLayersInternal,1483, Rendering layer StatusBar$_4205#132 at index 2
03-13 17:27:35.035  2105  2342 D RenderEngine: [SEC_SF_EFFECTS] drawLayersInternal,1483, Rendering layer com.sec.android.app.launcher/com.samsung.app.honeyspace.edge.edgepanel.app.CocktailBarService$_4832#77279 at index 3
03-13 17:27:35.035  2105  2342 D RenderEngine: [SEC_SF_EFFECTS] drawLayersInternal,1483, Rendering layer NavigationBar0$_4205#130 at index 4
03-13 17:27:35.052 23430 23630 W qdgralloc: getInterlacedFlag: getMetaData returned 3, defaulting to interlaced_flag = 0
03-13 17:27:35.125  3003  6500 D WindowManager: captureDisplay
03-13 17:27:35.126  3003  6500 I SurfaceComposerClient: captureLayers:childrenOnly:1, sync:0
03-13 17:27:35.135  2105  2836 I SurfaceFlinger: Capture layer list: 	 com.tacobell.ordering/com.tacobell.navigation.view.NavigationActivity$_23495#77352(seamlessTransition:0)
03-13 17:27:35.135  2105  2836 I SurfaceFlinger: Capture layer list: 	 StatusBar$_4205#132(seamlessTransition:0)
03-13 17:27:35.135  2105  2836 I SurfaceFlinger: Capture layer list: 	 com.sec.android.app.launcher/com.samsung.app.honeyspace.edge.edgepanel.app.CocktailBarService$_4832#77279(seamlessTransition:0)
03-13 17:27:35.135  2105  2836 I SurfaceFlinger: Capture layer list: 	 NavigationBar0$_4205#130(seamlessTransition:0)
03-13 17:27:35.138  2105  2342 D RenderEngine: [SEC_SF_EFFECTS] drawLayersInternal,1483, Rendering layer ScreenCaptureFillLayer at index 0
03-13 17:27:35.138  2105  2342 D RenderEngine: [SEC_SF_EFFECTS] drawLayersInternal,1483, Rendering layer com.tacobell.ordering/com.tacobell.navigation.view.NavigationActivity$_23495#77352 at index 1
03-13 17:27:35.138  2105  2342 D RenderEngine: [SEC_SF_EFFECTS] drawLayersInternal,1483, Rendering layer StatusBar$_4205#132 at index 2
03-13 17:27:35.139  2105  2342 D RenderEngine: [SEC_SF_EFFECTS] drawLayersInternal,1483, Rendering layer com.sec.android.app.launcher/com.samsung.app.honeyspace.edge.edgepanel.app.CocktailBarService$_4832#77279 at index 3
03-13 17:27:35.139  2105  2342 D RenderEngine: [SEC_SF_EFFECTS] drawLayersInternal,1483, Rendering layer NavigationBar0$_4205#130 at index 4
03-13 17:27:35.176 23430 23630 W qdgralloc: getInterlacedFlag: getMetaData returned 3, defaulting to interlaced_flag = 0
03-13 17:27:35.199  2097  2125 E HeatmapThread: ECT Thread time in milliseconds: 1773437255
03-13 17:27:35.204  2097  2125 D HeatmapThread: !@ batteryplugType : 2
03-13 17:27:35.204  2097  2125 D HeatmapThread: !@ batteryLevel : 100  batteryTemperature : 324 
03-13 17:27:35.204  2097  2125 D HeatmapThread: !@ Heatmap currtime: 29557287
03-13 17:27:35.204  2097  2125 D HeatmapThread: !@ Heatmap prevtime: 29557282
03-13 17:27:35.204  2097  2125 D HeatmapThread: !@ Heatmap plugstarttime: 29556997
03-13 17:27:35.204  2097  2125 D HeatmapThread: !@ Heatmap prevv_dsoh_update_time: 29557265
03-13 17:27:35.205  2097  2125 E HeatmapThread: !@ CAM New BSOH: 100
03-13 17:27:35.205  2097  2125 E HeatmapThread: !@ CAM is Working
03-13 17:27:35.224  3003  6500 D WindowManager: captureDisplay
03-13 17:27:35.225  3003  6500 I SurfaceComposerClient: captureLayers:childrenOnly:1, sync:0
03-13 17:27:35.234  2105  2836 I SurfaceFlinger: Capture layer list: 	 com.tacobell.ordering/com.tacobell.navigation.view.NavigationActivity$_23495#77352(seamlessTransition:0)
03-13 17:27:35.235  2105  2836 I SurfaceFlinger: Capture layer list: 	 StatusBar$_4205#132(seamlessTransition:0)
03-13 17:27:35.235  2105  2836 I SurfaceFlinger: Capture layer list: 	 com.sec.android.app.launcher/com.samsung.app.honeyspace.edge.edgepanel.app.CocktailBarService$_4832#77279(seamlessTransition:0)
03-13 17:27:35.235  2105  2836 I SurfaceFlinger: Capture layer list: 	 NavigationBar0$_4205#130(seamlessTransition:0)
03-13 17:27:35.237  2105  2342 D RenderEngine: [SEC_SF_EFFECTS] drawLayersInternal,1483, Rendering layer ScreenCaptureFillLayer at index 0
03-13 17:27:35.237  2105  2342 D RenderEngine: [SEC_SF_EFFECTS] drawLayersInternal,1483, Rendering layer com.tacobell.ordering/com.tacobell.navigation.view.NavigationActivity$_23495#77352 at index 1
03-13 17:27:35.238  2105  2342 D RenderEngine: [SEC_SF_EFFECTS] drawLayersInternal,1483, Rendering layer StatusBar$_4205#132 at index 2
03-13 17:27:35.238  2105  2342 D RenderEngine: [SEC_SF_EFFECTS] drawLayersInternal,1483, Rendering layer com.sec.android.app.launcher/com.samsung.app.honeyspace.edge.edgepanel.app.CocktailBarService$_4832#77279 at index 3
03-13 17:27:35.238  2105  2342 D RenderEngine: [SEC_SF_EFFECTS] drawLayersInternal,1483, Rendering layer NavigationBar0$_4205#130 at index 4
03-13 17:27:35.246 23430 23630 W qdgralloc: getInterlacedFlag: getMetaData returned 3, defaulting to interlaced_flag = 0
03-13 17:27:35.326  3003  6500 D WindowManager: captureDisplay
03-13 17:27:35.327  3003  6500 I SurfaceComposerClient: captureLayers:childrenOnly:1, sync:0
03-13 17:27:35.333  2105  2836 I SurfaceFlinger: Capture layer list: 	 com.tacobell.ordering/com.tacobell.navigation.view.NavigationActivity$_23495#77352(seamlessTransition:0)
03-13 17:27:35.333  2105  2836 I SurfaceFlinger: Capture layer list: 	 StatusBar$_4205#132(seamlessTransition:0)
03-13 17:27:35.333  2105  2836 I SurfaceFlinger: Capture layer list: 	 com.sec.android.app.launcher/com.samsung.app.honeyspace.edge.edgepanel.app.CocktailBarService$_4832#77279(seamlessTransition:0)
03-13 17:27:35.333  2105  2836 I SurfaceFlinger: Capture layer list: 	 NavigationBar0$_4205#130(seamlessTransition:0)
03-13 17:27:35.335  2105  2342 D RenderEngine: [SEC_SF_EFFECTS] drawLayersInternal,1483, Rendering layer ScreenCaptureFillLayer at index 0
03-13 17:27:35.336  2105  2342 D RenderEngine: [SEC_SF_EFFECTS] drawLayersInternal,1483, Rendering layer com.tacobell.ordering/com.tacobell.navigation.view.NavigationActivity$_23495#77352 at index 1
03-13 17:27:35.336  2105  2342 D RenderEngine: [SEC_SF_EFFECTS] drawLayersInternal,1483, Rendering layer StatusBar$_4205#132 at index 2
03-13 17:27:35.336  2105  2342 D RenderEngine: [SEC_SF_EFFECTS] drawLayersInternal,1483, Rendering layer com.sec.android.app.launcher/com.samsung.app.honeyspace.edge.edgepanel.app.CocktailBarService$_4832#77279 at index 3
03-13 17:27:35.337  2105  2342 D RenderEngine: [SEC_SF_EFFECTS] drawLayersInternal,1483, Rendering layer NavigationBar0$_4205#130 at index 4
03-13 17:27:35.352 23430 23630 W qdgralloc: getInterlacedFlag: getMetaData returned 3, defaulting to interlaced_flag = 0
03-13 17:27:35.425  3003  6500 D WindowManager: captureDisplay
03-13 17:27:35.426  3003  6500 I SurfaceComposerClient: captureLayers:childrenOnly:1, sync:0
03-13 17:27:35.436  2105  2836 I SurfaceFlinger: Capture layer list: 	 com.tacobell.ordering/com.tacobell.navigation.view.NavigationActivity$_23495#77352(seamlessTransition:0)
03-13 17:27:35.436  2105  2836 I SurfaceFlinger: Capture layer list: 	 StatusBar$_4205#132(seamlessTransition:0)
03-13 17:27:35.436  2105  2836 I SurfaceFlinger: Capture layer list: 	 com.sec.android.app.launcher/com.samsung.app.honeyspace.edge.edgepanel.app.CocktailBarService$_4832#77279(seamlessTransition:0)
03-13 17:27:35.436  2105  2836 I SurfaceFlinger: Capture layer list: 	 NavigationBar0$_4205#130(seamlessTransition:0)
03-13 17:27:35.438  2105  2342 D RenderEngine: [SEC_SF_EFFECTS] drawLayersInternal,1483, Rendering layer ScreenCaptureFillLayer at index 0
03-13 17:27:35.438  2105  2342 D RenderEngine: [SEC_SF_EFFECTS] drawLayersInternal,1483, Rendering layer com.tacobell.ordering/com.tacobell.navigation.view.NavigationActivity$_23495#77352 at index 1
03-13 17:27:35.439  2105  2342 D RenderEngine: [SEC_SF_EFFECTS] drawLayersInternal,1483, Rendering layer StatusBar$_4205#132 at index 2
03-13 17:27:35.439  2105  2342 D RenderEngine: [SEC_SF_EFFECTS] drawLayersInternal,1483, Rendering layer com.sec.android.app.launcher/com.samsung.app.honeyspace.edge.edgepanel.app.CocktailBarService$_4832#77279 at index 3
03-13 17:27:35.440  2105  2342 D RenderEngine: [SEC_SF_EFFECTS] drawLayersInternal,1483, Rendering layer NavigationBar0$_4205#130 at index 4
03-13 17:27:35.477 23430 23630 W qdgralloc: getInterlacedFlag: getMetaData returned 3, defaulting to interlaced_flag = 0
03-13 17:27:35.524  3003  6500 D WindowManager: captureDisplay
03-13 17:27:35.525  3003  6500 I SurfaceComposerClient: captureLayers:childrenOnly:1, sync:0
03-13 17:27:35.534  2105  2836 I SurfaceFlinger: Capture layer list: 	 com.tacobell.ordering/com.tacobell.navigation.view.NavigationActivity$_23495#77352(seamlessTransition:0)
03-13 17:27:35.534  2105  2836 I SurfaceFlinger: Capture layer list: 	 StatusBar$_4205#132(seamlessTransition:0)
03-13 17:27:35.534  2105  2836 I SurfaceFlinger: Capture layer list: 	 com.sec.android.app.launcher/com.samsung.app.honeyspace.edge.edgepanel.app.CocktailBarService$_4832#77279(seamlessTransition:0)
03-13 17:27:35.534  2105  2836 I SurfaceFlinger: Capture layer list: 	 NavigationBar0$_4205#130(seamlessTransition:0)
03-13 17:27:35.536  2105  2342 D RenderEngine: [SEC_SF_EFFECTS] drawLayersInternal,1483, Rendering layer ScreenCaptureFillLayer at index 0
03-13 17:27:35.537  2105  2342 D RenderEngine: [SEC_SF_EFFECTS] drawLayersInternal,1483, Rendering layer com.tacobell.ordering/com.tacobell.navigation.view.NavigationActivity$_23495#77352 at index 1
03-13 17:27:35.537  2105  2342 D RenderEngine: [SEC_SF_EFFECTS] drawLayersInternal,1483, Rendering layer StatusBar$_4205#132 at index 2
03-13 17:27:35.537  2105  2342 D RenderEngine: [SEC_SF_EFFECTS] drawLayersInternal,1483, Rendering layer com.sec.android.app.launcher/com.samsung.app.honeyspace.edge.edgepanel.app.CocktailBarService$_4832#77279 at index 3
03-13 17:27:35.537  2105  2342 D RenderEngine: [SEC_SF_EFFECTS] drawLayersInternal,1483, Rendering layer NavigationBar0$_4205#130 at index 4
03-13 17:27:35.544 23430 23630 W qdgralloc: getInterlacedFlag: getMetaData returned 3, defaulting to interlaced_flag = 0
03-13 17:27:35.627  3003  6500 D WindowManager: captureDisplay
03-13 17:27:35.627  3003  6500 I SurfaceComposerClient: captureLayers:childrenOnly:1, sync:0
03-13 17:27:35.637  2105  2836 I SurfaceFlinger: Capture layer list: 	 com.tacobell.ordering/com.tacobell.navigation.view.NavigationActivity$_23495#77352(seamlessTransition:0)
03-13 17:27:35.637  2105  2836 I SurfaceFlinger: Capture layer list: 	 StatusBar$_4205#132(seamlessTransition:0)
03-13 17:27:35.637  2105  2836 I SurfaceFlinger: Capture layer list: 	 com.sec.android.app.launcher/com.samsung.app.honeyspace.edge.edgepanel.app.CocktailBarService$_4832#77279(seamlessTransition:0)
03-13 17:27:35.637  2105  2836 I SurfaceFlinger: Capture layer list: 	 NavigationBar0$_4205#130(seamlessTransition:0)
03-13 17:27:35.639  2105  2342 D RenderEngine: [SEC_SF_EFFECTS] drawLayersInternal,1483, Rendering layer ScreenCaptureFillLayer at index 0
03-13 17:27:35.639  2105  2342 D RenderEngine: [SEC_SF_EFFECTS] drawLayersInternal,1483, Rendering layer com.tacobell.ordering/com.tacobell.navigation.view.NavigationActivity$_23495#77352 at index 1
03-13 17:27:35.640  2105  2342 D RenderEngine: [SEC_SF_EFFECTS] drawLayersInternal,1483, Rendering layer StatusBar$_4205#132 at index 2
03-13 17:27:35.640  2105  2342 D RenderEngine: [SEC_SF_EFFECTS] drawLayersInternal,1483, Rendering layer com.sec.android.app.launcher/com.samsung.app.honeyspace.edge.edgepanel.app.CocktailBarService$_4832#77279 at index 3
03-13 17:27:35.640  2105  2342 D RenderEngine: [SEC_SF_EFFECTS] drawLayersInternal,1483, Rendering layer NavigationBar0$_4205#130 at index 4
03-13 17:27:35.647 23430 23630 W qdgralloc: getInterlacedFlag: getMetaData returned 3, defaulting to interlaced_flag = 0
03-13 17:27:35.727  3003  6500 D WindowManager: captureDisplay
03-13 17:27:35.728  3003  6500 I SurfaceComposerClient: captureLayers:childrenOnly:1, sync:0
03-13 17:27:35.734  2105  2836 I SurfaceFlinger: Capture layer list: 	 com.tacobell.ordering/com.tacobell.navigation.view.NavigationActivity$_23495#77352(seamlessTransition:0)
03-13 17:27:35.734  2105  2836 I SurfaceFlinger: Capture layer list: 	 StatusBar$_4205#132(seamlessTransition:0)
03-13 17:27:35.734  2105  2836 I SurfaceFlinger: Capture layer list: 	 com.sec.android.app.launcher/com.samsung.app.honeyspace.edge.edgepanel.app.CocktailBarService$_4832#77279(seamlessTransition:0)
03-13 17:27:35.734  2105  2836 I SurfaceFlinger: Capture layer list: 	 NavigationBar0$_4205#130(seamlessTransition:0)
03-13 17:27:35.737  2105  2342 D RenderEngine: [SEC_SF_EFFECTS] drawLayersInternal,1483, Rendering layer ScreenCaptureFillLayer at index 0
03-13 17:27:35.737  2105  2342 D RenderEngine: [SEC_SF_EFFECTS] drawLayersInternal,1483, Rendering layer com.tacobell.ordering/com.tacobell.navigation.view.NavigationActivity$_23495#77352 at index 1
03-13 17:27:35.737  2105  2342 D RenderEngine: [SEC_SF_EFFECTS] drawLayersInternal,1483, Rendering layer StatusBar$_4205#132 at index 2
03-13 17:27:35.738  2105  2342 D RenderEngine: [SEC_SF_EFFECTS] drawLayersInternal,1483, Rendering layer com.sec.android.app.launcher/com.samsung.app.honeyspace.edge.edgepanel.app.CocktailBarService$_4832#77279 at index 3
03-13 17:27:35.738  2105  2342 D RenderEngine: [SEC_SF_EFFECTS] drawLayersInternal,1483, Rendering layer NavigationBar0$_4205#130 at index 4
03-13 17:27:35.754 23430 23630 W qdgralloc: getInterlacedFlag: getMetaData returned 3, defaulting to interlaced_flag = 0
03-13 17:27:35.828  3003  6500 D WindowManager: captureDisplay
03-13 17:27:35.829  3003  6500 I SurfaceComposerClient: captureLayers:childrenOnly:1, sync:0
03-13 17:27:35.836  2105  2836 I SurfaceFlinger: Capture layer list: 	 com.tacobell.ordering/com.tacobell.navigation.view.NavigationActivity$_23495#77352(seamlessTransition:0)
03-13 17:27:35.836  2105  2836 I SurfaceFlinger: Capture layer list: 	 StatusBar$_4205#132(seamlessTransition:0)
03-13 17:27:35.836  2105  2836 I SurfaceFlinger: Capture layer list: 	 com.sec.android.app.launcher/com.samsung.app.honeyspace.edge.edgepanel.app.CocktailBarService$_4832#77279(seamlessTransition:0)
03-13 17:27:35.836  2105  2836 I SurfaceFlinger: Capture layer list: 	 NavigationBar0$_4205#130(seamlessTransition:0)
03-13 17:27:35.838  2105  2342 D RenderEngine: [SEC_SF_EFFECTS] drawLayersInternal,1483, Rendering layer ScreenCaptureFillLayer at index 0
03-13 17:27:35.838  2105  2342 D RenderEngine: [SEC_SF_EFFECTS] drawLayersInternal,1483, Rendering layer com.tacobell.ordering/com.tacobell.navigation.view.NavigationActivity$_23495#77352 at index 1
03-13 17:27:35.839  2105  2342 D RenderEngine: [SEC_SF_EFFECTS] drawLayersInternal,1483, Rendering layer StatusBar$_4205#132 at index 2
03-13 17:27:35.839  2105  2342 D RenderEngine: [SEC_SF_EFFECTS] drawLayersInternal,1483, Rendering layer com.sec.android.app.launcher/com.samsung.app.honeyspace.edge.edgepanel.app.CocktailBarService$_4832#77279 at index 3
03-13 17:27:35.839  2105  2342 D RenderEngine: [SEC_SF_EFFECTS] drawLayersInternal,1483, Rendering layer NavigationBar0$_4205#130 at index 4
03-13 17:27:35.874 23430 23630 W qdgralloc: getInterlacedFlag: getMetaData returned 3, defaulting to interlaced_flag = 0
03-13 17:27:35.879  3003  7743 D SemWifiUsabilityStatsMonitor: onWifiUsabilityStats - seqNum 22383, isSameBssidAndFreq true
03-13 17:27:35.880  3003  4029 I SemWifiLinkQualityMonitor: Link stat: 236 / 1 / 1.00 (19) / 286 / -61.0 || 100.0 : 286.00 / 0.5 : 1.00 / 0.55 : 0.00 / G (G) || 1cf112895765: 0.100 / 79.778 / N || N N / 0 0 / Y 2.0 / Y X 0 / 83844875 0 || Invalid
03-13 17:27:35.881  3003  4030 D InsDataManager: onOutageCountUpdate() - Outage Data: 0, LQ : Y. Outage Triggered: false
03-13 17:27:35.881  3003  4030 D InsDataManager: Trying to save initial normal data.
03-13 17:27:35.882  3003  4030 D SensorCollector: syncMappedBuffers: 0, 0, 99
03-13 17:27:35.882  3003  4030 D InsDataManager: trimBuffers start.
03-13 17:27:35.882  3003  4030 D InsDataManager: trimBuffers - nsmBuffer size: 26
03-13 17:27:35.882  3003  4030 D InsDataManager: Too short for collecting additional normal data
03-13 17:27:35.883  4205  4362 D Tile.WifiTile: handleUpdateState isTransient=false transientEnabling =false cb.isTransient=false state.state = 2 mStateBeforeClick.value =false enabled =true
03-13 17:27:35.883  3003  4030 D SemInsManager: {"bssid": "1cf112895765","rssi": -61.0,"latency": 0.10027841095075138,"outage_count": 0,"lq_callback_triggered": true,"outage_log": "Link stat: 236 / 1 / 1.00 (19) / 286 / -61.0 || 100.0 : 286.00 / 0.5 : 1.00 / 0.55 : 0.00 / G (G) || 1cf112895765: 0.100 / 79.778 / N || N N / 0 0 / Y 2.0 / Y X 0 / 83844875 0 || Invalid""Magnetic Sensor Events size": "0""Pressure Sensor Events size": "0"}
03-13 17:27:35.885  3003  4047 D SGM:GameManager: identifyGamePackage. com.tacobell.ordering, mCurrentUserId: 0, callingMethodInfo: com.samsung.android.game.SemGameManager.isGamePackage(SemGameManager.java:106)
03-13 17:27:35.885  3003  4047 D SGM:SemGameManager: isGamePackage(), pkgName=com.tacobell.ordering, ret=false
03-13 17:27:35.928  3003  6500 D WindowManager: captureDisplay
03-13 17:27:35.929  3003  6500 I SurfaceComposerClient: captureLayers:childrenOnly:1, sync:0
03-13 17:27:35.936  2105  2836 I SurfaceFlinger: Capture layer list: 	 com.tacobell.ordering/com.tacobell.navigation.view.NavigationActivity$_23495#77352(seamlessTransition:0)
03-13 17:27:35.936  2105  2836 I SurfaceFlinger: Capture layer list: 	 StatusBar$_4205#132(seamlessTransition:0)
03-13 17:27:35.936  2105  2836 I SurfaceFlinger: Capture layer list: 	 com.sec.android.app.launcher/com.samsung.app.honeyspace.edge.edgepanel.app.CocktailBarService$_4832#77279(seamlessTransition:0)
03-13 17:27:35.936  2105  2836 I SurfaceFlinger: Capture layer list: 	 NavigationBar0$_4205#130(seamlessTransition:0)
03-13 17:27:35.938  2105  2342 D RenderEngine: [SEC_SF_EFFECTS] drawLayersInternal,1483, Rendering layer ScreenCaptureFillLayer at index 0
03-13 17:27:35.938  2105  2342 D RenderEngine: [SEC_SF_EFFECTS] drawLayersInternal,1483, Rendering layer com.tacobell.ordering/com.tacobell.navigation.view.NavigationActivity$_23495#77352 at index 1
03-13 17:27:35.938  2105  2342 D RenderEngine: [SEC_SF_EFFECTS] drawLayersInternal,1483, Rendering layer StatusBar$_4205#132 at index 2
03-13 17:27:35.939  2105  2342 D RenderEngine: [SEC_SF_EFFECTS] drawLayersInternal,1483, Rendering layer com.sec.android.app.launcher/com.samsung.app.honeyspace.edge.edgepanel.app.CocktailBarService$_4832#77279 at index 3
03-13 17:27:35.939  2105  2342 D RenderEngine: [SEC_SF_EFFECTS] drawLayersInternal,1483, Rendering layer NavigationBar0$_4205#130 at index 4
03-13 17:27:35.947 23430 23630 W qdgralloc: getInterlacedFlag: getMetaData returned 3, defaulting to interlaced_flag = 0
03-13 17:27:36.030  3003  6500 D WindowManager: captureDisplay
03-13 17:27:36.031  3003  6500 I SurfaceComposerClient: captureLayers:childrenOnly:1, sync:0
03-13 17:27:36.037  2105  2836 I SurfaceFlinger: Capture layer list: 	 com.tacobell.ordering/com.tacobell.navigation.view.NavigationActivity$_23495#77352(seamlessTransition:0)
03-13 17:27:36.037  2105  2836 I SurfaceFlinger: Capture layer list: 	 StatusBar$_4205#132(seamlessTransition:0)
03-13 17:27:36.037  2105  2836 I SurfaceFlinger: Capture layer list: 	 com.sec.android.app.launcher/com.samsung.app.honeyspace.edge.edgepanel.app.CocktailBarService$_4832#77279(seamlessTransition:0)
03-13 17:27:36.037  2105  2836 I SurfaceFlinger: Capture layer list: 	 NavigationBar0$_4205#130(seamlessTransition:0)
03-13 17:27:36.039  2105  2342 D RenderEngine: [SEC_SF_EFFECTS] drawLayersInternal,1483, Rendering layer ScreenCaptureFillLayer at index 0
03-13 17:27:36.040  2105  2342 D RenderEngine: [SEC_SF_EFFECTS] drawLayersInternal,1483, Rendering layer com.tacobell.ordering/com.tacobell.navigation.view.NavigationActivity$_23495#77352 at index 1
03-13 17:27:36.040  2105  2342 D RenderEngine: [SEC_SF_EFFECTS] drawLayersInternal,1483, Rendering layer StatusBar$_4205#132 at index 2
03-13 17:27:36.040  2105  2342 D RenderEngine: [SEC_SF_EFFECTS] drawLayersInternal,1483, Rendering layer com.sec.android.app.launcher/com.samsung.app.honeyspace.edge.edgepanel.app.CocktailBarService$_4832#77279 at index 3
03-13 17:27:36.041  2105  2342 D RenderEngine: [SEC_SF_EFFECTS] drawLayersInternal,1483, Rendering layer NavigationBar0$_4205#130 at index 4
03-13 17:27:36.057 23430 23630 W qdgralloc: getInterlacedFlag: getMetaData returned 3, defaulting to interlaced_flag = 0
03-13 17:27:36.094  3003  4027 I SemWifiServiceDetector: Service det. resumed: T / T / 14493
03-13 17:27:36.130  3003  3806 D WindowManager: captureDisplay
03-13 17:27:36.131  3003  3806 I SurfaceComposerClient: captureLayers:childrenOnly:1, sync:0
03-13 17:27:36.136  2105  2836 I SurfaceFlinger: Capture layer list: 	 com.tacobell.ordering/com.tacobell.navigation.view.NavigationActivity$_23495#77352(seamlessTransition:0)
03-13 17:27:36.136  2105  2836 I SurfaceFlinger: Capture layer list: 	 StatusBar$_4205#132(seamlessTransition:0)
03-13 17:27:36.136  2105  2836 I SurfaceFlinger: Capture layer list: 	 com.sec.android.app.launcher/com.samsung.app.honeyspace.edge.edgepanel.app.CocktailBarService$_4832#77279(seamlessTransition:0)
03-13 17:27:36.136  2105  2836 I SurfaceFlinger: Capture layer list: 	 NavigationBar0$_4205#130(seamlessTransition:0)
03-13 17:27:36.138  2105  2342 D RenderEngine: [SEC_SF_EFFECTS] drawLayersInternal,1483, Rendering layer ScreenCaptureFillLayer at index 0
03-13 17:27:36.138  2105  2342 D RenderEngine: [SEC_SF_EFFECTS] drawLayersInternal,1483, Rendering layer com.tacobell.ordering/com.tacobell.navigation.view.NavigationActivity$_23495#77352 at index 1
03-13 17:27:36.138  2105  2342 D RenderEngine: [SEC_SF_EFFECTS] drawLayersInternal,1483, Rendering layer StatusBar$_4205#132 at index 2
03-13 17:27:36.139  2105  2342 D RenderEngine: [SEC_SF_EFFECTS] drawLayersInternal,1483, Rendering layer com.sec.android.app.launcher/com.samsung.app.honeyspace.edge.edgepanel.app.CocktailBarService$_4832#77279 at index 3
03-13 17:27:36.139  2105  2342 D RenderEngine: [SEC_SF_EFFECTS] drawLayersInternal,1483, Rendering layer NavigationBar0$_4205#130 at index 4
03-13 17:27:36.178 23430 23630 W qdgralloc: getInterlacedFlag: getMetaData returned 3, defaulting to interlaced_flag = 0
03-13 17:27:36.198  2097  2125 E HeatmapThread: ECT Thread time in milliseconds: 1773437256
03-13 17:27:36.202  2097  2125 D HeatmapThread: !@ batteryplugType : 2
03-13 17:27:36.202  2097  2125 D HeatmapThread: !@ batteryLevel : 100  batteryTemperature : 324 
03-13 17:27:36.202  2097  2125 D HeatmapThread: !@ Heatmap currtime: 29557287
03-13 17:27:36.202  2097  2125 D HeatmapThread: !@ Heatmap prevtime: 29557282
03-13 17:27:36.202  2097  2125 D HeatmapThread: !@ Heatmap plugstarttime: 29556997
03-13 17:27:36.202  2097  2125 D HeatmapThread: !@ Heatmap prevv_dsoh_update_time: 29557265
03-13 17:27:36.202  2097  2125 E HeatmapThread: !@ CAM New BSOH: 100
03-13 17:27:36.203  2097  2125 E HeatmapThread: !@ CAM is Working
03-13 17:27:36.230  3003  3806 D WindowManager: captureDisplay
03-13 17:27:36.231  3003  3806 I SurfaceComposerClient: captureLayers:childrenOnly:1, sync:0
03-13 17:27:36.239  2105  2836 I SurfaceFlinger: Capture layer list: 	 com.tacobell.ordering/com.tacobell.navigation.view.NavigationActivity$_23495#77352(seamlessTransition:0)
03-13 17:27:36.239  2105  2836 I SurfaceFlinger: Capture layer list: 	 StatusBar$_4205#132(seamlessTransition:0)
03-13 17:27:36.239  2105  2836 I SurfaceFlinger: Capture layer list: 	 com.sec.android.app.launcher/com.samsung.app.honeyspace.edge.edgepanel.app.CocktailBarService$_4832#77279(seamlessTransition:0)
03-13 17:27:36.239  2105  2836 I SurfaceFlinger: Capture layer list: 	 NavigationBar0$_4205#130(seamlessTransition:0)
03-13 17:27:36.241  2105  2342 D RenderEngine: [SEC_SF_EFFECTS] drawLayersInternal,1483, Rendering layer ScreenCaptureFillLayer at index 0
03-13 17:27:36.241  2105  2342 D RenderEngine: [SEC_SF_EFFECTS] drawLayersInternal,1483, Rendering layer com.tacobell.ordering/com.tacobell.navigation.view.NavigationActivity$_23495#77352 at index 1
03-13 17:27:36.241  2105  2342 D RenderEngine: [SEC_SF_EFFECTS] drawLayersInternal,1483, Rendering layer StatusBar$_4205#132 at index 2
03-13 17:27:36.242  2105  2342 D RenderEngine: [SEC_SF_EFFECTS] drawLayersInternal,1483, Rendering layer com.sec.android.app.launcher/com.samsung.app.honeyspace.edge.edgepanel.app.CocktailBarService$_4832#77279 at index 3
03-13 17:27:36.242  2105  2342 D RenderEngine: [SEC_SF_EFFECTS] drawLayersInternal,1483, Rendering layer NavigationBar0$_4205#130 at index 4
03-13 17:27:36.248 23430 23630 W qdgralloc: getInterlacedFlag: getMetaData returned 3, defaulting to interlaced_flag = 0
03-13 17:27:36.331  3003  3806 D WindowManager: captureDisplay
03-13 17:27:36.332  3003  3806 I SurfaceComposerClient: captureLayers:childrenOnly:1, sync:0
03-13 17:27:36.341  2105  2836 I SurfaceFlinger: Capture layer list: 	 com.tacobell.ordering/com.tacobell.navigation.view.NavigationActivity$_23495#77352(seamlessTransition:0)
03-13 17:27:36.341  2105  2836 I SurfaceFlinger: Capture layer list: 	 StatusBar$_4205#132(seamlessTransition:0)
03-13 17:27:36.341  2105  2836 I SurfaceFlinger: Capture layer list: 	 com.sec.android.app.launcher/com.samsung.app.honeyspace.edge.edgepanel.app.CocktailBarService$_4832#77279(seamlessTransition:0)
03-13 17:27:36.341  2105  2836 I SurfaceFlinger: Capture layer list: 	 NavigationBar0$_4205#130(seamlessTransition:0)
03-13 17:27:36.342  2105  2342 D RenderEngine: [SEC_SF_EFFECTS] drawLayersInternal,1483, Rendering layer ScreenCaptureFillLayer at index 0
03-13 17:27:36.342  2105  2342 D RenderEngine: [SEC_SF_EFFECTS] drawLayersInternal,1483, Rendering layer com.tacobell.ordering/com.tacobell.navigation.view.NavigationActivity$_23495#77352 at index 1
03-13 17:27:36.343  2105  2342 D RenderEngine: [SEC_SF_EFFECTS] drawLayersInternal,1483, Rendering layer StatusBar$_4205#132 at index 2
03-13 17:27:36.343  2105  2342 D RenderEngine: [SEC_SF_EFFECTS] drawLayersInternal,1483, Rendering layer com.sec.android.app.launcher/com.samsung.app.honeyspace.edge.edgepanel.app.CocktailBarService$_4832#77279 at index 3
03-13 17:27:36.343  2105  2342 D RenderEngine: [SEC_SF_EFFECTS] drawLayersInternal,1483, Rendering layer NavigationBar0$_4205#130 at index 4
03-13 17:27:36.359 23430 23630 W qdgralloc: getInterlacedFlag: getMetaData returned 3, defaulting to interlaced_flag = 0
03-13 17:27:36.431  3003  3806 D WindowManager: captureDisplay
03-13 17:27:36.432  3003  3806 I SurfaceComposerClient: captureLayers:childrenOnly:1, sync:0
03-13 17:27:36.442  2105  2836 I SurfaceFlinger: Capture layer list: 	 com.tacobell.ordering/com.tacobell.navigation.view.NavigationActivity$_23495#77352(seamlessTransition:0)
03-13 17:27:36.442  2105  2836 I SurfaceFlinger: Capture layer list: 	 StatusBar$_4205#132(seamlessTransition:0)
03-13 17:27:36.442  2105  2836 I SurfaceFlinger: Capture layer list: 	 com.sec.android.app.launcher/com.samsung.app.honeyspace.edge.edgepanel.app.CocktailBarService$_4832#77279(seamlessTransition:0)
03-13 17:27:36.442  2105  2836 I SurfaceFlinger: Capture layer list: 	 NavigationBar0$_4205#130(seamlessTransition:0)
03-13 17:27:36.444  2105  2342 D RenderEngine: [SEC_SF_EFFECTS] drawLayersInternal,1483, Rendering layer ScreenCaptureFillLayer at index 0
03-13 17:27:36.444  2105  2342 D RenderEngine: [SEC_SF_EFFECTS] drawLayersInternal,1483, Rendering layer com.tacobell.ordering/com.tacobell.navigation.view.NavigationActivity$_23495#77352 at index 1
03-13 17:27:36.445  2105  2342 D RenderEngine: [SEC_SF_EFFECTS] drawLayersInternal,1483, Rendering layer StatusBar$_4205#132 at index 2
03-13 17:27:36.445  2105  2342 D RenderEngine: [SEC_SF_EFFECTS] drawLayersInternal,1483, Rendering layer com.sec.android.app.launcher/com.samsung.app.honeyspace.edge.edgepanel.app.CocktailBarService$_4832#77279 at index 3
03-13 17:27:36.445  2105  2342 D RenderEngine: [SEC_SF_EFFECTS] drawLayersInternal,1483, Rendering layer NavigationBar0$_4205#130 at index 4
03-13 17:27:36.477  3003  3806 I ActivityManager: Changes in 10405 6 to 10, 128 to 0
03-13 17:27:36.485  3003  4002 D BackgroundInstallControlService: Package event received: 0
03-13 17:27:36.486  3003  3806 I ActivityManager: Changes in 10405 10 to 6, 0 to 128
03-13 17:27:36.488  3003  4002 D BackgroundInstallControlService: Package event received: 0
03-13 17:27:36.488  3003  4002 D BackgroundInstallControlService: Package event received: 0
03-13 17:27:36.488  3003  4002 D BackgroundInstallControlService: Package event received: 0
03-13 17:27:36.488 23430 23630 W qdgralloc: getInterlacedFlag: getMetaData returned 3, defaulting to interlaced_flag = 0
03-13 17:27:36.524  1171  1171 D io_stats: !@   8,0 r 4630953 140013772 w 5851759 117567740 d 475815 131352392 f 248974 556839 iot 2422284 0 th 0 0 0 pt 0 inp 0 0 83845.520
03-13 17:27:36.530  3003  3806 D WindowManager: captureDisplay
03-13 17:27:36.531  3003  3806 I SurfaceComposerClient: captureLayers:childrenOnly:1, sync:0
03-13 17:27:36.539  2105  2836 I SurfaceFlinger: Capture layer list: 	 com.tacobell.ordering/com.tacobell.navigation.view.NavigationActivity$_23495#77352(seamlessTransition:0)
03-13 17:27:36.539  2105  2836 I SurfaceFlinger: Capture layer list: 	 StatusBar$_4205#132(seamlessTransition:0)
03-13 17:27:36.539  2105  2836 I SurfaceFlinger: Capture layer list: 	 com.sec.android.app.launcher/com.samsung.app.honeyspace.edge.edgepanel.app.CocktailBarService$_4832#77279(seamlessTransition:0)
03-13 17:27:36.539  2105  2836 I SurfaceFlinger: Capture layer list: 	 NavigationBar0$_4205#130(seamlessTransition:0)
03-13 17:27:36.541  2105  2342 D RenderEngine: [SEC_SF_EFFECTS] drawLayersInternal,1483, Rendering layer ScreenCaptureFillLayer at index 0
03-13 17:27:36.541  2105  2342 D RenderEngine: [SEC_SF_EFFECTS] drawLayersInternal,1483, Rendering layer com.tacobell.ordering/com.tacobell.navigation.view.NavigationActivity$_23495#77352 at index 1
03-13 17:27:36.541  2105  2342 D RenderEngine: [SEC_SF_EFFECTS] drawLayersInternal,1483, Rendering layer StatusBar$_4205#132 at index 2
03-13 17:27:36.542  2105  2342 D RenderEngine: [SEC_SF_EFFECTS] drawLayersInternal,1483, Rendering layer com.sec.android.app.launcher/com.samsung.app.honeyspace.edge.edgepanel.app.CocktailBarService$_4832#77279 at index 3
03-13 17:27:36.542  2105  2342 D RenderEngine: [SEC_SF_EFFECTS] drawLayersInternal,1483, Rendering layer NavigationBar0$_4205#130 at index 4
03-13 17:27:36.548 23430 23630 W qdgralloc: getInterlacedFlag: getMetaData returned 3, defaulting to interlaced_flag = 0
03-13 17:27:36.632  3003  3806 D WindowManager: captureDisplay
03-13 17:27:36.633  3003  3806 I SurfaceComposerClient: captureLayers:childrenOnly:1, sync:0
03-13 17:27:36.639  2105  2836 I SurfaceFlinger: Capture layer list: 	 com.tacobell.ordering/com.tacobell.navigation.view.NavigationActivity$_23495#77352(seamlessTransition:0)
03-13 17:27:36.639  2105  2836 I SurfaceFlinger: Capture layer list: 	 StatusBar$_4205#132(seamlessTransition:0)
03-13 17:27:36.640  2105  2836 I SurfaceFlinger: Capture layer list: 	 com.sec.android.app.launcher/com.samsung.app.honeyspace.edge.edgepanel.app.CocktailBarService$_4832#77279(seamlessTransition:0)
03-13 17:27:36.640  2105  2836 I SurfaceFlinger: Capture layer list: 	 NavigationBar0$_4205#130(seamlessTransition:0)
03-13 17:27:36.642  2105  2342 D RenderEngine: [SEC_SF_EFFECTS] drawLayersInternal,1483, Rendering layer ScreenCaptureFillLayer at index 0
03-13 17:27:36.642  2105  2342 D RenderEngine: [SEC_SF_EFFECTS] drawLayersInternal,1483, Rendering layer com.tacobell.ordering/com.tacobell.navigation.view.NavigationActivity$_23495#77352 at index 1
03-13 17:27:36.642  2105  2342 D RenderEngine: [SEC_SF_EFFECTS] drawLayersInternal,1483, Rendering layer StatusBar$_4205#132 at index 2
03-13 17:27:36.643  2105  2342 D RenderEngine: [SEC_SF_EFFECTS] drawLayersInternal,1483, Rendering layer com.sec.android.app.launcher/com.samsung.app.honeyspace.edge.edgepanel.app.CocktailBarService$_4832#77279 at index 3
03-13 17:27:36.643  2105  2342 D RenderEngine: [SEC_SF_EFFECTS] drawLayersInternal,1483, Rendering layer NavigationBar0$_4205#130 at index 4
03-13 17:27:36.660 23430 23630 W qdgralloc: getInterlacedFlag: getMetaData returned 3, defaulting to interlaced_flag = 0
03-13 17:27:36.732  3003  3806 D WindowManager: captureDisplay
03-13 17:27:36.732  3003  3806 I SurfaceComposerClient: captureLayers:childrenOnly:1, sync:0
03-13 17:27:36.738  2105  2922 I SurfaceFlinger: Capture layer list: 	 com.tacobell.ordering/com.tacobell.navigation.view.NavigationActivity$_23495#77352(seamlessTransition:0)
03-13 17:27:36.738  2105  2922 I SurfaceFlinger: Capture layer list: 	 StatusBar$_4205#132(seamlessTransition:0)
03-13 17:27:36.738  2105  2922 I SurfaceFlinger: Capture layer list: 	 com.sec.android.app.launcher/com.samsung.app.honeyspace.edge.edgepanel.app.CocktailBarService$_4832#77279(seamlessTransition:0)
03-13 17:27:36.738  2105  2922 I SurfaceFlinger: Capture layer list: 	 NavigationBar0$_4205#130(seamlessTransition:0)
03-13 17:27:36.741  2105  2342 D RenderEngine: [SEC_SF_EFFECTS] drawLayersInternal,1483, Rendering layer ScreenCaptureFillLayer at index 0
03-13 17:27:36.741  2105  2342 D RenderEngine: [SEC_SF_EFFECTS] drawLayersInternal,1483, Rendering layer com.tacobell.ordering/com.tacobell.navigation.view.NavigationActivity$_23495#77352 at index 1
03-13 17:27:36.742  2105  2342 D RenderEngine: [SEC_SF_EFFECTS] drawLayersInternal,1483, Rendering layer StatusBar$_4205#132 at index 2
03-13 17:27:36.742  2105  2342 D RenderEngine: [SEC_SF_EFFECTS] drawLayersInternal,1483, Rendering layer com.sec.android.app.launcher/com.samsung.app.honeyspace.edge.edgepanel.app.CocktailBarService$_4832#77279 at index 3
