03-13 17:23:12.002  2105  2342 D RenderEngine: [SEC_SF_EFFECTS] drawLayersInternal,1483, Rendering layer StatusBar$_4205#132 at index 2
03-13 17:23:12.003  2105  2342 D RenderEngine: [SEC_SF_EFFECTS] drawLayersInternal,1483, Rendering layer com.sec.android.app.launcher/com.samsung.app.honeyspace.edge.edgepanel.app.CocktailBarService$_4832#76769 at index 3
03-13 17:23:12.003  2105  2342 D RenderEngine: [SEC_SF_EFFECTS] drawLayersInternal,1483, Rendering layer NavigationBar0$_4205#130 at index 4
03-13 17:23:12.010 14969 15195 W qdgralloc: getInterlacedFlag: getMetaData returned 3, defaulting to interlaced_flag = 0
03-13 17:23:12.048  1261  1261 W keymint_tee: [WRN]begin req PARAMS: A32, BM32, PD1, 
03-13 17:23:12.049  1261  1261 D keymint_swd: keymint_swd keymint [WRN] (km_add_tag:528) skip: non repetable tag already exists with different value: 268435458
03-13 17:23:12.050  1261  1261 D keymint_swd: keymint_swd keymint [WRN] (swd_run_cb:267) swd_begin() returns 0
03-13 17:23:12.050  1261  1261 D android.hardware.security.keymint-service: begin: ret 0
03-13 17:23:12.050  1259  1289 I keystore2: system/security/keystore2/src/security_level.rs:466 - In create_operation. Success to create IKeystoreOperation. 10396, None
03-13 17:23:12.051  1261  1261 D keymint_swd: keymint_swd keymint [WRN] (swd_run_cb:267) swd_update() returns 0
03-13 17:23:12.051  1261  1261 D android.hardware.security.keymint-service: update: ret 0
03-13 17:23:12.052  1261  1261 D keymint_swd: keymint_swd keymint [WRN] (swd_run_cb:267) swd_update() returns 0
03-13 17:23:12.052  1261  1261 D android.hardware.security.keymint-service: update: ret 0
03-13 17:23:12.052  1261  1261 D keymint_swd: keymint_swd keymint [WRN] (swd_run_cb:267) swd_update() returns 0
03-13 17:23:12.052  1261  1261 D android.hardware.security.keymint-service: update: ret 0
03-13 17:23:12.053  1261  1261 D keymint_swd: keymint_swd keymint [WRN] (swd_run_cb:267) swd_update() returns 0
03-13 17:23:12.053  1261  1261 D android.hardware.security.keymint-service: update: ret 0
03-13 17:23:12.054  1261  1261 D keymint_swd: keymint_swd keymint [WRN] (swd_run_cb:267) swd_update() returns 0
03-13 17:23:12.054  1261  1261 D android.hardware.security.keymint-service: update: ret 0
03-13 17:23:12.055  1261  1261 D keymint_swd: keymint_swd keymint [WRN] (swd_run_cb:267) swd_update() returns 0
03-13 17:23:12.055  1261  1261 D android.hardware.security.keymint-service: update: ret 0
03-13 17:23:12.056  1261  1261 D keymint_swd: keymint_swd keymint [WRN] (swd_run_cb:267) swd_update() returns 0
03-13 17:23:12.056  1261  1261 D android.hardware.security.keymint-service: update: ret 0
03-13 17:23:12.056  1261  1261 D keymint_swd: keymint_swd keymint [WRN] (swd_run_cb:267) swd_update() returns 0
03-13 17:23:12.056  1261  1261 D android.hardware.security.keymint-service: update: ret 0
03-13 17:23:12.057  1261  1261 D keymint_swd: keymint_swd keymint [WRN] (swd_run_cb:267) swd_update() returns 0
03-13 17:23:12.057  1261  1261 D android.hardware.security.keymint-service: update: ret 0
03-13 17:23:12.058  1261  1261 D keymint_swd: keymint_swd keymint [WRN] (swd_run_cb:267) swd_update() returns 0
03-13 17:23:12.058  1261  1261 D android.hardware.security.keymint-service: update: ret 0
03-13 17:23:12.059  1261  1261 D keymint_swd: keymint_swd keymint [WRN] (swd_run_cb:267) swd_finish() returns 0
03-13 17:23:12.059  1261  1261 D android.hardware.security.keymint-service: finish: ret 0
03-13 17:23:12.062  1261  1261 W keymint_tee: [WRN]begin req PARAMS: A32, BM32, PD1, 
03-13 17:23:12.064  1261  1261 D keymint_swd: keymint_swd keymint [WRN] (km_add_tag:528) skip: non repetable tag already exists with different value: 268435458
03-13 17:23:12.064  1261  1261 D keymint_swd: keymint_swd keymint [WRN] (swd_run_cb:267) swd_begin() returns 0
03-13 17:23:12.064  1261  1261 D android.hardware.security.keymint-service: begin: ret 0
03-13 17:23:12.064  1259  1289 I keystore2: system/security/keystore2/src/security_level.rs:466 - In create_operation. Success to create IKeystoreOperation. 10396, None
03-13 17:23:12.065  1261  1261 D keymint_swd: keymint_swd keymint [WRN] (swd_run_cb:267) swd_update() returns 0
03-13 17:23:12.065  1261  1261 D android.hardware.security.keymint-service: update: ret 0
03-13 17:23:12.066  1261  1261 D keymint_swd: keymint_swd keymint [WRN] (swd_run_cb:267) swd_update() returns 0
03-13 17:23:12.066  1261  1261 D android.hardware.security.keymint-service: update: ret 0
03-13 17:23:12.067  1261  1261 D keymint_swd: keymint_swd keymint [WRN] (swd_run_cb:267) swd_update() returns 0
03-13 17:23:12.067  1261  1261 D android.hardware.security.keymint-service: update: ret 0
03-13 17:23:12.068  1261  1261 D keymint_swd: keymint_swd keymint [WRN] (swd_run_cb:267) swd_update() returns 0
03-13 17:23:12.068  1261  1261 D android.hardware.security.keymint-service: update: ret 0
03-13 17:23:12.069  1261  1261 D keymint_swd: keymint_swd keymint [WRN] (swd_run_cb:267) swd_update() returns 0
03-13 17:23:12.069  1261  1261 D android.hardware.security.keymint-service: update: ret 0
03-13 17:23:12.070  1261  1261 D keymint_swd: keymint_swd keymint [WRN] (swd_run_cb:267) swd_update() returns 0
03-13 17:23:12.070  1261  1261 D android.hardware.security.keymint-service: update: ret 0
03-13 17:23:12.070  1261  1261 D keymint_swd: keymint_swd keymint [WRN] (swd_run_cb:267) swd_update() returns 0
03-13 17:23:12.070  1261  1261 D android.hardware.security.keymint-service: update: ret 0
03-13 17:23:12.071  1261  1261 D keymint_swd: keymint_swd keymint [WRN] (swd_run_cb:267) swd_update() returns 0
03-13 17:23:12.071  1261  1261 D android.hardware.security.keymint-service: update: ret 0
03-13 17:23:12.072  1261  1261 D keymint_swd: keymint_swd keymint [WRN] (swd_run_cb:267) swd_update() returns 0
03-13 17:23:12.072  1261  1261 D android.hardware.security.keymint-service: update: ret 0
03-13 17:23:12.073  1261  1261 D keymint_swd: keymint_swd keymint [WRN] (swd_run_cb:267) swd_update() returns 0
03-13 17:23:12.073  1261  1261 D android.hardware.security.keymint-service: update: ret 0
03-13 17:23:12.073  1261  1261 D keymint_swd: keymint_swd keymint [WRN] (swd_run_cb:267) swd_update() returns 0
03-13 17:23:12.073  1261  1261 D android.hardware.security.keymint-service: update: ret 0
03-13 17:23:12.074  1261  1261 D keymint_swd: keymint_swd keymint [WRN] (swd_run_cb:267) swd_update() returns 0
03-13 17:23:12.074  1261  1261 D android.hardware.security.keymint-service: update: ret 0
03-13 17:23:12.075  1261  1261 D keymint_swd: keymint_swd keymint [WRN] (swd_run_cb:267) swd_update() returns 0
03-13 17:23:12.075  1261  1261 D android.hardware.security.keymint-service: update: ret 0
03-13 17:23:12.076  1261  1261 D keymint_swd: keymint_swd keymint [WRN] (swd_run_cb:267) swd_update() returns 0
03-13 17:23:12.076  1261  1261 D android.hardware.security.keymint-service: update: ret 0
03-13 17:23:12.076  1261  1261 D keymint_swd: keymint_swd keymint [WRN] (swd_run_cb:267) swd_update() returns 0
03-13 17:23:12.077  1261  1261 D android.hardware.security.keymint-service: update: ret 0
03-13 17:23:12.077  1261  1261 D keymint_swd: keymint_swd keymint [WRN] (swd_run_cb:267) swd_update() returns 0
03-13 17:23:12.077  1261  1261 D android.hardware.security.keymint-service: update: ret 0
03-13 17:23:12.078  1261  1261 D keymint_swd: keymint_swd keymint [WRN] (swd_run_cb:267) swd_update() returns 0
03-13 17:23:12.078  1261  1261 D android.hardware.security.keymint-service: update: ret 0
03-13 17:23:12.079  1261  1261 D keymint_swd: keymint_swd keymint [WRN] (swd_run_cb:267) swd_update() returns 0
03-13 17:23:12.079  1261  1261 D android.hardware.security.keymint-service: update: ret 0
03-13 17:23:12.080  1261  1261 D keymint_swd: keymint_swd keymint [WRN] (swd_run_cb:267) swd_update() returns 0
03-13 17:23:12.080  1261  1261 D android.hardware.security.keymint-service: update: ret 0
03-13 17:23:12.080  1261  1261 D keymint_swd: keymint_swd keymint [WRN] (swd_run_cb:267) swd_update() returns 0
03-13 17:23:12.081  1261  1261 D android.hardware.security.keymint-service: update: ret 0
03-13 17:23:12.081  1261  1261 D keymint_swd: keymint_swd keymint [WRN] (swd_run_cb:267) swd_update() returns 0
03-13 17:23:12.081  1261  1261 D android.hardware.security.keymint-service: update: ret 0
03-13 17:23:12.082  1261  1261 D keymint_swd: keymint_swd keymint [WRN] (swd_run_cb:267) swd_update() returns 0
03-13 17:23:12.082  1261  1261 D android.hardware.security.keymint-service: update: ret 0
03-13 17:23:12.083  1261  1261 D keymint_swd: keymint_swd keymint [WRN] (swd_run_cb:267) swd_update() returns 0
03-13 17:23:12.083  1261  1261 D android.hardware.security.keymint-service: update: ret 0
03-13 17:23:12.084  1261  1261 D keymint_swd: keymint_swd keymint [WRN] (swd_run_cb:267) swd_update() returns 0
03-13 17:23:12.084  1261  1261 D android.hardware.security.keymint-service: update: ret 0
03-13 17:23:12.084  1261  1261 D keymint_swd: keymint_swd keymint [WRN] (swd_run_cb:267) swd_update() returns 0
03-13 17:23:12.084  1261  1261 D android.hardware.security.keymint-service: update: ret 0
03-13 17:23:12.085  1261  1261 D keymint_swd: keymint_swd keymint [WRN] (swd_run_cb:267) swd_update() returns 0
03-13 17:23:12.085  1261  1261 D android.hardware.security.keymint-service: update: ret 0
03-13 17:23:12.086  1261  1261 D keymint_swd: keymint_swd keymint [WRN] (swd_run_cb:267) swd_update() returns 0
03-13 17:23:12.086  1261  1261 D android.hardware.security.keymint-service: update: ret 0
03-13 17:23:12.087  1261  1261 D keymint_swd: keymint_swd keymint [WRN] (swd_run_cb:267) swd_update() returns 0
03-13 17:23:12.087  1261  1261 D android.hardware.security.keymint-service: update: ret 0
03-13 17:23:12.087  1261  1261 D keymint_swd: keymint_swd keymint [WRN] (swd_run_cb:267) swd_update() returns 0
03-13 17:23:12.087  1261  1261 D android.hardware.security.keymint-service: update: ret 0
03-13 17:23:12.088  1261  1261 D keymint_swd: keymint_swd keymint [WRN] (swd_run_cb:267) swd_update() returns 0
03-13 17:23:12.088  1261  1261 D android.hardware.security.keymint-service: update: ret 0
03-13 17:23:12.089  1261  1261 D keymint_swd: keymint_swd keymint [WRN] (swd_run_cb:267) swd_update() returns 0
03-13 17:23:12.089  1261  1261 D android.hardware.security.keymint-service: update: ret 0
03-13 17:23:12.090  1261  1261 D keymint_swd: keymint_swd keymint [WRN] (swd_run_cb:267) swd_update() returns 0
03-13 17:23:12.090  1261  1261 D android.hardware.security.keymint-service: update: ret 0
03-13 17:23:12.091  1261  1261 D keymint_swd: keymint_swd keymint [WRN] (swd_run_cb:267) swd_update() returns 0
03-13 17:23:12.091  1261  1261 D android.hardware.security.keymint-service: update: ret 0
03-13 17:23:12.091  1261  1261 D keymint_swd: keymint_swd keymint [WRN] (swd_run_cb:267) swd_update() returns 0
03-13 17:23:12.091  1261  1261 D android.hardware.security.keymint-service: update: ret 0
03-13 17:23:12.092  1261  1261 D keymint_swd: keymint_swd keymint [WRN] (swd_run_cb:267) swd_update() returns 0
03-13 17:23:12.092  1261  1261 D android.hardware.security.keymint-service: update: ret 0
03-13 17:23:12.093  1261  1261 D keymint_swd: keymint_swd keymint [WRN] (swd_run_cb:267) swd_update() returns 0
03-13 17:23:12.093  1261  1261 D android.hardware.security.keymint-service: update: ret 0
03-13 17:23:12.094  1261  1261 D keymint_swd: keymint_swd keymint [WRN] (swd_run_cb:267) swd_update() returns 0
03-13 17:23:12.094  1261  1261 D android.hardware.security.keymint-service: update: ret 0
03-13 17:23:12.095  1261  1261 D keymint_swd: keymint_swd keymint [WRN] (swd_run_cb:267) swd_update() returns 0
03-13 17:23:12.095  1261  1261 D android.hardware.security.keymint-service: update: ret 0
03-13 17:23:12.095  3003  4920 D WindowManager: captureDisplay
03-13 17:23:12.095  1261  1261 D keymint_swd: keymint_swd keymint [WRN] (swd_run_cb:267) swd_finish() returns 0
03-13 17:23:12.095  3003  4920 I SurfaceComposerClient: captureLayers:childrenOnly:1, sync:0
03-13 17:23:12.095  1261  1261 D android.hardware.security.keymint-service: finish: ret 0
03-13 17:23:12.102  2105  2922 I SurfaceFlinger: Capture layer list: 	 com.tacobell.ordering/com.tacobell.navigation.view.NavigationActivity$_15043#76841(seamlessTransition:0)
03-13 17:23:12.102  2105  2922 I SurfaceFlinger: Capture layer list: 	 StatusBar$_4205#132(seamlessTransition:0)
03-13 17:23:12.102  2105  2922 I SurfaceFlinger: Capture layer list: 	 com.sec.android.app.launcher/com.samsung.app.honeyspace.edge.edgepanel.app.CocktailBarService$_4832#76769(seamlessTransition:0)
03-13 17:23:12.102  2105  2922 I SurfaceFlinger: Capture layer list: 	 NavigationBar0$_4205#130(seamlessTransition:0)
03-13 17:23:12.103  2105  2342 D RenderEngine: [SEC_SF_EFFECTS] drawLayersInternal,1483, Rendering layer ScreenCaptureFillLayer at index 0
03-13 17:23:12.103  2105  2342 D RenderEngine: [SEC_SF_EFFECTS] drawLayersInternal,1483, Rendering layer com.tacobell.ordering/com.tacobell.navigation.view.NavigationActivity$_15043#76841 at index 1
03-13 17:23:12.104  2105  2342 D RenderEngine: [SEC_SF_EFFECTS] drawLayersInternal,1483, Rendering layer StatusBar$_4205#132 at index 2
03-13 17:23:12.104  2105  2342 D RenderEngine: [SEC_SF_EFFECTS] drawLayersInternal,1483, Rendering layer com.sec.android.app.launcher/com.samsung.app.honeyspace.edge.edgepanel.app.CocktailBarService$_4832#76769 at index 3
03-13 17:23:12.104  2105  2342 D RenderEngine: [SEC_SF_EFFECTS] drawLayersInternal,1483, Rendering layer NavigationBar0$_4205#130 at index 4
03-13 17:23:12.120 14969 15195 W qdgralloc: getInterlacedFlag: getMetaData returned 3, defaulting to interlaced_flag = 0
03-13 17:23:12.138  3003  3941 D ConnectivityService: notifyType CALLBACK_CAP_CHANGED for [115 WIFI]
03-13 17:23:12.141  3003  3980 D SemWifiApNsd:Client: lpInterface:wlan0
03-13 17:23:12.142  3003  3980 D SemWifiSwitchForIndividualAppsService: stopTCPMonitoring : already stopped
03-13 17:23:12.142  3003  3980 I WifiConnectivityMonitor.NCC: sNetworkCallback(oCC) FULL : 115(valid: true/captive: false)
03-13 17:23:12.142  3003  3980 I WifiConnectivityMonitor.NCC: [ Transports: WIFI Capabilities: NOT_METERED&INTERNET&NOT_RESTRICTED&TRUSTED&NOT_VPN&VALIDATED&NOT_ROAMING&FOREGROUND&NOT_CONGESTED&NOT_SUSPENDED&NOT_VCN_MANAGED&NOT_BANDWIDTH_CONSTRAINED LinkUpBandwidth>=7026Kbps LinkDnBandwidth>=118950Kbps TransportInfo: <SSID: <unknown ssid>, BSSID: 02:00:00:**:**:00, MAC: 02:00:00:**:**:00, IP: /10.**.*.215, Security type: 3, Supplicant state: COMPLETED, Wi-Fi standard: 11ax, RSSI: -63, Link speed: 573Mbps, Tx Link speed: 573Mbps, Max Supported Tx Link speed: 573Mbps, Rx Link speed: 413Mbps, Max Supported Rx Link speed: 573Mbps, Frequency: 5805MHz, Net ID: -1, Metered hint: false, score: 60, isUsable: true, CarrierMerged: false, SubscriptionId: -1, IsPrimary: 1, Trusted: true, Restricted: false, Ephemeral: false, OEM paid: false, OEM private: false, OSU AP: false, FQDN: <none>, Provider friendly name: <none>, Requesting package name: <none><none>MLO Information: , Is TID-To-Link negotiation supported by the AP: false, AP MLD Address: <none>, AP MLO Link Id: <none>, AP MLO Affiliated links: <none>, Vendor Data: <none>> SignalStrength: -63 AdminUids: [1000] SSID: "MSU-Secure" UnderlyingNetworks: Null]
03-13 17:23:12.142  3003  4050 D SemApeService: Deducted link capacity (M: R=320 T=200) RSSI=-63
03-13 17:23:12.142  3003  4050 D SemApeService: Deducted link capacity (M: R=320 T=200) on (wlan0) GoogleAPI(M: R=118 T=7) RSSI=-63 isDefault=false isMlo=false
03-13 17:23:12.142  3003  3980 D SemWifiApTrafficPriority: onCapabilitiesChanged Wifi:wlan0,mGapiValue:118.95Uplink: 7.026
03-13 17:23:12.142  3003  4058 D WifiConnectivityMonitor: HANDLE_ON_CAPABILITIES_CHANGED
03-13 17:23:12.143  4205  4574 I WifiPickerTracker: DefaultNetworkCallback : onCapabilitiesChanged
03-13 17:23:12.143  4205  4362 D Tile.WifiTile: handleUpdateState isTransient=false transientEnabling =false cb.isTransient=false state.state = 2 mStateBeforeClick.value =false enabled =true
03-13 17:23:12.143  4205  4574 I WifiPickerTracker: NetworkCallback : onCapabilitiesChanged
03-13 17:23:12.143  4205  4574 D WifiPickerTracker: updateWifiEntries capabilities
03-13 17:23:12.144  3003  4058 I WifiConnectivityMonitor: determineMode : MODE_NON_SWITCHABLE_BY_POOR_NETWORK_DETECTION_DISABLED
03-13 17:23:12.144  3003  7743 D SemWifiUsabilityStatsMonitor: onWifiUsabilityStats - seqNum 22298, isSameBssidAndFreq true
03-13 17:23:12.144  3003  4047 D SGM:GameManager: identifyGamePackage. com.tacobell.ordering, mCurrentUserId: 0, callingMethodInfo: com.samsung.android.game.SemGameManager.isGamePackage(SemGameManager.java:106)
03-13 17:23:12.145  3003  4047 D SGM:SemGameManager: isGamePackage(), pkgName=com.tacobell.ordering, ret=false
03-13 17:23:12.146  4205  4574 D WifiPickerTracker: update AutoHotspot Entries() : bleAccessPoints -> 0
03-13 17:23:12.146  4205  4574 D WifiPickerTracker: handleNetworkCapabilitiesChanged
03-13 17:23:12.146  3003  4030 D InsDataManager: onOutageCountUpdate() - Outage Data: 0, LQ : Y. Outage Triggered: false
03-13 17:23:12.146  3003  4030 D InsDataManager: Trying to save initial normal data.
03-13 17:23:12.146  3003  4030 D SensorCollector: syncMappedBuffers: 0, 0, 99
03-13 17:23:12.147  3003  4030 D InsDataManager: trimBuffers start.
03-13 17:23:12.147  3003  4030 D InsDataManager: trimBuffers - nsmBuffer size: 26
03-13 17:23:12.147  6263  7489 I BugleRcsEngine: Connected state: [1], networkType: [WIFI] [CONTEXT thread_id=59 ]
03-13 17:23:12.148  4600  5502 D txpwrJni: sendNetworkInfo start
03-13 17:23:12.148  3003  4030 D InsDataManager: Too short for collecting additional normal data
03-13 17:23:12.149  4600  5502 D txpwrJni: sendNetworkInfo RatType 0
03-13 17:23:12.149  6263  8145 I BugleRcsEngine: handleMessage processing message:[NOTIFY_UPTIME_IGNORE_STATE_CHANGED] with [non-null]:RcsEngineImpl reference [CONTEXT log_prefix="RcsEngineImpl[DUAL_REG]:[1e7477ef-90d2]>Handler" thread_id=64 ]
03-13 17:23:12.149  3003  4058 D OpenNetworkQos[4.00]: updateBssidNoInternet: mBssidNoInternet = false
03-13 17:23:12.149  4184  5032 E PhoneInterfaceManager: getCarrierPrivilegeStatusForUid: Invalid subId
03-13 17:23:12.150  3003  4058 D OpenNetworkQos[4.00]: getOpenNetworkQosNoInternetStatus: false
03-13 17:23:12.150  3003  4058 D OpenNetworkQos[4.00]: getOpenNetworkQosScores: 30 30 26 
03-13 17:23:12.150  3003  4058 D KNOX_MDM_SettingsProvider: isChangeAllowed() : name = wifi_wcm_qos_sharing_score_summary
03-13 17:23:12.150  3003  4058 I WifiProfileShare: network QoS data was changed (internet), updateQoSData networkType: true, qosData: false
03-13 17:23:12.151  3003  5535 D WifiProfileShare: nearby scanning settings run
03-13 17:23:12.151  4205  4391 D WifiInteractor: get wifiIconGroup ePDGConnected : false
03-13 17:23:12.151  3003  5535 D WifiProfileShare: network score provider settings enabled
03-13 17:23:12.152  3003  5535 V WifiProfileShare.Caster: checkAndGetShareData(qos) - unavailable for this config
03-13 17:23:12.152  3003  5535 V WifiProfileShare.Caster: checkAndGetShareData(pwd sta) - unavailable for this config
03-13 17:23:12.152  3003  5535 V WifiProfileShare.Caster: checkAndGetShareData - there is no data
03-13 17:23:12.152  3003  4030 D SemInsManager: {"bssid": "1cf112895765","rssi": -63.0,"latency": 0.0,"outage_count": 0,"lq_callback_triggered": true,"outage_log": "Unreliable statistics: -63.0 / 10 / 20 / 0 / 0 || 1cf112895765: 0.000 / 0.000 / @ || N N / 0 0 / Y 2.0 / Y X 0 / 83581135 0 || Invalid""Magnetic Sensor Events size": "0""Pressure Sensor Events size": "0"}
03-13 17:23:12.152  4205  4390 D WifiInteractor: get wifiIconGroup ePDGConnected : false
03-13 17:23:12.154  3003  4002 D BackgroundInstallControlService: Package event received: 0
03-13 17:23:12.155 16161 16396 I NullBinder: NullBinder for android.net.action.RECOMMEND_NETWORKS triggering remote TransactionTooLargeException due to Service without Chimera impl, calling uid: 1000, calling pid: 0
03-13 17:23:12.156 16161 16396 W .gms.persistent: Large reply transaction of 1056768 bytes, interface descriptor , code 1
03-13 17:23:12.158  4205  4362 D Tile.WifiTile: handleUpdateState isTransient=false transientEnabling =false cb.isTransient=false state.state = 2 mStateBeforeClick.value =false enabled =true
03-13 17:23:12.165  2105  2836 I VSyncReactor: Current= 120, Period= 120, Distance= 0
03-13 17:23:12.171  3003  4086 D NetdEventListenerService: DNS Requested by 115, 10096(com.samsung.android.server.wifi.mobilewips), SUCCESS, 10ms
03-13 17:23:12.174  2105  2836 I VSyncReactor: Current= 120, Period= 120, Distance= 120
03-13 17:23:12.184  3003  4086 D NetdEventListenerService: DNS Requested by 115, 10096(com.samsung.android.server.wifi.mobilewips), SUCCESS, 1ms
03-13 17:23:12.195  3003  4748 D WindowManager: captureDisplay
03-13 17:23:12.196  3003  4748 I SurfaceComposerClient: captureLayers:childrenOnly:1, sync:0
03-13 17:23:12.198  2097  2125 E HeatmapThread: ECT Thread time in milliseconds: 1773436992
03-13 17:23:12.200  2105  2836 I SurfaceFlinger: Capture layer list: 	 com.tacobell.ordering/com.tacobell.navigation.view.NavigationActivity$_15043#76841(seamlessTransition:0)
03-13 17:23:12.200  2105  2836 I SurfaceFlinger: Capture layer list: 	 StatusBar$_4205#132(seamlessTransition:0)
03-13 17:23:12.200  2105  2836 I SurfaceFlinger: Capture layer list: 	 com.sec.android.app.launcher/com.samsung.app.honeyspace.edge.edgepanel.app.CocktailBarService$_4832#76769(seamlessTransition:0)
03-13 17:23:12.200  2105  2836 I SurfaceFlinger: Capture layer list: 	 NavigationBar0$_4205#130(seamlessTransition:0)
03-13 17:23:12.201  2105  2342 D RenderEngine: [SEC_SF_EFFECTS] drawLayersInternal,1483, Rendering layer ScreenCaptureFillLayer at index 0
03-13 17:23:12.201  2105  2342 D RenderEngine: [SEC_SF_EFFECTS] drawLayersInternal,1483, Rendering layer com.tacobell.ordering/com.tacobell.navigation.view.NavigationActivity$_15043#76841 at index 1
03-13 17:23:12.202  2105  2342 D RenderEngine: [SEC_SF_EFFECTS] drawLayersInternal,1483, Rendering layer StatusBar$_4205#132 at index 2
03-13 17:23:12.202  2105  2342 D RenderEngine: [SEC_SF_EFFECTS] drawLayersInternal,1483, Rendering layer com.sec.android.app.launcher/com.samsung.app.honeyspace.edge.edgepanel.app.CocktailBarService$_4832#76769 at index 3
03-13 17:23:12.202  2105  2342 D RenderEngine: [SEC_SF_EFFECTS] drawLayersInternal,1483, Rendering layer NavigationBar0$_4205#130 at index 4
03-13 17:23:12.206  2097  2125 D HeatmapThread: !@ batteryplugType : 2
03-13 17:23:12.207  2097  2125 D HeatmapThread: !@ batteryLevel : 100  batteryTemperature : 323 
03-13 17:23:12.207  2097  2125 D HeatmapThread: !@ Heatmap currtime: 29557283
03-13 17:23:12.208  2097  2125 D HeatmapThread: !@ Heatmap prevtime: 29557282
03-13 17:23:12.208  2097  2125 D HeatmapThread: !@ Heatmap plugstarttime: 29556997
03-13 17:23:12.208  2097  2125 D HeatmapThread: !@ Heatmap prevv_dsoh_update_time: 29557265
03-13 17:23:12.208 14969 15195 W qdgralloc: getInterlacedFlag: getMetaData returned 3, defaulting to interlaced_flag = 0
03-13 17:23:12.208  2097  2125 E HeatmapThread: !@ CAM New BSOH: 100
03-13 17:23:12.208  2097  2125 E HeatmapThread: !@ CAM is Working
03-13 17:23:12.264  1993  6685 I vendor.qti.bluetooth@1.1-ibs_handler: ProcessIbsCmd: Received IBS_WAKE_IND: 0xFD
03-13 17:23:12.265  1993  6685 D vendor.qti.bluetooth@1.1-ibs_handler: SerialClockVote: vote for UART CLK ON
03-13 17:23:12.265  1993  6685 D vendor.qti.bluetooth@1.1-wake_lock: Acquire wakelock is acquired 
03-13 17:23:12.265  1993  6685 I vendor.qti.bluetooth@1.1-ibs_handler: ProcessIbsCmd: Writing IBS_WAKE_ACK
03-13 17:23:12.274  5393  6769 I ScanController: onScanResult to scannerId: 3- eventType=0x1b, addressType=1, address=XX:XX:XX:XX:13:25, primaryPhy=1, secondaryPhy=0, advertisingSid=0xff, txPower=127, rssi=-77, periodicAdvInt=0x0
03-13 17:23:12.278 16161 17325 I NearbyDiscovery: (REDACTED) BloomFilterAdvManager: Detected bloom filter but too far away, ignoring. %sm, %s
03-13 17:23:12.296  3003  4748 D WindowManager: captureDisplay
03-13 17:23:12.297  3003  4748 I SurfaceComposerClient: captureLayers:childrenOnly:1, sync:0
03-13 17:23:12.303  2105  2836 I SurfaceFlinger: Capture layer list: 	 com.tacobell.ordering/com.tacobell.navigation.view.NavigationActivity$_15043#76841(seamlessTransition:0)
03-13 17:23:12.303  2105  2836 I SurfaceFlinger: Capture layer list: 	 StatusBar$_4205#132(seamlessTransition:0)
03-13 17:23:12.303  2105  2836 I SurfaceFlinger: Capture layer list: 	 com.sec.android.app.launcher/com.samsung.app.honeyspace.edge.edgepanel.app.CocktailBarService$_4832#76769(seamlessTransition:0)
03-13 17:23:12.303  2105  2836 I SurfaceFlinger: Capture layer list: 	 NavigationBar0$_4205#130(seamlessTransition:0)
03-13 17:23:12.306  2105  2342 D RenderEngine: [SEC_SF_EFFECTS] drawLayersInternal,1483, Rendering layer ScreenCaptureFillLayer at index 0
03-13 17:23:12.306  2105  2342 D RenderEngine: [SEC_SF_EFFECTS] drawLayersInternal,1483, Rendering layer com.tacobell.ordering/com.tacobell.navigation.view.NavigationActivity$_15043#76841 at index 1
03-13 17:23:12.306  2105  2342 D RenderEngine: [SEC_SF_EFFECTS] drawLayersInternal,1483, Rendering layer StatusBar$_4205#132 at index 2
03-13 17:23:12.307  2105  2342 D RenderEngine: [SEC_SF_EFFECTS] drawLayersInternal,1483, Rendering layer com.sec.android.app.launcher/com.samsung.app.honeyspace.edge.edgepanel.app.CocktailBarService$_4832#76769 at index 3
03-13 17:23:12.307  2105  2342 D RenderEngine: [SEC_SF_EFFECTS] drawLayersInternal,1483, Rendering layer NavigationBar0$_4205#130 at index 4
03-13 17:23:12.310  1993  6685 I vendor.qti.bluetooth@1.1-ibs_handler: ProcessIbsCmd: Received IBS_SLEEP_IND: 0xFE
03-13 17:23:12.310  1993  6685 D vendor.qti.bluetooth@1.1-ibs_handler: SerialClockVote: vote for UART CLK OFF
03-13 17:23:12.314 14969 15195 W qdgralloc: getInterlacedFlag: getMetaData returned 3, defaulting to interlaced_flag = 0
03-13 17:23:12.351  2007  3645 I sensors-hal: handle_sns_client_event:182, lid_angle_fusion ts=264192915983748 ns value 2/137/3 137/3  -1/-1     0/    0/    0 (0/0/2/2 -3.106/2.948/7.767 -1.163/-1.804/11.696 11)
03-13 17:23:12.367  3003  3631 D ActivityManager: freezing 15663 com.samsung.cmh
03-13 17:23:12.375  3003  3631 I UMR     : B|Compact com.samsung.cmh(15663)
03-13 17:23:12.380  3003  3941 D InetDiagMessage: Destroyed 0 sockets, proto=IPPROTO_TCP, family=AF_INET, states=14
03-13 17:23:12.383  3003  3941 D InetDiagMessage: Destroyed 0 sockets, proto=IPPROTO_TCP, family=AF_INET6, states=14
03-13 17:23:12.383  3003  3941 D InetDiagMessage: Destroyed live tcp sockets for uids={5004} in 10ms
03-13 17:23:12.387  3003  4748 I ActivityManager: Changes in 10405 6 to 10, 128 to 0
03-13 17:23:12.390  2007 12669 I sensors-hal: handle_sns_client_event:94, folding_angle ts=264192955979998 ns value 129/0 (0/0/2/2 0.072/0.301/5.422 1.350/2.766/5.905 9 0)
03-13 17:23:12.395  3003  4002 D BackgroundInstallControlService: Package event received: 0
03-13 17:23:12.396  3003  4833 D WindowManager: captureDisplay
03-13 17:23:12.396  3003  4833 I SurfaceComposerClient: captureLayers:childrenOnly:1, sync:0
03-13 17:23:12.397  3003  4748 I ActivityManager: Changes in 10405 10 to 6, 0 to 128
03-13 17:23:12.399  2105  2836 I SurfaceFlinger: Capture layer list: 	 com.tacobell.ordering/com.tacobell.navigation.view.NavigationActivity$_15043#76841(seamlessTransition:0)
03-13 17:23:12.399  2105  2836 I SurfaceFlinger: Capture layer list: 	 StatusBar$_4205#132(seamlessTransition:0)
03-13 17:23:12.399  2105  2836 I SurfaceFlinger: Capture layer list: 	 com.sec.android.app.launcher/com.samsung.app.honeyspace.edge.edgepanel.app.CocktailBarService$_4832#76769(seamlessTransition:0)
03-13 17:23:12.399  2105  2836 I SurfaceFlinger: Capture layer list: 	 NavigationBar0$_4205#130(seamlessTransition:0)
03-13 17:23:12.400  3003  4002 D BackgroundInstallControlService: Package event received: 0
03-13 17:23:12.401  3003  4002 D BackgroundInstallControlService: Package event received: 0
03-13 17:23:12.401  2105  2342 D RenderEngine: [SEC_SF_EFFECTS] drawLayersInternal,1483, Rendering layer ScreenCaptureFillLayer at index 0
03-13 17:23:12.401  2105  2342 D RenderEngine: [SEC_SF_EFFECTS] drawLayersInternal,1483, Rendering layer com.tacobell.ordering/com.tacobell.navigation.view.NavigationActivity$_15043#76841 at index 1
03-13 17:23:12.401  2105  2342 D RenderEngine: [SEC_SF_EFFECTS] drawLayersInternal,1483, Rendering layer StatusBar$_4205#132 at index 2
03-13 17:23:12.401  2105  2342 D RenderEngine: [SEC_SF_EFFECTS] drawLayersInternal,1483, Rendering layer com.sec.android.app.launcher/com.samsung.app.honeyspace.edge.edgepanel.app.CocktailBarService$_4832#76769 at index 3
03-13 17:23:12.401  2105  2342 D RenderEngine: [SEC_SF_EFFECTS] drawLayersInternal,1483, Rendering layer NavigationBar0$_4205#130 at index 4
03-13 17:23:12.403  3003  4002 D BackgroundInstallControlService: Package event received: 0
03-13 17:23:12.430  2007 12669 I sensors-hal: handle_sns_client_event:94, folding_angle ts=264192995960779 ns value  98/0 (0/0/2/2 1.436/6.839/-1.283 0.416/2.780/9.471 7 0)
03-13 17:23:12.431  2007  3645 I sensors-hal: handle_sns_client_event:182, lid_angle_fusion ts=264192995963123 ns value 2/ 98/1  98/1  -1/-1     0/    0/    0 (0/0/2/2 1.436/6.839/-1.283 0.416/2.780/9.471 7)
03-13 17:23:12.437 14969 15195 W qdgralloc: getInterlacedFlag: getMetaData returned 3, defaulting to interlaced_flag = 0
03-13 17:23:12.447  3003  3631 I UMR     : E|Compact d_rss=-9328KB
03-13 17:23:12.461  1993  5851 D vendor.qti.bluetooth@1.1-wake_lock: Release wakelock is released 
03-13 17:23:12.471  2007  3645 I sensors-hal: handle_sns_client_event:182, lid_angle_fusion ts=264193035980258 ns value 2/ 82/1  82/1  -1/-1     0/    0/    0 (0/0/2/2 0.737/7.686/-2.924 0.656/0.234/9.992 4)
03-13 17:23:12.471  2007 12669 I sensors-hal: handle_sns_client_event:94, folding_angle ts=264193035980519 ns value  82/0 (0/0/2/2 0.737/7.686/-2.924 0.656/0.234/9.992 4 0)
03-13 17:23:12.497  3003  4748 D WindowManager: captureDisplay
03-13 17:23:12.498  3003  4748 I SurfaceComposerClient: captureLayers:childrenOnly:1, sync:0
03-13 17:23:12.507  2105  2836 I SurfaceFlinger: Capture layer list: 	 com.tacobell.ordering/com.tacobell.navigation.view.NavigationActivity$_15043#76841(seamlessTransition:0)
03-13 17:23:12.507  2105  2836 I SurfaceFlinger: Capture layer list: 	 StatusBar$_4205#132(seamlessTransition:0)
03-13 17:23:12.507  2105  2836 I SurfaceFlinger: Capture layer list: 	 com.sec.android.app.launcher/com.samsung.app.honeyspace.edge.edgepanel.app.CocktailBarService$_4832#76769(seamlessTransition:0)
03-13 17:23:12.507  2105  2836 I SurfaceFlinger: Capture layer list: 	 NavigationBar0$_4205#130(seamlessTransition:0)
03-13 17:23:12.509  2105  2342 D RenderEngine: [SEC_SF_EFFECTS] drawLayersInternal,1483, Rendering layer ScreenCaptureFillLayer at index 0
03-13 17:23:12.509  2105  2342 D RenderEngine: [SEC_SF_EFFECTS] drawLayersInternal,1483, Rendering layer com.tacobell.ordering/com.tacobell.navigation.view.NavigationActivity$_15043#76841 at index 1
03-13 17:23:12.510  2105  2342 D RenderEngine: [SEC_SF_EFFECTS] drawLayersInternal,1483, Rendering layer StatusBar$_4205#132 at index 2
03-13 17:23:12.510  2007 12669 I sensors-hal: handle_sns_client_event:94, folding_angle ts=264193075974529 ns value  67/0 (0/0/2/2 -1.254/6.628/-2.795 0.656/0.234/9.992 44 0)
03-13 17:23:12.510  2007  3645 I sensors-hal: handle_sns_client_event:182, lid_angle_fusion ts=264193075978175 ns value 1/ 67/1  67/1  -1/-1     0/    0/    0 (0/0/2/2 -1.254/6.628/-2.795 0.656/0.234/9.992 44)
03-13 17:23:12.511  2007  3645 I sensors-hal: handle_sns_client_event:206, lid_angle_fusion submit_sensors_hal_event 1/ 67/1  67/1
03-13 17:23:12.511  2105  2342 D RenderEngine: [SEC_SF_EFFECTS] drawLayersInternal,1483, Rendering layer com.sec.android.app.launcher/com.samsung.app.honeyspace.edge.edgepanel.app.CocktailBarService$_4832#76769 at index 3
03-13 17:23:12.511  2105  2342 D RenderEngine: [SEC_SF_EFFECTS] drawLayersInternal,1483, Rendering layer NavigationBar0$_4205#130 at index 4
03-13 17:23:12.515  3003  3003 D DeviceStatePolicy: notifyDeviceStateChangedIfNeeded: newState=1, lastState=2, caller=com.android.server.policy.FlexibleDeviceStatePolicy.adjustState:57 com.android.server.policy.FlexibleDeviceStateProvider.notifyDeviceStateChangedIfNeeded:90 com.android.server.policy.FlexibleDeviceStateProvider.onSensorChanged:21 
03-13 17:23:12.515  3003  3003 D SemInputDeviceManager: setProperty: TSP_SUB(2) CMD,ALWAYS_LOW_POWER_MODE,1
03-13 17:23:12.516  3003  3993 D SemInputDevice:TSP_SUB: SetPropertyTask: CMD,set_always_lpm,1 [03-13 17:23:12.515]
03-13 17:23:12.517 14969 15195 W qdgralloc: getInterlacedFlag: getMetaData returned 3, defaulting to interlaced_flag = 0
03-13 17:23:12.518  2071  2128 I sysinput:aidl: onReportInformation:93, 2, cmd@set_always_lpm,1:0
03-13 17:23:12.518  2071  2128 I sysinput:Touch2: operator():237, OK
03-13 17:23:12.519  3003  3993 D SysinputHAL_AIDL: setProperty(TSP_SUB(2)): CMD, set_always_lpm,1 ret=0
03-13 17:23:12.551  2007 12669 I sensors-hal: handle_sns_client_event:94, folding_angle ts=264193116003696 ns value  49/0 (0/0/2/2 0.201/5.925/-7.863 0.010/-0.148/9.801 0 0)
03-13 17:23:12.551  2007  3645 I sensors-hal: handle_sns_client_event:182, lid_angle_fusion ts=264193116006300 ns value 1/ 49/1  49/1  -1/-1     0/    0/    0 (0/0/2/2 0.201/5.925/-7.863 0.010/-0.148/9.801 0)
03-13 17:23:12.590  2007 12669 I sensors-hal: handle_sns_client_event:94, folding_angle ts=264193155973748 ns value  38/0 (0/0/2/2 0.215/4.240/-9.303 0.010/-0.148/9.801 39 0)
03-13 17:23:12.590  2007  3645 I sensors-hal: handle_sns_client_event:182, lid_angle_fusion ts=264193155975311 ns value 1/ 38/1  38/1  -1/-1     0/    0/    0 (0/0/2/2 0.215/4.240/-9.303 0.010/-0.148/9.801 39)
03-13 17:23:12.598  2007 14459 I sensors-hal: handle_sns_std_sensor_event:409, [SSC_LIGHT] P: 65(65),c:286,b:88,m:13,cl:70,l:35,s:48,l0:8480,l1:16,s0:3906,s1:0,acl:1,opr:0.80,f(r):97,u(bl):112,if:0,wi:1,si:8,po:0(N:0)
03-13 17:23:12.599  3003  4748 D WindowManager: captureDisplay
03-13 17:23:12.599  3003  4748 I SurfaceComposerClient: captureLayers:childrenOnly:1, sync:0
03-13 17:23:12.609  2105  2922 I SurfaceFlinger: Capture layer list: 	 com.tacobell.ordering/com.tacobell.navigation.view.NavigationActivity$_15043#76841(seamlessTransition:0)
03-13 17:23:12.609  2105  2922 I SurfaceFlinger: Capture layer list: 	 StatusBar$_4205#132(seamlessTransition:0)
03-13 17:23:12.609  2105  2922 I SurfaceFlinger: Capture layer list: 	 com.sec.android.app.launcher/com.samsung.app.honeyspace.edge.edgepanel.app.CocktailBarService$_4832#76769(seamlessTransition:0)
03-13 17:23:12.609  2105  2922 I SurfaceFlinger: Capture layer list: 	 NavigationBar0$_4205#130(seamlessTransition:0)
03-13 17:23:12.611  2105  2342 D RenderEngine: [SEC_SF_EFFECTS] drawLayersInternal,1483, Rendering layer ScreenCaptureFillLayer at index 0
03-13 17:23:12.611  2105  2342 D RenderEngine: [SEC_SF_EFFECTS] drawLayersInternal,1483, Rendering layer com.tacobell.ordering/com.tacobell.navigation.view.NavigationActivity$_15043#76841 at index 1
03-13 17:23:12.612  2105  2342 D RenderEngine: [SEC_SF_EFFECTS] drawLayersInternal,1483, Rendering layer StatusBar$_4205#132 at index 2
03-13 17:23:12.612  2105  2342 D RenderEngine: [SEC_SF_EFFECTS] drawLayersInternal,1483, Rendering layer com.sec.android.app.launcher/com.samsung.app.honeyspace.edge.edgepanel.app.CocktailBarService$_4832#76769 at index 3
03-13 17:23:12.612  2105  2342 D RenderEngine: [SEC_SF_EFFECTS] drawLayersInternal,1483, Rendering layer NavigationBar0$_4205#130 at index 4
03-13 17:23:12.628 14969 15195 W qdgralloc: getInterlacedFlag: getMetaData returned 3, defaulting to interlaced_flag = 0
03-13 17:23:12.631  2007  3645 I sensors-hal: handle_sns_client_event:182, lid_angle_fusion ts=264193195970936 ns value 1/ 28/1  28/1  -1/-1     0/    0/    0 (0/0/2/2 -0.124/4.618/-10.615 0.010/-0.182/9.811 37)
03-13 17:23:12.650 16161 13819 I NearbySharing: Network state changed: NetworkState(isRestricted=false, isOnline=true, isCongested=false, isMetered=false, isWifiConnected=true)
03-13 17:23:12.671  2007 12669 I sensors-hal: handle_sns_client_event:94, folding_angle ts=264193235977967 ns value  21/0 (0/0/2/2 0.043/3.862/-9.026 0.077/-0.799/9.825 35 0)
03-13 17:23:12.687  3003  3661 D InputReader: Btn_touch(4): value=1 when=83581.683860
03-13 17:23:12.688  3003  3661 I InputReader: Touch event's action is 0x0 (id=9, t=0) [pCnt=1, s=0.368 ] when=83581.683860
03-13 17:23:12.688  3003  3658 I InputDispatcher: No new touched window at (414.4, 119.0) in display 1
03-13 17:23:12.688  3003  3658 I InputDispatcher: Dropping event because there is no touchable window at (414.358, 119.004) on display 1: MotionEvent
03-13 17:23:12.688  3003  3658 D PowerManagerService: [api] userActivityFromNative : touch displayId=1 eventTime=83581683
03-13 17:23:12.688  3003  3658 D PowerManagerService: UserActivityStateListenerState: 1
03-13 17:23:12.690  2105  2922 I VSyncReactor: Current= 120, Period= 120, Distance= 2
03-13 17:23:12.691  6380  6380 I SemDvfsHyPerManager: acquire hyper - TATouchBoost/6380@30, type = -999
03-13 17:23:12.692  6380  6380 I SemDvfsHyPerManager: acquire hyper - TA_TOUCH_SHARE/6380@31, type = -999
03-13 17:23:12.692  2022  2124 I HYPER-HAL: [RequestManager.cpp]acquire(): Acquired ID : 20547285  [6380 / 30]    HINT :      list : [TABoost / 1] [TIMEOUT / 1500] 
03-13 17:23:12.693  2022  2124 I HYPER-HAL: [RequestManager.cpp]acquire(): Acquired ID : 20553697  [6380 / 31]    HINT : TA_TOUCH_SHARE    list : [TIMEOUT / 1500] 
03-13 17:23:12.694  3003  3622 D SemInput:UEvent: onSemUEvent: {SUBSYSTEM=sec, STATUS=FREQ, SEQNUM=48912, ACTION=change, TIMESTAMP=83581683, FEATURE=TSP, VALUE=0, DEVPATH=/devices/virtual/sec/tsp2}
03-13 17:23:12.694  3003  3622 D SemInput:UEvent: onSemUEvent: {SUBSYSTEM=sec, STATUS=FREQ, SEQNUM=48913, ACTION=change, TIMESTAMP=83581690, FEATURE=TSP, VALUE=1, DEVPATH=/devices/virtual/sec/tsp2}
03-13 17:23:12.698  2105  2922 I VSyncReactor: Current= 120, Period= 120, Distance= 120
03-13 17:23:12.698  3003  4748 D WindowManager: captureDisplay
03-13 17:23:12.699  3003  4748 I SurfaceComposerClient: captureLayers:childrenOnly:1, sync:0
03-13 17:23:12.705  2105  2922 I SurfaceFlinger: Capture layer list: 	 com.tacobell.ordering/com.tacobell.navigation.view.NavigationActivity$_15043#76841(seamlessTransition:0)
03-13 17:23:12.705  2105  2922 I SurfaceFlinger: Capture layer list: 	 StatusBar$_4205#132(seamlessTransition:0)
03-13 17:23:12.705  2105  2922 I SurfaceFlinger: Capture layer list: 	 com.sec.android.app.launcher/com.samsung.app.honeyspace.edge.edgepanel.app.CocktailBarService$_4832#76769(seamlessTransition:0)
03-13 17:23:12.705  2105  2922 I SurfaceFlinger: Capture layer list: 	 NavigationBar0$_4205#130(seamlessTransition:0)
03-13 17:23:12.707  2105  2342 D RenderEngine: [SEC_SF_EFFECTS] drawLayersInternal,1483, Rendering layer ScreenCaptureFillLayer at index 0
03-13 17:23:12.707  2105  2342 D RenderEngine: [SEC_SF_EFFECTS] drawLayersInternal,1483, Rendering layer com.tacobell.ordering/com.tacobell.navigation.view.NavigationActivity$_15043#76841 at index 1
03-13 17:23:12.708  2105  2342 D RenderEngine: [SEC_SF_EFFECTS] drawLayersInternal,1483, Rendering layer StatusBar$_4205#132 at index 2
03-13 17:23:12.708  2105  2342 D RenderEngine: [SEC_SF_EFFECTS] drawLayersInternal,1483, Rendering layer com.sec.android.app.launcher/com.samsung.app.honeyspace.edge.edgepanel.app.CocktailBarService$_4832#76769 at index 3
03-13 17:23:12.708  2105  2342 D RenderEngine: [SEC_SF_EFFECTS] drawLayersInternal,1483, Rendering layer NavigationBar0$_4205#130 at index 4
03-13 17:23:12.710  2007  3645 I sensors-hal: handle_sns_client_event:182, lid_angle_fusion ts=264193275977029 ns value 1/ 17/1  17/1  -1/-1     0/    0/    0 (0/0/2/2 -0.005/2.589/-8.121 0.010/-0.412/9.806 32)
03-13 17:23:12.711  3003  3067 D InputManager: mFoldingAngleListener: state changed, angle = 17.0, state = 0
03-13 17:23:12.712  3003  3661 I InputReader: Touch event's action (MT) is 0x105 (id=9, t=0) [pCnt=2, s=0.368 1.369 ] when=83581.708199
03-13 17:23:12.712  3003  3658 I InputDispatcher: No new touched window at (590.0, 415.0) in display 1
03-13 17:23:12.712  3003  3658 I InputDispatcher: Dropping event because there is no touchable window at (590.036, 415.02) on display 1: MotionEvent
03-13 17:23:12.715 14969 15195 W qdgralloc: getInterlacedFlag: getMetaData returned 3, defaulting to interlaced_flag = 0
03-13 17:23:12.756  3003  3661 D InputReader: Key_int_cancel(4): value=1 when=83581.752102
03-13 17:23:12.756  3003  3661 I InputReader: Touch event's action is 0x3 (id=9, t=0) [pCnt=2, s=0.368 1.369 ] when=83581.752102
03-13 17:23:12.756  3003  3661 I InputReader: Touch events were canceled by KEY_INT_CANCEL
03-13 17:23:12.756  3003  3661 D InputReader: Key_int_cancel(4): value=0 when=83581.752244
03-13 17:23:12.756  3003  3661 D InputReader: Btn_touch(4): value=0 when=83581.752363
03-13 17:23:12.759  2007  3645 I sensors-hal: qsh_conn_event_cb:890, event[0] sensor:Light seamless  Wakeup, msg_id=1025, ts=5072612420965
03-13 17:23:12.759  2007  3645 I sensors-hal: handle_sns_client_event:46, light_seamless ts=264193323215988 ns, 46,50,2147483647, M:0,0, S:0,0
03-13 17:23:12.762  2007 14459 I sensors-hal: get_flicker_als_data:183, [SSC_LIGHT] flicker lux: 58 (4114, 55, dw: 49)
03-13 17:23:12.762  3003  3067 D RefreshRateModeManager: onBrightnessChanged: brt=88, lux=46.0
03-13 17:23:12.790  2007 12669 I sensors-hal: handle_sns_client_event:94, folding_angle ts=264193355979529 ns value   9/0 (0/0/2/2 -0.086/1.584/-9.394 -0.005/-0.354/9.844 28 0)
03-13 17:23:12.799  3003  4748 D WindowManager: captureDisplay
03-13 17:23:12.800  3003  4748 I SurfaceComposerClient: captureLayers:childrenOnly:1, sync:0
03-13 17:23:12.810  2105  2922 I SurfaceFlinger: Capture layer list: 	 com.tacobell.ordering/com.tacobell.navigation.view.NavigationActivity$_15043#76841(seamlessTransition:0)
03-13 17:23:12.810  2105  2922 I SurfaceFlinger: Capture layer list: 	 StatusBar$_4205#132(seamlessTransition:0)
03-13 17:23:12.810  2105  2922 I SurfaceFlinger: Capture layer list: 	 com.sec.android.app.launcher/com.samsung.app.honeyspace.edge.edgepanel.app.CocktailBarService$_4832#76769(seamlessTransition:0)
03-13 17:23:12.810  2105  2922 I SurfaceFlinger: Capture layer list: 	 NavigationBar0$_4205#130(seamlessTransition:0)
03-13 17:23:12.812  2105  2342 D RenderEngine: [SEC_SF_EFFECTS] drawLayersInternal,1483, Rendering layer ScreenCaptureFillLayer at index 0
03-13 17:23:12.812  2105  2342 D RenderEngine: [SEC_SF_EFFECTS] drawLayersInternal,1483, Rendering layer com.tacobell.ordering/com.tacobell.navigation.view.NavigationActivity$_15043#76841 at index 1
03-13 17:23:12.812  2105  2342 D RenderEngine: [SEC_SF_EFFECTS] drawLayersInternal,1483, Rendering layer StatusBar$_4205#132 at index 2
03-13 17:23:12.812  2105  2342 D RenderEngine: [SEC_SF_EFFECTS] drawLayersInternal,1483, Rendering layer com.sec.android.app.launcher/com.samsung.app.honeyspace.edge.edgepanel.app.CocktailBarService$_4832#76769 at index 3
03-13 17:23:12.813  2105  2342 D RenderEngine: [SEC_SF_EFFECTS] drawLayersInternal,1483, Rendering layer NavigationBar0$_4205#130 at index 4
03-13 17:23:12.820 14969 15195 W qdgralloc: getInterlacedFlag: getMetaData returned 3, defaulting to interlaced_flag = 0
03-13 17:23:12.830  2007  3645 I sensors-hal: handle_sns_client_event:182, lid_angle_fusion ts=264193395977758 ns value 1/  6/2   6/2  -1/-1     0/    0/    0 (0/0/2/2 0.062/0.464/-9.318 -0.105/-0.392/9.825 25)
03-13 17:23:12.870  2007  3645 I sensors-hal: handle_sns_client_event:206, lid_angle_fusion submit_sensors_hal_event 0/  0/2   0/2
03-13 17:23:12.874  3003  3003 E FlexibleDeviceStateProvider: No declared device states match any of the required conditions.
03-13 17:23:12.874  3003  3003 I FlexibleDeviceStateProvider: LidSwitch mIsLidOpen: true
03-13 17:23:12.874  3003  3003 I FlexibleDeviceStateProvider: Sensor values:
03-13 17:23:12.874  3003  3003 I FlexibleDeviceStateProvider: lid_angle_fusion  Wakeup : [0.0, 0.0, 0.0]
03-13 17:23:12.874  3003  3003 I FlexibleDeviceStateProvider: isScreenOn: false
03-13 17:23:12.875  3003  3003 D DeviceStatePolicy: notifyDeviceStateChangedIfNeeded: newState=-1, lastState=2, caller=com.android.server.policy.FlexibleDeviceStatePolicy.adjustState:57 com.android.server.policy.FlexibleDeviceStateProvider.notifyDeviceStateChangedIfNeeded:90 com.android.server.policy.FlexibleDeviceStateProvider.onSensorChanged:21 
03-13 17:23:12.896  3003  3661 D InputReader: Input event [EV_SW](9): code=0x0, value=1, when=83581.892443
03-13 17:23:12.897  3003  3661 D InputReader: processSwitch() : elapsed time = 1ms, switchCode=0
03-13 17:23:12.898  3003  3661 D InputManager: notifySwitch: values=1, mask=1
03-13 17:23:12.898  3003  3661 D DeviceStatePolicy: notifyDeviceStateChangedIfNeeded: newState=0, lastState=2, caller=com.android.server.policy.FlexibleDeviceStatePolicy.adjustState:57 com.android.server.policy.FlexibleDeviceStateProvider.notifyDeviceStateChangedIfNeeded:90 com.android.server.policy.FlexibleDeviceStateProvider.notifyLidSwitchChanged:40 
03-13 17:23:12.899  3003  3661 D SemInputDeviceManager: setProperty: TSP_SUB(2) CMD,ALWAYS_LOW_POWER_MODE,0
03-13 17:23:12.898  2092  2092 I SSC_DAEMON: handleSensorTestReqMsg:85, Sensor type :20, Msg type:14
03-13 17:23:12.899  2092  2092 I factory.ssc: vendor/qcom/proprietary/adsprpc/src/fastrpc_apps_user.c:1684: remote_handle64_open: opened handle 0xb400006d90c31bd0 (remote 0x0) for '":;./\createstaticpd:sensorspd&_dom=adsp on domain 0 (spawn time 0 us, load time 0 us), num handles 1
03-13 17:23:12.900  3003  3661 D DeviceStateManagerService: onStateChanged identifier = 0
03-13 17:23:12.900  3003  3661 W OverrideRequestController: Attempted to cancel a null OverrideRequest
03-13 17:23:12.900  3003  3661 I DeviceStateManagerService: Cannot notify device state info change when pending state is present.
03-13 17:23:12.900  3003  4748 D WindowManager: captureDisplay
03-13 17:23:12.900  3003  3661 D DeviceStatePolicy: updateFoldingSensorListenerLw, foldOpen=false, awake=true, isTableModeEnabled=true, forceOff=false, caller=com.android.server.policy.FlexibleDeviceStateProvider.notifyDeviceStateChangedIfNeeded:146 com.android.server.policy.FlexibleDeviceStateProvider.notifyLidSwitchChanged:40 com.android.server.input.InputManagerService.notifySwitch:103 <bottom of call stack> <bottom of call stack> <bottom of call stack> <bottom of call stack> <bottom of call stack> <bottom of call stack> <bottom of call stack> 
03-13 17:23:12.900  3003  3067 D DeviceStateManagerService: Committing state: DeviceState{identifier=0, name='CLOSED', app_accessible=false, cancel_when_requester_not_on_top=false}
03-13 17:23:12.901  3003  4748 I SurfaceComposerClient: captureLayers:childrenOnly:1, sync:0
03-13 17:23:12.901  3003  3993 D SemInputDevice:TSP_SUB: SetPropertyTask: CMD,set_always_lpm,0 [03-13 17:23:12.899]
03-13 17:23:12.902  2007  2007 I sensors-hal: activate:300, com.samsung.sensor.folding_state/2592 en=0
03-13 17:23:12.902  2007  2007 I sensors-hal: send_sync_sensor_request:508, send sync request
03-13 17:23:12.902  2007  2007 I sensors-hal: send_sync_sensor_request:518, send_sync_sensor_request before send_request for lid_angle_fusion with SUID low=8603657889549748343 high=1320970896290190866
03-13 17:23:12.902  2007  2007 I sensors-hal: send_sync_sensor_request:537, wait for notification of response
03-13 17:23:12.903  2071  2128 I sysinput:aidl: onReportInformation:93, 2, cmd@set_always_lpm,0:0
03-13 17:23:12.904  2007  3645 I sensors-hal: qsh_conn_resp_cb:930, resp_value = 0 for lid_angle_fusion 
03-13 17:23:12.904  3003  3067 D DeviceStateManagerGlobal: handleDeviceStateInfoChanged state=DeviceState{identifier=0, name='CLOSED', app_accessible=false, cancel_when_requester_not_on_top=false}, baseState=DeviceState{identifier=0, name='CLOSED', app_accessible=false, cancel_when_requester_not_on_top=false}
03-13 17:23:12.904  2071  2128 I sysinput:Touch2: operator():237, OK
03-13 17:23:12.905  3003  3003 D NotificationService: mFoldState = false, isFolded = true
03-13 17:23:12.905  3003  3676 I SemInputDeviceManagerService: onFoldStateChanged: folded
03-13 17:23:12.905  3003  3003 D SemDisplaySolutionManagerService: uid : 1000 , pid : 3003 , name : extra_brightness_off
03-13 17:23:12.905  3003  3647 I CameraService_worker: Fold state changed, DeviceState{identifier=0, name='CLOSED', app_accessible=false, cancel_when_requester_not_on_top=false}
03-13 17:23:12.905  3003  3647 I CameraService_worker: NotifyDeviceStateChange 0x6, sync(false)
03-13 17:23:12.905  3003  3676 I SemInputCommandService: setPropertyAllTouch: FOLD_STATE,1 retDefault=1 retExtra=1
03-13 17:23:12.906  3003  3676 I SemInputCommandService: setPropertyAllTouchAndSpen: FOLD_STATE,1 retTouch=1 retSpen=-2
03-13 17:23:12.906  3003  3003 D SemDisplaySolutionManagerService: where : application what : DEFAULT setScreenBrightnessScaleFactor(1.0) , mBrightnessCompensation : 1.0 , PMS value : 1.0
03-13 17:23:12.906  3003  3003 D PowerManagerService: [api] setScreenBrightnessScaleFactor: scaleFactor: 1.0 (uid: 1000 pid: 3003)
03-13 17:23:12.906  3003  3003 D SemDisplaySolutionManagerService: Normal Mode setMultipleScreenBrightness , application, DEFAULT, 1.0
03-13 17:23:12.906  3003  3003 I Telecom : SamsungFoldStateManagerAdapterImpl : DeviceStateCallback - onDeviceStateChanged : DeviceState{identifier=0, name='CLOSED', app_accessible=false, cancel_when_requester_not_on_top=false}
03-13 17:23:12.906  3003  3003 I Telecom : SamsungFoldStateManagerAdapterImpl : onStateChanged - folded : true / info : SamsungFoldStateInfo { SupportFoldableTypeFlip : true / SupportLargeCoverScreen : true / Orientation : VERTICAL / IsFolded : true
