03-11 15:56:51.956 10834 10834 I ModuleManager: ModuleManager$ModuleInitListener.maybeUnloadModuleOnUnavailable():1386 module mii is unavailable
03-11 15:56:51.956 10834 10834 I ModuleManager: ModuleManager$ModuleInitListener.maybeUnloadModuleOnUnavailable():1386 module mtq is unavailable
03-11 15:56:51.956 10834 10834 I HardKeyTracker: HardKeyTracker.unregisterKeySequence():221 Unregister key sequence nul{labelResId=0, callback=lkj@9309727, lastModifier=0, keyCodes=[204], actions=[0]}
03-11 15:56:51.956 10834 10834 I ModuleManager: ModuleManager$ModuleInitListener.maybeUnloadModuleOnUnavailable():1386 module mts is unavailable
03-11 15:56:51.957 10834 10834 I ModuleManager: ModuleManager$ModuleInitListener.maybeUnloadModuleOnUnavailable():1386 module nyc is unavailable
03-11 15:56:51.957 10834 10834 I ModuleManager: ModuleManager$ModuleInitListener.maybeUnloadModuleOnUnavailable():1386 module ljh is unavailable
03-11 15:56:51.959 10834 10834 I ModuleManager: ModuleManager$ModuleInitListener.maybeUnloadModuleOnUnavailable():1386 module ewi is unavailable
03-11 15:56:51.959 10834 10834 I ModuleManager: ModuleManager$ModuleInitListener.maybeUnloadModuleOnUnavailable():1386 module fol is unavailable
03-11 15:56:51.959 10834 10834 I ModuleManager: ModuleManager$ModuleInitListener.maybeUnloadModuleOnUnavailable():1386 module fub is unavailable
03-11 15:56:51.959 10834 10834 I ModuleManager: ModuleManager$ModuleInitListener.maybeUnloadModuleOnUnavailable():1386 module fvu is unavailable
03-11 15:56:51.959 10834 10834 I ModuleManager: ModuleManager$ModuleInitListener.maybeUnloadModuleOnUnavailable():1386 module gfa is unavailable
03-11 15:56:51.959 10834 10996 I InputActionMetricsProcessor: InputActionMetricsProcessor.onDetached():109 Detached from metrics manager.
03-11 15:56:51.959 10834 10834 I ModuleManager: ModuleManager$ModuleInitListener.maybeUnloadModuleOnUnavailable():1386 module ggo is unavailable
03-11 15:56:51.959 10834 10834 I ModuleManager: ModuleManager$ModuleInitListener.maybeUnloadModuleOnUnavailable():1386 module gjm is unavailable
03-11 15:56:51.959 10834 10834 I JapaneseMozcExtension: JapaneseMozcExtension.onDestroy():52 
03-11 15:56:51.959 10834 10834 I ModuleManager: ModuleManager$ModuleInitListener.maybeUnloadModuleOnUnavailable():1386 module gkb is unavailable
03-11 15:56:51.960 10834 10834 I ModuleManager: ModuleManager$ModuleInitListener.maybeUnloadModuleOnUnavailable():1386 module gya is unavailable
03-11 15:56:51.960 10834 10834 I ModuleManager: ModuleManager$ModuleInitListener.maybeUnloadModuleOnUnavailable():1386 module IEmojiOrGifExtension is unavailable
03-11 15:56:51.960 10834 10834 I ModuleManager: ModuleManager$ModuleInitListener.maybeUnloadModuleOnUnavailable():1386 module IEmoticonExtension is unavailable
03-11 15:56:51.960 10834 10834 I ModuleManager: ModuleManager$ModuleInitListener.maybeUnloadModuleOnUnavailable():1386 module hlc is unavailable
03-11 15:56:51.960 10834 10834 I ModuleManager: ModuleManager$ModuleInitListener.maybeUnloadModuleOnUnavailable():1386 module hoe is unavailable
03-11 15:56:51.960 10834 10834 I ModuleManager: ModuleManager$ModuleInitListener.maybeUnloadModuleOnUnavailable():1386 module hqs is unavailable
03-11 15:56:51.960 10834 10834 I ModuleManager: ModuleManager$ModuleInitListener.maybeUnloadModuleOnUnavailable():1386 module nwn is unavailable
03-11 15:56:51.960 10834 10834 I ModuleManager: ModuleManager$ModuleInitListener.maybeUnloadModuleOnUnavailable():1386 module iga is unavailable
03-11 15:56:51.961 10834 10834 I UniversalDictationExtension: UniversalDictationExtension.onDestroyExtension():136 onDestroy [UD]
03-11 15:56:51.961 10834 10834 I ModuleManager: ModuleManager$ModuleInitListener.maybeUnloadModuleOnUnavailable():1386 module igb is unavailable
03-11 15:56:51.961 10834 10834 I ModuleManager: ModuleManager$ModuleInitListener.maybeUnloadModuleOnUnavailable():1386 module iiq is unavailable
03-11 15:56:51.961 10834 10834 I NewS3RecognizerModule: NewS3RecognizerModule.onDestroy():28 onDestroy [news3]
03-11 15:56:51.961 10834 10834 I ModuleManager: ModuleManager$ModuleInitListener.maybeUnloadModuleOnUnavailable():1386 module imw is unavailable
03-11 15:56:51.961 10834 10834 I ModuleManager: ModuleManager$ModuleInitListener.maybeUnloadModuleOnUnavailable():1386 module kdw is unavailable
03-11 15:56:51.961 10834 10834 I HardKeyTracker: HardKeyTracker.unregisterKeySequence():221 Unregister key sequence nul{labelResId=2132020466, callback=cth@94870ae, lastModifier=2, keyCodes=[56], actions=[0]}
03-11 15:56:51.961 10834 10834 I HardKeyTracker: HardKeyTracker.unregisterKeySequence():221 Unregister key sequence nul{labelResId=2132020466, callback=cth@ac12e4f, lastModifier=0, keyCodes=[317], actions=[0]}
03-11 15:56:51.961 10834 10834 I HardKeyTracker: HardKeyTracker.unregisterKeySequence():221 Unregister key sequence nul{labelResId=2132020465, callback=cth@e9425f3, lastModifier=2, keyCodes=[50], actions=[0]}
03-11 15:56:51.961 10834 10834 I HardKeyTracker: HardKeyTracker.unregisterKeySequence():221 Unregister key sequence nul{labelResId=2132020470, callback=cth@25bb062, lastModifier=2, keyCodes=[48], actions=[0]}
03-11 15:56:51.962 10834 10834 I HardKeyTracker: HardKeyTracker.unregisterKeySequence():221 Unregister key sequence nul{labelResId=2132020468, callback=cth@aeb2644, lastModifier=2, keyCodes=[37], actions=[0]}
03-11 15:56:51.962 10834 10834 I HardKeyTracker: HardKeyTracker.unregisterKeySequence():221 Unregister key sequence nul{labelResId=2132020470, callback=cth@739d529, lastModifier=2, keyCodes=[48], actions=[0]}
03-11 15:56:51.962 10834 10834 I HardKeyTracker: HardKeyTracker.unregisterKeySequence():221 Unregister key sequence nul{labelResId=2132020465, callback=cth@59662b0, lastModifier=2, keyCodes=[50], actions=[0]}
03-11 15:56:51.962 10834 10834 I HardKeyTracker: HardKeyTracker.unregisterKeySequence():221 Unregister key sequence nul{labelResId=2132020469, callback=cth@6822b57, lastModifier=65536, keyCodes=[76], actions=[0]}
03-11 15:56:51.962 10834 10834 I HardKeyTracker: HardKeyTracker.unregisterKeySequence():221 Unregister key sequence nul{labelResId=2132018771, callback=cth@ab11898, lastModifier=2, keyCodes=[39], actions=[0]}
03-11 15:56:51.962 10834 10834 I ModuleManager: ModuleManager$ModuleInitListener.maybeUnloadModuleOnUnavailable():1386 module kgi is unavailable
03-11 15:56:51.962 10834 10834 I ModuleManager: ModuleManager$ModuleInitListener.maybeUnloadModuleOnUnavailable():1386 module lns is unavailable
03-11 15:56:51.962 10834 10834 I ModuleManager: ModuleManager$ModuleInitListener.maybeUnloadModuleOnUnavailable():1386 module IBannerExtension is unavailable
03-11 15:56:51.962 10834 10834 I ModuleManager: ModuleManager$ModuleInitListener.maybeUnloadModuleOnUnavailable():1386 module ohp is unavailable
03-11 15:56:51.962 10834 10834 I ModuleManager: ModuleManager$ModuleInitListener.maybeUnloadModuleOnUnavailable():1386 module oky is unavailable
03-11 15:56:51.963 10834 10834 I ModuleManager: ModuleManager$ModuleInitListener.maybeUnloadModuleOnUnavailable():1386 module ifj is unavailable
03-11 15:56:51.963 10834 10834 I ModuleManager: ModuleManager$ModuleInitListener.maybeUnloadModuleOnUnavailable():1386 module ifn is unavailable
03-11 15:56:51.964 10834 10834 I ModuleManager: ModuleManager$ModuleInitListener.maybeUnloadModuleOnUnavailable():1386 module nyi is unavailable
03-11 15:56:51.964 10834 10834 W NotificationCenter: NotificationCenter.unregisterListener():480 Listener ktn@7a5e1d was not registered for notification class mev
03-11 15:56:51.964 10834 10834 W NotificationCenter: NotificationCenter.unregisterListener():480 Listener ktm@a1866f4 was not registered for notification class men
03-11 15:56:51.964 10834 10834 W NotificationCenter: NotificationCenter.unregisterListener():480 Listener nhv@cee40c7 was not registered for notification class kgz
03-11 15:56:51.964 10834 10834 W NotificationCenter: NotificationCenter.unregisterListener():480 Listener ktc@ecefe60 was not registered for notification class lhi
03-11 15:56:51.964  3163  3227 D PowerManagerService: nativeReleaseSuspendBlocker name:PowerManagerService.Broadcasts duration ms: 1
03-11 15:56:51.965  5625  5625 I vol.VolumeDialogImpl: dismissH reason = volume_controller mDialog.isShowing(): false
03-11 15:56:51.965 10834 10834 W NotificationCenter: NotificationCenter.unregisterListener():480 Listener kdq@f2fe9f4 was not registered for notification class kfo
03-11 15:56:51.965 10834 10834 I HardKeyTracker: HardKeyTracker.unregisterKeySequence():221 Unregister key sequence nul{labelResId=2132020472, callback=null, lastModifier=2, keyCodes=[8], actions=[0]}
03-11 15:56:51.965 10834 10834 I HardKeyTracker: HardKeyTracker.unregisterKeySequence():221 Unregister key sequence nul{labelResId=2132020474, callback=gqg@772f0a8, lastModifier=2, keyCodes=[62], actions=[0]}
03-11 15:56:51.965 10834 10834 I ModuleManager: ModuleManager$ModuleInitListener.maybeUnloadModuleOnUnavailable():1386 module kdu is unavailable
03-11 15:56:51.965 10834 10834 I ModuleManager: ModuleManager$ModuleInitListener.maybeUnloadModuleOnUnavailable():1386 module olt is unavailable
03-11 15:56:51.966 10834 10834 I ModuleManager: ModuleManager$ModuleInitListener.maybeUnloadModuleOnUnavailable():1386 module hok is unavailable
03-11 15:56:51.967  3163  3231 W AccessibilityWindowsPopulator: The displayInfo of this displayId (0) called back from the surface fligner is null
03-11 15:56:51.967 10834 10834 I ModuleManager: ModuleManager$ModuleInitListener.maybeUnloadModuleOnUnavailable():1386 module ghq is unavailable
03-11 15:56:51.968 10834 10834 I ModuleManager: ModuleManager$ModuleInitListener.maybeUnloadModuleOnUnavailable():1386 module hvu is unavailable
03-11 15:56:51.968 10834 10834 I ModuleManager: ModuleManager$ModuleInitListener.maybeUnloadModuleOnUnavailable():1386 module ecr is unavailable
03-11 15:56:51.968 10834 10834 I ModuleManager: ModuleManager$ModuleInitListener.maybeUnloadModuleOnUnavailable():1386 module esr is unavailable
03-11 15:56:51.968 10834 10834 I ModuleManager: ModuleManager$ModuleInitListener.maybeUnloadModuleOnUnavailable():1386 module hzz is unavailable
03-11 15:56:51.968 10834 10834 I ModuleManager: ModuleManager$ModuleInitListener.maybeUnloadModuleOnUnavailable():1386 module ifc is unavailable
03-11 15:56:51.969 10834 10834 I ModuleManager: ModuleManager$ModuleInitListener.maybeUnloadModuleOnUnavailable():1386 module ntv is unavailable
03-11 15:56:51.969 10834 10834 I ModuleManager: ModuleManager$ModuleInitListener.maybeUnloadModuleOnUnavailable():1386 module ntw is unavailable
03-11 15:56:51.969 10834 10834 I ModuleManager: ModuleManager$ModuleInitListener.maybeUnloadModuleOnUnavailable():1386 module oav is unavailable
03-11 15:56:51.969 10834 10834 I ModuleManager: ModuleManager$ModuleInitListener.maybeUnloadModuleOnUnavailable():1386 module hzy is unavailable
03-11 15:56:51.969 10834 10834 I ModuleManager: ModuleManager$ModuleInitListener.maybeUnloadModuleOnUnavailable():1386 module ggm is unavailable
03-11 15:56:51.970 10834 10834 I ModuleManager: ModuleManager$ModuleInitListener.maybeUnloadModuleOnUnavailable():1386 module efd is unavailable
03-11 15:56:51.970 10834 10834 I ModuleManager: ModuleManager$ModuleInitListener.maybeUnloadModuleOnUnavailable():1386 module ief is unavailable
03-11 15:56:51.970 10834 10834 I ModuleManager: ModuleManager$ModuleInitListener.maybeUnloadModuleOnUnavailable():1386 module ifb is unavailable
03-11 15:56:51.970 10834 10834 I ModuleManager: ModuleManager$ModuleInitListener.maybeUnloadModuleOnUnavailable():1386 module ITranslateUiExtension is unavailable
03-11 15:56:51.970 10834 10834 I ModuleManager: ModuleManager$ModuleInitListener.maybeUnloadModuleOnUnavailable():1386 module egz is unavailable
03-11 15:56:51.971 10834 10834 W NotificationCenter: NotificationCenter.unregisterListener():480 Listener eei@5a7d392 was not registered for notification class ndp
03-11 15:56:51.971 10834 10834 W NotificationCenter: NotificationCenter.unregisterListener():480 Listener efs@5d44aa1 was not registered for notification class ndp
03-11 15:56:51.971 10834 10834 I ModuleManager: ModuleManager$ModuleInitListener.maybeUnloadModuleOnUnavailable():1386 module ego is unavailable
03-11 15:56:51.973 10834 10834 I ModuleManager: ModuleManager$ModuleInitListener.maybeUnloadModuleOnUnavailable():1386 module ojg is unavailable
03-11 15:56:51.973 10834 10834 I ModuleManager: ModuleManager$ModuleInitListener.maybeUnloadModuleOnUnavailable():1386 module oha is unavailable
03-11 15:56:51.973 10834 10834 I ModuleManager: ModuleManager$ModuleInitListener.maybeUnloadModuleOnUnavailable():1386 module ejs is unavailable
03-11 15:56:51.973 10834 10834 I ModuleManager: ModuleManager$ModuleInitListener.maybeUnloadModuleOnUnavailable():1386 module hvo is unavailable
03-11 15:56:51.974 10834 10834 I ModuleManager: ModuleManager$ModuleInitListener.maybeUnloadModuleOnUnavailable():1386 module eqk is unavailable
03-11 15:56:51.975 10834 10834 I ModuleManager: ModuleManager$ModuleInitListener.maybeUnloadModuleOnUnavailable():1386 module ftq is unavailable
03-11 15:56:51.975 10834 10834 I ModuleManager: ModuleManager$ModuleInitListener.maybeUnloadModuleOnUnavailable():1386 module ftu is unavailable
03-11 15:56:51.976 10834 10834 I ModuleManager: ModuleManager$ModuleInitListener.maybeUnloadModuleOnUnavailable():1386 module evt is unavailable
03-11 15:56:51.976 10834 10834 I ModuleManager: ModuleManager$ModuleInitListener.maybeUnloadModuleOnUnavailable():1386 module eww is unavailable
03-11 15:56:51.984 10834 10834 I ModuleManager: ModuleManager$ModuleInitListener.maybeUnloadModuleOnUnavailable():1386 module lau is unavailable
03-11 15:56:51.985 10834 10834 I ModuleManager: ModuleManager$ModuleInitListener.maybeUnloadModuleOnUnavailable():1386 module evm is unavailable
03-11 15:56:51.986 10834 10834 I EmojifyExtensionImpl: EmojifyExtensionImpl.onDestroy():611 Destroying Emojify extension ezf@8891932.
03-11 15:56:51.986 10834 10834 I ModuleManager: ModuleManager$ModuleInitListener.maybeUnloadModuleOnUnavailable():1386 module eyq is unavailable
03-11 15:56:51.986 10834 10834 I AbstractOpenableExtension: AbstractOpenableExtension.maybeDestroyExistingKeyboardGroupManager():534 Destroy existing keyboard group manager in ezz
03-11 15:56:51.986  2064  4171 D slpi    : tmd2712: Als lux: 214.30, ch0: 3671, ch1: 123, scale: 1.08, atime:50.04, again:1024
03-11 15:56:51.986 10834 10834 I ModuleManager: ModuleManager$ModuleInitListener.maybeUnloadModuleOnUnavailable():1386 module IExpressionMomentExtension is unavailable
03-11 15:56:51.986 10834 10834 I ModuleManager: ModuleManager$ModuleInitListener.maybeUnloadModuleOnUnavailable():1386 module IEmojiKitchenBrowseExtension is unavailable
03-11 15:56:51.986 10834 10834 I AbstractOpenableExtension: AbstractOpenableExtension.maybeDestroyExistingKeyboardGroupManager():534 Destroy existing keyboard group manager in hme
03-11 15:56:51.986 10834 10834 I ModuleManager: ModuleManager$ModuleInitListener.maybeUnloadModuleOnUnavailable():1386 module FastAccessBarExtension is unavailable
03-11 15:56:51.987 10834 10834 I ModuleManager: ModuleManager$ModuleInitListener.maybeUnloadModuleOnUnavailable():1386 module hmt is unavailable
03-11 15:56:51.987  3163  3352 V DisplayPowerController2[1]: Brightness [0.38325694] reason changing to: 'automatic', previous reason: 'manual'.
03-11 15:56:51.987 10834 10834 I ModuleManager: ModuleManager$ModuleInitListener.maybeUnloadModuleOnUnavailable():1386 module fkk is unavailable
03-11 15:56:51.988 10834 10834 I ModuleManager: ModuleManager$ModuleInitListener.maybeUnloadModuleOnUnavailable():1386 module IGifKeyboardExtension is unavailable
03-11 15:56:51.988 10834 10834 I ModuleManager: ModuleManager$ModuleInitListener.maybeUnloadModuleOnUnavailable():1386 module IStickerExtension is unavailable
03-11 15:56:51.988  3163  3352 I DisplayPowerController2[1]: 03-11 15:56:51.987 - BrightnessEvent: disp=1, physDisp=local:4630947043778501763, displayState=ON, displayPolicy=BRIGHT, brt=0.38325694, initBrt=0.35408142, rcmdBrt=0.38325694, preBrt=NaN, lux=214.3, preLux=NaN, brtNits=130.89487, hdrNits=NaN, initNits=113.98481, preNits=NaN, rcmdNits=130.89487, hdrBrightness=NaN, brt(%)=50%, brtInt=98, hbmPolicy=normal, hbmMax=0.7660316, hbmMode=off, rbcStrength=-1, thrmMax=1.0, powerFactor=1.0, wasShortTermModelActive=false, flags=, reason=automatic, autoBrightness=true, strategy=InvalidBrightnessStrategy, autoBrightnessMode=default
03-11 15:56:51.988  2300  4965 I SurfaceFlinger: mBrightnessDiming=1, isCli=1, mBrightnessDimingCnt=0
03-11 15:56:51.989 10834 10834 I ModuleManager: ModuleManager$ModuleInitListener.maybeUnloadModuleOnUnavailable():1386 module etr is unavailable
03-11 15:56:51.989 10834 10834 I ModuleManager: ModuleManager$ModuleInitListener.maybeUnloadModuleOnUnavailable():1386 module fcx is unavailable
03-11 15:56:51.989 10834 10834 I ModuleManager: ModuleManager$ModuleInitListener.maybeUnloadModuleOnUnavailable():1386 module how is unavailable
03-11 15:56:51.989  3163  3163 I BrightnessSynchronizer: New Update: {[12555] 0.44741115(f), mUpdatedTypes=1, mConfirmedTypes=0, mTimeUpdated=0, mState=2}
03-11 15:56:51.989  3163  3163 I BrightnessSynchronizer: [12555] New Update 0.44741115(f) set brightness values:  115(i)
03-11 15:56:51.990 10834 10834 I ModuleManager: ModuleManager$ModuleInitListener.maybeUnloadModuleOnUnavailable():1386 module gzb is unavailable
03-11 15:56:51.990  3163  3163 I BrightnessSynchronizer: New PendingUpdate: {[12556] 0.44741115(f), mUpdatedTypes=0, mConfirmedTypes=0, mTimeUpdated=0, mState=1}, prev=null
03-11 15:56:51.990  3163  3163 I BrightnessSynchronizer: Swallowing update of 115(i) by update: {[12555] 0.44741115(f), mUpdatedTypes=1, mConfirmedTypes=1, mTimeUpdated=111703054, mState=2}
03-11 15:56:51.990 10834 10834 I ModuleManager: ModuleManager$ModuleInitListener.maybeUnloadModuleOnUnavailable():1386 module hzw is unavailable
03-11 15:56:51.990  3163  3163 I BrightnessSynchronizer: Completed Update: {[12555] 0.44741115(f), mUpdatedTypes=1, mConfirmedTypes=1, mTimeUpdated=111703054, mState=3}
03-11 15:56:51.990  3163  3163 I BrightnessSynchronizer: New Update: {[12556] 0.44741115(f), mUpdatedTypes=0, mConfirmedTypes=0, mTimeUpdated=0, mState=2}
03-11 15:56:51.990 10834 10834 I ModuleManager: ModuleManager$ModuleInitListener.maybeUnloadModuleOnUnavailable():1386 module nhr is unavailable
03-11 15:56:51.991 10834 10834 I ModuleManager: ModuleManager$ModuleInitListener.maybeUnloadModuleOnUnavailable():1386 module hhx is unavailable
03-11 15:56:51.991 10834 10834 I ModuleManager: ModuleManager$ModuleInitListener.maybeUnloadModuleOnUnavailable():1386 module hid is unavailable
03-11 15:56:51.991 10834 10834 I ModuleManager: ModuleManager$ModuleInitListener.maybeUnloadModuleOnUnavailable():1386 module kts is unavailable
03-11 15:56:51.991 10834 10834 I ModuleManager: ModuleManager$ModuleInitListener.maybeUnloadModuleOnUnavailable():1386 module mtm is unavailable
03-11 15:56:51.991 10834 10834 I HardKeyTracker: HardKeyTracker.unregisterKeySequence():221 Unregister key sequence nul{labelResId=0, callback=gqg@363e6be, lastModifier=0, keyCodes=[57, 57], actions=[1, 0]}
03-11 15:56:51.992 10834 10834 I HardKeyTracker: HardKeyTracker.unregisterKeySequence():221 Unregister key sequence nul{labelResId=0, callback=gqg@6cb531f, lastModifier=0, keyCodes=[58, 58], actions=[1, 0]}
03-11 15:56:51.992 10834 10834 I AbstractOpenableExtension: AbstractOpenableExtension.maybeDestroyExistingKeyboardGroupManager():534 Destroy existing keyboard group manager in hjj
03-11 15:56:51.992 10834 10834 I ModuleManager: ModuleManager$ModuleInitListener.maybeUnloadModuleOnUnavailable():1386 module IEmojiSearchExtension is unavailable
03-11 15:56:51.992 10834 10834 W NotificationCenter: NotificationCenter$NotificationQueue.notifyPendingNotificationsOnExecutor():877 Heavy notify work detected on UI thread: [miy->nhv, miy->nhv, miy->nhv, miy->nhv, miy->nhv, miy->nhv, miy->nhv, miy->nhv, miy->nhv, miy->nhv, miy->nhv, miy->nhv, miy->nhv, miy->nhv, miy->nhv, miy->nhv, miy->nhv, miy->nhv, miy->nhv, miy->nhv, miy->nhv, neg->nef, neg->nef, neg->nef, neg->nef, neg->nef, neg->nef, neg->nef, neg->nef, neg->nef, neg->nef, neg->nef, neg->nef, neg->nef, neg->nef, neg->nef, neg->nef, kgz->nhv, kgz->nhv, kgz->nhv, kgz->nhv, kgz->nhv, kgz->nhv, kgz->nhv, kgz->nhv, kgz->nhv, neg->nef, neg->nef, neg->nef, neg->nef, neg->nef, neg->nef, neg->nef, neg->nef, neg->nef, neg->nef, neg->nef, neg->nef, neg->nef, neg->nef, neg->nef, neg->nef, neg->nef, neg->nef, neg->nef, neg->nef, neg->nef, neg->nef, neg->nef, neg->nef, neg->nef, neg->nef, neg->nef, neg->nef, neg->nef, neg->nef, neg->nef, neg->nef, neg->nef, neg->nef, neg->nef, neg->nef, neg->nef, neg->nef, neg->nef, neg->nef, neg->nef, neg->nef, neg->nef, neg->nef, neg->nef, neg->nef, neg->nef, neg->nef, neg->nef, neg->nef, neg->nef] takes 34ms
03-11 15:56:51.993 10834 10834 I GoogleInputMethodService: GoogleInputMethodService.onDestroy():968 Maybe update OEM display config because of service destruction
03-11 15:56:51.994 10834 10834 I DeviceModeModule: DeviceModeModule.calculateAndNotify():197 Window metrics is not available, fallback to app context.
03-11 15:56:51.995 10834 10834 I DeviceModeModule: DeviceModeModule.calculateAndNotify():224 Device mode 'phone' from display metrics 'DisplayMetrics{density=0.0, width=1080, height=2640, scaledDensity=0.0, xdpi=397.565, ydpi=435.428}' or smallestScreenWidthDp: 411
03-11 15:56:51.995 10834 10834 I GoogleInputMethodService: GoogleInputMethodService.clearInputMethodServiceData():1030 clearInputMethodServiceData for onDestroy
03-11 15:56:51.995 10834 10834 I GoogleInputMethodService: GoogleInputMethodService.discardAllKeyboardViewAndInputView():1262 discardAllKeyboardViewAndInputView()
03-11 15:56:51.996 10834 10834 I InputMethodEntryManager: InputMethodEntryManager.notifyCurrentInputMethodEntryOnContextChanged():545 notifyCurrentInputMethodEntryOnContextChanged()
03-11 15:56:51.996 10834 10834 I InputMethodEntryManager: InputMethodEntryManager.notifyCurrentInputMethodEntryOnContextChanged():566 Notify current input method entry changed on context change
03-11 15:56:51.997 10834 10834 I KeyboardThemeProvider: KeyboardThemeProvider.reset():39 Reset keyboard theme
03-11 15:56:51.997 10834 10834 I KeyboardContextProvider: KeyboardContextProvider.setBaseContextAndInvalidKeyboardContextCache():88 setBaseContextAndInvalidKeyboardContextCache(): null
03-11 15:56:52.000  3163  7933 W WindowManager: Cannot find window which accessibility connection is added to
03-11 15:56:52.001  3163  7933 W WindowManager: Failed looking up window session=Session{aad39a 10834:u0a10310} callers=com.android.server.wm.WindowManagerService.removeClientToken:2330 com.android.server.wm.Session.remove:275 android.view.IWindowSession$Stub.onTransact:734 
03-11 15:56:52.001  3163  7933 W WindowManager: win is null client=android.os.BinderProxy@12388c
03-11 15:56:52.002 10834 10834 W WindowTokenClientController: Can't find attached WindowTokenClient for android.window.WindowTokenClient@ef8fbb2
03-11 15:56:52.003 10834 10834 I AbstractOpenableExtension: AbstractOpenableExtension$3.onSuccess():552 KeyboardGroupManager destroyed in ezz.
03-11 15:56:52.003 10834 10834 I AbstractOpenableExtension: AbstractOpenableExtension$3.onSuccess():552 KeyboardGroupManager destroyed in hme.
03-11 15:56:52.003 10834 10834 I AbstractOpenableExtension: AbstractOpenableExtension$3.onSuccess():552 KeyboardGroupManager destroyed in hjj.
03-11 15:56:52.012 10834 10834 I AppBase : AppBase.onTrimMemory():427 onTrimMemory(): 40
03-11 15:56:52.012 10834 10834 I KeyboardDefCache: MemoryFileCache$1.onTrimMemory():124 clearMemory() for trim memory: 40
03-11 15:56:52.012 10834 10834 I KeyboardDefCache: MemoryFileCache.clearMemory():408 evictAll()
03-11 15:56:52.035  3163  3231 W AccessibilityWindowsPopulator: The displayInfo of this displayId (0) called back from the surface fligner is null
03-11 15:56:52.036  2064  4171 D slpi-MOT_HALL: Flip send data : 0, State: far
03-11 15:56:52.036  2064  4173 I sensors-hal: handle_sns_client_event:365, mot_flip_event: now=188967940659506 hal ts=188967939793158, MOT_FLIP_STATE_OPEN, count=1385.0, cause=0.0, fwreg 1
03-11 15:56:52.036  2064  4171 E slpi    : MOT_GPIO_FLIP kernel state gpio unset
03-11 15:56:52.036  2064  4173 I sensors-hal: sns_device_mode_init:227, sns_device_mode_init Start
03-11 15:56:52.036  2064  4173 I android.hardware.sensors@2.1-service.multihal: vendor/qcom/proprietary/adsprpc/src/fastrpc_apps_user.c:1553: remote_handle64_open: Successfully opened handle 0x1aeb39d0 for '":;./\createstaticpd:sensorspd&_dom=adsp on domain 0
03-11 15:56:52.036  3163  3231 I DeviceStateManagerService: Cannot notify device state info change when pending state is present.
03-11 15:56:52.038  2064  4173 I android.hardware.sensors@2.1-service.multihal: vendor/qcom/proprietary/adsprpc/src/fastrpc_perf.c:273: fastrpc_perf_init: enabled systrace 0x0 and RPC traces (kernel 0, dsp 0) with frequency 1000
03-11 15:56:52.039  2064 27181 I android.hardware.sensors@2.1-service.multihal: vendor/qcom/proprietary/adsprpc/src/listener_android.c:116: listener thread starting
03-11 15:56:52.039  2064 27182 I android.hardware.sensors@2.1-service.multihal: vendor/qcom/proprietary/adsprpc/src/log_config.c:348: file_watcher_thread starting for domain 0
03-11 15:56:52.039  2064 27182 W android.hardware.sensors@2.1-service.multihal: vendor/qcom/proprietary/adsprpc/src/log_config.c:358:file_watcher_thread: Couldn't find file android.hardware.sensors@2.1-service.multihal.farf, errno (No such file or directory)
03-11 15:56:52.039  3163  3352 W BoostOptController: not supported hint: 118
03-11 15:56:52.041  2064 27181 I android.hardware.sensors@2.1-service.multihal: vendor/qcom/proprietary/adsprpc/src/mod_table.c:703: open_mod_table_open_from_static: reverse module apps_std opened with handle 0x450dfe00 (idx 0)
03-11 15:56:52.041  3163  3227 D TouchHwAidlService: onStateChanged.. state=1
03-11 15:56:52.041  3163  3231 I LogicalDisplayMapper: Requesting Transition to state: 1, from state=0, interactive=true, mBootCompleted=true
03-11 15:56:52.041  3163  3231 I LogicalDisplayMapper: Applying layout: [{dispId: 0(ON), displayGroupName: , addr: {port=130, model=0x40446dccee101c}, mThermalBrightnessThrottlingMapId: null, mRefreshRateZoneId: null, mLeadDisplayId: -1, mLeadDisplayAddress: null, mThermalRefreshRateThrottlingMapId: null, mPowerThrottlingMapId: null}], Previous layout: [{dispId: 0(ON), displayGroupName: , addr: {port=130, model=0x40446dccee101c}, mThermalBrightnessThrottlingMapId: null, mRefreshRateZoneId: null, mLeadDisplayId: -1, mLeadDisplayAddress: null, mThermalRefreshRateThrottlingMapId: null, mPowerThrottlingMapId: null}]
03-11 15:56:52.041  2064 27181 I android.hardware.sensors@2.1-service.multihal: vendor/qcom/proprietary/adsprpc/src/apps_std_imp.c:860: Successfully opened file /vendor/dsp/adsp/libsns_device_mode_skel.so
03-11 15:56:52.042  3163  3229 D CLI/SmallCLI: onDeviceLidStateChanged: state=CLOSED
03-11 15:56:52.042  3163  3231 D CLI/Rotation: Set volume keyswap sysprop for rotation 0 lidState CLOSED
03-11 15:56:52.045  2300  2446 I SurfaceFlinger: mBrightnessDiming=0, isCli=1, mBrightnessDimingCnt=0
03-11 15:56:52.047  5625  5625 I KeyguardTransitionRepository: FINISHED transition: TransitionStep(from=DOZING, to=LOCKSCREEN, value=1.0, transitionState=FINISHED, ownerName=FromDozingTransitionInteractor)
03-11 15:56:52.050  2064  4173 E android.hardware.sensors@2.1-service.multihal: vendor/qcom/proprietary/adsprpc/src/fastrpc_apps_user.c:1491: Error 0x80000406: remote_handle_open_domain: dynamic loading failed for file:///libsns_device_mode_skel.so?sns_device_mode_skel_handle_invoke&_modver=1.0&_dom=adsp on domain 0 (dlerror segment 0 failed hash verification(0x34D8000 B)) (errno Success)
03-11 15:56:52.050  2064  4173 E android.hardware.sensors@2.1-service.multihal: vendor/qcom/proprietary/adsprpc/src/fastrpc_apps_user.c:1550: Error 0x80000406: remote_handle64_open failed for file:///libsns_device_mode_skel.so?sns_device_mode_skel_handle_invoke&_modver=1.0&_dom=adsp (errno Success)
03-11 15:56:52.050  2064  4173 I sensors-hal: sns_device_mode_init:262, sns_device_mode_init End
03-11 15:56:52.050  2064  4173 E sensors-hal: sendDeviceMode:287, mot_flip: one or mode handles unopened: dm 0 rpc 1
03-11 15:56:52.051  2064  4173 E android.hardware.sensors@2.1-service.multihal: vendor/qcom/proprietary/adsprpc/src/fastrpc_apps_user.c:1366: Error 0x80000600: remote_handle_invoke failed for handle 0x0, method 1 on domain 0 (sc 0x1010200) (errno Success)
03-11 15:56:52.051  2064  4173 E android.hardware.sensors@2.1-service.multihal: vendor/qcom/proprietary/adsprpc/src/fastrpc_apps_user.c:1575: Error 0x80000600: remote_handle_close failed for handle 0x0 (dlerr \) (errno Success)
03-11 15:56:52.051  2064  4173 I android.hardware.sensors@2.1-service.multihal: vendor/qcom/proprietary/adsprpc/src/fastrpc_apps_user.c:2737: domain_deinit for domain 0: dev 80
03-11 15:56:52.053  2064 27181 E android.hardware.sensors@2.1-service.multihal: vendor/qcom/proprietary/adsprpc/src/fastrpc_apps_user.c:3516: exit_thread current process1 thread exit nErr = 0x8000040d domain 0, handle 0xb400007d1aeb39d0
03-11 15:56:52.053  2064 27182 W android.hardware.sensors@2.1-service.multihal: vendor/qcom/proprietary/adsprpc/src/log_config.c:368:Warning: file_watcher_thread received exit for domain 0, file android.hardware.sensors@2.1-service.multihal.farf
03-11 15:56:52.053  2064 27182 I android.hardware.sensors@2.1-service.multihal: vendor/qcom/proprietary/adsprpc/src/log_config.c:415: file_watcher_thread exiting for domain 0
03-11 15:56:52.054  3163  4279 I CLI/Transition_Device: lid state changed: CLOSED -> OPEN, device state changed to CLOSED
03-11 15:56:52.054  3163  4279 D CLI/Transition_Lid: update lid state OPEN
03-11 15:56:52.054  2064  4173 I android.hardware.sensors@2.1-service.multihal: vendor/qcom/proprietary/adsprpc/src/mod_table.c:789: open_mod_table_close: closed reverse module apps_std with handle 0x450dfe00
03-11 15:56:52.054  3163  3163 I BrightnessSynchronizer: New Update: {[12557] 0.44741115(f), mUpdatedTypes=0, mConfirmedTypes=0, mTimeUpdated=0, mState=2}
03-11 15:56:52.055  2064  4173 E android.hardware.sensors@2.1-service.multihal: vendor/qcom/proprietary/adsprpc/src/fastrpc_apps_user.c:1614: Error 0x80000600: remote_handle64_close failed for handle 0xb400007d1aeb39d0 remote handle 0x0 (errno Success)
03-11 15:56:52.057  6461  6564 I Capsense_Cal: Sensor GetEvents event_count==1
03-11 15:56:52.057  6461  6564 D Capsense_Cal: SensorThread sensorEvents
03-11 15:56:52.057  6461  6564 D Capsense_Cal: Capsensor hallEventHandler sensorEvents->data[0]==1.000000
03-11 15:56:52.057  6461  6564 D Capsense_Cal: start cal : /sys/class/capsense/capsense1/reset, msg: flip_far
03-11 15:56:52.058  6461  6564 D Capsense_Cal: start cal : /sys/class/capsense/capsense0/reset, msg: flip_far
03-11 15:56:52.060  3163  4279 W InputDispatcher: Focused display #0 does not have a focused window.
03-11 15:56:52.060  2067  2067 D AHAL: AudioDevice: SetParameters: 1564: enter: cli_state=open
03-11 15:56:52.060  2067  2067 D AHAL: AudioVoice: VoiceSetParameters: 87: Enter params: cli_state=open
03-11 15:56:52.060  2067  2067 D AHAL: AudioVoice: VoiceSetParameters: 360: Exit ret: 0
03-11 15:56:52.060  3163  4279 E InputDispatcher: But another display has a focused window
03-11 15:56:52.060  3163  4279 E InputDispatcher:   FocusedWindows:
03-11 15:56:52.060  3163  4279 E InputDispatcher:     displayId=1, name='2b129fe Venus-Home'
03-11 15:56:52.060  2067  2067 D AHAL: FM: fm_set_parameters: 262: Enter
03-11 15:56:52.060  2067  2067 D AHAL: FM: fm_set_parameters: 320: exit
03-11 15:56:52.060  2067  2067 D AHAL: AudioDevice: SetParameters: 2361: exit: cli_state=open
03-11 15:56:52.061  3163  3231 W AccessibilityWindowsPopulator: The displayInfo of this displayId (0) called back from the surface fligner is null
03-11 15:56:52.062  3163  3227 D TouchHwAidlService: onTapToWakeSettingsChanged isAmbientDisplayAvailable=1 aodEnable=true singleTapEnable=true doubleTapEnable=true lidState=1 callers=com.motorola.server.display.TouchHwAidlService.-$$Nest$monTapToWakeSettingsChanged:0 com.motorola.server.display.TouchHwAidlService$4.onChange:573 android.database.ContentObserver.onChange:184 
03-11 15:56:52.062  3163  3227 D TouchHwAidlService: enableTapWake mode=33 displayId=0 mGestureStowMode=true
03-11 15:56:52.063  2106  2106 I motorola.hardware.display.touch-service: Setting Gesture to 33
03-11 15:56:52.063  3163  3227 D TouchHwAidlService: setGestureModeHal done mode=33 newMode=33 result=0
03-11 15:56:52.063  3163  3227 D TouchHwAidlService: enableTapWake mode=33 displayId=1 mGestureStowMode=true
03-11 15:56:52.063  3163  3227 D TouchHwAidlService: transfer mode=33 transMode=32 cli=true
03-11 15:56:52.063  2106  2106 I motorola.hardware.display.touch-service: Setting CLI Gesture to 32
03-11 15:56:52.064  3163  3227 D TouchHwAidlService: setCliGestureModeHal done mode=33 newMode=32 result=0
03-11 15:56:52.064  3163  3227 D TouchHwAidlService: enableTapWake mode=49 displayId=-1 mGestureStowMode=true
03-11 15:56:52.064  2106  2106 I motorola.hardware.display.touch-service: Setting Gesture to 49
03-11 15:56:52.064  7314  7314 D GameMode: mCLIStatusReceiver: 1
03-11 15:56:52.064  5625  5625 D SCliNotifPanelController: onLidOpen
03-11 15:56:52.064  7314  7314 D GameMode: exiting game mode
03-11 15:56:52.064  5625  5625 V SmallCli_WindowController: state=SmallCli window State {
03-11 15:56:52.064  5625  5625 V SmallCli_WindowController:   mBrightnessVisible: false
03-11 15:56:52.064  5625  5625 V SmallCli_WindowController:   mDynamicPanelVisible: false
03-11 15:56:52.064  5625  5625 V SmallCli_WindowController:   mFlashLightPrompt: false
03-11 15:56:52.064  5625  5625 V SmallCli_WindowController:   mHeadsUpPanelVisible: false
03-11 15:56:52.064  5625  5625 V SmallCli_WindowController:   mKeyguardOccluded: false
03-11 15:56:52.064  5625  5625 V SmallCli_WindowController:   mLidOpen: true
03-11 15:56:52.064  5625  5625 V SmallCli_WindowController:   mNotificationVisible: false
03-11 15:56:52.064  5625  5625 V SmallCli_WindowController:   mPowerMenuVisible: false
03-11 15:56:52.064  5625  5625 V SmallCli_WindowController:   mQsVisible: false
03-11 15:56:52.064  5625  5625 V SmallCli_WindowController:   mVolumeVisible: false
03-11 15:56:52.064  5625  5625 V SmallCli_WindowController: }
03-11 15:56:52.065  3163  3227 D TouchHwAidlService: setGestureModeHal done mode=49 newMode=49 result=0
03-11 15:56:52.065  3163  3227 D TouchHwAidlService: transfer mode=49 transMode=48 cli=true
03-11 15:56:52.065  2723  2723 I CameraService: Previous DeviceState : 4 New DeviceState : 0
03-11 15:56:52.065  2106  2106 I motorola.hardware.display.touch-service: Setting CLI Gesture to 48
03-11 15:56:52.065  3163  3227 D TouchHwAidlService: setCliGestureModeHal done mode=49 newMode=48 result=0
03-11 15:56:52.069  3163  3227 D TouchHwAidlService: Unregister stow sensor
03-11 15:56:52.069  3163  3227 W AlarmManager: Unrecognized alarm listener com.motorola.server.display.TouchHwAidlService$AlarmListenerImpl@de23d8f
03-11 15:56:52.069  3163  3227 D TouchHwAidlService: Unregister stow sensor
03-11 15:56:52.069  3163  3227 W AlarmManager: Unrecognized alarm listener com.motorola.server.display.TouchHwAidlService$AlarmListenerImpl@de23d8f
03-11 15:56:52.069  3163  3227 D TouchHwAidlService: Unregister stow sensor
03-11 15:56:52.069  3163  3227 W AlarmManager: Unrecognized alarm listener com.motorola.server.display.TouchHwAidlService$AlarmListenerImpl@de23d8f
03-11 15:56:52.069  3163  3227 D TouchHwAidlService: enableGestureStowMode stowed: false
03-11 15:56:52.069  2106  2106 I motorola.hardware.display.touch-service: Setting stow gesture mode to 0 for panel 1
03-11 15:56:52.069  2186  2186 I CamxPrvdr@2.7-legacy: notifyDeviceStateChange: New device state: 0x0
03-11 15:56:52.069  2186  2186 I CamxComm1.0-CamModule: notifyDeviceStateChange: calling notify_device_state_change with state 0
03-11 15:56:52.069  2186  2186 D CamX    : [DEBUG][HAL    ] camxhal3module.cpp:411 NotifyDeviceStateChange() New Device State: 0
03-11 15:56:52.069  3163  3227 D TouchHwAidlService: setStowGestureMode for cli stowed=false ret=0
03-11 15:56:52.069  3163  3227 D TouchHwAidlService: enableGestureStowMode stowed: false
03-11 15:56:52.069  2106  2106 I motorola.hardware.display.touch-service: Setting stow gesture mode to 0 for panel 1
03-11 15:56:52.069  3163  3227 D TouchHwAidlService: setStowGestureMode for cli stowed=false ret=0
03-11 15:56:52.069  6344  6344 I WindowController: window interactive state updated to false
03-11 15:56:52.069  3163  3227 D TouchHwAidlService: enableGestureStowMode stowed: false
03-11 15:56:52.069  2106  2106 I motorola.hardware.display.touch-service: Setting stow gesture mode to 0 for panel 1
03-11 15:56:52.069  3163  3227 D TouchHwAidlService: setStowGestureMode for cli stowed=false ret=0
03-11 15:56:52.070  7314  7314 D GameMode: isFeatureSupported: true
03-11 15:56:52.070  3163  7933 W InputManager-JNI: Input channel object '[Gesture Monitor] moto_actions_input_channel (client)' was disposed without first being removed with the input manager!
03-11 15:56:52.070  7314  7314 D GameMode: isFeatureSupported: true
03-11 15:56:52.071  7314  7314 D GameMode: reset : false
03-11 15:56:52.071  7314  7314 D GameMode: isFeatureSupported: true
03-11 15:56:52.075  2061  2108 E minksocket: MinkIPC_QRTR_Service: client with node 1 port 6fd7 went down
03-11 15:56:52.076  2061  2108 E minksocket: MinkIPC_QRTR_Service: client with node 1 port 6fcb went down
03-11 15:56:52.076  5705  5705 D GameModeDetector: notifyGameModeStatusValue, value=false
03-11 15:56:52.076  5705  5705 D DaxService: sendGameModeIntent, state=false
03-11 15:56:52.077  2061  2108 E minksocket: MinkIPC_QRTR_Service: client with node 1 port 6fd1 went down
03-11 15:56:52.077  2061  2108 E minksocket: MinkIPC_QRTR_Service: client with node 1 port 6fde went down
03-11 15:56:52.077  3163  3251 D ActivityManager: unfreezing ProcessRecord{c865bac 14688:com.motorola.dolby.dolbyui/u0a182}, reason = unfreezeTemporarily, adj = 925, adjType = cch-empty, adjSource = null
03-11 15:56:52.077  3163  3251 D ActivityManager: sync unfroze 14688 com.motorola.dolby.dolbyui for 3
03-11 15:56:52.080  6344  6675 D Surface : Surface::disconnect
03-11 15:56:52.080  6344  6675 D BufferQueueProducer: [Venus-Home#100944(BLAST Consumer)pid:6344](id:18c8000002b2,api:1,p:6344,c:6344) disconnect: api 1
03-11 15:56:52.081  3163  4279 D CLI/Transition_Lid: started waiting for displaygroup 1 off. needMove:false, wakeForContinuityAtWill:false
03-11 15:56:52.081  3163  4279 I PowerGroup: Sleeping power group (groupId=1, uid=1000, reason=lid_switch)...
03-11 15:56:52.081  3163  3163 I WindowManager: Started going to sleep... (groupId=1 why=OFF_BECAUSE_OF_USER) notifySleepToKeyguard=false lidState=1 pmSleepReason=lid_switch
03-11 15:56:52.081  3163  4279 D PowerManagerService: ignore setGlobalWakefulnessLocked 0 due to lid state change.
03-11 15:56:52.084 14688 14792 D DolbyDaxUI: getDeviceType, active device is 0x2
03-11 15:56:52.084 14688 14792 D DolbyDaxUI: getDeviceType, active device is 0x2
03-11 15:56:52.084  3163  3352 I DisplayPowerController2[1]: 03-11 15:56:52.084 - BrightnessEvent: disp=1, physDisp=local:4630947043778501763, displayState=ON, displayPolicy=OFF, brt=0.38325694, initBrt=0.38325694, rcmdBrt=0.38325694, preBrt=NaN, lux=214.3, preLux=NaN, brtNits=130.89487, hdrNits=NaN, initNits=130.89487, preNits=NaN, rcmdNits=130.89487, hdrBrightness=NaN, brt(%)=50%, brtInt=98, hbmPolicy=normal, hbmMax=0.7660316, hbmMode=off, rbcStrength=-1, thrmMax=1.0, powerFactor=1.0, wasShortTermModelActive=false, flags=, reason=automatic, autoBrightness=true, strategy=InvalidBrightnessStrategy, autoBrightnessMode=default
03-11 15:56:52.084  3163  3352 I DisplayPowerController2[1]: Blocking screen off
03-11 15:56:52.085  3163  3352 I WindowManager: Display 1 turning off...
03-11 15:56:52.085  3163  3352 I DisplayPowerController2[1]: Unblocked screen off after 0 ms
03-11 15:56:52.086  3163  3352 I WindowManager: Display1 turned off...
03-11 15:56:52.086  3163  3352 I DisplayBrightnessStrategySelector: Changing the DisplayBrightnessStrategy from InvalidBrightnessStrategy to ScreenOffBrightnessStrategy for display 1
03-11 15:56:52.086  3163  3229 D CLI/SmallCLI: onScreenTurnedOff: 
03-11 15:56:52.087  2067  2067 D DlbDapEffectContext: DapEffectContext[0xb400007ca4048450] getDapParameter() outval size = 12, ret = 0
03-11 15:56:52.087  2064  2064 I sensors-hal: activate:173, com.motorola.sensor.alternate_light/65959 en=0
03-11 15:56:52.087  2067  2067 D DlbDapEffectContext: DapEffectContext[0xb400007ca4048450] getDapParameter() outval size = 12, ret = 0
03-11 15:56:52.087  5705 11630 D DolbyAudioEffectHelper: getDolbyStatus enabled=true profile=0
03-11 15:56:52.087  5705 11630 D DolbyProvider: true, profile=0
03-11 15:56:52.087  2064  2064 I sensors-hal: activate:184, com.motorola.sensor.alternate_light/65959 en=0 completed
03-11 15:56:52.088  2061  2108 E minksocket: MinkIPC_QRTR_Service: client with node 1 port 6ff4 went down
03-11 15:56:52.088  3163  3352 V DisplayPowerController2[1]: Brightness [0.0] reason changing to: 'screen_off', previous reason: 'automatic'.
03-11 15:56:52.088  3163  3352 I DisplayPowerController2[1]: 03-11 15:56:52.088 - BrightnessEvent: disp=1, physDisp=local:4630947043778501763, displayState=OFF, displayPolicy=OFF, brt=0.0, initBrt=0.38325694, rcmdBrt=NaN, preBrt=NaN, lux=0.0, preLux=0.0, brtNits=3.3701954, hdrNits=NaN, initNits=130.89487, preNits=NaN, rcmdNits=NaN, hdrBrightness=NaN, brt(%)=0%, brtInt=1, hbmPolicy=normal, hbmMax=0.7660316, hbmMode=off, rbcStrength=-1, thrmMax=1.0, powerFactor=1.0, wasShortTermModelActive=false, flags=, reason=screen_off, autoBrightness=true, strategy=ScreenOffBrightnessStrategy, autoBrightnessMode=default
03-11 15:56:52.089  3163  5308 D TouchHwAidlService: setCliDisplayState: mCliScreenOff=true
03-11 15:56:52.089  3163  3231 D DisplayManagerService: Ignore redundant display event 1/4 to 10276/6616
03-11 15:56:52.089  3163  3163 I BrightnessSynchronizer: New Update: {[12558] 0.44741115(f), mUpdatedTypes=0, mConfirmedTypes=0, mTimeUpdated=0, mState=2}
03-11 15:56:52.089  3163  3231 D DisplayManagerService: Ignore redundant display event 1/4 to 10559/10258
03-11 15:56:52.089  3163  3231 D DisplayManagerService: Ignore redundant display event 1/4 to 10310/10834
03-11 15:56:52.089  3163  5308 D TouchHwAidlService: onTapToWakeSettingsChanged isAmbientDisplayAvailable=1 aodEnable=true singleTapEnable=true doubleTapEnable=true lidState=1 callers=com.motorola.server.display.TouchHwAidlService.setCliDisplayState:554 com.motorola.server.MotoExtHwService$MotoExtHwManagerInternal.setCliDisplayState:454 com.android.server.display.LocalDisplayAdapter$LocalDisplayDevice$1.setDisplayState:1082 
03-11 15:56:52.089  3163  5308 D TouchHwAidlService: enableTapWake mode=33 displayId=0 mGestureStowMode=true
03-11 15:56:52.089  3163  3231 I DisplayDeviceRepository: Display device changed state: "HDMI Screen", OFF
03-11 15:56:52.089  2106  2106 I motorola.hardware.display.touch-service: Setting Gesture to 33
03-11 15:56:52.090  3163  5308 D TouchHwAidlService: setGestureModeHal done mode=33 newMode=33 result=0
03-11 15:56:52.090  3163  3352 D BrightnessThermalClamper: Thermal status observer already started
03-11 15:56:52.090  3163  5308 D TouchHwAidlService: enableTapWake mode=33 displayId=1 mGestureStowMode=true
03-11 15:56:52.090  3163  5308 D TouchHwAidlService: transfer mode=33 transMode=32 cli=true
03-11 15:56:52.090  3163  3231 I InputManager-JNI: Viewport [0] to add: local:4630947043778501762, isActive: false
03-11 15:56:52.090  3163  3231 I InputManager-JNI: Viewport [1] to add: local:4630947043778501763, isActive: false
03-11 15:56:52.090  2106  2106 I motorola.hardware.display.touch-service: Setting CLI Gesture to 32
03-11 15:56:52.090  3163  3227 D TouchHwAidlService: Unregister stow sensor
03-11 15:56:52.090  3163  3227 W AlarmManager: Unrecognized alarm listener com.motorola.server.display.TouchHwAidlService$AlarmListenerImpl@de23d8f
03-11 15:56:52.090  3163  5308 D TouchHwAidlService: setCliGestureModeHal done mode=33 newMode=32 result=0
03-11 15:56:52.090  3163  5308 D TouchHwAidlService: enableTapWake mode=49 displayId=-1 mGestureStowMode=true
03-11 15:56:52.090  3163  3227 D TouchHwAidlService: enableGestureStowMode stowed: false
03-11 15:56:52.090  2106  2106 I motorola.hardware.display.touch-service: Setting Gesture to 49
03-11 15:56:52.091  2106  2106 I motorola.hardware.display.touch-service: Setting stow gesture mode to 0 for panel 1
03-11 15:56:52.091  3163  3229 D ActivityTaskManager: Top Process State changed to PROCESS_STATE_TOP
03-11 15:56:52.092  3163  3229 V WindowManager: Content Recording: Display 1 state was (2), is now (1), so update recording?
03-11 15:56:52.092  5625  5669 V WindowManagerShell: Transition requested (#8489): android.os.BinderProxy@6b39ae4 TransitionRequestInfo { type = WAKE, triggerTask = null, pipTask = null, remoteTransition = null, displayChange = null, flags = 0, debugId = 8489 }
03-11 15:56:52.092  3163  3229 D CLI/Transition: displaygroup 1, state OFF, pendingdisplaygroup 1
03-11 15:56:52.092  3163  3229 W SurfaceControl: Invalid layer stack -1
03-11 15:56:52.092  3163  3229 I DisplayDevice: [1] Layerstack set to -1 for local:4630947043778501763 mDisplayToken=android.os.BinderProxy@433f576 t=Transaction{mNativeObject=-5476376673043392304, mHashCode=0}
03-11 15:56:52.092  3163  3231 D PanelsService: updateCliDisplayState: mCliScreenState=OFF
03-11 15:56:52.093 27185 27185 I ThermalEngine: Throttling daemon started
03-11 15:56:52.093 27185 27185 E ThermalEngine: config_info path not found: /sys/module/msm_thermal/config_info
03-11 15:56:52.093 27185 27185 I ThermalEngine: Using device config file '/vendor/etc/thermal-engine-lynkco.conf'
03-11 15:56:52.093  3163  4285 I InputReader: Reconfiguring input devices, changes=DISPLAY_INFO
03-11 15:56:52.093  3163  4285 I InputReader: Disabling goodix_ts (device 7) because the associated viewport is not active
03-11 15:56:52.093  3163  4285 I InputReader: Disabling zinitix_mt (device 6) because the associated viewport is not active
03-11 15:56:52.093  3163  4285 I InputReader: Device reconfigured: id=6, name='zinitix_mt', size 194x368, orientation Rotation0, mode DISABLED, display id 1
03-11 15:56:52.094  3163  3227 D TouchHwAidlService: setStowGestureMode for cli stowed=false ret=0
03-11 15:56:52.094  3163  3227 D TouchHwAidlService: Unregister stow sensor
03-11 15:56:52.094  3163  3227 W AlarmManager: Unrecognized alarm listener com.motorola.server.display.TouchHwAidlService$AlarmListenerImpl@de23d8f
03-11 15:56:52.094  3163  3227 D TouchHwAidlService: updateCliDisplayState: mCliScreenOn=false
03-11 15:56:52.094  3163  3227 D TouchHwAidlService: enableGestureStowMode stowed: false
03-11 15:56:52.094  2106  2106 I motorola.hardware.display.touch-service: Setting stow gesture mode to 0 for panel 1
03-11 15:56:52.094  3163  3227 D TouchHwAidlService: setStowGestureMode for cli stowed=false ret=0
03-11 15:56:52.095  6942 11492 D ForegroundUtils: Foreground UID status: 10243, false; 10246, false; 10292, false; 10363, false; 10394, true; 10404, true; 10618, false; 10661, true; 
03-11 15:56:52.095  3163  3231 W ServiceManagerCppClient: Failed to get isDeclared for com.motorola.hardware.display.panel.IDisplayPanel/default: Status(-1, EX_SECURITY): 'SELinux denied.'
03-11 15:56:52.095  3163  3231 D DisplayPanelService: Setting panel dc mode: 0
03-11 15:56:52.095  2090  2090 I DisplayPanel: setDcMode: DC mode = OFF
03-11 15:56:52.096  2090  2090 D DisplayPanel: setParam: Success set DC to 0 for Primary display
03-11 15:56:52.096  7545  7545 I FileStationLog: [ FS_h$a ] - [Display] Changed display: 1
03-11 15:56:52.097  5658  6105 I bt_shim_scanner: system/main/shim/le_scanning_manager.cc:185 Scan: in shim layer stopped
03-11 15:56:52.097  7545  7545 I FileStationLog: [ FS_h$a ] - [Display] Ignoring change for non-default/desktop display: 1
03-11 15:56:52.097  5658  5907 I bluetooth: system/gd/hci/le_address_manager.cc:244 unregister_client: Client unregistered
03-11 15:56:52.097  5658  5907 I bluetooth: system/gd/hci/le_address_manager.cc:248 unregister_client: Cancelled address rotation alarm
03-11 15:56:52.097  5658  6105 W BtGatt.JNI: android/app/jni/com_android_bluetooth_gatt.cpp:1597 gattSetScanParametersNative: gattSetScanParametersNative
03-11 15:56:52.097  5658  6105 I bt_shim_scanner: system/main/shim/le_scanning_manager.cc:363 SetScanParameters: in shim layer, scannerId=1
03-11 15:56:52.098  5658  6105 I bt_shim_scanner: system/main/shim/le_scanning_manager.cc:185 Scan: in shim layer started
03-11 15:56:52.098  5658  5907 I bluetooth: system/gd/hci/le_scanning_manager.cc:690 stop_scan: Scanning already stopped, return!
03-11 15:56:52.098  5658  5907 I bluetooth: system/gd/hci/le_address_manager.cc:226 register_client: Scheduled address rotation for first client registered
03-11 15:56:52.098  5658  5907 I bluetooth: system/gd/hci/le_address_manager.cc:229 register_client: Client registered
03-11 15:56:52.098  3163  5308 D TouchHwAidlService: setGestureModeHal done mode=49 newMode=49 result=0
03-11 15:56:52.098  2068  6060 I vendor.qti.bluetooth@1.0-ibs_handler: ProcessIbsCmd: Received IBS_WAKE_IND: 0xFD
03-11 15:56:52.098  2068  6060 I vendor.qti.bluetooth@1.0-ibs_handler: ProcessIbsCmd: Writing IBS_WAKE_ACK
03-11 15:56:52.098  3163  4279 I PowerGroup: Waking up power group from Asleep (groupId=0, uid=1000, reason=WAKE_REASON_LID, details=cli: lid state change)...
03-11 15:56:52.098  3163  4279 W BoostOptController: not supported hint: 118
