--------- beginning of system
03-10 13:18:48.702  3163  7454 D WindowManager: captureDisplay
--------- beginning of main
03-10 13:18:48.787 26726 26753 I appium  : channel read: GET /session/1c406f81-ebc6-4797-9a05-ccb35a3706fb/source
03-10 13:18:48.788 26726 26753 I appium  : Source command
03-10 13:18:48.788 26726 26753 I appium  : Waiting up to 10000ms for the device to idle
03-10 13:18:48.802  3163  3231 I DisplayDeviceRepository: Display device changed render timings: "Built-in Screen", renderFrameRate=120.00001, presentationDeadlineNanos=10722222, appVsyncOffsetNanos=1000000
03-10 13:18:48.807  3163  3231 D DisplayManagerService: Ignore redundant display event 0/2 to 10276/4847
03-10 13:18:48.808  3163  3229 D CLI/Transition: displaygroup 0, state ON, pendingdisplaygroup -1
03-10 13:18:48.809  2067 14471 D AHAL: AudioDevice: SetParameters: 1564: enter: screen_state=on
03-10 13:18:48.809  2067 14471 D AHAL: AudioVoice: VoiceSetParameters: 87: Enter params: screen_state=on
03-10 13:18:48.809  2067 14471 D AHAL: AudioVoice: VoiceSetParameters: 360: Exit ret: 0
03-10 13:18:48.809  2067 14471 D AHAL: FM: fm_set_parameters: 262: Enter
03-10 13:18:48.809  2067 14471 D AHAL: FM: fm_set_parameters: 320: exit
03-10 13:18:48.809  2067 14471 D AHAL: AudioDevice: SetParameters: 1625:  - screen = on
03-10 13:18:48.809  2067 14471 I PAL: ResourceManager: setParameter: 8311: Screen State:1
03-10 13:18:48.809  2067 14471 D AHAL: AudioDevice: SetParameters: 2361: exit: screen_state=on
03-10 13:18:48.809  3163  3231 D DisplayManagerService: Ignore redundant display event 0/2 to 10416/11416
03-10 13:18:48.813 26976 27604 D MCLOG   : [BrightnessTrigger] onDisplayChanged displayId = 0
03-10 13:18:48.815  3163  3203 D WindowManager: captureDisplay
03-10 13:18:48.817 26976 27604 D MCLOG   : [BrightnessManager] displayId = 0 brightness = 0.40187436 nit = 104.56615 level = br2
03-10 13:18:48.818  3163  3352 D BrightnessThermalClamper: Thermal status observer already started
03-10 13:18:48.823  7545  7545 I FileStationLog: [ FS_h$a ] - [Display] Changed display: 0
03-10 13:18:48.824  7545  7545 I FileStationLog: [ FS_h ] - [Logic] Retrieved display info: LogicDisplayInfo(width=1080, height=2640, orientation=1, rotation=0, displayId=0)
03-10 13:18:48.824  7545  7545 I FileStationLog: [ FS_h$a ] - [Display] New logical size: 1080x2640
03-10 13:18:48.824  7545  7545 I FileStationLog: [ FS_h$a ] - [Display] Screen width unchanged: 1080
03-10 13:18:48.871  2300  2300 I Scheduler: applyPolicy: UpdateRefreshRate 120 to 120 of group 3: [touch=0:0 touchBoost=0 scroll=0:0 idle=0:0] for display 4630947043778501762
03-10 13:18:48.872  2300  2300 D DisplayModeController: setDesiredMode 4630947043778501762 {mode={fps=120.00 Hz, modePtr={id=0, vsyncRate=120.00 Hz, peakRefreshRate=120.00 Hz}}, emitEvent=true, force=false}
03-10 13:18:48.872  2300  2300 I SurfaceFlinger: initiateDisplayModeChanges changing active mode from 1(120.00 Hz:16) to 0(120.00 Hz:3) for display 4630947043778501762
03-10 13:18:48.872  2300  2300 I SurfaceFlinger: initiateDisplayModeChanges active mode changed to 0(120.00 Hz) for display 4630947043778501762. mBrightnessDimingCnt=0
03-10 13:18:48.873  2195  2392 W SDM     : HWDeviceDRM::GetSupportedBitClkRate: Requested rate not supported: 0
03-10 13:18:48.873  2195  2392 I SDM     : HWDeviceDRM::UpdateMixerAttributes: Mixer WxH 1080x2640-0 for Peripheral
03-10 13:18:48.874  2195  2392 I SDM     : HWCDisplay::SubmitDisplayConfig: Active configuration changed from config 3 to 0
03-10 13:18:48.883  3163  3231 I DisplayDeviceRepository: Display device changed render timings: "Built-in Screen", renderFrameRate=120.00001, presentationDeadlineNanos=13333332, appVsyncOffsetNanos=1000000
03-10 13:18:48.884  2300  2300 I SurfaceFlinger: initiateDisplayModeChanges changing active mode from 0(120.00 Hz:3) to 0(120.00 Hz:3) for display 4630947043778501762
03-10 13:18:48.885  3163  3231 D DisplayManagerService: Ignore redundant display event 0/2 to 10276/4847
03-10 13:18:48.885  3163  3352 D BrightnessThermalClamper: Thermal status observer already started
03-10 13:18:48.885  3163  3231 D DisplayManagerService: Ignore redundant display event 0/2 to 10416/11416
03-10 13:18:48.886  2067 14471 D AHAL: AudioDevice: SetParameters: 1564: enter: screen_state=on
03-10 13:18:48.886  2067 14471 D AHAL: AudioVoice: VoiceSetParameters: 87: Enter params: screen_state=on
03-10 13:18:48.886  2067 14471 D AHAL: AudioVoice: VoiceSetParameters: 360: Exit ret: 0
03-10 13:18:48.886  2067 14471 D AHAL: FM: fm_set_parameters: 262: Enter
03-10 13:18:48.886  2067 14471 D AHAL: FM: fm_set_parameters: 320: exit
03-10 13:18:48.886  2067 14471 D AHAL: AudioDevice: SetParameters: 1625:  - screen = on
03-10 13:18:48.886  2067 14471 I PAL: ResourceManager: setParameter: 8311: Screen State:1
03-10 13:18:48.886  2067 14471 D AHAL: AudioDevice: SetParameters: 2361: exit: screen_state=on
03-10 13:18:48.889 26976 27604 D MCLOG   : [BrightnessTrigger] onDisplayChanged displayId = 0
03-10 13:18:48.890  3163  3229 D CLI/Transition: displaygroup 0, state ON, pendingdisplaygroup -1
03-10 13:18:48.891  7545  7545 I FileStationLog: [ FS_h$a ] - [Display] Changed display: 0
03-10 13:18:48.891  7545  7545 I FileStationLog: [ FS_h ] - [Logic] Retrieved display info: LogicDisplayInfo(width=1080, height=2640, orientation=1, rotation=0, displayId=0)
03-10 13:18:48.891  7545  7545 I FileStationLog: [ FS_h$a ] - [Display] New logical size: 1080x2640
03-10 13:18:48.891  7545  7545 I FileStationLog: [ FS_h$a ] - [Display] Screen width unchanged: 1080
03-10 13:18:48.894 26976 27604 D MCLOG   : [BrightnessManager] displayId = 0 brightness = 0.40187436 nit = 104.56615 level = br2
03-10 13:18:48.905 26768 26782 W m.mcdonalds.app: Checksum mismatch for dex base.apk!classes5.dex
03-10 13:18:48.905 26768 26782 W m.mcdonalds.app: Could not add methods to the existing profiler. Clearing the profile data.
03-10 13:18:48.914  3163  7933 D WindowManager: captureDisplay
03-10 13:18:49.014  3163  4132 D WindowManager: captureDisplay
03-10 13:18:49.115  3163  7400 D WindowManager: captureDisplay
03-10 13:18:49.145  2300 26363 I Scheduler: applyPolicy: UpdateRefreshRate 120 to 120 of group 16: [touch=0:0 touchBoost=0 scroll=0:0 idle=1:1] for display 4630947043778501762
03-10 13:18:49.145 26726 26753 I appium  : AppiumResponse: {"sessionId":"1c406f81-ebc6-4797-9a05-ccb35a3706fb","value":"<?xml version='1.0' encoding='UTF-8' standalone='yes' ?>\r\n<hierarchy index=\"0\" class=\"hierarchy\" rotation=\"0\" width=\"1080\" height=\"2640\">\r\n  <android.widget.FrameLayout index=\"0\" package=\"com.mcdonalds.app\" class=\"androi…
03-10 13:18:49.146  2300 26363 D DisplayModeController: setDesiredMode 4630947043778501762 {mode={fps=120.00 Hz, modePtr={id=1, vsyncRate=120.00 Hz, peakRefreshRate=120.00 Hz}}, emitEvent=false, force=false}
03-10 13:18:49.154  2300  2300 I SurfaceFlinger: initiateDisplayModeChanges changing active mode from 0(120.00 Hz:3) to 1(120.00 Hz:16) for display 4630947043778501762
03-10 13:18:49.155  2300  2300 I SurfaceFlinger: initiateDisplayModeChanges active mode changed to 1(120.00 Hz) for display 4630947043778501762. mBrightnessDimingCnt=0
03-10 13:18:49.155  2195  2392 W SDM     : HWDeviceDRM::GetSupportedBitClkRate: Requested rate not supported: 0
03-10 13:18:49.155  2195  2392 I SDM     : HWDeviceDRM::UpdateMixerAttributes: Mixer WxH 1080x2640-0 for Peripheral
03-10 13:18:49.156  2195  2392 I SDM     : HWCDisplay::SubmitDisplayConfig: Active configuration changed from config 0 to 3
03-10 13:18:49.163  2300  2300 I SurfaceFlinger: initiateDisplayModeChanges changing active mode from 1(120.00 Hz:16) to 1(120.00 Hz:16) for display 4630947043778501762
03-10 13:18:49.163 26726 26753 I appium  : channel read: GET /session/1c406f81-ebc6-4797-9a05-ccb35a3706fb/screenshot
03-10 13:18:49.164 26726 26753 I appium  : CaptureScreenshot command
03-10 13:18:49.165 26726 26753 W tomator2.server: Accessing hidden method Landroid/view/Display;->getAddress()Landroid/view/DisplayAddress; (blocked, reflection, allowed)
03-10 13:18:49.165 26726 26753 W tomator2.server: Accessing hidden method Landroid/view/DisplayAddress$Physical;->getPhysicalDisplayId()J (blocked, reflection, allowed)
03-10 13:18:49.215  3163  7000 D WindowManager: captureDisplay
03-10 13:18:49.290 28037 28037 W BpBinder: Linking to death on android.gui.ISurfaceComposer but there are no threads (yet?) listening to incoming transactions. See ProcessState::startThreadPool and ProcessState::setThreadPoolMaxThreadCount. Generally you should setup the binder threadpool before other initialization steps.
03-10 13:18:49.290 28037 28037 W ProcessState: Extra binder thread started, but 0 threads requested. Do not use *startThreadPool when zero threads are requested.
03-10 13:18:49.317  3163  7000 D WindowManager: captureDisplay
03-10 13:18:49.382 26726 26731 I tomator2.server: NativeAlloc concurrent mark compact GC freed 2524KB AllocSpace bytes, 64(3540KB) LOS objects, 81% free, 5442KB/29MB, paused 318us,5.685ms total 22.921ms
03-10 13:18:49.397  3163  5158 D WifiStaIfaceHidlImpl: getCachedScanData is not implemented by HIDL
03-10 13:18:49.418  3163  7000 D WindowManager: captureDisplay
03-10 13:18:49.518  3163  4132 D WindowManager: captureDisplay
03-10 13:18:49.618  3163  4132 D WindowManager: captureDisplay
03-10 13:18:49.719  3163  4132 D WindowManager: captureDisplay
03-10 13:18:49.820  3163  7000 D WindowManager: captureDisplay
03-10 13:18:49.823 26726 26753 I appium  : AppiumResponse: {"sessionId":"1c406f81-ebc6-4797-9a05-ccb35a3706fb","value":"iVBORw0KGgoAAAANSUhEUgAABDgAAApQCAYAAABYiJrlAAAAAXNSR0IArs4c6QAAAARzQklUCAgICHwIZIgAACAASURBVHic7N13XFRnvgbw58xQZqgDiPSugIAoYgHEXpLYNTGJppkYTdlkN3E3m213c7N7k7st190ku7nZVddkTTRqLImpajRWBAELHQFBQJrSZ4Ap5/7BzrmODEUFhpHn+/nwiZz6HjTDOc/5ve8rvPL…
