03-10 19:21:41.960  5625  5625 V DreamService[DozeService]: finish(): mFinished=true activity=null callers=android.service.dreams.DreamService.detach:1492 android.service.dreams.DreamService.-$$Nest$mdetach:0 android.service.dreams.DreamService$DreamServiceWrapper.$r8$lambda$1LeV6PgvJQarx7-tBMQHBSWLLCM:0 android.service.dreams.DreamService$DreamServiceWrapper$$ExternalSyntheticLambda1.run:0 android.os.Handler.handleCallback:1001 
03-10 19:21:41.960  5625  5625 V DreamService[DozeService]: onDestroy()
03-10 19:21:41.960  5625  5625 V DreamService[DozeService]: detach(): mActivity=null mActivity.isFinishing()=false
03-10 19:21:41.961  5625  5625 V DreamService[DozeService]: finish(): mFinished=true activity=null callers=android.service.dreams.DreamService.detach:1492 android.service.dreams.DreamService.onDestroy:1385 com.android.systemui.doze.DozeService.onDestroy:8 android.app.ActivityThread.handleStopService:5307 android.app.ActivityThread.-$$Nest$mhandleStopService:0 
03-10 19:21:41.961  2061  2108 E minksocket: MinkIPC_QRTR_Service: client with node 1 port 4f68 went down
03-10 19:21:41.962  2068  5913 D vendor.qti.bluetooth@1.0-wake_lock: Release wakelock is released 
03-10 19:21:41.962  2061  2108 E minksocket: MinkIPC_QRTR_Service: client with node 1 port 4f69 went down
03-10 19:21:41.962  5625  5625 D SCliNotificationListener: onNotificationListUpdate: [com.android.systemui.statusbar.notification.collection.GroupEntry@ec0704d]
03-10 19:21:41.963  2064  2064 E Diag_Lib: diag: Diag_LSM_Init: invoked for pid: 2064 with init_count: 0
03-10 19:21:41.963  2064  2064 E Diag_Lib: diag:failed to connect to diag socket
03-10 19:21:41.963  2064  2064 E Diag_Lib:  Diag_LSM_Init: Failed to open handle to diag driver, error = 13
03-10 19:21:41.963  2064  2064 I sensors-hal: send_sync_sensor_request:341, send sync request
03-10 19:21:41.964  2064  2064 I sensors-hal: send_sync_sensor_request:367, wait for notification of response
03-10 19:21:41.964  2061  2108 E minksocket: MinkIPC_QRTR_Service: client with node 1 port 4f6a went down
03-10 19:21:41.966  2064 32125 I sensors-hal: ssc_conn_resp_cb:632, resp_value = 0
03-10 19:21:41.966  2064 32102 I sensors-hal: handle_indication_realtime:467,  SCHED_FIFO(10) for qmi_cbk
03-10 19:21:41.966  2064  4171 I slpi-MOT_HINGE: Hingeposture   0.0 tent:0 gpio:-1 flip:1 flat:1 b:-1.6 5.3 8.1 -80.0 119.0 3.3 f:-1.6 -4.5 -8.6 -86.1 -114.3 -24.6
03-10 19:21:41.966  2064 32102 E sensors-hal: handle_sns_client_event:62, mot_disprot_event: now=114857870747157 ts=114856961316125, type=0, status=3
03-10 19:21:41.966  2064  2064 I sensors-hal: send_sync_sensor_request:373, takes 2 ms to receive the response with 0
03-10 19:21:41.966  2064  2064 I sensors-hal: activate:184, com.motorola.sensor.tap/65988 en=1 completed
03-10 19:21:41.966  3163  3227 D TouchHwAidlService: enableGestureStowMode stowed: false
03-10 19:21:41.966  2106  2106 I motorola.hardware.display.touch-service: Setting stow gesture mode to 0 for panel 1
03-10 19:21:41.967  3163  3229 W BoostOptController: not supported hint: 118
03-10 19:21:41.967  2064  2064 I sensors-hal: activate:173, com.motorola.sensor.glance/65658 en=0
03-10 19:21:41.967  2064  2064 I sensors-hal: deactivate:166, deactivate glance 65548
03-10 19:21:41.967  2075  3713 E LocSvc_ApiV02: reportLocEvent:3882] Loc event report: 0 KlobucharIonoMode_valid:0: leapSec_valid:1: tauC_valid:1 featureStatusReport_valid: 0 featureStatusReport: 0
03-10 19:21:41.968  3163  3229 D CLI/Rotation: Set volume keyswap sysprop for rotation 0 lidState OPEN
03-10 19:21:41.968  2061  2108 E minksocket: MinkIPC_QRTR_Service: client with node 1 port 4f44 went down
03-10 19:21:41.968  2064  2064 I sensors-hal: activate:184, com.motorola.sensor.glance/65658 en=0 completed
03-10 19:21:41.968  2075  3713 E LocSvc_ApiV02: reportSystemInfo:4405] system info type: 1, leap second valid: 1 current gps time:valid:1, week: 2409, msec: 256919955,current leap second:valid 1, seconds 18, next gps time: valid 0, week: 0, msec: 0,next leap second: valid 0, seconds 0
03-10 19:21:41.970  3163  3227 D TouchHwAidlService: setStowGestureMode for cli stowed=false ret=0
03-10 19:21:41.970  3163  3227 V WindowManager: Sent Transition (#5855) createdAt=03-10 19:21:41.875 via request=TransitionRequestInfo { type = WAKE, triggerTask = null, pipTask = null, remoteTransition = null, displayChange = null, flags = 0, debugId = 5855 }
03-10 19:21:41.970  3163  3231 W AccessibilityWindowsPopulator: The displayInfo of this displayId (0) called back from the surface fligner is null
03-10 19:21:41.973  2064  2064 I sensors-hal: activate:173, com.motorola.sensor.ltv/65738 en=0
03-10 19:21:41.974  2064  2064 I sensors-hal: activate:184, com.motorola.sensor.ltv/65738 en=0 completed
03-10 19:21:41.974  3163  3227 V WindowManager:     startWCT=WindowContainerTransaction { changes = {} hops = [] errorCallbackToken=null taskFragmentOrganizer=null }
03-10 19:21:41.974  3163  3227 V WindowManager:     info={id=5855 t=WAKE f=0x40 trk=0 r=[] c=[]}
03-10 19:21:41.975  3163  3227 V WindowManager: Finish Transition (#5855): created at 03-10 19:21:41.875 collect-started=0.019ms request-sent=0.042ms started=2.497ms ready=73.383ms sent=73.769ms finished=78.295ms
03-10 19:21:41.975  2061  2108 E minksocket: MinkIPC_QRTR_Service: client with node 1 port 4f3f went down
03-10 19:21:41.976  3163  6987 W UserManagerService: Requested status bar icon for non-badged user 0
03-10 19:21:41.976  2064  2064 I sensors-hal: batch:206, android.sensor.pressure/61, period=100000000, max_latency=0
03-10 19:21:41.976  2064  2064 I sensors-hal: set_config:57, sample_period_ns is adjusted to 100000000 based on min/max delay_ns
03-10 19:21:41.976  2064  2064 I sensors-hal: batch:215, android.sensor.pressure/61, period=100000000, max_latency=0 request completed
03-10 19:21:41.976  2064  2064 I sensors-hal: activate:173, android.sensor.pressure/61 en=1
03-10 19:21:41.976  2064  2064 I sensors-hal: get_qmi_debug_flag:239, support_qmi_debug : false
03-10 19:21:41.979  2061  2108 E minksocket: MinkIPC_QRTR_Service: client with node 1 port 4f6c went down
03-10 19:21:41.980  2061  2108 E minksocket: MinkIPC_QRTR_Service: client with node 1 port 4f6d went down
03-10 19:21:41.980  2061  2108 E minksocket: MinkIPC_QRTR_Service: client with node 1 port 4f6e went down
03-10 19:21:41.981  2064  2064 E Diag_Lib: diag: Diag_LSM_Init: invoked for pid: 2064 with init_count: 0
03-10 19:21:41.981  2064  2064 E Diag_Lib: diag:failed to connect to diag socket
03-10 19:21:41.981  2064  2064 E Diag_Lib:  Diag_LSM_Init: Failed to open handle to diag driver, error = 13
03-10 19:21:41.981  2064  2064 I sensors-hal: send_sensor_config_request:395, resampler is used, set resampler config
03-10 19:21:41.981  2064  2064 I sensors-hal: send_sync_sensor_request:341, send sync request
03-10 19:21:41.981  2064  2064 I sensors-hal: send_sync_sensor_request:367, wait for notification of response
03-10 19:21:41.983  2061  2108 E minksocket: MinkIPC_QRTR_Service: client with node 1 port 4f6f went down
03-10 19:21:41.983  5625  5928 D KeyguardTransitionRepository: (Internal) Setting current transition info: TransitionInfo(ownerName=FromDozingTransitionInteractor, from=DOZING, to=LOCKSCREEN, animated)
03-10 19:21:41.984  5625  5625 I KeyguardTransitionRepository: STARTED transition: TransitionStep(from=DOZING, to=LOCKSCREEN, value=0.0, transitionState=STARTED, ownerName=FromDozingTransitionInteractor)
03-10 19:21:41.984  5705  5705 D GameModeDetector: notifyGameModeStatusValue, value=false
03-10 19:21:41.984  5705  5705 D DaxService: sendGameModeIntent, state=false
03-10 19:21:41.985  2064 32177 I sensors-hal: ssc_conn_resp_cb:632, resp_value = 0
03-10 19:21:41.985  2064  2064 I sensors-hal: send_sync_sensor_request:373, takes 4 ms to receive the response with 0
03-10 19:21:41.986  2064  2064 I sensors-hal: activate:184, android.sensor.pressure/61 en=1 completed
03-10 19:21:41.986  5993  7248 W inertial-anchor: Triggering reinit due to mag declination change
03-10 19:21:41.987  5993  7248 W Looper  : Looper already prepared for this thread with a different value for the LOOPER_PREPARE_ALLOW_NON_CALLBACKS option.
03-10 19:21:41.987  6942  6942 D NfcService: MSG_APPLY_SCREEN_STATE 4
03-10 19:21:41.988  6942  6942 D libnfc_nci: nfcManager_doSetScreenState: state = 4 prevScreenState= 2, discovry_param = 1
03-10 19:21:41.988  2582  8068 D NxpTml  : PN54X - Write requested.....
03-10 19:21:41.988  2582  8068 D NxpTml  : PN54X - Invoking I2C Write.....
03-10 19:21:41.989  2064  2064 I sensors-hal: flush:235, android.sensor.accelerometer/11
03-10 19:21:41.990  2064  2064 I sensors-hal: send_sync_sensor_request:341, send sync request
03-10 19:21:41.990  2064  2064 I sensors-hal: send_sync_sensor_request:367, wait for notification of response
03-10 19:21:41.990  2064  5194 I sensors-hal: ssc_conn_resp_cb:632, resp_value = 0
03-10 19:21:41.990  2064  2064 I sensors-hal: send_sync_sensor_request:373, takes 0 ms to receive the response with 0
03-10 19:21:41.991  2064  2064 I sensors-hal: flush:241, android.sensor.accelerometer/11 completed
03-10 19:21:41.991  2582  8068 D NxpTml  : Write errno : 6b
03-10 19:21:41.991  2582  8068 D NxpTml  : PN54X - Error in I2C Write.....
03-10 19:21:41.991  2582  8068 D NxpTml  : PN54X - Posting Fresh Write message.....
03-10 19:21:41.991  2582  8068 D NxpTml  : PN54X - Tml Writer Thread Running................
03-10 19:21:41.991  2582  8070 D NxpHal  : write error status = 0x1ff
03-10 19:21:41.991  2582  2582 D NxpHal  : write_unlocked failed - PN54X Maybe in Standby Mode - Retry
03-10 19:21:41.991  3163  3251 D ActivityManager: unfreezing ProcessRecord{564098e 1971:com.motorola.dolby.dolbyui/u0a182}, reason = unfreezeTemporarily, adj = 925, adjType = cch-empty, adjSource = null
03-10 19:21:41.992  3163  3251 D ActivityManager: sync unfroze 1971 com.motorola.dolby.dolbyui for 3
03-10 19:21:41.992  2064  2064 I sensors-hal: batch:206, android.sensor.accelerometer/11, period=10000000, max_latency=0
03-10 19:21:41.992  2064  2064 I sensors-hal: set_config:57, sample_period_ns is adjusted to 10000000 based on min/max delay_ns
03-10 19:21:41.992  2064  2064 I sensors-hal: send_sensor_config_request:395, resampler is used, set resampler config
03-10 19:21:41.992  2064  2064 I sensors-hal: send_sync_sensor_request:341, send sync request
03-10 19:21:41.992  2064  2064 I sensors-hal: send_sync_sensor_request:367, wait for notification of response
03-10 19:21:41.993  2064  5194 I sensors-hal: ssc_conn_resp_cb:632, resp_value = 0
03-10 19:21:41.993  2064  2064 I sensors-hal: send_sync_sensor_request:373, takes 0 ms to receive the response with 0
03-10 19:21:41.993  2064  2064 I sensors-hal: batch:215, android.sensor.accelerometer/11, period=10000000, max_latency=0 request completed
03-10 19:21:41.995  2064  2064 I sensors-hal: batch:206, android.sensor.magnetic_field_uncalibrated/141, period=200000000, max_latency=0
03-10 19:21:41.995  2064  2064 I sensors-hal: set_config:57, sample_period_ns is adjusted to 200000000 based on min/max delay_ns
03-10 19:21:41.995  2064  2064 I sensors-hal: batch:215, android.sensor.magnetic_field_uncalibrated/141, period=200000000, max_latency=0 request completed
03-10 19:21:41.995  1971  2026 D DolbyDaxUI: getDeviceType, active device is 0x2
03-10 19:21:41.996  2064  2064 I sensors-hal: activate:173, android.sensor.magnetic_field_uncalibrated/141 en=1
03-10 19:21:41.996  2064  2064 I sensors-hal: get_qmi_debug_flag:239, support_qmi_debug : false
03-10 19:21:41.997  1971  2026 D DolbyDaxUI: getDeviceType, active device is 0x2
03-10 19:21:41.997  2061  2108 E minksocket: MinkIPC_QRTR_Service: client with node 1 port 4f71 went down
03-10 19:21:41.998  2061  2108 E minksocket: MinkIPC_QRTR_Service: client with node 1 port 4f72 went down
03-10 19:21:41.998  2061  2108 E minksocket: MinkIPC_QRTR_Service: client with node 1 port 4f73 went down
03-10 19:21:41.999  2061  2108 E minksocket: MinkIPC_QRTR_Service: client with node 1 port 4f74 went down
03-10 19:21:41.999  2064  2064 E Diag_Lib: diag: Diag_LSM_Init: invoked for pid: 2064 with init_count: 0
03-10 19:21:41.999  2064  2064 E Diag_Lib: diag:failed to connect to diag socket
03-10 19:21:41.999  2064  2064 E Diag_Lib:  Diag_LSM_Init: Failed to open handle to diag driver, error = 13
03-10 19:21:42.001  2064  2064 I sensors-hal: get_qmi_debug_flag:239, support_qmi_debug : false
03-10 19:21:42.001  2582  8068 D NxpTml  : PN54X - Write requested.....
03-10 19:21:42.001  2582  8068 D NxpTml  : PN54X - Invoking I2C Write.....
03-10 19:21:42.001  2582  8068 I NxpNciX : len =   4 > 20090102
03-10 19:21:42.001  2582  8068 D NxpTml  : PN54X - I2C Write successful.....
03-10 19:21:42.001  2582  8068 D NxpTml  : PN54X - Posting Fresh Write message.....
03-10 19:21:42.001  2582  8068 D NxpTml  : PN54X - Tml Writer Thread Running................
03-10 19:21:42.001  2582  8070 D NxpHal  : write successful status = 0x0
03-10 19:21:42.002  7150  8001 D WeatherApi: isOWeather: true
03-10 19:21:42.002  2582  8059 D NxpTml  : PN54X - I2C Read successful.....
03-10 19:21:42.002  2582  8059 I NxpNciR : len =   4 > 40090100
03-10 19:21:42.002  2582  8059 D NxpTml  : PN54X - Posting read message.....
03-10 19:21:42.002  2582  8070 D NxpHal  : read successful status = 0x0
03-10 19:21:42.003  6942  8007 D libnfc_nci: nfaDeviceManagementCallback: enter; event=0xB
03-10 19:21:42.003  2582  8059 D NxpTml  : PN54X - Read requested.....
03-10 19:21:42.003  2582  8059 D NxpTml  : PN54X - Invoking I2C Read.....
03-10 19:21:42.004  2061  2108 E minksocket: MinkIPC_QRTR_Service: client with node 1 port 4f76 went down
03-10 19:21:42.004  6942  8007 D libnfc_nci: nfaDeviceManagementCallback: NFA_DM_SET_POWER_SUB_STATE_EVT; status=0x0
03-10 19:21:42.004  2064 32195 I sensors-hal: handle_indication_realtime:467,  SCHED_FIFO(10) for qmi_cbk
03-10 19:21:42.005  2061  2108 E minksocket: MinkIPC_QRTR_Service: client with node 1 port 4f77 went down
03-10 19:21:42.005  2067  4365 D DlbDapEffectContext: DapEffectContext[0xb400007ca4048450] getDapParameter() outval size = 12, ret = 0
03-10 19:21:42.006  2064  2064 E Diag_Lib: diag: Diag_LSM_Init: invoked for pid: 2064 with init_count: 0
03-10 19:21:42.006  2061  2108 E minksocket: MinkIPC_QRTR_Service: client with node 1 port 4f78 went down
03-10 19:21:42.006  2064  2064 E Diag_Lib: diag:failed to connect to diag socket
03-10 19:21:42.006  2064  2064 E Diag_Lib:  Diag_LSM_Init: Failed to open handle to diag driver, error = 13
03-10 19:21:42.006  2067  4365 D DlbDapEffectContext: DapEffectContext[0xb400007ca4048450] getDapParameter() outval size = 12, ret = 0
03-10 19:21:42.006  2064  2064 I sensors-hal: send_sensor_config_request:395, resampler is used, set resampler config
03-10 19:21:42.006  2064  2064 I sensors-hal: send_sync_sensor_request:341, send sync request
03-10 19:21:42.006  5705  5739 D DolbyAudioEffectHelper: getDolbyStatus enabled=true profile=0
03-10 19:21:42.006  5705  5739 D DolbyProvider: true, profile=0
03-10 19:21:42.006  2064  2064 I sensors-hal: send_sync_sensor_request:367, wait for notification of response
03-10 19:21:42.007  2061  2108 E minksocket: MinkIPC_QRTR_Service: client with node 1 port 4f79 went down
03-10 19:21:42.007  2064 32204 I sensors-hal: ssc_conn_resp_cb:632, resp_value = 0
03-10 19:21:42.007  2064  2064 I sensors-hal: send_sync_sensor_request:373, takes 0 ms to receive the response with 0
03-10 19:21:42.007  2064  2064 I sensors-hal: activate:294, mag_filter is enabled
03-10 19:21:42.007  2064  2064 I sensors-hal: activate:184, android.sensor.magnetic_field_uncalibrated/141 en=1 completed
03-10 19:21:42.008  2064  2064 I sensors-hal: batch:206, android.sensor.magnetic_field_uncalibrated/141, period=20000000, max_latency=0
03-10 19:21:42.008  2064  2064 I sensors-hal: set_config:57, sample_period_ns is adjusted to 20000000 based on min/max delay_ns
03-10 19:21:42.008  2064  2064 I sensors-hal: send_sensor_config_request:395, resampler is used, set resampler config
03-10 19:21:42.008  2064  2064 I sensors-hal: send_sync_sensor_request:341, send sync request
03-10 19:21:42.008  2582  8068 D NxpTml  : PN54X - Write requested.....
03-10 19:21:42.008  2582  8068 D NxpTml  : PN54X - Invoking I2C Write.....
03-10 19:21:42.008  2064  2064 I sensors-hal: send_sync_sensor_request:367, wait for notification of response
03-10 19:21:42.009  2582  8068 I NxpNciX : len =   7 > 20020401020100
03-10 19:21:42.009  2582  8068 D NxpTml  : PN54X - I2C Write successful.....
03-10 19:21:42.009  2582  8068 D NxpTml  : PN54X - Posting Fresh Write message.....
03-10 19:21:42.009  2582  8068 D NxpTml  : PN54X - Tml Writer Thread Running................
03-10 19:21:42.009  2582  8070 D NxpHal  : write successful status = 0x0
03-10 19:21:42.009  2064 32204 I sensors-hal: ssc_conn_resp_cb:632, resp_value = 0
03-10 19:21:42.009  2582  8059 D NxpTml  : PN54X - I2C Read successful.....
03-10 19:21:42.009  2064  2064 I sensors-hal: send_sync_sensor_request:373, takes 1 ms to receive the response with 0
03-10 19:21:42.009  2582  8059 I NxpNciR : len =   5 > 4002020000
03-10 19:21:42.009  2582  8059 D NxpTml  : PN54X - Posting read message.....
03-10 19:21:42.009  2064  2064 I sensors-hal: batch:215, android.sensor.magnetic_field_uncalibrated/141, period=20000000, max_latency=0 request completed
03-10 19:21:42.009  2582  8070 D NxpHal  : read successful status = 0x0
03-10 19:21:42.009  2582  8070 D NxpHal  : phNxpNciHal_print_res_status: response status =STATUS_OK
03-10 19:21:42.010  2064  2064 I sensors-hal: batch:206, android.sensor.gyroscope_uncalibrated/161, period=200000000, max_latency=0
03-10 19:21:42.010  2064  2064 I sensors-hal: set_config:57, sample_period_ns is adjusted to 200000000 based on min/max delay_ns
03-10 19:21:42.010  2064  2064 I sensors-hal: batch:215, android.sensor.gyroscope_uncalibrated/161, period=200000000, max_latency=0 request completed
03-10 19:21:42.010  2064  2064 I sensors-hal: activate:173, android.sensor.gyroscope_uncalibrated/161 en=1
03-10 19:21:42.010  2064  2064 I sensors-hal: get_qmi_debug_flag:239, support_qmi_debug : false
03-10 19:21:42.011  2061  2108 E minksocket: MinkIPC_QRTR_Service: client with node 1 port 4f7b went down
03-10 19:21:42.013  2064 32204 I sensors-hal: handle_indication_realtime:467,  SCHED_FIFO(10) for qmi_cbk
03-10 19:21:42.013  2061  2108 E minksocket: MinkIPC_QRTR_Service: client with node 1 port 4f7c went down
03-10 19:21:42.013  2582  8059 D NxpTml  : PN54X - Read requested.....
03-10 19:21:42.013  2582  8059 D NxpTml  : PN54X - Invoking I2C Read.....
03-10 19:21:42.013  6942  8007 D libnfc_nci: nfaDeviceManagementCallback: enter; event=0x2
03-10 19:21:42.013  2061  2108 E minksocket: MinkIPC_QRTR_Service: client with node 1 port 4f7d went down
03-10 19:21:42.013  2061  2108 E minksocket: MinkIPC_QRTR_Service: client with node 1 port 4f7e went down
03-10 19:21:42.013  2064  2064 E Diag_Lib: diag: Diag_LSM_Init: invoked for pid: 2064 with init_count: 0
03-10 19:21:42.014  2064  2064 E Diag_Lib: diag:failed to connect to diag socket
03-10 19:21:42.014  2064  2064 E Diag_Lib:  Diag_LSM_Init: Failed to open handle to diag driver, error = 13
03-10 19:21:42.014  2064  2064 I sensors-hal: set_config:57, sample_period_ns is adjusted to 1000000000 based on min/max delay_ns
03-10 19:21:42.014  2064  2064 I sensors-hal: get_qmi_debug_flag:239, support_qmi_debug : false
03-10 19:21:42.014  6942  8007 D libnfc_nci: nfaDeviceManagementCallback: NFA_DM_SET_CONFIG_EVT
03-10 19:21:42.015  2064 32211 I sensors-hal: handle_indication_realtime:467,  SCHED_FIFO(10) for qmi_cbk
03-10 19:21:42.015  2061  2108 E minksocket: MinkIPC_QRTR_Service: client with node 1 port 4f80 went down
03-10 19:21:42.015  2061  2108 E minksocket: MinkIPC_QRTR_Service: client with node 1 port 4f81 went down
03-10 19:21:42.016  2061  2108 E minksocket: MinkIPC_QRTR_Service: client with node 1 port 4f82 went down
03-10 19:21:42.016  2064  2064 E Diag_Lib: diag: Diag_LSM_Init: invoked for pid: 2064 with init_count: 0
03-10 19:21:42.016  2064  2064 E Diag_Lib: diag:failed to connect to diag socket
03-10 19:21:42.017  2064  2064 E Diag_Lib:  Diag_LSM_Init: Failed to open handle to diag driver, error = 13
03-10 19:21:42.017  2061  2108 E minksocket: MinkIPC_QRTR_Service: client with node 1 port 4f83 went down
03-10 19:21:42.017  2064  2064 I sensors-hal: send_sync_sensor_request:341, send sync request
03-10 19:21:42.017  2064  2064 I sensors-hal: send_sync_sensor_request:367, wait for notification of response
03-10 19:21:42.018  2064 32216 I sensors-hal: ssc_conn_resp_cb:632, resp_value = 0
03-10 19:21:42.019  2064  2064 I sensors-hal: send_sync_sensor_request:373, takes 1 ms to receive the response with 0
03-10 19:21:42.019  2064  2064 I sensors-hal: get_qmi_debug_flag:239, support_qmi_debug : false
03-10 19:21:42.019  2064 32216 I sensors-hal: handle_indication_realtime:467,  SCHED_FIFO(10) for qmi_cbk
03-10 19:21:42.020  2061  2108 E minksocket: MinkIPC_QRTR_Service: client with node 1 port 4f85 went down
03-10 19:21:42.021  2061  2108 E minksocket: MinkIPC_QRTR_Service: client with node 1 port 4f86 went down
03-10 19:21:42.022  2064  2064 E Diag_Lib: diag: Diag_LSM_Init: invoked for pid: 2064 with init_count: 0
03-10 19:21:42.022  2064  2064 E Diag_Lib: diag:failed to connect to diag socket
03-10 19:21:42.022  2064  2064 E Diag_Lib:  Diag_LSM_Init: Failed to open handle to diag driver, error = 13
03-10 19:21:42.022  2064  2064 I sensors-hal: send_sensor_config_request:395, resampler is used, set resampler config
03-10 19:21:42.023  2064  2064 I sensors-hal: send_sync_sensor_request:341, send sync request
03-10 19:21:42.023  2064  2064 I sensors-hal: send_sync_sensor_request:367, wait for notification of response
03-10 19:21:42.023  2064 32220 I sensors-hal: ssc_conn_resp_cb:632, resp_value = 0
03-10 19:21:42.023  2064  2064 I sensors-hal: send_sync_sensor_request:373, takes 0 ms to receive the response with 0
03-10 19:21:42.024  2061  2108 E minksocket: MinkIPC_QRTR_Service: client with node 1 port 4f87 went down
03-10 19:21:42.024  2061  2108 E minksocket: MinkIPC_QRTR_Service: client with node 1 port 4f88 went down
03-10 19:21:42.024  2064  2064 I sensors-hal: activate:184, android.sensor.gyroscope_uncalibrated/161 en=1 completed
03-10 19:21:42.025  2064 32220 I sensors-hal: handle_indication_realtime:467,  SCHED_FIFO(10) for qmi_cbk
03-10 19:21:42.025  2064  2064 I sensors-hal: batch:206, android.sensor.gyroscope_uncalibrated/161, period=10000000, max_latency=0
03-10 19:21:42.025  2064  2064 I sensors-hal: set_config:57, sample_period_ns is adjusted to 10000000 based on min/max delay_ns
03-10 19:21:42.025  2064  2064 I sensors-hal: send_sensor_config_request:395, resampler is used, set resampler config
03-10 19:21:42.025  2064  2064 I sensors-hal: send_sync_sensor_request:341, send sync request
03-10 19:21:42.025  2064  2064 I sensors-hal: send_sync_sensor_request:367, wait for notification of response
03-10 19:21:42.025  2064 32220 I sensors-hal: ssc_conn_resp_cb:632, resp_value = 0
03-10 19:21:42.026  2064  2064 I sensors-hal: send_sync_sensor_request:373, takes 0 ms to receive the response with 0
03-10 19:21:42.026  2064  2064 I sensors-hal: batch:215, android.sensor.gyroscope_uncalibrated/161, period=10000000, max_latency=0 request completed
03-10 19:21:42.027  2064  2064 I sensors-hal: flush:235, android.sensor.accelerometer/11
03-10 19:21:42.027  2064  2064 I sensors-hal: send_sync_sensor_request:341, send sync request
03-10 19:21:42.027  2064  2064 I sensors-hal: send_sync_sensor_request:367, wait for notification of response
03-10 19:21:42.028  2064  5194 I sensors-hal: ssc_conn_resp_cb:632, resp_value = 0
03-10 19:21:42.028  2064  2064 I sensors-hal: send_sync_sensor_request:373, takes 0 ms to receive the response with 0
03-10 19:21:42.028  2064  2064 I sensors-hal: flush:241, android.sensor.accelerometer/11 completed
03-10 19:21:42.032  2064  2064 I sensors-hal: batch:206, android.sensor.magnetic_field/21, period=200000000, max_latency=0
03-10 19:21:42.032  2064  2064 I sensors-hal: set_config:57, sample_period_ns is adjusted to 200000000 based on min/max delay_ns
03-10 19:21:42.032  2064  2064 I sensors-hal: batch:215, android.sensor.magnetic_field/21, period=200000000, max_latency=0 request completed
03-10 19:21:42.033  2064  2064 I sensors-hal: activate:173, android.sensor.magnetic_field/21 en=1
03-10 19:21:42.033  2064  2064 I sensors-hal: get_qmi_debug_flag:239, support_qmi_debug : false
03-10 19:21:42.034  2061  2108 E minksocket: MinkIPC_QRTR_Service: client with node 1 port 4f8a went down
03-10 19:21:42.035  2061  2108 E minksocket: MinkIPC_QRTR_Service: client with node 1 port 4f8b went down
03-10 19:21:42.035  2061  2108 E minksocket: MinkIPC_QRTR_Service: client with node 1 port 4f8c went down
03-10 19:21:42.036  2064  2064 E Diag_Lib: diag: Diag_LSM_Init: invoked for pid: 2064 with init_count: 0
03-10 19:21:42.036  2064  2064 E Diag_Lib: diag:failed to connect to diag socket
03-10 19:21:42.036  2064  2064 E Diag_Lib:  Diag_LSM_Init: Failed to open handle to diag driver, error = 13
03-10 19:21:42.037  2061  2108 E minksocket: MinkIPC_QRTR_Service: client with node 1 port 4f8d went down
03-10 19:21:42.037  2064  2064 I sensors-hal: get_qmi_debug_flag:239, support_qmi_debug : false
03-10 19:21:42.038  2064 32231 I sensors-hal: handle_indication_realtime:467,  SCHED_FIFO(10) for qmi_cbk
03-10 19:21:42.040  2061  2108 E minksocket: MinkIPC_QRTR_Service: client with node 1 port 4f8f went down
03-10 19:21:42.041  2061  2108 E minksocket: MinkIPC_QRTR_Service: client with node 1 port 4f90 went down
03-10 19:21:42.041  6978  6978 I Smart5G : [Smart5GService] receive action: android.intent.action.SCREEN_ON
03-10 19:21:42.042  2061  2108 E minksocket: MinkIPC_QRTR_Service: client with node 1 port 4f91 went down
03-10 19:21:42.042  2061  2108 E minksocket: MinkIPC_QRTR_Service: client with node 1 port 4f92 went down
03-10 19:21:42.043  5689  5689 E DPMJ    : |SERVICE| sendScreenState state  trueand int value 1
03-10 19:21:42.044  2064  2064 E Diag_Lib: diag: Diag_LSM_Init: invoked for pid: 2064 with init_count: 0
03-10 19:21:42.044  2064  2064 E Diag_Lib: diag:failed to connect to diag socket
03-10 19:21:42.044  2064  2064 E Diag_Lib:  Diag_LSM_Init: Failed to open handle to diag driver, error = 13
03-10 19:21:42.044  2064  2064 I sensors-hal: send_sensor_config_request:395, resampler is used, set resampler config
03-10 19:21:42.044  2064  2064 I sensors-hal: send_sync_sensor_request:341, send sync request
03-10 19:21:42.044  2064  2064 I sensors-hal: send_sync_sensor_request:367, wait for notification of response
03-10 19:21:42.045  2064 32237 I sensors-hal: ssc_conn_resp_cb:632, resp_value = 0
03-10 19:21:42.045  2064  2064 I sensors-hal: send_sync_sensor_request:373, takes 0 ms to receive the response with 0
03-10 19:21:42.045  2064  2064 I sensors-hal: activate:294, mag_filter is enabled
03-10 19:21:42.045  2064  2064 I sensors-hal: activate:184, android.sensor.magnetic_field/21 en=1 completed
03-10 19:21:42.046  2064 32237 I sensors-hal: handle_indication_realtime:467,  SCHED_FIFO(10) for qmi_cbk
03-10 19:21:42.047  3163  5215 I MR2ServiceImpl: Updating composite discovery preference | preference: RouteDiscoveryRequest{ preferredFeatures={}, activeScan=false }, active routers: []
03-10 19:21:42.048  2064  2064 I sensors-hal: batch:206, android.sensor.magnetic_field/21, period=20000000, max_latency=0
03-10 19:21:42.048  2064  2064 I sensors-hal: set_config:57, sample_period_ns is adjusted to 20000000 based on min/max delay_ns
03-10 19:21:42.048  2064  2064 I sensors-hal: send_sensor_config_request:395, resampler is used, set resampler config
03-10 19:21:42.047  1607  2196 W fb4a.AppInfoCore: [AI] Package not found when getting package info
03-10 19:21:42.048  2064  2064 I sensors-hal: send_sync_sensor_request:341, send sync request
03-10 19:21:42.048  2064  2064 I sensors-hal: send_sync_sensor_request:367, wait for notification of response
03-10 19:21:42.049  2064 32237 I sensors-hal: ssc_conn_resp_cb:632, resp_value = 0
03-10 19:21:42.049  2064  2064 I sensors-hal: send_sync_sensor_request:373, takes 1 ms to receive the response with 0
03-10 19:21:42.049  2064  2064 I sensors-hal: batch:215, android.sensor.magnetic_field/21, period=20000000, max_latency=0 request completed
03-10 19:21:42.051  2195  2586 I SDM     : DisplayBase::SetDisplayState: active 0-0 state 0-0 pending_power_state_ 0
03-10 19:21:42.052  2214  2254 W ANDR-PERF-LM: FeatureState: readState() 151: warning: appName is NULL, returning default State
03-10 19:21:42.053  2214  2254 W ANDR-PERF-LM: FeatureState: readState() 151: warning: appName is NULL, returning default State
03-10 19:21:42.053  2214  2254 W ANDR-PERF-LM: FeatureState: readState() 151: warning: appName is NULL, returning default State
03-10 19:21:42.054  2300  2300 W ComposerExtn: DisplayExtnImpl::SetEarlyWakeUpConfig: HWC Display 2 is not registered!
03-10 19:21:42.054  2300  2300 D SurfaceFlinger: Finished setting power mode 0 on display 4630947043778501763
03-10 19:21:42.054  3163  5308 D SurfaceControl: Excessive delay in setPowerMode()
03-10 19:21:42.054  3163  5308 D PowerManagerService: nativeSetPowerMode ret:false mode:9 enabled:true duration ms: 0
03-10 19:21:42.054  7314  7314 D GameMode: isScreenUnlocked: false
03-10 19:21:42.055  3163  3352 I WindowManager: Display 0 turning on...
03-10 19:21:42.055  3163  3352 I DisplayBrightnessStrategySelector: Changing the DisplayBrightnessStrategy from ScreenOffBrightnessStrategy to InvalidBrightnessStrategy for display 0
03-10 19:21:42.056  2064  2064 I sensors-hal: batch:206, android.sensor.light/51, period=250000000, max_latency=0
03-10 19:21:42.056  2064  2064 I sensors-hal: set_config:61, no need to adjust sample_period_ns due to reporting_mode = 2
03-10 19:21:42.056  2064  2064 I sensors-hal: batch:215, android.sensor.light/51, period=250000000, max_latency=0 request completed
03-10 19:21:42.056  2064  2064 I sensors-hal: activate:173, android.sensor.light/51 en=1
03-10 19:21:42.056  2064  2064 I sensors-hal: get_qmi_debug_flag:239, support_qmi_debug : false
03-10 19:21:42.057  3163  3203 D WindowManager: mKeyguardDelegate.ShowListener.onDrawn.
03-10 19:21:42.057  2061  2108 E minksocket: MinkIPC_QRTR_Service: client with node 1 port 4f94 went down
03-10 19:21:42.057  3163  3229 W WindowManager: Setting mKeyguardDrawComplete
03-10 19:21:42.057  2061  2108 E minksocket: MinkIPC_QRTR_Service: client with node 1 port 4f95 went down
03-10 19:21:42.058  2061  2108 E minksocket: MinkIPC_QRTR_Service: client with node 1 port 4f96 went down
03-10 19:21:42.059  2064  2064 E Diag_Lib: diag: Diag_LSM_Init: invoked for pid: 2064 with init_count: 0
03-10 19:21:42.059  2064  2064 E Diag_Lib: diag:failed to connect to diag socket
03-10 19:21:42.059  2064  2064 E Diag_Lib:  Diag_LSM_Init: Failed to open handle to diag driver, error = 13
03-10 19:21:42.060  2064  2064 I sensors-hal: send_sensor_config_request:463, dt=ambient_light: convert sample_period=250000000 to batch_period=250000
03-10 19:21:42.060  2064  2064 I sensors-hal: send_sync_sensor_request:341, send sync request
03-10 19:21:42.060  2061  2108 E minksocket: MinkIPC_QRTR_Service: client with node 1 port 4f97 went down
03-10 19:21:42.060  2064  2064 I sensors-hal: send_sync_sensor_request:367, wait for notification of response
03-10 19:21:42.060  2064 32249 I sensors-hal: ssc_conn_resp_cb:632, resp_value = 0
03-10 19:21:42.060  2064  2064 I sensors-hal: send_sync_sensor_request:373, takes 0 ms to receive the response with 0
03-10 19:21:42.061  2064  2064 I sensors-hal: activate:184, android.sensor.light/51 en=1 completed
03-10 19:21:42.063  2064  2064 I sensors-hal: batch:206, com.motorola.sensor.alternate_light/65959, period=250000000, max_latency=0
03-10 19:21:42.063  2064  2064 I sensors-hal: set_config:61, no need to adjust sample_period_ns due to reporting_mode = 2
03-10 19:21:42.063  2064  2064 I sensors-hal: batch:215, com.motorola.sensor.alternate_light/65959, period=250000000, max_latency=0 request completed
03-10 19:21:42.063  2064  2064 I sensors-hal: activate:173, com.motorola.sensor.alternate_light/65959 en=1
03-10 19:21:42.063 32088 32088 E ThermalEngine: Unable to change to /sys/devices/soc/
03-10 19:21:42.063 32088 32088 E ThermalEngine: bcl_setup: Unexpected node error
03-10 19:21:42.063 32088 32088 E ThermalEngine: add_tgt_sensor: bcl sensor setup failed failed.
03-10 19:21:42.063 32088 32088 E ThermalEngine: add_tgt_sensors_set_optional: Error adding bcl
03-10 19:21:42.063  2064  2064 I sensors-hal: get_qmi_debug_flag:239, support_qmi_debug : false
03-10 19:21:42.064  2061  2108 E minksocket: MinkIPC_QRTR_Service: client with node 1 port 4f99 went down
03-10 19:21:42.064  2061  2108 E minksocket: MinkIPC_QRTR_Service: client with node 1 port 4f9a went down
03-10 19:21:42.065 32088 32088 E ThermalEngine: sysfs_setup: report: path /sys/class/power_supply/battery/capacity
03-10 19:21:42.065 32088 32088 E ThermalEngine: sysfs_setup: opening /sys/class/power_supply/battery/capacity
03-10 19:21:42.066 32088 32088 E ThermalEngine: sysfs_setup: found sensor cluster0: cluster id = 0
03-10 19:21:42.066 32088 32088 E ThermalEngine: sysfs_setup: found sensor cluster1: cluster id = 1
03-10 19:21:42.066 32088 32088 E ThermalEngine: sysfs_setup: report: path /sys/class/power_supply/battery/charge_rate
03-10 19:21:42.066 32088 32088 E ThermalEngine: sysfs_setup: opening /sys/class/power_supply/battery/charge_rate
03-10 19:21:42.066  5993  7248 I FusedLocation: (REDACTED) location delivery to %s blocked - too close
03-10 19:21:42.066  2061  2108 E minksocket: MinkIPC_QRTR_Service: client with node 1 port 4f9b went down
03-10 19:21:42.066  2064  2064 E Diag_Lib: diag: Diag_LSM_Init: invoked for pid: 2064 with init_count: 0
03-10 19:21:42.067  2064  2064 E Diag_Lib: diag:failed to connect to diag socket
03-10 19:21:42.067  2064  2064 E Diag_Lib:  Diag_LSM_Init: Failed to open handle to diag driver, error = 13
03-10 19:21:42.067  2064  2064 I sensors-hal: send_sensor_config_request:463, dt=ambient_light_1: convert sample_period=250000000 to batch_period=250000
03-10 19:21:42.067  2064  2064 I sensors-hal: send_sync_sensor_request:341, send sync request
03-10 19:21:42.067  2061  2108 E minksocket: MinkIPC_QRTR_Service: client with node 1 port 4f9c went down
03-10 19:21:42.067  5993  7248 I FusedLocation: (REDACTED) location delivery to %s blocked - too close
03-10 19:21:42.067  2064  2064 I sensors-hal: send_sync_sensor_request:367, wait for notification of response
03-10 19:21:42.067 32088 32088 E ThermalEngine: sysfs_setup: report: path /proc/loadavg
03-10 19:21:42.067 32088 32088 E ThermalEngine: sysfs_setup: opening /proc/loadavg
03-10 19:21:42.067 32088 32088 E ThermalEngine: sysfs_setup: report: path /proc/stat
03-10 19:21:42.067 32088 32088 E ThermalEngine: sysfs_setup: opening /proc/stat
03-10 19:21:42.067 32088 32088 E ThermalEngine: sysfs_setup: report: path /sys/class/power_supply/battery/capacity
03-10 19:21:42.067 32088 32088 E ThermalEngine: sysfs_setup: opening /sys/class/power_supply/battery/capacity
03-10 19:21:42.067 32088 32088 E ThermalEngine: sysfs_setup: report: path /sys/class/backlight/panel0-backlight/brightness
03-10 19:21:42.067 32088 32088 E ThermalEngine: sysfs_setup: opening /sys/class/backlight/panel0-backlight/brightness
03-10 19:21:42.068 32088 32088 E ThermalEngine: sysfs_setup: report: path /proc/stat
03-10 19:21:42.068 32088 32088 E ThermalEngine: sysfs_setup: opening /proc/stat
03-10 19:21:42.068 32088 32088 E ThermalEngine: sysfs_setup: report: path /sys/class/backlight/panel0-backlight/brightness
03-10 19:21:42.068 32088 32088 E ThermalEngine: sysfs_setup: opening /sys/class/backlight/panel0-backlight/brightness
03-10 19:21:42.068 32088 32088 E ThermalEngine: sysfs_setup: report: path /proc/loadavg
03-10 19:21:42.068 32088 32088 E ThermalEngine: sysfs_setup: opening /proc/loadavg
03-10 19:21:42.068 32088 32088 E ThermalEngine: sysfs_setup: report: path /sys/class/power_supply/wireless/online
03-10 19:21:42.068 32088 32088 E ThermalEngine: sysfs_setup: opening /sys/class/power_supply/wireless/online
03-10 19:21:42.068  7505  7505 D LocationTracker: Got a location update from Play Services
03-10 19:21:42.068 32088 32088 E ThermalEngine: No hwmon device found in the kernel for sensor tmp108
03-10 19:21:42.068 32088 32088 E ThermalEngine: add_tgt_sensor: tmp108 sensor setup failed failed.
03-10 19:21:42.068 32088 32088 E ThermalEngine: add_tgt_sensors_set_optional: Error adding tmp108
03-10 19:21:42.068 32088 32088 E ThermalEngine: No hwmon device found in the kernel for sensor msm_tmp108
03-10 19:21:42.068 32088 32088 E ThermalEngine: add_tgt_sensor: msm_tmp108 sensor setup failed failed.
03-10 19:21:42.068 32088 32088 E ThermalEngine: add_tgt_sensors_set_optional: Error adding msm_tmp108
03-10 19:21:42.068 32088 32088 E ThermalEngine: No hwmon device found in the kernel for sensor quiet_tmp108
03-10 19:21:42.068 32088 32088 E ThermalEngine: add_tgt_sensor: quiet_tmp108 sensor setup failed failed.
03-10 19:21:42.068 32088 32088 E ThermalEngine: add_tgt_sensors_set_optional: Error adding quiet_tmp108
03-10 19:21:42.068 32088 32088 I ThermalEngine: Loading config file for virtual sensor
03-10 19:21:42.068 32088 32088 I ThermalEngine: Loading configuration file /vendor/etc/thermal-engine-lynkco.conf
03-10 19:21:42.069  5993  7248 I FusedLocation: (REDACTED) location delivery to %s blocked - too close
03-10 19:21:42.069 32088 32088 I ThermalEngine: Parsing section global
03-10 19:21:42.069 32088 32088 I ThermalEngine: Created section 'FRONT_TEMP'
03-10 19:21:42.069 32088 32088 I ThermalEngine: Algo Type 'virtual'
03-10 19:21:42.069 32088 32088 I ThermalEngine: Parsing section FRONT_TEMP
03-10 19:21:42.069 32088 32088 I ThermalEngine: Found field 'trip_sensor'
03-10 19:21:42.069 32088 32088 I ThermalEngine: Found field 'thresholds'
03-10 19:21:42.069  5993  7248 I FusedLocation: (REDACTED) location delivery to %s blocked - too close
03-10 19:21:42.069 32088 32088 I ThermalEngine: Found field 'thresholds_clr'
03-10 19:21:42.069 32088 32088 I ThermalEngine: Found field 'sensors'
03-10 19:21:42.069 32088 32088 I ThermalEngine: Found field 'weights'
03-10 19:21:42.069 32088 32088 I ThermalEngine: Found field 'offsets'
03-10 19:21:42.069 32088 32088 I ThermalEngine: Found field 'sampling'
03-10 19:21:42.069 32088 32088 I ThermalEngine: Found field 'math'
03-10 19:21:42.069 32088 32088 I ThermalEngine: Found field 'sys_temp'
03-10 19:21:42.069 32088 32088 I ThermalEngine: Created section 'BACK_TEMP'
03-10 19:21:42.069 32088 32088 I ThermalEngine: Algo Type 'virtual'
03-10 19:21:42.069 32088 32088 I ThermalEngine: Parsing section BACK_TEMP
03-10 19:21:42.069 32088 32088 I ThermalEngine: Found field 'trip_sensor'
03-10 19:21:42.069 32088 32088 I ThermalEngine: Found field 'thresholds'
03-10 19:21:42.069 32088 32088 I ThermalEngine: Found field 'thresholds_clr'
03-10 19:21:42.069 32088 32088 I ThermalEngine: Found field 'sensors'
03-10 19:21:42.069 32088 32088 I ThermalEngine: Found field 'weights'
03-10 19:21:42.069 32088 32088 I ThermalEngine: Found field 'offsets'
03-10 19:21:42.069 32088 32088 I ThermalEngine: Found field 'sampling'
03-10 19:21:42.069 32088 32088 I ThermalEngine: Found field 'math'
03-10 19:21:42.069 32088 32088 I ThermalEngine: Found field 'sys_temp'
03-10 19:21:42.069 32088 32088 I ThermalEngine: Created section 'FUSE_TEMP'
03-10 19:21:42.069 32088 32088 I ThermalEngine: Algo Type 'virtual'
03-10 19:21:42.069 32088 32088 I ThermalEngine: Parsing section FUSE_TEMP
03-10 19:21:42.069 32088 32088 I ThermalEngine: Found field 'trip_sensor'
03-10 19:21:42.069 32088 32088 I ThermalEngine: Found field 'thresholds'
03-10 19:21:42.069 32088 32088 I ThermalEngine: Found field 'thresholds_clr'
03-10 19:21:42.069 32088 32088 I ThermalEngine: Found field 'sensors'
03-10 19:21:42.069 32088 32088 I ThermalEngine: Found field 'weights'
03-10 19:21:42.069 32088 32088 I ThermalEngine: Found field 'offsets'
03-10 19:21:42.069 32088 32088 I ThermalEngine: Found field 'sampling'
03-10 19:21:42.069 32088 32088 I ThermalEngine: Found field 'math'
03-10 19:21:42.069 32088 32088 I ThermalEngine: Found field 'sys_temp'
03-10 19:21:42.069 32088 32088 I ThermalEngine: Created section 'BCHG_TEMP'
03-10 19:21:42.069 32088 32088 I ThermalEngine: Algo Type 'virtual'
03-10 19:21:42.069 32088 32088 I ThermalEngine: Parsing section BCHG_TEMP
03-10 19:21:42.069 32088 32088 I ThermalEngine: Found field 'trip_sensor'
03-10 19:21:42.069 32088 32088 I ThermalEngine: Found field 'thresholds'
03-10 19:21:42.069 32088 32088 I ThermalEngine: Found field 'thresholds_clr'
03-10 19:21:42.069 32088 32088 I ThermalEngine: Found field 'sensors'
03-10 19:21:42.069 32088 32088 I ThermalEngine: Found field 'weights'
03-10 19:21:42.069 32088 32088 I ThermalEngine: Found field 'offsets'
03-10 19:21:42.069 32088 32088 I ThermalEngine: Found field 'sampling'
03-10 19:21:42.069 32088 32088 I ThermalEngine: Found field 'math'
03-10 19:21:42.069 32088 32088 I ThermalEngine: Created section 'FRONT_MDM'
03-10 19:21:42.069 32088 32088 I ThermalEngine: Algo Type 'virtual'
03-10 19:21:42.069 32088 32088 I ThermalEngine: Parsing section FRONT_MDM
03-10 19:21:42.069 32088 32088 I ThermalEngine: Found field 'sensors'
03-10 19:21:42.069 32088 32088 I ThermalEngine: Found field 'weights'
03-10 19:21:42.069 32088 32088 I ThermalEngine: Found field 'trip_sensor'
03-10 19:21:42.069 32088 32088 I ThermalEngine: Found field 'trip_sensor_logic'
03-10 19:21:42.069 32088 32088 I ThermalEngine: Found field 'thresholds'
03-10 19:21:42.069 32088 32088 I ThermalEngine: Found field 'thresholds_clr'
03-10 19:21:42.069 32088 32088 I ThermalEngine: Found field 'offsets'
03-10 19:21:42.069 32088 32088 I ThermalEngine: Found field 'sampling'
03-10 19:21:42.069 32088 32088 I ThermalEngine: Found field 'math'
03-10 19:21:42.069 32088 32088 I ThermalEngine: Created section 'DETECT-STANDBY'
03-10 19:21:42.069 32088 32088 I ThermalEngine: Algo Type 'virtual'
03-10 19:21:42.069 32088 32088 I ThermalEngine: Parsing section DETECT-STANDBY
03-10 19:21:42.069 32088 32088 I ThermalEngine: Found field 'trip_sensor'
03-10 19:21:42.069 32088 32088 I ThermalEngine: Found field 'thresholds'
03-10 19:21:42.069 32088 32088 I ThermalEngine: Found field 'thresholds_clr'
03-10 19:21:42.069 32088 32088 I ThermalEngine: Found field 'sensors'
03-10 19:21:42.069 32088 32088 I ThermalEngine: Found field 'weights'
03-10 19:21:42.069 32088 32088 I ThermalEngine: Found field 'sampling'
03-10 19:21:42.069 32088 32088 I ThermalEngine: Found field 'math'
03-10 19:21:42.069 32088 32088 I ThermalEngine: Found field 'less_than'
03-10 19:21:42.069 32088 32088 I ThermalEngine: Created section 'DETECT-WLS'
03-10 19:21:42.069 32088 32088 I ThermalEngine: Algo Type 'virtual'
03-10 19:21:42.069 32088 32088 I ThermalEngine: Parsing section DETECT-WLS
03-10 19:21:42.069 32088 32088 I ThermalEngine: Found field 'trip_sensor'
03-10 19:21:42.069 32088 32088 I ThermalEngine: Found field 'thresholds'
03-10 19:21:42.069 32088 32088 I ThermalEngine: Found field 'thresholds_clr'
03-10 19:21:42.069 32088 32088 I ThermalEngine: Found field 'sensors'
03-10 19:21:42.069 32088 32088 I ThermalEngine: Found field 'sampling'
03-10 19:21:42.069 32088 32088 I ThermalEngine: Found field 'math'
03-10 19:21:42.070  2064 32268 I sensors-hal: ssc_conn_resp_cb:632, resp_value = 0
03-10 19:21:42.070  2064  2064 I sensors-hal: send_sync_sensor_request:373, takes 3 ms to receive the response with 0
03-10 19:21:42.070 32088 32088 I ThermalEngine: [VIRTUAL-FAIL-SAFE-TJ]
03-10 19:21:42.070  2064  2064 I sensors-hal: activate:184, com.motorola.sensor.alternate_light/65959 en=1 completed
03-10 19:21:42.070 32088 32088 I ThermalEngine: #algo_type virtual
03-10 19:21:42.070 32088 32088 I ThermalEngine: sensors nspss-0 nspss-1 nspss-2 gpuss-0 gpuss-1 camera-0 camera-1 mdmss-0 mdmss-1 mdmss-2 mdmss-3 video
03-10 19:21:42.070 32088 32088 I ThermalEngine: weights
03-10 19:21:42.070 32088 32088 I ThermalEngine: trip_sensor nspss-0 nspss-1 nspss-2 gpuss-0 gpuss-1 camera-0 camera-1 mdmss-0 mdmss-1 mdmss-2 mdmss-3 video
03-10 19:21:42.070 32088 32088 I ThermalEngine: trip_sensor_logic || || || || || || || || || || ||
03-10 19:21:42.070 32088 32088 I ThermalEngine: thresholds 100000 100000 100000 100000 100000 100000 100000 100000 100000 100000 100000 100000
03-10 19:21:42.070 32088 32088 I ThermalEngine: thresholds_clr 90000 90000 90000 90000 90000 90000 90000 90000 90000 90000 90000 90000
03-10 19:21:42.070 32088 32088 I ThermalEngine: offsets
03-10 19:21:42.070 32088 32088 I ThermalEngine: sampling 10
03-10 19:21:42.070 32088 32088 I ThermalEngine: math 2
03-10 19:21:42.070 32088 32088 I ThermalEngine: ambient_value
03-10 19:21:42.070 32088 32088 I ThermalEngine: rise_value
03-10 19:21:42.070 32088 32088 I ThermalEngine: [VIRTUAL-CPU-GOLD-TJ-SHUTDOWN]
03-10 19:21:42.070 32088 32088 I ThermalEngine: #algo_type virtual
03-10 19:21:42.070 32088 32088 I ThermalEngine: sensors cpu-1-0 cpu-1-1 cpu-1-2 cpu-1-3 cpu-1-4 cpu-1-5 cpu-1-6 cpu-1-7
03-10 19:21:42.070 32088 32088 I ThermalEngine: weights
03-10 19:21:42.070 32088 32088 I ThermalEngine: trip_sensor cpu-1-0 cpu-1-1 cpu-1-2 cpu-1-3 cpu-1-4 cpu-1-5 cpu-1-6 cpu-1-7
03-10 19:21:42.070 32088 32088 I ThermalEngine: trip_sensor_logic || || || || || || ||
03-10 19:21:42.070 32088 32088 I ThermalEngine: thresholds 115000 115000 115000 115000 115000 115000 115000 115000
03-10 19:21:42.070 32088 32088 I ThermalEngine: thresholds_clr 100000 100000 100000 100000 100000 100000 100000 100000
03-10 19:21:42.070 32088 32088 I ThermalEngine: offsets
03-10 19:21:42.070 32088 32088 I ThermalEngine: sampling 10
03-10 19:21:42.070 32088 32088 I ThermalEngine: math 2
03-10 19:21:42.070 32088 32088 I ThermalEngine: ambient_value
03-10 19:21:42.070 32088 32088 I ThermalEngine: rise_value
03-10 19:21:42.070 32088 32088 I ThermalEngine: [VIRTUAL-CPU-TJ-SHUTDOWN]
03-10 19:21:42.070 32088 32088 I ThermalEngine: #algo_type virtual
03-10 19:21:42.070 32088 32088 I ThermalEngine: sensors cpu-0-0 cpu-0-1 cpu-0-2 cpu-0-3 cpuss-0 cpuss-1
03-10 19:21:42.070 32088 32088 I ThermalEngine: weights
03-10 19:21:42.070 32088 32088 I ThermalEngine: trip_sensor cpu-0-0 cpu-0-1 cpu-0-2 cpu-0-3 cpuss-0 cpuss-1
03-10 19:21:42.070 32088 32088 I ThermalEngine: trip_sensor_logic || || || || ||
03-10 19:21:42.070 32088 32088 I ThermalEngine: thresholds 115000 115000 115000 115000 115000 115000
03-10 19:21:42.070 32088 32088 I ThermalEngine: thresholds_clr 100000 100000 100000 100000 100000 100000
03-10 19:21:42.070 32088 32088 I ThermalEngine: offsets
03-10 19:21:42.070 32088 32088 I ThermalEngine: sampling 10
03-10 19:21:42.070 32088 32088 I ThermalEngine: math 2
03-10 19:21:42.070 32088 32088 I ThermalEngine: ambient_value
03-10 19:21:42.070 32088 32088 I ThermalEngine: rise_value
03-10 19:21:42.070 32088 32088 I ThermalEngine: [VIRTUAL-NSP-TJ-SHUTDOWN]
03-10 19:21:42.070 32088 32088 I ThermalEngine: #algo_type virtual
03-10 19:21:42.070 32088 32088 I ThermalEngine: sensors nspss-0 nspss-1 nspss-2
03-10 19:21:42.070 32088 32088 I ThermalEngine: weights
03-10 19:21:42.070 32088 32088 I ThermalEngine: trip_sensor nspss-0 nspss-1 nspss-2
03-10 19:21:42.070 32088 32088 I ThermalEngine: trip_sensor_logic || ||
03-10 19:21:42.070 32088 32088 I ThermalEngine: thresholds 115000 115000 115000
03-10 19:21:42.070 32088 32088 I ThermalEngine: thresholds_clr 100000 100000 100000
03-10 19:21:42.070 32088 32088 I ThermalEngine: offsets
03-10 19:21:42.070 32088 32088 I ThermalEngine: sampling 10
03-10 19:21:42.070 32088 32088 I ThermalEngine: math 2
03-10 19:21:42.070 32088 32088 I ThermalEngine: ambient_value
03-10 19:21:42.070 32088 32088 I ThermalEngine: rise_value
03-10 19:21:42.070 32088 32088 I ThermalEngine: [VIRTUAL-MDM-TJ-SHUTDOWN]
03-10 19:21:42.070 32088 32088 I ThermalEngine: #algo_type virtual
03-10 19:21:42.070 32088 32088 I ThermalEngine: sensors mdmss-0 mdmss-1 mdmss-2 mdmss-3
03-10 19:21:42.070 32088 32088 I ThermalEngine: weights
03-10 19:21:42.070 32088 32088 I ThermalEngine: trip_sensor mdmss-0 mdmss-1 mdmss-2 mdmss-3
03-10 19:21:42.070 32088 32088 I ThermalEngine: trip_sensor_logic || || ||
03-10 19:21:42.070 32088 32088 I ThermalEngine: thresholds 115000 115000 115000 115000
03-10 19:21:42.070 32088 32088 I ThermalEngine: thresholds_clr 100000 100000 100000 100000
03-10 19:21:42.070 32088 32088 I ThermalEngine: offsets
03-10 19:21:42.070 32088 32088 I ThermalEngine: sampling 10
03-10 19:21:42.070 32088 32088 I ThermalEngine: math 2
03-10 19:21:42.070 32088 32088 I ThermalEngine: ambient_value
03-10 19:21:42.070 32088 32088 I ThermalEngine: rise_value
03-10 19:21:42.070 32088 32088 I ThermalEngine: [VIRTUAL-MM-TJ-SHUTDOWN]
03-10 19:21:42.070 32088 32088 I ThermalEngine: #algo_type virtual
03-10 19:21:42.070 32088 32088 I ThermalEngine: sensors gpuss-0 gpuss-1 video ddr camera-0 camera-1
03-10 19:21:42.070 32088 32088 I ThermalEngine: weights
03-10 19:21:42.070 32088 32088 I ThermalEngine: trip_sensor gpuss-0 gpuss-1 video ddr camera-0 camera-1
03-10 19:21:42.070 32088 32088 I ThermalEngine: trip_sensor_logic || || || || ||
03-10 19:21:42.070 32088 32088 I ThermalEngine: thresholds 115000 115000 115000 115000 115000 115000
03-10 19:21:42.070 32088 32088 I ThermalEngine: thresholds_clr 100000 100000 100000 100000 100000 100000
03-10 19:21:42.070 32088 32088 I ThermalEngine: offsets
03-10 19:21:42.070 32088 32088 I ThermalEngine: sampling 10
03-10 19:21:42.070 32088 32088 I ThermalEngine: math 2
03-10 19:21:42.070 32088 32088 I ThermalEngine: ambient_value
03-10 19:21:42.070 32088 32088 I ThermalEngine: rise_value
03-10 19:21:42.070 32088 32088 I ThermalEngine: [VIRTUAL-PMIC-ALARM-SHUTDOWN]
03-10 19:21:42.070 32088 32088 I ThermalEngine: #algo_type virtual
03-10 19:21:42.070 32088 32088 I ThermalEngine: sensors pm7325_tz pm8350c_tz
