03-13 15:11:18.918  4205  4205 D Navbar.Store: ----handleEvent(0) GetInflateButtonWidth(buttonSpec=right_remote_view, landscape=false) [Module] SamsungNavigationBarInflaterView
03-13 15:11:18.918  4205  4205 D Navbar.Store: ------[Band]STABLE_LAYOUT_PACK_INFLATE_NAVBAR
03-13 15:11:18.918  4205  4205 D NavBarStateManager: NavBarStates(0) getSpaceWidth(land: false): 118
03-13 15:11:18.918  4205  4205 D Navbar.Store: ----handleEvent(0) value= 118
03-13 15:11:18.919  4205  4205 D Navbar.Store: ----handleEvent(0) GetInflateButtonWidth(buttonSpec=left_remote_view, landscape=true) [Module] SamsungNavigationBarInflaterView
03-13 15:11:18.919  4205  4205 D Navbar.Store: ------[Band]STABLE_LAYOUT_PACK_INFLATE_NAVBAR
03-13 15:11:18.919  4205  4205 D NavBarStateManager: NavBarStates(0) getSpaceWidth(land: true): 118
03-13 15:11:18.919  4205  4205 D Navbar.Store: ----handleEvent(0) value= 118
03-13 15:11:18.919  4205  4205 D Navbar.Store: ----handleEvent(0) GetInflateButtonWidth(buttonSpec=right_remote_view, landscape=true) [Module] SamsungNavigationBarInflaterView
03-13 15:11:18.919  4205  4205 D Navbar.Store: ------[Band]STABLE_LAYOUT_PACK_INFLATE_NAVBAR
03-13 15:11:18.919  4205  4205 D NavBarStateManager: NavBarStates(0) getSpaceWidth(land: true): 118
03-13 15:11:18.919  4205  4205 D Navbar.Store: ----handleEvent(0) value= 118
03-13 15:11:18.919  4205  4205 D Navbar.Store: ----handleEvent(0) GetNavBarSidePadding(landscape=false) [Module] SamsungNavigationBarInflaterView
03-13 15:11:18.919  4205  4205 D Navbar.Store: ------[Band]STABLE_LAYOUT_PACK_INFLATE_NAVBAR_SIDE_PADDING
03-13 15:11:18.919  4205  4205 D NavBarStateManager: NavBarStates(0) getNavBarSidePadding: 0
03-13 15:11:18.919  4205  4205 D Navbar.Store: ----handleEvent(0) value= 0
03-13 15:11:18.919  4205  4205 D Navbar.Store: ----handleEvent(0) GetNavBarSidePadding(landscape=true) [Module] SamsungNavigationBarInflaterView
03-13 15:11:18.919  4205  4205 D Navbar.Store: ------[Band]STABLE_LAYOUT_PACK_INFLATE_NAVBAR_SIDE_PADDING
03-13 15:11:18.919  4205  4205 D NavBarStateManager: NavBarStates(0) getNavBarSidePadding: 0
03-13 15:11:18.919  4205  4205 D Navbar.Store: ----handleEvent(0) value= 0
03-13 15:11:18.919  4205  4205 D Navbar.Store: ----handleEvent(0) GetNavBarSidePadding(landscape=false) [Module] SamsungNavigationBarInflaterView
03-13 15:11:18.919  4205  4205 D Navbar.Store: ------[Band]STABLE_LAYOUT_PACK_INFLATE_NAVBAR_SIDE_PADDING
03-13 15:11:18.919  4205  4205 D NavBarStateManager: NavBarStates(0) getNavBarSidePadding: 0
03-13 15:11:18.919  4205  4205 D Navbar.Store: ----handleEvent(0) value= 0
03-13 15:11:18.919  4205  4205 D Navbar.Store: ----handleEvent(0) GetNavBarSidePadding(landscape=true) [Module] SamsungNavigationBarInflaterView
03-13 15:11:18.919  4205  4205 D Navbar.Store: ------[Band]STABLE_LAYOUT_PACK_INFLATE_NAVBAR_SIDE_PADDING
03-13 15:11:18.919  4205  4205 D NavBarStateManager: NavBarStates(0) getNavBarSidePadding: 0
03-13 15:11:18.919  4205  4205 D Navbar.Store: ----handleEvent(0) value= 0
03-13 15:11:18.920  4360  4090 I CCodecBufferChannel: [c2.qti.hevc.decoder#831] 10 initial input buffers available
03-13 15:11:18.920  2053  2951 W QC2Interface: [hvcD_858] Failed to query parameters
03-13 15:11:18.920  2235  2235 D ConnectivityManager: StackLog: [android.net.ConnectivityManager.unregisterNetworkCallback(ConnectivityManager.java:5579)] [pi2.b.onActivityStopped(r8-map-id-3605a00186c31b6a856390f7c455e633867c96a636ff54f3fc2b0cca31ca489d:25)] [android.app.Application.dispatchActivityStopped(Application.java:510)] [android.app.Activity.dispatchActivityStopped(Activity.java:1752)] [android.app.Activity.onStop(Activity.java:2982)] [z3.t.onStop(r8-map-id-3605a00186c31b6a856390f7c455e633867c96a636ff54f3fc2b0cca31ca489d:1)] [h.j.onStop(r8-map-id-3605a00186c31b6a856390f7c455e633867c96a636ff54f3fc2b0cca31ca489d:1)] [com.reddit.legacyactivity.f.onStop(r8-map-id-3605a00186c31b6a856390f7c455e633867c96a636ff54f3fc2b0cca31ca489d:1)] [com.reddit.launch.main.MainActivity.onStop(r8-map-id-3605a00186c31b6a856390f7c455e633867c96a636ff54f3fc2b0cca31ca489d:1)] [android.app.Instrumentation.callActivityOnStop(Instrumentation.java:1740)] [android.app.Activity.performStop(Activity.java:9805)] [android.app.ActivityThread.callActivityOnStop(ActivityThread.java:6744)] [android.app.ActivityThread.performStopActivityInner(ActivityThread.java:6718)] [android.app.ActivityThread.handleStopActivity(ActivityThread.java:6788)] [android.app.servertransaction.StopActivityItem.execute(StopActivityItem.java:43)] [android.app.servertransaction.ActivityTransactionItem.execute(ActivityTransactionItem.java:63)] [android.app.servertransaction.TransactionExecutor.executeLifecycleItem(TransactionExecutor.java:169)] [android.app.servertransaction.TransactionExecutor.executeTransactionItems(TransactionExecutor.java:101)] [android.app.servertransaction.TransactionExecutor.execute(TransactionExecutor.java:80)] [android.app.ActivityThread$H.handleMessage(ActivityThread.java:3150)]
03-13 15:11:18.920  2496  1221 I ResourceManagerService: addMediaInfo pid 4360 (width 1080 height 2640), allocated hw codec count 1
03-13 15:11:18.920  3003  3941 D ConnectivityService:  Removing from current network [115 WIFI], leaving 301 requests.
03-13 15:11:18.920  3003  3067 D InputManager: notifyDisplayIdChangedByUser: 1
03-13 15:11:18.920  3003  3067 E Looper  : Error adding epoll events for fd 1317 while rebuilding epoll set: Bad file descriptor
03-13 15:11:18.920  3003  3067 E Looper  : Error adding epoll events for fd 1280 while rebuilding epoll set: Bad file descriptor
03-13 15:11:18.920  3003  3067 E Looper  : Error adding epoll events for fd 1052 while rebuilding epoll set: Bad file descriptor
03-13 15:11:18.920  3003  3067 E Looper  : Error adding epoll events for fd 1308 while rebuilding epoll set: Operation not permitted
03-13 15:11:18.920  3003  3067 E Looper  : Error adding epoll events for fd 1277 while rebuilding epoll set: Operation not permitted
03-13 15:11:18.920  3003  3067 E Looper  : Error adding epoll events for fd 1299 while rebuilding epoll set: Operation not permitted
03-13 15:11:18.920  3003  3067 E Looper  : Error adding epoll events for fd 1460 while rebuilding epoll set: Operation not permitted
03-13 15:11:18.920  3003  3067 E Looper  : Error adding epoll events for fd 1208 while rebuilding epoll set: Operation not permitted
03-13 15:11:18.920  2496  1221 I ResourceManagerService: getMediaResourceInfo (PID : 4360, clientID : -5476376666658737776, non-secure-codec/hw-video-codec:[]:1, 1080x2640 (fps:120) - sw codec : no, encoder : no componentName = c2.qti.hevc.decoder bitrate = 17000000)
03-13 15:11:18.921  3003  3065 D WindowManager: DeferredDisplayUpdater: applying DisplayInfo(748 x 720) immediately
03-13 15:11:18.921  3003  3065 V WindowManager: Content Recording: Display 1 state was (1), is now (1), so update recording?
03-13 15:11:18.921  3003  3065 D BLASTSyncEngine: SyncGroup 7531:  Unfinished container: WindowToken{8004a5b type=2024 android.os.BinderProxy@d7bba75} mSyncState=2
03-13 15:11:18.921  2496  1221 W ResourceManagerServiceUtils: Ignoring request to add new resource entry with value <= 0
03-13 15:11:18.922  4360  4089 I MediaCodec: setCodecState state(0), called in 6, domain 1, 1
03-13 15:11:18.922  3003  3003 D SGM:GameManager: onDisplayChanged. displyId: 1, state: 1
03-13 15:11:18.922  3003  3003 V CameraService_worker: onDisplayChanged rotation : 0 current mDeviceState : 6
03-13 15:11:18.924  3003  3068 D BLASTSyncEngine: SyncGroup 7531:  Unfinished container: WindowToken{8004a5b type=2024 android.os.BinderProxy@d7bba75} mSyncState=2
03-13 15:11:18.924  4832 15304 I HoneySpace.Memory-Monitor: no default Display - 1
03-13 15:11:18.925  4832 15304 I HoneySpace.SystemUiRepository: systemUiFlags: overview_disabled|home_disabled|allow_gesture|awake
03-13 15:11:18.925 19717 19717 I HBD     : DeX h DeX mode state change in non-main thread 
03-13 15:11:18.925 19717 19717 I HBD     : DeX h DeX mode state change: 3 
03-13 15:11:18.925  3003  4405 D SGM:GameManager: identifyGamePackage. com.android.systemui, mCurrentUserId: 0, callingMethodInfo: com.samsung.android.game.IGameManagerService$Stub.onTransact(IGameManagerService.java:247)
03-13 15:11:18.925  4832 32461 I HoneySpace.SystemUiRepository: systemUiFlags: overview_disabled|home_disabled|allow_gesture|back_disabled|awake
03-13 15:11:18.925  4832  4895 I HoneySpace.TaskbarEventTracker: invokeEvent() called with: event = SystemUiStateChanged(stateFlags=268566912)
03-13 15:11:18.925  3003  6692 D WifiDisplayAdapter: isFitToActiveDisplayLocked : false
03-13 15:11:18.926  5393  6882 I ScanManager: handleScreenOff()
03-13 15:11:18.927  5393  6882 I bt_shim_scanner: system/main/shim/le_scanning_manager.cc:151 Scan: in shim layer stopped
03-13 15:11:18.927  5393  6882 W ScanManager: There is no scan radio to stop
03-13 15:11:18.927  5393  5832 W bluetooth: system/gd/hci/le_scanning_manager.cc:716 scan: address_manager_registered_
03-13 15:11:18.927  6380  6380 I SemMediaResourceHelper: onAdd
03-13 15:11:18.927  5393  5832 W bluetooth: system/gd/hci/le_scanning_manager.cc:768 stop_scan: stop_scan
03-13 15:11:18.927  5393  5832 I bluetooth: system/gd/hci/le_address_manager.cc:278 unregister_client: Client unregistered
03-13 15:11:18.927  5393  6882 I bt_shim_scanner: system/main/shim/le_scanning_manager.cc:335 SetScanParameters: in shim layer, scannerId1m=3, scannerIdCoded=0
03-13 15:11:18.927  5393  5832 I bluetooth: system/gd/hci/le_address_manager.cc:293 unregister_client: Cancelled address rotation alarm
03-13 15:11:18.927  5393  6882 W bt_shim_scanner: system/main/shim/le_scanning_manager.cc:365 SetScanParameters: Set scan params scan_int_1m : 3120, scan_win_1m : 160, Duty : 5.13% | scan_int_coded : 0, scan_win_coded : 0, Duty : nan%
03-13 15:11:18.927  5393  6882 I bt_shim_scanner: system/main/shim/le_scanning_manager.cc:151 Scan: in shim layer started
03-13 15:11:18.927  1993  1993 D vendor.qti.bluetooth@1.1-ibs_handler: SerialClockVote: vote for UART CLK ON
03-13 15:11:18.928  2452 11702 I CameraService: onUidStateChanged: uid=10433, procState is changed. (12 -> 15)
03-13 15:11:18.928  1993  1993 D vendor.qti.bluetooth@1.1-wake_lock: Acquire wakelock is acquired 
03-13 15:11:18.928  1993  1993 I vendor.qti.bluetooth@1.1-ibs_handler: DeviceWakeUp: Writing IBS_WAKE_IND
03-13 15:11:18.929  2007  2007 I sensors-hal: activate:300, com.samsung.sensor.light_seamless/1782 en=0
03-13 15:11:18.929  4205  4205 D NavBarView: disableBack=false (isBackDismissIme=false, handlingGestures=false, disabledFlagBack=false, isBottomGesture=false, isImeRenderingNavButtons=false)
03-13 15:11:18.929  2007  2007 I sensors-hal: send_sync_sensor_request:508, send sync request
03-13 15:11:18.929  2007  2007 I sensors-hal: send_sync_sensor_request:518, send_sync_sensor_request before send_request for light_seamless with SUID low=11039298318857557060 high=1340270623893619472
03-13 15:11:18.929  2007  2007 I sensors-hal: send_sync_sensor_request:537, wait for notification of response
03-13 15:11:18.929  4205  4205 D Navbar.Store: ----handleEvent(0) OnUpdateSysUiStateFlag(noArguments=true) [Module] SamsungNavigationBarView
03-13 15:11:18.929  4205  4205 D Navbar.Store: ------[Band]GESTURE_PACK_UPDATE_SYSTEMUI_STATE_FLAG
03-13 15:11:18.929  4205  4205 D Navbar.Store: ------[Band] (afterAction) GESTURE_PACK_UPDATE_SYSTEMUI_STATE_FLAG
03-13 15:11:18.929  4205  4205 D Navbar.Store: handleEvent(0) OnConfigChanged(newConfig={1.0 ?mcc0mnc [en_US] ldltr sw360dp w360dp h880dp 480dpi nrml long hdr widecg port night finger -keyb/v/h -nav/h winConfig={ mBounds=Rect(0, 0 - 1080, 2640) mAppBounds=Rect(0, 0 - 1080, 2640) mMaxBounds=Rect(0, 0 - 1080, 2640) mDisplayRotation=ROTATION_0 mWindowingMode=fullscreen mActivityType=undefined mAlwaysOnTop=undefined mRotation=ROTATION_0 mStageConfig=undefined mPopOver=undefined mOverlappingWithCutout=false mFlexPanelMode=off} s.7551 fontWeightAdjustment=0 ff=0 bf=-1 bts=0 cst=1.0 nightDim=0 themeSeq=0}) [Module] NavigationBarControllerImpl
03-13 15:11:18.929  4205  4205 D Navbar.Store: --[Band]CONFIG_PACK_CONFIG_CHANGED
03-13 15:11:18.929  4205  4205 D Navbar.Store: handleEvent(0) OnNavBarConfigChanged(canMove=true, supportPhoneLayoutProvider=true, imeDownButtonForAllRotation=false, navigationMode=0) [Module] NavigationBarControllerImpl
03-13 15:11:18.929  4205  4205 D Navbar.Store: --[Band]STABLE_LAYOUT_PACK_NAVBAR_CONFIG_CHANGED
03-13 15:11:18.929  4205  4205 D NavBarStateManager: NavBarStates(0) supportLargeCoverScreenNavBar: false
03-13 15:11:18.929  4205  4205 D Navbar.Store: --updateLayoutProvider() layoutProviderContainer = com.android.systemui.navigationbar.layout.LayoutProviderContainerImpl@1dbf89d
03-13 15:11:18.929  4205  4205 D NavBarStateManager: NavBarStates(0) supportLargeCoverScreenNavBar: false
03-13 15:11:18.929  4205  4205 D Navbar.Store: --[Band] (afterAction) STABLE_LAYOUT_PACK_NAVBAR_CONFIG_CHANGED
03-13 15:11:18.929  2007  3645 I sensors-hal: qsh_conn_resp_cb:930, resp_value = 0 for light_seamless 
03-13 15:11:18.929  4205  4205 D Navbar.Store: handleEvent(1) OnConfigChanged(newConfig={1.0 ?mcc0mnc [en_US] ldltr sw360dp w360dp h880dp 480dpi nrml long hdr widecg port night finger -keyb/v/h -nav/h winConfig={ mBounds=Rect(0, 0 - 1080, 2640) mAppBounds=Rect(0, 0 - 1080, 2640) mMaxBounds=Rect(0, 0 - 1080, 2640) mDisplayRotation=ROTATION_0 mWindowingMode=fullscreen mActivityType=undefined mAlwaysOnTop=undefined mRotation=ROTATION_0 mStageConfig=undefined mPopOver=undefined mOverlappingWithCutout=false mFlexPanelMode=off} s.7551 fontWeightAdjustment=0 ff=0 bf=-1 bts=0 cst=1.0 nightDim=0 themeSeq=0}) [Module] NavigationBarControllerImpl
03-13 15:11:18.929  4205  4205 D Navbar.Store: handleEvent(1) OnNavBarConfigChanged(canMove=true, supportPhoneLayoutProvider=true, imeDownButtonForAllRotation=false, navigationMode=0) [Module] NavigationBarControllerImpl
03-13 15:11:18.929  4205  4205 D Navbar.Store: --[Band]STABLE_LAYOUT_PACK_NAVBAR_CONFIG_CHANGED
03-13 15:11:18.929  4205  4205 D NavBarStateManager: NavBarStates(1) supportLargeCoverScreenNavBar: true
03-13 15:11:18.929  2235  2235 I AutofillManager: onInvisibleForAutofill(): expiringResponse
03-13 15:11:18.929  3003  6708 D PresentationStatsEventLogger: Not setting no presentation reason because it already exists
03-13 15:11:18.929  3003  6708 W PresentationStatsEventLogger: Empty dataset. Autofill ignoring log
03-13 15:11:18.930  4205  4205 D LayoutProviderContainerImpl: getCoverDisplayContext, cover display=Display id 1: DisplayInfo{"Built-in Screen", displayId 1, displayGroupId 0, FLAG_SECURE, FLAG_SUPPORTS_PROTECTED_BUFFERS, FLAG_PRESENTATION, FLAG_CAN_SHOW_WITH_INSECURE_KEYGUARD, FLAG_SHOULD_SHOW_SYSTEM_DECORATIONS, FLAG_TRUSTED, FLAG_ALLOWS_CONTENT_MODE_SWITCH, real 748 x 720, largest app 748 x 748, smallest app 618 x 552, appVsyncOff 16666666, presDeadline 17666666, mode 8, renderFrameRate 60.000004, hasArrSupport false, frameRateCategoryRate FrameRateCategoryRate {normal=60.0, high=90.0}, supportedRefreshRates [60.000004], defaultMode 8, REFRESH_RATE_MODE_SEAMLESS, userPreferredModeId -1, supportedModes [{id=8, width=748, height=720, fps=60.000004, vsync=60.000004, synthetic=false, alternativeRefreshRates=[], supportedHdrTypes=[2, 3, 4]}], appsSupportedModes [{id=8, width=748, height=720, fps=60.000004, vsync=60.000004, synthetic=false, alternativeRefreshRates=[], supportedHdrTypes=[2, 3, 4]}], hdrCapabilities HdrCapabilities{mSupportedHdrTypes=[2, 3, 4], mMaxLuminance=450.0, mMaxAverageLuminance=225.00024, mMinLuminance=5.0E-4}, isForceSdr false, userDisabledHdrTypes [], minimalPostProcessingSupported false, rotation 0, state OFF, committedState OFF}, DisplayMetrics{density=2.125, width=748, height=618, scaledDensity=2.125, xdpi=306.438, ydpi=309.966}, isValid=true
03-13 15:11:18.930  2071  2129 I sysinput:aidl: onReportInformation:93, 1, enabled@1,0:0
03-13 15:11:18.930  2071  2129 I sysinput:Touch1: operator():132, 1,0 OK
03-13 15:11:18.927  4832  4895 I HoneySpace.TaskbarEventTracker: invokeEvent() called with: event = SystemUiStateChanged(stateFlags=272761216)
03-13 15:11:18.930  3003  3994 D SysinputHAL_AIDL: activate(TSP(1)),1,0 ret=0
03-13 15:11:18.930  4832 32470 I HoneySpace.SystemUiRepository: systemUiFlags: overview_disabled|home_disabled|navbar_hidden|allow_gesture|back_disabled|awake
03-13 15:11:18.930  2007  2007 I sensors-hal: send_sync_sensor_request:543, takes 1 ms to receive the response with 0
03-13 15:11:18.930  2007  2007 I sensors-hal: activate:330, com.samsung.sensor.light_seamless/1782 en=0 completed
03-13 15:11:18.931  3003  3067 D SensorManager: unregisterListener :: com.android.server.display.mode.DisplayModeDirector$BrightnessObserver$LightSensorEventListener@b4fe971
03-13 15:11:18.931  3003  3067 D BrightnessSynchronizer: onDisplayChanged() : displayId=0
03-13 15:11:18.931  4205  4205 D Navbar.Store: --updateLayoutProvider() layoutProviderContainer = com.android.systemui.navigationbar.layout.LayoutProviderContainerImpl@1dbf89d
03-13 15:11:18.931  4205  4205 D NavBarStateManager: NavBarStates(1) supportLargeCoverScreenNavBar: true
03-13 15:11:18.931  3003  3067 D BrightnessSynchronizer: updateScreenBrightness: displayId=0 type=2 mPreferredSettingValue=0.33725488(86) currentBrightnessInt=86 currentBrightnessIntFromFloat=86(0.33725488)
03-13 15:11:18.931  6380  6380 I SemMediaResourceHelper: onState
03-13 15:11:18.931  4205  4205 D LayoutProviderContainerImpl: getCoverDisplayContext, cover display=Display id 1: DisplayInfo{"Built-in Screen", displayId 1, displayGroupId 0, FLAG_SECURE, FLAG_SUPPORTS_PROTECTED_BUFFERS, FLAG_PRESENTATION, FLAG_CAN_SHOW_WITH_INSECURE_KEYGUARD, FLAG_SHOULD_SHOW_SYSTEM_DECORATIONS, FLAG_TRUSTED, FLAG_ALLOWS_CONTENT_MODE_SWITCH, real 748 x 720, largest app 748 x 748, smallest app 618 x 552, appVsyncOff 16666666, presDeadline 17666666, mode 8, renderFrameRate 60.000004, hasArrSupport false, frameRateCategoryRate FrameRateCategoryRate {normal=60.0, high=90.0}, supportedRefreshRates [60.000004], defaultMode 8, REFRESH_RATE_MODE_SEAMLESS, userPreferredModeId -1, supportedModes [{id=8, width=748, height=720, fps=60.000004, vsync=60.000004, synthetic=false, alternativeRefreshRates=[], supportedHdrTypes=[2, 3, 4]}], appsSupportedModes [{id=8, width=748, height=720, fps=60.000004, vsync=60.000004, synthetic=false, alternativeRefreshRates=[], supportedHdrTypes=[2, 3, 4]}], hdrCapabilities HdrCapabilities{mSupportedHdrTypes=[2, 3, 4], mMaxLuminance=450.0, mMaxAverageLuminance=225.00024, mMinLuminance=5.0E-4}, isForceSdr false, userDisabledHdrTypes [], minimalPostProcessingSupported false, rotation 0, state OFF, committedState OFF}, DisplayMetrics{density=2.125, width=748, height=618, scaledDensity=2.125, xdpi=306.438, ydpi=309.966}, isValid=true
03-13 15:11:18.932  3003  3065 D WindowManager: DeferredDisplayUpdater: partially applying DisplayInfo(1080 x 2640) immediately
03-13 15:11:18.932  3003  3065 D WindowManager: DeferredDisplayUpdater: applying DisplayInfo(748 x 720) immediately
03-13 15:11:18.932  3003  3065 V WindowManager: Content Recording: Display 1 state was (1), is now (1), so update recording?
03-13 15:11:18.932  3003  5976 D LiftUpHandler: [LTW]  Settings Lift to wake: enable = 0
03-13 15:11:18.932  3003  5976 D LiftUpHandler: [LTW] Running already.
03-13 15:11:18.932  2022  2124 I HYPER-HAL: [RequestManager.cpp]releaseLocked(): Released ID : 20540874
03-13 15:11:18.932  4205  4205 D Navbar.Store: --[Band] (afterAction) STABLE_LAYOUT_PACK_NAVBAR_CONFIG_CHANGED
03-13 15:11:18.932  3003  3068 D BLASTSyncEngine: SyncGroup 7531:  Unfinished container: WindowToken{8004a5b type=2024 android.os.BinderProxy@d7bba75} mSyncState=2
03-13 15:11:18.932 15873 15873 I VRI[InputMethod]@28ec110: onDisplayChanged oldDisplayState=2 newDisplayState=1
03-13 15:11:18.932  3003  3067 D BBA2    : updateWindowVisible for pid : 2235, visible : 0
03-13 15:11:18.933  4205  4205 I SubScreenManager:  onDeviceStateChanged DeviceState{identifier=0, name='CLOSED', app_accessible=false, cancel_when_requester_not_on_top=false}
03-13 15:11:18.933  4205  4205 I SubScreenManager: requestDualState false
03-13 15:11:18.933  3003  3067 E ModeChangeObserver: Changed display not found
03-13 15:11:18.933  6239  6239 I VRI[OnboardingActivity]@7b65a5f: onDisplayChanged oldDisplayState=1 newDisplayState=1
03-13 15:11:18.933  3003  3003 D SGM:GameManager: onDisplayChanged. displyId: 0, state: 1
03-13 15:11:18.933  3003  3003 I SemMdnieManagerService: DisplayListener onDisplayChanged. mAlwaysOnDisplayEnabled : false , mDisplayOn : true , mDisplayState : 1 , mWorkBlueFilter : true , mNightModeBlock : true
03-13 15:11:18.933  3003  3003 D EyeComfortSolutionService: mBlueLightFilterAdaptiveModeEnabled: true , mBlueLightFilterScheduledTime: false
03-13 15:11:18.934  3003  6828 I DeviceStateManagerService: cancelRequestInternal pid:4205, ignore
03-13 15:11:18.934  4205  4205 I SubScreenManager: onDeviceStateChanged() 
03-13 15:11:18.934  4205  4205 I SubLauncher:SubLauncherStateManager@232606011: setTentMode: 2 -> 0 
03-13 15:11:18.934  4205  4205 I FoldStateManager: onFoldStateChanged: true
03-13 15:11:18.934  4205  4205 I FoldStateManager: updateFoldState: isFolded = true
03-13 15:11:18.934  4205  4205 I FoldStateManager: onTableModeChanged: false
03-13 15:11:18.934  4205  4205 I FoldStateManager: updateTableMode: isTableMode = false
03-13 15:11:18.934  3003  3003 I SemMdnieManagerService: DDI setNightDimOffMode : false, index : 0, str : (0 0)
03-13 15:11:18.934  4205  4881 I VRI[ScreenDecorOverlayCover]@cddcdb0: onDisplayChanged oldDisplayState=1 newDisplayState=1
03-13 15:11:18.934  4205  4205 D SubscreenQsPanelControllerBase: onFolderStateChangedfalse
03-13 15:11:18.934  3003  3687 D SGM:FgCheckThread: onLooperPrepared(), msg: MSG_LCD_OFF
03-13 15:11:18.934  3003  3687 D SGM:FgCheckThread: sendFocusOutConditionally() - mPrevNotiPkg: (unknown), userId: 0
03-13 15:11:18.934  4205  4205 D SubscreenQsPanelControllerBase: setTiles 
03-13 15:11:18.934  4205  4205 D SubscreenQsPanelControllerBase: adding Tilespec : Wifi
03-13 15:11:18.934  4205  4205 E SecQSPanelResourcePickHelper: need to prepare suitable picker for COVER
03-13 15:11:18.934  4205  4205 E SecQSPanelResourcePickHelper: need to prepare suitable picker for COVER
03-13 15:11:18.934  4205  4205 E SecQSPanelResourcePickHelper: need to prepare suitable picker for COVER
03-13 15:11:18.934   487   487 I VRI[0 fl=}]@38f3598: onDisplayChanged oldDisplayState=2 newDisplayState=1
03-13 15:11:18.934  4205  4205 E SecQSPanelResourcePickHelper: need to prepare suitable picker for COVER
03-13 15:11:18.934  4832 31218 I HoneySpace.SystemUiRepository: assistantAvailable = false
03-13 15:11:18.934  3003  3067 D RefreshRateModeManager: onBrightnessChanged: brt=0, lux=-1.0
03-13 15:11:18.934  4205  4205 E SecQSPanelResourcePickHelper: need to prepare suitable picker for COVER
03-13 15:11:18.934  4205  4205 D SubRoomQsTileBaseView: updateSubscreenTileStroke
03-13 15:11:18.934  4832  4895 I HoneySpace.TaskbarEventTracker: invokeEvent() called with: event = SystemUiStateChanged(stateFlags=272761218)
03-13 15:11:18.934  4205  4267 I VRI[ShellDropTarget]@a0b4a8f: onDisplayChanged oldDisplayState=2 newDisplayState=1
03-13 15:11:18.934  4205  4205 D SubscreenQsPanelControllerBase: addTile tile.getTileSpec():  record: com.android.systemui.qs.QSPanelControllerBase$TileRecord@29bcc3e mSubscreenRecords.size(): 1
03-13 15:11:18.934  4205  4205 D SubscreenQsPanelControllerBase: adding Tilespec : SoundMode
03-13 15:11:18.934  4205  4205 E SecQSPanelResourcePickHelper: need to prepare suitable picker for COVER
03-13 15:11:18.934  4205  4267 I VRI[View root of ReusableWindowDecorViewHost#0]@15d66b2: onDisplayChanged oldDisplayState=2 newDisplayState=1
03-13 15:11:18.934  4205  4362 D StackScroller: onDisplayChanged for predraw skip to 1
03-13 15:11:18.934  4205  4267 I VRI[View root of ReusableWindowDecorViewHost#1]@d4195f3: onDisplayChanged oldDisplayState=2 newDisplayState=1
03-13 15:11:18.934  4205  4362 D StackScroller: onDisplayChanged for predraw skip to 1
03-13 15:11:18.935  4205  4205 E SecQSPanelResourcePickHelper: need to prepare suitable picker for COVER
03-13 15:11:18.935  4205  4205 E SecQSPanelResourcePickHelper: need to prepare suitable picker for COVER
03-13 15:11:18.935  4205  4205 E SecQSPanelResourcePickHelper: need to prepare suitable picker for COVER
03-13 15:11:18.935  4205  4362 D Tile.WifiTile: handleUpdateState isTransient=false transientEnabling =false cb.isTransient=false state.state = 2 mStateBeforeClick.value =false enabled =true
03-13 15:11:18.935  4205  4205 E SecQSPanelResourcePickHelper: need to prepare suitable picker for COVER
03-13 15:11:18.935  4205  4205 D SubRoomQsTileBaseView: updateSubscreenTileStroke
03-13 15:11:18.935  4205  4205 D SubscreenQsPanelControllerBase: addTile tile.getTileSpec():  record: com.android.systemui.qs.QSPanelControllerBase$TileRecord@9dc27ec mSubscreenRecords.size(): 2
03-13 15:11:18.935  4205  4205 D SubscreenQsPanelControllerBase: adding Tilespec : Bluetooth
03-13 15:11:18.935  4205  4205 E SecQSPanelResourcePickHelper: need to prepare suitable picker for COVER
03-13 15:11:18.935  4205  4205 E SecQSPanelResourcePickHelper: need to prepare suitable picker for COVER
03-13 15:11:18.935  4205  4205 E SecQSPanelResourcePickHelper: need to prepare suitable picker for COVER
03-13 15:11:18.935  4205  4205 E SecQSPanelResourcePickHelper: need to prepare suitable picker for COVER
03-13 15:11:18.935  4205  4205 E SecQSPanelResourcePickHelper: need to prepare suitable picker for COVER
03-13 15:11:18.935  4205  4205 D SubRoomQsTileBaseView: updateSubscreenTileStroke
03-13 15:11:18.935  4205  4205 D SubscreenQsPanelControllerBase: addTile tile.getTileSpec():  record: com.android.systemui.qs.QSPanelControllerBase$TileRecord@a846e4a mSubscreenRecords.size(): 3
03-13 15:11:18.935  4205  4205 D SubscreenQsPanelControllerBase: adding Tilespec : AirplaneMode
03-13 15:11:18.935  4205  4205 E SecQSPanelResourcePickHelper: need to prepare suitable picker for COVER
03-13 15:11:18.935  4205  4205 E SecQSPanelResourcePickHelper: need to prepare suitable picker for COVER
03-13 15:11:18.935  4205  4205 E SecQSPanelResourcePickHelper: need to prepare suitable picker for COVER
03-13 15:11:18.935  4205  4205 E SecQSPanelResourcePickHelper: need to prepare suitable picker for COVER
03-13 15:11:18.935  4205  4205 E SecQSPanelResourcePickHelper: need to prepare suitable picker for COVER
03-13 15:11:18.935  4205  4205 D SubRoomQsTileBaseView: updateSubscreenTileStroke
03-13 15:11:18.935  4205  4205 D SubscreenQsPanelControllerBase: addTile tile.getTileSpec():  record: com.android.systemui.qs.QSPanelControllerBase$TileRecord@b39b1bb mSubscreenRecords.size(): 4
03-13 15:11:18.935  4205  4205 D SubscreenQsPanelControllerBase: adding Tilespec : Flashlight
03-13 15:11:18.935  4205  4205 E SecQSPanelResourcePickHelper: need to prepare suitable picker for COVER
03-13 15:11:18.935  4205  4205 E SecQSPanelResourcePickHelper: need to prepare suitable picker for COVER
03-13 15:11:18.935  4205  4205 E SecQSPanelResourcePickHelper: need to prepare suitable picker for COVER
03-13 15:11:18.935  4205  4205 E SecQSPanelResourcePickHelper: need to prepare suitable picker for COVER
03-13 15:11:18.935  4205  4205 E SecQSPanelResourcePickHelper: need to prepare suitable picker for COVER
03-13 15:11:18.935  3003  3910 I CAE     : handleMessage(CaPowerManager.java:226) - AP_SLEEP
03-13 15:11:18.935  4205  4205 D SubRoomQsTileBaseView: updateSubscreenTileStroke
03-13 15:11:18.935  4205  4205 D SubscreenQsPanelControllerBase: addTile tile.getTileSpec():  record: com.android.systemui.qs.QSPanelControllerBase$TileRecord@d59d6d8 mSubscreenRecords.size(): 5
03-13 15:11:18.935  4205  4205 D SubscreenQsPanelControllerBase: adding Tilespec : MobileData
03-13 15:11:18.935  4205  4205 E SecQSPanelResourcePickHelper: need to prepare suitable picker for COVER
03-13 15:11:18.935  3003  3910 I CAE     : updateApPowerStatus(SensorHubParserProvider.java:461) - AP_SLEEP
03-13 15:11:18.935  4205  4205 E SecQSPanelResourcePickHelper: need to prepare suitable picker for COVER
03-13 15:11:18.935  4205  4205 E SecQSPanelResourcePickHelper: need to prepare suitable picker for COVER
03-13 15:11:18.935  3003  3910 I CAE     : getContextType(FreeFallDetection.java:25) - FFD getContextType
03-13 15:11:18.935  4205  4205 E SecQSPanelResourcePickHelper: need to prepare suitable picker for COVER
03-13 15:11:18.935  4205  4205 E SecQSPanelResourcePickHelper: need to prepare suitable picker for COVER
03-13 15:11:18.935  4205  4205 D SubRoomQsTileBaseView: updateSubscreenTileStroke
03-13 15:11:18.935  4205  4205 D SubscreenQsPanelControllerBase: addTile tile.getTileSpec():  record: com.android.systemui.qs.QSPanelControllerBase$TileRecord@1c67a31 mSubscreenRecords.size(): 6
03-13 15:11:18.935  4205  4205 D SubscreenQsPanelControllerBase: adding Tilespec : custom(com.samsung.android.app.smartcapture/com.samsung.android.app.screenrecorder.view.RecordScreenTile)
03-13 15:11:18.935  4205  4205 E SecQSPanelResourcePickHelper: need to prepare suitable picker for COVER
03-13 15:11:18.935  4205  4205 E SecQSPanelResourcePickHelper: need to prepare suitable picker for COVER
03-13 15:11:18.935  4205  4205 E SecQSPanelResourcePickHelper: need to prepare suitable picker for COVER
03-13 15:11:18.935  4205  4205 E SecQSPanelResourcePickHelper: need to prepare suitable picker for COVER
03-13 15:11:18.935  4205  4205 E SecQSPanelResourcePickHelper: need to prepare suitable picker for COVER
03-13 15:11:18.935  4205  4205 D SubRoomQsTileBaseView: updateSubscreenTileStroke
03-13 15:11:18.935  3003  4966 D WifiDisplayAdapter: isFitToActiveDisplayLocked : false
03-13 15:11:18.935  4205  4205 D SubscreenQsPanelControllerBase: addTile tile.getTileSpec():  record: com.android.systemui.qs.QSPanelControllerBase$TileRecord@da32516 mSubscreenRecords.size(): 7
03-13 15:11:18.935  4205  4205 D SubscreenQsPanelControllerBase: adding Tilespec : custom(com.samsung.android.app.routines/.LifestyleModeTile)
03-13 15:11:18.935  4205  4205 E SecQSPanelResourcePickHelper: need to prepare suitable picker for COVER
03-13 15:11:18.935  4205  4205 E SecQSPanelResourcePickHelper: need to prepare suitable picker for COVER
03-13 15:11:18.935  4205  4205 E SecQSPanelResourcePickHelper: need to prepare suitable picker for COVER
03-13 15:11:18.935  4205  4205 E SecQSPanelResourcePickHelper: need to prepare suitable picker for COVER
03-13 15:11:18.935  4205  4205 E SecQSPanelResourcePickHelper: need to prepare suitable picker for COVER
03-13 15:11:18.935  4205  4205 D SubRoomQsTileBaseView: updateSubscreenTileStroke
03-13 15:11:18.935  4205  4205 D SubscreenQsPanelControllerBase: addTile tile.getTileSpec():  record: com.android.systemui.qs.QSPanelControllerBase$TileRecord@8c7ae97 mSubscreenRecords.size(): 8
03-13 15:11:18.935  4205  4205 D SubscreenQsPanelControllerBase: adding Tilespec : Dnd
03-13 15:11:18.935  4205  4205 E SecQSPanelResourcePickHelper: need to prepare suitable picker for COVER
03-13 15:11:18.935  4205  4205 E SecQSPanelResourcePickHelper: need to prepare suitable picker for COVER
03-13 15:11:18.935  4205  4205 E SecQSPanelResourcePickHelper: need to prepare suitable picker for COVER
03-13 15:11:18.935  4205  4205 E SecQSPanelResourcePickHelper: need to prepare suitable picker for COVER
03-13 15:11:18.935  4205  4205 E SecQSPanelResourcePickHelper: need to prepare suitable picker for COVER
03-13 15:11:18.935  4205  4205 D SubRoomQsTileBaseView: updateSubscreenTileStroke
03-13 15:11:18.935  4205  4205 D SubscreenQsPanelControllerBase: addTile tile.getTileSpec():  record: com.android.systemui.qs.QSPanelControllerBase$TileRecord@4018884 mSubscreenRecords.size(): 9
03-13 15:11:18.935  4205  4205 D SubscreenQsPanelControllerBase: setTiles 
03-13 15:11:18.935  4205  4205 D SubscreenQsPanelControllerBase: adding Tilespec : Wifi
03-13 15:11:18.935  4205  4205 E SecQSPanelResourcePickHelper: need to prepare suitable picker for COVER
03-13 15:11:18.935  4205  4205 E SecQSPanelResourcePickHelper: need to prepare suitable picker for COVER
03-13 15:11:18.935  4205  4205 E SecQSPanelResourcePickHelper: need to prepare suitable picker for COVER
03-13 15:11:18.935  4205  4205 E SecQSPanelResourcePickHelper: need to prepare suitable picker for COVER
03-13 15:11:18.935  4205  4205 E SecQSPanelResourcePickHelper: need to prepare suitable picker for COVER
03-13 15:11:18.935  4205  4205 D SubRoomQsTileBaseView: updateSubscreenTileStroke
03-13 15:11:18.935  4205  4205 D SubscreenQsPanelControllerBase: addTile tile.getTileSpec():  record: com.android.systemui.qs.QSPanelControllerBase$TileRecord@657886d mSubscreenRecords.size(): 1
03-13 15:11:18.935  4205  4205 D SubscreenQsPanelControllerBase: adding Tilespec : SoundMode
03-13 15:11:18.935  3003  3003 D SGM:GameManager: onDisplayChanged. displyId: 1, state: 1
03-13 15:11:18.935  4205  4205 E SecQSPanelResourcePickHelper: need to prepare suitable picker for COVER
03-13 15:11:18.935  3003  3003 V CameraService_worker: onDisplayChanged rotation : 0 current mDeviceState : 6
03-13 15:11:18.935  4205  4205 E SecQSPanelResourcePickHelper: need to prepare suitable picker for COVER
03-13 15:11:18.935  4205  4205 E SecQSPanelResourcePickHelper: need to prepare suitable picker for COVER
03-13 15:11:18.935  4205  4205 E SecQSPanelResourcePickHelper: need to prepare suitable picker for COVER
03-13 15:11:18.935  4205  4205 E SecQSPanelResourcePickHelper: need to prepare suitable picker for COVER
03-13 15:11:18.935  4205  4205 D SubRoomQsTileBaseView: updateSubscreenTileStroke
03-13 15:11:18.935  3003  3003 D SGM:GameManager: onDisplayChanged. displyId: 0, state: 1
03-13 15:11:18.935  4205  4205 D SubscreenQsPanelControllerBase: addTile tile.getTileSpec():  record: com.android.systemui.qs.QSPanelControllerBase$TileRecord@247ca2 mSubscreenRecords.size(): 2
03-13 15:11:18.935  4205  4205 D SubscreenQsPanelControllerBase: adding Tilespec : Bluetooth
03-13 15:11:18.935  4205  4205 E SecQSPanelResourcePickHelper: need to prepare suitable picker for COVER
03-13 15:11:18.935  4205  4205 E SecQSPanelResourcePickHelper: need to prepare suitable picker for COVER
03-13 15:11:18.936  4205  4205 E SecQSPanelResourcePickHelper: need to prepare suitable picker for COVER
03-13 15:11:18.936  4205  4205 E SecQSPanelResourcePickHelper: need to prepare suitable picker for COVER
03-13 15:11:18.936  4205  4205 E SecQSPanelResourcePickHelper: need to prepare suitable picker for COVER
03-13 15:11:18.936  4205  4205 D SubRoomQsTileBaseView: updateSubscreenTileStroke
03-13 15:11:18.936  4205  4205 D SubscreenQsPanelControllerBase: addTile tile.getTileSpec():  record: com.android.systemui.qs.QSPanelControllerBase$TileRecord@4ce9d33 mSubscreenRecords.size(): 3
03-13 15:11:18.936  4205  4205 D SubscreenQsPanelControllerBase: adding Tilespec : AirplaneMode
03-13 15:11:18.936  1993  6685 I vendor.qti.bluetooth@1.1-ibs_handler: ProcessIbsCmd: Received IBS_WAKE_ACK: 0xFC
03-13 15:11:18.936  4205  4205 E SecQSPanelResourcePickHelper: need to prepare suitable picker for COVER
03-13 15:11:18.936  1993  6685 I vendor.qti.bluetooth@1.1-ibs_handler: ProcessIbsCmd: Signal wack_cond_
03-13 15:11:18.936 15873 15873 I PkDeviceHelper: PkDeviceHelper.refreshDevices():87 refreshing devices
03-13 15:11:18.936  4205  4205 E SecQSPanelResourcePickHelper: need to prepare suitable picker for COVER
03-13 15:11:18.936  4205  4205 E SecQSPanelResourcePickHelper: need to prepare suitable picker for COVER
03-13 15:11:18.936  4205  4205 E SecQSPanelResourcePickHelper: need to prepare suitable picker for COVER
03-13 15:11:18.936  4205  4205 E SecQSPanelResourcePickHelper: need to prepare suitable picker for COVER
03-13 15:11:18.936  4205  4205 D SubRoomQsTileBaseView: updateSubscreenTileStroke
03-13 15:11:18.936  1993  1993 D vendor.qti.bluetooth@1.1-ibs_handler: DeviceWakeUp: Unblocked from waiting for FC, pthread_cond_timedwait ret = 0
03-13 15:11:18.936  4205  4205 D SubscreenQsPanelControllerBase: addTile tile.getTileSpec():  record: com.android.systemui.qs.QSPanelControllerBase$TileRecord@850a8f0 mSubscreenRecords.size(): 4
03-13 15:11:18.936  4205  4205 D SubscreenQsPanelControllerBase: adding Tilespec : Flashlight
03-13 15:11:18.936  4205  4205 E SecQSPanelResourcePickHelper: need to prepare suitable picker for COVER
03-13 15:11:18.936  4205  4205 E SecQSPanelResourcePickHelper: need to prepare suitable picker for COVER
03-13 15:11:18.936  4205  4205 E SecQSPanelResourcePickHelper: need to prepare suitable picker for COVER
03-13 15:11:18.936  3003  3687 D SGM:FgCheckThread: onLooperPrepared(), msg: MSG_LCD_OFF
03-13 15:11:18.936  4205  4205 E SecQSPanelResourcePickHelper: need to prepare suitable picker for COVER
03-13 15:11:18.936  4205  4205 E SecQSPanelResourcePickHelper: need to prepare suitable picker for COVER
03-13 15:11:18.936  4205  4205 D SubRoomQsTileBaseView: updateSubscreenTileStroke
03-13 15:11:18.936  4205  4205 D SubscreenQsPanelControllerBase: addTile tile.getTileSpec():  record: com.android.systemui.qs.QSPanelControllerBase$TileRecord@7713e69 mSubscreenRecords.size(): 5
03-13 15:11:18.936  4205  4205 D SubscreenQsPanelControllerBase: adding Tilespec : MobileData
03-13 15:11:18.936  4205  4205 E SecQSPanelResourcePickHelper: need to prepare suitable picker for COVER
03-13 15:11:18.936  4205  4205 E SecQSPanelResourcePickHelper: need to prepare suitable picker for COVER
03-13 15:11:18.936  4205  4205 E SecQSPanelResourcePickHelper: need to prepare suitable picker for COVER
03-13 15:11:18.936  4205  4205 E SecQSPanelResourcePickHelper: need to prepare suitable picker for COVER
03-13 15:11:18.936  4205  4362 D Tile.SoundModeTile: handleUpdateState: profile 0, muteAllSound false
03-13 15:11:18.936  5393  5832 I bluetooth: system/gd/hci/le_scanning_manager.cc:765 stop_scan: Scanning already stopped, return!
03-13 15:11:18.936  4205  4205 E SecQSPanelResourcePickHelper: need to prepare suitable picker for COVER
03-13 15:11:18.936  5393  5832 W bluetooth: system/gd/hci/le_scanning_manager.cc:732 start_scan: start_scan
03-13 15:11:18.936  5393  5832 W bluetooth: system/gd/hci/le_scanning_manager.cc:735 start_scan: Register address manager
03-13 15:11:18.936  4205  4205 D SubRoomQsTileBaseView: updateSubscreenTileStroke
03-13 15:11:18.936  4205  4205 D SubscreenQsPanelControllerBase: addTile tile.getTileSpec():  record: com.android.systemui.qs.QSPanelControllerBase$TileRecord@14bd98f mSubscreenRecords.size(): 6
03-13 15:11:18.936  5393  5832 I bluetooth: system/gd/hci/le_address_manager.cc:581 GetNextPrivateAddressIntervalRange: client=LeAddressManager, nonwake=7m51s, wake=14m51s
03-13 15:11:18.936  4205  4205 D SubscreenQsPanelControllerBase: adding Tilespec : custom(com.samsung.android.app.smartcapture/com.samsung.android.app.screenrecorder.view.RecordScreenTile)
03-13 15:11:18.936  5393  5832 I bluetooth: system/gd/hci/le_address_manager.cc:259 register_client: Scheduled address rotation for first client registered
03-13 15:11:18.936  5393  5832 I bluetooth: system/gd/hci/le_address_manager.cc:263 register_client: Client registered
03-13 15:11:18.936  4205  4205 E SecQSPanelResourcePickHelper: need to prepare suitable picker for COVER
03-13 15:11:18.936  4205  4205 E SecQSPanelResourcePickHelper: need to prepare suitable picker for COVER
03-13 15:11:18.936  4205  4205 E SecQSPanelResourcePickHelper: need to prepare suitable picker for COVER
03-13 15:11:18.936  4205  4205 E SecQSPanelResourcePickHelper: need to prepare suitable picker for COVER
03-13 15:11:18.936  4205  4205 E SecQSPanelResourcePickHelper: need to prepare suitable picker for COVER
03-13 15:11:18.936  4205  4205 D SubRoomQsTileBaseView: updateSubscreenTileStroke
03-13 15:11:18.936  3003  3804 D WifiDisplayAdapter: isFitToActiveDisplayLocked : false
03-13 15:11:18.936  4205  4205 D SubscreenQsPanelControllerBase: addTile tile.getTileSpec():  record: com.android.systemui.qs.QSPanelControllerBase$TileRecord@d2f641c mSubscreenRecords.size(): 7
03-13 15:11:18.936  4205  4205 D SubscreenQsPanelControllerBase: adding Tilespec : custom(com.samsung.android.app.routines/.LifestyleModeTile)
03-13 15:11:18.936  4205  4205 E SecQSPanelResourcePickHelper: need to prepare suitable picker for COVER
03-13 15:11:18.936  4205  4205 E SecQSPanelResourcePickHelper: need to prepare suitable picker for COVER
03-13 15:11:18.936  4205  4205 E SecQSPanelResourcePickHelper: need to prepare suitable picker for COVER
03-13 15:11:18.936  4205  4205 E SecQSPanelResourcePickHelper: need to prepare suitable picker for COVER
03-13 15:11:18.936  4205  4205 E SecQSPanelResourcePickHelper: need to prepare suitable picker for COVER
03-13 15:11:18.936  4205  4205 D SubRoomQsTileBaseView: updateSubscreenTileStroke
03-13 15:11:18.936  4205  4205 D SubscreenQsPanelControllerBase: addTile tile.getTileSpec():  record: com.android.systemui.qs.QSPanelControllerBase$TileRecord@7565825 mSubscreenRecords.size(): 8
03-13 15:11:18.936  4205  4205 D SubscreenQsPanelControllerBase: adding Tilespec : Dnd
03-13 15:11:18.936  4205  4205 E SecQSPanelResourcePickHelper: need to prepare suitable picker for COVER
03-13 15:11:18.936  4205  4205 E SecQSPanelResourcePickHelper: need to prepare suitable picker for COVER
03-13 15:11:18.936  4205  4205 E SecQSPanelResourcePickHelper: need to prepare suitable picker for COVER
03-13 15:11:18.936  4205  4205 E SecQSPanelResourcePickHelper: need to prepare suitable picker for COVER
03-13 15:11:18.936  4205  4205 E SecQSPanelResourcePickHelper: need to prepare suitable picker for COVER
03-13 15:11:18.936  4205  4205 D SubRoomQsTileBaseView: updateSubscreenTileStroke
03-13 15:11:18.936  4205  4205 D SubscreenQsPanelControllerBase: addTile tile.getTileSpec():  record: com.android.systemui.qs.QSPanelControllerBase$TileRecord@3cfdfa mSubscreenRecords.size(): 9
03-13 15:11:18.936  4205  4205 D SubscreenQsPanelControllerBase: setListeningtrue
03-13 15:11:18.936  4205  4205 D SubscreenQsPanelControllerBase: refreshAllTiles
03-13 15:11:18.936  4205  4205 D SubscreenPagedTileLayout: setTilePageHeight pageHeight: 438
03-13 15:11:18.936  4205  4362 D SBluetoothTile:  handleUpdateState enabled = false connected = false connecting = false changedState =false bluetoothState = 10 enabledChanging = false state = QSTile$BooleanState[spec=Bluetooth,icon=ResourceIcon[resId=0x7f080f78],nextIcon=null,iconSupplier=null,label=Bluetooth,secondaryLabel=,contentDescription=Bluetooth,stateDescription=null,dualLabelContentDescription=null,expandedAccessibilityClassName=null,disabledByPolicy=false,dualTarget=true,isTransient=false,handlesSecondaryClick=false,state=1,sideViewCustomDrawable=null,tileClassName=null,value=false,forceExpandIcon=false]
03-13 15:11:18.936  4205  4205 D SubscreenTileLayout: updateResources columns: 4 mMaxCellHeight: 100 mMaxAllowedRows: 3 mCellWidth: 111
03-13 15:11:18.936  4205  4205 D AppController: isFolderOpened = false
03-13 15:11:18.936  4205  4205 D AppController: folderClosed : unregist SensorManager 
03-13 15:11:18.936  3003  7241 D WifiDisplayAdapter: isFitToActiveDisplayLocked : false
03-13 15:11:18.936 19717 19717 I HBD     : DeX h DeX mode state change in non-main thread 
03-13 15:11:18.936 19717 19717 I HBD     : DeX h DeX mode state change: 3 
03-13 15:11:18.936 19717 19717 I HBD     : DeX h DeX mode state change in non-main thread 
03-13 15:11:18.936 19717 19717 I HBD     : DeX h DeX mode state change: 3 
03-13 15:11:18.936 19717 19717 I HBD     : DeX h DeX mode state change in non-main thread 
03-13 15:11:18.936 19717 19717 I HBD     : DeX h DeX mode state change: 3 
03-13 15:11:18.937  2007  2007 I sensors-hal: activate:300, android.sensor.device_orientation/271 en=0
03-13 15:11:18.937  2007  2007 I sensors-hal: deactivate:283, auto_rotation: 1, type 2
03-13 15:11:18.937  2007  2007 I sensors-hal: send_sync_sensor_request:508, send sync request
03-13 15:11:18.937  2007  2007 I sensors-hal: send_sync_sensor_request:518, send_sync_sensor_request before send_request for auto_rotation with SUID low=8603657889541918976 high=1320970896291267344
03-13 15:11:18.937  2007  2007 I sensors-hal: send_sync_sensor_request:537, wait for notification of response
03-13 15:11:18.937  4205  4161 I DymLock|LockContainerStore: do action : change_folder_state
03-13 15:11:18.937  4205  4161 I DymLock|BaseLockStateContainer: onLockContainerStoreChangeEvent action[folder_change_event]
03-13 15:11:18.937  4205  4161 W DymLock|BaseLockStateContainer: onLockContainerStoreChangeEvent : not dls state
03-13 15:11:18.937 16161 16161 I NearbyDiscovery: (REDACTED) FastPairDisplayObserver: %s -> %s
03-13 15:11:18.937  2094  2277 D AudioFlinger: setParameters: filtered dev setParameters keyvalue screen_state=off
03-13 15:11:18.938  1992  4982 D AHAL: AudioDevice: SetParameters: 1865: enter
03-13 15:11:18.938  1992  4982 D AHAL: AudioVoice: VoiceSetParameters: 200: Enter
03-13 15:11:18.938  1992  4982 D AHAL: AudioVoice: VoiceSetParameters: 479: Exit ret: 0
03-13 15:11:18.938  1992  4982 D AHAL: hfp: hfp_set_parameters: 444: enter
03-13 15:11:18.938  1992  4982 D AHAL: AudioDevice: SetParameters: 1948:  - screen = off
03-13 15:11:18.938  1992  4982 I PAL: ResourceManager: setParameter: 10683: Screen State:0
03-13 15:11:18.938  2007 12669 I sensors-hal: qsh_conn_resp_cb:930, resp_value = 0 for auto_rotation 
03-13 15:11:18.938  1992  4982 D AHAL: AudioDevice: SetParameters: 2798: exit: screen_state=off
03-13 15:11:18.938  1993  6685 I vendor.qti.bluetooth@1.1-ibs_handler: ProcessIbsCmd: Received IBS_WAKE_IND: 0xFD
03-13 15:11:18.938  2007  2007 I sensors-hal: send_sync_sensor_request:543, takes 1 ms to receive the response with 0
03-13 15:11:18.938  1993  6685 I vendor.qti.bluetooth@1.1-ibs_handler: ProcessIbsCmd: Writing IBS_WAKE_ACK
03-13 15:11:18.938  2007  2007 I sensors-hal: activate:330, android.sensor.device_orientation/271 en=0 completed
03-13 15:11:18.938  2053  4120 I QC2CompStore: Setting heap usage to system
03-13 15:11:18.938 16161 32401 I NearbySharing: Screen is locked
03-13 15:11:18.938 16161 32401 I NearbySharing: Stopping scanning because the screen is locked.
03-13 15:11:18.938  3003  3067 W system_server: PointerController instance was released with pending callbacks.  events=0x9
03-13 15:11:18.938  4205  4205 D SensorManager: unregisterListener
03-13 15:11:18.938  4205  4205 D KeyguardEditModeController: onFolderStateChangedfalse
03-13 15:11:18.938  4205  4205 D KeyguardEditModeController: cancel() true
03-13 15:11:18.938  4205  4205 D SubScreenManager: onFolderStateChanged() opened = false
03-13 15:11:18.939  4205  4205 I SubLauncher:SubLauncherPluginImpl@102487053: onFolderStateChanged: isFolderOpened=false
03-13 15:11:18.939  4205  4205 I SubLauncher:SubLauncherStateManager@232606011: setFoldClosed: false -> true
03-13 15:11:18.939  3003  3911 D SensorService: setSContextDataLocked ints length 2 , byte length 4
03-13 15:11:18.939  3003  3911 D SensorService: setSContextDataLocked d20db4
03-13 15:11:18.939  4205  4205 I SubLauncher:SubLauncherClockController@19943652: onStartedWakingUp: isSuspendPending = true, isFolderClosed = true
03-13 15:11:18.939  4205  4205 I SubLauncher:SubLauncherHome@253272580: onCoverScreenOn: true
03-13 15:11:18.939  4205  4205 I SubLauncher:SubLauncherHome@253272580: restorePage
03-13 15:11:18.939  4205  4205 I SubLauncher:SubLauncherSeamlessAOD@129222420: onStartedWakingUpOnCover
03-13 15:11:18.939  4205  4205 I SubLauncher:SubLauncherStateManager@232606011: setAODVisibleState: INVISIBLE -> INITIALIZED
03-13 15:11:18.939  4205  4205 I SubLauncher:BouncerViewController@120397705: set fontColor with isBlackWallpaper
03-13 15:11:18.939  4205  4205 I SubLauncher:SubLauncherClockController@19943652: observe: suspendState false
03-13 15:11:18.939  4205  4205 I AODAlarmTimer_SUB_CLOCK_TICK: setAlarm: expiration = 03/13/2026 15:12
03-13 15:11:18.940 16161 17325 I NearbyDiscovery: (REDACTED) PureOffloadFastPairScanner: eventType=%s, isInternalReq=%s, isScanning=%s, isScanningAllowed=%s
03-13 15:11:18.940  2007  2007 I sensors-hal: inject_sensor_data:407, handle 1502 send inject
03-13 15:11:18.940  2007  2007 I sensors-hal: sendContextData:290, sensor hal 4, (0xb4, 0xd, 0xd2, 0x0)
03-13 15:11:18.940  2007  2007 I sensors-hal: sendContextData:230, activities 4 b4, 1
03-13 15:11:18.940  2007  2007 I sensors-hal: sendUserData:251, Activities cmd 0xb4 0xd
03-13 15:11:18.940  2007  2007 I sensors-hal: sendUserData:258, Activities LCD off
03-13 15:11:18.940  2007  2007 I sensors-hal: create_send_context_data:80, sending create_send_context_data
03-13 15:11:18.940  2007  2007 I sensors-hal: send_context_data:694, activities, 4914309220830019584, 1320970896291267344, msgid:700
03-13 15:11:18.940  2007  2007 I sensors-hal: sendContextData:114, common_info 4
03-13 15:11:18.940  2007  2007 I sensors-hal: sendUserData:135, CommonInfo 0xb4 0xd 0xd2 0x0, 13835075664916512800
03-13 15:11:18.940  2007  2007 I sensors-hal: create_send_context_data:70, sending create_send_context_data
03-13 15:11:18.940  2007  2007 I sensors-hal: send_context_data:694, common_info, 4914309147815575552, 1320970896291267344, msgid:700
03-13 15:11:18.940 16161 17325 I NearbyDiscovery: (REDACTED) ApFastPairScanner: isScreenOn=%s, isLocationEnabled=%s, disableLocationRequirement=%s, isDiscoveryScanningEnabled=%s, during24GhzWifiWarmingUpPeriod=%s
03-13 15:11:18.940  2007  3909 I sensors-hal: qsh_conn_resp_cb:930, resp_value = 0 for activities 
03-13 15:11:18.940  2007  3909 I sensors-hal: qsh_conn_resp_cb:930, resp_value = 0 for common_info 
03-13 15:11:18.940  2092  2092 I SSC_DAEMON: handleSensorTestReqMsg:85, Sensor type :4, Msg type:15
03-13 15:11:18.941  4832 15304 I HoneySpace.Memory-Monitor: current state = 1, didTrim = false
03-13 15:11:18.941  4832 15304 I HoneySpace.Memory-Monitor: onDisplayStateChanged lastChangedDisplayState = 1
