03-10 14:25:53.764  5625  5920 D ControlsListingControllerImpl: Subscribing callback, service count: 1
03-10 14:25:53.765  5625  5920 D ControlsListingControllerImpl: Subscribing callback, service count: 1
03-10 14:25:53.772  5993 21269 W QAWalletSvc: No wallet cards to return. [CONTEXT service_id=79 ]
03-10 14:25:53.773  5625  5920 E QuickAccessWalletKeyguardQuickAffordanceConfig: Wallet card retrieval error, message: "Unable to load your payment info"
03-10 14:25:53.774  5993 27643 W QAWalletSvc: No wallet cards to return. [CONTEXT service_id=79 ]
03-10 14:25:53.774  5993 25095 W QAWalletSvc: No wallet cards to return. [CONTEXT service_id=79 ]
03-10 14:25:53.774  5625  5920 E QuickAccessWalletKeyguardQuickAffordanceConfig: Wallet card retrieval error, message: "Unable to load your payment info"
03-10 14:25:53.775  5625  5920 E QuickAccessWalletKeyguardQuickAffordanceConfig: Wallet card retrieval error, message: "Unable to load your payment info"
03-10 14:25:53.829  2064  4171 D slpi-MOT_HALL: Flip send data : 0, State: far
03-10 14:25:53.830  2064  4171 E slpi    : MOT_GPIO_FLIP kernel state gpio unset
03-10 14:25:53.830  2064  4173 I sensors-hal: handle_sns_client_event:365, mot_flip_event: now=97109734486588 hal ts=97109733913834, MOT_FLIP_STATE_OPEN, count=783.0, cause=0.0, fwreg 1
03-10 14:25:53.830  2064  4173 I sensors-hal: sns_device_mode_init:227, sns_device_mode_init Start
03-10 14:25:53.830  2064  4173 I android.hardware.sensors@2.1-service.multihal: vendor/qcom/proprietary/adsprpc/src/fastrpc_apps_user.c:1553: remote_handle64_open: Successfully opened handle 0x1aeaa850 for '":;./\createstaticpd:sensorspd&_dom=adsp on domain 0
03-10 14:25:53.830  3163  3231 I DeviceStateManagerService: Cannot notify device state info change when pending state is present.
03-10 14:25:53.831  2064  4173 I android.hardware.sensors@2.1-service.multihal: vendor/qcom/proprietary/adsprpc/src/fastrpc_perf.c:273: fastrpc_perf_init: enabled systrace 0x0 and RPC traces (kernel 0, dsp 0) with frequency 1000
03-10 14:25:53.831  2064 27956 I android.hardware.sensors@2.1-service.multihal: vendor/qcom/proprietary/adsprpc/src/listener_android.c:116: listener thread starting
03-10 14:25:53.831  2064 27957 I android.hardware.sensors@2.1-service.multihal: vendor/qcom/proprietary/adsprpc/src/log_config.c:348: file_watcher_thread starting for domain 0
03-10 14:25:53.831  2064 27957 W android.hardware.sensors@2.1-service.multihal: vendor/qcom/proprietary/adsprpc/src/log_config.c:358:file_watcher_thread: Couldn't find file android.hardware.sensors@2.1-service.multihal.farf, errno (No such file or directory)
03-10 14:25:53.831  3163  3227 D TouchHwAidlService: onStateChanged.. state=1
03-10 14:25:53.832  3163  3229 D CLI/SmallCLI: onDeviceLidStateChanged: state=CLOSED
03-10 14:25:53.833  2064 27956 I android.hardware.sensors@2.1-service.multihal: vendor/qcom/proprietary/adsprpc/src/mod_table.c:703: open_mod_table_open_from_static: reverse module apps_std opened with handle 0x450dfe00 (idx 0)
03-10 14:25:53.833  3163  3231 I LogicalDisplayMapper: Requesting Transition to state: 1, from state=0, interactive=false, mBootCompleted=true
03-10 14:25:53.833  3163  3231 I LogicalDisplayMapper: Applying layout: [{dispId: 0(ON), displayGroupName: , addr: {port=130, model=0x40446dccee101c}, mThermalBrightnessThrottlingMapId: null, mRefreshRateZoneId: null, mLeadDisplayId: -1, mLeadDisplayAddress: null, mThermalRefreshRateThrottlingMapId: null, mPowerThrottlingMapId: null}], Previous layout: [{dispId: 0(ON), displayGroupName: , addr: {port=130, model=0x40446dccee101c}, mThermalBrightnessThrottlingMapId: null, mRefreshRateZoneId: null, mLeadDisplayId: -1, mLeadDisplayAddress: null, mThermalRefreshRateThrottlingMapId: null, mPowerThrottlingMapId: null}]
03-10 14:25:53.833  2064 27956 I android.hardware.sensors@2.1-service.multihal: vendor/qcom/proprietary/adsprpc/src/apps_std_imp.c:860: Successfully opened file /vendor/dsp/adsp/libsns_device_mode_skel.so
03-10 14:25:53.833  3163  3231 D CLI/Rotation: Set volume keyswap sysprop for rotation 0 lidState CLOSED
03-10 14:25:53.837  2064  4173 E android.hardware.sensors@2.1-service.multihal: vendor/qcom/proprietary/adsprpc/src/fastrpc_apps_user.c:1491: Error 0x80000406: remote_handle_open_domain: dynamic loading failed for file:///libsns_device_mode_skel.so?sns_device_mode_skel_handle_invoke&_modver=1.0&_dom=adsp on domain 0 (dlerror segment 0 failed hash verification(0x34DC000 B)) (errno Success)
03-10 14:25:53.837  2064  4173 E android.hardware.sensors@2.1-service.multihal: vendor/qcom/proprietary/adsprpc/src/fastrpc_apps_user.c:1550: Error 0x80000406: remote_handle64_open failed for file:///libsns_device_mode_skel.so?sns_device_mode_skel_handle_invoke&_modver=1.0&_dom=adsp (errno Success)
03-10 14:25:53.837  2064  4173 I sensors-hal: sns_device_mode_init:262, sns_device_mode_init End
03-10 14:25:53.837  2064  4173 E sensors-hal: sendDeviceMode:287, mot_flip: one or mode handles unopened: dm 0 rpc 1
03-10 14:25:53.837  2064  4173 E android.hardware.sensors@2.1-service.multihal: vendor/qcom/proprietary/adsprpc/src/fastrpc_apps_user.c:1366: Error 0x80000600: remote_handle_invoke failed for handle 0x0, method 1 on domain 0 (sc 0x1010200) (errno Success)
03-10 14:25:53.837  2064  4173 E android.hardware.sensors@2.1-service.multihal: vendor/qcom/proprietary/adsprpc/src/fastrpc_apps_user.c:1575: Error 0x80000600: remote_handle_close failed for handle 0x0 (dlerr \) (errno Success)
03-10 14:25:53.837  2064  4173 I android.hardware.sensors@2.1-service.multihal: vendor/qcom/proprietary/adsprpc/src/fastrpc_apps_user.c:2737: domain_deinit for domain 0: dev 68
03-10 14:25:53.837  2064  4171 D slpi-TMD2712: tmd2712: Prox pdata 6, offset1:71, full: 740, NearBy: 0, Lth:54, Hth:85,off_l 71. off_h 0, th_l 1, th_h 85
03-10 14:25:53.838  2064 27956 E android.hardware.sensors@2.1-service.multihal: vendor/qcom/proprietary/adsprpc/src/fastrpc_apps_user.c:3516: exit_thread current process1 thread exit nErr = 0x8000040d domain 0, handle 0xb400007d1aeaa850
03-10 14:25:53.838  2064 27957 W android.hardware.sensors@2.1-service.multihal: vendor/qcom/proprietary/adsprpc/src/log_config.c:368:Warning: file_watcher_thread received exit for domain 0, file android.hardware.sensors@2.1-service.multihal.farf
03-10 14:25:53.839  2064 27957 I android.hardware.sensors@2.1-service.multihal: vendor/qcom/proprietary/adsprpc/src/log_config.c:415: file_watcher_thread exiting for domain 0
03-10 14:25:53.839  2064  4173 I android.hardware.sensors@2.1-service.multihal: vendor/qcom/proprietary/adsprpc/src/mod_table.c:789: open_mod_table_close: closed reverse module apps_std with handle 0x450dfe00
03-10 14:25:53.839  2064  4173 E android.hardware.sensors@2.1-service.multihal: vendor/qcom/proprietary/adsprpc/src/fastrpc_apps_user.c:1614: Error 0x80000600: remote_handle64_close failed for handle 0xb400007d1aeaa850 remote handle 0x0 (errno Success)
03-10 14:25:53.842  3163  4279 I CLI/Transition_Device: lid state changed: CLOSED -> OPEN, device state changed to CLOSED
03-10 14:25:53.842  6461  6564 I Capsense_Cal: Sensor GetEvents event_count==1
03-10 14:25:53.842  6461  6564 D Capsense_Cal: SensorThread sensorEvents
03-10 14:25:53.842  6461  6564 D Capsense_Cal: Capsensor hallEventHandler sensorEvents->data[0]==1.000000
03-10 14:25:53.842  6461  6564 D Capsense_Cal: start cal : /sys/class/capsense/capsense1/reset, msg: flip_far
03-10 14:25:53.843  3163  4279 D CLI/Transition_Lid: update lid state OPEN
03-10 14:25:53.845  6461  6564 D Capsense_Cal: start cal : /sys/class/capsense/capsense0/reset, msg: flip_far
03-10 14:25:53.849  3163  3227 D TouchHwAidlService: onTapToWakeSettingsChanged isAmbientDisplayAvailable=1 aodEnable=true singleTapEnable=true doubleTapEnable=true lidState=1 callers=com.motorola.server.display.TouchHwAidlService.-$$Nest$monTapToWakeSettingsChanged:0 com.motorola.server.display.TouchHwAidlService$4.onChange:573 android.database.ContentObserver.onChange:184 
03-10 14:25:53.849  3163  3227 D TouchHwAidlService: enableTapWake mode=33 displayId=0 mGestureStowMode=true
03-10 14:25:53.849  2106  2106 I motorola.hardware.display.touch-service: Setting Gesture to 33
03-10 14:25:53.850  3163  3227 D TouchHwAidlService: setGestureModeHal done mode=33 newMode=33 result=0
03-10 14:25:53.850  3163  3227 D TouchHwAidlService: enableTapWake mode=33 displayId=1 mGestureStowMode=true
03-10 14:25:53.850  3163  3227 D TouchHwAidlService: transfer mode=33 transMode=32 cli=true
03-10 14:25:53.850  2106  2106 I motorola.hardware.display.touch-service: Setting CLI Gesture to 32
03-10 14:25:53.851  5625  5625 D SCliNotifPanelController: onLidOpen
03-10 14:25:53.851  5625  5625 V SmallCli_WindowController: state=SmallCli window State {
03-10 14:25:53.851  5625  5625 V SmallCli_WindowController:   mBrightnessVisible: false
03-10 14:25:53.851  5625  5625 V SmallCli_WindowController:   mDynamicPanelVisible: false
03-10 14:25:53.851  5625  5625 V SmallCli_WindowController:   mFlashLightPrompt: false
03-10 14:25:53.851  5625  5625 V SmallCli_WindowController:   mHeadsUpPanelVisible: false
03-10 14:25:53.851  5625  5625 V SmallCli_WindowController:   mKeyguardOccluded: false
03-10 14:25:53.851  5625  5625 V SmallCli_WindowController:   mLidOpen: true
03-10 14:25:53.851  5625  5625 V SmallCli_WindowController:   mNotificationVisible: false
03-10 14:25:53.851  5625  5625 V SmallCli_WindowController:   mPowerMenuVisible: false
03-10 14:25:53.851  5625  5625 V SmallCli_WindowController:   mQsVisible: false
03-10 14:25:53.851  5625  5625 V SmallCli_WindowController:   mVolumeVisible: false
03-10 14:25:53.851  5625  5625 V SmallCli_WindowController: }
03-10 14:25:53.852  3163  3227 D TouchHwAidlService: setCliGestureModeHal done mode=33 newMode=32 result=0
03-10 14:25:53.852  3163  3227 D TouchHwAidlService: enableTapWake mode=49 displayId=-1 mGestureStowMode=true
03-10 14:25:53.852  2106  2106 I motorola.hardware.display.touch-service: Setting Gesture to 49
03-10 14:25:53.852  3163  3227 D TouchHwAidlService: setGestureModeHal done mode=49 newMode=49 result=0
03-10 14:25:53.853  3163  3227 D TouchHwAidlService: transfer mode=49 transMode=48 cli=true
03-10 14:25:53.853  2106  2106 I motorola.hardware.display.touch-service: Setting CLI Gesture to 48
03-10 14:25:53.853  3163  3227 D TouchHwAidlService: setCliGestureModeHal done mode=49 newMode=48 result=0
03-10 14:25:53.854  2067 14471 D AHAL: AudioDevice: SetParameters: 1564: enter: cli_state=open
03-10 14:25:53.854  2067 14471 D AHAL: AudioVoice: VoiceSetParameters: 87: Enter params: cli_state=open
03-10 14:25:53.854  2067 14471 D AHAL: AudioVoice: VoiceSetParameters: 360: Exit ret: 0
03-10 14:25:53.854  2067 14471 D AHAL: FM: fm_set_parameters: 262: Enter
03-10 14:25:53.854  2067 14471 D AHAL: FM: fm_set_parameters: 320: exit
03-10 14:25:53.854  2067 14471 D AHAL: AudioDevice: SetParameters: 2361: exit: cli_state=open
03-10 14:25:53.855  2723 16663 I CameraService: Previous DeviceState : 4 New DeviceState : 0
03-10 14:25:53.856  2186  3522 I CamxPrvdr@2.7-legacy: notifyDeviceStateChange: New device state: 0x0
03-10 14:25:53.856  2186  3522 I CamxComm1.0-CamModule: notifyDeviceStateChange: calling notify_device_state_change with state 0
03-10 14:25:53.856  2186  3522 D CamX    : [DEBUG][HAL    ] camxhal3module.cpp:411 NotifyDeviceStateChange() New Device State: 0
03-10 14:25:53.858  7314  7314 D GameMode: mCLIStatusReceiver: 1
03-10 14:25:53.858  7314  7314 D GameMode: exiting game mode
03-10 14:25:53.860  2061  2108 E minksocket: MinkIPC_QRTR_Service: client with node 1 port 6b95 went down
03-10 14:25:53.860  2061  2108 E minksocket: MinkIPC_QRTR_Service: client with node 1 port 6b91 went down
03-10 14:25:53.860  2061  2108 E minksocket: MinkIPC_QRTR_Service: client with node 1 port 6b9a went down
03-10 14:25:53.860  2061  2108 E minksocket: MinkIPC_QRTR_Service: client with node 1 port 6b85 went down
03-10 14:25:53.861  7314  7314 D GameMode: isFeatureSupported: true
03-10 14:25:53.861  2064  2064 I sensors-hal: batch:206, com.motorola.sensor.tap/65988, period=66667000, max_latency=0
03-10 14:25:53.861  2064  2064 I sensors-hal: set_config:57, sample_period_ns is adjusted to 0 based on min/max delay_ns
03-10 14:25:53.861  2064  2064 I sensors-hal: batch:215, com.motorola.sensor.tap/65988, period=66667000, max_latency=0 request completed
03-10 14:25:53.862  7314  7314 D GameMode: isFeatureSupported: true
03-10 14:25:53.864  7314  7314 D GameMode: reset : false
03-10 14:25:53.865  2064  2064 I sensors-hal: activate:173, com.motorola.sensor.tap/65988 en=1
03-10 14:25:53.865  2064  2064 I sensors-hal: get_qmi_debug_flag:239, support_qmi_debug : false
03-10 14:25:53.866  2061  2108 E minksocket: MinkIPC_QRTR_Service: client with node 1 port 6ba5 went down
03-10 14:25:53.866  2061  2108 E minksocket: MinkIPC_QRTR_Service: client with node 1 port 6ba6 went down
03-10 14:25:53.867  2061  2108 E minksocket: MinkIPC_QRTR_Service: client with node 1 port 6ba7 went down
03-10 14:25:53.867  7314  7314 D GameMode: isFeatureSupported: true
03-10 14:25:53.867  2064  2064 E Diag_Lib: diag: Diag_LSM_Init: invoked for pid: 2064 with init_count: 0
03-10 14:25:53.867  2061  2108 E minksocket: MinkIPC_QRTR_Service: client with node 1 port 6ba8 went down
03-10 14:25:53.867  2064  2064 E Diag_Lib: diag:failed to connect to diag socket
03-10 14:25:53.867  2064  2064 E Diag_Lib:  Diag_LSM_Init: Failed to open handle to diag driver, error = 13
03-10 14:25:53.867  2064  2064 I sensors-hal: send_sync_sensor_request:341, send sync request
03-10 14:25:53.867  2064  2064 I sensors-hal: send_sync_sensor_request:367, wait for notification of response
03-10 14:25:53.869  2064 27960 I sensors-hal: ssc_conn_resp_cb:632, resp_value = 0
03-10 14:25:53.869  2064  2064 I sensors-hal: send_sync_sensor_request:373, takes 1 ms to receive the response with 0
03-10 14:25:53.869  2064  2064 I sensors-hal: activate:184, com.motorola.sensor.tap/65988 en=1 completed
03-10 14:25:53.869  2064  4171 I slpi-MOT_HINGE: Hingeposture   0.0 tent:0 gpio:-1 flip:1 flat:1 b:0.7 6.4 7.4 41.8 0.1 -14.3 f:0.6 -6.0 -7.8 38.6 -0.9 13.7
03-10 14:25:53.872  3163  4132 W InputManager-JNI: Input channel object '[Gesture Monitor] moto_actions_input_channel (client)' was disposed without first being removed with the input manager!
03-10 14:25:53.872 27958 27958 I ThermalEngine: Throttling daemon started
03-10 14:25:53.872 27958 27958 E ThermalEngine: config_info path not found: /sys/module/msm_thermal/config_info
03-10 14:25:53.872 27958 27958 I ThermalEngine: Using device config file '/vendor/etc/thermal-engine-lynkco.conf'
03-10 14:25:53.883  5705  5705 D GameModeDetector: notifyGameModeStatusValue, value=false
03-10 14:25:53.883  5705  5705 D DaxService: sendGameModeIntent, state=false
03-10 14:25:53.885  3163  3251 D ActivityManager: unfreezing ProcessRecord{e3f29e 11439:com.motorola.dolby.dolbyui/u0a182}, reason = unfreezeTemporarily, adj = 925, adjType = cch-empty, adjSource = null
03-10 14:25:53.886 27958 27958 I ThermalEngine: devices_manager_init: Init
03-10 14:25:53.886 27958 27958 I ThermalEngine: Number of gpus :1
03-10 14:25:53.886 27958 27958 I ThermalEngine: Number of cpus :8
03-10 14:25:53.887  2061  2108 E minksocket: MinkIPC_QRTR_Service: client with node 1 port 6bab went down
03-10 14:25:53.887 27958 27958 E ThermalEngine: tmd_add_cpufreq_dev_data: Invalid or no boost freqs
03-10 14:25:53.888  2061  2108 E minksocket: MinkIPC_QRTR_Service: client with node 1 port 6bac went down
03-10 14:25:53.888  2061  2108 E minksocket: MinkIPC_QRTR_Service: client with node 1 port 6bad went down
03-10 14:25:53.888  2061  2108 E minksocket: MinkIPC_QRTR_Service: client with node 1 port 6bae went down
03-10 14:25:53.889  2061  2108 E minksocket: MinkIPC_QRTR_Service: client with node 1 port 6baf went down
03-10 14:25:53.889  3163  3251 D ActivityManager: sync unfroze 11439 com.motorola.dolby.dolbyui for 3
03-10 14:25:53.889 27958 27958 E ThermalEngine: tmd_add_cpufreq_dev_data: Invalid or no boost freqs
03-10 14:25:53.890  2061  2108 E minksocket: MinkIPC_QRTR_Service: client with node 1 port 6bb0 went down
03-10 14:25:53.890  2061  2108 E minksocket: MinkIPC_QRTR_Service: client with node 1 port 6bb1 went down
03-10 14:25:53.890  2061  2108 E minksocket: MinkIPC_QRTR_Service: client with node 1 port 6bb2 went down
03-10 14:25:53.890  2061  2108 E minksocket: MinkIPC_QRTR_Service: client with node 1 port 6bb3 went down
03-10 14:25:53.890  2061  2108 E minksocket: MinkIPC_QRTR_Service: client with node 1 port 6bb4 went down
03-10 14:25:53.891 27958 27958 E ThermalEngine: tmd_add_cpufreq_dev_data: Invalid or no boost freqs
03-10 14:25:53.891  2061  2108 E minksocket: MinkIPC_QRTR_Service: client with node 1 port 6bb5 went down
03-10 14:25:53.892  2061  2108 E minksocket: MinkIPC_QRTR_Service: client with node 1 port 6bb6 went down
03-10 14:25:53.893  2061  2108 E minksocket: MinkIPC_QRTR_Service: client with node 1 port 6bb7 went down
03-10 14:25:53.893  2195  2386 I SDM     : PipeAllocSdma2::CalculatePipeNumToDedicate: num_vig: 0, num_dma: 1
03-10 14:25:53.893  2195  2386 I SDM     : DisplayBase::SetDisplayState: active 1-1 state 1-1 pending_power_state_ 0
03-10 14:25:53.894  2300  2300 W ComposerExtn: DisplayExtnImpl::SetEarlyWakeUpConfig: HWC Display 2 is not registered!
03-10 14:25:53.894  2300  2300 D SurfaceFlinger: Finished setting power mode 2 on display 4630947043778501763
03-10 14:25:53.894  2300  2300 D RefreshRateSelector: [90:120:0]: mTouchBoostRefreshRateAvailable=0, mScrollBoostRefreshRateAvailable=0, mTouchOnBlankNotBoostRefreshRateAvailable=0
03-10 14:25:53.894  3163  5308 D SurfaceControl: Excessive delay in setPowerMode()
03-10 14:25:53.894  3163  5308 W ServiceManagerCppClient: Failed to get isDeclared for com.motorola.hardware.display.panel.IDisplayPanel/default: Status(-1, EX_SECURITY): 'SELinux denied.'
03-10 14:25:53.894  3163  5308 D DisplayPanelService: Setting panel dc mode: 0
03-10 14:25:53.895  2090  2090 I DisplayPanel: setDcMode: DC mode = OFF
03-10 14:25:53.895  2061  2108 E minksocket: MinkIPC_QRTR_Service: client with node 1 port 6bb8 went down
03-10 14:25:53.895  2090  2090 D DisplayPanel: setParam: Success set DC to 0 for Primary display
03-10 14:25:53.896 27958 27958 E ThermalEngine: devices_manager_reg_clnt: Invalid dev cdsp_sw.
03-10 14:25:53.896  2061  2108 E minksocket: MinkIPC_QRTR_Service: client with node 1 port 6bba went down
03-10 14:25:53.897 27958 27964 E ThermalEngine: verify_tmd_device: Device:cpuv_restriction_cold available. max:1
03-10 14:25:53.897  3163  3229 V WindowManager: Content Recording: Display 1 state was (2), is now (2), so update recording?
03-10 14:25:53.897  3163  3229 D CLI/Transition: displaygroup 1, state ON, pendingdisplaygroup -1
03-10 14:25:53.898  2300  2300 I BpBinder: onLastStrongRef automatically unlinking death recipients: 
03-10 14:25:53.898 27958 27964 E ThermalEngine: verify_tmd_device: Device:modem_lte_dsc available. max:255
03-10 14:25:53.898 27958 27964 E ThermalEngine: verify_tmd_device: Device:modem_lte_sub1_dsc available. max:255
03-10 14:25:53.898  3163  3231 D DisplayManagerService: Ignore redundant display event 1/2 to 10434/10861
03-10 14:25:53.898 27958 27964 E ThermalEngine: verify_tmd_device: Device:modem_nr_dsc available. max:255
03-10 14:25:53.898  3163  3231 D DisplayManagerService: Ignore redundant display event 1/2 to 10416/11416
03-10 14:25:53.899  3163  8251 E WindowManager: Dream packageName does not match active dream. Package com.google.android.gsf does not match ComponentInfo{com.android.systemui/com.android.systemui.doze.DozeService}
03-10 14:25:53.900  3163  8251 E WindowManager: Dream packageName does not match active dream. Package com.google.android.gms does not match ComponentInfo{com.android.systemui/com.android.systemui.doze.DozeService}
03-10 14:25:53.900 27958 27964 E ThermalEngine: verify_tmd_device: Device:modem_nr_sub1_dsc available. max:255
03-10 14:25:53.900 27958 27964 E ThermalEngine: verify_tmd_device: Device:modem_nr_scg_dsc available. max:255
03-10 14:25:53.900 11439 11580 D DolbyDaxUI: getDeviceType, active device is 0x2
03-10 14:25:53.900 27958 27964 E ThermalEngine: verify_tmd_device: Device:modem_nr_scg_sub1_dsc available. max:255
03-10 14:25:53.901  2061  2108 E minksocket: MinkIPC_QRTR_Service: client with node 1 port 6bbb went down
03-10 14:25:53.901  3163  3352 D BrightnessThermalClamper: Thermal status observer already started
03-10 14:25:53.901  3163  3352 D BrightnessThermalClamper: Thermal status observer already started
03-10 14:25:53.901 11439 11580 D DolbyDaxUI: getDeviceType, active device is 0x2
03-10 14:25:53.901  3163  3352 I WindowManager: Display 1 turned on...
03-10 14:25:53.901  3163  3229 D CLI/SmallCLI: onScreenTurnedOn: 
03-10 14:25:53.901  3163  3352 I PowerManagerService: handleSandman stop dream, groupId=0
03-10 14:25:53.901  3163  3352 I DreamManagerService: Gently waking up from dream.
03-10 14:25:53.901  3163  3352 I DreamManagerService: stopDreamLocked. callers=com.android.server.dreams.DreamManagerService.stopDreamInternal:542 com.android.server.dreams.DreamManagerService.-$$Nest$mstopDreamInternal:0 com.android.server.dreams.DreamManagerService$LocalService.stopDream:1251 com.android.server.power.PowerManagerService.handleSandman:4360 com.android.server.power.PowerManagerService.-$$Nest$mhandleSandman:0 
03-10 14:25:53.901  3163  3352 I PowerGroup: Sleeping power group (groupId=1, uid=1000, reason=timeout)...
03-10 14:25:53.901  3163  3352 I PowerManagerService: Sleeping (uid 1000)...
03-10 14:25:53.901 27958 27966 E ThermalEngine: verify_tmd_device: Device:cpuv_restriction_cold available. max:1
03-10 14:25:53.901 27958 27966 E ThermalEngine: devices_manager_add_dev: Device:cpuv_restriction_cold already exists
03-10 14:25:53.901 27958 27966 I ThermalEngine: ADSP thermal mitigation available.
03-10 14:25:53.902 27958 27964 E ThermalEngine: verify_tmd_device: Device:sdr0_lte_dsc available. max:255
03-10 14:25:53.903  2061  2108 E minksocket: MinkIPC_QRTR_Service: client with node 1 port 6bbd went down
03-10 14:25:53.903  3163  7024 E WindowManager: Dream packageName does not match active dream. Package com.motorola.motocare does not match ComponentInfo{com.android.systemui/com.android.systemui.doze.DozeService}
03-10 14:25:53.903 27958 27964 E ThermalEngine: verify_tmd_device: Device:sdr1_lte_dsc available. max:255
03-10 14:25:53.903  3163  5843 E WindowManager: Dream packageName does not match active dream. Package com.motorola.livewallpaper3.prebuilt.vanilla_reflection does not match ComponentInfo{com.android.systemui/com.android.systemui.doze.DozeService}
03-10 14:25:53.903  3163  3231 W AccessibilityWindowsPopulator: The displayInfo of this displayId (0) called back from the surface fligner is null
03-10 14:25:53.903  3163  3352 E SensorManager: sensor or listener is null
03-10 14:25:53.903  3163  7474 E WindowManager: Dream packageName does not match active dream. Package com.motorola.mobiledesktop.core does not match ComponentInfo{com.android.systemui/com.android.systemui.doze.DozeService}
03-10 14:25:53.903  3163  3163 I BrightnessSynchronizer: New Update: {[7213] 0.39764035(f), mUpdatedTypes=0, mConfirmedTypes=0, mTimeUpdated=0, mState=2}
03-10 14:25:53.904  2064  2064 I sensors-hal: batch:206, com.motorola.sensor.alternate_light/65959, period=250000000, max_latency=0
03-10 14:25:53.904  3163  6909 E WindowManager: Dream packageName does not match active dream. Package com.android.vending does not match ComponentInfo{com.android.systemui/com.android.systemui.doze.DozeService}
03-10 14:25:53.904  2064  2064 I sensors-hal: set_config:61, no need to adjust sample_period_ns due to reporting_mode = 2
03-10 14:25:53.904  2064  2064 I sensors-hal: batch:215, com.motorola.sensor.alternate_light/65959, period=250000000, max_latency=0 request completed
03-10 14:25:53.904  3163  4279 D CLI/Transition_Lid: started waiting for displaygroup 1 off. needMove:false, wakeForContinuityAtWill:false
03-10 14:25:53.904  3163  7933 E WindowManager: Dream packageName does not match active dream. Package com.motorola.mobiledesktop does not match ComponentInfo{com.android.systemui/com.android.systemui.doze.DozeService}
03-10 14:25:53.904  3163  7000 E WindowManager: Dream packageName does not match active dream. Package com.dolby.daxservice does not match ComponentInfo{com.android.systemui/com.android.systemui.doze.DozeService}
03-10 14:25:53.905  3163  4132 E WindowManager: Dream packageName does not match active dream. Package com.google.android.gsf does not match ComponentInfo{com.android.systemui/com.android.systemui.doze.DozeService}
03-10 14:25:53.905 27958 27964 E ThermalEngine: verify_tmd_device: Device:sdr0_nr_dsc available. max:255
03-10 14:25:53.905  3163  4132 E WindowManager: Dream packageName does not match active dream. Package com.google.android.gms does not match ComponentInfo{com.android.systemui/com.android.systemui.doze.DozeService}
03-10 14:25:53.905  3163  7454 E WindowManager: Dream packageName does not match active dream. Package io.appium.settings does not match ComponentInfo{com.android.systemui/com.android.systemui.doze.DozeService}
03-10 14:25:53.905  3163  6974 E WindowManager: Dream packageName does not match active dream. Package com.motorola.launcher3 does not match ComponentInfo{com.android.systemui/com.android.systemui.doze.DozeService}
03-10 14:25:53.905  3163  8301 E WindowManager: Dream packageName does not match active dream. Package com.nytimes.android does not match ComponentInfo{com.android.systemui/com.android.systemui.doze.DozeService}
03-10 14:25:53.905  3163  7414 E WindowManager: Dream packageName does not match active dream. Package com.google.android.inputmethod.latin does not match ComponentInfo{com.android.systemui/com.android.systemui.doze.DozeService}
03-10 14:25:53.906  3163  4129 E WindowManager: Dream packageName does not match active dream. Package com.google.android.ext.services does not match ComponentInfo{com.android.systemui/com.android.systemui.doze.DozeService}
03-10 14:25:53.906  2061  2108 E minksocket: MinkIPC_QRTR_Service: client with node 1 port 6bbe went down
03-10 14:25:53.906 27958 27964 E ThermalEngine: verify_tmd_device: Device:sdr1_nr_dsc available. max:255
03-10 14:25:53.906 27958 27968 E ThermalEngine: verify_tmd_device: Device:cpuv_restriction_cold available. max:1
03-10 14:25:53.906 27958 27968 E ThermalEngine: devices_manager_add_dev: Device:cpuv_restriction_cold already exists
03-10 14:25:53.907  3163  7479 E WindowManager: Dream packageName does not match active dream. Package com.google.android.gsf does not match ComponentInfo{com.android.systemui/com.android.systemui.doze.DozeService}
03-10 14:25:53.907 27958 27968 E ThermalEngine: verify_tmd_device: Device:cdsp_hw available. max:1
03-10 14:25:53.907  3163  7479 E WindowManager: Dream packageName does not match active dream. Package com.google.android.gms does not match ComponentInfo{com.android.systemui/com.android.systemui.doze.DozeService}
03-10 14:25:53.907 27958 27964 E ThermalEngine: verify_tmd_device: Device:pa_lte_sdr0_dsc available. max:255
03-10 14:25:53.907 27958 27964 E ThermalEngine: verify_tmd_device: Device:pa_lte_sdr1_dsc available. max:255
03-10 14:25:53.907 27958 27968 E ThermalEngine: verify_tmd_device: Device:cdsp_sw available. max:6
03-10 14:25:53.907 27958 27968 I ThermalEngine: CDSP thermal mitigation available.
03-10 14:25:53.907 27958 27964 E ThermalEngine: verify_tmd_device: Device:pa_lte_sdr0_sub1_dsc available. max:255
03-10 14:25:53.908 27958 27958 I ThermalEngine: Found /system/bin/installd, file: 2737
03-10 14:25:53.908 27958 27958 E ThermalEngine: tmd_init_battery_data: type 0 
03-10 14:25:53.908 27958 27958 E ThermalEngine: tmd_init_battery_data: Unknown type: 0
03-10 14:25:53.908 27958 27958 E ThermalEngine: tmd_init_battery_data: type 1 
03-10 14:25:53.908 27958 27964 E ThermalEngine: verify_tmd_device: Device:pa_lte_sdr1_sub1_dsc available. max:255
03-10 14:25:53.908  5625  5625 V DreamService[DozeService]: wakeUp(): fromSystem=true, mWaking=false, mFinished=false callers=android.service.dreams.DreamService.-$$Nest$mwakeUp:0 android.service.dreams.DreamService$DreamServiceWrapper.lambda$wakeUp$1:1794 android.service.dreams.DreamService$DreamServiceWrapper.$r8$lambda$SFP-NasoKFNaaOvKHyJqrl_aPt8:0 android.service.dreams.DreamService$DreamServiceWrapper$$ExternalSyntheticLambda3.run:0 android.os.Handler.handleCallback:1001 
03-10 14:25:53.908  5625  5625 V DreamService[DozeService]: finish(): mFinished=false activity=null callers=android.service.dreams.DreamService.onWakeUp:1197 android.service.dreams.DreamService.wakeUp:1360 android.service.dreams.DreamService.-$$Nest$mwakeUp:0 android.service.dreams.DreamService$DreamServiceWrapper.lambda$wakeUp$1:1794 android.service.dreams.DreamService$DreamServiceWrapper.$r8$lambda$SFP-NasoKFNaaOvKHyJqrl_aPt8:0 
03-10 14:25:53.908  3163  7400 I DreamManagerService: finishSelf by com.android.systemui callingUid=10394 callingPid=5625
03-10 14:25:53.908  3163  7400 D DreamManagerService: Dream finished: android.os.Binder@7e7cd49, immediate=true
03-10 14:25:53.908  3163  7400 I DreamManagerService: Leaving dreamland.
03-10 14:25:53.909  3163  7400 I DreamManagerService: stopDreamLocked. callers=com.android.server.dreams.DreamManagerService.finishSelfInternal:514 com.android.server.dreams.DreamManagerService.-$$Nest$mfinishSelfInternal:0 com.android.server.dreams.DreamManagerService$BinderService.finishSelf:1092 android.service.dreams.IDreamManager$Stub.onTransact:292 android.os.Binder.execTransactInternal:1520 
03-10 14:25:53.909  3163  3227 I DreamController: Stopping dream: name=ComponentInfo{com.android.systemui/com.android.systemui.doze.DozeService}, isPreviewMode=false, canDoze=true, userId=0, reason='finished self'(from 'power manager request')
03-10 14:25:53.909  2067 14471 D DlbDapEffectContext: DapEffectContext[0xb400007ca4048450] getDapParameter() outval size = 12, ret = 0
03-10 14:25:53.910  2067 14471 D DlbDapEffectContext: DapEffectContext[0xb400007ca4048450] getDapParameter() outval size = 12, ret = 0
03-10 14:25:53.911  5625  5625 V DreamService[DozeService]: detach(): Calling onDreamingStopped()
03-10 14:25:53.911  5625  5625 V DreamService[DozeService]: onDreamingStopped()
03-10 14:25:53.911 27958 27964 E ThermalEngine: verify_tmd_device: Device:pa_nr_sdr0_dsc available. max:255
03-10 14:25:53.911  5705 32504 D DolbyAudioEffectHelper: getDolbyStatus enabled=true profile=0
03-10 14:25:53.911  5705 32504 D DolbyProvider: true, profile=0
03-10 14:25:53.911  3163  7471 W AccessibilityWindowsPopulator: The displayInfo of this displayId (0) called back from the surface fligner is null
03-10 14:25:53.911 27958 27958 E ThermalEngine: tmd_init_battery_data: type 2 
03-10 14:25:53.912 27958 27964 E ThermalEngine: verify_tmd_device: Device:pa_nr_sdr1_dsc available. max:255
03-10 14:25:53.912  2064  2064 I sensors-hal: activate:173, com.motorola.sensor.alternate_light/65959 en=1
03-10 14:25:53.912 27958 27964 E ThermalEngine: verify_tmd_device: Device:pa_nr_sdr0_sub1_dsc available. max:255
03-10 14:25:53.912  2064  2064 I sensors-hal: get_qmi_debug_flag:239, support_qmi_debug : false
03-10 14:25:53.912 27958 27964 E ThermalEngine: verify_tmd_device: Device:pa_nr_sdr1_sub1_dsc available. max:255
03-10 14:25:53.912  5625  5962 D KeyguardViewMediator: updateActivityLockScreenState(true, false)
03-10 14:25:53.913  2061  2108 E minksocket: MinkIPC_QRTR_Service: client with node 1 port 6bc0 went down
03-10 14:25:53.913  2061  2108 E minksocket: MinkIPC_QRTR_Service: client with node 1 port 6bc1 went down
03-10 14:25:53.914 27958 27964 E ThermalEngine: verify_tmd_device: Device:pa_nr_sdr0_scg_dsc available. max:255
03-10 14:25:53.914 27958 27964 E ThermalEngine: verify_tmd_device: Device:pa_nr_sdr1_scg_dsc available. max:255
03-10 14:25:53.914  2061  2108 E minksocket: MinkIPC_QRTR_Service: client with node 1 port 6bc2 went down
03-10 14:25:53.915 27958 27964 E ThermalEngine: verify_tmd_device: Device:mmw0_dsc available. max:255
03-10 14:25:53.915  2064  2064 E Diag_Lib: diag: Diag_LSM_Init: invoked for pid: 2064 with init_count: 0
03-10 14:25:53.915  2064  2064 E Diag_Lib: diag:failed to connect to diag socket
03-10 14:25:53.915  2064  2064 E Diag_Lib:  Diag_LSM_Init: Failed to open handle to diag driver, error = 13
03-10 14:25:53.915  2064  2064 I sensors-hal: send_sensor_config_request:463, dt=ambient_light_1: convert sample_period=250000000 to batch_period=250000
03-10 14:25:53.915  2064  2064 I sensors-hal: send_sync_sensor_request:341, send sync request
03-10 14:25:53.915  2064  2064 I sensors-hal: send_sync_sensor_request:367, wait for notification of response
03-10 14:25:53.915  2061  2108 E minksocket: MinkIPC_QRTR_Service: client with node 1 port 6bc3 went down
03-10 14:25:53.916  2064 27977 I sensors-hal: ssc_conn_resp_cb:632, resp_value = 0
03-10 14:25:53.916  7893 15758 W adservices: Skip logging because Cobalt logger is null
03-10 14:25:53.916 27958 27964 E ThermalEngine: verify_tmd_device: Device:mmw0_sub1_dsc available. max:255
03-10 14:25:53.916  2064  2064 I sensors-hal: send_sync_sensor_request:373, takes 1 ms to receive the response with 0
03-10 14:25:53.916  2064  2064 I sensors-hal: activate:184, com.motorola.sensor.alternate_light/65959 en=1 completed
03-10 14:25:53.917 27958 27964 E ThermalEngine: verify_tmd_device: Device:mmw1_dsc available. max:255
03-10 14:25:53.917  3163  3352 I DisplayPowerController2[1]: 03-10 14:25:53.917 - BrightnessEvent: disp=1, physDisp=local:4630947043778501763, displayState=ON, displayPolicy=OFF, brt=0.33577177, initBrt=0.33577177, rcmdBrt=NaN, preBrt=NaN, lux=NaN, preLux=NaN, brtNits=102.239, hdrNits=NaN, initNits=102.239, preNits=NaN, rcmdNits=NaN, hdrBrightness=NaN, brt(%)=44%, brtInt=86, hbmPolicy=normal, hbmMax=0.7660316, hbmMode=off, rbcStrength=-1, thrmMax=1.0, powerFactor=1.0, wasShortTermModelActive=false, flags=invalid_lux , reason=manual, autoBrightness=true, strategy=InvalidBrightnessStrategy, autoBrightnessMode=default
03-10 14:25:53.917  3163  3352 I DisplayPowerController2[1]: Blocking screen off
03-10 14:25:53.917  3163  3352 I WindowManager: Display 1 turning off...
03-10 14:25:53.917  3163  3352 I DisplayPowerController2[1]: Unblocked screen off after 0 ms
03-10 14:25:53.917 27958 27964 E ThermalEngine: verify_tmd_device: Device:mmw1_sub1_dsc available. max:255
03-10 14:25:53.918  7893 15758 W adservices: Skip logging because Cobalt is disabled.
03-10 14:25:53.918  2300  2300 E Scheduler: trackPendingFrame: Invalid present fence
03-10 14:25:53.918  2064  2064 I sensors-hal: activate:173, com.motorola.sensor.glance/65658 en=0
03-10 14:25:53.918  2064  2064 I sensors-hal: deactivate:166, deactivate glance 65548
03-10 14:25:53.918  3163  3352 I WindowManager: Display1 turned off...
03-10 14:25:53.918  3163  3229 D CLI/SmallCLI: onScreenTurnedOff: 
03-10 14:25:53.918  3163  3352 I DisplayBrightnessStrategySelector: Changing the DisplayBrightnessStrategy from InvalidBrightnessStrategy to ScreenOffBrightnessStrategy for display 1
03-10 14:25:53.918  2064  2064 I sensors-hal: activate:184, com.motorola.sensor.glance/65658 en=0 completed
03-10 14:25:53.919  2061  2108 E minksocket: MinkIPC_QRTR_Service: client with node 1 port 6ba4 went down
03-10 14:25:53.919 27958 27964 E ThermalEngine: verify_tmd_device: Device:mmw2_dsc available. max:255
03-10 14:25:53.919 27958 27964 E ThermalEngine: verify_tmd_device: Device:mmw2_sub1_dsc available. max:255
03-10 14:25:53.920 27958 27964 E ThermalEngine: verify_tmd_device: Device:mmw3_dsc available. max:255
03-10 14:25:53.920  5625  5625 V DreamService[DozeService]: finish(): mFinished=true activity=null callers=com.android.systemui.doze.DozeMachine$Service$Delegate.finish:3 com.android.systemui.doze.DozeMachine$Service$Delegate.finish:3 com.android.systemui.doze.DozeMachine.transitionTo:557 com.android.systemui.doze.DozeMachine.requestState:10 com.android.systemui.doze.DozeMachine.requestState:2 
03-10 14:25:53.920  5625  5625 V DreamService[DozeService]: detach(): mActivity=null mActivity.isFinishing()=false
03-10 14:25:53.920  5625  5625 V DreamService[DozeService]: finish(): mFinished=true activity=null callers=android.service.dreams.DreamService.detach:1492 android.service.dreams.DreamService.-$$Nest$mdetach:0 android.service.dreams.DreamService$DreamServiceWrapper.$r8$lambda$1LeV6PgvJQarx7-tBMQHBSWLLCM:0 android.service.dreams.DreamService$DreamServiceWrapper$$ExternalSyntheticLambda1.run:0 android.os.Handler.handleCallback:1001 
03-10 14:25:53.920  5625  5625 V DreamService[DozeService]: onDestroy()
03-10 14:25:53.920  5625  5625 V DreamService[DozeService]: detach(): mActivity=null mActivity.isFinishing()=false
03-10 14:25:53.920  5625  5625 V DreamService[DozeService]: finish(): mFinished=true activity=null callers=android.service.dreams.DreamService.detach:1492 android.service.dreams.DreamService.onDestroy:1385 com.android.systemui.doze.DozeService.onDestroy:8 android.app.ActivityThread.handleStopService:5307 android.app.ActivityThread.-$$Nest$mhandleStopService:0 
03-10 14:25:53.921  2064  2064 I sensors-hal: activate:173, com.motorola.sensor.ltv/65738 en=0
03-10 14:25:53.921 27958 27964 E ThermalEngine: verify_tmd_device: Device:mmw3_sub1_dsc available. max:255
03-10 14:25:53.922 27958 27964 E ThermalEngine: verify_tmd_device: Device:mmw_ific_dsc available. max:255
03-10 14:25:53.923  5625  5625 D SCliNotificationListener: onNotificationListUpdate: [com.android.systemui.statusbar.notification.collection.GroupEntry@dd9750e]
03-10 14:25:53.924 27958 27964 E ThermalEngine: verify_tmd_device: Device:mmw_ific_sub1_dsc available. max:255
03-10 14:25:53.924 27958 27964 E ThermalEngine: verify_tmd_device: Device:wlan available. max:4
03-10 14:25:53.924  2061  2108 E minksocket: MinkIPC_QRTR_Service: client with node 1 port 6b9f went down
03-10 14:25:53.924  2064  2064 I sensors-hal: activate:184, com.motorola.sensor.ltv/65738 en=0 completed
03-10 14:25:53.924 27958 27964 E ThermalEngine: verify_tmd_device: Device:wlan_bw available. max:1
03-10 14:25:53.924 27958 27964 E ThermalEngine: verify_tmd_device: Device:modem_bw_backoff available. max:255
03-10 14:25:53.925  2064  2064 I sensors-hal: activate:173, com.motorola.sensor.alternate_light/65959 en=0
03-10 14:25:53.925  2064 27977 I sensors-hal: handle_indication_realtime:455, qmi indication is coming while connection is being closed
03-10 14:25:53.925  2064  2064 I sensors-hal: activate:184, com.motorola.sensor.alternate_light/65959 en=0 completed
03-10 14:25:53.926  2061  2108 E minksocket: MinkIPC_QRTR_Service: client with node 1 port 6bc4 went down
03-10 14:25:53.926 27958 27964 E ThermalEngine: verify_tmd_device: Device:cpr_cold available. max:3
03-10 14:25:53.926 27958 27964 I ThermalEngine: MODEM thermal mitigation available.
03-10 14:25:53.927  3163  3352 V DisplayPowerController2[1]: Brightness [0.0] reason changing to: 'screen_off', previous reason: 'manual'.
03-10 14:25:53.927  2300  2300 D SurfaceFlinger: setDesiredDisplayModeSpecs[{0, false, PR={p[24.00-120.00]Hz, r[24.00-120.00]Hz}, AR={p[0.00-120.00]Hz, r[0.00-120.00]Hz}}]: by process 3163 uid 1000 for display 4630947043778501762
03-10 14:25:53.928  3163  3352 I DisplayPowerController2[1]: 03-10 14:25:53.927 - BrightnessEvent: disp=1, physDisp=local:4630947043778501763, displayState=OFF, displayPolicy=OFF, brt=0.0, initBrt=0.33577177, rcmdBrt=NaN, preBrt=NaN, lux=0.0, preLux=0.0, brtNits=3.3701954, hdrNits=NaN, initNits=102.239, preNits=NaN, rcmdNits=NaN, hdrBrightness=NaN, brt(%)=0%, brtInt=1, hbmPolicy=normal, hbmMax=0.7660316, hbmMode=off, rbcStrength=-1, thrmMax=1.0, powerFactor=1.0, wasShortTermModelActive=false, flags=, reason=screen_off, autoBrightness=true, strategy=ScreenOffBrightnessStrategy, autoBrightnessMode=default
03-10 14:25:53.928  2723 16663 E VendorTagDescriptor: lookupTag: Tag name 'support_get_property_2_0' does not exist.
03-10 14:25:53.929 27958 27958 E ThermalEngine: tmd_init_battery_data: type 3 
03-10 14:25:53.929 27958 27958 E ThermalEngine: tmd_init_battery_data: Unknown type: 3
03-10 14:25:53.929 27958 27958 E ThermalEngine: tmd_init_battery_data: type 4 
03-10 14:25:53.929 27958 27958 E ThermalEngine: tmd_init_battery_data: Unknown type: 4
03-10 14:25:53.929 27958 27958 E ThermalEngine: Failed to reading /sys/class/leds/lcd-backlight/max_brightness
03-10 14:25:53.929 27958 27958 E ThermalEngine: Switch to /sys/class/backlight/panel0-backlight/max_brightness successfully
03-10 14:25:53.931  3163  5308 D TouchHwAidlService: setCliDisplayState: mCliScreenOff=true
03-10 14:25:53.931  7545  7545 I FileStationLog: [ FS_h$a ] - [Display] Changed display: 1
03-10 14:25:53.931  3163  3231 I DisplayDeviceRepository: Display device changed state: "HDMI Screen", OFF
03-10 14:25:53.931  3163  5308 D TouchHwAidlService: onTapToWakeSettingsChanged isAmbientDisplayAvailable=1 aodEnable=true singleTapEnable=true doubleTapEnable=true lidState=1 callers=com.motorola.server.display.TouchHwAidlService.setCliDisplayState:554 com.motorola.server.MotoExtHwService$MotoExtHwManagerInternal.setCliDisplayState:454 com.android.server.display.LocalDisplayAdapter$LocalDisplayDevice$1.setDisplayState:1082 
03-10 14:25:53.931  3163  5308 D TouchHwAidlService: enableTapWake mode=33 displayId=0 mGestureStowMode=true
03-10 14:25:53.931  2106  2106 I motorola.hardware.display.touch-service: Setting Gesture to 33
03-10 14:25:53.932 27958 27958 E ThermalEngine: parse_cooling_devices: Added cooling device: display-fps with cdev id:31
03-10 14:25:53.932 27958 27958 E ThermalEngine: parse_cooling_devices: Added cooling device: cpu-hotplug3 with cdev id:21
03-10 14:25:53.932 27958 27958 E ThermalEngine: parse_cooling_devices: Added cooling device: pause-cpu3 with cdev id:11
03-10 14:25:53.932  3163  5308 D TouchHwAidlService: setGestureModeHal done mode=33 newMode=33 result=0
03-10 14:25:53.932 27958 27958 E ThermalEngine: parse_cooling_devices: Added cooling device: mmw0_dsc_kr with cdev id:58
03-10 14:25:53.932  3163  5308 D TouchHwAidlService: enableTapWake mode=33 displayId=1 mGestureStowMode=true
03-10 14:25:53.932  3163  5308 D TouchHwAidlService: transfer mode=33 transMode=32 cli=true
03-10 14:25:53.932 27958 27958 E ThermalEngine: parse_cooling_devices: Added cooling device: sdr0_lte_dsc_kr with cdev id:48
03-10 14:25:53.932 27958 27958 E ThermalEngine: parse_cooling_devices: Added cooling device: panel0-backlight with cdev id:38
03-10 14:25:53.932  2106  2106 I motorola.hardware.display.touch-service: Setting CLI Gesture to 32
03-10 14:25:53.932 27958 27958 E ThermalEngine: parse_cooling_devices: Added cooling device: pause-cpu7 with cdev id:8
03-10 14:25:53.932 27958 27958 E ThermalEngine: parse_cooling_devices: Added cooling device: ufs with cdev id:28
03-10 14:25:53.932 27958 27958 E ThermalEngine: parse_cooling_devices: Added cooling device: pa_nr_sdr0_scg_kr with cdev id:56
03-10 14:25:53.932 27958 27958 E ThermalEngine: parse_cooling_devices: Added cooling device: cpu-hotplug0 with cdev id:18
03-10 14:25:53.932 27958 27958 E ThermalEngine: parse_cooling_devices: Added cooling device: pa_nr_sdr0_dsc_kr with cdev id:54
03-10 14:25:53.932 27958 27958 E ThermalEngine: parse_cooling_devices: Added cooling device: modem_vdd with cdev id:44
03-10 14:25:53.932 27958 27958 E ThermalEngine: parse_cooling_devices: Added cooling device: mmw_ific_dsc_kr with cdev id:62
03-10 14:25:53.932  3163  5308 D TouchHwAidlService: setCliGestureModeHal done mode=33 newMode=32 result=0
03-10 14:25:53.932  3163  5308 D TouchHwAidlService: enableTapWake mode=49 displayId=-1 mGestureStowMode=true
03-10 14:25:53.932 27958 27958 E ThermalEngine: parse_cooling_devices: Added cooling device: pause-cpu5 with cdev id:4
03-10 14:25:53.932  3163  3352 D BrightnessThermalClamper: Thermal status observer already started
03-10 14:25:53.932 27958 27958 E ThermalEngine: parse_cooling_devices: Added cooling device: cpu-hotplug7 with cdev id:24
03-10 14:25:53.932 27958 27958 E ThermalEngine: parse_cooling_devices: Added cooling device: pa_lte_sdr0_dsc_kr with cdev id:52
03-10 14:25:53.932  3163  3231 I InputManager-JNI: Viewport [0] to add: local:4630947043778501762, isActive: false
03-10 14:25:53.932  3163  3231 I InputManager-JNI: Viewport [1] to add: local:4630947043778501763, isActive: false
03-10 14:25:53.932 27958 27958 E ThermalEngine: parse_cooling_devices: Added cooling device: mmw2_dsc_kr with cdev id:60
03-10 14:25:53.932 27958 27958 E ThermalEngine: parse_cooling_devices: Added cooling device: pause-cpu0 with cdev id:2
03-10 14:25:53.932 27958 27958 E ThermalEngine: parse_cooling_devices: Added cooling device: cpu-hotplug5 with cdev id:22
03-10 14:25:53.933 27958 27958 E ThermalEngine: parse_cooling_devices: Added cooling device: sdr0_nr_dsc_kr with cdev id:50
03-10 14:25:53.933 27958 27958 E ThermalEngine: parse_cooling_devices: Added cooling device: pause-cpu6 with cdev id:12
03-10 14:25:53.933 27958 27958 E ThermalEngine: parse_cooling_devices: Added cooling device: mmw1_dsc_kr with cdev id:59
03-10 14:25:53.933  3163  3163 I BrightnessSynchronizer: New Update: {[7214] 0.39764035(f), mUpdatedTypes=0, mConfirmedTypes=0, mTimeUpdated=0, mState=2}
03-10 14:25:53.933 27958 27958 E ThermalEngine: parse_cooling_devices: Added cooling device: pause-cpu1 with cdev id:0
03-10 14:25:53.933 27958 27958 E ThermalEngine: parse_cooling_devices: Added cooling device: cpu-hotplug2 with cdev id:20
03-10 14:25:53.933  3163  3163 I BrightnessSynchronizer: New Update: {[7215] 0.39764035(f), mUpdatedTypes=0, mConfirmedTypes=0, mTimeUpdated=0, mState=2}
03-10 14:25:53.933 27958 27958 E ThermalEngine: parse_cooling_devices: Added cooling device: sdr1_lte_dsc_kr with cdev id:49
03-10 14:25:53.933 27958 27958 E ThermalEngine: parse_cooling_devices: Added cooling device: panel1-backlight with cdev id:39
03-10 14:25:53.933 27958 27958 E ThermalEngine: parse_cooling_devices: Added cooling device: pause-cpu2 with cdev id:9
03-10 14:25:53.933 27958 27958 E ThermalEngine: parse_cooling_devices: Added cooling device: pa_nr_sdr1_scg_kr with cdev id:57
03-10 14:25:53.933 27958 27958 E ThermalEngine: parse_cooling_devices: Added cooling device: cpu-hotplug1 with cdev id:19
03-10 14:25:53.933 27958 27958 E ThermalEngine: parse_cooling_devices: Added cooling device: pa_nr_sdr1_dsc_kr with cdev id:55
03-10 14:25:53.933 27958 27958 E ThermalEngine: parse_cooling_devices: Added cooling device: thermal-cpufreq-0 with cdev id:25
03-10 14:25:53.933 27958 27958 E ThermalEngine: parse_cooling_devices: Added cooling device: pa_lte_sdr1_dsc_kr with cdev id:53
03-10 14:25:53.933 27958 27958 E ThermalEngine: parse_cooling_devices: Added cooling device: wsa with cdev id:43
03-10 14:25:53.933  3163  3229 D ActivityTaskManager: Top Process State changed to PROCESS_STATE_TOP
03-10 14:25:53.933 27958 27958 E ThermalEngine: parse_cooling_devices: Added cooling device: mmw3_dsc_kr with cdev id:61
03-10 14:25:53.933 27958 27958 E ThermalEngine: parse_cooling_devices: Added cooling device: cpu-hotplug6 with cdev id:23
03-10 14:25:53.934 27958 27958 E ThermalEngine: parse_cooling_devices: Added cooling device: sdr1_nr_dsc_kr with cdev id:51
03-10 14:25:53.934 27958 27958 I ThermalEngine: sensors_manager_init: Init
03-10 14:25:53.934 27958 27958 E ThermalEngine: Event ID:3 Sampling ID:2
03-10 14:25:53.934  3163  3227 D TouchHwAidlService: updateCliDisplayState: mCliScreenOn=false
03-10 14:25:53.934  3163  3229 V WindowManager: Content Recording: Display 1 state was (2), is now (1), so update recording?
03-10 14:25:53.934  3163  3229 D CLI/Transition: displaygroup 1, state OFF, pendingdisplaygroup 1
03-10 14:25:53.934  3163  4279 I PowerGroup: Waking up power group from Asleep (groupId=0, uid=1000, reason=WAKE_REASON_LID, details=cli: lid state change)...
03-10 14:25:53.934  3163  4279 I PowerManagerService: Waking up from Asleep (uid=1000, reason=WAKE_REASON_LID, details=cli: lid state change)...
03-10 14:25:53.934  3163  3229 W SurfaceControl: Invalid layer stack -1
03-10 14:25:53.934  3163  3229 I DisplayDevice: [1] Layerstack set to -1 for local:4630947043778501763 mDisplayToken=android.os.BinderProxy@433f576 t=Transaction{mNativeObject=-5476376673043392304, mHashCode=0}
03-10 14:25:53.936  3163  3231 D PanelsService: updateCliDisplayState: mCliScreenState=OFF
03-10 14:25:53.936  2106  2106 I motorola.hardware.display.touch-service: Setting Gesture to 49
03-10 14:25:53.938  5625  5669 V WindowManagerShell: Transition requested (#4305): android.os.BinderProxy@f09df39 TransitionRequestInfo { type = WAKE, triggerTask = null, pipTask = null, remoteTransition = null, displayChange = null, flags = 0, debugId = 4305 }
03-10 14:25:53.939  7893 15758 W adservices: Skip logging because Cobalt logger is null
03-10 14:25:53.939  7893 15759 W adservices: Skip logging because Cobalt is disabled.
03-10 14:25:53.939  3163  4285 I InputReader: Reconfiguring input devices, changes=DISPLAY_INFO
03-10 14:25:53.939  3163  4285 I InputReader: Disabling goodix_ts (device 7) because the associated viewport is not active
03-10 14:25:53.939  3163  4285 I InputReader: Disabling zinitix_mt (device 6) because the associated viewport is not active
03-10 14:25:53.939  3163  4285 I InputReader: Device reconfigured: id=6, name='zinitix_mt', size 194x368, orientation Rotation0, mode DISABLED, display id 1
03-10 14:25:53.939  7545  7545 I FileStationLog: [ FS_h$a ] - [Display] Ignoring change for non-default/desktop display: 1
03-10 14:25:53.939  3163  5308 D TouchHwAidlService: setGestureModeHal done mode=49 newMode=49 result=0
03-10 14:25:53.939  3163  5308 D TouchHwAidlService: transfer mode=49 transMode=48 cli=true
03-10 14:25:53.939  2106  2106 I motorola.hardware.display.touch-service: Setting CLI Gesture to 48
03-10 14:25:53.940  3163  5308 D TouchHwAidlService: setCliGestureModeHal done mode=49 newMode=48 result=0
