03-10 15:09:32.778  2195 21456 I SDM     : HWCDisplay::SetReadbackBuffer: CWB config from client: tap_point 1, CWB ROI Rect(210.000000 26.000000 274.000000 90.000000), PU_as_CWB_ROI 0, Cwb full rect : (0.000000 0.000000 1080.000000 2640.000000)
03-10 15:09:32.778  2195 21456 I SDM     : HWCDisplay::SetReadbackBuffer: Successfully configured the output buffer: readback_buffer_queued_ 1, readback_configured_ 0, cwb_client 3
03-10 15:09:32.778  2195 21456 I SDM     : HWCSession::ProcessRequests: Successfully configured CWB buffer.
03-10 15:09:32.780  3163  3352 I DisplayPowerController2[0]: 03-10 15:09:32.779 - BrightnessEvent: disp=0, physDisp=local:4630947043778501762, displayState=ON, displayPolicy=BRIGHT, brt=0.3527952, initBrt=0.28218323, rcmdBrt=0.3527952, preBrt=0.28218323, lux=33.012455, preLux=17.25, brtNits=81.9496, hdrNits=NaN, initNits=56.012352, preNits=56.012352, rcmdNits=81.9496, hdrBrightness=NaN, brt(%)=41%, brtInt=91, hbmPolicy=normal, hbmMax=0.85440856, hbmMode=off, rbcStrength=50, thrmMax=1.0, powerFactor=1.0, wasShortTermModelActive=false, flags=, reason=automatic, autoBrightness=true, strategy=InvalidBrightnessStrategy, autoBrightnessMode=default
03-10 15:09:32.782  2300  4967 I SurfaceFlinger: mBrightnessDiming=1, isCli=0, mBrightnessDimingCnt=0
03-10 15:09:32.786  3163  3163 I BrightnessSynchronizer: New Update: {[7622] 0.3527952(f), mUpdatedTypes=1, mConfirmedTypes=0, mTimeUpdated=0, mState=2}
03-10 15:09:32.786  3163  3163 I BrightnessSynchronizer: [7622] New Update 0.3527952(f) set brightness values:  91(i)
03-10 15:09:32.787  3163  3163 I BrightnessSynchronizer: New PendingUpdate: {[7623] 0.3527952(f), mUpdatedTypes=0, mConfirmedTypes=0, mTimeUpdated=0, mState=1}, prev=null
03-10 15:09:32.792  3163  3163 I BrightnessSynchronizer: Swallowing update of 91(i) by update: {[7622] 0.3527952(f), mUpdatedTypes=1, mConfirmedTypes=1, mTimeUpdated=62679473, mState=2}
03-10 15:09:32.792  3163  3163 I BrightnessSynchronizer: Completed Update: {[7622] 0.3527952(f), mUpdatedTypes=1, mConfirmedTypes=1, mTimeUpdated=62679473, mState=3}
03-10 15:09:32.792  3163  3163 I BrightnessSynchronizer: New Update: {[7623] 0.3527952(f), mUpdatedTypes=0, mConfirmedTypes=0, mTimeUpdated=0, mState=2}
03-10 15:09:32.796  2064  4171 D slpi    : tmd2712: Als lux: 157.60, ch0: 4771, ch1: 1678, scale: 1.08, atime:50.04, again:1024
03-10 15:09:32.825  2300  2300 I SurfaceFlinger: setdisplaybrightness boost to preferredDisplayMode 5 (60.00 Hz) above 60hz, brightness:[0.309808-59.114319]
03-10 15:09:32.825  2300  2300 D DisplayModeController: setDesiredMode 4630947043778501762 {mode={fps=60.00 Hz, modePtr={id=5, vsyncRate=60.00 Hz, peakRefreshRate=60.00 Hz}}, emitEvent=true, force=true}
03-10 15:09:32.827  2195 21456 I SDM     : HWCSession::ProcessRequests: Pushing release fence in fenece wait queue.
03-10 15:09:32.827  2195 21456 I SDM     : HWCSession::ProcessRequests: Creating AsyncFenceWaits async thread.
03-10 15:09:32.827  2195 21456 I SDM     : HWCSession::ProcessRequests: Remove current CWB request from the pending request queue.
03-10 15:09:32.828  2195 21456 I SDM     : HWCSession::ProcessRequests: No pending cwb requests found in the queue.
03-10 15:09:32.839 20555 20993 I MediaCodec: [0xb400006f5317c9f0] enqueue 60 input frames in last 1000 ms, latest timeUs 5083333
03-10 15:09:32.859  2300  2436 D VSyncReactor: 4630947043778501762: confirming period 41->16(cnt1)
03-10 15:09:32.866  2195 21458 I SDM     : HWCSession::NotifyCWBStatus: Notify the client about buffer status 0.
03-10 15:09:32.866  2195 21458 I SDM     : HWCSession::PerformFenceWaits: Remove current release fence from the pending fence wait queue.
03-10 15:09:32.866  2195 21458 I SDM     : HWCSession::PerformFenceWaits: CWB fence queue is empty. No pending release fence to wait on.
03-10 15:09:32.876  2163  2163 D SENSOREXT_ALS_COMP: FrontLight: ReportLux 9.34 (48.87-39.54), pre 31.52, dbv 4934, dc 0, fps 90, chPanel 18.77-10.34-7.86-3.13, facCal:lux_s 1.19 cha_s 0.92-0.89-0.90-0.94, RunInfo: DPB 12421-46, TF 12421-0
03-10 15:09:32.882 20555 21002 I MediaCodec: [0xb400006f531870d0] enqueue 62 input frames in last 1067 ms, latest timeUs 2166667
03-10 15:09:32.886  2300  2300 I SurfaceFlinger: initiateDisplayModeChanges changing active mode from 7(24.00 Hz:3) to 5(60.00 Hz:3) for display 4630947043778501762
03-10 15:09:32.886  2300  2300 I SurfaceFlinger: initiateDisplayModeChanges active mode changed to 5(60.00 Hz) for display 4630947043778501762. mBrightnessDimingCnt=1
03-10 15:09:32.887  2195  2392 W SDM     : HWDeviceDRM::GetSupportedBitClkRate: Requested rate not supported: 0
03-10 15:09:32.887  2195  2392 I SDM     : HWDeviceDRM::UpdateMixerAttributes: Mixer WxH 1080x2640-0 for Peripheral
03-10 15:09:32.887  2195  2392 I SDM     : HWCDisplay::SubmitDisplayConfig: Active configuration changed from config 7 to 5
03-10 15:09:32.890  2195  2269 I SDM     : HWDeviceDRM::SetupConcurrentWriteback: Tear down the Concurrent Writeback topology
03-10 15:09:32.896  2064  4171 D slpi    : tmd2712: Als lux: 122.50, ch0: 3959, ch1: 1569, scale: 1.08, atime:50.04, again:1024
03-10 15:09:32.897 20555 21002 I MediaCodec: [0xb400006f531870d0] dequeue 63 output frames in last 1021 ms, latest timeUs 2066667, flags 128
03-10 15:09:32.927  2300  2300 I SurfaceFlinger: initiateDisplayModeChanges changing active mode from 5(60.00 Hz:3) to 5(60.00 Hz:3) for display 4630947043778501762
03-10 15:09:32.942  2300  2436 D VSyncReactor: 4630947043778501762: period 16 confirmed(cnt3)
03-10 15:09:32.951 20555 20993 I MediaCodec: [0xb400006f5317c9f0] dequeue 59 output frames in last 1001 ms, latest timeUs 5116667, flags 128
03-10 15:09:32.996  2064  4171 D slpi    : tmd2712: Als lux: 104.90, ch0: 3367, ch1: 1319, scale: 1.08, atime:50.04, again:1024
03-10 15:09:33.044 20555 20939 I MediaCodec: [0xb400006f531628c0] dequeue 34 output frames in last 1018 ms, latest timeUs 5333333, flags 128
03-10 15:09:33.053  2163  2163 D motorola.hardware.sensorext-service: handle id:13 wxh:1088x2640 uwxuh:1080x2640 size: 11489280 fd:11 fd_meta:12 flags:0x4000228 usage:0x33  format:0x1 layer_count: 1 reserved_size = 0
03-10 15:09:33.054  2195  2392 I SDM     : HWCSession::SetCWBOutputBuffer: CWB config passed by cwb_client : tappoint 1  CWB_ROI : (210.000000 26.000000 274.000000 90.000000) for display [1 0 0]
03-10 15:09:33.054  2064  4171 D slpi-TCS3720: ALS_REPORT lux 117.465202, ch0 55.919762-30.453201-22.825548-12.820488, scale 1.1878, fps 90, client 1
03-10 15:09:33.055  2064  4171 D slpi-TCS3720: PRX_OC info Far, Total 0, pdata 0, offset 0 step 0.63, ore 0:0 step 21.00, TH_H 1020, TH_L 0, client 0
03-10 15:09:33.055  2195 21463 I SDM     : HWCDisplay::SetReadbackBuffer: CWB config from client: tap_point 1, CWB ROI Rect(210.000000 26.000000 274.000000 90.000000), PU_as_CWB_ROI 0, Cwb full rect : (0.000000 0.000000 1080.000000 2640.000000)
03-10 15:09:33.055  2195 21463 I SDM     : HWCDisplay::SetReadbackBuffer: Successfully configured the output buffer: readback_buffer_queued_ 1, readback_configured_ 0, cwb_client 3
03-10 15:09:33.055  2195 21463 I SDM     : HWCSession::ProcessRequests: Successfully configured CWB buffer.
03-10 15:09:33.066  2195 21463 I SDM     : HWCSession::ProcessRequests: Pushing release fence in fenece wait queue.
03-10 15:09:33.067  2195 21463 I SDM     : HWCSession::ProcessRequests: Creating AsyncFenceWaits async thread.
03-10 15:09:33.070  2195 21463 I SDM     : HWCSession::ProcessRequests: Remove current CWB request from the pending request queue.
03-10 15:09:33.070  2195 21463 I SDM     : HWCSession::ProcessRequests: No pending cwb requests found in the queue.
03-10 15:09:33.083  2195 21465 I SDM     : HWCSession::NotifyCWBStatus: Notify the client about buffer status 0.
03-10 15:09:33.083  2195 21465 I SDM     : HWCSession::PerformFenceWaits: Remove current release fence from the pending fence wait queue.
03-10 15:09:33.083  2195 21465 I SDM     : HWCSession::PerformFenceWaits: CWB fence queue is empty. No pending release fence to wait on.
03-10 15:09:33.094  2163  2163 D SENSOREXT_ALS_COMP: FrontLight: ReportLux 65.24 (117.47-52.23), pre 9.34, dbv 5666, dc 0, fps 90, chPanel 25.17-14.07-10.52-4.25, facCal:lux_s 1.19 cha_s 0.93-0.92-0.90-0.94, RunInfo: DPB 12422-46, TF 12422-0
03-10 15:09:33.111  2064  4171 D slpi-MOT_HALL: Flip send data : 2, State: North near
03-10 15:09:33.112  2064  4171 E slpi    : MOT_GPIO_FLIP kernel state gpio unset
03-10 15:09:33.112  2064  4171 I slpi-MOT_HINGE: Hingeposture   0.0 tent:0 gpio:-1 flip:2 flat:1 b:0.1 4.9 8.5 15.8 -46.8 -55.5 f:0.2 -4.9 -8.5 16.7 48.0 56.6
03-10 15:09:33.112  2064  4173 I sensors-hal: handle_sns_client_event:365, mot_flip_event: now=99729016798349 hal ts=99729015464191, MOT_FLIP_STATE_CLOSED, count=828.0, cause=0.0, fwreg 1
03-10 15:09:33.112  2064  4173 I sensors-hal: sns_device_mode_init:227, sns_device_mode_init Start
03-10 15:09:33.112  2064  4173 I android.hardware.sensors@2.1-service.multihal: vendor/qcom/proprietary/adsprpc/src/fastrpc_apps_user.c:1553: remote_handle64_open: Successfully opened handle 0x1aeaf650 for '":;./\createstaticpd:sensorspd&_dom=adsp on domain 0
03-10 15:09:33.115  2064 21466 I android.hardware.sensors@2.1-service.multihal: vendor/qcom/proprietary/adsprpc/src/listener_android.c:116: listener thread starting
03-10 15:09:33.115  2064  4173 I android.hardware.sensors@2.1-service.multihal: vendor/qcom/proprietary/adsprpc/src/fastrpc_perf.c:273: fastrpc_perf_init: enabled systrace 0x0 and RPC traces (kernel 0, dsp 0) with frequency 1000
03-10 15:09:33.115  2064 21467 I android.hardware.sensors@2.1-service.multihal: vendor/qcom/proprietary/adsprpc/src/log_config.c:348: file_watcher_thread starting for domain 0
03-10 15:09:33.115  2064 21467 W android.hardware.sensors@2.1-service.multihal: vendor/qcom/proprietary/adsprpc/src/log_config.c:358:file_watcher_thread: Couldn't find file android.hardware.sensors@2.1-service.multihal.farf, errno (No such file or directory)
03-10 15:09:33.117  2064 21466 I android.hardware.sensors@2.1-service.multihal: vendor/qcom/proprietary/adsprpc/src/mod_table.c:703: open_mod_table_open_from_static: reverse module apps_std opened with handle 0x450dfe00 (idx 0)
03-10 15:09:33.118  2064 21466 I android.hardware.sensors@2.1-service.multihal: vendor/qcom/proprietary/adsprpc/src/apps_std_imp.c:860: Successfully opened file /vendor/dsp/adsp/libsns_device_mode_skel.so
03-10 15:09:33.119  3163  3231 I DeviceStateManagerService: Cannot notify device state info change when pending state is present.
03-10 15:09:33.121  2064  4171 D slpi-TCS3720: ALS_REPORT lux 130.031128, ch0 61.974354-33.470848-25.310108-14.410837, scale 1.1878, fps 90, client 1
03-10 15:09:33.122  2064  4171 D slpi-TCS3720: PRX_OC info Far, Total 0, pdata 0, offset 0 step 0.63, ore 0:0 step 21.00, TH_H 1020, TH_L 0, client 0
03-10 15:09:33.123  2064  4173 E android.hardware.sensors@2.1-service.multihal: vendor/qcom/proprietary/adsprpc/src/fastrpc_apps_user.c:1491: Error 0x80000406: remote_handle_open_domain: dynamic loading failed for file:///libsns_device_mode_skel.so?sns_device_mode_skel_handle_invoke&_modver=1.0&_dom=adsp on domain 0 (dlerror segment 0 failed hash verification(0x34F4000 B)) (errno Success)
03-10 15:09:33.123  2064  4173 E android.hardware.sensors@2.1-service.multihal: vendor/qcom/proprietary/adsprpc/src/fastrpc_apps_user.c:1550: Error 0x80000406: remote_handle64_open failed for file:///libsns_device_mode_skel.so?sns_device_mode_skel_handle_invoke&_modver=1.0&_dom=adsp (errno Success)
03-10 15:09:33.123  2064  4173 I sensors-hal: sns_device_mode_init:262, sns_device_mode_init End
03-10 15:09:33.123  2064  4173 E sensors-hal: sendDeviceMode:287, mot_flip: one or mode handles unopened: dm 0 rpc 1
03-10 15:09:33.123  2064  4173 E android.hardware.sensors@2.1-service.multihal: vendor/qcom/proprietary/adsprpc/src/fastrpc_apps_user.c:1366: Error 0x80000600: remote_handle_invoke failed for handle 0x0, method 1 on domain 0 (sc 0x1010200) (errno Success)
03-10 15:09:33.124  2064  4173 E android.hardware.sensors@2.1-service.multihal: vendor/qcom/proprietary/adsprpc/src/fastrpc_apps_user.c:1575: Error 0x80000600: remote_handle_close failed for handle 0x0 (dlerr \) (errno Success)
03-10 15:09:33.124  2064  4173 I android.hardware.sensors@2.1-service.multihal: vendor/qcom/proprietary/adsprpc/src/fastrpc_apps_user.c:2737: domain_deinit for domain 0: dev 86
03-10 15:09:33.125  2064 21466 E android.hardware.sensors@2.1-service.multihal: vendor/qcom/proprietary/adsprpc/src/fastrpc_apps_user.c:3516: exit_thread current process1 thread exit nErr = 0x8000040d domain 0, handle 0xb400007d1aeaf650
03-10 15:09:33.126  2064 21467 W android.hardware.sensors@2.1-service.multihal: vendor/qcom/proprietary/adsprpc/src/log_config.c:368:Warning: file_watcher_thread received exit for domain 0, file android.hardware.sensors@2.1-service.multihal.farf
03-10 15:09:33.126  2064 21467 I android.hardware.sensors@2.1-service.multihal: vendor/qcom/proprietary/adsprpc/src/log_config.c:415: file_watcher_thread exiting for domain 0
03-10 15:09:33.126  2064  4173 I android.hardware.sensors@2.1-service.multihal: vendor/qcom/proprietary/adsprpc/src/mod_table.c:789: open_mod_table_close: closed reverse module apps_std with handle 0x450dfe00
03-10 15:09:33.127  2064  4173 E android.hardware.sensors@2.1-service.multihal: vendor/qcom/proprietary/adsprpc/src/fastrpc_apps_user.c:1614: Error 0x80000600: remote_handle64_close failed for handle 0xb400007d1aeaf650 remote handle 0x0 (errno Success)
03-10 15:09:33.139  6461  6564 I Capsense_Cal: Sensor GetEvents event_count==1
03-10 15:09:33.139  6461  6564 D Capsense_Cal: SensorThread sensorEvents
03-10 15:09:33.139  6461  6564 D Capsense_Cal: Capsensor hallEventHandler sensorEvents->data[0]==2.000000
03-10 15:09:33.139  6461  6564 D Capsense_Cal: start cal : /sys/class/capsense/capsense1/reset, msg: flip_near
03-10 15:09:33.142  6461  6564 D Capsense_Cal: start cal : /sys/class/capsense/capsense0/reset, msg: flip_near
03-10 15:09:33.144  3163  3231 W OverrideRequestController: Attempted to cancel a null OverrideRequest
03-10 15:09:33.144  3163  3231 I DeviceStateManagerService: Cannot notify device state info change when pending state is present.
03-10 15:09:33.147  3163  3229 D CLI/SmallCLI: onDeviceLidStateChanged: state=CLOSED
03-10 15:09:33.147  3163  3231 I LogicalDisplayMapper: Requesting Transition to state: 1, from state=5, interactive=true, mBootCompleted=true
03-10 15:09:33.147  3163  3231 I LogicalDisplayMapper: Applying layout: [{dispId: 0(ON), displayGroupName: , addr: {port=130, model=0x40446dccee101c}, mThermalBrightnessThrottlingMapId: null, mRefreshRateZoneId: null, mLeadDisplayId: -1, mLeadDisplayAddress: null, mThermalRefreshRateThrottlingMapId: null, mPowerThrottlingMapId: null}], Previous layout: [{dispId: 0(ON), displayGroupName: , addr: {port=130, model=0x40446dccee101c}, mThermalBrightnessThrottlingMapId: null, mRefreshRateZoneId: null, mLeadDisplayId: -1, mLeadDisplayAddress: null, mThermalRefreshRateThrottlingMapId: null, mPowerThrottlingMapId: null}]
03-10 15:09:33.147  5625  5625 I vol.VolumeDialogImpl: mDialog.dismiss() reason: posture_changed from: com.android.systemui.volume.VolumeDialogImpl$H.handleMessage:111 displayId: 0 mShowing: false mIsAnimatingDismiss: false
03-10 15:09:33.147  5625  5669 D ShellSplitScreen: onFoldedStateChanged: folded=true
03-10 15:09:33.148  3163  3231 I LogicalDisplayMapper: Requesting Transition to state: 0, from state=1, interactive=true, mBootCompleted=true
03-10 15:09:33.148  3163  3231 I LogicalDisplayMapper: Applying layout: [{dispId: 0(ON), displayGroupName: , addr: {port=130, model=0x40446dccee101c}, mThermalBrightnessThrottlingMapId: null, mRefreshRateZoneId: null, mLeadDisplayId: -1, mLeadDisplayAddress: null, mThermalRefreshRateThrottlingMapId: null, mPowerThrottlingMapId: null}], Previous layout: [{dispId: 0(ON), displayGroupName: , addr: {port=130, model=0x40446dccee101c}, mThermalBrightnessThrottlingMapId: null, mRefreshRateZoneId: null, mLeadDisplayId: -1, mLeadDisplayAddress: null, mThermalRefreshRateThrottlingMapId: null, mPowerThrottlingMapId: null}]
03-10 15:09:33.150  3163  3227 D TouchHwAidlService: onStateChanged.. state=1
03-10 15:09:33.150  3163  3227 D TouchHwAidlService: onStateChanged.. state=0
03-10 15:09:33.152  2067 14471 D AHAL: AudioDevice: SetParameters: 1564: enter: device_folded=on
03-10 15:09:33.152  2067 14471 D AHAL: AudioVoice: VoiceSetParameters: 87: Enter params: device_folded=on
03-10 15:09:33.152  2067 14471 D AHAL: AudioVoice: VoiceSetParameters: 360: Exit ret: 0
03-10 15:09:33.152  2067 14471 D AHAL: FM: fm_set_parameters: 262: Enter
03-10 15:09:33.152  2067 14471 D AHAL: FM: fm_set_parameters: 320: exit
03-10 15:09:33.152  2067 14471 D AHAL: AudioDevice: SetParameters: 2361: exit: device_folded=on
03-10 15:09:33.153  3163  3352 W BoostOptController: not supported hint: 118
03-10 15:09:33.154  3163  3352 W BoostOptController: not supported hint: 118
03-10 15:09:33.162  3163  4279 I CLI/Transition_Device: lid state changed: OPEN -> OPEN, device state changed to CLOSED
03-10 15:09:33.162  3163  4279 D CLI/Rotation: Set volume keyswap sysprop for rotation 0 lidState OPEN
03-10 15:09:33.163  3163  4279 I WindowManager: updateRotationUnchecked CLI real rotation changed:1, rotation:1
03-10 15:09:33.172  3163  3352 D BrightnessThermalClamper: Thermal status observer already started
03-10 15:09:33.174  3163  4279 I WindowManager: Override config changes=20000000 {1.0 ?mcc0mnc [en_US] ldltr sw111dp w210dp h111dp 280dpi smll land night mot-cli finger -keyb/v/h -nav/h winConfig={ mBounds=Rect(0, 0 - 368, 194) mAppBounds=Rect(0, 0 - 368, 194) mMaxBounds=Rect(0, 0 - 368, 194) mDisplayRotation=ROTATION_90 mWindowingMode=fullscreen mActivityType=undefined mAlwaysOnTop=undefined mRotation=ROTATION_90} ?fontWeightAdjustment ?spn ?gid} for displayId=1
03-10 15:09:33.174  7545  7545 I FileStationLog: [ FS_h$a ] - [Display] Changed display: 1
03-10 15:09:33.176  3163  4279 E WindowManager: Display reconfigured outside of a transition: Display{#0 state=ON size=1080x2640 ROTATION_0}
03-10 15:09:33.180  3163  3352 D BrightnessThermalClamper: Thermal status observer already started
03-10 15:09:33.184  3163  3229 V WindowManager: Content Recording: Display 1 state was (1), is now (1), so update recording?
03-10 15:09:33.185  3163  3229 D CLI/Transition: displaygroup 1, state OFF, pendingdisplaygroup -1
03-10 15:09:33.186  3163  3229 D CLI/SmallCLI: onDeviceLidStateChanged: state=CLOSED_HALL
03-10 15:09:33.187  3163  3231 I InputManager-JNI: Viewport [0] to add: local:4630947043778501762, isActive: true
03-10 15:09:33.187  3163  3231 I InputManager-JNI: Viewport [1] to add: local:4630947043778501763, isActive: false
03-10 15:09:33.190  3163  4285 I InputReader: Reconfiguring input devices, changes=DISPLAY_INFO
03-10 15:09:33.190  3163  4285 I InputReader: Disabling zinitix_mt (device 6) because the associated viewport is not active
03-10 15:09:33.191  3163  4285 I InputReader: Device reconfigured: id=6, name='zinitix_mt', size 194x368, orientation Rotation0, mode DISABLED, display id 1
03-10 15:09:33.197  2067 11748 D AHAL: AudioDevice: SetParameters: 1564: enter: screen_state=on
03-10 15:09:33.198  2067 11748 D AHAL: AudioVoice: VoiceSetParameters: 87: Enter params: screen_state=on
03-10 15:09:33.198  2067 11748 D AHAL: AudioVoice: VoiceSetParameters: 360: Exit ret: 0
03-10 15:09:33.198  2067 11748 D AHAL: FM: fm_set_parameters: 262: Enter
03-10 15:09:33.198  2067 11748 D AHAL: FM: fm_set_parameters: 320: exit
03-10 15:09:33.198  2067 11748 D AHAL: AudioDevice: SetParameters: 1625:  - screen = on
03-10 15:09:33.198  2067 11748 I PAL: ResourceManager: setParameter: 8311: Screen State:1
03-10 15:09:33.198  2067 11748 D AHAL: AudioDevice: SetParameters: 2361: exit: screen_state=on
03-10 15:09:33.199  2195  2269 I SDM     : HWDeviceDRM::SetupConcurrentWriteback: Tear down the Concurrent Writeback topology
03-10 15:09:33.205  5625  5669 I DisplayController: CLI display config changed. dpi:280, fontScale:1.0
03-10 15:09:33.205  5625  5669 V ShellDragAndDrop: Display changed: 1
03-10 15:09:33.206 10834 10834 I PkDeviceHelper: PkDeviceHelper.refreshDevices():93 refreshing devices
03-10 15:09:33.207  2300 14628 E ANDR-PERF-CLIENT-SYS: Process is Flooding request to PerfService
03-10 15:09:33.212  7545  7545 I FileStationLog: [ FS_h$a ] - [Display] Ignoring change for non-default/desktop display: 1
03-10 15:09:33.213  5643 10714 D ApfFilter: (wlan0): Ignoring RA RA fe80::c294:35ff:fe71:84fd -> ff02::1 180s 2601:85:ca02:f280::/64 7200s/7200s DNS 180s 2601:85:ca02:f280:c294:35ff:fe71:84fd 2001:558:feed::1 2001:558:feed::2 RIO 180s ::/0  which matches RA fe80::c294:35ff:fe71:84fd -> ff02::1 180s 2601:85:ca02:f280::/64 7200s/7200s DNS 180s 2601:85:ca02:f280:c294:35ff:fe71:84fd 2001:558:feed::1 2001:558:feed::2 RIO 180s ::/0 
03-10 15:09:33.218  7545  7545 I FileStationLog: [ FS_h$a ] - [Display] Changed display: 0
03-10 15:09:33.219  7545  7545 I FileStationLog: [ FS_h ] - [Logic] Retrieved display info: LogicDisplayInfo(width=1080, height=2640, orientation=1, rotation=0, displayId=0)
03-10 15:09:33.219  7545  7545 I FileStationLog: [ FS_h$a ] - [Display] New logical size: 1080x2640
03-10 15:09:33.219  7545  7545 I FileStationLog: [ FS_h$a ] - [Display] Screen width unchanged: 1080
03-10 15:09:33.223  2300  4967 I SurfaceFlinger: mBrightnessDiming=0, isCli=0, mBrightnessDimingCnt=2
03-10 15:09:33.223  2300  2300 I SurfaceFlinger: setDesiredModeSpecsByBrightnessZone setAllowSwitchingGroupFlag to 0x1
03-10 15:09:33.226  3163  4279 I CLI/Transition_Device: lid state changed: OPEN -> CLOSED, device state changed to CLOSED_HALL
03-10 15:09:33.228  3163  4279 D CLI/Transition_Lid: update lid state CLOSED
03-10 15:09:33.233  3163  3163 I BrightnessSynchronizer: New Update: {[7624] 0.3527952(f), mUpdatedTypes=0, mConfirmedTypes=0, mTimeUpdated=0, mState=2}
03-10 15:09:33.239  3163  3227 D TouchHwAidlService: onTapToWakeSettingsChanged isAmbientDisplayAvailable=1 aodEnable=true singleTapEnable=true doubleTapEnable=true lidState=0 callers=com.motorola.server.display.TouchHwAidlService.-$$Nest$monTapToWakeSettingsChanged:0 com.motorola.server.display.TouchHwAidlService$4.onChange:573 android.database.ContentObserver.onChange:184 
03-10 15:09:33.239  3163  3227 D TouchHwAidlService: enableTapWake mode=33 displayId=0 mGestureStowMode=true
03-10 15:09:33.239  3163  3227 D TouchHwAidlService: transfer mode=33 transMode=32 cli=false
03-10 15:09:33.240  2106  2106 I motorola.hardware.display.touch-service: Setting Gesture to 32
03-10 15:09:33.240  5625  5625 D SCliNotifPanelController: onLidClosed
03-10 15:09:33.240  5625  5625 V SmallCli_WindowController: state=SmallCli window State {
03-10 15:09:33.240  5625  5625 V SmallCli_WindowController:   mBrightnessVisible: false
03-10 15:09:33.240  5625  5625 V SmallCli_WindowController:   mDynamicPanelVisible: false
03-10 15:09:33.240  5625  5625 V SmallCli_WindowController:   mFlashLightPrompt: false
03-10 15:09:33.240  5625  5625 V SmallCli_WindowController:   mHeadsUpPanelVisible: false
03-10 15:09:33.240  5625  5625 V SmallCli_WindowController:   mKeyguardOccluded: false
03-10 15:09:33.240  5625  5625 V SmallCli_WindowController:   mLidOpen: false
03-10 15:09:33.240  5625  5625 V SmallCli_WindowController:   mNotificationVisible: false
03-10 15:09:33.240  5625  5625 V SmallCli_WindowController:   mPowerMenuVisible: false
03-10 15:09:33.240  5625  5625 V SmallCli_WindowController:   mQsVisible: false
03-10 15:09:33.240  5625  5625 V SmallCli_WindowController:   mVolumeVisible: false
03-10 15:09:33.240  5625  5625 V SmallCli_WindowController: }
03-10 15:09:33.242  7314  7314 D GameMode: mCLIStatusReceiver: 0
03-10 15:09:33.244  3163  3227 D TouchHwAidlService: setGestureModeHal done mode=33 newMode=32 result=0
03-10 15:09:33.252  3163  4279 I PowerGroup: Sleeping power group (groupId=0, uid=1000, reason=lid_switch)...
03-10 15:09:33.252  3163  6987 W InputManager-JNI: Input channel object '[Gesture Monitor] moto_actions_input_channel (client)' was disposed without first being removed with the input manager!
03-10 15:09:33.252  3163  4279 I PowerManagerService: Sleeping (uid 1000)...
03-10 15:09:33.252  3163  3163 I WindowManager: Started going to sleep... (groupId=0 why=OFF_BECAUSE_OF_USER) notifySleepToKeyguard=true lidState=0 pmSleepReason=lid_switch
03-10 15:09:33.252  3163  3227 D TouchHwAidlService: enableTapWake mode=33 displayId=1 mGestureStowMode=true
03-10 15:09:33.253  2163  2163 D motorola.hardware.sensorext-service: handle id:13 wxh:1088x2640 uwxuh:1080x2640 size: 11489280 fd:11 fd_meta:12 flags:0x4000228 usage:0x33  format:0x1 layer_count: 1 reserved_size = 0
03-10 15:09:33.253 10834 10834 I GoogleInputMethodService: GoogleInputMethodService.onFinishInput():2097 
03-10 15:09:33.256  2195  2392 I SDM     : HWCSession::SetCWBOutputBuffer: CWB config passed by cwb_client : tappoint 1  CWB_ROI : (210.000000 26.000000 274.000000 90.000000) for display [1 0 0]
03-10 15:09:33.256  3163  3231 D PanelsService: onAwakeStateChanged.. isAwake=false
03-10 15:09:33.256  3163  3231 D TouchHwAidlService: onAwakeStateChanged.. isAwake=false
03-10 15:09:33.257  3163  4279 D PowerManagerService: nativeReleaseSuspendBlocker name:PowerManagerService.WakeLocks duration ms: 2
03-10 15:09:33.257  3163  4279 D CLI/Transition_Lid: Doze cli display for lid close
03-10 15:09:33.257  3163  4279 I PowerManagerService: Dozing display group (groupId=1, now=62679944)...
03-10 15:09:33.257 10834 10834 I Module  : DeviceLockedStatusModuleProvider$Module.updateDeviceLockedStatus():103 repeatCheckTimes = 0, locked = false
03-10 15:09:33.257  3163  4279 I PowerManagerService: Going to sleep due to application (uid 1000, screenOffTimeout=1800000, activityTimeoutWM=-1, maxDimRatio=0.20000005, maxDimDur=7000)...
03-10 15:09:33.258  3163  3352 I DisplayPowerController2[0]: 03-10 15:09:33.254 - BrightnessEvent: disp=0, physDisp=local:4630947043778501762, displayState=ON, displayPolicy=OFF, brt=0.3527952, initBrt=0.3527952, rcmdBrt=0.3527952, preBrt=0.28218323, lux=33.012455, preLux=17.25, brtNits=81.9496, hdrNits=NaN, initNits=81.9496, preNits=56.012352, rcmdNits=81.9496, hdrBrightness=NaN, brt(%)=41%, brtInt=91, hbmPolicy=normal, hbmMax=0.85440856, hbmMode=off, rbcStrength=50, thrmMax=1.0, powerFactor=1.0, wasShortTermModelActive=false, flags=, reason=automatic, autoBrightness=true, strategy=InvalidBrightnessStrategy, autoBrightnessMode=default
03-10 15:09:33.259  2106  2106 I motorola.hardware.display.touch-service: Setting CLI Gesture to 33
03-10 15:09:33.259  3163  3231 D TouchHwAidlService: Register stow sensor:true
03-10 15:09:33.260  3163  4279 E WindowManager: Display reconfigured outside of a transition: Display{#0 state=ON size=1080x2640 ROTATION_0}
03-10 15:09:33.261  5625  5928 D KeyguardTransitionRepository: (Internal) Setting current transition info: TransitionInfo(ownerName=FromGoneTransitionInteractor(Sleep transition triggered), from=GONE, to=DOZING, animated)
03-10 15:09:33.261  3163  4279 D CLI/Rotation: Set volume keyswap sysprop for rotation 0 lidState CLOSED
03-10 15:09:33.262  3163  5158 D WifiStaIfaceHidlImpl: getCachedScanData is not implemented by HIDL
03-10 15:09:33.262  2195 21470 I SDM     : HWCDisplay::SetReadbackBuffer: CWB config from client: tap_point 1, CWB ROI Rect(210.000000 26.000000 274.000000 90.000000), PU_as_CWB_ROI 0, Cwb full rect : (0.000000 0.000000 1080.000000 2640.000000)
03-10 15:09:33.262  2195 21470 I SDM     : HWCDisplay::SetReadbackBuffer: Successfully configured the output buffer: readback_buffer_queued_ 1, readback_configured_ 0, cwb_client 3
03-10 15:09:33.262  2195 21470 I SDM     : HWCSession::ProcessRequests: Successfully configured CWB buffer.
03-10 15:09:33.264  2064  2064 I sensors-hal: batch:206, com.motorola.sensor.stowed/65568, period=200000000, max_latency=0
03-10 15:09:33.264  2064  2064 I sensors-hal: set_config:61, no need to adjust sample_period_ns due to reporting_mode = 2
03-10 15:09:33.264  2064  2064 I sensors-hal: batch:215, com.motorola.sensor.stowed/65568, period=200000000, max_latency=0 request completed
03-10 15:09:33.265  3084  3373 E Thermal-Lib: Thermal-Lib-Client:do_listen: recv failed
03-10 15:09:33.265  3065  3276 E Thermal-Lib: Thermal-Lib-Client:do_listen: recv failed
03-10 15:09:33.266  3084  3373 E Thermal-Lib: Thermal-Lib-Client:do_listen: recv failed
03-10 15:09:33.267  2061  2108 E minksocket: MinkIPC_QRTR_Service: client with node 1 port 77c5 went down
03-10 15:09:33.267  2195 21470 I SDM     : HWCSession::ProcessRequests: Pushing release fence in fenece wait queue.
03-10 15:09:33.267  2195 21470 I SDM     : HWCSession::ProcessRequests: Creating AsyncFenceWaits async thread.
03-10 15:09:33.267  2061  2108 E minksocket: MinkIPC_QRTR_Service: client with node 1 port 77b5 went down
03-10 15:09:33.267  2061  2108 E minksocket: MinkIPC_QRTR_Service: client with node 1 port 77c2 went down
03-10 15:09:33.269  2061  2108 E minksocket: MinkIPC_QRTR_Service: client with node 1 port 77cc went down
03-10 15:09:33.270  2195 21470 I SDM     : HWCSession::ProcessRequests: Remove current CWB request from the pending request queue.
03-10 15:09:33.270  2195 21470 I SDM     : HWCSession::ProcessRequests: No pending cwb requests found in the queue.
03-10 15:09:33.271  3163  3352 I DisplayPowerController2[0]: Blocking screen off
03-10 15:09:33.271  3163  3352 I WindowManager: Display 0 turning off...
03-10 15:09:33.271  3163  3352 I DisplayPowerController2[0]: Unblocked screen off after 1 ms
03-10 15:09:33.272  3163  3227 D TouchHwAidlService: setCliGestureModeHal done mode=33 newMode=33 result=0
03-10 15:09:33.272  3163  3227 D TouchHwAidlService: enableTapWake mode=49 displayId=-1 mGestureStowMode=true
03-10 15:09:33.272  3163  3227 D TouchHwAidlService: transfer mode=49 transMode=48 cli=false
03-10 15:09:33.273  2106  2106 I motorola.hardware.display.touch-service: Setting Gesture to 48
03-10 15:09:33.273  5625  5625 V TrustManager: clearAllBiometricRecognized unlockedUser=-10000 source=FINGERPRINT callers=com.android.keyguard.KeyguardUpdateMonitor.clearFingerprintRecognized:16 com.android.keyguard.KeyguardUpdateMonitor$14.handleMessage:941 android.os.Handler.dispatchMessage:112 android.os.Looper.loopOnce:268 android.os.Looper.loop:384 
03-10 15:09:33.274  3163  3227 D TouchHwAidlService: setGestureModeHal done mode=49 newMode=48 result=0
03-10 15:09:33.275  2106  2106 I motorola.hardware.display.touch-service: Setting CLI Gesture to 49
03-10 15:09:33.275  3163  3227 D TouchHwAidlService: setCliGestureModeHal done mode=49 newMode=49 result=0
03-10 15:09:33.277  2067 11748 D AHAL: AudioDevice: SetParameters: 1564: enter: cli_state=close
03-10 15:09:33.277  2067 11748 D AHAL: AudioVoice: VoiceSetParameters: 87: Enter params: cli_state=close
03-10 15:09:33.277  2067 11748 D AHAL: AudioVoice: VoiceSetParameters: 360: Exit ret: 0
03-10 15:09:33.277  2067 11748 D AHAL: FM: fm_set_parameters: 262: Enter
03-10 15:09:33.277  2067 11748 D AHAL: FM: fm_set_parameters: 320: exit
03-10 15:09:33.277  2067 11748 D AHAL: AudioDevice: SetParameters: 2361: exit: cli_state=close
03-10 15:09:33.282  5625  5625 D KeyguardViewMediator: KeyguardViewMediator queue processing message: NOTIFY_STARTED_GOING_TO_SLEEP
03-10 15:09:33.283  2195  2269 I SDM     : HWDeviceDRM::SetupConcurrentWriteback: Tear down the Concurrent Writeback topology
03-10 15:09:33.283  3163  3352 I WindowManager: Display0 turned off...
03-10 15:09:33.284 15644 15662 I ForwardSyncCache: reclaimMemory: Clearing caches
03-10 15:09:33.285  2195 21473 I SDM     : HWCSession::NotifyCWBStatus: Notify the client about buffer status 0.
03-10 15:09:33.286  2195 21473 I SDM     : HWCSession::PerformFenceWaits: Remove current release fence from the pending fence wait queue.
03-10 15:09:33.286  2195 21473 I SDM     : HWCSession::PerformFenceWaits: CWB fence queue is empty. No pending release fence to wait on.
03-10 15:09:33.288 15644 15662 W Bugle   : TextClassifierLibManagerImpl: Reclaiming memory at level: 40
03-10 15:09:33.289  5625  5625 I KeyguardTransitionRepository: STARTED transition: TransitionStep(from=GONE, to=DOZING, value=0.0, transitionState=STARTED, ownerName=FromGoneTransitionInteractor(Sleep transition triggered))
03-10 15:09:33.293  3163  3163 D TrustManagerService: refreshDeviceLockedForUser(userId=-1, unlockedUser=-10000), secure=false, showingKeyguard=false, trusted=false, biometricAuthenticated=false, currentUserIsUnlocked=false, deviceLocked=false
03-10 15:09:33.293  2723  9652 I CameraService: Previous DeviceState : 0 New DeviceState : 4
03-10 15:09:33.297  2186  2186 I CamxPrvdr@2.7-legacy: notifyDeviceStateChange: New device state: 0x4
03-10 15:09:33.297  2186  2186 I CamxComm1.0-CamModule: notifyDeviceStateChange: calling notify_device_state_change with state 4
03-10 15:09:33.297  2186  2186 D CamX    : [DEBUG][HAL    ] camxhal3module.cpp:411 NotifyDeviceStateChange() New Device State: 4
03-10 15:09:33.299  2926  2926 D fpc_hidl: lid-state=0
03-10 15:09:33.299  3163  4279 D MotoFingerprint: resultCode : 0
03-10 15:09:33.301  3163  3249 D addPss  : tracker=ProcessState{875811b com.facebook.katana:fdidsync/10424 pkg=com.facebook.katana}
03-10 15:09:33.302  3163  3249 D addPss  : tracker=ProcessState{97609e5 com.whatsapp/10609 pkg=com.whatsapp}
03-10 15:09:33.304 21474 21474 I ThermalEngine: Throttling daemon started
03-10 15:09:33.304 21474 21474 E ThermalEngine: config_info path not found: /sys/module/msm_thermal/config_info
03-10 15:09:33.304 21474 21474 I ThermalEngine: Using device config file '/vendor/etc/thermal-engine-lynkco-cli.conf'
03-10 15:09:33.306  5625  5625 I vol.VolumeDialogImpl: mDialog.dismiss() reason: volume_controller from: com.android.systemui.volume.VolumeDialogImpl$10.onDismissRequested:3 displayId: 0 mShowing: false mIsAnimatingDismiss: true
03-10 15:09:33.307  5625  5625 D vol.VolumeDialogImpl: dismissH: skipping dismiss because isAnimatingDismiss is true and showingStateInconsistent is false
03-10 15:09:33.313  2163  2163 D SENSOREXT_ALS_COMP: FrontLight: ReportLux 71.73 (130.03-58.30), pre 65.24, dbv 6060, dc 0, fps 90, chPanel 28.37-15.91-11.82-4.82, facCal:lux_s 1.19 cha_s 0.94-0.93-0.90-0.94, RunInfo: DPB 12423-46, TF 12423-0
03-10 15:09:33.333  3163  3352 D ActivityTaskManager: Top Process State changed to PROCESS_STATE_TOP_SLEEPING
03-10 15:09:33.337  3163  3352 D PowerManagerService: nativeAcquireSuspendBlocker name:PowerManagerService.WakeLocks duration ms: 3
03-10 15:09:33.337  3163  3352 D ActivityTrigger: ActivityTrigger activityPauseTrigger 
03-10 15:09:33.340  3163  3352 I DisplayBrightnessStrategySelector: Changing the DisplayBrightnessStrategy from InvalidBrightnessStrategy to ScreenOffBrightnessStrategy for display 0
03-10 15:09:33.340  2064  2064 I sensors-hal: batch:206, android.sensor.light/51, period=200000000, max_latency=0
03-10 15:09:33.340  2064  2064 I sensors-hal: set_config:61, no need to adjust sample_period_ns due to reporting_mode = 2
03-10 15:09:33.340  2064  2064 I sensors-hal: batch:215, android.sensor.light/51, period=200000000, max_latency=0 request completed
03-10 15:09:33.342  3163  3231 W ProcessStats: Tracking association SourceState{291c47d com.google.android.gms/10240 Top #291851} whose proc state 1 is better than process ProcessState{a2b568d com.google.android.webview:sandboxed_process0:org.chromium.content.app.SandboxedProcessService0:0/10240 pkg=com.google.android.gms} proc state 2 (0 skipped)
03-10 15:09:33.342 20555 20555 D FirebaseSessions: App backgrounded on com.recime.app
03-10 15:09:33.343 20555 20818 D [CIO]   : Activity paused, stopping polling
03-10 15:09:33.347  2064  2064 I sensors-hal: batch:206, android.sensor.device_orientation/271, period=66667000, max_latency=0
03-10 15:09:33.347  2064  2064 I sensors-hal: set_config:61, no need to adjust sample_period_ns due to reporting_mode = 2
03-10 15:09:33.347  2064  2064 I sensors-hal: batch:215, android.sensor.device_orientation/271, period=66667000, max_latency=0 request completed
03-10 15:09:33.347  3163  6987 W BoostOptController: not supported hint: 118
03-10 15:09:33.348  2064  2064 I sensors-hal: activate:173, com.motorola.sensor.alternate_light/65959 en=0
03-10 15:09:33.349  2061  2108 E minksocket: MinkIPC_QRTR_Service: client with node 1 port 77e0 went down
03-10 15:09:33.360  6942  6972 D ForegroundUtils: Foreground UID status: 10240, true; 10246, false; 10292, true; 10363, false; 10394, true; 10404, true; 10408, true; 10416, false; 10618, false; 10626, false; 
03-10 15:09:33.362  5625  5625 D CentralSurfaces: !shouldBeKeyguard mStatusBarStateController.isKeyguardRequested() false keyguardForDozing false wakeAndUnlocking false isWakingAndOccluded false
03-10 15:09:33.362  5625  5625 D CentralSurfaces: hideKeyguardImpl false
03-10 15:09:33.374  3163  3336 D KernelCpuUidUserSysTimeReader: Removing uids 99384-99384
03-10 15:09:33.389 21474 21474 I ThermalEngine: devices_manager_init: Init
03-10 15:09:33.389 21474 21474 I ThermalEngine: Number of gpus :1
03-10 15:09:33.389 21474 21474 I ThermalEngine: Number of cpus :8
03-10 15:09:33.390  2064  2064 I sensors-hal: activate:184, com.motorola.sensor.alternate_light/65959 en=0 completed
03-10 15:09:33.395  3163  6987 W AutofillManagerServiceImpl: getFillEventHistory() called by UID 10195, but service UID is 10240
03-10 15:09:33.397  3163  3352 V DisplayPowerController2[0]: Brightness [0.0] reason changing to: 'screen_off', previous reason: 'automatic'.
03-10 15:09:33.397  2163  2163 D SENSOREXT_ALS_COMP: FrontLight: no calculate, ReportLux 0.00, dbv 0
03-10 15:09:33.399  2064  4171 D slpi-TCS3720: ALS_REPORT lux 0.000000, ch0 0.000000-0.000000-0.000000-0.000000, scale 1.1878, fps 90, client 1
03-10 15:09:33.399  2064  4171 D slpi-TCS3720: PRX_OC info Far, Total 0, pdata 0, offset 0 step 0.63, ore 0:0 step 21.00, TH_H 1020, TH_L 0, client 0
03-10 15:09:33.406  3163  3352 I DisplayPowerController2[0]: 03-10 15:09:33.397 - BrightnessEvent: disp=0, physDisp=local:4630947043778501762, displayState=OFF, displayPolicy=OFF, brt=0.0, initBrt=0.3527952, rcmdBrt=NaN, preBrt=NaN, lux=0.0, preLux=0.0, brtNits=3.1465538, hdrNits=NaN, initNits=81.9496, preNits=NaN, rcmdNits=NaN, hdrBrightness=NaN, brt(%)=0%, brtInt=1, hbmPolicy=normal, hbmMax=0.85440856, hbmMode=off, rbcStrength=50, thrmMax=1.0, powerFactor=1.0, wasShortTermModelActive=false, flags=, reason=screen_off, autoBrightness=true, strategy=ScreenOffBrightnessStrategy, autoBrightnessMode=default
03-10 15:09:33.407  3163  3231 D DisplayManagerService: Ignore redundant display event 0/4 to 10416/11416
03-10 15:09:33.407  3163  3163 I BrightnessSynchronizer: New Update: {[7625] 0.3527952(f), mUpdatedTypes=0, mConfirmedTypes=0, mTimeUpdated=0, mState=2}
03-10 15:09:33.409  3163  3231 I DisplayDeviceRepository: Display device changed state: "Built-in Screen", OFF
03-10 15:09:33.410  5625  5920 D Tile.ScreenshotTile: update state
03-10 15:09:33.410  3163  5305 D TouchHwAidlService: setDisplayState: mScreenOff=true
03-10 15:09:33.410  3163  3231 I InputManager-JNI: Viewport [0] to add: local:4630947043778501762, isActive: false
03-10 15:09:33.410  3163  3231 I InputManager-JNI: Viewport [1] to add: local:4630947043778501763, isActive: false
03-10 15:09:33.411  3163  3352 D BrightnessThermalClamper: Thermal status observer already started
03-10 15:09:33.411  3163  3229 D CLI/Transition: displaygroup 0, state OFF, pendingdisplaygroup -1
03-10 15:09:33.411  3163  3227 D TouchHwAidlService: updateDefaultDisplayState: mScreenOn=false
03-10 15:09:33.411  3163  3229 W SurfaceControl: Invalid layer stack -1
03-10 15:09:33.411  3163  3229 I DisplayDevice: [0] Layerstack set to -1 for local:4630947043778501762 mDisplayToken=android.os.BinderProxy@d90d011 t=Transaction{mNativeObject=-5476376673043675440, mHashCode=0}
03-10 15:09:33.412  3163  3231 D PanelsService: updateDefaultDisplayState: mScreenState=OFF
03-10 15:09:33.415  3163  4285 I InputReader: Reconfiguring input devices, changes=DISPLAY_INFO
03-10 15:09:33.415  3163  4285 I InputReader: Disabling goodix_ts (device 7) because the associated viewport is not active
03-10 15:09:33.415  3163  4285 I InputReader: Device reconfigured: id=7, name='goodix_ts', size 17281x42241, orientation Rotation0, mode DISABLED, display id 0
03-10 15:09:33.415  3163  4285 I InputReader: Disabling zinitix_mt (device 6) because the associated viewport is not active
03-10 15:09:33.417  2067 11748 D AHAL: AudioDevice: SetParameters: 1564: enter: screen_state=off
03-10 15:09:33.418  2067 11748 D AHAL: AudioVoice: VoiceSetParameters: 87: Enter params: screen_state=off
03-10 15:09:33.418  2067 11748 D AHAL: AudioVoice: VoiceSetParameters: 360: Exit ret: 0
03-10 15:09:33.419  3163  3231 W ServiceManagerCppClient: Failed to get isDeclared for com.motorola.hardware.display.panel.IDisplayPanel/default: Status(-1, EX_SECURITY): 'SELinux denied.'
03-10 15:09:33.419  3163  3231 D DisplayPanelService: Setting panel dc mode: 0
03-10 15:09:33.419  2090  2090 I DisplayPanel: setDcMode: DC mode = OFF
03-10 15:09:33.420  2090  2090 D DisplayPanel: setParam: Success set DC to 0 for Primary display
03-10 15:09:33.418  5993  5993 I NearbyDiscovery: (REDACTED) FastPairDisplayObserver: %s -> %s
03-10 15:09:33.420 26976 27604 D MCLOG   : [BrightnessTrigger] onDisplayChanged displayId = 0
03-10 15:09:33.420  2067 11748 D AHAL: FM: fm_set_parameters: 262: Enter
03-10 15:09:33.421  2067 11748 D AHAL: FM: fm_set_parameters: 320: exit
03-10 15:09:33.421  2067 11748 D AHAL: AudioDevice: SetParameters: 1628:  - screen = off
03-10 15:09:33.421  2067 11748 I PAL: ResourceManager: setParameter: 8311: Screen State:0
03-10 15:09:33.421  2067 11748 D AHAL: AudioDevice: SetParameters: 2361: exit: screen_state=off
03-10 15:09:33.423 20555 20555 D VRI[ReciMeActivity]: visibilityChanged oldVisibility=true newVisibility=false
03-10 15:09:33.424  3163  5305 D TouchHwAidlService: onTapToWakeSettingsChanged isAmbientDisplayAvailable=1 aodEnable=true singleTapEnable=true doubleTapEnable=true lidState=0 callers=com.motorola.server.display.TouchHwAidlService.setDisplayState:538 com.motorola.server.MotoExtHwService$MotoExtHwManagerInternal.setDisplayState:446 com.android.server.display.LocalDisplayAdapter$LocalDisplayDevice$1.setDisplayState:1080 
03-10 15:09:33.424  3163  5305 D TouchHwAidlService: enableTapWake mode=33 displayId=0 mGestureStowMode=true
03-10 15:09:33.424  3163  5305 D TouchHwAidlService: transfer mode=33 transMode=32 cli=false
03-10 15:09:33.424  2106  2106 I motorola.hardware.display.touch-service: Setting Gesture to 32
03-10 15:09:33.425  5993  8761 I NearbyDiscovery: (REDACTED) PureOffloadFastPairScanner: eventType=%s, isInternalReq=%s, isScanning=%s, isScanningAllowed=%s
03-10 15:09:33.426 26976 27604 D MCLOG   : [BrightnessManager] displayId = 0 brightness = 0.3527952 nit = 81.9496 level = br1
03-10 15:09:33.426 10834 10834 I PkDeviceHelper: PkDeviceHelper.refreshDevices():93 refreshing devices
03-10 15:09:33.426  5658  6105 I bt_shim_scanner: system/main/shim/le_scanning_manager.cc:185 Scan: in shim layer stopped
03-10 15:09:33.453 21474 21474 W thermal-engine-: type=1400 audit(0.0:1092303): avc:  denied  { read } for  scontext=u:r:vendor_thermal-engine:s0 tcontext=u:r:init:s0 tclass=file permissive=0
03-10 15:09:33.453 21474 21474 W thermal-engine-: type=1400 audit(0.0:1092304): avc:  denied  { read } for  scontext=u:r:vendor_thermal-engine:s0 tcontext=u:r:kernel:s0 tclass=file permissive=0
03-10 15:09:33.453 21474 21474 W thermal-engine-: type=1400 audit(0.0:1092305): avc:  denied  { read } for  scontext=u:r:vendor_thermal-engine:s0 tcontext=u:r:kernel:s0 tclass=file permissive=0
03-10 15:09:33.453 21474 21474 W thermal-engine-: type=1400 audit(0.0:1092306): avc:  denied  { read } for  scontext=u:r:vendor_thermal-engine:s0 tcontext=u:r:kernel:s0 tclass=file permissive=0
03-10 15:09:33.453 21474 21474 W thermal-engine-: type=1400 audit(0.0:1092307): avc:  denied  { read } for  scontext=u:r:vendor_thermal-engine:s0 tcontext=u:r:kernel:s0 tclass=file permissive=0
03-10 15:09:33.427  5658  5907 I bluetooth: system/gd/hci/le_address_manager.cc:248 unregister_client: Cancelled address rotation alarm
03-10 15:09:33.427  2068  2068 D vendor.qti.bluetooth@1.0-ibs_handler: SerialClockVote: vote for UART CLK ON
03-10 15:09:33.427  3163  5305 D TouchHwAidlService: setGestureModeHal done mode=33 newMode=32 result=0
03-10 15:09:33.427  3163  5305 D TouchHwAidlService: enableTapWake mode=33 displayId=1 mGestureStowMode=true
03-10 15:09:33.427  2106  2106 I motorola.hardware.display.touch-service: Setting CLI Gesture to 33
03-10 15:09:33.427  2068  2068 D vendor.qti.bluetooth@1.0-wake_lock: Acquire wakelock is acquired 
03-10 15:09:33.427  2068  2068 I vendor.qti.bluetooth@1.0-ibs_handler: DeviceWakeUp: Writing IBS_WAKE_IND
03-10 15:09:33.428  2068  6060 I vendor.qti.bluetooth@1.0-ibs_handler: ProcessIbsCmd: Received IBS_WAKE_ACK: 0xFC
03-10 15:09:33.428  2068  6060 I vendor.qti.bluetooth@1.0-ibs_handler: ProcessIbsCmd: Signal wack_cond_
03-10 15:09:33.428  2068  2068 D vendor.qti.bluetooth@1.0-ibs_handler: DeviceWakeUp: Unblocked from waiting for FC, pthread_cond_timedwait ret = 0
03-10 15:09:33.428  3163  5305 D TouchHwAidlService: setCliGestureModeHal done mode=33 newMode=33 result=0
03-10 15:09:33.428  3163  5305 D TouchHwAidlService: enableTapWake mode=49 displayId=-1 mGestureStowMode=true
03-10 15:09:33.428  3163  5305 D TouchHwAidlService: transfer mode=49 transMode=48 cli=false
03-10 15:09:33.428  2106  2106 I motorola.hardware.display.touch-service: Setting Gesture to 48
03-10 15:09:33.429  3163  5305 D TouchHwAidlService: setGestureModeHal done mode=49 newMode=48 result=0
03-10 15:09:33.429  2106  2106 I motorola.hardware.display.touch-service: Setting CLI Gesture to 49
03-10 15:09:33.429  2068  6060 I vendor.qti.bluetooth@1.0-ibs_handler: ProcessIbsCmd: Received IBS_WAKE_IND: 0xFD
03-10 15:09:33.429  2068  6060 I vendor.qti.bluetooth@1.0-ibs_handler: ProcessIbsCmd: Writing IBS_WAKE_ACK
03-10 15:09:33.429  3163  5305 D TouchHwAidlService: setCliGestureModeHal done mode=49 newMode=49 result=0
03-10 15:09:33.429  5993  8761 I NearbyDiscovery: (REDACTED) ApFastPairScanner: isScreenOn=%s, isLocationEnabled=%s, disableLocationRequirement=%s, isDiscoveryScanningEnabled=%s, during24GhzWifiWarmingUpPeriod=%s
03-10 15:09:33.430  3163  5305 W ServiceManagerCppClient: Failed to get isDeclared for com.motorola.hardware.display.panel.IDisplayPanel/default: Status(-1, EX_SECURITY): 'SELinux denied.'
03-10 15:09:33.430  3163  5305 D DisplayPanelService: Setting panel dc mode: 0
03-10 15:09:33.430  2090  2090 I DisplayPanel: setDcMode: DC mode = OFF
03-10 15:09:33.430  2090  2090 D DisplayPanel: setParam: Success set DC to 0 for Primary display
03-10 15:09:33.430  3163  5305 D LocalDisplayAdapter: setDisplayPowerMode mode=0 for display=android.os.BinderProxy@d90d011
03-10 15:09:33.431  2300  2300 D SurfaceFlinger: Setting power mode 0 on display 4630947043778501762
03-10 15:09:33.431  5993  8761 D BluetoothAdapter: isLeEnabled(): ON
03-10 15:09:33.432  5993  8761 I NearbyDiscovery: (REDACTED) ApFastPairScanner: eventType=%s, intReq=%s, scanning=%s, scanAllowed=%s, bleEnabled=%s, lockScanRate=%s, startScanningByLowPowerMode=%s
03-10 15:09:33.433  5993  8761 I NearbyDiscovery: (REDACTED) ApFastPairScanner: Stopping scan, %s
03-10 15:09:33.433  5993  8761 D BluetoothAdapter: isLeEnabled(): ON
03-10 15:09:33.433  5658  6105 W BtGatt.JNI: android/app/jni/com_android_bluetooth_gatt.cpp:1597 gattSetScanParametersNative: gattSetScanParametersNative
03-10 15:09:33.433  5658  6105 I bt_shim_scanner: system/main/shim/le_scanning_manager.cc:363 SetScanParameters: in shim layer, scannerId=1
03-10 15:09:33.433  5658  6105 I bt_shim_scanner: system/main/shim/le_scanning_manager.cc:185 Scan: in shim layer started
03-10 15:09:33.433  5658  5907 I bluetooth: system/gd/hci/le_scanning_manager.cc:690 stop_scan: Scanning already stopped, return!
03-10 15:09:33.434  5658  5907 I bluetooth: system/gd/hci/le_address_manager.cc:226 register_client: Scheduled address rotation for first client registered
03-10 15:09:33.434  5658  5907 I bluetooth: system/gd/hci/le_address_manager.cc:229 register_client: Client registered
03-10 15:09:33.438 21474 21474 E ThermalEngine: tmd_add_cpufreq_dev_data: Invalid or no boost freqs
03-10 15:09:33.438  2061  2108 E minksocket: MinkIPC_QRTR_Service: client with node 1 port 780f went down
03-10 15:09:33.438  2061  2108 E minksocket: MinkIPC_QRTR_Service: client with node 1 port 7810 went down
03-10 15:09:33.438  2061  2108 E minksocket: MinkIPC_QRTR_Service: client with node 1 port 7811 went down
03-10 15:09:33.438  2061  2108 E minksocket: MinkIPC_QRTR_Service: client with node 1 port 7812 went down
03-10 15:09:33.438  2061  2108 E minksocket: MinkIPC_QRTR_Service: client with node 1 port 7813 went down
03-10 15:09:33.438  2061  2108 E minksocket: MinkIPC_QRTR_Service: client with node 1 port 7814 went down
03-10 15:09:33.438  2061  2108 E minksocket: MinkIPC_QRTR_Service: client with node 1 port 7815 went down
03-10 15:09:33.438  2061  2108 E minksocket: MinkIPC_QRTR_Service: client with node 1 port 7816 went down
03-10 15:09:33.441 21474 21477 E ThermalEngine: verify_tmd_device: Device:cpuv_restriction_cold available. max:1
03-10 15:09:33.441 21474 21477 E ThermalEngine: verify_tmd_device: Device:modem_lte_dsc available. max:255
03-10 15:09:33.443  5658  6105 I bt_shim_scanner: system/main/shim/le_scanning_manager.cc:185 Scan: in shim layer stopped
03-10 15:09:33.443  5658  5907 I bluetooth: system/gd/hci/le_address_manager.cc:244 unregister_client: Client unregistered
03-10 15:09:33.443  5658  5907 I bluetooth: system/gd/hci/le_address_manager.cc:248 unregister_client: Cancelled address rotation alarm
