--------- beginning of main
03-10 11:57:08.037 28615 28646 I appium  : channel read: GET /session/5b77fa49-76dd-4841-ac7f-3fcc8d978b47/source
03-10 11:57:08.039 28615 28646 I appium  : Source command
03-10 11:57:08.040 28615 28646 I appium  : Waiting up to 10000ms for the device to idle
03-10 11:57:08.056  3706  3714 I android.hardware.thermal@2.0-service.qti-v2: Sensor Name:skin1 temp: 32.479. prev severity:3. cur severity:0 New severity:0
03-10 11:57:08.229 28615 28646 I appium  : AppiumResponse: {"sessionId":"5b77fa49-76dd-4841-ac7f-3fcc8d978b47","value":"<?xml version='1.0' encoding='UTF-8' standalone='yes' ?>\r\n<hierarchy index=\"0\" class=\"hierarchy\" rotation=\"0\" width=\"1080\" height=\"2640\">\r\n  <android.widget.FrameLayout index=\"0\" package=\"com.duckduckgo.mobile.android\" cl…
03-10 11:57:08.243 28615 28646 I appium  : channel read: GET /session/5b77fa49-76dd-4841-ac7f-3fcc8d978b47/screenshot
03-10 11:57:08.244 28615 28646 I appium  : CaptureScreenshot command
03-10 11:57:08.246 28615 28646 W tomator2.server: Accessing hidden method Landroid/view/Display;->getAddress()Landroid/view/DisplayAddress; (blocked, reflection, allowed)
03-10 11:57:08.246 28615 28646 W tomator2.server: Accessing hidden method Landroid/view/DisplayAddress$Physical;->getPhysicalDisplayId()J (blocked, reflection, allowed)
03-10 11:57:08.396 29387 29387 W BpBinder: Linking to death on android.gui.ISurfaceComposer but there are no threads (yet?) listening to incoming transactions. See ProcessState::startThreadPool and ProcessState::setThreadPoolMaxThreadCount. Generally you should setup the binder threadpool before other initialization steps.
03-10 11:57:08.397 29387 29387 W ProcessState: Extra binder thread started, but 0 threads requested. Do not use *startThreadPool when zero threads are requested.
03-10 11:57:08.619  2300  2597 I Scheduler: applyPolicy: UpdateRefreshRate 90 to 24 of group 3: [touch=0:0 touchBoost=0 scroll=0:0 idle=1:1] for display 4630947043778501762
03-10 11:57:08.619  2300  2597 D DisplayModeController: setDesiredMode 4630947043778501762 {mode={fps=24.00 Hz, modePtr={id=7, vsyncRate=24.00 Hz, peakRefreshRate=24.00 Hz}}, emitEvent=false, force=false}
03-10 11:57:08.625  2300  2436 D VSyncReactor: 4630947043778501762: confirming period 11->41(cnt1)
03-10 11:57:08.631  2300  2300 I SurfaceFlinger: initiateDisplayModeChanges changing active mode from 4(90.00 Hz:5) to 7(24.00 Hz:3) for display 4630947043778501762
03-10 11:57:08.631  2300  2300 I SurfaceFlinger: initiateDisplayModeChanges active mode changed to 7(24.00 Hz) for display 4630947043778501762. mBrightnessDimingCnt=0
03-10 11:57:08.632  2195  2392 W SDM     : HWDeviceDRM::GetSupportedBitClkRate: Requested rate not supported: 0
03-10 11:57:08.632  2195  2392 I SDM     : HWDeviceDRM::UpdateMixerAttributes: Mixer WxH 1080x2640-0 for Peripheral
03-10 11:57:08.633  2195  2392 I SDM     : HWCDisplay::SubmitDisplayConfig: Active configuration changed from config 4 to 7
03-10 11:57:08.640  2300  2300 I SurfaceFlinger: initiateDisplayModeChanges changing active mode from 7(24.00 Hz:3) to 7(24.00 Hz:3) for display 4630947043778501762
03-10 11:57:08.656  2300  2436 D VSyncReactor: 4630947043778501762: period 41 confirmed(cnt2)
03-10 11:57:08.675  2300 27429 I Scheduler: applyPolicy: UpdateRefreshRate 24 to 90 of group 5: [touch=0:0 touchBoost=0 scroll=0:0 idle=0:0] for display 4630947043778501762
03-10 11:57:08.676  2300 27429 D DisplayModeController: setDesiredMode 4630947043778501762 {mode={fps=90.00 Hz, modePtr={id=4, vsyncRate=90.00 Hz, peakRefreshRate=90.00 Hz}}, emitEvent=true, force=false}
03-10 11:57:08.715  2300  2436 D VSyncReactor: 4630947043778501762: confirming period 41->11(cnt1)
03-10 11:57:08.798  2300  2300 I SurfaceFlinger: initiateDisplayModeChanges changing active mode from 7(24.00 Hz:3) to 4(90.00 Hz:5) for display 4630947043778501762
03-10 11:57:08.799  2300  2300 I SurfaceFlinger: initiateDisplayModeChanges active mode changed to 4(90.00 Hz) for display 4630947043778501762. mBrightnessDimingCnt=0
03-10 11:57:08.800  2195  2392 W SDM     : HWDeviceDRM::GetSupportedBitClkRate: Requested rate not supported: 0
03-10 11:57:08.800  2195  2392 I SDM     : HWDeviceDRM::UpdateMixerAttributes: Mixer WxH 1080x2640-0 for Peripheral
03-10 11:57:08.801  2195  2392 I SDM     : HWCDisplay::SubmitDisplayConfig: Active configuration changed from config 7 to 4
03-10 11:57:08.839  2300  2300 I SurfaceFlinger: initiateDisplayModeChanges changing active mode from 4(90.00 Hz:5) to 4(90.00 Hz:5) for display 4630947043778501762
03-10 11:57:08.845  2300  2436 D VSyncReactor: 4630947043778501762: period 11 confirmed(cnt5)
03-10 11:57:08.927  2300 27429 I Scheduler: applyPolicy: UpdateRefreshRate 90 to 24 of group 3: [touch=0:0 touchBoost=0 scroll=0:0 idle=1:1] for display 4630947043778501762
03-10 11:57:08.927  2300 27429 D DisplayModeController: setDesiredMode 4630947043778501762 {mode={fps=24.00 Hz, modePtr={id=7, vsyncRate=24.00 Hz, peakRefreshRate=24.00 Hz}}, emitEvent=false, force=false}
03-10 11:57:08.933  2300  2300 I SurfaceFlinger: initiateDisplayModeChanges changing active mode from 4(90.00 Hz:5) to 7(24.00 Hz:3) for display 4630947043778501762
03-10 11:57:08.934  2300  2300 I SurfaceFlinger: initiateDisplayModeChanges active mode changed to 7(24.00 Hz) for display 4630947043778501762. mBrightnessDimingCnt=0
03-10 11:57:08.934  2300  2436 D VSyncReactor: 4630947043778501762: confirming period 11->41(cnt1)
03-10 11:57:08.935  2195  2392 W SDM     : HWDeviceDRM::GetSupportedBitClkRate: Requested rate not supported: 0
03-10 11:57:08.935  2195  2392 I SDM     : HWDeviceDRM::UpdateMixerAttributes: Mixer WxH 1080x2640-0 for Peripheral
03-10 11:57:08.935  2195  2392 I SDM     : HWCDisplay::SubmitDisplayConfig: Active configuration changed from config 4 to 7
03-10 11:57:08.940  2300  2300 I SurfaceFlinger: initiateDisplayModeChanges changing active mode from 7(24.00 Hz:3) to 7(24.00 Hz:3) for display 4630947043778501762
03-10 11:57:08.945  2300  2436 D VSyncReactor: 4630947043778501762: period 41 confirmed(cnt1)
03-10 11:57:08.967  5643 13675 D ApfFilter: (wlan0): Adding RA fe80::c294:35ff:fe71:84fd -> ff02::1 180s 2601:85:ca02:f280::/64 7200s/7200s DNS 180s 2601:85:ca02:f280:c294:35ff:fe71:84fd 2001:558:feed::1 2001:558:feed::2 RIO 180s ::/0 
03-10 11:57:08.977 28615 28646 I appium  : AppiumResponse: {"sessionId":"5b77fa49-76dd-4841-ac7f-3fcc8d978b47","value":"iVBORw0KGgoAAAANSUhEUgAABDgAAApQCAYAAABYiJrlAAAAAXNSR0IArs4c6QAAAARzQklUCAgICHwIZIgAACAASURBVHic7N13WBTnwjbwe3dpAktHQIooYoEAGhUVu8RYosYWFTX2gNEUTY7GqDHGQ47xxOTkeDSm2CXGEiOK3VgjqNgwiWAsNFGRIlXKwu58f/AxLyuggLAF718urjC7M/M8w44wc89TJG3bthVARER…
03-10 11:57:09.137  2300  2300 D SurfaceFlinger: setDesiredDisplayModeSpecs[{0, false, PR={p[24.00-120.00]Hz, r[24.00-60.00]Hz}, AR={p[0.00-120.00]Hz, r[0.00-120.00]Hz}}]: by process 3163 uid 1000 for display 4630947043778501762
03-10 11:57:09.138  2300  2300 D RefreshRateSelector: constructAvailableRefreshRates: {defaultModeId=0, allowGroupSwitching=false, primaryRanges={physical=[24.00 Hz, 120.00 Hz], render=[24.00 Hz, 60.00 Hz]}, appRequestRanges={physical=[0.00 Hz, 120.00 Hz], render=[0.00 Hz, 120.00 Hz]} idleScreenConfig=nullptr} 
03-10 11:57:09.138  2300  2300 D RefreshRateSelector: primary render rates: {fps=24.00 Hz, modePtr={id=7, vsyncRate=24.00 Hz, peakRefreshRate=24.00 Hz}} {fps=30.00 Hz, modePtr={id=5, vsyncRate=60.00 Hz, peakRefreshRate=60.00 Hz}} {fps=30.00 Hz, modePtr={id=4, vsyncRate=90.00 Hz, peakRefreshRate=90.00 Hz}} {fps=30.00 Hz, modePtr={id=6, vsyncRate=30.00 Hz, peakRefreshRate=30.00 Hz}} {fps=40.00 Hz, modePtr={id=0, vsyncRate=120.00 Hz, peakRefreshRate=120.00 Hz}} {fps=45.00 Hz, modePtr={id=4, vsyncRate=90.00 Hz, peakRefreshRate=90.00 Hz}} {fps=60.00 Hz, modePtr={id=5, vsyncRate=60.00 Hz, peakRefreshRate=60.00 Hz}} , isVrrDevice? 0
03-10 11:57:09.138  2300  2300 D RefreshRateSelector: app request render rates: {fps=24.00 Hz, modePtr={id=7, vsyncRate=24.00 Hz, peakRefreshRate=24.00 Hz}} {fps=30.00 Hz, modePtr={id=5, vsyncRate=60.00 Hz, peakRefreshRate=60.00 Hz}} {fps=30.00 Hz, modePtr={id=4, vsyncRate=90.00 Hz, peakRefreshRate=90.00 Hz}} {fps=30.00 Hz, modePtr={id=6, vsyncRate=30.00 Hz, peakRefreshRate=30.00 Hz}} {fps=40.00 Hz, modePtr={id=0, vsyncRate=120.00 Hz, peakRefreshRate=120.00 Hz}} {fps=45.00 Hz, modePtr={id=4, vsyncRate=90.00 Hz, peakRefreshRate=90.00 Hz}} {fps=60.00 Hz, modePtr={id=5, vsyncRate=60.00 Hz, peakRefreshRate=60.00 Hz}} {fps=90.00 Hz, modePtr={id=4, vsyncRate=90.00 Hz, peakRefreshRate=90.00 Hz}} {fps=120.00 Hz, modePtr={id=0, vsyncRate=120.00 Hz, peakRefreshRate=120.00 Hz}} , isVrrDevice? 0
03-10 11:57:09.138  2300  2300 I RefreshRateSelector: constructAvailableRefreshRates: Found m60HzRefreshRateModeOpt at index 5
03-10 11:57:09.138  2300  2300 I RefreshRateSelector: constructAvailableRefreshRates: Found m90HzRefreshRateModeOpt at index 4
03-10 11:57:09.138  2300  2300 I RefreshRateSelector: constructAvailableRefreshRates: Found m90HzRefreshRateModeOpt at index 4
03-10 11:57:09.138  2300  2300 I RefreshRateSelector: constructAvailableRefreshRates: Found m60HzRefreshRateModeOpt at index 5
03-10 11:57:09.138  2300  2300 D RefreshRateSelector: Special render rates: [{fps=120.00 Hz, modePtr={id=0, vsyncRate=120.00 Hz, peakRefreshRate=120.00 Hz}} (1Hz)] [{fps=120.00 Hz, modePtr={id=1, vsyncRate=120.00 Hz, peakRefreshRate=120.00 Hz}} (10Hz)] 
03-10 11:57:09.138  2300  2300 D RefreshRateSelector: [90:120:0]: mTouchBoostRefreshRateAvailable=0, mScrollBoostRefreshRateAvailable=0, mTouchOnBlankNotBoostRefreshRateAvailable=0
03-10 11:57:09.138  2300  2300 I RefreshRateSelector: Display 4630947043778501762 policy changed
03-10 11:57:09.138  2300  2300 I RefreshRateSelector: Previous: {defaultModeId=0, allowGroupSwitching=false, primaryRanges={physical=[24.00 Hz, 120.00 Hz], render=[24.00 Hz, 90.00 Hz]}, appRequestRanges={physical=[0.00 Hz, 120.00 Hz], render=[0.00 Hz, 120.00 Hz]} idleScreenConfig=nullptr}
03-10 11:57:09.138  2300  2300 I RefreshRateSelector: Current:  DisplayManagerPolicy{defaultModeId=0, allowGroupSwitching=false, primaryRanges={physical=[24.00 Hz, 120.00 Hz], render=[24.00 Hz, 60.00 Hz]}, appRequestRanges={physical=[0.00 Hz, 120.00 Hz], render=[0.00 Hz, 120.00 Hz]} idleScreenConfig=nullptr}
03-10 11:57:09.138  2300  2300 I RefreshRateSelector: 4 mode changes were performed under the previous policy
03-10 11:57:09.138  2300  2300 D SurfaceFlinger: Setting desired display mode specs: {0, false, PR={p[24.00-120.00]Hz, r[24.00-60.00]Hz}, AR={p[0.00-120.00]Hz, r[0.00-120.00]Hz}} for display 4630947043778501762
03-10 11:57:09.139  2300  2300 I SurfaceFlinger: Switching to Scheduler preferred mode 7 (24.00 Hz) for display 4630947043778501762
03-10 11:57:09.139  2300  2300 D DisplayModeController: setDesiredMode 4630947043778501762 {mode={fps=24.00 Hz, modePtr={id=7, vsyncRate=24.00 Hz, peakRefreshRate=24.00 Hz}}, emitEvent=true, force=false}
03-10 11:57:09.139  2300  2300 I SurfaceFlinger: setDesiredModeSpecsByBrightnessZone Prim done to {0, false, PR={p[24.00-120.00]Hz, r[24.00-60.00]Hz}, AR={p[0.00-120.00]Hz, r[0.00-120.00]Hz}} from {0, false, PR={p[24.00-120.00]Hz, r[24.00-90.00]Hz}, AR={p[0.00-120.00]Hz, r[0.00-120.00]Hz}}, NitUpperLimit=2147483647 inZone=0 due to [0.376169-84.442886]
03-10 11:57:09.139  2300  2300 D SurfaceFlinger: setDesiredDisplayModeSpecs[{0, false, PR={p[24.00-120.00]Hz, r[24.00-60.00]Hz}, AR={p[0.00-120.00]Hz, r[0.00-120.00]Hz}}]: by process 3163 uid 1000 for display 4630947043778501763
--------- beginning of system
03-10 11:57:09.142  3163  3231 I DisplayDeviceRepository: Display device changed render timings: "Built-in Screen", renderFrameRate=24.000002, presentationDeadlineNanos=41666666, appVsyncOffsetNanos=1000000
03-10 11:57:09.147  3163  3352 D BrightnessThermalClamper: Thermal status observer already started
03-10 11:57:09.148  2067  8157 D AHAL: AudioDevice: SetParameters: 1564: enter: screen_state=on
03-10 11:57:09.148  2067  8157 D AHAL: AudioVoice: VoiceSetParameters: 87: Enter params: screen_state=on
03-10 11:57:09.148  2067  8157 D AHAL: AudioVoice: VoiceSetParameters: 360: Exit ret: 0
03-10 11:57:09.148  2067  8157 D AHAL: FM: fm_set_parameters: 262: Enter
03-10 11:57:09.148  2067  8157 D AHAL: FM: fm_set_parameters: 320: exit
03-10 11:57:09.149  2067  8157 D AHAL: AudioDevice: SetParameters: 1625:  - screen = on
03-10 11:57:09.149  2067  8157 I PAL: ResourceManager: setParameter: 8311: Screen State:1
03-10 11:57:09.149  2067  8157 D AHAL: AudioDevice: SetParameters: 2361: exit: screen_state=on
03-10 11:57:09.153  3163  3229 D CLI/Transition: displaygroup 0, state ON, pendingdisplaygroup -1
03-10 11:57:09.153  3163  3231 D DisplayManagerService: Ignore redundant display event 0/2 to 10566/22445
03-10 11:57:09.154  3163  3231 D DisplayManagerService: Ignore redundant display event 0/2 to 10509/23977
03-10 11:57:09.154  3163  3231 D DisplayManagerService: Ignore redundant display event 0/2 to 10416/28264
03-10 11:57:09.154  7545  7545 I FileStationLog: [ FS_h$a ] - [Display] Changed display: 0
03-10 11:57:09.154  3163  3231 D DisplayManagerService: Ignore redundant display event 0/2 to 10646/28667
03-10 11:57:09.154  7545  7545 I FileStationLog: [ FS_h ] - [Logic] Retrieved display info: LogicDisplayInfo(width=1080, height=2640, orientation=1, rotation=0, displayId=0)
03-10 11:57:09.154  7545  7545 I FileStationLog: [ FS_h$a ] - [Display] New logical size: 1080x2640
03-10 11:57:09.154  7545  7545 I FileStationLog: [ FS_h$a ] - [Display] Screen width unchanged: 1080
03-10 11:57:09.155 26976 27604 D MCLOG   : [BrightnessTrigger] onDisplayChanged displayId = 0
03-10 11:57:09.163 26976 27604 D MCLOG   : [BrightnessManager] displayId = 0 brightness = 0.35918286 nit = 84.442894 level = br1
03-10 11:57:09.193  2300  2300 I Scheduler: applyPolicy: UpdateRefreshRate 24 to 60 of group 3: [touch=0:0 touchBoost=0 scroll=0:0 idle=0:0] for display 4630947043778501762
03-10 11:57:09.194  2300  2300 D DisplayModeController: setDesiredMode 4630947043778501762 {mode={fps=60.00 Hz, modePtr={id=5, vsyncRate=60.00 Hz, peakRefreshRate=60.00 Hz}}, emitEvent=true, force=false}
03-10 11:57:09.194  2300  2300 I SurfaceFlinger: initiateDisplayModeChanges changing active mode from 7(24.00 Hz:3) to 5(60.00 Hz:3) for display 4630947043778501762
03-10 11:57:09.195  2300  2300 I SurfaceFlinger: initiateDisplayModeChanges active mode changed to 5(60.00 Hz) for display 4630947043778501762. mBrightnessDimingCnt=0
03-10 11:57:09.232  2300  2436 D VSyncReactor: 4630947043778501762: confirming period 41->16(cnt1)
03-10 11:57:09.233  2300  2436 W HWComposer: Ignoring duplicate VSYNC event from HWC for display 4630947043778501762 (t=52476419389000)
03-10 11:57:09.261  2300  2300 I Scheduler: applyPolicy: UpdateRefreshRate 60 to 24 of group 3: [touch=0:0 touchBoost=0 scroll=0:0 idle=0:0] for display 4630947043778501762
03-10 11:57:09.261  2300  2300 D DisplayModeController: setDesiredMode 4630947043778501762 {mode={fps=24.00 Hz, modePtr={id=7, vsyncRate=24.00 Hz, peakRefreshRate=24.00 Hz}}, emitEvent=true, force=false}
03-10 11:57:09.261  2300  2300 I SurfaceFlinger: initiateDisplayModeChanges changing active mode from 5(60.00 Hz:3) to 7(24.00 Hz:3) for display 4630947043778501762
03-10 11:57:09.262  3163  3231 I DisplayDeviceRepository: Display device changed render timings: "Built-in Screen", renderFrameRate=60.000004, presentationDeadlineNanos=16666666, appVsyncOffsetNanos=1000000
03-10 11:57:09.262  2300  2300 I SurfaceFlinger: initiateDisplayModeChanges active mode changed to 7(24.00 Hz) for display 4630947043778501762. mBrightnessDimingCnt=0
03-10 11:57:09.263  2195  2392 I SDM     : HWCDisplay::SubmitDisplayConfig: Active configuration changed from config 7 to 7
03-10 11:57:09.269  3163  3229 D CLI/Transition: displaygroup 0, state ON, pendingdisplaygroup -1
03-10 11:57:09.269  2067  8157 D AHAL: AudioDevice: SetParameters: 1564: enter: screen_state=on
03-10 11:57:09.269  2067  8157 D AHAL: AudioVoice: VoiceSetParameters: 87: Enter params: screen_state=on
03-10 11:57:09.269  2067  8157 D AHAL: AudioVoice: VoiceSetParameters: 360: Exit ret: 0
03-10 11:57:09.269  2067  8157 D AHAL: FM: fm_set_parameters: 262: Enter
03-10 11:57:09.269  2067  8157 D AHAL: FM: fm_set_parameters: 320: exit
03-10 11:57:09.269  2067  8157 D AHAL: AudioDevice: SetParameters: 1625:  - screen = on
03-10 11:57:09.269  2067  8157 I PAL: ResourceManager: setParameter: 8311: Screen State:1
03-10 11:57:09.269  2067  8157 D AHAL: AudioDevice: SetParameters: 2361: exit: screen_state=on
03-10 11:57:09.270  3163  3352 D BrightnessThermalClamper: Thermal status observer already started
03-10 11:57:09.272  3163  3231 D DisplayManagerService: Ignore redundant display event 0/2 to 10566/22445
03-10 11:57:09.272  3163  3231 D DisplayManagerService: Ignore redundant display event 0/2 to 10509/23977
03-10 11:57:09.272  3163  3231 D DisplayManagerService: Ignore redundant display event 0/2 to 10416/28264
03-10 11:57:09.272  3163  3231 D DisplayManagerService: Ignore redundant display event 0/2 to 10646/28667
03-10 11:57:09.274 26976 27604 D MCLOG   : [BrightnessTrigger] onDisplayChanged displayId = 0
03-10 11:57:09.277 26976 27604 D MCLOG   : [BrightnessManager] displayId = 0 brightness = 0.35918286 nit = 84.442894 level = br1
03-10 11:57:09.279  2300  2436 W HWComposer: Ignoring duplicate VSYNC event from HWC for display 4630947043778501762 (t=52476461139000)
03-10 11:57:09.285  7545  7545 I FileStationLog: [ FS_h$a ] - [Display] Changed display: 0
03-10 11:57:09.285  7545  7545 I FileStationLog: [ FS_h ] - [Logic] Retrieved display info: LogicDisplayInfo(width=1080, height=2640, orientation=1, rotation=0, displayId=0)
03-10 11:57:09.285  7545  7545 I FileStationLog: [ FS_h$a ] - [Display] New logical size: 1080x2640
03-10 11:57:09.285  7545  7545 I FileStationLog: [ FS_h$a ] - [Display] Screen width unchanged: 1080
03-10 11:57:09.301  3163  3231 I DisplayDeviceRepository: Display device changed render timings: "Built-in Screen", renderFrameRate=24.000002, presentationDeadlineNanos=41666666, appVsyncOffsetNanos=1000000
03-10 11:57:09.302  2300  2300 I SurfaceFlinger: initiateDisplayModeChanges changing active mode from 7(24.00 Hz:3) to 7(24.00 Hz:3) for display 4630947043778501762
03-10 11:57:09.308  3163  3352 D BrightnessThermalClamper: Thermal status observer already started
03-10 11:57:09.309  3163  3229 D CLI/Transition: displaygroup 0, state ON, pendingdisplaygroup -1
03-10 11:57:09.311  3163  3231 D DisplayManagerService: Ignore redundant display event 0/2 to 10566/22445
03-10 11:57:09.311  3163  3231 D DisplayManagerService: Ignore redundant display event 0/2 to 10509/23977
03-10 11:57:09.311  3163  3231 D DisplayManagerService: Ignore redundant display event 0/2 to 10416/28264
03-10 11:57:09.312  3163  3231 D DisplayManagerService: Ignore redundant display event 0/2 to 10646/28667
03-10 11:57:09.312  2067  8157 D AHAL: AudioDevice: SetParameters: 1564: enter: screen_state=on
03-10 11:57:09.312  2067  8157 D AHAL: AudioVoice: VoiceSetParameters: 87: Enter params: screen_state=on
03-10 11:57:09.312  2067  8157 D AHAL: AudioVoice: VoiceSetParameters: 360: Exit ret: 0
03-10 11:57:09.312  2067  8157 D AHAL: FM: fm_set_parameters: 262: Enter
03-10 11:57:09.312  2067  8157 D AHAL: FM: fm_set_parameters: 320: exit
03-10 11:57:09.312  2067  8157 D AHAL: AudioDevice: SetParameters: 1625:  - screen = on
03-10 11:57:09.312  2067  8157 I PAL: ResourceManager: setParameter: 8311: Screen State:1
03-10 11:57:09.312  2067  8157 D AHAL: AudioDevice: SetParameters: 2361: exit: screen_state=on
03-10 11:57:09.313 26976 27604 D MCLOG   : [BrightnessTrigger] onDisplayChanged displayId = 0
03-10 11:57:09.318  7545  7545 I FileStationLog: [ FS_h$a ] - [Display] Changed display: 0
03-10 11:57:09.319  7545  7545 I FileStationLog: [ FS_h ] - [Logic] Retrieved display info: LogicDisplayInfo(width=1080, height=2640, orientation=1, rotation=0, displayId=0)
03-10 11:57:09.320  7545  7545 I FileStationLog: [ FS_h$a ] - [Display] New logical size: 1080x2640
03-10 11:57:09.320  7545  7545 I FileStationLog: [ FS_h$a ] - [Display] Screen width unchanged: 1080
03-10 11:57:09.323 26976 27604 D MCLOG   : [BrightnessManager] displayId = 0 brightness = 0.35918286 nit = 84.442894 level = br1
03-10 11:57:09.430  3163  5158 D WifiStaIfaceHidlImpl: getCachedScanData is not implemented by HIDL
03-10 11:57:11.650 21171 21596 E msys    : E[N mns]_OnDiskCacheGetData(632)=>Start post callback cache refresh DNS resolution
03-10 11:57:11.668 21171 21596 E msys    : E[N mns]_LogError(228)=>Failed to resolve using system DNS resolver, getaddrinfo(): No address associated with hostname
03-10 11:57:11.669 21171 21596 E msys    : E[N mns]_OnDiskCacheGetData(632)=>Start post callback cache refresh DNS resolution
03-10 11:57:11.672 21171 21596 E msys    : E[N mns]_LogError(228)=>Failed to resolve using system DNS resolver, getaddrinfo(): No address associated with hostname
03-10 11:57:12.457  3163  5158 D WifiStaIfaceHidlImpl: getCachedScanData is not implemented by HIDL
03-10 11:57:12.467  2064  4171 D slpi    : tmd2712: Als lux: 6.00, ch0: 249, ch1: 134, scale: 1.08, atime:50.04, again:1024
03-10 11:57:12.518  2064  4171 D slpi    : tmd2712: Als lux: 20.50, ch0: 927, ch1: 542, scale: 1.08, atime:50.04, again:1024
03-10 11:57:12.618  2064  4171 D slpi    : tmd2712: Als lux: 17.00, ch0: 794, ch1: 477, scale: 1.08, atime:50.04, again:1024
03-10 11:57:12.660  2064  4171 D slpi-TCS3720: ALS_REPORT lux 106.934937, ch0 58.668407-33.061043-20.297779-11.713216, scale 1.1878, fps 90, client 1
03-10 11:57:12.660  2064  4171 D slpi-TCS3720: PRX_OC info Far, Total 0, pdata 0, offset 0 step 0.63, ore 0:0 step 21.00, TH_H 1020, TH_L 0, client 0
03-10 11:57:12.661  2163  2163 D motorola.hardware.sensorext-service: handle id:13 wxh:1088x2640 uwxuh:1080x2640 size: 11489280 fd:11 fd_meta:12 flags:0x4000228 usage:0x33  format:0x1 layer_count: 1 reserved_size = 0
03-10 11:57:12.663  2195  2392 I SDM     : HWCSession::SetCWBOutputBuffer: CWB config passed by cwb_client : tappoint 1  CWB_ROI : (210.000000 26.000000 274.000000 90.000000) for display [1 0 0]
03-10 11:57:12.666  2195 29414 I SDM     : HWCDisplay::SetReadbackBuffer: CWB config from client: tap_point 1, CWB ROI Rect(210.000000 26.000000 274.000000 90.000000), PU_as_CWB_ROI 0, Cwb full rect : (0.000000 0.000000 1080.000000 2640.000000)
03-10 11:57:12.667  2195 29414 I SDM     : HWCDisplay::SetReadbackBuffer: Successfully configured the output buffer: readback_buffer_queued_ 1, readback_configured_ 0, cwb_client 3
03-10 11:57:12.667  2195 29414 I SDM     : HWCSession::ProcessRequests: Successfully configured CWB buffer.
03-10 11:57:12.667  2064  4171 D slpi    : tmd2712: Als lux: 14.70, ch0: 669, ch1: 394, scale: 1.08, atime:50.04, again:1024
03-10 11:57:12.707  2195 29414 I SDM     : HWCSession::ProcessRequests: Pushing release fence in fenece wait queue.
03-10 11:57:12.707  2195 29414 I SDM     : HWCSession::ProcessRequests: Creating AsyncFenceWaits async thread.
03-10 11:57:12.708  2195 29414 I SDM     : HWCSession::ProcessRequests: Remove current CWB request from the pending request queue.
03-10 11:57:12.708  2195 29414 I SDM     : HWCSession::ProcessRequests: No pending cwb requests found in the queue.
03-10 11:57:12.745  2195  2269 I SDM     : HWDeviceDRM::SetupConcurrentWriteback: Tear down the Concurrent Writeback topology
03-10 11:57:12.746  2195 29416 I SDM     : HWCSession::NotifyCWBStatus: Notify the client about buffer status 0.
03-10 11:57:12.747  2195 29416 I SDM     : HWCSession::PerformFenceWaits: Remove current release fence from the pending fence wait queue.
03-10 11:57:12.747  2195 29416 I SDM     : HWCSession::PerformFenceWaits: CWB fence queue is empty. No pending release fence to wait on.
03-10 11:57:12.760  2163  2163 D SENSOREXT_ALS_COMP: FrontLight: ReportLux 61.79 (106.93-45.15), pre 47.78, dbv 6162, dc 0, fps 90, chPanel 26.04-13.76-8.92-4.37, facCal:lux_s 1.19 cha_s 0.94-0.94-0.90-0.94, RunInfo: DPB 9908-36, TF 9908-0
03-10 11:57:12.817  2064  4171 D slpi    : tmd2712: Als lux: 12.40, ch0: 594, ch1: 363, scale: 1.08, atime:50.04, again:1024
03-10 11:57:12.835  2067  8157 D AHAL: AudioDevice: SetParameters: 1564: enter: mic_rotation=0
03-10 11:57:12.835  2067  8157 D AHAL: AudioVoice: VoiceSetParameters: 87: Enter params: mic_rotation=0
03-10 11:57:12.835  2067  8157 D AHAL: AudioVoice: VoiceSetParameters: 360: Exit ret: 0
03-10 11:57:12.835  2067  8157 D AHAL: FM: fm_set_parameters: 262: Enter
03-10 11:57:12.835  2067  8157 D AHAL: FM: fm_set_parameters: 320: exit
03-10 11:57:12.835  2067  8157 I AHAL: AudioDevice: SetParameters: 2223: mic_rotation: 0
03-10 11:57:12.835  2067  8157 D AHAL: AudioDevice: SetParameters: 2361: exit: mic_rotation=0
03-10 11:57:12.888 21171 21596 E msys    : E[N mns]_OnDiskCacheGetData(632)=>Start post callback cache refresh DNS resolution
03-10 11:57:12.908 21171 21596 E msys    : E[N mns]_LogError(228)=>Failed to resolve using system DNS resolver, getaddrinfo(): No address associated with hostname
03-10 11:57:13.057  3706  3714 I android.hardware.thermal@2.0-service.qti-v2: Sensor Name:skin1 temp: 32.223. prev severity:3. cur severity:0 New severity:0
03-10 11:57:13.090  2163  2163 D motorola.hardware.sensorext-service: handle id:13 wxh:1088x2640 uwxuh:1080x2640 size: 11489280 fd:11 fd_meta:12 flags:0x4000228 usage:0x33  format:0x1 layer_count: 1 reserved_size = 0
03-10 11:57:13.091  2064  4171 D slpi-TCS3720: ALS_REPORT lux 89.853409, ch0 47.543972-27.094940-17.094856-9.471529, scale 1.1878, fps 90, client 1
03-10 11:57:13.091  2064  4171 D slpi-TCS3720: PRX_OC info Far, Total 0, pdata 0, offset 0 step 0.63, ore 0:0 step 21.00, TH_H 1020, TH_L 0, client 0
03-10 11:57:13.091  2195  2392 I SDM     : HWCSession::SetCWBOutputBuffer: CWB config passed by cwb_client : tappoint 1  CWB_ROI : (210.000000 26.000000 274.000000 90.000000) for display [1 0 0]
03-10 11:57:13.093  2195 29419 I SDM     : HWCDisplay::SetReadbackBuffer: CWB config from client: tap_point 1, CWB ROI Rect(210.000000 26.000000 274.000000 90.000000), PU_as_CWB_ROI 0, Cwb full rect : (0.000000 0.000000 1080.000000 2640.000000)
03-10 11:57:13.093  2195 29419 I SDM     : HWCDisplay::SetReadbackBuffer: Successfully configured the output buffer: readback_buffer_queued_ 1, readback_configured_ 0, cwb_client 3
03-10 11:57:13.093  2195 29419 I SDM     : HWCSession::ProcessRequests: Successfully configured CWB buffer.
03-10 11:57:13.123  2195 29419 I SDM     : HWCSession::ProcessRequests: Pushing release fence in fenece wait queue.
03-10 11:57:13.123  2195 29419 I SDM     : HWCSession::ProcessRequests: Creating AsyncFenceWaits async thread.
03-10 11:57:13.124  2195 29419 I SDM     : HWCSession::ProcessRequests: Remove current CWB request from the pending request queue.
03-10 11:57:13.124  2195 29419 I SDM     : HWCSession::ProcessRequests: No pending cwb requests found in the queue.
03-10 11:57:13.163  2195 29443 I SDM     : HWCSession::NotifyCWBStatus: Notify the client about buffer status 0.
03-10 11:57:13.163  2195 29443 I SDM     : HWCSession::PerformFenceWaits: Remove current release fence from the pending fence wait queue.
03-10 11:57:13.163  2195 29443 I SDM     : HWCSession::PerformFenceWaits: CWB fence queue is empty. No pending release fence to wait on.
03-10 11:57:13.177  2163  2163 D SENSOREXT_ALS_COMP: FrontLight: ReportLux 44.70 (89.85-45.15), pre 61.79, dbv 6162, dc 0, fps 90, chPanel 26.04-13.76-8.92-4.37, facCal:lux_s 1.19 cha_s 0.94-0.94-0.90-0.94, RunInfo: DPB 9909-36, TF 9909-0
03-10 11:57:13.247  2195  2269 I SDM     : HWDeviceDRM::SetupConcurrentWriteback: Tear down the Concurrent Writeback topology
03-10 11:57:13.369  2163  2163 D motorola.hardware.sensorext-service: handle id:13 wxh:1088x2640 uwxuh:1080x2640 size: 11489280 fd:11 fd_meta:12 flags:0x4000228 usage:0x33  format:0x1 layer_count: 1 reserved_size = 0
03-10 11:57:13.370  2064  4171 D slpi-TCS3720: ALS_REPORT lux 105.899879, ch0 56.920746-31.985975-20.243767-11.707788, scale 1.1878, fps 90, client 1
03-10 11:57:13.370  2064  4171 D slpi-TCS3720: PRX_OC info Far, Total 0, pdata 0, offset 0 step 0.63, ore 0:0 step 21.00, TH_H 1020, TH_L 0, client 0
03-10 11:57:13.370  2195  2392 I SDM     : HWCSession::SetCWBOutputBuffer: CWB config passed by cwb_client : tappoint 1  CWB_ROI : (210.000000 26.000000 274.000000 90.000000) for display [1 0 0]
03-10 11:57:13.371  2195 29445 I SDM     : HWCDisplay::SetReadbackBuffer: CWB config from client: tap_point 1, CWB ROI Rect(210.000000 26.000000 274.000000 90.000000), PU_as_CWB_ROI 0, Cwb full rect : (0.000000 0.000000 1080.000000 2640.000000)
03-10 11:57:13.372  2195 29445 I SDM     : HWCDisplay::SetReadbackBuffer: Successfully configured the output buffer: readback_buffer_queued_ 1, readback_configured_ 0, cwb_client 3
03-10 11:57:13.372  2195 29445 I SDM     : HWCSession::ProcessRequests: Successfully configured CWB buffer.
03-10 11:57:13.415  2195 29445 I SDM     : HWCSession::ProcessRequests: Pushing release fence in fenece wait queue.
03-10 11:57:13.415  2195 29445 I SDM     : HWCSession::ProcessRequests: Creating AsyncFenceWaits async thread.
03-10 11:57:13.416  2195 29445 I SDM     : HWCSession::ProcessRequests: Remove current CWB request from the pending request queue.
03-10 11:57:13.416  2195 29445 I SDM     : HWCSession::ProcessRequests: No pending cwb requests found in the queue.
03-10 11:57:13.455  2195 29447 I SDM     : HWCSession::NotifyCWBStatus: Notify the client about buffer status 0.
03-10 11:57:13.455  2195 29447 I SDM     : HWCSession::PerformFenceWaits: Remove current release fence from the pending fence wait queue.
03-10 11:57:13.455  2195 29447 I SDM     : HWCSession::PerformFenceWaits: CWB fence queue is empty. No pending release fence to wait on.
03-10 11:57:13.467  2064  4171 D slpi    : tmd2712: Als lux: 10.00, ch0: 386, ch1: 195, scale: 1.08, atime:50.04, again:1024
03-10 11:57:13.475  2163  2163 D SENSOREXT_ALS_COMP: FrontLight: ReportLux 60.75 (105.90-45.15), pre 44.70, dbv 6162, dc 0, fps 90, chPanel 26.04-13.76-8.92-4.37, facCal:lux_s 1.19 cha_s 0.94-0.94-0.90-0.94, RunInfo: DPB 9910-36, TF 9910-0
03-10 11:57:13.647  2163  2163 D motorola.hardware.sensorext-service: handle id:13 wxh:1088x2640 uwxuh:1080x2640 size: 11489280 fd:11 fd_meta:12 flags:0x4000228 usage:0x33  format:0x1 layer_count: 1 reserved_size = 0
03-10 11:57:13.647  2064  4171 D slpi-TCS3720: ALS_REPORT lux 93.441414, ch0 49.302452-27.717630-17.856428-10.144578, scale 1.1878, fps 90, client 1
03-10 11:57:13.647  2064  4171 D slpi-TCS3720: PRX_OC info Far, Total 0, pdata 0, offset 0 step 0.63, ore 0:0 step 21.00, TH_H 1020, TH_L 0, client 0
03-10 11:57:13.648  2195  2392 I SDM     : HWCSession::SetCWBOutputBuffer: CWB config passed by cwb_client : tappoint 1  CWB_ROI : (210.000000 26.000000 274.000000 90.000000) for display [1 0 0]
03-10 11:57:13.650  2195 29448 I SDM     : HWCDisplay::SetReadbackBuffer: CWB config from client: tap_point 1, CWB ROI Rect(210.000000 26.000000 274.000000 90.000000), PU_as_CWB_ROI 0, Cwb full rect : (0.000000 0.000000 1080.000000 2640.000000)
03-10 11:57:13.650  2195 29448 I SDM     : HWCDisplay::SetReadbackBuffer: Successfully configured the output buffer: readback_buffer_queued_ 1, readback_configured_ 0, cwb_client 3
03-10 11:57:13.650  2195 29448 I SDM     : HWCSession::ProcessRequests: Successfully configured CWB buffer.
03-10 11:57:13.661  2195 29448 I SDM     : HWCSession::ProcessRequests: Pushing release fence in fenece wait queue.
03-10 11:57:13.661  2195 29448 I SDM     : HWCSession::ProcessRequests: Creating AsyncFenceWaits async thread.
03-10 11:57:13.661  2195 29448 I SDM     : HWCSession::ProcessRequests: Remove current CWB request from the pending request queue.
03-10 11:57:13.661  2195 29448 I SDM     : HWCSession::ProcessRequests: No pending cwb requests found in the queue.
03-10 11:57:13.705  2195 29455 I SDM     : HWCSession::NotifyCWBStatus: Notify the client about buffer status 0.
03-10 11:57:13.706  2195 29455 I SDM     : HWCSession::PerformFenceWaits: Remove current release fence from the pending fence wait queue.
03-10 11:57:13.706  2195 29455 I SDM     : HWCSession::PerformFenceWaits: CWB fence queue is empty. No pending release fence to wait on.
03-10 11:57:13.717  2064  4171 D slpi    : tmd2712: Als lux: 7.90, ch0: 308, ch1: 157, scale: 1.08, atime:50.04, again:1024
03-10 11:57:13.719  2163  2163 D SENSOREXT_ALS_COMP: FrontLight: ReportLux 48.29 (93.44-45.15), pre 60.75, dbv 6162, dc 0, fps 90, chPanel 26.04-13.76-8.92-4.37, facCal:lux_s 1.19 cha_s 0.94-0.94-0.90-0.94, RunInfo: DPB 9911-36, TF 9911-0
03-10 11:57:13.746  2195  2269 I SDM     : HWDeviceDRM::SetupConcurrentWriteback: Tear down the Concurrent Writeback topology
03-10 11:57:14.080  2064  4171 D slpi-TCS3720: ALS_REPORT lux 64.557556, ch0 32.323624-17.728001-12.077124-6.361394, scale 1.1878, fps 90, client 1
03-10 11:57:14.080  2163  2163 D motorola.hardware.sensorext-service: handle id:13 wxh:1088x2640 uwxuh:1080x2640 size: 11489280 fd:11 fd_meta:12 flags:0x4000228 usage:0x33  format:0x1 layer_count: 1 reserved_size = 0
03-10 11:57:14.080  2064  4171 D slpi-TCS3720: PRX_OC info Far, Total 0, pdata 0, offset 0 step 0.63, ore 0:0 step 21.00, TH_H 1020, TH_L 0, client 0
03-10 11:57:14.080  2195  2392 I SDM     : HWCSession::SetCWBOutputBuffer: CWB config passed by cwb_client : tappoint 1  CWB_ROI : (210.000000 26.000000 274.000000 90.000000) for display [1 0 0]
03-10 11:57:14.081  2195 29456 I SDM     : HWCDisplay::SetReadbackBuffer: CWB config from client: tap_point 1, CWB ROI Rect(210.000000 26.000000 274.000000 90.000000), PU_as_CWB_ROI 0, Cwb full rect : (0.000000 0.000000 1080.000000 2640.000000)
03-10 11:57:14.082  2195 29456 I SDM     : HWCDisplay::SetReadbackBuffer: Successfully configured the output buffer: readback_buffer_queued_ 1, readback_configured_ 0, cwb_client 3
03-10 11:57:14.082  2195 29456 I SDM     : HWCSession::ProcessRequests: Successfully configured CWB buffer.
03-10 11:57:14.118  2064  4171 D slpi    : tmd2712: Als lux: 10.90, ch0: 380, ch1: 168, scale: 1.08, atime:50.04, again:1024
03-10 11:57:14.126  2195 29456 I SDM     : HWCSession::ProcessRequests: Pushing release fence in fenece wait queue.
03-10 11:57:14.126  2195 29456 I SDM     : HWCSession::ProcessRequests: Creating AsyncFenceWaits async thread.
03-10 11:57:14.126  2195 29456 I SDM     : HWCSession::ProcessRequests: Remove current CWB request from the pending request queue.
03-10 11:57:14.126  2195 29456 I SDM     : HWCSession::ProcessRequests: No pending cwb requests found in the queue.
03-10 11:57:14.164  2195 29458 I SDM     : HWCSession::NotifyCWBStatus: Notify the client about buffer status 0.
03-10 11:57:14.165  2195 29458 I SDM     : HWCSession::PerformFenceWaits: Remove current release fence from the pending fence wait queue.
03-10 11:57:14.165  2195 29458 I SDM     : HWCSession::PerformFenceWaits: CWB fence queue is empty. No pending release fence to wait on.
03-10 11:57:14.168  2064  4171 D slpi    : tmd2712: Als lux: 20.40, ch0: 712, ch1: 318, scale: 1.08, atime:50.04, again:1024
03-10 11:57:14.179  2163  2163 D SENSOREXT_ALS_COMP: FrontLight: ReportLux 19.41 (64.56-45.15), pre 48.29, dbv 6162, dc 0, fps 90, chPanel 26.04-13.76-8.92-4.37, facCal:lux_s 1.19 cha_s 0.94-0.94-0.90-0.94, RunInfo: DPB 9912-36, TF 9912-0
03-10 11:57:14.217  2064  4171 D slpi    : tmd2712: Als lux: 36.30, ch0: 1358, ch1: 661, scale: 1.08, atime:50.04, again:1024
03-10 11:57:14.248  2195  2269 I SDM     : HWDeviceDRM::SetupConcurrentWriteback: Tear down the Concurrent Writeback topology
03-10 11:57:14.267  2064  4171 D slpi    : tmd2712: Als lux: 63.10, ch0: 2416, ch1: 1206, scale: 1.08, atime:50.04, again:1024
03-10 11:57:14.309 23146 23146 D BoundBrokerSvc: onUnbind: Intent { act=com.google.android.gms.wallet.service.BIND pkg=com.google.android.gms }
03-10 11:57:14.311  3163  5528 W ProcessStats: Tracking association SourceState{5c47ce com.google.android.gms/10240 Fgs #232243} whose proc state 3 is better than process ProcessState{5a1e43e com.android.vending/10276 pkg=com.android.vending} proc state 14 (83 skipped)
03-10 11:57:14.317  2064  4171 D slpi    : tmd2712: Als lux: 84.10, ch0: 3033, ch1: 1410, scale: 1.08, atime:50.04, again:1024
03-10 11:57:14.352  2064  4171 I slpi-MOT_HINGE: Hingeposture   0.0 tent:0 gpio:-1 flip:1 flat:1 b:1.5 -0.5 9.7 51.0 -34.4 43.6 f:1.5 0.4 -9.7 49.8 35.4 -44.4
03-10 11:57:14.356  3163  3231 I DeviceStateManagerService: Cannot notify device state info change when pending state is present.
03-10 11:57:14.357  2163  2163 D motorola.hardware.sensorext-service: handle id:13 wxh:1088x2640 uwxuh:1080x2640 size: 11489280 fd:11 fd_meta:12 flags:0x4000228 usage:0x33  format:0x1 layer_count: 1 reserved_size = 0
03-10 11:57:14.358  2064  4171 D slpi-TCS3720: ALS_REPORT lux 55.820591, ch0 26.209515-13.582065-10.197500-5.020725, scale 1.1878, fps 90, client 1
03-10 11:57:14.358  2064  4171 D slpi-TCS3720: PRX_OC info Far, Total 0, pdata 0, offset 0 step 0.63, ore 0:0 step 21.00, TH_H 1020, TH_L 0, client 0
03-10 11:57:14.358  2195  2392 I SDM     : HWCSession::SetCWBOutputBuffer: CWB config passed by cwb_client : tappoint 1  CWB_ROI : (210.000000 26.000000 274.000000 90.000000) for display [1 0 0]
03-10 11:57:14.360  2195 29460 I SDM     : HWCDisplay::SetReadbackBuffer: CWB config from client: tap_point 1, CWB ROI Rect(210.000000 26.000000 274.000000 90.000000), PU_as_CWB_ROI 0, Cwb full rect : (0.000000 0.000000 1080.000000 2640.000000)
03-10 11:57:14.360  3163  3227 D TouchHwAidlService: onStateChanged.. state=1
03-10 11:57:14.360  2195 29460 I SDM     : HWCDisplay::SetReadbackBuffer: Successfully configured the output buffer: readback_buffer_queued_ 1, readback_configured_ 0, cwb_client 3
03-10 11:57:14.360  3163  3352 W BoostOptController: not supported hint: 118
03-10 11:57:14.360  2195 29460 I SDM     : HWCSession::ProcessRequests: Successfully configured CWB buffer.
03-10 11:57:14.361  2067  2067 D AHAL: AudioDevice: SetParameters: 1564: enter: device_folded=on
03-10 11:57:14.361  2067  2067 D AHAL: AudioVoice: VoiceSetParameters: 87: Enter params: device_folded=on
03-10 11:57:14.361  2067  2067 D AHAL: AudioVoice: VoiceSetParameters: 360: Exit ret: 0
03-10 11:57:14.361  2067  2067 D AHAL: FM: fm_set_parameters: 262: Enter
03-10 11:57:14.361  2067  2067 D AHAL: FM: fm_set_parameters: 320: exit
03-10 11:57:14.361  2067  2067 D AHAL: AudioDevice: SetParameters: 2361: exit: device_folded=on
03-10 11:57:14.362  2300  2597 I Scheduler: applyPolicy: UpdateRefreshRate 24 to 60 of group 3: [touch=1:1 touchBoost=1 scroll=0:0 idle=0:0] for display 4630947043778501762
03-10 11:57:14.363  2300  2597 D DisplayModeController: setDesiredMode 4630947043778501762 {mode={fps=60.00 Hz, modePtr={id=5, vsyncRate=60.00 Hz, peakRefreshRate=60.00 Hz}}, emitEvent=true, force=false}
03-10 11:57:14.367  3163  3231 I LogicalDisplayMapper: Requesting Transition to state: 1, from state=5, interactive=true, mBootCompleted=true
03-10 11:57:14.367  3163  3229 D CLI/SmallCLI: onDeviceLidStateChanged: state=CLOSED
03-10 11:57:14.367  3163  3231 I LogicalDisplayMapper: Applying layout: [{dispId: 0(ON), displayGroupName: , addr: {port=130, model=0x40446dccee101c}, mThermalBrightnessThrottlingMapId: null, mRefreshRateZoneId: null, mLeadDisplayId: -1, mLeadDisplayAddress: null, mThermalRefreshRateThrottlingMapId: null, mPowerThrottlingMapId: null}], Previous layout: [{dispId: 0(ON), displayGroupName: , addr: {port=130, model=0x40446dccee101c}, mThermalBrightnessThrottlingMapId: null, mRefreshRateZoneId: null, mLeadDisplayId: -1, mLeadDisplayAddress: null, mThermalRefreshRateThrottlingMapId: null, mPowerThrottlingMapId: null}]
03-10 11:57:14.369  5625  5669 D ShellSplitScreen: onFoldedStateChanged: folded=true
03-10 11:57:14.371  5625  5625 I vol.VolumeDialogImpl: mDialog.dismiss() reason: posture_changed from: com.android.systemui.volume.VolumeDialogImpl$H.handleMessage:111 displayId: 0 mShowing: false mIsAnimatingDismiss: false
03-10 11:57:14.376  2064  4171 D slpi-MOT_HALL: Flip send data : 2, State: North near
03-10 11:57:14.377  2064  4171 E slpi    : MOT_GPIO_FLIP kernel state gpio unset
03-10 11:57:14.377  2064  4173 I sensors-hal: handle_sns_client_event:365, mot_flip_event: now=88190281627443 hal ts=88190280671314, MOT_FLIP_STATE_CLOSED, count=658.0, cause=0.0, fwreg 1
03-10 11:57:14.377  2064  4173 I sensors-hal: sns_device_mode_init:227, sns_device_mode_init Start
03-10 11:57:14.377  2064  4173 I android.hardware.sensors@2.1-service.multihal: vendor/qcom/proprietary/adsprpc/src/fastrpc_apps_user.c:1553: remote_handle64_open: Successfully opened handle 0x1aeb2dd0 for '":;./\createstaticpd:sensorspd&_dom=adsp on domain 0
03-10 11:57:14.378  3163  4279 I CLI/Transition_Device: lid state changed: OPEN -> OPEN, device state changed to CLOSED
03-10 11:57:14.378  3163  4279 D CLI/Rotation: Set volume keyswap sysprop for rotation 0 lidState OPEN
03-10 11:57:14.378  3163  3231 W OverrideRequestController: Attempted to cancel a null OverrideRequest
03-10 11:57:14.378  3163  3231 I DeviceStateManagerService: Cannot notify device state info change when pending state is present.
03-10 11:57:14.379  2064  4173 I android.hardware.sensors@2.1-service.multihal: vendor/qcom/proprietary/adsprpc/src/fastrpc_perf.c:273: fastrpc_perf_init: enabled systrace 0x0 and RPC traces (kernel 0, dsp 0) with frequency 1000
03-10 11:57:14.379  2064 29464 I android.hardware.sensors@2.1-service.multihal: vendor/qcom/proprietary/adsprpc/src/listener_android.c:116: listener thread starting
03-10 11:57:14.379  2064 29465 I android.hardware.sensors@2.1-service.multihal: vendor/qcom/proprietary/adsprpc/src/log_config.c:348: file_watcher_thread starting for domain 0
03-10 11:57:14.379  2064 29465 W android.hardware.sensors@2.1-service.multihal: vendor/qcom/proprietary/adsprpc/src/log_config.c:358:file_watcher_thread: Couldn't find file android.hardware.sensors@2.1-service.multihal.farf, errno (No such file or directory)
03-10 11:57:14.381  2064 29464 I android.hardware.sensors@2.1-service.multihal: vendor/qcom/proprietary/adsprpc/src/mod_table.c:703: open_mod_table_open_from_static: reverse module apps_std opened with handle 0x450dfe00 (idx 0)
03-10 11:57:14.382  2064 29464 I android.hardware.sensors@2.1-service.multihal: vendor/qcom/proprietary/adsprpc/src/apps_std_imp.c:860: Successfully opened file /vendor/dsp/adsp/libsns_device_mode_skel.so
03-10 11:57:14.384  3163  4279 I WindowManager: updateRotationUnchecked CLI real rotation changed:1, rotation:1
03-10 11:57:14.384  3163  3227 D TouchHwAidlService: onStateChanged.. state=0
03-10 11:57:14.386  2064  4173 E android.hardware.sensors@2.1-service.multihal: vendor/qcom/proprietary/adsprpc/src/fastrpc_apps_user.c:1491: Error 0x80000406: remote_handle_open_domain: dynamic loading failed for file:///libsns_device_mode_skel.so?sns_device_mode_skel_handle_invoke&_modver=1.0&_dom=adsp on domain 0 (dlerror segment 0 failed hash verification(0x34F4000 B)) (errno Success)
03-10 11:57:14.386  2064  4173 E android.hardware.sensors@2.1-service.multihal: vendor/qcom/proprietary/adsprpc/src/fastrpc_apps_user.c:1550: Error 0x80000406: remote_handle64_open failed for file:///libsns_device_mode_skel.so?sns_device_mode_skel_handle_invoke&_modver=1.0&_dom=adsp (errno Success)
03-10 11:57:14.386  2064  4173 I sensors-hal: sns_device_mode_init:262, sns_device_mode_init End
03-10 11:57:14.386  2064  4173 E sensors-hal: sendDeviceMode:287, mot_flip: one or mode handles unopened: dm 0 rpc 1
03-10 11:57:14.387  2064  4173 E android.hardware.sensors@2.1-service.multihal: vendor/qcom/proprietary/adsprpc/src/fastrpc_apps_user.c:1366: Error 0x80000600: remote_handle_invoke failed for handle 0x0, method 1 on domain 0 (sc 0x1010200) (errno Success)
03-10 11:57:14.387  2064  4173 E android.hardware.sensors@2.1-service.multihal: vendor/qcom/proprietary/adsprpc/src/fastrpc_apps_user.c:1575: Error 0x80000600: remote_handle_close failed for handle 0x0 (dlerr \) (errno Success)
03-10 11:57:14.387  2064  4173 I android.hardware.sensors@2.1-service.multihal: vendor/qcom/proprietary/adsprpc/src/fastrpc_apps_user.c:2737: domain_deinit for domain 0: dev 86
03-10 11:57:14.388  2064 29464 E android.hardware.sensors@2.1-service.multihal: vendor/qcom/proprietary/adsprpc/src/fastrpc_apps_user.c:3516: exit_thread current process1 thread exit nErr = 0x8000040d domain 0, handle 0xb400007d1aeb2dd0
03-10 11:57:14.389  2064 29465 W android.hardware.sensors@2.1-service.multihal: vendor/qcom/proprietary/adsprpc/src/log_config.c:368:Warning: file_watcher_thread received exit for domain 0, file android.hardware.sensors@2.1-service.multihal.farf
03-10 11:57:14.389  2064 29465 I android.hardware.sensors@2.1-service.multihal: vendor/qcom/proprietary/adsprpc/src/log_config.c:415: file_watcher_thread exiting for domain 0
03-10 11:57:14.389  3163  3231 I LogicalDisplayMapper: Requesting Transition to state: 0, from state=1, interactive=true, mBootCompleted=true
03-10 11:57:14.390  3163  3231 I LogicalDisplayMapper: Applying layout: [{dispId: 0(ON), displayGroupName: , addr: {port=130, model=0x40446dccee101c}, mThermalBrightnessThrottlingMapId: null, mRefreshRateZoneId: null, mLeadDisplayId: -1, mLeadDisplayAddress: null, mThermalRefreshRateThrottlingMapId: null, mPowerThrottlingMapId: null}], Previous layout: [{dispId: 0(ON), displayGroupName: , addr: {port=130, model=0x40446dccee101c}, mThermalBrightnessThrottlingMapId: null, mRefreshRateZoneId: null, mLeadDisplayId: -1, mLeadDisplayAddress: null, mThermalRefreshRateThrottlingMapId: null, mPowerThrottlingMapId: null}]
03-10 11:57:14.390  2064  4173 I android.hardware.sensors@2.1-service.multihal: vendor/qcom/proprietary/adsprpc/src/mod_table.c:789: open_mod_table_close: closed reverse module apps_std with handle 0x450dfe00
03-10 11:57:14.391  2064  4173 E android.hardware.sensors@2.1-service.multihal: vendor/qcom/proprietary/adsprpc/src/fastrpc_apps_user.c:1614: Error 0x80000600: remote_handle64_close failed for handle 0xb400007d1aeb2dd0 remote handle 0x0 (errno Success)
03-10 11:57:14.392  2300  2300 I SurfaceFlinger: initiateDisplayModeChanges changing active mode from 7(24.00 Hz:3) to 5(60.00 Hz:3) for display 4630947043778501762
03-10 11:57:14.392  6461  6564 I Capsense_Cal: Sensor GetEvents event_count==1
03-10 11:57:14.393  6461  6564 D Capsense_Cal: SensorThread sensorEvents
03-10 11:57:14.393  6461  6564 D Capsense_Cal: Capsensor hallEventHandler sensorEvents->data[0]==2.000000
03-10 11:57:14.393  6461  6564 D Capsense_Cal: start cal : /sys/class/capsense/capsense1/reset, msg: flip_near
03-10 11:57:14.393  2300  2300 I SurfaceFlinger: initiateDisplayModeChanges active mode changed to 5(60.00 Hz) for display 4630947043778501762. mBrightnessDimingCnt=0
03-10 11:57:14.394  2195  2392 W SDM     : HWDeviceDRM::GetSupportedBitClkRate: Requested rate not supported: 0
03-10 11:57:14.394  2195  2392 I SDM     : HWDeviceDRM::UpdateMixerAttributes: Mixer WxH 1080x2640-0 for Peripheral
03-10 11:57:14.391  3163  3352 W BoostOptController: not supported hint: 118
03-10 11:57:14.394  2195  2392 I SDM     : HWCDisplay::SubmitDisplayConfig: Active configuration changed from config 7 to 5
03-10 11:57:14.395  3163  3352 D BrightnessThermalClamper: Thermal status observer already started
03-10 11:57:14.397  6461  6564 D Capsense_Cal: start cal : /sys/class/capsense/capsense0/reset, msg: flip_near
03-10 11:57:14.398  2195 29460 I SDM     : HWCSession::ProcessRequests: Pushing release fence in fenece wait queue.
03-10 11:57:14.398  2195 29460 I SDM     : HWCSession::ProcessRequests: Creating AsyncFenceWaits async thread.
03-10 11:57:14.398  2195 29460 I SDM     : HWCSession::ProcessRequests: Remove current CWB request from the pending request queue.
03-10 11:57:14.398  2195 29460 I SDM     : HWCSession::ProcessRequests: No pending cwb requests found in the queue.
03-10 11:57:14.403 23146 23146 D BoundBrokerSvc: onUnbind: Intent { act=com.google.android.gms.chimera.container.moduleinstall.ModuleInstallService.START dat=chimera-action:/... cmp=com.google.android.gms/.chimera.GmsApiService }
03-10 11:57:14.403  7545  7545 I FileStationLog: [ FS_h$a ] - [Display] Changed display: 1
03-10 11:57:14.403  3163  4279 I WindowManager: Override config changes=20000000 {1.0 ?mcc0mnc [en_US] ldltr sw111dp w210dp h111dp 280dpi smll land night mot-cli finger -keyb/v/h -nav/h winConfig={ mBounds=Rect(0, 0 - 368, 194) mAppBounds=Rect(0, 0 - 368, 194) mMaxBounds=Rect(0, 0 - 368, 194) mDisplayRotation=ROTATION_90 mWindowingMode=fullscreen mActivityType=undefined mAlwaysOnTop=undefined mRotation=ROTATION_90} ?fontWeightAdjustment ?spn ?gid} for displayId=1
03-10 11:57:14.407  3163  4279 E WindowManager: Display reconfigured outside of a transition: Display{#0 state=ON size=1080x2640 ROTATION_0}
03-10 11:57:14.408  3163  3352 D BrightnessThermalClamper: Thermal status observer already started
03-10 11:57:14.409  3163  3229 V WindowManager: Content Recording: Display 1 state was (1), is now (1), so update recording?
03-10 11:57:14.409  3163  3229 D CLI/Transition: displaygroup 1, state OFF, pendingdisplaygroup -1
03-10 11:57:14.410  3163  3231 I InputManager-JNI: Viewport [0] to add: local:4630947043778501762, isActive: true
03-10 11:57:14.410  3163  3231 I InputManager-JNI: Viewport [1] to add: local:4630947043778501763, isActive: false
03-10 11:57:14.410  3163  3229 D CLI/SmallCLI: onDeviceLidStateChanged: state=CLOSED_HALL
03-10 11:57:14.413  3163  4285 I InputReader: Reconfiguring input devices, changes=DISPLAY_INFO
03-10 11:57:14.413  2067  2067 D AHAL: AudioDevice: SetParameters: 1564: enter: screen_state=on
03-10 11:57:14.413  2067  2067 D AHAL: AudioVoice: VoiceSetParameters: 87: Enter params: screen_state=on
03-10 11:57:14.413  3163  4285 I InputReader: Disabling zinitix_mt (device 6) because the associated viewport is not active
