03-13 19:46:39.077 10158 10158 I View    : setRequestedFrameRate frameRate=NaN, this=android.view.View{920d1bb V.ED..... ........ 0,0-0,0}, caller=androidx.compose.ui.platform.v0.a:1 androidx.compose.ui.platform.r.dispatchDraw:107 android.view.View.draw:26345 android.view.View.updateDisplayListIfDirty:25175 android.view.ViewGroup.recreateChildDisplayList:4794 
03-13 19:46:39.085 10158 10158 I View    : setRequestedFrameRate frameRate=NaN, this=androidx.compose.ui.platform.r{63e3fc7 VFED..... ......ID 0,0-1080,2640 aid=1073741828}, caller=android.view.ViewGroup.setRequestedFrameRate:9952 androidx.compose.ui.platform.v0.a:1 androidx.compose.ui.platform.r.dispatchDraw:98 android.view.View.draw:26345 android.view.View.updateDisplayListIfDirty:25175 
03-13 19:46:39.085 10158 10158 I View    : setRequestedFrameRate frameRate=NaN, this=android.view.View{920d1bb V.ED..... ........ 0,0-0,0}, caller=androidx.compose.ui.platform.v0.a:1 androidx.compose.ui.platform.r.dispatchDraw:107 android.view.View.draw:26345 android.view.View.updateDisplayListIfDirty:25175 android.view.ViewGroup.recreateChildDisplayList:4794 
03-13 19:46:39.095 10158 10158 I View    : setRequestedFrameRate frameRate=NaN, this=androidx.compose.ui.platform.r{63e3fc7 VFED..... ......ID 0,0-1080,2640 aid=1073741828}, caller=android.view.ViewGroup.setRequestedFrameRate:9952 androidx.compose.ui.platform.v0.a:1 androidx.compose.ui.platform.r.dispatchDraw:98 android.view.View.draw:26345 android.view.View.updateDisplayListIfDirty:25175 
03-13 19:46:39.095 10158 10158 I View    : setRequestedFrameRate frameRate=NaN, this=android.view.View{920d1bb V.ED..... ........ 0,0-0,0}, caller=androidx.compose.ui.platform.v0.a:1 androidx.compose.ui.platform.r.dispatchDraw:107 android.view.View.draw:26345 android.view.View.updateDisplayListIfDirty:25175 android.view.ViewGroup.recreateChildDisplayList:4794 
03-13 19:46:39.102 10158 10158 I View    : setRequestedFrameRate frameRate=NaN, this=androidx.compose.ui.platform.r{63e3fc7 VFED..... ......ID 0,0-1080,2640 aid=1073741828}, caller=android.view.ViewGroup.setRequestedFrameRate:9952 androidx.compose.ui.platform.v0.a:1 androidx.compose.ui.platform.r.dispatchDraw:98 android.view.View.draw:26345 android.view.View.updateDisplayListIfDirty:25175 
03-13 19:46:39.102 10158 10158 I View    : setRequestedFrameRate frameRate=NaN, this=android.view.View{920d1bb V.ED..... ........ 0,0-0,0}, caller=androidx.compose.ui.platform.v0.a:1 androidx.compose.ui.platform.r.dispatchDraw:107 android.view.View.draw:26345 android.view.View.updateDisplayListIfDirty:25175 android.view.ViewGroup.recreateChildDisplayList:4794 
03-13 19:46:39.110 10158 10158 I View    : setRequestedFrameRate frameRate=NaN, this=androidx.compose.ui.platform.r{63e3fc7 VFED..... ......ID 0,0-1080,2640 aid=1073741828}, caller=android.view.ViewGroup.setRequestedFrameRate:9952 androidx.compose.ui.platform.v0.a:1 androidx.compose.ui.platform.r.dispatchDraw:98 android.view.View.draw:26345 android.view.View.updateDisplayListIfDirty:25175 
03-13 19:46:39.110 10158 10158 I View    : setRequestedFrameRate frameRate=NaN, this=android.view.View{920d1bb V.ED..... ........ 0,0-0,0}, caller=androidx.compose.ui.platform.v0.a:1 androidx.compose.ui.platform.r.dispatchDraw:107 android.view.View.draw:26345 android.view.View.updateDisplayListIfDirty:25175 android.view.ViewGroup.recreateChildDisplayList:4794 
03-13 19:46:39.119 10158 10158 I View    : setRequestedFrameRate frameRate=NaN, this=androidx.compose.ui.platform.r{63e3fc7 VFED..... ......ID 0,0-1080,2640 aid=1073741828}, caller=android.view.ViewGroup.setRequestedFrameRate:9952 androidx.compose.ui.platform.v0.a:1 androidx.compose.ui.platform.r.dispatchDraw:98 android.view.View.draw:26345 android.view.View.updateDisplayListIfDirty:25175 
03-13 19:46:39.119 10158 10158 I View    : setRequestedFrameRate frameRate=NaN, this=android.view.View{920d1bb V.ED..... ........ 0,0-0,0}, caller=androidx.compose.ui.platform.v0.a:1 androidx.compose.ui.platform.r.dispatchDraw:107 android.view.View.draw:26345 android.view.View.updateDisplayListIfDirty:25175 android.view.ViewGroup.recreateChildDisplayList:4794 
03-13 19:46:39.127 10158 10158 I View    : setRequestedFrameRate frameRate=NaN, this=androidx.compose.ui.platform.r{63e3fc7 VFED..... ......ID 0,0-1080,2640 aid=1073741828}, caller=android.view.ViewGroup.setRequestedFrameRate:9952 androidx.compose.ui.platform.v0.a:1 androidx.compose.ui.platform.r.dispatchDraw:98 android.view.View.draw:26345 android.view.View.updateDisplayListIfDirty:25175 
03-13 19:46:39.127 10158 10158 I View    : setRequestedFrameRate frameRate=NaN, this=android.view.View{920d1bb V.ED..... ........ 0,0-0,0}, caller=androidx.compose.ui.platform.v0.a:1 androidx.compose.ui.platform.r.dispatchDraw:107 android.view.View.draw:26345 android.view.View.updateDisplayListIfDirty:25175 android.view.ViewGroup.recreateChildDisplayList:4794 
03-13 19:46:39.135 10158 10158 I View    : setRequestedFrameRate frameRate=NaN, this=androidx.compose.ui.platform.r{63e3fc7 VFED..... ......ID 0,0-1080,2640 aid=1073741828}, caller=android.view.ViewGroup.setRequestedFrameRate:9952 androidx.compose.ui.platform.v0.a:1 androidx.compose.ui.platform.r.dispatchDraw:98 android.view.View.draw:26345 android.view.View.updateDisplayListIfDirty:25175 
03-13 19:46:39.135 10158 10158 I View    : setRequestedFrameRate frameRate=NaN, this=android.view.View{920d1bb V.ED..... ........ 0,0-0,0}, caller=androidx.compose.ui.platform.v0.a:1 androidx.compose.ui.platform.r.dispatchDraw:107 android.view.View.draw:26345 android.view.View.updateDisplayListIfDirty:25175 android.view.ViewGroup.recreateChildDisplayList:4794 
03-13 19:46:39.144 10158 10158 I View    : setRequestedFrameRate frameRate=NaN, this=androidx.compose.ui.platform.r{63e3fc7 VFED..... ......ID 0,0-1080,2640 aid=1073741828}, caller=android.view.ViewGroup.setRequestedFrameRate:9952 androidx.compose.ui.platform.v0.a:1 androidx.compose.ui.platform.r.dispatchDraw:98 android.view.View.draw:26345 android.view.View.updateDisplayListIfDirty:25175 
03-13 19:46:39.144 10158 10158 I View    : setRequestedFrameRate frameRate=NaN, this=android.view.View{920d1bb V.ED..... ........ 0,0-0,0}, caller=androidx.compose.ui.platform.v0.a:1 androidx.compose.ui.platform.r.dispatchDraw:107 android.view.View.draw:26345 android.view.View.updateDisplayListIfDirty:25175 android.view.ViewGroup.recreateChildDisplayList:4794 
03-13 19:46:39.152 10158 10158 I View    : setRequestedFrameRate frameRate=NaN, this=androidx.compose.ui.platform.r{63e3fc7 VFED..... ......ID 0,0-1080,2640 aid=1073741828}, caller=android.view.ViewGroup.setRequestedFrameRate:9952 androidx.compose.ui.platform.v0.a:1 androidx.compose.ui.platform.r.dispatchDraw:98 android.view.View.draw:26345 android.view.View.updateDisplayListIfDirty:25175 
03-13 19:46:39.152 10158 10158 I View    : setRequestedFrameRate frameRate=NaN, this=android.view.View{920d1bb V.ED..... ........ 0,0-0,0}, caller=androidx.compose.ui.platform.v0.a:1 androidx.compose.ui.platform.r.dispatchDraw:107 android.view.View.draw:26345 android.view.View.updateDisplayListIfDirty:25175 android.view.ViewGroup.recreateChildDisplayList:4794 
03-13 19:46:39.157 16161  9836 I NearbySharing: Network state changed: NetworkState(isRestricted=false, isOnline=true, isCongested=false, isMetered=false, isWifiConnected=true)
03-13 19:46:39.160 10158 10158 I View    : setRequestedFrameRate frameRate=NaN, this=androidx.compose.ui.platform.r{63e3fc7 VFED..... ......ID 0,0-1080,2640 aid=1073741828}, caller=android.view.ViewGroup.setRequestedFrameRate:9952 androidx.compose.ui.platform.v0.a:1 androidx.compose.ui.platform.r.dispatchDraw:98 android.view.View.draw:26345 android.view.View.updateDisplayListIfDirty:25175 
03-13 19:46:39.160 10158 10158 I View    : setRequestedFrameRate frameRate=NaN, this=android.view.View{920d1bb V.ED..... ........ 0,0-0,0}, caller=androidx.compose.ui.platform.v0.a:1 androidx.compose.ui.platform.r.dispatchDraw:107 android.view.View.draw:26345 android.view.View.updateDisplayListIfDirty:25175 android.view.ViewGroup.recreateChildDisplayList:4794 
03-13 19:46:39.169 10158 10158 I View    : setRequestedFrameRate frameRate=NaN, this=androidx.compose.ui.platform.r{63e3fc7 VFED..... ......ID 0,0-1080,2640 aid=1073741828}, caller=android.view.ViewGroup.setRequestedFrameRate:9952 androidx.compose.ui.platform.v0.a:1 androidx.compose.ui.platform.r.dispatchDraw:98 android.view.View.draw:26345 android.view.View.updateDisplayListIfDirty:25175 
03-13 19:46:39.169 10158 10158 I View    : setRequestedFrameRate frameRate=NaN, this=android.view.View{920d1bb V.ED..... ........ 0,0-0,0}, caller=androidx.compose.ui.platform.v0.a:1 androidx.compose.ui.platform.r.dispatchDraw:107 android.view.View.draw:26345 android.view.View.updateDisplayListIfDirty:25175 android.view.ViewGroup.recreateChildDisplayList:4794 
03-13 19:46:39.177 10158 10158 I View    : setRequestedFrameRate frameRate=NaN, this=androidx.compose.ui.platform.r{63e3fc7 VFED..... ......ID 0,0-1080,2640 aid=1073741828}, caller=android.view.ViewGroup.setRequestedFrameRate:9952 androidx.compose.ui.platform.v0.a:1 androidx.compose.ui.platform.r.dispatchDraw:98 android.view.View.draw:26345 android.view.View.updateDisplayListIfDirty:25175 
03-13 19:46:39.177 10158 10158 I View    : setRequestedFrameRate frameRate=NaN, this=android.view.View{920d1bb V.ED..... ........ 0,0-0,0}, caller=androidx.compose.ui.platform.v0.a:1 androidx.compose.ui.platform.r.dispatchDraw:107 android.view.View.draw:26345 android.view.View.updateDisplayListIfDirty:25175 android.view.ViewGroup.recreateChildDisplayList:4794 
03-13 19:46:39.188 10158 10158 I View    : setRequestedFrameRate frameRate=NaN, this=androidx.compose.ui.platform.r{63e3fc7 VFED..... ......ID 0,0-1080,2640 aid=1073741828}, caller=android.view.ViewGroup.setRequestedFrameRate:9952 androidx.compose.ui.platform.v0.a:1 androidx.compose.ui.platform.r.dispatchDraw:98 android.view.View.draw:26345 android.view.View.updateDisplayListIfDirty:25175 
03-13 19:46:39.188 10158 10158 I View    : setRequestedFrameRate frameRate=NaN, this=android.view.View{920d1bb V.ED..... ........ 0,0-0,0}, caller=androidx.compose.ui.platform.v0.a:1 androidx.compose.ui.platform.r.dispatchDraw:107 android.view.View.draw:26345 android.view.View.updateDisplayListIfDirty:25175 android.view.ViewGroup.recreateChildDisplayList:4794 
03-13 19:46:39.193 10158 10158 I View    : setRequestedFrameRate frameRate=NaN, this=androidx.compose.ui.platform.r{63e3fc7 VFED..... ......ID 0,0-1080,2640 aid=1073741828}, caller=android.view.ViewGroup.setRequestedFrameRate:9952 androidx.compose.ui.platform.v0.a:1 androidx.compose.ui.platform.r.dispatchDraw:98 android.view.View.draw:26345 android.view.View.updateDisplayListIfDirty:25175 
03-13 19:46:39.194 10158 10158 I View    : setRequestedFrameRate frameRate=NaN, this=android.view.View{920d1bb V.ED..... ........ 0,0-0,0}, caller=androidx.compose.ui.platform.v0.a:1 androidx.compose.ui.platform.r.dispatchDraw:107 android.view.View.draw:26345 android.view.View.updateDisplayListIfDirty:25175 android.view.ViewGroup.recreateChildDisplayList:4794 
03-13 19:46:39.198  2097  2125 E HeatmapThread: ECT Thread time in milliseconds: 1773445599
03-13 19:46:39.202 10158 10158 I View    : setRequestedFrameRate frameRate=NaN, this=androidx.compose.ui.platform.r{63e3fc7 VFED..... ......ID 0,0-1080,2640 aid=1073741828}, caller=android.view.ViewGroup.setRequestedFrameRate:9952 androidx.compose.ui.platform.v0.a:1 androidx.compose.ui.platform.r.dispatchDraw:98 android.view.View.draw:26345 android.view.View.updateDisplayListIfDirty:25175 
03-13 19:46:39.202 10158 10158 I View    : setRequestedFrameRate frameRate=NaN, this=android.view.View{920d1bb V.ED..... ........ 0,0-0,0}, caller=androidx.compose.ui.platform.v0.a:1 androidx.compose.ui.platform.r.dispatchDraw:107 android.view.View.draw:26345 android.view.View.updateDisplayListIfDirty:25175 android.view.ViewGroup.recreateChildDisplayList:4794 
03-13 19:46:39.204  2097  2125 D HeatmapThread: !@ batteryplugType : 2
03-13 19:46:39.204  2097  2125 D HeatmapThread: !@ batteryLevel : 98  batteryTemperature : 311 
03-13 19:46:39.204  2097  2125 D HeatmapThread: !@ Heatmap currtime: 29557426
03-13 19:46:39.204  2097  2125 D HeatmapThread: !@ Heatmap prevtime: 29557402
03-13 19:46:39.204  2097  2125 D HeatmapThread: !@ Heatmap plugstarttime: 29556997
03-13 19:46:39.204  2097  2125 D HeatmapThread: !@ Heatmap prevv_dsoh_update_time: 29557415
03-13 19:46:39.204  2097  2125 E HeatmapThread: !@ CAM New BSOH: 100
03-13 19:46:39.204  2097  2125 E HeatmapThread: !@ CAM is Working
03-13 19:46:39.211 10158 10158 I View    : setRequestedFrameRate frameRate=NaN, this=androidx.compose.ui.platform.r{63e3fc7 VFED..... ......ID 0,0-1080,2640 aid=1073741828}, caller=android.view.ViewGroup.setRequestedFrameRate:9952 androidx.compose.ui.platform.v0.a:1 androidx.compose.ui.platform.r.dispatchDraw:98 android.view.View.draw:26345 android.view.View.updateDisplayListIfDirty:25175 
03-13 19:46:39.211 10158 10158 I View    : setRequestedFrameRate frameRate=NaN, this=android.view.View{920d1bb V.ED..... ........ 0,0-0,0}, caller=androidx.compose.ui.platform.v0.a:1 androidx.compose.ui.platform.r.dispatchDraw:107 android.view.View.draw:26345 android.view.View.updateDisplayListIfDirty:25175 android.view.ViewGroup.recreateChildDisplayList:4794 
03-13 19:46:39.218 10158 10158 I View    : setRequestedFrameRate frameRate=NaN, this=androidx.compose.ui.platform.r{63e3fc7 VFED..... ......ID 0,0-1080,2640 aid=1073741828}, caller=android.view.ViewGroup.setRequestedFrameRate:9952 androidx.compose.ui.platform.v0.a:1 androidx.compose.ui.platform.r.dispatchDraw:98 android.view.View.draw:26345 android.view.View.updateDisplayListIfDirty:25175 
03-13 19:46:39.218 10158 10158 I View    : setRequestedFrameRate frameRate=NaN, this=android.view.View{920d1bb V.ED..... ........ 0,0-0,0}, caller=androidx.compose.ui.platform.v0.a:1 androidx.compose.ui.platform.r.dispatchDraw:107 android.view.View.draw:26345 android.view.View.updateDisplayListIfDirty:25175 android.view.ViewGroup.recreateChildDisplayList:4794 
03-13 19:46:39.227 10158 10158 I View    : setRequestedFrameRate frameRate=NaN, this=androidx.compose.ui.platform.r{63e3fc7 VFED..... ......ID 0,0-1080,2640 aid=1073741828}, caller=android.view.ViewGroup.setRequestedFrameRate:9952 androidx.compose.ui.platform.v0.a:1 androidx.compose.ui.platform.r.dispatchDraw:98 android.view.View.draw:26345 android.view.View.updateDisplayListIfDirty:25175 
03-13 19:46:39.227 10158 10158 I View    : setRequestedFrameRate frameRate=NaN, this=android.view.View{920d1bb V.ED..... ........ 0,0-0,0}, caller=androidx.compose.ui.platform.v0.a:1 androidx.compose.ui.platform.r.dispatchDraw:107 android.view.View.draw:26345 android.view.View.updateDisplayListIfDirty:25175 android.view.ViewGroup.recreateChildDisplayList:4794 
03-13 19:46:39.231 27562 27562 D BoundBrokerSvc: onUnbind: Intent { act=com.google.android.gms.inappreach.service.START dat=chimera-action:/... xflg=0x4 cmp=com.google.android.gms/.chimera.GmsApiService }
03-13 19:46:39.235 10158 10158 I View    : setRequestedFrameRate frameRate=NaN, this=androidx.compose.ui.platform.r{63e3fc7 VFED..... ......ID 0,0-1080,2640 aid=1073741828}, caller=android.view.ViewGroup.setRequestedFrameRate:9952 androidx.compose.ui.platform.v0.a:1 androidx.compose.ui.platform.r.dispatchDraw:98 android.view.View.draw:26345 android.view.View.updateDisplayListIfDirty:25175 
03-13 19:46:39.235 10158 10158 I View    : setRequestedFrameRate frameRate=NaN, this=android.view.View{920d1bb V.ED..... ........ 0,0-0,0}, caller=androidx.compose.ui.platform.v0.a:1 androidx.compose.ui.platform.r.dispatchDraw:107 android.view.View.draw:26345 android.view.View.updateDisplayListIfDirty:25175 android.view.ViewGroup.recreateChildDisplayList:4794 
03-13 19:46:39.243 10158 10158 I View    : setRequestedFrameRate frameRate=NaN, this=androidx.compose.ui.platform.r{63e3fc7 VFED..... ......ID 0,0-1080,2640 aid=1073741828}, caller=android.view.ViewGroup.setRequestedFrameRate:9952 androidx.compose.ui.platform.v0.a:1 androidx.compose.ui.platform.r.dispatchDraw:98 android.view.View.draw:26345 android.view.View.updateDisplayListIfDirty:25175 
03-13 19:46:39.244 10158 10158 I View    : setRequestedFrameRate frameRate=NaN, this=android.view.View{920d1bb V.ED..... ........ 0,0-0,0}, caller=androidx.compose.ui.platform.v0.a:1 androidx.compose.ui.platform.r.dispatchDraw:107 android.view.View.draw:26345 android.view.View.updateDisplayListIfDirty:25175 android.view.ViewGroup.recreateChildDisplayList:4794 
03-13 19:46:39.252 10158 10158 I View    : setRequestedFrameRate frameRate=NaN, this=androidx.compose.ui.platform.r{63e3fc7 VFED..... ......ID 0,0-1080,2640 aid=1073741828}, caller=android.view.ViewGroup.setRequestedFrameRate:9952 androidx.compose.ui.platform.v0.a:1 androidx.compose.ui.platform.r.dispatchDraw:98 android.view.View.draw:26345 android.view.View.updateDisplayListIfDirty:25175 
03-13 19:46:39.252 10158 10158 I View    : setRequestedFrameRate frameRate=NaN, this=android.view.View{920d1bb V.ED..... ........ 0,0-0,0}, caller=androidx.compose.ui.platform.v0.a:1 androidx.compose.ui.platform.r.dispatchDraw:107 android.view.View.draw:26345 android.view.View.updateDisplayListIfDirty:25175 android.view.ViewGroup.recreateChildDisplayList:4794 
03-13 19:46:39.260 10158 10158 I View    : setRequestedFrameRate frameRate=NaN, this=androidx.compose.ui.platform.r{63e3fc7 VFED..... ......ID 0,0-1080,2640 aid=1073741828}, caller=android.view.ViewGroup.setRequestedFrameRate:9952 androidx.compose.ui.platform.v0.a:1 androidx.compose.ui.platform.r.dispatchDraw:98 android.view.View.draw:26345 android.view.View.updateDisplayListIfDirty:25175 
03-13 19:46:39.260 10158 10158 I View    : setRequestedFrameRate frameRate=NaN, this=android.view.View{920d1bb V.ED..... ........ 0,0-0,0}, caller=androidx.compose.ui.platform.v0.a:1 androidx.compose.ui.platform.r.dispatchDraw:107 android.view.View.draw:26345 android.view.View.updateDisplayListIfDirty:25175 android.view.ViewGroup.recreateChildDisplayList:4794 
03-13 19:46:39.268 10158 10158 I View    : setRequestedFrameRate frameRate=NaN, this=androidx.compose.ui.platform.r{63e3fc7 VFED..... ......ID 0,0-1080,2640 aid=1073741828}, caller=android.view.ViewGroup.setRequestedFrameRate:9952 androidx.compose.ui.platform.v0.a:1 androidx.compose.ui.platform.r.dispatchDraw:98 android.view.View.draw:26345 android.view.View.updateDisplayListIfDirty:25175 
03-13 19:46:39.269 10158 10158 I View    : setRequestedFrameRate frameRate=NaN, this=android.view.View{920d1bb V.ED..... ........ 0,0-0,0}, caller=androidx.compose.ui.platform.v0.a:1 androidx.compose.ui.platform.r.dispatchDraw:107 android.view.View.draw:26345 android.view.View.updateDisplayListIfDirty:25175 android.view.ViewGroup.recreateChildDisplayList:4794 
03-13 19:46:39.277 10158 10158 I View    : setRequestedFrameRate frameRate=NaN, this=androidx.compose.ui.platform.r{63e3fc7 VFED..... ......ID 0,0-1080,2640 aid=1073741828}, caller=android.view.ViewGroup.setRequestedFrameRate:9952 androidx.compose.ui.platform.v0.a:1 androidx.compose.ui.platform.r.dispatchDraw:98 android.view.View.draw:26345 android.view.View.updateDisplayListIfDirty:25175 
03-13 19:46:39.277 10158 10158 I View    : setRequestedFrameRate frameRate=NaN, this=android.view.View{920d1bb V.ED..... ........ 0,0-0,0}, caller=androidx.compose.ui.platform.v0.a:1 androidx.compose.ui.platform.r.dispatchDraw:107 android.view.View.draw:26345 android.view.View.updateDisplayListIfDirty:25175 android.view.ViewGroup.recreateChildDisplayList:4794 
03-13 19:46:39.285 10158 10158 I View    : setRequestedFrameRate frameRate=NaN, this=androidx.compose.ui.platform.r{63e3fc7 VFED..... ......ID 0,0-1080,2640 aid=1073741828}, caller=android.view.ViewGroup.setRequestedFrameRate:9952 androidx.compose.ui.platform.v0.a:1 androidx.compose.ui.platform.r.dispatchDraw:98 android.view.View.draw:26345 android.view.View.updateDisplayListIfDirty:25175 
03-13 19:46:39.285 10158 10158 I View    : setRequestedFrameRate frameRate=NaN, this=android.view.View{920d1bb V.ED..... ........ 0,0-0,0}, caller=androidx.compose.ui.platform.v0.a:1 androidx.compose.ui.platform.r.dispatchDraw:107 android.view.View.draw:26345 android.view.View.updateDisplayListIfDirty:25175 android.view.ViewGroup.recreateChildDisplayList:4794 
03-13 19:46:39.294 10158 10158 I View    : setRequestedFrameRate frameRate=NaN, this=androidx.compose.ui.platform.r{63e3fc7 VFED..... ......ID 0,0-1080,2640 aid=1073741828}, caller=android.view.ViewGroup.setRequestedFrameRate:9952 androidx.compose.ui.platform.v0.a:1 androidx.compose.ui.platform.r.dispatchDraw:98 android.view.View.draw:26345 android.view.View.updateDisplayListIfDirty:25175 
03-13 19:46:39.294 10158 10158 I View    : setRequestedFrameRate frameRate=NaN, this=android.view.View{920d1bb V.ED..... ........ 0,0-0,0}, caller=androidx.compose.ui.platform.v0.a:1 androidx.compose.ui.platform.r.dispatchDraw:107 android.view.View.draw:26345 android.view.View.updateDisplayListIfDirty:25175 android.view.ViewGroup.recreateChildDisplayList:4794 
03-13 19:46:39.302 10158 10158 I View    : setRequestedFrameRate frameRate=NaN, this=androidx.compose.ui.platform.r{63e3fc7 VFED..... ......ID 0,0-1080,2640 aid=1073741828}, caller=android.view.ViewGroup.setRequestedFrameRate:9952 androidx.compose.ui.platform.v0.a:1 androidx.compose.ui.platform.r.dispatchDraw:98 android.view.View.draw:26345 android.view.View.updateDisplayListIfDirty:25175 
03-13 19:46:39.302 10158 10158 I View    : setRequestedFrameRate frameRate=NaN, this=android.view.View{920d1bb V.ED..... ........ 0,0-0,0}, caller=androidx.compose.ui.platform.v0.a:1 androidx.compose.ui.platform.r.dispatchDraw:107 android.view.View.draw:26345 android.view.View.updateDisplayListIfDirty:25175 android.view.ViewGroup.recreateChildDisplayList:4794 
03-13 19:46:39.310 10158 10158 I View    : setRequestedFrameRate frameRate=NaN, this=androidx.compose.ui.platform.r{63e3fc7 VFED..... ......ID 0,0-1080,2640 aid=1073741828}, caller=android.view.ViewGroup.setRequestedFrameRate:9952 androidx.compose.ui.platform.v0.a:1 androidx.compose.ui.platform.r.dispatchDraw:98 android.view.View.draw:26345 android.view.View.updateDisplayListIfDirty:25175 
03-13 19:46:39.310 10158 10158 I View    : setRequestedFrameRate frameRate=NaN, this=android.view.View{920d1bb V.ED..... ........ 0,0-0,0}, caller=androidx.compose.ui.platform.v0.a:1 androidx.compose.ui.platform.r.dispatchDraw:107 android.view.View.draw:26345 android.view.View.updateDisplayListIfDirty:25175 android.view.ViewGroup.recreateChildDisplayList:4794 
03-13 19:46:39.317  1993  6685 I vendor.qti.bluetooth@1.1-ibs_handler: ProcessIbsCmd: Received IBS_WAKE_IND: 0xFD
03-13 19:46:39.317  1993  6685 D vendor.qti.bluetooth@1.1-ibs_handler: SerialClockVote: vote for UART CLK ON
03-13 19:46:39.318  1993  6685 D vendor.qti.bluetooth@1.1-wake_lock: Acquire wakelock is acquired 
03-13 19:46:39.318  1993  6685 I vendor.qti.bluetooth@1.1-ibs_handler: ProcessIbsCmd: Writing IBS_WAKE_ACK
03-13 19:46:39.319 10158 10158 I View    : setRequestedFrameRate frameRate=NaN, this=androidx.compose.ui.platform.r{63e3fc7 VFED..... ......ID 0,0-1080,2640 aid=1073741828}, caller=android.view.ViewGroup.setRequestedFrameRate:9952 androidx.compose.ui.platform.v0.a:1 androidx.compose.ui.platform.r.dispatchDraw:98 android.view.View.draw:26345 android.view.View.updateDisplayListIfDirty:25175 
03-13 19:46:39.319 10158 10158 I View    : setRequestedFrameRate frameRate=NaN, this=android.view.View{920d1bb V.ED..... ........ 0,0-0,0}, caller=androidx.compose.ui.platform.v0.a:1 androidx.compose.ui.platform.r.dispatchDraw:107 android.view.View.draw:26345 android.view.View.updateDisplayListIfDirty:25175 android.view.ViewGroup.recreateChildDisplayList:4794 
03-13 19:46:39.325  5393  6769 I ScanController: onScanResult to scannerId: 1- eventType=0x1b, addressType=1, address=XX:XX:XX:XX:99:4F, primaryPhy=1, secondaryPhy=0, advertisingSid=0xff, txPower=127, rssi=-65, periodicAdvInt=0x0
03-13 19:46:39.326 10158 10158 I View    : setRequestedFrameRate frameRate=NaN, this=androidx.compose.ui.platform.r{63e3fc7 VFED..... ......ID 0,0-1080,2640 aid=1073741828}, caller=android.view.ViewGroup.setRequestedFrameRate:9952 androidx.compose.ui.platform.v0.a:1 androidx.compose.ui.platform.r.dispatchDraw:98 android.view.View.draw:26345 android.view.View.updateDisplayListIfDirty:25175 
03-13 19:46:39.326 10158 10158 I View    : setRequestedFrameRate frameRate=NaN, this=android.view.View{920d1bb V.ED..... ........ 0,0-0,0}, caller=androidx.compose.ui.platform.v0.a:1 androidx.compose.ui.platform.r.dispatchDraw:107 android.view.View.draw:26345 android.view.View.updateDisplayListIfDirty:25175 android.view.ViewGroup.recreateChildDisplayList:4794 
03-13 19:46:39.327 16161 17325 I NearbyDiscovery: (REDACTED) BloomFilterAdvManager: Detected bloom filter but too far away, ignoring. %sm, %s
03-13 19:46:39.335 10158 10158 I View    : setRequestedFrameRate frameRate=NaN, this=androidx.compose.ui.platform.r{63e3fc7 VFED..... ......ID 0,0-1080,2640 aid=1073741828}, caller=android.view.ViewGroup.setRequestedFrameRate:9952 androidx.compose.ui.platform.v0.a:1 androidx.compose.ui.platform.r.dispatchDraw:98 android.view.View.draw:26345 android.view.View.updateDisplayListIfDirty:25175 
03-13 19:46:39.335 10158 10158 I View    : setRequestedFrameRate frameRate=NaN, this=android.view.View{920d1bb V.ED..... ........ 0,0-0,0}, caller=androidx.compose.ui.platform.v0.a:1 androidx.compose.ui.platform.r.dispatchDraw:107 android.view.View.draw:26345 android.view.View.updateDisplayListIfDirty:25175 android.view.ViewGroup.recreateChildDisplayList:4794 
03-13 19:46:39.343 10158 10158 I View    : setRequestedFrameRate frameRate=NaN, this=androidx.compose.ui.platform.r{63e3fc7 VFED..... ......ID 0,0-1080,2640 aid=1073741828}, caller=android.view.ViewGroup.setRequestedFrameRate:9952 androidx.compose.ui.platform.v0.a:1 androidx.compose.ui.platform.r.dispatchDraw:98 android.view.View.draw:26345 android.view.View.updateDisplayListIfDirty:25175 
03-13 19:46:39.343 10158 10158 I View    : setRequestedFrameRate frameRate=NaN, this=android.view.View{920d1bb V.ED..... ........ 0,0-0,0}, caller=androidx.compose.ui.platform.v0.a:1 androidx.compose.ui.platform.r.dispatchDraw:107 android.view.View.draw:26345 android.view.View.updateDisplayListIfDirty:25175 android.view.ViewGroup.recreateChildDisplayList:4794 
03-13 19:46:39.351 10158 10158 I View    : setRequestedFrameRate frameRate=NaN, this=androidx.compose.ui.platform.r{63e3fc7 VFED..... ......ID 0,0-1080,2640 aid=1073741828}, caller=android.view.ViewGroup.setRequestedFrameRate:9952 androidx.compose.ui.platform.v0.a:1 androidx.compose.ui.platform.r.dispatchDraw:98 android.view.View.draw:26345 android.view.View.updateDisplayListIfDirty:25175 
03-13 19:46:39.352 10158 10158 I View    : setRequestedFrameRate frameRate=NaN, this=android.view.View{920d1bb V.ED..... ........ 0,0-0,0}, caller=androidx.compose.ui.platform.v0.a:1 androidx.compose.ui.platform.r.dispatchDraw:107 android.view.View.draw:26345 android.view.View.updateDisplayListIfDirty:25175 android.view.ViewGroup.recreateChildDisplayList:4794 
03-13 19:46:39.360 10158 10158 I View    : setRequestedFrameRate frameRate=NaN, this=androidx.compose.ui.platform.r{63e3fc7 VFED..... ......ID 0,0-1080,2640 aid=1073741828}, caller=android.view.ViewGroup.setRequestedFrameRate:9952 androidx.compose.ui.platform.v0.a:1 androidx.compose.ui.platform.r.dispatchDraw:98 android.view.View.draw:26345 android.view.View.updateDisplayListIfDirty:25175 
03-13 19:46:39.360 10158 10158 I View    : setRequestedFrameRate frameRate=NaN, this=android.view.View{920d1bb V.ED..... ........ 0,0-0,0}, caller=androidx.compose.ui.platform.v0.a:1 androidx.compose.ui.platform.r.dispatchDraw:107 android.view.View.draw:26345 android.view.View.updateDisplayListIfDirty:25175 android.view.ViewGroup.recreateChildDisplayList:4794 
03-13 19:46:39.362  1993  6685 I vendor.qti.bluetooth@1.1-ibs_handler: ProcessIbsCmd: Received IBS_SLEEP_IND: 0xFE
03-13 19:46:39.362  1993  6685 D vendor.qti.bluetooth@1.1-ibs_handler: SerialClockVote: vote for UART CLK OFF
03-13 19:46:39.368 10158 10158 I View    : setRequestedFrameRate frameRate=NaN, this=androidx.compose.ui.platform.r{63e3fc7 VFED..... ......ID 0,0-1080,2640 aid=1073741828}, caller=android.view.ViewGroup.setRequestedFrameRate:9952 androidx.compose.ui.platform.v0.a:1 androidx.compose.ui.platform.r.dispatchDraw:98 android.view.View.draw:26345 android.view.View.updateDisplayListIfDirty:25175 
03-13 19:46:39.368 10158 10158 I View    : setRequestedFrameRate frameRate=NaN, this=android.view.View{920d1bb V.ED..... ........ 0,0-0,0}, caller=androidx.compose.ui.platform.v0.a:1 androidx.compose.ui.platform.r.dispatchDraw:107 android.view.View.draw:26345 android.view.View.updateDisplayListIfDirty:25175 android.view.ViewGroup.recreateChildDisplayList:4794 
03-13 19:46:39.372 16536 16536 I wpa_supplicant: nl80211: Vendor event: wiphy=0 vendor_id=0x1374 subcmd=182
03-13 19:46:39.372  2017  4098 I WifiHAL : event received NL80211_CMD_VENDOR, vendor_id = 0x1374, subcmd = 0xb6
03-13 19:46:39.372  2611  4100 D LOWI-9.0.1.74: [LOWI-Scan] wait_event:Wait done with Cmd 103
03-13 19:46:39.373  2548  2548 I cnss-daemon: nl80211 response handler invoked
03-13 19:46:39.374  2611  4100 D LOWI-9.0.1.74: [LOWI-Scan] do_listen_events: Rcvd valid Netlink Cmd 0 Err 0
03-13 19:46:39.375  2548  2548 I cnss-daemon: nl80211_response_handler: cmd 103, vendorID 4980, subcmd 182  received
03-13 19:46:39.377 10158 10158 I View    : setRequestedFrameRate frameRate=NaN, this=androidx.compose.ui.platform.r{63e3fc7 VFED..... ......ID 0,0-1080,2640 aid=1073741828}, caller=android.view.ViewGroup.setRequestedFrameRate:9952 androidx.compose.ui.platform.v0.a:1 androidx.compose.ui.platform.r.dispatchDraw:98 android.view.View.draw:26345 android.view.View.updateDisplayListIfDirty:25175 
03-13 19:46:39.377 10158 10158 I View    : setRequestedFrameRate frameRate=NaN, this=android.view.View{920d1bb V.ED..... ........ 0,0-0,0}, caller=androidx.compose.ui.platform.v0.a:1 androidx.compose.ui.platform.r.dispatchDraw:107 android.view.View.draw:26345 android.view.View.updateDisplayListIfDirty:25175 android.view.ViewGroup.recreateChildDisplayList:4794 
03-13 19:46:39.384 10158 10158 I View    : setRequestedFrameRate frameRate=NaN, this=androidx.compose.ui.platform.r{63e3fc7 VFED..... ......ID 0,0-1080,2640 aid=1073741828}, caller=android.view.ViewGroup.setRequestedFrameRate:9952 androidx.compose.ui.platform.v0.a:1 androidx.compose.ui.platform.r.dispatchDraw:98 android.view.View.draw:26345 android.view.View.updateDisplayListIfDirty:25175 
03-13 19:46:39.384 10158 10158 I View    : setRequestedFrameRate frameRate=NaN, this=android.view.View{920d1bb V.ED..... ........ 0,0-0,0}, caller=androidx.compose.ui.platform.v0.a:1 androidx.compose.ui.platform.r.dispatchDraw:107 android.view.View.draw:26345 android.view.View.updateDisplayListIfDirty:25175 android.view.ViewGroup.recreateChildDisplayList:4794 
03-13 19:46:39.392 10158 10158 I View    : setRequestedFrameRate frameRate=NaN, this=androidx.compose.ui.platform.r{63e3fc7 VFED..... ......ID 0,0-1080,2640 aid=1073741828}, caller=android.view.ViewGroup.setRequestedFrameRate:9952 androidx.compose.ui.platform.v0.a:1 androidx.compose.ui.platform.r.dispatchDraw:98 android.view.View.draw:26345 android.view.View.updateDisplayListIfDirty:25175 
03-13 19:46:39.393 10158 10158 I View    : setRequestedFrameRate frameRate=NaN, this=android.view.View{920d1bb V.ED..... ........ 0,0-0,0}, caller=androidx.compose.ui.platform.v0.a:1 androidx.compose.ui.platform.r.dispatchDraw:107 android.view.View.draw:26345 android.view.View.updateDisplayListIfDirty:25175 android.view.ViewGroup.recreateChildDisplayList:4794 
03-13 19:46:39.401 10158 10158 I View    : setRequestedFrameRate frameRate=NaN, this=androidx.compose.ui.platform.r{63e3fc7 VFED..... ......ID 0,0-1080,2640 aid=1073741828}, caller=android.view.ViewGroup.setRequestedFrameRate:9952 androidx.compose.ui.platform.v0.a:1 androidx.compose.ui.platform.r.dispatchDraw:98 android.view.View.draw:26345 android.view.View.updateDisplayListIfDirty:25175 
03-13 19:46:39.401 10158 10158 I View    : setRequestedFrameRate frameRate=NaN, this=android.view.View{920d1bb V.ED..... ........ 0,0-0,0}, caller=androidx.compose.ui.platform.v0.a:1 androidx.compose.ui.platform.r.dispatchDraw:107 android.view.View.draw:26345 android.view.View.updateDisplayListIfDirty:25175 android.view.ViewGroup.recreateChildDisplayList:4794 
03-13 19:46:39.409 10158 10158 I View    : setRequestedFrameRate frameRate=NaN, this=androidx.compose.ui.platform.r{63e3fc7 VFED..... ......ID 0,0-1080,2640 aid=1073741828}, caller=android.view.ViewGroup.setRequestedFrameRate:9952 androidx.compose.ui.platform.v0.a:1 androidx.compose.ui.platform.r.dispatchDraw:98 android.view.View.draw:26345 android.view.View.updateDisplayListIfDirty:25175 
03-13 19:46:39.409 10158 10158 I View    : setRequestedFrameRate frameRate=NaN, this=android.view.View{920d1bb V.ED..... ........ 0,0-0,0}, caller=androidx.compose.ui.platform.v0.a:1 androidx.compose.ui.platform.r.dispatchDraw:107 android.view.View.draw:26345 android.view.View.updateDisplayListIfDirty:25175 android.view.ViewGroup.recreateChildDisplayList:4794 
03-13 19:46:39.412 16161 10402 I HeterodyneSyncer: (REDACTED) Sync completed. fetchReason: %s, fetchPackageName: %s, syncErrorType: %s, individual sync errors: %s.
03-13 19:46:39.413 16161 10402 I HeterodyneSyncer: (REDACTED) Finished notifying packages after sync. syncLatency: %d
03-13 19:46:39.415 16161 10402 I HeterodyneSyncScheduler: (REDACTED) Scheduling adaptive one off task with window [%d, %d] in seconds
03-13 19:46:39.417 10158 10158 I View    : setRequestedFrameRate frameRate=NaN, this=androidx.compose.ui.platform.r{63e3fc7 VFED..... ......ID 0,0-1080,2640 aid=1073741828}, caller=android.view.ViewGroup.setRequestedFrameRate:9952 androidx.compose.ui.platform.v0.a:1 androidx.compose.ui.platform.r.dispatchDraw:98 android.view.View.draw:26345 android.view.View.updateDisplayListIfDirty:25175 
03-13 19:46:39.417 10158 10158 I View    : setRequestedFrameRate frameRate=NaN, this=android.view.View{920d1bb V.ED..... ........ 0,0-0,0}, caller=androidx.compose.ui.platform.v0.a:1 androidx.compose.ui.platform.r.dispatchDraw:107 android.view.View.draw:26345 android.view.View.updateDisplayListIfDirty:25175 android.view.ViewGroup.recreateChildDisplayList:4794 
03-13 19:46:39.426 10158 10158 I View    : setRequestedFrameRate frameRate=NaN, this=androidx.compose.ui.platform.r{63e3fc7 VFED..... ......ID 0,0-1080,2640 aid=1073741828}, caller=android.view.ViewGroup.setRequestedFrameRate:9952 androidx.compose.ui.platform.v0.a:1 androidx.compose.ui.platform.r.dispatchDraw:98 android.view.View.draw:26345 android.view.View.updateDisplayListIfDirty:25175 
03-13 19:46:39.426 10158 10158 I View    : setRequestedFrameRate frameRate=NaN, this=android.view.View{920d1bb V.ED..... ........ 0,0-0,0}, caller=androidx.compose.ui.platform.v0.a:1 androidx.compose.ui.platform.r.dispatchDraw:107 android.view.View.draw:26345 android.view.View.updateDisplayListIfDirty:25175 android.view.ViewGroup.recreateChildDisplayList:4794 
03-13 19:46:39.431 16161 11021 I NetworkScheduler.Stats: (REDACTED) Task %s/%s finished executing. cause:%s result: %s elapsed_millis: %s uptime_millis: %s exec_start_elapsed_seconds: %s
03-13 19:46:39.435 10158 10158 I View    : setRequestedFrameRate frameRate=NaN, this=androidx.compose.ui.platform.r{63e3fc7 VFED..... ......ID 0,0-1080,2640 aid=1073741828}, caller=android.view.ViewGroup.setRequestedFrameRate:9952 androidx.compose.ui.platform.v0.a:1 androidx.compose.ui.platform.r.dispatchDraw:98 android.view.View.draw:26345 android.view.View.updateDisplayListIfDirty:25175 
03-13 19:46:39.435 10158 10158 I View    : setRequestedFrameRate frameRate=NaN, this=android.view.View{920d1bb V.ED..... ........ 0,0-0,0}, caller=androidx.compose.ui.platform.v0.a:1 androidx.compose.ui.platform.r.dispatchDraw:107 android.view.View.draw:26345 android.view.View.updateDisplayListIfDirty:25175 android.view.ViewGroup.recreateChildDisplayList:4794 
03-13 19:46:39.443 10158 10158 I View    : setRequestedFrameRate frameRate=NaN, this=androidx.compose.ui.platform.r{63e3fc7 VFED..... ......ID 0,0-1080,2640 aid=1073741828}, caller=android.view.ViewGroup.setRequestedFrameRate:9952 androidx.compose.ui.platform.v0.a:1 androidx.compose.ui.platform.r.dispatchDraw:98 android.view.View.draw:26345 android.view.View.updateDisplayListIfDirty:25175 
03-13 19:46:39.443 10158 10158 I View    : setRequestedFrameRate frameRate=NaN, this=android.view.View{920d1bb V.ED..... ........ 0,0-0,0}, caller=androidx.compose.ui.platform.v0.a:1 androidx.compose.ui.platform.r.dispatchDraw:107 android.view.View.draw:26345 android.view.View.updateDisplayListIfDirty:25175 android.view.ViewGroup.recreateChildDisplayList:4794 
03-13 19:46:39.445  2007  9521 I sensors-hal: handle_sns_std_sensor_event:409, [SSC_LIGHT] P: 129(129),c:95,b:83,m:13,cl:23,l:129,s:129,l0:12224,l1:16,s0:10286,s1:0,acl:1,opr:0.24,f(r):97,u(bl):108,if:0,wi:1,si:8,po:124(N:0)
03-13 19:46:39.452 10158 10158 I View    : setRequestedFrameRate frameRate=NaN, this=androidx.compose.ui.platform.r{63e3fc7 VFED..... ......ID 0,0-1080,2640 aid=1073741828}, caller=android.view.ViewGroup.setRequestedFrameRate:9952 androidx.compose.ui.platform.v0.a:1 androidx.compose.ui.platform.r.dispatchDraw:98 android.view.View.draw:26345 android.view.View.updateDisplayListIfDirty:25175 
03-13 19:46:39.452 10158 10158 I View    : setRequestedFrameRate frameRate=NaN, this=android.view.View{920d1bb V.ED..... ........ 0,0-0,0}, caller=androidx.compose.ui.platform.v0.a:1 androidx.compose.ui.platform.r.dispatchDraw:107 android.view.View.draw:26345 android.view.View.updateDisplayListIfDirty:25175 android.view.ViewGroup.recreateChildDisplayList:4794 
03-13 19:46:39.460 10158 10158 I View    : setRequestedFrameRate frameRate=NaN, this=androidx.compose.ui.platform.r{63e3fc7 VFED..... ......ID 0,0-1080,2640 aid=1073741828}, caller=android.view.ViewGroup.setRequestedFrameRate:9952 androidx.compose.ui.platform.v0.a:1 androidx.compose.ui.platform.r.dispatchDraw:98 android.view.View.draw:26345 android.view.View.updateDisplayListIfDirty:25175 
03-13 19:46:39.460 10158 10158 I View    : setRequestedFrameRate frameRate=NaN, this=android.view.View{920d1bb V.ED..... ........ 0,0-0,0}, caller=androidx.compose.ui.platform.v0.a:1 androidx.compose.ui.platform.r.dispatchDraw:107 android.view.View.draw:26345 android.view.View.updateDisplayListIfDirty:25175 android.view.ViewGroup.recreateChildDisplayList:4794 
03-13 19:46:39.468 10158 10158 I View    : setRequestedFrameRate frameRate=NaN, this=androidx.compose.ui.platform.r{63e3fc7 VFED..... ......ID 0,0-1080,2640 aid=1073741828}, caller=android.view.ViewGroup.setRequestedFrameRate:9952 androidx.compose.ui.platform.v0.a:1 androidx.compose.ui.platform.r.dispatchDraw:98 android.view.View.draw:26345 android.view.View.updateDisplayListIfDirty:25175 
03-13 19:46:39.468 10158 10158 I View    : setRequestedFrameRate frameRate=NaN, this=android.view.View{920d1bb V.ED..... ........ 0,0-0,0}, caller=androidx.compose.ui.platform.v0.a:1 androidx.compose.ui.platform.r.dispatchDraw:107 android.view.View.draw:26345 android.view.View.updateDisplayListIfDirty:25175 android.view.ViewGroup.recreateChildDisplayList:4794 
03-13 19:46:39.476 10158 10158 I View    : setRequestedFrameRate frameRate=NaN, this=androidx.compose.ui.platform.r{63e3fc7 VFED..... ......ID 0,0-1080,2640 aid=1073741828}, caller=android.view.ViewGroup.setRequestedFrameRate:9952 androidx.compose.ui.platform.v0.a:1 androidx.compose.ui.platform.r.dispatchDraw:98 android.view.View.draw:26345 android.view.View.updateDisplayListIfDirty:25175 
03-13 19:46:39.477 10158 10158 I View    : setRequestedFrameRate frameRate=NaN, this=android.view.View{920d1bb V.ED..... ........ 0,0-0,0}, caller=androidx.compose.ui.platform.v0.a:1 androidx.compose.ui.platform.r.dispatchDraw:107 android.view.View.draw:26345 android.view.View.updateDisplayListIfDirty:25175 android.view.ViewGroup.recreateChildDisplayList:4794 
03-13 19:46:39.485 10158 10158 I View    : setRequestedFrameRate frameRate=NaN, this=androidx.compose.ui.platform.r{63e3fc7 VFED..... ......ID 0,0-1080,2640 aid=1073741828}, caller=android.view.ViewGroup.setRequestedFrameRate:9952 androidx.compose.ui.platform.v0.a:1 androidx.compose.ui.platform.r.dispatchDraw:98 android.view.View.draw:26345 android.view.View.updateDisplayListIfDirty:25175 
03-13 19:46:39.485 10158 10158 I View    : setRequestedFrameRate frameRate=NaN, this=android.view.View{920d1bb V.ED..... ........ 0,0-0,0}, caller=androidx.compose.ui.platform.v0.a:1 androidx.compose.ui.platform.r.dispatchDraw:107 android.view.View.draw:26345 android.view.View.updateDisplayListIfDirty:25175 android.view.ViewGroup.recreateChildDisplayList:4794 
03-13 19:46:39.493 10158 10158 I View    : setRequestedFrameRate frameRate=NaN, this=androidx.compose.ui.platform.r{63e3fc7 VFED..... ......ID 0,0-1080,2640 aid=1073741828}, caller=android.view.ViewGroup.setRequestedFrameRate:9952 androidx.compose.ui.platform.v0.a:1 androidx.compose.ui.platform.r.dispatchDraw:98 android.view.View.draw:26345 android.view.View.updateDisplayListIfDirty:25175 
03-13 19:46:39.493 10158 10158 I View    : setRequestedFrameRate frameRate=NaN, this=android.view.View{920d1bb V.ED..... ........ 0,0-0,0}, caller=androidx.compose.ui.platform.v0.a:1 androidx.compose.ui.platform.r.dispatchDraw:107 android.view.View.draw:26345 android.view.View.updateDisplayListIfDirty:25175 android.view.ViewGroup.recreateChildDisplayList:4794 
03-13 19:46:39.502 10158 10158 I View    : setRequestedFrameRate frameRate=NaN, this=androidx.compose.ui.platform.r{63e3fc7 VFED..... ......ID 0,0-1080,2640 aid=1073741828}, caller=android.view.ViewGroup.setRequestedFrameRate:9952 androidx.compose.ui.platform.v0.a:1 androidx.compose.ui.platform.r.dispatchDraw:98 android.view.View.draw:26345 android.view.View.updateDisplayListIfDirty:25175 
03-13 19:46:39.502 10158 10158 I View    : setRequestedFrameRate frameRate=NaN, this=android.view.View{920d1bb V.ED..... ........ 0,0-0,0}, caller=androidx.compose.ui.platform.v0.a:1 androidx.compose.ui.platform.r.dispatchDraw:107 android.view.View.draw:26345 android.view.View.updateDisplayListIfDirty:25175 android.view.ViewGroup.recreateChildDisplayList:4794 
03-13 19:46:39.510 10158 10158 I View    : setRequestedFrameRate frameRate=NaN, this=androidx.compose.ui.platform.r{63e3fc7 VFED..... ......ID 0,0-1080,2640 aid=1073741828}, caller=android.view.ViewGroup.setRequestedFrameRate:9952 androidx.compose.ui.platform.v0.a:1 androidx.compose.ui.platform.r.dispatchDraw:98 android.view.View.draw:26345 android.view.View.updateDisplayListIfDirty:25175 
03-13 19:46:39.510 10158 10158 I View    : setRequestedFrameRate frameRate=NaN, this=android.view.View{920d1bb V.ED..... ........ 0,0-0,0}, caller=androidx.compose.ui.platform.v0.a:1 androidx.compose.ui.platform.r.dispatchDraw:107 android.view.View.draw:26345 android.view.View.updateDisplayListIfDirty:25175 android.view.ViewGroup.recreateChildDisplayList:4794 
03-13 19:46:39.513  1993  5851 D vendor.qti.bluetooth@1.1-wake_lock: Release wakelock is released 
03-13 19:46:39.518 10158 10158 I View    : setRequestedFrameRate frameRate=NaN, this=androidx.compose.ui.platform.r{63e3fc7 VFED..... ......ID 0,0-1080,2640 aid=1073741828}, caller=android.view.ViewGroup.setRequestedFrameRate:9952 androidx.compose.ui.platform.v0.a:1 androidx.compose.ui.platform.r.dispatchDraw:98 android.view.View.draw:26345 android.view.View.updateDisplayListIfDirty:25175 
03-13 19:46:39.519 10158 10158 I View    : setRequestedFrameRate frameRate=NaN, this=android.view.View{920d1bb V.ED..... ........ 0,0-0,0}, caller=androidx.compose.ui.platform.v0.a:1 androidx.compose.ui.platform.r.dispatchDraw:107 android.view.View.draw:26345 android.view.View.updateDisplayListIfDirty:25175 android.view.ViewGroup.recreateChildDisplayList:4794 
03-13 19:46:39.526 10158 10158 I View    : setRequestedFrameRate frameRate=NaN, this=androidx.compose.ui.platform.r{63e3fc7 VFED..... ......ID 0,0-1080,2640 aid=1073741828}, caller=android.view.ViewGroup.setRequestedFrameRate:9952 androidx.compose.ui.platform.v0.a:1 androidx.compose.ui.platform.r.dispatchDraw:98 android.view.View.draw:26345 android.view.View.updateDisplayListIfDirty:25175 
03-13 19:46:39.526 10158 10158 I View    : setRequestedFrameRate frameRate=NaN, this=android.view.View{920d1bb V.ED..... ........ 0,0-0,0}, caller=androidx.compose.ui.platform.v0.a:1 androidx.compose.ui.platform.r.dispatchDraw:107 android.view.View.draw:26345 android.view.View.updateDisplayListIfDirty:25175 android.view.ViewGroup.recreateChildDisplayList:4794 
03-13 19:46:39.535 10158 10158 I View    : setRequestedFrameRate frameRate=NaN, this=androidx.compose.ui.platform.r{63e3fc7 VFED..... ......ID 0,0-1080,2640 aid=1073741828}, caller=android.view.ViewGroup.setRequestedFrameRate:9952 androidx.compose.ui.platform.v0.a:1 androidx.compose.ui.platform.r.dispatchDraw:98 android.view.View.draw:26345 android.view.View.updateDisplayListIfDirty:25175 
03-13 19:46:39.535 10158 10158 I View    : setRequestedFrameRate frameRate=NaN, this=android.view.View{920d1bb V.ED..... ........ 0,0-0,0}, caller=androidx.compose.ui.platform.v0.a:1 androidx.compose.ui.platform.r.dispatchDraw:107 android.view.View.draw:26345 android.view.View.updateDisplayListIfDirty:25175 android.view.ViewGroup.recreateChildDisplayList:4794 
03-13 19:46:39.543 10158 10158 I View    : setRequestedFrameRate frameRate=NaN, this=androidx.compose.ui.platform.r{63e3fc7 VFED..... ......ID 0,0-1080,2640 aid=1073741828}, caller=android.view.ViewGroup.setRequestedFrameRate:9952 androidx.compose.ui.platform.v0.a:1 androidx.compose.ui.platform.r.dispatchDraw:98 android.view.View.draw:26345 android.view.View.updateDisplayListIfDirty:25175 
03-13 19:46:39.543 10158 10158 I View    : setRequestedFrameRate frameRate=NaN, this=android.view.View{920d1bb V.ED..... ........ 0,0-0,0}, caller=androidx.compose.ui.platform.v0.a:1 androidx.compose.ui.platform.r.dispatchDraw:107 android.view.View.draw:26345 android.view.View.updateDisplayListIfDirty:25175 android.view.ViewGroup.recreateChildDisplayList:4794 
03-13 19:46:39.551 10158 10158 I View    : setRequestedFrameRate frameRate=NaN, this=androidx.compose.ui.platform.r{63e3fc7 VFED..... ......ID 0,0-1080,2640 aid=1073741828}, caller=android.view.ViewGroup.setRequestedFrameRate:9952 androidx.compose.ui.platform.v0.a:1 androidx.compose.ui.platform.r.dispatchDraw:98 android.view.View.draw:26345 android.view.View.updateDisplayListIfDirty:25175 
03-13 19:46:39.552 10158 10158 I View    : setRequestedFrameRate frameRate=NaN, this=android.view.View{920d1bb V.ED..... ........ 0,0-0,0}, caller=androidx.compose.ui.platform.v0.a:1 androidx.compose.ui.platform.r.dispatchDraw:107 android.view.View.draw:26345 android.view.View.updateDisplayListIfDirty:25175 android.view.ViewGroup.recreateChildDisplayList:4794 
03-13 19:46:39.560 10158 10158 I View    : setRequestedFrameRate frameRate=NaN, this=androidx.compose.ui.platform.r{63e3fc7 VFED..... ......ID 0,0-1080,2640 aid=1073741828}, caller=android.view.ViewGroup.setRequestedFrameRate:9952 androidx.compose.ui.platform.v0.a:1 androidx.compose.ui.platform.r.dispatchDraw:98 android.view.View.draw:26345 android.view.View.updateDisplayListIfDirty:25175 
03-13 19:46:39.560 10158 10158 I View    : setRequestedFrameRate frameRate=NaN, this=android.view.View{920d1bb V.ED..... ........ 0,0-0,0}, caller=androidx.compose.ui.platform.v0.a:1 androidx.compose.ui.platform.r.dispatchDraw:107 android.view.View.draw:26345 android.view.View.updateDisplayListIfDirty:25175 android.view.ViewGroup.recreateChildDisplayList:4794 
03-13 19:46:39.568 10158 10158 I View    : setRequestedFrameRate frameRate=NaN, this=androidx.compose.ui.platform.r{63e3fc7 VFED..... ......ID 0,0-1080,2640 aid=1073741828}, caller=android.view.ViewGroup.setRequestedFrameRate:9952 androidx.compose.ui.platform.v0.a:1 androidx.compose.ui.platform.r.dispatchDraw:98 android.view.View.draw:26345 android.view.View.updateDisplayListIfDirty:25175 
03-13 19:46:39.568 10158 10158 I View    : setRequestedFrameRate frameRate=NaN, this=android.view.View{920d1bb V.ED..... ........ 0,0-0,0}, caller=androidx.compose.ui.platform.v0.a:1 androidx.compose.ui.platform.r.dispatchDraw:107 android.view.View.draw:26345 android.view.View.updateDisplayListIfDirty:25175 android.view.ViewGroup.recreateChildDisplayList:4794 
03-13 19:46:39.576 10158 10158 I View    : setRequestedFrameRate frameRate=NaN, this=androidx.compose.ui.platform.r{63e3fc7 VFED..... ......ID 0,0-1080,2640 aid=1073741828}, caller=android.view.ViewGroup.setRequestedFrameRate:9952 androidx.compose.ui.platform.v0.a:1 androidx.compose.ui.platform.r.dispatchDraw:98 android.view.View.draw:26345 android.view.View.updateDisplayListIfDirty:25175 
03-13 19:46:39.576 10158 10158 I View    : setRequestedFrameRate frameRate=NaN, this=android.view.View{920d1bb V.ED..... ........ 0,0-0,0}, caller=androidx.compose.ui.platform.v0.a:1 androidx.compose.ui.platform.r.dispatchDraw:107 android.view.View.draw:26345 android.view.View.updateDisplayListIfDirty:25175 android.view.ViewGroup.recreateChildDisplayList:4794 
03-13 19:46:39.584 10158 10158 I View    : setRequestedFrameRate frameRate=NaN, this=androidx.compose.ui.platform.r{63e3fc7 VFED..... ......ID 0,0-1080,2640 aid=1073741828}, caller=android.view.ViewGroup.setRequestedFrameRate:9952 androidx.compose.ui.platform.v0.a:1 androidx.compose.ui.platform.r.dispatchDraw:98 android.view.View.draw:26345 android.view.View.updateDisplayListIfDirty:25175 
