03-13 19:47:18.369 11866 11866 I View    : setRequestedFrameRate frameRate=NaN, this=android.view.View{dd4763 V.ED..... ........ 0,0-0,0}, caller=androidx.compose.ui.platform.v0.a:1 androidx.compose.ui.platform.r.dispatchDraw:107 android.view.View.draw:26345 android.view.View.updateDisplayListIfDirty:25175 android.view.ViewGroup.recreateChildDisplayList:4794 
03-13 19:47:18.377 11866 11866 I View    : setRequestedFrameRate frameRate=NaN, this=androidx.compose.ui.platform.r{fc5a079 VFED..... ......ID 0,0-1080,2640 aid=1073741828}, caller=android.view.ViewGroup.setRequestedFrameRate:9952 androidx.compose.ui.platform.v0.a:1 androidx.compose.ui.platform.r.dispatchDraw:98 android.view.View.draw:26345 android.view.View.updateDisplayListIfDirty:25175 
03-13 19:47:18.378 11866 11866 I View    : setRequestedFrameRate frameRate=NaN, this=android.view.View{dd4763 V.ED..... ........ 0,0-0,0}, caller=androidx.compose.ui.platform.v0.a:1 androidx.compose.ui.platform.r.dispatchDraw:107 android.view.View.draw:26345 android.view.View.updateDisplayListIfDirty:25175 android.view.ViewGroup.recreateChildDisplayList:4794 
03-13 19:47:18.386 11866 11866 I View    : setRequestedFrameRate frameRate=NaN, this=androidx.compose.ui.platform.r{fc5a079 VFED..... ......ID 0,0-1080,2640 aid=1073741828}, caller=android.view.ViewGroup.setRequestedFrameRate:9952 androidx.compose.ui.platform.v0.a:1 androidx.compose.ui.platform.r.dispatchDraw:98 android.view.View.draw:26345 android.view.View.updateDisplayListIfDirty:25175 
03-13 19:47:18.386 11866 11866 I View    : setRequestedFrameRate frameRate=NaN, this=android.view.View{dd4763 V.ED..... ........ 0,0-0,0}, caller=androidx.compose.ui.platform.v0.a:1 androidx.compose.ui.platform.r.dispatchDraw:107 android.view.View.draw:26345 android.view.View.updateDisplayListIfDirty:25175 android.view.ViewGroup.recreateChildDisplayList:4794 
03-13 19:47:18.394 11866 11866 I View    : setRequestedFrameRate frameRate=NaN, this=androidx.compose.ui.platform.r{fc5a079 VFED..... ......ID 0,0-1080,2640 aid=1073741828}, caller=android.view.ViewGroup.setRequestedFrameRate:9952 androidx.compose.ui.platform.v0.a:1 androidx.compose.ui.platform.r.dispatchDraw:98 android.view.View.draw:26345 android.view.View.updateDisplayListIfDirty:25175 
03-13 19:47:18.394 11866 11866 I View    : setRequestedFrameRate frameRate=NaN, this=android.view.View{dd4763 V.ED..... ........ 0,0-0,0}, caller=androidx.compose.ui.platform.v0.a:1 androidx.compose.ui.platform.r.dispatchDraw:107 android.view.View.draw:26345 android.view.View.updateDisplayListIfDirty:25175 android.view.ViewGroup.recreateChildDisplayList:4794 
03-13 19:47:18.403 11866 11866 I View    : setRequestedFrameRate frameRate=NaN, this=androidx.compose.ui.platform.r{fc5a079 VFED..... ......ID 0,0-1080,2640 aid=1073741828}, caller=android.view.ViewGroup.setRequestedFrameRate:9952 androidx.compose.ui.platform.v0.a:1 androidx.compose.ui.platform.r.dispatchDraw:98 android.view.View.draw:26345 android.view.View.updateDisplayListIfDirty:25175 
03-13 19:47:18.403 11866 11866 I View    : setRequestedFrameRate frameRate=NaN, this=android.view.View{dd4763 V.ED..... ........ 0,0-0,0}, caller=androidx.compose.ui.platform.v0.a:1 androidx.compose.ui.platform.r.dispatchDraw:107 android.view.View.draw:26345 android.view.View.updateDisplayListIfDirty:25175 android.view.ViewGroup.recreateChildDisplayList:4794 
03-13 19:47:18.411 11866 11866 I View    : setRequestedFrameRate frameRate=NaN, this=androidx.compose.ui.platform.r{fc5a079 VFED..... ......ID 0,0-1080,2640 aid=1073741828}, caller=android.view.ViewGroup.setRequestedFrameRate:9952 androidx.compose.ui.platform.v0.a:1 androidx.compose.ui.platform.r.dispatchDraw:98 android.view.View.draw:26345 android.view.View.updateDisplayListIfDirty:25175 
03-13 19:47:18.411 11866 11866 I View    : setRequestedFrameRate frameRate=NaN, this=android.view.View{dd4763 V.ED..... ........ 0,0-0,0}, caller=androidx.compose.ui.platform.v0.a:1 androidx.compose.ui.platform.r.dispatchDraw:107 android.view.View.draw:26345 android.view.View.updateDisplayListIfDirty:25175 android.view.ViewGroup.recreateChildDisplayList:4794 
03-13 19:47:18.419 11866 11866 I View    : setRequestedFrameRate frameRate=NaN, this=androidx.compose.ui.platform.r{fc5a079 VFED..... ......ID 0,0-1080,2640 aid=1073741828}, caller=android.view.ViewGroup.setRequestedFrameRate:9952 androidx.compose.ui.platform.v0.a:1 androidx.compose.ui.platform.r.dispatchDraw:98 android.view.View.draw:26345 android.view.View.updateDisplayListIfDirty:25175 
03-13 19:47:18.419 11866 11866 I View    : setRequestedFrameRate frameRate=NaN, this=android.view.View{dd4763 V.ED..... ........ 0,0-0,0}, caller=androidx.compose.ui.platform.v0.a:1 androidx.compose.ui.platform.r.dispatchDraw:107 android.view.View.draw:26345 android.view.View.updateDisplayListIfDirty:25175 android.view.ViewGroup.recreateChildDisplayList:4794 
03-13 19:47:18.427 11866 11866 I View    : setRequestedFrameRate frameRate=NaN, this=androidx.compose.ui.platform.r{fc5a079 VFED..... ......ID 0,0-1080,2640 aid=1073741828}, caller=android.view.ViewGroup.setRequestedFrameRate:9952 androidx.compose.ui.platform.v0.a:1 androidx.compose.ui.platform.r.dispatchDraw:98 android.view.View.draw:26345 android.view.View.updateDisplayListIfDirty:25175 
03-13 19:47:18.428 11866 11866 I View    : setRequestedFrameRate frameRate=NaN, this=android.view.View{dd4763 V.ED..... ........ 0,0-0,0}, caller=androidx.compose.ui.platform.v0.a:1 androidx.compose.ui.platform.r.dispatchDraw:107 android.view.View.draw:26345 android.view.View.updateDisplayListIfDirty:25175 android.view.ViewGroup.recreateChildDisplayList:4794 
03-13 19:47:18.436 11866 11866 I View    : setRequestedFrameRate frameRate=NaN, this=androidx.compose.ui.platform.r{fc5a079 VFED..... ......ID 0,0-1080,2640 aid=1073741828}, caller=android.view.ViewGroup.setRequestedFrameRate:9952 androidx.compose.ui.platform.v0.a:1 androidx.compose.ui.platform.r.dispatchDraw:98 android.view.View.draw:26345 android.view.View.updateDisplayListIfDirty:25175 
03-13 19:47:18.436 11866 11866 I View    : setRequestedFrameRate frameRate=NaN, this=android.view.View{dd4763 V.ED..... ........ 0,0-0,0}, caller=androidx.compose.ui.platform.v0.a:1 androidx.compose.ui.platform.r.dispatchDraw:107 android.view.View.draw:26345 android.view.View.updateDisplayListIfDirty:25175 android.view.ViewGroup.recreateChildDisplayList:4794 
03-13 19:47:18.444 11866 11866 I View    : setRequestedFrameRate frameRate=NaN, this=androidx.compose.ui.platform.r{fc5a079 VFED..... ......ID 0,0-1080,2640 aid=1073741828}, caller=android.view.ViewGroup.setRequestedFrameRate:9952 androidx.compose.ui.platform.v0.a:1 androidx.compose.ui.platform.r.dispatchDraw:98 android.view.View.draw:26345 android.view.View.updateDisplayListIfDirty:25175 
03-13 19:47:18.444 11866 11866 I View    : setRequestedFrameRate frameRate=NaN, this=android.view.View{dd4763 V.ED..... ........ 0,0-0,0}, caller=androidx.compose.ui.platform.v0.a:1 androidx.compose.ui.platform.r.dispatchDraw:107 android.view.View.draw:26345 android.view.View.updateDisplayListIfDirty:25175 android.view.ViewGroup.recreateChildDisplayList:4794 
03-13 19:47:18.449  3003  3130 D PowerManagerService: displayReady: false groupId=0
03-13 19:47:18.449  3003  3130 D DisplayPowerController[0]: animateScreenStateChange: target=ON, mIsEnabled=true
03-13 19:47:18.449  3003  3130 D DisplayPowerController[1]: animateScreenStateChange: target=OFF, mIsEnabled=false
03-13 19:47:18.450  3003  3130 D PowerManagerService: displayReady: true groupId=0
03-13 19:47:18.452 11866 11866 I View    : setRequestedFrameRate frameRate=NaN, this=androidx.compose.ui.platform.r{fc5a079 VFED..... ......ID 0,0-1080,2640 aid=1073741828}, caller=android.view.ViewGroup.setRequestedFrameRate:9952 androidx.compose.ui.platform.v0.a:1 androidx.compose.ui.platform.r.dispatchDraw:98 android.view.View.draw:26345 android.view.View.updateDisplayListIfDirty:25175 
03-13 19:47:18.452 11866 11866 I View    : setRequestedFrameRate frameRate=NaN, this=android.view.View{dd4763 V.ED..... ........ 0,0-0,0}, caller=androidx.compose.ui.platform.v0.a:1 androidx.compose.ui.platform.r.dispatchDraw:107 android.view.View.draw:26345 android.view.View.updateDisplayListIfDirty:25175 android.view.ViewGroup.recreateChildDisplayList:4794 
03-13 19:47:18.460 11866 11866 I View    : setRequestedFrameRate frameRate=NaN, this=androidx.compose.ui.platform.r{fc5a079 VFED..... ......ID 0,0-1080,2640 aid=1073741828}, caller=android.view.ViewGroup.setRequestedFrameRate:9952 androidx.compose.ui.platform.v0.a:1 androidx.compose.ui.platform.r.dispatchDraw:98 android.view.View.draw:26345 android.view.View.updateDisplayListIfDirty:25175 
03-13 19:47:18.461 11866 11866 I View    : setRequestedFrameRate frameRate=NaN, this=android.view.View{dd4763 V.ED..... ........ 0,0-0,0}, caller=androidx.compose.ui.platform.v0.a:1 androidx.compose.ui.platform.r.dispatchDraw:107 android.view.View.draw:26345 android.view.View.updateDisplayListIfDirty:25175 android.view.ViewGroup.recreateChildDisplayList:4794 
03-13 19:47:18.469 11866 11866 I View    : setRequestedFrameRate frameRate=NaN, this=androidx.compose.ui.platform.r{fc5a079 VFED..... ......ID 0,0-1080,2640 aid=1073741828}, caller=android.view.ViewGroup.setRequestedFrameRate:9952 androidx.compose.ui.platform.v0.a:1 androidx.compose.ui.platform.r.dispatchDraw:98 android.view.View.draw:26345 android.view.View.updateDisplayListIfDirty:25175 
03-13 19:47:18.469 11866 11866 I View    : setRequestedFrameRate frameRate=NaN, this=android.view.View{dd4763 V.ED..... ........ 0,0-0,0}, caller=androidx.compose.ui.platform.v0.a:1 androidx.compose.ui.platform.r.dispatchDraw:107 android.view.View.draw:26345 android.view.View.updateDisplayListIfDirty:25175 android.view.ViewGroup.recreateChildDisplayList:4794 
03-13 19:47:18.478 11866 11866 I View    : setRequestedFrameRate frameRate=NaN, this=androidx.compose.ui.platform.r{fc5a079 VFED..... ......ID 0,0-1080,2640 aid=1073741828}, caller=android.view.ViewGroup.setRequestedFrameRate:9952 androidx.compose.ui.platform.v0.a:1 androidx.compose.ui.platform.r.dispatchDraw:98 android.view.View.draw:26345 android.view.View.updateDisplayListIfDirty:25175 
03-13 19:47:18.478 11866 11866 I View    : setRequestedFrameRate frameRate=NaN, this=android.view.View{dd4763 V.ED..... ........ 0,0-0,0}, caller=androidx.compose.ui.platform.v0.a:1 androidx.compose.ui.platform.r.dispatchDraw:107 android.view.View.draw:26345 android.view.View.updateDisplayListIfDirty:25175 android.view.ViewGroup.recreateChildDisplayList:4794 
03-13 19:47:18.486 11866 11866 I View    : setRequestedFrameRate frameRate=NaN, this=androidx.compose.ui.platform.r{fc5a079 VFED..... ......ID 0,0-1080,2640 aid=1073741828}, caller=android.view.ViewGroup.setRequestedFrameRate:9952 androidx.compose.ui.platform.v0.a:1 androidx.compose.ui.platform.r.dispatchDraw:98 android.view.View.draw:26345 android.view.View.updateDisplayListIfDirty:25175 
03-13 19:47:18.486 11866 11866 I View    : setRequestedFrameRate frameRate=NaN, this=android.view.View{dd4763 V.ED..... ........ 0,0-0,0}, caller=androidx.compose.ui.platform.v0.a:1 androidx.compose.ui.platform.r.dispatchDraw:107 android.view.View.draw:26345 android.view.View.updateDisplayListIfDirty:25175 android.view.ViewGroup.recreateChildDisplayList:4794 
03-13 19:47:18.494 11866 11866 I View    : setRequestedFrameRate frameRate=NaN, this=androidx.compose.ui.platform.r{fc5a079 VFED..... ......ID 0,0-1080,2640 aid=1073741828}, caller=android.view.ViewGroup.setRequestedFrameRate:9952 androidx.compose.ui.platform.v0.a:1 androidx.compose.ui.platform.r.dispatchDraw:98 android.view.View.draw:26345 android.view.View.updateDisplayListIfDirty:25175 
03-13 19:47:18.494 11866 11866 I View    : setRequestedFrameRate frameRate=NaN, this=android.view.View{dd4763 V.ED..... ........ 0,0-0,0}, caller=androidx.compose.ui.platform.v0.a:1 androidx.compose.ui.platform.r.dispatchDraw:107 android.view.View.draw:26345 android.view.View.updateDisplayListIfDirty:25175 android.view.ViewGroup.recreateChildDisplayList:4794 
03-13 19:47:18.502 11866 11866 I View    : setRequestedFrameRate frameRate=NaN, this=androidx.compose.ui.platform.r{fc5a079 VFED..... ......ID 0,0-1080,2640 aid=1073741828}, caller=android.view.ViewGroup.setRequestedFrameRate:9952 androidx.compose.ui.platform.v0.a:1 androidx.compose.ui.platform.r.dispatchDraw:98 android.view.View.draw:26345 android.view.View.updateDisplayListIfDirty:25175 
03-13 19:47:18.502 11866 11866 I View    : setRequestedFrameRate frameRate=NaN, this=android.view.View{dd4763 V.ED..... ........ 0,0-0,0}, caller=androidx.compose.ui.platform.v0.a:1 androidx.compose.ui.platform.r.dispatchDraw:107 android.view.View.draw:26345 android.view.View.updateDisplayListIfDirty:25175 android.view.ViewGroup.recreateChildDisplayList:4794 
03-13 19:47:18.510 11866 11866 I View    : setRequestedFrameRate frameRate=NaN, this=androidx.compose.ui.platform.r{fc5a079 VFED..... ......ID 0,0-1080,2640 aid=1073741828}, caller=android.view.ViewGroup.setRequestedFrameRate:9952 androidx.compose.ui.platform.v0.a:1 androidx.compose.ui.platform.r.dispatchDraw:98 android.view.View.draw:26345 android.view.View.updateDisplayListIfDirty:25175 
03-13 19:47:18.511 11866 11866 I View    : setRequestedFrameRate frameRate=NaN, this=android.view.View{dd4763 V.ED..... ........ 0,0-0,0}, caller=androidx.compose.ui.platform.v0.a:1 androidx.compose.ui.platform.r.dispatchDraw:107 android.view.View.draw:26345 android.view.View.updateDisplayListIfDirty:25175 android.view.ViewGroup.recreateChildDisplayList:4794 
03-13 19:47:18.519 11866 11866 I View    : setRequestedFrameRate frameRate=NaN, this=androidx.compose.ui.platform.r{fc5a079 VFED..... ......ID 0,0-1080,2640 aid=1073741828}, caller=android.view.ViewGroup.setRequestedFrameRate:9952 androidx.compose.ui.platform.v0.a:1 androidx.compose.ui.platform.r.dispatchDraw:98 android.view.View.draw:26345 android.view.View.updateDisplayListIfDirty:25175 
03-13 19:47:18.519 11866 11866 I View    : setRequestedFrameRate frameRate=NaN, this=android.view.View{dd4763 V.ED..... ........ 0,0-0,0}, caller=androidx.compose.ui.platform.v0.a:1 androidx.compose.ui.platform.r.dispatchDraw:107 android.view.View.draw:26345 android.view.View.updateDisplayListIfDirty:25175 android.view.ViewGroup.recreateChildDisplayList:4794 
03-13 19:47:18.527 11866 11866 I View    : setRequestedFrameRate frameRate=NaN, this=androidx.compose.ui.platform.r{fc5a079 VFED..... ......ID 0,0-1080,2640 aid=1073741828}, caller=android.view.ViewGroup.setRequestedFrameRate:9952 androidx.compose.ui.platform.v0.a:1 androidx.compose.ui.platform.r.dispatchDraw:98 android.view.View.draw:26345 android.view.View.updateDisplayListIfDirty:25175 
03-13 19:47:18.528 11866 11866 I View    : setRequestedFrameRate frameRate=NaN, this=android.view.View{dd4763 V.ED..... ........ 0,0-0,0}, caller=androidx.compose.ui.platform.v0.a:1 androidx.compose.ui.platform.r.dispatchDraw:107 android.view.View.draw:26345 android.view.View.updateDisplayListIfDirty:25175 android.view.ViewGroup.recreateChildDisplayList:4794 
03-13 19:47:18.536 11866 11866 I View    : setRequestedFrameRate frameRate=NaN, this=androidx.compose.ui.platform.r{fc5a079 VFED..... ......ID 0,0-1080,2640 aid=1073741828}, caller=android.view.ViewGroup.setRequestedFrameRate:9952 androidx.compose.ui.platform.v0.a:1 androidx.compose.ui.platform.r.dispatchDraw:98 android.view.View.draw:26345 android.view.View.updateDisplayListIfDirty:25175 
03-13 19:47:18.536 11866 11866 I View    : setRequestedFrameRate frameRate=NaN, this=android.view.View{dd4763 V.ED..... ........ 0,0-0,0}, caller=androidx.compose.ui.platform.v0.a:1 androidx.compose.ui.platform.r.dispatchDraw:107 android.view.View.draw:26345 android.view.View.updateDisplayListIfDirty:25175 android.view.ViewGroup.recreateChildDisplayList:4794 
03-13 19:47:18.544 11866 11866 I View    : setRequestedFrameRate frameRate=NaN, this=androidx.compose.ui.platform.r{fc5a079 VFED..... ......ID 0,0-1080,2640 aid=1073741828}, caller=android.view.ViewGroup.setRequestedFrameRate:9952 androidx.compose.ui.platform.v0.a:1 androidx.compose.ui.platform.r.dispatchDraw:98 android.view.View.draw:26345 android.view.View.updateDisplayListIfDirty:25175 
03-13 19:47:18.544 11866 11866 I View    : setRequestedFrameRate frameRate=NaN, this=android.view.View{dd4763 V.ED..... ........ 0,0-0,0}, caller=androidx.compose.ui.platform.v0.a:1 androidx.compose.ui.platform.r.dispatchDraw:107 android.view.View.draw:26345 android.view.View.updateDisplayListIfDirty:25175 android.view.ViewGroup.recreateChildDisplayList:4794 
03-13 19:47:18.552 11866 11866 I View    : setRequestedFrameRate frameRate=NaN, this=androidx.compose.ui.platform.r{fc5a079 VFED..... ......ID 0,0-1080,2640 aid=1073741828}, caller=android.view.ViewGroup.setRequestedFrameRate:9952 androidx.compose.ui.platform.v0.a:1 androidx.compose.ui.platform.r.dispatchDraw:98 android.view.View.draw:26345 android.view.View.updateDisplayListIfDirty:25175 
03-13 19:47:18.552 11866 11866 I View    : setRequestedFrameRate frameRate=NaN, this=android.view.View{dd4763 V.ED..... ........ 0,0-0,0}, caller=androidx.compose.ui.platform.v0.a:1 androidx.compose.ui.platform.r.dispatchDraw:107 android.view.View.draw:26345 android.view.View.updateDisplayListIfDirty:25175 android.view.ViewGroup.recreateChildDisplayList:4794 
03-13 19:47:18.561 11866 11866 I View    : setRequestedFrameRate frameRate=NaN, this=androidx.compose.ui.platform.r{fc5a079 VFED..... ......ID 0,0-1080,2640 aid=1073741828}, caller=android.view.ViewGroup.setRequestedFrameRate:9952 androidx.compose.ui.platform.v0.a:1 androidx.compose.ui.platform.r.dispatchDraw:98 android.view.View.draw:26345 android.view.View.updateDisplayListIfDirty:25175 
03-13 19:47:18.561 11866 11866 I View    : setRequestedFrameRate frameRate=NaN, this=android.view.View{dd4763 V.ED..... ........ 0,0-0,0}, caller=androidx.compose.ui.platform.v0.a:1 androidx.compose.ui.platform.r.dispatchDraw:107 android.view.View.draw:26345 android.view.View.updateDisplayListIfDirty:25175 android.view.ViewGroup.recreateChildDisplayList:4794 
03-13 19:47:18.567  2007 12669 I sensors-hal: handle_sns_client_event:197, auto_rotation_debug_2 mode,255, type,1,0 acc,-6.370,-1.603,5.168, ar,0, h_ic,0,0, s,2, ver,14, pedo,1,e,1,i,3
03-13 19:47:18.569 11866 11866 I View    : setRequestedFrameRate frameRate=NaN, this=androidx.compose.ui.platform.r{fc5a079 VFED..... ......ID 0,0-1080,2640 aid=1073741828}, caller=android.view.ViewGroup.setRequestedFrameRate:9952 androidx.compose.ui.platform.v0.a:1 androidx.compose.ui.platform.r.dispatchDraw:98 android.view.View.draw:26345 android.view.View.updateDisplayListIfDirty:25175 
03-13 19:47:18.569 11866 11866 I View    : setRequestedFrameRate frameRate=NaN, this=android.view.View{dd4763 V.ED..... ........ 0,0-0,0}, caller=androidx.compose.ui.platform.v0.a:1 androidx.compose.ui.platform.r.dispatchDraw:107 android.view.View.draw:26345 android.view.View.updateDisplayListIfDirty:25175 android.view.ViewGroup.recreateChildDisplayList:4794 
03-13 19:47:18.577 11866 11866 I View    : setRequestedFrameRate frameRate=NaN, this=androidx.compose.ui.platform.r{fc5a079 VFED..... ......ID 0,0-1080,2640 aid=1073741828}, caller=android.view.ViewGroup.setRequestedFrameRate:9952 androidx.compose.ui.platform.v0.a:1 androidx.compose.ui.platform.r.dispatchDraw:98 android.view.View.draw:26345 android.view.View.updateDisplayListIfDirty:25175 
03-13 19:47:18.577 11866 11866 I View    : setRequestedFrameRate frameRate=NaN, this=android.view.View{dd4763 V.ED..... ........ 0,0-0,0}, caller=androidx.compose.ui.platform.v0.a:1 androidx.compose.ui.platform.r.dispatchDraw:107 android.view.View.draw:26345 android.view.View.updateDisplayListIfDirty:25175 android.view.ViewGroup.recreateChildDisplayList:4794 
03-13 19:47:18.585 11866 11866 I View    : setRequestedFrameRate frameRate=NaN, this=androidx.compose.ui.platform.r{fc5a079 VFED..... ......ID 0,0-1080,2640 aid=1073741828}, caller=android.view.ViewGroup.setRequestedFrameRate:9952 androidx.compose.ui.platform.v0.a:1 androidx.compose.ui.platform.r.dispatchDraw:98 android.view.View.draw:26345 android.view.View.updateDisplayListIfDirty:25175 
03-13 19:47:18.585 11866 11866 I View    : setRequestedFrameRate frameRate=NaN, this=android.view.View{dd4763 V.ED..... ........ 0,0-0,0}, caller=androidx.compose.ui.platform.v0.a:1 androidx.compose.ui.platform.r.dispatchDraw:107 android.view.View.draw:26345 android.view.View.updateDisplayListIfDirty:25175 android.view.ViewGroup.recreateChildDisplayList:4794 
03-13 19:47:18.594 11866 11866 I View    : setRequestedFrameRate frameRate=NaN, this=androidx.compose.ui.platform.r{fc5a079 VFED..... ......ID 0,0-1080,2640 aid=1073741828}, caller=android.view.ViewGroup.setRequestedFrameRate:9952 androidx.compose.ui.platform.v0.a:1 androidx.compose.ui.platform.r.dispatchDraw:98 android.view.View.draw:26345 android.view.View.updateDisplayListIfDirty:25175 
03-13 19:47:18.594 11866 11866 I View    : setRequestedFrameRate frameRate=NaN, this=android.view.View{dd4763 V.ED..... ........ 0,0-0,0}, caller=androidx.compose.ui.platform.v0.a:1 androidx.compose.ui.platform.r.dispatchDraw:107 android.view.View.draw:26345 android.view.View.updateDisplayListIfDirty:25175 android.view.ViewGroup.recreateChildDisplayList:4794 
03-13 19:47:18.602 11866 11866 I View    : setRequestedFrameRate frameRate=NaN, this=androidx.compose.ui.platform.r{fc5a079 VFED..... ......ID 0,0-1080,2640 aid=1073741828}, caller=android.view.ViewGroup.setRequestedFrameRate:9952 androidx.compose.ui.platform.v0.a:1 androidx.compose.ui.platform.r.dispatchDraw:98 android.view.View.draw:26345 android.view.View.updateDisplayListIfDirty:25175 
03-13 19:47:18.602 11866 11866 I View    : setRequestedFrameRate frameRate=NaN, this=android.view.View{dd4763 V.ED..... ........ 0,0-0,0}, caller=androidx.compose.ui.platform.v0.a:1 androidx.compose.ui.platform.r.dispatchDraw:107 android.view.View.draw:26345 android.view.View.updateDisplayListIfDirty:25175 android.view.ViewGroup.recreateChildDisplayList:4794 
03-13 19:47:18.611 11866 11866 I View    : setRequestedFrameRate frameRate=NaN, this=androidx.compose.ui.platform.r{fc5a079 VFED..... ......ID 0,0-1080,2640 aid=1073741828}, caller=android.view.ViewGroup.setRequestedFrameRate:9952 androidx.compose.ui.platform.v0.a:1 androidx.compose.ui.platform.r.dispatchDraw:98 android.view.View.draw:26345 android.view.View.updateDisplayListIfDirty:25175 
03-13 19:47:18.611 11866 11866 I View    : setRequestedFrameRate frameRate=NaN, this=android.view.View{dd4763 V.ED..... ........ 0,0-0,0}, caller=androidx.compose.ui.platform.v0.a:1 androidx.compose.ui.platform.r.dispatchDraw:107 android.view.View.draw:26345 android.view.View.updateDisplayListIfDirty:25175 android.view.ViewGroup.recreateChildDisplayList:4794 
03-13 19:47:18.619 11866 11866 I View    : setRequestedFrameRate frameRate=NaN, this=androidx.compose.ui.platform.r{fc5a079 VFED..... ......ID 0,0-1080,2640 aid=1073741828}, caller=android.view.ViewGroup.setRequestedFrameRate:9952 androidx.compose.ui.platform.v0.a:1 androidx.compose.ui.platform.r.dispatchDraw:98 android.view.View.draw:26345 android.view.View.updateDisplayListIfDirty:25175 
03-13 19:47:18.619 11866 11866 I View    : setRequestedFrameRate frameRate=NaN, this=android.view.View{dd4763 V.ED..... ........ 0,0-0,0}, caller=androidx.compose.ui.platform.v0.a:1 androidx.compose.ui.platform.r.dispatchDraw:107 android.view.View.draw:26345 android.view.View.updateDisplayListIfDirty:25175 android.view.ViewGroup.recreateChildDisplayList:4794 
03-13 19:47:18.627 11866 11866 I View    : setRequestedFrameRate frameRate=NaN, this=androidx.compose.ui.platform.r{fc5a079 VFED..... ......ID 0,0-1080,2640 aid=1073741828}, caller=android.view.ViewGroup.setRequestedFrameRate:9952 androidx.compose.ui.platform.v0.a:1 androidx.compose.ui.platform.r.dispatchDraw:98 android.view.View.draw:26345 android.view.View.updateDisplayListIfDirty:25175 
03-13 19:47:18.627 11866 11866 I View    : setRequestedFrameRate frameRate=NaN, this=android.view.View{dd4763 V.ED..... ........ 0,0-0,0}, caller=androidx.compose.ui.platform.v0.a:1 androidx.compose.ui.platform.r.dispatchDraw:107 android.view.View.draw:26345 android.view.View.updateDisplayListIfDirty:25175 android.view.ViewGroup.recreateChildDisplayList:4794 
03-13 19:47:18.636 11866 11866 I View    : setRequestedFrameRate frameRate=NaN, this=androidx.compose.ui.platform.r{fc5a079 VFED..... ......ID 0,0-1080,2640 aid=1073741828}, caller=android.view.ViewGroup.setRequestedFrameRate:9952 androidx.compose.ui.platform.v0.a:1 androidx.compose.ui.platform.r.dispatchDraw:98 android.view.View.draw:26345 android.view.View.updateDisplayListIfDirty:25175 
03-13 19:47:18.636 11866 11866 I View    : setRequestedFrameRate frameRate=NaN, this=android.view.View{dd4763 V.ED..... ........ 0,0-0,0}, caller=androidx.compose.ui.platform.v0.a:1 androidx.compose.ui.platform.r.dispatchDraw:107 android.view.View.draw:26345 android.view.View.updateDisplayListIfDirty:25175 android.view.ViewGroup.recreateChildDisplayList:4794 
03-13 19:47:18.644 11866 11866 I View    : setRequestedFrameRate frameRate=NaN, this=androidx.compose.ui.platform.r{fc5a079 VFED..... ......ID 0,0-1080,2640 aid=1073741828}, caller=android.view.ViewGroup.setRequestedFrameRate:9952 androidx.compose.ui.platform.v0.a:1 androidx.compose.ui.platform.r.dispatchDraw:98 android.view.View.draw:26345 android.view.View.updateDisplayListIfDirty:25175 
03-13 19:47:18.644 11866 11866 I View    : setRequestedFrameRate frameRate=NaN, this=android.view.View{dd4763 V.ED..... ........ 0,0-0,0}, caller=androidx.compose.ui.platform.v0.a:1 androidx.compose.ui.platform.r.dispatchDraw:107 android.view.View.draw:26345 android.view.View.updateDisplayListIfDirty:25175 android.view.ViewGroup.recreateChildDisplayList:4794 
03-13 19:47:18.649  3003  3130 D PowerManagerService: displayReady: false groupId=0
03-13 19:47:18.649  3003  3130 D DisplayPowerController[0]: animateScreenStateChange: target=ON, mIsEnabled=true
03-13 19:47:18.650  3003  3130 D DisplayPowerController[1]: animateScreenStateChange: target=OFF, mIsEnabled=false
03-13 19:47:18.650  3003  3130 D PowerManagerService: displayReady: true groupId=0
03-13 19:47:18.652 11866 11866 I View    : setRequestedFrameRate frameRate=NaN, this=androidx.compose.ui.platform.r{fc5a079 VFED..... ......ID 0,0-1080,2640 aid=1073741828}, caller=android.view.ViewGroup.setRequestedFrameRate:9952 androidx.compose.ui.platform.v0.a:1 androidx.compose.ui.platform.r.dispatchDraw:98 android.view.View.draw:26345 android.view.View.updateDisplayListIfDirty:25175 
03-13 19:47:18.653 11866 11866 I View    : setRequestedFrameRate frameRate=NaN, this=android.view.View{dd4763 V.ED..... ........ 0,0-0,0}, caller=androidx.compose.ui.platform.v0.a:1 androidx.compose.ui.platform.r.dispatchDraw:107 android.view.View.draw:26345 android.view.View.updateDisplayListIfDirty:25175 android.view.ViewGroup.recreateChildDisplayList:4794 
03-13 19:47:18.661 11866 11866 I View    : setRequestedFrameRate frameRate=NaN, this=androidx.compose.ui.platform.r{fc5a079 VFED..... ......ID 0,0-1080,2640 aid=1073741828}, caller=android.view.ViewGroup.setRequestedFrameRate:9952 androidx.compose.ui.platform.v0.a:1 androidx.compose.ui.platform.r.dispatchDraw:98 android.view.View.draw:26345 android.view.View.updateDisplayListIfDirty:25175 
03-13 19:47:18.661 11866 11866 I View    : setRequestedFrameRate frameRate=NaN, this=android.view.View{dd4763 V.ED..... ........ 0,0-0,0}, caller=androidx.compose.ui.platform.v0.a:1 androidx.compose.ui.platform.r.dispatchDraw:107 android.view.View.draw:26345 android.view.View.updateDisplayListIfDirty:25175 android.view.ViewGroup.recreateChildDisplayList:4794 
03-13 19:47:18.669 11866 11866 I View    : setRequestedFrameRate frameRate=NaN, this=androidx.compose.ui.platform.r{fc5a079 VFED..... ......ID 0,0-1080,2640 aid=1073741828}, caller=android.view.ViewGroup.setRequestedFrameRate:9952 androidx.compose.ui.platform.v0.a:1 androidx.compose.ui.platform.r.dispatchDraw:98 android.view.View.draw:26345 android.view.View.updateDisplayListIfDirty:25175 
03-13 19:47:18.669 11866 11866 I View    : setRequestedFrameRate frameRate=NaN, this=android.view.View{dd4763 V.ED..... ........ 0,0-0,0}, caller=androidx.compose.ui.platform.v0.a:1 androidx.compose.ui.platform.r.dispatchDraw:107 android.view.View.draw:26345 android.view.View.updateDisplayListIfDirty:25175 android.view.ViewGroup.recreateChildDisplayList:4794 
03-13 19:47:18.677 11866 11866 I View    : setRequestedFrameRate frameRate=NaN, this=androidx.compose.ui.platform.r{fc5a079 VFED..... ......ID 0,0-1080,2640 aid=1073741828}, caller=android.view.ViewGroup.setRequestedFrameRate:9952 androidx.compose.ui.platform.v0.a:1 androidx.compose.ui.platform.r.dispatchDraw:98 android.view.View.draw:26345 android.view.View.updateDisplayListIfDirty:25175 
03-13 19:47:18.677 11866 11866 I View    : setRequestedFrameRate frameRate=NaN, this=android.view.View{dd4763 V.ED..... ........ 0,0-0,0}, caller=androidx.compose.ui.platform.v0.a:1 androidx.compose.ui.platform.r.dispatchDraw:107 android.view.View.draw:26345 android.view.View.updateDisplayListIfDirty:25175 android.view.ViewGroup.recreateChildDisplayList:4794 
03-13 19:47:18.686 11866 11866 I View    : setRequestedFrameRate frameRate=NaN, this=androidx.compose.ui.platform.r{fc5a079 VFED..... ......ID 0,0-1080,2640 aid=1073741828}, caller=android.view.ViewGroup.setRequestedFrameRate:9952 androidx.compose.ui.platform.v0.a:1 androidx.compose.ui.platform.r.dispatchDraw:98 android.view.View.draw:26345 android.view.View.updateDisplayListIfDirty:25175 
03-13 19:47:18.686 11866 11866 I View    : setRequestedFrameRate frameRate=NaN, this=android.view.View{dd4763 V.ED..... ........ 0,0-0,0}, caller=androidx.compose.ui.platform.v0.a:1 androidx.compose.ui.platform.r.dispatchDraw:107 android.view.View.draw:26345 android.view.View.updateDisplayListIfDirty:25175 android.view.ViewGroup.recreateChildDisplayList:4794 
03-13 19:47:18.691  2007 11214 I sensors-hal: handle_sns_std_sensor_event:409, [SSC_LIGHT] P: 222(222),c:95,b:85,m:13,cl:23,l:225,s:227,l0:20032,l1:48,s0:17968,s1:0,acl:1,opr:0.24,f(r):97,u(bl):108,if:0,wi:3,si:12,po:0(N:0)
03-13 19:47:18.694 11866 11866 I View    : setRequestedFrameRate frameRate=NaN, this=androidx.compose.ui.platform.r{fc5a079 VFED..... ......ID 0,0-1080,2640 aid=1073741828}, caller=android.view.ViewGroup.setRequestedFrameRate:9952 androidx.compose.ui.platform.v0.a:1 androidx.compose.ui.platform.r.dispatchDraw:98 android.view.View.draw:26345 android.view.View.updateDisplayListIfDirty:25175 
03-13 19:47:18.694 11866 11866 I View    : setRequestedFrameRate frameRate=NaN, this=android.view.View{dd4763 V.ED..... ........ 0,0-0,0}, caller=androidx.compose.ui.platform.v0.a:1 androidx.compose.ui.platform.r.dispatchDraw:107 android.view.View.draw:26345 android.view.View.updateDisplayListIfDirty:25175 android.view.ViewGroup.recreateChildDisplayList:4794 
03-13 19:47:18.697  3003  7743 D SemWifiUsabilityStatsMonitor: onWifiUsabilityStats - seqNum 25098, isSameBssidAndFreq true
03-13 19:47:18.698  3003  4029 I SemWifiLinkQualityMonitor: Link stat: 186 / 2 / 1.20 (30) / 573 / -65.0 || 100.0 : 573.00 / 0.5 : 0.83 / 0.55 : 0.01 / G (G) || 1cf112895765: 0.087 / 92.225 / N || N N / 0 0 / Y 2.0 / Y X 0 / 92227694 0 || Invalid
03-13 19:47:18.699  3003  3941 D ConnectivityService: notifyType CALLBACK_CAP_CHANGED for [115 WIFI]
03-13 19:47:18.699  3003  4030 D InsDataManager: onOutageCountUpdate() - Outage Data: 0, LQ : Y. Outage Triggered: false
03-13 19:47:18.699  3003  4030 D InsDataManager: Trying to save initial normal data.
03-13 19:47:18.699  3003  4030 D SensorCollector: syncMappedBuffers: 0, 0, 99
03-13 19:47:18.700  3003  4030 D InsDataManager: trimBuffers start.
03-13 19:47:18.700  3003  4030 D InsDataManager: trimBuffers - nsmBuffer size: 25
03-13 19:47:18.700  3003  3980 D SemWifiApNsd:Client: lpInterface:wlan0
03-13 19:47:18.700  3003  3980 D SemWifiSwitchForIndividualAppsService: stopTCPMonitoring : already stopped
03-13 19:47:18.700  3003  3980 I WifiConnectivityMonitor.NCC: sNetworkCallback(oCC) FULL : 115(valid: true/captive: false)
03-13 19:47:18.700  3003  4030 D InsDataManager: Too short for collecting additional normal data
03-13 19:47:18.701  3003  3980 I WifiConnectivityMonitor.NCC: [ Transports: WIFI Capabilities: NOT_METERED&INTERNET&NOT_RESTRICTED&TRUSTED&NOT_VPN&VALIDATED&NOT_ROAMING&FOREGROUND&NOT_CONGESTED&NOT_SUSPENDED&NOT_VCN_MANAGED&NOT_BANDWIDTH_CONSTRAINED LinkUpBandwidth>=3533Kbps LinkDnBandwidth>=121420Kbps TransportInfo: <SSID: <unknown ssid>, BSSID: 02:00:00:**:**:00, MAC: 02:00:00:**:**:00, IP: /10.**.*.215, Security type: 3, Supplicant state: COMPLETED, Wi-Fi standard: 11ax, RSSI: -65, Link speed: 573Mbps, Tx Link speed: 573Mbps, Max Supported Tx Link speed: 573Mbps, Rx Link speed: 458Mbps, Max Supported Rx Link speed: 573Mbps, Frequency: 5805MHz, Net ID: -1, Metered hint: false, score: 60, isUsable: true, CarrierMerged: false, SubscriptionId: -1, IsPrimary: 1, Trusted: true, Restricted: false, Ephemeral: false, OEM paid: false, OEM private: false, OSU AP: false, FQDN: <none>, Provider friendly name: <none>, Requesting package name: <none><none>MLO Information: , Is TID-To-Link negotiation supported by the AP: false, AP MLD Address: <none>, AP MLO Link Id: <none>, AP MLO Affiliated links: <none>, Vendor Data: <none>> SignalStrength: -65 AdminUids: [1000] SSID: "MSU-Secure" UnderlyingNetworks: Null]
03-13 19:47:18.701  3003  4030 D SemInsManager: {"bssid": "1cf112895765","rssi": -65.0,"latency": 0.0867442142802944,"outage_count": 0,"lq_callback_triggered": true,"outage_log": "Link stat: 186 / 2 / 1.20 (30) / 573 / -65.0 || 100.0 : 573.00 / 0.5 : 0.83 / 0.55 : 0.01 / G (G) || 1cf112895765: 0.087 / 92.225 / N || N N / 0 0 / Y 2.0 / Y X 0 / 92227694 0 || Invalid""Magnetic Sensor Events size": "0""Pressure Sensor Events size": "0"}
03-13 19:47:18.701  3003  4058 D WifiConnectivityMonitor: HANDLE_ON_CAPABILITIES_CHANGED
03-13 19:47:18.701  3003  4058 I WifiConnectivityMonitor: determineMode : MODE_NON_SWITCHABLE_BY_POOR_NETWORK_DETECTION_DISABLED
03-13 19:47:18.701  3003  4058 D OpenNetworkQos[4.00]: updateBssidNoInternet: mBssidNoInternet = false
03-13 19:47:18.703 11866 11866 I View    : setRequestedFrameRate frameRate=NaN, this=androidx.compose.ui.platform.r{fc5a079 VFED..... ......ID 0,0-1080,2640 aid=1073741828}, caller=android.view.ViewGroup.setRequestedFrameRate:9952 androidx.compose.ui.platform.v0.a:1 androidx.compose.ui.platform.r.dispatchDraw:98 android.view.View.draw:26345 android.view.View.updateDisplayListIfDirty:25175 
03-13 19:47:18.703 11866 11866 I View    : setRequestedFrameRate frameRate=NaN, this=android.view.View{dd4763 V.ED..... ........ 0,0-0,0}, caller=androidx.compose.ui.platform.v0.a:1 androidx.compose.ui.platform.r.dispatchDraw:107 android.view.View.draw:26345 android.view.View.updateDisplayListIfDirty:25175 android.view.ViewGroup.recreateChildDisplayList:4794 
03-13 19:47:18.702  3003  4058 D OpenNetworkQos[4.00]: getOpenNetworkQosNoInternetStatus: false
03-13 19:47:18.705  3003  4058 D OpenNetworkQos[4.00]: getOpenNetworkQosScores: 30 30 26 
03-13 19:47:18.705  4205  4574 I WifiPickerTracker: DefaultNetworkCallback : onCapabilitiesChanged
03-13 19:47:18.706  4205  4574 I WifiPickerTracker: NetworkCallback : onCapabilitiesChanged
03-13 19:47:18.706  3003  4050 D SemApeService: Deducted link capacity (M: R=320 T=401) RSSI=-65
03-13 19:47:18.706  4600  5502 D txpwrJni: sendNetworkInfo start
03-13 19:47:18.707  4600  5502 D txpwrJni: sendNetworkInfo RatType 0
03-13 19:47:18.707  3003  4050 D SemApeService: Deducted link capacity (M: R=320 T=401) on (wlan0) GoogleAPI(M: R=121 T=3) RSSI=-65 isDefault=false isMlo=false
03-13 19:47:18.707  3003  4047 D SGM:GameManager: identifyGamePackage. com.thetransitapp.droid, mCurrentUserId: 0, callingMethodInfo: com.samsung.android.game.SemGameManager.isGamePackage(SemGameManager.java:106)
03-13 19:47:18.710  4205  4574 D WifiPickerTracker: updateWifiEntries capabilities
03-13 19:47:18.710 11866 11866 I View    : setRequestedFrameRate frameRate=NaN, this=androidx.compose.ui.platform.r{fc5a079 VFED..... ......ID 0,0-1080,2640 aid=1073741828}, caller=android.view.ViewGroup.setRequestedFrameRate:9952 androidx.compose.ui.platform.v0.a:1 androidx.compose.ui.platform.r.dispatchDraw:98 android.view.View.draw:26345 android.view.View.updateDisplayListIfDirty:25175 
03-13 19:47:18.710 11866 11866 I View    : setRequestedFrameRate frameRate=NaN, this=android.view.View{dd4763 V.ED..... ........ 0,0-0,0}, caller=androidx.compose.ui.platform.v0.a:1 androidx.compose.ui.platform.r.dispatchDraw:107 android.view.View.draw:26345 android.view.View.updateDisplayListIfDirty:25175 android.view.ViewGroup.recreateChildDisplayList:4794 
03-13 19:47:18.711  6263  8145 I BugleRcsEngine: handleMessage processing message:[NOTIFY_UPTIME_IGNORE_STATE_CHANGED] with [non-null]:RcsEngineImpl reference [CONTEXT log_prefix="RcsEngineImpl[DUAL_REG]:[1e7477ef-90d2]>Handler" thread_id=64 ]
03-13 19:47:18.712  4184  5219 E PhoneInterfaceManager: getCarrierPrivilegeStatusForUid: Invalid subId
03-13 19:47:18.712  6263  7489 I BugleRcsEngine: Connected state: [1], networkType: [WIFI] [CONTEXT thread_id=59 ]
03-13 19:47:18.712  4205  4362 D Tile.WifiTile: handleUpdateState isTransient=false transientEnabling =false cb.isTransient=false state.state = 2 mStateBeforeClick.value =false enabled =true
03-13 19:47:18.712  4205  4574 D WifiPickerTracker: update AutoHotspot Entries() : bleAccessPoints -> 0
03-13 19:47:18.713  4205  4574 D WifiPickerTracker: handleNetworkCapabilitiesChanged
03-13 19:47:18.713 16161 16394 I NullBinder: NullBinder for android.net.action.RECOMMEND_NETWORKS triggering remote TransactionTooLargeException due to Service without Chimera impl, calling uid: 1000, calling pid: 0
03-13 19:47:18.713 16161 16394 W .gms.persistent: Large reply transaction of 1056768 bytes, interface descriptor , code 1
03-13 19:47:18.714  3003  4047 D SGM:SemGameManager: isGamePackage(), pkgName=com.thetransitapp.droid, ret=false
03-13 19:47:18.714  3003  3980 D SemWifiApTrafficPriority: onCapabilitiesChanged Wifi:wlan0,mGapiValue:121.42Uplink: 3.533
03-13 19:47:18.716  4205  4423 D WifiInteractor: get wifiIconGroup ePDGConnected : false
03-13 19:47:18.716  4205  4423 D WifiInteractor: get wifiIconGroup ePDGConnected : false
03-13 19:47:18.718 11866 11866 I View    : setRequestedFrameRate frameRate=NaN, this=androidx.compose.ui.platform.r{fc5a079 VFED..... ......ID 0,0-1080,2640 aid=1073741828}, caller=android.view.ViewGroup.setRequestedFrameRate:9952 androidx.compose.ui.platform.v0.a:1 androidx.compose.ui.platform.r.dispatchDraw:98 android.view.View.draw:26345 android.view.View.updateDisplayListIfDirty:25175 
03-13 19:47:18.718 11866 11866 I View    : setRequestedFrameRate frameRate=NaN, this=android.view.View{dd4763 V.ED..... ........ 0,0-0,0}, caller=androidx.compose.ui.platform.v0.a:1 androidx.compose.ui.platform.r.dispatchDraw:107 android.view.View.draw:26345 android.view.View.updateDisplayListIfDirty:25175 android.view.ViewGroup.recreateChildDisplayList:4794 
03-13 19:47:18.718 22998 23062 D Braze v37.0.0 .d: com.braze.events.internal.o fired:
03-13 19:47:18.718 22998 23062 D Braze v37.0.0 .d: NetworkLevelChangeEvent(oldNetworkLevel=GOOD, newNetworkLevel=BAD)
03-13 19:47:18.718 22998 23062 D Braze v37.0.0 .b: Triggering com.braze.events.internal.o on 0 subscribers.
03-13 19:47:18.718 22998 23062 D Braze v37.0.0 .b: Triggering com.braze.events.internal.o on 2 subscribers.
03-13 19:47:18.718 22998 23062 D Braze v37.0.0 .com.braze.requests.framework.g: Got network change event: NetworkLevelChangeEvent(oldNetworkLevel=GOOD, newNetworkLevel=BAD)
03-13 19:47:18.718 22998 23062 D Braze v37.0.0 .y: Got network change event: NetworkLevelChangeEvent(oldNetworkLevel=GOOD, newNetworkLevel=BAD)
03-13 19:47:18.718 22998 23062 V Braze v37.0.0 .f: recalculateDispatchState called with session state: NO_SESSION lastNetworkLevel: BAD
03-13 19:47:18.718 22998 23062 V Braze v37.0.0 .f: currentIntervalMs: -1
03-13 19:47:18.721  3003  4058 D KNOX_MDM_SettingsProvider: isChangeAllowed() : name = wifi_wcm_qos_sharing_score_summary
03-13 19:47:18.722  3003  4058 I WifiProfileShare: network QoS data was changed (internet), updateQoSData networkType: true, qosData: false
03-13 19:47:18.722  3003  5535 D WifiProfileShare: nearby scanning settings run
03-13 19:47:18.722  3003  5535 D WifiProfileShare: network score provider settings enabled
03-13 19:47:18.722  3003  5535 V WifiProfileShare.Caster: checkAndGetShareData(qos) - unavailable for this config
03-13 19:47:18.722  3003  5535 V WifiProfileShare.Caster: checkAndGetShareData(pwd sta) - unavailable for this config
03-13 19:47:18.722  3003  5535 V WifiProfileShare.Caster: checkAndGetShareData - there is no data
03-13 19:47:18.724  3003  4086 D NetdEventListenerService: DNS Requested by 115, 10096(com.samsung.android.server.wifi.mobilewips), SUCCESS, 0ms
03-13 19:47:18.726 11866 11866 I View    : setRequestedFrameRate frameRate=NaN, this=androidx.compose.ui.platform.r{fc5a079 VFED..... ......ID 0,0-1080,2640 aid=1073741828}, caller=android.view.ViewGroup.setRequestedFrameRate:9952 androidx.compose.ui.platform.v0.a:1 androidx.compose.ui.platform.r.dispatchDraw:98 android.view.View.draw:26345 android.view.View.updateDisplayListIfDirty:25175 
03-13 19:47:18.726 11866 11866 I View    : setRequestedFrameRate frameRate=NaN, this=android.view.View{dd4763 V.ED..... ........ 0,0-0,0}, caller=androidx.compose.ui.platform.v0.a:1 androidx.compose.ui.platform.r.dispatchDraw:107 android.view.View.draw:26345 android.view.View.updateDisplayListIfDirty:25175 android.view.ViewGroup.recreateChildDisplayList:4794 
03-13 19:47:18.734 11866 11866 I View    : setRequestedFrameRate frameRate=NaN, this=androidx.compose.ui.platform.r{fc5a079 VFED..... ......ID 0,0-1080,2640 aid=1073741828}, caller=android.view.ViewGroup.setRequestedFrameRate:9952 androidx.compose.ui.platform.v0.a:1 androidx.compose.ui.platform.r.dispatchDraw:98 android.view.View.draw:26345 android.view.View.updateDisplayListIfDirty:25175 
03-13 19:47:18.734 11866 11866 I View    : setRequestedFrameRate frameRate=NaN, this=android.view.View{dd4763 V.ED..... ........ 0,0-0,0}, caller=androidx.compose.ui.platform.v0.a:1 androidx.compose.ui.platform.r.dispatchDraw:107 android.view.View.draw:26345 android.view.View.updateDisplayListIfDirty:25175 android.view.ViewGroup.recreateChildDisplayList:4794 
03-13 19:47:18.735 16536 16536 I wpa_supplicant: nl80211: Vendor event: wiphy=0 vendor_id=0x1374 subcmd=182
03-13 19:47:18.735  2017  4098 I WifiHAL : event received NL80211_CMD_VENDOR, vendor_id = 0x1374, subcmd = 0xb6
03-13 19:47:18.735  2611  4100 D LOWI-9.0.1.74: [LOWI-Scan] wait_event:Wait done with Cmd 103
03-13 19:47:18.735  2611  4100 D LOWI-9.0.1.74: [LOWI-Scan] do_listen_events: Rcvd valid Netlink Cmd 0 Err 0
03-13 19:47:18.736  2548  2548 I cnss-daemon: nl80211 response handler invoked
03-13 19:47:18.736  2548  2548 I cnss-daemon: nl80211_response_handler: cmd 103, vendorID 4980, subcmd 182  received
03-13 19:47:18.743 11866 11866 I View    : setRequestedFrameRate frameRate=NaN, this=androidx.compose.ui.platform.r{fc5a079 VFED..... ......ID 0,0-1080,2640 aid=1073741828}, caller=android.view.ViewGroup.setRequestedFrameRate:9952 androidx.compose.ui.platform.v0.a:1 androidx.compose.ui.platform.r.dispatchDraw:98 android.view.View.draw:26345 android.view.View.updateDisplayListIfDirty:25175 
03-13 19:47:18.744 11866 11866 I View    : setRequestedFrameRate frameRate=NaN, this=android.view.View{dd4763 V.ED..... ........ 0,0-0,0}, caller=androidx.compose.ui.platform.v0.a:1 androidx.compose.ui.platform.r.dispatchDraw:107 android.view.View.draw:26345 android.view.View.updateDisplayListIfDirty:25175 android.view.ViewGroup.recreateChildDisplayList:4794 
03-13 19:47:18.752 11866 11866 I View    : setRequestedFrameRate frameRate=NaN, this=androidx.compose.ui.platform.r{fc5a079 VFED..... ......ID 0,0-1080,2640 aid=1073741828}, caller=android.view.ViewGroup.setRequestedFrameRate:9952 androidx.compose.ui.platform.v0.a:1 androidx.compose.ui.platform.r.dispatchDraw:98 android.view.View.draw:26345 android.view.View.updateDisplayListIfDirty:25175 
03-13 19:47:18.752 11866 11866 I View    : setRequestedFrameRate frameRate=NaN, this=android.view.View{dd4763 V.ED..... ........ 0,0-0,0}, caller=androidx.compose.ui.platform.v0.a:1 androidx.compose.ui.platform.r.dispatchDraw:107 android.view.View.draw:26345 android.view.View.updateDisplayListIfDirty:25175 android.view.ViewGroup.recreateChildDisplayList:4794 
03-13 19:47:18.760 11866 11866 I View    : setRequestedFrameRate frameRate=NaN, this=androidx.compose.ui.platform.r{fc5a079 VFED..... ......ID 0,0-1080,2640 aid=1073741828}, caller=android.view.ViewGroup.setRequestedFrameRate:9952 androidx.compose.ui.platform.v0.a:1 androidx.compose.ui.platform.r.dispatchDraw:98 android.view.View.draw:26345 android.view.View.updateDisplayListIfDirty:25175 
03-13 19:47:18.760 11866 11866 I View    : setRequestedFrameRate frameRate=NaN, this=android.view.View{dd4763 V.ED..... ........ 0,0-0,0}, caller=androidx.compose.ui.platform.v0.a:1 androidx.compose.ui.platform.r.dispatchDraw:107 android.view.View.draw:26345 android.view.View.updateDisplayListIfDirty:25175 android.view.ViewGroup.recreateChildDisplayList:4794 
03-13 19:47:18.768 11866 11866 I View    : setRequestedFrameRate frameRate=NaN, this=androidx.compose.ui.platform.r{fc5a079 VFED..... ......ID 0,0-1080,2640 aid=1073741828}, caller=android.view.ViewGroup.setRequestedFrameRate:9952 androidx.compose.ui.platform.v0.a:1 androidx.compose.ui.platform.r.dispatchDraw:98 android.view.View.draw:26345 android.view.View.updateDisplayListIfDirty:25175 
03-13 19:47:18.768 11866 11866 I View    : setRequestedFrameRate frameRate=NaN, this=android.view.View{dd4763 V.ED..... ........ 0,0-0,0}, caller=androidx.compose.ui.platform.v0.a:1 androidx.compose.ui.platform.r.dispatchDraw:107 android.view.View.draw:26345 android.view.View.updateDisplayListIfDirty:25175 android.view.ViewGroup.recreateChildDisplayList:4794 
03-13 19:47:18.769  3003  4086 D NetdEventListenerService: DNS Requested by 115, 10096(com.samsung.android.server.wifi.mobilewips), SUCCESS, 1ms
03-13 19:47:18.776 11866 11866 I View    : setRequestedFrameRate frameRate=NaN, this=androidx.compose.ui.platform.r{fc5a079 VFED..... ......ID 0,0-1080,2640 aid=1073741828}, caller=android.view.ViewGroup.setRequestedFrameRate:9952 androidx.compose.ui.platform.v0.a:1 androidx.compose.ui.platform.r.dispatchDraw:98 android.view.View.draw:26345 android.view.View.updateDisplayListIfDirty:25175 
03-13 19:47:18.776 11866 11866 I View    : setRequestedFrameRate frameRate=NaN, this=android.view.View{dd4763 V.ED..... ........ 0,0-0,0}, caller=androidx.compose.ui.platform.v0.a:1 androidx.compose.ui.platform.r.dispatchDraw:107 android.view.View.draw:26345 android.view.View.updateDisplayListIfDirty:25175 android.view.ViewGroup.recreateChildDisplayList:4794 
03-13 19:47:18.785 11866 11866 I View    : setRequestedFrameRate frameRate=NaN, this=androidx.compose.ui.platform.r{fc5a079 VFED..... ......ID 0,0-1080,2640 aid=1073741828}, caller=android.view.ViewGroup.setRequestedFrameRate:9952 androidx.compose.ui.platform.v0.a:1 androidx.compose.ui.platform.r.dispatchDraw:98 android.view.View.draw:26345 android.view.View.updateDisplayListIfDirty:25175 
03-13 19:47:18.785 11866 11866 I View    : setRequestedFrameRate frameRate=NaN, this=android.view.View{dd4763 V.ED..... ........ 0,0-0,0}, caller=androidx.compose.ui.platform.v0.a:1 androidx.compose.ui.platform.r.dispatchDraw:107 android.view.View.draw:26345 android.view.View.updateDisplayListIfDirty:25175 android.view.ViewGroup.recreateChildDisplayList:4794 
03-13 19:47:18.794 11866 11866 I View    : setRequestedFrameRate frameRate=NaN, this=androidx.compose.ui.platform.r{fc5a079 VFED..... ......ID 0,0-1080,2640 aid=1073741828}, caller=android.view.ViewGroup.setRequestedFrameRate:9952 androidx.compose.ui.platform.v0.a:1 androidx.compose.ui.platform.r.dispatchDraw:98 android.view.View.draw:26345 android.view.View.updateDisplayListIfDirty:25175 
03-13 19:47:18.794 11866 11866 I View    : setRequestedFrameRate frameRate=NaN, this=android.view.View{dd4763 V.ED..... ........ 0,0-0,0}, caller=androidx.compose.ui.platform.v0.a:1 androidx.compose.ui.platform.r.dispatchDraw:107 android.view.View.draw:26345 android.view.View.updateDisplayListIfDirty:25175 android.view.ViewGroup.recreateChildDisplayList:4794 
03-13 19:47:18.802 11866 11866 I View    : setRequestedFrameRate frameRate=NaN, this=androidx.compose.ui.platform.r{fc5a079 VFED..... ......ID 0,0-1080,2640 aid=1073741828}, caller=android.view.ViewGroup.setRequestedFrameRate:9952 androidx.compose.ui.platform.v0.a:1 androidx.compose.ui.platform.r.dispatchDraw:98 android.view.View.draw:26345 android.view.View.updateDisplayListIfDirty:25175 
03-13 19:47:18.802 11866 11866 I View    : setRequestedFrameRate frameRate=NaN, this=android.view.View{dd4763 V.ED..... ........ 0,0-0,0}, caller=androidx.compose.ui.platform.v0.a:1 androidx.compose.ui.platform.r.dispatchDraw:107 android.view.View.draw:26345 android.view.View.updateDisplayListIfDirty:25175 android.view.ViewGroup.recreateChildDisplayList:4794 
03-13 19:47:18.810 11866 11866 I View    : setRequestedFrameRate frameRate=NaN, this=androidx.compose.ui.platform.r{fc5a079 VFED..... ......ID 0,0-1080,2640 aid=1073741828}, caller=android.view.ViewGroup.setRequestedFrameRate:9952 androidx.compose.ui.platform.v0.a:1 androidx.compose.ui.platform.r.dispatchDraw:98 android.view.View.draw:26345 android.view.View.updateDisplayListIfDirty:25175 
