03-13 13:26:14.825  3003  6692 I WindowManager: [d1] Override config changes=20000c00 {0.0 ?mcc0mnc ?localeList ?layoutDir sw291dp w352dp h291dp 340dpi smll hdr widecg land ?uimode ?night finger -keyb/v/h -nav/h winConfig={ mBounds=Rect(0, 0 - 748, 720) mAppBounds=Rect(0, 0 - 748, 618) mMaxBounds=Rect(0, 0 - 748, 720) mDisplayRotation=ROTATION_0 mWindowingMode=fullscreen mActivityType=undefined mAlwaysOnTop=undefined mRotation=ROTATION_0 mStageConfig=undefined mPopOver=undefined mOverlappingWithCutout=false mFlexPanelMode=off} ?fontWeightAdjustment ff=0 bf=-1 bts=0 cst=1.0 nightDim=-1 themeSeq=0}, callers=com.android.server.wm.DisplayContent.updateDisplayOverrideConfigurationLocked:24 com.android.server.wm.DisplayContent.sendNewConfiguration:133 com.android.server.wm.WindowManagerService.addWindowInner:712 com.android.server.wm.WindowManagerService.addWindow:1842 com.android.server.wm.Session.addToDisplayAsUser:24 
03-13 13:26:14.825  3003  6692 D WindowManager: Transition is created, t=TransitionRecord{473f744 id=-1 type=CHANGE flags=0x0}, caller=com.android.server.wm.Transition.<init>:182 com.android.server.wm.TransitionController.createTransition:17 com.android.server.wm.DisplayContent.requestChangeTransition:5 com.android.server.wm.DisplayContent.performDisplayOverrideConfigUpdate:333 com.android.server.wm.DisplayContent.updateDisplayOverrideConfigurationLocked:24 
03-13 13:26:14.825  3003  6692 D BLASTSyncEngine: SyncGroup is created, id=6475, name=Transition-CHANGE, caller=com.android.server.wm.BLASTSyncEngine$SyncGroup.<init>:52 com.android.server.wm.TransitionController.moveToCollecting:79 com.android.server.wm.TransitionController.createTransition:46 com.android.server.wm.DisplayContent.requestChangeTransition:5 com.android.server.wm.DisplayContent.performDisplayOverrideConfigUpdate:333 com.android.server.wm.DisplayContent.updateDisplayOverrideConfigurationLocked:24 com.android.server.wm.DisplayContent.sendNewConfiguration:133 
03-13 13:26:14.825  3003  6692 W BLASTSyncEngine: setSyncMethod, id=6475, method=0, caller=com.android.server.wm.TransitionController.moveToCollecting:91 com.android.server.wm.TransitionController.createTransition:46 com.android.server.wm.DisplayContent.requestChangeTransition:5 
03-13 13:26:14.825  3003  6692 V WindowManager: Start collecting in Transition: TransitionRecord{473f744 id=6475 type=CHANGE flags=0x0}, caller=com.android.server.wm.TransitionController.createTransition:46 com.android.server.wm.DisplayContent.requestChangeTransition:5 com.android.server.wm.DisplayContent.performDisplayOverrideConfigUpdate:333 com.android.server.wm.DisplayContent.updateDisplayOverrideConfigurationLocked:24 com.android.server.wm.DisplayContent.sendNewConfiguration:133 
03-13 13:26:14.825  2053  2950 W QC2Interface: [hvcD_362] Failed to query parameters
03-13 13:26:14.825  3003  6692 V WindowManager: Requesting StartTransition: TransitionRecord{473f744 id=6475 type=CHANGE flags=0x0}, caller=com.android.server.wm.DisplayContent.requestChangeTransition:10 com.android.server.wm.DisplayContent.performDisplayOverrideConfigUpdate:333 com.android.server.wm.DisplayContent.updateDisplayOverrideConfigurationLocked:24 com.android.server.wm.DisplayContent.sendNewConfiguration:133 com.android.server.wm.WindowManagerService.addWindowInner:712 
03-13 13:26:14.825  4360 30341 W Codec2Client: query -- param skipped: index = 1107298332.
03-13 13:26:14.825  4360 30341 W CCodec  : This behavior is subject to change. It is recommended that app developers double check whether the requested max input size is in reasonable range.
03-13 13:26:14.825  2053  2420 W QC2Interface: [hvcD_362] Failed to query parameters
03-13 13:26:14.825  4360 30341 I CCodecConfig: query failed after returning 18 values (BAD_INDEX)
03-13 13:26:14.825  2053  6835 W QC2Interface: [hvcD_362] Failed to query parameters
03-13 13:26:14.825  4360 30341 E .wallpaper.live: Failed to query component interface for required system resources: 6
03-13 13:26:14.826  2007  3645 I sensors-hal: qsh_conn_event_cb:890, event[0] sensor:Device Common Info  Wakeup, msg_id=1025, ts=4799628086217
03-13 13:26:14.826  2007  3645 I sensors-hal: handle_sns_client_event:65, device_common_info_event: t:3, f:0, s:1, h:1
03-13 13:26:14.826  4360  4360 I SprWallpaper|VideoPlayer: start: state[1] after prepare
03-13 13:26:14.827 29264 29264 W WindowOnBackDispatcher: sendCancelIfRunning: isInProgress=false callback=android.view.ImeBackAnimationController@71b1955
03-13 13:26:14.827  3003  6692 V WindowManager: Collecting in transition 6475: Display{#1 state=OFF size=748x720 ROTATION_0}, caller=com.android.server.wm.DisplayContent.requestChangeTransition:71 com.android.server.wm.DisplayContent.performDisplayOverrideConfigUpdate:333 com.android.server.wm.DisplayContent.updateDisplayOverrideConfigurationLocked:24 com.android.server.wm.DisplayContent.sendNewConfiguration:133 com.android.server.wm.WindowManagerService.addWindowInner:712 
03-13 13:26:14.827  3003  6692 D WindowManager: prepareSync <SYNC_STATE_WAITING_FOR_DRAW>, mPrepareSyncSeqId=0, win=Window{21b9755 u0 ScreenDecorOverlayCover}
03-13 13:26:14.827  3003  6692 D WindowManager: prepareSync <SYNC_STATE_WAITING_FOR_DRAW>, mPrepareSyncSeqId=0, win=Window{b208775 u0 NavigationBar1}
03-13 13:26:14.827  3003  6692 D WindowManager: prepareSync <SYNC_STATE_WAITING_FOR_DRAW>, mPrepareSyncSeqId=0, win=Window{243e821 u0 SubScreenQuickPanel}
03-13 13:26:14.827  3003  6692 D WindowManager: prepareSync <SYNC_STATE_WAITING_FOR_DRAW>, mPrepareSyncSeqId=0, win=Window{3b7b695 u0 com.android.systemui/com.android.systemui.subscreen.SubHomeActivity}
03-13 13:26:14.827  3003  6692 D WindowManager: prepareSync <SYNC_STATE_WAITING_FOR_DRAW>, mPrepareSyncSeqId=0, win=Window{8bc5e3f u0 com.samsung.android.smartsuggestions/com.samsung.android.smartsuggestions.feature.aisuggestion.ui.onboarding.OnboardingActivity}
03-13 13:26:14.827  6103  6103 W ContextImpl: Calling a method in the system process without a qualified user: android.app.ContextImpl.startService:2068 android.content.ContextWrapper.startService:872 android.content.ContextWrapper.startService:872 com.sec.android.diagmonagent.sa.receiver.CFLogReceiver.onReceive:56 android.app.ActivityThread.handleReceiver:5663 
03-13 13:26:14.827  3003  6692 V WindowManager: Collecting in transition 6475: WindowToken{8004a5b type=2024 android.os.BinderProxy@d7bba75}, caller=com.android.server.wm.TransitionController$$ExternalSyntheticLambda3.accept:43 com.android.server.wm.WindowContainer$ForAllWindowsConsumerWrapper.apply:5 com.android.server.wm.WindowState.applyInOrderWithImeWindows:22 com.android.server.wm.WindowState.forAllWindows:9 com.android.server.wm.WindowContainer.forAllWindows:2 
03-13 13:26:14.827  3003  6828 D SehCodecSolutionService: updateMediaStatisticsData: (action=1@1986621044;category=2@1986621044;label=1936222261@1986621044)
03-13 13:26:14.828  3003  6828 D CodecSolution_MediaStatisticsData: MediaStatisticsData: action=1@1986621044;category=2@1986621044;label=1936222261@1986621044
03-13 13:26:14.828  3003  6828 D CodecSolution_MediaStatisticsData: Category.valueOf: 2
03-13 13:26:14.828  3003  6828 D CodecSolution_MediaStatisticsData: Action.valueOf: 1
03-13 13:26:14.828  3003  6828 D CodecSolution_MediaStatisticsData: Label.valueOf: 0x73686835
03-13 13:26:14.828  3003  6828 D CodecSolution_MediaStatisticsData: category: VDEC
03-13 13:26:14.828  3003  6828 D CodecSolution_MediaStatisticsData: action: INSTANTIATE
03-13 13:26:14.828  3003  6828 D CodecSolution_MediaStatisticsData: label: SEC_HW_H265
03-13 13:26:14.828 15873 15873 I GoogleInputMethodService: GoogleInputMethodService.onFinishInputView():1602 onFinishInputView(true)
03-13 13:26:14.828  3003  6692 I MultiTaskingController: onConfigurationChangedLocked: display#1, configChanges=0x20000c00, scaleW=1.0, scaleH=1.0, prevScreenBounds=Rect(0, 0 - 748, 720), nextScreenBounds=Rect(0, 0 - 748, 720)
03-13 13:26:14.828 15873 15873 W TooltipLifecycleManager: TooltipLifecycleManager.dismissTooltips():153 Tooltip with id SUGGESTION_VIEW_EDU_MINI_DIALOG not found in tooltipManager.
03-13 13:26:14.828 15873 15873 I GlobeKeyExtension: GlobeKeyExtension.onDeactivate():153 
03-13 13:26:14.828 15873 15873 W TooltipLifecycleManager: TooltipLifecycleManager.dismissTooltips():153 Tooltip with id spell_check_add_to_dictionary not found in tooltipManager.
03-13 13:26:14.828 15873 15873 I VoiceInputManagerWrapper: VoiceInputManagerWrapper.shutdown():131 shutdown()
03-13 13:26:14.829 29264 29264 W RemoteInputConnectionImpl: requestCursorUpdates on inactive InputConnection
03-13 13:26:14.829 15873 15873 I InputBundle: InputBundle.consumeEvent():1041 Skip consuming an event as keyboard status is INACTIVE
03-13 13:26:14.829  3003  6692 D SurfaceComposerClient: setCornerRadius ## f682486 com.nytimes.android/com.nytimes.subauth.ui.login.SubauthLoginActivity#55779 cornerRadius=0.000000
03-13 13:26:14.829  3003  6692 D InsetsSourceProvider: updateVisibility: serverVisible=false, clientVisible=true, source=InsetsSource: {c970024 mType=systemGestures mFrame=[0,0][0,0] mVisible=false mFlags= mSideHint=NONE mBoundingRects=null}, controlTarget=null, from=com.android.server.wm.InsetsSourceProvider.setServerVisible:6 com.android.server.wm.InsetsSourceProvider.onPostLayout:30 com.android.server.wm.InsetsStateController.onPostLayout:26 com.android.server.wm.RootWindowContainer.applySurfaceChangesTransaction$1:203 com.android.server.wm.RootWindowContainer.performSurfacePlacementNoTrace:86 com.android.server.wm.WindowSurfacePlacer.performSurfacePlacement:166 com.android.server.wm.ActivityTaskManagerService.continueWindowLayout:28 com.android.server.wm.DisplayContent.updateDisplayOverrideConfigurationLocked:78 com.android.server.wm.DisplayContent.sendNewConfiguration:133 com.android.server.wm.WindowManagerService.addWindowInner:712 
03-13 13:26:14.829  3003  4002 D BackgroundInstallControlService: Package event received: 0
03-13 13:26:14.829  3003  6692 D InsetsSourceProvider: updateVisibility: serverVisible=false, clientVisible=true, source=InsetsSource: {c970006 mType=tappableElement mFrame=[0,0][0,0] mVisible=false mFlags= mSideHint=NONE mBoundingRects=null}, controlTarget=null, from=com.android.server.wm.InsetsSourceProvider.setServerVisible:6 com.android.server.wm.InsetsSourceProvider.onPostLayout:30 com.android.server.wm.InsetsStateController.onPostLayout:26 com.android.server.wm.RootWindowContainer.applySurfaceChangesTransaction$1:203 com.android.server.wm.RootWindowContainer.performSurfacePlacementNoTrace:86 com.android.server.wm.WindowSurfacePlacer.performSurfacePlacement:166 com.android.server.wm.ActivityTaskManagerService.continueWindowLayout:28 com.android.server.wm.DisplayContent.updateDisplayOverrideConfigurationLocked:78 com.android.server.wm.DisplayContent.sendNewConfiguration:133 com.android.server.wm.WindowManagerService.addWindowInner:712 
03-13 13:26:14.829  3003  6692 D InsetsSourceProvider: updateVisibility: serverVisible=false, clientVisible=true, source=InsetsSource: {c970005 mType=mandatorySystemGestures mFrame=[0,0][0,0] mVisible=false mFlags= mSideHint=NONE mBoundingRects=null}, controlTarget=null, from=com.android.server.wm.InsetsSourceProvider.setServerVisible:6 com.android.server.wm.InsetsSourceProvider.onPostLayout:30 com.android.server.wm.InsetsStateController.onPostLayout:26 com.android.server.wm.RootWindowContainer.applySurfaceChangesTransaction$1:203 com.android.server.wm.RootWindowContainer.performSurfacePlacementNoTrace:86 com.android.server.wm.WindowSurfacePlacer.performSurfacePlacement:166 com.android.server.wm.ActivityTaskManagerService.continueWindowLayout:28 com.android.server.wm.DisplayContent.updateDisplayOverrideConfigurationLocked:78 com.android.server.wm.DisplayContent.sendNewConfiguration:133 com.android.server.wm.WindowManagerService.addWindowInner:712 
03-13 13:26:14.829  3003  6692 D InsetsSourceProvider: updateVisibility: serverVisible=false, clientVisible=true, source=InsetsSource: {c970004 mType=systemGestures mFrame=[0,0][0,0] mVisible=false mFlags= mSideHint=NONE mBoundingRects=null}, controlTarget=null, from=com.android.server.wm.InsetsSourceProvider.setServerVisible:6 com.android.server.wm.InsetsSourceProvider.onPostLayout:30 com.android.server.wm.InsetsStateController.onPostLayout:26 com.android.server.wm.RootWindowContainer.applySurfaceChangesTransaction$1:203 com.android.server.wm.RootWindowContainer.performSurfacePlacementNoTrace:86 com.android.server.wm.WindowSurfacePlacer.performSurfacePlacement:166 com.android.server.wm.ActivityTaskManagerService.continueWindowLayout:28 com.android.server.wm.DisplayContent.updateDisplayOverrideConfigurationLocked:78 com.android.server.wm.DisplayContent.sendNewConfiguration:133 com.android.server.wm.WindowManagerService.addWindowInner:712 
03-13 13:26:14.829  2022  2124 I HYPER-HAL: [RequestManager.cpp]acquire(): Acquired ID : 218894400  [2025 / 18897]    HINT :      list : [TID_LOW_LATENCY / 0] [TID / 4392] [TID / 4393] [TID / 4205] [TID / 4394] 
03-13 13:26:14.830 15873 15873 I AndroidIME: AbstractIme.onDeactivate():213 LatinIme.onDeactivate()
03-13 13:26:14.830 15873 15873 I PrimesLoggerHolder: FrameMetricServiceImpl.stopAsFuture():213 Measurement not found: OnConfigurationChanged
03-13 13:26:14.830  3003  7292 V InputMethodManagerService: hide the small icon for the input method
03-13 13:26:14.830 15873 15873 I GoogleInputMethodService: GoogleInputMethodService.onFinishInput():2114 
03-13 13:26:14.830  2105  2105 I SurfaceFlinger: RequestedLayer [ColorFade_d0#55789] hidden!! flag  from(1) --> to(0)
03-13 13:26:14.830  2105  2105 I SurfaceFlinger: [IME-snapshot-surface#55790] attach to parent LayerHierarchy{RequestedLayerState{ActivityRecord{136842670 u0 com.nytimes.android/com.nytimes.subauth.ui.login.SubauthLoginActivity t653}#55778 parentId=55760 z=2} 4 children}
03-13 13:26:14.830  3003  6692 D InputTransport: Input channel destroyed: 'b208775', fd=1318
03-13 13:26:14.830  2105  2105 I SurfaceFlinger: [WindowToken{6327eac type=2019 android.os.BinderProxy@14914fe}#55791] attach to parent LayerHierarchy{RequestedLayerState{Leaf:15:31#64 parentId=54 z=5} 3 children}
03-13 13:26:14.830  2105  2105 I SurfaceFlinger: [b208775 NavigationBar1#55792] attach to parent LayerHierarchy{RequestedLayerState{WindowToken{6327eac type=2019 android.os.BinderProxy@14914fe}#55791 parentId=64} 1 children}
03-13 13:26:14.831 15873 15873 I Module  : DeviceLockedStatusModuleProvider$Module.updateDeviceLockedStatus():103 repeatCheckTimes = 0, locked = false
03-13 13:26:14.831  4205  4205 D InputTransport: Input channel constructed: 'b208775', fd=558
03-13 13:26:14.831 15873 15873 D InputMethodService: unregisterCompatOnBackInvokedCallback : android.inputmethodservice.InputMethodService$$ExternalSyntheticLambda2@67df099
03-13 13:26:14.831  4205  4205 I InsetsController: onStateChanged: host=NavigationBar1, from=android.view.ViewRootImpl.onInsetsStateChanged:3026, state=InsetsState: {mDisplayFrame=Rect(0, 0 - 748, 720), mDisplayCutout=DisplayCutout{insets=Rect(0, 0 - 0, 66) waterfall=Insets{left=0, top=0, right=0, bottom=0} boundingRect={Bounds=[Rect(0, 0 - 0, 0), Rect(0, 0 - 0, 0), Rect(0, 0 - 0, 0), Rect(379, 654 - 748, 720)]} cutoutPathParserInfo={CutoutPathParserInfo{displayWidth=748 displayHeight=720 physicalDisplayWidth=748 physicalDisplayHeight=720 density={2.125} cutoutSpec={@bottom @right M 0,0 H -173.6470588235294 V -31.05882352941176 H 0 V 0 Z @dp} rotation={0} scale={1.0} physicalPixelDisplaySizeRatio={1.0}}} sideOverrides={}}, mRoundedCorners=RoundedCorners{[RoundedCorner{position=TopLeft, radius=49, center=Point(49, 49)}, RoundedCorner{position=TopRight, radius=49, center=Point(699, 49)}, RoundedCorner{position=BottomRight, radius=49, center=Point(699, 671)}, RoundedCorner{position=BottomLeft, radius=49, center=Point(49, 671)}]}  mRoundedCornerFrame=Rect(0, 0 - 0, 0), mPrivacyIndicatorBounds=PrivacyIndicatorBounds {static bounds=null rotation=0}, mDisplayShape=DisplayShape{ spec=1406003047 displayWidth=748 displayHeight=720 physicalPixelDisplaySizeRatio=1.0 rotation=0 offsetX=0 offsetY=0 scale=1.0}, mSources= { InsetsSource: {67 mType=displayCutout mFrame=[0,654][748,720] mVisible=true mFlags= mSideHint=BOTTOM mBoundingRects=null}, InsetsSource: {c970004 mType=systemGestures mFrame=[0,0][0,0] mVisible=false mFlags= mSideHint=NONE mBoundingRects=null}, InsetsSource: {c970005 mType=mandatorySystemGestures mFrame=[0,0][0,0] mVisible=false mFlags= mSideHint=NONE mBoundingRects=null}, InsetsSource: {c970024 mType=systemGestures mFrame=[0,0][0,0] mVisible=false mFlags= mSideHint=NONE mBoundingRects=null} }
03-13 13:26:14.831 29264 29264 E ImeBackDispatcher: Ime callback not found. Ignoring unregisterReceivedCallback. callbackId: 108916889
03-13 13:26:14.831  6239  6239 I SSS     : [ChatRoomComponentManager] onConfigurationChanged: {1.0 ?mcc0mnc [en_US] ldltr sw291dp w352dp h291dp 340dpi smll hdr widecg land night finger -keyb/v/h -nav/h winConfig={ mBounds=Rect(0, 0 - 748, 720) mAppBounds=Rect(0, 0 - 748, 618) mMaxBounds=Rect(0, 0 - 748, 720) mDisplayRotation=ROTATION_0 mWindowingMode=fullscreen mActivityType=undefined mAlwaysOnTop=undefined mRotation=ROTATION_0 mStageConfig=undefined mPopOver=off mOverlappingWithCutout=false mFlexPanelMode=off} s.6965 fontWeightAdjustment=0 ff=0 bf=-1 bts=0 cst=1.0 nightDim=0 themeSeq=0}
03-13 13:26:14.831  4205  4205 I VRI[NavigationBar1]@6527dab: synced displayState. AttachInfo displayState=1
03-13 13:26:14.832 15873 15915 I OnDeviceWmrCalculator: OnDeviceWmrCalculator.calculateWmr():94 WMR: 0.0000 (0 / 1)
03-13 13:26:14.832  4360 30336 I CCodec  : [c2.qti.hevc.decoder] state->set(STARTING)
03-13 13:26:14.832  2053  2951 I vendor.qti.media.c2@1.0-service: [FRC-IsFilteringEnabled] entry
03-13 13:26:14.832  2053  2951 I vendor.qti.media.c2@1.0-service: [FRC-IsFilteringEnabled] frcReqInfo.value is 0
03-13 13:26:14.832  3003  4927 D CoreBackPreview: Window{f682486 u0 com.nytimes.android/com.nytimes.subauth.ui.login.SubauthLoginActivity}: Setting back callback OnBackInvokedCallbackInfo{mCallback=android.window.IOnBackInvokedCallback$Stub$Proxy@b336962, mPriority=0, mIsAnimationCallback=true, mOverrideBehavior=0}
03-13 13:26:14.833  2053  2951 I QC2Comp : [hvcD_362] CPU perf resource value pair found: [1082130688, 4095, ]
03-13 13:26:14.833  3003  3130 D WindowManager: Create SleepToken: tag=Display-off, displayId=0
03-13 13:26:14.833  3003  3130 D ActivityTaskManager: Top Process State changed to PROCESS_STATE_TOP_SLEEPING
03-13 13:26:14.833  2053  2951 I QC2Registry: Build pipelined codec for session
03-13 13:26:14.833  2053  2951 I QC2Registry: Getting stages for pipelined codec
03-13 13:26:14.834  2053  2951 I QC2Registry: Requested codec is pipelined. Create codec list
03-13 13:26:14.834  2053  2951 I QC2Registry: GetEnabledFilters for c2.qti.hevc.decoder
03-13 13:26:14.834  2053  2951 I QC2Registry: Pipeline Index = a0009102
03-13 13:26:14.834  2053  2951 I QC2Registry: Filter sec2.imageformat.filter can't be pipelined
03-13 13:26:14.834  2053  2951 I QC2Registry: Pipeline Index = a000a103
03-13 13:26:14.834  2053  2951 I QC2Registry: Filter c2.qti.filter.imagetransform can't be pipelined
03-13 13:26:14.834  2053  2951 I QC2Registry: Created 0 filters for pipelined codec c2.qti.hevc.decoder
03-13 13:26:14.834  2053  2951 E QC2Comp : [hvcD_362] configureIntf failed 95
03-13 13:26:14.835  3003  3130 D AutomaticBrightnessController: sendAmbientLux(-1.0)
03-13 13:26:14.835  3003  3130 D MdnieScenarioControlService: getVisionBoosterIndex() mAutoBrightnessMode : true , mReduceBrightColorsActivatedEnabled : false , lux : -1
03-13 13:26:14.835  3003  3130 D MdnieScenarioControlService: Vision Booster Index : 0
03-13 13:26:14.835  2105  2105 D SurfaceFlinger: Display 4630946564756762243 HWC layers:
03-13 13:26:14.835  2105  2105 D SurfaceFlinger:   SOLID_COLOR |                        0 | 00000000 | N/A          |    0.0    0.0    0.0    0.0 |    0    0 1080 2640 | ColorFade_d0#55789 (0)
03-13 13:26:14.835  2105  2105 D SurfaceFlinger: 
03-13 13:26:14.836  3003  3003 I ActivityManager: Changes in 99401 3 to 12, 184 to 128
03-13 13:26:14.836  3003  3003 I ActivityManager: Changes in 10442 2 to 12, 255 to 128
03-13 13:26:14.836  3003  3003 I ActivityManager: Changes in 10139 5 to 6, 255 to 239
03-13 13:26:14.836  3003  3003 W ProcessStats: Tracking association SourceState{6ada551 com.nytimes.android/10442 Top #504569} whose proc state 1 is better than process ProcessState{bc4bc9f com.google.android.webview:sandboxed_process0:org.chromium.content.app.SandboxedProcessService0:0/10442 pkg=com.nytimes.android} proc state 2 (1 skipped)
03-13 13:26:14.836  2007  2007 I sensors-hal: set_config:64, no need to adjust sample_period_ns due to reporting_mode = 2
03-13 13:26:14.836  2007  2007 I sensors-hal: create_sensor_config_request:85, auto_rotation: type 2
03-13 13:26:14.836  2007  2007 I sensors-hal: send_sensor_config_request:645, dt=auto_rotation: convert sample_period=200000000 to batch_period=200000
03-13 13:26:14.836  2007  2007 I sensors-hal: send_sync_sensor_request:508, send sync request
03-13 13:26:14.836  2007  2007 I sensors-hal: send_sync_sensor_request:518, send_sync_sensor_request before send_request for auto_rotation with SUID low=8603657889541918976 high=1320970896291267344
03-13 13:26:14.836  2007  2007 I sensors-hal: send_sync_sensor_request:537, wait for notification of response
03-13 13:26:14.836  3003  3003 D SehCodecSolutionService: handleMessage : 900
03-13 13:26:14.836  3003  3003 D SehCodecSolutionService: event : VDEC
03-13 13:26:14.836  3003  3003 D CodecSolution_Logging: dma : true, feature: VDEC, extra: SEC_HW_H265, value: -1
03-13 13:26:14.836  3003  3003 D CodecSolution_Logging: insert diagmon log
03-13 13:26:14.836  3003  3003 D CodecSolution_Logging: permission granted
03-13 13:26:14.836  3003  3003 W ContextImpl: Calling a method in the system process without a qualified user: android.app.ContextImpl.sendBroadcast:1335 vendor.samsung.frameworks.codecsolution.Logging.insertDiagmonLog:14 vendor.samsung.frameworks.codecsolution.Logging.insertLog:6 vendor.samsung.frameworks.codecsolution.Logging.insertLog:1 vendor.samsung.frameworks.codecsolution.SehCodecSolutionService$1.handleMessage:24 
03-13 13:26:14.837  4205  4205 I VRI[NavigationBar1]@6527dab: setView = com.android.systemui.navigationbar.views.NavigationBarFrame@ef233fa IsHRR=false mFlingFrameRateChange=0 TM=true
03-13 13:26:14.837  4205  4205 D NavBarStateManager: NavBarStates(1) supportLargeCoverScreenNavBar: true
03-13 13:26:14.837  2007 12669 I sensors-hal: qsh_conn_resp_cb:930, resp_value = 0 for auto_rotation 
03-13 13:26:14.837  4205  4267 V WindowManagerShell: Transition requested (#6475): android.os.BinderProxy@a394987 TransitionRequestInfo { type = CHANGE, triggerTask = null, pipChange = null, remoteTransition = null, displayChange = null, flags = 0, debugId = 6475 }
03-13 13:26:14.838  4205  4267 D ShellDesktopMode: handleRequest: TransitionRequestInfo {type=6, tid=null, debugId=6475}
03-13 13:26:14.838  4205  4267 V ShellDesktopMode: DesktopTasksController: skipping handleRequest reason=transition type not handled (6)
03-13 13:26:14.838 19717 19733 I HBD     : KeyboardSettingsProvider isAliveIme : false 
03-13 13:26:14.839 19717 19733 I HBD     : c HoneyVoice CoverVoiceIconQueryCommand: false ikbonbo: false, invin: true
03-13 13:26:14.839 19717 19733 I HBD     : c CoverVoiceIconQueryCommand: cover_voice_icon = false 
03-13 13:26:14.839  4205 14457 I KeyguardService: onScreenTurnedOff
03-13 13:26:14.840  4205  4205 D NavBarStateManager: multiModalForLargeCover : false
03-13 13:26:14.840  4205  4205 D NavBarView: disableBack=true (isBackDismissIme=false, handlingGestures=false, disabledFlagBack=true, isBottomGesture=false, isImeRenderingNavButtons=false)
03-13 13:26:14.840  4205  4205 D NavBarStateManager: NavBarStates(1) supportLargeCoverScreenNavBar: true
03-13 13:26:14.840  2007  2007 I sensors-hal: send_sync_sensor_request:543, takes 3 ms to receive the response with 0
03-13 13:26:14.840  2007  2007 I sensors-hal: batch:363, android.sensor.device_orientation/271, period=200000000, max_latency=0 request completed
03-13 13:26:14.840  4205  4205 D Navbar.Store: handleEvent(0) OnUpdateSysUiStateFlag(noArguments=true) [Module] SamsungNavigationBarView
03-13 13:26:14.840  4205  4205 D Navbar.Store: --[Band]GESTURE_PACK_UPDATE_SYSTEMUI_STATE_FLAG
03-13 13:26:14.840  4205  4205 D Navbar.Store: --[Band] (afterAction) GESTURE_PACK_UPDATE_SYSTEMUI_STATE_FLAG
03-13 13:26:14.840  4205  4205 D Navbar.Store: handleEvent(0) OnNavBarUpdateA11YService(clickable=false, longClickable=false) [Module] NavigationBar
03-13 13:26:14.840  4205  4205 D Navbar.Store: --[Band]SETUPWIZARD_PACK_UPDATE_A11Y_SERVICE
03-13 13:26:14.840  4205  4205 D Navbar.Store: handleEvent(0) OnButtonOrderChanged(noArguments=true) [Module] NavigationBar
03-13 13:26:14.840  3003  6828 V WindowManager: Collecting in transition 6475: ActivityRecord{136842670 u0 com.nytimes.android/com.nytimes.subauth.ui.login.SubauthLoginActivity t653}, caller=com.android.server.wm.TransitionController.collect:7 com.android.server.wm.ActivityRecord.setVisibility:132 com.android.server.wm.ActivityRecord.makeInvisible:32 com.android.server.wm.EnsureActivitiesVisibleHelper.process:542 com.android.server.wm.TaskFragment.updateActivityVisibilities:12 
03-13 13:26:14.840  4205  4205 D Navbar.Store: --[Band]CONFIG_PACK_KEY_ORDER_CHANGED
03-13 13:26:14.840  4205  4205 D Navbar.Store: ----apply(0) NavBarStoreAction$ReinflateNavBar
03-13 13:26:14.840  3003  6828 D WindowManager: prepareSync <SYNC_STATE_WAITING_FOR_DRAW>, mPrepareSyncSeqId=0, win=Window{f682486 u0 com.nytimes.android/com.nytimes.subauth.ui.login.SubauthLoginActivity}
03-13 13:26:14.841  3003  3003 D SGM:GameManager: onDisplayChanged. displyId: 1, state: 1
03-13 13:26:14.841  4205  4205 D Navbar.Store: ----handleEvent(0) GetInflateLayoutID(vertical=false) [Module] SamsungNavigationBarInflaterView
03-13 13:26:14.841  4205  4205 D Navbar.Store: ------[Band]STABLE_LAYOUT_PACK_GET_INFLATE_LAYOUT_ID
03-13 13:26:14.841  4205  4205 D NavBarStateManager: NavBarStates(0) getLayoutID(vertical: false): 2131559285
03-13 13:26:14.841  4205  4205 D Navbar.Store: ----handleEvent(0) value= 2131559285
03-13 13:26:14.841  3003  3003 V CameraService_worker: onDisplayChanged rotation : 0 current mDeviceState : 6
03-13 13:26:14.841  4832 14107 I HoneySpace.SystemUiRepository: systemUiFlags: overview_disabled|home_disabled|allow_gesture|ime_visible|awake|back_dismiss_ime
03-13 13:26:14.841  4832  4895 I HoneySpace.TaskbarEventTracker: invokeEvent() called with: event = SystemUiStateChanged(stateFlags=68988305792)
03-13 13:26:14.841  3003  4405 V WindowManager: Starting Transition 6475, caller=com.android.server.wm.WindowOrganizerController.startTransition:47 com.android.server.wm.WindowOrganizerController.startTransition:1 android.window.IWindowOrganizerController$Stub.onTransact:259 
03-13 13:26:14.841  4832 15404 I HoneySpace.SystemUiRepository: systemUiFlags: overview_disabled|home_disabled|allow_gesture|ime_visible|back_disabled|awake|back_dismiss_ime
03-13 13:26:14.841  3003  4405 D BLASTSyncEngine: SyncGroup 6475: Set ready true, caller=com.android.server.wm.BLASTSyncEngine.setReady:32 com.android.server.wm.Transition.applyReady:54 com.android.server.wm.Transition.start:105 com.android.server.wm.WindowOrganizerController.startTransition:47 com.android.server.wm.WindowOrganizerController.startTransition:1 android.window.IWindowOrganizerController$Stub.onTransact:259 
03-13 13:26:14.842  3003  3068 D BLASTSyncEngine: SyncGroup 6475:  Unfinished container: WindowToken{8004a5b type=2024 android.os.BinderProxy@d7bba75} mSyncState=2
03-13 13:26:14.843  4832 15404 I HoneySpace.Memory-Monitor: no default Display - 1
03-13 13:26:14.843  2022  2124 I HYPER-HAL: [RequestManager.cpp]acquire(): Acquired ID : 2112570  [2025 / 30]    HINT :      list : [UCLAMP_MIN_BOOST / 50] [TID / 4392] [TID / 4393] [TID / 4205] [TID / 4394] 
03-13 13:26:14.843 19717 19717 I HBD     : DeX h DeX mode state change in non-main thread 
03-13 13:26:14.843 19717 19717 I HBD     : DeX h DeX mode state change: 3 
03-13 13:26:14.844  4205  4205 D Navbar.Store: ----handleEvent(0) GetInflateLayoutID(vertical=true) [Module] SamsungNavigationBarInflaterView
03-13 13:26:14.844  4205  4205 D Navbar.Store: ------[Band]STABLE_LAYOUT_PACK_GET_INFLATE_LAYOUT_ID
03-13 13:26:14.844  4205  4205 D NavBarStateManager: NavBarStates(0) getLayoutID(vertical: true): 2131559287
03-13 13:26:14.844  4205  4205 D Navbar.Store: ----handleEvent(0) value= 2131559287
03-13 13:26:14.844  4205  4205 D Navbar.Store: ----handleEvent(0) GetDefaultLayout(noArguments=true) [Module] SamsungNavigationBarInflaterView
03-13 13:26:14.844  4205  4205 D Navbar.Store: ------[Band]STABLE_LAYOUT_PACK_GET_DEFAULT_LAYOUT
03-13 13:26:14.844  4205  4205 D NavBarStateManager: NavBarStates(0) getDefaultLayout: left,recent;home;back,right
03-13 13:26:14.844  4205  4205 D Navbar.Store: ----handleEvent(0) value= left,recent;home;back,right
03-13 13:26:14.844  3003  3067 D DeviceStatePolicy: updateFoldingSensorListenerLw, foldOpen=false, awake=false, isTableModeEnabled=true, forceOff=false, caller=com.android.server.devicestate.DeviceStateManagerService$OverrideRequestScreenObserver.onAwakeStateChanged:16 com.android.server.wm.ActivityTaskManagerService$$ExternalSyntheticLambda7.run:57 android.os.Handler.handleCallback:995 android.os.Handler.dispatchMessage:103 android.os.Looper.loopOnce:273 android.os.Looper.loop:363 android.os.HandlerThread.run:85 com.android.server.ServiceThread.run:49 <bottom of call stack> <bottom of call stack> 
03-13 13:26:14.844  4205  4205 D Navbar.Store: ----handleEvent(0) GetInflateButtonWidth(buttonSpec=left, landscape=false) [Module] SamsungNavigationBarInflaterView
03-13 13:26:14.844  4205  4205 D Navbar.Store: ------[Band]STABLE_LAYOUT_PACK_INFLATE_NAVBAR
03-13 13:26:14.844  4205  4205 D NavBarStateManager: NavBarStates(0) getSpaceWidth(land: false): 118
03-13 13:26:14.844  4205  4205 D Navbar.Store: ----handleEvent(0) value= 118
03-13 13:26:14.844  4205  4267 V ShellDragAndDrop: Display changed: 1
03-13 13:26:14.845  3003  3130 I SemMdnieManagerService: DDI setHighBrightnessMode id(0) lux : -1, index : 0
03-13 13:26:14.845  3003  3130 D AutomaticBrightnessController: setLightSensorEnabled: false
03-13 13:26:14.845  4205  4205 D Navbar.Store: ----handleEvent(0) GetInflateButtonWidth(buttonSpec=recent, landscape=false) [Module] SamsungNavigationBarInflaterView
03-13 13:26:14.845  4205  4205 D Navbar.Store: ------[Band]STABLE_LAYOUT_PACK_INFLATE_NAVBAR
03-13 13:26:14.845  4205  4205 D NavBarStateManager: NavBarStates(0) getButtonWidth(land: false): 239
03-13 13:26:14.845  4205  4205 D Navbar.Store: ----handleEvent(0) value= 239
03-13 13:26:14.845  4205  4205 D Navbar.Store: ----handleEvent(0) GetInflateButtonWidth(buttonSpec=left, landscape=true) [Module] SamsungNavigationBarInflaterView
03-13 13:26:14.845  4205  4205 D Navbar.Store: ------[Band]STABLE_LAYOUT_PACK_INFLATE_NAVBAR
03-13 13:26:14.845  4205  4205 D NavBarStateManager: NavBarStates(0) getSpaceWidth(land: true): 118
03-13 13:26:14.845  4205  4205 D Navbar.Store: ----handleEvent(0) value= 118
03-13 13:26:14.845  4832  4895 I HoneySpace.TaskbarEventTracker: invokeEvent() called with: event = SystemUiStateChanged(stateFlags=68992500096)
03-13 13:26:14.845  4832 24469 I HoneySpace.SystemUiRepository: systemUiFlags: overview_disabled|home_disabled|navbar_hidden|allow_gesture|back_disabled|awake
03-13 13:26:14.845  4205  4205 D Navbar.Store: ----handleEvent(0) GetInflateButtonWidth(buttonSpec=recent, landscape=true) [Module] SamsungNavigationBarInflaterView
03-13 13:26:14.845  4205  4205 D Navbar.Store: ------[Band]STABLE_LAYOUT_PACK_INFLATE_NAVBAR
03-13 13:26:14.845  4205  4205 D NavBarStateManager: NavBarStates(0) getButtonWidth(land: true): 239
03-13 13:26:14.845  4205  4205 D Navbar.Store: ----handleEvent(0) value= 239
03-13 13:26:14.845  4205  4205 D Navbar.Store: ----handleEvent(0) GetInflateButtonWidth(buttonSpec=home, landscape=false) [Module] SamsungNavigationBarInflaterView
03-13 13:26:14.845  4205  4205 D Navbar.Store: ------[Band]STABLE_LAYOUT_PACK_INFLATE_NAVBAR
03-13 13:26:14.845  4205  4205 D NavBarStateManager: NavBarStates(0) getButtonWidth(land: false): 239
03-13 13:26:14.845  4205  4205 D Navbar.Store: ----handleEvent(0) value= 239
03-13 13:26:14.846  4205  4205 D Navbar.Store: ----handleEvent(0) GetInflateButtonWidth(buttonSpec=home, landscape=true) [Module] SamsungNavigationBarInflaterView
03-13 13:26:14.846  4205  4205 D Navbar.Store: ------[Band]STABLE_LAYOUT_PACK_INFLATE_NAVBAR
03-13 13:26:14.846  4205  4205 D NavBarStateManager: NavBarStates(0) getButtonWidth(land: true): 239
03-13 13:26:14.846  4205  4205 D Navbar.Store: ----handleEvent(0) value= 239
03-13 13:26:14.846  3003  6500 D WifiDisplayAdapter: isFitToActiveDisplayLocked : false
03-13 13:26:14.846  4832  4895 I HoneySpace.TaskbarEventTracker: invokeEvent() called with: event = SystemUiStateChanged(stateFlags=272761218)
03-13 13:26:14.846  4205  4205 D Navbar.Store: ----handleEvent(0) GetInflateButtonWidth(buttonSpec=back, landscape=false) [Module] SamsungNavigationBarInflaterView
03-13 13:26:14.846  4205  4205 D Navbar.Store: ------[Band]STABLE_LAYOUT_PACK_INFLATE_NAVBAR
03-13 13:26:14.846  4205  4205 D NavBarStateManager: NavBarStates(0) getButtonWidth(land: false): 239
03-13 13:26:14.846  4205  4205 D Navbar.Store: ----handleEvent(0) value= 239
03-13 13:26:14.846  2022  2124 I HYPER-HAL: [RequestManager.cpp]acquire(): Acquired ID : 2112570  [2025 / 30]    HINT :      list : [UCLAMP_MIN_BOOST / 100] [TID / 4392] [TID / 4393] [TID / 4205] [TID / 4394] 
03-13 13:26:14.846  2022  2124 I HYPER-HAL: [RequestManager.cpp]acquire(): Acquired ID : 2112570  [2025 / 30]    HINT :      list : [UCLAMP_MIN_BOOST / 150] [TID / 4392] [TID / 4393] [TID / 4205] [TID / 4394] 
03-13 13:26:14.846  3003  3067 D SGM:FgCheckThread: notePauseComponent(), received pkgName: com.nytimes.android, userId: 0
03-13 13:26:14.846  4205  4205 D Navbar.Store: ----handleEvent(0) GetInflateButtonWidth(buttonSpec=right, landscape=false) [Module] SamsungNavigationBarInflaterView
03-13 13:26:14.846  4205  4205 D Navbar.Store: ------[Band]STABLE_LAYOUT_PACK_INFLATE_NAVBAR
03-13 13:26:14.846  4205  4205 D NavBarStateManager: NavBarStates(0) getSpaceWidth(land: false): 118
03-13 13:26:14.846  4205  4205 D Navbar.Store: ----handleEvent(0) value= 118
03-13 13:26:14.846  4205  4205 D Navbar.Store: ----handleEvent(0) GetInflateButtonWidth(buttonSpec=back, landscape=true) [Module] SamsungNavigationBarInflaterView
03-13 13:26:14.846  4205  4205 D Navbar.Store: ------[Band]STABLE_LAYOUT_PACK_INFLATE_NAVBAR
03-13 13:26:14.846  4205  4205 D NavBarStateManager: NavBarStates(0) getButtonWidth(land: true): 239
03-13 13:26:14.846  4205  4205 D Navbar.Store: ----handleEvent(0) value= 239
03-13 13:26:14.846  4607  4607 D NfcService: handleMessage: MSG_APPLY_SCREEN_STATEOFF_UNLOCKED
03-13 13:26:14.846  4607  4607 D [NFC_SE]SamsungExtension: onLogEventNotified() item:[mCommandApdus: [mResponseApdus: , mCallingApi= 0, mAction= 518, mCallingPId = 0, mRfFieldOnTime= null
03-13 13:26:14.847  4205  4205 D Navbar.Store: ----handleEvent(0) GetInflateButtonWidth(buttonSpec=right, landscape=true) [Module] SamsungNavigationBarInflaterView
03-13 13:26:14.847  4205  4205 D Navbar.Store: ------[Band]STABLE_LAYOUT_PACK_INFLATE_NAVBAR
03-13 13:26:14.847  4205  4205 D NavBarStateManager: NavBarStates(0) getSpaceWidth(land: true): 118
03-13 13:26:14.847  4205  4205 D Navbar.Store: ----handleEvent(0) value= 118
03-13 13:26:14.847  2105  2105 I SurfaceFlinger: RequestedLayer [IME-snapshot-surface#55790] hidden!! flag  from(1) --> to(0)
03-13 13:26:14.847  2105  2105 I SurfaceFlinger: RequestedLayer [WindowToken{6327eac type=2019 android.os.BinderProxy@14914fe}#55791] hidden!! flag  from(1) --> to(0)
03-13 13:26:14.847  2105  2105 I SurfaceFlinger: RequestedLayer [b208775 NavigationBar1#55792] hidden!! flag  from(1) --> to(0)
03-13 13:26:14.847  2105  2105 I SurfaceFlinger: [Display 1 name="Built-in Screen"#66] setFrameRateCategory: High
03-13 13:26:14.847  2105  2105 I SurfaceFlinger: [Display 0 name="Built-in Screen"#50] setFrameRateCategory: High
03-13 13:26:14.847  2007  2007 I sensors-hal: activate:300, com.samsung.sensor.device_common_info/2132 en=0
03-13 13:26:14.847  4607  4607 D [NFC_SE]NfcOemLogHelper: reportLogEvent = [mCommandApdus: [mResponseApdus: , mCallingApi= 0, mAction= 518, mCallingPId = 0, mRfFieldOnTime= null
03-13 13:26:14.847  4607  4607 D [NFC_SE]NfcOemLogHelper: try to send FLD_ERROR
03-13 13:26:14.847  4607  4607 D [NFC_SE]NfcOemLogHelper: RF Field is disabled
03-13 13:26:14.847  2007  2007 I sensors-hal: send_sync_sensor_request:508, send sync request
03-13 13:26:14.847  2007  2007 I sensors-hal: send_sync_sensor_request:518, send_sync_sensor_request before send_request for device_common_info with SUID low=3766530206566995508 high=1320970896291267344
03-13 13:26:14.847  4205  4205 D Navbar.Store: ----handleEvent(0) GetInflateButtonWidth(buttonSpec=left_remote_view, landscape=false) [Module] SamsungNavigationBarInflaterView
03-13 13:26:14.847  4205  4205 D Navbar.Store: ------[Band]STABLE_LAYOUT_PACK_INFLATE_NAVBAR
03-13 13:26:14.847  4205  4205 D NavBarStateManager: NavBarStates(0) getSpaceWidth(land: false): 118
03-13 13:26:14.847  4205  4205 D Navbar.Store: ----handleEvent(0) value= 118
03-13 13:26:14.847  2007  2007 I sensors-hal: send_sync_sensor_request:537, wait for notification of response
03-13 13:26:14.847  3003  3991 I CocktailBarManagerServiceContainer: handleMessage: entry what = 6
03-13 13:26:14.847  4205  4205 D Navbar.Store: ----handleEvent(0) GetInflateButtonWidth(buttonSpec=right_remote_view, landscape=false) [Module] SamsungNavigationBarInflaterView
03-13 13:26:14.847  4205  4205 D Navbar.Store: ------[Band]STABLE_LAYOUT_PACK_INFLATE_NAVBAR
03-13 13:26:14.847  4205  4205 D NavBarStateManager: NavBarStates(0) getSpaceWidth(land: false): 118
03-13 13:26:14.847  4205  4205 D Navbar.Store: ----handleEvent(0) value= 118
03-13 13:26:14.847  4205  4205 D Navbar.Store: ----handleEvent(0) GetInflateButtonWidth(buttonSpec=left_remote_view, landscape=true) [Module] SamsungNavigationBarInflaterView
03-13 13:26:14.847  4205  4205 D Navbar.Store: ------[Band]STABLE_LAYOUT_PACK_INFLATE_NAVBAR
03-13 13:26:14.847  4205  4205 D NavBarStateManager: NavBarStates(0) getSpaceWidth(land: true): 118
03-13 13:26:14.847  4205  4205 D Navbar.Store: ----handleEvent(0) value= 118
03-13 13:26:14.847  2105  2105 I BpBinder: onLastStrongRef automatically unlinking death recipients: 
03-13 13:26:14.847  4205  4205 D Navbar.Store: ----handleEvent(0) GetInflateButtonWidth(buttonSpec=right_remote_view, landscape=true) [Module] SamsungNavigationBarInflaterView
03-13 13:26:14.847  4205  4205 D Navbar.Store: ------[Band]STABLE_LAYOUT_PACK_INFLATE_NAVBAR
03-13 13:26:14.847  4205  4205 D NavBarStateManager: NavBarStates(0) getSpaceWidth(land: true): 118
03-13 13:26:14.847  4205  4205 D Navbar.Store: ----handleEvent(0) value= 118
03-13 13:26:14.847  4205  4205 D Navbar.Store: ----handleEvent(0) GetNavBarSidePadding(landscape=false) [Module] SamsungNavigationBarInflaterView
03-13 13:26:14.847  4205  4205 D Navbar.Store: ------[Band]STABLE_LAYOUT_PACK_INFLATE_NAVBAR_SIDE_PADDING
03-13 13:26:14.847  4205  4205 D NavBarStateManager: NavBarStates(0) getNavBarSidePadding: 0
03-13 13:26:14.847  4205  4205 D Navbar.Store: ----handleEvent(0) value= 0
03-13 13:26:14.847  4205  4205 D Navbar.Store: ----handleEvent(0) GetNavBarSidePadding(landscape=true) [Module] SamsungNavigationBarInflaterView
03-13 13:26:14.847  4205  4205 D Navbar.Store: ------[Band]STABLE_LAYOUT_PACK_INFLATE_NAVBAR_SIDE_PADDING
03-13 13:26:14.847  4205  4205 D NavBarStateManager: NavBarStates(0) getNavBarSidePadding: 0
03-13 13:26:14.847  4205  4205 D Navbar.Store: ----handleEvent(0) value= 0
03-13 13:26:14.847  4205  4205 D Navbar.Store: ----handleEvent(0) GetNavBarSidePadding(landscape=false) [Module] SamsungNavigationBarInflaterView
03-13 13:26:14.847  2105  2105 D DisplayModeController: setDesiredMode 4630946564756762243 {mode={fps=120.00 Hz, modePtr={id=0, vsyncRate=120.00 Hz, peakRefreshRate=120.00 Hz}}, emitEvent=true, force=false}
03-13 13:26:14.847  4205  4205 D Navbar.Store: ------[Band]STABLE_LAYOUT_PACK_INFLATE_NAVBAR_SIDE_PADDING
03-13 13:26:14.847  4205  4205 D NavBarStateManager: NavBarStates(0) getNavBarSidePadding: 0
03-13 13:26:14.847  4205  4205 D Navbar.Store: ----handleEvent(0) value= 0
03-13 13:26:14.848  4205  4205 D Navbar.Store: ----handleEvent(0) GetNavBarSidePadding(landscape=true) [Module] SamsungNavigationBarInflaterView
03-13 13:26:14.848  4205  4205 D Navbar.Store: ------[Band]STABLE_LAYOUT_PACK_INFLATE_NAVBAR_SIDE_PADDING
03-13 13:26:14.848  4205  4205 D NavBarStateManager: NavBarStates(0) getNavBarSidePadding: 0
03-13 13:26:14.848  4205  4205 D Navbar.Store: ----handleEvent(0) value= 0
03-13 13:26:14.848  2105  2105 I LayerHistory: NavigationBar0$_4205#130 voted ExplicitCategory with category: High
03-13 13:26:14.848  2105  2105 I LayerHistory: com.sec.android.app.launcher/com.samsung.app.honeyspace.edge.edgepanel.app.CocktailBarService$_4832#55734 voted ExplicitCategory with category: High
03-13 13:26:14.848  2105  2105 I LayerHistory: StatusBar$_4205#132 voted ExplicitCategory with category: High
03-13 13:26:14.848  2105  2105 I LayerHistory: IME-snapshot-surface#55790 voted ExplicitCategory with category: High
03-13 13:26:14.848  2105  2105 I LayerHistory: InputMethod$_15873#55787 voted ExplicitCategory with category: High
03-13 13:26:14.848  2105  2105 I LayerHistory: com.nytimes.android/com.nytimes.subauth.ui.login.SubauthLoginActivity$_29264#55780 voted ExplicitCategory with category: High
03-13 13:26:14.848  2105  2105 I SurfaceFlinger: All layers Category Highscored - choose 120.00 Hz
03-13 13:26:14.848  3003  3067 E ModeChangeObserver: Changed display not found
03-13 13:26:14.848  2105  2105 I HWComposer: [4630946564756762243] ActiveConfigToHWC, ID : 0
03-13 13:26:14.848  2007  3645 I sensors-hal: qsh_conn_resp_cb:930, resp_value = 0 for device_common_info 
03-13 13:26:14.848  2007  2007 I sensors-hal: send_sync_sensor_request:543, takes 1 ms to receive the response with 0
03-13 13:26:14.848  2007  2007 I sensors-hal: activate:330, com.samsung.sensor.device_common_info/2132 en=0 completed
03-13 13:26:14.848  2022  2124 I HYPER-HAL: [RequestManager.cpp]acquire(): Acquired ID : 2112570  [2025 / 30]    HINT :      list : [UCLAMP_MIN_BOOST / 200] [TID / 4392] [TID / 4393] [TID / 4205] [TID / 4394] 
03-13 13:26:14.848  2040  2780 I SDM     : HWDeviceDRM::SetDisplaySwitchMode: [DispConfigs] check hs_mode 3
03-13 13:26:14.848  2022  2124 I HYPER-HAL: [RequestManager.cpp]acquire(): Acquired ID : 2112570  [2025 / 30]    HINT :      list : [UCLAMP_MIN_BOOST / 250] [TID / 4392] [TID / 4393] [TID / 4205] [TID / 4394] 
03-13 13:26:14.848  2040  2780 W SDM     : HWDeviceDRM::GetSupportedBitClkRate: Requested rate not supported: 951000000
03-13 13:26:14.848  2040  2780 I SDM     : HWDeviceDRM::SetDisplaySwitchMode: [DispConfigs] Set mode index:0 1080x2640x120xcmdHS, hs_mode(3), found_mode(0)
03-13 13:26:14.848 29264 29673 D HWUI    : CacheManager::trimMemory(20)
03-13 13:26:14.848  2040  2780 I SDM     : HWDeviceDRM::UpdateMixerAttributes: Mixer WxH 1080x2640-1 for Peripheral
03-13 13:26:14.849  2040  2780 I SDM     : HWCDisplay::SubmitDisplayConfig: Active configuration changed from config 2 to 0
03-13 13:26:14.849  4607  4607 D libnfc_nci: nfcManager_doSetScreenState: state = 1 prevScreenState= 8, discovry_param = 1
03-13 13:26:14.849  3003  3065 D SensorManager: unregisterListener :: com.android.server.wm.WindowOrientationListener$OrientationSensorJudge@783320e
03-13 13:26:14.849  4607  4986 D NxpGenExtn: vendor_nfc_handle_event Enter eventCode:11
03-13 13:26:14.849  4607  4986 D NxpGenExtn: phNxpExtn_HandleVendorNciMsg Not vendor specific command!!
03-13 13:26:14.849  4607  4986 I NxpGenExtn: phNxpExtn_Write NCI datalen:7
03-13 13:26:14.849  4607  4986 I NxpGenExtn: processExtnWrite Enter dataLen:7
03-13 13:26:14.850  2022  2124 I HYPER-HAL: [RequestManager.cpp]acquire(): Acquired ID : 2112570  [2025 / 30]    HINT :      list : [UCLAMP_MIN_BOOST / 300] [TID / 4392] [TID / 4393] [TID / 4205] [TID / 4394] 
03-13 13:26:14.850  2022  2124 I HYPER-HAL: [RequestManager.cpp]acquire(): Acquired ID : 2112570  [2025 / 30]    HINT :      list : [UCLAMP_MIN_BOOST / 350] [TID / 4392] [TID / 4393] [TID / 4205] [TID / 4394] 
03-13 13:26:14.850  2022  2124 I HYPER-HAL: [RequestManager.cpp]acquire(): Acquired ID : 2112570  [2025 / 30]    HINT :      list : [UCLAMP_MIN_BOOST / 400] [TID / 4392] [TID / 4393] [TID / 4205] [TID / 4394] 
03-13 13:26:14.850  2452  7951 I CameraService: onUidStateChanged: uid=10442, procState is changed. (2 -> 12)
03-13 13:26:14.851  2105  2858 D SurfaceFlinger: [input] setFocusedWindow: <null>
03-13 13:26:14.851  2452  2747 I CameraService: onUidStateChanged: uid=10259, procState is changed. (3 -> 4)
03-13 13:26:14.851  3003  3064 D HintManagerService: Sent cleanup message for uid 10442
03-13 13:26:14.851 27562 27562 D BoundBrokerSvc: onBind: Intent { act=com.google.android.gms.measurement.START xflg=0x4 pkg=com.google.android.gms }
03-13 13:26:14.851 27562 27562 D BoundBrokerSvc: Loading bound service for intent: Intent { act=com.google.android.gms.measurement.START xflg=0x4 pkg=com.google.android.gms }
03-13 13:26:14.851  2452  7951 I CameraService: onUidStateChanged: uid=10053, procState is changed. (0 -> 1)
03-13 13:26:14.852  2007  2007 I sensors-hal: activate:300, com.samsung.sensor.auto_brightness/1651 en=0
03-13 13:26:14.852  2007  2007 I sensors-hal: enable_flicker_als:213, [SSC_LIGHT] flicker_als disable
03-13 13:26:14.852  3003  3804 D InputDispatcher: Focus left window (0): f682486 com.nytimes.android/com.nytimes.subauth.ui.login.SubauthLoginActivity
03-13 13:26:14.850  4607  4986 I NxpPropExtn: phNxpProp_ProcessExtnWrite PropExtensionController Enter dataLen:7
03-13 13:26:14.852  4607  4986 I NxpPropExtn: processExtnWrite Enter
03-13 13:26:14.852  4607  4986 D NxpPropExtn: NciStateMonitor processExtnWrite Enter
03-13 13:26:14.852  4607  4986 D NxpPropExtn: resendRequired, resend required
03-13 13:26:14.852  4607  4986 D NxpGenExtn: write Enter wLength:7
03-13 13:26:14.852  4607  4986 D NxpGenExtn: palenQueueWrite Enter wLength:7
03-13 13:26:14.852 29264 29264 I ImeFocusController: onPreWindowFocus: skipped hasWindowFocus=false mHasImeFocus=true
03-13 13:26:14.852 29264 29264 I ImeFocusController: onPostWindowFocus: skipped hasWindowFocus=false mHasImeFocus=true
03-13 13:26:14.852  2007  2007 I sensors-hal: send_sync_sensor_request:508, send sync request
03-13 13:26:14.852  2007  2007 I sensors-hal: send_sync_sensor_request:518, send_sync_sensor_request before send_request for auto_brightness with SUID low=2816411781185423377 high=5518030540294228002
03-13 13:26:14.852  3003  4927 D InputDispatcher: Once focus requested (0): <null>
03-13 13:26:14.852  2007  2007 I sensors-hal: send_sync_sensor_request:537, wait for notification of response
03-13 13:26:14.853  5915  5959 V OsAgent : broadcastSystemEvent - 7
03-13 13:26:14.853  5915  5959 V OsAgent : broadcastSystemEvent - 7
03-13 13:26:14.853  5915  5959 V OsAgent : broadcastSystemEvent - 7
03-13 13:26:14.853  5915  5959 V OsAgent : broadcastSystemEvent - 7
03-13 13:26:14.853  5915  5959 V OsAgent : broadcastSystemEvent - 7
03-13 13:26:14.853  3003  3065 D WindowManager: DeferredDisplayUpdater: applying DisplayInfo(748 x 720) immediately
03-13 13:26:14.853  3003  3065 V WindowManager: Content Recording: Display 1 state was (1), is now (1), so update recording?
03-13 13:26:14.853  3003  3067 I DisplayDeviceRepository: Display device changed render timings: "Built-in Screen", renderFrameRate=60.000004, presentationDeadlineNanos=17666666, appVsyncOffsetNanos=16666666, frameRateOverrides=[{uid=1000 frameRateHz=120.00001}, {uid=10053 frameRateHz=120.00001}, {uid=10149 frameRateHz=120.00001}, {uid=10442 frameRateHz=120.00001}, {uid=10459 frameRateHz=120.00001}]
03-13 13:26:14.853  2007 28274 I sensors-hal: qsh_conn_resp_cb:930, resp_value = 0 for auto_brightness 
03-13 13:26:14.854  3003  3065 D BLASTSyncEngine: SyncGroup 6475:  Unfinished container: WindowToken{8004a5b type=2024 android.os.BinderProxy@d7bba75} mSyncState=2
03-13 13:26:14.854  2007  2007 I sensors-hal: send_sync_sensor_request:543, takes 1 ms to receive the response with 0
03-13 13:26:14.854  3003  5976 D LiftUpHandler: [LTW] Stopped already.
03-13 13:26:14.854  3003  3068 D BLASTSyncEngine: SyncGroup 6475:  Unfinished container: WindowToken{8004a5b type=2024 android.os.BinderProxy@d7bba75} mSyncState=2
03-13 13:26:14.854  2007  2007 I sensors-hal: ~worker:65, worker(0xb400007a0f4d44b0) send sig to tid= 28273
03-13 13:26:14.854  3003  4002 D BackgroundInstallControlService: Package event received: 0
03-13 13:26:14.854  3003  4002 D BackgroundInstallControlService: Package event received: 0
03-13 13:26:14.854  4607 30433 D NxpGenExtn: enQueueWriteInternal Enter wLength:7
03-13 13:26:14.854  2439  2439 I android.hardware.nfc-service.nxp: write
03-13 13:26:14.854  2007  2007 I sensors-hal: ~worker:74, worker(0xb400007a0f4d44b0) is destroyed, remaining task = 0, tid= 28273
03-13 13:26:14.855  2007  2007 I sensors-hal: ~qsh_qmi:58, ~qsh_qmi
03-13 13:26:14.855  2007  2007 I sensors-hal: deactivate:274, [SSC_LIGHT] auto_brightness deactivate!
03-13 13:26:14.855  2007  2007 I sensors-hal: activate:330, com.samsung.sensor.auto_brightness/1651 en=0 completed
03-13 13:26:14.855  3003  3003 D SGM:GameManager: onDisplayChanged. displyId: 0, state: 2
