--------- beginning of main
03-13 13:25:30.631 27562 27562 D BoundBrokerSvc: onUnbind: Intent { act=com.google.android.gms.safebrowsing.SafeBrowsingService.START dat=chimera-action:/... xflg=0x4 cmp=com.google.android.gms/.chimera.GmsBoundBrokerService }
03-13 13:25:30.748 27166 27213 I appium  : channel read: GET /session/e565c107-74f4-45c8-87ac-a6d1a5ef7708/source
03-13 13:25:30.748 27166 27213 I appium  : Source command
03-13 13:25:30.750 27166 27213 I appium  : Waiting up to 10000ms for the device to idle
03-13 13:25:30.787 27328 27328 I View    : setRequestedFrameRate frameRate=NaN, this=androidx.compose.ui.platform.AndroidComposeView{9926b65 VFED..... .F...... 0,0-1080,1637 aid=1073741824}, caller=android.view.ViewGroup.setRequestedFrameRate:9952 androidx.compose.ui.platform.m.a:0 androidx.compose.ui.platform.AndroidComposeView.dispatchDraw:142 android.view.View.draw:26345 android.view.View.updateDisplayListIfDirty:25175 
03-13 13:25:30.787 27328 27328 I View    : setRequestedFrameRate frameRate=NaN, this=android.view.View{e18fa00 V.ED..... ........ 0,0-0,0}, caller=androidx.compose.ui.platform.m.a:0 androidx.compose.ui.platform.AndroidComposeView.dispatchDraw:157 android.view.View.draw:26345 android.view.View.updateDisplayListIfDirty:25175 android.view.View.draw:26072 
03-13 13:25:30.867 27166 27213 D CompatChangeReporter: Compat change id reported: 247079863; UID 10393; state: ENABLED
03-13 13:25:30.898 27166 27213 I appium  : AppiumResponse: {"sessionId":"e565c107-74f4-45c8-87ac-a6d1a5ef7708","value":"<?xml version='1.0' encoding='UTF-8' standalone='yes' ?>\r\n<hierarchy index=\"0\" class=\"hierarchy\" rotation=\"0\" width=\"1080\" height=\"2640\">\r\n  <android.widget.FrameLayout index=\"0\" package=\"com.nytimes.android\" class=\"andr…
03-13 13:25:30.916 27166 27213 I appium  : channel read: GET /session/e565c107-74f4-45c8-87ac-a6d1a5ef7708/screenshot
03-13 13:25:30.916 27166 27213 I appium  : CaptureScreenshot command
03-13 13:25:30.918 27166 27213 I tomator2.server: hiddenapi: Accessing hidden method Landroid/view/Display;->getAddress()Landroid/view/DisplayAddress; (runtime_flags=0, domain=platform, api=blocked) from Lio/appium/uiautomator2/utils/ReflectionUtils; (domain=app, TargetSdkVersion=34) using reflection: allowed
03-13 13:25:30.918 27166 27213 I tomator2.server: hiddenapi: Accessing hidden method Landroid/view/DisplayAddress$Physical;->getPhysicalDisplayId()J (runtime_flags=0, domain=platform, api=blocked) from Lio/appium/uiautomator2/utils/ReflectionUtils; (domain=app, TargetSdkVersion=34) using reflection: allowed
03-13 13:25:30.987  2447  2447 I CNSS    : cnss_open_log_file: directory /data/vendor/log/wifi/ created
03-13 13:25:31.010 28129 28129 W screencap: Thread Pool max thread count is 0. Cannot cache binder as linkToDeath cannot be implemented. serviceName: SurfaceFlingerAIDL
03-13 13:25:31.011 28129 28129 W BpBinder: Linking to death on android.gui.ISurfaceComposer but there are no threads (yet?) listening to incoming transactions. See ProcessState::startThreadPool and ProcessState::setThreadPoolMaxThreadCount. Generally you should setup the binder threadpool before other initialization steps.
03-13 13:25:31.011 28129 28129 W screencap: Thread Pool max thread count is 0. Cannot cache binder as linkToDeath cannot be implemented. serviceName: edmnativehelper
03-13 13:25:31.011  3003  4343 I EDMNativeHelperService: isScreenCaptureEnabled
--------- beginning of system
03-13 13:25:31.011  3003  4343 D RestrictionPolicy: isScreenCaptureEnabled : ret=true userId=0
03-13 13:25:31.011 28129 28129 W ProcessState: Extra binder thread started, but 0 threads requested. Do not use *startThreadPool when zero threads are requested.
03-13 13:25:31.011 28129 28129 I SurfaceComposerClient: captureDisplay:Display-4630946564756762243
03-13 13:25:31.014  2105  2321 I SurfaceFlinger: Capture layer list: 	 com.nytimes.android/com.nytimes.subauth.ui.login.SubauthLoginActivity$_27328#55705(seamlessTransition:0)
03-13 13:25:31.014  2105  2321 I SurfaceFlinger: Capture layer list: 	 InputMethod$_15873#55712(seamlessTransition:0)
03-13 13:25:31.014  2105  2321 I SurfaceFlinger: Capture layer list: 	 StatusBar$_4205#132(seamlessTransition:0)
03-13 13:25:31.014  2105  2321 I SurfaceFlinger: Capture layer list: 	 com.sec.android.app.launcher/com.samsung.app.honeyspace.edge.edgepanel.app.CocktailBarService$_4832#55659(seamlessTransition:0)
03-13 13:25:31.014  2105  2321 I SurfaceFlinger: Capture layer list: 	 NavigationBar0$_4205#130(seamlessTransition:0)
03-13 13:25:31.014  2105  2321 E HwcComposer: getLuts failed Status(-129, EX_TRANSACTION_FAILED): 'UNKNOWN_TRANSACTION: '
03-13 13:25:31.014  2105  2342 D RenderEngine: [SEC_SF_EFFECTS] drawLayersInternal,1483, Rendering layer ScreenCaptureFillLayer at index 0
03-13 13:25:31.014  2105  2342 D RenderEngine: [SEC_SF_EFFECTS] drawLayersInternal,1483, Rendering layer com.nytimes.android/com.nytimes.subauth.ui.login.SubauthLoginActivity$_27328#55705 at index 1
03-13 13:25:31.014  2105  2342 D RenderEngine: [SEC_SF_EFFECTS] drawLayersInternal,1483, Rendering layer InputMethod$_15873#55712 at index 2
03-13 13:25:31.014  2105  2342 D RenderEngine: [SEC_SF_EFFECTS] drawLayersInternal,1483, Rendering layer StatusBar$_4205#132 at index 3
03-13 13:25:31.014  2105  2342 D RenderEngine: [SEC_SF_EFFECTS] drawLayersInternal,1483, Rendering layer com.sec.android.app.launcher/com.samsung.app.honeyspace.edge.edgepanel.app.CocktailBarService$_4832#55659 at index 4
03-13 13:25:31.014  2105  2342 D RenderEngine: [SEC_SF_EFFECTS] drawLayersInternal,1483, Rendering layer NavigationBar0$_4205#130 at index 5
03-13 13:25:31.049 28129 28135 I AdrenoUtils: <ReadGpuID:357>: Reading chip ID through GSL
03-13 13:25:31.050 28129 28129 W qdgralloc: Failed to load libubwcp.so
03-13 13:25:31.088 27328 27328 I View    : setRequestedFrameRate frameRate=NaN, this=androidx.compose.ui.platform.AndroidComposeView{9926b65 VFED..... .F...... 0,0-1080,1637 aid=1073741824}, caller=android.view.ViewGroup.setRequestedFrameRate:9952 androidx.compose.ui.platform.m.a:0 androidx.compose.ui.platform.AndroidComposeView.dispatchDraw:142 android.view.View.draw:26345 android.view.View.updateDisplayListIfDirty:25175 
03-13 13:25:31.089 27328 27328 I View    : setRequestedFrameRate frameRate=NaN, this=android.view.View{e18fa00 V.ED..... ........ 0,0-0,0}, caller=androidx.compose.ui.platform.m.a:0 androidx.compose.ui.platform.AndroidComposeView.dispatchDraw:157 android.view.View.draw:26345 android.view.View.updateDisplayListIfDirty:25175 android.view.ViewGroup.recreateChildDisplayList:4794 
03-13 13:25:31.198  2097  2125 E HeatmapThread: ECT Thread time in milliseconds: 1773422731
03-13 13:25:31.205  2097  2125 D HeatmapThread: !@ batteryplugType : 2
03-13 13:25:31.205  2097  2125 D HeatmapThread: !@ batteryLevel : 97  batteryTemperature : 317 
03-13 13:25:31.206  2097  2125 D HeatmapThread: !@ Heatmap currtime: 29557045
03-13 13:25:31.206  2097  2125 D HeatmapThread: !@ Heatmap prevtime: 29557042
03-13 13:25:31.206  2097  2125 D HeatmapThread: !@ Heatmap plugstarttime: 29556997
03-13 13:25:31.206  2097  2125 D HeatmapThread: !@ Heatmap prevv_dsoh_update_time: 29556870
03-13 13:25:31.206  2097  2125 E HeatmapThread: !@ CAM New BSOH: 100
03-13 13:25:31.239 27166 27213 I appium  : AppiumResponse: {"sessionId":"e565c107-74f4-45c8-87ac-a6d1a5ef7708","value":"iVBORw0KGgoAAAANSUhEUgAABDgAAApQCAYAAABYiJrlAAAAAXNSR0IArs4c6QAAAARzQklUCAgICHwIZIgAACAASURBVHic7N15XFT1/j/w15mFYd9EdlFBwA1FcF+ykCxcs81U0IxbadatbLttt9ut7r1teq17q1tqiWuZllamhtpiKQqKKIuKoCyyCMM27DNzfn/w43wZZpBBEBh9PR+PHsmZM2c+B3GY8zrvz/sj1NX…
03-13 13:25:31.410 16536 16536 I wpa_supplicant: Heartbeat 1149
03-13 13:25:31.590 27328 27328 I View    : setRequestedFrameRate frameRate=NaN, this=androidx.compose.ui.platform.AndroidComposeView{9926b65 VFED..... .F...... 0,0-1080,1637 aid=1073741824}, caller=android.view.ViewGroup.setRequestedFrameRate:9952 androidx.compose.ui.platform.m.a:0 androidx.compose.ui.platform.AndroidComposeView.dispatchDraw:142 android.view.View.draw:26345 android.view.View.updateDisplayListIfDirty:25175 
03-13 13:25:31.591 27328 27328 I View    : setRequestedFrameRate frameRate=NaN, this=android.view.View{e18fa00 V.ED..... ........ 0,0-0,0}, caller=androidx.compose.ui.platform.m.a:0 androidx.compose.ui.platform.AndroidComposeView.dispatchDraw:157 android.view.View.draw:26345 android.view.View.updateDisplayListIfDirty:25175 android.view.ViewGroup.recreateChildDisplayList:4794 
03-13 13:25:31.886  1171  1171 D io_stats: !@   8,0 r 4012837 124616324 w 4907101 100331912 d 415415 111417820 f 207244 475994 iot 1994444 0 th 0 0 0 pt 0 inp 0 0 69320.882
03-13 13:25:32.002  3003  4343 I ActivityManager: Changes in 10405 6 to 10, 128 to 0
03-13 13:25:32.010  3003  4002 D BackgroundInstallControlService: Package event received: 0
03-13 13:25:32.011  3003  4002 D BackgroundInstallControlService: Package event received: 0
03-13 13:25:32.011  3003  4343 I ActivityManager: Changes in 10405 10 to 6, 0 to 128
03-13 13:25:32.011  3003  4002 D BackgroundInstallControlService: Package event received: 0
03-13 13:25:32.012  3003  4002 D BackgroundInstallControlService: Package event received: 0
03-13 13:25:32.089 27328 27328 I View    : setRequestedFrameRate frameRate=NaN, this=androidx.compose.ui.platform.AndroidComposeView{9926b65 VFED..... .F...... 0,0-1080,1637 aid=1073741824}, caller=android.view.ViewGroup.setRequestedFrameRate:9952 androidx.compose.ui.platform.m.a:0 androidx.compose.ui.platform.AndroidComposeView.dispatchDraw:142 android.view.View.draw:26345 android.view.View.updateDisplayListIfDirty:25175 
03-13 13:25:32.090 27328 27328 I View    : setRequestedFrameRate frameRate=NaN, this=android.view.View{e18fa00 V.ED..... ........ 0,0-0,0}, caller=androidx.compose.ui.platform.m.a:0 androidx.compose.ui.platform.AndroidComposeView.dispatchDraw:157 android.view.View.draw:26345 android.view.View.updateDisplayListIfDirty:25175 android.view.ViewGroup.recreateChildDisplayList:4794 
03-13 13:25:32.198  2097  2125 E HeatmapThread: ECT Thread time in milliseconds: 1773422732
03-13 13:25:32.204  2097  2125 D HeatmapThread: !@ batteryplugType : 2
03-13 13:25:32.204  2097  2125 D HeatmapThread: !@ batteryLevel : 97  batteryTemperature : 317 
03-13 13:25:32.204  2097  2125 D HeatmapThread: !@ Heatmap currtime: 29557045
03-13 13:25:32.204  2097  2125 D HeatmapThread: !@ Heatmap prevtime: 29557042
03-13 13:25:32.204  2097  2125 D HeatmapThread: !@ Heatmap plugstarttime: 29556997
03-13 13:25:32.205  2097  2125 D HeatmapThread: !@ Heatmap prevv_dsoh_update_time: 29556870
03-13 13:25:32.205  2097  2125 E HeatmapThread: !@ CAM New BSOH: 100
03-13 13:25:32.448  3003  4343 D CustomizedBinderCallsStatsInternal: reportCpuUsage() : 2%
03-13 13:25:32.448  3003  3082 I BinderCallsStats: Collected cpu time : 0us, collected call count : 0 for 5349797 ms
03-13 13:25:32.450  3003  4343 D ProcessCpuUsage: [0] 922, {556=1770, 672=26930, 787=7310, 902=7750, 1017=910, 1132=1790, 1248=1060, 1344=7180, 1459=340, 1574=2080, 1689=190, 1804=1690, 2265=1110}
03-13 13:25:32.451  3003  4343 D ProcessCpuUsage: [2] 1168, {614=29970, 729=330, 844=6710, 960=400, 1075=250, 1190=7900, 1286=190, 1401=330, 1497=160, 1612=870, 1708=350, 1824=420, 1920=260, 2035=280, 2131=820, 2188=140, 2323=210, 2380=140, 2438=120, 2515=130, 2572=3300, 2630=110, 2707=5140, 3148=1470}
03-13 13:25:32.451  3003  4343 D ProcessCpuUsage: [5] 887, {499=41390, 614=1780, 729=1620, 844=1520, 960=1190, 1075=710, 1190=2310, 1497=100, 1612=420, 1708=130, 1824=160, 1920=140, 2035=180, 2131=160, 2323=130, 2380=100, 2515=100, 2572=2450, 2707=3890, 2956=1250}
03-13 13:25:32.451  3003  4343 D ProcessCpuUsage: [7] 1089, {672=33920, 902=8660, 1132=160, 1248=7920, 1593=770, 1708=1150, 1824=760, 2630=3070, 3398=3050}
03-13 13:25:32.588 27328 27328 I View    : setRequestedFrameRate frameRate=NaN, this=androidx.compose.ui.platform.AndroidComposeView{9926b65 VFED..... .F...... 0,0-1080,1637 aid=1073741824}, caller=android.view.ViewGroup.setRequestedFrameRate:9952 androidx.compose.ui.platform.m.a:0 androidx.compose.ui.platform.AndroidComposeView.dispatchDraw:142 android.view.View.draw:26345 android.view.View.updateDisplayListIfDirty:25175 
03-13 13:25:32.589 27328 27328 I View    : setRequestedFrameRate frameRate=NaN, this=android.view.View{e18fa00 V.ED..... ........ 0,0-0,0}, caller=androidx.compose.ui.platform.m.a:0 androidx.compose.ui.platform.AndroidComposeView.dispatchDraw:157 android.view.View.draw:26345 android.view.View.updateDisplayListIfDirty:25175 android.view.ViewGroup.recreateChildDisplayList:4794 
03-13 13:25:32.659  2007 26491 I sensors-hal: handle_sns_std_sensor_event:409, [SSC_LIGHT] P: 199(199),c:93,b:84,m:13,cl:22,l:195,s:199,l0:17712,l1:64,s0:15755,s1:0,acl:1,opr:0.19,f(r):97,u(bl):111,if:0,wi:4,si:12,po:123(N:0)
03-13 13:25:32.761  2007 12669 I sensors-hal: handle_sns_client_event:197, auto_rotation_debug_2 mode,255, type,1,0 acc,0.072,2.417,9.543, ar,0, h_ic,0,0, s,2, ver,14, pedo,1,e,1,i,3
03-13 13:25:32.960  3003  3941 D InetDiagMessage: Destroyed 0 sockets, proto=IPPROTO_TCP, family=AF_INET, states=14
03-13 13:25:32.964  3003  3941 D InetDiagMessage: Destroyed 0 sockets, proto=IPPROTO_TCP, family=AF_INET6, states=14
03-13 13:25:32.964  3003  3941 D InetDiagMessage: Destroyed live tcp sockets for uids={10214} in 12ms
03-13 13:25:32.967  3003  7743 D SemWifiUsabilityStatsMonitor: onWifiUsabilityStats - seqNum 17979, isSameBssidAndFreq true
03-13 13:25:32.967  3003  3941 D InetDiagMessage: Destroyed 0 sockets, proto=IPPROTO_TCP, family=AF_INET, states=14
03-13 13:25:32.969  3003  4030 D InsDataManager: onOutageCountUpdate() - Outage Data: 0, LQ : Y. Outage Triggered: false
03-13 13:25:32.969  3003  4030 D InsDataManager: Trying to save initial normal data.
03-13 13:25:32.969  3003  4030 D SensorCollector: syncMappedBuffers: 0, 0, 99
03-13 13:25:32.969  4205  4362 D Tile.WifiTile: handleUpdateState isTransient=false transientEnabling =false cb.isTransient=false state.state = 2 mStateBeforeClick.value =false enabled =true
03-13 13:25:32.969  3003  4030 D InsDataManager: trimBuffers start.
03-13 13:25:32.969  3003  4030 D InsDataManager: trimBuffers - nsmBuffer size: 25
03-13 13:25:32.970  3003  3941 D InetDiagMessage: Destroyed 0 sockets, proto=IPPROTO_TCP, family=AF_INET6, states=14
03-13 13:25:32.970  3003  3941 D InetDiagMessage: Destroyed live tcp sockets for uids={20214} in 5ms
03-13 13:25:32.970  3003  4030 D InsDataManager: Too short for collecting additional normal data
03-13 13:25:32.970  3003  4030 D SemInsManager: {"bssid": "1cf112895765","rssi": -58.0,"latency": 0.0,"outage_count": 0,"lq_callback_triggered": true,"outage_log": "Unreliable statistics: -58.0 / 0 / 58 / 1 / 0 || 1cf112895765: 0.000 / 0.000 / @ || N N / 0 0 / Y 2.0 / Y X 0 / 69321964 0 || Invalid""Magnetic Sensor Events size": "0""Pressure Sensor Events size": "0"}
03-13 13:25:32.972  3003  4047 D SGM:GameManager: identifyGamePackage. com.nytimes.android, mCurrentUserId: 0, callingMethodInfo: com.samsung.android.game.SemGameManager.isGamePackage(SemGameManager.java:106)
03-13 13:25:32.973  3003  4047 D SGM:SemGameManager: isGamePackage(), pkgName=com.nytimes.android, ret=false
03-13 13:25:33.087 27328 27328 I View    : setRequestedFrameRate frameRate=NaN, this=androidx.compose.ui.platform.AndroidComposeView{9926b65 VFED..... .F...... 0,0-1080,1637 aid=1073741824}, caller=android.view.ViewGroup.setRequestedFrameRate:9952 androidx.compose.ui.platform.m.a:0 androidx.compose.ui.platform.AndroidComposeView.dispatchDraw:142 android.view.View.draw:26345 android.view.View.updateDisplayListIfDirty:25175 
03-13 13:25:33.087 27328 27328 I View    : setRequestedFrameRate frameRate=NaN, this=android.view.View{e18fa00 V.ED..... ........ 0,0-0,0}, caller=androidx.compose.ui.platform.m.a:0 androidx.compose.ui.platform.AndroidComposeView.dispatchDraw:157 android.view.View.draw:26345 android.view.View.updateDisplayListIfDirty:25175 android.view.ViewGroup.recreateChildDisplayList:4794 
03-13 13:25:33.200  2097  2125 E HeatmapThread: ECT Thread time in milliseconds: 1773422733
03-13 13:25:33.206  2097  2125 D HeatmapThread: !@ batteryplugType : 2
03-13 13:25:33.207  2097  2125 D HeatmapThread: !@ batteryLevel : 97  batteryTemperature : 317 
03-13 13:25:33.207  2097  2125 D HeatmapThread: !@ Heatmap currtime: 29557045
03-13 13:25:33.207  2097  2125 D HeatmapThread: !@ Heatmap prevtime: 29557042
03-13 13:25:33.208  2097  2125 D HeatmapThread: !@ Heatmap plugstarttime: 29556997
03-13 13:25:33.208  2097  2125 D HeatmapThread: !@ Heatmap prevv_dsoh_update_time: 29556870
03-13 13:25:33.208  2097  2125 E HeatmapThread: !@ CAM New BSOH: 100
03-13 13:25:33.358 27328 28146 E FilePhenotypeFlags: Config package com.google.android.gms.clearcut_client#com.nytimes.android cannot use FILE backing without declarative registration. See go/phenotype-android-integration#phenotype for more information. This will lead to stale flags.
03-13 13:25:33.372 27328 28146 E FilePhenotypeFlags: Config package com.google.android.gms.clearcut_client#com.nytimes.android cannot use FILE backing without declarative registration. See go/phenotype-android-integration#phenotype for more information. This will lead to stale flags.
03-13 13:25:33.372 27328 28146 E FilePhenotypeFlags: Config package com.google.android.gms.clearcut_client#com.nytimes.android cannot use FILE backing without declarative registration. See go/phenotype-android-integration#phenotype for more information. This will lead to stale flags.
03-13 13:25:33.522  3003  4343 I ActivityManager: Changes in 10405 6 to 10, 128 to 0
03-13 13:25:33.525  3003  4343 I ActivityManager: Changes in 10405 10 to 6, 0 to 128
03-13 13:25:33.528  3003  4002 D BackgroundInstallControlService: Package event received: 0
03-13 13:25:33.528  3003  4002 D BackgroundInstallControlService: Package event received: 0
03-13 13:25:33.528  3003  4002 D BackgroundInstallControlService: Package event received: 0
03-13 13:25:33.528  3003  4002 D BackgroundInstallControlService: Package event received: 0
03-13 13:25:33.605 27328 27328 I View    : setRequestedFrameRate frameRate=NaN, this=androidx.compose.ui.platform.AndroidComposeView{9926b65 VFED..... .F...... 0,0-1080,1637 aid=1073741824}, caller=android.view.ViewGroup.setRequestedFrameRate:9952 androidx.compose.ui.platform.m.a:0 androidx.compose.ui.platform.AndroidComposeView.dispatchDraw:142 android.view.View.draw:26345 android.view.View.updateDisplayListIfDirty:25175 
03-13 13:25:33.605 27328 27328 I View    : setRequestedFrameRate frameRate=NaN, this=android.view.View{e18fa00 V.ED..... ........ 0,0-0,0}, caller=androidx.compose.ui.platform.m.a:0 androidx.compose.ui.platform.AndroidComposeView.dispatchDraw:157 android.view.View.draw:26345 android.view.View.updateDisplayListIfDirty:25175 android.view.ViewGroup.recreateChildDisplayList:4794 
03-13 13:25:33.645  3003  5506 I NSLocationMonitor: getGPSUsingApps() called
03-13 13:25:33.645  5490 20244 I NSLocationManager_FLP: getGPSUsingApps, No change
03-13 13:25:33.655  3003  5506 D FreecessHandler: freeze com.samsung.android.aremoji(10044) result : 51
03-13 13:25:33.655  3003  5506 D FreecessHandler: stop trying to freeze com.samsung.android.aremoji
03-13 13:25:33.655  3003  5506 I NSLocationMonitor: getGPSUsingApps() called
03-13 13:25:33.655  5490 20244 I NSLocationManager_FLP: getGPSUsingApps, No change
03-13 13:25:33.660  3003  5506 D FreecessHandler: freeze com.sec.android.gallery3d(10127) result : 51
03-13 13:25:33.660  3003  5506 D FreecessHandler: stop trying to freeze com.sec.android.gallery3d
03-13 13:25:33.660  3003  5506 I NSLocationMonitor: getGPSUsingApps() called
03-13 13:25:33.660  5490 20244 I NSLocationManager_FLP: getGPSUsingApps, No change
03-13 13:25:33.668  3003  5506 D FreecessController: FZ : com.sec.android.app.voicenote(10313) [19321] reason: Bg [cached:X
03-13 13:25:33.668  3003  5506 D FreecessHandler: freeze com.sec.android.app.voicenote(10313) result : 0
03-13 13:25:33.669  3003  5506 I NSLocationMonitor: getGPSUsingApps() called
03-13 13:25:33.669  5490 20244 I NSLocationManager_FLP: getGPSUsingApps, No change
03-13 13:25:33.673  3003  5506 D FreecessHandler: freeze com.samsung.android.app.reminder(10316) result : 51
03-13 13:25:33.673  3003  5506 D FreecessHandler: stop trying to freeze com.samsung.android.app.reminder
03-13 13:25:33.673  3003  5506 I NSLocationMonitor: getGPSUsingApps() called
03-13 13:25:33.673  5490 20244 I NSLocationManager_FLP: getGPSUsingApps, No change
03-13 13:25:33.680  3003  5506 D FreecessController: FZ : com.sec.android.app.shealth(10334) [6308, 14359] reason: Bg [cached:X
03-13 13:25:33.680  3003  5506 D FreecessHandler: freeze com.sec.android.app.shealth(10334) result : 0
03-13 13:25:33.680  3003  5506 I NSLocationMonitor: getGPSUsingApps() called
03-13 13:25:33.681  5490 20244 I NSLocationManager_FLP: getGPSUsingApps, No change
03-13 13:25:33.684  3003  5506 D FreecessHandler: freeze com.nike.omega(10354) result : 51
03-13 13:25:33.684  3003  5506 D FreecessHandler: stop trying to freeze com.nike.omega
03-13 13:25:33.684  3003  5506 I NSLocationMonitor: getGPSUsingApps() called
03-13 13:25:33.685  5490 20244 I NSLocationManager_FLP: getGPSUsingApps, No change
03-13 13:25:33.688  3003  5506 D FreecessHandler: freeze com.opera.browser(10415) result : 51
03-13 13:25:33.689  3003  5506 D FreecessHandler: stop trying to freeze com.opera.browser
03-13 13:25:33.689  3003  5506 I NSLocationMonitor: getGPSUsingApps() called
03-13 13:25:33.689  5490 20244 I NSLocationManager_FLP: getGPSUsingApps, No change
03-13 13:25:33.692  3003  5506 D FreecessHandler: freeze com.peacocktv.peacockandroid(10439) result : 51
03-13 13:25:33.692  3003  5506 D FreecessHandler: stop trying to freeze com.peacocktv.peacockandroid
03-13 13:25:33.692  3003  5506 W LocationManagerService: onFreezeStateChanged, uid[10313]=true
03-13 13:25:33.692  3003  5506 I PowerManagerService: [PWL] SetWakeLockEnableDisable uid = 10313 , disable= true
03-13 13:25:33.692  3003  5506 I PowerManagerService: [PWL] can not change uid =  10313
03-13 13:25:33.692  3003  5506 W LocationManagerService: onFreezeStateChanged, uid[10334]=true
03-13 13:25:33.692  3003  5506 I PowerManagerService: [PWL] SetWakeLockEnableDisable uid = 10334 , disable= true
03-13 13:25:33.692  3003  5506 I PowerManagerService: [PWL] can not change uid =  10334
03-13 13:25:33.766  2007  3645 I sensors-hal: handle_sns_client_event:182, lid_angle_fusion ts=249934329751162 ns value 3/166/3 166/3  -1/-1     0/    0/    0 (0/0/2/2 -2.216/5.436/9.935 -0.943/-2.125/9.772 40)
03-13 13:25:33.779  2007 26491 I sensors-hal: handle_sns_std_sensor_event:409, [SSC_LIGHT] P: 131(131),c:93,b:84,m:13,cl:22,l:93,s:106,l0:9376,l1:32,s0:8398,s1:0,acl:1,opr:0.19,f(r):97,u(bl):111,if:0,wi:2,si:8,po:123(N:0)
03-13 13:25:33.804  2007 12669 I sensors-hal: handle_sns_client_event:94, folding_angle ts=249934369769131 ns value 167/0 (0/0/2/2 0.077/1.603/9.959 -0.349/-0.833/9.935 4 0)
03-13 13:25:33.888  1171  1171 D io_stats: !@   8,0 r 4012837 124616324 w 4907105 100331928 d 415415 111417820 f 207244 475994 iot 1994464 0 th 0 0 0 pt 0 inp 0 0 69322.884
03-13 13:25:33.889  1171  1171 D io_stats: !@ Read_top(KB): cnss_diag(2447) 36 screencap(28129) 8 kworker/7:1H(13820) 8
03-13 13:25:33.889  1171  1171 D io_stats: !@ Write_top(KB): kworker/u16:2(24936) 7248 nytimes.android(27328) 244 vendor.samsung.(2059) 8
03-13 13:25:33.994  2022 27794 I HYPER-HAL: [RequestManager.cpp]releaseLocked(): Released ID : 4567772
03-13 13:25:34.004  2007 12669 I sensors-hal: handle_sns_client_event:94, folding_angle ts=249934569749912 ns value 154/0 (0/0/2/2 1.857/0.837/11.275 -0.287/0.249/9.064 25 0)
03-13 13:25:34.004  2007  3645 I sensors-hal: handle_sns_client_event:182, lid_angle_fusion ts=249934569752516 ns value 3/154/3 154/3  -1/-1     0/    0/    0 (0/0/2/2 1.857/0.837/11.275 -0.287/0.249/9.064 25)
03-13 13:25:34.015  2447  2447 I CNSS    : /sys/wifi/max_chipset_log_size doesn't exist
03-13 13:25:34.044  2007 12669 I sensors-hal: handle_sns_client_event:94, folding_angle ts=249934609754860 ns value 131/0 (0/0/2/2 -2.240/-0.756/11.553 0.258/0.555/9.337 23 0)
03-13 13:25:34.044  2007  3645 I sensors-hal: handle_sns_client_event:182, lid_angle_fusion ts=249934609754860 ns value 2/131/3 131/3  -1/-1     0/    0/    0 (0/0/2/2 -2.240/-0.756/11.553 0.258/0.555/9.337 23)
03-13 13:25:34.044  2007  3645 I sensors-hal: handle_sns_client_event:206, lid_angle_fusion submit_sensors_hal_event 2/131/3 131/3
03-13 13:25:34.045  3003  3067 D InputManager: mFoldingAngleListener: state changed, angle = 131.0, state = 1
03-13 13:25:34.049  3003  3003 D DeviceStatePolicy: notifyDeviceStateChangedIfNeeded: newState=2, lastState=3, caller=com.android.server.policy.FlexibleDeviceStatePolicy.adjustState:57 com.android.server.policy.FlexibleDeviceStateProvider.notifyDeviceStateChangedIfNeeded:90 com.android.server.policy.FlexibleDeviceStateProvider.onSensorChanged:21 
03-13 13:25:34.049  3003  3003 D DeviceStateManagerService: onStateChanged identifier = 2
03-13 13:25:34.049  3003  3003 I DeviceStateManagerService: Cannot notify device state info change when pending state is present.
03-13 13:25:34.050  3003  3067 D DeviceStateManagerService: Committing state: DeviceState{identifier=2, name='HALF_OPENED', app_accessible=true, cancel_when_requester_not_on_top=false}
03-13 13:25:34.054  3003  3067 D DeviceStateManagerGlobal: handleDeviceStateInfoChanged state=DeviceState{identifier=2, name='HALF_OPENED', app_accessible=true, cancel_when_requester_not_on_top=false}, baseState=DeviceState{identifier=2, name='HALF_OPENED', app_accessible=true, cancel_when_requester_not_on_top=false}
03-13 13:25:34.055  3003  3003 I Telecom : SamsungFoldStateManagerAdapterImpl : DeviceStateCallback - onDeviceStateChanged : DeviceState{identifier=2, name='HALF_OPENED', app_accessible=true, cancel_when_requester_not_on_top=false}
03-13 13:25:34.055  3003  3647 I CameraService_worker: Fold state changed, DeviceState{identifier=2, name='HALF_OPENED', app_accessible=true, cancel_when_requester_not_on_top=false}
03-13 13:25:34.055  4184  4193 D DeviceStateManagerGlobal: handleDeviceStateInfoChanged state=DeviceState{identifier=2, name='HALF_OPENED', app_accessible=true, cancel_when_requester_not_on_top=false}, baseState=DeviceState{identifier=2, name='HALF_OPENED', app_accessible=true, cancel_when_requester_not_on_top=false}
03-13 13:25:34.056  4205  4487 D DeviceStateManagerGlobal: handleDeviceStateInfoChanged state=DeviceState{identifier=2, name='HALF_OPENED', app_accessible=true, cancel_when_requester_not_on_top=false}, baseState=DeviceState{identifier=2, name='HALF_OPENED', app_accessible=true, cancel_when_requester_not_on_top=false}
03-13 13:25:34.056  3003  3647 V CameraService_worker: Same device state has coming. skip
03-13 13:25:34.056  4205  4205 D FlexPanelStartController: OnDeviceStateChanged: mIsTableMode=false, isTableMode=true
03-13 13:25:34.056  4205  4205 D FlexPanelStartController: onFoldStateTableModeChanged: isTableMode=true
03-13 13:25:34.056  4205  4205 D FlexPanelStartController: not support state, mMwEnabled=true, mIsTableMode=true, mDesktopMode=false, mFlexModePanelEnabled=true, mIsImeShowing=true, mIsQuickPanelShowing=false, mIsTaskBarAppsEnabled=false, mIsGlobalActionVisible=false, mOnRecentsAnimation=false, isSupportRotation=true, mIsKeyguardVisible=false
03-13 13:25:34.058  4832 17970 I HoneySpace.ExtraDisplaySource: onStateChanged, state = 2
03-13 13:25:34.058  6272  6411 D DeviceStateManagerGlobal: handleDeviceStateInfoChanged state=DeviceState{identifier=2, name='HALF_OPENED', app_accessible=true, cancel_when_requester_not_on_top=false}, baseState=DeviceState{identifier=2, name='HALF_OPENED', app_accessible=true, cancel_when_requester_not_on_top=false}
03-13 13:25:34.058  5338  5338 I FoldStateManager: onTableModeChanged: true
03-13 13:25:34.058  5338  5338 I FoldStateManager: updateTableMode: isTableMode = true
03-13 13:25:34.059  4832 17971 I HoneySpace.ExtraDisplaySource: onStateChanged, state = 2
03-13 13:25:34.060  4360  4360 I SprWallpaper|FoldInteractive: onDeviceStateChanged: newState[2]
03-13 13:25:34.060  3003  3067 D WindowManager: onStateChanged, state=2
03-13 13:25:34.060  3003  3067 I LogicalDisplayMapper: Requesting Transition to state: 2, from state=3, interactive=true, mBootCompleted=true, wakeDevice=false, sleepDevice=false
03-13 13:25:34.060  3003  3067 I LogicalDisplayMapper: Applying layout: [{dispId: 0(ON), displayGroupName: , addr: {port=131, model=0x40446d5d66246e}, mThermalBrightnessThrottlingMapId: null, mRefreshRateZoneId: null, mLeadDisplayId: -1, mLeadDisplayAddress: null, mThermalRefreshRateThrottlingMapId: null, mPowerThrottlingMapId: null}, {dispId: 1(OFF), displayGroupName: , addr: {port=132, model=0x40446d6e9178a2}, mThermalBrightnessThrottlingMapId: null, mRefreshRateZoneId: null, mLeadDisplayId: -1, mLeadDisplayAddress: null, mThermalRefreshRateThrottlingMapId: null, mPowerThrottlingMapId: null}], Previous layout: [{dispId: 0(ON), displayGroupName: , addr: {port=131, model=0x40446d5d66246e}, mThermalBrightnessThrottlingMapId: null, mRefreshRateZoneId: null, mLeadDisplayId: -1, mLeadDisplayAddress: null, mThermalRefreshRateThrottlingMapId: null, mPowerThrottlingMapId: null}, {dispId: 1(OFF), displayGroupName: , addr: {port=132, model=0x40446d6e9178a2}, mThermalBrightnessThrottlingMapId: null, mRefreshRateZoneId: null, mLeadDisplayId: -1, mLeadDisplayAddress: null, mThermalRefreshRateThrottlingMapId: null, mPowerThrottlingMapId: null}]
03-13 13:25:34.061  3003  3067 D LogicalDisplayMapper: applyLayoutLocked[0], oldDisplay=0, newDisplay=0, displayLayout={dispId: 0(ON), displayGroupName: , addr: {port=131, model=0x40446d5d66246e}, mThermalBrightnessThrottlingMapId: null, mRefreshRateZoneId: null, mLeadDisplayId: -1, mLeadDisplayAddress: null, mThermalRefreshRateThrottlingMapId: null, mPowerThrottlingMapId: null}
03-13 13:25:34.061  3003  3067 D LogicalDisplayMapper: applyLayoutLocked[1], oldDisplay=1, newDisplay=1, displayLayout={dispId: 1(OFF), displayGroupName: , addr: {port=132, model=0x40446d6e9178a2}, mThermalBrightnessThrottlingMapId: null, mRefreshRateZoneId: null, mLeadDisplayId: -1, mLeadDisplayAddress: null, mThermalRefreshRateThrottlingMapId: null, mPowerThrottlingMapId: null}
03-13 13:25:34.061  4205  4205 D NavigationBarControllerImpl: setNavigationBarShortcut requestClass : com.android.wm.shell.controlpanel.activity.FlexPanelActivity, remoteViews : null, position : 0, priority : 11
03-13 13:25:34.061  3003  3067 D VibratorManagerService: onTableModeChanged. isTableMode=true
03-13 13:25:34.061  4205  4205 D RemoteViewPack: OnSetRemoteView RemoteViewShortcut(requestClass=com.android.wm.shell.controlpanel.activity.FlexPanelActivity, remoteViews=null, position=0, priority=11)
03-13 13:25:34.061  4205  4205 D NavBarStateManager: NavBarStates(0) isGameMode: false
03-13 13:25:34.061  4205  4205 I KeyguardUpdateMonitor: onTableModeChanged. mIsTableMode = false, isTableMode = true
03-13 13:25:34.061 27328 27654 D DeviceStateManagerGlobal: handleDeviceStateInfoChanged state=DeviceState{identifier=2, name='HALF_OPENED', app_accessible=true, cancel_when_requester_not_on_top=false}, baseState=DeviceState{identifier=2, name='HALF_OPENED', app_accessible=true, cancel_when_requester_not_on_top=false}
03-13 13:25:34.062  4832 17971 I HoneySpace.ExtraDisplaySource: ExtraDisplayInfo(rotation=0, displayId=1, displaySize=Point(748, 720), displayCutout=DisplayCutout{insets=Rect(0, 0 - 0, 66) waterfall=Insets{left=0, top=0, right=0, bottom=0} boundingRect={Bounds=[Rect(0, 0 - 0, 0), Rect(0, 0 - 0, 0), Rect(0, 0 - 0, 0), Rect(379, 654 - 748, 720)]} cutoutPathParserInfo={CutoutPathParserInfo{displayWidth=748 displayHeight=720 physicalDisplayWidth=748 physicalDisplayHeight=720 density={2.125} cutoutSpec={@bottom @right M 0,0 H -173.6470588235294 V -31.05882352941176 H 0 V 0 Z @dp} rotation={0} scale={1.0} physicalPixelDisplaySizeRatio={1.0}}} sideOverrides={}}, foldState=2)
03-13 13:25:34.062  4832  4896 I HoneySpace.TopTaskSource: FoldState updated(2). updateRunningTasks
03-13 13:25:34.062  4205  4205 I SubScreenManager:  onDeviceStateChanged DeviceState{identifier=2, name='HALF_OPENED', app_accessible=true, cancel_when_requester_not_on_top=false}
03-13 13:25:34.062  4205  4205 I SubScreenManager: onDeviceStateChanged() 
03-13 13:25:34.062  4205  4205 I SubLauncher:SubLauncherStateManager@232606011: setTentMode: 3 -> 2 
03-13 13:25:34.062  4205  4205 I FoldStateManager: onTableModeChanged: true
03-13 13:25:34.062  4205  4205 I FoldStateManager: updateTableMode: isTableMode = true
03-13 13:25:34.063  4832 17970 I HoneySpace.ExtraDisplaySource: ExtraDisplayInfo(rotation=0, displayId=1, displaySize=Point(748, 720), displayCutout=DisplayCutout{insets=Rect(0, 0 - 0, 66) waterfall=Insets{left=0, top=0, right=0, bottom=0} boundingRect={Bounds=[Rect(0, 0 - 0, 0), Rect(0, 0 - 0, 0), Rect(0, 0 - 0, 0), Rect(379, 654 - 748, 720)]} cutoutPathParserInfo={CutoutPathParserInfo{displayWidth=748 displayHeight=720 physicalDisplayWidth=748 physicalDisplayHeight=720 density={2.125} cutoutSpec={@bottom @right M 0,0 H -173.6470588235294 V -31.05882352941176 H 0 V 0 Z @dp} rotation={0} scale={1.0} physicalPixelDisplaySizeRatio={1.0}}} sideOverrides={}}, foldState=2)
03-13 13:25:34.063  4832 17970 I HoneySpace.DeviceStateUseCase: changed: THREE_BUTTON, 144, true, false, DisplayInfo(rotation=0, displayId=0, displaySize=Point(1080, 2640), displayCutout=DisplayCutout{insets=Rect(0, 94 - 0, 0) waterfall=Insets{left=0, top=0, right=0, bottom=0} boundingRect={Bounds=[Rect(0, 0 - 0, 0), Rect(505, 0 - 576, 94), Rect(0, 0 - 0, 0), Rect(0, 0 - 0, 0)]} cutoutPathParserInfo={CutoutPathParserInfo{displayWidth=1080 displayHeight=2640 physicalDisplayWidth=1080 physicalDisplayHeight=2640 density={3.0} cutoutSpec={M 0,0 H -11.83333333333333 V 31.33333333333333 H 11.83333333333333 V 0 H 0 Z @dp} rotation={0} scale={1.0} physicalPixelDisplaySizeRatio={1.0}}} sideOverrides={}}, isNavCanMove=true, isTablet=false), ExtraDisplayInfo(rotation=0, displayId=1, displaySize=Point(748, 720), displayCutout=DisplayCutout{insets=Rect(0, 0 - 0, 66) waterfall=Insets{left=0, top=0, right=0, bottom=0} boundingRect={Bounds=[Rect(0, 0 - 0, 0), Rect(0, 0 - 0, 0), Rect(0, 0 - 0, 0), Rect(379, 654 - 748, 720)]} cutoutPathParserInfo={CutoutPathParserInfo{displayWidth=748 displayHeight=720 physicalDisplayWidth=748 physicalDisplayHeight=720 density={2.125} cutoutSpec={@bottom @right M 0,0 H -173.6470588235294 V -31.05882352941176 H 0 V 0 Z @dp} rotation={0} scale={1.0} physicalPixelDisplaySizeRatio={1.0}}} sideOverrides={}}, foldState=2), false
03-13 13:25:34.066 19245 19245 I FoldStateManager: onTableModeChanged: true
03-13 13:25:34.066 19245 19245 I FoldStateManager: updateTableMode: isTableMode = true
03-13 13:25:34.066  4832  4898 I HoneySpace.TopTaskUseCase: topTasks 652 ComponentInfo{com.nytimes.android/com.nytimes.subauth.ui.login.SubauthLoginActivity}[displayId=0]
03-13 13:25:34.084  2007  3645 I sensors-hal: handle_sns_client_event:182, lid_angle_fusion ts=249934649756891 ns value 2/111/3 111/3  -1/-1     0/    0/    0 (0/0/2/2 -0.153/5.121/0.450 0.110/0.325/9.868 21)
03-13 13:25:34.084  2007 12669 I sensors-hal: handle_sns_client_event:94, folding_angle ts=249934649753506 ns value 111/0 (0/0/2/2 -0.153/5.121/0.450 0.110/0.325/9.868 21 0)
03-13 13:25:34.091 27328 27328 I View    : setRequestedFrameRate frameRate=NaN, this=androidx.compose.ui.platform.AndroidComposeView{9926b65 VFED..... .F...... 0,0-1080,1637 aid=1073741824}, caller=android.view.ViewGroup.setRequestedFrameRate:9952 androidx.compose.ui.platform.m.a:0 androidx.compose.ui.platform.AndroidComposeView.dispatchDraw:142 android.view.View.draw:26345 android.view.View.updateDisplayListIfDirty:25175 
03-13 13:25:34.092 27328 27328 I View    : setRequestedFrameRate frameRate=NaN, this=android.view.View{e18fa00 V.ED..... ........ 0,0-0,0}, caller=androidx.compose.ui.platform.m.a:0 androidx.compose.ui.platform.AndroidComposeView.dispatchDraw:157 android.view.View.draw:26345 android.view.View.updateDisplayListIfDirty:25175 android.view.ViewGroup.recreateChildDisplayList:4794 
03-13 13:25:34.124  2007 12669 I sensors-hal: handle_sns_client_event:94, folding_angle ts=249934689760641 ns value  87/0 (0/0/2/2 0.928/7.456/-1.665 0.019/-0.421/9.930 18 0)
03-13 13:25:34.124  2007  3645 I sensors-hal: handle_sns_client_event:182, lid_angle_fusion ts=249934689758558 ns value 2/ 87/3  87/3  -1/-1     0/    0/    0 (0/0/2/2 0.928/7.456/-1.665 0.019/-0.421/9.930 18)
03-13 13:25:34.164  2007 12669 I sensors-hal: handle_sns_client_event:94, folding_angle ts=249934729759808 ns value  74/0 (0/0/2/2 0.019/8.054/-1.890 0.220/-0.048/9.988 16 0)
03-13 13:25:34.164  2007  3645 I sensors-hal: handle_sns_client_event:182, lid_angle_fusion ts=249934729760329 ns value 2/ 74/3  74/3  -1/-1     0/    0/    0 (0/0/2/2 0.019/8.054/-1.890 0.220/-0.048/9.988 16)
03-13 13:25:34.164  4832 17971 I HoneySpace.DeviceStateUseCase: update: DeviceState(naviMode=THREE_BUTTON, navigationBarHeight=144, hint=true, transparentHint=false, rotation=0, displayId=0, displaySize=Point(1080, 2640), displayCutout=DisplayCutout{insets=Rect(0, 94 - 0, 0) waterfall=Insets{left=0, top=0, right=0, bottom=0} boundingRect={Bounds=[Rect(0, 0 - 0, 0), Rect(505, 0 - 576, 94), Rect(0, 0 - 0, 0), Rect(0, 0 - 0, 0)]} cutoutPathParserInfo={CutoutPathParserInfo{displayWidth=1080 displayHeight=2640 physicalDisplayWidth=1080 physicalDisplayHeight=2640 density={3.0} cutoutSpec={M 0,0 H -11.83333333333333 V 31.33333333333333 H 11.83333333333333 V 0 H 0 Z @dp} rotation={0} scale={1.0} physicalPixelDisplaySizeRatio={1.0}}} sideOverrides={}}, isNavCanMove=true, isTablet=false, extraDisplayInfo=ExtraDisplayInfo(rotation=0, displayId=1, displaySize=Point(748, 720), displayCutout=DisplayCutout{insets=Rect(0, 0 - 0, 66) waterfall=Insets{left=0, top=0, right=0, bottom=0} boundingRect={Bounds=[Rect(0, 0 - 0, 0), Rect(0, 0 - 0, 0), Rect(0, 0 - 0, 0), Rect(379, 654 - 748, 720)]} cutoutPathParserInfo={CutoutPathParserInfo{displayWidth=748 displayHeight=720 physicalDisplayWidth=748 physicalDisplayHeight=720 density={2.125} cutoutSpec={@bottom @right M 0,0 H -173.6470588235294 V -31.05882352941176 H 0 V 0 Z @dp} rotation={0} scale={1.0} physicalPixelDisplaySizeRatio={1.0}}} sideOverrides={}}, foldState=2), enableOverlayWindow=false)
03-13 13:25:34.165  4832  4832 I HoneySpace.GestureInputHandler: deviceState changed DeviceState(naviMode=THREE_BUTTON, navigationBarHeight=144, hint=true, transparentHint=false, rotation=0, displayId=0, displaySize=Point(1080, 2640), displayCutout=DisplayCutout{insets=Rect(0, 94 - 0, 0) waterfall=Insets{left=0, top=0, right=0, bottom=0} boundingRect={Bounds=[Rect(0, 0 - 0, 0), Rect(505, 0 - 576, 94), Rect(0, 0 - 0, 0), Rect(0, 0 - 0, 0)]} cutoutPathParserInfo={CutoutPathParserInfo{displayWidth=1080 displayHeight=2640 physicalDisplayWidth=1080 physicalDisplayHeight=2640 density={3.0} cutoutSpec={M 0,0 H -11.83333333333333 V 31.33333333333333 H 11.83333333333333 V 0 H 0 Z @dp} rotation={0} scale={1.0} physicalPixelDisplaySizeRatio={1.0}}} sideOverrides={}}, isNavCanMove=true, isTablet=false, extraDisplayInfo=ExtraDisplayInfo(rotation=0, displayId=1, displaySize=Point(748, 720), displayCutout=DisplayCutout{insets=Rect(0, 0 - 0, 66) waterfall=Insets{left=0, top=0, right=0, bottom=0} boundingRect={Bounds=[Rect(0, 0 - 0, 0), Rect(0, 0 - 0, 0), Rect(0, 0 - 0, 0), Rect(379, 654 - 748, 720)]} cutoutPathParserInfo={CutoutPathParserInfo{displayWidth=748 displayHeight=720 physicalDisplayWidth=748 physicalDisplayHeight=720 density={2.125} cutoutSpec={@bottom @right M 0,0 H -173.6470588235294 V -31.05882352941176 H 0 V 0 Z @dp} rotation={0} scale={1.0} physicalPixelDisplaySizeRatio={1.0}}} sideOverrides={}}, foldState=2), enableOverlayWindow=false)
03-13 13:25:34.165  4832  4832 I HoneySpace.RegionManagerImpl: changeTouchRegion() called with: com.honeyspace.gesture.region.NoGestureTouchRegion@e9bc286 to DeviceState(naviMode=THREE_BUTTON, navigationBarHeight=144, hint=true, transparentHint=false, rotation=0, displayId=0, displaySize=Point(1080, 2640), displayCutout=DisplayCutout{insets=Rect(0, 94 - 0, 0) waterfall=Insets{left=0, top=0, right=0, bottom=0} boundingRect={Bounds=[Rect(0, 0 - 0, 0), Rect(505, 0 - 576, 94), Rect(0, 0 - 0, 0), Rect(0, 0 - 0, 0)]} cutoutPathParserInfo={CutoutPathParserInfo{displayWidth=1080 displayHeight=2640 physicalDisplayWidth=1080 physicalDisplayHeight=2640 density={3.0} cutoutSpec={M 0,0 H -11.83333333333333 V 31.33333333333333 H 11.83333333333333 V 0 H 0 Z @dp} rotation={0} scale={1.0} physicalPixelDisplaySizeRatio={1.0}}} sideOverrides={}}, isNavCanMove=true, isTablet=false, extraDisplayInfo=ExtraDisplayInfo(rotation=0, displayId=1, displaySize=Point(748, 720), displayCutout=DisplayCutout{insets=Rect(0, 0 - 0, 66) waterfall=Insets{left=0, top=0, right=0, bottom=0} boundingRect={Bounds=[Rect(0, 0 - 0, 0), Rect(0, 0 - 0, 0), Rect(0, 0 - 0, 0), Rect(379, 654 - 748, 720)]} cutoutPathParserInfo={CutoutPathParserInfo{displayWidth=748 displayHeight=720 physicalDisplayWidth=748 physicalDisplayHeight=720 density={2.125} cutoutSpec={@bottom @right M 0,0 H -173.6470588235294 V -31.05882352941176 H 0 V 0 Z @dp} rotation={0} scale={1.0} physicalPixelDisplaySizeRatio={1.0}}} sideOverrides={}}, foldState=2), enableOverlayWindow=false)
03-13 13:25:34.166  3003  4343 D TspStateManager: holeName: HomeGesture, direction: 0, startY: 0, endY: 0
03-13 13:25:34.167  4832  4832 I DeadZoneHole: resetDeadZoneHole
03-13 13:25:34.167  4832  4832 I HoneySpace.RegionManagerImpl: resetSwipeRegion. RectF(0.0, 0.0, 0.0, 0.0), RectF(0.0, 0.0, 0.0, 0.0)
03-13 13:25:34.198  2097  2125 E HeatmapThread: ECT Thread time in milliseconds: 1773422734
03-13 13:25:34.204  2007  3645 I sensors-hal: handle_sns_client_event:182, lid_angle_fusion ts=249934769754704 ns value 1/ 64/3  64/3  -1/-1     0/    0/    0 (0/0/2/2 -0.057/6.843/-5.369 0.086/-0.368/9.801 14)
03-13 13:25:34.204  2007  3645 I sensors-hal: handle_sns_client_event:206, lid_angle_fusion submit_sensors_hal_event 1/ 64/3  64/3
03-13 13:25:34.205  2097  2125 D HeatmapThread: !@ batteryplugType : 2
03-13 13:25:34.205  2097  2125 D HeatmapThread: !@ batteryLevel : 97  batteryTemperature : 317 
03-13 13:25:34.205  2097  2125 D HeatmapThread: !@ Heatmap currtime: 29557045
03-13 13:25:34.205  2097  2125 D HeatmapThread: !@ Heatmap prevtime: 29557042
03-13 13:25:34.205  2097  2125 D HeatmapThread: !@ Heatmap plugstarttime: 29556997
03-13 13:25:34.205  2097  2125 D HeatmapThread: !@ Heatmap prevv_dsoh_update_time: 29556870
03-13 13:25:34.205  2097  2125 E HeatmapThread: !@ CAM New BSOH: 100
03-13 13:25:34.208  3003  3003 D DeviceStatePolicy: notifyDeviceStateChangedIfNeeded: newState=1, lastState=2, caller=com.android.server.policy.FlexibleDeviceStatePolicy.adjustState:57 com.android.server.policy.FlexibleDeviceStateProvider.notifyDeviceStateChangedIfNeeded:90 com.android.server.policy.FlexibleDeviceStateProvider.onSensorChanged:21 
03-13 13:25:34.208  3003  3003 D SemInputDeviceManager: setProperty: TSP_SUB(2) CMD,ALWAYS_LOW_POWER_MODE,1
03-13 13:25:34.209  3003  3993 D SemInputDevice:TSP_SUB: SetPropertyTask: CMD,set_always_lpm,1 [03-13 13:25:34.209]
03-13 13:25:34.212  2071  2128 I sysinput:aidl: onReportInformation:93, 2, cmd@set_always_lpm,1:0
03-13 13:25:34.213  3003  3993 D SysinputHAL_AIDL: setProperty(TSP_SUB(2)): CMD, set_always_lpm,1 ret=0
03-13 13:25:34.214  2071  2128 I sysinput:Touch2: operator():237, OK
03-13 13:25:34.244  2007 12669 I sensors-hal: handle_sns_client_event:94, folding_angle ts=249934809760120 ns value  46/0 (0/0/2/2 0.641/6.360/-5.944 0.694/0.057/9.815 11 0)
03-13 13:25:34.244  2007  3645 I sensors-hal: handle_sns_client_event:182, lid_angle_fusion ts=249934809760381 ns value 1/ 46/3  46/3  -1/-1     0/    0/    0 (0/0/2/2 0.641/6.360/-5.944 0.694/0.057/9.815 11)
03-13 13:25:34.259  2007  3645 I sensors-hal: qsh_conn_event_cb:890, event[0] sensor:Light seamless  Wakeup, msg_id=1025, ts=4798849247156
03-13 13:25:34.259  2007  3645 I sensors-hal: handle_sns_client_event:46, light_seamless ts=249934824585120 ns, 47,50,2147483647, M:0,0, S:0,0
03-13 13:25:34.264  2007 26491 I sensors-hal: get_flicker_als_data:183, [SSC_LIGHT] flicker lux: 8 (608, 26, dw: 47)
03-13 13:25:34.265  2007 26491 I sensors-hal: handle_sns_std_sensor_event:409, [SSC_LIGHT] P: 47(47),c:93,b:84,m:13,cl:22,l:13,s:20,l0:2832,l1:0,s0:1627,s1:0,acl:1,opr:0.19,f(r):97,u(bl):111,if:0,wi:0,si:8,po:123(N:0)
03-13 13:25:34.266  3003  3067 D RefreshRateModeManager: onBrightnessChanged: brt=84, lux=47.0
03-13 13:25:34.284  2007  3645 I sensors-hal: handle_sns_client_event:182, lid_angle_fusion ts=249934849760954 ns value 1/ 36/3  36/3  -1/-1     0/    0/    0 (0/0/2/2 -0.613/4.446/-9.605 -0.550/0.024/9.758 9)
03-13 13:25:34.289 28740 28765 V CpEventLog(u0): [P] cp_state: [                 contacts = {contacts=0, raw_contacts=0, data=0, account={secphone(1)=0, google(2)=0, sim(3)=0, sim2(4)=0, agg(5)=0, samsung(7)=0, mobileservice(8)=0, com.opera.browser.ping(11)=0, com.nike.authcomponent.v1(14)=0, com.adidas.mobile.sso.adidas.app(15)=0, com.tiktok.lite.go(16)=0, www.instagram.com(17)=0, www.instagram.barcelona(18)=0, com.facebook.auth.login(19)=0, duo(21)=0, Newsbreak(22)=0}, trash=0, trash_acc={}, trash_sync=0, database=contacts2.db} ]
03-13 13:25:34.289 28740 28765 V CpEventLog(u0): [P] cp_state: [               aggregated = {} ]
03-13 13:25:34.289 28740 28765 V CpEventLog(u0): [P] cp_state: [                  request = {} ]
03-13 13:25:34.289 28740 28765 V CpEventLog(u0): [P] cp_state: [                    calls = {types={[100]=4}, database=calllog.db} ]
03-13 13:25:34.289 28740 28765 V CpEventLog(u0): [P] cp_state: [                  profile = {contacts=0, raw_contacts=0, data=0, account={secphone(1)=0, google(2)=0, sim(3)=0, sim2(4)=0, agg(5)=0, samsung(7)=0, mobileservice(8)=0, com.opera.browser.ping(11)=0, com.nike.authcomponent.v1(14)=0, com.adidas.mobile.sso.adidas.app(15)=0, com.tiktok.lite.go(16)=0, www.instagram.com(17)=0, www.instagram.barcelona(18)=0, com.facebook.auth.login(19)=0, duo(21)=0, Newsbreak(22)=0}, trash=0, trash_acc={}, trash_sync=0, database=profile.db} ]
03-13 13:25:34.289 28740 28765 V CpEventLog(u0): [P] cp_state: [               sa_profile = {contacts=0, raw_contacts=0, data=0, account={secphone(1)=0, google(2)=0, sim(3)=0, sim2(4)=0, agg(5)=0, samsung(7)=0, mobileservice(8)=0, com.opera.browser.ping(11)=0, com.nike.authcomponent.v1(14)=0, com.adidas.mobile.sso.adidas.app(15)=0, com.tiktok.lite.go(16)=0, www.instagram.com(17)=0, www.instagram.barcelona(18)=0, com.facebook.auth.login(19)=0, duo(21)=0, Newsbreak(22)=0}, trash=0, trash_acc={}, trash_sync=0, database=profile_sa.db} ]
03-13 13:25:34.289 28740 28765 V CpEventLog(u0): [P] cp_state: [                      etc = {binders=0, country_iso=US, version=15.6.28, db_version=2000, db_size=0, db_wal_size=0, csc=XAA/XAA, sec_enabled=false, is_roaming=false} ]
03-13 13:25:34.289 28740 28765 V CpEventLog(u0): [P] cp_state: ------------------------------------------------------------------------------
03-13 13:25:34.324  2007 12669 I sensors-hal: handle_sns_client_event:94, folding_angle ts=249934889749808 ns value  25/0 (0/0/2/2 -0.943/4.240/-9.648 -0.531/-0.292/9.782 7 0)
03-13 13:25:34.324  2007  3645 I sensors-hal: handle_sns_client_event:182, lid_angle_fusion ts=249934889750329 ns value 1/ 25/3  25/3  -1/-1     0/    0/    0 (0/0/2/2 -0.943/4.240/-9.648 -0.531/-0.292/9.782 7)
03-13 13:25:34.365  3003  3067 D InputManager: mFoldingAngleListener: state changed, angle = 19.0, state = 0
03-13 13:25:34.404  2007 12669 I sensors-hal: handle_sns_client_event:94, folding_angle ts=249934969757308 ns value  14/0 (0/0/2/2 0.081/2.355/-10.662 -0.010/-0.014/9.868 2 0)
03-13 13:25:34.404  2007  3645 I sensors-hal: handle_sns_client_event:182, lid_angle_fusion ts=249934969754704 ns value 1/ 14/3  14/3  -1/-1     0/    0/    0 (0/0/2/2 0.081/2.355/-10.662 -0.010/-0.014/9.868 2)
03-13 13:25:34.421  2007 26491 I sensors-hal: get_flicker_als_data:183, [SSC_LIGHT] flicker lux: 7 (529, 28, dw: 47)
03-13 13:25:34.421  2007 26491 I sensors-hal: handle_sns_std_sensor_event:409, [SSC_LIGHT] P: 8(8),c:93,b:84,m:13,cl:22,l:7,s:8,l0:2336,l1:0,s0:716,s1:0,acl:1,opr:0.19,f(r):97,u(bl):111,if:0,wi:0,si:12,po:123(N:0)
03-13 13:25:34.524  2007  3645 I sensors-hal: handle_sns_client_event:206, lid_angle_fusion submit_sensors_hal_event 0/  5/3   5/3
03-13 13:25:34.528  3003  3003 E FlexibleDeviceStateProvider: No declared device states match any of the required conditions.
03-13 13:25:34.528  3003  3003 I FlexibleDeviceStateProvider: LidSwitch mIsLidOpen: true
03-13 13:25:34.528  3003  3003 I FlexibleDeviceStateProvider: Sensor values:
03-13 13:25:34.528  3003  3003 I FlexibleDeviceStateProvider: lid_angle_fusion  Wakeup : [0.0, 5.0, 5.0]
03-13 13:25:34.528  3003  3003 I FlexibleDeviceStateProvider: isScreenOn: false
03-13 13:25:34.528  3003  3003 D DeviceStatePolicy: notifyDeviceStateChangedIfNeeded: newState=-1, lastState=2, caller=com.android.server.policy.FlexibleDeviceStatePolicy.adjustState:57 com.android.server.policy.FlexibleDeviceStateProvider.notifyDeviceStateChangedIfNeeded:90 com.android.server.policy.FlexibleDeviceStateProvider.onSensorChanged:21 
03-13 13:25:34.564  2007 12669 I sensors-hal: handle_sns_client_event:94, folding_angle ts=249935129756683 ns value   0/0 (0/0/2/2 -0.110/0.201/-3.943 2.039/7.389/-4.274 6 0)
03-13 13:25:34.565  2007  3645 I sensors-hal: handle_sns_client_event:182, lid_angle_fusion ts=249935129759287 ns value 0/  0/3   0/3  -1/-1     0/    0/    0 (0/0/2/2 -0.110/0.201/-3.943 2.039/7.389/-4.274 6)
03-13 13:25:34.580  2007 26491 I sensors-hal: get_flicker_als_data:183, [SSC_LIGHT] flicker lux: 20 (1490, 55, dw: 47)
