03-09 21:09:32.110 27382 27560 W System.err: 	at com.ss.ugc.effectplatform.repository.AlgorithmRepository$fetchResourcesByRequirementsAndModelNames$1.a(Unknown Source:262158)
03-09 21:09:32.110 27382 27560 W System.err: 	at com.ss.ugc.effectplatform.task.BaseTask.run(Unknown Source:262173)
03-09 21:09:32.110 27382 27560 W System.err: 	at com.ss.ugc.effectplatform.task.TaskManager$commit$2.run(Unknown Source:262161)
03-09 21:09:32.110 27382 27560 W System.err: 	at com.ss.android.ugc.effectmanager.knadapt.KNExecutor$execute$1.run(Unknown Source:65540)
03-09 21:09:32.110 27382 27560 W System.err: 	at kotlinx.coroutines.internal.LimitedDispatcher.run(Unknown Source:327691)
03-09 21:09:32.110 27382 27560 W System.err: 	at kotlinx.coroutines.scheduling.TaskImpl.run(Unknown Source:196610)
03-09 21:09:32.110 27382 27560 W System.err: 	at kotlinx.coroutines.scheduling.CoroutineScheduler$Worker.run(Unknown Source:458805)
03-09 21:09:32.112 27382 27560 D Helios:Network-White: Block request lf19-effectcdn-us.tiktokcdn-us.com
03-09 21:09:32.115 27382 27467 D Helios:Network-TTNet: pop event true for de4af674-f780-4a0a-8c6a-4c99caff7a44
03-09 21:09:32.115 28140 28140 V GraphicsEnvironment: Currently set values for:
03-09 21:09:32.115 28140 28140 V GraphicsEnvironment:   angle_gl_driver_selection_pkgs=[]
03-09 21:09:32.115 28140 28140 V GraphicsEnvironment:   angle_gl_driver_selection_values=[]
03-09 21:09:32.115 28140 28140 V GraphicsEnvironment: Global.Settings values are invalid: number of packages: 0, number of values: 0
03-09 21:09:32.115 28140 28140 V GraphicsEnvironment: Updatable production driver is not supported on the device.
03-09 21:09:32.122 28140 28140 D nativeloader: Load /data/app/~~dNCmr5k0yhUJbh-o4XYvhA==/com.lemon.lvoverseas-T0MAhL5o5jHXa546phziAw==/lib/arm64/libflipped.so using ns clns-9 from class loader (caller=/data/app/~~dNCmr5k0yhUJbh-o4XYvhA==/com.lemon.lvoverseas-T0MAhL5o5jHXa546phziAw==/base.apk!classes9.dex): ok
03-09 21:09:32.122 28140 28140 E flipped : init succeeded.
03-09 21:09:32.122 28140 28155 E flipped : Attach current thread 0
03-09 21:09:32.122 28140 28155 E flipped : Detach current thread 0
03-09 21:09:32.123 28140 28156 E flipped : Attach current thread 0
03-09 21:09:32.123 28140 28156 E flipped : Detach current thread 0
03-09 21:09:32.123 28140 28140 E FlippedV2Impl: V2 invokeHiddenApiRestrictions success.
03-09 21:09:32.135 28140 28158 D nativeloader: Load /data/app/~~dNCmr5k0yhUJbh-o4XYvhA==/com.lemon.lvoverseas-T0MAhL5o5jHXa546phziAw==/lib/arm64/libkeva.so using ns clns-9 from class loader (caller=/data/app/~~dNCmr5k0yhUJbh-o4XYvhA==/com.lemon.lvoverseas-T0MAhL5o5jHXa546phziAw==/base.apk!classes9.dex): ok
03-09 21:09:32.137 28140 28158 I KEVA.NATIVE: alog init successed
03-09 21:09:32.138 28140 28158 I KEVA.NATIVE: byte array do not exist
03-09 21:09:32.149 28140 28159 D CompatChangeReporter: Compat change id reported: 279646685; UID 10283; state: ENABLED
03-09 21:09:32.153 28140 28159 D CompatChangeReporter: Compat change id reported: 63938206; UID 10283; state: ENABLED
03-09 21:09:32.156 28140 28158 W System.err: java.lang.NullPointerException: Parameter specified as non-null is null: method com.vega.kv.keva.KevaSpAopHook.getSharedPreferences, parameter 
03-09 21:09:32.156 28140 28158 W System.err: 	at com.vega.kv.keva.KevaSpAopHook.getSharedPreferences(Unknown Source:50855938)
03-09 21:09:32.156 28140 28158 W System.err: 	at com.bytedance.ttnet.config.ImageStrategyController.INVOKEVIRTUAL_com_bytedance_ttnet_config_ImageStrategyController_com_vega_launcher_lancet_SharedPreferencesLancet_getSharedPreferences(Unknown Source:50593851)
03-09 21:09:32.156 28140 28158 W System.err: 	at com.bytedance.ttnet.config.ImageStrategyController.getSP(Unknown Source:196617)
03-09 21:09:32.156 28140 28158 W System.err: 	at com.bytedance.ttnet.config.ImageStrategyController.initConfig(Unknown Source:262144)
03-09 21:09:32.156 28140 28158 W System.err: 	at com.bytedance.ttnet.config.ImageStrategyController.<init>(Unknown Source:16908299)
03-09 21:09:32.156 28140 28158 W System.err: 	at com.bytedance.ttnet.config.ImageStrategyController.Init(Unknown Source:16973837)
03-09 21:09:32.156 28140 28158 W System.err: 	at X.1NL.run(Unknown Source:262182)
03-09 21:09:32.156 28140 28158 W System.err: 	at java.util.concurrent.Executors$RunnableAdapter.call(Executors.java:487)
03-09 21:09:32.156 28140 28158 W System.err: 	at java.util.concurrent.FutureTask.run(FutureTask.java:264)
03-09 21:09:32.156 28140 28158 W System.err: 	at java.util.concurrent.ThreadPoolExecutor.runWorker(ThreadPoolExecutor.java:1145)
03-09 21:09:32.156 28140 28158 W System.err: 	at java.util.concurrent.ThreadPoolExecutor$Worker.run(ThreadPoolExecutor.java:644)
03-09 21:09:32.156 28140 28158 W System.err: 	at java.lang.Thread.run(Thread.java:1012)
03-09 21:09:32.167 27382 27560 W System.err: java.lang.IllegalArgumentException: cdnHostSuffix is not init !!!
03-09 21:09:32.167 27382 27560 W System.err: 	at com.bytedance.ttnet.AppConsts.getCdnHostSuffix(Unknown Source:196629)
03-09 21:09:32.167 27382 27560 W System.err: 	at com.bytedance.ttnet.config.AppConfig.cdnShouldSampling(Unknown Source:17039391)
03-09 21:09:32.167 27382 27560 W System.err: 	at com.lm.components.network.download.DownloadClient.a(Unknown Source:50790561)
03-09 21:09:32.167 27382 27560 W System.err: 	at com.lm.components.network.NetworkManager.a(Unknown Source:33751062)
03-09 21:09:32.167 27382 27560 W System.err: 	at com.vega.core.net.NetworkManagerWrapper.b(Unknown Source:33751057)
03-09 21:09:32.167 27382 27560 W System.err: 	at com.vega.libeffect.di.EffectManagerModule$CronetNetWorker.a(Unknown Source:33882165)
03-09 21:09:32.167 27382 27560 W System.err: 	at com.vega.libeffect.di.EffectManagerModule$CronetNetWorker.execute(Unknown Source:17170548)
03-09 21:09:32.167 27382 27560 W System.err: 	at com.ss.android.ugc.effectmanager.knadapt.KNNetworkClient.fetchFromNetwork(Unknown Source:17170482)
03-09 21:09:32.167 27382 27560 W System.err: 	at com.ss.ugc.effectplatform.download.DownloadManager.a(Unknown Source:34078814)
03-09 21:09:32.167 27382 27560 W System.err: 	at com.ss.ugc.effectplatform.task.algorithm.FetchModelTask.g(Unknown Source:33947799)
03-09 21:09:32.167 27382 27560 W System.err: 	at com.ss.ugc.effectplatform.task.algorithm.FetchModelTask.h(Unknown Source:17170551)
03-09 21:09:32.167 27382 27560 W System.err: 	at com.ss.ugc.effectplatform.task.algorithm.FetchModelTask.a(Unknown Source:327697)
03-09 21:09:32.167 27382 27560 W System.err: 	at com.ss.ugc.effectplatform.task.BaseTask.run(Unknown Source:262173)
03-09 21:09:32.167 27382 27560 W System.err: 	at com.ss.ugc.effectplatform.task.algorithm.FetchModelAndEffectTask.g(Unknown Source:33947741)
03-09 21:09:32.167 27382 27560 W System.err: 	at com.ss.ugc.effectplatform.algorithm.AlgorithmEffectFetcher.c(Unknown Source:33947799)
03-09 21:09:32.167 27382 27560 W System.err: 	at com.ss.ugc.effectplatform.repository.AlgorithmRepository$fetchResourcesByRequirementsAndModelNames$1.a(Unknown Source:262158)
03-09 21:09:32.167 27382 27560 W System.err: 	at com.ss.ugc.effectplatform.task.BaseTask.run(Unknown Source:262173)
03-09 21:09:32.167 27382 27560 W System.err: 	at com.ss.ugc.effectplatform.task.TaskManager$commit$2.run(Unknown Source:262161)
03-09 21:09:32.167 27382 27560 W System.err: 	at com.ss.android.ugc.effectmanager.knadapt.KNExecutor$execute$1.run(Unknown Source:65540)
03-09 21:09:32.167 27382 27560 W System.err: 	at kotlinx.coroutines.internal.LimitedDispatcher.run(Unknown Source:327691)
03-09 21:09:32.167 27382 27560 W System.err: 	at kotlinx.coroutines.scheduling.TaskImpl.run(Unknown Source:196610)
03-09 21:09:32.167 27382 27560 W System.err: 	at kotlinx.coroutines.scheduling.CoroutineScheduler$Worker.run(Unknown Source:458805)
03-09 21:09:32.169 27382 27560 D Helios:Network-White: Block request lf19-effectcdn-us.tiktokcdn-us.com
03-09 21:09:32.172 27382 27467 D Helios:Network-TTNet: pop event true for 6961eebd-32ac-452e-a97a-acd55a01a2f5
03-09 21:09:32.175 28140 28172 E flipped : Attach current thread 0
03-09 21:09:32.175 28140 28172 E flipped : Detach current thread 0
03-09 21:09:32.176 28140 28173 E flipped : Attach current thread 0
03-09 21:09:32.176 28140 28173 E flipped : Detach current thread 0
03-09 21:09:32.176 28140 28140 E FlippedV2Impl: V2 invokeHiddenApiRestrictions success.
03-09 21:09:32.198 27382 27472 W System.err: java.lang.NumberFormatException: For input string: ""
03-09 21:09:32.198 27382 27472 W System.err: 	at java.lang.Integer.parseInt(Integer.java:800)
03-09 21:09:32.198 27382 27472 W System.err: 	at java.lang.Integer.parseInt(Integer.java:908)
03-09 21:09:32.198 27382 27472 W System.err: 	at com.vega.launcher.network.interceptors.CrackingInterceptor.intercept(Native Method)
03-09 21:09:32.198 27382 27472 W System.err: 	at com.bytedance.retrofit2.intercept.RealInterceptorChain.proceed(Unknown Source:17236130)
03-09 21:09:32.198 27382 27472 W System.err: 	at com.vega.launcher.network.interceptors.TimeOutSettingInterceptor.intercept(Unknown Source:17302191)
03-09 21:09:32.198 27382 27472 W System.err: 	at com.bytedance.retrofit2.intercept.RealInterceptorChain.proceed(Unknown Source:17236130)
03-09 21:09:32.198 27382 27472 W System.err: 	at com.vega.launcher.network.interceptors.LynxSignVerifyInterceptor.intercept(Unknown Source:17170503)
03-09 21:09:32.198 27382 27472 W System.err: 	at com.bytedance.retrofit2.intercept.RealInterceptorChain.proceed(Unknown Source:17236130)
03-09 21:09:32.198 27382 27472 W System.err: 	at com.vega.launcher.network.interceptors.SignVerifyInterceptor.intercept(Unknown Source:17104974)
03-09 21:09:32.198 27382 27472 W System.err: 	at com.bytedance.retrofit2.intercept.RealInterceptorChain.proceed(Unknown Source:17236130)
03-09 21:09:32.198 27382 27472 W System.err: 	at com.vega.launcher.network.interceptors.AssistInterceptor.intercept(Unknown Source:17236333)
03-09 21:09:32.198 27382 27472 W System.err: 	at com.bytedance.retrofit2.intercept.RealInterceptorChain.proceed(Unknown Source:17236130)
03-09 21:09:32.198 27382 27472 W System.err: 	at com.vega.effectplatform.artist.net.ArtistCollectInterceptor.intercept(Unknown Source:17105003)
03-09 21:09:32.198 27382 27472 W System.err: 	at com.bytedance.retrofit2.intercept.RealInterceptorChain.proceed(Unknown Source:17236130)
03-09 21:09:32.198 27382 27472 W System.err: 	at com.vega.launcher.network.interceptors.RetrofitHeaderInterceptor.intercept(Unknown Source:17367931)
03-09 21:09:32.198 27382 27472 W System.err: 	at com.bytedance.retrofit2.intercept.RealInterceptorChain.proceed(Unknown Source:17236130)
03-09 21:09:32.198 27382 27472 W System.err: 	at com.vega.libeffectapi.util.VimoNetHeaderInterceptor.intercept(Unknown Source:17170582)
03-09 21:09:32.198 27382 27472 W System.err: 	at com.bytedance.retrofit2.intercept.RealInterceptorChain.proceed(Unknown Source:17236130)
03-09 21:09:32.198 27382 27472 W System.err: 	at com.lm.components.network.extra.HttpHeaderInterceptor.intercept(Unknown Source:17302064)
03-09 21:09:32.198 27382 27472 W System.err: 	at com.bytedance.retrofit2.intercept.RealInterceptorChain.proceed(Unknown Source:17236130)
03-09 21:09:32.198 27382 27472 W System.err: 	at com.bytedance.privacy.dispatch.monitor.BootDomainInterceptor.intercept(Unknown Source:17170460)
03-09 21:09:32.198 27382 27472 W System.err: 	at com.bytedance.retrofit2.intercept.RealInterceptorChain.proceed(Unknown Source:17236130)
03-09 21:09:32.198 27382 27472 W System.err: 	at com.bytedance.privacy.region.CdnRegionInterceptor.intercept(Unknown Source:17235977)
03-09 21:09:32.198 27382 27472 W System.err: 	at com.bytedance.retrofit2.intercept.RealInterceptorChain.proceed(Unknown Source:17236130)
03-09 21:09:32.198 27382 27472 W System.err: 	at ms.bd.o.b3$a.intercept(Unknown Source:17170438)
03-09 21:09:32.198 27382 27472 W System.err: 	at com.bytedance.retrofit2.intercept.RealInterceptorChain.proceed(Unknown Source:17236130)
03-09 21:09:32.198 27382 27472 W System.err: 	at com.bytedance.frameworks.baselib.network.http.retrofit.BaseSsInterceptor.intercept(Unknown Source:16973846)
03-09 21:09:32.198 27382 27472 W System.err: 	at com.bytedance.retrofit2.intercept.RealInterceptorChain.proceed(Unknown Source:17236130)
03-09 21:09:32.198 27382 27472 W System.err: 	at com.bytedance.retrofit2.SsHttpCall.getResponseWithInterceptorChain(Unknown Source:327790)
03-09 21:09:32.198 27382 27472 W System.err: 	at com.bytedance.retrofit2.SsHttpCall.execute(Unknown Source:327713)
03-09 21:09:32.198 27382 27472 W System.err: 	at com.bytedance.retrofit2.ExecutorCallAdapterFactory$ExecutorCallbackCall.execute(Unknown Source:65538)
03-09 21:09:32.198 27382 27472 W System.err: 	at com.lm.components.network.network.NetWorker.i(Unknown Source:134611130)
03-09 21:09:32.198 27382 27472 W System.err: 	at com.lm.components.network.NetworkManager.h(Unknown Source:23)
03-09 21:09:32.198 27382 27472 W System.err: 	at com.lm.components.network.network.INetWorker$DefaultImpls.c(Unknown Source:134414350)
03-09 21:09:32.198 27382 27472 W System.err: 	at com.vega.core.net.NetworkManagerWrapper.j(Unknown Source:84148252)
03-09 21:09:32.198 27382 27472 W System.err: 	at com.vega.libgecko.network.GeckoNetworkTTNetImpl.doPost(Unknown Source:33882156)
03-09 21:09:32.198 27382 27472 W System.err: 	at com.bytedance.geckox.settings.GlobalSettingsManager.syncRequestServer(Unknown Source:67567727)
03-09 21:09:32.198 27382 27472 W System.err: 	at com.bytedance.geckox.settings.GlobalSettingsManager$2.run(Unknown Source:459011)
03-09 21:09:32.198 27382 27472 W System.err: 	at java.util.concurrent.ThreadPoolExecutor.runWorker(ThreadPoolExecutor.java:1145)
03-09 21:09:32.198 27382 27472 W System.err: 	at java.util.concurrent.ThreadPoolExecutor$Worker.run(ThreadPoolExecutor.java:644)
03-09 21:09:32.198 27382 27472 W System.err: 	at java.lang.Thread.run(Thread.java:1012)
03-09 21:09:32.198 27382 27472 W System.err: 	at com.bytedance.bpea.transmit.delegate.BPEAThread.run(Unknown Source:196617)
03-09 21:09:32.198 27382 27472 W System.err: 	at com.ss.android.ugc.bytex.pthread.base.convergence.hook.ThreadProxy$start$1.invoke(Unknown Source:23)
03-09 21:09:32.198 27382 27472 W System.err: 	at com.ss.android.ugc.bytex.pthread.base.convergence.hook.ThreadProxy$start$1.invoke(Unknown Source:2)
03-09 21:09:32.198 27382 27472 W System.err: 	at com.ss.android.ugc.bytex.pthread.base.convergence.helper.ThreadWorker.run(Unknown Source:98)
03-09 21:09:32.198 27382 27472 W System.err: 	at java.util.concurrent.ThreadPoolExecutor.runWorker(ThreadPoolExecutor.java:1145)
03-09 21:09:32.198 27382 27472 W System.err: 	at java.util.concurrent.ThreadPoolExecutor$Worker.run(ThreadPoolExecutor.java:644)
03-09 21:09:32.198 27382 27472 W System.err: 	at java.lang.Thread.run(Thread.java:1012)
03-09 21:09:32.200 28140 28161 D nativeloader: Load /data/app/~~dNCmr5k0yhUJbh-o4XYvhA==/com.lemon.lvoverseas-T0MAhL5o5jHXa546phziAw==/lib/arm64/liborbuculum.so using ns clns-9 from class loader (caller=/data/app/~~dNCmr5k0yhUJbh-o4XYvhA==/com.lemon.lvoverseas-T0MAhL5o5jHXa546phziAw==/base.apk!classes9.dex): ok
03-09 21:09:32.203 27382 27472 I KEVA.NATIVE: byte array do not exist
03-09 21:09:32.205 27382 27406 I KEVA.NATIVE: process_lock_offset increase to 317, old 0, count 254
03-09 21:09:32.207 28140 28140 E QueryFilterEngine: Local common params config is invalid: {}
03-09 21:09:32.209 28140 28140 W SyncMainProcessConfig: Sync main process config in current process.
03-09 21:09:32.214 27382 27463 W System.err: java.lang.NumberFormatException: For input string: ""
03-09 21:09:32.214 27382 27463 W System.err: 	at java.lang.Integer.parseInt(Integer.java:800)
03-09 21:09:32.214 27382 27463 W System.err: 	at java.lang.Integer.parseInt(Integer.java:908)
03-09 21:09:32.214 27382 27463 W System.err: 	at com.vega.launcher.network.interceptors.CrackingInterceptor.intercept(Native Method)
03-09 21:09:32.214 27382 27463 W System.err: 	at com.bytedance.retrofit2.intercept.RealInterceptorChain.proceed(Unknown Source:17236130)
03-09 21:09:32.214 27382 27463 W System.err: 	at com.vega.launcher.network.interceptors.TimeOutSettingInterceptor.intercept(Unknown Source:17302191)
03-09 21:09:32.214 27382 27463 W System.err: 	at com.bytedance.retrofit2.intercept.RealInterceptorChain.proceed(Unknown Source:17236130)
03-09 21:09:32.214 27382 27463 W System.err: 	at com.vega.launcher.network.interceptors.LynxSignVerifyInterceptor.intercept(Unknown Source:17170503)
03-09 21:09:32.214 27382 27463 W System.err: 	at com.bytedance.retrofit2.intercept.RealInterceptorChain.proceed(Unknown Source:17236130)
03-09 21:09:32.214 27382 27463 W System.err: 	at com.vega.launcher.network.interceptors.SignVerifyInterceptor.intercept(Unknown Source:17104974)
03-09 21:09:32.214 27382 27463 W System.err: 	at com.bytedance.retrofit2.intercept.RealInterceptorChain.proceed(Unknown Source:17236130)
03-09 21:09:32.214 27382 27463 W System.err: 	at com.vega.launcher.network.interceptors.AssistInterceptor.intercept(Unknown Source:17236333)
03-09 21:09:32.214 27382 27463 W System.err: 	at com.bytedance.retrofit2.intercept.RealInterceptorChain.proceed(Unknown Source:17236130)
03-09 21:09:32.214 27382 27463 W System.err: 	at com.vega.effectplatform.artist.net.ArtistCollectInterceptor.intercept(Unknown Source:17105003)
03-09 21:09:32.214 27382 27463 W System.err: 	at com.bytedance.retrofit2.intercept.RealInterceptorChain.proceed(Unknown Source:17236130)
03-09 21:09:32.214 27382 27463 W System.err: 	at com.vega.launcher.network.interceptors.RetrofitHeaderInterceptor.intercept(Unknown Source:17367931)
03-09 21:09:32.214 27382 27463 W System.err: 	at com.bytedance.retrofit2.intercept.RealInterceptorChain.proceed(Unknown Source:17236130)
03-09 21:09:32.214 27382 27463 W System.err: 	at com.vega.libeffectapi.util.VimoNetHeaderInterceptor.intercept(Unknown Source:17170582)
03-09 21:09:32.214 27382 27463 W System.err: 	at com.bytedance.retrofit2.intercept.RealInterceptorChain.proceed(Unknown Source:17236130)
03-09 21:09:32.214 27382 27463 W System.err: 	at com.lm.components.network.extra.HttpHeaderInterceptor.intercept(Unknown Source:17302064)
03-09 21:09:32.214 27382 27463 W System.err: 	at com.bytedance.retrofit2.intercept.RealInterceptorChain.proceed(Unknown Source:17236130)
03-09 21:09:32.214 27382 27463 W System.err: 	at com.bytedance.privacy.dispatch.monitor.BootDomainInterceptor.intercept(Unknown Source:17170460)
03-09 21:09:32.214 27382 27463 W System.err: 	at com.bytedance.retrofit2.intercept.RealInterceptorChain.proceed(Unknown Source:17236130)
03-09 21:09:32.214 27382 27463 W System.err: 	at com.bytedance.privacy.region.CdnRegionInterceptor.intercept(Unknown Source:17235977)
03-09 21:09:32.214 27382 27463 W System.err: 	at com.bytedance.retrofit2.intercept.RealInterceptorChain.proceed(Unknown Source:17236130)
03-09 21:09:32.214 27382 27463 W System.err: 	at ms.bd.o.b3$a.intercept(Unknown Source:17170438)
03-09 21:09:32.214 27382 27463 W System.err: 	at com.bytedance.retrofit2.intercept.RealInterceptorChain.proceed(Unknown Source:17236130)
03-09 21:09:32.214 27382 27463 W System.err: 	at com.bytedance.frameworks.baselib.network.http.retrofit.BaseSsInterceptor.intercept(Unknown Source:16973846)
03-09 21:09:32.214 27382 27463 W System.err: 	at com.bytedance.retrofit2.intercept.RealInterceptorChain.proceed(Unknown Source:17236130)
03-09 21:09:32.214 27382 27463 W System.err: 	at com.bytedance.retrofit2.SsHttpCall.getResponseWithInterceptorChain(Unknown Source:327790)
03-09 21:09:32.214 27382 27463 W System.err: 	at com.bytedance.retrofit2.SsHttpCall.execute(Unknown Source:327713)
03-09 21:09:32.214 27382 27463 W System.err: 	at com.bytedance.retrofit2.ExecutorCallAdapterFactory$ExecutorCallbackCall.execute(Unknown Source:65538)
03-09 21:09:32.214 27382 27463 W System.err: 	at com.lm.components.network.network.NetWorker.i(Unknown Source:134611130)
03-09 21:09:32.214 27382 27463 W System.err: 	at com.lm.components.network.NetworkManager.h(Unknown Source:23)
03-09 21:09:32.214 27382 27463 W System.err: 	at com.lm.components.network.network.INetWorker$DefaultImpls.c(Unknown Source:134414350)
03-09 21:09:32.214 27382 27463 W System.err: 	at com.vega.core.net.NetworkManagerWrapper.j(Unknown Source:84148252)
03-09 21:09:32.214 27382 27463 W System.err: 	at com.vega.libgecko.network.GeckoNetworkTTNetImpl.doPost(Unknown Source:33882156)
03-09 21:09:32.214 27382 27463 W System.err: 	at com.bytedance.geckox.interceptors.CheckUpdateInterceptor.syncRequestServer(Unknown Source:17301715)
03-09 21:09:32.214 27382 27463 W System.err: 	at com.bytedance.geckox.interceptors.CheckUpdateInterceptor.intercept(Unknown Source:33947648)
03-09 21:09:32.214 27382 27463 W System.err: 	at com.bytedance.geckox.interceptors.CheckUpdateInterceptor.intercept(Unknown Source:33619970)
03-09 21:09:32.214 27382 27463 W System.err: 	at com.bytedance.pipeline.RealInterceptorChain.proceed(Unknown Source:17104968)
03-09 21:09:32.214 27382 27463 W System.err: 	at com.bytedance.geckox.interceptors.LoadLocalChannelVersionInterceptor.intercept(Unknown Source:34013518)
03-09 21:09:32.214 27382 27463 W System.err: 	at com.bytedance.pipeline.RealInterceptorChain.proceed(Unknown Source:17104968)
03-09 21:09:32.214 27382 27463 W System.err: 	at com.bytedance.geckox.interceptors.InitInterceptor.intercept(Unknown Source:33619968)
03-09 21:09:32.214 27382 27463 W System.err: 	at com.bytedance.pipeline.RealInterceptorChain.proceed(Unknown Source:17104968)
03-09 21:09:32.214 27382 27463 W System.err: 	at com.bytedance.geckox.GeckoClient$1.run(Unknown Source:327718)
03-09 21:09:32.214 27382 27463 W System.err: 	at com.bytedance.geckox.utils.SequenceExecutionShell.run(Unknown Source:524302)
03-09 21:09:32.214 27382 27463 W System.err: 	at java.util.concurrent.ThreadPoolExecutor.runWorker(ThreadPoolExecutor.java:1145)
03-09 21:09:32.214 27382 27463 W System.err: 	at java.util.concurrent.ThreadPoolExecutor$Worker.run(ThreadPoolExecutor.java:644)
03-09 21:09:32.214 27382 27463 W System.err: 	at java.lang.Thread.run(Thread.java:1012)
03-09 21:09:32.214 27382 27463 W System.err: 	at com.bytedance.bpea.transmit.delegate.BPEAThread.run(Unknown Source:196617)
03-09 21:09:32.214 27382 27463 W System.err: 	at com.ss.android.ugc.bytex.pthread.base.convergence.hook.ThreadProxy$start$1.invoke(Unknown Source:23)
03-09 21:09:32.214 27382 27463 W System.err: 	at com.ss.android.ugc.bytex.pthread.base.convergence.hook.ThreadProxy$start$1.invoke(Unknown Source:2)
03-09 21:09:32.214 27382 27463 W System.err: 	at com.ss.android.ugc.bytex.pthread.base.convergence.helper.ThreadWorker.run(Unknown Source:98)
03-09 21:09:32.214 27382 27463 W System.err: 	at java.util.concurrent.ThreadPoolExecutor.runWorker(ThreadPoolExecutor.java:1145)
03-09 21:09:32.214 27382 27463 W System.err: 	at java.util.concurrent.ThreadPoolExecutor$Worker.run(ThreadPoolExecutor.java:644)
03-09 21:09:32.214 27382 27463 W System.err: 	at java.lang.Thread.run(Thread.java:1012)
03-09 21:09:32.216 28140 28140 D nativeloader: Load /data/app/~~dNCmr5k0yhUJbh-o4XYvhA==/com.lemon.lvoverseas-T0MAhL5o5jHXa546phziAw==/lib/arm64/libmetasec_ov.so using ns clns-9 from class loader (caller=/data/app/~~dNCmr5k0yhUJbh-o4XYvhA==/com.lemon.lvoverseas-T0MAhL5o5jHXa546phziAw==/base.apk!classes9.dex): ok
03-09 21:09:32.220 28140 28140 W System.err: java.lang.NoClassDefFoundError: Failed resolution of: Lcom/bytedance/xtrace/XTrace;
03-09 21:09:32.220 28140 28140 W System.err: 	at ms.bd.o.c5.a(Unknown Source:47)
03-09 21:09:32.220 28140 28140 W System.err: 	at ms.bd.o.k.a(Native Method)
03-09 21:09:32.220 28140 28140 W System.err: 	at ms.bd.o.h2.b(Unknown Source:34079445)
03-09 21:09:32.220 28140 28140 W System.err: 	at ms.bd.o.b0.a(Unknown Source:50659333)
03-09 21:09:32.220 28140 28140 W System.err: 	at java.lang.reflect.Method.invoke(Native Method)
03-09 21:09:32.220 28140 28140 W System.err: 	at com.bytedance.frameworks.baselib.network.TTNetInitMetrics.setCallbackAddress(Unknown Source:33882207)
03-09 21:09:32.220 28140 28140 W System.err: 	at com.bytedance.frameworks.baselib.network.TTNetInitMetrics.initMSSdkFromTTNet(Unknown Source:16973831)
03-09 21:09:32.220 28140 28140 W System.err: 	at com.bytedance.ttnet.TTNetInit.tryInitTTNet(Unknown Source:117833824)
03-09 21:09:32.220 28140 28140 W System.err: 	at com.lm.components.network.init.InitManager.<init>(Unknown Source:50725047)
03-09 21:09:32.220 28140 28140 W System.err: 	at com.lm.components.network.NetworkManager.o(Unknown Source:50725001)
03-09 21:09:32.220 28140 28140 W System.err: 	at com.lm.components.core.init.NetworkInitTask.a(Unknown Source:33947814)
03-09 21:09:32.220 28140 28140 W System.err: 	at com.lm.components.core.CoreManager.b(Unknown Source:33751054)
03-09 21:09:32.220 28140 28140 W System.err: 	at com.vega.launcher.init.InitManager.c(Unknown Source:50856721)
03-09 21:09:32.220 28140 28140 W System.err: 	at com.vega.launcher.ScaffoldApplication.onCreate(Unknown Source:590998)
03-09 21:09:32.220 28140 28140 W System.err: 	at android.app.Instrumentation.callApplicationOnCreate(Instrumentation.java:1386)
03-09 21:09:32.220 28140 28140 W System.err: 	at android.app.ActivityThread.handleBindApplication(ActivityThread.java:7671)
03-09 21:09:32.220 28140 28140 W System.err: 	at android.app.ActivityThread.-$$Nest$mhandleBindApplication(Unknown Source:0)
03-09 21:09:32.220 28140 28140 W System.err: 	at android.app.ActivityThread$H.handleMessage(ActivityThread.java:2527)
03-09 21:09:32.220 28140 28140 W System.err: 	at android.os.Handler.dispatchMessage(Handler.java:112)
03-09 21:09:32.220 28140 28140 W System.err: 	at android.os.Looper.loopOnce(Looper.java:268)
03-09 21:09:32.220 28140 28140 W System.err: 	at android.os.Looper.loop(Looper.java:384)
03-09 21:09:32.220 28140 28140 W System.err: 	at android.app.ActivityThread.main(ActivityThread.java:8921)
03-09 21:09:32.220 28140 28140 W System.err: 	at java.lang.reflect.Method.invoke(Native Method)
03-09 21:09:32.220 28140 28140 W System.err: 	at com.android.internal.os.RuntimeInit$MethodAndArgsCaller.run(RuntimeInit.java:580)
03-09 21:09:32.220 28140 28140 W System.err: 	at com.android.internal.os.ZygoteInit.main(ZygoteInit.java:907)
03-09 21:09:32.220 28140 28140 W System.err: Caused by: java.lang.ClassNotFoundException: com.bytedance.xtrace.XTrace
03-09 21:09:32.220 28140 28140 W System.err: 	... 25 more
03-09 21:09:32.220 28140 28140 W SsCronetHttpClient: tryResolveImpl:org.chromium.CronetClient
03-09 21:09:32.220 27382 27463 W System.err: java.lang.IllegalArgumentException: cdnHostSuffix is not init !!!
03-09 21:09:32.220 27382 27463 W System.err: 	at com.bytedance.ttnet.AppConsts.getCdnHostSuffix(Unknown Source:196629)
03-09 21:09:32.220 27382 27463 W System.err: 	at com.bytedance.ttnet.config.AppConfig.cdnShouldSampling(Unknown Source:17039391)
03-09 21:09:32.221 27382 27463 W System.err: 	at com.lm.components.network.download.DownloadClient.a(Unknown Source:50790561)
03-09 21:09:32.221 27382 27463 W System.err: 	at com.lm.components.network.NetworkManager.a(Unknown Source:33751062)
03-09 21:09:32.221 27382 27463 W System.err: 	at com.vega.core.net.NetworkManagerWrapper.b(Unknown Source:33751057)
03-09 21:09:32.221 27382 27463 W System.err: 	at com.vega.libgecko.network.GeckoNetworkTTNetImpl.downloadFile(Unknown Source:67371023)
03-09 21:09:32.221 27382 27463 W System.err: 	at com.bytedance.geckox.interceptors.DownloadInterceptor.intercept(Unknown Source:34079318)
03-09 21:09:32.221 27382 27463 W System.err: 	at com.bytedance.pipeline.RealInterceptorChain.proceed(Unknown Source:17104968)
03-09 21:09:32.221 27382 27463 W System.err: 	at com.bytedance.pipeline.RetryInterceptor.intercept(Unknown Source:33751046)
03-09 21:09:32.221 27382 27463 W System.err: 	at com.bytedance.pipeline.RealInterceptorChain.proceed(Unknown Source:17104968)
03-09 21:09:32.221 27382 27463 W System.err: 	at com.bytedance.pipeline.RetryBranchInterceptor.intercept(Unknown Source:33882136)
03-09 21:09:32.221 27382 27463 W System.err: 	at com.bytedance.pipeline.RealInterceptorChain.proceed(Unknown Source:17104968)
03-09 21:09:32.221 27382 27463 W System.err: 	at com.bytedance.pipeline.BranchInterceptor.intercept(Unknown Source:33882132)
03-09 21:09:32.221 27382 27463 W System.err: 	at com.bytedance.pipeline.RealInterceptorChain.proceed(Unknown Source:17104968)
03-09 21:09:32.221 27382 27463 W System.err: 	at com.bytedance.geckox.interceptors.PreDownloadInterceptor.intercept(Unknown Source:34013608)
03-09 21:09:32.221 27382 27463 W System.err: 	at com.bytedance.pipeline.RealInterceptorChain.proceed(Unknown Source:17104968)
03-09 21:09:32.221 27382 27463 W System.err: 	at com.bytedance.geckox.interceptors.ParallelDownloadInterceptor$2.run(Unknown Source:393336)
03-09 21:09:32.221 27382 27463 W System.err: 	at java.util.concurrent.ThreadPoolExecutor.runWorker(ThreadPoolExecutor.java:1145)
03-09 21:09:32.221 27382 27463 W System.err: 	at java.util.concurrent.ThreadPoolExecutor$Worker.run(ThreadPoolExecutor.java:644)
03-09 21:09:32.221 27382 27463 W System.err: 	at java.lang.Thread.run(Thread.java:1012)
03-09 21:09:32.221 27382 27463 W System.err: 	at com.bytedance.bpea.transmit.delegate.BPEAThread.run(Unknown Source:196617)
03-09 21:09:32.221 27382 27463 W System.err: 	at com.ss.android.ugc.bytex.pthread.base.convergence.hook.ThreadProxy$start$1.invoke(Unknown Source:23)
03-09 21:09:32.221 27382 27463 W System.err: 	at com.ss.android.ugc.bytex.pthread.base.convergence.hook.ThreadProxy$start$1.invoke(Unknown Source:2)
03-09 21:09:32.221 27382 27463 W System.err: 	at com.ss.android.ugc.bytex.pthread.base.convergence.helper.ThreadWorker.run(Unknown Source:98)
03-09 21:09:32.221 27382 27463 W System.err: 	at java.util.concurrent.ThreadPoolExecutor.runWorker(ThreadPoolExecutor.java:1145)
03-09 21:09:32.221 27382 27463 W System.err: 	at java.util.concurrent.ThreadPoolExecutor$Worker.run(ThreadPoolExecutor.java:644)
03-09 21:09:32.221 27382 27463 W System.err: 	at java.lang.Thread.run(Thread.java:1012)
03-09 21:09:32.224 27382 27463 D Helios:Network-White: Block request lf16-geckocdn.tiktokcdn-us.com
03-09 21:09:32.227 28140 28184 I WebViewFactory: Loading com.google.android.webview version 145.0.7632.120 (code 763212003)
03-09 21:09:32.229 27382 27467 D Helios:Network-TTNet: pop event true for 3a2c03e7-c87b-4294-be64-2258903f38fd
03-09 21:09:32.231 28140 28184 V ResourcesManager: The following library key has been added: ResourcesKey{ mHash=2df57d3d mResDir=null mSplitDirs=[] mOverlayDirs=[/product/overlay/NavigationBarMode3Button/NavigationBarMode3ButtonOverlay.apk,/product/overlay/FontRookeryRegular/FontRookeryRegularOverlay.apk,/data/resource-cache/com.android.systemui-neutral-i5r1.frro,/data/resource-cache/com.android.systemui-accent-bHEf.frro,/data/resource-cache/com.android.systemui-dynamic-EZez.frro] mLibDirs=[/data/app/~~QyyAqlRA22LFr8C3T70LRw==/com.google.android.webview-rBShHcZLcYzlBfRP61VNjA==/base.apk,/system/framework/android.test.base.jar,/system_ext/framework/androidx.window.extensions.jar] mDisplayId=0 mOverrideConfig=v35 mCompatInfo={420dpi always-compat} mLoaders=[]}
03-09 21:09:32.232 28140 28184 D ApplicationLoaders: Returning zygote-cached class loader: /system/framework/android.test.base.jar
03-09 21:09:32.232 28140 28184 D ApplicationLoaders: Returning zygote-cached class loader: /system_ext/framework/androidx.window.extensions.jar
03-09 21:09:32.234 28140 28140 D nativeloader: Load /data/app/~~dNCmr5k0yhUJbh-o4XYvhA==/com.lemon.lvoverseas-T0MAhL5o5jHXa546phziAw==/lib/arm64/libsscronet.so using ns clns-9 from class loader (caller=/data/app/~~dNCmr5k0yhUJbh-o4XYvhA==/com.lemon.lvoverseas-T0MAhL5o5jHXa546phziAw==/base.apk!classes9.dex): ok
03-09 21:09:32.244 27382 27526 D Helios:Network-White: Block request tt-gecko-sg.capcutapi.com
03-09 21:09:32.247 28140 28140 I Typeface: updateThemeFont new=Rookery-Regular;old=sans-serif;new=Rookery-Stacked;old=
03-09 21:09:32.248  3163  6016 I ActivityManager: Flag disabled. Ignoring finishAttachApplication from uid: 10283. pid: 28140
03-09 21:09:32.249  3163  6016 D ConnectivityService: requestNetwork for uid/pid:10283/28140 activeRequest: null callbackRequest: 4429 [NetworkRequest [ REQUEST id=4430, [ Capabilities: INTERNET&NOT_RESTRICTED&TRUSTED&NOT_VCN_MANAGED&NOT_BANDWIDTH_CONSTRAINED Uid: 10283 RequestorUid: 10283 RequestorPkg: com.lemon.lvoverseas UnderlyingNetworks: Null] ]] callback flags: 0 order: 2147483647 isUidTracked: false declaredMethods: ALL
03-09 21:09:32.251 28140 28192 D nativeloader: Load /data/app/~~dNCmr5k0yhUJbh-o4XYvhA==/com.lemon.lvoverseas-T0MAhL5o5jHXa546phziAw==/lib/arm64/libpumbaa-network.so using ns clns-9 from class loader (caller=/data/app/~~dNCmr5k0yhUJbh-o4XYvhA==/com.lemon.lvoverseas-T0MAhL5o5jHXa546phziAw==/base.apk!classes9.dex): ok
03-09 21:09:32.252  3163  6016 D CompatChangeReporter: Compat change id reported: 319212206; UID 10283; state: ENABLED
03-09 21:09:32.252  3163  5158 D WifiNetworkFactory: got request NetworkRequest [ REQUEST id=4430, [ Capabilities: INTERNET&NOT_RESTRICTED&TRUSTED&NOT_VCN_MANAGED&NOT_BANDWIDTH_CONSTRAINED Uid: 10283 RequestorUid: 10283 RequestorPkg: com.lemon.lvoverseas UnderlyingNetworks: Null] ]
03-09 21:09:32.253  3163  5158 D UntrustedWifiNetworkFactory: got request NetworkRequest [ REQUEST id=4430, [ Capabilities: INTERNET&NOT_RESTRICTED&TRUSTED&NOT_VCN_MANAGED&NOT_BANDWIDTH_CONSTRAINED Uid: 10283 RequestorUid: 10283 RequestorPkg: com.lemon.lvoverseas UnderlyingNetworks: Null] ]
03-09 21:09:32.253  3163  5158 D OemPaidWifiNetworkFactory: got request NetworkRequest [ REQUEST id=4430, [ Capabilities: INTERNET&NOT_RESTRICTED&TRUSTED&NOT_VCN_MANAGED&NOT_BANDWIDTH_CONSTRAINED Uid: 10283 RequestorUid: 10283 RequestorPkg: com.lemon.lvoverseas UnderlyingNetworks: Null] ]
03-09 21:09:32.253 27382 27467 D Helios:Network-TTNet: pop event true for 52f63ac7-d53f-4bcd-afa0-9121e6c91401
03-09 21:09:32.253  3163  5158 D MultiInternetWifiNetworkFactory: got request NetworkRequest [ REQUEST id=4430, [ Capabilities: INTERNET&NOT_RESTRICTED&TRUSTED&NOT_VCN_MANAGED&NOT_BANDWIDTH_CONSTRAINED Uid: 10283 RequestorUid: 10283 RequestorPkg: com.lemon.lvoverseas UnderlyingNetworks: Null] ]
03-09 21:09:32.253  3163  5168 D ConnectivityService: NetReassign [4430 : null → 135] [c 1] [a 1] [i 2]
03-09 21:09:32.254 28140 28192 I lvoverseas:push: Thread[42,tid=28192,Native,Thread*=0x6f530394d0,peer=0x149263e8,"TTKNativeNetworkManager1"] recursive attempt to load library "/data/app/~~dNCmr5k0yhUJbh-o4XYvhA==/com.lemon.lvoverseas-T0MAhL5o5jHXa546phziAw==/lib/arm64/libpumbaa-network.so"
03-09 21:09:32.258  3163  5168 D ConnectivityService: NetReassign [no changes] [c 0] [a 3] [i 1]
03-09 21:09:32.270 28140 28192 D nativeloader: Load /data/app/~~dNCmr5k0yhUJbh-o4XYvhA==/com.lemon.lvoverseas-T0MAhL5o5jHXa546phziAw==/lib/arm64/liborbuculumadapter.so using ns clns-9 from class loader (caller=/data/app/~~dNCmr5k0yhUJbh-o4XYvhA==/com.lemon.lvoverseas-T0MAhL5o5jHXa546phziAw==/base.apk!classes9.dex): ok
03-09 21:09:32.274 28140 28161 D nativeloader: Load /data/app/~~dNCmr5k0yhUJbh-o4XYvhA==/com.lemon.lvoverseas-T0MAhL5o5jHXa546phziAw==/lib/arm64/libCepEngine.so using ns clns-9 from class loader (caller=/data/app/~~dNCmr5k0yhUJbh-o4XYvhA==/com.lemon.lvoverseas-T0MAhL5o5jHXa546phziAw==/base.apk!classes9.dex): ok
03-09 21:09:32.282 28140 28184 I lvoverseas:push: Failed to add image file: Dex cache count and dex file count mismatch while trying to initialize from image
03-09 21:09:32.288 28140 28184 D nativeloader: Configuring clns-10 for other apk /data/app/~~QyyAqlRA22LFr8C3T70LRw==/com.google.android.webview-rBShHcZLcYzlBfRP61VNjA==/base.apk. target_sdk_version=36, uses_libraries=, library_path=/data/app/~~QyyAqlRA22LFr8C3T70LRw==/com.google.android.webview-rBShHcZLcYzlBfRP61VNjA==/lib/arm64:/data/app/~~QyyAqlRA22LFr8C3T70LRw==/com.google.android.webview-rBShHcZLcYzlBfRP61VNjA==/base.apk!/lib/arm64-v8a, permitted_path=/data:/mnt/expand
03-09 21:09:32.293 28140 28140 D Carrier_Cache_Entry: receive broadcast >> android.intent.action.SIM_STATE_CHANGED  isInitialStickyBroadcast:true
03-09 21:09:32.294 28140 28140 D Carrier_Cache_Entry: receive broadcast >> android.net.conn.CONNECTIVITY_CHANGE  isInitialStickyBroadcast:true
03-09 21:09:32.300 28140 28161 D nativeloader: Load /data/app/~~dNCmr5k0yhUJbh-o4XYvhA==/com.lemon.lvoverseas-T0MAhL5o5jHXa546phziAw==/lib/arm64/libTTMachineCore.so using ns clns-9 from class loader (caller=/data/app/~~dNCmr5k0yhUJbh-o4XYvhA==/com.lemon.lvoverseas-T0MAhL5o5jHXa546phziAw==/base.apk!classes9.dex): ok
03-09 21:09:32.300 28140 28161 D TTM/TTM_CORE: TTMCore_init commonConfig: 115, multiInstConfig: 7700,ttmHostStaticCache:4294967295
03-09 21:09:32.300 28140 28161 D TTM/TTM_CORE: TTM init core_state:0,--- general_state:0,  ---open_jni:1, --monitor_exception:0  -- core_report_enable:1, -- is_local_test:0
03-09 21:09:32.311 28140 28192 E shadowhook_tag: shadowhook version 2.0.1-rc.9: shadowhook init(default_mode: SHARED, debuggable: false), return: 0, real-init: yes
03-09 21:09:32.314 28140 28212 D Helios:Network-White: Block request sf16-telemetry-proxy-oci.tiktokcdn-us.com
03-09 21:09:32.315 28140 28213 D Helios:Network-White: Block request sf16-telemetry-proxy-oci.tiktokcdn-us.com
03-09 21:09:32.316 28140 28161 D nativeloader: Load /data/app/~~dNCmr5k0yhUJbh-o4XYvhA==/com.lemon.lvoverseas-T0MAhL5o5jHXa546phziAw==/lib/arm64/libpns_ttmachine_adapter.so using ns clns-9 from class loader (caller=/data/app/~~dNCmr5k0yhUJbh-o4XYvhA==/com.lemon.lvoverseas-T0MAhL5o5jHXa546phziAw==/base.apk!classes9.dex): ok
03-09 21:09:32.319 28140 28192 W orbu.utils: hook and setup env success.
03-09 21:09:32.324  3163  3249 D addPss  : tracker=ProcessState{131992e com.lemon.lvoverseas/10283 pkg=com.lemon.lvoverseas}
03-09 21:09:32.324 28140 28184 I cr_WVCFactoryProvider: version=145.0.7632.120 (763212003) minSdkVersion=29 multiprocess=true packageId=2 splits=config.arm64_v8a,config.en,config.xxhdpi
03-09 21:09:32.325 27382 27560 W System.err: java.lang.IllegalArgumentException: cdnHostSuffix is not init !!!
03-09 21:09:32.325 27382 27560 W System.err: 	at com.bytedance.ttnet.AppConsts.getCdnHostSuffix(Unknown Source:196629)
03-09 21:09:32.325 27382 27560 W System.err: 	at com.bytedance.ttnet.config.AppConfig.cdnShouldSampling(Unknown Source:17039391)
03-09 21:09:32.325 27382 27560 W System.err: 	at com.lm.components.network.download.DownloadClient.a(Unknown Source:50790561)
03-09 21:09:32.325 27382 27560 W System.err: 	at com.lm.components.network.NetworkManager.a(Unknown Source:33751062)
03-09 21:09:32.325 27382 27560 W System.err: 	at com.vega.core.net.NetworkManagerWrapper.b(Unknown Source:33751057)
03-09 21:09:32.325 27382 27560 W System.err: 	at com.vega.libeffect.di.EffectManagerModule$CronetNetWorker.a(Unknown Source:33882165)
03-09 21:09:32.325 27382 27560 W System.err: 	at com.vega.libeffect.di.EffectManagerModule$CronetNetWorker.execute(Unknown Source:17170548)
03-09 21:09:32.325 27382 27560 W System.err: 	at com.ss.android.ugc.effectmanager.knadapt.KNNetworkClient.fetchFromNetwork(Unknown Source:17170482)
03-09 21:09:32.325 27382 27560 W System.err: 	at com.ss.ugc.effectplatform.download.DownloadManager.a(Unknown Source:34078814)
03-09 21:09:32.325 27382 27560 W System.err: 	at com.ss.ugc.effectplatform.task.algorithm.FetchModelTask.g(Unknown Source:33947799)
03-09 21:09:32.325 27382 27560 W System.err: 	at com.ss.ugc.effectplatform.task.algorithm.FetchModelTask.h(Unknown Source:17170551)
03-09 21:09:32.325 27382 27560 W System.err: 	at com.ss.ugc.effectplatform.task.algorithm.FetchModelTask.a(Unknown Source:327697)
03-09 21:09:32.325 27382 27560 W System.err: 	at com.ss.ugc.effectplatform.task.BaseTask.run(Unknown Source:262173)
03-09 21:09:32.325 27382 27560 W System.err: 	at com.ss.ugc.effectplatform.task.algorithm.FetchModelAndEffectTask.g(Unknown Source:33947741)
03-09 21:09:32.325 27382 27560 W System.err: 	at com.ss.ugc.effectplatform.algorithm.AlgorithmEffectFetcher.c(Unknown Source:33947799)
03-09 21:09:32.325 27382 27560 W System.err: 	at com.ss.ugc.effectplatform.repository.AlgorithmRepository$fetchResourcesByRequirementsAndModelNames$1.a(Unknown Source:262158)
03-09 21:09:32.325 27382 27560 W System.err: 	at com.ss.ugc.effectplatform.task.BaseTask.run(Unknown Source:262173)
03-09 21:09:32.325 27382 27560 W System.err: 	at com.ss.ugc.effectplatform.task.TaskManager$commit$2.run(Unknown Source:262161)
03-09 21:09:32.325 27382 27560 W System.err: 	at com.ss.android.ugc.effectmanager.knadapt.KNExecutor$execute$1.run(Unknown Source:65540)
03-09 21:09:32.325 27382 27560 W System.err: 	at kotlinx.coroutines.internal.LimitedDispatcher.run(Unknown Source:327691)
03-09 21:09:32.325 27382 27560 W System.err: 	at kotlinx.coroutines.scheduling.TaskImpl.run(Unknown Source:196610)
03-09 21:09:32.325 27382 27560 W System.err: 	at kotlinx.coroutines.scheduling.CoroutineScheduler$Worker.run(Unknown Source:458805)
03-09 21:09:32.326 27382 27424 E Logger  : error action!
03-09 21:09:32.327 27382 27560 D Helios:Network-White: Block request lf19-effectcdn-us.tiktokcdn-us.com
03-09 21:09:32.330 28140 28184 D nativeloader: Load /data/app/~~QyyAqlRA22LFr8C3T70LRw==/com.google.android.webview-rBShHcZLcYzlBfRP61VNjA==/base.apk!/lib/arm64-v8a/libwebviewchromium.so using ns clns-10 from class loader (caller=/data/app/~~QyyAqlRA22LFr8C3T70LRw==/com.google.android.webview-rBShHcZLcYzlBfRP61VNjA==/base.apk): ok
03-09 21:09:32.333 28140 28184 D nativeloader: Load /system/lib64/libwebviewchromium_plat_support.so using ns clns-10 from class loader (caller=/data/app/~~QyyAqlRA22LFr8C3T70LRw==/com.google.android.webview-rBShHcZLcYzlBfRP61VNjA==/base.apk): ok
03-09 21:09:32.336 27382 27467 D Helios:Network-TTNet: pop event true for a1daabed-528a-408c-91b8-217edcffcdec
03-09 21:09:32.338 28140 28230 I chromium: [0309/210932.337142:INFO:android_webview/browser/variations/variations_seed_loader.cc:67] Failed to open file for reading.: No such file or directory (2)
03-09 21:09:32.339 28140 28230 I chromium: [0309/210932.339289:INFO:android_webview/browser/variations/variations_seed_loader.cc:67] Failed to open file for reading.: No such file or directory (2)
03-09 21:09:32.341 28140 28184 I cr_LibraryLoader: Successfully loaded native library
03-09 21:09:32.341 28140 28184 I cr_CachingUmaRecorder: Flushed 18 samples from 18 histograms, 0 samples were dropped.
03-09 21:09:32.347 27382 27526 W System.err: java.lang.NumberFormatException: For input string: ""
03-09 21:09:32.347 27382 27526 W System.err: 	at java.lang.Integer.parseInt(Integer.java:800)
03-09 21:09:32.347 27382 27526 W System.err: 	at java.lang.Integer.parseInt(Integer.java:908)
03-09 21:09:32.347 27382 27526 W System.err: 	at com.vega.launcher.network.interceptors.CrackingInterceptor.intercept(Native Method)
03-09 21:09:32.347 27382 27526 W System.err: 	at com.bytedance.retrofit2.intercept.RealInterceptorChain.proceed(Unknown Source:17236130)
03-09 21:09:32.347 27382 27526 W System.err: 	at com.vega.launcher.network.interceptors.TimeOutSettingInterceptor.intercept(Unknown Source:17302191)
03-09 21:09:32.347 27382 27526 W System.err: 	at com.bytedance.retrofit2.intercept.RealInterceptorChain.proceed(Unknown Source:17236130)
03-09 21:09:32.347 27382 27526 W System.err: 	at com.vega.launcher.network.interceptors.LynxSignVerifyInterceptor.intercept(Unknown Source:17170503)
03-09 21:09:32.347 27382 27526 W System.err: 	at com.bytedance.retrofit2.intercept.RealInterceptorChain.proceed(Unknown Source:17236130)
03-09 21:09:32.347 27382 27526 W System.err: 	at com.vega.launcher.network.interceptors.SignVerifyInterceptor.intercept(Unknown Source:17104974)
03-09 21:09:32.347 27382 27526 W System.err: 	at com.bytedance.retrofit2.intercept.RealInterceptorChain.proceed(Unknown Source:17236130)
03-09 21:09:32.347 27382 27526 W System.err: 	at com.vega.launcher.network.interceptors.AssistInterceptor.intercept(Unknown Source:17236333)
03-09 21:09:32.347 27382 27526 W System.err: 	at com.bytedance.retrofit2.intercept.RealInterceptorChain.proceed(Unknown Source:17236130)
03-09 21:09:32.347 27382 27526 W System.err: 	at com.vega.effectplatform.artist.net.ArtistCollectInterceptor.intercept(Unknown Source:17105003)
03-09 21:09:32.347 27382 27526 W System.err: 	at com.bytedance.retrofit2.intercept.RealInterceptorChain.proceed(Unknown Source:17236130)
03-09 21:09:32.347 27382 27526 W System.err: 	at com.vega.launcher.network.interceptors.RetrofitHeaderInterceptor.intercept(Unknown Source:17367931)
03-09 21:09:32.347 27382 27526 W System.err: 	at com.bytedance.retrofit2.intercept.RealInterceptorChain.proceed(Unknown Source:17236130)
03-09 21:09:32.347 27382 27526 W System.err: 	at com.vega.libeffectapi.util.VimoNetHeaderInterceptor.intercept(Unknown Source:17170582)
03-09 21:09:32.347 27382 27526 W System.err: 	at com.bytedance.retrofit2.intercept.RealInterceptorChain.proceed(Unknown Source:17236130)
03-09 21:09:32.347 27382 27526 W System.err: 	at com.lm.components.network.extra.HttpHeaderInterceptor.intercept(Unknown Source:17302064)
03-09 21:09:32.347 27382 27526 W System.err: 	at com.bytedance.retrofit2.intercept.RealInterceptorChain.proceed(Unknown Source:17236130)
03-09 21:09:32.347 27382 27526 W System.err: 	at com.bytedance.privacy.dispatch.monitor.BootDomainInterceptor.intercept(Unknown Source:17170460)
03-09 21:09:32.347 27382 27526 W System.err: 	at com.bytedance.retrofit2.intercept.RealInterceptorChain.proceed(Unknown Source:17236130)
03-09 21:09:32.347 27382 27526 W System.err: 	at com.bytedance.privacy.region.CdnRegionInterceptor.intercept(Unknown Source:17235977)
03-09 21:09:32.347 27382 27526 W System.err: 	at com.bytedance.retrofit2.intercept.RealInterceptorChain.proceed(Unknown Source:17236130)
03-09 21:09:32.347 27382 27526 W System.err: 	at ms.bd.o.b3$a.intercept(Unknown Source:17170438)
03-09 21:09:32.347 27382 27526 W System.err: 	at com.bytedance.retrofit2.intercept.RealInterceptorChain.proceed(Unknown Source:17236130)
03-09 21:09:32.347 27382 27526 W System.err: 	at com.bytedance.frameworks.baselib.network.http.retrofit.BaseSsInterceptor.intercept(Unknown Source:16973846)
03-09 21:09:32.347 27382 27526 W System.err: 	at com.bytedance.retrofit2.intercept.RealInterceptorChain.proceed(Unknown Source:17236130)
03-09 21:09:32.347 27382 27526 W System.err: 	at com.bytedance.retrofit2.SsHttpCall.getResponseWithInterceptorChain(Unknown Source:327790)
03-09 21:09:32.347 27382 27526 W System.err: 	at com.bytedance.retrofit2.SsHttpCall.execute(Unknown Source:327713)
03-09 21:09:32.347 27382 27526 W System.err: 	at com.bytedance.retrofit2.ExecutorCallAdapterFactory$ExecutorCallbackCall.execute(Unknown Source:65538)
03-09 21:09:32.347 27382 27526 W System.err: 	at com.lm.components.network.network.NetWorker.i(Unknown Source:134611130)
03-09 21:09:32.347 27382 27526 W System.err: 	at com.lm.components.network.NetworkManager.h(Unknown Source:23)
03-09 21:09:32.347 27382 27526 W System.err: 	at com.lm.components.network.network.INetWorker$DefaultImpls.c(Unknown Source:134414350)
03-09 21:09:32.347 27382 27526 W System.err: 	at com.vega.core.net.NetworkManagerWrapper.j(Unknown Source:84148252)
03-09 21:09:32.347 27382 27526 W System.err: 	at com.vega.libgecko.network.GeckoNetworkTTNetImpl.doPost(Unknown Source:33882156)
03-09 21:09:32.347 27382 27526 W System.err: 	at com.bytedance.geckox.interceptors.CheckUpdateInterceptor.syncRequestServer(Unknown Source:17301715)
03-09 21:09:32.347 27382 27526 W System.err: 	at com.bytedance.geckox.interceptors.CheckUpdateInterceptor.intercept(Unknown Source:33947648)
03-09 21:09:32.347 27382 27526 W System.err: 	at com.bytedance.geckox.interceptors.CheckUpdateInterceptor.intercept(Unknown Source:33619970)
03-09 21:09:32.347 27382 27526 W System.err: 	at com.bytedance.pipeline.RealInterceptorChain.proceed(Unknown Source:17104968)
03-09 21:09:32.347 27382 27526 W System.err: 	at com.bytedance.geckox.interceptors.LoadLocalChannelVersionInterceptor.intercept(Unknown Source:34013518)
03-09 21:09:32.347 27382 27526 W System.err: 	at com.bytedance.pipeline.RealInterceptorChain.proceed(Unknown Source:17104968)
03-09 21:09:32.347 27382 27526 W System.err: 	at com.bytedance.geckox.interceptors.InitInterceptor.intercept(Unknown Source:33619968)
03-09 21:09:32.347 27382 27526 W System.err: 	at com.bytedance.pipeline.RealInterceptorChain.proceed(Unknown Source:17104968)
03-09 21:09:32.347 27382 27526 W System.err: 	at com.bytedance.geckox.GeckoClient$1.run(Unknown Source:327718)
03-09 21:09:32.347 27382 27526 W System.err: 	at com.bytedance.geckox.utils.SequenceExecutionShell.run(Unknown Source:524302)
03-09 21:09:32.347 27382 27526 W System.err: 	at java.util.concurrent.ThreadPoolExecutor.runWorker(ThreadPoolExecutor.java:1145)
03-09 21:09:32.347 27382 27526 W System.err: 	at java.util.concurrent.ThreadPoolExecutor$Worker.run(ThreadPoolExecutor.java:644)
03-09 21:09:32.347 27382 27526 W System.err: 	at java.lang.Thread.run(Thread.java:1012)
03-09 21:09:32.347 27382 27526 W System.err: 	at com.bytedance.bpea.transmit.delegate.BPEAThread.run(Unknown Source:196617)
03-09 21:09:32.347 27382 27526 W System.err: 	at com.ss.android.ugc.bytex.pthread.base.convergence.hook.ThreadProxy$start$1.invoke(Unknown Source:23)
03-09 21:09:32.347 27382 27526 W System.err: 	at com.ss.android.ugc.bytex.pthread.base.convergence.hook.ThreadProxy$start$1.invoke(Unknown Source:2)
03-09 21:09:32.347 27382 27526 W System.err: 	at com.ss.android.ugc.bytex.pthread.base.convergence.helper.ThreadWorker.run(Unknown Source:98)
03-09 21:09:32.347 27382 27526 W System.err: 	at java.util.concurrent.ThreadPoolExecutor.runWorker(ThreadPoolExecutor.java:1145)
03-09 21:09:32.347 27382 27526 W System.err: 	at java.util.concurrent.ThreadPoolExecutor$Worker.run(ThreadPoolExecutor.java:644)
03-09 21:09:32.347 27382 27526 W System.err: 	at java.lang.Thread.run(Thread.java:1012)
03-09 21:09:32.368 28140 28191 W orbu.utils: replenishDataflowId success
