03-13 17:50:58.505  3003  3130 I DisplayPowerController[1]: BrightnessEvent: brt=0.0 (0.0%), nits= 1.0, lux=-1.0, reason=screen_off, strat=ScreenOffBrightnessStrategy, state=OFF, stateReason=DEFAULT_POLICY, policy=OFF, flags=, initBrt=0.0, rcmdBrt=NaN, preBrt=NaN, preLux=0.0, wasShortTermModelActive=false, autoBrightness=true (default), unclampedBrt=0.0, hbmMax=1.0, hbmMode=off, thrmMax=1.0, rbcStrength=-1, powerFactor=1.0, physDisp=Built-in Screen(local:4630946638498144900), logicalId=1, slowChange=false, rampSpeed=0.0
03-13 17:50:58.505  2007  2007 I sensors-hal: activate:330, com.samsung.sensor.pocket_mode/1692 en=0 completed
03-13 17:50:58.505  3003  3681 V InputMethodManagerService: IME window vis: 0 active: 0 visible: 0 displayId: 0
03-13 17:50:58.505  3003  3681 D InputMethodManagerService: isImeSwitcherDisabledPackage : false
03-13 17:50:58.505  3003  3067 D RestrictionPolicy: isScreenCaptureEnabled : ret=true userId=0
03-13 17:50:58.505  3003  3067 D RestrictionPolicy: isScreenCaptureEnabled : ret=true userId=0
03-13 17:50:58.505  3003  3067 D ScreenCapture: [Capture_TEST] : setIsScreenShotBySystem true
03-13 17:50:58.505  3003  3067 I SurfaceComposerClient: captureLayers:childrenOnly:1, sync:1
03-13 17:50:58.505  3003  3915 D SensorManager: unregisterListener :: com.samsung.android.gesture.PocketProximityManager$2@728726e
03-13 17:50:58.505  3003  3915 E PocketProximityManager: unregister pocket sensor
03-13 17:50:58.505  3003  3951 D GnssLocationProvider_ex: sendLidState 3
03-13 17:50:58.505  3003  3951 D GnssLocationProvider_ex: gnssConfigurationUpdateSec
03-13 17:50:58.506  3003  4002 D BackgroundInstallControlService: Package event received: 0
03-13 17:50:58.506 15873 15873 I GoogleInputMethodService: GoogleInputMethodService.onFinishInput():2114 
03-13 17:50:58.506 15873 15873 I Module  : DeviceLockedStatusModuleProvider$Module.updateDeviceLockedStatus():103 repeatCheckTimes = 0, locked = false
03-13 17:50:58.506 15873 15873 D InputMethodService: unregisterCompatOnBackInvokedCallback return because registered : false
03-13 17:50:58.507  2005  2005 I qmi_secgps_clnt: SECGPS: AGNSS Config Message
03-13 17:50:58.508  2007  2007 I sensors-hal: set_config:64, no need to adjust sample_period_ns due to reporting_mode = 2
03-13 17:50:58.508  2007  2007 I sensors-hal: batch:363, com.samsung.sensor.pocket_mode/1692, period=200000000, max_latency=0 request completed
03-13 17:50:58.508  4205 25262 D FactoryTest: checkAutomationTestOption() : option=0
03-13 17:50:58.509  4205 25262 D FactoryTest: checkAutomationTestOption() : mode_screenlock=0
03-13 17:50:58.509  2105  2105 I SurfaceFlinger: RequestedLayer [ColorFade_d0#77770] hidden!! flag  from(1) --> to(0)
03-13 17:50:58.509  2007  2007 I sensors-hal: activate:300, com.samsung.sensor.pocket_mode/1692 en=1
03-13 17:50:58.509 19717 19717 I HBD     : h writeToFile complete 
03-13 17:50:58.509  2007  2007 I sensors-hal: acquire_qsh_interface:139, acquire_qsh_interface with sensor_id 4 , conn_type 1 
03-13 17:50:58.509  2007  2007 I sensors-hal: acquire_qsh_interface:142, returning _shared_instance[SHARED_ON_CHANGE_WAKEUP].conn - wakeup 
03-13 17:50:58.509  2007  2007 I sensors-hal: acquire_shared_instance:173, re-use existing connection for type 1 
03-13 17:50:58.509  2007  2007 I sensors-hal: register_cb:304, suid(low=11039279336981156932,high=1340270623893619472) is new. register callbacks
03-13 17:50:58.509  2007  2007 I sensors-hal: send_sensor_config_request:645, dt=pocket_mode: convert sample_period=200000000 to batch_period=200000
03-13 17:50:58.509  2007  2007 I sensors-hal: send_sync_sensor_request:508, send sync request
03-13 17:50:58.509  2007  2007 I sensors-hal: send_sync_sensor_request:518, send_sync_sensor_request before send_request for pocket_mode with SUID low=11039279336981156932 high=1340270623893619472
03-13 17:50:58.509  4205  4391 D KeyguardTransitionRepository: (Internal) Setting current transition info: TransitionInfo(ownerName=FromGoneTransitionInteractor(Sleep transition triggered), from=GONE, to=DOZING, animated)
03-13 17:50:58.510  2007  2007 I sensors-hal: send_sync_sensor_request:537, wait for notification of response
03-13 17:50:58.510  2005  2005 D qmi_secgps_clnt: SECGPS: send a qmi message to secgps_server OK
03-13 17:50:58.510  2007  3645 I sensors-hal: qsh_conn_resp_cb:930, resp_value = 0 for pocket_mode 
03-13 17:50:58.511  2007  2007 I sensors-hal: send_sync_sensor_request:543, takes 1 ms to receive the response with 0
03-13 17:50:58.511  2105  2105 D TransactionCallbackInvoker: addCallbackHandle:com.einnovation.temu/com.baogong.home.activity.LauncherActivity$_6454#77765 is not released yet
03-13 17:50:58.511  2007  2007 I sensors-hal: activate:330, com.samsung.sensor.pocket_mode/1692 en=1 completed
03-13 17:50:58.511  2105  2105 D SurfaceFlinger: Display 4630946564756762243 HWC layers:
03-13 17:50:58.511  2105  2105 D SurfaceFlinger:   SOLID_COLOR |                        0 | 00000000 | N/A          |    0.0    0.0    0.0    0.0 |    0    0 1080 2640 | ColorFade_d0#77770 (0)
03-13 17:50:58.511  2105  2105 D SurfaceFlinger: 
03-13 17:50:58.511  3003  7124 D KNOX_MDM_SettingsProvider: isChangeAllowed() : name = enabled_input_methods
03-13 17:50:58.511  3003  7124 D KNOX_MDM_SettingsProvider: edmUri: content://com.sec.knox.provider/RestrictionPolicy3
03-13 17:50:58.511  3003  7124 D KNOX_MDM_SettingsProvider: projectionArgs: isSettingsChangesAllowed
03-13 17:50:58.511  3003  7124 D KNOX_MDM_SettingsProvider: selectionArgs: false
03-13 17:50:58.511  3003  7124 D KNOX_MDM_SettingsProvider: selectionArgs: 10202
03-13 17:50:58.511  3003  7124 D SecContentProvider: query(), uri = 17 selection = isSettingsChangesAllowed
03-13 17:50:58.511  3003  7124 D SecContentProvider: called from android.uid.honeyboard:10202
03-13 17:50:58.511  3003  7124 D RestrictionPolicy: isSettingsChangesAllowedAsUser, userId 0 : true
03-13 17:50:58.511  3003  7124 D KNOX_MDM_SettingsProvider: ret = 1
03-13 17:50:58.511  2105  2858 D SurfaceFlinger: [input] setFocusedWindow: <null>
03-13 17:50:58.511  3003  4415 D InputDispatcher: Once focus requested (0): <null>
03-13 17:50:58.511  3003  4415 D InputDispatcher: Focus request (0): <null> but waiting because NO_WINDOW
03-13 17:50:58.511  3003  4415 D InputDispatcher: Focus left window (0): 231952b com.einnovation.temu/com.baogong.home.activity.LauncherActivity
03-13 17:50:58.512  3003  4598 D KNOX_MDM_SettingsProvider: isChangeAllowed() : name = default_input_method
03-13 17:50:58.512  3003  4598 D KNOX_MDM_SettingsProvider: edmUri: content://com.sec.knox.provider/RestrictionPolicy3
03-13 17:50:58.512  3003  4598 D KNOX_MDM_SettingsProvider: projectionArgs: isSettingsChangesAllowed
03-13 17:50:58.512  3003  4598 D KNOX_MDM_SettingsProvider: selectionArgs: false
03-13 17:50:58.512  3003  4598 D KNOX_MDM_SettingsProvider: selectionArgs: 10202
03-13 17:50:58.512  3003  4598 D SecContentProvider: query(), uri = 17 selection = isSettingsChangesAllowed
03-13 17:50:58.512  3003  4598 D SecContentProvider: called from android.uid.honeyboard:10202
03-13 17:50:58.512  3003  4598 D RestrictionPolicy: isSettingsChangesAllowedAsUser, userId 0 : true
03-13 17:50:58.512  3003  4598 D KNOX_MDM_SettingsProvider: ret = 1
03-13 17:50:58.512  2105  2921 I SurfaceFlinger: Capture layer list: 	 com.einnovation.temu/com.baogong.home.activity.LauncherActivity$_6454#77765(seamlessTransition:0)
03-13 17:50:58.512 19717 19717 I HBD     : a [UpdatePolicy] [post] a: 17 cl: 65537 kit: [0/0] vt: 0 ir: 1 
03-13 17:50:58.512 19717 19717 I HBD     : b isFlipCoverDisplayMode - true 
03-13 17:50:58.512  3003  3740 W qdgralloc: getInterlacedFlag: getMetaData returned 3, defaulting to interlaced_flag = 0
03-13 17:50:58.513  2105  2342 D RenderEngine: [SEC_SF_EFFECTS] drawLayersInternal,1483, Rendering layer ScreenCaptureFillLayer at index 0
03-13 17:50:58.513  2105  2342 D RenderEngine: [SEC_SF_EFFECTS] drawLayersInternal,1483, Rendering layer com.einnovation.temu/com.baogong.home.activity.LauncherActivity$_6454#77765 at index 1
03-13 17:50:58.513 19717 19808 I HBD     : p updated Sub Types. English 
03-13 17:50:58.514  4205  4205 E EdgeBackGestureHandler: No resource found for gesture-blocking activities
03-13 17:50:58.515 19717  8590 I HBD     : h Write selected lang for DE  
03-13 17:50:58.515 19717  8590 I HBD     : h writeToFile path : /data/user_de/0/com.samsung.android.honeyboard/files/fold_selected.json 
03-13 17:50:58.515 19717  8590 I HBD     : h writeToFile json : {"version":"4.2","currentLanguageOrder":0,"front_selected":[{"activeOptionList":["auto_replace","auto_spacing","writing_assistant","prediction"],"bilingualId":-1,"engName":"English","id":65537,"inputType":"qwerty","isUsed":true}]} 
03-13 17:50:58.515  3003  3915 D SensorManager: registerListener :: 1692, Pocket mode  Wakeup, 200000, 0, com.samsung.android.gesture.PocketProximityManager$2@728726e
03-13 17:50:58.515  3003  3915 E PocketProximityManager: register pocket sensor
03-13 17:50:58.515  3003  3915 D PocketModeEvent: MSG_TYPE_REGISTER_POCKET_POSITION_SENSOR
03-13 17:50:58.516  4205  4205 D NavigationModeController: getCurrentInteractionMode: mode=0 contextUser=0
03-13 17:50:58.516 19717  8590 I HBD     : h writeToFile complete 
03-13 17:50:58.517  3003  3067 D RestrictionPolicy: isScreenCaptureEnabled : ret=true userId=0
03-13 17:50:58.517  3003  3067 D RestrictionPolicy: isScreenCaptureEnabled : ret=true userId=0
03-13 17:50:58.517  3003  3067 D DisplayPowerController[0]: [api] WindowManagerPolicy.ScreenOffListener : called onScreenOff()
03-13 17:50:58.517  3003  3130 I DisplayPowerController[0]: Unblocked screen off after 20 ms
03-13 17:50:58.517  3003  3130 D DisplayPowerController[0]: animateScreenStateChange: target=OFF, mIsEnabled=true
03-13 17:50:58.517  3003  3067 D RefreshRateModeManager: onBrightnessChanged: brt=0, lux=55.0
03-13 17:50:58.517  4205  4205 I NoBackGesture: Config changed: newConfig={1.0 ?mcc0mnc [en_US] ldltr sw307dp w352dp h308dp 340dpi smll hdr widecg land night -touch -keyb/v/h -nav/h winConfig={ mBounds=Rect(0, 0 - 748, 720) mAppBounds=Rect(0, 0 - 748, 654) mMaxBounds=Rect(0, 0 - 748, 720) mDisplayRotation=ROTATION_0 mWindowingMode=fullscreen mActivityType=undefined mAlwaysOnTop=undefined mRotation=ROTATION_0 mStageConfig=undefined mPopOver=undefined mOverlappingWithCutout=false mFlexPanelMode=off} s.7551 fontWeightAdjustment=0 ff=0 bf=-1 bts=0 cst=1.0 nightDim=0 themeSeq=0} lastReportedConfig={1.0 ?mcc0mnc [en_US] ldltr sw307dp w352dp h308dp 340dpi smll hdr widecg land night -touch -keyb/v/h -nav/h winConfig={ mBounds=Rect(0, 0 - 748, 720) mAppBounds=Rect(0, 0 - 748, 654) mMaxBounds=Rect(0, 0 - 748, 720) mDisplayRotation=ROTATION_0 mWindowingMode=fullscreen mActivityType=undefined mAlwaysOnTop=undefined mRotation=ROTATION_0 mStageConfig=undefined mPopOver=undefined mOverlappingWithCutout=false mFlexPanelMode=off} s.7551 fontWeightAdjustment=0 ff=0 bf=-1 bts=0 cst=1.0 nightDim=0 themeSeq=0}
03-13 17:50:58.517  4205  4205 D Navbar.Store: handleEvent(1) OnNavBarCreated(keyguardStateController=com.android.systemui.statusbar.policy.KeyguardStateControllerImpl@c596bb7, navigationBar=com.android.systemui.navigationbar.views.NavigationBar@cb80383) [Module] NavigationBar
03-13 17:50:58.517  4205  4205 D OneHandOpGestureHandler: setDisablePolicy() old=0, new=0
03-13 17:50:58.518  3003  3067 D DeviceStatePolicy: updateFoldingSensorListenerLw, foldOpen=false, awake=false, isTableModeEnabled=true, forceOff=false, caller=com.android.server.devicestate.DeviceStateManagerService$OverrideRequestScreenObserver.onAwakeStateChanged:16 com.android.server.wm.ActivityTaskManagerService$$ExternalSyntheticLambda7.run:57 android.os.Handler.handleCallback:995 android.os.Handler.dispatchMessage:103 android.os.Looper.loopOnce:273 android.os.Looper.loop:363 android.os.HandlerThread.run:85 com.android.server.ServiceThread.run:49 <bottom of call stack> <bottom of call stack> 
03-13 17:50:58.518  4205  4205 D NavBarStateManager: NavBarStates(1) isLargeCoverScreenSyncEnabled: false
03-13 17:50:58.519  4205  4205 D Navbar.NavigationBar: onInit() Cover navbar hidden: sync option is off
03-13 17:50:58.519  4205  4205 D NavBarStateManager: NavBarStates(1) isNavBarHiddenByKnox: false
03-13 17:50:58.519  4205  4205 D NavBarStateManager: NavBarStates(0) canShowKeyboardButtonForRotation(0): true
03-13 17:50:58.519  3003  3003 I ActivityManager: Changes in 10139 5 to 6, 255 to 239
03-13 17:50:58.519  6454  6454 I ImeFocusController: onPreWindowFocus: skipped hasWindowFocus=false mHasImeFocus=true
03-13 17:50:58.520  6454  6454 I ImeFocusController: onPostWindowFocus: skipped hasWindowFocus=false mHasImeFocus=true
03-13 17:50:58.520  2007  2007 I sensors-hal: set_config:64, no need to adjust sample_period_ns due to reporting_mode = 2
03-13 17:50:58.520  2007  2007 I sensors-hal: batch:363, com.samsung.sensor.pocket_pos_mode/2622, period=200000000, max_latency=0 request completed
03-13 17:50:58.521  4205  4205 D NavBarStateManager: NavBarStates(1) supportLargeCoverScreenNavBar: true
03-13 17:50:58.521  4205  4205 D NavBarStateManager: NavBarStates(0) canShowKeyboardButtonForRotation(0): true
03-13 17:50:58.521  2007  2007 I sensors-hal: activate:300, com.samsung.sensor.pocket_pos_mode/2622 en=1
03-13 17:50:58.521  2007  2007 I sensors-hal: acquire_qsh_interface:139, acquire_qsh_interface with sensor_id 3 , conn_type 1 
03-13 17:50:58.521  2007  2007 I sensors-hal: acquire_qsh_interface:142, returning _shared_instance[SHARED_ON_CHANGE_WAKEUP].conn - wakeup 
03-13 17:50:58.521  2007  2007 I sensors-hal: acquire_shared_instance:173, re-use existing connection for type 1 
03-13 17:50:58.521  2007  2007 I sensors-hal: register_cb:304, suid(low=4779840344920564001,high=1320970896291267344) is new. register callbacks
03-13 17:50:58.521  2007  2007 I sensors-hal: send_sensor_config_request:645, dt=pocket_pos_mode: convert sample_period=200000000 to batch_period=200000
03-13 17:50:58.521  2007  2007 I sensors-hal: send_sync_sensor_request:508, send sync request
03-13 17:50:58.521  2007  2007 I sensors-hal: send_sync_sensor_request:518, send_sync_sensor_request before send_request for pocket_pos_mode with SUID low=4779840344920564001 high=1320970896291267344
03-13 17:50:58.522  4205  4205 D NavBarStateManager: NavBarStates(1) supportLargeCoverScreenNavBar: true
03-13 17:50:58.522  4205  4205 D NavBarStateManager: NavBarStates(0) canShowKeyboardButtonForRotation(1): true
03-13 17:50:58.522  2092  2092 I factory.ssc: vendor/qcom/proprietary/adsprpc/src/mod_table.c:792: open_mod_table_close: closed reverse module apps_std with handle 0xc17f4dd8
03-13 17:50:58.522  2007  2007 I sensors-hal: send_sync_sensor_request:537, wait for notification of response
03-13 17:50:58.522  4205  4205 D NavBarStateManager: NavBarStates(1) supportLargeCoverScreenNavBar: true
03-13 17:50:58.522  4205  4205 D NavBarStateManager: NavBarStates(0) canShowKeyboardButtonForRotation(2): true
03-13 17:50:58.523  2053  2053 W QC2Interface: [hvcD_542] Failed to query parameters
03-13 17:50:58.523  2053  2053 I vendor.qti.media.c2@1.0-service: StrictValueWithNoDeps is called old.v.value is 2141391876 me.v.value is 0
03-13 17:50:58.523  2053  2053 I vendor.qti.media.c2@1.0-service: [FRC-IsFilteringEnabled] entry
03-13 17:50:58.523  2053  2053 I vendor.qti.media.c2@1.0-service: [FRC-IsFilteringEnabled] frcReqInfo.value is 0
03-13 17:50:58.523  4360  8587 I CCodec  : [c2.qti.hevc.decoder] config->initialize() : 0
03-13 17:50:58.523  2053  2053 W QC2Interface: [hvcD_542] Failed to query parameters
03-13 17:50:58.523  4205  4205 D NavBarStateManager: NavBarStates(1) supportLargeCoverScreenNavBar: true
03-13 17:50:58.523  4360  8587 I CCodecConfig: query failed after returning 18 values (BAD_INDEX)
03-13 17:50:58.523  4205  4205 D NavBarStateManager: NavBarStates(0) canShowKeyboardButtonForRotation(3): true
03-13 17:50:58.523  2007  3645 I sensors-hal: qsh_conn_resp_cb:930, resp_value = 0 for pocket_pos_mode 
03-13 17:50:58.523  4360  8587 W ColorUtils: expected specified color aspects (0:0:0:0)
03-13 17:50:58.523  2007  3645 I sensors-hal: qsh_conn_event_cb:890, event[0] sensor:Device Common Info  Wakeup, msg_id=1025, ts=5104595048210
03-13 17:50:58.523  4360  8587 I CCodec  : [c2.qti.hevc.decoder] config->queryConfiguration()
03-13 17:50:58.523  4360  8587 I CCodec  : [c2.qti.hevc.decoder] mCallback->onComponentAllocated() IN
03-13 17:50:58.523  2007  3645 I sensors-hal: handle_sns_client_event:65, device_common_info_event: t:3, f:0, s:1, h:1
03-13 17:50:58.523  4360  8587 I CCodec  : [c2.qti.hevc.decoder] mCallback->onComponentAllocated() OUT
03-13 17:50:58.524  4205  4205 D NavBarStateManager: NavBarStates(1) supportLargeCoverScreenNavBar: true
03-13 17:50:58.524  2092  2092 I factory.ssc: vendor/qcom/proprietary/adsprpc/src/fastrpc_apps_user.c:3408: close_device_node: closed dev 16 on domain 0
03-13 17:50:58.524  2092  2092 I factory.ssc: vendor/qcom/proprietary/adsprpc/src/fastrpc_apps_user.c:3237: domain_deinit: closed device 16 on domain 0 (kill time 2300 us)
03-13 17:50:58.524  2092  2092 I factory.ssc: vendor/qcom/proprietary/adsprpc/src/fastrpc_apps_user.c:1758: remote_handle64_close: closed handle 0xb400006d90c31bd0 remote handle 0x0, num of open handles: 0
03-13 17:50:58.524  2092  2092 I SSC_DAEMON: handleSensorTestReqMsg:85, Sensor type :15, Msg type:15
03-13 17:50:58.524  2092  2092 I SSC_DAEMON: physicalSensorTestReqMsg:130, s:15, m:15
03-13 17:50:58.524  4205  4205 I WindowManager: WindowManagerGlobal#addView, ty=2019, view=com.android.systemui.navigationbar.views.NavigationBarFrame{4a700d7 V.E...... ......I. 0,0-0,0 #7f0a083f app:id/navigation_bar_frame}, caller=android.view.WindowManagerImpl.addView:158 com.android.systemui.navigationbar.views.NavigationBar.onInit:238 com.android.systemui.util.ViewController.init:6 
03-13 17:50:58.525  4205  4205 I ViewRootImpl: dVRR is disabled
03-13 17:50:58.525  2007  2007 I sensors-hal: send_sync_sensor_request:543, takes 2 ms to receive the response with 0
03-13 17:50:58.525  2007  2007 I sensors-hal: activate:330, com.samsung.sensor.pocket_pos_mode/2622 en=1 completed
03-13 17:50:58.525 19717  8591 I HBD     : a InputMethodSubtype is set as local:en_US 
03-13 17:50:58.527  4360  4360 I SprWallpaper|VideoPlayer: configure
03-13 17:50:58.528  4360  8583 I MediaCodec: MediaCodec will operate in async mode
03-13 17:50:58.529  3003  3130 D DisplayPowerController[0]: mWindowManagerPolicy.screenTurnedOff()
03-13 17:50:58.529  3003  3130 I PhoneWindowManager: Display0 turned off...
03-13 17:50:58.529  3003  3130 D WindowManager: Create SleepToken: tag=Display-off, displayId=0
03-13 17:50:58.529  4360  4360 E MediaCodec: Media Quality Service not found.
03-13 17:50:58.529  6103  6103 W ContextImpl: Calling a method in the system process without a qualified user: android.app.ContextImpl.startService:2068 android.content.ContextWrapper.startService:872 android.content.ContextWrapper.startService:872 com.sec.android.diagmonagent.sa.receiver.CFLogReceiver.onReceive:56 android.app.ActivityThread.handleReceiver:5663 
03-13 17:50:58.529  3003  3130 D ActivityTaskManager: Top Process State changed to PROCESS_STATE_TOP_SLEEPING
03-13 17:50:58.529  4360  8583 I MediaCodec: [c2.qti.hevc.decoder] setting surface generation to 4464654
03-13 17:50:58.530  4360  8587 I CCodec  : appPid(4360) width(1080) height(2640)
03-13 17:50:58.530  3003  3130 D AutomaticBrightnessController: sendAmbientLux(-1.0)
03-13 17:50:58.530  3003  3130 D MdnieScenarioControlService: getVisionBoosterIndex() mAutoBrightnessMode : true , mReduceBrightColorsActivatedEnabled : false , lux : -1
03-13 17:50:58.530  3003  3130 D MdnieScenarioControlService: Vision Booster Index : 0
03-13 17:50:58.530  4205  4367 I KeyguardService: onScreenTurnedOff
03-13 17:50:58.530  2053  2053 W QC2Interface: [hvcD_542] Failed to query parameters
03-13 17:50:58.530  2053  2053 I vendor.qti.media.c2@1.0-service: StrictValueWithNoDeps is called old.v.value is 2141391876 me.v.value is 0
03-13 17:50:58.530  2053  2053 I vendor.qti.media.c2@1.0-service: [FRC-IsFilteringEnabled] entry
03-13 17:50:58.530  2053  2053 I vendor.qti.media.c2@1.0-service: [FRC-IsFilteringEnabled] frcReqInfo.value is 0
03-13 17:50:58.531  2092  3859 I SSC_DAEMON: virtualOpticFlipStateEvent:29, fstate: 1
03-13 17:50:58.531  6454  6454 W dG.e    : Unexpected activity pause without a matching activity resume. Logging data may be incorrect. Make sure you call activateApp from your Application's onCreate method
03-13 17:50:58.531  2053 13496 W QC2Interface: [hvcD_542] Failed to query parameters
03-13 17:50:58.532  4360  8587 W Codec2Client: query -- param skipped: index = 1107298332.
03-13 17:50:58.532  4360  8587 W CCodec  : This behavior is subject to change. It is recommended that app developers double check whether the requested max input size is in reasonable range.
03-13 17:50:58.532  2053  2950 W QC2Interface: [hvcD_542] Failed to query parameters
03-13 17:50:58.532  4360  8587 I CCodecConfig: query failed after returning 18 values (BAD_INDEX)
03-13 17:50:58.532  2053  2053 W QC2Interface: [hvcD_542] Failed to query parameters
03-13 17:50:58.532  4360  8587 E .wallpaper.live: Failed to query component interface for required system resources: 6
03-13 17:50:58.533  4205  4394 D NativeCustomFrequencyManager: [NativeCFMS] BpCustomFrequencyManager::BpCustomFrequencyManager()
03-13 17:50:58.533  3003  3067 I ActivityManager: Changes in 99332 3 to 10, 184 to 128
03-13 17:50:58.533  3003  3067 I ActivityManager: Changes in 10350 2 to 10, 255 to 128
03-13 17:50:58.533  3003  3067 I ActivityManager: Changes in 10114 3 to 10, 184 to 128
03-13 17:50:58.534  4360  4360 I SprWallpaper|VideoPlayer: start: state[1] after prepare
03-13 17:50:58.534  3003  3130 I SemMdnieManagerService: DDI setHighBrightnessMode id(0) lux : -1, index : 0
03-13 17:50:58.534  3003  3130 D AutomaticBrightnessController: setLightSensorEnabled: false
03-13 17:50:58.535  3003  3067 D SGM:FgCheckThread: notePauseComponent(), received pkgName: com.einnovation.temu, userId: 0
03-13 17:50:58.535  3003  3915 D SensorManager: registerListener :: 2622, Pocket Position Mode  Wakeup, 200000, 0, com.samsung.android.gesture.PocketSensitivityManager$1@a3d091f
03-13 17:50:58.535  3003  3915 E PocketSensitivityManager: register pocket position sensor
03-13 17:50:58.536  2007  2007 I sensors-hal: activate:300, com.samsung.sensor.auto_brightness/1651 en=0
03-13 17:50:58.536  3003  7124 D SehCodecSolutionService: updateMediaStatisticsData: (action=1@1986621044;category=2@1986621044;label=1936222261@1986621044)
03-13 17:50:58.536  3003  7124 D CodecSolution_MediaStatisticsData: MediaStatisticsData: action=1@1986621044;category=2@1986621044;label=1936222261@1986621044
03-13 17:50:58.536  3003  7124 D CodecSolution_MediaStatisticsData: Category.valueOf: 2
03-13 17:50:58.536  3003  7124 D CodecSolution_MediaStatisticsData: Action.valueOf: 1
03-13 17:50:58.536  3003  7124 D CodecSolution_MediaStatisticsData: Label.valueOf: 0x73686835
03-13 17:50:58.536  3003  7124 D CodecSolution_MediaStatisticsData: category: VDEC
03-13 17:50:58.536  3003  7124 D CodecSolution_MediaStatisticsData: action: INSTANTIATE
03-13 17:50:58.536  3003  7124 D CodecSolution_MediaStatisticsData: label: SEC_HW_H265
03-13 17:50:58.537  2007  2007 I sensors-hal: enable_flicker_als:213, [SSC_LIGHT] flicker_als disable
03-13 17:50:58.537  3003  3003 D SehCodecSolutionService: handleMessage : 900
03-13 17:50:58.537  3003  3003 D SehCodecSolutionService: event : VDEC
03-13 17:50:58.537  3003  3003 D CodecSolution_Logging: dma : true, feature: VDEC, extra: SEC_HW_H265, value: -1
03-13 17:50:58.537  3003  3003 D CodecSolution_Logging: insert diagmon log
03-13 17:50:58.537  3003  3003 D CodecSolution_Logging: permission granted
03-13 17:50:58.537  2007  2007 I sensors-hal: send_sync_sensor_request:508, send sync request
03-13 17:50:58.537  3003  3003 W ContextImpl: Calling a method in the system process without a qualified user: android.app.ContextImpl.sendBroadcast:1335 vendor.samsung.frameworks.codecsolution.Logging.insertDiagmonLog:14 vendor.samsung.frameworks.codecsolution.Logging.insertLog:6 vendor.samsung.frameworks.codecsolution.Logging.insertLog:1 vendor.samsung.frameworks.codecsolution.SehCodecSolutionService$1.handleMessage:24 
03-13 17:50:58.537  2007  2007 I sensors-hal: send_sync_sensor_request:518, send_sync_sensor_request before send_request for auto_brightness with SUID low=2816411781185423377 high=5518030540294228002
03-13 17:50:58.537  2007  2007 I sensors-hal: send_sync_sensor_request:537, wait for notification of response
03-13 17:50:58.537  2007  5111 I sensors-hal: qsh_conn_resp_cb:930, resp_value = 0 for auto_brightness 
03-13 17:50:58.537  2007  2007 I sensors-hal: send_sync_sensor_request:543, takes 0 ms to receive the response with 0
03-13 17:50:58.537  4360  8583 I CCodec  : [c2.qti.hevc.decoder] state->set(STARTING)
03-13 17:50:58.537  2053  2053 I vendor.qti.media.c2@1.0-service: [FRC-IsFilteringEnabled] entry
03-13 17:50:58.538  2007  2007 I sensors-hal: ~worker:65, worker(0xb400007a0f4d0370) send sig to tid= 5110
03-13 17:50:58.538  2053  2053 I vendor.qti.media.c2@1.0-service: [FRC-IsFilteringEnabled] frcReqInfo.value is 0
03-13 17:50:58.538  2007  2007 I sensors-hal: ~worker:74, worker(0xb400007a0f4d0370) is destroyed, remaining task = 0, tid= 5110
03-13 17:50:58.538  2007  2007 I sensors-hal: ~qsh_qmi:58, ~qsh_qmi
03-13 17:50:58.538  2007  2007 I sensors-hal: deactivate:274, [SSC_LIGHT] auto_brightness deactivate!
03-13 17:50:58.538  2007  2007 I sensors-hal: activate:330, com.samsung.sensor.auto_brightness/1651 en=0 completed
03-13 17:50:58.538  2007  2007 I sensors-hal: set_config:64, no need to adjust sample_period_ns due to reporting_mode = 2
03-13 17:50:58.538  2007  2007 I sensors-hal: create_sensor_config_request:85, auto_rotation: type 2
03-13 17:50:58.538  2007  2007 I sensors-hal: send_sensor_config_request:645, dt=auto_rotation: convert sample_period=200000000 to batch_period=200000
03-13 17:50:58.538  2007  2007 I sensors-hal: send_sync_sensor_request:508, send sync request
03-13 17:50:58.538  2007  2007 I sensors-hal: send_sync_sensor_request:518, send_sync_sensor_request before send_request for auto_rotation with SUID low=8603657889541918976 high=1320970896291267344
03-13 17:50:58.538  2007  2007 I sensors-hal: send_sync_sensor_request:537, wait for notification of response
03-13 17:50:58.538  2007 12669 I sensors-hal: qsh_conn_resp_cb:930, resp_value = 0 for auto_rotation 
03-13 17:50:58.539  1985  2158 I minksocket: MinkIPC MESSAGE: ( 1985:2158 ) MinkIPC_QRTR_Service:351 minkipc = 0xb400006d4d3f6550 sock = 13, client with node 1 port 5eee went down
03-13 17:50:58.539  2007  2007 I sensors-hal: send_sync_sensor_request:543, takes 0 ms to receive the response with 0
03-13 17:50:58.539  2007  2007 I sensors-hal: batch:363, android.sensor.device_orientation/271, period=200000000, max_latency=0 request completed
03-13 17:50:58.539  1985  2180 I minksocket: MinkIPC MESSAGE: ( 1985:2180 ) MinkIPC_QRTR_Service:351 minkipc = 0xb400006d4d3f7730 sock = 33, client with node 1 port 5eee went down
03-13 17:50:58.539  2007  2007 I sensors-hal: activate:300, com.samsung.sensor.device_common_info/2132 en=0
03-13 17:50:58.539  2007  2007 I sensors-hal: send_sync_sensor_request:508, send sync request
03-13 17:50:58.539  2007  2007 I sensors-hal: send_sync_sensor_request:518, send_sync_sensor_request before send_request for device_common_info with SUID low=3766530206566995508 high=1320970896291267344
03-13 17:50:58.539  2007  2007 I sensors-hal: send_sync_sensor_request:537, wait for notification of response
03-13 17:50:58.539  2007  3645 I sensors-hal: qsh_conn_resp_cb:930, resp_value = 0 for device_common_info 
03-13 17:50:58.539  2007  2007 I sensors-hal: send_sync_sensor_request:543, takes 0 ms to receive the response with 0
03-13 17:50:58.539  2007  2007 I sensors-hal: activate:330, com.samsung.sensor.device_common_info/2132 en=0 completed
03-13 17:50:58.540  2053  2053 I QC2Comp : [hvcD_542] CPU perf resource value pair found: [1082130688, 4095, ]
03-13 17:50:58.540  2053  2053 I QC2Registry: Build pipelined codec for session
03-13 17:50:58.540  2053  2053 I QC2Registry: Getting stages for pipelined codec
03-13 17:50:58.540  2053  2053 I QC2Registry: Requested codec is pipelined. Create codec list
03-13 17:50:58.540  2053  2053 I QC2Registry: GetEnabledFilters for c2.qti.hevc.decoder
03-13 17:50:58.540  2053  2053 I QC2Registry: Pipeline Index = a0009102
03-13 17:50:58.540  2053  2053 I QC2Registry: Filter sec2.imageformat.filter can't be pipelined
03-13 17:50:58.540  2053  2053 I QC2Registry: Pipeline Index = a000a103
03-13 17:50:58.540  2053  2053 I QC2Registry: Filter c2.qti.filter.imagetransform can't be pipelined
03-13 17:50:58.540  2053  2053 I QC2Registry: Created 0 filters for pipelined codec c2.qti.hevc.decoder
03-13 17:50:58.540  2053  2053 E QC2Comp : [hvcD_542] configureIntf failed 95
03-13 17:50:58.541  3003  3065 D SensorManager: unregisterListener :: com.android.server.wm.WindowOrientationListener$OrientationSensorJudge@783320e
03-13 17:50:58.541  3003  3130 D SensorManager: unregisterListener :: com.android.server.display.AutomaticBrightnessController$3@1ff6ff3
03-13 17:50:58.541  3003  3130 D AutomaticBrightnessController: setProximitySensorEnabled::unregisterListener
03-13 17:50:58.541  2022  2124 I HYPER-HAL: [RequestManager.cpp]acquire(): Acquired ID : 406279739  [2025 / 26479]    HINT :      list : [TID_LOW_LATENCY / 1] [TID / 4392] [TID / 4393] [TID / 4205] [TID / 4394] 
03-13 17:50:58.541  3003  3064 D HintManagerService: Sent cleanup message for uid 10350
03-13 17:50:58.541  3003  6708 D HintManagerService: SystemUI make new AppHintSession but force pause
03-13 17:50:58.541  2452  7951 I CameraService: onUidStateChanged: uid=10259, procState is changed. (3 -> 4)
03-13 17:50:58.541  3003  6711 V WindowManager: Setting visibility of Window{231952b u0 com.einnovation.temu/com.baogong.home.activity.LauncherActivity}: false, caller=com.android.server.wm.WindowContainer.sendAppVisibilityToClients:19 com.android.server.wm.WindowToken.setClientVisible:48 com.android.server.wm.ActivityRecord.commitVisibility:186 com.android.server.wm.ActivityRecord.setVisibility:623 com.android.server.wm.ActivityRecord.makeInvisible:32 
03-13 17:50:58.541  5915  5959 V OsAgent : broadcastSystemEvent - 7
03-13 17:50:58.541  5915  5959 V OsAgent : broadcastSystemEvent - 7
03-13 17:50:58.541  5915  5959 V OsAgent : broadcastSystemEvent - 7
03-13 17:50:58.542  2452  7951 I CameraService: onUidStateChanged: uid=10053, procState is changed. (0 -> 1)
03-13 17:50:58.543  2105  2324 I SurfaceFlinger: id=77771 createSurf, flag=84004, WindowToken{3e9af30 type=2019 android.os.BinderProxy@87e08e2}#77771
03-13 17:50:58.543  2007  2007 I SensorsGrip: TouchLight::enable: 0 1
03-13 17:50:58.543  3003  3130 D SensorManager: unregisterListener :: com.android.server.display.AutomaticBrightnessController$3@ce52465
03-13 17:50:58.543  3003  3130 I DisplayBrightnessStrategySelector: Changing the DisplayBrightnessStrategy from AutomaticBrightnessStrategy to ScreenOffBrightnessStrategy for display 0
03-13 17:50:58.543  3003  3130 W DisplayPowerController[0]: Animating brightness: target=0(0.00), rate=0.000, rateAtHbm=0.000, reason=screen_off[0]
03-13 17:50:58.544  3003  4598 D InputTransport: Input channel constructed: 'd0067a9', fd=1351
03-13 17:50:58.544  3003  4598 D InputTransport: Input channel constructed: 'd0067a9', fd=1356
03-13 17:50:58.544  3003  3130 D DisplayPowerController[0]: saveBrightnessInfo: brt:0.33725488 adjBrt:0.0 min:0.0 max:1.0 hbm:0 tp:1.0 throttler:0 isAnimating:false
03-13 17:50:58.544  3003  3130 V DisplayPowerController[0]: Brightness [0.0] reason changing to: 'screen_off', previous reason: 'automatic'.
03-13 17:50:58.544  3003  4598 D InputTransport: Input channel constructed: 'd0067a9', fd=1264
03-13 17:50:58.544  3003  4598 D InputTransport: Input channel destroyed: 'd0067a9', fd=1356
03-13 17:50:58.544  3003  3130 I DisplayPowerController[0]: BrightnessEvent: brt=0.0 (0.0%), nits= 1.0, lux=-1.0, reason=screen_off, strat=ScreenOffBrightnessStrategy, state=OFF, stateReason=DEFAULT_POLICY, policy=OFF, flags=, initBrt=0.33725488, rcmdBrt=NaN, preBrt=NaN, preLux=0.0, wasShortTermModelActive=false, autoBrightness=true (default), unclampedBrt=0.0, hbmMax=1.0, hbmMode=off, thrmMax=1.0, rbcStrength=-1, powerFactor=1.0, physDisp=Built-in Screen(local:4630946564756762243), logicalId=0, slowChange=false, rampSpeed=0.0
03-13 17:50:58.545  3003  4002 D BackgroundInstallControlService: Package event received: 0
03-13 17:50:58.545  2105  2921 I SurfaceFlinger: id=77772 createSurf, flag=84004, d0067a9 NavigationBar1#77772
03-13 17:50:58.545  3003  4598 D RestrictionPolicy: isScreenCaptureEnabled : ret=true userId=0
03-13 17:50:58.545  3003  4082 D DisplayManagerService: !@display_state requestDisplayStateInternal: ON -> OFF displayId=0
03-13 17:50:58.545  3003  4082 D SemInputDeviceManagerService: setDisplayState[1] EARLY: ON(2) -> OFF(1)
03-13 17:50:58.545  3003  4598 D InsetsSourceProvider: updateVisibility: serverVisible=false, clientVisible=false, source=InsetsSource: {452c0001 mType=navigationBars mFrame=[0,0][0,0] mVisible=false mFlags= mSideHint=NONE mBoundingRects=null}, controlTarget=null, from=com.android.server.wm.InsetsSourceProvider.setClientVisible:8 com.android.server.wm.InsetsSourceProvider.setWindowContainer:160 com.android.server.wm.WindowManagerService.addWindowInner:148 com.android.server.wm.WindowManagerService.addWindow:1842 com.android.server.wm.Session.addToDisplayAsUser:24 android.view.IWindowSession$Stub.onTransact:757 com.android.server.wm.Session.onTransact:1 android.os.Binder.execTransactInternal:1457 android.os.Binder.execTransact:1401 <bottom of call stack> 
03-13 17:50:58.546  3003  4598 E WindowManager: Display reconfigured outside of a transition: Display{#1 state=OFF size=748x720 ROTATION_0}
03-13 17:50:58.546  3003  4082 D LocalDisplayAdapter: notifyStateChangeStart: com.samsung.android.hardware.secinputdev.external.DisplayStateListenerWrapper$1@444e177 took 1 ms
03-13 17:50:58.546  2022  2124 I HYPER-HAL: [RequestManager.cpp]acquire(): Acquired ID : 406222730  [2025 / 26477]    HINT :      list : [TID_LOW_LATENCY / 0] [TID / 6874] [TID / 6875] [TID / 6454] [TID / 6813] 
03-13 17:50:58.546  3003  4082 D LocalDisplayAdapter: notifyStateChangeStart: com.android.server.biometrics.SemBiometricDisplayStateMonitor@e8de626 took 0 ms
03-13 17:50:58.546  3003  4082 D LocalDisplayAdapter: notifyStateChangeStart: com.android.server.display.mode.RefreshRateModeManager$1@d4f0f0f took 0 ms
03-13 17:50:58.546  6454  6454 I VRI[LauncherActivity]@5640a41: handleAppVisibility mAppVisible = true visible = false
03-13 17:50:58.546  6454  6454 D VRI[LauncherActivity]@5640a41: visibilityChanged oldVisibility=true newVisibility=false
03-13 17:50:58.546  3003  4082 D LocalDisplayAdapter: surface lcd : 0(-1.000), 0(-1.000), main +
03-13 17:50:58.546  3003  4598 D DisplayManager.PersistentDataStore: saveToXml remembered active display fit status value:false
03-13 17:50:58.546  2105  2105 I SurfaceFlinger: setDisplayBrightness(4630946564756762243): displayBrightness: -1.000000, displayBrightnessNits: 1.000000, sdrWhitePointNits: 1.000000 , dimmingRatio: 1.000000
03-13 17:50:58.546  3003  3130 D BrightnessThermalClamper: Thermal status observer already started
03-13 17:50:58.546  3003  4082 D LocalDisplayAdapter: surface lcd : 0(-1.000), 0(-1.000), main -
03-13 17:50:58.546  3003  4082 W LocalDisplayAdapter: !@display_state - 2246 : ON -> OFF (MAIN)
03-13 17:50:58.546  3003  3994 D SemInputDevice:TSP: ActivateTask: 1,0 [03-13 17:50:58.545]
03-13 17:50:58.546  2105  2105 D SurfaceFlinger: Setting power mode 0 on physical display 4630946564756762243 (skipComposer: 0)
03-13 17:50:58.546  3003  4598 I WindowManager: [d1] Override config changes=20000c00 {0.0 ?mcc0mnc ?localeList ?layoutDir sw291dp w352dp h291dp 340dpi smll hdr widecg land ?uimode ?night finger -keyb/v/h -nav/h winConfig={ mBounds=Rect(0, 0 - 748, 720) mAppBounds=Rect(0, 0 - 748, 618) mMaxBounds=Rect(0, 0 - 748, 720) mDisplayRotation=ROTATION_0 mWindowingMode=fullscreen mActivityType=undefined mAlwaysOnTop=undefined mRotation=ROTATION_0 mStageConfig=undefined mPopOver=undefined mOverlappingWithCutout=false mFlexPanelMode=off} ?fontWeightAdjustment ff=0 bf=-1 bts=0 cst=1.0 nightDim=-1 themeSeq=0}, callers=com.android.server.wm.DisplayContent.updateDisplayOverrideConfigurationLocked:24 com.android.server.wm.DisplayContent.sendNewConfiguration:133 com.android.server.wm.WindowManagerService.addWindowInner:712 com.android.server.wm.WindowManagerService.addWindow:1842 com.android.server.wm.Session.addToDisplayAsUser:24 
03-13 17:50:58.546  3003  4598 D WindowManager: Transition is created, t=TransitionRecord{1f28e5c id=-1 type=CHANGE flags=0x0}, caller=com.android.server.wm.Transition.<init>:182 com.android.server.wm.TransitionController.createTransition:17 com.android.server.wm.DisplayContent.requestChangeTransition:5 com.android.server.wm.DisplayContent.performDisplayOverrideConfigUpdate:333 com.android.server.wm.DisplayContent.updateDisplayOverrideConfigurationLocked:24 
03-13 17:50:58.546  3003  4598 D BLASTSyncEngine: SyncGroup is created, id=8943, name=Transition-CHANGE, caller=com.android.server.wm.BLASTSyncEngine$SyncGroup.<init>:52 com.android.server.wm.TransitionController.moveToCollecting:79 com.android.server.wm.TransitionController.createTransition:46 com.android.server.wm.DisplayContent.requestChangeTransition:5 com.android.server.wm.DisplayContent.performDisplayOverrideConfigUpdate:333 com.android.server.wm.DisplayContent.updateDisplayOverrideConfigurationLocked:24 com.android.server.wm.DisplayContent.sendNewConfiguration:133 
03-13 17:50:58.546  3003  4598 W BLASTSyncEngine: setSyncMethod, id=8943, method=0, caller=com.android.server.wm.TransitionController.moveToCollecting:91 com.android.server.wm.TransitionController.createTransition:46 com.android.server.wm.DisplayContent.requestChangeTransition:5 
03-13 17:50:58.546  3003  3678 D SemInputMotionEventDispatcher: unregisterMotionEventListener: com.samsung.android.hardware.secinputdev.taas.ExternalApi$5@7af94ab
03-13 17:50:58.546  3003  4598 V WindowManager: Start collecting in Transition: TransitionRecord{1f28e5c id=8943 type=CHANGE flags=0x0}, caller=com.android.server.wm.TransitionController.createTransition:46 com.android.server.wm.DisplayContent.requestChangeTransition:5 com.android.server.wm.DisplayContent.performDisplayOverrideConfigUpdate:333 com.android.server.wm.DisplayContent.updateDisplayOverrideConfigurationLocked:24 com.android.server.wm.DisplayContent.sendNewConfiguration:133 
03-13 17:50:58.547  3003  3678 D InputTransport: Input channel destroyed: '[Gestur', fd=1268
03-13 17:50:58.547  3003  4598 V WindowManager: Requesting StartTransition: TransitionRecord{1f28e5c id=8943 type=CHANGE flags=0x0}, caller=com.android.server.wm.DisplayContent.requestChangeTransition:10 com.android.server.wm.DisplayContent.performDisplayOverrideConfigUpdate:333 com.android.server.wm.DisplayContent.updateDisplayOverrideConfigurationLocked:24 com.android.server.wm.DisplayContent.sendNewConfiguration:133 com.android.server.wm.WindowManagerService.addWindowInner:712 
03-13 17:50:58.547  3003  3678 I SemInputMotionEventDispatcher: unregisterInputEventReceiver: dispose InputEventReceiver
03-13 17:50:58.547  2040  2040 I SDM     : DisplayBuiltIn::SetPanelBrightness: Setting brightness to level 0 (-100.000000 percent) primary(1) display(68)
03-13 17:50:58.547  3003  3678 D InputTransport: Input channel destroyed: '[Gestur', fd=869
03-13 17:50:58.547  3003  4598 V WindowManager: Collecting in transition 8943: Display{#1 state=OFF size=748x720 ROTATION_0}, caller=com.android.server.wm.DisplayContent.requestChangeTransition:71 com.android.server.wm.DisplayContent.performDisplayOverrideConfigUpdate:333 com.android.server.wm.DisplayContent.updateDisplayOverrideConfigurationLocked:24 com.android.server.wm.DisplayContent.sendNewConfiguration:133 com.android.server.wm.WindowManagerService.addWindowInner:712 
03-13 17:50:58.547  2105  2105 D SurfaceFlinger: setPhysicalDisplayPowerMode: Optimizing thread scheduling: optimizeForPower
03-13 17:50:58.547  3003  4598 D WindowManager: prepareSync <SYNC_STATE_WAITING_FOR_DRAW>, mPrepareSyncSeqId=0, win=Window{21b9755 u0 ScreenDecorOverlayCover}
03-13 17:50:58.547  3003  4598 D WindowManager: prepareSync <SYNC_STATE_WAITING_FOR_DRAW>, mPrepareSyncSeqId=0, win=Window{d0067a9 u0 NavigationBar1}
03-13 17:50:58.547  3003  4598 D WindowManager: prepareSync <SYNC_STATE_WAITING_FOR_DRAW>, mPrepareSyncSeqId=0, win=Window{243e821 u0 SubScreenQuickPanel}
03-13 17:50:58.547  3003  4598 D WindowManager: prepareSync <SYNC_STATE_WAITING_FOR_DRAW>, mPrepareSyncSeqId=0, win=Window{3b7b695 u0 com.android.systemui/com.android.systemui.subscreen.SubHomeActivity}
03-13 17:50:58.547  3003  4598 D WindowManager: prepareSync <SYNC_STATE_WAITING_FOR_DRAW>, mPrepareSyncSeqId=0, win=Window{8bc5e3f u0 com.samsung.android.smartsuggestions/com.samsung.android.smartsuggestions.feature.aisuggestion.ui.onboarding.OnboardingActivity}
03-13 17:50:58.547  4205  4267 V WindowManagerShell: Transition requested (#8943): android.os.BinderProxy@eb0a3e2 TransitionRequestInfo { type = CHANGE, triggerTask = null, pipChange = null, remoteTransition = null, displayChange = null, flags = 0, debugId = 8943 }
03-13 17:50:58.547  2040  2040 I SDM     : HWCDisplay::SetPowerMode: display = 0, mode = OFF
03-13 17:50:58.547  2040  2040 I SDM     : DisplayBase::SetDisplayState: Set state = 0, display 68-0, teardown = 0
03-13 17:50:58.547  2040  2040 I SDM     : DRMPanelFeatureMgr::MarkForNullCommit: Marked 7 for null commit
03-13 17:50:58.547  3003  4598 V WindowManager: Collecting in transition 8943: WindowToken{8004a5b type=2024 android.os.BinderProxy@d7bba75}, caller=com.android.server.wm.TransitionController$$ExternalSyntheticLambda3.accept:43 com.android.server.wm.WindowContainer$ForAllWindowsConsumerWrapper.apply:5 com.android.server.wm.WindowState.applyInOrderWithImeWindows:22 com.android.server.wm.WindowState.forAllWindows:9 com.android.server.wm.WindowContainer.forAllWindows:2 
03-13 17:50:58.547  4205  4267 D ShellDesktopMode: handleRequest: TransitionRequestInfo {type=6, tid=null, debugId=8943}
03-13 17:50:58.547  2040  2040 I SDM     : HWDeviceDRM::PowerOff: Display:68 Setting Fingerprint Indisplay Layer property = 0
03-13 17:50:58.547  6454  6813 D HWUI    : CacheManager::trimMemory(20)
03-13 17:50:58.547  4205  4267 V ShellDesktopMode: DesktopTasksController: skipping handleRequest reason=transition type not handled (6)
03-13 17:50:58.547  2022  2124 I HYPER-HAL: [RequestManager.cpp]acquire(): Acquired ID : 406279739  [2025 / 26479]    HINT :      list : [TID_LOW_LATENCY / 0] [TID / 4392] [TID / 4393] [TID / 4205] [TID / 4394] 
03-13 17:50:58.547  2053  2053 I QC2V4l2Codec: [v4lhvcD_542] KPI_L1: init: ms=7
03-13 17:50:58.548  2053  8596 E QC2V4l2Codec: [v4lhvcD_542]  ? is not a supported pixel format!
03-13 17:50:58.548  3003  4598 I MultiTaskingController: onConfigurationChangedLocked: display#1, configChanges=0x20000c00, scaleW=1.0, scaleH=1.0, prevScreenBounds=Rect(0, 0 - 748, 720), nextScreenBounds=Rect(0, 0 - 748, 720)
03-13 17:50:58.548  3003  3678 D InputTransport: Input channel destroyed: '[Gestur', fd=1265
03-13 17:50:58.549  2040  2318 I SDM     : HWPeripheralDRM::SetPanelBrightnessWork: Setting brightness to level 0 through sysfs node. primary(1), type_id(1)
03-13 17:50:58.549  3003  3678 I SemInputMotionEventDispatcher: unregisterInputEventReceiver: dispose InputMonitor
03-13 17:50:58.549  3003  4598 D InsetsSourceProvider: updateVisibility: serverVisible=false, clientVisible=true, source=InsetsSource: {452c0024 mType=systemGestures mFrame=[0,0][0,0] mVisible=false mFlags= mSideHint=NONE mBoundingRects=null}, controlTarget=null, from=com.android.server.wm.InsetsSourceProvider.setServerVisible:6 com.android.server.wm.InsetsSourceProvider.onPostLayout:30 com.android.server.wm.InsetsStateController.onPostLayout:26 com.android.server.wm.RootWindowContainer.applySurfaceChangesTransaction$1:203 com.android.server.wm.RootWindowContainer.performSurfacePlacementNoTrace:86 com.android.server.wm.WindowSurfacePlacer.performSurfacePlacement:166 com.android.server.wm.ActivityTaskManagerService.continueWindowLayout:28 com.android.server.wm.DisplayContent.updateDisplayOverrideConfigurationLocked:78 com.android.server.wm.DisplayContent.sendNewConfiguration:133 com.android.server.wm.WindowManagerService.addWindowInner:712 
03-13 17:50:58.549  3003  4598 D InsetsSourceProvider: updateVisibility: serverVisible=false, clientVisible=true, source=InsetsSource: {452c0006 mType=tappableElement mFrame=[0,0][0,0] mVisible=false mFlags= mSideHint=NONE mBoundingRects=null}, controlTarget=null, from=com.android.server.wm.InsetsSourceProvider.setServerVisible:6 com.android.server.wm.InsetsSourceProvider.onPostLayout:30 com.android.server.wm.InsetsStateController.onPostLayout:26 com.android.server.wm.RootWindowContainer.applySurfaceChangesTransaction$1:203 com.android.server.wm.RootWindowContainer.performSurfacePlacementNoTrace:86 com.android.server.wm.WindowSurfacePlacer.performSurfacePlacement:166 com.android.server.wm.ActivityTaskManagerService.continueWindowLayout:28 com.android.server.wm.DisplayContent.updateDisplayOverrideConfigurationLocked:78 com.android.server.wm.DisplayContent.sendNewConfiguration:133 com.android.server.wm.WindowManagerService.addWindowInner:712 
03-13 17:50:58.549  3003  4598 D InsetsSourceProvider: updateVisibility: serverVisible=false, clientVisible=true, source=InsetsSource: {452c0005 mType=mandatorySystemGestures mFrame=[0,0][0,0] mVisible=false mFlags= mSideHint=NONE mBoundingRects=null}, controlTarget=null, from=com.android.server.wm.InsetsSourceProvider.setServerVisible:6 com.android.server.wm.InsetsSourceProvider.onPostLayout:30 com.android.server.wm.InsetsStateController.onPostLayout:26 com.android.server.wm.RootWindowContainer.applySurfaceChangesTransaction$1:203 com.android.server.wm.RootWindowContainer.performSurfacePlacementNoTrace:86 com.android.server.wm.WindowSurfacePlacer.performSurfacePlacement:166 com.android.server.wm.ActivityTaskManagerService.continueWindowLayout:28 com.android.server.wm.DisplayContent.updateDisplayOverrideConfigurationLocked:78 com.android.server.wm.DisplayContent.sendNewConfiguration:133 com.android.server.wm.WindowManagerService.addWindowInner:712 
03-13 17:50:58.549  3003  4598 D InsetsSourceProvider: updateVisibility: serverVisible=false, clientVisible=true, source=InsetsSource: {452c0004 mType=systemGestures mFrame=[0,0][0,0] mVisible=false mFlags= mSideHint=NONE mBoundingRects=null}, controlTarget=null, from=com.android.server.wm.InsetsSourceProvider.setServerVisible:6 com.android.server.wm.InsetsSourceProvider.onPostLayout:30 com.android.server.wm.InsetsStateController.onPostLayout:26 com.android.server.wm.RootWindowContainer.applySurfaceChangesTransaction$1:203 com.android.server.wm.RootWindowContainer.performSurfacePlacementNoTrace:86 com.android.server.wm.WindowSurfacePlacer.performSurfacePlacement:166 com.android.server.wm.ActivityTaskManagerService.continueWindowLayout:28 com.android.server.wm.DisplayContent.updateDisplayOverrideConfigurationLocked:78 com.android.server.wm.DisplayContent.sendNewConfiguration:133 com.android.server.wm.WindowManagerService.addWindowInner:712 
03-13 17:50:58.549  3003  4598 W SurfaceControl: Invalid layer stack -1
03-13 17:50:58.549  3003  4598 I DisplayDevice: [0] Layerstack set to -1 for local:4630946564756762243
03-13 17:50:58.550  3003  4598 D InputTransport: Input channel destroyed: 'd0067a9', fd=1264
03-13 17:50:58.550  3003  3991 I CocktailBarManagerServiceContainer: handleMessage: entry what = 6
03-13 17:50:58.551  2040  2040 I SDM     : HWDeviceDRM::NullCommit: Null commit succeeded crtc=208
03-13 17:50:58.551  2040  2040 I SDM     : DisplayBase::SetDisplayState: wait for retire_fence_...
03-13 17:50:58.551  2040  2040 I SDM     : DisplayBase::WaitForCompletion: Wait for cached retire fence to be in steady state
03-13 17:50:58.551  4205  4205 D InputTransport: Input channel constructed: 'd0067a9', fd=476
03-13 17:50:58.551  6239  6239 I SSS     : [ChatRoomComponentManager] onConfigurationChanged: {1.0 ?mcc0mnc [en_US] ldltr sw291dp w352dp h291dp 340dpi smll hdr widecg land night finger -keyb/v/h -nav/h winConfig={ mBounds=Rect(0, 0 - 748, 720) mAppBounds=Rect(0, 0 - 748, 618) mMaxBounds=Rect(0, 0 - 748, 720) mDisplayRotation=ROTATION_0 mWindowingMode=fullscreen mActivityType=undefined mAlwaysOnTop=undefined mRotation=ROTATION_0 mStageConfig=undefined mPopOver=off mOverlappingWithCutout=false mFlexPanelMode=off} s.8699 fontWeightAdjustment=0 ff=0 bf=-1 bts=0 cst=1.0 nightDim=0 themeSeq=0}
