03-13 17:59:44.165  4205  4205 I PluginLockMediatorImpl: onStartedGoingToSleep why :4
03-13 17:59:44.165  4205  4205 I DymLock|DynamicLockManager: onEventReceived() bundle Bundle[{action=lid_switch}]
03-13 17:59:44.165  4205  4205 I DymLock|DynamicLockManager: notifyAction action[LID_SWITCH] arg[true]
03-13 17:59:44.166  4205  4362 D Tile.MobileDataTile: handleUpdateState : state false
03-13 17:59:44.166  4205  4205 D PluginLockDelegateApp: onStartedGoingToSleep enabled: true aodClockTransition : false
03-13 17:59:44.166  4205  4205 I DymLock|DynamicLockManager: onStartedGoingToSleep : dls_state = 2
03-13 17:59:44.166 16161 28589 I NearbySharing: Fast Initiation Scanning has stopped
03-13 17:59:44.166  4205  4205 D KeyguardUpdateMonitor: updateBiometricListeningState()
03-13 17:59:44.166  4205  4205 D KeyguardFingerprint: updateFingerprintListeningState#mFingerprintRunningState=0 shouldListenForFingerprint=false isUdfpsEnrolled=false bioType : 0
03-13 17:59:44.166  4205  4205 D KeyguardUpdateMonitor: setKeyguardGoingAway( true -> false )
03-13 17:59:44.166  4205  4205 D KeyguardFingerprint: updateFingerprintListeningState#mFingerprintRunningState=0 shouldListenForFingerprint=false isUdfpsEnrolled=false bioType : 0
03-13 17:59:44.166  4205  4205 D KeyguardUpdateMonitor: updateBiometricListeningState()
03-13 17:59:44.166  4205  4205 D KeyguardFingerprint: updateFingerprintListeningState#mFingerprintRunningState=0 shouldListenForFingerprint=false isUdfpsEnrolled=false bioType : 0
03-13 17:59:44.166  4205  4205 D KeyguardViewMediator: handleMessage 17
03-13 17:59:44.166  4205  4205 D KeyguardViewMediator: handleNotifyStartedGoingToSleep
03-13 17:59:44.166  4205  4362 E SecQSPanelResourcePickHelper: need to prepare suitable picker for COVER
03-13 17:59:44.166  4205  4205 D KeyguardViewMediator: KeyguardViewMediator queue processing message: NOTIFY_STARTED_GOING_TO_SLEEP
03-13 17:59:44.166  4205  4362 E SecQSPanelResourcePickHelper: need to prepare suitable picker for COVER
03-13 17:59:44.167  4205  4205 D BriefViewController: [BriefLog]_isScreenOn false
03-13 17:59:44.167 16161 28589 I NearbySharing: Dismissing HUN as there's no device nearby.
03-13 17:59:44.167  4205  4362 D Tile.DndTile: handleUpdateState zen 0  state = QSTile$BooleanState[spec=Dnd,icon=ResourceIcon[resId=0x7f080f7d],nextIcon=null,iconSupplier=null,label=Do not disturb,secondaryLabel=null,contentDescription=null,stateDescription=null,dualLabelContentDescription=null,expandedAccessibilityClassName=null,disabledByPolicy=false,dualTarget=true,isTransient=false,handlesSecondaryClick=false,state=1,sideViewCustomDrawable=null,tileClassName=null,value=false,forceExpandIcon=false]
03-13 17:59:44.168  4205  4362 D Tile.MobileDataTile: handleUpdateState : state false
03-13 17:59:44.168  4205  4362 E SecQSPanelResourcePickHelper: need to prepare suitable picker for COVER
03-13 17:59:44.168  4205  4362 E SecQSPanelResourcePickHelper: need to prepare suitable picker for COVER
03-13 17:59:44.168  4205  4362 D Tile.DndTile: handleUpdateState zen 0  state = QSTile$BooleanState[spec=Dnd,icon=ResourceIcon[resId=0x7f080f7d],nextIcon=null,iconSupplier=null,label=Do not disturb,secondaryLabel=null,contentDescription=null,stateDescription=null,dualLabelContentDescription=null,expandedAccessibilityClassName=null,disabledByPolicy=false,dualTarget=true,isTransient=false,handlesSecondaryClick=false,state=1,sideViewCustomDrawable=null,tileClassName=null,value=false,forceExpandIcon=false]
03-13 17:59:44.169 23515 23515 D VRI[LauncherActivity]@9faf2c: Not drawing due to screen off
03-13 17:59:44.169  2053 24678 W QC2V4l2Codec: [v4lhvcD_590] Queue outputs not allowed after stop
03-13 17:59:44.169  4832 31739 I HoneySpace.DeviceStateUseCase: update: DeviceState(naviMode=THREE_BUTTON, navigationBarHeight=144, hint=true, transparentHint=false, rotation=0, displayId=0, displaySize=Point(1080, 2640), displayCutout=DisplayCutout{insets=Rect(0, 94 - 0, 0) waterfall=Insets{left=0, top=0, right=0, bottom=0} boundingRect={Bounds=[Rect(0, 0 - 0, 0), Rect(505, 0 - 576, 94), Rect(0, 0 - 0, 0), Rect(0, 0 - 0, 0)]} cutoutPathParserInfo={CutoutPathParserInfo{displayWidth=1080 displayHeight=2640 physicalDisplayWidth=1080 physicalDisplayHeight=2640 density={3.0} cutoutSpec={M 0,0 H -11.83333333333333 V 31.33333333333333 H 11.83333333333333 V 0 H 0 Z @dp} rotation={0} scale={1.0} physicalPixelDisplaySizeRatio={1.0}}} sideOverrides={}}, isNavCanMove=true, isTablet=false, extraDisplayInfo=ExtraDisplayInfo(rotation=0, displayId=1, displaySize=Point(748, 720), displayCutout=DisplayCutout{insets=Rect(0, 0 - 0, 66) waterfall=Insets{left=0, top=0, right=0, bottom=0} boundingRect={Bounds=[Rect(0, 0 - 0, 0), Rect(0, 0 - 0, 0), Rect(0, 0 - 0, 0), Rect(379, 654 - 748, 720)]} cutoutPathParserInfo={CutoutPathParserInfo{displayWidth=748 displayHeight=720 physicalDisplayWidth=748 physicalDisplayHeight=720 density={2.125} cutoutSpec={@bottom @right M 0,0 H -173.6470588235294 V -31.05882352941176 H 0 V 0 Z @dp} rotation={0} scale={1.0} physicalPixelDisplaySizeRatio={1.0}}} sideOverrides={}}, foldState=0), enableOverlayWindow=false)
03-13 17:59:44.169  2053  2958 I QC2V4l2Codec: [v4lhvcD_590] KPI_L1: stop: ms=6
03-13 17:59:44.169  4832  4832 I HoneySpace.GestureInputHandler: deviceState changed DeviceState(naviMode=THREE_BUTTON, navigationBarHeight=144, hint=true, transparentHint=false, rotation=0, displayId=0, displaySize=Point(1080, 2640), displayCutout=DisplayCutout{insets=Rect(0, 94 - 0, 0) waterfall=Insets{left=0, top=0, right=0, bottom=0} boundingRect={Bounds=[Rect(0, 0 - 0, 0), Rect(505, 0 - 576, 94), Rect(0, 0 - 0, 0), Rect(0, 0 - 0, 0)]} cutoutPathParserInfo={CutoutPathParserInfo{displayWidth=1080 displayHeight=2640 physicalDisplayWidth=1080 physicalDisplayHeight=2640 density={3.0} cutoutSpec={M 0,0 H -11.83333333333333 V 31.33333333333333 H 11.83333333333333 V 0 H 0 Z @dp} rotation={0} scale={1.0} physicalPixelDisplaySizeRatio={1.0}}} sideOverrides={}}, isNavCanMove=true, isTablet=false, extraDisplayInfo=ExtraDisplayInfo(rotation=0, displayId=1, displaySize=Point(748, 720), displayCutout=DisplayCutout{insets=Rect(0, 0 - 0, 66) waterfall=Insets{left=0, top=0, right=0, bottom=0} boundingRect={Bounds=[Rect(0, 0 - 0, 0), Rect(0, 0 - 0, 0), Rect(0, 0 - 0, 0), Rect(379, 654 - 748, 720)]} cutoutPathParserInfo={CutoutPathParserInfo{displayWidth=748 displayHeight=720 physicalDisplayWidth=748 physicalDisplayHeight=720 density={2.125} cutoutSpec={@bottom @right M 0,0 H -173.6470588235294 V -31.05882352941176 H 0 V 0 Z @dp} rotation={0} scale={1.0} physicalPixelDisplaySizeRatio={1.0}}} sideOverrides={}}, foldState=0), enableOverlayWindow=false)
03-13 17:59:44.169  4832  4832 I HoneySpace.RegionManagerImpl: changeTouchRegion() called with: com.honeyspace.gesture.region.NoGestureTouchRegion@2e6a943 to DeviceState(naviMode=THREE_BUTTON, navigationBarHeight=144, hint=true, transparentHint=false, rotation=0, displayId=0, displaySize=Point(1080, 2640), displayCutout=DisplayCutout{insets=Rect(0, 94 - 0, 0) waterfall=Insets{left=0, top=0, right=0, bottom=0} boundingRect={Bounds=[Rect(0, 0 - 0, 0), Rect(505, 0 - 576, 94), Rect(0, 0 - 0, 0), Rect(0, 0 - 0, 0)]} cutoutPathParserInfo={CutoutPathParserInfo{displayWidth=1080 displayHeight=2640 physicalDisplayWidth=1080 physicalDisplayHeight=2640 density={3.0} cutoutSpec={M 0,0 H -11.83333333333333 V 31.33333333333333 H 11.83333333333333 V 0 H 0 Z @dp} rotation={0} scale={1.0} physicalPixelDisplaySizeRatio={1.0}}} sideOverrides={}}, isNavCanMove=true, isTablet=false, extraDisplayInfo=ExtraDisplayInfo(rotation=0, displayId=1, displaySize=Point(748, 720), displayCutout=DisplayCutout{insets=Rect(0, 0 - 0, 66) waterfall=Insets{left=0, top=0, right=0, bottom=0} boundingRect={Bounds=[Rect(0, 0 - 0, 0), Rect(0, 0 - 0, 0), Rect(0, 0 - 0, 0), Rect(379, 654 - 748, 720)]} cutoutPathParserInfo={CutoutPathParserInfo{displayWidth=748 displayHeight=720 physicalDisplayWidth=748 physicalDisplayHeight=720 density={2.125} cutoutSpec={@bottom @right M 0,0 H -173.6470588235294 V -31.05882352941176 H 0 V 0 Z @dp} rotation={0} scale={1.0} physicalPixelDisplaySizeRatio={1.0}}} sideOverrides={}}, foldState=0), enableOverlayWindow=false)
03-13 17:59:44.169  4832  4832 I HoneySpace.RegionManagerImpl: resetSwipeRegion. RectF(0.0, 642.0, 748.0, 720.0), RectF(0.0, 0.0, 0.0, 0.0)
03-13 17:59:44.169  4205  4205 D NowBarController: [BriefLog]_do not updateRemoteNowBar: showing false
03-13 17:59:44.170  4205  4205 D SecLifecycle: wakefulness=3
03-13 17:59:44.170  4205  4205 D AODAmbientWallpaperHelper: isWonderLandAmbientWallpaper: isFolded=true, isMainWonderLandWallpaper=false, isSubWonderLandWallpaper=false
03-13 17:59:44.170  4205  4205 I AODAmbientWallpaperHelper: onStartedGoingToSleep isAODAmbientWallpaperMode=false
03-13 17:59:44.170  4205  4205 D AODAmbientWallpaperHelper: isWonderLandAmbientWallpaper: isFolded=true, isMainWonderLandWallpaper=false, isSubWonderLandWallpaper=false
03-13 17:59:44.170  4205  4205 D FaceWidgetViewModel: onStartedGoingToSleep()
03-13 17:59:44.170  4205  4205 D FaceWidgetWakefulnessLifecycle: onStartedGoingToSleep
03-13 17:59:44.170  4205  4205 D PluginFaceWidgetManager: shouldControlScreenOff() : false
03-13 17:59:44.170  4205  4205 I FaceWidgetClockPage: onStartedGoingToSleep: refresh clock
03-13 17:59:44.170  4205  4205 I DigitalVerticalClockView_LOCK_SCREEN_1@757: refresh : true
03-13 17:59:44.171  6103  6103 W ContextImpl: Calling a method in the system process without a qualified user: android.app.ContextImpl.startService:2068 android.content.ContextWrapper.startService:872 android.content.ContextWrapper.startService:872 com.sec.android.diagmonagent.sa.receiver.CFLogReceiver.onReceive:56 android.app.ActivityThread.handleReceiver:5663 
03-13 17:59:44.171  4205  4205 I DigitalVerticalClockView_LOCK_SCREEN_1@757: onTimeChanged : [DateTimeInfo : date = Fri, March 13, hourMin = 05:59, hourMinSec = , hour = 05, minute = 59, amPm  = PM, colon = :, second = , timezone = null, isLeftOfAmPm = false, ttsDate = Friday, March 13], timeInMillis = 1773439184170
03-13 17:59:44.171  4205  4205 I DigitalVerticalClockView_LOCK_SCREEN_1@757: updatePaletteItemTransition : paletteItem = SOLID color : FFFAFAFF, animation = false, dozeAmount = 0.0
03-13 17:59:44.172  4205  4205 I DigitalVerticalClockView_LOCK_SCREEN_1@757: setDozing: true
03-13 17:59:44.172  4205  4205 I DigitalVerticalClockView_LOCK_SCREEN_1@757: onDozingChanged: 
03-13 17:59:44.172  4205  4205 I PaletteController: getPaletteItem = PALETTE_LOCK
03-13 17:59:44.172  4205  4205 I DigitalVerticalClockView_LOCK_SCREEN_1@757: getAdjustedAODColorItem: palette SOLID color : FFFAFAFF -> SOLID color : FFC8C8CC
03-13 17:59:44.172  4205  4205 I DigitalVerticalClockView_LOCK_SCREEN_1@757: updateBaseTargetPaletteItem: base=SOLID color : FFFAFAFF, target=SOLID color : FFC8C8CC
03-13 17:59:44.172  4205  4205 I AODDataSettings[8.0.6]:AODDataManager: onStartedGoingToSleep
03-13 17:59:44.172  4205  4205 I AODDataSettings[8.0.6]:AODDataManager: changeDisplay=DisplayImpl(type=SingleDisplay, orientation=Portrait, aodState=AodOnly)
03-13 17:59:44.172  4205  4205 I AODDataSettings[8.0.6]:AODDataManager: getCurrentSize() from windowConfig = 1080.0x2640.0
03-13 17:59:44.172  4205  4205 I DataStoreState: setDisplay : DisplayImpl(type=SingleDisplay, orientation=Portrait, aodState=AodOnly)
03-13 17:59:44.172  4205  4205 D AodData[8.0.6]:LockScreenRemoteItemStoreImpl@146377173: onChangedEnv: SingleDisplay:Portrait:AodOnly::1080.0x2640.0
03-13 17:59:44.172  4205  4205 I AodData[8.0.6]:LockScreenRemoteItemStoreImpl@146377173: refreshIdList: display=DisplayImpl(type=SingleDisplay, orientation=Portrait, aodState=AodOnly), profileId=, rootSize=null, forced=false
03-13 17:59:44.172  4205  4205 I AodData[8.0.6]:LockScreenRemoteItemStoreImpl@146377173: refreshIdList: launch - cur=DisplayImpl(type=SingleDisplay, orientation=Portrait, aodState=AodOnly) display=DisplayImpl(type=SingleDisplay, orientation=Portrait, aodState=AodOnly), profileId=, rootSize=1080.0x2640.0, forced=false, sizeChanged=false
03-13 17:59:44.172  4205  4205 I AODDataSettings[8.0.6]:AODDataManager: getItem() clock:0:SingleDisplay:Portrait:LockScreenOnly:0
03-13 17:59:44.172  4205  4205 I KeyguardClockProvider: getLockClockItem: use LockScreenOnly item
03-13 17:59:44.172  4205  4205 I KeyguardClockProvider: clockItem changed ClockItemImpl(id=clock:0:SingleDisplay:Portrait:AodOnly:, width=DirectionDimensionImpl(value=0.0, type=WRAP_CONTENT, isHorizontal=true), height=DirectionDimensionImpl(value=0.0, type=WRAP_CONTENT, isHorizontal=false), x=RelativeAreaDimensionXImpl(value=0.0, type=PERCENT, locatedAt=Center, left=DirectionDimensionImpl(value=0.06759259, type=PERCENT, isHorizontal=true), right=DirectionDimensionImpl(value=0.9324074, type=PERCENT, isHorizontal=true)), y=RelativeAreaDimensionYImpl(value=1.171632, type=PERCENT, locatedAt=Bottom, top=DirectionDimensionImpl(value=0.10037879, type=PERCENT, isHorizontal=false), bottom=DirectionDimensionImpl(value=0.6852273, type=PERCENT, isHorizontal=false)), scaleX=1.0, scaleY=1.0, isEnabled=true, clockType=1, font=FontImpl(presetFontIndex=0, fontPath=null, fontWeight=700, fontRoundedCorners=20, fontHeights=[], fontStretchEnabled=false), color=ClockPresetColorImpl(presetIndex=0), isShowWeather=false, isShowDateFirst=false, isDefaultPosition=true, cityClockList=, themeClock=ThemeClockImpl(themeName=, trialThemeName=null), showNotiBelowClock=true)
03-13 17:59:44.172  4205  4205 I KeyguardClockProvider: updateClockScale: scale=1.0
03-13 17:59:44.172  4205  4205 I FaceWidgetClockRoamManager: shouldShowDualClock() isRoamingClockEnabled=true, isEasyModeEnabled=false, mIsNetworkRoaming=false
03-13 17:59:44.172  4205  4205 I DigitalVerticalClockView_LOCK_SCREEN_1@292: forceRefresh : false millis : [2026-03-13 17:59:44]
03-13 17:59:44.173  4205  4205 I DigitalVerticalClockView_LOCK_SCREEN_1@292: onTimeChanged : [DateTimeInfo : date = Fri, March 13, hourMin = 05:59, hourMinSec = , hour = 05, minute = 59, amPm  = PM, colon = :, second = , timezone = null, isLeftOfAmPm = false, ttsDate = Friday, March 13], timeInMillis = 1773439184172
03-13 17:59:44.173  4205  4205 I DigitalVerticalClockView_LOCK_SCREEN_1@292: updatePaletteItemTransition : paletteItem = SOLID color : FFFAFAFF, animation = false, dozeAmount = 0.0
03-13 17:59:44.173  4205  4205 I KeyguardClockProvider: measuredClockSize: (334.0, 540.0) 
03-13 17:59:44.173  4205  4205 I DisplayValues: initValues currentWidth 1080 currentHeight = 2640
03-13 17:59:44.173  4205  4205 I AODDataSettings[8.0.6]:AODDataManager: getItem() clock:0:SingleDisplay:Portrait:LockScreenOnly:0
03-13 17:59:44.173  4205  4205 I KeyguardClockPositionManager: getLockClockItem: use LockScreenOnly item
03-13 17:59:44.173  4205  4205 D KeyguardClockPositionManager: clockItem changed - 1080.0x2640.0, item = ClockItemImpl(id=clock:0:SingleDisplay:Portrait:LockScreenOnly:, width=DirectionDimensionImpl(value=0.0, type=WRAP_CONTENT, isHorizontal=true), height=DirectionDimensionImpl(value=0.0, type=WRAP_CONTENT, isHorizontal=false), x=RelativeAreaDimensionXImpl(value=0.0, type=PERCENT, locatedAt=Center, left=DirectionDimensionImpl(value=0.06759259, type=PERCENT, isHorizontal=true), right=DirectionDimensionImpl(value=0.9324074, type=PERCENT, isHorizontal=true)), y=RelativeAreaDimensionYImpl(value=1.171632, type=PERCENT, locatedAt=Bottom, top=DirectionDimensionImpl(value=0.10037879, type=PERCENT, isHorizontal=false), bottom=DirectionDimensionImpl(value=0.6852273, type=PERCENT, isHorizontal=false)), scaleX=1.0, scaleY=1.0, isEnabled=true, clockType=1, font=FontImpl(presetFontIndex=0, fontPath=null, fontWeight=700, fontRoundedCorners=20, fontHeights=[], fontStretchEnabled=false), color=ClockPresetColorImpl(presetIndex=0), isShowWeather=false, isShowDateFirst=false, isDefaultPosition=true, cityClockList=, themeClock=ThemeClockImpl(themeName=, trialThemeName=null), showNotiBelowClock=true)
03-13 17:59:44.173  4205  4205 E AbsSettings: refreshInner: refreshedSettingsDBItem key enabled_complication_widgets_id_list val = 
03-13 17:59:44.173  4205  4205 I KeyguardClockPositionManager: getClockMovableArea: ClockMovableAreaFactor(hasWidget=false, hasNotification=false, widgetAlignType=Default, rotation=0, isMainScreen=false, showNotiCardBelowClock=true, orientation=1)
03-13 17:59:44.173  4205  4205 I KeyguardClockProvider: updateClockScale: scale=1.0
03-13 17:59:44.174  4205  4205 I FaceWidgetClockRoamManager: shouldShowDualClock() isRoamingClockEnabled=true, isEasyModeEnabled=false, mIsNetworkRoaming=false
03-13 17:59:44.174  4205  4205 I DigitalVerticalClockView_LOCK_SCREEN_1@292: forceRefresh : false millis : [2026-03-13 17:59:44]
03-13 17:59:44.174  2053  2958 I QC2V4l2Codec: [v4lhvcD_590] KPI_L1: release: ms=4
03-13 17:59:44.174  2053  2958 I QC2V4l2Codec: [v4lhvcD_590] KPI_L1: stop: ms=0
03-13 17:59:44.174  2053  2958 I QC2V4l2Codec: [v4lhvcD_590] KPI_L1: release: ms=0
03-13 17:59:44.174  4205  4205 I DigitalVerticalClockView_LOCK_SCREEN_1@292: onTimeChanged : [DateTimeInfo : date = Fri, March 13, hourMin = 05:59, hourMinSec = , hour = 05, minute = 59, amPm  = PM, colon = :, second = , timezone = null, isLeftOfAmPm = false, ttsDate = Friday, March 13], timeInMillis = 1773439184174
03-13 17:59:44.174  4205  4205 I DigitalVerticalClockView_LOCK_SCREEN_1@292: updatePaletteItemTransition : paletteItem = SOLID color : FFFAFAFF, animation = false, dozeAmount = 0.0
03-13 17:59:44.175  4205  4205 I KeyguardClockProvider: measuredClockSize: (334.0, 540.0) 
03-13 17:59:44.175  4205  4205 I DisplayValues: initValues currentWidth 1080 currentHeight = 2640
03-13 17:59:44.175  4205  4205 I AodData[8.0.6]:DefaultGetImpl@231886450: request data show_noti_below_clock
03-13 17:59:44.175  4205  4205 D AodData[8.0.6]:ProfileDataMediator@56225404: getProfile ()
03-13 17:59:44.175  4205  4205 D AodData[8.0.6]:ProfileDataMediator@56225404: Return stored value (0)  null
03-13 17:59:44.175  4205  4205 D AodData[8.0.6]:ProfileDataMediator@56225404: Return default profile (0)
03-13 17:59:44.175  4205  4205 D AodData[8.0.6]:AodDataProvider@150579380: call: primary result - aod-get, show_noti_below_clock, [result]
03-13 17:59:44.175  4205  4205 I AODDataSettings[8.0.6]:AODDataManager: showNotiCardBelowClock changed to true
03-13 17:59:44.175  6103  6103 W ContextImpl: Calling a method in the system process without a qualified user: android.app.ContextImpl.startService:2068 android.content.ContextWrapper.startService:872 android.content.ContextWrapper.startService:872 com.sec.android.diagmonagent.sa.receiver.CFLogReceiver.onReceive:56 android.app.ActivityThread.handleReceiver:5663 
03-13 17:59:44.175  4205  4205 I AODDataSettings[8.0.6]:AODDataManager: set last notified widget data: ComplicationWidgetsImpl(id=complication_widget:0:SingleDisplay:Portrait:AodOnly:, width=DirectionDimensionImpl(value=0.0, type=WRAP_CONTENT, isHorizontal=true), height=DirectionDimensionImpl(value=0.0, type=WRAP_CONTENT, isHorizontal=false), x=DefaultDimensionImpl(value=0.0, type=PX, isHorizontal=true), y=DirectionDimensionImpl(value=0.0, type=PX, isHorizontal=false), isEnabled=true, widgets=[], widgetListRawData=)
03-13 17:59:44.175  4205  4205 I DataStoreState: setRootSize : 1080.0x2640.0
03-13 17:59:44.175  4205  4205 I FaceWidgetClockRoamManager: shouldShowDualClock() isRoamingClockEnabled=true, isEasyModeEnabled=false, mIsNetworkRoaming=false
03-13 17:59:44.175  4205  4205 I AODThemeSettingsHelper: getAODSelectedThemeClock = 0
03-13 17:59:44.175  4205  4205 I FaceWidgetViewModel: updateIsAODThemeClock: false
03-13 17:59:44.175  4205  4205 D FaceWidgetMusicPageShownManager: mCurrentMediaData is NULL
03-13 17:59:44.175  4205  4205 D FaceWidgetMusicPageShownManager: updateMusicPageShownState() show = false, reattach = false, reason = sleep
03-13 17:59:44.175  4205  4205 D FaceWidgetMusicPageShownManager: skip to show media panel
03-13 17:59:44.175  4205  4205 D DozeServiceHost: updateDozing dozing = false / dozingRequested = false / state = SHADE mode = 0
03-13 17:59:44.175  4205  4205 D LockscreenNotificationIconsOnlyController: mWakefulnessObserver onStartedGoingToSleep 
03-13 17:59:44.175  4205  4205 D S.S.N.  :  onStartedGoingToSleep
03-13 17:59:44.175  4205  4205 I CentralSurfaces: updateRevealEffect: wakingUp=false wakingUpFromPowerButton=false sleepingFromPowerButton=false wakingUpFromDoubleTap=false sleepingFromDoubleTap=false
03-13 17:59:44.175  4205  4205 D QuickPanelLog: NPVC | setTouchAndAnimationDisabled: false -> true
03-13 17:59:44.175  4205  4205 D QuickPanelLog:  - com.android.systemui.shade.NotificationPanelViewController.setTouchAndAnimationDisabled:30
03-13 17:59:44.175  4205  4205 D QuickPanelLog:  - com.android.systemui.statusbar.phone.CentralSurfacesImpl.updateNotificationPanelTouchState:91
03-13 17:59:44.175  4205  4205 D QuickPanelLog:  - com.android.systemui.statusbar.phone.CentralSurfacesImpl$9.onStartedGoingToSleep:17
03-13 17:59:44.175  4205  4205 D QuickPanelLog:  - com.android.systemui.keyguard.WakefulnessLifecycle$$ExternalSyntheticLambda0.accept:8
03-13 17:59:44.175  4205  4205 D QuickPanelLog:  - com.android.systemui.keyguard.SecLifecycle.dispatch:170
03-13 17:59:44.175  4205  4205 D QuickPanelLog:  - com.android.systemui.keyguard.KeyguardLifecyclesDispatcher$KeyguardLifecycleHandler.handleMessage:145
03-13 17:59:44.175  4205  4205 D QuickPanelLog:  - android.os.Handler.dispatchMessage:110
03-13 17:59:44.175  4205  4205 D QuickPanelLog:  - android.os.Looper.loopOnce:273
03-13 17:59:44.175  4205  4205 D QuickPanelLog:  - android.os.Looper.loop:363
03-13 17:59:44.175  4205  4205 D QuickPanelLog:  - android.app.ActivityThread.main:10060
03-13 17:59:44.175  4205  4205 D KeyguardEditModeController: onStartedGoingToSleep
03-13 17:59:44.175  4205  4205 D KeyguardEditModeAnimatorController: startCancelAnimation
03-13 17:59:44.175  4205  4205 D KeyguardEditModeAnimatorController: startCancelAnimation : is not keyguard state
03-13 17:59:44.175  4205  4205 D KeyguardEditModeAnimatorController: resetViews
03-13 17:59:44.175  4205  4205 D KeyguardEditModeController: cancel() true
03-13 17:59:44.175  4205  4205 I SubLauncher:SubLauncherPluginImpl@102487053: onStartedGoingToSleep
03-13 17:59:44.175  4205  4205 I SubLauncher:SubLauncherStateManager@232606011: setScreenOff: screenOn=true -> false
03-13 17:59:44.176  4205  4205 I SubLauncher:SubLauncherSeamlessAOD@129222420: onStartedGoingToSleepOnCover
03-13 17:59:44.176  4832 31739 I HoneySpace.SystemUiRepository: systemUiFlags: overview_disabled|home_disabled|navbar_hidden|allow_gesture|back_disabled|wakefulness_transition
03-13 17:59:44.176  4205  4205 D PluginAODManager: shouldControlScreenOff() : false
03-13 17:59:44.176  4205  4205 I SubLauncher:SubLauncherStateManager@232606011: setAODVisibleState: INITIALIZED -> INVISIBLE
03-13 17:59:44.176  4205  4205 I SubLauncher:SubScreenCallbackRepositoryImpl@195824573: setAODVisibleState: state=INVISIBLE
03-13 17:59:44.176  4205  4205 D KeyguardWallpaperController: setAODVisibleState: state=0
03-13 17:59:44.176  2053  2958 D BufferPoolAccessor2.0: Destruction - bufferpool2 0xb400006f37a3e178 cached: 0/0M, 0/0% in use; allocs: 9, 0% recycled; transfers: 0, 0% unfetched
03-13 17:59:44.176  4205  4205 I SubLauncher:SubLauncherNowBarController@192055129: isExpandedCardState false -> false
03-13 17:59:44.176  4205  4205 I SubLauncher:SubLauncherStateManager@232606011: setNowBarCardClicked: false -> false
03-13 17:59:44.176  4205  4205 I SubLauncher:SubLauncherNowBarExternalViewCardView@18545596: closeSettingViewIfNeeded isSettingViewOpened false noAnimation false
03-13 17:59:44.176  4205  4205 I SubLauncher:SubLauncherNowBarController@192055129: onSettingViewVisibilityChanged visible = false / isExpandedCardState = false
03-13 17:59:44.176  4205  4205 I SubLauncher:SubLauncherStateManager@232606011: setNowBarSettingsViewVisibility: false -> false
03-13 17:59:44.176  4205  4205 I SubLauncher:SubLauncherNowBarController@192055129: updateExpandedClickPanelVisibility expanded false isTopCardSettingViewOpened = false
03-13 17:59:44.176  4205  4205 I SubLauncher:SubLauncherNowBarCardStackView@249169805: updateCardVisibilityBySettingView isExpandedCardState = false  / settingViewOpened false isExpandVIStarted false
03-13 17:59:44.176  4205  4205 I SubLauncherNowBarCardStackView: startAiCardEffect needToHide = true
03-13 17:59:44.176  4205  4205 I NowBarGuidingEffect: hide effectLeftShortCut null effectNowBarCenterView null effectRightShortCut null centerCardView null
03-13 17:59:44.176  4205  4205 I SubLauncher:SubLauncherNowBarCardStackView@249169805: updateVisibilityForExpandedDepthOrder false
03-13 17:59:44.176  4205  4205 I SubLauncher:SubLauncherNowBarController@192055129: focusIndex 1 defaultIndex 1 
03-13 17:59:44.176  4205  4205 I SubLauncher:SubLauncherNowBarViewModel@69805067: needToStartStandAloneChargingVI chargingVICardItem = null screenOn = false isActivityResumed = false isDefaultPage = true isAODShowState = false isFolderClosed = true
03-13 17:59:44.176  4205  4205 I SubLauncher:SubLauncherNowBarViewModel@69805067: startStandAloneChargingVINowBar start = false
03-13 17:59:44.176  4205  4205 I SubLauncher:SubLauncherNowBarViewModel@69805067: detachNowBarFromTopWindow null
03-13 17:59:44.176  4205  4205 D SubscreenFlashLightController: onStartedGoingToSleep 13
03-13 17:59:44.176  4205  4205 I KeyguardTransitionRepository: STARTED transition: TransitionStep(from=GONE, to=DOZING, value=0.0, transitionState=STARTED, ownerName=FromGoneTransitionInteractor(Sleep transition triggered))
03-13 17:59:44.176  2053  2958 I QC2Comp : [hvcD_590] NOTE: Release returning: 0 (OK=0)
03-13 17:59:44.176  4205  4205 D SecTabletHorizontalPanelPositionHelper: foldState: UNFOLD -> FOLD
03-13 17:59:44.176  4205  4205 D SecTabletHorizontalPanelPositionHelper: setHorizontalPanelTranslation(0.0), force : true
03-13 17:59:44.176  4205  4205 E SecQSPanelResourcePickHelper: need to prepare suitable picker for COVER
03-13 17:59:44.176  4205  4205 I LockscreenNotificationIconsOnlyController: onNotificationInfoUpdated 0
03-13 17:59:44.176  4205  4205 I AODNotificationManager: subLauncherUpdateNotification() 
03-13 17:59:44.177  4205  4205 D PluginAODManager: onNotificationInfoUpdated() 0
03-13 17:59:44.177  4205  4205 I AODNotificationManager: updateVisibleNotifications: 0
03-13 17:59:44.177  4832  4895 I HoneySpace.TaskbarEventTracker: invokeEvent() called with: event = SystemUiStateChanged(stateFlags=541196674)
03-13 17:59:44.177  3003  4966 I BiometricContextProvider: onDisplayStateChanged: DISPLAY_STATE_NO_UI
03-13 17:59:44.177  2053  2958 I QC2Comp : [hvcD_590] KPI_L1: release: ms=15
03-13 17:59:44.177  2053  2958 I FRCFilterPlugin: release entry
03-13 17:59:44.177  2053  2958 I FRCFilterPlugin: shutDownMpp entry
03-13 17:59:44.177  2053  2958 I FRCFilterPlugin: shutDownMpp exit
03-13 17:59:44.177  2053  2958 I FRCFilterPlugin: cleanUpResources entry
03-13 17:59:44.177  2053  2958 I FRCFilterPlugin: cleanUpResources exit
03-13 17:59:44.177  2053  2958 I FRCFilterPlugin: release exit
03-13 17:59:44.177  4360 24697 I CCodec  : [c2.qti.hevc.decoder] state->set(RELEASED)
03-13 17:59:44.178  4360 24668 I Codec2Client: Component destructing
03-13 17:59:44.178  4360 24667 I MediaCodec: Codec shutdown complete
03-13 17:59:44.178  2496  1167 I ResourceManagerService: removeResourceInfo pid 4360, removed 2851200 (width 1080 height 2640), remained hw codec count 0
03-13 17:59:44.178  4360 24668 I hw-BpHwBinder: onLastStrongRef automatically unlinking death recipients
03-13 17:59:44.178  2053  2958 I hw-BpHwBinder: onLastStrongRef automatically unlinking death recipients
03-13 17:59:44.178  2053  2958 I vendor.qti.media.c2@1.0-service: HDRToneMappingFilter DTOR
03-13 17:59:44.179  2053  2958 I vendor.qti.media.c2@1.0-service: AIFRCFilter DTOR
03-13 17:59:44.179  2053  2958 I QC2CompStore: Deleting component(c2.qti.hevc.decoder) id(590)
03-13 17:59:44.179  6380  6380 I SemMediaResourceHelper: onRemove
03-13 17:59:44.179  2053  2958 I QC2CompStore: removeIdFromList remove Id[590] from list
03-13 17:59:44.179  2053  2958 I StatsHandler: [hvcD_590] Stats: Pending(0) i/p-done(0) Works: Q: 2/Done 3|Work-Rate: Q(16.5/s Avg=16.5/s) Done(24.776/s Avg=24.776/s)| Stream: 30.00fps 0.0Kbps
03-13 17:59:44.179  2053  2958 I StatsHandler: [hvcD_590] Mem-usage:  [In-1D: 2 bufs 16.000 MB] [1D-4891: 9 bufs 0.141 MB] [2D-4892: 8 bufs 47.031 MB] | Total: 63.172 MB
03-13 17:59:44.179  2053  2958 I QC2Comp : [c2.qti.hevc.decoder] KPI_L1: Total component latency: ms=121
03-13 17:59:44.180  4360  4776 I CCodecBufferChannel: CCodecBufferChannel destructing c2.qti.hevc.decoder#187
03-13 17:59:44.180  4607 10729 D NxpGenExtn: vendor_nfc_handle_event Enter eventCode:12
03-13 17:59:44.180  4607 10729 D NxpGenExtn: handleVendorNciRspNtf Enter dataLen:5
03-13 17:59:44.180  4607 10729 D NxpPropExtn: phNxpProp_HandleVendorNciRspNtf PropExtensionController Enter dataLen:5
03-13 17:59:44.180  4607 10729 D NxpPropExtn: handleVendorNciRspNtf Enter dataLen:5
03-13 17:59:44.180  4607 10729 D NxpGenExtn: stopWriteRspTimer Enter cmdGid:0, cmdOid:2, rspGid:0, rspOid:2,
03-13 17:59:44.180  4607 10729 D NxpGenExtn: DefaultEventHandler::handleVendorNciRspNtf Enter dataLen:5
03-13 17:59:44.180  4607 10729 D NxpGenExtn: phNxpExtn_HandleVendorNciRspNtf prop status:81
03-13 17:59:44.180  4607 10729 D NxpGenExtn: NfcExtensionController::handleVendorNciRspNtf Enter dataLen:5
03-13 17:59:44.180  4607 10729 D NxpGenExtn: DefaultEventHandler::handleVendorNciRspNtf Enter dataLen:5
03-13 17:59:44.180  4607 10729 D NxpGenExtn: phNxpExtn_HandleVendorNciRspNtf gen status:81
03-13 17:59:44.180  4360 24667 I CCodec  : state->set(ALLOCATING)
03-13 17:59:44.180  4607  4986 D libnfc_nci: nfaDeviceManagementCallback: enter; event=0x2
03-13 17:59:44.180  4360 24668 I CCodec  : allocate(c2.qti.hevc.decoder)
03-13 17:59:44.180  4607  4986 D libnfc_nci: nfaDeviceManagementCallback: NFA_DM_SET_CONFIG_EVT
03-13 17:59:44.180  4205  4205 I AppIconSolution: return adaptive icon for com.sec.android.daemonapp, isNight = true
03-13 17:59:44.181  4607  4986 D NxpGenExtn: vendor_nfc_handle_event Enter eventCode:11
03-13 17:59:44.181  4607  4986 D NxpGenExtn: phNxpExtn_HandleVendorNciMsg Not vendor specific command!!
03-13 17:59:44.181  4607  4986 I NxpGenExtn: phNxpExtn_Write NCI datalen:4
03-13 17:59:44.181  4607  4986 I NxpGenExtn: processExtnWrite Enter dataLen:4
03-13 17:59:44.181  4607  4986 I NxpPropExtn: phNxpProp_ProcessExtnWrite PropExtensionController Enter dataLen:4
03-13 17:59:44.181  4607  4986 I NxpPropExtn: processExtnWrite Enter
03-13 17:59:44.181  4607  4986 D NxpPropExtn: NciStateMonitor processExtnWrite Enter
03-13 17:59:44.181  4607  4986 D NxpPropExtn: processExtnWrite Enter current screen state is:1,nciNtf.back():1
03-13 17:59:44.181  4607  4986 D NxpPropExtn: resendRequired, resend required
03-13 17:59:44.181  4607  4986 D NxpGenExtn: write Enter wLength:4
03-13 17:59:44.181  4607  4986 D NxpGenExtn: palenQueueWrite Enter wLength:4
03-13 17:59:44.181  4607 24704 D NxpGenExtn: enQueueWriteInternal Enter wLength:4
03-13 17:59:44.181  2439  2439 I android.hardware.nfc-service.nxp: write
03-13 17:59:44.182  4360 24668 I CCodec  : setting up 'default' as default (vendor) store
03-13 17:59:44.182  2053  2950 I QC2CompStore: addIdToList add Id[591] to list
03-13 17:59:44.182  2053  2950 I vendor.qti.media.c2@1.0-service: missing struct descriptor #Param::CoreIndex(--002) for field mastering of struct #Param::CoreIndex(--180a)
03-13 17:59:44.182  2053  2950 I vendor.qti.media.c2@1.0-service: missing struct descriptor #Param::CoreIndex(-V8002) for field portConfigs of struct #Param::CoreIndex(FV19100)
03-13 17:59:44.182  2053  2950 I vendor.qti.media.c2@1.0-service: missing struct descriptor #Param::CoreIndex(-V8002) for field portConfigs of struct #Param::CoreIndex(FV1a100)
03-13 17:59:44.182  2053  2950 I vendor.qti.media.c2@1.0-service: missing struct descriptor #Param::CoreIndex(-V8002) for field portConfigs of struct #Param::CoreIndex(FV19100)
03-13 17:59:44.182  2053  2950 I vendor.qti.media.c2@1.0-service: missing struct descriptor #Param::CoreIndex(-V8002) for field portConfigs of struct #Param::CoreIndex(FV1a100)
03-13 17:59:44.183  2053  2950 I QC2Comp : [cmphvcD_591] KPI_L1: init: ms=0
03-13 17:59:44.183  2053  2950 I QC2Comp : [c2.qti.hevc.decoder] KPI_L1: Create: ms=0
03-13 17:59:44.183  2053  2950 I QC2CompStore: Created component(c2.qti.hevc.decoder) id(591) sStore[0xb400006dc7a29970]
03-13 17:59:44.183  2053  2950 I vendor.qti.media.c2@1.0-service: missing struct descriptor #Param::CoreIndex(--002) for field mastering of struct #Param::CoreIndex(--180a)
03-13 17:59:44.183  2053  2950 I vendor.qti.media.c2@1.0-service: missing struct descriptor #Param::CoreIndex(--002) for field mastering of struct #Param::CoreIndex(--180a)
03-13 17:59:44.183  2053  2950 I vendor.qti.media.c2@1.0-service: VendorExternalAIFRCRequestSetter set to 0 0
03-13 17:59:44.183  2053  2950 I vendor.qti.media.c2@1.0-service: StrictValueWithNoDeps is called old.v.value is 2141391876 me.v.value is 2141391876
03-13 17:59:44.183  2053  2950 I vendor.qti.media.c2@1.0-service: StrictValueWithNoDeps is called old.v.value is 30 me.v.value is 30
03-13 17:59:44.183  2053  2950 I vendor.qti.media.c2@1.0-service: missing struct descriptor #Param::CoreIndex(--002) for field mastering of struct #Param::CoreIndex(--180a)
03-13 17:59:44.183  2053  2950 I vendor.qti.media.c2@1.0-service: missing struct descriptor #Param::CoreIndex(--002) for field mastering of struct #Param::CoreIndex(--180a)
03-13 17:59:44.183  2053  2950 I vendor.qti.media.c2@1.0-service: C2StreamVendorRenderEngineHDRToneMapRequestInfoset to 0
03-13 17:59:44.183  2053  2950 W QC2Interface: [hvcD_591] Failed to query parameters
03-13 17:59:44.183  2053  2950 I vendor.qti.media.c2@1.0-service: StrictValueWithNoDeps is called old.v.value is 2141391876 me.v.value is 0
03-13 17:59:44.183  2053  2950 I vendor.qti.media.c2@1.0-service: StrictValueWithNoDeps is called old.v.value is 30 me.v.value is 1
03-13 17:59:44.183  2053  2950 I vendor.qti.media.c2@1.0-service: [FRC-IsFilteringEnabled] entry
03-13 17:59:44.183  2053  2950 I vendor.qti.media.c2@1.0-service: [FRC-IsFilteringEnabled] frcReqInfo.value is 0
03-13 17:59:44.183  4607 10729 D NxpGenExtn: vendor_nfc_handle_event Enter eventCode:12
03-13 17:59:44.183  4607 10729 D NxpGenExtn: handleVendorNciRspNtf Enter dataLen:4
03-13 17:59:44.183  4607 10729 D NxpPropExtn: phNxpProp_HandleVendorNciRspNtf PropExtensionController Enter dataLen:4
03-13 17:59:44.183  4607 10729 D NxpPropExtn: handleVendorNciRspNtf Enter dataLen:4
03-13 17:59:44.183  4607 10729 D NxpGenExtn: stopWriteRspTimer Enter cmdGid:0, cmdOid:9, rspGid:0, rspOid:9,
03-13 17:59:44.183  4607 10729 D NxpPropExtn: NciStateMonitor handleVendorNciRspNtf Enter chiptype:14,mScreenState:1,nfcRfState:1
03-13 17:59:44.183  4607 10729 D NxpGenExtn: DefaultEventHandler::handleVendorNciRspNtf Enter dataLen:4
03-13 17:59:44.183  4607 10729 D NxpGenExtn: phNxpExtn_HandleVendorNciRspNtf prop status:81
03-13 17:59:44.183  4607 10729 D NxpGenExtn: NfcExtensionController::handleVendorNciRspNtf Enter dataLen:4
03-13 17:59:44.183  4607 10729 D NxpGenExtn: DefaultEventHandler::handleVendorNciRspNtf Enter dataLen:4
03-13 17:59:44.183  4607 10729 D NxpGenExtn: phNxpExtn_HandleVendorNciRspNtf gen status:81
03-13 17:59:44.183  4607  4986 D libnfc_nci: nfaDeviceManagementCallback: enter; event=0xB
03-13 17:59:44.183  4607  4986 D libnfc_nci: nfaDeviceManagementCallback: NFA_DM_SET_POWER_SUB_STATE_EVT; status=0x0
03-13 17:59:44.185  4360 24668 I CCodec  : Created component [c2.qti.hevc.decoder] for [c2.qti.hevc.decoder]
03-13 17:59:44.185  4360 24668 I CCodec  : [c2.qti.hevc.decoder] state->set(ALLOCATED)
03-13 17:59:44.185  2053  6835 W QC2Interface: [hvcD_591] Failed to query parameters
03-13 17:59:44.185  4205  4205 I AppIconSolution: return adaptive icon for com.android.vending, isNight = true
03-13 17:59:44.193  4607  4607 D NfcService: handleMessage: MSG_APPLY_SCREEN_STATEOFF_UNLOCKED
03-13 17:59:44.193  4607  4607 D [NFC_SE]SamsungExtension: onLogEventNotified() item:[mCommandApdus: [mResponseApdus: , mCallingApi= 0, mAction= 518, mCallingPId = 0, mRfFieldOnTime= null
03-13 17:59:44.193  4607  4607 D [NFC_SE]NfcOemLogHelper: reportLogEvent = [mCommandApdus: [mResponseApdus: , mCallingApi= 0, mAction= 518, mCallingPId = 0, mRfFieldOnTime= null
03-13 17:59:44.193  2053  2958 W QC2Interface: [hvcD_591] Failed to query parameters
03-13 17:59:44.193  4607  4607 D [NFC_SE]NfcOemLogHelper: try to send FLD_ERROR
03-13 17:59:44.193  4607  4607 D [NFC_SE]NfcOemLogHelper: RF Field is disabled
03-13 17:59:44.193  2053  2958 I vendor.qti.media.c2@1.0-service: StrictValueWithNoDeps is called old.v.value is 2141391876 me.v.value is 0
03-13 17:59:44.193  2053  2958 I vendor.qti.media.c2@1.0-service: [FRC-IsFilteringEnabled] entry
03-13 17:59:44.193  2053  2958 I vendor.qti.media.c2@1.0-service: [FRC-IsFilteringEnabled] frcReqInfo.value is 0
03-13 17:59:44.193  4360 24668 I CCodec  : [c2.qti.hevc.decoder] config->initialize() : 0
03-13 17:59:44.194  2053  2958 W QC2Interface: [hvcD_591] Failed to query parameters
03-13 17:59:44.194  4607  4607 D libnfc_nci: nfcManager_doSetScreenState: state = 1 prevScreenState= 1, discovry_param = 1
03-13 17:59:44.194  4607  4607 D libnfc_nci: nfcManager_doSetScreenState: New screen state is same as previous state. No action taken
03-13 17:59:44.194  4360 24668 I CCodecConfig: query failed after returning 18 values (BAD_INDEX)
03-13 17:59:44.194  4607  4607 D NfcService: handleMessage: MSG_APPLY_SCREEN_STATEOFF_UNLOCKED
03-13 17:59:44.194  4607  4607 D [NFC_SE]SamsungExtension: onLogEventNotified() item:[mCommandApdus: [mResponseApdus: , mCallingApi= 0, mAction= 518, mCallingPId = 0, mRfFieldOnTime= null
03-13 17:59:44.194  4360 24668 W ColorUtils: expected specified color aspects (0:0:0:0)
03-13 17:59:44.194  4607  4607 D [NFC_SE]NfcOemLogHelper: reportLogEvent = [mCommandApdus: [mResponseApdus: , mCallingApi= 0, mAction= 518, mCallingPId = 0, mRfFieldOnTime= null
03-13 17:59:44.194  4607  4607 D [NFC_SE]NfcOemLogHelper: try to send FLD_ERROR
03-13 17:59:44.194  4607  4607 D [NFC_SE]NfcOemLogHelper: RF Field is disabled
03-13 17:59:44.194  4360 24668 I CCodec  : [c2.qti.hevc.decoder] config->queryConfiguration()
03-13 17:59:44.194  4360 24668 I CCodec  : [c2.qti.hevc.decoder] mCallback->onComponentAllocated() IN
03-13 17:59:44.194  4360 24668 I CCodec  : [c2.qti.hevc.decoder] mCallback->onComponentAllocated() OUT
03-13 17:59:44.194  4607  4607 D libnfc_nci: nfcManager_doSetScreenState: state = 1 prevScreenState= 1, discovry_param = 1
03-13 17:59:44.194  4607  4607 D libnfc_nci: nfcManager_doSetScreenState: New screen state is same as previous state. No action taken
03-13 17:59:44.195  4205  4205 I AppIconSolution: return adaptive icon for com.samsung.android.app.smartcapture, isNight = true
03-13 17:59:44.196  4205  4205 D S.S.N.  : updateMainListArray allMap - size : 3, isEmpty: true
03-13 17:59:44.196  4205  4205 D S.S.N.  : updateMainListArray allMap - key : 0|com.sec.android.daemonapp|5|null|10222, com.android.systemui.statusbar.notification.collection.NotificationEntry@e59453c
03-13 17:59:44.196  4205  4205 D S.S.N.  : updateMainListArray allMap - key : 0|com.android.vending|0|0|com.android.vending|g:Aggregate_NormalNotificationSection|10260|0|com.android.vending|g:Aggregate_NormalNotificationSection, com.android.systemui.statusbar.notification.collection.NotificationEntry@9b253be
03-13 17:59:44.196  4205  4205 D S.S.N.  : updateMainListArray allMap child : 0|com.android.vending|-49572251|null|10260
03-13 17:59:44.196  4205  4205 I AppIconSolution: return adaptive icon for com.android.vending, isNight = true
03-13 17:59:44.196  4360 24667 I CCodec  : [c2.qti.hevc.decoder] state->set(RELEASING)
03-13 17:59:44.197  4360 24707 I CCodec  : [release][3409] surface -> component
03-13 17:59:44.197  4360  4360 I SprWallpaper|FoldInteractive: resetFrame : completed=true, elapsed=154
03-13 17:59:44.197  4360  4360 I SprWallpaper|LayoutController_AnimalHeart: onFoldStateChanged: isFolded = true preload = true
03-13 17:59:44.197  2053  2958 W QC2PerfCtrlUtil: QC2PerfLock Empty resource value pair
03-13 17:59:44.197  2053  2958 W QC2Comp : [hvcD_591] Handling stop: Codec is already gone!
03-13 17:59:44.197  4205  4205 D S.S.N.  : updateMainListArray allMap child : 0|com.android.vending|-234430262|null|10260
03-13 17:59:44.197  4360  4360 I SprWallpaper|Physics: createNotchBox : 373.99997 , 668.7 - 392.69998 , 69.299995
03-13 17:59:44.197  4360  4360 I SprWallpaper|LayoutController_AnimalHeart: unfreezeLayout
03-13 17:59:44.197  4360  4360 I SprWallpaper|AnimationController: startAnimation : rsc_bear_52
03-13 17:59:44.197  2053  2958 I QC2Comp : [hvcD_591] NOTE: Release returning: 0 (OK=0)
03-13 17:59:44.197  4205  4205 I AppIconSolution: return adaptive icon for com.android.vending, isNight = true
03-13 17:59:44.197  4360  4360 I SprWallpaper|AnimationController: startAnimation : rsc_heart_07
03-13 17:59:44.197  4360  4360 I SprWallpaper|AnimationController: startAnimation : rsc_dog
03-13 17:59:44.197  4360  4360 I SprWallpaper|AnimationController: startAnimation : rsc_dog
03-13 17:59:44.197  4360  4360 I SprWallpaper|AnimationController: startAnimation : rsc_dog
03-13 17:59:44.197  2053  2958 I QC2Comp : [hvcD_591] KPI_L1: release: ms=0
03-13 17:59:44.197  2053  2958 I FRCFilterPlugin: release entry
03-13 17:59:44.197  2053  2958 I FRCFilterPlugin: shutDownMpp entry
03-13 17:59:44.197  2053  2958 I FRCFilterPlugin: shutDownMpp exit
03-13 17:59:44.197  2053  2958 I FRCFilterPlugin: cleanUpResources entry
03-13 17:59:44.197  2053  2958 I FRCFilterPlugin: cleanUpResources exit
03-13 17:59:44.197  2053  2958 I FRCFilterPlugin: release exit
03-13 17:59:44.197  4360  4360 I SprWallpaper|AnimationController: startAnimation : rsc_bear
03-13 17:59:44.198  4360 24707 I CCodec  : [c2.qti.hevc.decoder] state->set(RELEASED)
03-13 17:59:44.198  4360  4360 I SprWallpaper|AnimationController: startAnimation : rsc_bear_30
03-13 17:59:44.198  4360  4360 I SprWallpaper|AnimationController: startAnimation : rsc_dog
03-13 17:59:44.198  4360  4360 I SprWallpaper|AnimationController: startAnimation : rsc_dog_54
03-13 17:59:44.198  4360  4360 I SprWallpaper|AnimationController: startAnimation : rsc_re_bear_52
03-13 17:59:44.198  4360 24667 I MediaCodec: Codec shutdown complete
03-13 17:59:44.198  4360  4360 I SprWallpaper|AnimationController: startAnimation : rsc_bear
03-13 17:59:44.198  4360 24668 I Codec2Client: Component destructing
03-13 17:59:44.198  4360 24668 I hw-BpHwBinder: onLastStrongRef automatically unlinking death recipients
03-13 17:59:44.198  2053  2958 I hw-BpHwBinder: onLastStrongRef automatically unlinking death recipients
03-13 17:59:44.198  2053  2958 I QC2CompStore: Deleting component(c2.qti.hevc.decoder) id(591)
03-13 17:59:44.198  4360  4360 I SprWallpaper|FoldInteractive: unregisterSensor: mIsSensorRegistered[false]
03-13 17:59:44.198  2053  2958 I QC2CompStore: removeIdFromList remove Id[591] from list
03-13 17:59:44.198  2053  2958 I QC2Comp : [c2.qti.hevc.decoder] KPI_L1: Total component latency: ms=16
03-13 17:59:44.198  4205  4205 D S.S.N.  : updateMainListArray allMap - key : 0|com.samsung.android.app.smartcapture|5755|null|10221, com.android.systemui.statusbar.notification.collection.NotificationEntry@1e3936a
03-13 17:59:44.198  2053  2958 I vendor.qti.media.c2@1.0-service: HDRToneMappingFilter DTOR
03-13 17:59:44.198  4360  4360 I SprWallpaper|LayoutController_AnimalHeart: onCommand: action = android.wallpaper.goingtosleep x = 540 displayState = OFF
03-13 17:59:44.198  2053  2958 I vendor.qti.media.c2@1.0-service: AIFRCFilter DTOR
03-13 17:59:44.199  4360 24667 I CCodecBufferChannel: CCodecBufferChannel destructing c2.qti.hevc.decoder#893
03-13 17:59:44.199  4205  4205 I SubLauncher:SubLauncherCapsuleView@123218506: Capsule onFoldClosed true
03-13 17:59:44.199  4205  4205 I LayoutDataBinder: subLauncherAODFrontScrimAnimState : SUB_LAUNCHER_AOD_FRONT_SCRIM_BLACK
03-13 17:59:44.199  4205  4205 D SubLauncher:SubLauncherPageIndicatorPolicyView@76808005: setAvailable: true
03-13 17:59:44.199  4360  4360 I SprWallpaper|LayoutController_AnimalHeart: onCommand: action = android.wallpaper.aodstate x = 0 displayState = OFF
03-13 17:59:44.199  4205  4205 E SecQSPanelResourcePickHelper: need to prepare suitable picker for COVER
03-13 17:59:44.199  4205  4205 E SecQSPanelResourcePickHelper: need to prepare suitable picker for COVER
03-13 17:59:44.199  4205  4205 E SecQSPanelResourcePickHelper: need to prepare suitable picker for COVER
03-13 17:59:44.199  4205  4205 E SecQSPanelResourcePickHelper: need to prepare suitable picker for COVER
03-13 17:59:44.199  4205  4205 E SecQSPanelResourcePickHelper: need to prepare suitable picker for COVER
03-13 17:59:44.199  4205  4205 E SecQSPanelResourcePickHelper: need to prepare suitable picker for COVER
03-13 17:59:44.200  4205  4205 E SecQSPanelResourcePickHelper: need to prepare suitable picker for COVER
03-13 17:59:44.200  4205  4205 E SecQSPanelResourcePickHelper: need to prepare suitable picker for COVER
03-13 17:59:44.200  4205  4205 W RefactorFlag: New code path expects SceneContainerFlag to be enabled.
03-13 17:59:44.200  2097  2125 E HeatmapThread: ECT Thread time in milliseconds: 1773439184
03-13 17:59:44.201  4205  4205 D NavBarStateManager: NavBarStates(1) supportLargeCoverScreenNavBar: true
03-13 17:59:44.201  4205  4205 D NavBarView: disableBack=true (isBackDismissIme=false, handlingGestures=false, disabledFlagBack=true, isBottomGesture=false, isImeRenderingNavButtons=false)
03-13 17:59:44.201  4205  4205 D NavBarStateManager: NavBarStates(1) supportLargeCoverScreenNavBar: true
03-13 17:59:44.201  4205  4205 D Navbar.Store: handleEvent(0) OnUpdateSysUiStateFlag(noArguments=true) [Module] SamsungNavigationBarView
03-13 17:59:44.201  4205  4205 D Navbar.Store: --[Band]GESTURE_PACK_UPDATE_SYSTEMUI_STATE_FLAG
03-13 17:59:44.201  4205  4205 D Navbar.Store: --[Band] (afterAction) GESTURE_PACK_UPDATE_SYSTEMUI_STATE_FLAG
03-13 17:59:44.201  4205  4205 D NavBarStateManager: NavBarStates(1) supportLargeCoverScreenNavBar: true
03-13 17:59:44.201  4205  4205 D NavBarView: disableBack=true (isBackDismissIme=false, handlingGestures=false, disabledFlagBack=true, isBottomGesture=false, isImeRenderingNavButtons=false)
03-13 17:59:44.201  4205  4205 D NavBarStateManager: NavBarStates(1) supportLargeCoverScreenNavBar: true
03-13 17:59:44.201  4205  4205 D Navbar.Store: handleEvent(0) OnUpdateSysUiStateFlag(noArguments=true) [Module] SamsungNavigationBarView
03-13 17:59:44.201  4205  4205 D Navbar.Store: --[Band]GESTURE_PACK_UPDATE_SYSTEMUI_STATE_FLAG
03-13 17:59:44.201  4205  4205 D Navbar.Store: --[Band] (afterAction) GESTURE_PACK_UPDATE_SYSTEMUI_STATE_FLAG
03-13 17:59:44.201  4205  4205 D NavigationModeController: getCurrentInteractionMode: mode=0 contextUser=0
03-13 17:59:44.201  4205  4205 D Navbar.Store: handleEvent(1) OnNavBarAttachedToWindow(navigationBarView=com.android.systemui.navigationbar.views.SamsungNavigationBarView{c76b3d6 G.E...... ......ID 0,0-0,0 #7f0a0847 app:id/navigation_bar_view}, navbarTransitions=com.android.systemui.navigationbar.views.NavigationBarTransitions@6d9f657) [Module] SamsungNavigationBarView
03-13 17:59:44.201  4205  4205 D Navbar.Store: --[Band]STABLE_LAYOUT_PACK_NAVBAR_ATTACHED_TO_WINDOW
03-13 17:59:44.201  4205  4205 D Navbar.Store: ----apply(1) NavBarStoreAction$ReinflateNavBar
03-13 17:59:44.201  4205  4205 D Navbar.Store: ----handleEvent(1) GetInflateLayoutID(vertical=false) [Module] SamsungNavigationBarInflaterView
03-13 17:59:44.201  4205  4205 D Navbar.Store: ------[Band]STABLE_LAYOUT_PACK_GET_INFLATE_LAYOUT_ID
03-13 17:59:44.201  4205  4205 D NavBarStateManager: NavBarStates(1) getLayoutID(vertical: false): 2131559285
03-13 17:59:44.201  4205  4205 D Navbar.Store: ----handleEvent(1) value= 2131559285
03-13 17:59:44.202  4205  4205 D Navbar.Store: ----handleEvent(1) GetInflateLayoutID(vertical=true) [Module] SamsungNavigationBarInflaterView
03-13 17:59:44.202  4205  4205 D Navbar.Store: ------[Band]STABLE_LAYOUT_PACK_GET_INFLATE_LAYOUT_ID
03-13 17:59:44.202  4205  4205 D NavBarStateManager: NavBarStates(1) getLayoutID(vertical: true): 2131559287
03-13 17:59:44.202  4205  4205 D Navbar.Store: ----handleEvent(1) value= 2131559287
03-13 17:59:44.202  4205  4205 D Navbar.Store: ----handleEvent(1) GetDefaultLayout(noArguments=true) [Module] SamsungNavigationBarInflaterView
03-13 17:59:44.202  4205  4205 D Navbar.Store: ------[Band]STABLE_LAYOUT_PACK_GET_DEFAULT_LAYOUT
03-13 17:59:44.202  4205  4205 D NavBarStateManager: NavBarStates(1) getDefaultLayout: space,home,gap,back,space;;
03-13 17:59:44.202  4205  4205 D Navbar.Store: ----handleEvent(1) value= space,home,gap,back,space;;
03-13 17:59:44.202  4205  4205 D Navbar.Store: ----handleEvent(1) GetInflateButtonWidth(buttonSpec=space, landscape=false) [Module] SamsungNavigationBarInflaterView
03-13 17:59:44.202  4205  4205 D Navbar.Store: ------[Band]STABLE_LAYOUT_PACK_INFLATE_NAVBAR
03-13 17:59:44.202  4205  4205 D NavBarStateManager: NavBarStates(1) getSpaceWidth(land: false): 64
03-13 17:59:44.202  4205  4205 D Navbar.Store: ----handleEvent(1) value= 64
03-13 17:59:44.202  4205  4205 D Navbar.Store: ----handleEvent(1) GetInflateButtonWidth(buttonSpec=home, landscape=false) [Module] SamsungNavigationBarInflaterView
03-13 17:59:44.202  4205  4205 D Navbar.Store: ------[Band]STABLE_LAYOUT_PACK_INFLATE_NAVBAR
03-13 17:59:44.202  4205  4205 D NavBarStateManager: NavBarStates(1) getButtonWidth(land: false): 102
03-13 17:59:44.202  4205  4205 D Navbar.Store: ----handleEvent(1) value= 102
03-13 17:59:44.202  4205  4205 D Navbar.Store: ----handleEvent(1) GetInflateButtonWidth(buttonSpec=gap, landscape=false) [Module] SamsungNavigationBarInflaterView
