03-13 17:52:13.496  4832  1725 I HoneySpace.ExtraDisplaySource: ExtraDisplayInfo(rotation=0, displayId=1, displaySize=Point(748, 720), displayCutout=DisplayCutout{insets=Rect(0, 0 - 0, 66) waterfall=Insets{left=0, top=0, right=0, bottom=0} boundingRect={Bounds=[Rect(0, 0 - 0, 0), Rect(0, 0 - 0, 0), Rect(0, 0 - 0, 0), Rect(379, 654 - 748, 720)]} cutoutPathParserInfo={CutoutPathParserInfo{displayWidth=748 displayHeight=720 physicalDisplayWidth=748 physicalDisplayHeight=720 density={2.125} cutoutSpec={@bottom @right M 0,0 H -173.6470588235294 V -31.05882352941176 H 0 V 0 Z @dp} rotation={0} scale={1.0} physicalPixelDisplaySizeRatio={1.0}}} sideOverrides={}}, foldState=0)
03-13 17:52:13.496  4832  1725 I HoneySpace.DeviceStateUseCase: changed: THREE_BUTTON, 144, true, false, DisplayInfo(rotation=0, displayId=0, displaySize=Point(1080, 2640), displayCutout=DisplayCutout{insets=Rect(0, 94 - 0, 0) waterfall=Insets{left=0, top=0, right=0, bottom=0} boundingRect={Bounds=[Rect(0, 0 - 0, 0), Rect(505, 0 - 576, 94), Rect(0, 0 - 0, 0), Rect(0, 0 - 0, 0)]} cutoutPathParserInfo={CutoutPathParserInfo{displayWidth=1080 displayHeight=2640 physicalDisplayWidth=1080 physicalDisplayHeight=2640 density={3.0} cutoutSpec={M 0,0 H -11.83333333333333 V 31.33333333333333 H 11.83333333333333 V 0 H 0 Z @dp} rotation={0} scale={1.0} physicalPixelDisplaySizeRatio={1.0}}} sideOverrides={}}, isNavCanMove=true, isTablet=false), ExtraDisplayInfo(rotation=0, displayId=1, displaySize=Point(748, 720), displayCutout=DisplayCutout{insets=Rect(0, 0 - 0, 66) waterfall=Insets{left=0, top=0, right=0, bottom=0} boundingRect={Bounds=[Rect(0, 0 - 0, 0), Rect(0, 0 - 0, 0), Rect(0, 0 - 0, 0), Rect(379, 654 - 748, 720)]} cutoutPathParserInfo={CutoutPathParserInfo{displayWidth=748 displayHeight=720 physicalDisplayWidth=748 physicalDisplayHeight=720 density={2.125} cutoutSpec={@bottom @right M 0,0 H -173.6470588235294 V -31.05882352941176 H 0 V 0 Z @dp} rotation={0} scale={1.0} physicalPixelDisplaySizeRatio={1.0}}} sideOverrides={}}, foldState=0), false
03-13 17:52:13.496  3003  4082 D HdrSolution_HdrDisplayNitMapper: updataTargetNit--------------mLightSensorData: -1.0, scaleRatio: 200.0, target: 1.0->200
03-13 17:52:13.497  3003  3067 D InputManager-JNI: setInteractive(false)
03-13 17:52:13.497  3003  3067 I PowerManagerService: Going to sleep due to device_folded (uid 1000, screenOffTimeout=600000, activityTimeoutWM=-1, maxDimRatio=0.333, maxDimDur=20000)...
03-13 17:52:13.497  3003  3067 D PowerManagerService: displayReady: false groupId=0
03-13 17:52:13.497  3003  3067 D PowerManagerService: Setting HAL interactive mode to false
03-13 17:52:13.497  3003  3681 V InputMethodManagerService: IME window vis: 0 active: 0 visible: 0 displayId: 0
03-13 17:52:13.497  3003  3681 D InputMethodManagerService: isImeSwitcherDisabledPackage : false
03-13 17:52:13.497  3003  3915 D PocketModeEvent: LID state : 1
03-13 17:52:13.497  3003  3951 D GnssLocationProvider_ex: onLidStateChanged 1
03-13 17:52:13.497  3003  3951 D GnssLocationProvider_ex: sendLidState 3
03-13 17:52:13.497 19717 19717 I HBD     : a [UpdatePolicy] [post] a: 17 cl: 65537 kit: [0/0] vt: 0 ir: 1 
03-13 17:52:13.497 19717 19717 I HBD     : b isFlipCoverDisplayMode - true 
03-13 17:52:13.498  2007  3909 I sensors-hal: qsh_conn_event_cb:890, event[0] sensor:common_info  Wakeup, msg_id=1025, ts=5106034462417
03-13 17:52:13.498  2007  3909 I sensors-hal: handle_sns_client_event:82, common_info_event: msgid:1025
03-13 17:52:13.498  2007  3909 I sensors-hal: handle_sns_client_event:90, common_info: 1019
03-13 17:52:13.498  3003  4923 D KNOX_MDM_SettingsProvider: isChangeAllowed() : name = enabled_input_methods
03-13 17:52:13.498  3003  4923 D KNOX_MDM_SettingsProvider: edmUri: content://com.sec.knox.provider/RestrictionPolicy3
03-13 17:52:13.498  3003  4923 D KNOX_MDM_SettingsProvider: projectionArgs: isSettingsChangesAllowed
03-13 17:52:13.498  3003  4923 D KNOX_MDM_SettingsProvider: selectionArgs: false
03-13 17:52:13.498  3003  4923 D KNOX_MDM_SettingsProvider: selectionArgs: 10202
03-13 17:52:13.498  3003  4923 D SecContentProvider: query(), uri = 17 selection = isSettingsChangesAllowed
03-13 17:52:13.498  3003  4923 D SecContentProvider: called from android.uid.honeyboard:10202
03-13 17:52:13.498  3003  4923 D RestrictionPolicy: isSettingsChangesAllowedAsUser, userId 0 : true
03-13 17:52:13.498  3003  4923 D KNOX_MDM_SettingsProvider: ret = 1
03-13 17:52:13.498  3003  3067 D RestrictionPolicy: isScreenCaptureEnabled : ret=true userId=0
03-13 17:52:13.498  3003  3067 D RestrictionPolicy: isScreenCaptureEnabled : ret=true userId=0
03-13 17:52:13.498  3003  3067 D ScreenCapture: [Capture_TEST] : setIsScreenShotBySystem true
03-13 17:52:13.498  3003  3067 I SurfaceComposerClient: captureLayers:childrenOnly:1, sync:1
03-13 17:52:13.498  3003  4923 D KNOX_MDM_SettingsProvider: isChangeAllowed() : name = default_input_method
03-13 17:52:13.498  3003  4923 D KNOX_MDM_SettingsProvider: edmUri: content://com.sec.knox.provider/RestrictionPolicy3
03-13 17:52:13.498  3003  4923 D KNOX_MDM_SettingsProvider: projectionArgs: isSettingsChangesAllowed
03-13 17:52:13.498  3003  4923 D KNOX_MDM_SettingsProvider: selectionArgs: false
03-13 17:52:13.498  3003  4923 D KNOX_MDM_SettingsProvider: selectionArgs: 10202
03-13 17:52:13.498  3003  4923 D SecContentProvider: query(), uri = 17 selection = isSettingsChangesAllowed
03-13 17:52:13.498  3003  4923 D SecContentProvider: called from android.uid.honeyboard:10202
03-13 17:52:13.498  3003  4923 D RestrictionPolicy: isSettingsChangesAllowedAsUser, userId 0 : true
03-13 17:52:13.498  3003  4923 D KNOX_MDM_SettingsProvider: ret = 1
03-13 17:52:13.498 15873 15873 I GoogleInputMethodService: GoogleInputMethodService.onFinishInput():2114 
03-13 17:52:13.498  2092 10373 D factory.ssc: vendor/qcom/proprietary/adsprpc/src/fastrpc_apps_user.c:4332: exit_thread: nErr:0x8000040d, dom:0, h:0xb400006d90c31bd0
03-13 17:52:13.499  3003  3130 D DisplayPowerController[0]: animateScreenStateChange: target=OFF, mIsEnabled=true
03-13 17:52:13.499 19717 19808 I HBD     : p updated Sub Types. English 
03-13 17:52:13.499 15873 15873 I Module  : DeviceLockedStatusModuleProvider$Module.updateDeviceLockedStatus():103 repeatCheckTimes = 0, locked = false
03-13 17:52:13.499  2007  2007 I sensors-hal: activate:300, com.samsung.sensor.pocket_mode/1692 en=0
03-13 17:52:13.499  2007  2007 I sensors-hal: send_sync_sensor_request:508, send sync request
03-13 17:52:13.499  2007  2007 I sensors-hal: send_sync_sensor_request:518, send_sync_sensor_request before send_request for pocket_mode with SUID low=11039279336981156932 high=1340270623893619472
03-13 17:52:13.499 15873 15873 D InputMethodService: unregisterCompatOnBackInvokedCallback return because registered : false
03-13 17:52:13.499  2007  2007 I sensors-hal: send_sync_sensor_request:537, wait for notification of response
03-13 17:52:13.499  1274  2375 I sscrpcd : vendor/qcom/proprietary/adsprpc/src/apps_std_imp.c:1012: Successfully opened file /mnt/vendor/persist/sensors/registry/fstempfile
03-13 17:52:13.499 19717 10375 I HBD     : h Write selected lang for DE  
03-13 17:52:13.500  2007  3645 I sensors-hal: qsh_conn_resp_cb:930, resp_value = 0 for pocket_mode 
03-13 17:52:13.500  3003  3740 W qdgralloc: getInterlacedFlag: getMetaData returned 3, defaulting to interlaced_flag = 0
03-13 17:52:13.500  4205  4367 D FactoryTest: checkAutomationTestOption() : option=0
03-13 17:52:13.500  4205  4367 D FactoryTest: checkAutomationTestOption() : mode_screenlock=0
03-13 17:52:13.500  2007  2007 I sensors-hal: send_sync_sensor_request:543, takes 0 ms to receive the response with 0
03-13 17:52:13.500  2007  2007 I sensors-hal: activate:330, com.samsung.sensor.pocket_mode/1692 en=0 completed
03-13 17:52:13.500  2092 10374 W factory.ssc: vendor/qcom/proprietary/adsprpc/src/log_config.c:396:Warning: file_watcher_thread received exit for domain 0, file factory.ssc.farf
03-13 17:52:13.500  2092 10374 I factory.ssc: vendor/qcom/proprietary/adsprpc/src/log_config.c:448: file_watcher_thread exiting for domain 0
03-13 17:52:13.500  3003  4002 D BackgroundInstallControlService: Package event received: 0
03-13 17:52:13.501  2105  2922 I SurfaceFlinger: Capture layer list: 	 com.einnovation.temu/com.baogong.home.activity.LauncherActivity$_9370#77820(seamlessTransition:0)
03-13 17:52:13.501  2105  2105 I SurfaceFlinger: RequestedLayer [ColorFade_d0#77825] hidden!! flag  from(1) --> to(0)
03-13 17:52:13.501  2105  2342 D RenderEngine: [SEC_SF_EFFECTS] drawLayersInternal,1483, Rendering layer ScreenCaptureFillLayer at index 0
03-13 17:52:13.501  2105  2342 D RenderEngine: [SEC_SF_EFFECTS] drawLayersInternal,1483, Rendering layer com.einnovation.temu/com.baogong.home.activity.LauncherActivity$_9370#77820 at index 1
03-13 17:52:13.502  5490  5568 I LidStateListener_FLP: onLidStateChanged, whenNanos=85322460835000, lidState=1
03-13 17:52:13.502  4360 10372 I CCodec  : setting up 'default' as default (vendor) store
03-13 17:52:13.503  2053  2958 I QC2CompStore: addIdToList add Id[548] to list
03-13 17:52:13.503  2007  3645 I sensors-hal: qsh_conn_event_cb:890, event[0] sensor:Device Common Info  Wakeup, msg_id=1025, ts=5106034737222
03-13 17:52:13.503  2007  3645 I sensors-hal: handle_sns_client_event:65, device_common_info_event: t:3, f:0, s:1, h:1
03-13 17:52:13.503  2105  2105 D SurfaceFlinger: Display 4630946564756762243 HWC layers:
03-13 17:52:13.503  2105  2105 D SurfaceFlinger:   SOLID_COLOR |                        0 | 00000000 | N/A          |    0.0    0.0    0.0    0.0 |    0    0 1080 2640 | ColorFade_d0#77825 (0)
03-13 17:52:13.503  2105  2105 D SurfaceFlinger: 
03-13 17:52:13.503  2105  2858 D SurfaceFlinger: [input] setFocusedWindow: <null>
03-13 17:52:13.504  2053  2958 I vendor.qti.media.c2@1.0-service: missing struct descriptor #Param::CoreIndex(--002) for field mastering of struct #Param::CoreIndex(--180a)
03-13 17:52:13.504  2053  2958 I vendor.qti.media.c2@1.0-service: missing struct descriptor #Param::CoreIndex(-V8002) for field portConfigs of struct #Param::CoreIndex(FV19100)
03-13 17:52:13.504  2053  2958 I vendor.qti.media.c2@1.0-service: missing struct descriptor #Param::CoreIndex(-V8002) for field portConfigs of struct #Param::CoreIndex(FV1a100)
03-13 17:52:13.504  2053  2958 I vendor.qti.media.c2@1.0-service: missing struct descriptor #Param::CoreIndex(-V8002) for field portConfigs of struct #Param::CoreIndex(FV19100)
03-13 17:52:13.504  2053  2958 I vendor.qti.media.c2@1.0-service: missing struct descriptor #Param::CoreIndex(-V8002) for field portConfigs of struct #Param::CoreIndex(FV1a100)
03-13 17:52:13.504  2053  2958 I QC2Comp : [cmphvcD_548] KPI_L1: init: ms=0
03-13 17:52:13.504  2053  2958 I QC2Comp : [c2.qti.hevc.decoder] KPI_L1: Create: ms=1
03-13 17:52:13.504  2053  2958 I QC2CompStore: Created component(c2.qti.hevc.decoder) id(548) sStore[0xb400006dc7a29970]
03-13 17:52:13.504  2053  2958 I vendor.qti.media.c2@1.0-service: missing struct descriptor #Param::CoreIndex(--002) for field mastering of struct #Param::CoreIndex(--180a)
03-13 17:52:13.504  2053  2958 I vendor.qti.media.c2@1.0-service: missing struct descriptor #Param::CoreIndex(--002) for field mastering of struct #Param::CoreIndex(--180a)
03-13 17:52:13.504  2053  2958 I vendor.qti.media.c2@1.0-service: VendorExternalAIFRCRequestSetter set to 0 0
03-13 17:52:13.505  2053  2958 I vendor.qti.media.c2@1.0-service: StrictValueWithNoDeps is called old.v.value is 2141391876 me.v.value is 2141391876
03-13 17:52:13.505  2053  2958 I vendor.qti.media.c2@1.0-service: StrictValueWithNoDeps is called old.v.value is 30 me.v.value is 30
03-13 17:52:13.505  2053  2958 I vendor.qti.media.c2@1.0-service: missing struct descriptor #Param::CoreIndex(--002) for field mastering of struct #Param::CoreIndex(--180a)
03-13 17:52:13.505  2053  2958 I vendor.qti.media.c2@1.0-service: missing struct descriptor #Param::CoreIndex(--002) for field mastering of struct #Param::CoreIndex(--180a)
03-13 17:52:13.505  2053  2958 I vendor.qti.media.c2@1.0-service: C2StreamVendorRenderEngineHDRToneMapRequestInfoset to 0
03-13 17:52:13.505  2053  2958 W QC2Interface: [hvcD_548] Failed to query parameters
03-13 17:52:13.505  2053  2958 I vendor.qti.media.c2@1.0-service: StrictValueWithNoDeps is called old.v.value is 2141391876 me.v.value is 0
03-13 17:52:13.505  2053  2958 I vendor.qti.media.c2@1.0-service: StrictValueWithNoDeps is called old.v.value is 30 me.v.value is 1
03-13 17:52:13.505  2053  2958 I vendor.qti.media.c2@1.0-service: [FRC-IsFilteringEnabled] entry
03-13 17:52:13.505  2053  2958 I vendor.qti.media.c2@1.0-service: [FRC-IsFilteringEnabled] frcReqInfo.value is 0
03-13 17:52:13.506  1274  2375 I sscrpcd : vendor/qcom/proprietary/adsprpc/src/apps_std_imp.c:1012: Successfully opened file /mnt/vendor/persist/sensors/registry/fstempfile
03-13 17:52:13.506  3003  3130 I DisplayPowerController[0]: BrightnessEvent: brt=0.32941177 (79.0%), nits= 118.804, lux=180.0, reason=automatic, strat=AutomaticBrightnessStrategy, state=ON, stateReason=DEFAULT_POLICY, policy=OFF, flags=, initBrt=0.32941177, rcmdBrt=0.32941177, preBrt=NaN, preLux=173.0, wasShortTermModelActive=false, autoBrightness=true (default), unclampedBrt=0.32941177, hbmMax=1.0, hbmMode=off, thrmMax=1.0, rbcStrength=-1, powerFactor=1.0, physDisp=Built-in Screen(local:4630946564756762243), logicalId=0, slowChange=false, rampSpeed=0.0
03-13 17:52:13.506  3003  3951 D GnssLocationProvider_ex: gnssConfigurationUpdateSec
03-13 17:52:13.506  3003  6500 D InputDispatcher: Once focus requested (0): <null>
03-13 17:52:13.506  3003  3130 D DisplayPowerController[1]: animateScreenStateChange: target=OFF, mIsEnabled=false
03-13 17:52:13.506  3003  3067 D RestrictionPolicy: isScreenCaptureEnabled : ret=true userId=0
03-13 17:52:13.506  3003  6500 D InputDispatcher: Focus request (0): <null> but waiting because NO_WINDOW
03-13 17:52:13.506  3003  3067 D RestrictionPolicy: isScreenCaptureEnabled : ret=true userId=0
03-13 17:52:13.506  3003  6500 D InputDispatcher: Focus left window (0): cc6833d com.einnovation.temu/com.baogong.home.activity.LauncherActivity
03-13 17:52:13.506  3003  3130 I DisplayPowerController[1]: BrightnessEvent: brt=0.0 (0.0%), nits= 1.0, lux=-1.0, reason=screen_off, strat=ScreenOffBrightnessStrategy, state=OFF, stateReason=DEFAULT_POLICY, policy=OFF, flags=, initBrt=0.0, rcmdBrt=NaN, preBrt=NaN, preLux=0.0, wasShortTermModelActive=false, autoBrightness=true (default), unclampedBrt=0.0, hbmMax=1.0, hbmMode=off, thrmMax=1.0, rbcStrength=-1, powerFactor=1.0, physDisp=Built-in Screen(local:4630946638498144900), logicalId=1, slowChange=false, rampSpeed=0.0
03-13 17:52:13.506  3003  3067 D DisplayPowerController[0]: [api] WindowManagerPolicy.ScreenOffListener : called onScreenOff()
03-13 17:52:13.507  3003  3067 D RefreshRateModeManager: onBrightnessChanged: brt=0, lux=57.0
03-13 17:52:13.507  3003  3067 D DeviceStatePolicy: updateFoldingSensorListenerLw, foldOpen=false, awake=false, isTableModeEnabled=true, forceOff=false, caller=com.android.server.devicestate.DeviceStateManagerService$OverrideRequestScreenObserver.onAwakeStateChanged:16 com.android.server.wm.ActivityTaskManagerService$$ExternalSyntheticLambda7.run:57 android.os.Handler.handleCallback:995 android.os.Handler.dispatchMessage:103 android.os.Looper.loopOnce:273 android.os.Looper.loop:363 android.os.HandlerThread.run:85 com.android.server.ServiceThread.run:49 <bottom of call stack> <bottom of call stack> 
03-13 17:52:13.507  4205  4423 D KeyguardTransitionRepository: (Internal) Setting current transition info: TransitionInfo(ownerName=FromGoneTransitionInteractor(Sleep transition triggered), from=GONE, to=DOZING, animated)
03-13 17:52:13.508  3003  3915 D SensorManager: unregisterListener :: com.samsung.android.gesture.PocketProximityManager$2@728726e
03-13 17:52:13.508  3003  3915 E PocketProximityManager: unregister pocket sensor
03-13 17:52:13.508  2007  2007 I sensors-hal: set_config:64, no need to adjust sample_period_ns due to reporting_mode = 2
03-13 17:52:13.508  2007  2007 I sensors-hal: batch:363, com.samsung.sensor.pocket_mode/1692, period=200000000, max_latency=0 request completed
03-13 17:52:13.510  3003  3003 I ActivityManager: Changes in 10139 5 to 6, 255 to 239
03-13 17:52:13.512  2005  2005 I qmi_secgps_clnt: SECGPS: AGNSS Config Message
03-13 17:52:13.512  9370  9370 I ImeFocusController: onPreWindowFocus: skipped hasWindowFocus=false mHasImeFocus=true
03-13 17:52:13.512  3003  3130 I DisplayPowerController[0]: Unblocked screen off after 20 ms
03-13 17:52:13.512  3003  3130 D DisplayPowerController[0]: animateScreenStateChange: target=OFF, mIsEnabled=true
03-13 17:52:13.513  9370  9370 I ImeFocusController: onPostWindowFocus: skipped hasWindowFocus=false mHasImeFocus=true
03-13 17:52:13.513  1171  1171 D io_stats: !@   8,0 r 4650435 140474228 w 5894548 118489936 d 484607 132802404 f 250450 559808 iot 2439504 0 th 0 0 0 pt 0 inp 0 0 85322.509
03-13 17:52:13.513 19717 10375 I HBD     : h writeToFile path : /data/user_de/0/com.samsung.android.honeyboard/files/fold_selected.json 
03-13 17:52:13.513 19717 10375 I HBD     : h writeToFile json : {"version":"4.2","currentLanguageOrder":0,"front_selected":[{"activeOptionList":["auto_replace","auto_spacing","writing_assistant","prediction"],"bilingualId":-1,"engName":"English","id":65537,"inputType":"qwerty","isUsed":true}]} 
03-13 17:52:13.514  3003  3130 D DisplayPowerController[0]: mWindowManagerPolicy.screenTurnedOff()
03-13 17:52:13.514  3003  3130 I PhoneWindowManager: Display0 turned off...
03-13 17:52:13.514  3003  3130 D WindowManager: Create SleepToken: tag=Display-off, displayId=0
03-13 17:52:13.514  3003  3130 D ActivityTaskManager: Top Process State changed to PROCESS_STATE_TOP_SLEEPING
03-13 17:52:13.514  2005  2005 D qmi_secgps_clnt: SECGPS: send a qmi message to secgps_server OK
03-13 17:52:13.515  2092  2092 I factory.ssc: vendor/qcom/proprietary/adsprpc/src/mod_table.c:792: open_mod_table_close: closed reverse module apps_std with handle 0xc17f4dd8
03-13 17:52:13.515  4360 10372 I CCodec  : Created component [c2.qti.hevc.decoder] for [c2.qti.hevc.decoder]
03-13 17:52:13.515  4360 10372 I CCodec  : [c2.qti.hevc.decoder] state->set(ALLOCATED)
03-13 17:52:13.515  4205  5031 I KeyguardService: onScreenTurnedOff
03-13 17:52:13.515  3003  3130 D AutomaticBrightnessController: sendAmbientLux(-1.0)
03-13 17:52:13.515  3003  3130 D MdnieScenarioControlService: getVisionBoosterIndex() mAutoBrightnessMode : true , mReduceBrightColorsActivatedEnabled : false , lux : -1
03-13 17:52:13.515  3003  3130 D MdnieScenarioControlService: Vision Booster Index : 0
03-13 17:52:13.517  2092  2092 I factory.ssc: vendor/qcom/proprietary/adsprpc/src/fastrpc_apps_user.c:3408: close_device_node: closed dev 16 on domain 0
03-13 17:52:13.517  2092  2092 I factory.ssc: vendor/qcom/proprietary/adsprpc/src/fastrpc_apps_user.c:3237: domain_deinit: closed device 16 on domain 0 (kill time 2124 us)
03-13 17:52:13.517  2092  2092 I factory.ssc: vendor/qcom/proprietary/adsprpc/src/fastrpc_apps_user.c:1758: remote_handle64_close: closed handle 0xb400006d90c31bd0 remote handle 0x0, num of open handles: 0
03-13 17:52:13.517  2092  2092 I SSC_DAEMON: handleSensorTestReqMsg:85, Sensor type :15, Msg type:15
03-13 17:52:13.517  2092  2092 I SSC_DAEMON: physicalSensorTestReqMsg:130, s:15, m:15
03-13 17:52:13.519  2053  2958 W QC2Interface: [hvcD_548] Failed to query parameters
03-13 17:52:13.520  9370  9370 W dG.e    : Unexpected activity pause without a matching activity resume. Logging data may be incorrect. Make sure you call activateApp from your Application's onCreate method
03-13 17:52:13.520  3003  3067 I ActivityManager: Changes in 99332 3 to 10, 184 to 128
03-13 17:52:13.520  3003  3067 I ActivityManager: Changes in 10350 2 to 10, 255 to 128
03-13 17:52:13.520  3003  3067 I ActivityManager: Changes in 10114 3 to 10, 184 to 128
03-13 17:52:13.521 19717 10377 I HBD     : a InputMethodSubtype is set as local:en_US 
03-13 17:52:13.522  2007  2007 I sensors-hal: activate:300, com.samsung.sensor.pocket_mode/1692 en=1
03-13 17:52:13.522  2007  2007 I sensors-hal: acquire_qsh_interface:139, acquire_qsh_interface with sensor_id 4 , conn_type 1 
03-13 17:52:13.522  2007  2007 I sensors-hal: acquire_qsh_interface:142, returning _shared_instance[SHARED_ON_CHANGE_WAKEUP].conn - wakeup 
03-13 17:52:13.522  2007  2007 I sensors-hal: acquire_shared_instance:173, re-use existing connection for type 1 
03-13 17:52:13.522  2007  2007 I sensors-hal: register_cb:304, suid(low=11039279336981156932,high=1340270623893619472) is new. register callbacks
03-13 17:52:13.522  2007  2007 I sensors-hal: send_sensor_config_request:645, dt=pocket_mode: convert sample_period=200000000 to batch_period=200000
03-13 17:52:13.522  2007  2007 I sensors-hal: send_sync_sensor_request:508, send sync request
03-13 17:52:13.522  2007  2007 I sensors-hal: send_sync_sensor_request:518, send_sync_sensor_request before send_request for pocket_mode with SUID low=11039279336981156932 high=1340270623893619472
03-13 17:52:13.522  2007  2007 I sensors-hal: send_sync_sensor_request:537, wait for notification of response
03-13 17:52:13.522  2007  3645 I sensors-hal: qsh_conn_resp_cb:930, resp_value = 0 for pocket_mode 
03-13 17:52:13.522  2007  2007 I sensors-hal: send_sync_sensor_request:543, takes 0 ms to receive the response with 0
03-13 17:52:13.522  2007  2007 I sensors-hal: activate:330, com.samsung.sensor.pocket_mode/1692 en=1 completed
03-13 17:52:13.523  3003  3067 D SGM:FgCheckThread: notePauseComponent(), received pkgName: com.einnovation.temu, userId: 0
03-13 17:52:13.523  6103  6103 W ContextImpl: Calling a method in the system process without a qualified user: android.app.ContextImpl.startService:2068 android.content.ContextWrapper.startService:872 android.content.ContextWrapper.startService:872 com.sec.android.diagmonagent.sa.receiver.CFLogReceiver.onReceive:56 android.app.ActivityThread.handleReceiver:5663 
03-13 17:52:13.524  3003  3915 D SensorManager: registerListener :: 1692, Pocket mode  Wakeup, 200000, 0, com.samsung.android.gesture.PocketProximityManager$2@728726e
03-13 17:52:13.524  3003  3915 E PocketProximityManager: register pocket sensor
03-13 17:52:13.524  3003  3915 D PocketModeEvent: MSG_TYPE_REGISTER_POCKET_POSITION_SENSOR
03-13 17:52:13.525  2092  3859 I SSC_DAEMON: virtualOpticFlipStateEvent:29, fstate: 1
03-13 17:52:13.525  2007  2007 I sensors-hal: set_config:64, no need to adjust sample_period_ns due to reporting_mode = 2
03-13 17:52:13.525  2007  2007 I sensors-hal: create_sensor_config_request:85, auto_rotation: type 2
03-13 17:52:13.525  2007  2007 I sensors-hal: send_sensor_config_request:645, dt=auto_rotation: convert sample_period=200000000 to batch_period=200000
03-13 17:52:13.525  2007  2007 I sensors-hal: send_sync_sensor_request:508, send sync request
03-13 17:52:13.525  2007  2007 I sensors-hal: send_sync_sensor_request:518, send_sync_sensor_request before send_request for auto_rotation with SUID low=8603657889541918976 high=1320970896291267344
03-13 17:52:13.525  2007  2007 I sensors-hal: send_sync_sensor_request:537, wait for notification of response
03-13 17:52:13.525  2007 12669 I sensors-hal: qsh_conn_resp_cb:930, resp_value = 0 for auto_rotation 
03-13 17:52:13.526  2007  2007 I sensors-hal: send_sync_sensor_request:543, takes 1 ms to receive the response with 0
03-13 17:52:13.526  2007  2007 I sensors-hal: batch:363, android.sensor.device_orientation/271, period=200000000, max_latency=0 request completed
03-13 17:52:13.527  2007  2007 I sensors-hal: activate:300, com.samsung.sensor.device_common_info/2132 en=0
03-13 17:52:13.527  2007  2007 I sensors-hal: send_sync_sensor_request:508, send sync request
03-13 17:52:13.527  2007  2007 I sensors-hal: send_sync_sensor_request:518, send_sync_sensor_request before send_request for device_common_info with SUID low=3766530206566995508 high=1320970896291267344
03-13 17:52:13.527  2007  2007 I sensors-hal: send_sync_sensor_request:537, wait for notification of response
03-13 17:52:13.527  2007  3645 I sensors-hal: qsh_conn_resp_cb:930, resp_value = 0 for device_common_info 
03-13 17:52:13.527  2007  2007 I sensors-hal: send_sync_sensor_request:543, takes 0 ms to receive the response with 0
03-13 17:52:13.527  2007  2007 I sensors-hal: activate:330, com.samsung.sensor.device_common_info/2132 en=0 completed
03-13 17:52:13.528  3003  3065 D SensorManager: unregisterListener :: com.android.server.wm.WindowOrientationListener$OrientationSensorJudge@783320e
03-13 17:52:13.528 19717 10375 I HBD     : h writeToFile complete 
03-13 17:52:13.529  5915  5959 V OsAgent : broadcastSystemEvent - 7
03-13 17:52:13.529  5915  5959 V OsAgent : broadcastSystemEvent - 7
03-13 17:52:13.529  5915  5959 V OsAgent : broadcastSystemEvent - 7
03-13 17:52:13.530  2452 11702 I CameraService: onUidStateChanged: uid=10259, procState is changed. (3 -> 4)
03-13 17:52:13.530  2007  2007 I sensors-hal: set_config:64, no need to adjust sample_period_ns due to reporting_mode = 2
03-13 17:52:13.530  2007  2007 I sensors-hal: batch:363, com.samsung.sensor.pocket_pos_mode/2622, period=200000000, max_latency=0 request completed
03-13 17:52:13.531  2452 11702 I CameraService: onUidStateChanged: uid=10053, procState is changed. (0 -> 1)
03-13 17:52:13.532  2007  2007 I sensors-hal: activate:300, com.samsung.sensor.pocket_pos_mode/2622 en=1
03-13 17:52:13.532  2007  2007 I sensors-hal: acquire_qsh_interface:139, acquire_qsh_interface with sensor_id 3 , conn_type 1 
03-13 17:52:13.532  2007  2007 I sensors-hal: acquire_qsh_interface:142, returning _shared_instance[SHARED_ON_CHANGE_WAKEUP].conn - wakeup 
03-13 17:52:13.532  2007  2007 I sensors-hal: acquire_shared_instance:173, re-use existing connection for type 1 
03-13 17:52:13.532  2007  2007 I sensors-hal: register_cb:304, suid(low=4779840344920564001,high=1320970896291267344) is new. register callbacks
03-13 17:52:13.532  2007  2007 I sensors-hal: send_sensor_config_request:645, dt=pocket_pos_mode: convert sample_period=200000000 to batch_period=200000
03-13 17:52:13.532  2007  2007 I sensors-hal: send_sync_sensor_request:508, send sync request
03-13 17:52:13.532  2007  2007 I sensors-hal: send_sync_sensor_request:518, send_sync_sensor_request before send_request for pocket_pos_mode with SUID low=4779840344920564001 high=1320970896291267344
03-13 17:52:13.532  2007  2007 I sensors-hal: send_sync_sensor_request:537, wait for notification of response
03-13 17:52:13.532  2007  3645 I sensors-hal: qsh_conn_resp_cb:930, resp_value = 0 for pocket_pos_mode 
03-13 17:52:13.533  2007  2007 I sensors-hal: send_sync_sensor_request:543, takes 0 ms to receive the response with 0
03-13 17:52:13.533  2007  2007 I sensors-hal: activate:330, com.samsung.sensor.pocket_pos_mode/2622 en=1 completed
03-13 17:52:13.533  3003  4923 V WindowManager: Setting visibility of Window{cc6833d u0 com.einnovation.temu/com.baogong.home.activity.LauncherActivity}: false, caller=com.android.server.wm.WindowContainer.sendAppVisibilityToClients:19 com.android.server.wm.WindowToken.setClientVisible:48 com.android.server.wm.ActivityRecord.commitVisibility:186 com.android.server.wm.ActivityRecord.setVisibility:623 com.android.server.wm.ActivityRecord.makeInvisible:32 
03-13 17:52:13.534  3003  3915 D SensorManager: registerListener :: 2622, Pocket Position Mode  Wakeup, 200000, 0, com.samsung.android.gesture.PocketSensitivityManager$1@a3d091f
03-13 17:52:13.534  3003  3915 E PocketSensitivityManager: register pocket position sensor
03-13 17:52:13.534  4205  4205 E EdgeBackGestureHandler: No resource found for gesture-blocking activities
03-13 17:52:13.534  4205  4205 D NavigationModeController: getCurrentInteractionMode: mode=0 contextUser=0
03-13 17:52:13.535  4205  4205 I NoBackGesture: Config changed: newConfig={1.0 ?mcc0mnc [en_US] ldltr sw307dp w352dp h308dp 340dpi smll hdr widecg land night -touch -keyb/v/h -nav/h winConfig={ mBounds=Rect(0, 0 - 748, 720) mAppBounds=Rect(0, 0 - 748, 654) mMaxBounds=Rect(0, 0 - 748, 720) mDisplayRotation=ROTATION_0 mWindowingMode=fullscreen mActivityType=undefined mAlwaysOnTop=undefined mRotation=ROTATION_0 mStageConfig=undefined mPopOver=undefined mOverlappingWithCutout=false mFlexPanelMode=off} s.7551 fontWeightAdjustment=0 ff=0 bf=-1 bts=0 cst=1.0 nightDim=0 themeSeq=0} lastReportedConfig={1.0 ?mcc0mnc [en_US] ldltr sw307dp w352dp h308dp 340dpi smll hdr widecg land night -touch -keyb/v/h -nav/h winConfig={ mBounds=Rect(0, 0 - 748, 720) mAppBounds=Rect(0, 0 - 748, 654) mMaxBounds=Rect(0, 0 - 748, 720) mDisplayRotation=ROTATION_0 mWindowingMode=fullscreen mActivityType=undefined mAlwaysOnTop=undefined mRotation=ROTATION_0 mStageConfig=undefined mPopOver=undefined mOverlappingWithCutout=false mFlexPanelMode=off} s.7551 fontWeightAdjustment=0 ff=0 bf=-1 bts=0 cst=1.0 nightDim=0 themeSeq=0}
03-13 17:52:13.535  4205  4205 D Navbar.Store: handleEvent(1) OnNavBarCreated(keyguardStateController=com.android.systemui.statusbar.policy.KeyguardStateControllerImpl@c596bb7, navigationBar=com.android.systemui.navigationbar.views.NavigationBar@b873610) [Module] NavigationBar
03-13 17:52:13.535  4205  4205 D OneHandOpGestureHandler: setDisablePolicy() old=0, new=0
03-13 17:52:13.535  3003  3613 I ActivityManager: Changes in 10256 19 to 8, 0 to 128
03-13 17:52:13.535  4205  4205 D NavBarStateManager: NavBarStates(1) isLargeCoverScreenSyncEnabled: false
03-13 17:52:13.535  4205  4205 D Navbar.NavigationBar: onInit() Cover navbar hidden: sync option is off
03-13 17:52:13.535  4205  4205 D NavBarStateManager: NavBarStates(1) isNavBarHiddenByKnox: false
03-13 17:52:13.535  4205  4205 D NavBarStateManager: NavBarStates(0) canShowKeyboardButtonForRotation(0): true
03-13 17:52:13.536  4205  4205 D NavBarStateManager: NavBarStates(1) supportLargeCoverScreenNavBar: true
03-13 17:52:13.536  4205  4205 D NavBarStateManager: NavBarStates(0) canShowKeyboardButtonForRotation(0): true
03-13 17:52:13.536  3003  3631 I UMR     : E|Compact d_rss=-8560KB
03-13 17:52:13.536  4205  4205 D NavBarStateManager: NavBarStates(1) supportLargeCoverScreenNavBar: true
03-13 17:52:13.536  4205  4205 D NavBarStateManager: NavBarStates(0) canShowKeyboardButtonForRotation(1): true
03-13 17:52:13.536  4205  4205 D NavBarStateManager: NavBarStates(1) supportLargeCoverScreenNavBar: true
03-13 17:52:13.536  4205  4205 D NavBarStateManager: NavBarStates(0) canShowKeyboardButtonForRotation(2): true
03-13 17:52:13.536  3003  3064 D HintManagerService: Sent cleanup message for uid 10350
03-13 17:52:13.536  4205  4205 D NavBarStateManager: NavBarStates(1) supportLargeCoverScreenNavBar: true
03-13 17:52:13.536  4205  4205 D NavBarStateManager: NavBarStates(0) canShowKeyboardButtonForRotation(3): true
03-13 17:52:13.537  4205  4205 D NavBarStateManager: NavBarStates(1) supportLargeCoverScreenNavBar: true
03-13 17:52:13.537  4205  4205 I WindowManager: WindowManagerGlobal#addView, ty=2019, view=com.android.systemui.navigationbar.views.NavigationBarFrame{d73b728 V.E...... ......I. 0,0-0,0 #7f0a083f app:id/navigation_bar_frame}, caller=android.view.WindowManagerImpl.addView:158 com.android.systemui.navigationbar.views.NavigationBar.onInit:238 com.android.systemui.util.ViewController.init:6 
03-13 17:52:13.537  4205  4205 I ViewRootImpl: dVRR is disabled
03-13 17:52:13.537  3003  3991 I CocktailBarManagerServiceContainer: handleMessage: entry what = 6
03-13 17:52:13.537  4205  4394 D NativeCustomFrequencyManager: [NativeCFMS] BpCustomFrequencyManager::BpCustomFrequencyManager()
03-13 17:52:13.538  3003  4002 D BackgroundInstallControlService: Package event received: 0
03-13 17:52:13.538  3003  4002 D BackgroundInstallControlService: Package event received: 0
03-13 17:52:13.538  2105  2321 I SurfaceFlinger: id=77826 createSurf, flag=84004, WindowToken{9ea9acc type=2019 android.os.BinderProxy@e378c1e}#77826
03-13 17:52:13.539  3003  3806 D InputTransport: Input channel constructed: '9d64115', fd=899
03-13 17:52:13.539  3003  3806 D InputTransport: Input channel constructed: '9d64115', fd=1309
03-13 17:52:13.539  3003  3806 D InputTransport: Input channel constructed: '9d64115', fd=1323
03-13 17:52:13.539  3003  3806 D InputTransport: Input channel destroyed: '9d64115', fd=1309
03-13 17:52:13.539  2105  2321 I SurfaceFlinger: id=77827 createSurf, flag=84004, 9d64115 NavigationBar1#77827
03-13 17:52:13.539  9370  9370 I VRI[LauncherActivity]@b994ac6: handleAppVisibility mAppVisible = true visible = false
03-13 17:52:13.539  9370  9370 D VRI[LauncherActivity]@b994ac6: visibilityChanged oldVisibility=true newVisibility=false
03-13 17:52:13.539  3003  3806 D RestrictionPolicy: isScreenCaptureEnabled : ret=true userId=0
03-13 17:52:13.539  3003  3806 D InsetsSourceProvider: updateVisibility: serverVisible=false, clientVisible=false, source=InsetsSource: {212f0001 mType=navigationBars mFrame=[0,0][0,0] mVisible=false mFlags= mSideHint=NONE mBoundingRects=null}, controlTarget=null, from=com.android.server.wm.InsetsSourceProvider.setClientVisible:8 com.android.server.wm.InsetsSourceProvider.setWindowContainer:160 com.android.server.wm.WindowManagerService.addWindowInner:148 com.android.server.wm.WindowManagerService.addWindow:1842 com.android.server.wm.Session.addToDisplayAsUser:24 android.view.IWindowSession$Stub.onTransact:757 com.android.server.wm.Session.onTransact:1 android.os.Binder.execTransactInternal:1457 android.os.Binder.execTransact:1401 <bottom of call stack> 
03-13 17:52:13.539  3003  3806 E WindowManager: Display reconfigured outside of a transition: Display{#1 state=OFF size=748x720 ROTATION_0}
03-13 17:52:13.539  2022  2124 I HYPER-HAL: [RequestManager.cpp]acquire(): Acquired ID : 406793000  [2025 / 26497]    HINT :      list : [TID_LOW_LATENCY / 1] [TID / 4392] [TID / 4393] [TID / 4205] [TID / 4394] 
03-13 17:52:13.539  3003  3806 D DisplayManager.PersistentDataStore: saveToXml remembered active display fit status value:false
03-13 17:52:13.540  3003  3806 I WindowManager: [d1] Override config changes=20000c00 {0.0 ?mcc0mnc ?localeList ?layoutDir sw291dp w352dp h291dp 340dpi smll hdr widecg land ?uimode ?night finger -keyb/v/h -nav/h winConfig={ mBounds=Rect(0, 0 - 748, 720) mAppBounds=Rect(0, 0 - 748, 618) mMaxBounds=Rect(0, 0 - 748, 720) mDisplayRotation=ROTATION_0 mWindowingMode=fullscreen mActivityType=undefined mAlwaysOnTop=undefined mRotation=ROTATION_0 mStageConfig=undefined mPopOver=undefined mOverlappingWithCutout=false mFlexPanelMode=off} ?fontWeightAdjustment ff=0 bf=-1 bts=0 cst=1.0 nightDim=-1 themeSeq=0}, callers=com.android.server.wm.DisplayContent.updateDisplayOverrideConfigurationLocked:24 com.android.server.wm.DisplayContent.sendNewConfiguration:133 com.android.server.wm.WindowManagerService.addWindowInner:712 com.android.server.wm.WindowManagerService.addWindow:1842 com.android.server.wm.Session.addToDisplayAsUser:24 
03-13 17:52:13.540  3003  4923 D HintManagerService: SystemUI make new AppHintSession but force pause
03-13 17:52:13.540  3003  3806 D WindowManager: Transition is created, t=TransitionRecord{92d6a1b id=-1 type=CHANGE flags=0x0}, caller=com.android.server.wm.Transition.<init>:182 com.android.server.wm.TransitionController.createTransition:17 com.android.server.wm.DisplayContent.requestChangeTransition:5 com.android.server.wm.DisplayContent.performDisplayOverrideConfigUpdate:333 com.android.server.wm.DisplayContent.updateDisplayOverrideConfigurationLocked:24 
03-13 17:52:13.540  9370  9370 I VRI[LauncherActivity]@b994ac6: stopped(true) old = false
03-13 17:52:13.540  9370  9370 D VRI[LauncherActivity]@b994ac6: WindowStopped on com.einnovation.temu/com.baogong.home.activity.LauncherActivity set to true
03-13 17:52:13.540  3003  3806 D BLASTSyncEngine: SyncGroup is created, id=8951, name=Transition-CHANGE, caller=com.android.server.wm.BLASTSyncEngine$SyncGroup.<init>:52 com.android.server.wm.TransitionController.moveToCollecting:79 com.android.server.wm.TransitionController.createTransition:46 com.android.server.wm.DisplayContent.requestChangeTransition:5 com.android.server.wm.DisplayContent.performDisplayOverrideConfigUpdate:333 com.android.server.wm.DisplayContent.updateDisplayOverrideConfigurationLocked:24 com.android.server.wm.DisplayContent.sendNewConfiguration:133 
03-13 17:52:13.540  3003  3806 W BLASTSyncEngine: setSyncMethod, id=8951, method=0, caller=com.android.server.wm.TransitionController.moveToCollecting:91 com.android.server.wm.TransitionController.createTransition:46 com.android.server.wm.DisplayContent.requestChangeTransition:5 
03-13 17:52:13.540  3003  3806 V WindowManager: Start collecting in Transition: TransitionRecord{92d6a1b id=8951 type=CHANGE flags=0x0}, caller=com.android.server.wm.TransitionController.createTransition:46 com.android.server.wm.DisplayContent.requestChangeTransition:5 com.android.server.wm.DisplayContent.performDisplayOverrideConfigUpdate:333 com.android.server.wm.DisplayContent.updateDisplayOverrideConfigurationLocked:24 com.android.server.wm.DisplayContent.sendNewConfiguration:133 
03-13 17:52:13.540  3003  3806 V WindowManager: Requesting StartTransition: TransitionRecord{92d6a1b id=8951 type=CHANGE flags=0x0}, caller=com.android.server.wm.DisplayContent.requestChangeTransition:10 com.android.server.wm.DisplayContent.performDisplayOverrideConfigUpdate:333 com.android.server.wm.DisplayContent.updateDisplayOverrideConfigurationLocked:24 com.android.server.wm.DisplayContent.sendNewConfiguration:133 com.android.server.wm.WindowManagerService.addWindowInner:712 
03-13 17:52:13.540  2022  2124 I HYPER-HAL: [RequestManager.cpp]acquire(): Acquired ID : 406735955  [2025 / 26495]    HINT :      list : [TID_LOW_LATENCY / 0] [TID / 9520] [TID / 9521] [TID / 9370] [TID / 9486] 
03-13 17:52:13.540  3003  3806 V WindowManager: Collecting in transition 8951: Display{#1 state=OFF size=748x720 ROTATION_0}, caller=com.android.server.wm.DisplayContent.requestChangeTransition:71 com.android.server.wm.DisplayContent.performDisplayOverrideConfigUpdate:333 com.android.server.wm.DisplayContent.updateDisplayOverrideConfigurationLocked:24 com.android.server.wm.DisplayContent.sendNewConfiguration:133 com.android.server.wm.WindowManagerService.addWindowInner:712 
03-13 17:52:13.540  3003  3806 D WindowManager: prepareSync <SYNC_STATE_WAITING_FOR_DRAW>, mPrepareSyncSeqId=0, win=Window{21b9755 u0 ScreenDecorOverlayCover}
03-13 17:52:13.540  3003  3806 D WindowManager: prepareSync <SYNC_STATE_WAITING_FOR_DRAW>, mPrepareSyncSeqId=0, win=Window{9d64115 u0 NavigationBar1}
03-13 17:52:13.540  3003  3806 D WindowManager: prepareSync <SYNC_STATE_WAITING_FOR_DRAW>, mPrepareSyncSeqId=0, win=Window{243e821 u0 SubScreenQuickPanel}
03-13 17:52:13.540  3003  3806 D WindowManager: prepareSync <SYNC_STATE_WAITING_FOR_DRAW>, mPrepareSyncSeqId=0, win=Window{3b7b695 u0 com.android.systemui/com.android.systemui.subscreen.SubHomeActivity}
03-13 17:52:13.540  3003  3806 D WindowManager: prepareSync <SYNC_STATE_WAITING_FOR_DRAW>, mPrepareSyncSeqId=0, win=Window{8bc5e3f u0 com.samsung.android.smartsuggestions/com.samsung.android.smartsuggestions.feature.aisuggestion.ui.onboarding.OnboardingActivity}
03-13 17:52:13.540  3003  3806 V WindowManager: Collecting in transition 8951: WindowToken{8004a5b type=2024 android.os.BinderProxy@d7bba75}, caller=com.android.server.wm.TransitionController$$ExternalSyntheticLambda3.accept:43 com.android.server.wm.WindowContainer$ForAllWindowsConsumerWrapper.apply:5 com.android.server.wm.WindowState.applyInOrderWithImeWindows:22 com.android.server.wm.WindowState.forAllWindows:9 com.android.server.wm.WindowContainer.forAllWindows:2 
03-13 17:52:13.540  4205  4267 V WindowManagerShell: Transition requested (#8951): android.os.BinderProxy@2de0727 TransitionRequestInfo { type = CHANGE, triggerTask = null, pipChange = null, remoteTransition = null, displayChange = null, flags = 0, debugId = 8951 }
03-13 17:52:13.540  4205  4267 D ShellDesktopMode: handleRequest: TransitionRequestInfo {type=6, tid=null, debugId=8951}
03-13 17:52:13.540  9370  9486 D HWUI    : CacheManager::trimMemory(20)
03-13 17:52:13.540  4205  4267 V ShellDesktopMode: DesktopTasksController: skipping handleRequest reason=transition type not handled (6)
03-13 17:52:13.540  3003  3806 I MultiTaskingController: onConfigurationChangedLocked: display#1, configChanges=0x20000c00, scaleW=1.0, scaleH=1.0, prevScreenBounds=Rect(0, 0 - 748, 720), nextScreenBounds=Rect(0, 0 - 748, 720)
03-13 17:52:13.541  3003  3130 I SemMdnieManagerService: DDI setHighBrightnessMode id(0) lux : -1, index : 0
03-13 17:52:13.541  3003  3130 D AutomaticBrightnessController: setLightSensorEnabled: false
03-13 17:52:13.541  2022  2124 I HYPER-HAL: [RequestManager.cpp]acquire(): Acquired ID : 406793000  [2025 / 26497]    HINT :      list : [TID_LOW_LATENCY / 0] [TID / 4392] [TID / 4393] [TID / 4205] [TID / 4394] 
03-13 17:52:13.541  3003  3806 D InsetsSourceProvider: updateVisibility: serverVisible=false, clientVisible=true, source=InsetsSource: {212f0024 mType=systemGestures mFrame=[0,0][0,0] mVisible=false mFlags= mSideHint=NONE mBoundingRects=null}, controlTarget=null, from=com.android.server.wm.InsetsSourceProvider.setServerVisible:6 com.android.server.wm.InsetsSourceProvider.onPostLayout:30 com.android.server.wm.InsetsStateController.onPostLayout:26 com.android.server.wm.RootWindowContainer.applySurfaceChangesTransaction$1:203 com.android.server.wm.RootWindowContainer.performSurfacePlacementNoTrace:86 com.android.server.wm.WindowSurfacePlacer.performSurfacePlacement:166 com.android.server.wm.ActivityTaskManagerService.continueWindowLayout:28 com.android.server.wm.DisplayContent.updateDisplayOverrideConfigurationLocked:78 com.android.server.wm.DisplayContent.sendNewConfiguration:133 com.android.server.wm.WindowManagerService.addWindowInner:712 
03-13 17:52:13.541  3003  3806 D InsetsSourceProvider: updateVisibility: serverVisible=false, clientVisible=true, source=InsetsSource: {212f0006 mType=tappableElement mFrame=[0,0][0,0] mVisible=false mFlags= mSideHint=NONE mBoundingRects=null}, controlTarget=null, from=com.android.server.wm.InsetsSourceProvider.setServerVisible:6 com.android.server.wm.InsetsSourceProvider.onPostLayout:30 com.android.server.wm.InsetsStateController.onPostLayout:26 com.android.server.wm.RootWindowContainer.applySurfaceChangesTransaction$1:203 com.android.server.wm.RootWindowContainer.performSurfacePlacementNoTrace:86 com.android.server.wm.WindowSurfacePlacer.performSurfacePlacement:166 com.android.server.wm.ActivityTaskManagerService.continueWindowLayout:28 com.android.server.wm.DisplayContent.updateDisplayOverrideConfigurationLocked:78 com.android.server.wm.DisplayContent.sendNewConfiguration:133 com.android.server.wm.WindowManagerService.addWindowInner:712 
03-13 17:52:13.541  3003  3806 D InsetsSourceProvider: updateVisibility: serverVisible=false, clientVisible=true, source=InsetsSource: {212f0005 mType=mandatorySystemGestures mFrame=[0,0][0,0] mVisible=false mFlags= mSideHint=NONE mBoundingRects=null}, controlTarget=null, from=com.android.server.wm.InsetsSourceProvider.setServerVisible:6 com.android.server.wm.InsetsSourceProvider.onPostLayout:30 com.android.server.wm.InsetsStateController.onPostLayout:26 com.android.server.wm.RootWindowContainer.applySurfaceChangesTransaction$1:203 com.android.server.wm.RootWindowContainer.performSurfacePlacementNoTrace:86 com.android.server.wm.WindowSurfacePlacer.performSurfacePlacement:166 com.android.server.wm.ActivityTaskManagerService.continueWindowLayout:28 com.android.server.wm.DisplayContent.updateDisplayOverrideConfigurationLocked:78 com.android.server.wm.DisplayContent.sendNewConfiguration:133 com.android.server.wm.WindowManagerService.addWindowInner:712 
03-13 17:52:13.541  3003  3806 D InsetsSourceProvider: updateVisibility: serverVisible=false, clientVisible=true, source=InsetsSource: {212f0004 mType=systemGestures mFrame=[0,0][0,0] mVisible=false mFlags= mSideHint=NONE mBoundingRects=null}, controlTarget=null, from=com.android.server.wm.InsetsSourceProvider.setServerVisible:6 com.android.server.wm.InsetsSourceProvider.onPostLayout:30 com.android.server.wm.InsetsStateController.onPostLayout:26 com.android.server.wm.RootWindowContainer.applySurfaceChangesTransaction$1:203 com.android.server.wm.RootWindowContainer.performSurfacePlacementNoTrace:86 com.android.server.wm.WindowSurfacePlacer.performSurfacePlacement:166 com.android.server.wm.ActivityTaskManagerService.continueWindowLayout:28 com.android.server.wm.DisplayContent.updateDisplayOverrideConfigurationLocked:78 com.android.server.wm.DisplayContent.sendNewConfiguration:133 com.android.server.wm.WindowManagerService.addWindowInner:712 
03-13 17:52:13.542  3003  3806 D InputTransport: Input channel destroyed: '9d64115', fd=1323
03-13 17:52:13.542  4205  4205 D InputTransport: Input channel constructed: '9d64115', fd=508
03-13 17:52:13.542  4205  4205 I InsetsController: onStateChanged: host=NavigationBar1, from=android.view.ViewRootImpl.onInsetsStateChanged:3026, state=InsetsState: {mDisplayFrame=Rect(0, 0 - 748, 720), mDisplayCutout=DisplayCutout{insets=Rect(0, 0 - 0, 66) waterfall=Insets{left=0, top=0, right=0, bottom=0} boundingRect={Bounds=[Rect(0, 0 - 0, 0), Rect(0, 0 - 0, 0), Rect(0, 0 - 0, 0), Rect(379, 654 - 748, 720)]} cutoutPathParserInfo={CutoutPathParserInfo{displayWidth=748 displayHeight=720 physicalDisplayWidth=748 physicalDisplayHeight=720 density={2.125} cutoutSpec={@bottom @right M 0,0 H -173.6470588235294 V -31.05882352941176 H 0 V 0 Z @dp} rotation={0} scale={1.0} physicalPixelDisplaySizeRatio={1.0}}} sideOverrides={}}, mRoundedCorners=RoundedCorners{[RoundedCorner{position=TopLeft, radius=49, center=Point(49, 49)}, RoundedCorner{position=TopRight, radius=49, center=Point(699, 49)}, RoundedCorner{position=BottomRight, radius=49, center=Point(699, 671)}, RoundedCorner{position=BottomLeft, radius=49, center=Point(49, 671)}]}  mRoundedCornerFrame=Rect(0, 0 - 0, 0), mPrivacyIndicatorBounds=PrivacyIndicatorBounds {static bounds=null rotation=0}, mDisplayShape=DisplayShape{ spec=1406003047 displayWidth=748 displayHeight=720 physicalPixelDisplaySizeRatio=1.0 rotation=0 offsetX=0 offsetY=0 scale=1.0}, mSources= { InsetsSource: {67 mType=displayCutout mFrame=[0,654][748,720] mVisible=true mFlags= mSideHint=BOTTOM mBoundingRects=null}, InsetsSource: {212f0004 mType=systemGestures mFrame=[0,0][0,0] mVisible=false mFlags= mSideHint=NONE mBoundingRects=null}, InsetsSource: {212f0005 mType=mandatorySystemGestures mFrame=[0,0][0,0] mVisible=false mFlags= mSideHint=NONE mBoundingRects=null}, InsetsSource: {212f0024 mType=systemGestures mFrame=[0,0][0,0] mVisible=false mFlags= mSideHint=NONE mBoundingRects=null} }
03-13 17:52:13.542  4205  4205 I VRI[NavigationBar1]@d035c41: synced displayState. AttachInfo displayState=1
03-13 17:52:13.543  2105  2105 I SurfaceFlinger: RequestedLayer [com.einnovation.temu/com.baogong.home.activity.LauncherActivity$_9370#77820] hidden!! flag  from(0) --> to(1)
03-13 17:52:13.543  2105  2105 I SurfaceFlinger: RequestedLayer [ActivityRecord{20047659 u0 com.einno[...]ctivity.LauncherActivity t885}#77816] hidden!! flag  from(0) --> to(1)
03-13 17:52:13.543  2105  2105 I SurfaceFlinger: RequestedLayer [Task=885#77808] hidden!! flag  from(0) --> to(1)
03-13 17:52:13.543  2105  2105 I SurfaceFlinger: [WindowToken{9ea9acc type=2019 android.os.BinderProxy@e378c1e}#77826] attach to parent LayerHierarchy{RequestedLayerState{Leaf:15:31#64 parentId=54 z=5} 3 children}
03-13 17:52:13.543  2105  2105 I SurfaceFlinger: [9d64115 NavigationBar1#77827] attach to parent LayerHierarchy{RequestedLayerState{WindowToken{9ea9acc type=2019 android.os.BinderProxy@e378c1e}#77826 parentId=64} 1 children}
03-13 17:52:13.543  2007  2007 I sensors-hal: activate:300, com.samsung.sensor.auto_brightness/1651 en=0
03-13 17:52:13.543  2007  2007 I sensors-hal: enable_flicker_als:213, [SSC_LIGHT] flicker_als disable
03-13 17:52:13.545  2007  2007 I sensors-hal: send_sync_sensor_request:508, send sync request
03-13 17:52:13.545  2007  2007 I sensors-hal: send_sync_sensor_request:518, send_sync_sensor_request before send_request for auto_brightness with SUID low=2816411781185423377 high=5518030540294228002
03-13 17:52:13.545  2007  2007 I sensors-hal: send_sync_sensor_request:537, wait for notification of response
03-13 17:52:13.546  6239  6239 I SSS     : [ChatRoomComponentManager] onConfigurationChanged: {1.0 ?mcc0mnc [en_US] ldltr sw291dp w352dp h291dp 340dpi smll hdr widecg land night finger -keyb/v/h -nav/h winConfig={ mBounds=Rect(0, 0 - 748, 720) mAppBounds=Rect(0, 0 - 748, 618) mMaxBounds=Rect(0, 0 - 748, 720) mDisplayRotation=ROTATION_0 mWindowingMode=fullscreen mActivityType=undefined mAlwaysOnTop=undefined mRotation=ROTATION_0 mStageConfig=undefined mPopOver=off mOverlappingWithCutout=false mFlexPanelMode=off} s.8704 fontWeightAdjustment=0 ff=0 bf=-1 bts=0 cst=1.0 nightDim=0 themeSeq=0}
03-13 17:52:13.545  3003  3067 D BBA2    : updateWindowVisible for pid : 9370, visible : 0
03-13 17:52:13.546  2007  8740 I sensors-hal: qsh_conn_resp_cb:930, resp_value = 0 for auto_brightness 
03-13 17:52:13.547  2007  2007 I sensors-hal: send_sync_sensor_request:543, takes 1 ms to receive the response with 0
03-13 17:52:13.547  4205  4205 I VRI[NavigationBar1]@d035c41: setView = com.android.systemui.navigationbar.views.NavigationBarFrame@d73b728 IsHRR=false mFlingFrameRateChange=0 TM=true
03-13 17:52:13.547  3003  6500 V WindowManager: Starting Transition 8951, caller=com.android.server.wm.WindowOrganizerController.startTransition:47 com.android.server.wm.WindowOrganizerController.startTransition:1 android.window.IWindowOrganizerController$Stub.onTransact:259 
03-13 17:52:13.547  4205  4205 D NavBarStateManager: NavBarStates(1) supportLargeCoverScreenNavBar: true
