03-10 01:35:57.044  2582  8068 D NxpTml  : PN54X - Tml Writer Thread Running................
03-10 01:35:57.044  2582  8070 D NxpHal  : write successful status = 0x0
03-10 01:35:57.045  3163  3229 W BoostOptController: not supported hint: 118
03-10 01:35:57.045  2582  8059 D NxpTml  : PN54X - I2C Read successful.....
03-10 01:35:57.045  2582  8059 I NxpNciR : len =   5 > 4002020000
03-10 01:35:57.045  2582  8059 D NxpTml  : PN54X - Posting read message.....
03-10 01:35:57.045  3163  3352 V DisplayPowerController2[1]: Brightness [0.117991306] reason changing to: 'manual', previous reason: 'screen_off'.
03-10 01:35:57.045  2582  8070 D NxpHal  : read successful status = 0x0
03-10 01:35:57.045  2582  8070 D NxpHal  : phNxpNciHal_print_res_status: response status =STATUS_OK
03-10 01:35:57.045  3163  3229 D CLI/Rotation: Set volume keyswap sysprop for rotation 0 lidState CLOSED
03-10 01:35:57.045  2064 12758 I sensors-hal: handle_indication_realtime:467,  SCHED_FIFO(10) for qmi_cbk
03-10 01:35:57.045  3163  3352 I DisplayPowerController2[1]: 03-10 01:35:57.045 - BrightnessEvent: disp=1, physDisp=local:4630947043778501763, displayState=ON, displayPolicy=BRIGHT, brt=0.117991306, initBrt=0.0, rcmdBrt=NaN, preBrt=NaN, lux=NaN, preLux=NaN, brtNits=20.484789, hdrNits=NaN, initNits=3.3701954, preNits=NaN, rcmdNits=NaN, hdrBrightness=NaN, brt(%)=15%, brtInt=31, hbmPolicy=normal, hbmMax=0.7660316, hbmMode=off, rbcStrength=-1, thrmMax=1.0, powerFactor=1.0, wasShortTermModelActive=false, flags=invalid_lux , reason=manual, autoBrightness=true, strategy=InvalidBrightnessStrategy, autoBrightnessMode=default
03-10 01:35:57.045  2064  2064 I sensors-hal: batch:206, com.motorola.sensor.stowed/65568, period=200000000, max_latency=0
03-10 01:35:57.045  2064  2064 I sensors-hal: set_config:61, no need to adjust sample_period_ns due to reporting_mode = 2
03-10 01:35:57.045  2064  2064 I sensors-hal: batch:215, com.motorola.sensor.stowed/65568, period=200000000, max_latency=0 request completed
03-10 01:35:57.046  3163  3231 W AlarmManager: Unrecognized alarm listener com.motorola.server.display.TouchHwAidlService$AlarmListenerImpl@de23d8f
03-10 01:35:57.046  2723  5773 E VendorTagDescriptor: lookupTag: Tag name 'support_get_property_2_0' does not exist.
03-10 01:35:57.046  3163  3231 W ServiceManagerCppClient: Failed to get isDeclared for com.motorola.hardware.display.panel.IDisplayPanel/default: Status(-1, EX_SECURITY): 'SELinux denied.'
03-10 01:35:57.046  3163  3231 D DisplayPanelService: Setting panel dc mode: 0
03-10 01:35:57.046  2090  2090 I DisplayPanel: setDcMode: DC mode = OFF
03-10 01:35:57.046  2090  2090 D DisplayPanel: setParam: Success set DC to 0 for Primary display
03-10 01:35:57.047  6942  8007 D libnfc_nci: nfaDeviceManagementCallback: enter; event=0x2
03-10 01:35:57.047  6942  8007 D libnfc_nci: nfaDeviceManagementCallback: NFA_DM_SET_CONFIG_EVT
03-10 01:35:57.047  2582  8059 D NxpTml  : PN54X - Read requested.....
03-10 01:35:57.047  2582  8059 D NxpTml  : PN54X - Invoking I2C Read.....
03-10 01:35:57.047  3163  5308 D PowerManagerService: nativeSetPowerMode ret:false mode:9 enabled:false duration ms: 0
03-10 01:35:57.047  3163  5308 D TouchHwAidlService: setCliDisplayState: mCliScreenOff=false
03-10 01:35:57.047  3163  5308 D LocalDisplayAdapter: setDisplayPowerMode mode=2 for display=android.os.BinderProxy@433f576
03-10 01:35:57.047  3163  3227 D TouchHwAidlService: enableGestureStowMode stowed: false
03-10 01:35:57.048  2106  2106 I motorola.hardware.display.touch-service: Setting stow gesture mode to 0 for panel 1
03-10 01:35:57.048  3163  3231 I DisplayDeviceRepository: Display device changed state: "HDMI Screen", ON
03-10 01:35:57.048  3163  3227 D TouchHwAidlService: setStowGestureMode for cli stowed=false ret=0
03-10 01:35:57.049  3163  3352 D BrightnessThermalClamper: Thermal status observer already started
03-10 01:35:57.049  3163  3231 I InputManager-JNI: Viewport [0] to add: local:4630947043778501762, isActive: false
03-10 01:35:57.049  3163  3231 I InputManager-JNI: Viewport [1] to add: local:4630947043778501763, isActive: true
03-10 01:35:57.050  3163  3229 V WindowManager: Content Recording: Display 1 state was (1), is now (2), so update recording?
03-10 01:35:57.050  3163  3229 D CLI/Transition: displaygroup 1, state ON, pendingdisplaygroup -1
03-10 01:35:57.050  3163  3229 I DisplayDevice: [1] Layerstack set to 1 for local:4630947043778501763 mDisplayToken=android.os.BinderProxy@433f576 t=Transaction{mNativeObject=-5476376673043392304, mHashCode=0}
03-10 01:35:57.051  3163  3231 D PanelsService: updateCliDisplayState: mCliScreenState=ON
03-10 01:35:57.051  3163  5853 E WindowManager: Dream packageName does not match active dream. Package io.appium.uiautomator2.server does not match ComponentInfo{com.android.systemui/com.android.systemui.doze.DozeService}
03-10 01:35:57.052  3163  3231 W ServiceManagerCppClient: Failed to get isDeclared for com.motorola.hardware.display.panel.IDisplayPanel/default: Status(-1, EX_SECURITY): 'SELinux denied.'
03-10 01:35:57.052  3163  3231 D DisplayPanelService: Setting panel dc mode: 0
03-10 01:35:57.052  2090  2090 I DisplayPanel: setDcMode: DC mode = OFF
03-10 01:35:57.052  2090  2090 D DisplayPanel: setParam: Success set DC to 0 for Primary display
03-10 01:35:57.053  3163  7479 E WindowManager: Dream packageName does not match active dream. Package com.google.android.ext.services does not match ComponentInfo{com.android.systemui/com.android.systemui.doze.DozeService}
03-10 01:35:57.053  3163  4285 I InputReader: Reconfiguring input devices, changes=DISPLAY_INFO
03-10 01:35:57.053  3163  4285 I InputReader: Disabling goodix_ts (device 7) because the associated viewport is not active
03-10 01:35:57.053  3163  4285 I InputReader: Device reconfigured: id=6, name='zinitix_mt', size 194x368, orientation Rotation0, mode DIRECT, display id 1
03-10 01:35:57.054  3163  3203 E WindowManager: Dream packageName does not match active dream. Package com.motorola.motocare does not match ComponentInfo{com.android.systemui/com.android.systemui.doze.DozeService}
03-10 01:35:57.055  3163  7414 E WindowManager: Dream packageName does not match active dream. Package com.checkitt does not match ComponentInfo{com.android.systemui/com.android.systemui.doze.DozeService}
03-10 01:35:57.057  3163  7451 E WindowManager: Dream packageName does not match active dream. Package com.motorola.mobiledesktop does not match ComponentInfo{com.android.systemui/com.android.systemui.doze.DozeService}
03-10 01:35:57.057  3163  7471 E WindowManager: Dream packageName does not match active dream. Package com.dolby.daxservice does not match ComponentInfo{com.android.systemui/com.android.systemui.doze.DozeService}
03-10 01:35:57.057  3163  5853 E WindowManager: Dream packageName does not match active dream. Package com.motorola.livewallpaper3.prebuilt.vanilla_reflection does not match ComponentInfo{com.android.systemui/com.android.systemui.doze.DozeService}
03-10 01:35:57.057  3163  3227 D TouchHwAidlService: updateCliDisplayState: mCliScreenOn=true
03-10 01:35:57.059 10834 10834 I PkDeviceHelper: PkDeviceHelper.refreshDevices():93 refreshing devices
03-10 01:35:57.060  2300  2300 D SurfaceFlinger: Setting power mode 2 on display 4630947043778501763
03-10 01:35:57.060  3163  6909 E WindowManager: Dream packageName does not match active dream. Package com.motorola.mobiledesktop.core does not match ComponentInfo{com.android.systemui/com.android.systemui.doze.DozeService}
03-10 01:35:57.061  3163  7933 E WindowManager: Dream packageName does not match active dream. Package com.google.android.gsf does not match ComponentInfo{com.android.systemui/com.android.systemui.doze.DozeService}
03-10 01:35:57.061  3163  7933 E WindowManager: Dream packageName does not match active dream. Package com.google.android.gms does not match ComponentInfo{com.android.systemui/com.android.systemui.doze.DozeService}
03-10 01:35:57.061  5625  5625 I vol.VolumeDialogImpl: mDialog.dismiss() reason: screen_off from: com.android.systemui.volume.VolumeDialogImpl$10.onScreenOff:4 displayId: 0 mShowing: false mIsAnimatingDismiss: true
03-10 01:35:57.061  5625  5625 D vol.VolumeDialogImpl: dismissH: skipping dismiss because isAnimatingDismiss is true and showingStateInconsistent is false
03-10 01:35:57.062  3163  4131 E WindowManager: Dream packageName does not match active dream. Package com.google.android.inputmethod.latin does not match ComponentInfo{com.android.systemui/com.android.systemui.doze.DozeService}
03-10 01:35:57.062  5625  5625 I Channel.Remote: [de8362611079428da312381e6bb8b50c|com.motorola.personalize] Keep channel connection alive true by 4
03-10 01:35:57.062  5625  5625 D KeyguardViewMediator: KeyguardViewMediator queue processing message: NOTIFY_STARTED_WAKING_UP
03-10 01:35:57.064  7545  7545 I FileStationLog: [ FS_h$a ] - [Display] Changed display: 1
03-10 01:35:57.064  3163  4129 E WindowManager: Dream packageName does not match active dream. Package com.google.android.gsf does not match ComponentInfo{com.android.systemui/com.android.systemui.doze.DozeService}
03-10 01:35:57.064  3163  4129 E WindowManager: Dream packageName does not match active dream. Package com.google.android.gms does not match ComponentInfo{com.android.systemui/com.android.systemui.doze.DozeService}
03-10 01:35:57.064  5625  5625 V DreamService[DozeService]: wakeUp(): fromSystem=true, mWaking=false, mFinished=false callers=android.service.dreams.DreamService.-$$Nest$mwakeUp:0 android.service.dreams.DreamService$DreamServiceWrapper.lambda$wakeUp$1:1794 android.service.dreams.DreamService$DreamServiceWrapper.$r8$lambda$SFP-NasoKFNaaOvKHyJqrl_aPt8:0 android.service.dreams.DreamService$DreamServiceWrapper$$ExternalSyntheticLambda3.run:0 android.os.Handler.handleCallback:1001 
03-10 01:35:57.064  5625  5625 V DreamService[DozeService]: finish(): mFinished=false activity=null callers=android.service.dreams.DreamService.onWakeUp:1197 android.service.dreams.DreamService.wakeUp:1360 android.service.dreams.DreamService.-$$Nest$mwakeUp:0 android.service.dreams.DreamService$DreamServiceWrapper.lambda$wakeUp$1:1794 android.service.dreams.DreamService$DreamServiceWrapper.$r8$lambda$SFP-NasoKFNaaOvKHyJqrl_aPt8:0 
03-10 01:35:57.065  3163  8251 E WindowManager: Dream packageName does not match active dream. Package com.android.vending does not match ComponentInfo{com.android.systemui/com.android.systemui.doze.DozeService}
03-10 01:35:57.065  3163  4129 I DreamManagerService: finishSelf by com.android.systemui callingUid=10394 callingPid=5625
03-10 01:35:57.065  3163  4129 D DreamManagerService: Dream finished: android.os.Binder@4d16fa, immediate=true
03-10 01:35:57.065  3163  4129 I DreamManagerService: Leaving dreamland.
03-10 01:35:57.066  3163  4129 I DreamManagerService: stopDreamLocked. callers=com.android.server.dreams.DreamManagerService.finishSelfInternal:514 com.android.server.dreams.DreamManagerService.-$$Nest$mfinishSelfInternal:0 com.android.server.dreams.DreamManagerService$BinderService.finishSelf:1092 android.service.dreams.IDreamManager$Stub.onTransact:292 android.os.Binder.execTransactInternal:1520 
03-10 01:35:57.068  5625  5962 D KeyguardViewMediator: updateActivityLockScreenState(true, false)
03-10 01:35:57.071  5993  8761 I NearbyDiscovery: (REDACTED) FastPairHandler: Received action %s
03-10 01:35:57.072  5625  5625 V DreamService[DozeService]: finish(): mFinished=true activity=null callers=com.android.systemui.doze.DozeMachine$Service$Delegate.finish:3 com.android.systemui.doze.DozeMachine$Service$Delegate.finish:3 com.android.systemui.doze.DozeMachine.transitionTo:557 com.android.systemui.doze.DozeMachine.transitionTo:659 com.android.systemui.doze.DozeMachine.requestState:10 
03-10 01:35:57.072  3163  5216 E WindowManager: Dream packageName does not match active dream. Package io.appium.settings does not match ComponentInfo{com.android.systemui/com.android.systemui.doze.DozeService}
03-10 01:35:57.073  2064  2064 I sensors-hal: activate:173, com.motorola.sensor.glance/65658 en=0
03-10 01:35:57.073  2064  2064 I sensors-hal: deactivate:166, deactivate glance 65548
03-10 01:35:57.073  3163  7479 E WindowManager: Dream packageName does not match active dream. Package com.motorola.launcher3 does not match ComponentInfo{com.android.systemui/com.android.systemui.doze.DozeService}
03-10 01:35:57.073  2061  2108 E minksocket: MinkIPC_QRTR_Service: client with node 1 port 5995 went down
03-10 01:35:57.073  2064  2064 I sensors-hal: activate:184, com.motorola.sensor.glance/65658 en=0 completed
03-10 01:35:57.074  3163  3227 I DreamController: Stopping dream: name=ComponentInfo{com.android.systemui/com.android.systemui.doze.DozeService}, isPreviewMode=false, canDoze=true, userId=0, reason='finished self'(from 'request awaken')
03-10 01:35:57.075  5993  8761 I NearbyDiscovery: (REDACTED) PureOffloadFastPairScanner: eventType=%s, isInternalReq=%s, isScanning=%s, isScanningAllowed=%s
03-10 01:35:57.076  3163  3163 D MotoFaceProvider: Receive screen off intent
03-10 01:35:57.077  7545  7545 I FileStationLog: [ FS_h$a ] - [Display] Ignoring change for non-default/desktop display: 1
03-10 01:35:57.078  2064  2064 I sensors-hal: activate:173, com.motorola.sensor.ltv/65738 en=0
03-10 01:35:57.078 10834 28750 I DeviceStatusMonitor: DeviceStatusMonitor.handleBroadcast():138 onReceive() : Action = android.intent.action.SCREEN_OFF
03-10 01:35:57.078 10834 28750 I DeviceStatusMonitor: DeviceStatusMonitor.updateCountryInfo():154 updateCountryInfo(), notifyAnyway = false
03-10 01:35:57.078 10834 10834 I InputBundle: InputBundle.consumeEvent():1029 Skip consuming an event as imeStatus is INACTIVE
03-10 01:35:57.078  2064  2064 I sensors-hal: activate:184, com.motorola.sensor.ltv/65738 en=0 completed
03-10 01:35:57.079 10834 10834 I Module  : DeviceLockedStatusModuleProvider$Module.updateDeviceLockedStatus():103 repeatCheckTimes = 0, locked = false
03-10 01:35:57.079  3163  3231 W AccessibilityWindowsPopulator: The displayInfo of this displayId (0) called back from the surface fligner is null
03-10 01:35:57.079  2061  2108 E minksocket: MinkIPC_QRTR_Service: client with node 1 port 5990 went down
03-10 01:35:57.079  3163  3231 W AccessibilityWindowsPopulator: The displayInfo of this displayId (0) called back from the surface fligner is null
03-10 01:35:57.079  3163  3231 W AccessibilityWindowsPopulator: The displayInfo of this displayId (0) called back from the surface fligner is null
03-10 01:35:57.080  3163  3163 I BrightnessSynchronizer: New Update: {[4730] 0.16416723(f), mUpdatedTypes=0, mConfirmedTypes=0, mTimeUpdated=0, mState=2}
03-10 01:35:57.081  3163  7471 D CoreBackPreview: Window{e1d6d9e u0 NotificationShade}: Setting back callback OnBackInvokedCallbackInfo{mCallback=android.window.IOnBackInvokedCallback$Stub$Proxy@4a4824e, mPriority=0, mIsAnimationCallback=false}
03-10 01:35:57.082  2300  2300 I Scheduler: Display 4630947043778501763 is the pacesetter
03-10 01:35:57.082  2300  2300 I Scheduler: promotePacesetterDisplayLocked, mAcceptScrollEvent=1
03-10 01:35:57.082  2300  2300 I Scheduler: promotePacesetterDisplayLocked, mAcceptTouchNotBoostEvent=0
03-10 01:35:57.082  2300  2300 D SurfaceFlinger: Setting desired display mode specs: {0, false, PR={p[24.00-120.00]Hz, r[24.00-120.00]Hz}, AR={p[0.00-120.00]Hz, r[0.00-120.00]Hz}} for display 4630947043778501763
03-10 01:35:57.082  2300  2300 I SurfaceFlinger: Switching to Scheduler preferred mode 0 (60.00 Hz) for display 4630947043778501763
03-10 01:35:57.082  2300  2300 W ComposerExtn: DisplayExtnImpl::SetActiveConfig: HWC Display 2 is not registered!
03-10 01:35:57.082  2300  2300 D DisplayModeController: setDesiredMode 4630947043778501763 {mode={fps=60.00 Hz, modePtr={id=0, vsyncRate=60.00 Hz, peakRefreshRate=60.00 Hz}}, emitEvent=true, force=false}
03-10 01:35:57.082  2064  2064 I sensors-hal: batch:206, com.motorola.sensor.stowed/65568, period=200000000, max_latency=0
03-10 01:35:57.082  2064  2064 I sensors-hal: set_config:61, no need to adjust sample_period_ns due to reporting_mode = 2
03-10 01:35:57.082  2064  2064 I sensors-hal: batch:215, com.motorola.sensor.stowed/65568, period=200000000, max_latency=0 request completed
03-10 01:35:57.083  5625  5941 D KeyguardTransitionRepository: (Internal) Setting current transition info: TransitionInfo(ownerName=FromDozingTransitionInteractor, from=DOZING, to=LOCKSCREEN, animated)
03-10 01:35:57.083  5993  8761 I NearbyDiscovery: (REDACTED) ApFastPairScanner: isScreenOn=%s, isLocationEnabled=%s, disableLocationRequirement=%s, isDiscoveryScanningEnabled=%s, during24GhzWifiWarmingUpPeriod=%s
03-10 01:35:57.083 11449 11449 I OverviewComponentObserver: updateOverviewTargets: mIsHomeDisabled=true, isDefaultHomeNull=false, mIsDefaultHome=true
03-10 01:35:57.083  5993  8761 D BluetoothAdapter: isLeEnabled(): ON
03-10 01:35:57.083  5993  8761 I NearbyDiscovery: (REDACTED) ApFastPairScanner: eventType=%s, intReq=%s, scanning=%s, scanAllowed=%s, bleEnabled=%s, lockScanRate=%s, startScanningByLowPowerMode=%s
03-10 01:35:57.083  2064  2064 I sensors-hal: activate:173, com.motorola.sensor.tap/65988 en=0
03-10 01:35:57.083  5993  8761 I NearbyDiscovery: ApFastPairScanner: Skipping stop, already stopped scanning [CONTEXT service_id=265 ]
03-10 01:35:57.083  2195  2586 I SDM     : DisplayBase::SetDisplayState: Set state = 1, display 76-0, teardown = 0
03-10 01:35:57.083  5993  8761 I NearbyDiscovery: FastPairController: onSystemStateChanged: skip due to flag disabled [CONTEXT service_id=265 ]
03-10 01:35:57.084  2195  2586 I SDM     : HWDeviceDRM::NullCommit: Null commit succeeded crtc=203
03-10 01:35:57.084  2064  2064 I sensors-hal: activate:184, com.motorola.sensor.tap/65988 en=0 completed
03-10 01:35:57.085  5625  5625 D SCliNotificationListener: onNotificationListUpdate: [com.android.systemui.statusbar.notification.collection.GroupEntry@e429281]
03-10 01:35:57.085  2061  2108 E minksocket: MinkIPC_QRTR_Service: client with node 1 port 58a1 went down
03-10 01:35:57.091  5493  6013 W HWUI    : Surface doesn't have any previously queued frames, nothing to readback from
03-10 01:35:57.091  7545  7545 I FileStationLog: [ FileStationManager ] - screenIsOn: false, hasWindowShowed: false
03-10 01:35:57.091  7545  7545 I MotoDesktopLog: [ FileStationLog ] - broadcastMessage - cmd : 2008
03-10 01:35:57.091  5625  5625 V DreamService[DozeService]: onDestroy()
03-10 01:35:57.091  5625  5625 V DreamService[DozeService]: detach(): Calling onDreamingStopped()
03-10 01:35:57.091  5625  5625 V DreamService[DozeService]: onDreamingStopped()
03-10 01:35:57.092  5625  5625 V DreamService[DozeService]: detach(): mActivity=null mActivity.isFinishing()=false
03-10 01:35:57.092  5625  5625 V DreamService[DozeService]: finish(): mFinished=true activity=null callers=android.service.dreams.DreamService.detach:1492 android.service.dreams.DreamService.onDestroy:1385 com.android.systemui.doze.DozeService.onDestroy:8 android.app.ActivityThread.handleStopService:5307 android.app.ActivityThread.-$$Nest$mhandleStopService:0 
03-10 01:35:57.092  3163  5216 D SystemServerTiming: getUserSwitchability-0
03-10 01:35:57.092  3163  5216 D SystemServerTiming: TM.isInCall
03-10 01:35:57.093  3163  5216 D SystemServerTiming: hasUserRestriction-DISALLOW_USER_SWITCH
03-10 01:35:57.093  3163  5216 D SystemServerTiming: getInt-ALLOW_USER_SWITCHING_WHEN_SYSTEM_USER_LOCKED
03-10 01:35:57.093  3163  5216 D SystemServerTiming: isUserUnlocked-USER_SYSTEM
03-10 01:35:57.094  5625  5625 I KeyguardTransitionRepository: Transition still active: TransitionStep(from=GONE, to=DOZING, value=0.7181136, transitionState=RUNNING, ownerName=FromGoneTransitionInteractor(Sleep transition triggered)), canceling
03-10 01:35:57.094  5625  5625 I KeyguardTransitionRepository: CANCELED transition: TransitionStep(from=GONE, to=DOZING, value=0.7181136, transitionState=CANCELED, ownerName=FromGoneTransitionInteractor(Sleep transition triggered))
03-10 01:35:57.094  5625  5625 I KeyguardTransitionRepository: STARTED transition: TransitionStep(from=DOZING, to=LOCKSCREEN, value=0.7181136, transitionState=STARTED, ownerName=FromDozingTransitionInteractor)
03-10 01:35:57.101  5625  6171 I Channel.Remote: [binder:5625_4] [de8362611079428da312381e6bb8b50c|com.motorola.personalize][286] received remote channel service seq:286 results
03-10 01:35:57.105  3163  5216 D SystemServerTiming: getUserSwitchability-0
03-10 01:35:57.105  3163  5216 D SystemServerTiming: TM.isInCall
03-10 01:35:57.105  3163  6380 D SystemServerTiming: getUserSwitchability-0
03-10 01:35:57.105  3163  6380 D SystemServerTiming: TM.isInCall
03-10 01:35:57.105  3163  5216 D SystemServerTiming: hasUserRestriction-DISALLOW_USER_SWITCH
03-10 01:35:57.105  7893  1354 W adservices: Skip logging because Cobalt logger is null
03-10 01:35:57.105  3163  5216 D SystemServerTiming: getInt-ALLOW_USER_SWITCHING_WHEN_SYSTEM_USER_LOCKED
03-10 01:35:57.105  7893  1370 W adservices: Skip logging because Cobalt is disabled.
03-10 01:35:57.105  3163  5216 D SystemServerTiming: isUserUnlocked-USER_SYSTEM
03-10 01:35:57.106  3163  6380 D SystemServerTiming: hasUserRestriction-DISALLOW_USER_SWITCH
03-10 01:35:57.106  3163  6380 D SystemServerTiming: getInt-ALLOW_USER_SWITCHING_WHEN_SYSTEM_USER_LOCKED
03-10 01:35:57.107  3163  6380 D SystemServerTiming: isUserUnlocked-USER_SYSTEM
03-10 01:35:57.107  5993 12509 I NetworkScheduler: (REDACTED) Error inserting %s
03-10 01:35:57.108  7893  1370 W adservices: Skip logging because Cobalt logger is null
03-10 01:35:57.108  7893  1354 W adservices: Skip logging because Cobalt is disabled.
03-10 01:35:57.114  2064  4171 D slpi    : tmd2712: Als lux: 6.90, ch0: 119, ch1: 2, scale: 1.08, atime:50.04, again:1024
03-10 01:35:57.119 11449 11449 D StateManager: goToState - fromState: Normal, toState: Normal, partial trace:
03-10 01:35:57.119 11449 11449 D StateManager: 	at com.android.launcher3.Launcher.onScreenOnChanged(Launcher.java:3017)
03-10 01:35:57.119 11449 11449 D StateManager: 	at com.android.launcher3.Launcher$$ExternalSyntheticLambda25.onScreenOnChanged(D8$$SyntheticClass:0)
03-10 01:35:57.119 11449 11449 D StateManager: 	at com.android.launcher3.util.ScreenOnTracker.lambda$dispatchScreenOnChanged$0(ScreenOnTracker.java:67)
03-10 01:35:57.120  5625  5625 I Typeface: mototime=Rookery-Stacked;moto_time;5625
03-10 01:35:57.126  5625  5625 I Typeface: mototime=Rookery-Stacked;moto_time;5625
03-10 01:35:57.126  5625  5625 D LockScreen_Plugin: notifyAttributesChanged: pluginCallback = com.android.systemui.shared.plugins.MotoLsClockFacePlugin$PluginCallback@db2e267, data = Bundle[{clock_face_time=moto_time, clock_face_color=-1}]
03-10 01:35:57.126  5625  5625 V MotoLsClockFacePlugin: onClockFaceColorChange: 0xffffffff
03-10 01:35:57.126  5625  5625 V MotoLsClockFacePlugin: onClockFontChanged
03-10 01:35:57.141  5625  5625 D BiometricsRepositoryImpl: currentUser authFlags changed, new value: AuthenticationFlags(userId=0, flag=0)
03-10 01:35:57.141  5625  5625 D BiometricsRepositoryImpl: currentUser authFlags changed, new value: AuthenticationFlags(userId=0, flag=0)
03-10 01:35:57.142  5625  5625 D BiometricsRepositoryImpl: currentUser authFlags changed, new value: AuthenticationFlags(userId=0, flag=0)
03-10 01:35:57.143  5625  5625 D BiometricsRepositoryImpl: currentUser authFlags changed, new value: AuthenticationFlags(userId=0, flag=0)
03-10 01:35:57.143  5625  5625 D BiometricsRepositoryImpl: currentUser authFlags changed, new value: AuthenticationFlags(userId=0, flag=0)
03-10 01:35:57.143  5625  5625 D BiometricsRepositoryImpl: currentUser authFlags changed, new value: AuthenticationFlags(userId=0, flag=0)
03-10 01:35:57.150  5625  5920 D ControlsListingControllerImpl: Subscribing callback, service count: 1
03-10 01:35:57.152  5625  5920 D ControlsListingControllerImpl: Subscribing callback, service count: 1
03-10 01:35:57.156  5625  5920 D ControlsListingControllerImpl: Subscribing callback, service count: 1
03-10 01:35:57.166  5625  5625 I vol.VolumeDialogImpl: dismissH reason = volume_controller mDialog.isShowing(): false
03-10 01:35:57.198 11749 11749 D [Purchases] - DEBUG: ℹ️ App backgrounded
03-10 01:35:57.198 11749 11749 D [Purchases] - DEBUG: ℹ️ No subscriber attributes to synchronize.
03-10 01:35:57.208  5993  7221 W QAWalletSvc: No wallet cards to return. [CONTEXT service_id=79 ]
03-10 01:35:57.211  5993 18903 W QAWalletSvc: No wallet cards to return. [CONTEXT service_id=79 ]
03-10 01:35:57.211  5625  5920 E QuickAccessWalletKeyguardQuickAffordanceConfig: Wallet card retrieval error, message: "Unable to load your payment info"
03-10 01:35:57.212  5993  7859 W QAWalletSvc: No wallet cards to return. [CONTEXT service_id=79 ]
03-10 01:35:57.212  5625  5920 E QuickAccessWalletKeyguardQuickAffordanceConfig: Wallet card retrieval error, message: "Unable to load your payment info"
03-10 01:35:57.214  5625  5920 E QuickAccessWalletKeyguardQuickAffordanceConfig: Wallet card retrieval error, message: "Unable to load your payment info"
03-10 01:35:57.226 11749 11815 D WM-SystemJobScheduler: Scheduling work ID eb7afce9-d620-4aef-af52-8f4032bb5a75Job ID 0
03-10 01:35:57.229  3163  4129 W PackageManager: Missing required system package: com.checkitt, but found with extended search.
03-10 01:35:57.235 11749 11815 D WM-GreedyScheduler: Starting work for eb7afce9-d620-4aef-af52-8f4032bb5a75
03-10 01:35:57.237 11749 11749 D WM-SystemJobService: onStartJob for WorkGenerationalId(workSpecId=eb7afce9-d620-4aef-af52-8f4032bb5a75, generation=0)
03-10 01:35:57.244 11749 11815 D WM-Processor: Processor: processing WorkGenerationalId(workSpecId=eb7afce9-d620-4aef-af52-8f4032bb5a75, generation=0)
03-10 01:35:57.248  5625  5625 I KeyguardTransitionRepository: FINISHED transition: TransitionStep(from=DOZING, to=LOCKSCREEN, value=1.0, transitionState=FINISHED, ownerName=FromDozingTransitionInteractor)
03-10 01:35:57.249 11749 11815 D WM-Processor: Work WorkGenerationalId(workSpecId=eb7afce9-d620-4aef-af52-8f4032bb5a75, generation=0) is already enqueued for processing
03-10 01:35:57.256  2195  2586 I SDM     : PipeAllocSdma2::CalculatePipeNumToDedicate: num_vig: 0, num_dma: 1
03-10 01:35:57.256  2195  2586 I SDM     : DisplayBase::SetDisplayState: active 1-1 state 1-1 pending_power_state_ 0
03-10 01:35:57.256  2300  2300 W ComposerExtn: DisplayExtnImpl::SetEarlyWakeUpConfig: HWC Display 2 is not registered!
03-10 01:35:57.256  2300  2300 D SurfaceFlinger: Finished setting power mode 2 on display 4630947043778501763
03-10 01:35:57.256  2300  2300 D RefreshRateSelector: [90:120:0]: mTouchBoostRefreshRateAvailable=0, mScrollBoostRefreshRateAvailable=0, mTouchOnBlankNotBoostRefreshRateAvailable=0
03-10 01:35:57.256  3163  5308 D SurfaceControl: Excessive delay in setPowerMode()
03-10 01:35:57.257  3163  5308 W ServiceManagerCppClient: Failed to get isDeclared for com.motorola.hardware.display.panel.IDisplayPanel/default: Status(-1, EX_SECURITY): 'SELinux denied.'
03-10 01:35:57.257  3163  5308 D DisplayPanelService: Setting panel dc mode: 0
03-10 01:35:57.257  2090  2090 I DisplayPanel: setDcMode: DC mode = OFF
03-10 01:35:57.257  2090  2090 D DisplayPanel: setParam: Success set DC to 0 for Primary display
03-10 01:35:57.262  2300  2300 D SurfaceFlinger: setDesiredDisplayModeSpecs[{0, false, PR={p[24.00-120.00]Hz, r[24.00-120.00]Hz}, AR={p[0.00-120.00]Hz, r[0.00-120.00]Hz}}]: by process 3163 uid 1000 for display 4630947043778501762
03-10 01:35:57.265  3163  3229 V WindowManager: Content Recording: Display 1 state was (2), is now (2), so update recording?
03-10 01:35:57.265  3163  3229 D CLI/Transition: displaygroup 1, state ON, pendingdisplaygroup -1
03-10 01:35:57.265  2300  2300 E Scheduler: trackPendingFrame: Invalid present fence
03-10 01:35:57.265  3163  3231 D DisplayManagerService: Ignore redundant display event 1/2 to 10416/12048
03-10 01:35:57.267  3163  3352 I WindowManager: Display 1 turned on...
03-10 01:35:57.268  3163  3229 D CLI/SmallCLI: onScreenTurnedOn: 
03-10 01:35:57.268  3163  3352 D BrightnessThermalClamper: Thermal status observer already started
03-10 01:35:57.268  3163  3352 W PowerManagerService: Screen on took 269 ms
03-10 01:35:57.268  6344  6344 I WindowController: window interactive state updated to true
03-10 01:35:57.271 11749 11749 D WM-WorkerWrapper: Starting work for vc.ucic.widget.WidgetUpdateWorker
03-10 01:35:57.274  7545  7545 I FileStationLog: [ FS_h$a ] - [Display] Changed display: 1
03-10 01:35:57.275  7545  7545 I FileStationLog: [ FS_h$a ] - [Display] Ignoring change for non-default/desktop display: 1
03-10 01:35:57.279  2300  2300 E Scheduler: trackPendingFrame: Invalid present fence
03-10 01:35:57.282  3163  3163 I BrightnessSynchronizer: New Update: {[4731] 0.16416723(f), mUpdatedTypes=0, mConfirmedTypes=0, mTimeUpdated=0, mState=2}
03-10 01:35:57.282  3163  3163 I WindowManager: Finished waking up... (groupId=1 why=ON_BECAUSE_OF_USER) pmWakeReason=WAKE_REASON_GESTURE
03-10 01:35:57.292  3163  7479 W PackageManager: Missing required system package: com.checkitt, but found with extended search.
03-10 01:35:57.294  3163  3352 V DisplayPowerController2[1]: Brightness [0.0951186] reason changing to: 'automatic', previous reason: 'manual'.
03-10 01:35:57.295  3163  3352 I DisplayPowerController2[1]: 03-10 01:35:57.295 - BrightnessEvent: disp=1, physDisp=local:4630947043778501763, displayState=ON, displayPolicy=BRIGHT, brt=0.0951186, initBrt=0.117991306, rcmdBrt=0.0951186, preBrt=NaN, lux=6.9, preLux=NaN, brtNits=16.229116, hdrNits=NaN, initNits=20.484789, preNits=NaN, rcmdNits=16.229116, hdrBrightness=NaN, brt(%)=12%, brtInt=25, hbmPolicy=normal, hbmMax=0.7660316, hbmMode=off, rbcStrength=-1, thrmMax=1.0, powerFactor=1.0, wasShortTermModelActive=false, flags=, reason=automatic, autoBrightness=true, strategy=InvalidBrightnessStrategy, autoBrightnessMode=default
03-10 01:35:57.296  2300  2449 I SurfaceFlinger: mBrightnessDiming=1, isCli=1, mBrightnessDimingCnt=0
03-10 01:35:57.298 11749 11815 D WM-PackageManagerHelper: androidx.work.impl.background.systemalarm.RescheduleReceiver enabled
03-10 01:35:57.298  2064  2064 I sensors-hal: flush:235, android.sensor.accelerometer/11
03-10 01:35:57.298  2064  2064 I sensors-hal: send_sync_sensor_request:341, send sync request
03-10 01:35:57.298  2064  2064 I sensors-hal: send_sync_sensor_request:367, wait for notification of response
03-10 01:35:57.300  2064  5194 I sensors-hal: ssc_conn_resp_cb:632, resp_value = 0
03-10 01:35:57.300  2064  2064 I sensors-hal: send_sync_sensor_request:373, takes 1 ms to receive the response with 0
03-10 01:35:57.300  2064  2064 I sensors-hal: flush:241, android.sensor.accelerometer/11 completed
03-10 01:35:57.301  3163  5216 W InputDispatcher: Focused display #1 does not have a focused window.
03-10 01:35:57.301  3163  3231 W AccessibilityWindowsPopulator: The displayInfo of this displayId (0) called back from the surface fligner is null
03-10 01:35:57.302  3163  3231 V WindowManager: Unknown focus tokens, dropping reportFocusChanged
03-10 01:35:57.302 11749 11815 I WM-WorkerWrapper: Worker result SUCCESS for Work [ id=eb7afce9-d620-4aef-af52-8f4032bb5a75, tags={ vc.ucic.widget.WidgetUpdateWorker } ]
03-10 01:35:57.302  3163  3231 W AccessibilityWindowsPopulator: The displayInfo of this displayId (0) called back from the surface fligner is null
03-10 01:35:57.302  3163  3163 I BrightnessSynchronizer: New Update: {[4732] 0.14342435(f), mUpdatedTypes=1, mConfirmedTypes=0, mTimeUpdated=0, mState=2}
03-10 01:35:57.302  3163  3163 I BrightnessSynchronizer: [4732] New Update 0.14342435(f) set brightness values:  37(i)
03-10 01:35:57.303  3163  5158 D WifiStaIfaceHidlImpl: getCachedScanData is not implemented by HIDL
03-10 01:35:57.303  3163  3163 I BrightnessSynchronizer: New PendingUpdate: {[4733] 0.14342435(f), mUpdatedTypes=0, mConfirmedTypes=0, mTimeUpdated=0, mState=1}, prev=null
03-10 01:35:57.304  6344  6344 W libc    : Access denied finding property "vendor.display.enable_optimal_refresh_rate"
03-10 01:35:57.304  6344  6344 W libc    : Access denied finding property "vendor.gpp.create_frc_extension"
03-10 01:35:57.311  2300  2300 E Scheduler: trackPendingFrame: Invalid present fence
03-10 01:35:57.311  7150  8001 D WeatherApi: isOWeather: true
03-10 01:35:57.312  5625  5669 D ShellSplitScreen: onFinishedWakingUp
03-10 01:35:57.316  3163  3163 I BrightnessSynchronizer: Swallowing update of 37(i) by update: {[4732] 0.14342435(f), mUpdatedTypes=1, mConfirmedTypes=1, mTimeUpdated=37847290, mState=2}
03-10 01:35:57.316  3163  3163 I BrightnessSynchronizer: Completed Update: {[4732] 0.14342435(f), mUpdatedTypes=1, mConfirmedTypes=1, mTimeUpdated=37847290, mState=3}
03-10 01:35:57.316  3163  3163 I BrightnessSynchronizer: New Update: {[4733] 0.14342435(f), mUpdatedTypes=0, mConfirmedTypes=0, mTimeUpdated=0, mState=2}
03-10 01:35:57.320 11749 11749 D WM-Processor: Processor eb7afce9-d620-4aef-af52-8f4032bb5a75 executed; reschedule = false
03-10 01:35:57.321  6978  6978 I Smart5G : [Smart5GService] receive action: android.intent.action.SCREEN_ON
03-10 01:35:57.323  5689  5689 E DPMJ    : |SERVICE| sendScreenState state  trueand int value 1
03-10 01:35:57.326  3163  5215 I MR2ServiceImpl: Updating composite discovery preference | preference: RouteDiscoveryRequest{ preferredFeatures={}, activeScan=false }, active routers: []
03-10 01:35:57.327  2300  2300 E Scheduler: trackPendingFrame: Invalid present fence
03-10 01:35:57.330  7314  7314 D GameMode: isScreenUnlocked: false
03-10 01:35:57.334 11749 11749 D WM-SystemJobService: eb7afce9-d620-4aef-af52-8f4032bb5a75 executed on JobScheduler
03-10 01:35:57.336  3163  4129 W PackageManager: Missing required system package: com.checkitt, but found with extended search.
03-10 01:35:57.336 11749 11845 D WM-PackageManagerHelper: androidx.work.impl.background.systemalarm.RescheduleReceiver disabled
03-10 01:35:57.342  2300  2449 I SurfaceFlinger: mBrightnessDiming=0, isCli=1, mBrightnessDimingCnt=0
03-10 01:35:57.343  5625  5625 V KeyguardStatusViewController: onTimeChanged
03-10 01:35:57.345  2300  2300 E Scheduler: trackPendingFrame: Invalid present fence
03-10 01:35:57.346  3163  3163 I BrightnessSynchronizer: New Update: {[4734] 0.14342435(f), mUpdatedTypes=0, mConfirmedTypes=0, mTimeUpdated=0, mState=2}
03-10 01:35:57.348  7545  7545 I FileStationLog: [ FileStationManager ] - screenIsOn: true, hasWindowShowed: false
03-10 01:35:57.348  7545  7545 I MotoDesktopLog: [ FileStationLog ] - broadcastMessage - cmd : 2008
03-10 01:35:57.348 10834 28438 I DeviceStatusMonitor: DeviceStatusMonitor.handleBroadcast():138 onReceive() : Action = android.intent.action.SCREEN_ON
03-10 01:35:57.348  2064  2064 I sensors-hal: batch:206, com.motorola.sensor.tap/65988, period=66667000, max_latency=0
03-10 01:35:57.349  2064  2064 I sensors-hal: set_config:57, sample_period_ns is adjusted to 0 based on min/max delay_ns
03-10 01:35:57.349  2064  2064 I sensors-hal: batch:215, com.motorola.sensor.tap/65988, period=66667000, max_latency=0 request completed
03-10 01:35:57.349  2064  2064 I sensors-hal: activate:173, com.motorola.sensor.tap/65988 en=1
03-10 01:35:57.349  2064  2064 I sensors-hal: get_qmi_debug_flag:239, support_qmi_debug : false
03-10 01:35:57.350  2061  2108 E minksocket: MinkIPC_QRTR_Service: client with node 1 port 59a0 went down
03-10 01:35:57.350  2061  2108 E minksocket: MinkIPC_QRTR_Service: client with node 1 port 59a1 went down
03-10 01:35:57.350 10834 28438 I DeviceStatusMonitor: DeviceStatusMonitor.updateCountryInfo():154 updateCountryInfo(), notifyAnyway = false
03-10 01:35:57.350  2061  2108 E minksocket: MinkIPC_QRTR_Service: client with node 1 port 59a2 went down
03-10 01:35:57.351  2064  2064 E Diag_Lib: diag: Diag_LSM_Init: invoked for pid: 2064 with init_count: 0
03-10 01:35:57.351  2061  2108 E minksocket: MinkIPC_QRTR_Service: client with node 1 port 59a3 went down
03-10 01:35:57.351  2064  2064 E Diag_Lib: diag:failed to connect to diag socket
03-10 01:35:57.351  2064  2064 E Diag_Lib:  Diag_LSM_Init: Failed to open handle to diag driver, error = 13
03-10 01:35:57.351  2064  2064 I sensors-hal: send_sync_sensor_request:341, send sync request
03-10 01:35:57.351  2064  2064 I sensors-hal: send_sync_sensor_request:367, wait for notification of response
03-10 01:35:57.352  3163  4298 I ImeTracker: com.motorola.launcher.secondarydisplay:3ead1a10: onRequestHide at ORIGIN_SERVER reason HIDE_UNSPECIFIED_WINDOW fromUser false
03-10 01:35:57.352  2064 12771 I sensors-hal: ssc_conn_resp_cb:632, resp_value = 0
03-10 01:35:57.352  3163  4298 I ImeTracker: com.motorola.launcher.secondarydisplay:3ead1a10: onCancelled at PHASE_SERVER_SHOULD_HIDE
03-10 01:35:57.352 11749 11845 D WM-GreedyScheduler: Cancelling work ID eb7afce9-d620-4aef-af52-8f4032bb5a75
03-10 01:35:57.352  2064  2064 I sensors-hal: send_sync_sensor_request:373, takes 1 ms to receive the response with 0
03-10 01:35:57.352  2064  4171 I slpi-MOT_HINGE: Hingeposture   0.0 tent:0 gpio:-1 flip:2 flat:1 b:1.9 7.6 6.0 97.9 6.7 13.7 f:1.8 -7.6 -6.0 87.6 -8.4 -13.5
03-10 01:35:57.352  2064  2064 I sensors-hal: activate:184, com.motorola.sensor.tap/65988 en=1 completed
03-10 01:35:57.368  3163  3231 W AccessibilityWindowsPopulator: The displayInfo of this displayId (0) called back from the surface fligner is null
03-10 01:35:57.370 10834 10834 I GoogleInputMethodService: GoogleInputMethodService.onFinishInput():2097 
03-10 01:35:57.371 10834 10834 I Module  : DeviceLockedStatusModuleProvider$Module.updateDeviceLockedStatus():103 repeatCheckTimes = 0, locked = false
03-10 01:35:57.372 10834 10834 W SessionManager: SessionManager.endSession():88 Try to end a not begun session [INPUT_SESSION].
03-10 01:35:57.372 10834 10834 I GoogleInputMethodService: GoogleInputMethodService.onDestroy():934 
03-10 01:35:57.372 10834 10834 I GlobeKeyExtension: GlobeKeyExtension.onDestroyExtension():162 
03-10 01:35:57.372 10834 10834 I ModuleManager: ModuleManager$ModuleInitListener.maybeUnloadModuleOnUnavailable():1386 module lvk is unavailable
03-10 01:35:57.372 10834 10834 I HardKeyTracker: HardKeyTracker.unregisterKeySequence():221 Unregister key sequence nul{labelResId=2132020475, callback=cnx@f8b1bbe, lastModifier=2, keyCodes=[47], actions=[0]}
03-10 01:35:57.372 10834 10834 I ModuleManager: ModuleManager$ModuleInitListener.maybeUnloadModuleOnUnavailable():1386 module eci is unavailable
03-10 01:35:57.372 10834 10834 I ModuleManager: ModuleManager$ModuleInitListener.maybeUnloadModuleOnUnavailable():1386 module hvi is unavailable
03-10 01:35:57.374  5993  8761 I NearbyDiscovery: (REDACTED) FastPairHandler: Received action %s
03-10 01:35:57.374  3163  4298 W InputManager-JNI: Input channel object 'b5ef859 InputMethod (client)' was disposed without first being removed with the input manager!
03-10 01:35:57.375  3163  4129 W JobScheduler: Job didn't exist in JobStore: eb29c5e {androidx.work.systemjobscheduler} #u0a656/0 @androidx.work.systemjobscheduler@com.checkitt/androidx.work.impl.background.systemjob.SystemJobService
03-10 01:35:57.376  3163  4298 I ImeTracker: com.motorola.launcher.secondarydisplay:4e5744f1: onRequestHide at ORIGIN_SERVER reason HIDE_DISPLAY_IME_POLICY_HIDE fromUser false
03-10 01:35:57.376  3163  4298 I ImeTracker: com.motorola.launcher.secondarydisplay:4e5744f1: onCancelled at PHASE_SERVER_SHOULD_HIDE
03-10 01:35:57.377 11749 11749 D WM-SystemJobService: onStopJob for WorkGenerationalId(workSpecId=eb7afce9-d620-4aef-af52-8f4032bb5a75, generation=0)
03-10 01:35:57.377 10834 10834 I ModuleManager: ModuleManager$ModuleInitListener.maybeUnloadModuleOnUnavailable():1386 module mhz is unavailable
03-10 01:35:57.377 10834 10834 I ModuleManager: ModuleManager$ModuleInitListener.maybeUnloadModuleOnUnavailable():1386 module mia is unavailable
03-10 01:35:57.377 10834 10834 I ModuleManager: ModuleManager$ModuleInitListener.maybeUnloadModuleOnUnavailable():1386 module mib is unavailable
03-10 01:35:57.377 10834 10834 I ModuleManager: ModuleManager$ModuleInitListener.maybeUnloadModuleOnUnavailable():1386 module mic is unavailable
03-10 01:35:57.377 10834 10834 I ModuleManager: ModuleManager$ModuleInitListener.maybeUnloadModuleOnUnavailable():1386 module mie is unavailable
03-10 01:35:57.377 10834 10834 I ModuleManager: ModuleManager$ModuleInitListener.maybeUnloadModuleOnUnavailable():1386 module mii is unavailable
03-10 01:35:57.377 10834 10834 I ModuleManager: ModuleManager$ModuleInitListener.maybeUnloadModuleOnUnavailable():1386 module mtq is unavailable
03-10 01:35:57.377 11749 11749 D InsetsController: hide(ime(), fromIme=true)
03-10 01:35:57.377 10834 10834 I HardKeyTracker: HardKeyTracker.unregisterKeySequence():221 Unregister key sequence nul{labelResId=0, callback=lkj@8844d35, lastModifier=0, keyCodes=[204], actions=[0]}
03-10 01:35:57.377 10834 10834 I ModuleManager: ModuleManager$ModuleInitListener.maybeUnloadModuleOnUnavailable():1386 module mts is unavailable
03-10 01:35:57.377 10834 10834 I ModuleManager: ModuleManager$ModuleInitListener.maybeUnloadModuleOnUnavailable():1386 module nyc is unavailable
03-10 01:35:57.378  5993  8761 I NearbyDiscovery: (REDACTED) PureOffloadFastPairScanner: eventType=%s, isInternalReq=%s, isScanning=%s, isScanningAllowed=%s
03-10 01:35:57.379 11749 11749 I ImeTracker: com.checkitt:dd8ec6e5: onRequestHide at ORIGIN_CLIENT reason HIDE_SOFT_INPUT_BY_INSETS_API fromUser false
03-10 01:35:57.379 10834 10834 I ModuleManager: ModuleManager$ModuleInitListener.maybeUnloadModuleOnUnavailable():1386 module ljh is unavailable
03-10 01:35:57.379 11749 11749 I ImeTracker: com.checkitt:dd8ec6e5: onCancelled at PHASE_CLIENT_APPLY_ANIMATION
03-10 01:35:57.379  5993  8761 I NearbyDiscovery: (REDACTED) ApFastPairScanner: isScreenOn=%s, isLocationEnabled=%s, disableLocationRequirement=%s, isDiscoveryScanningEnabled=%s, during24GhzWifiWarmingUpPeriod=%s
03-10 01:35:57.379  5993  8761 D BluetoothAdapter: isLeEnabled(): ON
03-10 01:35:57.379  5993  8761 I NearbyDiscovery: (REDACTED) ApFastPairScanner: eventType=%s, intReq=%s, scanning=%s, scanAllowed=%s, bleEnabled=%s, lockScanRate=%s, startScanningByLowPowerMode=%s
03-10 01:35:57.380 10834 10834 I ModuleManager: ModuleManager$ModuleInitListener.maybeUnloadModuleOnUnavailable():1386 module ewi is unavailable
03-10 01:35:57.380 10834 10834 I ModuleManager: ModuleManager$ModuleInitListener.maybeUnloadModuleOnUnavailable():1386 module fol is unavailable
03-10 01:35:57.380 10834 10834 I ModuleManager: ModuleManager$ModuleInitListener.maybeUnloadModuleOnUnavailable():1386 module fub is unavailable
03-10 01:35:57.380 10834 10834 I ModuleManager: ModuleManager$ModuleInitListener.maybeUnloadModuleOnUnavailable():1386 module fvu is unavailable
03-10 01:35:57.380 10834 10834 I ModuleManager: ModuleManager$ModuleInitListener.maybeUnloadModuleOnUnavailable():1386 module gfa is unavailable
03-10 01:35:57.380 10834 10834 I ModuleManager: ModuleManager$ModuleInitListener.maybeUnloadModuleOnUnavailable():1386 module ggo is unavailable
03-10 01:35:57.380 10834 10834 I ModuleManager: ModuleManager$ModuleInitListener.maybeUnloadModuleOnUnavailable():1386 module gjm is unavailable
03-10 01:35:57.380 10834 10834 I JapaneseMozcExtension: JapaneseMozcExtension.onDestroy():52 
03-10 01:35:57.380 10834 10834 I ModuleManager: ModuleManager$ModuleInitListener.maybeUnloadModuleOnUnavailable():1386 module gkb is unavailable
03-10 01:35:57.381 10834 10834 I ModuleManager: ModuleManager$ModuleInitListener.maybeUnloadModuleOnUnavailable():1386 module gya is unavailable
03-10 01:35:57.381 10834 10834 I ModuleManager: ModuleManager$ModuleInitListener.maybeUnloadModuleOnUnavailable():1386 module IEmojiOrGifExtension is unavailable
03-10 01:35:57.381 10834 10834 I ModuleManager: ModuleManager$ModuleInitListener.maybeUnloadModuleOnUnavailable():1386 module IEmoticonExtension is unavailable
03-10 01:35:57.381 10834 10834 I ModuleManager: ModuleManager$ModuleInitListener.maybeUnloadModuleOnUnavailable():1386 module hlc is unavailable
03-10 01:35:57.381 10834 10834 I ModuleManager: ModuleManager$ModuleInitListener.maybeUnloadModuleOnUnavailable():1386 module hoe is unavailable
03-10 01:35:57.381 10834 10834 I ModuleManager: ModuleManager$ModuleInitListener.maybeUnloadModuleOnUnavailable():1386 module hqs is unavailable
03-10 01:35:57.381 10834 10834 I ModuleManager: ModuleManager$ModuleInitListener.maybeUnloadModuleOnUnavailable():1386 module nwn is unavailable
03-10 01:35:57.382 10834 10834 I ModuleManager: ModuleManager$ModuleInitListener.maybeUnloadModuleOnUnavailable():1386 module iga is unavailable
03-10 01:35:57.382 10834 10834 I UniversalDictationExtension: UniversalDictationExtension.onDestroyExtension():136 onDestroy [UD]
03-10 01:35:57.382 10834 10834 I ModuleManager: ModuleManager$ModuleInitListener.maybeUnloadModuleOnUnavailable():1386 module igb is unavailable
03-10 01:35:57.382 10834 10834 I ModuleManager: ModuleManager$ModuleInitListener.maybeUnloadModuleOnUnavailable():1386 module iiq is unavailable
03-10 01:35:57.382 10834 10834 I NewS3RecognizerModule: NewS3RecognizerModule.onDestroy():28 onDestroy [news3]
03-10 01:35:57.382 10834 10834 I ModuleManager: ModuleManager$ModuleInitListener.maybeUnloadModuleOnUnavailable():1386 module imw is unavailable
03-10 01:35:57.382 10834 10834 I ModuleManager: ModuleManager$ModuleInitListener.maybeUnloadModuleOnUnavailable():1386 module kdw is unavailable
03-10 01:35:57.383 10834 10834 I HardKeyTracker: HardKeyTracker.unregisterKeySequence():221 Unregister key sequence nul{labelResId=2132020466, callback=cth@1dfda5b, lastModifier=2, keyCodes=[56], actions=[0]}
03-10 01:35:57.383 10834 10834 I HardKeyTracker: HardKeyTracker.unregisterKeySequence():221 Unregister key sequence nul{labelResId=2132020466, callback=cth@e39e2f8, lastModifier=0, keyCodes=[317], actions=[0]}
03-10 01:35:57.383 10834 10834 I HardKeyTracker: HardKeyTracker.unregisterKeySequence():221 Unregister key sequence nul{labelResId=2132020465, callback=cth@25db20c, lastModifier=2, keyCodes=[50], actions=[0]}
03-10 01:35:57.383 10834 10834 I HardKeyTracker: HardKeyTracker.unregisterKeySequence():221 Unregister key sequence nul{labelResId=2132020470, callback=cth@8be93f, lastModifier=2, keyCodes=[48], actions=[0]}
03-10 01:35:57.384 10834 10834 I HardKeyTracker: HardKeyTracker.unregisterKeySequence():221 Unregister key sequence nul{labelResId=2132020468, callback=cth@c1ffa99, lastModifier=2, keyCodes=[37], actions=[0]}
03-10 01:35:57.384 10834 10834 I HardKeyTracker: HardKeyTracker.unregisterKeySequence():221 Unregister key sequence nul{labelResId=2132020470, callback=cth@cfd556a, lastModifier=2, keyCodes=[48], actions=[0]}
03-10 01:35:57.384 10834 10834 I HardKeyTracker: HardKeyTracker.unregisterKeySequence():221 Unregister key sequence nul{labelResId=2132020469, callback=cth@6b0f7e0, lastModifier=65536, keyCodes=[76], actions=[0]}
03-10 01:35:57.384 10834 10834 I HardKeyTracker: HardKeyTracker.unregisterKeySequence():221 Unregister key sequence nul{labelResId=2132020465, callback=cth@f6ca755, lastModifier=2, keyCodes=[50], actions=[0]}
03-10 01:35:57.384 10834 10834 I HardKeyTracker: HardKeyTracker.unregisterKeySequence():221 Unregister key sequence nul{labelResId=2132018771, callback=cth@701e19d, lastModifier=2, keyCodes=[39], actions=[0]}
03-10 01:35:57.384 10834 10834 I ModuleManager: ModuleManager$ModuleInitListener.maybeUnloadModuleOnUnavailable():1386 module kgi is unavailable
03-10 01:35:57.385 10834 10834 I ModuleManager: ModuleManager$ModuleInitListener.maybeUnloadModuleOnUnavailable():1386 module lns is unavailable
03-10 01:35:57.385 10834 10834 I ModuleManager: ModuleManager$ModuleInitListener.maybeUnloadModuleOnUnavailable():1386 module IBannerExtension is unavailable
03-10 01:35:57.385 10834 10834 I ModuleManager: ModuleManager$ModuleInitListener.maybeUnloadModuleOnUnavailable():1386 module ohp is unavailable
03-10 01:35:57.385 10834 10834 I ModuleManager: ModuleManager$ModuleInitListener.maybeUnloadModuleOnUnavailable():1386 module oky is unavailable
03-10 01:35:57.385 10834 10834 I ModuleManager: ModuleManager$ModuleInitListener.maybeUnloadModuleOnUnavailable():1386 module ifj is unavailable
03-10 01:35:57.385 10834 10834 I ModuleManager: ModuleManager$ModuleInitListener.maybeUnloadModuleOnUnavailable():1386 module ifn is unavailable
03-10 01:35:57.386  5993  5993 D BoundBrokerSvc: onRebind: Intent { act=com.google.android.gms.findmydevice.spot.service.locationreport.START dat=chimera-action:/... cmp=com.google.android.gms/.chimera.PersistentApiService }
03-10 01:35:57.393 10834 10996 I InputActionMetricsProcessor: InputActionMetricsProcessor.onDetached():109 Detached from metrics manager.
03-10 01:35:57.400 10834 10834 I ModuleManager: ModuleManager$ModuleInitListener.maybeUnloadModuleOnUnavailable():1386 module nyi is unavailable
03-10 01:35:57.401 10834 10834 W NotificationCenter: NotificationCenter.unregisterListener():480 Listener ktn@d9774ec was not registered for notification class mev
03-10 01:35:57.401 10834 10834 W NotificationCenter: NotificationCenter.unregisterListener():480 Listener ktm@8196b9f was not registered for notification class men
03-10 01:35:57.401 10834 10834 W NotificationCenter: NotificationCenter.unregisterListener():480 Listener nhv@c31113e was not registered for notification class kgz
03-10 01:35:57.401 10834 10834 W NotificationCenter: NotificationCenter.unregisterListener():480 Listener ktc@8a9034a was not registered for notification class lhi
03-10 01:35:57.402 10834 10834 W NotificationCenter: NotificationCenter.unregisterListener():480 Listener kdq@475290 was not registered for notification class kfo
03-10 01:35:57.402 10834 10834 I HardKeyTracker: HardKeyTracker.unregisterKeySequence():221 Unregister key sequence nul{labelResId=2132020472, callback=null, lastModifier=2, keyCodes=[8], actions=[0]}
