03-10 01:25:16.055  3163  7402 W PackageManager: Missing required system package: com.adidas.app, but found with extended search.
03-10 01:25:16.055  3163  7402 W PackageManager: Missing required system package: com.acorns.early, but found with extended search.
03-10 01:25:16.055  3163  7402 W PackageManager: Missing required system package: com.acorns.android, but found with extended search.
03-10 01:25:16.055  3163  7402 W PackageManager: Missing required system package: com.Splitwise.SplitwiseMobile, but found with extended search.
03-10 01:25:16.055  3163  7402 W PackageManager: Missing required system package: app.simple.com, but found with extended search.
03-10 01:25:16.055  3163  7402 W PackageManager: Missing required system package: app.organicmaps, but found with extended search.
03-10 01:25:16.055  3163  7402 W PackageManager: Missing required system package: tv.pluto.android, but found with extended search.
03-10 01:25:16.055  3163  7402 W PackageManager: Missing required system package: net.sharewire.parkmobilev2, but found with extended search.
03-10 01:25:16.055  3163  7402 W PackageManager: Missing required system package: digit.android, but found with extended search.
03-10 01:25:16.055  3163  7402 W PackageManager: Missing required system package: com.walmart.android, but found with extended search.
03-10 01:25:16.055  3163  7402 W PackageManager: Missing required system package: com.uniqlo.usa.catalogue, but found with extended search.
03-10 01:25:16.055  3163  7402 W PackageManager: Missing required system package: com.ubercab.eats, but found with extended search.
03-10 01:25:16.055  3163  7402 W PackageManager: Missing required system package: com.tubitv, but found with extended search.
03-10 01:25:16.055  3163  7402 W PackageManager: Missing required system package: com.thetransitapp.droid, but found with extended search.
03-10 01:25:16.056  3163  7402 W PackageManager: Missing required system package: com.thehomedepot, but found with extended search.
03-10 01:25:16.056  3163  7402 W PackageManager: Missing required system package: com.target.ui, but found with extended search.
03-10 01:25:16.056  3163  7402 W PackageManager: Missing required system package: com.starbucks.mobilecard, but found with extended search.
03-10 01:25:16.056  3163  7402 W PackageManager: Missing required system package: com.squareup.cash, but found with extended search.
03-10 01:25:16.056  3163  7402 W PackageManager: Missing required system package: com.snapdeal.main, but found with extended search.
03-10 01:25:16.056  3163  7402 W PackageManager: Missing required system package: com.shopify.arrive, but found with extended search.
03-10 01:25:16.056  3163  7402 W PackageManager: Missing required system package: com.rfi.sams.android, but found with extended search.
03-10 01:25:16.056  3163  7402 W PackageManager: Missing required system package: com.remitly.androidapp, but found with extended search.
03-10 01:25:16.056  3163  7402 W PackageManager: Missing required system package: com.qapital, but found with extended search.
03-10 01:25:16.056  3163  7402 W PackageManager: Missing required system package: com.paypal.android.p2pmobile, but found with extended search.
03-10 01:25:16.056  3163  7402 W PackageManager: Missing required system package: com.overstock, but found with extended search.
03-10 01:25:16.056  3163  7402 W PackageManager: Missing required system package: com.opera.browser, but found with extended search.
03-10 01:25:16.056  3163  7402 W PackageManager: Missing required system package: com.nytimes.android, but found with extended search.
03-10 01:25:16.056  3163  7402 W PackageManager: Missing required system package: com.nordstrom.app, but found with extended search.
03-10 01:25:16.056  3163  7402 W PackageManager: Missing required system package: com.nextdoor, but found with extended search.
03-10 01:25:16.056  3163  7402 W PackageManager: Missing required system package: com.infonow.bofa, but found with extended search.
03-10 01:25:16.056  3163  7402 W PackageManager: Missing required system package: com.here.app.maps, but found with extended search.
03-10 01:25:16.056  3163  7402 W PackageManager: Missing required system package: com.google.android.apps.walletnfcrel, but found with extended search.
03-10 01:25:16.056  3163  7402 W PackageManager: Missing required system package: com.google.android.apps.magazines, but found with extended search.
03-10 01:25:16.056  3163  7402 W PackageManager: Missing required system package: com.google.android.apps.docs.editors.slides, but found with extended search.
03-10 01:25:16.057  3163  7402 W PackageManager: Missing required system package: com.google.android.apps.docs.editors.sheets, but found with extended search.
03-10 01:25:16.057  3163  7402 W PackageManager: Missing required system package: com.google.android.apps.docs.editors.docs, but found with extended search.
03-10 01:25:16.057  3163  7402 W PackageManager: Missing required system package: com.fusionmedia.investing, but found with extended search.
03-10 01:25:16.057  3163  7402 W PackageManager: Missing required system package: com.fidelity.android, but found with extended search.
03-10 01:25:16.057  3163  7402 W PackageManager: Missing required system package: com.expedia.bookings, but found with extended search.
03-10 01:25:16.057  3163  7402 W PackageManager: Missing required system package: com.depop, but found with extended search.
03-10 01:25:16.057  3163  7402 W PackageManager: Missing required system package: com.creditkarma.mobile, but found with extended search.
03-10 01:25:16.057  3163  7402 W PackageManager: Missing required system package: co.tapcart.app.id_CeeweiHh1L, but found with extended search.
03-10 01:25:16.059  2068  6060 I vendor.qti.bluetooth@1.0-ibs_handler: ProcessIbsCmd: Received IBS_WAKE_ACK: 0xFC
03-10 01:25:16.059  2068  6060 I vendor.qti.bluetooth@1.0-ibs_handler: ProcessIbsCmd: Signal wack_cond_
03-10 01:25:16.059  2068  2068 D vendor.qti.bluetooth@1.0-ibs_handler: DeviceWakeUp: Unblocked from waiting for FC, pthread_cond_timedwait ret = 0
03-10 01:25:16.061  2068  6060 I vendor.qti.bluetooth@1.0-ibs_handler: ProcessIbsCmd: Received IBS_WAKE_IND: 0xFD
03-10 01:25:16.061  2068  6060 I vendor.qti.bluetooth@1.0-ibs_handler: ProcessIbsCmd: Writing IBS_WAKE_ACK
03-10 01:25:16.063  5658  6105 I bt_shim_scanner: system/main/shim/le_scanning_manager.cc:258 ScanFilterAdd: in shim layer
03-10 01:25:16.080  5658  6105 I bt_shim_scanner: system/main/shim/le_scanning_manager.cc:220 ScanFilterParamSetup: in shim layer, clientIf=1
03-10 01:25:16.082  5658  6105 I bt_shim_scanner: system/main/shim/le_scanning_manager.cc:185 Scan: in shim layer started
03-10 01:25:16.082  5658  5907 I bluetooth: system/gd/hci/le_scanning_manager.cc:690 stop_scan: Scanning already stopped, return!
03-10 01:25:16.083  5658  5907 I bluetooth: system/gd/hci/le_address_manager.cc:226 register_client: Scheduled address rotation for first client registered
03-10 01:25:16.083  5658  5907 I bluetooth: system/gd/hci/le_address_manager.cc:229 register_client: Client registered
03-10 01:25:16.083  5658  6105 I bt_shim_scanner: system/main/shim/le_scanning_manager.cc:185 Scan: in shim layer stopped
03-10 01:25:16.083  5658  5907 I bluetooth: system/gd/hci/le_address_manager.cc:244 unregister_client: Client unregistered
03-10 01:25:16.083  5658  5907 I bluetooth: system/gd/hci/le_address_manager.cc:248 unregister_client: Cancelled address rotation alarm
03-10 01:25:16.083  5658  6105 W BtGatt.JNI: android/app/jni/com_android_bluetooth_gatt.cpp:1597 gattSetScanParametersNative: gattSetScanParametersNative
03-10 01:25:16.083  5658  6105 I bt_shim_scanner: system/main/shim/le_scanning_manager.cc:363 SetScanParameters: in shim layer, scannerId=1
03-10 01:25:16.084  5658  6105 I bt_shim_scanner: system/main/shim/le_scanning_manager.cc:185 Scan: in shim layer started
03-10 01:25:16.084  5658  5907 I bluetooth: system/gd/hci/le_scanning_manager.cc:690 stop_scan: Scanning already stopped, return!
03-10 01:25:16.084  5658  5907 I bluetooth: system/gd/hci/le_address_manager.cc:226 register_client: Scheduled address rotation for first client registered
03-10 01:25:16.084  5658  5907 I bluetooth: system/gd/hci/le_address_manager.cc:229 register_client: Client registered
03-10 01:25:16.130  2068  6060 I vendor.qti.bluetooth@1.0-ibs_handler: ProcessIbsCmd: Received IBS_SLEEP_IND: 0xFE
03-10 01:25:16.196  3163  7454 W JobScheduler: Job didn't exist in JobStore: d498396 #u0a408/20 com.google.android.adservices.api/com.android.adservices.service.measurement.registration.AsyncRegistrationQueueJobService
03-10 01:25:16.196  7893 28062 I cobalt.logger: start logging STRING metric
03-10 01:25:16.203  7893  8938 I cobalt.logger: logged occurrence event to 1 reports
03-10 01:25:16.361  3163  3227 D PowerManagerService: nativeReleaseSuspendBlocker name:PowerManagerService.Broadcasts duration ms: 0
03-10 01:25:16.405  2064  4171 D slpi-MOT_HALL: Flip send data : 0, State: far
03-10 01:25:16.406  2064  4173 I sensors-hal: handle_sns_client_event:365, mot_flip_event: now=50272310347288 hal ts=50272309348434, MOT_FLIP_STATE_OPEN, count=493.0, cause=0.0, fwreg 1
03-10 01:25:16.406  2064  4171 E slpi    : MOT_GPIO_FLIP kernel state gpio unset
03-10 01:25:16.406  2064  4173 I sensors-hal: sns_device_mode_init:227, sns_device_mode_init Start
03-10 01:25:16.406  2064  4173 I android.hardware.sensors@2.1-service.multihal: vendor/qcom/proprietary/adsprpc/src/fastrpc_apps_user.c:1553: remote_handle64_open: Successfully opened handle 0x1aeaf890 for '":;./\createstaticpd:sensorspd&_dom=adsp on domain 0
03-10 01:25:16.408  3163  3231 I DeviceStateManagerService: Cannot notify device state info change when pending state is present.
03-10 01:25:16.410  2064 30007 I android.hardware.sensors@2.1-service.multihal: vendor/qcom/proprietary/adsprpc/src/listener_android.c:116: listener thread starting
03-10 01:25:16.410  2064  4173 I android.hardware.sensors@2.1-service.multihal: vendor/qcom/proprietary/adsprpc/src/fastrpc_perf.c:273: fastrpc_perf_init: enabled systrace 0x0 and RPC traces (kernel 0, dsp 0) with frequency 1000
03-10 01:25:16.411  2064 30008 I android.hardware.sensors@2.1-service.multihal: vendor/qcom/proprietary/adsprpc/src/log_config.c:348: file_watcher_thread starting for domain 0
03-10 01:25:16.411  2064 30008 W android.hardware.sensors@2.1-service.multihal: vendor/qcom/proprietary/adsprpc/src/log_config.c:358:file_watcher_thread: Couldn't find file android.hardware.sensors@2.1-service.multihal.farf, errno (No such file or directory)
03-10 01:25:16.414  3163  3227 D TouchHwAidlService: onStateChanged.. state=1
03-10 01:25:16.414  3163  3352 W BoostOptController: not supported hint: 118
03-10 01:25:16.414  3163  3229 D CLI/SmallCLI: onDeviceLidStateChanged: state=CLOSED
03-10 01:25:16.414  2064 30007 I android.hardware.sensors@2.1-service.multihal: vendor/qcom/proprietary/adsprpc/src/mod_table.c:703: open_mod_table_open_from_static: reverse module apps_std opened with handle 0x450dfe00 (idx 0)
03-10 01:25:16.416  2064 30007 I android.hardware.sensors@2.1-service.multihal: vendor/qcom/proprietary/adsprpc/src/apps_std_imp.c:860: Successfully opened file /vendor/dsp/adsp/libsns_device_mode_skel.so
03-10 01:25:16.421  3163  3231 I LogicalDisplayMapper: Requesting Transition to state: 1, from state=0, interactive=true, mBootCompleted=true
03-10 01:25:16.421  3163  3231 I LogicalDisplayMapper: Applying layout: [{dispId: 0(ON), displayGroupName: , addr: {port=130, model=0x40446dccee101c}, mThermalBrightnessThrottlingMapId: null, mRefreshRateZoneId: null, mLeadDisplayId: -1, mLeadDisplayAddress: null, mThermalRefreshRateThrottlingMapId: null, mPowerThrottlingMapId: null}], Previous layout: [{dispId: 0(ON), displayGroupName: , addr: {port=130, model=0x40446dccee101c}, mThermalBrightnessThrottlingMapId: null, mRefreshRateZoneId: null, mLeadDisplayId: -1, mLeadDisplayAddress: null, mThermalRefreshRateThrottlingMapId: null, mPowerThrottlingMapId: null}]
03-10 01:25:16.422  3163  3231 D CLI/Rotation: Set volume keyswap sysprop for rotation 0 lidState CLOSED
03-10 01:25:16.422  2064  4173 E android.hardware.sensors@2.1-service.multihal: vendor/qcom/proprietary/adsprpc/src/fastrpc_apps_user.c:1491: Error 0x80000406: remote_handle_open_domain: dynamic loading failed for file:///libsns_device_mode_skel.so?sns_device_mode_skel_handle_invoke&_modver=1.0&_dom=adsp on domain 0 (dlerror segment 0 failed hash verification(0xE05F8000 B)) (errno Success)
03-10 01:25:16.422  2064  4173 E android.hardware.sensors@2.1-service.multihal: vendor/qcom/proprietary/adsprpc/src/fastrpc_apps_user.c:1550: Error 0x80000406: remote_handle64_open failed for file:///libsns_device_mode_skel.so?sns_device_mode_skel_handle_invoke&_modver=1.0&_dom=adsp (errno Success)
03-10 01:25:16.422  2064  4173 I sensors-hal: sns_device_mode_init:262, sns_device_mode_init End
03-10 01:25:16.422  2064  4173 E sensors-hal: sendDeviceMode:287, mot_flip: one or mode handles unopened: dm 0 rpc 1
03-10 01:25:16.423  2064  4173 E android.hardware.sensors@2.1-service.multihal: vendor/qcom/proprietary/adsprpc/src/fastrpc_apps_user.c:1366: Error 0x80000600: remote_handle_invoke failed for handle 0x0, method 1 on domain 0 (sc 0x1010200) (errno Success)
03-10 01:25:16.423  2064  4173 E android.hardware.sensors@2.1-service.multihal: vendor/qcom/proprietary/adsprpc/src/fastrpc_apps_user.c:1575: Error 0x80000600: remote_handle_close failed for handle 0x0 (dlerr \) (errno Success)
03-10 01:25:16.423  2064  4173 I android.hardware.sensors@2.1-service.multihal: vendor/qcom/proprietary/adsprpc/src/fastrpc_apps_user.c:2737: domain_deinit for domain 0: dev 77
03-10 01:25:16.425  2064 30007 E android.hardware.sensors@2.1-service.multihal: vendor/qcom/proprietary/adsprpc/src/fastrpc_apps_user.c:3516: exit_thread current process1 thread exit nErr = 0x8000040d domain 0, handle 0xb400007d1aeaf890
03-10 01:25:16.425  2064 30008 W android.hardware.sensors@2.1-service.multihal: vendor/qcom/proprietary/adsprpc/src/log_config.c:368:Warning: file_watcher_thread received exit for domain 0, file android.hardware.sensors@2.1-service.multihal.farf
03-10 01:25:16.425  2064 30008 I android.hardware.sensors@2.1-service.multihal: vendor/qcom/proprietary/adsprpc/src/log_config.c:415: file_watcher_thread exiting for domain 0
03-10 01:25:16.426  2064  4173 I android.hardware.sensors@2.1-service.multihal: vendor/qcom/proprietary/adsprpc/src/mod_table.c:789: open_mod_table_close: closed reverse module apps_std with handle 0x450dfe00
03-10 01:25:16.427  2064  4173 E android.hardware.sensors@2.1-service.multihal: vendor/qcom/proprietary/adsprpc/src/fastrpc_apps_user.c:1614: Error 0x80000600: remote_handle64_close failed for handle 0xb400007d1aeaf890 remote handle 0x0 (errno Success)
03-10 01:25:16.427  3163  4279 I CLI/Transition_Device: lid state changed: CLOSED -> OPEN, device state changed to CLOSED
03-10 01:25:16.428  3163  4279 D CLI/Transition_Lid: update lid state OPEN
03-10 01:25:16.434  3163  4279 W InputDispatcher: Focused display #0 does not have a focused window.
03-10 01:25:16.434  3163  4279 E InputDispatcher: But another display has a focused window
03-10 01:25:16.434  3163  4279 E InputDispatcher:   FocusedWindows:
03-10 01:25:16.434  3163  4279 E InputDispatcher:     displayId=1, name='2b129fe Venus-Home'
03-10 01:25:16.434  6461  6564 I Capsense_Cal: Sensor GetEvents event_count==1
03-10 01:25:16.435  6461  6564 D Capsense_Cal: SensorThread sensorEvents
03-10 01:25:16.435  6461  6564 D Capsense_Cal: Capsensor hallEventHandler sensorEvents->data[0]==1.000000
03-10 01:25:16.435  6461  6564 D Capsense_Cal: start cal : /sys/class/capsense/capsense1/reset, msg: flip_far
03-10 01:25:16.435  3163  3231 W AccessibilityWindowsPopulator: The displayInfo of this displayId (0) called back from the surface fligner is null
03-10 01:25:16.437  6461  6564 D Capsense_Cal: start cal : /sys/class/capsense/capsense0/reset, msg: flip_far
03-10 01:25:16.441  3163  3227 D TouchHwAidlService: onTapToWakeSettingsChanged isAmbientDisplayAvailable=1 aodEnable=true singleTapEnable=true doubleTapEnable=true lidState=1 callers=com.motorola.server.display.TouchHwAidlService.-$$Nest$monTapToWakeSettingsChanged:0 com.motorola.server.display.TouchHwAidlService$4.onChange:573 android.database.ContentObserver.onChange:184 
03-10 01:25:16.441  3163  3227 D TouchHwAidlService: enableTapWake mode=33 displayId=0 mGestureStowMode=true
03-10 01:25:16.442  2106  2106 I motorola.hardware.display.touch-service: Setting Gesture to 33
03-10 01:25:16.445  3163  7441 W InputManager-JNI: Input channel object '[Gesture Monitor] moto_actions_input_channel (client)' was disposed without first being removed with the input manager!
03-10 01:25:16.446  5625  5625 D SCliNotifPanelController: onLidOpen
03-10 01:25:16.446  5625  5625 V SmallCli_WindowController: state=SmallCli window State {
03-10 01:25:16.446  5625  5625 V SmallCli_WindowController:   mBrightnessVisible: false
03-10 01:25:16.446  5625  5625 V SmallCli_WindowController:   mDynamicPanelVisible: false
03-10 01:25:16.446  5625  5625 V SmallCli_WindowController:   mFlashLightPrompt: false
03-10 01:25:16.446  5625  5625 V SmallCli_WindowController:   mHeadsUpPanelVisible: false
03-10 01:25:16.446  5625  5625 V SmallCli_WindowController:   mKeyguardOccluded: false
03-10 01:25:16.446  5625  5625 V SmallCli_WindowController:   mLidOpen: true
03-10 01:25:16.446  5625  5625 V SmallCli_WindowController:   mNotificationVisible: false
03-10 01:25:16.446  5625  5625 V SmallCli_WindowController:   mPowerMenuVisible: false
03-10 01:25:16.446  5625  5625 V SmallCli_WindowController:   mQsVisible: false
03-10 01:25:16.446  5625  5625 V SmallCli_WindowController:   mVolumeVisible: false
03-10 01:25:16.446  5625  5625 V SmallCli_WindowController: }
03-10 01:25:16.446  3163  3227 D TouchHwAidlService: setGestureModeHal done mode=33 newMode=33 result=0
03-10 01:25:16.446  3163  3227 D TouchHwAidlService: enableTapWake mode=33 displayId=1 mGestureStowMode=true
03-10 01:25:16.446  3163  3227 D TouchHwAidlService: transfer mode=33 transMode=32 cli=true
03-10 01:25:16.447  2106  2106 I motorola.hardware.display.touch-service: Setting CLI Gesture to 32
03-10 01:25:16.447  3163  3227 D TouchHwAidlService: setCliGestureModeHal done mode=33 newMode=32 result=0
03-10 01:25:16.447  3163  3227 D TouchHwAidlService: enableTapWake mode=49 displayId=-1 mGestureStowMode=true
03-10 01:25:16.447  2106  2106 I motorola.hardware.display.touch-service: Setting Gesture to 49
03-10 01:25:16.447  3163  3227 D TouchHwAidlService: setGestureModeHal done mode=49 newMode=49 result=0
03-10 01:25:16.447  3163  3227 D TouchHwAidlService: transfer mode=49 transMode=48 cli=true
03-10 01:25:16.448  2106  2106 I motorola.hardware.display.touch-service: Setting CLI Gesture to 48
03-10 01:25:16.448  3163  3227 D TouchHwAidlService: setCliGestureModeHal done mode=49 newMode=48 result=0
03-10 01:25:16.449  3163  3227 D TouchHwAidlService: Unregister stow sensor
03-10 01:25:16.449  3163  3227 W AlarmManager: Unrecognized alarm listener com.motorola.server.display.TouchHwAidlService$AlarmListenerImpl@de23d8f
03-10 01:25:16.449  3163  3227 D TouchHwAidlService: Unregister stow sensor
03-10 01:25:16.449  3163  3227 W AlarmManager: Unrecognized alarm listener com.motorola.server.display.TouchHwAidlService$AlarmListenerImpl@de23d8f
03-10 01:25:16.449  3163  3227 D TouchHwAidlService: Unregister stow sensor
03-10 01:25:16.449  3163  3227 W AlarmManager: Unrecognized alarm listener com.motorola.server.display.TouchHwAidlService$AlarmListenerImpl@de23d8f
03-10 01:25:16.449  3163  3227 D TouchHwAidlService: enableGestureStowMode stowed: false
03-10 01:25:16.449  2106  2106 I motorola.hardware.display.touch-service: Setting stow gesture mode to 0 for panel 1
03-10 01:25:16.449  7314  7314 D GameMode: mCLIStatusReceiver: 1
03-10 01:25:16.449  3163  3227 D TouchHwAidlService: setStowGestureMode for cli stowed=false ret=0
03-10 01:25:16.449  3163  3227 D TouchHwAidlService: enableGestureStowMode stowed: false
03-10 01:25:16.449  2106  2106 I motorola.hardware.display.touch-service: Setting stow gesture mode to 0 for panel 1
03-10 01:25:16.449  3163  3227 D TouchHwAidlService: setStowGestureMode for cli stowed=false ret=0
03-10 01:25:16.449  3163  3227 D TouchHwAidlService: enableGestureStowMode stowed: false
03-10 01:25:16.449  2106  2106 I motorola.hardware.display.touch-service: Setting stow gesture mode to 0 for panel 1
03-10 01:25:16.450  3163  3227 D TouchHwAidlService: setStowGestureMode for cli stowed=false ret=0
03-10 01:25:16.450  2067  3269 D AHAL: AudioDevice: SetParameters: 1564: enter: cli_state=open
03-10 01:25:16.451  2067  3269 D AHAL: AudioVoice: VoiceSetParameters: 87: Enter params: cli_state=open
03-10 01:25:16.451  2067  3269 D AHAL: AudioVoice: VoiceSetParameters: 360: Exit ret: 0
03-10 01:25:16.451  2067  3269 D AHAL: FM: fm_set_parameters: 262: Enter
03-10 01:25:16.451  2067  3269 D AHAL: FM: fm_set_parameters: 320: exit
03-10 01:25:16.451  2067  3269 D AHAL: AudioDevice: SetParameters: 2361: exit: cli_state=open
03-10 01:25:16.451  7314  7314 D GameMode: exiting game mode
03-10 01:25:16.452  2723  5773 I CameraService: Previous DeviceState : 4 New DeviceState : 0
03-10 01:25:16.453  2186  2186 I CamxPrvdr@2.7-legacy: notifyDeviceStateChange: New device state: 0x0
03-10 01:25:16.453  2186  2186 I CamxComm1.0-CamModule: notifyDeviceStateChange: calling notify_device_state_change with state 0
03-10 01:25:16.453  2186  2186 D CamX    : [DEBUG][HAL    ] camxhal3module.cpp:411 NotifyDeviceStateChange() New Device State: 0
03-10 01:25:16.457  6344  6344 I WindowController: window interactive state updated to false
03-10 01:25:16.461  7314  7314 D GameMode: isFeatureSupported: true
03-10 01:25:16.462  7314  7314 D GameMode: isFeatureSupported: true
03-10 01:25:16.463  7314  7314 D GameMode: reset : false
03-10 01:25:16.464  2061  2108 E minksocket: MinkIPC_QRTR_Service: client with node 1 port 5168 went down
03-10 01:25:16.464  2061  2108 E minksocket: MinkIPC_QRTR_Service: client with node 1 port 515c went down
03-10 01:25:16.464  2061  2108 E minksocket: MinkIPC_QRTR_Service: client with node 1 port 5162 went down
03-10 01:25:16.464  2061  2108 E minksocket: MinkIPC_QRTR_Service: client with node 1 port 5156 went down
03-10 01:25:16.464  3163  4279 D CLI/Transition_Lid: started waiting for displaygroup 1 off. needMove:false, wakeForContinuityAtWill:false
03-10 01:25:16.465  3163  4279 I PowerGroup: Sleeping power group (groupId=1, uid=1000, reason=lid_switch)...
03-10 01:25:16.465  3163  4279 D PowerManagerService: ignore setGlobalWakefulnessLocked 0 due to lid state change.
03-10 01:25:16.470  3163  7454 W AccessibilityWindowsPopulator: The displayInfo of this displayId (0) called back from the surface fligner is null
03-10 01:25:16.471  3163  3163 I WindowManager: Started going to sleep... (groupId=1 why=OFF_BECAUSE_OF_USER) notifySleepToKeyguard=false lidState=1 pmSleepReason=lid_switch
03-10 01:25:16.472  7314  7314 D GameMode: isFeatureSupported: true
03-10 01:25:16.474  3163  3352 I DisplayPowerController2[1]: 03-10 01:25:16.472 - BrightnessEvent: disp=1, physDisp=local:4630947043778501763, displayState=ON, displayPolicy=OFF, brt=0.09382291, initBrt=0.09382291, rcmdBrt=0.09382291, preBrt=NaN, lux=6.8, preLux=NaN, brtNits=16.005623, hdrNits=NaN, initNits=16.005623, preNits=NaN, rcmdNits=16.005623, hdrBrightness=NaN, brt(%)=12%, brtInt=25, hbmPolicy=normal, hbmMax=0.7660316, hbmMode=off, rbcStrength=-1, thrmMax=1.0, powerFactor=1.0, wasShortTermModelActive=false, flags=, reason=automatic, autoBrightness=true, strategy=InvalidBrightnessStrategy, autoBrightnessMode=default
03-10 01:25:16.475  3163  3352 I DisplayPowerController2[1]: Blocking screen off
03-10 01:25:16.475  3163  3352 I WindowManager: Display 1 turning off...
03-10 01:25:16.475  6344  6675 D Surface : Surface::disconnect
03-10 01:25:16.475  6344  6675 D BufferQueueProducer: [Venus-Home#26705(BLAST Consumer)pid:6344](id:18c8000000f0,api:1,p:6344,c:6344) disconnect: api 1
03-10 01:25:16.475  3163  3352 I DisplayPowerController2[1]: Unblocked screen off after 0 ms
03-10 01:25:16.476  3163  3352 I WindowManager: Display1 turned off...
03-10 01:25:16.476  3163  3352 I DisplayBrightnessStrategySelector: Changing the DisplayBrightnessStrategy from InvalidBrightnessStrategy to ScreenOffBrightnessStrategy for display 1
03-10 01:25:16.476  3163  3229 D CLI/SmallCLI: onScreenTurnedOff: 
03-10 01:25:16.476  2064  2064 I sensors-hal: activate:173, com.motorola.sensor.alternate_light/65959 en=0
03-10 01:25:16.477  2061  2108 E minksocket: MinkIPC_QRTR_Service: client with node 1 port 517a went down
03-10 01:25:16.478  2064  2064 I sensors-hal: activate:184, com.motorola.sensor.alternate_light/65959 en=0 completed
03-10 01:25:16.479  3163  3352 V DisplayPowerController2[1]: Brightness [0.0] reason changing to: 'screen_off', previous reason: 'automatic'.
03-10 01:25:16.479  3163  3352 I DisplayPowerController2[1]: 03-10 01:25:16.479 - BrightnessEvent: disp=1, physDisp=local:4630947043778501763, displayState=OFF, displayPolicy=OFF, brt=0.0, initBrt=0.09382291, rcmdBrt=NaN, preBrt=NaN, lux=0.0, preLux=0.0, brtNits=3.3701954, hdrNits=NaN, initNits=16.005623, preNits=NaN, rcmdNits=NaN, hdrBrightness=NaN, brt(%)=0%, brtInt=1, hbmPolicy=normal, hbmMax=0.7660316, hbmMode=off, rbcStrength=-1, thrmMax=1.0, powerFactor=1.0, wasShortTermModelActive=false, flags=, reason=screen_off, autoBrightness=true, strategy=ScreenOffBrightnessStrategy, autoBrightnessMode=default
03-10 01:25:16.479  3163  3231 D DisplayManagerService: Ignore redundant display event 1/4 to 10416/12048
03-10 01:25:16.480  3163  5308 D TouchHwAidlService: setCliDisplayState: mCliScreenOff=true
03-10 01:25:16.480  3163  3231 I DisplayDeviceRepository: Display device changed state: "HDMI Screen", OFF
03-10 01:25:16.480  3163  5308 D TouchHwAidlService: onTapToWakeSettingsChanged isAmbientDisplayAvailable=1 aodEnable=true singleTapEnable=true doubleTapEnable=true lidState=1 callers=com.motorola.server.display.TouchHwAidlService.setCliDisplayState:554 com.motorola.server.MotoExtHwService$MotoExtHwManagerInternal.setCliDisplayState:454 com.android.server.display.LocalDisplayAdapter$LocalDisplayDevice$1.setDisplayState:1082 
03-10 01:25:16.480  3163  5308 D TouchHwAidlService: enableTapWake mode=33 displayId=0 mGestureStowMode=true
03-10 01:25:16.481  2106  2106 I motorola.hardware.display.touch-service: Setting Gesture to 33
03-10 01:25:16.481  3163  5308 D TouchHwAidlService: setGestureModeHal done mode=33 newMode=33 result=0
03-10 01:25:16.481  3163  3231 I InputManager-JNI: Viewport [0] to add: local:4630947043778501762, isActive: false
03-10 01:25:16.481  3163  3231 I InputManager-JNI: Viewport [1] to add: local:4630947043778501763, isActive: false
03-10 01:25:16.481  3163  5308 D TouchHwAidlService: enableTapWake mode=33 displayId=1 mGestureStowMode=true
03-10 01:25:16.481  3163  5308 D TouchHwAidlService: transfer mode=33 transMode=32 cli=true
03-10 01:25:16.482  2106  2106 I motorola.hardware.display.touch-service: Setting CLI Gesture to 32
03-10 01:25:16.482  3163  3352 D BrightnessThermalClamper: Thermal status observer already started
03-10 01:25:16.482  3163  3229 D ActivityTaskManager: Top Process State changed to PROCESS_STATE_TOP
03-10 01:25:16.483  3163  3229 V WindowManager: Content Recording: Display 1 state was (2), is now (1), so update recording?
03-10 01:25:16.483  5625  5669 V WindowManagerShell: Transition requested (#2144): android.os.BinderProxy@1505731 TransitionRequestInfo { type = WAKE, triggerTask = null, pipTask = null, remoteTransition = null, displayChange = null, flags = 0, debugId = 2144 }
03-10 01:25:16.484  3163  3229 D CLI/Transition: displaygroup 1, state OFF, pendingdisplaygroup 1
03-10 01:25:16.484  3163  3163 I BrightnessSynchronizer: New Update: {[4612] 0.14222452(f), mUpdatedTypes=0, mConfirmedTypes=0, mTimeUpdated=0, mState=2}
03-10 01:25:16.484  3163  4279 I PowerGroup: Waking up power group from Asleep (groupId=0, uid=1000, reason=WAKE_REASON_LID, details=cli: lid state change)...
03-10 01:25:16.484  3163  4279 W BoostOptController: not supported hint: 118
03-10 01:25:16.486  3163  3229 W SurfaceControl: Invalid layer stack -1
03-10 01:25:16.486  3163  3229 I DisplayDevice: [1] Layerstack set to -1 for local:4630947043778501763 mDisplayToken=android.os.BinderProxy@433f576 t=Transaction{mNativeObject=-5476376673043392304, mHashCode=0}
03-10 01:25:16.486  3163  4285 I InputReader: Reconfiguring input devices, changes=DISPLAY_INFO
03-10 01:25:16.486  3163  4285 I InputReader: Disabling goodix_ts (device 7) because the associated viewport is not active
03-10 01:25:16.486  3163  4285 I InputReader: Disabling zinitix_mt (device 6) because the associated viewport is not active
03-10 01:25:16.486  3163  4285 I InputReader: Device reconfigured: id=6, name='zinitix_mt', size 194x368, orientation Rotation0, mode DISABLED, display id 1
03-10 01:25:16.486  3163  3231 D PanelsService: updateCliDisplayState: mCliScreenState=OFF
03-10 01:25:16.487  3163  3163 I WindowManager: Started waking up... (groupId=0 why=ON_BECAUSE_OF_USER) pmWakeReason=WAKE_REASON_LID
03-10 01:25:16.488  7545  7545 I FileStationLog: [ FS_h$a ] - [Display] Changed display: 1
03-10 01:25:16.489  3163  3163 I WindowManager: awakenDreams callers=com.android.server.policy.PhoneWindowManager.startedWakingUp:7593 com.android.server.power.Notifier.lambda$handleEarlyInteractiveChange$0:603 com.android.server.power.Notifier.$r8$lambda$JPimfzsYkXWexBDnIhDxNZnALw4:0 com.android.server.power.Notifier$$ExternalSyntheticLambda8.run:0 android.os.Handler.handleCallback:1001 
03-10 01:25:16.489  5658  6105 I bt_shim_scanner: system/main/shim/le_scanning_manager.cc:185 Scan: in shim layer stopped
03-10 01:25:16.489  5658  5907 I bluetooth: system/gd/hci/le_address_manager.cc:244 unregister_client: Client unregistered
03-10 01:25:16.489  5658  5907 I bluetooth: system/gd/hci/le_address_manager.cc:248 unregister_client: Cancelled address rotation alarm
03-10 01:25:16.490  7545  7545 I FileStationLog: [ FS_h$a ] - [Display] Ignoring change for non-default/desktop display: 1
03-10 01:25:16.491  2068  6060 I vendor.qti.bluetooth@1.0-ibs_handler: ProcessIbsCmd: Received IBS_WAKE_IND: 0xFD
03-10 01:25:16.491  2068  6060 I vendor.qti.bluetooth@1.0-ibs_handler: ProcessIbsCmd: Writing IBS_WAKE_ACK
03-10 01:25:16.492  3163  3163 I DreamManagerService: awaken by com.android.dynsystem callingUid=1000 callingPid=3163
03-10 01:25:16.492  3163  3163 V PowerManager: userActivity when=37206480 event=0 flags=0 displayId=0 by (android) callers=android.os.PowerManager.userActivity:1487 com.android.server.dreams.DreamManagerService.requestAwakenInternal:496 com.android.server.dreams.DreamManagerService.-$$Nest$mrequestAwakenInternal:0 
03-10 01:25:16.492  3163  3163 W BoostOptController: not supported hint: 118
03-10 01:25:16.492  3163  3231 W ServiceManagerCppClient: Failed to get isDeclared for com.motorola.hardware.display.panel.IDisplayPanel/default: Status(-1, EX_SECURITY): 'SELinux denied.'
03-10 01:25:16.492  3163  3231 D DisplayPanelService: Setting panel dc mode: 0
03-10 01:25:16.493  2090  2090 I DisplayPanel: setDcMode: DC mode = OFF
03-10 01:25:16.493  2090  2090 D DisplayPanel: setParam: Success set DC to 0 for Primary display
03-10 01:25:16.493  5625  5625 D KeyguardViewMediator: KeyguardViewMediator queue processing message: NOTIFY_STARTED_WAKING_UP
03-10 01:25:16.493  5658  6105 W BtGatt.JNI: android/app/jni/com_android_bluetooth_gatt.cpp:1597 gattSetScanParametersNative: gattSetScanParametersNative
03-10 01:25:16.493  5658  6105 I bt_shim_scanner: system/main/shim/le_scanning_manager.cc:363 SetScanParameters: in shim layer, scannerId=1
03-10 01:25:16.493  5658  6105 I bt_shim_scanner: system/main/shim/le_scanning_manager.cc:185 Scan: in shim layer started
03-10 01:25:16.493 30011 30011 I ThermalEngine: Throttling daemon started
03-10 01:25:16.493 30011 30011 E ThermalEngine: config_info path not found: /sys/module/msm_thermal/config_info
03-10 01:25:16.493  5658  5907 I bluetooth: system/gd/hci/le_scanning_manager.cc:690 stop_scan: Scanning already stopped, return!
03-10 01:25:16.494  5658  5907 I bluetooth: system/gd/hci/le_address_manager.cc:226 register_client: Scheduled address rotation for first client registered
03-10 01:25:16.494  5658  5907 I bluetooth: system/gd/hci/le_address_manager.cc:229 register_client: Client registered
03-10 01:25:16.494 30011 30011 I ThermalEngine: Using device config file '/vendor/etc/thermal-engine-lynkco.conf'
03-10 01:25:16.494  6942  8472 D ForegroundUtils: Foreground UID status: 10240, true; 10246, false; 10276, true; 10292, true; 10363, false; 10394, true; 10404, true; 10408, false; 10416, false; 10618, false; 10656, true; 
03-10 01:25:16.496  3163  4279 D CLI/Transition_Lid: finished waiting for displaygroup 1 off.
03-10 01:25:16.496  3163  4279 D CLI/Rotation: Set volume keyswap sysprop for rotation 0 lidState OPEN
03-10 01:25:16.497  3163  5308 D TouchHwAidlService: setCliGestureModeHal done mode=33 newMode=32 result=0
03-10 01:25:16.497  3163  5308 D TouchHwAidlService: enableTapWake mode=49 displayId=-1 mGestureStowMode=true
03-10 01:25:16.497  2106  2106 I motorola.hardware.display.touch-service: Setting Gesture to 49
03-10 01:25:16.497  3163  3227 D TouchHwAidlService: Unregister stow sensor
03-10 01:25:16.497  3163  3227 W AlarmManager: Unrecognized alarm listener com.motorola.server.display.TouchHwAidlService$AlarmListenerImpl@de23d8f
03-10 01:25:16.497  3163  3227 D TouchHwAidlService: updateCliDisplayState: mCliScreenOn=false
03-10 01:25:16.497  3163  3227 D TouchHwAidlService: Unregister stow sensor
03-10 01:25:16.497  3163  3227 W AlarmManager: Unrecognized alarm listener com.motorola.server.display.TouchHwAidlService$AlarmListenerImpl@de23d8f
03-10 01:25:16.497  3163  3227 D TouchHwAidlService: enableGestureStowMode stowed: false
03-10 01:25:16.497  2106  2106 I motorola.hardware.display.touch-service: Setting stow gesture mode to 0 for panel 1
03-10 01:25:16.497  3163  3227 D TouchHwAidlService: setStowGestureMode for cli stowed=false ret=0
03-10 01:25:16.497  3163  3227 D TouchHwAidlService: enableGestureStowMode stowed: false
03-10 01:25:16.497  2106  2106 I motorola.hardware.display.touch-service: Setting stow gesture mode to 0 for panel 1
03-10 01:25:16.498  3163  3227 D TouchHwAidlService: setStowGestureMode for cli stowed=false ret=0
03-10 01:25:16.498  5705  5705 D GameModeDetector: notifyGameModeStatusValue, value=false
03-10 01:25:16.498  5705  5705 D DaxService: sendGameModeIntent, state=false
03-10 01:25:16.499  3163  3251 D ActivityManager: unfreezing ProcessRecord{f480274 2553:com.motorola.dolby.dolbyui/u0a182}, reason = unfreezeTemporarily, adj = 925, adjType = cch-empty, adjSource = null
03-10 01:25:16.500  3163  3251 D ActivityManager: sync unfroze 2553 com.motorola.dolby.dolbyui for 3
03-10 01:25:16.503  3163  5308 D TouchHwAidlService: setGestureModeHal done mode=49 newMode=49 result=0
03-10 01:25:16.503  3163  5308 D TouchHwAidlService: transfer mode=49 transMode=48 cli=true
03-10 01:25:16.503  2553  2641 D DolbyDaxUI: getDeviceType, active device is 0x2
03-10 01:25:16.503  2106  2106 I motorola.hardware.display.touch-service: Setting CLI Gesture to 48
03-10 01:25:16.504  3163  5308 D TouchHwAidlService: setCliGestureModeHal done mode=49 newMode=48 result=0
03-10 01:25:16.504  3163  3227 D TouchHwAidlService: Unregister stow sensor
03-10 01:25:16.504  3163  3227 W AlarmManager: Unrecognized alarm listener com.motorola.server.display.TouchHwAidlService$AlarmListenerImpl@de23d8f
03-10 01:25:16.504  3163  3227 D TouchHwAidlService: enableGestureStowMode stowed: false
03-10 01:25:16.504  2106  2106 I motorola.hardware.display.touch-service: Setting stow gesture mode to 0 for panel 1
03-10 01:25:16.504  3163  3227 D TouchHwAidlService: setStowGestureMode for cli stowed=false ret=0
03-10 01:25:16.504  3163  5308 W ServiceManagerCppClient: Failed to get isDeclared for com.motorola.hardware.display.panel.IDisplayPanel/default: Status(-1, EX_SECURITY): 'SELinux denied.'
03-10 01:25:16.504  3163  5308 D DisplayPanelService: Setting panel dc mode: 0
03-10 01:25:16.504  2090  2090 I DisplayPanel: setDcMode: DC mode = OFF
03-10 01:25:16.504  2090  2090 D DisplayPanel: setParam: Success set DC to 0 for Primary display
03-10 01:25:16.505  3163  5308 D LocalDisplayAdapter: setDisplayPowerMode mode=0 for display=android.os.BinderProxy@433f576
03-10 01:25:16.505  2553  2641 D DolbyDaxUI: getDeviceType, active device is 0x2
03-10 01:25:16.506  3163  3231 D DisplayManagerService: Ignore redundant display event 1/2 to 10310/10834
03-10 01:25:16.506  3163  3231 D DisplayManagerService: Ignore redundant display event 1/2 to 10416/12048
03-10 01:25:16.506  2300  2300 E Scheduler: trackPendingFrame: Invalid present fence
03-10 01:25:16.506  2300  2300 D SurfaceFlinger: Setting power mode 0 on display 4630947043778501763
03-10 01:25:16.508 30011 30011 I ThermalEngine: devices_manager_init: Init
03-10 01:25:16.508 30011 30011 I ThermalEngine: Number of gpus :1
03-10 01:25:16.509 30011 30011 I ThermalEngine: Number of cpus :8
03-10 01:25:16.510 30011 30011 E ThermalEngine: tmd_add_cpufreq_dev_data: Invalid or no boost freqs
03-10 01:25:16.510  2067  3269 D AHAL: AudioDevice: SetParameters: 1564: enter: screen_state=off
03-10 01:25:16.510  2067  3269 D AHAL: AudioVoice: VoiceSetParameters: 87: Enter params: screen_state=off
03-10 01:25:16.510  2067  3269 D AHAL: AudioVoice: VoiceSetParameters: 360: Exit ret: 0
03-10 01:25:16.510  2067  3269 D AHAL: FM: fm_set_parameters: 262: Enter
03-10 01:25:16.510  2067  3269 D AHAL: FM: fm_set_parameters: 320: exit
03-10 01:25:16.510  2067  3269 D AHAL: AudioDevice: SetParameters: 1628:  - screen = off
03-10 01:25:16.510  2067  3269 I PAL: ResourceManager: setParameter: 8311: Screen State:0
03-10 01:25:16.510  2067  3269 D AHAL: AudioDevice: SetParameters: 2361: exit: screen_state=off
03-10 01:25:16.511  2061  2108 E minksocket: MinkIPC_QRTR_Service: client with node 1 port 5186 went down
03-10 01:25:16.512 30011 30011 E ThermalEngine: tmd_add_cpufreq_dev_data: Invalid or no boost freqs
03-10 01:25:16.512  2061  2108 E minksocket: MinkIPC_QRTR_Service: client with node 1 port 5187 went down
03-10 01:25:16.513  2926  2926 D fpc_hidl: lid-state=1
03-10 01:25:16.513 30011 30011 E ThermalEngine: tmd_add_cpufreq_dev_data: Invalid or no boost freqs
03-10 01:25:16.513  3163  4279 D MotoFingerprint: resultCode : 0
03-10 01:25:16.514  2061  2108 E minksocket: MinkIPC_QRTR_Service: client with node 1 port 5188 went down
03-10 01:25:16.515  2061  2108 E minksocket: MinkIPC_QRTR_Service: client with node 1 port 5189 went down
03-10 01:25:16.515  2067  3269 D DlbDapEffectContext: DapEffectContext[0xb400007ca4048450] getDapParameter() outval size = 12, ret = 0
03-10 01:25:16.516  2067  3269 D DlbDapEffectContext: DapEffectContext[0xb400007ca4048450] getDapParameter() outval size = 12, ret = 0
03-10 01:25:16.516  2061  2108 E minksocket: MinkIPC_QRTR_Service: client with node 1 port 518a went down
03-10 01:25:16.516  5705 17406 D DolbyAudioEffectHelper: getDolbyStatus enabled=true profile=0
03-10 01:25:16.516  5705 17406 D DolbyProvider: true, profile=0
03-10 01:25:16.516  2061  2108 E minksocket: MinkIPC_QRTR_Service: client with node 1 port 518b went down
03-10 01:25:16.517  2061  2108 E minksocket: MinkIPC_QRTR_Service: client with node 1 port 518c went down
03-10 01:25:16.518  2061  2108 E minksocket: MinkIPC_QRTR_Service: client with node 1 port 518d went down
03-10 01:25:16.518 30011 30011 E ThermalEngine: devices_manager_reg_clnt: Invalid dev cdsp_sw.
03-10 01:25:16.514 30011 30011 W thermal-engine-: type=1400 audit(0.0:618744): avc:  denied  { read } for  scontext=u:r:vendor_thermal-engine:s0 tcontext=u:r:init:s0 tclass=file permissive=0
03-10 01:25:16.514 30011 30011 W thermal-engine-: type=1400 audit(0.0:618745): avc:  denied  { read } for  scontext=u:r:vendor_thermal-engine:s0 tcontext=u:r:kernel:s0 tclass=file permissive=0
03-10 01:25:16.514 30011 30011 W thermal-engine-: type=1400 audit(0.0:618746): avc:  denied  { read } for  scontext=u:r:vendor_thermal-engine:s0 tcontext=u:r:kernel:s0 tclass=file permissive=0
03-10 01:25:16.514 30011 30011 W thermal-engine-: type=1400 audit(0.0:618747): avc:  denied  { read } for  scontext=u:r:vendor_thermal-engine:s0 tcontext=u:r:kernel:s0 tclass=file permissive=0
03-10 01:25:16.514 30011 30011 W thermal-engine-: type=1400 audit(0.0:618748): avc:  denied  { read } for  scontext=u:r:vendor_thermal-engine:s0 tcontext=u:r:kernel:s0 tclass=file permissive=0
03-10 01:25:16.519  2061  2108 E minksocket: MinkIPC_QRTR_Service: client with node 1 port 518e went down
03-10 01:25:16.519  2061  2108 E minksocket: MinkIPC_QRTR_Service: client with node 1 port 5190 went down
03-10 01:25:16.520 30011 30016 E ThermalEngine: verify_tmd_device: Device:cpuv_restriction_cold available. max:1
03-10 01:25:16.520 30011 30016 I ThermalEngine: ADSP thermal mitigation available.
03-10 01:25:16.521  7545  7545 I FileStationLog: [ FS_h$a ] - [Display] Changed display: 0
03-10 01:25:16.521  7545  7545 I FileStationLog: [ FS_h ] - [Logic] Retrieved display info: LogicDisplayInfo(width=1080, height=2640, orientation=1, rotation=0, displayId=0)
03-10 01:25:16.521  7545  7545 I FileStationLog: [ FS_h$a ] - [Display] New logical size: 1080x2640
03-10 01:25:16.521 30011 30013 E ThermalEngine: verify_tmd_device: Device:cpuv_restriction_cold available. max:1
03-10 01:25:16.521 30011 30013 E ThermalEngine: devices_manager_add_dev: Device:cpuv_restriction_cold already exists
03-10 01:25:16.521  7545  7545 I FileStationLog: [ FS_h$a ] - [Display] Screen width unchanged: 1080
03-10 01:25:16.521 30011 30013 E ThermalEngine: verify_tmd_device: Device:modem_lte_dsc available. max:255
03-10 01:25:16.521 30011 30013 E ThermalEngine: verify_tmd_device: Device:modem_lte_sub1_dsc available. max:255
03-10 01:25:16.521 30011 30013 E ThermalEngine: verify_tmd_device: Device:modem_nr_dsc available. max:255
03-10 01:25:16.522 30011 30013 E ThermalEngine: verify_tmd_device: Device:modem_nr_sub1_dsc available. max:255
03-10 01:25:16.523 30011 30013 E ThermalEngine: verify_tmd_device: Device:modem_nr_scg_dsc available. max:255
03-10 01:25:16.523 30011 30013 E ThermalEngine: verify_tmd_device: Device:modem_nr_scg_sub1_dsc available. max:255
03-10 01:25:16.524 30011 30013 E ThermalEngine: verify_tmd_device: Device:sdr0_lte_dsc available. max:255
03-10 01:25:16.524 30011 30013 E ThermalEngine: verify_tmd_device: Device:sdr1_lte_dsc available. max:255
03-10 01:25:16.524 30011 30013 E ThermalEngine: verify_tmd_device: Device:sdr0_nr_dsc available. max:255
03-10 01:25:16.526 30011 30013 E ThermalEngine: verify_tmd_device: Device:sdr1_nr_dsc available. max:255
03-10 01:25:16.526  2195  2392 I SDM     : DisplayBase::SetDisplayState: Set state = 0, display 76-0, teardown = 0
03-10 01:25:16.526 30011 30013 E ThermalEngine: verify_tmd_device: Device:pa_lte_sdr0_dsc available. max:255
03-10 01:25:16.526  2195  2392 I SDM     : DRMPanelFeatureMgr::MarkForNullCommit: Marked 7 for null commit
03-10 01:25:16.527 30011 30013 E ThermalEngine: verify_tmd_device: Device:pa_lte_sdr1_dsc available. max:255
03-10 01:25:16.527  2061  2108 E minksocket: MinkIPC_QRTR_Service: client with node 1 port 5192 went down
03-10 01:25:16.527  2061  2108 E minksocket: MinkIPC_QRTR_Service: client with node 1 port 5193 went down
03-10 01:25:16.527  2061  2108 E minksocket: MinkIPC_QRTR_Service: client with node 1 port 5194 went down
03-10 01:25:16.527  2195  2392 I SDM     : HWDeviceDRM::NullCommit: Null commit succeeded crtc=203
03-10 01:25:16.528  2061  2108 E minksocket: MinkIPC_QRTR_Service: client with node 1 port 5195 went down
03-10 01:25:16.528 30011 30013 E ThermalEngine: verify_tmd_device: Device:pa_lte_sdr0_sub1_dsc available. max:255
03-10 01:25:16.528  2061  2108 E minksocket: MinkIPC_QRTR_Service: client with node 1 port 5196 went down
03-10 01:25:16.528 30011 30013 E ThermalEngine: verify_tmd_device: Device:pa_lte_sdr1_sub1_dsc available. max:255
03-10 01:25:16.529 30011 30013 E ThermalEngine: verify_tmd_device: Device:pa_nr_sdr0_dsc available. max:255
03-10 01:25:16.529 30011 30013 E ThermalEngine: verify_tmd_device: Device:pa_nr_sdr1_dsc available. max:255
03-10 01:25:16.529 30011 30011 I ThermalEngine: Found /system/bin/installd, file: 2737
03-10 01:25:16.529 30011 30011 E ThermalEngine: tmd_init_battery_data: type 0 
03-10 01:25:16.529 30011 30011 E ThermalEngine: tmd_init_battery_data: Unknown type: 0
03-10 01:25:16.529 30011 30011 E ThermalEngine: tmd_init_battery_data: type 1 
03-10 01:25:16.530  2061  2108 E minksocket: MinkIPC_QRTR_Service: client with node 1 port 5197 went down
03-10 01:25:16.532 30011 30013 E ThermalEngine: verify_tmd_device: Device:pa_nr_sdr0_sub1_dsc available. max:255
03-10 01:25:16.532 30011 30011 E ThermalEngine: tmd_init_battery_data: type 2 
03-10 01:25:16.532  2061  2108 E minksocket: MinkIPC_QRTR_Service: client with node 1 port 5198 went down
03-10 01:25:16.532  2061  2108 E minksocket: MinkIPC_QRTR_Service: client with node 1 port 5199 went down
03-10 01:25:16.533 30011 30013 E ThermalEngine: verify_tmd_device: Device:pa_nr_sdr1_sub1_dsc available. max:255
03-10 01:25:16.533 30011 30013 E ThermalEngine: verify_tmd_device: Device:pa_nr_sdr0_scg_dsc available. max:255
03-10 01:25:16.534 30011 30013 E ThermalEngine: verify_tmd_device: Device:pa_nr_sdr1_scg_dsc available. max:255
03-10 01:25:16.534 30011 30013 E ThermalEngine: verify_tmd_device: Device:mmw0_dsc available. max:255
03-10 01:25:16.535 30011 30013 E ThermalEngine: verify_tmd_device: Device:mmw0_sub1_dsc available. max:255
03-10 01:25:16.536 30011 30013 E ThermalEngine: verify_tmd_device: Device:mmw1_dsc available. max:255
03-10 01:25:16.536 30011 30013 E ThermalEngine: verify_tmd_device: Device:mmw1_sub1_dsc available. max:255
03-10 01:25:16.531  3163  3249 D addPss  : tracker=ProcessState{adad8c2 com.android.vending:background/10276 pkg=com.android.vending}
03-10 01:25:16.536 30011 30013 E ThermalEngine: verify_tmd_device: Device:mmw2_dsc available. max:255
03-10 01:25:16.536  2068  6060 I vendor.qti.bluetooth@1.0-ibs_handler: ProcessIbsCmd: Received IBS_SLEEP_IND: 0xFE
03-10 01:25:16.537 30011 30017 E ThermalEngine: verify_tmd_device: Device:cpuv_restriction_cold available. max:1
03-10 01:25:16.537 30011 30017 E ThermalEngine: devices_manager_add_dev: Device:cpuv_restriction_cold already exists
03-10 01:25:16.537 30011 30017 E ThermalEngine: verify_tmd_device: Device:cdsp_hw available. max:1
03-10 01:25:16.538 30011 30013 E ThermalEngine: verify_tmd_device: Device:mmw2_sub1_dsc available. max:255
03-10 01:25:16.538 30011 30017 E ThermalEngine: verify_tmd_device: Device:cdsp_sw available. max:6
03-10 01:25:16.538 30011 30017 I ThermalEngine: CDSP thermal mitigation available.
03-10 01:25:16.538 30011 30013 E ThermalEngine: verify_tmd_device: Device:mmw3_dsc available. max:255
03-10 01:25:16.538 30011 30013 E ThermalEngine: verify_tmd_device: Device:mmw3_sub1_dsc available. max:255
03-10 01:25:16.538 30011 30013 E ThermalEngine: verify_tmd_device: Device:mmw_ific_dsc available. max:255
03-10 01:25:16.539 30011 30013 E ThermalEngine: verify_tmd_device: Device:mmw_ific_sub1_dsc available. max:255
03-10 01:25:16.541 30011 30013 E ThermalEngine: verify_tmd_device: Device:wlan available. max:4
03-10 01:25:16.541 30011 30013 E ThermalEngine: verify_tmd_device: Device:wlan_bw available. max:1
03-10 01:25:16.543 30011 30013 E ThermalEngine: verify_tmd_device: Device:modem_bw_backoff available. max:255
03-10 01:25:16.543 30011 30013 E ThermalEngine: verify_tmd_device: Device:cpr_cold available. max:3
03-10 01:25:16.543 30011 30013 I ThermalEngine: MODEM thermal mitigation available.
03-10 01:25:16.543 30011 30011 E ThermalEngine: tmd_init_battery_data: type 3 
03-10 01:25:16.543 30011 30011 E ThermalEngine: tmd_init_battery_data: Unknown type: 3
03-10 01:25:16.543 30011 30011 E ThermalEngine: tmd_init_battery_data: type 4 
03-10 01:25:16.543 30011 30011 E ThermalEngine: tmd_init_battery_data: Unknown type: 4
03-10 01:25:16.543 30011 30011 E ThermalEngine: Failed to reading /sys/class/leds/lcd-backlight/max_brightness
03-10 01:25:16.543 30011 30011 E ThermalEngine: Switch to /sys/class/backlight/panel0-backlight/max_brightness successfully
03-10 01:25:16.546  3163  3231 W AccessibilityWindowsPopulator: The displayInfo of this displayId (0) called back from the surface fligner is null
03-10 01:25:16.546 30011 30011 E ThermalEngine: parse_cooling_devices: Added cooling device: display-fps with cdev id:31
03-10 01:25:16.546 30011 30011 E ThermalEngine: parse_cooling_devices: Added cooling device: cpu-hotplug3 with cdev id:21
03-10 01:25:16.546 30011 30011 E ThermalEngine: parse_cooling_devices: Added cooling device: pause-cpu3 with cdev id:11
03-10 01:25:16.546 30011 30011 E ThermalEngine: parse_cooling_devices: Added cooling device: mmw0_dsc_kr with cdev id:58
03-10 01:25:16.546 30011 30011 E ThermalEngine: parse_cooling_devices: Added cooling device: sdr0_lte_dsc_kr with cdev id:48
03-10 01:25:16.546 30011 30011 E ThermalEngine: parse_cooling_devices: Added cooling device: panel0-backlight with cdev id:38
03-10 01:25:16.547 30011 30011 E ThermalEngine: parse_cooling_devices: Added cooling device: pause-cpu7 with cdev id:8
03-10 01:25:16.547 30011 30011 E ThermalEngine: parse_cooling_devices: Added cooling device: ufs with cdev id:28
03-10 01:25:16.547 30011 30011 E ThermalEngine: parse_cooling_devices: Added cooling device: pa_nr_sdr0_scg_kr with cdev id:56
03-10 01:25:16.547 30011 30011 E ThermalEngine: parse_cooling_devices: Added cooling device: cpu-hotplug0 with cdev id:18
