03-10 14:23:16.201 22654 22654 I ThermalEngine: action_info 1 2 3
03-10 14:23:16.201 22654 22654 I ThermalEngine: [REPORT-BACK]
03-10 14:23:16.201 22654 22654 I ThermalEngine: algo_type monitor
03-10 14:23:16.201 22654 22654 I ThermalEngine: sampling 300000
03-10 14:23:16.201 22654 22654 I ThermalEngine: sensor BACK_TEMP
03-10 14:23:16.201 22654 22654 I ThermalEngine: thresholds 42000
03-10 14:23:16.201 22654 22654 I ThermalEngine: thresholds_clr 40000
03-10 14:23:16.201 22654 22654 I ThermalEngine: actions report
03-10 14:23:16.201 22654 22654 I ThermalEngine: action_info 1
03-10 14:23:16.201 22654 22654 I ThermalEngine: [REPORT-FRONT]
03-10 14:23:16.201 22654 22654 I ThermalEngine: algo_type monitor
03-10 14:23:16.201 22654 22654 I ThermalEngine: sampling 300000
03-10 14:23:16.201 22654 22654 I ThermalEngine: sensor FRONT_TEMP
03-10 14:23:16.201 22654 22654 I ThermalEngine: thresholds 42000
03-10 14:23:16.201 22654 22654 I ThermalEngine: thresholds_clr 40000
03-10 14:23:16.201 22654 22654 I ThermalEngine: actions report
03-10 14:23:16.201 22654 22654 I ThermalEngine: action_info 1
03-10 14:23:16.201 22654 22654 I ThermalEngine: [MM-TJ-MONITOR-SHUTDOWN]
03-10 14:23:16.201 22654 22654 I ThermalEngine: #algo_type monitor
03-10 14:23:16.201 22654 22654 I ThermalEngine: sampling 10
03-10 14:23:16.201 22654 22654 I ThermalEngine: sensor VIRTUAL-MM-TJ-SHUTDOWN
03-10 14:23:16.201 22654 22654 I ThermalEngine: thresholds 115000
03-10 14:23:16.201 22654 22654 I ThermalEngine: thresholds_clr 114999
03-10 14:23:16.201 22654 22654 I ThermalEngine: actions shutdown
03-10 14:23:16.201 22654 22654 I ThermalEngine: action_info 0
03-10 14:23:16.201 22654 22654 I ThermalEngine: [MDM-TJ-MONITOR-SHUTDOWN]
03-10 14:23:16.201 22654 22654 I ThermalEngine: #algo_type monitor
03-10 14:23:16.201 22654 22654 I ThermalEngine: sampling 10
03-10 14:23:16.201 22654 22654 I ThermalEngine: sensor VIRTUAL-MDM-TJ-SHUTDOWN
03-10 14:23:16.201 22654 22654 I ThermalEngine: thresholds 115000
03-10 14:23:16.201 22654 22654 I ThermalEngine: thresholds_clr 114999
03-10 14:23:16.201 22654 22654 I ThermalEngine: actions shutdown
03-10 14:23:16.201 22654 22654 I ThermalEngine: action_info 0
03-10 14:23:16.201 22654 22654 I ThermalEngine: [NSP-TJ-MONITOR-SHUTDOWN]
03-10 14:23:16.201 22654 22654 I ThermalEngine: #algo_type monitor
03-10 14:23:16.201 22654 22654 I ThermalEngine: sampling 10
03-10 14:23:16.201 22654 22654 I ThermalEngine: sensor VIRTUAL-NSP-TJ-SHUTDOWN
03-10 14:23:16.201 22654 22654 I ThermalEngine: thresholds 115000
03-10 14:23:16.201 22654 22654 I ThermalEngine: thresholds_clr 114999
03-10 14:23:16.201 22654 22654 I ThermalEngine: actions shutdown
03-10 14:23:16.201 22654 22654 I ThermalEngine: action_info 0
03-10 14:23:16.201 22654 22654 I ThermalEngine: [CPU-TJ-MONITOR-SHUTDOWN]
03-10 14:23:16.201 22654 22654 I ThermalEngine: #algo_type monitor
03-10 14:23:16.201 22654 22654 I ThermalEngine: sampling 10
03-10 14:23:16.201 22654 22654 I ThermalEngine: sensor VIRTUAL-CPU-TJ-SHUTDOWN
03-10 14:23:16.201 22654 22654 I ThermalEngine: thresholds 115000
03-10 14:23:16.201 22654 22654 I ThermalEngine: thresholds_clr 114999
03-10 14:23:16.201 22654 22654 I ThermalEngine: actions shutdown
03-10 14:23:16.201 22654 22654 I ThermalEngine: action_info 0
03-10 14:23:16.201 22654 22654 I ThermalEngine: [CPU-GOLD-TJ-MONITOR-SHUTDOWN]
03-10 14:23:16.201 22654 22654 I ThermalEngine: #algo_type monitor
03-10 14:23:16.201 22654 22654 I ThermalEngine: sampling 10
03-10 14:23:16.201 22654 22654 I ThermalEngine: sensor VIRTUAL-CPU-GOLD-TJ-SHUTDOWN
03-10 14:23:16.201 22654 22654 I ThermalEngine: thresholds 115000
03-10 14:23:16.201 22654 22654 I ThermalEngine: thresholds_clr 114999
03-10 14:23:16.201 22654 22654 I ThermalEngine: actions shutdown
03-10 14:23:16.201 22654 22654 I ThermalEngine: action_info 0
03-10 14:23:16.201 22654 22654 I ThermalEngine: [PMIC-ALARM-MONITOR-SHUTDOWN]
03-10 14:23:16.201 22654 22654 I ThermalEngine: #algo_type monitor
03-10 14:23:16.201 22654 22654 I ThermalEngine: sampling 10
03-10 14:23:16.201 22654 22654 I ThermalEngine: sensor VIRTUAL-PMIC-ALARM-SHUTDOWN
03-10 14:23:16.201 22654 22654 I ThermalEngine: thresholds 115000
03-10 14:23:16.201 22654 22654 I ThermalEngine: thresholds_clr 114999
03-10 14:23:16.201 22654 22654 I ThermalEngine: actions shutdown
03-10 14:23:16.201 22654 22654 I ThermalEngine: action_info 0
03-10 14:23:16.201 22654 22654 I ThermalEngine: [FAIL-SAFE-MONITOR]
03-10 14:23:16.201 22654 22654 I ThermalEngine: #algo_type monitor
03-10 14:23:16.201 22654 22654 I ThermalEngine: sampling 1
03-10 14:23:16.201 22654 22654 I ThermalEngine: sensor VIRTUAL-FAIL-SAFE-TJ
03-10 14:23:16.201 22654 22654 I ThermalEngine: thresholds 100000
03-10 14:23:16.201 22654 22654 I ThermalEngine: thresholds_clr 2
03-10 14:23:16.201 22654 22654 I ThermalEngine: actions camera+camcorder
03-10 14:23:16.201 22654 22654 I ThermalEngine: action_info 10+10
03-10 14:23:16.201 22654 22654 I ThermalEngine: [NSPSS-2-CAMERA-EXIT-MONITOR]
03-10 14:23:16.201 22654 22654 I ThermalEngine: #algo_type monitor
03-10 14:23:16.201 22654 22654 I ThermalEngine: sampling 10
03-10 14:23:16.201 22654 22654 I ThermalEngine: sensor nspss-2
03-10 14:23:16.201 22654 22654 I ThermalEngine: thresholds 100000
03-10 14:23:16.201 22654 22654 I ThermalEngine: thresholds_clr 95000
03-10 14:23:16.201 22654 22654 I ThermalEngine: actions camera
03-10 14:23:16.201 22654 22654 I ThermalEngine: action_info 10
03-10 14:23:16.201 22654 22654 I ThermalEngine: [NSPSS-1-CAMERA-EXIT-MONITOR]
03-10 14:23:16.201 22654 22654 I ThermalEngine: #algo_type monitor
03-10 14:23:16.201 22654 22654 I ThermalEngine: sampling 10
03-10 14:23:16.201 22654 22654 I ThermalEngine: sensor nspss-1
03-10 14:23:16.201 22654 22654 I ThermalEngine: thresholds 100000
03-10 14:23:16.201 22654 22654 I ThermalEngine: thresholds_clr 95000
03-10 14:23:16.201 22654 22654 I ThermalEngine: actions camera
03-10 14:23:16.201 22654 22654 I ThermalEngine: action_info 10
03-10 14:23:16.201 22654 22654 I ThermalEngine: [NSPSS-0-CAMERA-EXIT-MONITOR]
03-10 14:23:16.201 22654 22654 I ThermalEngine: #algo_type monitor
03-10 14:23:16.201 22654 22654 I ThermalEngine: sampling 10
03-10 14:23:16.201 22654 22654 I ThermalEngine: sensor nspss-0
03-10 14:23:16.201 22654 22654 I ThermalEngine: thresholds 100000
03-10 14:23:16.201 22654 22654 I ThermalEngine: thresholds_clr 95000
03-10 14:23:16.201 22654 22654 I ThermalEngine: actions camera
03-10 14:23:16.201 22654 22654 I ThermalEngine: action_info 10
03-10 14:23:16.202 22654 22654 I ThermalEngine: [SS-CPU7]
03-10 14:23:16.202 22654 22654 I ThermalEngine: algo_type ss
03-10 14:23:16.202 22654 22654 I ThermalEngine: sampling 2000
03-10 14:23:16.202 22654 22654 I ThermalEngine: sensor FUSE_TEMP
03-10 14:23:16.202 22654 22654 I ThermalEngine: device cpu-cluster2
03-10 14:23:16.202 22654 22654 I ThermalEngine: set_point 38000
03-10 14:23:16.202 22654 22654 I ThermalEngine: set_point_clr 37000
03-10 14:23:16.202 22654 22654 I ThermalEngine: time_constant 0
03-10 14:23:16.202 22654 22654 I ThermalEngine: device_max_limit 2169600
03-10 14:23:16.202 22654 22654 I ThermalEngine: [SS-CPU4]
03-10 14:23:16.202 22654 22654 I ThermalEngine: algo_type ss
03-10 14:23:16.202 22654 22654 I ThermalEngine: sampling 2000
03-10 14:23:16.202 22654 22654 I ThermalEngine: sensor FUSE_TEMP
03-10 14:23:16.202 22654 22654 I ThermalEngine: device cpu-cluster1
03-10 14:23:16.202 22654 22654 I ThermalEngine: set_point 38000
03-10 14:23:16.202 22654 22654 I ThermalEngine: set_point_clr 37000
03-10 14:23:16.202 22654 22654 I ThermalEngine: time_constant 0
03-10 14:23:16.202 22654 22654 I ThermalEngine: device_max_limit 2054400
03-10 14:23:16.202  5625  6171 I DreamService: DreamServiceWrapper attach: dreamToken=android.os.BinderProxy@32e950a, canDoze=true
03-10 14:23:16.202  5625  5625 I DreamService[DozeService]: attach() called: dreamToken=android.os.BinderProxy@32e950a, canDoze=true mWindow=null mWindowless=true
03-10 14:23:16.202  5625  5625 V DreamService[DozeService]: onDreamingStarted()
03-10 14:23:16.202  3706  3728 I android.hardware.thermal@2.0-service.qti-v2: Sensor Name:nsp0 temp: 37.6. prev severity:0. cur severity:0 New severity:0
03-10 14:23:16.202  3706  3728 I android.hardware.thermal@2.0-service.qti-v2: Sensor Name:nsp1 temp: 37.9. prev severity:0. cur severity:0 New severity:0
03-10 14:23:16.202  3706  3728 I android.hardware.thermal@2.0-service.qti-v2: Sensor Name:nsp2 temp: 38.6. prev severity:0. cur severity:0 New severity:0
03-10 14:23:16.202  3706  3728 I android.hardware.thermal@2.0-service.qti-v2: Sensor Name:GPU0 temp: 37.9. prev severity:0. cur severity:0 New severity:0
03-10 14:23:16.202 22654 22832 E ThermalEngine: limits_write_data_to_partition: Error opening lmh_cdsp sysfs
03-10 14:23:16.202  3706  3728 I android.hardware.thermal@2.0-service.qti-v2: Sensor Name:GPU1 temp: 37.2. prev severity:0. cur severity:0 New severity:0
03-10 14:23:16.202 22654 22832 I ThermalEngine: limits_write_data_to_partition: thread exit
03-10 14:23:16.203  3163  3352 D PowerManagerService: handleSandman ignore 0
03-10 14:23:16.203  3163  3352 D PowerManagerService: handleSandman ignore 0
03-10 14:23:16.204  5625  5625 D SbStateController: setState: requested state KEYGUARD!= upcomingState: SHADE. This usually means the status bar state transition was interrupted before the upcoming state could be applied.
03-10 14:23:16.205  2064  2064 I sensors-hal: batch:206, com.motorola.sensor.ltv/65738, period=1000000, max_latency=0
03-10 14:23:16.205  2064  2064 I sensors-hal: set_config:57, sample_period_ns is adjusted to 0 based on min/max delay_ns
03-10 14:23:16.205  2064  2064 I sensors-hal: batch:215, com.motorola.sensor.ltv/65738, period=1000000, max_latency=0 request completed
03-10 14:23:16.205  2064  2064 I sensors-hal: activate:173, com.motorola.sensor.ltv/65738 en=1
03-10 14:23:16.205  2064  2064 I sensors-hal: get_qmi_debug_flag:239, support_qmi_debug : false
03-10 14:23:16.206  2061  2108 E minksocket: MinkIPC_QRTR_Service: client with node 1 port 68bb went down
03-10 14:23:16.206  2061  2108 E minksocket: MinkIPC_QRTR_Service: client with node 1 port 68bc went down
03-10 14:23:16.206  5625  5962 D KeyguardViewMediator: updateActivityLockScreenState(false, true)
03-10 14:23:16.206  2064  2064 E Diag_Lib: diag: Diag_LSM_Init: invoked for pid: 2064 with init_count: 0
03-10 14:23:16.206  2061  2108 E minksocket: MinkIPC_QRTR_Service: client with node 1 port 68bd went down
03-10 14:23:16.206  2061  2108 E minksocket: MinkIPC_QRTR_Service: client with node 1 port 68be went down
03-10 14:23:16.207  2064  2064 E Diag_Lib: diag:failed to connect to diag socket
03-10 14:23:16.207  2064  2064 E Diag_Lib:  Diag_LSM_Init: Failed to open handle to diag driver, error = 13
03-10 14:23:16.207  2064  2064 I sensors-hal: send_sync_sensor_request:341, send sync request
03-10 14:23:16.207  2064  2064 I sensors-hal: send_sync_sensor_request:367, wait for notification of response
03-10 14:23:16.208  2064 22835 I sensors-hal: ssc_conn_resp_cb:632, resp_value = 0
03-10 14:23:16.208  2064  2064 I sensors-hal: send_sync_sensor_request:373, takes 0 ms to receive the response with 0
03-10 14:23:16.208  2064  2064 I sensors-hal: activate:184, com.motorola.sensor.ltv/65738 en=1 completed
03-10 14:23:16.208  2064  4171 I slpi    : MOT_LTV started with registry parameters (rcv_reg_items=0x1fff)
03-10 14:23:16.208  2064  4171 E slpi    : MOT_GPIO_FLIP kernel state gpio unset
03-10 14:23:16.209  2064  2064 I sensors-hal: batch:206, com.motorola.sensor.glance/65658, period=1000000, max_latency=0
03-10 14:23:16.209  2064  2064 I sensors-hal: set_config:57, sample_period_ns is adjusted to 0 based on min/max delay_ns
03-10 14:23:16.209  2064  2064 I sensors-hal: batch:215, com.motorola.sensor.glance/65658, period=1000000, max_latency=0 request completed
03-10 14:23:16.209  3163  3352 D PowerManagerService: handleSandman ignore 0
03-10 14:23:16.210  2064  2064 I sensors-hal: activate:173, com.motorola.sensor.glance/65658 en=1
03-10 14:23:16.210  2064  2064 I sensors-hal: activate:154, activate glance 65548
03-10 14:23:16.210  2064  2064 I sensors-hal: get_qmi_debug_flag:239, support_qmi_debug : false
03-10 14:23:16.211  2061  2108 E minksocket: MinkIPC_QRTR_Service: client with node 1 port 68c0 went down
03-10 14:23:16.211  2061  2108 E minksocket: MinkIPC_QRTR_Service: client with node 1 port 68c1 went down
03-10 14:23:16.211  2061  2108 E minksocket: MinkIPC_QRTR_Service: client with node 1 port 68c2 went down
03-10 14:23:16.211  2064  2064 E Diag_Lib: diag: Diag_LSM_Init: invoked for pid: 2064 with init_count: 0
03-10 14:23:16.211  2061  2108 E minksocket: MinkIPC_QRTR_Service: client with node 1 port 68c3 went down
03-10 14:23:16.212  2064  2064 E Diag_Lib: diag:failed to connect to diag socket
03-10 14:23:16.212  2064  2064 E Diag_Lib:  Diag_LSM_Init: Failed to open handle to diag driver, error = 13
03-10 14:23:16.212  2064  2064 I sensors-hal: create_sensor_config_request:143, sending MOT_GLANCE_MSGID_MOT_GLANCE_CONFIG, 0x17
03-10 14:23:16.212  2064  2064 I sensors-hal: send_sync_sensor_request:341, send sync request
03-10 14:23:16.212  2064  2064 I sensors-hal: send_sync_sensor_request:367, wait for notification of response
03-10 14:23:16.212  2064 22837 I sensors-hal: ssc_conn_resp_cb:632, resp_value = 0
03-10 14:23:16.213  2064  2064 I sensors-hal: send_sync_sensor_request:373, takes 0 ms to receive the response with 0
03-10 14:23:16.213  2064  2064 I sensors-hal: activate:184, com.motorola.sensor.glance/65658 en=1 completed
03-10 14:23:16.214  3163  3352 D PowerManagerService: handleSandman ignore 0
03-10 14:23:16.218  3163  5853 I DreamManagerService: startDozing by com.android.systemui callingUid=10394 callingPid=5625
03-10 14:23:16.219  3163  5853 D DreamManagerService: Dream requested to start dozing: android.os.Binder@c2c00e1, screenState=1, screenBrightness=-1, reason=UNKNOWN
03-10 14:23:16.220  3163  5853 D PowerManagerService: nativeSetAutoSuspend enable:false duration ms: 1
03-10 14:23:16.221  3163  5853 D PowerManagerService: nativeAcquireSuspendBlocker name:PowerManagerService.Display duration ms: 1
03-10 14:23:16.221  3163  3352 D PowerManagerService: handleSandman ignore 0
03-10 14:23:16.222  3163  3352 I DisplayPowerController2[1]: 03-10 14:23:16.221 - BrightnessEvent: disp=1, physDisp=local:4630947043778501763, displayState=OFF, displayPolicy=DOZE, brt=0.0, initBrt=0.0, rcmdBrt=NaN, preBrt=NaN, lux=0.0, preLux=0.0, brtNits=3.3701954, hdrNits=NaN, initNits=3.3701954, preNits=NaN, rcmdNits=NaN, hdrBrightness=NaN, brt(%)=0%, brtInt=1, hbmPolicy=normal, hbmMax=0.7660316, hbmMode=off, rbcStrength=-1, thrmMax=1.0, powerFactor=1.0, wasShortTermModelActive=false, flags=, reason=screen_off, autoBrightness=true, strategy=ScreenOffBrightnessStrategy, autoBrightnessMode=default
03-10 14:23:16.223  3163  3163 I WindowManager: Finished going to sleep... (groupId=0 why=OFF_BECAUSE_OF_USER) notifySleepToKeyguard=true lidState=0 pmSleepReason=lid_switch
03-10 14:23:16.224  2064  2064 I sensors-hal: activate:173, android.sensor.device_orientation/271 en=0
03-10 14:23:16.224  2064  2064 I sensors-hal: activate:184, android.sensor.device_orientation/271 en=0 completed
03-10 14:23:16.225  5625  5956 D CounterUpPreferencesStatusValue: startTracking: previous = 89 current = 90 tag = Count of how many cli AD is triggered
03-10 14:23:16.226  2061  2108 E minksocket: MinkIPC_QRTR_Service: client with node 1 port 6811 went down
03-10 14:23:16.226  3163  3352 D PowerManagerService: nativeAcquireSuspendBlocker name:PowerManagerService.Broadcasts duration ms: 3
03-10 14:23:16.226  3163  4131 I DreamController: mDreamingStartedCallback sendResult
03-10 14:23:16.226  3163  3352 D PowerManagerService: nativeSetAutoSuspend enable:true duration ms: 0
03-10 14:23:16.226  3163  3352 D PowerManagerService: nativeReleaseSuspendBlocker name:PowerManagerService.Display duration ms: 0
03-10 14:23:16.226  3163  3352 D PowerManagerService: handleSandman ignore 0
03-10 14:23:16.227  5625  5625 D SCliNotificationListener: onNotificationListUpdate: [com.android.systemui.statusbar.notification.collection.GroupEntry@b9a2c9c]
03-10 14:23:16.227  3163  3352 D PowerManagerService: handleSandman ignore 0
03-10 14:23:16.227  5625  6286 D SCliNotifPanelController: onNotificationEntryRemove: -1|com.android.systemui|1201|fully_charged_and_plugged|10394
03-10 14:23:16.227  5625  6286 D SCliNotifPanelController: onNotificationGroupRemove: com.android.systemui_u-1
03-10 14:23:16.229  3163  3352 D PowerManagerService: handleSandman ignore 0
03-10 14:23:16.230  5625  6284 D KeyguardViewMediator: USER_LOCKED intent sent
03-10 14:23:16.234  6942  6942 D NfcService: MSG_APPLY_SCREEN_STATE 1
03-10 14:23:16.234  6942  6942 D libnfc_nci: nfcManager_doSetScreenState: state = 1 prevScreenState= 8, discovry_param = 1
03-10 14:23:16.235  3163  3352 D PowerManagerService: handleSandman ignore 0
03-10 14:23:16.235  2582  8068 D NxpTml  : PN54X - Write requested.....
03-10 14:23:16.235  2582  8068 D NxpTml  : PN54X - Invoking I2C Write.....
03-10 14:23:16.236  5625  5625 W libc    : Access denied finding property "vendor.display.enable_optimal_refresh_rate"
03-10 14:23:16.236  5625  5625 W libc    : Access denied finding property "vendor.gpp.create_frc_extension"
03-10 14:23:16.237  2582  8068 D NxpTml  : Write errno : 6b
03-10 14:23:16.237  2582  8068 D NxpTml  : PN54X - Error in I2C Write.....
03-10 14:23:16.237  2582  8068 D NxpTml  : PN54X - Posting Fresh Write message.....
03-10 14:23:16.237  2582  8068 D NxpTml  : PN54X - Tml Writer Thread Running................
03-10 14:23:16.237  2582  8070 D NxpHal  : write error status = 0x1ff
03-10 14:23:16.237  2582  2582 D NxpHal  : write_unlocked failed - PN54X Maybe in Standby Mode - Retry
03-10 14:23:16.240  2064  2064 I sensors-hal: batch:206, android.sensor.accelerometer/11, period=200000000, max_latency=0
03-10 14:23:16.240  2064  2064 I sensors-hal: set_config:57, sample_period_ns is adjusted to 200000000 based on min/max delay_ns
03-10 14:23:16.240  2064  2064 I sensors-hal: batch:215, android.sensor.accelerometer/11, period=200000000, max_latency=0 request completed
03-10 14:23:16.240  3163  3163 I PowerManagerService: onFlip(): Face up.
03-10 14:23:16.244  5625  5625 W View    : requestLayout() improperly called by com.android.keyguard.CarrierText{fc2afe4 V.ED..... ..S...ID 42,0-495,108 #7f0a04a7 app:id/keyguard_carrier_text} during layout: running second layout pass
03-10 14:23:16.244  5625  5625 W View    : requestLayout() improperly called by com.android.systemui.util.AutoMarqueeTextView{fcb050b VFED..C.. ..S...ID 205,0-571,126 #7f0a0686 app:id/no_carrier_text} during layout: running second layout pass
03-10 14:23:16.247  2582  8068 D NxpTml  : PN54X - Write requested.....
03-10 14:23:16.247  2582  8068 D NxpTml  : PN54X - Invoking I2C Write.....
03-10 14:23:16.248  2582  8068 I NxpNciX : len =   7 > 20020401020100
03-10 14:23:16.248  2582  8068 D NxpTml  : PN54X - I2C Write successful.....
03-10 14:23:16.248  2582  8068 D NxpTml  : PN54X - Posting Fresh Write message.....
03-10 14:23:16.248  2582  8068 D NxpTml  : PN54X - Tml Writer Thread Running................
03-10 14:23:16.248  2582  8059 D NxpTml  : PN54X - I2C Read successful.....
03-10 14:23:16.248  2582  8059 I NxpNciR : len =   5 > 4002020000
03-10 14:23:16.248  2582  8059 D NxpTml  : PN54X - Posting read message.....
03-10 14:23:16.248  2582  8070 D NxpHal  : write successful status = 0x0
03-10 14:23:16.249  2582  8070 D NxpHal  : read successful status = 0x0
03-10 14:23:16.249  2582  8070 D NxpHal  : phNxpNciHal_print_res_status: response status =STATUS_OK
03-10 14:23:16.251  2582  8059 D NxpTml  : PN54X - Read requested.....
03-10 14:23:16.251  2582  8059 D NxpTml  : PN54X - Invoking I2C Read.....
03-10 14:23:16.251  6942  8007 D libnfc_nci: nfaDeviceManagementCallback: enter; event=0x2
03-10 14:23:16.251  6942  8007 D libnfc_nci: nfaDeviceManagementCallback: NFA_DM_SET_CONFIG_EVT
03-10 14:23:16.252  2582  8068 D NxpTml  : PN54X - Write requested.....
03-10 14:23:16.252  2582  8068 D NxpTml  : PN54X - Invoking I2C Write.....
03-10 14:23:16.252  2582  8068 I NxpNciX : len =   4 > 20090101
03-10 14:23:16.252  2582  8068 D NxpTml  : PN54X - I2C Write successful.....
03-10 14:23:16.252  2582  8068 D NxpTml  : PN54X - Posting Fresh Write message.....
03-10 14:23:16.252  2582  8068 D NxpTml  : PN54X - Tml Writer Thread Running................
03-10 14:23:16.252  5625  5941 E FromGoneTransitionInteractor: Ignoring startTransition: This interactor asked to transition from GONE -> LOCKSCREEN, but we last transitioned to DOZING, not GONE. This should never happen - check currentTransitionInfoInternal or use filterRelevantKeyguardState before starting transitions.
03-10 14:23:16.252  2582  8070 D NxpHal  : write successful status = 0x0
03-10 14:23:16.253  5625  5941 E FromGoneTransitionInteractor: This transition would not have been ignored prior to ag/26681239, since we are FINISHED in GONE (but have since started another transition). If ignoring this transition has caused a regression, fix it by ensuring that transitions are exclusively started from the most recently started state.
03-10 14:23:16.253  3163  3163 D TrustManagerService: refreshDeviceLockedForUser(userId=0, unlockedUser=-10000), secure=false, showingKeyguard=true, trusted=false, biometricAuthenticated=false, currentUserIsUnlocked=false, deviceLocked=false
03-10 14:23:16.253  2582  8059 D NxpTml  : PN54X - I2C Read successful.....
03-10 14:23:16.253  2582  8059 I NxpNciR : len =   4 > 40090100
03-10 14:23:16.253  2582  8059 D NxpTml  : PN54X - Posting read message.....
03-10 14:23:16.253  2582  8070 D NxpHal  : read successful status = 0x0
03-10 14:23:16.254  6978  6978 I Smart5G : [Smart5GService] receive action: android.intent.action.SCREEN_OFF
03-10 14:23:16.254  2582  8059 D NxpTml  : PN54X - Read requested.....
03-10 14:23:16.254  2300  2300 D SurfaceFlinger: setDesiredDisplayModeSpecs[{0, false, PR={p[24.00-120.00]Hz, r[24.00-60.00]Hz}, AR={p[0.00-120.00]Hz, r[0.00-60.00]Hz}}]: by process 3163 uid 1000 for display 4630947043778501762
03-10 14:23:16.254  2582  8059 D NxpTml  : PN54X - Invoking I2C Read.....
03-10 14:23:16.254  5625  5962 D KeyguardViewMediator: updateActivityLockScreenState(true, true)
03-10 14:23:16.254  6942  8007 D libnfc_nci: nfaDeviceManagementCallback: enter; event=0xB
03-10 14:23:16.254  6942  8007 D libnfc_nci: nfaDeviceManagementCallback: NFA_DM_SET_POWER_SUB_STATE_EVT; status=0x0
03-10 14:23:16.255  3163  3231 D CLI/Keyguard: [onKeyguardLockedStateChanged] isKeyguardLocked=true
03-10 14:23:16.255  3163  3231 D PanelsService: onKeyguardStateChanged.. isShowing=true
03-10 14:23:16.255  3163  3352 D PowerManagerService: handleSandman ignore 0
03-10 14:23:16.255  6942  6942 D NfcService: MSG_APPLY_SCREEN_STATE 2
03-10 14:23:16.256  3163  3231 D TouchHwAidlService: onKeyguardStateChanged.. isShowing=true
03-10 14:23:16.256  3163  3231 W ServiceManagerCppClient: Failed to get isDeclared for com.motorola.hardware.display.panel.IDisplayPanel/default: Status(-1, EX_SECURITY): 'SELinux denied.'
03-10 14:23:16.256  3163  3231 D DisplayPanelService: Setting panel dc mode: 0
03-10 14:23:16.256  6942  6942 D libnfc_nci: nfcManager_doSetScreenState: state = 2 prevScreenState= 1, discovry_param = 1
03-10 14:23:16.256  3163  3352 D PowerManagerService: handleSandman ignore 0
03-10 14:23:16.256  2090  2090 I DisplayPanel: setDcMode: DC mode = OFF
03-10 14:23:16.256  2090  2090 D DisplayPanel: setParam: Success set DC to 0 for Primary display
03-10 14:23:16.256  5689  5689 E DPMJ    : |SERVICE| sendScreenState state  falseand int value 0
03-10 14:23:16.257  2582  8068 D NxpTml  : PN54X - Write requested.....
03-10 14:23:16.257  2582  8068 D NxpTml  : PN54X - Invoking I2C Write.....
03-10 14:23:16.257  2582  8068 I NxpNciX : len =   4 > 20090103
03-10 14:23:16.257  2582  8068 D NxpTml  : PN54X - I2C Write successful.....
03-10 14:23:16.257  2582  8068 D NxpTml  : PN54X - Posting Fresh Write message.....
03-10 14:23:16.257  2582  8068 D NxpTml  : PN54X - Tml Writer Thread Running................
03-10 14:23:16.257  2582  8070 D NxpHal  : write successful status = 0x0
03-10 14:23:16.258  2582  8059 D NxpTml  : PN54X - I2C Read successful.....
03-10 14:23:16.258  2582  8059 I NxpNciR : len =   4 > 40090100
03-10 14:23:16.258  2582  8059 D NxpTml  : PN54X - Posting read message.....
03-10 14:23:16.258  2582  8070 D NxpHal  : read successful status = 0x0
03-10 14:23:16.258  6942  8007 D libnfc_nci: nfaDeviceManagementCallback: enter; event=0xB
03-10 14:23:16.258  6942  8007 D libnfc_nci: nfaDeviceManagementCallback: NFA_DM_SET_POWER_SUB_STATE_EVT; status=0x0
03-10 14:23:16.259  2582  8059 D NxpTml  : PN54X - Read requested.....
03-10 14:23:16.259  2582  8059 D NxpTml  : PN54X - Invoking I2C Read.....
03-10 14:23:16.259  2582  8068 D NxpTml  : PN54X - Write requested.....
03-10 14:23:16.259  2582  8068 D NxpTml  : PN54X - Invoking I2C Write.....
03-10 14:23:16.259  2582  8068 I NxpNciX : len =   7 > 20020401020100
03-10 14:23:16.259  2582  8068 D NxpTml  : PN54X - I2C Write successful.....
03-10 14:23:16.259  2582  8068 D NxpTml  : PN54X - Posting Fresh Write message.....
03-10 14:23:16.259  2582  8068 D NxpTml  : PN54X - Tml Writer Thread Running................
03-10 14:23:16.259  2582  8070 D NxpHal  : write successful status = 0x0
03-10 14:23:16.260  2582  8059 D NxpTml  : PN54X - I2C Read successful.....
03-10 14:23:16.260  2582  8059 I NxpNciR : len =   5 > 4002020000
03-10 14:23:16.260  2582  8059 D NxpTml  : PN54X - Posting read message.....
03-10 14:23:16.260  2582  8070 D NxpHal  : read successful status = 0x0
03-10 14:23:16.260  2582  8070 D NxpHal  : phNxpNciHal_print_res_status: response status =STATUS_OK
03-10 14:23:16.260  6942  8007 D libnfc_nci: nfaDeviceManagementCallback: enter; event=0x2
03-10 14:23:16.260  6942  8007 D libnfc_nci: nfaDeviceManagementCallback: NFA_DM_SET_CONFIG_EVT
03-10 14:23:16.260  2582  8059 D NxpTml  : PN54X - Read requested.....
03-10 14:23:16.260  2582  8059 D NxpTml  : PN54X - Invoking I2C Read.....
03-10 14:23:16.261  5625  5625 V PowerManager: wakeUp time=59902947 reason=WAKE_REASON_GESTURE details=com.android.systemui:SWIPE_UP_ON_AD by (com.android.systemui) callers=com.android.systemui.power.data.repository.PowerRepositoryImpl.wakeUp:26 com.android.systemui.power.domain.interactor.PowerInteractor.wakeUpIfDozing:51 com.android.systemui.statusbar.phone.StatusBarKeyguardViewManager.onPanelExpansionChanged$1:144 
03-10 14:23:16.261  3163  3352 D PowerManagerService: handleSandman ignore 0
03-10 14:23:16.261  3163  5853 I PowerGroup: Waking up power group from Dozing (groupId=1, uid=10394, reason=WAKE_REASON_GESTURE, details=com.android.systemui:SWIPE_UP_ON_AD)...
03-10 14:23:16.262  3163  5853 I PowerManagerService: Waking up from Dozing (uid=10394, reason=WAKE_REASON_GESTURE, details=com.android.systemui:SWIPE_UP_ON_AD)...
03-10 14:23:16.262  3163  5215 I MR2ServiceImpl: Updating composite discovery preference | preference: RouteDiscoveryRequest{ preferredFeatures={}, activeScan=false }, active routers: []
03-10 14:23:16.265  3163  5853 D PowerManagerService: nativeSetAutoSuspend enable:false duration ms: 2
03-10 14:23:16.267  3163  5853 D PowerManagerService: nativeAcquireSuspendBlocker name:PowerManagerService.Display duration ms: 1
03-10 14:23:16.267  3163  5853 D PowerManagerService: nativeSetPowerMode ret:true mode:7 enabled:true duration ms: 0
03-10 14:23:16.267  2078  2078 I QTI PowerHAL: Power setMode: 7 to: 1
03-10 14:23:16.267  3163  3352 I PowerManagerService: handleSandman stop dream, groupId=1
03-10 14:23:16.268  2078  2078 I QTI PowerHAL: Got set_interactive hint
03-10 14:23:16.268  2078  2078 I QTI PowerHAL: Got set_interactive hint on= 1, count= 839
03-10 14:23:16.268  3163  3352 I DreamManagerService: Gently waking up from dream.
03-10 14:23:16.268  3163  3352 I DreamManagerService: stopDreamLocked. callers=com.android.server.dreams.DreamManagerService.stopDreamInternal:542 com.android.server.dreams.DreamManagerService.-$$Nest$mstopDreamInternal:0 com.android.server.dreams.DreamManagerService$LocalService.stopDream:1251 com.android.server.power.PowerManagerService.handleSandman:4360 com.android.server.power.PowerManagerService.-$$Nest$mhandleSandman:0 
03-10 14:23:16.269  3163  3352 I WindowManager: Display 1 turning on...
03-10 14:23:16.270  3163  3163 I WindowManager: Started waking up... (groupId=1 why=ON_BECAUSE_OF_USER) pmWakeReason=WAKE_REASON_GESTURE
03-10 14:23:16.270  3163  3229 W WindowManager: All windows drawn on display 1
03-10 14:23:16.271  3163  3352 I DisplayBrightnessStrategySelector: Changing the DisplayBrightnessStrategy from ScreenOffBrightnessStrategy to InvalidBrightnessStrategy for display 1
03-10 14:23:16.271  3163  3352 E SensorManager: sensor or listener is null
03-10 14:23:16.271  3163  3163 I WindowManager: awakenDreams callers=com.android.server.policy.PhoneWindowManager.startedWakingUp:7593 com.android.server.power.Notifier.lambda$handleEarlyInteractiveChange$0:603 com.android.server.power.Notifier.$r8$lambda$JPimfzsYkXWexBDnIhDxNZnALw4:0 com.android.server.power.Notifier$$ExternalSyntheticLambda8.run:0 android.os.Handler.handleCallback:1001 
03-10 14:23:16.271  2064  2064 I sensors-hal: batch:206, com.motorola.sensor.alternate_light/65959, period=250000000, max_latency=0
03-10 14:23:16.271  3163  3163 I DreamManagerService: awaken by com.android.dynsystem callingUid=1000 callingPid=3163
03-10 14:23:16.271  2064  2064 I sensors-hal: set_config:61, no need to adjust sample_period_ns due to reporting_mode = 2
03-10 14:23:16.271  2064  2064 I sensors-hal: batch:215, com.motorola.sensor.alternate_light/65959, period=250000000, max_latency=0 request completed
03-10 14:23:16.272  3163  3163 V PowerManager: userActivity when=59902958 event=0 flags=0 displayId=0 by (android) callers=android.os.PowerManager.userActivity:1487 com.android.server.dreams.DreamManagerService.requestAwakenInternal:496 com.android.server.dreams.DreamManagerService.-$$Nest$mrequestAwakenInternal:0 
03-10 14:23:16.272  3163  3163 W BoostOptController: not supported hint: 118
03-10 14:23:16.272  5625  5669 D WindowManagerShell: onKeepClearAreasChanged: restricted={}, unrestricted={}
03-10 14:23:16.272  2064  2064 I sensors-hal: activate:173, com.motorola.sensor.alternate_light/65959 en=1
03-10 14:23:16.272  2064  2064 I sensors-hal: get_qmi_debug_flag:239, support_qmi_debug : false
03-10 14:23:16.273  3163  3231 D PanelsService: onAwakeStateChanged.. isAwake=true
03-10 14:23:16.273  3163  3231 D TouchHwAidlService: onAwakeStateChanged.. isAwake=true
03-10 14:23:16.273  3163  3231 D TouchHwAidlService: Unregister stow sensor
03-10 14:23:16.273  2061  2108 E minksocket: MinkIPC_QRTR_Service: client with node 1 port 68c5 went down
03-10 14:23:16.275  2061  2108 E minksocket: MinkIPC_QRTR_Service: client with node 1 port 68c6 went down
03-10 14:23:16.275  2061  2108 E minksocket: MinkIPC_QRTR_Service: client with node 1 port 68c7 went down
03-10 14:23:16.275  2064  2064 E Diag_Lib: diag: Diag_LSM_Init: invoked for pid: 2064 with init_count: 0
03-10 14:23:16.275  2064  2064 E Diag_Lib: diag:failed to connect to diag socket
03-10 14:23:16.275  2064  2064 E Diag_Lib:  Diag_LSM_Init: Failed to open handle to diag driver, error = 13
03-10 14:23:16.275  2064  2064 I sensors-hal: send_sensor_config_request:463, dt=ambient_light_1: convert sample_period=250000000 to batch_period=250000
03-10 14:23:16.275  2064  2064 I sensors-hal: send_sync_sensor_request:341, send sync request
03-10 14:23:16.276  2064  2064 I sensors-hal: send_sync_sensor_request:367, wait for notification of response
03-10 14:23:16.276  3163  3163 D MotoFaceProvider: Receive screen off intent
03-10 14:23:16.277  2061  2108 E minksocket: MinkIPC_QRTR_Service: client with node 1 port 68c8 went down
03-10 14:23:16.277  2064 22842 I sensors-hal: ssc_conn_resp_cb:632, resp_value = 0
03-10 14:23:16.277  2064  2064 I sensors-hal: send_sync_sensor_request:373, takes 1 ms to receive the response with 0
03-10 14:23:16.277  2064  2064 I sensors-hal: activate:184, com.motorola.sensor.alternate_light/65959 en=1 completed
03-10 14:23:16.278  3163  3352 V DisplayPowerController2[1]: Brightness [0.30429596] reason changing to: 'manual', previous reason: 'screen_off'.
03-10 14:23:16.278  2064  2064 I sensors-hal: batch:206, android.sensor.device_orientation/271, period=66667000, max_latency=0
03-10 14:23:16.278  2064  2064 I sensors-hal: set_config:61, no need to adjust sample_period_ns due to reporting_mode = 2
03-10 14:23:16.278  2064  2064 I sensors-hal: batch:215, android.sensor.device_orientation/271, period=66667000, max_latency=0 request completed
03-10 14:23:16.278  2064  2064 I sensors-hal: activate:173, android.sensor.device_orientation/271 en=1
03-10 14:23:16.278  3163  3352 I DisplayPowerController2[1]: 03-10 14:23:16.278 - BrightnessEvent: disp=1, physDisp=local:4630947043778501763, displayState=ON, displayPolicy=BRIGHT, brt=0.30429596, initBrt=0.0, rcmdBrt=NaN, preBrt=NaN, lux=NaN, preLux=NaN, brtNits=85.68579, hdrNits=NaN, initNits=3.3701954, preNits=NaN, rcmdNits=NaN, hdrBrightness=NaN, brt(%)=40%, brtInt=78, hbmPolicy=normal, hbmMax=0.7660316, hbmMode=off, rbcStrength=-1, thrmMax=1.0, powerFactor=1.0, wasShortTermModelActive=false, flags=invalid_lux , reason=manual, autoBrightness=true, strategy=InvalidBrightnessStrategy, autoBrightnessMode=default
03-10 14:23:16.279  3163  5308 D PowerManagerService: nativeSetPowerMode ret:false mode:9 enabled:false duration ms: 0
03-10 14:23:16.279  3163  5308 D TouchHwAidlService: setCliDisplayState: mCliScreenOff=false
03-10 14:23:16.279  3163  5308 D LocalDisplayAdapter: setDisplayPowerMode mode=2 for display=android.os.BinderProxy@433f576
03-10 14:23:16.279  2064  2064 I sensors-hal: get_qmi_debug_flag:239, support_qmi_debug : false
03-10 14:23:16.279  2300  2300 D SurfaceFlinger: Setting power mode 2 on display 4630947043778501763
03-10 14:23:16.279  2300  2300 I Scheduler: Display 4630947043778501763 is the pacesetter
03-10 14:23:16.280  2300  2300 I Scheduler: promotePacesetterDisplayLocked, mAcceptScrollEvent=1
03-10 14:23:16.280  2300  2300 I Scheduler: promotePacesetterDisplayLocked, mAcceptTouchNotBoostEvent=0
03-10 14:23:16.280  2061  2108 E minksocket: MinkIPC_QRTR_Service: client with node 1 port 68ca went down
03-10 14:23:16.280  2300  2300 D SurfaceFlinger: Setting desired display mode specs: {0, false, PR={p[24.00-120.00]Hz, r[24.00-120.00]Hz}, AR={p[0.00-120.00]Hz, r[0.00-120.00]Hz}} for display 4630947043778501763
03-10 14:23:16.281  2300  2300 I SurfaceFlinger: Switching to Scheduler preferred mode 0 (60.00 Hz) for display 4630947043778501763
03-10 14:23:16.281  2300  2300 W ComposerExtn: DisplayExtnImpl::SetActiveConfig: HWC Display 2 is not registered!
03-10 14:23:16.281  2300  2300 D DisplayModeController: setDesiredMode 4630947043778501763 {mode={fps=60.00 Hz, modePtr={id=0, vsyncRate=60.00 Hz, peakRefreshRate=60.00 Hz}}, emitEvent=true, force=false}
03-10 14:23:16.281  2195  2386 I SDM     : DisplayBase::SetDisplayState: Set state = 1, display 76-0, teardown = 0
03-10 14:23:16.281  2723 16663 E VendorTagDescriptor: lookupTag: Tag name 'support_get_property_2_0' does not exist.
03-10 14:23:16.282  2195  2386 I SDM     : HWDeviceDRM::NullCommit: Null commit succeeded crtc=203
03-10 14:23:16.282  5625  5625 D KeyguardViewMediator: KeyguardViewMediator queue processing message: SHOW
03-10 14:23:16.283  2061  2108 E minksocket: MinkIPC_QRTR_Service: client with node 1 port 68cb went down
03-10 14:23:16.283  3163  5528 I DreamManagerService: startDozing by com.android.systemui callingUid=10394 callingPid=5625
03-10 14:23:16.283  3163  5528 D DreamManagerService: Dream requested to start dozing: android.os.Binder@c2c00e1, screenState=2, screenBrightness=-1, reason=DREAM_MANAGER_LID_SWITCH
03-10 14:23:16.283  2064  2064 E Diag_Lib: diag: Diag_LSM_Init: invoked for pid: 2064 with init_count: 0
03-10 14:23:16.283  2061  2108 E minksocket: MinkIPC_QRTR_Service: client with node 1 port 68cc went down
03-10 14:23:16.283  2061  2108 E minksocket: MinkIPC_QRTR_Service: client with node 1 port 68cd went down
03-10 14:23:16.284  2064  2064 E Diag_Lib: diag:failed to connect to diag socket
03-10 14:23:16.284  2064  2064 E Diag_Lib:  Diag_LSM_Init: Failed to open handle to diag driver, error = 13
03-10 14:23:16.284  2064  2064 I sensors-hal: send_sensor_config_request:463, dt=mot_disprot: convert sample_period=66667000 to batch_period=66667
03-10 14:23:16.284  2064  2064 I sensors-hal: send_sync_sensor_request:341, send sync request
03-10 14:23:16.284  2064  2064 I sensors-hal: send_sync_sensor_request:367, wait for notification of response
03-10 14:23:16.284  5625  5625 D KeyguardViewMediator: KeyguardViewMediator queue processing message: NOTIFY_FINISHED_GOING_TO_SLEEP
03-10 14:23:16.284  2064 22845 I sensors-hal: ssc_conn_resp_cb:632, resp_value = 0
03-10 14:23:16.285  2064  2064 I sensors-hal: send_sync_sensor_request:373, takes 0 ms to receive the response with 0
03-10 14:23:16.285  2064  2064 I sensors-hal: activate:184, android.sensor.device_orientation/271 en=1 completed
03-10 14:23:16.285  3163  4131 W UserManagerService: Requested status bar icon for non-badged user 0
03-10 14:23:16.285  5625  5962 V PowerManager: userActivity when=59902972 event=0 flags=0 displayId=1 by (com.android.systemui) callers=com.android.systemui.keyguard.KeyguardViewMediator$$ExternalSyntheticLambda0.run:63 java.util.concurrent.ThreadPoolExecutor.runWorker:1145 java.util.concurrent.ThreadPoolExecutor$Worker.run:644 
03-10 14:23:16.286  2064  2064 I sensors-hal: batch:206, com.motorola.sensor.stowed/65568, period=200000000, max_latency=0
03-10 14:23:16.286  2064  2064 I sensors-hal: set_config:61, no need to adjust sample_period_ns due to reporting_mode = 2
03-10 14:23:16.286  2064  2064 I sensors-hal: batch:215, com.motorola.sensor.stowed/65568, period=200000000, max_latency=0 request completed
03-10 14:23:16.286  3163  3231 W AlarmManager: Unrecognized alarm listener com.motorola.server.display.TouchHwAidlService$AlarmListenerImpl@de23d8f
03-10 14:23:16.286 22654 22830 E ThermalEngine: First running, skip
03-10 14:23:16.286  3163  7024 W BoostOptController: not supported hint: 118
03-10 14:23:16.286 22654 22830 I ThermalEngine: Monitor:ACTIVE:OVERRIDE-CHG:internal_override=1:DETECT-STANDBY=1
03-10 14:23:16.286  3163  3227 D TouchHwAidlService: enableGestureStowMode stowed: false
03-10 14:23:16.286  3163  3231 I DisplayDeviceRepository: Display device changed state: "HDMI Screen", ON
03-10 14:23:16.287  2106  2106 I motorola.hardware.display.touch-service: Setting stow gesture mode to 0 for panel 1
03-10 14:23:16.287 22654 22830 I ThermalEngine: ACTION: override_c - Setting override_c to 1
03-10 14:23:16.287  5625  5625 D SCliNotificationListener: onNotificationListUpdate: [com.android.systemui.statusbar.notification.collection.GroupEntry@b9a2c9c]
03-10 14:23:16.287 22654 22847 I Thermal-Lib: Thermal-Lib-Client: Client request sent
03-10 14:23:16.287 22654 22829 I ThermalEngine: Thermal-Server: Thermal received msg from  override_c
03-10 14:23:16.288  3163  3227 D TouchHwAidlService: setStowGestureMode for cli stowed=false ret=0
03-10 14:23:16.288 10834 16352 I DeviceStatusMonitor: DeviceStatusMonitor.handleBroadcast():138 onReceive() : Action = android.intent.action.SCREEN_OFF
03-10 14:23:16.288 10834 16352 I DeviceStatusMonitor: DeviceStatusMonitor.updateCountryInfo():154 updateCountryInfo(), notifyAnyway = false
03-10 14:23:16.289 10834 10834 I Module  : DeviceLockedStatusModuleProvider$Module.updateDeviceLockedStatus():103 repeatCheckTimes = 0, locked = false
03-10 14:23:16.289 10834 10834 I InputBundle: InputBundle.consumeEvent():1029 Skip consuming an event as imeStatus is INACTIVE
03-10 14:23:16.289  3163  3163 I BrightnessSynchronizer: New Update: {[7142] 0.36232036(f), mUpdatedTypes=0, mConfirmedTypes=0, mTimeUpdated=0, mState=2}
03-10 14:23:16.289  2064  2064 I sensors-hal: activate:173, com.motorola.sensor.tap/65988 en=0
03-10 14:23:16.289  3163  3231 I InputManager-JNI: Viewport [0] to add: local:4630947043778501762, isActive: false
03-10 14:23:16.289  3163  3231 I InputManager-JNI: Viewport [1] to add: local:4630947043778501763, isActive: true
03-10 14:23:16.290  3163  3229 V WindowManager: Content Recording: Display 1 state was (1), is now (2), so update recording?
03-10 14:23:16.290  3163  3229 D CLI/Transition: displaygroup 1, state ON, pendingdisplaygroup -1
03-10 14:23:16.290  3163  3229 I DisplayDevice: [1] Layerstack set to 1 for local:4630947043778501763 mDisplayToken=android.os.BinderProxy@433f576 t=Transaction{mNativeObject=-5476376673043392304, mHashCode=0}
03-10 14:23:16.290  3163  3227 D TouchHwAidlService: updateCliDisplayState: mCliScreenOn=true
03-10 14:23:16.290  2064 22845 I sensors-hal: handle_indication_realtime:467,  SCHED_FIFO(10) for qmi_cbk
03-10 14:23:16.291  2064 22845 E sensors-hal: handle_sns_client_event:62, mot_disprot_event: now=96952195361492 ts=96951791668174, type=16, status=3
03-10 14:23:16.291  3163  7400 E WindowManager: Dream packageName does not match active dream. Package com.motorola.livewallpaper3.prebuilt.vanilla_reflection does not match ComponentInfo{com.android.systemui/com.android.systemui.doze.DozeService}
03-10 14:23:16.291  3163  3231 D PanelsService: updateCliDisplayState: mCliScreenState=ON
03-10 14:23:16.291  3163  8251 E WindowManager: Dream packageName does not match active dream. Package com.google.android.gsf does not match ComponentInfo{com.android.systemui/com.android.systemui.doze.DozeService}
03-10 14:23:16.292  2064  2064 I sensors-hal: activate:184, com.motorola.sensor.tap/65988 en=0 completed
03-10 14:23:16.292  3163  8251 E WindowManager: Dream packageName does not match active dream. Package com.google.android.gms does not match ComponentInfo{com.android.systemui/com.android.systemui.doze.DozeService}
03-10 14:23:16.291  5493  6013 W HWUI    : Surface doesn't have any previously queued frames, nothing to readback from
03-10 14:23:16.292  3163  3231 W ServiceManagerCppClient: Failed to get isDeclared for com.motorola.hardware.display.panel.IDisplayPanel/default: Status(-1, EX_SECURITY): 'SELinux denied.'
03-10 14:23:16.292  3163  3231 D DisplayPanelService: Setting panel dc mode: 0
03-10 14:23:16.292  2090  2090 I DisplayPanel: setDcMode: DC mode = OFF
03-10 14:23:16.292  2090  2090 D DisplayPanel: setParam: Success set DC to 0 for Primary display
03-10 14:23:16.292  3163  6974 E WindowManager: Dream packageName does not match active dream. Package com.motorola.motocare does not match ComponentInfo{com.android.systemui/com.android.systemui.doze.DozeService}
03-10 14:23:16.292  3163  3202 E WindowManager: Dream packageName does not match active dream. Package com.google.android.ext.services does not match ComponentInfo{com.android.systemui/com.android.systemui.doze.DozeService}
03-10 14:23:16.292  3163  7479 E WindowManager: Dream packageName does not match active dream. Package io.appium.settings does not match ComponentInfo{com.android.systemui/com.android.systemui.doze.DozeService}
03-10 14:23:16.292  3163  7441 E WindowManager: Dream packageName does not match active dream. Package com.motorola.mobiledesktop.core does not match ComponentInfo{com.android.systemui/com.android.systemui.doze.DozeService}
03-10 14:23:16.293  3163  4285 I InputReader: Reconfiguring input devices, changes=DISPLAY_INFO
03-10 14:23:16.293  3163  4285 I InputReader: Disabling goodix_ts (device 7) because the associated viewport is not active
03-10 14:23:16.293  3163  4285 I InputReader: Device reconfigured: id=6, name='zinitix_mt', size 194x368, orientation Rotation0, mode DIRECT, display id 1
03-10 14:23:16.293  2061  2108 E minksocket: MinkIPC_QRTR_Service: client with node 1 port 681b went down
03-10 14:23:16.293  3163  7400 E WindowManager: Dream packageName does not match active dream. Package com.motorola.mobiledesktop does not match ComponentInfo{com.android.systemui/com.android.systemui.doze.DozeService}
03-10 14:23:16.293  3163  5216 E WindowManager: Dream packageName does not match active dream. Package com.google.android.gsf does not match ComponentInfo{com.android.systemui/com.android.systemui.doze.DozeService}
03-10 14:23:16.293  3163  5216 E WindowManager: Dream packageName does not match active dream. Package com.google.android.gms does not match ComponentInfo{com.android.systemui/com.android.systemui.doze.DozeService}
03-10 14:23:16.293  3163  7474 E WindowManager: Dream packageName does not match active dream. Package com.nytimes.android does not match ComponentInfo{com.android.systemui/com.android.systemui.doze.DozeService}
03-10 14:23:16.294  3163  7414 E WindowManager: Dream packageName does not match active dream. Package com.android.vending does not match ComponentInfo{com.android.systemui/com.android.systemui.doze.DozeService}
03-10 14:23:16.294  3163  8251 E WindowManager: Dream packageName does not match active dream. Package com.motorola.launcher3 does not match ComponentInfo{com.android.systemui/com.android.systemui.doze.DozeService}
03-10 14:23:16.295  7545  7545 I FileStationLog: [ FS_h$a ] - [Display] Changed display: 1
03-10 14:23:16.295  3163  7024 E WindowManager: Dream packageName does not match active dream. Package com.dolby.daxservice does not match ComponentInfo{com.android.systemui/com.android.systemui.doze.DozeService}
03-10 14:23:16.295  3163  7441 E WindowManager: Dream packageName does not match active dream. Package com.motorola.mobiledesktop.core does not match ComponentInfo{com.android.systemui/com.android.systemui.doze.DozeService}
03-10 14:23:16.296  3163  7474 E WindowManager: Dream packageName does not match active dream. Package com.google.android.gsf does not match ComponentInfo{com.android.systemui/com.android.systemui.doze.DozeService}
03-10 14:23:16.296  3163  7474 E WindowManager: Dream packageName does not match active dream. Package com.google.android.gms does not match ComponentInfo{com.android.systemui/com.android.systemui.doze.DozeService}
03-10 14:23:16.297  7545  7545 I FileStationLog: [ FS_h$a ] - [Display] Ignoring change for non-default/desktop display: 1
03-10 14:23:16.300  3163  5843 E WindowManager: Dream packageName does not match active dream. Package com.google.android.inputmethod.latin does not match ComponentInfo{com.android.systemui/com.android.systemui.doze.DozeService}
03-10 14:23:16.302 10834 10834 I PkDeviceHelper: PkDeviceHelper.refreshDevices():93 refreshing devices
03-10 14:23:16.302  3163  4131 W AccessibilityWindowsPopulator: The displayInfo of this displayId (0) called back from the surface fligner is null
03-10 14:23:16.303  7545  7545 I FileStationLog: [ FileStationManager ] - screenIsOn: false, hasWindowShowed: false
03-10 14:23:16.303  7545  7545 I MotoDesktopLog: [ FileStationLog ] - broadcastMessage - cmd : 2008
03-10 14:23:16.303  3163  3231 W AccessibilityWindowsPopulator: The displayInfo of this displayId (0) called back from the surface fligner is null
03-10 14:23:16.304  3163  7441 D CoreBackPreview: Window{e1d6d9e u0 NotificationShade}: Setting back callback OnBackInvokedCallbackInfo{mCallback=android.window.IOnBackInvokedCallback$Stub$Proxy@3161fd5, mPriority=0, mIsAnimationCallback=false}
03-10 14:23:16.305  5993  8761 I NearbyDiscovery: (REDACTED) FastPairHandler: Received action %s
03-10 14:23:16.306  5993  8761 I NearbyDiscovery: (REDACTED) PureOffloadFastPairScanner: eventType=%s, isInternalReq=%s, isScanning=%s, isScanningAllowed=%s
03-10 14:23:16.306 11449 11449 I OverviewComponentObserver: updateOverviewTargets: mIsHomeDisabled=true, isDefaultHomeNull=false, mIsDefaultHome=true
03-10 14:23:16.307  5993  8761 I NearbyDiscovery: (REDACTED) ApFastPairScanner: isScreenOn=%s, isLocationEnabled=%s, disableLocationRequirement=%s, isDiscoveryScanningEnabled=%s, during24GhzWifiWarmingUpPeriod=%s
03-10 14:23:16.308  5625  5625 I vol.VolumeDialogImpl: mDialog.dismiss() reason: screen_off from: com.android.systemui.volume.VolumeDialogImpl$10.onScreenOff:4 displayId: 0 mShowing: false mIsAnimatingDismiss: true
03-10 14:23:16.308  5625  5625 D vol.VolumeDialogImpl: dismissH: skipping dismiss because isAnimatingDismiss is true and showingStateInconsistent is false
03-10 14:23:16.308  5625  5625 V DreamService[DozeService]: wakeUp(): fromSystem=true, mWaking=false, mFinished=false callers=android.service.dreams.DreamService.-$$Nest$mwakeUp:0 android.service.dreams.DreamService$DreamServiceWrapper.lambda$wakeUp$1:1794 android.service.dreams.DreamService$DreamServiceWrapper.$r8$lambda$SFP-NasoKFNaaOvKHyJqrl_aPt8:0 android.service.dreams.DreamService$DreamServiceWrapper$$ExternalSyntheticLambda3.run:0 android.os.Handler.handleCallback:1001 
03-10 14:23:16.308  5625  5625 V DreamService[DozeService]: finish(): mFinished=false activity=null callers=android.service.dreams.DreamService.onWakeUp:1197 android.service.dreams.DreamService.wakeUp:1360 android.service.dreams.DreamService.-$$Nest$mwakeUp:0 android.service.dreams.DreamService$DreamServiceWrapper.lambda$wakeUp$1:1794 android.service.dreams.DreamService$DreamServiceWrapper.$r8$lambda$SFP-NasoKFNaaOvKHyJqrl_aPt8:0 
03-10 14:23:16.308 11449 11449 D StateManager: goToState - fromState: Normal, toState: Normal, partial trace:
03-10 14:23:16.308 11449 11449 D StateManager: 	at com.android.launcher3.Launcher.onScreenOnChanged(Launcher.java:3017)
03-10 14:23:16.308 11449 11449 D StateManager: 	at com.android.launcher3.Launcher$$ExternalSyntheticLambda25.onScreenOnChanged(D8$$SyntheticClass:0)
03-10 14:23:16.308 11449 11449 D StateManager: 	at com.android.launcher3.util.ScreenOnTracker.lambda$dispatchScreenOnChanged$0(ScreenOnTracker.java:67)
03-10 14:23:16.308  3163  6974 I DreamManagerService: finishSelf by com.android.systemui callingUid=10394 callingPid=5625
