03-09 21:05:20.883 21733 21999 W System.err: 	at com.ss.ugc.effectplatform.task.BaseTask.run(Unknown Source:262173)
03-09 21:05:20.883 21733 21999 W System.err: 	at com.ss.ugc.effectplatform.task.algorithm.FetchModelAndEffectTask.g(Unknown Source:33947741)
03-09 21:05:20.883 21733 21999 W System.err: 	at com.ss.ugc.effectplatform.algorithm.AlgorithmEffectFetcher.c(Unknown Source:33947799)
03-09 21:05:20.883 21733 21999 W System.err: 	at com.ss.ugc.effectplatform.repository.AlgorithmRepository$fetchResourcesByRequirementsAndModelNames$1.a(Unknown Source:262158)
03-09 21:05:20.883 21733 21999 W System.err: 	at com.ss.ugc.effectplatform.task.BaseTask.run(Unknown Source:262173)
03-09 21:05:20.883 21733 21999 W System.err: 	at com.ss.ugc.effectplatform.task.TaskManager$commit$2.run(Unknown Source:262161)
03-09 21:05:20.883 21733 21999 W System.err: 	at com.ss.android.ugc.effectmanager.knadapt.KNExecutor$execute$1.run(Unknown Source:65540)
03-09 21:05:20.883 21733 21999 W System.err: 	at kotlinx.coroutines.internal.LimitedDispatcher.run(Unknown Source:327691)
03-09 21:05:20.883 21733 21999 W System.err: 	at kotlinx.coroutines.scheduling.TaskImpl.run(Unknown Source:196610)
03-09 21:05:20.883 21733 21999 W System.err: 	at kotlinx.coroutines.scheduling.CoroutineScheduler$Worker.run(Unknown Source:458805)
03-09 21:05:20.887 21733 21999 D Helios:Network-White: Block request lf19-effectcdn-us.tiktokcdn-us.com
03-09 21:05:20.891 21733 21819 D Helios:Network-TTNet: pop event true for 36d496ea-fa10-4d12-9d5d-4db5bb38cd85
03-09 21:05:20.960 21733 21999 W System.err: java.lang.IllegalArgumentException: cdnHostSuffix is not init !!!
03-09 21:05:20.960 21733 21999 W System.err: 	at com.bytedance.ttnet.AppConsts.getCdnHostSuffix(Unknown Source:196629)
03-09 21:05:20.960 21733 21999 W System.err: 	at com.bytedance.ttnet.config.AppConfig.cdnShouldSampling(Unknown Source:17039391)
03-09 21:05:20.960 21733 21999 W System.err: 	at com.lm.components.network.download.DownloadClient.a(Unknown Source:50790561)
03-09 21:05:20.960 21733 21999 W System.err: 	at com.lm.components.network.NetworkManager.a(Unknown Source:33751062)
03-09 21:05:20.960 21733 21999 W System.err: 	at com.vega.core.net.NetworkManagerWrapper.b(Unknown Source:33751057)
03-09 21:05:20.960 21733 21999 W System.err: 	at com.vega.libeffect.di.EffectManagerModule$CronetNetWorker.a(Unknown Source:33882165)
03-09 21:05:20.960 21733 21999 W System.err: 	at com.vega.libeffect.di.EffectManagerModule$CronetNetWorker.execute(Unknown Source:17170548)
03-09 21:05:20.960 21733 21999 W System.err: 	at com.ss.android.ugc.effectmanager.knadapt.KNNetworkClient.fetchFromNetwork(Unknown Source:17170482)
03-09 21:05:20.960 21733 21999 W System.err: 	at com.ss.ugc.effectplatform.download.DownloadManager.a(Unknown Source:34078814)
03-09 21:05:20.960 21733 21999 W System.err: 	at com.ss.ugc.effectplatform.task.algorithm.FetchModelTask.g(Unknown Source:33947799)
03-09 21:05:20.960 21733 21999 W System.err: 	at com.ss.ugc.effectplatform.task.algorithm.FetchModelTask.h(Unknown Source:17170551)
03-09 21:05:20.960 21733 21999 W System.err: 	at com.ss.ugc.effectplatform.task.algorithm.FetchModelTask.a(Unknown Source:327697)
03-09 21:05:20.960 21733 21999 W System.err: 	at com.ss.ugc.effectplatform.task.BaseTask.run(Unknown Source:262173)
03-09 21:05:20.960 21733 21999 W System.err: 	at com.ss.ugc.effectplatform.task.algorithm.FetchModelAndEffectTask.g(Unknown Source:33947741)
03-09 21:05:20.960 21733 21999 W System.err: 	at com.ss.ugc.effectplatform.algorithm.AlgorithmEffectFetcher.c(Unknown Source:33947799)
03-09 21:05:20.960 21733 21999 W System.err: 	at com.ss.ugc.effectplatform.repository.AlgorithmRepository$fetchResourcesByRequirementsAndModelNames$1.a(Unknown Source:262158)
03-09 21:05:20.960 21733 21999 W System.err: 	at com.ss.ugc.effectplatform.task.BaseTask.run(Unknown Source:262173)
03-09 21:05:20.960 21733 21999 W System.err: 	at com.ss.ugc.effectplatform.task.TaskManager$commit$2.run(Unknown Source:262161)
03-09 21:05:20.960 21733 21999 W System.err: 	at com.ss.android.ugc.effectmanager.knadapt.KNExecutor$execute$1.run(Unknown Source:65540)
03-09 21:05:20.960 21733 21999 W System.err: 	at kotlinx.coroutines.internal.LimitedDispatcher.run(Unknown Source:327691)
03-09 21:05:20.960 21733 21999 W System.err: 	at kotlinx.coroutines.scheduling.TaskImpl.run(Unknown Source:196610)
03-09 21:05:20.960 21733 21999 W System.err: 	at kotlinx.coroutines.scheduling.CoroutineScheduler$Worker.run(Unknown Source:458805)
03-09 21:05:20.964 21733 21999 D Helios:Network-White: Block request lf19-effectcdn-us.tiktokcdn-us.com
03-09 21:05:20.971 21733 21819 D Helios:Network-TTNet: pop event true for 23ecb53a-f22e-4a9c-b62f-a968902e5eb3
03-09 21:05:21.005 21733 21999 W System.err: java.lang.IllegalArgumentException: cdnHostSuffix is not init !!!
03-09 21:05:21.005 21733 21999 W System.err: 	at com.bytedance.ttnet.AppConsts.getCdnHostSuffix(Unknown Source:196629)
03-09 21:05:21.005 21733 21999 W System.err: 	at com.bytedance.ttnet.config.AppConfig.cdnShouldSampling(Unknown Source:17039391)
03-09 21:05:21.005 21733 21999 W System.err: 	at com.lm.components.network.download.DownloadClient.a(Unknown Source:50790561)
03-09 21:05:21.005 21733 21999 W System.err: 	at com.lm.components.network.NetworkManager.a(Unknown Source:33751062)
03-09 21:05:21.005 21733 21999 W System.err: 	at com.vega.core.net.NetworkManagerWrapper.b(Unknown Source:33751057)
03-09 21:05:21.005 21733 21999 W System.err: 	at com.vega.libeffect.di.EffectManagerModule$CronetNetWorker.a(Unknown Source:33882165)
03-09 21:05:21.005 21733 21999 W System.err: 	at com.vega.libeffect.di.EffectManagerModule$CronetNetWorker.execute(Unknown Source:17170548)
03-09 21:05:21.005 21733 21999 W System.err: 	at com.ss.android.ugc.effectmanager.knadapt.KNNetworkClient.fetchFromNetwork(Unknown Source:17170482)
03-09 21:05:21.005 21733 21999 W System.err: 	at com.ss.ugc.effectplatform.download.DownloadManager.a(Unknown Source:34078814)
03-09 21:05:21.005 21733 21999 W System.err: 	at com.ss.ugc.effectplatform.task.algorithm.FetchModelTask.g(Unknown Source:33947799)
03-09 21:05:21.005 21733 21999 W System.err: 	at com.ss.ugc.effectplatform.task.algorithm.FetchModelTask.h(Unknown Source:17170551)
03-09 21:05:21.005 21733 21999 W System.err: 	at com.ss.ugc.effectplatform.task.algorithm.FetchModelTask.a(Unknown Source:327697)
03-09 21:05:21.005 21733 21999 W System.err: 	at com.ss.ugc.effectplatform.task.BaseTask.run(Unknown Source:262173)
03-09 21:05:21.005 21733 21999 W System.err: 	at com.ss.ugc.effectplatform.task.algorithm.FetchModelAndEffectTask.g(Unknown Source:33947741)
03-09 21:05:21.005 21733 21999 W System.err: 	at com.ss.ugc.effectplatform.algorithm.AlgorithmEffectFetcher.c(Unknown Source:33947799)
03-09 21:05:21.005 21733 21999 W System.err: 	at com.ss.ugc.effectplatform.repository.AlgorithmRepository$fetchResourcesByRequirementsAndModelNames$1.a(Unknown Source:262158)
03-09 21:05:21.005 21733 21999 W System.err: 	at com.ss.ugc.effectplatform.task.BaseTask.run(Unknown Source:262173)
03-09 21:05:21.005 21733 21999 W System.err: 	at com.ss.ugc.effectplatform.task.TaskManager$commit$2.run(Unknown Source:262161)
03-09 21:05:21.005 21733 21999 W System.err: 	at com.ss.android.ugc.effectmanager.knadapt.KNExecutor$execute$1.run(Unknown Source:65540)
03-09 21:05:21.005 21733 21999 W System.err: 	at kotlinx.coroutines.internal.LimitedDispatcher.run(Unknown Source:327691)
03-09 21:05:21.005 21733 21999 W System.err: 	at kotlinx.coroutines.scheduling.TaskImpl.run(Unknown Source:196610)
03-09 21:05:21.005 21733 21999 W System.err: 	at kotlinx.coroutines.scheduling.CoroutineScheduler$Worker.run(Unknown Source:458805)
03-09 21:05:21.010 21733 21999 D Helios:Network-White: Block request lf19-effectcdn-us.tiktokcdn-us.com
03-09 21:05:21.014 21733 21819 D Helios:Network-TTNet: pop event true for f498bb14-baba-48c3-87a4-b573c6795995
03-09 21:05:21.107 21733 21999 W System.err: java.lang.IllegalArgumentException: cdnHostSuffix is not init !!!
03-09 21:05:21.107 21733 21999 W System.err: 	at com.bytedance.ttnet.AppConsts.getCdnHostSuffix(Unknown Source:196629)
03-09 21:05:21.107 21733 21999 W System.err: 	at com.bytedance.ttnet.config.AppConfig.cdnShouldSampling(Unknown Source:17039391)
03-09 21:05:21.107 21733 21999 W System.err: 	at com.lm.components.network.download.DownloadClient.a(Unknown Source:50790561)
03-09 21:05:21.107 21733 21999 W System.err: 	at com.lm.components.network.NetworkManager.a(Unknown Source:33751062)
03-09 21:05:21.108 21733 21999 W System.err: 	at com.vega.core.net.NetworkManagerWrapper.b(Unknown Source:33751057)
03-09 21:05:21.108 21733 21999 W System.err: 	at com.vega.libeffect.di.EffectManagerModule$CronetNetWorker.a(Unknown Source:33882165)
03-09 21:05:21.108 21733 21999 W System.err: 	at com.vega.libeffect.di.EffectManagerModule$CronetNetWorker.execute(Unknown Source:17170548)
03-09 21:05:21.108 21733 21999 W System.err: 	at com.ss.android.ugc.effectmanager.knadapt.KNNetworkClient.fetchFromNetwork(Unknown Source:17170482)
03-09 21:05:21.108 21733 21999 W System.err: 	at com.ss.ugc.effectplatform.download.DownloadManager.a(Unknown Source:34078814)
03-09 21:05:21.108 21733 21999 W System.err: 	at com.ss.ugc.effectplatform.task.algorithm.FetchModelTask.g(Unknown Source:33947799)
03-09 21:05:21.108 21733 21999 W System.err: 	at com.ss.ugc.effectplatform.task.algorithm.FetchModelTask.h(Unknown Source:17170551)
03-09 21:05:21.108 21733 21999 W System.err: 	at com.ss.ugc.effectplatform.task.algorithm.FetchModelTask.a(Unknown Source:327697)
03-09 21:05:21.108 21733 21999 W System.err: 	at com.ss.ugc.effectplatform.task.BaseTask.run(Unknown Source:262173)
03-09 21:05:21.108 21733 21999 W System.err: 	at com.ss.ugc.effectplatform.task.algorithm.FetchModelAndEffectTask.g(Unknown Source:33947741)
03-09 21:05:21.108 21733 21999 W System.err: 	at com.ss.ugc.effectplatform.algorithm.AlgorithmEffectFetcher.c(Unknown Source:33947799)
03-09 21:05:21.108 21733 21999 W System.err: 	at com.ss.ugc.effectplatform.repository.AlgorithmRepository$fetchResourcesByRequirementsAndModelNames$1.a(Unknown Source:262158)
03-09 21:05:21.108 21733 21999 W System.err: 	at com.ss.ugc.effectplatform.task.BaseTask.run(Unknown Source:262173)
03-09 21:05:21.108 21733 21999 W System.err: 	at com.ss.ugc.effectplatform.task.TaskManager$commit$2.run(Unknown Source:262161)
03-09 21:05:21.108 21733 21999 W System.err: 	at com.ss.android.ugc.effectmanager.knadapt.KNExecutor$execute$1.run(Unknown Source:65540)
03-09 21:05:21.108 21733 21999 W System.err: 	at kotlinx.coroutines.internal.LimitedDispatcher.run(Unknown Source:327691)
03-09 21:05:21.108 21733 21999 W System.err: 	at kotlinx.coroutines.scheduling.TaskImpl.run(Unknown Source:196610)
03-09 21:05:21.108 21733 21999 W System.err: 	at kotlinx.coroutines.scheduling.CoroutineScheduler$Worker.run(Unknown Source:458805)
03-09 21:05:21.112 21733 21999 D Helios:Network-White: Block request lf19-effectcdn-us.tiktokcdn-us.com
03-09 21:05:21.117 21733 21819 D Helios:Network-TTNet: pop event true for a919adbc-49a5-4015-b713-238abb569971
03-09 21:05:21.192 21733 21999 W System.err: java.lang.IllegalArgumentException: cdnHostSuffix is not init !!!
03-09 21:05:21.193 21733 21999 W System.err: 	at com.bytedance.ttnet.AppConsts.getCdnHostSuffix(Unknown Source:196629)
03-09 21:05:21.193 21733 21999 W System.err: 	at com.bytedance.ttnet.config.AppConfig.cdnShouldSampling(Unknown Source:17039391)
03-09 21:05:21.193 21733 21999 W System.err: 	at com.lm.components.network.download.DownloadClient.a(Unknown Source:50790561)
03-09 21:05:21.193 21733 21999 W System.err: 	at com.lm.components.network.NetworkManager.a(Unknown Source:33751062)
03-09 21:05:21.193 21733 21999 W System.err: 	at com.vega.core.net.NetworkManagerWrapper.b(Unknown Source:33751057)
03-09 21:05:21.193 21733 21999 W System.err: 	at com.vega.libeffect.di.EffectManagerModule$CronetNetWorker.a(Unknown Source:33882165)
03-09 21:05:21.193 21733 21999 W System.err: 	at com.vega.libeffect.di.EffectManagerModule$CronetNetWorker.execute(Unknown Source:17170548)
03-09 21:05:21.193 21733 21999 W System.err: 	at com.ss.android.ugc.effectmanager.knadapt.KNNetworkClient.fetchFromNetwork(Unknown Source:17170482)
03-09 21:05:21.193 21733 21999 W System.err: 	at com.ss.ugc.effectplatform.download.DownloadManager.a(Unknown Source:34078814)
03-09 21:05:21.193 21733 21999 W System.err: 	at com.ss.ugc.effectplatform.task.algorithm.FetchModelTask.g(Unknown Source:33947799)
03-09 21:05:21.193 21733 21999 W System.err: 	at com.ss.ugc.effectplatform.task.algorithm.FetchModelTask.h(Unknown Source:17170551)
03-09 21:05:21.193 21733 21999 W System.err: 	at com.ss.ugc.effectplatform.task.algorithm.FetchModelTask.a(Unknown Source:327697)
03-09 21:05:21.193 21733 21999 W System.err: 	at com.ss.ugc.effectplatform.task.BaseTask.run(Unknown Source:262173)
03-09 21:05:21.193 21733 21999 W System.err: 	at com.ss.ugc.effectplatform.task.algorithm.FetchModelAndEffectTask.g(Unknown Source:33947741)
03-09 21:05:21.193 21733 21999 W System.err: 	at com.ss.ugc.effectplatform.algorithm.AlgorithmEffectFetcher.c(Unknown Source:33947799)
03-09 21:05:21.193 21733 21999 W System.err: 	at com.ss.ugc.effectplatform.repository.AlgorithmRepository$fetchResourcesByRequirementsAndModelNames$1.a(Unknown Source:262158)
03-09 21:05:21.193 21733 21999 W System.err: 	at com.ss.ugc.effectplatform.task.BaseTask.run(Unknown Source:262173)
03-09 21:05:21.193 21733 21999 W System.err: 	at com.ss.ugc.effectplatform.task.TaskManager$commit$2.run(Unknown Source:262161)
03-09 21:05:21.193 21733 21999 W System.err: 	at com.ss.android.ugc.effectmanager.knadapt.KNExecutor$execute$1.run(Unknown Source:65540)
03-09 21:05:21.193 21733 21999 W System.err: 	at kotlinx.coroutines.internal.LimitedDispatcher.run(Unknown Source:327691)
03-09 21:05:21.193 21733 21999 W System.err: 	at kotlinx.coroutines.scheduling.TaskImpl.run(Unknown Source:196610)
03-09 21:05:21.193 21733 21999 W System.err: 	at kotlinx.coroutines.scheduling.CoroutineScheduler$Worker.run(Unknown Source:458805)
03-09 21:05:21.196 21733 21999 D Helios:Network-White: Block request lf19-effectcdn-us.tiktokcdn-us.com
03-09 21:05:21.202 21733 21819 D Helios:Network-TTNet: pop event true for ead0bdbe-fa4c-4c7a-a6e6-036f67dafeae
03-09 21:05:21.256 21690 21718 W QueryController: Could not detect idle state.
03-09 21:05:21.281 21733 21999 W System.err: java.lang.IllegalArgumentException: cdnHostSuffix is not init !!!
03-09 21:05:21.281 21733 21999 W System.err: 	at com.bytedance.ttnet.AppConsts.getCdnHostSuffix(Unknown Source:196629)
03-09 21:05:21.281 21733 21999 W System.err: 	at com.bytedance.ttnet.config.AppConfig.cdnShouldSampling(Unknown Source:17039391)
03-09 21:05:21.281 21733 21999 W System.err: 	at com.lm.components.network.download.DownloadClient.a(Unknown Source:50790561)
03-09 21:05:21.281 21733 21999 W System.err: 	at com.lm.components.network.NetworkManager.a(Unknown Source:33751062)
03-09 21:05:21.281 21733 21999 W System.err: 	at com.vega.core.net.NetworkManagerWrapper.b(Unknown Source:33751057)
03-09 21:05:21.281 21733 21999 W System.err: 	at com.vega.libeffect.di.EffectManagerModule$CronetNetWorker.a(Unknown Source:33882165)
03-09 21:05:21.281 21733 21999 W System.err: 	at com.vega.libeffect.di.EffectManagerModule$CronetNetWorker.execute(Unknown Source:17170548)
03-09 21:05:21.281 21733 21999 W System.err: 	at com.ss.android.ugc.effectmanager.knadapt.KNNetworkClient.fetchFromNetwork(Unknown Source:17170482)
03-09 21:05:21.282 21733 21999 W System.err: 	at com.ss.ugc.effectplatform.download.DownloadManager.a(Unknown Source:34078814)
03-09 21:05:21.282 21733 21999 W System.err: 	at com.ss.ugc.effectplatform.task.algorithm.FetchModelTask.g(Unknown Source:33947799)
03-09 21:05:21.282 21733 21999 W System.err: 	at com.ss.ugc.effectplatform.task.algorithm.FetchModelTask.h(Unknown Source:17170551)
03-09 21:05:21.282 21733 21999 W System.err: 	at com.ss.ugc.effectplatform.task.algorithm.FetchModelTask.a(Unknown Source:327697)
03-09 21:05:21.282 21733 21999 W System.err: 	at com.ss.ugc.effectplatform.task.BaseTask.run(Unknown Source:262173)
03-09 21:05:21.282 21733 21999 W System.err: 	at com.ss.ugc.effectplatform.task.algorithm.FetchModelAndEffectTask.g(Unknown Source:33947741)
03-09 21:05:21.282 21733 21999 W System.err: 	at com.ss.ugc.effectplatform.algorithm.AlgorithmEffectFetcher.c(Unknown Source:33947799)
03-09 21:05:21.282 21733 21999 W System.err: 	at com.ss.ugc.effectplatform.repository.AlgorithmRepository$fetchResourcesByRequirementsAndModelNames$1.a(Unknown Source:262158)
03-09 21:05:21.282 21733 21999 W System.err: 	at com.ss.ugc.effectplatform.task.BaseTask.run(Unknown Source:262173)
03-09 21:05:21.282 21733 21999 W System.err: 	at com.ss.ugc.effectplatform.task.TaskManager$commit$2.run(Unknown Source:262161)
03-09 21:05:21.282 21733 21999 W System.err: 	at com.ss.android.ugc.effectmanager.knadapt.KNExecutor$execute$1.run(Unknown Source:65540)
03-09 21:05:21.282 21733 21999 W System.err: 	at kotlinx.coroutines.internal.LimitedDispatcher.run(Unknown Source:327691)
03-09 21:05:21.282 21733 21999 W System.err: 	at kotlinx.coroutines.scheduling.TaskImpl.run(Unknown Source:196610)
03-09 21:05:21.282 21733 21999 W System.err: 	at kotlinx.coroutines.scheduling.CoroutineScheduler$Worker.run(Unknown Source:458805)
03-09 21:05:21.285 21733 21999 D Helios:Network-White: Block request lf19-effectcdn-us.tiktokcdn-us.com
03-09 21:05:21.290 21733 21819 D Helios:Network-TTNet: pop event true for dcd242cd-915c-45c0-b90a-ebaa98d54cd8
03-09 21:05:21.392  5727  5777 I QImsService: VtDataUsageProvider : onSetAlert:2097152
03-09 21:05:21.394  5727  5727 I QImsService: ImsServiceClassTracker : updateAlertQuota:newQuota=2097152,Remaining=2097152
03-09 21:05:21.511  2067  5898 D DlbDap2Process: process() called [152500] times with input format 0x22 and channel mask 0x3 (ProcessingMode=10), htEnable=0(0, 0, 0)
03-09 21:05:21.604 22525 22577 D Helios:Network-TTNet: pop event true for aff391ac-0edf-4bca-9b4b-2aa0b235f3ac
03-09 21:05:21.605 22525 22577 W orbu.utils: replenishDataflowId success
03-09 21:05:21.605 22525 22577 W orbu.utils: orbu proceed: 0, dfidHex: 0x28000000
03-09 21:05:21.623 21733 21999 W System.err: java.lang.IllegalArgumentException: cdnHostSuffix is not init !!!
03-09 21:05:21.623 21733 21999 W System.err: 	at com.bytedance.ttnet.AppConsts.getCdnHostSuffix(Unknown Source:196629)
03-09 21:05:21.623 21733 21999 W System.err: 	at com.bytedance.ttnet.config.AppConfig.cdnShouldSampling(Unknown Source:17039391)
03-09 21:05:21.623 21733 21999 W System.err: 	at com.lm.components.network.download.DownloadClient.a(Unknown Source:50790561)
03-09 21:05:21.623 21733 21999 W System.err: 	at com.lm.components.network.NetworkManager.a(Unknown Source:33751062)
03-09 21:05:21.623 21733 21999 W System.err: 	at com.vega.core.net.NetworkManagerWrapper.b(Unknown Source:33751057)
03-09 21:05:21.624 21733 21999 W System.err: 	at com.vega.libeffect.di.EffectManagerModule$CronetNetWorker.a(Unknown Source:33882165)
03-09 21:05:21.624 21733 21999 W System.err: 	at com.vega.libeffect.di.EffectManagerModule$CronetNetWorker.execute(Unknown Source:17170548)
03-09 21:05:21.624 21733 21999 W System.err: 	at com.ss.android.ugc.effectmanager.knadapt.KNNetworkClient.fetchFromNetwork(Unknown Source:17170482)
03-09 21:05:21.624 21733 21999 W System.err: 	at com.ss.ugc.effectplatform.download.DownloadManager.a(Unknown Source:34078814)
03-09 21:05:21.624 21733 21999 W System.err: 	at com.ss.ugc.effectplatform.task.algorithm.FetchModelTask.g(Unknown Source:33947799)
03-09 21:05:21.624 21733 21999 W System.err: 	at com.ss.ugc.effectplatform.task.algorithm.FetchModelTask.h(Unknown Source:17170551)
03-09 21:05:21.624 21733 21999 W System.err: 	at com.ss.ugc.effectplatform.task.algorithm.FetchModelTask.a(Unknown Source:327697)
03-09 21:05:21.624 21733 21999 W System.err: 	at com.ss.ugc.effectplatform.task.BaseTask.run(Unknown Source:262173)
03-09 21:05:21.624 21733 21999 W System.err: 	at com.ss.ugc.effectplatform.task.algorithm.FetchModelAndEffectTask.g(Unknown Source:33947741)
03-09 21:05:21.624 21733 21999 W System.err: 	at com.ss.ugc.effectplatform.algorithm.AlgorithmEffectFetcher.c(Unknown Source:33947799)
03-09 21:05:21.624 21733 21999 W System.err: 	at com.ss.ugc.effectplatform.repository.AlgorithmRepository$fetchResourcesByRequirementsAndModelNames$1.a(Unknown Source:262158)
03-09 21:05:21.624 21733 21999 W System.err: 	at com.ss.ugc.effectplatform.task.BaseTask.run(Unknown Source:262173)
03-09 21:05:21.624 21733 21999 W System.err: 	at com.ss.ugc.effectplatform.task.TaskManager$commit$2.run(Unknown Source:262161)
03-09 21:05:21.624 21733 21999 W System.err: 	at com.ss.android.ugc.effectmanager.knadapt.KNExecutor$execute$1.run(Unknown Source:65540)
03-09 21:05:21.624 21733 21999 W System.err: 	at kotlinx.coroutines.internal.LimitedDispatcher.run(Unknown Source:327691)
03-09 21:05:21.624 21733 21999 W System.err: 	at kotlinx.coroutines.scheduling.TaskImpl.run(Unknown Source:196610)
03-09 21:05:21.624 21733 21999 W System.err: 	at kotlinx.coroutines.scheduling.CoroutineScheduler$Worker.run(Unknown Source:458805)
03-09 21:05:21.626 21733 21999 D Helios:Network-White: Block request lf19-effectcdn-us.tiktokcdn-us.com
03-09 21:05:21.629 21733 21819 D Helios:Network-TTNet: pop event true for 63972c48-75ba-4dc7-9cef-fbcf73e7aa86
03-09 21:05:21.672 13100 13150 W stagram.android: Profile data size exceeds 500000 bytes. It has 703803 bytes.
03-09 21:05:21.884 21733 21999 W System.err: java.lang.IllegalArgumentException: cdnHostSuffix is not init !!!
03-09 21:05:21.884 21733 21999 W System.err: 	at com.bytedance.ttnet.AppConsts.getCdnHostSuffix(Unknown Source:196629)
03-09 21:05:21.884 21733 21999 W System.err: 	at com.bytedance.ttnet.config.AppConfig.cdnShouldSampling(Unknown Source:17039391)
03-09 21:05:21.884 21733 21999 W System.err: 	at com.lm.components.network.download.DownloadClient.a(Unknown Source:50790561)
03-09 21:05:21.884 21733 21999 W System.err: 	at com.lm.components.network.NetworkManager.a(Unknown Source:33751062)
03-09 21:05:21.884 21733 21999 W System.err: 	at com.vega.core.net.NetworkManagerWrapper.b(Unknown Source:33751057)
03-09 21:05:21.884 21733 21999 W System.err: 	at com.vega.libeffect.di.EffectManagerModule$CronetNetWorker.a(Unknown Source:33882165)
03-09 21:05:21.884 21733 21999 W System.err: 	at com.vega.libeffect.di.EffectManagerModule$CronetNetWorker.execute(Unknown Source:17170548)
03-09 21:05:21.884 21733 21999 W System.err: 	at com.ss.android.ugc.effectmanager.knadapt.KNNetworkClient.fetchFromNetwork(Unknown Source:17170482)
03-09 21:05:21.884 21733 21999 W System.err: 	at com.ss.ugc.effectplatform.download.DownloadManager.a(Unknown Source:34078814)
03-09 21:05:21.884 21733 21999 W System.err: 	at com.ss.ugc.effectplatform.task.algorithm.FetchModelTask.g(Unknown Source:33947799)
03-09 21:05:21.884 21733 21999 W System.err: 	at com.ss.ugc.effectplatform.task.algorithm.FetchModelTask.h(Unknown Source:17170551)
03-09 21:05:21.884 21733 21999 W System.err: 	at com.ss.ugc.effectplatform.task.algorithm.FetchModelTask.a(Unknown Source:327697)
03-09 21:05:21.884 21733 21999 W System.err: 	at com.ss.ugc.effectplatform.task.BaseTask.run(Unknown Source:262173)
03-09 21:05:21.884 21733 21999 W System.err: 	at com.ss.ugc.effectplatform.task.algorithm.FetchModelAndEffectTask.g(Unknown Source:33947741)
03-09 21:05:21.884 21733 21999 W System.err: 	at com.ss.ugc.effectplatform.algorithm.AlgorithmEffectFetcher.c(Unknown Source:33947799)
03-09 21:05:21.884 21733 21999 W System.err: 	at com.ss.ugc.effectplatform.repository.AlgorithmRepository$fetchResourcesByRequirementsAndModelNames$1.a(Unknown Source:262158)
03-09 21:05:21.884 21733 21999 W System.err: 	at com.ss.ugc.effectplatform.task.BaseTask.run(Unknown Source:262173)
03-09 21:05:21.884 21733 21999 W System.err: 	at com.ss.ugc.effectplatform.task.TaskManager$commit$2.run(Unknown Source:262161)
03-09 21:05:21.884 21733 21999 W System.err: 	at com.ss.android.ugc.effectmanager.knadapt.KNExecutor$execute$1.run(Unknown Source:65540)
03-09 21:05:21.884 21733 21999 W System.err: 	at kotlinx.coroutines.internal.LimitedDispatcher.run(Unknown Source:327691)
03-09 21:05:21.884 21733 21999 W System.err: 	at kotlinx.coroutines.scheduling.TaskImpl.run(Unknown Source:196610)
03-09 21:05:21.884 21733 21999 W System.err: 	at kotlinx.coroutines.scheduling.CoroutineScheduler$Worker.run(Unknown Source:458805)
03-09 21:05:21.888 21733 21999 D Helios:Network-White: Block request lf19-effectcdn-us.tiktokcdn-us.com
03-09 21:05:21.892 21733 21819 D Helios:Network-TTNet: pop event true for bf103ad2-c687-44c2-a250-839f6213e1ca
03-09 21:05:22.010 21733 21999 W System.err: java.lang.IllegalArgumentException: cdnHostSuffix is not init !!!
03-09 21:05:22.010 21733 21999 W System.err: 	at com.bytedance.ttnet.AppConsts.getCdnHostSuffix(Unknown Source:196629)
03-09 21:05:22.010 21733 21999 W System.err: 	at com.bytedance.ttnet.config.AppConfig.cdnShouldSampling(Unknown Source:17039391)
03-09 21:05:22.010 21733 21999 W System.err: 	at com.lm.components.network.download.DownloadClient.a(Unknown Source:50790561)
03-09 21:05:22.010 21733 21999 W System.err: 	at com.lm.components.network.NetworkManager.a(Unknown Source:33751062)
03-09 21:05:22.010 21733 21999 W System.err: 	at com.vega.core.net.NetworkManagerWrapper.b(Unknown Source:33751057)
03-09 21:05:22.010 21733 21999 W System.err: 	at com.vega.libeffect.di.EffectManagerModule$CronetNetWorker.a(Unknown Source:33882165)
03-09 21:05:22.010 21733 21999 W System.err: 	at com.vega.libeffect.di.EffectManagerModule$CronetNetWorker.execute(Unknown Source:17170548)
03-09 21:05:22.010 21733 21999 W System.err: 	at com.ss.android.ugc.effectmanager.knadapt.KNNetworkClient.fetchFromNetwork(Unknown Source:17170482)
03-09 21:05:22.010 21733 21999 W System.err: 	at com.ss.ugc.effectplatform.download.DownloadManager.a(Unknown Source:34078814)
03-09 21:05:22.010 21733 21999 W System.err: 	at com.ss.ugc.effectplatform.task.algorithm.FetchModelTask.g(Unknown Source:33947799)
03-09 21:05:22.010 21733 21999 W System.err: 	at com.ss.ugc.effectplatform.task.algorithm.FetchModelTask.h(Unknown Source:17170551)
03-09 21:05:22.010 21733 21999 W System.err: 	at com.ss.ugc.effectplatform.task.algorithm.FetchModelTask.a(Unknown Source:327697)
03-09 21:05:22.010 21733 21999 W System.err: 	at com.ss.ugc.effectplatform.task.BaseTask.run(Unknown Source:262173)
03-09 21:05:22.010 21733 21999 W System.err: 	at com.ss.ugc.effectplatform.task.algorithm.FetchModelAndEffectTask.g(Unknown Source:33947741)
03-09 21:05:22.010 21733 21999 W System.err: 	at com.ss.ugc.effectplatform.algorithm.AlgorithmEffectFetcher.c(Unknown Source:33947799)
03-09 21:05:22.010 21733 21999 W System.err: 	at com.ss.ugc.effectplatform.repository.AlgorithmRepository$fetchResourcesByRequirementsAndModelNames$1.a(Unknown Source:262158)
03-09 21:05:22.010 21733 21999 W System.err: 	at com.ss.ugc.effectplatform.task.BaseTask.run(Unknown Source:262173)
03-09 21:05:22.010 21733 21999 W System.err: 	at com.ss.ugc.effectplatform.task.TaskManager$commit$2.run(Unknown Source:262161)
03-09 21:05:22.010 21733 21999 W System.err: 	at com.ss.android.ugc.effectmanager.knadapt.KNExecutor$execute$1.run(Unknown Source:65540)
03-09 21:05:22.010 21733 21999 W System.err: 	at kotlinx.coroutines.internal.LimitedDispatcher.run(Unknown Source:327691)
03-09 21:05:22.011 21733 21999 W System.err: 	at kotlinx.coroutines.scheduling.TaskImpl.run(Unknown Source:196610)
03-09 21:05:22.011 21733 21999 W System.err: 	at kotlinx.coroutines.scheduling.CoroutineScheduler$Worker.run(Unknown Source:458805)
03-09 21:05:22.014 21733 21999 D Helios:Network-White: Block request lf19-effectcdn-us.tiktokcdn-us.com
03-09 21:05:22.019 21733 21819 D Helios:Network-TTNet: pop event true for 09666690-791d-40e3-9c07-f398336d23ee
03-09 21:05:22.119 21733 21999 W System.err: java.lang.IllegalArgumentException: cdnHostSuffix is not init !!!
03-09 21:05:22.119 21733 21999 W System.err: 	at com.bytedance.ttnet.AppConsts.getCdnHostSuffix(Unknown Source:196629)
03-09 21:05:22.120 21733 21999 W System.err: 	at com.bytedance.ttnet.config.AppConfig.cdnShouldSampling(Unknown Source:17039391)
03-09 21:05:22.120 21733 21999 W System.err: 	at com.lm.components.network.download.DownloadClient.a(Unknown Source:50790561)
03-09 21:05:22.120 21733 21999 W System.err: 	at com.lm.components.network.NetworkManager.a(Unknown Source:33751062)
03-09 21:05:22.120 21733 21999 W System.err: 	at com.vega.core.net.NetworkManagerWrapper.b(Unknown Source:33751057)
03-09 21:05:22.120 21733 21999 W System.err: 	at com.vega.libeffect.di.EffectManagerModule$CronetNetWorker.a(Unknown Source:33882165)
03-09 21:05:22.120 21733 21999 W System.err: 	at com.vega.libeffect.di.EffectManagerModule$CronetNetWorker.execute(Unknown Source:17170548)
03-09 21:05:22.120 21733 21999 W System.err: 	at com.ss.android.ugc.effectmanager.knadapt.KNNetworkClient.fetchFromNetwork(Unknown Source:17170482)
03-09 21:05:22.120 21733 21999 W System.err: 	at com.ss.ugc.effectplatform.download.DownloadManager.a(Unknown Source:34078814)
03-09 21:05:22.120 21733 21999 W System.err: 	at com.ss.ugc.effectplatform.task.algorithm.FetchModelTask.g(Unknown Source:33947799)
03-09 21:05:22.120 21733 21999 W System.err: 	at com.ss.ugc.effectplatform.task.algorithm.FetchModelTask.h(Unknown Source:17170551)
03-09 21:05:22.120 21733 21999 W System.err: 	at com.ss.ugc.effectplatform.task.algorithm.FetchModelTask.a(Unknown Source:327697)
03-09 21:05:22.120 21733 21999 W System.err: 	at com.ss.ugc.effectplatform.task.BaseTask.run(Unknown Source:262173)
03-09 21:05:22.120 21733 21999 W System.err: 	at com.ss.ugc.effectplatform.task.algorithm.FetchModelAndEffectTask.g(Unknown Source:33947741)
03-09 21:05:22.120 21733 21999 W System.err: 	at com.ss.ugc.effectplatform.algorithm.AlgorithmEffectFetcher.c(Unknown Source:33947799)
03-09 21:05:22.120 21733 21999 W System.err: 	at com.ss.ugc.effectplatform.repository.AlgorithmRepository$fetchResourcesByRequirementsAndModelNames$1.a(Unknown Source:262158)
03-09 21:05:22.120 21733 21999 W System.err: 	at com.ss.ugc.effectplatform.task.BaseTask.run(Unknown Source:262173)
03-09 21:05:22.120 21733 21999 W System.err: 	at com.ss.ugc.effectplatform.task.TaskManager$commit$2.run(Unknown Source:262161)
03-09 21:05:22.120 21733 21999 W System.err: 	at com.ss.android.ugc.effectmanager.knadapt.KNExecutor$execute$1.run(Unknown Source:65540)
03-09 21:05:22.120 21733 21999 W System.err: 	at kotlinx.coroutines.internal.LimitedDispatcher.run(Unknown Source:327691)
03-09 21:05:22.120 21733 21999 W System.err: 	at kotlinx.coroutines.scheduling.TaskImpl.run(Unknown Source:196610)
03-09 21:05:22.120 21733 21999 W System.err: 	at kotlinx.coroutines.scheduling.CoroutineScheduler$Worker.run(Unknown Source:458805)
03-09 21:05:22.123 21733 21999 D Helios:Network-White: Block request lf19-effectcdn-us.tiktokcdn-us.com
03-09 21:05:22.131 21733 21819 D Helios:Network-TTNet: pop event true for a0250c26-87f5-40f8-ae13-3f2ebb4f1af6
03-09 21:05:22.196 21733 21999 W System.err: java.lang.IllegalArgumentException: cdnHostSuffix is not init !!!
03-09 21:05:22.196 21733 21999 W System.err: 	at com.bytedance.ttnet.AppConsts.getCdnHostSuffix(Unknown Source:196629)
03-09 21:05:22.196 21733 21999 W System.err: 	at com.bytedance.ttnet.config.AppConfig.cdnShouldSampling(Unknown Source:17039391)
03-09 21:05:22.196 21733 21999 W System.err: 	at com.lm.components.network.download.DownloadClient.a(Unknown Source:50790561)
03-09 21:05:22.196 21733 21999 W System.err: 	at com.lm.components.network.NetworkManager.a(Unknown Source:33751062)
03-09 21:05:22.196 21733 21999 W System.err: 	at com.vega.core.net.NetworkManagerWrapper.b(Unknown Source:33751057)
03-09 21:05:22.196 21733 21999 W System.err: 	at com.vega.libeffect.di.EffectManagerModule$CronetNetWorker.a(Unknown Source:33882165)
03-09 21:05:22.197 21733 21999 W System.err: 	at com.vega.libeffect.di.EffectManagerModule$CronetNetWorker.execute(Unknown Source:17170548)
03-09 21:05:22.197 21733 21999 W System.err: 	at com.ss.android.ugc.effectmanager.knadapt.KNNetworkClient.fetchFromNetwork(Unknown Source:17170482)
03-09 21:05:22.197 21733 21999 W System.err: 	at com.ss.ugc.effectplatform.download.DownloadManager.a(Unknown Source:34078814)
03-09 21:05:22.197 21733 21999 W System.err: 	at com.ss.ugc.effectplatform.task.algorithm.FetchModelTask.g(Unknown Source:33947799)
03-09 21:05:22.197 21733 21999 W System.err: 	at com.ss.ugc.effectplatform.task.algorithm.FetchModelTask.h(Unknown Source:17170551)
03-09 21:05:22.197 21733 21999 W System.err: 	at com.ss.ugc.effectplatform.task.algorithm.FetchModelTask.a(Unknown Source:327697)
03-09 21:05:22.197 21733 21999 W System.err: 	at com.ss.ugc.effectplatform.task.BaseTask.run(Unknown Source:262173)
03-09 21:05:22.197 21733 21999 W System.err: 	at com.ss.ugc.effectplatform.task.algorithm.FetchModelAndEffectTask.g(Unknown Source:33947741)
03-09 21:05:22.197 21733 21999 W System.err: 	at com.ss.ugc.effectplatform.algorithm.AlgorithmEffectFetcher.c(Unknown Source:33947799)
03-09 21:05:22.197 21733 21999 W System.err: 	at com.ss.ugc.effectplatform.repository.AlgorithmRepository$fetchResourcesByRequirementsAndModelNames$1.a(Unknown Source:262158)
03-09 21:05:22.197 21733 21999 W System.err: 	at com.ss.ugc.effectplatform.task.BaseTask.run(Unknown Source:262173)
03-09 21:05:22.197 21733 21999 W System.err: 	at com.ss.ugc.effectplatform.task.TaskManager$commit$2.run(Unknown Source:262161)
03-09 21:05:22.197 21733 21999 W System.err: 	at com.ss.android.ugc.effectmanager.knadapt.KNExecutor$execute$1.run(Unknown Source:65540)
03-09 21:05:22.197 21733 21999 W System.err: 	at kotlinx.coroutines.internal.LimitedDispatcher.run(Unknown Source:327691)
03-09 21:05:22.197 21733 21999 W System.err: 	at kotlinx.coroutines.scheduling.TaskImpl.run(Unknown Source:196610)
03-09 21:05:22.197 21733 21999 W System.err: 	at kotlinx.coroutines.scheduling.CoroutineScheduler$Worker.run(Unknown Source:458805)
03-09 21:05:22.198 21733 21999 D Helios:Network-White: Block request lf19-effectcdn-us.tiktokcdn-us.com
03-09 21:05:22.203 21733 21819 D Helios:Network-TTNet: pop event true for 3e59b9d9-e42d-4dcd-a2ac-66586de10cda
03-09 21:05:22.259 21733 21999 W System.err: java.lang.IllegalArgumentException: cdnHostSuffix is not init !!!
03-09 21:05:22.259 21733 21999 W System.err: 	at com.bytedance.ttnet.AppConsts.getCdnHostSuffix(Unknown Source:196629)
03-09 21:05:22.259 21733 21999 W System.err: 	at com.bytedance.ttnet.config.AppConfig.cdnShouldSampling(Unknown Source:17039391)
03-09 21:05:22.259 21733 21999 W System.err: 	at com.lm.components.network.download.DownloadClient.a(Unknown Source:50790561)
03-09 21:05:22.259 21733 21999 W System.err: 	at com.lm.components.network.NetworkManager.a(Unknown Source:33751062)
03-09 21:05:22.259 21733 21999 W System.err: 	at com.vega.core.net.NetworkManagerWrapper.b(Unknown Source:33751057)
03-09 21:05:22.259 21733 21999 W System.err: 	at com.vega.libeffect.di.EffectManagerModule$CronetNetWorker.a(Unknown Source:33882165)
03-09 21:05:22.259 21733 21999 W System.err: 	at com.vega.libeffect.di.EffectManagerModule$CronetNetWorker.execute(Unknown Source:17170548)
03-09 21:05:22.259 21733 21999 W System.err: 	at com.ss.android.ugc.effectmanager.knadapt.KNNetworkClient.fetchFromNetwork(Unknown Source:17170482)
03-09 21:05:22.259 21733 21999 W System.err: 	at com.ss.ugc.effectplatform.download.DownloadManager.a(Unknown Source:34078814)
03-09 21:05:22.260 21733 21999 W System.err: 	at com.ss.ugc.effectplatform.task.algorithm.FetchModelTask.g(Unknown Source:33947799)
03-09 21:05:22.260 21733 21999 W System.err: 	at com.ss.ugc.effectplatform.task.algorithm.FetchModelTask.h(Unknown Source:17170551)
03-09 21:05:22.260 21733 21999 W System.err: 	at com.ss.ugc.effectplatform.task.algorithm.FetchModelTask.a(Unknown Source:327697)
03-09 21:05:22.260 21733 21999 W System.err: 	at com.ss.ugc.effectplatform.task.BaseTask.run(Unknown Source:262173)
03-09 21:05:22.260 21733 21999 W System.err: 	at com.ss.ugc.effectplatform.task.algorithm.FetchModelAndEffectTask.g(Unknown Source:33947741)
03-09 21:05:22.260 21733 21999 W System.err: 	at com.ss.ugc.effectplatform.algorithm.AlgorithmEffectFetcher.c(Unknown Source:33947799)
03-09 21:05:22.260 21733 21999 W System.err: 	at com.ss.ugc.effectplatform.repository.AlgorithmRepository$fetchResourcesByRequirementsAndModelNames$1.a(Unknown Source:262158)
03-09 21:05:22.260 21733 21999 W System.err: 	at com.ss.ugc.effectplatform.task.BaseTask.run(Unknown Source:262173)
03-09 21:05:22.260 21733 21999 W System.err: 	at com.ss.ugc.effectplatform.task.TaskManager$commit$2.run(Unknown Source:262161)
03-09 21:05:22.260 21733 21999 W System.err: 	at com.ss.android.ugc.effectmanager.knadapt.KNExecutor$execute$1.run(Unknown Source:65540)
03-09 21:05:22.260 21733 21999 W System.err: 	at kotlinx.coroutines.internal.LimitedDispatcher.run(Unknown Source:327691)
03-09 21:05:22.260 21733 21999 W System.err: 	at kotlinx.coroutines.scheduling.TaskImpl.run(Unknown Source:196610)
03-09 21:05:22.260 21733 21999 W System.err: 	at kotlinx.coroutines.scheduling.CoroutineScheduler$Worker.run(Unknown Source:458805)
03-09 21:05:22.261 21733 21999 D Helios:Network-White: Block request lf19-effectcdn-us.tiktokcdn-us.com
03-09 21:05:22.264 21733 21819 D Helios:Network-TTNet: pop event true for 5f9f2ad8-324d-41a0-aa7d-e94387ed9976
03-09 21:05:22.313  5643 13675 D ApfFilter: (wlan0): Ignoring RA RA fe80::c294:35ff:fe71:84fd -> ff02::1 180s 2601:85:ca02:f280::/64 7200s/7200s DNS 180s 2601:85:ca02:f280:c294:35ff:fe71:84fd 2001:558:feed::1 2001:558:feed::2 RIO 180s ::/0  which matches RA fe80::c294:35ff:fe71:84fd -> ff02::1 180s 2601:85:ca02:f280::/64 7200s/7200s DNS 180s 2601:85:ca02:f280:c294:35ff:fe71:84fd 2001:558:feed::1 2001:558:feed::2 RIO 180s ::/0 
03-09 21:05:22.360 21733 21999 W System.err: java.lang.IllegalArgumentException: cdnHostSuffix is not init !!!
03-09 21:05:22.360 21733 21999 W System.err: 	at com.bytedance.ttnet.AppConsts.getCdnHostSuffix(Unknown Source:196629)
03-09 21:05:22.360 21733 21999 W System.err: 	at com.bytedance.ttnet.config.AppConfig.cdnShouldSampling(Unknown Source:17039391)
03-09 21:05:22.360 21733 21999 W System.err: 	at com.lm.components.network.download.DownloadClient.a(Unknown Source:50790561)
03-09 21:05:22.360 21733 21999 W System.err: 	at com.lm.components.network.NetworkManager.a(Unknown Source:33751062)
03-09 21:05:22.360 21733 21999 W System.err: 	at com.vega.core.net.NetworkManagerWrapper.b(Unknown Source:33751057)
03-09 21:05:22.360 21733 21999 W System.err: 	at com.vega.libeffect.di.EffectManagerModule$CronetNetWorker.a(Unknown Source:33882165)
03-09 21:05:22.360 21733 21999 W System.err: 	at com.vega.libeffect.di.EffectManagerModule$CronetNetWorker.execute(Unknown Source:17170548)
03-09 21:05:22.360 21733 21999 W System.err: 	at com.ss.android.ugc.effectmanager.knadapt.KNNetworkClient.fetchFromNetwork(Unknown Source:17170482)
03-09 21:05:22.360 21733 21999 W System.err: 	at com.ss.ugc.effectplatform.download.DownloadManager.a(Unknown Source:34078814)
03-09 21:05:22.360 21733 21999 W System.err: 	at com.ss.ugc.effectplatform.task.algorithm.FetchModelTask.g(Unknown Source:33947799)
03-09 21:05:22.360 21733 21999 W System.err: 	at com.ss.ugc.effectplatform.task.algorithm.FetchModelTask.h(Unknown Source:17170551)
03-09 21:05:22.360 21733 21999 W System.err: 	at com.ss.ugc.effectplatform.task.algorithm.FetchModelTask.a(Unknown Source:327697)
03-09 21:05:22.360 21733 21999 W System.err: 	at com.ss.ugc.effectplatform.task.BaseTask.run(Unknown Source:262173)
03-09 21:05:22.360 21733 21999 W System.err: 	at com.ss.ugc.effectplatform.task.algorithm.FetchModelAndEffectTask.g(Unknown Source:33947741)
03-09 21:05:22.360 21733 21999 W System.err: 	at com.ss.ugc.effectplatform.algorithm.AlgorithmEffectFetcher.c(Unknown Source:33947799)
03-09 21:05:22.360 21733 21999 W System.err: 	at com.ss.ugc.effectplatform.repository.AlgorithmRepository$fetchResourcesByRequirementsAndModelNames$1.a(Unknown Source:262158)
03-09 21:05:22.360 21733 21999 W System.err: 	at com.ss.ugc.effectplatform.task.BaseTask.run(Unknown Source:262173)
03-09 21:05:22.360 21733 21999 W System.err: 	at com.ss.ugc.effectplatform.task.TaskManager$commit$2.run(Unknown Source:262161)
03-09 21:05:22.360 21733 21999 W System.err: 	at com.ss.android.ugc.effectmanager.knadapt.KNExecutor$execute$1.run(Unknown Source:65540)
03-09 21:05:22.360 21733 21999 W System.err: 	at kotlinx.coroutines.internal.LimitedDispatcher.run(Unknown Source:327691)
03-09 21:05:22.360 21733 21999 W System.err: 	at kotlinx.coroutines.scheduling.TaskImpl.run(Unknown Source:196610)
03-09 21:05:22.360 21733 21999 W System.err: 	at kotlinx.coroutines.scheduling.CoroutineScheduler$Worker.run(Unknown Source:458805)
03-09 21:05:22.362 21733 21999 D Helios:Network-White: Block request lf19-effectcdn-us.tiktokcdn-us.com
03-09 21:05:22.365 21733 21819 D Helios:Network-TTNet: pop event true for d19f22da-a084-4c92-abaf-5edc97a5deb1
03-09 21:05:22.472 21733 22471 E ttmn    : <6e43034db0,audio_outlet.cpp,process,925>silence audio : 13909
03-09 21:05:22.479 21733 21999 W System.err: java.lang.IllegalArgumentException: cdnHostSuffix is not init !!!
03-09 21:05:22.479 21733 21999 W System.err: 	at com.bytedance.ttnet.AppConsts.getCdnHostSuffix(Unknown Source:196629)
03-09 21:05:22.479 21733 21999 W System.err: 	at com.bytedance.ttnet.config.AppConfig.cdnShouldSampling(Unknown Source:17039391)
03-09 21:05:22.479 21733 21999 W System.err: 	at com.lm.components.network.download.DownloadClient.a(Unknown Source:50790561)
03-09 21:05:22.479 21733 21999 W System.err: 	at com.lm.components.network.NetworkManager.a(Unknown Source:33751062)
03-09 21:05:22.479 21733 21999 W System.err: 	at com.vega.core.net.NetworkManagerWrapper.b(Unknown Source:33751057)
03-09 21:05:22.479 21733 21999 W System.err: 	at com.vega.libeffect.di.EffectManagerModule$CronetNetWorker.a(Unknown Source:33882165)
03-09 21:05:22.479 21733 21999 W System.err: 	at com.vega.libeffect.di.EffectManagerModule$CronetNetWorker.execute(Unknown Source:17170548)
03-09 21:05:22.479 21733 21999 W System.err: 	at com.ss.android.ugc.effectmanager.knadapt.KNNetworkClient.fetchFromNetwork(Unknown Source:17170482)
03-09 21:05:22.479 21733 21999 W System.err: 	at com.ss.ugc.effectplatform.download.DownloadManager.a(Unknown Source:34078814)
03-09 21:05:22.479 21733 21999 W System.err: 	at com.ss.ugc.effectplatform.task.algorithm.FetchModelTask.g(Unknown Source:33947799)
03-09 21:05:22.479 21733 21999 W System.err: 	at com.ss.ugc.effectplatform.task.algorithm.FetchModelTask.h(Unknown Source:17170551)
03-09 21:05:22.479 21733 21999 W System.err: 	at com.ss.ugc.effectplatform.task.algorithm.FetchModelTask.a(Unknown Source:327697)
03-09 21:05:22.479 21733 21999 W System.err: 	at com.ss.ugc.effectplatform.task.BaseTask.run(Unknown Source:262173)
03-09 21:05:22.479 21733 21999 W System.err: 	at com.ss.ugc.effectplatform.task.algorithm.FetchModelAndEffectTask.g(Unknown Source:33947741)
03-09 21:05:22.479 21733 21999 W System.err: 	at com.ss.ugc.effectplatform.algorithm.AlgorithmEffectFetcher.c(Unknown Source:33947799)
03-09 21:05:22.479 21733 21999 W System.err: 	at com.ss.ugc.effectplatform.repository.AlgorithmRepository$fetchResourcesByRequirementsAndModelNames$1.a(Unknown Source:262158)
03-09 21:05:22.479 21733 21999 W System.err: 	at com.ss.ugc.effectplatform.task.BaseTask.run(Unknown Source:262173)
03-09 21:05:22.479 21733 21999 W System.err: 	at com.ss.ugc.effectplatform.task.TaskManager$commit$2.run(Unknown Source:262161)
03-09 21:05:22.479 21733 21999 W System.err: 	at com.ss.android.ugc.effectmanager.knadapt.KNExecutor$execute$1.run(Unknown Source:65540)
03-09 21:05:22.479 21733 21999 W System.err: 	at kotlinx.coroutines.internal.LimitedDispatcher.run(Unknown Source:327691)
03-09 21:05:22.479 21733 21999 W System.err: 	at kotlinx.coroutines.scheduling.TaskImpl.run(Unknown Source:196610)
03-09 21:05:22.479 21733 21999 W System.err: 	at kotlinx.coroutines.scheduling.CoroutineScheduler$Worker.run(Unknown Source:458805)
03-09 21:05:22.482 21733 21999 D Helios:Network-White: Block request lf19-effectcdn-us.tiktokcdn-us.com
03-09 21:05:22.488 21733 21819 D Helios:Network-TTNet: pop event true for 77e1b5d9-3484-4ee5-8017-28f18485f329
03-09 21:05:22.518 21733 21999 W System.err: java.lang.IllegalArgumentException: cdnHostSuffix is not init !!!
03-09 21:05:22.518 21733 21999 W System.err: 	at com.bytedance.ttnet.AppConsts.getCdnHostSuffix(Unknown Source:196629)
03-09 21:05:22.518 21733 21999 W System.err: 	at com.bytedance.ttnet.config.AppConfig.cdnShouldSampling(Unknown Source:17039391)
03-09 21:05:22.518 21733 21999 W System.err: 	at com.lm.components.network.download.DownloadClient.a(Unknown Source:50790561)
03-09 21:05:22.518 21733 21999 W System.err: 	at com.lm.components.network.NetworkManager.a(Unknown Source:33751062)
03-09 21:05:22.518 21733 21999 W System.err: 	at com.vega.core.net.NetworkManagerWrapper.b(Unknown Source:33751057)
03-09 21:05:22.518 21733 21999 W System.err: 	at com.vega.libeffect.di.EffectManagerModule$CronetNetWorker.a(Unknown Source:33882165)
03-09 21:05:22.518 21733 21999 W System.err: 	at com.vega.libeffect.di.EffectManagerModule$CronetNetWorker.execute(Unknown Source:17170548)
03-09 21:05:22.518 21733 21999 W System.err: 	at com.ss.android.ugc.effectmanager.knadapt.KNNetworkClient.fetchFromNetwork(Unknown Source:17170482)
03-09 21:05:22.518 21733 21999 W System.err: 	at com.ss.ugc.effectplatform.download.DownloadManager.a(Unknown Source:34078814)
03-09 21:05:22.518 21733 21999 W System.err: 	at com.ss.ugc.effectplatform.task.algorithm.FetchModelTask.g(Unknown Source:33947799)
03-09 21:05:22.518 21733 21999 W System.err: 	at com.ss.ugc.effectplatform.task.algorithm.FetchModelTask.h(Unknown Source:17170551)
03-09 21:05:22.518 21733 21999 W System.err: 	at com.ss.ugc.effectplatform.task.algorithm.FetchModelTask.a(Unknown Source:327697)
03-09 21:05:22.518 21733 21999 W System.err: 	at com.ss.ugc.effectplatform.task.BaseTask.run(Unknown Source:262173)
03-09 21:05:22.518 21733 21999 W System.err: 	at com.ss.ugc.effectplatform.task.algorithm.FetchModelAndEffectTask.g(Unknown Source:33947741)
03-09 21:05:22.518 21733 21999 W System.err: 	at com.ss.ugc.effectplatform.algorithm.AlgorithmEffectFetcher.c(Unknown Source:33947799)
03-09 21:05:22.518 21733 21999 W System.err: 	at com.ss.ugc.effectplatform.repository.AlgorithmRepository$fetchResourcesByRequirementsAndModelNames$1.a(Unknown Source:262158)
03-09 21:05:22.518 21733 21999 W System.err: 	at com.ss.ugc.effectplatform.task.BaseTask.run(Unknown Source:262173)
03-09 21:05:22.518 21733 21999 W System.err: 	at com.ss.ugc.effectplatform.task.TaskManager$commit$2.run(Unknown Source:262161)
03-09 21:05:22.518 21733 21999 W System.err: 	at com.ss.android.ugc.effectmanager.knadapt.KNExecutor$execute$1.run(Unknown Source:65540)
03-09 21:05:22.518 21733 21999 W System.err: 	at kotlinx.coroutines.internal.LimitedDispatcher.run(Unknown Source:327691)
03-09 21:05:22.518 21733 21999 W System.err: 	at kotlinx.coroutines.scheduling.TaskImpl.run(Unknown Source:196610)
03-09 21:05:22.518 21733 21999 W System.err: 	at kotlinx.coroutines.scheduling.CoroutineScheduler$Worker.run(Unknown Source:458805)
03-09 21:05:22.522 21733 21999 D Helios:Network-White: Block request lf19-effectcdn-us.tiktokcdn-us.com
03-09 21:05:22.525 21733 21819 D Helios:Network-TTNet: pop event true for 65f423b9-baf2-4fbf-942a-d047f3c15c60
03-09 21:05:22.592 21690 21718 D CompatChangeReporter: Compat change id reported: 247079863; UID 10620; state: ENABLED
03-09 21:05:22.593 21733 21999 W System.err: java.lang.IllegalArgumentException: cdnHostSuffix is not init !!!
03-09 21:05:22.594 21733 21999 W System.err: 	at com.bytedance.ttnet.AppConsts.getCdnHostSuffix(Unknown Source:196629)
03-09 21:05:22.594 21733 21999 W System.err: 	at com.bytedance.ttnet.config.AppConfig.cdnShouldSampling(Unknown Source:17039391)
03-09 21:05:22.594 21733 21999 W System.err: 	at com.lm.components.network.download.DownloadClient.a(Unknown Source:50790561)
03-09 21:05:22.594 21733 21999 W System.err: 	at com.lm.components.network.NetworkManager.a(Unknown Source:33751062)
03-09 21:05:22.594 21733 21999 W System.err: 	at com.vega.core.net.NetworkManagerWrapper.b(Unknown Source:33751057)
03-09 21:05:22.594 21733 21999 W System.err: 	at com.vega.libeffect.di.EffectManagerModule$CronetNetWorker.a(Unknown Source:33882165)
03-09 21:05:22.594 21733 21999 W System.err: 	at com.vega.libeffect.di.EffectManagerModule$CronetNetWorker.execute(Unknown Source:17170548)
03-09 21:05:22.594 21733 21999 W System.err: 	at com.ss.android.ugc.effectmanager.knadapt.KNNetworkClient.fetchFromNetwork(Unknown Source:17170482)
03-09 21:05:22.594 21733 21999 W System.err: 	at com.ss.ugc.effectplatform.download.DownloadManager.a(Unknown Source:34078814)
03-09 21:05:22.594 21733 21999 W System.err: 	at com.ss.ugc.effectplatform.task.algorithm.FetchModelTask.g(Unknown Source:33947799)
03-09 21:05:22.594 21733 21999 W System.err: 	at com.ss.ugc.effectplatform.task.algorithm.FetchModelTask.h(Unknown Source:17170551)
03-09 21:05:22.594 21733 21999 W System.err: 	at com.ss.ugc.effectplatform.task.algorithm.FetchModelTask.a(Unknown Source:327697)
03-09 21:05:22.594 21733 21999 W System.err: 	at com.ss.ugc.effectplatform.task.BaseTask.run(Unknown Source:262173)
03-09 21:05:22.594 21733 21999 W System.err: 	at com.ss.ugc.effectplatform.task.algorithm.FetchModelAndEffectTask.g(Unknown Source:33947741)
03-09 21:05:22.594 21733 21999 W System.err: 	at com.ss.ugc.effectplatform.algorithm.AlgorithmEffectFetcher.c(Unknown Source:33947799)
03-09 21:05:22.594 21733 21999 W System.err: 	at com.ss.ugc.effectplatform.repository.AlgorithmRepository$fetchResourcesByRequirementsAndModelNames$1.a(Unknown Source:262158)
