--------- beginning of system
03-13 17:00:54.429  3003  4185 I Pageboost: Launcher App Execution
--------- beginning of main
03-13 17:00:54.485  9122  9149 I appium  : channel read: GET /session/b97671df-1cb0-45eb-aaca-e3712c504bcf/source
03-13 17:00:54.486  9122  9149 I appium  : Source command
03-13 17:00:54.487  9122  9149 I appium  : Waiting up to 10000ms for the device to idle
03-13 17:00:54.502  2007  8602 I sensors-hal: handle_sns_std_sensor_event:409, [SSC_LIGHT] P: 187(187),c:19,b:85,m:13,cl:4,l:186,s:188,l0:15472,l1:48,s0:14908,s1:0,acl:1,opr:0.26,f(r):97,u(bl):111,if:0,wi:3,si:12,po:125(N:0)
03-13 17:00:54.518  9122  9149 D CompatChangeReporter: Compat change id reported: 247079863; UID 10393; state: ENABLED
03-13 17:00:54.533  9122  9149 I appium  : AppiumResponse: {"sessionId":"b97671df-1cb0-45eb-aaca-e3712c504bcf","value":"<?xml version='1.0' encoding='UTF-8' standalone='yes' ?>\r\n<hierarchy index=\"0\" class=\"hierarchy\" rotation=\"0\" width=\"1080\" height=\"2640\">\r\n  <android.widget.FrameLayout index=\"0\" package=\"com.google.android.permissioncontr…
03-13 17:00:54.545  9122  9149 I appium  : channel read: GET /session/b97671df-1cb0-45eb-aaca-e3712c504bcf/screenshot
03-13 17:00:54.546  9122  9149 I appium  : CaptureScreenshot command
03-13 17:00:54.547  9122  9149 I tomator2.server: hiddenapi: Accessing hidden method Landroid/view/Display;->getAddress()Landroid/view/DisplayAddress; (runtime_flags=0, domain=platform, api=blocked) from Lio/appium/uiautomator2/utils/ReflectionUtils; (domain=app, TargetSdkVersion=34) using reflection: allowed
03-13 17:00:54.547  9122  9149 I tomator2.server: hiddenapi: Accessing hidden method Landroid/view/DisplayAddress$Physical;->getPhysicalDisplayId()J (runtime_flags=0, domain=platform, api=blocked) from Lio/appium/uiautomator2/utils/ReflectionUtils; (domain=app, TargetSdkVersion=34) using reflection: allowed
03-13 17:00:54.638 10375 10375 W screencap: Thread Pool max thread count is 0. Cannot cache binder as linkToDeath cannot be implemented. serviceName: SurfaceFlingerAIDL
03-13 17:00:54.638 10375 10375 W BpBinder: Linking to death on android.gui.ISurfaceComposer but there are no threads (yet?) listening to incoming transactions. See ProcessState::startThreadPool and ProcessState::setThreadPoolMaxThreadCount. Generally you should setup the binder threadpool before other initialization steps.
03-13 17:00:54.639 10375 10375 W screencap: Thread Pool max thread count is 0. Cannot cache binder as linkToDeath cannot be implemented. serviceName: edmnativehelper
03-13 17:00:54.639  3003  6708 I EDMNativeHelperService: isScreenCaptureEnabled
03-13 17:00:54.639  3003  6708 D RestrictionPolicy: isScreenCaptureEnabled : ret=true userId=0
03-13 17:00:54.640 10375 10375 W ProcessState: Extra binder thread started, but 0 threads requested. Do not use *startThreadPool when zero threads are requested.
03-13 17:00:54.640 10375 10375 I SurfaceComposerClient: captureDisplay:Display-4630946564756762243
03-13 17:00:54.641  2105  2922 I SurfaceFlinger: Capture layer list: 	 com.subway.mobile.subwayapp03/com.subway.mobile.subwayapp03.ui.storefinder.StoreFinderActivity$_9189#74895(seamlessTransition:0)
03-13 17:00:54.641  2105  2922 I SurfaceFlinger: Capture layer list: 	 Dim Layer for - Task=855#74905(seamlessTransition:0)
03-13 17:00:54.641  2105  2922 I SurfaceFlinger: Capture layer list: 	 com.google.android.permissioncontroller/com.android.permissioncontroller.permission.ui.GrantPermissionsActivity$_21344#74899(seamlessTransition:0)
03-13 17:00:54.641  2105  2922 I SurfaceFlinger: Capture layer list: 	 StatusBar$_4205#132(seamlessTransition:0)
03-13 17:00:54.641  2105  2922 I SurfaceFlinger: Capture layer list: 	 com.sec.android.app.launcher/com.samsung.app.honeyspace.edge.edgepanel.app.CocktailBarService$_4832#74783(seamlessTransition:0)
03-13 17:00:54.641  2105  2922 I SurfaceFlinger: Capture layer list: 	 NavigationBar0$_4205#130(seamlessTransition:0)
03-13 17:00:54.642  2105  2922 E HwcComposer: getLuts failed Status(-129, EX_TRANSACTION_FAILED): 'UNKNOWN_TRANSACTION: '
03-13 17:00:54.642  2105  2342 D RenderEngine: [SEC_SF_EFFECTS] drawLayersInternal,1483, Rendering layer ScreenCaptureFillLayer at index 0
03-13 17:00:54.642  2105  2342 D RenderEngine: [SEC_SF_EFFECTS] drawLayersInternal,1483, Rendering layer com.subway.mobile.subwayapp03/com.subway.mobile.subwayapp03.ui.storefinder.StoreFinderActivity$_9189#74895 at index 1
03-13 17:00:54.643  2105  2342 D RenderEngine: [SEC_SF_EFFECTS] drawLayersInternal,1483, Rendering layer Dim Layer for - Task=855#74905 at index 2
03-13 17:00:54.643  2105  2342 D RenderEngine: [SEC_SF_EFFECTS] drawLayersInternal,1483, Rendering layer com.google.android.permissioncontroller/com.android.permissioncontroller.permission.ui.GrantPermissionsActivity$_21344#74899 at index 3
03-13 17:00:54.643  2105  2342 D RenderEngine: [SEC_SF_EFFECTS] drawLayersInternal,1483, Rendering layer StatusBar$_4205#132 at index 4
03-13 17:00:54.643  2105  2342 D RenderEngine: [SEC_SF_EFFECTS] drawLayersInternal,1483, Rendering layer com.sec.android.app.launcher/com.samsung.app.honeyspace.edge.edgepanel.app.CocktailBarService$_4832#74783 at index 5
03-13 17:00:54.643  2105  2342 D RenderEngine: [SEC_SF_EFFECTS] drawLayersInternal,1483, Rendering layer NavigationBar0$_4205#130 at index 6
03-13 17:00:54.679 10375 10380 I AdrenoUtils: <ReadGpuID:357>: Reading chip ID through GSL
03-13 17:00:54.680 10375 10375 W qdgralloc: Failed to load libubwcp.so
03-13 17:00:54.858  3003  6280 E TaskPersister: File error accessing recents directory (directory doesn't exist?).
03-13 17:00:54.884  9122  9149 I appium  : AppiumResponse: {"sessionId":"b97671df-1cb0-45eb-aaca-e3712c504bcf","value":"iVBORw0KGgoAAAANSUhEUgAABDgAAApQCAYAAABYiJrlAAAAAXNSR0IArs4c6QAAAARzQklUCAgICHwIZIgAACAASURBVHic7N15eFNl3j7wO1vTLd1Sui8Uum+0spQCAuKuuM+4vjoqKquoM+84o6jAqIO7gg7r6+uM+uq44YYoCIOsVVlKC12G0r0pdG/p3jQ5vz/6y5mmWZrSpG3g/lwX14wnyZMnyWlyzn2e5/tI7rr…
03-13 17:00:54.903  3003  3978 D UsbStatsMonitor: 0 0 0 0 0 0 0 0 0 0 0 0 0 0 0 0 0 0 0 0 0 0 0 0 0 0 0 0 0 0 0 0 0 0 0 0 0 0 0 0 0 0 0 0 0 0 0 0 0 0 0 0 0 0 0 0 0 184683593732
03-13 17:00:55.172  1171  1171 D io_stats: !@   8,0 r 4562271 138627832 w 5760204 116329752 d 472718 129615668 f 242849 547372 iot 2377036 0 th 0 0 0 pt 0 inp 0 0 82244.168
03-13 17:00:55.198  2097  2125 E HeatmapThread: ECT Thread time in milliseconds: 1773435655
03-13 17:00:55.205  2097  2125 D HeatmapThread: !@ batteryplugType : 2
03-13 17:00:55.205  2097  2125 D HeatmapThread: !@ batteryLevel : 100  batteryTemperature : 303 
03-13 17:00:55.206  2097  2125 D HeatmapThread: !@ Heatmap currtime: 29557260
03-13 17:00:55.206  2097  2125 D HeatmapThread: !@ Heatmap prevtime: 29557252
03-13 17:00:55.206  2097  2125 D HeatmapThread: !@ Heatmap plugstarttime: 29556997
03-13 17:00:55.206  2097  2125 D HeatmapThread: !@ Heatmap prevv_dsoh_update_time: 29557235
03-13 17:00:55.206  2097  2125 E HeatmapThread: !@ CAM New BSOH: 100
03-13 17:00:55.206  2097  2125 E HeatmapThread: !@ CAM is Working
03-13 17:00:55.323  2022 10272 I HYPER-HAL: [RequestManager.cpp]releaseLocked(): Released ID : 20508834
03-13 17:00:55.363  3003  3678 D SemInputMotionEventDispatcher: registerMotionEventListener: already registered: com.samsung.android.hardware.secinputdev.taas.ExternalApi$5@7af94ab
03-13 17:00:55.501  3003  6708 I ActivityManager: Changes in 10405 6 to 10, 128 to 0
03-13 17:00:55.506  3003  6708 I ActivityManager: Changes in 10405 10 to 6, 0 to 128
03-13 17:00:55.508  3003  4002 D BackgroundInstallControlService: Package event received: 0
03-13 17:00:55.508  3003  4002 D BackgroundInstallControlService: Package event received: 0
03-13 17:00:55.508  3003  4002 D BackgroundInstallControlService: Package event received: 0
03-13 17:00:55.508  3003  4002 D BackgroundInstallControlService: Package event received: 0
03-13 17:00:56.115  3003  7438 I AfterimageCompensationService: AfcThread mLuminance : 121 , AfpcPeriodCount : 1868 , rotation : 0 , AOD : false
03-13 17:00:56.117  3003  7438 I SurfaceComposerClient: captureDisplay:Display-4630946564756762243
03-13 17:00:56.120  2105  2836 I SurfaceFlinger: Capture layer list: 	 com.subway.mobile.subwayapp03/com.subway.mobile.subwayapp03.ui.storefinder.StoreFinderActivity$_9189#74895(seamlessTransition:0)
03-13 17:00:56.120  2105  2836 I SurfaceFlinger: Capture layer list: 	 Dim Layer for - Task=855#74905(seamlessTransition:0)
03-13 17:00:56.120  2105  2836 I SurfaceFlinger: Capture layer list: 	 com.google.android.permissioncontroller/com.android.permissioncontroller.permission.ui.GrantPermissionsActivity$_21344#74899(seamlessTransition:0)
03-13 17:00:56.120  2105  2836 I SurfaceFlinger: Capture layer list: 	 StatusBar$_4205#132(seamlessTransition:0)
03-13 17:00:56.120  2105  2836 I SurfaceFlinger: Capture layer list: 	 com.sec.android.app.launcher/com.samsung.app.honeyspace.edge.edgepanel.app.CocktailBarService$_4832#74783(seamlessTransition:0)
03-13 17:00:56.120  2105  2836 I SurfaceFlinger: Capture layer list: 	 NavigationBar0$_4205#130(seamlessTransition:0)
03-13 17:00:56.121  2105  2836 E HwcComposer: getLuts failed Status(-129, EX_TRANSACTION_FAILED): 'UNKNOWN_TRANSACTION: '
03-13 17:00:56.122  2105  2342 D RenderEngine: [SEC_SF_EFFECTS] drawLayersInternal,1483, Rendering layer ScreenCaptureFillLayer at index 0
03-13 17:00:56.122  2105  2342 D RenderEngine: [SEC_SF_EFFECTS] drawLayersInternal,1483, Rendering layer com.subway.mobile.subwayapp03/com.subway.mobile.subwayapp03.ui.storefinder.StoreFinderActivity$_9189#74895 at index 1
03-13 17:00:56.123  2105  2342 D RenderEngine: [SEC_SF_EFFECTS] drawLayersInternal,1483, Rendering layer Dim Layer for - Task=855#74905 at index 2
03-13 17:00:56.123  2105  2342 D RenderEngine: [SEC_SF_EFFECTS] drawLayersInternal,1483, Rendering layer com.google.android.permissioncontroller/com.android.permissioncontroller.permission.ui.GrantPermissionsActivity$_21344#74899 at index 3
03-13 17:00:56.123  2105  2342 D RenderEngine: [SEC_SF_EFFECTS] drawLayersInternal,1483, Rendering layer StatusBar$_4205#132 at index 4
03-13 17:00:56.123  2105  2342 D RenderEngine: [SEC_SF_EFFECTS] drawLayersInternal,1483, Rendering layer com.sec.android.app.launcher/com.samsung.app.honeyspace.edge.edgepanel.app.CocktailBarService$_4832#74783 at index 5
03-13 17:00:56.123  2105  2342 D RenderEngine: [SEC_SF_EFFECTS] drawLayersInternal,1483, Rendering layer NavigationBar0$_4205#130 at index 6
03-13 17:00:56.136  3003  7438 D system_server: mAFPC_Read - w = 1080, h = 2640, s = 8, f = 4, s_size = 11489280, luminance = 121, count = 1868, captureOrientation = 0
03-13 17:00:56.198  2097  2125 E HeatmapThread: ECT Thread time in milliseconds: 1773435656
03-13 17:00:56.203  2097  2125 D HeatmapThread: !@ batteryplugType : 2
03-13 17:00:56.204  2097  2125 D HeatmapThread: !@ batteryLevel : 100  batteryTemperature : 303 
03-13 17:00:56.204  2097  2125 D HeatmapThread: !@ Heatmap currtime: 29557260
03-13 17:00:56.204  2097  2125 D HeatmapThread: !@ Heatmap prevtime: 29557252
03-13 17:00:56.204  2097  2125 D HeatmapThread: !@ Heatmap plugstarttime: 29556997
03-13 17:00:56.204  2097  2125 D HeatmapThread: !@ Heatmap prevv_dsoh_update_time: 29557235
03-13 17:00:56.204  2097  2125 E HeatmapThread: !@ CAM New BSOH: 100
03-13 17:00:56.204  2097  2125 E HeatmapThread: !@ CAM is Working
03-13 17:00:56.506  3003  7743 D SemWifiUsabilityStatsMonitor: onWifiUsabilityStats - seqNum 21864, isSameBssidAndFreq true
03-13 17:00:56.507  3003  4029 I SemWifiLinkQualityMonitor: Link stat: 257 / 1 / 1.00 (2) / 573 / -63.0 || 100.0 : 573.00 / 0.5 : 1.00 / 0.55 : 0.00 / G (G) || 1cf112895765: 0.086 / 92.761 / N || N N / 0 0 / Y 2.0 / Y X 0 / 82245502 0 || Invalid
03-13 17:00:56.508  3003  4030 D InsDataManager: onOutageCountUpdate() - Outage Data: 0, LQ : Y. Outage Triggered: false
03-13 17:00:56.508  3003  4030 D InsDataManager: Trying to save initial normal data.
03-13 17:00:56.508  3003  4030 D SensorCollector: syncMappedBuffers: 0, 0, 99
03-13 17:00:56.509  3003  4030 D InsDataManager: trimBuffers start.
03-13 17:00:56.509  3003  4030 D InsDataManager: trimBuffers - nsmBuffer size: 26
03-13 17:00:56.509  3003  4030 D InsDataManager: Too short for collecting additional normal data
03-13 17:00:56.509  3003  4030 D SemInsManager: {"bssid": "1cf112895765","rssi": -63.0,"latency": 0.08624285558464223,"outage_count": 0,"lq_callback_triggered": true,"outage_log": "Link stat: 257 / 1 / 1.00 (2) / 573 / -63.0 || 100.0 : 573.00 / 0.5 : 1.00 / 0.55 : 0.00 / G (G) || 1cf112895765: 0.086 / 92.761 / N || N N / 0 0 / Y 2.0 / Y X 0 / 82245502 0 || Invalid""Magnetic Sensor Events size": "0""Pressure Sensor Events size": "0"}
03-13 17:00:56.510  3003  4047 D SGM:GameManager: identifyGamePackage. com.google.android.permissioncontroller, mCurrentUserId: 0, callingMethodInfo: com.samsung.android.game.SemGameManager.isGamePackage(SemGameManager.java:106)
03-13 17:00:56.510  3003  4047 D SGM:SemGameManager: isGamePackage(), pkgName=com.google.android.permissioncontroller, ret=false
03-13 17:00:56.864  3003  3003 I ActivityManager: Changes in 10214 6 to 10, 128 to 0
03-13 17:00:56.865  3003  3003 I ActivityManager: Changes in 10128 6 to 10, 128 to 0
03-13 17:00:56.865  3003  3003 I ActivityManager: Changes in 5278 6 to 10, 128 to 0
03-13 17:00:56.872 12275 12275 I [AUTHFW][PASS]AuthFwApp: otlv40
03-13 17:00:56.873 12220 12220 I [PASS][CMN]DrawableCache: clearData LruCache[maxSize=32768,hits=0,misses=0,hitRate=0%]
03-13 17:00:56.881 12200 12200 I [PASS][CMN]e: clearData LruCache[maxSize=32768,hits=0,misses=0,hitRate=0%]
03-13 17:00:57.017  3003  6708 I ActivityManager: Changes in 10405 6 to 10, 128 to 0
03-13 17:00:57.025  3003  6708 I ActivityManager: Changes in 10405 10 to 6, 0 to 128
03-13 17:00:57.026  3003  4002 D BackgroundInstallControlService: Package event received: 0
03-13 17:00:57.026  3003  4002 D BackgroundInstallControlService: Package event received: 0
03-13 17:00:57.026  3003  4002 D BackgroundInstallControlService: Package event received: 0
03-13 17:00:57.026  3003  4002 D BackgroundInstallControlService: Package event received: 0
03-13 17:00:57.173  1171  1171 D io_stats: !@   8,0 r 4562271 138627832 w 5760208 116329764 d 472718 129615668 f 242850 547373 iot 2377040 0 th 0 0 0 pt 0 inp 0 0 82246.170
03-13 17:00:57.174  1171  1171 D io_stats: !@ Read_top(KB): kworker/u16:5(31319) 4 system_server(3003) 4
03-13 17:00:57.174  1171  1171 D io_stats: !@ Write_top(KB): kworker/u16:5(31319) 1788 gle.android.gms(27562) 48 putmethod.latin(15873) 8
03-13 17:00:57.198  2097  2125 E HeatmapThread: ECT Thread time in milliseconds: 1773435657
03-13 17:00:57.206  2097  2125 D HeatmapThread: !@ batteryplugType : 2
03-13 17:00:57.206  2097  2125 D HeatmapThread: !@ batteryLevel : 100  batteryTemperature : 303 
03-13 17:00:57.206  2097  2125 D HeatmapThread: !@ Heatmap currtime: 29557260
03-13 17:00:57.206  2097  2125 D HeatmapThread: !@ Heatmap prevtime: 29557252
03-13 17:00:57.206  2097  2125 D HeatmapThread: !@ Heatmap plugstarttime: 29556997
03-13 17:00:57.206  2097  2125 D HeatmapThread: !@ Heatmap prevv_dsoh_update_time: 29557235
03-13 17:00:57.206  2097  2125 E HeatmapThread: !@ CAM New BSOH: 100
03-13 17:00:57.206  2097  2125 E HeatmapThread: !@ CAM is Working
03-13 17:00:57.645  2059  2086 E BatteryDump: !@new_battery_dump : 4372,226,375,550,100,303,272,346,265,0,329,334,265,Full,NO_CHARGING,Normal,Good,USB,1,Normal,0,0,5397,0x8000,0x10010000,0x0,0,0,0000,0000,00000000,4372,4387,2,224,10,0,988,977,0,
03-13 17:00:57.648  2072  2072 I seh_thermal_service: getTemperaturesWithType SehTemperatureType: 3
03-13 17:00:57.649  2059  2059 I sehhealth-service: updateLrpSysfs: write: 328
03-13 17:00:57.702  2007  8602 I sensors-hal: handle_sns_std_sensor_event:409, [SSC_LIGHT] P: 151(151),c:19,b:85,m:13,cl:4,l:139,s:140,l0:11600,l1:32,s0:11132,s1:0,acl:1,opr:0.26,f(r):97,u(bl):111,if:0,wi:2,si:12,po:125(N:0)
03-13 17:00:57.724  3003  4027 I SemWifiServiceDetector: Service det. suspended: T / T / 14493
03-13 17:00:57.748  2007  3645 I sensors-hal: handle_sns_client_event:182, lid_angle_fusion ts=262858313294240 ns value 2/108/3 108/3  -1/-1     0/    0/    0 (0/0/2/2 -0.593/7.298/10.988 -0.072/0.033/9.696 15)
03-13 17:00:57.748  2007 12669 I sensors-hal: handle_sns_client_event:94, folding_angle ts=262858313296062 ns value 108/0 (0/0/2/2 -0.593/7.298/10.988 -0.072/0.033/9.696 15 0)
03-13 17:00:57.788  2007  3645 I sensors-hal: handle_sns_client_event:182, lid_angle_fusion ts=262858353321531 ns value 2/ 78/3  78/3  -1/-1     0/    0/    0 (0/0/2/2 0.852/6.647/1.804 0.263/0.196/9.916 17)
03-13 17:00:57.789  2007 12669 I sensors-hal: handle_sns_client_event:94, folding_angle ts=262858353322833 ns value  78/0 (0/0/2/2 0.852/6.647/1.804 0.263/0.196/9.916 17 0)
03-13 17:00:57.828  2007 12669 I sensors-hal: handle_sns_client_event:94, folding_angle ts=262858393303667 ns value  58/0 (0/0/2/2 0.785/4.542/-1.038 -0.201/-1.110/9.830 19 0)
03-13 17:00:57.828  2007  3645 I sensors-hal: handle_sns_client_event:182, lid_angle_fusion ts=262858393306531 ns value 1/ 58/3  58/3  -1/-1     0/    0/    0 (0/0/2/2 0.785/4.542/-1.038 -0.201/-1.110/9.830 19)
03-13 17:00:57.828  2007  3645 I sensors-hal: handle_sns_client_event:206, lid_angle_fusion submit_sensors_hal_event 1/ 58/3  58/3
03-13 17:00:57.834  3003  3003 D DeviceStatePolicy: notifyDeviceStateChangedIfNeeded: newState=1, lastState=2, caller=com.android.server.policy.FlexibleDeviceStatePolicy.adjustState:57 com.android.server.policy.FlexibleDeviceStateProvider.notifyDeviceStateChangedIfNeeded:90 com.android.server.policy.FlexibleDeviceStateProvider.onSensorChanged:21 
03-13 17:00:57.834  3003  3003 D SemInputDeviceManager: setProperty: TSP_SUB(2) CMD,ALWAYS_LOW_POWER_MODE,1
03-13 17:00:57.835  3003  3993 D SemInputDevice:TSP_SUB: SetPropertyTask: CMD,set_always_lpm,1 [03-13 17:00:57.834]
03-13 17:00:57.837  2071  2128 I sysinput:aidl: onReportInformation:93, 2, cmd@set_always_lpm,1:0
03-13 17:00:57.841  3003  3993 D SysinputHAL_AIDL: setProperty(TSP_SUB(2)): CMD, set_always_lpm,1 ret=0
03-13 17:00:57.841  2071  2128 I sysinput:Touch2: operator():237, OK
03-13 17:00:57.862  2007  8602 I sensors-hal: handle_sns_std_sensor_event:409, [SSC_LIGHT] P: 70(70),c:19,b:85,m:13,cl:4,l:16,s:22,l0:1632,l1:0,s0:1822,s1:0,acl:1,opr:0.26,f(r):97,u(bl):111,if:0,wi:0,si:8,po:125(N:0)
03-13 17:00:57.868  2007 12669 I sensors-hal: handle_sns_client_event:94, folding_angle ts=262858433332156 ns value  44/0 (0/0/2/2 -0.675/4.336/-7.260 0.325/-0.440/9.748 22 0)
03-13 17:00:57.868  2007  3645 I sensors-hal: handle_sns_client_event:182, lid_angle_fusion ts=262858433331375 ns value 1/ 44/3  44/3  -1/-1     0/    0/    0 (0/0/2/2 -0.675/4.336/-7.260 0.325/-0.440/9.748 22)
03-13 17:00:57.908  2007 12669 I sensors-hal: handle_sns_client_event:94, folding_angle ts=262858473295958 ns value  21/0 (0/0/2/2 0.483/2.216/-10.035 0.019/-0.196/9.820 24 0)
03-13 17:00:57.908  2007  3645 I sensors-hal: handle_sns_client_event:182, lid_angle_fusion ts=262858473297000 ns value 1/ 21/3  21/3  -1/-1     0/    0/    0 (0/0/2/2 0.483/2.216/-10.035 0.019/-0.196/9.820 24)
03-13 17:00:57.947  3003  3661 D InputReader: Btn_touch(4): value=1 when=82246.943038
03-13 17:00:57.947  3003  3661 I InputReader: Touch event's action is 0x0 (id=9, t=0) [pCnt=1, s=0.360 ] when=82246.943038
03-13 17:00:57.947  3003  3622 D SemInput:UEvent: onSemUEvent: {SUBSYSTEM=sec, STATUS=FREQ, SEQNUM=48553, ACTION=change, TIMESTAMP=82246942, FEATURE=TSP, VALUE=0, DEVPATH=/devices/virtual/sec/tsp2}
03-13 17:00:57.948  3003  3658 I InputDispatcher: No new touched window at (591.3, 59.1) in display 1
03-13 17:00:57.948  2007  3645 I sensors-hal: handle_sns_client_event:182, lid_angle_fusion ts=262858513324396 ns value 1/ 11/3  11/3  -1/-1     0/    0/    0 (0/0/2/2 -0.163/1.541/-11.404 0.043/-0.201/9.854 26)
03-13 17:00:57.948  3003  3658 I InputDispatcher: Dropping event because there is no touchable window at (591.314, 59.0625) on display 1: MotionEvent
03-13 17:00:57.948  3003  3658 D PowerManagerService: [api] userActivityFromNative : touch displayId=1 eventTime=82246943
03-13 17:00:57.949  3003  3658 D PowerManagerService: UserActivityStateListenerState: 1
03-13 17:00:57.949  3003  3067 D InputManager: mFoldingAngleListener: state changed, angle = 11.0, state = 0
03-13 17:00:57.951  6380  6380 I SemDvfsHyPerManager: acquire hyper - TATouchBoost/6380@30, type = -999
03-13 17:00:57.951  6380  6380 I SemDvfsHyPerManager: acquire hyper - TA_TOUCH_SHARE/6380@31, type = -999
03-13 17:00:57.952  2022  2124 I HYPER-HAL: [RequestManager.cpp]acquire(): Acquired ID : 20547285  [6380 / 30]    HINT :      list : [TABoost / 1] [TIMEOUT / 1500] 
03-13 17:00:57.953  2022  2124 I HYPER-HAL: [RequestManager.cpp]acquire(): Acquired ID : 20553697  [6380 / 31]    HINT : TA_TOUCH_SHARE    list : [TIMEOUT / 1500] 
03-13 17:00:57.954  2105  2836 I VSyncReactor: Current= 120, Period= 120, Distance= 0
03-13 17:00:57.962  2105  2836 I VSyncReactor: Current= 120, Period= 120, Distance= 120
03-13 17:00:57.968  3003  3661 D InputReader: Key_int_cancel(4): value=1 when=82246.964817
03-13 17:00:57.968  3003  3661 I InputReader: Touch event's action is 0x3 (id=9, t=0) [pCnt=1, s=0.360 ] when=82246.964817
03-13 17:00:57.968  3003  3661 I InputReader: Touch events were canceled by KEY_INT_CANCEL
03-13 17:00:57.969  3003  3661 D InputReader: Key_int_cancel(4): value=0 when=82246.965010
03-13 17:00:57.969  3003  3661 D InputReader: Btn_touch(4): value=0 when=82246.965120
03-13 17:00:57.969  3003  3661 D InputReader: Btn_touch(4): value=1 when=82246.965257
03-13 17:00:57.969  3003  3661 I InputReader: Touch event's action is 0x0 (id=9, t=0) [pCnt=1, s=0.361 ] when=82246.965257
03-13 17:00:57.969  3003  3658 I InputDispatcher: No new touched window at (591.3, 59.1) in display 1
03-13 17:00:57.969  3003  3658 I InputDispatcher: Dropping event because there is no touchable window at (591.314, 59.0625) on display 1: MotionEvent
03-13 17:00:57.986  3003  3631 D ActivityManager: freezing 9658 com.samsung.cmh
03-13 17:00:57.988  2007 12669 I sensors-hal: handle_sns_client_event:94, folding_angle ts=262858553300177 ns value   4/0 (0/0/2/2 0.502/1.297/-12.558 0.043/-0.201/9.854 12 0)
03-13 17:00:57.988  2007  3645 I sensors-hal: handle_sns_client_event:206, lid_angle_fusion submit_sensors_hal_event 0/  4/3   4/3
03-13 17:00:57.991  3003  3003 E FlexibleDeviceStateProvider: No declared device states match any of the required conditions.
03-13 17:00:57.991  3003  3003 I FlexibleDeviceStateProvider: LidSwitch mIsLidOpen: true
03-13 17:00:57.991  3003  3003 I FlexibleDeviceStateProvider: Sensor values:
03-13 17:00:57.991  3003  3003 I FlexibleDeviceStateProvider: lid_angle_fusion  Wakeup : [0.0, 4.0, 4.0]
03-13 17:00:57.991  3003  3003 I FlexibleDeviceStateProvider: isScreenOn: false
03-13 17:00:57.992  3003  3661 D InputReader: Btn_touch(4): value=0 when=82246.988184
03-13 17:00:57.992  3003  3003 D DeviceStatePolicy: notifyDeviceStateChangedIfNeeded: newState=-1, lastState=2, caller=com.android.server.policy.FlexibleDeviceStatePolicy.adjustState:57 com.android.server.policy.FlexibleDeviceStateProvider.notifyDeviceStateChangedIfNeeded:90 com.android.server.policy.FlexibleDeviceStateProvider.onSensorChanged:21 
03-13 17:00:57.992  3003  3661 I InputReader: Touch event's action is 0x1 (id=9, t=0) [pCnt=1, s=] when=82246.988184
03-13 17:00:57.996  3003  3631 I UMR     : B|Compact com.samsung.cmh(9658)
03-13 17:00:58.004  3003  3941 D InetDiagMessage: Destroyed 0 sockets, proto=IPPROTO_TCP, family=AF_INET, states=14
03-13 17:00:58.005  3003  3941 D InetDiagMessage: Destroyed 0 sockets, proto=IPPROTO_TCP, family=AF_INET6, states=14
03-13 17:00:58.005  3003  3941 D InetDiagMessage: Destroyed live tcp sockets for uids={5004} in 12ms
03-13 17:00:58.013  2007  3262 I SensorsGrip: TouchLight: event = 21 (21)
03-13 17:00:58.013  2007  3262 I SensorsGrip: TouchLight: report event 1
03-13 17:00:58.013  3003  3130 D AutomaticBrightnessController: [api] onSensorChanged: proximity: true
03-13 17:00:58.023  2007  3645 I sensors-hal: qsh_conn_event_cb:890, event[0] sensor:Light seamless  Wakeup, msg_id=1025, ts=5046985505479
03-13 17:00:58.023  2007  3645 I sensors-hal: handle_sns_client_event:46, light_seamless ts=262858588034604 ns, 14,50,2147483647, M:0,0, S:0,0
03-13 17:00:58.025  2007  8602 I sensors-hal: get_flicker_als_data:183, [SSC_LIGHT] flicker lux: 8 (592, 22, dw: 48)
03-13 17:00:58.025  2007  8602 I sensors-hal: handle_sns_std_sensor_event:409, [SSC_LIGHT] P: 14(14),c:19,b:85,m:13,cl:4,l:13,s:7,l0:1456,l1:0,s0:651,s1:0,acl:1,opr:0.26,f(r):97,u(bl):111,if:0,wi:0,si:8,po:125(N:0)
03-13 17:00:58.026  3003  3067 D RefreshRateModeManager: onBrightnessChanged: brt=85, lux=14.0
03-13 17:00:58.068  2007  3645 I sensors-hal: handle_sns_client_event:182, lid_angle_fusion ts=262858633298615 ns value 0/  1/3   1/3  -1/-1     0/    0/    0 (0/0/2/2 0.086/0.651/-8.715 -0.708/-0.153/9.835 8)
03-13 17:00:58.083  2007  3262 I SensorsGrip: TouchLight: event = 20 (255)
03-13 17:00:58.084  2007  3262 I SensorsGrip: TouchLight: report event 1
03-13 17:00:58.085  3003  3130 D AutomaticBrightnessController: [api] onSensorChanged: proximity: false
03-13 17:00:58.087  3003  3661 D InputReader: Input event [EV_SW](9): code=0x0, value=1, when=82247.084060
03-13 17:00:58.088  3003  3661 D InputReader: processSwitch() : elapsed time = 0ms, switchCode=0
03-13 17:00:58.089  3003  3661 D InputManager: notifySwitch: values=1, mask=1
03-13 17:00:58.089  3003  3661 D DeviceStatePolicy: notifyDeviceStateChangedIfNeeded: newState=0, lastState=2, caller=com.android.server.policy.FlexibleDeviceStatePolicy.adjustState:57 com.android.server.policy.FlexibleDeviceStateProvider.notifyDeviceStateChangedIfNeeded:90 com.android.server.policy.FlexibleDeviceStateProvider.notifyLidSwitchChanged:40 
03-13 17:00:58.089  3003  3661 D SemInputDeviceManager: setProperty: TSP_SUB(2) CMD,ALWAYS_LOW_POWER_MODE,0
03-13 17:00:58.090  3003  3661 D DeviceStateManagerService: onStateChanged identifier = 0
03-13 17:00:58.090  3003  3661 W OverrideRequestController: Attempted to cancel a null OverrideRequest
03-13 17:00:58.090  3003  3661 I DeviceStateManagerService: Cannot notify device state info change when pending state is present.
03-13 17:00:58.090  3003  3661 D DeviceStatePolicy: updateFoldingSensorListenerLw, foldOpen=false, awake=true, isTableModeEnabled=true, forceOff=false, caller=com.android.server.policy.FlexibleDeviceStateProvider.notifyDeviceStateChangedIfNeeded:146 com.android.server.policy.FlexibleDeviceStateProvider.notifyLidSwitchChanged:40 com.android.server.input.InputManagerService.notifySwitch:103 <bottom of call stack> <bottom of call stack> <bottom of call stack> <bottom of call stack> <bottom of call stack> <bottom of call stack> <bottom of call stack> 
03-13 17:00:58.090  3003  3993 D SemInputDevice:TSP_SUB: SetPropertyTask: CMD,set_always_lpm,0 [03-13 17:00:58.089]
03-13 17:00:58.091  2092  2092 I SSC_DAEMON: handleSensorTestReqMsg:85, Sensor type :20, Msg type:14
03-13 17:00:58.091  2092  2092 I factory.ssc: vendor/qcom/proprietary/adsprpc/src/fastrpc_apps_user.c:1684: remote_handle64_open: opened handle 0xb400006d90c31bd0 (remote 0x0) for '":;./\createstaticpd:sensorspd&_dom=adsp on domain 0 (spawn time 0 us, load time 0 us), num handles 1
03-13 17:00:58.091  2007  2007 I sensors-hal: activate:300, com.samsung.sensor.folding_state/2592 en=0
03-13 17:00:58.091  2007  2007 I sensors-hal: send_sync_sensor_request:508, send sync request
03-13 17:00:58.091  2007  2007 I sensors-hal: send_sync_sensor_request:518, send_sync_sensor_request before send_request for lid_angle_fusion with SUID low=8603657889549748343 high=1320970896290190866
03-13 17:00:58.092  3003  3067 D DeviceStateManagerService: Committing state: DeviceState{identifier=0, name='CLOSED', app_accessible=false, cancel_when_requester_not_on_top=false}
03-13 17:00:58.092  2007  2007 I sensors-hal: send_sync_sensor_request:537, wait for notification of response
03-13 17:00:58.093  2007  3645 I sensors-hal: qsh_conn_resp_cb:930, resp_value = 0 for lid_angle_fusion 
03-13 17:00:58.093  2007  2007 I sensors-hal: send_sync_sensor_request:543, takes 0 ms to receive the response with 0
03-13 17:00:58.093  2007  2007 I sensors-hal: activate:330, com.samsung.sensor.folding_state/2592 en=0 completed
03-13 17:00:58.093  2071  2128 I sysinput:aidl: onReportInformation:93, 2, cmd@set_always_lpm,0:0
03-13 17:00:58.093  3003  3661 D SensorManager: unregisterListener :: com.android.server.policy.FlexibleDeviceStateProvider@9bf61fe
03-13 17:00:58.093  3003  3661 D DeviceStatePolicy: unregisterFoldingSensorListenerLocked success!
03-13 17:00:58.094  3003  3915 D PocketModeEvent: LID state : 1
03-13 17:00:58.094  2092  2092 I factory.ssc: vendor/qcom/proprietary/adsprpc/src/fastrpc_perf.c:278: fastrpc_perf_init: enabled systrace 0x0 and RPC traces (kernel 0, dsp 0) with frequency 1000
03-13 17:00:58.095  3003  3067 D DeviceStateManagerGlobal: handleDeviceStateInfoChanged state=DeviceState{identifier=0, name='CLOSED', app_accessible=false, cancel_when_requester_not_on_top=false}, baseState=DeviceState{identifier=0, name='CLOSED', app_accessible=false, cancel_when_requester_not_on_top=false}
03-13 17:00:58.094  2071  2128 I sysinput:Touch2: operator():237, OK
03-13 17:00:58.095  3003  3003 D NotificationService: mFoldState = false, isFolded = true
03-13 17:00:58.095  3003  3003 D SemDisplaySolutionManagerService: uid : 1000 , pid : 3003 , name : extra_brightness_off
03-13 17:00:58.095  3003  3951 D GnssLocationProvider_ex: onLidStateChanged 1
03-13 17:00:58.095  3003  3951 D GnssLocationProvider_ex: sendLidState 3
03-13 17:00:58.095  3003  3647 I CameraService_worker: Fold state changed, DeviceState{identifier=0, name='CLOSED', app_accessible=false, cancel_when_requester_not_on_top=false}
03-13 17:00:58.095  3003  3003 D SemDisplaySolutionManagerService: where : application what : DEFAULT setScreenBrightnessScaleFactor(1.0) , mBrightnessCompensation : 1.0 , PMS value : 1.0
03-13 17:00:58.095  3003  3647 I CameraService_worker: NotifyDeviceStateChange 0x6, sync(false)
03-13 17:00:58.095  3003  3003 D PowerManagerService: [api] setScreenBrightnessScaleFactor: scaleFactor: 1.0 (uid: 1000 pid: 3003)
03-13 17:00:58.095  4205  6502 D DeviceStateManagerGlobal: handleDeviceStateInfoChanged state=DeviceState{identifier=0, name='CLOSED', app_accessible=false, cancel_when_requester_not_on_top=false}, baseState=DeviceState{identifier=0, name='CLOSED', app_accessible=false, cancel_when_requester_not_on_top=false}
03-13 17:00:58.096  3003  3676 I SemInputDeviceManagerService: onFoldStateChanged: folded
03-13 17:00:58.096  3003  3003 D SemDisplaySolutionManagerService: Normal Mode setMultipleScreenBrightness , application, DEFAULT, 1.0
03-13 17:00:58.096  3003  3003 I Telecom : SamsungFoldStateManagerAdapterImpl : DeviceStateCallback - onDeviceStateChanged : DeviceState{identifier=0, name='CLOSED', app_accessible=false, cancel_when_requester_not_on_top=false}
03-13 17:00:58.096  3003  3951 D GnssLocationProvider_ex: gnssConfigurationUpdateSec
03-13 17:00:58.096  3003  3003 I Telecom : SamsungFoldStateManagerAdapterImpl : onStateChanged - folded : true / info : SamsungFoldStateInfo { SupportFoldableTypeFlip : true / SupportLargeCoverScreen : true / Orientation : VERTICAL / IsFolded : true
03-13 17:00:58.096  3003  3003 I Telecom : SamsungFoldStateManagerListener : onFolderStateChanged : false -> true
03-13 17:00:58.096  3003  3003 I Telecom : SamsungFoldStateManagerListener : checkAudioAutoSwitch, skipAudioAutoSwitch
03-13 17:00:58.096  3003  3003 I Telecom : SamsungFolderAngleRegistrar : mIsFoldingAngleAvailable is false
03-13 17:00:58.096  2094  8548 D AudioFlinger: setParameters: filtered dev setParameters keyvalue l_hw_folder_state=0
03-13 17:00:58.096  3003  3064 D UsbDeviceManager: Device folded, update USB noti
03-13 17:00:58.096  3003  3064 D UsbDeviceManager: handleMessage -> MSG_USB_NOTI_UPDATE: isForce=1
03-13 17:00:58.096  3003  3064 D UsbDeviceManager: updateUsbNotification(true): mConnected=true mHostConnected=false mSourcePower=false mSinkPower=true mUsbCharging=true
03-13 17:00:58.097  3003  3064 D UsbDeviceManager: FLIP FOLDED
03-13 17:00:58.097  3003  3064 D DexObserverFW: isDexModeOn() : false
03-13 17:00:58.097  3003  3064 D DexObserverFW: isSemiDexModeOn() : false
03-13 17:00:58.097  3003  3064 D UsbDeviceManager: cancelAsUser: id=32
03-13 17:00:58.097  6272  6411 D DeviceStateManagerGlobal: handleDeviceStateInfoChanged state=DeviceState{identifier=0, name='CLOSED', app_accessible=false, cancel_when_requester_not_on_top=false}, baseState=DeviceState{identifier=0, name='CLOSED', app_accessible=false, cancel_when_requester_not_on_top=false}
03-13 17:00:58.097  3003  3003 D EdgeLightingManager: hideForNotification : packageName = android
03-13 17:00:58.097  3003  3067 D WindowManager: onStateChanged, state=0
03-13 17:00:58.097  3003  3067 I LogicalDisplayMapper: Set isInTransition on display 0: true
03-13 17:00:58.097  3003  3003 D EdgeLightingPolicyManager:NotificationGroup: remove : sbn : StatusBarNotification(pkg=android user=UserHandle{-1} id=32 tag=null key=-1|android|32|null|1000: Notification(channel=UsbDevNoti shortcut=null contentView=null vibrate=null sound=null tick defaults=0 flags=ONGOING_EVENT|CAN_COLORIZE color=0x00000000 vis=PUBLIC semFlags=0x0 semPriority=0 semMissedCount=0))
03-13 17:00:58.097  3003  3003 D EdgeLightingPolicyManager.NotificationGroup: group notification count : 1
03-13 17:00:58.097  3003  3065 D SensorManager: set parameter active screen = 1, 50350017
03-13 17:00:58.097  6272  6272 I SysHelperService: onFoldStateChanged, ACTION_SHUTDOWN, isFolded = true
03-13 17:00:58.097  6272  6272 D SYS_EVENT: [qc debug] send event 32 notification to client
03-13 17:00:58.097  6272  6272 D SYS_EVENT_AIDL: send event 32 notification to client
03-13 17:00:58.097  5490  5568 I LidStateListener_FLP: onLidStateChanged, whenNanos=82247084060000, lidState=1
03-13 17:00:58.098 19245 19245 I FoldStateManager: onFoldStateChanged: true
03-13 17:00:58.098 32003   419 D DeviceStateManagerGlobal: handleDeviceStateInfoChanged state=DeviceState{identifier=0, name='CLOSED', app_accessible=false, cancel_when_requester_not_on_top=false}, baseState=DeviceState{identifier=0, name='CLOSED', app_accessible=false, cancel_when_requester_not_on_top=false}
03-13 17:00:58.098 19245 19245 I FoldStateManager: updateFoldState: isFolded = true
03-13 17:00:58.098 19245 19245 I FoldStateManager: onTableModeChanged: false
03-13 17:00:58.098 19245 19245 I FoldStateManager: updateTableMode: isTableMode = false
03-13 17:00:58.098  4832 29015 I HoneySpace.DesktopTaskDividerManagerImpl: fold: true, noExternal: true
03-13 17:00:58.098  4832 29015 I HoneySpace.DesktopTaskDividerManagerImpl: _isTaskSplittable, true
03-13 17:00:58.098  4832 29015 I HoneySpace.ExtraDisplaySource: onStateChanged, state = 0
03-13 17:00:58.098  5338  5338 I FoldStateManager: onFoldStateChanged: true
03-13 17:00:58.098  5338  5338 I FoldStateManager: updateFoldState: isFolded = true
03-13 17:00:58.098  5338  5338 I FoldStateManager: onTableModeChanged: false
03-13 17:00:58.098  5338  5338 I FoldStateManager: updateTableMode: isTableMode = false
03-13 17:00:58.098  6276  6276 I EnvironmentAdaptiveDisplayService: setDeviceFolded: true
03-13 17:00:58.098  2058  3323 I CamComm1.0-CamModule: notifyDeviceStateChange: calling notify_device_state_change with state 6
03-13 17:00:58.098  4832 27066 I HoneySpace.ExtraDisplaySource: onStateChanged, state = 0
03-13 17:00:58.098  2058  3323 I CHI     : [SS_INFO]: [CHI         ]: chxextensionmodule.cpp: SecModifySettings: 21458: [SWITCH_DBG] Folding State 1 
03-13 17:00:58.098  2058  3323 I CHI     : [SS_LOW ]: [CHI         ]: chxextensionmodule.cpp: SecModifySettings: 21461: [SWITCH_DBG] Foding state State 1, m_pOverrideCameraOpen : 0 
03-13 17:00:58.098  3003  3993 D SysinputHAL_AIDL: setProperty(TSP_SUB(2)): CMD, set_always_lpm,0 ret=0
03-13 17:00:58.098  2452  2748 I CameraProviderManager: notifyDeviceStateChange Af available modes has been replaced
03-13 17:00:58.098  2452  2748 I CameraProviderManager: notifyDeviceStateChange Af available modes has been replaced
03-13 17:00:58.098  1992  3117 V sec_audio_hw: sec_dev_set_parameters : l_hw_folder_state=0
03-13 17:00:58.098  1992  3117 D AHAL: AudioDevice: SetParameters: 1865: enter
03-13 17:00:58.098  1992  3117 D AHAL: AudioVoice: VoiceSetParameters: 200: Enter
03-13 17:00:58.098  1992  3117 D AHAL: AudioVoice: VoiceSetParameters: 479: Exit ret: 0
03-13 17:00:58.098  1992  3117 D AHAL: SecAudioDevice: SetFolderState: 1258: Folding(Flip) state changed, fold close, flex off
03-13 17:00:58.098  1992  3117 D AHAL: hfp: hfp_set_parameters: 444: enter
03-13 17:00:58.099  1992  3117 D AHAL: AudioDevice: SetParameters: 2798: exit: l_hw_folder_state=0
03-13 17:00:58.099  3003  3676 I SemInputCommandService: setPropertyAllTouch: FOLD_STATE,1 retDefault=1 retExtra=1
03-13 17:00:58.099  3003  3676 I SemInputCommandService: setPropertyAllTouchAndSpen: FOLD_STATE,1 retTouch=1 retSpen=-2
03-13 17:00:58.099  3003  3994 D SemInputDevice:TSP: SetPropertyTask: CMD,set_fold_state,1 [03-13 17:00:58.098]
03-13 17:00:58.099  4832 29014 I FoldStateManager: close by fold: true
03-13 17:00:58.099  4360  4360 I SprWallpaper|FoldInteractive: onDeviceStateChanged: newState[0]
03-13 17:00:58.099  4360  4360 I SprWallpaper|fold_Choreographer: stop
03-13 17:00:58.099  4360  4360 I SprWallpaper|fold_Choreographer: pause
03-13 17:00:58.099  4360  4360 I SprWallpaper|FoldInteractive: resetFrame current[429]
03-13 17:00:58.099  4360  4360 I SprWallpaper|FoldInteractive: seekTo: frame[0], time[0]
03-13 17:00:58.099  4360  4360 I SprWallpaper|FoldInteractive: resetFrame: seek to head forcefully
03-13 17:00:58.099  4360  4360 I SprWallpaper|VideoPlayer: start: state[3]
03-13 17:00:58.099  3003  3064 I NotificationManager: android: notify(32, null, Notification(channel=UsbDevNoti shortcut=null contentView=null vibrate=null sound=null tick defaults=0 flags=ONGOING_EVENT color=0x00000000 vis=PUBLIC semFlags=0x0 semPriority=0 semMissedCount=0)) as user
03-13 17:00:58.099  3003  3067 I LogicalDisplayMapper: Set isInTransition on display 1: true
03-13 17:00:58.099  3003  3067 I LogicalDisplayMapper: Requesting Transition to state: 0, from state=2, interactive=true, mBootCompleted=true, wakeDevice=false, sleepDevice=true
03-13 17:00:58.099  3003  3067 D DisplayManagerService: handleLogicalDisplayDeviceStateTransitionLocked: displayId=1
03-13 17:00:58.099  3003  3067 D DisplayManagerService: handleLogicalDisplayDeviceStateTransitionLocked: displayId=0
03-13 17:00:58.099  4205  4205 D FlexPanelStartController: OnDeviceStateChanged: mIsTableMode=true, isTableMode=false
03-13 17:00:58.099 19717 19717 I HBD     : h getDefaultInputRange : UNKNOWN 
03-13 17:00:58.099  4205  4205 D FlexPanelStartController: onFoldStateTableModeChanged: isTableMode=false
03-13 17:00:58.099  4360  4360 I SprWallpaper|VideoPlayer: prepare: state[3]
03-13 17:00:58.099  4360  4360 I SprWallpaper|VideoPlayer: createVideoDecoder
03-13 17:00:58.099  4205  4205 D FlexPanelStartController: not support state, mMwEnabled=true, mIsTableMode=false, mDesktopMode=false, mFlexModePanelEnabled=true, mIsImeShowing=false, mIsQuickPanelShowing=false, mIsTaskBarAppsEnabled=false, mIsGlobalActionVisible=false, mOnRecentsAnimation=false, isSupportRotation=true, mIsKeyguardVisible=false
03-13 17:00:58.100 19717 19717 I HBD     : a currentState : 4 
03-13 17:00:58.100  3003  3067 D RestrictionPolicy: isScreenCaptureEnabled : ret=true userId=0
03-13 17:00:58.100  3003  3067 D RestrictionPolicy: isScreenCaptureEnabled : ret=true userId=0
03-13 17:00:58.100  3003  3067 D ScreenCapture: [Capture_TEST] : setIsScreenShotBySystem true
03-13 17:00:58.100  3003  3067 I SurfaceComposerClient: captureLayers:childrenOnly:1, sync:1
03-13 17:00:58.100  4205  4267 D ShellSplitScreen: onFoldedStateChanged: folded=true
03-13 17:00:58.100  3003  3003 D EdgeLightingManager: hideForNotification : isInteractive is true
03-13 17:00:58.100  4205  5096 D KeyguardFoldController: changeFoldState: foldState=0, changed=true
03-13 17:00:58.100  4205  5096 I PluginLockManagerImpl: PluginLock:onFolderStateChanged, opened: false, mScreenType: 1
03-13 17:00:58.100  4205  5096 I PluginLockManagerImpl: PluginLock:onFolderStateChanged, old: com.samsung.android.dynamiclock:2
03-13 17:00:58.100  3003  3130 D PowerManagerService: onStateChanged: mDualScreenPolicy=1
03-13 17:00:58.100  4205  5096 I DymLock|DynamicLockManager: onFolderStateChanged() false , false
03-13 17:00:58.100  4205  5096 I DymLock|BaseLockContainer: onFolderStateChanged screen[1] enabled[false]
03-13 17:00:58.100  4205  5096 I DymLock|BaseLockStateContainer: unsubscribe folder change : com.samsung.android.dynamiclock.plugin.views.dls.DynamicLockContainer{b8feb8d I.E...... ......I. 0,0-1080,2640}
03-13 17:00:58.100  4205  5096 I DymLock|ActionBus: unsubscribe : com.samsung.android.dynamiclock.plugin.views.dls.DynamicLockContainer{b8feb8d I.E...... ......I. 0,0-1080,2640}
03-13 17:00:58.100  4205  5096 I DymLock|ActionBus: unsubscribe : com.samsung.android.dynamiclock.plugin.stores.LockContainerStore@7ae7fb4
03-13 17:00:58.100  4205  5096 I DymLock|ActionBus: unsubscribe : com.samsung.android.dynamiclock.plugin.stores.WallpaperStore@96d67dd
03-13 17:00:58.100  4205  5096 I DymLock|ActionBus: unsubscribe : com.samsung.android.dynamiclock.plugin.stores.LockStarStore@b28bf52
03-13 17:00:58.100  3003  3130 D PowerManagerService: Setting HAL interactive mode to true
03-13 17:00:58.100  3003  3130 D PowerManagerService: setHalInteractiveModeLocked called by dual screen policy change
03-13 17:00:58.101  3003  3130 D DisplayPowerController[1]: onDisplayChanged: mIsEnabled=false mIsInTransition=true mDualScreenPolicy=1 mDisplayDevice=com.android.server.display.LocalDisplayAdapter$LocalDisplayDevice@267658d
03-13 17:00:58.101  3003  3130 D DisplayPowerController[1]: noteDualScreenState: State=OFF, dualScreenPolicy=1
03-13 17:00:58.101  3003  3130 D DisplayPowerController[1]: animateScreenStateChange: target=OFF, mIsEnabled=false
03-13 17:00:58.101  4205  5096 D DymLock|BaseLockContainer: updatePanelWallpaper: Panel is not necessary. dls_state = 2
03-13 17:00:58.101  4205  5096 I PluginLockMediatorImpl: setScreenTypeChanged() type: 1
03-13 17:00:58.101  4205  5096 I PluginLockWallpaper: setScreenTypeChanged() type: 1
03-13 17:00:58.101  4205  5096 I PluginHomeWallpaper: setScreenTypeChanged() type: 1
03-13 17:00:58.101  4205  5096 I PluginLockManagerImpl: PluginLock:onFolderStateChanged, will be switched, newState: null
03-13 17:00:58.101  6239  6239 I SSS     : [ChatTranslationSystemConfigEditor] onFoldStateChanged: true
03-13 17:00:58.101  3003  3130 D DisplayPowerController[0]: onDisplayChanged: mIsEnabled=true mIsInTransition=true mDualScreenPolicy=1 mDisplayDevice=com.android.server.display.LocalDisplayAdapter$LocalDisplayDevice@a261cbf
03-13 17:00:58.101  4205  5096 D PluginLockInstanceState: isRecentInstance() true, com.samsung.android.dynamiclock:2
03-13 17:00:58.101  4205  5096 I PluginLockManagerImpl: PluginLock:onFolderStateChanged, instance maintained
03-13 17:00:58.101  3003  3130 D DisplayPowerController[0]: animateScreenStateChange: target=OFF, mIsEnabled=true
03-13 17:00:58.101  4205  5096 D PluginLockManagerImpl: updateEnabledState getPluginLockValue = 10011
03-13 17:00:58.101  4205  5096 D PluginLockManagerImpl: isEnabledFromSettingHelper, screen:1, value:10011
03-13 17:00:58.101  3003  3130 D ColorFade: ColorFade start [PREPARE]  : mode=2
03-13 17:00:58.101  4205  5096 D PluginLockInstancePolicy: isEnable() value:10011, ret:true
03-13 17:00:58.101  4205  5096 D PluginLockManagerImpl: updateEnabledState() isDynamicMode = true, isEnabledFromSetting = true
03-13 17:00:58.101  4205  5096 D PluginLockMediatorImpl: setEnabled: true, com.android.systemui.pluginlock.PluginLockMediatorImpl@c944c4c
03-13 17:00:58.101  4205  5096 I PluginLockManagerImpl: onFolderStateChanged, new: com.samsung.android.dynamiclock:2
03-13 17:00:58.101  4205  5096 I DymLock|DynamicLockManager: onFolderStateChanged() false , true
03-13 17:00:58.101  4205  5096 I DymLock|BaseLockContainer: onFolderStateChanged screen[1] enabled[true]
03-13 17:00:58.101  4205  5096 I DymLock|BaseLockStateContainer: subscribe folder change : com.samsung.android.dynamiclock.plugin.views.dls.DynamicLockContainer{b8feb8d I.E...... ......I. 0,0-1080,2640}
03-13 17:00:58.101  4205  5096 I DymLock|ActionBus: subscribe : com.samsung.android.dynamiclock.plugin.views.dls.DynamicLockContainer{b8feb8d I.E...... ......I. 0,0-1080,2640}
03-13 17:00:58.101  4205  5096 I DymLock|ActionBus: subscribe : com.samsung.android.dynamiclock.plugin.stores.LockContainerStore@7ae7fb4
03-13 17:00:58.101  4205  5096 I DymLock|ActionBus: subscribe : com.samsung.android.dynamiclock.plugin.stores.WallpaperStore@96d67dd
03-13 17:00:58.101  4205  5096 I DymLock|ActionBus: subscribe : com.samsung.android.dynamiclock.plugin.stores.LockStarStore@b28bf52
03-13 17:00:58.101  4205  5096 D DymLock|BaseLockContainer: updatePanelWallpaper: Panel is not necessary. dls_state = 2
03-13 17:00:58.101  4205  5096 I KeyguardWallpaperController: onFolderStateChanged: isOpened = false
03-13 17:00:58.101  4205  5096 I KeyguardWallpaperController: onFolderStateChanged: which = 18, previous which = 6
03-13 17:00:58.102  3003  3130 D ColorFade: ColorFade start display info.
03-13 17:00:58.102  3003  3130 D ColorFade: ColorFade end display info.
03-13 17:00:58.102  3003  3130 D ColorFade: ColorFade start setColorFadeNightDim
03-13 17:00:58.102  3003  3631 I UMR     : E|Compact d_rss=-9428KB
03-13 17:00:58.102  2007  2007 I sensors-hal: activate:300, com.samsung.sensor.pocket_mode/1692 en=0
03-13 17:00:58.102  2007  2007 I sensors-hal: send_sync_sensor_request:508, send sync request
03-13 17:00:58.102  2007  2007 I sensors-hal: send_sync_sensor_request:518, send_sync_sensor_request before send_request for pocket_mode with SUID low=11039279336981156932 high=1340270623893619472
03-13 17:00:58.102  2007  2007 I sensors-hal: send_sync_sensor_request:537, wait for notification of response
03-13 17:00:58.102  4205  4205 D KeyguardViewMediator: handleMessage 1003
03-13 17:00:58.102  4205  4205 D KeyguardFoldController: handleFoldMessage: isOpened=false, showing=false
03-13 17:00:58.102  4205  4205 D KeyguardViewMediator: adjustStatusBarLocked: no need to update flags=0x0 / showHomeOverLock=true
03-13 17:00:58.102  4205  4205 D DisplayLifecycle: dispatchFolderStateChanged true -> false
03-13 17:00:58.102  4205  4205 D Keyguard.AODTouchModeManager: onFolderStateChanged: isOpened=false
03-13 17:00:58.102  4205  4205 D Keyguard.AODTouchModeManager: setTouchNodePath: isOpened=false
03-13 17:00:58.102  4205  4205 I PluginAODManager: onFolderStateChanged isOpened : false
03-13 17:00:58.102  4205  4205 I PluginAODManager: setStartedByFolderClosed: true
03-13 17:00:58.102  4205  4205 V SubLauncher:SubLauncherPluginImpl@102487053: onDozeAmountChanged: 0.0
03-13 17:00:58.102  4205  4205 I ResourceUtils: initDisplayValues LogicalHeight 2640 LogicalWidth = 1080 DisplayDeviceType = -1, sIsLandscape = false
03-13 17:00:58.102  4205  4205 I DisplayValues: initValues currentWidth 1080 currentHeight = 2640
03-13 17:00:58.102  4205  4205 D FaceWidgetPagesController: onFolderStateChanged() isFolderOpened = false
03-13 17:00:58.103  2007  3645 I sensors-hal: qsh_conn_resp_cb:930, resp_value = 0 for pocket_mode 
03-13 17:00:58.103  4205  4205 I AODDataSettings[8.0.6]:AODDataManager: onFolderStateChanged=false
03-13 17:00:58.103  4205  4205 I AODDataSettings[8.0.6]:AODDataManager: changeDisplay=DisplayImpl(type=SingleDisplay, orientation=Portrait, aodState=LockScreenOnly)
03-13 17:00:58.103  4205  4205 I AODDataSettings[8.0.6]:AODDataManager: getCurrentSize() from windowConfig = 1080.0x2640.0
03-13 17:00:58.103  4205  4205 I DataStoreState: setDisplay : DisplayImpl(type=SingleDisplay, orientation=Portrait, aodState=LockScreenOnly)
03-13 17:00:58.103  4205  4205 I DataStoreState: setRootSize : 1080.0x2640.0
03-13 17:00:58.103  4205  4205 I ComplicationWidgetPluginController:   onFoldStateChanged  0.0
03-13 17:00:58.103  4205  4205 I KeyguardNIOStatusBarController: initPosition()
03-13 17:00:58.103  4205  4205 I KeyguardNIOStatusBarController: updateIconAreaMargins() isDozing=false darkAmount=0.0 force=true currentFinalX=85 currentFinalY=22
03-13 17:00:58.103  4205  4205 I FaceWidgetWindowManager: removeAllViews
03-13 17:00:58.103  4205  4205 I ViewPositionControllerManager: refresh : []
03-13 17:00:58.103  4205  4205 I ViewPositionControllerManager: updatePosition: []
03-13 17:00:58.103  4205  4205 I FaceWidgetViewModel: onFolderStateChanged elapsed, for 1 ms
03-13 17:00:58.103  4205  4205 D KeyguardViewMediator: KeyguardViewMediator queue processing message: 
03-13 17:00:58.103 19717 19717 I HBD     : g isCoverDisplay : true, cached selected json info : SelectedLanguageInfo(languageVersion=4.2, currentLanguageOrder=0, selectedLanguageList=[SelectedLanguage(id=65537, isUsed=true, engName=English, inputType=qwerty, activeOptionList=[auto_replace, auto_spacing, writing_assistant, prediction], bilingualId=-1)]) 
03-13 17:00:58.103  4205  4205 D SecQsUiDisplayModeInteractor: onDeviceStateChanged from false -> to true, identifier = 0
03-13 17:00:58.103  4205  4205 D SecQsUiDisplayModeInteractor: updateUiDisplayModeAtFoldStateChanged COVER
03-13 17:00:58.103  2007  2007 I sensors-hal: send_sync_sensor_request:543, takes 0 ms to receive the response with 0
03-13 17:00:58.103  4205  4205 D SecFgsManagerController: foldStateChange foldState = UNFOLD > FOLD
03-13 17:00:58.103  4205  4205 D SecFgsManagerController: foldStateChange isDirty = false
03-13 17:00:58.103  2007  2007 I sensors-hal: activate:330, com.samsung.sensor.pocket_mode/1692 en=0 completed
