03-10 00:54:01.010  2075  3713 W android.hardware.gnss-aidl-service-qti: getSvState:exceeded dt limit 22758.346 on SvId 315 at time 190458.346186
03-10 00:54:01.010  2075  3713 W LocSvc_IzatApiV02: getSatellitePVT:579] unable to get SvState: prn: 315 signal: 00000040
03-10 00:54:01.010  2075  3713 W android.hardware.gnss-aidl-service-qti: getSvState:exceeded dt limit 22758.336 on SvId 325 at time 190458.336155
03-10 00:54:01.010  2075  3713 W LocSvc_IzatApiV02: getSatellitePVT:579] unable to get SvState: prn: 325 signal: 00000040
03-10 00:54:01.010  2075  3713 W android.hardware.gnss-aidl-service-qti: getSvState:exceeded dt limit 22758.335 on SvId 334 at time 190458.334313
03-10 00:54:01.010  2075  3713 W LocSvc_IzatApiV02: getSatellitePVT:579] unable to get SvState: prn: 334 signal: 00000040
03-10 00:54:01.014  2075  3713 W android.hardware.gnss-aidl-service-qti: getSvState:exceeded dt limit 22758.347 on SvId 303 at time 190458.347437
03-10 00:54:01.014  2075  3713 W LocSvc_IzatApiV02: getSatellitePVT:579] unable to get SvState: prn: 303 signal: 00000080
03-10 00:54:01.014  2075  3713 W android.hardware.gnss-aidl-service-qti: getSvState:exceeded dt limit 22758.348 on SvId 308 at time 190458.347799
03-10 00:54:01.014  2075  3713 W LocSvc_IzatApiV02: getSatellitePVT:579] unable to get SvState: prn: 308 signal: 00000080
03-10 00:54:01.014  2075  3713 W android.hardware.gnss-aidl-service-qti: getSvState:exceeded dt limit 22758.346 on SvId 313 at time 190458.346047
03-10 00:54:01.014  2075  3713 W LocSvc_IzatApiV02: getSatellitePVT:579] unable to get SvState: prn: 313 signal: 00000080
03-10 00:54:01.014  2075  3713 W android.hardware.gnss-aidl-service-qti: getSvState:exceeded dt limit 22758.346 on SvId 315 at time 190458.346186
03-10 00:54:01.014  2075  3713 W LocSvc_IzatApiV02: getSatellitePVT:579] unable to get SvState: prn: 315 signal: 00000080
03-10 00:54:01.014  2075  3713 W android.hardware.gnss-aidl-service-qti: getSvState:exceeded dt limit 22758.336 on SvId 325 at time 190458.336155
03-10 00:54:01.014  2075  3713 W LocSvc_IzatApiV02: getSatellitePVT:579] unable to get SvState: prn: 325 signal: 00000080
03-10 00:54:01.014  2075  3713 W android.hardware.gnss-aidl-service-qti: getSvState:exceeded dt limit 22758.335 on SvId 334 at time 190458.334313
03-10 00:54:01.014  2075  3713 W LocSvc_IzatApiV02: getSatellitePVT:579] unable to get SvState: prn: 334 signal: 00000080
03-10 00:54:01.020  3163  6380 D GnssMeasCbJni: gnssMeasurementCb
03-10 00:54:01.033  3163  3227 W ContextImpl: Calling a method in the system process without a qualified user: android.app.ContextImpl.sendBroadcast:1273 com.android.server.location.provider.LocationProviderManager$LocationRegistration$1.test:1070 com.android.server.location.provider.LocationProviderManager$LocationRegistration$1.test:1019 android.location.LocationResult.filter:253 com.android.server.location.provider.LocationProviderManager$LocationRegistration.acceptLocationChange:1018 
03-10 00:54:01.035  3163  3227 W ContextImpl: Calling a method in the system process without a qualified user: android.app.ContextImpl.sendBroadcast:1273 com.android.server.location.provider.LocationProviderManager$LocationRegistration$1.test:1070 com.android.server.location.provider.LocationProviderManager$LocationRegistration$1.test:1019 android.location.LocationResult.filter:253 com.android.server.location.provider.LocationProviderManager$LocationRegistration.acceptLocationChange:1018 
03-10 00:54:01.037  3163  3227 W ContextImpl: Calling a method in the system process without a qualified user: android.app.ContextImpl.sendBroadcast:1273 com.android.server.location.provider.LocationProviderManager$LocationRegistration$1.test:1070 com.android.server.location.provider.LocationProviderManager$LocationRegistration$1.test:1019 android.location.LocationResult.filter:253 com.android.server.location.provider.LocationProviderManager$LocationRegistration.acceptLocationChange:1018 
03-10 00:54:01.039  3163  3227 W ContextImpl: Calling a method in the system process without a qualified user: android.app.ContextImpl.sendBroadcast:1273 com.android.server.location.provider.LocationProviderManager$LocationRegistration$1.test:1070 com.android.server.location.provider.LocationProviderManager$LocationRegistration$1.test:1019 android.location.LocationResult.filter:253 com.android.server.location.provider.LocationProviderManager$LocationRegistration.acceptLocationChange:1018 
03-10 00:54:01.042  5993  7248 I FusedLocation: (REDACTED) location delivery to %s blocked - too fast
03-10 00:54:01.043  5993  7248 I FusedLocation: (REDACTED) location delivery to %s blocked - too close
03-10 00:54:01.043  5993  7248 I FusedLocation: (REDACTED) location delivery to %s blocked - too fast
03-10 00:54:01.045  5993  7248 I FusedLocation: (REDACTED) location delivery to %s blocked - too close
03-10 00:54:01.045  5993  7248 I FusedLocation: (REDACTED) location delivery to %s blocked - too fast
03-10 00:54:01.046  5993  7248 I FusedLocation: (REDACTED) location delivery to %s blocked - too close
03-10 00:54:01.329  3163  5158 D WifiStaIfaceHidlImpl: getCachedScanData is not implemented by HIDL
03-10 00:54:01.340  2064  2064 I sensors-hal: flush:235, android.sensor.magnetic_field_uncalibrated/141
03-10 00:54:01.340  2064  2064 I sensors-hal: send_sync_sensor_request:341, send sync request
03-10 00:54:01.340  2064  2064 I sensors-hal: send_sync_sensor_request:367, wait for notification of response
03-10 00:54:01.342  2064 28674 I sensors-hal: ssc_conn_resp_cb:632, resp_value = 0
03-10 00:54:01.342  2064  2064 I sensors-hal: send_sync_sensor_request:373, takes 1 ms to receive the response with 0
03-10 00:54:01.342  2064  2064 I sensors-hal: flush:241, android.sensor.magnetic_field_uncalibrated/141 completed
03-10 00:54:01.345  2064  2064 I sensors-hal: flush:235, android.sensor.gravity/91
03-10 00:54:01.345  2064  2064 I sensors-hal: send_sync_sensor_request:341, send sync request
03-10 00:54:01.345  2064  2064 I sensors-hal: send_sync_sensor_request:367, wait for notification of response
03-10 00:54:01.347  2064 28765 I sensors-hal: ssc_conn_resp_cb:632, resp_value = 0
03-10 00:54:01.348  2064  2064 I sensors-hal: send_sync_sensor_request:373, takes 2 ms to receive the response with 0
03-10 00:54:01.348  2064  2064 I sensors-hal: flush:241, android.sensor.gravity/91 completed
03-10 00:54:01.348  2064  2064 I sensors-hal: flush:235, android.sensor.linear_acceleration/101
03-10 00:54:01.349  2064  2064 I sensors-hal: send_sync_sensor_request:341, send sync request
03-10 00:54:01.349  2064  2064 I sensors-hal: send_sync_sensor_request:367, wait for notification of response
03-10 00:54:01.350  2064 28763 I sensors-hal: ssc_conn_resp_cb:632, resp_value = 0
03-10 00:54:01.350  2064  2064 I sensors-hal: send_sync_sensor_request:373, takes 0 ms to receive the response with 0
03-10 00:54:01.350  2064  2064 I sensors-hal: flush:241, android.sensor.linear_acceleration/101 completed
03-10 00:54:01.352  2064  2064 I sensors-hal: flush:235, android.sensor.gyroscope_uncalibrated/161
03-10 00:54:01.352  2064  2064 I sensors-hal: send_sync_sensor_request:341, send sync request
03-10 00:54:01.353  2064  2064 I sensors-hal: send_sync_sensor_request:367, wait for notification of response
03-10 00:54:01.353  2064 28685 I sensors-hal: ssc_conn_resp_cb:632, resp_value = 0
03-10 00:54:01.353  2064  2064 I sensors-hal: send_sync_sensor_request:373, takes 0 ms to receive the response with 0
03-10 00:54:01.354  2064  2064 I sensors-hal: flush:241, android.sensor.gyroscope_uncalibrated/161 completed
03-10 00:54:01.553  3163  3249 D addPss  : tracker=ProcessState{e7afca7 com.google.android.projection.gearhead:car/10190 pkg=com.google.android.projection.gearhead}
03-10 00:54:01.594  2067  3171 I PAL: SoundTriggerEngineGsl: HandleSessionCallBack: 2590: Enter, event detected on SPF, event id = 0x800104f
03-10 00:54:01.594  2067  3171 I PAL: ResourceManager: acquireWakeLock: 1011: Acquiring wake lock audio_pal_wl
03-10 00:54:01.595  2067  3171 I PAL: SoundTriggerEngineGsl: HandleSessionEvent: 2578: signal event processing thread
03-10 00:54:01.595  2067  3171 I PAL: SoundTriggerEngineGsl: UpdateState: 1535: Engine state transitioned from 2 to 4
03-10 00:54:01.596  2067  3171 I PAL: SoundTriggerEngineGsl: HandleSessionCallBack: 2624: Exit
03-10 00:54:01.597  2067 28849 I PAL: SoundTriggerEngineGsl: EventProcessingThread: 74: done waiting on cond
03-10 00:54:01.597  2067 28849 I PAL: SoundTriggerEngineGsl: GetDetectedStream: 786: Enter
03-10 00:54:01.597  2067 28849 I PAL: SoundTriggerEngineGsl: StartBuffering: 221: Enter
03-10 00:54:01.597  2067 28849 I PAL: SoundTriggerEngineGsl: UpdateState: 1535: Engine state transitioned from 4 to 3
03-10 00:54:01.598  2067 28849 I PAL: SoundTriggerEngineGsl: StartBuffering: 392: FTRT data read done! total_read_size 64000, ftrt_size 0, read latency 0ms
03-10 00:54:01.599  2067 28849 I PAL: SoundTriggerEngineGsl: GetDetectedStream: 786: Enter
03-10 00:54:01.599  2067 28849 I PAL: SoundTriggerEngineGsl: CheckAndSetDetectionConfLevels: 170: Enter
03-10 00:54:01.599  2067 28849 I PAL: StreamSoundTrigger: SetEngineDetectionState: 889: Enter, det_type 1
03-10 00:54:01.601  2067 28849 I PAL: StreamSoundTrigger: ProcessEvent: 3730: StActive: handle event 6 for stream instance 1
03-10 00:54:01.601  2067 28849 I PAL: StreamSoundTrigger: TransitTo: 2973: Stream instance 1: state transitioned from ST_STATE_ACTIVE to ST_STATE_BUFFERING
03-10 00:54:01.601  2067 28849 I PAL: StreamSoundTrigger: GenerateCallbackEvent: 2163: Enter
03-10 00:54:01.602  2067 28849 I PAL: StreamSoundTrigger: GenerateCallbackEvent: 2359: Exit
03-10 00:54:01.602  2067 28849 I PAL: StreamSoundTrigger: notifyClient: 1915: Notify detection event to client, total processing time: 7ms
03-10 00:54:01.602  2067 28849 D sthal_SoundTriggerSession: pal_callback: stream_handle (0xb400007d4404bc70), event_id (0), event_size (6740),cookie (12970367464033769440)
03-10 00:54:01.622  3163  3163 I SoundTriggerHelper: Recognition success
03-10 00:54:01.628  3163  5526 I SoundTriggerMiddlewareLogging: RECOGNITION (1, PhraseRecognitionEventSys{phraseRecognitionEvent: PhraseRecognitionEvent{common: RecognitionEvent{status: 0, type: 0, captureAvailable: true, captureDelayMs: 0, capturePreambleMs: 0, triggerInData: true, audioConfig: AudioConfig{base: AudioConfigBase{sampleRate: 16000, channelMask: AudioChannelLayout.layoutMask(1), format: AudioFormatDescription{type: 1, pcm: 1, encoding: }}, offloadInfo: AudioOffloadInfo{base: AudioConfigBase{sampleRate: 0, channelMask: AudioChannelLayout.none(0), format: AudioFormatDescription{type: 0, pcm: 0, encoding: }}, streamType: 0, bitRatePerSecond: 0, durationUs: 0, hasVideo: false, isStreaming: false, bitWidth: 0, offloadBufferSize: 0, usage: 0, encapsulationMode: -1, contentId: 0, syncId: 0}, frameCount: 0}, data: [0, 0, 0, 0, -44, 21, 0, 0, 0, 0, 0, 0, 0, 0, 0, 0, 0, 0, 0, 0, 0, 0, 0, 0, 0, 0, 0, 0, 0, 0, 0, 0, 0, 0, 0, 0, 0, 0, 0, 0, 0, 0, 0, 0, 0, 0, 0, 0, 0, 0, 0, 0, 0, 0, 0, 0, 0, 0, 0, 0, 0, 0, 0, 0, 0, 0, 0, 0, 0, 0, 0, 0, 0, 0, 0, 0, 0, 0, 0, 0, 0, 0, 0, 0, 0, 0, 0, 0, 0, 0, 0, 0, 0, 0, 0, 0, 0, 0, 0, 0, 0, 0, 0, 0, 0, 0, 0, 0, 0, 0, 0, 0, 0, 0, 0, 0, 0, 0, 0, 0, 0, 0, 0, 0, 0, 0, 0, 0, 0, 0, 0, 0, 0, 0, 0, 0, 0, 0, 0, 0, 0, 0, 0, 0, 0, 0, 0, 0, 0, 0, 0, 0, 0, 0, 0, 0, 0, 0, 0, 0, 0, 0, 0, 0, 0, 0, 0, 0, 0, 0, 0, 0, 0, 0, 0, 0, 0, 0, 0, 0, 0, 0, 0, 0, 0, 0, 0, 0, 0, 0, 0, 0, 0, 0, 0, 0, 0, 0, 0, 0, 0, 0, 0, 0, 0, 0, 0, 0, 0, 0, 0, 0, 0, 0, 0, 0, 0, 0, 0, 0, 0, 0, 0, 0, 0, 0, 0, 0, 0, 0, 0, 0, 0, 0, 0, 0, 0, 0, 0, 0, 0, 0, 0, 0, 0, 0, 0, 0, 0, 0, 0, 0, 0, 0, 0, 0, 0, 0, 0, 0, 0, 0, 0, 0, 0, 0, 0, 0, 0, 0, 0, 0, 0, 0, 0, 0, 0, 0, 0, 0, 0, 0, 0, 0, 0, 0, 0, 0, 0, 0, 0, 0, 0, 0, 0, 0, 0, 0, 0, 0, 0, 0, 0, 0, 0, 0, 0, 0, 0, 0, 0, 0, 0, 0, 0, 0, 0, 0, 0, 0, 0, 0, 0, 0, 0, 0, 0, 0, 0, 0, 0, 0, 0, 0, 0, 0, 0, 0, 0, 0, 0, 0, 0, 0, 0, 0, 0, 0, 0, 0, 0, 0, 0, 0, 0, 0, 0, 0, 0, 0, 0, 0, 0, 0, 0, 0, 0, 0, 0, 0, 0, 0, 0, 0, 0, 0, 0, 0, 0, 0, 0, 0, 0, 0, 0, 0, 0, 0, 0, 0, 0, 0, 0, 0, 0, 0, 0, 0, 0, 0, 0, 0, 0, 0, 0, 0, 0, 0, 0, 0, 0, 0, 0, 0, 0, 0, 0, 0, 0, 0, 0, 0, 0, 0, 0, 0, 0, 0, 0, 0, 0, 0, 0, 0, 0, 0, 0, 0, 0, 0, 0, 0, 0, 0, 0, 0, 0, 0, 0, 0, 0, 0, 0, 0, 0, 0, 0, 0, 0, 0, 0, 0, 0, 0, 0, 0, 0, 0, 0, 0, 0, 0, 0, 0, 0, 0, 0, 0, 0, 0, 0, 0, 0, 0, 0, 0, 0, 0, 0, 0, 0, 0, 0, 0, 0, 0, 0, 0, 0, 0, 0, 0, 0, 0, 0, 0, 0, 0, 0, 0, 0, 0, 0, 0, 0, 0, 0, 0, 0, 0, 0, 0, 0, 0, 0, 0, 0, 0, 0, 0, 0, 0, 0, 0, 0, 0, 0, 0, 0, 0, 0, 0, 0, 0, 0, 0, 0, 0, 0, 0, 0, 0, 0, 0, 0, 0, 0, 0, 0, 0, 0, 0, 0, 0, 0, 0, 0, 0, 0, 0, 0, 0, 0, 0, 0, 0, 0, 0, 0, 0, 0, 0, 0, 0, 0, 0, 0, 0, 0, 0, 0, 0, 0, 0, 0, 0, 0, 0, 0, 0, 0, 0, 0, 0, 0, 0, 0, 0, 0, 0, 0, 0, 0, 0, 0, 0, 0, 0, 0, 0, 0, 0, 0, 0, 0, 0, 0, 0, 0, 0, 0, 0, 0, 0, 0, 0, 0, 0, 0, 0, 0, 0, 0, 0, 0, 0, 0, 0, 0, 0, 0, 0, 0, 0, 0, 0, 0, 0, 0, 0, 0, 0, 0, 0, 0, 0, 0, 0, 0, 0, 0, 0, 0, 0, 0, 0, 0, 0, 0, 0, 0, 0, 0, 0, 0, 0, 0, 0, 0, 0, 0, 0, 0, 0, 0, 0, 0, 0, 0, 0, 0, 0, 0, 0, 0, 0, 0, 0, 0, 0, 0, 0, 0, 0, 0, 0, 0, 0, 0, 0, 0, 0, 0, 0, 0, 0, 0, 0, 0, 0, 0, 0, 0, 0, 0, 0, 0, 0, 0, 0, 0, 0, 0, 0, 0, 0, 0, 0, 0, 0, 0, 0, 0, 0, 0, 0, 0, 0, 0, 0, 0, 0, 0, 0, 0, 0, 0, 0, 0, 0, 0, 0, 0, 0, 0, 0, 0, 0, 0, 0, 0, 0, 0, 0, 0, 0, 0, 0, 0, 0, 0, 0, 0, 0, 0, 0, 0, 0, 0, 0, 0, 0, 0, 0, 0, 0, 0, 0, 0, 0, 0, 0, 0, 0, 0, 0, 0, 0, 0, 0, 0, 0, 0, 0, 0, 0, 0, 0, 0, 0, 0, 0, 0, 0, 0, 0, 0, 0, 0, 0, 0, 0, 0, 0, 0, 0, 0, 0, 0, 0, 0, 0, 0, 0, 0, 0, 0, 0, 0, 0, 0, 0, 0, 0, 0, 0, 0, 0, 0, 0, 0, 0, 0, 0, 0, 0, 0, 0, 0, 0, 0, 0, 0, 0, 0, 0, 0, 0, 0, 0, 0, 0, 0, 0, 0, 0, 0, 0, 0, 0, 0, 0, 0, 0, 0, 0, 0, 0, 0, 0, 0, 0, 0, 0, 0, 0, 0, 0, 0, 0, 0, 0, 0, 0, 0, 0, 0, 0, 0, 0, 0, 0, 0, 0, 0, 0, 0, 0, 0, 0, 0, 0, 0, 0, 0, 0, 0, 0, 0, 0, 0, 0, 0, 0, 0, 0, 0, 0, 0, 0, 0, 0, 0, 0, 0, 0, 0, 0, 0, 0, 0, 0, 0, 0, 0, 0, 0, 0, 0, 0, 0, 0, 0, 0, 0, 0, 0, 0, 0, 0, 0, 0, 0, 0, 0, 0, 0, 0, 0, 0, 0, 0, 0, 0, 0, 0, 0, 0, 0, 0, 0, 0, 0, 0, 0, 0, 0, 0, 0, 0, 0, 0, 0, 0, 0, 0, 0, 0, 0, 0, 0, 0, 0, 0, 0, 0, 0, 0, 0, 0, 0, 0, 0, 0, 0, 0, 0, 0, 0, 0, 0, 0, 0, 0, 0, 0, 0, 0, 0, 0, 0, 0, 0, 0, 0, 0, 0, 0, 0, 0, 0, 0, 0, 0, 0, 0, 0, 
03-10 00:54:01.628  3163  5526 I SoundTriggerMiddlewareLogging: 
03-10 00:54:01.629  2067 28849 V sthal_SoundTriggerSession: pal_callback: Exit, status 0
03-10 00:54:01.629  2067 28849 I PAL: StreamSoundTrigger: notifyClient: 1950: Exit, status 0
03-10 00:54:01.629  2067 28849 I PAL: StreamSoundTrigger: SetEngineDetectionState: 936: Exit, status 0
03-10 00:54:01.637 28824 28835 E word_detector_0: RecordingActivityTracker(): binding to audio service failed, service up?
03-10 00:54:01.641  2289  5675 W AudioFlinger: createRecord uid 99220 tried to pass itself off as 1000
03-10 00:54:01.641  2289  5675 W AudioFlinger: createRecord uid 99220 pid 28824 tried to pass itself off as pid 0
03-10 00:54:01.642  2289  5675 W Permission: The package name(com.google.android.googlequicksearchbox) provided does not correspond to the uid 99220
03-10 00:54:01.649  2289  5675 W ServiceManagerCppClient: Permission failure: android.permission.CALL_AUDIO_INTERCEPTION from uid=99220 pid=28824
03-10 00:54:01.649  2289  5675 D PermissionCache: checking android.permission.CALL_AUDIO_INTERCEPTION for uid=99220 => denied (403 us)
03-10 00:54:01.652  2289  5675 D APM_AudioPolicyManager: getInputForAttr() source 1999, sampling rate 16000, format 0x1, channel mask 0x10, session 4009, flags 0 attributes={ Content type: AUDIO_CONTENT_TYPE_UNKNOWN Usage: AUDIO_USAGE_UNKNOWN Source: AUDIO_SOURCE_HOTWORD Flags: 0x800 Tags:  } requested device ID 0
03-10 00:54:01.670  2067 11748 D AHAL: AudioDevice: adev_open_input_stream: 872: enter: sample_rate(16000) channel_mask(0x10) devices(0x80000004)        io_handle(54) source(1999) format 1
03-10 00:54:01.670  2067 11748 D AHAL: AudioDevice: adev_open_input_stream: 923: IsVoipRxActive(0)
03-10 00:54:01.672  2067 11748 D AHAL: AudioStream: StreamPrimary: 5565: handle: 54 channel_mask: 16 
03-10 00:54:01.673  2067 11748 D AHAL: AudioStream: StreamInPrimary: 5312: enter: handle (36) format(0x1) sample_rate(16000) channel_mask(0x10) devices(1) flags(0)
03-10 00:54:01.673  2067 11748 D AHAL: AudioStream: StreamInPrimary: 5324: crystalk_stereo_support 0, crystalk_record_max_rate 16000
03-10 00:54:01.673  2067 11748 D AHAL: soundtrigger: audio_extn_sound_trigger_check_and_get_session: 352: capture_handle 54 is sound trigger
03-10 00:54:01.673  2067 11748 I PAL: StreamSoundTrigger: getParameters: 419: Enter, get parameter 57
03-10 00:54:01.673  2067 11748 I PAL: StreamSoundTrigger: getParameters: 515: Exit status: 0
03-10 00:54:01.673  2067 11748 D AHAL: AudioStream: StreamInPrimary: 5421: local : handle (36) format(0x1) sample_rate(16000) channel_mask(0x10) devices(0x80000004) flags(0)
03-10 00:54:01.674  2067 11748 D AHAL: AudioStream: StreamInPrimary: 5437: No of devices 1
03-10 00:54:01.674  2067 11748 D AHAL: AudioDevice: GetPalDeviceIds: 2587: haldeviceIds: 1
03-10 00:54:01.674  2067 11748 D AHAL: AudioDevice: GetPalDeviceIds: 2594: Found haldeviceId: 80000004 and PAL Device ID 25
03-10 00:54:01.674  2067 11748 D AHAL: AudioDevice: GetPalDeviceIds: 2613: devices allocated 1, pal device ids before returning 1
03-10 00:54:01.674  2067 11748 I AHAL: AudioStream: StreamInPrimary: 5489: crystalk enable 1 0, channels mask 0x10, crystalk_stereo_support 0
03-10 00:54:01.674  2067 11748 I AHAL: AudioStream: StreamInPrimary: 5513: pal device 25, source_ 1999, force_mic_path_id 0
03-10 00:54:01.674  2067 11748 D AHAL: AudioStream: StreamInPrimary: 5531: Exit
03-10 00:54:01.675  2067 11748 D AHAL: AudioDevice: CreateStreamIn: 703: input stream 1 0x7c121feb98
03-10 00:54:01.675  2067 11748 D AHAL: AudioDevice: adev_open_input_stream: 943: Exit ret: 0
03-10 00:54:01.676  2067 11748 D AHAL: AudioStream: in_update_sink_metadata_v7: 1522: in_update_sink_metadata_v7: sink device 0
03-10 00:54:01.690  2289  5675 D AudioFlinger: openInput_l() created record thread: ID 54 thread 0xb40000706fc1ab20
03-10 00:54:01.690  2289 28945 I AudioFlinger: AudioFlinger's thread 0xb40000706fc1ab28 tid=28945 ready to run
03-10 00:54:01.690  2067  8157 D AHAL: AudioStream: astream_in_standby: 1661: enter: stream (0xb400007d4404a6e0) usecase(20: audio-record)
03-10 00:54:01.690  2067  8157 D AHAL: AudioStream: Standby: 4043: Enter
03-10 00:54:01.690  2067  8157 D AHAL: AudioStream: Standby: 4105: Exit ret: 0
03-10 00:54:01.690  2067  8157 D AHAL: AudioStream: astream_in_standby: 1670: Exit ret: 0
03-10 00:54:01.694  2067  8157 D AHAL: AudioStream: astream_in_standby: 1661: enter: stream (0xb400007d4404a6e0) usecase(20: audio-record)
03-10 00:54:01.694  2067  8157 D AHAL: AudioStream: Standby: 4043: Enter
03-10 00:54:01.694  2067  8157 D AHAL: AudioStream: Standby: 4105: Exit ret: 0
03-10 00:54:01.694  2067  8157 D AHAL: AudioStream: astream_in_standby: 1670: Exit ret: 0
03-10 00:54:01.696  2064  2064 I sensors-hal: flush:235, android.sensor.magnetic_field_uncalibrated/141
03-10 00:54:01.696  2064  2064 I sensors-hal: send_sync_sensor_request:341, send sync request
03-10 00:54:01.696  2064  2064 I sensors-hal: send_sync_sensor_request:367, wait for notification of response
03-10 00:54:01.697  2064 28674 I sensors-hal: ssc_conn_resp_cb:632, resp_value = 0
03-10 00:54:01.698  2064  2064 I sensors-hal: send_sync_sensor_request:373, takes 1 ms to receive the response with 0
03-10 00:54:01.698  2064  2064 I sensors-hal: flush:241, android.sensor.magnetic_field_uncalibrated/141 completed
03-10 00:54:01.698  2064  2064 I sensors-hal: flush:235, android.sensor.gravity/91
03-10 00:54:01.698  2064  2064 I sensors-hal: send_sync_sensor_request:341, send sync request
03-10 00:54:01.698  2064  2064 I sensors-hal: send_sync_sensor_request:367, wait for notification of response
03-10 00:54:01.699  2064 28765 I sensors-hal: ssc_conn_resp_cb:632, resp_value = 0
03-10 00:54:01.699  2064  2064 I sensors-hal: send_sync_sensor_request:373, takes 0 ms to receive the response with 0
03-10 00:54:01.699  2064  2064 I sensors-hal: flush:241, android.sensor.gravity/91 completed
03-10 00:54:01.700  2064  2064 I sensors-hal: flush:235, android.sensor.linear_acceleration/101
03-10 00:54:01.700  2064  2064 I sensors-hal: send_sync_sensor_request:341, send sync request
03-10 00:54:01.700  2064  2064 I sensors-hal: send_sync_sensor_request:367, wait for notification of response
03-10 00:54:01.701  2064 28763 I sensors-hal: ssc_conn_resp_cb:632, resp_value = 0
03-10 00:54:01.701  2064  2064 I sensors-hal: send_sync_sensor_request:373, takes 0 ms to receive the response with 0
03-10 00:54:01.701  2064  2064 I sensors-hal: flush:241, android.sensor.linear_acceleration/101 completed
03-10 00:54:01.701  2064  2064 I sensors-hal: flush:235, android.sensor.gyroscope_uncalibrated/161
03-10 00:54:01.702  2064  2064 I sensors-hal: send_sync_sensor_request:341, send sync request
03-10 00:54:01.702  2064  2064 I sensors-hal: send_sync_sensor_request:367, wait for notification of response
03-10 00:54:01.702  2064 28685 I sensors-hal: ssc_conn_resp_cb:632, resp_value = 0
03-10 00:54:01.703  2064  2064 I sensors-hal: send_sync_sensor_request:373, takes 0 ms to receive the response with 0
03-10 00:54:01.703  2064  2064 I sensors-hal: flush:241, android.sensor.gyroscope_uncalibrated/161 completed
03-10 00:54:01.705  2289  9863 W AidlConversionCppNdk: legacy2aidl_audio_channel_mask_t_AudioChannelLayout: no AudioChannelLayout found for legacy output audio_channel_mask_t value 0x10
03-10 00:54:01.706  2289  9201 W AidlConversionCppNdk: legacy2aidl_audio_channel_mask_t_AudioChannelLayout: no AudioChannelLayout found for legacy output audio_channel_mask_t value 0x10
03-10 00:54:01.707 11529 29454 W AidlConversionCppNdk: aidl2legacy_AudioChannelLayout_audio_channel_mask_t: no legacy output audio_channel_mask_t found for AudioChannelLayout{layoutMask: 16}
03-10 00:54:01.708  2289  9863 W AidlConversionCppNdk: legacy2aidl_audio_channel_mask_t_AudioChannelLayout: no AudioChannelLayout found for legacy output audio_channel_mask_t value 0x10
03-10 00:54:01.708  2289  9201 W AidlConversionCppNdk: legacy2aidl_audio_channel_mask_t_AudioChannelLayout: no AudioChannelLayout found for legacy output audio_channel_mask_t value 0x10
03-10 00:54:01.708  5705  5910 W AidlConversionCppNdk: aidl2legacy_AudioChannelLayout_audio_channel_mask_t: no legacy output audio_channel_mask_t found for AudioChannelLayout{layoutMask: 16}
03-10 00:54:01.709  2289  9201 W AidlConversionCppNdk: legacy2aidl_audio_channel_mask_t_AudioChannelLayout: no AudioChannelLayout found for legacy output audio_channel_mask_t value 0x10
03-10 00:54:01.710  5658  6084 W AidlConversionCppNdk: aidl2legacy_AudioChannelLayout_audio_channel_mask_t: no legacy output audio_channel_mask_t found for AudioChannelLayout{layoutMask: 16}
03-10 00:54:01.711 23146 30951 W AidlConversionCppNdk: aidl2legacy_AudioChannelLayout_audio_channel_mask_t: no legacy output audio_channel_mask_t found for AudioChannelLayout{layoutMask: 16}
03-10 00:54:01.713  2289  9863 W AidlConversionCppNdk: legacy2aidl_audio_channel_mask_t_AudioChannelLayout: no AudioChannelLayout found for legacy output audio_channel_mask_t value 0x10
03-10 00:54:01.713  6863  8026 W AidlConversionCppNdk: aidl2legacy_AudioChannelLayout_audio_channel_mask_t: no legacy output audio_channel_mask_t found for AudioChannelLayout{layoutMask: 16}
03-10 00:54:01.714  3163  5182 W AidlConversionCppNdk: aidl2legacy_AudioChannelLayout_audio_channel_mask_t: no legacy output audio_channel_mask_t found for AudioChannelLayout{layoutMask: 16}
03-10 00:54:01.719 28824 28946 D AudioRecord: ##MotoSecure##, value read : 0
03-10 00:54:01.719 28824 28835 I native  : I0000 00:00:1773118441.719539   28835 soda_client.cc:330] Starting capture.
03-10 00:54:01.719 28824 28835 I native  : I0000 00:00:1773118441.719828   28835 soda_async_impl.cc:651] SODA session starting (require_hotword:1, hotword_timeout_in_millis:3000, trigger_type:TRIGGER_TYPE_UNSPECIFIED, hybrid_asr_config.mode:MODE_DEFAULT)
03-10 00:54:01.719 28824 28835 I native  : I0000 00:00:1773118441.719910   28835 hotword_processor.cc:504] Updated hotword timeout: 3000
03-10 00:54:01.721 28824 28835 I native  : I0000 00:00:1773118441.721277   28835 hotword_detector.cc:270] Activating default hotword strategy.
03-10 00:54:01.723  2289  9863 D APM_AudioPolicyManager: startInput input:54, session:4009)
03-10 00:54:01.732  2067 11748 D AHAL: AudioStream: in_update_sink_metadata_v7: 1522: in_update_sink_metadata_v7: sink device 0
03-10 00:54:01.733  2067  8157 D AHAL: AudioDevice: CreateAudioPatch: 506: enter: num sources 1, num_sinks 1
03-10 00:54:01.733  2067  8157 D AHAL: AudioDevice: CreateAudioPatch: 521: source role 1, source type 1
03-10 00:54:01.733  2067  8157 D AHAL: AudioDevice: CreateAudioPatch: 532: Capture patch from device 80000004 to mix 54
03-10 00:54:01.733  2067  8157 I AHAL: AudioDevice: InGetStream: 1392: Found existing stream associated with iohandle 54
03-10 00:54:01.733  2067  8157 I AHAL: AudioStream: RouteStream: 4250: Enter: InPrimary usecase(20: audio-record)
03-10 00:54:01.733  2067  8157 D AHAL: AudioStream: RouteStream: 4261: mAndroidInDevices 0x80000004, mNoOfInDevices 1, new_devices 0x80000004, num new_devices: 1
03-10 00:54:01.733  2067  8157 D AHAL: AudioStream: RouteStream: 4445: exit 0
03-10 00:54:01.734  2067  8157 D AHAL: AudioDevice: CreateAudioPatch: 618: Added a new patch with handle 7
03-10 00:54:01.734  2067  8157 D AHAL: AudioDevice: CreateAudioPatch: 621: Exit ret: 0
03-10 00:54:01.735  2289 28945 D audioserver: logFgsApiEnd: FGS Logger Transaction failed, -129
03-10 00:54:01.736  2289 28945 D audioserver: logFgsApiBegin: FGS Logger Transaction failed, -129
03-10 00:54:01.736  3163  7496 W ForegroundServiceTypeLoggerModule: API event end called before start!
03-10 00:54:01.739 28824 28835 E SpeechMicro: Hotword model is single-channel neuralnet.
03-10 00:54:01.740 28824 28835 W native  : W0000 00:00:1773118441.740126   28835 hotword_detector.cc:1625] Model does not support threshold tuning: 0
03-10 00:54:01.740 28824 28835 I native  : I0000 00:00:1773118441.740278   28835 hotword_detector.cc:436] done getting threshold table entry
03-10 00:54:01.744  2289  5675 W AidlConversionCppNdk: legacy2aidl_audio_channel_mask_t_AudioChannelLayout: no AudioChannelLayout found for legacy output audio_channel_mask_t value 0x10
03-10 00:54:01.745  2289  9863 D audioserver: logFgsApiBegin: FGS Logger Transaction failed, -129
03-10 00:54:01.747  5658  6084 W AidlConversionCppNdk: aidl2legacy_AudioChannelLayout_audio_channel_mask_t: no legacy output audio_channel_mask_t found for AudioChannelLayout{layoutMask: 16}
03-10 00:54:01.748  2289  5043 W AidlConversionCppNdk: legacy2aidl_audio_channel_mask_t_AudioChannelLayout: no AudioChannelLayout found for legacy output audio_channel_mask_t value 0x10
03-10 00:54:01.749  2289  5079 W AidlConversionCppNdk: legacy2aidl_audio_channel_mask_t_AudioChannelLayout: no AudioChannelLayout found for legacy output audio_channel_mask_t value 0x10
03-10 00:54:01.749  6863  8026 W AidlConversionCppNdk: aidl2legacy_AudioChannelLayout_audio_channel_mask_t: no legacy output audio_channel_mask_t found for AudioChannelLayout{layoutMask: 16}
03-10 00:54:01.750  2067  8157 W StreamHAL: Error from HAL stream in function set_microphone_direction: Function not implemented
03-10 00:54:01.751  2289 28806 W AidlConversionCppNdk: legacy2aidl_audio_channel_mask_t_AudioChannelLayout: no AudioChannelLayout found for legacy output audio_channel_mask_t value 0x10
03-10 00:54:01.751  2289  9201 W AidlConversionCppNdk: legacy2aidl_audio_channel_mask_t_AudioChannelLayout: no AudioChannelLayout found for legacy output audio_channel_mask_t value 0x10
03-10 00:54:01.752 23146 30951 W AidlConversionCppNdk: aidl2legacy_AudioChannelLayout_audio_channel_mask_t: no legacy output audio_channel_mask_t found for AudioChannelLayout{layoutMask: 16}
03-10 00:54:01.752  3163  5182 W AidlConversionCppNdk: aidl2legacy_AudioChannelLayout_audio_channel_mask_t: no legacy output audio_channel_mask_t found for AudioChannelLayout{layoutMask: 16}
03-10 00:54:01.752  2289  6838 W AidlConversionCppNdk: legacy2aidl_audio_channel_mask_t_AudioChannelLayout: no AudioChannelLayout found for legacy output audio_channel_mask_t value 0x10
03-10 00:54:01.753 11529 29454 W AidlConversionCppNdk: aidl2legacy_AudioChannelLayout_audio_channel_mask_t: no legacy output audio_channel_mask_t found for AudioChannelLayout{layoutMask: 16}
03-10 00:54:01.753  5705  5910 W AidlConversionCppNdk: aidl2legacy_AudioChannelLayout_audio_channel_mask_t: no legacy output audio_channel_mask_t found for AudioChannelLayout{layoutMask: 16}
03-10 00:54:01.754  2067  8157 W StreamHAL: Error from HAL stream in function set_microphone_field_dimension: Function not implemented
03-10 00:54:01.755  3163  6380 I AudioService.RecordingActivityMonitor: rec start riid:-1 uid:99220 session:4009 src:HOTWORD not silenced pack:
03-10 00:54:01.759  2067 28951 D AHAL: AudioStream: AutoPerfLock: 283: (Acquired) perf_lock_handle: 0x86d1, count: 1
03-10 00:54:01.759  2067 28951 I AHAL: AudioStream: Open: 4528: Enter: InPrimary usecase(20: audio-record)
03-10 00:54:01.759  2067 28951 D AHAL: soundtrigger: audio_extn_sound_trigger_check_and_get_session: 352: capture_handle 54 is sound trigger
03-10 00:54:01.759  2067 28951 D AHAL: AudioStream: Open: 4902: Exit ret: 0
03-10 00:54:01.759  2067 28951 D AHAL: AudioStream: ~AutoPerfLock: 293: (release) perf_lock_handle: 0x86d1, count: 1
03-10 00:54:01.759  2067 28951 D AHAL: AudioStream: ~AutoPerfLock: 297: Releasing perf_lock_handle: 0x86d1
03-10 00:54:01.760  2067 28951 I PAL: ResourceManager: voteSleepMonitor: 1439: Enter for stream type 17
03-10 00:54:01.760  2067 28951 I PAL: ResourceManager: voteSleepMonitor: 1491: Voting done for nlpi use case, lpi votes 1, nlpi votes : 2
03-10 00:54:01.762 28824 28852 I native  : I0000 00:00:1773118441.761927   28852 soda_async_impl.cc:1357] SODA received first mic audio buffer, size in bytes: 320, format: 1, channels: 1, sample rate: 16000
03-10 00:54:01.898  2064  4171 I slpi-mot_tap : unmounted 304 - new tilt 29.390564
03-10 00:54:02.009  2075  3713 W android.hardware.gnss-aidl-service-qti: getSvState:exceeded dt limit 22741.351 on SvId 80 at time 28441.350923
03-10 00:54:02.009  2075  3713 W LocSvc_IzatApiV02: getSatellitePVT:579] unable to get SvState: prn: 80 signal: 00000010
03-10 00:54:02.010  2075  3713 W android.hardware.gnss-aidl-service-qti: getSvState:exceeded dt limit 22741.360 on SvId 69 at time 28441.360653
03-10 00:54:02.010  2075  3713 W LocSvc_IzatApiV02: getSatellitePVT:579] unable to get SvState: prn: 69 signal: 00000010
03-10 00:54:02.011  2075  3713 W android.hardware.gnss-aidl-service-qti: getSvState:exceeded dt limit 22741.358 on SvId 85 at time 28441.357582
03-10 00:54:02.011  2075  3713 W LocSvc_IzatApiV02: getSatellitePVT:579] unable to get SvState: prn: 85 signal: 00000010
03-10 00:54:02.012  2075  3713 W android.hardware.gnss-aidl-service-qti: getSvState:exceeded dt limit 22741.351 on SvId 68 at time 28441.351588
03-10 00:54:02.012  2075  3713 W LocSvc_IzatApiV02: getSatellitePVT:579] unable to get SvState: prn: 68 signal: 00000010
03-10 00:54:02.012  2075  3713 W android.hardware.gnss-aidl-service-qti: getSvState:exceeded dt limit 22759.347 on SvId 303 at time 190459.347436
03-10 00:54:02.012  2075  3713 W LocSvc_IzatApiV02: getSatellitePVT:579] unable to get SvState: prn: 303 signal: 00000040
03-10 00:54:02.012  2075  3713 W android.hardware.gnss-aidl-service-qti: getSvState:exceeded dt limit 22759.348 on SvId 308 at time 190459.347799
03-10 00:54:02.012  2075  3713 W LocSvc_IzatApiV02: getSatellitePVT:579] unable to get SvState: prn: 308 signal: 00000040
03-10 00:54:02.012  2075  3713 W android.hardware.gnss-aidl-service-qti: getSvState:exceeded dt limit 22759.346 on SvId 313 at time 190459.346048
03-10 00:54:02.012  2075  3713 W LocSvc_IzatApiV02: getSatellitePVT:579] unable to get SvState: prn: 313 signal: 00000040
03-10 00:54:02.013  2075  3713 W android.hardware.gnss-aidl-service-qti: getSvState:exceeded dt limit 22759.346 on SvId 315 at time 190459.346185
03-10 00:54:02.013  2075  3713 W LocSvc_IzatApiV02: getSatellitePVT:579] unable to get SvState: prn: 315 signal: 00000040
03-10 00:54:02.013  2075  3713 W android.hardware.gnss-aidl-service-qti: getSvState:exceeded dt limit 22759.336 on SvId 325 at time 190459.336156
03-10 00:54:02.013  2075  3713 W LocSvc_IzatApiV02: getSatellitePVT:579] unable to get SvState: prn: 325 signal: 00000040
03-10 00:54:02.013  2075  3713 W android.hardware.gnss-aidl-service-qti: getSvState:exceeded dt limit 22759.335 on SvId 334 at time 190459.334310
03-10 00:54:02.013  2075  3713 W LocSvc_IzatApiV02: getSatellitePVT:579] unable to get SvState: prn: 334 signal: 00000040
03-10 00:54:02.015  2075  3713 W android.hardware.gnss-aidl-service-qti: getSvState:exceeded dt limit 22759.347 on SvId 303 at time 190459.347436
03-10 00:54:02.015  2075  3713 W LocSvc_IzatApiV02: getSatellitePVT:579] unable to get SvState: prn: 303 signal: 00000080
03-10 00:54:02.015  2075  3713 W android.hardware.gnss-aidl-service-qti: getSvState:exceeded dt limit 22759.348 on SvId 308 at time 190459.347799
03-10 00:54:02.015  2075  3713 W LocSvc_IzatApiV02: getSatellitePVT:579] unable to get SvState: prn: 308 signal: 00000080
03-10 00:54:02.015  2075  3713 W android.hardware.gnss-aidl-service-qti: getSvState:exceeded dt limit 22759.346 on SvId 313 at time 190459.346048
03-10 00:54:02.015  2075  3713 W LocSvc_IzatApiV02: getSatellitePVT:579] unable to get SvState: prn: 313 signal: 00000080
03-10 00:54:02.036  5643 13675 D ApfFilter: (wlan0): Ignoring RA RA fe80::c294:35ff:fe71:84fd -> ff02::1 180s 2601:85:ca02:f280::/64 7200s/7200s DNS 180s 2601:85:ca02:f280:c294:35ff:fe71:84fd 2001:558:feed::1 2001:558:feed::2 RIO 180s ::/0  which matches RA fe80::c294:35ff:fe71:84fd -> ff02::1 180s 2601:85:ca02:f280::/64 7200s/7200s DNS 180s 2601:85:ca02:f280:c294:35ff:fe71:84fd 2001:558:feed::1 2001:558:feed::2 RIO 180s ::/0 
03-10 00:54:02.039  3163  6380 D GnssMeasCbJni: gnssMeasurementCb
03-10 00:54:02.044  2064  2064 I sensors-hal: flush:235, android.sensor.magnetic_field_uncalibrated/141
03-10 00:54:02.044  2064  2064 I sensors-hal: send_sync_sensor_request:341, send sync request
03-10 00:54:02.044  2064  2064 I sensors-hal: send_sync_sensor_request:367, wait for notification of response
03-10 00:54:02.045  2064 28674 I sensors-hal: ssc_conn_resp_cb:632, resp_value = 0
03-10 00:54:02.046  2064  2064 I sensors-hal: send_sync_sensor_request:373, takes 1 ms to receive the response with 0
03-10 00:54:02.046  2064  2064 I sensors-hal: flush:241, android.sensor.magnetic_field_uncalibrated/141 completed
03-10 00:54:02.047  2064  2064 I sensors-hal: flush:235, android.sensor.gravity/91
03-10 00:54:02.047  2064  2064 I sensors-hal: send_sync_sensor_request:341, send sync request
03-10 00:54:02.047  2064  2064 I sensors-hal: send_sync_sensor_request:367, wait for notification of response
03-10 00:54:02.048  2064 28765 I sensors-hal: ssc_conn_resp_cb:632, resp_value = 0
03-10 00:54:02.048  2064  2064 I sensors-hal: send_sync_sensor_request:373, takes 1 ms to receive the response with 0
03-10 00:54:02.048  2064  2064 I sensors-hal: flush:241, android.sensor.gravity/91 completed
03-10 00:54:02.049  2064  2064 I sensors-hal: flush:235, android.sensor.linear_acceleration/101
03-10 00:54:02.049  2064  2064 I sensors-hal: send_sync_sensor_request:341, send sync request
03-10 00:54:02.049  2064  2064 I sensors-hal: send_sync_sensor_request:367, wait for notification of response
03-10 00:54:02.050  2064 28763 I sensors-hal: ssc_conn_resp_cb:632, resp_value = 0
03-10 00:54:02.050  2064  2064 I sensors-hal: send_sync_sensor_request:373, takes 0 ms to receive the response with 0
03-10 00:54:02.050  2064  2064 I sensors-hal: flush:241, android.sensor.linear_acceleration/101 completed
03-10 00:54:02.053  2064  2064 I sensors-hal: flush:235, android.sensor.gyroscope_uncalibrated/161
03-10 00:54:02.053  2064  2064 I sensors-hal: send_sync_sensor_request:341, send sync request
03-10 00:54:02.053  2064  2064 I sensors-hal: send_sync_sensor_request:367, wait for notification of response
03-10 00:54:02.053  3163  3227 W ContextImpl: Calling a method in the system process without a qualified user: android.app.ContextImpl.sendBroadcast:1273 com.android.server.location.provider.LocationProviderManager$LocationRegistration$1.test:1070 com.android.server.location.provider.LocationProviderManager$LocationRegistration$1.test:1019 android.location.LocationResult.filter:253 com.android.server.location.provider.LocationProviderManager$LocationRegistration.acceptLocationChange:1018 
03-10 00:54:02.053  2064 28685 I sensors-hal: ssc_conn_resp_cb:632, resp_value = 0
03-10 00:54:02.054  2064  2064 I sensors-hal: send_sync_sensor_request:373, takes 1 ms to receive the response with 0
03-10 00:54:02.055  2064  2064 I sensors-hal: flush:241, android.sensor.gyroscope_uncalibrated/161 completed
03-10 00:54:02.057  3163  3227 W ContextImpl: Calling a method in the system process without a qualified user: android.app.ContextImpl.sendBroadcast:1273 com.android.server.location.provider.LocationProviderManager$LocationRegistration$1.test:1070 com.android.server.location.provider.LocationProviderManager$LocationRegistration$1.test:1019 android.location.LocationResult.filter:253 com.android.server.location.provider.LocationProviderManager$LocationRegistration.acceptLocationChange:1018 
03-10 00:54:02.061  3163  3227 W ContextImpl: Calling a method in the system process without a qualified user: android.app.ContextImpl.sendBroadcast:1273 com.android.server.location.provider.LocationProviderManager$LocationRegistration$1.test:1070 com.android.server.location.provider.LocationProviderManager$LocationRegistration$1.test:1019 android.location.LocationResult.filter:253 com.android.server.location.provider.LocationProviderManager$LocationRegistration.acceptLocationChange:1018 
03-10 00:54:02.063  3163  3227 W ContextImpl: Calling a method in the system process without a qualified user: android.app.ContextImpl.sendBroadcast:1273 com.android.server.location.provider.LocationProviderManager$LocationRegistration$1.test:1070 com.android.server.location.provider.LocationProviderManager$LocationRegistration$1.test:1019 android.location.LocationResult.filter:253 com.android.server.location.provider.LocationProviderManager$LocationRegistration.acceptLocationChange:1018 
03-10 00:54:02.071  5993  7248 I FusedLocation: (REDACTED) location delivery to %s blocked - too fast
03-10 00:54:02.072  5993  7248 I FusedLocation: (REDACTED) location delivery to %s blocked - too close
03-10 00:54:02.072  5993  7248 I FusedLocation: (REDACTED) location delivery to %s blocked - too fast
03-10 00:54:02.076  5993  7248 I FusedLocation: (REDACTED) location delivery to %s blocked - too close
03-10 00:54:02.077  5993  7248 I FusedLocation: (REDACTED) location delivery to %s blocked - too fast
03-10 00:54:02.077  5993  7248 I FusedLocation: (REDACTED) location delivery to %s blocked - too close
03-10 00:54:02.258 28824 28852 I native  : I0000 00:00:1773118442.254029   28852 soda_async_impl.cc:1126] Not receiving any loopback audio in 500ms. Last audio received time: 1969-12-31T19:00:00-05:00, Current time: 2026-03-10T00:54:02.254026373-04:00
03-10 00:54:02.392  2064  2064 I sensors-hal: flush:235, android.sensor.magnetic_field_uncalibrated/141
03-10 00:54:02.392  2064  2064 I sensors-hal: send_sync_sensor_request:341, send sync request
03-10 00:54:02.393  2064  2064 I sensors-hal: send_sync_sensor_request:367, wait for notification of response
03-10 00:54:02.394  2064 28674 I sensors-hal: ssc_conn_resp_cb:632, resp_value = 0
03-10 00:54:02.395  2064  2064 I sensors-hal: send_sync_sensor_request:373, takes 2 ms to receive the response with 0
03-10 00:54:02.395  2064  2064 I sensors-hal: flush:241, android.sensor.magnetic_field_uncalibrated/141 completed
03-10 00:54:02.396  2064  2064 I sensors-hal: flush:235, android.sensor.gravity/91
03-10 00:54:02.396  2064  2064 I sensors-hal: send_sync_sensor_request:341, send sync request
03-10 00:54:02.396  2064  2064 I sensors-hal: send_sync_sensor_request:367, wait for notification of response
03-10 00:54:02.396  2064 28765 I sensors-hal: ssc_conn_resp_cb:632, resp_value = 0
03-10 00:54:02.397  2064  2064 I sensors-hal: send_sync_sensor_request:373, takes 0 ms to receive the response with 0
03-10 00:54:02.397  2064  2064 I sensors-hal: flush:241, android.sensor.gravity/91 completed
03-10 00:54:02.398  2064  2064 I sensors-hal: flush:235, android.sensor.linear_acceleration/101
03-10 00:54:02.398  2064  2064 I sensors-hal: send_sync_sensor_request:341, send sync request
03-10 00:54:02.398  2064  2064 I sensors-hal: send_sync_sensor_request:367, wait for notification of response
03-10 00:54:02.398  2064 28763 I sensors-hal: ssc_conn_resp_cb:632, resp_value = 0
03-10 00:54:02.399  2064  2064 I sensors-hal: send_sync_sensor_request:373, takes 0 ms to receive the response with 0
03-10 00:54:02.399  2064  2064 I sensors-hal: flush:241, android.sensor.linear_acceleration/101 completed
03-10 00:54:02.400  2064  2064 I sensors-hal: flush:235, android.sensor.gyroscope_uncalibrated/161
03-10 00:54:02.400  2064  2064 I sensors-hal: send_sync_sensor_request:341, send sync request
03-10 00:54:02.400  2064  2064 I sensors-hal: send_sync_sensor_request:367, wait for notification of response
03-10 00:54:02.401  2064 28685 I sensors-hal: ssc_conn_resp_cb:632, resp_value = 0
03-10 00:54:02.401  2064  2064 I sensors-hal: send_sync_sensor_request:373, takes 1 ms to receive the response with 0
03-10 00:54:02.401  2064  2064 I sensors-hal: flush:241, android.sensor.gyroscope_uncalibrated/161 completed
03-10 00:54:02.614 28824 28852 I native  : I0000 00:00:1773118442.614433   28852 hotword_processor.cc:848] Hotword has timed out.
03-10 00:54:02.617 28824 28852 I native  : I0000 00:00:1773118442.616924   28852 soda_impl.cc:1922] Adding hotword timeout event
03-10 00:54:02.617 28824 28852 I native  : I0000 00:00:1773118442.617817   28852 soda_async_impl.cc:1016] SODA stopped processing audio, mics audio processed in millis: 3000, loopback audio processed in millis: 0
03-10 00:54:02.619 28824 28852 I native  : I0000 00:00:1773118442.619719   28852 soda_async_impl.cc:1028] Audio readers are stopped.
03-10 00:54:02.621 28824 28852 I native  : I0000 00:00:1773118442.621342   28852 soda_async_impl.cc:1487] Ending ASR due to process sync signal.
03-10 00:54:02.622 28824 28852 I native  : I0000 00:00:1773118442.622876   28852 soda_async_impl.cc:1091] SODA session stopped due to: HOTWORD_TIMEOUT
03-10 00:54:02.627 28824 28853 W ProxyAndroidLoggerBackend: Too many Flogger logs received before configuration. Dropping old logs.
03-10 00:54:02.627 28824 28942 W ProxyAndroidLoggerBackend: Too many Flogger logs received before configuration. Dropping old logs.
03-10 00:54:02.627 28824 28942 W ProxyAndroidLoggerBackend: Too many Flogger logs received before configuration. Dropping old logs.
03-10 00:54:02.627 28824 28942 W ProxyAndroidLoggerBackend: Too many Flogger logs received before configuration. Dropping old logs.
03-10 00:54:02.632  2289 28945 D audioserver: logFgsApiEnd: FGS Logger Transaction failed, -129
03-10 00:54:02.633  2067  8157 E AHAL: AudioStream: in_update_sink_metadata_v7: 1514: in_update_sink_metadata_v7: stream or sink_metadata is NULL
03-10 00:54:02.634  2067  8157 D AHAL: AudioStream: astream_in_standby: 1661: enter: stream (0xb400007d4404a6e0) usecase(20: audio-record)
03-10 00:54:02.634  2067  8157 D AHAL: AudioStream: Standby: 4043: Enter
03-10 00:54:02.634  2067  8157 I PAL: StreamSoundTrigger: setParameters: 528: Enter, param id 5
03-10 00:54:02.634  2067  8157 E PAL: ResourceManager: updateECDeviceMap: 4972: Cannot reset as ec ref not present
03-10 00:54:02.634  2067  8157 I PAL: StreamSoundTrigger: setECRef_l: 653: Enter, enable 0
03-10 00:54:02.634  2067  8157 I PAL: StreamSoundTrigger: setECRef_l: 656: No need to set ec ref
03-10 00:54:02.634  2067  8157 I PAL: StreamSoundTrigger: setECRef_l: 678: Exit, status 0
03-10 00:54:02.634  2067  8157 I PAL: ResourceManager: voteSleepMonitor: 1439: Enter for stream type 17
03-10 00:54:02.634  2067  8157 I PAL: ResourceManager: voteSleepMonitor: 1491: Unvoting done for nlpi use case, lpi votes 1, nlpi votes : 1
03-10 00:54:02.634  2067  8157 I PAL: SoundTriggerEngineGsl: StopRecognition: 2199: Enter
03-10 00:54:02.649  2067 28849 I PAL: SoundTriggerEngineGsl: StartBuffering: 455: Exit, status 0
03-10 00:54:02.649  2067  8157 I PAL: SoundTriggerEngineGsl: ProcessStopRecognition: 2166: Enter
03-10 00:54:02.649  2067  8157 I PAL: SoundTriggerEngineGsl: UpdateSessionPayload: 2848: Enter, param : 4
03-10 00:54:02.649  2067  8157 I PAL: PayloadBuilder: payloadSVAConfig: 1489: PID 0x8001051, payload 0xb400007e04063730K size 16
03-10 00:54:02.650  2188  5040 D AGM: graph: graph_set_config: 1134 entry graph_handle 0x347534c
03-10 00:54:02.650  2188  5040 I gsl     : gsl_send_spf_cmd:169 Wait for Rsp opcode[0x1001006] src_port[0x2013] dst_port[0x463b] token 0xa93
03-10 00:54:02.651  2188  5040 I gsl     : gsl_send_spf_cmd:183 rcvd pkt token : 0xa93
03-10 00:54:02.651  2188  5040 D AGM: graph: graph_set_config: 1142 exit, graph handle 0x347534c, ret 0
03-10 00:54:02.652  2188  5040 D AGM: graph: graph_stop: 955 entry graph_handle 0x347534c
03-10 00:54:02.652  2188  5040 I gsl     : gsl_send_spf_cmd:169 Wait for Rsp opcode[0x1001003] src_port[0x2013] dst_port[0x1] token 0xa94
03-10 00:54:02.656  2188  5040 I gsl     : gsl_send_spf_cmd:183 rcvd pkt token : 0xa94
03-10 00:54:02.656  2188  5040 D AGM: graph: graph_stop: 1000 exit, ret 0
03-10 00:54:02.656  2067  8157 I PAL: ResourceManager: voteSleepMonitor: 1439: Enter for stream type 17
03-10 00:54:02.658  2067  8157 I PAL: ResourceManager: voteSleepMonitor: 1491: Unvoting done for lpi use case, lpi votes 0, nlpi votes : 1
03-10 00:54:02.659  2188  5040 I gsl     : gsl_send_spf_cmd:169 Wait for Rsp opcode[0x100100e] src_port[0x2013] dst_port[0x463b] token 0xa95
03-10 00:54:02.660  2188  5040 I gsl     : gsl_send_spf_cmd:183 rcvd pkt token : 0xa95
03-10 00:54:02.660  2067  8157 I PAL: SoundTriggerEngineGsl: UpdateState: 1535: Engine state transitioned from 3 to 1
03-10 00:54:02.660  2067  8157 I PAL: SoundTriggerEngineGsl: ProcessStopRecognition: 2190: Exit, status = 0
03-10 00:54:02.660  2067  8157 I PAL: SoundTriggerEngineGsl: StopRecognition: 2249: Exit, status = 0
03-10 00:54:02.660  2067  8157 I PAL: StreamSoundTrigger: ProcessEvent: 4375: Stop device 38-PAL_DEVICE_IN_HANDSET_VA_MIC
03-10 00:54:02.660  2067  8157 I PAL: Device: close: 470: Enter. deviceCount 1 for device id 38 (PAL_DEVICE_IN_HANDSET_VA_MIC)
03-10 00:54:02.670  2067  8157 I PAL: Device: close: 487: Exit. deviceCount 0 for device id 38 (PAL_DEVICE_IN_HANDSET_VA_MIC), exit status 0
03-10 00:54:02.670  2067  8157 I PAL: StreamSoundTrigger: TransitTo: 2973: Stream instance 1: state transitioned from ST_STATE_BUFFERING to ST_STATE_LOADED
03-10 00:54:02.670  2067  8157 I PAL: ResourceManager: releaseWakeLock: 1033: Releasing wake lock audio_pal_wl
03-10 00:54:02.670  2067  8157 I PAL: StreamSoundTrigger: setParameters: 576: Exit, status 0
03-10 00:54:02.670  2067  8157 D AHAL: AudioStream: Standby: 4105: Exit ret: 0
03-10 00:54:02.670  2067  8157 D AHAL: AudioStream: astream_in_standby: 1670: Exit ret: 0
03-10 00:54:02.673  3163  6380 E AppOps  : Bad call made by uid 1041. Package "com.google.android.googlequicksearchbox" does not belong to uid 99220.
03-10 00:54:02.674  3163  6380 E AppOps  : Cannot finishOperation
03-10 00:54:02.674  3163  6380 E AppOps  : java.lang.SecurityException: Specified package "com.google.android.googlequicksearchbox" under uid 99220 but it is not
03-10 00:54:02.674  3163  6380 E AppOps  : 	at com.android.server.appop.AppOpsService.verifyAndGetBypass(AppOpsService.java:5009)
03-10 00:54:02.674  3163  6380 E AppOps  : 	at com.android.server.appop.AppOpsService.verifyAndGetBypass(AppOpsService.java:4870)
03-10 00:54:02.674  3163  6380 E AppOps  : 	at com.android.server.appop.AppOpsService.verifyAndGetBypass(AppOpsService.java:4862)
03-10 00:54:02.674  3163  6380 E AppOps  : 	at com.android.server.appop.AppOpsService.checkReport(AppOpsService.java:4276)
03-10 00:54:02.674  3163  6380 E AppOps  : 	at com.android.server.appop.AppOpsService.finishOperation(AppOpsService.java:4266)
03-10 00:54:02.674  3163  6380 E AppOps  : 	at com.android.server.appop.AppOpsService.finishOperation(AppOpsService.java:4255)
03-10 00:54:02.674  3163  6380 E AppOps  : 	at android.app.AppOpsManager.finishOp(AppOpsManager.java:9858)
03-10 00:54:02.674  3163  6380 E AppOps  : 	at android.app.AppOpsManager.finishOp(AppOpsManager.java:9839)
03-10 00:54:02.674  3163  6380 E AppOps  : 	at com.android.server.pm.permission.PermissionManagerService$PermissionCheckerService.finishDataDelivery(PermissionManagerService.java:1079)
03-10 00:54:02.674  3163  6380 E AppOps  : 	at com.android.server.pm.permission.PermissionManagerService$PermissionCheckerService.finishDataDelivery(PermissionManagerService.java:1032)
03-10 00:54:02.674  3163  6380 E AppOps  : 	at android.permission.IPermissionChecker$Stub.onTransact(IPermissionChecker.java:99)
03-10 00:54:02.674  3163  6380 E AppOps  : 	at android.os.Binder.execTransactInternal(Binder.java:1520)
03-10 00:54:02.674  3163  6380 E AppOps  : 	at android.os.Binder.execTransact(Binder.java:1453)
03-10 00:54:02.674  2289  5043 D APM_AudioPolicyManager: stopInput portId 141
03-10 00:54:02.674  2289  5043 D APM_AudioPolicyManager: stopInput input:54, session:4009, source 1999)
03-10 00:54:02.677  3163  5843 I AudioService.RecordingActivityMonitor: rec stop riid:-1 uid:99220 session:4009 src:HOTWORD not silenced pack:
03-10 00:54:02.679  2067  8157 E AHAL: AudioStream: in_update_sink_metadata_v7: 1514: in_update_sink_metadata_v7: stream or sink_metadata is NULL
