03-11 11:18:44.890  3163  3227 D TouchHwAidlService: setCliGestureModeHal done mode=49 newMode=49 result=0
03-11 11:18:44.891  2723  2723 I CameraService: Previous DeviceState : 0 New DeviceState : 4
03-11 11:18:44.891  3084  3373 E Thermal-Lib: Thermal-Lib-Client:do_listen: recv failed
03-11 11:18:44.891  3065  3276 E Thermal-Lib: Thermal-Lib-Client:do_listen: recv failed
03-11 11:18:44.891  2067  5073 D AHAL: AudioDevice: SetParameters: 1564: enter: cli_state=close
03-11 11:18:44.891  2067  5073 D AHAL: AudioVoice: VoiceSetParameters: 87: Enter params: cli_state=close
03-11 11:18:44.891  2067  5073 D AHAL: AudioVoice: VoiceSetParameters: 360: Exit ret: 0
03-11 11:18:44.891  2067  5073 D AHAL: FM: fm_set_parameters: 262: Enter
03-11 11:18:44.891  2067  5073 D AHAL: FM: fm_set_parameters: 320: exit
03-11 11:18:44.891  2067  5073 D AHAL: AudioDevice: SetParameters: 2361: exit: cli_state=close
03-11 11:18:44.892  3065  3276 E Thermal-Lib: Thermal-Lib-Client:do_listen: recv failed
03-11 11:18:44.892  2186  2186 I CamxPrvdr@2.7-legacy: notifyDeviceStateChange: New device state: 0x4
03-11 11:18:44.892  2186  2186 I CamxComm1.0-CamModule: notifyDeviceStateChange: calling notify_device_state_change with state 4
03-11 11:18:44.892  2186  2186 D CamX    : [DEBUG][HAL    ] camxhal3module.cpp:411 NotifyDeviceStateChange() New Device State: 4
03-11 11:18:44.891  3163  3227 D TouchHwAidlService: Unregister stow sensor
03-11 11:18:44.892  3163  3227 W AlarmManager: Unrecognized alarm listener com.motorola.server.display.TouchHwAidlService$AlarmListenerImpl@de23d8f
03-11 11:18:44.892  3163  3227 D TouchHwAidlService: Unregister stow sensor
03-11 11:18:44.892  3163  3227 W AlarmManager: Unrecognized alarm listener com.motorola.server.display.TouchHwAidlService$AlarmListenerImpl@de23d8f
03-11 11:18:44.892  3163  3227 D TouchHwAidlService: Unregister stow sensor
03-11 11:18:44.892  3163  3227 W AlarmManager: Unrecognized alarm listener com.motorola.server.display.TouchHwAidlService$AlarmListenerImpl@de23d8f
03-11 11:18:44.893  3163  3227 D TouchHwAidlService: enableGestureStowMode stowed: false
03-11 11:18:44.893  2106  2106 I motorola.hardware.display.touch-service: Setting stow gesture mode to 0 for panel 1
03-11 11:18:44.893  2061  2108 E minksocket: MinkIPC_QRTR_Service: client with node 1 port 6ec5 went down
03-11 11:18:44.894  3163  3227 D TouchHwAidlService: setStowGestureMode for cli stowed=false ret=0
03-11 11:18:44.894  3084  3373 E Thermal-Lib: Thermal-Lib-Client:do_listen: recv failed
03-11 11:18:44.894  3163  3227 D TouchHwAidlService: enableGestureStowMode stowed: false
03-11 11:18:44.895  2061  2108 E minksocket: MinkIPC_QRTR_Service: client with node 1 port 6ebf went down
03-11 11:18:44.895  2061  2108 E minksocket: MinkIPC_QRTR_Service: client with node 1 port 6ec3 went down
03-11 11:18:44.895  2061  2108 E minksocket: MinkIPC_QRTR_Service: client with node 1 port 6ea7 went down
03-11 11:18:44.895  2106  2106 I motorola.hardware.display.touch-service: Setting stow gesture mode to 0 for panel 1
03-11 11:18:44.896  3163  3227 D TouchHwAidlService: setStowGestureMode for cli stowed=false ret=0
03-11 11:18:44.896  3163  3227 D TouchHwAidlService: enableGestureStowMode stowed: false
03-11 11:18:44.896  2106  2106 I motorola.hardware.display.touch-service: Setting stow gesture mode to 0 for panel 1
03-11 11:18:44.897  3163  3227 D TouchHwAidlService: setStowGestureMode for cli stowed=false ret=0
03-11 11:18:44.908  2163  2163 D motorola.hardware.sensorext-service: handle id:13 wxh:1088x2640 uwxuh:1080x2640 size: 11489280 fd:11 fd_meta:12 flags:0x4000228 usage:0x33  format:0x1 layer_count: 1 reserved_size = 0
03-11 11:18:44.909  2195  2386 I SDM     : HWCSession::SetCWBOutputBuffer: CWB config passed by cwb_client : tappoint 1  CWB_ROI : (210.000000 26.000000 274.000000 90.000000) for display [1 0 0]
03-11 11:18:44.909  2064  4171 D slpi-TCS3720: ALS_REPORT lux 201.320435, ch0 96.992516-55.025459-39.288464-21.586403, scale 1.1878, fps 90, client 1
03-11 11:18:44.910  2064  4171 D slpi-TCS3720: PRX_OC info Far, Total 0, pdata 0, offset 0 step 0.63, ore 0:0 step 21.00, TH_H 1020, TH_L 0, client 0
03-11 11:18:44.910  2195  9542 I SDM     : HWCDisplay::SetReadbackBuffer: CWB config from client: tap_point 1, CWB ROI Rect(210.000000 26.000000 274.000000 90.000000), PU_as_CWB_ROI 0, Cwb full rect : (0.000000 0.000000 1080.000000 2640.000000)
03-11 11:18:44.910  2195  9542 I SDM     : HWCDisplay::SetReadbackBuffer: Successfully configured the output buffer: readback_buffer_queued_ 1, readback_configured_ 0, cwb_client 3
03-11 11:18:44.910  2195  9542 I SDM     : HWCSession::ProcessRequests: Successfully configured CWB buffer.
03-11 11:18:44.912  8270  8656 E XcdnEngine-N: xcdn_task[170]===write chunk_index 6, from 2 result 179200 crc 170 ip: 

03-11 11:18:44.922  9541  9541 I ThermalEngine: Throttling daemon started
03-11 11:18:44.922  9541  9541 E ThermalEngine: config_info path not found: /sys/module/msm_thermal/config_info
03-11 11:18:44.922  9541  9541 I ThermalEngine: Using device config file '/vendor/etc/thermal-engine-lynkco-cli.conf'
03-11 11:18:44.952  9541  9541 I ThermalEngine: devices_manager_init: Init
03-11 11:18:44.952  9541  9541 I ThermalEngine: Number of gpus :1
03-11 11:18:44.952  9541  9541 I ThermalEngine: Number of cpus :8
03-11 11:18:44.954  2061  2108 E minksocket: MinkIPC_QRTR_Service: client with node 1 port 6fee went down
03-11 11:18:44.955  9541  9541 E ThermalEngine: tmd_add_cpufreq_dev_data: Invalid or no boost freqs
03-11 11:18:44.956  2061  2108 E minksocket: MinkIPC_QRTR_Service: client with node 1 port 6fef went down
03-11 11:18:44.956  2061  2108 E minksocket: MinkIPC_QRTR_Service: client with node 1 port 6ff0 went down
03-11 11:18:44.958  9541  9541 E ThermalEngine: tmd_add_cpufreq_dev_data: Invalid or no boost freqs
03-11 11:18:44.959  2061  2108 E minksocket: MinkIPC_QRTR_Service: client with node 1 port 6ff1 went down
03-11 11:18:44.959  9541  9541 E ThermalEngine: tmd_add_cpufreq_dev_data: Invalid or no boost freqs
03-11 11:18:44.962  2061  2108 E minksocket: MinkIPC_QRTR_Service: client with node 1 port 6ff2 went down
03-11 11:18:44.964  9541  9541 E ThermalEngine: devices_manager_reg_clnt: Invalid dev cdsp_sw.
03-11 11:18:44.961  9541  9541 W thermal-engine-: type=1400 audit(0.0:1569032): avc:  denied  { read } for  scontext=u:r:vendor_thermal-engine:s0 tcontext=u:r:init:s0 tclass=file permissive=0
03-11 11:18:44.961  9541  9541 W thermal-engine-: type=1400 audit(0.0:1569033): avc:  denied  { read } for  scontext=u:r:vendor_thermal-engine:s0 tcontext=u:r:kernel:s0 tclass=file permissive=0
03-11 11:18:44.961  9541  9541 W thermal-engine-: type=1400 audit(0.0:1569034): avc:  denied  { read } for  scontext=u:r:vendor_thermal-engine:s0 tcontext=u:r:kernel:s0 tclass=file permissive=0
03-11 11:18:44.961  9541  9541 W thermal-engine-: type=1400 audit(0.0:1569035): avc:  denied  { read } for  scontext=u:r:vendor_thermal-engine:s0 tcontext=u:r:kernel:s0 tclass=file permissive=0
03-11 11:18:44.961  9541  9541 W thermal-engine-: type=1400 audit(0.0:1569036): avc:  denied  { read } for  scontext=u:r:vendor_thermal-engine:s0 tcontext=u:r:kernel:s0 tclass=file permissive=0
03-11 11:18:44.961  9541  9541 W thermal-engine-: type=1400 audit(0.0:1569037): avc:  denied  { read } for  scontext=u:r:vendor_thermal-engine:s0 tcontext=u:r:kernel:s0 tclass=file permissive=0
03-11 11:18:44.961  9541  9541 W thermal-engine-: type=1400 audit(0.0:1569038): avc:  denied  { read } for  scontext=u:r:vendor_thermal-engine:s0 tcontext=u:r:kernel:s0 tclass=file permissive=0
03-11 11:18:44.967  2061  2108 E minksocket: MinkIPC_QRTR_Service: client with node 1 port 6ff3 went down
03-11 11:18:44.970  2061  2108 E minksocket: MinkIPC_QRTR_Service: client with node 1 port 6ff4 went down
03-11 11:18:44.972  2061  2108 E minksocket: MinkIPC_QRTR_Service: client with node 1 port 6ff5 went down
03-11 11:18:44.974  2061  2108 E minksocket: MinkIPC_QRTR_Service: client with node 1 port 6ff6 went down
03-11 11:18:44.974  9541  9541 I ThermalEngine: Found /system/bin/installd, file: 2737
03-11 11:18:44.974  9541  9541 E ThermalEngine: tmd_init_battery_data: type 0 
03-11 11:18:44.974  9541  9541 E ThermalEngine: tmd_init_battery_data: Unknown type: 0
03-11 11:18:44.974  9541  9541 E ThermalEngine: tmd_init_battery_data: type 1 
03-11 11:18:44.977  9541  9541 E ThermalEngine: tmd_init_battery_data: type 2 
03-11 11:18:44.978  2061  2108 E minksocket: MinkIPC_QRTR_Service: client with node 1 port 6ff7 went down
03-11 11:18:44.980  2061  2108 E minksocket: MinkIPC_QRTR_Service: client with node 1 port 6ff8 went down
03-11 11:18:44.982  2195  9542 I SDM     : HWCSession::ProcessRequests: Pushing release fence in fenece wait queue.
03-11 11:18:44.982  2195  9542 I SDM     : HWCSession::ProcessRequests: Creating AsyncFenceWaits async thread.
03-11 11:18:44.982  2195  9542 I SDM     : HWCSession::ProcessRequests: Remove current CWB request from the pending request queue.
03-11 11:18:44.982  2195  9542 I SDM     : HWCSession::ProcessRequests: No pending cwb requests found in the queue.
03-11 11:18:44.982  2061  2108 E minksocket: MinkIPC_QRTR_Service: client with node 1 port 6ff9 went down
03-11 11:18:44.984  2061  2108 E minksocket: MinkIPC_QRTR_Service: client with node 1 port 6ffa went down
03-11 11:18:44.986  3163  4279 I PowerGroup: Sleeping power group (groupId=0, uid=1000, reason=lid_switch)...
03-11 11:18:44.986  3163  4279 I PowerManagerService: Sleeping (uid 1000)...
03-11 11:18:44.986  2061  2108 E minksocket: MinkIPC_QRTR_Service: client with node 1 port 6ffb went down
03-11 11:18:44.987  3163  4279 D PowerManagerService: nativeReleaseSuspendBlocker name:PowerManagerService.WakeLocks duration ms: 0
03-11 11:18:44.988  3163  4279 D CLI/Transition_Lid: Doze cli display for lid close
03-11 11:18:44.988  3163  4279 I PowerManagerService: Dozing display group (groupId=1, now=99641680)...
03-11 11:18:44.988  3163  4279 I PowerManagerService: Going to sleep due to application (uid 1000, screenOffTimeout=1800000, activityTimeoutWM=-1, maxDimRatio=0.20000005, maxDimDur=7000)...
03-11 11:18:44.988  3163  3163 I WindowManager: Started going to sleep... (groupId=0 why=OFF_BECAUSE_OF_USER) notifySleepToKeyguard=true lidState=0 pmSleepReason=lid_switch
03-11 11:18:44.989  3163  3231 D PanelsService: onAwakeStateChanged.. isAwake=false
03-11 11:18:44.989  3163  3231 D TouchHwAidlService: onAwakeStateChanged.. isAwake=false
03-11 11:18:44.989  2061  2108 E minksocket: MinkIPC_QRTR_Service: client with node 1 port 6ffc went down
03-11 11:18:44.989  9541  9543 E ThermalEngine: verify_tmd_device: Device:cpuv_restriction_cold available. max:1
03-11 11:18:44.990  3163  3231 D TouchHwAidlService: Register stow sensor:true
03-11 11:18:44.990  9541  9543 E ThermalEngine: verify_tmd_device: Device:modem_lte_dsc available. max:255
03-11 11:18:44.991  9541  9541 E ThermalEngine: tmd_init_battery_data: type 3 
03-11 11:18:44.991  9541  9541 E ThermalEngine: tmd_init_battery_data: Unknown type: 3
03-11 11:18:44.991  9541  9541 E ThermalEngine: tmd_init_battery_data: type 4 
03-11 11:18:44.991  9541  9541 E ThermalEngine: tmd_init_battery_data: Unknown type: 4
03-11 11:18:44.991  9541  9541 E ThermalEngine: Failed to reading /sys/class/leds/lcd-backlight/max_brightness
03-11 11:18:44.991  9541  9543 E ThermalEngine: verify_tmd_device: Device:modem_lte_sub1_dsc available. max:255
03-11 11:18:44.991  9541  9541 E ThermalEngine: Switch to /sys/class/backlight/panel0-backlight/max_brightness successfully
03-11 11:18:44.991  5625  5625 V TrustManager: clearAllBiometricRecognized unlockedUser=-10000 source=FINGERPRINT callers=com.android.keyguard.KeyguardUpdateMonitor.clearFingerprintRecognized:16 com.android.keyguard.KeyguardUpdateMonitor$14.handleMessage:941 android.os.Handler.dispatchMessage:112 android.os.Looper.loopOnce:268 android.os.Looper.loop:384 
03-11 11:18:44.992  9541  9545 E ThermalEngine: verify_tmd_device: Device:cpuv_restriction_cold available. max:1
03-11 11:18:44.992  9541  9545 E ThermalEngine: devices_manager_add_dev: Device:cpuv_restriction_cold already exists
03-11 11:18:44.992  9541  9545 I ThermalEngine: ADSP thermal mitigation available.
03-11 11:18:44.992  3163  4279 E WindowManager: Display reconfigured outside of a transition: Display{#0 state=ON size=1080x2640 ROTATION_0}
03-11 11:18:44.992  9541  9543 E ThermalEngine: verify_tmd_device: Device:modem_nr_dsc available. max:255
03-11 11:18:44.992  2061  2108 E minksocket: MinkIPC_QRTR_Service: client with node 1 port 6ffe went down
03-11 11:18:44.992  9541  9543 E ThermalEngine: verify_tmd_device: Device:modem_nr_sub1_dsc available. max:255
03-11 11:18:44.992  5625  5625 D KeyguardViewMediator: KeyguardViewMediator queue processing message: NOTIFY_STARTED_GOING_TO_SLEEP
03-11 11:18:44.993  3163  4279 D CLI/Rotation: Set volume keyswap sysprop for rotation 0 lidState CLOSED
03-11 11:18:44.994  9541  9543 E ThermalEngine: verify_tmd_device: Device:modem_nr_scg_dsc available. max:255
03-11 11:18:44.994  9541  9541 E ThermalEngine: parse_cooling_devices: Added cooling device: display-fps with cdev id:31
03-11 11:18:44.994  9541  9541 E ThermalEngine: parse_cooling_devices: Added cooling device: cpu-hotplug3 with cdev id:21
03-11 11:18:44.994  9541  9543 E ThermalEngine: verify_tmd_device: Device:modem_nr_scg_sub1_dsc available. max:255
03-11 11:18:44.994  9541  9541 E ThermalEngine: parse_cooling_devices: Added cooling device: pause-cpu3 with cdev id:11
03-11 11:18:44.994  9541  9541 E ThermalEngine: parse_cooling_devices: Added cooling device: mmw0_dsc_kr with cdev id:58
03-11 11:18:44.994  9541  9541 E ThermalEngine: parse_cooling_devices: Added cooling device: sdr0_lte_dsc_kr with cdev id:48
03-11 11:18:44.994  9541  9543 E ThermalEngine: verify_tmd_device: Device:sdr0_lte_dsc available. max:255
03-11 11:18:44.994  9541  9541 E ThermalEngine: parse_cooling_devices: Added cooling device: panel0-backlight with cdev id:38
03-11 11:18:44.994  9541  9541 E ThermalEngine: parse_cooling_devices: Added cooling device: pause-cpu7 with cdev id:8
03-11 11:18:44.994  2061  2108 E minksocket: MinkIPC_QRTR_Service: client with node 1 port 6fff went down
03-11 11:18:44.994  9541  9541 E ThermalEngine: parse_cooling_devices: Added cooling device: ufs with cdev id:28
03-11 11:18:44.994  9541  9541 E ThermalEngine: parse_cooling_devices: Added cooling device: pa_nr_sdr0_scg_kr with cdev id:56
03-11 11:18:44.995  9541  9541 E ThermalEngine: parse_cooling_devices: Added cooling device: cpu-hotplug0 with cdev id:18
03-11 11:18:44.995  9541  9541 E ThermalEngine: parse_cooling_devices: Added cooling device: pa_nr_sdr0_dsc_kr with cdev id:54
03-11 11:18:44.995  9541  9543 E ThermalEngine: verify_tmd_device: Device:sdr1_lte_dsc available. max:255
03-11 11:18:44.995  9541  9541 E ThermalEngine: parse_cooling_devices: Added cooling device: modem_vdd with cdev id:44
03-11 11:18:44.995  9541  9541 E ThermalEngine: parse_cooling_devices: Added cooling device: mmw_ific_dsc_kr with cdev id:62
03-11 11:18:44.995  9541  9541 E ThermalEngine: parse_cooling_devices: Added cooling device: pause-cpu5 with cdev id:4
03-11 11:18:44.995  9541  9541 E ThermalEngine: parse_cooling_devices: Added cooling device: cpu-hotplug7 with cdev id:24
03-11 11:18:44.995  9541  9541 E ThermalEngine: parse_cooling_devices: Added cooling device: pa_lte_sdr0_dsc_kr with cdev id:52
03-11 11:18:44.995  9541  9541 E ThermalEngine: parse_cooling_devices: Added cooling device: mmw2_dsc_kr with cdev id:60
03-11 11:18:44.995  9541  9541 E ThermalEngine: parse_cooling_devices: Added cooling device: pause-cpu0 with cdev id:2
03-11 11:18:44.995  9541  9541 E ThermalEngine: parse_cooling_devices: Added cooling device: cpu-hotplug5 with cdev id:22
03-11 11:18:44.995  9541  9541 E ThermalEngine: parse_cooling_devices: Added cooling device: sdr0_nr_dsc_kr with cdev id:50
03-11 11:18:44.996  9541  9541 E ThermalEngine: parse_cooling_devices: Added cooling device: pause-cpu6 with cdev id:12
03-11 11:18:44.996  9541  9541 E ThermalEngine: parse_cooling_devices: Added cooling device: cdsp_hw with cdev id:40
03-11 11:18:44.996  9541  9541 E ThermalEngine: parse_cooling_devices: Added cooling device: mmw1_dsc_kr with cdev id:59
03-11 11:18:44.996  9541  9541 E ThermalEngine: parse_cooling_devices: Added cooling device: pause-cpu1 with cdev id:0
03-11 11:18:44.996  9541  9541 E ThermalEngine: parse_cooling_devices: Added cooling device: cpu-hotplug2 with cdev id:20
03-11 11:18:44.996  9541  9541 E ThermalEngine: parse_cooling_devices: Added cooling device: sdr1_lte_dsc_kr with cdev id:49
03-11 11:18:44.996  9541  9541 E ThermalEngine: parse_cooling_devices: Added cooling device: panel1-backlight with cdev id:39
03-11 11:18:44.996  9541  9541 E ThermalEngine: parse_cooling_devices: Added cooling device: pause-cpu2 with cdev id:9
03-11 11:18:44.996  9541  9543 E ThermalEngine: verify_tmd_device: Device:sdr0_nr_dsc available. max:255
03-11 11:18:44.996  9541  9541 E ThermalEngine: parse_cooling_devices: Added cooling device: pa_nr_sdr1_scg_kr with cdev id:57
03-11 11:18:44.996  9541  9541 E ThermalEngine: parse_cooling_devices: Added cooling device: cpu-hotplug1 with cdev id:19
03-11 11:18:44.996  9541  9543 E ThermalEngine: verify_tmd_device: Device:sdr1_nr_dsc available. max:255
03-11 11:18:44.996  9541  9541 E ThermalEngine: parse_cooling_devices: Added cooling device: pa_nr_sdr1_dsc_kr with cdev id:55
03-11 11:18:44.996  9541  9541 E ThermalEngine: parse_cooling_devices: Added cooling device: wlan with cdev id:63
03-11 11:18:44.997  9541  9541 E ThermalEngine: parse_cooling_devices: Added cooling device: thermal-cpufreq-0 with cdev id:25
03-11 11:18:44.997  9541  9541 E ThermalEngine: parse_cooling_devices: Added cooling device: pa_lte_sdr1_dsc_kr with cdev id:53
03-11 11:18:44.997  9541  9543 E ThermalEngine: verify_tmd_device: Device:pa_lte_sdr0_dsc available. max:255
03-11 11:18:44.997  9541  9541 E ThermalEngine: parse_cooling_devices: Added cooling device: wsa with cdev id:43
03-11 11:18:44.997  9541  9541 E ThermalEngine: parse_cooling_devices: Added cooling device: mmw3_dsc_kr with cdev id:61
03-11 11:18:44.997  9541  9543 E ThermalEngine: verify_tmd_device: Device:pa_lte_sdr1_dsc available. max:255
03-11 11:18:44.997  9541  9541 E ThermalEngine: parse_cooling_devices: Added cooling device: cpu-hotplug6 with cdev id:23
03-11 11:18:44.997  9541  9541 E ThermalEngine: parse_cooling_devices: Added cooling device: sdr1_nr_dsc_kr with cdev id:51
03-11 11:18:44.997  9541  9541 I ThermalEngine: sensors_manager_init: Init
03-11 11:18:44.997  9541  9546 E ThermalEngine: verify_tmd_device: Device:cpuv_restriction_cold available. max:1
03-11 11:18:44.997  9541  9546 E ThermalEngine: devices_manager_add_dev: Device:cpuv_restriction_cold already exists
03-11 11:18:44.997  9541  9541 E ThermalEngine: Event ID:3 Sampling ID:2
03-11 11:18:44.998  2061  2108 E minksocket: MinkIPC_QRTR_Service: client with node 1 port 7001 went down
03-11 11:18:44.998  9541  9546 E ThermalEngine: verify_tmd_device: Device:cdsp_hw available. max:1
03-11 11:18:44.998  9541  9546 E ThermalEngine: devices_manager_add_dev: Device:cdsp_hw already exists
03-11 11:18:44.998  9541  9546 E ThermalEngine: verify_tmd_device: Device:cdsp_sw available. max:6
03-11 11:18:44.998  9541  9546 I ThermalEngine: CDSP thermal mitigation available.
03-11 11:18:44.999  9541  9543 E ThermalEngine: verify_tmd_device: Device:pa_lte_sdr0_sub1_dsc available. max:255
03-11 11:18:45.000  9541  9543 E ThermalEngine: verify_tmd_device: Device:pa_lte_sdr1_sub1_dsc available. max:255
03-11 11:18:45.001  2926  2926 D fpc_hidl: lid-state=0
03-11 11:18:45.001  5625  5929 D KeyguardTransitionRepository: (Internal) Setting current transition info: TransitionInfo(ownerName=FromGoneTransitionInteractor(Sleep transition triggered), from=GONE, to=DOZING, animated)
03-11 11:18:45.001  3163  4279 D MotoFingerprint: resultCode : 0
03-11 11:18:45.001  9541  9543 E ThermalEngine: verify_tmd_device: Device:pa_nr_sdr0_dsc available. max:255
03-11 11:18:45.001  9541  9543 E ThermalEngine: verify_tmd_device: Device:pa_nr_sdr1_dsc available. max:255
03-11 11:18:45.001  5625  5625 I KeyguardTransitionRepository: STARTED transition: TransitionStep(from=GONE, to=DOZING, value=0.0, transitionState=STARTED, ownerName=FromGoneTransitionInteractor(Sleep transition triggered))
03-11 11:18:45.002  9541  9543 E ThermalEngine: verify_tmd_device: Device:pa_nr_sdr0_sub1_dsc available. max:255
03-11 11:18:45.004  3163  3163 W ProcessStats: Tracking association SourceState{749412f com.android.settings/1000 Service #449870} whose proc state 8 is better than process ProcessState{ddde2fb com.motorola.cli.settings/10349 pkg=com.motorola.cli.settings} proc state 15 (5 skipped)
03-11 11:18:45.005  3163  3231 D DisplayManagerService: Ignore redundant display event 0/2 to 10416/7870
03-11 11:18:45.005  3163  3231 D DisplayManagerService: Ignore redundant display event 0/2 to 10584/16615
03-11 11:18:45.005  3163  3231 D DisplayManagerService: Ignore redundant display event 0/2 to 10276/28328
03-11 11:18:45.006  2195  9551 I SDM     : HWCSession::NotifyCWBStatus: Notify the client about buffer status 0.
03-11 11:18:45.007  2195  9551 I SDM     : HWCSession::PerformFenceWaits: Remove current release fence from the pending fence wait queue.
03-11 11:18:45.007  2195  9551 I SDM     : HWCSession::PerformFenceWaits: CWB fence queue is empty. No pending release fence to wait on.
03-11 11:18:45.009  3163  3352 I DisplayPowerController2[0]: 03-11 11:18:45.009 - BrightnessEvent: disp=0, physDisp=local:4630947043778501762, displayState=ON, displayPolicy=OFF, brt=0.39249653, initBrt=0.39249653, rcmdBrt=0.39249653, preBrt=NaN, lux=86.875, preLux=64.86, brtNits=99.64651, hdrNits=NaN, initNits=99.64651, preNits=NaN, rcmdNits=99.64651, hdrBrightness=NaN, brt(%)=46%, brtInt=101, hbmPolicy=normal, hbmMax=0.85440856, hbmMode=off, rbcStrength=50, thrmMax=1.0, powerFactor=1.0, wasShortTermModelActive=false, flags=, reason=automatic, autoBrightness=true, strategy=InvalidBrightnessStrategy, autoBrightnessMode=default
03-11 11:18:45.003  9541  9543 E ThermalEngine: verify_tmd_device: Device:pa_nr_sdr1_sub1_dsc available. max:255
03-11 11:18:45.009  3163  3352 I DisplayPowerController2[0]: Blocking screen off
03-11 11:18:45.009  3163  3352 I WindowManager: Display 0 turning off...
03-11 11:18:45.009  3163  3352 I DisplayPowerController2[0]: Unblocked screen off after 0 ms
03-11 11:18:45.010  3163  3163 D TrustManagerService: refreshDeviceLockedForUser(userId=-1, unlockedUser=-10000), secure=false, showingKeyguard=false, trusted=false, biometricAuthenticated=false, currentUserIsUnlocked=false, deviceLocked=false
03-11 11:18:45.012  2195  2269 I SDM     : HWDeviceDRM::SetupConcurrentWriteback: Tear down the Concurrent Writeback topology
03-11 11:18:45.014  3163  3352 I WindowManager: Display0 turned off...
03-11 11:18:45.017  9541  9543 E ThermalEngine: verify_tmd_device: Device:pa_nr_sdr0_scg_dsc available. max:255
03-11 11:18:45.018 10834 10834 I GoogleInputMethodService: GoogleInputMethodService.onFinishInput():2097 
03-11 11:18:45.018  9541  9543 E ThermalEngine: verify_tmd_device: Device:pa_nr_sdr1_scg_dsc available. max:255
03-11 11:18:45.020  9541  9543 E ThermalEngine: verify_tmd_device: Device:mmw0_dsc available. max:255
03-11 11:18:45.021  9541  9543 E ThermalEngine: verify_tmd_device: Device:mmw0_sub1_dsc available. max:255
03-11 11:18:45.021  9541  9543 E ThermalEngine: verify_tmd_device: Device:mmw1_dsc available. max:255
03-11 11:18:45.023  9541  9543 E ThermalEngine: verify_tmd_device: Device:mmw1_sub1_dsc available. max:255
03-11 11:18:45.023  9541  9543 E ThermalEngine: verify_tmd_device: Device:mmw2_dsc available. max:255
03-11 11:18:45.024  9541  9543 E ThermalEngine: verify_tmd_device: Device:mmw2_sub1_dsc available. max:255
03-11 11:18:45.025  9541  9543 E ThermalEngine: verify_tmd_device: Device:mmw3_dsc available. max:255
03-11 11:18:45.025 10834 10834 I Module  : DeviceLockedStatusModuleProvider$Module.updateDeviceLockedStatus():103 repeatCheckTimes = 0, locked = false
03-11 11:18:45.025  9541  9543 E ThermalEngine: verify_tmd_device: Device:mmw3_sub1_dsc available. max:255
03-11 11:18:45.026  2163  2163 D SENSOREXT_ALS_COMP: FrontLight: ReportLux 106.74 (201.32-94.58), pre 87.25, dbv 6693, dc 0, fps 90, chPanel 47.74-28.08-19.70-8.36, facCal:lux_s 1.19 cha_s 0.95-0.96-0.89-0.95, RunInfo: DPB 19180-73, TF 19180-0
03-11 11:18:45.026  9541  9543 E ThermalEngine: verify_tmd_device: Device:mmw_ific_dsc available. max:255
03-11 11:18:45.026  9541  9543 E ThermalEngine: verify_tmd_device: Device:mmw_ific_sub1_dsc available. max:255
03-11 11:18:45.027  8270  8656 E XcdnEngine-N: xcdn_task[170]===write chunk_index 7, from 2 result 179200 crc 14 ip: 

03-11 11:18:45.028  9541  9543 E ThermalEngine: verify_tmd_device: Device:wlan available. max:4
03-11 11:18:45.028  3163  3249 D addPss  : tracker=ProcessState{3caa0f7 com.autonavi.minimap/10098 pkg=com.autonavi.minimap}
03-11 11:18:45.028  9541  9543 E ThermalEngine: devices_manager_add_dev: Device:wlan already exists
03-11 11:18:45.028  3163  3352 D ActivityTaskManager: Top Process State changed to PROCESS_STATE_TOP_SLEEPING
03-11 11:18:45.028  3163  3249 D addPss  : tracker=ProcessState{9d7dbd3 com.autonavi.minimap:widgetProvider/10098 pkg=com.autonavi.minimap}
03-11 11:18:45.028  9541  9543 E ThermalEngine: verify_tmd_device: Device:wlan_bw available. max:1
03-11 11:18:45.028  9541  9543 E ThermalEngine: verify_tmd_device: Device:modem_bw_backoff available. max:255
03-11 11:18:45.029  3163  3352 D PowerManagerService: nativeAcquireSuspendBlocker name:PowerManagerService.WakeLocks duration ms: 1
03-11 11:18:45.029  3163  3352 D ActivityTrigger: ActivityTrigger activityPauseTrigger 
03-11 11:18:45.030  9541  9543 E ThermalEngine: verify_tmd_device: Device:cpr_cold available. max:3
03-11 11:18:45.030  9541  9543 I ThermalEngine: MODEM thermal mitigation available.
03-11 11:18:45.031  2064  2064 I sensors-hal: batch:206, android.sensor.device_orientation/271, period=66667000, max_latency=0
03-11 11:18:45.031  2064  2064 I sensors-hal: set_config:61, no need to adjust sample_period_ns due to reporting_mode = 2
03-11 11:18:45.031  2064  2064 I sensors-hal: batch:215, android.sensor.device_orientation/271, period=66667000, max_latency=0 request completed
03-11 11:18:45.034  3163  3352 I DisplayBrightnessStrategySelector: Changing the DisplayBrightnessStrategy from InvalidBrightnessStrategy to ScreenOffBrightnessStrategy for display 0
03-11 11:18:45.034  2064  2064 I sensors-hal: batch:206, android.sensor.light/51, period=200000000, max_latency=0
03-11 11:18:45.034  2064  2064 I sensors-hal: set_config:61, no need to adjust sample_period_ns due to reporting_mode = 2
03-11 11:18:45.034  2064  2064 I sensors-hal: batch:215, android.sensor.light/51, period=200000000, max_latency=0 request completed
03-11 11:18:45.036  6942 10971 D ForegroundUtils: Foreground UID status: 10098, false; 10240, true; 10246, false; 10292, true; 10363, false; 10394, true; 10404, true; 10408, false; 10416, false; 10584, false; 10618, false; 
03-11 11:18:45.038  2064  2064 I sensors-hal: activate:173, com.motorola.sensor.alternate_light/65959 en=0
03-11 11:18:45.038  2064  2064 I sensors-hal: activate:184, com.motorola.sensor.alternate_light/65959 en=0 completed
03-11 11:18:45.039  2061  2108 E minksocket: MinkIPC_QRTR_Service: client with node 1 port 6eca went down
03-11 11:18:45.047  3163  3352 V DisplayPowerController2[0]: Brightness [0.0] reason changing to: 'screen_off', previous reason: 'automatic'.
03-11 11:18:45.049  5625  5625 I vol.VolumeDialogImpl: mDialog.dismiss() reason: volume_controller from: com.android.systemui.volume.VolumeDialogImpl$10.onDismissRequested:3 displayId: 0 mShowing: false mIsAnimatingDismiss: true
03-11 11:18:45.049  5625  5625 D vol.VolumeDialogImpl: dismissH: skipping dismiss because isAnimatingDismiss is true and showingStateInconsistent is false
03-11 11:18:45.049  3163  3352 I DisplayPowerController2[0]: 03-11 11:18:45.048 - BrightnessEvent: disp=0, physDisp=local:4630947043778501762, displayState=OFF, displayPolicy=OFF, brt=0.0, initBrt=0.39249653, rcmdBrt=NaN, preBrt=NaN, lux=0.0, preLux=0.0, brtNits=3.1465538, hdrNits=NaN, initNits=99.64651, preNits=NaN, rcmdNits=NaN, hdrBrightness=NaN, brt(%)=0%, brtInt=1, hbmPolicy=normal, hbmMax=0.85440856, hbmMode=off, rbcStrength=50, thrmMax=1.0, powerFactor=1.0, wasShortTermModelActive=false, flags=, reason=screen_off, autoBrightness=true, strategy=ScreenOffBrightnessStrategy, autoBrightnessMode=default
03-11 11:18:45.049  3163  3352 D BrightnessThermalClamper: Thermal status observer already started
03-11 11:18:45.049  5625  5625 D CentralSurfaces: !shouldBeKeyguard mStatusBarStateController.isKeyguardRequested() false keyguardForDozing false wakeAndUnlocking false isWakingAndOccluded false
03-11 11:18:45.050  5625  5625 D CentralSurfaces: hideKeyguardImpl false
03-11 11:18:45.052  3163  5305 D TouchHwAidlService: setDisplayState: mScreenOff=true
03-11 11:18:45.052  3163  3231 I DisplayDeviceRepository: Display device changed state: "Built-in Screen", OFF
03-11 11:18:45.052  3163  5305 D TouchHwAidlService: onTapToWakeSettingsChanged isAmbientDisplayAvailable=1 aodEnable=true singleTapEnable=true doubleTapEnable=true lidState=0 callers=com.motorola.server.display.TouchHwAidlService.setDisplayState:538 com.motorola.server.MotoExtHwService$MotoExtHwManagerInternal.setDisplayState:446 com.android.server.display.LocalDisplayAdapter$LocalDisplayDevice$1.setDisplayState:1080 
03-11 11:18:45.052  3163  5305 D TouchHwAidlService: enableTapWake mode=33 displayId=0 mGestureStowMode=true
03-11 11:18:45.052  3163  5305 D TouchHwAidlService: transfer mode=33 transMode=32 cli=false
03-11 11:18:45.053  2106  2106 I motorola.hardware.display.touch-service: Setting Gesture to 32
03-11 11:18:45.053  3163  3352 D BrightnessThermalClamper: Thermal status observer already started
03-11 11:18:45.053  3163  3231 I InputManager-JNI: Viewport [0] to add: local:4630947043778501762, isActive: false
03-11 11:18:45.053  3163  3163 I BrightnessSynchronizer: New Update: {[11265] 0.39249653(f), mUpdatedTypes=0, mConfirmedTypes=0, mTimeUpdated=0, mState=2}
03-11 11:18:45.053  3163  3231 I InputManager-JNI: Viewport [1] to add: local:4630947043778501763, isActive: false
03-11 11:18:45.054  3163  5305 D TouchHwAidlService: setGestureModeHal done mode=33 newMode=32 result=0
03-11 11:18:45.054  3163  3229 D CLI/Transition: displaygroup 0, state OFF, pendingdisplaygroup -1
03-11 11:18:45.054  3163  5305 D TouchHwAidlService: enableTapWake mode=33 displayId=1 mGestureStowMode=true
03-11 11:18:45.054  2106  2106 I motorola.hardware.display.touch-service: Setting CLI Gesture to 33
03-11 11:18:45.054  3163  3229 W SurfaceControl: Invalid layer stack -1
03-11 11:18:45.054  3163  3229 I DisplayDevice: [0] Layerstack set to -1 for local:4630947043778501762 mDisplayToken=android.os.BinderProxy@d90d011 t=Transaction{mNativeObject=-5476376673043675440, mHashCode=0}
03-11 11:18:45.055  3163  5305 D TouchHwAidlService: setCliGestureModeHal done mode=33 newMode=33 result=0
03-11 11:18:45.055  3163  5305 D TouchHwAidlService: enableTapWake mode=49 displayId=-1 mGestureStowMode=true
03-11 11:18:45.055  3163  5305 D TouchHwAidlService: transfer mode=49 transMode=48 cli=false
03-11 11:18:45.055  2106  2106 I motorola.hardware.display.touch-service: Setting Gesture to 48
03-11 11:18:45.055  3163  5305 D TouchHwAidlService: setGestureModeHal done mode=49 newMode=48 result=0
03-11 11:18:45.055  2106  2106 I motorola.hardware.display.touch-service: Setting CLI Gesture to 49
03-11 11:18:45.056  3163  5305 D TouchHwAidlService: setCliGestureModeHal done mode=49 newMode=49 result=0
03-11 11:18:45.058  3163  4285 I InputReader: Reconfiguring input devices, changes=DISPLAY_INFO
03-11 11:18:45.058  3163  4285 I InputReader: Disabling goodix_ts (device 7) because the associated viewport is not active
03-11 11:18:45.058  3163  4285 I InputReader: Device reconfigured: id=7, name='goodix_ts', size 17281x42241, orientation Rotation0, mode DISABLED, display id 0
03-11 11:18:45.058  3163  4285 I InputReader: Disabling zinitix_mt (device 6) because the associated viewport is not active
03-11 11:18:45.059  3163  5305 W ServiceManagerCppClient: Failed to get isDeclared for com.motorola.hardware.display.panel.IDisplayPanel/default: Status(-1, EX_SECURITY): 'SELinux denied.'
03-11 11:18:45.059  3163  5305 D DisplayPanelService: Setting panel dc mode: 0
03-11 11:18:45.059  3163  3227 D TouchHwAidlService: updateDefaultDisplayState: mScreenOn=false
03-11 11:18:45.059  3163  3231 D PanelsService: updateDefaultDisplayState: mScreenState=OFF
03-11 11:18:45.060  2090  2090 I DisplayPanel: setDcMode: DC mode = OFF
03-11 11:18:45.060  2067  5073 D AHAL: AudioDevice: SetParameters: 1564: enter: screen_state=off
03-11 11:18:45.060  2067  5073 D AHAL: AudioVoice: VoiceSetParameters: 87: Enter params: screen_state=off
03-11 11:18:45.060  2067  5073 D AHAL: AudioVoice: VoiceSetParameters: 360: Exit ret: 0
03-11 11:18:45.060  2067  5073 D AHAL: FM: fm_set_parameters: 262: Enter
03-11 11:18:45.060  2067  5073 D AHAL: FM: fm_set_parameters: 320: exit
03-11 11:18:45.060  2067  5073 D AHAL: AudioDevice: SetParameters: 1628:  - screen = off
03-11 11:18:45.060  2067  5073 I PAL: ResourceManager: setParameter: 8311: Screen State:0
03-11 11:18:45.060  2067  5073 D AHAL: AudioDevice: SetParameters: 2361: exit: screen_state=off
03-11 11:18:45.061  2090  2090 D DisplayPanel: setParam: Success set DC to 0 for Primary display
03-11 11:18:45.059 26976 27604 D MCLOG   : [BrightnessTrigger] onDisplayChanged displayId = 0
03-11 11:18:45.061  5993  5993 I NearbyDiscovery: (REDACTED) FastPairDisplayObserver: %s -> %s
03-11 11:18:45.061  3163  5305 D LocalDisplayAdapter: setDisplayPowerMode mode=0 for display=android.os.BinderProxy@d90d011
03-11 11:18:45.061  2300  2300 D SurfaceFlinger: Setting power mode 0 on display 4630947043778501762
03-11 11:18:45.062  3163  3231 W ServiceManagerCppClient: Failed to get isDeclared for com.motorola.hardware.display.panel.IDisplayPanel/default: Status(-1, EX_SECURITY): 'SELinux denied.'
03-11 11:18:45.062  3163  3231 D DisplayPanelService: Setting panel dc mode: 0
03-11 11:18:45.062  2090  2090 I DisplayPanel: setDcMode: DC mode = OFF
03-11 11:18:45.062  5658  6105 I bt_shim_scanner: system/main/shim/le_scanning_manager.cc:185 Scan: in shim layer stopped
03-11 11:18:45.062  2090  2090 D DisplayPanel: setParam: Success set DC to 0 for Primary display
03-11 11:18:45.063  5658  5907 I bluetooth: system/gd/hci/le_address_manager.cc:244 unregister_client: Client unregistered
03-11 11:18:45.063  5658  5907 I bluetooth: system/gd/hci/le_address_manager.cc:248 unregister_client: Cancelled address rotation alarm
03-11 11:18:45.063  5658  6105 W BtGatt.JNI: android/app/jni/com_android_bluetooth_gatt.cpp:1597 gattSetScanParametersNative: gattSetScanParametersNative
03-11 11:18:45.063  5658  6105 I bt_shim_scanner: system/main/shim/le_scanning_manager.cc:363 SetScanParameters: in shim layer, scannerId=1
03-11 11:18:45.063  5658  6105 I bt_shim_scanner: system/main/shim/le_scanning_manager.cc:185 Scan: in shim layer started
03-11 11:18:45.063  2068  2068 D vendor.qti.bluetooth@1.0-ibs_handler: SerialClockVote: vote for UART CLK ON
03-11 11:18:45.063  5993  8761 I NearbyDiscovery: (REDACTED) PureOffloadFastPairScanner: eventType=%s, isInternalReq=%s, isScanning=%s, isScanningAllowed=%s
03-11 11:18:45.063  2195  2386 I SDM     : DisplayBase::SetDisplayState: Set state = 0, display 57-0, teardown = 0
03-11 11:18:45.064  8270  8270 E aae     : 1:41.64017:NewMapActivity pause c=2 sn=1 d=12.216
03-11 11:18:45.064  2195  2386 I SDM     : DRMPanelFeatureMgr::MarkForNullCommit: Marked 7 for null commit
03-11 11:18:45.064  5993  8761 I NearbyDiscovery: (REDACTED) ApFastPairScanner: isScreenOn=%s, isLocationEnabled=%s, disableLocationRequirement=%s, isDiscoveryScanningEnabled=%s, during24GhzWifiWarmingUpPeriod=%s
03-11 11:18:45.064  5993  8761 D BluetoothAdapter: isLeEnabled(): ON
03-11 11:18:45.064  5993  8761 I NearbyDiscovery: (REDACTED) ApFastPairScanner: eventType=%s, intReq=%s, scanning=%s, scanAllowed=%s, bleEnabled=%s, lockScanRate=%s, startScanningByLowPowerMode=%s
03-11 11:18:45.064  5993  8761 I NearbyDiscovery: (REDACTED) ApFastPairScanner: Stopping scan, %s
03-11 11:18:45.064  5993  8761 D BluetoothAdapter: isLeEnabled(): ON
03-11 11:18:45.064 26976 27604 D MCLOG   : [BrightnessManager] displayId = 0 brightness = 0.39249653 nit = 99.64651 level = br1
03-11 11:18:45.065  2068  2068 D vendor.qti.bluetooth@1.0-wake_lock: Acquire wakelock is acquired 
03-11 11:18:45.065  2068  2068 I vendor.qti.bluetooth@1.0-ibs_handler: DeviceWakeUp: Writing IBS_WAKE_IND
03-11 11:18:45.065  2068  6060 I vendor.qti.bluetooth@1.0-ibs_handler: ProcessIbsCmd: Received IBS_WAKE_ACK: 0xFC
03-11 11:18:45.066  2068  6060 I vendor.qti.bluetooth@1.0-ibs_handler: ProcessIbsCmd: Signal wack_cond_
03-11 11:18:45.066  2068  2068 D vendor.qti.bluetooth@1.0-ibs_handler: DeviceWakeUp: Unblocked from waiting for FC, pthread_cond_timedwait ret = 0
03-11 11:18:45.066  5658  5907 I bluetooth: system/gd/hci/le_scanning_manager.cc:690 stop_scan: Scanning already stopped, return!
03-11 11:18:45.066  5658  5907 I bluetooth: system/gd/hci/le_address_manager.cc:226 register_client: Scheduled address rotation for first client registered
03-11 11:18:45.066  5658  5907 I bluetooth: system/gd/hci/le_address_manager.cc:229 register_client: Client registered
03-11 11:18:45.066  2068  6060 I vendor.qti.bluetooth@1.0-ibs_handler: ProcessIbsCmd: Received IBS_WAKE_IND: 0xFD
03-11 11:18:45.066  8270  8270 E aae     : 3:41.66806:path://amap_bundle_drive/src/car/result_page/CarResultPage.page.js#Pause
03-11 11:18:45.066  2068  6060 I vendor.qti.bluetooth@1.0-ibs_handler: ProcessIbsCmd: Writing IBS_WAKE_ACK
03-11 11:18:45.066  2195  2386 I SDM     : HWDeviceDRM::NullCommit: Null commit succeeded crtc=141
03-11 11:18:45.070 10834 10834 I PkDeviceHelper: PkDeviceHelper.refreshDevices():93 refreshing devices
03-11 11:18:45.071  8270  8270 E aae     : 3:41.71382:path://amap_bundle_drive/src/car/result_page/CarResultPage.page.js#Pause
03-11 11:18:45.072  5658  7943 I bt_shim_scanner: system/main/shim/le_scanning_manager.cc:179 Unregister: in shim layer, scannerId=1
03-11 11:18:45.074  5993  4904 I NearbySharing: Screen is locked
03-11 11:18:45.074  5993  4904 I NearbySharing: Stopping scanning because the screen is locked.
03-11 11:18:45.076  5993  4904 I NearbySharing: Stopping Fast Init advertisement because we're not scanning in the foreground.
03-11 11:18:45.078  5993  4904 I NearbySharing: Stopping advertising because Nearby Sharing is disabled.
03-11 11:18:45.078  5993  4904 I NearbySharing: Stopping FastInitiation scanning because the screen is locked.
03-11 11:18:45.082  5658  6105 I bt_shim_scanner: system/main/shim/le_scanning_manager.cc:185 Scan: in shim layer stopped
03-11 11:18:45.082  5658  5907 I bluetooth: system/gd/hci/le_address_manager.cc:244 unregister_client: Client unregistered
03-11 11:18:45.082  5658  5907 I bluetooth: system/gd/hci/le_address_manager.cc:248 unregister_client: Cancelled address rotation alarm
03-11 11:18:45.082  5658  6105 I bt_shim_scanner: system/main/shim/le_scanning_manager.cc:220 ScanFilterParamSetup: in shim layer, clientIf=1
03-11 11:18:45.082  5993  4904 I NearbySharing: Fast Initiation Scanning has stopped
03-11 11:18:45.082  5658  6105 I bt_shim_scanner: system/main/shim/le_scanning_manager.cc:220 ScanFilterParamSetup: in shim layer, clientIf=1
03-11 11:18:45.082  5993  4904 I NearbySharing: Dismissing HUN as there's no device nearby.
03-11 11:18:45.084  2064  2064 I sensors-hal: batch:206, android.sensor.light/51, period=200000000, max_latency=0
03-11 11:18:45.084  2064  2064 I sensors-hal: set_config:61, no need to adjust sample_period_ns due to reporting_mode = 2
03-11 11:18:45.084  2064  2064 I sensors-hal: batch:215, android.sensor.light/51, period=200000000, max_latency=0 request completed
03-11 11:18:45.091  7545  7545 I FileStationLog: [ FS_h$a ] - [Display] Changed display: 0
03-11 11:18:45.092  7545  7545 I FileStationLog: [ FS_h ] - [Logic] Retrieved display info: LogicDisplayInfo(width=1080, height=2640, orientation=1, rotation=0, displayId=0)
03-11 11:18:45.092  7545  7545 I FileStationLog: [ FS_h$a ] - [Display] New logical size: 1080x2640
03-11 11:18:45.092  7545  7545 I FileStationLog: [ FS_h$a ] - [Display] Screen width unchanged: 1080
03-11 11:18:45.093  5625  5920 D Tile.ScreenshotTile: update state
03-11 11:18:45.127  2068  6060 I vendor.qti.bluetooth@1.0-ibs_handler: ProcessIbsCmd: Received IBS_SLEEP_IND: 0xFE
03-11 11:18:45.129  5625  5625 I vol.VolumeDialogImpl: dismissH reason = posture_changed mDialog.isShowing(): false
03-11 11:18:45.131  9541  9541 E ThermalEngine: Unable to change to /sys/devices/soc/
03-11 11:18:45.131  9541  9541 E ThermalEngine: bcl_setup: Unexpected node error
03-11 11:18:45.131  9541  9541 E ThermalEngine: add_tgt_sensor: bcl sensor setup failed failed.
03-11 11:18:45.131  9541  9541 E ThermalEngine: add_tgt_sensors_set_optional: Error adding bcl
03-11 11:18:45.133  9541  9541 E ThermalEngine: sysfs_setup: report: path /sys/class/power_supply/battery/capacity
03-11 11:18:45.133  9541  9541 E ThermalEngine: sysfs_setup: opening /sys/class/power_supply/battery/capacity
03-11 11:18:45.133  9541  9541 E ThermalEngine: sysfs_setup: found sensor cluster0: cluster id = 0
03-11 11:18:45.133  9541  9541 E ThermalEngine: sysfs_setup: found sensor cluster1: cluster id = 1
03-11 11:18:45.133  9541  9541 E ThermalEngine: sysfs_setup: report: path /sys/class/power_supply/battery/charge_rate
03-11 11:18:45.133  9541  9541 E ThermalEngine: sysfs_setup: opening /sys/class/power_supply/battery/charge_rate
03-11 11:18:45.135  3163  5235 E MotoSxfService: ModeUsage or ActivityState is null.
03-11 11:18:45.135  9541  9541 E ThermalEngine: sysfs_setup: report: path /proc/loadavg
03-11 11:18:45.135  9541  9541 E ThermalEngine: sysfs_setup: opening /proc/loadavg
03-11 11:18:45.135  9541  9541 E ThermalEngine: sysfs_setup: report: path /proc/stat
03-11 11:18:45.135  9541  9541 E ThermalEngine: sysfs_setup: opening /proc/stat
03-11 11:18:45.135  9541  9541 E ThermalEngine: sysfs_setup: report: path /sys/class/power_supply/battery/capacity
03-11 11:18:45.135  9541  9541 E ThermalEngine: sysfs_setup: opening /sys/class/power_supply/battery/capacity
03-11 11:18:45.135  9541  9541 E ThermalEngine: sysfs_setup: report: path /sys/class/backlight/panel0-backlight/brightness
03-11 11:18:45.135  9541  9541 E ThermalEngine: sysfs_setup: opening /sys/class/backlight/panel0-backlight/brightness
03-11 11:18:45.135  9541  9541 E ThermalEngine: sysfs_setup: report: path /proc/stat
03-11 11:18:45.135  9541  9541 E ThermalEngine: sysfs_setup: opening /proc/stat
03-11 11:18:45.135  9541  9541 E ThermalEngine: sysfs_setup: report: path /sys/class/backlight/panel0-backlight/brightness
03-11 11:18:45.135  9541  9541 E ThermalEngine: sysfs_setup: opening /sys/class/backlight/panel0-backlight/brightness
03-11 11:18:45.136  9541  9541 E ThermalEngine: sysfs_setup: report: path /proc/loadavg
03-11 11:18:45.136  9541  9541 E ThermalEngine: sysfs_setup: opening /proc/loadavg
03-11 11:18:45.136  9541  9541 E ThermalEngine: sysfs_setup: report: path /sys/class/power_supply/wireless/online
03-11 11:18:45.136  9541  9541 E ThermalEngine: sysfs_setup: opening /sys/class/power_supply/wireless/online
03-11 11:18:45.136  9541  9541 E ThermalEngine: No hwmon device found in the kernel for sensor tmp108
03-11 11:18:45.136  9541  9541 E ThermalEngine: add_tgt_sensor: tmp108 sensor setup failed failed.
03-11 11:18:45.136  9541  9541 E ThermalEngine: add_tgt_sensors_set_optional: Error adding tmp108
03-11 11:18:45.136  9541  9541 E ThermalEngine: No hwmon device found in the kernel for sensor msm_tmp108
03-11 11:18:45.136  9541  9541 E ThermalEngine: add_tgt_sensor: msm_tmp108 sensor setup failed failed.
03-11 11:18:45.136  9541  9541 E ThermalEngine: add_tgt_sensors_set_optional: Error adding msm_tmp108
03-11 11:18:45.136  9541  9541 E ThermalEngine: No hwmon device found in the kernel for sensor quiet_tmp108
03-11 11:18:45.136  9541  9541 E ThermalEngine: add_tgt_sensor: quiet_tmp108 sensor setup failed failed.
03-11 11:18:45.136  9541  9541 E ThermalEngine: add_tgt_sensors_set_optional: Error adding quiet_tmp108
03-11 11:18:45.137  9541  9541 I ThermalEngine: Loading config file for virtual sensor
03-11 11:18:45.137  9541  9541 I ThermalEngine: Loading configuration file /vendor/etc/thermal-engine-lynkco-cli.conf
03-11 11:18:45.137  9541  9541 I ThermalEngine: Parsing section global
03-11 11:18:45.137  9541  9541 I ThermalEngine: Created section 'FRONT_TEMP'
03-11 11:18:45.137  9541  9541 I ThermalEngine: Algo Type 'virtual'
03-11 11:18:45.137  9541  9541 I ThermalEngine: Parsing section FRONT_TEMP
03-11 11:18:45.137  9541  9541 I ThermalEngine: Found field 'trip_sensor'
03-11 11:18:45.137  9541  9541 I ThermalEngine: Found field 'thresholds'
03-11 11:18:45.137  9541  9541 I ThermalEngine: Found field 'thresholds_clr'
03-11 11:18:45.137  9541  9541 I ThermalEngine: Found field 'sensors'
03-11 11:18:45.137  9541  9541 I ThermalEngine: Found field 'weights'
03-11 11:18:45.137  9541  9541 I ThermalEngine: Found field 'offsets'
03-11 11:18:45.137  9541  9541 I ThermalEngine: Found field 'sampling'
03-11 11:18:45.137  9541  9541 I ThermalEngine: Found field 'math'
03-11 11:18:45.137  9541  9541 I ThermalEngine: Found field 'sys_temp'
03-11 11:18:45.137  9541  9541 I ThermalEngine: Created section 'BACK_TEMP'
03-11 11:18:45.137  9541  9541 I ThermalEngine: Algo Type 'virtual'
03-11 11:18:45.137  9541  9541 I ThermalEngine: Parsing section BACK_TEMP
03-11 11:18:45.137  9541  9541 I ThermalEngine: Found field 'trip_sensor'
03-11 11:18:45.137  9541  9541 I ThermalEngine: Found field 'thresholds'
03-11 11:18:45.137  9541  9541 I ThermalEngine: Found field 'thresholds_clr'
03-11 11:18:45.137  9541  9541 I ThermalEngine: Found field 'sensors'
03-11 11:18:45.137  9541  9541 I ThermalEngine: Found field 'weights'
03-11 11:18:45.137  9541  9541 I ThermalEngine: Found field 'offsets'
03-11 11:18:45.137  9541  9541 I ThermalEngine: Found field 'sampling'
03-11 11:18:45.137  9541  9541 I ThermalEngine: Found field 'math'
03-11 11:18:45.137  9541  9541 I ThermalEngine: Found field 'sys_temp'
03-11 11:18:45.137  9541  9541 I ThermalEngine: Created section 'FUSE_TEMP'
03-11 11:18:45.137  9541  9541 I ThermalEngine: Algo Type 'virtual'
03-11 11:18:45.137  9541  9541 I ThermalEngine: Parsing section FUSE_TEMP
03-11 11:18:45.137  9541  9541 I ThermalEngine: Found field 'trip_sensor'
03-11 11:18:45.137  9541  9541 I ThermalEngine: Found field 'thresholds'
03-11 11:18:45.137  9541  9541 I ThermalEngine: Found field 'thresholds_clr'
03-11 11:18:45.137  9541  9541 I ThermalEngine: Found field 'sensors'
03-11 11:18:45.137  9541  9541 I ThermalEngine: Found field 'weights'
03-11 11:18:45.137  9541  9541 I ThermalEngine: Found field 'offsets'
03-11 11:18:45.137  9541  9541 I ThermalEngine: Found field 'sampling'
03-11 11:18:45.137  9541  9541 I ThermalEngine: Found field 'math'
03-11 11:18:45.137  9541  9541 I ThermalEngine: Found field 'sys_temp'
03-11 11:18:45.137  9541  9541 I ThermalEngine: Created section 'BCHG_TEMP'
03-11 11:18:45.137  9541  9541 I ThermalEngine: Algo Type 'virtual'
03-11 11:18:45.137  9541  9541 I ThermalEngine: Parsing section BCHG_TEMP
03-11 11:18:45.137  9541  9541 I ThermalEngine: Found field 'trip_sensor'
03-11 11:18:45.137  9541  9541 I ThermalEngine: Found field 'thresholds'
03-11 11:18:45.137  9541  9541 I ThermalEngine: Found field 'thresholds_clr'
03-11 11:18:45.137  9541  9541 I ThermalEngine: Found field 'sensors'
03-11 11:18:45.137  9541  9541 I ThermalEngine: Found field 'weights'
03-11 11:18:45.137  9541  9541 I ThermalEngine: Found field 'offsets'
03-11 11:18:45.137  9541  9541 I ThermalEngine: Found field 'sampling'
03-11 11:18:45.137  9541  9541 I ThermalEngine: Found field 'math'
03-11 11:18:45.137  9541  9541 I ThermalEngine: Created section 'FRONT_MDM'
03-11 11:18:45.137  9541  9541 I ThermalEngine: Algo Type 'virtual'
03-11 11:18:45.137  9541  9541 I ThermalEngine: Parsing section FRONT_MDM
03-11 11:18:45.137  9541  9541 I ThermalEngine: Found field 'sensors'
03-11 11:18:45.137  9541  9541 I ThermalEngine: Found field 'weights'
03-11 11:18:45.137  9541  9541 I ThermalEngine: Found field 'trip_sensor'
03-11 11:18:45.137  9541  9541 I ThermalEngine: Found field 'trip_sensor_logic'
03-11 11:18:45.137  9541  9541 I ThermalEngine: Found field 'thresholds'
03-11 11:18:45.137  9541  9541 I ThermalEngine: Found field 'thresholds_clr'
03-11 11:18:45.137  9541  9541 I ThermalEngine: Found field 'offsets'
03-11 11:18:45.137  9541  9541 I ThermalEngine: Found field 'sampling'
03-11 11:18:45.137  9541  9541 I ThermalEngine: Found field 'math'
03-11 11:18:45.137  9541  9541 I ThermalEngine: Created section 'BCAM_TEMP'
03-11 11:18:45.137  9541  9541 I ThermalEngine: Algo Type 'virtual'
03-11 11:18:45.137  9541  9541 I ThermalEngine: Parsing section BCAM_TEMP
03-11 11:18:45.137  9541  9541 I ThermalEngine: Found field 'trip_sensor'
03-11 11:18:45.137  9541  9541 I ThermalEngine: Found field 'thresholds'
03-11 11:18:45.137  9541  9541 I ThermalEngine: Found field 'thresholds_clr'
03-11 11:18:45.137  9541  9541 I ThermalEngine: Found field 'sensors'
03-11 11:18:45.137  9541  9541 I ThermalEngine: Found field 'weights'
03-11 11:18:45.137  9541  9541 I ThermalEngine: Found field 'offsets'
03-11 11:18:45.137  9541  9541 I ThermalEngine: Found field 'sampling'
03-11 11:18:45.137  9541  9541 I ThermalEngine: Found field 'math'
03-11 11:18:45.137  9541  9541 I ThermalEngine: Created section 'DETECT-STANDBY'
