03-11 11:24:07.404  3163  5843 D PowerManagerService: nativeSetAutoSuspend enable:false duration ms: 1
03-11 11:24:07.404  3163  5843 D PowerManagerService: nativeAcquireSuspendBlocker name:PowerManagerService.Display duration ms: 0
03-11 11:24:07.404  3163  3352 D PowerManagerService: handleSandman ignore 0
03-11 11:24:07.405  3163  3352 I DisplayPowerController2[1]: 03-11 11:24:07.404 - BrightnessEvent: disp=1, physDisp=local:4630947043778501763, displayState=OFF, displayPolicy=DOZE, brt=0.0, initBrt=0.0, rcmdBrt=NaN, preBrt=NaN, lux=0.0, preLux=0.0, brtNits=3.3701954, hdrNits=NaN, initNits=3.3701954, preNits=NaN, rcmdNits=NaN, hdrBrightness=NaN, brt(%)=0%, brtInt=1, hbmPolicy=normal, hbmMax=0.7660316, hbmMode=off, rbcStrength=-1, thrmMax=1.0, powerFactor=1.0, wasShortTermModelActive=false, flags=, reason=screen_off, autoBrightness=true, strategy=ScreenOffBrightnessStrategy, autoBrightnessMode=default
03-11 11:24:07.405  3163  3163 I WindowManager: Finished going to sleep... (groupId=0 why=OFF_BECAUSE_OF_USER) notifySleepToKeyguard=true lidState=0 pmSleepReason=lid_switch
03-11 11:24:07.406  2064  2064 I sensors-hal: activate:173, android.sensor.device_orientation/271 en=0
03-11 11:24:07.406  3163  3352 D PowerManagerService: nativeAcquireSuspendBlocker name:PowerManagerService.Broadcasts duration ms: 1
03-11 11:24:07.406  3163  3352 D PowerManagerService: nativeSetAutoSuspend enable:true duration ms: 0
03-11 11:24:07.406  3163  3352 D PowerManagerService: nativeReleaseSuspendBlocker name:PowerManagerService.Display duration ms: 0
03-11 11:24:07.406  3163  3352 D PowerManagerService: handleSandman ignore 0
03-11 11:24:07.406  2061  2108 E minksocket: MinkIPC_QRTR_Service: client with node 1 port 7475 went down
03-11 11:24:07.406  2064  2064 I sensors-hal: activate:184, android.sensor.device_orientation/271 en=0 completed
03-11 11:24:07.408  5625  5639 D KeyguardViewMediator: USER_LOCKED intent sent
03-11 11:24:07.408  3163  3352 D PowerManagerService: handleSandman ignore 0
03-11 11:24:07.408  5625  5956 D CounterUpPreferencesStatusValue: startTracking: previous = 11 current = 12 tag = Count of how many cli AD is triggered
03-11 11:24:07.408  3163  7451 I DreamController: mDreamingStartedCallback sendResult
03-11 11:24:07.408  3163  3352 D PowerManagerService: handleSandman ignore 0
03-11 11:24:07.410  6942  6942 D NfcService: MSG_APPLY_SCREEN_STATE 1
03-11 11:24:07.411  3163  3352 D PowerManagerService: handleSandman ignore 0
03-11 11:24:07.411  6942  6942 D libnfc_nci: nfcManager_doSetScreenState: state = 1 prevScreenState= 8, discovry_param = 1
03-11 11:24:07.411  2582  8068 D NxpTml  : PN54X - Write requested.....
03-11 11:24:07.411  2582  8068 D NxpTml  : PN54X - Invoking I2C Write.....
03-11 11:24:07.412  2064  2064 I sensors-hal: batch:206, android.sensor.accelerometer/11, period=200000000, max_latency=0
03-11 11:24:07.412  2064  2064 I sensors-hal: set_config:57, sample_period_ns is adjusted to 200000000 based on min/max delay_ns
03-11 11:24:07.412  2064  2064 I sensors-hal: send_sensor_config_request:395, resampler is used, set resampler config
03-11 11:24:07.412  2064  2064 I sensors-hal: send_sync_sensor_request:341, send sync request
03-11 11:24:07.412  2064  2064 I sensors-hal: send_sync_sensor_request:367, wait for notification of response
03-11 11:24:07.413  2064  5194 I sensors-hal: ssc_conn_resp_cb:632, resp_value = 0
03-11 11:24:07.413  2064  2064 I sensors-hal: send_sync_sensor_request:373, takes 0 ms to receive the response with 0
03-11 11:24:07.413  2064  2064 I sensors-hal: batch:215, android.sensor.accelerometer/11, period=200000000, max_latency=0 request completed
03-11 11:24:07.413  2582  8068 D NxpTml  : Write errno : 6b
03-11 11:24:07.413  2582  8068 D NxpTml  : PN54X - Error in I2C Write.....
03-11 11:24:07.413  2582  8068 D NxpTml  : PN54X - Posting Fresh Write message.....
03-11 11:24:07.413  2582  8068 D NxpTml  : PN54X - Tml Writer Thread Running................
03-11 11:24:07.413  5625  5929 E FromGoneTransitionInteractor: Ignoring startTransition: This interactor asked to transition from GONE -> LOCKSCREEN, but we last transitioned to DOZING, not GONE. This should never happen - check currentTransitionInfoInternal or use filterRelevantKeyguardState before starting transitions.
03-11 11:24:07.413  5625  5929 E FromGoneTransitionInteractor: This transition would not have been ignored prior to ag/26681239, since we are FINISHED in GONE (but have since started another transition). If ignoring this transition has caused a regression, fix it by ensuring that transitions are exclusively started from the most recently started state.
03-11 11:24:07.413  2582  8070 D NxpHal  : write error status = 0x1ff
03-11 11:24:07.413  3163  3231 D CLI/Keyguard: [onKeyguardLockedStateChanged] isKeyguardLocked=true
03-11 11:24:07.413  2582  2582 D NxpHal  : write_unlocked failed - PN54X Maybe in Standby Mode - Retry
03-11 11:24:07.413  2064  2064 I sensors-hal: batch:206, android.sensor.accelerometer/11, period=200000000, max_latency=0
03-11 11:24:07.413  2064  2064 I sensors-hal: set_config:57, sample_period_ns is adjusted to 200000000 based on min/max delay_ns
03-11 11:24:07.413  2064  2064 I sensors-hal: batch:215, android.sensor.accelerometer/11, period=200000000, max_latency=0 request completed
03-11 11:24:07.414  3163  3163 I PowerManagerService: onFlip(): Face up.
03-11 11:24:07.414  2064  2064 I sensors-hal: activate:173, android.sensor.orientation/31 en=0
03-11 11:24:07.414  3163  3163 D TrustManagerService: refreshDeviceLockedForUser(userId=0, unlockedUser=-10000), secure=false, showingKeyguard=true, trusted=false, biometricAuthenticated=false, currentUserIsUnlocked=false, deviceLocked=false
03-11 11:24:07.414  5625  5962 D KeyguardViewMediator: updateActivityLockScreenState(true, true)
03-11 11:24:07.415  2061  2108 E minksocket: MinkIPC_QRTR_Service: client with node 1 port 7565 went down
03-11 11:24:07.415  2064  2064 I sensors-hal: activate:184, android.sensor.orientation/31 en=0 completed
03-11 11:24:07.416  3163  3231 D PanelsService: onKeyguardStateChanged.. isShowing=true
03-11 11:24:07.416  3163  3231 D TouchHwAidlService: onKeyguardStateChanged.. isShowing=true
03-11 11:24:07.416  3163  3231 W ServiceManagerCppClient: Failed to get isDeclared for com.motorola.hardware.display.panel.IDisplayPanel/default: Status(-1, EX_SECURITY): 'SELinux denied.'
03-11 11:24:07.417  3163  3231 D DisplayPanelService: Setting panel dc mode: 0
03-11 11:24:07.417  2090  2090 I DisplayPanel: setDcMode: DC mode = OFF
03-11 11:24:07.417  2090  2090 D DisplayPanel: setParam: Success set DC to 0 for Primary display
03-11 11:24:07.418  3163  7451 W UserManagerService: Requested status bar icon for non-badged user 0
03-11 11:24:07.420  5625  5962 V PowerManager: userActivity when=99964112 event=0 flags=0 displayId=1 by (com.android.systemui) callers=com.android.systemui.keyguard.KeyguardViewMediator$$ExternalSyntheticLambda0.run:63 java.util.concurrent.ThreadPoolExecutor.runWorker:1145 java.util.concurrent.ThreadPoolExecutor$Worker.run:644 
03-11 11:24:07.420  3163  3352 D PowerManagerService: handleSandman ignore 0
03-11 11:24:07.420  5625  5625 D KeyguardViewMediator: KeyguardViewMediator queue processing message: SHOW
03-11 11:24:07.421  5625  5625 D SCliNotificationListener: onNotificationListUpdate: [com.android.systemui.statusbar.notification.collection.GroupEntry@4d1aa60]
03-11 11:24:07.421  5625  6286 D SCliNotifPanelController: onNotificationEntryRemove: -1|com.android.systemui|1201|fully_charged_and_plugged|10394
03-11 11:24:07.421  5625  6286 D SCliNotifPanelController: onNotificationGroupRemove: com.android.systemui_u-1
03-11 11:24:07.421  5625  6286 D SCliNotifPanelController: onNotificationEntryRemove: 0|com.android.vending|-234430262|null|10276
03-11 11:24:07.421  5625  6286 D SCliNotifPanelController: onNotificationGroupRemove: com.android.vending_u0
03-11 11:24:07.423  2582  8068 D NxpTml  : PN54X - Write requested.....
03-11 11:24:07.423  2582  8068 D NxpTml  : PN54X - Invoking I2C Write.....
03-11 11:24:07.424  2582  8068 I NxpNciX : len =   7 > 20020401020100
03-11 11:24:07.424  2582  8068 D NxpTml  : PN54X - I2C Write successful.....
03-11 11:24:07.424  2582  8068 D NxpTml  : PN54X - Posting Fresh Write message.....
03-11 11:24:07.424  2582  8068 D NxpTml  : PN54X - Tml Writer Thread Running................
03-11 11:24:07.424  2582  8070 D NxpHal  : write successful status = 0x0
03-11 11:24:07.424  2064  2064 I sensors-hal: activate:173, android.sensor.magnetic_field_uncalibrated/141 en=0
03-11 11:24:07.424  2582  8059 D NxpTml  : PN54X - I2C Read successful.....
03-11 11:24:07.424  2582  8059 I NxpNciR : len =   5 > 4002020000
03-11 11:24:07.424  2582  8059 D NxpTml  : PN54X - Posting read message.....
03-11 11:24:07.424  2061  2108 E minksocket: MinkIPC_QRTR_Service: client with node 1 port 758d went down
03-11 11:24:07.424  2582  8070 D NxpHal  : read successful status = 0x0
03-11 11:24:07.424  2582  8070 D NxpHal  : phNxpNciHal_print_res_status: response status =STATUS_OK
03-11 11:24:07.425  2582  8059 D NxpTml  : PN54X - Read requested.....
03-11 11:24:07.425  2582  8059 D NxpTml  : PN54X - Invoking I2C Read.....
03-11 11:24:07.425  6942  8007 D libnfc_nci: nfaDeviceManagementCallback: enter; event=0x2
03-11 11:24:07.425  6942  8007 D libnfc_nci: nfaDeviceManagementCallback: NFA_DM_SET_CONFIG_EVT
03-11 11:24:07.425  2582  8068 D NxpTml  : PN54X - Write requested.....
03-11 11:24:07.425  2582  8068 D NxpTml  : PN54X - Invoking I2C Write.....
03-11 11:24:07.425  2061  2108 E minksocket: MinkIPC_QRTR_Service: client with node 1 port 7588 went down
03-11 11:24:07.425  2582  8068 I NxpNciX : len =   4 > 20090101
03-11 11:24:07.425  2582  8068 D NxpTml  : PN54X - I2C Write successful.....
03-11 11:24:07.425  2582  8068 D NxpTml  : PN54X - Posting Fresh Write message.....
03-11 11:24:07.425  2582  8068 D NxpTml  : PN54X - Tml Writer Thread Running................
03-11 11:24:07.425  2582  8070 D NxpHal  : write successful status = 0x0
03-11 11:24:07.425  2064  2064 I sensors-hal: activate:184, android.sensor.magnetic_field_uncalibrated/141 en=0 completed
03-11 11:24:07.426  2582  8059 D NxpTml  : PN54X - I2C Read successful.....
03-11 11:24:07.426  2582  8059 I NxpNciR : len =   4 > 40090100
03-11 11:24:07.426  2582  8059 D NxpTml  : PN54X - Posting read message.....
03-11 11:24:07.426  2582  8070 D NxpHal  : read successful status = 0x0
03-11 11:24:07.426  6942  8007 D libnfc_nci: nfaDeviceManagementCallback: enter; event=0xB
03-11 11:24:07.426  6942  8007 D libnfc_nci: nfaDeviceManagementCallback: NFA_DM_SET_POWER_SUB_STATE_EVT; status=0x0
03-11 11:24:07.426  2582  8059 D NxpTml  : PN54X - Read requested.....
03-11 11:24:07.426  2582  8059 D NxpTml  : PN54X - Invoking I2C Read.....
03-11 11:24:07.426  2064  2064 I sensors-hal: activate:173, android.sensor.game_rotation_vector/151 en=0
03-11 11:24:07.426  3163  3352 D PowerManagerService: handleSandman ignore 0
03-11 11:24:07.427  6942  6942 D NfcService: MSG_APPLY_SCREEN_STATE 2
03-11 11:24:07.427  2061  2108 E minksocket: MinkIPC_QRTR_Service: client with node 1 port 7574 went down
03-11 11:24:07.427  2064  2064 I sensors-hal: activate:184, android.sensor.game_rotation_vector/151 en=0 completed
03-11 11:24:07.427  3163  3352 D PowerManagerService: handleSandman ignore 0
03-11 11:24:07.427  6942  6942 D libnfc_nci: nfcManager_doSetScreenState: state = 2 prevScreenState= 1, discovry_param = 1
03-11 11:24:07.428  2582  8068 D NxpTml  : PN54X - Write requested.....
03-11 11:24:07.428  2582  8068 D NxpTml  : PN54X - Invoking I2C Write.....
03-11 11:24:07.428  2582  8068 I NxpNciX : len =   4 > 20090103
03-11 11:24:07.428  2582  8068 D NxpTml  : PN54X - I2C Write successful.....
03-11 11:24:07.428  2582  8068 D NxpTml  : PN54X - Posting Fresh Write message.....
03-11 11:24:07.428  2582  8068 D NxpTml  : PN54X - Tml Writer Thread Running................
03-11 11:24:07.428  2582  8070 D NxpHal  : write successful status = 0x0
03-11 11:24:07.428  2582  8059 D NxpTml  : PN54X - I2C Read successful.....
03-11 11:24:07.428  2582  8059 I NxpNciR : len =   4 > 40090100
03-11 11:24:07.428  2582  8059 D NxpTml  : PN54X - Posting read message.....
03-11 11:24:07.428  2582  8070 D NxpHal  : read successful status = 0x0
03-11 11:24:07.429  6942  8007 D libnfc_nci: nfaDeviceManagementCallback: enter; event=0xB
03-11 11:24:07.429  6942  8007 D libnfc_nci: nfaDeviceManagementCallback: NFA_DM_SET_POWER_SUB_STATE_EVT; status=0x0
03-11 11:24:07.429  2582  8059 D NxpTml  : PN54X - Read requested.....
03-11 11:24:07.429  2582  8059 D NxpTml  : PN54X - Invoking I2C Read.....
03-11 11:24:07.429  2582  8068 D NxpTml  : PN54X - Write requested.....
03-11 11:24:07.429  2582  8068 D NxpTml  : PN54X - Invoking I2C Write.....
03-11 11:24:07.429  2582  8068 I NxpNciX : len =   7 > 20020401020100
03-11 11:24:07.429  2582  8068 D NxpTml  : PN54X - I2C Write successful.....
03-11 11:24:07.429  2582  8068 D NxpTml  : PN54X - Posting Fresh Write message.....
03-11 11:24:07.429  2582  8070 D NxpHal  : write successful status = 0x0
03-11 11:24:07.429  2582  8068 D NxpTml  : PN54X - Tml Writer Thread Running................
03-11 11:24:07.429  3163  3352 D PowerManagerService: handleSandman ignore 0
03-11 11:24:07.430  2582  8059 D NxpTml  : PN54X - I2C Read successful.....
03-11 11:24:07.430  2582  8059 I NxpNciR : len =   5 > 4002020000
03-11 11:24:07.430  2582  8059 D NxpTml  : PN54X - Posting read message.....
03-11 11:24:07.430  2064  2064 I sensors-hal: activate:173, android.sensor.gyroscope_uncalibrated/161 en=0
03-11 11:24:07.430  2582  8070 D NxpHal  : read successful status = 0x0
03-11 11:24:07.430  2582  8070 D NxpHal  : phNxpNciHal_print_res_status: response status =STATUS_OK
03-11 11:24:07.430  2582  8059 D NxpTml  : PN54X - Read requested.....
03-11 11:24:07.430  2582  8059 D NxpTml  : PN54X - Invoking I2C Read.....
03-11 11:24:07.430  6942  8007 D libnfc_nci: nfaDeviceManagementCallback: enter; event=0x2
03-11 11:24:07.430  6942  8007 D libnfc_nci: nfaDeviceManagementCallback: NFA_DM_SET_CONFIG_EVT
03-11 11:24:07.430  2061  2108 E minksocket: MinkIPC_QRTR_Service: client with node 1 port 7583 went down
03-11 11:24:07.431  3163  3352 D PowerManagerService: handleSandman ignore 0
03-11 11:24:07.431  2061  2108 E minksocket: MinkIPC_QRTR_Service: client with node 1 port 757e went down
03-11 11:24:07.432  2061  2108 E minksocket: MinkIPC_QRTR_Service: client with node 1 port 7579 went down
03-11 11:24:07.432  2064  2064 I sensors-hal: activate:184, android.sensor.gyroscope_uncalibrated/161 en=0 completed
03-11 11:24:07.433  3163  3231 W AccessibilityWindowsPopulator: The displayInfo of this displayId (0) called back from the surface fligner is null
03-11 11:24:07.434  5625  5625 W libc    : Access denied finding property "vendor.display.enable_optimal_refresh_rate"
03-11 11:24:07.434  5625  5625 W libc    : Access denied finding property "vendor.gpp.create_frc_extension"
03-11 11:24:07.435 21358 21358 E aae     : 3:41.435672:path://amap_bundle_drive/src/car/result_page/CarResultPage.page.js#Stop
03-11 11:24:07.439 21358 21358 E aae     : 3:41.439469:path://amap_bundle_drive/src/car/result_page/CarResultPage.page.js#Stop
03-11 11:24:07.441 21358 21358 E aae     : 1:41.441386:NewMapActivity stop c=1 sn=1 d=40.516
03-11 11:24:07.450  3163  7451 W AccessibilityWindowsPopulator: The displayInfo of this displayId (0) called back from the surface fligner is null
03-11 11:24:07.450  3163  7451 W AccessibilityWindowsPopulator: The displayInfo of this displayId (0) called back from the surface fligner is null
03-11 11:24:07.456 21358 21742 E XcdnEngine-N: xcdn_task[157]init download file https://c3.amap.com/acis/packageDiff/resource/diff/amap/A2133/main/689651a847a8c7a608c06e4a5d577816/22.76.71.4_22.81.63.3.ajx /data/user/0/com.autonavi.minimap/files/ajx-biz/download/0_689651a847a8c7a608c06e4a5d577816, params:biz_id=-1&dwn_prio=1&freeflow_service=0&http_conn_timeout=10000.0&http_read_timeout=10000.0&ipv6_conn_timeout=600&is_freeflow=1&max_http_trunk=50&miner_conn_timeout=1500&miner_read_timeout=3000&retry_count=1&start_timeMS=1773242647445&support_http=1&use_miner=1&without_cache=0&without_range=1

03-11 11:24:07.457 21358 21722 E XcdnEngine-N: xcdn_task[157]start download file

03-11 11:24:07.457 21358 21722 E XcdnEngine-N: task[157] use cdn url https://c3-ykx.amap.com/acis/packageDiff/resource/diff/amap/A2133/main/689651a847a8c7a608c06e4a5d577816/22.76.71.4_22.81.63.3.ajx

03-11 11:24:07.460 21358 21722 E XcdnEngine-N: task[157] do not request cdn

03-11 11:24:07.466 19953 20226 E aae     : 24:62.466666:MSG_START:bGetFromNet:false
03-11 11:24:07.466 19953 20226 E aae     : 24:62.466851:MSG_INIT_MAIN_PROCESS_SERVICE
03-11 11:24:07.466 19953 20226 E aae     : 24:62.466950:MSG_EXECUTE_COMMANDS
03-11 11:24:07.467 19953 20226 E aae     : 24:62.467058:MSG_UPLOAD_RESULTS
03-11 11:24:07.467  3163  7451 I DreamManagerService: startDozing by com.android.systemui callingUid=10394 callingPid=5625
03-11 11:24:07.467  3163  7451 D DreamManagerService: Dream requested to start dozing: android.os.Binder@44e83eb, screenState=2, screenBrightness=-1, reason=DREAM_MANAGER_LID_SWITCH
03-11 11:24:07.468  3163  3352 I WindowManager: Display 1 turning on...
03-11 11:24:07.469  3163  3352 I DisplayBrightnessStrategySelector: Changing the DisplayBrightnessStrategy from ScreenOffBrightnessStrategy to InvalidBrightnessStrategy for display 1
03-11 11:24:07.469  3163  3229 W WindowManager: All windows drawn on display 1
03-11 11:24:07.469  3163  7451 D PowerManagerService: nativeSetAutoSuspend enable:false duration ms: 2
03-11 11:24:07.470  3163  3352 V DisplayPowerController2[1]: Brightness [0.34636068] reason changing to: 'manual', previous reason: 'screen_off'.
03-11 11:24:07.471  3163  3352 I DisplayPowerController2[1]: 03-11 11:24:07.470 - BrightnessEvent: disp=1, physDisp=local:4630947043778501763, displayState=ON, displayPolicy=DOZE, brt=0.34636068, initBrt=0.0, rcmdBrt=NaN, preBrt=NaN, lux=0.0, preLux=0.0, brtNits=109.256195, hdrNits=NaN, initNits=3.3701954, preNits=NaN, rcmdNits=NaN, hdrBrightness=NaN, brt(%)=45%, brtInt=89, hbmPolicy=normal, hbmMax=0.7660316, hbmMode=off, rbcStrength=-1, thrmMax=1.0, powerFactor=1.0, wasShortTermModelActive=false, flags=, reason=manual, autoBrightness=true, strategy=InvalidBrightnessStrategy, autoBrightnessMode=default
03-11 11:24:07.471  3163  7451 D PowerManagerService: nativeAcquireSuspendBlocker name:PowerManagerService.Display duration ms: 2
03-11 11:24:07.471  2300  2300 D SurfaceFlinger: setDesiredDisplayModeSpecs[{0, false, PR={p[24.00-120.00]Hz, r[24.00-60.00]Hz}, AR={p[0.00-120.00]Hz, r[0.00-60.00]Hz}}]: by process 3163 uid 1000 for display 4630947043778501762
03-11 11:24:07.472  3163  5308 D PowerManagerService: nativeSetPowerMode ret:false mode:9 enabled:false duration ms: 0
03-11 11:24:07.472  3163  5308 D TouchHwAidlService: setCliDisplayState: mCliScreenOff=false
03-11 11:24:07.472  3163  5308 D LocalDisplayAdapter: setDisplayPowerMode mode=2 for display=android.os.BinderProxy@433f576
03-11 11:24:07.472  5625  5625 D KeyguardViewMediator: KeyguardViewMediator queue processing message: NOTIFY_FINISHED_GOING_TO_SLEEP
03-11 11:24:07.473  3163  3231 I DisplayDeviceRepository: Display device changed state: "HDMI Screen", ON
03-11 11:24:07.474  2300  2300 D SurfaceFlinger: Setting power mode 2 on display 4630947043778501763
03-11 11:24:07.475  5689  5689 E DPMJ    : |SERVICE| sendScreenState state  falseand int value 0
03-11 11:24:07.476  6978  6978 I Smart5G : [Smart5GService] receive action: android.intent.action.SCREEN_OFF
03-11 11:24:07.477  3163  3163 I BrightnessSynchronizer: New Update: {[11323] 0.41067958(f), mUpdatedTypes=0, mConfirmedTypes=0, mTimeUpdated=0, mState=2}
03-11 11:24:07.477  3163  7451 I DisplayDevice: [1] Layerstack set to 1 for local:4630947043778501763 mDisplayToken=android.os.BinderProxy@433f576 t=Transaction{mNativeObject=-5476376673043392304, mHashCode=0}
03-11 11:24:07.480  3163  3231 I InputManager-JNI: Viewport [0] to add: local:4630947043778501762, isActive: false
03-11 11:24:07.480  3163  3231 I InputManager-JNI: Viewport [1] to add: local:4630947043778501763, isActive: true
03-11 11:24:07.480  5625  5625 I Channel.Remote: [de8362611079428da312381e6bb8b50c|com.motorola.personalize] Keep channel connection alive true by 4
03-11 11:24:07.480 21358 22596 E XcdnEngine-N: task[157] start download 1773242647479

03-11 11:24:07.480  3163  3227 D TouchHwAidlService: updateCliDisplayState: mCliScreenOn=true
03-11 11:24:07.480  2300  2300 I Scheduler: Display 4630947043778501763 is the pacesetter
03-11 11:24:07.480  2300  2300 I Scheduler: promotePacesetterDisplayLocked, mAcceptScrollEvent=1
03-11 11:24:07.480  2300  2300 I Scheduler: promotePacesetterDisplayLocked, mAcceptTouchNotBoostEvent=0
03-11 11:24:07.481  3163  3229 V WindowManager: Content Recording: Display 1 state was (1), is now (2), so update recording?
03-11 11:24:07.481  3163  5215 I MR2ServiceImpl: Updating composite discovery preference | preference: RouteDiscoveryRequest{ preferredFeatures={}, activeScan=false }, active routers: []
03-11 11:24:07.481  3163  3229 D CLI/Transition: displaygroup 1, state ON, pendingdisplaygroup -1
03-11 11:24:07.482  3163  7414 E WindowManager: Dream packageName does not match active dream. Package com.dolby.daxservice does not match ComponentInfo{com.android.systemui/com.android.systemui.doze.DozeService}
03-11 11:24:07.484  3163  7474 E WindowManager: Dream packageName does not match active dream. Package com.motorola.motocare does not match ComponentInfo{com.android.systemui/com.android.systemui.doze.DozeService}
03-11 11:24:07.484  3163  4285 I InputReader: Reconfiguring input devices, changes=DISPLAY_INFO
03-11 11:24:07.484  3163  4285 I InputReader: Disabling goodix_ts (device 7) because the associated viewport is not active
03-11 11:24:07.484  3163  4285 I InputReader: Device reconfigured: id=6, name='zinitix_mt', size 194x368, orientation Rotation0, mode DIRECT, display id 1
03-11 11:24:07.485  3163  7451 E WindowManager: Dream packageName does not match active dream. Package com.google.android.ext.services does not match ComponentInfo{com.android.systemui/com.android.systemui.doze.DozeService}
03-11 11:24:07.485  3163  6975 E WindowManager: Dream packageName does not match active dream. Package com.motorola.livewallpaper3.prebuilt.vanilla_reflection does not match ComponentInfo{com.android.systemui/com.android.systemui.doze.DozeService}
03-11 11:24:07.485  3163  6909 E WindowManager: Dream packageName does not match active dream. Package com.google.android.gsf does not match ComponentInfo{com.android.systemui/com.android.systemui.doze.DozeService}
03-11 11:24:07.485  3163  6909 E WindowManager: Dream packageName does not match active dream. Package com.google.android.gms does not match ComponentInfo{com.android.systemui/com.android.systemui.doze.DozeService}
03-11 11:24:07.486  3163  7496 E WindowManager: Dream packageName does not match active dream. Package com.google.android.inputmethod.latin does not match ComponentInfo{com.android.systemui/com.android.systemui.doze.DozeService}
03-11 11:24:07.486  3163  3231 D PanelsService: updateCliDisplayState: mCliScreenState=ON
03-11 11:24:07.487  2300  2300 D SurfaceFlinger: Setting desired display mode specs: {0, false, PR={p[24.00-120.00]Hz, r[24.00-120.00]Hz}, AR={p[0.00-120.00]Hz, r[0.00-120.00]Hz}} for display 4630947043778501763
03-11 11:24:07.487  2300  2300 I SurfaceFlinger: Switching to Scheduler preferred mode 0 (60.00 Hz) for display 4630947043778501763
03-11 11:24:07.487  2300  2300 W ComposerExtn: DisplayExtnImpl::SetActiveConfig: HWC Display 2 is not registered!
03-11 11:24:07.487  2300  2300 D DisplayModeController: setDesiredMode 4630947043778501763 {mode={fps=60.00 Hz, modePtr={id=0, vsyncRate=60.00 Hz, peakRefreshRate=60.00 Hz}}, emitEvent=true, force=false}
03-11 11:24:07.487  2195  2386 I SDM     : DisplayBase::SetDisplayState: Set state = 1, display 76-0, teardown = 0
03-11 11:24:07.488  2195  2386 I SDM     : HWDeviceDRM::NullCommit: Null commit succeeded crtc=203
03-11 11:24:07.488  3163  6974 E WindowManager: Dream packageName does not match active dream. Package com.motorola.launcher3 does not match ComponentInfo{com.android.systemui/com.android.systemui.doze.DozeService}
03-11 11:24:07.491 10834 10834 I PkDeviceHelper: PkDeviceHelper.refreshDevices():93 refreshing devices
03-11 11:24:07.491  3163  3231 W ServiceManagerCppClient: Failed to get isDeclared for com.motorola.hardware.display.panel.IDisplayPanel/default: Status(-1, EX_SECURITY): 'SELinux denied.'
03-11 11:24:07.491  3163  3231 D DisplayPanelService: Setting panel dc mode: 0
03-11 11:24:07.492  2090  2090 I DisplayPanel: setDcMode: DC mode = OFF
03-11 11:24:07.492  2090  2090 D DisplayPanel: setParam: Success set DC to 0 for Primary display
03-11 11:24:07.492  3163  3231 W AccessibilityWindowsPopulator: The displayInfo of this displayId (0) called back from the surface fligner is null
03-11 11:24:07.493 21358 21932 E XcdnEngine-N: xcdn_task[158]init download file https://amap-offlinedata.amap.com/amap/resourcefile/unifyCompile/202503201714/full/overseas.zip /storage/emulated/0/Android/data/com.autonavi.minimap/files/autonavi/res//tempDownload/overseas.zip, params:biz_id=7&dwn_prio=1&freeflow_service=0&http_conn_timeout=30000.0&http_read_timeout=30000.0&ipv6_conn_timeout=600&is_freeflow=1&max_http_trunk=50&miner_conn_timeout=1500&miner_read_timeout=3000&retry_count=1&start_timeMS=1773242647466&support_http=1&use_miner=1&without_cache=0&without_range=1

03-11 11:24:07.493  3163  3163 D MotoFaceProvider: Receive screen off intent
03-11 11:24:07.493  5625  5625 I vol.VolumeDialogImpl: mDialog.dismiss() reason: screen_off from: com.android.systemui.volume.VolumeDialogImpl$10.onScreenOff:4 displayId: 0 mShowing: false mIsAnimatingDismiss: true
03-11 11:24:07.493 21358 21722 E XcdnEngine-N: xcdn_task[158]start download file

03-11 11:24:07.493  5625  5625 D vol.VolumeDialogImpl: dismissH: skipping dismiss because isAnimatingDismiss is true and showingStateInconsistent is false
03-11 11:24:07.494 21358 22597 W System.err: java.io.FileNotFoundException: File '/data/user/0/com.autonavi.minimap/files/logs/disk_col/lct.txt' does not exist
03-11 11:24:07.494  3163  7471 E WindowManager: Dream packageName does not match active dream. Package io.appium.settings does not match ComponentInfo{com.android.systemui/com.android.systemui.doze.DozeService}
03-11 11:24:07.494 21358 22597 W System.err: 	at rb2.l(SourceFile:59)
03-11 11:24:07.494 21358 22597 W System.err: 	at rb2.q(SourceFile:5)
03-11 11:24:07.494 21358 22597 W System.err: 	at q16.run(SourceFile:96)
03-11 11:24:07.494 21358 21722 E XcdnEngine-N: task[158] use cdn url https://amap-offlinedata-ykx.amap.com/amap/resourcefile/unifyCompile/202503201714/full/overseas.zip

03-11 11:24:07.494  3163  7471 D SystemServerTiming: getUserSwitchability-0
03-11 11:24:07.494  3163  7471 D SystemServerTiming: TM.isInCall
03-11 11:24:07.494  3163  7471 D SystemServerTiming: hasUserRestriction-DISALLOW_USER_SWITCH
03-11 11:24:07.494  3163  7471 D SystemServerTiming: getInt-ALLOW_USER_SWITCHING_WHEN_SYSTEM_USER_LOCKED
03-11 11:24:07.494  3163  7471 D SystemServerTiming: isUserUnlocked-USER_SYSTEM
03-11 11:24:07.494  3163  8251 E WindowManager: Dream packageName does not match active dream. Package com.autonavi.minimap does not match ComponentInfo{com.android.systemui/com.android.systemui.doze.DozeService}
03-11 11:24:07.494 11449 11449 I OverviewComponentObserver: updateOverviewTargets: mIsHomeDisabled=true, isDefaultHomeNull=false, mIsDefaultHome=true
03-11 11:24:07.495  3163  7414 E WindowManager: Dream packageName does not match active dream. Package com.motorola.mobiledesktop does not match ComponentInfo{com.android.systemui/com.android.systemui.doze.DozeService}
03-11 11:24:07.495  3163  5853 E WindowManager: Dream packageName does not match active dream. Package com.motorola.mobiledesktop.core does not match ComponentInfo{com.android.systemui/com.android.systemui.doze.DozeService}
03-11 11:24:07.496 21358 22597 W System.err: 	at com.autonavi.scheduler.api.d.run(SourceFile:46)
03-11 11:24:07.496 21358 22597 W System.err: 	at java.util.concurrent.ThreadPoolExecutor.runWorker(ThreadPoolExecutor.java:1145)
03-11 11:24:07.496 21358 22597 W System.err: 	at java.util.concurrent.ThreadPoolExecutor$Worker.run(ThreadPoolExecutor.java:644)
03-11 11:24:07.496 21358 22597 W System.err: 	at java.lang.Thread.run(Thread.java:1012)
03-11 11:24:07.496  7545  7545 I FileStationLog: [ FS_h$a ] - [Display] Changed display: 1
03-11 11:24:07.498 21358 21722 E XcdnEngine-N: task[158] do not request cdn

03-11 11:24:07.499  5625  6608 I Channel.Remote: [binder:5625_8] [de8362611079428da312381e6bb8b50c|com.motorola.personalize][673] received remote channel service seq:673 results
03-11 11:24:07.503 21358 22596 E XcdnEngine-N: task[157] end create client socket 320 with host c3-ykx.amap.com, port 443

03-11 11:24:07.505  3163  7414 D SystemServerTiming: getUserSwitchability-0
03-11 11:24:07.505  3163  7414 D SystemServerTiming: TM.isInCall
03-11 11:24:07.505  3163  8251 D SystemServerTiming: getUserSwitchability-0
03-11 11:24:07.506  3163  8251 D SystemServerTiming: TM.isInCall
03-11 11:24:07.506 21358 22602 E XcdnEngine-N: task[158] start download 1773242647505

03-11 11:24:07.507  3163  7414 D SystemServerTiming: hasUserRestriction-DISALLOW_USER_SWITCH
03-11 11:24:07.507  3163  7414 D SystemServerTiming: getInt-ALLOW_USER_SWITCHING_WHEN_SYSTEM_USER_LOCKED
03-11 11:24:07.507  3163  7414 D SystemServerTiming: isUserUnlocked-USER_SYSTEM
03-11 11:24:07.507  5993  8761 I NearbyDiscovery: (REDACTED) FastPairHandler: Received action %s
03-11 11:24:07.507  5993  8761 I NearbyDiscovery: (REDACTED) PureOffloadFastPairScanner: eventType=%s, isInternalReq=%s, isScanning=%s, isScanningAllowed=%s
03-11 11:24:07.507  5993  8761 I NearbyDiscovery: (REDACTED) ApFastPairScanner: isScreenOn=%s, isLocationEnabled=%s, disableLocationRequirement=%s, isDiscoveryScanningEnabled=%s, during24GhzWifiWarmingUpPeriod=%s
03-11 11:24:07.507  5993  8761 D BluetoothAdapter: isLeEnabled(): ON
03-11 11:24:07.507  5993  8761 I NearbyDiscovery: (REDACTED) ApFastPairScanner: eventType=%s, intReq=%s, scanning=%s, scanAllowed=%s, bleEnabled=%s, lockScanRate=%s, startScanningByLowPowerMode=%s
03-11 11:24:07.508  5993  8761 I NearbyDiscovery: FastPairController: onSystemStateChanged: skip due to flag disabled [CONTEXT service_id=265 ]
03-11 11:24:07.508  3163  8251 D SystemServerTiming: hasUserRestriction-DISALLOW_USER_SWITCH
03-11 11:24:07.508  3163  8251 D SystemServerTiming: getInt-ALLOW_USER_SWITCHING_WHEN_SYSTEM_USER_LOCKED
03-11 11:24:07.508  3163  8251 D SystemServerTiming: isUserUnlocked-USER_SYSTEM
03-11 11:24:07.509  5625  5625 I Typeface: mototime=Rookery-Stacked;moto_time;5625
03-11 11:24:07.509  3163  5853 E WindowManager: Dream packageName does not match active dream. Package com.motorola.mobiledesktop.core does not match ComponentInfo{com.android.systemui/com.android.systemui.doze.DozeService}
03-11 11:24:07.511  7545  7545 I FileStationLog: [ FS_h$a ] - [Display] Ignoring change for non-default/desktop display: 1
03-11 11:24:07.513  5625  5625 I Typeface: mototime=Rookery-Stacked;moto_time;5625
03-11 11:24:07.513  5625  5625 D LockScreen_Plugin: notifyAttributesChanged: pluginCallback = com.android.systemui.shared.plugins.MotoLsClockFacePlugin$PluginCallback@db2e267, data = Bundle[{clock_face_time=moto_time, clock_face_color=-1}]
03-11 11:24:07.513  5625  5625 V MotoLsClockFacePlugin: onClockFaceColorChange: 0xffffffff
03-11 11:24:07.513  5625  5625 V MotoLsClockFacePlugin: onClockFontChanged
03-11 11:24:07.521 21358 22596 E XcdnEngine-N: task[157] begin read response for socket 320

03-11 11:24:07.524  3163  5158 D WifiStaIfaceHidlImpl: getCachedScanData is not implemented by HIDL
03-11 11:24:07.528  5625  5625 D BiometricsRepositoryImpl: currentUser authFlags changed, new value: AuthenticationFlags(userId=0, flag=0)
03-11 11:24:07.528  5625  5625 D BiometricsRepositoryImpl: currentUser authFlags changed, new value: AuthenticationFlags(userId=0, flag=0)
03-11 11:24:07.530  5625  5625 D BiometricsRepositoryImpl: currentUser authFlags changed, new value: AuthenticationFlags(userId=0, flag=0)
03-11 11:24:07.531  5625  5625 D BiometricsRepositoryImpl: currentUser authFlags changed, new value: AuthenticationFlags(userId=0, flag=0)
03-11 11:24:07.532  5625  5625 D BiometricsRepositoryImpl: currentUser authFlags changed, new value: AuthenticationFlags(userId=0, flag=0)
03-11 11:24:07.532  5625  5625 D BiometricsRepositoryImpl: currentUser authFlags changed, new value: AuthenticationFlags(userId=0, flag=0)
03-11 11:24:07.547 21358 22596 E XcdnEngine-N: task[157] begin read body for socket 320

03-11 11:24:07.549 21358 22596 E XcdnEngine-N: task[157] set2 peer ip 47.246.22.197, host c3-ykx.amap.com, for request /acis/packageDiff/resource/diff/amap/A2133/main/689651a847a8c7a608c06e4a5d577816/22.76.71.4_22.81.63.3.ajx, remote addr 

03-11 11:24:07.550  5493  6013 W HWUI    : Surface doesn't have any previously queued frames, nothing to readback from
03-11 11:24:07.551 21358 22596 E XcdnEngine-N: task[157] response host:47.246.22.197 with miner_ip 

03-11 11:24:07.552  2064  2064 I sensors-hal: activate:173, com.motorola.sensor.tap/65988 en=0
03-11 11:24:07.554  2061  2108 E minksocket: MinkIPC_QRTR_Service: client with node 1 port 7468 went down
03-11 11:24:07.554  2064  2064 I sensors-hal: activate:184, com.motorola.sensor.tap/65988 en=0 completed
03-11 11:24:07.555 10834 28562 I DeviceStatusMonitor: DeviceStatusMonitor.handleBroadcast():138 onReceive() : Action = android.intent.action.SCREEN_OFF
03-11 11:24:07.555 11449 11449 D StateManager: goToState - fromState: Normal, toState: Normal, partial trace:
03-11 11:24:07.555 11449 11449 D StateManager: 	at com.android.launcher3.Launcher.onScreenOnChanged(Launcher.java:3017)
03-11 11:24:07.555 11449 11449 D StateManager: 	at com.android.launcher3.Launcher$$ExternalSyntheticLambda25.onScreenOnChanged(D8$$SyntheticClass:0)
03-11 11:24:07.555 11449 11449 D StateManager: 	at com.android.launcher3.util.ScreenOnTracker.lambda$dispatchScreenOnChanged$0(ScreenOnTracker.java:67)
03-11 11:24:07.555 10834 10834 I InputBundle: InputBundle.consumeEvent():1029 Skip consuming an event as imeStatus is INACTIVE
03-11 11:24:07.555 10834 28562 I DeviceStatusMonitor: DeviceStatusMonitor.updateCountryInfo():154 updateCountryInfo(), notifyAnyway = false
03-11 11:24:07.556 21358 21427 D Surface : Surface::disconnect
03-11 11:24:07.556 21358 21427 D BufferQueueProducer: [com.autonavi.minimap/com.autonavi.map.activity.SplashActivity#93630(BLAST Consumer)pid:21358](id:536e00000000,api:1,p:21358,c:21358) disconnect: api 1
03-11 11:24:07.558 10834 10834 I Module  : DeviceLockedStatusModuleProvider$Module.updateDeviceLockedStatus():103 repeatCheckTimes = 0, locked = false
03-11 11:24:07.558  5625  5920 D ControlsListingControllerImpl: Subscribing callback, service count: 1
03-11 11:24:07.558  5625  5920 D ControlsListingControllerImpl: Subscribing callback, service count: 1
03-11 11:24:07.559  5625  5920 D ControlsListingControllerImpl: Subscribing callback, service count: 1
03-11 11:24:07.569  7540 15541 I BatteryCare: [SmartBackground] [DGMC::AccelerateSmartCleanReceiver] action received: android.intent.action.SCREEN_OFF
03-11 11:24:07.576  7545  7545 I FileStationLog: [ FileStationManager ] - screenIsOn: false, hasWindowShowed: false
03-11 11:24:07.576  7545  7545 I MotoDesktopLog: [ FileStationLog ] - broadcastMessage - cmd : 2008
03-11 11:24:07.578 21358 21722 E XcdnEngine-N: xcdn_task[157]===write chunk_index 0, from 2 result 179200 crc 171 ip: 

03-11 11:24:07.580 21358 21722 E XcdnEngine-N: xcdn_task[157]===write chunk_index 1, from 2 result 179200 crc 173 ip: 

03-11 11:24:07.580 21358 21722 E XcdnEngine-N: xcdn_task[157]===write chunk_index 2, from 2 result 15689 crc 111 ip: 

03-11 11:24:07.586  5993 22250 W QAWalletSvc: No wallet cards to return. [CONTEXT service_id=79 ]
03-11 11:24:07.587  5625  5920 E QuickAccessWalletKeyguardQuickAffordanceConfig: Wallet card retrieval error, message: "Unable to load your payment info"
03-11 11:24:07.590  5993 18615 W QAWalletSvc: No wallet cards to return. [CONTEXT service_id=79 ]
03-11 11:24:07.591  5625  5920 E QuickAccessWalletKeyguardQuickAffordanceConfig: Wallet card retrieval error, message: "Unable to load your payment info"
03-11 11:24:07.592  5993 12261 W QAWalletSvc: No wallet cards to return. [CONTEXT service_id=79 ]
03-11 11:24:07.592  5625  5920 E QuickAccessWalletKeyguardQuickAffordanceConfig: Wallet card retrieval error, message: "Unable to load your payment info"
03-11 11:24:07.603 21358 21722 E XcdnEngine-N: task[157] file hash=689651a847a8c7a608c06e4a5d577816

03-11 11:24:07.604 21358 21722 E XcdnEngine-N: xcdn_task[157] download success  md5:;size:374089;cost:148;speed:2527;share:0;t1:0;t2:374089;t3:0;t8:374089;name:peercount=0,edge_count=0,request_edge=0,edge_error=0,write_error_count=0,connectnum=0,login=1,relay_join=0,csn_errcode=-5,nat_type=0,csn_cost=-1,fromCache=0,hash_cost=1,use_super_miner=1,schedule_time1=11,net_state=1,miner_used=0,miner_ip=,miner_cached=0,miner_redirect=0,miner_err=0,http_socket_cost=24,http_res_read_cost=42,http_body_cost=67,http_res_cost=70,http_data_cost=72,schedule_time2=23,download_cost=98,download_cost2_=125,use_cdn=1,cdn_err=0,peer_ip=47.246.22.197,freeflow_serv=0,asn=0;bizId:-1;

03-11 11:24:07.605 21358 21722 E XcdnEngine-N: xcdn_task[157] stopped

03-11 11:24:07.605 21358 21722 E XcdnEngine-N: xcdn_task[157] released

03-11 11:24:07.611 21358 21358 E aae     : 19:41.611442:record screen state state=off
03-11 11:24:07.615  2064  4171 D slpi-TMD2712: tmd2712: Prox pdata 255, offset1:255, full: 3593, NearBy: 1, Lth:54, Hth:85,off_l 255. off_h 0, th_l 54, th_h 255
03-11 11:24:07.625 21358 21776 E _nativeStartService: environment 
03-11 11:24:07.625  7314  7314 D GameMode: onStartedActivityChange: componnent: ComponentInfo{com.autonavi.minimap/com.autonavi.map.activity.SplashActivity} entered launcher screen? false
03-11 11:24:07.627  2064  4171 D slpi-TMD2712: tmd2712: Prox pdata 0, offset1:254, full: 2563, NearBy: 0, Lth:54, Hth:85,off_l 254. off_h 0, th_l 1, th_h 85
03-11 11:24:07.641 21358 21462 E _nativeStartService: environment 
03-11 11:24:07.668  5727  8099 I QImsService: VtDataUsageProvider : onSetAlert:2097152
03-11 11:24:07.668  5727  5727 I QImsService: ImsServiceClassTracker : updateAlertQuota:newQuota=2097152,Remaining=2097152
03-11 11:24:07.668  2195  2386 I SDM     : PipeAllocSdma2::CalculatePipeNumToDedicate: num_vig: 0, num_dma: 1
03-11 11:24:07.668  2195  2386 I SDM     : DisplayBase::SetDisplayState: active 1-1 state 1-1 pending_power_state_ 0
03-11 11:24:07.669  2300  2300 W ComposerExtn: DisplayExtnImpl::SetEarlyWakeUpConfig: HWC Display 2 is not registered!
03-11 11:24:07.669  2300  2300 D SurfaceFlinger: Finished setting power mode 2 on display 4630947043778501763
03-11 11:24:07.669  2300  2300 D RefreshRateSelector: [90:120:0]: mTouchBoostRefreshRateAvailable=0, mScrollBoostRefreshRateAvailable=0, mTouchOnBlankNotBoostRefreshRateAvailable=0
03-11 11:24:07.669  3163  5308 D SurfaceControl: Excessive delay in setPowerMode()
03-11 11:24:07.669  3163  5308 W ServiceManagerCppClient: Failed to get isDeclared for com.motorola.hardware.display.panel.IDisplayPanel/default: Status(-1, EX_SECURITY): 'SELinux denied.'
03-11 11:24:07.669  3163  5308 D DisplayPanelService: Setting panel dc mode: 0
03-11 11:24:07.669  2090  2090 I DisplayPanel: setDcMode: DC mode = OFF
03-11 11:24:07.670  2090  2090 D DisplayPanel: setParam: Success set DC to 0 for Primary display
03-11 11:24:07.672  3163  3229 V WindowManager: Content Recording: Display 1 state was (2), is now (2), so update recording?
03-11 11:24:07.672  3163  3229 D CLI/Transition: displaygroup 1, state ON, pendingdisplaygroup -1
03-11 11:24:07.673  3163  3231 D DisplayManagerService: Ignore redundant display event 1/2 to 10416/7870
03-11 11:24:07.673  2300  2300 I BpBinder: onLastStrongRef automatically unlinking death recipients: 
03-11 11:24:07.673  3163  3231 D DisplayManagerService: Ignore redundant display event 1/2 to 10584/16615
03-11 11:24:07.673  3163  3231 D DisplayManagerService: Ignore redundant display event 1/2 to 10276/28328
03-11 11:24:07.674  3163  5853 E WindowManager: Dream packageName does not match active dream. Package com.motorola.livewallpaper3.prebuilt.vanilla_reflection does not match ComponentInfo{com.android.systemui/com.android.systemui.doze.DozeService}
03-11 11:24:07.674  3163  6975 E WindowManager: Dream packageName does not match active dream. Package com.motorola.mobiledesktop.core does not match ComponentInfo{com.android.systemui/com.android.systemui.doze.DozeService}
03-11 11:24:07.675  3163  8251 E WindowManager: Dream packageName does not match active dream. Package com.motorola.mobiledesktop does not match ComponentInfo{com.android.systemui/com.android.systemui.doze.DozeService}
03-11 11:24:07.676  3163  7471 E WindowManager: Dream packageName does not match active dream. Package com.motorola.motocare does not match ComponentInfo{com.android.systemui/com.android.systemui.doze.DozeService}
03-11 11:24:07.676  3163  7474 E WindowManager: Dream packageName does not match active dream. Package com.google.android.gsf does not match ComponentInfo{com.android.systemui/com.android.systemui.doze.DozeService}
03-11 11:24:07.676  3163  7474 E WindowManager: Dream packageName does not match active dream. Package com.google.android.gms does not match ComponentInfo{com.android.systemui/com.android.systemui.doze.DozeService}
03-11 11:24:07.676  3163  7479 E WindowManager: Dream packageName does not match active dream. Package io.appium.settings does not match ComponentInfo{com.android.systemui/com.android.systemui.doze.DozeService}
03-11 11:24:07.677  3163  7474 E WindowManager: Dream packageName does not match active dream. Package com.autonavi.minimap does not match ComponentInfo{com.android.systemui/com.android.systemui.doze.DozeService}
03-11 11:24:07.677  3163  6974 E WindowManager: Dream packageName does not match active dream. Package com.google.android.inputmethod.latin does not match ComponentInfo{com.android.systemui/com.android.systemui.doze.DozeService}
03-11 11:24:07.677  3163  5853 E WindowManager: Dream packageName does not match active dream. Package com.dolby.daxservice does not match ComponentInfo{com.android.systemui/com.android.systemui.doze.DozeService}
03-11 11:24:07.678  3163  3231 W AccessibilityWindowsPopulator: The displayInfo of this displayId (0) called back from the surface fligner is null
03-11 11:24:07.678  3163  5843 E WindowManager: Dream packageName does not match active dream. Package com.google.android.ext.services does not match ComponentInfo{com.android.systemui/com.android.systemui.doze.DozeService}
03-11 11:24:07.678  3163  3352 D BrightnessThermalClamper: Thermal status observer already started
03-11 11:24:07.678  3163  3352 D BrightnessThermalClamper: Thermal status observer already started
03-11 11:24:07.678  3163  3352 I WindowManager: Display 1 turned on...
03-11 11:24:07.679  3163  3229 D CLI/SmallCLI: onScreenTurnedOn: 
03-11 11:24:07.680  3163  3352 D PowerManagerService: handleSandman ignore 0
03-11 11:24:07.680  3163  3163 I BrightnessSynchronizer: New Update: {[11324] 0.41067958(f), mUpdatedTypes=0, mConfirmedTypes=0, mTimeUpdated=0, mState=2}
03-11 11:24:07.680  3163  6909 E WindowManager: Dream packageName does not match active dream. Package com.motorola.launcher3 does not match ComponentInfo{com.android.systemui/com.android.systemui.doze.DozeService}
03-11 11:24:07.681  5625  5625 I vol.VolumeDialogImpl: dismissH reason = volume_controller mDialog.isShowing(): false
03-11 11:24:07.684  2300  2300 W SurfaceFlinger: couldn't log to binary event log: overflow.
03-11 11:24:07.686  2300  2300 E Scheduler: trackPendingFrame: Invalid present fence
03-11 11:24:07.687  3163  3231 W AccessibilityWindowsPopulator: The displayInfo of this displayId (0) called back from the surface fligner is null
03-11 11:24:07.698  7545  7545 I FileStationLog: [ FS_h$a ] - [Display] Changed display: 1
03-11 11:24:07.701  6344  6344 I WindowController: window interactive state updated to true
03-11 11:24:07.706  3163  4129 E WindowManager: Dream packageName does not match active dream. Package com.motorola.mobiledesktop.core does not match ComponentInfo{com.android.systemui/com.android.systemui.doze.DozeService}
03-11 11:24:07.719  7545  7545 I FileStationLog: [ FS_h$a ] - [Display] Ignoring change for non-default/desktop display: 1
03-11 11:24:07.756  3163  4129 W InputDispatcher: Focused display #1 does not have a focused window.
03-11 11:24:07.757  3163  3231 W AccessibilityWindowsPopulator: The displayInfo of this displayId (0) called back from the surface fligner is null
03-11 11:24:07.757  3163  3231 V WindowManager: Unknown focus tokens, dropping reportFocusChanged
03-11 11:24:07.772  2300  2300 E Scheduler: trackPendingFrame: Invalid present fence
03-11 11:24:07.770  6344  6344 W libc    : Access denied finding property "vendor.display.enable_optimal_refresh_rate"
03-11 11:24:07.772  6344  6344 W libc    : Access denied finding property "vendor.gpp.create_frc_extension"
03-11 11:24:07.787  2300  2300 E Scheduler: trackPendingFrame: Invalid present fence
03-11 11:24:07.821  2300  2300 E Scheduler: trackPendingFrame: Invalid present fence
03-11 11:24:07.840  2300  2300 E Scheduler: trackPendingFrame: Invalid present fence
03-11 11:24:07.845  3163  4298 I ImeTracker: com.motorola.launcher.secondarydisplay:64231446: onRequestHide at ORIGIN_SERVER reason HIDE_UNSPECIFIED_WINDOW fromUser false
03-11 11:24:07.846  3163  4298 I ImeTracker: com.motorola.launcher.secondarydisplay:64231446: onCancelled at PHASE_SERVER_SHOULD_HIDE
03-11 11:24:07.846 10834 10834 I GoogleInputMethodService: GoogleInputMethodService.onFinishInput():2097 
03-11 11:24:07.847 10834 10834 I Module  : DeviceLockedStatusModuleProvider$Module.updateDeviceLockedStatus():103 repeatCheckTimes = 0, locked = false
03-11 11:24:07.847 10834 10834 W SessionManager: SessionManager.endSession():88 Try to end a not begun session [INPUT_SESSION].
03-11 11:24:07.847 10834 10834 I GoogleInputMethodService: GoogleInputMethodService.onDestroy():934 
03-11 11:24:07.848 10834 10834 I GlobeKeyExtension: GlobeKeyExtension.onDestroyExtension():162 
03-11 11:24:07.848 10834 10834 I ModuleManager: ModuleManager$ModuleInitListener.maybeUnloadModuleOnUnavailable():1386 module lvk is unavailable
03-11 11:24:07.848  3163  4298 W InputManager-JNI: Input channel object '6c1441 InputMethod (client)' was disposed without first being removed with the input manager!
03-11 11:24:07.848 10834 10834 I HardKeyTracker: HardKeyTracker.unregisterKeySequence():221 Unregister key sequence nul{labelResId=2132020475, callback=cnx@a93283e, lastModifier=2, keyCodes=[47], actions=[0]}
03-11 11:24:07.848 10834 10834 I ModuleManager: ModuleManager$ModuleInitListener.maybeUnloadModuleOnUnavailable():1386 module eci is unavailable
03-11 11:24:07.848 10834 10834 I ModuleManager: ModuleManager$ModuleInitListener.maybeUnloadModuleOnUnavailable():1386 module hvi is unavailable
03-11 11:24:07.848 10834 10834 I ModuleManager: ModuleManager$ModuleInitListener.maybeUnloadModuleOnUnavailable():1386 module mhz is unavailable
03-11 11:24:07.848 10834 10834 I ModuleManager: ModuleManager$ModuleInitListener.maybeUnloadModuleOnUnavailable():1386 module mia is unavailable
03-11 11:24:07.848 10834 10834 I ModuleManager: ModuleManager$ModuleInitListener.maybeUnloadModuleOnUnavailable():1386 module mib is unavailable
03-11 11:24:07.848 10834 10834 I ModuleManager: ModuleManager$ModuleInitListener.maybeUnloadModuleOnUnavailable():1386 module mic is unavailable
03-11 11:24:07.848 10834 10834 I ModuleManager: ModuleManager$ModuleInitListener.maybeUnloadModuleOnUnavailable():1386 module mie is unavailable
03-11 11:24:07.848 10834 10834 I ModuleManager: ModuleManager$ModuleInitListener.maybeUnloadModuleOnUnavailable():1386 module mii is unavailable
03-11 11:24:07.848 10834 10834 I ModuleManager: ModuleManager$ModuleInitListener.maybeUnloadModuleOnUnavailable():1386 module mtq is unavailable
03-11 11:24:07.848 10834 10834 I HardKeyTracker: HardKeyTracker.unregisterKeySequence():221 Unregister key sequence nul{labelResId=0, callback=lkj@8e323b5, lastModifier=0, keyCodes=[204], actions=[0]}
03-11 11:24:07.849 10834 10834 I ModuleManager: ModuleManager$ModuleInitListener.maybeUnloadModuleOnUnavailable():1386 module mts is unavailable
03-11 11:24:07.849 10834 10834 I ModuleManager: ModuleManager$ModuleInitListener.maybeUnloadModuleOnUnavailable():1386 module nyc is unavailable
03-11 11:24:07.849 10834 10834 I ModuleManager: ModuleManager$ModuleInitListener.maybeUnloadModuleOnUnavailable():1386 module ljh is unavailable
03-11 11:24:07.850 10834 10834 I ModuleManager: ModuleManager$ModuleInitListener.maybeUnloadModuleOnUnavailable():1386 module ewi is unavailable
03-11 11:24:07.850 10834 10834 I ModuleManager: ModuleManager$ModuleInitListener.maybeUnloadModuleOnUnavailable():1386 module fol is unavailable
03-11 11:24:07.851 10834 10834 I ModuleManager: ModuleManager$ModuleInitListener.maybeUnloadModuleOnUnavailable():1386 module fub is unavailable
03-11 11:24:07.851 10834 10834 I ModuleManager: ModuleManager$ModuleInitListener.maybeUnloadModuleOnUnavailable():1386 module fvu is unavailable
03-11 11:24:07.851 10834 10834 I ModuleManager: ModuleManager$ModuleInitListener.maybeUnloadModuleOnUnavailable():1386 module gfa is unavailable
03-11 11:24:07.851 10834 10834 I ModuleManager: ModuleManager$ModuleInitListener.maybeUnloadModuleOnUnavailable():1386 module ggo is unavailable
