03-10 18:32:45.235  9623  9625 E ThermalEngine: verify_tmd_device: Device:modem_lte_sub1_dsc available. max:255
03-10 18:32:45.235  9623  9627 E ThermalEngine: verify_tmd_device: Device:cpuv_restriction_cold available. max:1
03-10 18:32:45.235  9623  9627 E ThermalEngine: devices_manager_add_dev: Device:cpuv_restriction_cold already exists
03-10 18:32:45.235  9623  9627 I ThermalEngine: ADSP thermal mitigation available.
03-10 18:32:45.237  2061  2108 E minksocket: MinkIPC_QRTR_Service: client with node 1 port 40b1 went down
03-10 18:32:45.237  9623  9625 E ThermalEngine: verify_tmd_device: Device:modem_nr_dsc available. max:255
03-10 18:32:45.237  2195  2586 I SDM     : DisplayBase::SetDisplayState: Set state = 0, display 57-0, teardown = 0
03-10 18:32:45.237  9623  9625 E ThermalEngine: verify_tmd_device: Device:modem_nr_sub1_dsc available. max:255
03-10 18:32:45.238  9623  9625 E ThermalEngine: verify_tmd_device: Device:modem_nr_scg_dsc available. max:255
03-10 18:32:45.238  2195  2586 I SDM     : DRMPanelFeatureMgr::MarkForNullCommit: Marked 7 for null commit
03-10 18:32:45.239  2195  2586 I SDM     : HWDeviceDRM::NullCommit: Null commit succeeded crtc=141
03-10 18:32:45.239  2061  2108 E minksocket: MinkIPC_QRTR_Service: client with node 1 port 40b2 went down
03-10 18:32:45.239  2064  2064 I sensors-hal: batch:206, android.sensor.light/51, period=200000000, max_latency=0
03-10 18:32:45.239  2064  2064 I sensors-hal: set_config:61, no need to adjust sample_period_ns due to reporting_mode = 2
03-10 18:32:45.239  2064  2064 I sensors-hal: batch:215, android.sensor.light/51, period=200000000, max_latency=0 request completed
03-10 18:32:45.239  9623  9625 E ThermalEngine: verify_tmd_device: Device:modem_nr_scg_sub1_dsc available. max:255
03-10 18:32:45.241  2061  2108 E minksocket: MinkIPC_QRTR_Service: client with node 1 port 40b3 went down
03-10 18:32:45.242  9623  9625 E ThermalEngine: verify_tmd_device: Device:sdr0_lte_dsc available. max:255
03-10 18:32:45.242  9623  9625 E ThermalEngine: verify_tmd_device: Device:sdr1_lte_dsc available. max:255
03-10 18:32:45.243  9623  9625 E ThermalEngine: verify_tmd_device: Device:sdr0_nr_dsc available. max:255
03-10 18:32:45.243  2061  2108 E minksocket: MinkIPC_QRTR_Service: client with node 1 port 40b4 went down
03-10 18:32:45.243  3163  3227 D TouchHwAidlService: updateDefaultDisplayState: mScreenOn=false
03-10 18:32:45.244  2067 13117 D AHAL: AudioDevice: SetParameters: 1564: enter: screen_state=off
03-10 18:32:45.244  2067 13117 D AHAL: AudioVoice: VoiceSetParameters: 87: Enter params: screen_state=off
03-10 18:32:45.244  2067 13117 D AHAL: AudioVoice: VoiceSetParameters: 360: Exit ret: 0
03-10 18:32:45.244  2067 13117 D AHAL: FM: fm_set_parameters: 262: Enter
03-10 18:32:45.244  2067 13117 D AHAL: FM: fm_set_parameters: 320: exit
03-10 18:32:45.244  2067 13117 D AHAL: AudioDevice: SetParameters: 1628:  - screen = off
03-10 18:32:45.244  2067 13117 I PAL: ResourceManager: setParameter: 8311: Screen State:0
03-10 18:32:45.244  2067 13117 D AHAL: AudioDevice: SetParameters: 2361: exit: screen_state=off
03-10 18:32:45.244  9623  9625 E ThermalEngine: verify_tmd_device: Device:sdr1_nr_dsc available. max:255
03-10 18:32:45.245  9623  9625 E ThermalEngine: verify_tmd_device: Device:pa_lte_sdr0_dsc available. max:255
03-10 18:32:45.245  9623  9625 E ThermalEngine: verify_tmd_device: Device:pa_lte_sdr1_dsc available. max:255
03-10 18:32:45.245  2061  2108 E minksocket: MinkIPC_QRTR_Service: client with node 1 port 40b5 went down
03-10 18:32:45.246  9623  9628 E ThermalEngine: verify_tmd_device: Device:cpuv_restriction_cold available. max:1
03-10 18:32:45.246  9623  9628 E ThermalEngine: devices_manager_add_dev: Device:cpuv_restriction_cold already exists
03-10 18:32:45.247  9623  9625 E ThermalEngine: verify_tmd_device: Device:pa_lte_sdr0_sub1_dsc available. max:255
03-10 18:32:45.247  9623  9625 E ThermalEngine: verify_tmd_device: Device:pa_lte_sdr1_sub1_dsc available. max:255
03-10 18:32:45.247  9623  9625 E ThermalEngine: verify_tmd_device: Device:pa_nr_sdr0_dsc available. max:255
03-10 18:32:45.247 10834 10834 I PkDeviceHelper: PkDeviceHelper.refreshDevices():93 refreshing devices
03-10 18:32:45.248  9623  9628 E ThermalEngine: verify_tmd_device: Device:cdsp_hw available. max:1
03-10 18:32:45.248  5658 18434 I bt_shim_scanner: system/main/shim/le_scanning_manager.cc:179 Unregister: in shim layer, scannerId=1
03-10 18:32:45.248  5658  6105 I bt_shim_scanner: system/main/shim/le_scanning_manager.cc:185 Scan: in shim layer stopped
03-10 18:32:45.248  5658  5907 I bluetooth: system/gd/hci/le_address_manager.cc:244 unregister_client: Client unregistered
03-10 18:32:45.249  5658  5907 I bluetooth: system/gd/hci/le_address_manager.cc:248 unregister_client: Cancelled address rotation alarm
03-10 18:32:45.249  9623  9628 E ThermalEngine: verify_tmd_device: Device:cdsp_sw available. max:6
03-10 18:32:45.249  9623  9628 I ThermalEngine: CDSP thermal mitigation available.
03-10 18:32:45.249  2068  2068 D vendor.qti.bluetooth@1.0-ibs_handler: SerialClockVote: vote for UART CLK ON
03-10 18:32:45.249  9623  9625 E ThermalEngine: verify_tmd_device: Device:pa_nr_sdr1_dsc available. max:255
03-10 18:32:45.249  5658  6105 I bt_shim_scanner: system/main/shim/le_scanning_manager.cc:220 ScanFilterParamSetup: in shim layer, clientIf=1
03-10 18:32:45.249  9623  9625 E ThermalEngine: verify_tmd_device: Device:pa_nr_sdr0_sub1_dsc available. max:255
03-10 18:32:45.249  2068  2068 D vendor.qti.bluetooth@1.0-wake_lock: Acquire wakelock is acquired 
03-10 18:32:45.249  2068  2068 I vendor.qti.bluetooth@1.0-ibs_handler: DeviceWakeUp: Writing IBS_WAKE_IND
03-10 18:32:45.250  9623  9625 E ThermalEngine: verify_tmd_device: Device:pa_nr_sdr1_sub1_dsc available. max:255
03-10 18:32:45.250  5658  6105 I bt_shim_scanner: system/main/shim/le_scanning_manager.cc:220 ScanFilterParamSetup: in shim layer, clientIf=1
03-10 18:32:45.252  9623  9625 E ThermalEngine: verify_tmd_device: Device:pa_nr_sdr0_scg_dsc available. max:255
03-10 18:32:45.252  9623  9625 E ThermalEngine: verify_tmd_device: Device:pa_nr_sdr1_scg_dsc available. max:255
03-10 18:32:45.254  9623  9625 E ThermalEngine: verify_tmd_device: Device:mmw0_dsc available. max:255
03-10 18:32:45.254  9623  9625 E ThermalEngine: verify_tmd_device: Device:mmw0_sub1_dsc available. max:255
03-10 18:32:45.255  2068  6060 I vendor.qti.bluetooth@1.0-ibs_handler: ProcessIbsCmd: Received IBS_WAKE_ACK: 0xFC
03-10 18:32:45.255  2068  6060 I vendor.qti.bluetooth@1.0-ibs_handler: ProcessIbsCmd: Signal wack_cond_
03-10 18:32:45.255  2068  2068 D vendor.qti.bluetooth@1.0-ibs_handler: DeviceWakeUp: Unblocked from waiting for FC, pthread_cond_timedwait ret = 0
03-10 18:32:45.256  2068  6060 I vendor.qti.bluetooth@1.0-ibs_handler: ProcessIbsCmd: Received IBS_WAKE_IND: 0xFD
03-10 18:32:45.256  2068  6060 I vendor.qti.bluetooth@1.0-ibs_handler: ProcessIbsCmd: Writing IBS_WAKE_ACK
03-10 18:32:45.257  9623  9625 E ThermalEngine: verify_tmd_device: Device:mmw1_dsc available. max:255
03-10 18:32:45.232  9623  9623 W thermal-engine-: type=1400 audit(0.0:1293042): avc:  denied  { read } for  scontext=u:r:vendor_thermal-engine:s0 tcontext=u:r:kernel:s0 tclass=file permissive=0
03-10 18:32:45.232  9623  9623 W thermal-engine-: type=1400 audit(0.0:1293043): avc:  denied  { read } for  scontext=u:r:vendor_thermal-engine:s0 tcontext=u:r:kernel:s0 tclass=file permissive=0
03-10 18:32:45.232  9623  9623 W thermal-engine-: type=1400 audit(0.0:1293044): avc:  denied  { read } for  scontext=u:r:vendor_thermal-engine:s0 tcontext=u:r:kernel:s0 tclass=file permissive=0
03-10 18:32:45.259  9623  9625 E ThermalEngine: verify_tmd_device: Device:mmw1_sub1_dsc available. max:255
03-10 18:32:45.259  9623  9625 E ThermalEngine: verify_tmd_device: Device:mmw2_dsc available. max:255
03-10 18:32:45.259  9623  9625 E ThermalEngine: verify_tmd_device: Device:mmw2_sub1_dsc available. max:255
03-10 18:32:45.260  9623  9623 I ThermalEngine: Found /system/bin/installd, file: 2737
03-10 18:32:45.260  9623  9623 E ThermalEngine: tmd_init_battery_data: type 0 
03-10 18:32:45.260  9623  9623 E ThermalEngine: tmd_init_battery_data: Unknown type: 0
03-10 18:32:45.260  9623  9623 E ThermalEngine: tmd_init_battery_data: type 1 
03-10 18:32:45.261  9623  9625 E ThermalEngine: verify_tmd_device: Device:mmw3_dsc available. max:255
03-10 18:32:45.262  9623  9623 E ThermalEngine: tmd_init_battery_data: type 2 
03-10 18:32:45.262  9623  9625 E ThermalEngine: verify_tmd_device: Device:mmw3_sub1_dsc available. max:255
03-10 18:32:45.262 18543 18708 E msys    : E[N mns]_LogError(228)=>Failed to resolve using system DNS resolver, getaddrinfo(): No address associated with hostname
03-10 18:32:45.263  5625  5625 D CentralSurfaces: !shouldBeKeyguard mStatusBarStateController.isKeyguardRequested() false keyguardForDozing false wakeAndUnlocking false isWakingAndOccluded false
03-10 18:32:45.263  9623  9625 E ThermalEngine: verify_tmd_device: Device:mmw_ific_dsc available. max:255
03-10 18:32:45.263  5625  5625 D CentralSurfaces: hideKeyguardImpl false
03-10 18:32:45.264  9623  9625 E ThermalEngine: verify_tmd_device: Device:mmw_ific_sub1_dsc available. max:255
03-10 18:32:45.264  9623  9625 E ThermalEngine: verify_tmd_device: Device:wlan available. max:4
03-10 18:32:45.266  9623  9625 E ThermalEngine: verify_tmd_device: Device:wlan_bw available. max:1
03-10 18:32:45.266  9623  9625 E ThermalEngine: verify_tmd_device: Device:modem_bw_backoff available. max:255
03-10 18:32:45.268  5993 21819 I NearbySharing: Screen is locked
03-10 18:32:45.268  5993 21819 I NearbySharing: Stopping scanning because the screen is locked.
03-10 18:32:45.268  9623  9625 E ThermalEngine: verify_tmd_device: Device:cpr_cold available. max:3
03-10 18:32:45.268  9623  9625 I ThermalEngine: MODEM thermal mitigation available.
03-10 18:32:45.269  5993 21819 I NearbySharing: Stopping Fast Init advertisement because we're not scanning in the foreground.
03-10 18:32:45.270  5993 21819 I NearbySharing: Stopping advertising because Nearby Sharing is disabled.
03-10 18:32:45.270  5993 21819 I NearbySharing: Stopping FastInitiation scanning because the screen is locked.
03-10 18:32:45.271  3163  3231 W AccessibilityWindowsPopulator: The displayInfo of this displayId (0) called back from the surface fligner is null
03-10 18:32:45.271  5993 21819 I NearbySharing: Fast Initiation Scanning has stopped
03-10 18:32:45.272  9623  9623 E ThermalEngine: tmd_init_battery_data: type 3 
03-10 18:32:45.272  9623  9623 E ThermalEngine: tmd_init_battery_data: Unknown type: 3
03-10 18:32:45.272  9623  9623 E ThermalEngine: tmd_init_battery_data: type 4 
03-10 18:32:45.272  9623  9623 E ThermalEngine: tmd_init_battery_data: Unknown type: 4
03-10 18:32:45.272  9623  9623 E ThermalEngine: Failed to reading /sys/class/leds/lcd-backlight/max_brightness
03-10 18:32:45.272  9623  9623 E ThermalEngine: Switch to /sys/class/backlight/panel0-backlight/max_brightness successfully
03-10 18:32:45.272  5993 21819 I NearbySharing: Dismissing HUN as there's no device nearby.
03-10 18:32:45.275  7545  7545 I FileStationLog: [ FS_h$a ] - [Display] Changed display: 0
03-10 18:32:45.276  7545  7545 I FileStationLog: [ FS_h ] - [Logic] Retrieved display info: LogicDisplayInfo(width=1080, height=2640, orientation=1, rotation=0, displayId=0)
03-10 18:32:45.276  7545  7545 I FileStationLog: [ FS_h$a ] - [Display] New logical size: 1080x2640
03-10 18:32:45.276  9623  9623 E ThermalEngine: parse_cooling_devices: Added cooling device: display-fps with cdev id:31
03-10 18:32:45.276  7545  7545 I FileStationLog: [ FS_h$a ] - [Display] Screen width unchanged: 1080
03-10 18:32:45.276  9623  9623 E ThermalEngine: parse_cooling_devices: Added cooling device: cpu-hotplug3 with cdev id:21
03-10 18:32:45.276  9623  9623 E ThermalEngine: parse_cooling_devices: Added cooling device: pause-cpu3 with cdev id:11
03-10 18:32:45.277  9623  9623 E ThermalEngine: parse_cooling_devices: Added cooling device: mmw0_dsc_kr with cdev id:58
03-10 18:32:45.277  9623  9623 E ThermalEngine: parse_cooling_devices: Added cooling device: sdr0_lte_dsc_kr with cdev id:48
03-10 18:32:45.277  9623  9623 E ThermalEngine: parse_cooling_devices: Added cooling device: panel0-backlight with cdev id:38
03-10 18:32:45.277  9623  9623 E ThermalEngine: parse_cooling_devices: Added cooling device: pause-cpu7 with cdev id:8
03-10 18:32:45.277  9623  9623 E ThermalEngine: parse_cooling_devices: Added cooling device: ufs with cdev id:28
03-10 18:32:45.277  9623  9623 E ThermalEngine: parse_cooling_devices: Added cooling device: pa_nr_sdr0_scg_kr with cdev id:56
03-10 18:32:45.278  9623  9623 E ThermalEngine: parse_cooling_devices: Added cooling device: cpu-hotplug0 with cdev id:18
03-10 18:32:45.278  9623  9623 E ThermalEngine: parse_cooling_devices: Added cooling device: pa_nr_sdr0_dsc_kr with cdev id:54
03-10 18:32:45.278  9623  9623 E ThermalEngine: parse_cooling_devices: Added cooling device: modem_vdd with cdev id:44
03-10 18:32:45.278 26976 27604 D MCLOG   : [BrightnessAction] Data:bri_level_et=111921179 bri_level=br1, update status: success
03-10 18:32:45.278  9623  9623 E ThermalEngine: parse_cooling_devices: Added cooling device: mmw_ific_dsc_kr with cdev id:62
03-10 18:32:45.278  9623  9623 E ThermalEngine: parse_cooling_devices: Added cooling device: pause-cpu5 with cdev id:4
03-10 18:32:45.279  9623  9623 E ThermalEngine: parse_cooling_devices: Added cooling device: cpu-hotplug7 with cdev id:24
03-10 18:32:45.279  9623  9623 E ThermalEngine: parse_cooling_devices: Added cooling device: pa_lte_sdr0_dsc_kr with cdev id:52
03-10 18:32:45.279  9623  9623 E ThermalEngine: parse_cooling_devices: Added cooling device: mmw2_dsc_kr with cdev id:60
03-10 18:32:45.279  9623  9623 E ThermalEngine: parse_cooling_devices: Added cooling device: pause-cpu0 with cdev id:2
03-10 18:32:45.279  9623  9623 E ThermalEngine: parse_cooling_devices: Added cooling device: cpu-hotplug5 with cdev id:22
03-10 18:32:45.279  9623  9623 E ThermalEngine: parse_cooling_devices: Added cooling device: sdr0_nr_dsc_kr with cdev id:50
03-10 18:32:45.280  9623  9623 E ThermalEngine: parse_cooling_devices: Added cooling device: pause-cpu6 with cdev id:12
03-10 18:32:45.280  9623  9623 E ThermalEngine: parse_cooling_devices: Added cooling device: mmw1_dsc_kr with cdev id:59
03-10 18:32:45.280  9623  9623 E ThermalEngine: parse_cooling_devices: Added cooling device: pause-cpu1 with cdev id:0
03-10 18:32:45.280  9623  9623 E ThermalEngine: parse_cooling_devices: Added cooling device: cpu-hotplug2 with cdev id:20
03-10 18:32:45.280  9623  9623 E ThermalEngine: parse_cooling_devices: Added cooling device: sdr1_lte_dsc_kr with cdev id:49
03-10 18:32:45.281  9623  9623 E ThermalEngine: parse_cooling_devices: Added cooling device: panel1-backlight with cdev id:39
03-10 18:32:45.281  9623  9623 E ThermalEngine: parse_cooling_devices: Added cooling device: pause-cpu2 with cdev id:9
03-10 18:32:45.281  9623  9623 E ThermalEngine: parse_cooling_devices: Added cooling device: pa_nr_sdr1_scg_kr with cdev id:57
03-10 18:32:45.281  9623  9623 E ThermalEngine: parse_cooling_devices: Added cooling device: cpu-hotplug1 with cdev id:19
03-10 18:32:45.281  9623  9623 E ThermalEngine: parse_cooling_devices: Added cooling device: pa_nr_sdr1_dsc_kr with cdev id:55
03-10 18:32:45.282  9623  9623 E ThermalEngine: parse_cooling_devices: Added cooling device: thermal-cpufreq-0 with cdev id:25
03-10 18:32:45.282  9623  9623 E ThermalEngine: parse_cooling_devices: Added cooling device: pa_lte_sdr1_dsc_kr with cdev id:53
03-10 18:32:45.282  9623  9623 E ThermalEngine: parse_cooling_devices: Added cooling device: wsa with cdev id:43
03-10 18:32:45.282  9623  9623 E ThermalEngine: parse_cooling_devices: Added cooling device: mmw3_dsc_kr with cdev id:61
03-10 18:32:45.282  9623  9623 E ThermalEngine: parse_cooling_devices: Added cooling device: cpu-hotplug6 with cdev id:23
03-10 18:32:45.283  9623  9623 E ThermalEngine: parse_cooling_devices: Added cooling device: sdr1_nr_dsc_kr with cdev id:51
03-10 18:32:45.283  9623  9623 I ThermalEngine: sensors_manager_init: Init
03-10 18:32:45.283  9623  9623 E ThermalEngine: Event ID:3 Sampling ID:2
03-10 18:32:45.290  3163  3231 I ImeTracker: system_server:cf20824a: onRequestHide at ORIGIN_SERVER reason HIDE_WHEN_INPUT_TARGET_INVISIBLE fromUser false
03-10 18:32:45.290  3163  3231 I ImeTracker: system_server:cf20824a: onCancelled at PHASE_SERVER_SHOULD_HIDE
03-10 18:32:45.294  5625  5920 D Tile.ScreenshotTile: update state
03-10 18:32:45.301  8675  8675 D VRI[PopupWindow:c65726f]: visibilityChanged oldVisibility=true newVisibility=false
03-10 18:32:45.302  8675  8675 D VRI[ContainerActivity]: visibilityChanged oldVisibility=true newVisibility=false
03-10 18:32:45.304  2068  6060 I vendor.qti.bluetooth@1.0-ibs_handler: ProcessIbsCmd: Received IBS_SLEEP_IND: 0xFE
03-10 18:32:45.328  3163  5235 E MotoSxfService: ModeUsage or ActivityState is null.
03-10 18:32:45.335  2163  2163 D SENSOREXT_ALS_COMP: FrontLight: no calculate, ReportLux 0.00, dbv 0
03-10 18:32:45.336  2064  4171 D slpi-TCS3720: ALS_REPORT lux 0.000000, ch0 0.000000-0.000000-0.000000-0.000000, scale 1.1878, fps 90, client 1
03-10 18:32:45.336  2064  4171 D slpi-TCS3720: PRX_OC info Far, Total 0, pdata 0, offset 0 step 0.63, ore 0:0 step 21.00, TH_H 1020, TH_L 0, client 0
03-10 18:32:45.337  2064  2064 I sensors-hal: batch:206, android.sensor.accelerometer/11, period=66667000, max_latency=0
03-10 18:32:45.337  2064  2064 I sensors-hal: set_config:57, sample_period_ns is adjusted to 66667000 based on min/max delay_ns
03-10 18:32:45.337  2064  2064 I sensors-hal: batch:215, android.sensor.accelerometer/11, period=66667000, max_latency=0 request completed
03-10 18:32:45.346  2064  2064 I sensors-hal: activate:173, android.sensor.magnetic_field/21 en=0
03-10 18:32:45.347  2061  2108 E minksocket: MinkIPC_QRTR_Service: client with node 1 port 4091 went down
03-10 18:32:45.348  2061  2108 E minksocket: MinkIPC_QRTR_Service: client with node 1 port 408b went down
03-10 18:32:45.348  2064  2064 I sensors-hal: activate:184, android.sensor.magnetic_field/21 en=0 completed
03-10 18:32:45.349  2064  2064 I sensors-hal: activate:173, android.sensor.light/51 en=0
03-10 18:32:45.350  2064  2064 I sensors-hal: activate:184, android.sensor.light/51 en=0 completed
03-10 18:32:45.350  2061  2108 E minksocket: MinkIPC_QRTR_Service: client with node 1 port 7feb went down
03-10 18:32:45.351  2064  2064 I sensors-hal: activate:173, android.sensor.pressure/61 en=0
03-10 18:32:45.352  2064  2064 I sensors-hal: activate:184, android.sensor.pressure/61 en=0 completed
03-10 18:32:45.352  2061  2108 E minksocket: MinkIPC_QRTR_Service: client with node 1 port 409b went down
03-10 18:32:45.353  2064  2064 I sensors-hal: activate:173, android.sensor.gravity/91 en=0
03-10 18:32:45.354  2064  2064 I sensors-hal: activate:184, android.sensor.gravity/91 en=0 completed
03-10 18:32:45.355  2061  2108 E minksocket: MinkIPC_QRTR_Service: client with node 1 port 4096 went down
03-10 18:32:45.357  8675  8675 D AutofillManager: view not autofillable - not passing ime action check
03-10 18:32:45.363  3163  4129 I ActivityManager: appDiedLocked: app=ProcessRecord{37292a7 31071:com.contextlogic.wish/u0a500} thread=android.os.BinderProxy@4d3399b fromBinderDied=true isKilledByAm=true reason=null
03-10 18:32:45.364  1905  1905 I Zygote  : Process 31071 exited due to signal 9 (Killed)
03-10 18:32:45.364  3163  3329 I libprocessgroup: Removed cgroup /sys/fs/cgroup/uid_10500/pid_31071
03-10 18:32:45.375  3163  4129 D RestartModeController: markWaitRestartAppIsSuicided null processName=com.contextlogic.wish
03-10 18:32:45.376  3163  4129 D ActivityTaskManager: handleAppDied: uid=10500,diedCount=1,lastDiedTime=15200199,forceStopUids=false
03-10 18:32:45.377  3163  3329 W libprocessgroup: RemoveCgroup: /dev/memcg/apps/uid_10500/pid_31071 does not exist.
03-10 18:32:45.382  3163  3229 D DisplayManagerService: Drop pending events for gone uid 10500
03-10 18:32:45.384  8675  8675 D AutofillManager: view not autofillable - not passing ime action check
03-10 18:32:45.386  2195  2586 I SDM     : DisplayBase::SetDisplayState: active 0-0 state 0-0 pending_power_state_ 0
03-10 18:32:45.387  2214  2254 W ANDR-PERF-LM: FeatureState: readState() 151: warning: appName is NULL, returning default State
03-10 18:32:45.387  2214  2254 W ANDR-PERF-LM: FeatureState: readState() 151: warning: appName is NULL, returning default State
03-10 18:32:45.387  2214  2254 W ANDR-PERF-LM: FeatureState: readState() 151: warning: appName is NULL, returning default State
03-10 18:32:45.387  2300  2300 D SurfaceFlinger: Finished setting power mode 0 on display 4630947043778501762
03-10 18:32:45.388  3163  5305 D SurfaceControl: Excessive delay in setPowerMode()
03-10 18:32:45.388  3163  5305 D PowerManagerService: nativeSetPowerMode ret:false mode:9 enabled:true duration ms: 0
03-10 18:32:45.390  3163  3231 D DisplayManagerService: Ignore redundant display event 0/2 to 10511/1318
03-10 18:32:45.390  3163  3231 D DisplayManagerService: Ignore redundant display event 0/2 to 10589/1319
03-10 18:32:45.390  3163  3231 D DisplayManagerService: Ignore redundant display event 0/2 to 10587/1342
03-10 18:32:45.390  3163  3231 D DisplayManagerService: Ignore redundant display event 0/2 to 10501/1705
03-10 18:32:45.391  2067 13117 D AHAL: AudioDevice: SetParameters: 1564: enter: screen_state=off
03-10 18:32:45.391  2067 13117 D AHAL: AudioVoice: VoiceSetParameters: 87: Enter params: screen_state=off
03-10 18:32:45.391  2067 13117 D AHAL: AudioVoice: VoiceSetParameters: 360: Exit ret: 0
03-10 18:32:45.391  2067 13117 D AHAL: FM: fm_set_parameters: 262: Enter
03-10 18:32:45.391  2067 13117 D AHAL: FM: fm_set_parameters: 320: exit
03-10 18:32:45.391  2067 13117 D AHAL: AudioDevice: SetParameters: 1628:  - screen = off
03-10 18:32:45.391  2067 13117 I PAL: ResourceManager: setParameter: 8311: Screen State:0
03-10 18:32:45.391  2067 13117 D AHAL: AudioDevice: SetParameters: 2361: exit: screen_state=off
03-10 18:32:45.392  3163  3231 D DisplayManagerService: Ignore redundant display event 0/2 to 10416/11416
03-10 18:32:45.392  3163  3231 D DisplayManagerService: Ignore redundant display event 0/2 to 10303/16887
03-10 18:32:45.392  6942  8583 D ForegroundUtils: UID: 10500 deleted.
03-10 18:32:45.392  3163  3231 D DisplayManagerService: Ignore redundant display event 0/2 to 10608/18543
03-10 18:32:45.392  3163  3231 D DisplayManagerService: Ignore redundant display event 0/2 to 10276/22523
03-10 18:32:45.394 23146 23146 D BoundBrokerSvc: onUnbind: Intent { act=com.google.android.gms.recaptcha.service.START pkg=com.google.android.gms }
03-10 18:32:45.395  2078  2078 I QTI PowerHAL: Power setMode: 7 to: 0
03-10 18:32:45.395  2078  2078 I QTI PowerHAL: Got set_interactive hint
03-10 18:32:45.395  2078  2078 I QTI PowerHAL: Got set_interactive hint on= 0, count= 1062
03-10 18:32:45.396  3163  3352 D PowerManagerService: nativeSetPowerMode ret:true mode:7 enabled:false duration ms: 1
03-10 18:32:45.396  3163  3352 D BrightnessThermalClamper: Thermal status observer already started
03-10 18:32:45.397  3163  3352 I DreamManagerService: Entering dreamland. callers=com.android.server.dreams.DreamManagerService.startDreamInternal:531 com.android.server.dreams.DreamManagerService.-$$Nest$mstartDreamInternal:0 com.android.server.dreams.DreamManagerService$LocalService.startDream:1246 com.android.server.power.PowerManagerService.handleSandman:4199 com.android.server.power.PowerManagerService.-$$Nest$mhandleSandman:0 
03-10 18:32:45.397 26976 27604 D MCLOG   : [BrightnessTrigger] onDisplayChanged displayId = 0
03-10 18:32:45.397  3163  3352 D PowerManagerService: nativeReleaseSuspendBlocker name:PowerManagerService.Display duration ms: 0
03-10 18:32:45.401  3163  3352 D PowerManagerService: nativeSetAutoSuspend enable:true duration ms: 4
03-10 18:32:45.402  3163  3163 I BrightnessSynchronizer: New Update: {[9118] 0.23587148(f), mUpdatedTypes=0, mConfirmedTypes=0, mTimeUpdated=0, mState=2}
03-10 18:32:45.402  3163  3229 D CLI/Transition: displaygroup 0, state OFF, pendingdisplaygroup -1
03-10 18:32:45.403  3163  3352 I PowerManagerService: Dozing... groupId=1
03-10 18:32:45.403  3163  3352 D PowerManagerService: handleSandman ignore 0
03-10 18:32:45.405  8675  8798 D Surface : Surface::disconnect
03-10 18:32:45.405  8675  8798 D BufferQueueProducer: [com.einnovation.temu/com.baogong.activity.ContainerActivity#67126(BLAST Consumer)pid:8675](id:21e300000001,api:1,p:8675,c:8675) disconnect: api 1
03-10 18:32:45.406 26976 27604 D MCLOG   : [BrightnessManager] displayId = 0 brightness = 0.23587148 nit = 40.591324 level = br1
03-10 18:32:45.408  3163  7479 E WindowManager: Dream packageName does not match active dream. Package com.motorola.mobiledesktop does not match ComponentInfo{com.android.systemui/com.android.systemui.doze.DozeService}
03-10 18:32:45.409  2300  2300 E Scheduler: trackPendingFrame: Invalid present fence
03-10 18:32:45.409  3163  3227 I DreamController: Starting dream: name=ComponentInfo{com.android.systemui/com.android.systemui.doze.DozeService}, isPreviewMode=false, canDoze=true, userId=0, reason='power manager request', mCurrentDreamStartTime=111865485, isFirstTimeDream=false
03-10 18:32:45.411  5625  5625 I vol.VolumeDialogImpl: mDialog.dismiss() reason: volume_controller from: com.android.systemui.volume.VolumeDialogImpl$10.onDismissRequested:3 displayId: 0 mShowing: false mIsAnimatingDismiss: false
03-10 18:32:45.412  3163  7479 E WindowManager: Dream packageName does not match active dream. Package com.motorola.mobiledesktop does not match ComponentInfo{com.android.systemui/com.android.systemui.doze.DozeService}
03-10 18:32:45.413  5625  5625 V DreamService[DozeService]: onCreate()
03-10 18:32:45.414  7545  7545 I FileStationLog: [ FS_h$a ] - [Display] Changed display: 0
03-10 18:32:45.414  7545  7545 I FileStationLog: [ FS_h ] - [Logic] Retrieved display info: LogicDisplayInfo(width=1080, height=2640, orientation=1, rotation=0, displayId=0)
03-10 18:32:45.414  7545  7545 I FileStationLog: [ FS_h$a ] - [Display] New logical size: 1080x2640
03-10 18:32:45.414  7545  7545 I FileStationLog: [ FS_h$a ] - [Display] Screen width unchanged: 1080
03-10 18:32:45.415  5625  5625 I MotoDozeSensor: Tap to wake up enable: true
03-10 18:32:45.415  5625  5625 D DozeTriggers: shouldregisterTapSensor:  zeroTapEnabled=false
03-10 18:32:45.416  5625  5625 E MotoDozeSensorTypeBuilder: This sensor type(25) is not supported.
03-10 18:32:45.416  5625  5625 E MotoDozeSensorTypeBuilder: This sensor type(65596) is not supported.
03-10 18:32:45.416  5625  5625 V DreamService[DozeService]: onBind() intent = Intent { act=android.service.dreams.DreamService flg=0x800000 cmp=com.android.systemui/.doze.DozeService (has extras) }
03-10 18:32:45.418  3163  3163 I DreamController: onServiceConnected: name=ComponentInfo{com.android.systemui/com.android.systemui.doze.DozeService}, service=android.os.BinderProxy@891c402
03-10 18:32:45.419  3163  3227 I DreamController: onServiceConnected to attach: name=ComponentInfo{com.android.systemui/com.android.systemui.doze.DozeService}
03-10 18:32:45.424  5625 20429 I DreamService: DreamServiceWrapper attach: dreamToken=android.os.BinderProxy@2dbd8d5, canDoze=true
03-10 18:32:45.424  5625  5625 I DreamService[DozeService]: attach() called: dreamToken=android.os.BinderProxy@2dbd8d5, canDoze=true mWindow=null mWindowless=true
03-10 18:32:45.424  5625  5625 V DreamService[DozeService]: onDreamingStarted()
03-10 18:32:45.426  3163  3352 D PowerManagerService: handleSandman ignore 0
03-10 18:32:45.428  2064  2064 I sensors-hal: batch:206, com.motorola.sensor.ltv/65738, period=1000000, max_latency=0
03-10 18:32:45.428  5625  5625 D SbStateController: setState: requested state KEYGUARD!= upcomingState: SHADE. This usually means the status bar state transition was interrupted before the upcoming state could be applied.
03-10 18:32:45.428  2064  2064 I sensors-hal: set_config:57, sample_period_ns is adjusted to 0 based on min/max delay_ns
03-10 18:32:45.428  2064  2064 I sensors-hal: batch:215, com.motorola.sensor.ltv/65738, period=1000000, max_latency=0 request completed
03-10 18:32:45.428  2064  2064 I sensors-hal: activate:173, com.motorola.sensor.ltv/65738 en=1
03-10 18:32:45.429  2064  2064 I sensors-hal: get_qmi_debug_flag:239, support_qmi_debug : false
03-10 18:32:45.430  2061  2108 E minksocket: MinkIPC_QRTR_Service: client with node 1 port 40b7 went down
03-10 18:32:45.430  2061  2108 E minksocket: MinkIPC_QRTR_Service: client with node 1 port 40b8 went down
03-10 18:32:45.431  8675  8798 D Surface : Surface::disconnect
03-10 18:32:45.431  2064  2064 E Diag_Lib: diag: Diag_LSM_Init: invoked for pid: 2064 with init_count: 0
03-10 18:32:45.431  8675  8798 D BufferQueueProducer: [PopupWindow:c65726f#67134(BLAST Consumer)pid:8675](id:21e300000002,api:1,p:8675,c:8675) disconnect: api 1
03-10 18:32:45.431  2061  2108 E minksocket: MinkIPC_QRTR_Service: client with node 1 port 40b9 went down
03-10 18:32:45.431  2064  2064 E Diag_Lib: diag:failed to connect to diag socket
03-10 18:32:45.431  2064  2064 E Diag_Lib:  Diag_LSM_Init: Failed to open handle to diag driver, error = 13
03-10 18:32:45.432  2064  2064 I sensors-hal: send_sync_sensor_request:341, send sync request
03-10 18:32:45.432  2061  2108 E minksocket: MinkIPC_QRTR_Service: client with node 1 port 40bb went down
03-10 18:32:45.432  2064  2064 I sensors-hal: send_sync_sensor_request:367, wait for notification of response
03-10 18:32:45.432  9623  9623 E ThermalEngine: Unable to change to /sys/devices/soc/
03-10 18:32:45.432  9623  9623 E ThermalEngine: bcl_setup: Unexpected node error
03-10 18:32:45.432  9623  9623 E ThermalEngine: add_tgt_sensor: bcl sensor setup failed failed.
03-10 18:32:45.432  9623  9623 E ThermalEngine: add_tgt_sensors_set_optional: Error adding bcl
03-10 18:32:45.433  2064  9729 I sensors-hal: ssc_conn_resp_cb:632, resp_value = 0
03-10 18:32:45.433  2064  4171 I slpi    : MOT_LTV started with registry parameters (rcv_reg_items=0x1fff)
03-10 18:32:45.433  2064  2064 I sensors-hal: send_sync_sensor_request:373, takes 1 ms to receive the response with 0
03-10 18:32:45.433  2064  2064 I sensors-hal: activate:184, com.motorola.sensor.ltv/65738 en=1 completed
03-10 18:32:45.433  2064  4171 E slpi    : MOT_GPIO_FLIP kernel state gpio unset
03-10 18:32:45.435  2064  2064 I sensors-hal: batch:206, com.motorola.sensor.glance/65658, period=1000000, max_latency=0
03-10 18:32:45.435  2064  2064 I sensors-hal: set_config:57, sample_period_ns is adjusted to 0 based on min/max delay_ns
03-10 18:32:45.435  2064  2064 I sensors-hal: batch:215, com.motorola.sensor.glance/65658, period=1000000, max_latency=0 request completed
03-10 18:32:45.435  9623  9623 E ThermalEngine: sysfs_setup: report: path /sys/class/power_supply/battery/capacity
03-10 18:32:45.435  9623  9623 E ThermalEngine: sysfs_setup: opening /sys/class/power_supply/battery/capacity
03-10 18:32:45.435  2064  2064 I sensors-hal: activate:173, com.motorola.sensor.glance/65658 en=1
03-10 18:32:45.435  9623  9623 E ThermalEngine: sysfs_setup: found sensor cluster0: cluster id = 0
03-10 18:32:45.435  2064  2064 I sensors-hal: activate:154, activate glance 65548
03-10 18:32:45.435  9623  9623 E ThermalEngine: sysfs_setup: found sensor cluster1: cluster id = 1
03-10 18:32:45.435  9623  9623 E ThermalEngine: sysfs_setup: report: path /sys/class/power_supply/battery/charge_rate
03-10 18:32:45.435  9623  9623 E ThermalEngine: sysfs_setup: opening /sys/class/power_supply/battery/charge_rate
03-10 18:32:45.435  2064  2064 I sensors-hal: get_qmi_debug_flag:239, support_qmi_debug : false
03-10 18:32:45.436  2061  2108 E minksocket: MinkIPC_QRTR_Service: client with node 1 port 40bd went down
03-10 18:32:45.436  2061  2108 E minksocket: MinkIPC_QRTR_Service: client with node 1 port 40bf went down
03-10 18:32:45.437  9623  9623 E ThermalEngine: sysfs_setup: report: path /proc/loadavg
03-10 18:32:45.437  9623  9623 E ThermalEngine: sysfs_setup: opening /proc/loadavg
03-10 18:32:45.437  2064  2064 E Diag_Lib: diag: Diag_LSM_Init: invoked for pid: 2064 with init_count: 0
03-10 18:32:45.437  9623  9623 E ThermalEngine: sysfs_setup: report: path /proc/stat
03-10 18:32:45.437  9623  9623 E ThermalEngine: sysfs_setup: opening /proc/stat
03-10 18:32:45.437  2061  2108 E minksocket: MinkIPC_QRTR_Service: client with node 1 port 40c1 went down
03-10 18:32:45.437  9623  9623 E ThermalEngine: sysfs_setup: report: path /sys/class/power_supply/battery/capacity
03-10 18:32:45.437  2064  2064 E Diag_Lib: diag:failed to connect to diag socket
03-10 18:32:45.437  9623  9623 E ThermalEngine: sysfs_setup: opening /sys/class/power_supply/battery/capacity
03-10 18:32:45.437  2064  2064 E Diag_Lib:  Diag_LSM_Init: Failed to open handle to diag driver, error = 13
03-10 18:32:45.437  9623  9623 E ThermalEngine: sysfs_setup: report: path /sys/class/backlight/panel0-backlight/brightness
03-10 18:32:45.437  9623  9623 E ThermalEngine: sysfs_setup: opening /sys/class/backlight/panel0-backlight/brightness
03-10 18:32:45.438  9623  9623 E ThermalEngine: sysfs_setup: report: path /proc/stat
03-10 18:32:45.438  2064  2064 I sensors-hal: create_sensor_config_request:143, sending MOT_GLANCE_MSGID_MOT_GLANCE_CONFIG, 0x17
03-10 18:32:45.438  9623  9623 E ThermalEngine: sysfs_setup: opening /proc/stat
03-10 18:32:45.438  2064  2064 I sensors-hal: send_sync_sensor_request:341, send sync request
03-10 18:32:45.438  9623  9623 E ThermalEngine: sysfs_setup: report: path /sys/class/backlight/panel0-backlight/brightness
03-10 18:32:45.438  9623  9623 E ThermalEngine: sysfs_setup: opening /sys/class/backlight/panel0-backlight/brightness
03-10 18:32:45.438  9623  9623 E ThermalEngine: sysfs_setup: report: path /proc/loadavg
03-10 18:32:45.438  2064  2064 I sensors-hal: send_sync_sensor_request:367, wait for notification of response
03-10 18:32:45.438  9623  9623 E ThermalEngine: sysfs_setup: opening /proc/loadavg
03-10 18:32:45.438  9623  9623 E ThermalEngine: sysfs_setup: report: path /sys/class/power_supply/wireless/online
03-10 18:32:45.438  9623  9623 E ThermalEngine: sysfs_setup: opening /sys/class/power_supply/wireless/online
03-10 18:32:45.438  2061  2108 E minksocket: MinkIPC_QRTR_Service: client with node 1 port 40c2 went down
03-10 18:32:45.436  5625  5962 D KeyguardViewMediator: updateActivityLockScreenState(false, true)
03-10 18:32:45.439  9623  9623 E ThermalEngine: No hwmon device found in the kernel for sensor tmp108
03-10 18:32:45.439  9623  9623 E ThermalEngine: add_tgt_sensor: tmp108 sensor setup failed failed.
03-10 18:32:45.439  9623  9623 E ThermalEngine: add_tgt_sensors_set_optional: Error adding tmp108
03-10 18:32:45.439  9623  9623 E ThermalEngine: No hwmon device found in the kernel for sensor msm_tmp108
03-10 18:32:45.439  9623  9623 E ThermalEngine: add_tgt_sensor: msm_tmp108 sensor setup failed failed.
03-10 18:32:45.439  9623  9623 E ThermalEngine: add_tgt_sensors_set_optional: Error adding msm_tmp108
03-10 18:32:45.439  9623  9623 E ThermalEngine: No hwmon device found in the kernel for sensor quiet_tmp108
03-10 18:32:45.439  9623  9623 E ThermalEngine: add_tgt_sensor: quiet_tmp108 sensor setup failed failed.
03-10 18:32:45.439  9623  9623 E ThermalEngine: add_tgt_sensors_set_optional: Error adding quiet_tmp108
03-10 18:32:45.440  9623  9623 I ThermalEngine: Loading config file for virtual sensor
03-10 18:32:45.440  9623  9623 I ThermalEngine: Loading configuration file /vendor/etc/thermal-engine-lynkco-cli.conf
03-10 18:32:45.440  9623  9623 I ThermalEngine: Parsing section global
03-10 18:32:45.440  9623  9623 I ThermalEngine: Created section 'FRONT_TEMP'
03-10 18:32:45.440  9623  9623 I ThermalEngine: Algo Type 'virtual'
03-10 18:32:45.440  9623  9623 I ThermalEngine: Parsing section FRONT_TEMP
03-10 18:32:45.440  9623  9623 I ThermalEngine: Found field 'trip_sensor'
03-10 18:32:45.440  9623  9623 I ThermalEngine: Found field 'thresholds'
03-10 18:32:45.440  9623  9623 I ThermalEngine: Found field 'thresholds_clr'
03-10 18:32:45.440  9623  9623 I ThermalEngine: Found field 'sensors'
03-10 18:32:45.440  9623  9623 I ThermalEngine: Found field 'weights'
03-10 18:32:45.440  9623  9623 I ThermalEngine: Found field 'offsets'
03-10 18:32:45.440  9623  9623 I ThermalEngine: Found field 'sampling'
03-10 18:32:45.440  9623  9623 I ThermalEngine: Found field 'math'
03-10 18:32:45.440  9623  9623 I ThermalEngine: Found field 'sys_temp'
03-10 18:32:45.440  9623  9623 I ThermalEngine: Created section 'BACK_TEMP'
03-10 18:32:45.440  9623  9623 I ThermalEngine: Algo Type 'virtual'
03-10 18:32:45.440  9623  9623 I ThermalEngine: Parsing section BACK_TEMP
03-10 18:32:45.440  9623  9623 I ThermalEngine: Found field 'trip_sensor'
03-10 18:32:45.440  9623  9623 I ThermalEngine: Found field 'thresholds'
03-10 18:32:45.440  9623  9623 I ThermalEngine: Found field 'thresholds_clr'
03-10 18:32:45.440  9623  9623 I ThermalEngine: Found field 'sensors'
03-10 18:32:45.440  9623  9623 I ThermalEngine: Found field 'weights'
03-10 18:32:45.440  9623  9623 I ThermalEngine: Found field 'offsets'
03-10 18:32:45.440  9623  9623 I ThermalEngine: Found field 'sampling'
03-10 18:32:45.440  9623  9623 I ThermalEngine: Found field 'math'
03-10 18:32:45.440  9623  9623 I ThermalEngine: Found field 'sys_temp'
03-10 18:32:45.440  9623  9623 I ThermalEngine: Created section 'FUSE_TEMP'
03-10 18:32:45.440  9623  9623 I ThermalEngine: Algo Type 'virtual'
03-10 18:32:45.440  9623  9623 I ThermalEngine: Parsing section FUSE_TEMP
03-10 18:32:45.440  9623  9623 I ThermalEngine: Found field 'trip_sensor'
03-10 18:32:45.440  9623  9623 I ThermalEngine: Found field 'thresholds'
03-10 18:32:45.440  9623  9623 I ThermalEngine: Found field 'thresholds_clr'
03-10 18:32:45.440  9623  9623 I ThermalEngine: Found field 'sensors'
03-10 18:32:45.440  9623  9623 I ThermalEngine: Found field 'weights'
03-10 18:32:45.440  9623  9623 I ThermalEngine: Found field 'offsets'
03-10 18:32:45.440  9623  9623 I ThermalEngine: Found field 'sampling'
03-10 18:32:45.440  9623  9623 I ThermalEngine: Found field 'math'
03-10 18:32:45.440  9623  9623 I ThermalEngine: Found field 'sys_temp'
03-10 18:32:45.440  9623  9623 I ThermalEngine: Created section 'BCHG_TEMP'
03-10 18:32:45.440  9623  9623 I ThermalEngine: Algo Type 'virtual'
03-10 18:32:45.440  9623  9623 I ThermalEngine: Parsing section BCHG_TEMP
03-10 18:32:45.440  9623  9623 I ThermalEngine: Found field 'trip_sensor'
03-10 18:32:45.440  9623  9623 I ThermalEngine: Found field 'thresholds'
03-10 18:32:45.440  9623  9623 I ThermalEngine: Found field 'thresholds_clr'
03-10 18:32:45.440  9623  9623 I ThermalEngine: Found field 'sensors'
03-10 18:32:45.440  9623  9623 I ThermalEngine: Found field 'weights'
03-10 18:32:45.440  9623  9623 I ThermalEngine: Found field 'offsets'
03-10 18:32:45.440  9623  9623 I ThermalEngine: Found field 'sampling'
03-10 18:32:45.440  9623  9623 I ThermalEngine: Found field 'math'
03-10 18:32:45.440  9623  9623 I ThermalEngine: Created section 'FRONT_MDM'
03-10 18:32:45.440  9623  9623 I ThermalEngine: Algo Type 'virtual'
03-10 18:32:45.440  9623  9623 I ThermalEngine: Parsing section FRONT_MDM
03-10 18:32:45.440  9623  9623 I ThermalEngine: Found field 'sensors'
03-10 18:32:45.440  9623  9623 I ThermalEngine: Found field 'weights'
03-10 18:32:45.440  9623  9623 I ThermalEngine: Found field 'trip_sensor'
03-10 18:32:45.440  9623  9623 I ThermalEngine: Found field 'trip_sensor_logic'
03-10 18:32:45.440  9623  9623 I ThermalEngine: Found field 'thresholds'
03-10 18:32:45.440  9623  9623 I ThermalEngine: Found field 'thresholds_clr'
03-10 18:32:45.440  9623  9623 I ThermalEngine: Found field 'offsets'
03-10 18:32:45.440  9623  9623 I ThermalEngine: Found field 'sampling'
03-10 18:32:45.440  9623  9623 I ThermalEngine: Found field 'math'
03-10 18:32:45.440  9623  9623 I ThermalEngine: Created section 'BCAM_TEMP'
03-10 18:32:45.440  9623  9623 I ThermalEngine: Algo Type 'virtual'
03-10 18:32:45.441  9623  9623 I ThermalEngine: Parsing section BCAM_TEMP
03-10 18:32:45.441  9623  9623 I ThermalEngine: Found field 'trip_sensor'
03-10 18:32:45.441  9623  9623 I ThermalEngine: Found field 'thresholds'
03-10 18:32:45.441  9623  9623 I ThermalEngine: Found field 'thresholds_clr'
03-10 18:32:45.441  9623  9623 I ThermalEngine: Found field 'sensors'
03-10 18:32:45.441  9623  9623 I ThermalEngine: Found field 'weights'
03-10 18:32:45.441  9623  9623 I ThermalEngine: Found field 'offsets'
03-10 18:32:45.441  9623  9623 I ThermalEngine: Found field 'sampling'
03-10 18:32:45.441  9623  9623 I ThermalEngine: Found field 'math'
03-10 18:32:45.441  9623  9623 I ThermalEngine: Created section 'DETECT-STANDBY'
03-10 18:32:45.441  9623  9623 I ThermalEngine: Algo Type 'virtual'
03-10 18:32:45.441  9623  9623 I ThermalEngine: Parsing section DETECT-STANDBY
03-10 18:32:45.441  9623  9623 I ThermalEngine: Found field 'trip_sensor'
03-10 18:32:45.441  9623  9623 I ThermalEngine: Found field 'thresholds'
03-10 18:32:45.441  9623  9623 I ThermalEngine: Found field 'thresholds_clr'
03-10 18:32:45.441  9623  9623 I ThermalEngine: Found field 'sensors'
03-10 18:32:45.441  9623  9623 I ThermalEngine: Found field 'weights'
03-10 18:32:45.441  9623  9623 I ThermalEngine: Found field 'sampling'
03-10 18:32:45.441  9623  9623 I ThermalEngine: Found field 'math'
03-10 18:32:45.441  9623  9623 I ThermalEngine: Found field 'less_than'
03-10 18:32:45.441  9623  9623 I ThermalEngine: Created section 'DETECT-WLS'
03-10 18:32:45.441  9623  9623 I ThermalEngine: Algo Type 'virtual'
03-10 18:32:45.441  9623  9623 I ThermalEngine: Parsing section DETECT-WLS
03-10 18:32:45.441  9623  9623 I ThermalEngine: Found field 'trip_sensor'
03-10 18:32:45.441  9623  9623 I ThermalEngine: Found field 'thresholds'
03-10 18:32:45.441  9623  9623 I ThermalEngine: Found field 'thresholds_clr'
03-10 18:32:45.441  9623  9623 I ThermalEngine: Found field 'sensors'
03-10 18:32:45.441  9623  9623 I ThermalEngine: Found field 'sampling'
03-10 18:32:45.441  9623  9623 I ThermalEngine: Found field 'math'
03-10 18:32:45.441  9623  9623 I ThermalEngine: [VIRTUAL-FAIL-SAFE-TJ]
03-10 18:32:45.441  9623  9623 I ThermalEngine: #algo_type virtual
03-10 18:32:45.441  9623  9623 I ThermalEngine: sensors nspss-0 nspss-1 nspss-2 gpuss-0 gpuss-1 camera-0 camera-1 mdmss-0 mdmss-1 mdmss-2 mdmss-3 video
03-10 18:32:45.441  9623  9623 I ThermalEngine: weights
03-10 18:32:45.441  9623  9623 I ThermalEngine: trip_sensor nspss-0 nspss-1 nspss-2 gpuss-0 gpuss-1 camera-0 camera-1 mdmss-0 mdmss-1 mdmss-2 mdmss-3 video
03-10 18:32:45.441  9623  9623 I ThermalEngine: trip_sensor_logic || || || || || || || || || || ||
03-10 18:32:45.442  9623  9623 I ThermalEngine: thresholds 100000 100000 100000 100000 100000 100000 100000 100000 100000 100000 100000 100000
03-10 18:32:45.442  9623  9623 I ThermalEngine: thresholds_clr 90000 90000 90000 90000 90000 90000 90000 90000 90000 90000 90000 90000
03-10 18:32:45.442  9623  9623 I ThermalEngine: offsets
03-10 18:32:45.442  9623  9623 I ThermalEngine: sampling 10
03-10 18:32:45.442  9623  9623 I ThermalEngine: math 2
03-10 18:32:45.442  9623  9623 I ThermalEngine: ambient_value
03-10 18:32:45.442  9623  9623 I ThermalEngine: rise_value
03-10 18:32:45.442  9623  9623 I ThermalEngine: [VIRTUAL-CPU-GOLD-TJ-SHUTDOWN]
03-10 18:32:45.442  9623  9623 I ThermalEngine: #algo_type virtual
03-10 18:32:45.442  9623  9623 I ThermalEngine: sensors cpu-1-0 cpu-1-1 cpu-1-2 cpu-1-3 cpu-1-4 cpu-1-5 cpu-1-6 cpu-1-7
03-10 18:32:45.442  9623  9623 I ThermalEngine: weights
03-10 18:32:45.442  9623  9623 I ThermalEngine: trip_sensor cpu-1-0 cpu-1-1 cpu-1-2 cpu-1-3 cpu-1-4 cpu-1-5 cpu-1-6 cpu-1-7
03-10 18:32:45.442  9623  9623 I ThermalEngine: trip_sensor_logic || || || || || || ||
03-10 18:32:45.442  9623  9623 I ThermalEngine: thresholds 115000 115000 115000 115000 115000 115000 115000 115000
03-10 18:32:45.442  9623  9623 I ThermalEngine: thresholds_clr 100000 100000 100000 100000 100000 100000 100000 100000
03-10 18:32:45.442  9623  9623 I ThermalEngine: offsets
03-10 18:32:45.442  9623  9623 I ThermalEngine: sampling 10
03-10 18:32:45.442  9623  9623 I ThermalEngine: math 2
03-10 18:32:45.442  9623  9623 I ThermalEngine: ambient_value
03-10 18:32:45.442  9623  9623 I ThermalEngine: rise_value
03-10 18:32:45.442  9623  9623 I ThermalEngine: [VIRTUAL-CPU-TJ-SHUTDOWN]
03-10 18:32:45.442  9623  9623 I ThermalEngine: #algo_type virtual
03-10 18:32:45.442  9623  9623 I ThermalEngine: sensors cpu-0-0 cpu-0-1 cpu-0-2 cpu-0-3 cpuss-0 cpuss-1
03-10 18:32:45.442  9623  9623 I ThermalEngine: weights
03-10 18:32:45.442  9623  9623 I ThermalEngine: trip_sensor cpu-0-0 cpu-0-1 cpu-0-2 cpu-0-3 cpuss-0 cpuss-1
03-10 18:32:45.442  9623  9623 I ThermalEngine: trip_sensor_logic || || || || ||
03-10 18:32:45.442  9623  9623 I ThermalEngine: thresholds 115000 115000 115000 115000 115000 115000
03-10 18:32:45.442  9623  9623 I ThermalEngine: thresholds_clr 100000 100000 100000 100000 100000 100000
03-10 18:32:45.442  9623  9623 I ThermalEngine: offsets
03-10 18:32:45.442  9623  9623 I ThermalEngine: sampling 10
03-10 18:32:45.442  2064  9774 I sensors-hal: ssc_conn_resp_cb:632, resp_value = 0
03-10 18:32:45.442  9623  9623 I ThermalEngine: math 2
03-10 18:32:45.442  9623  9623 I ThermalEngine: ambient_value
03-10 18:32:45.442  9623  9623 I ThermalEngine: rise_value
03-10 18:32:45.442  9623  9623 I ThermalEngine: [VIRTUAL-NSP-TJ-SHUTDOWN]
03-10 18:32:45.442  9623  9623 I ThermalEngine: #algo_type virtual
03-10 18:32:45.442  9623  9623 I ThermalEngine: sensors nspss-0 nspss-1 nspss-2
03-10 18:32:45.442  9623  9623 I ThermalEngine: weights
03-10 18:32:45.442  9623  9623 I ThermalEngine: trip_sensor nspss-0 nspss-1 nspss-2
03-10 18:32:45.442  9623  9623 I ThermalEngine: trip_sensor_logic || ||
03-10 18:32:45.442  9623  9623 I ThermalEngine: thresholds 115000 115000 115000
03-10 18:32:45.442  9623  9623 I ThermalEngine: thresholds_clr 100000 100000 100000
03-10 18:32:45.442  9623  9623 I ThermalEngine: offsets
03-10 18:32:45.442  9623  9623 I ThermalEngine: sampling 10
03-10 18:32:45.442  9623  9623 I ThermalEngine: math 2
03-10 18:32:45.442  9623  9623 I ThermalEngine: ambient_value
03-10 18:32:45.442  9623  9623 I ThermalEngine: rise_value
03-10 18:32:45.442  9623  9623 I ThermalEngine: [VIRTUAL-MDM-TJ-SHUTDOWN]
03-10 18:32:45.442  9623  9623 I ThermalEngine: #algo_type virtual
03-10 18:32:45.442  9623  9623 I ThermalEngine: sensors mdmss-0 mdmss-1 mdmss-2 mdmss-3
03-10 18:32:45.442  9623  9623 I ThermalEngine: weights
03-10 18:32:45.442  9623  9623 I ThermalEngine: trip_sensor mdmss-0 mdmss-1 mdmss-2 mdmss-3
03-10 18:32:45.442  9623  9623 I ThermalEngine: trip_sensor_logic || || ||
03-10 18:32:45.442  9623  9623 I ThermalEngine: thresholds 115000 115000 115000 115000
03-10 18:32:45.442  9623  9623 I ThermalEngine: thresholds_clr 100000 100000 100000 100000
03-10 18:32:45.442  9623  9623 I ThermalEngine: offsets
03-10 18:32:45.442  9623  9623 I ThermalEngine: sampling 10
03-10 18:32:45.442  9623  9623 I ThermalEngine: math 2
03-10 18:32:45.442  9623  9623 I ThermalEngine: ambient_value
03-10 18:32:45.442  9623  9623 I ThermalEngine: rise_value
03-10 18:32:45.442  9623  9623 I ThermalEngine: [VIRTUAL-MM-TJ-SHUTDOWN]
03-10 18:32:45.442  9623  9623 I ThermalEngine: #algo_type virtual
03-10 18:32:45.442  9623  9623 I ThermalEngine: sensors gpuss-0 gpuss-1 video ddr camera-0 camera-1
03-10 18:32:45.442  9623  9623 I ThermalEngine: weights
03-10 18:32:45.442  9623  9623 I ThermalEngine: trip_sensor gpuss-0 gpuss-1 video ddr camera-0 camera-1
03-10 18:32:45.442  9623  9623 I ThermalEngine: trip_sensor_logic || || || || ||
03-10 18:32:45.442  9623  9623 I ThermalEngine: thresholds 115000 115000 115000 115000 115000 115000
03-10 18:32:45.442  9623  9623 I ThermalEngine: thresholds_clr 100000 100000 100000 100000 100000 100000
03-10 18:32:45.442  9623  9623 I ThermalEngine: offsets
03-10 18:32:45.442  9623  9623 I ThermalEngine: sampling 10
03-10 18:32:45.442  9623  9623 I ThermalEngine: math 2
03-10 18:32:45.442  9623  9623 I ThermalEngine: ambient_value
03-10 18:32:45.442  9623  9623 I ThermalEngine: rise_value
03-10 18:32:45.442  9623  9623 I ThermalEngine: [VIRTUAL-PMIC-ALARM-SHUTDOWN]
03-10 18:32:45.442  2064  2064 I sensors-hal: send_sync_sensor_request:373, takes 3 ms to receive the response with 0
03-10 18:32:45.442  9623  9623 I ThermalEngine: #algo_type virtual
03-10 18:32:45.442  9623  9623 I ThermalEngine: sensors pm7325_tz pm8350c_tz
03-10 18:32:45.442  9623  9623 I ThermalEngine: weights
03-10 18:32:45.442  9623  9623 I ThermalEngine: trip_sensor pm7325_tz pm8350c_tz
03-10 18:32:45.442  9623  9623 I ThermalEngine: trip_sensor_logic ||
03-10 18:32:45.442  9623  9623 I ThermalEngine: thresholds 115000 115000
03-10 18:32:45.442  9623  9623 I ThermalEngine: thresholds_clr 100000 100000
03-10 18:32:45.442  9623  9623 I ThermalEngine: offsets
03-10 18:32:45.442  9623  9623 I ThermalEngine: sampling 10
03-10 18:32:45.442  9623  9623 I ThermalEngine: math 2
03-10 18:32:45.442  9623  9623 I ThermalEngine: ambient_value
03-10 18:32:45.442  9623  9623 I ThermalEngine: rise_value
03-10 18:32:45.442  2064  2064 I sensors-hal: activate:184, com.motorola.sensor.glance/65658 en=1 completed
03-10 18:32:45.442  9623  9623 I ThermalEngine: [FRONT_TEMP]
03-10 18:32:45.442  9623  9623 I ThermalEngine: algo_type virtual
03-10 18:32:45.442  9623  9623 I ThermalEngine: sensors msm-therm cam-therm quiet-therm mchg-therm
03-10 18:32:45.442  9623  9623 I ThermalEngine: weights 22 26 39 13
03-10 18:32:45.442  9623  9623 I ThermalEngine: trip_sensor msm-therm
03-10 18:32:45.442  9623  9623 I ThermalEngine: thresholds -18000
03-10 18:32:45.442  9623  9623 I ThermalEngine: thresholds_clr -20000
