03-11 16:25:55.965 24109 24109 W thermal-engine-: type=1400 audit(0.0:1768570): avc:  denied  { read } for  scontext=u:r:vendor_thermal-engine:s0 tcontext=u:r:kernel:s0 tclass=file permissive=0
03-11 16:25:55.965 24109 24109 W thermal-engine-: type=1400 audit(0.0:1768571): avc:  denied  { read } for  scontext=u:r:vendor_thermal-engine:s0 tcontext=u:r:kernel:s0 tclass=file permissive=0
03-11 16:25:55.965 24109 24109 W thermal-engine-: type=1400 audit(0.0:1768572): avc:  denied  { read } for  scontext=u:r:vendor_thermal-engine:s0 tcontext=u:r:kernel:s0 tclass=file permissive=0
03-11 16:25:55.965 24109 24109 W thermal-engine-: type=1400 audit(0.0:1768573): avc:  denied  { read } for  scontext=u:r:vendor_thermal-engine:s0 tcontext=u:r:kernel:s0 tclass=file permissive=0
03-11 16:25:55.965 24109 24109 W thermal-engine-: type=1400 audit(0.0:1768574): avc:  denied  { read } for  scontext=u:r:vendor_thermal-engine:s0 tcontext=u:r:kernel:s0 tclass=file permissive=0
03-11 16:25:55.965 24109 24109 W thermal-engine-: type=1400 audit(0.0:1768575): avc:  denied  { read } for  scontext=u:r:vendor_thermal-engine:s0 tcontext=u:r:kernel:s0 tclass=file permissive=0
03-11 16:25:55.954  3163  4285 I InputReader: Disabling zinitix_mt (device 6) because the associated viewport is not active
03-11 16:25:55.954 24109 24114 E ThermalEngine: verify_tmd_device: Device:cdsp_hw available. max:1
03-11 16:25:55.955  3163  3227 D TouchHwAidlService: updateDefaultDisplayState: mScreenOn=false
03-11 16:25:55.955 24109 24114 E ThermalEngine: verify_tmd_device: Device:cdsp_sw available. max:6
03-11 16:25:55.955 24109 24114 I ThermalEngine: CDSP thermal mitigation available.
03-11 16:25:55.955  2061  2108 E minksocket: MinkIPC_QRTR_Service: client with node 1 port 79d7 went down
03-11 16:25:55.955  2061  2108 E minksocket: MinkIPC_QRTR_Service: client with node 1 port 79d8 went down
03-11 16:25:55.956  2061  2108 E minksocket: MinkIPC_QRTR_Service: client with node 1 port 79d9 went down
03-11 16:25:55.956 28905 28905 I NearbyDiscovery: (REDACTED) FastPairDisplayObserver: %s -> %s
03-11 16:25:55.956  2061  2108 E minksocket: MinkIPC_QRTR_Service: client with node 1 port 79da went down
03-11 16:25:55.956  2061  2108 E minksocket: MinkIPC_QRTR_Service: client with node 1 port 79db went down
03-11 16:25:55.957  2061  2108 E minksocket: MinkIPC_QRTR_Service: client with node 1 port 79dc went down
03-11 16:25:55.957  2061  2108 E minksocket: MinkIPC_QRTR_Service: client with node 1 port 79dd went down
03-11 16:25:55.957 24109 24109 E ThermalEngine: tmd_add_cpufreq_dev_data: Invalid or no boost freqs
03-11 16:25:55.957 10834 10834 I PkDeviceHelper: PkDeviceHelper.refreshDevices():93 refreshing devices
03-11 16:25:55.958  2061  2108 E minksocket: MinkIPC_QRTR_Service: client with node 1 port 79de went down
03-11 16:25:55.958  2067  2067 D AHAL: AudioDevice: SetParameters: 1564: enter: screen_state=off
03-11 16:25:55.958  2067  2067 D AHAL: AudioVoice: VoiceSetParameters: 87: Enter params: screen_state=off
03-11 16:25:55.958  2067  2067 D AHAL: AudioVoice: VoiceSetParameters: 360: Exit ret: 0
03-11 16:25:55.958  2067  2067 D AHAL: FM: fm_set_parameters: 262: Enter
03-11 16:25:55.958  2067  2067 D AHAL: FM: fm_set_parameters: 320: exit
03-11 16:25:55.958  2067  2067 D AHAL: AudioDevice: SetParameters: 1628:  - screen = off
03-11 16:25:55.958  2067  2067 I PAL: ResourceManager: setParameter: 8311: Screen State:0
03-11 16:25:55.958  2067  2067 D AHAL: AudioDevice: SetParameters: 2361: exit: screen_state=off
03-11 16:25:55.959  2195  2586 I SDM     : DisplayBase::SetDisplayState: Set state = 0, display 57-0, teardown = 0
03-11 16:25:55.959  2061  2108 E minksocket: MinkIPC_QRTR_Service: client with node 1 port 79df went down
03-11 16:25:55.959  2195  2586 I SDM     : DRMPanelFeatureMgr::MarkForNullCommit: Marked 7 for null commit
03-11 16:25:55.959 28905 20080 I NearbySharing: Screen is locked
03-11 16:25:55.959  2061  2108 E minksocket: MinkIPC_QRTR_Service: client with node 1 port 79e1 went down
03-11 16:25:55.959 28905 20080 I NearbySharing: Stopping scanning because the screen is locked.
03-11 16:25:55.960  2061  2108 E minksocket: MinkIPC_QRTR_Service: client with node 1 port 79e2 went down
03-11 16:25:55.960 28905 20080 I NearbySharing: Stopping Fast Init advertisement because we're not scanning in the foreground.
03-11 16:25:55.960  2195  2586 I SDM     : HWDeviceDRM::NullCommit: Null commit succeeded crtc=141
03-11 16:25:55.960 26976 27604 D MCLOG   : [BrightnessManager] displayId = 0 brightness = 0.4341289 nit = 122.85355 level = br2
03-11 16:25:55.961  5658  6105 I bt_shim_scanner: system/main/shim/le_scanning_manager.cc:185 Scan: in shim layer stopped
03-11 16:25:55.961  5658  5907 I bluetooth: system/gd/hci/le_address_manager.cc:244 unregister_client: Client unregistered
03-11 16:25:55.962  2061  2108 E minksocket: MinkIPC_QRTR_Service: client with node 1 port 79e3 went down
03-11 16:25:55.961  5658  6105 W BtGatt.JNI: android/app/jni/com_android_bluetooth_gatt.cpp:1597 gattSetScanParametersNative: gattSetScanParametersNative
03-11 16:25:55.962  5658  6105 I bt_shim_scanner: system/main/shim/le_scanning_manager.cc:363 SetScanParameters: in shim layer, scannerId=1
03-11 16:25:55.962  5658  5907 I bluetooth: system/gd/hci/le_address_manager.cc:248 unregister_client: Cancelled address rotation alarm
03-11 16:25:55.962  5658  6105 I bt_shim_scanner: system/main/shim/le_scanning_manager.cc:185 Scan: in shim layer started
03-11 16:25:55.963  2068  2068 D vendor.qti.bluetooth@1.0-ibs_handler: SerialClockVote: vote for UART CLK ON
03-11 16:25:55.963  2068  2068 D vendor.qti.bluetooth@1.0-wake_lock: Acquire wakelock is acquired 
03-11 16:25:55.963  2068  2068 I vendor.qti.bluetooth@1.0-ibs_handler: DeviceWakeUp: Writing IBS_WAKE_IND
03-11 16:25:55.964 28905 29391 I NearbyDiscovery: (REDACTED) PureOffloadFastPairScanner: eventType=%s, isInternalReq=%s, isScanning=%s, isScanningAllowed=%s
03-11 16:25:55.964  2061  2108 E minksocket: MinkIPC_QRTR_Service: client with node 1 port 79e4 went down
03-11 16:25:55.965  2064  2064 I sensors-hal: activate:173, android.sensor.light/51 en=0
03-11 16:25:55.966  2064  2064 I sensors-hal: activate:184, android.sensor.light/51 en=0 completed
03-11 16:25:55.967 24109 24111 E ThermalEngine: verify_tmd_device: Device:cpuv_restriction_cold available. max:1
03-11 16:25:55.967 24109 24111 E ThermalEngine: devices_manager_add_dev: Device:cpuv_restriction_cold already exists
03-11 16:25:55.967 24109 24113 E ThermalEngine: verify_tmd_device: Device:cpuv_restriction_cold available. max:1
03-11 16:25:55.967 24109 24113 E ThermalEngine: devices_manager_add_dev: Device:cpuv_restriction_cold already exists
03-11 16:25:55.967 24109 24113 I ThermalEngine: ADSP thermal mitigation available.
03-11 16:25:55.968 24109 24111 E ThermalEngine: verify_tmd_device: Device:modem_lte_dsc available. max:255
03-11 16:25:55.969  2068  6060 I vendor.qti.bluetooth@1.0-ibs_handler: ProcessIbsCmd: Received IBS_WAKE_ACK: 0xFC
03-11 16:25:55.969  2068  6060 I vendor.qti.bluetooth@1.0-ibs_handler: ProcessIbsCmd: Signal wack_cond_
03-11 16:25:55.969  2068  2068 D vendor.qti.bluetooth@1.0-ibs_handler: DeviceWakeUp: Unblocked from waiting for FC, pthread_cond_timedwait ret = 0
03-11 16:25:55.970  5658  5907 I bluetooth: system/gd/hci/le_scanning_manager.cc:690 stop_scan: Scanning already stopped, return!
03-11 16:25:55.970  5658  5907 I bluetooth: system/gd/hci/le_address_manager.cc:226 register_client: Scheduled address rotation for first client registered
03-11 16:25:55.970  5658  5907 I bluetooth: system/gd/hci/le_address_manager.cc:229 register_client: Client registered
03-11 16:25:55.970  2068  6060 I vendor.qti.bluetooth@1.0-ibs_handler: ProcessIbsCmd: Received IBS_WAKE_IND: 0xFD
03-11 16:25:55.970  2068  6060 I vendor.qti.bluetooth@1.0-ibs_handler: ProcessIbsCmd: Writing IBS_WAKE_ACK
03-11 16:25:55.970 24109 24111 E ThermalEngine: verify_tmd_device: Device:modem_lte_sub1_dsc available. max:255
03-11 16:25:55.972 24109 24111 E ThermalEngine: verify_tmd_device: Device:modem_nr_dsc available. max:255
03-11 16:25:55.972 24109 24111 E ThermalEngine: verify_tmd_device: Device:modem_nr_sub1_dsc available. max:255
03-11 16:25:55.973 12395 12395 D BoundBrokerSvc: onUnbind: Intent { act=com.google.android.gms.measurement.START pkg=com.google.android.gms }
03-11 16:25:55.974 28905 20080 I NearbySharing: Stopping advertising because Nearby Sharing is disabled.
03-11 16:25:55.974 28905 20080 I NearbySharing: Stopping FastInitiation scanning because the screen is locked.
03-11 16:25:55.974 22044 22128 D Surface : Surface::disconnect
03-11 16:25:55.974 22044 22128 D BufferQueueProducer: [com.duckduckgo.mobile.android/com.duckduckgo.app.browser.customtabs.CustomTabActivity#102680(BLAST Consumer)pid:22044](id:561c00000002,api:1,p:22044,c:22044) disconnect: api 1
03-11 16:25:55.974 24109 24111 E ThermalEngine: verify_tmd_device: Device:modem_nr_scg_dsc available. max:255
03-11 16:25:55.975  2061  2108 E minksocket: MinkIPC_QRTR_Service: client with node 1 port 79a4 went down
03-11 16:25:55.975  7545  7545 I FileStationLog: [ FS_h$a ] - [Display] Changed display: 0
03-11 16:25:55.976 24109 24111 E ThermalEngine: verify_tmd_device: Device:modem_nr_scg_sub1_dsc available. max:255
03-11 16:25:55.977 28905 20080 I NearbySharing: Fast Initiation Scanning has stopped
03-11 16:25:55.977 24109 24111 E ThermalEngine: verify_tmd_device: Device:sdr0_lte_dsc available. max:255
03-11 16:25:55.977 28905 20080 I NearbySharing: Dismissing HUN as there's no device nearby.
03-11 16:25:55.977 24109 24111 E ThermalEngine: verify_tmd_device: Device:sdr1_lte_dsc available. max:255
03-11 16:25:55.979 24109 24111 E ThermalEngine: verify_tmd_device: Device:sdr0_nr_dsc available. max:255
03-11 16:25:55.980 24109 24111 E ThermalEngine: verify_tmd_device: Device:sdr1_nr_dsc available. max:255
03-11 16:25:55.981 24109 24111 E ThermalEngine: verify_tmd_device: Device:pa_lte_sdr0_dsc available. max:255
03-11 16:25:55.982 24109 24111 E ThermalEngine: verify_tmd_device: Device:pa_lte_sdr1_dsc available. max:255
03-11 16:25:55.982 24109 24111 E ThermalEngine: verify_tmd_device: Device:pa_lte_sdr0_sub1_dsc available. max:255
03-11 16:25:55.982 24109 24111 E ThermalEngine: verify_tmd_device: Device:pa_lte_sdr1_sub1_dsc available. max:255
03-11 16:25:55.983 24109 24109 I ThermalEngine: Found /system/bin/installd, file: 2737
03-11 16:25:55.983 24109 24109 E ThermalEngine: tmd_init_battery_data: type 0 
03-11 16:25:55.983 24109 24109 E ThermalEngine: tmd_init_battery_data: Unknown type: 0
03-11 16:25:55.983 28905 29391 I NearbyDiscovery: (REDACTED) ApFastPairScanner: isScreenOn=%s, isLocationEnabled=%s, disableLocationRequirement=%s, isDiscoveryScanningEnabled=%s, during24GhzWifiWarmingUpPeriod=%s
03-11 16:25:55.983 24109 24109 E ThermalEngine: tmd_init_battery_data: type 1 
03-11 16:25:55.983 28905 29391 D BluetoothAdapter: isLeEnabled(): ON
03-11 16:25:55.983 28905 29391 I NearbyDiscovery: (REDACTED) ApFastPairScanner: eventType=%s, intReq=%s, scanning=%s, scanAllowed=%s, bleEnabled=%s, lockScanRate=%s, startScanningByLowPowerMode=%s
03-11 16:25:55.983 28905 29391 I NearbyDiscovery: (REDACTED) ApFastPairScanner: Stopping scan, %s
03-11 16:25:55.983 28905 29391 D BluetoothAdapter: isLeEnabled(): ON
03-11 16:25:55.984  3163  3163 I BrightnessSynchronizer: New Update: {[12876] 0.4341289(f), mUpdatedTypes=0, mConfirmedTypes=0, mTimeUpdated=0, mState=2}
03-11 16:25:55.984 24109 24111 E ThermalEngine: verify_tmd_device: Device:pa_nr_sdr0_dsc available. max:255
03-11 16:25:55.984  7545  7545 I FileStationLog: [ FS_h ] - [Logic] Retrieved display info: LogicDisplayInfo(width=1080, height=2640, orientation=1, rotation=0, displayId=0)
03-11 16:25:55.984 24109 24111 E ThermalEngine: verify_tmd_device: Device:pa_nr_sdr1_dsc available. max:255
03-11 16:25:55.984  7545  7545 I FileStationLog: [ FS_h$a ] - [Display] New logical size: 1080x2640
03-11 16:25:55.984  7545  7545 I FileStationLog: [ FS_h$a ] - [Display] Screen width unchanged: 1080
03-11 16:25:55.984 24109 24111 E ThermalEngine: verify_tmd_device: Device:pa_nr_sdr0_sub1_dsc available. max:255
03-11 16:25:55.985 24109 24111 E ThermalEngine: verify_tmd_device: Device:pa_nr_sdr1_sub1_dsc available. max:255
03-11 16:25:55.985 24109 24109 E ThermalEngine: tmd_init_battery_data: type 2 
03-11 16:25:55.986 24109 24111 E ThermalEngine: verify_tmd_device: Device:pa_nr_sdr0_scg_dsc available. max:255
03-11 16:25:55.988 24109 24111 E ThermalEngine: verify_tmd_device: Device:pa_nr_sdr1_scg_dsc available. max:255
03-11 16:25:55.989 24109 24111 E ThermalEngine: verify_tmd_device: Device:mmw0_dsc available. max:255
03-11 16:25:55.989 24109 24111 E ThermalEngine: verify_tmd_device: Device:mmw0_sub1_dsc available. max:255
03-11 16:25:55.989 24109 24111 E ThermalEngine: verify_tmd_device: Device:mmw1_dsc available. max:255
03-11 16:25:55.990 24109 24111 E ThermalEngine: verify_tmd_device: Device:mmw1_sub1_dsc available. max:255
03-11 16:25:55.990  5658  6105 I bt_shim_scanner: system/main/shim/le_scanning_manager.cc:185 Scan: in shim layer stopped
03-11 16:25:55.990  5658  5907 I bluetooth: system/gd/hci/le_address_manager.cc:244 unregister_client: Client unregistered
03-11 16:25:55.991  5658  5907 I bluetooth: system/gd/hci/le_address_manager.cc:248 unregister_client: Cancelled address rotation alarm
03-11 16:25:55.991  5658  6105 I bt_shim_scanner: system/main/shim/le_scanning_manager.cc:220 ScanFilterParamSetup: in shim layer, clientIf=1
03-11 16:25:55.991  5658  6105 I bt_shim_scanner: system/main/shim/le_scanning_manager.cc:220 ScanFilterParamSetup: in shim layer, clientIf=1
03-11 16:25:55.992 24109 24111 E ThermalEngine: verify_tmd_device: Device:mmw2_dsc available. max:255
03-11 16:25:55.992 24109 24111 E ThermalEngine: verify_tmd_device: Device:mmw2_sub1_dsc available. max:255
03-11 16:25:55.994 24109 24111 E ThermalEngine: verify_tmd_device: Device:mmw3_dsc available. max:255
03-11 16:25:55.994 24109 24111 E ThermalEngine: verify_tmd_device: Device:mmw3_sub1_dsc available. max:255
03-11 16:25:55.994 24109 24111 E ThermalEngine: verify_tmd_device: Device:mmw_ific_dsc available. max:255
03-11 16:25:55.995 24109 24111 E ThermalEngine: verify_tmd_device: Device:mmw_ific_sub1_dsc available. max:255
03-11 16:25:55.995  5658  8349 I bt_shim_scanner: system/main/shim/le_scanning_manager.cc:179 Unregister: in shim layer, scannerId=1
03-11 16:25:55.996 24109 24109 E ThermalEngine: tmd_init_battery_data: type 3 
03-11 16:25:55.996 24109 24109 E ThermalEngine: tmd_init_battery_data: Unknown type: 3
03-11 16:25:55.996 24109 24109 E ThermalEngine: tmd_init_battery_data: type 4 
03-11 16:25:55.996 24109 24109 E ThermalEngine: tmd_init_battery_data: Unknown type: 4
03-11 16:25:55.996 24109 24109 E ThermalEngine: Failed to reading /sys/class/leds/lcd-backlight/max_brightness
03-11 16:25:55.996 24109 24109 E ThermalEngine: Switch to /sys/class/backlight/panel0-backlight/max_brightness successfully
03-11 16:25:55.996 24109 24111 E ThermalEngine: verify_tmd_device: Device:wlan available. max:4
03-11 16:25:55.997 24109 24111 E ThermalEngine: verify_tmd_device: Device:wlan_bw available. max:1
03-11 16:25:55.997 24109 24111 E ThermalEngine: verify_tmd_device: Device:modem_bw_backoff available. max:255
03-11 16:25:55.997 24109 24111 E ThermalEngine: verify_tmd_device: Device:cpr_cold available. max:3
03-11 16:25:55.997 24109 24111 I ThermalEngine: MODEM thermal mitigation available.
03-11 16:25:56.000 24109 24109 E ThermalEngine: parse_cooling_devices: Added cooling device: display-fps with cdev id:31
03-11 16:25:56.000 24109 24109 E ThermalEngine: parse_cooling_devices: Added cooling device: cpu-hotplug3 with cdev id:21
03-11 16:25:56.000 24109 24109 E ThermalEngine: parse_cooling_devices: Added cooling device: pause-cpu3 with cdev id:11
03-11 16:25:56.000 24109 24109 E ThermalEngine: parse_cooling_devices: Added cooling device: mmw0_dsc_kr with cdev id:58
03-11 16:25:56.000 24109 24109 E ThermalEngine: parse_cooling_devices: Added cooling device: sdr0_lte_dsc_kr with cdev id:48
03-11 16:25:56.001 24109 24109 E ThermalEngine: parse_cooling_devices: Added cooling device: panel0-backlight with cdev id:38
03-11 16:25:56.001 24109 24109 E ThermalEngine: parse_cooling_devices: Added cooling device: pause-cpu7 with cdev id:8
03-11 16:25:56.001 24109 24109 E ThermalEngine: parse_cooling_devices: Added cooling device: ufs with cdev id:28
03-11 16:25:56.001 24109 24109 E ThermalEngine: parse_cooling_devices: Added cooling device: pa_nr_sdr0_scg_kr with cdev id:56
03-11 16:25:56.001 24109 24109 E ThermalEngine: parse_cooling_devices: Added cooling device: cpu-hotplug0 with cdev id:18
03-11 16:25:56.001 24109 24109 E ThermalEngine: parse_cooling_devices: Added cooling device: pa_nr_sdr0_dsc_kr with cdev id:54
03-11 16:25:56.001 24109 24109 E ThermalEngine: parse_cooling_devices: Added cooling device: modem_vdd with cdev id:44
03-11 16:25:56.001 24109 24109 E ThermalEngine: parse_cooling_devices: Added cooling device: mmw_ific_dsc_kr with cdev id:62
03-11 16:25:56.001 24109 24109 E ThermalEngine: parse_cooling_devices: Added cooling device: pause-cpu5 with cdev id:4
03-11 16:25:56.001 24109 24109 E ThermalEngine: parse_cooling_devices: Added cooling device: cpu-hotplug7 with cdev id:24
03-11 16:25:56.001 24109 24109 E ThermalEngine: parse_cooling_devices: Added cooling device: pa_lte_sdr0_dsc_kr with cdev id:52
03-11 16:25:56.002 24109 24109 E ThermalEngine: parse_cooling_devices: Added cooling device: mmw2_dsc_kr with cdev id:60
03-11 16:25:56.002 24109 24109 E ThermalEngine: parse_cooling_devices: Added cooling device: pause-cpu0 with cdev id:2
03-11 16:25:56.002 24109 24109 E ThermalEngine: parse_cooling_devices: Added cooling device: cpu-hotplug5 with cdev id:22
03-11 16:25:56.002 24109 24109 E ThermalEngine: parse_cooling_devices: Added cooling device: sdr0_nr_dsc_kr with cdev id:50
03-11 16:25:56.002 24109 24109 E ThermalEngine: parse_cooling_devices: Added cooling device: pause-cpu6 with cdev id:12
03-11 16:25:56.002 24109 24109 E ThermalEngine: parse_cooling_devices: Added cooling device: mmw1_dsc_kr with cdev id:59
03-11 16:25:56.002 24109 24109 E ThermalEngine: parse_cooling_devices: Added cooling device: pause-cpu1 with cdev id:0
03-11 16:25:56.002 24109 24109 E ThermalEngine: parse_cooling_devices: Added cooling device: cpu-hotplug2 with cdev id:20
03-11 16:25:56.002  4332  4378 W wingstopandroid: No such thread id 20 for suspend
03-11 16:25:56.002 24109 24109 E ThermalEngine: parse_cooling_devices: Added cooling device: sdr1_lte_dsc_kr with cdev id:49
03-11 16:25:56.002 24109 24109 E ThermalEngine: parse_cooling_devices: Added cooling device: panel1-backlight with cdev id:39
03-11 16:25:56.003 24109 24109 E ThermalEngine: parse_cooling_devices: Added cooling device: pause-cpu2 with cdev id:9
03-11 16:25:56.003 24109 24109 E ThermalEngine: parse_cooling_devices: Added cooling device: pa_nr_sdr1_scg_kr with cdev id:57
03-11 16:25:56.003 24109 24109 E ThermalEngine: parse_cooling_devices: Added cooling device: cpu-hotplug1 with cdev id:19
03-11 16:25:56.003 24109 24109 E ThermalEngine: parse_cooling_devices: Added cooling device: pa_nr_sdr1_dsc_kr with cdev id:55
03-11 16:25:56.003 24109 24109 E ThermalEngine: parse_cooling_devices: Added cooling device: thermal-cpufreq-0 with cdev id:25
03-11 16:25:56.003 24109 24109 E ThermalEngine: parse_cooling_devices: Added cooling device: pa_lte_sdr1_dsc_kr with cdev id:53
03-11 16:25:56.004 24109 24109 E ThermalEngine: parse_cooling_devices: Added cooling device: wsa with cdev id:43
03-11 16:25:56.004 24109 24109 E ThermalEngine: parse_cooling_devices: Added cooling device: mmw3_dsc_kr with cdev id:61
03-11 16:25:56.004 24109 24109 E ThermalEngine: parse_cooling_devices: Added cooling device: cpu-hotplug6 with cdev id:23
03-11 16:25:56.004 24109 24109 E ThermalEngine: parse_cooling_devices: Added cooling device: sdr1_nr_dsc_kr with cdev id:51
03-11 16:25:56.004 24109 24109 I ThermalEngine: sensors_manager_init: Init
03-11 16:25:56.004 24109 24109 E ThermalEngine: Event ID:3 Sampling ID:2
03-11 16:25:56.011  3163  5235 E MotoSxfService: ModeUsage or ActivityState is null.
03-11 16:25:56.013  3163  7474 W AutofillManagerServiceImpl: getFillEventHistory() called by UID 10195, but service UID is 10240
03-11 16:25:56.034  2068  6060 I vendor.qti.bluetooth@1.0-ibs_handler: ProcessIbsCmd: Received IBS_SLEEP_IND: 0xFE
03-11 16:25:56.034  3163  7474 D ConnectivityService: requestNetwork for uid/pid:10633/4332 activeRequest: null callbackRequest: 22184 [NetworkRequest [ REQUEST id=22185, [ Capabilities: INTERNET&NOT_RESTRICTED&TRUSTED&NOT_VCN_MANAGED&NOT_BANDWIDTH_CONSTRAINED Uid: 10633 RequestorUid: 10633 RequestorPkg: com.mobilaurus.wingstopandroid UnderlyingNetworks: Null] ]] callback flags: 0 order: 2147483647 isUidTracked: false declaredMethods: ALL
03-11 16:25:56.035  3163  5158 D WifiNetworkFactory: got request NetworkRequest [ REQUEST id=22185, [ Capabilities: INTERNET&NOT_RESTRICTED&TRUSTED&NOT_VCN_MANAGED&NOT_BANDWIDTH_CONSTRAINED Uid: 10633 RequestorUid: 10633 RequestorPkg: com.mobilaurus.wingstopandroid UnderlyingNetworks: Null] ]
03-11 16:25:56.035  3163  5158 D UntrustedWifiNetworkFactory: got request NetworkRequest [ REQUEST id=22185, [ Capabilities: INTERNET&NOT_RESTRICTED&TRUSTED&NOT_VCN_MANAGED&NOT_BANDWIDTH_CONSTRAINED Uid: 10633 RequestorUid: 10633 RequestorPkg: com.mobilaurus.wingstopandroid UnderlyingNetworks: Null] ]
03-11 16:25:56.035  3163  5158 D OemPaidWifiNetworkFactory: got request NetworkRequest [ REQUEST id=22185, [ Capabilities: INTERNET&NOT_RESTRICTED&TRUSTED&NOT_VCN_MANAGED&NOT_BANDWIDTH_CONSTRAINED Uid: 10633 RequestorUid: 10633 RequestorPkg: com.mobilaurus.wingstopandroid UnderlyingNetworks: Null] ]
03-11 16:25:56.035  3163  5158 D MultiInternetWifiNetworkFactory: got request NetworkRequest [ REQUEST id=22185, [ Capabilities: INTERNET&NOT_RESTRICTED&TRUSTED&NOT_VCN_MANAGED&NOT_BANDWIDTH_CONSTRAINED Uid: 10633 RequestorUid: 10633 RequestorPkg: com.mobilaurus.wingstopandroid UnderlyingNetworks: Null] ]
03-11 16:25:56.036  3163  5168 D ConnectivityService: NetReassign [22185 : null → 141] [c 0] [a 0] [i 1]
03-11 16:25:56.068  4332  4398 I WM-WorkerWrapper: Worker result SUCCESS for Work [ id=abb48249-55c4-4b2d-8794-ee766e0c57a8, tags={ com.optimizely.ab.android.datafile_handler.DatafileWorker, DatafileWorkerY4Q9FGeb6TJeBBkQDLRNW } ]
03-11 16:25:56.102  7314  7314 D GameMode: onStartedActivityChange: componnent: ComponentInfo{com.duckduckgo.mobile.android/com.duckduckgo.app.browser.customtabs.CustomTabActivity} entered launcher screen? false
03-11 16:25:56.103  3163  5853 D PowerManagerService: nativeReleaseSuspendBlocker name:PowerManagerService.WakeLocks duration ms: 0
03-11 16:25:56.111 24109 24109 E ThermalEngine: Unable to change to /sys/devices/soc/
03-11 16:25:56.111 24109 24109 E ThermalEngine: bcl_setup: Unexpected node error
03-11 16:25:56.111 24109 24109 E ThermalEngine: add_tgt_sensor: bcl sensor setup failed failed.
03-11 16:25:56.111 24109 24109 E ThermalEngine: add_tgt_sensors_set_optional: Error adding bcl
03-11 16:25:56.111  2195  2586 I SDM     : DisplayBase::SetDisplayState: active 0-0 state 0-0 pending_power_state_ 0
03-11 16:25:56.112  2214  2254 W ANDR-PERF-LM: FeatureState: readState() 151: warning: appName is NULL, returning default State
03-11 16:25:56.112  2214  2254 W ANDR-PERF-LM: FeatureState: readState() 151: warning: appName is NULL, returning default State
03-11 16:25:56.112  2214  2254 W ANDR-PERF-LM: FeatureState: readState() 151: warning: appName is NULL, returning default State
03-11 16:25:56.113 24109 24109 E ThermalEngine: sysfs_setup: report: path /sys/class/power_supply/battery/capacity
03-11 16:25:56.113 24109 24109 E ThermalEngine: sysfs_setup: opening /sys/class/power_supply/battery/capacity
03-11 16:25:56.113  2300  2300 D SurfaceFlinger: Finished setting power mode 0 on display 4630947043778501762
03-11 16:25:56.113 24109 24109 E ThermalEngine: sysfs_setup: found sensor cluster0: cluster id = 0
03-11 16:25:56.113 24109 24109 E ThermalEngine: sysfs_setup: found sensor cluster1: cluster id = 1
03-11 16:25:56.113 24109 24109 E ThermalEngine: sysfs_setup: report: path /sys/class/power_supply/battery/charge_rate
03-11 16:25:56.113 24109 24109 E ThermalEngine: sysfs_setup: opening /sys/class/power_supply/battery/charge_rate
03-11 16:25:56.113  3163  5305 D SurfaceControl: Excessive delay in setPowerMode()
03-11 16:25:56.113  3163  5305 D PowerManagerService: nativeSetPowerMode ret:false mode:9 enabled:true duration ms: 0
03-11 16:25:56.114  2078  2078 I QTI PowerHAL: Power setMode: 7 to: 0
03-11 16:25:56.114  3163  3352 D PowerManagerService: nativeSetPowerMode ret:true mode:7 enabled:false duration ms: 0
03-11 16:25:56.114 24109 24109 E ThermalEngine: sysfs_setup: report: path /proc/loadavg
03-11 16:25:56.115 24109 24109 E ThermalEngine: sysfs_setup: opening /proc/loadavg
03-11 16:25:56.115 24109 24109 E ThermalEngine: sysfs_setup: report: path /proc/stat
03-11 16:25:56.115 24109 24109 E ThermalEngine: sysfs_setup: opening /proc/stat
03-11 16:25:56.115 24109 24109 E ThermalEngine: sysfs_setup: report: path /sys/class/power_supply/battery/capacity
03-11 16:25:56.115 24109 24109 E ThermalEngine: sysfs_setup: opening /sys/class/power_supply/battery/capacity
03-11 16:25:56.115 24109 24109 E ThermalEngine: sysfs_setup: report: path /sys/class/backlight/panel0-backlight/brightness
03-11 16:25:56.115 24109 24109 E ThermalEngine: sysfs_setup: opening /sys/class/backlight/panel0-backlight/brightness
03-11 16:25:56.115 24109 24109 E ThermalEngine: sysfs_setup: report: path /proc/stat
03-11 16:25:56.115 24109 24109 E ThermalEngine: sysfs_setup: opening /proc/stat
03-11 16:25:56.115 24109 24109 E ThermalEngine: sysfs_setup: report: path /sys/class/backlight/panel0-backlight/brightness
03-11 16:25:56.115 24109 24109 E ThermalEngine: sysfs_setup: opening /sys/class/backlight/panel0-backlight/brightness
03-11 16:25:56.115 24109 24109 E ThermalEngine: sysfs_setup: report: path /proc/loadavg
03-11 16:25:56.115 24109 24109 E ThermalEngine: sysfs_setup: opening /proc/loadavg
03-11 16:25:56.115 24109 24109 E ThermalEngine: sysfs_setup: report: path /sys/class/power_supply/wireless/online
03-11 16:25:56.115 24109 24109 E ThermalEngine: sysfs_setup: opening /sys/class/power_supply/wireless/online
03-11 16:25:56.115  3163  3352 I DreamManagerService: Entering dreamland. callers=com.android.server.dreams.DreamManagerService.startDreamInternal:531 com.android.server.dreams.DreamManagerService.-$$Nest$mstartDreamInternal:0 com.android.server.dreams.DreamManagerService$LocalService.startDream:1246 com.android.server.power.PowerManagerService.handleSandman:4199 com.android.server.power.PowerManagerService.-$$Nest$mhandleSandman:0 
03-11 16:25:56.116 24109 24109 E ThermalEngine: No hwmon device found in the kernel for sensor tmp108
03-11 16:25:56.116 24109 24109 E ThermalEngine: add_tgt_sensor: tmp108 sensor setup failed failed.
03-11 16:25:56.116 24109 24109 E ThermalEngine: add_tgt_sensors_set_optional: Error adding tmp108
03-11 16:25:56.116 24109 24109 E ThermalEngine: No hwmon device found in the kernel for sensor msm_tmp108
03-11 16:25:56.116 24109 24109 E ThermalEngine: add_tgt_sensor: msm_tmp108 sensor setup failed failed.
03-11 16:25:56.116 24109 24109 E ThermalEngine: add_tgt_sensors_set_optional: Error adding msm_tmp108
03-11 16:25:56.116 24109 24109 E ThermalEngine: No hwmon device found in the kernel for sensor quiet_tmp108
03-11 16:25:56.116 24109 24109 E ThermalEngine: add_tgt_sensor: quiet_tmp108 sensor setup failed failed.
03-11 16:25:56.116 24109 24109 E ThermalEngine: add_tgt_sensors_set_optional: Error adding quiet_tmp108
03-11 16:25:56.116 24109 24109 I ThermalEngine: Loading config file for virtual sensor
03-11 16:25:56.116 24109 24109 I ThermalEngine: Loading configuration file /vendor/etc/thermal-engine-lynkco-cli.conf
03-11 16:25:56.116 24109 24109 I ThermalEngine: Parsing section global
03-11 16:25:56.116 24109 24109 I ThermalEngine: Created section 'FRONT_TEMP'
03-11 16:25:56.116 24109 24109 I ThermalEngine: Algo Type 'virtual'
03-11 16:25:56.116 24109 24109 I ThermalEngine: Parsing section FRONT_TEMP
03-11 16:25:56.116 24109 24109 I ThermalEngine: Found field 'trip_sensor'
03-11 16:25:56.116 24109 24109 I ThermalEngine: Found field 'thresholds'
03-11 16:25:56.116 24109 24109 I ThermalEngine: Found field 'thresholds_clr'
03-11 16:25:56.116 24109 24109 I ThermalEngine: Found field 'sensors'
03-11 16:25:56.116 24109 24109 I ThermalEngine: Found field 'weights'
03-11 16:25:56.116 24109 24109 I ThermalEngine: Found field 'offsets'
03-11 16:25:56.116 24109 24109 I ThermalEngine: Found field 'sampling'
03-11 16:25:56.116 24109 24109 I ThermalEngine: Found field 'math'
03-11 16:25:56.116 24109 24109 I ThermalEngine: Found field 'sys_temp'
03-11 16:25:56.116 24109 24109 I ThermalEngine: Created section 'BACK_TEMP'
03-11 16:25:56.116 24109 24109 I ThermalEngine: Algo Type 'virtual'
03-11 16:25:56.117 24109 24109 I ThermalEngine: Parsing section BACK_TEMP
03-11 16:25:56.117 24109 24109 I ThermalEngine: Found field 'trip_sensor'
03-11 16:25:56.117 24109 24109 I ThermalEngine: Found field 'thresholds'
03-11 16:25:56.117 24109 24109 I ThermalEngine: Found field 'thresholds_clr'
03-11 16:25:56.117 24109 24109 I ThermalEngine: Found field 'sensors'
03-11 16:25:56.117 24109 24109 I ThermalEngine: Found field 'weights'
03-11 16:25:56.117 24109 24109 I ThermalEngine: Found field 'offsets'
03-11 16:25:56.117 24109 24109 I ThermalEngine: Found field 'sampling'
03-11 16:25:56.117 24109 24109 I ThermalEngine: Found field 'math'
03-11 16:25:56.117 24109 24109 I ThermalEngine: Found field 'sys_temp'
03-11 16:25:56.117 24109 24109 I ThermalEngine: Created section 'FUSE_TEMP'
03-11 16:25:56.117 24109 24109 I ThermalEngine: Algo Type 'virtual'
03-11 16:25:56.117 24109 24109 I ThermalEngine: Parsing section FUSE_TEMP
03-11 16:25:56.117 24109 24109 I ThermalEngine: Found field 'trip_sensor'
03-11 16:25:56.117 24109 24109 I ThermalEngine: Found field 'thresholds'
03-11 16:25:56.117 24109 24109 I ThermalEngine: Found field 'thresholds_clr'
03-11 16:25:56.117 24109 24109 I ThermalEngine: Found field 'sensors'
03-11 16:25:56.117 24109 24109 I ThermalEngine: Found field 'weights'
03-11 16:25:56.117 24109 24109 I ThermalEngine: Found field 'offsets'
03-11 16:25:56.117 24109 24109 I ThermalEngine: Found field 'sampling'
03-11 16:25:56.117 24109 24109 I ThermalEngine: Found field 'math'
03-11 16:25:56.117 24109 24109 I ThermalEngine: Found field 'sys_temp'
03-11 16:25:56.117 24109 24109 I ThermalEngine: Created section 'BCHG_TEMP'
03-11 16:25:56.117 24109 24109 I ThermalEngine: Algo Type 'virtual'
03-11 16:25:56.117 24109 24109 I ThermalEngine: Parsing section BCHG_TEMP
03-11 16:25:56.117 24109 24109 I ThermalEngine: Found field 'trip_sensor'
03-11 16:25:56.117 24109 24109 I ThermalEngine: Found field 'thresholds'
03-11 16:25:56.117 24109 24109 I ThermalEngine: Found field 'thresholds_clr'
03-11 16:25:56.117 24109 24109 I ThermalEngine: Found field 'sensors'
03-11 16:25:56.117 24109 24109 I ThermalEngine: Found field 'weights'
03-11 16:25:56.117 24109 24109 I ThermalEngine: Found field 'offsets'
03-11 16:25:56.117 24109 24109 I ThermalEngine: Found field 'sampling'
03-11 16:25:56.117 24109 24109 I ThermalEngine: Found field 'math'
03-11 16:25:56.117 24109 24109 I ThermalEngine: Created section 'FRONT_MDM'
03-11 16:25:56.117 24109 24109 I ThermalEngine: Algo Type 'virtual'
03-11 16:25:56.117 24109 24109 I ThermalEngine: Parsing section FRONT_MDM
03-11 16:25:56.117 24109 24109 I ThermalEngine: Found field 'sensors'
03-11 16:25:56.117 24109 24109 I ThermalEngine: Found field 'weights'
03-11 16:25:56.117 24109 24109 I ThermalEngine: Found field 'trip_sensor'
03-11 16:25:56.117 24109 24109 I ThermalEngine: Found field 'trip_sensor_logic'
03-11 16:25:56.117 24109 24109 I ThermalEngine: Found field 'thresholds'
03-11 16:25:56.117 24109 24109 I ThermalEngine: Found field 'thresholds_clr'
03-11 16:25:56.117 24109 24109 I ThermalEngine: Found field 'offsets'
03-11 16:25:56.117 24109 24109 I ThermalEngine: Found field 'sampling'
03-11 16:25:56.117 24109 24109 I ThermalEngine: Found field 'math'
03-11 16:25:56.117 24109 24109 I ThermalEngine: Created section 'BCAM_TEMP'
03-11 16:25:56.117 24109 24109 I ThermalEngine: Algo Type 'virtual'
03-11 16:25:56.117 24109 24109 I ThermalEngine: Parsing section BCAM_TEMP
03-11 16:25:56.117 24109 24109 I ThermalEngine: Found field 'trip_sensor'
03-11 16:25:56.117 24109 24109 I ThermalEngine: Found field 'thresholds'
03-11 16:25:56.117 24109 24109 I ThermalEngine: Found field 'thresholds_clr'
03-11 16:25:56.117 24109 24109 I ThermalEngine: Found field 'sensors'
03-11 16:25:56.117 24109 24109 I ThermalEngine: Found field 'weights'
03-11 16:25:56.117 24109 24109 I ThermalEngine: Found field 'offsets'
03-11 16:25:56.117 24109 24109 I ThermalEngine: Found field 'sampling'
03-11 16:25:56.117 24109 24109 I ThermalEngine: Found field 'math'
03-11 16:25:56.117 24109 24109 I ThermalEngine: Created section 'DETECT-STANDBY'
03-11 16:25:56.117 24109 24109 I ThermalEngine: Algo Type 'virtual'
03-11 16:25:56.117 24109 24109 I ThermalEngine: Parsing section DETECT-STANDBY
03-11 16:25:56.117 24109 24109 I ThermalEngine: Found field 'trip_sensor'
03-11 16:25:56.117 24109 24109 I ThermalEngine: Found field 'thresholds'
03-11 16:25:56.117 24109 24109 I ThermalEngine: Found field 'thresholds_clr'
03-11 16:25:56.117 24109 24109 I ThermalEngine: Found field 'sensors'
03-11 16:25:56.117 24109 24109 I ThermalEngine: Found field 'weights'
03-11 16:25:56.117 24109 24109 I ThermalEngine: Found field 'sampling'
03-11 16:25:56.117 24109 24109 I ThermalEngine: Found field 'math'
03-11 16:25:56.117 24109 24109 I ThermalEngine: Found field 'less_than'
03-11 16:25:56.117 24109 24109 I ThermalEngine: Created section 'DETECT-WLS'
03-11 16:25:56.117 24109 24109 I ThermalEngine: Algo Type 'virtual'
03-11 16:25:56.117 24109 24109 I ThermalEngine: Parsing section DETECT-WLS
03-11 16:25:56.117 24109 24109 I ThermalEngine: Found field 'trip_sensor'
03-11 16:25:56.117 24109 24109 I ThermalEngine: Found field 'thresholds'
03-11 16:25:56.117 24109 24109 I ThermalEngine: Found field 'thresholds_clr'
03-11 16:25:56.117 24109 24109 I ThermalEngine: Found field 'sensors'
03-11 16:25:56.117 24109 24109 I ThermalEngine: Found field 'sampling'
03-11 16:25:56.117 24109 24109 I ThermalEngine: Found field 'math'
03-11 16:25:56.118 24109 24109 I ThermalEngine: [VIRTUAL-FAIL-SAFE-TJ]
03-11 16:25:56.118 24109 24109 I ThermalEngine: #algo_type virtual
03-11 16:25:56.118 24109 24109 I ThermalEngine: sensors nspss-0 nspss-1 nspss-2 gpuss-0 gpuss-1 camera-0 camera-1 mdmss-0 mdmss-1 mdmss-2 mdmss-3 video
03-11 16:25:56.118 24109 24109 I ThermalEngine: weights
03-11 16:25:56.118 24109 24109 I ThermalEngine: trip_sensor nspss-0 nspss-1 nspss-2 gpuss-0 gpuss-1 camera-0 camera-1 mdmss-0 mdmss-1 mdmss-2 mdmss-3 video
03-11 16:25:56.118 24109 24109 I ThermalEngine: trip_sensor_logic || || || || || || || || || || ||
03-11 16:25:56.118 24109 24109 I ThermalEngine: thresholds 100000 100000 100000 100000 100000 100000 100000 100000 100000 100000 100000 100000
03-11 16:25:56.118 24109 24109 I ThermalEngine: thresholds_clr 90000 90000 90000 90000 90000 90000 90000 90000 90000 90000 90000 90000
03-11 16:25:56.118 24109 24109 I ThermalEngine: offsets
03-11 16:25:56.118 24109 24109 I ThermalEngine: sampling 10
03-11 16:25:56.118 24109 24109 I ThermalEngine: math 2
03-11 16:25:56.118 24109 24109 I ThermalEngine: ambient_value
03-11 16:25:56.118 24109 24109 I ThermalEngine: rise_value
03-11 16:25:56.118 24109 24109 I ThermalEngine: [VIRTUAL-CPU-GOLD-TJ-SHUTDOWN]
03-11 16:25:56.118 24109 24109 I ThermalEngine: #algo_type virtual
03-11 16:25:56.118 24109 24109 I ThermalEngine: sensors cpu-1-0 cpu-1-1 cpu-1-2 cpu-1-3 cpu-1-4 cpu-1-5 cpu-1-6 cpu-1-7
03-11 16:25:56.118 24109 24109 I ThermalEngine: weights
03-11 16:25:56.118 24109 24109 I ThermalEngine: trip_sensor cpu-1-0 cpu-1-1 cpu-1-2 cpu-1-3 cpu-1-4 cpu-1-5 cpu-1-6 cpu-1-7
03-11 16:25:56.118 24109 24109 I ThermalEngine: trip_sensor_logic || || || || || || ||
03-11 16:25:56.118 24109 24109 I ThermalEngine: thresholds 115000 115000 115000 115000 115000 115000 115000 115000
03-11 16:25:56.118 24109 24109 I ThermalEngine: thresholds_clr 100000 100000 100000 100000 100000 100000 100000 100000
03-11 16:25:56.118 24109 24109 I ThermalEngine: offsets
03-11 16:25:56.118 24109 24109 I ThermalEngine: sampling 10
03-11 16:25:56.118 24109 24109 I ThermalEngine: math 2
03-11 16:25:56.118 24109 24109 I ThermalEngine: ambient_value
03-11 16:25:56.118 24109 24109 I ThermalEngine: rise_value
03-11 16:25:56.118 24109 24109 I ThermalEngine: [VIRTUAL-CPU-TJ-SHUTDOWN]
03-11 16:25:56.118 24109 24109 I ThermalEngine: #algo_type virtual
03-11 16:25:56.118 24109 24109 I ThermalEngine: sensors cpu-0-0 cpu-0-1 cpu-0-2 cpu-0-3 cpuss-0 cpuss-1
03-11 16:25:56.118 24109 24109 I ThermalEngine: weights
03-11 16:25:56.118 24109 24109 I ThermalEngine: trip_sensor cpu-0-0 cpu-0-1 cpu-0-2 cpu-0-3 cpuss-0 cpuss-1
03-11 16:25:56.118 24109 24109 I ThermalEngine: trip_sensor_logic || || || || ||
03-11 16:25:56.118 24109 24109 I ThermalEngine: thresholds 115000 115000 115000 115000 115000 115000
03-11 16:25:56.118 24109 24109 I ThermalEngine: thresholds_clr 100000 100000 100000 100000 100000 100000
03-11 16:25:56.118 24109 24109 I ThermalEngine: offsets
03-11 16:25:56.118 24109 24109 I ThermalEngine: sampling 10
03-11 16:25:56.118 24109 24109 I ThermalEngine: math 2
03-11 16:25:56.118 24109 24109 I ThermalEngine: ambient_value
03-11 16:25:56.118 24109 24109 I ThermalEngine: rise_value
03-11 16:25:56.118 24109 24109 I ThermalEngine: [VIRTUAL-NSP-TJ-SHUTDOWN]
03-11 16:25:56.118 24109 24109 I ThermalEngine: #algo_type virtual
03-11 16:25:56.118 24109 24109 I ThermalEngine: sensors nspss-0 nspss-1 nspss-2
03-11 16:25:56.118 24109 24109 I ThermalEngine: weights
03-11 16:25:56.118 24109 24109 I ThermalEngine: trip_sensor nspss-0 nspss-1 nspss-2
03-11 16:25:56.118 24109 24109 I ThermalEngine: trip_sensor_logic || ||
03-11 16:25:56.118 24109 24109 I ThermalEngine: thresholds 115000 115000 115000
03-11 16:25:56.118 24109 24109 I ThermalEngine: thresholds_clr 100000 100000 100000
03-11 16:25:56.118 24109 24109 I ThermalEngine: offsets
03-11 16:25:56.118 24109 24109 I ThermalEngine: sampling 10
03-11 16:25:56.118 24109 24109 I ThermalEngine: math 2
03-11 16:25:56.118 24109 24109 I ThermalEngine: ambient_value
03-11 16:25:56.118 24109 24109 I ThermalEngine: rise_value
03-11 16:25:56.118 24109 24109 I ThermalEngine: [VIRTUAL-MDM-TJ-SHUTDOWN]
03-11 16:25:56.118 24109 24109 I ThermalEngine: #algo_type virtual
03-11 16:25:56.118 24109 24109 I ThermalEngine: sensors mdmss-0 mdmss-1 mdmss-2 mdmss-3
03-11 16:25:56.118 24109 24109 I ThermalEngine: weights
03-11 16:25:56.118 24109 24109 I ThermalEngine: trip_sensor mdmss-0 mdmss-1 mdmss-2 mdmss-3
03-11 16:25:56.118 24109 24109 I ThermalEngine: trip_sensor_logic || || ||
03-11 16:25:56.118 24109 24109 I ThermalEngine: thresholds 115000 115000 115000 115000
03-11 16:25:56.118 24109 24109 I ThermalEngine: thresholds_clr 100000 100000 100000 100000
03-11 16:25:56.118 24109 24109 I ThermalEngine: offsets
03-11 16:25:56.118 24109 24109 I ThermalEngine: sampling 10
03-11 16:25:56.118 24109 24109 I ThermalEngine: math 2
03-11 16:25:56.118 24109 24109 I ThermalEngine: ambient_value
03-11 16:25:56.118 24109 24109 I ThermalEngine: rise_value
03-11 16:25:56.118 24109 24109 I ThermalEngine: [VIRTUAL-MM-TJ-SHUTDOWN]
03-11 16:25:56.118 24109 24109 I ThermalEngine: #algo_type virtual
03-11 16:25:56.118 24109 24109 I ThermalEngine: sensors gpuss-0 gpuss-1 video ddr camera-0 camera-1
03-11 16:25:56.118 24109 24109 I ThermalEngine: weights
03-11 16:25:56.118 24109 24109 I ThermalEngine: trip_sensor gpuss-0 gpuss-1 video ddr camera-0 camera-1
03-11 16:25:56.118 24109 24109 I ThermalEngine: trip_sensor_logic || || || || ||
03-11 16:25:56.118 24109 24109 I ThermalEngine: thresholds 115000 115000 115000 115000 115000 115000
03-11 16:25:56.118 24109 24109 I ThermalEngine: thresholds_clr 100000 100000 100000 100000 100000 100000
03-11 16:25:56.118 24109 24109 I ThermalEngine: offsets
03-11 16:25:56.118 24109 24109 I ThermalEngine: sampling 10
03-11 16:25:56.118 24109 24109 I ThermalEngine: math 2
03-11 16:25:56.118 24109 24109 I ThermalEngine: ambient_value
03-11 16:25:56.118 24109 24109 I ThermalEngine: rise_value
03-11 16:25:56.118 24109 24109 I ThermalEngine: [VIRTUAL-PMIC-ALARM-SHUTDOWN]
03-11 16:25:56.118 24109 24109 I ThermalEngine: #algo_type virtual
03-11 16:25:56.118 24109 24109 I ThermalEngine: sensors pm7325_tz pm8350c_tz
03-11 16:25:56.118 24109 24109 I ThermalEngine: weights
03-11 16:25:56.118 24109 24109 I ThermalEngine: trip_sensor pm7325_tz pm8350c_tz
03-11 16:25:56.118 24109 24109 I ThermalEngine: trip_sensor_logic ||
03-11 16:25:56.118 24109 24109 I ThermalEngine: thresholds 115000 115000
03-11 16:25:56.118 24109 24109 I ThermalEngine: thresholds_clr 100000 100000
03-11 16:25:56.118 24109 24109 I ThermalEngine: offsets
03-11 16:25:56.118 24109 24109 I ThermalEngine: sampling 10
03-11 16:25:56.118 24109 24109 I ThermalEngine: math 2
03-11 16:25:56.118 24109 24109 I ThermalEngine: ambient_value
03-11 16:25:56.118 24109 24109 I ThermalEngine: rise_value
03-11 16:25:56.118 24109 24109 I ThermalEngine: [FRONT_TEMP]
03-11 16:25:56.118 24109 24109 I ThermalEngine: algo_type virtual
03-11 16:25:56.118 24109 24109 I ThermalEngine: sensors msm-therm cam-therm quiet-therm mchg-therm
03-11 16:25:56.118 24109 24109 I ThermalEngine: weights 22 26 39 13
03-11 16:25:56.118 24109 24109 I ThermalEngine: trip_sensor msm-therm
03-11 16:25:56.118 24109 24109 I ThermalEngine: thresholds -18000
03-11 16:25:56.118 24109 24109 I ThermalEngine: thresholds_clr -20000
03-11 16:25:56.118 24109 24109 I ThermalEngine: offsets -2000 0 0 0
03-11 16:25:56.118 24109 24109 I ThermalEngine: sampling 5000
03-11 16:25:56.118 24109 24109 I ThermalEngine: math 0
03-11 16:25:56.118 24109 24109 I ThermalEngine: sys_temp
03-11 16:25:56.118 24109 24109 I ThermalEngine: ambient_value
03-11 16:25:56.118 24109 24109 I ThermalEngine: rise_value
03-11 16:25:56.118 24109 24109 I ThermalEngine: [BACK_TEMP]
03-11 16:25:56.118 24109 24109 I ThermalEngine: algo_type virtual
03-11 16:25:56.118 24109 24109 I ThermalEngine: sensors msm-therm cam-therm quiet-therm mchg-therm
03-11 16:25:56.118 24109 24109 I ThermalEngine: weights 22 26 39 13
03-11 16:25:56.118 24109 24109 I ThermalEngine: trip_sensor msm-therm
03-11 16:25:56.118 24109 24109 I ThermalEngine: thresholds -18000
03-11 16:25:56.118 24109 24109 I ThermalEngine: thresholds_clr -20000
03-11 16:25:56.118 24109 24109 I ThermalEngine: offsets -2000 0 0 0
03-11 16:25:56.118 24109 24109 I ThermalEngine: sampling 5000
03-11 16:25:56.118 24109 24109 I ThermalEngine: math 0
03-11 16:25:56.118 24109 24109 I ThermalEngine: sys_temp
03-11 16:25:56.118 24109 24109 I ThermalEngine: ambient_value
03-11 16:25:56.118 24109 24109 I ThermalEngine: rise_value
03-11 16:25:56.118 24109 24109 I ThermalEngine: [FUSE_TEMP]
03-11 16:25:56.118 24109 24109 I ThermalEngine: algo_type virtual
03-11 16:25:56.118 24109 24109 I ThermalEngine: sensors msm-therm cam-therm quiet-therm mchg-therm
03-11 16:25:56.118 24109 24109 I ThermalEngine: weights 20 32 39 9
03-11 16:25:56.118 24109 24109 I ThermalEngine: trip_sensor msm-therm
03-11 16:25:56.118 24109 24109 I ThermalEngine: thresholds -18000
03-11 16:25:56.118 24109 24109 I ThermalEngine: thresholds_clr -20000
03-11 16:25:56.118 24109 24109 I ThermalEngine: offsets 0 0 0 0
03-11 16:25:56.118 24109 24109 I ThermalEngine: sampling 2000
03-11 16:25:56.118 24109 24109 I ThermalEngine: math 0
03-11 16:25:56.118 24109 24109 I ThermalEngine: sys_temp
03-11 16:25:56.118 24109 24109 I ThermalEngine: ambient_value
03-11 16:25:56.118 24109 24109 I ThermalEngine: rise_value
03-11 16:25:56.118 24109 24109 I ThermalEngine: [BCHG_TEMP]
03-11 16:25:56.118 24109 24109 I ThermalEngine: algo_type virtual
03-11 16:25:56.118 24109 24109 I ThermalEngine: sensors msm-therm cam-therm quiet-therm mchg-therm
03-11 16:25:56.118 24109 24109 I ThermalEngine: weights 22 26 39 13
03-11 16:25:56.118 24109 24109 I ThermalEngine: trip_sensor msm-therm
03-11 16:25:56.118 24109 24109 I ThermalEngine: thresholds -18000
03-11 16:25:56.118 24109 24109 I ThermalEngine: thresholds_clr -20000
03-11 16:25:56.118 24109 24109 I ThermalEngine: offsets 0 0 0 0
03-11 16:25:56.118 24109 24109 I ThermalEngine: sampling 2000
03-11 16:25:56.118 24109 24109 I ThermalEngine: math 0
03-11 16:25:56.118 24109 24109 I ThermalEngine: ambient_value
03-11 16:25:56.118 24109 24109 I ThermalEngine: rise_value
03-11 16:25:56.118 24109 24109 I ThermalEngine: [FRONT_MDM]
03-11 16:25:56.118 24109 24109 I ThermalEngine: algo_type virtual
03-11 16:25:56.118 24109 24109 I ThermalEngine: sensors msm-therm cam-therm quiet-therm mchg-therm
03-11 16:25:56.118 24109 24109 I ThermalEngine: weights 20 32 39 9
03-11 16:25:56.118 24109 24109 I ThermalEngine: trip_sensor mdmss-0 mdmss-1 mdmss-2 mdmss-3
03-11 16:25:56.118 24109 24109 I ThermalEngine: trip_sensor_logic || || ||
03-11 16:25:56.118 24109 24109 I ThermalEngine: thresholds 65000 65000 65000 65000
03-11 16:25:56.118 24109 24109 I ThermalEngine: thresholds_clr 40000 40000 40000 40000
03-11 16:25:56.118 24109 24109 I ThermalEngine: offsets 1000 0 0 0
03-11 16:25:56.118 24109 24109 I ThermalEngine: sampling 2000
03-11 16:25:56.118 24109 24109 I ThermalEngine: math 0
03-11 16:25:56.118 24109 24109 I ThermalEngine: ambient_value
03-11 16:25:56.118 24109 24109 I ThermalEngine: rise_value
03-11 16:25:56.118 24109 24109 I ThermalEngine: [BCAM_TEMP]
03-11 16:25:56.118 24109 24109 I ThermalEngine: algo_type virtual
03-11 16:25:56.118 24109 24109 I ThermalEngine: sensors msm-therm cam-therm quiet-therm mchg-therm
03-11 16:25:56.118 24109 24109 I ThermalEngine: weights 22 26 39 13
03-11 16:25:56.118 24109 24109 I ThermalEngine: trip_sensor msm-therm
03-11 16:25:56.118 24109 24109 I ThermalEngine: thresholds -18000
03-11 16:25:56.118 24109 24109 I ThermalEngine: thresholds_clr -20000
03-11 16:25:56.118 24109 24109 I ThermalEngine: offsets 1500 0 0 0
03-11 16:25:56.118 24109 24109 I ThermalEngine: sampling 2000
03-11 16:25:56.118 24109 24109 I ThermalEngine: math 0
03-11 16:25:56.118 24109 24109 I ThermalEngine: ambient_value
03-11 16:25:56.118 24109 24109 I ThermalEngine: rise_value
03-11 16:25:56.118 24109 24109 I ThermalEngine: [DETECT-STANDBY]
03-11 16:25:56.118 24109 24109 I ThermalEngine: algo_type virtual
03-11 16:25:56.118 24109 24109 I ThermalEngine: sensors cpu_utilization lcd_brightness_value
03-11 16:25:56.118 24109 24109 I ThermalEngine: weights 12 50
03-11 16:25:56.118 24109 24109 I ThermalEngine: trip_sensor msm-therm
03-11 16:25:56.118 24109 24109 I ThermalEngine: thresholds -18000
03-11 16:25:56.118 24109 24109 I ThermalEngine: thresholds_clr -20000
03-11 16:25:56.118 24109 24109 I ThermalEngine: offsets
03-11 16:25:56.118 24109 24109 I ThermalEngine: sampling 5000
03-11 16:25:56.118 24109 24109 I ThermalEngine: math 7
03-11 16:25:56.118 24109 24109 I ThermalEngine: less_than
03-11 16:25:56.118 24109 24109 I ThermalEngine: ambient_value
03-11 16:25:56.118 24109 24109 I ThermalEngine: rise_value
03-11 16:25:56.118 24109 24109 I ThermalEngine: [DETECT-WLS]
03-11 16:25:56.118 24109 24109 I ThermalEngine: algo_type virtual
03-11 16:25:56.118 24109 24109 I ThermalEngine: sensors wireless_online
03-11 16:25:56.118 24109 24109 I ThermalEngine: weights
03-11 16:25:56.118 24109 24109 I ThermalEngine: trip_sensor msm-therm
03-11 16:25:56.118 24109 24109 I ThermalEngine: thresholds -18000
03-11 16:25:56.118 24109 24109 I ThermalEngine: thresholds_clr -20000
03-11 16:25:56.118 24109 24109 I ThermalEngine: offsets
03-11 16:25:56.118 24109 24109 I ThermalEngine: sampling 5000
03-11 16:25:56.118 24109 24109 I ThermalEngine: math 3
03-11 16:25:56.118 24109 24109 I ThermalEngine: ambient_value
03-11 16:25:56.118 24109 24109 I ThermalEngine: rise_value
03-11 16:25:56.120  2078  2078 I QTI PowerHAL: Got set_interactive hint
03-11 16:25:56.120  2078  2078 I QTI PowerHAL: Got set_interactive hint on= 0, count= 1566
03-11 16:25:56.121  3163  3352 D PowerManagerService: nativeAcquireSuspendBlocker name:PowerManagerService.WakeLocks duration ms: 5
03-11 16:25:56.121  3163  3352 D PowerManagerService: nativeReleaseSuspendBlocker name:PowerManagerService.Display duration ms: 0
03-11 16:25:56.121  3163  3352 D PowerManagerService: nativeSetAutoSuspend enable:true duration ms: 0
03-11 16:25:56.121  3163  3352 I PowerManagerService: Dozing... groupId=1
03-11 16:25:56.121  3163  3352 D PowerManagerService: handleSandman ignore 0
03-11 16:25:56.124  3163  3227 I DreamController: Starting dream: name=ComponentInfo{com.android.systemui/com.android.systemui.doze.DozeService}, isPreviewMode=false, canDoze=true, userId=0, reason='power manager request', mCurrentDreamStartTime=190655448, isFirstTimeDream=false
03-11 16:25:56.127  4332  4338 W wingstopandroid: Reducing the number of considered missed Gc histogram windows from 145 to 100
03-11 16:25:56.131  5625  5625 I vol.VolumeDialogImpl: mDialog.dismiss() reason: volume_controller from: com.android.systemui.volume.VolumeDialogImpl$10.onDismissRequested:3 displayId: 0 mShowing: false mIsAnimatingDismiss: true
03-11 16:25:56.131  5625  5625 D vol.VolumeDialogImpl: dismissH: skipping dismiss because isAnimatingDismiss is true and showingStateInconsistent is false
03-11 16:25:56.133  3706  3728 I android.hardware.thermal@2.0-service.qti-v2: Sensor Name:GPU0 temp: 40.7. prev severity:0. cur severity:0 New severity:0
03-11 16:25:56.133  3706  3728 I android.hardware.thermal@2.0-service.qti-v2: Sensor Name:GPU1 temp: 40. prev severity:0. cur severity:0 New severity:0
