03-11 16:32:34.160  3163  5853 W PackageManager: Missing required system package: com.lowes.android, but found with extended search.
03-11 16:32:34.160  3163  5853 W PackageManager: Missing required system package: com.littlecaesars, but found with extended search.
03-11 16:32:34.160  3163  5853 W PackageManager: Missing required system package: com.linkedin.android, but found with extended search.
03-11 16:32:34.160  3163  5853 W PackageManager: Missing required system package: com.lemon.lvoverseas, but found with extended search.
03-11 16:32:34.160  3163  5853 W PackageManager: Missing required system package: com.kohls.mcommerce.opal, but found with extended search.
03-11 16:32:34.160  3163  5853 W PackageManager: Missing required system package: com.kinpos.wallytech, but found with extended search.
03-11 16:32:34.160  3163  5853 W PackageManager: Missing required system package: com.kfc.us.mobile, but found with extended search.
03-11 16:32:34.160  3163  5853 W PackageManager: Missing required system package: com.joom, but found with extended search.
03-11 16:32:34.160  3163  5853 W PackageManager: Missing required system package: com.instagram.barcelona, but found with extended search.
03-11 16:32:34.160  3163  5853 W PackageManager: Missing required system package: com.instagram.android, but found with extended search.
03-11 16:32:34.160  3163  5853 W PackageManager: Missing required system package: com.instacart.client, but found with extended search.
03-11 16:32:34.160  3163  5853 W PackageManager: Missing required system package: com.inmobi.weather, but found with extended search.
03-11 16:32:34.160  3163  5853 W PackageManager: Missing required system package: com.infraware.office.link, but found with extended search.
03-11 16:32:34.160  3163  5853 W PackageManager: Missing required system package: com.inditex.zara, but found with extended search.
03-11 16:32:34.160  3163  5853 W PackageManager: Missing required system package: com.hollar.android, but found with extended search.
03-11 16:32:34.160  3163  5853 W PackageManager: Missing required system package: com.hm.goe, but found with extended search.
03-11 16:32:34.160  3163  5853 W PackageManager: Missing required system package: com.guardian, but found with extended search.
03-11 16:32:34.160  3163  5853 W PackageManager: Missing required system package: com.grubhub.android, but found with extended search.
03-11 16:32:34.160  3163  5853 W PackageManager: Missing required system package: com.groupon, but found with extended search.
03-11 16:32:34.160  3163  5853 W PackageManager: Missing required system package: com.google.android.apps.fitness, but found with extended search.
03-11 16:32:34.160  3163  5853 W PackageManager: Missing required system package: com.google.android.apps.chromecast.app, but found with extended search.
03-11 16:32:34.160  3163  5853 W PackageManager: Missing required system package: com.google.android.apps.adm, but found with extended search.
03-11 16:32:34.160  3163  5853 W PackageManager: Missing required system package: com.freecash.app2, but found with extended search.
03-11 16:32:34.160  3163  5853 W PackageManager: Missing required system package: com.foxnews.android, but found with extended search.
03-11 16:32:34.160 28905 29391 I NearbyDiscovery: (REDACTED) FastPairHandler: Received action %s
03-11 16:32:34.160  3163  5853 W PackageManager: Missing required system package: com.flipkart.android, but found with extended search.
03-11 16:32:34.160  3163  5853 W PackageManager: Missing required system package: com.facebook.katana, but found with extended search.
03-11 16:32:34.160  3163  5853 W PackageManager: Missing required system package: com.etsy.android, but found with extended search.
03-11 16:32:34.161  3163  5853 W PackageManager: Missing required system package: com.etrade.mobilepro.activity, but found with extended search.
03-11 16:32:34.161  3163  5853 W PackageManager: Missing required system package: com.emn8.mobilem8.nativeapp.popeyes, but found with extended search.
03-11 16:32:34.161  3163  5853 W PackageManager: Missing required system package: com.emn8.mobilem8.nativeapp.bk, but found with extended search.
03-11 16:32:34.161 28905 29391 I NearbyDiscovery: (REDACTED) PureOffloadFastPairScanner: eventType=%s, isInternalReq=%s, isScanning=%s, isScanningAllowed=%s
03-11 16:32:34.161  3163  5853 W PackageManager: Missing required system package: com.einnovation.temu, but found with extended search.
03-11 16:32:34.161  3163  5853 W PackageManager: Missing required system package: com.ebay.motorsapp, but found with extended search.
03-11 16:32:34.161 28905 29391 I NearbyDiscovery: (REDACTED) ApFastPairScanner: isScreenOn=%s, isLocationEnabled=%s, disableLocationRequirement=%s, isDiscoveryScanningEnabled=%s, during24GhzWifiWarmingUpPeriod=%s
03-11 16:32:34.161  3163  5853 W PackageManager: Missing required system package: com.ebay.mobile, but found with extended search.
03-11 16:32:34.161  3163  5853 W PackageManager: Missing required system package: com.dutchbros.loyalty, but found with extended search.
03-11 16:32:34.161 28905 29391 D BluetoothAdapter: isLeEnabled(): ON
03-11 16:32:34.161  3163  5853 W PackageManager: Missing required system package: com.dunkinbrands.otgo, but found with extended search.
03-11 16:32:34.161 28905 29391 I NearbyDiscovery: (REDACTED) ApFastPairScanner: eventType=%s, intReq=%s, scanning=%s, scanAllowed=%s, bleEnabled=%s, lockScanRate=%s, startScanningByLowPowerMode=%s
03-11 16:32:34.161  3163  5853 W PackageManager: Missing required system package: com.duckduckgo.mobile.android, but found with extended search.
03-11 16:32:34.161  3163  5853 W PackageManager: Missing required system package: com.doordash.driverapp, but found with extended search.
03-11 16:32:34.161  3163  5853 W PackageManager: Missing required system package: com.dominospizza, but found with extended search.
03-11 16:32:34.161  3163  5853 W PackageManager: Missing required system package: com.divvypay.Divvy, but found with extended search.
03-11 16:32:34.161  3163  5853 W PackageManager: Missing required system package: com.disney.disneystore_goo, but found with extended search.
03-11 16:32:34.161  3163  5853 W PackageManager: Missing required system package: com.dd.doordash, but found with extended search.
03-11 16:32:34.161  3163  5853 W PackageManager: Missing required system package: com.dayspringtech.envelopes, but found with extended search.
03-11 16:32:34.161  3163  5853 W PackageManager: Missing required system package: com.coulombtech, but found with extended search.
03-11 16:32:34.161 28905 29391 I NearbyDiscovery: (REDACTED) ApFastPairScanner: isScreenOn=%s, isLocationEnabled=%s, disableLocationRequirement=%s, isDiscoveryScanningEnabled=%s, during24GhzWifiWarmingUpPeriod=%s
03-11 16:32:34.161  3163  5853 W PackageManager: Missing required system package: com.costco.app.android, but found with extended search.
03-11 16:32:34.161  3163  5853 W PackageManager: Missing required system package: com.contextlogic.wish, but found with extended search.
03-11 16:32:34.161 28905 29391 I NearbyDiscovery: (REDACTED) ApFastPairScanner: Start scanning internally, %s
03-11 16:32:34.161  3163  5853 W PackageManager: Missing required system package: com.coinbase.android, but found with extended search.
03-11 16:32:34.161  3163  5853 W PackageManager: Missing required system package: com.cnn.mobile.android.phone, but found with extended search.
03-11 16:32:34.161  3163  5853 W PackageManager: Missing required system package: com.clubhouse.app, but found with extended search.
03-11 16:32:34.161 28905 29391 D BluetoothAdapter: isLeEnabled(): ON
03-11 16:32:34.161  3163  5853 W PackageManager: Missing required system package: com.citymapper.app.release, but found with extended search.
03-11 16:32:34.161  3163  5853 W PackageManager: Missing required system package: com.citi.citimobile, but found with extended search.
03-11 16:32:34.161  3163  5853 W PackageManager: Missing required system package: com.chipotle.ordering, but found with extended search.
03-11 16:32:34.161  3163  5853 W PackageManager: Missing required system package: com.chickfila.cfaflagship, but found with extended search.
03-11 16:32:34.161  3163  5853 W PackageManager: Missing required system package: com.checkitt, but found with extended search.
03-11 16:32:34.161  3163  5853 W PackageManager: Missing required system package: com.chase.sig.android, but found with extended search.
03-11 16:32:34.161  3163  5853 W PackageManager: Missing required system package: com.buxfer.app, but found with extended search.
03-11 16:32:34.161  3163  5853 W PackageManager: Missing required system package: com.buffalowildwings.blazinrewards, but found with extended search.
03-11 16:32:34.161  3163  5853 W PackageManager: Missing required system package: com.bp.app.bpme.global.ros, but found with extended search.
03-11 16:32:34.161  3163  5853 W PackageManager: Missing required system package: com.booking, but found with extended search.
03-11 16:32:34.161  3163  5853 W PackageManager: Missing required system package: com.bigbasket.mobileapp, but found with extended search.
03-11 16:32:34.161  3163  5853 W PackageManager: Missing required system package: com.bhphoto, but found with extended search.
03-11 16:32:34.162  3163  5853 W PackageManager: Missing required system package: com.bestbuy.android, but found with extended search.
03-11 16:32:34.162  3163  5853 W PackageManager: Missing required system package: com.autonavi.minimap, but found with extended search.
03-11 16:32:34.162  3163  5853 W PackageManager: Missing required system package: com.app.tgtg, but found with extended search.
03-11 16:32:34.162  3163  5853 W PackageManager: Missing required system package: com.amazon.mShop.android.shopping, but found with extended search.
03-11 16:32:34.162  3163  5853 W PackageManager: Missing required system package: com.alibaba.aliexpresshd, but found with extended search.
03-11 16:32:34.162  3163  5853 W PackageManager: Missing required system package: com.adidas.app, but found with extended search.
03-11 16:32:34.162  3163  5853 W PackageManager: Missing required system package: com.acorns.early, but found with extended search.
03-11 16:32:34.162  3163  5853 W PackageManager: Missing required system package: com.acorns.android, but found with extended search.
03-11 16:32:34.162  3163  5853 W PackageManager: Missing required system package: com.Splitwise.SplitwiseMobile, but found with extended search.
03-11 16:32:34.162  3163  5853 W PackageManager: Missing required system package: app.simple.com, but found with extended search.
03-11 16:32:34.162  3163  5853 W PackageManager: Missing required system package: app.organicmaps, but found with extended search.
03-11 16:32:34.162  3163  5853 W PackageManager: Missing required system package: tv.pluto.android, but found with extended search.
03-11 16:32:34.162  3163  5853 W PackageManager: Missing required system package: net.sharewire.parkmobilev2, but found with extended search.
03-11 16:32:34.162  3163  5853 W PackageManager: Missing required system package: digit.android, but found with extended search.
03-11 16:32:34.162  3163  5853 W PackageManager: Missing required system package: com.walmart.android, but found with extended search.
03-11 16:32:34.162  3163  5853 W PackageManager: Missing required system package: com.uniqlo.usa.catalogue, but found with extended search.
03-11 16:32:34.162  3163  5853 W PackageManager: Missing required system package: com.ubercab.eats, but found with extended search.
03-11 16:32:34.162  3163  5853 W PackageManager: Missing required system package: com.tubitv, but found with extended search.
03-11 16:32:34.162  3163  5853 W PackageManager: Missing required system package: com.thetransitapp.droid, but found with extended search.
03-11 16:32:34.162  3163  5853 W PackageManager: Missing required system package: com.thehomedepot, but found with extended search.
03-11 16:32:34.162  3163  5853 W PackageManager: Missing required system package: com.target.ui, but found with extended search.
03-11 16:32:34.162  3163  5853 W PackageManager: Missing required system package: com.starbucks.mobilecard, but found with extended search.
03-11 16:32:34.162  3163  5853 W PackageManager: Missing required system package: com.squareup.cash, but found with extended search.
03-11 16:32:34.163  3163  5853 W PackageManager: Missing required system package: com.snapdeal.main, but found with extended search.
03-11 16:32:34.163  3163  5853 W PackageManager: Missing required system package: com.shopify.arrive, but found with extended search.
03-11 16:32:34.163  3163  5853 W PackageManager: Missing required system package: com.rfi.sams.android, but found with extended search.
03-11 16:32:34.163  3163  5853 W PackageManager: Missing required system package: com.remitly.androidapp, but found with extended search.
03-11 16:32:34.163  3163  5853 W PackageManager: Missing required system package: com.qapital, but found with extended search.
03-11 16:32:34.163  3163  5853 W PackageManager: Missing required system package: com.paypal.android.p2pmobile, but found with extended search.
03-11 16:32:34.163  3163  5853 W PackageManager: Missing required system package: com.overstock, but found with extended search.
03-11 16:32:34.163  3163  5853 W PackageManager: Missing required system package: com.opera.browser, but found with extended search.
03-11 16:32:34.163  3163  5853 W PackageManager: Missing required system package: com.nytimes.android, but found with extended search.
03-11 16:32:34.163  3163  5853 W PackageManager: Missing required system package: com.nordstrom.app, but found with extended search.
03-11 16:32:34.163  3163  5853 W PackageManager: Missing required system package: com.nextdoor, but found with extended search.
03-11 16:32:34.163  3163  5853 W PackageManager: Missing required system package: com.infonow.bofa, but found with extended search.
03-11 16:32:34.163  3163  5853 W PackageManager: Missing required system package: com.here.app.maps, but found with extended search.
03-11 16:32:34.163  3163  5853 W PackageManager: Missing required system package: com.google.android.apps.walletnfcrel, but found with extended search.
03-11 16:32:34.163  3163  5853 W PackageManager: Missing required system package: com.google.android.apps.magazines, but found with extended search.
03-11 16:32:34.163  3163  5853 W PackageManager: Missing required system package: com.google.android.apps.docs.editors.slides, but found with extended search.
03-11 16:32:34.163  3163  5853 W PackageManager: Missing required system package: com.google.android.apps.docs.editors.sheets, but found with extended search.
03-11 16:32:34.163  3163  5853 W PackageManager: Missing required system package: com.google.android.apps.docs.editors.docs, but found with extended search.
03-11 16:32:34.163  3163  5853 W PackageManager: Missing required system package: com.fusionmedia.investing, but found with extended search.
03-11 16:32:34.163  3163  5853 W PackageManager: Missing required system package: com.fidelity.android, but found with extended search.
03-11 16:32:34.163  3163  5853 W PackageManager: Missing required system package: com.expedia.bookings, but found with extended search.
03-11 16:32:34.163  3163  5853 W PackageManager: Missing required system package: com.depop, but found with extended search.
03-11 16:32:34.163  3163  5853 W PackageManager: Missing required system package: com.creditkarma.mobile, but found with extended search.
03-11 16:32:34.163  3163  5853 W PackageManager: Missing required system package: co.tapcart.app.id_CeeweiHh1L, but found with extended search.
03-11 16:32:34.163  5658  7621 I bt_shim_scanner: system/main/shim/le_scanning_manager.cc:172 RegisterScanner: in shim layer
03-11 16:32:34.164 28905 28914 D BluetoothLeScanner: onScannerRegistered() - status=0 scannerId=1 mScannerId=0
03-11 16:32:34.166  5658  6105 I bt_shim_scanner: system/main/shim/le_scanning_manager.cc:282 ScanFilterEnable: in shim layer
03-11 16:32:34.166  5658  6105 I bt_shim_scanner: system/main/shim/le_scanning_manager.cc:258 ScanFilterAdd: in shim layer
03-11 16:32:34.167  5658  6105 I bt_shim_scanner: system/main/shim/le_scanning_manager.cc:220 ScanFilterParamSetup: in shim layer, clientIf=1
03-11 16:32:34.167  5658  6105 I bt_shim_scanner: system/main/shim/le_scanning_manager.cc:258 ScanFilterAdd: in shim layer
03-11 16:32:34.167  5658  6105 I bt_shim_scanner: system/main/shim/le_scanning_manager.cc:220 ScanFilterParamSetup: in shim layer, clientIf=1
03-11 16:32:34.167  5658  6105 I bt_shim_scanner: system/main/shim/le_scanning_manager.cc:185 Scan: in shim layer started
03-11 16:32:34.167  5658  5907 I bluetooth: system/gd/hci/le_scanning_manager.cc:690 stop_scan: Scanning already stopped, return!
03-11 16:32:34.167  5658  5907 I bluetooth: system/gd/hci/le_address_manager.cc:226 register_client: Scheduled address rotation for first client registered
03-11 16:32:34.167  5658  5907 I bluetooth: system/gd/hci/le_address_manager.cc:229 register_client: Client registered
03-11 16:32:34.167  2068  6060 I vendor.qti.bluetooth@1.0-ibs_handler: ProcessIbsCmd: Received IBS_WAKE_IND: 0xFD
03-11 16:32:34.167  5658  6105 I bt_shim_scanner: system/main/shim/le_scanning_manager.cc:185 Scan: in shim layer stopped
03-11 16:32:34.167  5658  6105 W BtGatt.JNI: android/app/jni/com_android_bluetooth_gatt.cpp:1597 gattSetScanParametersNative: gattSetScanParametersNative
03-11 16:32:34.167  2068  6060 I vendor.qti.bluetooth@1.0-ibs_handler: ProcessIbsCmd: Writing IBS_WAKE_ACK
03-11 16:32:34.167  5658  6105 I bt_shim_scanner: system/main/shim/le_scanning_manager.cc:363 SetScanParameters: in shim layer, scannerId=1
03-11 16:32:34.167  5658  6105 I bt_shim_scanner: system/main/shim/le_scanning_manager.cc:185 Scan: in shim layer started
03-11 16:32:34.167  5658  5907 I bluetooth: system/gd/hci/le_address_manager.cc:244 unregister_client: Client unregistered
03-11 16:32:34.167  5658  5907 I bluetooth: system/gd/hci/le_address_manager.cc:248 unregister_client: Cancelled address rotation alarm
03-11 16:32:34.168  5658  5907 I bluetooth: system/gd/hci/le_scanning_manager.cc:690 stop_scan: Scanning already stopped, return!
03-11 16:32:34.168  5658  5907 I bluetooth: system/gd/hci/le_address_manager.cc:226 register_client: Scheduled address rotation for first client registered
03-11 16:32:34.168  5658  5907 I bluetooth: system/gd/hci/le_address_manager.cc:229 register_client: Client registered
03-11 16:32:34.168 28905 29391 I NearbyDiscovery: (REDACTED) ApFastPairScanner: Start scanning, mode=%s
03-11 16:32:34.168 28905 29391 I NearbyDiscovery: FastPairController: onSystemStateChanged: skip due to flag disabled [CONTEXT service_id=265 ]
03-11 16:32:34.172  5625  5625 V KeyguardStatusViewController: onTimeChanged
03-11 16:32:34.179  3706  3714 I android.hardware.thermal@2.0-service.qti-v2: Sensor Name:skin1 temp: 37.222. prev severity:3. cur severity:0 New severity:0
03-11 16:32:34.184  2195  2386 I SDM     : PipeAllocSdma2::CalculatePipeNumToDedicate: num_vig: 0, num_dma: 1
03-11 16:32:34.184  2195  2386 I SDM     : DisplayBase::SetDisplayState: active 1-1 state 1-1 pending_power_state_ 0
03-11 16:32:34.185  2300  2300 W ComposerExtn: DisplayExtnImpl::SetEarlyWakeUpConfig: HWC Display 2 is not registered!
03-11 16:32:34.185  2300  2300 D SurfaceFlinger: Finished setting power mode 2 on display 4630947043778501763
03-11 16:32:34.185  2300  2300 D RefreshRateSelector: [90:120:0]: mTouchBoostRefreshRateAvailable=0, mScrollBoostRefreshRateAvailable=0, mTouchOnBlankNotBoostRefreshRateAvailable=0
03-11 16:32:34.185  3163  5308 D SurfaceControl: Excessive delay in setPowerMode()
03-11 16:32:34.185  3163  5308 W ServiceManagerCppClient: Failed to get isDeclared for com.motorola.hardware.display.panel.IDisplayPanel/default: Status(-1, EX_SECURITY): 'SELinux denied.'
03-11 16:32:34.185  3163  5308 D DisplayPanelService: Setting panel dc mode: 0
03-11 16:32:34.186  2090  2090 I DisplayPanel: setDcMode: DC mode = OFF
03-11 16:32:34.186  2090  2090 D DisplayPanel: setParam: Success set DC to 0 for Primary display
03-11 16:32:34.188  2300  2300 I BpBinder: onLastStrongRef automatically unlinking death recipients: 
03-11 16:32:34.191  2300  2300 D SurfaceFlinger: setDesiredDisplayModeSpecs[{0, false, PR={p[24.00-120.00]Hz, r[24.00-120.00]Hz}, AR={p[0.00-120.00]Hz, r[0.00-120.00]Hz}}]: by process 3163 uid 1000 for display 4630947043778501762
03-11 16:32:34.191  3163  3231 W AccessibilityWindowsPopulator: The displayInfo of this displayId (0) called back from the surface fligner is null
03-11 16:32:34.194  3163  3352 I WindowManager: Display 1 turned on...
03-11 16:32:34.194  3163  3352 D BrightnessThermalClamper: Thermal status observer already started
03-11 16:32:34.194  3163  3229 V WindowManager: Content Recording: Display 1 state was (2), is now (2), so update recording?
03-11 16:32:34.194  3163  3352 W PowerManagerService: Screen on took 209 ms
03-11 16:32:34.194  3163  3229 D CLI/Transition: displaygroup 1, state ON, pendingdisplaygroup -1
03-11 16:32:34.195  3163  3163 I WindowManager: Finished waking up... (groupId=1 why=ON_BECAUSE_OF_USER) pmWakeReason=WAKE_REASON_GESTURE
03-11 16:32:34.196  3163  3229 D CLI/SmallCLI: onScreenTurnedOn: 
03-11 16:32:34.197  3163  3163 I BrightnessSynchronizer: New Update: {[12983] 0.4214148(f), mUpdatedTypes=0, mConfirmedTypes=0, mTimeUpdated=0, mState=2}
03-11 16:32:34.197  2300  2300 E Scheduler: trackPendingFrame: Invalid present fence
03-11 16:32:34.198  6344  6344 I WindowController: window interactive state updated to true
03-11 16:32:34.199  7545  7545 I FileStationLog: [ FS_h$a ] - [Display] Changed display: 1
03-11 16:32:34.201  7545  7545 I FileStationLog: [ FS_h$a ] - [Display] Ignoring change for non-default/desktop display: 1
03-11 16:32:34.203  3163  5158 D WifiStaIfaceHidlImpl: getCachedScanData is not implemented by HIDL
03-11 16:32:34.210  3163  5158 D WifiStaIfaceHidlImpl: getCachedScanData is not implemented by HIDL
03-11 16:32:34.211  2064  4171 D slpi-TMD2712: tmd2712: Prox pdata 4, offset1:71, full: 732, NearBy: 0, Lth:54, Hth:85,off_l 71. off_h 0, th_l 1, th_h 85
03-11 16:32:34.213  2300  2300 E Scheduler: trackPendingFrame: Invalid present fence
03-11 16:32:34.215  5625  5669 D ShellSplitScreen: onFinishedWakingUp
03-11 16:32:34.216  2068  6060 I vendor.qti.bluetooth@1.0-ibs_handler: ProcessIbsCmd: Received IBS_SLEEP_IND: 0xFE
03-11 16:32:34.216  2551  2551 W JobService: onNetworkChanged() not implemented in com.google.android.datatransport.runtime.scheduling.jobscheduling.JobInfoSchedulerService. Must override in a subclass.
03-11 16:32:34.217  2064  4274 I sensors-hal: handle_indication_realtime:467,  SCHED_FIFO(10) for qmi_cbk
03-11 16:32:34.218  3163  3163 D WiFiBlocklistController: Wifi onCapabilitiesChanged
03-11 16:32:34.218  3163  3163 D WiFiBlocklistController: Default net onCapabilitiesChanged
03-11 16:32:34.218  3163  3163 D WiFiBlocklistController: updateDefaultNet:141
03-11 16:32:34.218  3163  3163 D WiFiBlocklistController: mayUpdateNotification: shouldShow=false,UidsBlocked=false, net info=net:141,ifName=wlan0,securityType=3,isDefault=true,ssid="MSU-Secure",notificationId=0
03-11 16:32:34.220  5693  6968 D QCNEJ/NativeHalConnector: -> SND notifyDefaultNetworkChanged(1)
03-11 16:32:34.220  7091 21947 I ModemStats: [DataStallDetectService] onCapabilitiesChanged networkCapabilities=[ Transports: WIFI Capabilities: NOT_METERED&INTERNET&NOT_RESTRICTED&TRUSTED&NOT_VPN&VALIDATED&NOT_ROAMING&FOREGROUND&NOT_CONGESTED&NOT_SUSPENDED&NOT_VCN_MANAGED&NOT_BANDWIDTH_CONSTRAINED LinkUpBandwidth>=49642Kbps LinkDnBandwidth>=77436Kbps TransportInfo: <SSID: <unknown ssid>, BSSID: 02:00:00:00:00:00, MAC: 02:00:00:00:00:00, IP: /10.17.183.17, Security type: 3, Supplicant state: COMPLETED, Wi-Fi standard: 11ax, RSSI: -68, Link speed: 573Mbps, Tx Link speed: 573Mbps, Max Supported Tx Link speed: 573Mbps, Rx Link speed: 344Mbps, Max Supported Rx Link speed: 573Mbps, Frequency: 5500MHz, Net ID: -1, Metered hint: false, score: 60, isUsable: true, CarrierMerged: false, SubscriptionId: -1, IsPrimary: -1, Trusted: true, Restricted: false, Ephemeral: false, OEM paid: false, OEM private: false, OSU AP: false, FQDN: <none>, Provider friendly name: <none>, Requesting package name: <none><none>MLO Information: , Is TID-To-Link negotiation supported by the AP: false, AP MLD Address: <none>, AP MLO Link Id: <none>, AP MLO Affiliated links: <none>, Vendor Data: <none>> SignalStrength: -68 UnderlyingNetworks: Null]
03-11 16:32:34.220  7091 21947 I ModemStats: [DataStallDetectService] onCapabilitiesChanged NET_CAPABILITY_VALIDATED=true
03-11 16:32:34.220  7091 21947 I ModemStats: [DataStallDetectService] onCapabilitiesChanged mDataStallManager.mDataStallInstance=null
03-11 16:32:34.220  7091 21947 I ModemStats: [DataStallDetectService] onCapabilitiesChanged mDataStallSmart5gManager.mDataStallInstance=null
03-11 16:32:34.221  6932  8142 I BugleRcsEngine: handleMessage processing message:[NOTIFY_UPTIME_IGNORE_STATE_CHANGED] with [non-null]:RcsEngineImpl reference [CONTEXT log_prefix="RcsEngineImpl[DUAL_REG]:[82ee5969-a086]>Handler" thread_id=61 ]
03-11 16:32:34.221  6932  7504 I BugleRcsEngine: Connected state: [1], networkType: [WIFI] [CONTEXT thread_id=54 ]
03-11 16:32:34.223  6932  8142 I BugleRcsEngine: Cannot use CS.apk as it's battery optimized [CONTEXT thread_id=61 ]
03-11 16:32:34.224  5802 10643 E PhoneInterfaceManager: getCarrierPrivilegeStatusForUid: Invalid subId
03-11 16:32:34.225  3163  5853 W InputDispatcher: Focused display #1 does not have a focused window.
03-11 16:32:34.225  3163  3231 W AccessibilityWindowsPopulator: The displayInfo of this displayId (0) called back from the surface fligner is null
03-11 16:32:34.226  3163  3231 V WindowManager: Unknown focus tokens, dropping reportFocusChanged
03-11 16:32:34.227  3163  5203 I WifiDataStallService: onCapabilitiesChanged NET_CAPABILITY_VALIDATED=true
03-11 16:32:34.228 28905 29330 I NullBinder: NullBinder for android.net.action.RECOMMEND_NETWORKS triggering remote TransactionTooLargeException due to Service without Chimera impl, calling uid: 1000, calling pid: 0
03-11 16:32:34.228 28905 29330 W Binder  : reply too large data on java level: InterfaceDescriptor = null, code = 1
03-11 16:32:34.228 28905 29330 W .gms.persistent: Large reply transaction of 1056768 bytes, interface descriptor , code 1
03-11 16:32:34.228  2551  2722 V Braze v37.0.0 .f: recalculateDispatchState called with session state: NO_SESSION lastNetworkLevel: GREAT
03-11 16:32:34.228  2551  2722 V Braze v37.0.0 .f: currentIntervalMs: -1
03-11 16:32:34.229  3163  5203 I WifiDataStallService: WIFI state:true
03-11 16:32:34.229  3163  5203 I WifiDataStallService: WIFI valid state:true
03-11 16:32:34.229  3163  5203 I WifiDataStallService: on-off:false,mScreenOn:true
03-11 16:32:34.229  6344  6344 W libc    : Access denied finding property "vendor.display.enable_optimal_refresh_rate"
03-11 16:32:34.230  6344  6344 W libc    : Access denied finding property "vendor.gpp.create_frc_extension"
03-11 16:32:34.237  3163  3231 W AccessibilityWindowsPopulator: The displayInfo of this displayId (0) called back from the surface fligner is null
03-11 16:32:34.238  2300  2300 E Scheduler: trackPendingFrame: Invalid present fence
03-11 16:32:34.255  2300  2300 E Scheduler: trackPendingFrame: Invalid present fence
03-11 16:32:34.265  3163  3227 D PowerManagerService: nativeReleaseSuspendBlocker name:PowerManagerService.Broadcasts duration ms: 0
03-11 16:32:34.273  2300  2300 E Scheduler: trackPendingFrame: Invalid present fence
03-11 16:32:34.277  3163  4298 I ImeTracker: com.motorola.launcher.secondarydisplay:b3c94aae: onRequestHide at ORIGIN_SERVER reason HIDE_UNSPECIFIED_WINDOW fromUser false
03-11 16:32:34.279 10834 10834 W TooltipLifecycleManager: TooltipLifecycleManager.dismissTooltips():153 Tooltip with id undo_access_point_promotion_banner not found in tooltipManager.
03-11 16:32:34.279 22044 22044 D InsetsController: hide(ime(), fromIme=true)
03-11 16:32:34.280  3163  4298 W InputManager-JNI: Input channel object 'fcddae3 InputMethod (client)' was disposed without first being removed with the input manager!
03-11 16:32:34.281 10834 10834 I GoogleInputMethodService: GoogleInputMethodService.onFinishInput():2097 
03-11 16:32:34.281 22044 22044 I ImeTracker: com.duckduckgo.mobile.android:9a448fc8: onRequestHide at ORIGIN_CLIENT reason HIDE_SOFT_INPUT_BY_INSETS_API fromUser false
03-11 16:32:34.282 10834 10834 I Module  : DeviceLockedStatusModuleProvider$Module.updateDeviceLockedStatus():103 repeatCheckTimes = 0, locked = false
03-11 16:32:34.283 10834 10834 W SessionManager: SessionManager.endSession():88 Try to end a not begun session [INPUT_SESSION].
03-11 16:32:34.283 10834 10834 I GoogleInputMethodService: GoogleInputMethodService.onDestroy():934 
03-11 16:32:34.283  3163  4298 I ImeTracker: com.motorola.launcher.secondarydisplay:d06918a8: onRequestHide at ORIGIN_SERVER reason HIDE_DISPLAY_IME_POLICY_HIDE fromUser false
03-11 16:32:34.283  3163  4298 I ImeTracker: com.motorola.launcher.secondarydisplay:d06918a8: onCancelled at PHASE_SERVER_SHOULD_HIDE
03-11 16:32:34.284  3163  6975 E InputMethodManagerService: Ignoring com.android.server.inputmethod.InputMethodManagerService.setImeWindowStatus:3318 due to an invalid token. uid:10310 token:android.os.Binder@cb34ef3
03-11 16:32:34.284  3163  6975 E InputMethodManagerService: Ignoring com.android.server.inputmethod.InputMethodManagerService.applyImeVisibility:5289 due to an invalid token. uid:10310 token:android.os.Binder@cb34ef3
03-11 16:32:34.284  3163  6975 I ImeTracker: com.motorola.launcher.secondarydisplay:b3c94aae: onFailed at PHASE_SERVER_CURRENT_ACTIVE_IME
03-11 16:32:34.284 10834 10834 I GlobeKeyExtension: GlobeKeyExtension.onDestroyExtension():162 
03-11 16:32:34.284 10834 10834 I ModuleManager: ModuleManager$ModuleInitListener.maybeUnloadModuleOnUnavailable():1386 module lvk is unavailable
03-11 16:32:34.284 10834 10834 I HardKeyTracker: HardKeyTracker.unregisterKeySequence():221 Unregister key sequence nul{labelResId=2132020475, callback=cnx@85fb12a, lastModifier=2, keyCodes=[47], actions=[0]}
03-11 16:32:34.285 10834 10834 I ModuleManager: ModuleManager$ModuleInitListener.maybeUnloadModuleOnUnavailable():1386 module eci is unavailable
03-11 16:32:34.285 10834 10834 I ModuleManager: ModuleManager$ModuleInitListener.maybeUnloadModuleOnUnavailable():1386 module hvi is unavailable
03-11 16:32:34.285  5493  6013 W HWUI    : Surface doesn't have any previously queued frames, nothing to readback from
03-11 16:32:34.285 10834 10834 I ModuleManager: ModuleManager$ModuleInitListener.maybeUnloadModuleOnUnavailable():1386 module mhz is unavailable
03-11 16:32:34.285 10834 10834 I ModuleManager: ModuleManager$ModuleInitListener.maybeUnloadModuleOnUnavailable():1386 module mia is unavailable
03-11 16:32:34.285 10834 10834 I ModuleManager: ModuleManager$ModuleInitListener.maybeUnloadModuleOnUnavailable():1386 module mib is unavailable
03-11 16:32:34.285 10834 10834 I ModuleManager: ModuleManager$ModuleInitListener.maybeUnloadModuleOnUnavailable():1386 module mic is unavailable
03-11 16:32:34.285 10834 10834 I ModuleManager: ModuleManager$ModuleInitListener.maybeUnloadModuleOnUnavailable():1386 module mie is unavailable
03-11 16:32:34.286 10834 10834 I ModuleManager: ModuleManager$ModuleInitListener.maybeUnloadModuleOnUnavailable():1386 module mii is unavailable
03-11 16:32:34.286 10834 10834 I ModuleManager: ModuleManager$ModuleInitListener.maybeUnloadModuleOnUnavailable():1386 module mtq is unavailable
03-11 16:32:34.286 10834 10834 I HardKeyTracker: HardKeyTracker.unregisterKeySequence():221 Unregister key sequence nul{labelResId=0, callback=lkj@a494291, lastModifier=0, keyCodes=[204], actions=[0]}
03-11 16:32:34.286 10834 10834 I ModuleManager: ModuleManager$ModuleInitListener.maybeUnloadModuleOnUnavailable():1386 module mts is unavailable
03-11 16:32:34.286 10834 10834 I ModuleManager: ModuleManager$ModuleInitListener.maybeUnloadModuleOnUnavailable():1386 module nyc is unavailable
03-11 16:32:34.288 10834 10834 I ModuleManager: ModuleManager$ModuleInitListener.maybeUnloadModuleOnUnavailable():1386 module ljh is unavailable
03-11 16:32:34.289 10834 10834 I ModuleManager: ModuleManager$ModuleInitListener.maybeUnloadModuleOnUnavailable():1386 module ewi is unavailable
03-11 16:32:34.289 10834 10834 I ModuleManager: ModuleManager$ModuleInitListener.maybeUnloadModuleOnUnavailable():1386 module fol is unavailable
03-11 16:32:34.289 10834 10834 I ModuleManager: ModuleManager$ModuleInitListener.maybeUnloadModuleOnUnavailable():1386 module fub is unavailable
03-11 16:32:34.289 10834 10834 I ModuleManager: ModuleManager$ModuleInitListener.maybeUnloadModuleOnUnavailable():1386 module fvu is unavailable
03-11 16:32:34.290 10834 10834 I ModuleManager: ModuleManager$ModuleInitListener.maybeUnloadModuleOnUnavailable():1386 module gfa is unavailable
03-11 16:32:34.290 10834 10834 I ModuleManager: ModuleManager$ModuleInitListener.maybeUnloadModuleOnUnavailable():1386 module ggo is unavailable
03-11 16:32:34.290 10834 10996 I InputActionMetricsProcessor: InputActionMetricsProcessor.onDetached():109 Detached from metrics manager.
03-11 16:32:34.290 10834 10834 I ModuleManager: ModuleManager$ModuleInitListener.maybeUnloadModuleOnUnavailable():1386 module gjm is unavailable
03-11 16:32:34.290 10834 10834 I JapaneseMozcExtension: JapaneseMozcExtension.onDestroy():52 
03-11 16:32:34.290 10834 10834 I ModuleManager: ModuleManager$ModuleInitListener.maybeUnloadModuleOnUnavailable():1386 module gkb is unavailable
03-11 16:32:34.290 10834 10834 I ModuleManager: ModuleManager$ModuleInitListener.maybeUnloadModuleOnUnavailable():1386 module gya is unavailable
03-11 16:32:34.290 10834 10834 I ModuleManager: ModuleManager$ModuleInitListener.maybeUnloadModuleOnUnavailable():1386 module IEmojiOrGifExtension is unavailable
03-11 16:32:34.290 10834 10834 I ModuleManager: ModuleManager$ModuleInitListener.maybeUnloadModuleOnUnavailable():1386 module IEmoticonExtension is unavailable
03-11 16:32:34.291 10834 10834 I ModuleManager: ModuleManager$ModuleInitListener.maybeUnloadModuleOnUnavailable():1386 module hlc is unavailable
03-11 16:32:34.291 10834 10834 I ModuleManager: ModuleManager$ModuleInitListener.maybeUnloadModuleOnUnavailable():1386 module hoe is unavailable
03-11 16:32:34.291 10834 10834 I ModuleManager: ModuleManager$ModuleInitListener.maybeUnloadModuleOnUnavailable():1386 module hqs is unavailable
03-11 16:32:34.291 10834 10834 I ModuleManager: ModuleManager$ModuleInitListener.maybeUnloadModuleOnUnavailable():1386 module nwn is unavailable
03-11 16:32:34.291 10834 10834 I ModuleManager: ModuleManager$ModuleInitListener.maybeUnloadModuleOnUnavailable():1386 module iga is unavailable
03-11 16:32:34.291 10834 10834 I UniversalDictationExtension: UniversalDictationExtension.onDestroyExtension():136 onDestroy [UD]
03-11 16:32:34.292 10834 10834 I ModuleManager: ModuleManager$ModuleInitListener.maybeUnloadModuleOnUnavailable():1386 module igb is unavailable
03-11 16:32:34.292 10834 10834 I ModuleManager: ModuleManager$ModuleInitListener.maybeUnloadModuleOnUnavailable():1386 module iiq is unavailable
03-11 16:32:34.292 10834 10834 I NewS3RecognizerModule: NewS3RecognizerModule.onDestroy():28 onDestroy [news3]
03-11 16:32:34.292  3163  3231 W AccessibilityWindowsPopulator: The displayInfo of this displayId (0) called back from the surface fligner is null
03-11 16:32:34.292 10834 10834 I ModuleManager: ModuleManager$ModuleInitListener.maybeUnloadModuleOnUnavailable():1386 module imw is unavailable
03-11 16:32:34.292 10834 10834 I ModuleManager: ModuleManager$ModuleInitListener.maybeUnloadModuleOnUnavailable():1386 module kdw is unavailable
03-11 16:32:34.292 10834 10834 I HardKeyTracker: HardKeyTracker.unregisterKeySequence():221 Unregister key sequence nul{labelResId=2132020466, callback=cth@8871b46, lastModifier=2, keyCodes=[56], actions=[0]}
03-11 16:32:34.292 10834 10834 I HardKeyTracker: HardKeyTracker.unregisterKeySequence():221 Unregister key sequence nul{labelResId=2132020466, callback=cth@9fa2107, lastModifier=0, keyCodes=[317], actions=[0]}
03-11 16:32:34.293 10834 10834 I HardKeyTracker: HardKeyTracker.unregisterKeySequence():221 Unregister key sequence nul{labelResId=2132020468, callback=cth@7ca522c, lastModifier=2, keyCodes=[37], actions=[0]}
03-11 16:32:34.293 10834 10834 I HardKeyTracker: HardKeyTracker.unregisterKeySequence():221 Unregister key sequence nul{labelResId=2132020465, callback=cth@31e428a, lastModifier=2, keyCodes=[50], actions=[0]}
03-11 16:32:34.293 10834 10834 I HardKeyTracker: HardKeyTracker.unregisterKeySequence():221 Unregister key sequence nul{labelResId=2132020470, callback=cth@964ab21, lastModifier=2, keyCodes=[48], actions=[0]}
03-11 16:32:34.293 10834 10834 I HardKeyTracker: HardKeyTracker.unregisterKeySequence():221 Unregister key sequence nul{labelResId=2132020471, callback=cth@fc2bac4, lastModifier=2, keyCodes=[32], actions=[0]}
03-11 16:32:34.293 10834 10834 I HardKeyTracker: HardKeyTracker.unregisterKeySequence():221 Unregister key sequence nul{labelResId=2132020470, callback=cth@7fa6234, lastModifier=2, keyCodes=[48], actions=[0]}
03-11 16:32:34.293 10834 10834 I HardKeyTracker: HardKeyTracker.unregisterKeySequence():221 Unregister key sequence nul{labelResId=2132020465, callback=cth@cef1483, lastModifier=2, keyCodes=[50], actions=[0]}
03-11 16:32:34.293 10834 10834 I HardKeyTracker: HardKeyTracker.unregisterKeySequence():221 Unregister key sequence nul{labelResId=2132020475, callback=cth@14584cd, lastModifier=2, keyCodes=[47], actions=[0]}
03-11 16:32:34.293 10834 10834 I HardKeyTracker: HardKeyTracker.unregisterKeySequence():221 Unregister key sequence nul{labelResId=2132020466, callback=cth@1bc3b9c, lastModifier=2, keyCodes=[56], actions=[0]}
03-11 16:32:34.293 10834 10834 I HardKeyTracker: HardKeyTracker.unregisterKeySequence():221 Unregister key sequence nul{labelResId=2132020466, callback=cth@df719a5, lastModifier=0, keyCodes=[317], actions=[0]}
03-11 16:32:34.293 10834 10834 I HardKeyTracker: HardKeyTracker.unregisterKeySequence():221 Unregister key sequence nul{labelResId=2132018771, callback=cth@e04b640, lastModifier=2, keyCodes=[39], actions=[0]}
03-11 16:32:34.294 10834 10834 I HardKeyTracker: HardKeyTracker.unregisterKeySequence():221 Unregister key sequence nul{labelResId=2132020469, callback=cth@370031f, lastModifier=65536, keyCodes=[76], actions=[0]}
03-11 16:32:34.294 10834 10834 I HardKeyTracker: HardKeyTracker.unregisterKeySequence():221 Unregister key sequence nul{labelResId=2132020468, callback=cth@314dc7e, lastModifier=2, keyCodes=[37], actions=[0]}
03-11 16:32:34.294 10834 10834 I HardKeyTracker: HardKeyTracker.unregisterKeySequence():221 Unregister key sequence nul{labelResId=2132020471, callback=cth@71c98e2, lastModifier=2, keyCodes=[32], actions=[0]}
03-11 16:32:34.294 10834 10834 I ModuleManager: ModuleManager$ModuleInitListener.maybeUnloadModuleOnUnavailable():1386 module kgi is unavailable
03-11 16:32:34.294 10834 10834 I ModuleManager: ModuleManager$ModuleInitListener.maybeUnloadModuleOnUnavailable():1386 module lns is unavailable
03-11 16:32:34.294 10834 10834 I ModuleManager: ModuleManager$ModuleInitListener.maybeUnloadModuleOnUnavailable():1386 module IBannerExtension is unavailable
03-11 16:32:34.294 10834 10834 I ModuleManager: ModuleManager$ModuleInitListener.maybeUnloadModuleOnUnavailable():1386 module ohp is unavailable
03-11 16:32:34.294 10834 10834 I ModuleManager: ModuleManager$ModuleInitListener.maybeUnloadModuleOnUnavailable():1386 module oky is unavailable
03-11 16:32:34.294 10834 10834 I ModuleManager: ModuleManager$ModuleInitListener.maybeUnloadModuleOnUnavailable():1386 module ifj is unavailable
03-11 16:32:34.295 10834 10834 I ModuleManager: ModuleManager$ModuleInitListener.maybeUnloadModuleOnUnavailable():1386 module ifn is unavailable
03-11 16:32:34.296 10834 10834 I ModuleManager: ModuleManager$ModuleInitListener.maybeUnloadModuleOnUnavailable():1386 module nyi is unavailable
03-11 16:32:34.296 10834 10834 W NotificationCenter: NotificationCenter.unregisterListener():480 Listener ktn@fd6357f was not registered for notification class mev
03-11 16:32:34.296 10834 10834 W NotificationCenter: NotificationCenter.unregisterListener():480 Listener ktm@9dd569e was not registered for notification class men
03-11 16:32:34.296 10834 10834 W NotificationCenter: NotificationCenter.unregisterListener():480 Listener nhv@b7bdcd9 was not registered for notification class kgz
03-11 16:32:34.296 10834 10834 W NotificationCenter: NotificationCenter.unregisterListener():480 Listener ktc@7446d95 was not registered for notification class lhi
03-11 16:32:34.297 10834 10834 W NotificationCenter: NotificationCenter.unregisterListener():480 Listener kdq@deb7091 was not registered for notification class kfo
03-11 16:32:34.297 10834 10834 I HardKeyTracker: HardKeyTracker.unregisterKeySequence():221 Unregister key sequence nul{labelResId=2132020472, callback=null, lastModifier=2, keyCodes=[8], actions=[0]}
03-11 16:32:34.297 10834 10834 I HardKeyTracker: HardKeyTracker.unregisterKeySequence():221 Unregister key sequence nul{labelResId=2132020474, callback=gqg@6e3ce26, lastModifier=2, keyCodes=[62], actions=[0]}
03-11 16:32:34.297 10834 10834 I ModuleManager: ModuleManager$ModuleInitListener.maybeUnloadModuleOnUnavailable():1386 module kdu is unavailable
03-11 16:32:34.297 10834 10834 I ModuleManager: ModuleManager$ModuleInitListener.maybeUnloadModuleOnUnavailable():1386 module olt is unavailable
03-11 16:32:34.298 10834 10834 I ModuleManager: ModuleManager$ModuleInitListener.maybeUnloadModuleOnUnavailable():1386 module hok is unavailable
03-11 16:32:34.300 10834 10834 I ModuleManager: ModuleManager$ModuleInitListener.maybeUnloadModuleOnUnavailable():1386 module ghq is unavailable
03-11 16:32:34.300 10834 10834 I ModuleManager: ModuleManager$ModuleInitListener.maybeUnloadModuleOnUnavailable():1386 module hvu is unavailable
03-11 16:32:34.301 10834 10834 I ModuleManager: ModuleManager$ModuleInitListener.maybeUnloadModuleOnUnavailable():1386 module ecr is unavailable
03-11 16:32:34.301 10834 10834 I ModuleManager: ModuleManager$ModuleInitListener.maybeUnloadModuleOnUnavailable():1386 module esr is unavailable
03-11 16:32:34.301 10834 10834 I ModuleManager: ModuleManager$ModuleInitListener.maybeUnloadModuleOnUnavailable():1386 module hzz is unavailable
03-11 16:32:34.301 10834 10834 I ModuleManager: ModuleManager$ModuleInitListener.maybeUnloadModuleOnUnavailable():1386 module ifc is unavailable
03-11 16:32:34.301 10834 10834 I ModuleManager: ModuleManager$ModuleInitListener.maybeUnloadModuleOnUnavailable():1386 module ntv is unavailable
03-11 16:32:34.301 10834 10834 I ModuleManager: ModuleManager$ModuleInitListener.maybeUnloadModuleOnUnavailable():1386 module ntw is unavailable
03-11 16:32:34.301 10834 10834 I ModuleManager: ModuleManager$ModuleInitListener.maybeUnloadModuleOnUnavailable():1386 module oav is unavailable
03-11 16:32:34.302 10834 10834 I ModuleManager: ModuleManager$ModuleInitListener.maybeUnloadModuleOnUnavailable():1386 module hzy is unavailable
03-11 16:32:34.303 10834 10834 I ModuleManager: ModuleManager$ModuleInitListener.maybeUnloadModuleOnUnavailable():1386 module ggm is unavailable
03-11 16:32:34.303 10834 10834 I ModuleManager: ModuleManager$ModuleInitListener.maybeUnloadModuleOnUnavailable():1386 module efd is unavailable
03-11 16:32:34.304 10834 10834 I ModuleManager: ModuleManager$ModuleInitListener.maybeUnloadModuleOnUnavailable():1386 module ief is unavailable
03-11 16:32:34.304 10834 10834 I ModuleManager: ModuleManager$ModuleInitListener.maybeUnloadModuleOnUnavailable():1386 module ifb is unavailable
03-11 16:32:34.304 10834 10834 I ModuleManager: ModuleManager$ModuleInitListener.maybeUnloadModuleOnUnavailable():1386 module ITranslateUiExtension is unavailable
03-11 16:32:34.304 10834 10834 I ModuleManager: ModuleManager$ModuleInitListener.maybeUnloadModuleOnUnavailable():1386 module egz is unavailable
03-11 16:32:34.305 10834 10834 W NotificationCenter: NotificationCenter.unregisterListener():480 Listener eei@b239276 was not registered for notification class ndp
03-11 16:32:34.305 10834 10834 W NotificationCenter: NotificationCenter.unregisterListener():480 Listener efs@b213061 was not registered for notification class ndp
03-11 16:32:34.305 10834 10834 I ModuleManager: ModuleManager$ModuleInitListener.maybeUnloadModuleOnUnavailable():1386 module ego is unavailable
03-11 16:32:34.307 10834 10834 I ModuleManager: ModuleManager$ModuleInitListener.maybeUnloadModuleOnUnavailable():1386 module ojg is unavailable
03-11 16:32:34.307 10834 10834 I ModuleManager: ModuleManager$ModuleInitListener.maybeUnloadModuleOnUnavailable():1386 module oha is unavailable
03-11 16:32:34.308 10834 10834 I ModuleManager: ModuleManager$ModuleInitListener.maybeUnloadModuleOnUnavailable():1386 module ejs is unavailable
03-11 16:32:34.308 10834 10834 I ModuleManager: ModuleManager$ModuleInitListener.maybeUnloadModuleOnUnavailable():1386 module hvo is unavailable
03-11 16:32:34.309 10834 10834 I ModuleManager: ModuleManager$ModuleInitListener.maybeUnloadModuleOnUnavailable():1386 module eqk is unavailable
03-11 16:32:34.309 10834 10834 I ModuleManager: ModuleManager$ModuleInitListener.maybeUnloadModuleOnUnavailable():1386 module ftq is unavailable
03-11 16:32:34.310 10834 10834 I ModuleManager: ModuleManager$ModuleInitListener.maybeUnloadModuleOnUnavailable():1386 module ftu is unavailable
03-11 16:32:34.310 10834 10996 I ProtoXDBBufferWrapper: ProtoXDBBufferWrapper.flushToStorage():158 Flushed 1 data item(s) to storage.
03-11 16:32:34.310 10834 10834 I ModuleManager: ModuleManager$ModuleInitListener.maybeUnloadModuleOnUnavailable():1386 module evt is unavailable
03-11 16:32:34.311 10834 10834 I ModuleManager: ModuleManager$ModuleInitListener.maybeUnloadModuleOnUnavailable():1386 module eww is unavailable
03-11 16:32:34.318 10834 10834 I ModuleManager: ModuleManager$ModuleInitListener.maybeUnloadModuleOnUnavailable():1386 module lau is unavailable
03-11 16:32:34.320 10834 10834 I ModuleManager: ModuleManager$ModuleInitListener.maybeUnloadModuleOnUnavailable():1386 module evm is unavailable
03-11 16:32:34.321 10834 10834 I EmojifyExtensionImpl: EmojifyExtensionImpl.onDestroy():611 Destroying Emojify extension ezf@1e06331.
03-11 16:32:34.321 10834 10834 I ModuleManager: ModuleManager$ModuleInitListener.maybeUnloadModuleOnUnavailable():1386 module eyq is unavailable
03-11 16:32:34.321 10834 10834 I AbstractOpenableExtension: AbstractOpenableExtension.maybeDestroyExistingKeyboardGroupManager():534 Destroy existing keyboard group manager in ezz
03-11 16:32:34.321 10834 10834 I ModuleManager: ModuleManager$ModuleInitListener.maybeUnloadModuleOnUnavailable():1386 module IExpressionMomentExtension is unavailable
03-11 16:32:34.321 10834 10834 I ModuleManager: ModuleManager$ModuleInitListener.maybeUnloadModuleOnUnavailable():1386 module IEmojiKitchenBrowseExtension is unavailable
03-11 16:32:34.321 10834 10834 I AbstractOpenableExtension: AbstractOpenableExtension.maybeDestroyExistingKeyboardGroupManager():534 Destroy existing keyboard group manager in hme
03-11 16:32:34.321 10834 10834 I ModuleManager: ModuleManager$ModuleInitListener.maybeUnloadModuleOnUnavailable():1386 module FastAccessBarExtension is unavailable
03-11 16:32:34.323 10834 10834 I ModuleManager: ModuleManager$ModuleInitListener.maybeUnloadModuleOnUnavailable():1386 module hmt is unavailable
03-11 16:32:34.323 10834 10834 I ModuleManager: ModuleManager$ModuleInitListener.maybeUnloadModuleOnUnavailable():1386 module fkk is unavailable
03-11 16:32:34.323 10834 10834 I ModuleManager: ModuleManager$ModuleInitListener.maybeUnloadModuleOnUnavailable():1386 module IGifKeyboardExtension is unavailable
03-11 16:32:34.324 10834 10834 I ModuleManager: ModuleManager$ModuleInitListener.maybeUnloadModuleOnUnavailable():1386 module IStickerExtension is unavailable
03-11 16:32:34.325 10834 10834 I ModuleManager: ModuleManager$ModuleInitListener.maybeUnloadModuleOnUnavailable():1386 module etr is unavailable
03-11 16:32:34.325 10834 10834 I ModuleManager: ModuleManager$ModuleInitListener.maybeUnloadModuleOnUnavailable():1386 module fcx is unavailable
03-11 16:32:34.325 10834 10834 I ModuleManager: ModuleManager$ModuleInitListener.maybeUnloadModuleOnUnavailable():1386 module how is unavailable
03-11 16:32:34.326 10834 10834 I ModuleManager: ModuleManager$ModuleInitListener.maybeUnloadModuleOnUnavailable():1386 module gzb is unavailable
03-11 16:32:34.326  2064  4171 D slpi    : tmd2712: Als lux: 115.90, ch0: 1991, ch1: 54, scale: 1.08, atime:50.04, again:1024
03-11 16:32:34.326 10834 10834 I ModuleManager: ModuleManager$ModuleInitListener.maybeUnloadModuleOnUnavailable():1386 module hzw is unavailable
03-11 16:32:34.326 10834 10834 I ModuleManager: ModuleManager$ModuleInitListener.maybeUnloadModuleOnUnavailable():1386 module nhr is unavailable
03-11 16:32:34.327 10834 10834 I ModuleManager: ModuleManager$ModuleInitListener.maybeUnloadModuleOnUnavailable():1386 module hhx is unavailable
03-11 16:32:34.327 10834 10834 I ModuleManager: ModuleManager$ModuleInitListener.maybeUnloadModuleOnUnavailable():1386 module hid is unavailable
03-11 16:32:34.327 10834 10834 I ModuleManager: ModuleManager$ModuleInitListener.maybeUnloadModuleOnUnavailable():1386 module kts is unavailable
03-11 16:32:34.327 10834 10834 I ModuleManager: ModuleManager$ModuleInitListener.maybeUnloadModuleOnUnavailable():1386 module mtm is unavailable
03-11 16:32:34.327  3163  3352 V DisplayPowerController2[1]: Brightness [0.3528102] reason changing to: 'automatic', previous reason: 'manual'.
