03-09 22:54:14.657  3163  5305 D TouchHwAidlService: transfer mode=33 transMode=32 cli=false
03-09 22:54:14.657  2106  2106 I motorola.hardware.display.touch-service: Setting Gesture to 32
03-09 22:54:14.660  3163  5305 D TouchHwAidlService: setGestureModeHal done mode=33 newMode=32 result=0
03-09 22:54:14.660  3163  5305 D TouchHwAidlService: enableTapWake mode=33 displayId=1 mGestureStowMode=true
03-09 22:54:14.660  5625  5920 D Tile.ScreenshotTile: update state
03-09 22:54:14.660  2106  2106 I motorola.hardware.display.touch-service: Setting CLI Gesture to 33
03-09 22:54:14.661  3163  5305 D TouchHwAidlService: setCliGestureModeHal done mode=33 newMode=33 result=0
03-09 22:54:14.661  3163  5305 D TouchHwAidlService: enableTapWake mode=49 displayId=-1 mGestureStowMode=true
03-09 22:54:14.661  3163  5305 D TouchHwAidlService: transfer mode=49 transMode=48 cli=false
03-09 22:54:14.661  2106  2106 I motorola.hardware.display.touch-service: Setting Gesture to 48
03-09 22:54:14.662  3163  5305 D TouchHwAidlService: setGestureModeHal done mode=49 newMode=48 result=0
03-09 22:54:14.662  2106  2106 I motorola.hardware.display.touch-service: Setting CLI Gesture to 49
03-09 22:54:14.664  3163  5305 D TouchHwAidlService: setCliGestureModeHal done mode=49 newMode=49 result=0
03-09 22:54:14.664  3163  5305 W ServiceManagerCppClient: Failed to get isDeclared for com.motorola.hardware.display.panel.IDisplayPanel/default: Status(-1, EX_SECURITY): 'SELinux denied.'
03-09 22:54:14.664  3163  5305 D DisplayPanelService: Setting panel dc mode: 0
03-09 22:54:14.664  2090  2090 I DisplayPanel: setDcMode: DC mode = OFF
03-09 22:54:14.665  2090  2090 D DisplayPanel: setParam: Success set DC to 0 for Primary display
03-09 22:54:14.665  3163  5305 D LocalDisplayAdapter: setDisplayPowerMode mode=0 for display=android.os.BinderProxy@d90d011
03-09 22:54:14.669  2300  2300 D SurfaceFlinger: Setting power mode 0 on display 4630947043778501762
03-09 22:54:14.672  3163  3231 I DisplayDeviceRepository: Display device changed state: "Built-in Screen", OFF
03-09 22:54:14.673  3163  4285 I InputReader: Reconfiguring input devices, changes=DISPLAY_INFO
03-09 22:54:14.673  3163  4285 I InputReader: Disabling zinitix_mt (device 6) because the associated viewport is not active
03-09 22:54:14.673  3163  4285 I InputReader: Device reconfigured: id=6, name='zinitix_mt', size 194x368, orientation Rotation0, mode DISABLED, display id 1
03-09 22:54:14.675  3163  3352 D BrightnessThermalClamper: Thermal status observer already started
03-09 22:54:14.676  3163  3163 I BrightnessSynchronizer: New Update: {[3233] 0.16049041(f), mUpdatedTypes=0, mConfirmedTypes=0, mTimeUpdated=0, mState=2}
03-09 22:54:14.677  7545  7545 I FileStationLog: [ FS_h$a ] - [Display] Changed display: 1
03-09 22:54:14.681  7545  7545 I FileStationLog: [ FS_h$a ] - [Display] Ignoring change for non-default/desktop display: 1
03-09 22:54:14.681  3163  3231 I InputManager-JNI: Viewport [0] to add: local:4630947043778501762, isActive: false
03-09 22:54:14.681  3163  3231 I InputManager-JNI: Viewport [1] to add: local:4630947043778501763, isActive: false
03-09 22:54:14.681  2195  2392 I SDM     : DisplayBase::SetDisplayState: Set state = 0, display 57-0, teardown = 0
03-09 22:54:14.681  2195  2392 I SDM     : DRMPanelFeatureMgr::MarkForNullCommit: Marked 7 for null commit
03-09 22:54:14.682  3163  3229 D CLI/Transition: displaygroup 0, state OFF, pendingdisplaygroup -1
03-09 22:54:14.682  3163  3229 W SurfaceControl: Invalid layer stack -1
03-09 22:54:14.683  3163  3229 I DisplayDevice: [0] Layerstack set to -1 for local:4630947043778501762 mDisplayToken=android.os.BinderProxy@d90d011 t=Transaction{mNativeObject=-5476376673043675440, mHashCode=0}
03-09 22:54:14.684  3163  3227 D TouchHwAidlService: updateDefaultDisplayState: mScreenOn=false
03-09 22:54:14.684  2195  2392 I SDM     : HWDeviceDRM::NullCommit: Null commit succeeded crtc=141
03-09 22:54:14.685  3163  3231 D PanelsService: updateDefaultDisplayState: mScreenState=OFF
03-09 22:54:14.685  5993  5993 I NearbyDiscovery: (REDACTED) FastPairDisplayObserver: %s -> %s
03-09 22:54:14.687  3163  4285 I InputReader: Reconfiguring input devices, changes=DISPLAY_INFO
03-09 22:54:14.687  3163  4285 I InputReader: Disabling goodix_ts (device 7) because the associated viewport is not active
03-09 22:54:14.687  3163  4285 I InputReader: Device reconfigured: id=7, name='goodix_ts', size 17281x42241, orientation Rotation0, mode DISABLED, display id 0
03-09 22:54:14.687  3163  4285 I InputReader: Disabling zinitix_mt (device 6) because the associated viewport is not active
03-09 22:54:14.687  2067  8157 D AHAL: AudioDevice: SetParameters: 1564: enter: screen_state=off
03-09 22:54:14.687  2067  8157 D AHAL: AudioVoice: VoiceSetParameters: 87: Enter params: screen_state=off
03-09 22:54:14.687  2067  8157 D AHAL: AudioVoice: VoiceSetParameters: 360: Exit ret: 0
03-09 22:54:14.687  2067  8157 D AHAL: FM: fm_set_parameters: 262: Enter
03-09 22:54:14.687  2067  8157 D AHAL: FM: fm_set_parameters: 320: exit
03-09 22:54:14.687  2067  8157 D AHAL: AudioDevice: SetParameters: 1628:  - screen = off
03-09 22:54:14.687  2067  8157 I PAL: ResourceManager: setParameter: 8311: Screen State:0
03-09 22:54:14.687  2067  8157 D AHAL: AudioDevice: SetParameters: 2361: exit: screen_state=off
03-09 22:54:14.689  3163  3231 W ServiceManagerCppClient: Failed to get isDeclared for com.motorola.hardware.display.panel.IDisplayPanel/default: Status(-1, EX_SECURITY): 'SELinux denied.'
03-09 22:54:14.689  3163  3231 D DisplayPanelService: Setting panel dc mode: 0
03-09 22:54:14.689  2090  2090 I DisplayPanel: setDcMode: DC mode = OFF
03-09 22:54:14.689  2064  2064 I sensors-hal: activate:173, android.sensor.light/51 en=0
03-09 22:54:14.689  2090  2090 D DisplayPanel: setParam: Success set DC to 0 for Primary display
03-09 22:54:14.690 26976 27604 D MCLOG   : [BrightnessTrigger] onDisplayChanged displayId = 0
03-09 22:54:14.690  2061  2108 E minksocket: MinkIPC_QRTR_Service: client with node 1 port 598e went down
03-09 22:54:14.691  2064  2064 I sensors-hal: activate:184, android.sensor.light/51 en=0 completed
03-09 22:54:14.691  3163  7471 W AutofillManagerServiceImpl: getFillEventHistory() called by UID 10195, but service UID is 10240
03-09 22:54:14.693  5993  8761 I NearbyDiscovery: (REDACTED) PureOffloadFastPairScanner: eventType=%s, isInternalReq=%s, isScanning=%s, isScanningAllowed=%s
03-09 22:54:14.694  5993 10050 I NearbySharing: Screen is locked
03-09 22:54:14.694  5993 10050 I NearbySharing: Stopping scanning because the screen is locked.
03-09 22:54:14.695  5993  8761 I NearbyDiscovery: (REDACTED) ApFastPairScanner: isScreenOn=%s, isLocationEnabled=%s, disableLocationRequirement=%s, isDiscoveryScanningEnabled=%s, during24GhzWifiWarmingUpPeriod=%s
03-09 22:54:14.695 11032 11032 D InsetsController: hide(ime(), fromIme=false)
03-09 22:54:14.696  5993  8761 D BluetoothAdapter: isLeEnabled(): ON
03-09 22:54:14.696  5993  8761 I NearbyDiscovery: (REDACTED) ApFastPairScanner: eventType=%s, intReq=%s, scanning=%s, scanAllowed=%s, bleEnabled=%s, lockScanRate=%s, startScanningByLowPowerMode=%s
03-09 22:54:14.696  5993  8761 I NearbyDiscovery: (REDACTED) ApFastPairScanner: Stopping scan, %s
03-09 22:54:14.696  5993  8761 D BluetoothAdapter: isLeEnabled(): ON
03-09 22:54:14.696  5993 10050 I NearbySharing: Stopping Fast Init advertisement because we're not scanning in the foreground.
03-09 22:54:14.697  5993 10050 I NearbySharing: Stopping advertising because Nearby Sharing is disabled.
03-09 22:54:14.697  5993 10050 I NearbySharing: Stopping FastInitiation scanning because the screen is locked.
03-09 22:54:14.698 11032 11032 I ImeTracker: com.microsoft.copilot:215ef605: onRequestHide at ORIGIN_CLIENT reason HIDE_SOFT_INPUT_BY_INSETS_API fromUser false
03-09 22:54:14.698 11032 11032 I ImeTracker: com.microsoft.copilot:215ef605: onCancelled at PHASE_CLIENT_APPLY_ANIMATION
03-09 22:54:14.699 26976 27604 D MCLOG   : [BrightnessManager] displayId = 0 brightness = 0.16049041 nit = 19.581001 level = br1
03-09 22:54:14.700 11032 11032 D VRI[Pop-Up Window]: visibilityChanged oldVisibility=true newVisibility=false
03-09 22:54:14.700 11032 11032 D VRI[MainActivity]: visibilityChanged oldVisibility=true newVisibility=false
03-09 22:54:14.701  5993 10050 I NearbySharing: Fast Initiation Scanning has stopped
03-09 22:54:14.702  5658  6105 I bt_shim_scanner: system/main/shim/le_scanning_manager.cc:185 Scan: in shim layer stopped
03-09 22:54:14.702  5658  5907 I bluetooth: system/gd/hci/le_address_manager.cc:244 unregister_client: Client unregistered
03-09 22:54:14.702  5658  5907 I bluetooth: system/gd/hci/le_address_manager.cc:248 unregister_client: Cancelled address rotation alarm
03-09 22:54:14.702  5658  6105 I bt_shim_scanner: system/main/shim/le_scanning_manager.cc:220 ScanFilterParamSetup: in shim layer, clientIf=1
03-09 22:54:14.702  5993 10050 I NearbySharing: Dismissing HUN as there's no device nearby.
03-09 22:54:14.702  2068  2068 D vendor.qti.bluetooth@1.0-ibs_handler: SerialClockVote: vote for UART CLK ON
03-09 22:54:14.703  2068  2068 D vendor.qti.bluetooth@1.0-wake_lock: Acquire wakelock is acquired 
03-09 22:54:14.703  2068  2068 I vendor.qti.bluetooth@1.0-ibs_handler: DeviceWakeUp: Writing IBS_WAKE_IND
03-09 22:54:14.703  5658  6105 I bt_shim_scanner: system/main/shim/le_scanning_manager.cc:220 ScanFilterParamSetup: in shim layer, clientIf=1
03-09 22:54:14.704  5658  5672 I bt_shim_scanner: system/main/shim/le_scanning_manager.cc:179 Unregister: in shim layer, scannerId=1
03-09 22:54:14.704 10834 10834 I PkDeviceHelper: PkDeviceHelper.refreshDevices():93 refreshing devices
03-09 22:54:14.705 10834 10834 I PkDeviceHelper: PkDeviceHelper.refreshDevices():93 refreshing devices
03-09 22:54:14.706  7545  7545 I FileStationLog: [ FS_h$a ] - [Display] Changed display: 0
03-09 22:54:14.707  7545  7545 I FileStationLog: [ FS_h ] - [Logic] Retrieved display info: LogicDisplayInfo(width=1080, height=2640, orientation=1, rotation=0, displayId=0)
03-09 22:54:14.707  7545  7545 I FileStationLog: [ FS_h$a ] - [Display] New logical size: 1080x2640
03-09 22:54:14.707  7545  7545 I FileStationLog: [ FS_h$a ] - [Display] Screen width unchanged: 1080
03-09 22:54:14.709  2068  6060 I vendor.qti.bluetooth@1.0-ibs_handler: ProcessIbsCmd: Received IBS_WAKE_ACK: 0xFC
03-09 22:54:14.709  2068  6060 I vendor.qti.bluetooth@1.0-ibs_handler: ProcessIbsCmd: Signal wack_cond_
03-09 22:54:14.709  2068  2068 D vendor.qti.bluetooth@1.0-ibs_handler: DeviceWakeUp: Unblocked from waiting for FC, pthread_cond_timedwait ret = 0
03-09 22:54:14.709  2068  6060 I vendor.qti.bluetooth@1.0-ibs_handler: ProcessIbsCmd: Received IBS_WAKE_IND: 0xFD
03-09 22:54:14.709  2068  6060 I vendor.qti.bluetooth@1.0-ibs_handler: ProcessIbsCmd: Writing IBS_WAKE_ACK
03-09 22:54:14.719  3163  5235 E MotoSxfService: ModeUsage or ActivityState is null.
03-09 22:54:14.727 11477 11477 I ThermalEngine: devices_manager_init: Init
03-09 22:54:14.727 11477 11477 I ThermalEngine: Number of gpus :1
03-09 22:54:14.727 11477 11477 I ThermalEngine: Number of cpus :8
03-09 22:54:14.730  2061  2108 E minksocket: MinkIPC_QRTR_Service: client with node 1 port 59b8 went down
03-09 22:54:14.731  2061  2108 E minksocket: MinkIPC_QRTR_Service: client with node 1 port 59b9 went down
03-09 22:54:14.732 11477 11477 E ThermalEngine: tmd_add_cpufreq_dev_data: Invalid or no boost freqs
03-09 22:54:14.733  2061  2108 E minksocket: MinkIPC_QRTR_Service: client with node 1 port 59ba went down
03-09 22:54:14.734  2061  2108 E minksocket: MinkIPC_QRTR_Service: client with node 1 port 59bb went down
03-09 22:54:14.736  2061  2108 E minksocket: MinkIPC_QRTR_Service: client with node 1 port 59bc went down
03-09 22:54:14.738 11477 11477 E ThermalEngine: tmd_add_cpufreq_dev_data: Invalid or no boost freqs
03-09 22:54:14.739  2061  2108 E minksocket: MinkIPC_QRTR_Service: client with node 1 port 59bd went down
03-09 22:54:14.740 11477 11477 E ThermalEngine: tmd_add_cpufreq_dev_data: Invalid or no boost freqs
03-09 22:54:14.741  2061  2108 E minksocket: MinkIPC_QRTR_Service: client with node 1 port 59be went down
03-09 22:54:14.742  2061  2108 E minksocket: MinkIPC_QRTR_Service: client with node 1 port 59bf went down
03-09 22:54:14.745  2061  2108 E minksocket: MinkIPC_QRTR_Service: client with node 1 port 59c0 went down
03-09 22:54:14.742 11477 11477 W thermal-engine-: type=1400 audit(0.0:387608): avc:  denied  { read } for  scontext=u:r:vendor_thermal-engine:s0 tcontext=u:r:init:s0 tclass=file permissive=0
03-09 22:54:14.742 11477 11477 W thermal-engine-: type=1400 audit(0.0:387609): avc:  denied  { read } for  scontext=u:r:vendor_thermal-engine:s0 tcontext=u:r:kernel:s0 tclass=file permissive=0
03-09 22:54:14.742 11477 11477 W thermal-engine-: type=1400 audit(0.0:387610): avc:  denied  { read } for  scontext=u:r:vendor_thermal-engine:s0 tcontext=u:r:kernel:s0 tclass=file permissive=0
03-09 22:54:14.742 11477 11477 W thermal-engine-: type=1400 audit(0.0:387611): avc:  denied  { read } for  scontext=u:r:vendor_thermal-engine:s0 tcontext=u:r:kernel:s0 tclass=file permissive=0
03-09 22:54:14.746  2061  2108 E minksocket: MinkIPC_QRTR_Service: client with node 1 port 59c1 went down
03-09 22:54:14.747 11477 11477 E ThermalEngine: devices_manager_reg_clnt: Invalid dev cdsp_sw.
03-09 22:54:14.747  2061  2108 E minksocket: MinkIPC_QRTR_Service: client with node 1 port 59c2 went down
03-09 22:54:14.742 11477 11477 W thermal-engine-: type=1400 audit(0.0:387612): avc:  denied  { read } for  scontext=u:r:vendor_thermal-engine:s0 tcontext=u:r:kernel:s0 tclass=file permissive=0
03-09 22:54:14.742 11477 11477 W thermal-engine-: type=1400 audit(0.0:387613): avc:  denied  { read } for  scontext=u:r:vendor_thermal-engine:s0 tcontext=u:r:kernel:s0 tclass=file permissive=0
03-09 22:54:14.742 11477 11477 W thermal-engine-: type=1400 audit(0.0:387614): avc:  denied  { read } for  scontext=u:r:vendor_thermal-engine:s0 tcontext=u:r:kernel:s0 tclass=file permissive=0
03-09 22:54:14.742 11477 11477 W thermal-engine-: type=1400 audit(0.0:387615): avc:  denied  { read } for  scontext=u:r:vendor_thermal-engine:s0 tcontext=u:r:kernel:s0 tclass=file permissive=0
03-09 22:54:14.742 11477 11477 W thermal-engine-: type=1400 audit(0.0:387616): avc:  denied  { read } for  scontext=u:r:vendor_thermal-engine:s0 tcontext=u:r:kernel:s0 tclass=file permissive=0
03-09 22:54:14.748  2061  2108 E minksocket: MinkIPC_QRTR_Service: client with node 1 port 59c3 went down
03-09 22:54:14.749 11477 11480 E ThermalEngine: verify_tmd_device: Device:cpuv_restriction_cold available. max:1
03-09 22:54:14.749 11477 11480 I ThermalEngine: ADSP thermal mitigation available.
03-09 22:54:14.750  2061  2108 E minksocket: MinkIPC_QRTR_Service: client with node 1 port 59c4 went down
03-09 22:54:14.750 11032 11084 D Surface : Surface::disconnect
03-09 22:54:14.750 11032 11084 D BufferQueueProducer: [Pop-Up Window#16970(BLAST Consumer)pid:11032](id:2b1800000004,api:1,p:11032,c:11032) disconnect: api 1
03-09 22:54:14.751  2061  2108 E minksocket: MinkIPC_QRTR_Service: client with node 1 port 59c6 went down
03-09 22:54:14.753 11477 11482 E ThermalEngine: verify_tmd_device: Device:cpuv_restriction_cold available. max:1
03-09 22:54:14.753 11477 11482 E ThermalEngine: devices_manager_add_dev: Device:cpuv_restriction_cold already exists
03-09 22:54:14.753  2061  2108 E minksocket: MinkIPC_QRTR_Service: client with node 1 port 59c7 went down
03-09 22:54:14.753  2068  6060 I vendor.qti.bluetooth@1.0-ibs_handler: ProcessIbsCmd: Received IBS_SLEEP_IND: 0xFE
03-09 22:54:14.753 11477 11482 E ThermalEngine: verify_tmd_device: Device:cdsp_hw available. max:1
03-09 22:54:14.754 11477 11482 E ThermalEngine: verify_tmd_device: Device:cdsp_sw available. max:6
03-09 22:54:14.754 11477 11482 I ThermalEngine: CDSP thermal mitigation available.
03-09 22:54:14.754  2061  2108 E minksocket: MinkIPC_QRTR_Service: client with node 1 port 59c9 went down
03-09 22:54:14.755  2061  2108 E minksocket: MinkIPC_QRTR_Service: client with node 1 port 59ca went down
03-09 22:54:14.756 11032 11084 D Surface : Surface::disconnect
03-09 22:54:14.756 11032 11084 D BufferQueueProducer: [com.microsoft.copilot/com.microsoft.copilotn.MainActivity#16952(BLAST Consumer)pid:11032](id:2b1800000000,api:1,p:11032,c:11032) disconnect: api 1
03-09 22:54:14.757  2061  2108 E minksocket: MinkIPC_QRTR_Service: client with node 1 port 59cb went down
03-09 22:54:14.759 11477 11478 E ThermalEngine: verify_tmd_device: Device:cpuv_restriction_cold available. max:1
03-09 22:54:14.760 11477 11478 E ThermalEngine: devices_manager_add_dev: Device:cpuv_restriction_cold already exists
03-09 22:54:14.760 11477 11478 E ThermalEngine: verify_tmd_device: Device:modem_lte_dsc available. max:255
03-09 22:54:14.762 11477 11478 E ThermalEngine: verify_tmd_device: Device:modem_lte_sub1_dsc available. max:255
03-09 22:54:14.762 11477 11478 E ThermalEngine: verify_tmd_device: Device:modem_nr_dsc available. max:255
03-09 22:54:14.762 11477 11478 E ThermalEngine: verify_tmd_device: Device:modem_nr_sub1_dsc available. max:255
03-09 22:54:14.762 11477 11477 I ThermalEngine: Found /system/bin/installd, file: 2737
03-09 22:54:14.763 11477 11477 E ThermalEngine: tmd_init_battery_data: type 0 
03-09 22:54:14.763 11477 11477 E ThermalEngine: tmd_init_battery_data: Unknown type: 0
03-09 22:54:14.763 11477 11477 E ThermalEngine: tmd_init_battery_data: type 1 
03-09 22:54:14.763 11032 11084 D HWUI    : endAllActiveAnimators on 0xb400006fc2ff4660 (K) with handle 0xb400006eb309a930
03-09 22:54:14.764 11477 11477 E ThermalEngine: tmd_init_battery_data: type 2 
03-09 22:54:14.764 11477 11478 E ThermalEngine: verify_tmd_device: Device:modem_nr_scg_dsc available. max:255
03-09 22:54:14.764 11477 11478 E ThermalEngine: verify_tmd_device: Device:modem_nr_scg_sub1_dsc available. max:255
03-09 22:54:14.765 11477 11478 E ThermalEngine: verify_tmd_device: Device:sdr0_lte_dsc available. max:255
03-09 22:54:14.765 11477 11478 E ThermalEngine: verify_tmd_device: Device:sdr1_lte_dsc available. max:255
03-09 22:54:14.766 11477 11478 E ThermalEngine: verify_tmd_device: Device:sdr0_nr_dsc available. max:255
03-09 22:54:14.767 11477 11478 E ThermalEngine: verify_tmd_device: Device:sdr1_nr_dsc available. max:255
03-09 22:54:14.767 11477 11478 E ThermalEngine: verify_tmd_device: Device:pa_lte_sdr0_dsc available. max:255
03-09 22:54:14.767 11477 11478 E ThermalEngine: verify_tmd_device: Device:pa_lte_sdr1_dsc available. max:255
03-09 22:54:14.769 11477 11478 E ThermalEngine: verify_tmd_device: Device:pa_lte_sdr0_sub1_dsc available. max:255
03-09 22:54:14.769 11477 11478 E ThermalEngine: verify_tmd_device: Device:pa_lte_sdr1_sub1_dsc available. max:255
03-09 22:54:14.769 11477 11478 E ThermalEngine: verify_tmd_device: Device:pa_nr_sdr0_dsc available. max:255
03-09 22:54:14.770 11477 11478 E ThermalEngine: verify_tmd_device: Device:pa_nr_sdr1_dsc available. max:255
03-09 22:54:14.772 11477 11478 E ThermalEngine: verify_tmd_device: Device:pa_nr_sdr0_sub1_dsc available. max:255
03-09 22:54:14.772 11477 11478 E ThermalEngine: verify_tmd_device: Device:pa_nr_sdr1_sub1_dsc available. max:255
03-09 22:54:14.774 11477 11478 E ThermalEngine: verify_tmd_device: Device:pa_nr_sdr0_scg_dsc available. max:255
03-09 22:54:14.774 11477 11478 E ThermalEngine: verify_tmd_device: Device:pa_nr_sdr1_scg_dsc available. max:255
03-09 22:54:14.774 11477 11478 E ThermalEngine: verify_tmd_device: Device:mmw0_dsc available. max:255
03-09 22:54:14.775 11477 11477 E ThermalEngine: tmd_init_battery_data: type 3 
03-09 22:54:14.775 11477 11477 E ThermalEngine: tmd_init_battery_data: Unknown type: 3
03-09 22:54:14.775 11477 11477 E ThermalEngine: tmd_init_battery_data: type 4 
03-09 22:54:14.775 11477 11477 E ThermalEngine: tmd_init_battery_data: Unknown type: 4
03-09 22:54:14.775 11477 11477 E ThermalEngine: Failed to reading /sys/class/leds/lcd-backlight/max_brightness
03-09 22:54:14.776 11477 11477 E ThermalEngine: Switch to /sys/class/backlight/panel0-backlight/max_brightness successfully
03-09 22:54:14.776 11477 11478 E ThermalEngine: verify_tmd_device: Device:mmw0_sub1_dsc available. max:255
03-09 22:54:14.776 11477 11478 E ThermalEngine: verify_tmd_device: Device:mmw1_dsc available. max:255
03-09 22:54:14.777 11477 11478 E ThermalEngine: verify_tmd_device: Device:mmw1_sub1_dsc available. max:255
03-09 22:54:14.777 11477 11478 E ThermalEngine: verify_tmd_device: Device:mmw2_dsc available. max:255
03-09 22:54:14.778 11477 11478 E ThermalEngine: verify_tmd_device: Device:mmw2_sub1_dsc available. max:255
03-09 22:54:14.779 11477 11477 E ThermalEngine: parse_cooling_devices: Added cooling device: display-fps with cdev id:31
03-09 22:54:14.779 11477 11477 E ThermalEngine: parse_cooling_devices: Added cooling device: cpu-hotplug3 with cdev id:21
03-09 22:54:14.779 11477 11478 E ThermalEngine: verify_tmd_device: Device:mmw3_dsc available. max:255
03-09 22:54:14.779 11477 11477 E ThermalEngine: parse_cooling_devices: Added cooling device: pause-cpu3 with cdev id:11
03-09 22:54:14.779 11477 11477 E ThermalEngine: parse_cooling_devices: Added cooling device: mmw0_dsc_kr with cdev id:58
03-09 22:54:14.779 11477 11478 E ThermalEngine: verify_tmd_device: Device:mmw3_sub1_dsc available. max:255
03-09 22:54:14.779 11477 11477 E ThermalEngine: parse_cooling_devices: Added cooling device: sdr0_lte_dsc_kr with cdev id:48
03-09 22:54:14.779 11477 11477 E ThermalEngine: parse_cooling_devices: Added cooling device: panel0-backlight with cdev id:38
03-09 22:54:14.779 11477 11477 E ThermalEngine: parse_cooling_devices: Added cooling device: pause-cpu7 with cdev id:8
03-09 22:54:14.779 11477 11477 E ThermalEngine: parse_cooling_devices: Added cooling device: ufs with cdev id:28
03-09 22:54:14.779 11477 11478 E ThermalEngine: verify_tmd_device: Device:mmw_ific_dsc available. max:255
03-09 22:54:14.779 11477 11477 E ThermalEngine: parse_cooling_devices: Added cooling device: pa_nr_sdr0_scg_kr with cdev id:56
03-09 22:54:14.780 11477 11477 E ThermalEngine: parse_cooling_devices: Added cooling device: cpu-hotplug0 with cdev id:18
03-09 22:54:14.780 11477 11477 E ThermalEngine: parse_cooling_devices: Added cooling device: pa_nr_sdr0_dsc_kr with cdev id:54
03-09 22:54:14.780 11477 11477 E ThermalEngine: parse_cooling_devices: Added cooling device: modem_vdd with cdev id:44
03-09 22:54:14.780 11477 11477 E ThermalEngine: parse_cooling_devices: Added cooling device: mmw_ific_dsc_kr with cdev id:62
03-09 22:54:14.780 11477 11477 E ThermalEngine: parse_cooling_devices: Added cooling device: pause-cpu5 with cdev id:4
03-09 22:54:14.780 11477 11477 E ThermalEngine: parse_cooling_devices: Added cooling device: cpu-hotplug7 with cdev id:24
03-09 22:54:14.780 11477 11477 E ThermalEngine: parse_cooling_devices: Added cooling device: pa_lte_sdr0_dsc_kr with cdev id:52
03-09 22:54:14.781 11477 11477 E ThermalEngine: parse_cooling_devices: Added cooling device: mmw2_dsc_kr with cdev id:60
03-09 22:54:14.781 11477 11477 E ThermalEngine: parse_cooling_devices: Added cooling device: pause-cpu0 with cdev id:2
03-09 22:54:14.781 11477 11477 E ThermalEngine: parse_cooling_devices: Added cooling device: cpu-hotplug5 with cdev id:22
03-09 22:54:14.781 11477 11477 E ThermalEngine: parse_cooling_devices: Added cooling device: sdr0_nr_dsc_kr with cdev id:50
03-09 22:54:14.781 11477 11477 E ThermalEngine: parse_cooling_devices: Added cooling device: pause-cpu6 with cdev id:12
03-09 22:54:14.781 11477 11477 E ThermalEngine: parse_cooling_devices: Added cooling device: mmw1_dsc_kr with cdev id:59
03-09 22:54:14.781 11477 11478 E ThermalEngine: verify_tmd_device: Device:mmw_ific_sub1_dsc available. max:255
03-09 22:54:14.781 11477 11477 E ThermalEngine: parse_cooling_devices: Added cooling device: pause-cpu1 with cdev id:0
03-09 22:54:14.781 11477 11477 E ThermalEngine: parse_cooling_devices: Added cooling device: cpu-hotplug2 with cdev id:20
03-09 22:54:14.781 11477 11477 E ThermalEngine: parse_cooling_devices: Added cooling device: sdr1_lte_dsc_kr with cdev id:49
03-09 22:54:14.781 11477 11478 E ThermalEngine: verify_tmd_device: Device:wlan available. max:4
03-09 22:54:14.782 11477 11477 E ThermalEngine: parse_cooling_devices: Added cooling device: panel1-backlight with cdev id:39
03-09 22:54:14.782 11477 11477 E ThermalEngine: parse_cooling_devices: Added cooling device: pause-cpu2 with cdev id:9
03-09 22:54:14.782 11477 11478 E ThermalEngine: verify_tmd_device: Device:wlan_bw available. max:1
03-09 22:54:14.782 11477 11477 E ThermalEngine: parse_cooling_devices: Added cooling device: pa_nr_sdr1_scg_kr with cdev id:57
03-09 22:54:14.782 11477 11477 E ThermalEngine: parse_cooling_devices: Added cooling device: cpu-hotplug1 with cdev id:19
03-09 22:54:14.782 11477 11477 E ThermalEngine: parse_cooling_devices: Added cooling device: pa_nr_sdr1_dsc_kr with cdev id:55
03-09 22:54:14.782 11477 11477 E ThermalEngine: parse_cooling_devices: Added cooling device: thermal-cpufreq-0 with cdev id:25
03-09 22:54:14.783 11477 11477 E ThermalEngine: parse_cooling_devices: Added cooling device: pa_lte_sdr1_dsc_kr with cdev id:53
03-09 22:54:14.783 11477 11477 E ThermalEngine: parse_cooling_devices: Added cooling device: wsa with cdev id:43
03-09 22:54:14.783 11477 11477 E ThermalEngine: parse_cooling_devices: Added cooling device: mmw3_dsc_kr with cdev id:61
03-09 22:54:14.783 11477 11477 E ThermalEngine: parse_cooling_devices: Added cooling device: cpu-hotplug6 with cdev id:23
03-09 22:54:14.783 11477 11477 E ThermalEngine: parse_cooling_devices: Added cooling device: sdr1_nr_dsc_kr with cdev id:51
03-09 22:54:14.783 11477 11477 I ThermalEngine: sensors_manager_init: Init
03-09 22:54:14.783 11477 11477 E ThermalEngine: Event ID:3 Sampling ID:2
03-09 22:54:14.784 11477 11478 E ThermalEngine: verify_tmd_device: Device:modem_bw_backoff available. max:255
03-09 22:54:14.784 11477 11478 E ThermalEngine: verify_tmd_device: Device:cpr_cold available. max:3
03-09 22:54:14.784 11477 11478 I ThermalEngine: MODEM thermal mitigation available.
03-09 22:54:14.788  7314  7314 D GameMode: onStartedActivityChange: componnent: ComponentInfo{com.microsoft.copilot/com.microsoft.copilotn.MainActivity} entered launcher screen? false
03-09 22:54:14.793  3163  7400 D PowerManagerService: nativeReleaseSuspendBlocker name:PowerManagerService.WakeLocks duration ms: 0
03-09 22:54:14.824  2195  2392 I SDM     : DisplayBase::SetDisplayState: active 0-0 state 0-0 pending_power_state_ 0
03-09 22:54:14.825  2214  2254 W ANDR-PERF-LM: FeatureState: readState() 151: warning: appName is NULL, returning default State
03-09 22:54:14.825  2214  2254 W ANDR-PERF-LM: FeatureState: readState() 151: warning: appName is NULL, returning default State
03-09 22:54:14.825  2214  2254 W ANDR-PERF-LM: FeatureState: readState() 151: warning: appName is NULL, returning default State
03-09 22:54:14.825  2300  2300 D SurfaceFlinger: Finished setting power mode 0 on display 4630947043778501762
03-09 22:54:14.826  3163  5305 D SurfaceControl: Excessive delay in setPowerMode()
03-09 22:54:14.827  3163  5305 D PowerManagerService: nativeSetPowerMode ret:false mode:9 enabled:true duration ms: 0
03-09 22:54:14.830  3163  3229 D CLI/Transition: displaygroup 0, state OFF, pendingdisplaygroup -1
03-09 22:54:14.830  3163  3231 D DisplayManagerService: Ignore redundant display event 0/2 to 10416/12048
03-09 22:54:14.832  2067  8157 D AHAL: AudioDevice: SetParameters: 1564: enter: screen_state=off
03-09 22:54:14.832  2067  8157 D AHAL: AudioVoice: VoiceSetParameters: 87: Enter params: screen_state=off
03-09 22:54:14.832  2067  8157 D AHAL: AudioVoice: VoiceSetParameters: 360: Exit ret: 0
03-09 22:54:14.832  2067  8157 D AHAL: FM: fm_set_parameters: 262: Enter
03-09 22:54:14.832  2067  8157 D AHAL: FM: fm_set_parameters: 320: exit
03-09 22:54:14.832  2067  8157 D AHAL: AudioDevice: SetParameters: 1628:  - screen = off
03-09 22:54:14.832  2067  8157 I PAL: ResourceManager: setParameter: 8311: Screen State:0
03-09 22:54:14.832  2067  8157 D AHAL: AudioDevice: SetParameters: 2361: exit: screen_state=off
03-09 22:54:14.834  3163  3352 D PowerManagerService: nativeSetPowerMode ret:true mode:7 enabled:false duration ms: 0
03-09 22:54:14.834  2078  2078 I QTI PowerHAL: Power setMode: 7 to: 0
03-09 22:54:14.834  3163  3352 D BrightnessThermalClamper: Thermal status observer already started
03-09 22:54:14.834  2078  2078 I QTI PowerHAL: Got set_interactive hint
03-09 22:54:14.834  3163  3352 I DreamManagerService: Entering dreamland. callers=com.android.server.dreams.DreamManagerService.startDreamInternal:531 com.android.server.dreams.DreamManagerService.-$$Nest$mstartDreamInternal:0 com.android.server.dreams.DreamManagerService$LocalService.startDream:1246 com.android.server.power.PowerManagerService.handleSandman:4199 com.android.server.power.PowerManagerService.-$$Nest$mhandleSandman:0 
03-09 22:54:14.834  2078  2078 I QTI PowerHAL: Got set_interactive hint on= 0, count= 372
03-09 22:54:14.836  3163  3352 D PowerManagerService: nativeAcquireSuspendBlocker name:PowerManagerService.WakeLocks duration ms: 1
03-09 22:54:14.836  3163  3352 D PowerManagerService: nativeReleaseSuspendBlocker name:PowerManagerService.Display duration ms: 0
03-09 22:54:14.836  3163  3352 D PowerManagerService: nativeSetAutoSuspend enable:true duration ms: 0
03-09 22:54:14.836  3163  3352 I PowerManagerService: Dozing... groupId=1
03-09 22:54:14.836  3163  3352 D PowerManagerService: handleSandman ignore 0
03-09 22:54:14.837  3163  3227 I DreamController: Starting dream: name=ComponentInfo{com.android.systemui/com.android.systemui.doze.DozeService}, isPreviewMode=false, canDoze=true, userId=0, reason='power manager request', mCurrentDreamStartTime=41164773, isFirstTimeDream=false
03-09 22:54:14.837 26976 27604 D MCLOG   : [BrightnessTrigger] onDisplayChanged displayId = 0
03-09 22:54:14.840  3163  3163 I BrightnessSynchronizer: New Update: {[3234] 0.16049041(f), mUpdatedTypes=0, mConfirmedTypes=0, mTimeUpdated=0, mState=2}
03-09 22:54:14.840  3163  7496 E WindowManager: Dream packageName does not match active dream. Package com.google.android.gsf does not match ComponentInfo{com.android.systemui/com.android.systemui.doze.DozeService}
03-09 22:54:14.840  7545  7545 I FileStationLog: [ FS_h$a ] - [Display] Changed display: 0
03-09 22:54:14.840  3163  7496 E WindowManager: Dream packageName does not match active dream. Package com.google.android.gms does not match ComponentInfo{com.android.systemui/com.android.systemui.doze.DozeService}
03-09 22:54:14.840  7545  7545 I FileStationLog: [ FS_h ] - [Logic] Retrieved display info: LogicDisplayInfo(width=1080, height=2640, orientation=1, rotation=0, displayId=0)
03-09 22:54:14.840 26976 27604 D MCLOG   : [BrightnessManager] displayId = 0 brightness = 0.16049041 nit = 19.581001 level = br1
03-09 22:54:14.840  7545  7545 I FileStationLog: [ FS_h$a ] - [Display] New logical size: 1080x2640
03-09 22:54:14.841  7545  7545 I FileStationLog: [ FS_h$a ] - [Display] Screen width unchanged: 1080
03-09 22:54:14.841  5625  5625 V DreamService[DozeService]: onCreate()
03-09 22:54:14.843  5625  5625 I MotoDozeSensor: Tap to wake up enable: true
03-09 22:54:14.843  5625  5625 D DozeTriggers: shouldregisterTapSensor:  zeroTapEnabled=false
03-09 22:54:14.844  5625  5625 E MotoDozeSensorTypeBuilder: This sensor type(25) is not supported.
03-09 22:54:14.844  5625  5625 E MotoDozeSensorTypeBuilder: This sensor type(65596) is not supported.
03-09 22:54:14.844  5625  5625 V DreamService[DozeService]: onBind() intent = Intent { act=android.service.dreams.DreamService flg=0x800000 cmp=com.android.systemui/.doze.DozeService (has extras) }
03-09 22:54:14.846  3163  3163 I DreamController: onServiceConnected: name=ComponentInfo{com.android.systemui/com.android.systemui.doze.DozeService}, service=android.os.BinderProxy@8995e04
03-09 22:54:14.847  3163  3227 I DreamController: onServiceConnected to attach: name=ComponentInfo{com.android.systemui/com.android.systemui.doze.DozeService}
03-09 22:54:14.848  5625  5625 I vol.VolumeDialogImpl: mDialog.dismiss() reason: volume_controller from: com.android.systemui.volume.VolumeDialogImpl$10.onDismissRequested:3 displayId: 0 mShowing: false mIsAnimatingDismiss: true
03-09 22:54:14.848  5625  6171 I DreamService: DreamServiceWrapper attach: dreamToken=android.os.BinderProxy@4a06bb5, canDoze=true
03-09 22:54:14.848  5625  5625 D vol.VolumeDialogImpl: dismissH: skipping dismiss because isAnimatingDismiss is true and showingStateInconsistent is false
03-09 22:54:14.848  3163  3352 D PowerManagerService: handleSandman ignore 0
03-09 22:54:14.849  5625  5625 I DreamService[DozeService]: attach() called: dreamToken=android.os.BinderProxy@4a06bb5, canDoze=true mWindow=null mWindowless=true
03-09 22:54:14.849  5625  5625 V DreamService[DozeService]: onDreamingStarted()
03-09 22:54:14.850  3163  3352 D PowerManagerService: handleSandman ignore 0
03-09 22:54:14.851  5625  5625 D SbStateController: setState: requested state KEYGUARD!= upcomingState: SHADE. This usually means the status bar state transition was interrupted before the upcoming state could be applied.
03-09 22:54:14.852  2064  2064 I sensors-hal: batch:206, com.motorola.sensor.ltv/65738, period=1000000, max_latency=0
03-09 22:54:14.852  2064  2064 I sensors-hal: set_config:57, sample_period_ns is adjusted to 0 based on min/max delay_ns
03-09 22:54:14.852  2064  2064 I sensors-hal: batch:215, com.motorola.sensor.ltv/65738, period=1000000, max_latency=0 request completed
03-09 22:54:14.852  2064  2064 I sensors-hal: activate:173, com.motorola.sensor.ltv/65738 en=1
03-09 22:54:14.852  2064  2064 I sensors-hal: get_qmi_debug_flag:239, support_qmi_debug : false
03-09 22:54:14.853  2061  2108 E minksocket: MinkIPC_QRTR_Service: client with node 1 port 59cd went down
03-09 22:54:14.853  2061  2108 E minksocket: MinkIPC_QRTR_Service: client with node 1 port 59ce went down
03-09 22:54:14.853  5625  5962 D KeyguardViewMediator: updateActivityLockScreenState(false, true)
03-09 22:54:14.854  2061  2108 E minksocket: MinkIPC_QRTR_Service: client with node 1 port 59cf went down
03-09 22:54:14.854  2064  2064 E Diag_Lib: diag: Diag_LSM_Init: invoked for pid: 2064 with init_count: 0
03-09 22:54:14.854  2061  2108 E minksocket: MinkIPC_QRTR_Service: client with node 1 port 59d0 went down
03-09 22:54:14.854  2064  2064 E Diag_Lib: diag:failed to connect to diag socket
03-09 22:54:14.854  2064  2064 E Diag_Lib:  Diag_LSM_Init: Failed to open handle to diag driver, error = 13
03-09 22:54:14.854  2064  2064 I sensors-hal: send_sync_sensor_request:341, send sync request
03-09 22:54:14.855  2064  2064 I sensors-hal: send_sync_sensor_request:367, wait for notification of response
03-09 22:54:14.856  2064  4171 I slpi    : MOT_LTV started with registry parameters (rcv_reg_items=0x1fff)
03-09 22:54:14.856  2064  4171 E slpi    : MOT_GPIO_FLIP kernel state gpio unset
03-09 22:54:14.857  2064 11607 I sensors-hal: ssc_conn_resp_cb:632, resp_value = 0
03-09 22:54:14.857  2064  2064 I sensors-hal: send_sync_sensor_request:373, takes 2 ms to receive the response with 0
03-09 22:54:14.857  2064  2064 I sensors-hal: activate:184, com.motorola.sensor.ltv/65738 en=1 completed
03-09 22:54:14.859  2064  2064 I sensors-hal: batch:206, com.motorola.sensor.glance/65658, period=1000000, max_latency=0
03-09 22:54:14.859  2064  2064 I sensors-hal: set_config:57, sample_period_ns is adjusted to 0 based on min/max delay_ns
03-09 22:54:14.859  2064  2064 I sensors-hal: batch:215, com.motorola.sensor.glance/65658, period=1000000, max_latency=0 request completed
03-09 22:54:14.859  3163  3352 D PowerManagerService: handleSandman ignore 0
03-09 22:54:14.860  2064  2064 I sensors-hal: activate:173, com.motorola.sensor.glance/65658 en=1
03-09 22:54:14.860  2064  2064 I sensors-hal: activate:154, activate glance 65548
03-09 22:54:14.860  2064  2064 I sensors-hal: get_qmi_debug_flag:239, support_qmi_debug : false
03-09 22:54:14.861  2061  2108 E minksocket: MinkIPC_QRTR_Service: client with node 1 port 59d2 went down
03-09 22:54:14.861  2061  2108 E minksocket: MinkIPC_QRTR_Service: client with node 1 port 59d3 went down
03-09 22:54:14.862  2061  2108 E minksocket: MinkIPC_QRTR_Service: client with node 1 port 59d4 went down
03-09 22:54:14.862  2064  2064 E Diag_Lib: diag: Diag_LSM_Init: invoked for pid: 2064 with init_count: 0
03-09 22:54:14.862  2064  2064 E Diag_Lib: diag:failed to connect to diag socket
03-09 22:54:14.862  2064  2064 E Diag_Lib:  Diag_LSM_Init: Failed to open handle to diag driver, error = 13
03-09 22:54:14.862  2064  2064 I sensors-hal: create_sensor_config_request:143, sending MOT_GLANCE_MSGID_MOT_GLANCE_CONFIG, 0x17
03-09 22:54:14.862  2064  2064 I sensors-hal: send_sync_sensor_request:341, send sync request
03-09 22:54:14.862  2061  2108 E minksocket: MinkIPC_QRTR_Service: client with node 1 port 59d5 went down
03-09 22:54:14.862  2064  2064 I sensors-hal: send_sync_sensor_request:367, wait for notification of response
03-09 22:54:14.864  2064 11613 I sensors-hal: ssc_conn_resp_cb:632, resp_value = 0
03-09 22:54:14.865  2064  2064 I sensors-hal: send_sync_sensor_request:373, takes 2 ms to receive the response with 0
03-09 22:54:14.865  2064  2064 I sensors-hal: activate:184, com.motorola.sensor.glance/65658 en=1 completed
03-09 22:54:14.866  3163  3352 D PowerManagerService: handleSandman ignore 0
03-09 22:54:14.870  3163  7496 I DreamManagerService: startDozing by com.android.systemui callingUid=10394 callingPid=5625
03-09 22:54:14.871  3163  7496 D DreamManagerService: Dream requested to start dozing: android.os.Binder@375632b, screenState=1, screenBrightness=-1, reason=UNKNOWN
03-09 22:54:14.872  3163  7496 D PowerManagerService: nativeSetAutoSuspend enable:false duration ms: 1
03-09 22:54:14.872  3163  7496 D PowerManagerService: nativeAcquireSuspendBlocker name:PowerManagerService.Display duration ms: 0
03-09 22:54:14.873  3163  3352 D PowerManagerService: handleSandman ignore 0
03-09 22:54:14.875  3163  3352 I DisplayPowerController2[1]: 03-09 22:54:14.873 - BrightnessEvent: disp=1, physDisp=local:4630947043778501763, displayState=OFF, displayPolicy=DOZE, brt=0.0, initBrt=0.0, rcmdBrt=NaN, preBrt=NaN, lux=0.0, preLux=0.0, brtNits=3.3701954, hdrNits=NaN, initNits=3.3701954, preNits=NaN, rcmdNits=NaN, hdrBrightness=NaN, brt(%)=0%, brtInt=1, hbmPolicy=normal, hbmMax=0.7660316, hbmMode=off, rbcStrength=-1, thrmMax=1.0, powerFactor=1.0, wasShortTermModelActive=false, flags=, reason=screen_off, autoBrightness=true, strategy=ScreenOffBrightnessStrategy, autoBrightnessMode=default
03-09 22:54:14.875  5625  5956 D CounterUpPreferencesStatusValue: startTracking: previous = 198 current = 199 tag = Count of how many cli AD is triggered
03-09 22:54:14.875  3163  7400 I DreamController: mDreamingStartedCallback sendResult
03-09 22:54:14.875  3163  3163 I WindowManager: Finished going to sleep... (groupId=0 why=OFF_BECAUSE_OF_USER) notifySleepToKeyguard=true lidState=0 pmSleepReason=lid_switch
03-09 22:54:14.876  5625  5625 D SCliNotificationListener: onNotificationListUpdate: [com.android.systemui.statusbar.notification.collection.GroupEntry@c7bb444]
03-09 22:54:14.876  5625  6286 D SCliNotifPanelController: onNotificationEntryRemove: -1|com.android.systemui|1201|fully_charged_and_plugged|10394
03-09 22:54:14.876  5625  6286 D SCliNotifPanelController: onNotificationGroupRemove: com.android.systemui_u-1
03-09 22:54:14.876  5625  6286 D SCliNotifPanelController: onNotificationEntryRemove: 0|com.google.android.googlequicksearchbox|0|-1929155362::a:snotification:[0x394,wx.f,NOTIFICATION]|10292
03-09 22:54:14.876  5625  6286 D SCliNotifPanelController: onNotificationGroupRemove: com.google.android.googlequicksearchbox_u0
03-09 22:54:14.877  3163  3352 D PowerManagerService: nativeAcquireSuspendBlocker name:PowerManagerService.Broadcasts duration ms: 1
03-09 22:54:14.877  3163  3352 D PowerManagerService: nativeSetAutoSuspend enable:true duration ms: 0
03-09 22:54:14.877  3163  3352 D PowerManagerService: nativeReleaseSuspendBlocker name:PowerManagerService.Display duration ms: 0
03-09 22:54:14.877  3163  3352 D PowerManagerService: handleSandman ignore 0
03-09 22:54:14.879  2064  2064 I sensors-hal: activate:173, android.sensor.device_orientation/271 en=0
03-09 22:54:14.880  2064  2064 I sensors-hal: activate:184, android.sensor.device_orientation/271 en=0 completed
03-09 22:54:14.880  2061  2108 E minksocket: MinkIPC_QRTR_Service: client with node 1 port 5967 went down
03-09 22:54:14.880  3163  3352 D PowerManagerService: handleSandman ignore 0
03-09 22:54:14.882  5625 20429 D KeyguardViewMediator: USER_LOCKED intent sent
03-09 22:54:14.883  3163  3352 D PowerManagerService: handleSandman ignore 0
03-09 22:54:14.886  5625  5625 W libc    : Access denied finding property "vendor.display.enable_optimal_refresh_rate"
03-09 22:54:14.886  5625  5625 W libc    : Access denied finding property "vendor.gpp.create_frc_extension"
03-09 22:54:14.889  6942  6942 D NfcService: MSG_APPLY_SCREEN_STATE 1
03-09 22:54:14.891  3163  3352 D PowerManagerService: handleSandman ignore 0
03-09 22:54:14.891  6942  6942 D libnfc_nci: nfcManager_doSetScreenState: state = 1 prevScreenState= 8, discovry_param = 1
03-09 22:54:14.891 11477 11477 E ThermalEngine: Unable to change to /sys/devices/soc/
03-09 22:54:14.891 11477 11477 E ThermalEngine: bcl_setup: Unexpected node error
03-09 22:54:14.891 11477 11477 E ThermalEngine: add_tgt_sensor: bcl sensor setup failed failed.
03-09 22:54:14.891 11477 11477 E ThermalEngine: add_tgt_sensors_set_optional: Error adding bcl
03-09 22:54:14.892  2582  8068 D NxpTml  : PN54X - Write requested.....
03-09 22:54:14.892  2582  8068 D NxpTml  : PN54X - Invoking I2C Write.....
03-09 22:54:14.894  2582  8068 D NxpTml  : Write errno : 6b
03-09 22:54:14.894  2582  8068 D NxpTml  : PN54X - Error in I2C Write.....
03-09 22:54:14.894  2582  8068 D NxpTml  : PN54X - Posting Fresh Write message.....
03-09 22:54:14.894  2582  8068 D NxpTml  : PN54X - Tml Writer Thread Running................
03-09 22:54:14.894  5625  5625 W View    : requestLayout() improperly called by com.android.keyguard.CarrierText{fc2afe4 V.ED..... ..S...ID 42,0-495,108 #7f0a04a7 app:id/keyguard_carrier_text} during layout: running second layout pass
03-09 22:54:14.894  5625  5625 W View    : requestLayout() improperly called by com.android.systemui.util.AutoMarqueeTextView{fcb050b VFED..C.. ..S...ID 205,0-571,126 #7f0a0686 app:id/no_carrier_text} during layout: running second layout pass
03-09 22:54:14.894  2582  8070 D NxpHal  : write error status = 0x1ff
03-09 22:54:14.894  2582  2582 D NxpHal  : write_unlocked failed - PN54X Maybe in Standby Mode - Retry
03-09 22:54:14.894 11477 11477 E ThermalEngine: sysfs_setup: report: path /sys/class/power_supply/battery/capacity
03-09 22:54:14.894 11477 11477 E ThermalEngine: sysfs_setup: opening /sys/class/power_supply/battery/capacity
03-09 22:54:14.894 11477 11477 E ThermalEngine: sysfs_setup: found sensor cluster0: cluster id = 0
03-09 22:54:14.894 11477 11477 E ThermalEngine: sysfs_setup: found sensor cluster1: cluster id = 1
03-09 22:54:14.895 11477 11477 E ThermalEngine: sysfs_setup: report: path /sys/class/power_supply/battery/charge_rate
03-09 22:54:14.895 11477 11477 E ThermalEngine: sysfs_setup: opening /sys/class/power_supply/battery/charge_rate
03-09 22:54:14.896 11477 11477 E ThermalEngine: sysfs_setup: report: path /proc/loadavg
03-09 22:54:14.896 11477 11477 E ThermalEngine: sysfs_setup: opening /proc/loadavg
03-09 22:54:14.897 11477 11477 E ThermalEngine: sysfs_setup: report: path /proc/stat
03-09 22:54:14.897 11477 11477 E ThermalEngine: sysfs_setup: opening /proc/stat
03-09 22:54:14.897 11477 11477 E ThermalEngine: sysfs_setup: report: path /sys/class/power_supply/battery/capacity
03-09 22:54:14.897 11477 11477 E ThermalEngine: sysfs_setup: opening /sys/class/power_supply/battery/capacity
03-09 22:54:14.897 11477 11477 E ThermalEngine: sysfs_setup: report: path /sys/class/backlight/panel0-backlight/brightness
03-09 22:54:14.897 11477 11477 E ThermalEngine: sysfs_setup: opening /sys/class/backlight/panel0-backlight/brightness
03-09 22:54:14.897 11477 11477 E ThermalEngine: sysfs_setup: report: path /proc/stat
03-09 22:54:14.897 11477 11477 E ThermalEngine: sysfs_setup: opening /proc/stat
03-09 22:54:14.897 11477 11477 E ThermalEngine: sysfs_setup: report: path /sys/class/backlight/panel0-backlight/brightness
03-09 22:54:14.897 11477 11477 E ThermalEngine: sysfs_setup: opening /sys/class/backlight/panel0-backlight/brightness
03-09 22:54:14.897 11477 11477 E ThermalEngine: sysfs_setup: report: path /proc/loadavg
03-09 22:54:14.897 11477 11477 E ThermalEngine: sysfs_setup: opening /proc/loadavg
03-09 22:54:14.897 11477 11477 E ThermalEngine: sysfs_setup: report: path /sys/class/power_supply/wireless/online
03-09 22:54:14.897 11477 11477 E ThermalEngine: sysfs_setup: opening /sys/class/power_supply/wireless/online
03-09 22:54:14.898 11477 11477 E ThermalEngine: No hwmon device found in the kernel for sensor tmp108
03-09 22:54:14.898 11477 11477 E ThermalEngine: add_tgt_sensor: tmp108 sensor setup failed failed.
03-09 22:54:14.898 11477 11477 E ThermalEngine: add_tgt_sensors_set_optional: Error adding tmp108
03-09 22:54:14.898 11477 11477 E ThermalEngine: No hwmon device found in the kernel for sensor msm_tmp108
03-09 22:54:14.898 11477 11477 E ThermalEngine: add_tgt_sensor: msm_tmp108 sensor setup failed failed.
03-09 22:54:14.898 11477 11477 E ThermalEngine: add_tgt_sensors_set_optional: Error adding msm_tmp108
03-09 22:54:14.898 11477 11477 E ThermalEngine: No hwmon device found in the kernel for sensor quiet_tmp108
03-09 22:54:14.898 11477 11477 E ThermalEngine: add_tgt_sensor: quiet_tmp108 sensor setup failed failed.
03-09 22:54:14.898 11477 11477 E ThermalEngine: add_tgt_sensors_set_optional: Error adding quiet_tmp108
03-09 22:54:14.898 11477 11477 I ThermalEngine: Loading config file for virtual sensor
03-09 22:54:14.898 11477 11477 I ThermalEngine: Loading configuration file /vendor/etc/thermal-engine-lynkco-cli.conf
03-09 22:54:14.898 11477 11477 I ThermalEngine: Parsing section global
03-09 22:54:14.898 11477 11477 I ThermalEngine: Created section 'FRONT_TEMP'
03-09 22:54:14.898 11477 11477 I ThermalEngine: Algo Type 'virtual'
03-09 22:54:14.898 11477 11477 I ThermalEngine: Parsing section FRONT_TEMP
03-09 22:54:14.898 11477 11477 I ThermalEngine: Found field 'trip_sensor'
03-09 22:54:14.898 11477 11477 I ThermalEngine: Found field 'thresholds'
03-09 22:54:14.898 11477 11477 I ThermalEngine: Found field 'thresholds_clr'
03-09 22:54:14.898 11477 11477 I ThermalEngine: Found field 'sensors'
03-09 22:54:14.899 11477 11477 I ThermalEngine: Found field 'weights'
03-09 22:54:14.899 11477 11477 I ThermalEngine: Found field 'offsets'
03-09 22:54:14.899 11477 11477 I ThermalEngine: Found field 'sampling'
03-09 22:54:14.899 11477 11477 I ThermalEngine: Found field 'math'
03-09 22:54:14.899 11477 11477 I ThermalEngine: Found field 'sys_temp'
03-09 22:54:14.899 11477 11477 I ThermalEngine: Created section 'BACK_TEMP'
03-09 22:54:14.899 11477 11477 I ThermalEngine: Algo Type 'virtual'
03-09 22:54:14.899 11477 11477 I ThermalEngine: Parsing section BACK_TEMP
03-09 22:54:14.899 11477 11477 I ThermalEngine: Found field 'trip_sensor'
03-09 22:54:14.899 11477 11477 I ThermalEngine: Found field 'thresholds'
03-09 22:54:14.899 11477 11477 I ThermalEngine: Found field 'thresholds_clr'
03-09 22:54:14.899 11477 11477 I ThermalEngine: Found field 'sensors'
03-09 22:54:14.899 11477 11477 I ThermalEngine: Found field 'weights'
03-09 22:54:14.899 11477 11477 I ThermalEngine: Found field 'offsets'
03-09 22:54:14.899 11477 11477 I ThermalEngine: Found field 'sampling'
03-09 22:54:14.899 11477 11477 I ThermalEngine: Found field 'math'
03-09 22:54:14.899 11477 11477 I ThermalEngine: Found field 'sys_temp'
03-09 22:54:14.899 11477 11477 I ThermalEngine: Created section 'FUSE_TEMP'
03-09 22:54:14.899 11477 11477 I ThermalEngine: Algo Type 'virtual'
03-09 22:54:14.899 11477 11477 I ThermalEngine: Parsing section FUSE_TEMP
03-09 22:54:14.899 11477 11477 I ThermalEngine: Found field 'trip_sensor'
03-09 22:54:14.899 11477 11477 I ThermalEngine: Found field 'thresholds'
03-09 22:54:14.899 11477 11477 I ThermalEngine: Found field 'thresholds_clr'
03-09 22:54:14.899 11477 11477 I ThermalEngine: Found field 'sensors'
03-09 22:54:14.899 11477 11477 I ThermalEngine: Found field 'weights'
03-09 22:54:14.899 11477 11477 I ThermalEngine: Found field 'offsets'
03-09 22:54:14.899 11477 11477 I ThermalEngine: Found field 'sampling'
03-09 22:54:14.899 11477 11477 I ThermalEngine: Found field 'math'
03-09 22:54:14.899 11477 11477 I ThermalEngine: Found field 'sys_temp'
03-09 22:54:14.899 11477 11477 I ThermalEngine: Created section 'BCHG_TEMP'
03-09 22:54:14.899 11477 11477 I ThermalEngine: Algo Type 'virtual'
03-09 22:54:14.899 11477 11477 I ThermalEngine: Parsing section BCHG_TEMP
03-09 22:54:14.899 11477 11477 I ThermalEngine: Found field 'trip_sensor'
03-09 22:54:14.899 11477 11477 I ThermalEngine: Found field 'thresholds'
03-09 22:54:14.899 11477 11477 I ThermalEngine: Found field 'thresholds_clr'
03-09 22:54:14.899 11477 11477 I ThermalEngine: Found field 'sensors'
03-09 22:54:14.899 11477 11477 I ThermalEngine: Found field 'weights'
03-09 22:54:14.899 11477 11477 I ThermalEngine: Found field 'offsets'
03-09 22:54:14.899 11477 11477 I ThermalEngine: Found field 'sampling'
03-09 22:54:14.899 11477 11477 I ThermalEngine: Found field 'math'
03-09 22:54:14.899 11477 11477 I ThermalEngine: Created section 'FRONT_MDM'
03-09 22:54:14.899 11477 11477 I ThermalEngine: Algo Type 'virtual'
03-09 22:54:14.899 11477 11477 I ThermalEngine: Parsing section FRONT_MDM
03-09 22:54:14.899 11477 11477 I ThermalEngine: Found field 'sensors'
03-09 22:54:14.899 11477 11477 I ThermalEngine: Found field 'weights'
