03-13 14:53:09.059  7096  7096 I View    : setRequestedFrameRate frameRate=NaN, this=androidx.compose.ui.platform.r{e36631a VFED..... .F...... 0,0-1080,2640 aid=1073741827}, caller=android.view.ViewGroup.setRequestedFrameRate:9952 androidx.compose.ui.platform.s0.a:1 androidx.compose.ui.platform.r.dispatchDraw:143 android.view.View.draw:26345 android.view.View.updateDisplayListIfDirty:25175 
03-13 14:53:09.060  7096  7096 I View    : setRequestedFrameRate frameRate=NaN, this=android.view.View{8eadc58 V.ED..... ........ 0,0-0,0}, caller=androidx.compose.ui.platform.s0.a:1 androidx.compose.ui.platform.r.dispatchDraw:158 android.view.View.draw:26345 android.view.View.updateDisplayListIfDirty:25175 android.view.ViewGroup.recreateChildDisplayList:4794 
03-13 14:53:09.180  2007  3645 I sensors-hal: handle_sns_client_event:182, lid_angle_fusion ts=255189745856662 ns value 2/125/3 125/3  -1/-1     0/    0/    0 (0/0/2/2 -0.794/5.992/14.639 0.163/-0.220/9.901 8)
03-13 14:53:09.180  2007 12669 I sensors-hal: handle_sns_client_event:94, folding_angle ts=255189745851454 ns value 125/0 (0/0/2/2 -0.794/5.992/14.639 0.163/-0.220/9.901 8 0)
03-13 14:53:09.198  2097  2125 E HeatmapThread: ECT Thread time in milliseconds: 1773427989
03-13 14:53:09.206  2097  2125 D HeatmapThread: !@ batteryplugType : 2
03-13 14:53:09.206  2097  2125 D HeatmapThread: !@ batteryLevel : 100  batteryTemperature : 324 
03-13 14:53:09.206  2097  2125 D HeatmapThread: !@ Heatmap currtime: 29557133
03-13 14:53:09.207  2097  2125 D HeatmapThread: !@ Heatmap prevtime: 29557132
03-13 14:53:09.207  2097  2125 D HeatmapThread: !@ Heatmap plugstarttime: 29556997
03-13 14:53:09.208  2097  2125 D HeatmapThread: !@ Heatmap prevv_dsoh_update_time: 29557115
03-13 14:53:09.208  2097  2125 E HeatmapThread: !@ CAM New BSOH: 100
03-13 14:53:09.208  2097  2125 E HeatmapThread: !@ CAM is Working
03-13 14:53:09.220  2007 12669 I sensors-hal: handle_sns_client_event:94, folding_angle ts=255189785879735 ns value 108/0 (0/0/2/2 -1.440/6.418/10.012 0.531/-0.292/9.758 6 0)
03-13 14:53:09.220  2007  3645 I sensors-hal: handle_sns_client_event:182, lid_angle_fusion ts=255189785845621 ns value 2/108/3 108/3  -1/-1     0/    0/    0 (0/0/2/2 -1.440/6.418/10.012 0.531/-0.292/9.758 6)
03-13 14:53:09.236  2007  5458 I sensors-hal: handle_sns_std_sensor_event:409, [SSC_LIGHT] P: 163(163),c:0,b:88,m:13,cl:0,l:110,s:143,l0:9120,l1:48,s0:11328,s1:0,acl:1,opr:0.42,f(r):97,u(bl):110,if:0,wi:3,si:12,po:124(N:0)
03-13 14:53:09.260  2007 12669 I sensors-hal: handle_sns_client_event:94, folding_angle ts=255189825839527 ns value  79/0 (0/0/2/2 1.115/5.408/-0.435 0.019/-0.325/9.844 3 0)
03-13 14:53:09.260  2007  3645 I sensors-hal: handle_sns_client_event:182, lid_angle_fusion ts=255189825841871 ns value 2/ 79/3  79/3  -1/-1     0/    0/    0 (0/0/2/2 1.115/5.408/-0.435 0.019/-0.325/9.844 3)
03-13 14:53:09.300  2007  3645 I sensors-hal: handle_sns_client_event:182, lid_angle_fusion ts=255189865841610 ns value 1/ 59/3  59/3  -1/-1     0/    0/    0 (0/0/2/2 0.220/4.838/-4.613 0.005/-0.196/9.806 1)
03-13 14:53:09.300  2007  3645 I sensors-hal: handle_sns_client_event:206, lid_angle_fusion submit_sensors_hal_event 1/ 59/3  59/3
03-13 14:53:09.301  2007 12669 I sensors-hal: handle_sns_client_event:94, folding_angle ts=255189865837444 ns value  59/0 (0/0/2/2 0.220/4.838/-4.613 0.005/-0.196/9.806 1 0)
03-13 14:53:09.305  3003  3003 D DeviceStatePolicy: notifyDeviceStateChangedIfNeeded: newState=1, lastState=2, caller=com.android.server.policy.FlexibleDeviceStatePolicy.adjustState:57 com.android.server.policy.FlexibleDeviceStateProvider.notifyDeviceStateChangedIfNeeded:90 com.android.server.policy.FlexibleDeviceStateProvider.onSensorChanged:21 
03-13 14:53:09.306  3003  3003 D SemInputDeviceManager: setProperty: TSP_SUB(2) CMD,ALWAYS_LOW_POWER_MODE,1
03-13 14:53:09.307  3003  3993 D SemInputDevice:TSP_SUB: SetPropertyTask: CMD,set_always_lpm,1 [03-13 14:53:09.306]
03-13 14:53:09.310  2071  2128 I sysinput:aidl: onReportInformation:93, 2, cmd@set_always_lpm,1:0
03-13 14:53:09.312  2071  2128 I sysinput:Touch2: operator():237, OK
03-13 14:53:09.311  3003  3993 D SysinputHAL_AIDL: setProperty(TSP_SUB(2)): CMD, set_always_lpm,1 ret=0
03-13 14:53:09.340  2007 12669 I sensors-hal: handle_sns_client_event:94, folding_angle ts=255189905847079 ns value  39/0 (0/0/2/2 -0.096/5.030/-9.614 -0.062/-0.364/9.830 0 0)
03-13 14:53:09.340  2007  3645 I sensors-hal: handle_sns_client_event:182, lid_angle_fusion ts=255189905847600 ns value 1/ 39/3  39/3  -1/-1     0/    0/    0 (0/0/2/2 -0.096/5.030/-9.614 -0.062/-0.364/9.830 0)
03-13 14:53:09.380  2007  3645 I sensors-hal: handle_sns_client_event:182, lid_angle_fusion ts=255189945850464 ns value 1/ 29/3  29/3  -1/-1     0/    0/    0 (0/0/2/2 -0.225/4.508/-9.389 0.603/-0.187/9.734 3)
03-13 14:53:09.396  2007  3645 I sensors-hal: qsh_conn_event_cb:890, event[0] sensor:Light seamless  Wakeup, msg_id=1025, ts=4899747877548
03-13 14:53:09.396  2007  3645 I sensors-hal: handle_sns_client_event:46, light_seamless ts=255189961583017 ns, 22,50,2147483647, M:0,0, S:0,0
03-13 14:53:09.400  3003  3067 D RefreshRateModeManager: onBrightnessChanged: brt=88, lux=22.0
03-13 14:53:09.401  2007  5458 I sensors-hal: get_flicker_als_data:183, [SSC_LIGHT] flicker lux: 60 (4332, 137, dw: 49)
03-13 14:53:09.401  2007  5458 I sensors-hal: handle_sns_std_sensor_event:409, [SSC_LIGHT] P: 22(22),c:0,b:88,m:13,cl:0,l:8,s:8,l0:768,l1:0,s0:716,s1:0,acl:1,opr:0.42,f(r):97,u(bl):110,if:0,wi:0,si:4,po:124(N:0)
03-13 14:53:09.420  2007  3645 I sensors-hal: handle_sns_client_event:182, lid_angle_fusion ts=255189985847860 ns value 1/ 18/3  18/3  -1/-1     0/    0/    0 (0/0/2/2 -0.373/2.177/-9.552 0.129/-0.263/9.825 5)
03-13 14:53:09.420  2007 12669 I sensors-hal: handle_sns_client_event:94, folding_angle ts=255189985849944 ns value  18/0 (0/0/2/2 -0.373/2.177/-9.552 0.129/-0.263/9.825 5 0)
03-13 14:53:09.422  3003  3067 D InputManager: mFoldingAngleListener: state changed, angle = 18.0, state = 0
03-13 14:53:09.425  3003  3643 D ActivityManager: Received BROADCAST intent 0x56d5359 Key{broadcastIntent pkg=com.samsung.android.rubin.app intent=act=com.samsung.android.rubin.controller.keepaliveservice.ACTION_SERVICE_ALARM xflg=0x4 pkg=com.samsung.android.rubin.app cmp=com.samsung.android.rubin.app/com.samsung.android.rubin.controller.services.KeepAliveService$AlarmBroadcastReceiver flags=0x4000000 u=0} requestCode=1 sent=0 from uid 1000
03-13 14:53:09.429  3003  3083 I ActivityManager: Changes in 10106 10 to 10, 0 to 128
03-13 14:53:09.430  3003  3643 D ActivityManager: Received BROADCAST intent 0x9b8d3b2 Key{broadcastIntent pkg=com.google.android.gms/com.google.android.gms.scheduler intent=act=com.google.android.gms.gcm.ACTION_CHECK_QUEUE xflg=0x4 cmp=com.google.android.gms/.gcm.nts.SchedulerInternalReceiver flags=0x2000000 u=0} requestCode=0 sent=0 from uid 1000
03-13 14:53:09.439  3003  4415 I ActivityManager: Changes in 10106 10 to 10, 128 to 0
03-13 14:53:09.460  2007 12669 I sensors-hal: handle_sns_client_event:94, folding_angle ts=255190025851298 ns value   6/0 (0/0/2/2 0.412/3.221/-12.601 0.115/-1.273/9.835 7 0)
03-13 14:53:09.460  2007  3645 I sensors-hal: handle_sns_client_event:182, lid_angle_fusion ts=255190025821610 ns value 1/  6/3   6/3  -1/-1     0/    0/    0 (0/0/2/2 0.412/3.221/-12.601 0.115/-1.273/9.835 7)
03-13 14:53:09.471 16161 25533 I NetworkScheduler.Stats: (REDACTED) Task %s/%s started execution. cause:%s exec_start_elapsed_seconds: %s
03-13 14:53:09.480 16161  6048 W FontLog : New version from GServices 29 is less than or equal to current version 29 [CONTEXT service_id=132 ]
03-13 14:53:09.481 16161  6048 I FontLog : (REDACTED) Did not start update
03-13 14:53:09.484 16161 25533 I NetworkScheduler.Stats: (REDACTED) Task %s/%s finished executing. cause:%s result: %s elapsed_millis: %s uptime_millis: %s exec_start_elapsed_seconds: %s
03-13 14:53:09.500  2007  3645 I sensors-hal: handle_sns_client_event:206, lid_angle_fusion submit_sensors_hal_event 0/  3/3   3/3
03-13 14:53:09.501  7096  7976 D BufferPoolAccessor2.0: bufferpool2 0xb4000070df90cd48 : 0(0 size) total buffers - 0(0 size) used buffers - 503/508 (recycle/alloc) - 5/503 (fetch/transfer)
03-13 14:53:09.501  7096  7976 D BufferPoolAccessor2.0: evictor expired: 1, evicted: 1
03-13 14:53:09.502  3003  3003 E FlexibleDeviceStateProvider: No declared device states match any of the required conditions.
03-13 14:53:09.503  3003  3003 I FlexibleDeviceStateProvider: LidSwitch mIsLidOpen: true
03-13 14:53:09.503  3003  3003 I FlexibleDeviceStateProvider: Sensor values:
03-13 14:53:09.503  3003  3003 I FlexibleDeviceStateProvider: lid_angle_fusion  Wakeup : [0.0, 3.0, 3.0]
03-13 14:53:09.503  3003  3003 I FlexibleDeviceStateProvider: isScreenOn: false
03-13 14:53:09.503  3003  3003 D DeviceStatePolicy: notifyDeviceStateChangedIfNeeded: newState=-1, lastState=2, caller=com.android.server.policy.FlexibleDeviceStatePolicy.adjustState:57 com.android.server.policy.FlexibleDeviceStateProvider.notifyDeviceStateChangedIfNeeded:90 com.android.server.policy.FlexibleDeviceStateProvider.onSensorChanged:21 
03-13 14:53:09.514  2541  2918 D BufferPoolAccessor2.0: bufferpool2 0xb40000707bf19908 : 0(0 size) total buffers - 0(0 size) used buffers - 494/499 (recycle/alloc) - 5/499 (fetch/transfer)
03-13 14:53:09.514  2541  2918 D BufferPoolAccessor2.0: evictor expired: 1, evicted: 1
03-13 14:53:09.558  2007  5458 I sensors-hal: get_flicker_als_data:183, [SSC_LIGHT] flicker lux: 59 (4289, 142, dw: 49)
03-13 14:53:09.561  7096  7096 I View    : setRequestedFrameRate frameRate=NaN, this=androidx.compose.ui.platform.r{e36631a VFED..... .F...... 0,0-1080,2640 aid=1073741827}, caller=android.view.ViewGroup.setRequestedFrameRate:9952 androidx.compose.ui.platform.s0.a:1 androidx.compose.ui.platform.r.dispatchDraw:143 android.view.View.draw:26345 android.view.View.updateDisplayListIfDirty:25175 
03-13 14:53:09.562  7096  7096 I View    : setRequestedFrameRate frameRate=NaN, this=android.view.View{8eadc58 V.ED..... ........ 0,0-0,0}, caller=androidx.compose.ui.platform.s0.a:1 androidx.compose.ui.platform.r.dispatchDraw:158 android.view.View.draw:26345 android.view.View.updateDisplayListIfDirty:25175 android.view.ViewGroup.recreateChildDisplayList:4794 
03-13 14:53:09.568  3003  3661 D InputReader: Input event [EV_SW](9): code=0x0, value=1, when=74578.564254
03-13 14:53:09.569  3003  3661 D InputReader: processSwitch() : elapsed time = 1ms, switchCode=0
03-13 14:53:09.570  3003  3661 D InputManager: notifySwitch: values=1, mask=1
03-13 14:53:09.570  3003  3661 D DeviceStatePolicy: notifyDeviceStateChangedIfNeeded: newState=0, lastState=2, caller=com.android.server.policy.FlexibleDeviceStatePolicy.adjustState:57 com.android.server.policy.FlexibleDeviceStateProvider.notifyDeviceStateChangedIfNeeded:90 com.android.server.policy.FlexibleDeviceStateProvider.notifyLidSwitchChanged:40 
03-13 14:53:09.570  3003  3661 D SemInputDeviceManager: setProperty: TSP_SUB(2) CMD,ALWAYS_LOW_POWER_MODE,0
03-13 14:53:09.572  3003  3661 D DeviceStateManagerService: onStateChanged identifier = 0
03-13 14:53:09.572  3003  3661 W OverrideRequestController: Attempted to cancel a null OverrideRequest
03-13 14:53:09.572  3003  3993 D SemInputDevice:TSP_SUB: SetPropertyTask: CMD,set_always_lpm,0 [03-13 14:53:09.571]
03-13 14:53:09.572  3003  3661 I DeviceStateManagerService: Cannot notify device state info change when pending state is present.
03-13 14:53:09.572  3003  3661 D DeviceStatePolicy: updateFoldingSensorListenerLw, foldOpen=false, awake=true, isTableModeEnabled=true, forceOff=false, caller=com.android.server.policy.FlexibleDeviceStateProvider.notifyDeviceStateChangedIfNeeded:146 com.android.server.policy.FlexibleDeviceStateProvider.notifyLidSwitchChanged:40 com.android.server.input.InputManagerService.notifySwitch:103 <bottom of call stack> <bottom of call stack> <bottom of call stack> <bottom of call stack> <bottom of call stack> <bottom of call stack> <bottom of call stack> 
03-13 14:53:09.575  3003  3067 D DeviceStateManagerService: Committing state: DeviceState{identifier=0, name='CLOSED', app_accessible=false, cancel_when_requester_not_on_top=false}
03-13 14:53:09.575  2092  2092 I SSC_DAEMON: handleSensorTestReqMsg:85, Sensor type :20, Msg type:14
03-13 14:53:09.576  2007  2007 I sensors-hal: activate:300, com.samsung.sensor.folding_state/2592 en=0
03-13 14:53:09.576  2092  2092 I factory.ssc: vendor/qcom/proprietary/adsprpc/src/fastrpc_apps_user.c:1684: remote_handle64_open: opened handle 0xb400006d90c31bd0 (remote 0x0) for '":;./\createstaticpd:sensorspd&_dom=adsp on domain 0 (spawn time 0 us, load time 0 us), num handles 1
03-13 14:53:09.576  2007  2007 I sensors-hal: send_sync_sensor_request:508, send sync request
03-13 14:53:09.576  2007  2007 I sensors-hal: send_sync_sensor_request:518, send_sync_sensor_request before send_request for lid_angle_fusion with SUID low=8603657889549748343 high=1320970896290190866
03-13 14:53:09.576  2007  2007 I sensors-hal: send_sync_sensor_request:537, wait for notification of response
03-13 14:53:09.576  2007  3645 I sensors-hal: qsh_conn_resp_cb:930, resp_value = 0 for lid_angle_fusion 
03-13 14:53:09.577  3003  3067 D DeviceStateManagerGlobal: handleDeviceStateInfoChanged state=DeviceState{identifier=0, name='CLOSED', app_accessible=false, cancel_when_requester_not_on_top=false}, baseState=DeviceState{identifier=0, name='CLOSED', app_accessible=false, cancel_when_requester_not_on_top=false}
03-13 14:53:09.577  3003  3676 I SemInputDeviceManagerService: onFoldStateChanged: folded
03-13 14:53:09.577  3003  3003 D NotificationService: mFoldState = false, isFolded = true
03-13 14:53:09.577  3003  3647 I CameraService_worker: Fold state changed, DeviceState{identifier=0, name='CLOSED', app_accessible=false, cancel_when_requester_not_on_top=false}
03-13 14:53:09.577  3003  3676 I SemInputCommandService: setPropertyAllTouch: FOLD_STATE,1 retDefault=1 retExtra=1
03-13 14:53:09.577  3003  3676 I SemInputCommandService: setPropertyAllTouchAndSpen: FOLD_STATE,1 retTouch=1 retSpen=-2
03-13 14:53:09.578  2094 18847 D AudioFlinger: setParameters: filtered dev setParameters keyvalue l_hw_folder_state=0
03-13 14:53:09.578  3003  3994 D SemInputDevice:TSP: SetPropertyTask: CMD,set_fold_state,1 [03-13 14:53:09.577]
03-13 14:53:09.578  3003  3647 I CameraService_worker: NotifyDeviceStateChange 0x6, sync(false)
03-13 14:53:09.578  1992  7816 V sec_audio_hw: sec_dev_set_parameters : l_hw_folder_state=0
03-13 14:53:09.578  1992  7816 D AHAL: AudioDevice: SetParameters: 1865: enter
03-13 14:53:09.578  1992  7816 D AHAL: AudioVoice: VoiceSetParameters: 200: Enter
03-13 14:53:09.578  1992  7816 D AHAL: AudioVoice: VoiceSetParameters: 479: Exit ret: 0
03-13 14:53:09.578  1992  7816 D AHAL: SecAudioDevice: SetFolderState: 1258: Folding(Flip) state changed, fold close, flex off
03-13 14:53:09.578  1992  7816 D AHAL: hfp: hfp_set_parameters: 444: enter
03-13 14:53:09.578  1992  7816 D AHAL: AudioDevice: SetParameters: 2798: exit: l_hw_folder_state=0
03-13 14:53:09.579  4360  4360 I SprWallpaper|FoldInteractive: onDeviceStateChanged: newState[0]
03-13 14:53:09.579  4360  4360 I SprWallpaper|fold_Choreographer: stop
03-13 14:53:09.579  4360  4360 I SprWallpaper|fold_Choreographer: pause
03-13 14:53:09.579  4360  4360 I SprWallpaper|FoldInteractive: resetFrame current[429]
03-13 14:53:09.579  4360  4360 I SprWallpaper|FoldInteractive: seekTo: frame[0], time[0]
03-13 14:53:09.579  4360  4360 I SprWallpaper|FoldInteractive: resetFrame: seek to head forcefully
03-13 14:53:09.579  4832 22986 I HoneySpace.ExtraDisplaySource: onStateChanged, state = 0
03-13 14:53:09.579  4360  4360 I SprWallpaper|VideoPlayer: start: state[3]
03-13 14:53:09.579  4360  4360 I SprWallpaper|VideoPlayer: prepare: state[3]
03-13 14:53:09.579  4360  4360 I SprWallpaper|VideoPlayer: createVideoDecoder
03-13 14:53:09.579  4832  6445 I HoneySpace.DesktopTaskDividerManagerImpl: fold: true, noExternal: true
03-13 14:53:09.579  4832  6445 I HoneySpace.DesktopTaskDividerManagerImpl: _isTaskSplittable, true
03-13 14:53:09.579  4832  6445 I HoneySpace.ExtraDisplaySource: onStateChanged, state = 0
03-13 14:53:09.579  6272  6411 D DeviceStateManagerGlobal: handleDeviceStateInfoChanged state=DeviceState{identifier=0, name='CLOSED', app_accessible=false, cancel_when_requester_not_on_top=false}, baseState=DeviceState{identifier=0, name='CLOSED', app_accessible=false, cancel_when_requester_not_on_top=false}
03-13 14:53:09.579  4832  2412 I FoldStateManager: close by fold: true
03-13 14:53:09.579  6239  6239 I SSS     : [ChatTranslationSystemConfigEditor] onFoldStateChanged: true
03-13 14:53:09.579  6272  6272 I SysHelperService: onFoldStateChanged, ACTION_SHUTDOWN, isFolded = true
03-13 14:53:09.579  6272  6272 D SYS_EVENT: [qc debug] send event 32 notification to client
03-13 14:53:09.580  6272  6272 D SYS_EVENT_AIDL: send event 32 notification to client
03-13 14:53:09.580  3003  3067 D WindowManager: onStateChanged, state=0
03-13 14:53:09.580  3003  3003 D SemDisplaySolutionManagerService: uid : 1000 , pid : 3003 , name : extra_brightness_off
03-13 14:53:09.580  3003  3065 D SensorManager: set parameter active screen = 1, 50350017
03-13 14:53:09.580  3003  3067 I LogicalDisplayMapper: Set isInTransition on display 0: true
03-13 14:53:09.580  3003  3067 I LogicalDisplayMapper: Set isInTransition on display 1: true
03-13 14:53:09.580  3003  3067 I LogicalDisplayMapper: Requesting Transition to state: 0, from state=2, interactive=true, mBootCompleted=true, wakeDevice=false, sleepDevice=true
03-13 14:53:09.580  3003  3067 D DisplayManagerService: handleLogicalDisplayDeviceStateTransitionLocked: displayId=1
03-13 14:53:09.580  3003  3067 D DisplayManagerService: handleLogicalDisplayDeviceStateTransitionLocked: displayId=0
03-13 14:53:09.581  3003  3064 D UsbDeviceManager: Device folded, update USB noti
03-13 14:53:09.581  3003  3067 D RestrictionPolicy: isScreenCaptureEnabled : ret=true userId=0
03-13 14:53:09.581  3003  3067 D RestrictionPolicy: isScreenCaptureEnabled : ret=true userId=0
03-13 14:53:09.581  3003  3064 D UsbDeviceManager: handleMessage -> MSG_USB_NOTI_UPDATE: isForce=1
03-13 14:53:09.581  3003  3067 D ScreenCapture: [Capture_TEST] : setIsScreenShotBySystem true
03-13 14:53:09.581  4205  4371 D DeviceStateManagerGlobal: handleDeviceStateInfoChanged state=DeviceState{identifier=0, name='CLOSED', app_accessible=false, cancel_when_requester_not_on_top=false}, baseState=DeviceState{identifier=0, name='CLOSED', app_accessible=false, cancel_when_requester_not_on_top=false}
03-13 14:53:09.581  3003  3067 I SurfaceComposerClient: captureLayers:childrenOnly:1, sync:1
03-13 14:53:09.581  3003  3003 D SemDisplaySolutionManagerService: where : application what : DEFAULT setScreenBrightnessScaleFactor(1.0) , mBrightnessCompensation : 1.0 , PMS value : 1.0
03-13 14:53:09.581  3003  3003 D PowerManagerService: [api] setScreenBrightnessScaleFactor: scaleFactor: 1.0 (uid: 1000 pid: 3003)
03-13 14:53:09.581  3003  3003 D SemDisplaySolutionManagerService: Normal Mode setMultipleScreenBrightness , application, DEFAULT, 1.0
03-13 14:53:09.580  6276  6276 I EnvironmentAdaptiveDisplayService: setDeviceFolded: true
03-13 14:53:09.581  2058  3323 I CamComm1.0-CamModule: notifyDeviceStateChange: calling notify_device_state_change with state 6
03-13 14:53:09.582  3003  3003 I Telecom : SamsungFoldStateManagerAdapterImpl : DeviceStateCallback - onDeviceStateChanged : DeviceState{identifier=0, name='CLOSED', app_accessible=false, cancel_when_requester_not_on_top=false}
03-13 14:53:09.582  3003  3003 I Telecom : SamsungFoldStateManagerAdapterImpl : onStateChanged - folded : true / info : SamsungFoldStateInfo { SupportFoldableTypeFlip : true / SupportLargeCoverScreen : true / Orientation : VERTICAL / IsFolded : true
03-13 14:53:09.582  2058  3323 I CHI     : [SS_INFO]: [CHI         ]: chxextensionmodule.cpp: SecModifySettings: 21458: [SWITCH_DBG] Folding State 1 
03-13 14:53:09.582  2058  3323 I CHI     : [SS_LOW ]: [CHI         ]: chxextensionmodule.cpp: SecModifySettings: 21461: [SWITCH_DBG] Foding state State 1, m_pOverrideCameraOpen : 0 
03-13 14:53:09.582  3003  3003 I Telecom : SamsungFoldStateManagerListener : onFolderStateChanged : false -> true
03-13 14:53:09.582  3003  3003 I Telecom : SamsungFoldStateManagerListener : checkAudioAutoSwitch, skipAudioAutoSwitch
03-13 14:53:09.582  3003  3003 I Telecom : SamsungFolderAngleRegistrar : mIsFoldingAngleAvailable is false
03-13 14:53:09.581  4271  4282 D DeviceStateManagerGlobal: handleDeviceStateInfoChanged state=DeviceState{identifier=0, name='CLOSED', app_accessible=false, cancel_when_requester_not_on_top=false}, baseState=DeviceState{identifier=0, name='CLOSED', app_accessible=false, cancel_when_requester_not_on_top=false}
03-13 14:53:09.582  2452 11702 I CameraProviderManager: notifyDeviceStateChange Af available modes has been replaced
03-13 14:53:09.582  2452 11702 I CameraProviderManager: notifyDeviceStateChange Af available modes has been replaced
03-13 14:53:09.582  3003  3064 D UsbDeviceManager: updateUsbNotification(true): mConnected=true mHostConnected=false mSourcePower=false mSinkPower=true mUsbCharging=true
03-13 14:53:09.582  4205  4205 D FlexPanelStartController: OnDeviceStateChanged: mIsTableMode=true, isTableMode=false
03-13 14:53:09.582  4205  4205 D FlexPanelStartController: onFoldStateTableModeChanged: isTableMode=false
03-13 14:53:09.582  4205  4205 D FlexPanelStartController: not support state, mMwEnabled=true, mIsTableMode=false, mDesktopMode=false, mFlexModePanelEnabled=true, mIsImeShowing=true, mIsQuickPanelShowing=false, mIsTaskBarAppsEnabled=false, mIsGlobalActionVisible=false, mOnRecentsAnimation=false, isSupportRotation=true, mIsKeyguardVisible=false
03-13 14:53:09.582  3003  3064 D UsbDeviceManager: FLIP FOLDED
03-13 14:53:09.582  3003  3064 D DexObserverFW: isDexModeOn() : false
03-13 14:53:09.582  4205  5096 D KeyguardFoldController: changeFoldState: foldState=0, changed=true
03-13 14:53:09.582  3003  3064 D DexObserverFW: isSemiDexModeOn() : false
03-13 14:53:09.582  4205  5096 I PluginLockManagerImpl: PluginLock:onFolderStateChanged, opened: false, mScreenType: 1
03-13 14:53:09.582  4205  4267 D ShellSplitScreen: onFoldedStateChanged: folded=true
03-13 14:53:09.582  3003  3064 D UsbDeviceManager: cancelAsUser: id=32
03-13 14:53:09.582  4205  5096 I PluginLockManagerImpl: PluginLock:onFolderStateChanged, old: com.samsung.android.dynamiclock:2
03-13 14:53:09.582  4205  5096 I DymLock|DynamicLockManager: onFolderStateChanged() false , false
03-13 14:53:09.582  4205  5096 I DymLock|BaseLockContainer: onFolderStateChanged screen[1] enabled[false]
03-13 14:53:09.582  4205  5096 I DymLock|BaseLockStateContainer: unsubscribe folder change : com.samsung.android.dynamiclock.plugin.views.dls.DynamicLockContainer{b8feb8d I.E...... ......I. 0,0-1080,2640}
03-13 14:53:09.582  4205  5096 I DymLock|ActionBus: unsubscribe : com.samsung.android.dynamiclock.plugin.views.dls.DynamicLockContainer{b8feb8d I.E...... ......I. 0,0-1080,2640}
03-13 14:53:09.582  4205  5096 I DymLock|ActionBus: unsubscribe : com.samsung.android.dynamiclock.plugin.stores.LockContainerStore@7ae7fb4
03-13 14:53:09.582  4205  5096 I DymLock|ActionBus: unsubscribe : com.samsung.android.dynamiclock.plugin.stores.WallpaperStore@96d67dd
03-13 14:53:09.582  4205  5096 I DymLock|ActionBus: unsubscribe : com.samsung.android.dynamiclock.plugin.stores.LockStarStore@b28bf52
03-13 14:53:09.582  2071  2129 I sysinput:aidl: onReportInformation:93, 1, cmd@set_fold_state,1:0
03-13 14:53:09.583 19245 19245 I FoldStateManager: onFoldStateChanged: true
03-13 14:53:09.583 19245 19245 I FoldStateManager: updateFoldState: isFolded = true
03-13 14:53:09.583 19245 19245 I FoldStateManager: onTableModeChanged: false
03-13 14:53:09.583 19245 19245 I FoldStateManager: updateTableMode: isTableMode = false
03-13 14:53:09.583  2071  2129 I sysinput:Touch1: operator():237, OK
03-13 14:53:09.583  3003  3003 D EdgeLightingManager: hideForNotification : packageName = android
03-13 14:53:09.583  4205  5096 D DymLock|BaseLockContainer: updatePanelWallpaper: Panel is not necessary. dls_state = 2
03-13 14:53:09.583  4205  5096 I PluginLockMediatorImpl: setScreenTypeChanged() type: 1
03-13 14:53:09.583  4205  5096 I PluginLockWallpaper: setScreenTypeChanged() type: 1
03-13 14:53:09.583  4205  5096 I PluginHomeWallpaper: setScreenTypeChanged() type: 1
03-13 14:53:09.583  4205  5096 I PluginLockManagerImpl: PluginLock:onFolderStateChanged, will be switched, newState: null
03-13 14:53:09.583  4205  5096 D PluginLockInstanceState: isRecentInstance() true, com.samsung.android.dynamiclock:2
03-13 14:53:09.583  4205  5096 I PluginLockManagerImpl: PluginLock:onFolderStateChanged, instance maintained
03-13 14:53:09.583  4205  5096 D PluginLockManagerImpl: updateEnabledState getPluginLockValue = 10011
03-13 14:53:09.583  4205  5096 D PluginLockManagerImpl: isEnabledFromSettingHelper, screen:1, value:10011
03-13 14:53:09.583  4205  5096 D PluginLockInstancePolicy: isEnable() value:10011, ret:true
03-13 14:53:09.583  4205  5096 D PluginLockManagerImpl: updateEnabledState() isDynamicMode = true, isEnabledFromSetting = true
03-13 14:53:09.583  4205  5096 D PluginLockMediatorImpl: setEnabled: true, com.android.systemui.pluginlock.PluginLockMediatorImpl@c944c4c
03-13 14:53:09.583  4205  5096 I PluginLockManagerImpl: onFolderStateChanged, new: com.samsung.android.dynamiclock:2
03-13 14:53:09.583  3003  3003 D EdgeLightingPolicyManager:NotificationGroup: remove : sbn : StatusBarNotification(pkg=android user=UserHandle{-1} id=32 tag=null key=-1|android|32|null|1000: Notification(channel=UsbDevNoti shortcut=null contentView=null vibrate=null sound=null tick defaults=0 flags=ONGOING_EVENT|CAN_COLORIZE color=0x00000000 vis=PUBLIC semFlags=0x0 semPriority=0 semMissedCount=0))
03-13 14:53:09.583  4205  5096 I DymLock|DynamicLockManager: onFolderStateChanged() false , true
03-13 14:53:09.583  2105  2836 I SurfaceFlinger: Capture layer list: 	 com.peacocktv.peacockandroid/com.peacocktv.legacy.monolith.authenticationjourney.AuthJourneyActivity$_7096#63493(seamlessTransition:0)
03-13 14:53:09.583  3003  3003 D EdgeLightingPolicyManager.NotificationGroup: group notification count : 1
03-13 14:53:09.583  4205  5096 I DymLock|BaseLockContainer: onFolderStateChanged screen[1] enabled[true]
03-13 14:53:09.583  2105  2836 I SurfaceFlinger: Capture layer list: 	 InputMethod$_15873#63504(seamlessTransition:0)
03-13 14:53:09.583  4205  5096 I DymLock|BaseLockStateContainer: subscribe folder change : com.samsung.android.dynamiclock.plugin.views.dls.DynamicLockContainer{b8feb8d I.E...... ......I. 0,0-1080,2640}
03-13 14:53:09.583  3003  3003 D EdgeLightingManager: hideForNotification : isInteractive is true
03-13 14:53:09.583  4205  5096 I DymLock|ActionBus: subscribe : com.samsung.android.dynamiclock.plugin.views.dls.DynamicLockContainer{b8feb8d I.E...... ......I. 0,0-1080,2640}
03-13 14:53:09.583  4205  5096 I DymLock|ActionBus: subscribe : com.samsung.android.dynamiclock.plugin.stores.LockContainerStore@7ae7fb4
03-13 14:53:09.583  4205  5096 I DymLock|ActionBus: subscribe : com.samsung.android.dynamiclock.plugin.stores.WallpaperStore@96d67dd
03-13 14:53:09.583  4205  5096 I DymLock|ActionBus: subscribe : com.samsung.android.dynamiclock.plugin.stores.LockStarStore@b28bf52
03-13 14:53:09.583  4205  5096 D DymLock|BaseLockContainer: updatePanelWallpaper: Panel is not necessary. dls_state = 2
03-13 14:53:09.583  4205  5096 I KeyguardWallpaperController: onFolderStateChanged: isOpened = false
03-13 14:53:09.583  4205  5096 I KeyguardWallpaperController: onFolderStateChanged: which = 18, previous which = 6
03-13 14:53:09.584  3003  3994 D SysinputHAL_AIDL: setProperty(TSP(1)): CMD, set_fold_state,1 ret=0
03-13 14:53:09.584 19717 19717 I HBD     : h getDefaultInputRange : UNKNOWN 
03-13 14:53:09.584 19717 19717 I HBD     : a currentState : 4 
03-13 14:53:09.584  2071  2128 I sysinput:aidl: onReportInformation:93, 2, cmd@set_always_lpm,0:0
03-13 14:53:09.584  2105  2342 D RenderEngine: [SEC_SF_EFFECTS] drawLayersInternal,1483, Rendering layer ScreenCaptureFillLayer at index 0
03-13 14:53:09.584  2105  2342 D RenderEngine: [SEC_SF_EFFECTS] drawLayersInternal,1483, Rendering layer com.peacocktv.peacockandroid/com.peacocktv.legacy.monolith.authenticationjourney.AuthJourneyActivity$_7096#63493 at index 1
03-13 14:53:09.584  2105  2342 D RenderEngine: [SEC_SF_EFFECTS] drawLayersInternal,1483, Rendering layer InputMethod$_15873#63504 at index 2
03-13 14:53:09.584  3003  3993 D SysinputHAL_AIDL: setProperty(TSP_SUB(2)): CMD, set_always_lpm,0 ret=0
03-13 14:53:09.584  3003  3993 D SemInputDevice:TSP_SUB: SetPropertyTask: CMD,set_fold_state,1 [03-13 14:53:09.577]
03-13 14:53:09.585  2071  2128 I sysinput:Touch2: operator():237, OK
03-13 14:53:09.585 19717 19717 I HBD     : g isCoverDisplay : true, cached selected json info : SelectedLanguageInfo(languageVersion=4.2, currentLanguageOrder=0, selectedLanguageList=[SelectedLanguage(id=65537, isUsed=true, engName=English, inputType=qwerty, activeOptionList=[auto_replace, auto_spacing, writing_assistant, prediction], bilingualId=-1)]) 
03-13 14:53:09.585  2071  2128 I sysinput:aidl: onReportInformation:93, 2, cmd@set_fold_state,1:0
03-13 14:53:09.585 19717 19717 I HBD     : g isCoverDisplay : true, cached selected json info : SelectedLanguageInfo(languageVersion=4.2, currentLanguageOrder=0, selectedLanguageList=[SelectedLanguage(id=65537, isUsed=true, engName=English, inputType=qwerty, activeOptionList=[auto_replace, auto_spacing, writing_assistant, prediction], bilingualId=-1)]) 
03-13 14:53:09.586  3003  3993 D SysinputHAL_AIDL: setProperty(TSP_SUB(2)): CMD, set_fold_state,1 ret=0
03-13 14:53:09.586 19717 19717 I HBD     : g updateSelectedLanguageCache is succeeded. English 
03-13 14:53:09.586  2092  2092 I factory.ssc: vendor/qcom/proprietary/adsprpc/src/fastrpc_perf.c:278: fastrpc_perf_init: enabled systrace 0x0 and RPC traces (kernel 0, dsp 0) with frequency 1000
03-13 14:53:09.586  2092  8382 I factory.ssc: vendor/qcom/proprietary/adsprpc/src/log_config.c:362: file_watcher_thread starting for domain 0
03-13 14:53:09.586  2071  2128 I sysinput:Touch2: operator():237, OK
03-13 14:53:09.586  2092  8382 W factory.ssc: vendor/qcom/proprietary/adsprpc/src/log_config.c:382:file_watcher_thread: Couldn't find file factory.ssc.farf, errno (No such file or directory) at ;/vendor/lib64/rfs/dsp;/vendor/lib/rfsa/adsp;/vendor/lib/rfsa/dsp;/vendor/dsp;
03-13 14:53:09.586  2007  2007 I sensors-hal: send_sync_sensor_request:543, takes 9 ms to receive the response with 0
03-13 14:53:09.586  2007  2007 I sensors-hal: activate:330, com.samsung.sensor.folding_state/2592 en=0 completed
03-13 14:53:09.586  2092  8381 I factory.ssc: vendor/qcom/proprietary/adsprpc/src/listener_android.c:116: listener thread starting
03-13 14:53:09.586  3003  3065 D SensorService: setSContextDataLocked ints length 2 , byte length 4
03-13 14:53:09.586  3003  3065 D SensorService: setSContextDataLocked 30047c1
03-13 14:53:09.586  2007  2007 I sensors-hal: inject_sensor_data:407, handle 1502 send inject
03-13 14:53:09.586  2007  2007 I sensors-hal: sendContextData:290, sensor hal 4, (0xc1, 0x47, 0x0, 0x3)
03-13 14:53:09.586  2007  2007 I sensors-hal: sendContextData:230, activities 4 c1, 1
03-13 14:53:09.586  2007  2007 I sensors-hal: sendUserData:251, Activities cmd 0xc1 0x47
03-13 14:53:09.586  2007  2007 I sensors-hal: create_send_context_data:80, sending create_send_context_data
03-13 14:53:09.586  2007  2007 I sensors-hal: send_context_data:694, activities, 4914309220830019584, 1320970896291267344, msgid:700
03-13 14:53:09.587  2007  2007 I sensors-hal: sendContextData:114, common_info 4
03-13 14:53:09.587  2007  2007 I sensors-hal: sendUserData:137, CommonInfo 0xc1 0x47 0x0 0x3
03-13 14:53:09.587  2007  2007 I sensors-hal: create_send_context_data:70, sending create_send_context_data
03-13 14:53:09.587  2007  2007 I sensors-hal: send_context_data:694, common_info, 4914309147815575552, 1320970896291267344, msgid:700
03-13 14:53:09.587  2007  2007 I sensors-hal: write_algo_lcd_onoff_state:196, algo_lcd_onoff : 0x3
03-13 14:53:09.587  3003  3661 D SensorManager: unregisterListener :: com.android.server.policy.FlexibleDeviceStateProvider@9bf61fe
03-13 14:53:09.587  3003  3661 D DeviceStatePolicy: unregisterFoldingSensorListenerLocked success!
03-13 14:53:09.587  2092  8381 I factory.ssc: vendor/qcom/proprietary/adsprpc/src/mod_table.c:701: open_mod_table_open_from_static: reverse module apps_std opened with handle 0xc17f4dd8 (idx 0)
03-13 14:53:09.587  2007  3909 I sensors-hal: qsh_conn_resp_cb:930, resp_value = 0 for activities 
03-13 14:53:09.587  2007  3909 I sensors-hal: qsh_conn_resp_cb:930, resp_value = 0 for common_info 
03-13 14:53:09.588  2092  8381 D factory.ssc: vendor/qcom/proprietary/adsprpc/src/apps_std_imp.c:380: apps_std_fopen_fd: done for ./libsns_device_mode_skel.so with fopen:8us, read:0us, rpc_alloc:0us, mmap:0us
03-13 14:53:09.588  2092  8381 D factory.ssc: vendor/qcom/proprietary/adsprpc/src/apps_std_imp.c:380: apps_std_fopen_fd: done for ./libsns_device_mode_skel.so with fopen:2us, read:0us, rpc_alloc:0us, mmap:0us
03-13 14:53:09.588  2092  8381 D factory.ssc: vendor/qcom/proprietary/adsprpc/src/apps_std_imp.c:380: apps_std_fopen_fd: done for /vendor/lib64/rfs/dsp/adsp/./libsns_device_mode_skel.so with fopen:6us, read:0us, rpc_alloc:0us, mmap:0us
03-13 14:53:09.588  2092  8381 D factory.ssc: vendor/qcom/proprietary/adsprpc/src/apps_std_imp.c:380: apps_std_fopen_fd: done for /vendor/lib64/rfs/dsp/./libsns_device_mode_skel.so with fopen:3us, read:0us, rpc_alloc:0us, mmap:0us
03-13 14:53:09.588  2092  8381 D factory.ssc: vendor/qcom/proprietary/adsprpc/src/apps_std_imp.c:380: apps_std_fopen_fd: done for /vendor/lib/rfsa/adsp/adsp/./libsns_device_mode_skel.so with fopen:5us, read:0us, rpc_alloc:0us, mmap:0us
03-13 14:53:09.588  2092  8381 D factory.ssc: vendor/qcom/proprietary/adsprpc/src/apps_std_imp.c:380: apps_std_fopen_fd: done for /vendor/lib/rfsa/adsp/./libsns_device_mode_skel.so with fopen:3us, read:0us, rpc_alloc:0us, mmap:0us
03-13 14:53:09.588  2092  8381 D factory.ssc: vendor/qcom/proprietary/adsprpc/src/apps_std_imp.c:380: apps_std_fopen_fd: done for /vendor/lib/rfsa/dsp/adsp/./libsns_device_mode_skel.so with fopen:3us, read:0us, rpc_alloc:0us, mmap:0us
03-13 14:53:09.588  2092  8381 D factory.ssc: vendor/qcom/proprietary/adsprpc/src/apps_std_imp.c:380: apps_std_fopen_fd: done for /vendor/lib/rfsa/dsp/./libsns_device_mode_skel.so with fopen:3us, read:0us, rpc_alloc:0us, mmap:0us
03-13 14:53:09.588  2092  8381 D factory.ssc: vendor/qcom/proprietary/adsprpc/src/apps_std_imp.c:380: apps_std_fopen_fd: done for /vendor/dsp/adsp/./libsns_device_mode_skel.so with fopen:37us, read:19us, rpc_alloc:64us, mmap:488us
03-13 14:53:09.588  2092  8381 I factory.ssc: vendor/qcom/proprietary/adsprpc/src/apps_std_imp.c:1122: Successfully opened file /vendor/dsp/adsp/./libsns_device_mode_skel.so
03-13 14:53:09.588  3003  3003 D NotificationReminder: removeFromNotificationList record android
03-13 14:53:09.588  3003  3067 D RestrictionPolicy: isScreenCaptureEnabled : ret=true userId=0
03-13 14:53:09.588  3003  3067 D RestrictionPolicy: isScreenCaptureEnabled : ret=true userId=0
03-13 14:53:09.589  4832  4832 I HoneySpace.NotificationListener: onNotificationRemoved sbn : StatusBarNotification(pkg=android user=UserHandle{-1} id=32 tag=null key=-1|android|32|null|1000: Notification(channel=UsbDevNoti shortcut=null contentView=null vibrate=null sound=null tick defaults=0 flags=ONGOING_EVENT|CAN_COLORIZE color=0x00000000 vis=PUBLIC semFlags=0x0 semPriority=0 semMissedCount=0)), reason : 8
03-13 14:53:09.589  4832  7615 I HoneySpace.NotificationListener: onNotificationRemoved android: -1|android|32|null|1000: 0
03-13 14:53:09.589 19717 19717 I HBD     : h writeToFile path : /data/user/0/com.samsung.android.honeyboard/files/fold_selected.json 
03-13 14:53:09.589  3003  3067 D WindowManager: Changing focus from Window{1dae058 u0 com.peacocktv.peacockandroid/com.peacocktv.legacy.monolith.authenticationjourney.AuthJourneyActivity} to null displayId=0 Callers=com.android.server.wm.RootWindowContainer.onChildPositionChanged:8 com.android.server.wm.WindowContainer.positionChildAt:69 com.android.server.wm.RootWindowContainer.positionChildAt:8 com.android.server.wm.WindowManagerServiceExt.moveDisplayToTop:37 
03-13 14:53:09.589 19717 19717 I HBD     : h writeToFile json : {"version":"4.2","currentLanguageOrder":0,"front_selected":[{"activeOptionList":["auto_replace","auto_spacing","writing_assistant","prediction"],"bilingualId":-1,"engName":"English","id":65537,"inputType":"qwerty","isUsed":true}]} 
03-13 14:53:09.590  3003  3067 D InputDispatcher: Focused display: 0 -> 1
03-13 14:53:09.590  3003  3067 W InputDispatcher: Focused display #1 does not have a focused window.
03-13 14:53:09.590  3003  3067 E InputDispatcher: But another display has a focused window
03-13 14:53:09.590  3003  3067 E InputDispatcher:   FocusedWindows:
03-13 14:53:09.590  3003  3067 E InputDispatcher:     displayId=0, name='1dae058 com.peacocktv.peacockandroid/com.peacocktv.legacy.monolith.authenticationjourney.AuthJourneyActivity'
03-13 14:53:09.590  3003  3067 V SystemKeyManager: updateFocusedWindow() is called, 
03-13 14:53:09.590  3003  3067 D ActivityTaskManager: scheduleTopResumedActivityChanged, onTop=false, r=ActivityRecord{235322080 u0 com.peacocktv.peacockandroid/com.peacocktv.legacy.monolith.authenticationjourney.AuthJourneyActivity t737}, caller=com.android.server.wm.ActivityTaskSupervisor.scheduleTopResumedActivityStateLossIfNeeded:19 com.android.server.wm.ActivityTaskSupervisor.updateTopResumedActivityIfNeeded:20 com.android.server.wm.RootWindowContainer.onChildPositionChanged:16 com.android.server.wm.WindowContainer.positionChildAt:69 com.android.server.wm.RootWindowContainer.positionChildAt:8 com.android.server.wm.WindowManagerServiceExt.moveDisplayToTop:37 
03-13 14:53:09.590  2092  2092 I factory.ssc: vendor/qcom/proprietary/adsprpc/src/fastrpc_apps_user.c:1684: remote_handle64_open: opened handle 0xb400006d90c33210 (remote 0xb397a250) for file:///libsns_device_mode_skel.so?sns_device_mode_skel_handle_invoke&_modver=1.0&_dom=adsp on domain 0 (spawn time 9918 us, load time 4424 us), num handles 2
03-13 14:53:09.590  2092  2092 E SSC_DAEMON: sns_device_mode_event_send:72, Device mode=1, state=0, ret=0
03-13 14:53:09.591  7048  7048 D NLService: Successfully marked the removed notification identified by 32
03-13 14:53:09.591  2092  2092 I factory.ssc: vendor/qcom/proprietary/adsprpc/src/fastrpc_apps_user.c:1713: remote_handle_close: closed handle 0xb397a250 (skel unload time 316 us)
03-13 14:53:09.591  2092  2092 I factory.ssc: vendor/qcom/proprietary/adsprpc/src/fastrpc_apps_user.c:1758: remote_handle64_close: closed handle 0xb400006d90c33210 remote handle 0xb397a250, num of open handles: 1
03-13 14:53:09.591  2092  2092 I factory.ssc: vendor/qcom/proprietary/adsprpc/src/fastrpc_apps_user.c:3194: domain_deinit for domain 0: dev 16
03-13 14:53:09.591  4205  4205 D KeyguardViewMediator: handleMessage 1003
03-13 14:53:09.591  4205  4205 D KeyguardFoldController: handleFoldMessage: isOpened=false, showing=false
03-13 14:53:09.591  4205  4205 D KeyguardViewMediator: adjustStatusBarLocked: no need to update flags=0x0 / showHomeOverLock=true
03-13 14:53:09.591  4205  4205 D DisplayLifecycle: dispatchFolderStateChanged true -> false
03-13 14:53:09.591  2092  2092 E factory.ssc: vendor/qcom/proprietary/adsprpc/src/dspsignal.c:114::Error: 0xd: signals != NULL
03-13 14:53:09.591  2092  2092 E factory.ssc: vendor/qcom/proprietary/adsprpc/src/dspsignal.c:126: Error 0xd: dspsignal_domain_deinit failed (domain 0)
03-13 14:53:09.591  4360  8379 I CCodec  : state->set(ALLOCATING)
03-13 14:53:09.591  4205  4205 D Keyguard.AODTouchModeManager: onFolderStateChanged: isOpened=false
03-13 14:53:09.591  4205  4205 D Keyguard.AODTouchModeManager: setTouchNodePath: isOpened=false
03-13 14:53:09.591  4205  4205 I PluginAODManager: onFolderStateChanged isOpened : false
03-13 14:53:09.591  4205  4205 I PluginAODManager: setStartedByFolderClosed: true
03-13 14:53:09.591  4205  4205 V SubLauncher:SubLauncherPluginImpl@102487053: onDozeAmountChanged: 0.0
03-13 14:53:09.592  3003  3067 D WALLPAPER_SVC:SubDisplayMode: onDisplayFoldChanged: displayId = 0, folded = true 
03-13 14:53:09.592  3003  3067 D WALLPAPER_SVC:WallpaperManagerService: updateDisplayData 
03-13 14:53:09.592  4205  4205 I ResourceUtils: initDisplayValues LogicalHeight 2640 LogicalWidth = 1080 DisplayDeviceType = -1, sIsLandscape = false
03-13 14:53:09.592  3003  3067 E WallpaperManagerService: getHighlightFilterState : which=17, filterState=0, unsupported mode
03-13 14:53:09.592  4832  2412 I HoneySpace.AppGridManager: finderWidthDp : 360.0 density : 3.0 marginDp : 10 appTrayAreaDp : 320 maxBounds : 360.0
03-13 14:53:09.592  3003  3067 D WALLPAPER_SVC:LegibilityColor: setWhiteBgSettings which: 17, userId : 0, homeBodyColor : null 
03-13 14:53:09.592  4205  4205 I DisplayValues: initValues currentWidth 1080 currentHeight = 2640
03-13 14:53:09.592  4205  4205 D FaceWidgetPagesController: onFolderStateChanged() isFolderOpened = false
03-13 14:53:09.592  3003  3067 D WALLPAPER_SVC:LegibilityColor: Cover wallpaper, ignore SemWallpaperColors 
03-13 14:53:09.592  3003  3067 D WALLPAPER_SVC:WallpaperManagerService: notifySemColorListeners: 17, 0, 0 
03-13 14:53:09.592  3003  3067 D InputManager: onDisplayFoldChanged: folded = true
03-13 14:53:09.592  3003  3064 I NotificationManager: android: notify(32, null, Notification(channel=UsbDevNoti shortcut=null contentView=null vibrate=null sound=null tick defaults=0 flags=ONGOING_EVENT color=0x00000000 vis=PUBLIC semFlags=0x0 semPriority=0 semMissedCount=0)) as user
03-13 14:53:09.592  4205  7420 D SemWallpaperColorsArea: SemWallpaperColorsArea [1080, 2640] which: 17 rotation: 0 has Base: false
03-13 14:53:09.592  4205  7420 D SemWallpaperColorsArea: SemWallpaperColorsArea which = 17, mDensity : 2.125, 1080x2640,508x1242,14,31, 9
03-13 14:53:09.592  4205  7420 I SemWallpaperColorsArea: Final area : Rect(46, 19 - 1032, 48)
03-13 14:53:09.592  4205  7420 I SemWallpaperColorsArea: Final area : Rect(376, 561 - 701, 1806)
03-13 14:53:09.592  4205  7420 I SemWallpaperColorsArea: Final area : Rect(505, 46 - 573, 214)
03-13 14:53:09.592  4205  7420 I SemWallpaperColorsArea: Final area : Rect(911, 2046 - 1028, 2341)
03-13 14:53:09.592  4205  7420 I SemWallpaperColorsArea: Final area : Rect(61, 2573 - 446, 2639)
03-13 14:53:09.592  4205  7420 I SemWallpaperColorsArea: Final area : Rect(0, 0 - 1079, 2639)
03-13 14:53:09.592  4205  7420 I KeyguardWallpaperController: set system color which = 17, opacity = 0.25
03-13 14:53:09.592  4205  7420 D SystemWallpaperColors: setColor: which = 17
03-13 14:53:09.592  5338  5338 I FoldStateManager: onFoldStateChanged: true
03-13 14:53:09.592  5338  5338 I FoldStateManager: updateFoldState: isFolded = true
03-13 14:53:09.592  5338  5338 I FoldStateManager: onTableModeChanged: false
03-13 14:53:09.592  5338  5338 I FoldStateManager: updateTableMode: isTableMode = false
03-13 14:53:09.592  4832  6445 I HoneySpace.ExtraDisplaySource: ExtraDisplayInfo(rotation=0, displayId=1, displaySize=Point(748, 720), displayCutout=DisplayCutout{insets=Rect(0, 0 - 0, 66) waterfall=Insets{left=0, top=0, right=0, bottom=0} boundingRect={Bounds=[Rect(0, 0 - 0, 0), Rect(0, 0 - 0, 0), Rect(0, 0 - 0, 0), Rect(379, 654 - 748, 720)]} cutoutPathParserInfo={CutoutPathParserInfo{displayWidth=748 displayHeight=720 physicalDisplayWidth=748 physicalDisplayHeight=720 density={2.125} cutoutSpec={@bottom @right M 0,0 H -173.6470588235294 V -31.05882352941176 H 0 V 0 Z @dp} rotation={0} scale={1.0} physicalPixelDisplaySizeRatio={1.0}}} sideOverrides={}}, foldState=0)
03-13 14:53:09.592  3003  3064 W PermissionService: getPermissionFlags: Unknown user -1
03-13 14:53:09.592  3003  3064 W PermissionService: getPermissionFlags: Unknown user -1
03-13 14:53:09.593  4832  4896 I HoneySpace.TopTaskSource: FoldState updated(0). updateRunningTasks
03-13 14:53:09.593  4184  4350 D DeviceStateManagerGlobal: handleDeviceStateInfoChanged state=DeviceState{identifier=0, name='CLOSED', app_accessible=false, cancel_when_requester_not_on_top=false}, baseState=DeviceState{identifier=0, name='CLOSED', app_accessible=false, cancel_when_requester_not_on_top=false}
03-13 14:53:09.593  3003  3064 D UsbDeviceManager: notifyAsUser: id=0 title=USB for charging phone
03-13 14:53:09.593  2007  3909 I sensors-hal: qsh_conn_event_cb:890, event[0] sensor:common_info  Wakeup, msg_id=1025, ts=4899751657051
03-13 14:53:09.593  2007  3909 I sensors-hal: handle_sns_client_event:82, common_info_event: msgid:1025
03-13 14:53:09.593  2007  3909 I sensors-hal: handle_sns_client_event:90, common_info: 1019
03-13 14:53:09.592  4205  4205 I AODDataSettings[8.0.6]:AODDataManager: onFolderStateChanged=false
03-13 14:53:09.593  4205  4205 I AODDataSettings[8.0.6]:AODDataManager: changeDisplay=DisplayImpl(type=SingleDisplay, orientation=Portrait, aodState=LockScreenOnly)
03-13 14:53:09.593  4205  4205 I AODDataSettings[8.0.6]:AODDataManager: getCurrentSize() from windowConfig = 1080.0x2640.0
03-13 14:53:09.593  4205  4205 I DataStoreState: setDisplay : DisplayImpl(type=SingleDisplay, orientation=Portrait, aodState=LockScreenOnly)
03-13 14:53:09.594  3003  3130 D PowerManagerService: onStateChanged: mDualScreenPolicy=1
03-13 14:53:09.594  3003  3067 D VibratorManagerService: onFoldStateChanged isFolded = true
03-13 14:53:09.594  3003  3130 D PowerManagerService: Setting HAL interactive mode to true
03-13 14:53:09.594  3003  3130 D PowerManagerService: setHalInteractiveModeLocked called by dual screen policy change
03-13 14:53:09.594  1274  2375 I sscrpcd : vendor/qcom/proprietary/adsprpc/src/apps_std_imp.c:1012: Successfully opened file /mnt/vendor/persist/sensors/registry/fstempfile
03-13 14:53:09.593  4205  4205 I DataStoreState: setRootSize : 1080.0x2640.0
03-13 14:53:09.594  4205  4205 I ComplicationWidgetPluginController:   onFoldStateChanged  0.0
03-13 14:53:09.594  4205  7420 I SystemWallpaperColors: setColor : put color for which 17, color = [version:22, which:17, adaptive dim:0.0/0, darkmode dim:0.25]
03-13 14:53:09.594  4205  7420 I SystemWallpaperColors: 	[SeedColors, [-70198]]
03-13 14:53:09.594  4205  7420 I SystemWallpaperColors: 	[STATUSBAR, Rect(31, 19 - 716, 48):1/ff000000/1.0/0.1, 0.0/0.0/0.0]
03-13 14:53:09.594  4205  7420 I SystemWallpaperColors: 	[BODY_TOP, Rect(261, 150 - 484, 490):1/ff4e4e4e/2.0004/0.30007502, 37.627117/0.23694779/0.9764706]
03-13 14:53:09.594  4205  7420 I SystemWallpaperColors: 	[BODY_MID, Rect(350, 12 - 397, 57):1/ff525252/2.0004/0.30007502, 40.8/0.19607843/1.0]
03-13 14:53:09.594  4205  7420 I SystemWallpaperColors: 	[BODY_BOTTOM, Rect(631, 556 - 711, 637):1/ff343434/3.3315673/0.54966885, 31.8/0.4784689/0.81960785]
03-13 14:53:09.594  4205  7420 I SystemWallpaperColors: 	[NAVIBAR, Rect(42, 652 - 308, 718):1/ff525252/2.0004/0.30007502, 42.352943/0.2007874/0.99607843]
03-13 14:53:09.594  4205  7420 I SystemWallpaperColors: 	[BACKGROUND, Rect(0, 0 - 748, 718):1/ff464646/2.1101708/0.32065704, 34.411766/0.28691983/0.92941177]
03-13 14:53:09.594  4205  7420 I KeyguardWallpaperController: onSemWallpaperColorsChanged: which = 17, userId = 0, colors = Rect(31, 19 - 716, 48)[1] Rect(261, 150 - 484, 490)[1] Rect(350, 12 - 397, 57)[1] Rect(631, 556 - 711, 637)[1] Rect(42, 652 - 308, 718)[1] Rect(0, 0 - 748, 718)[1] 
03-13 14:53:09.594  2007  3645 I sensors-hal: qsh_conn_event_cb:890, event[0] sensor:Device Common Info  Wakeup, msg_id=1025, ts=4899751684976
03-13 14:53:09.594  4205  4205 I KeyguardNIOStatusBarController: initPosition()
03-13 14:53:09.594  2007  3645 I sensors-hal: handle_sns_client_event:65, device_common_info_event: t:3, f:0, s:1, h:1
03-13 14:53:09.594  4205  4205 I KeyguardNIOStatusBarController: updateIconAreaMargins() isDozing=false darkAmount=0.0 force=true currentFinalX=147 currentFinalY=14
03-13 14:53:09.594  4205  4205 I FaceWidgetWindowManager: removeAllViews
03-13 14:53:09.594  4205  4205 I ViewPositionControllerManager: refresh : []
03-13 14:53:09.594  4205  4205 I ViewPositionControllerManager: updatePosition: []
03-13 14:53:09.594 19717 19717 I HBD     : h writeToFile complete 
03-13 14:53:09.594  4205  4205 I FaceWidgetViewModel: onFolderStateChanged elapsed, for 3 ms
03-13 14:53:09.594  3003  3661 I InputReader: Reconfiguring input devices, changes=DISPLAY_FOLD
03-13 14:53:09.594  4205  4205 D KeyguardViewMediator: KeyguardViewMediator queue processing message: 
03-13 14:53:09.594  4205  4205 D SecQsUiDisplayModeInteractor: onDeviceStateChanged from false -> to true, identifier = 0
03-13 14:53:09.594  4205  5152 D KeyguardWallpaperColors: setSemWallpaperColors: which = 17, userId = 0, colors = Rect(31, 19 - 716, 48)[1] Rect(261, 150 - 484, 490)[1] Rect(350, 12 - 397, 57)[1] Rect(631, 556 - 711, 637)[1] Rect(42, 652 - 308, 718)[1] Rect(0, 0 - 748, 718)[1] 
03-13 14:53:09.594  4205  4205 D SecQsUiDisplayModeInteractor: updateUiDisplayModeAtFoldStateChanged COVER
03-13 14:53:09.594  4205  4205 D SecFgsManagerController: foldStateChange foldState = UNFOLD > FOLD
03-13 14:53:09.594  4205  4205 D SecFgsManagerController: foldStateChange isDirty = false
03-13 14:53:09.594  4205  4205 D LockscreenNotificationManager:  FOLD STATE - FOLD 
03-13 14:53:09.594 19717 19717 I HBD     : a [UpdatePolicy] [post] a: 17 cl: 65537 kit: [0/0] vt: 0 ir: 1 
03-13 14:53:09.594 19717 19717 I HBD     : b isFlipCoverDisplayMode - true 
03-13 14:53:09.595 19717  8384 I HBD     : h Write selected lang for DE  
03-13 14:53:09.595 19717  8384 I HBD     : h writeToFile path : /data/user_de/0/com.samsung.android.honeyboard/files/fold_selected.json 
