03-10 14:45:26.401  3163  5853 W PackageManager: Missing required system package: com.cnn.mobile.android.phone, but found with extended search.
03-10 14:45:26.401  3163  5853 W PackageManager: Missing required system package: com.clubhouse.app, but found with extended search.
03-10 14:45:26.401  3163  5853 W PackageManager: Missing required system package: com.citymapper.app.release, but found with extended search.
03-10 14:45:26.401  3163  5853 W PackageManager: Missing required system package: com.citi.citimobile, but found with extended search.
03-10 14:45:26.401  3163  5853 W PackageManager: Missing required system package: com.chipotle.ordering, but found with extended search.
03-10 14:45:26.401  3163  5853 W PackageManager: Missing required system package: com.chickfila.cfaflagship, but found with extended search.
03-10 14:45:26.401  3163  5853 W PackageManager: Missing required system package: com.checkitt, but found with extended search.
03-10 14:45:26.401  3163  5853 W PackageManager: Missing required system package: com.chase.sig.android, but found with extended search.
03-10 14:45:26.402  3163  5853 W PackageManager: Missing required system package: com.buxfer.app, but found with extended search.
03-10 14:45:26.402  3163  5853 W PackageManager: Missing required system package: com.buffalowildwings.blazinrewards, but found with extended search.
03-10 14:45:26.402  3163  5853 W PackageManager: Missing required system package: com.bp.app.bpme.global.ros, but found with extended search.
03-10 14:45:26.402  3163  5853 W PackageManager: Missing required system package: com.booking, but found with extended search.
03-10 14:45:26.402  3163  5853 W PackageManager: Missing required system package: com.bigbasket.mobileapp, but found with extended search.
03-10 14:45:26.402  3163  5853 W PackageManager: Missing required system package: com.bhphoto, but found with extended search.
03-10 14:45:26.402  3163  5853 W PackageManager: Missing required system package: com.bestbuy.android, but found with extended search.
03-10 14:45:26.402  3163  5853 W PackageManager: Missing required system package: com.app.tgtg, but found with extended search.
03-10 14:45:26.402  3163  5853 W PackageManager: Missing required system package: com.amazon.mShop.android.shopping, but found with extended search.
03-10 14:45:26.402  3163  5853 W PackageManager: Missing required system package: com.alibaba.aliexpresshd, but found with extended search.
03-10 14:45:26.402  3163  5853 W PackageManager: Missing required system package: com.adidas.app, but found with extended search.
03-10 14:45:26.402  3163  5853 W PackageManager: Missing required system package: com.acorns.early, but found with extended search.
03-10 14:45:26.403  3163  5853 W PackageManager: Missing required system package: com.acorns.android, but found with extended search.
03-10 14:45:26.403  3163  5853 W PackageManager: Missing required system package: com.Splitwise.SplitwiseMobile, but found with extended search.
03-10 14:45:26.403  3163  5853 W PackageManager: Missing required system package: app.simple.com, but found with extended search.
03-10 14:45:26.403  3163  5853 W PackageManager: Missing required system package: app.organicmaps, but found with extended search.
03-10 14:45:26.403  3163  5853 W PackageManager: Missing required system package: tv.pluto.android, but found with extended search.
03-10 14:45:26.404  3163  5853 W PackageManager: Missing required system package: net.sharewire.parkmobilev2, but found with extended search.
03-10 14:45:26.404  3163  5853 W PackageManager: Missing required system package: digit.android, but found with extended search.
03-10 14:45:26.404  3163  5853 W PackageManager: Missing required system package: com.walmart.android, but found with extended search.
03-10 14:45:26.404  3163  5853 W PackageManager: Missing required system package: com.uniqlo.usa.catalogue, but found with extended search.
03-10 14:45:26.404  3163  5853 W PackageManager: Missing required system package: com.ubercab.eats, but found with extended search.
03-10 14:45:26.404  3163  5853 W PackageManager: Missing required system package: com.tubitv, but found with extended search.
03-10 14:45:26.404  3163  5853 W PackageManager: Missing required system package: com.thetransitapp.droid, but found with extended search.
03-10 14:45:26.404  3163  5853 W PackageManager: Missing required system package: com.thehomedepot, but found with extended search.
03-10 14:45:26.404  3163  5853 W PackageManager: Missing required system package: com.target.ui, but found with extended search.
03-10 14:45:26.404  3163  5853 W PackageManager: Missing required system package: com.starbucks.mobilecard, but found with extended search.
03-10 14:45:26.404  3163  5853 W PackageManager: Missing required system package: com.squareup.cash, but found with extended search.
03-10 14:45:26.404  3163  5853 W PackageManager: Missing required system package: com.snapdeal.main, but found with extended search.
03-10 14:45:26.404  3163  5853 W PackageManager: Missing required system package: com.shopify.arrive, but found with extended search.
03-10 14:45:26.404  3163  5853 W PackageManager: Missing required system package: com.rfi.sams.android, but found with extended search.
03-10 14:45:26.404  3163  5853 W PackageManager: Missing required system package: com.remitly.androidapp, but found with extended search.
03-10 14:45:26.404  3163  5853 W PackageManager: Missing required system package: com.qapital, but found with extended search.
03-10 14:45:26.404  3163  5853 W PackageManager: Missing required system package: com.paypal.android.p2pmobile, but found with extended search.
03-10 14:45:26.404  3163  5853 W PackageManager: Missing required system package: com.overstock, but found with extended search.
03-10 14:45:26.404  3163  5853 W PackageManager: Missing required system package: com.opera.browser, but found with extended search.
03-10 14:45:26.404  3163  5853 W PackageManager: Missing required system package: com.nytimes.android, but found with extended search.
03-10 14:45:26.405  3163  5853 W PackageManager: Missing required system package: com.nordstrom.app, but found with extended search.
03-10 14:45:26.405  3163  5853 W PackageManager: Missing required system package: com.nextdoor, but found with extended search.
03-10 14:45:26.405  3163  5853 W PackageManager: Missing required system package: com.infonow.bofa, but found with extended search.
03-10 14:45:26.405  3163  5853 W PackageManager: Missing required system package: com.here.app.maps, but found with extended search.
03-10 14:45:26.405  3163  5853 W PackageManager: Missing required system package: com.google.android.apps.walletnfcrel, but found with extended search.
03-10 14:45:26.405  3163  5853 W PackageManager: Missing required system package: com.google.android.apps.magazines, but found with extended search.
03-10 14:45:26.405  3163  5853 W PackageManager: Missing required system package: com.google.android.apps.docs.editors.slides, but found with extended search.
03-10 14:45:26.405  3163  5853 W PackageManager: Missing required system package: com.google.android.apps.docs.editors.sheets, but found with extended search.
03-10 14:45:26.405  3163  5853 W PackageManager: Missing required system package: com.google.android.apps.docs.editors.docs, but found with extended search.
03-10 14:45:26.405  3163  5853 W PackageManager: Missing required system package: com.fusionmedia.investing, but found with extended search.
03-10 14:45:26.405  2068  6063 I vendor.qti.bluetooth@1.0-ibs_handler: DeviceSleep: TX Awake, Sending SLEEP_IND
03-10 14:45:26.405  3163  5853 W PackageManager: Missing required system package: com.fidelity.android, but found with extended search.
03-10 14:45:26.405  3163  5853 W PackageManager: Missing required system package: com.expedia.bookings, but found with extended search.
03-10 14:45:26.405  2068  6063 D vendor.qti.bluetooth@1.0-ibs_handler: SerialClockVote: vote for UART CLK OFF
03-10 14:45:26.405  3163  5853 W PackageManager: Missing required system package: com.depop, but found with extended search.
03-10 14:45:26.405  3163  5853 W PackageManager: Missing required system package: com.creditkarma.mobile, but found with extended search.
03-10 14:45:26.405  3163  5853 W PackageManager: Missing required system package: co.tapcart.app.id_CeeweiHh1L, but found with extended search.
03-10 14:45:26.406  3163  6909 W WindowManager: Failed looking up window session=Session{aad39a 10834:u0a10310} callers=com.android.server.wm.WindowManagerService.windowForClientLocked:6941 com.android.server.wm.WindowManagerService.setInsetsWindow:2479 com.android.server.wm.Session.setInsets:335 
03-10 14:45:26.406  3163  6909 W WindowManager: win is null client=android.os.BinderProxy@77f05ab
03-10 14:45:26.406  3163  3231 W AccessibilityWindowsPopulator: The displayInfo of this displayId (0) called back from the surface fligner is null
03-10 14:45:26.409 10834 10834 I GoogleInputMethodService: GoogleInputMethodService.onFinishInput():2097 
03-10 14:45:26.409  3163  5158 D WifiStaIfaceHidlImpl: getCachedScanData is not implemented by HIDL
03-10 14:45:26.412  5658  7211 I bt_shim_scanner: system/main/shim/le_scanning_manager.cc:172 RegisterScanner: in shim layer
03-10 14:45:26.413  5993  8031 D BluetoothLeScanner: onScannerRegistered() - status=0 scannerId=1 mScannerId=0
03-10 14:45:26.413 10834 10834 I Module  : DeviceLockedStatusModuleProvider$Module.updateDeviceLockedStatus():103 repeatCheckTimes = 0, locked = false
03-10 14:45:26.414 10834 10834 W SessionManager: SessionManager.endSession():88 Try to end a not begun session [INPUT_SESSION].
03-10 14:45:26.414  3163  7496 D FileUtils: Rounded bytes from 7725268992 to 8000000000
03-10 14:45:26.414 10834 10834 I GoogleInputMethodService: GoogleInputMethodService.onDestroy():934 
03-10 14:45:26.414 10834 10834 I GlobeKeyExtension: GlobeKeyExtension.onDestroyExtension():162 
03-10 14:45:26.414 10834 10834 I ModuleManager: ModuleManager$ModuleInitListener.maybeUnloadModuleOnUnavailable():1386 module lvk is unavailable
03-10 14:45:26.414 10834 10834 I HardKeyTracker: HardKeyTracker.unregisterKeySequence():221 Unregister key sequence nul{labelResId=2132020475, callback=cnx@df7f56f, lastModifier=2, keyCodes=[47], actions=[0]}
03-10 14:45:26.414 10834 10834 I ModuleManager: ModuleManager$ModuleInitListener.maybeUnloadModuleOnUnavailable():1386 module eci is unavailable
03-10 14:45:26.414 10834 10834 I ModuleManager: ModuleManager$ModuleInitListener.maybeUnloadModuleOnUnavailable():1386 module hvi is unavailable
03-10 14:45:26.414 10834 10834 I ModuleManager: ModuleManager$ModuleInitListener.maybeUnloadModuleOnUnavailable():1386 module mhz is unavailable
03-10 14:45:26.414 10834 10834 I ModuleManager: ModuleManager$ModuleInitListener.maybeUnloadModuleOnUnavailable():1386 module mia is unavailable
03-10 14:45:26.414 10834 10834 I ModuleManager: ModuleManager$ModuleInitListener.maybeUnloadModuleOnUnavailable():1386 module mib is unavailable
03-10 14:45:26.415 10834 10834 I ModuleManager: ModuleManager$ModuleInitListener.maybeUnloadModuleOnUnavailable():1386 module mic is unavailable
03-10 14:45:26.415 10834 10834 I ModuleManager: ModuleManager$ModuleInitListener.maybeUnloadModuleOnUnavailable():1386 module mie is unavailable
03-10 14:45:26.415 10834 10834 I ModuleManager: ModuleManager$ModuleInitListener.maybeUnloadModuleOnUnavailable():1386 module mii is unavailable
03-10 14:45:26.415 10834 10834 I ModuleManager: ModuleManager$ModuleInitListener.maybeUnloadModuleOnUnavailable():1386 module mtq is unavailable
03-10 14:45:26.415 10834 10834 I HardKeyTracker: HardKeyTracker.unregisterKeySequence():221 Unregister key sequence nul{labelResId=0, callback=lkj@6c5335a, lastModifier=0, keyCodes=[204], actions=[0]}
03-10 14:45:26.415 10834 10834 I ModuleManager: ModuleManager$ModuleInitListener.maybeUnloadModuleOnUnavailable():1386 module mts is unavailable
03-10 14:45:26.415 10834 10834 I ModuleManager: ModuleManager$ModuleInitListener.maybeUnloadModuleOnUnavailable():1386 module nyc is unavailable
03-10 14:45:26.420 10834 10834 I ModuleManager: ModuleManager$ModuleInitListener.maybeUnloadModuleOnUnavailable():1386 module ljh is unavailable
03-10 14:45:26.424  5693  6968 D QCNEJ/NativeHalConnector: -> SND notifyDefaultNetworkChanged(1)
03-10 14:45:26.428  3163  3163 D WiFiBlocklistController: Wifi onCapabilitiesChanged
03-10 14:45:26.429 10834 10834 I ModuleManager: ModuleManager$ModuleInitListener.maybeUnloadModuleOnUnavailable():1386 module ewi is unavailable
03-10 14:45:26.429 10834 10834 I ModuleManager: ModuleManager$ModuleInitListener.maybeUnloadModuleOnUnavailable():1386 module fol is unavailable
03-10 14:45:26.429 10834 10834 I ModuleManager: ModuleManager$ModuleInitListener.maybeUnloadModuleOnUnavailable():1386 module fub is unavailable
03-10 14:45:26.429 10834 10834 I ModuleManager: ModuleManager$ModuleInitListener.maybeUnloadModuleOnUnavailable():1386 module fvu is unavailable
03-10 14:45:26.429 10834 10834 I ModuleManager: ModuleManager$ModuleInitListener.maybeUnloadModuleOnUnavailable():1386 module gfa is unavailable
03-10 14:45:26.429 10834 10834 I ModuleManager: ModuleManager$ModuleInitListener.maybeUnloadModuleOnUnavailable():1386 module ggo is unavailable
03-10 14:45:26.429 10834 10834 I ModuleManager: ModuleManager$ModuleInitListener.maybeUnloadModuleOnUnavailable():1386 module gjm is unavailable
03-10 14:45:26.429 10834 10834 I JapaneseMozcExtension: JapaneseMozcExtension.onDestroy():52 
03-10 14:45:26.429 10834 10834 I ModuleManager: ModuleManager$ModuleInitListener.maybeUnloadModuleOnUnavailable():1386 module gkb is unavailable
03-10 14:45:26.429 10834 10834 I ModuleManager: ModuleManager$ModuleInitListener.maybeUnloadModuleOnUnavailable():1386 module gya is unavailable
03-10 14:45:26.429 10834 10834 I ModuleManager: ModuleManager$ModuleInitListener.maybeUnloadModuleOnUnavailable():1386 module IEmojiOrGifExtension is unavailable
03-10 14:45:26.429 10834 10834 I ModuleManager: ModuleManager$ModuleInitListener.maybeUnloadModuleOnUnavailable():1386 module IEmoticonExtension is unavailable
03-10 14:45:26.429 10834 10834 I ModuleManager: ModuleManager$ModuleInitListener.maybeUnloadModuleOnUnavailable():1386 module hlc is unavailable
03-10 14:45:26.429 10834 10834 I ModuleManager: ModuleManager$ModuleInitListener.maybeUnloadModuleOnUnavailable():1386 module hoe is unavailable
03-10 14:45:26.429 10834 10834 I ModuleManager: ModuleManager$ModuleInitListener.maybeUnloadModuleOnUnavailable():1386 module hqs is unavailable
03-10 14:45:26.429 10834 10834 I ModuleManager: ModuleManager$ModuleInitListener.maybeUnloadModuleOnUnavailable():1386 module nwn is unavailable
03-10 14:45:26.429 10834 10834 I ModuleManager: ModuleManager$ModuleInitListener.maybeUnloadModuleOnUnavailable():1386 module iga is unavailable
03-10 14:45:26.429 10834 10834 I UniversalDictationExtension: UniversalDictationExtension.onDestroyExtension():136 onDestroy [UD]
03-10 14:45:26.429 10834 10834 I ModuleManager: ModuleManager$ModuleInitListener.maybeUnloadModuleOnUnavailable():1386 module igb is unavailable
03-10 14:45:26.430 10834 10834 I ModuleManager: ModuleManager$ModuleInitListener.maybeUnloadModuleOnUnavailable():1386 module iiq is unavailable
03-10 14:45:26.430 10834 10834 I NewS3RecognizerModule: NewS3RecognizerModule.onDestroy():28 onDestroy [news3]
03-10 14:45:26.430 10834 10834 I ModuleManager: ModuleManager$ModuleInitListener.maybeUnloadModuleOnUnavailable():1386 module imw is unavailable
03-10 14:45:26.430 10834 10834 I ModuleManager: ModuleManager$ModuleInitListener.maybeUnloadModuleOnUnavailable():1386 module kdw is unavailable
03-10 14:45:26.430 10834 10834 I HardKeyTracker: HardKeyTracker.unregisterKeySequence():221 Unregister key sequence nul{labelResId=2132020465, callback=cth@7c1b9e5, lastModifier=2, keyCodes=[50], actions=[0]}
03-10 14:45:26.430 10834 10834 I HardKeyTracker: HardKeyTracker.unregisterKeySequence():221 Unregister key sequence nul{labelResId=2132020466, callback=cth@87cae25, lastModifier=2, keyCodes=[56], actions=[0]}
03-10 14:45:26.430 10834 10834 I HardKeyTracker: HardKeyTracker.unregisterKeySequence():221 Unregister key sequence nul{labelResId=2132020466, callback=cth@fc39bfa, lastModifier=0, keyCodes=[317], actions=[0]}
03-10 14:45:26.430 10834 10834 I HardKeyTracker: HardKeyTracker.unregisterKeySequence():221 Unregister key sequence nul{labelResId=2132020468, callback=cth@5a38362, lastModifier=2, keyCodes=[37], actions=[0]}
03-10 14:45:26.430 10834 10834 I HardKeyTracker: HardKeyTracker.unregisterKeySequence():221 Unregister key sequence nul{labelResId=2132020470, callback=cth@f1f7408, lastModifier=2, keyCodes=[48], actions=[0]}
03-10 14:45:26.430 10834 10834 I HardKeyTracker: HardKeyTracker.unregisterKeySequence():221 Unregister key sequence nul{labelResId=2132020471, callback=cth@95f1187, lastModifier=2, keyCodes=[32], actions=[0]}
03-10 14:45:26.430 10834 10834 I HardKeyTracker: HardKeyTracker.unregisterKeySequence():221 Unregister key sequence nul{labelResId=2132020469, callback=cth@e630797, lastModifier=65536, keyCodes=[76], actions=[0]}
03-10 14:45:26.430 10834 10834 I HardKeyTracker: HardKeyTracker.unregisterKeySequence():221 Unregister key sequence nul{labelResId=2132020465, callback=cth@8f9edb0, lastModifier=2, keyCodes=[50], actions=[0]}
03-10 14:45:26.430 10834 10834 I HardKeyTracker: HardKeyTracker.unregisterKeySequence():221 Unregister key sequence nul{labelResId=2132020470, callback=cth@d2bc5ab, lastModifier=2, keyCodes=[48], actions=[0]}
03-10 14:45:26.430 10834 10834 I HardKeyTracker: HardKeyTracker.unregisterKeySequence():221 Unregister key sequence nul{labelResId=2132020466, callback=cth@f2d5aa2, lastModifier=2, keyCodes=[56], actions=[0]}
03-10 14:45:26.430 10834 10834 I HardKeyTracker: HardKeyTracker.unregisterKeySequence():221 Unregister key sequence nul{labelResId=2132020466, callback=cth@3392333, lastModifier=0, keyCodes=[317], actions=[0]}
03-10 14:45:26.430 10834 10834 I HardKeyTracker: HardKeyTracker.unregisterKeySequence():221 Unregister key sequence nul{labelResId=2132018771, callback=cth@ac86bd8, lastModifier=2, keyCodes=[39], actions=[0]}
03-10 14:45:26.430 10834 10834 I HardKeyTracker: HardKeyTracker.unregisterKeySequence():221 Unregister key sequence nul{labelResId=2132020475, callback=cth@dfb8167, lastModifier=2, keyCodes=[47], actions=[0]}
03-10 14:45:26.430 10834 10834 I HardKeyTracker: HardKeyTracker.unregisterKeySequence():221 Unregister key sequence nul{labelResId=2132020468, callback=cth@49c0144, lastModifier=2, keyCodes=[37], actions=[0]}
03-10 14:45:26.430 10834 10834 I HardKeyTracker: HardKeyTracker.unregisterKeySequence():221 Unregister key sequence nul{labelResId=2132020471, callback=cth@a913f23, lastModifier=2, keyCodes=[32], actions=[0]}
03-10 14:45:26.430 10834 10834 I ModuleManager: ModuleManager$ModuleInitListener.maybeUnloadModuleOnUnavailable():1386 module kgi is unavailable
03-10 14:45:26.430 10834 10834 I ModuleManager: ModuleManager$ModuleInitListener.maybeUnloadModuleOnUnavailable():1386 module lns is unavailable
03-10 14:45:26.430 10834 10834 I ModuleManager: ModuleManager$ModuleInitListener.maybeUnloadModuleOnUnavailable():1386 module IBannerExtension is unavailable
03-10 14:45:26.430 10834 10834 I ModuleManager: ModuleManager$ModuleInitListener.maybeUnloadModuleOnUnavailable():1386 module ohp is unavailable
03-10 14:45:26.430 10834 10834 I ModuleManager: ModuleManager$ModuleInitListener.maybeUnloadModuleOnUnavailable():1386 module oky is unavailable
03-10 14:45:26.431 10834 10834 I ModuleManager: ModuleManager$ModuleInitListener.maybeUnloadModuleOnUnavailable():1386 module ifj is unavailable
03-10 14:45:26.431 10834 10834 I ModuleManager: ModuleManager$ModuleInitListener.maybeUnloadModuleOnUnavailable():1386 module ifn is unavailable
03-10 14:45:26.431 10834 10834 I ModuleManager: ModuleManager$ModuleInitListener.maybeUnloadModuleOnUnavailable():1386 module nyi is unavailable
03-10 14:45:26.431 10834 10834 W NotificationCenter: NotificationCenter.unregisterListener():480 Listener ktn@1b47ecd was not registered for notification class mev
03-10 14:45:26.431 10834 10834 W NotificationCenter: NotificationCenter.unregisterListener():480 Listener ktm@138dc64 was not registered for notification class men
03-10 14:45:26.431 10834 10834 W NotificationCenter: NotificationCenter.unregisterListener():480 Listener nhv@67a65f7 was not registered for notification class kgz
03-10 14:45:26.432 10834 10834 W NotificationCenter: NotificationCenter.unregisterListener():480 Listener ktc@2e56a93 was not registered for notification class lhi
03-10 14:45:26.432 10834 10834 W NotificationCenter: NotificationCenter.unregisterListener():480 Listener kdq@a16f78b was not registered for notification class kfo
03-10 14:45:26.432 10834 10834 I HardKeyTracker: HardKeyTracker.unregisterKeySequence():221 Unregister key sequence nul{labelResId=2132020472, callback=null, lastModifier=2, keyCodes=[8], actions=[0]}
03-10 14:45:26.432 10834 10834 I HardKeyTracker: HardKeyTracker.unregisterKeySequence():221 Unregister key sequence nul{labelResId=2132020474, callback=gqg@1c9e718, lastModifier=2, keyCodes=[62], actions=[0]}
03-10 14:45:26.432 10834 10834 I ModuleManager: ModuleManager$ModuleInitListener.maybeUnloadModuleOnUnavailable():1386 module kdu is unavailable
03-10 14:45:26.432 10834 10834 I ModuleManager: ModuleManager$ModuleInitListener.maybeUnloadModuleOnUnavailable():1386 module olt is unavailable
03-10 14:45:26.432  3163  3163 D WiFiBlocklistController: Default net onCapabilitiesChanged
03-10 14:45:26.432  3163  3163 D WiFiBlocklistController: updateDefaultNet:136
03-10 14:45:26.432  3163  3163 D WiFiBlocklistController: mayUpdateNotification: shouldShow=false,UidsBlocked=false, net info=net:136,ifName=wlan0,securityType=2,isDefault=true,ssid="micasa",notificationId=0
03-10 14:45:26.433 10834 10834 I ModuleManager: ModuleManager$ModuleInitListener.maybeUnloadModuleOnUnavailable():1386 module hok is unavailable
03-10 14:45:26.438  6932  7504 I BugleRcsEngine: Connected state: [1], networkType: [WIFI] [CONTEXT thread_id=54 ]
03-10 14:45:26.439  3163  7024 D FileUtils: Rounded bytes from 7725268992 to 8000000000
03-10 14:45:26.442  6932  8142 I BugleRcsEngine: handleMessage processing message:[NOTIFY_UPTIME_IGNORE_STATE_CHANGED] with [non-null]:RcsEngineImpl reference [CONTEXT log_prefix="RcsEngineImpl[DUAL_REG]:[82ee5969-a086]>Handler" thread_id=61 ]
03-10 14:45:26.443  5993  5993 D BoundBrokerSvc: onRebind: Intent { act=com.google.android.gms.libs.gmscorelogger.service.START dat=chimera-action:/... cmp=com.google.android.gms/.chimera.PersistentDirectBootAwareApiService }
03-10 14:45:26.443  7091 21947 I ModemStats: [DataStallDetectService] onCapabilitiesChanged networkCapabilities=[ Transports: WIFI Capabilities: NOT_METERED&INTERNET&NOT_RESTRICTED&TRUSTED&NOT_VPN&VALIDATED&NOT_ROAMING&FOREGROUND&NOT_CONGESTED&NOT_SUSPENDED&NOT_VCN_MANAGED&NOT_BANDWIDTH_CONSTRAINED LinkUpBandwidth>=5852Kbps LinkDnBandwidth>=78837Kbps TransportInfo: <SSID: <unknown ssid>, BSSID: 02:00:00:00:00:00, MAC: 02:00:00:00:00:00, IP: /10.0.0.248, Security type: 2, Supplicant state: COMPLETED, Wi-Fi standard: 11ax, RSSI: -65, Link speed: 432Mbps, Tx Link speed: 432Mbps, Max Supported Tx Link speed: 1200Mbps, Rx Link speed: 432Mbps, Max Supported Rx Link speed: 1200Mbps, Frequency: 5785MHz, Net ID: -1, Metered hint: false, score: 60, isUsable: true, CarrierMerged: false, SubscriptionId: -1, IsPrimary: -1, Trusted: true, Restricted: false, Ephemeral: false, OEM paid: false, OEM private: false, OSU AP: false, FQDN: <none>, Provider friendly name: <none>, Requesting package name: <none><none>MLO Information: , Is TID-To-Link negotiation supported by the AP: false, AP MLD Address: <none>, AP MLO Link Id: <none>, AP MLO Affiliated links: <none>, Vendor Data: <none>> SignalStrength: -65 UnderlyingNetworks: Null]
03-10 14:45:26.443  7091 21947 I ModemStats: [DataStallDetectService] onCapabilitiesChanged NET_CAPABILITY_VALIDATED=true
03-10 14:45:26.443  7091 21947 I ModemStats: [DataStallDetectService] onCapabilitiesChanged mDataStallManager.mDataStallInstance=null
03-10 14:45:26.443  7091 21947 I ModemStats: [DataStallDetectService] onCapabilitiesChanged mDataStallSmart5gManager.mDataStallInstance=null
03-10 14:45:26.444  6932  8142 I BugleRcsEngine: Cannot use CS.apk as it's battery optimized [CONTEXT thread_id=61 ]
03-10 14:45:26.445  5802  7670 E PhoneInterfaceManager: getCarrierPrivilegeStatusForUid: Invalid subId
03-10 14:45:26.445  5993  8761 I NearbyDiscovery: (REDACTED) ApFastPairScanner: Start scanning, mode=%s
03-10 14:45:26.446  5993  8761 I NearbyDiscovery: FastPairController: onSystemStateChanged: skip due to flag disabled [CONTEXT service_id=265 ]
03-10 14:45:26.446  5993  8163 I NullBinder: NullBinder for android.net.action.RECOMMEND_NETWORKS triggering remote TransactionTooLargeException due to Service without Chimera impl, calling uid: 1000, calling pid: 0
03-10 14:45:26.446  5993  8163 W Binder  : reply too large data on java level: InterfaceDescriptor = null, code = 1
03-10 14:45:26.446  5993  8163 W .gms.persistent: Large reply transaction of 1056768 bytes, interface descriptor , code 1
03-10 14:45:26.447  5658  6105 I bt_shim_scanner: system/main/shim/le_scanning_manager.cc:282 ScanFilterEnable: in shim layer
03-10 14:45:26.447  2068  2068 D vendor.qti.bluetooth@1.0-ibs_handler: SerialClockVote: vote for UART CLK ON
03-10 14:45:26.447  2068  2068 I vendor.qti.bluetooth@1.0-ibs_handler: DeviceWakeUp: Writing IBS_WAKE_IND
03-10 14:45:26.448  5658  6105 I bt_shim_scanner: system/main/shim/le_scanning_manager.cc:258 ScanFilterAdd: in shim layer
03-10 14:45:26.448  5658  6105 I bt_shim_scanner: system/main/shim/le_scanning_manager.cc:220 ScanFilterParamSetup: in shim layer, clientIf=1
03-10 14:45:26.448  5658  6105 I bt_shim_scanner: system/main/shim/le_scanning_manager.cc:258 ScanFilterAdd: in shim layer
03-10 14:45:26.448  5658  6105 I bt_shim_scanner: system/main/shim/le_scanning_manager.cc:220 ScanFilterParamSetup: in shim layer, clientIf=1
03-10 14:45:26.448  5658  6105 I bt_shim_scanner: system/main/shim/le_scanning_manager.cc:185 Scan: in shim layer started
03-10 14:45:26.448  5658  6105 I bt_shim_scanner: system/main/shim/le_scanning_manager.cc:185 Scan: in shim layer stopped
03-10 14:45:26.449  5658  6105 W BtGatt.JNI: android/app/jni/com_android_bluetooth_gatt.cpp:1597 gattSetScanParametersNative: gattSetScanParametersNative
03-10 14:45:26.449  5658  6105 I bt_shim_scanner: system/main/shim/le_scanning_manager.cc:363 SetScanParameters: in shim layer, scannerId=1
03-10 14:45:26.449  5658  6105 I bt_shim_scanner: system/main/shim/le_scanning_manager.cc:185 Scan: in shim layer started
03-10 14:45:26.453  2068  6060 I vendor.qti.bluetooth@1.0-ibs_handler: ProcessIbsCmd: Received IBS_WAKE_ACK: 0xFC
03-10 14:45:26.453  2068  6060 I vendor.qti.bluetooth@1.0-ibs_handler: ProcessIbsCmd: Signal wack_cond_
03-10 14:45:26.454  2068  2068 D vendor.qti.bluetooth@1.0-ibs_handler: DeviceWakeUp: Unblocked from waiting for FC, pthread_cond_timedwait ret = 0
03-10 14:45:26.454  2068  6060 I vendor.qti.bluetooth@1.0-ibs_handler: ProcessIbsCmd: Received IBS_WAKE_IND: 0xFD
03-10 14:45:26.454  2068  6060 I vendor.qti.bluetooth@1.0-ibs_handler: ProcessIbsCmd: Writing IBS_WAKE_ACK
03-10 14:45:26.454  5658  5907 I bluetooth: system/gd/hci/le_scanning_manager.cc:690 stop_scan: Scanning already stopped, return!
03-10 14:45:26.454  5658  5907 I bluetooth: system/gd/hci/le_address_manager.cc:226 register_client: Scheduled address rotation for first client registered
03-10 14:45:26.454  5658  5907 I bluetooth: system/gd/hci/le_address_manager.cc:229 register_client: Client registered
03-10 14:45:26.455  5658  5907 I bluetooth: system/gd/hci/le_address_manager.cc:244 unregister_client: Client unregistered
03-10 14:45:26.455  5658  5907 I bluetooth: system/gd/hci/le_address_manager.cc:248 unregister_client: Cancelled address rotation alarm
03-10 14:45:26.455  5658  5907 I bluetooth: system/gd/hci/le_scanning_manager.cc:690 stop_scan: Scanning already stopped, return!
03-10 14:45:26.455  5658  5907 I bluetooth: system/gd/hci/le_address_manager.cc:226 register_client: Scheduled address rotation for first client registered
03-10 14:45:26.455  5658  5907 I bluetooth: system/gd/hci/le_address_manager.cc:229 register_client: Client registered
03-10 14:45:26.463 10834 10834 I ModuleManager: ModuleManager$ModuleInitListener.maybeUnloadModuleOnUnavailable():1386 module ghq is unavailable
03-10 14:45:26.464 10834 10834 I ModuleManager: ModuleManager$ModuleInitListener.maybeUnloadModuleOnUnavailable():1386 module hvu is unavailable
03-10 14:45:26.464 10834 10834 I ModuleManager: ModuleManager$ModuleInitListener.maybeUnloadModuleOnUnavailable():1386 module ecr is unavailable
03-10 14:45:26.464 10834 10834 I ModuleManager: ModuleManager$ModuleInitListener.maybeUnloadModuleOnUnavailable():1386 module esr is unavailable
03-10 14:45:26.464 10834 10834 I ModuleManager: ModuleManager$ModuleInitListener.maybeUnloadModuleOnUnavailable():1386 module hzz is unavailable
03-10 14:45:26.464 10834 10834 I ModuleManager: ModuleManager$ModuleInitListener.maybeUnloadModuleOnUnavailable():1386 module ifc is unavailable
03-10 14:45:26.464 10834 10834 I ModuleManager: ModuleManager$ModuleInitListener.maybeUnloadModuleOnUnavailable():1386 module ntv is unavailable
03-10 14:45:26.464 10834 10834 I ModuleManager: ModuleManager$ModuleInitListener.maybeUnloadModuleOnUnavailable():1386 module ntw is unavailable
03-10 14:45:26.464 10834 10834 I ModuleManager: ModuleManager$ModuleInitListener.maybeUnloadModuleOnUnavailable():1386 module oav is unavailable
03-10 14:45:26.465 10834 10834 I ModuleManager: ModuleManager$ModuleInitListener.maybeUnloadModuleOnUnavailable():1386 module hzy is unavailable
03-10 14:45:26.465 10834 10834 I ModuleManager: ModuleManager$ModuleInitListener.maybeUnloadModuleOnUnavailable():1386 module ggm is unavailable
03-10 14:45:26.465 10834 10834 I ModuleManager: ModuleManager$ModuleInitListener.maybeUnloadModuleOnUnavailable():1386 module efd is unavailable
03-10 14:45:26.465 10834 10834 I ModuleManager: ModuleManager$ModuleInitListener.maybeUnloadModuleOnUnavailable():1386 module ief is unavailable
03-10 14:45:26.465 10834 10834 I ModuleManager: ModuleManager$ModuleInitListener.maybeUnloadModuleOnUnavailable():1386 module ifb is unavailable
03-10 14:45:26.465 10834 10834 I ModuleManager: ModuleManager$ModuleInitListener.maybeUnloadModuleOnUnavailable():1386 module ITranslateUiExtension is unavailable
03-10 14:45:26.465 10834 10834 I ModuleManager: ModuleManager$ModuleInitListener.maybeUnloadModuleOnUnavailable():1386 module egz is unavailable
03-10 14:45:26.466 10834 10834 W NotificationCenter: NotificationCenter.unregisterListener():480 Listener eei@a06e42b was not registered for notification class ndp
03-10 14:45:26.466 10834 10834 W NotificationCenter: NotificationCenter.unregisterListener():480 Listener efs@56972db was not registered for notification class ndp
03-10 14:45:26.466 10834 10834 I ModuleManager: ModuleManager$ModuleInitListener.maybeUnloadModuleOnUnavailable():1386 module ego is unavailable
03-10 14:45:26.470 10834 10834 I ModuleManager: ModuleManager$ModuleInitListener.maybeUnloadModuleOnUnavailable():1386 module ojg is unavailable
03-10 14:45:26.470 10834 10834 I ModuleManager: ModuleManager$ModuleInitListener.maybeUnloadModuleOnUnavailable():1386 module oha is unavailable
03-10 14:45:26.470 10834 10834 I ModuleManager: ModuleManager$ModuleInitListener.maybeUnloadModuleOnUnavailable():1386 module ejs is unavailable
03-10 14:45:26.470 10834 10834 I ModuleManager: ModuleManager$ModuleInitListener.maybeUnloadModuleOnUnavailable():1386 module hvo is unavailable
03-10 14:45:26.471 10834 10834 I ModuleManager: ModuleManager$ModuleInitListener.maybeUnloadModuleOnUnavailable():1386 module eqk is unavailable
03-10 14:45:26.472 10834 10834 I ModuleManager: ModuleManager$ModuleInitListener.maybeUnloadModuleOnUnavailable():1386 module ftq is unavailable
03-10 14:45:26.472 10834 10834 I ModuleManager: ModuleManager$ModuleInitListener.maybeUnloadModuleOnUnavailable():1386 module ftu is unavailable
03-10 14:45:26.472 10834 10834 I ModuleManager: ModuleManager$ModuleInitListener.maybeUnloadModuleOnUnavailable():1386 module evt is unavailable
03-10 14:45:26.472 10834 10834 I ModuleManager: ModuleManager$ModuleInitListener.maybeUnloadModuleOnUnavailable():1386 module eww is unavailable
03-10 14:45:26.477 10834 10834 I ModuleManager: ModuleManager$ModuleInitListener.maybeUnloadModuleOnUnavailable():1386 module lau is unavailable
03-10 14:45:26.477  2067  8157 D AHAL: AudioStream: astream_out_standby: 862: enter: stream (0xb400007cc4042040), usecase(0: deep-buffer-playback)
03-10 14:45:26.477  2067  8157 D AHAL: AudioStream: Standby: 2246: Enter
03-10 14:45:26.477  2067  8157 I PAL: API: pal_stream_stop: 337: Enter. Stream handle :0xb400007ca404daf0K
03-10 14:45:26.477  2188 15745 D AGM: graph: graph_stop: 955 entry graph_handle 0x247534c
03-10 14:45:26.478  2188 15745 I gsl     : gsl_send_spf_cmd:169 Wait for Rsp opcode[0x1001003] src_port[0x2012] dst_port[0x1] token 0xf8c
03-10 14:45:26.478 10834 10996 I InputActionMetricsProcessor: InputActionMetricsProcessor.onDetached():109 Detached from metrics manager.
03-10 14:45:26.480 10834 10834 I ModuleManager: ModuleManager$ModuleInitListener.maybeUnloadModuleOnUnavailable():1386 module evm is unavailable
03-10 14:45:26.481 10834 10834 I EmojifyExtensionImpl: EmojifyExtensionImpl.onDestroy():611 Destroying Emojify extension ezf@34a85a5.
03-10 14:45:26.481 10834 10834 I ModuleManager: ModuleManager$ModuleInitListener.maybeUnloadModuleOnUnavailable():1386 module eyq is unavailable
03-10 14:45:26.481 10834 10834 I AbstractOpenableExtension: AbstractOpenableExtension.maybeDestroyExistingKeyboardGroupManager():534 Destroy existing keyboard group manager in ezz
03-10 14:45:26.481 10834 10834 I ModuleManager: ModuleManager$ModuleInitListener.maybeUnloadModuleOnUnavailable():1386 module IExpressionMomentExtension is unavailable
03-10 14:45:26.481 10834 10834 I ModuleManager: ModuleManager$ModuleInitListener.maybeUnloadModuleOnUnavailable():1386 module IEmojiKitchenBrowseExtension is unavailable
03-10 14:45:26.481 10834 10834 I AbstractOpenableExtension: AbstractOpenableExtension.maybeDestroyExistingKeyboardGroupManager():534 Destroy existing keyboard group manager in hme
03-10 14:45:26.481 10834 10834 I ModuleManager: ModuleManager$ModuleInitListener.maybeUnloadModuleOnUnavailable():1386 module FastAccessBarExtension is unavailable
03-10 14:45:26.481 10834 10834 I ModuleManager: ModuleManager$ModuleInitListener.maybeUnloadModuleOnUnavailable():1386 module hmt is unavailable
03-10 14:45:26.481 10834 10834 I ModuleManager: ModuleManager$ModuleInitListener.maybeUnloadModuleOnUnavailable():1386 module fkk is unavailable
03-10 14:45:26.481 10834 10834 I ModuleManager: ModuleManager$ModuleInitListener.maybeUnloadModuleOnUnavailable():1386 module IGifKeyboardExtension is unavailable
03-10 14:45:26.481 10834 10834 I ModuleManager: ModuleManager$ModuleInitListener.maybeUnloadModuleOnUnavailable():1386 module IStickerExtension is unavailable
03-10 14:45:26.482  2188 15745 I gsl     : gsl_send_spf_cmd:183 rcvd pkt token : 0xf8c
03-10 14:45:26.482 10834 10834 I ModuleManager: ModuleManager$ModuleInitListener.maybeUnloadModuleOnUnavailable():1386 module etr is unavailable
03-10 14:45:26.482  2188 15745 D AGM: graph: graph_stop: 1000 exit, ret 0
03-10 14:45:26.482 10834 10834 I ModuleManager: ModuleManager$ModuleInitListener.maybeUnloadModuleOnUnavailable():1386 module fcx is unavailable
03-10 14:45:26.482 10834 10834 I ModuleManager: ModuleManager$ModuleInitListener.maybeUnloadModuleOnUnavailable():1386 module how is unavailable
03-10 14:45:26.482 10834 10834 I ModuleManager: ModuleManager$ModuleInitListener.maybeUnloadModuleOnUnavailable():1386 module gzb is unavailable
03-10 14:45:26.482 10834 10834 I ModuleManager: ModuleManager$ModuleInitListener.maybeUnloadModuleOnUnavailable():1386 module hzw is unavailable
03-10 14:45:26.482 10834 10834 I ModuleManager: ModuleManager$ModuleInitListener.maybeUnloadModuleOnUnavailable():1386 module nhr is unavailable
03-10 14:45:26.483 10834 10834 I ModuleManager: ModuleManager$ModuleInitListener.maybeUnloadModuleOnUnavailable():1386 module hhx is unavailable
03-10 14:45:26.483 10834 10834 I ModuleManager: ModuleManager$ModuleInitListener.maybeUnloadModuleOnUnavailable():1386 module hid is unavailable
03-10 14:45:26.483 10834 10834 I ModuleManager: ModuleManager$ModuleInitListener.maybeUnloadModuleOnUnavailable():1386 module kts is unavailable
03-10 14:45:26.483 10834 10834 I ModuleManager: ModuleManager$ModuleInitListener.maybeUnloadModuleOnUnavailable():1386 module mtm is unavailable
03-10 14:45:26.483 10834 10834 I AbstractOpenableExtension: AbstractOpenableExtension.maybeDestroyExistingKeyboardGroupManager():534 Destroy existing keyboard group manager in hjj
03-10 14:45:26.484 10834 10834 I ModuleManager: ModuleManager$ModuleInitListener.maybeUnloadModuleOnUnavailable():1386 module IEmojiSearchExtension is unavailable
03-10 14:45:26.484 10834 10834 W NotificationCenter: NotificationCenter$NotificationQueue.notifyPendingNotificationsOnExecutor():877 Heavy notify work detected on UI thread: [miy->nhv, miy->nhv, miy->nhv, miy->nhv, miy->nhv, miy->nhv, miy->nhv, miy->nhv, miy->nhv, miy->nhv, miy->nhv, miy->nhv, miy->nhv, miy->nhv, miy->nhv, miy->nhv, miy->nhv, miy->nhv, miy->nhv, miy->nhv, miy->nhv, neg->nef, neg->nef, neg->nef, neg->nef, neg->nef, neg->nef, neg->nef, neg->nef, neg->nef, neg->nef, neg->nef, neg->nef, neg->nef, neg->nef, neg->nef, neg->nef, neg->nef, kgz->nhv, kgz->nhv, kgz->nhv, kgz->nhv, kgz->nhv, kgz->nhv, kgz->nhv, kgz->nhv, kgz->nhv, neg->nef, neg->nef, neg->nef, neg->nef, neg->nef, neg->nef, neg->nef, neg->nef, neg->nef, neg->nef, neg->nef, neg->nef, neg->nef, neg->nef, neg->nef, neg->nef, neg->nef, neg->nef, neg->nef, neg->nef, neg->nef, neg->nef, neg->nef, neg->nef, neg->nef, neg->nef, neg->nef, neg->nef, neg->nef, neg->nef, neg->nef, neg->nef, neg->nef, neg->nef, neg->nef, neg->nef, neg->nef, neg->nef, neg->nef, neg->nef, neg->nef, neg->nef, neg->nef, neg->nef, neg->nef, neg->nef, neg->nef, neg->nef, neg->nef, neg->nef, neg->nef] takes 55ms
03-10 14:45:26.484 10834 10834 I ModuleManager: ModuleManager$ModuleInitListener.maybeUnloadModuleOnUnavailable():1386 module ehz is unavailable
03-10 14:45:26.484 10834 10834 I ExpressiveConceptsPredictionModuleImpl: ExpressiveConceptsPredictionModuleImpl.onDestroy():80 onDestroy()
03-10 14:45:26.484 10834 10834 I ModuleManager: ModuleManager$ModuleInitListener.maybeUnloadModuleOnUnavailable():1386 module hll is unavailable
03-10 14:45:26.484 10834 10834 I ModuleManager: ModuleManager$ModuleInitListener.maybeUnloadModuleOnUnavailable():1386 module eou is unavailable
03-10 14:45:26.484 10834 10834 I ModuleManager: ModuleManager$ModuleInitListener.maybeUnloadModuleOnUnavailable():1386 module fpp is unavailable
03-10 14:45:26.484 10834 10834 I ModuleManager: ModuleManager$ModuleInitListener.maybeUnloadModuleOnUnavailable():1386 module ndq is unavailable
03-10 14:45:26.484 10834 10834 I ModuleManager: ModuleManager$ModuleInitListener.maybeUnloadModuleOnUnavailable():1386 module lgk is unavailable
03-10 14:45:26.484 10834 10834 I ModuleManager: ModuleManager$ModuleInitListener.maybeUnloadModuleOnUnavailable():1386 module lvf is unavailable
03-10 14:45:26.485 10834 10834 I ModuleManager: ModuleManager$ModuleInitListener.maybeUnloadModuleOnUnavailable():1386 module mar is unavailable
03-10 14:45:26.485 10834 10834 I ModuleManager: ModuleManager$ModuleInitListener.maybeUnloadModuleOnUnavailable():1386 module ndj is unavailable
03-10 14:45:26.485 10834 10834 I ModuleManager: ModuleManager$ModuleInitListener.maybeUnloadModuleOnUnavailable():1386 module nuv is unavailable
03-10 14:45:26.485 10834 10834 I ModuleManager: ModuleManager$ModuleInitListener.maybeUnloadModuleOnUnavailable():1386 module okt is unavailable
03-10 14:45:26.485 10834 10834 I ModuleManager: ModuleManager$ModuleInitListener.maybeUnloadModuleOnUnavailable():1386 module lgl is unavailable
03-10 14:45:26.486  2188 15745 I gsl     : gsl_send_spf_cmd:169 Wait for Rsp opcode[0x100100e] src_port[0x2012] dst_port[0x4019] token 0xf8d
03-10 14:45:26.486  2188 15745 I gsl     : gsl_send_spf_cmd:183 rcvd pkt token : 0xf8d
03-10 14:45:26.486 10834 10834 I GoogleInputMethodService: GoogleInputMethodService.onDestroy():968 Maybe update OEM display config because of service destruction
03-10 14:45:26.486  2067  8157 I PAL: ResourceManager: voteSleepMonitor: 1439: Enter for stream type 2
03-10 14:45:26.486  2067  8157 I PAL: ResourceManager: voteSleepMonitor: 1491: Unvoting done for nlpi use case, lpi votes 0, nlpi votes : 1
03-10 14:45:26.487  2067  8157 I PAL: SpeakerProtection: spkrProtSetSpkrStatus: 242: Speaker used last time 98282
03-10 14:45:26.487  2188  5040 D AGM: graph: graph_stop: 955 entry graph_handle 0x147534c
03-10 14:45:26.487  2188  5040 I gsl     : gsl_send_spf_cmd:169 Wait for Rsp opcode[0x1001003] src_port[0x2011] dst_port[0x1] token 0xf8e
03-10 14:45:26.487 10834 10834 I DeviceModeModule: DeviceModeModule.calculateAndNotify():197 Window metrics is not available, fallback to app context.
03-10 14:45:26.488 10834 10834 I DeviceModeModule: DeviceModeModule.calculateAndNotify():224 Device mode 'phone' from display metrics 'DisplayMetrics{density=0.0, width=1080, height=2640, scaledDensity=0.0, xdpi=397.565, ydpi=435.428}' or smallestScreenWidthDp: 411
03-10 14:45:26.488 10834 10834 I GoogleInputMethodService: GoogleInputMethodService.clearInputMethodServiceData():1030 clearInputMethodServiceData for onDestroy
03-10 14:45:26.488  2188  5040 I gsl     : gsl_send_spf_cmd:183 rcvd pkt token : 0xf8e
03-10 14:45:26.488  2188  5040 D AGM: graph: graph_stop: 1000 exit, ret 0
03-10 14:45:26.488  2188  5040 I AGM: API: agm_session_aif_connect: 651 disconnecting aifid:11 with session id=121
03-10 14:45:26.488  2188  5040 D AGM: graph: graph_stop: 955 entry graph_handle 0x147534c
03-10 14:45:26.488  2188  5040 D AGM: metadata: metadata_print: 263 *************************Metadata*************************
03-10 14:45:26.488  2188  5040 D AGM: metadata: metadata_print: 264 GKV size:1
03-10 14:45:26.488  2188  5040 D AGM: metadata: metadata_print: 267 key:0xa3000000, value:0xa3000009(VI_TX)
03-10 14:45:26.488  2188  5040 D AGM: metadata: metadata_print: 271 
03-10 14:45:26.488  2188  5040 D AGM: metadata: CKV count:1
03-10 14:45:26.488  2188  5040 D AGM: metadata: metadata_print: 274 key:0xbf000000, value:0x2 
03-10 14:45:26.488  2188  5040 D AGM: metadata: metadata_print: 276 
03-10 14:45:26.489  2188  5040 D AGM: metadata: metadata_print: 278 Property ID:134217744
03-10 14:45:26.489  2188  5040 D AGM: metadata: metadata_print: 279 property count:1
03-10 14:45:26.489  2188  5040 D AGM: metadata: metadata_print: 282 Property Values: 
03-10 14:45:26.489  2188  5040 D AGM: metadata: metadata_print: 284 0x2 
03-10 14:45:26.489  2188  5040 D AGM: metadata: metadata_print: 286 
03-10 14:45:26.489  2188  5040 D AGM: metadata: metadata_print: 287 ****************Metadata Done***************************
03-10 14:45:26.489  2188  5040 D AGM: metadata: 
03-10 14:45:26.489  2188  5040 I gsl     : gsl_graph_close_sgids_and_connections:2057 num_sgid= 1
03-10 14:45:26.489  2188  5040 I gsl     : gsl_graph_close_sgids_and_connections:2058 sg list:
03-10 14:45:26.489  2188  5040 I gsl     : gsl_graph_close_sgids_and_connections:2060 b00000d5
03-10 14:45:26.489  2188  5040 I gsl     : gsl_print_sg_conn_info:186 num_sg_conn = 0
03-10 14:45:26.489  2188  5040 I gsl     : gsl_send_spf_cmd:169 Wait for Rsp opcode[0x1001004] src_port[0x2011] dst_port[0x1] token 0xf8f
03-10 14:45:26.489 10834 10834 I GoogleInputMethodService: GoogleInputMethodService.discardAllKeyboardViewAndInputView():1262 discardAllKeyboardViewAndInputView()
03-10 14:45:26.489  2188  5040 I gsl     : gsl_send_spf_cmd:183 rcvd pkt token : 0xf8f
03-10 14:45:26.489  2188  5040 D AGM: graph: graph_stop: 1000 exit, ret 0
03-10 14:45:26.492  2188  5040 I AGM: device: device_set_metadata: 691 Setting device metadata for CODEC_DMA-LPAIF_WSA-TX-0
03-10 14:45:26.492  2188  5040 D AGM: metadata: metadata_print: 263 *************************Metadata*************************
03-10 14:45:26.492  2188  5040 D AGM: metadata: metadata_print: 264 GKV size:0
03-10 14:45:26.492  2188  5040 D AGM: metadata: metadata_print: 271 
03-10 14:45:26.492  2188  5040 D AGM: metadata: CKV count:0
03-10 14:45:26.492  2188  5040 D AGM: metadata: metadata_print: 276 
03-10 14:45:26.492  2188  5040 D AGM: metadata: metadata_print: 278 Property ID:134217744
03-10 14:45:26.492  2188  5040 D AGM: metadata: metadata_print: 279 property count:2
03-10 14:45:26.492  2188  5040 D AGM: metadata: metadata_print: 282 Property Values: 
03-10 14:45:26.492  2188  5040 D AGM: metadata: metadata_print: 284 0x2 
03-10 14:45:26.492  2188  5040 D AGM: metadata: metadata_print: 284 0x5 
03-10 14:45:26.492  2188  5040 D AGM: metadata: metadata_print: 286 
03-10 14:45:26.492  2188  5040 D AGM: metadata: metadata_print: 287 ****************Metadata Done***************************
03-10 14:45:26.492  2188  5040 D AGM: metadata: 
03-10 14:45:26.492  2067  8157 I PAL: ResourceManager: freeFrontEndIds: 6212: stream type 1, freeing 121
03-10 14:45:26.492  2188 15745 D AGM: session: session_close: 1267 enter
03-10 14:45:26.492  2188 15745 D AGM: graph: graph_close: 791 entry handle 0x147534c
03-10 14:45:26.492  2188 15745 D AGM: graph: graph_close: 811 exit, ret 0
03-10 14:45:26.492  2188 15745 D AGM: session: session_close: 1316 exit, ret 0
03-10 14:45:26.492  2067  8157 I PAL: API: pal_stream_stop: 373: Exit. status 0
03-10 14:45:26.493  2067  8157 I PAL: API: pal_stream_close: 236: Enter. Stream handle :0xb400007ca404daf0K
03-10 14:45:26.493  2188  5040 I AGM: API: agm_session_aif_connect: 651 disconnecting aifid:8 with session id=117
03-10 14:45:26.493  2188  5040 D AGM: graph: graph_stop: 955 entry graph_handle 0x247534c
03-10 14:45:26.493  2188  5040 D AGM: metadata: metadata_print: 263 *************************Metadata*************************
03-10 14:45:26.493  2188  5040 D AGM: metadata: metadata_print: 264 GKV size:4
03-10 14:45:26.493  2188  5040 D AGM: metadata: metadata_print: 267 key:0xa1000000, value:0xa1000001(PCM_DEEP_BUFFER)
03-10 14:45:26.493  2188  5040 D AGM: metadata: metadata_print: 267 key:0xab000000, value:0x1( )
03-10 14:45:26.493  2188  5040 D AGM: metadata: metadata_print: 267 key:0xa2000000, value:0xa2000001(SPEAKER)
03-10 14:45:26.493  2188  5040 D AGM: metadata: metadata_print: 267 key:0xac000000, value:0xac000002(DEVICEPP_RX_AUDIO_MBDRC)
03-10 14:45:26.493  2188  5040 D AGM: metadata: metadata_print: 271 
03-10 14:45:26.493  2188  5040 D AGM: metadata: CKV count:6
03-10 14:45:26.493  2188  5040 D AGM: metadata: metadata_print: 274 key:0xa4000000, value:0x0 
03-10 14:45:26.493  2188  5040 D AGM: metadata: metadata_print: 274 key:0xe4000000, value:0x0 
03-10 14:45:26.493  2188  5040 D AGM: metadata: metadata_print: 274 key:0xe5000000, value:0x1 
03-10 14:45:26.493  2188  5040 D AGM: metadata: metadata_print: 274 key:0xe6000000, value:0x0 
03-10 14:45:26.493  2188  5040 D AGM: metadata: metadata_print: 274 key:0xd2000000, value:0x0 
03-10 14:45:26.493  2188  5040 D AGM: metadata: metadata_print: 274 key:0xbe000000, value:0x3 
03-10 14:45:26.493  2188  5040 D AGM: metadata: metadata_print: 276 
03-10 14:45:26.493  2188  5040 D AGM: metadata: metadata_print: 278 Property ID:134217744
03-10 14:45:26.493  2188  5040 D AGM: metadata: metadata_print: 279 property count:3
03-10 14:45:26.493  2188  5040 D AGM: metadata: metadata_print: 282 Property Values: 
03-10 14:45:26.493  2188  5040 D AGM: metadata: metadata_print: 284 0x3 
03-10 14:45:26.493  2188  5040 D AGM: metadata: metadata_print: 284 0x2 
03-10 14:45:26.493  2188  5040 D AGM: metadata: metadata_print: 284 0x5 
03-10 14:45:26.493  2188  5040 D AGM: metadata: metadata_print: 286 
03-10 14:45:26.493  2188  5040 D AGM: metadata: metadata_print: 287 ****************Metadata Done***************************
03-10 14:45:26.493  2188  5040 D AGM: metadata: 
03-10 14:45:26.493  2188  5040 I gsl     : gsl_graph_close_sgids_and_connections:2057 num_sgid= 3
03-10 14:45:26.493  2188  5040 I gsl     : gsl_graph_close_sgids_and_connections:2058 sg list:
03-10 14:45:26.493  2188  5040 I gsl     : gsl_graph_close_sgids_and_connections:2060 b0000002
03-10 14:45:26.493  2188  5040 I gsl     : gsl_graph_close_sgids_and_connections:2060 b0000008
03-10 14:45:26.493  2188  5040 I gsl     : gsl_graph_close_sgids_and_connections:2060 b000001c
03-10 14:45:26.493  2188  5040 I gsl     : gsl_print_sg_conn_info:186 num_sg_conn = 3
03-10 14:45:26.493  2188  5040 I gsl     : gsl_print_sg_conn_info:188 sg b0000008 has 1 children:
03-10 14:45:26.493  2188  5040 I gsl     : gsl_print_sg_conn_info:191 b0000002, 
03-10 14:45:26.493  2188  5040 I gsl     : gsl_print_sg_conn_info:188 sg b000001c has 1 children:
03-10 14:45:26.493  2188  5040 I gsl     : gsl_print_sg_conn_info:191 b0000008, 
03-10 14:45:26.493  2188  5040 I gsl     : gsl_print_sg_conn_info:188 sg b0000001 has 1 children:
03-10 14:45:26.493  2188  5040 I gsl     : gsl_print_sg_conn_info:191 b000001c, 
03-10 14:45:26.493  2188  5040 I gsl     : gsl_send_spf_cmd:169 Wait for Rsp opcode[0x1001004] src_port[0x2012] dst_port[0x1] token 0xf90
03-10 14:45:26.494 10834 10834 I InputMethodEntryManager: InputMethodEntryManager.notifyCurrentInputMethodEntryOnContextChanged():545 notifyCurrentInputMethodEntryOnContextChanged()
