03-10 14:44:40.560 20044 20044 I ThermalEngine: weights
03-10 14:44:40.560 20044 20044 I ThermalEngine: trip_sensor nspss-0 nspss-1 nspss-2 gpuss-0 gpuss-1 camera-0 camera-1 mdmss-0 mdmss-1 mdmss-2 mdmss-3 video
03-10 14:44:40.560 20044 20044 I ThermalEngine: trip_sensor_logic || || || || || || || || || || ||
03-10 14:44:40.560 20044 20044 I ThermalEngine: thresholds 100000 100000 100000 100000 100000 100000 100000 100000 100000 100000 100000 100000
03-10 14:44:40.560 20044 20044 I ThermalEngine: thresholds_clr 90000 90000 90000 90000 90000 90000 90000 90000 90000 90000 90000 90000
03-10 14:44:40.560 20044 20044 I ThermalEngine: offsets
03-10 14:44:40.560 20044 20044 I ThermalEngine: sampling 10
03-10 14:44:40.560 20044 20044 I ThermalEngine: math 2
03-10 14:44:40.560 20044 20044 I ThermalEngine: ambient_value
03-10 14:44:40.560 20044 20044 I ThermalEngine: rise_value
03-10 14:44:40.560 20044 20044 I ThermalEngine: [VIRTUAL-CPU-GOLD-TJ-SHUTDOWN]
03-10 14:44:40.560 20044 20044 I ThermalEngine: #algo_type virtual
03-10 14:44:40.560 20044 20044 I ThermalEngine: sensors cpu-1-0 cpu-1-1 cpu-1-2 cpu-1-3 cpu-1-4 cpu-1-5 cpu-1-6 cpu-1-7
03-10 14:44:40.560 20044 20044 I ThermalEngine: weights
03-10 14:44:40.560 20044 20044 I ThermalEngine: trip_sensor cpu-1-0 cpu-1-1 cpu-1-2 cpu-1-3 cpu-1-4 cpu-1-5 cpu-1-6 cpu-1-7
03-10 14:44:40.560 20044 20044 I ThermalEngine: trip_sensor_logic || || || || || || ||
03-10 14:44:40.560 20044 20044 I ThermalEngine: thresholds 115000 115000 115000 115000 115000 115000 115000 115000
03-10 14:44:40.560 20044 20044 I ThermalEngine: thresholds_clr 100000 100000 100000 100000 100000 100000 100000 100000
03-10 14:44:40.560 20044 20044 I ThermalEngine: offsets
03-10 14:44:40.560 20044 20044 I ThermalEngine: sampling 10
03-10 14:44:40.560 20044 20044 I ThermalEngine: math 2
03-10 14:44:40.560 20044 20044 I ThermalEngine: ambient_value
03-10 14:44:40.560 20044 20044 I ThermalEngine: rise_value
03-10 14:44:40.560 20044 20044 I ThermalEngine: [VIRTUAL-CPU-TJ-SHUTDOWN]
03-10 14:44:40.560 20044 20044 I ThermalEngine: #algo_type virtual
03-10 14:44:40.560 20044 20044 I ThermalEngine: sensors cpu-0-0 cpu-0-1 cpu-0-2 cpu-0-3 cpuss-0 cpuss-1
03-10 14:44:40.560 20044 20044 I ThermalEngine: weights
03-10 14:44:40.560 20044 20044 I ThermalEngine: trip_sensor cpu-0-0 cpu-0-1 cpu-0-2 cpu-0-3 cpuss-0 cpuss-1
03-10 14:44:40.560 20044 20044 I ThermalEngine: trip_sensor_logic || || || || ||
03-10 14:44:40.560 20044 20044 I ThermalEngine: thresholds 115000 115000 115000 115000 115000 115000
03-10 14:44:40.560 20044 20044 I ThermalEngine: thresholds_clr 100000 100000 100000 100000 100000 100000
03-10 14:44:40.560 20044 20044 I ThermalEngine: offsets
03-10 14:44:40.560 20044 20044 I ThermalEngine: sampling 10
03-10 14:44:40.560 20044 20044 I ThermalEngine: math 2
03-10 14:44:40.560 20044 20044 I ThermalEngine: ambient_value
03-10 14:44:40.560 20044 20044 I ThermalEngine: rise_value
03-10 14:44:40.560 20044 20044 I ThermalEngine: [VIRTUAL-NSP-TJ-SHUTDOWN]
03-10 14:44:40.560 20044 20044 I ThermalEngine: #algo_type virtual
03-10 14:44:40.560 20044 20044 I ThermalEngine: sensors nspss-0 nspss-1 nspss-2
03-10 14:44:40.560 20044 20044 I ThermalEngine: weights
03-10 14:44:40.560 20044 20044 I ThermalEngine: trip_sensor nspss-0 nspss-1 nspss-2
03-10 14:44:40.560 20044 20044 I ThermalEngine: trip_sensor_logic || ||
03-10 14:44:40.560 20044 20044 I ThermalEngine: thresholds 115000 115000 115000
03-10 14:44:40.560 20044 20044 I ThermalEngine: thresholds_clr 100000 100000 100000
03-10 14:44:40.560 20044 20044 I ThermalEngine: offsets
03-10 14:44:40.560 20044 20044 I ThermalEngine: sampling 10
03-10 14:44:40.560 20044 20044 I ThermalEngine: math 2
03-10 14:44:40.560 20044 20044 I ThermalEngine: ambient_value
03-10 14:44:40.560 20044 20044 I ThermalEngine: rise_value
03-10 14:44:40.560 20044 20044 I ThermalEngine: [VIRTUAL-MDM-TJ-SHUTDOWN]
03-10 14:44:40.560 20044 20044 I ThermalEngine: #algo_type virtual
03-10 14:44:40.560 20044 20044 I ThermalEngine: sensors mdmss-0 mdmss-1 mdmss-2 mdmss-3
03-10 14:44:40.560 20044 20044 I ThermalEngine: weights
03-10 14:44:40.560 20044 20044 I ThermalEngine: trip_sensor mdmss-0 mdmss-1 mdmss-2 mdmss-3
03-10 14:44:40.560 20044 20044 I ThermalEngine: trip_sensor_logic || || ||
03-10 14:44:40.560 20044 20044 I ThermalEngine: thresholds 115000 115000 115000 115000
03-10 14:44:40.560 20044 20044 I ThermalEngine: thresholds_clr 100000 100000 100000 100000
03-10 14:44:40.560 20044 20044 I ThermalEngine: offsets
03-10 14:44:40.560 20044 20044 I ThermalEngine: sampling 10
03-10 14:44:40.560 20044 20044 I ThermalEngine: math 2
03-10 14:44:40.560 20044 20044 I ThermalEngine: ambient_value
03-10 14:44:40.560 20044 20044 I ThermalEngine: rise_value
03-10 14:44:40.560 20044 20044 I ThermalEngine: [VIRTUAL-MM-TJ-SHUTDOWN]
03-10 14:44:40.560 20044 20044 I ThermalEngine: #algo_type virtual
03-10 14:44:40.560 20044 20044 I ThermalEngine: sensors gpuss-0 gpuss-1 video ddr camera-0 camera-1
03-10 14:44:40.560 20044 20044 I ThermalEngine: weights
03-10 14:44:40.560 20044 20044 I ThermalEngine: trip_sensor gpuss-0 gpuss-1 video ddr camera-0 camera-1
03-10 14:44:40.560 20044 20044 I ThermalEngine: trip_sensor_logic || || || || ||
03-10 14:44:40.560 20044 20044 I ThermalEngine: thresholds 115000 115000 115000 115000 115000 115000
03-10 14:44:40.560 20044 20044 I ThermalEngine: thresholds_clr 100000 100000 100000 100000 100000 100000
03-10 14:44:40.560 20044 20044 I ThermalEngine: offsets
03-10 14:44:40.560 20044 20044 I ThermalEngine: sampling 10
03-10 14:44:40.560 20044 20044 I ThermalEngine: math 2
03-10 14:44:40.560 20044 20044 I ThermalEngine: ambient_value
03-10 14:44:40.560 20044 20044 I ThermalEngine: rise_value
03-10 14:44:40.560 20044 20044 I ThermalEngine: [VIRTUAL-PMIC-ALARM-SHUTDOWN]
03-10 14:44:40.560 20044 20044 I ThermalEngine: #algo_type virtual
03-10 14:44:40.560 20044 20044 I ThermalEngine: sensors pm7325_tz pm8350c_tz
03-10 14:44:40.560 20044 20044 I ThermalEngine: weights
03-10 14:44:40.560 19546 19546 W RemoteInputConnectionImpl: requestCursorUpdates on inactive InputConnection
03-10 14:44:40.560 20044 20044 I ThermalEngine: trip_sensor pm7325_tz pm8350c_tz
03-10 14:44:40.560 20044 20044 I ThermalEngine: trip_sensor_logic ||
03-10 14:44:40.560 20044 20044 I ThermalEngine: thresholds 115000 115000
03-10 14:44:40.560 20044 20044 I ThermalEngine: thresholds_clr 100000 100000
03-10 14:44:40.560 20044 20044 I ThermalEngine: offsets
03-10 14:44:40.560 20044 20044 I ThermalEngine: sampling 10
03-10 14:44:40.560 20044 20044 I ThermalEngine: math 2
03-10 14:44:40.560 20044 20044 I ThermalEngine: ambient_value
03-10 14:44:40.560 20044 20044 I ThermalEngine: rise_value
03-10 14:44:40.560 20044 20044 I ThermalEngine: [FRONT_TEMP]
03-10 14:44:40.560 20044 20044 I ThermalEngine: algo_type virtual
03-10 14:44:40.560 20044 20044 I ThermalEngine: sensors msm-therm cam-therm quiet-therm mchg-therm
03-10 14:44:40.560 20044 20044 I ThermalEngine: weights 22 26 39 13
03-10 14:44:40.560 20044 20044 I ThermalEngine: trip_sensor msm-therm
03-10 14:44:40.560 20044 20044 I ThermalEngine: thresholds -18000
03-10 14:44:40.560 20044 20044 I ThermalEngine: thresholds_clr -20000
03-10 14:44:40.560 20044 20044 I ThermalEngine: offsets -2000 0 0 0
03-10 14:44:40.560 20044 20044 I ThermalEngine: sampling 5000
03-10 14:44:40.560 20044 20044 I ThermalEngine: math 0
03-10 14:44:40.560 20044 20044 I ThermalEngine: sys_temp
03-10 14:44:40.560 20044 20044 I ThermalEngine: ambient_value
03-10 14:44:40.560 20044 20044 I ThermalEngine: rise_value
03-10 14:44:40.560 20044 20044 I ThermalEngine: [BACK_TEMP]
03-10 14:44:40.560 20044 20044 I ThermalEngine: algo_type virtual
03-10 14:44:40.560 20044 20044 I ThermalEngine: sensors msm-therm cam-therm quiet-therm mchg-therm
03-10 14:44:40.560 20044 20044 I ThermalEngine: weights 22 26 39 13
03-10 14:44:40.560 20044 20044 I ThermalEngine: trip_sensor msm-therm
03-10 14:44:40.560 20044 20044 I ThermalEngine: thresholds -18000
03-10 14:44:40.560 20044 20044 I ThermalEngine: thresholds_clr -20000
03-10 14:44:40.560 20044 20044 I ThermalEngine: offsets -2000 0 0 0
03-10 14:44:40.560 20044 20044 I ThermalEngine: sampling 5000
03-10 14:44:40.560 20044 20044 I ThermalEngine: math 0
03-10 14:44:40.560 20044 20044 I ThermalEngine: sys_temp
03-10 14:44:40.560 20044 20044 I ThermalEngine: ambient_value
03-10 14:44:40.560 20044 20044 I ThermalEngine: rise_value
03-10 14:44:40.560 20044 20044 I ThermalEngine: [FUSE_TEMP]
03-10 14:44:40.560 20044 20044 I ThermalEngine: algo_type virtual
03-10 14:44:40.560 20044 20044 I ThermalEngine: sensors msm-therm cam-therm quiet-therm mchg-therm
03-10 14:44:40.560 20044 20044 I ThermalEngine: weights 20 32 39 9
03-10 14:44:40.560 20044 20044 I ThermalEngine: trip_sensor msm-therm
03-10 14:44:40.560 20044 20044 I ThermalEngine: thresholds -18000
03-10 14:44:40.560 20044 20044 I ThermalEngine: thresholds_clr -20000
03-10 14:44:40.560 20044 20044 I ThermalEngine: offsets 0 0 0 0
03-10 14:44:40.560 20044 20044 I ThermalEngine: sampling 2000
03-10 14:44:40.560 20044 20044 I ThermalEngine: math 0
03-10 14:44:40.560 20044 20044 I ThermalEngine: sys_temp
03-10 14:44:40.560 20044 20044 I ThermalEngine: ambient_value
03-10 14:44:40.560 20044 20044 I ThermalEngine: rise_value
03-10 14:44:40.560 20044 20044 I ThermalEngine: [BCHG_TEMP]
03-10 14:44:40.560 20044 20044 I ThermalEngine: algo_type virtual
03-10 14:44:40.560 20044 20044 I ThermalEngine: sensors msm-therm cam-therm quiet-therm mchg-therm
03-10 14:44:40.560 20044 20044 I ThermalEngine: weights 22 26 39 13
03-10 14:44:40.560 20044 20044 I ThermalEngine: trip_sensor msm-therm
03-10 14:44:40.560 20044 20044 I ThermalEngine: thresholds -18000
03-10 14:44:40.560 20044 20044 I ThermalEngine: thresholds_clr -20000
03-10 14:44:40.560 20044 20044 I ThermalEngine: offsets 0 0 0 0
03-10 14:44:40.560 20044 20044 I ThermalEngine: sampling 2000
03-10 14:44:40.560 20044 20044 I ThermalEngine: math 0
03-10 14:44:40.560 20044 20044 I ThermalEngine: ambient_value
03-10 14:44:40.560 20044 20044 I ThermalEngine: rise_value
03-10 14:44:40.560 20044 20044 I ThermalEngine: [FRONT_MDM]
03-10 14:44:40.560 20044 20044 I ThermalEngine: algo_type virtual
03-10 14:44:40.560 20044 20044 I ThermalEngine: sensors msm-therm cam-therm quiet-therm mchg-therm
03-10 14:44:40.560 20044 20044 I ThermalEngine: weights 20 32 39 9
03-10 14:44:40.560 20044 20044 I ThermalEngine: trip_sensor mdmss-0 mdmss-1 mdmss-2 mdmss-3
03-10 14:44:40.560 20044 20044 I ThermalEngine: trip_sensor_logic || || ||
03-10 14:44:40.560 20044 20044 I ThermalEngine: thresholds 65000 65000 65000 65000
03-10 14:44:40.560 20044 20044 I ThermalEngine: thresholds_clr 40000 40000 40000 40000
03-10 14:44:40.560 20044 20044 I ThermalEngine: offsets 1000 0 0 0
03-10 14:44:40.560 20044 20044 I ThermalEngine: sampling 2000
03-10 14:44:40.560 20044 20044 I ThermalEngine: math 0
03-10 14:44:40.560 20044 20044 I ThermalEngine: ambient_value
03-10 14:44:40.560 20044 20044 I ThermalEngine: rise_value
03-10 14:44:40.560 20044 20044 I ThermalEngine: [BCAM_TEMP]
03-10 14:44:40.560 20044 20044 I ThermalEngine: algo_type virtual
03-10 14:44:40.560 20044 20044 I ThermalEngine: sensors msm-therm cam-therm quiet-therm mchg-therm
03-10 14:44:40.560 20044 20044 I ThermalEngine: weights 22 26 39 13
03-10 14:44:40.560 20044 20044 I ThermalEngine: trip_sensor msm-therm
03-10 14:44:40.560 20044 20044 I ThermalEngine: thresholds -18000
03-10 14:44:40.560 20044 20044 I ThermalEngine: thresholds_clr -20000
03-10 14:44:40.560 20044 20044 I ThermalEngine: offsets 1500 0 0 0
03-10 14:44:40.560 20044 20044 I ThermalEngine: sampling 2000
03-10 14:44:40.560 20044 20044 I ThermalEngine: math 0
03-10 14:44:40.560 20044 20044 I ThermalEngine: ambient_value
03-10 14:44:40.560 20044 20044 I ThermalEngine: rise_value
03-10 14:44:40.560 20044 20044 I ThermalEngine: [DETECT-STANDBY]
03-10 14:44:40.560 20044 20044 I ThermalEngine: algo_type virtual
03-10 14:44:40.560 20044 20044 I ThermalEngine: sensors cpu_utilization lcd_brightness_value
03-10 14:44:40.560 19546 19546 E ImeBackDispatcher: Ime callback not found. Ignoring unregisterReceivedCallback. callbackId: 194556701
03-10 14:44:40.561 19546 19546 D InsetsController: hide(ime(), fromIme=true)
03-10 14:44:40.562 19546 19546 I ImeTracker: com.peacocktv.peacockandroid:70c32cdd: onCancelled at PHASE_CLIENT_APPLY_ANIMATION
03-10 14:44:40.564  3163  7023 E WindowManager: Dream packageName does not match active dream. Package com.motorola.mobiledesktop does not match ComponentInfo{com.android.systemui/com.android.systemui.doze.DozeService}
03-10 14:44:40.565  5625  5625 I MotoDozeSensor: Tap to wake up enable: true
03-10 14:44:40.570  5625  5625 D DozeTriggers: shouldregisterTapSensor:  zeroTapEnabled=false
03-10 14:44:40.574  5625  5625 E MotoDozeSensorTypeBuilder: This sensor type(25) is not supported.
03-10 14:44:40.574  5625  5625 E MotoDozeSensorTypeBuilder: This sensor type(65596) is not supported.
03-10 14:44:40.574  5625  5625 V DreamService[DozeService]: onBind() intent = Intent { act=android.service.dreams.DreamService flg=0x800000 cmp=com.android.systemui/.doze.DozeService (has extras) }
03-10 14:44:40.578  7545  7545 I FileStationLog: [ FS_h$a ] - [Display] Changed display: 0
03-10 14:44:40.579  7545  7545 I FileStationLog: [ FS_h ] - [Logic] Retrieved display info: LogicDisplayInfo(width=1080, height=2640, orientation=1, rotation=0, displayId=0)
03-10 14:44:40.579  7545  7545 I FileStationLog: [ FS_h$a ] - [Display] New logical size: 1080x2640
03-10 14:44:40.579  7545  7545 I FileStationLog: [ FS_h$a ] - [Display] Screen width unchanged: 1080
03-10 14:44:40.585  3706  3728 I android.hardware.thermal@2.0-service.qti-v2: Sensor Name:GPU0 temp: 42.4. prev severity:0. cur severity:0 New severity:0
03-10 14:44:40.585  3706  3728 I android.hardware.thermal@2.0-service.qti-v2: Sensor Name:GPU1 temp: 42. prev severity:0. cur severity:0 New severity:0
03-10 14:44:40.586  3706  3728 I android.hardware.thermal@2.0-service.qti-v2: Sensor Name:nsp0 temp: 42.4. prev severity:0. cur severity:0 New severity:0
03-10 14:44:40.586  3706  3728 I android.hardware.thermal@2.0-service.qti-v2: Sensor Name:nsp1 temp: 42.7. prev severity:0. cur severity:0 New severity:0
03-10 14:44:40.586  3706  3728 I android.hardware.thermal@2.0-service.qti-v2: Sensor Name:nsp2 temp: 43.1. prev severity:0. cur severity:0 New severity:0
03-10 14:44:40.587  3706  3728 I android.hardware.thermal@2.0-service.qti-v2: Sensor Name:CPU0 temp: 49.2. prev severity:0. cur severity:0 New severity:0
03-10 14:44:40.587  3706  3728 I android.hardware.thermal@2.0-service.qti-v2: Sensor Name:CPU1 temp: 50.3. prev severity:0. cur severity:0 New severity:0
03-10 14:44:40.587  3706  3728 I android.hardware.thermal@2.0-service.qti-v2: Sensor Name:CPU2 temp: 48.9. prev severity:0. cur severity:0 New severity:0
03-10 14:44:40.587  3706  3728 I android.hardware.thermal@2.0-service.qti-v2: Sensor Name:CPU3 temp: 49.9. prev severity:0. cur severity:0 New severity:0
03-10 14:44:40.588  3706  3728 I android.hardware.thermal@2.0-service.qti-v2: Sensor Name:CPU4 temp: 49.9. prev severity:0. cur severity:0 New severity:0
03-10 14:44:40.588  3706  3728 I android.hardware.thermal@2.0-service.qti-v2: Sensor Name:CPU5 temp: 49.9. prev severity:0. cur severity:0 New severity:0
03-10 14:44:40.588  3706  3728 I android.hardware.thermal@2.0-service.qti-v2: Sensor Name:CPU6 temp: 50.9. prev severity:0. cur severity:0 New severity:0
03-10 14:44:40.588  3706  3728 I android.hardware.thermal@2.0-service.qti-v2: Sensor Name:CPU7 temp: 46.8. prev severity:0. cur severity:0 New severity:0
03-10 14:44:40.589  3706  3728 I android.hardware.thermal@2.0-service.qti-v2: Sensor Name:nsp0 temp: 42.4. prev severity:0. cur severity:0 New severity:0
03-10 14:44:40.589  3706  3728 I android.hardware.thermal@2.0-service.qti-v2: Sensor Name:nsp1 temp: 42.7. prev severity:0. cur severity:0 New severity:0
03-10 14:44:40.589  3706  3728 I android.hardware.thermal@2.0-service.qti-v2: Sensor Name:nsp2 temp: 43.1. prev severity:0. cur severity:0 New severity:0
03-10 14:44:40.589  3706  3728 I android.hardware.thermal@2.0-service.qti-v2: Sensor Name:GPU0 temp: 42.7. prev severity:0. cur severity:0 New severity:0
03-10 14:44:40.589  3706  3728 I android.hardware.thermal@2.0-service.qti-v2: Sensor Name:GPU1 temp: 41.7. prev severity:0. cur severity:0 New severity:0
03-10 14:44:40.590 20044 20044 I ThermalEngine: Loading configuration file /vendor/etc/thermal-engine-lynkco-cli.conf
03-10 14:44:40.590 20044 20044 I ThermalEngine: Parsing section global
03-10 14:44:40.590 20044 20044 I ThermalEngine: Created section 'REPORT-FRONT'
03-10 14:44:40.590 20044 20044 I ThermalEngine: Algo Type 'monitor'
03-10 14:44:40.590 20044 20044 I ThermalEngine: Parsing section REPORT-FRONT
03-10 14:44:40.590 20044 20044 I ThermalEngine: Found field 'sampling'
03-10 14:44:40.590 20044 20044 I ThermalEngine: Found field 'sensor'
03-10 14:44:40.590 20044 20044 I ThermalEngine: Found field 'thresholds'
03-10 14:44:40.590 20044 20044 I ThermalEngine: Found field 'thresholds_clr'
03-10 14:44:40.590 20044 20044 I ThermalEngine: Found field 'actions'
03-10 14:44:40.590 20044 20044 I ThermalEngine: Found field 'action_info'
03-10 14:44:40.590 20044 20044 I ThermalEngine: Created section 'REPORT-BACK'
03-10 14:44:40.590 20044 20044 I ThermalEngine: Algo Type 'monitor'
03-10 14:44:40.590 20044 20044 I ThermalEngine: Parsing section REPORT-BACK
03-10 14:44:40.590 20044 20044 I ThermalEngine: Found field 'sampling'
03-10 14:44:40.590 20044 20044 I ThermalEngine: Found field 'sensor'
03-10 14:44:40.590 20044 20044 I ThermalEngine: Found field 'thresholds'
03-10 14:44:40.590 20044 20044 I ThermalEngine: Found field 'thresholds_clr'
03-10 14:44:40.590 20044 20044 I ThermalEngine: Found field 'actions'
03-10 14:44:40.590 20044 20044 I ThermalEngine: Found field 'action_info'
03-10 14:44:40.590 20044 20044 I ThermalEngine: Created section 'MONITOR-CAMERA'
03-10 14:44:40.590 20044 20044 I ThermalEngine: Algo Type 'monitor'
03-10 14:44:40.590 20044 20044 I ThermalEngine: Parsing section MONITOR-CAMERA
03-10 14:44:40.590 20044 20044 I ThermalEngine: Found field 'sampling'
03-10 14:44:40.590 20044 20044 I ThermalEngine: Found field 'sensor'
03-10 14:44:40.590 20044 20044 I ThermalEngine: Found field 'thresholds'
03-10 14:44:40.590 20044 20044 I ThermalEngine: Found field 'thresholds_clr'
03-10 14:44:40.590 20044 20044 I ThermalEngine: Found field 'actions'
03-10 14:44:40.590 20044 20044 I ThermalEngine: Found field 'action_info'
03-10 14:44:40.590 20044 20044 I ThermalEngine: Created section 'OVERRIDE-CHG'
03-10 14:44:40.590 20044 20044 I ThermalEngine: Algo Type 'monitor'
03-10 14:44:40.590 20044 20044 I ThermalEngine: Parsing section OVERRIDE-CHG
03-10 14:44:40.590 20044 20044 I ThermalEngine: Found field 'sampling'
03-10 14:44:40.590 20044 20044 I ThermalEngine: Found field 'sensor'
03-10 14:44:40.590 20044 20044 I ThermalEngine: Found field 'thresholds'
03-10 14:44:40.590 20044 20044 I ThermalEngine: Found field 'thresholds_clr'
03-10 14:44:40.590 20044 20044 I ThermalEngine: Found field 'actions'
03-10 14:44:40.590 20044 20044 I ThermalEngine: Found field 'action_info'
03-10 14:44:40.590 20044 20044 I ThermalEngine: Created section 'FREEZE-CHG'
03-10 14:44:40.590 20044 20044 I ThermalEngine: Algo Type 'monitor'
03-10 14:44:40.590 20044 20044 I ThermalEngine: Parsing section FREEZE-CHG
03-10 14:44:40.590 20044 20044 I ThermalEngine: Found field 'sampling'
03-10 14:44:40.590 20044 20044 I ThermalEngine: Found field 'sensor'
03-10 14:44:40.590 20044 20044 I ThermalEngine: Found field 'thresholds'
03-10 14:44:40.590 20044 20044 I ThermalEngine: Found field 'thresholds_clr'
03-10 14:44:40.590 20044 20044 I ThermalEngine: Found field 'actions'
03-10 14:44:40.591 20044 20044 I ThermalEngine: Found field 'action_info'
03-10 14:44:40.591 20044 20044 I ThermalEngine: Created section 'MON-CHG-BATT0'
03-10 14:44:40.591 20044 20044 I ThermalEngine: Algo Type 'monitor'
03-10 14:44:40.591 20044 20044 I ThermalEngine: Parsing section MON-CHG-BATT0
03-10 14:44:40.591 20044 20044 I ThermalEngine: Found field 'sampling'
03-10 14:44:40.591 20044 20044 I ThermalEngine: Found field 'sensor'
03-10 14:44:40.591 20044 20044 I ThermalEngine: Found field 'thresholds'
03-10 14:44:40.591 20044 20044 I ThermalEngine: Found field 'thresholds_clr'
03-10 14:44:40.591 20044 20044 I ThermalEngine: Found field 'actions'
03-10 14:44:40.591 20044 20044 I ThermalEngine: Found field 'action_info'
03-10 14:44:40.591 20044 20044 I ThermalEngine: Found field 'freezing'
03-10 14:44:40.591 20044 20044 I ThermalEngine: Created section 'MON-CHG-BATT1'
03-10 14:44:40.591 20044 20044 I ThermalEngine: Algo Type 'monitor'
03-10 14:44:40.591 20044 20044 I ThermalEngine: Parsing section MON-CHG-BATT1
03-10 14:44:40.591 20044 20044 I ThermalEngine: Found field 'sampling'
03-10 14:44:40.591 20044 20044 I ThermalEngine: Found field 'sensor'
03-10 14:44:40.591 20044 20044 I ThermalEngine: Found field 'thresholds'
03-10 14:44:40.591 20044 20044 I ThermalEngine: Found field 'thresholds_clr'
03-10 14:44:40.591 20044 20044 I ThermalEngine: Found field 'actions'
03-10 14:44:40.591 20044 20044 I ThermalEngine: Found field 'action_info'
03-10 14:44:40.591 20044 20044 I ThermalEngine: Found field 'override_c'
03-10 14:44:40.591 20044 20044 I ThermalEngine: Found field 'freezing'
03-10 14:44:40.591 20044 20044 I ThermalEngine: Created section 'MON-CHG-BATT-SAFETY'
03-10 14:44:40.591 20044 20044 I ThermalEngine: Algo Type 'monitor'
03-10 14:44:40.591 20044 20044 I ThermalEngine: Parsing section MON-CHG-BATT-SAFETY
03-10 14:44:40.591 20044 20044 I ThermalEngine: Found field 'sampling'
03-10 14:44:40.591 20044 20044 I ThermalEngine: Found field 'sensor'
03-10 14:44:40.591 20044 20044 I ThermalEngine: Found field 'thresholds'
03-10 14:44:40.591 20044 20044 I ThermalEngine: Found field 'thresholds_clr'
03-10 14:44:40.591 20044 20044 I ThermalEngine: Found field 'actions'
03-10 14:44:40.591 20044 20044 I ThermalEngine: Found field 'action_info'
03-10 14:44:40.591 20044 20044 I ThermalEngine: Found field 'freezing'
03-10 14:44:40.591 20044 20044 I ThermalEngine: Created section 'MON-MSM-CPU0'
03-10 14:44:40.591 20044 20044 I ThermalEngine: Algo Type 'monitor'
03-10 14:44:40.591 20044 20044 I ThermalEngine: Parsing section MON-MSM-CPU0
03-10 14:44:40.591 20044 20044 I ThermalEngine: Found field 'sampling'
03-10 14:44:40.591 20044 20044 I ThermalEngine: Found field 'sensor'
03-10 14:44:40.591 20044 20044 I ThermalEngine: Found field 'thresholds'
03-10 14:44:40.591 20044 20044 I ThermalEngine: Found field 'thresholds_clr'
03-10 14:44:40.591 20044 20044 I ThermalEngine: Found field 'actions'
03-10 14:44:40.591 20044 20044 I ThermalEngine: Found field 'action_info'
03-10 14:44:40.591 20044 20044 I ThermalEngine: Created section 'SS-CPU4'
03-10 14:44:40.591 20044 20044 I ThermalEngine: Algo Type 'ss'
03-10 14:44:40.591 20044 20044 I ThermalEngine: Parsing section SS-CPU4
03-10 14:44:40.591 20044 20044 I ThermalEngine: Found field 'sampling'
03-10 14:44:40.591 20044 20044 I ThermalEngine: Found field 'sensor'
03-10 14:44:40.591 20044 20044 I ThermalEngine: Found field 'set_point'
03-10 14:44:40.591 20044 20044 I ThermalEngine: Found field 'set_point_clr'
03-10 14:44:40.591 20044 20044 I ThermalEngine: Found field 'device'
03-10 14:44:40.591 20044 20044 I ThermalEngine: Found field 'device_max_limit'
03-10 14:44:40.591 20044 20044 I ThermalEngine: Created section 'MON-MSM-CPU4'
03-10 14:44:40.591 20044 20044 I ThermalEngine: Algo Type 'monitor'
03-10 14:44:40.591 20044 20044 I ThermalEngine: Parsing section MON-MSM-CPU4
03-10 14:44:40.591 20044 20044 I ThermalEngine: Found field 'sampling'
03-10 14:44:40.591 20044 20044 I ThermalEngine: Found field 'sensor'
03-10 14:44:40.591 20044 20044 I ThermalEngine: Found field 'thresholds'
03-10 14:44:40.591 20044 20044 I ThermalEngine: Found field 'thresholds_clr'
03-10 14:44:40.591 20044 20044 I ThermalEngine: Found field 'actions'
03-10 14:44:40.591 20044 20044 I ThermalEngine: Found field 'action_info'
03-10 14:44:40.591 20044 20044 I ThermalEngine: Created section 'SS-CPU7'
03-10 14:44:40.591 20044 20044 I ThermalEngine: Algo Type 'ss'
03-10 14:44:40.591 20044 20044 I ThermalEngine: Parsing section SS-CPU7
03-10 14:44:40.591 20044 20044 I ThermalEngine: Found field 'sampling'
03-10 14:44:40.591 20044 20044 I ThermalEngine: Found field 'sensor'
03-10 14:44:40.591 20044 20044 I ThermalEngine: Found field 'set_point'
03-10 14:44:40.591 20044 20044 I ThermalEngine: Found field 'set_point_clr'
03-10 14:44:40.591 20044 20044 I ThermalEngine: Found field 'device'
03-10 14:44:40.591 20044 20044 I ThermalEngine: Found field 'device_max_limit'
03-10 14:44:40.591 20044 20044 I ThermalEngine: Created section 'MON-MSM-CPU7'
03-10 14:44:40.591 20044 20044 I ThermalEngine: Algo Type 'monitor'
03-10 14:44:40.591 20044 20044 I ThermalEngine: Parsing section MON-MSM-CPU7
03-10 14:44:40.591 20044 20044 I ThermalEngine: Found field 'sampling'
03-10 14:44:40.591 20044 20044 I ThermalEngine: Found field 'sensor'
03-10 14:44:40.591 20044 20044 I ThermalEngine: Found field 'thresholds'
03-10 14:44:40.591 20044 20044 I ThermalEngine: Found field 'thresholds_clr'
03-10 14:44:40.591 20044 20044 I ThermalEngine: Found field 'actions'
03-10 14:44:40.591 20044 20044 I ThermalEngine: Found field 'action_info'
03-10 14:44:40.591 20044 20044 I ThermalEngine: Created section 'MON-MSM-GPU'
03-10 14:44:40.591 20044 20044 I ThermalEngine: Algo Type 'monitor'
03-10 14:44:40.591 20044 20044 I ThermalEngine: Parsing section MON-MSM-GPU
03-10 14:44:40.591 20044 20044 I ThermalEngine: Found field 'sampling'
03-10 14:44:40.591 20044 20044 I ThermalEngine: Found field 'sensor'
03-10 14:44:40.591 20044 20044 I ThermalEngine: Found field 'thresholds'
03-10 14:44:40.591 20044 20044 I ThermalEngine: Found field 'thresholds_clr'
03-10 14:44:40.591 20044 20044 I ThermalEngine: Found field 'actions'
03-10 14:44:40.591 20044 20044 I ThermalEngine: Found field 'action_info'
03-10 14:44:40.591 20044 20044 I ThermalEngine: Created section 'MON-SOFTDEV'
03-10 14:44:40.591 20044 20044 I ThermalEngine: Algo Type 'monitor'
03-10 14:44:40.591 20044 20044 I ThermalEngine: Parsing section MON-SOFTDEV
03-10 14:44:40.591 20044 20044 I ThermalEngine: Found field 'sampling'
03-10 14:44:40.591 20044 20044 I ThermalEngine: Found field 'sensor'
03-10 14:44:40.591 20044 20044 I ThermalEngine: Found field 'thresholds'
03-10 14:44:40.591 20044 20044 I ThermalEngine: Found field 'thresholds_clr'
03-10 14:44:40.591 20044 20044 I ThermalEngine: Found field 'actions'
03-10 14:44:40.591 20044 20044 I ThermalEngine: Found field 'action_info'
03-10 14:44:40.591 20044 20044 I ThermalEngine: Created section 'MON-MDM-FR1-1'
03-10 14:44:40.591 20044 20044 I ThermalEngine: Algo Type 'monitor'
03-10 14:44:40.591 20044 20044 I ThermalEngine: Parsing section MON-MDM-FR1-1
03-10 14:44:40.591 20044 20044 I ThermalEngine: Found field 'sampling'
03-10 14:44:40.591 20044 20044 I ThermalEngine: Found field 'sensor'
03-10 14:44:40.591 20044 20044 I ThermalEngine: Found field 'thresholds'
03-10 14:44:40.591 20044 20044 I ThermalEngine: Found field 'thresholds_clr'
03-10 14:44:40.591 20044 20044 I ThermalEngine: Found field 'actions'
03-10 14:44:40.591 20044 20044 I ThermalEngine: Found field 'action_info'
03-10 14:44:40.591 20044 20044 I ThermalEngine: Created section 'MON-MDM-FR1-2'
03-10 14:44:40.591 20044 20044 I ThermalEngine: Algo Type 'monitor'
03-10 14:44:40.591 20044 20044 I ThermalEngine: Parsing section MON-MDM-FR1-2
03-10 14:44:40.591 20044 20044 I ThermalEngine: Found field 'sampling'
03-10 14:44:40.591 20044 20044 I ThermalEngine: Found field 'sensor'
03-10 14:44:40.591 20044 20044 I ThermalEngine: Found field 'thresholds'
03-10 14:44:40.591 20044 20044 I ThermalEngine: Found field 'thresholds_clr'
03-10 14:44:40.591 20044 20044 I ThermalEngine: Found field 'actions'
03-10 14:44:40.599  5643 10714 D ApfFilter: (wlan0): Ignoring RA RA fe80::c294:35ff:fe71:84fd -> ff02::1 180s 2601:85:ca02:f280::/64 7200s/7200s DNS 180s 2601:85:ca02:f280:c294:35ff:fe71:84fd 2001:558:feed::1 2001:558:feed::2 RIO 180s ::/0  which matches RA fe80::c294:35ff:fe71:84fd -> ff02::1 180s 2601:85:ca02:f280::/64 7200s/7200s DNS 180s 2601:85:ca02:f280:c294:35ff:fe71:84fd 2001:558:feed::1 2001:558:feed::2 RIO 180s ::/0 
03-10 14:44:40.614  3163  3163 I DreamController: onServiceConnected: name=ComponentInfo{com.android.systemui/com.android.systemui.doze.DozeService}, service=android.os.BinderProxy@9155d32
03-10 14:44:40.614  3163  3227 I DreamController: onServiceConnected to attach: name=ComponentInfo{com.android.systemui/com.android.systemui.doze.DozeService}
03-10 14:44:40.615  5625  9199 I DreamService: DreamServiceWrapper attach: dreamToken=android.os.BinderProxy@cb29bd0, canDoze=true
03-10 14:44:40.616  3163  5158 D WifiStaIfaceHidlImpl: getCachedScanData is not implemented by HIDL
03-10 14:44:40.618  3163  3352 D PowerManagerService: handleSandman ignore 0
03-10 14:44:40.619  5625  5625 I vol.VolumeDialogImpl: mDialog.dismiss() reason: volume_controller from: com.android.systemui.volume.VolumeDialogImpl$10.onDismissRequested:3 displayId: 0 mShowing: false mIsAnimatingDismiss: false
03-10 14:44:40.620  5625  5625 I DreamService[DozeService]: attach() called: dreamToken=android.os.BinderProxy@cb29bd0, canDoze=true mWindow=null mWindowless=true
03-10 14:44:40.620  5625  5625 V DreamService[DozeService]: onDreamingStarted()
03-10 14:44:40.623  3163  3352 D PowerManagerService: handleSandman ignore 0
03-10 14:44:40.624  5625  5625 D SbStateController: setState: requested state KEYGUARD!= upcomingState: SHADE. This usually means the status bar state transition was interrupted before the upcoming state could be applied.
03-10 14:44:40.627  2064  2064 I sensors-hal: batch:206, com.motorola.sensor.ltv/65738, period=1000000, max_latency=0
03-10 14:44:40.627  2064  2064 I sensors-hal: set_config:57, sample_period_ns is adjusted to 0 based on min/max delay_ns
03-10 14:44:40.627  2064  2064 I sensors-hal: batch:215, com.motorola.sensor.ltv/65738, period=1000000, max_latency=0 request completed
03-10 14:44:40.628  2064  2064 I sensors-hal: activate:173, com.motorola.sensor.ltv/65738 en=1
03-10 14:44:40.629  2064  2064 I sensors-hal: get_qmi_debug_flag:239, support_qmi_debug : false
03-10 14:44:40.631  2061  2108 E minksocket: MinkIPC_QRTR_Service: client with node 1 port 7073 went down
03-10 14:44:40.631  2061  2108 E minksocket: MinkIPC_QRTR_Service: client with node 1 port 7074 went down
03-10 14:44:40.631  5625  5962 D KeyguardViewMediator: updateActivityLockScreenState(false, true)
03-10 14:44:40.632  2064  2064 E Diag_Lib: diag: Diag_LSM_Init: invoked for pid: 2064 with init_count: 0
03-10 14:44:40.632  2064  2064 E Diag_Lib: diag:failed to connect to diag socket
03-10 14:44:40.632  2064  2064 E Diag_Lib:  Diag_LSM_Init: Failed to open handle to diag driver, error = 13
03-10 14:44:40.632  2061  2108 E minksocket: MinkIPC_QRTR_Service: client with node 1 port 7075 went down
03-10 14:44:40.632  2064  2064 I sensors-hal: send_sync_sensor_request:341, send sync request
03-10 14:44:40.633  2064  2064 I sensors-hal: send_sync_sensor_request:367, wait for notification of response
03-10 14:44:40.634  2061  2108 E minksocket: MinkIPC_QRTR_Service: client with node 1 port 7076 went down
03-10 14:44:40.634  2064  4171 I slpi    : MOT_LTV started with registry parameters (rcv_reg_items=0x1fff)
03-10 14:44:40.635  2064  4171 E slpi    : MOT_GPIO_FLIP kernel state gpio unset
03-10 14:44:40.637  3163  3352 D PowerManagerService: handleSandman ignore 0
03-10 14:44:40.640  2064 20220 I sensors-hal: ssc_conn_resp_cb:632, resp_value = 0
03-10 14:44:40.640  2064  2064 I sensors-hal: send_sync_sensor_request:373, takes 7 ms to receive the response with 0
03-10 14:44:40.640  2064  2064 I sensors-hal: activate:184, com.motorola.sensor.ltv/65738 en=1 completed
03-10 14:44:40.647  2064  2064 I sensors-hal: batch:206, com.motorola.sensor.glance/65658, period=1000000, max_latency=0
03-10 14:44:40.647  2064  2064 I sensors-hal: set_config:57, sample_period_ns is adjusted to 0 based on min/max delay_ns
03-10 14:44:40.647  2064  2064 I sensors-hal: batch:215, com.motorola.sensor.glance/65658, period=1000000, max_latency=0 request completed
03-10 14:44:40.648  2064  2064 I sensors-hal: activate:173, com.motorola.sensor.glance/65658 en=1
03-10 14:44:40.648  2064  2064 I sensors-hal: activate:154, activate glance 65548
03-10 14:44:40.648  2064  2064 I sensors-hal: get_qmi_debug_flag:239, support_qmi_debug : false
03-10 14:44:40.650  2061  2108 E minksocket: MinkIPC_QRTR_Service: client with node 1 port 7078 went down
03-10 14:44:40.650 19546 19615 D Surface : Surface::disconnect
03-10 14:44:40.650 19546 19615 D BufferQueueProducer: [com.peacocktv.peacockandroid/com.peacocktv.legacy.monolith.authenticationjourney.AuthJourneyActivity#52897(BLAST Consumer)pid:19546](id:4c5a00000001,api:1,p:19546,c:19546) disconnect: api 1
03-10 14:44:40.651  2061  2108 E minksocket: MinkIPC_QRTR_Service: client with node 1 port 7079 went down
03-10 14:44:40.651  2061  2108 E minksocket: MinkIPC_QRTR_Service: client with node 1 port 707a went down
03-10 14:44:40.652  2064  2064 E Diag_Lib: diag: Diag_LSM_Init: invoked for pid: 2064 with init_count: 0
03-10 14:44:40.652  2064  2064 E Diag_Lib: diag:failed to connect to diag socket
03-10 14:44:40.652  2064  2064 E Diag_Lib:  Diag_LSM_Init: Failed to open handle to diag driver, error = 13
03-10 14:44:40.652  2061  2108 E minksocket: MinkIPC_QRTR_Service: client with node 1 port 707b went down
03-10 14:44:40.652  2064  2064 I sensors-hal: create_sensor_config_request:143, sending MOT_GLANCE_MSGID_MOT_GLANCE_CONFIG, 0x17
03-10 14:44:40.652  2064  2064 I sensors-hal: send_sync_sensor_request:341, send sync request
03-10 14:44:40.652  2064  2064 I sensors-hal: send_sync_sensor_request:367, wait for notification of response
03-10 14:44:40.652  2300  2300 D SurfaceFlinger: setDesiredDisplayModeSpecs[{0, false, PR={p[24.00-120.00]Hz, r[24.00-120.00]Hz}, AR={p[0.00-120.00]Hz, r[0.00-120.00]Hz}}]: by process 3163 uid 1000 for display 4630947043778501762
03-10 14:44:40.656  3163  3352 D PowerManagerService: handleSandman ignore 0
03-10 14:44:40.663  3163  7454 I DreamManagerService: startDozing by com.android.systemui callingUid=10394 callingPid=5625
03-10 14:44:40.663  3163  7454 D DreamManagerService: Dream requested to start dozing: android.os.Binder@4f9b318, screenState=1, screenBrightness=-1, reason=UNKNOWN
03-10 14:44:40.664  2064 20222 I sensors-hal: ssc_conn_resp_cb:632, resp_value = 0
03-10 14:44:40.664  2064  2064 I sensors-hal: send_sync_sensor_request:373, takes 11 ms to receive the response with 0
03-10 14:44:40.664  2064  2064 I sensors-hal: activate:184, com.motorola.sensor.glance/65658 en=1 completed
03-10 14:44:40.665  3163  7454 D PowerManagerService: nativeSetAutoSuspend enable:false duration ms: 1
03-10 14:44:40.666  2300  2300 D SurfaceFlinger: setDesiredDisplayModeSpecs[{0, false, PR={p[24.00-120.00]Hz, r[24.00-120.00]Hz}, AR={p[0.00-120.00]Hz, r[0.00-120.00]Hz}}]: by process 3163 uid 1000 for display 4630947043778501763
03-10 14:44:40.666  3163  7454 D PowerManagerService: nativeAcquireSuspendBlocker name:PowerManagerService.Display duration ms: 1
03-10 14:44:40.667  3163  3352 D PowerManagerService: handleSandman ignore 0
03-10 14:44:40.668  3163  3352 I DisplayPowerController2[1]: 03-10 14:44:40.667 - BrightnessEvent: disp=1, physDisp=local:4630947043778501763, displayState=OFF, displayPolicy=DOZE, brt=0.0, initBrt=0.0, rcmdBrt=NaN, preBrt=NaN, lux=0.0, preLux=0.0, brtNits=3.3701954, hdrNits=NaN, initNits=3.3701954, preNits=NaN, rcmdNits=NaN, hdrBrightness=NaN, brt(%)=0%, brtInt=1, hbmPolicy=normal, hbmMax=0.7660316, hbmMode=off, rbcStrength=-1, thrmMax=1.0, powerFactor=1.0, wasShortTermModelActive=false, flags=, reason=screen_off, autoBrightness=true, strategy=ScreenOffBrightnessStrategy, autoBrightnessMode=default
03-10 14:44:40.668  3163  3163 I WindowManager: Finished going to sleep... (groupId=0 why=OFF_BECAUSE_OF_USER) notifySleepToKeyguard=true lidState=0 pmSleepReason=lid_switch
03-10 14:44:40.669 20044 20215 E ThermalEngine: First running, skip
03-10 14:44:40.669  3163  3352 D PowerManagerService: nativeAcquireSuspendBlocker name:PowerManagerService.Broadcasts duration ms: 2
03-10 14:44:40.669 20044 20215 I ThermalEngine: Monitor:ACTIVE:OVERRIDE-CHG:internal_override=1:DETECT-STANDBY=1
03-10 14:44:40.669  3163  3352 D PowerManagerService: nativeSetAutoSuspend enable:true duration ms: 0
03-10 14:44:40.669 20044 20215 I ThermalEngine: ACTION: override_c - Setting override_c to 1
03-10 14:44:40.669  3163  3352 D PowerManagerService: nativeReleaseSuspendBlocker name:PowerManagerService.Display duration ms: 0
03-10 14:44:40.669  3163  3352 D PowerManagerService: handleSandman ignore 0
03-10 14:44:40.669 20044 20214 I ThermalEngine: Thermal-Server: Thermal received msg from  override_c
03-10 14:44:40.669 20044 20223 I Thermal-Lib: Thermal-Lib-Client: Client request sent
03-10 14:44:40.670  5625  5956 D CounterUpPreferencesStatusValue: startTracking: previous = 102 current = 103 tag = Count of how many cli AD is triggered
03-10 14:44:40.670  3163  3352 D BrightnessThermalClamper: Thermal status observer already started
03-10 14:44:40.671  2064  2064 I sensors-hal: activate:173, android.sensor.device_orientation/271 en=0
03-10 14:44:40.671  3163  3231 D DisplayManagerService: Ignore redundant display event 0/4 to 10416/11416
03-10 14:44:40.671  2061  2108 E minksocket: MinkIPC_QRTR_Service: client with node 1 port 7019 went down
03-10 14:44:40.671  2064  2064 I sensors-hal: activate:184, android.sensor.device_orientation/271 en=0 completed
03-10 14:44:40.672  3163  3163 I BrightnessSynchronizer: New Update: {[7381] 0.3851464(f), mUpdatedTypes=0, mConfirmedTypes=0, mTimeUpdated=0, mState=2}
03-10 14:44:40.672  5625  5625 D SCliNotificationListener: onNotificationListUpdate: [com.android.systemui.statusbar.notification.collection.GroupEntry@834df9a]
03-10 14:44:40.673  3163  3229 D CLI/Transition: displaygroup 0, state OFF, pendingdisplaygroup -1
03-10 14:44:40.673  5625  6286 D SCliNotifPanelController: onNotificationEntryRemove: -1|com.android.systemui|1201|fully_charged_and_plugged|10394
03-10 14:44:40.673  5625  6286 D SCliNotifPanelController: onNotificationGroupRemove: com.android.systemui_u-1
03-10 14:44:40.673  3163  7445 I DreamController: mDreamingStartedCallback sendResult
03-10 14:44:40.675  2067  3269 D AHAL: AudioDevice: SetParameters: 1564: enter: screen_state=off
03-10 14:44:40.675  2067  3269 D AHAL: AudioVoice: VoiceSetParameters: 87: Enter params: screen_state=off
03-10 14:44:40.675  2067  3269 D AHAL: AudioVoice: VoiceSetParameters: 360: Exit ret: 0
03-10 14:44:40.675  2067  3269 D AHAL: FM: fm_set_parameters: 262: Enter
03-10 14:44:40.675  2067  3269 D AHAL: FM: fm_set_parameters: 320: exit
03-10 14:44:40.675  2067  3269 D AHAL: AudioDevice: SetParameters: 1628:  - screen = off
03-10 14:44:40.675  2067  3269 I PAL: ResourceManager: setParameter: 8311: Screen State:0
03-10 14:44:40.675  2067  3269 D AHAL: AudioDevice: SetParameters: 2361: exit: screen_state=off
03-10 14:44:40.676  3163  7024 E WindowManager: Dream packageName does not match active dream. Package com.google.android.gsf does not match ComponentInfo{com.android.systemui/com.android.systemui.doze.DozeService}
03-10 14:44:40.677  3163  7024 E WindowManager: Dream packageName does not match active dream. Package com.google.android.gms does not match ComponentInfo{com.android.systemui/com.android.systemui.doze.DozeService}
03-10 14:44:40.679  3163  3352 D PowerManagerService: handleSandman ignore 0
03-10 14:44:40.684  3163  3352 D PowerManagerService: handleSandman ignore 0
03-10 14:44:40.685  5625  9199 D KeyguardViewMediator: USER_LOCKED intent sent
03-10 14:44:40.688 26976 27604 D MCLOG   : [BrightnessTrigger] onDisplayChanged displayId = 0
03-10 14:44:40.692  5625  5625 W libc    : Access denied finding property "vendor.display.enable_optimal_refresh_rate"
03-10 14:44:40.692  5625  5625 W libc    : Access denied finding property "vendor.gpp.create_frc_extension"
03-10 14:44:40.706  5625  5625 W View    : requestLayout() improperly called by com.android.keyguard.CarrierText{fc2afe4 V.ED..... ..S...ID 42,0-495,108 #7f0a04a7 app:id/keyguard_carrier_text} during layout: running second layout pass
03-10 14:44:40.707  5625  5625 W View    : requestLayout() improperly called by com.android.systemui.util.AutoMarqueeTextView{fcb050b VFED..C.. ..S...ID 205,0-571,126 #7f0a0686 app:id/no_carrier_text} during layout: running second layout pass
03-10 14:44:40.722  6942  6942 D NfcService: MSG_APPLY_SCREEN_STATE 1
03-10 14:44:40.723  3163  5528 E WindowManager: Dream packageName does not match active dream. Package com.motorola.mobiledesktop.core does not match ComponentInfo{com.android.systemui/com.android.systemui.doze.DozeService}
03-10 14:44:40.723 26976 27604 D MCLOG   : [BrightnessManager] displayId = 0 brightness = 0.3851464 nit = 95.933495 level = br1
03-10 14:44:40.724  6942  6942 D libnfc_nci: nfcManager_doSetScreenState: state = 1 prevScreenState= 8, discovry_param = 1
03-10 14:44:40.724  3163  5528 E WindowManager: Dream packageName does not match active dream. Package com.motorola.mobiledesktop does not match ComponentInfo{com.android.systemui/com.android.systemui.doze.DozeService}
03-10 14:44:40.725  2582  8068 D NxpTml  : PN54X - Write requested.....
03-10 14:44:40.725  2582  8068 D NxpTml  : PN54X - Invoking I2C Write.....
03-10 14:44:40.725  3163  3352 D PowerManagerService: handleSandman ignore 0
03-10 14:44:40.726  3163  5528 E WindowManager: Dream packageName does not match active dream. Package com.motorola.mobiledesktop does not match ComponentInfo{com.android.systemui/com.android.systemui.doze.DozeService}
03-10 14:44:40.727  7545  7545 I FileStationLog: [ FS_h$a ] - [Display] Changed display: 0
03-10 14:44:40.727  2582  8068 D NxpTml  : Write errno : 6b
03-10 14:44:40.728  2582  8068 D NxpTml  : PN54X - Error in I2C Write.....
03-10 14:44:40.728  2582  8068 D NxpTml  : PN54X - Posting Fresh Write message.....
03-10 14:44:40.728  2582  8068 D NxpTml  : PN54X - Tml Writer Thread Running................
03-10 14:44:40.728  2582  8070 D NxpHal  : write error status = 0x1ff
03-10 14:44:40.728  2582  2582 D NxpHal  : write_unlocked failed - PN54X Maybe in Standby Mode - Retry
03-10 14:44:40.728  7545  7545 I FileStationLog: [ FS_h ] - [Logic] Retrieved display info: LogicDisplayInfo(width=1080, height=2640, orientation=1, rotation=0, displayId=0)
03-10 14:44:40.729  7545  7545 I FileStationLog: [ FS_h$a ] - [Display] New logical size: 1080x2640
03-10 14:44:40.729  2064  2064 I sensors-hal: batch:206, android.sensor.accelerometer/11, period=200000000, max_latency=0
03-10 14:44:40.729  7545  7545 I FileStationLog: [ FS_h$a ] - [Display] Screen width unchanged: 1080
03-10 14:44:40.729  2064  2064 I sensors-hal: set_config:57, sample_period_ns is adjusted to 200000000 based on min/max delay_ns
03-10 14:44:40.729  2064  2064 I sensors-hal: batch:215, android.sensor.accelerometer/11, period=200000000, max_latency=0 request completed
03-10 14:44:40.729  5625  5942 E FromGoneTransitionInteractor: Ignoring startTransition: This interactor asked to transition from GONE -> LOCKSCREEN, but we last transitioned to DOZING, not GONE. This should never happen - check currentTransitionInfoInternal or use filterRelevantKeyguardState before starting transitions.
03-10 14:44:40.729  5625  5942 E FromGoneTransitionInteractor: This transition would not have been ignored prior to ag/26681239, since we are FINISHED in GONE (but have since started another transition). If ignoring this transition has caused a regression, fix it by ensuring that transitions are exclusively started from the most recently started state.
03-10 14:44:40.734  3163  3352 D PowerManagerService: handleSandman ignore 0
03-10 14:44:40.738  5625  5625 V PowerManager: wakeUp time=61187424 reason=WAKE_REASON_GESTURE details=com.android.systemui:SWIPE_UP_ON_AD by (com.android.systemui) callers=com.android.systemui.power.data.repository.PowerRepositoryImpl.wakeUp:26 com.android.systemui.power.domain.interactor.PowerInteractor.wakeUpIfDozing:51 com.android.systemui.statusbar.phone.StatusBarKeyguardViewManager.onPanelExpansionChanged$1:144 
03-10 14:44:40.738  2582  8068 D NxpTml  : PN54X - Write requested.....
03-10 14:44:40.738  2582  8068 D NxpTml  : PN54X - Invoking I2C Write.....
03-10 14:44:40.738  2582  8068 I NxpNciX : len =   7 > 20020401020100
03-10 14:44:40.738  2582  8068 D NxpTml  : PN54X - I2C Write successful.....
03-10 14:44:40.738  2582  8068 D NxpTml  : PN54X - Posting Fresh Write message.....
03-10 14:44:40.738  2582  8068 D NxpTml  : PN54X - Tml Writer Thread Running................
03-10 14:44:40.739  2582  8070 D NxpHal  : write successful status = 0x0
03-10 14:44:40.739  3163  3202 I PowerGroup: Waking up power group from Dozing (groupId=1, uid=10394, reason=WAKE_REASON_GESTURE, details=com.android.systemui:SWIPE_UP_ON_AD)...
03-10 14:44:40.739  2582  8059 D NxpTml  : PN54X - I2C Read successful.....
03-10 14:44:40.739  2582  8059 I NxpNciR : len =   5 > 4002020000
03-10 14:44:40.739  2582  8059 D NxpTml  : PN54X - Posting read message.....
03-10 14:44:40.739  2582  8070 D NxpHal  : read successful status = 0x0
03-10 14:44:40.739  2582  8070 D NxpHal  : phNxpNciHal_print_res_status: response status =STATUS_OK
03-10 14:44:40.740  6942  8007 D libnfc_nci: nfaDeviceManagementCallback: enter; event=0x2
03-10 14:44:40.740  6942  8007 D libnfc_nci: nfaDeviceManagementCallback: NFA_DM_SET_CONFIG_EVT
03-10 14:44:40.741  3163  3202 I PowerManagerService: Waking up from Dozing (uid=10394, reason=WAKE_REASON_GESTURE, details=com.android.systemui:SWIPE_UP_ON_AD)...
03-10 14:44:40.741  2582  8068 D NxpTml  : PN54X - Write requested.....
03-10 14:44:40.741  2582  8068 D NxpTml  : PN54X - Invoking I2C Write.....
03-10 14:44:40.741  2582  8068 I NxpNciX : len =   4 > 20090101
03-10 14:44:40.741  2582  8068 D NxpTml  : PN54X - I2C Write successful.....
03-10 14:44:40.741  2582  8068 D NxpTml  : PN54X - Posting Fresh Write message.....
03-10 14:44:40.741  2582  8068 D NxpTml  : PN54X - Tml Writer Thread Running................
03-10 14:44:40.741  2582  8070 D NxpHal  : write successful status = 0x0
03-10 14:44:40.741  2582  8059 D NxpTml  : PN54X - Read requested.....
03-10 14:44:40.741  2582  8059 D NxpTml  : PN54X - Invoking I2C Read.....
03-10 14:44:40.742  2582  8059 D NxpTml  : PN54X - I2C Read successful.....
03-10 14:44:40.742  2582  8059 I NxpNciR : len =   4 > 40090100
03-10 14:44:40.742  2582  8059 D NxpTml  : PN54X - Posting read message.....
03-10 14:44:40.742  2582  8070 D NxpHal  : read successful status = 0x0
03-10 14:44:40.744  2582  8059 D NxpTml  : PN54X - Read requested.....
03-10 14:44:40.744  2582  8059 D NxpTml  : PN54X - Invoking I2C Read.....
03-10 14:44:40.744  6942  8007 D libnfc_nci: nfaDeviceManagementCallback: enter; event=0xB
03-10 14:44:40.744  6942  8007 D libnfc_nci: nfaDeviceManagementCallback: NFA_DM_SET_POWER_SUB_STATE_EVT; status=0x0
03-10 14:44:40.744  3163  3202 D PowerManagerService: nativeSetAutoSuspend enable:false duration ms: 1
03-10 14:44:40.745  3163  3352 I WindowManager: Display 1 turning on...
03-10 14:44:40.746  3163  3202 D PowerManagerService: nativeAcquireSuspendBlocker name:PowerManagerService.Display duration ms: 2
03-10 14:44:40.746  3163  3202 D PowerManagerService: nativeSetPowerMode ret:true mode:7 enabled:true duration ms: 0
03-10 14:44:40.746  2078  2078 I QTI PowerHAL: Power setMode: 7 to: 1
03-10 14:44:40.748  2078  2078 I QTI PowerHAL: Got set_interactive hint
03-10 14:44:40.748  2078  2078 I QTI PowerHAL: Got set_interactive hint on= 1, count= 867
03-10 14:44:40.752  3163  7454 E WindowManager: Dream packageName does not match active dream. Package com.peacocktv.peacockandroid does not match ComponentInfo{com.android.systemui/com.android.systemui.doze.DozeService}
03-10 14:44:40.756  3163  3229 W WindowManager: All windows drawn on display 1
03-10 14:44:40.756  3163  3352 I DisplayBrightnessStrategySelector: Changing the DisplayBrightnessStrategy from ScreenOffBrightnessStrategy to InvalidBrightnessStrategy for display 1
03-10 14:44:40.756  3163  3352 E SensorManager: sensor or listener is null
03-10 14:44:40.757  3163  3163 I PowerManagerService: onFlip(): Face up.
03-10 14:44:40.760  2064  2064 I sensors-hal: batch:206, com.motorola.sensor.alternate_light/65959, period=250000000, max_latency=0
03-10 14:44:40.760  2064  2064 I sensors-hal: set_config:61, no need to adjust sample_period_ns due to reporting_mode = 2
03-10 14:44:40.760  2064  2064 I sensors-hal: batch:215, com.motorola.sensor.alternate_light/65959, period=250000000, max_latency=0 request completed
03-10 14:44:40.760  3163  3163 D TrustManagerService: refreshDeviceLockedForUser(userId=0, unlockedUser=-10000), secure=false, showingKeyguard=true, trusted=false, biometricAuthenticated=false, currentUserIsUnlocked=false, deviceLocked=false
03-10 14:44:40.761  3163  3163 I WindowManager: Started waking up... (groupId=1 why=ON_BECAUSE_OF_USER) pmWakeReason=WAKE_REASON_GESTURE
03-10 14:44:40.761  2064  2064 I sensors-hal: activate:173, com.motorola.sensor.alternate_light/65959 en=1
03-10 14:44:40.761  2064  2064 I sensors-hal: get_qmi_debug_flag:239, support_qmi_debug : false
03-10 14:44:40.762  3163  3163 I WindowManager: awakenDreams callers=com.android.server.policy.PhoneWindowManager.startedWakingUp:7593 com.android.server.power.Notifier.lambda$handleEarlyInteractiveChange$0:603 com.android.server.power.Notifier.$r8$lambda$JPimfzsYkXWexBDnIhDxNZnALw4:0 com.android.server.power.Notifier$$ExternalSyntheticLambda8.run:0 android.os.Handler.handleCallback:1001 
