03-13 20:48:51.630  4205  4205 D Navbar.Store: ----handleEvent(0) GetInflateButtonWidth(buttonSpec=left, landscape=false) [Module] SamsungNavigationBarInflaterView
03-13 20:48:51.630  4205  4205 D Navbar.Store: ------[Band]STABLE_LAYOUT_PACK_INFLATE_NAVBAR
03-13 20:48:51.630  4205  4205 D NavBarStateManager: NavBarStates(0) getSpaceWidth(land: false): 118
03-13 20:48:51.630  4205  4205 D Navbar.Store: ----handleEvent(0) value= 118
03-13 20:48:51.630  5915  5959 V OsAgent : broadcastSystemEvent - 7
03-13 20:48:51.630  5915  5959 V OsAgent : broadcastSystemEvent - 7
03-13 20:48:51.630  5915  5959 V OsAgent : broadcastSystemEvent - 7
03-13 20:48:51.630  4205  4205 D Navbar.Store: ----handleEvent(0) GetInflateButtonWidth(buttonSpec=recent, landscape=false) [Module] SamsungNavigationBarInflaterView
03-13 20:48:51.630  3003  3067 I InputManager-JNI: notifyPointerDisplayIdChanged: pointer displayId set to: 1
03-13 20:48:51.630  4205  4205 D Navbar.Store: ------[Band]STABLE_LAYOUT_PACK_INFLATE_NAVBAR
03-13 20:48:51.630  4205  4205 D NavBarStateManager: NavBarStates(0) getButtonWidth(land: false): 239
03-13 20:48:51.630  4205  4205 D Navbar.Store: ----handleEvent(0) value= 239
03-13 20:48:51.630  3003  3661 I InputReader: support feature by TSP : 0x321
03-13 20:48:51.631  3003  3661 I InputReader: support feature by TSP : 0x321
03-13 20:48:51.631  4832 11109 I HoneySpace.SystemUiRepository: systemUiFlags: overview_disabled|home_disabled|allow_gesture|awake
03-13 20:48:51.631  4832  4895 I HoneySpace.TaskbarEventTracker: invokeEvent() called with: event = SystemUiStateChanged(stateFlags=268566912)
03-13 20:48:51.631  3003  3661 W InputReader: Rotary Encoder device configuration file didn't specify resolution!
03-13 20:48:51.631  3003  3661 W InputReader: Rotary Encoder device configuration file didn't specify scaling factor,default to 1.000000!
03-13 20:48:51.631  3003  3661 I InputReader: Rotary Encoder device configuration file didn't specify min log rotation.
03-13 20:48:51.631  4205  4205 D Navbar.Store: ----handleEvent(0) GetInflateButtonWidth(buttonSpec=left, landscape=true) [Module] SamsungNavigationBarInflaterView
03-13 20:48:51.631  4205  4205 D Navbar.Store: ------[Band]STABLE_LAYOUT_PACK_INFLATE_NAVBAR
03-13 20:48:51.631  4205  4205 D NavBarStateManager: NavBarStates(0) getSpaceWidth(land: true): 118
03-13 20:48:51.631  4205  4205 D Navbar.Store: ----handleEvent(0) value= 118
03-13 20:48:51.631  4205  4205 D Navbar.Store: ----handleEvent(0) GetInflateButtonWidth(buttonSpec=recent, landscape=true) [Module] SamsungNavigationBarInflaterView
03-13 20:48:51.631  4205  4205 D Navbar.Store: ------[Band]STABLE_LAYOUT_PACK_INFLATE_NAVBAR
03-13 20:48:51.631  4205  4205 D NavBarStateManager: NavBarStates(0) getButtonWidth(land: true): 239
03-13 20:48:51.631  4205  4205 D Navbar.Store: ----handleEvent(0) value= 239
03-13 20:48:51.631  4205  4205 D Navbar.Store: ----handleEvent(0) GetInflateButtonWidth(buttonSpec=home, landscape=false) [Module] SamsungNavigationBarInflaterView
03-13 20:48:51.631  4205  4205 D Navbar.Store: ------[Band]STABLE_LAYOUT_PACK_INFLATE_NAVBAR
03-13 20:48:51.631  4205  4205 D NavBarStateManager: NavBarStates(0) getButtonWidth(land: false): 239
03-13 20:48:51.631  4205  4205 D Navbar.Store: ----handleEvent(0) value= 239
03-13 20:48:51.631  4832 14175 I HoneySpace.SystemUiRepository: systemUiFlags: overview_disabled|home_disabled|allow_gesture|back_disabled|awake
03-13 20:48:51.632  4205  4205 D Navbar.Store: ----handleEvent(0) GetInflateButtonWidth(buttonSpec=home, landscape=true) [Module] SamsungNavigationBarInflaterView
03-13 20:48:51.632  4205  4205 D Navbar.Store: ------[Band]STABLE_LAYOUT_PACK_INFLATE_NAVBAR
03-13 20:48:51.632  4205  4205 D NavBarStateManager: NavBarStates(0) getButtonWidth(land: true): 239
03-13 20:48:51.632  4205  4205 D Navbar.Store: ----handleEvent(0) value= 239
03-13 20:48:51.632  2092  3859 I SSC_DAEMON: light_event_log:196, light_msg(4/15): panel off (idx 0) - 0,-1,-1,0
03-13 20:48:51.632  4205  4205 D Navbar.Store: ----handleEvent(0) GetInflateButtonWidth(buttonSpec=back, landscape=false) [Module] SamsungNavigationBarInflaterView
03-13 20:48:51.632  4205  4205 D Navbar.Store: ------[Band]STABLE_LAYOUT_PACK_INFLATE_NAVBAR
03-13 20:48:51.632  4205  4205 D NavBarStateManager: NavBarStates(0) getButtonWidth(land: false): 239
03-13 20:48:51.632  4205  4205 D Navbar.Store: ----handleEvent(0) value= 239
03-13 20:48:51.632  2022  2124 I HYPER-HAL: [RequestManager.cpp]acquire(): Acquired ID : 2112570  [2025 / 30]    HINT :      list : [UCLAMP_MIN_BOOST / 50] [TID / 4392] [TID / 4393] [TID / 4205] [TID / 4394] 
03-13 20:48:51.632  2022  2124 I HYPER-HAL: [RequestManager.cpp]acquire(): Acquired ID : 2112570  [2025 / 30]    HINT :      list : [UCLAMP_MIN_BOOST / 100] [TID / 4392] [TID / 4393] [TID / 4205] [TID / 4394] 
03-13 20:48:51.632  4205  4205 D Navbar.Store: ----handleEvent(0) GetInflateButtonWidth(buttonSpec=right, landscape=false) [Module] SamsungNavigationBarInflaterView
03-13 20:48:51.632  4205  4205 D Navbar.Store: ------[Band]STABLE_LAYOUT_PACK_INFLATE_NAVBAR
03-13 20:48:51.632  4205  4205 D NavBarStateManager: NavBarStates(0) getSpaceWidth(land: false): 118
03-13 20:48:51.632  4205  4205 D Navbar.Store: ----handleEvent(0) value= 118
03-13 20:48:51.632  3003  3067 D InputManager: notifyDisplayIdChangedByUser: 1
03-13 20:48:51.632  4205  4205 D Navbar.Store: ----handleEvent(0) GetInflateButtonWidth(buttonSpec=back, landscape=true) [Module] SamsungNavigationBarInflaterView
03-13 20:48:51.632  4205  4205 D Navbar.Store: ------[Band]STABLE_LAYOUT_PACK_INFLATE_NAVBAR
03-13 20:48:51.632  4205  4205 D NavBarStateManager: NavBarStates(0) getButtonWidth(land: true): 239
03-13 20:48:51.632  4205  4205 D Navbar.Store: ----handleEvent(0) value= 239
03-13 20:48:51.633  4832 15851 I HoneySpace.SystemUiRepository: systemUiFlags: overview_disabled|home_disabled|navbar_hidden|allow_gesture|back_disabled|awake
03-13 20:48:51.633  4205  4205 D Navbar.Store: ----handleEvent(0) GetInflateButtonWidth(buttonSpec=right, landscape=true) [Module] SamsungNavigationBarInflaterView
03-13 20:48:51.633  4205  4205 D Navbar.Store: ------[Band]STABLE_LAYOUT_PACK_INFLATE_NAVBAR
03-13 20:48:51.633  4205  4205 D NavBarStateManager: NavBarStates(0) getSpaceWidth(land: true): 118
03-13 20:48:51.633  4205  4205 D Navbar.Store: ----handleEvent(0) value= 118
03-13 20:48:51.633  4832  4895 I HoneySpace.TaskbarEventTracker: invokeEvent() called with: event = SystemUiStateChanged(stateFlags=272761216)
03-13 20:48:51.633  4832  4895 I HoneySpace.TaskbarEventTracker: invokeEvent() called with: event = SystemUiStateChanged(stateFlags=272761218)
03-13 20:48:51.633  4205  4205 D Navbar.Store: ----handleEvent(0) GetInflateButtonWidth(buttonSpec=left_remote_view, landscape=false) [Module] SamsungNavigationBarInflaterView
03-13 20:48:51.633  4205  4205 D Navbar.Store: ------[Band]STABLE_LAYOUT_PACK_INFLATE_NAVBAR
03-13 20:48:51.633  4205  4205 D NavBarStateManager: NavBarStates(0) getSpaceWidth(land: false): 118
03-13 20:48:51.633  4205  4205 D Navbar.Store: ----handleEvent(0) value= 118
03-13 20:48:51.633  4205  4205 D Navbar.Store: ----handleEvent(0) GetInflateButtonWidth(buttonSpec=right_remote_view, landscape=false) [Module] SamsungNavigationBarInflaterView
03-13 20:48:51.633  4205  4205 D Navbar.Store: ------[Band]STABLE_LAYOUT_PACK_INFLATE_NAVBAR
03-13 20:48:51.633  4205  4205 D NavBarStateManager: NavBarStates(0) getSpaceWidth(land: false): 118
03-13 20:48:51.633  4205  4205 D Navbar.Store: ----handleEvent(0) value= 118
03-13 20:48:51.633  4205  4205 D Navbar.Store: ----handleEvent(0) GetInflateButtonWidth(buttonSpec=left_remote_view, landscape=true) [Module] SamsungNavigationBarInflaterView
03-13 20:48:51.633  4205  4205 D Navbar.Store: ------[Band]STABLE_LAYOUT_PACK_INFLATE_NAVBAR
03-13 20:48:51.633  4205  4205 D NavBarStateManager: NavBarStates(0) getSpaceWidth(land: true): 118
03-13 20:48:51.633  4205  4205 D Navbar.Store: ----handleEvent(0) value= 118
03-13 20:48:51.634  4205  4205 D Navbar.Store: ----handleEvent(0) GetInflateButtonWidth(buttonSpec=right_remote_view, landscape=true) [Module] SamsungNavigationBarInflaterView
03-13 20:48:51.634  4205  4205 D Navbar.Store: ------[Band]STABLE_LAYOUT_PACK_INFLATE_NAVBAR
03-13 20:48:51.634  4205  4205 D NavBarStateManager: NavBarStates(0) getSpaceWidth(land: true): 118
03-13 20:48:51.634  4205  4205 D Navbar.Store: ----handleEvent(0) value= 118
03-13 20:48:51.634  4205  4205 D Navbar.Store: ----handleEvent(0) GetNavBarSidePadding(landscape=false) [Module] SamsungNavigationBarInflaterView
03-13 20:48:51.634  4205  4205 D Navbar.Store: ------[Band]STABLE_LAYOUT_PACK_INFLATE_NAVBAR_SIDE_PADDING
03-13 20:48:51.634  4205  4205 D NavBarStateManager: NavBarStates(0) getNavBarSidePadding: 0
03-13 20:48:51.634  4205  4205 D Navbar.Store: ----handleEvent(0) value= 0
03-13 20:48:51.634  4205  4205 D Navbar.Store: ----handleEvent(0) GetNavBarSidePadding(landscape=true) [Module] SamsungNavigationBarInflaterView
03-13 20:48:51.634  4205  4205 D Navbar.Store: ------[Band]STABLE_LAYOUT_PACK_INFLATE_NAVBAR_SIDE_PADDING
03-13 20:48:51.634  4205  4205 D NavBarStateManager: NavBarStates(0) getNavBarSidePadding: 0
03-13 20:48:51.634  4205  4205 D Navbar.Store: ----handleEvent(0) value= 0
03-13 20:48:51.634  4205  4205 D Navbar.Store: ----handleEvent(0) GetNavBarSidePadding(landscape=false) [Module] SamsungNavigationBarInflaterView
03-13 20:48:51.634  4205  4205 D Navbar.Store: ------[Band]STABLE_LAYOUT_PACK_INFLATE_NAVBAR_SIDE_PADDING
03-13 20:48:51.634  4205  4205 D NavBarStateManager: NavBarStates(0) getNavBarSidePadding: 0
03-13 20:48:51.634  4205  4205 D Navbar.Store: ----handleEvent(0) value= 0
03-13 20:48:51.634  4205  4205 D Navbar.Store: ----handleEvent(0) GetNavBarSidePadding(landscape=true) [Module] SamsungNavigationBarInflaterView
03-13 20:48:51.634  4205  4205 D Navbar.Store: ------[Band]STABLE_LAYOUT_PACK_INFLATE_NAVBAR_SIDE_PADDING
03-13 20:48:51.634  4205  4205 D NavBarStateManager: NavBarStates(0) getNavBarSidePadding: 0
03-13 20:48:51.634  4205  4205 D Navbar.Store: ----handleEvent(0) value= 0
03-13 20:48:51.635  3003  3068 D BLASTSyncEngine: SyncGroup 10689:  Unfinished container: WindowToken{8004a5b type=2024 android.os.BinderProxy@d7bba75} mSyncState=2
03-13 20:48:51.635  3003  3065 D WindowManager: DeferredDisplayUpdater: partially applying DisplayInfo(1080 x 2640) immediately
03-13 20:48:51.635  3003  3065 D BLASTSyncEngine: SyncGroup 10689:  Unfinished container: WindowToken{8004a5b type=2024 android.os.BinderProxy@d7bba75} mSyncState=2
03-13 20:48:51.635  3003  3065 D WindowManager: DeferredDisplayUpdater: applying DisplayInfo(748 x 720) immediately
03-13 20:48:51.636  3003  3065 V WindowManager: Content Recording: Display 1 state was (1), is now (1), so update recording?
03-13 20:48:51.636  2094 24900 D AudioFlinger: setParameters: filtered dev setParameters keyvalue screen_state=off
03-13 20:48:51.636  3003  3065 D BLASTSyncEngine: SyncGroup 10689:  Unfinished container: WindowToken{8004a5b type=2024 android.os.BinderProxy@d7bba75} mSyncState=2
03-13 20:48:51.636  3003  3003 D SGM:GameManager: onDisplayChanged. displyId: 0, state: 1
03-13 20:48:51.636  3003  5976 D LiftUpHandler: [LTW]  Settings Lift to wake: enable = 0
03-13 20:48:51.636  3003  3003 I SemMdnieManagerService: DisplayListener onDisplayChanged. mAlwaysOnDisplayEnabled : false , mDisplayOn : true , mDisplayState : 1 , mWorkBlueFilter : true , mNightModeBlock : true
03-13 20:48:51.636  3003  3003 D EyeComfortSolutionService: mBlueLightFilterAdaptiveModeEnabled: true , mBlueLightFilterScheduledTime: false
03-13 20:48:51.636  3003  3910 I CAE     : handleMessage(CaPowerManager.java:226) - AP_SLEEP
03-13 20:48:51.636  3003  3910 I CAE     : updateApPowerStatus(SensorHubParserProvider.java:461) - AP_SLEEP
03-13 20:48:51.636  3003  3910 I CAE     : getContextType(FreeFallDetection.java:25) - FFD getContextType
03-13 20:48:51.636  3003  3003 I SemMdnieManagerService: DDI setNightDimOffMode : false, index : 0, str : (0 0)
03-13 20:48:51.636  3003  3003 D SGM:GameManager: onDisplayChanged. displyId: 1, state: 1
03-13 20:48:51.637  3003  3003 V CameraService_worker: onDisplayChanged rotation : 0 current mDeviceState : 6
03-13 20:48:51.637  3003  3003 D SGM:GameManager: onDisplayChanged. displyId: 0, state: 1
03-13 20:48:51.637  4832  9608 I HoneySpace.Memory-Monitor: current state = 1, didTrim = false
03-13 20:48:51.637  4832  9608 I HoneySpace.Memory-Monitor: onDisplayStateChanged lastChangedDisplayState = 1
03-13 20:48:51.637  4832  9608 I HoneySpace.Memory-Monitor: no default Display - 1
03-13 20:48:51.637  4832  9608 I HoneySpace.Memory-Monitor: current state = 1, didTrim = true
03-13 20:48:51.638  3003  3911 D SensorService: setSContextDataLocked ints length 2 , byte length 4
03-13 20:48:51.638  3003  3911 D SensorService: setSContextDataLocked d20db4
03-13 20:48:51.638 15873 15873 I VRI[InputMethod]@28ec110: onDisplayChanged oldDisplayState=2 newDisplayState=1
03-13 20:48:51.638  2007  2007 I sensors-hal: inject_sensor_data:407, handle 1502 send inject
03-13 20:48:51.638  2007  2007 I sensors-hal: sendContextData:290, sensor hal 4, (0xb4, 0xd, 0xd2, 0x0)
03-13 20:48:51.638  2007  2007 I sensors-hal: sendContextData:230, activities 4 b4, 1
03-13 20:48:51.638  2007  2007 I sensors-hal: sendUserData:251, Activities cmd 0xb4 0xd
03-13 20:48:51.638  2007  2007 I sensors-hal: sendUserData:258, Activities LCD off
03-13 20:48:51.638  2007  2007 I sensors-hal: create_send_context_data:80, sending create_send_context_data
03-13 20:48:51.638  2007  2007 I sensors-hal: send_context_data:694, activities, 4914309220830019584, 1320970896291267344, msgid:700
03-13 20:48:51.638  2007  2007 I sensors-hal: sendContextData:114, common_info 4
03-13 20:48:51.638  2007  2007 I sensors-hal: sendUserData:135, CommonInfo 0xb4 0xd 0xd2 0x0, 13835075664916547616
03-13 20:48:51.638  2007  2007 I sensors-hal: create_send_context_data:70, sending create_send_context_data
03-13 20:48:51.638  2007  2007 I sensors-hal: send_context_data:694, common_info, 4914309147815575552, 1320970896291267344, msgid:700
03-13 20:48:51.638  4832  6719 I HoneySpace.Memory-Monitor: cleanMemory count=1, needTrim=true, delayTime=30000
03-13 20:48:51.638  3003  3067 D RefreshRateModeManager: onBrightnessChanged: brt=0, lux=-1.0
03-13 20:48:51.638  3003  5976 D LiftUpHandler: [LTW] Running already.
03-13 20:48:51.638  2092  2092 I SSC_DAEMON: handleSensorTestReqMsg:85, Sensor type :4, Msg type:15
03-13 20:48:51.638  4205  4267 I VRI[ShellDropTarget]@a0b4a8f: onDisplayChanged oldDisplayState=2 newDisplayState=1
03-13 20:48:51.638  2092  2092 I SSC_DAEMON: physicalSensorTestReqMsg:130, s:4, m:15
03-13 20:48:51.638  4205  4267 I VRI[View root of ReusableWindowDecorViewHost#0]@15d66b2: onDisplayChanged oldDisplayState=2 newDisplayState=1
03-13 20:48:51.638  4205  4267 I VRI[View root of ReusableWindowDecorViewHost#1]@d4195f3: onDisplayChanged oldDisplayState=2 newDisplayState=1
03-13 20:48:51.639  4205  4881 I VRI[ScreenDecorOverlayCover]@cddcdb0: onDisplayChanged oldDisplayState=1 newDisplayState=1
03-13 20:48:51.639  2007  3909 I sensors-hal: qsh_conn_resp_cb:930, resp_value = 0 for activities 
03-13 20:48:51.639  2007  3909 I sensors-hal: qsh_conn_resp_cb:930, resp_value = 0 for common_info 
03-13 20:48:51.639  3003  6711 D WifiDisplayAdapter: isFitToActiveDisplayLocked : false
03-13 20:48:51.639  4205  4362 D StackScroller: onDisplayChanged for predraw skip to 1
03-13 20:48:51.639  4205  4362 D StackScroller: onDisplayChanged for predraw skip to 1
03-13 20:48:51.639  3003  3687 D SGM:FgCheckThread: onLooperPrepared(), msg: MSG_LCD_OFF
03-13 20:48:51.639  3003  3687 D SGM:FgCheckThread: sendFocusOutConditionally() - mPrevNotiPkg: (unknown), userId: 0
03-13 20:48:51.639  3003  3687 D SGM:FgCheckThread: onLooperPrepared(), msg: MSG_LCD_OFF
03-13 20:48:51.639  2022  2124 I HYPER-HAL: [RequestManager.cpp]acquire(): Acquired ID : 2112570  [2025 / 30]    HINT :      list : [UCLAMP_MIN_BOOST / 150] [TID / 4392] [TID / 4393] [TID / 4205] [TID / 4394] 
03-13 20:48:51.640  2022  2124 I HYPER-HAL: [RequestManager.cpp]acquire(): Acquired ID : 2112570  [2025 / 30]    HINT :      list : [UCLAMP_MIN_BOOST / 200] [TID / 4392] [TID / 4393] [TID / 4205] [TID / 4394] 
03-13 20:48:51.640  2022  2124 I HYPER-HAL: [RequestManager.cpp]acquire(): Acquired ID : 2112570  [2025 / 30]    HINT :      list : [UCLAMP_MIN_BOOST / 250] [TID / 4392] [TID / 4393] [TID / 4205] [TID / 4394] 
03-13 20:48:51.640  2022  2124 I HYPER-HAL: [RequestManager.cpp]acquire(): Acquired ID : 2112570  [2025 / 30]    HINT :      list : [UCLAMP_MIN_BOOST / 300] [TID / 4392] [TID / 4393] [TID / 4205] [TID / 4394] 
03-13 20:48:51.640  2022  2124 I HYPER-HAL: [RequestManager.cpp]acquire(): Acquired ID : 2112570  [2025 / 30]    HINT :      list : [UCLAMP_MIN_BOOST / 350] [TID / 4392] [TID / 4393] [TID / 4205] [TID / 4394] 
03-13 20:48:51.640  1992  7816 D AHAL: AudioDevice: SetParameters: 1865: enter
03-13 20:48:51.640  2022  2124 I HYPER-HAL: [RequestManager.cpp]acquire(): Acquired ID : 2112570  [2025 / 30]    HINT :      list : [UCLAMP_MIN_BOOST / 400] [TID / 4392] [TID / 4393] [TID / 4205] [TID / 4394] 
03-13 20:48:51.640  1992  7816 D AHAL: AudioVoice: VoiceSetParameters: 200: Enter
03-13 20:48:51.640  1992  7816 D AHAL: AudioVoice: VoiceSetParameters: 479: Exit ret: 0
03-13 20:48:51.640  1992  7816 D AHAL: hfp: hfp_set_parameters: 444: enter
03-13 20:48:51.640  1992  7816 D AHAL: AudioDevice: SetParameters: 1948:  - screen = off
03-13 20:48:51.640  1992  7816 I PAL: ResourceManager: setParameter: 10683: Screen State:0
03-13 20:48:51.640  1992  7816 D AHAL: AudioDevice: SetParameters: 2798: exit: screen_state=off
03-13 20:48:51.640  6239  6239 I VRI[OnboardingActivity]@7b65a5f: onDisplayChanged oldDisplayState=1 newDisplayState=1
03-13 20:48:51.640  3003  3661 I InputReader: Reconfiguring input devices, changes=DISPLAY_INFO
03-13 20:48:51.640  3003  3661 I InputReader: support feature by TSP : 0x321
03-13 20:48:51.640  3003  3661 I InputReader: support feature by TSP : 0x321
03-13 20:48:51.641 29388 29388 I VRI[MainActivity]@c2b1ebd: onDisplayChanged oldDisplayState=2 newDisplayState=1
03-13 20:48:51.641  2092  3859 I SSC_DAEMON: light_event_log:185, light_msg(4/15): lcd off - 0,-1,-1,0
03-13 20:48:51.641  3003  4920 D WifiDisplayAdapter: isFitToActiveDisplayLocked : false
03-13 20:48:51.642 16161 24052 I NearbySharing: Screen is locked
03-13 20:48:51.642  3003  4920 D WifiDisplayAdapter: isFitToActiveDisplayLocked : false
03-13 20:48:51.642 16161 24052 I NearbySharing: Stopping scanning because the screen is locked.
03-13 20:48:51.643  4607 10729 D NxpGenExtn: vendor_nfc_handle_event Enter eventCode:12
03-13 20:48:51.643  4832  4832 I VRI[RecentsTransitionOverlay]@4784a59: onDisplayChanged oldDisplayState=2 newDisplayState=1
03-13 20:48:51.643  4607 10729 D NxpGenExtn: handleVendorNciRspNtf Enter dataLen:5
03-13 20:48:51.643  4607 10729 D NxpPropExtn: phNxpProp_HandleVendorNciRspNtf PropExtensionController Enter dataLen:5
03-13 20:48:51.643  4607 10729 D NxpPropExtn: handleVendorNciRspNtf Enter dataLen:5
03-13 20:48:51.643  4607 10729 D NxpGenExtn: stopWriteRspTimer Enter cmdGid:0, cmdOid:2, rspGid:0, rspOid:2,
03-13 20:48:51.643  4607 10729 D NxpGenExtn: DefaultEventHandler::handleVendorNciRspNtf Enter dataLen:5
03-13 20:48:51.643  4832  4832 I VRI[LauncherActivity]@f209089: onDisplayChanged oldDisplayState=2 newDisplayState=1
03-13 20:48:51.643  4607 10729 D NxpGenExtn: phNxpExtn_HandleVendorNciRspNtf prop status:81
03-13 20:48:51.643  4607 10729 D NxpGenExtn: NfcExtensionController::handleVendorNciRspNtf Enter dataLen:5
03-13 20:48:51.643  4607 10729 D NxpGenExtn: DefaultEventHandler::handleVendorNciRspNtf Enter dataLen:5
03-13 20:48:51.643  4607 10729 D NxpGenExtn: phNxpExtn_HandleVendorNciRspNtf gen status:81
03-13 20:48:51.643  4832  4832 I VRI[CocktailBarService]@5e29200: onDisplayChanged oldDisplayState=2 newDisplayState=1
03-13 20:48:51.643  4832  4832 I VRI[RecentsActivity]@5bc9119: onDisplayChanged oldDisplayState=2 newDisplayState=1
03-13 20:48:51.643  2092  2092 I SSC_DAEMON: handleSensorTestReqMsg:85, Sensor type :20, Msg type:15
03-13 20:48:51.643  2092  2092 I SSC_DAEMON: physicalSensorTestReqMsg:162, 0.algo_id:26, num:1
03-13 20:48:51.643 19717 19717 I HBD     : DeX h DeX mode state change in non-main thread 
03-13 20:48:51.643 19717 19717 I HBD     : DeX h DeX mode state change: 3 
03-13 20:48:51.643 19717 19717 I HBD     : DeX h DeX mode state change in non-main thread 
03-13 20:48:51.643 19717 19717 I HBD     : DeX h DeX mode state change: 3 
03-13 20:48:51.643 16161 16161 I NearbyDiscovery: (REDACTED) FastPairDisplayObserver: %s -> %s
03-13 20:48:51.643 19717 19717 I HBD     : DeX h DeX mode state change in non-main thread 
03-13 20:48:51.643  4205  4205 D NavBarView: disableBack=false (isBackDismissIme=false, handlingGestures=false, disabledFlagBack=false, isBottomGesture=false, isImeRenderingNavButtons=false)
03-13 20:48:51.643 19717 19717 I HBD     : DeX h DeX mode state change: 3 
03-13 20:48:51.643  4607  4986 D libnfc_nci: nfaDeviceManagementCallback: enter; event=0x2
03-13 20:48:51.643  4607  4986 D libnfc_nci: nfaDeviceManagementCallback: NFA_DM_SET_CONFIG_EVT
03-13 20:48:51.643  4607  4986 D NxpGenExtn: vendor_nfc_handle_event Enter eventCode:11
03-13 20:48:51.643  4205  4205 D Navbar.Store: ----handleEvent(0) OnUpdateSysUiStateFlag(noArguments=true) [Module] SamsungNavigationBarView
03-13 20:48:51.643  4607  4986 D NxpGenExtn: phNxpExtn_HandleVendorNciMsg Not vendor specific command!!
03-13 20:48:51.643  4607  4986 I NxpGenExtn: phNxpExtn_Write NCI datalen:4
03-13 20:48:51.643  4205  4205 D Navbar.Store: ------[Band]GESTURE_PACK_UPDATE_SYSTEMUI_STATE_FLAG
03-13 20:48:51.643  4607  4986 I NxpGenExtn: processExtnWrite Enter dataLen:4
03-13 20:48:51.643  4205  4205 D Navbar.Store: ------[Band] (afterAction) GESTURE_PACK_UPDATE_SYSTEMUI_STATE_FLAG
03-13 20:48:51.643  4607  4986 I NxpPropExtn: phNxpProp_ProcessExtnWrite PropExtensionController Enter dataLen:4
03-13 20:48:51.643  4607  4986 I NxpPropExtn: processExtnWrite Enter
03-13 20:48:51.643  4607  4986 D NxpPropExtn: NciStateMonitor processExtnWrite Enter
03-13 20:48:51.643  4607  4986 D NxpPropExtn: processExtnWrite Enter current screen state is:1,nciNtf.back():1
03-13 20:48:51.643  4607  4986 D NxpPropExtn: resendRequired, resend required
03-13 20:48:51.643  4607  4986 D NxpGenExtn: write Enter wLength:4
03-13 20:48:51.643  4607  4986 D NxpGenExtn: palenQueueWrite Enter wLength:4
03-13 20:48:51.643  4205  4205 D Navbar.Store: handleEvent(0) OnConfigChanged(newConfig={1.0 ?mcc0mnc [en_US] ldltr sw360dp w360dp h880dp 480dpi nrml long hdr widecg port night finger -keyb/v/h -nav/h winConfig={ mBounds=Rect(0, 0 - 1080, 2640) mAppBounds=Rect(0, 0 - 1080, 2640) mMaxBounds=Rect(0, 0 - 1080, 2640) mDisplayRotation=ROTATION_0 mWindowingMode=fullscreen mActivityType=undefined mAlwaysOnTop=undefined mRotation=ROTATION_0 mStageConfig=undefined mPopOver=undefined mOverlappingWithCutout=false mFlexPanelMode=off} s.7551 fontWeightAdjustment=0 ff=0 bf=-1 bts=0 cst=1.0 nightDim=0 themeSeq=0}) [Module] NavigationBarControllerImpl
03-13 20:48:51.643  4205  4205 D Navbar.Store: --[Band]CONFIG_PACK_CONFIG_CHANGED
03-13 20:48:51.643  4205  4205 D Navbar.Store: handleEvent(0) OnNavBarConfigChanged(canMove=true, supportPhoneLayoutProvider=true, imeDownButtonForAllRotation=false, navigationMode=0) [Module] NavigationBarControllerImpl
03-13 20:48:51.643  4205  4205 D Navbar.Store: --[Band]STABLE_LAYOUT_PACK_NAVBAR_CONFIG_CHANGED
03-13 20:48:51.643  4205  4205 D NavBarStateManager: NavBarStates(0) supportLargeCoverScreenNavBar: false
03-13 20:48:51.643  4205  4205 D Navbar.Store: --updateLayoutProvider() layoutProviderContainer = com.android.systemui.navigationbar.layout.LayoutProviderContainerImpl@1dbf89d
03-13 20:48:51.643  4205  4205 D NavBarStateManager: NavBarStates(0) supportLargeCoverScreenNavBar: false
03-13 20:48:51.643  4205  4205 D Navbar.Store: --[Band] (afterAction) STABLE_LAYOUT_PACK_NAVBAR_CONFIG_CHANGED
03-13 20:48:51.643  2007  3645 I sensors-hal: qsh_conn_event_cb:857, SCHED_FIFO(10) for qmi_cbk
03-13 20:48:51.643  4205  4205 D Navbar.Store: handleEvent(1) OnConfigChanged(newConfig={1.0 ?mcc0mnc [en_US] ldltr sw360dp w360dp h880dp 480dpi nrml long hdr widecg port night finger -keyb/v/h -nav/h winConfig={ mBounds=Rect(0, 0 - 1080, 2640) mAppBounds=Rect(0, 0 - 1080, 2640) mMaxBounds=Rect(0, 0 - 1080, 2640) mDisplayRotation=ROTATION_0 mWindowingMode=fullscreen mActivityType=undefined mAlwaysOnTop=undefined mRotation=ROTATION_0 mStageConfig=undefined mPopOver=undefined mOverlappingWithCutout=false mFlexPanelMode=off} s.7551 fontWeightAdjustment=0 ff=0 bf=-1 bts=0 cst=1.0 nightDim=0 themeSeq=0}) [Module] NavigationBarControllerImpl
03-13 20:48:51.643  4205  4205 D Navbar.Store: handleEvent(1) OnNavBarConfigChanged(canMove=true, supportPhoneLayoutProvider=true, imeDownButtonForAllRotation=false, navigationMode=0) [Module] NavigationBarControllerImpl
03-13 20:48:51.643  4205  4205 D Navbar.Store: --[Band]STABLE_LAYOUT_PACK_NAVBAR_CONFIG_CHANGED
03-13 20:48:51.643  4205  4205 D NavBarStateManager: NavBarStates(1) supportLargeCoverScreenNavBar: true
03-13 20:48:51.643  2007  3645 I sensors-hal: qsh_conn_event_cb:890, event[0] sensor:Pocket mode  Wakeup, msg_id=715, ts=5309519033207
03-13 20:48:51.643  4607 30808 D NxpGenExtn: enQueueWriteInternal Enter wLength:4
03-13 20:48:51.643  2007  3645 E libprotobuf-native: [libprotobuf ERROR external/protobuf/src/google/protobuf/message_lite.cc:133] Can't parse message of type "sns_std_sensor_event" because it is missing required fields: (cannot determine missing fields for lite message)
03-13 20:48:51.644  2094 24900 D AudioFlinger: setParameters: filtered dev setParameters keyvalue screen_state=off
03-13 20:48:51.644 15873 15873 I PkDeviceHelper: PkDeviceHelper.refreshDevices():87 refreshing devices
03-13 20:48:51.644  4205  4205 D LayoutProviderContainerImpl: getCoverDisplayContext, cover display=Display id 1: DisplayInfo{"Built-in Screen", displayId 1, displayGroupId 0, FLAG_SECURE, FLAG_SUPPORTS_PROTECTED_BUFFERS, FLAG_PRESENTATION, FLAG_CAN_SHOW_WITH_INSECURE_KEYGUARD, FLAG_SHOULD_SHOW_SYSTEM_DECORATIONS, FLAG_TRUSTED, FLAG_ALLOWS_CONTENT_MODE_SWITCH, real 748 x 720, largest app 748 x 748, smallest app 618 x 552, appVsyncOff 16666666, presDeadline 17666666, mode 8, renderFrameRate 60.000004, hasArrSupport false, frameRateCategoryRate FrameRateCategoryRate {normal=60.0, high=90.0}, supportedRefreshRates [60.000004], defaultMode 8, REFRESH_RATE_MODE_SEAMLESS, userPreferredModeId -1, supportedModes [{id=8, width=748, height=720, fps=60.000004, vsync=60.000004, synthetic=false, alternativeRefreshRates=[], supportedHdrTypes=[2, 3, 4]}], appsSupportedModes [{id=8, width=748, height=720, fps=60.000004, vsync=60.000004, synthetic=false, alternativeRefreshRates=[], supportedHdrTypes=[2, 3, 4]}], hdrCapabilities HdrCapabilities{mSupportedHdrTypes=[2, 3, 4], mMaxLuminance=450.0, mMaxAverageLuminance=225.00024, mMinLuminance=5.0E-4}, isForceSdr false, userDisabledHdrTypes [], minimalPostProcessingSupported false, rotation 0, state OFF, committedState OFF}, DisplayMetrics{density=2.125, width=748, height=618, scaledDensity=2.125, xdpi=306.438, ydpi=309.966}, isValid=true
03-13 20:48:51.644  2439  2467 I android.hardware.nfc-service.nxp: write
03-13 20:48:51.644  4832 22099 I HoneySpace.SystemUiRepository: assistantAvailable = false
03-13 20:48:51.644 16161 24052 I NearbySharing: Stopping Fast Init advertisement because Bluetooth is off.
03-13 20:48:51.644 16161 24052 I NearbySharing: Stopping advertising because Bluetooth is disabled.
03-13 20:48:51.644 16161 24052 I NearbySharing: Stopping FastInitiation scanning because the screen is locked.
03-13 20:48:51.644 16161 24052 D BluetoothAdapter: isLeEnabled(): BLE_ON
03-13 20:48:51.644 16161 24052 D BluetoothLeScanner: Stop Scan with callback
03-13 20:48:51.644  4205  4205 D Navbar.Store: --updateLayoutProvider() layoutProviderContainer = com.android.systemui.navigationbar.layout.LayoutProviderContainerImpl@1dbf89d
03-13 20:48:51.644  4205  4205 D NavBarStateManager: NavBarStates(1) supportLargeCoverScreenNavBar: true
03-13 20:48:51.644 27562 11506 D AdvertisingIdClient: AdvertisingIdClient already created.
03-13 20:48:51.645  4205  4205 D LayoutProviderContainerImpl: getCoverDisplayContext, cover display=Display id 1: DisplayInfo{"Built-in Screen", displayId 1, displayGroupId 0, FLAG_SECURE, FLAG_SUPPORTS_PROTECTED_BUFFERS, FLAG_PRESENTATION, FLAG_CAN_SHOW_WITH_INSECURE_KEYGUARD, FLAG_SHOULD_SHOW_SYSTEM_DECORATIONS, FLAG_TRUSTED, FLAG_ALLOWS_CONTENT_MODE_SWITCH, real 748 x 720, largest app 748 x 748, smallest app 618 x 552, appVsyncOff 16666666, presDeadline 17666666, mode 8, renderFrameRate 60.000004, hasArrSupport false, frameRateCategoryRate FrameRateCategoryRate {normal=60.0, high=90.0}, supportedRefreshRates [60.000004], defaultMode 8, REFRESH_RATE_MODE_SEAMLESS, userPreferredModeId -1, supportedModes [{id=8, width=748, height=720, fps=60.000004, vsync=60.000004, synthetic=false, alternativeRefreshRates=[], supportedHdrTypes=[2, 3, 4]}], appsSupportedModes [{id=8, width=748, height=720, fps=60.000004, vsync=60.000004, synthetic=false, alternativeRefreshRates=[], supportedHdrTypes=[2, 3, 4]}], hdrCapabilities HdrCapabilities{mSupportedHdrTypes=[2, 3, 4], mMaxLuminance=450.0, mMaxAverageLuminance=225.00024, mMinLuminance=5.0E-4}, isForceSdr false, userDisabledHdrTypes [], minimalPostProcessingSupported false, rotation 0, state OFF, committedState OFF}, DisplayMetrics{density=2.125, width=748, height=618, scaledDensity=2.125, xdpi=306.438, ydpi=309.966}, isValid=true
03-13 20:48:51.645 16161 17325 I NearbyDiscovery: (REDACTED) PureOffloadFastPairScanner: eventType=%s, isInternalReq=%s, isScanning=%s, isScanningAllowed=%s
03-13 20:48:51.645  4205  4205 D Navbar.Store: --[Band] (afterAction) STABLE_LAYOUT_PACK_NAVBAR_CONFIG_CHANGED
03-13 20:48:51.645  2092  3859 I SSC_DAEMON: pocketModeOptionDefineEvent:23, 2
03-13 20:48:51.645  1992  7816 D AHAL: AudioDevice: SetParameters: 1865: enter
03-13 20:48:51.645  1992  7816 D AHAL: AudioVoice: VoiceSetParameters: 200: Enter
03-13 20:48:51.645  1992  7816 D AHAL: AudioVoice: VoiceSetParameters: 479: Exit ret: 0
03-13 20:48:51.645  1992  7816 D AHAL: hfp: hfp_set_parameters: 444: enter
03-13 20:48:51.645  1992  7816 D AHAL: AudioDevice: SetParameters: 1948:  - screen = off
03-13 20:48:51.645  1992  7816 I PAL: ResourceManager: setParameter: 10683: Screen State:0
03-13 20:48:51.645  1992  7816 D AHAL: AudioDevice: SetParameters: 2798: exit: screen_state=off
03-13 20:48:51.645  2007 12669 I sensors-hal: handle_sns_client_event:142, auto_rotation_event same event skip, type:2
03-13 20:48:51.645  2007 12669 I sensors-hal: handle_sns_client_event:159, auto_rotation_event_2 event,255, duration,198, ts,276532211280288, ts_diff,266183
03-13 20:48:51.645  2007 12669 I sensors-hal: handle_sns_client_event:170, auto_rotation_debug_2 acc,1.551,0.469,-10.399, ar,0, h_ic,0,0, s,2, ver,14, pedo,1,e,1,i,3
03-13 20:48:51.646  4205  4205 I SubScreenManager:  onDeviceStateChanged DeviceState{identifier=0, name='CLOSED', app_accessible=false, cancel_when_requester_not_on_top=false}
03-13 20:48:51.646  4205  4205 I SubScreenManager: requestDualState false
03-13 20:48:51.646  3003  3594 I DeviceStateManagerService: cancelRequestInternal pid:4205, ignore
03-13 20:48:51.646  5393  6882 I ScanManager: handleScreenOff()
03-13 20:48:51.646  4205  4205 I SubScreenManager: onDeviceStateChanged() 
03-13 20:48:51.646  4205  4205 I SubLauncher:SubLauncherStateManager@232606011: setTentMode: 2 -> 0 
03-13 20:48:51.646  4205  4205 I FoldStateManager: onFoldStateChanged: true
03-13 20:48:51.646  4205  4205 I FoldStateManager: updateFoldState: isFolded = true
03-13 20:48:51.646 27562 11506 I AdvertisingIdClient: shouldSendLog 275971270
03-13 20:48:51.646  4205  4205 I FoldStateManager: onTableModeChanged: false
03-13 20:48:51.646  4205  4205 I FoldStateManager: updateTableMode: isTableMode = false
03-13 20:48:51.646 27562 11506 I AdvertisingIdClient: GetInfoInternal elapse 2ms
03-13 20:48:51.646  4205  4205 D SecVolume.VolumePanelStore: dispatch [ACTION_FOLDER_STATE_CHANGED with [STATE_FOLDER_STATE_CHANGED], currentAction={isFromOutside : true, isFolded : true}, currentState={activeStream=3(vol=0), stream=-1(vol=null) } isMediaDefaultEnabled : true, isVoiceCapable : true, isCaptionComponentEnabled : true, isHasVibrator : true, isSetupWizardComplete : true, timeOutControls : 0, pinDevice : 0, earProtectLevel : 909, ringerModeInternal : 0, timeOutControlsText : 0, activeStream : 3, timeOut : 3000, cutoutHeight : 0, systemTimeNow : 13420931}
03-13 20:48:51.646  4607 10729 D NxpGenExtn: vendor_nfc_handle_event Enter eventCode:12
03-13 20:48:51.646  4205  4205 D SecVolume.VolumePanelStore:   > New State : [STATE_FOLDER_STATE_CHANGED]
03-13 20:48:51.646  4607 10729 D NxpGenExtn: handleVendorNciRspNtf Enter dataLen:4
03-13 20:48:51.646  4607 10729 D NxpPropExtn: phNxpProp_HandleVendorNciRspNtf PropExtensionController Enter dataLen:4
03-13 20:48:51.646  4607 10729 D NxpPropExtn: handleVendorNciRspNtf Enter dataLen:4
03-13 20:48:51.646  4607 10729 D NxpGenExtn: stopWriteRspTimer Enter cmdGid:0, cmdOid:9, rspGid:0, rspOid:9,
03-13 20:48:51.646  4607 10729 D NxpPropExtn: NciStateMonitor handleVendorNciRspNtf Enter chiptype:14,mScreenState:1,nfcRfState:1
03-13 20:48:51.646  4607 10729 D NxpGenExtn: DefaultEventHandler::handleVendorNciRspNtf Enter dataLen:4
03-13 20:48:51.646  4607 10729 D NxpGenExtn: phNxpExtn_HandleVendorNciRspNtf prop status:81
03-13 20:48:51.646  4607 10729 D NxpGenExtn: NfcExtensionController::handleVendorNciRspNtf Enter dataLen:4
03-13 20:48:51.646  4607 10729 D NxpGenExtn: DefaultEventHandler::handleVendorNciRspNtf Enter dataLen:4
03-13 20:48:51.646  4607 10729 D NxpGenExtn: phNxpExtn_HandleVendorNciRspNtf gen status:81
03-13 20:48:51.646  4607  4986 D libnfc_nci: nfaDeviceManagementCallback: enter; event=0xB
03-13 20:48:51.646  4607  4986 D libnfc_nci: nfaDeviceManagementCallback: NFA_DM_SET_POWER_SUB_STATE_EVT; status=0x0
03-13 20:48:51.647  3003  3911 D SensorService: setSContextDataLocked ints length 3 , byte length 5
03-13 20:48:51.647  3003  3911 D SensorService: setSContextDataLocked 30000ec1
03-13 20:48:51.647  2007  2007 I sensors-hal: inject_sensor_data:407, handle 1502 send inject
03-13 20:48:51.647  2007  2007 I sensors-hal: sendContextData:290, sensor hal 5, (0xc1, 0xe, 0x0, 0x30)
03-13 20:48:51.647  2007  2007 I sensors-hal: sendContextData:230, activities 5 c1, 1
03-13 20:48:51.647  2007  2007 I sensors-hal: sendUserData:251, Activities cmd 0xc1 0xe
03-13 20:48:51.647  2007  2007 I sensors-hal: sendUserData:265, Activities system time h 0 m 48 s 51
03-13 20:48:51.647  2007  2007 I sensors-hal: create_send_context_data:80, sending create_send_context_data
03-13 20:48:51.647  2007  2007 I sensors-hal: send_context_data:694, activities, 4914309220830019584, 1320970896291267344, msgid:700
03-13 20:48:51.647  2007  2007 I sensors-hal: sendContextData:114, common_info 5
03-13 20:48:51.647  2007  2007 I sensors-hal: sendUserData:137, CommonInfo 0xc1 0xe 0x0 0x30
03-13 20:48:51.647  2007  2007 I sensors-hal: create_send_context_data:70, sending create_send_context_data
03-13 20:48:51.647  2007  2007 I sensors-hal: send_context_data:694, common_info, 4914309147815575552, 1320970896291267344, msgid:700
03-13 20:48:51.647  4205  4205 I Dialog  : mIsDeviceDefault = false, mIsSamsungBasicInteraction = false, isMetaDataInActivity = false
03-13 20:48:51.647 16161 17325 I NearbyDiscovery: (REDACTED) ApFastPairScanner: isScreenOn=%s, isLocationEnabled=%s, disableLocationRequirement=%s, isDiscoveryScanningEnabled=%s, during24GhzWifiWarmingUpPeriod=%s
03-13 20:48:51.647  2007  3909 I sensors-hal: qsh_conn_resp_cb:930, resp_value = 0 for activities 
03-13 20:48:51.648  2007  3909 I sensors-hal: qsh_conn_resp_cb:930, resp_value = 0 for common_info 
03-13 20:48:51.648  5393  6882 I bt_shim_scanner: system/main/shim/le_scanning_manager.cc:151 Scan: in shim layer stopped
03-13 20:48:51.648  5393  5832 W bluetooth: system/gd/hci/le_scanning_manager.cc:716 scan: address_manager_registered_
03-13 20:48:51.648  5393  5832 W bluetooth: system/gd/hci/le_scanning_manager.cc:768 stop_scan: stop_scan
03-13 20:48:51.648  5393  5832 I bluetooth: system/gd/hci/le_address_manager.cc:278 unregister_client: Client unregistered
03-13 20:48:51.648  5393  5832 I bluetooth: system/gd/hci/le_address_manager.cc:293 unregister_client: Cancelled address rotation alarm
03-13 20:48:51.648  4205  4205 I DecorView: setWindowBackground: isPopOver=false color=0 d=android.graphics.drawable.ColorDrawable@9261c7f
03-13 20:48:51.648 16161 17325 D BluetoothAdapter: isLeEnabled(): BLE_ON
03-13 20:48:51.648 16161 17325 I NearbyDiscovery: (REDACTED) ApFastPairScanner: eventType=%s, intReq=%s, scanning=%s, scanAllowed=%s, bleEnabled=%s, lockScanRate=%s, startScanningByLowPowerMode=%s
03-13 20:48:51.648 16161 17325 I NearbyDiscovery: (REDACTED) ApFastPairScanner: Stopping scan, %s
03-13 20:48:51.648 16161 17325 D BluetoothAdapter: isLeEnabled(): BLE_ON
03-13 20:48:51.648 16161 17325 D BluetoothLeScanner: Stop Scan with callback
03-13 20:48:51.648  5393  6882 W ScanManager: There is no scan radio to stop
03-13 20:48:51.648  5393  6882 I bt_shim_scanner: system/main/shim/le_scanning_manager.cc:335 SetScanParameters: in shim layer, scannerId1m=3, scannerIdCoded=0
03-13 20:48:51.648  5393  6882 W bt_shim_scanner: system/main/shim/le_scanning_manager.cc:365 SetScanParameters: Set scan params scan_int_1m : 3120, scan_win_1m : 160, Duty : 5.13% | scan_int_coded : 0, scan_win_coded : 0, Duty : nan%
03-13 20:48:51.648  5393  6882 I bt_shim_scanner: system/main/shim/le_scanning_manager.cc:151 Scan: in shim layer started
03-13 20:48:51.648  1993  1993 D vendor.qti.bluetooth@1.1-ibs_handler: SerialClockVote: vote for UART CLK ON
03-13 20:48:51.648  5393  5560 I bt_shim_scanner: system/main/shim/le_scanning_manager.cc:141 Unregister: in shim layer, scannerId=5
03-13 20:48:51.649  4205  4205 D SubFullLayoutVolumePanelView: SubFullLayoutVolumePanelView: bind
03-13 20:48:51.649  4205  4205 D SecVolume.VolumePanelStore: subscribe : observer count=4, observer=com.android.systemui.volume.view.subscreen.full.SubFullLayoutVolumePanelWindow@39a594d
03-13 20:48:51.649  4205  4205 D SecVolume.VolumePanelStore: subscribe : observer count=5, observer=com.android.systemui.volume.view.subscreen.full.SubFullLayoutVolumePanelView{e7bac02 V.E...... ......I. 0,0-0,0 #7f0a0f4e app:id/volume_panel_view_root}
03-13 20:48:51.649  4205  4205 D KeyguardTouchAnimator: screenPowerState it=SCREEN_OFF dozeUiState=false
03-13 20:48:51.649  4205  4205 D SecLifecycle: screenState=3
03-13 20:48:51.649  4205  4205 D {OngoingActivityController}:  screen OFF 
03-13 20:48:51.649  4205  4205 D CollapsedStatusBarFragment: cancelOngoingAnimation: -> Screen State Changed
03-13 20:48:51.649  4205  4205 D {ChipAnimationController}: cancelAnimation() v:ongoing_activity_capsule
03-13 20:48:51.649  4205  4205 D SecTabletHorizontalPanelPositionHelper: foldState: UNFOLD -> FOLD
03-13 20:48:51.649  4205  4205 D SecTabletHorizontalPanelPositionHelper: setHorizontalPanelTranslation(0.0), force : true
03-13 20:48:51.649  4205 13318 I DymLock|LockContainerStore: do action : change_folder_state
03-13 20:48:51.649  4205  4205 E SecQSPanelResourcePickHelper: need to prepare suitable picker for COVER
03-13 20:48:51.649  4205 13318 I DymLock|BaseLockStateContainer: onLockContainerStoreChangeEvent action[folder_change_event]
03-13 20:48:51.649  4205 13318 W DymLock|BaseLockStateContainer: onLockContainerStoreChangeEvent : not dls state
03-13 20:48:51.650  5393  6882 I bt_shim_scanner: system/main/shim/le_scanning_manager.cc:197 ScanFilterParamSetup: in shim layer, clientIf=5
03-13 20:48:51.650  4205  4205 D NavBarStateManager: NavBarStates(0) canUseNavBarBackgroundFrame: false
03-13 20:48:51.650  4184  4797 D SatelliteController: handleCmdUpdateNtnSignalStrengthReporting: ignore request, satellite is disabled
03-13 20:48:51.650  3003  3911 D SensorService: setSContextDataLocked ints length 2 , byte length 4
03-13 20:48:51.650  3003  3911 D SensorService: setSContextDataLocked 47c1
03-13 20:48:51.650  3003  3911 I SensorService: [EARPROXIMITY] EarProximitySensor2 screen 0
03-13 20:48:51.651  2007  2007 I sensors-hal: inject_sensor_data:407, handle 1502 send inject
03-13 20:48:51.651  2007  2007 I sensors-hal: sendContextData:290, sensor hal 4, (0xc1, 0x47, 0x0, 0x0)
03-13 20:48:51.651  2007  2007 I sensors-hal: sendContextData:230, activities 4 c1, 1
03-13 20:48:51.651  2007  2007 I sensors-hal: sendUserData:251, Activities cmd 0xc1 0x47
03-13 20:48:51.651  2007  2007 I sensors-hal: create_send_context_data:80, sending create_send_context_data
03-13 20:48:51.651  2007  2007 I sensors-hal: send_context_data:694, activities, 4914309220830019584, 1320970896291267344, msgid:700
03-13 20:48:51.651  2007  2007 I sensors-hal: sendContextData:114, common_info 4
03-13 20:48:51.651  1993  1993 D vendor.qti.bluetooth@1.1-wake_lock: Acquire wakelock is acquired 
03-13 20:48:51.651  2007  2007 I sensors-hal: sendUserData:137, CommonInfo 0xc1 0x47 0x0 0x0
03-13 20:48:51.651  2007  2007 I sensors-hal: create_send_context_data:70, sending create_send_context_data
03-13 20:48:51.651  1993  1993 I vendor.qti.bluetooth@1.1-ibs_handler: DeviceWakeUp: Writing IBS_WAKE_IND
03-13 20:48:51.651  2007  2007 I sensors-hal: send_context_data:694, common_info, 4914309147815575552, 1320970896291267344, msgid:700
03-13 20:48:51.651  2007  2007 I sensors-hal: write_algo_lcd_onoff_state:196, algo_lcd_onoff : 0x0
03-13 20:48:51.651  2092  2092 I SSC_DAEMON: handleSensorTestReqMsg:85, Sensor type :20, Msg type:15
03-13 20:48:51.651  2092  2092 I SSC_DAEMON: physicalSensorTestReqMsg:162, 0.algo_id:26, num:1
03-13 20:48:51.651  6103  6103 W ContextImpl: Calling a method in the system process without a qualified user: android.app.ContextImpl.startService:2068 android.content.ContextWrapper.startService:872 android.content.ContextWrapper.startService:872 com.sec.android.diagmonagent.sa.receiver.CFLogReceiver.onReceive:56 android.app.ActivityThread.handleReceiver:5663 
03-13 20:48:51.651  2007  3909 I sensors-hal: qsh_conn_resp_cb:930, resp_value = 0 for activities 
03-13 20:48:51.651  2007  3909 I sensors-hal: qsh_conn_resp_cb:930, resp_value = 0 for common_info 
03-13 20:48:51.651  5393  6882 I bt_shim_scanner: system/main/shim/le_scanning_manager.cc:197 ScanFilterParamSetup: in shim layer, clientIf=5
03-13 20:48:51.652  2092  3859 I SSC_DAEMON: pocketModeOptionDefineEvent:23, 1
03-13 20:48:51.652  4205  4205 D NavBarStateManager: NavBarStates(1) supportLargeCoverScreenNavBar: true
03-13 20:48:51.652  4205  4205 D NavBarView: disableBack=true (isBackDismissIme=false, handlingGestures=false, disabledFlagBack=true, isBottomGesture=false, isImeRenderingNavButtons=false)
03-13 20:48:51.652  4205  4205 D NavBarStateManager: NavBarStates(1) supportLargeCoverScreenNavBar: true
03-13 20:48:51.652  4205  4205 D Navbar.Store: handleEvent(0) OnUpdateSysUiStateFlag(noArguments=true) [Module] SamsungNavigationBarView
03-13 20:48:51.652  4205  4205 D Navbar.Store: --[Band]GESTURE_PACK_UPDATE_SYSTEMUI_STATE_FLAG
03-13 20:48:51.652  4205  4205 D Navbar.Store: --[Band] (afterAction) GESTURE_PACK_UPDATE_SYSTEMUI_STATE_FLAG
03-13 20:48:51.652  3003  3910 I CAE     : handleMessage(CaPowerManager.java:240) - SCREEN_OFF
03-13 20:48:51.652  4205  4205 D NavBarStateManager: NavBarStates(1) supportLargeCoverScreenNavBar: true
03-13 20:48:51.652  4205  4205 D NavBarView: disableBack=true (isBackDismissIme=false, handlingGestures=false, disabledFlagBack=true, isBottomGesture=false, isImeRenderingNavButtons=false)
03-13 20:48:51.652  4205  4205 D NavBarStateManager: NavBarStates(1) supportLargeCoverScreenNavBar: true
03-13 20:48:51.652  4205  4205 D Navbar.Store: handleEvent(0) OnUpdateSysUiStateFlag(noArguments=true) [Module] SamsungNavigationBarView
03-13 20:48:51.652  4205  4205 D Navbar.Store: --[Band]GESTURE_PACK_UPDATE_SYSTEMUI_STATE_FLAG
03-13 20:48:51.652  4205  4205 D Navbar.Store: --[Band] (afterAction) GESTURE_PACK_UPDATE_SYSTEMUI_STATE_FLAG
03-13 20:48:51.652  4205  4205 D NavigationModeController: getCurrentInteractionMode: mode=0 contextUser=0
03-13 20:48:51.652  4205  4205 D Navbar.Store: handleEvent(1) OnNavBarAttachedToWindow(navigationBarView=com.android.systemui.navigationbar.views.SamsungNavigationBarView{19eb95a G.E...... ......ID 0,0-0,0 #7f0a0847 app:id/navigation_bar_view}, navbarTransitions=com.android.systemui.navigationbar.views.NavigationBarTransitions@2aa878b) [Module] SamsungNavigationBarView
03-13 20:48:51.652  4205  4205 D Navbar.Store: --[Band]STABLE_LAYOUT_PACK_NAVBAR_ATTACHED_TO_WINDOW
03-13 20:48:51.652  4205  4205 D Navbar.Store: ----apply(1) NavBarStoreAction$ReinflateNavBar
03-13 20:48:51.652  2007  3645 I sensors-hal: qsh_conn_event_cb:890, event[0] sensor:Pocket mode  Wakeup, msg_id=715, ts=5309519194418
03-13 20:48:51.652  2007  3645 E libprotobuf-native: [libprotobuf ERROR external/protobuf/src/google/protobuf/message_lite.cc:133] Can't parse message of type "sns_std_sensor_event" because it is missing required fields: (cannot determine missing fields for lite message)
03-13 20:48:51.653  4205  4205 D Navbar.Store: ----handleEvent(1) GetInflateLayoutID(vertical=false) [Module] SamsungNavigationBarInflaterView
03-13 20:48:51.653  4205  4205 D Navbar.Store: ------[Band]STABLE_LAYOUT_PACK_GET_INFLATE_LAYOUT_ID
03-13 20:48:51.653  4205  4205 D NavBarStateManager: NavBarStates(1) getLayoutID(vertical: false): 2131559285
03-13 20:48:51.653  4205  4205 D Navbar.Store: ----handleEvent(1) value= 2131559285
03-13 20:48:51.653 16161 24052 I NearbySharing: Stopped scanning for FastInitiation
03-13 20:48:51.653  4205  4205 D Navbar.Store: ----handleEvent(1) GetInflateLayoutID(vertical=true) [Module] SamsungNavigationBarInflaterView
03-13 20:48:51.653  4205  4205 D Navbar.Store: ------[Band]STABLE_LAYOUT_PACK_GET_INFLATE_LAYOUT_ID
03-13 20:48:51.653  4205  4205 D NavBarStateManager: NavBarStates(1) getLayoutID(vertical: true): 2131559287
03-13 20:48:51.653  4205  4205 D Navbar.Store: ----handleEvent(1) value= 2131559287
03-13 20:48:51.653  4205  4205 D Navbar.Store: ----handleEvent(1) GetDefaultLayout(noArguments=true) [Module] SamsungNavigationBarInflaterView
03-13 20:48:51.653  4205  4205 D Navbar.Store: ------[Band]STABLE_LAYOUT_PACK_GET_DEFAULT_LAYOUT
03-13 20:48:51.653  4205  4205 D NavBarStateManager: NavBarStates(1) getDefaultLayout: space,home,gap,back,space;;
03-13 20:48:51.653  4205  4205 D Navbar.Store: ----handleEvent(1) value= space,home,gap,back,space;;
03-13 20:48:51.653  4205  4205 D Navbar.Store: ----handleEvent(1) GetInflateButtonWidth(buttonSpec=space, landscape=false) [Module] SamsungNavigationBarInflaterView
03-13 20:48:51.653  4205  4205 D Navbar.Store: ------[Band]STABLE_LAYOUT_PACK_INFLATE_NAVBAR
03-13 20:48:51.653  4205  4205 D NavBarStateManager: NavBarStates(1) getSpaceWidth(land: false): 64
03-13 20:48:51.653  4205  4205 D Navbar.Store: ----handleEvent(1) value= 64
03-13 20:48:51.653  4205  4205 D Navbar.Store: ----handleEvent(1) GetInflateButtonWidth(buttonSpec=home, landscape=false) [Module] SamsungNavigationBarInflaterView
03-13 20:48:51.653  4205  4205 D Navbar.Store: ------[Band]STABLE_LAYOUT_PACK_INFLATE_NAVBAR
03-13 20:48:51.653  4205  4205 D NavBarStateManager: NavBarStates(1) getButtonWidth(land: false): 102
03-13 20:48:51.653  4205  4205 D Navbar.Store: ----handleEvent(1) value= 102
03-13 20:48:51.654  4205  4205 D Navbar.Store: ----handleEvent(1) GetInflateButtonWidth(buttonSpec=gap, landscape=false) [Module] SamsungNavigationBarInflaterView
03-13 20:48:51.654  4205  4205 D Navbar.Store: ------[Band]STABLE_LAYOUT_PACK_INFLATE_NAVBAR
03-13 20:48:51.654  4205  4205 D NavBarStateManager: NavBarStates(1) getButtonDistanceSize(land: false): 17
03-13 20:48:51.654  4205  4205 D Navbar.Store: ----handleEvent(1) value= 17
03-13 20:48:51.654 16161 24052 I NearbySharing: Fast Initiation Scanning has stopped
03-13 20:48:51.654  4205  4205 D Navbar.Store: ----handleEvent(1) GetInflateButtonWidth(buttonSpec=back, landscape=false) [Module] SamsungNavigationBarInflaterView
03-13 20:48:51.654  4205  4205 D Navbar.Store: ------[Band]STABLE_LAYOUT_PACK_INFLATE_NAVBAR
03-13 20:48:51.654  4205  4205 D NavBarStateManager: NavBarStates(1) getButtonWidth(land: false): 102
03-13 20:48:51.654  4205  4205 D Navbar.Store: ----handleEvent(1) value= 102
03-13 20:48:51.654  4205  4205 D Navbar.Store: ----handleEvent(1) GetInflateButtonWidth(buttonSpec=space, landscape=false) [Module] SamsungNavigationBarInflaterView
03-13 20:48:51.654  4205  4205 D Navbar.Store: ------[Band]STABLE_LAYOUT_PACK_INFLATE_NAVBAR
03-13 20:48:51.654  4205  4205 D NavBarStateManager: NavBarStates(1) getSpaceWidth(land: false): 64
03-13 20:48:51.654  4205  4205 D Navbar.Store: ----handleEvent(1) value= 64
03-13 20:48:51.654  4205  4205 D Navbar.Store: ----handleEvent(1) GetInflateButtonWidth(buttonSpec=space, landscape=true) [Module] SamsungNavigationBarInflaterView
03-13 20:48:51.654  4205  4205 D Navbar.Store: ------[Band]STABLE_LAYOUT_PACK_INFLATE_NAVBAR
03-13 20:48:51.654  4205  4205 D NavBarStateManager: NavBarStates(1) getSpaceWidth(land: true): 64
03-13 20:48:51.654  4205  4205 D Navbar.Store: ----handleEvent(1) value= 64
03-13 20:48:51.654 16161 24052 I NearbySharing: Dismissing HUN as there's no device nearby.
03-13 20:48:51.654  5393  6882 E ScanManager: [GSIM LOG]: gsimLogHandler, msg: MESSAGE_SCAN_STOP, appName: com.google.android.gms, scannerId: 5, reportDelayMillis=0
