03-13 20:28:42.777  3003  3951 D GnssLocationProvider_ex: (9, GALILEO, L1, 22.0, 1) (10, GALILEO, L1, 28.5, 1) (11, GALILEO, L1, 18.3, 0) (12, GALILEO, L1, 15.7, 0) (14, GALILEO, L1, 23.2, 1) (19, GALILEO, L1, 19.8, 1) 
03-13 20:28:42.777  3003  3951 D GnssLocationProvider_ex: (30, GALILEO, L1, 22.0, 0) (36, GALILEO, L1, 22.1, 1) (21, GPS, L5, 22.2, 0) (6, GALILEO, L5, 18.3, 0) (14, GALILEO, L5, 18.2, 0) (41, BEIDOU, L5, 19.9, 0) 
03-13 20:28:42.778  5490  5568 I GnssEngineManager_FLP: updateSatelliteStatus, top4=28, top6=27, visibleSv=30, usedSv=22, usedL5Sv=0 (usedGps=9, usedGlo=3, usedBds=3, usedGal=7)
03-13 20:28:42.780  3003  3951 D GnssLocationProvider: reportLocation
03-13 20:28:42.782  5490  5568 I GnssEngineManager_FLP: onGpsLocationChanged, provider=gps / isMock=false / speed=0.0 / time=1773448123000 / elapsed=275323332391464
03-13 20:28:42.782  5490  5568 I NewStopController_FLP: isAvailableLastLoc, KeepStationary : false , timeGap : 16 , mStraightFixCount : 0
03-13 20:28:42.783  5490  5568 I NewStopController_FLP: onChangedGlpLocation, isGpsStopped= false, isReportingLL= false, isAvailableLastLoc : true
03-13 20:28:42.786  4832 11109 I HoneySpace.DeviceStateUseCase: update: DeviceState(naviMode=THREE_BUTTON, navigationBarHeight=144, hint=true, transparentHint=false, rotation=0, displayId=0, displaySize=Point(1080, 2640), displayCutout=DisplayCutout{insets=Rect(0, 94 - 0, 0) waterfall=Insets{left=0, top=0, right=0, bottom=0} boundingRect={Bounds=[Rect(0, 0 - 0, 0), Rect(505, 0 - 576, 94), Rect(0, 0 - 0, 0), Rect(0, 0 - 0, 0)]} cutoutPathParserInfo={CutoutPathParserInfo{displayWidth=1080 displayHeight=2640 physicalDisplayWidth=1080 physicalDisplayHeight=2640 density={3.0} cutoutSpec={M 0,0 H -11.83333333333333 V 31.33333333333333 H 11.83333333333333 V 0 H 0 Z @dp} rotation={0} scale={1.0} physicalPixelDisplaySizeRatio={1.0}}} sideOverrides={}}, isNavCanMove=true, isTablet=false, extraDisplayInfo=ExtraDisplayInfo(rotation=0, displayId=1, displaySize=Point(748, 720), displayCutout=DisplayCutout{insets=Rect(0, 0 - 0, 66) waterfall=Insets{left=0, top=0, right=0, bottom=0} boundingRect={Bounds=[Rect(0, 0 - 0, 0), Rect(0, 0 - 0, 0), Rect(0, 0 - 0, 0), Rect(379, 654 - 748, 720)]} cutoutPathParserInfo={CutoutPathParserInfo{displayWidth=748 displayHeight=720 physicalDisplayWidth=748 physicalDisplayHeight=720 density={2.125} cutoutSpec={@bottom @right M 0,0 H -173.6470588235294 V -31.05882352941176 H 0 V 0 Z @dp} rotation={0} scale={1.0} physicalPixelDisplaySizeRatio={1.0}}} sideOverrides={}}, foldState=2), enableOverlayWindow=false)
03-13 20:28:42.788  4832  4832 I HoneySpace.GestureInputHandler: deviceState changed DeviceState(naviMode=THREE_BUTTON, navigationBarHeight=144, hint=true, transparentHint=false, rotation=0, displayId=0, displaySize=Point(1080, 2640), displayCutout=DisplayCutout{insets=Rect(0, 94 - 0, 0) waterfall=Insets{left=0, top=0, right=0, bottom=0} boundingRect={Bounds=[Rect(0, 0 - 0, 0), Rect(505, 0 - 576, 94), Rect(0, 0 - 0, 0), Rect(0, 0 - 0, 0)]} cutoutPathParserInfo={CutoutPathParserInfo{displayWidth=1080 displayHeight=2640 physicalDisplayWidth=1080 physicalDisplayHeight=2640 density={3.0} cutoutSpec={M 0,0 H -11.83333333333333 V 31.33333333333333 H 11.83333333333333 V 0 H 0 Z @dp} rotation={0} scale={1.0} physicalPixelDisplaySizeRatio={1.0}}} sideOverrides={}}, isNavCanMove=true, isTablet=false, extraDisplayInfo=ExtraDisplayInfo(rotation=0, displayId=1, displaySize=Point(748, 720), displayCutout=DisplayCutout{insets=Rect(0, 0 - 0, 66) waterfall=Insets{left=0, top=0, right=0, bottom=0} boundingRect={Bounds=[Rect(0, 0 - 0, 0), Rect(0, 0 - 0, 0), Rect(0, 0 - 0, 0), Rect(379, 654 - 748, 720)]} cutoutPathParserInfo={CutoutPathParserInfo{displayWidth=748 displayHeight=720 physicalDisplayWidth=748 physicalDisplayHeight=720 density={2.125} cutoutSpec={@bottom @right M 0,0 H -173.6470588235294 V -31.05882352941176 H 0 V 0 Z @dp} rotation={0} scale={1.0} physicalPixelDisplaySizeRatio={1.0}}} sideOverrides={}}, foldState=2), enableOverlayWindow=false)
03-13 20:28:42.788  2007  3645 I sensors-hal: handle_sns_client_event:206, lid_angle_fusion submit_sensors_hal_event 1/ 63/1  63/1
03-13 20:28:42.788  4832  4832 I HoneySpace.RegionManagerImpl: changeTouchRegion() called with: com.honeyspace.gesture.region.NoGestureTouchRegion@f738816 to DeviceState(naviMode=THREE_BUTTON, navigationBarHeight=144, hint=true, transparentHint=false, rotation=0, displayId=0, displaySize=Point(1080, 2640), displayCutout=DisplayCutout{insets=Rect(0, 94 - 0, 0) waterfall=Insets{left=0, top=0, right=0, bottom=0} boundingRect={Bounds=[Rect(0, 0 - 0, 0), Rect(505, 0 - 576, 94), Rect(0, 0 - 0, 0), Rect(0, 0 - 0, 0)]} cutoutPathParserInfo={CutoutPathParserInfo{displayWidth=1080 displayHeight=2640 physicalDisplayWidth=1080 physicalDisplayHeight=2640 density={3.0} cutoutSpec={M 0,0 H -11.83333333333333 V 31.33333333333333 H 11.83333333333333 V 0 H 0 Z @dp} rotation={0} scale={1.0} physicalPixelDisplaySizeRatio={1.0}}} sideOverrides={}}, isNavCanMove=true, isTablet=false, extraDisplayInfo=ExtraDisplayInfo(rotation=0, displayId=1, displaySize=Point(748, 720), displayCutout=DisplayCutout{insets=Rect(0, 0 - 0, 66) waterfall=Insets{left=0, top=0, right=0, bottom=0} boundingRect={Bounds=[Rect(0, 0 - 0, 0), Rect(0, 0 - 0, 0), Rect(0, 0 - 0, 0), Rect(379, 654 - 748, 720)]} cutoutPathParserInfo={CutoutPathParserInfo{displayWidth=748 displayHeight=720 physicalDisplayWidth=748 physicalDisplayHeight=720 density={2.125} cutoutSpec={@bottom @right M 0,0 H -173.6470588235294 V -31.05882352941176 H 0 V 0 Z @dp} rotation={0} scale={1.0} physicalPixelDisplaySizeRatio={1.0}}} sideOverrides={}}, foldState=2), enableOverlayWindow=false)
03-13 20:28:42.789  3003  4415 D TspStateManager: holeName: HomeGesture, direction: 0, startY: 0, endY: 0
03-13 20:28:42.789  4832  4832 I DeadZoneHole: resetDeadZoneHole
03-13 20:28:42.789  4832  4832 I HoneySpace.RegionManagerImpl: resetSwipeRegion. RectF(0.0, 0.0, 0.0, 0.0), RectF(0.0, 0.0, 0.0, 0.0)
03-13 20:28:42.791 16161 16586 I FusedLocation: (REDACTED) location delivery to %s blocked - too close
03-13 20:28:42.791  3003 21012 I Mocca_VehicleDetectionHelper: (1.1.04.1)GPS: Avg speed: 0.0 Speed: 0.0 LIST: [0.0, 0.0, 0.0, 0.0, 0.0, 0.0, 0.0, 0.0, 0.0, 0.0]
03-13 20:28:42.791  3003  4411 D SLocation: PositionManager - Passive handleLocationChanged [G, A : 3.87, T : 1773448123000, ET : 275323332, E : DI, h : 20/27]
03-13 20:28:42.791  3003 21012 D VehicleSensorHub: vehicleSendToSensorHub status : 2 type : 18
03-13 20:28:42.791  3003 21012 I SensorManager: Get Sensor type = 65586
03-13 20:28:42.792 16161 16586 I FusedLocation: (REDACTED) location delivery to %s blocked - too close
03-13 20:28:42.792 16161 16586 I FusedLocation: (REDACTED) location delivery to %s blocked - too close
03-13 20:28:42.792 16161 16586 I FusedLocation: (REDACTED) location delivery to %s blocked - too fast
03-13 20:28:42.792 16161 16586 I FusedLocation: (REDACTED) location delivery to %s blocked - too close
03-13 20:28:42.792  3003 21012 D SensorService: setSContextDataLocked ints length 3 , byte length 5
03-13 20:28:42.792  3003 21012 D SensorService: setSContextDataLocked 123c17c1
03-13 20:28:42.792  3003  4411 D SLocation: PositionManager - receive gps location
03-13 20:28:42.792  2007  2007 I sensors-hal: inject_sensor_data:407, handle 1502 send inject
03-13 20:28:42.792  2007  2007 I sensors-hal: sendContextData:290, sensor hal 5, (0xc1, 0x17, 0x3c, 0x12)
03-13 20:28:42.792  2007  2007 I sensors-hal: sendContextData:230, activities 5 c1, 1
03-13 20:28:42.792  2007  2007 I sensors-hal: sendUserData:251, Activities cmd 0xc1 0x17
03-13 20:28:42.792  2007  2007 I sensors-hal: create_send_context_data:80, sending create_send_context_data
03-13 20:28:42.792  2007  2007 I sensors-hal: send_context_data:694, activities, 4914309220830019584, 1320970896291267344, msgid:700
03-13 20:28:42.792  3003  3003 D DeviceStatePolicy: notifyDeviceStateChangedIfNeeded: newState=1, lastState=2, caller=com.android.server.policy.FlexibleDeviceStatePolicy.adjustState:57 com.android.server.policy.FlexibleDeviceStateProvider.notifyDeviceStateChangedIfNeeded:90 com.android.server.policy.FlexibleDeviceStateProvider.onSensorChanged:21 
03-13 20:28:42.793  3003  3003 D SemInputDeviceManager: setProperty: TSP_SUB(2) CMD,ALWAYS_LOW_POWER_MODE,1
03-13 20:28:42.793  3003  4411 D SLocation: LocationBuffer - receivedLocation - op[interval(min 60000, max 300000), waitTime 36000000, numOfUpdates 20, minDistance 200.0]dist : 0.8475212 diffTime : 16999 filtered Location
03-13 20:28:42.793  2007  3909 I sensors-hal: qsh_conn_resp_cb:930, resp_value = 0 for activities 
03-13 20:28:42.793  3003 21012 W ContextImpl: Calling a method in the system process without a qualified user: android.app.ContextImpl.sendBroadcast:1335 com.samsung.android.mocca.app.vehicle.AdvancedVehicleDetection.reportAdvancedVehicleEvent:185 com.samsung.android.mocca.app.vehicle.AdvancedVehicleDetection.handleLocEvent:277 com.samsung.android.mocca.app.vehicle.AdvancedVehicleDetection.p:0 D.e.h:136 
03-13 20:28:42.793  3003  3993 D SemInputDevice:TSP_SUB: SetPropertyTask: CMD,set_always_lpm,1 [03-13 20:28:42.793]
03-13 20:28:42.794  3003  4411 D SLocation: BatchManager - received batch location buffered = false
03-13 20:28:42.795  2071  2128 I sysinput:aidl: onReportInformation:93, 2, cmd@set_always_lpm,1:0
03-13 20:28:42.796  5490  5568 I GmsPassiveListener_FLP: onGmsLocationChanged, provider=fused / speed=0.016186412 / time=1773448122766 / elapsed=275323332391464
03-13 20:28:42.797  2071  2128 I sysinput:Touch2: operator():237, OK
03-13 20:28:42.797  3003  3993 D SysinputHAL_AIDL: setProperty(TSP_SUB(2)): CMD, set_always_lpm,1 ret=0
03-13 20:28:42.797 32228 32228 I [CE]_ContextEngineReceiver: onReceive - ContextEngineReceiver onReceive action : com.samsung.android.mocca.ACTION_ADVANCED_VEHICLE_EVENT
03-13 20:28:42.797 32228 32228 I [CE]_ContextEngineReceiver: onReceive - ActivityDataManager intent : com.samsung.android.mocca.ACTION_ADVANCED_VEHICLE_EVENT
03-13 20:28:42.797 16161 24904 W ChipsetCorrectionsCompu: Pixel is inside building or within UNKNOWN clutter type
03-13 20:28:42.797 32228 32228 I [CE]_MovingContextProvider: onReceive - Advanced Vehicle Context received: 18, 2
03-13 20:28:42.797 32228 32228 I [CE]_CarContextProvider: onReceive - Advanced Vehicle Context received: 18, 2
03-13 20:28:42.798  2005  2005 I LocSvc_GnssAdapter: measCorrSetCorrectionsCommand:7500] GnssAdapter::measCorrSetCorrectionsCommand
03-13 20:28:42.798  2005  2047 I LocSvc_api_v02: ---> locClientSendReq line 2462 UNKNOWN
03-13 20:28:42.799  3003  4411 D SLocation: PositionManager - Passive handleLocationChanged [F, A : 3.99, T : 1773448122766, ET : 275323332, h : 20/27]
03-13 20:28:42.799  3003  4411 D SLocation: PositionManager - receive fused location
03-13 20:28:42.799  3003  4411 D SLocation: DuplicateLocationChecker_GeofenceLocationFilter - fused is duplicated last fused location
03-13 20:28:42.799  3003  4411 D SLocation: LocationBuffer - receivedLocation - op[interval(min 60000, max 300000), waitTime 36000000, numOfUpdates 20, minDistance 200.0]dist : 0.84878886 diffTime : 16999 filtered Location
03-13 20:28:42.799  3003  4411 D SLocation: BatchManager - received batch location buffered = false
03-13 20:28:42.799  3003  4411 D SLocation: SLocationCoreSem - send to coreSem, packet length : 23 / [2, 24, 91, 18, 41, 211, 198, 126, 19, 0, 0, 0, 3, 2, 0, 0, 1, 156, 233, 190, 209, 142, 0]
03-13 20:28:42.799  3003  4411 D SemContextLocationCoreAttribute: setAttribute() mode : 0 action : 23
03-13 20:28:42.799  3003  4411 D SemContextService: lock : changeParameters
03-13 20:28:42.799  3003  4411 D SemContext.CaeProvider.LocationCoreImpl: setAttribute() mode : 0 action : 23
03-13 20:28:42.800  3003  4411 W CAE     : setCAProperty(ContextAwareService.java:509) - [setProperty 01] Mutex is locked for SLOCATION_RUNNER
03-13 20:28:42.800  3003  4411 I CAE     : setPropertyValue(SLocationRunner.java:116) - SLocationRunner setProperty header : 2, len : 23
03-13 20:28:42.800  2005  3349 I LocSvc_ApiV02: <--- globalRespCb line 355 UNKNOWN
03-13 20:28:42.800  3003  3911 D SensorService: setSContextDataLocked ints length 8 , byte length 26
03-13 20:28:42.800  3003  3911 D SensorService: setSContextDataLocked 23717c1
03-13 20:28:42.800  2007  2007 I sensors-hal: inject_sensor_data:407, handle 1502 send inject
03-13 20:28:42.800  2007  2007 I sensors-hal: sendContextData:290, sensor hal 26, (0xc1, 0x17, 0x37, 0x2)
03-13 20:28:42.800  2007  2007 E sensors-hal: sendContextData:133, slocationcore h 193 m 23 s 55
03-13 20:28:42.800  2007  2007 I sensors-hal: sendUserData:119, slocationcore sendUserData
03-13 20:28:42.800  2007  2007 E sensors-hal: create_send_context_data:64, slocationcore create_send_context_data
03-13 20:28:42.800  2007  2007 I sensors-hal: send_context_data:694, slocationcore, 4986366670857974562, 1320970896291267344, msgid:700
03-13 20:28:42.801  3003  4411 W CAE     : setCAProperty(ContextAwareService.java:515) - [setProperty 02] Mutex is unlocked for SLOCATION_RUNNER
03-13 20:28:42.801  3003  4411 D SemContextService: unlock : changeParameters
03-13 20:28:42.801  3003  4411 D SemContextManager:   .changeParameters : listener = Z.i@46c9840, service=SLocation Core
03-13 20:28:42.802  2007  3909 I sensors-hal: qsh_conn_resp_cb:930, resp_value = 0 for slocationcore 
03-13 20:28:42.802  2007  3909 I sensors-hal: qsh_conn_event_cb:890, event[0] sensor:slocationcore  Wakeup, msg_id=1025, ts=5286309271693
03-13 20:28:42.802  2007  3909 E sensors-hal: handle_sns_client_event:78, slocationcore_event: msgid:1025
03-13 20:28:42.803  2007  3909 I sensors-hal: qsh_conn_event_cb:890, event[0] sensor:slocationcore  Wakeup, msg_id=1025, ts=5286309272063
03-13 20:28:42.803  2007  3909 E sensors-hal: handle_sns_client_event:78, slocationcore_event: msgid:1025
03-13 20:28:42.805  3003  3907 D CAE     : onGetSensorHubData(SensorHubParserProvider.java:92) - onGetSensorHubData Event [event buffer len :36], AP_WAKEUP
03-13 20:28:42.805  3003  3907 I CAE     : parse(SensorHubParserProvider.java:188) - buffer size = 36
03-13 20:28:42.805  3003  3907 I CAE     : parse(SensorHubParserProvider.java:199) - 1, 1, 55, 0, 31, 5, 15, 5, 0, 0, 0, -56, 0, 26, 43, 56, 5, 1, 0, 0, 0, 100, 0, 26, 47, 32, 15, 5, 0, 0, 0, -56, 0, 26, 47, 32,
03-13 20:28:42.805  3003  3907 I CAE     : parse(SLocationRunner.java:88) - SLocationRunner parse start : 3
03-13 20:28:42.805  3003  3907 D CAE     : display(ContextProvider.java:375) - ================= SLOCATION_RUNNER =================
03-13 20:28:42.805  3003  3907 I CAE     : display(ContextProvider.java:391) - ExtraDataArray=[1, 1, 55, 0, 31, 5, 15, 5, 0, 0, 0, -56, 0, 26, 43, 56, 5, 1, 0, 0, 0, 100, 0, 26, 47, 32, 15, 5, 0, 0, 0, -56, 0, 26, 47, 32]
03-13 20:28:42.805  3003  3907 I CAE     : parse(SLocationRunner.java:96) - SLocationRunner parse end:36
03-13 20:28:42.805  3003  3907 D CAE     : onGetSensorHubData(SensorHubParserProvider.java:92) - onGetSensorHubData Event [event buffer len :10], AP_WAKEUP
03-13 20:28:42.805  3003  3907 I CAE     : parse(SensorHubParserProvider.java:188) - buffer size = 10
03-13 20:28:42.805  3003  3907 I CAE     : parse(SensorHubParserProvider.java:199) - 1, 1, 55, 0, 5, 2, 2, 0, 0, 0,
03-13 20:28:42.805  3003  3907 I CAE     : parse(SLocationRunner.java:88) - SLocationRunner parse start : 3
03-13 20:28:42.805  3003  3907 D CAE     : display(ContextProvider.java:375) - ================= SLOCATION_RUNNER =================
03-13 20:28:42.805  3003  3907 I CAE     : display(ContextProvider.java:391) - ExtraDataArray=[1, 1, 55, 0, 5, 2, 2, 0, 0, 0]
03-13 20:28:42.805  3003  3907 I CAE     : parse(SLocationRunner.java:96) - SLocationRunner parse end:10
03-13 20:28:42.806  3003  3904 D SemContextService: Service.updateContext() : service = SLocation Core
03-13 20:28:42.806  3003  3904 D SemContextService: Service.updateContext() : service = SLocation Core
03-13 20:28:42.806  3003  3003 D SemContextManager: onSemContextChanged() : event = SLocation Core
03-13 20:28:42.807  3003  3003 D SLocation: SensorHubWrapper - SemContextChanged type = 47, packet received
03-13 20:28:42.807  3003  3003 D SemContextManager: onSemContextChanged() : event = SLocation Core
03-13 20:28:42.807  3003  3003 D SLocation: SensorHubWrapper - SemContextChanged type = 47, packet received
03-13 20:28:42.807  3003  4411 D SLocation: GeofenceCoreManager - received Extra Data from core, len : 31
03-13 20:28:42.807  3003  4411 D SLocation: CommonCoreManager - received Extra Data from core, len : 31
03-13 20:28:42.807  3003  4411 D SLocation: GeofenceCoreManager - received Extra Data from core, len : 5
03-13 20:28:42.807  3003  4411 D SLocation: GeofenceCoreManager - handleCommandCallback - UNKNOWN_CALLBACK 2 SUCCESS
03-13 20:28:42.807  3003  4411 D SLocation: CommonCoreManager - received Extra Data from core, len : 5
03-13 20:28:42.808  3003  4411 D SLocation: CommonCoreManager - handleCommandCallback - FUNC_TYPE : SET_LOCATION  ERROR_CODE : ERROR_NONE
03-13 20:28:42.868  2007 12669 I sensors-hal: handle_sns_client_event:94, folding_angle ts=275323434152108 ns value  47/0 (0/0/2/2 -3.283/5.499/-7.336 -0.780/3.718/9.452 8 0)
03-13 20:28:42.868  2007  3645 I sensors-hal: handle_sns_client_event:182, lid_angle_fusion ts=275323434151327 ns value 1/ 47/1  47/1  -1/-1     0/    0/    0 (0/0/2/2 -3.283/5.499/-7.336 -0.780/3.718/9.452 8)
03-13 20:28:42.872  2007  3645 I sensors-hal: qsh_conn_event_cb:890, event[0] sensor:Light seamless  Wakeup, msg_id=1025, ts=5286310606648
03-13 20:28:42.872  2007  3645 I sensors-hal: handle_sns_client_event:46, light_seamless ts=275323437048775 ns, 17,50,2147483647, M:0,0, S:0,0
03-13 20:28:42.876  2007 25136 I sensors-hal: get_flicker_als_data:183, [SSC_LIGHT] flicker lux: 37 (2624, 24, dw: 48)
03-13 20:28:42.876  2007 25136 I sensors-hal: handle_sns_std_sensor_event:409, [SSC_LIGHT] P: 17(17),c:20,b:85,m:13,cl:4,l:16,s:15,l0:1680,l1:0,s0:1302,s1:0,acl:1,opr:0.23,f(r):97,u(bl):112,if:0,wi:0,si:8,po:122(N:0)
03-13 20:28:42.875  3003  3067 D RefreshRateModeManager: onBrightnessChanged: brt=85, lux=17.0
03-13 20:28:42.909  2007  3645 I sensors-hal: handle_sns_client_event:182, lid_angle_fusion ts=275323474144296 ns value 1/ 33/1  33/1  -1/-1     0/    0/    0 (0/0/2/2 -0.981/2.355/-8.849 0.139/3.958/15.467 6)
03-13 20:28:42.909  2007 12669 I sensors-hal: handle_sns_client_event:94, folding_angle ts=275323474143254 ns value  33/0 (0/0/2/2 -0.981/2.355/-8.849 0.139/3.958/15.467 6 0)
03-13 20:28:42.949  2007  3645 I sensors-hal: handle_sns_client_event:182, lid_angle_fusion ts=275323514344973 ns value 1/ 15/1  15/1  -1/-1     0/    0/    0 (0/0/2/2 -0.536/-0.024/-7.820 -2.364/1.842/6.901 3)
03-13 20:28:42.949  2007 12669 I sensors-hal: handle_sns_client_event:94, folding_angle ts=275323514323619 ns value  15/0 (0/0/2/2 -0.536/-0.024/-7.820 -2.364/1.842/6.901 3 0)
03-13 20:28:42.949  3003  3067 D InputManager: mFoldingAngleListener: state changed, angle = 15.0, state = 0
03-13 20:28:42.989  2007 12669 I sensors-hal: handle_sns_client_event:94, folding_angle ts=275323554143254 ns value   0/0 (0/0/2/2 1.436/1.598/-11.945 0.804/-3.063/15.161 1 0)
03-13 20:28:42.989  2007  3645 I sensors-hal: handle_sns_client_event:182, lid_angle_fusion ts=275323554143775 ns value 0/  0/1   0/1  -1/-1     0/    0/    0 (0/0/2/2 1.436/1.598/-11.945 0.804/-3.063/15.161 1)
03-13 20:28:42.989  2007  3645 I sensors-hal: handle_sns_client_event:206, lid_angle_fusion submit_sensors_hal_event 0/  0/1   0/1
03-13 20:28:42.992  3003  3003 E FlexibleDeviceStateProvider: No declared device states match any of the required conditions.
03-13 20:28:42.993  3003  3003 I FlexibleDeviceStateProvider: LidSwitch mIsLidOpen: true
03-13 20:28:42.993  3003  3003 I FlexibleDeviceStateProvider: Sensor values:
03-13 20:28:42.993  3003  3003 I FlexibleDeviceStateProvider: lid_angle_fusion  Wakeup : [0.0, 0.0, 0.0]
03-13 20:28:42.993  3003  3003 I FlexibleDeviceStateProvider: isScreenOn: false
03-13 20:28:42.993  3003  3003 D DeviceStatePolicy: notifyDeviceStateChangedIfNeeded: newState=-1, lastState=2, caller=com.android.server.policy.FlexibleDeviceStatePolicy.adjustState:57 com.android.server.policy.FlexibleDeviceStateProvider.notifyDeviceStateChangedIfNeeded:90 com.android.server.policy.FlexibleDeviceStateProvider.onSensorChanged:21 
03-13 20:28:42.997  3003  3661 D InputReader: Btn_touch(4): value=1 when=94711.993732
03-13 20:28:42.997  3003  3661 I InputReader: Touch event's action is 0x0 (id=9, t=0) [pCnt=1, s=0.436 ] when=94711.993732
03-13 20:28:42.998  3003  3658 I InputDispatcher: No new touched window at (693.2, 112.5) in display 1
03-13 20:28:42.998  3003  3658 I InputDispatcher: Dropping event because there is no touchable window at (693.215, 112.5) on display 1: MotionEvent
03-13 20:28:42.999  3003  3658 D PowerManagerService: [api] userActivityFromNative : touch displayId=1 eventTime=94711993
03-13 20:28:43.000  3003  3658 D PowerManagerService: UserActivityStateListenerState: 1
03-13 20:28:43.000  6380  6380 I SemDvfsHyPerManager: acquire hyper - TATouchBoost/6380@30, type = -999
03-13 20:28:43.001  6380  6380 I SemDvfsHyPerManager: acquire hyper - TA_TOUCH_SHARE/6380@31, type = -999
03-13 20:28:43.001  2022  2124 I HYPER-HAL: [RequestManager.cpp]acquire(): Acquired ID : 20547285  [6380 / 30]    HINT :      list : [TABoost / 1] [TIMEOUT / 1500] 
03-13 20:28:43.002  2022  2124 I HYPER-HAL: [RequestManager.cpp]acquire(): Acquired ID : 20553697  [6380 / 31]    HINT : TA_TOUCH_SHARE    list : [TIMEOUT / 1500] 
03-13 20:28:43.005  2007  3262 I SensorsGrip: TouchLight: event = 21 (21)
03-13 20:28:43.005  2007  3262 I SensorsGrip: TouchLight: report event 1
03-13 20:28:43.006  3003  3067 W system_server: PointerController instance was released with pending callbacks.  events=0x1
03-13 20:28:43.006  3003  3130 D AutomaticBrightnessController: [api] onSensorChanged: proximity: true
03-13 20:28:43.016  3003  3661 D InputReader: Input event [EV_SW](9): code=0x0, value=1, when=94712.012139
03-13 20:28:43.017  3003  3661 D InputReader: processSwitch() : elapsed time = 0ms, switchCode=0
03-13 20:28:43.017  3003  3661 D InputManager: notifySwitch: values=1, mask=1
03-13 20:28:43.017  3003  3661 D DeviceStatePolicy: notifyDeviceStateChangedIfNeeded: newState=0, lastState=2, caller=com.android.server.policy.FlexibleDeviceStatePolicy.adjustState:57 com.android.server.policy.FlexibleDeviceStateProvider.notifyDeviceStateChangedIfNeeded:90 com.android.server.policy.FlexibleDeviceStateProvider.notifyLidSwitchChanged:40 
03-13 20:28:43.018  3003  3661 D SemInputDeviceManager: setProperty: TSP_SUB(2) CMD,ALWAYS_LOW_POWER_MODE,0
03-13 20:28:43.018  3003  3661 D DeviceStateManagerService: onStateChanged identifier = 0
03-13 20:28:43.019  3003  3661 W OverrideRequestController: Attempted to cancel a null OverrideRequest
03-13 20:28:43.019  3003  3993 D SemInputDevice:TSP_SUB: SetPropertyTask: CMD,set_always_lpm,0 [03-13 20:28:43.018]
03-13 20:28:43.019  3003  3661 I DeviceStateManagerService: Cannot notify device state info change when pending state is present.
03-13 20:28:43.019  3003  3661 D DeviceStatePolicy: updateFoldingSensorListenerLw, foldOpen=false, awake=true, isTableModeEnabled=true, forceOff=false, caller=com.android.server.policy.FlexibleDeviceStateProvider.notifyDeviceStateChangedIfNeeded:146 com.android.server.policy.FlexibleDeviceStateProvider.notifyLidSwitchChanged:40 com.android.server.input.InputManagerService.notifySwitch:103 <bottom of call stack> <bottom of call stack> <bottom of call stack> <bottom of call stack> <bottom of call stack> <bottom of call stack> <bottom of call stack> 
03-13 20:28:43.020  2092  2092 I SSC_DAEMON: handleSensorTestReqMsg:85, Sensor type :20, Msg type:14
03-13 20:28:43.020  3003  3067 D DeviceStateManagerService: Committing state: DeviceState{identifier=0, name='CLOSED', app_accessible=false, cancel_when_requester_not_on_top=false}
03-13 20:28:43.020  2092  2092 I factory.ssc: vendor/qcom/proprietary/adsprpc/src/fastrpc_apps_user.c:1684: remote_handle64_open: opened handle 0xb400006d90c31bd0 (remote 0x0) for '":;./\createstaticpd:sensorspd&_dom=adsp on domain 0 (spawn time 0 us, load time 0 us), num handles 1
03-13 20:28:43.020  2007  2007 I sensors-hal: activate:300, com.samsung.sensor.folding_state/2592 en=0
03-13 20:28:43.020  2007  2007 I sensors-hal: send_sync_sensor_request:508, send sync request
03-13 20:28:43.020  2007  2007 I sensors-hal: send_sync_sensor_request:518, send_sync_sensor_request before send_request for lid_angle_fusion with SUID low=8603657889549748343 high=1320970896290190866
03-13 20:28:43.021  2007  2007 I sensors-hal: send_sync_sensor_request:537, wait for notification of response
03-13 20:28:43.021  2007  3645 I sensors-hal: qsh_conn_resp_cb:930, resp_value = 0 for lid_angle_fusion 
03-13 20:28:43.021  3003  3067 D DeviceStateManagerGlobal: handleDeviceStateInfoChanged state=DeviceState{identifier=0, name='CLOSED', app_accessible=false, cancel_when_requester_not_on_top=false}, baseState=DeviceState{identifier=0, name='CLOSED', app_accessible=false, cancel_when_requester_not_on_top=false}
03-13 20:28:43.021  2007  2007 I sensors-hal: send_sync_sensor_request:543, takes 0 ms to receive the response with 0
03-13 20:28:43.021  2007  2007 I sensors-hal: activate:330, com.samsung.sensor.folding_state/2592 en=0 completed
03-13 20:28:43.022  3003  3661 D SensorManager: unregisterListener :: com.android.server.policy.FlexibleDeviceStateProvider@9bf61fe
03-13 20:28:43.022  3003  3661 D DeviceStatePolicy: unregisterFoldingSensorListenerLocked success!
03-13 20:28:43.022  4184  5032 D DeviceStateManagerGlobal: handleDeviceStateInfoChanged state=DeviceState{identifier=0, name='CLOSED', app_accessible=false, cancel_when_requester_not_on_top=false}, baseState=DeviceState{identifier=0, name='CLOSED', app_accessible=false, cancel_when_requester_not_on_top=false}
03-13 20:28:43.023  4360  4360 I SprWallpaper|FoldInteractive: onDeviceStateChanged: newState[0]
03-13 20:28:43.023  4360  4360 I SprWallpaper|fold_Choreographer: stop
03-13 20:28:43.023  4360  4360 I SprWallpaper|fold_Choreographer: pause
03-13 20:28:43.023  4360  4360 I SprWallpaper|FoldInteractive: resetFrame current[429]
03-13 20:28:43.023  4360  4360 I SprWallpaper|FoldInteractive: seekTo: frame[0], time[0]
03-13 20:28:43.023  6272  6411 D DeviceStateManagerGlobal: handleDeviceStateInfoChanged state=DeviceState{identifier=0, name='CLOSED', app_accessible=false, cancel_when_requester_not_on_top=false}, baseState=DeviceState{identifier=0, name='CLOSED', app_accessible=false, cancel_when_requester_not_on_top=false}
03-13 20:28:43.023  4360  4360 I SprWallpaper|FoldInteractive: resetFrame: seek to head forcefully
03-13 20:28:43.023  4360  4360 I SprWallpaper|VideoPlayer: start: state[3]
03-13 20:28:43.023  3003  3676 I SemInputDeviceManagerService: onFoldStateChanged: folded
03-13 20:28:43.023  4832  9608 I HoneySpace.ExtraDisplaySource: onStateChanged, state = 0
03-13 20:28:43.024  4360  4360 I SprWallpaper|VideoPlayer: prepare: state[3]
03-13 20:28:43.024  4360  4360 I SprWallpaper|VideoPlayer: createVideoDecoder
03-13 20:28:43.024  4832 14175 I FoldStateManager: close by fold: true
03-13 20:28:43.024  4832  9609 I HoneySpace.ExtraDisplaySource: onStateChanged, state = 0
03-13 20:28:43.024  2092  2092 I factory.ssc: vendor/qcom/proprietary/adsprpc/src/fastrpc_perf.c:278: fastrpc_perf_init: enabled systrace 0x0 and RPC traces (kernel 0, dsp 0) with frequency 1000
03-13 20:28:43.024  3003  3676 I SemInputCommandService: setPropertyAllTouch: FOLD_STATE,1 retDefault=1 retExtra=1
03-13 20:28:43.024  3003  3676 I SemInputCommandService: setPropertyAllTouchAndSpen: FOLD_STATE,1 retTouch=1 retSpen=-2
03-13 20:28:43.024  2092 26521 I factory.ssc: vendor/qcom/proprietary/adsprpc/src/log_config.c:362: file_watcher_thread starting for domain 0
03-13 20:28:43.024  3003  3994 D SemInputDevice:TSP: SetPropertyTask: CMD,set_fold_state,1 [03-13 20:28:43.024]
03-13 20:28:43.024  2092 26521 W factory.ssc: vendor/qcom/proprietary/adsprpc/src/log_config.c:382:file_watcher_thread: Couldn't find file factory.ssc.farf, errno (No such file or directory) at ;/vendor/lib64/rfs/dsp;/vendor/lib/rfsa/adsp;/vendor/lib/rfsa/dsp;/vendor/dsp;
03-13 20:28:43.024  2092 26515 I factory.ssc: vendor/qcom/proprietary/adsprpc/src/listener_android.c:116: listener thread starting
03-13 20:28:43.025  3003  3661 D InputReader: Btn_touch(4): value=0 when=94712.021215
03-13 20:28:43.025  3003  3661 I InputReader: Touch event's action is 0x1 (id=9, t=0) [pCnt=1, s=] when=94712.021215
03-13 20:28:43.024  6276  6276 I EnvironmentAdaptiveDisplayService: setDeviceFolded: true
03-13 20:28:43.025  6272  6272 I SysHelperService: onFoldStateChanged, ACTION_SHUTDOWN, isFolded = true
03-13 20:28:43.025  6272  6272 D SYS_EVENT: [qc debug] send event 32 notification to client
03-13 20:28:43.025  6272  6272 D SYS_EVENT_AIDL: send event 32 notification to client
03-13 20:28:43.025  4832 22100 I HoneySpace.DesktopTaskDividerManagerImpl: fold: true, noExternal: true
03-13 20:28:43.025  4832 22100 I HoneySpace.DesktopTaskDividerManagerImpl: _isTaskSplittable, true
03-13 20:28:43.025  2071  2128 I sysinput:aidl: onReportInformation:93, 2, cmd@set_always_lpm,0:0
03-13 20:28:43.025 15873  2768 D DeviceStateManagerGlobal: handleDeviceStateInfoChanged state=DeviceState{identifier=0, name='CLOSED', app_accessible=false, cancel_when_requester_not_on_top=false}, baseState=DeviceState{identifier=0, name='CLOSED', app_accessible=false, cancel_when_requester_not_on_top=false}
03-13 20:28:43.025  6239  6239 I SSS     : [ChatTranslationSystemConfigEditor] onFoldStateChanged: true
03-13 20:28:43.025  3003  3067 D WindowManager: onStateChanged, state=0
03-13 20:28:43.026  3003  3067 I LogicalDisplayMapper: Set isInTransition on display 0: true
03-13 20:28:43.026  3003  3067 I LogicalDisplayMapper: Set isInTransition on display 1: true
03-13 20:28:43.026  3003  3067 I LogicalDisplayMapper: Requesting Transition to state: 0, from state=2, interactive=true, mBootCompleted=true, wakeDevice=false, sleepDevice=true
03-13 20:28:43.026  3003  3065 D SensorManager: set parameter active screen = 1, 50350017
03-13 20:28:43.026  3003  3003 D NotificationService: mFoldState = false, isFolded = true
03-13 20:28:43.026  3003  3065 D SensorService: setSContextDataLocked ints length 2 , byte length 4
03-13 20:28:43.026  3003  3067 D DisplayManagerService: handleLogicalDisplayDeviceStateTransitionLocked: displayId=1
03-13 20:28:43.026  3003  3003 D SemDisplaySolutionManagerService: uid : 1000 , pid : 3003 , name : extra_brightness_off
03-13 20:28:43.026  3003  3065 D SensorService: setSContextDataLocked 30047c1
03-13 20:28:43.026  2071  2128 I sysinput:Touch2: operator():237, OK
03-13 20:28:43.026  3003  3067 D DisplayManagerService: handleLogicalDisplayDeviceStateTransitionLocked: displayId=0
03-13 20:28:43.026  3003  3067 D RestrictionPolicy: isScreenCaptureEnabled : ret=true userId=0
03-13 20:28:43.026  3003  3067 D RestrictionPolicy: isScreenCaptureEnabled : ret=true userId=0
03-13 20:28:43.026  3003  3003 D SemDisplaySolutionManagerService: where : application what : DEFAULT setScreenBrightnessScaleFactor(1.0) , mBrightnessCompensation : 1.0 , PMS value : 1.0
03-13 20:28:43.026  4205  4670 D DeviceStateManagerGlobal: handleDeviceStateInfoChanged state=DeviceState{identifier=0, name='CLOSED', app_accessible=false, cancel_when_requester_not_on_top=false}, baseState=DeviceState{identifier=0, name='CLOSED', app_accessible=false, cancel_when_requester_not_on_top=false}
03-13 20:28:43.026  3003  3003 D PowerManagerService: [api] setScreenBrightnessScaleFactor: scaleFactor: 1.0 (uid: 1000 pid: 3003)
03-13 20:28:43.026  3003  3003 D SemDisplaySolutionManagerService: Normal Mode setMultipleScreenBrightness , application, DEFAULT, 1.0
03-13 20:28:43.027  3003  3003 I Telecom : SamsungFoldStateManagerAdapterImpl : DeviceStateCallback - onDeviceStateChanged : DeviceState{identifier=0, name='CLOSED', app_accessible=false, cancel_when_requester_not_on_top=false}
03-13 20:28:43.027  3003  3067 D ScreenCapture: [Capture_TEST] : setIsScreenShotBySystem true
03-13 20:28:43.027 19717 19717 I HBD     : h getDefaultInputRange : UNKNOWN 
03-13 20:28:43.027 19717 19717 I HBD     : a currentState : 4 
03-13 20:28:43.027  3003  3003 I Telecom : SamsungFoldStateManagerAdapterImpl : onStateChanged - folded : true / info : SamsungFoldStateInfo { SupportFoldableTypeFlip : true / SupportLargeCoverScreen : true / Orientation : VERTICAL / IsFolded : true
03-13 20:28:43.027  3003  3067 I SurfaceComposerClient: captureLayers:childrenOnly:1, sync:1
03-13 20:28:43.027  3003  3003 I Telecom : SamsungFoldStateManagerListener : onFolderStateChanged : false -> true
03-13 20:28:43.027  3003  3003 I Telecom : SamsungFoldStateManagerListener : checkAudioAutoSwitch, skipAudioAutoSwitch
03-13 20:28:43.027  3003  3003 I Telecom : SamsungFolderAngleRegistrar : mIsFoldingAngleAvailable is false
03-13 20:28:43.027  2092 26515 I factory.ssc: vendor/qcom/proprietary/adsprpc/src/mod_table.c:701: open_mod_table_open_from_static: reverse module apps_std opened with handle 0xc17f4dd8 (idx 0)
03-13 20:28:43.027  2094 22530 D AudioFlinger: setParameters: filtered dev setParameters keyvalue l_hw_folder_state=0
03-13 20:28:43.027  5338  5338 I FoldStateManager: onFoldStateChanged: true
03-13 20:28:43.027  5338  5338 I FoldStateManager: updateFoldState: isFolded = true
03-13 20:28:43.027 19717 19717 I HBD     : g isCoverDisplay : true, cached selected json info : SelectedLanguageInfo(languageVersion=4.2, currentLanguageOrder=0, selectedLanguageList=[SelectedLanguage(id=65537, isUsed=true, engName=English, inputType=qwerty, activeOptionList=[auto_replace, auto_spacing, writing_assistant, prediction], bilingualId=-1)]) 
03-13 20:28:43.027  5338  5338 I FoldStateManager: onTableModeChanged: false
03-13 20:28:43.027  5338  5338 I FoldStateManager: updateTableMode: isTableMode = false
03-13 20:28:43.028  4205  5096 D KeyguardFoldController: changeFoldState: foldState=0, changed=true
03-13 20:28:43.028 19245 19245 I FoldStateManager: onFoldStateChanged: true
03-13 20:28:43.028 19245 19245 I FoldStateManager: updateFoldState: isFolded = true
03-13 20:28:43.028 19245 19245 I FoldStateManager: onTableModeChanged: false
03-13 20:28:43.028  4205  5096 I PluginLockManagerImpl: PluginLock:onFolderStateChanged, opened: false, mScreenType: 1
03-13 20:28:43.028 19245 19245 I FoldStateManager: updateTableMode: isTableMode = false
03-13 20:28:43.028  4205  5096 I PluginLockManagerImpl: PluginLock:onFolderStateChanged, old: com.samsung.android.dynamiclock:2
03-13 20:28:43.028  3003  3993 D SysinputHAL_AIDL: setProperty(TSP_SUB(2)): CMD, set_always_lpm,0 ret=0
03-13 20:28:43.028  4205  5096 I DymLock|DynamicLockManager: onFolderStateChanged() false , false
03-13 20:28:43.028  3003  3993 D SemInputDevice:TSP_SUB: SetPropertyTask: CMD,set_fold_state,1 [03-13 20:28:43.023]
03-13 20:28:43.028 19717 19717 I HBD     : g isCoverDisplay : true, cached selected json info : SelectedLanguageInfo(languageVersion=4.2, currentLanguageOrder=0, selectedLanguageList=[SelectedLanguage(id=65537, isUsed=true, engName=English, inputType=qwerty, activeOptionList=[auto_replace, auto_spacing, writing_assistant, prediction], bilingualId=-1)]) 
03-13 20:28:43.028  3003  3130 D PowerManagerService: onStateChanged: mDualScreenPolicy=1
03-13 20:28:43.028  4205  5096 I DymLock|BaseLockContainer: onFolderStateChanged screen[1] enabled[false]
03-13 20:28:43.028  4205  5096 I DymLock|BaseLockStateContainer: unsubscribe folder change : com.samsung.android.dynamiclock.plugin.views.dls.DynamicLockContainer{b8feb8d I.E...... ......I. 0,0-1080,2640}
03-13 20:28:43.028  4205  5096 I DymLock|ActionBus: unsubscribe : com.samsung.android.dynamiclock.plugin.views.dls.DynamicLockContainer{b8feb8d I.E...... ......I. 0,0-1080,2640}
03-13 20:28:43.028 19717 19717 I HBD     : g updateSelectedLanguageCache is succeeded. English 
03-13 20:28:43.028  4205  5096 I DymLock|ActionBus: unsubscribe : com.samsung.android.dynamiclock.plugin.stores.LockContainerStore@7ae7fb4
03-13 20:28:43.028  4205  5096 I DymLock|ActionBus: unsubscribe : com.samsung.android.dynamiclock.plugin.stores.WallpaperStore@96d67dd
03-13 20:28:43.028  4205  5096 I DymLock|ActionBus: unsubscribe : com.samsung.android.dynamiclock.plugin.stores.LockStarStore@b28bf52
03-13 20:28:43.028  3003  3130 D PowerManagerService: Setting HAL interactive mode to true
03-13 20:28:43.028  3003  3130 D PowerManagerService: setHalInteractiveModeLocked called by dual screen policy change
03-13 20:28:43.028  4271 27130 D DeviceStateManagerGlobal: handleDeviceStateInfoChanged state=DeviceState{identifier=0, name='CLOSED', app_accessible=false, cancel_when_requester_not_on_top=false}, baseState=DeviceState{identifier=0, name='CLOSED', app_accessible=false, cancel_when_requester_not_on_top=false}
03-13 20:28:43.028  3003  3130 D DisplayPowerController[1]: onDisplayChanged: mIsEnabled=false mIsInTransition=true mDualScreenPolicy=1 mDisplayDevice=com.android.server.display.LocalDisplayAdapter$LocalDisplayDevice@267658d
03-13 20:28:43.028  4205  4205 D KeyguardViewMediator: handleMessage 1003
03-13 20:28:43.028  4205  4205 D KeyguardFoldController: handleFoldMessage: isOpened=false, showing=false
03-13 20:28:43.028  4205  4205 D KeyguardViewMediator: adjustStatusBarLocked: no need to update flags=0x0 / showHomeOverLock=true
03-13 20:28:43.028  4205  4205 D DisplayLifecycle: dispatchFolderStateChanged true -> false
03-13 20:28:43.028  3003  3130 D DisplayPowerController[1]: noteDualScreenState: State=OFF, dualScreenPolicy=1
03-13 20:28:43.028  4205  4205 D Keyguard.AODTouchModeManager: onFolderStateChanged: isOpened=false
03-13 20:28:43.028  4205  4205 D Keyguard.AODTouchModeManager: setTouchNodePath: isOpened=false
03-13 20:28:43.028  4205  4205 I PluginAODManager: onFolderStateChanged isOpened : false
03-13 20:28:43.028  3003  3130 D DisplayPowerController[1]: animateScreenStateChange: target=OFF, mIsEnabled=false
03-13 20:28:43.028  4205  4205 I PluginAODManager: setStartedByFolderClosed: true
03-13 20:28:43.029  4205  4205 V SubLauncher:SubLauncherPluginImpl@102487053: onDozeAmountChanged: 0.0
03-13 20:28:43.029  4205  4205 I ResourceUtils: initDisplayValues LogicalHeight 2640 LogicalWidth = 1080 DisplayDeviceType = -1, sIsLandscape = false
03-13 20:28:43.029  4205  4205 I DisplayValues: initValues currentWidth 1080 currentHeight = 2640
03-13 20:28:43.029  4205  4205 D FaceWidgetPagesController: onFolderStateChanged() isFolderOpened = false
03-13 20:28:43.029  4205  5096 D DymLock|BaseLockContainer: updatePanelWallpaper: Panel is not necessary. dls_state = 2
03-13 20:28:43.029  4205  5096 I PluginLockMediatorImpl: setScreenTypeChanged() type: 1
03-13 20:28:43.029  4205  5096 I PluginLockWallpaper: setScreenTypeChanged() type: 1
03-13 20:28:43.029  4205  5096 I PluginHomeWallpaper: setScreenTypeChanged() type: 1
03-13 20:28:43.029  4205  5096 I PluginLockManagerImpl: PluginLock:onFolderStateChanged, will be switched, newState: null
03-13 20:28:43.029  4205  4205 I AODDataSettings[8.0.6]:AODDataManager: onFolderStateChanged=false
03-13 20:28:43.029  4205  4205 I AODDataSettings[8.0.6]:AODDataManager: changeDisplay=DisplayImpl(type=SingleDisplay, orientation=Portrait, aodState=LockScreenOnly)
03-13 20:28:43.029  4205  5096 D PluginLockInstanceState: isRecentInstance() true, com.samsung.android.dynamiclock:2
03-13 20:28:43.029  4205  5096 I PluginLockManagerImpl: PluginLock:onFolderStateChanged, instance maintained
03-13 20:28:43.029  4205  5096 D PluginLockManagerImpl: updateEnabledState getPluginLockValue = 10011
03-13 20:28:43.029  4205  5096 D PluginLockManagerImpl: isEnabledFromSettingHelper, screen:1, value:10011
03-13 20:28:43.029  4205  4205 I AODDataSettings[8.0.6]:AODDataManager: getCurrentSize() from windowConfig = 1080.0x2640.0
03-13 20:28:43.029  4205  5096 D PluginLockInstancePolicy: isEnable() value:10011, ret:true
03-13 20:28:43.029  4205  5096 D PluginLockManagerImpl: updateEnabledState() isDynamicMode = true, isEnabledFromSetting = true
03-13 20:28:43.029  4205  5096 D PluginLockMediatorImpl: setEnabled: true, com.android.systemui.pluginlock.PluginLockMediatorImpl@c944c4c
03-13 20:28:43.029  4205  5096 I PluginLockManagerImpl: onFolderStateChanged, new: com.samsung.android.dynamiclock:2
03-13 20:28:43.029  1992  7815 V sec_audio_hw: sec_dev_set_parameters : l_hw_folder_state=0
03-13 20:28:43.029  4205  5096 I DymLock|DynamicLockManager: onFolderStateChanged() false , true
03-13 20:28:43.029  4205  5096 I DymLock|BaseLockContainer: onFolderStateChanged screen[1] enabled[true]
03-13 20:28:43.029  1992  7815 D AHAL: AudioDevice: SetParameters: 1865: enter
03-13 20:28:43.029  1992  7815 D AHAL: AudioVoice: VoiceSetParameters: 200: Enter
03-13 20:28:43.029  4205  4205 I DataStoreState: setDisplay : DisplayImpl(type=SingleDisplay, orientation=Portrait, aodState=LockScreenOnly)
03-13 20:28:43.029  1992  7815 D AHAL: AudioVoice: VoiceSetParameters: 479: Exit ret: 0
03-13 20:28:43.029  1992  7815 D AHAL: SecAudioDevice: SetFolderState: 1258: Folding(Flip) state changed, fold close, flex off
03-13 20:28:43.029  4205  4205 I DataStoreState: setRootSize : 1080.0x2640.0
03-13 20:28:43.029  1992  7815 D AHAL: hfp: hfp_set_parameters: 444: enter
03-13 20:28:43.029  4205  4205 I ComplicationWidgetPluginController:   onFoldStateChanged  0.0
03-13 20:28:43.029  1992  7815 D AHAL: AudioDevice: SetParameters: 2798: exit: l_hw_folder_state=0
03-13 20:28:43.029  4832 11402 I HoneySpace.AppGridManager: finderWidthDp : 360.0 density : 3.0 marginDp : 10 appTrayAreaDp : 320 maxBounds : 360.0
03-13 20:28:43.029  4205  4267 D ShellSplitScreen: onFoldedStateChanged: folded=true
03-13 20:28:43.029  4205  4205 I KeyguardNIOStatusBarController: initPosition()
03-13 20:28:43.029  4205  4205 I KeyguardNIOStatusBarController: updateIconAreaMargins() isDozing=false darkAmount=0.0 force=true currentFinalX=122 currentFinalY=99
03-13 20:28:43.029  4205  4205 I FaceWidgetWindowManager: removeAllViews
03-13 20:28:43.029  4205  4205 I ViewPositionControllerManager: refresh : []
03-13 20:28:43.030  4205  4205 I ViewPositionControllerManager: updatePosition: []
03-13 20:28:43.030  4832  9608 I HoneySpace.ExtraDisplaySource: ExtraDisplayInfo(rotation=0, displayId=1, displaySize=Point(748, 720), displayCutout=DisplayCutout{insets=Rect(0, 0 - 0, 66) waterfall=Insets{left=0, top=0, right=0, bottom=0} boundingRect={Bounds=[Rect(0, 0 - 0, 0), Rect(0, 0 - 0, 0), Rect(0, 0 - 0, 0), Rect(379, 654 - 748, 720)]} cutoutPathParserInfo={CutoutPathParserInfo{displayWidth=748 displayHeight=720 physicalDisplayWidth=748 physicalDisplayHeight=720 density={2.125} cutoutSpec={@bottom @right M 0,0 H -173.6470588235294 V -31.05882352941176 H 0 V 0 Z @dp} rotation={0} scale={1.0} physicalPixelDisplaySizeRatio={1.0}}} sideOverrides={}}, foldState=0)
03-13 20:28:43.030  4205  4205 I FaceWidgetViewModel: onFolderStateChanged elapsed, for 1 ms
03-13 20:28:43.030  4205  4205 D KeyguardViewMediator: KeyguardViewMediator queue processing message: 
03-13 20:28:43.030  4205  4205 D FlexPanelStartController: OnDeviceStateChanged: mIsTableMode=true, isTableMode=false
03-13 20:28:43.030  4205  4205 D FlexPanelStartController: onFoldStateTableModeChanged: isTableMode=false
03-13 20:28:43.030  4205  4205 D FlexPanelStartController: not support state, mMwEnabled=true, mIsTableMode=false, mDesktopMode=false, mFlexModePanelEnabled=true, mIsImeShowing=false, mIsQuickPanelShowing=false, mIsTaskBarAppsEnabled=false, mIsGlobalActionVisible=false, mOnRecentsAnimation=false, isSupportRotation=true, mIsKeyguardVisible=false
03-13 20:28:43.030  4832  9608 I HoneySpace.DeviceStateUseCase: changed: THREE_BUTTON, 144, true, false, DisplayInfo(rotation=0, displayId=0, displaySize=Point(1080, 2640), displayCutout=DisplayCutout{insets=Rect(0, 94 - 0, 0) waterfall=Insets{left=0, top=0, right=0, bottom=0} boundingRect={Bounds=[Rect(0, 0 - 0, 0), Rect(505, 0 - 576, 94), Rect(0, 0 - 0, 0), Rect(0, 0 - 0, 0)]} cutoutPathParserInfo={CutoutPathParserInfo{displayWidth=1080 displayHeight=2640 physicalDisplayWidth=1080 physicalDisplayHeight=2640 density={3.0} cutoutSpec={M 0,0 H -11.83333333333333 V 31.33333333333333 H 11.83333333333333 V 0 H 0 Z @dp} rotation={0} scale={1.0} physicalPixelDisplaySizeRatio={1.0}}} sideOverrides={}}, isNavCanMove=true, isTablet=false), ExtraDisplayInfo(rotation=0, displayId=1, displaySize=Point(748, 720), displayCutout=DisplayCutout{insets=Rect(0, 0 - 0, 66) waterfall=Insets{left=0, top=0, right=0, bottom=0} boundingRect={Bounds=[Rect(0, 0 - 0, 0), Rect(0, 0 - 0, 0), Rect(0, 0 - 0, 0), Rect(379, 654 - 748, 720)]} cutoutPathParserInfo={CutoutPathParserInfo{displayWidth=748 displayHeight=720 physicalDisplayWidth=748 physicalDisplayHeight=720 density={2.125} cutoutSpec={@bottom @right M 0,0 H -173.6470588235294 V -31.05882352941176 H 0 V 0 Z @dp} rotation={0} scale={1.0} physicalPixelDisplaySizeRatio={1.0}}} sideOverrides={}}, foldState=0), false
03-13 20:28:43.030  2092 26515 D factory.ssc: vendor/qcom/proprietary/adsprpc/src/apps_std_imp.c:380: apps_std_fopen_fd: done for ./libsns_device_mode_skel.so with fopen:13us, read:0us, rpc_alloc:0us, mmap:0us
03-13 20:28:43.030  2092 26515 D factory.ssc: vendor/qcom/proprietary/adsprpc/src/apps_std_imp.c:380: apps_std_fopen_fd: done for ./libsns_device_mode_skel.so with fopen:2us, read:0us, rpc_alloc:0us, mmap:0us
03-13 20:28:43.030 19717 19717 I HBD     : h writeToFile path : /data/user/0/com.samsung.android.honeyboard/files/fold_selected.json 
03-13 20:28:43.030  2092 26515 D factory.ssc: vendor/qcom/proprietary/adsprpc/src/apps_std_imp.c:380: apps_std_fopen_fd: done for /vendor/lib64/rfs/dsp/adsp/./libsns_device_mode_skel.so with fopen:7us, read:0us, rpc_alloc:0us, mmap:0us
03-13 20:28:43.030  2092 26515 D factory.ssc: vendor/qcom/proprietary/adsprpc/src/apps_std_imp.c:380: apps_std_fopen_fd: done for /vendor/lib64/rfs/dsp/./libsns_device_mode_skel.so with fopen:4us, read:0us, rpc_alloc:0us, mmap:0us
03-13 20:28:43.030  2092 26515 D factory.ssc: vendor/qcom/proprietary/adsprpc/src/apps_std_imp.c:380: apps_std_fopen_fd: done for /vendor/lib/rfsa/adsp/adsp/./libsns_device_mode_skel.so with fopen:7us, read:0us, rpc_alloc:0us, mmap:0us
03-13 20:28:43.030  2092 26515 D factory.ssc: vendor/qcom/proprietary/adsprpc/src/apps_std_imp.c:380: apps_std_fopen_fd: done for /vendor/lib/rfsa/adsp/./libsns_device_mode_skel.so with fopen:3us, read:0us, rpc_alloc:0us, mmap:0us
03-13 20:28:43.030  2092 26515 D factory.ssc: vendor/qcom/proprietary/adsprpc/src/apps_std_imp.c:380: apps_std_fopen_fd: done for /vendor/lib/rfsa/dsp/adsp/./libsns_device_mode_skel.so with fopen:2us, read:0us, rpc_alloc:0us, mmap:0us
03-13 20:28:43.030  2092 26515 D factory.ssc: vendor/qcom/proprietary/adsprpc/src/apps_std_imp.c:380: apps_std_fopen_fd: done for /vendor/lib/rfsa/dsp/./libsns_device_mode_skel.so with fopen:2us, read:0us, rpc_alloc:0us, mmap:0us
03-13 20:28:43.030 19717 19717 I HBD     : h writeToFile json : {"version":"4.2","currentLanguageOrder":0,"front_selected":[{"activeOptionList":["auto_replace","auto_spacing","writing_assistant","prediction"],"bilingualId":-1,"engName":"English","id":65537,"inputType":"qwerty","isUsed":true}]} 
03-13 20:28:43.030  4205  4205 D SecQsUiDisplayModeInteractor: onDeviceStateChanged from false -> to true, identifier = 0
03-13 20:28:43.030  4205  4205 D SecQsUiDisplayModeInteractor: updateUiDisplayModeAtFoldStateChanged COVER
03-13 20:28:43.030  4205  4205 D SecFgsManagerController: foldStateChange foldState = UNFOLD > FOLD
03-13 20:28:43.030  4205  4205 D SecFgsManagerController: foldStateChange isDirty = false
03-13 20:28:43.030  4205  4205 D LockscreenNotificationManager:  FOLD STATE - FOLD 
03-13 20:28:43.030  4832  9609 I HoneySpace.ExtraDisplaySource: ExtraDisplayInfo(rotation=0, displayId=1, displaySize=Point(748, 720), displayCutout=DisplayCutout{insets=Rect(0, 0 - 0, 66) waterfall=Insets{left=0, top=0, right=0, bottom=0} boundingRect={Bounds=[Rect(0, 0 - 0, 0), Rect(0, 0 - 0, 0), Rect(0, 0 - 0, 0), Rect(379, 654 - 748, 720)]} cutoutPathParserInfo={CutoutPathParserInfo{displayWidth=748 displayHeight=720 physicalDisplayWidth=748 physicalDisplayHeight=720 density={2.125} cutoutSpec={@bottom @right M 0,0 H -173.6470588235294 V -31.05882352941176 H 0 V 0 Z @dp} rotation={0} scale={1.0} physicalPixelDisplaySizeRatio={1.0}}} sideOverrides={}}, foldState=0)
03-13 20:28:43.030  2105  2921 I SurfaceFlinger: Capture layer list: 	 Background for db1fd5f SurfaceView[com.waze/com.waze.search.v2.SearchV2Activity]@0#90146(seamlessTransition:0)
03-13 20:28:43.030  2105  2921 I SurfaceFlinger: Capture layer list: 	 db1fd5f SurfaceView[com.waze/com.waze.search.v2.SearchV2Activity]@0(BLAST)#90145(seamlessTransition:0)
03-13 20:28:43.030  2105  2921 I SurfaceFlinger: Capture layer list: 	 com.waze/com.waze.search.v2.SearchV2Activity$_25645#90141(seamlessTransition:0)
03-13 20:28:43.031  4832  4896 I HoneySpace.TopTaskSource: FoldState updated(0). updateRunningTasks
03-13 20:28:43.031  4205  4205 D S.S.N.  : updateSamsungAccount() : No Change
03-13 20:28:43.031  4205  4205 D S.S.N.  : isRDUMode: false isSALoggedIn: true isChildAccount: false isAiInfoConfirmed: true isSuggestionResponsesEnabled: false isPreventOnlineProcessing: falseisAiCoreFeaturesEnabled: false
03-13 20:28:43.031  4205  4205 D S.S.N.  :  FOLD STATE common- FOLD 
03-13 20:28:43.031  4205  4205 D S.S.N.  :  FOLD STATE parent- FOLD 
03-13 20:28:43.031  4205  4205 E SubscreenSubRoomNotification: initData
03-13 20:28:43.031  4205  4205 D S.S.N.  :  clearMainList
03-13 20:28:43.031  2071  2129 I sysinput:aidl: onReportInformation:93, 1, cmd@set_fold_state,1:0
