03-13 20:30:34.848  2007  3645 I sensors-hal: qsh_conn_event_cb:890, event[0] sensor:Drop Classifier  Wakeup, msg_id=1025, ts=5288460512338
03-13 20:30:34.848  2022  2124 I HYPER-HAL: [RequestManager.cpp]acquire(): Acquired ID : 2112570  [2025 / 30]    HINT :      list : [UCLAMP_MIN_BOOST / 100] [TID / 4392] [TID / 4393] [TID / 4205] [TID / 4394] 
03-13 20:30:34.848  4360  4360 I SprWallpaper|VideoPlayer: start: state[1] after prepare
03-13 20:30:34.848  4205  4205 D NavBarView: disableBack=false (isBackDismissIme=false, handlingGestures=false, disabledFlagBack=false, isBottomGesture=false, isImeRenderingNavButtons=false)
03-13 20:30:34.848  4205  4205 D Navbar.Store: ----handleEvent(0) OnUpdateSysUiStateFlag(noArguments=true) [Module] SamsungNavigationBarView
03-13 20:30:34.848  4205  4205 D Navbar.Store: ------[Band]GESTURE_PACK_UPDATE_SYSTEMUI_STATE_FLAG
03-13 20:30:34.848  4205  4205 D Navbar.Store: ------[Band] (afterAction) GESTURE_PACK_UPDATE_SYSTEMUI_STATE_FLAG
03-13 20:30:34.848  4205  4205 D Navbar.Store: handleEvent(0) OnConfigChanged(newConfig={1.0 ?mcc0mnc [en_US] ldltr sw360dp w360dp h880dp 480dpi nrml long hdr widecg port night finger -keyb/v/h -nav/h winConfig={ mBounds=Rect(0, 0 - 1080, 2640) mAppBounds=Rect(0, 0 - 1080, 2640) mMaxBounds=Rect(0, 0 - 1080, 2640) mDisplayRotation=ROTATION_0 mWindowingMode=fullscreen mActivityType=undefined mAlwaysOnTop=undefined mRotation=ROTATION_0 mStageConfig=undefined mPopOver=undefined mOverlappingWithCutout=false mFlexPanelMode=off} s.7551 fontWeightAdjustment=0 ff=0 bf=-1 bts=0 cst=1.0 nightDim=0 themeSeq=0}) [Module] NavigationBarControllerImpl
03-13 20:30:34.848  4205  4205 D Navbar.Store: --[Band]CONFIG_PACK_CONFIG_CHANGED
03-13 20:30:34.848  4205  4205 D Navbar.Store: handleEvent(0) OnNavBarConfigChanged(canMove=true, supportPhoneLayoutProvider=true, imeDownButtonForAllRotation=false, navigationMode=0) [Module] NavigationBarControllerImpl
03-13 20:30:34.848  4205  4205 D Navbar.Store: --[Band]STABLE_LAYOUT_PACK_NAVBAR_CONFIG_CHANGED
03-13 20:30:34.848  4205  4205 D NavBarStateManager: NavBarStates(0) supportLargeCoverScreenNavBar: false
03-13 20:30:34.848  4205  4205 D Navbar.Store: --updateLayoutProvider() layoutProviderContainer = com.android.systemui.navigationbar.layout.LayoutProviderContainerImpl@1dbf89d
03-13 20:30:34.848  4205  4205 D NavBarStateManager: NavBarStates(0) supportLargeCoverScreenNavBar: false
03-13 20:30:34.848  4205  4205 D Navbar.Store: --[Band] (afterAction) STABLE_LAYOUT_PACK_NAVBAR_CONFIG_CHANGED
03-13 20:30:34.848  4205  4205 D Navbar.Store: handleEvent(1) OnConfigChanged(newConfig={1.0 ?mcc0mnc [en_US] ldltr sw360dp w360dp h880dp 480dpi nrml long hdr widecg port night finger -keyb/v/h -nav/h winConfig={ mBounds=Rect(0, 0 - 1080, 2640) mAppBounds=Rect(0, 0 - 1080, 2640) mMaxBounds=Rect(0, 0 - 1080, 2640) mDisplayRotation=ROTATION_0 mWindowingMode=fullscreen mActivityType=undefined mAlwaysOnTop=undefined mRotation=ROTATION_0 mStageConfig=undefined mPopOver=undefined mOverlappingWithCutout=false mFlexPanelMode=off} s.7551 fontWeightAdjustment=0 ff=0 bf=-1 bts=0 cst=1.0 nightDim=0 themeSeq=0}) [Module] NavigationBarControllerImpl
03-13 20:30:34.848  4205  4205 D Navbar.Store: handleEvent(1) OnNavBarConfigChanged(canMove=true, supportPhoneLayoutProvider=true, imeDownButtonForAllRotation=false, navigationMode=0) [Module] NavigationBarControllerImpl
03-13 20:30:34.848  4205  4205 D Navbar.Store: --[Band]STABLE_LAYOUT_PACK_NAVBAR_CONFIG_CHANGED
03-13 20:30:34.848  4205  4205 D NavBarStateManager: NavBarStates(1) supportLargeCoverScreenNavBar: true
03-13 20:30:34.849  2040  2780 I SDM     : HWDeviceDRM::NullCommit: Null commit succeeded crtc=208
03-13 20:30:34.849  2040  2780 I SDM     : DisplayBase::SetDisplayState: wait for retire_fence_...
03-13 20:30:34.849  2040  2780 I SDM     : DisplayBase::WaitForCompletion: Wait for cached retire fence to be in steady state
03-13 20:30:34.849  2007  2007 I sensors-hal: activate:300, com.samsung.sensor.light_seamless/1782 en=0
03-13 20:30:34.849  2007  2007 I sensors-hal: send_sync_sensor_request:508, send sync request
03-13 20:30:34.849  2007  2007 I sensors-hal: send_sync_sensor_request:518, send_sync_sensor_request before send_request for light_seamless with SUID low=11039298318857557060 high=1340270623893619472
03-13 20:30:34.849  2007  2007 I sensors-hal: send_sync_sensor_request:537, wait for notification of response
03-13 20:30:34.849  4205  4205 D LayoutProviderContainerImpl: getCoverDisplayContext, cover display=Display id 1: DisplayInfo{"Built-in Screen", displayId 1, displayGroupId 0, FLAG_SECURE, FLAG_SUPPORTS_PROTECTED_BUFFERS, FLAG_PRESENTATION, FLAG_CAN_SHOW_WITH_INSECURE_KEYGUARD, FLAG_SHOULD_SHOW_SYSTEM_DECORATIONS, FLAG_TRUSTED, FLAG_ALLOWS_CONTENT_MODE_SWITCH, real 748 x 720, largest app 748 x 748, smallest app 618 x 552, appVsyncOff 16666666, presDeadline 17666666, mode 8, renderFrameRate 60.000004, hasArrSupport false, frameRateCategoryRate FrameRateCategoryRate {normal=60.0, high=90.0}, supportedRefreshRates [60.000004], defaultMode 8, REFRESH_RATE_MODE_SEAMLESS, userPreferredModeId -1, supportedModes [{id=8, width=748, height=720, fps=60.000004, vsync=60.000004, synthetic=false, alternativeRefreshRates=[], supportedHdrTypes=[2, 3, 4]}], appsSupportedModes [{id=8, width=748, height=720, fps=60.000004, vsync=60.000004, synthetic=false, alternativeRefreshRates=[], supportedHdrTypes=[2, 3, 4]}], hdrCapabilities HdrCapabilities{mSupportedHdrTypes=[2, 3, 4], mMaxLuminance=450.0, mMaxAverageLuminance=225.00024, mMinLuminance=5.0E-4}, isForceSdr false, userDisabledHdrTypes [], minimalPostProcessingSupported false, rotation 0, state OFF, committedState OFF}, DisplayMetrics{density=2.125, width=748, height=618, scaledDensity=2.125, xdpi=306.438, ydpi=309.966}, isValid=true
03-13 20:30:34.849  3003  3068 D BLASTSyncEngine: SyncGroup 10416:  Unfinished container: WindowToken{8004a5b type=2024 android.os.BinderProxy@d7bba75} mSyncState=2
03-13 20:30:34.849  4205  4205 D Navbar.Store: --updateLayoutProvider() layoutProviderContainer = com.android.systemui.navigationbar.layout.LayoutProviderContainerImpl@1dbf89d
03-13 20:30:34.849  4205  4205 D NavBarStateManager: NavBarStates(1) supportLargeCoverScreenNavBar: true
03-13 20:30:34.849  4205  4205 D LayoutProviderContainerImpl: getCoverDisplayContext, cover display=Display id 1: DisplayInfo{"Built-in Screen", displayId 1, displayGroupId 0, FLAG_SECURE, FLAG_SUPPORTS_PROTECTED_BUFFERS, FLAG_PRESENTATION, FLAG_CAN_SHOW_WITH_INSECURE_KEYGUARD, FLAG_SHOULD_SHOW_SYSTEM_DECORATIONS, FLAG_TRUSTED, FLAG_ALLOWS_CONTENT_MODE_SWITCH, real 748 x 720, largest app 748 x 748, smallest app 618 x 552, appVsyncOff 16666666, presDeadline 17666666, mode 8, renderFrameRate 60.000004, hasArrSupport false, frameRateCategoryRate FrameRateCategoryRate {normal=60.0, high=90.0}, supportedRefreshRates [60.000004], defaultMode 8, REFRESH_RATE_MODE_SEAMLESS, userPreferredModeId -1, supportedModes [{id=8, width=748, height=720, fps=60.000004, vsync=60.000004, synthetic=false, alternativeRefreshRates=[], supportedHdrTypes=[2, 3, 4]}], appsSupportedModes [{id=8, width=748, height=720, fps=60.000004, vsync=60.000004, synthetic=false, alternativeRefreshRates=[], supportedHdrTypes=[2, 3, 4]}], hdrCapabilities HdrCapabilities{mSupportedHdrTypes=[2, 3, 4], mMaxLuminance=450.0, mMaxAverageLuminance=225.00024, mMinLuminance=5.0E-4}, isForceSdr false, userDisabledHdrTypes [], minimalPostProcessingSupported false, rotation 0, state OFF, committedState OFF}, DisplayMetrics{density=2.125, width=748, height=618, scaledDensity=2.125, xdpi=306.438, ydpi=309.966}, isValid=true
03-13 20:30:34.849  4205  4205 D Navbar.Store: --[Band] (afterAction) STABLE_LAYOUT_PACK_NAVBAR_CONFIG_CHANGED
03-13 20:30:34.849  3003  3068 I SurfaceComposerClient: apply DisplayState::eFlagsChanged(index:0) flags(0)
03-13 20:30:34.850  2022  2124 I HYPER-HAL: [RequestManager.cpp]acquire(): Acquired ID : 2112570  [2025 / 30]    HINT :      list : [UCLAMP_MIN_BOOST / 150] [TID / 4392] [TID / 4393] [TID / 4205] [TID / 4394] 
03-13 20:30:34.850  2022  2124 I HYPER-HAL: [RequestManager.cpp]acquire(): Acquired ID : 2112570  [2025 / 30]    HINT :      list : [UCLAMP_MIN_BOOST / 200] [TID / 4392] [TID / 4393] [TID / 4205] [TID / 4394] 
03-13 20:30:34.850  2022  2124 I HYPER-HAL: [RequestManager.cpp]acquire(): Acquired ID : 2112570  [2025 / 30]    HINT :      list : [UCLAMP_MIN_BOOST / 250] [TID / 4392] [TID / 4393] [TID / 4205] [TID / 4394] 
03-13 20:30:34.850  2022  2124 I HYPER-HAL: [RequestManager.cpp]acquire(): Acquired ID : 2112570  [2025 / 30]    HINT :      list : [UCLAMP_MIN_BOOST / 300] [TID / 4392] [TID / 4393] [TID / 4205] [TID / 4394] 
03-13 20:30:34.850  2022  2124 I HYPER-HAL: [RequestManager.cpp]acquire(): Acquired ID : 2112570  [2025 / 30]    HINT :      list : [UCLAMP_MIN_BOOST / 350] [TID / 4392] [TID / 4393] [TID / 4205] [TID / 4394] 
03-13 20:30:34.850  2022  2124 I HYPER-HAL: [RequestManager.cpp]acquire(): Acquired ID : 2112570  [2025 / 30]    HINT :      list : [UCLAMP_MIN_BOOST / 400] [TID / 4392] [TID / 4393] [TID / 4205] [TID / 4394] 
03-13 20:30:34.850  4205  4205 I SubScreenManager:  onDeviceStateChanged DeviceState{identifier=0, name='CLOSED', app_accessible=false, cancel_when_requester_not_on_top=false}
03-13 20:30:34.850  4205  4205 I SubScreenManager: requestDualState false
03-13 20:30:34.850  2007  3645 I sensors-hal: qsh_conn_resp_cb:930, resp_value = 0 for light_seamless 
03-13 20:30:34.850  3003  4333 I DeviceStateManagerService: cancelRequestInternal pid:4205, ignore
03-13 20:30:34.850  4205  4205 I SubScreenManager: onDeviceStateChanged() 
03-13 20:30:34.850  4205  4205 I SubLauncher:SubLauncherStateManager@232606011: setTentMode: 2 -> 0 
03-13 20:30:34.850  3003  4923 D SehCodecSolutionService: updateMediaStatisticsData: (action=1@1986621044;category=2@1986621044;label=1936222261@1986621044)
03-13 20:30:34.850  3003  4923 D CodecSolution_MediaStatisticsData: MediaStatisticsData: action=1@1986621044;category=2@1986621044;label=1936222261@1986621044
03-13 20:30:34.850  3003  4923 D CodecSolution_MediaStatisticsData: Category.valueOf: 2
03-13 20:30:34.850  3003  4923 D CodecSolution_MediaStatisticsData: Action.valueOf: 1
03-13 20:30:34.850  3003  4923 D CodecSolution_MediaStatisticsData: Label.valueOf: 0x73686835
03-13 20:30:34.850  3003  4923 D CodecSolution_MediaStatisticsData: category: VDEC
03-13 20:30:34.850  3003  4923 D CodecSolution_MediaStatisticsData: action: INSTANTIATE
03-13 20:30:34.850  3003  4923 D CodecSolution_MediaStatisticsData: label: SEC_HW_H265
03-13 20:30:34.850  4205  4205 I FoldStateManager: onFoldStateChanged: true
03-13 20:30:34.850  4205  4205 I FoldStateManager: updateFoldState: isFolded = true
03-13 20:30:34.850  4832 22099 I HoneySpace.Memory-Monitor: no default Display - 1
03-13 20:30:34.850  4205  4205 I FoldStateManager: onTableModeChanged: false
03-13 20:30:34.850  4205  4205 I FoldStateManager: updateTableMode: isTableMode = false
03-13 20:30:34.850  2007  3645 I sensors-hal: qsh_conn_event_cb:890, event[0] sensor:Drop Classifier  Wakeup, msg_id=1025, ts=5288460554787
03-13 20:30:34.850  4205  4205 D SecVolume.VolumePanelStore: dispatch [ACTION_FOLDER_STATE_CHANGED with [STATE_FOLDER_STATE_CHANGED], currentAction={isFromOutside : true, isFolded : true}, currentState={activeStream=3(vol=0), stream=-1(vol=null) } isMediaDefaultEnabled : true, isVoiceCapable : true, isCaptionComponentEnabled : true, isHasVibrator : true, isSetupWizardComplete : true, timeOutControls : 0, pinDevice : 0, earProtectLevel : 909, ringerModeInternal : 0, timeOutControlsText : 0, activeStream : 3, timeOut : 3000, cutoutHeight : 0, systemTimeNow : 13420931}
03-13 20:30:34.850  4205  4205 D SecVolume.VolumePanelStore:   > New State : [STATE_FOLDER_STATE_CHANGED]
03-13 20:30:34.850  3003  3003 D SehCodecSolutionService: handleMessage : 900
03-13 20:30:34.850  3003  3003 D SehCodecSolutionService: event : VDEC
03-13 20:30:34.850  3003  3003 D CodecSolution_Logging: dma : true, feature: VDEC, extra: SEC_HW_H265, value: -1
03-13 20:30:34.850  4607  4607 D NfcService: handleMessage: MSG_APPLY_SCREEN_STATEOFF_UNLOCKED
03-13 20:30:34.850  3003  3003 D CodecSolution_Logging: insert diagmon log
03-13 20:30:34.850  3003  3003 D CodecSolution_Logging: permission granted
03-13 20:30:34.850  4607  4607 D [NFC_SE]SamsungExtension: onLogEventNotified() item:[mCommandApdus: [mResponseApdus: , mCallingApi= 0, mAction= 518, mCallingPId = 0, mRfFieldOnTime= null
03-13 20:30:34.850  4607  4607 D [NFC_SE]NfcOemLogHelper: reportLogEvent = [mCommandApdus: [mResponseApdus: , mCallingApi= 0, mAction= 518, mCallingPId = 0, mRfFieldOnTime= null
03-13 20:30:34.850  4607  4607 D [NFC_SE]NfcOemLogHelper: try to send FLD_ERROR
03-13 20:30:34.850  4607  4607 D [NFC_SE]NfcOemLogHelper: RF Field is disabled
03-13 20:30:34.850  5393  6882 I ScanManager: handleScreenOff()
03-13 20:30:34.851  3003  3003 W ContextImpl: Calling a method in the system process without a qualified user: android.app.ContextImpl.sendBroadcast:1335 vendor.samsung.frameworks.codecsolution.Logging.insertDiagmonLog:14 vendor.samsung.frameworks.codecsolution.Logging.insertLog:6 vendor.samsung.frameworks.codecsolution.Logging.insertLog:1 vendor.samsung.frameworks.codecsolution.SehCodecSolutionService$1.handleMessage:24 
03-13 20:30:34.851  5393  6882 I bt_shim_scanner: system/main/shim/le_scanning_manager.cc:151 Scan: in shim layer stopped
03-13 20:30:34.851  5393  5832 W bluetooth: system/gd/hci/le_scanning_manager.cc:716 scan: address_manager_registered_
03-13 20:30:34.851  5393  5832 W bluetooth: system/gd/hci/le_scanning_manager.cc:768 stop_scan: stop_scan
03-13 20:30:34.851  5393  5832 I bluetooth: system/gd/hci/le_address_manager.cc:278 unregister_client: Client unregistered
03-13 20:30:34.851  5393  5832 I bluetooth: system/gd/hci/le_address_manager.cc:293 unregister_client: Cancelled address rotation alarm
03-13 20:30:34.851  5393  6882 W ScanManager: There is no scan radio to stop
03-13 20:30:34.851  5393  6882 I bt_shim_scanner: system/main/shim/le_scanning_manager.cc:335 SetScanParameters: in shim layer, scannerId1m=3, scannerIdCoded=0
03-13 20:30:34.851  5393  6882 W bt_shim_scanner: system/main/shim/le_scanning_manager.cc:365 SetScanParameters: Set scan params scan_int_1m : 3120, scan_win_1m : 160, Duty : 5.13% | scan_int_coded : 0, scan_win_coded : 0, Duty : nan%
03-13 20:30:34.851  5393  6882 I bt_shim_scanner: system/main/shim/le_scanning_manager.cc:151 Scan: in shim layer started
03-13 20:30:34.851  2007  2007 I sensors-hal: send_sync_sensor_request:543, takes 2 ms to receive the response with 0
03-13 20:30:34.851  4360 30795 I CCodec  : [c2.qti.hevc.decoder] state->set(STARTING)
03-13 20:30:34.851  2007  2007 I sensors-hal: activate:330, com.samsung.sensor.light_seamless/1782 en=0 completed
03-13 20:30:34.851  4607  4607 D libnfc_nci: nfcManager_doSetScreenState: state = 1 prevScreenState= 8, discovry_param = 1
03-13 20:30:34.851  2053 13496 I vendor.qti.media.c2@1.0-service: [FRC-IsFilteringEnabled] entry
03-13 20:30:34.851  2053 13496 I vendor.qti.media.c2@1.0-service: [FRC-IsFilteringEnabled] frcReqInfo.value is 0
03-13 20:30:34.852  4607  4986 D NxpGenExtn: vendor_nfc_handle_event Enter eventCode:11
03-13 20:30:34.852  4607  4986 D NxpGenExtn: phNxpExtn_HandleVendorNciMsg Not vendor specific command!!
03-13 20:30:34.852  4607  4986 I NxpGenExtn: phNxpExtn_Write NCI datalen:7
03-13 20:30:34.852  4607  4986 I NxpGenExtn: processExtnWrite Enter dataLen:7
03-13 20:30:34.852  4607  4986 I NxpPropExtn: phNxpProp_ProcessExtnWrite PropExtensionController Enter dataLen:7
03-13 20:30:34.852  4607  4986 I NxpPropExtn: processExtnWrite Enter
03-13 20:30:34.852  4607  4986 D NxpPropExtn: NciStateMonitor processExtnWrite Enter
03-13 20:30:34.852  4607  4986 D NxpPropExtn: resendRequired, resend required
03-13 20:30:34.852  4607  4986 D NxpGenExtn: write Enter wLength:7
03-13 20:30:34.852  4607  4986 D NxpGenExtn: palenQueueWrite Enter wLength:7
03-13 20:30:34.852  4205  4205 I Dialog  : mIsDeviceDefault = false, mIsSamsungBasicInteraction = false, isMetaDataInActivity = false
03-13 20:30:34.852  2053 13496 I QC2Comp : [hvcD_279] CPU perf resource value pair found: [1082130688, 4095, ]
03-13 20:30:34.852  3003  3067 D SensorManager: unregisterListener :: com.android.server.display.mode.DisplayModeDirector$BrightnessObserver$LightSensorEventListener@b4fe971
03-13 20:30:34.852  3003  3067 D BrightnessSynchronizer: onDisplayChanged() : displayId=0
03-13 20:30:34.852  4607 30809 D NxpGenExtn: enQueueWriteInternal Enter wLength:7
03-13 20:30:34.852  3003  3067 D BrightnessSynchronizer: updateScreenBrightness: displayId=0 type=2 mPreferredSettingValue=0.3215686(82) currentBrightnessInt=82 currentBrightnessIntFromFloat=82(0.3215686)
03-13 20:30:34.852  3003  3067 D BBA2    : updateWindowVisible for pid : 29380, visible : 0
03-13 20:30:34.852  2439  2467 I android.hardware.nfc-service.nxp: write
03-13 20:30:34.852  4205  4205 I DecorView: setWindowBackground: isPopOver=false color=0 d=android.graphics.drawable.ColorDrawable@557ce9
03-13 20:30:34.852  3003  6692 I WindowManager: Relayout Window{5cf542c u0 com.waze/com.waze.search.v2.SearchV2Activity}: viewVisibility=8 req=1080x2640 ty=1 d0
03-13 20:30:34.852  1993  1993 D vendor.qti.bluetooth@1.1-ibs_handler: SerialClockVote: vote for UART CLK ON
03-13 20:30:34.853  3003  6692 D BLASTSyncEngine: SyncGroup 10416:  Unfinished container: WindowToken{8004a5b type=2024 android.os.BinderProxy@d7bba75} mSyncState=2
03-13 20:30:34.853  2007  3645 I sensors-hal: qsh_conn_event_cb:890, event[0] sensor:Drop Classifier  Wakeup, msg_id=1025, ts=5288460597237
03-13 20:30:34.853  4205  4205 D SubFullLayoutVolumePanelView: SubFullLayoutVolumePanelView: bind
03-13 20:30:34.853  3003  6692 I WindowManager: Relayout hash=5cf542c, pid=29380, syncId=-1: mAttrs={(0,0)(fillxfill) sim={adjust=nothing} layoutInDisplayCutoutMode=always ty=BASE_APPLICATION fmt=TRANSPARENT preferredDisplayMode=3
03-13 20:30:34.853  3003  6692 I WindowManager:   fl=81810180
03-13 20:30:34.853  3003  6692 I WindowManager:   pfl=10008840
03-13 20:30:34.853  3003  6692 I WindowManager:   bhv=1
03-13 20:30:34.853  3003  6692 I WindowManager:   fitSides=0
03-13 20:30:34.853  3003  6692 I WindowManager:   frameRateBoostOnTouch=true
03-13 20:30:34.853  3003  6692 I WindowManager:   dvrrWindowFrameRateHint=true naviIconColor=0}
03-13 20:30:34.853  3003  3003 D SGM:GameManager: onDisplayChanged. displyId: 0, state: 1
03-13 20:30:34.853  3003  3003 I SemMdnieManagerService: DisplayListener onDisplayChanged. mAlwaysOnDisplayEnabled : false , mDisplayOn : true , mDisplayState : 1 , mWorkBlueFilter : true , mNightModeBlock : true
03-13 20:30:34.853  3003  3003 D EyeComfortSolutionService: mBlueLightFilterAdaptiveModeEnabled: true , mBlueLightFilterScheduledTime: false
03-13 20:30:34.853  2053 13496 I QC2Registry: Build pipelined codec for session
03-13 20:30:34.853  2053 13496 I QC2Registry: Getting stages for pipelined codec
03-13 20:30:34.853  2053 13496 I QC2Registry: Requested codec is pipelined. Create codec list
03-13 20:30:34.853  2053 13496 I QC2Registry: GetEnabledFilters for c2.qti.hevc.decoder
03-13 20:30:34.853  2053 13496 I QC2Registry: Pipeline Index = a0009102
03-13 20:30:34.853  2053 13496 I QC2Registry: Filter sec2.imageformat.filter can't be pipelined
03-13 20:30:34.853  2053 13496 I QC2Registry: Pipeline Index = a000a103
03-13 20:30:34.853  2053 13496 I QC2Registry: Filter c2.qti.filter.imagetransform can't be pipelined
03-13 20:30:34.853  2053 13496 I QC2Registry: Created 0 filters for pipelined codec c2.qti.hevc.decoder
03-13 20:30:34.853  2053 13496 E QC2Comp : [hvcD_279] configureIntf failed 95
03-13 20:30:34.854  3003  3687 D SGM:FgCheckThread: onLooperPrepared(), msg: MSG_LCD_OFF
03-13 20:30:34.854  3003  3687 D SGM:FgCheckThread: sendFocusOutConditionally() - mPrevNotiPkg: (unknown), userId: 0
03-13 20:30:34.854  4205  4205 D SecVolume.VolumePanelStore: subscribe : observer count=4, observer=com.android.systemui.volume.view.subscreen.full.SubFullLayoutVolumePanelWindow@2f3de07
03-13 20:30:34.854  4205  4205 D SecVolume.VolumePanelStore: subscribe : observer count=5, observer=com.android.systemui.volume.view.subscreen.full.SubFullLayoutVolumePanelView{fe5db34 V.E...... ......I. 0,0-0,0 #7f0a0f4e app:id/volume_panel_view_root}
03-13 20:30:34.854  4205  4205 D NavigationBarControllerImpl: setNavigationBarShortcut requestClass : com.android.wm.shell.controlpanel.activity.FlexPanelActivity, remoteViews : null, position : 0, priority : 11
03-13 20:30:34.854  4205  4205 D RemoteViewPack: OnSetRemoteView RemoteViewShortcut(requestClass=com.android.wm.shell.controlpanel.activity.FlexPanelActivity, remoteViews=null, position=0, priority=11)
03-13 20:30:34.854  4205  4205 D NavBarStateManager: NavBarStates(0) isGameMode: false
03-13 20:30:34.854  4205  4205 D RemoteViewPack: OnSetRemoteView RemoteViewShortcut(requestClass=com.android.wm.shell.controlpanel.activity.FlexPanelActivity, remoteViews=null, position=0, priority=11)
03-13 20:30:34.854  4205  4205 D NavBarStateManager: NavBarStates(1) isGameMode: false
03-13 20:30:34.854  3003  5976 D LiftUpHandler: [LTW]  Settings Lift to wake: enable = 0
03-13 20:30:34.854  4205  4205 D SecTabletHorizontalPanelPositionHelper: foldState: UNFOLD -> FOLD
03-13 20:30:34.854  4205  4205 D SecTabletHorizontalPanelPositionHelper: setHorizontalPanelTranslation(0.0), force : true
03-13 20:30:34.854  4205  4205 E SecQSPanelResourcePickHelper: need to prepare suitable picker for COVER
03-13 20:30:34.854  4205  4205 D SubscreenQsPanelControllerBase: onFolderStateChangedfalse
03-13 20:30:34.854  4205  4205 D SubscreenQsPanelControllerBase: setTiles 
03-13 20:30:34.854  4205  4205 D SubscreenQsPanelControllerBase: adding Tilespec : Wifi
03-13 20:30:34.854  4832  9609 I HoneySpace.Memory-Monitor: current state = 1, didTrim = false
03-13 20:30:34.854  4832  9609 I HoneySpace.Memory-Monitor: onDisplayStateChanged lastChangedDisplayState = 1
03-13 20:30:34.854  4205  4205 E SecQSPanelResourcePickHelper: need to prepare suitable picker for COVER
03-13 20:30:34.855  4205  4205 E SecQSPanelResourcePickHelper: need to prepare suitable picker for COVER
03-13 20:30:34.855  4205  4205 E SecQSPanelResourcePickHelper: need to prepare suitable picker for COVER
03-13 20:30:34.855  4205  4205 E SecQSPanelResourcePickHelper: need to prepare suitable picker for COVER
03-13 20:30:34.855  4205  4205 E SecQSPanelResourcePickHelper: need to prepare suitable picker for COVER
03-13 20:30:34.855  4205  4205 D SubRoomQsTileBaseView: updateSubscreenTileStroke
03-13 20:30:34.855  4205  4205 D SubscreenQsPanelControllerBase: addTile tile.getTileSpec():  record: com.android.systemui.qs.QSPanelControllerBase$TileRecord@be05d5d mSubscreenRecords.size(): 1
03-13 20:30:34.855  4205  4205 D SubscreenQsPanelControllerBase: adding Tilespec : SoundMode
03-13 20:30:34.855  2007  3645 I sensors-hal: qsh_conn_event_cb:890, event[0] sensor:Drop Classifier  Wakeup, msg_id=1025, ts=5288460639687
03-13 20:30:34.855  4205  4205 E SecQSPanelResourcePickHelper: need to prepare suitable picker for COVER
03-13 20:30:34.855  4205  4205 E SecQSPanelResourcePickHelper: need to prepare suitable picker for COVER
03-13 20:30:34.855  4205  4205 E SecQSPanelResourcePickHelper: need to prepare suitable picker for COVER
03-13 20:30:34.855  4205  4205 E SecQSPanelResourcePickHelper: need to prepare suitable picker for COVER
03-13 20:30:34.855  4205  4205 E SecQSPanelResourcePickHelper: need to prepare suitable picker for COVER
03-13 20:30:34.855  4205  4205 D SubRoomQsTileBaseView: updateSubscreenTileStroke
03-13 20:30:34.855  4205  4205 D SubscreenQsPanelControllerBase: addTile tile.getTileSpec():  record: com.android.systemui.qs.QSPanelControllerBase$TileRecord@de846d2 mSubscreenRecords.size(): 2
03-13 20:30:34.855  4205  4205 D SubscreenQsPanelControllerBase: adding Tilespec : Bluetooth
03-13 20:30:34.855  4205  4205 E SecQSPanelResourcePickHelper: need to prepare suitable picker for COVER
03-13 20:30:34.855  3003  5976 D LiftUpHandler: [LTW] Running already.
03-13 20:30:34.855  4205  4205 E SecQSPanelResourcePickHelper: need to prepare suitable picker for COVER
03-13 20:30:34.855  4205  4205 E SecQSPanelResourcePickHelper: need to prepare suitable picker for COVER
03-13 20:30:34.855  4205  4205 E SecQSPanelResourcePickHelper: need to prepare suitable picker for COVER
03-13 20:30:34.855  4205  4205 E SecQSPanelResourcePickHelper: need to prepare suitable picker for COVER
03-13 20:30:34.855  4205  4205 D SubRoomQsTileBaseView: updateSubscreenTileStroke
03-13 20:30:34.855  4205  4205 D SubscreenQsPanelControllerBase: addTile tile.getTileSpec():  record: com.android.systemui.qs.QSPanelControllerBase$TileRecord@9e653a3 mSubscreenRecords.size(): 3
03-13 20:30:34.855  4205  4205 D SubscreenQsPanelControllerBase: adding Tilespec : AirplaneMode
03-13 20:30:34.855  4205  4205 E SecQSPanelResourcePickHelper: need to prepare suitable picker for COVER
03-13 20:30:34.855  4205  4205 E SecQSPanelResourcePickHelper: need to prepare suitable picker for COVER
03-13 20:30:34.855  4205  4205 E SecQSPanelResourcePickHelper: need to prepare suitable picker for COVER
03-13 20:30:34.855  4205  4205 E SecQSPanelResourcePickHelper: need to prepare suitable picker for COVER
03-13 20:30:34.855  4832 20777 I HoneySpace.Memory-Monitor: no default Display - 1
03-13 20:30:34.855  4832 20777 I HoneySpace.Memory-Monitor: current state = 1, didTrim = true
03-13 20:30:34.855  4205  4205 E SecQSPanelResourcePickHelper: need to prepare suitable picker for COVER
03-13 20:30:34.855  4205  4205 D SubRoomQsTileBaseView: updateSubscreenTileStroke
03-13 20:30:34.855  4205  4205 D SubscreenQsPanelControllerBase: addTile tile.getTileSpec():  record: com.android.systemui.qs.QSPanelControllerBase$TileRecord@79f76a0 mSubscreenRecords.size(): 4
03-13 20:30:34.855  4205  4205 D SubscreenQsPanelControllerBase: adding Tilespec : Flashlight
03-13 20:30:34.855  4205  4205 E SecQSPanelResourcePickHelper: need to prepare suitable picker for COVER
03-13 20:30:34.855  4205  4205 E SecQSPanelResourcePickHelper: need to prepare suitable picker for COVER
03-13 20:30:34.855  4205  4205 E SecQSPanelResourcePickHelper: need to prepare suitable picker for COVER
03-13 20:30:34.855  4205  4205 E SecQSPanelResourcePickHelper: need to prepare suitable picker for COVER
03-13 20:30:34.855  4205  4205 E SecQSPanelResourcePickHelper: need to prepare suitable picker for COVER
03-13 20:30:34.855  4205  4205 D SubRoomQsTileBaseView: updateSubscreenTileStroke
03-13 20:30:34.855  4205  4205 D SubscreenQsPanelControllerBase: addTile tile.getTileSpec():  record: com.android.systemui.qs.QSPanelControllerBase$TileRecord@4ca7259 mSubscreenRecords.size(): 5
03-13 20:30:34.855  4205  4205 D SubscreenQsPanelControllerBase: adding Tilespec : MobileData
03-13 20:30:34.855  4205  4205 E SecQSPanelResourcePickHelper: need to prepare suitable picker for COVER
03-13 20:30:34.855 19717 19717 I HBD     : DeX h DeX mode state change in non-main thread 
03-13 20:30:34.855  4205  4205 E SecQSPanelResourcePickHelper: need to prepare suitable picker for COVER
03-13 20:30:34.855  4205  4205 E SecQSPanelResourcePickHelper: need to prepare suitable picker for COVER
03-13 20:30:34.855  4205  4205 E SecQSPanelResourcePickHelper: need to prepare suitable picker for COVER
03-13 20:30:34.855 19717 19717 I HBD     : DeX h DeX mode state change: 3 
03-13 20:30:34.855  4205  4205 E SecQSPanelResourcePickHelper: need to prepare suitable picker for COVER
03-13 20:30:34.855  4205  4205 D SubRoomQsTileBaseView: updateSubscreenTileStroke
03-13 20:30:34.855  4205  4205 D SubscreenQsPanelControllerBase: addTile tile.getTileSpec():  record: com.android.systemui.qs.QSPanelControllerBase$TileRecord@2dffe1e mSubscreenRecords.size(): 6
03-13 20:30:34.855  4205  4205 D SubscreenQsPanelControllerBase: adding Tilespec : custom(com.samsung.android.app.smartcapture/com.samsung.android.app.screenrecorder.view.RecordScreenTile)
03-13 20:30:34.855  4205  4205 E SecQSPanelResourcePickHelper: need to prepare suitable picker for COVER
03-13 20:30:34.855  4205  4205 E SecQSPanelResourcePickHelper: need to prepare suitable picker for COVER
03-13 20:30:34.855  4205  4205 E SecQSPanelResourcePickHelper: need to prepare suitable picker for COVER
03-13 20:30:34.855  4205  4205 E SecQSPanelResourcePickHelper: need to prepare suitable picker for COVER
03-13 20:30:34.855  4205  4205 E SecQSPanelResourcePickHelper: need to prepare suitable picker for COVER
03-13 20:30:34.855  4205  4205 D SubRoomQsTileBaseView: updateSubscreenTileStroke
03-13 20:30:34.855  4205  4205 D SubscreenQsPanelControllerBase: addTile tile.getTileSpec():  record: com.android.systemui.qs.QSPanelControllerBase$TileRecord@20086ff mSubscreenRecords.size(): 7
03-13 20:30:34.855  4205  4205 D SubscreenQsPanelControllerBase: adding Tilespec : custom(com.samsung.android.app.routines/.LifestyleModeTile)
03-13 20:30:34.855  4205  4205 E SecQSPanelResourcePickHelper: need to prepare suitable picker for COVER
03-13 20:30:34.855  4205  4205 E SecQSPanelResourcePickHelper: need to prepare suitable picker for COVER
03-13 20:30:34.855  4205  4205 E SecQSPanelResourcePickHelper: need to prepare suitable picker for COVER
03-13 20:30:34.855  4205  4205 E SecQSPanelResourcePickHelper: need to prepare suitable picker for COVER
03-13 20:30:34.855  4205  4205 E SecQSPanelResourcePickHelper: need to prepare suitable picker for COVER
03-13 20:30:34.855  4205  4205 D SubRoomQsTileBaseView: updateSubscreenTileStroke
03-13 20:30:34.855  4205  4205 D SubscreenQsPanelControllerBase: addTile tile.getTileSpec():  record: com.android.systemui.qs.QSPanelControllerBase$TileRecord@b955ccc mSubscreenRecords.size(): 8
03-13 20:30:34.855  4205  4205 D SubscreenQsPanelControllerBase: adding Tilespec : Dnd
03-13 20:30:34.855  4205  4205 E SecQSPanelResourcePickHelper: need to prepare suitable picker for COVER
03-13 20:30:34.856  4205  4205 E SecQSPanelResourcePickHelper: need to prepare suitable picker for COVER
03-13 20:30:34.856  4205  4205 E SecQSPanelResourcePickHelper: need to prepare suitable picker for COVER
03-13 20:30:34.856  4205  4205 E SecQSPanelResourcePickHelper: need to prepare suitable picker for COVER
03-13 20:30:34.856  3003  4923 D WifiDisplayAdapter: isFitToActiveDisplayLocked : false
03-13 20:30:34.856  4205  4205 E SecQSPanelResourcePickHelper: need to prepare suitable picker for COVER
03-13 20:30:34.856  4205  4205 D SubRoomQsTileBaseView: updateSubscreenTileStroke
03-13 20:30:34.856  4205  4205 D SubscreenQsPanelControllerBase: addTile tile.getTileSpec():  record: com.android.systemui.qs.QSPanelControllerBase$TileRecord@2a6db15 mSubscreenRecords.size(): 9
03-13 20:30:34.856  4205  4205 D SubscreenQsPanelControllerBase: setTiles 
03-13 20:30:34.856  4205  4205 D SubscreenQsPanelControllerBase: adding Tilespec : Wifi
03-13 20:30:34.856  4205  4205 E SecQSPanelResourcePickHelper: need to prepare suitable picker for COVER
03-13 20:30:34.856  4205  4205 E SecQSPanelResourcePickHelper: need to prepare suitable picker for COVER
03-13 20:30:34.856  4205  4205 E SecQSPanelResourcePickHelper: need to prepare suitable picker for COVER
03-13 20:30:34.856  4205  4205 E SecQSPanelResourcePickHelper: need to prepare suitable picker for COVER
03-13 20:30:34.856  4205  4205 E SecQSPanelResourcePickHelper: need to prepare suitable picker for COVER
03-13 20:30:34.856  4205  4205 D SubRoomQsTileBaseView: updateSubscreenTileStroke
03-13 20:30:34.856  4205  4205 D SubscreenQsPanelControllerBase: addTile tile.getTileSpec():  record: com.android.systemui.qs.QSPanelControllerBase$TileRecord@f09de2a mSubscreenRecords.size(): 1
03-13 20:30:34.856  4205  4205 D SubscreenQsPanelControllerBase: adding Tilespec : SoundMode
03-13 20:30:34.856  4205  4205 E SecQSPanelResourcePickHelper: need to prepare suitable picker for COVER
03-13 20:30:34.856  4205  4205 E SecQSPanelResourcePickHelper: need to prepare suitable picker for COVER
03-13 20:30:34.856  4205  4205 E SecQSPanelResourcePickHelper: need to prepare suitable picker for COVER
03-13 20:30:34.856  4205  4205 E SecQSPanelResourcePickHelper: need to prepare suitable picker for COVER
03-13 20:30:34.856  4205  4205 E SecQSPanelResourcePickHelper: need to prepare suitable picker for COVER
03-13 20:30:34.856  4205  4205 D SubRoomQsTileBaseView: updateSubscreenTileStroke
03-13 20:30:34.856  4205  4205 D SubscreenQsPanelControllerBase: addTile tile.getTileSpec():  record: com.android.systemui.qs.QSPanelControllerBase$TileRecord@760941b mSubscreenRecords.size(): 2
03-13 20:30:34.856  4205  4205 D SubscreenQsPanelControllerBase: adding Tilespec : Bluetooth
03-13 20:30:34.856  4205  4205 E SecQSPanelResourcePickHelper: need to prepare suitable picker for COVER
03-13 20:30:34.856 15873 15873 I VRI[InputMethod]@28ec110: onDisplayChanged oldDisplayState=2 newDisplayState=1
03-13 20:30:34.856  4205  4362 D StackScroller: onDisplayChanged for predraw skip to 1
03-13 20:30:34.856  4205  4205 E SecQSPanelResourcePickHelper: need to prepare suitable picker for COVER
03-13 20:30:34.856  4205  4205 E SecQSPanelResourcePickHelper: need to prepare suitable picker for COVER
03-13 20:30:34.856  4205  4362 D Tile.WifiTile: handleUpdateState isTransient=false transientEnabling =false cb.isTransient=false state.state = 2 mStateBeforeClick.value =false enabled =true
03-13 20:30:34.856  4205  4205 E SecQSPanelResourcePickHelper: need to prepare suitable picker for COVER
03-13 20:30:34.856  4205  4205 E SecQSPanelResourcePickHelper: need to prepare suitable picker for COVER
03-13 20:30:34.856  4205  4205 D SubRoomQsTileBaseView: updateSubscreenTileStroke
03-13 20:30:34.856  4205  4205 D SubscreenQsPanelControllerBase: addTile tile.getTileSpec():  record: com.android.systemui.qs.QSPanelControllerBase$TileRecord@2a71391 mSubscreenRecords.size(): 3
03-13 20:30:34.856  4205  4205 D SubscreenQsPanelControllerBase: adding Tilespec : AirplaneMode
03-13 20:30:34.856  4205  4205 E SecQSPanelResourcePickHelper: need to prepare suitable picker for COVER
03-13 20:30:34.856  4205  4205 E SecQSPanelResourcePickHelper: need to prepare suitable picker for COVER
03-13 20:30:34.856  4205  4205 E SecQSPanelResourcePickHelper: need to prepare suitable picker for COVER
03-13 20:30:34.856  4205  4205 E SecQSPanelResourcePickHelper: need to prepare suitable picker for COVER
03-13 20:30:34.856  4205  4205 E SecQSPanelResourcePickHelper: need to prepare suitable picker for COVER
03-13 20:30:34.856  4205  4205 D SubRoomQsTileBaseView: updateSubscreenTileStroke
03-13 20:30:34.856  4205  4205 D SubscreenQsPanelControllerBase: addTile tile.getTileSpec():  record: com.android.systemui.qs.QSPanelControllerBase$TileRecord@fea56f7 mSubscreenRecords.size(): 4
03-13 20:30:34.856  4205  4205 D SubscreenQsPanelControllerBase: adding Tilespec : Flashlight
03-13 20:30:34.856  4205  4205 E SecQSPanelResourcePickHelper: need to prepare suitable picker for COVER
03-13 20:30:34.856  4205  4205 E SecQSPanelResourcePickHelper: need to prepare suitable picker for COVER
03-13 20:30:34.856  4205  4205 E SecQSPanelResourcePickHelper: need to prepare suitable picker for COVER
03-13 20:30:34.856  4205  4205 E SecQSPanelResourcePickHelper: need to prepare suitable picker for COVER
03-13 20:30:34.856  4205  4205 E SecQSPanelResourcePickHelper: need to prepare suitable picker for COVER
03-13 20:30:34.856  4205  4205 D SubRoomQsTileBaseView: updateSubscreenTileStroke
03-13 20:30:34.856  4205  4205 D SubscreenQsPanelControllerBase: addTile tile.getTileSpec():  record: com.android.systemui.qs.QSPanelControllerBase$TileRecord@7507964 mSubscreenRecords.size(): 5
03-13 20:30:34.856  4205  4205 D SubscreenQsPanelControllerBase: adding Tilespec : MobileData
03-13 20:30:34.856  4205  4205 E SecQSPanelResourcePickHelper: need to prepare suitable picker for COVER
03-13 20:30:34.856  4205  4881 I VRI[ScreenDecorOverlayCover]@cddcdb0: onDisplayChanged oldDisplayState=1 newDisplayState=1
03-13 20:30:34.856  4205  4205 E SecQSPanelResourcePickHelper: need to prepare suitable picker for COVER
03-13 20:30:34.856  4205  4205 E SecQSPanelResourcePickHelper: need to prepare suitable picker for COVER
03-13 20:30:34.856  4205  4205 E SecQSPanelResourcePickHelper: need to prepare suitable picker for COVER
03-13 20:30:34.856  4205  4205 E SecQSPanelResourcePickHelper: need to prepare suitable picker for COVER
03-13 20:30:34.856  4205  4205 D SubRoomQsTileBaseView: updateSubscreenTileStroke
03-13 20:30:34.856  4205  4205 D SubscreenQsPanelControllerBase: addTile tile.getTileSpec():  record: com.android.systemui.qs.QSPanelControllerBase$TileRecord@99857cd mSubscreenRecords.size(): 6
03-13 20:30:34.856  4205  4205 D SubscreenQsPanelControllerBase: adding Tilespec : custom(com.samsung.android.app.smartcapture/com.samsung.android.app.screenrecorder.view.RecordScreenTile)
03-13 20:30:34.856  4205  4205 E SecQSPanelResourcePickHelper: need to prepare suitable picker for COVER
03-13 20:30:34.856  4205  4205 E SecQSPanelResourcePickHelper: need to prepare suitable picker for COVER
03-13 20:30:34.856  4205  4205 E SecQSPanelResourcePickHelper: need to prepare suitable picker for COVER
03-13 20:30:34.856  4205  4205 E SecQSPanelResourcePickHelper: need to prepare suitable picker for COVER
03-13 20:30:34.856  4205  4205 E SecQSPanelResourcePickHelper: need to prepare suitable picker for COVER
03-13 20:30:34.856  4205  4205 D SubRoomQsTileBaseView: updateSubscreenTileStroke
03-13 20:30:34.856 29380 29380 I VRI[SearchV2Activity]@e1e6785: Relayout returned: old=(0,0,1080,2640) new=(0,0,1080,2640) relayoutAsync=false req=(1080,2640)8 dur=6 res=0x2 s={false 0x0} ch=true seqId=0
03-13 20:30:34.856  4205  4205 D SubscreenQsPanelControllerBase: addTile tile.getTileSpec():  record: com.android.systemui.qs.QSPanelControllerBase$TileRecord@62c0882 mSubscreenRecords.size(): 7
03-13 20:30:34.856  4205  4205 D SubscreenQsPanelControllerBase: adding Tilespec : custom(com.samsung.android.app.routines/.LifestyleModeTile)
03-13 20:30:34.856  4205  4205 E SecQSPanelResourcePickHelper: need to prepare suitable picker for COVER
03-13 20:30:34.856  4205  4205 E SecQSPanelResourcePickHelper: need to prepare suitable picker for COVER
03-13 20:30:34.856  4205  4205 E SecQSPanelResourcePickHelper: need to prepare suitable picker for COVER
03-13 20:30:34.856  4205  4205 E SecQSPanelResourcePickHelper: need to prepare suitable picker for COVER
03-13 20:30:34.857  4205  4267 I VRI[ShellDropTarget]@a0b4a8f: onDisplayChanged oldDisplayState=2 newDisplayState=1
03-13 20:30:34.857  3003  4923 D WifiDisplayAdapter: isFitToActiveDisplayLocked : false
03-13 20:30:34.857 29380 29380 I SV[179482148 SearchV2Activity]: windowStopped(true) false com.waze.map.p3{ab2ae24 VFE...... ........ 0,0-1080,2640} of VRI[SearchV2Activity]@e1e6785
03-13 20:30:34.857 29380 29380 D SV[179482148 SearchV2Activity]: updateSurface: surface is not valid
03-13 20:30:34.857 29380 29380 I SV[179482148 SearchV2Activity]: releaseSurfaces: viewRoot = VRI[SearchV2Activity]@e1e6785
03-13 20:30:34.857  4205  4267 I VRI[View root of ReusableWindowDecorViewHost#0]@15d66b2: onDisplayChanged oldDisplayState=2 newDisplayState=1
03-13 20:30:34.857 29380 29380 D VRI[SearchV2Activity]@e1e6785: applyTransactionOnDraw applyImmediately
03-13 20:30:34.857  4205  4267 I VRI[View root of ReusableWindowDecorViewHost#1]@d4195f3: onDisplayChanged oldDisplayState=2 newDisplayState=1
03-13 20:30:34.857  4205  4205 E SecQSPanelResourcePickHelper: need to prepare suitable picker for COVER
03-13 20:30:34.857  4205  4205 D SubRoomQsTileBaseView: updateSubscreenTileStroke
03-13 20:30:34.857  4205  4205 D SubscreenQsPanelControllerBase: addTile tile.getTileSpec():  record: com.android.systemui.qs.QSPanelControllerBase$TileRecord@1e36b93 mSubscreenRecords.size(): 8
03-13 20:30:34.857  4205  4205 D SubscreenQsPanelControllerBase: adding Tilespec : Dnd
03-13 20:30:34.857  4205  4205 E SecQSPanelResourcePickHelper: need to prepare suitable picker for COVER
03-13 20:30:34.857  4205  4205 E SecQSPanelResourcePickHelper: need to prepare suitable picker for COVER
03-13 20:30:34.857  4205  4205 E SecQSPanelResourcePickHelper: need to prepare suitable picker for COVER
03-13 20:30:34.857  4205  4205 E SecQSPanelResourcePickHelper: need to prepare suitable picker for COVER
03-13 20:30:34.857  4205  4205 E SecQSPanelResourcePickHelper: need to prepare suitable picker for COVER
03-13 20:30:34.857  4205  4205 D SubRoomQsTileBaseView: updateSubscreenTileStroke
03-13 20:30:34.857  4832  6719 I HoneySpace.Memory-Monitor: cleanMemory count=1, needTrim=true, delayTime=30000
03-13 20:30:34.857  4205  4205 D SubscreenQsPanelControllerBase: addTile tile.getTileSpec():  record: com.android.systemui.qs.QSPanelControllerBase$TileRecord@f4dc7d0 mSubscreenRecords.size(): 9
03-13 20:30:34.857  4205  4205 D SubscreenQsPanelControllerBase: setListeningtrue
03-13 20:30:34.857  4205  4205 D SubscreenQsPanelControllerBase: refreshAllTiles
03-13 20:30:34.857  4205  4205 D SubscreenPagedTileLayout: setTilePageHeight pageHeight: 438
03-13 20:30:34.857  4205  4205 D SubscreenTileLayout: updateResources columns: 4 mMaxCellHeight: 100 mMaxAllowedRows: 3 mCellWidth: 111
03-13 20:30:34.857  4205  4205 D AppController: isFolderOpened = false
03-13 20:30:34.857  4205  4205 D AppController: folderClosed : unregist SensorManager 
03-13 20:30:34.857 19717 19717 I HBD     : DeX h DeX mode state change in non-main thread 
03-13 20:30:34.857 19717 19717 I HBD     : DeX h DeX mode state change: 3 
03-13 20:30:34.857 19717 19717 I HBD     : DeX h DeX mode state change in non-main thread 
03-13 20:30:34.857 19717 19717 I HBD     : DeX h DeX mode state change: 3 
03-13 20:30:34.857  3003  3067 E ModeChangeObserver: Changed display not found
03-13 20:30:34.857 29380 29380 D SV[179482148 SearchV2Activity]: updateSurface: surface is not valid
03-13 20:30:34.857  3003  3067 D RefreshRateModeManager: onBrightnessChanged: brt=0, lux=-1.0
03-13 20:30:34.857 29380 29380 I SV[179482148 SearchV2Activity]: releaseSurfaces: viewRoot = VRI[SearchV2Activity]@e1e6785
03-13 20:30:34.857 29380 29380 D VRI[SearchV2Activity]@e1e6785: applyTransactionOnDraw applyImmediately
03-13 20:30:34.857  2007  3645 I sensors-hal: qsh_conn_event_cb:890, event[0] sensor:Drop Classifier  Wakeup, msg_id=1025, ts=5288460682137
03-13 20:30:34.857  4205  4362 D Tile.SoundModeTile: handleUpdateState: profile 0, muteAllSound false
03-13 20:30:34.857  2007  2007 I sensors-hal: activate:300, android.sensor.device_orientation/271 en=0
03-13 20:30:34.857  2007  2007 I sensors-hal: deactivate:283, auto_rotation: 1, type 2
03-13 20:30:34.857  2007  2007 I sensors-hal: send_sync_sensor_request:508, send sync request
03-13 20:30:34.857  3003  3003 I SemMdnieManagerService: DDI setNightDimOffMode : false, index : 0, str : (0 0)
03-13 20:30:34.857  2007  2007 I sensors-hal: send_sync_sensor_request:518, send_sync_sensor_request before send_request for auto_rotation with SUID low=8603657889541918976 high=1320970896291267344
03-13 20:30:34.857 29380 29380 D VRI[SearchV2Activity]@e1e6785: Not drawing due to not visible. Reason=!mAppVisible && !mForceDecorViewVisibility
03-13 20:30:34.857 29380 29380 D VRI[SearchV2Activity]@e1e6785: Pending transaction will not be applied in sync with a draw due to view not visible
03-13 20:30:34.857  3003  3003 D SGM:GameManager: onDisplayChanged. displyId: 1, state: 1
03-13 20:30:34.857  3003  3003 V CameraService_worker: onDisplayChanged rotation : 0 current mDeviceState : 6
03-13 20:30:34.857  3003  3003 D SGM:GameManager: onDisplayChanged. displyId: 0, state: 1
03-13 20:30:34.857  2007  2007 I sensors-hal: send_sync_sensor_request:537, wait for notification of response
03-13 20:30:34.857  4205  4362 D SBluetoothTile:  handleUpdateState enabled = false connected = false connecting = false changedState =false bluetoothState = 10 enabledChanging = false state = QSTile$BooleanState[spec=Bluetooth,icon=ResourceIcon[resId=0x7f080f78],nextIcon=null,iconSupplier=null,label=Bluetooth,secondaryLabel=,contentDescription=Bluetooth,stateDescription=null,dualLabelContentDescription=null,expandedAccessibilityClassName=null,disabledByPolicy=false,dualTarget=true,isTransient=false,handlesSecondaryClick=false,state=1,sideViewCustomDrawable=null,tileClassName=null,value=false,forceExpandIcon=false]
03-13 20:30:34.857 29380 29380 I VRI[SearchV2Activity]@e1e6785: mWNT: t=0x71ffa4e510 mBlastBufferQueue=0xnull fn= 0 HdrRenderState mRenderHdrSdrRatio=1.0 caller= android.view.ViewRootImpl.handleSyncRequestWhenNoAsyncDraw:6733 android.view.ViewRootImpl.performTraversals:5504 android.view.ViewRootImpl.doTraversal:3924 
03-13 20:30:34.858  3003  3687 D SGM:FgCheckThread: onLooperPrepared(), msg: MSG_LCD_OFF
03-13 20:30:34.858 16161 26507 I NearbySharing: Screen is locked
03-13 20:30:34.858 16161 26507 I NearbySharing: Stopping scanning because the screen is locked.
03-13 20:30:34.858  6239  6239 I VRI[OnboardingActivity]@7b65a5f: onDisplayChanged oldDisplayState=1 newDisplayState=1
03-13 20:30:34.858  2071  2129 I sysinput:aidl: onReportInformation:93, 1, enabled@1,0:0
03-13 20:30:34.858  2007 12669 I sensors-hal: qsh_conn_resp_cb:930, resp_value = 0 for auto_rotation 
03-13 20:30:34.858  2071  2129 I sysinput:Touch1: operator():132, 1,0 OK
03-13 20:30:34.858  3003  3994 D SysinputHAL_AIDL: activate(TSP(1)),1,0 ret=0
03-13 20:30:34.858 29380 29614 D HWUI    : CacheManager::trimMemory(20)
03-13 20:30:34.858  2092  2092 I SSC_DAEMON: handleSensorTestReqMsg:85, Sensor type :4, Msg type:15
03-13 20:30:34.858 16161 26507 I NearbySharing: Stopping Fast Init advertisement because Bluetooth is off.
03-13 20:30:34.858  2092  2092 I SSC_DAEMON: physicalSensorTestReqMsg:130, s:4, m:15
03-13 20:30:34.858 16161 26507 I NearbySharing: Stopping advertising because Bluetooth is disabled.
03-13 20:30:34.858 16161 26507 I NearbySharing: Stopping FastInitiation scanning because the screen is locked.
03-13 20:30:34.858 16161 26507 D BluetoothAdapter: isLeEnabled(): BLE_ON
03-13 20:30:34.858 16161 26507 D BluetoothLeScanner: Stop Scan with callback
03-13 20:30:34.858  2007  2007 I sensors-hal: send_sync_sensor_request:543, takes 0 ms to receive the response with 0
03-13 20:30:34.858  2007  2007 I sensors-hal: activate:330, android.sensor.device_orientation/271 en=0 completed
03-13 20:30:34.859  4205  4205 D SensorManager: unregisterListener
03-13 20:30:34.859  4205  4205 D KeyguardEditModeController: onFolderStateChangedfalse
03-13 20:30:34.859  4205  4205 D KeyguardEditModeController: cancel() true
03-13 20:30:34.859  4205  4205 D SubScreenManager: onFolderStateChanged() opened = false
03-13 20:30:34.859  4205  4205 I SubLauncher:SubLauncherPluginImpl@102487053: onFolderStateChanged: isFolderOpened=false
03-13 20:30:34.859  4205  4205 I SubLauncher:SubLauncherStateManager@232606011: setFoldClosed: false -> true
03-13 20:30:34.859  4205  4205 I SubLauncher:SubLauncherClockController@19943652: onStartedWakingUp: isSuspendPending = true, isFolderClosed = true
03-13 20:30:34.859 29380 29380 I VRI[SearchV2Activity]@e1e6785: stopped(true) old = false
03-13 20:30:34.859 29380 29380 D VRI[SearchV2Activity]@e1e6785: WindowStopped on com.waze/com.waze.search.v2.SearchV2Activity set to true
03-13 20:30:34.859  4205  4205 I SubLauncher:SubLauncherHome@253272580: onCoverScreenOn: true
03-13 20:30:34.859  4205  4205 I SubLauncher:SubLauncherHome@253272580: restorePage
03-13 20:30:34.859  4205  4205 I SubLauncher:SubLauncherSeamlessAOD@129222420: onStartedWakingUpOnCover
03-13 20:30:34.859  4205  4205 I SubLauncher:SubLauncherStateManager@232606011: setAODVisibleState: INVISIBLE -> INITIALIZED
03-13 20:30:34.859  4205  4205 I SubLauncher:BouncerViewController@120397705: set fontColor with isBlackWallpaper
03-13 20:30:34.859 16161 16161 I NearbyDiscovery: (REDACTED) FastPairDisplayObserver: %s -> %s
03-13 20:30:34.859  4205  4205 I SubLauncher:SubLauncherClockController@19943652: observe: suspendState false
03-13 20:30:34.859  4205  4205 I AODAlarmTimer_SUB_CLOCK_TICK: setAlarm: expiration = 03/13/2026 20:31
03-13 20:30:34.859 16161 17325 I NearbyDiscovery: (REDACTED) PureOffloadFastPairScanner: eventType=%s, isInternalReq=%s, isScanning=%s, isScanningAllowed=%s
03-13 20:30:34.860 29380 29614 D HWUI    : CacheManager::trimMemory(20)
03-13 20:30:34.860  4832  4832 I VRI[RecentsTransitionOverlay]@4784a59: onDisplayChanged oldDisplayState=2 newDisplayState=1
03-13 20:30:34.860  4832  4832 I VRI[LauncherActivity]@f209089: onDisplayChanged oldDisplayState=2 newDisplayState=1
03-13 20:30:34.860  4832  4832 I VRI[CocktailBarService]@5e29200: onDisplayChanged oldDisplayState=2 newDisplayState=1
03-13 20:30:34.860  4205  4205 I ModuleClockView_SUB_LAUNCHER_1@80: suspend : mSuspend = true, enable = false
03-13 20:30:34.860  4205  4205 I ModuleClockView_SUB_LAUNCHER_1@80: onSuspendStateChanged: to false
03-13 20:30:34.860  4832  4832 I VRI[RecentsActivity]@5bc9119: onDisplayChanged oldDisplayState=2 newDisplayState=1
03-13 20:30:34.860  4205  4205 I ModuleClockView_SUB_LAUNCHER_1@80: onTimeChanged : [DateTimeInfo : date = Fri, March 13, hourMin = 8:30, hourMinSec = , hour = 8, minute = 30, amPm  = PM, colon = :, second = , timezone = null, isLeftOfAmPm = false, ttsDate = Friday, March 13], timeInMillis = 1773448234860
03-13 20:30:34.860  4205  4205 I ModuleClockView_SUB_LAUNCHER_1@80: updatePaletteItemTransition : paletteItem = SOLID color : FF4E2A23, animation = false, dozeAmount = 0.0
03-13 20:30:34.861  4205  4205 I DigitalVerticalClockView_SUB_LAUNCHER_1@57: suspend : mSuspend = true, enable = false
03-13 20:30:34.861  4205  4205 I DigitalVerticalClockView_SUB_LAUNCHER_1@57: onSuspendStateChanged: to false
