03-13 13:56:03.140  3003  3067 D WindowManager: Changing focus from Window{807782b u0 com.duckduckgo.mobile.android/com.duckduckgo.app.browser.customtabs.CustomTabActivity} to null displayId=0 Callers=com.android.server.wm.RootWindowContainer.onChildPositionChanged:8 com.android.server.wm.WindowContainer.positionChildAt:69 com.android.server.wm.RootWindowContainer.positionChildAt:8 com.android.server.wm.WindowManagerServiceExt.moveDisplayToTop:37 
03-13 13:56:03.140  4205  4205 D Navbar.Store: --[Band]STABLE_LAYOUT_PACK_INFLATE_NAVBAR_SIDE_PADDING
03-13 13:56:03.140  4205  4205 D NavBarStateManager: NavBarStates(1) getNavBarSidePadding: 0
03-13 13:56:03.140  4205  4205 D Navbar.Store: handleEvent(1) value= 0
03-13 13:56:03.140  3003  4002 D BackgroundInstallControlService: Package event received: 0
03-13 13:56:03.140  3003  3067 D InputDispatcher: Focused display: 0 -> 1
03-13 13:56:03.140  3003  3067 W InputDispatcher: Focused display #1 does not have a focused window.
03-13 13:56:03.140  3003  3067 E InputDispatcher: But another display has a focused window
03-13 13:56:03.140  3003  3067 E InputDispatcher:   FocusedWindows:
03-13 13:56:03.140  3003  3067 E InputDispatcher:     displayId=0, name='807782b com.duckduckgo.mobile.android/com.duckduckgo.app.browser.customtabs.CustomTabActivity'
03-13 13:56:03.140  3003  3067 V SystemKeyManager: updateFocusedWindow() is called, 
03-13 13:56:03.141  3003  3067 D ActivityTaskManager: scheduleTopResumedActivityChanged, onTop=false, r=ActivityRecord{22286452 u0 com.duckduckgo.mobile.android/com.duckduckgo.app.browser.customtabs.CustomTabActivity t677}, caller=com.android.server.wm.ActivityTaskSupervisor.scheduleTopResumedActivityStateLossIfNeeded:19 com.android.server.wm.ActivityTaskSupervisor.updateTopResumedActivityIfNeeded:20 com.android.server.wm.RootWindowContainer.onChildPositionChanged:16 com.android.server.wm.WindowContainer.positionChildAt:69 com.android.server.wm.RootWindowContainer.positionChildAt:8 com.android.server.wm.WindowManagerServiceExt.moveDisplayToTop:37 
03-13 13:56:03.142  3003  3067 D WALLPAPER_SVC:SubDisplayMode: onDisplayFoldChanged: displayId = 0, folded = true 
03-13 13:56:03.142  3003  3067 D WALLPAPER_SVC:WallpaperManagerService: updateDisplayData 
03-13 13:56:03.142  3003  3067 E WallpaperManagerService: getHighlightFilterState : which=17, filterState=0, unsupported mode
03-13 13:56:03.142  3003  3067 D WALLPAPER_SVC:LegibilityColor: setWhiteBgSettings which: 17, userId : 0, homeBodyColor : null 
03-13 13:56:03.142  3003  3067 D WALLPAPER_SVC:LegibilityColor: Cover wallpaper, ignore SemWallpaperColors 
03-13 13:56:03.142  3003  3067 D WALLPAPER_SVC:WallpaperManagerService: notifySemColorListeners: 17, 0, 0 
03-13 13:56:03.142  4832 22986 I HoneySpace.ExtraDisplaySource: ExtraDisplayInfo(rotation=0, displayId=1, displaySize=Point(748, 720), displayCutout=DisplayCutout{insets=Rect(0, 0 - 0, 66) waterfall=Insets{left=0, top=0, right=0, bottom=0} boundingRect={Bounds=[Rect(0, 0 - 0, 0), Rect(0, 0 - 0, 0), Rect(0, 0 - 0, 0), Rect(379, 654 - 748, 720)]} cutoutPathParserInfo={CutoutPathParserInfo{displayWidth=748 displayHeight=720 physicalDisplayWidth=748 physicalDisplayHeight=720 density={2.125} cutoutSpec={@bottom @right M 0,0 H -173.6470588235294 V -31.05882352941176 H 0 V 0 Z @dp} rotation={0} scale={1.0} physicalPixelDisplaySizeRatio={1.0}}} sideOverrides={}}, foldState=0)
03-13 13:56:03.142  3003  3067 D InputManager: onDisplayFoldChanged: folded = true
03-13 13:56:03.142  4832 22988 I HoneySpace.AppGridManager: finderWidthDp : 360.0 density : 3.0 marginDp : 10 appTrayAreaDp : 320 maxBounds : 360.0
03-13 13:56:03.142  4832   466 I HoneySpace.ExtraDisplaySource: ExtraDisplayInfo(rotation=0, displayId=1, displaySize=Point(748, 720), displayCutout=DisplayCutout{insets=Rect(0, 0 - 0, 66) waterfall=Insets{left=0, top=0, right=0, bottom=0} boundingRect={Bounds=[Rect(0, 0 - 0, 0), Rect(0, 0 - 0, 0), Rect(0, 0 - 0, 0), Rect(379, 654 - 748, 720)]} cutoutPathParserInfo={CutoutPathParserInfo{displayWidth=748 displayHeight=720 physicalDisplayWidth=748 physicalDisplayHeight=720 density={2.125} cutoutSpec={@bottom @right M 0,0 H -173.6470588235294 V -31.05882352941176 H 0 V 0 Z @dp} rotation={0} scale={1.0} physicalPixelDisplaySizeRatio={1.0}}} sideOverrides={}}, foldState=0)
03-13 13:56:03.142  4832  4896 I HoneySpace.TopTaskSource: FoldState updated(0). updateRunningTasks
03-13 13:56:03.142  4832   466 I HoneySpace.DeviceStateUseCase: changed: THREE_BUTTON, 144, true, false, DisplayInfo(rotation=0, displayId=0, displaySize=Point(1080, 2640), displayCutout=DisplayCutout{insets=Rect(0, 94 - 0, 0) waterfall=Insets{left=0, top=0, right=0, bottom=0} boundingRect={Bounds=[Rect(0, 0 - 0, 0), Rect(505, 0 - 576, 94), Rect(0, 0 - 0, 0), Rect(0, 0 - 0, 0)]} cutoutPathParserInfo={CutoutPathParserInfo{displayWidth=1080 displayHeight=2640 physicalDisplayWidth=1080 physicalDisplayHeight=2640 density={3.0} cutoutSpec={M 0,0 H -11.83333333333333 V 31.33333333333333 H 11.83333333333333 V 0 H 0 Z @dp} rotation={0} scale={1.0} physicalPixelDisplaySizeRatio={1.0}}} sideOverrides={}}, isNavCanMove=true, isTablet=false), ExtraDisplayInfo(rotation=0, displayId=1, displaySize=Point(748, 720), displayCutout=DisplayCutout{insets=Rect(0, 0 - 0, 66) waterfall=Insets{left=0, top=0, right=0, bottom=0} boundingRect={Bounds=[Rect(0, 0 - 0, 0), Rect(0, 0 - 0, 0), Rect(0, 0 - 0, 0), Rect(379, 654 - 748, 720)]} cutoutPathParserInfo={CutoutPathParserInfo{displayWidth=748 displayHeight=720 physicalDisplayWidth=748 physicalDisplayHeight=720 density={2.125} cutoutSpec={@bottom @right M 0,0 H -173.6470588235294 V -31.05882352941176 H 0 V 0 Z @dp} rotation={0} scale={1.0} physicalPixelDisplaySizeRatio={1.0}}} sideOverrides={}}, foldState=0), false
03-13 13:56:03.142  2092  2092 I factory.ssc: vendor/qcom/proprietary/adsprpc/src/mod_table.c:792: open_mod_table_close: closed reverse module apps_std with handle 0xc17f4dd8
03-13 13:56:03.142  2105  2324 I VSyncReactor: Current= 60, Period= 120, hwcPeriod= 120
03-13 13:56:03.143 19717 19717 I HBD     : h writeToFile path : /data/user/0/com.samsung.android.honeyboard/files/fold_selected.json 
03-13 13:56:03.143 19717 19717 I HBD     : h writeToFile json : {"version":"4.2","currentLanguageOrder":0,"front_selected":[{"activeOptionList":["auto_replace","auto_spacing","writing_assistant","prediction"],"bilingualId":-1,"engName":"English","id":65537,"inputType":"qwerty","isUsed":true}]} 
03-13 13:56:03.143  3003  3067 D VibratorManagerService: onFoldStateChanged isFolded = true
03-13 13:56:03.143  2007  3909 I sensors-hal: qsh_conn_event_cb:890, event[0] sensor:common_info  Wakeup, msg_id=1025, ts=4833963828828
03-13 13:56:03.144  2007  3909 I sensors-hal: handle_sns_client_event:82, common_info_event: msgid:1025
03-13 13:56:03.144  2007  3909 I sensors-hal: handle_sns_client_event:90, common_info: 1019
03-13 13:56:03.144  3003  3661 I InputReader: Reconfiguring input devices, changes=DISPLAY_FOLD
03-13 13:56:03.144  2075  2075 E SecVibrator-HAL-AIDL-EXT: V_5_0: setFolderStatus1
03-13 13:56:03.144  2075  2075 E SecVibrator-HAL-AIDL-EXT: V_5_0: FOLDER_CLOSE
03-13 13:56:03.144  2075  2075 E SecVibrator-HAL-AIDL-EXT:  length : 13
03-13 13:56:03.144  2007  3645 I sensors-hal: qsh_conn_event_cb:890, event[0] sensor:Device Common Info  Wakeup, msg_id=1025, ts=4833963848893
03-13 13:56:03.144  2007  3645 I sensors-hal: handle_sns_client_event:65, device_common_info_event: t:3, f:0, s:1, h:1
03-13 13:56:03.144  2075  2075 E SecVibrator-HAL-AIDL-EXT: V_5_0: ret : 13
03-13 13:56:03.144  2075  2075 E SecVibrator-HAL-AIDL-EXT: V_5_0: setFolderStatus end
03-13 13:56:03.144  3003  3067 D VibratorManagerService: onTableModeChanged. isTableMode=false
03-13 13:56:03.144  3003  3067 D PowerManagerService: [api] goToSleep (uid: 1000 pid: 3003) eventTime = 71152141
03-13 13:56:03.144  3003  3067 W PowerManagerService: !@Screen__Off(d) - 545 :  goToSleep:  (uid: 1000 pid: 3003) (device_folded) groupId=0
03-13 13:56:03.145  4360  9708 I CCodec  : Created component [c2.qti.hevc.decoder] for [c2.qti.hevc.decoder]
03-13 13:56:03.145  4360  9708 I CCodec  : [c2.qti.hevc.decoder] state->set(ALLOCATED)
03-13 13:56:03.145  3003  3067 I PowerGroup: Powering off display group due to device_folded (groupId= 0, uid= 1000, millisSinceLastUserActivity=19, lastUserActivityEvent=deviceState)...
03-13 13:56:03.145  3003  3067 D InputManager-JNI: setInteractiveForInternalDisplay(false)
03-13 13:56:03.145  2092  2092 I factory.ssc: vendor/qcom/proprietary/adsprpc/src/fastrpc_apps_user.c:3408: close_device_node: closed dev 16 on domain 0
03-13 13:56:03.145  2092  2092 I factory.ssc: vendor/qcom/proprietary/adsprpc/src/fastrpc_apps_user.c:3237: domain_deinit: closed device 16 on domain 0 (kill time 2275 us)
03-13 13:56:03.145  2092  2092 I factory.ssc: vendor/qcom/proprietary/adsprpc/src/fastrpc_apps_user.c:1758: remote_handle64_close: closed handle 0xb400006d90c31bd0 remote handle 0x0, num of open handles: 0
03-13 13:56:03.145  3003  3003 I PhoneWindowManager: Started going to sleep... (groupId=0 why=OFF_BECAUSE_OF_FOLD)
03-13 13:56:03.145  2092  2092 I SSC_DAEMON: handleSensorTestReqMsg:85, Sensor type :15, Msg type:15
03-13 13:56:03.145  4205  6502 D SemWallpaperColorsArea: SemWallpaperColorsArea [1080, 2640] which: 17 rotation: 0 has Base: false
03-13 13:56:03.145  3003  3067 D InputManager-JNI: setInteractive(false)
03-13 13:56:03.145  3003  3067 I PowerManagerService: Going to sleep due to device_folded (uid 1000, screenOffTimeout=600000, activityTimeoutWM=-1, maxDimRatio=0.333, maxDimDur=20000)...
03-13 13:56:03.145  2092  2092 I SSC_DAEMON: physicalSensorTestReqMsg:130, s:15, m:15
03-13 13:56:03.145  4205  4240 D SemWallpaperColorsArea: SemWallpaperColorsArea [1080, 2640] which: 17 rotation: 0 has Base: false
03-13 13:56:03.145  3003  3067 D PowerManagerService: displayReady: false groupId=0
03-13 13:56:03.145  3003  3067 D PowerManagerService: Setting HAL interactive mode to false
03-13 13:56:03.145  4205  6502 D SemWallpaperColorsArea: SemWallpaperColorsArea which = 17, mDensity : 2.125, 1080x2640,508x1242,14,31, 9
03-13 13:56:03.145  3003  3681 V InputMethodManagerService: IME window vis: 0 active: 0 visible: 0 displayId: 0
03-13 13:56:03.145  3003  3681 D InputMethodManagerService: isImeSwitcherDisabledPackage : false
03-13 13:56:03.145  4205  6502 I SemWallpaperColorsArea: Final area : Rect(46, 19 - 1032, 48)
03-13 13:56:03.145  3003  3130 D DisplayPowerController[0]: animateScreenStateChange: target=OFF, mIsEnabled=true
03-13 13:56:03.145  4205  6502 I SemWallpaperColorsArea: Final area : Rect(376, 561 - 701, 1806)
03-13 13:56:03.145  4205  6502 I SemWallpaperColorsArea: Final area : Rect(505, 46 - 573, 214)
03-13 13:56:03.145  4205  6502 I SemWallpaperColorsArea: Final area : Rect(911, 2046 - 1028, 2341)
03-13 13:56:03.145  3003  3130 I DisplayPowerController[0]: BrightnessEvent: brt=0.3215686 (79.0%), nits= 115.171, lux=149.0, reason=automatic, strat=AutomaticBrightnessStrategy, state=ON, stateReason=DEFAULT_POLICY, policy=OFF, flags=, initBrt=0.3215686, rcmdBrt=0.3215686, preBrt=NaN, preLux=126.0, wasShortTermModelActive=false, autoBrightness=true (default), unclampedBrt=0.3215686, hbmMax=1.0, hbmMode=off, thrmMax=1.0, rbcStrength=-1, powerFactor=1.0, physDisp=Built-in Screen(local:4630946564756762243), logicalId=0, slowChange=false, rampSpeed=0.0
03-13 13:56:03.145  3003  3130 D DisplayPowerController[1]: animateScreenStateChange: target=OFF, mIsEnabled=false
03-13 13:56:03.146  3003  3130 I DisplayPowerController[1]: BrightnessEvent: brt=0.0 (0.0%), nits= 1.0, lux=-1.0, reason=screen_off, strat=ScreenOffBrightnessStrategy, state=OFF, stateReason=DEFAULT_POLICY, policy=OFF, flags=, initBrt=0.0, rcmdBrt=NaN, preBrt=NaN, preLux=0.0, wasShortTermModelActive=false, autoBrightness=true (default), unclampedBrt=0.0, hbmMax=1.0, hbmMode=off, thrmMax=1.0, rbcStrength=-1, powerFactor=1.0, physDisp=Built-in Screen(local:4630946638498144900), logicalId=1, slowChange=false, rampSpeed=0.0
03-13 13:56:03.146  3003  3951 D GnssLocationProvider_ex: onLidStateChanged 1
03-13 13:56:03.146  3003  3951 D GnssLocationProvider_ex: sendLidState 3
03-13 13:56:03.145  4205  6502 I SemWallpaperColorsArea: Final area : Rect(61, 2573 - 446, 2639)
03-13 13:56:03.146  4205  4240 D SemWallpaperColorsArea: SemWallpaperColorsArea which = 17, mDensity : 2.125, 1080x2640,508x1242,14,31, 9
03-13 13:56:03.146  3003  3067 D RestrictionPolicy: isScreenCaptureEnabled : ret=true userId=0
03-13 13:56:03.146  3003  3067 D RestrictionPolicy: isScreenCaptureEnabled : ret=true userId=0
03-13 13:56:03.146  3003  3951 D GnssLocationProvider_ex: gnssConfigurationUpdateSec
03-13 13:56:03.146  4205  4240 I SemWallpaperColorsArea: Final area : Rect(46, 19 - 1032, 48)
03-13 13:56:03.146  4205  4240 I SemWallpaperColorsArea: Final area : Rect(376, 561 - 701, 1806)
03-13 13:56:03.146  4205  4240 I SemWallpaperColorsArea: Final area : Rect(505, 46 - 573, 214)
03-13 13:56:03.146  4205  4240 I SemWallpaperColorsArea: Final area : Rect(911, 2046 - 1028, 2341)
03-13 13:56:03.146  4205  4240 I SemWallpaperColorsArea: Final area : Rect(61, 2573 - 446, 2639)
03-13 13:56:03.146  4205  4240 I SemWallpaperColorsArea: Final area : Rect(0, 0 - 1079, 2639)
03-13 13:56:03.146  3003  3067 D ScreenCapture: [Capture_TEST] : setIsScreenShotBySystem true
03-13 13:56:03.146  3003  3067 I SurfaceComposerClient: captureLayers:childrenOnly:1, sync:1
03-13 13:56:03.146  4205  4240 D WallpaperManager: onSemWallpaperColorsChanged [version:22, which:17, adaptive dim:0.0/0, darkmode dim:0.25]
03-13 13:56:03.146  4205  4240 D WallpaperManager: 	[SeedColors, [-70198]]
03-13 13:56:03.146  4205  4240 D WallpaperManager: 	[STATUSBAR, Rect(31, 19 - 716, 48):1/ff000000/1.0/0.1, 0.0/0.0/0.0]
03-13 13:56:03.146  4205  4240 D WallpaperManager: 	[BODY_TOP, Rect(261, 150 - 484, 490):1/ff4e4e4e/2.0004/0.30007502, 37.627117/0.23694779/0.9764706]
03-13 13:56:03.146  4205  4240 D WallpaperManager: 	[BODY_MID, Rect(350, 12 - 397, 57):1/ff525252/2.0004/0.30007502, 40.8/0.19607843/1.0]
03-13 13:56:03.146  4205  4240 D WallpaperManager: 	[BODY_BOTTOM, Rect(631, 556 - 711, 637):1/ff343434/3.3315673/0.54966885, 31.8/0.4784689/0.81960785]
03-13 13:56:03.146  4205  4240 D WallpaperManager: 	[NAVIBAR, Rect(42, 652 - 308, 718):1/ff525252/2.0004/0.30007502, 42.352943/0.2007874/0.99607843]
03-13 13:56:03.146  4205  4240 D WallpaperManager: 	[BACKGROUND, Rect(0, 0 - 748, 718):1/ff464646/2.1101708/0.32065704, 34.411766/0.28691983/0.92941177], which=17
03-13 13:56:03.146  3003  3681 W InputMethodManagerService: callbackImeWindowStatus: skipped topFocusedDisplayId=1, curTokenDisplayId=0
03-13 13:56:03.146  3003  3681 V InputMethodManagerService: applyImeVisibility state=4
03-13 13:56:03.146  5490  5568 I LidStateListener_FLP: onLidStateChanged, whenNanos=71152092329000, lidState=1
03-13 13:56:03.147  2005  2035 I qmi_secgps_clnt: SECGPS: AGNSS Config Message
03-13 13:56:03.147  4205  6502 I SemWallpaperColorsArea: Final area : Rect(0, 0 - 1079, 2639)
03-13 13:56:03.147  4205  6502 I KeyguardWallpaperController: set system color which = 17, opacity = 0.25
03-13 13:56:03.147  4205  6502 D SystemWallpaperColors: setColor: which = 17
03-13 13:56:03.147  2053  6835 W QC2Interface: [hvcD_445] Failed to query parameters
03-13 13:56:03.147  4205  6502 I SystemWallpaperColors: setColor : put color for which 17, color = [version:22, which:17, adaptive dim:0.0/0, darkmode dim:0.25]
03-13 13:56:03.147  4205  6502 I SystemWallpaperColors: 	[SeedColors, [-70198]]
03-13 13:56:03.147  4205  6502 I SystemWallpaperColors: 	[STATUSBAR, Rect(31, 19 - 716, 48):1/ff000000/1.0/0.1, 0.0/0.0/0.0]
03-13 13:56:03.147  4205  6502 I SystemWallpaperColors: 	[BODY_TOP, Rect(261, 150 - 484, 490):1/ff4e4e4e/2.0004/0.30007502, 37.627117/0.23694779/0.9764706]
03-13 13:56:03.147  4205  6502 I SystemWallpaperColors: 	[BODY_MID, Rect(350, 12 - 397, 57):1/ff525252/2.0004/0.30007502, 40.8/0.19607843/1.0]
03-13 13:56:03.147  4205  6502 I SystemWallpaperColors: 	[BODY_BOTTOM, Rect(631, 556 - 711, 637):1/ff343434/3.3315673/0.54966885, 31.8/0.4784689/0.81960785]
03-13 13:56:03.147  4205  6502 I SystemWallpaperColors: 	[NAVIBAR, Rect(42, 652 - 308, 718):1/ff525252/2.0004/0.30007502, 42.352943/0.2007874/0.99607843]
03-13 13:56:03.147  4205  6502 I SystemWallpaperColors: 	[BACKGROUND, Rect(0, 0 - 748, 718):1/ff464646/2.1101708/0.32065704, 34.411766/0.28691983/0.92941177]
03-13 13:56:03.147  4205  6502 I KeyguardWallpaperController: onSemWallpaperColorsChanged: which = 17, userId = 0, colors = Rect(31, 19 - 716, 48)[1] Rect(261, 150 - 484, 490)[1] Rect(350, 12 - 397, 57)[1] Rect(631, 556 - 711, 637)[1] Rect(42, 652 - 308, 718)[1] Rect(0, 0 - 748, 718)[1] 
03-13 13:56:03.147  3003  4002 D BackgroundInstallControlService: Package event received: 0
03-13 13:56:03.148  4205  5152 D KeyguardWallpaperColors: setSemWallpaperColors: which = 17, userId = 0, colors = Rect(31, 19 - 716, 48)[1] Rect(261, 150 - 484, 490)[1] Rect(350, 12 - 397, 57)[1] Rect(631, 556 - 711, 637)[1] Rect(42, 652 - 308, 718)[1] Rect(0, 0 - 748, 718)[1] 
03-13 13:56:03.148  4205  5152 D SemWallpaperColorsArea: SemWallpaperColorsArea [1080, 2640] which: 2 rotation: 0 has Base: false
03-13 13:56:03.148  4205  5152 D SemWallpaperColorsArea: SemWallpaperColorsArea which = 2, mDensity : 3.0, 1080x2640,360x880,31,48, 6
03-13 13:56:03.148  4205  5152 I SemWallpaperColorsArea: Final area : Rect(72, 18 - 1008, 93)
03-13 13:56:03.148  4205  5152 I SemWallpaperColorsArea: Final area : Rect(120, 528 - 960, 837)
03-13 13:56:03.148  4205  5152 I SemWallpaperColorsArea: Final area : Rect(120, 1389 - 960, 1449)
03-13 13:56:03.148  4205  5152 I SemWallpaperColorsArea: Final area : Rect(120, 1533 - 960, 2061)
03-13 13:56:03.148  4205  5152 I SemWallpaperColorsArea: Final area : Rect(120, 2361 - 960, 2547)
03-13 13:56:03.148  4205  5152 I SemWallpaperColorsArea: Final area : Rect(0, 0 - 1080, 2640)
03-13 13:56:03.148  4205  5152 D WallpaperEventNotifier: notifyUpdate: [ | | | STATUSBAR BODY_TOP BODY_MID BODY_BOTTOM NAVIBAR BACKGROUND | SHADOW ], isCover = true, colors = Rect(31, 19 - 716, 48)[1] Rect(261, 150 - 484, 490)[1] Rect(350, 12 - 397, 57)[1] Rect(631, 556 - 711, 637)[1] Rect(42, 652 - 308, 718)[1] Rect(0, 0 - 748, 718)[1] 
03-13 13:56:03.148  3003  3915 D PocketModeEvent: LID state : 1
03-13 13:56:03.148  4205  4367 I KeyguardService: onStartedGoingToSleep pmSleepReason=13
03-13 13:56:03.144  1274  2375 I sscrpcd : vendor/qcom/proprietary/adsprpc/src/apps_std_imp.c:1012: Successfully opened file /mnt/vendor/persist/sensors/registry/fstempfile
03-13 13:56:03.148  4205  4205 E EdgeBackGestureHandler: No resource found for gesture-blocking activities
03-13 13:56:03.149  2005  2035 D qmi_secgps_clnt: SECGPS: send a qmi message to secgps_server OK
03-13 13:56:03.149  2007  2007 I sensors-hal: activate:300, com.samsung.sensor.pocket_mode/1692 en=0
03-13 13:56:03.149  4205  4205 D NavigationModeController: getCurrentInteractionMode: mode=0 contextUser=0
03-13 13:56:03.150  2007  2007 I sensors-hal: send_sync_sensor_request:508, send sync request
03-13 13:56:03.150  2007  2007 I sensors-hal: send_sync_sensor_request:518, send_sync_sensor_request before send_request for pocket_mode with SUID low=11039279336981156932 high=1340270623893619472
03-13 13:56:03.150  2007  2007 I sensors-hal: send_sync_sensor_request:537, wait for notification of response
03-13 13:56:03.150  4205  4367 D FactoryTest: checkAutomationTestOption() : option=0
03-13 13:56:03.150  4205  4367 D FactoryTest: checkAutomationTestOption() : mode_screenlock=0
03-13 13:56:03.150  2007  3645 I sensors-hal: qsh_conn_resp_cb:930, resp_value = 0 for pocket_mode 
03-13 13:56:03.150  4205  4420 D KeyguardTransitionRepository: (Internal) Setting current transition info: TransitionInfo(ownerName=FromGoneTransitionInteractor(Sleep transition triggered), from=GONE, to=DOZING, animated)
03-13 13:56:03.150  4205  4205 I NoBackGesture: Config changed: newConfig={1.0 ?mcc0mnc [en_US] ldltr sw307dp w352dp h308dp 340dpi smll hdr widecg land night -touch -keyb/v/h -nav/h winConfig={ mBounds=Rect(0, 0 - 748, 720) mAppBounds=Rect(0, 0 - 748, 654) mMaxBounds=Rect(0, 0 - 748, 720) mDisplayRotation=ROTATION_0 mWindowingMode=fullscreen mActivityType=undefined mAlwaysOnTop=undefined mRotation=ROTATION_0 mStageConfig=undefined mPopOver=undefined mOverlappingWithCutout=false mFlexPanelMode=off} s.7551 fontWeightAdjustment=0 ff=0 bf=-1 bts=0 cst=1.0 nightDim=0 themeSeq=0} lastReportedConfig={1.0 ?mcc0mnc [en_US] ldltr sw307dp w352dp h308dp 340dpi smll hdr widecg land night -touch -keyb/v/h -nav/h winConfig={ mBounds=Rect(0, 0 - 748, 720) mAppBounds=Rect(0, 0 - 748, 654) mMaxBounds=Rect(0, 0 - 748, 720) mDisplayRotation=ROTATION_0 mWindowingMode=fullscreen mActivityType=undefined mAlwaysOnTop=undefined mRotation=ROTATION_0 mStageConfig=undefined mPopOver=undefined mOverlappingWithCutout=false mFlexPanelMode=off} s.7551 fontWeightAdjustment=0 ff=0 bf=-1 bts=0 cst=1.0 nightDim=0 themeSeq=0}
03-13 13:56:03.150  2007  2007 I sensors-hal: send_sync_sensor_request:543, takes 0 ms to receive the response with 0
03-13 13:56:03.150  4205  4205 D Navbar.Store: handleEvent(1) OnNavBarCreated(keyguardStateController=com.android.systemui.statusbar.policy.KeyguardStateControllerImpl@c596bb7, navigationBar=com.android.systemui.navigationbar.views.NavigationBar@240a8bc) [Module] NavigationBar
03-13 13:56:03.150  4205  4205 D OneHandOpGestureHandler: setDisablePolicy() old=0, new=0
03-13 13:56:03.150  2007  2007 I sensors-hal: activate:330, com.samsung.sensor.pocket_mode/1692 en=0 completed
03-13 13:56:03.150  2105  2321 I SurfaceFlinger: Capture layer list: 	 com.duckduckgo.mobile.android/com.duckduckgo.app.browser.customtabs.CustomTabActivity$_23331#57487(seamlessTransition:0)
03-13 13:56:03.151  2105  2321 I SurfaceFlinger: Capture layer list: 	 InputMethod$_15873#57492(seamlessTransition:0)
03-13 13:56:03.151  4205  4205 D NavBarStateManager: NavBarStates(1) isLargeCoverScreenSyncEnabled: false
03-13 13:56:03.151  4205  4205 D Navbar.NavigationBar: onInit() Cover navbar hidden: sync option is off
03-13 13:56:03.151  4205  4205 D NavBarStateManager: NavBarStates(1) isNavBarHiddenByKnox: false
03-13 13:56:03.151  3003  3915 D SensorManager: unregisterListener :: com.samsung.android.gesture.PocketProximityManager$2@728726e
03-13 13:56:03.151  4205  4205 D NavBarStateManager: NavBarStates(0) canShowKeyboardButtonForRotation(0): true
03-13 13:56:03.151  2105  2342 D RenderEngine: [SEC_SF_EFFECTS] drawLayersInternal,1483, Rendering layer ScreenCaptureFillLayer at index 0
03-13 13:56:03.151  2105  2342 D RenderEngine: [SEC_SF_EFFECTS] drawLayersInternal,1483, Rendering layer com.duckduckgo.mobile.android/com.duckduckgo.app.browser.customtabs.CustomTabActivity$_23331#57487 at index 1
03-13 13:56:03.152  2105  2342 D RenderEngine: [SEC_SF_EFFECTS] drawLayersInternal,1483, Rendering layer InputMethod$_15873#57492 at index 2
03-13 13:56:03.152  2105  2105 I SurfaceFlinger: finalizeDisplayModeChange 4630946564756762243
03-13 13:56:03.152  4205  4205 D NavBarStateManager: NavBarStates(1) supportLargeCoverScreenNavBar: true
03-13 13:56:03.152  4205  4205 D NavBarStateManager: NavBarStates(0) canShowKeyboardButtonForRotation(0): true
03-13 13:56:03.152  2105  2105 I SurfaceFlinger: RequestedLayer [ColorFade_d0#57494] hidden!! flag  from(1) --> to(0)
03-13 13:56:03.152  3003  3915 E PocketProximityManager: unregister pocket sensor
03-13 13:56:03.152  3003  3130 D DisplayPowerController[0]: animateScreenStateChange: target=OFF, mIsEnabled=true
03-13 13:56:03.152  2007  2007 I sensors-hal: set_config:64, no need to adjust sample_period_ns due to reporting_mode = 2
03-13 13:56:03.152  2007  2007 I sensors-hal: batch:363, com.samsung.sensor.pocket_mode/1692, period=200000000, max_latency=0 request completed
03-13 13:56:03.152  4205  4205 D NavBarStateManager: NavBarStates(1) supportLargeCoverScreenNavBar: true
03-13 13:56:03.152  4205  4205 D NavBarStateManager: NavBarStates(0) canShowKeyboardButtonForRotation(1): true
03-13 13:56:03.153  4205  4205 D NavBarStateManager: NavBarStates(1) supportLargeCoverScreenNavBar: true
03-13 13:56:03.153  4205  4205 D NavBarStateManager: NavBarStates(0) canShowKeyboardButtonForRotation(2): true
03-13 13:56:03.154  4205  4205 D NavBarStateManager: NavBarStates(1) supportLargeCoverScreenNavBar: true
03-13 13:56:03.154  4205  4205 D NavBarStateManager: NavBarStates(0) canShowKeyboardButtonForRotation(3): true
03-13 13:56:03.154  2105  2105 D SurfaceFlinger: Display 4630946564756762243 HWC layers:
03-13 13:56:03.154  2105  2105 D SurfaceFlinger:   SOLID_COLOR |                        0 | 00000000 | N/A          |    0.0    0.0    0.0    0.0 |    0    0 1080 2640 | ColorFade_d0#57494 (0)
03-13 13:56:03.154  2105  2105 D SurfaceFlinger: 
03-13 13:56:03.154  4205  4205 D NavBarStateManager: NavBarStates(1) supportLargeCoverScreenNavBar: true
03-13 13:56:03.155  4205  4205 I WindowManager: WindowManagerGlobal#addView, ty=2019, view=com.android.systemui.navigationbar.views.NavigationBarFrame{8bb5354 V.E...... ......I. 0,0-0,0 #7f0a083f app:id/navigation_bar_frame}, caller=android.view.WindowManagerImpl.addView:158 com.android.systemui.navigationbar.views.NavigationBar.onInit:238 com.android.systemui.util.ViewController.init:6 
03-13 13:56:03.155  2105  2858 D SurfaceFlinger: [input] setFocusedWindow: <null>
03-13 13:56:03.155  4205  4205 I ViewRootImpl: dVRR is disabled
03-13 13:56:03.155  3003  6501 D InputDispatcher: Once focus requested (0): <null>
03-13 13:56:03.155  3003  6501 D InputDispatcher: Focus request (0): <null> but waiting because NO_WINDOW
03-13 13:56:03.155  3003  6501 D InputDispatcher: Focus left window (0): 807782b com.duckduckgo.mobile.android/com.duckduckgo.app.browser.customtabs.CustomTabActivity
03-13 13:56:03.155  3003  3067 D RestrictionPolicy: isScreenCaptureEnabled : ret=true userId=0
03-13 13:56:03.155  3003  3067 D RestrictionPolicy: isScreenCaptureEnabled : ret=true userId=0
03-13 13:56:03.155  3003  3067 D DisplayPowerController[0]: [api] WindowManagerPolicy.ScreenOffListener : called onScreenOff()
03-13 13:56:03.155  3003  3067 D LocalDisplayAdapter: updateActiveModeLocked for d=4630946564756762243, mActiveModeId=1, mActiveSfDisplayMode=DisplayMode{id=0, width=1080, height=2640, xDpi=428.625, yDpi=424.405, peakRefreshRate=120.00001, vsyncRate=120.00001, appVsyncOffsetNanos=8333333, presentationDeadlineNanos=9333333, supportedHdrTypes=[4, 2, 3], group=1080}
03-13 13:56:03.155  3003  3067 D RefreshRateModeManager: onBrightnessChanged: brt=0, lux=20.0
03-13 13:56:03.155  3003  3130 I DisplayPowerController[0]: Unblocked screen off after 22 ms
03-13 13:56:03.155  3003  3130 D DisplayPowerController[0]: animateScreenStateChange: target=OFF, mIsEnabled=true
03-13 13:56:03.156  3003  3067 D DeviceStatePolicy: updateFoldingSensorListenerLw, foldOpen=false, awake=false, isTableModeEnabled=true, forceOff=false, caller=com.android.server.devicestate.DeviceStateManagerService$OverrideRequestScreenObserver.onAwakeStateChanged:16 com.android.server.wm.ActivityTaskManagerService$$ExternalSyntheticLambda7.run:57 android.os.Handler.handleCallback:995 android.os.Handler.dispatchMessage:103 android.os.Looper.loopOnce:273 android.os.Looper.loop:363 android.os.HandlerThread.run:85 com.android.server.ServiceThread.run:49 <bottom of call stack> <bottom of call stack> 
03-13 13:56:03.156  3003  3067 I DisplayDeviceRepository: Display device changed render timings: "Built-in Screen", renderFrameRate=120.00001, presentationDeadlineNanos=9333333, appVsyncOffsetNanos=8333333, frameRateOverrides=[]
03-13 13:56:03.156  3003  3681 I SurfaceComposerClient: captureLayers:childrenOnly:1, sync:1
03-13 13:56:03.156  3003  3130 D DisplayPowerController[0]: mWindowManagerPolicy.screenTurnedOff()
03-13 13:56:03.156  3003  3130 I PhoneWindowManager: Display0 turned off...
03-13 13:56:03.156 19717 19717 I HBD     : h writeToFile complete 
03-13 13:56:03.156 23331 23331 I View    : setRequestedFrameRate frameRate=-4.0, this=com.duckduckgo.app.browser.DuckDuckGoWebView{b584e3c VFEDHVCL. .F...... 0,0-1080,1457 #7f0b0137 app:id/browserWebView aid=1073741827}, caller=android.view.ViewGroup.setRequestedFrameRate:9952 WV.rf.p:1 WV.rg.h:118 WV.rg.onDraw:7 com.android.webview.chromium.WebViewChromium.onDraw:19 
03-13 13:56:03.157  4205  4394 D NativeCustomFrequencyManager: [NativeCFMS] BpCustomFrequencyManager::BpCustomFrequencyManager()
03-13 13:56:03.157  3003  3003 I ActivityManager: Changes in 10139 5 to 6, 255 to 239
03-13 13:56:03.157  3003  3003 D SGM:GameManager: onDisplayChanged. displyId: 0, state: 2
03-13 13:56:03.157  3003  3003 D AODManagerService: requestReCalToTSP IsSingleTouchMode = falserequestedReCalToTSP = false / previousDisplayState = ON
03-13 13:56:03.158  3003  3594 D KNOX_MDM_SettingsProvider: isChangeAllowed() : name = enabled_input_methods
03-13 13:56:03.158  3003  3594 D KNOX_MDM_SettingsProvider: edmUri: content://com.sec.knox.provider/RestrictionPolicy3
03-13 13:56:03.158  3003  3594 D KNOX_MDM_SettingsProvider: projectionArgs: isSettingsChangesAllowed
03-13 13:56:03.158  3003  3594 D KNOX_MDM_SettingsProvider: selectionArgs: false
03-13 13:56:03.158  3003  3594 D KNOX_MDM_SettingsProvider: selectionArgs: 10202
03-13 13:56:03.158  3003  3594 D SecContentProvider: query(), uri = 17 selection = isSettingsChangesAllowed
03-13 13:56:03.158  3003  3594 D SecContentProvider: called from android.uid.honeyboard:10202
03-13 13:56:03.158  3003  3594 D RestrictionPolicy: isSettingsChangesAllowedAsUser, userId 0 : true
03-13 13:56:03.158  3003  3594 D KNOX_MDM_SettingsProvider: ret = 1
03-13 13:56:03.159  3003  3687 D SGM:FgCheckThread: onLooperPrepared(), msg: MSG_LCD_ON
03-13 13:56:03.159  2105  2922 I VSyncReactor: Current= 120, Period= 120, Distance= 0
03-13 13:56:03.160  2094 18847 D AudioFlinger: setParameters: filtered dev setParameters keyvalue screen_state=on
03-13 13:56:03.160 23331 23331 I ImeFocusController: onPreWindowFocus: skipped hasWindowFocus=false mHasImeFocus=true
03-13 13:56:03.160  4832 22988 I HoneySpace.Memory-Monitor: current state = 2, didTrim = false
03-13 13:56:03.160  4832 22988 I HoneySpace.RefreshRateSource: singleFrameMs 8
03-13 13:56:03.160  1992  7816 D AHAL: AudioDevice: SetParameters: 1865: enter
03-13 13:56:03.160  1992  7816 D AHAL: AudioVoice: VoiceSetParameters: 200: Enter
03-13 13:56:03.160  1992  7816 D AHAL: AudioVoice: VoiceSetParameters: 479: Exit ret: 0
03-13 13:56:03.160  1992  7816 D AHAL: hfp: hfp_set_parameters: 444: enter
03-13 13:56:03.160  1992  7816 D AHAL: AudioDevice: SetParameters: 1945:  - screen = on
03-13 13:56:03.160  1992  7816 I PAL: ResourceManager: setParameter: 10683: Screen State:1
03-13 13:56:03.160  1992  7816 D AHAL: AudioDevice: SetParameters: 2798: exit: screen_state=on
03-13 13:56:03.161  3003  3804 D KNOX_MDM_SettingsProvider: isChangeAllowed() : name = default_input_method
03-13 13:56:03.161  3003  3804 D KNOX_MDM_SettingsProvider: edmUri: content://com.sec.knox.provider/RestrictionPolicy3
03-13 13:56:03.161  3003  3804 D KNOX_MDM_SettingsProvider: projectionArgs: isSettingsChangesAllowed
03-13 13:56:03.161  3003  3804 D KNOX_MDM_SettingsProvider: selectionArgs: false
03-13 13:56:03.161  3003  3804 D KNOX_MDM_SettingsProvider: selectionArgs: 10202
03-13 13:56:03.161  3003  3804 D SecContentProvider: query(), uri = 17 selection = isSettingsChangesAllowed
03-13 13:56:03.161  3003  3804 D SecContentProvider: called from android.uid.honeyboard:10202
03-13 13:56:03.161  3003  3804 D RestrictionPolicy: isSettingsChangesAllowedAsUser, userId 0 : true
03-13 13:56:03.161  3003  3804 D KNOX_MDM_SettingsProvider: ret = 1
03-13 13:56:03.161 19717 19717 I HBD     : a [UpdatePolicy] [post] a: 17 cl: 65537 kit: [0/0] vt: 0 ir: 1 
03-13 13:56:03.161 19717 19717 I HBD     : b isFlipCoverDisplayMode - true 
03-13 13:56:03.161 19717 19717 I HBD     : DeX h DeX mode state change in non-main thread 
03-13 13:56:03.161 19717 19717 I HBD     : DeX h DeX mode state change: 3 
03-13 13:56:03.161  1274  2375 I sscrpcd : vendor/qcom/proprietary/adsprpc/src/apps_std_imp.c:1012: Successfully opened file /mnt/vendor/persist/sensors/registry/fstempfile
03-13 13:56:03.161 19717 19717 I HBD     : DeX h DeX mode state change in non-main thread 
03-13 13:56:03.161 19717 19717 I HBD     : DeX h DeX mode state change: 3 
03-13 13:56:03.162 19717 19808 I HBD     : p updated Sub Types. English 
03-13 13:56:03.163  4205  4362 D StackScroller: onDisplayChanged for predraw skip to 2
03-13 13:56:03.163 19717  9716 I HBD     : h Write selected lang for DE  
03-13 13:56:03.164  2092  3859 I SSC_DAEMON: virtualOpticFlipStateEvent:29, fstate: 1
03-13 13:56:03.164  3003  4920 D WifiDisplayAdapter: isFitToActiveDisplayLocked : false
03-13 13:56:03.164 23331 23331 I ImeFocusController: onPostWindowFocus: skipped hasWindowFocus=false mHasImeFocus=true
03-13 13:56:03.165 19717  9716 I HBD     : h writeToFile path : /data/user_de/0/com.samsung.android.honeyboard/files/fold_selected.json 
03-13 13:56:03.165 19717  9716 I HBD     : h writeToFile json : {"version":"4.2","currentLanguageOrder":0,"front_selected":[{"activeOptionList":["auto_replace","auto_spacing","writing_assistant","prediction"],"bilingualId":-1,"engName":"English","id":65537,"inputType":"qwerty","isUsed":true}]} 
03-13 13:56:03.166  3003  5976 D LiftUpHandler: [LTW] Stopped already.
03-13 13:56:03.166 19717  9717 I HBD     : a InputMethodSubtype is set as local:en_US 
03-13 13:56:03.166  2022  2124 I HYPER-HAL: [RequestManager.cpp]acquire(): Acquired ID : 231499377  [2025 / 19491]    HINT :      list : [TID_LOW_LATENCY / 1] [TID / 4392] [TID / 4393] [TID / 4205] [TID / 4394] 
03-13 13:56:03.166  2007  2007 I sensors-hal: activate:300, com.samsung.sensor.pocket_mode/1692 en=1
03-13 13:56:03.166  2007  2007 I sensors-hal: acquire_qsh_interface:139, acquire_qsh_interface with sensor_id 4 , conn_type 1 
03-13 13:56:03.166  2007  2007 I sensors-hal: acquire_qsh_interface:142, returning _shared_instance[SHARED_ON_CHANGE_WAKEUP].conn - wakeup 
03-13 13:56:03.166  2007  2007 I sensors-hal: acquire_shared_instance:173, re-use existing connection for type 1 
03-13 13:56:03.167  2007  2007 I sensors-hal: register_cb:304, suid(low=11039279336981156932,high=1340270623893619472) is new. register callbacks
03-13 13:56:03.167  3003  3806 D HintManagerService: SystemUI make new AppHintSession but force pause
03-13 13:56:03.167  2007  2007 I sensors-hal: send_sensor_config_request:645, dt=pocket_mode: convert sample_period=200000000 to batch_period=200000
03-13 13:56:03.167  2007  2007 I sensors-hal: send_sync_sensor_request:508, send sync request
03-13 13:56:03.167  2007  2007 I sensors-hal: send_sync_sensor_request:518, send_sync_sensor_request before send_request for pocket_mode with SUID low=11039279336981156932 high=1340270623893619472
03-13 13:56:03.167  2022  2124 I HYPER-HAL: [RequestManager.cpp]acquire(): Acquired ID : 231499377  [2025 / 19491]    HINT :      list : [TID_LOW_LATENCY / 0] [TID / 4392] [TID / 4393] [TID / 4205] [TID / 4394] 
03-13 13:56:03.167  2007  2007 I sensors-hal: send_sync_sensor_request:537, wait for notification of response
03-13 13:56:03.167  2105  2836 I VSyncReactor: Current= 120, Period= 120, Distance= 119
03-13 13:56:03.168  2007  3645 I sensors-hal: qsh_conn_resp_cb:930, resp_value = 0 for pocket_mode 
03-13 13:56:03.169  2007  2007 I sensors-hal: send_sync_sensor_request:543, takes 1 ms to receive the response with 0
03-13 13:56:03.169  2007  2007 I sensors-hal: activate:330, com.samsung.sensor.pocket_mode/1692 en=1 completed
03-13 13:56:03.169  3003  3915 D SensorManager: registerListener :: 1692, Pocket mode  Wakeup, 200000, 0, com.samsung.android.gesture.PocketProximityManager$2@728726e
03-13 13:56:03.169  3003  3915 E PocketProximityManager: register pocket sensor
03-13 13:56:03.169  3003  3915 D PocketModeEvent: MSG_TYPE_REGISTER_POCKET_POSITION_SENSOR
03-13 13:56:03.170  2007  2007 I sensors-hal: set_config:64, no need to adjust sample_period_ns due to reporting_mode = 2
03-13 13:56:03.170  2007  2007 I sensors-hal: batch:363, com.samsung.sensor.pocket_pos_mode/2622, period=200000000, max_latency=0 request completed
03-13 13:56:03.170  2105  2324 I SurfaceFlinger: Capture layer list: 	 InputMethod$_15873#57492(seamlessTransition:0)
03-13 13:56:03.170  2053  2053 W QC2Interface: [hvcD_445] Failed to query parameters
03-13 13:56:03.170  2053  2053 I vendor.qti.media.c2@1.0-service: StrictValueWithNoDeps is called old.v.value is 2141391876 me.v.value is 0
03-13 13:56:03.170  2053  2053 I vendor.qti.media.c2@1.0-service: [FRC-IsFilteringEnabled] entry
03-13 13:56:03.170  2053  2053 I vendor.qti.media.c2@1.0-service: [FRC-IsFilteringEnabled] frcReqInfo.value is 0
03-13 13:56:03.170  4360  9708 I CCodec  : [c2.qti.hevc.decoder] config->initialize() : 0
03-13 13:56:03.170  2053  2951 W QC2Interface: [hvcD_445] Failed to query parameters
03-13 13:56:03.170  2105  2342 D RenderEngine: [SEC_SF_EFFECTS] drawLayersInternal,1483, Rendering layer ScreenCaptureFillLayer at index 0
03-13 13:56:03.170  2105  2342 D RenderEngine: [SEC_SF_EFFECTS] drawLayersInternal,1483, Rendering layer InputMethod$_15873#57492 at index 1
03-13 13:56:03.170  4360  9708 I CCodecConfig: query failed after returning 18 values (BAD_INDEX)
03-13 13:56:03.170  2007  2007 I sensors-hal: activate:300, com.samsung.sensor.pocket_pos_mode/2622 en=1
03-13 13:56:03.170  2007  2007 I sensors-hal: acquire_qsh_interface:139, acquire_qsh_interface with sensor_id 3 , conn_type 1 
03-13 13:56:03.170  2007  2007 I sensors-hal: acquire_qsh_interface:142, returning _shared_instance[SHARED_ON_CHANGE_WAKEUP].conn - wakeup 
03-13 13:56:03.170  2007  2007 I sensors-hal: acquire_shared_instance:173, re-use existing connection for type 1 
03-13 13:56:03.170  2007  2007 I sensors-hal: register_cb:304, suid(low=4779840344920564001,high=1320970896291267344) is new. register callbacks
03-13 13:56:03.171  2007  2007 I sensors-hal: send_sensor_config_request:645, dt=pocket_pos_mode: convert sample_period=200000000 to batch_period=200000
03-13 13:56:03.171  2007  2007 I sensors-hal: send_sync_sensor_request:508, send sync request
03-13 13:56:03.171  2007  2007 I sensors-hal: send_sync_sensor_request:518, send_sync_sensor_request before send_request for pocket_pos_mode with SUID low=4779840344920564001 high=1320970896291267344
03-13 13:56:03.171  4360  9708 W ColorUtils: expected specified color aspects (0:0:0:0)
03-13 13:56:03.171  4360  9708 I CCodec  : [c2.qti.hevc.decoder] config->queryConfiguration()
03-13 13:56:03.171  4360  9708 I CCodec  : [c2.qti.hevc.decoder] mCallback->onComponentAllocated() IN
03-13 13:56:03.171  2007  2007 I sensors-hal: send_sync_sensor_request:537, wait for notification of response
03-13 13:56:03.171  4360  9708 I CCodec  : [c2.qti.hevc.decoder] mCallback->onComponentAllocated() OUT
03-13 13:56:03.171  2007  3645 I sensors-hal: qsh_conn_resp_cb:930, resp_value = 0 for pocket_pos_mode 
03-13 13:56:03.171  2007  2007 I sensors-hal: send_sync_sensor_request:543, takes 0 ms to receive the response with 0
03-13 13:56:03.171  2007  2007 I sensors-hal: activate:330, com.samsung.sensor.pocket_pos_mode/2622 en=1 completed
03-13 13:56:03.171  3003  3740 W qdgralloc: getInterlacedFlag: getMetaData returned 3, defaulting to interlaced_flag = 0
03-13 13:56:03.172  3003  3915 D SensorManager: registerListener :: 2622, Pocket Position Mode  Wakeup, 200000, 0, com.samsung.android.gesture.PocketSensitivityManager$1@a3d091f
03-13 13:56:03.172  3003  3915 E PocketSensitivityManager: register pocket position sensor
03-13 13:56:03.172  4360  4360 I SprWallpaper|VideoPlayer: configure
03-13 13:56:03.172  4360  9707 I MediaCodec: MediaCodec will operate in async mode
03-13 13:56:03.173  4360  4360 E MediaCodec: Media Quality Service not found.
03-13 13:56:03.173  2105  2836 I SurfaceFlinger: id=57495 createSurf, flag=44004, IME-snapshot-surface#57495
03-13 13:56:03.173  4360  9707 I MediaCodec: [c2.qti.hevc.decoder] setting surface generation to 4465169
03-13 13:56:03.174  3003  3130 D WindowManager: Create SleepToken: tag=Display-off, displayId=0
03-13 13:56:03.174  3003  3130 D ActivityTaskManager: Top Process State changed to PROCESS_STATE_TOP_SLEEPING
03-13 13:56:03.175  4360  9708 I CCodec  : appPid(4360) width(1080) height(2640)
03-13 13:56:03.175  2053  6835 W QC2Interface: [hvcD_445] Failed to query parameters
03-13 13:56:03.175  2053  6835 I vendor.qti.media.c2@1.0-service: StrictValueWithNoDeps is called old.v.value is 2141391876 me.v.value is 0
03-13 13:56:03.175  2053  6835 I vendor.qti.media.c2@1.0-service: StrictValueWithNoDeps is called old.v.value is 1 me.v.value is 120
03-13 13:56:03.175  2053  6835 I vendor.qti.media.c2@1.0-service: [FRC-IsFilteringEnabled] entry
03-13 13:56:03.175  2053  6835 I vendor.qti.media.c2@1.0-service: [FRC-IsFilteringEnabled] frcReqInfo.value is 0
03-13 13:56:03.176  2053  2950 W QC2Interface: [hvcD_445] Failed to query parameters
03-13 13:56:03.176  4360  9708 W Codec2Client: query -- param skipped: index = 1107298332.
03-13 13:56:03.176  2105  2105 I SurfaceFlinger: [IME-snapshot-surface#57495] attach to parent LayerHierarchy{RequestedLayerState{ActivityRecord{22286452 u0 com.duckduckgo.mobile.android/com.duckduckgo.app.browser.customtabs.CustomTabActivity t677}#57478 parentId=57443 z=3} 4 children}
03-13 13:56:03.176  4360  9708 W CCodec  : This behavior is subject to change. It is recommended that app developers double check whether the requested max input size is in reasonable range.
03-13 13:56:03.176  2053 13496 W QC2Interface: [hvcD_445] Failed to query parameters
03-13 13:56:03.176 19717  9716 I HBD     : h writeToFile complete 
03-13 13:56:03.176  4360  9708 I CCodecConfig: query failed after returning 18 values (BAD_INDEX)
03-13 13:56:03.176  4205  4670 I KeyguardService: onScreenTurnedOff
03-13 13:56:03.176  2053  2958 W QC2Interface: [hvcD_445] Failed to query parameters
03-13 13:56:03.176  4360  9708 E .wallpaper.live: Failed to query component interface for required system resources: 6
03-13 13:56:03.176  4360  4360 I SprWallpaper|VideoPlayer: start: state[1] after prepare
03-13 13:56:03.177  3003  3594 D SehCodecSolutionService: updateMediaStatisticsData: (action=1@1986621044;category=2@1986621044;label=1936222261@1986621044)
03-13 13:56:03.177  3003  3594 D CodecSolution_MediaStatisticsData: MediaStatisticsData: action=1@1986621044;category=2@1986621044;label=1936222261@1986621044
03-13 13:56:03.177  3003  3594 D CodecSolution_MediaStatisticsData: Category.valueOf: 2
03-13 13:56:03.177  3003  3594 D CodecSolution_MediaStatisticsData: Action.valueOf: 1
03-13 13:56:03.177  3003  3594 D CodecSolution_MediaStatisticsData: Label.valueOf: 0x73686835
03-13 13:56:03.177  3003  3594 D CodecSolution_MediaStatisticsData: category: VDEC
03-13 13:56:03.177  3003  3594 D CodecSolution_MediaStatisticsData: action: INSTANTIATE
03-13 13:56:03.177  3003  3594 D CodecSolution_MediaStatisticsData: label: SEC_HW_H265
03-13 13:56:03.177  4360  9707 I CCodec  : [c2.qti.hevc.decoder] state->set(STARTING)
03-13 13:56:03.177  3003  3065 D WindowManager: DeferredDisplayUpdater: partially applying DisplayInfo(1080 x 2640) immediately
03-13 13:56:03.177  2053  2053 I vendor.qti.media.c2@1.0-service: [FRC-IsFilteringEnabled] entry
03-13 13:56:03.177  2053  2053 I vendor.qti.media.c2@1.0-service: [FRC-IsFilteringEnabled] frcReqInfo.value is 0
03-13 13:56:03.178  3003  3065 D SurfaceComposerClient: setCornerRadius ## 807782b com.duckduckgo.mobile.android/com.duckduckgo.app.browser.customtabs.CustomTabActivity#57486 cornerRadius=0.000000
03-13 13:56:03.179  2053  2053 I QC2Comp : [hvcD_445] CPU perf resource value pair found: [1082130688, 4095, ]
03-13 13:56:03.179  2105  2836 I SurfaceFlinger: id=57496 createSurf, flag=84004, WindowToken{f408c84 type=2019 android.os.BinderProxy@3618916}#57496
03-13 13:56:03.179  6103  6103 W ContextImpl: Calling a method in the system process without a qualified user: android.app.ContextImpl.startService:2068 android.content.ContextWrapper.startService:872 android.content.ContextWrapper.startService:872 com.sec.android.diagmonagent.sa.receiver.CFLogReceiver.onReceive:56 android.app.ActivityThread.handleReceiver:5663 
03-13 13:56:03.180  3003  7292 D InputTransport: Input channel constructed: 'b643c6d', fd=1289
03-13 13:56:03.180  3003  7292 D InputTransport: Input channel constructed: 'b643c6d', fd=1305
03-13 13:56:03.180  3003  7292 D InputTransport: Input channel constructed: 'b643c6d', fd=1309
03-13 13:56:03.180  3003  7292 D InputTransport: Input channel destroyed: 'b643c6d', fd=1305
03-13 13:56:03.180  2105  2836 I SurfaceFlinger: id=57497 createSurf, flag=84004, b643c6d NavigationBar1#57497
03-13 13:56:03.180  3003  7292 D RestrictionPolicy: isScreenCaptureEnabled : ret=true userId=0
03-13 13:56:03.180  3003  7292 D InsetsSourceProvider: updateVisibility: serverVisible=false, clientVisible=false, source=InsetsSource: {84cb0001 mType=navigationBars mFrame=[0,0][0,0] mVisible=false mFlags= mSideHint=NONE mBoundingRects=null}, controlTarget=null, from=com.android.server.wm.InsetsSourceProvider.setClientVisible:8 com.android.server.wm.InsetsSourceProvider.setWindowContainer:160 com.android.server.wm.WindowManagerService.addWindowInner:148 com.android.server.wm.WindowManagerService.addWindow:1842 com.android.server.wm.Session.addToDisplayAsUser:24 android.view.IWindowSession$Stub.onTransact:757 com.android.server.wm.Session.onTransact:1 android.os.Binder.execTransactInternal:1457 android.os.Binder.execTransact:1401 <bottom of call stack> 
03-13 13:56:03.180  3003  7292 E WindowManager: Display reconfigured outside of a transition: Display{#1 state=OFF size=748x720 ROTATION_0}
03-13 13:56:03.180  3003  7292 D DisplayManager.PersistentDataStore: saveToXml remembered active display fit status value:false
03-13 13:56:03.181  3003  7292 I WindowManager: [d1] Override config changes=20000c00 {0.0 ?mcc0mnc ?localeList ?layoutDir sw291dp w352dp h291dp 340dpi smll hdr widecg land ?uimode ?night finger -keyb/v/h -nav/h winConfig={ mBounds=Rect(0, 0 - 748, 720) mAppBounds=Rect(0, 0 - 748, 618) mMaxBounds=Rect(0, 0 - 748, 720) mDisplayRotation=ROTATION_0 mWindowingMode=fullscreen mActivityType=undefined mAlwaysOnTop=undefined mRotation=ROTATION_0 mStageConfig=undefined mPopOver=undefined mOverlappingWithCutout=false mFlexPanelMode=off} ?fontWeightAdjustment ff=0 bf=-1 bts=0 cst=1.0 nightDim=-1 themeSeq=0}, callers=com.android.server.wm.DisplayContent.updateDisplayOverrideConfigurationLocked:24 com.android.server.wm.DisplayContent.sendNewConfiguration:133 com.android.server.wm.WindowManagerService.addWindowInner:712 com.android.server.wm.WindowManagerService.addWindow:1842 com.android.server.wm.Session.addToDisplayAsUser:24 
03-13 13:56:03.181  3003  7292 D WindowManager: Transition is created, t=TransitionRecord{27becf0 id=-1 type=CHANGE flags=0x0}, caller=com.android.server.wm.Transition.<init>:182 com.android.server.wm.TransitionController.createTransition:17 com.android.server.wm.DisplayContent.requestChangeTransition:5 com.android.server.wm.DisplayContent.performDisplayOverrideConfigUpdate:333 com.android.server.wm.DisplayContent.updateDisplayOverrideConfigurationLocked:24 
03-13 13:56:03.181  3003  7292 D BLASTSyncEngine: SyncGroup is created, id=6657, name=Transition-CHANGE, caller=com.android.server.wm.BLASTSyncEngine$SyncGroup.<init>:52 com.android.server.wm.TransitionController.moveToCollecting:79 com.android.server.wm.TransitionController.createTransition:46 com.android.server.wm.DisplayContent.requestChangeTransition:5 com.android.server.wm.DisplayContent.performDisplayOverrideConfigUpdate:333 com.android.server.wm.DisplayContent.updateDisplayOverrideConfigurationLocked:24 com.android.server.wm.DisplayContent.sendNewConfiguration:133 
03-13 13:56:03.181  2053  2053 I QC2Registry: Build pipelined codec for session
03-13 13:56:03.181  2053  2053 I QC2Registry: Getting stages for pipelined codec
03-13 13:56:03.181  3003  7292 W BLASTSyncEngine: setSyncMethod, id=6657, method=0, caller=com.android.server.wm.TransitionController.moveToCollecting:91 com.android.server.wm.TransitionController.createTransition:46 com.android.server.wm.DisplayContent.requestChangeTransition:5 
03-13 13:56:03.181  3003  7292 V WindowManager: Start collecting in Transition: TransitionRecord{27becf0 id=6657 type=CHANGE flags=0x0}, caller=com.android.server.wm.TransitionController.createTransition:46 com.android.server.wm.DisplayContent.requestChangeTransition:5 com.android.server.wm.DisplayContent.performDisplayOverrideConfigUpdate:333 com.android.server.wm.DisplayContent.updateDisplayOverrideConfigurationLocked:24 com.android.server.wm.DisplayContent.sendNewConfiguration:133 
03-13 13:56:03.181  3003  7292 V WindowManager: Requesting StartTransition: TransitionRecord{27becf0 id=6657 type=CHANGE flags=0x0}, caller=com.android.server.wm.DisplayContent.requestChangeTransition:10 com.android.server.wm.DisplayContent.performDisplayOverrideConfigUpdate:333 com.android.server.wm.DisplayContent.updateDisplayOverrideConfigurationLocked:24 com.android.server.wm.DisplayContent.sendNewConfiguration:133 com.android.server.wm.WindowManagerService.addWindowInner:712 
03-13 13:56:03.181  3003  7292 V WindowManager: Collecting in transition 6657: Display{#1 state=OFF size=748x720 ROTATION_0}, caller=com.android.server.wm.DisplayContent.requestChangeTransition:71 com.android.server.wm.DisplayContent.performDisplayOverrideConfigUpdate:333 com.android.server.wm.DisplayContent.updateDisplayOverrideConfigurationLocked:24 com.android.server.wm.DisplayContent.sendNewConfiguration:133 com.android.server.wm.WindowManagerService.addWindowInner:712 
03-13 13:56:03.181  3003  7292 D WindowManager: prepareSync <SYNC_STATE_WAITING_FOR_DRAW>, mPrepareSyncSeqId=0, win=Window{21b9755 u0 ScreenDecorOverlayCover}
