03-09 21:06:27.087  3163  3352 D PowerManagerService: nativeSetAutoSuspend enable:true duration ms: 1
03-09 21:06:27.087  5625  5956 D CounterUpPreferencesStatusValue: startTracking: previous = 116 current = 117 tag = Count of how many cli AD is triggered
03-09 21:06:27.087  2064  2064 I sensors-hal: activate:184, android.sensor.device_orientation/271 en=0 completed
03-09 21:06:27.087  3163  7000 I DreamController: mDreamingStartedCallback sendResult
03-09 21:06:27.088  5625  5625 D SCliNotificationListener: onNotificationListUpdate: [com.android.systemui.statusbar.notification.collection.GroupEntry@8b9dd38]
03-09 21:06:27.088  5625  6286 D SCliNotifPanelController: onNotificationEntryRemove: -1|com.android.systemui|1201|fully_charged_and_plugged|10394
03-09 21:06:27.088  5625  6286 D SCliNotifPanelController: onNotificationGroupRemove: com.android.systemui_u-1
03-09 21:06:27.088  5625  6286 D SCliNotifPanelController: onNotificationEntryRemove: 0|com.google.android.googlequicksearchbox|0|-1929155362::a:snotification:[0x394,wx.f,NOTIFICATION]|10292
03-09 21:06:27.088  5625  6286 D SCliNotifPanelController: onNotificationGroupRemove: com.google.android.googlequicksearchbox_u0
03-09 21:06:27.088  5625  6286 D SCliNotifPanelController: onNotificationEntryRemove: 0|com.android.vending|-234430262|null|10276
03-09 21:06:27.088  5625  6286 D SCliNotifPanelController: onNotificationGroupRemove: com.android.vending_u0
03-09 21:06:27.088  3163  3352 D PowerManagerService: nativeReleaseSuspendBlocker name:PowerManagerService.Display duration ms: 1
03-09 21:06:27.090  3163  3352 D PowerManagerService: handleSandman ignore 0
03-09 21:06:27.090  5625  6608 D KeyguardViewMediator: USER_LOCKED intent sent
03-09 21:06:27.093  6942  6942 D NfcService: MSG_APPLY_SCREEN_STATE 1
03-09 21:06:27.094  5625  5625 W libc    : Access denied finding property "vendor.display.enable_optimal_refresh_rate"
03-09 21:06:27.094  5625  5625 W libc    : Access denied finding property "vendor.gpp.create_frc_extension"
03-09 21:06:27.095  3163  3352 D PowerManagerService: handleSandman ignore 0
03-09 21:06:27.095  6942  6942 D libnfc_nci: nfcManager_doSetScreenState: state = 1 prevScreenState= 8, discovry_param = 1
03-09 21:06:27.096  2582  8068 D NxpTml  : PN54X - Write requested.....
03-09 21:06:27.096  2582  8068 D NxpTml  : PN54X - Invoking I2C Write.....
03-09 21:06:27.098  2582  8068 D NxpTml  : Write errno : 6b
03-09 21:06:27.098  2582  8068 D NxpTml  : PN54X - Error in I2C Write.....
03-09 21:06:27.098  2582  8068 D NxpTml  : PN54X - Posting Fresh Write message.....
03-09 21:06:27.098  2582  8070 D NxpHal  : write error status = 0x1ff
03-09 21:06:27.098  2582  8068 D NxpTml  : PN54X - Tml Writer Thread Running................
03-09 21:06:27.098  2582  2582 D NxpHal  : write_unlocked failed - PN54X Maybe in Standby Mode - Retry
03-09 21:06:27.101  2064  2064 I sensors-hal: batch:206, android.sensor.accelerometer/11, period=200000000, max_latency=0
03-09 21:06:27.101  2064  2064 I sensors-hal: set_config:57, sample_period_ns is adjusted to 200000000 based on min/max delay_ns
03-09 21:06:27.101  2064  2064 I sensors-hal: batch:215, android.sensor.accelerometer/11, period=200000000, max_latency=0 request completed
03-09 21:06:27.101  2289  3225 D audioserver: logFgsApiEnd: FGS Logger Transaction failed, -129
03-09 21:06:27.101  2289  3225 D AudioFlinger: checkAudioTracks(flags=0x0) with audio track flags updated to 0x0 on audio output 29
03-09 21:06:27.101  2067  5073 D DlbDapEffectContext: setParam() received parameter EFFECT_PARAM_SET_AUDIO_FLAG
03-09 21:06:27.101  2067  5073 D DlbDapEffectContext: setAudioFlags(flag=0x00000000)
03-09 21:06:27.101  2067  5073 D DlbDapEffectContext: updateInputFormat() mIsDmsContentProcEnabled: 1, channels: 0x3, mCurrentDevice: 0x2, mAudioFlags: 0x0
03-09 21:06:27.101  2067  5073 D DlbDap2Process: setHTParam: mIsBinauralInput: 0
03-09 21:06:27.101  2067  5073 D DlbDap2Process: DAP input format is 0x22 with input channel mask 0x3
03-09 21:06:27.103  3163  3163 I PowerManagerService: onFlip(): Face up.
03-09 21:06:27.103  5625  5625 W View    : requestLayout() improperly called by com.android.keyguard.CarrierText{fc2afe4 V.ED..... ..S...ID 42,0-495,108 #7f0a04a7 app:id/keyguard_carrier_text} during layout: running second layout pass
03-09 21:06:27.103  5625  5625 W View    : requestLayout() improperly called by com.android.systemui.util.AutoMarqueeTextView{fcb050b VFED..C.. ..S...ID 205,0-571,126 #7f0a0686 app:id/no_carrier_text} during layout: running second layout pass
03-09 21:06:27.104  2067  5073 V DlbVolumeListener: effectCommand
03-09 21:06:27.104  2067  5073 V DlbVolumeListener: effectCommand :: Command EFFECT_CMD_DISABLE
03-09 21:06:27.105  2067  4530 D MotSpeakerHelper: Speaker ON: volume 0.500000 (step 12), usecase SAFE
03-09 21:06:27.105  2067  4530 D MotSpeakerHelper: Setting speaker trim 84 (0 dB, 0 dB)
03-09 21:06:27.106  2067  4530 D MotSpeakerHelper: Speaker ON: volume 0.500000 (step 12), usecase SAFE
03-09 21:06:27.106  2067  4530 D MotSpeakerHelper: Setting speaker trim 84 (0 dB, 0 dB)
03-09 21:06:27.108  2582  8068 D NxpTml  : PN54X - Write requested.....
03-09 21:06:27.108  2582  8068 D NxpTml  : PN54X - Invoking I2C Write.....
03-09 21:06:27.109  2582  8068 I NxpNciX : len =   7 > 20020401020100
03-09 21:06:27.109  2582  8068 D NxpTml  : PN54X - I2C Write successful.....
03-09 21:06:27.109  2582  8068 D NxpTml  : PN54X - Posting Fresh Write message.....
03-09 21:06:27.109  2582  8068 D NxpTml  : PN54X - Tml Writer Thread Running................
03-09 21:06:27.109  2582  8070 D NxpHal  : write successful status = 0x0
03-09 21:06:27.109  2582  8059 D NxpTml  : PN54X - I2C Read successful.....
03-09 21:06:27.109  2582  8059 I NxpNciR : len =   5 > 4002020000
03-09 21:06:27.109  2582  8059 D NxpTml  : PN54X - Posting read message.....
03-09 21:06:27.109  2582  8070 D NxpHal  : read successful status = 0x0
03-09 21:06:27.109  2582  8070 D NxpHal  : phNxpNciHal_print_res_status: response status =STATUS_OK
03-09 21:06:27.110  2582  8059 D NxpTml  : PN54X - Read requested.....
03-09 21:06:27.110  2582  8059 D NxpTml  : PN54X - Invoking I2C Read.....
03-09 21:06:27.110  6942  8007 D libnfc_nci: nfaDeviceManagementCallback: enter; event=0x2
03-09 21:06:27.111  6942  8007 D libnfc_nci: nfaDeviceManagementCallback: NFA_DM_SET_CONFIG_EVT
03-09 21:06:27.111  2067  5073 V DlbVolumeListener: release(handle=0xb400007c840537e0)
03-09 21:06:27.111  2582  8068 D NxpTml  : PN54X - Write requested.....
03-09 21:06:27.111  2582  8068 D NxpTml  : PN54X - Invoking I2C Write.....
03-09 21:06:27.111  2582  8068 I NxpNciX : len =   4 > 20090101
03-09 21:06:27.111  2582  8068 D NxpTml  : PN54X - I2C Write successful.....
03-09 21:06:27.111  2582  8068 D NxpTml  : PN54X - Posting Fresh Write message.....
03-09 21:06:27.111  2582  8068 D NxpTml  : PN54X - Tml Writer Thread Running................
03-09 21:06:27.111  2582  8070 D NxpHal  : write successful status = 0x0
03-09 21:06:27.112  2582  8059 D NxpTml  : PN54X - I2C Read successful.....
03-09 21:06:27.112  2582  8059 I NxpNciR : len =   4 > 40090100
03-09 21:06:27.112  2582  8059 D NxpTml  : PN54X - Posting read message.....
03-09 21:06:27.112  2582  8070 D NxpHal  : read successful status = 0x0
03-09 21:06:27.113  2582  8059 D NxpTml  : PN54X - Read requested.....
03-09 21:06:27.113  2582  8059 D NxpTml  : PN54X - Invoking I2C Read.....
03-09 21:06:27.113  6942  8007 D libnfc_nci: nfaDeviceManagementCallback: enter; event=0xB
03-09 21:06:27.113  6942  8007 D libnfc_nci: nfaDeviceManagementCallback: NFA_DM_SET_POWER_SUB_STATE_EVT; status=0x0
03-09 21:06:27.114  3163  3352 D PowerManagerService: handleSandman ignore 0
03-09 21:06:27.115  2289  2854 W audioserver: Binder 0xb400006ddac5d860 destroyed after setInheritRt before being parceled.
03-09 21:06:27.115  2289  2854 W audioserver: Binder 0xb400006ddac5d860 destroyed after setMinSchedulerPolicy before being parceled.
03-09 21:06:27.115  2067  4530 D MotSpeakerHelper: Speaker ON: volume 0.500000 (step 12), usecase SAFE
03-09 21:06:27.115  2067  4530 D MotSpeakerHelper: Setting speaker trim 84 (0 dB, 0 dB)
03-09 21:06:27.115  2067  4530 D MotSpeakerHelper: Speaker ON: volume 0.500000 (step 12), usecase SAFE
03-09 21:06:27.115  2067  4530 D MotSpeakerHelper: Setting speaker trim 84 (0 dB, 0 dB)
03-09 21:06:27.115  2289  2854 W audioserver: Binder 0xb400006ddac5db60 destroyed after setInheritRt before being parceled.
03-09 21:06:27.115  2289  2854 W audioserver: Binder 0xb400006ddac5db60 destroyed after setMinSchedulerPolicy before being parceled.
03-09 21:06:27.116  2289  2854 D APM_AudioPolicyManager: stopOutput() output 29, stream 3, session 2433
03-09 21:06:27.117  6978  6978 I Smart5G : [Smart5GService] receive action: android.intent.action.SCREEN_OFF
03-09 21:06:27.117  2067  2174 D DlbDlbEffect: handle_EFFECT_CMD_DISABLE()
03-09 21:06:27.117  2067  2174 D DlbEffectDap: updateProcessEnabled(enabled=0, bypassed=0)
03-09 21:06:27.117  2067  2174 D DlbCrossfadeProcess: setEnabled transitioning from PROCESS_ACTIVE state to FADE_TO_BYPASS
03-09 21:06:27.118  5689  5689 E DPMJ    : |SERVICE| sendScreenState state  falseand int value 0
03-09 21:06:27.119  5625  5929 E FromGoneTransitionInteractor: Ignoring startTransition: This interactor asked to transition from GONE -> LOCKSCREEN, but we last transitioned to DOZING, not GONE. This should never happen - check currentTransitionInfoInternal or use filterRelevantKeyguardState before starting transitions.
03-09 21:06:27.119  5625  5929 E FromGoneTransitionInteractor: This transition would not have been ignored prior to ag/26681239, since we are FINISHED in GONE (but have since started another transition). If ignoring this transition has caused a regression, fix it by ensuring that transitions are exclusively started from the most recently started state.
03-09 21:06:27.120  3163  3163 D TrustManagerService: refreshDeviceLockedForUser(userId=0, unlockedUser=-10000), secure=false, showingKeyguard=true, trusted=false, biometricAuthenticated=false, currentUserIsUnlocked=false, deviceLocked=false
03-09 21:06:27.120  5625  5962 D KeyguardViewMediator: updateActivityLockScreenState(true, true)
03-09 21:06:27.121  2300  2300 D SurfaceFlinger: setDesiredDisplayModeSpecs[{0, false, PR={p[24.00-120.00]Hz, r[24.00-60.00]Hz}, AR={p[0.00-120.00]Hz, r[0.00-60.00]Hz}}]: by process 3163 uid 1000 for display 4630947043778501762
03-09 21:06:27.122  2067  5073 D DlbDlbEffect: handle_EFFECT_CMD_SET_CONFIG()
03-09 21:06:27.122  2067  5073 D DlbDapEffectContext: updateInputFormat() mIsDmsContentProcEnabled: 1, channels: 0x3, mCurrentDevice: 0x2, mAudioFlags: 0x0
03-09 21:06:27.122  5625  5625 V PowerManager: wakeUp time=21677110 reason=WAKE_REASON_GESTURE details=com.android.systemui:SWIPE_UP_ON_AD by (com.android.systemui) callers=com.android.systemui.power.data.repository.PowerRepositoryImpl.wakeUp:26 com.android.systemui.power.domain.interactor.PowerInteractor.wakeUpIfDozing:51 com.android.systemui.statusbar.phone.StatusBarKeyguardViewManager.onPanelExpansionChanged$1:144 
03-09 21:06:27.122  2067  5073 D DlbDap2Process: setHTParam: mIsBinauralInput: 0
03-09 21:06:27.122  2067  5073 D DlbDap2Process: DAP input format is 0x22 with input channel mask 0x3
03-09 21:06:27.122  3163  7000 I PowerGroup: Waking up power group from Dozing (groupId=1, uid=10394, reason=WAKE_REASON_GESTURE, details=com.android.systemui:SWIPE_UP_ON_AD)...
03-09 21:06:27.123  3163  7000 I PowerManagerService: Waking up from Dozing (uid=10394, reason=WAKE_REASON_GESTURE, details=com.android.systemui:SWIPE_UP_ON_AD)...
03-09 21:06:27.123  2067  2174 D DlbDlbEffect: handle_EFFECT_CMD_SET_CONFIG()
03-09 21:06:27.123  2067  2174 D DlbDapEffectContext: updateInputFormat() mIsDmsContentProcEnabled: 1, channels: 0x3, mCurrentDevice: 0x2, mAudioFlags: 0x0
03-09 21:06:27.123  2067  2174 D DlbDap2Process: setHTParam: mIsBinauralInput: 0
03-09 21:06:27.123  2067  2174 D DlbDap2Process: DAP input format is 0x22 with input channel mask 0x3
03-09 21:06:27.123  3163  3163 I WindowManager: Started waking up... (groupId=1 why=ON_BECAUSE_OF_USER) pmWakeReason=WAKE_REASON_GESTURE
03-09 21:06:27.124  2067  2174 D DlbDlbEffect: handle_EFFECT_CMD_SET_DEVICE(device=0x00000002)
03-09 21:06:27.124  2067  2174 D DlbDapEndpointParamCache: setDevice(device=0x00000002)
03-09 21:06:27.124  2183  2183 D DolbyManagerService: setActiveDevice called with device = 0x2 (original 0x2)
03-09 21:06:27.124  3163  3163 I WindowManager: awakenDreams callers=com.android.server.policy.PhoneWindowManager.startedWakingUp:7593 com.android.server.power.Notifier.lambda$handleEarlyInteractiveChange$0:603 com.android.server.power.Notifier.$r8$lambda$JPimfzsYkXWexBDnIhDxNZnALw4:0 com.android.server.power.Notifier$$ExternalSyntheticLambda8.run:0 android.os.Handler.handleCallback:1001 
03-09 21:06:27.124  3163  3163 I DreamManagerService: awaken by com.android.dynsystem callingUid=1000 callingPid=3163
03-09 21:06:27.124  3163  3163 V PowerManager: userActivity when=21677113 event=0 flags=0 displayId=0 by (android) callers=android.os.PowerManager.userActivity:1487 com.android.server.dreams.DreamManagerService.requestAwakenInternal:496 com.android.server.dreams.DreamManagerService.-$$Nest$mrequestAwakenInternal:0 
03-09 21:06:27.125  2067 11748 D DlbEffectDap: setAudioMode(mode = 0)
03-09 21:06:27.125  2067 11748 D DlbEffectContext: addPregainObserver(): Pregain observer added for audio io 13 and Dolby effect type 0
03-09 21:06:27.125  2067 11748 D DlbDlbEffect: handle_EFFECT_CMD_ENABLE()
03-09 21:06:27.126  2067 11748 D DlbEffectDap: updateProcessEnabled(enabled=1, bypassed=0)
03-09 21:06:27.126  2067 11748 D DlbCrossfadeProcess: setEnabled transitioning from FADE_TO_BYPASS state to FADE_TO_ACTIVE
03-09 21:06:27.126  2289  2854 D AudioFlinger: moveEffectChain_ll: successful move of session 0 from srcThread 0xb400007075562fe8 to dstThread 0xb400007075fd9fe8 (1 effects moved, 1 effects started)
03-09 21:06:27.126  3163  3352 I WindowManager: Display 1 turning on...
03-09 21:06:27.127  3163  7000 D PowerManagerService: nativeSetAutoSuspend enable:false duration ms: 1
03-09 21:06:27.128  3163  7000 D PowerManagerService: nativeAcquireSuspendBlocker name:PowerManagerService.Display duration ms: 1
03-09 21:06:27.128  3163  7000 D PowerManagerService: nativeSetPowerMode ret:true mode:7 enabled:true duration ms: 1
03-09 21:06:27.129  2078  2078 I QTI PowerHAL: Power setMode: 7 to: 1
03-09 21:06:27.129  3163  3163 W BoostOptController: not supported hint: 118
03-09 21:06:27.129  3163  3231 D CLI/Keyguard: [onKeyguardLockedStateChanged] isKeyguardLocked=true
03-09 21:06:27.129  2078  2078 I QTI PowerHAL: Got set_interactive hint
03-09 21:06:27.130  2078  2078 I QTI PowerHAL: Got set_interactive hint on= 1, count= 195
03-09 21:06:27.130  3163  3163 I DreamManagerService: Gently waking up from dream.
03-09 21:06:27.131  3163  3231 D PanelsService: onKeyguardStateChanged.. isShowing=true
03-09 21:06:27.131  3163  3163 I DreamManagerService: stopDreamLocked. callers=com.android.server.dreams.DreamManagerService.stopDreamInternal:542 com.android.server.dreams.DreamManagerService.requestAwakenInternal:497 com.android.server.dreams.DreamManagerService.-$$Nest$mrequestAwakenInternal:0 com.android.server.dreams.DreamManagerService$BinderService.awaken:1072 com.android.server.policy.PhoneWindowManager.awakenDreams:4323 
03-09 21:06:27.133  6942  6942 D NfcService: MSG_APPLY_SCREEN_STATE 4
03-09 21:06:27.133  3163  3231 D TouchHwAidlService: onKeyguardStateChanged.. isShowing=true
03-09 21:06:27.134  3163  3352 I DisplayBrightnessStrategySelector: Changing the DisplayBrightnessStrategy from ScreenOffBrightnessStrategy to InvalidBrightnessStrategy for display 1
03-09 21:06:27.134  3163  3352 E SensorManager: sensor or listener is null
03-09 21:06:27.134  3163  3229 W WindowManager: All windows drawn on display 1
03-09 21:06:27.135  2064  2064 I sensors-hal: batch:206, com.motorola.sensor.alternate_light/65959, period=250000000, max_latency=0
03-09 21:06:27.135  2064  2064 I sensors-hal: set_config:61, no need to adjust sample_period_ns due to reporting_mode = 2
03-09 21:06:27.135  2064  2064 I sensors-hal: batch:215, com.motorola.sensor.alternate_light/65959, period=250000000, max_latency=0 request completed
03-09 21:06:27.135  6942  6942 D libnfc_nci: nfcManager_doSetScreenState: state = 4 prevScreenState= 1, discovry_param = 1
03-09 21:06:27.135  3163  3231 W ServiceManagerCppClient: Failed to get isDeclared for com.motorola.hardware.display.panel.IDisplayPanel/default: Status(-1, EX_SECURITY): 'SELinux denied.'
03-09 21:06:27.135  3163  3231 D DisplayPanelService: Setting panel dc mode: 0
03-09 21:06:27.135  2064  2064 I sensors-hal: activate:173, com.motorola.sensor.alternate_light/65959 en=1
03-09 21:06:27.135  2090  2090 I DisplayPanel: setDcMode: DC mode = OFF
03-09 21:06:27.135  2090  2090 D DisplayPanel: setParam: Success set DC to 0 for Primary display
03-09 21:06:27.136  2064  2064 I sensors-hal: get_qmi_debug_flag:239, support_qmi_debug : false
03-09 21:06:27.136  2582  8068 D NxpTml  : PN54X - Write requested.....
03-09 21:06:27.136  2582  8068 D NxpTml  : PN54X - Invoking I2C Write.....
03-09 21:06:27.137  2582  8068 I NxpNciX : len =   4 > 20090102
03-09 21:06:27.137  2582  8068 D NxpTml  : PN54X - I2C Write successful.....
03-09 21:06:27.137  2582  8068 D NxpTml  : PN54X - Posting Fresh Write message.....
03-09 21:06:27.137  2582  8068 D NxpTml  : PN54X - Tml Writer Thread Running................
03-09 21:06:27.137  2582  8070 D NxpHal  : write successful status = 0x0
03-09 21:06:27.137  2061  2108 E minksocket: MinkIPC_QRTR_Service: client with node 1 port 5537 went down
03-09 21:06:27.137  2061  2108 E minksocket: MinkIPC_QRTR_Service: client with node 1 port 5538 went down
03-09 21:06:27.137  2582  8059 D NxpTml  : PN54X - I2C Read successful.....
03-09 21:06:27.138  2582  8059 I NxpNciR : len =   4 > 40090100
03-09 21:06:27.138  2582  8059 D NxpTml  : PN54X - Posting read message.....
03-09 21:06:27.138  2582  8070 D NxpHal  : read successful status = 0x0
03-09 21:06:27.138  6942  8007 D libnfc_nci: nfaDeviceManagementCallback: enter; event=0xB
03-09 21:06:27.138  6942  8007 D libnfc_nci: nfaDeviceManagementCallback: NFA_DM_SET_POWER_SUB_STATE_EVT; status=0x0
03-09 21:06:27.138  2582  8059 D NxpTml  : PN54X - Read requested.....
03-09 21:06:27.138  2582  8059 D NxpTml  : PN54X - Invoking I2C Read.....
03-09 21:06:27.138  2061  2108 E minksocket: MinkIPC_QRTR_Service: client with node 1 port 5539 went down
03-09 21:06:27.139  2064  2064 E Diag_Lib: diag: Diag_LSM_Init: invoked for pid: 2064 with init_count: 0
03-09 21:06:27.139  2064  2064 E Diag_Lib: diag:failed to connect to diag socket
03-09 21:06:27.140  2064  2064 E Diag_Lib:  Diag_LSM_Init: Failed to open handle to diag driver, error = 13
03-09 21:06:27.140  2061  2108 E minksocket: MinkIPC_QRTR_Service: client with node 1 port 553a went down
03-09 21:06:27.141  2064  2064 I sensors-hal: send_sensor_config_request:463, dt=ambient_light_1: convert sample_period=250000000 to batch_period=250000
03-09 21:06:27.141  2064  2064 I sensors-hal: send_sync_sensor_request:341, send sync request
03-09 21:06:27.141  2064  2064 I sensors-hal: send_sync_sensor_request:367, wait for notification of response
03-09 21:06:27.141  2582  8068 D NxpTml  : PN54X - Write requested.....
03-09 21:06:27.141  2582  8068 D NxpTml  : PN54X - Invoking I2C Write.....
03-09 21:06:27.141  2582  8068 I NxpNciX : len =   7 > 20020401020100
03-09 21:06:27.141  2582  8068 D NxpTml  : PN54X - I2C Write successful.....
03-09 21:06:27.141  2582  8068 D NxpTml  : PN54X - Posting Fresh Write message.....
03-09 21:06:27.142  2582  8068 D NxpTml  : PN54X - Tml Writer Thread Running................
03-09 21:06:27.142  2582  8070 D NxpHal  : write successful status = 0x0
03-09 21:06:27.142  2064 24813 I sensors-hal: ssc_conn_resp_cb:632, resp_value = 0
03-09 21:06:27.142  2582  8059 D NxpTml  : PN54X - I2C Read successful.....
03-09 21:06:27.142  2582  8059 I NxpNciR : len =   5 > 4002020000
03-09 21:06:27.142  2582  8059 D NxpTml  : PN54X - Posting read message.....
03-09 21:06:27.142  2064  2064 I sensors-hal: send_sync_sensor_request:373, takes 1 ms to receive the response with 0
03-09 21:06:27.142  2582  8070 D NxpHal  : read successful status = 0x0
03-09 21:06:27.142  2064  2064 I sensors-hal: activate:184, com.motorola.sensor.alternate_light/65959 en=1 completed
03-09 21:06:27.142  2582  8070 D NxpHal  : phNxpNciHal_print_res_status: response status =STATUS_OK
03-09 21:06:27.143  3163  3231 D PanelsService: onAwakeStateChanged.. isAwake=true
03-09 21:06:27.143  3163  3231 D TouchHwAidlService: onAwakeStateChanged.. isAwake=true
03-09 21:06:27.143  3163  3231 D TouchHwAidlService: Unregister stow sensor
03-09 21:06:27.143  2582  8059 D NxpTml  : PN54X - Read requested.....
03-09 21:06:27.144  2582  8059 D NxpTml  : PN54X - Invoking I2C Read.....
03-09 21:06:27.144  6942  8007 D libnfc_nci: nfaDeviceManagementCallback: enter; event=0x2
03-09 21:06:27.144  6942  8007 D libnfc_nci: nfaDeviceManagementCallback: NFA_DM_SET_CONFIG_EVT
03-09 21:06:27.144  3163  3352 V DisplayPowerController2[1]: Brightness [0.08356061] reason changing to: 'manual', previous reason: 'screen_off'.
03-09 21:06:27.144  3163  3352 I DisplayPowerController2[1]: 03-09 21:06:27.144 - BrightnessEvent: disp=1, physDisp=local:4630947043778501763, displayState=ON, displayPolicy=BRIGHT, brt=0.08356061, initBrt=0.0, rcmdBrt=NaN, preBrt=NaN, lux=NaN, preLux=NaN, brtNits=14.185215, hdrNits=NaN, initNits=3.3701954, preNits=NaN, rcmdNits=NaN, hdrBrightness=NaN, brt(%)=11%, brtInt=22, hbmPolicy=normal, hbmMax=0.7660316, hbmMode=off, rbcStrength=-1, thrmMax=1.0, powerFactor=1.0, wasShortTermModelActive=false, flags=invalid_lux , reason=manual, autoBrightness=true, strategy=InvalidBrightnessStrategy, autoBrightnessMode=default
03-09 21:06:27.145  3163  5308 D PowerManagerService: nativeSetPowerMode ret:false mode:9 enabled:false duration ms: 0
03-09 21:06:27.145  3163  5308 D TouchHwAidlService: setCliDisplayState: mCliScreenOff=false
03-09 21:06:27.145  3163  5308 D LocalDisplayAdapter: setDisplayPowerMode mode=2 for display=android.os.BinderProxy@433f576
03-09 21:06:27.146  2723  5773 E VendorTagDescriptor: lookupTag: Tag name 'support_get_property_2_0' does not exist.
03-09 21:06:27.146  2300  2300 D SurfaceFlinger: Setting power mode 2 on display 4630947043778501763
03-09 21:06:27.147  2300  2300 I Scheduler: Display 4630947043778501763 is the pacesetter
03-09 21:06:27.147  2300  2300 I Scheduler: promotePacesetterDisplayLocked, mAcceptScrollEvent=1
03-09 21:06:27.147  2300  2300 I Scheduler: promotePacesetterDisplayLocked, mAcceptTouchNotBoostEvent=0
03-09 21:06:27.148  2300  2300 D SurfaceFlinger: Setting desired display mode specs: {0, false, PR={p[24.00-120.00]Hz, r[24.00-120.00]Hz}, AR={p[0.00-120.00]Hz, r[0.00-120.00]Hz}} for display 4630947043778501763
03-09 21:06:27.148  3163  7474 W UserManagerService: Requested status bar icon for non-badged user 0
03-09 21:06:27.148  2300  2300 I SurfaceFlinger: Switching to Scheduler preferred mode 0 (60.00 Hz) for display 4630947043778501763
03-09 21:06:27.148  5625  5962 V PowerManager: userActivity when=21677136 event=0 flags=0 displayId=1 by (com.android.systemui) callers=com.android.systemui.keyguard.KeyguardViewMediator$$ExternalSyntheticLambda0.run:63 java.util.concurrent.ThreadPoolExecutor.runWorker:1145 java.util.concurrent.ThreadPoolExecutor$Worker.run:644 
03-09 21:06:27.148  2300  2300 W ComposerExtn: DisplayExtnImpl::SetActiveConfig: HWC Display 2 is not registered!
03-09 21:06:27.148  2300  2300 D DisplayModeController: setDesiredMode 4630947043778501763 {mode={fps=60.00 Hz, modePtr={id=0, vsyncRate=60.00 Hz, peakRefreshRate=60.00 Hz}}, emitEvent=true, force=false}
03-09 21:06:27.149  2195  2386 I SDM     : DisplayBase::SetDisplayState: Set state = 1, display 76-0, teardown = 0
03-09 21:06:27.149  2064  2064 I sensors-hal: batch:206, android.sensor.device_orientation/271, period=66667000, max_latency=0
03-09 21:06:27.149  2064  2064 I sensors-hal: set_config:61, no need to adjust sample_period_ns due to reporting_mode = 2
03-09 21:06:27.149  2064  2064 I sensors-hal: batch:215, android.sensor.device_orientation/271, period=66667000, max_latency=0 request completed
03-09 21:06:27.149  2195  2386 I SDM     : HWDeviceDRM::NullCommit: Null commit succeeded crtc=203
03-09 21:06:27.150  2064  2064 I sensors-hal: activate:173, android.sensor.device_orientation/271 en=1
03-09 21:06:27.150  5625  5625 D KeyguardViewMediator: KeyguardViewMediator queue processing message: SHOW
03-09 21:06:27.150  3163  7474 W BoostOptController: not supported hint: 118
03-09 21:06:27.150  2064  2064 I sensors-hal: get_qmi_debug_flag:239, support_qmi_debug : false
03-09 21:06:27.151  2061  2108 E minksocket: MinkIPC_QRTR_Service: client with node 1 port 553c went down
03-09 21:06:27.151  2061  2108 E minksocket: MinkIPC_QRTR_Service: client with node 1 port 553d went down
03-09 21:06:27.152  2064  2064 E Diag_Lib: diag: Diag_LSM_Init: invoked for pid: 2064 with init_count: 0
03-09 21:06:27.152  2061  2108 E minksocket: MinkIPC_QRTR_Service: client with node 1 port 553e went down
03-09 21:06:27.152  2061  2108 E minksocket: MinkIPC_QRTR_Service: client with node 1 port 553f went down
03-09 21:06:27.152  2064  2064 E Diag_Lib: diag:failed to connect to diag socket
03-09 21:06:27.152  2064  2064 E Diag_Lib:  Diag_LSM_Init: Failed to open handle to diag driver, error = 13
03-09 21:06:27.152  2064  2064 I sensors-hal: send_sensor_config_request:463, dt=mot_disprot: convert sample_period=66667000 to batch_period=66667
03-09 21:06:27.152  2064  2064 I sensors-hal: send_sync_sensor_request:341, send sync request
03-09 21:06:27.152  2064  2064 I sensors-hal: send_sync_sensor_request:367, wait for notification of response
03-09 21:06:27.153  3163  5215 I MR2ServiceImpl: Updating composite discovery preference | preference: RouteDiscoveryRequest{ preferredFeatures={}, activeScan=false }, active routers: []
03-09 21:06:27.153  2064 24816 I sensors-hal: ssc_conn_resp_cb:632, resp_value = 0
03-09 21:06:27.153  2064  2064 I sensors-hal: send_sync_sensor_request:373, takes 1 ms to receive the response with 0
03-09 21:06:27.153  2064  2064 I sensors-hal: activate:184, android.sensor.device_orientation/271 en=1 completed
03-09 21:06:27.154 10834 20920 I DeviceStatusMonitor: DeviceStatusMonitor.handleBroadcast():138 onReceive() : Action = android.intent.action.SCREEN_OFF
03-09 21:06:27.155 10834 20920 I DeviceStatusMonitor: DeviceStatusMonitor.updateCountryInfo():154 updateCountryInfo(), notifyAnyway = false
03-09 21:06:27.155 10834 10834 I InputBundle: InputBundle.consumeEvent():1029 Skip consuming an event as imeStatus is INACTIVE
03-09 21:06:27.155  2064  2064 I sensors-hal: batch:206, com.motorola.sensor.stowed/65568, period=200000000, max_latency=0
03-09 21:06:27.155  2064  2064 I sensors-hal: set_config:61, no need to adjust sample_period_ns due to reporting_mode = 2
03-09 21:06:27.155  2064  2064 I sensors-hal: batch:215, com.motorola.sensor.stowed/65568, period=200000000, max_latency=0 request completed
03-09 21:06:27.155 10834 10834 I Module  : DeviceLockedStatusModuleProvider$Module.updateDeviceLockedStatus():103 repeatCheckTimes = 0, locked = false
03-09 21:06:27.156  3163  3231 W AlarmManager: Unrecognized alarm listener com.motorola.server.display.TouchHwAidlService$AlarmListenerImpl@de23d8f
03-09 21:06:27.156  3163  3231 I DisplayDeviceRepository: Display device changed state: "HDMI Screen", ON
03-09 21:06:27.156  3163  3227 D TouchHwAidlService: enableGestureStowMode stowed: false
03-09 21:06:27.156  2064  2064 I sensors-hal: activate:173, com.motorola.sensor.tap/65988 en=0
03-09 21:06:27.157  2061  2108 E minksocket: MinkIPC_QRTR_Service: client with node 1 port 544c went down
03-09 21:06:27.157  2064  2064 I sensors-hal: activate:184, com.motorola.sensor.tap/65988 en=0 completed
03-09 21:06:27.158  2064 24816 I sensors-hal: handle_indication_realtime:467,  SCHED_FIFO(10) for qmi_cbk
03-09 21:06:27.158  2064 24816 E sensors-hal: handle_sns_client_event:62, mot_disprot_event: now=34743062817639 ts=34621406700034, type=0, status=3
03-09 21:06:27.158  3163  3231 I InputManager-JNI: Viewport [0] to add: local:4630947043778501762, isActive: false
03-09 21:06:27.158  3163  3231 I InputManager-JNI: Viewport [1] to add: local:4630947043778501763, isActive: true
03-09 21:06:27.159  3163  4285 I InputReader: Reconfiguring input devices, changes=DISPLAY_INFO
03-09 21:06:27.159  3163  4285 I InputReader: Disabling goodix_ts (device 7) because the associated viewport is not active
03-09 21:06:27.159  3163  4285 I InputReader: Device reconfigured: id=6, name='zinitix_mt', size 194x368, orientation Rotation0, mode DIRECT, display id 1
03-09 21:06:27.159  3163  3163 I BrightnessSynchronizer: New Update: {[1766] 0.13196129(f), mUpdatedTypes=0, mConfirmedTypes=0, mTimeUpdated=0, mState=2}
03-09 21:06:27.160  3163  3352 D BrightnessThermalClamper: Thermal status observer already started
03-09 21:06:27.160  3163  3229 W BoostOptController: not supported hint: 118
03-09 21:06:27.160  3163  3229 D CLI/Rotation: Set volume keyswap sysprop for rotation 0 lidState CLOSED
03-09 21:06:27.161  2106  2106 I motorola.hardware.display.touch-service: Setting stow gesture mode to 0 for panel 1
03-09 21:06:27.161  3163  3229 V WindowManager: Content Recording: Display 1 state was (1), is now (2), so update recording?
03-09 21:06:27.161  3163  3229 D CLI/Transition: displaygroup 1, state ON, pendingdisplaygroup -1
03-09 21:06:27.162  3163  3229 I DisplayDevice: [1] Layerstack set to 1 for local:4630947043778501763 mDisplayToken=android.os.BinderProxy@433f576 t=Transaction{mNativeObject=-5476376673043392304, mHashCode=0}
03-09 21:06:27.163  3163  7000 E WindowManager: Dream packageName does not match active dream. Package com.motorola.mobiledesktop.core does not match ComponentInfo{com.android.systemui/com.android.systemui.doze.DozeService}
03-09 21:06:27.163  3163  7471 E WindowManager: Dream packageName does not match active dream. Package io.appium.settings does not match ComponentInfo{com.android.systemui/com.android.systemui.doze.DozeService}
03-09 21:06:27.164  3163  5843 E WindowManager: Dream packageName does not match active dream. Package com.dolby.daxservice does not match ComponentInfo{com.android.systemui/com.android.systemui.doze.DozeService}
03-09 21:06:27.164  3163  3231 D PanelsService: updateCliDisplayState: mCliScreenState=ON
03-09 21:06:27.164  3163  7414 E WindowManager: Dream packageName does not match active dream. Package com.google.android.gsf does not match ComponentInfo{com.android.systemui/com.android.systemui.doze.DozeService}
03-09 21:06:27.165  3163  7414 E WindowManager: Dream packageName does not match active dream. Package com.google.android.gms does not match ComponentInfo{com.android.systemui/com.android.systemui.doze.DozeService}
03-09 21:06:27.165  3163  6974 E WindowManager: Dream packageName does not match active dream. Package com.google.android.inputmethod.latin does not match ComponentInfo{com.android.systemui/com.android.systemui.doze.DozeService}
03-09 21:06:27.165  3163  7479 I DreamManagerService: startDozing by com.android.systemui callingUid=10394 callingPid=5625
03-09 21:06:27.165  3163  7479 D DreamManagerService: Dream requested to start dozing: android.os.Binder@1939f75, screenState=2, screenBrightness=-1, reason=DREAM_MANAGER_LID_SWITCH
03-09 21:06:27.165  3163  6975 E WindowManager: Dream packageName does not match active dream. Package com.motorola.motocare does not match ComponentInfo{com.android.systemui/com.android.systemui.doze.DozeService}
03-09 21:06:27.165  3163  7000 E WindowManager: Dream packageName does not match active dream. Package com.motorola.mobiledesktop does not match ComponentInfo{com.android.systemui/com.android.systemui.doze.DozeService}
03-09 21:06:27.165  3163  5216 E WindowManager: Dream packageName does not match active dream. Package com.google.android.ext.services does not match ComponentInfo{com.android.systemui/com.android.systemui.doze.DozeService}
03-09 21:06:27.166  3163  3203 E WindowManager: Dream packageName does not match active dream. Package com.motorola.livewallpaper3.prebuilt.vanilla_reflection does not match ComponentInfo{com.android.systemui/com.android.systemui.doze.DozeService}
03-09 21:06:27.167  7545  7545 I FileStationLog: [ FS_h$a ] - [Display] Changed display: 1
03-09 21:06:27.167  3163  3231 W ServiceManagerCppClient: Failed to get isDeclared for com.motorola.hardware.display.panel.IDisplayPanel/default: Status(-1, EX_SECURITY): 'SELinux denied.'
03-09 21:06:27.167  3163  3231 D DisplayPanelService: Setting panel dc mode: 0
03-09 21:06:27.167  3163  7474 E WindowManager: Dream packageName does not match active dream. Package com.google.android.gsf does not match ComponentInfo{com.android.systemui/com.android.systemui.doze.DozeService}
03-09 21:06:27.167  2090  2090 I DisplayPanel: setDcMode: DC mode = OFF
03-09 21:06:27.167  2090  2090 D DisplayPanel: setParam: Success set DC to 0 for Primary display
03-09 21:06:27.167  3163  7474 E WindowManager: Dream packageName does not match active dream. Package com.google.android.gms does not match ComponentInfo{com.android.systemui/com.android.systemui.doze.DozeService}
03-09 21:06:27.168  3163  5843 E WindowManager: Dream packageName does not match active dream. Package com.android.vending does not match ComponentInfo{com.android.systemui/com.android.systemui.doze.DozeService}
03-09 21:06:27.168  5625  5625 D KeyguardViewMediator: KeyguardViewMediator queue processing message: NOTIFY_FINISHED_GOING_TO_SLEEP
03-09 21:06:27.168  3163  7471 E WindowManager: Dream packageName does not match active dream. Package com.motorola.launcher3 does not match ComponentInfo{com.android.systemui/com.android.systemui.doze.DozeService}
03-09 21:06:27.169  3163  4132 E WindowManager: Dream packageName does not match active dream. Package com.motorola.mobiledesktop.core does not match ComponentInfo{com.android.systemui/com.android.systemui.doze.DozeService}
03-09 21:06:27.170  7545  7545 I FileStationLog: [ FS_h$a ] - [Display] Ignoring change for non-default/desktop display: 1
03-09 21:06:27.171  3163  3227 D TouchHwAidlService: setStowGestureMode for cli stowed=false ret=0
03-09 21:06:27.171  3163  3227 D TouchHwAidlService: updateCliDisplayState: mCliScreenOn=true
03-09 21:06:27.171  3163  7445 D CoreBackPreview: Window{e1d6d9e u0 NotificationShade}: Setting back callback OnBackInvokedCallbackInfo{mCallback=android.window.IOnBackInvokedCallback$Stub$Proxy@a63223c, mPriority=0, mIsAnimationCallback=false}
03-09 21:06:27.172  3163  5843 E WindowManager: Dream packageName does not match active dream. Package com.lemon.lvoverseas does not match ComponentInfo{com.android.systemui/com.android.systemui.doze.DozeService}
03-09 21:06:27.172 10834 10834 I PkDeviceHelper: PkDeviceHelper.refreshDevices():93 refreshing devices
03-09 21:06:27.174  7545  7545 I FileStationLog: [ FileStationManager ] - screenIsOn: false, hasWindowShowed: false
03-09 21:06:27.174  7545  7545 I MotoDesktopLog: [ FileStationLog ] - broadcastMessage - cmd : 2008
03-09 21:06:27.175  5993  8761 I NearbyDiscovery: (REDACTED) FastPairHandler: Received action %s
03-09 21:06:27.176  3163  3163 D MotoFaceProvider: Receive screen off intent
03-09 21:06:27.178 11449 11449 I OverviewComponentObserver: updateOverviewTargets: mIsHomeDisabled=true, isDefaultHomeNull=false, mIsDefaultHome=true
03-09 21:06:27.179  5993  8761 I NearbyDiscovery: (REDACTED) PureOffloadFastPairScanner: eventType=%s, isInternalReq=%s, isScanning=%s, isScanningAllowed=%s
03-09 21:06:27.182  3163  5843 W AppOps  : Noting op not finished: uid 10240 pkg com.google.android.gms code 113 startTime of in progress event=1773104786759
03-09 21:06:27.182  5625  5625 D SCliNotificationListener: onNotificationListUpdate: [com.android.systemui.statusbar.notification.collection.GroupEntry@8b9dd38]
03-09 21:06:27.182  5493  6013 W HWUI    : Surface doesn't have any previously queued frames, nothing to readback from
03-09 21:06:27.184  5993  8761 I NearbyDiscovery: (REDACTED) ApFastPairScanner: isScreenOn=%s, isLocationEnabled=%s, disableLocationRequirement=%s, isDiscoveryScanningEnabled=%s, during24GhzWifiWarmingUpPeriod=%s
03-09 21:06:27.184  5993  8761 D BluetoothAdapter: isLeEnabled(): ON
03-09 21:06:27.184  5993  8761 I NearbyDiscovery: (REDACTED) ApFastPairScanner: eventType=%s, intReq=%s, scanning=%s, scanAllowed=%s, bleEnabled=%s, lockScanRate=%s, startScanningByLowPowerMode=%s
03-09 21:06:27.186 11449 11449 D StateManager: goToState - fromState: Normal, toState: Normal, partial trace:
03-09 21:06:27.186 11449 11449 D StateManager: 	at com.android.launcher3.Launcher.onScreenOnChanged(Launcher.java:3017)
03-09 21:06:27.186 11449 11449 D StateManager: 	at com.android.launcher3.Launcher$$ExternalSyntheticLambda25.onScreenOnChanged(D8$$SyntheticClass:0)
03-09 21:06:27.186 11449 11449 D StateManager: 	at com.android.launcher3.util.ScreenOnTracker.lambda$dispatchScreenOnChanged$0(ScreenOnTracker.java:67)
03-09 21:06:27.188  5993  8761 I NearbyDiscovery: ApFastPairScanner: Skipping stop, already stopped scanning [CONTEXT service_id=265 ]
03-09 21:06:27.188  5993  8761 I NearbyDiscovery: FastPairController: onSystemStateChanged: skip due to flag disabled [CONTEXT service_id=265 ]
03-09 21:06:27.192  3163  7471 W AccessibilityWindowsPopulator: The displayInfo of this displayId (0) called back from the surface fligner is null
03-09 21:06:27.193  5625  5625 I vol.VolumeDialogImpl: mDialog.dismiss() reason: screen_off from: com.android.systemui.volume.VolumeDialogImpl$10.onScreenOff:4 displayId: 0 mShowing: false mIsAnimatingDismiss: true
03-09 21:06:27.193  5625  5625 D vol.VolumeDialogImpl: dismissH: skipping dismiss because isAnimatingDismiss is true and showingStateInconsistent is false
03-09 21:06:27.194  3163  7471 W AppOps  : Noting op not finished: uid 10240 pkg com.google.android.gms code 113 startTime of in progress event=1773104786759
03-09 21:06:27.196  5625  5625 I Channel.Remote: [de8362611079428da312381e6bb8b50c|com.motorola.personalize] Keep channel connection alive true by 4
03-09 21:06:27.197  5625  5625 V DreamService[DozeService]: wakeUp(): fromSystem=true, mWaking=false, mFinished=false callers=android.service.dreams.DreamService.-$$Nest$mwakeUp:0 android.service.dreams.DreamService$DreamServiceWrapper.lambda$wakeUp$1:1794 android.service.dreams.DreamService$DreamServiceWrapper.$r8$lambda$SFP-NasoKFNaaOvKHyJqrl_aPt8:0 android.service.dreams.DreamService$DreamServiceWrapper$$ExternalSyntheticLambda3.run:0 android.os.Handler.handleCallback:1001 
03-09 21:06:27.197  5625  5625 V DreamService[DozeService]: finish(): mFinished=false activity=null callers=android.service.dreams.DreamService.onWakeUp:1197 android.service.dreams.DreamService.wakeUp:1360 android.service.dreams.DreamService.-$$Nest$mwakeUp:0 android.service.dreams.DreamService$DreamServiceWrapper.lambda$wakeUp$1:1794 android.service.dreams.DreamService$DreamServiceWrapper.$r8$lambda$SFP-NasoKFNaaOvKHyJqrl_aPt8:0 
03-09 21:06:27.197  3163  7414 I DreamManagerService: finishSelf by com.android.systemui callingUid=10394 callingPid=5625
03-09 21:06:27.197  3163  7414 D DreamManagerService: Dream finished: android.os.Binder@1939f75, immediate=true
03-09 21:06:27.197  3163  7414 I DreamManagerService: Leaving dreamland.
03-09 21:06:27.197  3163  7414 I DreamManagerService: stopDreamLocked. callers=com.android.server.dreams.DreamManagerService.finishSelfInternal:514 com.android.server.dreams.DreamManagerService.-$$Nest$mfinishSelfInternal:0 com.android.server.dreams.DreamManagerService$BinderService.finishSelf:1092 android.service.dreams.IDreamManager$Stub.onTransact:292 android.os.Binder.execTransactInternal:1520 
03-09 21:06:27.197 15429 16144 I BatteryCare: [SmartBackground] [DGMC::AccelerateSmartCleanReceiver] action received: android.intent.action.SCREEN_OFF
03-09 21:06:27.198  3163  3227 I DreamController: Stopping dream: name=ComponentInfo{com.android.systemui/com.android.systemui.doze.DozeService}, isPreviewMode=false, canDoze=true, userId=0, reason='finished self'(from 'request awaken')
03-09 21:06:27.200  5625  5625 D KeyguardViewMediator: KeyguardViewMediator queue processing message: NOTIFY_STARTED_WAKING_UP
03-09 21:06:27.200  3163  3231 W AccessibilityWindowsPopulator: The displayInfo of this displayId (0) called back from the surface fligner is null
03-09 21:06:27.203  3163  7471 W AppOps  : Noting op not finished: uid 10240 pkg com.google.android.gms code 113 startTime of in progress event=1773104786759
03-09 21:06:27.205  5493  6013 W HWUI    : Surface doesn't have any previously queued frames, nothing to readback from
03-09 21:06:27.206  5625  5962 D KeyguardViewMediator: updateActivityLockScreenState(true, false)
03-09 21:06:27.208  3163  7000 W BroadcastQueue: Ignoring finishReceiverLocked; no active broadcast for BroadcastProcessQueue{6829cd6 23659:com.lemon.lvoverseas/u0a283}
03-09 21:06:27.209  3163  7000 W BroadcastQueue: Ignoring finishReceiverLocked; no active broadcast for BroadcastProcessQueue{6829cd6 23659:com.lemon.lvoverseas/u0a283}
03-09 21:06:27.210  5625  5625 V DreamService[DozeService]: finish(): mFinished=true activity=null callers=com.android.systemui.doze.DozeMachine$Service$Delegate.finish:3 com.android.systemui.doze.DozeMachine$Service$Delegate.finish:3 com.android.systemui.doze.DozeMachine.transitionTo:557 com.android.systemui.doze.DozeMachine.transitionTo:659 com.android.systemui.doze.DozeMachine.requestState:10 
03-09 21:06:27.210  2064  2064 I sensors-hal: activate:173, com.motorola.sensor.glance/65658 en=0
03-09 21:06:27.210  2064  2064 I sensors-hal: deactivate:166, deactivate glance 65548
03-09 21:06:27.210  3163  7471 W AppOps  : Noting op not finished: uid 10240 pkg com.google.android.gms code 113 startTime of in progress event=1773104786759
03-09 21:06:27.211  2061  2108 E minksocket: MinkIPC_QRTR_Service: client with node 1 port 5536 went down
03-09 21:06:27.213  5625  5941 D KeyguardTransitionRepository: (Internal) Setting current transition info: TransitionInfo(ownerName=FromDozingTransitionInteractor, from=DOZING, to=LOCKSCREEN, animated)
03-09 21:06:27.214  2064  2064 I sensors-hal: activate:184, com.motorola.sensor.glance/65658 en=0 completed
03-09 21:06:27.216  2064  2064 I sensors-hal: activate:173, com.motorola.sensor.ltv/65738 en=0
03-09 21:06:27.217  3163  5843 W AppOps  : Noting op not finished: uid 10240 pkg com.google.android.gms code 79 startTime of in progress event=1773104786758
03-09 21:06:27.218  2061  2108 E minksocket: MinkIPC_QRTR_Service: client with node 1 port 5531 went down
03-09 21:06:27.219  2064  4171 D slpi-TMD2712: tmd2712: Prox pdata 3, offset1:71, full: 728, NearBy: 0, Lth:54, Hth:85,off_l 71. off_h 0, th_l 1, th_h 85
03-09 21:06:27.219  2064  2064 I sensors-hal: activate:184, com.motorola.sensor.ltv/65738 en=0 completed
03-09 21:06:27.223  2064 24813 I sensors-hal: handle_indication_realtime:467,  SCHED_FIFO(10) for qmi_cbk
03-09 21:06:27.223  3163  7471 D SystemServerTiming: getUserSwitchability-0
03-09 21:06:27.223  3163  7471 D SystemServerTiming: TM.isInCall
03-09 21:06:27.224  3163  7471 D SystemServerTiming: hasUserRestriction-DISALLOW_USER_SWITCH
03-09 21:06:27.224  3163  7471 D SystemServerTiming: getInt-ALLOW_USER_SWITCHING_WHEN_SYSTEM_USER_LOCKED
03-09 21:06:27.224  3163  7471 D SystemServerTiming: isUserUnlocked-USER_SYSTEM
03-09 21:06:27.225  5625 20426 I Channel.Remote: [binder:5625_E] [de8362611079428da312381e6bb8b50c|com.motorola.personalize][102] received remote channel service seq:102 results
03-09 21:06:27.225  5625  5625 D SCliNotificationListener: onNotificationListUpdate: [com.android.systemui.statusbar.notification.collection.GroupEntry@8b9dd38]
03-09 21:06:27.229  5625  5625 V DreamService[DozeService]: detach(): Calling onDreamingStopped()
03-09 21:06:27.229  5625  5625 V DreamService[DozeService]: onDreamingStopped()
03-09 21:06:27.229  5625  5625 V DreamService[DozeService]: detach(): mActivity=null mActivity.isFinishing()=false
03-09 21:06:27.229  5625  5625 V DreamService[DozeService]: finish(): mFinished=true activity=null callers=android.service.dreams.DreamService.detach:1492 android.service.dreams.DreamService.-$$Nest$mdetach:0 android.service.dreams.DreamService$DreamServiceWrapper.$r8$lambda$1LeV6PgvJQarx7-tBMQHBSWLLCM:0 android.service.dreams.DreamService$DreamServiceWrapper$$ExternalSyntheticLambda1.run:0 android.os.Handler.handleCallback:1001 
03-09 21:06:27.229  5625  5625 V DreamService[DozeService]: onDestroy()
03-09 21:06:27.229  5625  5625 V DreamService[DozeService]: detach(): mActivity=null mActivity.isFinishing()=false
03-09 21:06:27.229  5625  5625 V DreamService[DozeService]: finish(): mFinished=true activity=null callers=android.service.dreams.DreamService.detach:1492 android.service.dreams.DreamService.onDestroy:1385 com.android.systemui.doze.DozeService.onDestroy:8 android.app.ActivityThread.handleStopService:5307 android.app.ActivityThread.-$$Nest$mhandleStopService:0 
03-09 21:06:27.231  5625  5625 I KeyguardTransitionRepository: Transition still active: TransitionStep(from=GONE, to=DOZING, value=0.4994641, transitionState=RUNNING, ownerName=FromGoneTransitionInteractor(Sleep transition triggered)), canceling
03-09 21:06:27.231  5625  5625 I KeyguardTransitionRepository: CANCELED transition: TransitionStep(from=GONE, to=DOZING, value=0.4994641, transitionState=CANCELED, ownerName=FromGoneTransitionInteractor(Sleep transition triggered))
03-09 21:06:27.231  5625  5625 I KeyguardTransitionRepository: STARTED transition: TransitionStep(from=DOZING, to=LOCKSCREEN, value=0.4994641, transitionState=STARTED, ownerName=FromDozingTransitionInteractor)
03-09 21:06:27.238  3163  5158 D WifiStaIfaceHidlImpl: getCachedScanData is not implemented by HIDL
03-09 21:06:27.241  5625  5625 I Typeface: mototime=Rookery-Stacked;moto_time;5625
03-09 21:06:27.244  5625  5625 I Typeface: mototime=Rookery-Stacked;moto_time;5625
03-09 21:06:27.244  5625  5625 D LockScreen_Plugin: notifyAttributesChanged: pluginCallback = com.android.systemui.shared.plugins.MotoLsClockFacePlugin$PluginCallback@db2e267, data = Bundle[{clock_face_time=moto_time, clock_face_color=-1}]
03-09 21:06:27.244  5625  5625 V MotoLsClockFacePlugin: onClockFaceColorChange: 0xffffffff
03-09 21:06:27.244  5625  5625 V MotoLsClockFacePlugin: onClockFontChanged
03-09 21:06:27.246  3163  4132 D SystemServerTiming: getUserSwitchability-0
03-09 21:06:27.246  3163  5843 D SystemServerTiming: getUserSwitchability-0
03-09 21:06:27.246  3163  4132 D SystemServerTiming: TM.isInCall
03-09 21:06:27.246  3163  5843 D SystemServerTiming: TM.isInCall
03-09 21:06:27.246  3163  5843 D SystemServerTiming: hasUserRestriction-DISALLOW_USER_SWITCH
03-09 21:06:27.246  3163  5843 D SystemServerTiming: getInt-ALLOW_USER_SWITCHING_WHEN_SYSTEM_USER_LOCKED
03-09 21:06:27.246  3163  5843 D SystemServerTiming: isUserUnlocked-USER_SYSTEM
03-09 21:06:27.247  3163  4132 D SystemServerTiming: hasUserRestriction-DISALLOW_USER_SWITCH
03-09 21:06:27.247  3163  4132 D SystemServerTiming: getInt-ALLOW_USER_SWITCHING_WHEN_SYSTEM_USER_LOCKED
03-09 21:06:27.247  3163  4132 D SystemServerTiming: isUserUnlocked-USER_SYSTEM
03-09 21:06:27.266  5625  5625 D BiometricsRepositoryImpl: currentUser authFlags changed, new value: AuthenticationFlags(userId=0, flag=0)
03-09 21:06:27.268  5625  5625 D BiometricsRepositoryImpl: currentUser authFlags changed, new value: AuthenticationFlags(userId=0, flag=0)
03-09 21:06:27.268  5625  5625 D BiometricsRepositoryImpl: currentUser authFlags changed, new value: AuthenticationFlags(userId=0, flag=0)
03-09 21:06:27.268  5625  5625 D BiometricsRepositoryImpl: currentUser authFlags changed, new value: AuthenticationFlags(userId=0, flag=0)
03-09 21:06:27.271  5625  5625 D BiometricsRepositoryImpl: currentUser authFlags changed, new value: AuthenticationFlags(userId=0, flag=0)
03-09 21:06:27.271  5625  5625 D BiometricsRepositoryImpl: currentUser authFlags changed, new value: AuthenticationFlags(userId=0, flag=0)
03-09 21:06:27.278  5625  5920 D ControlsListingControllerImpl: Subscribing callback, service count: 1
03-09 21:06:27.278  5625  5940 I QAWController: Re-creating the QAW client to avoid stale.
03-09 21:06:27.278  5625  5928 I QAWController: Re-creating the QAW client to avoid stale.
03-09 21:06:27.278  5625  5929 I QAWController: Re-creating the QAW client to avoid stale.
03-09 21:06:27.279  5625  5920 D ControlsListingControllerImpl: Subscribing callback, service count: 1
03-09 21:06:27.280  5625  5920 D ControlsListingControllerImpl: Subscribing callback, service count: 1
03-09 21:06:27.314  7218  7218 D BoundBrokerSvc: onBind: Intent { act=com.google.android.gms.pay.service.BIND dat=chimera-action:/... cmp=com.google.android.gms/.chimera.GmsApiService }
03-09 21:06:27.314  7218  7218 D BoundBrokerSvc: Loading bound service for intent: Intent { act=com.google.android.gms.pay.service.BIND dat=chimera-action:/... cmp=com.google.android.gms/.chimera.GmsApiService }
03-09 21:06:27.322  2195  2386 I SDM     : PipeAllocSdma2::CalculatePipeNumToDedicate: num_vig: 0, num_dma: 1
03-09 21:06:27.322  2195  2386 I SDM     : DisplayBase::SetDisplayState: active 1-1 state 1-1 pending_power_state_ 0
03-09 21:06:27.323  2300  2300 W ComposerExtn: DisplayExtnImpl::SetEarlyWakeUpConfig: HWC Display 2 is not registered!
03-09 21:06:27.323  2300  2300 D SurfaceFlinger: Finished setting power mode 2 on display 4630947043778501763
03-09 21:06:27.323  2300  2300 D RefreshRateSelector: [90:120:0]: mTouchBoostRefreshRateAvailable=0, mScrollBoostRefreshRateAvailable=0, mTouchOnBlankNotBoostRefreshRateAvailable=0
