--------- beginning of main
03-13 00:15:41.876  4184  4797 D SatelliteController: isInCarrierRoamingNbIotNtn: satellite is disabled
03-13 00:15:41.922 24324 24413 W libc    : Access denied finding property "ro.debuggable"
03-13 00:15:42.015 24324 24413 W libc    : Access denied finding property "ro.secure"
03-13 00:15:42.017 12944 12969 I appium  : channel read: GET /session/7d9f0ff5-db96-4133-ad0e-0e03814f2cb8/source
03-13 00:15:42.018 12944 12969 I appium  : Source command
03-13 00:15:42.019 12944 12969 I appium  : Waiting up to 10000ms for the device to idle
03-13 00:15:42.037 24324 24339 W ation.temu:push: Reducing the number of considered missed Gc histogram windows from 105 to 100
03-13 00:15:42.045  2105  2921 I VSyncReactor: Current= 120, Period= 120, Distance= 0
03-13 00:15:42.048 13009 13009 I View    : setRequestedFrameRate frameRate=NaN, this=w3.u{1be2c9d VFED..... ........ 0,0-1080,2640 aid=1073741857}, caller=android.view.ViewGroup.setRequestedFrameRate:9952 w3.z0.a:0 w3.u.dispatchDraw:97 android.view.View.draw:26345 android.view.View.updateDisplayListIfDirty:25175 
03-13 00:15:42.049 13009 13009 I View    : setRequestedFrameRate frameRate=NaN, this=android.view.View{9158701 V.ED..... ........ 0,0-0,0}, caller=w3.z0.a:0 w3.u.dispatchDraw:114 android.view.View.draw:26345 android.view.View.updateDisplayListIfDirty:25175 android.view.View.draw:26072 
03-13 00:15:42.054  2105  2921 I VSyncReactor: Current= 120, Period= 120, Distance= 120
03-13 00:15:42.116  3003  4029 I SemWifiLinkQualityMonitor: Link stat: 762 / 24 / 1.25 (15) / 324 / -57.0 || 100.0 : 324.00 / 0.5 : 0.80 / 0.55 : 0.03 / G (G) || 357184ff5785: 0.099 / 80.781 / N || N N / 0 0 / Y 2.0 / Y X 0 / 44022801 0 || Invalid
03-13 00:15:42.119  3003  4030 D InsDataManager: onOutageCountUpdate() - Outage Data: 0, LQ : Y. Outage Triggered: false
03-13 00:15:42.119  3003  4030 D InsDataManager: Trying to save initial normal data.
03-13 00:15:42.119  3003  4030 D SensorCollector: syncMappedBuffers: 0, 0, 81
03-13 00:15:42.120  3003  4030 D InsDataManager: trimBuffers start.
03-13 00:15:42.120  3003  4030 D InsDataManager: trimBuffers - pathBuffer size: 78
03-13 00:15:42.120  3003  7743 D SemWifiUsabilityStatsMonitor: onWifiUsabilityStats - seqNum 10950, isSameBssidAndFreq true
03-13 00:15:42.121  3003  4030 D InsDataManager: trimBuffers - nsmBuffer size: 25
03-13 00:15:42.122  3003  4030 D InsDataManager: Too short for collecting additional normal data
--------- beginning of system
03-13 00:15:42.122  3003  4047 D SGM:GameManager: identifyGamePackage. crumbl.cookies, mCurrentUserId: 0, callingMethodInfo: com.samsung.android.game.SemGameManager.isGamePackage(SemGameManager.java:106)
03-13 00:15:42.122  3003  4030 D SemInsManager: {"bssid": "357184ff5785","rssi": -57.0,"latency": 0.0990328214393255,"outage_count": 0,"lq_callback_triggered": true,"outage_log": "Link stat: 762 / 24 / 1.25 (15) / 324 / -57.0 || 100.0 : 324.00 / 0.5 : 0.80 / 0.55 : 0.03 / G (G) || 357184ff5785: 0.099 / 80.781 / N || N N / 0 0 / Y 2.0 / Y X 0 / 44022801 0 || Invalid""Magnetic Sensor Events size": "0""Pressure Sensor Events size": "0"}
03-13 00:15:42.122  3003  4047 D SGM:SemGameManager: isGamePackage(), pkgName=crumbl.cookies, ret=false
03-13 00:15:42.188 13009 13009 I View    : setRequestedFrameRate frameRate=NaN, this=w3.u{2576eed VFED..... ........ 0,0-1080,262 aid=1073741825}, caller=android.view.ViewGroup.setRequestedFrameRate:9952 w3.z0.a:0 w3.u.dispatchDraw:97 android.view.View.draw:26345 android.view.View.updateDisplayListIfDirty:25175 
03-13 00:15:42.189 13009 13009 I View    : setRequestedFrameRate frameRate=NaN, this=android.view.View{35935c7 V.ED..... ........ 0,0-0,0}, caller=w3.z0.a:0 w3.u.dispatchDraw:114 android.view.View.draw:26345 android.view.View.updateDisplayListIfDirty:25175 android.view.View.draw:26072 
03-13 00:15:42.215 13009 13009 I View    : setRequestedFrameRate frameRate=NaN, this=w3.u{e14cc55 VFED..... ........ 0,0-1080,2003 aid=1073741856}, caller=android.view.ViewGroup.setRequestedFrameRate:9952 w3.z0.a:0 w3.u.dispatchDraw:97 android.view.View.draw:26345 android.view.View.updateDisplayListIfDirty:25175 
03-13 00:15:42.215 13009 13009 I View    : setRequestedFrameRate frameRate=NaN, this=android.view.View{caadbc5 V.ED..... ........ 0,0-0,0}, caller=w3.z0.a:0 w3.u.dispatchDraw:114 android.view.View.draw:26345 android.view.View.updateDisplayListIfDirty:25175 android.view.View.draw:26072 
03-13 00:15:42.216 13009 13009 I View    : setRequestedFrameRate frameRate=NaN, this=w3.u{eb0cca9 VFED..... ......ID 0,0-1080,2003 aid=1073741835}, caller=android.view.ViewGroup.setRequestedFrameRate:9952 w3.z0.a:0 w3.u.dispatchDraw:97 android.view.View.draw:26345 android.view.View.updateDisplayListIfDirty:25175 
03-13 00:15:42.216 13009 13009 I View    : setRequestedFrameRate frameRate=NaN, this=android.view.View{b685834 V.ED..... ........ 0,0-0,0}, caller=w3.z0.a:0 w3.u.dispatchDraw:114 android.view.View.draw:26345 android.view.View.updateDisplayListIfDirty:25175 android.view.ViewGroup.recreateChildDisplayList:4794 
03-13 00:15:42.221 13009 13009 I View    : setRequestedFrameRate frameRate=NaN, this=w3.u{eb0cca9 VFED..... ........ 0,0-1080,2003 aid=1073741835}, caller=android.view.ViewGroup.setRequestedFrameRate:9952 w3.z0.a:0 w3.u.dispatchDraw:97 android.view.View.draw:26345 android.view.View.updateDisplayListIfDirty:25175 
03-13 00:15:42.221 13009 13009 I View    : setRequestedFrameRate frameRate=NaN, this=android.view.View{b685834 V.ED..... ........ 0,0-0,0}, caller=w3.z0.a:0 w3.u.dispatchDraw:114 android.view.View.draw:26345 android.view.View.updateDisplayListIfDirty:25175 android.view.ViewGroup.recreateChildDisplayList:4794 
03-13 00:15:42.364 13009 13009 I View    : setRequestedFrameRate frameRate=NaN, this=w3.u{9d12ecf VFED..... ........ 0,0-1080,375 aid=1073741828}, caller=android.view.ViewGroup.setRequestedFrameRate:9952 w3.z0.a:0 w3.u.dispatchDraw:97 android.view.View.draw:26345 android.view.View.updateDisplayListIfDirty:25175 
03-13 00:15:42.365 13009 13009 I View    : setRequestedFrameRate frameRate=NaN, this=android.view.View{1380466 V.ED..... ........ 0,0-0,0}, caller=w3.z0.a:0 w3.u.dispatchDraw:114 android.view.View.draw:26345 android.view.View.updateDisplayListIfDirty:25175 android.view.View.draw:26072 
03-13 00:15:42.510  2097  2125 E HeatmapThread: ECT Thread time in milliseconds: 1773375342
03-13 00:15:42.516  2097  2125 D HeatmapThread: !@ batteryplugType : 2
03-13 00:15:42.516  2097  2125 D HeatmapThread: !@ batteryLevel : 98  batteryTemperature : 315 
03-13 00:15:42.516  2097  2125 D HeatmapThread: !@ Heatmap currtime: 29556255
03-13 00:15:42.517  2097  2125 D HeatmapThread: !@ Heatmap prevtime: 29556252
03-13 00:15:42.517  2097  2125 D HeatmapThread: !@ Heatmap plugstarttime: 29556072
03-13 00:15:42.517  2097  2125 D HeatmapThread: !@ Heatmap prevv_dsoh_update_time: 29556252
03-13 00:15:42.518  2097  2125 E HeatmapThread: !@ CAM New BSOH: 100
03-13 00:15:42.518  2097  2125 E HeatmapThread: !@ CAM is Working
03-13 00:15:42.550 12944 12969 I appium  : AppiumResponse: {"sessionId":"7d9f0ff5-db96-4133-ad0e-0e03814f2cb8","value":"<?xml version='1.0' encoding='UTF-8' standalone='yes' ?>\r\n<hierarchy index=\"0\" class=\"hierarchy\" rotation=\"0\" width=\"1080\" height=\"2640\">\r\n  <android.widget.FrameLayout index=\"0\" package=\"crumbl.cookies\" class=\"android.w…
03-13 00:15:42.569 12944 12969 I appium  : channel read: GET /session/7d9f0ff5-db96-4133-ad0e-0e03814f2cb8/screenshot
03-13 00:15:42.570 12944 12969 I appium  : CaptureScreenshot command
03-13 00:15:42.571 12944 12969 I tomator2.server: hiddenapi: Accessing hidden method Landroid/view/Display;->getAddress()Landroid/view/DisplayAddress; (runtime_flags=0, domain=platform, api=blocked) from Lio/appium/uiautomator2/utils/ReflectionUtils; (domain=app, TargetSdkVersion=34) using reflection: allowed
03-13 00:15:42.571 12944 12969 I tomator2.server: hiddenapi: Accessing hidden method Landroid/view/DisplayAddress$Physical;->getPhysicalDisplayId()J (runtime_flags=0, domain=platform, api=blocked) from Lio/appium/uiautomator2/utils/ReflectionUtils; (domain=app, TargetSdkVersion=34) using reflection: allowed
03-13 00:15:42.659 14541 14541 W screencap: Thread Pool max thread count is 0. Cannot cache binder as linkToDeath cannot be implemented. serviceName: SurfaceFlingerAIDL
03-13 00:15:42.659 14541 14541 W BpBinder: Linking to death on android.gui.ISurfaceComposer but there are no threads (yet?) listening to incoming transactions. See ProcessState::startThreadPool and ProcessState::setThreadPoolMaxThreadCount. Generally you should setup the binder threadpool before other initialization steps.
03-13 00:15:42.660 14541 14541 W screencap: Thread Pool max thread count is 0. Cannot cache binder as linkToDeath cannot be implemented. serviceName: edmnativehelper
03-13 00:15:42.660  3003  3594 I EDMNativeHelperService: isScreenCaptureEnabled
03-13 00:15:42.660  3003  3594 D RestrictionPolicy: isScreenCaptureEnabled : ret=true userId=0
03-13 00:15:42.660 14541 14541 W ProcessState: Extra binder thread started, but 0 threads requested. Do not use *startThreadPool when zero threads are requested.
03-13 00:15:42.660 14541 14541 I SurfaceComposerClient: captureDisplay:Display-4630946564756762243
03-13 00:15:42.663  2105  2321 I SurfaceFlinger: Capture layer list: 	 crumbl.cookies/com.crumbl.ui.main.MainActivity$_13009#24338(seamlessTransition:0)
03-13 00:15:42.664  2105  2321 I SurfaceFlinger: Capture layer list: 	 StatusBar$_4205#132(seamlessTransition:0)
03-13 00:15:42.664  2105  2321 I SurfaceFlinger: Capture layer list: 	 com.sec.android.app.launcher/com.samsung.app.honeyspace.edge.edgepanel.app.CocktailBarService$_4832#24202(seamlessTransition:0)
03-13 00:15:42.664  2105  2321 I SurfaceFlinger: Capture layer list: 	 NavigationBar0$_4205#130(seamlessTransition:0)
03-13 00:15:42.664  2105  2321 E HwcComposer: getLuts failed Status(-129, EX_TRANSACTION_FAILED): 'UNKNOWN_TRANSACTION: '
03-13 00:15:42.665  2105  2342 D RenderEngine: [SEC_SF_EFFECTS] drawLayersInternal,1483, Rendering layer ScreenCaptureFillLayer at index 0
03-13 00:15:42.665  2105  2342 D RenderEngine: [SEC_SF_EFFECTS] drawLayersInternal,1483, Rendering layer crumbl.cookies/com.crumbl.ui.main.MainActivity$_13009#24338 at index 1
03-13 00:15:42.665  2105  2342 D RenderEngine: [SEC_SF_EFFECTS] drawLayersInternal,1483, Rendering layer StatusBar$_4205#132 at index 2
03-13 00:15:42.665  2105  2342 D RenderEngine: [SEC_SF_EFFECTS] drawLayersInternal,1483, Rendering layer com.sec.android.app.launcher/com.samsung.app.honeyspace.edge.edgepanel.app.CocktailBarService$_4832#24202 at index 3
03-13 00:15:42.665  2105  2342 D RenderEngine: [SEC_SF_EFFECTS] drawLayersInternal,1483, Rendering layer NavigationBar0$_4205#130 at index 4
03-13 00:15:42.719 14541 14546 I AdrenoUtils: <ReadGpuID:357>: Reading chip ID through GSL
03-13 00:15:42.721 14541 14541 W qdgralloc: Failed to load libubwcp.so
03-13 00:15:42.752  6380  6380 I SDHMS:LOAD: type: LoadsFreqs, value: 15:0:2:704255:902400:672000:739584:2707200:499200:231:231:231
03-13 00:15:42.776  3003  5506 I NSLocationMonitor: getGPSUsingApps() called
03-13 00:15:42.778  5490 20304 I NSLocationManager_FLP: getGPSUsingApps, No change
03-13 00:15:42.784  3003  5506 D FreecessHandler: freeze com.newsbreak.crimeradar(10466) result : 18
03-13 00:15:42.791  3003  3130 D PowerManagerService: UserActivityStateListenerState: 0
03-13 00:15:42.795 13009 13009 I VRI[MainActivity]@e1193a0: call setFrameRateCategory for touch hint category=no preference, reason=boost timeout, vri=VRI[MainActivity]@e1193a0
03-13 00:15:42.803  2105  2105 I SurfaceFlinger: [crumbl.cookies/com.crumbl.ui.main.MainActivity$_13009#24338] setFrameRateCategory: NoPreference
03-13 00:15:42.963 12944 12969 I appium  : AppiumResponse: {"sessionId":"7d9f0ff5-db96-4133-ad0e-0e03814f2cb8","value":"iVBORw0KGgoAAAANSUhEUgAABDgAAApQCAYAAABYiJrlAAAAAXNSR0IArs4c6QAAAARzQklUCAgICHwIZIgAACAASURBVHic7N1ndFvnnS76Z29UAiAJ9t6bRIqiumg1y7Yk2yruTuyxLTt2ymTKSfWZmcy5587KLWudO0lmMjmTyTiJ4zq2Y0suktUtqzeqUhJVWMTeO0CiY98PECFCAEmwAqCe31r8oI0N4MUGRGI/+33…
03-13 00:15:42.979  3003  6828 D CompatChangeReporter: Compat change id reported: 311208629; UID 10466; state: ENABLED
03-13 00:15:42.983  3003  6828 I ActivityManager: Changes in 99202 8 to 10, 128 to 0
03-13 00:15:42.983  3003  6828 I ActivityManager: Changes in 10466 8 to 10, 128 to 0
03-13 00:15:42.983  3003  6828 I ActivityManager: Changes in 10417 17 to 17, 128 to 0
03-13 00:15:42.984  2452  7951 I CameraService: onUidStateChanged: uid=10466, procState is changed. (8 -> 10)
03-13 00:15:42.987  2452  2747 I CameraService: onUidStateChanged: uid=10466, procState is changed. (10 -> 15)
03-13 00:15:43.027  3003  4086 D NetdEventListenerService: DNS Requested by 110, 10356(com.kohls.mcommerce.opal), 4(FAIL), isBlocked=true, 0ms
03-13 00:15:43.113  1171  1171 D io_stats: !@   8,0 r 2807936 93872848 w 2799488 66213484 d 280980 73787568 f 114814 299477 iot 1183836 0 th 0 0 0 pt 0 inp 0 0 44023.798
03-13 00:15:43.114  1171  1171 D io_stats: !@ Read_top(KB): com.adidas.app(15167) 252 .mcommerce.opal(29633) 100 ndroid.systemui(4205) 68
03-13 00:15:43.115  1171  1171 D io_stats: !@ Write_top(KB): kworker/u16:1(7904) 1988 .adservices.api(29997) 64 reak.crimeradar(13703) 52
03-13 00:15:43.513  2097  2125 E HeatmapThread: ECT Thread time in milliseconds: 1773375343
03-13 00:15:43.520  2097  2125 D HeatmapThread: !@ batteryplugType : 2
03-13 00:15:43.521  2097  2125 D HeatmapThread: !@ batteryLevel : 98  batteryTemperature : 315 
03-13 00:15:43.521  2097  2125 D HeatmapThread: !@ Heatmap currtime: 29556255
03-13 00:15:43.521  2097  2125 D HeatmapThread: !@ Heatmap prevtime: 29556252
03-13 00:15:43.522  2097  2125 D HeatmapThread: !@ Heatmap plugstarttime: 29556072
03-13 00:15:43.522  2097  2125 D HeatmapThread: !@ Heatmap prevv_dsoh_update_time: 29556252
03-13 00:15:43.522  2097  2125 E HeatmapThread: !@ CAM New BSOH: 100
03-13 00:15:43.522  2097  2125 E HeatmapThread: !@ CAM is Working
03-13 00:15:43.520  3003  3950 W DeviceStorageMonitorService: updateBroadcasts(/data) oldLevel:0, newLevel:0, seq:1
03-13 00:15:43.525  3003  3950 D DeviceStorageMonitorService: Available File Node Number is [12668451]
03-13 00:15:43.525  3003  3950 W DeviceStorageMonitorService: updateBroadcasts_filenode(/data) fn_oldLevel:0, fn_newLevel:0, seq:1
03-13 00:15:43.923 15873 15873 I VoiceInputManagerWrapper: VoiceInputManagerWrapper.shutdownVoiceInternal():148 shutdownVoiceInternal()
03-13 00:15:43.924 15873 15873 W NotificationCenter: NotificationCenter.unregisterListener():480 Listener iwn@e22776b was not registered for notification class owg
03-13 00:15:43.988  5490  5568 I RequestManager_FLP: onOpChanged, op=0 / packageName=com.newsbreak.crimeradar
03-13 00:15:43.989  5490  5568 I RequestManager_FLP: onOpChanged, op=0 / packageName=com.duckduckgo.mobile.android
03-13 00:15:44.335  2007 12483 I sensors-hal: handle_sns_std_sensor_event:409, [SSC_LIGHT] P: 3(3),c:191,b:27,m:13,cl:10,l:3,s:3,l0:1088,l1:0,s0:334,s1:0,acl:1,opr:0.92,f(r):97,u(bl):111,if:0,wi:0,si:3,po:123(N:0)
03-13 00:15:44.510  2097  2125 E HeatmapThread: ECT Thread time in milliseconds: 1773375344
03-13 00:15:44.518  2097  2125 D HeatmapThread: !@ batteryplugType : 2
03-13 00:15:44.518  2097  2125 D HeatmapThread: !@ batteryLevel : 98  batteryTemperature : 315 
03-13 00:15:44.518  2097  2125 D HeatmapThread: !@ Heatmap currtime: 29556255
03-13 00:15:44.518  2097  2125 D HeatmapThread: !@ Heatmap prevtime: 29556252
03-13 00:15:44.519  2097  2125 D HeatmapThread: !@ Heatmap plugstarttime: 29556072
03-13 00:15:44.519  2097  2125 D HeatmapThread: !@ Heatmap prevv_dsoh_update_time: 29556252
03-13 00:15:44.519  2097  2125 E HeatmapThread: !@ CAM New BSOH: 100
03-13 00:15:44.519  2097  2125 E HeatmapThread: !@ CAM is Working
03-13 00:15:44.611 12944 12966 I appium  : READER_IDLE: closing the channel
03-13 00:15:44.669 12944 12967 I appium  : READER_IDLE: closing the channel
03-13 00:15:44.669 12944 12968 I appium  : READER_IDLE: closing the channel
03-13 00:15:44.824  3003  3941 D InetDiagMessage: Destroyed 0 sockets, proto=IPPROTO_TCP, family=AF_INET, states=14
03-13 00:15:44.827  3003  3941 D InetDiagMessage: Destroyed 0 sockets, proto=IPPROTO_TCP, family=AF_INET6, states=14
03-13 00:15:44.827  3003  3941 D InetDiagMessage: Destroyed live tcp sockets for uids={10340} in 7ms
03-13 00:15:44.830  3003  3941 D InetDiagMessage: Destroyed 0 sockets, proto=IPPROTO_TCP, family=AF_INET, states=14
03-13 00:15:44.832  3003  3941 D InetDiagMessage: Destroyed 0 sockets, proto=IPPROTO_TCP, family=AF_INET6, states=14
03-13 00:15:44.833  3003  3941 D InetDiagMessage: Destroyed live tcp sockets for uids={20340} in 5ms
03-13 00:15:45.060  6203  6234 V ClearcutMetricXmitter: Transmission is done.
03-13 00:15:45.085  3003  4027 I SemWifiServiceDetector: Service det. suspended: T / T / 32187
03-13 00:15:45.116  1171  1171 D io_stats: !@   8,0 r 2807938 93872856 w 2799492 66213508 d 280980 73787568 f 114814 299478 iot 1183856 0 th 0 0 0 pt 0 inp 0 0 44025.801
03-13 00:15:45.142  3003  7743 D SemWifiUsabilityStatsMonitor: onWifiUsabilityStats - seqNum 10951, isSameBssidAndFreq true
03-13 00:15:45.144  3003  4030 D InsDataManager: onOutageCountUpdate() - Outage Data: 0, LQ : Y. Outage Triggered: false
03-13 00:15:45.144  3003  4030 D InsDataManager: Trying to save initial normal data.
03-13 00:15:45.145  3003  4030 D SensorCollector: syncMappedBuffers: 0, 0, 81
03-13 00:15:45.145  3003  4030 D InsDataManager: trimBuffers start.
03-13 00:15:45.145  3003  4030 D InsDataManager: trimBuffers - pathBuffer size: 78
03-13 00:15:45.146  3003  4047 D SGM:GameManager: identifyGamePackage. crumbl.cookies, mCurrentUserId: 0, callingMethodInfo: com.samsung.android.game.SemGameManager.isGamePackage(SemGameManager.java:106)
03-13 00:15:45.146  3003  4030 D InsDataManager: trimBuffers - nsmBuffer size: 25
03-13 00:15:45.146  3003  4030 D InsDataManager: Too short for collecting additional normal data
03-13 00:15:45.146  3003  4047 D SGM:SemGameManager: isGamePackage(), pkgName=crumbl.cookies, ret=false
03-13 00:15:45.147  3003  4030 D SemInsManager: {"bssid": "357184ff5785","rssi": -56.0,"latency": 0.0,"outage_count": 0,"lq_callback_triggered": true,"outage_log": "Unreliable statistics: -56.0 / 1 / 159 / 4 / 0 || 357184ff5785: 0.000 / 0.000 / @ || N N / 0 0 / Y 2.0 / Y X 0 / 44025827 0 || Invalid""Magnetic Sensor Events size": "0""Pressure Sensor Events size": "0"}
03-13 00:15:45.512  2097  2125 E HeatmapThread: ECT Thread time in milliseconds: 1773375345
03-13 00:15:45.518  2097  2125 D HeatmapThread: !@ batteryplugType : 2
03-13 00:15:45.518  2097  2125 D HeatmapThread: !@ batteryLevel : 98  batteryTemperature : 315 
03-13 00:15:45.519  2097  2125 D HeatmapThread: !@ Heatmap currtime: 29556255
03-13 00:15:45.519  2097  2125 D HeatmapThread: !@ Heatmap prevtime: 29556252
03-13 00:15:45.519  2097  2125 D HeatmapThread: !@ Heatmap plugstarttime: 29556072
03-13 00:15:45.519  2097  2125 D HeatmapThread: !@ Heatmap prevv_dsoh_update_time: 29556252
03-13 00:15:45.519  2097  2125 E HeatmapThread: !@ CAM New BSOH: 100
03-13 00:15:45.520  2097  2125 E HeatmapThread: !@ CAM is Working
03-13 00:15:45.585  1992  4981 V sec_audio_hw: sec_dev_get_parameters : g_hw_speaker_amp_temp_rcv
03-13 00:15:45.586  1992  4981 D AHAL: FM: fm_get_parameters: 299: enter
03-13 00:15:45.586  1992  4981 D AHAL: FM: fm_get_parameters: 306: exit
03-13 00:15:45.587  1992  4981 I PAL: ResourceManager: getActiveStream_l: 6180: no active streams found for device 3 ret -2
03-13 00:15:45.587  1992  4981 D AHAL: SecAudioDevice: SecGetParameters: 953: temperature for rcv = 0
03-13 00:15:45.588  2072  2993 I vendor.samsung.hardware.thermal-service: key: g_hw_speaker_amp_temp_rcv, value: 0
03-13 00:15:45.590  1992  4981 V sec_audio_hw: sec_dev_get_parameters : g_hw_speaker_amp_temp_spk
03-13 00:15:45.590  1992  4981 D AHAL: FM: fm_get_parameters: 299: enter
03-13 00:15:45.590  1992  4981 D AHAL: FM: fm_get_parameters: 306: exit
03-13 00:15:45.590  1992  4981 I PAL: ResourceManager: getActiveStream_l: 6180: no active streams found for device 3 ret -2
03-13 00:15:45.591  1992  4981 D AHAL: SecAudioDevice: SecGetParameters: 967: temperature for spk = 0
03-13 00:15:45.591  2072  2993 I vendor.samsung.hardware.thermal-service: key: g_hw_speaker_amp_temp_spk, value: 0
03-13 00:15:45.594  6380  7375 I SDHMS:x : SIOP:: AP:336 BAT:315 USB:288 CHG:337 PA:338 CP:334 WIFI:332 BLK:0 SUBBAT:293 LRPTHM:325 SKIN:328 SKINF:328 SKINB:319 LRP2:328 LRF2:328 LRB2:319 AP2:328 CHG2:327 MEM2:328 WIFI2:328 RCV2:328 SPK2:290 UPSPK:327 DNSPK:284 VAP:344 VWIFI:337 AMB2:262 AVGCUR:200 AVGSYS:326 POWER:867
03-13 00:15:45.774  3003  5506 I NSLocationMonitor: getGPSUsingApps() called
03-13 00:15:45.775  5490 20304 I NSLocationManager_FLP: getGPSUsingApps, No change
03-13 00:15:45.783  3003  5506 D FreecessHandler: freeze crumbl.cookies(10467) result : 12
03-13 00:15:46.420  2007 12483 I sensors-hal: get_flicker_als_data:183, [SSC_LIGHT] flicker lux: 0 (61, 3, dw: 0)
03-13 00:15:46.513  2097  2125 E HeatmapThread: ECT Thread time in milliseconds: 1773375346
03-13 00:15:46.521  2097  2125 D HeatmapThread: !@ batteryplugType : 2
03-13 00:15:46.521  2097  2125 D HeatmapThread: !@ batteryLevel : 98  batteryTemperature : 315 
03-13 00:15:46.521  2097  2125 D HeatmapThread: !@ Heatmap currtime: 29556255
03-13 00:15:46.521  2097  2125 D HeatmapThread: !@ Heatmap prevtime: 29556252
03-13 00:15:46.521  2097  2125 D HeatmapThread: !@ Heatmap plugstarttime: 29556072
03-13 00:15:46.521  2097  2125 D HeatmapThread: !@ Heatmap prevv_dsoh_update_time: 29556252
03-13 00:15:46.522  2097  2125 E HeatmapThread: !@ CAM New BSOH: 100
03-13 00:15:46.522  2097  2125 E HeatmapThread: !@ CAM is Working
03-13 00:15:46.576  2007 12483 I sensors-hal: handle_sns_std_sensor_event:409, [SSC_LIGHT] P: 1(1),c:191,b:27,m:13,cl:10,l:1,s:0,l0:960,l1:0,s0:74,s1:0,acl:1,opr:0.92,f(r):97,u(bl):111,if:0,wi:0,si:2,po:123(N:0)
03-13 00:15:46.899  2007 12483 I sensors-hal: get_flicker_als_data:183, [SSC_LIGHT] flicker lux: 0 (3, 1, dw: 0)
03-13 00:15:46.914  2007 12669 I sensors-hal: handle_sns_client_event:197, auto_rotation_debug_2 mode,255, type,1,0 acc,1.493,8.270,4.666, ar,0, h_ic,0,0, s,2, ver,14, pedo,1,e,1,i,3
03-13 00:15:47.001  2007 12669 I sensors-hal: handle_sns_client_event:94, folding_angle ts=202547566192659 ns value 161/0 (0/0/1/1 2.828/8.920/2.627 1.828/8.672/3.316 4 0)
03-13 00:15:47.001  2007  3645 I sensors-hal: handle_sns_client_event:182, lid_angle_fusion ts=202547566191877 ns value 3/161/3 161/3  -1/-1     0/    0/    0 (0/0/1/1 2.828/8.920/2.627 1.828/8.672/3.316 4)
03-13 00:15:47.040  2007 12669 I sensors-hal: handle_sns_client_event:94, folding_angle ts=202547606188127 ns value 147/0 (0/0/1/1 2.776/7.939/1.857 2.015/8.657/4.767 7 0)
03-13 00:15:47.040  2007  3645 I sensors-hal: handle_sns_client_event:182, lid_angle_fusion ts=202547606190732 ns value 2/147/3 147/3  -1/-1     0/    0/    0 (0/0/1/1 2.776/7.939/1.857 2.015/8.657/4.767 7)
03-13 00:15:47.041  2007  3645 I sensors-hal: handle_sns_client_event:206, lid_angle_fusion submit_sensors_hal_event 2/147/3 147/3
03-13 00:15:47.042  3003  3067 D InputManager: mFoldingAngleListener: state changed, angle = 147.0, state = 1
03-13 00:15:47.045  3003  3003 D DeviceStatePolicy: notifyDeviceStateChangedIfNeeded: newState=2, lastState=3, caller=com.android.server.policy.FlexibleDeviceStatePolicy.adjustState:57 com.android.server.policy.FlexibleDeviceStateProvider.notifyDeviceStateChangedIfNeeded:90 com.android.server.policy.FlexibleDeviceStateProvider.onSensorChanged:21 
03-13 00:15:47.045  3003  3003 D DeviceStateManagerService: onStateChanged identifier = 2
03-13 00:15:47.046  3003  3003 I DeviceStateManagerService: Cannot notify device state info change when pending state is present.
03-13 00:15:47.046  3003  3067 D DeviceStateManagerService: Committing state: DeviceState{identifier=2, name='HALF_OPENED', app_accessible=true, cancel_when_requester_not_on_top=false}
03-13 00:15:47.048  3003  3067 D DeviceStateManagerGlobal: handleDeviceStateInfoChanged state=DeviceState{identifier=2, name='HALF_OPENED', app_accessible=true, cancel_when_requester_not_on_top=false}, baseState=DeviceState{identifier=2, name='HALF_OPENED', app_accessible=true, cancel_when_requester_not_on_top=false}
03-13 00:15:47.049  3003  3003 I Telecom : SamsungFoldStateManagerAdapterImpl : DeviceStateCallback - onDeviceStateChanged : DeviceState{identifier=2, name='HALF_OPENED', app_accessible=true, cancel_when_requester_not_on_top=false}
03-13 00:15:47.050  3003  3647 I CameraService_worker: Fold state changed, DeviceState{identifier=2, name='HALF_OPENED', app_accessible=true, cancel_when_requester_not_on_top=false}
03-13 00:15:47.050  4205 25262 D DeviceStateManagerGlobal: handleDeviceStateInfoChanged state=DeviceState{identifier=2, name='HALF_OPENED', app_accessible=true, cancel_when_requester_not_on_top=false}, baseState=DeviceState{identifier=2, name='HALF_OPENED', app_accessible=true, cancel_when_requester_not_on_top=false}
03-13 00:15:47.051  4205  4205 D FlexPanelStartController: OnDeviceStateChanged: mIsTableMode=false, isTableMode=true
03-13 00:15:47.051  4205  4205 D FlexPanelStartController: onFoldStateTableModeChanged: isTableMode=true
03-13 00:15:47.052  4360  4360 I SprWallpaper|FoldInteractive: onDeviceStateChanged: newState[2]
03-13 00:15:47.052  6272  6411 D DeviceStateManagerGlobal: handleDeviceStateInfoChanged state=DeviceState{identifier=2, name='HALF_OPENED', app_accessible=true, cancel_when_requester_not_on_top=false}, baseState=DeviceState{identifier=2, name='HALF_OPENED', app_accessible=true, cancel_when_requester_not_on_top=false}
03-13 00:15:47.053  4832  3803 I HoneySpace.ExtraDisplaySource: onStateChanged, state = 2
03-13 00:15:47.053  5338  5338 I FoldStateManager: onTableModeChanged: true
03-13 00:15:47.053  5338  5338 I FoldStateManager: updateTableMode: isTableMode = true
03-13 00:15:47.053  4832  8831 I HoneySpace.ExtraDisplaySource: onStateChanged, state = 2
03-13 00:15:47.054  9007 32528 D DeviceStateManagerGlobal: handleDeviceStateInfoChanged state=DeviceState{identifier=2, name='HALF_OPENED', app_accessible=true, cancel_when_requester_not_on_top=false}, baseState=DeviceState{identifier=2, name='HALF_OPENED', app_accessible=true, cancel_when_requester_not_on_top=false}
03-13 00:15:47.055 22866 26418 D DeviceStateManagerGlobal: handleDeviceStateInfoChanged state=DeviceState{identifier=2, name='HALF_OPENED', app_accessible=true, cancel_when_requester_not_on_top=false}, baseState=DeviceState{identifier=2, name='HALF_OPENED', app_accessible=true, cancel_when_requester_not_on_top=false}
03-13 00:15:47.056 15167 13011 D DeviceStateManagerGlobal: handleDeviceStateInfoChanged state=DeviceState{identifier=2, name='HALF_OPENED', app_accessible=true, cancel_when_requester_not_on_top=false}, baseState=DeviceState{identifier=2, name='HALF_OPENED', app_accessible=true, cancel_when_requester_not_on_top=false}
03-13 00:15:47.056 17711 17711 I FoldStateManager: onTableModeChanged: true
03-13 00:15:47.056 17711 17711 I FoldStateManager: updateTableMode: isTableMode = true
03-13 00:15:47.056  3003  3647 V CameraService_worker: Same device state has coming. skip
03-13 00:15:47.057  3003  3067 D WindowManager: onStateChanged, state=2
03-13 00:15:47.058  3003  3067 I LogicalDisplayMapper: Requesting Transition to state: 2, from state=3, interactive=true, mBootCompleted=true, wakeDevice=false, sleepDevice=false
03-13 00:15:47.058  3003  3067 I LogicalDisplayMapper: Applying layout: [{dispId: 0(ON), displayGroupName: , addr: {port=131, model=0x40446d5d66246e}, mThermalBrightnessThrottlingMapId: null, mRefreshRateZoneId: null, mLeadDisplayId: -1, mLeadDisplayAddress: null, mThermalRefreshRateThrottlingMapId: null, mPowerThrottlingMapId: null}, {dispId: 1(OFF), displayGroupName: , addr: {port=132, model=0x40446d6e9178a2}, mThermalBrightnessThrottlingMapId: null, mRefreshRateZoneId: null, mLeadDisplayId: -1, mLeadDisplayAddress: null, mThermalRefreshRateThrottlingMapId: null, mPowerThrottlingMapId: null}], Previous layout: [{dispId: 0(ON), displayGroupName: , addr: {port=131, model=0x40446d5d66246e}, mThermalBrightnessThrottlingMapId: null, mRefreshRateZoneId: null, mLeadDisplayId: -1, mLeadDisplayAddress: null, mThermalRefreshRateThrottlingMapId: null, mPowerThrottlingMapId: null}, {dispId: 1(OFF), displayGroupName: , addr: {port=132, model=0x40446d6e9178a2}, mThermalBrightnessThrottlingMapId: null, mRefreshRateZoneId: null, mLeadDisplayId: -1, mLeadDisplayAddress: null, mThermalRefreshRateThrottlingMapId: null, mPowerThrottlingMapId: null}]
03-13 00:15:47.058  3003  3067 D LogicalDisplayMapper: applyLayoutLocked[0], oldDisplay=0, newDisplay=0, displayLayout={dispId: 0(ON), displayGroupName: , addr: {port=131, model=0x40446d5d66246e}, mThermalBrightnessThrottlingMapId: null, mRefreshRateZoneId: null, mLeadDisplayId: -1, mLeadDisplayAddress: null, mThermalRefreshRateThrottlingMapId: null, mPowerThrottlingMapId: null}
03-13 00:15:47.058  3003  3067 D LogicalDisplayMapper: applyLayoutLocked[1], oldDisplay=1, newDisplay=1, displayLayout={dispId: 1(OFF), displayGroupName: , addr: {port=132, model=0x40446d6e9178a2}, mThermalBrightnessThrottlingMapId: null, mRefreshRateZoneId: null, mLeadDisplayId: -1, mLeadDisplayAddress: null, mThermalRefreshRateThrottlingMapId: null, mPowerThrottlingMapId: null}
03-13 00:15:47.058  4832  3803 I HoneySpace.ExtraDisplaySource: ExtraDisplayInfo(rotation=0, displayId=1, displaySize=Point(748, 720), displayCutout=DisplayCutout{insets=Rect(0, 0 - 0, 66) waterfall=Insets{left=0, top=0, right=0, bottom=0} boundingRect={Bounds=[Rect(0, 0 - 0, 0), Rect(0, 0 - 0, 0), Rect(0, 0 - 0, 0), Rect(379, 654 - 748, 720)]} cutoutPathParserInfo={CutoutPathParserInfo{displayWidth=748 displayHeight=720 physicalDisplayWidth=748 physicalDisplayHeight=720 density={2.125} cutoutSpec={@bottom @right M 0,0 H -173.6470588235294 V -31.05882352941176 H 0 V 0 Z @dp} rotation={0} scale={1.0} physicalPixelDisplaySizeRatio={1.0}}} sideOverrides={}}, foldState=2)
03-13 00:15:47.058  3003  3067 D VibratorManagerService: onTableModeChanged. isTableMode=true
03-13 00:15:47.058  4832  3803 I HoneySpace.DeviceStateUseCase: changed: THREE_BUTTON, 144, true, false, DisplayInfo(rotation=0, displayId=0, displaySize=Point(1080, 2640), displayCutout=DisplayCutout{insets=Rect(0, 94 - 0, 0) waterfall=Insets{left=0, top=0, right=0, bottom=0} boundingRect={Bounds=[Rect(0, 0 - 0, 0), Rect(505, 0 - 576, 94), Rect(0, 0 - 0, 0), Rect(0, 0 - 0, 0)]} cutoutPathParserInfo={CutoutPathParserInfo{displayWidth=1080 displayHeight=2640 physicalDisplayWidth=1080 physicalDisplayHeight=2640 density={3.0} cutoutSpec={M 0,0 H -11.83333333333333 V 31.33333333333333 H 11.83333333333333 V 0 H 0 Z @dp} rotation={0} scale={1.0} physicalPixelDisplaySizeRatio={1.0}}} sideOverrides={}}, isNavCanMove=true, isTablet=false), ExtraDisplayInfo(rotation=0, displayId=1, displaySize=Point(748, 720), displayCutout=DisplayCutout{insets=Rect(0, 0 - 0, 66) waterfall=Insets{left=0, top=0, right=0, bottom=0} boundingRect={Bounds=[Rect(0, 0 - 0, 0), Rect(0, 0 - 0, 0), Rect(0, 0 - 0, 0), Rect(379, 654 - 748, 720)]} cutoutPathParserInfo={CutoutPathParserInfo{displayWidth=748 displayHeight=720 physicalDisplayWidth=748 physicalDisplayHeight=720 density={2.125} cutoutSpec={@bottom @right M 0,0 H -173.6470588235294 V -31.05882352941176 H 0 V 0 Z @dp} rotation={0} scale={1.0} physicalPixelDisplaySizeRatio={1.0}}} sideOverrides={}}, foldState=2), false
03-13 00:15:47.058  4184  5203 D DeviceStateManagerGlobal: handleDeviceStateInfoChanged state=DeviceState{identifier=2, name='HALF_OPENED', app_accessible=true, cancel_when_requester_not_on_top=false}, baseState=DeviceState{identifier=2, name='HALF_OPENED', app_accessible=true, cancel_when_requester_not_on_top=false}
03-13 00:15:47.060  4832  8831 I HoneySpace.ExtraDisplaySource: ExtraDisplayInfo(rotation=0, displayId=1, displaySize=Point(748, 720), displayCutout=DisplayCutout{insets=Rect(0, 0 - 0, 66) waterfall=Insets{left=0, top=0, right=0, bottom=0} boundingRect={Bounds=[Rect(0, 0 - 0, 0), Rect(0, 0 - 0, 0), Rect(0, 0 - 0, 0), Rect(379, 654 - 748, 720)]} cutoutPathParserInfo={CutoutPathParserInfo{displayWidth=748 displayHeight=720 physicalDisplayWidth=748 physicalDisplayHeight=720 density={2.125} cutoutSpec={@bottom @right M 0,0 H -173.6470588235294 V -31.05882352941176 H 0 V 0 Z @dp} rotation={0} scale={1.0} physicalPixelDisplaySizeRatio={1.0}}} sideOverrides={}}, foldState=2)
03-13 00:15:47.060  4832  4896 I HoneySpace.TopTaskSource: FoldState updated(2). updateRunningTasks
03-13 00:15:47.062  4205  4205 I KeyguardUpdateMonitor: onTableModeChanged. mIsTableMode = false, isTableMode = true
03-13 00:15:47.062  4205  4205 I SubScreenManager:  onDeviceStateChanged DeviceState{identifier=2, name='HALF_OPENED', app_accessible=true, cancel_when_requester_not_on_top=false}
03-13 00:15:47.062  4205  4205 I SubScreenManager: onDeviceStateChanged() 
03-13 00:15:47.062  4205  4205 I SubLauncher:SubLauncherStateManager@232606011: setTentMode: 3 -> 2 
03-13 00:15:47.062  4205  4205 I FoldStateManager: onTableModeChanged: true
03-13 00:15:47.062  4205  4205 I FoldStateManager: updateTableMode: isTableMode = true
03-13 00:15:47.081  2007 12669 I sensors-hal: handle_sns_client_event:94, folding_angle ts=202547646188440 ns value 132/0 (0/0/1/1 3.498/7.485/0.718 2.560/8.083/5.676 9 0)
03-13 00:15:47.081  2007  3645 I sensors-hal: handle_sns_client_event:182, lid_angle_fusion ts=202547646191044 ns value 2/132/3 132/3  -1/-1     0/    0/    0 (0/0/1/1 3.498/7.485/0.718 2.560/8.083/5.676 9)
03-13 00:15:47.117  1171  1171 D io_stats: !@   8,0 r 2807938 93872856 w 2799493 66213512 d 280980 73787568 f 114814 299478 iot 1183864 0 th 0 0 0 pt 0 inp 0 0 44027.802
03-13 00:15:47.118  1171  1171 D io_stats: !@ Read_top(KB): chbox:assistant(6203) 8
03-13 00:15:47.118  1171  1171 D io_stats: !@ Write_top(KB): system_server(3003) 20 sung.android.ce(32228) 4 .adservices.api(29997) 4
03-13 00:15:47.121  2007 12669 I sensors-hal: handle_sns_client_event:94, folding_angle ts=202547686184013 ns value 103/0 (0/0/1/1 2.465/7.892/-1.378 1.570/6.724/7.810 11 0)
03-13 00:15:47.121  2007  3645 I sensors-hal: handle_sns_client_event:182, lid_angle_fusion ts=202547686186617 ns value 2/103/3 103/3  -1/-1     0/    0/    0 (0/0/1/1 2.465/7.892/-1.378 1.570/6.724/7.810 11)
03-13 00:15:47.159  4832  8831 I HoneySpace.DeviceStateUseCase: update: DeviceState(naviMode=THREE_BUTTON, navigationBarHeight=144, hint=true, transparentHint=false, rotation=0, displayId=0, displaySize=Point(1080, 2640), displayCutout=DisplayCutout{insets=Rect(0, 94 - 0, 0) waterfall=Insets{left=0, top=0, right=0, bottom=0} boundingRect={Bounds=[Rect(0, 0 - 0, 0), Rect(505, 0 - 576, 94), Rect(0, 0 - 0, 0), Rect(0, 0 - 0, 0)]} cutoutPathParserInfo={CutoutPathParserInfo{displayWidth=1080 displayHeight=2640 physicalDisplayWidth=1080 physicalDisplayHeight=2640 density={3.0} cutoutSpec={M 0,0 H -11.83333333333333 V 31.33333333333333 H 11.83333333333333 V 0 H 0 Z @dp} rotation={0} scale={1.0} physicalPixelDisplaySizeRatio={1.0}}} sideOverrides={}}, isNavCanMove=true, isTablet=false, extraDisplayInfo=ExtraDisplayInfo(rotation=0, displayId=1, displaySize=Point(748, 720), displayCutout=DisplayCutout{insets=Rect(0, 0 - 0, 66) waterfall=Insets{left=0, top=0, right=0, bottom=0} boundingRect={Bounds=[Rect(0, 0 - 0, 0), Rect(0, 0 - 0, 0), Rect(0, 0 - 0, 0), Rect(379, 654 - 748, 720)]} cutoutPathParserInfo={CutoutPathParserInfo{displayWidth=748 displayHeight=720 physicalDisplayWidth=748 physicalDisplayHeight=720 density={2.125} cutoutSpec={@bottom @right M 0,0 H -173.6470588235294 V -31.05882352941176 H 0 V 0 Z @dp} rotation={0} scale={1.0} physicalPixelDisplaySizeRatio={1.0}}} sideOverrides={}}, foldState=2), enableOverlayWindow=false)
03-13 00:15:47.160  4832  4832 I HoneySpace.GestureInputHandler: deviceState changed DeviceState(naviMode=THREE_BUTTON, navigationBarHeight=144, hint=true, transparentHint=false, rotation=0, displayId=0, displaySize=Point(1080, 2640), displayCutout=DisplayCutout{insets=Rect(0, 94 - 0, 0) waterfall=Insets{left=0, top=0, right=0, bottom=0} boundingRect={Bounds=[Rect(0, 0 - 0, 0), Rect(505, 0 - 576, 94), Rect(0, 0 - 0, 0), Rect(0, 0 - 0, 0)]} cutoutPathParserInfo={CutoutPathParserInfo{displayWidth=1080 displayHeight=2640 physicalDisplayWidth=1080 physicalDisplayHeight=2640 density={3.0} cutoutSpec={M 0,0 H -11.83333333333333 V 31.33333333333333 H 11.83333333333333 V 0 H 0 Z @dp} rotation={0} scale={1.0} physicalPixelDisplaySizeRatio={1.0}}} sideOverrides={}}, isNavCanMove=true, isTablet=false, extraDisplayInfo=ExtraDisplayInfo(rotation=0, displayId=1, displaySize=Point(748, 720), displayCutout=DisplayCutout{insets=Rect(0, 0 - 0, 66) waterfall=Insets{left=0, top=0, right=0, bottom=0} boundingRect={Bounds=[Rect(0, 0 - 0, 0), Rect(0, 0 - 0, 0), Rect(0, 0 - 0, 0), Rect(379, 654 - 748, 720)]} cutoutPathParserInfo={CutoutPathParserInfo{displayWidth=748 displayHeight=720 physicalDisplayWidth=748 physicalDisplayHeight=720 density={2.125} cutoutSpec={@bottom @right M 0,0 H -173.6470588235294 V -31.05882352941176 H 0 V 0 Z @dp} rotation={0} scale={1.0} physicalPixelDisplaySizeRatio={1.0}}} sideOverrides={}}, foldState=2), enableOverlayWindow=false)
03-13 00:15:47.160  4832  4832 I HoneySpace.RegionManagerImpl: changeTouchRegion() called with: com.honeyspace.gesture.region.NoGestureTouchRegion@a533532 to DeviceState(naviMode=THREE_BUTTON, navigationBarHeight=144, hint=true, transparentHint=false, rotation=0, displayId=0, displaySize=Point(1080, 2640), displayCutout=DisplayCutout{insets=Rect(0, 94 - 0, 0) waterfall=Insets{left=0, top=0, right=0, bottom=0} boundingRect={Bounds=[Rect(0, 0 - 0, 0), Rect(505, 0 - 576, 94), Rect(0, 0 - 0, 0), Rect(0, 0 - 0, 0)]} cutoutPathParserInfo={CutoutPathParserInfo{displayWidth=1080 displayHeight=2640 physicalDisplayWidth=1080 physicalDisplayHeight=2640 density={3.0} cutoutSpec={M 0,0 H -11.83333333333333 V 31.33333333333333 H 11.83333333333333 V 0 H 0 Z @dp} rotation={0} scale={1.0} physicalPixelDisplaySizeRatio={1.0}}} sideOverrides={}}, isNavCanMove=true, isTablet=false, extraDisplayInfo=ExtraDisplayInfo(rotation=0, displayId=1, displaySize=Point(748, 720), displayCutout=DisplayCutout{insets=Rect(0, 0 - 0, 66) waterfall=Insets{left=0, top=0, right=0, bottom=0} boundingRect={Bounds=[Rect(0, 0 - 0, 0), Rect(0, 0 - 0, 0), Rect(0, 0 - 0, 0), Rect(379, 654 - 748, 720)]} cutoutPathParserInfo={CutoutPathParserInfo{displayWidth=748 displayHeight=720 physicalDisplayWidth=748 physicalDisplayHeight=720 density={2.125} cutoutSpec={@bottom @right M 0,0 H -173.6470588235294 V -31.05882352941176 H 0 V 0 Z @dp} rotation={0} scale={1.0} physicalPixelDisplaySizeRatio={1.0}}} sideOverrides={}}, foldState=2), enableOverlayWindow=false)
03-13 00:15:47.161  2007  3645 I sensors-hal: handle_sns_client_event:182, lid_angle_fusion ts=202547726187659 ns value 2/ 86/3  86/3  -1/-1     0/    0/    0 (0/0/1/1 -0.057/8.676/-5.446 0.182/4.795/8.887 14)
03-13 00:15:47.161  2007 12669 I sensors-hal: handle_sns_client_event:94, folding_angle ts=202547726184273 ns value  86/0 (0/0/1/1 -0.057/8.676/-5.446 0.182/4.795/8.887 14 0)
03-13 00:15:47.161  3003  4748 D TspStateManager: holeName: HomeGesture, direction: 0, startY: 0, endY: 0
03-13 00:15:47.162  4832  4832 I DeadZoneHole: resetDeadZoneHole
03-13 00:15:47.162  4832  4832 I HoneySpace.RegionManagerImpl: resetSwipeRegion. RectF(0.0, 0.0, 0.0, 0.0), RectF(0.0, 0.0, 0.0, 0.0)
03-13 00:15:47.201  2007 12669 I sensors-hal: handle_sns_client_event:94, folding_angle ts=202547766187138 ns value  74/0 (0/0/1/1 -2.187/7.006/-7.504 -1.373/3.800/8.236 16 0)
03-13 00:15:47.201  2007  3645 I sensors-hal: handle_sns_client_event:182, lid_angle_fusion ts=202547766186877 ns value 2/ 74/3  74/3  -1/-1     0/    0/    0 (0/0/1/1 -2.187/7.006/-7.504 -1.373/3.800/8.236 16)
03-13 00:15:47.241  2007  3645 I sensors-hal: handle_sns_client_event:182, lid_angle_fusion ts=202547806188180 ns value 1/ 61/3  61/3  -1/-1     0/    0/    0 (0/0/1/1 -2.340/5.666/-8.116 -1.283/3.403/8.394 18)
03-13 00:15:47.241  2007  3645 I sensors-hal: handle_sns_client_event:206, lid_angle_fusion submit_sensors_hal_event 1/ 61/3  61/3
03-13 00:15:47.241  2007 12669 I sensors-hal: handle_sns_client_event:94, folding_angle ts=202547806187138 ns value  61/0 (0/0/1/1 -2.340/5.666/-8.116 -1.283/3.403/8.394 18 0)
03-13 00:15:47.244  3003  3003 D DeviceStatePolicy: notifyDeviceStateChangedIfNeeded: newState=1, lastState=2, caller=com.android.server.policy.FlexibleDeviceStatePolicy.adjustState:57 com.android.server.policy.FlexibleDeviceStateProvider.notifyDeviceStateChangedIfNeeded:90 com.android.server.policy.FlexibleDeviceStateProvider.onSensorChanged:21 
03-13 00:15:47.244  3003  3003 D SemInputDeviceManager: setProperty: TSP_SUB(2) CMD,ALWAYS_LOW_POWER_MODE,1
03-13 00:15:47.245  3003  3993 D SemInputDevice:TSP_SUB: SetPropertyTask: CMD,set_always_lpm,1 [03-13 00:15:47.244]
03-13 00:15:47.247  2071  2128 I sysinput:aidl: onReportInformation:93, 2, cmd@set_always_lpm,1:0
03-13 00:15:47.248  3003  3993 D SysinputHAL_AIDL: setProperty(TSP_SUB(2)): CMD, set_always_lpm,1 ret=0
03-13 00:15:47.248  2071  2128 I sysinput:Touch2: operator():237, OK
03-13 00:15:47.321  2007 12669 I sensors-hal: handle_sns_client_event:94, folding_angle ts=202547886184794 ns value  49/0 (0/0/1/1 -1.560/3.403/-8.557 -1.278/4.149/9.485 23 0)
03-13 00:15:47.321  2007  3645 I sensors-hal: handle_sns_client_event:182, lid_angle_fusion ts=202547886178284 ns value 1/ 49/3  49/3  -1/-1     0/    0/    0 (0/0/1/1 -1.560/3.403/-8.557 -1.278/4.149/9.485 23)
03-13 00:15:47.356  2007 12669 I sensors-hal: handle_sns_client_event:159, auto_rotation_event_2 event,255, duration,242, ts,202547922092034, ts_diff,530358
03-13 00:15:47.357  2007 12669 I sensors-hal: handle_sns_client_event:170, auto_rotation_debug_2 acc,-0.440,3.790,-11.122, ar,0, h_ic,0,0, s,2, ver,14, pedo,1,e,1,i,3
03-13 00:15:47.357  3003  3003 D WindowOrientationListener: onSensorChanged device orientation: -1
03-13 00:15:47.358  3003  3003 I WindowManager: getCoverScreenRotation 0, sensor= 0, isFlat=false, isDual=false
03-13 00:15:47.359  3003  3003 V WindowManager: Computed rotation=ROTATION_0 (0) for display id=1 based on lastOrientation=SCREEN_ORIENTATION_NOSENSOR (5) and oldRotation=ROTATION_0 (0), caller=com.android.server.wm.WindowManagerService.updateRotationUnchecked:72 com.android.server.wm.DisplayRotation$OrientationListener.onProposedRotationChanged:335 com.android.server.wm.WindowOrientationListener$OrientationSensorJudge.finalizeRotation:26 com.android.server.wm.WindowOrientationListener$OrientationSensorJudge.onSensorChanged:401 android.hardware.SystemSensorManager$SensorEventQueue.dispatchSensorEvent:1142 android.os.MessageQueue.nativePollOnce:-2 
03-13 00:15:47.359  4205  4205 D AppController: AppControlSensorListener.onSensorChanged, Rotation: -1
03-13 00:15:47.359  3003  3003 V WindowManager: Computed rotation=ROTATION_0 (0) for display id=0 based on lastOrientation=SCREEN_ORIENTATION_SENSOR_PORTRAIT (7) and oldRotation=ROTATION_0 (0), caller=com.android.server.wm.WindowManagerService.updateRotationUnchecked:72 com.android.server.wm.DisplayRotation$OrientationListener.onProposedRotationChanged:335 com.android.server.wm.WindowOrientationListener$OrientationSensorJudge.finalizeRotation:26 com.android.server.wm.WindowOrientationListener$OrientationSensorJudge.onSensorChanged:401 android.hardware.SystemSensorManager$SensorEventQueue.dispatchSensorEvent:1142 android.os.MessageQueue.nativePollOnce:-2 
03-13 00:15:47.463  4205  4205 D FlexPanelStartController: setExpandButton
03-13 00:15:47.468  4205  4205 D NavigationBarControllerImpl: setNavigationBarShortcut requestClass : com.android.wm.shell.controlpanel.activity.FlexPanelActivity, remoteViews : android.widget.RemoteViews@3c99492, position : 0, priority : 11
03-13 00:15:47.468  4205  4205 D RemoteViewPack: OnSetRemoteView RemoteViewShortcut(requestClass=com.android.wm.shell.controlpanel.activity.FlexPanelActivity, remoteViews=android.widget.RemoteViews@3c99492, position=0, priority=11)
03-13 00:15:47.473  4205  4205 D NavBarStateManager: NavBarStates(0) isGameMode: false
03-13 00:15:47.480  4205  4205 D NavBarStateManager: NavBarStates(0) canUseNavBarBackgroundFrame: false
03-13 00:15:47.481  2105  2321 I VSyncReactor: Current= 120, Period= 120, Distance= 0
03-13 00:15:47.488  2105  2105 D DisplayModeController: setDesiredMode 4630946564756762243 {mode={fps=60.00 Hz, modePtr={id=2, vsyncRate=60.00 Hz, peakRefreshRate=60.00 Hz}}, emitEvent=true, force=false}
03-13 00:15:47.488  2105  2105 I LayerHistory: NavigationBar0$_4205#130 Max (can't resolve refresh rate)
03-13 00:15:47.488  2105  2105 I SurfaceFlinger: Weight ignores NavigationBar0$_4205#130 (type=Max, weight=0.05, seamlessness=Default) 0.00 Hz's 120.00 Hz
03-13 00:15:47.488  2105  2105 I SurfaceFlinger: scored - choose 60.00 Hz
03-13 00:15:47.489  2105  2105 I HWComposer: [4630946564756762243] ActiveConfigToHWC, ID : 2
03-13 00:15:47.489  2105  2321 I VSyncReactor: Current= 120, Period= 60, hwcPeriod= 60
03-13 00:15:47.490  2040  2040 I SDM     : HWDeviceDRM::SetDisplaySwitchMode: [DispConfigs] check hs_mode 3
03-13 00:15:47.490  2040  2040 W SDM     : HWDeviceDRM::GetSupportedBitClkRate: Requested rate not supported: 954000000
03-13 00:15:47.490  2040  2040 W SDM     : HWDeviceDRM::GetSupportedBitClkRate: Requested rate not supported: 954000000
03-13 00:15:47.490  2040  2040 I SDM     : HWDeviceDRM::SetDisplaySwitchMode: [DispConfigs] Set mode index:3 1080x2640x60xcmdPHS, hs_mode(3), found_mode(1)
03-13 00:15:47.490  2040  2040 I SDM     : HWDeviceDRM::UpdateMixerAttributes: Mixer WxH 1080x2640-1 for Peripheral
03-13 00:15:47.491  2040  2040 I SDM     : HWCDisplay::SubmitDisplayConfig: Active configuration changed from config 0 to 2
03-13 00:15:47.493  2105  2105 I SurfaceFlinger: finalizeDisplayModeChange 4630946564756762243
03-13 00:15:47.495  3003  3067 D LocalDisplayAdapter: updateActiveModeLocked for d=4630946564756762243, mActiveModeId=3, mActiveSfDisplayMode=DisplayMode{id=2, width=1080, height=2640, xDpi=428.625, yDpi=424.405, peakRefreshRate=60.000004, vsyncRate=60.000004, appVsyncOffsetNanos=16666666, presentationDeadlineNanos=17666666, supportedHdrTypes=[4, 2, 3], group=1080}
03-13 00:15:47.496  3003  3067 I DisplayDeviceRepository: Display device changed render timings: "Built-in Screen", renderFrameRate=60.000004, presentationDeadlineNanos=17666666, appVsyncOffsetNanos=16666666, frameRateOverrides=[]
03-13 00:15:47.496  3003  3065 D WindowManager: DeferredDisplayUpdater: partially applying DisplayInfo(1080 x 2640) immediately
03-13 00:15:47.498  2105  2321 I VSyncReactor: Current= 60, Period= 60, Distance= 60
03-13 00:15:47.499  3003  3065 D SurfaceComposerClient: setCornerRadius ## 2f86936 crumbl.cookies/com.crumbl.ui.main.MainActivity#24240 cornerRadius=0.000000
03-13 00:15:47.500  3003  3003 D SGM:GameManager: onDisplayChanged. displyId: 0, state: 2
03-13 00:15:47.500  3003  3003 D AODManagerService: requestReCalToTSP IsSingleTouchMode = falserequestedReCalToTSP = false / previousDisplayState = ON
03-13 00:15:47.500  2094 18847 D AudioFlinger: setParameters: filtered dev setParameters keyvalue screen_state=on
03-13 00:15:47.501  3003  3687 D SGM:FgCheckThread: onLooperPrepared(), msg: MSG_LCD_ON
03-13 00:15:47.501  3003  5976 D LiftUpHandler: [LTW] Stopped already.
03-13 00:15:47.502  3003  3594 D WifiDisplayAdapter: isFitToActiveDisplayLocked : false
03-13 00:15:47.502  4205  4362 D StackScroller: onDisplayChanged for predraw skip to 2
03-13 00:15:47.503  4832  3803 I HoneySpace.Memory-Monitor: current state = 2, didTrim = false
03-13 00:15:47.504  4832  3803 I HoneySpace.RefreshRateSource: singleFrameMs 16
03-13 00:15:47.504  4205  4205 D DisplayLifecycle: updateDisplay id = 0
03-13 00:15:47.504  1992  4981 D AHAL: AudioDevice: SetParameters: 1865: enter
03-13 00:15:47.504  1992  4981 D AHAL: AudioVoice: VoiceSetParameters: 200: Enter
03-13 00:15:47.504  1992  4981 D AHAL: AudioVoice: VoiceSetParameters: 479: Exit ret: 0
03-13 00:15:47.504  1992  4981 D AHAL: hfp: hfp_set_parameters: 444: enter
03-13 00:15:47.504  1992  4981 D AHAL: AudioDevice: SetParameters: 1945:  - screen = on
03-13 00:15:47.504  1992  4981 I PAL: ResourceManager: setParameter: 10683: Screen State:1
03-13 00:15:47.504  1992  4981 D AHAL: AudioDevice: SetParameters: 2798: exit: screen_state=on
03-13 00:15:47.510  2097  2125 E HeatmapThread: ECT Thread time in milliseconds: 1773375347
03-13 00:15:47.513  2097  2125 D HeatmapThread: !@ batteryplugType : 2
03-13 00:15:47.514  2097  2125 D HeatmapThread: !@ batteryLevel : 98  batteryTemperature : 315 
03-13 00:15:47.514  2097  2125 D HeatmapThread: !@ Heatmap currtime: 29556255
03-13 00:15:47.514  2097  2125 D HeatmapThread: !@ Heatmap prevtime: 29556252
03-13 00:15:47.514  2097  2125 D HeatmapThread: !@ Heatmap plugstarttime: 29556072
03-13 00:15:47.514  2097  2125 D HeatmapThread: !@ Heatmap prevv_dsoh_update_time: 29556252
03-13 00:15:47.514  2097  2125 E HeatmapThread: !@ CAM New BSOH: 100
03-13 00:15:47.514  2097  2125 E HeatmapThread: !@ CAM is Working
03-13 00:15:47.535  2007 12483 I sensors-hal: handle_sns_std_sensor_event:409, [SSC_LIGHT] P: 11(11),c:191,b:27,m:13,cl:10,l:12,s:11,l0:1840,l1:0,s0:948,s1:0,acl:1,opr:0.92,f(r):97,u(bl):111,if:0,wi:0,si:1,po:123(N:0)
03-13 00:15:47.561  2007 12669 I sensors-hal: handle_sns_client_event:94, folding_angle ts=202548126179690 ns value  30/0 (0/0/1/1 -0.311/2.087/-8.633 -0.115/4.097/10.045 4 0)
03-13 00:15:47.561  2007  3645 I sensors-hal: handle_sns_client_event:182, lid_angle_fusion ts=202548126180211 ns value 1/ 30/3  30/3  -1/-1     0/    0/    0 (0/0/1/1 -0.311/2.087/-8.633 -0.115/4.097/10.045 4)
