03-12 23:56:29.498  4205  4205 D LayoutProviderContainerImpl: getCoverDisplayContext, cover display=Display id 1: DisplayInfo{"Built-in Screen", displayId 1, displayGroupId 0, FLAG_SECURE, FLAG_SUPPORTS_PROTECTED_BUFFERS, FLAG_PRESENTATION, FLAG_CAN_SHOW_WITH_INSECURE_KEYGUARD, FLAG_SHOULD_SHOW_SYSTEM_DECORATIONS, FLAG_TRUSTED, FLAG_ALLOWS_CONTENT_MODE_SWITCH, real 748 x 720, largest app 748 x 748, smallest app 654 x 654, appVsyncOff 16666666, presDeadline 17666666, mode 8, renderFrameRate 60.000004, hasArrSupport false, frameRateCategoryRate FrameRateCategoryRate {normal=60.0, high=90.0}, supportedRefreshRates [60.000004], defaultMode 8, REFRESH_RATE_MODE_SEAMLESS, userPreferredModeId -1, supportedModes [{id=8, width=748, height=720, fps=60.000004, vsync=60.000004, synthetic=false, alternativeRefreshRates=[], supportedHdrTypes=[2, 3, 4]}], appsSupportedModes [{id=8, width=748, height=720, fps=60.000004, vsync=60.000004, synthetic=false, alternativeRefreshRates=[], supportedHdrTypes=[2, 3, 4]}], hdrCapabilities HdrCapabilities{mSupportedHdrTypes=[2, 3, 4], mMaxLuminance=450.0, mMaxAverageLuminance=225.00024, mMinLuminance=5.0E-4}, isForceSdr false, userDisabledHdrTypes [], minimalPostProcessingSupported false, rotation 0, state OFF, committedState OFF}, DisplayMetrics{density=2.125, width=748, height=654, scaledDensity=2.125, xdpi=306.438, ydpi=309.966}, isValid=true
03-12 23:56:29.498 29180 29180 I HBD     : a [UpdatePolicy] [post] a: 17 cl: 65537 kit: [0/0] vt: 0 ir: 1 
03-12 23:56:29.498 29180 29180 I HBD     : b isFlipCoverDisplayMode - true 
03-12 23:56:29.498 29180 29180 I HBD     : DeX h DeX mode state change in non-main thread 
03-12 23:56:29.498 29180 29180 I HBD     : DeX h DeX mode state change: 3 
03-12 23:56:29.499 29180 12526 I HBD     : h Write selected lang for DE  
03-12 23:56:29.499 29180 12526 I HBD     : h writeToFile path : /data/user_de/0/com.samsung.android.honeyboard/files/fold_selected.json 
03-12 23:56:29.499 29180 12526 I HBD     : h writeToFile json : {"version":"4.2","currentLanguageOrder":0,"front_selected":[{"activeOptionList":["auto_replace","auto_spacing","writing_assistant","prediction"],"bilingualId":-1,"engName":"English","id":65537,"inputType":"qwerty","isUsed":true}]} 
03-12 23:56:29.499  1274  2375 I sscrpcd : vendor/qcom/proprietary/adsprpc/src/apps_std_imp.c:1012: Successfully opened file /mnt/vendor/persist/sensors/registry/fstempfile
03-12 23:56:29.499  3003  4966 D KNOX_MDM_SettingsProvider: isChangeAllowed() : name = enabled_input_methods
03-12 23:56:29.499  3003  4966 D KNOX_MDM_SettingsProvider: edmUri: content://com.sec.knox.provider/RestrictionPolicy3
03-12 23:56:29.499  3003  4966 D KNOX_MDM_SettingsProvider: projectionArgs: isSettingsChangesAllowed
03-12 23:56:29.499  3003  4966 D KNOX_MDM_SettingsProvider: selectionArgs: false
03-12 23:56:29.499  3003  4966 D KNOX_MDM_SettingsProvider: selectionArgs: 10202
03-12 23:56:29.499  3003  4966 D SecContentProvider: query(), uri = 17 selection = isSettingsChangesAllowed
03-12 23:56:29.499  3003  4966 D SecContentProvider: called from android.uid.honeyboard:10202
03-12 23:56:29.499  3003  4966 D RestrictionPolicy: isSettingsChangesAllowedAsUser, userId 0 : true
03-12 23:56:29.499  3003  4966 D KNOX_MDM_SettingsProvider: ret = 1
03-12 23:56:29.499  3003  4966 D KNOX_MDM_SettingsProvider: isChangeAllowed() : name = default_input_method
03-12 23:56:29.499  3003  4966 D KNOX_MDM_SettingsProvider: edmUri: content://com.sec.knox.provider/RestrictionPolicy3
03-12 23:56:29.499  3003  4966 D KNOX_MDM_SettingsProvider: projectionArgs: isSettingsChangesAllowed
03-12 23:56:29.499  3003  4966 D KNOX_MDM_SettingsProvider: selectionArgs: false
03-12 23:56:29.499  3003  4966 D KNOX_MDM_SettingsProvider: selectionArgs: 10202
03-12 23:56:29.499  3003  4966 D SecContentProvider: query(), uri = 17 selection = isSettingsChangesAllowed
03-12 23:56:29.499  3003  4966 D SecContentProvider: called from android.uid.honeyboard:10202
03-12 23:56:29.499  3003  4966 D RestrictionPolicy: isSettingsChangesAllowedAsUser, userId 0 : true
03-12 23:56:29.499  3003  4966 D KNOX_MDM_SettingsProvider: ret = 1
03-12 23:56:29.500 29180 29208 I HBD     : p updated Sub Types. English 
03-12 23:56:29.500 29180 12527 I HBD     : a InputMethodSubtype is set as local:en_US 
03-12 23:56:29.500  2007  3645 I sensors-hal: qsh_conn_resp_cb:930, resp_value = 0 for pocket_mode 
03-12 23:56:29.501  4205  4205 D NavigationModeController: getCurrentInteractionMode: mode=0 contextUser=0
03-12 23:56:29.501  4205  4205 D Navbar.Store: handleEvent(1) GetInflateLayoutID(vertical=false) [Module] SamsungNavigationBarInflaterView
03-12 23:56:29.501  4205  4205 D Navbar.Store: --[Band]STABLE_LAYOUT_PACK_GET_INFLATE_LAYOUT_ID
03-12 23:56:29.501  4205  4205 D NavBarStateManager: NavBarStates(1) getLayoutID(vertical: false): 2131559285
03-12 23:56:29.501  4205  4205 D Navbar.Store: handleEvent(1) value= 2131559285
03-12 23:56:29.501  4205  4205 D Navbar.Store: handleEvent(1) GetInflateLayoutID(vertical=true) [Module] SamsungNavigationBarInflaterView
03-12 23:56:29.501  4205  4205 D Navbar.Store: --[Band]STABLE_LAYOUT_PACK_GET_INFLATE_LAYOUT_ID
03-12 23:56:29.501  4205  4205 D NavBarStateManager: NavBarStates(1) getLayoutID(vertical: true): 2131559287
03-12 23:56:29.501  4205  4205 D Navbar.Store: handleEvent(1) value= 2131559287
03-12 23:56:29.501  2092 12523 D factory.ssc: vendor/qcom/proprietary/adsprpc/src/fastrpc_apps_user.c:4332: exit_thread: nErr:0x8000040d, dom:0, h:0xb400006d90c31bd0
03-12 23:56:29.501  4205  4205 D Navbar.Store: handleEvent(1) GetDefaultLayout(noArguments=true) [Module] SamsungNavigationBarInflaterView
03-12 23:56:29.501  4205  4205 D Navbar.Store: --[Band]STABLE_LAYOUT_PACK_GET_DEFAULT_LAYOUT
03-12 23:56:29.501  4205  4205 D NavBarStateManager: NavBarStates(1) getDefaultLayout: space,home,gap,back,space;;
03-12 23:56:29.501  4205  4205 D Navbar.Store: handleEvent(1) value= space,home,gap,back,space;;
03-12 23:56:29.501  4205  4205 D Navbar.Store: handleEvent(1) GetInflateButtonWidth(buttonSpec=space, landscape=false) [Module] SamsungNavigationBarInflaterView
03-12 23:56:29.501  4205  4205 D Navbar.Store: --[Band]STABLE_LAYOUT_PACK_INFLATE_NAVBAR
03-12 23:56:29.501  4205  4205 D NavBarStateManager: NavBarStates(1) getSpaceWidth(land: false): 64
03-12 23:56:29.501  4205  4205 D Navbar.Store: handleEvent(1) value= 64
03-12 23:56:29.501 29180 12526 I HBD     : h writeToFile complete 
03-12 23:56:29.501  4205  4205 D Navbar.Store: handleEvent(1) GetInflateButtonWidth(buttonSpec=home, landscape=false) [Module] SamsungNavigationBarInflaterView
03-12 23:56:29.501  4205  4205 D Navbar.Store: --[Band]STABLE_LAYOUT_PACK_INFLATE_NAVBAR
03-12 23:56:29.501  4205  4205 D NavBarStateManager: NavBarStates(1) getButtonWidth(land: false): 102
03-12 23:56:29.502  4205  4205 D Navbar.Store: handleEvent(1) value= 102
03-12 23:56:29.502  2092 12524 W factory.ssc: vendor/qcom/proprietary/adsprpc/src/log_config.c:396:Warning: file_watcher_thread received exit for domain 0, file factory.ssc.farf
03-12 23:56:29.502  2092 12524 I factory.ssc: vendor/qcom/proprietary/adsprpc/src/log_config.c:448: file_watcher_thread exiting for domain 0
03-12 23:56:29.502  4205  4205 D Navbar.Store: handleEvent(1) GetInflateButtonWidth(buttonSpec=gap, landscape=false) [Module] SamsungNavigationBarInflaterView
03-12 23:56:29.502  4205  4205 D Navbar.Store: --[Band]STABLE_LAYOUT_PACK_INFLATE_NAVBAR
03-12 23:56:29.502  4205  4205 D NavBarStateManager: NavBarStates(1) getButtonDistanceSize(land: false): 17
03-12 23:56:29.502  4205  4205 D Navbar.Store: handleEvent(1) value= 17
03-12 23:56:29.502  4205  4205 D Navbar.Store: handleEvent(1) GetInflateButtonWidth(buttonSpec=back, landscape=false) [Module] SamsungNavigationBarInflaterView
03-12 23:56:29.502  4205  4205 D Navbar.Store: --[Band]STABLE_LAYOUT_PACK_INFLATE_NAVBAR
03-12 23:56:29.502  4205  4205 D NavBarStateManager: NavBarStates(1) getButtonWidth(land: false): 102
03-12 23:56:29.502  4205  4205 D Navbar.Store: handleEvent(1) value= 102
03-12 23:56:29.502  4205  4205 D Navbar.Store: handleEvent(1) GetInflateButtonWidth(buttonSpec=space, landscape=false) [Module] SamsungNavigationBarInflaterView
03-12 23:56:29.502  4205  4205 D Navbar.Store: --[Band]STABLE_LAYOUT_PACK_INFLATE_NAVBAR
03-12 23:56:29.502  4205  4205 D NavBarStateManager: NavBarStates(1) getSpaceWidth(land: false): 64
03-12 23:56:29.502  4205  4205 D Navbar.Store: handleEvent(1) value= 64
03-12 23:56:29.502  4205  4205 D Navbar.Store: handleEvent(1) GetInflateButtonWidth(buttonSpec=space, landscape=true) [Module] SamsungNavigationBarInflaterView
03-12 23:56:29.502  4205  4205 D Navbar.Store: --[Band]STABLE_LAYOUT_PACK_INFLATE_NAVBAR
03-12 23:56:29.502  4205  4205 D NavBarStateManager: NavBarStates(1) getSpaceWidth(land: true): 64
03-12 23:56:29.502  4205  4205 D Navbar.Store: handleEvent(1) value= 64
03-12 23:56:29.502  4205  4205 D Navbar.Store: handleEvent(1) GetInflateButtonWidth(buttonSpec=home, landscape=true) [Module] SamsungNavigationBarInflaterView
03-12 23:56:29.502  4205  4205 D Navbar.Store: --[Band]STABLE_LAYOUT_PACK_INFLATE_NAVBAR
03-12 23:56:29.502  4205  4205 D NavBarStateManager: NavBarStates(1) getButtonWidth(land: true): 102
03-12 23:56:29.502  4205  4205 D Navbar.Store: handleEvent(1) value= 102
03-12 23:56:29.502  4205  4205 D Navbar.Store: handleEvent(1) GetInflateButtonWidth(buttonSpec=gap, landscape=true) [Module] SamsungNavigationBarInflaterView
03-12 23:56:29.502  4205  4205 D Navbar.Store: --[Band]STABLE_LAYOUT_PACK_INFLATE_NAVBAR
03-12 23:56:29.502  4205  4205 D NavBarStateManager: NavBarStates(1) getButtonDistanceSize(land: true): 17
03-12 23:56:29.502  4205  4205 D Navbar.Store: handleEvent(1) value= 17
03-12 23:56:29.502  4205  4205 D Navbar.Store: handleEvent(1) GetInflateButtonWidth(buttonSpec=back, landscape=true) [Module] SamsungNavigationBarInflaterView
03-12 23:56:29.502  4205  4205 D Navbar.Store: --[Band]STABLE_LAYOUT_PACK_INFLATE_NAVBAR
03-12 23:56:29.502  4205  4205 D NavBarStateManager: NavBarStates(1) getButtonWidth(land: true): 102
03-12 23:56:29.502  4205  4205 D Navbar.Store: handleEvent(1) value= 102
03-12 23:56:29.502  4205  4205 D Navbar.Store: handleEvent(1) GetInflateButtonWidth(buttonSpec=space, landscape=true) [Module] SamsungNavigationBarInflaterView
03-12 23:56:29.502  4205  4205 D Navbar.Store: --[Band]STABLE_LAYOUT_PACK_INFLATE_NAVBAR
03-12 23:56:29.502  4205  4205 D NavBarStateManager: NavBarStates(1) getSpaceWidth(land: true): 64
03-12 23:56:29.502  4205  4205 D Navbar.Store: handleEvent(1) value= 64
03-12 23:56:29.503  4205  4205 D Navbar.Store: handleEvent(1) GetInflateButtonWidth(buttonSpec=space, landscape=false) [Module] SamsungNavigationBarInflaterView
03-12 23:56:29.503  4205  4205 D Navbar.Store: --[Band]STABLE_LAYOUT_PACK_INFLATE_NAVBAR
03-12 23:56:29.503  4205  4205 D NavBarStateManager: NavBarStates(1) getSpaceWidth(land: false): 64
03-12 23:56:29.503  4205  4205 D Navbar.Store: handleEvent(1) value= 64
03-12 23:56:29.503  4205  4205 D Navbar.Store: handleEvent(1) GetInflateButtonWidth(buttonSpec=left_remote_view, landscape=false) [Module] SamsungNavigationBarInflaterView
03-12 23:56:29.503  4205  4205 D Navbar.Store: --[Band]STABLE_LAYOUT_PACK_INFLATE_NAVBAR
03-12 23:56:29.503  4205  4205 D NavBarStateManager: NavBarStates(1) getButtonWidth(land: false): 102
03-12 23:56:29.503  4205  4205 D Navbar.Store: handleEvent(1) value= 102
03-12 23:56:29.503  4205  4205 D Navbar.Store: handleEvent(1) GetInflateButtonWidth(buttonSpec=gap, landscape=false) [Module] SamsungNavigationBarInflaterView
03-12 23:56:29.503  4205  4205 D Navbar.Store: --[Band]STABLE_LAYOUT_PACK_INFLATE_NAVBAR
03-12 23:56:29.503  4205  4205 D NavBarStateManager: NavBarStates(1) getButtonDistanceSize(land: false): 17
03-12 23:56:29.503  4205  4205 D Navbar.Store: handleEvent(1) value= 17
03-12 23:56:29.503  4205  4205 D Navbar.Store: handleEvent(1) GetInflateButtonWidth(buttonSpec=right_remote_view, landscape=false) [Module] SamsungNavigationBarInflaterView
03-12 23:56:29.503  4205  4205 D Navbar.Store: --[Band]STABLE_LAYOUT_PACK_INFLATE_NAVBAR
03-12 23:56:29.503  4205  4205 D NavBarStateManager: NavBarStates(1) getButtonWidth(land: false): 102
03-12 23:56:29.503  4205  4205 D Navbar.Store: handleEvent(1) value= 102
03-12 23:56:29.505  4205  4205 D Navbar.Store: handleEvent(1) GetInflateButtonWidth(buttonSpec=space, landscape=false) [Module] SamsungNavigationBarInflaterView
03-12 23:56:29.505  4205  4205 D Navbar.Store: --[Band]STABLE_LAYOUT_PACK_INFLATE_NAVBAR
03-12 23:56:29.505  4205  4205 D NavBarStateManager: NavBarStates(1) getSpaceWidth(land: false): 64
03-12 23:56:29.505  4205  4205 D Navbar.Store: handleEvent(1) value= 64
03-12 23:56:29.505  4205  4205 D Navbar.Store: handleEvent(1) GetInflateButtonWidth(buttonSpec=space, landscape=true) [Module] SamsungNavigationBarInflaterView
03-12 23:56:29.505  4205  4205 D Navbar.Store: --[Band]STABLE_LAYOUT_PACK_INFLATE_NAVBAR
03-12 23:56:29.505  4205  4205 D NavBarStateManager: NavBarStates(1) getSpaceWidth(land: true): 64
03-12 23:56:29.505  4205  4205 D Navbar.Store: handleEvent(1) value= 64
03-12 23:56:29.505  4205  4205 D Navbar.Store: handleEvent(1) GetInflateButtonWidth(buttonSpec=left_remote_view, landscape=false) [Module] SamsungNavigationBarInflaterView
03-12 23:56:29.505  4205  4205 D Navbar.Store: --[Band]STABLE_LAYOUT_PACK_INFLATE_NAVBAR
03-12 23:56:29.505  4205  4205 D NavBarStateManager: NavBarStates(1) getButtonWidth(land: false): 102
03-12 23:56:29.505  4205  4205 D Navbar.Store: handleEvent(1) value= 102
03-12 23:56:29.505  4205  4205 D Navbar.Store: handleEvent(1) GetInflateButtonWidth(buttonSpec=gap, landscape=true) [Module] SamsungNavigationBarInflaterView
03-12 23:56:29.505  4205  4205 D Navbar.Store: --[Band]STABLE_LAYOUT_PACK_INFLATE_NAVBAR
03-12 23:56:29.505  4205  4205 D NavBarStateManager: NavBarStates(1) getButtonDistanceSize(land: true): 17
03-12 23:56:29.505  4205  4205 D Navbar.Store: handleEvent(1) value= 17
03-12 23:56:29.505  4205  4205 D Navbar.Store: handleEvent(1) GetInflateButtonWidth(buttonSpec=right_remote_view, landscape=false) [Module] SamsungNavigationBarInflaterView
03-12 23:56:29.505  4205  4205 D Navbar.Store: --[Band]STABLE_LAYOUT_PACK_INFLATE_NAVBAR
03-12 23:56:29.505  4205  4205 D NavBarStateManager: NavBarStates(1) getButtonWidth(land: false): 102
03-12 23:56:29.505  4205  4205 D Navbar.Store: handleEvent(1) value= 102
03-12 23:56:29.505  4205  4205 D Navbar.Store: handleEvent(1) GetInflateButtonWidth(buttonSpec=space, landscape=true) [Module] SamsungNavigationBarInflaterView
03-12 23:56:29.505  4205  4205 D Navbar.Store: --[Band]STABLE_LAYOUT_PACK_INFLATE_NAVBAR
03-12 23:56:29.505  4205  4205 D NavBarStateManager: NavBarStates(1) getSpaceWidth(land: true): 64
03-12 23:56:29.505  4205  4205 D Navbar.Store: handleEvent(1) value= 64
03-12 23:56:29.505  4205  4205 D Navbar.Store: handleEvent(1) GetNavBarSidePadding(landscape=false) [Module] SamsungNavigationBarInflaterView
03-12 23:56:29.505  4205  4205 D Navbar.Store: --[Band]STABLE_LAYOUT_PACK_INFLATE_NAVBAR_SIDE_PADDING
03-12 23:56:29.505  4205  4205 D NavBarStateManager: NavBarStates(1) getNavBarSidePadding: 0
03-12 23:56:29.505  4205  4205 D Navbar.Store: handleEvent(1) value= 0
03-12 23:56:29.505  4205  4205 D Navbar.Store: handleEvent(1) GetNavBarSidePadding(landscape=true) [Module] SamsungNavigationBarInflaterView
03-12 23:56:29.505  4205  4205 D Navbar.Store: --[Band]STABLE_LAYOUT_PACK_INFLATE_NAVBAR_SIDE_PADDING
03-12 23:56:29.505  4205  4205 D NavBarStateManager: NavBarStates(1) getNavBarSidePadding: 0
03-12 23:56:29.505  4205  4205 D Navbar.Store: handleEvent(1) value= 0
03-12 23:56:29.505  4205  4205 D Navbar.Store: handleEvent(1) GetNavBarSidePadding(landscape=false) [Module] SamsungNavigationBarInflaterView
03-12 23:56:29.505  4205  4205 D Navbar.Store: --[Band]STABLE_LAYOUT_PACK_INFLATE_NAVBAR_SIDE_PADDING
03-12 23:56:29.505  4205  4205 D NavBarStateManager: NavBarStates(1) getNavBarSidePadding: 0
03-12 23:56:29.505  4205  4205 D Navbar.Store: handleEvent(1) value= 0
03-12 23:56:29.505  4205  4205 D Navbar.Store: handleEvent(1) GetNavBarSidePadding(landscape=true) [Module] SamsungNavigationBarInflaterView
03-12 23:56:29.505  4205  4205 D Navbar.Store: --[Band]STABLE_LAYOUT_PACK_INFLATE_NAVBAR_SIDE_PADDING
03-12 23:56:29.505  4205  4205 D NavBarStateManager: NavBarStates(1) getNavBarSidePadding: 0
03-12 23:56:29.505  4205  4205 D Navbar.Store: handleEvent(1) value= 0
03-12 23:56:29.505  5490  5568 I LidStateListener_FLP: onLidStateChanged, whenNanos=42870152113000, lidState=1
03-12 23:56:29.505  3003  3740 W qdgralloc: getInterlacedFlag: getMetaData returned 3, defaulting to interlaced_flag = 0
03-12 23:56:29.506  3003  3951 D GnssLocationProvider_ex: onLidStateChanged 1
03-12 23:56:29.506  3003  3951 D GnssLocationProvider_ex: sendLidState 3
03-12 23:56:29.506  3003  3951 D GnssLocationProvider_ex: gnssConfigurationUpdateSec
03-12 23:56:29.507  2105  2921 I SurfaceFlinger: id=22694 createSurf, flag=20004, ColorFade_d0#22694
03-12 23:56:29.509  2007  2007 I sensors-hal: send_sync_sensor_request:543, takes 19 ms to receive the response with 0
03-12 23:56:29.509  2007  2007 I sensors-hal: activate:330, com.samsung.sensor.pocket_mode/1692 en=0 completed
03-12 23:56:29.510  3003  3130 D ColorFade: ColorFade End [PREPARE]  : mode=2 , <Time> displayInfo: 0
03-12 23:56:29.510  3003  3130 W DisplayPowerController[0]: ColorFade: onAnimationStart
03-12 23:56:29.510  2097  2125 E HeatmapThread: ECT Thread time in milliseconds: 1773374189
03-12 23:56:29.510  3003  3130 W DisplayPowerState: !@ColorFade entry displayId=0
03-12 23:56:29.510  3003  3130 W DisplayPowerController[0]: ColorFade: onAnimationEnd
03-12 23:56:29.511  3003  3130 D BrightnessThermalClamper: Thermal status observer already started
03-12 23:56:29.511  3003  3130 D BrightnessThermalClamper: Thermal status observer already started
03-12 23:56:29.511  6103  6103 W ContextImpl: Calling a method in the system process without a qualified user: android.app.ContextImpl.startService:2068 android.content.ContextWrapper.startService:872 android.content.ContextWrapper.startService:872 com.sec.android.diagmonagent.sa.receiver.CFLogReceiver.onReceive:56 android.app.ActivityThread.handleReceiver:5663 
03-12 23:56:29.511  3003  3130 D DisplayPowerController[0]: animateScreenStateChange: target=OFF, mIsEnabled=true
03-12 23:56:29.511  3003  3130 I DisplayPowerController[0]: Blocking screen off
03-12 23:56:29.511  3003  3130 D DisplayPowerController[0]: mWindowManagerPolicy.screenTurningOff()
03-12 23:56:29.511  4205 14457 I KeyguardService: onScreenTurningOff
03-12 23:56:29.511  3003  3130 I DisplayPowerController[0]: BrightnessEvent: brt=0.054901958 (41.0%), nits= 12.47, lux=3.0, reason=automatic, strat=AutomaticBrightnessStrategy, state=ON, stateReason=DEFAULT_POLICY, policy=OFF, flags=, initBrt=0.054901958, rcmdBrt=0.054901958, preBrt=NaN, preLux=2.0, wasShortTermModelActive=false, autoBrightness=true (default), unclampedBrt=0.054901958, hbmMax=1.0, hbmMode=off, thrmMax=1.0, rbcStrength=-1, powerFactor=1.0, physDisp=Built-in Screen(local:4630946564756762243), logicalId=0, slowChange=false, rampSpeed=0.0
03-12 23:56:29.511  3003  3067 D RestrictionPolicy: isScreenCaptureEnabled : ret=true userId=0
03-12 23:56:29.511  3003  3067 D RestrictionPolicy: isScreenCaptureEnabled : ret=true userId=0
03-12 23:56:29.511  2053  2420 W QC2Interface: [hvcD_596] Failed to query parameters
03-12 23:56:29.511  2053  2420 I vendor.qti.media.c2@1.0-service: StrictValueWithNoDeps is called old.v.value is 2141391876 me.v.value is 0
03-12 23:56:29.511  3003  3067 D ScreenCapture: [Capture_TEST] : setIsScreenShotBySystem true
03-12 23:56:29.511  2053  2420 I vendor.qti.media.c2@1.0-service: [FRC-IsFilteringEnabled] entry
03-12 23:56:29.511  2053  2420 I vendor.qti.media.c2@1.0-service: [FRC-IsFilteringEnabled] frcReqInfo.value is 0
03-12 23:56:29.512  4360 12522 I CCodec  : [c2.qti.hevc.decoder] config->initialize() : 0
03-12 23:56:29.512  2105  2105 I SurfaceFlinger: [ColorFade_d0#22694] attach to parent Root
03-12 23:56:29.512  3003  3067 I SurfaceComposerClient: captureLayers:childrenOnly:1, sync:1
03-12 23:56:29.512  2053  2053 W QC2Interface: [hvcD_596] Failed to query parameters
03-12 23:56:29.512  4360 12522 I CCodecConfig: query failed after returning 18 values (BAD_INDEX)
03-12 23:56:29.512  4360 12522 W ColorUtils: expected specified color aspects (0:0:0:0)
03-12 23:56:29.512  4360 12522 I CCodec  : [c2.qti.hevc.decoder] config->queryConfiguration()
03-12 23:56:29.512  4360 12522 I CCodec  : [c2.qti.hevc.decoder] mCallback->onComponentAllocated() IN
03-12 23:56:29.512  4360 12522 I CCodec  : [c2.qti.hevc.decoder] mCallback->onComponentAllocated() OUT
03-12 23:56:29.513  4360  4360 I SprWallpaper|VideoPlayer: configure
03-12 23:56:29.514  3003  3915 D SensorManager: unregisterListener :: com.samsung.android.gesture.PocketProximityManager$2@728726e
03-12 23:56:29.514  3003  3915 E PocketProximityManager: unregister pocket sensor
03-12 23:56:29.514  4360 12521 I MediaCodec: MediaCodec will operate in async mode
03-12 23:56:29.514  2007  2007 I sensors-hal: set_config:64, no need to adjust sample_period_ns due to reporting_mode = 2
03-12 23:56:29.514  2007  2007 I sensors-hal: batch:363, com.samsung.sensor.pocket_mode/1692, period=200000000, max_latency=0 request completed
03-12 23:56:29.514  4360  4360 E MediaCodec: Media Quality Service not found.
03-12 23:56:29.515  4360 12521 I MediaCodec: [c2.qti.hevc.decoder] setting surface generation to 4465359
03-12 23:56:29.516  4360 12522 I CCodec  : appPid(4360) width(1080) height(2640)
03-12 23:56:29.517  2053  2420 W QC2Interface: [hvcD_596] Failed to query parameters
03-12 23:56:29.517  2053  2420 I vendor.qti.media.c2@1.0-service: StrictValueWithNoDeps is called old.v.value is 2141391876 me.v.value is 0
03-12 23:56:29.517  3003  3130 D DisplayPowerController[1]: animateScreenStateChange: target=OFF, mIsEnabled=false
03-12 23:56:29.517  2053  2420 I vendor.qti.media.c2@1.0-service: [FRC-IsFilteringEnabled] entry
03-12 23:56:29.517  2053  2420 I vendor.qti.media.c2@1.0-service: [FRC-IsFilteringEnabled] frcReqInfo.value is 0
03-12 23:56:29.517  2105  2921 I SurfaceFlinger: Capture layer list: 	 com.microsoft.copilot/com.microsoft.copilotn.MainActivity$_11940#22679(seamlessTransition:0)
03-12 23:56:29.517  3003  3130 I DisplayPowerController[1]: BrightnessEvent: brt=0.0 (0.0%), nits= 1.0, lux=-1.0, reason=screen_off, strat=ScreenOffBrightnessStrategy, state=OFF, stateReason=DEFAULT_POLICY, policy=OFF, flags=, initBrt=0.0, rcmdBrt=NaN, preBrt=NaN, preLux=0.0, wasShortTermModelActive=false, autoBrightness=true (default), unclampedBrt=0.0, hbmMax=1.0, hbmMode=off, thrmMax=1.0, rbcStrength=-1, powerFactor=1.0, physDisp=Built-in Screen(local:4630946638498144900), logicalId=1, slowChange=false, rampSpeed=0.0
03-12 23:56:29.517  2053  2951 W QC2Interface: [hvcD_596] Failed to query parameters
03-12 23:56:29.517  4360 12522 W Codec2Client: query -- param skipped: index = 1107298332.
03-12 23:56:29.517  4360 12522 W CCodec  : This behavior is subject to change. It is recommended that app developers double check whether the requested max input size is in reasonable range.
03-12 23:56:29.517  2053 13496 W QC2Interface: [hvcD_596] Failed to query parameters
03-12 23:56:29.517  2007  2007 I sensors-hal: activate:300, com.samsung.sensor.pocket_mode/1692 en=1
03-12 23:56:29.517  2007  2007 I sensors-hal: acquire_qsh_interface:139, acquire_qsh_interface with sensor_id 4 , conn_type 1 
03-12 23:56:29.517  2007  2007 I sensors-hal: acquire_qsh_interface:142, returning _shared_instance[SHARED_ON_CHANGE_WAKEUP].conn - wakeup 
03-12 23:56:29.517  4360 12522 I CCodecConfig: query failed after returning 18 values (BAD_INDEX)
03-12 23:56:29.517  2007  2007 I sensors-hal: acquire_shared_instance:173, re-use existing connection for type 1 
03-12 23:56:29.517  2007  2007 I sensors-hal: register_cb:304, suid(low=11039279336981156932,high=1340270623893619472) is new. register callbacks
03-12 23:56:29.517  2007  2007 I sensors-hal: send_sensor_config_request:645, dt=pocket_mode: convert sample_period=200000000 to batch_period=200000
03-12 23:56:29.517  2007  2007 I sensors-hal: send_sync_sensor_request:508, send sync request
03-12 23:56:29.517  2053  2053 W QC2Interface: [hvcD_596] Failed to query parameters
03-12 23:56:29.517  2007  2007 I sensors-hal: send_sync_sensor_request:518, send_sync_sensor_request before send_request for pocket_mode with SUID low=11039279336981156932 high=1340270623893619472
03-12 23:56:29.517  4360 12522 E .wallpaper.live: Failed to query component interface for required system resources: 6
03-12 23:56:29.518  2105  2342 D RenderEngine: [SEC_SF_EFFECTS] drawLayersInternal,1483, Rendering layer ScreenCaptureFillLayer at index 0
03-12 23:56:29.518  2105  2342 D RenderEngine: [SEC_SF_EFFECTS] drawLayersInternal,1483, Rendering layer com.microsoft.copilot/com.microsoft.copilotn.MainActivity$_11940#22679 at index 1
03-12 23:56:29.518  2007  2007 I sensors-hal: send_sync_sensor_request:537, wait for notification of response
03-12 23:56:29.518  4360  4360 I SprWallpaper|VideoPlayer: start: state[1] after prepare
03-12 23:56:29.518  2007  3645 I sensors-hal: qsh_conn_resp_cb:930, resp_value = 0 for pocket_mode 
03-12 23:56:29.518  2007  2007 I sensors-hal: send_sync_sensor_request:543, takes 0 ms to receive the response with 0
03-12 23:56:29.518  2007  2007 I sensors-hal: activate:330, com.samsung.sensor.pocket_mode/1692 en=1 completed
03-12 23:56:29.518  2007  3645 I sensors-hal: qsh_conn_event_cb:890, event[0] sensor:Device Common Info  Wakeup, msg_id=1025, ts=3866789927850
03-12 23:56:29.518  2007  3645 I sensors-hal: handle_sns_client_event:65, device_common_info_event: t:3, f:0, s:1, h:1
03-12 23:56:29.518  3003  3915 D SensorManager: registerListener :: 1692, Pocket mode  Wakeup, 200000, 0, com.samsung.android.gesture.PocketProximityManager$2@728726e
03-12 23:56:29.518  3003  3915 E PocketProximityManager: register pocket sensor
03-12 23:56:29.519  3003  3915 D PocketModeEvent: MSG_TYPE_REGISTER_POCKET_POSITION_SENSOR
03-12 23:56:29.519  3003  4598 D SehCodecSolutionService: updateMediaStatisticsData: (action=1@1986621044;category=2@1986621044;label=1936222261@1986621044)
03-12 23:56:29.519  3003  4598 D CodecSolution_MediaStatisticsData: MediaStatisticsData: action=1@1986621044;category=2@1986621044;label=1936222261@1986621044
03-12 23:56:29.519  3003  4598 D CodecSolution_MediaStatisticsData: Category.valueOf: 2
03-12 23:56:29.519  3003  4598 D CodecSolution_MediaStatisticsData: Action.valueOf: 1
03-12 23:56:29.519  3003  4598 D CodecSolution_MediaStatisticsData: Label.valueOf: 0x73686835
03-12 23:56:29.519  3003  4598 D CodecSolution_MediaStatisticsData: category: VDEC
03-12 23:56:29.519  3003  4598 D CodecSolution_MediaStatisticsData: action: INSTANTIATE
03-12 23:56:29.519  3003  4598 D CodecSolution_MediaStatisticsData: label: SEC_HW_H265
03-12 23:56:29.519  3003  3003 D SehCodecSolutionService: handleMessage : 900
03-12 23:56:29.519  3003  3003 D SehCodecSolutionService: event : VDEC
03-12 23:56:29.519  3003  3003 D CodecSolution_Logging: dma : true, feature: VDEC, extra: SEC_HW_H265, value: -1
03-12 23:56:29.519  3003  3003 D CodecSolution_Logging: insert diagmon log
03-12 23:56:29.519  3003  3003 D CodecSolution_Logging: permission granted
03-12 23:56:29.519  2007  3645 I sensors-hal: qsh_conn_event_cb:890, event[0] sensor:Light seamless  Wakeup, msg_id=1025, ts=3866790236267
03-12 23:56:29.519  3003  3003 W ContextImpl: Calling a method in the system process without a qualified user: android.app.ContextImpl.sendBroadcast:1335 vendor.samsung.frameworks.codecsolution.Logging.insertDiagmonLog:14 vendor.samsung.frameworks.codecsolution.Logging.insertLog:6 vendor.samsung.frameworks.codecsolution.Logging.insertLog:1 vendor.samsung.frameworks.codecsolution.SehCodecSolutionService$1.handleMessage:24 
03-12 23:56:29.519  2007  3645 I sensors-hal: handle_sns_client_event:46, light_seamless ts=201390084453736 ns, 0,0,2147483647, M:0,0, S:0,0
03-12 23:56:29.519  2007  2007 I sensors-hal: set_config:64, no need to adjust sample_period_ns due to reporting_mode = 2
03-12 23:56:29.519  2007  2007 I sensors-hal: batch:363, com.samsung.sensor.pocket_pos_mode/2622, period=200000000, max_latency=0 request completed
03-12 23:56:29.519  3003  4082 D HdrSolution_HdrDisplayNitMapper: updataTargetNit--------------mLightSensorData: -1.0, scaleRatio: 200.0, target: 1.0->200
03-12 23:56:29.519  4360 12521 I CCodec  : [c2.qti.hevc.decoder] state->set(STARTING)
03-12 23:56:29.520  2053  2950 I vendor.qti.media.c2@1.0-service: [FRC-IsFilteringEnabled] entry
03-12 23:56:29.520  2053  2950 I vendor.qti.media.c2@1.0-service: [FRC-IsFilteringEnabled] frcReqInfo.value is 0
03-12 23:56:29.520  2007  2007 I sensors-hal: activate:300, com.samsung.sensor.pocket_pos_mode/2622 en=1
03-12 23:56:29.520  2053  2950 I QC2Comp : [hvcD_596] CPU perf resource value pair found: [1082130688, 4095, ]
03-12 23:56:29.520  2007  2007 I sensors-hal: acquire_qsh_interface:139, acquire_qsh_interface with sensor_id 3 , conn_type 1 
03-12 23:56:29.520  2007  2007 I sensors-hal: acquire_qsh_interface:142, returning _shared_instance[SHARED_ON_CHANGE_WAKEUP].conn - wakeup 
03-12 23:56:29.520  2007  2007 I sensors-hal: acquire_shared_instance:173, re-use existing connection for type 1 
03-12 23:56:29.520  2007  2007 I sensors-hal: register_cb:304, suid(low=4779840344920564001,high=1320970896291267344) is new. register callbacks
03-12 23:56:29.520  2007  2007 I sensors-hal: send_sensor_config_request:645, dt=pocket_pos_mode: convert sample_period=200000000 to batch_period=200000
03-12 23:56:29.520  2007  2007 I sensors-hal: send_sync_sensor_request:508, send sync request
03-12 23:56:29.520  2007  2007 I sensors-hal: send_sync_sensor_request:518, send_sync_sensor_request before send_request for pocket_pos_mode with SUID low=4779840344920564001 high=1320970896291267344
03-12 23:56:29.520  2007  2007 I sensors-hal: send_sync_sensor_request:537, wait for notification of response
03-12 23:56:29.520  2053  2950 I QC2Registry: Build pipelined codec for session
03-12 23:56:29.520  2053  2950 I QC2Registry: Getting stages for pipelined codec
03-12 23:56:29.521  2053  2950 I QC2Registry: Requested codec is pipelined. Create codec list
03-12 23:56:29.521  2053  2950 I QC2Registry: GetEnabledFilters for c2.qti.hevc.decoder
03-12 23:56:29.521  2053  2950 I QC2Registry: Pipeline Index = a0009102
03-12 23:56:29.521  2053  2950 I QC2Registry: Filter sec2.imageformat.filter can't be pipelined
03-12 23:56:29.521  2053  2950 I QC2Registry: Pipeline Index = a000a103
03-12 23:56:29.521  2053  2950 I QC2Registry: Filter c2.qti.filter.imagetransform can't be pipelined
03-12 23:56:29.521  2053  2950 I QC2Registry: Created 0 filters for pipelined codec c2.qti.hevc.decoder
03-12 23:56:29.521  2053  2950 E QC2Comp : [hvcD_596] configureIntf failed 95
03-12 23:56:29.521  3003  3067 D RestrictionPolicy: isScreenCaptureEnabled : ret=true userId=0
03-12 23:56:29.521  3003  3067 D RestrictionPolicy: isScreenCaptureEnabled : ret=true userId=0
03-12 23:56:29.521  2007  3645 I sensors-hal: qsh_conn_resp_cb:930, resp_value = 0 for pocket_pos_mode 
03-12 23:56:29.521  3003  3067 D DisplayPowerController[0]: [api] WindowManagerPolicy.ScreenOffListener : called onScreenOff()
03-12 23:56:29.521 11940 11940 I ImeFocusController: onPreWindowFocus: skipped hasWindowFocus=false mHasImeFocus=true
03-12 23:56:29.522 11940 11940 I ImeFocusController: onPostWindowFocus: skipped hasWindowFocus=false mHasImeFocus=true
03-12 23:56:29.522 15873 15873 I GoogleInputMethodService: GoogleInputMethodService.onFinishInput():2114 
03-12 23:56:29.523  2005  2035 I qmi_secgps_clnt: SECGPS: AGNSS Config Message
03-12 23:56:29.524  2007  2007 I sensors-hal: send_sync_sensor_request:543, takes 3 ms to receive the response with 0
03-12 23:56:29.524  2007  2007 I sensors-hal: activate:330, com.samsung.sensor.pocket_pos_mode/2622 en=1 completed
03-12 23:56:29.524  4205  4205 E EdgeBackGestureHandler: No resource found for gesture-blocking activities
03-12 23:56:29.524  2092  2092 I factory.ssc: vendor/qcom/proprietary/adsprpc/src/mod_table.c:792: open_mod_table_close: closed reverse module apps_std with handle 0xc17f4dd8
03-12 23:56:29.525 15873 15873 I Module  : DeviceLockedStatusModuleProvider$Module.updateDeviceLockedStatus():103 repeatCheckTimes = 0, locked = false
03-12 23:56:29.525 15873 15873 D InputMethodService: unregisterCompatOnBackInvokedCallback return because registered : false
03-12 23:56:29.524  3003  3130 I DisplayPowerController[0]: Unblocked screen off after 13 ms
03-12 23:56:29.525  3003  3915 D SensorManager: registerListener :: 2622, Pocket Position Mode  Wakeup, 200000, 0, com.samsung.android.gesture.PocketSensitivityManager$1@a3d091f
03-12 23:56:29.525  3003  3130 D DisplayPowerController[0]: animateScreenStateChange: target=OFF, mIsEnabled=true
03-12 23:56:29.526  3003  3915 E PocketSensitivityManager: register pocket position sensor
03-12 23:56:29.526  4205  4205 D NavigationModeController: getCurrentInteractionMode: mode=0 contextUser=0
03-12 23:56:29.526  3003  3130 D DisplayPowerController[0]: mWindowManagerPolicy.screenTurnedOff()
03-12 23:56:29.526  3003  3130 I PhoneWindowManager: Display0 turned off...
03-12 23:56:29.526  3003  3130 D WindowManager: Create SleepToken: tag=Display-off, displayId=0
03-12 23:56:29.527  3003  3130 D ActivityTaskManager: Top Process State changed to PROCESS_STATE_TOP_SLEEPING
03-12 23:56:29.527  2092  2092 I factory.ssc: vendor/qcom/proprietary/adsprpc/src/fastrpc_apps_user.c:3408: close_device_node: closed dev 16 on domain 0
03-12 23:56:29.527  2092  2092 I factory.ssc: vendor/qcom/proprietary/adsprpc/src/fastrpc_apps_user.c:3237: domain_deinit: closed device 16 on domain 0 (kill time 3049 us)
03-12 23:56:29.527  2092  2092 I factory.ssc: vendor/qcom/proprietary/adsprpc/src/fastrpc_apps_user.c:1758: remote_handle64_close: closed handle 0xb400006d90c31bd0 remote handle 0x0, num of open handles: 0
03-12 23:56:29.527  2092  2092 I SSC_DAEMON: handleSensorTestReqMsg:85, Sensor type :15, Msg type:15
03-12 23:56:29.527  2092  2092 I SSC_DAEMON: physicalSensorTestReqMsg:130, s:15, m:15
03-12 23:56:29.528  2105  2105 I SurfaceFlinger: RequestedLayer [ColorFade_d0#22694] hidden!! flag  from(1) --> to(0)
03-12 23:56:29.529  4205 14457 I KeyguardService: onScreenTurnedOff
03-12 23:56:29.529  3003  3130 D AutomaticBrightnessController: sendAmbientLux(-1.0)
03-12 23:56:29.529  3003  3130 D MdnieScenarioControlService: getVisionBoosterIndex() mAutoBrightnessMode : true , mReduceBrightColorsActivatedEnabled : false , lux : -1
03-12 23:56:29.529  3003  3130 D MdnieScenarioControlService: Vision Booster Index : 0
03-12 23:56:29.529  2007  2007 I sensors-hal: set_config:64, no need to adjust sample_period_ns due to reporting_mode = 2
03-12 23:56:29.529  2007  2007 I sensors-hal: create_sensor_config_request:85, auto_rotation: type 2
03-12 23:56:29.529  2007  2007 I sensors-hal: send_sensor_config_request:645, dt=auto_rotation: convert sample_period=200000000 to batch_period=200000
03-12 23:56:29.529  2007  2007 I sensors-hal: send_sync_sensor_request:508, send sync request
03-12 23:56:29.529  2007  2007 I sensors-hal: send_sync_sensor_request:518, send_sync_sensor_request before send_request for auto_rotation with SUID low=8603657889541918976 high=1320970896291267344
03-12 23:56:29.529  2007  2007 I sensors-hal: send_sync_sensor_request:537, wait for notification of response
03-12 23:56:29.529  4205  4205 I NoBackGesture: Config changed: newConfig={1.0 ?mcc0mnc [en_US] ldltr sw307dp w352dp h308dp 340dpi smll hdr widecg land night -touch -keyb/v/h -nav/h winConfig={ mBounds=Rect(0, 0 - 748, 720) mAppBounds=Rect(0, 0 - 748, 654) mMaxBounds=Rect(0, 0 - 748, 720) mDisplayRotation=ROTATION_0 mWindowingMode=fullscreen mActivityType=undefined mAlwaysOnTop=undefined mRotation=ROTATION_0 mStageConfig=undefined mPopOver=undefined mOverlappingWithCutout=false mFlexPanelMode=off} s.3531 fontWeightAdjustment=0 ff=0 bf=-1 bts=0 cst=1.0 nightDim=0 themeSeq=0} lastReportedConfig={1.0 ?mcc0mnc [en_US] ldltr sw307dp w352dp h308dp 340dpi smll hdr widecg land night -touch -keyb/v/h -nav/h winConfig={ mBounds=Rect(0, 0 - 748, 720) mAppBounds=Rect(0, 0 - 748, 654) mMaxBounds=Rect(0, 0 - 748, 720) mDisplayRotation=ROTATION_0 mWindowingMode=fullscreen mActivityType=undefined mAlwaysOnTop=undefined mRotation=ROTATION_0 mStageConfig=undefined mPopOver=undefined mOverlappingWithCutout=false mFlexPanelMode=off} s.3531 fontWeightAdjustment=0 ff=0 bf=-1 bts=0 cst=1.0 nightDim=0 themeSeq=0}
03-12 23:56:29.529  2007 12669 I sensors-hal: qsh_conn_resp_cb:930, resp_value = 0 for auto_rotation 
03-12 23:56:29.529  4205  4205 D Navbar.Store: handleEvent(1) OnNavBarCreated(keyguardStateController=com.android.systemui.statusbar.policy.KeyguardStateControllerImpl@c596bb7, navigationBar=com.android.systemui.navigationbar.views.NavigationBar@8bebc90) [Module] NavigationBar
03-12 23:56:29.529  4205  4205 D OneHandOpGestureHandler: setDisablePolicy() old=0, new=0
03-12 23:56:29.530  4205  4205 D NavBarStateManager: NavBarStates(1) isLargeCoverScreenSyncEnabled: false
03-12 23:56:29.530  4205  4205 D Navbar.NavigationBar: onInit() Cover navbar hidden: sync option is off
03-12 23:56:29.530  4205  4205 D NavBarStateManager: NavBarStates(1) isNavBarHiddenByKnox: false
03-12 23:56:29.530  4205  4205 D NavBarStateManager: NavBarStates(0) canShowKeyboardButtonForRotation(0): true
03-12 23:56:29.531  3003  3067 I ActivityManager: Changes in 10455 2 to 12, 255 to 128
03-12 23:56:29.531  4205  4205 D NavBarStateManager: NavBarStates(1) supportLargeCoverScreenNavBar: true
03-12 23:56:29.531  3003  3067 I ActivityManager: Changes in 10260 3 to 12, 184 to 128
03-12 23:56:29.531  4205  4205 D NavBarStateManager: NavBarStates(0) canShowKeyboardButtonForRotation(0): true
03-12 23:56:29.531  3003  3067 W ProcessStats: Tracking association SourceState{6698eb9 com.microsoft.copilot/10455 Top #276655} whose proc state 1 is better than process ProcessState{4e3de97 com.android.vending/10260 pkg=com.android.vending} proc state 2 (9 skipped)
03-12 23:56:29.532  4205  4205 D NavBarStateManager: NavBarStates(1) supportLargeCoverScreenNavBar: true
03-12 23:56:29.532  4205  4205 D NavBarStateManager: NavBarStates(0) canShowKeyboardButtonForRotation(1): true
03-12 23:56:29.532  2007  2007 I sensors-hal: send_sync_sensor_request:543, takes 2 ms to receive the response with 0
03-12 23:56:29.532  2007  2007 I sensors-hal: batch:363, android.sensor.device_orientation/271, period=200000000, max_latency=0 request completed
03-12 23:56:29.532  2105  2105 D SurfaceFlinger: Display 4630946564756762243 HWC layers:
03-12 23:56:29.532  2105  2105 D SurfaceFlinger:   SOLID_COLOR |                        0 | 00000000 | N/A          |    0.0    0.0    0.0    0.0 |    0    0 1080 2640 | ColorFade_d0#22694 (0)
03-12 23:56:29.532  2105  2105 D SurfaceFlinger: 
03-12 23:56:29.532  4205  4205 D NavBarStateManager: NavBarStates(1) supportLargeCoverScreenNavBar: true
03-12 23:56:29.532  2007  2007 I sensors-hal: activate:300, com.samsung.sensor.device_common_info/2132 en=0
03-12 23:56:29.532  2007  2007 I sensors-hal: send_sync_sensor_request:508, send sync request
03-12 23:56:29.532  2007  2007 I sensors-hal: send_sync_sensor_request:518, send_sync_sensor_request before send_request for device_common_info with SUID low=3766530206566995508 high=1320970896291267344
03-12 23:56:29.532  2092  3859 I SSC_DAEMON: virtualOpticFlipStateEvent:29, fstate: 1
03-12 23:56:29.532  4205  4205 D NavBarStateManager: NavBarStates(0) canShowKeyboardButtonForRotation(2): true
03-12 23:56:29.533  2007  2007 I sensors-hal: send_sync_sensor_request:537, wait for notification of response
03-12 23:56:29.533  2007  3645 I sensors-hal: qsh_conn_resp_cb:930, resp_value = 0 for device_common_info 
03-12 23:56:29.533  4205  4205 D NavBarStateManager: NavBarStates(1) supportLargeCoverScreenNavBar: true
03-12 23:56:29.533  2097  2125 D HeatmapThread: !@ batteryplugType : 2
03-12 23:56:29.533  2097  2125 D HeatmapThread: !@ batteryLevel : 97  batteryTemperature : 344 
03-12 23:56:29.533  4205  4205 D NavBarStateManager: NavBarStates(0) canShowKeyboardButtonForRotation(3): true
03-12 23:56:29.533  2097  2125 D HeatmapThread: !@ Heatmap currtime: 29556236
03-12 23:56:29.533  2097  2125 D HeatmapThread: !@ Heatmap prevtime: 29556222
03-12 23:56:29.533  2097  2125 D HeatmapThread: !@ Heatmap plugstarttime: 29556072
03-12 23:56:29.533  2097  2125 D HeatmapThread: !@ Heatmap prevv_dsoh_update_time: 29556222
03-12 23:56:29.533  2007  2007 I sensors-hal: send_sync_sensor_request:543, takes 0 ms to receive the response with 0
03-12 23:56:29.533  2097  2125 E HeatmapThread: !@ CAM New BSOH: 100
03-12 23:56:29.533  2097  2125 E HeatmapThread: !@ CAM is Working
03-12 23:56:29.533  2007  2007 I sensors-hal: activate:330, com.samsung.sensor.device_common_info/2132 en=0 completed
03-12 23:56:29.533  3003  3065 D SensorManager: unregisterListener :: com.android.server.wm.WindowOrientationListener$OrientationSensorJudge@783320e
03-12 23:56:29.534  4205  4205 D NavBarStateManager: NavBarStates(1) supportLargeCoverScreenNavBar: true
03-12 23:56:29.534  2053  2950 I QC2V4l2Codec: [v4lhvcD_596] KPI_L1: init: ms=13
03-12 23:56:29.534  4205  4205 I WindowManager: WindowManagerGlobal#addView, ty=2019, view=com.android.systemui.navigationbar.views.NavigationBarFrame{c458da8 V.E...... ......I. 0,0-0,0 #7f0a083f app:id/navigation_bar_frame}, caller=android.view.WindowManagerImpl.addView:158 com.android.systemui.navigationbar.views.NavigationBar.onInit:238 com.android.systemui.util.ViewController.init:6 
03-12 23:56:29.534  4205  4205 I ViewRootImpl: dVRR is disabled
03-12 23:56:29.534  2053 12532 E QC2V4l2Codec: [v4lhvcD_596]  ? is not a supported pixel format!
03-12 23:56:29.534  2452  2747 I CameraService: onUidStateChanged: uid=10053, procState is changed. (0 -> 1)
03-12 23:56:29.534  4205  4394 D NativeCustomFrequencyManager: [NativeCFMS] BpCustomFrequencyManager::BpCustomFrequencyManager()
03-12 23:56:29.535  5915  5959 V OsAgent : broadcastSystemEvent - 7
03-12 23:56:29.535  5915  5959 V OsAgent : broadcastSystemEvent - 7
03-12 23:56:29.535  3003  3064 D HintManagerService: Sent cleanup message for uid 10455
03-12 23:56:29.536  2005  2035 D qmi_secgps_clnt: SECGPS: send a qmi message to secgps_server OK
03-12 23:56:29.537  2022  2124 I HYPER-HAL: [RequestManager.cpp]acquire(): Acquired ID : 48998024  [2025 / 7873]    HINT :      list : [TID_LOW_LATENCY / 0] [TID / 12008] [TID / 12009] [TID / 11940] [TID / 11990] 
03-12 23:56:29.537  2022  2124 I HYPER-HAL: [RequestManager.cpp]acquire(): Acquired ID : 49136715  [2025 / 7887]    HINT :      list : [TID_LOW_LATENCY / 1] [TID / 4392] [TID / 4393] [TID / 4205] [TID / 4394] 
03-12 23:56:29.537  2105  2836 I SurfaceFlinger: id=22695 createSurf, flag=84004, WindowToken{478a0ba type=2019 android.os.BinderProxy@27618dc}#22695
03-12 23:56:29.537  6103  6103 W ContextImpl: Calling a method in the system process without a qualified user: android.app.ContextImpl.startService:2068 android.content.ContextWrapper.startService:872 android.content.ContextWrapper.startService:872 com.sec.android.diagmonagent.sa.receiver.CFLogReceiver.onReceive:56 android.app.ActivityThread.handleReceiver:5663 
03-12 23:56:29.538  3003  4966 D InputTransport: Input channel constructed: '2314b6b', fd=1067
03-12 23:56:29.538  3003  4966 D InputTransport: Input channel constructed: '2314b6b', fd=1087
03-12 23:56:29.538  3003  4966 D InputTransport: Input channel constructed: '2314b6b', fd=1306
03-12 23:56:29.538  3003  4966 D InputTransport: Input channel destroyed: '2314b6b', fd=1087
03-12 23:56:29.538  2105  2324 I SurfaceFlinger: id=22696 createSurf, flag=84004, 2314b6b NavigationBar1#22696
03-12 23:56:29.538  3003  4966 D RestrictionPolicy: isScreenCaptureEnabled : ret=true userId=0
03-12 23:56:29.538  3003  4966 D InsetsSourceProvider: updateVisibility: serverVisible=false, clientVisible=false, source=InsetsSource: {39af0001 mType=navigationBars mFrame=[0,0][0,0] mVisible=false mFlags= mSideHint=NONE mBoundingRects=null}, controlTarget=null, from=com.android.server.wm.InsetsSourceProvider.setClientVisible:8 com.android.server.wm.InsetsSourceProvider.setWindowContainer:160 com.android.server.wm.WindowManagerService.addWindowInner:148 com.android.server.wm.WindowManagerService.addWindow:1842 com.android.server.wm.Session.addToDisplayAsUser:24 android.view.IWindowSession$Stub.onTransact:757 com.android.server.wm.Session.onTransact:1 android.os.Binder.execTransactInternal:1457 android.os.Binder.execTransact:1401 <bottom of call stack> 
03-12 23:56:29.538  3003  4966 E WindowManager: Display reconfigured outside of a transition: Display{#1 state=OFF size=748x720 ROTATION_0}
03-12 23:56:29.539  3003  4966 D DisplayManager.PersistentDataStore: saveToXml remembered active display fit status value:false
03-12 23:56:29.539  3003  4966 I WindowManager: [d1] Override config changes=20000c00 {0.0 ?mcc0mnc ?localeList ?layoutDir sw291dp w352dp h291dp 340dpi smll hdr widecg land ?uimode ?night finger -keyb/v/h -nav/h winConfig={ mBounds=Rect(0, 0 - 748, 720) mAppBounds=Rect(0, 0 - 748, 618) mMaxBounds=Rect(0, 0 - 748, 720) mDisplayRotation=ROTATION_0 mWindowingMode=fullscreen mActivityType=undefined mAlwaysOnTop=undefined mRotation=ROTATION_0 mStageConfig=undefined mPopOver=undefined mOverlappingWithCutout=false mFlexPanelMode=off} ?fontWeightAdjustment ff=0 bf=-1 bts=0 cst=1.0 nightDim=-1 themeSeq=0}, callers=com.android.server.wm.DisplayContent.updateDisplayOverrideConfigurationLocked:24 com.android.server.wm.DisplayContent.sendNewConfiguration:133 com.android.server.wm.WindowManagerService.addWindowInner:712 com.android.server.wm.WindowManagerService.addWindow:1842 com.android.server.wm.Session.addToDisplayAsUser:24 
03-12 23:56:29.539  3003  4966 D WindowManager: Transition is created, t=TransitionRecord{a800e86 id=-1 type=CHANGE flags=0x0}, caller=com.android.server.wm.Transition.<init>:182 com.android.server.wm.TransitionController.createTransition:17 com.android.server.wm.DisplayContent.requestChangeTransition:5 com.android.server.wm.DisplayContent.performDisplayOverrideConfigUpdate:333 com.android.server.wm.DisplayContent.updateDisplayOverrideConfigurationLocked:24 
03-12 23:56:29.539  3003  4966 D BLASTSyncEngine: SyncGroup is created, id=2735, name=Transition-CHANGE, caller=com.android.server.wm.BLASTSyncEngine$SyncGroup.<init>:52 com.android.server.wm.TransitionController.moveToCollecting:79 com.android.server.wm.TransitionController.createTransition:46 com.android.server.wm.DisplayContent.requestChangeTransition:5 com.android.server.wm.DisplayContent.performDisplayOverrideConfigUpdate:333 com.android.server.wm.DisplayContent.updateDisplayOverrideConfigurationLocked:24 com.android.server.wm.DisplayContent.sendNewConfiguration:133 
03-12 23:56:29.539  3003  4966 W BLASTSyncEngine: setSyncMethod, id=2735, method=0, caller=com.android.server.wm.TransitionController.moveToCollecting:91 com.android.server.wm.TransitionController.createTransition:46 com.android.server.wm.DisplayContent.requestChangeTransition:5 
03-12 23:56:29.539  3003  4966 V WindowManager: Start collecting in Transition: TransitionRecord{a800e86 id=2735 type=CHANGE flags=0x0}, caller=com.android.server.wm.TransitionController.createTransition:46 com.android.server.wm.DisplayContent.requestChangeTransition:5 com.android.server.wm.DisplayContent.performDisplayOverrideConfigUpdate:333 com.android.server.wm.DisplayContent.updateDisplayOverrideConfigurationLocked:24 com.android.server.wm.DisplayContent.sendNewConfiguration:133 
03-12 23:56:29.539  3003  4966 V WindowManager: Requesting StartTransition: TransitionRecord{a800e86 id=2735 type=CHANGE flags=0x0}, caller=com.android.server.wm.DisplayContent.requestChangeTransition:10 com.android.server.wm.DisplayContent.performDisplayOverrideConfigUpdate:333 com.android.server.wm.DisplayContent.updateDisplayOverrideConfigurationLocked:24 com.android.server.wm.DisplayContent.sendNewConfiguration:133 com.android.server.wm.WindowManagerService.addWindowInner:712 
03-12 23:56:29.539  3003  4966 V WindowManager: Collecting in transition 2735: Display{#1 state=OFF size=748x720 ROTATION_0}, caller=com.android.server.wm.DisplayContent.requestChangeTransition:71 com.android.server.wm.DisplayContent.performDisplayOverrideConfigUpdate:333 com.android.server.wm.DisplayContent.updateDisplayOverrideConfigurationLocked:24 com.android.server.wm.DisplayContent.sendNewConfiguration:133 com.android.server.wm.WindowManagerService.addWindowInner:712 
03-12 23:56:29.539  3003  4966 D WindowManager: prepareSync <SYNC_STATE_WAITING_FOR_DRAW>, mPrepareSyncSeqId=0, win=Window{21b9755 u0 ScreenDecorOverlayCover}
03-12 23:56:29.539  3003  4966 D WindowManager: prepareSync <SYNC_STATE_WAITING_FOR_DRAW>, mPrepareSyncSeqId=0, win=Window{2314b6b u0 NavigationBar1}
03-12 23:56:29.539  3003  4966 D WindowManager: prepareSync <SYNC_STATE_WAITING_FOR_DRAW>, mPrepareSyncSeqId=0, win=Window{243e821 u0 SubScreenQuickPanel}
03-12 23:56:29.539  3003  4966 D WindowManager: prepareSync <SYNC_STATE_WAITING_FOR_DRAW>, mPrepareSyncSeqId=0, win=Window{3b7b695 u0 com.android.systemui/com.android.systemui.subscreen.SubHomeActivity}
03-12 23:56:29.539  3003  4966 D WindowManager: prepareSync <SYNC_STATE_WAITING_FOR_DRAW>, mPrepareSyncSeqId=0, win=Window{8bc5e3f u0 com.samsung.android.smartsuggestions/com.samsung.android.smartsuggestions.feature.aisuggestion.ui.onboarding.OnboardingActivity}
