03-12 23:56:29.732  4205  4205 I SubLauncherNowBarCardStackView: startAiCardEffect needToHide = true
03-12 23:56:29.732  4205  4205 I NowBarGuidingEffect: hide effectLeftShortCut null effectNowBarCenterView null effectRightShortCut null centerCardView null
03-12 23:56:29.732  4205  4205 I SubLauncher:SubLauncherNowBarCardStackView@249169805: updateVisibilityForExpandedDepthOrder false
03-12 23:56:29.732  4205  4205 I SubLauncher:SubLauncherNowBarController@192055129: focusIndex 1 defaultIndex 1 
03-12 23:56:29.732  4205  4205 I SubLauncher:SubLauncherNowBarViewModel@69805067: needToStartStandAloneChargingVI chargingVICardItem = null screenOn = false isActivityResumed = false isDefaultPage = true isAODShowState = false isFolderClosed = true
03-12 23:56:29.732  4205  4205 I SubLauncher:SubLauncherNowBarViewModel@69805067: startStandAloneChargingVINowBar start = false
03-12 23:56:29.732  4205  4205 I SubLauncher:SubLauncherNowBarViewModel@69805067: detachNowBarFromTopWindow null
03-12 23:56:29.732  4205  4205 D SubscreenFlashLightController: onStartedGoingToSleep 13
03-12 23:56:29.732  4205  4205 I KeyguardTransitionRepository: STARTED transition: TransitionStep(from=GONE, to=DOZING, value=0.0, transitionState=STARTED, ownerName=FromGoneTransitionInteractor(Sleep transition triggered))
03-12 23:56:29.732  4832  4895 I HoneySpace.TaskbarEventTracker: invokeEvent() called with: event = SystemUiStateChanged(stateFlags=541196674)
03-12 23:56:29.732  4832  2378 I HoneySpace.SystemUiRepository: systemUiFlags: overview_disabled|home_disabled|navbar_hidden|allow_gesture|back_disabled|wakefulness_transition
03-12 23:56:29.733  4205  4205 D KeyguardTouchAnimator: screenPowerState it=SCREEN_OFF dozeUiState=false
03-12 23:56:29.733  4205  4205 D SecLifecycle: screenState=3
03-12 23:56:29.733  4205  4205 D {OngoingActivityController}:  screen OFF 
03-12 23:56:29.733  4205  4205 D CollapsedStatusBarFragment: cancelOngoingAnimation: -> Screen State Changed
03-12 23:56:29.733  4205  4205 D {ChipAnimationController}: cancelAnimation() v:ongoing_activity_capsule
03-12 23:56:29.733  4205  4205 D SecLifecycle: screenState=0
03-12 23:56:29.733  4205  4394 D HWUI    : HWUI - treat SMPTE_170M as sRGB
03-12 23:56:29.734  4205  4205 I VRI[ScreenDecorOverlayCover]@cddcdb0: Resizing android.view.ViewRootImpl@9f0cc40: frame = [0,0][748,720] reportDraw = true forceLayout = false syncSeqId = -1
03-12 23:56:29.734  4205  4205 D DisplayLifecycle: updateDisplay id = 1
03-12 23:56:29.734  3003  3048 D WifiDisplayAdapter: isFitToActiveDisplayLocked : false
03-12 23:56:29.734  4360  4360 I SprWallpaper|LayoutController_AnimalHeart: onCommand: action = android.wallpaper.aodstate x = 0 displayState = OFF
03-12 23:56:29.734  3003  4598 I BiometricContextProvider: onDisplayStateChanged: DISPLAY_STATE_NO_UI
03-12 23:56:29.734  4205  4881 I VRI[ScreenDecorOverlayCover]@cddcdb0: handleResized, frames=ClientWindowFrames{frame=[0,0][748,720] display=[0,0][748,720] parentFrame=[0,0][0,0]} displayId=1 dragResizing=false compatScale=1.0 frameChanged=false attachedFrameChanged=false configChanged=true displayChanged=false compatScaleChanged=false dragResizingChanged=false
03-12 23:56:29.734  4205  4881 I VRI[ScreenDecorOverlayCover]@cddcdb0: performConfigurationChange setNightDimText nightDimLevel=0
03-12 23:56:29.735  4205  4205 D DisplayLifecycle: updateSmartViewFitToActiveDisplay : false
03-12 23:56:29.735  4205  4205 D DisplayLifecycle: updateCacheVariables id = 1, display = Display id 1: DisplayInfo{"Built-in Screen", displayId 1, displayGroupId 0, FLAG_SECURE, FLAG_SUPPORTS_PROTECTED_BUFFERS, FLAG_PRESENTATION, FLAG_CAN_SHOW_WITH_INSECURE_KEYGUARD, FLAG_SHOULD_SHOW_SYSTEM_DECORATIONS, FLAG_TRUSTED, FLAG_ALLOWS_CONTENT_MODE_SWITCH, real 748 x 720, largest app 748 x 748, smallest app 618 x 552, appVsyncOff 16666666, presDeadline 17666666, mode 8, renderFrameRate 60.000004, hasArrSupport false, frameRateCategoryRate FrameRateCategoryRate {normal=60.0, high=90.0}, supportedRefreshRates [60.000004], defaultMode 8, REFRESH_RATE_MODE_SEAMLESS, userPreferredModeId -1, supportedModes [{id=8, width=748, height=720, fps=60.000004, vsync=60.000004, synthetic=false, alternativeRefreshRates=[], supportedHdrTypes=[2, 3, 4]}], appsSupportedModes [{id=8, width=748, height=720, fps=60.000004, vsync=60.000004, synthetic=false, alternativeRefreshRates=[], supportedHdrTypes=[2, 3, 4]}], hdrCapabilities HdrCapabilities{mSupportedHdrTypes=[2, 3, 4], mMaxLuminance=450.0, mMaxAverageLuminance=225.00024, mMinLuminance=5.0E-4}, isForceSdr false, userDisabledHdrTypes [], minimalPostProcessingSupported false, rotation 0, state OFF, committedState OFF}, DisplayMetrics{density=2.125, width=748, height=618, scaledDensity=2.125, xdpi=306.438, ydpi=309.966}, isValid=true, size = Point(748, 618), realSize = Point(748, 720), rotation = 0
03-12 23:56:29.735  4205  4205 I Keyguard.AODTouchModeManager: onDisplayChanged newDisplayState=1, currentDisplayState=2, displayId=1
03-12 23:56:29.735  4205  4362 D SubScreenPackageChecker: SubHome Component
03-12 23:56:29.735  4205  4205 D SubscreenBrightnessController: info.brightness:0.13333334
03-12 23:56:29.736  4205  4205 I SubLauncher:SubLauncherStateManager@232606011: setCoverScreenRotation: 0 -> 0
03-12 23:56:29.736  4205  4881 I VRI[ScreenDecorOverlayCover]@cddcdb0: handleResized mSyncSeqId = 0
03-12 23:56:29.736  4205  4205 D SubscreenBrightnessController: info.brightness:0.13333334
03-12 23:56:29.736  4205  4881 D VRI[ScreenDecorOverlayCover]@cddcdb0: reportNextDraw android.view.ViewRootImpl.handleResized:2983 android.view.ViewRootImpl.-$$Nest$mhandleResized:0 android.view.ViewRootImpl$ViewRootHandler.handleMessageImpl:8341 android.view.ViewRootImpl$ViewRootHandler.handleMessage:8301 android.os.Handler.dispatchMessage:110 
03-12 23:56:29.736  4205  4205 D PluginAODManager: requestVisibleNotifications()
03-12 23:56:29.736  4205  4205 I AODNotificationManager: setTagId() 2131365301
03-12 23:56:29.736  4205  4205 I LockscreenNotificationManager: refreshLockScreenNotifications: AOD_REQUEST_NOTIFICATIONS
03-12 23:56:29.736  4205  4205 D DisplayLifecycle: updateDisplay id = 0
03-12 23:56:29.737  4205  4205 D SubscreenBrightnessController: info.brightness:0.13333334
03-12 23:56:29.737  4205  4205 D DisplayLifecycle: updateDisplay id = 1
03-12 23:56:29.737  4205  4205 I SubLauncher:SubLauncherStateManager@232606011: setCoverScreenRotation: 0 -> 0
03-12 23:56:29.737  4205  4205 D DisplayLifecycle: updateDisplay id = 0
03-12 23:56:29.737  4205  4205 I VRI[SubScreenQuickPanel]@3c0eab9: onDisplayChanged oldDisplayState=1 newDisplayState=1
03-12 23:56:29.737  4205  4205 I VRI[SubHomeActivity]@a6f71e9: onDisplayChanged oldDisplayState=1 newDisplayState=1
03-12 23:56:29.737  4205  4205 I VRI[SubLauncherWindow]@35f78c4: onDisplayChanged oldDisplayState=1 newDisplayState=1
03-12 23:56:29.737  4205  4205 I VRI[NavigationBar1]@2b6b0c1: onDisplayChanged oldDisplayState=1 newDisplayState=1
03-12 23:56:29.737  4205  4205 I VRI[LockscreenShortcutBlur]@703200c: onDisplayChanged oldDisplayState=2 newDisplayState=1
03-12 23:56:29.737  4205  4205 I VRI[NavigationBar0]@f26899a: onDisplayChanged oldDisplayState=2 newDisplayState=1
03-12 23:56:29.737  4205  4205 I VRI[NotificationShade]@d7ba77c: onDisplayChanged oldDisplayState=2 newDisplayState=1
03-12 23:56:29.737  4205  4205 I VRI[StatusBar]@b731380: onDisplayChanged oldDisplayState=2 newDisplayState=1
03-12 23:56:29.737  4205  4205 I VRI[Bouncer]@d67040f: onDisplayChanged oldDisplayState=2 newDisplayState=1
03-12 23:56:29.737  4205  4205 D DisplayLifecycle: updateDisplay id = 0
03-12 23:56:29.738  4205  4205 D Navbar.Store: handleEvent(1) OnRotationChanged(rotation=0) [Module] NavigationBar
03-12 23:56:29.738  4205  4205 D SubRoomQsTileBaseView: updateSubscreenTileStroke
03-12 23:56:29.739  4205  4205 D SubRoomQsTileBaseView: updateSubscreenTileStroke
03-12 23:56:29.739  4205  4205 D SubRoomQsTileBaseView: updateSubscreenTileStroke
03-12 23:56:29.739  4205  4205 D SubRoomQsTileBaseView: updateSubscreenTileStroke
03-12 23:56:29.739  4205  4205 I SubLauncher:BouncerViewController@120397705: get fontColorType from Wallpaper Rect(31, 19 - 716, 48)[1] Rect(261, 150 - 484, 490)[1] Rect(350, 12 - 397, 57)[1] Rect(631, 556 - 711, 637)[1] Rect(42, 652 - 308, 718)[1] Rect(0, 0 - 748, 718)[1] 
03-12 23:56:29.740  4205  4205 D SubRoomQsTileBaseView: updateSubscreenTileStroke
03-12 23:56:29.740  4205  4205 D SubRoomQsTileBaseView: updateSubscreenTileStroke
03-12 23:56:29.740  4205  4205 I SubLauncher:SubLauncherStateManager@232606011: setNotiCountText:  -> 0
03-12 23:56:29.740  4205  4205 I SubLauncher:SubLauncherNotificationIconsOnlyController: clockView or notiCount is changed set notiCount=0
03-12 23:56:29.740  4205  4205 D SecQSCommonTileView: handleStateChanged state.spec = MobileData, parent = LabelTileView{@6212bab, #7f0a0df0, app:id/tile_label V, label = @6212bab, #7f0a0df0, app:id/tile_label V, iconFrame = @8afe208 V, icon = @3f1dda1 V, common = @b089bc6}, labelContainer = @336d9fa, #7f0a0661, app:id/label_group V, label = @6212bab, #7f0a0df0, app:id/tile_label V, iconFrame = @8afe208 V, icon = @3f1dda1 V, common = @b089bc6
03-12 23:56:29.740  4205  4205 D SubRoomQsTileBaseView: updateSubscreenTileStroke
03-12 23:56:29.740  4205  4205 D SubRoomQsTileBaseView: updateSubscreenTileStroke
03-12 23:56:29.740  4205  4205 D SecQSCommonTileView: handleStateChanged state.spec = custom(com.samsung.android.app.smartcapture/com.samsung.android.app.screenrecorder.view.RecordScreenTile), parent = LabelTileView{@ec91b50, #7f0a0df0, app:id/tile_label V, label = @ec91b50, #7f0a0df0, app:id/tile_label V, iconFrame = @1d33149 V, icon = @7666a4e V, common = @153376f}, labelContainer = @ab1dd13, #7f0a0661, app:id/label_group V, label = @ec91b50, #7f0a0df0, app:id/tile_label V, iconFrame = @1d33149 V, icon = @7666a4e V, common = @153376f
03-12 23:56:29.740  4205  4205 D SubRoomQsTileBaseView: updateSubscreenTileStroke
03-12 23:56:29.740  4205  4205 D SubRoomQsTileBaseView: updateSubscreenTileStroke
03-12 23:56:29.740  4205  4205 D SubRoomQsTileBaseView: updateSubscreenTileStroke
03-12 23:56:29.740  4205  4205 D SecQSCommonTileView: handleStateChanged state.spec = custom(com.samsung.android.app.routines/.LifestyleModeTile), parent = LargeTileView{@a164517, #7f0a0df0, app:id/tile_label V, label = @a164517, #7f0a0df0, app:id/tile_label V, iconFrame = @b529d04 V, icon = @31c42ed V, common = @fbae522}, labelContainer = @349f69f, #7f0a0661, app:id/label_group V, label = @a164517, #7f0a0df0, app:id/tile_label V, iconFrame = @b529d04 V, icon = @31c42ed V, common = @fbae522
03-12 23:56:29.740  4205  4205 D SubRoomQsTileBaseView: updateSubscreenTileStroke
03-12 23:56:29.740  4205  4205 D SecQSCommonTileView: handleStateChanged state.spec = Dnd, parent = LabelTileView{@81c3103, #7f0a0df0, app:id/tile_label V, label = @81c3103, #7f0a0df0, app:id/tile_label V, iconFrame = @641f880 V, icon = @6cdfeb9 V, common = @56802fe}, labelContainer = @5bfbdb2, #7f0a0661, app:id/label_group V, label = @81c3103, #7f0a0df0, app:id/tile_label V, iconFrame = @641f880 V, icon = @6cdfeb9 V, common = @56802fe
03-12 23:56:29.740  4205  4205 D SubRoomQsTileBaseView: updateSubscreenTileStroke
03-12 23:56:29.740  4205  4205 D SubRoomQsTileBaseView: updateSubscreenTileStroke
03-12 23:56:29.740  4205  4205 D SubRoomQsTileBaseView: updateSubscreenTileStroke
03-12 23:56:29.740  4205  4205 I LockscreenNotificationIconsOnlyController: onNotificationInfoUpdated 7
03-12 23:56:29.741  4205  4205 I AODNotificationManager: subLauncherUpdateNotification() 
03-12 23:56:29.741  4205  4205 D PluginAODManager: onNotificationInfoUpdated() 7
03-12 23:56:29.741  4205  4205 D PluginAODManager: onNotificationInfoUpdated() -1|android|32|null|1000
03-12 23:56:29.741  4205  4205 D PluginAODManager: onNotificationInfoUpdated() -1|com.android.systemui|2131364006|charging_state|10053
03-12 23:56:29.741  4205  4205 D PluginAODManager: onNotificationInfoUpdated() 0|com.google.android.googlequicksearchbox|0|1391480565::a:snotification:[0x394,wx.f,NOTIFICATION]|10261
03-12 23:56:29.741  4205  4205 D PluginAODManager: onNotificationInfoUpdated() 0|com.sec.android.daemonapp|5|null|10222
03-12 23:56:29.741  4205  4205 D PluginAODManager: onNotificationInfoUpdated() 0|com.android.vending|0|0|com.android.vending|g:Aggregate_NormalNotificationSection|10260|0|com.android.vending|g:Aggregate_NormalNotificationSection
03-12 23:56:29.741  4205  4205 D PluginAODManager: onNotificationInfoUpdated() 0|com.samsung.android.app.smartcapture|5755|null|10221
03-12 23:56:29.741  4205  4205 D PluginAODManager: onNotificationInfoUpdated() 0|com.sygic.aura|0|null|10286
03-12 23:56:29.741  4205  4205 I AODNotificationManager: updateVisibleNotifications: 7
03-12 23:56:29.742  4205  4205 D SubRoomQsTileBaseView: updateSubscreenTileStroke
03-12 23:56:29.742  4205  4205 D SubRoomQsTileBaseView: updateSubscreenTileStroke
03-12 23:56:29.742  4205  4205 D SubRoomQsTileBaseView: updateSubscreenTileStroke
03-12 23:56:29.742  4205  4205 D SubRoomQsTileBaseView: updateSubscreenTileStroke
03-12 23:56:29.742  4205  4205 D SubRoomQsTileBaseView: updateSubscreenTileStroke
03-12 23:56:29.742  4205  4205 D SecQSCommonTileView: handleStateChanged state.spec = custom(com.samsung.android.app.smartcapture/com.samsung.android.app.screenrecorder.view.RecordScreenTile), parent = LabelTileView{@ec91b50, #7f0a0df0, app:id/tile_label V, label = @ec91b50, #7f0a0df0, app:id/tile_label V, iconFrame = @1d33149 V, icon = @7666a4e V, common = @153376f}, labelContainer = @ab1dd13, #7f0a0661, app:id/label_group V, label = @ec91b50, #7f0a0df0, app:id/tile_label V, iconFrame = @1d33149 V, icon = @7666a4e V, common = @153376f
03-12 23:56:29.742  4205  4205 D SubRoomQsTileBaseView: updateSubscreenTileStroke
03-12 23:56:29.742  4205  4205 D SubRoomQsTileBaseView: updateSubscreenTileStroke
03-12 23:56:29.742  4205  4205 D SecQSCommonTileView: handleStateChanged state.spec = custom(com.samsung.android.app.routines/.LifestyleModeTile), parent = LargeTileView{@a164517, #7f0a0df0, app:id/tile_label V, label = @a164517, #7f0a0df0, app:id/tile_label V, iconFrame = @b529d04 V, icon = @31c42ed V, common = @fbae522}, labelContainer = @349f69f, #7f0a0661, app:id/label_group V, label = @a164517, #7f0a0df0, app:id/tile_label V, iconFrame = @b529d04 V, icon = @31c42ed V, common = @fbae522
03-12 23:56:29.742  4205  4205 D SubRoomQsTileBaseView: updateSubscreenTileStroke
03-12 23:56:29.742  4205  4205 D SubRoomQsTileBaseView: updateSubscreenTileStroke
03-12 23:56:29.742  4205  4205 D SecQSCommonTileView: handleStateChanged state.spec = custom(com.samsung.android.app.smartcapture/com.samsung.android.app.screenrecorder.view.RecordScreenTile), parent = LabelTileView{@ec91b50, #7f0a0df0, app:id/tile_label V, label = @ec91b50, #7f0a0df0, app:id/tile_label V, iconFrame = @1d33149 V, icon = @7666a4e V, common = @153376f}, labelContainer = @ab1dd13, #7f0a0661, app:id/label_group V, label = @ec91b50, #7f0a0df0, app:id/tile_label V, iconFrame = @1d33149 V, icon = @7666a4e V, common = @153376f
03-12 23:56:29.742  4205  4205 D SubRoomQsTileBaseView: updateSubscreenTileStroke
03-12 23:56:29.742  4205  4205 D SecQSCommonTileView: handleStateChanged state.spec = custom(com.samsung.android.app.routines/.LifestyleModeTile), parent = LargeTileView{@a164517, #7f0a0df0, app:id/tile_label V, label = @a164517, #7f0a0df0, app:id/tile_label V, iconFrame = @b529d04 V, icon = @31c42ed V, common = @fbae522}, labelContainer = @349f69f, #7f0a0661, app:id/label_group V, label = @a164517, #7f0a0df0, app:id/tile_label V, iconFrame = @b529d04 V, icon = @31c42ed V, common = @fbae522
03-12 23:56:29.742  4205  4205 D SubRoomQsTileBaseView: updateSubscreenTileStroke
03-12 23:56:29.744  4205  4205 I Kumiho-Kumiho: getPackageName: com.samsung.android.app.routines
03-12 23:56:29.744  4205  4205 I AppIconSolution: start to load, pkg=android, bg=192-192, dr=144-144, forDefault=true, density=0
03-12 23:56:29.744  4205  4205 I AppIconSolution: getIconScale, pkg=android, size=144, iconScale=IconScale[alpha=6, scale=0.72, isCrop=false]
03-12 23:56:29.744  4205  4205 I Kumiho-Kumiho: getPackageName: com.samsung.android.app.routines
03-12 23:56:29.744  4205  4205 I Kumiho-Kumiho: getPackageName: com.samsung.android.app.routines
03-12 23:56:29.744  4205  4205 I AppIconSolution: default container[Contain], pkg=android, bg=184-184, dr=144-144, isNight = true
03-12 23:56:29.745  4205  4205 I AppIconSolution: return adaptive icon for com.android.systemui, isNight = true
03-12 23:56:29.746  2040  2780 I SDM     : DisplayBase::WaitForCompletion: Cached retire fence is in ready state
03-12 23:56:29.747  2040  2780 I SDM     : DisplayBase::SetDisplayState: active 0-0 state 0-0 pending_power_state_ 0
03-12 23:56:29.747  4205  4205 I AppIconSolution: return adaptive icon for com.google.android.googlequicksearchbox, isNight = true
03-12 23:56:29.748  4205  4205 I AppIconSolution: return adaptive icon for com.sec.android.daemonapp, isNight = true
03-12 23:56:29.748  2105  2105 D TimeStats: Cleared global stats
03-12 23:56:29.749  2105  2105 D TimeStats: Cleared layer stats
03-12 23:56:29.749  2105  2105 D SurfaceFlinger: Finished setting power mode 0 on physical display 4630946564756762243
03-12 23:56:29.749  2105  2815 D Scheduler: displayPowerTimerCallback ExpiredDisplayPowerTimer: 0
03-12 23:56:29.749  2105  2815 D DisplayModeController: setDesiredMode 4630946564756762243 {mode={fps=60.00 Hz, modePtr={id=2, vsyncRate=60.00 Hz, peakRefreshRate=60.00 Hz}}, emitEvent=true, force=false}
03-12 23:56:29.749  3003  4082 D SurfaceControl: Excessive delay in setPowerMode()
03-12 23:56:29.749  3003  4082 D PowerManagerUtil: [OFF][258][T:  23]  [Caller: 0] [Cfp:42870195] [Cfa: 0] [Panel:190]
03-12 23:56:29.749  3003  4082 W LocalDisplayAdapter: !@display_state - 1200 : OFF (MAIN) took 190 ms
03-12 23:56:29.749  3003  4082 D SemInputDeviceManagerService: setDisplayState[1] LATE: OFF(1) -> OFF(1)
03-12 23:56:29.749  4205  4205 I AppIconSolution: return adaptive icon for com.android.vending, isNight = true
03-12 23:56:29.749  3003  4082 D LocalDisplayAdapter: notifyStateChangeFinish: com.samsung.android.hardware.secinputdev.external.DisplayStateListenerWrapper$1@444e177 took 0 ms
03-12 23:56:29.749  3003  3994 D SemInputDevice:TSP: ActivateTask: 1,1 [03-12 23:56:29.749]
03-12 23:56:29.749  2105  2105 I SurfaceFlinger: RequestedLayer [[Gesture Monitor] secinputdev#22657] hidden!! flag  from(0) --> to(1)
03-12 23:56:29.749  3003  4082 D LocalDisplayAdapter: notifyStateChangeFinish: com.android.server.biometrics.SemBiometricDisplayStateMonitor@e8de626 took 0 ms
03-12 23:56:29.749  3003  4082 D RefreshRateModeManager: DisplayStateListener#onFinish, isPowerModeOn=false, displayType=1
03-12 23:56:29.749  2105  2105 I SurfaceFlinger: RequestedLayer [[Gesture Monitor] edge-swipe#22697] hidden!! flag  from(1) --> to(0)
03-12 23:56:29.749  3003  4082 D LocalDisplayAdapter: notifyStateChangeFinish: com.android.server.display.mode.RefreshRateModeManager$1@d4f0f0f took 0 ms
03-12 23:56:29.749  2105  2105 I SurfaceFlinger: destroyed Surface(name=Task=280)/@0x8362800_transition-leash#22583 form LifecycleManager
03-12 23:56:29.749  2105  2105 I SurfaceFlinger: destroyed Surface(name=43ddf56 com.microsoft.copilot/com.microsoft.copilotn.MainActivity)/@0x9329754 - animation-leash of starting_reveal#22682 form LifecycleManager
03-12 23:56:29.749  2105  2105 I SurfaceFlinger: destroyed Task=280#22538 form LifecycleManager
03-12 23:56:29.749  2105  2105 I SurfaceFlinger: [LayerHierarchy{RequestedLayerState{[Gesture Monitor] secinputdev#22657 z=1} no children}] reparent to OffscreenRoot
03-12 23:56:29.749  2105  2105 I SurfaceFlinger: [LayerHierarchy{RequestedLayerState{[Gesture Monitor] secinputdev#22657 z=1} no children}] RelativeParent to null
03-12 23:56:29.749  2105  2105 I SurfaceFlinger: [NavigationBar1$_4205#22700] attach to parent LayerHierarchy{RequestedLayerState{2314b6b NavigationBar1#22696 parentId=22695} 1 children}
03-12 23:56:29.749  2105  2105 I SurfaceFlinger: [c979b88 EdgeBackGestureHandler1#22699] attach to parent LayerHierarchy{RequestedLayerState{WindowToken{555db2b type=2024 android.os.BinderProxy@39a977a}#22698 parentId=64} 1 children}
03-12 23:56:29.749  2105  2105 I SurfaceFlinger: [WindowToken{555db2b type=2024 android.os.BinderProxy@39a977a}#22698] attach to parent LayerHierarchy{RequestedLayerState{Leaf:15:31#64 parentId=54 z=5} 4 children}
03-12 23:56:29.750  2105  2105 I SurfaceFlinger: [[Gesture Monitor] edge-swipe#22697] attach to parent LayerHierarchy{RequestedLayerState{Input Overlays#68 parentId=66 z=2147483646} 4 children}
03-12 23:56:29.750  2105  2105 I SurfaceFlinger: id=22583 onLayerDestroyed from LayerHierarchyBuilder(RequestedLayerState{Surface(name=Task=280)/@0x8362800_transition-leash#22583 !handle z=2})
03-12 23:56:29.750  2105  2105 I SurfaceFlinger: id=22682 onLayerDestroyed from LayerHierarchyBuilder(RequestedLayerState{Surface(name=43ddf56 com.microsoft.copilot/com.microsoft.copilotn.MainActivity)/@0x9329754 - animation-leash of starting_reveal#22682 !handle})
03-12 23:56:29.750  2105  2105 I SurfaceFlinger: id=22538 onLayerDestroyed from LayerHierarchyBuilder(RequestedLayerState{Task=280#22538 !handle z=5})
03-12 23:56:29.750  2105  2105 D DisplayDevice: setLayerFilter: layerstack=-1 on display 4630946564756762243,toInternalDisplay:true
03-12 23:56:29.750  2071  2129 I sysinput:aidl: onReportInformation:93, 1, enabled@1,1:0
03-12 23:56:29.750  2071  2129 I sysinput:Touch1: operator():132, 1,1 OK
03-12 23:56:29.750  3003  3130 D DisplayPowerController[0]: setActualDisplayState: ON -> OFF
03-12 23:56:29.750  3003  3130 D DisplayPowerController[0]: animateScreenStateChange: target=OFF, mIsEnabled=false
03-12 23:56:29.750  4205  4205 I AppIconSolution: return adaptive icon for com.samsung.android.app.smartcapture, isNight = true
03-12 23:56:29.750  3003  3130 D DisplayPowerController[0]: animateScreenStateChange: target=OFF, mIsEnabled=false
03-12 23:56:29.750  3003  3130 D PowerManagerService: displayReady: true groupId=0
03-12 23:56:29.750  2105  2342 W qdgralloc: getInterlacedFlag: getMetaData returned 3, defaulting to interlaced_flag = 0
03-12 23:56:29.751  3003  3994 D SysinputHAL_AIDL: activate(TSP(1)),1,1 ret=0
03-12 23:56:29.751  2105  2105 I Layer   : id=22583 Destroyed Surface(name=Task=280)/@0x8362800_transition-leash#22583
03-12 23:56:29.751  3003  3130 D PowerManagerService: [PWL] sb release: PowerManagerService.Display
03-12 23:56:29.751  2105  2105 I Layer   : id=22682 Destroyed Surface(name=43ddf56 com.microsoft.copilot/com.microsoft.copilotn.MainActivity)/@0x9329754 - animation-leash of starting_reveal#22682
03-12 23:56:29.751  2105  2105 I Layer   : id=22538 Destroyed Task=280#22538
03-12 23:56:29.751  3003  3130 D PowerManagerService: handleSandman : startDreaming: true  (canDreamLocked: false  canDozeLocked: true)  groupId=0
03-12 23:56:29.751  3003  3130 D PowerManagerService: handleSandman : startDream(true)
03-12 23:56:29.751  3003  3130 I DreamManagerService: Entering dreamland.
03-12 23:56:29.751  4205  4205 I AppIconSolution: return adaptive icon for com.sygic.aura, isNight = true
03-12 23:56:29.751  3003  3130 I PowerManagerService: Dozing...
03-12 23:56:29.751  2105  2105 I SurfaceFlinger: id=22657 Removed [Gesture Monitor] secinputdev#22657 (165)
03-12 23:56:29.752  2105  2105 I LayerHistory: NavigationBar0$_4205#130 voted ExplicitCategory with category: High
03-12 23:56:29.752  2105  2105 I LayerHistory: com.sec.android.app.launcher/com.samsung.app.honeyspace.edge.edgepanel.app.CocktailBarService$_4832#22641 voted ExplicitCategory with category: High
03-12 23:56:29.752  2105  2105 I LayerHistory: StatusBar$_4205#132 voted ExplicitCategory with category: High
03-12 23:56:29.752  2105  2105 I LayerHistory: com.microsoft.copilot/com.microsoft.copilotn.MainActivity$_11940#22679 voted ExplicitCategory with category: High
03-12 23:56:29.752  2105  2105 I SurfaceFlinger: Keep Stable - choose 60.00 Hz
03-12 23:56:29.752  3003  3064 I DreamController: Starting dream: name=ComponentInfo{com.android.systemui/com.android.systemui.doze.DozeService}, isPreviewMode=false, canDoze=true, userId=0, reason='power manager request'
03-12 23:56:29.752  4205  4205 D S.S.N.  : update - updateMainListArray parent Group child remove Item: 0|com.android.vending|0|0|com.android.vending|g:Aggregate_NormalNotificationSection|10260|0|com.android.vending|g:Aggregate_NormalNotificationSection
03-12 23:56:29.752  4205  4205 D S.S.N.  : update - updateMainListArray parent Group child already exists 0|com.android.vending|0|0|com.android.vending|g:Aggregate_NormalNotificationSection|10260|0|com.android.vending|g:Aggregate_NormalNotificationSection
03-12 23:56:29.752  2105  2105 I HWComposer: [4630946564756762243] ActiveConfigToHWC, ID : 2
03-12 23:56:29.753  3003  4343 I WindowManager: Relayout Window{2314b6b u0 NavigationBar1}: viewVisibility=0 req=748x66 ty=2019 d1
03-12 23:56:29.753  3003  4002 D BackgroundInstallControlService: Package event received: 0
03-12 23:56:29.753  3003  4343 D BLASTSyncEngine: SyncGroup 2735:  Unfinished container: WindowToken{8004a5b type=2024 android.os.BinderProxy@d7bba75} mSyncState=2
03-12 23:56:29.754  3003  3130 D BrightnessThermalClamper: Thermal status observer already started
03-12 23:56:29.754  2105  2105 I HWComposer: [4630946564756762243] ActiveConfigToHWC, ID : 2
03-12 23:56:29.755  3003  4343 I WindowManager: [d1] Override config changes=20000c00 {0.0 ?mcc0mnc ?localeList ?layoutDir sw308dp w352dp h308dp 340dpi smll hdr widecg land ?uimode ?night finger -keyb/v/h -nav/h winConfig={ mBounds=Rect(0, 0 - 748, 720) mAppBounds=Rect(0, 0 - 748, 654) mMaxBounds=Rect(0, 0 - 748, 720) mDisplayRotation=ROTATION_0 mWindowingMode=fullscreen mActivityType=undefined mAlwaysOnTop=undefined mRotation=ROTATION_0 mStageConfig=undefined mPopOver=undefined mOverlappingWithCutout=false mFlexPanelMode=off} ?fontWeightAdjustment ff=0 bf=-1 bts=0 cst=1.0 nightDim=-1 themeSeq=0}, callers=com.android.server.wm.DisplayContent.updateDisplayOverrideConfigurationLocked:24 com.android.server.wm.DisplayContent.sendNewConfiguration:133 com.android.server.wm.WindowManagerService.relayoutWindow:1685 com.android.server.wm.Session.relayout:27 android.view.IWindowSession$Stub.onTransact:829 
03-12 23:56:29.755  4832 28752 I HoneySpace.OneUiSpace: received close system dialog reason=dream
03-12 23:56:29.755  2105  2105 I SurfaceFlinger: finalizeDisplayModeChange 4630946564756762243
03-12 23:56:29.755  3003  4343 V WindowManager: Collecting in transition 2735: WindowToken{8004a5b type=2024 android.os.BinderProxy@d7bba75}, caller=com.android.server.wm.TransitionController$$ExternalSyntheticLambda3.accept:43 com.android.server.wm.WindowContainer$ForAllWindowsConsumerWrapper.apply:5 com.android.server.wm.WindowState.applyInOrderWithImeWindows:22 com.android.server.wm.WindowState.forAllWindows:9 com.android.server.wm.WindowContainer.forAllWindows:2 
03-12 23:56:29.755  2105  2105 I SurfaceFlinger: destroyed [Gesture Monitor] secinputdev#22657 form LifecycleManager
03-12 23:56:29.755  2105  2105 I SurfaceFlinger: id=22657 onLayerDestroyed from LayerHierarchyBuilder(RequestedLayerState{[Gesture Monitor] secinputdev#22657 !handle z=1})
03-12 23:56:29.756  3003  3067 D LocalDisplayAdapter: updateActiveModeLocked for d=4630946564756762243, mActiveModeId=3, mActiveSfDisplayMode=DisplayMode{id=2, width=1080, height=2640, xDpi=428.625, yDpi=424.405, peakRefreshRate=60.000004, vsyncRate=60.000004, appVsyncOffsetNanos=16666666, presentationDeadlineNanos=17666666, supportedHdrTypes=[4, 2, 3], group=1080}
03-12 23:56:29.756  2105  2105 I Layer   : id=22657 Destroyed [Gesture Monitor] secinputdev#22657
03-12 23:56:29.756 15873 15873 I PkDeviceHelper: PkDeviceHelper.refreshDevices():87 refreshing devices
03-12 23:56:29.756  3003  4343 I MultiTaskingController: onConfigurationChangedLocked: display#1, configChanges=0x20000c00, scaleW=1.0, scaleH=1.0, prevScreenBounds=Rect(0, 0 - 748, 720), nextScreenBounds=Rect(0, 0 - 748, 720)
03-12 23:56:29.756  3003  3067 I DisplayDeviceRepository: Display device changed render timings: "Built-in Screen", renderFrameRate=60.000004, presentationDeadlineNanos=17666666, appVsyncOffsetNanos=16666666, frameRateOverrides=[{uid=10053 frameRateHz=60.000004}, {uid=10149 frameRateHz=60.000004}, {uid=10455 frameRateHz=60.000004}]
03-12 23:56:29.757  3003  3003 D SGM:GameManager: onDisplayChanged. displyId: 1, state: 1
03-12 23:56:29.757  3003  3003 V CameraService_worker: onDisplayChanged rotation : 0 current mDeviceState : 6
03-12 23:56:29.758  6380 22529 I SDHMS:k : onTaskStackChanged
03-12 23:56:29.758  4832 28752 I HoneySpace.Memory-Monitor: no default Display - 1
03-12 23:56:29.758  6380  6728 I SDHMS:k : no app is Resumed!!! mResumedPackages.size = 0
03-12 23:56:29.760  2105  8327 E ANDR-PERF-CLIENT-SYS: Process is Flooding request to PerfService
03-12 23:56:29.760  4205  4267 V ShellDragAndDrop: Display changed: 1
03-12 23:56:29.760  4832  2378 I HoneySpace.RecentTasks: onRecentTasksChanged
03-12 23:56:29.760 29180 29180 I HBD     : DeX h DeX mode state change in non-main thread 
03-12 23:56:29.760 29180 29180 I HBD     : DeX h DeX mode state change: 3 
03-12 23:56:29.762  6239  6239 I SSS     : [ChatRoomComponentManager] onConfigurationChanged: {1.0 ?mcc0mnc [en_US] ldltr sw308dp w352dp h308dp 340dpi smll hdr widecg land night finger -keyb/v/h -nav/h winConfig={ mBounds=Rect(0, 0 - 748, 720) mAppBounds=Rect(0, 0 - 748, 654) mMaxBounds=Rect(0, 0 - 748, 720) mDisplayRotation=ROTATION_0 mWindowingMode=fullscreen mActivityType=undefined mAlwaysOnTop=undefined mRotation=ROTATION_0 mStageConfig=undefined mPopOver=off mOverlappingWithCutout=false mFlexPanelMode=off} s.4502 fontWeightAdjustment=0 ff=0 bf=-1 bts=0 cst=1.0 nightDim=0 themeSeq=0}
03-12 23:56:29.762  3003  4343 D BLASTSyncEngine: SyncGroup 2735:  Unfinished container: WindowToken{8004a5b type=2024 android.os.BinderProxy@d7bba75} mSyncState=2
03-12 23:56:29.764  3003  3067 I DisplayDeviceRepository: Display device same: DisplayDeviceInfo{"Built-in Screen": uniqueId="local:4630946564756762243", 1080 x 2640, modeId 3, renderFrameRate 60.000004, hasArrSupport false, frameRateCategoryRate FrameRateCategoryRate {normal=60.0, high=90.0}, supportedRefreshRates [120.00001, 96.00001, 60.000004, 48.000004, 30.000002, 24.000002, 10.0], defaultModeId 1, userPreferredModeId -1, supportedModes [{id=1, width=1080, height=2640, fps=120.00001, vsync=120.00001, synthetic=false, alternativeRefreshRates=[10.0, 24.000002, 30.000002, 48.000004, 60.000004, 96.00001], supportedHdrTypes=[2, 3, 4]}, {id=2, width=1080, height=2640, fps=96.00001, vsync=96.00001, synthetic=false, alternativeRefreshRates=[10.0, 24.000002, 30.000002, 48.000004, 60.000004, 120.00001], supportedHdrTypes=[2, 3, 4]}, {id=3, width=1080, height=2640, fps=60.000004, vsync=60.000004, synthetic=false, alternativeRefreshRates=[10.0, 24.000002, 30.000002, 48.000004, 96.00001, 120.00001], supportedHdrTypes=[2, 3, 4]}, {id=4, width=1080, height=2640, fps=48.000004, vsync=48.000004, synthetic=false, alternativeRefreshRates=[10.0, 24.000002, 30.000002, 60.000004, 96.00001, 120.00001], supportedHdrTypes=[2, 3, 4]}, {id=5, width=1080, height=2640, fps=30.000002, vsync=30.000002, synthetic=false, alternativeRefreshRates=[10.0, 24.000002, 48.000004, 60.000004, 96.00001, 120.00001], supportedHdrTypes=[2, 3, 4]}, {id=6, width=1080, height=2640, fps=24.000002, vsync=24.000002, synthetic=false, alternativeRefreshRates=[10.0, 30.000002, 48.000004, 60.000004, 96.00001, 120.00001], supportedHdrTypes=[2, 3, 4]}, {id=7, width=1080, height=2640, fps=10.0, vsync=10.0, synthetic=false, alternativeRefreshRates=[24.000002, 30.000002, 48.000004, 60.000004, 96.00001, 120.00001], supportedHdrTypes=[2, 3, 4]}], colorMode 0, supportedColorModes [0, 7, 9], hdrCapabilities HdrCapabilities{mSupportedHdrTypes=[2, 3, 4], mMaxLuminance=450.0, mMaxAverageLuminance=225.00024, mMinLuminance=5.0E-4}, isForceSdr false, allmSupported false, gameContentTypeSupported false, density 480, 428.625 x 424.405 dpi, appVsyncOff 16666666, presDeadline 17666666, cutout DisplayCutout{insets=Rect(0, 94 - 0, 0) waterfall=Insets{left=0, top=0, right=0, bottom=0} boundingRect={Bounds=[Rect(0, 0 - 0, 0), Rect(505, 0 - 576, 94), Rect(0, 0 - 0, 0), Rect(0, 0 - 0, 0)]} cutoutPathParserInfo={CutoutPathParserInfo{displayWidth=1080 displayHeight=2640 physicalDisplayWidth=1080 physicalDisplayHeight=2640 density={3.0} cutoutSpec={M 0,0 H -11.83333333333333 V 31.33333333333333 H 11.83333333333333 V 0 H 0 Z @dp} rotation={0} scale={1.0} physicalPixelDisplaySizeRatio={1.0}}} sideOverrides={}}, touch INTERNAL, rotation 0, type INTERNAL, address {port=131, model=0x40446d5d66246e}, deviceProductInfo DeviceProductInfo{name=, manufacturerPnpId=QCM, productId=1, modelYear=null, manufactureDate=ManufactureDate{week=27, year=2006}, connectionToSinkType=1}, state OFF, committedState OFF, frameRateOverride {uid=10053 frameRateHz=60.000004} {uid=10149 frameRateHz=60.000004} {uid=10455 frameRateHz=60.000004} , brightnessMinimum 0.0, brightnessMaximum 5.0, brightnessDefault 0.5019608, brightnessDim 0.047058824, hdrSdrRatio 1.0, roundedCorners RoundedCorners{[RoundedCorner{position=TopLeft, radius=114, center=Point(114, 114)}, RoundedCorner{position=TopRight, radius=114, center=Point(966, 114)}, RoundedCorner{position=BottomRight, radius=114, center=Point(966, 2526)}, RoundedCorner{position=BottomLeft, radius=114, center=Point(114, 2526)}]}, FLAG_ALLOWED_TO_BE_DEFAULT_DISPLAY, FLAG_ROTATES_WITH_CONTENT, FLAG_SECURE, FLAG_SUPPORTS_PROTECTED_BUFFERS, FLAG_OWN_CONTENT_ONLY, FLAG_TRUSTED, installOrientation 0, displayShape DisplayShape{ spec=1406003047 displayWidth=1080 displayHeight=2640 physicalPixelDisplaySizeRatio=1.0 rotation=0 offsetX=0 offsetY=0 scale=1.0}}
03-12 23:56:29.764  3003  3068 D BLASTSyncEngine: SyncGroup 2735:  Unfinished container: WindowToken{8004a5b type=2024 android.os.BinderProxy@d7bba75} mSyncState=2
03-12 23:56:29.764  3003  3067 I DisplayDeviceRepository: Display device same: DisplayDeviceInfo{"Built-in Screen": uniqueId="local:4630946564756762243", 1080 x 2640, modeId 3, renderFrameRate 60.000004, hasArrSupport false, frameRateCategoryRate FrameRateCategoryRate {normal=60.0, high=90.0}, supportedRefreshRates [120.00001, 96.00001, 60.000004, 48.000004, 30.000002, 24.000002, 10.0], defaultModeId 1, userPreferredModeId -1, supportedModes [{id=1, width=1080, height=2640, fps=120.00001, vsync=120.00001, synthetic=false, alternativeRefreshRates=[10.0, 24.000002, 30.000002, 48.000004, 60.000004, 96.00001], supportedHdrTypes=[2, 3, 4]}, {id=2, width=1080, height=2640, fps=96.00001, vsync=96.00001, synthetic=false, alternativeRefreshRates=[10.0, 24.000002, 30.000002, 48.000004, 60.000004, 120.00001], supportedHdrTypes=[2, 3, 4]}, {id=3, width=1080, height=2640, fps=60.000004, vsync=60.000004, synthetic=false, alternativeRefreshRates=[10.0, 24.000002, 30.000002, 48.000004, 96.00001, 120.00001], supportedHdrTypes=[2, 3, 4]}, {id=4, width=1080, height=2640, fps=48.000004, vsync=48.000004, synthetic=false, alternativeRefreshRates=[10.0, 24.000002, 30.000002, 60.000004, 96.00001, 120.00001], supportedHdrTypes=[2, 3, 4]}, {id=5, width=1080, height=2640, fps=30.000002, vsync=30.000002, synthetic=false, alternativeRefreshRates=[10.0, 24.000002, 48.000004, 60.000004, 96.00001, 120.00001], supportedHdrTypes=[2, 3, 4]}, {id=6, width=1080, height=2640, fps=24.000002, vsync=24.000002, synthetic=false, alternativeRefreshRates=[10.0, 30.000002, 48.000004, 60.000004, 96.00001, 120.00001], supportedHdrTypes=[2, 3, 4]}, {id=7, width=1080, height=2640, fps=10.0, vsync=10.0, synthetic=false, alternativeRefreshRates=[24.000002, 30.000002, 48.000004, 60.000004, 96.00001, 120.00001], supportedHdrTypes=[2, 3, 4]}], colorMode 0, supportedColorModes [0, 7, 9], hdrCapabilities HdrCapabilities{mSupportedHdrTypes=[2, 3, 4], mMaxLuminance=450.0, mMaxAverageLuminance=225.00024, mMinLuminance=5.0E-4}, isForceSdr false, allmSupported false, gameContentTypeSupported false, density 480, 428.625 x 424.405 dpi, appVsyncOff 16666666, presDeadline 17666666, cutout DisplayCutout{insets=Rect(0, 94 - 0, 0) waterfall=Insets{left=0, top=0, right=0, bottom=0} boundingRect={Bounds=[Rect(0, 0 - 0, 0), Rect(505, 0 - 576, 94), Rect(0, 0 - 0, 0), Rect(0, 0 - 0, 0)]} cutoutPathParserInfo={CutoutPathParserInfo{displayWidth=1080 displayHeight=2640 physicalDisplayWidth=1080 physicalDisplayHeight=2640 density={3.0} cutoutSpec={M 0,0 H -11.83333333333333 V 31.33333333333333 H 11.83333333333333 V 0 H 0 Z @dp} rotation={0} scale={1.0} physicalPixelDisplaySizeRatio={1.0}}} sideOverrides={}}, touch INTERNAL, rotation 0, type INTERNAL, address {port=131, model=0x40446d5d66246e}, deviceProductInfo DeviceProductInfo{name=, manufacturerPnpId=QCM, productId=1, modelYear=null, manufactureDate=ManufactureDate{week=27, year=2006}, connectionToSinkType=1}, state OFF, committedState OFF, frameRateOverride {uid=10053 frameRateHz=60.000004} {uid=10149 frameRateHz=60.000004} {uid=10455 frameRateHz=60.000004} , brightnessMinimum 0.0, brightnessMaximum 5.0, brightnessDefault 0.5019608, brightnessDim 0.047058824, hdrSdrRatio 1.0, roundedCorners RoundedCorners{[RoundedCorner{position=TopLeft, radius=114, center=Point(114, 114)}, RoundedCorner{position=TopRight, radius=114, center=Point(966, 114)}, RoundedCorner{position=BottomRight, radius=114, center=Point(966, 2526)}, RoundedCorner{position=BottomLeft, radius=114, center=Point(114, 2526)}]}, FLAG_ALLOWED_TO_BE_DEFAULT_DISPLAY, FLAG_ROTATES_WITH_CONTENT, FLAG_SECURE, FLAG_SUPPORTS_PROTECTED_BUFFERS, FLAG_OWN_CONTENT_ONLY, FLAG_TRUSTED, installOrientation 0, displayShape DisplayShape{ spec=1406003047 displayWidth=1080 displayHeight=2640 physicalPixelDisplaySizeRatio=1.0 rotation=0 offsetX=0 offsetY=0 scale=1.0}}
03-12 23:56:29.764  3003  3003 D SGM:GameManager: onDisplayChanged. displyId: 0, state: 1
03-12 23:56:29.765  2094  8548 D AudioFlinger: setParameters: filtered dev setParameters keyvalue screen_state=off
03-12 23:56:29.765  3003  3687 D SGM:FgCheckThread: onLooperPrepared(), msg: MSG_LCD_OFF
03-12 23:56:29.765  4205  4362 D StackScroller: onDisplayChanged for predraw skip to 1
03-12 23:56:29.765  3003  3067 E ModeChangeObserver: Changed display not found
03-12 23:56:29.765  3003  5976 D LiftUpHandler: [LTW] Running already.
03-12 23:56:29.765  1992  7816 D AHAL: AudioDevice: SetParameters: 1865: enter
03-12 23:56:29.765  1992  7816 D AHAL: AudioVoice: VoiceSetParameters: 200: Enter
03-12 23:56:29.765  1992  7816 D AHAL: AudioVoice: VoiceSetParameters: 479: Exit ret: 0
03-12 23:56:29.765  1992  7816 D AHAL: hfp: hfp_set_parameters: 444: enter
03-12 23:56:29.765  1992  7816 D AHAL: AudioDevice: SetParameters: 1948:  - screen = off
03-12 23:56:29.765  1992  7816 I PAL: ResourceManager: setParameter: 10683: Screen State:0
03-12 23:56:29.765  1992  7816 D AHAL: AudioDevice: SetParameters: 2798: exit: screen_state=off
03-12 23:56:29.766  4832 21840 I HoneySpace.Memory-Monitor: current state = 1, didTrim = true
03-12 23:56:29.766  4832 21840 I HoneySpace.Memory-Monitor: current state = 1, didTrim = true
03-12 23:56:29.766  4205  4362 D StackScroller: onDisplayChanged for predraw skip to 1
03-12 23:56:29.766  4832 21840 I HoneySpace.RefreshRateSource: singleFrameMs 16
03-12 23:56:29.766  3003  4343 I WindowManager: Relayout hash=2314b6b, pid=4205, syncId=-1: mAttrs={(0,0)(fillx66) gr=BOTTOM CENTER_VERTICAL sim={adjust=pan} layoutInDisplayCutoutMode=always ty=NAVIGATION_BAR fmt=TRANSLUCENT
03-12 23:56:29.766  3003  4343 I WindowManager:   fl=20040028
03-12 23:56:29.766  3003  4343 I WindowManager:   pfl=31000000
03-12 23:56:29.766  3003  4343 I WindowManager:   bhv=1
03-12 23:56:29.766  3003  4343 I WindowManager:   providedInsets:
03-12 23:56:29.766  3003  4343 I WindowManager:     InsetsFrameProvider: {id=#39af0001, index=0, type=navigationBars, source=FRAME, flags=[], insetsSize=Insets{left=0, top=0, right=0, bottom=66}, insetsSizeOverrides=[TypedInsetsSize: {windowType=INPUT_METHOD, insetsSize=null}]}
03-12 23:56:29.766  3003  4343 I WindowManager:     InsetsFrameProvider: {id=#39af0006, index=0, type=tappableElement, source=FRAME, flags=[]}
03-12 23:56:29.766  3003  4343 I WindowManager:     InsetsFrameProvider: {id=#39af0005, index=0, type=mandatorySystemGestures, source=FRAME, flags=[]}
03-12 23:56:29.766  3003  4343 I WindowManager:     InsetsFrameProvider: {id=#39af0004, index=0, type=systemGestures, source=DISPLAY, flags=[], insetsSize=Insets{left=0, top=0, right=0, bottom=0}, mMinimalInsetsSizeInDisplayCutoutSafe=Insets{left=0, top=0, right=0, bottom=0}}
03-12 23:56:29.766  3003  4343 I WindowManager:     InsetsFrameProvider: {id=#39af0024, index=1, type=systemGestures, source=DISPLAY, flags=[], insetsSize=Insets{left=0, top=0, right=0, bottom=0}, mMinimalInsetsSizeInDisplayCutoutSafe=Insets{left=0, top=0, right=0, bottom=0}}
03-12 23:56:29.766  3003  4343 I WindowManager:   frameRateBoostOnTouch=true
03-12 23:56:29.766  3003  4343 I WindowManager:   dvrrWindowFrameRateHint=true
03-12 23:56:29.766  3003  4343 I WindowManager:   paramsForRotation:
03-12 23:56:29.766  3003  4343 I WindowManager:     ROTATION_0={(0,0)(fillx66) gr=BOTTOM CENTER_VERTICAL layoutInDisplayCutoutMode=always ty=NAVIGATION_BAR fmt=TRANSLUCENT
03-12 23:56:29.766  3003  4343 I WindowManager:       fl=20040028
03-12 23:56:29.766  3003  4343 I WindowManager:       pfl=31000000
03-12 23:56:29.766  3003  4343 I WindowManager:       bhv=1
03-12 23:56:29.766  3003  4343 I WindowManager:       providedInsets:
03-12 23:56:29.766  3003  4343 I WindowManager:         InsetsFrameProvider: {id=#39af0001, index=0, type=navigationBars, source=FRAME, flags=[], insetsSize=Insets{left=0, top=0, right=0, bottom=66}, insetsSizeOverrides=[TypedInsetsSize: {windowType=INPUT_METHOD, insetsSize=null}]}
03-12 23:56:29.766  3003  4343 I WindowManager:         InsetsFrameProvider: {id=#39af0006, index=0, type=tappableElement, source=FRAME, flags=[]}
03-12 23:56:29.766  3003  4343 I WindowManager:         InsetsFrameProvider: {id=#39af0005, index=0, type=mandatorySystemGestures, source=FRAME, flags=[]}
03-12 23:56:29.766  3003  4343 I WindowManager:         InsetsFrameProvider: {id=#39af0004, index=0, type=systemGestures, source=DISPLAY, flags=[], insetsSize=Insets{left=0, top=0, right=0, bottom=0}, mMinimalInsetsSizeInDisplayCutoutSafe=Insets{left=0, top=0, right=0, bottom=0}}
03-12 23:56:29.766  3003  4343 I WindowManager:         InsetsFrameProvider: {id=#39af0024, index=1, type=systemGestures, source=DISPLAY, flags=[], insetsSize=Insets{left=0, top=0, right=0, bottom=0}, mMinimalInsetsSizeInDisplayCutoutSafe=Insets{left=0, top=0, right=0, bottom=0}}
03-12 23:56:29.766  3003  4343 I WindowManager:       frameRateBoostOnTouch=true
03-12 23:56:29.766  3003  4343 I WindowManager:       dvrrWindowFrameRateHint=true naviIconColor=0}
03-12 23:56:29.766  3003  4343 I WindowManager:     ROTATION_90={(0,0)(66xfill) gr=RIGHT CENTER_HORIZONTAL layoutInDisplayCutoutMode=always ty=NAVIGATION_BAR fmt=TRANSLUCENT
03-12 23:56:29.766  3003  4343 I WindowManager:       fl=20040028
03-12 23:56:29.766  3003  4343 I WindowManager:       pfl=31000000
03-12 23:56:29.766  3003  4343 I WindowManager:       bhv=1
03-12 23:56:29.766  3003  4343 I WindowManager:       providedInsets:
03-12 23:56:29.766  3003  4343 I WindowManager:         InsetsFrameProvider: {id=#39af0001, index=0, type=navigationBars, source=FRAME, flags=[], insetsSizeOverrides=[TypedInsetsSize: {windowType=INPUT_METHOD, insetsSize=null}]}
03-12 23:56:29.766  3003  4343 I WindowManager:         InsetsFrameProvider: {id=#39af0006, index=0, type=tappableElement, source=FRAME, flags=[]}
03-12 23:56:29.766  3003  4343 I WindowManager:         InsetsFrameProvider: {id=#39af0005, index=0, type=mandatorySystemGestures, source=FRAME, flags=[]}
03-12 23:56:29.766  3003  4343 I WindowManager:         InsetsFrameProvider: {id=#39af0004, index=0, type=systemGestures, source=DISPLAY, flags=[], insetsSize=Insets{left=0, top=0, right=0, bottom=0}, mMinimalInsetsSizeInDisplayCutoutSafe=Insets{left=0, top=0, right=0, bottom=0}}
03-12 23:56:29.766  3003  4343 I WindowManager:         InsetsFrameProvider: {id=#39af0024, index=1, type=systemGestures, source=DISPLAY, flags=[], insetsSize=Insets{left=0, top=0, right=0, bottom=0}, mMinimalInsetsSizeInDisplayCutoutSafe=Insets{left=0, top=0, right=0, bottom=0}}
03-12 23:56:29.766  3003  4343 I WindowManager:       frameRateBoostOnTouch=true
03-12 23:56:29.766  3003  4343 I WindowManager:       dvrrWindowFrameRateHint=true naviIconColor=0}
03-12 23:56:29.766  3003  4343 I WindowManager:     ROTATION_180={(0,0)(fillx66) gr=TOP CENTER_VERTICAL layoutInDisplayCutoutMode=always ty=NAVIGATION_BAR fmt=TRANSLUCENT
03-12 23:56:29.766  3003  4343 I WindowManager:       fl=20040028
03-12 23:56:29.766  3003  4343 I WindowManager:       pfl=31000000
03-12 23:56:29.766  3003  4343 I WindowManager:       bhv=1
03-12 23:56:29.766  3003  4343 I WindowManager:       providedInsets:
03-12 23:56:29.766  3003  4343 I WindowManager:         InsetsFrameProvider: {id=#39af0001, index=0, type=navigationBars, source=FRAME, flags=[], insetsSize=Insets{left=0, top=0, right=0, bottom=66}, insetsSizeOverrides=[TypedInsetsSize: {windowType=INPUT_METHOD, insetsSize=null}]}
03-12 23:56:29.766  3003  4343 I WindowManager:         InsetsFrameProvider: {id=#39af0006, index=0, type=tappableElement, source=FRAME, flags=[]}
03-12 23:56:29.766  3003  4343 I WindowManager:         InsetsFrameProvider: {id=#39af0005, index=0, type=mandatorySystemGestures, source=FRAME, flags=[]}
03-12 23:56:29.766  3003  4343 I WindowManager:         InsetsFrameProvider: {id=#39af0004, index=0, type=systemGestures, source=DISPLAY, flags=[], insetsSize=Insets{left=0, top=0, right=0, bottom=0}, mMinimalInsetsSizeInDisplayCutoutSafe=Insets{left=0, top=0, right=0, bottom=0}}
03-12 23:56:29.766  3003  4343 I WindowManager:         InsetsFrameProvider: {id=#39af0024, index=1, type=systemGestures, source=DISPLAY, flags=[], insetsSize=Insets{left=0, top=0, right=0, bottom=0}, mMinimalInsetsSizeInDisplayCutoutSafe=Insets{left=0, top=0, right=0, bottom=0}}
03-12 23:56:29.766  3003  4343 I WindowManager:       frameRateBoostOnTouch=true
03-12 23:56:29.766  3003  4343 I WindowManager:       dvrrWindowFrameRateHint=true naviIconColor=0}
03-12 23:56:29.766  3003  4343 I WindowManager:     ROTATION_270={(0,0)(66xfill) gr=LEFT CENTER_HORIZONTAL layoutInDisplayCutoutMode=always ty=NAVIGATION_BAR fmt=TRANSLUCENT
03-12 23:56:29.766  3003  4343 I WindowManager:       fl=20040028
03-12 23:56:29.766  3003  4343 I WindowManager:       pfl=31000000
03-12 23:56:29.766  3003  4343 I WindowManager:       bhv=1
03-12 23:56:29.766  3003  4343 I WindowManager:       providedInsets:
03-12 23:56:29.766  3003  4343 I WindowManager:         InsetsFrameProvider: {id=#39af0001, index=0, type=navigationBars, source=FRAME, flags=[], insetsSizeOverrides=[TypedInsetsSize: {windowType=INPUT_METHOD, insetsSize=null}]}
03-12 23:56:29.766  3003  4343 I WindowManager:         InsetsFrameProvider: {id=#39af0006, index=0, type=tappableElement, source=FRAME, flags=[]}
03-12 23:56:29.766  3003  4343 I WindowManager:         InsetsFrameProvider: {id=#39af0005, index=0, type=mandatorySystemGestures, source=FRAME, flags=[]}
03-12 23:56:29.766  3003  4343 I WindowManager:         InsetsFrameProvider: {id=#39af0004, index=0, type=systemGestures, source=DISPLAY, flags=[], insetsSize=Insets{left=0, top=0, right=0, bottom=0}, mMinimalInsetsSizeInDisplayCutoutSafe=Insets{left=0, top=0, right=0, bottom=0}}
03-12 23:56:29.766  3003  4343 I WindowManager:         InsetsFrameProvider: {id=#39af0024, index=1, type=systemGestures, source=DISPLAY, flags=[], insetsSize=Insets{left=0, top=0, right=0, bottom=0}, mMinimalInsetsSizeInDisplayCutoutSafe=Insets{left=0, top=0, right=0, bottom=0}}
03-12 23:56:29.766  3003  4343 I WindowManager:       frameRateBoostOnTouch=true
03-12 23:56:29.766  3003  4343 I WindowManager:       dvrrWindowFrameRateHint=true naviIconColor=0} naviIconColor=0}
03-12 23:56:29.766  3003  3068 D BLASTSyncEngine: SyncGroup 2735:  Unfinished container: WindowToken{8004a5b type=2024 android.os.BinderProxy@d7bba75} mSyncState=2
