03-13 02:01:18.502  3003  4927 D WifiDisplayAdapter: isFitToActiveDisplayLocked : false
03-13 02:01:18.502  4832  4895 I HoneySpace.TaskbarEventTracker: invokeEvent() called with: event = SystemUiStateChanged(stateFlags=272761218)
03-13 02:01:18.502  3003  3067 D RefreshRateModeManager: onBrightnessChanged: brt=0, lux=-1.0
03-13 02:01:18.503  4205  4267 I VRI[ShellDropTarget]@a0b4a8f: onDisplayChanged oldDisplayState=2 newDisplayState=1
03-13 02:01:18.503  4205  4267 I VRI[View root of ReusableWindowDecorViewHost#0]@15d66b2: onDisplayChanged oldDisplayState=2 newDisplayState=1
03-13 02:01:18.503  4205  4267 I VRI[View root of ReusableWindowDecorViewHost#1]@d4195f3: onDisplayChanged oldDisplayState=2 newDisplayState=1
03-13 02:01:18.504  3003  3068 I SurfaceComposerClient: apply DisplayState::eFlagsChanged(index:0) flags(0)
03-13 02:01:18.501  4607  4607 D libnfc_nci: nfcManager_doSetScreenState: state = 1 prevScreenState= 8, discovry_param = 1
03-13 02:01:18.504  4205  4881 I VRI[ScreenDecorOverlayCover]@cddcdb0: onDisplayChanged oldDisplayState=1 newDisplayState=1
03-13 02:01:18.504 19312 19312 I VRI[FbMainTabActivity]@eda078d: onDisplayChanged oldDisplayState=2 newDisplayState=1
03-13 02:01:18.504  2022  2124 I HYPER-HAL: [RequestManager.cpp]acquire(): Acquired ID : 2112570  [2025 / 30]    HINT :      list : [UCLAMP_MIN_BOOST / 50] [TID / 4392] [TID / 4393] [TID / 4205] [TID / 4394] 
03-13 02:01:18.504  2022  2124 I HYPER-HAL: [RequestManager.cpp]acquire(): Acquired ID : 2112570  [2025 / 30]    HINT :      list : [UCLAMP_MIN_BOOST / 100] [TID / 4392] [TID / 4393] [TID / 4205] [TID / 4394] 
03-13 02:01:18.504  2022  2124 I HYPER-HAL: [RequestManager.cpp]acquire(): Acquired ID : 2112570  [2025 / 30]    HINT :      list : [UCLAMP_MIN_BOOST / 150] [TID / 4392] [TID / 4393] [TID / 4205] [TID / 4394] 
03-13 02:01:18.504  2022  2124 I HYPER-HAL: [RequestManager.cpp]acquire(): Acquired ID : 2112570  [2025 / 30]    HINT :      list : [UCLAMP_MIN_BOOST / 200] [TID / 4392] [TID / 4393] [TID / 4205] [TID / 4394] 
03-13 02:01:18.504  2022  2124 I HYPER-HAL: [RequestManager.cpp]acquire(): Acquired ID : 2112570  [2025 / 30]    HINT :      list : [UCLAMP_MIN_BOOST / 250] [TID / 4392] [TID / 4393] [TID / 4205] [TID / 4394] 
03-13 02:01:18.504  2022  2124 I HYPER-HAL: [RequestManager.cpp]acquire(): Acquired ID : 2112570  [2025 / 30]    HINT :      list : [UCLAMP_MIN_BOOST / 300] [TID / 4392] [TID / 4393] [TID / 4205] [TID / 4394] 
03-13 02:01:18.504  2022  2124 I HYPER-HAL: [RequestManager.cpp]acquire(): Acquired ID : 2112570  [2025 / 30]    HINT :      list : [UCLAMP_MIN_BOOST / 350] [TID / 4392] [TID / 4393] [TID / 4205] [TID / 4394] 
03-13 02:01:18.504  2022  2124 I HYPER-HAL: [RequestManager.cpp]acquire(): Acquired ID : 2112570  [2025 / 30]    HINT :      list : [UCLAMP_MIN_BOOST / 400] [TID / 4392] [TID / 4393] [TID / 4205] [TID / 4394] 
03-13 02:01:18.505 19312 19312 I VRI[FbMainTabActivity]@bb0e787: onDisplayChanged oldDisplayState=2 newDisplayState=1
03-13 02:01:18.505 19312 19312 I VRI[ImmersiveActivity]@6e4be4e: onDisplayChanged oldDisplayState=2 newDisplayState=1
03-13 02:01:18.504 15873 15873 I VRI[InputMethod]@ee95d13: onDisplayChanged oldDisplayState=2 newDisplayState=1
03-13 02:01:18.506  1992  7816 D AHAL: AudioDevice: SetParameters: 1865: enter
03-13 02:01:18.506  1992  7816 D AHAL: AudioVoice: VoiceSetParameters: 200: Enter
03-13 02:01:18.506  1992  7816 D AHAL: AudioVoice: VoiceSetParameters: 479: Exit ret: 0
03-13 02:01:18.506  1992  7816 D AHAL: hfp: hfp_set_parameters: 444: enter
03-13 02:01:18.506  1992  7816 D AHAL: AudioDevice: SetParameters: 1948:  - screen = off
03-13 02:01:18.506  1992  7816 I PAL: ResourceManager: setParameter: 10683: Screen State:0
03-13 02:01:18.506  1992  7816 D AHAL: AudioDevice: SetParameters: 2798: exit: screen_state=off
03-13 02:01:18.506  1993  1993 D vendor.qti.bluetooth@1.1-ibs_handler: SerialClockVote: vote for UART CLK ON
03-13 02:01:18.506  4607  4986 D NxpGenExtn: vendor_nfc_handle_event Enter eventCode:11
03-13 02:01:18.506  4607  4986 D NxpGenExtn: phNxpExtn_HandleVendorNciMsg Not vendor specific command!!
03-13 02:01:18.506  4607  4986 I NxpGenExtn: phNxpExtn_Write NCI datalen:7
03-13 02:01:18.506  4607  4986 I NxpGenExtn: processExtnWrite Enter dataLen:7
03-13 02:01:18.506  4607  4986 I NxpPropExtn: phNxpProp_ProcessExtnWrite PropExtensionController Enter dataLen:7
03-13 02:01:18.506  4607  4986 I NxpPropExtn: processExtnWrite Enter
03-13 02:01:18.506  4607  4986 D NxpPropExtn: NciStateMonitor processExtnWrite Enter
03-13 02:01:18.506  4607  4986 D NxpPropExtn: resendRequired, resend required
03-13 02:01:18.506  4607  4986 D NxpGenExtn: write Enter wLength:7
03-13 02:01:18.507  4607  4986 D NxpGenExtn: palenQueueWrite Enter wLength:7
03-13 02:01:18.507  1993  1993 D vendor.qti.bluetooth@1.1-wake_lock: Acquire wakelock is acquired 
03-13 02:01:18.507  1993  1993 I vendor.qti.bluetooth@1.1-ibs_handler: DeviceWakeUp: Writing IBS_WAKE_IND
03-13 02:01:18.508  6239  6239 I VRI[OnboardingActivity]@7b65a5f: onDisplayChanged oldDisplayState=1 newDisplayState=1
03-13 02:01:18.508 15873 15873 I PkDeviceHelper: PkDeviceHelper.refreshDevices():87 refreshing devices
03-13 02:01:18.509  4360  4776 I SprWallpaper|FoldInteractive: resetFrame : onSeekReady
03-13 02:01:18.509  4360  4776 I SprWallpaper|FoldInteractive: seekTo: frame[0], time[0]
03-13 02:01:18.509  2094  8035 D AudioFlinger: setParameters: filtered dev setParameters keyvalue screen_state=off
03-13 02:01:18.510  1992 15104 D AHAL: AudioDevice: SetParameters: 1865: enter
03-13 02:01:18.510  1992 15104 D AHAL: AudioVoice: VoiceSetParameters: 200: Enter
03-13 02:01:18.510  1992 15104 D AHAL: AudioVoice: VoiceSetParameters: 479: Exit ret: 0
03-13 02:01:18.510  1992 15104 D AHAL: hfp: hfp_set_parameters: 444: enter
03-13 02:01:18.510  1992 15104 D AHAL: AudioDevice: SetParameters: 1948:  - screen = off
03-13 02:01:18.510  1992 15104 I PAL: ResourceManager: setParameter: 10683: Screen State:0
03-13 02:01:18.510  1992 15104 D AHAL: AudioDevice: SetParameters: 2798: exit: screen_state=off
03-13 02:01:18.512  4832  4832 I VRI[RecentsTransitionOverlay]@4784a59: onDisplayChanged oldDisplayState=2 newDisplayState=1
03-13 02:01:18.512  4832  4832 I VRI[LauncherActivity]@f209089: onDisplayChanged oldDisplayState=2 newDisplayState=1
03-13 02:01:18.512  4832  4832 I VRI[CocktailBarService]@5e29200: onDisplayChanged oldDisplayState=2 newDisplayState=1
03-13 02:01:18.512  4832  1720 I HoneySpace.Memory-Monitor: current state = 1, didTrim = false
03-13 02:01:18.512  4832  1720 I HoneySpace.Memory-Monitor: onDisplayStateChanged lastChangedDisplayState = 1
03-13 02:01:18.513  4832  4832 I VRI[RecentsActivity]@5bc9119: onDisplayChanged oldDisplayState=2 newDisplayState=1
03-13 02:01:18.513  4832  1720 I HoneySpace.Memory-Monitor: no default Display - 1
03-13 02:01:18.513  4832  1720 I HoneySpace.Memory-Monitor: current state = 1, didTrim = true
03-13 02:01:18.513 16161 14665 I NearbySharing: Screen is locked
03-13 02:01:18.513 16161 14665 I NearbySharing: Stopping scanning because the screen is locked.
03-13 02:01:18.513  4607 21478 D NxpGenExtn: enQueueWriteInternal Enter wLength:7
03-13 02:01:18.514  2439  2439 I android.hardware.nfc-service.nxp: write
03-13 02:01:18.515 16161 16161 I NearbyDiscovery: (REDACTED) FastPairDisplayObserver: %s -> %s
03-13 02:01:18.515  4832  6719 I HoneySpace.Memory-Monitor: cleanMemory count=1, needTrim=true, delayTime=30000
03-13 02:01:18.516 16161 14665 I NearbySharing: Stopping Fast Init advertisement because Bluetooth is off.
03-13 02:01:18.516 16161 14665 I NearbySharing: Stopping advertising because Bluetooth is disabled.
03-13 02:01:18.516 16161 14665 I NearbySharing: Stopping FastInitiation scanning because the screen is locked.
03-13 02:01:18.516 16161 14665 D BluetoothAdapter: isLeEnabled(): BLE_ON
03-13 02:01:18.516 16161 14665 D BluetoothLeScanner: Stop Scan with callback
03-13 02:01:18.516  1993  6685 I vendor.qti.bluetooth@1.1-ibs_handler: ProcessIbsCmd: Received IBS_WAKE_ACK: 0xFC
03-13 02:01:18.516  1993  6685 I vendor.qti.bluetooth@1.1-ibs_handler: ProcessIbsCmd: Signal wack_cond_
03-13 02:01:18.516  4205  4205 D NavBarView: disableBack=false (isBackDismissIme=false, handlingGestures=false, disabledFlagBack=false, isBottomGesture=false, isImeRenderingNavButtons=false)
03-13 02:01:18.517  1993  1993 D vendor.qti.bluetooth@1.1-ibs_handler: DeviceWakeUp: Unblocked from waiting for FC, pthread_cond_timedwait ret = 0
03-13 02:01:18.517  2097  2125 E HeatmapThread: ECT Thread time in milliseconds: 1773381678
03-13 02:01:18.517  4205  4205 D Navbar.Store: ----handleEvent(0) OnUpdateSysUiStateFlag(noArguments=true) [Module] SamsungNavigationBarView
03-13 02:01:18.517  4205  4205 D Navbar.Store: ------[Band]GESTURE_PACK_UPDATE_SYSTEMUI_STATE_FLAG
03-13 02:01:18.517  4205  4205 D Navbar.Store: ------[Band] (afterAction) GESTURE_PACK_UPDATE_SYSTEMUI_STATE_FLAG
03-13 02:01:18.517  5393  5832 I bluetooth: system/gd/hci/le_scanning_manager.cc:765 stop_scan: Scanning already stopped, return!
03-13 02:01:18.517  4205  4205 D Navbar.Store: handleEvent(0) OnConfigChanged(newConfig={1.0 ?mcc0mnc [en_US] ldltr sw360dp w360dp h880dp 480dpi nrml long hdr widecg port night finger -keyb/v/h -nav/h winConfig={ mBounds=Rect(0, 0 - 1080, 2640) mAppBounds=Rect(0, 0 - 1080, 2640) mMaxBounds=Rect(0, 0 - 1080, 2640) mDisplayRotation=ROTATION_0 mWindowingMode=fullscreen mActivityType=undefined mAlwaysOnTop=undefined mRotation=ROTATION_0 mStageConfig=undefined mPopOver=undefined mOverlappingWithCutout=false mFlexPanelMode=off} s.4990 fontWeightAdjustment=0 ff=0 bf=-1 bts=0 cst=1.0 nightDim=0 themeSeq=0}) [Module] NavigationBarControllerImpl
03-13 02:01:18.517  4205  4205 D Navbar.Store: --[Band]CONFIG_PACK_CONFIG_CHANGED
03-13 02:01:18.517  5393  5832 W bluetooth: system/gd/hci/le_scanning_manager.cc:732 start_scan: start_scan
03-13 02:01:18.517  1993  6685 I vendor.qti.bluetooth@1.1-ibs_handler: ProcessIbsCmd: Received IBS_WAKE_IND: 0xFD
03-13 02:01:18.517  5393  5832 W bluetooth: system/gd/hci/le_scanning_manager.cc:735 start_scan: Register address manager
03-13 02:01:18.517  1993  6685 I vendor.qti.bluetooth@1.1-ibs_handler: ProcessIbsCmd: Writing IBS_WAKE_ACK
03-13 02:01:18.517  4205  4205 D Navbar.Store: handleEvent(0) OnNavBarConfigChanged(canMove=true, supportPhoneLayoutProvider=true, imeDownButtonForAllRotation=false, navigationMode=0) [Module] NavigationBarControllerImpl
03-13 02:01:18.517  4205  4205 D Navbar.Store: --[Band]STABLE_LAYOUT_PACK_NAVBAR_CONFIG_CHANGED
03-13 02:01:18.517  4205  4205 D NavBarStateManager: NavBarStates(0) supportLargeCoverScreenNavBar: false
03-13 02:01:18.517  5393  5832 I bluetooth: system/gd/hci/le_address_manager.cc:581 GetNextPrivateAddressIntervalRange: client=LeAddressManager, nonwake=8m46s, wake=13m2s
03-13 02:01:18.517  4205  4205 D Navbar.Store: --updateLayoutProvider() layoutProviderContainer = com.android.systemui.navigationbar.layout.LayoutProviderContainerImpl@1dbf89d
03-13 02:01:18.517  4205  4205 D NavBarStateManager: NavBarStates(0) supportLargeCoverScreenNavBar: false
03-13 02:01:18.517  4205  4205 D Navbar.Store: --[Band] (afterAction) STABLE_LAYOUT_PACK_NAVBAR_CONFIG_CHANGED
03-13 02:01:18.517  5393  5832 I bluetooth: system/gd/hci/le_address_manager.cc:259 register_client: Scheduled address rotation for first client registered
03-13 02:01:18.517  4205  4205 D Navbar.Store: handleEvent(1) OnConfigChanged(newConfig={1.0 ?mcc0mnc [en_US] ldltr sw360dp w360dp h880dp 480dpi nrml long hdr widecg port night finger -keyb/v/h -nav/h winConfig={ mBounds=Rect(0, 0 - 1080, 2640) mAppBounds=Rect(0, 0 - 1080, 2640) mMaxBounds=Rect(0, 0 - 1080, 2640) mDisplayRotation=ROTATION_0 mWindowingMode=fullscreen mActivityType=undefined mAlwaysOnTop=undefined mRotation=ROTATION_0 mStageConfig=undefined mPopOver=undefined mOverlappingWithCutout=false mFlexPanelMode=off} s.4990 fontWeightAdjustment=0 ff=0 bf=-1 bts=0 cst=1.0 nightDim=0 themeSeq=0}) [Module] NavigationBarControllerImpl
03-13 02:01:18.517  5393  5832 I bluetooth: system/gd/hci/le_address_manager.cc:263 register_client: Client registered
03-13 02:01:18.517  4205  4205 D Navbar.Store: handleEvent(1) OnNavBarConfigChanged(canMove=true, supportPhoneLayoutProvider=true, imeDownButtonForAllRotation=false, navigationMode=0) [Module] NavigationBarControllerImpl
03-13 02:01:18.517  4205  4205 D Navbar.Store: --[Band]STABLE_LAYOUT_PACK_NAVBAR_CONFIG_CHANGED
03-13 02:01:18.517  4205  4205 D NavBarStateManager: NavBarStates(1) supportLargeCoverScreenNavBar: true
03-13 02:01:18.518  3003  3911 D SensorService: setSContextDataLocked ints length 2 , byte length 4
03-13 02:01:18.518  3003  3911 D SensorService: setSContextDataLocked d20db4
03-13 02:01:18.518  4205  4205 D LayoutProviderContainerImpl: getCoverDisplayContext, cover display=Display id 1: DisplayInfo{"Built-in Screen", displayId 1, displayGroupId 0, FLAG_SECURE, FLAG_SUPPORTS_PROTECTED_BUFFERS, FLAG_PRESENTATION, FLAG_CAN_SHOW_WITH_INSECURE_KEYGUARD, FLAG_SHOULD_SHOW_SYSTEM_DECORATIONS, FLAG_TRUSTED, FLAG_ALLOWS_CONTENT_MODE_SWITCH, real 748 x 720, largest app 748 x 748, smallest app 618 x 552, appVsyncOff 16666666, presDeadline 17666666, mode 8, renderFrameRate 60.000004, hasArrSupport false, frameRateCategoryRate FrameRateCategoryRate {normal=60.0, high=90.0}, supportedRefreshRates [60.000004], defaultMode 8, REFRESH_RATE_MODE_SEAMLESS, userPreferredModeId -1, supportedModes [{id=8, width=748, height=720, fps=60.000004, vsync=60.000004, synthetic=false, alternativeRefreshRates=[], supportedHdrTypes=[2, 3, 4]}], appsSupportedModes [{id=8, width=748, height=720, fps=60.000004, vsync=60.000004, synthetic=false, alternativeRefreshRates=[], supportedHdrTypes=[2, 3, 4]}], hdrCapabilities HdrCapabilities{mSupportedHdrTypes=[2, 3, 4], mMaxLuminance=450.0, mMaxAverageLuminance=225.00024, mMinLuminance=5.0E-4}, isForceSdr false, userDisabledHdrTypes [], minimalPostProcessingSupported false, rotation 0, state OFF, committedState OFF}, DisplayMetrics{density=2.125, width=748, height=618, scaledDensity=2.125, xdpi=306.438, ydpi=309.966}, isValid=true
03-13 02:01:18.518 16161 17325 I NearbyDiscovery: (REDACTED) PureOffloadFastPairScanner: eventType=%s, isInternalReq=%s, isScanning=%s, isScanningAllowed=%s
03-13 02:01:18.519 16161 17325 I NearbyDiscovery: (REDACTED) ApFastPairScanner: isScreenOn=%s, isLocationEnabled=%s, disableLocationRequirement=%s, isDiscoveryScanningEnabled=%s, during24GhzWifiWarmingUpPeriod=%s
03-13 02:01:18.519  4205  4205 D Navbar.Store: --updateLayoutProvider() layoutProviderContainer = com.android.systemui.navigationbar.layout.LayoutProviderContainerImpl@1dbf89d
03-13 02:01:18.519  4205  4205 D NavBarStateManager: NavBarStates(1) supportLargeCoverScreenNavBar: true
03-13 02:01:18.519  4205  4205 D LayoutProviderContainerImpl: getCoverDisplayContext, cover display=Display id 1: DisplayInfo{"Built-in Screen", displayId 1, displayGroupId 0, FLAG_SECURE, FLAG_SUPPORTS_PROTECTED_BUFFERS, FLAG_PRESENTATION, FLAG_CAN_SHOW_WITH_INSECURE_KEYGUARD, FLAG_SHOULD_SHOW_SYSTEM_DECORATIONS, FLAG_TRUSTED, FLAG_ALLOWS_CONTENT_MODE_SWITCH, real 748 x 720, largest app 748 x 748, smallest app 618 x 552, appVsyncOff 16666666, presDeadline 17666666, mode 8, renderFrameRate 60.000004, hasArrSupport false, frameRateCategoryRate FrameRateCategoryRate {normal=60.0, high=90.0}, supportedRefreshRates [60.000004], defaultMode 8, REFRESH_RATE_MODE_SEAMLESS, userPreferredModeId -1, supportedModes [{id=8, width=748, height=720, fps=60.000004, vsync=60.000004, synthetic=false, alternativeRefreshRates=[], supportedHdrTypes=[2, 3, 4]}], appsSupportedModes [{id=8, width=748, height=720, fps=60.000004, vsync=60.000004, synthetic=false, alternativeRefreshRates=[], supportedHdrTypes=[2, 3, 4]}], hdrCapabilities HdrCapabilities{mSupportedHdrTypes=[2, 3, 4], mMaxLuminance=450.0, mMaxAverageLuminance=225.00024, mMinLuminance=5.0E-4}, isForceSdr false, userDisabledHdrTypes [], minimalPostProcessingSupported false, rotation 0, state OFF, committedState OFF}, DisplayMetrics{density=2.125, width=748, height=618, scaledDensity=2.125, xdpi=306.438, ydpi=309.966}, isValid=true
03-13 02:01:18.520 16161 17325 D BluetoothAdapter: isLeEnabled(): BLE_ON
03-13 02:01:18.520 16161 17325 I NearbyDiscovery: (REDACTED) ApFastPairScanner: eventType=%s, intReq=%s, scanning=%s, scanAllowed=%s, bleEnabled=%s, lockScanRate=%s, startScanningByLowPowerMode=%s
03-13 02:01:18.520  2007  2007 I sensors-hal: inject_sensor_data:407, handle 1502 send inject
03-13 02:01:18.520  2007  2007 I sensors-hal: sendContextData:290, sensor hal 4, (0xb4, 0xd, 0xd2, 0x0)
03-13 02:01:18.520  2007  2007 I sensors-hal: sendContextData:230, activities 4 b4, 1
03-13 02:01:18.520  2007  2007 I sensors-hal: sendUserData:251, Activities cmd 0xb4 0xd
03-13 02:01:18.520  2007  2007 I sensors-hal: sendUserData:258, Activities LCD off
03-13 02:01:18.520  2007  2007 I sensors-hal: create_send_context_data:80, sending create_send_context_data
03-13 02:01:18.520  2007  2007 I sensors-hal: send_context_data:694, activities, 4914309220830019584, 1320970896291267344, msgid:700
03-13 02:01:18.520  4205  4205 D Navbar.Store: --[Band] (afterAction) STABLE_LAYOUT_PACK_NAVBAR_CONFIG_CHANGED
03-13 02:01:18.520  2007  2007 I sensors-hal: sendContextData:114, common_info 4
03-13 02:01:18.520  2007  2007 I sensors-hal: sendUserData:135, CommonInfo 0xb4 0xd 0xd2 0x0, 13835075664916547616
03-13 02:01:18.520  2007  2007 I sensors-hal: create_send_context_data:70, sending create_send_context_data
03-13 02:01:18.520  2007  2007 I sensors-hal: send_context_data:694, common_info, 4914309147815575552, 1320970896291267344, msgid:700
03-13 02:01:18.520  2092  2092 I SSC_DAEMON: handleSensorTestReqMsg:85, Sensor type :4, Msg type:15
03-13 02:01:18.520  2092  2092 I SSC_DAEMON: physicalSensorTestReqMsg:130, s:4, m:15
03-13 02:01:18.521  2007  3909 I sensors-hal: qsh_conn_resp_cb:930, resp_value = 0 for activities 
03-13 02:01:18.521  2007  3909 I sensors-hal: qsh_conn_resp_cb:930, resp_value = 0 for common_info 
03-13 02:01:18.521  4832 27199 I HoneySpace.SystemUiRepository: assistantAvailable = false
03-13 02:01:18.522  4205  4205 I SubScreenManager:  onDeviceStateChanged DeviceState{identifier=0, name='CLOSED', app_accessible=false, cancel_when_requester_not_on_top=false}
03-13 02:01:18.522  4205  4205 I SubScreenManager: requestDualState false
03-13 02:01:18.522 16161 17325 I NearbyDiscovery: (REDACTED) ApFastPairScanner: Stopping scan, %s
03-13 02:01:18.522 16161 17325 D BluetoothAdapter: isLeEnabled(): BLE_ON
03-13 02:01:18.522 16161 17325 D BluetoothLeScanner: Stop Scan with callback
03-13 02:01:18.523  3003  4343 I DeviceStateManagerService: cancelRequestInternal pid:4205, ignore
03-13 02:01:18.523  4205  4205 I SubScreenManager: onDeviceStateChanged() 
03-13 02:01:18.523  4205  4205 I SubLauncher:SubLauncherStateManager@232606011: setTentMode: 2 -> 0 
03-13 02:01:18.523  4205  4205 I FoldStateManager: onFoldStateChanged: true
03-13 02:01:18.523  4205  4205 I FoldStateManager: updateFoldState: isFolded = true
03-13 02:01:18.523  4205  4205 I FoldStateManager: onTableModeChanged: false
03-13 02:01:18.523  4205  4205 I FoldStateManager: updateTableMode: isTableMode = false
03-13 02:01:18.523  4205  4205 D SubscreenQsPanelControllerBase: onFolderStateChangedfalse
03-13 02:01:18.523  4205  4205 D SubscreenQsPanelControllerBase: setTiles 
03-13 02:01:18.523  4205  4205 D SubscreenQsPanelControllerBase: adding Tilespec : Wifi
03-13 02:01:18.523  4205  4205 E SecQSPanelResourcePickHelper: need to prepare suitable picker for COVER
03-13 02:01:18.523  2092  3859 I SSC_DAEMON: light_event_log:185, light_msg(4/15): lcd off - 0,-1,-1,0
03-13 02:01:18.524  4205  4205 E SecQSPanelResourcePickHelper: need to prepare suitable picker for COVER
03-13 02:01:18.524  4205  4205 E SecQSPanelResourcePickHelper: need to prepare suitable picker for COVER
03-13 02:01:18.524  4205  4205 E SecQSPanelResourcePickHelper: need to prepare suitable picker for COVER
03-13 02:01:18.524  2092  2092 I SSC_DAEMON: handleSensorTestReqMsg:85, Sensor type :20, Msg type:15
03-13 02:01:18.524  2092  2092 I SSC_DAEMON: physicalSensorTestReqMsg:162, 0.algo_id:26, num:1
03-13 02:01:18.524  4205  4205 E SecQSPanelResourcePickHelper: need to prepare suitable picker for COVER
03-13 02:01:18.524  4205  4205 D SubRoomQsTileBaseView: updateSubscreenTileStroke
03-13 02:01:18.524  5393  6882 I bt_shim_scanner: system/main/shim/le_scanning_manager.cc:197 ScanFilterParamSetup: in shim layer, clientIf=5
03-13 02:01:18.524  4205  4205 D SubscreenQsPanelControllerBase: addTile tile.getTileSpec():  record: com.android.systemui.qs.QSPanelControllerBase$TileRecord@636c079 mSubscreenRecords.size(): 1
03-13 02:01:18.524  4205  4205 D SubscreenQsPanelControllerBase: adding Tilespec : SoundMode
03-13 02:01:18.524  4205  4205 E SecQSPanelResourcePickHelper: need to prepare suitable picker for COVER
03-13 02:01:18.524  4205  4205 E SecQSPanelResourcePickHelper: need to prepare suitable picker for COVER
03-13 02:01:18.524  4205  4205 E SecQSPanelResourcePickHelper: need to prepare suitable picker for COVER
03-13 02:01:18.524  4205  4205 E SecQSPanelResourcePickHelper: need to prepare suitable picker for COVER
03-13 02:01:18.524  4205  4205 E SecQSPanelResourcePickHelper: need to prepare suitable picker for COVER
03-13 02:01:18.524  4205  4205 D SubRoomQsTileBaseView: updateSubscreenTileStroke
03-13 02:01:18.524  4205  4205 D SubscreenQsPanelControllerBase: addTile tile.getTileSpec():  record: com.android.systemui.qs.QSPanelControllerBase$TileRecord@a8b01be mSubscreenRecords.size(): 2
03-13 02:01:18.524  4205  4205 D SubscreenQsPanelControllerBase: adding Tilespec : Bluetooth
03-13 02:01:18.524  4205  4205 E SecQSPanelResourcePickHelper: need to prepare suitable picker for COVER
03-13 02:01:18.525  4205  4362 D Tile.WifiTile: handleUpdateState isTransient=false transientEnabling =false cb.isTransient=false state.state = 2 mStateBeforeClick.value =false enabled =true
03-13 02:01:18.525  4205  4205 E SecQSPanelResourcePickHelper: need to prepare suitable picker for COVER
03-13 02:01:18.525  4205  4205 E SecQSPanelResourcePickHelper: need to prepare suitable picker for COVER
03-13 02:01:18.525  4205  4205 E SecQSPanelResourcePickHelper: need to prepare suitable picker for COVER
03-13 02:01:18.525  4205  4205 E SecQSPanelResourcePickHelper: need to prepare suitable picker for COVER
03-13 02:01:18.525  4205  4205 D SubRoomQsTileBaseView: updateSubscreenTileStroke
03-13 02:01:18.525  4205  4205 D SubscreenQsPanelControllerBase: addTile tile.getTileSpec():  record: com.android.systemui.qs.QSPanelControllerBase$TileRecord@a59eb35 mSubscreenRecords.size(): 3
03-13 02:01:18.525  4205  4205 D SubscreenQsPanelControllerBase: adding Tilespec : AirplaneMode
03-13 02:01:18.525  2007  3645 I sensors-hal: qsh_conn_event_cb:857, SCHED_FIFO(10) for qmi_cbk
03-13 02:01:18.525  4205  4205 E SecQSPanelResourcePickHelper: need to prepare suitable picker for COVER
03-13 02:01:18.525  2007  3645 I sensors-hal: qsh_conn_event_cb:890, event[0] sensor:Pocket mode  Wakeup, msg_id=715, ts=4010579158463
03-13 02:01:18.525  4205  4205 E SecQSPanelResourcePickHelper: need to prepare suitable picker for COVER
03-13 02:01:18.525  4205  4205 E SecQSPanelResourcePickHelper: need to prepare suitable picker for COVER
03-13 02:01:18.525  4205  4205 E SecQSPanelResourcePickHelper: need to prepare suitable picker for COVER
03-13 02:01:18.525  2007  3645 E libprotobuf-native: [libprotobuf ERROR external/protobuf/src/google/protobuf/message_lite.cc:133] Can't parse message of type "sns_std_sensor_event" because it is missing required fields: (cannot determine missing fields for lite message)
03-13 02:01:18.525  4205  4362 D Tile.SoundModeTile: handleUpdateState: profile 0, muteAllSound false
03-13 02:01:18.525  4205  4205 E SecQSPanelResourcePickHelper: need to prepare suitable picker for COVER
03-13 02:01:18.525  4205  4205 D SubRoomQsTileBaseView: updateSubscreenTileStroke
03-13 02:01:18.525  4205  4205 D SubscreenQsPanelControllerBase: addTile tile.getTileSpec():  record: com.android.systemui.qs.QSPanelControllerBase$TileRecord@bc5713b mSubscreenRecords.size(): 4
03-13 02:01:18.525  4205  4205 D SubscreenQsPanelControllerBase: adding Tilespec : Flashlight
03-13 02:01:18.525  4205  4205 E SecQSPanelResourcePickHelper: need to prepare suitable picker for COVER
03-13 02:01:18.525  5393  5404 I bt_shim_scanner: system/main/shim/le_scanning_manager.cc:141 Unregister: in shim layer, scannerId=5
03-13 02:01:18.525  2092  3859 I SSC_DAEMON: pocketModeOptionDefineEvent:23, 2
03-13 02:01:18.525  4205  4205 E SecQSPanelResourcePickHelper: need to prepare suitable picker for COVER
03-13 02:01:18.525  5393  5832 W bluetooth: system/gd/hci/le_scanning_manager.cc:697 unregister_scanner: unregister_scanner
03-13 02:01:18.525  4205  4205 E SecQSPanelResourcePickHelper: need to prepare suitable picker for COVER
03-13 02:01:18.525  4205  4205 E SecQSPanelResourcePickHelper: need to prepare suitable picker for COVER
03-13 02:01:18.526  4205  4205 E SecQSPanelResourcePickHelper: need to prepare suitable picker for COVER
03-13 02:01:18.526  4205  4205 D SubRoomQsTileBaseView: updateSubscreenTileStroke
03-13 02:01:18.526  4205  4205 D SubscreenQsPanelControllerBase: addTile tile.getTileSpec():  record: com.android.systemui.qs.QSPanelControllerBase$TileRecord@a336058 mSubscreenRecords.size(): 5
03-13 02:01:18.526  4205  4205 D SubscreenQsPanelControllerBase: adding Tilespec : MobileData
03-13 02:01:18.526  4205  4205 E SecQSPanelResourcePickHelper: need to prepare suitable picker for COVER
03-13 02:01:18.526  4205  4205 E SecQSPanelResourcePickHelper: need to prepare suitable picker for COVER
03-13 02:01:18.526  4205  4205 E SecQSPanelResourcePickHelper: need to prepare suitable picker for COVER
03-13 02:01:18.526  4205  4205 E SecQSPanelResourcePickHelper: need to prepare suitable picker for COVER
03-13 02:01:18.526  4205  4205 E SecQSPanelResourcePickHelper: need to prepare suitable picker for COVER
03-13 02:01:18.526  4205  4205 D SubRoomQsTileBaseView: updateSubscreenTileStroke
03-13 02:01:18.526  4205  4205 D SubscreenQsPanelControllerBase: addTile tile.getTileSpec():  record: com.android.systemui.qs.QSPanelControllerBase$TileRecord@b4b05b1 mSubscreenRecords.size(): 6
03-13 02:01:18.526  4205  4205 D SubscreenQsPanelControllerBase: adding Tilespec : custom(com.samsung.android.app.smartcapture/com.samsung.android.app.screenrecorder.view.RecordScreenTile)
03-13 02:01:18.526  4205  4205 E SecQSPanelResourcePickHelper: need to prepare suitable picker for COVER
03-13 02:01:18.526  4205  4205 E SecQSPanelResourcePickHelper: need to prepare suitable picker for COVER
03-13 02:01:18.526  4205  4205 E SecQSPanelResourcePickHelper: need to prepare suitable picker for COVER
03-13 02:01:18.526  4205  4205 E SecQSPanelResourcePickHelper: need to prepare suitable picker for COVER
03-13 02:01:18.526  2097  2125 D HeatmapThread: !@ batteryplugType : 2
03-13 02:01:18.526  2097  2125 D HeatmapThread: !@ batteryLevel : 100  batteryTemperature : 377 
03-13 02:01:18.526  2097  2125 D HeatmapThread: !@ Heatmap currtime: 29556361
03-13 02:01:18.526  2097  2125 D HeatmapThread: !@ Heatmap prevtime: 29556342
03-13 02:01:18.526  2097  2125 D HeatmapThread: !@ Heatmap plugstarttime: 29556072
03-13 02:01:18.526  2097  2125 D HeatmapThread: !@ Heatmap prevv_dsoh_update_time: 29556342
03-13 02:01:18.526  4205  4205 E SecQSPanelResourcePickHelper: need to prepare suitable picker for COVER
03-13 02:01:18.526  4205  4205 D SubRoomQsTileBaseView: updateSubscreenTileStroke
03-13 02:01:18.526  2097  2125 E HeatmapThread: !@ CAM New BSOH: 100
03-13 02:01:18.526  2097  2125 E HeatmapThread: !@ CAM is Working
03-13 02:01:18.527  4205  4205 D SubscreenQsPanelControllerBase: addTile tile.getTileSpec():  record: com.android.systemui.qs.QSPanelControllerBase$TileRecord@2938a96 mSubscreenRecords.size(): 7
03-13 02:01:18.527  4205  4205 D SubscreenQsPanelControllerBase: adding Tilespec : custom(com.samsung.android.app.routines/.LifestyleModeTile)
03-13 02:01:18.527  6103  6103 W ContextImpl: Calling a method in the system process without a qualified user: android.app.ContextImpl.startService:2068 android.content.ContextWrapper.startService:872 android.content.ContextWrapper.startService:872 com.sec.android.diagmonagent.sa.receiver.CFLogReceiver.onReceive:56 android.app.ActivityThread.handleReceiver:5663 
03-13 02:01:18.527  4205  4205 E SecQSPanelResourcePickHelper: need to prepare suitable picker for COVER
03-13 02:01:18.527  4205  4205 E SecQSPanelResourcePickHelper: need to prepare suitable picker for COVER
03-13 02:01:18.527  4205  4205 E SecQSPanelResourcePickHelper: need to prepare suitable picker for COVER
03-13 02:01:18.527  5393  6882 I bt_shim_scanner: system/main/shim/le_scanning_manager.cc:197 ScanFilterParamSetup: in shim layer, clientIf=5
03-13 02:01:18.528  4205  4205 E SecQSPanelResourcePickHelper: need to prepare suitable picker for COVER
03-13 02:01:18.528  4205  4205 E SecQSPanelResourcePickHelper: need to prepare suitable picker for COVER
03-13 02:01:18.528  4205  4205 D SubRoomQsTileBaseView: updateSubscreenTileStroke
03-13 02:01:18.528  4205  4205 D SubscreenQsPanelControllerBase: addTile tile.getTileSpec():  record: com.android.systemui.qs.QSPanelControllerBase$TileRecord@30fe617 mSubscreenRecords.size(): 8
03-13 02:01:18.528  4205  4205 D SubscreenQsPanelControllerBase: adding Tilespec : Dnd
03-13 02:01:18.528  4205  4205 E SecQSPanelResourcePickHelper: need to prepare suitable picker for COVER
03-13 02:01:18.529  4205  4205 E SecQSPanelResourcePickHelper: need to prepare suitable picker for COVER
03-13 02:01:18.529  4205  4205 E SecQSPanelResourcePickHelper: need to prepare suitable picker for COVER
03-13 02:01:18.529  4205  4205 E SecQSPanelResourcePickHelper: need to prepare suitable picker for COVER
03-13 02:01:18.529  4205  4205 E SecQSPanelResourcePickHelper: need to prepare suitable picker for COVER
03-13 02:01:18.529  4205  4205 D SubRoomQsTileBaseView: updateSubscreenTileStroke
03-13 02:01:18.529  4205  4205 D SubscreenQsPanelControllerBase: addTile tile.getTileSpec():  record: com.android.systemui.qs.QSPanelControllerBase$TileRecord@2aa2a04 mSubscreenRecords.size(): 9
03-13 02:01:18.529  4205  4205 D SubscreenQsPanelControllerBase: setTiles 
03-13 02:01:18.529  4205  4205 D SubscreenQsPanelControllerBase: adding Tilespec : Wifi
03-13 02:01:18.529  4205  4205 E SecQSPanelResourcePickHelper: need to prepare suitable picker for COVER
03-13 02:01:18.529  4205  4205 E SecQSPanelResourcePickHelper: need to prepare suitable picker for COVER
03-13 02:01:18.529  4205  4205 E SecQSPanelResourcePickHelper: need to prepare suitable picker for COVER
03-13 02:01:18.529  4205  4205 E SecQSPanelResourcePickHelper: need to prepare suitable picker for COVER
03-13 02:01:18.529  4205  4205 E SecQSPanelResourcePickHelper: need to prepare suitable picker for COVER
03-13 02:01:18.529  4205  4205 D SubRoomQsTileBaseView: updateSubscreenTileStroke
03-13 02:01:18.529  3003  3911 D SensorService: setSContextDataLocked ints length 3 , byte length 5
03-13 02:01:18.529  3003  3911 D SensorService: setSContextDataLocked 1060ec1
03-13 02:01:18.529  4205  4205 D SubscreenQsPanelControllerBase: addTile tile.getTileSpec():  record: com.android.systemui.qs.QSPanelControllerBase$TileRecord@e594bed mSubscreenRecords.size(): 1
03-13 02:01:18.529  4205  4205 D SubscreenQsPanelControllerBase: adding Tilespec : SoundMode
03-13 02:01:18.529  4205  4205 E SecQSPanelResourcePickHelper: need to prepare suitable picker for COVER
03-13 02:01:18.529  5393  5560 I bt_shim_scanner: system/main/shim/le_scanning_manager.cc:141 Unregister: in shim layer, scannerId=1
03-13 02:01:18.529  4184  4797 D SatelliteController: handleCmdUpdateNtnSignalStrengthReporting: ignore request, satellite is disabled
03-13 02:01:18.529  4205  4205 E SecQSPanelResourcePickHelper: need to prepare suitable picker for COVER
03-13 02:01:18.529  4205  4205 E SecQSPanelResourcePickHelper: need to prepare suitable picker for COVER
03-13 02:01:18.529  4205  4205 E SecQSPanelResourcePickHelper: need to prepare suitable picker for COVER
03-13 02:01:18.529  5393  5832 W bluetooth: system/gd/hci/le_scanning_manager.cc:697 unregister_scanner: unregister_scanner
03-13 02:01:18.530  4205  4205 E SecQSPanelResourcePickHelper: need to prepare suitable picker for COVER
03-13 02:01:18.530  4205  4205 D SubRoomQsTileBaseView: updateSubscreenTileStroke
03-13 02:01:18.530  4205  4205 D SubscreenQsPanelControllerBase: addTile tile.getTileSpec():  record: com.android.systemui.qs.QSPanelControllerBase$TileRecord@775ba22 mSubscreenRecords.size(): 2
03-13 02:01:18.530  4205  4205 D SubscreenQsPanelControllerBase: adding Tilespec : Bluetooth
03-13 02:01:18.530  2007  2007 I sensors-hal: inject_sensor_data:407, handle 1502 send inject
03-13 02:01:18.530  2007  2007 I sensors-hal: sendContextData:290, sensor hal 5, (0xc1, 0xe, 0x6, 0x1)
03-13 02:01:18.530  2007  2007 I sensors-hal: sendContextData:230, activities 5 c1, 1
03-13 02:01:18.530  2007  2007 I sensors-hal: sendUserData:251, Activities cmd 0xc1 0xe
03-13 02:01:18.530  2007  2007 I sensors-hal: sendUserData:265, Activities system time h 6 m 1 s 18
03-13 02:01:18.530  4205  4205 E SecQSPanelResourcePickHelper: need to prepare suitable picker for COVER
03-13 02:01:18.530  2007  2007 I sensors-hal: create_send_context_data:80, sending create_send_context_data
03-13 02:01:18.530  2007  2007 I sensors-hal: send_context_data:694, activities, 4914309220830019584, 1320970896291267344, msgid:700
03-13 02:01:18.530  2007  2007 I sensors-hal: sendContextData:114, common_info 5
03-13 02:01:18.530  2007  2007 I sensors-hal: sendUserData:137, CommonInfo 0xc1 0xe 0x6 0x1
03-13 02:01:18.530  2007  2007 I sensors-hal: create_send_context_data:70, sending create_send_context_data
03-13 02:01:18.530  2007  2007 I sensors-hal: send_context_data:694, common_info, 4914309147815575552, 1320970896291267344, msgid:700
03-13 02:01:18.530  4205  4205 E SecQSPanelResourcePickHelper: need to prepare suitable picker for COVER
03-13 02:01:18.530  4205  4205 E SecQSPanelResourcePickHelper: need to prepare suitable picker for COVER
03-13 02:01:18.530  4205  4205 E SecQSPanelResourcePickHelper: need to prepare suitable picker for COVER
03-13 02:01:18.530  4205  4205 E SecQSPanelResourcePickHelper: need to prepare suitable picker for COVER
03-13 02:01:18.530  4205  4205 D SubRoomQsTileBaseView: updateSubscreenTileStroke
03-13 02:01:18.530  4205  4205 D SubscreenQsPanelControllerBase: addTile tile.getTileSpec():  record: com.android.systemui.qs.QSPanelControllerBase$TileRecord@422ccb3 mSubscreenRecords.size(): 3
03-13 02:01:18.530  4205  4205 D SubscreenQsPanelControllerBase: adding Tilespec : AirplaneMode
03-13 02:01:18.530  4205  4205 E SecQSPanelResourcePickHelper: need to prepare suitable picker for COVER
03-13 02:01:18.530  2007  3909 I sensors-hal: qsh_conn_resp_cb:930, resp_value = 0 for activities 
03-13 02:01:18.530  2007  3909 I sensors-hal: qsh_conn_resp_cb:930, resp_value = 0 for common_info 
03-13 02:01:18.530  4205  4205 E SecQSPanelResourcePickHelper: need to prepare suitable picker for COVER
03-13 02:01:18.530  4205  4205 E SecQSPanelResourcePickHelper: need to prepare suitable picker for COVER
03-13 02:01:18.530  4205  4205 E SecQSPanelResourcePickHelper: need to prepare suitable picker for COVER
03-13 02:01:18.530  3003  7292 D SGM:GameManager: identifyGamePackage. com.android.systemui, mCurrentUserId: 0, callingMethodInfo: com.samsung.android.game.IGameManagerService$Stub.onTransact(IGameManagerService.java:247)
03-13 02:01:18.530  4205  4205 E SecQSPanelResourcePickHelper: need to prepare suitable picker for COVER
03-13 02:01:18.530  4205  4205 D SubRoomQsTileBaseView: updateSubscreenTileStroke
03-13 02:01:18.531  4205  4205 D SubscreenQsPanelControllerBase: addTile tile.getTileSpec():  record: com.android.systemui.qs.QSPanelControllerBase$TileRecord@2a1e270 mSubscreenRecords.size(): 4
03-13 02:01:18.531  4205  4205 D SubscreenQsPanelControllerBase: adding Tilespec : Flashlight
03-13 02:01:18.531  4205  4205 E SecQSPanelResourcePickHelper: need to prepare suitable picker for COVER
03-13 02:01:18.531  4205  4362 D SBluetoothTile:  handleUpdateState enabled = false connected = false connecting = false changedState =false bluetoothState = 10 enabledChanging = false state = QSTile$BooleanState[spec=Bluetooth,icon=ResourceIcon[resId=0x7f080f78],nextIcon=null,iconSupplier=null,label=Bluetooth,secondaryLabel=,contentDescription=Bluetooth,stateDescription=null,dualLabelContentDescription=null,expandedAccessibilityClassName=null,disabledByPolicy=false,dualTarget=true,isTransient=false,handlesSecondaryClick=false,state=1,sideViewCustomDrawable=null,tileClassName=null,value=false,forceExpandIcon=false]
03-13 02:01:18.531  4205  4205 E SecQSPanelResourcePickHelper: need to prepare suitable picker for COVER
03-13 02:01:18.531  4205  4205 E SecQSPanelResourcePickHelper: need to prepare suitable picker for COVER
03-13 02:01:18.531  4205  4205 E SecQSPanelResourcePickHelper: need to prepare suitable picker for COVER
03-13 02:01:18.531  4205  4205 E SecQSPanelResourcePickHelper: need to prepare suitable picker for COVER
03-13 02:01:18.531  5393  6882 E ScanManager: [GSIM LOG]: gsimLogHandler, msg: MESSAGE_SCAN_STOP, appName: com.google.android.gms, scannerId: 5, reportDelayMillis=0
03-13 02:01:18.531  4205  4205 D SubRoomQsTileBaseView: updateSubscreenTileStroke
03-13 02:01:18.531  4205  4205 D SubscreenQsPanelControllerBase: addTile tile.getTileSpec():  record: com.android.systemui.qs.QSPanelControllerBase$TileRecord@559566e mSubscreenRecords.size(): 5
03-13 02:01:18.531  4205  4205 D SubscreenQsPanelControllerBase: adding Tilespec : MobileData
03-13 02:01:18.531  4205  4205 E SecQSPanelResourcePickHelper: need to prepare suitable picker for COVER
03-13 02:01:18.531  4205  4205 E SecQSPanelResourcePickHelper: need to prepare suitable picker for COVER
03-13 02:01:18.531  4205  4205 E SecQSPanelResourcePickHelper: need to prepare suitable picker for COVER
03-13 02:01:18.531  4205  4205 E SecQSPanelResourcePickHelper: need to prepare suitable picker for COVER
03-13 02:01:18.531  4205  4205 E SecQSPanelResourcePickHelper: need to prepare suitable picker for COVER
03-13 02:01:18.531  4205  4205 D SubRoomQsTileBaseView: updateSubscreenTileStroke
03-13 02:01:18.531  4205  4205 D SubscreenQsPanelControllerBase: addTile tile.getTileSpec():  record: com.android.systemui.qs.QSPanelControllerBase$TileRecord@673810f mSubscreenRecords.size(): 6
03-13 02:01:18.531 16161 14665 I NearbySharing: Stopped scanning for FastInitiation
03-13 02:01:18.531  4205  4205 D SubscreenQsPanelControllerBase: adding Tilespec : custom(com.samsung.android.app.smartcapture/com.samsung.android.app.screenrecorder.view.RecordScreenTile)
03-13 02:01:18.532  4205  4205 E SecQSPanelResourcePickHelper: need to prepare suitable picker for COVER
03-13 02:01:18.532  4205  4205 E SecQSPanelResourcePickHelper: need to prepare suitable picker for COVER
03-13 02:01:18.532  4205  4205 E SecQSPanelResourcePickHelper: need to prepare suitable picker for COVER
03-13 02:01:18.532  4205  4205 E SecQSPanelResourcePickHelper: need to prepare suitable picker for COVER
03-13 02:01:18.532  4205  4205 E SecQSPanelResourcePickHelper: need to prepare suitable picker for COVER
03-13 02:01:18.532  4205  4205 D SubRoomQsTileBaseView: updateSubscreenTileStroke
03-13 02:01:18.532  4205  4205 D SubscreenQsPanelControllerBase: addTile tile.getTileSpec():  record: com.android.systemui.qs.QSPanelControllerBase$TileRecord@11ab59c mSubscreenRecords.size(): 7
03-13 02:01:18.532  4205  4205 D SubscreenQsPanelControllerBase: adding Tilespec : custom(com.samsung.android.app.routines/.LifestyleModeTile)
03-13 02:01:18.532  4205  4205 E SecQSPanelResourcePickHelper: need to prepare suitable picker for COVER
03-13 02:01:18.532  4205  4205 E SecQSPanelResourcePickHelper: need to prepare suitable picker for COVER
03-13 02:01:18.532  4205  4205 E SecQSPanelResourcePickHelper: need to prepare suitable picker for COVER
03-13 02:01:18.532  4205  4205 E SecQSPanelResourcePickHelper: need to prepare suitable picker for COVER
03-13 02:01:18.532  4205  4205 E SecQSPanelResourcePickHelper: need to prepare suitable picker for COVER
03-13 02:01:18.532  4205  4205 D SubRoomQsTileBaseView: updateSubscreenTileStroke
03-13 02:01:18.532  4205  4205 D SubscreenQsPanelControllerBase: addTile tile.getTileSpec():  record: com.android.systemui.qs.QSPanelControllerBase$TileRecord@e5d0ba5 mSubscreenRecords.size(): 8
03-13 02:01:18.532  4205  4205 D SubscreenQsPanelControllerBase: adding Tilespec : Dnd
03-13 02:01:18.532  4205  4205 E SecQSPanelResourcePickHelper: need to prepare suitable picker for COVER
03-13 02:01:18.532  4205  4205 E SecQSPanelResourcePickHelper: need to prepare suitable picker for COVER
03-13 02:01:18.532  4205  4205 E SecQSPanelResourcePickHelper: need to prepare suitable picker for COVER
03-13 02:01:18.533  4205  4205 E SecQSPanelResourcePickHelper: need to prepare suitable picker for COVER
03-13 02:01:18.533  4205  4205 E SecQSPanelResourcePickHelper: need to prepare suitable picker for COVER
03-13 02:01:18.533  5393  6882 I bt_shim_scanner: system/main/shim/le_scanning_manager.cc:197 ScanFilterParamSetup: in shim layer, clientIf=1
03-13 02:01:18.533  4205  4205 D SubRoomQsTileBaseView: updateSubscreenTileStroke
03-13 02:01:18.533  4205  4205 D SubscreenQsPanelControllerBase: addTile tile.getTileSpec():  record: com.android.systemui.qs.QSPanelControllerBase$TileRecord@dc86b7a mSubscreenRecords.size(): 9
03-13 02:01:18.533  4205  4205 D SubscreenQsPanelControllerBase: setListeningtrue
03-13 02:01:18.533  4205  4205 D SubscreenQsPanelControllerBase: refreshAllTiles
03-13 02:01:18.533  4205  4205 D SubscreenPagedTileLayout: setTilePageHeight pageHeight: 438
03-13 02:01:18.533  4205  4205 D SubscreenTileLayout: updateResources columns: 4 mMaxCellHeight: 100 mMaxAllowedRows: 3 mCellWidth: 111
03-13 02:01:18.533  4205  4205 D AppController: isFolderOpened = false
03-13 02:01:18.533  4205  4205 D AppController: folderClosed : unregist SensorManager 
03-13 02:01:18.534  6103  6103 W ContextImpl: Calling a method in the system process without a qualified user: android.app.ContextImpl.startService:2068 android.content.ContextWrapper.startService:872 android.content.ContextWrapper.startService:872 com.sec.android.diagmonagent.sa.receiver.CFLogReceiver.onReceive:56 android.app.ActivityThread.handleReceiver:5663 
03-13 02:01:18.534  5393  6882 E ScanManager: [GSIM LOG]: gsimLogHandler, msg: MESSAGE_SCAN_STOP, appName: com.google.android.gms, scannerId: 1, reportDelayMillis=0
03-13 02:01:18.537 16161 14665 I NearbySharing: Fast Initiation Scanning has stopped
03-13 02:01:18.538 16161 14665 I NearbySharing: Dismissing HUN as there's no device nearby.
03-13 02:01:18.538  4607  4680 D NxpGenExtn: vendor_nfc_handle_event Enter eventCode:12
03-13 02:01:18.538  4607  4680 D NxpGenExtn: handleVendorNciRspNtf Enter dataLen:5
03-13 02:01:18.538  4607  4680 D NxpPropExtn: phNxpProp_HandleVendorNciRspNtf PropExtensionController Enter dataLen:5
03-13 02:01:18.538  4607  4680 D NxpPropExtn: handleVendorNciRspNtf Enter dataLen:5
03-13 02:01:18.538  4607  4680 D NxpGenExtn: stopWriteRspTimer Enter cmdGid:0, cmdOid:2, rspGid:0, rspOid:2,
03-13 02:01:18.538  4607  4680 D NxpGenExtn: DefaultEventHandler::handleVendorNciRspNtf Enter dataLen:5
03-13 02:01:18.538  4607  4680 D NxpGenExtn: phNxpExtn_HandleVendorNciRspNtf prop status:81
03-13 02:01:18.538  4607  4680 D NxpGenExtn: NfcExtensionController::handleVendorNciRspNtf Enter dataLen:5
03-13 02:01:18.538  4607  4680 D NxpGenExtn: DefaultEventHandler::handleVendorNciRspNtf Enter dataLen:5
03-13 02:01:18.538  4607  4680 D NxpGenExtn: phNxpExtn_HandleVendorNciRspNtf gen status:81
03-13 02:01:18.539  4607  4986 D libnfc_nci: nfaDeviceManagementCallback: enter; event=0x2
03-13 02:01:18.539  4607  4986 D libnfc_nci: nfaDeviceManagementCallback: NFA_DM_SET_CONFIG_EVT
03-13 02:01:18.540  2007  2007 I sensors-hal: activate:300, android.sensor.device_orientation/271 en=0
03-13 02:01:18.540  2007  2007 I sensors-hal: deactivate:283, auto_rotation: 1, type 2
03-13 02:01:18.540  2007  2007 I sensors-hal: send_sync_sensor_request:508, send sync request
03-13 02:01:18.540  2007  2007 I sensors-hal: send_sync_sensor_request:518, send_sync_sensor_request before send_request for auto_rotation with SUID low=8603657889541918976 high=1320970896291267344
03-13 02:01:18.540  2007  2007 I sensors-hal: send_sync_sensor_request:537, wait for notification of response
03-13 02:01:18.541  2007 12669 I sensors-hal: qsh_conn_resp_cb:930, resp_value = 0 for auto_rotation 
03-13 02:01:18.541  2007  2007 I sensors-hal: send_sync_sensor_request:543, takes 0 ms to receive the response with 0
03-13 02:01:18.541  2007  2007 I sensors-hal: activate:330, android.sensor.device_orientation/271 en=0 completed
03-13 02:01:18.541  4607  4986 D NxpGenExtn: vendor_nfc_handle_event Enter eventCode:11
03-13 02:01:18.541  4607  4986 D NxpGenExtn: phNxpExtn_HandleVendorNciMsg Not vendor specific command!!
03-13 02:01:18.541  4607  4986 I NxpGenExtn: phNxpExtn_Write NCI datalen:4
03-13 02:01:18.541  4607  4986 I NxpGenExtn: processExtnWrite Enter dataLen:4
03-13 02:01:18.541  4607  4986 I NxpPropExtn: phNxpProp_ProcessExtnWrite PropExtensionController Enter dataLen:4
03-13 02:01:18.541  4607  4986 I NxpPropExtn: processExtnWrite Enter
03-13 02:01:18.541  4607  4986 D NxpPropExtn: NciStateMonitor processExtnWrite Enter
03-13 02:01:18.541  4607  4986 D NxpPropExtn: processExtnWrite Enter current screen state is:1,nciNtf.back():1
03-13 02:01:18.541  4607  4986 D NxpPropExtn: resendRequired, resend required
03-13 02:01:18.541  4607  4986 D NxpGenExtn: write Enter wLength:4
03-13 02:01:18.542  4205  4362 D DeviceState: isESIM() :0 : false
03-13 02:01:18.542  3003  3911 D SensorService: setSContextDataLocked ints length 2 , byte length 4
03-13 02:01:18.542  3003  3911 D SensorService: setSContextDataLocked 47c1
03-13 02:01:18.542  3003  3911 I SensorService: [EARPROXIMITY] EarProximitySensor2 screen 0
03-13 02:01:18.542  2053 21466 I QC2Buf  : Reconfig: clearing from 0 bufs. Peak mem=0 MB
03-13 02:01:18.542  2053 21466 I QC2Buf  : Reconfig: clearing from 0 bufs. Peak mem=0 MB
03-13 02:01:18.542  2007  2007 I sensors-hal: inject_sensor_data:407, handle 1502 send inject
03-13 02:01:18.542  2007  2007 I sensors-hal: sendContextData:290, sensor hal 4, (0xc1, 0x47, 0x0, 0x0)
03-13 02:01:18.542  2007  2007 I sensors-hal: sendContextData:230, activities 4 c1, 1
03-13 02:01:18.542  2007  2007 I sensors-hal: sendUserData:251, Activities cmd 0xc1 0x47
03-13 02:01:18.542  2007  2007 I sensors-hal: create_send_context_data:80, sending create_send_context_data
03-13 02:01:18.542  2007  2007 I sensors-hal: send_context_data:694, activities, 4914309220830019584, 1320970896291267344, msgid:700
03-13 02:01:18.543  2007  2007 I sensors-hal: sendContextData:114, common_info 4
03-13 02:01:18.543  2007  2007 I sensors-hal: sendUserData:137, CommonInfo 0xc1 0x47 0x0 0x0
03-13 02:01:18.543  2007  2007 I sensors-hal: create_send_context_data:70, sending create_send_context_data
03-13 02:01:18.543  2007  2007 I sensors-hal: send_context_data:694, common_info, 4914309147815575552, 1320970896291267344, msgid:700
03-13 02:01:18.543  2007  3909 I sensors-hal: qsh_conn_resp_cb:930, resp_value = 0 for activities 
03-13 02:01:18.544  4205  4362 D DeviceState: isEuicc() :1 : true
03-13 02:01:18.544  4205  4362 D Tile.AirplaneModeTile:  handleUpdateState mIsWiFiOnlyDevice false isNoSimState true isPowerOffServiceState true mSetting.getValue() 0 isSatelliteModeOn false isChinaDevice false
03-13 02:01:18.544  4205  4362 D Tile.AirplaneModeTile:  handleUpdateState:  value = false, state = 1
03-13 02:01:18.544  2007  2007 I sensors-hal: write_algo_lcd_onoff_state:196, algo_lcd_onoff : 0x0
03-13 02:01:18.544  2092  2092 I SSC_DAEMON: handleSensorTestReqMsg:85, Sensor type :20, Msg type:15
03-13 02:01:18.544  2092  2092 I SSC_DAEMON: physicalSensorTestReqMsg:162, 0.algo_id:26, num:1
03-13 02:01:18.544  2007  3909 I sensors-hal: qsh_conn_resp_cb:930, resp_value = 0 for common_info 
03-13 02:01:18.545  2007  3645 I sensors-hal: qsh_conn_event_cb:890, event[0] sensor:Pocket mode  Wakeup, msg_id=715, ts=4010579536718
03-13 02:01:18.545  4205  4205 D SensorManager: unregisterListener
03-13 02:01:18.545  4205  4205 D KeyguardEditModeController: onFolderStateChangedfalse
03-13 02:01:18.545  4205  4205 D KeyguardEditModeController: cancel() true
03-13 02:01:18.545  4205  4205 D SubScreenManager: onFolderStateChanged() opened = false
03-13 02:01:18.545  2007  3645 E libprotobuf-native: [libprotobuf ERROR external/protobuf/src/google/protobuf/message_lite.cc:133] Can't parse message of type "sns_std_sensor_event" because it is missing required fields: (cannot determine missing fields for lite message)
03-13 02:01:18.545  4205  4205 I SubLauncher:SubLauncherPluginImpl@102487053: onFolderStateChanged: isFolderOpened=false
03-13 02:01:18.545  4205  4205 I SubLauncher:SubLauncherStateManager@232606011: setFoldClosed: false -> true
03-13 02:01:18.545  2092  3859 I SSC_DAEMON: pocketModeOptionDefineEvent:23, 1
03-13 02:01:18.545  4205  4205 I SubLauncher:SubLauncherClockController@19943652: onStartedWakingUp: isSuspendPending = true, isFolderClosed = true
03-13 02:01:18.545  4205  4205 I SubLauncher:SubLauncherHome@253272580: onCoverScreenOn: true
03-13 02:01:18.545  4205  4205 I SubLauncher:SubLauncherHome@253272580: restorePage
03-13 02:01:18.545  4205  4205 I SubLauncher:SubLauncherSeamlessAOD@129222420: onStartedWakingUpOnCover
03-13 02:01:18.545  4205  4205 I SubLauncher:SubLauncherStateManager@232606011: setAODVisibleState: INVISIBLE -> INITIALIZED
