03-10 19:33:32.273 19190 19190 I ThermalEngine: rise_value
03-10 19:33:32.273 19190 19190 I ThermalEngine: [VIRTUAL-NSP-TJ-SHUTDOWN]
03-10 19:33:32.273 19190 19190 I ThermalEngine: #algo_type virtual
03-10 19:33:32.273 19190 19190 I ThermalEngine: sensors nspss-0 nspss-1 nspss-2
03-10 19:33:32.273 19190 19190 I ThermalEngine: weights
03-10 19:33:32.273 19190 19190 I ThermalEngine: trip_sensor nspss-0 nspss-1 nspss-2
03-10 19:33:32.273 19190 19190 I ThermalEngine: trip_sensor_logic || ||
03-10 19:33:32.273 19190 19190 I ThermalEngine: thresholds 115000 115000 115000
03-10 19:33:32.273 19190 19190 I ThermalEngine: thresholds_clr 100000 100000 100000
03-10 19:33:32.273 19190 19190 I ThermalEngine: offsets
03-10 19:33:32.273 19190 19190 I ThermalEngine: sampling 10
03-10 19:33:32.273 19190 19190 I ThermalEngine: math 2
03-10 19:33:32.273 19190 19190 I ThermalEngine: ambient_value
03-10 19:33:32.273 19190 19190 I ThermalEngine: rise_value
03-10 19:33:32.273 19190 19190 I ThermalEngine: [VIRTUAL-MDM-TJ-SHUTDOWN]
03-10 19:33:32.273 19190 19190 I ThermalEngine: #algo_type virtual
03-10 19:33:32.273 19190 19190 I ThermalEngine: sensors mdmss-0 mdmss-1 mdmss-2 mdmss-3
03-10 19:33:32.273 19190 19190 I ThermalEngine: weights
03-10 19:33:32.273 19190 19190 I ThermalEngine: trip_sensor mdmss-0 mdmss-1 mdmss-2 mdmss-3
03-10 19:33:32.273 19190 19190 I ThermalEngine: trip_sensor_logic || || ||
03-10 19:33:32.273 19190 19190 I ThermalEngine: thresholds 115000 115000 115000 115000
03-10 19:33:32.273 19190 19190 I ThermalEngine: thresholds_clr 100000 100000 100000 100000
03-10 19:33:32.273 19190 19190 I ThermalEngine: offsets
03-10 19:33:32.273 19190 19190 I ThermalEngine: sampling 10
03-10 19:33:32.273 19190 19190 I ThermalEngine: math 2
03-10 19:33:32.273 19190 19190 I ThermalEngine: ambient_value
03-10 19:33:32.273 19190 19190 I ThermalEngine: rise_value
03-10 19:33:32.273 19190 19190 I ThermalEngine: [VIRTUAL-MM-TJ-SHUTDOWN]
03-10 19:33:32.273 19190 19190 I ThermalEngine: #algo_type virtual
03-10 19:33:32.273 19190 19190 I ThermalEngine: sensors gpuss-0 gpuss-1 video ddr camera-0 camera-1
03-10 19:33:32.273 19190 19190 I ThermalEngine: weights
03-10 19:33:32.273 19190 19190 I ThermalEngine: trip_sensor gpuss-0 gpuss-1 video ddr camera-0 camera-1
03-10 19:33:32.273 19190 19190 I ThermalEngine: trip_sensor_logic || || || || ||
03-10 19:33:32.273 19190 19190 I ThermalEngine: thresholds 115000 115000 115000 115000 115000 115000
03-10 19:33:32.273 19190 19190 I ThermalEngine: thresholds_clr 100000 100000 100000 100000 100000 100000
03-10 19:33:32.273 19190 19190 I ThermalEngine: offsets
03-10 19:33:32.273 19190 19190 I ThermalEngine: sampling 10
03-10 19:33:32.273 19190 19190 I ThermalEngine: math 2
03-10 19:33:32.273 19190 19190 I ThermalEngine: ambient_value
03-10 19:33:32.273 19190 19190 I ThermalEngine: rise_value
03-10 19:33:32.273 19190 19190 I ThermalEngine: [VIRTUAL-PMIC-ALARM-SHUTDOWN]
03-10 19:33:32.273 19190 19190 I ThermalEngine: #algo_type virtual
03-10 19:33:32.273 19190 19190 I ThermalEngine: sensors pm7325_tz pm8350c_tz
03-10 19:33:32.273 19190 19190 I ThermalEngine: weights
03-10 19:33:32.273 19190 19190 I ThermalEngine: trip_sensor pm7325_tz pm8350c_tz
03-10 19:33:32.273 19190 19190 I ThermalEngine: trip_sensor_logic ||
03-10 19:33:32.273 19190 19190 I ThermalEngine: thresholds 115000 115000
03-10 19:33:32.273 19190 19190 I ThermalEngine: thresholds_clr 100000 100000
03-10 19:33:32.273 19190 19190 I ThermalEngine: offsets
03-10 19:33:32.273 19190 19190 I ThermalEngine: sampling 10
03-10 19:33:32.273 19190 19190 I ThermalEngine: math 2
03-10 19:33:32.273 19190 19190 I ThermalEngine: ambient_value
03-10 19:33:32.273 19190 19190 I ThermalEngine: rise_value
03-10 19:33:32.273 19190 19190 I ThermalEngine: [FRONT_TEMP]
03-10 19:33:32.273 19190 19190 I ThermalEngine: algo_type virtual
03-10 19:33:32.273 19190 19190 I ThermalEngine: sensors msm-therm cam-therm quiet-therm mchg-therm
03-10 19:33:32.273 19190 19190 I ThermalEngine: weights 20 32 39 9
03-10 19:33:32.273 19190 19190 I ThermalEngine: trip_sensor msm-therm
03-10 19:33:32.273 19190 19190 I ThermalEngine: thresholds -18000
03-10 19:33:32.273 19190 19190 I ThermalEngine: thresholds_clr -20000
03-10 19:33:32.273 19190 19190 I ThermalEngine: offsets -2000 0 0 0
03-10 19:33:32.273 19190 19190 I ThermalEngine: sampling 5000
03-10 19:33:32.273 19190 19190 I ThermalEngine: math 0
03-10 19:33:32.273 19190 19190 I ThermalEngine: sys_temp
03-10 19:33:32.273 19190 19190 I ThermalEngine: ambient_value
03-10 19:33:32.273 19190 19190 I ThermalEngine: rise_value
03-10 19:33:32.273 19190 19190 I ThermalEngine: [BACK_TEMP]
03-10 19:33:32.273 19190 19190 I ThermalEngine: algo_type virtual
03-10 19:33:32.273 19190 19190 I ThermalEngine: sensors msm-therm cam-therm quiet-therm mchg-therm
03-10 19:33:32.273 19190 19190 I ThermalEngine: weights 22 26 39 13
03-10 19:33:32.273 19190 19190 I ThermalEngine: trip_sensor msm-therm
03-10 19:33:32.273 19190 19190 I ThermalEngine: thresholds -18000
03-10 19:33:32.273 19190 19190 I ThermalEngine: thresholds_clr -20000
03-10 19:33:32.273 19190 19190 I ThermalEngine: offsets -2000 0 0 0
03-10 19:33:32.273 19190 19190 I ThermalEngine: sampling 5000
03-10 19:33:32.273 19190 19190 I ThermalEngine: math 0
03-10 19:33:32.273 19190 19190 I ThermalEngine: sys_temp
03-10 19:33:32.273 19190 19190 I ThermalEngine: ambient_value
03-10 19:33:32.273 19190 19190 I ThermalEngine: rise_value
03-10 19:33:32.273 19190 19190 I ThermalEngine: [FUSE_TEMP]
03-10 19:33:32.273 19190 19190 I ThermalEngine: algo_type virtual
03-10 19:33:32.273 19190 19190 I ThermalEngine: sensors msm-therm cam-therm quiet-therm mchg-therm
03-10 19:33:32.273 19190 19190 I ThermalEngine: weights 20 32 39 9
03-10 19:33:32.273 19190 19190 I ThermalEngine: trip_sensor msm-therm
03-10 19:33:32.273 19190 19190 I ThermalEngine: thresholds -18000
03-10 19:33:32.273 19190 19190 I ThermalEngine: thresholds_clr -20000
03-10 19:33:32.273 19190 19190 I ThermalEngine: offsets 0 0 0 0
03-10 19:33:32.273 19190 19190 I ThermalEngine: sampling 2000
03-10 19:33:32.273 19190 19190 I ThermalEngine: math 0
03-10 19:33:32.273 19190 19190 I ThermalEngine: sys_temp
03-10 19:33:32.273 19190 19190 I ThermalEngine: ambient_value
03-10 19:33:32.273 19190 19190 I ThermalEngine: rise_value
03-10 19:33:32.273 19190 19190 I ThermalEngine: [BCHG_TEMP]
03-10 19:33:32.273 19190 19190 I ThermalEngine: algo_type virtual
03-10 19:33:32.273 19190 19190 I ThermalEngine: sensors msm-therm cam-therm quiet-therm mchg-therm
03-10 19:33:32.273 19190 19190 I ThermalEngine: weights 22 26 39 13
03-10 19:33:32.273 19190 19190 I ThermalEngine: trip_sensor msm-therm
03-10 19:33:32.273 19190 19190 I ThermalEngine: thresholds -18000
03-10 19:33:32.273 19190 19190 I ThermalEngine: thresholds_clr -20000
03-10 19:33:32.273 19190 19190 I ThermalEngine: offsets 0 0 0 0
03-10 19:33:32.273 19190 19190 I ThermalEngine: sampling 2000
03-10 19:33:32.273 19190 19190 I ThermalEngine: math 0
03-10 19:33:32.273 19190 19190 I ThermalEngine: ambient_value
03-10 19:33:32.273 19190 19190 I ThermalEngine: rise_value
03-10 19:33:32.273 19190 19190 I ThermalEngine: [FRONT_MDM]
03-10 19:33:32.273 19190 19190 I ThermalEngine: algo_type virtual
03-10 19:33:32.273 19190 19190 I ThermalEngine: sensors msm-therm cam-therm quiet-therm mchg-therm
03-10 19:33:32.273 19190 19190 I ThermalEngine: weights 20 32 39 9
03-10 19:33:32.273 19190 19190 I ThermalEngine: trip_sensor mdmss-0 mdmss-1 mdmss-2 mdmss-3
03-10 19:33:32.273 19190 19190 I ThermalEngine: trip_sensor_logic || || ||
03-10 19:33:32.273 19190 19190 I ThermalEngine: thresholds 65000 65000 65000 65000
03-10 19:33:32.273 19190 19190 I ThermalEngine: thresholds_clr 40000 40000 40000 40000
03-10 19:33:32.273 19190 19190 I ThermalEngine: offsets 1000 0 0 0
03-10 19:33:32.273 19190 19190 I ThermalEngine: sampling 2000
03-10 19:33:32.273 19190 19190 I ThermalEngine: math 0
03-10 19:33:32.273 19190 19190 I ThermalEngine: ambient_value
03-10 19:33:32.273 19190 19190 I ThermalEngine: rise_value
03-10 19:33:32.273 19190 19190 I ThermalEngine: [DETECT-STANDBY]
03-10 19:33:32.273 19190 19190 I ThermalEngine: algo_type virtual
03-10 19:33:32.273 19190 19190 I ThermalEngine: sensors cpu_utilization lcd_brightness_value
03-10 19:33:32.273 19190 19190 I ThermalEngine: weights 12 50
03-10 19:33:32.273 19190 19190 I ThermalEngine: trip_sensor msm-therm
03-10 19:33:32.273 19190 19190 I ThermalEngine: thresholds -18000
03-10 19:33:32.273 19190 19190 I ThermalEngine: thresholds_clr -20000
03-10 19:33:32.273 19190 19190 I ThermalEngine: offsets
03-10 19:33:32.273 19190 19190 I ThermalEngine: sampling 5000
03-10 19:33:32.273 19190 19190 I ThermalEngine: math 7
03-10 19:33:32.273 19190 19190 I ThermalEngine: less_than
03-10 19:33:32.273 19190 19190 I ThermalEngine: ambient_value
03-10 19:33:32.273 19190 19190 I ThermalEngine: rise_value
03-10 19:33:32.273 19190 19190 I ThermalEngine: [DETECT-WLS]
03-10 19:33:32.273 19190 19190 I ThermalEngine: algo_type virtual
03-10 19:33:32.273 19190 19190 I ThermalEngine: sensors wireless_online
03-10 19:33:32.273 19190 19190 I ThermalEngine: weights
03-10 19:33:32.273 19190 19190 I ThermalEngine: trip_sensor msm-therm
03-10 19:33:32.273 19190 19190 I ThermalEngine: thresholds -18000
03-10 19:33:32.273 19190 19190 I ThermalEngine: thresholds_clr -20000
03-10 19:33:32.273 19190 19190 I ThermalEngine: offsets
03-10 19:33:32.273 19190 19190 I ThermalEngine: sampling 5000
03-10 19:33:32.273 19190 19190 I ThermalEngine: math 3
03-10 19:33:32.273 19190 19190 I ThermalEngine: ambient_value
03-10 19:33:32.273 19190 19190 I ThermalEngine: rise_value
03-10 19:33:32.274  2300  2300 W ComposerExtn: DisplayExtnImpl::SetEarlyWakeUpConfig: HWC Display 2 is not registered!
03-10 19:33:32.274  2300  2300 D SurfaceFlinger: Finished setting power mode 0 on display 4630947043778501763
03-10 19:33:32.274  3163  5308 D SurfaceControl: Excessive delay in setPowerMode()
03-10 19:33:32.275  3163  5308 D PowerManagerService: nativeSetPowerMode ret:false mode:9 enabled:true duration ms: 0
03-10 19:33:32.276  3163  3352 I WindowManager: Display 0 turning on...
03-10 19:33:32.276  3163  7933 D WindowManager: mKeyguardDelegate.ShowListener.onDrawn.
03-10 19:33:32.276  3163  3352 I DisplayBrightnessStrategySelector: Changing the DisplayBrightnessStrategy from ScreenOffBrightnessStrategy to InvalidBrightnessStrategy for display 0
03-10 19:33:32.276  3163  3229 W WindowManager: Setting mKeyguardDrawComplete
03-10 19:33:32.278  2064  2064 I sensors-hal: batch:206, android.sensor.light/51, period=250000000, max_latency=0
03-10 19:33:32.278  2064  2064 I sensors-hal: set_config:61, no need to adjust sample_period_ns due to reporting_mode = 2
03-10 19:33:32.278  2064  2064 I sensors-hal: batch:215, android.sensor.light/51, period=250000000, max_latency=0 request completed
03-10 19:33:32.278  2064  2064 I sensors-hal: activate:173, android.sensor.light/51 en=1
03-10 19:33:32.279  2064  2064 I sensors-hal: get_qmi_debug_flag:239, support_qmi_debug : false
03-10 19:33:32.280  2061  2108 E minksocket: MinkIPC_QRTR_Service: client with node 1 port 5606 went down
03-10 19:33:32.281  2061  2108 E minksocket: MinkIPC_QRTR_Service: client with node 1 port 5607 went down
03-10 19:33:32.282  2061  2108 E minksocket: MinkIPC_QRTR_Service: client with node 1 port 5608 went down
03-10 19:33:32.282  2064  2064 E Diag_Lib: diag: Diag_LSM_Init: invoked for pid: 2064 with init_count: 0
03-10 19:33:32.282  2064  2064 E Diag_Lib: diag:failed to connect to diag socket
03-10 19:33:32.282  2064  2064 E Diag_Lib:  Diag_LSM_Init: Failed to open handle to diag driver, error = 13
03-10 19:33:32.282  2061  2108 E minksocket: MinkIPC_QRTR_Service: client with node 1 port 5609 went down
03-10 19:33:32.282  2064  2064 I sensors-hal: send_sensor_config_request:463, dt=ambient_light: convert sample_period=250000000 to batch_period=250000
03-10 19:33:32.283  2064  2064 I sensors-hal: send_sync_sensor_request:341, send sync request
03-10 19:33:32.283  2064  2064 I sensors-hal: send_sync_sensor_request:367, wait for notification of response
03-10 19:33:32.285  2064 19349 I sensors-hal: ssc_conn_resp_cb:632, resp_value = 0
03-10 19:33:32.285  2064  2064 I sensors-hal: send_sync_sensor_request:373, takes 2 ms to receive the response with 0
03-10 19:33:32.285  2064  2064 I sensors-hal: activate:184, android.sensor.light/51 en=1 completed
03-10 19:33:32.286  3706  3728 I android.hardware.thermal@2.0-service.qti-v2: Sensor Name:GPU0 temp: 46.8. prev severity:0. cur severity:0 New severity:0
03-10 19:33:32.286  3706  3728 I android.hardware.thermal@2.0-service.qti-v2: Sensor Name:GPU1 temp: 46.1. prev severity:0. cur severity:0 New severity:0
03-10 19:33:32.287  2064  2064 I sensors-hal: batch:206, com.motorola.sensor.alternate_light/65959, period=250000000, max_latency=0
03-10 19:33:32.287  2064  2064 I sensors-hal: set_config:61, no need to adjust sample_period_ns due to reporting_mode = 2
03-10 19:33:32.287  2064  2064 I sensors-hal: batch:215, com.motorola.sensor.alternate_light/65959, period=250000000, max_latency=0 request completed
03-10 19:33:32.288  2064  2064 I sensors-hal: activate:173, com.motorola.sensor.alternate_light/65959 en=1
03-10 19:33:32.288  2064  2064 I sensors-hal: get_qmi_debug_flag:239, support_qmi_debug : false
03-10 19:33:32.289  3706  3728 I android.hardware.thermal@2.0-service.qti-v2: Sensor Name:nsp0 temp: 47.5. prev severity:0. cur severity:0 New severity:0
03-10 19:33:32.289  3706  3728 I android.hardware.thermal@2.0-service.qti-v2: Sensor Name:nsp1 temp: 47.2. prev severity:0. cur severity:0 New severity:0
03-10 19:33:32.289  3706  3728 I android.hardware.thermal@2.0-service.qti-v2: Sensor Name:nsp2 temp: 47.5. prev severity:0. cur severity:0 New severity:0
03-10 19:33:32.290  2061  2108 E minksocket: MinkIPC_QRTR_Service: client with node 1 port 560b went down
03-10 19:33:32.290  2061  2108 E minksocket: MinkIPC_QRTR_Service: client with node 1 port 560c went down
03-10 19:33:32.290  3706  3728 I android.hardware.thermal@2.0-service.qti-v2: Sensor Name:CPU0 temp: 53. prev severity:0. cur severity:0 New severity:0
03-10 19:33:32.290  3706  3728 I android.hardware.thermal@2.0-service.qti-v2: Sensor Name:CPU1 temp: 54.4. prev severity:0. cur severity:0 New severity:0
03-10 19:33:32.291  3706  3728 I android.hardware.thermal@2.0-service.qti-v2: Sensor Name:CPU2 temp: 52.6. prev severity:0. cur severity:0 New severity:0
03-10 19:33:32.291  3706  3728 I android.hardware.thermal@2.0-service.qti-v2: Sensor Name:CPU3 temp: 53.7. prev severity:0. cur severity:0 New severity:0
03-10 19:33:32.291  3706  3728 I android.hardware.thermal@2.0-service.qti-v2: Sensor Name:CPU4 temp: 54.4. prev severity:0. cur severity:0 New severity:0
03-10 19:33:32.291  3706  3728 I android.hardware.thermal@2.0-service.qti-v2: Sensor Name:CPU5 temp: 54.4. prev severity:0. cur severity:0 New severity:0
03-10 19:33:32.292  2064  2064 E Diag_Lib: diag: Diag_LSM_Init: invoked for pid: 2064 with init_count: 0
03-10 19:33:32.292  3706  3728 I android.hardware.thermal@2.0-service.qti-v2: Sensor Name:CPU6 temp: 54.7. prev severity:0. cur severity:0 New severity:0
03-10 19:33:32.292  2061  2108 E minksocket: MinkIPC_QRTR_Service: client with node 1 port 560d went down
03-10 19:33:32.292  2064  2064 E Diag_Lib: diag:failed to connect to diag socket
03-10 19:33:32.292  2064  2064 E Diag_Lib:  Diag_LSM_Init: Failed to open handle to diag driver, error = 13
03-10 19:33:32.293  2064  2064 I sensors-hal: send_sensor_config_request:463, dt=ambient_light_1: convert sample_period=250000000 to batch_period=250000
03-10 19:33:32.293  2064  2064 I sensors-hal: send_sync_sensor_request:341, send sync request
03-10 19:33:32.293  2061  2108 E minksocket: MinkIPC_QRTR_Service: client with node 1 port 560e went down
03-10 19:33:32.293  2064  2064 I sensors-hal: send_sync_sensor_request:367, wait for notification of response
03-10 19:33:32.293  3706  3728 I android.hardware.thermal@2.0-service.qti-v2: Sensor Name:CPU7 temp: 51.3. prev severity:0. cur severity:0 New severity:0
03-10 19:33:32.293  3706  3728 I android.hardware.thermal@2.0-service.qti-v2: Sensor Name:nsp0 temp: 46.8. prev severity:0. cur severity:0 New severity:0
03-10 19:33:32.294  2064 19358 I sensors-hal: ssc_conn_resp_cb:632, resp_value = 0
03-10 19:33:32.294  2064  2064 I sensors-hal: send_sync_sensor_request:373, takes 1 ms to receive the response with 0
03-10 19:33:32.294  2064  2064 I sensors-hal: activate:184, com.motorola.sensor.alternate_light/65959 en=1 completed
03-10 19:33:32.295 19190 19190 I ThermalEngine: Loading configuration file /vendor/etc/thermal-engine-lynkco.conf
03-10 19:33:32.295 19190 19190 I ThermalEngine: Parsing section global
03-10 19:33:32.295  3163  3352 V DisplayPowerController2[0]: Brightness [0.13479534] reason changing to: 'manual', previous reason: 'screen_off'.
03-10 19:33:32.295 19190 19190 I ThermalEngine: Created section 'REPORT-FRONT'
03-10 19:33:32.295 19190 19190 I ThermalEngine: Algo Type 'monitor'
03-10 19:33:32.295 19190 19190 I ThermalEngine: Parsing section REPORT-FRONT
03-10 19:33:32.295 19190 19190 I ThermalEngine: Found field 'sampling'
03-10 19:33:32.295 19190 19190 I ThermalEngine: Found field 'sensor'
03-10 19:33:32.295 19190 19190 I ThermalEngine: Found field 'thresholds'
03-10 19:33:32.295 19190 19190 I ThermalEngine: Found field 'thresholds_clr'
03-10 19:33:32.295 19190 19190 I ThermalEngine: Found field 'actions'
03-10 19:33:32.295 19190 19190 I ThermalEngine: Found field 'action_info'
03-10 19:33:32.295 19190 19190 I ThermalEngine: Created section 'REPORT-BACK'
03-10 19:33:32.295 19190 19190 I ThermalEngine: Algo Type 'monitor'
03-10 19:33:32.295 19190 19190 I ThermalEngine: Parsing section REPORT-BACK
03-10 19:33:32.295 19190 19190 I ThermalEngine: Found field 'sampling'
03-10 19:33:32.295 19190 19190 I ThermalEngine: Found field 'sensor'
03-10 19:33:32.295 19190 19190 I ThermalEngine: Found field 'thresholds'
03-10 19:33:32.295 19190 19190 I ThermalEngine: Found field 'thresholds_clr'
03-10 19:33:32.295 19190 19190 I ThermalEngine: Found field 'actions'
03-10 19:33:32.295 19190 19190 I ThermalEngine: Found field 'action_info'
03-10 19:33:32.295 19190 19190 I ThermalEngine: Created section 'OVERRIDE-CHG'
03-10 19:33:32.295 19190 19190 I ThermalEngine: Algo Type 'monitor'
03-10 19:33:32.295 19190 19190 I ThermalEngine: Parsing section OVERRIDE-CHG
03-10 19:33:32.295 19190 19190 I ThermalEngine: Found field 'sampling'
03-10 19:33:32.295 19190 19190 I ThermalEngine: Found field 'sensor'
03-10 19:33:32.295 19190 19190 I ThermalEngine: Found field 'thresholds'
03-10 19:33:32.295 19190 19190 I ThermalEngine: Found field 'thresholds_clr'
03-10 19:33:32.295 19190 19190 I ThermalEngine: Found field 'actions'
03-10 19:33:32.295 19190 19190 I ThermalEngine: Found field 'action_info'
03-10 19:33:32.295 19190 19190 I ThermalEngine: Created section 'FREEZE-CHG'
03-10 19:33:32.295 19190 19190 I ThermalEngine: Algo Type 'monitor'
03-10 19:33:32.295 19190 19190 I ThermalEngine: Parsing section FREEZE-CHG
03-10 19:33:32.295 19190 19190 I ThermalEngine: Found field 'sampling'
03-10 19:33:32.295 19190 19190 I ThermalEngine: Found field 'sensor'
03-10 19:33:32.295 19190 19190 I ThermalEngine: Found field 'thresholds'
03-10 19:33:32.295 19190 19190 I ThermalEngine: Found field 'thresholds_clr'
03-10 19:33:32.295 19190 19190 I ThermalEngine: Found field 'actions'
03-10 19:33:32.295 19190 19190 I ThermalEngine: Found field 'action_info'
03-10 19:33:32.295 19190 19190 I ThermalEngine: Created section 'MON-CHG-BATT0'
03-10 19:33:32.295 19190 19190 I ThermalEngine: Algo Type 'monitor'
03-10 19:33:32.295 19190 19190 I ThermalEngine: Parsing section MON-CHG-BATT0
03-10 19:33:32.295 19190 19190 I ThermalEngine: Found field 'sampling'
03-10 19:33:32.295 19190 19190 I ThermalEngine: Found field 'sensor'
03-10 19:33:32.295 19190 19190 I ThermalEngine: Found field 'thresholds'
03-10 19:33:32.295 19190 19190 I ThermalEngine: Found field 'thresholds_clr'
03-10 19:33:32.295 19190 19190 I ThermalEngine: Found field 'actions'
03-10 19:33:32.295 19190 19190 I ThermalEngine: Found field 'action_info'
03-10 19:33:32.295 19190 19190 I ThermalEngine: Found field 'override_c'
03-10 19:33:32.295 19190 19190 I ThermalEngine: Found field 'freezing'
03-10 19:33:32.295 19190 19190 I ThermalEngine: Created section 'MON-CHG-BATT1'
03-10 19:33:32.295 19190 19190 I ThermalEngine: Algo Type 'monitor'
03-10 19:33:32.295 19190 19190 I ThermalEngine: Parsing section MON-CHG-BATT1
03-10 19:33:32.295 19190 19190 I ThermalEngine: Found field 'sampling'
03-10 19:33:32.295 19190 19190 I ThermalEngine: Found field 'sensor'
03-10 19:33:32.296 19190 19190 I ThermalEngine: Found field 'thresholds'
03-10 19:33:32.296 19190 19190 I ThermalEngine: Found field 'thresholds_clr'
03-10 19:33:32.296 19190 19190 I ThermalEngine: Found field 'actions'
03-10 19:33:32.296 19190 19190 I ThermalEngine: Found field 'action_info'
03-10 19:33:32.296 19190 19190 I ThermalEngine: Found field 'override_c'
03-10 19:33:32.296 19190 19190 I ThermalEngine: Found field 'freezing'
03-10 19:33:32.296 19190 19190 I ThermalEngine: Created section 'MON-CHG-BATT-SAFETY'
03-10 19:33:32.296 19190 19190 I ThermalEngine: Algo Type 'monitor'
03-10 19:33:32.296 19190 19190 I ThermalEngine: Parsing section MON-CHG-BATT-SAFETY
03-10 19:33:32.296 19190 19190 I ThermalEngine: Found field 'sampling'
03-10 19:33:32.296 19190 19190 I ThermalEngine: Found field 'sensor'
03-10 19:33:32.296 19190 19190 I ThermalEngine: Found field 'thresholds'
03-10 19:33:32.296 19190 19190 I ThermalEngine: Found field 'thresholds_clr'
03-10 19:33:32.296 19190 19190 I ThermalEngine: Found field 'actions'
03-10 19:33:32.296 19190 19190 I ThermalEngine: Found field 'action_info'
03-10 19:33:32.296 19190 19190 I ThermalEngine: Found field 'freezing'
03-10 19:33:32.296 19190 19190 I ThermalEngine: Created section 'MON-MSM-CPU0'
03-10 19:33:32.296 19190 19190 I ThermalEngine: Algo Type 'monitor'
03-10 19:33:32.296 19190 19190 I ThermalEngine: Parsing section MON-MSM-CPU0
03-10 19:33:32.296 19190 19190 I ThermalEngine: Found field 'sampling'
03-10 19:33:32.296 19190 19190 I ThermalEngine: Found field 'sensor'
03-10 19:33:32.296 19190 19190 I ThermalEngine: Found field 'thresholds'
03-10 19:33:32.296 19190 19190 I ThermalEngine: Found field 'thresholds_clr'
03-10 19:33:32.296 19190 19190 I ThermalEngine: Found field 'actions'
03-10 19:33:32.296 19190 19190 I ThermalEngine: Found field 'action_info'
03-10 19:33:32.296 19190 19190 I ThermalEngine: Created section 'SS-CPU4'
03-10 19:33:32.296 19190 19190 I ThermalEngine: Algo Type 'ss'
03-10 19:33:32.296 19190 19190 I ThermalEngine: Parsing section SS-CPU4
03-10 19:33:32.296 19190 19190 I ThermalEngine: Found field 'sampling'
03-10 19:33:32.296 19190 19190 I ThermalEngine: Found field 'sensor'
03-10 19:33:32.296 19190 19190 I ThermalEngine: Found field 'set_point'
03-10 19:33:32.296 19190 19190 I ThermalEngine: Found field 'set_point_clr'
03-10 19:33:32.296 19190 19190 I ThermalEngine: Found field 'device'
03-10 19:33:32.296 19190 19190 I ThermalEngine: Found field 'device_max_limit'
03-10 19:33:32.296 19190 19190 I ThermalEngine: Created section 'MON-MSM-CPU4'
03-10 19:33:32.296 19190 19190 I ThermalEngine: Algo Type 'monitor'
03-10 19:33:32.296 19190 19190 I ThermalEngine: Parsing section MON-MSM-CPU4
03-10 19:33:32.296 19190 19190 I ThermalEngine: Found field 'sampling'
03-10 19:33:32.296  3163  3352 I DisplayPowerController2[0]: 03-10 19:33:32.295 - BrightnessEvent: disp=0, physDisp=local:4630947043778501762, displayState=ON, displayPolicy=BRIGHT, brt=0.13479534, initBrt=0.0, rcmdBrt=NaN, preBrt=NaN, lux=NaN, preLux=NaN, brtNits=14.706355, hdrNits=NaN, initNits=3.1465538, preNits=NaN, rcmdNits=NaN, hdrBrightness=NaN, brt(%)=16%, brtInt=35, hbmPolicy=normal, hbmMax=0.85440856, hbmMode=off, rbcStrength=50, thrmMax=1.0, powerFactor=1.0, wasShortTermModelActive=false, flags=invalid_lux , reason=manual, autoBrightness=true, strategy=InvalidBrightnessStrategy, autoBrightnessMode=default
03-10 19:33:32.296 19190 19190 I ThermalEngine: Found field 'sensor'
03-10 19:33:32.296 19190 19190 I ThermalEngine: Found field 'thresholds'
03-10 19:33:32.296 19190 19190 I ThermalEngine: Found field 'thresholds_clr'
03-10 19:33:32.296 19190 19190 I ThermalEngine: Found field 'actions'
03-10 19:33:32.296 19190 19190 I ThermalEngine: Found field 'action_info'
03-10 19:33:32.296 19190 19190 I ThermalEngine: Created section 'SS-CPU7'
03-10 19:33:32.296 19190 19190 I ThermalEngine: Algo Type 'ss'
03-10 19:33:32.296 19190 19190 I ThermalEngine: Parsing section SS-CPU7
03-10 19:33:32.296 19190 19190 I ThermalEngine: Found field 'sampling'
03-10 19:33:32.296 19190 19190 I ThermalEngine: Found field 'sensor'
03-10 19:33:32.296 19190 19190 I ThermalEngine: Found field 'set_point'
03-10 19:33:32.296 19190 19190 I ThermalEngine: Found field 'set_point_clr'
03-10 19:33:32.296 19190 19190 I ThermalEngine: Found field 'device'
03-10 19:33:32.296 19190 19190 I ThermalEngine: Found field 'device_max_limit'
03-10 19:33:32.296 19190 19190 I ThermalEngine: Created section 'MON-MSM-CPU7'
03-10 19:33:32.296 19190 19190 I ThermalEngine: Algo Type 'monitor'
03-10 19:33:32.296 19190 19190 I ThermalEngine: Parsing section MON-MSM-CPU7
03-10 19:33:32.296 19190 19190 I ThermalEngine: Found field 'sampling'
03-10 19:33:32.296 19190 19190 I ThermalEngine: Found field 'sensor'
03-10 19:33:32.296 19190 19190 I ThermalEngine: Found field 'thresholds'
03-10 19:33:32.296 19190 19190 I ThermalEngine: Found field 'thresholds_clr'
03-10 19:33:32.296 19190 19190 I ThermalEngine: Found field 'actions'
03-10 19:33:32.296 19190 19190 I ThermalEngine: Found field 'action_info'
03-10 19:33:32.296 19190 19190 I ThermalEngine: Created section 'PAUSE-CPU7'
03-10 19:33:32.296 19190 19190 I ThermalEngine: Algo Type 'monitor'
03-10 19:33:32.296 19190 19190 I ThermalEngine: Parsing section PAUSE-CPU7
03-10 19:33:32.296 19190 19190 I ThermalEngine: Found field 'sampling'
03-10 19:33:32.296 19190 19190 I ThermalEngine: Found field 'sensor'
03-10 19:33:32.296 19190 19190 I ThermalEngine: Found field 'thresholds'
03-10 19:33:32.296 19190 19190 I ThermalEngine: Found field 'thresholds_clr'
03-10 19:33:32.296 19190 19190 I ThermalEngine: Found field 'actions'
03-10 19:33:32.296 19190 19190 I ThermalEngine: Found field 'action_info'
03-10 19:33:32.296 19190 19190 I ThermalEngine: Created section 'SS-GPU'
03-10 19:33:32.296 19190 19190 I ThermalEngine: Algo Type 'ss'
03-10 19:33:32.296 19190 19190 I ThermalEngine: Parsing section SS-GPU
03-10 19:33:32.296 19190 19190 I ThermalEngine: Found field 'sampling'
03-10 19:33:32.296 19190 19190 I ThermalEngine: Found field 'sensor'
03-10 19:33:32.296 19190 19190 I ThermalEngine: Found field 'set_point'
03-10 19:33:32.296 19190 19190 I ThermalEngine: Found field 'set_point_clr'
03-10 19:33:32.296 19190 19190 I ThermalEngine: Found field 'device'
03-10 19:33:32.296 19190 19190 I ThermalEngine: Created section 'MON-SAFETY'
03-10 19:33:32.296 19190 19190 I ThermalEngine: Algo Type 'monitor'
03-10 19:33:32.296 19190 19190 I ThermalEngine: Parsing section MON-SAFETY
03-10 19:33:32.296 19190 19190 I ThermalEngine: Found field 'sampling'
03-10 19:33:32.296 19190 19190 I ThermalEngine: Found field 'sensor'
03-10 19:33:32.296 19190 19190 I ThermalEngine: Found field 'thresholds'
03-10 19:33:32.296 19190 19190 I ThermalEngine: Found field 'thresholds_clr'
03-10 19:33:32.296 19190 19190 I ThermalEngine: Found field 'actions'
03-10 19:33:32.296 19190 19190 I ThermalEngine: Found field 'action_info'
03-10 19:33:32.296 19190 19190 I ThermalEngine: Created section 'MON-SOFTDEV'
03-10 19:33:32.296 19190 19190 I ThermalEngine: Algo Type 'monitor'
03-10 19:33:32.296 19190 19190 I ThermalEngine: Parsing section MON-SOFTDEV
03-10 19:33:32.296 19190 19190 I ThermalEngine: Found field 'sampling'
03-10 19:33:32.296 19190 19190 I ThermalEngine: Found field 'sensor'
03-10 19:33:32.296 19190 19190 I ThermalEngine: Found field 'thresholds'
03-10 19:33:32.296 19190 19190 I ThermalEngine: Found field 'thresholds_clr'
03-10 19:33:32.296 19190 19190 I ThermalEngine: Found field 'actions'
03-10 19:33:32.296 19190 19190 I ThermalEngine: Found field 'action_info'
03-10 19:33:32.296 19190 19190 I ThermalEngine: Created section 'MON-MDM-FR1-1'
03-10 19:33:32.296 19190 19190 I ThermalEngine: Algo Type 'monitor'
03-10 19:33:32.296 19190 19190 I ThermalEngine: Parsing section MON-MDM-FR1-1
03-10 19:33:32.296 19190 19190 I ThermalEngine: Found field 'sampling'
03-10 19:33:32.296 19190 19190 I ThermalEngine: Found field 'sensor'
03-10 19:33:32.296 19190 19190 I ThermalEngine: Found field 'thresholds'
03-10 19:33:32.296 19190 19190 I ThermalEngine: Found field 'thresholds_clr'
03-10 19:33:32.296 19190 19190 I ThermalEngine: Found field 'actions'
03-10 19:33:32.296  3163  5305 D PowerManagerService: nativeSetPowerMode ret:false mode:9 enabled:false duration ms: 0
03-10 19:33:32.296 19190 19190 I ThermalEngine: Found field 'action_info'
03-10 19:33:32.296 19190 19190 I ThermalEngine: Created section 'MON-MDM-FR1-2'
03-10 19:33:32.296 19190 19190 I ThermalEngine: Algo Type 'monitor'
03-10 19:33:32.296 19190 19190 I ThermalEngine: Parsing section MON-MDM-FR1-2
03-10 19:33:32.296 19190 19190 I ThermalEngine: Found field 'sampling'
03-10 19:33:32.296 19190 19190 I ThermalEngine: Found field 'sensor'
03-10 19:33:32.296 19190 19190 I ThermalEngine: Found field 'thresholds'
03-10 19:33:32.296 19190 19190 I ThermalEngine: Found field 'thresholds_clr'
03-10 19:33:32.296 19190 19190 I ThermalEngine: Found field 'actions'
03-10 19:33:32.296  3163  5305 D TouchHwAidlService: setDisplayState: mScreenOff=false
03-10 19:33:32.296 19190 19190 I ThermalEngine: Found field 'action_info'
03-10 19:33:32.296  3163  5305 D LocalDisplayAdapter: setDisplayPowerMode mode=2 for display=android.os.BinderProxy@d90d011
03-10 19:33:32.296 19190 19190 I ThermalEngine: Created section 'MON-wireless-charge'
03-10 19:33:32.296 19190 19190 I ThermalEngine: Algo Type 'monitor'
03-10 19:33:32.296 19190 19190 I ThermalEngine: Parsing section MON-wireless-charge
03-10 19:33:32.296 19190 19190 I ThermalEngine: Found field 'sampling'
03-10 19:33:32.296 19190 19190 I ThermalEngine: Found field 'sensor'
03-10 19:33:32.296 19190 19190 I ThermalEngine: Found field 'thresholds'
03-10 19:33:32.296 19190 19190 I ThermalEngine: Found field 'thresholds_clr'
03-10 19:33:32.296 19190 19190 I ThermalEngine: Found field 'actions'
03-10 19:33:32.296 19190 19190 I ThermalEngine: Found field 'action_info'
03-10 19:33:32.296 19190 19190 I ThermalEngine: Created section 'MON-wlan'
03-10 19:33:32.296 19190 19190 I ThermalEngine: Algo Type 'monitor'
03-10 19:33:32.296 19190 19190 I ThermalEngine: Parsing section MON-wlan
03-10 19:33:32.296 19190 19190 I ThermalEngine: Found field 'sampling'
03-10 19:33:32.296 19190 19190 I ThermalEngine: Found field 'sensor'
03-10 19:33:32.296 19190 19190 I ThermalEngine: Found field 'thresholds'
03-10 19:33:32.296 19190 19190 I ThermalEngine: Found field 'thresholds_clr'
03-10 19:33:32.296 19190 19190 I ThermalEngine: Found field 'actions'
03-10 19:33:32.296 19190 19190 I ThermalEngine: Found field 'action_info'
03-10 19:33:32.296  2723  9652 E VendorTagDescriptor: lookupTag: Tag name 'support_get_property_2_0' does not exist.
03-10 19:33:32.297 19190 19190 I ThermalEngine: [MON-wlan]
03-10 19:33:32.297 19190 19190 I ThermalEngine: algo_type monitor
03-10 19:33:32.297 19190 19190 I ThermalEngine: sampling 5000
03-10 19:33:32.297 19190 19190 I ThermalEngine: sensor FUSE_TEMP
03-10 19:33:32.298  3706  3728 I android.hardware.thermal@2.0-service.qti-v2: Sensor Name:nsp1 temp: 47.5. prev severity:0. cur severity:0 New severity:0
03-10 19:33:32.298  3706  3728 I android.hardware.thermal@2.0-service.qti-v2: Sensor Name:nsp2 temp: 47.5. prev severity:0. cur severity:0 New severity:0
03-10 19:33:32.298  3163  3352 D BrightnessThermalClamper: Thermal status observer already started
03-10 19:33:32.298  3706  3728 I android.hardware.thermal@2.0-service.qti-v2: Sensor Name:GPU0 temp: 46.8. prev severity:0. cur severity:0 New severity:0
03-10 19:33:32.298  3706  3728 I android.hardware.thermal@2.0-service.qti-v2: Sensor Name:GPU1 temp: 46.1. prev severity:0. cur severity:0 New severity:0
03-10 19:33:32.298  3163  3352 D BrightnessThermalClamper: Thermal status observer already started
03-10 19:33:32.299  2064 19358 I sensors-hal: handle_indication_realtime:467,  SCHED_FIFO(10) for qmi_cbk
03-10 19:33:32.306  2300  2300 E Scheduler: trackPendingFrame: Invalid present fence
03-10 19:33:32.307  2064 19349 I sensors-hal: handle_indication_realtime:467,  SCHED_FIFO(10) for qmi_cbk
03-10 19:33:32.308  2300  2300 D SurfaceFlinger: setDesiredDisplayModeSpecs[{0, false, PR={p[24.00-120.00]Hz, r[24.00-30.00]Hz}, AR={p[0.00-120.00]Hz, r[0.00-120.00]Hz}}]: by process 3163 uid 1000 for display 4630947043778501762
03-10 19:33:32.311  2300  2300 I BpBinder: onLastStrongRef automatically unlinking death recipients: 
03-10 19:33:32.312  2300  2300 E Scheduler: trackPendingFrame: Invalid present fence
03-10 19:33:32.313  2300  2300 D SurfaceFlinger: Setting power mode 2 on display 4630947043778501762
03-10 19:33:32.313  2300  2300 I Scheduler: Display 4630947043778501762 is the pacesetter
03-10 19:33:32.313  2300  2300 I Scheduler: promotePacesetterDisplayLocked, mAcceptScrollEvent=1
03-10 19:33:32.313  2300  2300 I Scheduler: promotePacesetterDisplayLocked, mAcceptTouchNotBoostEvent=0
03-10 19:33:32.314  2300  2300 D SurfaceFlinger: Setting desired display mode specs: {5, false, PR={p[60.00-120.00]Hz, r[24.00-60.00]Hz}, AR={p[0.00-120.00]Hz, r[0.00-120.00]Hz}} for display 4630947043778501762
03-10 19:33:32.314  2300  2300 I SurfaceFlinger: Switching to Scheduler preferred mode 5 (60.00 Hz) for display 4630947043778501762
03-10 19:33:32.314  2300  2300 D DisplayModeController: setDesiredMode 4630947043778501762 {mode={fps=60.00 Hz, modePtr={id=5, vsyncRate=60.00 Hz, peakRefreshRate=60.00 Hz}}, emitEvent=true, force=false}
03-10 19:33:32.315  2195  2586 I SDM     : DisplayBase::SetDisplayState: Set state = 1, display 57-0, teardown = 0
03-10 19:33:32.315  2195  2586 I SDM     : HWDeviceDRM::NullCommit: Null commit succeeded crtc=141
03-10 19:33:32.344 18008 18213 D Surface : Surface::disconnect
03-10 19:33:32.344 18008 18213 D BufferQueueProducer: [SurfaceView[com.waze/com.waze.MainActivity](BLAST)#72516(BLAST Consumer)pid:18008](id:465800000020,api:1,p:18008,c:18008) disconnect: api 1
03-10 19:33:32.351  3163  7933 I ActivityTaskManager: The Process com.waze Already Exists in BG. So sending its PID: 18008
03-10 19:33:32.351  7314  7314 D GameMode: isScreenUnlocked: false
03-10 19:33:32.353  3163  3249 W MotoBatteryCareService: uid: 10634 pkgName:com.waze come to foreground
03-10 19:33:32.354 19190 19363 I ThermalEngine: SS:ACTIVE:SS-CPU7:cpu-cluster2=0:FUSE_TEMP=38585
03-10 19:33:32.356  5625  5625 I KgdSliceProvider: The weather info has not change, does not need to be updated. mTempF=-999 iconNumber=-999 celsius=true
03-10 19:33:32.356  7314  7314 D GameMode: onStartedActivityChange: componnent: ComponentInfo{com.waze/com.waze.sharedui.utils.RequestPermissionActivity} entered launcher screen? true
03-10 19:33:32.356  3163  7933 D ActivityTrigger: ActivityTrigger activityPauseTrigger 
03-10 19:33:32.356  7314  7314 D GameMode: isScreenUnlocked: false
03-10 19:33:32.357  7314  7314 D GameMode: isScreenUnlocked: false
03-10 19:33:32.360  3163  3229 W WindowManager: All windows drawn on display -1
03-10 19:33:32.361  3163  3229 D WindowManager: finishScreenTurningOn..
03-10 19:33:32.361  3163  3229 D WindowManager: enableScreen mKeyguardDrawnOnce=true awake=true mBootMessageNeedsHiding=false
03-10 19:33:32.361  7314  7314 D GameMode: isScreenUnlocked: false
03-10 19:33:32.366 19190 19363 I ThermalEngine: SS:ACTIVE:SS-CPU4:cpu-cluster1=0:FUSE_TEMP=38582
03-10 19:33:32.367 18008 18008 V AssistantIntegClient: #getConnectionState() - connectionState = 0
03-10 19:33:32.367 18008 18008 V AssistantIntegClient: #getConnectionState() - connectionState = 0
03-10 19:33:32.367 18008 18008 V AssistantIntegClient: #getAssistantConfig()
03-10 19:33:32.375 18008 19368 W ProxyAndroidLoggerBackend: Too many Flogger logs received before configuration. Dropping old logs.
03-10 19:33:32.376 18008 19368 W ProxyAndroidLoggerBackend: Too many Flogger logs received before configuration. Dropping old logs.
03-10 19:33:32.376 18008 19368 W ProxyAndroidLoggerBackend: Too many Flogger logs received before configuration. Dropping old logs.
03-10 19:33:32.377  3163  7445 D ActivityTaskManager: getPreferredLaunchDisplay userset_displayid false user set display id 0, current focus display 0
03-10 19:33:32.377  3163  7445 I SettingsAccessControlPolicy: isDeviceSettingsChangeDisabled: value -> false
03-10 19:33:32.378  3163  7445 W OptProp : Cannot read opt property android.window.PROPERTY_COMPAT_ALLOW_ORIENTATION_OVERRIDE
03-10 19:33:32.379  3163  7445 D ActivityTaskManager: getPreferredLaunchDisplay userset_displayid false user set display id 0, current focus display 0
03-10 19:33:32.379  3163  7445 D ActivityTaskManager: getPreferredLaunchDisplay userset_displayid false user set display id 0, current focus display 0
03-10 19:33:32.379  3163  7445 D ActivityTaskManager: getPreferredLaunchDisplay userset_displayid false user set display id 0, current focus display 0
03-10 19:33:32.379  3163  7445 D ActivityTaskManager: getPreferredLaunchDisplay userset_displayid false user set display id 0, current focus display 0
03-10 19:33:32.380  3163  7445 D ActivityTaskManager: getPreferredLaunchDisplay userset_displayid false user set display id 0, current focus display 0
03-10 19:33:32.380  3163  7445 D ActivityTaskManager: getPreferredLaunchDisplay userset_displayid false user set display id 0, current focus display 0
03-10 19:33:32.382  3163  7445 W OptProp : Cannot read opt property android.window.PROPERTY_COMPAT_ALLOW_MIN_ASPECT_RATIO_OVERRIDE
03-10 19:33:32.383  3163  7445 W OptProp : Cannot read opt property android.window.PROPERTY_COMPAT_ALLOW_RESIZEABLE_ACTIVITY_OVERRIDES
03-10 19:33:32.385  3163  7445 D ActivityTaskManager: Temporarily retain top process state for launching app
03-10 19:33:32.385  3163  7445 D PowerManagerService: nativeSetPowerMode ret:false mode:5 enabled:true duration ms: 0
03-10 19:33:32.387  3163  7445 I ActivityTaskManager: START u0 {act=android.content.pm.action.REQUEST_PERMISSIONS pkg=com.google.android.permissioncontroller cmp=com.google.android.permissioncontroller/com.android.permissioncontroller.permission.ui.GrantPermissionsActivity (has extras)} with LAUNCH_MULTIPLE from uid 10634 (startActivityAsUser) (BAL_ALLOW_GRACE_PERIOD) result code=0
03-10 19:33:32.392 18008 18008 I ContentCaptureHelper: Setting logging level to OFF
03-10 19:33:32.402  3163  7445 W AccessibilityWindowsPopulator: The displayInfo of this displayId (0) called back from the surface fligner is null
03-10 19:33:32.407  7314  7314 D GameMode: isScreenUnlocked: false
03-10 19:33:32.407  3163  7023 I ActivityTaskManager: The Process com.google.android.permissioncontroller Already Exists in BG. So sending its PID: 11416
03-10 19:33:32.407 23146 13988 D AdvertisingIdClient: AdvertisingIdClient already created.
03-10 19:33:32.409 23146 13988 I AdvertisingIdClient: shouldSendLog 114696462
03-10 19:33:32.409 23146 13988 I AdvertisingIdClient: GetInfoInternal elapse 2ms
03-10 19:33:32.412  7314  7314 D GameMode: onStartedActivityChange: componnent: ComponentInfo{com.google.android.permissioncontroller/com.android.permissioncontroller.permission.ui.GrantPermissionsActivity} entered launcher screen? true
03-10 19:33:32.412  7314  7314 D GameMode: isScreenUnlocked: false
03-10 19:33:32.413  3163  7023 D ActivityTrigger: ActivityTrigger activityPauseTrigger 
03-10 19:33:32.413  7314  7314 D GameMode: isScreenUnlocked: false
03-10 19:33:32.420  5993 16317 I NetworkScheduler: (REDACTED) Error inserting %s
03-10 19:33:32.424 19190 19362 E ThermalEngine: First running, skip
03-10 19:33:32.424 19190 19362 I ThermalEngine: Monitor:ACTIVE:OVERRIDE-CHG:internal_override=1:DETECT-STANDBY=1
03-10 19:33:32.424 19190 19362 I ThermalEngine: ACTION: override_c - Setting override_c to 1
03-10 19:33:32.424 19190 19361 I ThermalEngine: Thermal-Server: Thermal received msg from  override_c
03-10 19:33:32.425 19190 19373 I Thermal-Lib: Thermal-Lib-Client: Client request sent
03-10 19:33:32.428  3163  7023 D CoreBackPreview: Window{bcee7c9 u0 com.waze/com.waze.sharedui.utils.RequestPermissionActivity}: Setting back callback OnBackInvokedCallbackInfo{mCallback=android.window.IOnBackInvokedCallback$Stub$Proxy@d53785, mPriority=0, mIsAnimationCallback=false}
03-10 19:33:32.434 18008 18008 W libc    : Access denied finding property "vendor.display.enable_optimal_refresh_rate"
03-10 19:33:32.434 18008 18008 W libc    : Access denied finding property "vendor.gpp.create_frc_extension"
03-10 19:33:32.435  3163  7933 W AccessibilityWindowsPopulator: The displayInfo of this displayId (0) called back from the surface fligner is null
03-10 19:33:32.446  2064  4171 I slpi-MOT_HINGE: Hingeposture  90.0 tent:0 gpio:-1 flip:1 flat:1 b:-0.5 3.0 9.3 4.2 2.8 3.0 f:-0.4 8.8 -4.2 -354.5 3.2 -6.9
03-10 19:33:32.462 19190 19362 I ThermalEngine: Monitor:ACTIVE:MON-CHG-BATT0:battery=6:BCHG_TEMP=38615
03-10 19:33:32.463  3163  7933 W AccessibilityWindowsPopulator: The displayInfo of this displayId (0) called back from the surface fligner is null
03-10 19:33:32.467  7314  7314 D GameMode: isScreenUnlocked: false
03-10 19:33:32.478  3163  7933 D CoreBackPreview: Window{cac4fe7 u0 com.google.android.permissioncontroller/com.android.permissioncontroller.permission.ui.GrantPermissionsActivity}: Setting back callback OnBackInvokedCallbackInfo{mCallback=android.window.IOnBackInvokedCallback$Stub$Proxy@ae40383, mPriority=0, mIsAnimationCallback=false}
03-10 19:33:32.484  5625  5640 V WindowManagerShell: onTransitionReady(transaction=13584981933997)
03-10 19:33:32.484  3163  3227 V WindowManager: Sent Transition (#6007) createdAt=03-10 19:33:32.116 via request=TransitionRequestInfo { type = WAKE, triggerTask = TaskInfo{userId=0 taskId=1365 displayId=0 isRunning=true baseIntent=Intent { act=android.intent.action.MAIN cat=[android.intent.category.LAUNCHER] flg=0x10200000 cmp=com.waze/.FreeMapAppActivity } baseActivity=ComponentInfo{com.waze/com.waze.MainActivity} topActivity=ComponentInfo{com.waze/com.waze.MainActivity} origActivity=null realActivity=ComponentInfo{com.waze/com.waze.FreeMapAppActivity} numActivities=1 lastActiveTime=115566186 supportsMultiWindow=true supportsGlobalFreeform=true resizeMode=2 isResizeable=true isAppLocked=false isShowDecorCaptionWindowRequest=false canKillAndRestart=true minWidth=-1 minHeight=-1 defaultMinSize=200 token=WCT{RemoteToken{21927e5 Task{2542e7c #1365 type=standard A=10634:com.waze}}} topActivityType=1 pictureInPictureParams=null shouldDockBigOverlays=false launchIntoPipHostTaskId=-1 lastParentTaskIdBeforePip=-1 displayCutoutSafeInsets=Rect(0, 108 - 0, 0) topActivityInfo=ActivityInfo{4c03525 com.waze.MainActivity} launchCookies=[] positionInParent=Point(0, 0) parentTaskId=-1 isFocused=true isVisible=false isVisibleRequested=false isSleeping=false locusId=null displayAreaFeatureId=1 isTopActivityTransparent=false appCompatTaskInfo=AppCompatTaskInfo { topActivityInSizeCompat=false topActivityEligibleForLetterboxEducation= falseisLetterboxEducationEnabled= false isLetterboxDoubleTapEnabled= false topActivityEligibleForUserAspectRatioButton= false topActivityBoundsLetterboxed= false isFromLetterboxDoubleTap= false topActivityLetterboxVerticalPosition= -1 topActivityLetterboxHorizontalPosition= -1 topActivityLetterboxWidth=1080 topActivityLetterboxHeight=2640 isUserFullscreenOverrideEnabled=false isSystemFullscreenOverrideEnabled=false cameraCompatTaskInfo=CameraCompatTaskInfo { cameraCompatControlState=hidden freeformCameraCompatMode=inactive}}}, pipTask = null, remoteTransition = null, displayChange = null, flags = 4096, debugId = 6007 }
03-10 19:33:32.484  3163  3227 V WindowManager:     startWCT=WindowContainerTransaction { changes = {} hops = [] errorCallbackToken=null taskFragmentOrganizer=null }
03-10 19:33:32.484  3163  3227 V WindowManager:     info={id=6007 t=WAKE f=0x3040 trk=0 r=[] c=[]}
03-10 19:33:32.484  5625  5669 V WindowManagerShell: onTransitionReady (#6007) android.os.BinderProxy@5141a22: {id=6007 t=WAKE f=0x3040 trk=0 r=[] c=[]}
03-10 19:33:32.484  5625  5669 V WindowManagerShell: No transition roots in (#6007) android.os.BinderProxy@5141a22@0 so abort
03-10 19:33:32.485  5625  5669 V WindowManagerShell: Transition animation finished (aborted=true), notifying core (#6007) android.os.BinderProxy@5141a22@0
03-10 19:33:32.485 11416 11416 W libc    : Access denied finding property "vendor.display.enable_optimal_refresh_rate"
03-10 19:33:32.485 11416 11416 W libc    : Access denied finding property "vendor.gpp.create_frc_extension"
03-10 19:33:32.486  3163  7451 D PowerManagerService: nativeSetPowerMode ret:false mode:5 enabled:false duration ms: 0
03-10 19:33:32.487  3163  3227 V WindowManager: Finish Transition (#6007): created at 03-10 19:33:32.116 collect-started=0.017ms request-sent=0.115ms started=23.655ms ready=296.901ms sent=366.845ms finished=370.435ms
03-10 19:33:32.488 11416 13482 I AdrenoGLES-0: QUALCOMM build                   : 0c393b63cf, I94e2bd5684
03-10 19:33:32.488 11416 13482 I AdrenoGLES-0: Build Date                       : 05/02/25
03-10 19:33:32.488 11416 13482 I AdrenoGLES-0: OpenGL ES Shader Compiler Version: EV031.36.08.33
03-10 19:33:32.488 11416 13482 I AdrenoGLES-0: Local Branch                     : 
03-10 19:33:32.488 11416 13482 I AdrenoGLES-0: Remote Branch                    : refs/tags/AU_LINUX_ANDROID_LA.VENDOR.1.0.R1.11.00.00.816.269
03-10 19:33:32.488 11416 13482 I AdrenoGLES-0: Remote Branch                    : NONE
03-10 19:33:32.488 11416 13482 I AdrenoGLES-0: Reconstruct Branch               : NOTHING
03-10 19:33:32.488 11416 13482 I AdrenoGLES-0: Build Config                     : S P 12.1.1 AArch64
03-10 19:33:32.488 11416 13482 I AdrenoGLES-0: Driver Path                      : /vendor/lib64/egl/libGLESv2_adreno.so
03-10 19:33:32.488 11416 13482 I AdrenoGLES-0: Driver Version                   : 0615.98
03-10 19:33:32.489  5625  5640 D KeyguardService: setOccluded(false)
03-10 19:33:32.489  5625  5640 D KeyguardViewMediator: setOccluded(false)
03-10 19:33:32.489  5625  5625 D KeyguardViewMediator: handleSetOccluded(false)
03-10 19:33:32.489  5625  5669 V WindowManagerShell: Track 0 became idle
03-10 19:33:32.489  5625  5669 V WindowManagerShell: All active transition animations finished
03-10 19:33:32.490  5625  5625 D KeyguardViewMediator: KeyguardViewMediator queue processing message: SET_OCCLUDED
03-10 19:33:32.490  3163  6974 W UserManagerService: Requested status bar icon for non-badged user 0
03-10 19:33:32.491  3163  7023 W AccessibilityWindowsPopulator: The displayInfo of this displayId (0) called back from the surface fligner is null
03-10 19:33:32.491  3163  7023 W UserManagerService: Requested status bar icon for non-badged user 0
03-10 19:33:32.493  3163  6016 W UserManagerService: Requested status bar icon for non-badged user 0
03-10 19:33:32.494  3163  6974 W UserManagerService: Requested status bar icon for non-badged user 0
03-10 19:33:32.502 11416 13482 I AdrenoGLES-0: PFP: 0x016dc109, ME: 0x00000000
03-10 19:33:32.507 11416 13482 W Adreno-AppProfiles: Could not find QSPM HAL service. Skipping adreno profile processing.
03-10 19:33:32.514  3163  5235 E MotoSxfService: ModeUsage or ActivityState is null.
03-10 19:33:32.521 11416 13482 I HWUI    : setGrContext nullptr-->validptr
03-10 19:33:32.524  3163  5224 D PerfTracer: Delay com.google.android.permissioncontroller/com.android.permissioncontroller.permission.ui.GrantPermissionsActivity, this launch cost: 117, is bigger than min[52], avg[77], max[732], false, true
03-10 19:33:32.524  3163  3227 I ActivityTaskManager: Displayed com.google.android.permissioncontroller/com.android.permissioncontroller.permission.ui.GrantPermissionsActivity for user 0: +383ms
03-10 19:33:32.524  3163  5224 D PerfTracer: Queue size is too big, need remove first 200
03-10 19:33:32.525  3163  3232 W BoostOptController: not supported hint: 118
03-10 19:33:32.530  2195  2586 I SDM     : PipeAllocSdma2::CalculatePipeNumToDedicate: num_vig: 0, num_dma: 1
03-10 19:33:32.530  2195  2586 I SDM     : DisplayBase::SetDisplayState: active 1-1 state 1-1 pending_power_state_ 0
03-10 19:33:32.531  2300  2300 D SurfaceFlinger: Finished setting power mode 2 on display 4630947043778501762
03-10 19:33:32.531  2300  2300 D RefreshRateSelector: [90:120:0]: mTouchBoostRefreshRateAvailable=0, mScrollBoostRefreshRateAvailable=0, mTouchOnBlankNotBoostRefreshRateAvailable=0
03-10 19:33:32.531  2300  2300 I SurfaceFlinger: doPolicyValidationAndCorrection for Prim to {0, false, PR={p[60.00-120.00]Hz, r[24.00-30.00]Hz}, AR={p[0.00-120.00]Hz, r[0.00-120.00]Hz}} 
03-10 19:33:32.531  2300  2300 I SurfaceFlinger: setDesiredModeSpecsByBrightnessZone Prim brightness[0.163765 15.787916] sys[p(24~120) r(24~30)] zone[60~120] -> target[p(60~120) r(24~30)], cur[p(60~120) r(24~60)] upperLimit[30~30], intersection=1, brightnessTrigger=0
03-10 19:33:32.531  2300  2300 D RefreshRateSelector: constructAvailableRefreshRates: {defaultModeId=0, allowGroupSwitching=false, primaryRanges={physical=[60.00 Hz, 120.00 Hz], render=[24.00 Hz, 30.00 Hz]}, appRequestRanges={physical=[0.00 Hz, 120.00 Hz], render=[0.00 Hz, 120.00 Hz]} idleScreenConfig=nullptr} 
03-10 19:33:32.531  2300  2300 D RefreshRateSelector: primary render rates: {fps=30.00 Hz, modePtr={id=5, vsyncRate=60.00 Hz, peakRefreshRate=60.00 Hz}} {fps=30.00 Hz, modePtr={id=4, vsyncRate=90.00 Hz, peakRefreshRate=90.00 Hz}} , isVrrDevice? 0
