03-10 18:40:21.657  3163  5305 D TouchHwAidlService: setCliGestureModeHal done mode=33 newMode=33 result=0
03-10 18:40:21.657  3163  5305 D TouchHwAidlService: enableTapWake mode=49 displayId=-1 mGestureStowMode=true
03-10 18:40:21.657  3163  5305 D TouchHwAidlService: transfer mode=49 transMode=48 cli=false
03-10 18:40:21.657  2106  2106 I motorola.hardware.display.touch-service: Setting Gesture to 48
03-10 18:40:21.658  2186  2186 I CamxComm1.0-CamModule: notifyDeviceStateChange: calling notify_device_state_change with state 4
03-10 18:40:21.660 17485 17485 D VRI[BarcelonaActivity]: visibilityChanged oldVisibility=true newVisibility=false
03-10 18:40:21.660  3163  3231 I InputManager-JNI: Viewport [0] to add: local:4630947043778501762, isActive: false
03-10 18:40:21.661  3163  3231 I InputManager-JNI: Viewport [1] to add: local:4630947043778501763, isActive: false
03-10 18:40:21.662  3163  3229 D CLI/Transition: displaygroup 0, state OFF, pendingdisplaygroup -1
03-10 18:40:21.664 17485 17539 W MultiSignalANRDetectorLacrima: Moving to background
03-10 18:40:21.665 26976 27604 D MCLOG   : [BrightnessTrigger] onDisplayChanged displayId = 0
03-10 18:40:21.665  3163  3231 D PanelsService: updateDefaultDisplayState: mScreenState=OFF
03-10 18:40:21.666  3163  3231 W ServiceManagerCppClient: Failed to get isDeclared for com.motorola.hardware.display.panel.IDisplayPanel/default: Status(-1, EX_SECURITY): 'SELinux denied.'
03-10 18:40:21.667  3163  3231 D DisplayPanelService: Setting panel dc mode: 0
03-10 18:40:21.667  2067 14471 D AHAL: AudioDevice: SetParameters: 1564: enter: screen_state=off
03-10 18:40:21.667  2067 14471 D AHAL: AudioVoice: VoiceSetParameters: 87: Enter params: screen_state=off
03-10 18:40:21.667  2067 14471 D AHAL: AudioVoice: VoiceSetParameters: 360: Exit ret: 0
03-10 18:40:21.667  2067 14471 D AHAL: FM: fm_set_parameters: 262: Enter
03-10 18:40:21.667  2067 14471 D AHAL: FM: fm_set_parameters: 320: exit
03-10 18:40:21.667  2067 14471 D AHAL: AudioDevice: SetParameters: 1628:  - screen = off
03-10 18:40:21.667  2067 14471 I PAL: ResourceManager: setParameter: 8311: Screen State:0
03-10 18:40:21.667  2067 14471 D AHAL: AudioDevice: SetParameters: 2361: exit: screen_state=off
03-10 18:40:21.668  3163  4285 I InputReader: Reconfiguring input devices, changes=DISPLAY_INFO
03-10 18:40:21.668  3163  4285 I InputReader: Disabling goodix_ts (device 7) because the associated viewport is not active
03-10 18:40:21.668  3163  4285 I InputReader: Device reconfigured: id=7, name='goodix_ts', size 17281x42241, orientation Rotation0, mode DISABLED, display id 0
03-10 18:40:21.668  3163  4285 I InputReader: Disabling zinitix_mt (device 6) because the associated viewport is not active
03-10 18:40:21.668 17485 17485 W WindowOnBackDispatcher: sendCancelIfRunning: isInProgress=false callback=X.01g@b977046
03-10 18:40:21.670  3163  8301 D CoreBackPreview: Window{f01f033 u0 com.instagram.barcelona/com.instagram.barcelona.mainactivity.BarcelonaActivity}: Setting back callback OnBackInvokedCallbackInfo{mCallback=android.window.IOnBackInvokedCallback$Stub$Proxy@f7be08b, mPriority=-1, mIsAnimationCallback=false}
03-10 18:40:21.670  2090  2090 I DisplayPanel: setDcMode: DC mode = OFF
03-10 18:40:21.670  3163  3227 D TouchHwAidlService: updateDefaultDisplayState: mScreenOn=false
03-10 18:40:21.671  2090  2090 D DisplayPanel: setParam: Success set DC to 0 for Primary display
03-10 18:40:21.672 10834 10834 I PkDeviceHelper: PkDeviceHelper.refreshDevices():93 refreshing devices
03-10 18:40:21.676  2300  2300 E Scheduler: trackPendingFrame: Invalid present fence
03-10 18:40:21.677  3163  5305 D TouchHwAidlService: setGestureModeHal done mode=49 newMode=48 result=0
03-10 18:40:21.677  2106  2106 I motorola.hardware.display.touch-service: Setting CLI Gesture to 49
03-10 18:40:21.677  2186  2186 D CamX    : [DEBUG][HAL    ] camxhal3module.cpp:411 NotifyDeviceStateChange() New Device State: 4
03-10 18:40:21.678  3163  5305 D TouchHwAidlService: setCliGestureModeHal done mode=49 newMode=49 result=0
03-10 18:40:21.679  3163  5305 W ServiceManagerCppClient: Failed to get isDeclared for com.motorola.hardware.display.panel.IDisplayPanel/default: Status(-1, EX_SECURITY): 'SELinux denied.'
03-10 18:40:21.679  3163  5305 D DisplayPanelService: Setting panel dc mode: 0
03-10 18:40:21.679  2090  2090 I DisplayPanel: setDcMode: DC mode = OFF
03-10 18:40:21.679  5625  5625 D CentralSurfaces: !shouldBeKeyguard mStatusBarStateController.isKeyguardRequested() false keyguardForDozing false wakeAndUnlocking false isWakingAndOccluded false
03-10 18:40:21.679  5625  5625 D CentralSurfaces: hideKeyguardImpl false
03-10 18:40:21.679  2090  2090 D DisplayPanel: setParam: Success set DC to 0 for Primary display
03-10 18:40:21.680  3163  5305 D LocalDisplayAdapter: setDisplayPowerMode mode=0 for display=android.os.BinderProxy@d90d011
03-10 18:40:21.680  2300  2300 D SurfaceFlinger: Setting power mode 0 on display 4630947043778501762
03-10 18:40:21.681 17485 17485 W BackgroundStartupDetector: bgMode=BACKGROUND
03-10 18:40:21.682  5625  5625 I vol.VolumeDialogImpl: mDialog.dismiss() reason: volume_controller from: com.android.systemui.volume.VolumeDialogImpl$10.onDismissRequested:3 displayId: 0 mShowing: false mIsAnimatingDismiss: true
03-10 18:40:21.683  5625  5625 D vol.VolumeDialogImpl: dismissH: skipping dismiss because isAnimatingDismiss is true and showingStateInconsistent is false
03-10 18:40:21.683 26976 27604 D MCLOG   : [BrightnessManager] displayId = 0 brightness = 0.17853455 nit = 23.869862 level = br1
03-10 18:40:21.685  7545  7545 I FileStationLog: [ FS_h$a ] - [Display] Changed display: 0
03-10 18:40:21.685  7545  7545 I FileStationLog: [ FS_h ] - [Logic] Retrieved display info: LogicDisplayInfo(width=1080, height=2640, orientation=1, rotation=0, displayId=0)
03-10 18:40:21.686  7545  7545 I FileStationLog: [ FS_h$a ] - [Display] New logical size: 1080x2640
03-10 18:40:21.686  7545  7545 I FileStationLog: [ FS_h$a ] - [Display] Screen width unchanged: 1080
03-10 18:40:21.688  5993  5993 I NearbyDiscovery: (REDACTED) FastPairDisplayObserver: %s -> %s
03-10 18:40:21.690  2064  2064 I sensors-hal: batch:206, android.sensor.light/51, period=200000000, max_latency=0
03-10 18:40:21.690  2064  2064 I sensors-hal: set_config:61, no need to adjust sample_period_ns due to reporting_mode = 2
03-10 18:40:21.690  2064  2064 I sensors-hal: batch:215, android.sensor.light/51, period=200000000, max_latency=0 request completed
03-10 18:40:21.691  2195  2586 I SDM     : DisplayBase::SetDisplayState: Set state = 0, display 57-0, teardown = 0
03-10 18:40:21.694 17485 17485 W NonBlockingScreenshotDetectorImpl: Resigning active session
03-10 18:40:21.694 17485 17485 W NonBlockingScreenshotDetectorImpl: Now handling 0 active screenshot sessions
03-10 18:40:21.695  5993  8761 I NearbyDiscovery: (REDACTED) PureOffloadFastPairScanner: eventType=%s, isInternalReq=%s, isScanning=%s, isScanningAllowed=%s
03-10 18:40:21.696  5993  8761 I NearbyDiscovery: (REDACTED) ApFastPairScanner: isScreenOn=%s, isLocationEnabled=%s, disableLocationRequirement=%s, isDiscoveryScanningEnabled=%s, during24GhzWifiWarmingUpPeriod=%s
03-10 18:40:21.696  5993  8761 D BluetoothAdapter: isLeEnabled(): ON
03-10 18:40:21.696  5993  8761 I NearbyDiscovery: (REDACTED) ApFastPairScanner: eventType=%s, intReq=%s, scanning=%s, scanAllowed=%s, bleEnabled=%s, lockScanRate=%s, startScanningByLowPowerMode=%s
03-10 18:40:21.697  5993 17661 I NearbySharing: Screen is locked
03-10 18:40:21.697  2195  2586 I SDM     : DRMPanelFeatureMgr::MarkForNullCommit: Marked 7 for null commit
03-10 18:40:21.698  3163  3336 D KernelCpuUidUserSysTimeReader: Removing uids 99494-99494
03-10 18:40:21.698  3163  3336 D KernelCpuUidUserSysTimeReader: Removing uids 99503-99503
03-10 18:40:21.698  2195  2586 I SDM     : HWDeviceDRM::NullCommit: Null commit succeeded crtc=141
03-10 18:40:21.700  5993  8761 I NearbyDiscovery: (REDACTED) ApFastPairScanner: Stopping scan, %s
03-10 18:40:21.703  5993 17661 I NearbySharing: Stopping scanning because the screen is locked.
03-10 18:40:21.705  5993  8761 D BluetoothAdapter: isLeEnabled(): ON
03-10 18:40:21.706  5993 17661 I NearbySharing: Stopping Fast Init advertisement because we're not scanning in the foreground.
03-10 18:40:21.708  5658  6105 I bt_shim_scanner: system/main/shim/le_scanning_manager.cc:185 Scan: in shim layer stopped
03-10 18:40:21.708  5993 17661 I NearbySharing: Stopping advertising because Nearby Sharing is disabled.
03-10 18:40:21.708  5993 17661 I NearbySharing: Stopping FastInitiation scanning because the screen is locked.
03-10 18:40:21.710  5658  5907 I bluetooth: system/gd/hci/le_address_manager.cc:244 unregister_client: Client unregistered
03-10 18:40:21.710  5658  5907 I bluetooth: system/gd/hci/le_address_manager.cc:248 unregister_client: Cancelled address rotation alarm
03-10 18:40:21.710  5993 17661 I NearbySharing: Fast Initiation Scanning has stopped
03-10 18:40:21.715  5993 17661 I NearbySharing: Dismissing HUN as there's no device nearby.
03-10 18:40:21.717  2068  2068 D vendor.qti.bluetooth@1.0-ibs_handler: SerialClockVote: vote for UART CLK ON
03-10 18:40:21.718  2068  2068 D vendor.qti.bluetooth@1.0-wake_lock: Acquire wakelock is acquired 
03-10 18:40:21.718  2068  2068 I vendor.qti.bluetooth@1.0-ibs_handler: DeviceWakeUp: Writing IBS_WAKE_IND
03-10 18:40:21.718  5658  6105 W BtGatt.JNI: android/app/jni/com_android_bluetooth_gatt.cpp:1597 gattSetScanParametersNative: gattSetScanParametersNative
03-10 18:40:21.718  5658  6105 I bt_shim_scanner: system/main/shim/le_scanning_manager.cc:363 SetScanParameters: in shim layer, scannerId=1
03-10 18:40:21.718  5658  6105 I bt_shim_scanner: system/main/shim/le_scanning_manager.cc:185 Scan: in shim layer started
03-10 18:40:21.724 17485 17598 D Surface : Surface::disconnect
03-10 18:40:21.724  2068  6060 I vendor.qti.bluetooth@1.0-ibs_handler: ProcessIbsCmd: Received IBS_WAKE_ACK: 0xFC
03-10 18:40:21.724  2068  6060 I vendor.qti.bluetooth@1.0-ibs_handler: ProcessIbsCmd: Signal wack_cond_
03-10 18:40:21.724 17485 17598 D BufferQueueProducer: [com.instagram.barcelona/com.instagram.barcelona.mainactivity.BarcelonaActivity#67411(BLAST Consumer)pid:17485](id:444d00000001,api:1,p:17485,c:17485) disconnect: api 1
03-10 18:40:21.724  2068  2068 D vendor.qti.bluetooth@1.0-ibs_handler: DeviceWakeUp: Unblocked from waiting for FC, pthread_cond_timedwait ret = 0
03-10 18:40:21.724  5658  5907 I bluetooth: system/gd/hci/le_scanning_manager.cc:690 stop_scan: Scanning already stopped, return!
03-10 18:40:21.725  5658  5907 I bluetooth: system/gd/hci/le_address_manager.cc:226 register_client: Scheduled address rotation for first client registered
03-10 18:40:21.725  5658  5907 I bluetooth: system/gd/hci/le_address_manager.cc:229 register_client: Client registered
03-10 18:40:21.725  2068  6060 I vendor.qti.bluetooth@1.0-ibs_handler: ProcessIbsCmd: Received IBS_WAKE_IND: 0xFD
03-10 18:40:21.725  2068  6060 I vendor.qti.bluetooth@1.0-ibs_handler: ProcessIbsCmd: Writing IBS_WAKE_ACK
03-10 18:40:21.729  5658  6105 I bt_shim_scanner: system/main/shim/le_scanning_manager.cc:185 Scan: in shim layer stopped
03-10 18:40:21.729  5658  5907 I bluetooth: system/gd/hci/le_address_manager.cc:244 unregister_client: Client unregistered
03-10 18:40:21.729  5658  5907 I bluetooth: system/gd/hci/le_address_manager.cc:248 unregister_client: Cancelled address rotation alarm
03-10 18:40:21.730  5658  6105 I bt_shim_scanner: system/main/shim/le_scanning_manager.cc:220 ScanFilterParamSetup: in shim layer, clientIf=1
03-10 18:40:21.734  5658 18434 I bt_shim_scanner: system/main/shim/le_scanning_manager.cc:179 Unregister: in shim layer, scannerId=1
03-10 18:40:21.735  5658  6105 I bt_shim_scanner: system/main/shim/le_scanning_manager.cc:220 ScanFilterParamSetup: in shim layer, clientIf=1
03-10 18:40:21.742  7314  7314 D GameMode: onStartedActivityChange: componnent: ComponentInfo{com.instagram.barcelona/com.instagram.barcelona.mainactivity.BarcelonaActivity} entered launcher screen? false
03-10 18:40:21.742  3163  7441 D PowerManagerService: nativeReleaseSuspendBlocker name:PowerManagerService.WakeLocks duration ms: 1
03-10 18:40:21.745  3163  5235 E MotoSxfService: ModeUsage or ActivityState is null.
03-10 18:40:21.757 17992 17992 I ThermalEngine: devices_manager_init: Init
03-10 18:40:21.757 17992 17992 I ThermalEngine: Number of gpus :1
03-10 18:40:21.757 17992 17992 I ThermalEngine: Number of cpus :8
03-10 18:40:21.762 17992 17992 E ThermalEngine: tmd_add_cpufreq_dev_data: Invalid or no boost freqs
03-10 18:40:21.763  2061  2108 E minksocket: MinkIPC_QRTR_Service: client with node 1 port 417c went down
03-10 18:40:21.768 17992 17992 E ThermalEngine: tmd_add_cpufreq_dev_data: Invalid or no boost freqs
03-10 18:40:21.768  2061  2108 E minksocket: MinkIPC_QRTR_Service: client with node 1 port 417d went down
03-10 18:40:21.771 17992 17992 E ThermalEngine: tmd_add_cpufreq_dev_data: Invalid or no boost freqs
03-10 18:40:21.772  2061  2108 E minksocket: MinkIPC_QRTR_Service: client with node 1 port 417e went down
03-10 18:40:21.776  2061  2108 E minksocket: MinkIPC_QRTR_Service: client with node 1 port 417f went down
03-10 18:40:21.776  2068  6060 I vendor.qti.bluetooth@1.0-ibs_handler: ProcessIbsCmd: Received IBS_SLEEP_IND: 0xFE
03-10 18:40:21.781 17992 17992 E ThermalEngine: devices_manager_reg_clnt: Invalid dev cdsp_sw.
03-10 18:40:21.783  5625  5920 D Tile.ScreenshotTile: update state
03-10 18:40:21.783  2061  2108 E minksocket: MinkIPC_QRTR_Service: client with node 1 port 4180 went down
03-10 18:40:21.776 17992 17992 W thermal-engine-: type=1400 audit(0.0:1296223): avc:  denied  { read } for  scontext=u:r:vendor_thermal-engine:s0 tcontext=u:r:init:s0 tclass=file permissive=0
03-10 18:40:21.776 17992 17992 W thermal-engine-: type=1400 audit(0.0:1296224): avc:  denied  { read } for  scontext=u:r:vendor_thermal-engine:s0 tcontext=u:r:kernel:s0 tclass=file permissive=0
03-10 18:40:21.776 17992 17992 W thermal-engine-: type=1400 audit(0.0:1296225): avc:  denied  { read } for  scontext=u:r:vendor_thermal-engine:s0 tcontext=u:r:kernel:s0 tclass=file permissive=0
03-10 18:40:21.776 17992 17992 W thermal-engine-: type=1400 audit(0.0:1296226): avc:  denied  { read } for  scontext=u:r:vendor_thermal-engine:s0 tcontext=u:r:kernel:s0 tclass=file permissive=0
03-10 18:40:21.776 17992 17992 W thermal-engine-: type=1400 audit(0.0:1296227): avc:  denied  { read } for  scontext=u:r:vendor_thermal-engine:s0 tcontext=u:r:kernel:s0 tclass=file permissive=0
03-10 18:40:21.786  2061  2108 E minksocket: MinkIPC_QRTR_Service: client with node 1 port 4181 went down
03-10 18:40:21.789  2061  2108 E minksocket: MinkIPC_QRTR_Service: client with node 1 port 4182 went down
03-10 18:40:21.792  2061  2108 E minksocket: MinkIPC_QRTR_Service: client with node 1 port 4183 went down
03-10 18:40:21.793 17992 17994 E ThermalEngine: verify_tmd_device: Device:cpuv_restriction_cold available. max:1
03-10 18:40:21.793  2061  2108 E minksocket: MinkIPC_QRTR_Service: client with node 1 port 4185 went down
03-10 18:40:21.794 17992 17994 E ThermalEngine: verify_tmd_device: Device:modem_lte_dsc available. max:255
03-10 18:40:21.795  2061  2108 E minksocket: MinkIPC_QRTR_Service: client with node 1 port 4186 went down
03-10 18:40:21.795 17992 17994 E ThermalEngine: verify_tmd_device: Device:modem_lte_sub1_dsc available. max:255
03-10 18:40:21.796 17992 17994 E ThermalEngine: verify_tmd_device: Device:modem_nr_dsc available. max:255
03-10 18:40:21.796  2061  2108 E minksocket: MinkIPC_QRTR_Service: client with node 1 port 4187 went down
03-10 18:40:21.798 17992 17994 E ThermalEngine: verify_tmd_device: Device:modem_nr_sub1_dsc available. max:255
03-10 18:40:21.798  2061  2108 E minksocket: MinkIPC_QRTR_Service: client with node 1 port 4188 went down
03-10 18:40:21.798 17992 17994 E ThermalEngine: verify_tmd_device: Device:modem_nr_scg_dsc available. max:255
03-10 18:40:21.798 17992 17994 E ThermalEngine: verify_tmd_device: Device:modem_nr_scg_sub1_dsc available. max:255
03-10 18:40:21.799 17992 17992 I ThermalEngine: Found /system/bin/installd, file: 2737
03-10 18:40:21.799 17992 17992 E ThermalEngine: tmd_init_battery_data: type 0 
03-10 18:40:21.799 17992 17992 E ThermalEngine: tmd_init_battery_data: Unknown type: 0
03-10 18:40:21.799 17992 17992 E ThermalEngine: tmd_init_battery_data: type 1 
03-10 18:40:21.799  2061  2108 E minksocket: MinkIPC_QRTR_Service: client with node 1 port 4189 went down
03-10 18:40:21.800 17992 17994 E ThermalEngine: verify_tmd_device: Device:sdr0_lte_dsc available. max:255
03-10 18:40:21.800  2061  2108 E minksocket: MinkIPC_QRTR_Service: client with node 1 port 418a went down
03-10 18:40:21.800 17992 17994 E ThermalEngine: verify_tmd_device: Device:sdr1_lte_dsc available. max:255
03-10 18:40:21.801 17992 17994 E ThermalEngine: verify_tmd_device: Device:sdr0_nr_dsc available. max:255
03-10 18:40:21.801 17992 17992 E ThermalEngine: tmd_init_battery_data: type 2 
03-10 18:40:21.802  2061  2108 E minksocket: MinkIPC_QRTR_Service: client with node 1 port 418b went down
03-10 18:40:21.802 17992 17994 E ThermalEngine: verify_tmd_device: Device:sdr1_nr_dsc available. max:255
03-10 18:40:21.803 17992 17994 E ThermalEngine: verify_tmd_device: Device:pa_lte_sdr0_dsc available. max:255
03-10 18:40:21.803  2061  2108 E minksocket: MinkIPC_QRTR_Service: client with node 1 port 418c went down
03-10 18:40:21.803 17992 17994 E ThermalEngine: verify_tmd_device: Device:pa_lte_sdr1_dsc available. max:255
03-10 18:40:21.803 17992 17996 E ThermalEngine: verify_tmd_device: Device:cpuv_restriction_cold available. max:1
03-10 18:40:21.804 17992 17996 E ThermalEngine: devices_manager_add_dev: Device:cpuv_restriction_cold already exists
03-10 18:40:21.804 17992 17996 I ThermalEngine: ADSP thermal mitigation available.
03-10 18:40:21.804  2061  2108 E minksocket: MinkIPC_QRTR_Service: client with node 1 port 418e went down
03-10 18:40:21.805 17992 17994 E ThermalEngine: verify_tmd_device: Device:pa_lte_sdr0_sub1_dsc available. max:255
03-10 18:40:21.805  2061  2108 E minksocket: MinkIPC_QRTR_Service: client with node 1 port 418f went down
03-10 18:40:21.806 17992 17994 E ThermalEngine: verify_tmd_device: Device:pa_lte_sdr1_sub1_dsc available. max:255
03-10 18:40:21.806 17992 17997 E ThermalEngine: verify_tmd_device: Device:cpuv_restriction_cold available. max:1
03-10 18:40:21.806 17992 17997 E ThermalEngine: devices_manager_add_dev: Device:cpuv_restriction_cold already exists
03-10 18:40:21.807 17992 17997 E ThermalEngine: verify_tmd_device: Device:cdsp_hw available. max:1
03-10 18:40:21.807 17992 17994 E ThermalEngine: verify_tmd_device: Device:pa_nr_sdr0_dsc available. max:255
03-10 18:40:21.807 17992 17997 E ThermalEngine: verify_tmd_device: Device:cdsp_sw available. max:6
03-10 18:40:21.807 17992 17997 I ThermalEngine: CDSP thermal mitigation available.
03-10 18:40:21.808 17992 17994 E ThermalEngine: verify_tmd_device: Device:pa_nr_sdr1_dsc available. max:255
03-10 18:40:21.808 17992 17994 E ThermalEngine: verify_tmd_device: Device:pa_nr_sdr0_sub1_dsc available. max:255
03-10 18:40:21.808  2064  4171 D slpi-TCS3720: ALS_REPORT lux 0.000000, ch0 0.000000-0.000000-0.000000-0.000000, scale 1.1878, fps 90, client 1
03-10 18:40:21.808  2064  4171 D slpi-TCS3720: PRX_OC info Far, Total 0, pdata 0, offset 0 step 0.63, ore 0:0 step 21.00, TH_H 1020, TH_L 0, client 0
03-10 18:40:21.808  2163  2163 D SENSOREXT_ALS_COMP: FrontLight: no calculate, ReportLux 0.00, dbv 0
03-10 18:40:21.809 17992 17992 E ThermalEngine: tmd_init_battery_data: type 3 
03-10 18:40:21.809 17992 17992 E ThermalEngine: tmd_init_battery_data: Unknown type: 3
03-10 18:40:21.809 17992 17992 E ThermalEngine: tmd_init_battery_data: type 4 
03-10 18:40:21.809 17992 17992 E ThermalEngine: tmd_init_battery_data: Unknown type: 4
03-10 18:40:21.809 17992 17992 E ThermalEngine: Failed to reading /sys/class/leds/lcd-backlight/max_brightness
03-10 18:40:21.809 17992 17992 E ThermalEngine: Switch to /sys/class/backlight/panel0-backlight/max_brightness successfully
03-10 18:40:21.810 17992 17994 E ThermalEngine: verify_tmd_device: Device:pa_nr_sdr1_sub1_dsc available. max:255
03-10 18:40:21.810 17992 17994 E ThermalEngine: verify_tmd_device: Device:pa_nr_sdr0_scg_dsc available. max:255
03-10 18:40:21.812 17992 17992 E ThermalEngine: parse_cooling_devices: Added cooling device: display-fps with cdev id:31
03-10 18:40:21.812 17992 17994 E ThermalEngine: verify_tmd_device: Device:pa_nr_sdr1_scg_dsc available. max:255
03-10 18:40:21.812 17992 17992 E ThermalEngine: parse_cooling_devices: Added cooling device: cpu-hotplug3 with cdev id:21
03-10 18:40:21.812 17992 17992 E ThermalEngine: parse_cooling_devices: Added cooling device: pause-cpu3 with cdev id:11
03-10 18:40:21.812 17992 17992 E ThermalEngine: parse_cooling_devices: Added cooling device: mmw0_dsc_kr with cdev id:58
03-10 18:40:21.812 17992 17992 E ThermalEngine: parse_cooling_devices: Added cooling device: sdr0_lte_dsc_kr with cdev id:48
03-10 18:40:21.812 17992 17992 E ThermalEngine: parse_cooling_devices: Added cooling device: panel0-backlight with cdev id:38
03-10 18:40:21.812 17992 17992 E ThermalEngine: parse_cooling_devices: Added cooling device: pause-cpu7 with cdev id:8
03-10 18:40:21.813 17992 17992 E ThermalEngine: parse_cooling_devices: Added cooling device: ufs with cdev id:28
03-10 18:40:21.813 17992 17992 E ThermalEngine: parse_cooling_devices: Added cooling device: pa_nr_sdr0_scg_kr with cdev id:56
03-10 18:40:21.813 17992 17994 E ThermalEngine: verify_tmd_device: Device:mmw0_dsc available. max:255
03-10 18:40:21.813 17992 17992 E ThermalEngine: parse_cooling_devices: Added cooling device: cpu-hotplug0 with cdev id:18
03-10 18:40:21.813 17992 17992 E ThermalEngine: parse_cooling_devices: Added cooling device: pa_nr_sdr0_dsc_kr with cdev id:54
03-10 18:40:21.813 17992 17992 E ThermalEngine: parse_cooling_devices: Added cooling device: modem_vdd with cdev id:44
03-10 18:40:21.813 17992 17992 E ThermalEngine: parse_cooling_devices: Added cooling device: mmw_ific_dsc_kr with cdev id:62
03-10 18:40:21.814 17992 17992 E ThermalEngine: parse_cooling_devices: Added cooling device: pause-cpu5 with cdev id:4
03-10 18:40:21.814 17992 17992 E ThermalEngine: parse_cooling_devices: Added cooling device: cpu-hotplug7 with cdev id:24
03-10 18:40:21.814 17992 17992 E ThermalEngine: parse_cooling_devices: Added cooling device: pa_lte_sdr0_dsc_kr with cdev id:52
03-10 18:40:21.814 17992 17992 E ThermalEngine: parse_cooling_devices: Added cooling device: mmw2_dsc_kr with cdev id:60
03-10 18:40:21.814 17992 17992 E ThermalEngine: parse_cooling_devices: Added cooling device: pause-cpu0 with cdev id:2
03-10 18:40:21.814 17992 17992 E ThermalEngine: parse_cooling_devices: Added cooling device: cpu-hotplug5 with cdev id:22
03-10 18:40:21.814 17992 17994 E ThermalEngine: verify_tmd_device: Device:mmw0_sub1_dsc available. max:255
03-10 18:40:21.814 17992 17992 E ThermalEngine: parse_cooling_devices: Added cooling device: sdr0_nr_dsc_kr with cdev id:50
03-10 18:40:21.814 17992 17992 E ThermalEngine: parse_cooling_devices: Added cooling device: pause-cpu6 with cdev id:12
03-10 18:40:21.815 17992 17992 E ThermalEngine: parse_cooling_devices: Added cooling device: mmw1_dsc_kr with cdev id:59
03-10 18:40:21.815 17992 17994 E ThermalEngine: verify_tmd_device: Device:mmw1_dsc available. max:255
03-10 18:40:21.815 17992 17992 E ThermalEngine: parse_cooling_devices: Added cooling device: pause-cpu1 with cdev id:0
03-10 18:40:21.815 17992 17992 E ThermalEngine: parse_cooling_devices: Added cooling device: cpu-hotplug2 with cdev id:20
03-10 18:40:21.815 17992 17992 E ThermalEngine: parse_cooling_devices: Added cooling device: sdr1_lte_dsc_kr with cdev id:49
03-10 18:40:21.815 17992 17994 E ThermalEngine: verify_tmd_device: Device:mmw1_sub1_dsc available. max:255
03-10 18:40:21.815 17992 17992 E ThermalEngine: parse_cooling_devices: Added cooling device: panel1-backlight with cdev id:39
03-10 18:40:21.815 17992 17992 E ThermalEngine: parse_cooling_devices: Added cooling device: pause-cpu2 with cdev id:9
03-10 18:40:21.815 17992 17992 E ThermalEngine: parse_cooling_devices: Added cooling device: pa_nr_sdr1_scg_kr with cdev id:57
03-10 18:40:21.815 17992 17992 E ThermalEngine: parse_cooling_devices: Added cooling device: cpu-hotplug1 with cdev id:19
03-10 18:40:21.816 17992 17992 E ThermalEngine: parse_cooling_devices: Added cooling device: pa_nr_sdr1_dsc_kr with cdev id:55
03-10 18:40:21.816 17992 17992 E ThermalEngine: parse_cooling_devices: Added cooling device: wlan with cdev id:63
03-10 18:40:21.816 17992 17992 E ThermalEngine: parse_cooling_devices: Added cooling device: thermal-cpufreq-0 with cdev id:25
03-10 18:40:21.816 17485 17489 W agram.barcelona: Missing inline cache for boolean X.359.A9B(java.lang.Object)
03-10 18:40:21.816 17992 17992 E ThermalEngine: parse_cooling_devices: Added cooling device: pa_lte_sdr1_dsc_kr with cdev id:53
03-10 18:40:21.816 17992 17992 E ThermalEngine: parse_cooling_devices: Added cooling device: wsa with cdev id:43
03-10 18:40:21.816 17992 17992 E ThermalEngine: parse_cooling_devices: Added cooling device: mmw3_dsc_kr with cdev id:61
03-10 18:40:21.816 17992 17992 E ThermalEngine: parse_cooling_devices: Added cooling device: cpu-hotplug6 with cdev id:23
03-10 18:40:21.816 17992 17994 E ThermalEngine: verify_tmd_device: Device:mmw2_dsc available. max:255
03-10 18:40:21.817 17992 17992 E ThermalEngine: parse_cooling_devices: Added cooling device: sdr1_nr_dsc_kr with cdev id:51
03-10 18:40:21.817 17992 17992 I ThermalEngine: sensors_manager_init: Init
03-10 18:40:21.817 17992 17992 E ThermalEngine: Event ID:3 Sampling ID:2
03-10 18:40:21.817 17992 17994 E ThermalEngine: verify_tmd_device: Device:mmw2_sub1_dsc available. max:255
03-10 18:40:21.817 17992 17994 E ThermalEngine: verify_tmd_device: Device:mmw3_dsc available. max:255
03-10 18:40:21.819 17992 17994 E ThermalEngine: verify_tmd_device: Device:mmw3_sub1_dsc available. max:255
03-10 18:40:21.819 17992 17994 E ThermalEngine: verify_tmd_device: Device:mmw_ific_dsc available. max:255
03-10 18:40:21.820 17992 17994 E ThermalEngine: verify_tmd_device: Device:mmw_ific_sub1_dsc available. max:255
03-10 18:40:21.821 17992 17994 E ThermalEngine: verify_tmd_device: Device:wlan available. max:4
03-10 18:40:21.821 17992 17994 E ThermalEngine: devices_manager_add_dev: Device:wlan already exists
03-10 18:40:21.822 17992 17994 E ThermalEngine: verify_tmd_device: Device:wlan_bw available. max:1
03-10 18:40:21.822 17992 17994 E ThermalEngine: verify_tmd_device: Device:modem_bw_backoff available. max:255
03-10 18:40:21.824 17992 17994 E ThermalEngine: verify_tmd_device: Device:cpr_cold available. max:3
03-10 18:40:21.824 17992 17994 I ThermalEngine: MODEM thermal mitigation available.
03-10 18:40:21.839  2195  2586 I SDM     : DisplayBase::SetDisplayState: active 0-0 state 0-0 pending_power_state_ 0
03-10 18:40:21.840  2214  2254 W ANDR-PERF-LM: FeatureState: readState() 151: warning: appName is NULL, returning default State
03-10 18:40:21.840  2300  2300 D SurfaceFlinger: Finished setting power mode 0 on display 4630947043778501762
03-10 18:40:21.841  2214  2254 W ANDR-PERF-LM: FeatureState: readState() 151: warning: appName is NULL, returning default State
03-10 18:40:21.841  2214  2254 W ANDR-PERF-LM: FeatureState: readState() 151: warning: appName is NULL, returning default State
03-10 18:40:21.842  3163  5305 D SurfaceControl: Excessive delay in setPowerMode()
03-10 18:40:21.842  3163  5305 D PowerManagerService: nativeSetPowerMode ret:false mode:9 enabled:true duration ms: 0
03-10 18:40:21.846  2300  2300 E Scheduler: trackPendingFrame: Invalid present fence
03-10 18:40:21.847  3163  3352 D PowerManagerService: nativeSetPowerMode ret:true mode:7 enabled:false duration ms: 0
03-10 18:40:21.847  3163  3352 D BrightnessThermalClamper: Thermal status observer already started
03-10 18:40:21.847  3163  3352 I DreamManagerService: Entering dreamland. callers=com.android.server.dreams.DreamManagerService.startDreamInternal:531 com.android.server.dreams.DreamManagerService.-$$Nest$mstartDreamInternal:0 com.android.server.dreams.DreamManagerService$LocalService.startDream:1246 com.android.server.power.PowerManagerService.handleSandman:4199 com.android.server.power.PowerManagerService.-$$Nest$mhandleSandman:0 
03-10 18:40:21.848  2067 14471 D AHAL: AudioDevice: SetParameters: 1564: enter: screen_state=off
03-10 18:40:21.848  2067 14471 D AHAL: AudioVoice: VoiceSetParameters: 87: Enter params: screen_state=off
03-10 18:40:21.848  2067 14471 D AHAL: AudioVoice: VoiceSetParameters: 360: Exit ret: 0
03-10 18:40:21.848  2067 14471 D AHAL: FM: fm_set_parameters: 262: Enter
03-10 18:40:21.848  2067 14471 D AHAL: FM: fm_set_parameters: 320: exit
03-10 18:40:21.848  2067 14471 D AHAL: AudioDevice: SetParameters: 1628:  - screen = off
03-10 18:40:21.848  2067 14471 I PAL: ResourceManager: setParameter: 8311: Screen State:0
03-10 18:40:21.848  2067 14471 D AHAL: AudioDevice: SetParameters: 2361: exit: screen_state=off
03-10 18:40:21.849  3163  3352 D PowerManagerService: nativeAcquireSuspendBlocker name:PowerManagerService.WakeLocks duration ms: 1
03-10 18:40:21.849  3163  3352 D PowerManagerService: nativeReleaseSuspendBlocker name:PowerManagerService.Display duration ms: 0
03-10 18:40:21.849  3163  3352 D PowerManagerService: nativeSetAutoSuspend enable:true duration ms: 0
03-10 18:40:21.850  3163  3352 I PowerManagerService: Dozing... groupId=1
03-10 18:40:21.850  3163  3352 D PowerManagerService: handleSandman ignore 0
03-10 18:40:21.851  3163  3229 D CLI/Transition: displaygroup 0, state OFF, pendingdisplaygroup -1
03-10 18:40:21.852  2078  2078 I QTI PowerHAL: Power setMode: 7 to: 0
03-10 18:40:21.853  3163  3231 D DisplayManagerService: Ignore redundant display event 0/2 to 10416/11416
03-10 18:40:21.854  2078  2078 I QTI PowerHAL: Got set_interactive hint
03-10 18:40:21.854  2078  2078 I QTI PowerHAL: Got set_interactive hint on= 0, count= 1064
03-10 18:40:21.856 26976 27604 D MCLOG   : [BrightnessTrigger] onDisplayChanged displayId = 0
03-10 18:40:21.859  3163  6909 E WindowManager: Dream packageName does not match active dream. Package com.motorola.mobiledesktop does not match ComponentInfo{com.android.systemui/com.android.systemui.doze.DozeService}
03-10 18:40:21.860  3163  3227 I DreamController: Starting dream: name=ComponentInfo{com.android.systemui/com.android.systemui.doze.DozeService}, isPreviewMode=false, canDoze=true, userId=0, reason='power manager request', mCurrentDreamStartTime=111921313, isFirstTimeDream=false
03-10 18:40:21.861  5625  5625 I vol.VolumeDialogImpl: dismissH reason = posture_changed mDialog.isShowing(): false
03-10 18:40:21.861  5625  5625 I vol.VolumeDialogImpl: mDialog.dismiss() reason: volume_controller from: com.android.systemui.volume.VolumeDialogImpl$10.onDismissRequested:3 displayId: 0 mShowing: false mIsAnimatingDismiss: false
03-10 18:40:21.861  3163  5853 E WindowManager: Dream packageName does not match active dream. Package com.motorola.mobiledesktop does not match ComponentInfo{com.android.systemui/com.android.systemui.doze.DozeService}
03-10 18:40:21.863  3163  7451 E WindowManager: Dream packageName does not match active dream. Package com.google.android.gsf does not match ComponentInfo{com.android.systemui/com.android.systemui.doze.DozeService}
03-10 18:40:21.864  3163  7451 E WindowManager: Dream packageName does not match active dream. Package com.google.android.gms does not match ComponentInfo{com.android.systemui/com.android.systemui.doze.DozeService}
03-10 18:40:21.865  7545  7545 I FileStationLog: [ FS_h$a ] - [Display] Changed display: 0
03-10 18:40:21.867  3163  6987 E WindowManager: Dream packageName does not match active dream. Package com.motorola.mobiledesktop.core does not match ComponentInfo{com.android.systemui/com.android.systemui.doze.DozeService}
03-10 18:40:21.868 26976 27604 D MCLOG   : [BrightnessManager] displayId = 0 brightness = 0.17853455 nit = 23.869862 level = br1
03-10 18:40:21.869  3163  3163 I BrightnessSynchronizer: New Update: {[9137] 0.17853455(f), mUpdatedTypes=0, mConfirmedTypes=0, mTimeUpdated=0, mState=2}
03-10 18:40:21.870  2300  2300 E Scheduler: trackPendingFrame: Invalid present fence
03-10 18:40:21.873  5625  5625 V DreamService[DozeService]: onCreate()
03-10 18:40:21.873  7545  7545 I FileStationLog: [ FS_h ] - [Logic] Retrieved display info: LogicDisplayInfo(width=1080, height=2640, orientation=1, rotation=0, displayId=0)
03-10 18:40:21.874  7545  7545 I FileStationLog: [ FS_h$a ] - [Display] New logical size: 1080x2640
03-10 18:40:21.874  7545  7545 I FileStationLog: [ FS_h$a ] - [Display] Screen width unchanged: 1080
03-10 18:40:21.876  5625  5625 I MotoDozeSensor: Tap to wake up enable: true
03-10 18:40:21.877  5625  5625 D DozeTriggers: shouldregisterTapSensor:  zeroTapEnabled=false
03-10 18:40:21.878  5625  5625 E MotoDozeSensorTypeBuilder: This sensor type(25) is not supported.
03-10 18:40:21.878  5625  5625 E MotoDozeSensorTypeBuilder: This sensor type(65596) is not supported.
03-10 18:40:21.878  5625  5625 V DreamService[DozeService]: onBind() intent = Intent { act=android.service.dreams.DreamService flg=0x800000 cmp=com.android.systemui/.doze.DozeService (has extras) }
03-10 18:40:21.879  3163  3163 I DreamController: onServiceConnected: name=ComponentInfo{com.android.systemui/com.android.systemui.doze.DozeService}, service=android.os.BinderProxy@e2dcf5f
03-10 18:40:21.879  3163  3227 I DreamController: onServiceConnected to attach: name=ComponentInfo{com.android.systemui/com.android.systemui.doze.DozeService}
03-10 18:40:21.880  5625 20429 I DreamService: DreamServiceWrapper attach: dreamToken=android.os.BinderProxy@88a294, canDoze=true
03-10 18:40:21.880  5625  5625 I DreamService[DozeService]: attach() called: dreamToken=android.os.BinderProxy@88a294, canDoze=true mWindow=null mWindowless=true
03-10 18:40:21.880  5625  5625 V DreamService[DozeService]: onDreamingStarted()
03-10 18:40:21.881  3163  3352 D PowerManagerService: handleSandman ignore 0
03-10 18:40:21.882  3163  3352 D PowerManagerService: handleSandman ignore 0
03-10 18:40:21.882  5625  5625 D SbStateController: setState: requested state KEYGUARD!= upcomingState: SHADE. This usually means the status bar state transition was interrupted before the upcoming state could be applied.
03-10 18:40:21.885  2064  2064 I sensors-hal: batch:206, com.motorola.sensor.ltv/65738, period=1000000, max_latency=0
03-10 18:40:21.886  2064  2064 I sensors-hal: set_config:57, sample_period_ns is adjusted to 0 based on min/max delay_ns
03-10 18:40:21.886  2064  2064 I sensors-hal: batch:215, com.motorola.sensor.ltv/65738, period=1000000, max_latency=0 request completed
03-10 18:40:21.886  5625  5962 D KeyguardViewMediator: updateActivityLockScreenState(false, true)
03-10 18:40:21.886  2064  2064 I sensors-hal: activate:173, com.motorola.sensor.ltv/65738 en=1
03-10 18:40:21.887  2064  2064 I sensors-hal: get_qmi_debug_flag:239, support_qmi_debug : false
03-10 18:40:21.887  2061  2108 E minksocket: MinkIPC_QRTR_Service: client with node 1 port 4191 went down
03-10 18:40:21.888  2061  2108 E minksocket: MinkIPC_QRTR_Service: client with node 1 port 4192 went down
03-10 18:40:21.888  2061  2108 E minksocket: MinkIPC_QRTR_Service: client with node 1 port 4193 went down
03-10 18:40:21.888  2061  2108 E minksocket: MinkIPC_QRTR_Service: client with node 1 port 4194 went down
03-10 18:40:21.888  2064  2064 E Diag_Lib: diag: Diag_LSM_Init: invoked for pid: 2064 with init_count: 0
03-10 18:40:21.889  2064  2064 E Diag_Lib: diag:failed to connect to diag socket
03-10 18:40:21.889  2064  2064 E Diag_Lib:  Diag_LSM_Init: Failed to open handle to diag driver, error = 13
03-10 18:40:21.889  3163  3352 D PowerManagerService: handleSandman ignore 0
03-10 18:40:21.889  2064  2064 I sensors-hal: send_sync_sensor_request:341, send sync request
03-10 18:40:21.889  2064  2064 I sensors-hal: send_sync_sensor_request:367, wait for notification of response
03-10 18:40:21.890  2064 18073 I sensors-hal: ssc_conn_resp_cb:632, resp_value = 0
03-10 18:40:21.890  2064  4171 I slpi    : MOT_LTV started with registry parameters (rcv_reg_items=0x1fff)
03-10 18:40:21.891  2064  4171 E slpi    : MOT_GPIO_FLIP kernel state gpio unset
03-10 18:40:21.891  2064  2064 I sensors-hal: send_sync_sensor_request:373, takes 1 ms to receive the response with 0
03-10 18:40:21.891  2064  2064 I sensors-hal: activate:184, com.motorola.sensor.ltv/65738 en=1 completed
03-10 18:40:21.894  2064  2064 I sensors-hal: batch:206, com.motorola.sensor.glance/65658, period=1000000, max_latency=0
03-10 18:40:21.894  2064  2064 I sensors-hal: set_config:57, sample_period_ns is adjusted to 0 based on min/max delay_ns
03-10 18:40:21.894  2064  2064 I sensors-hal: batch:215, com.motorola.sensor.glance/65658, period=1000000, max_latency=0 request completed
03-10 18:40:21.895  2064  2064 I sensors-hal: activate:173, com.motorola.sensor.glance/65658 en=1
03-10 18:40:21.895  2064  2064 I sensors-hal: activate:154, activate glance 65548
03-10 18:40:21.895  2064  2064 I sensors-hal: get_qmi_debug_flag:239, support_qmi_debug : false
03-10 18:40:21.896  2061  2108 E minksocket: MinkIPC_QRTR_Service: client with node 1 port 4196 went down
03-10 18:40:21.897  2061  2108 E minksocket: MinkIPC_QRTR_Service: client with node 1 port 4197 went down
03-10 18:40:21.897  2061  2108 E minksocket: MinkIPC_QRTR_Service: client with node 1 port 4198 went down
03-10 18:40:21.898  2064  2064 E Diag_Lib: diag: Diag_LSM_Init: invoked for pid: 2064 with init_count: 0
03-10 18:40:21.898  2064  2064 E Diag_Lib: diag:failed to connect to diag socket
03-10 18:40:21.898  2064  2064 E Diag_Lib:  Diag_LSM_Init: Failed to open handle to diag driver, error = 13
03-10 18:40:21.898  2061  2108 E minksocket: MinkIPC_QRTR_Service: client with node 1 port 4199 went down
03-10 18:40:21.898  2064  2064 I sensors-hal: create_sensor_config_request:143, sending MOT_GLANCE_MSGID_MOT_GLANCE_CONFIG, 0x17
03-10 18:40:21.899  2064  2064 I sensors-hal: send_sync_sensor_request:341, send sync request
03-10 18:40:21.899  2064  2064 I sensors-hal: send_sync_sensor_request:367, wait for notification of response
03-10 18:40:21.899  2064 18079 I sensors-hal: ssc_conn_resp_cb:632, resp_value = 0
03-10 18:40:21.900  2064  2064 I sensors-hal: send_sync_sensor_request:373, takes 0 ms to receive the response with 0
03-10 18:40:21.900  2064  2064 I sensors-hal: activate:184, com.motorola.sensor.glance/65658 en=1 completed
03-10 18:40:21.900  3163  3352 D PowerManagerService: handleSandman ignore 0
03-10 18:40:21.905  3163  3203 I DreamManagerService: startDozing by com.android.systemui callingUid=10394 callingPid=5625
03-10 18:40:21.905  3163  3203 D DreamManagerService: Dream requested to start dozing: android.os.Binder@7a45062, screenState=1, screenBrightness=-1, reason=UNKNOWN
03-10 18:40:21.907  3163  3203 D PowerManagerService: nativeSetAutoSuspend enable:false duration ms: 1
03-10 18:40:21.907  3163  3203 D PowerManagerService: nativeAcquireSuspendBlocker name:PowerManagerService.Display duration ms: 0
03-10 18:40:21.907  3163  3352 D PowerManagerService: handleSandman ignore 0
03-10 18:40:21.908  3163  3352 I DisplayPowerController2[1]: 03-10 18:40:21.908 - BrightnessEvent: disp=1, physDisp=local:4630947043778501763, displayState=OFF, displayPolicy=DOZE, brt=0.0, initBrt=0.0, rcmdBrt=NaN, preBrt=NaN, lux=0.0, preLux=0.0, brtNits=3.3701954, hdrNits=NaN, initNits=3.3701954, preNits=NaN, rcmdNits=NaN, hdrBrightness=NaN, brt(%)=0%, brtInt=1, hbmPolicy=normal, hbmMax=0.7660316, hbmMode=off, rbcStrength=-1, thrmMax=1.0, powerFactor=1.0, wasShortTermModelActive=false, flags=, reason=screen_off, autoBrightness=true, strategy=ScreenOffBrightnessStrategy, autoBrightnessMode=default
03-10 18:40:21.909  3163  3163 I WindowManager: Finished going to sleep... (groupId=0 why=OFF_BECAUSE_OF_USER) notifySleepToKeyguard=true lidState=0 pmSleepReason=lid_switch
03-10 18:40:21.910  2064  2064 I sensors-hal: activate:173, android.sensor.device_orientation/271 en=0
03-10 18:40:21.911  2061  2108 E minksocket: MinkIPC_QRTR_Service: client with node 1 port 40ec went down
03-10 18:40:21.911  3163  7441 I DreamController: mDreamingStartedCallback sendResult
03-10 18:40:21.911  2064  2064 I sensors-hal: activate:184, android.sensor.device_orientation/271 en=0 completed
03-10 18:40:21.911  5625  5956 D CounterUpPreferencesStatusValue: startTracking: previous = 196 current = 197 tag = Count of how many cli AD is triggered
03-10 18:40:21.912  3163  3352 D PowerManagerService: nativeAcquireSuspendBlocker name:PowerManagerService.Broadcasts duration ms: 3
03-10 18:40:21.912  3163  3352 D PowerManagerService: nativeSetAutoSuspend enable:true duration ms: 0
03-10 18:40:21.913  5625  5625 D SCliNotificationListener: onNotificationListUpdate: [com.android.systemui.statusbar.notification.collection.GroupEntry@58f9bf1]
03-10 18:40:21.913  5625  6286 D SCliNotifPanelController: onNotificationEntryRemove: 0|com.google.android.googlequicksearchbox|0|-1929155362::a:snotification:[0x8e4ca820e9bc8429,stories.f,NOTIFICATION]|10292
03-10 18:40:21.913  5625  6286 D SCliNotifPanelController: onNotificationGroupRemove: com.google.android.googlequicksearchbox_u0
03-10 18:40:21.913  5625  6286 D SCliNotifPanelController: onNotificationEntryRemove: -1|com.android.systemui|1201|fully_charged_and_plugged|10394
03-10 18:40:21.913  5625  6286 D SCliNotifPanelController: onNotificationGroupRemove: com.android.systemui_u-1
03-10 18:40:21.913  5625  6286 D SCliNotifPanelController: onNotificationEntryRemove: 0|com.android.vending|-234430262|null|10276
03-10 18:40:21.913  5625  6286 D SCliNotifPanelController: onNotificationGroupRemove: com.android.vending_u0
03-10 18:40:21.914  3163  3352 D PowerManagerService: nativeReleaseSuspendBlocker name:PowerManagerService.Display duration ms: 1
03-10 18:40:21.914  3163  3352 D PowerManagerService: handleSandman ignore 0
03-10 18:40:21.916  3163  3352 D PowerManagerService: handleSandman ignore 0
03-10 18:40:21.916  5625 10347 D KeyguardViewMediator: USER_LOCKED intent sent
03-10 18:40:21.923  5625  5625 W libc    : Access denied finding property "vendor.display.enable_optimal_refresh_rate"
03-10 18:40:21.923  5625  5625 W libc    : Access denied finding property "vendor.gpp.create_frc_extension"
03-10 18:40:21.925  2064  2064 I sensors-hal: batch:206, android.sensor.accelerometer/11, period=20000000, max_latency=0
03-10 18:40:21.925  2064  2064 I sensors-hal: set_config:57, sample_period_ns is adjusted to 20000000 based on min/max delay_ns
03-10 18:40:21.925  2064  2064 I sensors-hal: batch:215, android.sensor.accelerometer/11, period=20000000, max_latency=0 request completed
03-10 18:40:21.927  3163  3163 I PowerManagerService: onFlip(): Face up.
03-10 18:40:21.928  6942  6942 D NfcService: MSG_APPLY_SCREEN_STATE 1
03-10 18:40:21.929 17992 17992 E ThermalEngine: Unable to change to /sys/devices/soc/
03-10 18:40:21.929 17992 17992 E ThermalEngine: bcl_setup: Unexpected node error
03-10 18:40:21.929 17992 17992 E ThermalEngine: add_tgt_sensor: bcl sensor setup failed failed.
03-10 18:40:21.929 17992 17992 E ThermalEngine: add_tgt_sensors_set_optional: Error adding bcl
03-10 18:40:21.932  2300  2300 E Scheduler: trackPendingFrame: Invalid present fence
03-10 18:40:21.932 17992 17992 E ThermalEngine: sysfs_setup: report: path /sys/class/power_supply/battery/capacity
03-10 18:40:21.932 17992 17992 E ThermalEngine: sysfs_setup: opening /sys/class/power_supply/battery/capacity
03-10 18:40:21.932 17992 17992 E ThermalEngine: sysfs_setup: found sensor cluster0: cluster id = 0
03-10 18:40:21.932 17992 17992 E ThermalEngine: sysfs_setup: found sensor cluster1: cluster id = 1
03-10 18:40:21.932 17992 17992 E ThermalEngine: sysfs_setup: report: path /sys/class/power_supply/battery/charge_rate
03-10 18:40:21.932 17992 17992 E ThermalEngine: sysfs_setup: opening /sys/class/power_supply/battery/charge_rate
03-10 18:40:21.933  3163  3352 D PowerManagerService: handleSandman ignore 0
03-10 18:40:21.934 17992 17992 E ThermalEngine: sysfs_setup: report: path /proc/loadavg
03-10 18:40:21.934 17992 17992 E ThermalEngine: sysfs_setup: opening /proc/loadavg
03-10 18:40:21.934 17992 17992 E ThermalEngine: sysfs_setup: report: path /proc/stat
03-10 18:40:21.934 17992 17992 E ThermalEngine: sysfs_setup: opening /proc/stat
03-10 18:40:21.934 17992 17992 E ThermalEngine: sysfs_setup: report: path /sys/class/power_supply/battery/capacity
03-10 18:40:21.934 17992 17992 E ThermalEngine: sysfs_setup: opening /sys/class/power_supply/battery/capacity
03-10 18:40:21.934 17992 17992 E ThermalEngine: sysfs_setup: report: path /sys/class/backlight/panel0-backlight/brightness
03-10 18:40:21.934 17992 17992 E ThermalEngine: sysfs_setup: opening /sys/class/backlight/panel0-backlight/brightness
03-10 18:40:21.935 17992 17992 E ThermalEngine: sysfs_setup: report: path /proc/stat
03-10 18:40:21.935 17992 17992 E ThermalEngine: sysfs_setup: opening /proc/stat
03-10 18:40:21.935 17992 17992 E ThermalEngine: sysfs_setup: report: path /sys/class/backlight/panel0-backlight/brightness
03-10 18:40:21.935 17992 17992 E ThermalEngine: sysfs_setup: opening /sys/class/backlight/panel0-backlight/brightness
03-10 18:40:21.935 17992 17992 E ThermalEngine: sysfs_setup: report: path /proc/loadavg
03-10 18:40:21.935 17992 17992 E ThermalEngine: sysfs_setup: opening /proc/loadavg
03-10 18:40:21.935 17992 17992 E ThermalEngine: sysfs_setup: report: path /sys/class/power_supply/wireless/online
03-10 18:40:21.935 17992 17992 E ThermalEngine: sysfs_setup: opening /sys/class/power_supply/wireless/online
03-10 18:40:21.936 17992 17992 E ThermalEngine: No hwmon device found in the kernel for sensor tmp108
03-10 18:40:21.936 17992 17992 E ThermalEngine: add_tgt_sensor: tmp108 sensor setup failed failed.
03-10 18:40:21.936 17992 17992 E ThermalEngine: add_tgt_sensors_set_optional: Error adding tmp108
03-10 18:40:21.936  5625  5625 W View    : requestLayout() improperly called by com.android.keyguard.CarrierText{fc2afe4 V.ED..... ..S...ID 42,0-495,108 #7f0a04a7 app:id/keyguard_carrier_text} during layout: running second layout pass
03-10 18:40:21.936  2300  2300 E Scheduler: trackPendingFrame: Invalid present fence
03-10 18:40:21.936 17992 17992 E ThermalEngine: No hwmon device found in the kernel for sensor msm_tmp108
03-10 18:40:21.936 17992 17992 E ThermalEngine: add_tgt_sensor: msm_tmp108 sensor setup failed failed.
03-10 18:40:21.936 17992 17992 E ThermalEngine: add_tgt_sensors_set_optional: Error adding msm_tmp108
03-10 18:40:21.936 17992 17992 E ThermalEngine: No hwmon device found in the kernel for sensor quiet_tmp108
03-10 18:40:21.936 17992 17992 E ThermalEngine: add_tgt_sensor: quiet_tmp108 sensor setup failed failed.
03-10 18:40:21.936 17992 17992 E ThermalEngine: add_tgt_sensors_set_optional: Error adding quiet_tmp108
03-10 18:40:21.936  5625  5625 W View    : requestLayout() improperly called by com.android.systemui.util.AutoMarqueeTextView{fcb050b VFED..C.. ..S...ID 205,0-571,126 #7f0a0686 app:id/no_carrier_text} during layout: running second layout pass
03-10 18:40:21.936  6942  6942 D libnfc_nci: nfcManager_doSetScreenState: state = 1 prevScreenState= 8, discovry_param = 1
03-10 18:40:21.937 17992 17992 I ThermalEngine: Loading config file for virtual sensor
03-10 18:40:21.937 17992 17992 I ThermalEngine: Loading configuration file /vendor/etc/thermal-engine-lynkco-cli.conf
03-10 18:40:21.937 17992 17992 I ThermalEngine: Parsing section global
03-10 18:40:21.937 17992 17992 I ThermalEngine: Created section 'FRONT_TEMP'
03-10 18:40:21.937 17992 17992 I ThermalEngine: Algo Type 'virtual'
03-10 18:40:21.937 17992 17992 I ThermalEngine: Parsing section FRONT_TEMP
03-10 18:40:21.937 17992 17992 I ThermalEngine: Found field 'trip_sensor'
03-10 18:40:21.937 17992 17992 I ThermalEngine: Found field 'thresholds'
03-10 18:40:21.937 17992 17992 I ThermalEngine: Found field 'thresholds_clr'
03-10 18:40:21.937 17992 17992 I ThermalEngine: Found field 'sensors'
03-10 18:40:21.938 17992 17992 I ThermalEngine: Found field 'weights'
03-10 18:40:21.938 17992 17992 I ThermalEngine: Found field 'offsets'
03-10 18:40:21.938 17992 17992 I ThermalEngine: Found field 'sampling'
03-10 18:40:21.938 17992 17992 I ThermalEngine: Found field 'math'
03-10 18:40:21.938 17992 17992 I ThermalEngine: Found field 'sys_temp'
03-10 18:40:21.938 17992 17992 I ThermalEngine: Created section 'BACK_TEMP'
03-10 18:40:21.938 17992 17992 I ThermalEngine: Algo Type 'virtual'
03-10 18:40:21.938 17992 17992 I ThermalEngine: Parsing section BACK_TEMP
03-10 18:40:21.938 17992 17992 I ThermalEngine: Found field 'trip_sensor'
03-10 18:40:21.938 17992 17992 I ThermalEngine: Found field 'thresholds'
03-10 18:40:21.938 17992 17992 I ThermalEngine: Found field 'thresholds_clr'
03-10 18:40:21.938 17992 17992 I ThermalEngine: Found field 'sensors'
03-10 18:40:21.938 17992 17992 I ThermalEngine: Found field 'weights'
03-10 18:40:21.938 17992 17992 I ThermalEngine: Found field 'offsets'
03-10 18:40:21.938 17992 17992 I ThermalEngine: Found field 'sampling'
03-10 18:40:21.938 17992 17992 I ThermalEngine: Found field 'math'
03-10 18:40:21.938 17992 17992 I ThermalEngine: Found field 'sys_temp'
03-10 18:40:21.938 17992 17992 I ThermalEngine: Created section 'FUSE_TEMP'
03-10 18:40:21.938 17992 17992 I ThermalEngine: Algo Type 'virtual'
03-10 18:40:21.938 17992 17992 I ThermalEngine: Parsing section FUSE_TEMP
03-10 18:40:21.938 17992 17992 I ThermalEngine: Found field 'trip_sensor'
03-10 18:40:21.938 17992 17992 I ThermalEngine: Found field 'thresholds'
03-10 18:40:21.938 17992 17992 I ThermalEngine: Found field 'thresholds_clr'
03-10 18:40:21.938 17992 17992 I ThermalEngine: Found field 'sensors'
03-10 18:40:21.938 17992 17992 I ThermalEngine: Found field 'weights'
