03-13 10:09:11.747  2105  2342 D RenderEngine: [SEC_SF_EFFECTS] drawLayersInternal,1483, Rendering layer ScreenCaptureFillLayer at index 0
03-13 10:09:11.747  2105  2342 D RenderEngine: [SEC_SF_EFFECTS] drawLayersInternal,1483, Rendering layer com.mcdonalds.app/com.mcdonalds.orderv2.navigation.entry_points.NavHostActivity$_21537#46211 at index 1
03-13 10:09:11.747 21537 21537 I BMP:BackgroundEventManager: Activity paused: com.mcdonalds.orderv2.navigation.entry_points.NavHostActivity
03-13 10:09:11.747  2105  2342 D RenderEngine: [SEC_SF_EFFECTS] drawLayersInternal,1483, Rendering layer StatusBar$_4205#132 at index 2
03-13 10:09:11.747 21537 21537 I BMP:LifecycleCallbacks: Activity Paused: com.mcdonalds.orderv2.navigation.entry_points.NavHostActivity
03-13 10:09:11.747 21537 21537 I BMP:CYFMonitor: Stop collecting sensor data
03-13 10:09:11.747  2105  2342 D RenderEngine: [SEC_SF_EFFECTS] drawLayersInternal,1483, Rendering layer com.sec.android.app.launcher/com.samsung.app.honeyspace.edge.edgepanel.app.CocktailBarService$_4832#46071 at index 3
03-13 10:09:11.747  2105  2342 D RenderEngine: [SEC_SF_EFFECTS] drawLayersInternal,1483, Rendering layer NavigationBar0$_4205#130 at index 4
03-13 10:09:11.748  2007  2007 I sensors-hal: activate:300, android.sensor.gyroscope/41 en=0
03-13 10:09:11.748  2007  2007 I sensors-hal: send_sync_sensor_request:508, send sync request
03-13 10:09:11.748  2007  2007 I sensors-hal: send_sync_sensor_request:518, send_sync_sensor_request before send_request for sensor_temperature with SUID low=2469432388859779188 high=2270547140419222672
03-13 10:09:11.749  2007  2007 I sensors-hal: send_sync_sensor_request:537, wait for notification of response
03-13 10:09:11.749  2007 22712 I sensors-hal: qsh_conn_resp_cb:930, resp_value = 0 for sensor_temperature 
03-13 10:09:11.751  2007  2007 I sensors-hal: send_sync_sensor_request:543, takes 2 ms to receive the response with 0
03-13 10:09:11.751  2007  2007 I sensors-hal: ~calibration:61, ~calibration: START
03-13 10:09:11.751  2007  2007 I sensors-hal: register_cb:312, suid(low=10025908976994887838,high=13187306796670928542) is alread registered
03-13 10:09:11.751  2007  2007 I sensors-hal: register_cb:317, update callbacks with new one
03-13 10:09:11.751  2007  2007 I sensors-hal: ~worker:65, worker(0xb400007a0f4d5e90) send sig to tid= 22713
03-13 10:09:11.752  2092  3859 I SSC_DAEMON: virtualOpticFlipStateEvent:29, fstate: 1
03-13 10:09:11.752 21471 21817 W qdgralloc: getInterlacedFlag: getMetaData returned 3, defaulting to interlaced_flag = 0
03-13 10:09:11.752  6103  6103 W ContextImpl: Calling a method in the system process without a qualified user: android.app.ContextImpl.startService:2068 android.content.ContextWrapper.startService:872 android.content.ContextWrapper.startService:872 com.sec.android.diagmonagent.sa.receiver.CFLogReceiver.onReceive:56 android.app.ActivityThread.handleReceiver:5663 
03-13 10:09:11.753  3003  3067 I ActivityManager: Changes in 10023 2 to 12, 255 to 128
03-13 10:09:11.753  2007  2007 I sensors-hal: ~worker:74, worker(0xb400007a0f4d5e90) is destroyed, remaining task = 0, tid= 22713
03-13 10:09:11.753  3003  3067 W ProcessStats: Tracking association SourceState{bb1e450 com.mcdonalds.app/10023 Top #437825} whose proc state 1 is better than process ProcessState{2eda094 com.google.android.gms.persistent/10259 pkg=com.google.android.gms} proc state 2 (129 skipped)
03-13 10:09:11.753  2007  2007 I sensors-hal: send_req:220, send_req before send_request gyro_cal with SUID low=10025908976994887838 high=13187306796670928542
03-13 10:09:11.753  2007  2007 I sensors-hal: ~calibration:77, sent disable request. wait for response for it
03-13 10:09:11.753  2007  2007 I sensors-hal: operator():80, resp_received = 0 in wait_for
03-13 10:09:11.753  2007 22712 I sensors-hal: handle_resp_cb:230, resp_value = 0 for gyro_cal before acuiring the lock _cal_mutex
03-13 10:09:11.754  2007  3645 I sensors-hal: qsh_conn_event_cb:890, event[0] sensor:Device Common Info  Wakeup, msg_id=1025, ts=4572625133429
03-13 10:09:11.754  2007  3645 I sensors-hal: handle_sns_client_event:65, device_common_info_event: t:3, f:0, s:1, h:1
03-13 10:09:11.754  2452  7951 I CameraService: onUidStateChanged: uid=10259, procState is changed. (3 -> 4)
03-13 10:09:11.755  5915  5959 V OsAgent : broadcastSystemEvent - 7
03-13 10:09:11.755  3003  3064 D HintManagerService: Sent cleanup message for uid 10023
03-13 10:09:11.755  2452  7951 I CameraService: onUidStateChanged: uid=10053, procState is changed. (0 -> 1)
03-13 10:09:11.755  2452  7951 I CameraService: onUidStateChanged: uid=10023, procState is changed. (2 -> 12)
03-13 10:09:11.756  3003  3130 D AutomaticBrightnessController: sendAmbientLux(-1.0)
03-13 10:09:11.756  3003  3130 D MdnieScenarioControlService: getVisionBoosterIndex() mAutoBrightnessMode : true , mReduceBrightColorsActivatedEnabled : false , lux : -1
03-13 10:09:11.756  3003  3130 D MdnieScenarioControlService: Vision Booster Index : 0
03-13 10:09:11.757  4205  4205 E EdgeBackGestureHandler: No resource found for gesture-blocking activities
03-13 10:09:11.757  2007  2007 I sensors-hal: operator():80, resp_received = 1 in wait_for
03-13 10:09:11.757  2007  2007 I sensors-hal: ~calibration:107, ~calibration: END
03-13 10:09:11.757  2007  2007 I sensors-hal: send_sync_sensor_request:508, send sync request
03-13 10:09:11.757  2007  2007 I sensors-hal: send_sync_sensor_request:518, send_sync_sensor_request before send_request for gyro with SUID low=11331203967455886618 high=2227687939882802101
03-13 10:09:11.757  2007  2007 I sensors-hal: send_sync_sensor_request:537, wait for notification of response
03-13 10:09:11.757  4205  4601 I KeyguardService: onScreenTurnedOff
03-13 10:09:11.757  2007 22712 I sensors-hal: qsh_conn_resp_cb:930, resp_value = 0 for gyro 
03-13 10:09:11.757  2007  2007 I sensors-hal: send_sync_sensor_request:543, takes 0 ms to receive the response with 0
03-13 10:09:11.757  4205  4205 D NavigationModeController: getCurrentInteractionMode: mode=0 contextUser=0
03-13 10:09:11.757  2007  2007 I sensors-hal: ~worker:65, worker(0xb400007a0f4d83b0) send sig to tid= 22711
03-13 10:09:11.758  2053  2950 W QC2Interface: [hvcD_902] Failed to query parameters
03-13 10:09:11.758  2053  2950 I vendor.qti.media.c2@1.0-service: StrictValueWithNoDeps is called old.v.value is 2141391876 me.v.value is 0
03-13 10:09:11.758  2053  2950 I vendor.qti.media.c2@1.0-service: [FRC-IsFilteringEnabled] entry
03-13 10:09:11.758  2053  2950 I vendor.qti.media.c2@1.0-service: [FRC-IsFilteringEnabled] frcReqInfo.value is 0
03-13 10:09:11.758  4205  4205 I NoBackGesture: Config changed: newConfig={1.0 ?mcc0mnc [en_US] ldltr sw307dp w352dp h308dp 340dpi smll hdr widecg land night -touch -keyb/v/h -nav/h winConfig={ mBounds=Rect(0, 0 - 748, 720) mAppBounds=Rect(0, 0 - 748, 654) mMaxBounds=Rect(0, 0 - 748, 720) mDisplayRotation=ROTATION_0 mWindowingMode=fullscreen mActivityType=undefined mAlwaysOnTop=undefined mRotation=ROTATION_0 mStageConfig=undefined mPopOver=undefined mOverlappingWithCutout=false mFlexPanelMode=off} s.4990 fontWeightAdjustment=0 ff=0 bf=-1 bts=0 cst=1.0 nightDim=0 themeSeq=0} lastReportedConfig={1.0 ?mcc0mnc [en_US] ldltr sw307dp w352dp h308dp 340dpi smll hdr widecg land night -touch -keyb/v/h -nav/h winConfig={ mBounds=Rect(0, 0 - 748, 720) mAppBounds=Rect(0, 0 - 748, 654) mMaxBounds=Rect(0, 0 - 748, 720) mDisplayRotation=ROTATION_0 mWindowingMode=fullscreen mActivityType=undefined mAlwaysOnTop=undefined mRotation=ROTATION_0 mStageConfig=undefined mPopOver=undefined mOverlappingWithCutout=false mFlexPanelMode=off} s.4990 fontWeightAdjustment=0 ff=0 bf=-1 bts=0 cst=1.0 nightDim=0 themeSeq=0}
03-13 10:09:11.758  4360 22738 I CCodec  : [c2.qti.hevc.decoder] config->initialize() : 0
03-13 10:09:11.758  4205  4205 D Navbar.Store: handleEvent(1) OnNavBarCreated(keyguardStateController=com.android.systemui.statusbar.policy.KeyguardStateControllerImpl@c596bb7, navigationBar=com.android.systemui.navigationbar.views.NavigationBar@9273123) [Module] NavigationBar
03-13 10:09:11.758  1985  2158 I minksocket: MinkIPC MESSAGE: ( 1985:2158 ) MinkIPC_QRTR_Service:351 minkipc = 0xb400006d4d3f6550 sock = 13, client with node 1 port 6414 went down
03-13 10:09:11.758  4205  4205 D OneHandOpGestureHandler: setDisablePolicy() old=0, new=0
03-13 10:09:11.758  1985  2180 I minksocket: MinkIPC MESSAGE: ( 1985:2180 ) MinkIPC_QRTR_Service:351 minkipc = 0xb400006d4d3f7730 sock = 33, client with node 1 port 6414 went down
03-13 10:09:11.758  2053  2951 W QC2Interface: [hvcD_902] Failed to query parameters
03-13 10:09:11.758  4360 22738 I CCodecConfig: query failed after returning 18 values (BAD_INDEX)
03-13 10:09:11.758  4205  4205 D NavBarStateManager: NavBarStates(1) isLargeCoverScreenSyncEnabled: false
03-13 10:09:11.758  4205  4205 D Navbar.NavigationBar: onInit() Cover navbar hidden: sync option is off
03-13 10:09:11.758  4205  4205 D NavBarStateManager: NavBarStates(1) isNavBarHiddenByKnox: false
03-13 10:09:11.758  4360 22738 W ColorUtils: expected specified color aspects (0:0:0:0)
03-13 10:09:11.759  4360 22738 I CCodec  : [c2.qti.hevc.decoder] config->queryConfiguration()
03-13 10:09:11.759  4360 22738 I CCodec  : [c2.qti.hevc.decoder] mCallback->onComponentAllocated() IN
03-13 10:09:11.759  4360 22738 I CCodec  : [c2.qti.hevc.decoder] mCallback->onComponentAllocated() OUT
03-13 10:09:11.759  4205  4205 D NavBarStateManager: NavBarStates(0) canShowKeyboardButtonForRotation(0): true
03-13 10:09:11.759  4205  4205 D NavBarStateManager: NavBarStates(1) supportLargeCoverScreenNavBar: true
03-13 10:09:11.759  4205  4205 D NavBarStateManager: NavBarStates(0) canShowKeyboardButtonForRotation(0): true
03-13 10:09:11.759  2022  2124 I HYPER-HAL: [RequestManager.cpp]acquire(): Acquired ID : 161090249  [2025 / 15923]    HINT :      list : [TID_LOW_LATENCY / 0] [TID / 21876] [TID / 21877] [TID / 21537] [TID / 21802] 
03-13 10:09:11.760  2007  2007 I sensors-hal: ~worker:74, worker(0xb400007a0f4d83b0) is destroyed, remaining task = 0, tid= 22711
03-13 10:09:11.760  2007  2007 I sensors-hal: ~qsh_qmi:58, ~qsh_qmi
03-13 10:09:11.760  2007  2007 I sensors-hal: activate:330, android.sensor.gyroscope/41 en=0 completed
03-13 10:09:11.760  4205  4205 D NavBarStateManager: NavBarStates(1) supportLargeCoverScreenNavBar: true
03-13 10:09:11.760  4205  4205 D NavBarStateManager: NavBarStates(0) canShowKeyboardButtonForRotation(1): true
03-13 10:09:11.760  2007  2007 I sensors-hal: activate:300, android.sensor.accelerometer/11 en=0
03-13 10:09:11.760  2007  2007 I sensors-hal: send_sync_sensor_request:508, send sync request
03-13 10:09:11.760  2007  2007 I sensors-hal: send_sync_sensor_request:518, send_sync_sensor_request before send_request for accel with SUID low=7080276908576992050 high=13131023702051637398
03-13 10:09:11.760  2007  2007 I sensors-hal: send_sync_sensor_request:537, wait for notification of response
03-13 10:09:11.760  4205  4205 D NavBarStateManager: NavBarStates(1) supportLargeCoverScreenNavBar: true
03-13 10:09:11.760  4205  4205 D NavBarStateManager: NavBarStates(0) canShowKeyboardButtonForRotation(2): true
03-13 10:09:11.761  3003  3130 I SemMdnieManagerService: DDI setHighBrightnessMode id(0) lux : -1, index : 0
03-13 10:09:11.761  4205  4205 D NavBarStateManager: NavBarStates(1) supportLargeCoverScreenNavBar: true
03-13 10:09:11.761  3003  3130 D AutomaticBrightnessController: setLightSensorEnabled: false
03-13 10:09:11.761  4205  4205 D NavBarStateManager: NavBarStates(0) canShowKeyboardButtonForRotation(3): true
03-13 10:09:11.761  4205  4205 D NavBarStateManager: NavBarStates(1) supportLargeCoverScreenNavBar: true
03-13 10:09:11.761  4205  4205 I WindowManager: WindowManagerGlobal#addView, ty=2019, view=com.android.systemui.navigationbar.views.NavigationBarFrame{72fa19b V.E...... ......I. 0,0-0,0 #7f0a083f app:id/navigation_bar_frame}, caller=android.view.WindowManagerImpl.addView:158 com.android.systemui.navigationbar.views.NavigationBar.onInit:238 com.android.systemui.util.ViewController.init:6 
03-13 10:09:11.761  4205  4205 I ViewRootImpl: dVRR is disabled
03-13 10:09:11.762  2007 22710 I sensors-hal: qsh_conn_resp_cb:930, resp_value = 0 for accel 
03-13 10:09:11.762  4205  4394 D NativeCustomFrequencyManager: [NativeCFMS] BpCustomFrequencyManager::BpCustomFrequencyManager()
03-13 10:09:11.762  2007  2007 I sensors-hal: send_sync_sensor_request:543, takes 1 ms to receive the response with 0
03-13 10:09:11.762  2022  2124 I HYPER-HAL: [RequestManager.cpp]acquire(): Acquired ID : 161377569  [2025 / 15939]    HINT :      list : [TID_LOW_LATENCY / 0] [TID / 21876] [TID / 21877] [TID / 21537] [TID / 21802] 
03-13 10:09:11.762  1985  2180 I minksocket: MinkIPC MESSAGE: ( 1985:2180 ) MinkIPC_QRTR_Service:351 minkipc = 0xb400006d4d3f7730 sock = 33, client with node 1 port 640f went down
03-13 10:09:11.763  1985  2158 I minksocket: MinkIPC MESSAGE: ( 1985:2158 ) MinkIPC_QRTR_Service:351 minkipc = 0xb400006d4d3f6550 sock = 13, client with node 1 port 640f went down
03-13 10:09:11.764  2022  2124 I HYPER-HAL: [RequestManager.cpp]acquire(): Acquired ID : 161413502  [2025 / 15941]    HINT :      list : [TID_LOW_LATENCY / 1] [TID / 4392] [TID / 4393] [TID / 4205] [TID / 4394] 
03-13 10:09:11.764  3003  3595 D HintManagerService: SystemUI make new AppHintSession but force pause
03-13 10:09:11.765  2105  2321 I SurfaceFlinger: id=46218 createSurf, flag=84004, WindowToken{b723bce type=2019 android.os.BinderProxy@fbd30d0}#46218
03-13 10:09:11.766  3003  4920 D InputTransport: Input channel constructed: 'd306aef', fd=1089
03-13 10:09:11.766  3003  4920 D InputTransport: Input channel constructed: 'd306aef', fd=1197
03-13 10:09:11.766  3003  4920 D InputTransport: Input channel constructed: 'd306aef', fd=1237
03-13 10:09:11.766  3003  4920 D InputTransport: Input channel destroyed: 'd306aef', fd=1197
03-13 10:09:11.766  2105  2922 I SurfaceFlinger: id=46219 createSurf, flag=84004, d306aef NavigationBar1#46219
03-13 10:09:11.766  3003  4920 D RestrictionPolicy: isScreenCaptureEnabled : ret=true userId=0
03-13 10:09:11.766  3003  4920 D InsetsSourceProvider: updateVisibility: serverVisible=false, clientVisible=false, source=InsetsSource: {999e0001 mType=navigationBars mFrame=[0,0][0,0] mVisible=false mFlags= mSideHint=NONE mBoundingRects=null}, controlTarget=null, from=com.android.server.wm.InsetsSourceProvider.setClientVisible:8 com.android.server.wm.InsetsSourceProvider.setWindowContainer:160 com.android.server.wm.WindowManagerService.addWindowInner:148 com.android.server.wm.WindowManagerService.addWindow:1842 com.android.server.wm.Session.addToDisplayAsUser:24 android.view.IWindowSession$Stub.onTransact:757 com.android.server.wm.Session.onTransact:1 android.os.Binder.execTransactInternal:1457 android.os.Binder.execTransact:1401 <bottom of call stack> 
03-13 10:09:11.767  3003  4920 E WindowManager: Display reconfigured outside of a transition: Display{#1 state=OFF size=748x720 ROTATION_0}
03-13 10:09:11.767  3003  4920 D DisplayManager.PersistentDataStore: saveToXml remembered active display fit status value:false
03-13 10:09:11.767  3003  4920 I WindowManager: [d1] Override config changes=20000c00 {0.0 ?mcc0mnc ?localeList ?layoutDir sw291dp w352dp h291dp 340dpi smll hdr widecg land ?uimode ?night finger -keyb/v/h -nav/h winConfig={ mBounds=Rect(0, 0 - 748, 720) mAppBounds=Rect(0, 0 - 748, 618) mMaxBounds=Rect(0, 0 - 748, 720) mDisplayRotation=ROTATION_0 mWindowingMode=fullscreen mActivityType=undefined mAlwaysOnTop=undefined mRotation=ROTATION_0 mStageConfig=undefined mPopOver=undefined mOverlappingWithCutout=false mFlexPanelMode=off} ?fontWeightAdjustment ff=0 bf=-1 bts=0 cst=1.0 nightDim=-1 themeSeq=0}, callers=com.android.server.wm.DisplayContent.updateDisplayOverrideConfigurationLocked:24 com.android.server.wm.DisplayContent.sendNewConfiguration:133 com.android.server.wm.WindowManagerService.addWindowInner:712 com.android.server.wm.WindowManagerService.addWindow:1842 com.android.server.wm.Session.addToDisplayAsUser:24 
03-13 10:09:11.767  3003  4920 D WindowManager: Transition is created, t=TransitionRecord{f42c70b id=-1 type=CHANGE flags=0x0}, caller=com.android.server.wm.Transition.<init>:182 com.android.server.wm.TransitionController.createTransition:17 com.android.server.wm.DisplayContent.requestChangeTransition:5 com.android.server.wm.DisplayContent.performDisplayOverrideConfigUpdate:333 com.android.server.wm.DisplayContent.updateDisplayOverrideConfigurationLocked:24 
03-13 10:09:11.767  3003  4920 D BLASTSyncEngine: SyncGroup is created, id=5351, name=Transition-CHANGE, caller=com.android.server.wm.BLASTSyncEngine$SyncGroup.<init>:52 com.android.server.wm.TransitionController.moveToCollecting:79 com.android.server.wm.TransitionController.createTransition:46 com.android.server.wm.DisplayContent.requestChangeTransition:5 com.android.server.wm.DisplayContent.performDisplayOverrideConfigUpdate:333 com.android.server.wm.DisplayContent.updateDisplayOverrideConfigurationLocked:24 com.android.server.wm.DisplayContent.sendNewConfiguration:133 
03-13 10:09:11.767  4360  4360 I SprWallpaper|VideoPlayer: configure
03-13 10:09:11.768  3003  4920 W BLASTSyncEngine: setSyncMethod, id=5351, method=0, caller=com.android.server.wm.TransitionController.moveToCollecting:91 com.android.server.wm.TransitionController.createTransition:46 com.android.server.wm.DisplayContent.requestChangeTransition:5 
03-13 10:09:11.768  3003  4920 V WindowManager: Start collecting in Transition: TransitionRecord{f42c70b id=5351 type=CHANGE flags=0x0}, caller=com.android.server.wm.TransitionController.createTransition:46 com.android.server.wm.DisplayContent.requestChangeTransition:5 com.android.server.wm.DisplayContent.performDisplayOverrideConfigUpdate:333 com.android.server.wm.DisplayContent.updateDisplayOverrideConfigurationLocked:24 com.android.server.wm.DisplayContent.sendNewConfiguration:133 
03-13 10:09:11.768  3003  4920 V WindowManager: Requesting StartTransition: TransitionRecord{f42c70b id=5351 type=CHANGE flags=0x0}, caller=com.android.server.wm.DisplayContent.requestChangeTransition:10 com.android.server.wm.DisplayContent.performDisplayOverrideConfigUpdate:333 com.android.server.wm.DisplayContent.updateDisplayOverrideConfigurationLocked:24 com.android.server.wm.DisplayContent.sendNewConfiguration:133 com.android.server.wm.WindowManagerService.addWindowInner:712 
03-13 10:09:11.768  3003  4920 V WindowManager: Collecting in transition 5351: Display{#1 state=OFF size=748x720 ROTATION_0}, caller=com.android.server.wm.DisplayContent.requestChangeTransition:71 com.android.server.wm.DisplayContent.performDisplayOverrideConfigUpdate:333 com.android.server.wm.DisplayContent.updateDisplayOverrideConfigurationLocked:24 com.android.server.wm.DisplayContent.sendNewConfiguration:133 com.android.server.wm.WindowManagerService.addWindowInner:712 
03-13 10:09:11.768  3003  4002 D BackgroundInstallControlService: Package event received: 0
03-13 10:09:11.768  3003  4920 D WindowManager: prepareSync <SYNC_STATE_WAITING_FOR_DRAW>, mPrepareSyncSeqId=0, win=Window{21b9755 u0 ScreenDecorOverlayCover}
03-13 10:09:11.768  4360 22736 I MediaCodec: MediaCodec will operate in async mode
03-13 10:09:11.768  3003  4920 D WindowManager: prepareSync <SYNC_STATE_WAITING_FOR_DRAW>, mPrepareSyncSeqId=0, win=Window{d306aef u0 NavigationBar1}
03-13 10:09:11.768  3003  4920 D WindowManager: prepareSync <SYNC_STATE_WAITING_FOR_DRAW>, mPrepareSyncSeqId=0, win=Window{243e821 u0 SubScreenQuickPanel}
03-13 10:09:11.768  3003  4920 D WindowManager: prepareSync <SYNC_STATE_WAITING_FOR_DRAW>, mPrepareSyncSeqId=0, win=Window{3b7b695 u0 com.android.systemui/com.android.systemui.subscreen.SubHomeActivity}
03-13 10:09:11.768  3003  4920 D WindowManager: prepareSync <SYNC_STATE_WAITING_FOR_DRAW>, mPrepareSyncSeqId=0, win=Window{8bc5e3f u0 com.samsung.android.smartsuggestions/com.samsung.android.smartsuggestions.feature.aisuggestion.ui.onboarding.OnboardingActivity}
03-13 10:09:11.768  3003  7241 I ActivityManager: Changes in 10114 19 to 10, 0 to 128
03-13 10:09:11.769  3003  3003 D SGM:GameManager: onDisplayChanged. displyId: 1, state: 1
03-13 10:09:11.769  3003  4920 V WindowManager: Collecting in transition 5351: WindowToken{8004a5b type=2024 android.os.BinderProxy@d7bba75}, caller=com.android.server.wm.TransitionController$$ExternalSyntheticLambda3.accept:43 com.android.server.wm.WindowContainer$ForAllWindowsConsumerWrapper.apply:5 com.android.server.wm.WindowState.applyInOrderWithImeWindows:22 com.android.server.wm.WindowState.forAllWindows:9 com.android.server.wm.WindowContainer.forAllWindows:2 
03-13 10:09:11.769  4205  4267 V WindowManagerShell: Transition requested (#5351): android.os.BinderProxy@7b29d11 TransitionRequestInfo { type = CHANGE, triggerTask = null, pipChange = null, remoteTransition = null, displayChange = null, flags = 0, debugId = 5351 }
03-13 10:09:11.769  4205  4267 D ShellDesktopMode: handleRequest: TransitionRequestInfo {type=6, tid=null, debugId=5351}
03-13 10:09:11.769  4205  4267 V ShellDesktopMode: DesktopTasksController: skipping handleRequest reason=transition type not handled (6)
03-13 10:09:11.770  3003  3003 V CameraService_worker: onDisplayChanged rotation : 0 current mDeviceState : 6
03-13 10:09:11.770  3003  4920 I MultiTaskingController: onConfigurationChangedLocked: display#1, configChanges=0x20000c00, scaleW=1.0, scaleH=1.0, prevScreenBounds=Rect(0, 0 - 748, 720), nextScreenBounds=Rect(0, 0 - 748, 720)
03-13 10:09:11.770  4360  4360 E MediaCodec: Media Quality Service not found.
03-13 10:09:11.771  4360 22736 I MediaCodec: [c2.qti.hevc.decoder] setting surface generation to 4464909
03-13 10:09:11.771  3003  4920 V WindowManager: Collecting in transition 5351: ActivityRecord{143539571 u0 com.mcdonalds.app/com.mcdonalds.orderv2.navigation.entry_points.NavHostActivity t532}, caller=com.android.server.wm.TransitionController.collect:7 com.android.server.wm.ActivityRecord.setVisibility:132 com.android.server.wm.ActivityRecord.makeInvisible:32 com.android.server.wm.EnsureActivitiesVisibleHelper.process:542 com.android.server.wm.TaskFragment.updateActivityVisibilities:12 
03-13 10:09:11.771  3003  4920 D WindowManager: prepareSync <SYNC_STATE_WAITING_FOR_DRAW>, mPrepareSyncSeqId=0, win=Window{fc7d478 u0 com.mcdonalds.app/com.mcdonalds.orderv2.navigation.entry_points.NavHostActivity}
03-13 10:09:11.772 27562 27562 D BoundBrokerSvc: onBind: Intent { act=com.google.android.gms.measurement.START xflg=0x4 pkg=com.google.android.gms }
03-13 10:09:11.772  4832 14037 I HoneySpace.Memory-Monitor: no default Display - 1
03-13 10:09:11.773 27562 27562 D BoundBrokerSvc: Loading bound service for intent: Intent { act=com.google.android.gms.measurement.START xflg=0x4 pkg=com.google.android.gms }
03-13 10:09:11.773  3003  4920 D InsetsSourceProvider: updateVisibility: serverVisible=false, clientVisible=true, source=InsetsSource: {999e0024 mType=systemGestures mFrame=[0,0][0,0] mVisible=false mFlags= mSideHint=NONE mBoundingRects=null}, controlTarget=null, from=com.android.server.wm.InsetsSourceProvider.setServerVisible:6 com.android.server.wm.InsetsSourceProvider.onPostLayout:30 com.android.server.wm.InsetsStateController.onPostLayout:26 com.android.server.wm.RootWindowContainer.applySurfaceChangesTransaction$1:203 com.android.server.wm.RootWindowContainer.performSurfacePlacementNoTrace:86 com.android.server.wm.WindowSurfacePlacer.performSurfacePlacement:166 com.android.server.wm.ActivityTaskManagerService.continueWindowLayout:28 com.android.server.wm.DisplayContent.updateDisplayOverrideConfigurationLocked:78 com.android.server.wm.DisplayContent.sendNewConfiguration:133 com.android.server.wm.WindowManagerService.addWindowInner:712 
03-13 10:09:11.773  3003  4920 D InsetsSourceProvider: updateVisibility: serverVisible=false, clientVisible=true, source=InsetsSource: {999e0006 mType=tappableElement mFrame=[0,0][0,0] mVisible=false mFlags= mSideHint=NONE mBoundingRects=null}, controlTarget=null, from=com.android.server.wm.InsetsSourceProvider.setServerVisible:6 com.android.server.wm.InsetsSourceProvider.onPostLayout:30 com.android.server.wm.InsetsStateController.onPostLayout:26 com.android.server.wm.RootWindowContainer.applySurfaceChangesTransaction$1:203 com.android.server.wm.RootWindowContainer.performSurfacePlacementNoTrace:86 com.android.server.wm.WindowSurfacePlacer.performSurfacePlacement:166 com.android.server.wm.ActivityTaskManagerService.continueWindowLayout:28 com.android.server.wm.DisplayContent.updateDisplayOverrideConfigurationLocked:78 com.android.server.wm.DisplayContent.sendNewConfiguration:133 com.android.server.wm.WindowManagerService.addWindowInner:712 
03-13 10:09:11.773  3003  4920 D InsetsSourceProvider: updateVisibility: serverVisible=false, clientVisible=true, source=InsetsSource: {999e0005 mType=mandatorySystemGestures mFrame=[0,0][0,0] mVisible=false mFlags= mSideHint=NONE mBoundingRects=null}, controlTarget=null, from=com.android.server.wm.InsetsSourceProvider.setServerVisible:6 com.android.server.wm.InsetsSourceProvider.onPostLayout:30 com.android.server.wm.InsetsStateController.onPostLayout:26 com.android.server.wm.RootWindowContainer.applySurfaceChangesTransaction$1:203 com.android.server.wm.RootWindowContainer.performSurfacePlacementNoTrace:86 com.android.server.wm.WindowSurfacePlacer.performSurfacePlacement:166 com.android.server.wm.ActivityTaskManagerService.continueWindowLayout:28 com.android.server.wm.DisplayContent.updateDisplayOverrideConfigurationLocked:78 com.android.server.wm.DisplayContent.sendNewConfiguration:133 com.android.server.wm.WindowManagerService.addWindowInner:712 
03-13 10:09:11.773  3003  4920 D InsetsSourceProvider: updateVisibility: serverVisible=false, clientVisible=true, source=InsetsSource: {999e0004 mType=systemGestures mFrame=[0,0][0,0] mVisible=false mFlags= mSideHint=NONE mBoundingRects=null}, controlTarget=null, from=com.android.server.wm.InsetsSourceProvider.setServerVisible:6 com.android.server.wm.InsetsSourceProvider.onPostLayout:30 com.android.server.wm.InsetsStateController.onPostLayout:26 com.android.server.wm.RootWindowContainer.applySurfaceChangesTransaction$1:203 com.android.server.wm.RootWindowContainer.performSurfacePlacementNoTrace:86 com.android.server.wm.WindowSurfacePlacer.performSurfacePlacement:166 com.android.server.wm.ActivityTaskManagerService.continueWindowLayout:28 com.android.server.wm.DisplayContent.updateDisplayOverrideConfigurationLocked:78 com.android.server.wm.DisplayContent.sendNewConfiguration:133 com.android.server.wm.WindowManagerService.addWindowInner:712 
03-13 10:09:11.774  2022  2124 I HYPER-HAL: [RequestManager.cpp]acquire(): Acquired ID : 161413502  [2025 / 15941]    HINT :      list : [TID_LOW_LATENCY / 0] [TID / 4392] [TID / 4393] [TID / 4205] [TID / 4394] 
03-13 10:09:11.774  2007  2007 I sensors-hal: ~worker:65, worker(0xb400007a0f4dab10) send sig to tid= 22709
03-13 10:09:11.775  6239  6239 I SSS     : [ChatRoomComponentManager] onConfigurationChanged: {1.0 ?mcc0mnc [en_US] ldltr sw291dp w352dp h291dp 340dpi smll hdr widecg land night finger -keyb/v/h -nav/h winConfig={ mBounds=Rect(0, 0 - 748, 720) mAppBounds=Rect(0, 0 - 748, 618) mMaxBounds=Rect(0, 0 - 748, 720) mDisplayRotation=ROTATION_0 mWindowingMode=fullscreen mActivityType=undefined mAlwaysOnTop=undefined mRotation=ROTATION_0 mStageConfig=undefined mPopOver=off mOverlappingWithCutout=false mFlexPanelMode=off} s.6054 fontWeightAdjustment=0 ff=0 bf=-1 bts=0 cst=1.0 nightDim=0 themeSeq=0}
03-13 10:09:11.775  2007  2007 I sensors-hal: ~worker:74, worker(0xb400007a0f4dab10) is destroyed, remaining task = 0, tid= 22709
03-13 10:09:11.775  2007  2007 I sensors-hal: ~qsh_qmi:58, ~qsh_qmi
03-13 10:09:11.775  2007  2007 I sensors-hal: activate:330, android.sensor.accelerometer/11 en=0 completed
03-13 10:09:11.775  4360 22738 I CCodec  : appPid(4360) width(1080) height(2640)
03-13 10:09:11.775  3003  6692 D WifiDisplayAdapter: isFitToActiveDisplayLocked : false
03-13 10:09:11.775  3003  4920 D InputTransport: Input channel destroyed: 'd306aef', fd=1237
03-13 10:09:11.776 19717 19717 I HBD     : DeX h DeX mode state change in non-main thread 
03-13 10:09:11.776 19717 19717 I HBD     : DeX h DeX mode state change: 3 
03-13 10:09:11.776  3003  7241 V WindowManager: Starting Transition 5351, caller=com.android.server.wm.WindowOrganizerController.startTransition:47 com.android.server.wm.WindowOrganizerController.startTransition:1 android.window.IWindowOrganizerController$Stub.onTransact:259 
03-13 10:09:11.777  2105  2105 I SurfaceFlinger: [Display 1 name="Built-in Screen"#66] setFrameRateCategory: High
03-13 10:09:11.777  4205  4267 V ShellDragAndDrop: Display changed: 1
03-13 10:09:11.777  2105  2105 I SurfaceFlinger: [Display 0 name="Built-in Screen"#50] setFrameRateCategory: High
03-13 10:09:11.777  2105  2105 I SurfaceFlinger: [WindowToken{b723bce type=2019 android.os.BinderProxy@fbd30d0}#46218] attach to parent LayerHierarchy{RequestedLayerState{Leaf:15:31#64 parentId=54 z=5} 3 children}
03-13 10:09:11.777  2105  2105 I SurfaceFlinger: [d306aef NavigationBar1#46219] attach to parent LayerHierarchy{RequestedLayerState{WindowToken{b723bce type=2019 android.os.BinderProxy@fbd30d0}#46218 parentId=64} 1 children}
03-13 10:09:11.777 21537 21537 D SensorManager: unregisterListener
03-13 10:09:11.778  2105  2105 I BpBinder: onLastStrongRef automatically unlinking death recipients: 
03-13 10:09:11.778  3003  3613 I ActivityManager: Changes in 10256 19 to 8, 0 to 128
03-13 10:09:11.778  4205  4205 D InputTransport: Input channel constructed: 'd306aef', fd=563
03-13 10:09:11.779  4205  4205 I InsetsController: onStateChanged: host=NavigationBar1, from=android.view.ViewRootImpl.onInsetsStateChanged:3026, state=InsetsState: {mDisplayFrame=Rect(0, 0 - 748, 720), mDisplayCutout=DisplayCutout{insets=Rect(0, 0 - 0, 66) waterfall=Insets{left=0, top=0, right=0, bottom=0} boundingRect={Bounds=[Rect(0, 0 - 0, 0), Rect(0, 0 - 0, 0), Rect(0, 0 - 0, 0), Rect(379, 654 - 748, 720)]} cutoutPathParserInfo={CutoutPathParserInfo{displayWidth=748 displayHeight=720 physicalDisplayWidth=748 physicalDisplayHeight=720 density={2.125} cutoutSpec={@bottom @right M 0,0 H -173.6470588235294 V -31.05882352941176 H 0 V 0 Z @dp} rotation={0} scale={1.0} physicalPixelDisplaySizeRatio={1.0}}} sideOverrides={}}, mRoundedCorners=RoundedCorners{[RoundedCorner{position=TopLeft, radius=49, center=Point(49, 49)}, RoundedCorner{position=TopRight, radius=49, center=Point(699, 49)}, RoundedCorner{position=BottomRight, radius=49, center=Point(699, 671)}, RoundedCorner{position=BottomLeft, radius=49, center=Point(49, 671)}]}  mRoundedCornerFrame=Rect(0, 0 - 0, 0), mPrivacyIndicatorBounds=PrivacyIndicatorBounds {static bounds=null rotation=0}, mDisplayShape=DisplayShape{ spec=1406003047 displayWidth=748 displayHeight=720 physicalPixelDisplaySizeRatio=1.0 rotation=0 offsetX=0 offsetY=0 scale=1.0}, mSources= { InsetsSource: {999e0004 mType=systemGestures mFrame=[0,0][0,0] mVisible=false mFlags= mSideHint=NONE mBoundingRects=null}, InsetsSource: {999e0005 mType=mandatorySystemGestures mFrame=[0,0][0,0] mVisible=false mFlags= mSideHint=NONE mBoundingRects=null}, InsetsSource: {999e0024 mType=systemGestures mFrame=[0,0][0,0] mVisible=false mFlags= mSideHint=NONE mBoundingRects=null}, InsetsSource: {67 mType=displayCutout mFrame=[0,654][748,720] mVisible=true mFlags= mSideHint=BOTTOM mBoundingRects=null} }
03-13 10:09:11.779  4205  4205 I VRI[NavigationBar1]@b673938: synced displayState. AttachInfo displayState=1
03-13 10:09:11.780  2007  2007 I sensors-hal: activate:300, android.sensor.magnetic_field/21 en=0
03-13 10:09:11.780  2007  2007 I sensors-hal: ~calibration:61, ~calibration: START
03-13 10:09:11.780  2007  2007 I sensors-hal: register_cb:312, suid(low=10350532229688825456,high=14322911740044289799) is alread registered
03-13 10:09:11.780  2007  2007 I sensors-hal: register_cb:317, update callbacks with new one
03-13 10:09:11.780  2007  2007 I sensors-hal: ~worker:65, worker(0xb400007a0f4dc3d0) send sig to tid= 22717
03-13 10:09:11.780  3003  3067 E ModeChangeObserver: Changed display not found
03-13 10:09:11.781  4205  4205 I VRI[NavigationBar1]@b673938: setView = com.android.systemui.navigationbar.views.NavigationBarFrame@72fa19b IsHRR=false mFlingFrameRateChange=0 TM=true
03-13 10:09:11.781  4205  4205 D NavBarStateManager: NavBarStates(1) supportLargeCoverScreenNavBar: true
03-13 10:09:11.781  3003  3067 I DisplayDeviceRepository: Display device changed render timings: "Built-in Screen", renderFrameRate=120.00001, presentationDeadlineNanos=9333333, appVsyncOffsetNanos=8333333, frameRateOverrides=[{uid=10023 frameRateHz=120.00001}, {uid=10053 frameRateHz=120.00001}, {uid=10149 frameRateHz=120.00001}]
03-13 10:09:11.782  2053  6835 W QC2Interface: [hvcD_902] Failed to query parameters
03-13 10:09:11.782  2053  6835 I vendor.qti.media.c2@1.0-service: StrictValueWithNoDeps is called old.v.value is 2141391876 me.v.value is 0
03-13 10:09:11.782  2053  6835 I vendor.qti.media.c2@1.0-service: StrictValueWithNoDeps is called old.v.value is 1 me.v.value is 120
03-13 10:09:11.782  2053  6835 I vendor.qti.media.c2@1.0-service: [FRC-IsFilteringEnabled] entry
03-13 10:09:11.782  2053  6835 I vendor.qti.media.c2@1.0-service: [FRC-IsFilteringEnabled] frcReqInfo.value is 0
03-13 10:09:11.782  2007  2007 I sensors-hal: ~worker:74, worker(0xb400007a0f4dc3d0) is destroyed, remaining task = 0, tid= 22717
03-13 10:09:11.782  2007  2007 I sensors-hal: send_req:220, send_req before send_request mag_cal with SUID low=10350532229688825456 high=14322911740044289799
03-13 10:09:11.783  2053  2951 W QC2Interface: [hvcD_902] Failed to query parameters
03-13 10:09:11.783  4360 22738 W Codec2Client: query -- param skipped: index = 1107298332.
03-13 10:09:11.783  4360 22738 W CCodec  : This behavior is subject to change. It is recommended that app developers double check whether the requested max input size is in reasonable range.
03-13 10:09:11.783  2053 13496 W QC2Interface: [hvcD_902] Failed to query parameters
03-13 10:09:11.783  4360 22738 I CCodecConfig: query failed after returning 18 values (BAD_INDEX)
03-13 10:09:11.783  2053  2420 W QC2Interface: [hvcD_902] Failed to query parameters
03-13 10:09:11.783  4360 22738 E .wallpaper.live: Failed to query component interface for required system resources: 6
03-13 10:09:11.784  2007  2007 I sensors-hal: ~calibration:77, sent disable request. wait for response for it
03-13 10:09:11.784  2007  2007 I sensors-hal: operator():80, resp_received = 0 in wait_for
03-13 10:09:11.785  2007 22716 I sensors-hal: handle_resp_cb:230, resp_value = 0 for mag_cal before acuiring the lock _cal_mutex
03-13 10:09:11.785 19717 11904 I HBD     : KeyboardSettingsProvider isAliveIme : false 
03-13 10:09:11.785  2105  2105 I SurfaceFlinger: RequestedLayer [WindowToken{b723bce type=2019 android.os.BinderProxy@fbd30d0}#46218] hidden!! flag  from(1) --> to(0)
03-13 10:09:11.785  2105  2105 I SurfaceFlinger: RequestedLayer [d306aef NavigationBar1#46219] hidden!! flag  from(1) --> to(0)
03-13 10:09:11.785 19717 11904 I HBD     : c HoneyVoice CoverVoiceIconQueryCommand: false ikbonbo: false, invin: true
03-13 10:09:11.785 19717 11904 I HBD     : c CoverVoiceIconQueryCommand: cover_voice_icon = false 
03-13 10:09:11.786  4205  4362 D StackScroller: onDisplayChanged for predraw skip to 2
03-13 10:09:11.786  2007  2007 I sensors-hal: operator():80, resp_received = 1 in wait_for
03-13 10:09:11.786  2007  2007 I sensors-hal: ~calibration:107, ~calibration: END
03-13 10:09:11.786  4832 14037 I HoneySpace.Memory-Monitor: current state = 2, didTrim = false
03-13 10:09:11.786  3003  6828 D WifiDisplayAdapter: isFitToActiveDisplayLocked : false
03-13 10:09:11.786  4205  4205 D NavBarStateManager: multiModalForLargeCover : false
03-13 10:09:11.786  4205  4205 D NavBarView: disableBack=true (isBackDismissIme=false, handlingGestures=false, disabledFlagBack=true, isBottomGesture=false, isImeRenderingNavButtons=false)
03-13 10:09:11.786  4205  4205 D NavBarStateManager: NavBarStates(1) supportLargeCoverScreenNavBar: true
03-13 10:09:11.786  4205  4205 D Navbar.Store: handleEvent(0) OnUpdateSysUiStateFlag(noArguments=true) [Module] SamsungNavigationBarView
03-13 10:09:11.786  4205  4205 D Navbar.Store: --[Band]GESTURE_PACK_UPDATE_SYSTEMUI_STATE_FLAG
03-13 10:09:11.786  4205  4205 D Navbar.Store: --[Band] (afterAction) GESTURE_PACK_UPDATE_SYSTEMUI_STATE_FLAG
03-13 10:09:11.786  4205  4205 D Navbar.Store: handleEvent(0) OnNavBarUpdateA11YService(clickable=false, longClickable=false) [Module] NavigationBar
03-13 10:09:11.786  4205  4205 D Navbar.Store: --[Band]SETUPWIZARD_PACK_UPDATE_A11Y_SERVICE
03-13 10:09:11.786  4205  4205 D Navbar.Store: handleEvent(0) OnButtonOrderChanged(noArguments=true) [Module] NavigationBar
03-13 10:09:11.786  4205  4205 D Navbar.Store: --[Band]CONFIG_PACK_KEY_ORDER_CHANGED
03-13 10:09:11.786  4205  4205 D Navbar.Store: ----apply(0) NavBarStoreAction$ReinflateNavBar
03-13 10:09:11.786  2007  2007 I sensors-hal: send_sync_sensor_request:508, send sync request
03-13 10:09:11.787  2007  2007 I sensors-hal: send_sync_sensor_request:518, send_sync_sensor_request before send_request for mag with SUID low=11911404398489902607 high=16993594652946037180
03-13 10:09:11.787  2007  2007 I sensors-hal: send_sync_sensor_request:537, wait for notification of response
03-13 10:09:11.787  4205  4205 D Navbar.Store: ----handleEvent(0) GetInflateLayoutID(vertical=false) [Module] SamsungNavigationBarInflaterView
03-13 10:09:11.787  4205  4205 D Navbar.Store: ------[Band]STABLE_LAYOUT_PACK_GET_INFLATE_LAYOUT_ID
03-13 10:09:11.787  4205  4205 D NavBarStateManager: NavBarStates(0) getLayoutID(vertical: false): 2131559285
03-13 10:09:11.787  4205  4205 D Navbar.Store: ----handleEvent(0) value= 2131559285
03-13 10:09:11.787  2007 22716 I sensors-hal: qsh_conn_resp_cb:930, resp_value = 0 for mag 
03-13 10:09:11.787  2007  2007 I sensors-hal: send_sync_sensor_request:543, takes 0 ms to receive the response with 0
03-13 10:09:11.787  4205  4205 D Navbar.Store: ----handleEvent(0) GetInflateLayoutID(vertical=true) [Module] SamsungNavigationBarInflaterView
03-13 10:09:11.787  2007  2007 I sensors-hal: deactivate:242, (magnetometer) , _pending_flush_requests=0 
03-13 10:09:11.787  4205  4205 D Navbar.Store: ------[Band]STABLE_LAYOUT_PACK_GET_INFLATE_LAYOUT_ID
03-13 10:09:11.787  4205  4205 D NavBarStateManager: NavBarStates(0) getLayoutID(vertical: true): 2131559287
03-13 10:09:11.787  4205  4205 D Navbar.Store: ----handleEvent(0) value= 2131559287
03-13 10:09:11.788  4205  4205 D Navbar.Store: ----handleEvent(0) GetDefaultLayout(noArguments=true) [Module] SamsungNavigationBarInflaterView
03-13 10:09:11.788  4205  4205 D Navbar.Store: ------[Band]STABLE_LAYOUT_PACK_GET_DEFAULT_LAYOUT
03-13 10:09:11.788  2007  2007 I sensors-hal: ~worker:65, worker(0xb400007a0f4de7d0) send sig to tid= 22715
03-13 10:09:11.788  4205  4205 D NavBarStateManager: NavBarStates(0) getDefaultLayout: left,recent;home;back,right
03-13 10:09:11.788  4205  4205 D Navbar.Store: ----handleEvent(0) value= left,recent;home;back,right
03-13 10:09:11.788  4205  4205 D Navbar.Store: ----handleEvent(0) GetInflateButtonWidth(buttonSpec=left, landscape=false) [Module] SamsungNavigationBarInflaterView
03-13 10:09:11.788  4205  4205 D Navbar.Store: ------[Band]STABLE_LAYOUT_PACK_INFLATE_NAVBAR
03-13 10:09:11.788  4205  4205 D NavBarStateManager: NavBarStates(0) getSpaceWidth(land: false): 118
03-13 10:09:11.788  4205  4205 D Navbar.Store: ----handleEvent(0) value= 118
03-13 10:09:11.788  2022  2124 I HYPER-HAL: [RequestManager.cpp]acquire(): Acquired ID : 2112570  [2025 / 30]    HINT :      list : [UCLAMP_MIN_BOOST / 50] [TID / 4392] [TID / 4393] [TID / 4205] [TID / 4394] 
03-13 10:09:11.788  2007  2007 I sensors-hal: ~worker:74, worker(0xb400007a0f4de7d0) is destroyed, remaining task = 0, tid= 22715
03-13 10:09:11.788  2007  2007 I sensors-hal: ~qsh_qmi:58, ~qsh_qmi
03-13 10:09:11.788  2007  2007 I sensors-hal: activate:330, android.sensor.magnetic_field/21 en=0 completed
03-13 10:09:11.788  4205  4205 D Navbar.Store: ----handleEvent(0) GetInflateButtonWidth(buttonSpec=recent, landscape=false) [Module] SamsungNavigationBarInflaterView
03-13 10:09:11.788  4205  4205 D Navbar.Store: ------[Band]STABLE_LAYOUT_PACK_INFLATE_NAVBAR
03-13 10:09:11.788  4205  4205 D NavBarStateManager: NavBarStates(0) getButtonWidth(land: false): 239
03-13 10:09:11.788  4205  4205 D Navbar.Store: ----handleEvent(0) value= 239
03-13 10:09:11.788  2022  2124 I HYPER-HAL: [RequestManager.cpp]acquire(): Acquired ID : 2112570  [2025 / 30]    HINT :      list : [UCLAMP_MIN_BOOST / 100] [TID / 4392] [TID / 4393] [TID / 4205] [TID / 4394] 
03-13 10:09:11.788  4205  4205 D Navbar.Store: ----handleEvent(0) GetInflateButtonWidth(buttonSpec=left, landscape=true) [Module] SamsungNavigationBarInflaterView
03-13 10:09:11.788  4205  4205 D Navbar.Store: ------[Band]STABLE_LAYOUT_PACK_INFLATE_NAVBAR
03-13 10:09:11.788  4205  4205 D NavBarStateManager: NavBarStates(0) getSpaceWidth(land: true): 118
03-13 10:09:11.788  4205  4205 D Navbar.Store: ----handleEvent(0) value= 118
03-13 10:09:11.788  4205  4205 D Navbar.Store: ----handleEvent(0) GetInflateButtonWidth(buttonSpec=recent, landscape=true) [Module] SamsungNavigationBarInflaterView
03-13 10:09:11.788  4205  4205 D Navbar.Store: ------[Band]STABLE_LAYOUT_PACK_INFLATE_NAVBAR
03-13 10:09:11.788  4205  4205 D NavBarStateManager: NavBarStates(0) getButtonWidth(land: true): 239
03-13 10:09:11.788  4205  4205 D Navbar.Store: ----handleEvent(0) value= 239
03-13 10:09:11.788  2022  2124 I HYPER-HAL: [RequestManager.cpp]acquire(): Acquired ID : 2112570  [2025 / 30]    HINT :      list : [UCLAMP_MIN_BOOST / 150] [TID / 4392] [TID / 4393] [TID / 4205] [TID / 4394] 
03-13 10:09:11.788  2022  2124 I HYPER-HAL: [RequestManager.cpp]acquire(): Acquired ID : 2112570  [2025 / 30]    HINT :      list : [UCLAMP_MIN_BOOST / 200] [TID / 4392] [TID / 4393] [TID / 4205] [TID / 4394] 
03-13 10:09:11.789  2022  2124 I HYPER-HAL: [RequestManager.cpp]acquire(): Acquired ID : 2112570  [2025 / 30]    HINT :      list : [UCLAMP_MIN_BOOST / 250] [TID / 4392] [TID / 4393] [TID / 4205] [TID / 4394] 
03-13 10:09:11.789  4205  4205 D Navbar.Store: ----handleEvent(0) GetInflateButtonWidth(buttonSpec=home, landscape=false) [Module] SamsungNavigationBarInflaterView
03-13 10:09:11.789  4205  4205 D Navbar.Store: ------[Band]STABLE_LAYOUT_PACK_INFLATE_NAVBAR
03-13 10:09:11.789  4205  4205 D NavBarStateManager: NavBarStates(0) getButtonWidth(land: false): 239
03-13 10:09:11.789  4205  4205 D Navbar.Store: ----handleEvent(0) value= 239
03-13 10:09:11.789  4205  4205 D Navbar.Store: ----handleEvent(0) GetInflateButtonWidth(buttonSpec=home, landscape=true) [Module] SamsungNavigationBarInflaterView
03-13 10:09:11.789  4205  4205 D Navbar.Store: ------[Band]STABLE_LAYOUT_PACK_INFLATE_NAVBAR
03-13 10:09:11.789  4205  4205 D NavBarStateManager: NavBarStates(0) getButtonWidth(land: true): 239
03-13 10:09:11.789  4205  4205 D Navbar.Store: ----handleEvent(0) value= 239
03-13 10:09:11.789  4205  4205 D Navbar.Store: ----handleEvent(0) GetInflateButtonWidth(buttonSpec=back, landscape=false) [Module] SamsungNavigationBarInflaterView
03-13 10:09:11.789  4205  4205 D Navbar.Store: ------[Band]STABLE_LAYOUT_PACK_INFLATE_NAVBAR
03-13 10:09:11.789  4205  4205 D NavBarStateManager: NavBarStates(0) getButtonWidth(land: false): 239
03-13 10:09:11.789  4205  4205 D Navbar.Store: ----handleEvent(0) value= 239
03-13 10:09:11.789  4607  4607 D NfcService: handleMessage: MSG_APPLY_SCREEN_STATEOFF_UNLOCKED
03-13 10:09:11.789  4205  4205 D Navbar.Store: ----handleEvent(0) GetInflateButtonWidth(buttonSpec=right, landscape=false) [Module] SamsungNavigationBarInflaterView
03-13 10:09:11.789  4205  4205 D Navbar.Store: ------[Band]STABLE_LAYOUT_PACK_INFLATE_NAVBAR
03-13 10:09:11.789  4607  4607 D [NFC_SE]SamsungExtension: onLogEventNotified() item:[mCommandApdus: [mResponseApdus: , mCallingApi= 0, mAction= 518, mCallingPId = 0, mRfFieldOnTime= null
03-13 10:09:11.789  4205  4205 D NavBarStateManager: NavBarStates(0) getSpaceWidth(land: false): 118
03-13 10:09:11.789  4205  4205 D Navbar.Store: ----handleEvent(0) value= 118
03-13 10:09:11.789  4607  4607 D [NFC_SE]NfcOemLogHelper: reportLogEvent = [mCommandApdus: [mResponseApdus: , mCallingApi= 0, mAction= 518, mCallingPId = 0, mRfFieldOnTime= null
03-13 10:09:11.789  4607  4607 D [NFC_SE]NfcOemLogHelper: try to send FLD_ERROR
03-13 10:09:11.789  4607  4607 D [NFC_SE]NfcOemLogHelper: RF Field is disabled
03-13 10:09:11.789  4205  4205 D Navbar.Store: ----handleEvent(0) GetInflateButtonWidth(buttonSpec=back, landscape=true) [Module] SamsungNavigationBarInflaterView
03-13 10:09:11.789  4205  4205 D Navbar.Store: ------[Band]STABLE_LAYOUT_PACK_INFLATE_NAVBAR
03-13 10:09:11.789  4205  4205 D NavBarStateManager: NavBarStates(0) getButtonWidth(land: true): 239
03-13 10:09:11.789  4205  4205 D Navbar.Store: ----handleEvent(0) value= 239
03-13 10:09:11.789  1985  2158 I minksocket: MinkIPC MESSAGE: ( 1985:2158 ) MinkIPC_QRTR_Service:351 minkipc = 0xb400006d4d3f6550 sock = 13, client with node 1 port 6419 went down
03-13 10:09:11.789  4205  4205 D Navbar.Store: ----handleEvent(0) GetInflateButtonWidth(buttonSpec=right, landscape=true) [Module] SamsungNavigationBarInflaterView
03-13 10:09:11.789  4205  4205 D Navbar.Store: ------[Band]STABLE_LAYOUT_PACK_INFLATE_NAVBAR
03-13 10:09:11.789  4205  4205 D NavBarStateManager: NavBarStates(0) getSpaceWidth(land: true): 118
03-13 10:09:11.789  4205  4205 D Navbar.Store: ----handleEvent(0) value= 118
03-13 10:09:11.789  1985  2180 I minksocket: MinkIPC MESSAGE: ( 1985:2180 ) MinkIPC_QRTR_Service:351 minkipc = 0xb400006d4d3f7730 sock = 33, client with node 1 port 6419 went down
03-13 10:09:11.789  4205  4205 D Navbar.Store: ----handleEvent(0) GetInflateButtonWidth(buttonSpec=left_remote_view, landscape=false) [Module] SamsungNavigationBarInflaterView
03-13 10:09:11.789  4205  4205 D Navbar.Store: ------[Band]STABLE_LAYOUT_PACK_INFLATE_NAVBAR
03-13 10:09:11.789  4205  4205 D NavBarStateManager: NavBarStates(0) getSpaceWidth(land: false): 118
03-13 10:09:11.789  4205  4205 D Navbar.Store: ----handleEvent(0) value= 118
03-13 10:09:11.789  4205  4205 D Navbar.Store: ----handleEvent(0) GetInflateButtonWidth(buttonSpec=right_remote_view, landscape=false) [Module] SamsungNavigationBarInflaterView
03-13 10:09:11.790  4205  4205 D Navbar.Store: ------[Band]STABLE_LAYOUT_PACK_INFLATE_NAVBAR
03-13 10:09:11.789  2022  2124 I HYPER-HAL: [RequestManager.cpp]acquire(): Acquired ID : 2112570  [2025 / 30]    HINT :      list : [UCLAMP_MIN_BOOST / 300] [TID / 4392] [TID / 4393] [TID / 4205] [TID / 4394] 
03-13 10:09:11.790  4205  4205 D NavBarStateManager: NavBarStates(0) getSpaceWidth(land: false): 118
03-13 10:09:11.790  4205  4205 D Navbar.Store: ----handleEvent(0) value= 118
03-13 10:09:11.790  4205  4205 D Navbar.Store: ----handleEvent(0) GetInflateButtonWidth(buttonSpec=left_remote_view, landscape=true) [Module] SamsungNavigationBarInflaterView
03-13 10:09:11.790  4205  4205 D Navbar.Store: ------[Band]STABLE_LAYOUT_PACK_INFLATE_NAVBAR
03-13 10:09:11.790  4205  4205 D NavBarStateManager: NavBarStates(0) getSpaceWidth(land: true): 118
03-13 10:09:11.790  4205  4205 D Navbar.Store: ----handleEvent(0) value= 118
03-13 10:09:11.790  4205  4205 D Navbar.Store: ----handleEvent(0) GetInflateButtonWidth(buttonSpec=right_remote_view, landscape=true) [Module] SamsungNavigationBarInflaterView
03-13 10:09:11.790  4205  4205 D Navbar.Store: ------[Band]STABLE_LAYOUT_PACK_INFLATE_NAVBAR
03-13 10:09:11.790  4205  4205 D NavBarStateManager: NavBarStates(0) getSpaceWidth(land: true): 118
03-13 10:09:11.790  4205  4205 D Navbar.Store: ----handleEvent(0) value= 118
03-13 10:09:11.790  4205  4205 D Navbar.Store: ----handleEvent(0) GetNavBarSidePadding(landscape=false) [Module] SamsungNavigationBarInflaterView
03-13 10:09:11.790  4205  4205 D Navbar.Store: ------[Band]STABLE_LAYOUT_PACK_INFLATE_NAVBAR_SIDE_PADDING
03-13 10:09:11.790  4205  4205 D NavBarStateManager: NavBarStates(0) getNavBarSidePadding: 0
03-13 10:09:11.790  4205  4205 D Navbar.Store: ----handleEvent(0) value= 0
03-13 10:09:11.790  4205  4205 D Navbar.Store: ----handleEvent(0) GetNavBarSidePadding(landscape=true) [Module] SamsungNavigationBarInflaterView
03-13 10:09:11.790  4205  4205 D Navbar.Store: ------[Band]STABLE_LAYOUT_PACK_INFLATE_NAVBAR_SIDE_PADDING
03-13 10:09:11.790  4205  4205 D NavBarStateManager: NavBarStates(0) getNavBarSidePadding: 0
03-13 10:09:11.790  4205  4205 D Navbar.Store: ----handleEvent(0) value= 0
03-13 10:09:11.790  4205  4205 D Navbar.Store: ----handleEvent(0) GetNavBarSidePadding(landscape=false) [Module] SamsungNavigationBarInflaterView
03-13 10:09:11.790  4205  4205 D Navbar.Store: ------[Band]STABLE_LAYOUT_PACK_INFLATE_NAVBAR_SIDE_PADDING
03-13 10:09:11.790  4205  4205 D NavBarStateManager: NavBarStates(0) getNavBarSidePadding: 0
03-13 10:09:11.790  4205  4205 D Navbar.Store: ----handleEvent(0) value= 0
03-13 10:09:11.790  4205  4205 D Navbar.Store: ----handleEvent(0) GetNavBarSidePadding(landscape=true) [Module] SamsungNavigationBarInflaterView
03-13 10:09:11.790  4205  4205 D Navbar.Store: ------[Band]STABLE_LAYOUT_PACK_INFLATE_NAVBAR_SIDE_PADDING
03-13 10:09:11.790  4205  4205 D NavBarStateManager: NavBarStates(0) getNavBarSidePadding: 0
03-13 10:09:11.790  4205  4205 D Navbar.Store: ----handleEvent(0) value= 0
03-13 10:09:11.791  2007  2007 I sensors-hal: activate:300, android.sensor.gravity/91 en=0
03-13 10:09:11.791  2007  2007 I sensors-hal: send_sync_sensor_request:508, send sync request
03-13 10:09:11.791  2007  2007 I sensors-hal: send_sync_sensor_request:518, send_sync_sensor_request before send_request for gravity with SUID low=12052644982307943726 high=14255117871604606629
