03-13 10:14:02.414  4205  4205 D NavBarStateManager: NavBarStates(1) getButtonWidth(land: false): 102
03-13 10:14:02.414  4205  4205 D Navbar.Store: ----handleEvent(1) value= 102
03-13 10:14:02.414  4205  4205 D Navbar.Store: ----handleEvent(1) GetInflateButtonWidth(buttonSpec=space, landscape=false) [Module] SamsungNavigationBarInflaterView
03-13 10:14:02.414  4205  4205 D Navbar.Store: ------[Band]STABLE_LAYOUT_PACK_INFLATE_NAVBAR
03-13 10:14:02.414  4205  4205 D NavBarStateManager: NavBarStates(1) getSpaceWidth(land: false): 64
03-13 10:14:02.414  4205  4205 D Navbar.Store: ----handleEvent(1) value= 64
03-13 10:14:02.414  4205  4205 D Navbar.Store: ----handleEvent(1) GetInflateButtonWidth(buttonSpec=space, landscape=true) [Module] SamsungNavigationBarInflaterView
03-13 10:14:02.414  4205  4205 D Navbar.Store: ------[Band]STABLE_LAYOUT_PACK_INFLATE_NAVBAR
03-13 10:14:02.415  4205  4205 D NavBarStateManager: NavBarStates(1) getSpaceWidth(land: true): 64
03-13 10:14:02.415  4205  4205 D Navbar.Store: ----handleEvent(1) value= 64
03-13 10:14:02.415  4205  4205 D Navbar.Store: ----handleEvent(1) GetInflateButtonWidth(buttonSpec=home, landscape=true) [Module] SamsungNavigationBarInflaterView
03-13 10:14:02.415  4205  4205 D Navbar.Store: ------[Band]STABLE_LAYOUT_PACK_INFLATE_NAVBAR
03-13 10:14:02.415  4205  4205 D NavBarStateManager: NavBarStates(1) getButtonWidth(land: true): 102
03-13 10:14:02.415  4205  4205 D Navbar.Store: ----handleEvent(1) value= 102
03-13 10:14:02.415  4205  4205 D Navbar.Store: ----handleEvent(1) GetInflateButtonWidth(buttonSpec=gap, landscape=true) [Module] SamsungNavigationBarInflaterView
03-13 10:14:02.415  4205  4205 D Navbar.Store: ------[Band]STABLE_LAYOUT_PACK_INFLATE_NAVBAR
03-13 10:14:02.415  4205  4205 D NavBarStateManager: NavBarStates(1) getButtonDistanceSize(land: true): 17
03-13 10:14:02.415  4205  4205 D Navbar.Store: ----handleEvent(1) value= 17
03-13 10:14:02.415  4205  4205 D Navbar.Store: ----handleEvent(1) GetInflateButtonWidth(buttonSpec=back, landscape=true) [Module] SamsungNavigationBarInflaterView
03-13 10:14:02.415  4205  4205 D Navbar.Store: ------[Band]STABLE_LAYOUT_PACK_INFLATE_NAVBAR
03-13 10:14:02.415  4205  4205 D NavBarStateManager: NavBarStates(1) getButtonWidth(land: true): 102
03-13 10:14:02.415  4205  4205 D Navbar.Store: ----handleEvent(1) value= 102
03-13 10:14:02.415  4205  4205 D Navbar.Store: ----handleEvent(1) GetInflateButtonWidth(buttonSpec=space, landscape=true) [Module] SamsungNavigationBarInflaterView
03-13 10:14:02.415  4205  4205 D Navbar.Store: ------[Band]STABLE_LAYOUT_PACK_INFLATE_NAVBAR
03-13 10:14:02.415  4205  4205 D NavBarStateManager: NavBarStates(1) getSpaceWidth(land: true): 64
03-13 10:14:02.415  4205  4205 D Navbar.Store: ----handleEvent(1) value= 64
03-13 10:14:02.415  4360  3731 I CCodec  : setting up 'default' as default (vendor) store
03-13 10:14:02.416  4205  4205 D Navbar.Store: ----handleEvent(1) GetInflateButtonWidth(buttonSpec=space, landscape=false) [Module] SamsungNavigationBarInflaterView
03-13 10:14:02.416  4205  4205 D Navbar.Store: ------[Band]STABLE_LAYOUT_PACK_INFLATE_NAVBAR
03-13 10:14:02.416  4205  4205 D NavBarStateManager: NavBarStates(1) getSpaceWidth(land: false): 64
03-13 10:14:02.416  4205  4205 D Navbar.Store: ----handleEvent(1) value= 64
03-13 10:14:02.416  2053  2958 I QC2CompStore: addIdToList add Id[933] to list
03-13 10:14:02.416  3003  3046 D HintManagerService: SystemUI make new AppHintSession but force pause
03-13 10:14:02.416  4205  4205 D Navbar.Store: ----handleEvent(1) GetInflateButtonWidth(buttonSpec=left_remote_view, landscape=false) [Module] SamsungNavigationBarInflaterView
03-13 10:14:02.416  4205  4205 D Navbar.Store: ------[Band]STABLE_LAYOUT_PACK_INFLATE_NAVBAR
03-13 10:14:02.416  4205  4205 D NavBarStateManager: NavBarStates(1) getButtonWidth(land: false): 102
03-13 10:14:02.416  4205  4205 D Navbar.Store: ----handleEvent(1) value= 102
03-13 10:14:02.416  5393  6882 E ScanManager: [GSIM LOG]: gsimLogHandler, msg: MESSAGE_SCAN_STOP, appName: com.google.android.gms, scannerId: 1, reportDelayMillis=0
03-13 10:14:02.416  4205  4205 D Navbar.Store: ----handleEvent(1) GetInflateButtonWidth(buttonSpec=gap, landscape=false) [Module] SamsungNavigationBarInflaterView
03-13 10:14:02.416  4205  4205 D Navbar.Store: ------[Band]STABLE_LAYOUT_PACK_INFLATE_NAVBAR
03-13 10:14:02.416  4205  4205 D NavBarStateManager: NavBarStates(1) getButtonDistanceSize(land: false): 17
03-13 10:14:02.416  4205  4205 D Navbar.Store: ----handleEvent(1) value= 17
03-13 10:14:02.416  4205  4205 D Navbar.Store: ----handleEvent(1) GetInflateButtonWidth(buttonSpec=right_remote_view, landscape=false) [Module] SamsungNavigationBarInflaterView
03-13 10:14:02.416  4205  4205 D Navbar.Store: ------[Band]STABLE_LAYOUT_PACK_INFLATE_NAVBAR
03-13 10:14:02.416  4205  4205 D NavBarStateManager: NavBarStates(1) getButtonWidth(land: false): 102
03-13 10:14:02.416  4205  4205 D Navbar.Store: ----handleEvent(1) value= 102
03-13 10:14:02.416  7048  7048 D NLService: The notifications buffer size has reached its maximum size of 100 items. Shrinking it in order to satisfy the constraints.
03-13 10:14:02.418  1992 10205 V sec_audio_hw: sec_dev_get_parameters : g_hw_speaker_amp_temp_rcv
03-13 10:14:02.418  1992 10205 D AHAL: FM: fm_get_parameters: 299: enter
03-13 10:14:02.418  1992 10205 D AHAL: FM: fm_get_parameters: 306: exit
03-13 10:14:02.418  1992 10205 I PAL: ResourceManager: getActiveStream_l: 6180: no active streams found for device 3 ret -2
03-13 10:14:02.418  2053  2958 I vendor.qti.media.c2@1.0-service: missing struct descriptor #Param::CoreIndex(--002) for field mastering of struct #Param::CoreIndex(--180a)
03-13 10:14:02.418  1992 10205 D AHAL: SecAudioDevice: SecGetParameters: 953: temperature for rcv = 0
03-13 10:14:02.418  7048  7048 D NLService: Successfully stored the newly arrived notification identified by 32
03-13 10:14:02.418  2072  2993 I vendor.samsung.hardware.thermal-service: key: g_hw_speaker_amp_temp_rcv, value: 0
03-13 10:14:02.418  2053  2958 I vendor.qti.media.c2@1.0-service: missing struct descriptor #Param::CoreIndex(-V8002) for field portConfigs of struct #Param::CoreIndex(FV19100)
03-13 10:14:02.418  2053  2958 I vendor.qti.media.c2@1.0-service: missing struct descriptor #Param::CoreIndex(-V8002) for field portConfigs of struct #Param::CoreIndex(FV1a100)
03-13 10:14:02.418  2053  2958 I vendor.qti.media.c2@1.0-service: missing struct descriptor #Param::CoreIndex(-V8002) for field portConfigs of struct #Param::CoreIndex(FV19100)
03-13 10:14:02.418  1992 10205 V sec_audio_hw: sec_dev_get_parameters : g_hw_speaker_amp_temp_spk
03-13 10:14:02.418  1992 10205 D AHAL: FM: fm_get_parameters: 299: enter
03-13 10:14:02.418  1992 10205 D AHAL: FM: fm_get_parameters: 306: exit
03-13 10:14:02.418  1992 10205 I PAL: ResourceManager: getActiveStream_l: 6180: no active streams found for device 3 ret -2
03-13 10:14:02.418  1992 10205 D AHAL: SecAudioDevice: SecGetParameters: 967: temperature for spk = 0
03-13 10:14:02.418  2053  2958 I vendor.qti.media.c2@1.0-service: missing struct descriptor #Param::CoreIndex(-V8002) for field portConfigs of struct #Param::CoreIndex(FV1a100)
03-13 10:14:02.418  2072  2993 I vendor.samsung.hardware.thermal-service: key: g_hw_speaker_amp_temp_spk, value: 0
03-13 10:14:02.418  2053  2958 I QC2Comp : [cmphvcD_933] KPI_L1: init: ms=0
03-13 10:14:02.418  2053  2958 I QC2Comp : [c2.qti.hevc.decoder] KPI_L1: Create: ms=2
03-13 10:14:02.418  2053  2958 I QC2CompStore: Created component(c2.qti.hevc.decoder) id(933) sStore[0xb400006dc7a29970]
03-13 10:14:02.418  2053  2958 I vendor.qti.media.c2@1.0-service: missing struct descriptor #Param::CoreIndex(--002) for field mastering of struct #Param::CoreIndex(--180a)
03-13 10:14:02.419  2053  2958 I vendor.qti.media.c2@1.0-service: missing struct descriptor #Param::CoreIndex(--002) for field mastering of struct #Param::CoreIndex(--180a)
03-13 10:14:02.419  2053  2958 I vendor.qti.media.c2@1.0-service: VendorExternalAIFRCRequestSetter set to 0 0
03-13 10:14:02.419  2053  2958 I vendor.qti.media.c2@1.0-service: StrictValueWithNoDeps is called old.v.value is 2141391876 me.v.value is 2141391876
03-13 10:14:02.419  2053  2958 I vendor.qti.media.c2@1.0-service: StrictValueWithNoDeps is called old.v.value is 30 me.v.value is 30
03-13 10:14:02.419  2053  2958 I vendor.qti.media.c2@1.0-service: missing struct descriptor #Param::CoreIndex(--002) for field mastering of struct #Param::CoreIndex(--180a)
03-13 10:14:02.419  2053  2958 I vendor.qti.media.c2@1.0-service: missing struct descriptor #Param::CoreIndex(--002) for field mastering of struct #Param::CoreIndex(--180a)
03-13 10:14:02.419  2053  2958 I vendor.qti.media.c2@1.0-service: C2StreamVendorRenderEngineHDRToneMapRequestInfoset to 0
03-13 10:14:02.419  2053  2958 W QC2Interface: [hvcD_933] Failed to query parameters
03-13 10:14:02.419  2053  2958 I vendor.qti.media.c2@1.0-service: StrictValueWithNoDeps is called old.v.value is 2141391876 me.v.value is 0
03-13 10:14:02.419  2053  2958 I vendor.qti.media.c2@1.0-service: StrictValueWithNoDeps is called old.v.value is 30 me.v.value is 1
03-13 10:14:02.419  2053  2958 I vendor.qti.media.c2@1.0-service: [FRC-IsFilteringEnabled] entry
03-13 10:14:02.419  2053  2958 I vendor.qti.media.c2@1.0-service: [FRC-IsFilteringEnabled] frcReqInfo.value is 0
03-13 10:14:02.419  4205  4205 D Navbar.Store: ----handleEvent(1) GetInflateButtonWidth(buttonSpec=space, landscape=false) [Module] SamsungNavigationBarInflaterView
03-13 10:14:02.419  4205  4205 D Navbar.Store: ------[Band]STABLE_LAYOUT_PACK_INFLATE_NAVBAR
03-13 10:14:02.419  4205  4205 D NavBarStateManager: NavBarStates(1) getSpaceWidth(land: false): 64
03-13 10:14:02.419  4205  4205 D Navbar.Store: ----handleEvent(1) value= 64
03-13 10:14:02.419  4205  4205 D Navbar.Store: ----handleEvent(1) GetInflateButtonWidth(buttonSpec=space, landscape=true) [Module] SamsungNavigationBarInflaterView
03-13 10:14:02.419  4205  4205 D Navbar.Store: ------[Band]STABLE_LAYOUT_PACK_INFLATE_NAVBAR
03-13 10:14:02.419  4205  4205 D NavBarStateManager: NavBarStates(1) getSpaceWidth(land: true): 64
03-13 10:14:02.419  4205  4205 D Navbar.Store: ----handleEvent(1) value= 64
03-13 10:14:02.420  4205  4205 D Navbar.Store: ----handleEvent(1) GetInflateButtonWidth(buttonSpec=left_remote_view, landscape=false) [Module] SamsungNavigationBarInflaterView
03-13 10:14:02.420  4205  4205 D Navbar.Store: ------[Band]STABLE_LAYOUT_PACK_INFLATE_NAVBAR
03-13 10:14:02.420  4205  4205 D NavBarStateManager: NavBarStates(1) getButtonWidth(land: false): 102
03-13 10:14:02.420  4205  4205 D Navbar.Store: ----handleEvent(1) value= 102
03-13 10:14:02.420  4205  4205 D Navbar.Store: ----handleEvent(1) GetInflateButtonWidth(buttonSpec=gap, landscape=true) [Module] SamsungNavigationBarInflaterView
03-13 10:14:02.420  4205  4205 D Navbar.Store: ------[Band]STABLE_LAYOUT_PACK_INFLATE_NAVBAR
03-13 10:14:02.420  4205  4205 D NavBarStateManager: NavBarStates(1) getButtonDistanceSize(land: true): 17
03-13 10:14:02.420  4205  4205 D Navbar.Store: ----handleEvent(1) value= 17
03-13 10:14:02.420  4205  4205 D Navbar.Store: ----handleEvent(1) GetInflateButtonWidth(buttonSpec=right_remote_view, landscape=false) [Module] SamsungNavigationBarInflaterView
03-13 10:14:02.420  4205  4205 D Navbar.Store: ------[Band]STABLE_LAYOUT_PACK_INFLATE_NAVBAR
03-13 10:14:02.420  4205  4205 D NavBarStateManager: NavBarStates(1) getButtonWidth(land: false): 102
03-13 10:14:02.420  4205  4205 D Navbar.Store: ----handleEvent(1) value= 102
03-13 10:14:02.420  6380  7375 I SDHMS:x : SIOP:: AP:411 BAT:346 USB:283 CHG:409 PA:418 CP:403 WIFI:393 BLK:0 SUBBAT:288 LRPTHM:382 SKIN:373 SKINF:373 SKINB:361 LRP2:373 LRF2:373 LRB2:361 AP2:372 CHG2:372 MEM2:373 WIFI2:373 RCV2:374 SPK2:287 UPSPK:382 DNSPK:282 VAP:414 VWIFI:395 AMB2:247 AVGCUR:-168 AVGSYS:271 POWER:-736
03-13 10:14:02.420  4205  4205 D Navbar.Store: ----handleEvent(1) GetInflateButtonWidth(buttonSpec=space, landscape=true) [Module] SamsungNavigationBarInflaterView
03-13 10:14:02.420  4205  4205 D Navbar.Store: ------[Band]STABLE_LAYOUT_PACK_INFLATE_NAVBAR
03-13 10:14:02.420  4205  4205 D NavBarStateManager: NavBarStates(1) getSpaceWidth(land: true): 64
03-13 10:14:02.420  4205  4205 D Navbar.Store: ----handleEvent(1) value= 64
03-13 10:14:02.420  4205  4205 D Navbar.Store: ----handleEvent(1) GetNavBarSidePadding(landscape=false) [Module] SamsungNavigationBarInflaterView
03-13 10:14:02.420  4205  4205 D Navbar.Store: ------[Band]STABLE_LAYOUT_PACK_INFLATE_NAVBAR_SIDE_PADDING
03-13 10:14:02.420  4205  4205 D NavBarStateManager: NavBarStates(1) getNavBarSidePadding: 0
03-13 10:14:02.420  4205  4205 D Navbar.Store: ----handleEvent(1) value= 0
03-13 10:14:02.420  4205  4205 D Navbar.Store: ----handleEvent(1) GetNavBarSidePadding(landscape=true) [Module] SamsungNavigationBarInflaterView
03-13 10:14:02.420  4205  4205 D Navbar.Store: ------[Band]STABLE_LAYOUT_PACK_INFLATE_NAVBAR_SIDE_PADDING
03-13 10:14:02.420  4205  4205 D NavBarStateManager: NavBarStates(1) getNavBarSidePadding: 0
03-13 10:14:02.420  4205  4205 D Navbar.Store: ----handleEvent(1) value= 0
03-13 10:14:02.420  4205  4205 D Navbar.Store: ----handleEvent(1) GetNavBarSidePadding(landscape=false) [Module] SamsungNavigationBarInflaterView
03-13 10:14:02.420  4205  4205 D Navbar.Store: ------[Band]STABLE_LAYOUT_PACK_INFLATE_NAVBAR_SIDE_PADDING
03-13 10:14:02.420  4205  4205 D NavBarStateManager: NavBarStates(1) getNavBarSidePadding: 0
03-13 10:14:02.420  4205  4205 D Navbar.Store: ----handleEvent(1) value= 0
03-13 10:14:02.420  4205  4205 D Navbar.Store: ----handleEvent(1) GetNavBarSidePadding(landscape=true) [Module] SamsungNavigationBarInflaterView
03-13 10:14:02.420  4205  4205 D Navbar.Store: ------[Band]STABLE_LAYOUT_PACK_INFLATE_NAVBAR_SIDE_PADDING
03-13 10:14:02.420  4205  4205 D NavBarStateManager: NavBarStates(1) getNavBarSidePadding: 0
03-13 10:14:02.420  4205  4205 D Navbar.Store: ----handleEvent(1) value= 0
03-13 10:14:02.420  3003  4086 D NetdEventListenerService: DNS Requested by 111, 10023(com.mcdonalds.app), SUCCESS, 19ms
03-13 10:14:02.420  3003  4086 D NetdEventListenerService: DNS Requested by 111, 10023(com.mcdonalds.app), SUCCESS, 21ms
03-13 10:14:02.420  3003  4086 D NetdEventListenerService: DNS Requested by 111, 10023(com.mcdonalds.app), SUCCESS, 27ms
03-13 10:14:02.420  4205  4205 D NavBarStateManager: NavBarStates(1) isNavBarHiddenByKnox: false
03-13 10:14:02.420  4205  4205 D NavBarStateManager: NavBarStates(1) canShowGestureHint: true
03-13 10:14:02.420  4205  4205 D AccessibilityGestureHandler: onNavBarAttached
03-13 10:14:02.420  4205  4205 D NavBarStateManager: NavBarStates(1) isLargeCoverScreenSyncEnabled: false
03-13 10:14:02.420  4205  4205 D AccessibilityGestureHandler: a11yButtonState: false, coverScreenNavBarEnabled: false gestureMode: false, isWindowShowing: false, isCoverNavBarVisible: false, isEnabled: false
03-13 10:14:02.420  4205  4205 D NavBarStateManager: NavBarStates(1) isLargeCoverScreenSyncEnabled: false
03-13 10:14:02.421  2022  2124 I HYPER-HAL: [RequestManager.cpp]acquire(): Acquired ID : 167177729  [2025 / 16259]    HINT :      list : [TID_LOW_LATENCY / 0] [TID / 4392] [TID / 4393] [TID / 4205] [TID / 4394] 
03-13 10:14:02.425  2105  2921 I SurfaceFlinger: id=47084 createSurf, flag=84004, [Gesture Monitor] edge-swipe#47084
03-13 10:14:02.425  3003  3046 D InputTransport: Input channel constructed: '[Gestur', fd=686
03-13 10:14:02.425  3003  3046 D InputTransport: Input channel constructed: '[Gestur', fd=932
03-13 10:14:02.425  3003  3046 D InputTransport: Input channel constructed: '[Gestur', fd=1143
03-13 10:14:02.425  3003  3046 D InputTransport: Input channel destroyed: '[Gestur', fd=1143
03-13 10:14:02.426  4205  4205 D InputTransport: Input channel constructed: '[Gestur', fd=606
03-13 10:14:02.426  4205  4205 D InputMonitorCompat: Input monitor (edge-swipe-disp1) created
03-13 10:14:02.426  4205  4205 D InputMonitorCompat: Input event receiver for monitor (edge-swipe-disp1) created
03-13 10:14:02.427  4205  4205 I WindowManager: WindowManagerGlobal#addView, ty=2024, view=com.android.systemui.navigationbar.gestural.SamsungBackPanel{bc6cb05 G.ED..... ......I. 0,0-0,0}, caller=android.view.WindowManagerImpl.addView:158 com.android.systemui.navigationbar.gestural.BackPanelController.setLayoutParams:7 com.android.systemui.navigationbar.gestural.EdgeBackGestureHandler.setEdgeBackPlugin:20 
03-13 10:14:02.427  4205  4205 I ViewRootImpl: dVRR is disabled
03-13 10:14:02.427  6103  6103 W ContextImpl: Calling a method in the system process without a qualified user: android.app.ContextImpl.startService:2068 android.content.ContextWrapper.startService:872 android.content.ContextWrapper.startService:872 com.sec.android.diagmonagent.sa.receiver.CFLogReceiver.onReceive:56 android.app.ActivityThread.handleReceiver:5663 
03-13 10:14:02.428  3003  4086 D NetdEventListenerService: DNS Requested by 111, 10023(com.mcdonalds.app), SUCCESS, 5ms
03-13 10:14:02.429 16161 31577 I NearbySharing: Stopped scanning for FastInitiation
03-13 10:14:02.430  4360  3731 I CCodec  : Created component [c2.qti.hevc.decoder] for [c2.qti.hevc.decoder]
03-13 10:14:02.430  4360  3731 I CCodec  : [c2.qti.hevc.decoder] state->set(ALLOCATED)
03-13 10:14:02.430 16161 31577 I NearbySharing: Fast Initiation Scanning has stopped
03-13 10:14:02.430  2053  2958 W QC2Interface: [hvcD_933] Failed to query parameters
03-13 10:14:02.430 16161 31577 I NearbySharing: Dismissing HUN as there's no device nearby.
03-13 10:14:02.433  4205  4394 D NativeCustomFrequencyManager: [NativeCFMS] BpCustomFrequencyManager::BpCustomFrequencyManager()
03-13 10:14:02.434  2053  2950 I QC2CompStore: removeIdFromList remove Id[932] from list
03-13 10:14:02.434  2053  2950 I StatsHandler: [hvcD_932] Stats: Pending(0) i/p-done(0) Works: Q: 2/Done 3|Work-Rate: Q(8.1/s Avg=8.1/s) Done(12.108/s Avg=12.108/s)| Stream: 30.00fps 0.0Kbps
03-13 10:14:02.434  2053  2950 I StatsHandler: [hvcD_932] Mem-usage:  [In-1D: 2 bufs 16.000 MB] [1D-3139: 14 bufs 0.219 MB] [2D-3140: 13 bufs 76.426 MB] | Total: 92.645 MB
03-13 10:14:02.434  2053  2950 I QC2Comp : [c2.qti.hevc.decoder] KPI_L1: Total component latency: ms=247
03-13 10:14:02.435  2022  2124 I HYPER-HAL: [RequestManager.cpp]acquire(): Acquired ID : 167214302  [2025 / 16261]    HINT :      list : [TID_LOW_LATENCY / 1] [TID / 4392] [TID / 4393] [TID / 4205] [TID / 4394] 
03-13 10:14:02.436  3003  3046 D HintManagerService: SystemUI make new AppHintSession but force pause
03-13 10:14:02.437  2105  2921 I SurfaceFlinger: id=47085 createSurf, flag=84004, WindowToken{3457610 type=2024 android.os.BinderProxy@bcfead3}#47085
03-13 10:14:02.438  3003  4598 D InputTransport: Input channel constructed: 'eec5509', fd=1143
03-13 10:14:02.438  3003  4598 D InputTransport: Input channel constructed: 'eec5509', fd=1184
03-13 10:14:02.438  3003  4598 D InputTransport: Input channel constructed: 'eec5509', fd=1197
03-13 10:14:02.438  3003  4598 D InputTransport: Input channel destroyed: 'eec5509', fd=1184
03-13 10:14:02.438  3003  4598 D WindowManager: prepareSync <SYNC_STATE_WAITING_FOR_DRAW>, mPrepareSyncSeqId=0, win=Window{eec5509 u0 EdgeBackGestureHandler1}
03-13 10:14:02.438  2105  2921 I SurfaceFlinger: id=47086 createSurf, flag=84004, eec5509 EdgeBackGestureHandler1#47086
03-13 10:14:02.438  3003  4598 D RestrictionPolicy: isScreenCaptureEnabled : ret=true userId=0
03-13 10:14:02.438  3003  4598 D InputTransport: Input channel destroyed: 'eec5509', fd=1197
03-13 10:14:02.439  4205  4205 D InputTransport: Input channel constructed: 'eec5509', fd=608
03-13 10:14:02.439  4205  4205 I InsetsController: onStateChanged: host=EdgeBackGestureHandler1, from=android.view.ViewRootImpl.onInsetsStateChanged:3026, state=InsetsState: {mDisplayFrame=Rect(0, 0 - 748, 720), mDisplayCutout=DisplayCutout{insets=Rect(0, 0 - 0, 66) waterfall=Insets{left=0, top=0, right=0, bottom=0} boundingRect={Bounds=[Rect(0, 0 - 0, 0), Rect(0, 0 - 0, 0), Rect(0, 0 - 0, 0), Rect(379, 654 - 748, 720)]} cutoutPathParserInfo={CutoutPathParserInfo{displayWidth=748 displayHeight=720 physicalDisplayWidth=748 physicalDisplayHeight=720 density={2.125} cutoutSpec={@bottom @right M 0,0 H -173.6470588235294 V -31.05882352941176 H 0 V 0 Z @dp} rotation={0} scale={1.0} physicalPixelDisplaySizeRatio={1.0}}} sideOverrides={}}, mRoundedCorners=RoundedCorners{[RoundedCorner{position=TopLeft, radius=49, center=Point(49, 49)}, RoundedCorner{position=TopRight, radius=49, center=Point(699, 49)}, RoundedCorner{position=BottomRight, radius=49, center=Point(699, 671)}, RoundedCorner{position=BottomLeft, radius=49, center=Point(49, 671)}]}  mRoundedCornerFrame=Rect(0, 0 - 0, 0), mPrivacyIndicatorBounds=PrivacyIndicatorBounds {static bounds=null rotation=0}, mDisplayShape=DisplayShape{ spec=1406003047 displayWidth=748 displayHeight=720 physicalPixelDisplaySizeRatio=1.0 rotation=0 offsetX=0 offsetY=0 scale=1.0}, mSources= { InsetsSource: {67 mType=displayCutout mFrame=[0,654][748,720] mVisible=true mFlags= mSideHint=BOTTOM mBoundingRects=null}, InsetsSource: {794a0004 mType=systemGestures mFrame=[0,0][0,0] mVisible=false mFlags= mSideHint=NONE mBoundingRects=null}, InsetsSource: {794a0005 mType=mandatorySystemGestures mFrame=[0,0][0,0] mVisible=false mFlags= mSideHint=NONE mBoundingRects=null}, InsetsSource: {794a0024 mType=systemGestures mFrame=[0,0][0,0] mVisible=false mFlags= mSideHint=NONE mBoundingRects=null} }
03-13 10:14:02.439  4205  4205 I VRI[EdgeBackGestureHandler1]@5e275a: synced displayState. AttachInfo displayState=1
03-13 10:14:02.440  4205  4205 I VRI[EdgeBackGestureHandler1]@5e275a: setView = com.android.systemui.navigationbar.gestural.SamsungBackPanel@bc6cb05 IsHRR=false mFlingFrameRateChange=0 TM=true
03-13 10:14:02.440  4205  4205 D PluginActionManager: startListening
03-13 10:14:02.440   404   778 D HWUI    : CacheManager::trimMemory(20)
03-13 10:14:02.441  4205  4458 D PluginActionManager: queryAll com.android.systemui.action.PLUGIN_NAVIGATION_EDGE_BACK_ACTION
03-13 10:14:02.442  4205  4458 D PluginActionManager: Found 0 plugins
03-13 10:14:02.443  2022  2124 I HYPER-HAL: [RequestManager.cpp]acquire(): Acquired ID : 167214302  [2025 / 16261]    HINT :      list : [TID_LOW_LATENCY / 0] [TID / 4392] [TID / 4393] [TID / 4205] [TID / 4394] 
03-13 10:14:02.443  4205  4205 D AccessibilityGestureHandler: coverNavbarVisibilityChanged
03-13 10:14:02.443  4205  4205 D NavBarStateManager: NavBarStates(1) isLargeCoverScreenSyncEnabled: false
03-13 10:14:02.443  4205  4205 D AccessibilityGestureHandler: a11yButtonState: false, coverScreenNavBarEnabled: false gestureMode: false, isWindowShowing: false, isCoverNavBarVisible: false, isEnabled: false
03-13 10:14:02.443  2022  2124 I HYPER-HAL: [RequestManager.cpp]acquire(): Acquired ID : 2112570  [2025 / 30]    HINT :      list : [UCLAMP_MIN_BOOST / 0] [TID / 4392] [TID / 4393] [TID / 4205] [TID / 4394] 
03-13 10:14:02.444  4205  4205 D NavBarStateManager: NavBarStates(1) supportLargeCoverScreenNavBar: true
03-13 10:14:02.444  4205  4205 D NavBarView: disableBack=true (isBackDismissIme=false, handlingGestures=false, disabledFlagBack=true, isBottomGesture=false, isImeRenderingNavButtons=false)
03-13 10:14:02.444  4205  4205 D NavBarStateManager: NavBarStates(1) supportLargeCoverScreenNavBar: true
03-13 10:14:02.444  4205  4205 D Navbar.Store: ----handleEvent(0) OnUpdateSysUiStateFlag(noArguments=true) [Module] SamsungNavigationBarView
03-13 10:14:02.444  4205  4205 D Navbar.Store: ------[Band]GESTURE_PACK_UPDATE_SYSTEMUI_STATE_FLAG
03-13 10:14:02.444  4205  4205 D Navbar.Store: ------[Band] (afterAction) GESTURE_PACK_UPDATE_SYSTEMUI_STATE_FLAG
03-13 10:14:02.444  4205  4205 D Navbar.Store: --[Band] (afterAction) SETUPWIZARD_PACK_SET_NAVBAR_STYLE
03-13 10:14:02.444  4205  4205 D Navbar.Store: ----apply(1) NavBarStoreAction$UpdateNavBarNormalStyle
03-13 10:14:02.444   404   404 I VRI[HomeDashboardActivity]@d107c1e: onDisplayChanged oldDisplayState=2 newDisplayState=1
03-13 10:14:02.444  4205  4205 D NavBarStateManager: NavBarStates(1) canShowKeyboardButtonForRotation(0): true
03-13 10:14:02.444  2053  2420 W QC2Interface: [hvcD_933] Failed to query parameters
03-13 10:14:02.444  2053  2420 I vendor.qti.media.c2@1.0-service: StrictValueWithNoDeps is called old.v.value is 2141391876 me.v.value is 0
03-13 10:14:02.445  2053  2420 I vendor.qti.media.c2@1.0-service: [FRC-IsFilteringEnabled] entry
03-13 10:14:02.445  2053  2420 I vendor.qti.media.c2@1.0-service: [FRC-IsFilteringEnabled] frcReqInfo.value is 0
03-13 10:14:02.445  4360  3731 I CCodec  : [c2.qti.hevc.decoder] config->initialize() : 0
03-13 10:14:02.445  2053  2956 W QC2Interface: [hvcD_933] Failed to query parameters
03-13 10:14:02.445  4360  3731 I CCodecConfig: query failed after returning 18 values (BAD_INDEX)
03-13 10:14:02.445   404   404 I VRI[NavHostActivity]@be731fa: onDisplayChanged oldDisplayState=2 newDisplayState=1
03-13 10:14:02.445  4360  3731 W ColorUtils: expected specified color aspects (0:0:0:0)
03-13 10:14:02.445  4360  3731 I CCodec  : [c2.qti.hevc.decoder] config->queryConfiguration()
03-13 10:14:02.445  4360  3731 I CCodec  : [c2.qti.hevc.decoder] mCallback->onComponentAllocated() IN
03-13 10:14:02.445  4360  3731 I CCodec  : [c2.qti.hevc.decoder] mCallback->onComponentAllocated() OUT
03-13 10:14:02.446  4205  4205 D NavBarStateManager: NavBarStates(1) supportLargeCoverScreenNavBar: true
03-13 10:14:02.447  4205  4205 D NavBarStateManager: NavBarStates(1) canShowKeyboardButtonForRotation(0): true
03-13 10:14:02.448  6380  8550 I SDHMS:k : onTaskStackChanged
03-13 10:14:02.448  4832  8369 I HoneySpace.RecentTasks: onRecentTasksChanged
03-13 10:14:02.449  4360  3725 I CCodec  : [c2.qti.hevc.decoder] state->set(RELEASING)
03-13 10:14:02.449  4360  4360 I SprWallpaper|FoldInteractive: resetFrame : completed=true, elapsed=290
03-13 10:14:02.450  6380  6728 I SDHMS:k : no app is Resumed!!! mResumedPackages.size = 0
03-13 10:14:02.450  4360  3825 I CCodec  : [release][3409] surface -> component
03-13 10:14:02.450  4360  4360 I SprWallpaper|LayoutController_AnimalHeart: onFoldStateChanged: isFolded = true preload = true
03-13 10:14:02.450  2053  2420 W QC2PerfCtrlUtil: QC2PerfLock Empty resource value pair
03-13 10:14:02.450  2053  2420 W QC2Comp : [hvcD_933] Handling stop: Codec is already gone!
03-13 10:14:02.450  4360  4360 I SprWallpaper|Physics: createNotchBox : 373.99997 , 668.7 - 392.69998 , 69.299995
03-13 10:14:02.450  4360  4360 I SprWallpaper|LayoutController_AnimalHeart: unfreezeLayout
03-13 10:14:02.450  4360  4360 I SprWallpaper|AnimationController: startAnimation : rsc_bear_52
03-13 10:14:02.450  4360  4360 I SprWallpaper|AnimationController: startAnimation : rsc_heart_07
03-13 10:14:02.450  4360  4360 I SprWallpaper|AnimationController: startAnimation : rsc_dog
03-13 10:14:02.450  4360  4360 I SprWallpaper|AnimationController: startAnimation : rsc_dog
03-13 10:14:02.450  4360  4360 I SprWallpaper|AnimationController: startAnimation : rsc_dog
03-13 10:14:02.450  4360  4360 I SprWallpaper|AnimationController: startAnimation : rsc_bear
03-13 10:14:02.450  4360  4360 I SprWallpaper|AnimationController: startAnimation : rsc_bear_30
03-13 10:14:02.450  4360  4360 I SprWallpaper|AnimationController: startAnimation : rsc_dog
03-13 10:14:02.450  4360  4360 I SprWallpaper|AnimationController: startAnimation : rsc_dog_54
03-13 10:14:02.450  4360  4360 I SprWallpaper|AnimationController: startAnimation : rsc_re_bear_52
03-13 10:14:02.450  4360  4360 I SprWallpaper|AnimationController: startAnimation : rsc_bear
03-13 10:14:02.450  2053  2420 I QC2Comp : [hvcD_933] NOTE: Release returning: 0 (OK=0)
03-13 10:14:02.450  4360  4360 I SprWallpaper|FoldInteractive: unregisterSensor: mIsSensorRegistered[false]
03-13 10:14:02.451  2053  2420 I QC2Comp : [hvcD_933] KPI_L1: release: ms=0
03-13 10:14:02.451  2053  2420 I FRCFilterPlugin: release entry
03-13 10:14:02.451  2053  2420 I FRCFilterPlugin: shutDownMpp entry
03-13 10:14:02.451  2053  2420 I FRCFilterPlugin: shutDownMpp exit
03-13 10:14:02.451  2053  2420 I FRCFilterPlugin: cleanUpResources entry
03-13 10:14:02.451  2053  2420 I FRCFilterPlugin: cleanUpResources exit
03-13 10:14:02.451  2053  2420 I FRCFilterPlugin: release exit
03-13 10:14:02.451  4360  3825 I CCodec  : [c2.qti.hevc.decoder] state->set(RELEASED)
03-13 10:14:02.451  4360  3731 I Codec2Client: Component destructing
03-13 10:14:02.451  4360  3731 I hw-BpHwBinder: onLastStrongRef automatically unlinking death recipients
03-13 10:14:02.451  2053  2420 I hw-BpHwBinder: onLastStrongRef automatically unlinking death recipients
03-13 10:14:02.451  2053  2420 I QC2CompStore: Deleting component(c2.qti.hevc.decoder) id(933)
03-13 10:14:02.451  4360  3725 I MediaCodec: Codec shutdown complete
03-13 10:14:02.451  2053  2951 I vendor.qti.media.c2@1.0-service: HDRToneMappingFilter DTOR
03-13 10:14:02.451  2053  2951 I vendor.qti.media.c2@1.0-service: AIFRCFilter DTOR
03-13 10:14:02.452  4205  4205 D NavBarStateManager: NavBarStates(1) supportLargeCoverScreenNavBar: true
03-13 10:14:02.452  4205  4205 D NavBarStateManager: NavBarStates(1) canShowKeyboardButtonForRotation(1): true
03-13 10:14:02.452  4360  3725 I CCodecBufferChannel: CCodecBufferChannel destructing c2.qti.hevc.decoder#935
03-13 10:14:02.453  4205  4205 D NavBarStateManager: NavBarStates(1) supportLargeCoverScreenNavBar: true
03-13 10:14:02.454  4205  4205 D NavBarStateManager: NavBarStates(1) canShowKeyboardButtonForRotation(2): true
03-13 10:14:02.455  2053  2420 I QC2CompStore: removeIdFromList remove Id[933] from list
03-13 10:14:02.455  2053  2420 I QC2Comp : [c2.qti.hevc.decoder] KPI_L1: Total component latency: ms=38
03-13 10:14:02.456  4205  4205 D NavBarStateManager: NavBarStates(1) supportLargeCoverScreenNavBar: true
03-13 10:14:02.456  4205  4205 D NavBarStateManager: NavBarStates(1) canShowKeyboardButtonForRotation(3): true
03-13 10:14:02.457  4205  4205 D NavBarStateManager: NavBarStates(1) supportLargeCoverScreenNavBar: true
03-13 10:14:02.458  4205  4205 D NavBarStateManager: NavBarStates(1) supportLargeCoverScreenNavBar: true
03-13 10:14:02.458  4205  4205 D NavBarView: disableBack=true (isBackDismissIme=false, handlingGestures=false, disabledFlagBack=true, isBottomGesture=false, isImeRenderingNavButtons=false)
03-13 10:14:02.458  4205  4205 D NavBarStateManager: NavBarStates(1) supportLargeCoverScreenNavBar: true
03-13 10:14:02.458  4205  4205 D Navbar.Store: ----handleEvent(0) OnUpdateSysUiStateFlag(noArguments=true) [Module] SamsungNavigationBarView
03-13 10:14:02.458  4205  4205 D Navbar.Store: ------[Band]GESTURE_PACK_UPDATE_SYSTEMUI_STATE_FLAG
03-13 10:14:02.458  4205  4205 D Navbar.Store: ------[Band] (afterAction) GESTURE_PACK_UPDATE_SYSTEMUI_STATE_FLAG
03-13 10:14:02.458  4205  4205 D Navbar.Store: --[Band] (afterAction) COVER_SCREEN_PACK_NAVBAR_ATTACHED_TO_WINDOW
03-13 10:14:02.458  4205  4205 D Navbar.Store: ----apply(1) NavBarStoreAction$UpdateNavBarLayoutParams
03-13 10:14:02.458  4205  4205 D NavBarStateManager: NavBarStates(1) canShowKeyboardButtonForRotation(0): true
03-13 10:14:02.460  4205  4205 D NavBarStateManager: NavBarStates(1) supportLargeCoverScreenNavBar: true
03-13 10:14:02.460  4205  4205 D NavBarStateManager: NavBarStates(1) canShowKeyboardButtonForRotation(0): true
03-13 10:14:02.462  4205  4205 D NavBarStateManager: NavBarStates(1) supportLargeCoverScreenNavBar: true
03-13 10:14:02.462  4205  4205 D NavBarStateManager: NavBarStates(1) canShowKeyboardButtonForRotation(1): true
03-13 10:14:02.462  4205  4362 D SubScreenPackageChecker: SubHome Component
03-13 10:14:02.464 27562 16367 D AdvertisingIdClient: AdvertisingIdClient already created.
03-13 10:14:02.464  4205  4205 D NavBarStateManager: NavBarStates(1) supportLargeCoverScreenNavBar: true
03-13 10:14:02.464  4205  4205 D NavBarStateManager: NavBarStates(1) canShowKeyboardButtonForRotation(2): true
03-13 10:14:02.465 27562 16367 I AdvertisingIdClient: shouldSendLog 237058343
03-13 10:14:02.465 27562 16367 I AdvertisingIdClient: GetInfoInternal elapse 2ms
03-13 10:14:02.466  4205  4205 D NavBarStateManager: NavBarStates(1) supportLargeCoverScreenNavBar: true
03-13 10:14:02.466  4205  4205 D NavBarStateManager: NavBarStates(1) canShowKeyboardButtonForRotation(3): true
03-13 10:14:02.468  4205  4205 D NavBarStateManager: NavBarStates(1) supportLargeCoverScreenNavBar: true
03-13 10:14:02.470  4205  4205 D NavBarStateManager: NavBarStates(1) supportLargeCoverScreenNavBar: true
03-13 10:14:02.470  4205  4205 D NavBarView: disableBack=true (isBackDismissIme=false, handlingGestures=false, disabledFlagBack=true, isBottomGesture=false, isImeRenderingNavButtons=false)
03-13 10:14:02.470  4205  4205 D NavBarStateManager: NavBarStates(1) supportLargeCoverScreenNavBar: true
03-13 10:14:02.470  4205  4205 D Navbar.Store: handleEvent(0) OnUpdateSysUiStateFlag(noArguments=true) [Module] SamsungNavigationBarView
03-13 10:14:02.470  4205  4205 D Navbar.Store: --[Band]GESTURE_PACK_UPDATE_SYSTEMUI_STATE_FLAG
03-13 10:14:02.470  4205  4205 D Navbar.Store: --[Band] (afterAction) GESTURE_PACK_UPDATE_SYSTEMUI_STATE_FLAG
03-13 10:14:02.470  4205  4205 D Navbar.Store: handleEvent(0) OnNavBarUpdateA11YService(clickable=false, longClickable=false) [Module] NavigationBar
03-13 10:14:02.470  4205  4205 D Navbar.Store: --[Band]SETUPWIZARD_PACK_UPDATE_A11Y_SERVICE
03-13 10:14:02.470  4205  4205 D NavBarStateManager: NavBarStates(1) canShowKeyboardButtonForRotation(0): true
03-13 10:14:02.472  4205  4205 D NavBarStateManager: NavBarStates(1) supportLargeCoverScreenNavBar: true
03-13 10:14:02.472  4205  4205 D NavBarStateManager: NavBarStates(1) canShowKeyboardButtonForRotation(0): true
03-13 10:14:02.473  4205  4205 D NavBarStateManager: NavBarStates(1) supportLargeCoverScreenNavBar: true
03-13 10:14:02.474  4205  4205 D NavBarStateManager: NavBarStates(1) canShowKeyboardButtonForRotation(1): true
03-13 10:14:02.475  4205  4205 D NavBarStateManager: NavBarStates(1) supportLargeCoverScreenNavBar: true
03-13 10:14:02.475  4205  4205 D NavBarStateManager: NavBarStates(1) canShowKeyboardButtonForRotation(2): true
03-13 10:14:02.477 16161   919 I NetworkScheduler: (REDACTED) Error inserting %s
03-13 10:14:02.477  4205  4205 D NavBarStateManager: NavBarStates(1) supportLargeCoverScreenNavBar: true
03-13 10:14:02.477  4205  4205 D NavBarStateManager: NavBarStates(1) canShowKeyboardButtonForRotation(3): true
03-13 10:14:02.479  4205  4205 D NavBarStateManager: NavBarStates(1) supportLargeCoverScreenNavBar: true
03-13 10:14:02.479  4205  4205 D EdgeBackGestureHandler: setBackAnimation for displayId = 1 : com.android.wm.shell.back.BackAnimationController$BackAnimationImpl@2596a58
03-13 10:14:02.480  4205  4205 D NavBarStateManager: NavBarStates(1) supportLargeCoverScreenNavBar: true
03-13 10:14:02.480  4205  4205 D NavBarView: disableBack=true (isBackDismissIme=false, handlingGestures=false, disabledFlagBack=true, isBottomGesture=false, isImeRenderingNavButtons=false)
03-13 10:14:02.480  4205  4205 D NavBarStateManager: NavBarStates(1) supportLargeCoverScreenNavBar: true
03-13 10:14:02.480  4205  4205 D Navbar.Store: handleEvent(0) OnUpdateSysUiStateFlag(noArguments=true) [Module] SamsungNavigationBarView
03-13 10:14:02.480  4205  4205 D Navbar.Store: --[Band]GESTURE_PACK_UPDATE_SYSTEMUI_STATE_FLAG
03-13 10:14:02.480  4205  4205 D Navbar.Store: --[Band] (afterAction) GESTURE_PACK_UPDATE_SYSTEMUI_STATE_FLAG
03-13 10:14:02.480  4205  4205 D Navbar.Store: handleEvent(0) OnNavBarUpdateA11YService(clickable=false, longClickable=false) [Module] NavigationBar
03-13 10:14:02.480  4205  4205 D Navbar.Store: --[Band]SETUPWIZARD_PACK_UPDATE_A11Y_SERVICE
03-13 10:14:02.480  4205  4205 D NavBarStateManager: NavBarStates(1) supportLargeCoverScreenNavBar: true
03-13 10:14:02.480  4205  4205 D NavBarView: disableBack=true (isBackDismissIme=false, handlingGestures=false, disabledFlagBack=true, isBottomGesture=false, isImeRenderingNavButtons=false)
03-13 10:14:02.480  4205  4205 D NavBarStateManager: NavBarStates(1) supportLargeCoverScreenNavBar: true
03-13 10:14:02.481  4205  4205 D Navbar.Store: handleEvent(0) OnUpdateSysUiStateFlag(noArguments=true) [Module] SamsungNavigationBarView
03-13 10:14:02.481  4205  4205 D Navbar.Store: --[Band]GESTURE_PACK_UPDATE_SYSTEMUI_STATE_FLAG
03-13 10:14:02.481  4205  4205 D Navbar.Store: --[Band] (afterAction) GESTURE_PACK_UPDATE_SYSTEMUI_STATE_FLAG
03-13 10:14:02.487  4205  4205 D NavBarStateManager: NavBarStates(1) supportLargeCoverScreenNavBar: true
03-13 10:14:02.487  4205  4205 D NavBarView: disableBack=true (isBackDismissIme=false, handlingGestures=false, disabledFlagBack=true, isBottomGesture=false, isImeRenderingNavButtons=false)
03-13 10:14:02.487  4205  4205 D NavBarStateManager: NavBarStates(1) supportLargeCoverScreenNavBar: true
03-13 10:14:02.487  4205  4205 D Navbar.Store: handleEvent(0) OnUpdateSysUiStateFlag(noArguments=true) [Module] SamsungNavigationBarView
03-13 10:14:02.487  4205  4205 D Navbar.Store: --[Band]GESTURE_PACK_UPDATE_SYSTEMUI_STATE_FLAG
03-13 10:14:02.487  4205  4205 D Navbar.Store: --[Band] (afterAction) GESTURE_PACK_UPDATE_SYSTEMUI_STATE_FLAG
03-13 10:14:02.487  1993  6685 I vendor.qti.bluetooth@1.1-ibs_handler: ProcessIbsCmd: Received IBS_SLEEP_IND: 0xFE
03-13 10:14:02.487  4205  4205 D NavigationModeController: getCurrentInteractionMode: mode=0 contextUser=0
03-13 10:14:02.487  4205  4205 D Navbar.Store: handleEvent(1) OnLightBarControllerCreated(lightBarController=com.android.systemui.statusbar.phone.LightBarControllerImpl@6bbddd6) [Module] NavigationBar
03-13 10:14:02.487  4205  4205 D Navbar.Store: --[Band]COLOR_PACK_REEVALUATE_NAVBAR
03-13 10:14:02.487  4205  4205 D Navbar.Store: ----apply(1) NavBarStoreAction$ReevaluateNavBar
03-13 10:14:02.488  4205  4205 D Navbar.Store: handleEvent(0) OnNavBarTransitionModeChanged(transitionMode=0) [Module] NavigationBar
03-13 10:14:02.488  4205  4205 D Navbar.Store: --[Band]GESTURE_PACK_SHOW_FLOATING_GAMETOOLS_ICON
03-13 10:14:02.488  4205  4205 D NavBarStateManager: NavBarStates(1) supportLargeCoverScreenNavBar: true
03-13 10:14:02.488  4205  4205 D Navbar.Store: handleEvent(1) GetNavBarLargeCoverScreenPadding(rotation=0) [Module] SamsungNavigationBarView
03-13 10:14:02.488  4205  4205 D Navbar.Store: --[Band]COVER_SCREEN_PACK_GET_NAVBAR_PADDING
03-13 10:14:02.488  4205  4205 D CoverScreenPack: get cover screen padding, kit.displayId=1, resources={1.0 ?mcc0mnc [en_US] ldltr sw307dp w352dp h308dp 340dpi smll hdr widecg land night -touch -keyb/v/h -nav/h winConfig={ mBounds=Rect(0, 0 - 748, 720) mAppBounds=Rect(0, 0 - 748, 654) mMaxBounds=Rect(0, 0 - 748, 720) mDisplayRotation=ROTATION_0 mWindowingMode=fullscreen mActivityType=undefined mAlwaysOnTop=undefined mRotation=ROTATION_0 mStageConfig=undefined mPopOver=undefined mOverlappingWithCutout=false mFlexPanelMode=off} s.4990 fontWeightAdjustment=0 ff=0 bf=-1 bts=0 cst=1.0 nightDim=0 themeSeq=0}
03-13 10:14:02.488  4205  4205 D Navbar.Store: handleEvent(1) value= Rect(0, 0 - 399, 0)
03-13 10:14:02.489  3003  4748 I WindowManager: Relayout Window{cda2ab7 u0 NavigationBar1}: viewVisibility=0 req=748x102 ty=2019 d1
03-13 10:14:02.489  2105  2324 I SurfaceFlinger: id=47087 createSurf, flag=44004, NavigationBar1$_4205#47087
03-13 10:14:02.489  3003  4748 D WindowManager: makeSurface duration=1 name=NavigationBar1$_4205
03-13 10:14:02.490  3003  4748 D InsetsSourceProvider: updateVisibility: serverVisible=true, clientVisible=true, source=InsetsSource: {794a0024 mType=systemGestures mFrame=[0,0][0,0] mVisible=true mFlags= mSideHint=NONE mBoundingRects=null}, controlTarget=null, from=com.android.server.wm.InsetsSourceProvider.setServerVisible:6 com.android.server.wm.InsetsSourceProvider.onPostLayout:30 com.android.server.wm.InsetsStateController.onPostLayout:26 com.android.server.wm.RootWindowContainer.applySurfaceChangesTransaction$1:203 com.android.server.wm.RootWindowContainer.performSurfacePlacementNoTrace:86 com.android.server.wm.WindowSurfacePlacer.performSurfacePlacement:166 com.android.server.wm.WindowManagerService.relayoutWindow:1207 com.android.server.wm.Session.relayout:27 android.view.IWindowSession$Stub.onTransact:829 com.android.server.wm.Session.onTransact:1 
03-13 10:14:02.490  3003  4748 D InsetsSourceProvider: updateVisibility: serverVisible=true, clientVisible=true, source=InsetsSource: {794a0006 mType=tappableElement mFrame=[0,618][748,720] mVisible=true mFlags= mSideHint=BOTTOM mBoundingRects=null}, controlTarget=null, from=com.android.server.wm.InsetsSourceProvider.setServerVisible:6 com.android.server.wm.InsetsSourceProvider.onPostLayout:30 com.android.server.wm.InsetsStateController.onPostLayout:26 com.android.server.wm.RootWindowContainer.applySurfaceChangesTransaction$1:203 com.android.server.wm.RootWindowContainer.performSurfacePlacementNoTrace:86 com.android.server.wm.WindowSurfacePlacer.performSurfacePlacement:166 com.android.server.wm.WindowManagerService.relayoutWindow:1207 com.android.server.wm.Session.relayout:27 android.view.IWindowSession$Stub.onTransact:829 com.android.server.wm.Session.onTransact:1 
03-13 10:14:02.490  3003  4748 D InsetsSourceProvider: updateVisibility: serverVisible=true, clientVisible=true, source=InsetsSource: {794a0005 mType=mandatorySystemGestures mFrame=[0,618][748,720] mVisible=true mFlags= mSideHint=BOTTOM mBoundingRects=null}, controlTarget=null, from=com.android.server.wm.InsetsSourceProvider.setServerVisible:6 com.android.server.wm.InsetsSourceProvider.onPostLayout:30 com.android.server.wm.InsetsStateController.onPostLayout:26 com.android.server.wm.RootWindowContainer.applySurfaceChangesTransaction$1:203 com.android.server.wm.RootWindowContainer.performSurfacePlacementNoTrace:86 com.android.server.wm.WindowSurfacePlacer.performSurfacePlacement:166 com.android.server.wm.WindowManagerService.relayoutWindow:1207 com.android.server.wm.Session.relayout:27 android.view.IWindowSession$Stub.onTransact:829 com.android.server.wm.Session.onTransact:1 
03-13 10:14:02.490  3003  4748 D InsetsSourceProvider: updateVisibility: serverVisible=true, clientVisible=true, source=InsetsSource: {794a0004 mType=systemGestures mFrame=[0,0][0,0] mVisible=true mFlags= mSideHint=NONE mBoundingRects=null}, controlTarget=null, from=com.android.server.wm.InsetsSourceProvider.setServerVisible:6 com.android.server.wm.InsetsSourceProvider.onPostLayout:30 com.android.server.wm.InsetsStateController.onPostLayout:26 com.android.server.wm.RootWindowContainer.applySurfaceChangesTransaction$1:203 com.android.server.wm.RootWindowContainer.performSurfacePlacementNoTrace:86 com.android.server.wm.WindowSurfacePlacer.performSurfacePlacement:166 com.android.server.wm.WindowManagerService.relayoutWindow:1207 com.android.server.wm.Session.relayout:27 android.view.IWindowSession$Stub.onTransact:829 com.android.server.wm.Session.onTransact:1 
03-13 10:14:02.491  3003  4748 D BLASTSyncEngine: SyncGroup 5433:  Unfinished container: WindowToken{8004a5b type=2024 android.os.BinderProxy@d7bba75} mSyncState=2
03-13 10:14:02.491  3003  4748 D BLASTSyncEngine: SyncGroup 5433:  Unfinished container: WindowToken{8004a5b type=2024 android.os.BinderProxy@d7bba75} mSyncState=2
03-13 10:14:02.494  3003  4748 I WindowManager: Relayout hash=cda2ab7, pid=4205, syncId=-1: mAttrs={(0,0)(fillx102) gr=BOTTOM CENTER_VERTICAL sim={adjust=pan} layoutInDisplayCutoutMode=always ty=NAVIGATION_BAR fmt=TRANSLUCENT
03-13 10:14:02.494  3003  4748 I WindowManager:   fl=20040028
03-13 10:14:02.494  3003  4748 I WindowManager:   pfl=31000000
03-13 10:14:02.494  3003  4748 I WindowManager:   bhv=1
03-13 10:14:02.494  3003  4748 I WindowManager:   providedInsets:
03-13 10:14:02.494  3003  4748 I WindowManager:     InsetsFrameProvider: {id=#794a0001, index=0, type=navigationBars, source=FRAME, flags=[], insetsSize=Insets{left=0, top=0, right=0, bottom=102}, insetsSizeOverrides=[TypedInsetsSize: {windowType=INPUT_METHOD, insetsSize=null}]}
03-13 10:14:02.494  3003  4748 I WindowManager:     InsetsFrameProvider: {id=#794a0006, index=0, type=tappableElement, source=FRAME, flags=[]}
03-13 10:14:02.494  3003  4748 I WindowManager:     InsetsFrameProvider: {id=#794a0005, index=0, type=mandatorySystemGestures, source=FRAME, flags=[]}
03-13 10:14:02.494  3003  4748 I WindowManager:     InsetsFrameProvider: {id=#794a0004, index=0, type=systemGestures, source=DISPLAY, flags=[], insetsSize=Insets{left=0, top=0, right=0, bottom=0}, mMinimalInsetsSizeInDisplayCutoutSafe=Insets{left=0, top=0, right=0, bottom=0}}
03-13 10:14:02.494  3003  4748 I WindowManager:     InsetsFrameProvider: {id=#794a0024, index=1, type=systemGestures, source=DISPLAY, flags=[], insetsSize=Insets{left=0, top=0, right=0, bottom=0}, mMinimalInsetsSizeInDisplayCutoutSafe=Insets{left=0, top=0, right=0, bottom=0}}
03-13 10:14:02.494  3003  4748 I WindowManager:   frameRateBoostOnTouch=true
03-13 10:14:02.494  3003  4748 I WindowManager:   dvrrWindowFrameRateHint=true
03-13 10:14:02.494  3003  4748 I WindowManager:   paramsForRotation:
03-13 10:14:02.494  3003  4748 I WindowManager:     ROTATION_0={(0,0)(fillx102) gr=BOTTOM CENTER_VERTICAL layoutInDisplayCutoutMode=always ty=NAVIGATION_BAR fmt=TRANSLUCENT
03-13 10:14:02.494  3003  4748 I WindowManager:       fl=20040028
03-13 10:14:02.494  3003  4748 I WindowManager:       pfl=31000000
03-13 10:14:02.494  3003  4748 I WindowManager:       bhv=1
03-13 10:14:02.494  3003  4748 I WindowManager:       providedInsets:
03-13 10:14:02.494  3003  4748 I WindowManager:         InsetsFrameProvider: {id=#794a0001, index=0, type=navigationBars, source=FRAME, flags=[], insetsSize=Insets{left=0, top=0, right=0, bottom=102}, insetsSizeOverrides=[TypedInsetsSize: {windowType=INPUT_METHOD, insetsSize=null}]}
03-13 10:14:02.494  3003  4748 I WindowManager:         InsetsFrameProvider: {id=#794a0006, index=0, type=tappableElement, source=FRAME, flags=[]}
03-13 10:14:02.494  3003  4748 I WindowManager:         InsetsFrameProvider: {id=#794a0005, index=0, type=mandatorySystemGestures, source=FRAME, flags=[]}
03-13 10:14:02.494  3003  4748 I WindowManager:         InsetsFrameProvider: {id=#794a0004, index=0, type=systemGestures, source=DISPLAY, flags=[], insetsSize=Insets{left=0, top=0, right=0, bottom=0}, mMinimalInsetsSizeInDisplayCutoutSafe=Insets{left=0, top=0, right=0, bottom=0}}
03-13 10:14:02.494  3003  4748 I WindowManager:         InsetsFrameProvider: {id=#794a0024, index=1, type=systemGestures, source=DISPLAY, flags=[], insetsSize=Insets{left=0, top=0, right=0, bottom=0}, mMinimalInsetsSizeInDisplayCutoutSafe=Insets{left=0, top=0, right=0, bottom=0}}
03-13 10:14:02.494  3003  4748 I WindowManager:       frameRateBoostOnTouch=true
03-13 10:14:02.494  3003  4748 I WindowManager:       dvrrWindowFrameRateHint=true naviIconColor=0}
03-13 10:14:02.494  3003  4748 I WindowManager:     ROTATION_90={(0,0)(102xfill) gr=RIGHT CENTER_HORIZONTAL layoutInDisplayCutoutMode=always ty=NAVIGATION_BAR fmt=TRANSLUCENT
03-13 10:14:02.494  3003  4748 I WindowManager:       fl=20040028
03-13 10:14:02.494  3003  4748 I WindowManager:       pfl=31000000
03-13 10:14:02.494  3003  4748 I WindowManager:       bhv=1
03-13 10:14:02.494  3003  4748 I WindowManager:       providedInsets:
03-13 10:14:02.494  3003  4748 I WindowManager:         InsetsFrameProvider: {id=#794a0001, index=0, type=navigationBars, source=FRAME, flags=[], insetsSizeOverrides=[TypedInsetsSize: {windowType=INPUT_METHOD, insetsSize=null}]}
03-13 10:14:02.494  3003  4748 I WindowManager:         InsetsFrameProvider: {id=#794a0006, index=0, type=tappableElement, source=FRAME, flags=[]}
03-13 10:14:02.494  3003  4748 I WindowManager:         InsetsFrameProvider: {id=#794a0005, index=0, type=mandatorySystemGestures, source=FRAME, flags=[]}
03-13 10:14:02.494  3003  4748 I WindowManager:         InsetsFrameProvider: {id=#794a0004, index=0, type=systemGestures, source=DISPLAY, flags=[], insetsSize=Insets{left=0, top=0, right=0, bottom=0}, mMinimalInsetsSizeInDisplayCutoutSafe=Insets{left=0, top=0, right=0, bottom=0}}
03-13 10:14:02.494  3003  4748 I WindowManager:         InsetsFrameProvider: {id=#794a0024, index=1, type=systemGestures, source=DISPLAY, flags=[], insetsSize=Insets{left=0, top=0, right=0, bottom=0}, mMinimalInsetsSizeInDisplayCutoutSafe=Insets{left=0, top=0, right=0, bottom=0}}
03-13 10:14:02.494  3003  4748 I WindowManager:       frameRateBoostOnTouch=true
03-13 10:14:02.494  3003  4748 I WindowManager:       dvrrWindowFrameRateHint=true naviIconColor=0}
03-13 10:14:02.494  3003  4748 I WindowManager:     ROTATION_180={(0,0)(fillx102) gr=BOTTOM CENTER_VERTICAL layoutInDisplayCutoutMode=always ty=NAVIGATION_BAR fmt=TRANSLUCENT
03-13 10:14:02.494  3003  4748 I WindowManager:       fl=20040028
03-13 10:14:02.494  3003  4748 I WindowManager:       pfl=31000000
03-13 10:14:02.494  3003  4748 I WindowManager:       bhv=1
03-13 10:14:02.494  3003  4748 I WindowManager:       providedInsets:
03-13 10:14:02.494  3003  4748 I WindowManager:         InsetsFrameProvider: {id=#794a0001, index=0, type=navigationBars, source=FRAME, flags=[], insetsSize=Insets{left=0, top=0, right=0, bottom=102}, insetsSizeOverrides=[TypedInsetsSize: {windowType=INPUT_METHOD, insetsSize=null}]}
03-13 10:14:02.494  3003  4748 I WindowManager:         InsetsFrameProvider: {id=#794a0006, index=0, type=tappableElement, source=FRAME, flags=[]}
03-13 10:14:02.494  3003  4748 I WindowManager:         InsetsFrameProvider: {id=#794a0005, index=0, type=mandatorySystemGestures, source=FRAME, flags=[]}
03-13 10:14:02.494  3003  4748 I WindowManager:         InsetsFrameProvider: {id=#794a0004, index=0, type=systemGestures, source=DISPLAY, flags=[], insetsSize=Insets{left=0, top=0, right=0, bottom=0}, mMinimalInsetsSizeInDisplayCutoutSafe=Insets{left=0, top=0, right=0, bottom=0}}
