03-13 10:09:09.876  3003  3003 V WindowManager: Computed rotation=ROTATION_0 (0) for display id=0 based on lastOrientation=SCREEN_ORIENTATION_SENSOR_PORTRAIT (7) and oldRotation=ROTATION_0 (0), caller=com.android.server.wm.WindowManagerService.updateRotationUnchecked:72 com.android.server.wm.DisplayRotation$OrientationListener.onProposedRotationChanged:335 com.android.server.wm.WindowOrientationListener$OrientationSensorJudge.finalizeRotation:26 com.android.server.wm.WindowOrientationListener$OrientationSensorJudge.onSensorChanged:401 android.hardware.SystemSensorManager$SensorEventQueue.dispatchSensorEvent:1142 android.os.MessageQueue.nativePollOnce:-2 
03-13 10:09:09.877  4205  4205 D AppController: AppControlSensorListener.onSensorChanged, Rotation: -1
03-13 10:09:09.923  3003  4343 D WindowManager: captureDisplay
03-13 10:09:09.924  3003  4343 I SurfaceComposerClient: captureLayers:childrenOnly:1, sync:0
03-13 10:09:09.930  2105  2321 I SurfaceFlinger: Capture layer list: 	 com.mcdonalds.app/com.mcdonalds.orderv2.navigation.entry_points.NavHostActivity$_21537#46211(seamlessTransition:0)
03-13 10:09:09.930  2105  2321 I SurfaceFlinger: Capture layer list: 	 StatusBar$_4205#132(seamlessTransition:0)
03-13 10:09:09.930  2105  2321 I SurfaceFlinger: Capture layer list: 	 com.sec.android.app.launcher/com.samsung.app.honeyspace.edge.edgepanel.app.CocktailBarService$_4832#46071(seamlessTransition:0)
03-13 10:09:09.930  2105  2321 I SurfaceFlinger: Capture layer list: 	 NavigationBar0$_4205#130(seamlessTransition:0)
03-13 10:09:09.932  2105  2342 D RenderEngine: [SEC_SF_EFFECTS] drawLayersInternal,1483, Rendering layer ScreenCaptureFillLayer at index 0
03-13 10:09:09.932  2105  2342 D RenderEngine: [SEC_SF_EFFECTS] drawLayersInternal,1483, Rendering layer com.mcdonalds.app/com.mcdonalds.orderv2.navigation.entry_points.NavHostActivity$_21537#46211 at index 1
03-13 10:09:09.932  2105  2342 D RenderEngine: [SEC_SF_EFFECTS] drawLayersInternal,1483, Rendering layer StatusBar$_4205#132 at index 2
03-13 10:09:09.932  2105  2342 D RenderEngine: [SEC_SF_EFFECTS] drawLayersInternal,1483, Rendering layer com.sec.android.app.launcher/com.samsung.app.honeyspace.edge.edgepanel.app.CocktailBarService$_4832#46071 at index 3
03-13 10:09:09.933  2105  2342 D RenderEngine: [SEC_SF_EFFECTS] drawLayersInternal,1483, Rendering layer NavigationBar0$_4205#130 at index 4
03-13 10:09:09.939 21471 21817 W qdgralloc: getInterlacedFlag: getMetaData returned 3, defaulting to interlaced_flag = 0
03-13 10:09:09.941  2007 12669 I sensors-hal: handle_sns_client_event:197, auto_rotation_debug_2 mode,255, type,1,1 acc,-1.871,2.273,9.212, ar,0, h_ic,0,0, s,2, ver,14, pedo,1,e,1,i,3
03-13 10:09:10.024  3003  4343 D WindowManager: captureDisplay
03-13 10:09:10.024  3003  4343 I SurfaceComposerClient: captureLayers:childrenOnly:1, sync:0
03-13 10:09:10.030  2105  2321 I SurfaceFlinger: Capture layer list: 	 com.mcdonalds.app/com.mcdonalds.orderv2.navigation.entry_points.NavHostActivity$_21537#46211(seamlessTransition:0)
03-13 10:09:10.030  2105  2321 I SurfaceFlinger: Capture layer list: 	 StatusBar$_4205#132(seamlessTransition:0)
03-13 10:09:10.030  2105  2321 I SurfaceFlinger: Capture layer list: 	 com.sec.android.app.launcher/com.samsung.app.honeyspace.edge.edgepanel.app.CocktailBarService$_4832#46071(seamlessTransition:0)
03-13 10:09:10.030  2105  2321 I SurfaceFlinger: Capture layer list: 	 NavigationBar0$_4205#130(seamlessTransition:0)
03-13 10:09:10.032  2105  2342 D RenderEngine: [SEC_SF_EFFECTS] drawLayersInternal,1483, Rendering layer ScreenCaptureFillLayer at index 0
03-13 10:09:10.032  2105  2342 D RenderEngine: [SEC_SF_EFFECTS] drawLayersInternal,1483, Rendering layer com.mcdonalds.app/com.mcdonalds.orderv2.navigation.entry_points.NavHostActivity$_21537#46211 at index 1
03-13 10:09:10.033  2105  2342 D RenderEngine: [SEC_SF_EFFECTS] drawLayersInternal,1483, Rendering layer StatusBar$_4205#132 at index 2
03-13 10:09:10.033  2105  2342 D RenderEngine: [SEC_SF_EFFECTS] drawLayersInternal,1483, Rendering layer com.sec.android.app.launcher/com.samsung.app.honeyspace.edge.edgepanel.app.CocktailBarService$_4832#46071 at index 3
03-13 10:09:10.033  2105  2342 D RenderEngine: [SEC_SF_EFFECTS] drawLayersInternal,1483, Rendering layer NavigationBar0$_4205#130 at index 4
03-13 10:09:10.046 21471 21817 W qdgralloc: getInterlacedFlag: getMetaData returned 3, defaulting to interlaced_flag = 0
03-13 10:09:10.051  2007 12669 I sensors-hal: handle_sns_client_event:159, auto_rotation_event_2 event,0, duration,0, ts,238150616458276, ts_diff,506228
03-13 10:09:10.051  2007 12669 I sensors-hal: handle_sns_client_event:170, auto_rotation_debug_2 acc,-2.924,2.560,9.442, ar,0, h_ic,0,0, s,2, ver,14, pedo,1,e,1,i,3
03-13 10:09:10.052  4205  4205 D AppController: AppControlSensorListener.onSensorChanged, Rotation: 0
03-13 10:09:10.053  3003  3003 D WindowOrientationListener: onSensorChanged device orientation: 0
03-13 10:09:10.053  3003  3003 I WindowManager: getCoverScreenRotation 0, sensor= 0, isFlat=false, isDual=false
03-13 10:09:10.054  3003  3003 V WindowManager: Computed rotation=ROTATION_0 (0) for display id=1 based on lastOrientation=SCREEN_ORIENTATION_NOSENSOR (5) and oldRotation=ROTATION_0 (0), caller=com.android.server.wm.WindowManagerService.updateRotationUnchecked:72 com.android.server.wm.DisplayRotation$OrientationListener.onProposedRotationChanged:335 com.android.server.wm.WindowOrientationListener$OrientationSensorJudge.finalizeRotation:26 com.android.server.wm.WindowOrientationListener$OrientationSensorJudge.onSensorChanged:401 android.hardware.SystemSensorManager$SensorEventQueue.dispatchSensorEvent:1142 android.os.MessageQueue.nativePollOnce:-2 
03-13 10:09:10.054  3003  3003 V WindowManager: Computed rotation=ROTATION_0 (0) for display id=0 based on lastOrientation=SCREEN_ORIENTATION_SENSOR_PORTRAIT (7) and oldRotation=ROTATION_0 (0), caller=com.android.server.wm.WindowManagerService.updateRotationUnchecked:72 com.android.server.wm.DisplayRotation$OrientationListener.onProposedRotationChanged:335 com.android.server.wm.WindowOrientationListener$OrientationSensorJudge.finalizeRotation:26 com.android.server.wm.WindowOrientationListener$OrientationSensorJudge.onSensorChanged:401 android.hardware.SystemSensorManager$SensorEventQueue.dispatchSensorEvent:1142 android.os.MessageQueue.nativePollOnce:-2 
03-13 10:09:10.095  2007 12669 I sensors-hal: handle_sns_client_event:159, auto_rotation_event_2 event,255, duration,0, ts,238150660660567, ts_diff,427166
03-13 10:09:10.095  2007 12669 I sensors-hal: handle_sns_client_event:170, auto_rotation_debug_2 acc,-2.900,1.249,10.753, ar,0, h_ic,0,0, s,2, ver,14, pedo,1,e,1,i,3
03-13 10:09:10.096  3003  3003 D WindowOrientationListener: onSensorChanged device orientation: -1
03-13 10:09:10.096  4205  4205 D AppController: AppControlSensorListener.onSensorChanged, Rotation: -1
03-13 10:09:10.096  3003  3003 I WindowManager: getCoverScreenRotation 0, sensor= 0, isFlat=false, isDual=false
03-13 10:09:10.096  3003  3003 V WindowManager: Computed rotation=ROTATION_0 (0) for display id=1 based on lastOrientation=SCREEN_ORIENTATION_NOSENSOR (5) and oldRotation=ROTATION_0 (0), caller=com.android.server.wm.WindowManagerService.updateRotationUnchecked:72 com.android.server.wm.DisplayRotation$OrientationListener.onProposedRotationChanged:335 com.android.server.wm.WindowOrientationListener$OrientationSensorJudge.finalizeRotation:26 com.android.server.wm.WindowOrientationListener$OrientationSensorJudge.onSensorChanged:401 android.hardware.SystemSensorManager$SensorEventQueue.dispatchSensorEvent:1142 android.os.MessageQueue.nativePollOnce:-2 
03-13 10:09:10.097  3003  3003 V WindowManager: Computed rotation=ROTATION_0 (0) for display id=0 based on lastOrientation=SCREEN_ORIENTATION_SENSOR_PORTRAIT (7) and oldRotation=ROTATION_0 (0), caller=com.android.server.wm.WindowManagerService.updateRotationUnchecked:72 com.android.server.wm.DisplayRotation$OrientationListener.onProposedRotationChanged:335 com.android.server.wm.WindowOrientationListener$OrientationSensorJudge.finalizeRotation:26 com.android.server.wm.WindowOrientationListener$OrientationSensorJudge.onSensorChanged:401 android.hardware.SystemSensorManager$SensorEventQueue.dispatchSensorEvent:1142 android.os.MessageQueue.nativePollOnce:-2 
03-13 10:09:10.098  3003  4343 I ActivityManager: Changes in 10405 6 to 10, 128 to 0
03-13 10:09:10.105  3003  4343 I ActivityManager: Changes in 10405 10 to 6, 0 to 128
03-13 10:09:10.105  3003  4002 D BackgroundInstallControlService: Package event received: 0
03-13 10:09:10.107  3003  4002 D BackgroundInstallControlService: Package event received: 0
03-13 10:09:10.109  3003  4002 D BackgroundInstallControlService: Package event received: 0
03-13 10:09:10.109  3003  4002 D BackgroundInstallControlService: Package event received: 0
03-13 10:09:10.123  3003  4343 D WindowManager: captureDisplay
03-13 10:09:10.127  3003  4343 I SurfaceComposerClient: captureLayers:childrenOnly:1, sync:0
03-13 10:09:10.127  2097  2125 E HeatmapThread: ECT Thread time in milliseconds: 1773410950
03-13 10:09:10.132  2105  2321 I SurfaceFlinger: Capture layer list: 	 com.mcdonalds.app/com.mcdonalds.orderv2.navigation.entry_points.NavHostActivity$_21537#46211(seamlessTransition:0)
03-13 10:09:10.132  2105  2321 I SurfaceFlinger: Capture layer list: 	 StatusBar$_4205#132(seamlessTransition:0)
03-13 10:09:10.132  2105  2321 I SurfaceFlinger: Capture layer list: 	 com.sec.android.app.launcher/com.samsung.app.honeyspace.edge.edgepanel.app.CocktailBarService$_4832#46071(seamlessTransition:0)
03-13 10:09:10.132  2105  2321 I SurfaceFlinger: Capture layer list: 	 NavigationBar0$_4205#130(seamlessTransition:0)
03-13 10:09:10.134  2097  2125 D HeatmapThread: !@ batteryplugType : 2
03-13 10:09:10.134  2105  2342 D RenderEngine: [SEC_SF_EFFECTS] drawLayersInternal,1483, Rendering layer ScreenCaptureFillLayer at index 0
03-13 10:09:10.134  2105  2342 D RenderEngine: [SEC_SF_EFFECTS] drawLayersInternal,1483, Rendering layer com.mcdonalds.app/com.mcdonalds.orderv2.navigation.entry_points.NavHostActivity$_21537#46211 at index 1
03-13 10:09:10.134  2105  2342 D RenderEngine: [SEC_SF_EFFECTS] drawLayersInternal,1483, Rendering layer StatusBar$_4205#132 at index 2
03-13 10:09:10.134  2097  2125 D HeatmapThread: !@ batteryLevel : 100  batteryTemperature : 340 
03-13 10:09:10.134  2097  2125 D HeatmapThread: !@ Heatmap currtime: 29556849
03-13 10:09:10.134  2097  2125 D HeatmapThread: !@ Heatmap prevtime: 29556830
03-13 10:09:10.134  2097  2125 D HeatmapThread: !@ Heatmap plugstarttime: 29556690
03-13 10:09:10.134  2097  2125 D HeatmapThread: !@ Heatmap prevv_dsoh_update_time: 29556840
03-13 10:09:10.134  2105  2342 D RenderEngine: [SEC_SF_EFFECTS] drawLayersInternal,1483, Rendering layer com.sec.android.app.launcher/com.samsung.app.honeyspace.edge.edgepanel.app.CocktailBarService$_4832#46071 at index 3
03-13 10:09:10.134  2097  2125 E HeatmapThread: !@ CAM New BSOH: 100
03-13 10:09:10.134  2097  2125 E HeatmapThread: !@ CAM is Working
03-13 10:09:10.134  2105  2342 D RenderEngine: [SEC_SF_EFFECTS] drawLayersInternal,1483, Rendering layer NavigationBar0$_4205#130 at index 4
03-13 10:09:10.170 21471 21817 W qdgralloc: getInterlacedFlag: getMetaData returned 3, defaulting to interlaced_flag = 0
03-13 10:09:10.225  3003  4343 D WindowManager: captureDisplay
03-13 10:09:10.225  3003  4343 I SurfaceComposerClient: captureLayers:childrenOnly:1, sync:0
03-13 10:09:10.231  2105  2321 I SurfaceFlinger: Capture layer list: 	 com.mcdonalds.app/com.mcdonalds.orderv2.navigation.entry_points.NavHostActivity$_21537#46211(seamlessTransition:0)
03-13 10:09:10.231  2105  2321 I SurfaceFlinger: Capture layer list: 	 StatusBar$_4205#132(seamlessTransition:0)
03-13 10:09:10.231  2105  2321 I SurfaceFlinger: Capture layer list: 	 com.sec.android.app.launcher/com.samsung.app.honeyspace.edge.edgepanel.app.CocktailBarService$_4832#46071(seamlessTransition:0)
03-13 10:09:10.231  2105  2321 I SurfaceFlinger: Capture layer list: 	 NavigationBar0$_4205#130(seamlessTransition:0)
03-13 10:09:10.233  2105  2342 D RenderEngine: [SEC_SF_EFFECTS] drawLayersInternal,1483, Rendering layer ScreenCaptureFillLayer at index 0
03-13 10:09:10.233  2105  2342 D RenderEngine: [SEC_SF_EFFECTS] drawLayersInternal,1483, Rendering layer com.mcdonalds.app/com.mcdonalds.orderv2.navigation.entry_points.NavHostActivity$_21537#46211 at index 1
03-13 10:09:10.234  2105  2342 D RenderEngine: [SEC_SF_EFFECTS] drawLayersInternal,1483, Rendering layer StatusBar$_4205#132 at index 2
03-13 10:09:10.234  2105  2342 D RenderEngine: [SEC_SF_EFFECTS] drawLayersInternal,1483, Rendering layer com.sec.android.app.launcher/com.samsung.app.honeyspace.edge.edgepanel.app.CocktailBarService$_4832#46071 at index 3
03-13 10:09:10.234  2105  2342 D RenderEngine: [SEC_SF_EFFECTS] drawLayersInternal,1483, Rendering layer NavigationBar0$_4205#130 at index 4
03-13 10:09:10.240 21471 21817 W qdgralloc: getInterlacedFlag: getMetaData returned 3, defaulting to interlaced_flag = 0
03-13 10:09:10.245  1171  1171 D io_stats: !@   8,0 r 3699447 117732704 w 4251112 92580188 d 384365 103092732 f 176042 419491 iot 1772920 0 th 0 0 0 pt 0 inp 0 0 62234.313
03-13 10:09:10.246  1171  1171 D io_stats: !@ Read_top(KB): kworker/u16:5(21525) 768 kworker/u16:2(28690) 256 kworker/u16:1(20226) 256
03-13 10:09:10.246  1171  1171 D io_stats: !@ Write_top(KB): kworker/u16:2(28690) 984 m.mcdonalds.app(21537) 8
03-13 10:09:10.325  3003  4343 D WindowManager: captureDisplay
03-13 10:09:10.326  3003  4343 I SurfaceComposerClient: captureLayers:childrenOnly:1, sync:0
03-13 10:09:10.333  2105  2321 I SurfaceFlinger: Capture layer list: 	 com.mcdonalds.app/com.mcdonalds.orderv2.navigation.entry_points.NavHostActivity$_21537#46211(seamlessTransition:0)
03-13 10:09:10.333  2105  2321 I SurfaceFlinger: Capture layer list: 	 StatusBar$_4205#132(seamlessTransition:0)
03-13 10:09:10.333  2105  2321 I SurfaceFlinger: Capture layer list: 	 com.sec.android.app.launcher/com.samsung.app.honeyspace.edge.edgepanel.app.CocktailBarService$_4832#46071(seamlessTransition:0)
03-13 10:09:10.333  2105  2321 I SurfaceFlinger: Capture layer list: 	 NavigationBar0$_4205#130(seamlessTransition:0)
03-13 10:09:10.334  2105  2342 D RenderEngine: [SEC_SF_EFFECTS] drawLayersInternal,1483, Rendering layer ScreenCaptureFillLayer at index 0
03-13 10:09:10.334  2105  2342 D RenderEngine: [SEC_SF_EFFECTS] drawLayersInternal,1483, Rendering layer com.mcdonalds.app/com.mcdonalds.orderv2.navigation.entry_points.NavHostActivity$_21537#46211 at index 1
03-13 10:09:10.335  2105  2342 D RenderEngine: [SEC_SF_EFFECTS] drawLayersInternal,1483, Rendering layer StatusBar$_4205#132 at index 2
03-13 10:09:10.335  2105  2342 D RenderEngine: [SEC_SF_EFFECTS] drawLayersInternal,1483, Rendering layer com.sec.android.app.launcher/com.samsung.app.honeyspace.edge.edgepanel.app.CocktailBarService$_4832#46071 at index 3
03-13 10:09:10.335  2105  2342 D RenderEngine: [SEC_SF_EFFECTS] drawLayersInternal,1483, Rendering layer NavigationBar0$_4205#130 at index 4
03-13 10:09:10.347 21471 21817 W qdgralloc: getInterlacedFlag: getMetaData returned 3, defaulting to interlaced_flag = 0
03-13 10:09:10.425  3003  4343 D WindowManager: captureDisplay
03-13 10:09:10.425  3003  4343 I SurfaceComposerClient: captureLayers:childrenOnly:1, sync:0
03-13 10:09:10.433  2105  2321 I SurfaceFlinger: Capture layer list: 	 com.mcdonalds.app/com.mcdonalds.orderv2.navigation.entry_points.NavHostActivity$_21537#46211(seamlessTransition:0)
03-13 10:09:10.433  2105  2321 I SurfaceFlinger: Capture layer list: 	 StatusBar$_4205#132(seamlessTransition:0)
03-13 10:09:10.433  2105  2321 I SurfaceFlinger: Capture layer list: 	 com.sec.android.app.launcher/com.samsung.app.honeyspace.edge.edgepanel.app.CocktailBarService$_4832#46071(seamlessTransition:0)
03-13 10:09:10.433  2105  2321 I SurfaceFlinger: Capture layer list: 	 NavigationBar0$_4205#130(seamlessTransition:0)
03-13 10:09:10.435  2105  2342 D RenderEngine: [SEC_SF_EFFECTS] drawLayersInternal,1483, Rendering layer ScreenCaptureFillLayer at index 0
03-13 10:09:10.435  2105  2342 D RenderEngine: [SEC_SF_EFFECTS] drawLayersInternal,1483, Rendering layer com.mcdonalds.app/com.mcdonalds.orderv2.navigation.entry_points.NavHostActivity$_21537#46211 at index 1
03-13 10:09:10.435  2105  2342 D RenderEngine: [SEC_SF_EFFECTS] drawLayersInternal,1483, Rendering layer StatusBar$_4205#132 at index 2
03-13 10:09:10.435  2105  2342 D RenderEngine: [SEC_SF_EFFECTS] drawLayersInternal,1483, Rendering layer com.sec.android.app.launcher/com.samsung.app.honeyspace.edge.edgepanel.app.CocktailBarService$_4832#46071 at index 3
03-13 10:09:10.435  2105  2342 D RenderEngine: [SEC_SF_EFFECTS] drawLayersInternal,1483, Rendering layer NavigationBar0$_4205#130 at index 4
03-13 10:09:10.441  2007 22716 I sensors-hal: handle_sns_client_event:341, [159] mag_sample_cal(magcal_available:1): ts=238151000417807 ns; cal = [-13.777618, -2.469528, -43.517761], uncal = [-287.857605, 126.770462, -373.697754], bias = [-274.079987, 129.239990, -330.179993], status=3
03-13 10:09:10.448 21471 21817 W qdgralloc: getInterlacedFlag: getMetaData returned 3, defaulting to interlaced_flag = 0
03-13 10:09:10.452  2007 22712 I sensors-hal: handle_sns_client_event:422, [0][145] gyro_sample_cal(cal_available:1)(3) [-0.103, 0.571,-0.984] bias[-0.003,-0.006, 0.002] 238151005195463
03-13 10:09:10.525  3003  4343 D WindowManager: captureDisplay
03-13 10:09:10.527  3003  4343 I SurfaceComposerClient: captureLayers:childrenOnly:1, sync:0
03-13 10:09:10.534  2105  2321 I SurfaceFlinger: Capture layer list: 	 com.mcdonalds.app/com.mcdonalds.orderv2.navigation.entry_points.NavHostActivity$_21537#46211(seamlessTransition:0)
03-13 10:09:10.534  2105  2321 I SurfaceFlinger: Capture layer list: 	 StatusBar$_4205#132(seamlessTransition:0)
03-13 10:09:10.534  2105  2321 I SurfaceFlinger: Capture layer list: 	 com.sec.android.app.launcher/com.samsung.app.honeyspace.edge.edgepanel.app.CocktailBarService$_4832#46071(seamlessTransition:0)
03-13 10:09:10.534  2105  2321 I SurfaceFlinger: Capture layer list: 	 NavigationBar0$_4205#130(seamlessTransition:0)
03-13 10:09:10.535  2105  2342 D RenderEngine: [SEC_SF_EFFECTS] drawLayersInternal,1483, Rendering layer ScreenCaptureFillLayer at index 0
03-13 10:09:10.535  2105  2342 D RenderEngine: [SEC_SF_EFFECTS] drawLayersInternal,1483, Rendering layer com.mcdonalds.app/com.mcdonalds.orderv2.navigation.entry_points.NavHostActivity$_21537#46211 at index 1
03-13 10:09:10.536  2105  2342 D RenderEngine: [SEC_SF_EFFECTS] drawLayersInternal,1483, Rendering layer StatusBar$_4205#132 at index 2
03-13 10:09:10.536  2105  2342 D RenderEngine: [SEC_SF_EFFECTS] drawLayersInternal,1483, Rendering layer com.sec.android.app.launcher/com.samsung.app.honeyspace.edge.edgepanel.app.CocktailBarService$_4832#46071 at index 3
03-13 10:09:10.536  2105  2342 D RenderEngine: [SEC_SF_EFFECTS] drawLayersInternal,1483, Rendering layer NavigationBar0$_4205#130 at index 4
03-13 10:09:10.547 21471 21817 W qdgralloc: getInterlacedFlag: getMetaData returned 3, defaulting to interlaced_flag = 0
03-13 10:09:10.626  3003  4343 D WindowManager: captureDisplay
03-13 10:09:10.627  3003  4343 I SurfaceComposerClient: captureLayers:childrenOnly:1, sync:0
03-13 10:09:10.634  2105  2321 I SurfaceFlinger: Capture layer list: 	 com.mcdonalds.app/com.mcdonalds.orderv2.navigation.entry_points.NavHostActivity$_21537#46211(seamlessTransition:0)
03-13 10:09:10.634  2105  2321 I SurfaceFlinger: Capture layer list: 	 StatusBar$_4205#132(seamlessTransition:0)
03-13 10:09:10.634  2105  2321 I SurfaceFlinger: Capture layer list: 	 com.sec.android.app.launcher/com.samsung.app.honeyspace.edge.edgepanel.app.CocktailBarService$_4832#46071(seamlessTransition:0)
03-13 10:09:10.634  2105  2321 I SurfaceFlinger: Capture layer list: 	 NavigationBar0$_4205#130(seamlessTransition:0)
03-13 10:09:10.636  2105  2342 D RenderEngine: [SEC_SF_EFFECTS] drawLayersInternal,1483, Rendering layer ScreenCaptureFillLayer at index 0
03-13 10:09:10.636  2105  2342 D RenderEngine: [SEC_SF_EFFECTS] drawLayersInternal,1483, Rendering layer com.mcdonalds.app/com.mcdonalds.orderv2.navigation.entry_points.NavHostActivity$_21537#46211 at index 1
03-13 10:09:10.636  2105  2342 D RenderEngine: [SEC_SF_EFFECTS] drawLayersInternal,1483, Rendering layer StatusBar$_4205#132 at index 2
03-13 10:09:10.636  2105  2342 D RenderEngine: [SEC_SF_EFFECTS] drawLayersInternal,1483, Rendering layer com.sec.android.app.launcher/com.samsung.app.honeyspace.edge.edgepanel.app.CocktailBarService$_4832#46071 at index 3
03-13 10:09:10.636  2105  2342 D RenderEngine: [SEC_SF_EFFECTS] drawLayersInternal,1483, Rendering layer NavigationBar0$_4205#130 at index 4
03-13 10:09:10.649 21471 21817 W qdgralloc: getInterlacedFlag: getMetaData returned 3, defaulting to interlaced_flag = 0
03-13 10:09:10.707  2007 20902 I sensors-hal: handle_sns_std_sensor_event:409, [SSC_LIGHT] P: 5(5),c:287,b:23,m:13,cl:13,l:2,s:7,l0:2064,l1:96,s0:1246,s1:74,acl:1,opr:0.86,f(r):97,u(bl):111,if:0,wi:6,si:9,po:128(N:0)
03-13 10:09:10.726  3003  4343 D WindowManager: captureDisplay
03-13 10:09:10.727  3003  4343 I SurfaceComposerClient: captureLayers:childrenOnly:1, sync:0
03-13 10:09:10.735  2105  2321 I SurfaceFlinger: Capture layer list: 	 com.mcdonalds.app/com.mcdonalds.orderv2.navigation.entry_points.NavHostActivity$_21537#46211(seamlessTransition:0)
03-13 10:09:10.735  2105  2321 I SurfaceFlinger: Capture layer list: 	 StatusBar$_4205#132(seamlessTransition:0)
03-13 10:09:10.735  2105  2321 I SurfaceFlinger: Capture layer list: 	 com.sec.android.app.launcher/com.samsung.app.honeyspace.edge.edgepanel.app.CocktailBarService$_4832#46071(seamlessTransition:0)
03-13 10:09:10.735  2105  2321 I SurfaceFlinger: Capture layer list: 	 NavigationBar0$_4205#130(seamlessTransition:0)
03-13 10:09:10.737  2105  2342 D RenderEngine: [SEC_SF_EFFECTS] drawLayersInternal,1483, Rendering layer ScreenCaptureFillLayer at index 0
03-13 10:09:10.737  2105  2342 D RenderEngine: [SEC_SF_EFFECTS] drawLayersInternal,1483, Rendering layer com.mcdonalds.app/com.mcdonalds.orderv2.navigation.entry_points.NavHostActivity$_21537#46211 at index 1
03-13 10:09:10.738  2105  2342 D RenderEngine: [SEC_SF_EFFECTS] drawLayersInternal,1483, Rendering layer StatusBar$_4205#132 at index 2
03-13 10:09:10.738  2105  2342 D RenderEngine: [SEC_SF_EFFECTS] drawLayersInternal,1483, Rendering layer com.sec.android.app.launcher/com.samsung.app.honeyspace.edge.edgepanel.app.CocktailBarService$_4832#46071 at index 3
03-13 10:09:10.738  2105  2342 D RenderEngine: [SEC_SF_EFFECTS] drawLayersInternal,1483, Rendering layer NavigationBar0$_4205#130 at index 4
03-13 10:09:10.775 21471 21817 W qdgralloc: getInterlacedFlag: getMetaData returned 3, defaulting to interlaced_flag = 0
03-13 10:09:10.805  1992  3117 V sec_audio_hw: sec_dev_get_parameters : g_hw_speaker_amp_temp_rcv
03-13 10:09:10.805  1992  3117 D AHAL: FM: fm_get_parameters: 299: enter
03-13 10:09:10.807  1992  3117 D AHAL: FM: fm_get_parameters: 306: exit
03-13 10:09:10.808  1992  3117 I PAL: ResourceManager: getActiveStream_l: 6180: no active streams found for device 3 ret -2
03-13 10:09:10.809  1992  3117 D AHAL: SecAudioDevice: SecGetParameters: 953: temperature for rcv = 0
03-13 10:09:10.810  2072  2993 I vendor.samsung.hardware.thermal-service: key: g_hw_speaker_amp_temp_rcv, value: 0
03-13 10:09:10.810  1992  3117 V sec_audio_hw: sec_dev_get_parameters : g_hw_speaker_amp_temp_spk
03-13 10:09:10.810  1992  3117 D AHAL: FM: fm_get_parameters: 299: enter
03-13 10:09:10.810  1992  3117 D AHAL: FM: fm_get_parameters: 306: exit
03-13 10:09:10.810  1992  3117 I PAL: ResourceManager: getActiveStream_l: 6180: no active streams found for device 3 ret -2
03-13 10:09:10.810  1992  3117 D AHAL: SecAudioDevice: SecGetParameters: 967: temperature for spk = 0
03-13 10:09:10.810  2072  2993 I vendor.samsung.hardware.thermal-service: key: g_hw_speaker_amp_temp_spk, value: 0
03-13 10:09:10.812  6380  7375 I SDHMS:x : SIOP:: AP:404 BAT:340 USB:279 CHG:403 PA:413 CP:398 WIFI:388 BLK:0 SUBBAT:282 LRPTHM:377 SKIN:368 SKINF:368 SKINB:357 LRP2:368 LRF2:368 LRB2:357 AP2:367 CHG2:367 MEM2:368 WIFI2:368 RCV2:369 SPK2:283 UPSPK:378 DNSPK:279 VAP:407 VWIFI:389 AMB2:243 AVGCUR:-154 AVGSYS:361 POWER:-674
03-13 10:09:10.826  3003  4343 D WindowManager: captureDisplay
03-13 10:09:10.826  3003  4343 I SurfaceComposerClient: captureLayers:childrenOnly:1, sync:0
03-13 10:09:10.829  2105  2321 I SurfaceFlinger: Capture layer list: 	 com.mcdonalds.app/com.mcdonalds.orderv2.navigation.entry_points.NavHostActivity$_21537#46211(seamlessTransition:0)
03-13 10:09:10.830  2105  2321 I SurfaceFlinger: Capture layer list: 	 StatusBar$_4205#132(seamlessTransition:0)
03-13 10:09:10.830  2105  2321 I SurfaceFlinger: Capture layer list: 	 com.sec.android.app.launcher/com.samsung.app.honeyspace.edge.edgepanel.app.CocktailBarService$_4832#46071(seamlessTransition:0)
03-13 10:09:10.830  2105  2321 I SurfaceFlinger: Capture layer list: 	 NavigationBar0$_4205#130(seamlessTransition:0)
03-13 10:09:10.831  2105  2342 D RenderEngine: [SEC_SF_EFFECTS] drawLayersInternal,1483, Rendering layer ScreenCaptureFillLayer at index 0
03-13 10:09:10.831  2105  2342 D RenderEngine: [SEC_SF_EFFECTS] drawLayersInternal,1483, Rendering layer com.mcdonalds.app/com.mcdonalds.orderv2.navigation.entry_points.NavHostActivity$_21537#46211 at index 1
03-13 10:09:10.831  2105  2342 D RenderEngine: [SEC_SF_EFFECTS] drawLayersInternal,1483, Rendering layer StatusBar$_4205#132 at index 2
03-13 10:09:10.831  2105  2342 D RenderEngine: [SEC_SF_EFFECTS] drawLayersInternal,1483, Rendering layer com.sec.android.app.launcher/com.samsung.app.honeyspace.edge.edgepanel.app.CocktailBarService$_4832#46071 at index 3
03-13 10:09:10.831  2105  2342 D RenderEngine: [SEC_SF_EFFECTS] drawLayersInternal,1483, Rendering layer NavigationBar0$_4205#130 at index 4
03-13 10:09:10.836 21471 21817 W qdgralloc: getInterlacedFlag: getMetaData returned 3, defaulting to interlaced_flag = 0
03-13 10:09:10.926  3003  4343 D WindowManager: captureDisplay
03-13 10:09:10.927  3003  4343 I SurfaceComposerClient: captureLayers:childrenOnly:1, sync:0
03-13 10:09:10.935  2105  2321 I SurfaceFlinger: Capture layer list: 	 com.mcdonalds.app/com.mcdonalds.orderv2.navigation.entry_points.NavHostActivity$_21537#46211(seamlessTransition:0)
03-13 10:09:10.935  2105  2321 I SurfaceFlinger: Capture layer list: 	 StatusBar$_4205#132(seamlessTransition:0)
03-13 10:09:10.935  2105  2321 I SurfaceFlinger: Capture layer list: 	 com.sec.android.app.launcher/com.samsung.app.honeyspace.edge.edgepanel.app.CocktailBarService$_4832#46071(seamlessTransition:0)
03-13 10:09:10.935  2105  2321 I SurfaceFlinger: Capture layer list: 	 NavigationBar0$_4205#130(seamlessTransition:0)
03-13 10:09:10.936  2105  2342 D RenderEngine: [SEC_SF_EFFECTS] drawLayersInternal,1483, Rendering layer ScreenCaptureFillLayer at index 0
03-13 10:09:10.937  2105  2342 D RenderEngine: [SEC_SF_EFFECTS] drawLayersInternal,1483, Rendering layer com.mcdonalds.app/com.mcdonalds.orderv2.navigation.entry_points.NavHostActivity$_21537#46211 at index 1
03-13 10:09:10.937  2105  2342 D RenderEngine: [SEC_SF_EFFECTS] drawLayersInternal,1483, Rendering layer StatusBar$_4205#132 at index 2
03-13 10:09:10.937  2105  2342 D RenderEngine: [SEC_SF_EFFECTS] drawLayersInternal,1483, Rendering layer com.sec.android.app.launcher/com.samsung.app.honeyspace.edge.edgepanel.app.CocktailBarService$_4832#46071 at index 3
03-13 10:09:10.937  2105  2342 D RenderEngine: [SEC_SF_EFFECTS] drawLayersInternal,1483, Rendering layer NavigationBar0$_4205#130 at index 4
03-13 10:09:10.951 21471 21817 W qdgralloc: getInterlacedFlag: getMetaData returned 3, defaulting to interlaced_flag = 0
03-13 10:09:11.027  3003  4343 D WindowManager: captureDisplay
03-13 10:09:11.028  3003  4343 I SurfaceComposerClient: captureLayers:childrenOnly:1, sync:0
03-13 10:09:11.035  2105  2321 I SurfaceFlinger: Capture layer list: 	 com.mcdonalds.app/com.mcdonalds.orderv2.navigation.entry_points.NavHostActivity$_21537#46211(seamlessTransition:0)
03-13 10:09:11.035  2105  2321 I SurfaceFlinger: Capture layer list: 	 StatusBar$_4205#132(seamlessTransition:0)
03-13 10:09:11.035  2105  2321 I SurfaceFlinger: Capture layer list: 	 com.sec.android.app.launcher/com.samsung.app.honeyspace.edge.edgepanel.app.CocktailBarService$_4832#46071(seamlessTransition:0)
03-13 10:09:11.035  2105  2321 I SurfaceFlinger: Capture layer list: 	 NavigationBar0$_4205#130(seamlessTransition:0)
03-13 10:09:11.036  2105  2342 D RenderEngine: [SEC_SF_EFFECTS] drawLayersInternal,1483, Rendering layer ScreenCaptureFillLayer at index 0
03-13 10:09:11.037  2105  2342 D RenderEngine: [SEC_SF_EFFECTS] drawLayersInternal,1483, Rendering layer com.mcdonalds.app/com.mcdonalds.orderv2.navigation.entry_points.NavHostActivity$_21537#46211 at index 1
03-13 10:09:11.037  2105  2342 D RenderEngine: [SEC_SF_EFFECTS] drawLayersInternal,1483, Rendering layer StatusBar$_4205#132 at index 2
03-13 10:09:11.037  2105  2342 D RenderEngine: [SEC_SF_EFFECTS] drawLayersInternal,1483, Rendering layer com.sec.android.app.launcher/com.samsung.app.honeyspace.edge.edgepanel.app.CocktailBarService$_4832#46071 at index 3
03-13 10:09:11.037  2105  2342 D RenderEngine: [SEC_SF_EFFECTS] drawLayersInternal,1483, Rendering layer NavigationBar0$_4205#130 at index 4
03-13 10:09:11.074 21471 21817 W qdgralloc: getInterlacedFlag: getMetaData returned 3, defaulting to interlaced_flag = 0
03-13 10:09:11.120  2007 12669 I sensors-hal: handle_sns_client_event:94, folding_angle ts=238151685318692 ns value 156/0 (0/0/2/2 -5.604/4.207/4.585 -5.365/3.977/6.231 9 0)
03-13 10:09:11.120  2007  3645 I sensors-hal: handle_sns_client_event:182, lid_angle_fusion ts=238151685316348 ns value 3/156/2 156/2  -1/-1     0/    0/    0 (0/0/2/2 -5.604/4.207/4.585 -5.365/3.977/6.231 9)
03-13 10:09:11.127  2097  2125 E HeatmapThread: ECT Thread time in milliseconds: 1773410951
03-13 10:09:11.128  3003  4343 D WindowManager: captureDisplay
03-13 10:09:11.128  3003  4343 I SurfaceComposerClient: captureLayers:childrenOnly:1, sync:0
03-13 10:09:11.132  2105  2321 I SurfaceFlinger: Capture layer list: 	 com.mcdonalds.app/com.mcdonalds.orderv2.navigation.entry_points.NavHostActivity$_21537#46211(seamlessTransition:0)
03-13 10:09:11.132  2105  2321 I SurfaceFlinger: Capture layer list: 	 StatusBar$_4205#132(seamlessTransition:0)
03-13 10:09:11.132  2105  2321 I SurfaceFlinger: Capture layer list: 	 com.sec.android.app.launcher/com.samsung.app.honeyspace.edge.edgepanel.app.CocktailBarService$_4832#46071(seamlessTransition:0)
03-13 10:09:11.132  2105  2321 I SurfaceFlinger: Capture layer list: 	 NavigationBar0$_4205#130(seamlessTransition:0)
03-13 10:09:11.134  2105  2342 D RenderEngine: [SEC_SF_EFFECTS] drawLayersInternal,1483, Rendering layer ScreenCaptureFillLayer at index 0
03-13 10:09:11.134  2105  2342 D RenderEngine: [SEC_SF_EFFECTS] drawLayersInternal,1483, Rendering layer com.mcdonalds.app/com.mcdonalds.orderv2.navigation.entry_points.NavHostActivity$_21537#46211 at index 1
03-13 10:09:11.134  2105  2342 D RenderEngine: [SEC_SF_EFFECTS] drawLayersInternal,1483, Rendering layer StatusBar$_4205#132 at index 2
03-13 10:09:11.135  2105  2342 D RenderEngine: [SEC_SF_EFFECTS] drawLayersInternal,1483, Rendering layer com.sec.android.app.launcher/com.samsung.app.honeyspace.edge.edgepanel.app.CocktailBarService$_4832#46071 at index 3
03-13 10:09:11.135  2105  2342 D RenderEngine: [SEC_SF_EFFECTS] drawLayersInternal,1483, Rendering layer NavigationBar0$_4205#130 at index 4
03-13 10:09:11.136  2097  2125 D HeatmapThread: !@ batteryplugType : 2
03-13 10:09:11.137  2097  2125 D HeatmapThread: !@ batteryLevel : 100  batteryTemperature : 340 
03-13 10:09:11.137  2097  2125 D HeatmapThread: !@ Heatmap currtime: 29556849
03-13 10:09:11.137  2097  2125 D HeatmapThread: !@ Heatmap prevtime: 29556830
03-13 10:09:11.137  2097  2125 D HeatmapThread: !@ Heatmap plugstarttime: 29556690
03-13 10:09:11.138  2097  2125 D HeatmapThread: !@ Heatmap prevv_dsoh_update_time: 29556840
03-13 10:09:11.138  2097  2125 E HeatmapThread: !@ CAM New BSOH: 100
03-13 10:09:11.138  2097  2125 E HeatmapThread: !@ CAM is Working
03-13 10:09:11.141 21471 21817 W qdgralloc: getInterlacedFlag: getMetaData returned 3, defaulting to interlaced_flag = 0
03-13 10:09:11.160  2007 12669 I sensors-hal: handle_sns_client_event:94, folding_angle ts=238151725324526 ns value 142/0 (0/0/2/2 -6.561/6.403/5.001 -5.231/4.001/7.786 11 0)
03-13 10:09:11.160  2007  3645 I sensors-hal: handle_sns_client_event:182, lid_angle_fusion ts=238151725324526 ns value 2/142/2 142/2  -1/-1     0/    0/    0 (0/0/2/2 -6.561/6.403/5.001 -5.231/4.001/7.786 11)
03-13 10:09:11.160  2007  3645 I sensors-hal: handle_sns_client_event:206, lid_angle_fusion submit_sensors_hal_event 2/142/2 142/2
03-13 10:09:11.160  3003  3067 D InputManager: mFoldingAngleListener: state changed, angle = 142.0, state = 1
03-13 10:09:11.165  3003  3003 D DeviceStatePolicy: notifyDeviceStateChangedIfNeeded: newState=2, lastState=3, caller=com.android.server.policy.FlexibleDeviceStatePolicy.adjustState:57 com.android.server.policy.FlexibleDeviceStateProvider.notifyDeviceStateChangedIfNeeded:90 com.android.server.policy.FlexibleDeviceStateProvider.onSensorChanged:21 
03-13 10:09:11.165  3003  3003 D DeviceStateManagerService: onStateChanged identifier = 2
03-13 10:09:11.165  3003  3003 I DeviceStateManagerService: Cannot notify device state info change when pending state is present.
03-13 10:09:11.165  3003  3067 D DeviceStateManagerService: Committing state: DeviceState{identifier=2, name='HALF_OPENED', app_accessible=true, cancel_when_requester_not_on_top=false}
03-13 10:09:11.167  3003  3067 D DeviceStateManagerGlobal: handleDeviceStateInfoChanged state=DeviceState{identifier=2, name='HALF_OPENED', app_accessible=true, cancel_when_requester_not_on_top=false}, baseState=DeviceState{identifier=2, name='HALF_OPENED', app_accessible=true, cancel_when_requester_not_on_top=false}
03-13 10:09:11.168  3003  3647 I CameraService_worker: Fold state changed, DeviceState{identifier=2, name='HALF_OPENED', app_accessible=true, cancel_when_requester_not_on_top=false}
03-13 10:09:11.168  4184  4194 D DeviceStateManagerGlobal: handleDeviceStateInfoChanged state=DeviceState{identifier=2, name='HALF_OPENED', app_accessible=true, cancel_when_requester_not_on_top=false}, baseState=DeviceState{identifier=2, name='HALF_OPENED', app_accessible=true, cancel_when_requester_not_on_top=false}
03-13 10:09:11.169  3003  3647 V CameraService_worker: Same device state has coming. skip
03-13 10:09:11.169  4271 27133 D DeviceStateManagerGlobal: handleDeviceStateInfoChanged state=DeviceState{identifier=2, name='HALF_OPENED', app_accessible=true, cancel_when_requester_not_on_top=false}, baseState=DeviceState{identifier=2, name='HALF_OPENED', app_accessible=true, cancel_when_requester_not_on_top=false}
03-13 10:09:11.169  4205  4371 D DeviceStateManagerGlobal: handleDeviceStateInfoChanged state=DeviceState{identifier=2, name='HALF_OPENED', app_accessible=true, cancel_when_requester_not_on_top=false}, baseState=DeviceState{identifier=2, name='HALF_OPENED', app_accessible=true, cancel_when_requester_not_on_top=false}
03-13 10:09:11.170  4205  4205 D FlexPanelStartController: OnDeviceStateChanged: mIsTableMode=false, isTableMode=true
03-13 10:09:11.170  4205  4205 D FlexPanelStartController: onFoldStateTableModeChanged: isTableMode=true
03-13 10:09:11.171  3003  3003 I Telecom : SamsungFoldStateManagerAdapterImpl : DeviceStateCallback - onDeviceStateChanged : DeviceState{identifier=2, name='HALF_OPENED', app_accessible=true, cancel_when_requester_not_on_top=false}
03-13 10:09:11.173  4832 14802 I HoneySpace.ExtraDisplaySource: onStateChanged, state = 2
03-13 10:09:11.173  4360  4360 I SprWallpaper|FoldInteractive: onDeviceStateChanged: newState[2]
03-13 10:09:11.173  5338  5338 I FoldStateManager: onTableModeChanged: true
03-13 10:09:11.173  5338  5338 I FoldStateManager: updateTableMode: isTableMode = true
03-13 10:09:11.173  4832 14037 I HoneySpace.ExtraDisplaySource: onStateChanged, state = 2
03-13 10:09:11.173  3003  3067 D WindowManager: onStateChanged, state=2
03-13 10:09:11.173  3003  3067 I LogicalDisplayMapper: Requesting Transition to state: 2, from state=3, interactive=true, mBootCompleted=true, wakeDevice=false, sleepDevice=false
03-13 10:09:11.173  6272  6411 D DeviceStateManagerGlobal: handleDeviceStateInfoChanged state=DeviceState{identifier=2, name='HALF_OPENED', app_accessible=true, cancel_when_requester_not_on_top=false}, baseState=DeviceState{identifier=2, name='HALF_OPENED', app_accessible=true, cancel_when_requester_not_on_top=false}
03-13 10:09:11.173  3003  3067 I LogicalDisplayMapper: Applying layout: [{dispId: 0(ON), displayGroupName: , addr: {port=131, model=0x40446d5d66246e}, mThermalBrightnessThrottlingMapId: null, mRefreshRateZoneId: null, mLeadDisplayId: -1, mLeadDisplayAddress: null, mThermalRefreshRateThrottlingMapId: null, mPowerThrottlingMapId: null}, {dispId: 1(OFF), displayGroupName: , addr: {port=132, model=0x40446d6e9178a2}, mThermalBrightnessThrottlingMapId: null, mRefreshRateZoneId: null, mLeadDisplayId: -1, mLeadDisplayAddress: null, mThermalRefreshRateThrottlingMapId: null, mPowerThrottlingMapId: null}], Previous layout: [{dispId: 0(ON), displayGroupName: , addr: {port=131, model=0x40446d5d66246e}, mThermalBrightnessThrottlingMapId: null, mRefreshRateZoneId: null, mLeadDisplayId: -1, mLeadDisplayAddress: null, mThermalRefreshRateThrottlingMapId: null, mPowerThrottlingMapId: null}, {dispId: 1(OFF), displayGroupName: , addr: {port=132, model=0x40446d6e9178a2}, mThermalBrightnessThrottlingMapId: null, mRefreshRateZoneId: null, mLeadDisplayId: -1, mLeadDisplayAddress: null, mThermalRefreshRateThrottlingMapId: null, mPowerThrottlingMapId: null}]
03-13 10:09:11.173  3003  3067 D LogicalDisplayMapper: applyLayoutLocked[0], oldDisplay=0, newDisplay=0, displayLayout={dispId: 0(ON), displayGroupName: , addr: {port=131, model=0x40446d5d66246e}, mThermalBrightnessThrottlingMapId: null, mRefreshRateZoneId: null, mLeadDisplayId: -1, mLeadDisplayAddress: null, mThermalRefreshRateThrottlingMapId: null, mPowerThrottlingMapId: null}
03-13 10:09:11.173  3003  3067 D LogicalDisplayMapper: applyLayoutLocked[1], oldDisplay=1, newDisplay=1, displayLayout={dispId: 1(OFF), displayGroupName: , addr: {port=132, model=0x40446d6e9178a2}, mThermalBrightnessThrottlingMapId: null, mRefreshRateZoneId: null, mLeadDisplayId: -1, mLeadDisplayAddress: null, mThermalRefreshRateThrottlingMapId: null, mPowerThrottlingMapId: null}
03-13 10:09:11.174  3003  3067 D VibratorManagerService: onTableModeChanged. isTableMode=true
03-13 10:09:11.175  4205  4205 D FlexPanelStartController: mTargetTask is Not Available, mTargetTask : TaskInfo{userId=0 taskId=532 effectiveUid=10023 displayId=0 isRunning=true baseIntent=Intent { act=android.intent.action.MAIN cat=[android.intent.category.LAUNCHER] flg=0x10200000 cmp=com.mcdonalds.app/com.mcdonalds.mcdcoreapp.common.activity.SplashActivity } baseActivity=ComponentInfo{com.mcdonalds.app/com.mcdonalds.homedashboard.activity.HomeDashboardActivity} topActivity=ComponentInfo{com.mcdonalds.app/com.mcdonalds.orderv2.navigation.entry_points.NavHostActivity} origActivity=null realActivity=ComponentInfo{com.mcdonalds.app/com.mcdonalds.mcdcoreapp.common.activity.SplashActivity} numActivities=2 lastActiveTime=238151741 supportsMultiWindow=false resizeMode=0 isResizeable=false minWidth=-1 minHeight=-1 maxWidth=-1 maxHeight=-1 defaultMinSize=220 desktopDefaultMinSize=304 token=WCT{android.window.IWindowContainerToken$Stub$Proxy@59e1ead} topActivityType=1 pictureInPictureParams=null shouldDockBigOverlays=false launchIntoPipHostTaskId=-1 lastParentTaskIdBeforePip=-1 displayCutoutSafeInsets=Rect(0, 0 - 0, 0) topActivityInfo=ActivityInfo{879f5e2 com.mcdonalds.orderv2.navigation.entry_points.NavHostActivity} launchCookies=[] positionInParent=Point(0, 0) parentTaskId=-1 isFocused=true isVisible=true isVisibleRequested=true isTopActivityNoDisplay=false isSleeping=false locusId=null displayAreaFeatureId=1 isTopActivityTransparent=false isActivityStackTransparent=false lastNonFullscreenBounds=Rect(81, 635 - 999, 1955) capturedLink=null capturedLinkTimestamp=0 requestedVisibleTypes=-9 topActivityRequestOpenInBrowserEducationTimestamp=0 appCompatTaskInfo=AppCompatTaskInfo { topActivityInSizeCompat=false eligibleForLetterboxEducation= false isLetterboxEducationEnabled= false isLetterboxDoubleTapEnabled= false eligibleForUserAspectRatioButton= false topActivityBoundsLetterboxed= false isFromLetterboxDoubleTap= false topActivityLetterboxVerticalPosition= -1 topActivityLetterboxHorizontalPosition= -1 topActivityLetterboxWidth=-1 topActivityLetterboxHeight=-1 topActivityAppBounds=Rect(0, 0 - 1080, 2640) isUserFullscreenOverrideEnabled=false isSystemFullscreenOverrideEnabled=false hasMinAspectRatioOverride=false topActivityLetterboxBounds=null cameraCompatTaskInfo=CameraCompatTaskInfo { freeformCameraCompatMode=inactive} topActivityBounds=null topActivityInDisplayCompat=false singleTapFromLetterbox=false} topActivityMainWindowFrame=null originallySupportedMultiWindow=false hasWallpaper=false rootAffinity=10023:com.mcdonalds.app isTopTaskInStage=false CoverLauncherWidgetTask=false LaunchedFromAppsCoverLauncherTask=false LaunchedFromMultistarCoverLauncherTask=false isAllowedSeamlessRotation=false isTopTransparentActivity=false isAliasManaged=false hasConfigChanged=false snappingGuideBounds=null isAiKeyRemoveAppTask=false lastDesktopWindowingBounds=null lastExternalDesktopWindowingBounds=null safeCutoutInsets=null}, baseActivity : ComponentInfo{com.mcdonalds.app/com.mcdonalds.homedashboard.activity.HomeDashboardActivity}, supportsMultiWindow : false
03-13 10:09:11.176  4832 14802 I HoneySpace.ExtraDisplaySource: ExtraDisplayInfo(rotation=0, displayId=1, displaySize=Point(748, 720), displayCutout=DisplayCutout{insets=Rect(0, 0 - 0, 66) waterfall=Insets{left=0, top=0, right=0, bottom=0} boundingRect={Bounds=[Rect(0, 0 - 0, 0), Rect(0, 0 - 0, 0), Rect(0, 0 - 0, 0), Rect(379, 654 - 748, 720)]} cutoutPathParserInfo={CutoutPathParserInfo{displayWidth=748 displayHeight=720 physicalDisplayWidth=748 physicalDisplayHeight=720 density={2.125} cutoutSpec={@bottom @right M 0,0 H -173.6470588235294 V -31.05882352941176 H 0 V 0 Z @dp} rotation={0} scale={1.0} physicalPixelDisplaySizeRatio={1.0}}} sideOverrides={}}, foldState=2)
03-13 10:09:11.176  4832 14802 I HoneySpace.DeviceStateUseCase: changed: THREE_BUTTON, 144, true, false, DisplayInfo(rotation=0, displayId=0, displaySize=Point(1080, 2640), displayCutout=DisplayCutout{insets=Rect(0, 94 - 0, 0) waterfall=Insets{left=0, top=0, right=0, bottom=0} boundingRect={Bounds=[Rect(0, 0 - 0, 0), Rect(505, 0 - 576, 94), Rect(0, 0 - 0, 0), Rect(0, 0 - 0, 0)]} cutoutPathParserInfo={CutoutPathParserInfo{displayWidth=1080 displayHeight=2640 physicalDisplayWidth=1080 physicalDisplayHeight=2640 density={3.0} cutoutSpec={M 0,0 H -11.83333333333333 V 31.33333333333333 H 11.83333333333333 V 0 H 0 Z @dp} rotation={0} scale={1.0} physicalPixelDisplaySizeRatio={1.0}}} sideOverrides={}}, isNavCanMove=true, isTablet=false), ExtraDisplayInfo(rotation=0, displayId=1, displaySize=Point(748, 720), displayCutout=DisplayCutout{insets=Rect(0, 0 - 0, 66) waterfall=Insets{left=0, top=0, right=0, bottom=0} boundingRect={Bounds=[Rect(0, 0 - 0, 0), Rect(0, 0 - 0, 0), Rect(0, 0 - 0, 0), Rect(379, 654 - 748, 720)]} cutoutPathParserInfo={CutoutPathParserInfo{displayWidth=748 displayHeight=720 physicalDisplayWidth=748 physicalDisplayHeight=720 density={2.125} cutoutSpec={@bottom @right M 0,0 H -173.6470588235294 V -31.05882352941176 H 0 V 0 Z @dp} rotation={0} scale={1.0} physicalPixelDisplaySizeRatio={1.0}}} sideOverrides={}}, foldState=2), false
03-13 10:09:11.176  4832 14037 I HoneySpace.ExtraDisplaySource: ExtraDisplayInfo(rotation=0, displayId=1, displaySize=Point(748, 720), displayCutout=DisplayCutout{insets=Rect(0, 0 - 0, 66) waterfall=Insets{left=0, top=0, right=0, bottom=0} boundingRect={Bounds=[Rect(0, 0 - 0, 0), Rect(0, 0 - 0, 0), Rect(0, 0 - 0, 0), Rect(379, 654 - 748, 720)]} cutoutPathParserInfo={CutoutPathParserInfo{displayWidth=748 displayHeight=720 physicalDisplayWidth=748 physicalDisplayHeight=720 density={2.125} cutoutSpec={@bottom @right M 0,0 H -173.6470588235294 V -31.05882352941176 H 0 V 0 Z @dp} rotation={0} scale={1.0} physicalPixelDisplaySizeRatio={1.0}}} sideOverrides={}}, foldState=2)
03-13 10:09:11.177  4832  4896 I HoneySpace.TopTaskSource: FoldState updated(2). updateRunningTasks
03-13 10:09:11.178  4205  4205 I KeyguardUpdateMonitor: onTableModeChanged. mIsTableMode = false, isTableMode = true
03-13 10:09:11.178  4205  4205 I SubScreenManager:  onDeviceStateChanged DeviceState{identifier=2, name='HALF_OPENED', app_accessible=true, cancel_when_requester_not_on_top=false}
03-13 10:09:11.178  4205  4205 I SubScreenManager: onDeviceStateChanged() 
03-13 10:09:11.178  4205  4205 I SubLauncher:SubLauncherStateManager@232606011: setTentMode: 3 -> 2 
03-13 10:09:11.178  4205  4205 I FoldStateManager: onTableModeChanged: true
03-13 10:09:11.178  4205  4205 I FoldStateManager: updateTableMode: isTableMode = true
03-13 10:09:11.179  4205  4205 D NavigationBarControllerImpl: setNavigationBarShortcut requestClass : com.android.wm.shell.controlpanel.activity.FlexPanelActivity, remoteViews : null, position : 0, priority : 11
03-13 10:09:11.179  4832  4898 I HoneySpace.TopTaskUseCase: topTasks 532 ComponentInfo{com.mcdonalds.app/com.mcdonalds.orderv2.navigation.entry_points.NavHostActivity}[displayId=0]
03-13 10:09:11.179  4205  4205 D RemoteViewPack: OnSetRemoteView RemoteViewShortcut(requestClass=com.android.wm.shell.controlpanel.activity.FlexPanelActivity, remoteViews=null, position=0, priority=11)
03-13 10:09:11.179  4205  4205 D NavBarStateManager: NavBarStates(0) isGameMode: false
03-13 10:09:11.200  2007 12669 I sensors-hal: handle_sns_client_event:94, folding_angle ts=238151765322703 ns value 116/0 (0/0/2/2 -5.470/5.451/4.647 -5.384/3.388/6.757 13 0)
03-13 10:09:11.200  2007  3645 I sensors-hal: handle_sns_client_event:182, lid_angle_fusion ts=238151765320880 ns value 2/116/2 116/2  -1/-1     0/    0/    0 (0/0/2/2 -5.470/5.451/4.647 -5.384/3.388/6.757 13)
03-13 10:09:11.229  3003  7241 D WindowManager: captureDisplay
03-13 10:09:11.230  3003  7241 I SurfaceComposerClient: captureLayers:childrenOnly:1, sync:0
03-13 10:09:11.236  2105  2321 I SurfaceFlinger: Capture layer list: 	 com.mcdonalds.app/com.mcdonalds.orderv2.navigation.entry_points.NavHostActivity$_21537#46211(seamlessTransition:0)
03-13 10:09:11.236  2105  2321 I SurfaceFlinger: Capture layer list: 	 StatusBar$_4205#132(seamlessTransition:0)
03-13 10:09:11.236  2105  2321 I SurfaceFlinger: Capture layer list: 	 com.sec.android.app.launcher/com.samsung.app.honeyspace.edge.edgepanel.app.CocktailBarService$_4832#46071(seamlessTransition:0)
03-13 10:09:11.236  2105  2321 I SurfaceFlinger: Capture layer list: 	 NavigationBar0$_4205#130(seamlessTransition:0)
03-13 10:09:11.238  2105  2342 D RenderEngine: [SEC_SF_EFFECTS] drawLayersInternal,1483, Rendering layer ScreenCaptureFillLayer at index 0
03-13 10:09:11.238  2105  2342 D RenderEngine: [SEC_SF_EFFECTS] drawLayersInternal,1483, Rendering layer com.mcdonalds.app/com.mcdonalds.orderv2.navigation.entry_points.NavHostActivity$_21537#46211 at index 1
03-13 10:09:11.238  2105  2342 D RenderEngine: [SEC_SF_EFFECTS] drawLayersInternal,1483, Rendering layer StatusBar$_4205#132 at index 2
03-13 10:09:11.238  2105  2342 D RenderEngine: [SEC_SF_EFFECTS] drawLayersInternal,1483, Rendering layer com.sec.android.app.launcher/com.samsung.app.honeyspace.edge.edgepanel.app.CocktailBarService$_4832#46071 at index 3
03-13 10:09:11.239  2105  2342 D RenderEngine: [SEC_SF_EFFECTS] drawLayersInternal,1483, Rendering layer NavigationBar0$_4205#130 at index 4
03-13 10:09:11.239  2007 12669 I sensors-hal: handle_sns_client_event:94, folding_angle ts=238151805325046 ns value  96/0 (0/0/2/2 -5.566/5.685/1.991 -6.647/-0.986/8.547 16 0)
03-13 10:09:11.240  2007  3645 I sensors-hal: handle_sns_client_event:182, lid_angle_fusion ts=238151805324005 ns value 2/ 96/2  96/2  -1/-1     0/    0/    0 (0/0/2/2 -5.566/5.685/1.991 -6.647/-0.986/8.547 16)
03-13 10:09:11.253 21471 21817 W qdgralloc: getInterlacedFlag: getMetaData returned 3, defaulting to interlaced_flag = 0
03-13 10:09:11.257  2007 22710 I sensors-hal: handle_sns_client_event:375, [0][182] accel_sample [-5.176,  9.595, -2.868] 238151810794213
