03-10 20:47:54.575  5993  8761 I NearbyDiscovery: (REDACTED) PureOffloadFastPairScanner: eventType=%s, isInternalReq=%s, isScanning=%s, isScanningAllowed=%s
03-10 20:47:54.575  5993  8761 I NearbyDiscovery: (REDACTED) ApFastPairScanner: isScreenOn=%s, isLocationEnabled=%s, disableLocationRequirement=%s, isDiscoveryScanningEnabled=%s, during24GhzWifiWarmingUpPeriod=%s
03-10 20:47:54.575  5993  8761 D BluetoothAdapter: isLeEnabled(): ON
03-10 20:47:54.575  5993  8761 I NearbyDiscovery: (REDACTED) ApFastPairScanner: eventType=%s, intReq=%s, scanning=%s, scanAllowed=%s, bleEnabled=%s, lockScanRate=%s, startScanningByLowPowerMode=%s
03-10 20:47:54.575  2067 13117 D AHAL: AudioDevice: SetParameters: 1564: enter: screen_state=on
03-10 20:47:54.576  2067 13117 D AHAL: AudioVoice: VoiceSetParameters: 87: Enter params: screen_state=on
03-10 20:47:54.576  2067 13117 D AHAL: AudioVoice: VoiceSetParameters: 360: Exit ret: 0
03-10 20:47:54.576  2067 13117 D AHAL: FM: fm_set_parameters: 262: Enter
03-10 20:47:54.576  2067 13117 D AHAL: FM: fm_set_parameters: 320: exit
03-10 20:47:54.576  2067 13117 D AHAL: AudioDevice: SetParameters: 1625:  - screen = on
03-10 20:47:54.576  2067 13117 I PAL: ResourceManager: setParameter: 8311: Screen State:1
03-10 20:47:54.576  2067 13117 D AHAL: AudioDevice: SetParameters: 2361: exit: screen_state=on
03-10 20:47:54.577  3163  5203 I WifiDataStallService: onCapabilitiesChanged NET_CAPABILITY_VALIDATED=true
03-10 20:47:54.577  3163  5203 I WifiDataStallService: WIFI state:true
03-10 20:47:54.577  3163  5203 I WifiDataStallService: WIFI valid state:true
03-10 20:47:54.578  3163  5203 I WifiDataStallService: on-off:false,mScreenOn:true
03-10 20:47:54.578  2064  4171 I slpi-MOT_HINGE: Hingeposture 110.0 tent:0 gpio:-1 flip:1 flat:1 b:-2.6 1.8 9.3 -125.3 92.3 -47.8 f:-2.6 9.3 0.9 -493.2 -14.3 -108.4
03-10 20:47:54.579  6932  7504 I BugleRcsEngine: Connected state: [1], networkType: [WIFI] [CONTEXT thread_id=54 ]
03-10 20:47:54.579  3163  3229 D CLI/Transition: displaygroup 0, state ON, pendingdisplaygroup -1
03-10 20:47:54.580  5625  5625 I KgdSliceProvider: The weather info has not change, does not need to be updated. mTempF=-999 iconNumber=-999 celsius=true
03-10 20:47:54.580 26976 27604 D MCLOG   : [BrightnessTrigger] onDisplayChanged displayId = 0
03-10 20:47:54.580  6932  8142 I BugleRcsEngine: handleMessage processing message:[NOTIFY_UPTIME_IGNORE_STATE_CHANGED] with [non-null]:RcsEngineImpl reference [CONTEXT log_prefix="RcsEngineImpl[DUAL_REG]:[82ee5969-a086]>Handler" thread_id=61 ]
03-10 20:47:54.581  2067 13117 D AHAL: AudioDevice: SetParameters: 1564: enter: mic_rotation=0
03-10 20:47:54.581  2067 13117 D AHAL: AudioVoice: VoiceSetParameters: 87: Enter params: mic_rotation=0
03-10 20:47:54.581  2067 13117 D AHAL: AudioVoice: VoiceSetParameters: 360: Exit ret: 0
03-10 20:47:54.581  2067 13117 D AHAL: FM: fm_set_parameters: 262: Enter
03-10 20:47:54.581  2067 13117 D AHAL: FM: fm_set_parameters: 320: exit
03-10 20:47:54.581  2067 13117 I AHAL: AudioDevice: SetParameters: 2223: mic_rotation: 0
03-10 20:47:54.581  2067 13117 D AHAL: AudioDevice: SetParameters: 2361: exit: mic_rotation=0
03-10 20:47:54.582  9859 10048 I ThermalEngine: SS:ACTIVE:SS-CPU4:cpu-cluster1=0:FUSE_TEMP=38791
03-10 20:47:54.583  7545  7545 I FileStationLog: [ FS_h$a ] - [Display] Changed display: 0
03-10 20:47:54.583  7545  7545 I FileStationLog: [ FS_h ] - [Logic] Retrieved display info: LogicDisplayInfo(width=1080, height=2640, orientation=1, rotation=0, displayId=0)
03-10 20:47:54.583  7545  7545 I FileStationLog: [ FS_h$a ] - [Display] New logical size: 1080x2640
03-10 20:47:54.584  7545  7545 I FileStationLog: [ FS_h$a ] - [Display] Screen width unchanged: 1080
03-10 20:47:54.584  3163  3231 D PanelsService: updateDefaultDisplayState: mScreenState=ON
03-10 20:47:54.584  3163  3163 I BrightnessSynchronizer: New Update: {[10352] 0.11203005(f), mUpdatedTypes=0, mConfirmedTypes=0, mTimeUpdated=0, mState=2}
03-10 20:47:54.584  3163  3231 I DeviceStateManagerService: Cannot notify device state info change when pending state is present.
03-10 20:47:54.584 26976 27604 D MCLOG   : [BrightnessManager] displayId = 0 brightness = 0.11203005 nit = 11.130085 level = br1
03-10 20:47:54.587  3163  3229 W WindowManager: All windows drawn on display -1
03-10 20:47:54.587  3163  3231 W ServiceManagerCppClient: Failed to get isDeclared for com.motorola.hardware.display.panel.IDisplayPanel/default: Status(-1, EX_SECURITY): 'SELinux denied.'
03-10 20:47:54.587  3163  3231 D DisplayPanelService: Setting panel dc mode: 0
03-10 20:47:54.587  2090  2090 I DisplayPanel: setDcMode: DC mode = OFF
03-10 20:47:54.587  2090  2090 D DisplayPanel: setParam: Success set DC to 0 for Primary display
03-10 20:47:54.588  3163  3227 D TouchHwAidlService: onStateChanged.. state=4
03-10 20:47:54.589  3163  3229 D WindowManager: finishScreenTurningOn..
03-10 20:47:54.589  3163  3229 D WindowManager: enableScreen mKeyguardDrawnOnce=true awake=true mBootMessageNeedsHiding=false
03-10 20:47:54.589  2067 13117 D AHAL: AudioDevice: SetParameters: 1564: enter: device_folded=off
03-10 20:47:54.589  2067 13117 D AHAL: AudioVoice: VoiceSetParameters: 87: Enter params: device_folded=off
03-10 20:47:54.589  2067 13117 D AHAL: AudioVoice: VoiceSetParameters: 360: Exit ret: 0
03-10 20:47:54.589  2067 13117 D AHAL: FM: fm_set_parameters: 262: Enter
03-10 20:47:54.589  2067 13117 D AHAL: FM: fm_set_parameters: 320: exit
03-10 20:47:54.589  2067 13117 D AHAL: AudioDevice: SetParameters: 2361: exit: device_folded=off
03-10 20:47:54.589  3163  3229 D CLI/SmallCLI: onDeviceLidStateChanged: state=LAPTOP
03-10 20:47:54.589  3163  3231 I LogicalDisplayMapper: Requesting Transition to state: 4, from state=1, interactive=true, mBootCompleted=true
03-10 20:47:54.589  3163  3231 I LogicalDisplayMapper: Applying layout: [{dispId: 0(ON), displayGroupName: , addr: {port=130, model=0x40446dccee101c}, mThermalBrightnessThrottlingMapId: null, mRefreshRateZoneId: null, mLeadDisplayId: -1, mLeadDisplayAddress: null, mThermalRefreshRateThrottlingMapId: null, mPowerThrottlingMapId: null}], Previous layout: [{dispId: 0(ON), displayGroupName: , addr: {port=130, model=0x40446dccee101c}, mThermalBrightnessThrottlingMapId: null, mRefreshRateZoneId: null, mLeadDisplayId: -1, mLeadDisplayAddress: null, mThermalRefreshRateThrottlingMapId: null, mPowerThrottlingMapId: null}]
03-10 20:47:54.590  5625  5669 D ShellSplitScreen: onFoldedStateChanged: folded=false
03-10 20:47:54.590  2068  6060 I vendor.qti.bluetooth@1.0-ibs_handler: ProcessIbsCmd: Received IBS_SLEEP_IND: 0xFE
03-10 20:47:54.592  5993  6885 I NullBinder: NullBinder for android.net.action.RECOMMEND_NETWORKS triggering remote TransactionTooLargeException due to Service without Chimera impl, calling uid: 1000, calling pid: 0
03-10 20:47:54.592  5993  6885 W Binder  : reply too large data on java level: InterfaceDescriptor = null, code = 1
03-10 20:47:54.592  5993  6885 W .gms.persistent: Large reply transaction of 1056768 bytes, interface descriptor , code 1
03-10 20:47:54.596  3163  4279 I CLI/Transition_Device: lid state changed: OPEN -> OPEN, device state changed to LAPTOP
03-10 20:47:54.596  3163  4279 D CLI/Rotation: Set volume keyswap sysprop for rotation 2 lidState OPEN
03-10 20:47:54.596  7091 21947 I ModemStats: [DataStallDetectService] onCapabilitiesChanged networkCapabilities=[ Transports: WIFI Capabilities: NOT_METERED&INTERNET&NOT_RESTRICTED&TRUSTED&NOT_VPN&VALIDATED&NOT_ROAMING&FOREGROUND&NOT_CONGESTED&NOT_SUSPENDED&NOT_VCN_MANAGED&NOT_BANDWIDTH_CONSTRAINED LinkUpBandwidth>=5852Kbps LinkDnBandwidth>=71207Kbps TransportInfo: <SSID: <unknown ssid>, BSSID: 02:00:00:00:00:00, MAC: 02:00:00:00:00:00, IP: /10.0.0.248, Security type: 2, Supplicant state: COMPLETED, Wi-Fi standard: 11ax, RSSI: -62, Link speed: 360Mbps, Tx Link speed: 360Mbps, Max Supported Tx Link speed: 1200Mbps, Rx Link speed: 272Mbps, Max Supported Rx Link speed: 1200Mbps, Frequency: 5785MHz, Net ID: -1, Metered hint: false, score: 60, isUsable: true, CarrierMerged: false, SubscriptionId: -1, IsPrimary: -1, Trusted: true, Restricted: false, Ephemeral: false, OEM paid: false, OEM private: false, OSU AP: false, FQDN: <none>, Provider friendly name: <none>, Requesting package name: <none><none>MLO Information: , Is TID-To-Link negotiation supported by the AP: false, AP MLD Address: <none>, AP MLO Link Id: <none>, AP MLO Affiliated links: <none>, Vendor Data: <none>> SignalStrength: -62 UnderlyingNetworks: Null]
03-10 20:47:54.596  7091 21947 I ModemStats: [DataStallDetectService] onCapabilitiesChanged NET_CAPABILITY_VALIDATED=true
03-10 20:47:54.596  7091 21947 I ModemStats: [DataStallDetectService] onCapabilitiesChanged mDataStallManager.mDataStallInstance=null
03-10 20:47:54.596  7091 21947 I ModemStats: [DataStallDetectService] onCapabilitiesChanged mDataStallSmart5gManager.mDataStallInstance=null
03-10 20:47:54.597  3163  4279 I WindowManager: updateRotationUnchecked CLI real rotation changed:3, rotation:3
03-10 20:47:54.599  3163  4279 I WindowManager: Override config changes=20000000 {1.0 ?mcc0mnc [en_US] ldltr sw111dp w210dp h111dp 280dpi smll land night mot-cli finger -keyb/v/h -nav/h winConfig={ mBounds=Rect(0, 0 - 368, 194) mAppBounds=Rect(0, 0 - 368, 194) mMaxBounds=Rect(0, 0 - 368, 194) mDisplayRotation=ROTATION_270 mWindowingMode=fullscreen mActivityType=undefined mAlwaysOnTop=undefined mRotation=ROTATION_270} ?fontWeightAdjustment ?spn ?gid} for displayId=1
03-10 20:47:54.602  3163  4279 E WindowManager: Display reconfigured outside of a transition: Display{#0 state=ON size=1080x2640 ROTATION_0}
03-10 20:47:54.604  7545  7545 I FileStationLog: [ FS_h$a ] - [Display] Changed display: 1
03-10 20:47:54.606  7545  7545 I FileStationLog: [ FS_h$a ] - [Display] Ignoring change for non-default/desktop display: 1
03-10 20:47:54.606  3163  3229 V WindowManager: Content Recording: Display 1 state was (1), is now (1), so update recording?
03-10 20:47:54.606  3163  3229 D CLI/Transition: displaygroup 1, state OFF, pendingdisplaygroup -1
03-10 20:47:54.624  6932  8142 I BugleRcsEngine: Cannot use CS.apk as it's battery optimized [CONTEXT thread_id=61 ]
03-10 20:47:54.625  3163  3231 I InputManager-JNI: Viewport [0] to add: local:4630947043778501762, isActive: true
03-10 20:47:54.626  3163  3231 I InputManager-JNI: Viewport [1] to add: local:4630947043778501763, isActive: false
03-10 20:47:54.626  5802  5818 E PhoneInterfaceManager: getCarrierPrivilegeStatusForUid: Invalid subId
03-10 20:47:54.628  3163  4285 I InputReader: Reconfiguring input devices, changes=DISPLAY_INFO
03-10 20:47:54.628  3163  4285 I InputReader: Disabling zinitix_mt (device 6) because the associated viewport is not active
03-10 20:47:54.628  3163  4285 I InputReader: Device reconfigured: id=6, name='zinitix_mt', size 194x368, orientation Rotation0, mode DISABLED, display id 1
03-10 20:47:54.628  2067 13117 D AHAL: AudioDevice: SetParameters: 1564: enter: screen_state=on
03-10 20:47:54.628  2067 13117 D AHAL: AudioVoice: VoiceSetParameters: 87: Enter params: screen_state=on
03-10 20:47:54.628  2067 13117 D AHAL: AudioVoice: VoiceSetParameters: 360: Exit ret: 0
03-10 20:47:54.628  2067 13117 D AHAL: FM: fm_set_parameters: 262: Enter
03-10 20:47:54.628  2067 13117 D AHAL: FM: fm_set_parameters: 320: exit
03-10 20:47:54.628  2067 13117 D AHAL: AudioDevice: SetParameters: 1625:  - screen = on
03-10 20:47:54.628  2067 13117 I PAL: ResourceManager: setParameter: 8311: Screen State:1
03-10 20:47:54.628  2067 13117 D AHAL: AudioDevice: SetParameters: 2361: exit: screen_state=on
03-10 20:47:54.631  3163  3231 W AccessibilityWindowsPopulator: The displayInfo of this displayId (0) called back from the surface fligner is null
03-10 20:47:54.632  7545  7545 I FileStationLog: [ FS_h$a ] - [Display] Changed display: 0
03-10 20:47:54.632  7545  7545 I FileStationLog: [ FS_h ] - [Logic] Retrieved display info: LogicDisplayInfo(width=1080, height=2640, orientation=1, rotation=0, displayId=0)
03-10 20:47:54.632  7545  7545 I FileStationLog: [ FS_h$a ] - [Display] New logical size: 1080x2640
03-10 20:47:54.632  7545  7545 I FileStationLog: [ FS_h$a ] - [Display] Screen width unchanged: 1080
03-10 20:47:54.634  5625  5669 I DisplayController: CLI display config changed. dpi:280, fontScale:1.0
03-10 20:47:54.635  5625  5669 V ShellDragAndDrop: Display changed: 1
03-10 20:47:54.637  2064  4171 D slpi    : tmd2712: Als lux: 1.80, ch0: 29, ch1: 4, scale: 1.08, atime:50.04, again:1024
03-10 20:47:54.641  9859 10047 E ThermalEngine: First running, skip
03-10 20:47:54.641  9859 10047 I ThermalEngine: Monitor:ACTIVE:OVERRIDE-CHG:internal_override=1:DETECT-STANDBY=1
03-10 20:47:54.641  9859 10047 I ThermalEngine: ACTION: override_c - Setting override_c to 1
03-10 20:47:54.641  9859 10046 I ThermalEngine: Thermal-Server: Thermal received msg from  override_c
03-10 20:47:54.642  9859 10054 I Thermal-Lib: Thermal-Lib-Client: Client request sent
03-10 20:47:54.665  9859 10047 I ThermalEngine: Monitor:ACTIVE:MON-CHG-BATT0:battery=6:BCHG_TEMP=38837
03-10 20:47:54.665  7314  7314 D MFL     : inside onPackageChanged 
03-10 20:47:54.666 11449 11470 I PackageUpdatedTask: Packages updated: [com.whatnot_mobile], mOp: 2, mUser: UserHandle{0}
03-10 20:47:54.666 11449 11470 D PackageUpdatedTask: Package updated: mOp=UPDATE packages=[com.whatnot_mobile]
03-10 20:47:54.666  6344  6641 I SQLiteCacheHelper: SqliteCacheHelper---->delete whereClause = componentName LIKE ? AND profileId = ?, whereArgs = com.whatnot_mobile/%;0;
03-10 20:47:54.666 11449 11470 I SQLiteCacheHelper: SqliteCacheHelper---->delete whereClause = componentName LIKE ? AND profileId = ?, whereArgs = com.whatnot_mobile/%;0;
03-10 20:47:54.668  3163  3249 W PackageManager: Missing required system package: com.whatsapp, but found with extended search.
03-10 20:47:54.668  3163  3249 W PackageManager: Missing required system package: com.tiktok.lite.go, but found with extended search.
03-10 20:47:54.668  3163  3249 W PackageManager: Missing required system package: com.thirdframestudios.android.expensoor, but found with extended search.
03-10 20:47:54.668  3163  3249 W PackageManager: Missing required system package: com.revolut.revolut, but found with extended search.
03-10 20:47:54.668  3163  3249 W PackageManager: Missing required system package: com.revolut.revolut, but found with extended search.
03-10 20:47:54.668  3163  3249 W PackageManager: Missing required system package: com.particlenews.newsbreak, but found with extended search.
03-10 20:47:54.668  3163  3249 W PackageManager: Missing required system package: com.opera.browser, but found with extended search.
03-10 20:47:54.668  3163  3249 W PackageManager: Missing required system package: com.lemon.lvoverseas, but found with extended search.
03-10 20:47:54.669  3163  3249 W PackageManager: Missing required system package: com.lemon.lvoverseas, but found with extended search.
03-10 20:47:54.669  3163  3249 W PackageManager: Missing required system package: com.lemon.lvoverseas, but found with extended search.
03-10 20:47:54.669  3163  3249 W PackageManager: Missing required system package: com.google.android.apps.magazines, but found with extended search.
03-10 20:47:54.669  3163  3249 W PackageManager: Missing required system package: com.google.android.apps.docs.editors.slides, but found with extended search.
03-10 20:47:54.669  3163  3249 W PackageManager: Missing required system package: com.google.android.apps.docs.editors.sheets, but found with extended search.
03-10 20:47:54.669  3163  3249 W PackageManager: Missing required system package: com.google.android.apps.docs.editors.docs, but found with extended search.
03-10 20:47:54.669  3163  3249 W PackageManager: Missing required system package: com.expedia.bookings, but found with extended search.
03-10 20:47:54.669  3163  3249 W PackageManager: Missing required system package: com.alibaba.aliexpresshd, but found with extended search.
03-10 20:47:54.670  3163  5843 W PackageManager: Missing required system package: com.whatnot_mobile, but found with extended search.
03-10 20:47:54.671  3163  5843 E PersistenceController: SettingNotFoundException: sv_custom_ai_icon_enabled
03-10 20:47:54.677  3163  7024 W PackageManager: Missing required system package: com.whatnot_mobile, but found with extended search.
03-10 20:47:54.679  3163  7023 W PackageManager: Missing required system package: com.whatnot_mobile, but found with extended search.
03-10 20:47:54.680  3163  7023 E PersistenceController: SettingNotFoundException: sv_custom_ai_icon_enabled
03-10 20:47:54.692  3163  4188 W PackageManager: Missing required system package: com.whatnot_mobile, but found with extended search.
03-10 20:47:54.706  3163  6987 W PackageManager: Missing required system package: com.whatnot_mobile, but found with extended search.
03-10 20:47:54.711  8752  8798 I TRuntime.CctTransportBackend: Making request to: https://firebaselogging-pa.googleapis.com/v1/firelog/legacy/batchlog
03-10 20:47:54.713  3163  5843 E PersistenceController: SettingNotFoundException: sv_custom_ai_icon_enabled
03-10 20:47:54.722  2064  2064 I sensors-hal: batch:206, android.sensor.light/51, period=200000000, max_latency=0
03-10 20:47:54.722  2064  2064 I sensors-hal: set_config:61, no need to adjust sample_period_ns due to reporting_mode = 2
03-10 20:47:54.722  2064  2064 I sensors-hal: send_sensor_config_request:463, dt=ambient_light: convert sample_period=200000000 to batch_period=200000
03-10 20:47:54.722  2064  2064 I sensors-hal: send_sync_sensor_request:341, send sync request
03-10 20:47:54.722  2064  2064 I sensors-hal: send_sync_sensor_request:367, wait for notification of response
03-10 20:47:54.724  2064 10031 I sensors-hal: ssc_conn_resp_cb:632, resp_value = 0
03-10 20:47:54.724  2064  2064 I sensors-hal: send_sync_sensor_request:373, takes 2 ms to receive the response with 0
03-10 20:47:54.724  2064  2064 I sensors-hal: batch:215, android.sensor.light/51, period=200000000, max_latency=0 request completed
03-10 20:47:54.724  2064 10031 I sensors-hal: handle_indication_realtime:467,  SCHED_FIFO(10) for qmi_cbk
03-10 20:47:54.724  2064 10037 I sensors-hal: handle_indication_realtime:467,  SCHED_FIFO(10) for qmi_cbk
03-10 20:47:54.726  3706  3714 I android.hardware.thermal@2.0-service.qti-v2: Sensor Name:skin1 temp: 38.83. prev severity:3. cur severity:0 New severity:0
03-10 20:47:54.727  3163  3227 D PowerManagerService: nativeReleaseSuspendBlocker name:PowerManagerService.Broadcasts duration ms: 0
03-10 20:47:54.734  3163  7023 W PackageManager: Missing required system package: com.whatnot_mobile, but found with extended search.
03-10 20:47:54.736 11449 11449 D StatsLog: LAUNCHER_ALLAPPS_COUNT
03-10 20:47:54.739 11449 11455 W System  : A resource failed to call release. 
03-10 20:47:54.739 11449 11455 W System  : A resource failed to call release. 
03-10 20:47:54.739 11449 11455 W System  : A resource failed to call release. 
03-10 20:47:54.740 11449 11455 W System  : A resource failed to call release. 
03-10 20:47:54.740 11449 11455 W System  : A resource failed to call release. 
03-10 20:47:54.740 11449 11455 W System  : A resource failed to call release. 
03-10 20:47:54.740 11449 11455 W System  : A resource failed to call release. 
03-10 20:47:54.740 11449 11455 W System  : A resource failed to call release. 
03-10 20:47:54.740 11449 11455 W System  : A resource failed to call release. 
03-10 20:47:54.741 11449 11455 W System  : A resource failed to call release. 
03-10 20:47:54.741 11449 11455 W System  : A resource failed to call release. 
03-10 20:47:54.741 11449 11455 W System  : A resource failed to call release. 
03-10 20:47:54.742 11449 11455 W System  : A resource failed to call release. 
03-10 20:47:54.742 11449 11455 W System  : A resource failed to call release. 
03-10 20:47:54.742 11449 11455 W System  : A resource failed to call release. 
03-10 20:47:54.742 11449 11455 W System  : A resource failed to call release. 
03-10 20:47:54.742 11449 11455 W System  : A resource failed to call release. 
03-10 20:47:54.742 11449 11455 W System  : A resource failed to call release. 
03-10 20:47:54.743 11449 11455 W orola.launcher3: ApkAssets: Deleting an ApkAssets object '<empty> and /data/app/~~iNN7zRr2AJXpstsB0vcizA==/com.whatnot_mobile-l6VpffhvhxKjLL9wv-RS3w==/base.apk' with 1 weak references
03-10 20:47:54.743 11449 11455 W orola.launcher3: ApkAssets: Deleting an ApkAssets object '<empty> and /data/app/~~iNN7zRr2AJXpstsB0vcizA==/com.whatnot_mobile-l6VpffhvhxKjLL9wv-RS3w==/split_config.arm64_v8a.apk' with 1 weak references
03-10 20:47:54.743 11449 11455 W orola.launcher3: ApkAssets: Deleting an ApkAssets object '<empty> and /data/app/~~iNN7zRr2AJXpstsB0vcizA==/com.whatnot_mobile-l6VpffhvhxKjLL9wv-RS3w==/split_config.en.apk' with 1 weak references
03-10 20:47:54.743 11449 11455 W orola.launcher3: ApkAssets: Deleting an ApkAssets object '<empty> and /data/app/~~iNN7zRr2AJXpstsB0vcizA==/com.whatnot_mobile-l6VpffhvhxKjLL9wv-RS3w==/split_config.xxhdpi.apk' with 1 weak references
03-10 20:47:54.757  2195  2392 I SDM     : PipeAllocSdma2::CalculatePipeNumToDedicate: num_vig: 0, num_dma: 1
03-10 20:47:54.757  2195  2392 I SDM     : DisplayBase::SetDisplayState: active 1-1 state 1-1 pending_power_state_ 0
03-10 20:47:54.758  2300  2300 D SurfaceFlinger: Finished setting power mode 2 on display 4630947043778501762
03-10 20:47:54.758  2300  2300 D RefreshRateSelector: found  TouchBoostRefreshRate: {fps=90.00 Hz, modePtr={id=4, vsyncRate=90.00 Hz, peakRefreshRate=90.00 Hz}}
03-10 20:47:54.758  2300  2300 D RefreshRateSelector: found  ScrollBoostRefreshRate: {fps=120.00 Hz, modePtr={id=0, vsyncRate=120.00 Hz, peakRefreshRate=120.00 Hz}}
03-10 20:47:54.758  2300  2300 D RefreshRateSelector: [90:120:0]: mTouchBoostRefreshRateAvailable=1, mScrollBoostRefreshRateAvailable=1, mTouchOnBlankNotBoostRefreshRateAvailable=0
03-10 20:47:54.758  2300  2300 I SurfaceFlinger: doPolicyValidationAndCorrection for Prim to {0, false, PR={p[60.00-120.00]Hz, r[24.00-120.00]Hz}, AR={p[0.00-120.00]Hz, r[0.00-120.00]Hz}} 
03-10 20:47:54.758  3163  5305 D SurfaceControl: Excessive delay in setPowerMode()
03-10 20:47:54.758  2300  2300 I SurfaceFlinger: setDesiredModeSpecsByBrightnessZone Prim brightness[0.135355 11.104072] sys[p(24~120) r(24~120)] zone[60~120] -> target[p(60~120) r(24~120)], cur[p(60~120) r(24~120)] upperLimit[30~30], intersection=1, brightnessTrigger=0
03-10 20:47:54.758  2300  2300 I SurfaceFlinger: setDesiredModeSpecsByBrightnessZone Prim done to {0, false, PR={p[60.00-120.00]Hz, r[24.00-120.00]Hz}, AR={p[0.00-120.00]Hz, r[0.00-120.00]Hz}} from {0, false, PR={p[60.00-120.00]Hz, r[24.00-120.00]Hz}, AR={p[0.00-120.00]Hz, r[0.00-120.00]Hz}}, NitUpperLimit=30 inZone=1 due to [0.135355-11.104072]
03-10 20:47:54.759  3163  5305 W ServiceManagerCppClient: Failed to get isDeclared for com.motorola.hardware.display.panel.IDisplayPanel/default: Status(-1, EX_SECURITY): 'SELinux denied.'
03-10 20:47:54.759  3163  5305 D DisplayPanelService: Setting panel dc mode: 0
03-10 20:47:54.759  2090  2090 I DisplayPanel: setDcMode: DC mode = OFF
03-10 20:47:54.759  2090  2090 D DisplayPanel: setParam: Success set DC to 0 for Primary display
03-10 20:47:54.759  3163  3352 W BoostOptController: not supported hint: 118
03-10 20:47:54.761  3163  3229 D CLI/Transition: displaygroup 0, state ON, pendingdisplaygroup -1
03-10 20:47:54.761  3163  3231 D DisplayManagerService: Ignore redundant display event 0/2 to 10310/10834
03-10 20:47:54.762  3163  3231 D DisplayManagerService: Ignore redundant display event 0/2 to 10303/14985
03-10 20:47:54.763  3163  3352 D BrightnessThermalClamper: Thermal status observer already started
03-10 20:47:54.763  2067 13117 D AHAL: AudioDevice: SetParameters: 1564: enter: screen_state=on
03-10 20:47:54.763  3163  3352 D BrightnessThermalClamper: Thermal status observer already started
03-10 20:47:54.763  2067 13117 D AHAL: AudioVoice: VoiceSetParameters: 87: Enter params: screen_state=on
03-10 20:47:54.763  2067 13117 D AHAL: AudioVoice: VoiceSetParameters: 360: Exit ret: 0
03-10 20:47:54.763  2067 13117 D AHAL: FM: fm_set_parameters: 262: Enter
03-10 20:47:54.763  2067 13117 D AHAL: FM: fm_set_parameters: 320: exit
03-10 20:47:54.763  2067 13117 D AHAL: AudioDevice: SetParameters: 1625:  - screen = on
03-10 20:47:54.763  2067 13117 I PAL: ResourceManager: setParameter: 8311: Screen State:1
03-10 20:47:54.763  2067 13117 D AHAL: AudioDevice: SetParameters: 2361: exit: screen_state=on
03-10 20:47:54.763  3163  3352 D BrightnessThermalClamper: Thermal status observer already started
03-10 20:47:54.763  3163  3352 D BrightnessThermalClamper: Thermal status observer already started
03-10 20:47:54.763  3163  3352 D BrightnessThermalClamper: Thermal status observer already started
03-10 20:47:54.763  3163  3352 I WindowManager: Display 0 turned on...
03-10 20:47:54.763 26976 27604 D MCLOG   : [BrightnessTrigger] onDisplayChanged displayId = 0
03-10 20:47:54.765  5493  5493 I WallpaperService: engine resumed
03-10 20:47:54.766  3163  3352 W PowerManagerService: Screen on took 420 ms
03-10 20:47:54.768 26976 27604 D MCLOG   : [BrightnessManager] displayId = 0 brightness = 0.11203005 nit = 11.130085 level = br1
03-10 20:47:54.768  7545  7545 I FileStationLog: [ FS_h$a ] - [Display] Changed display: 0
03-10 20:47:54.769  7545  7545 I FileStationLog: [ FS_h ] - [Logic] Retrieved display info: LogicDisplayInfo(width=1080, height=2640, orientation=1, rotation=0, displayId=0)
03-10 20:47:54.769  7545  7545 I FileStationLog: [ FS_h$a ] - [Display] New logical size: 1080x2640
03-10 20:47:54.769  7545  7545 I FileStationLog: [ FS_h$a ] - [Display] Screen width unchanged: 1080
03-10 20:47:54.770  2064  4171 I slpi-MOT_HINGE: Hingeposture 180.0 tent:0 gpio:-1 flip:1 flat:1 b:-2.5 1.3 9.4 -82.4 -145.4 13.2 f:-2.7 2.6 8.9 -369.4 -134.5 11.2
03-10 20:47:54.773  3163  3163 I BrightnessSynchronizer: New Update: {[10353] 0.11203005(f), mUpdatedTypes=0, mConfirmedTypes=0, mTimeUpdated=0, mState=2}
03-10 20:47:54.774  3163  3163 I BrightnessSynchronizer: New Update: {[10354] 0.11203005(f), mUpdatedTypes=0, mConfirmedTypes=0, mTimeUpdated=0, mState=2}
03-10 20:47:54.774  3163  3163 I BrightnessSynchronizer: New Update: {[10355] 0.11203005(f), mUpdatedTypes=0, mConfirmedTypes=0, mTimeUpdated=0, mState=2}
03-10 20:47:54.774  3163  3163 I WindowManager: Finished waking up... (groupId=0 why=ON_BECAUSE_OF_USER) pmWakeReason=WAKE_REASON_LID
03-10 20:47:54.774  2064  2064 I sensors-hal: flush:235, android.sensor.accelerometer/11
03-10 20:47:54.774  2064  2064 I sensors-hal: send_sync_sensor_request:341, send sync request
03-10 20:47:54.774  2064  2064 I sensors-hal: send_sync_sensor_request:367, wait for notification of response
03-10 20:47:54.775  2064  5194 I sensors-hal: ssc_conn_resp_cb:632, resp_value = 0
03-10 20:47:54.775  2064  2064 I sensors-hal: send_sync_sensor_request:373, takes 0 ms to receive the response with 0
03-10 20:47:54.775  2064  2064 I sensors-hal: flush:241, android.sensor.accelerometer/11 completed
03-10 20:47:54.775  2078  2078 I QTI PowerHAL: Power setMode: 6 to: 1
03-10 20:47:54.776  2078  2078 E QTI PowerHAL: Failed to acquire lock for hint_id: 10A5.
03-10 20:47:54.778  3163  3231 I DeviceStateManagerService: Cannot notify device state info change when pending state is present.
03-10 20:47:54.779  3163  3227 D TouchHwAidlService: onStateChanged.. state=5
03-10 20:47:54.779 15631 15765 I Bugle   : BroadcastReceiverAsyncWorkTracker: Acknowledging broadcast of cyxj@75b6125
03-10 20:47:54.780  3163  3231 I LogicalDisplayMapper: Requesting Transition to state: 5, from state=4, interactive=true, mBootCompleted=true
03-10 20:47:54.780  3163  3231 I LogicalDisplayMapper: Applying layout: [{dispId: 0(ON), displayGroupName: , addr: {port=130, model=0x40446dccee101c}, mThermalBrightnessThrottlingMapId: null, mRefreshRateZoneId: null, mLeadDisplayId: -1, mLeadDisplayAddress: null, mThermalRefreshRateThrottlingMapId: null, mPowerThrottlingMapId: null}], Previous layout: [{dispId: 0(ON), displayGroupName: , addr: {port=130, model=0x40446dccee101c}, mThermalBrightnessThrottlingMapId: null, mRefreshRateZoneId: null, mLeadDisplayId: -1, mLeadDisplayAddress: null, mThermalRefreshRateThrottlingMapId: null, mPowerThrottlingMapId: null}]
03-10 20:47:54.780  2064  2064 I sensors-hal: batch:206, android.sensor.magnetic_field/21, period=20000000, max_latency=0
03-10 20:47:54.780  2064  2064 I sensors-hal: set_config:57, sample_period_ns is adjusted to 20000000 based on min/max delay_ns
03-10 20:47:54.780  2064  2064 I sensors-hal: batch:215, android.sensor.magnetic_field/21, period=20000000, max_latency=0 request completed
03-10 20:47:54.780  3163  3229 D CLI/SmallCLI: onDeviceLidStateChanged: state=OPEN
03-10 20:47:54.782  2064  2064 I sensors-hal: activate:173, android.sensor.magnetic_field/21 en=1
03-10 20:47:54.782  2064  2064 I sensors-hal: get_qmi_debug_flag:239, support_qmi_debug : false
03-10 20:47:54.784  2061  2108 E minksocket: MinkIPC_QRTR_Service: client with node 1 port 7191 went down
03-10 20:47:54.785  2061  2108 E minksocket: MinkIPC_QRTR_Service: client with node 1 port 7192 went down
03-10 20:47:54.785  5625  5625 I vol.VolumeDialogImpl: mDialog.dismiss() reason: posture_changed from: com.android.systemui.volume.VolumeDialogImpl$H.handleMessage:111 displayId: 0 mShowing: false mIsAnimatingDismiss: false
03-10 20:47:54.786  2061  2108 E minksocket: MinkIPC_QRTR_Service: client with node 1 port 7193 went down
03-10 20:47:54.787  2061  2108 E minksocket: MinkIPC_QRTR_Service: client with node 1 port 7194 went down
03-10 20:47:54.787  2064  2064 E Diag_Lib: diag: Diag_LSM_Init: invoked for pid: 2064 with init_count: 0
03-10 20:47:54.787  2064  2064 E Diag_Lib: diag:failed to connect to diag socket
03-10 20:47:54.787  2064  2064 E Diag_Lib:  Diag_LSM_Init: Failed to open handle to diag driver, error = 13
03-10 20:47:54.788  2078  2078 I QTI PowerHAL: Power setMode: 6 to: 0
03-10 20:47:54.789  2064  2064 I sensors-hal: get_qmi_debug_flag:239, support_qmi_debug : false
03-10 20:47:54.790  2064 10061 I sensors-hal: handle_indication_realtime:467,  SCHED_FIFO(10) for qmi_cbk
03-10 20:47:54.791  2061  2108 E minksocket: MinkIPC_QRTR_Service: client with node 1 port 7196 went down
03-10 20:47:54.792  2061  2108 E minksocket: MinkIPC_QRTR_Service: client with node 1 port 7197 went down
03-10 20:47:54.793  2061  2108 E minksocket: MinkIPC_QRTR_Service: client with node 1 port 7198 went down
03-10 20:47:54.793  2064  2064 E Diag_Lib: diag: Diag_LSM_Init: invoked for pid: 2064 with init_count: 0
03-10 20:47:54.793  2064  2064 E Diag_Lib: diag:failed to connect to diag socket
03-10 20:47:54.793  2064  2064 E Diag_Lib:  Diag_LSM_Init: Failed to open handle to diag driver, error = 13
03-10 20:47:54.793  2064  2064 I sensors-hal: send_sensor_config_request:395, resampler is used, set resampler config
03-10 20:47:54.793  2064  2064 I sensors-hal: send_sync_sensor_request:341, send sync request
03-10 20:47:54.793  2064  2064 I sensors-hal: send_sync_sensor_request:367, wait for notification of response
03-10 20:47:54.794  3163  4279 I CLI/Transition_Device: lid state changed: OPEN -> OPEN, device state changed to OPEN
03-10 20:47:54.794  2061  2108 E minksocket: MinkIPC_QRTR_Service: client with node 1 port 7199 went down
03-10 20:47:54.794  2078  2078 I QTI PowerHAL: Power setMode: 6 to: 1
03-10 20:47:54.795  2064 10064 I sensors-hal: ssc_conn_resp_cb:632, resp_value = 0
03-10 20:47:54.795  2064  2064 I sensors-hal: send_sync_sensor_request:373, takes 1 ms to receive the response with 0
03-10 20:47:54.795  2064  2064 I sensors-hal: activate:294, mag_filter is enabled
03-10 20:47:54.795  2064  2064 I sensors-hal: activate:184, android.sensor.magnetic_field/21 en=1 completed
03-10 20:47:54.796  5493  5493 I AndroidInput: sensor listener setup
03-10 20:47:54.796  2064 10064 I sensors-hal: handle_indication_realtime:467,  SCHED_FIFO(10) for qmi_cbk
03-10 20:47:54.796  3163  4279 D CLI/Rotation: Set volume keyswap sysprop for rotation 2 lidState OPEN
03-10 20:47:54.798  2078  2078 E QTI PowerHAL: Failed to acquire lock for hint_id: 10A5.
03-10 20:47:54.798  3163  4132 W PackageManager: Missing required system package: com.google.android.apps.chromecast.app, but found with extended search.
03-10 20:47:54.799  5625  5625 D ControlsListingControllerImpl: ServiceConfig reloaded, count: 1
03-10 20:47:54.800  3163  3352 W BoostOptController: not supported hint: 118
03-10 20:47:54.801  3163  4279 E WindowManager: Display reconfigured outside of a transition: Display{#0 state=ON size=1080x2640 ROTATION_0}
03-10 20:47:54.801  3163  5853 W PackageManager: Missing required system package: com.google.android.apps.chromecast.app, but found with extended search.
03-10 20:47:54.802  3163  3352 D BrightnessThermalClamper: Thermal status observer already started
03-10 20:47:54.803  5493  5971 I AndroidGraphics: Unable to get safe area insets
03-10 20:47:54.803  5493  5971 I AndroidGraphics: resumed
03-10 20:47:54.805  2064  2064 I sensors-hal: batch:206, android.sensor.hinge_angle/362, period=200000000, max_latency=0
03-10 20:47:54.805  2064  2064 I sensors-hal: set_config:61, no need to adjust sample_period_ns due to reporting_mode = 2
03-10 20:47:54.805  2064  2064 I sensors-hal: batch:215, android.sensor.hinge_angle/362, period=200000000, max_latency=0 request completed
03-10 20:47:54.805  2064  2064 I sensors-hal: activate:173, android.sensor.hinge_angle/362 en=1
03-10 20:47:54.806  2064  2064 I sensors-hal: get_qmi_debug_flag:239, support_qmi_debug : false
03-10 20:47:54.808  2061  2108 E minksocket: MinkIPC_QRTR_Service: client with node 1 port 719b went down
03-10 20:47:54.808  5625  5625 D FreeformGesture: onStateChanged: State{mIsPackageAvailable=true, mPillGestureEnabled=false, mVibrationEnabled=true, mShortcutPanelShowing=false, mSwipeInEnabled=false, mHunFreeformEnabled=true, mIsInGameMode=false, mIsRecentsShowing=false, mIsInTutorialMode=false, mIsDoubleTapPowerEnabled=false, mIsPillMoving=false, mPillXPosition=1, mPillYPosition=388}
03-10 20:47:54.809  5625  5669 D ShellSplitScreen: onFinishedWakingUp
03-10 20:47:54.812  2064  4171 D slpi-TCS3720: ALS_REPORT lux 5.803160, ch0 3.819966-2.692996-1.128855-0.575348, scale 1.1878, fps 90, client 1
03-10 20:47:54.812  2064  4171 D slpi-TCS3720: PRX_OC info Far, Total 0, pdata 0, offset 0 step 0.63, ore 0:0 step 21.00, TH_H 1020, TH_L 0, client 0
03-10 20:47:54.813  2163  2163 D motorola.hardware.sensorext-service: handle id:13 wxh:1088x2640 uwxuh:1080x2640 size: 11489280 fd:11 fd_meta:12 flags:0x4000228 usage:0x33  format:0x1 layer_count: 1 reserved_size = 0
03-10 20:47:54.816  2195  2392 I SDM     : HWCSession::SetCWBOutputBuffer: CWB config passed by cwb_client : tappoint 1  CWB_ROI : (210.000000 26.000000 274.000000 90.000000) for display [1 0 0]
03-10 20:47:54.818  2195 10066 I SDM     : HWCDisplay::SetReadbackBuffer: CWB config from client: tap_point 1, CWB ROI Rect(210.000000 26.000000 274.000000 90.000000), PU_as_CWB_ROI 0, Cwb full rect : (0.000000 0.000000 1080.000000 2640.000000)
03-10 20:47:54.818  2195 10066 I SDM     : HWCDisplay::SetReadbackBuffer: Successfully configured the output buffer: readback_buffer_queued_ 1, readback_configured_ 0, cwb_client 3
03-10 20:47:54.818  2195 10066 I SDM     : HWCSession::ProcessRequests: Successfully configured CWB buffer.
03-10 20:47:54.818  2061  2108 E minksocket: MinkIPC_QRTR_Service: client with node 1 port 719c went down
03-10 20:47:54.819  2061  2108 E minksocket: MinkIPC_QRTR_Service: client with node 1 port 719d went down
03-10 20:47:54.819  2064  2064 E Diag_Lib: diag: Diag_LSM_Init: invoked for pid: 2064 with init_count: 0
03-10 20:47:54.819  2064  2064 E Diag_Lib: diag:failed to connect to diag socket
03-10 20:47:54.819  2064  2064 E Diag_Lib:  Diag_LSM_Init: Failed to open handle to diag driver, error = 13
03-10 20:47:54.819  2064  2064 I sensors-hal: send_sensor_config_request:463, dt=mot_hinge: convert sample_period=200000000 to batch_period=200000
03-10 20:47:54.819  2064  2064 I sensors-hal: send_sync_sensor_request:341, send sync request
03-10 20:47:54.819  2061  2108 E minksocket: MinkIPC_QRTR_Service: client with node 1 port 719e went down
03-10 20:47:54.820  2064  2064 I sensors-hal: send_sync_sensor_request:367, wait for notification of response
03-10 20:47:54.821  2064 10067 I sensors-hal: ssc_conn_resp_cb:632, resp_value = 0
03-10 20:47:54.821  2064 10067 I sensors-hal: handle_indication_realtime:467,  SCHED_FIFO(10) for qmi_cbk
03-10 20:47:54.821  2064  2064 I sensors-hal: send_sync_sensor_request:373, takes 1 ms to receive the response with 0
03-10 20:47:54.821  2064  2064 I sensors-hal: activate:184, android.sensor.hinge_angle/362 en=1 completed
03-10 20:47:54.823  5625  5625 I vol.VolumeDialogImpl: mDialog.dismiss() reason: posture_changed from: com.android.systemui.volume.VolumeDialogImpl$H.handleMessage:111 displayId: 0 mShowing: false mIsAnimatingDismiss: true
03-10 20:47:54.823  5625  5625 D vol.VolumeDialogImpl: dismissH: skipping dismiss because isAnimatingDismiss is true and showingStateInconsistent is false
03-10 20:47:54.828  3163  3231 I DisplayDeviceRepository: Display device changed: DisplayDeviceInfo{"Built-in Screen": uniqueId="local:4630947043778501762", 1080 x 2640, modeId 1, renderFrameRate 120.00001, defaultModeId 1, userPreferredModeId -1, supportedModes [{id=1, width=1080, height=2640, fps=120.00001, vsync=120.00001, synthetic=false, alternativeRefreshRates=[24.000002, 60.000004], supportedHdrTypes=[2, 3, 4]}, {id=2, width=1080, height=2640, fps=144.00002, vsync=144.00002, synthetic=false, alternativeRefreshRates=[], supportedHdrTypes=[2, 3, 4]}, {id=3, width=1080, height=2640, fps=90.0, vsync=90.0, synthetic=false, alternativeRefreshRates=[], supportedHdrTypes=[2, 3, 4]}, {id=4, width=1080, height=2640, fps=60.000004, vsync=60.000004, synthetic=false, alternativeRefreshRates=[24.000002, 120.00001], supportedHdrTypes=[2, 3, 4]}, {id=5, width=1080, height=2640, fps=30.000002, vsync=30.000002, synthetic=false, alternativeRefreshRates=[], supportedHdrTypes=[2, 3, 4]}, {id=6, width=1080, height=2640, fps=24.000002, vsync=24.000002, synthetic=false, alternativeRefreshRates=[60.000004, 120.00001], supportedHdrTypes=[2, 3, 4]}], supportedReadyForModes [], colorMode 0, supportedColorModes [0, 7, 9], hdrCapabilities HdrCapabilities{mSupportedHdrTypes=[2, 3, 4], mMaxLuminance=420.0, mMaxAverageLuminance=210.1615, mMinLuminance=0.323}, allmSupported false, gameContentTypeSupported false, density 420, 397.565 x 435.428 dpi, appVsyncOff 1000000, presDeadline 13333332, cutout DisplayCutout{insets=Rect(0, 108 - 0, 0) waterfall=Insets{left=0, top=0, right=0, bottom=0} boundingRect={Bounds=[Rect(0, 0 - 0, 0), Rect(495, 0 - 585, 108), Rect(0, 0 - 0, 0), Rect(0, 0 - 0, 0)]} cutoutPathParserInfo={CutoutPathParserInfo{displayWidth=1080 displayHeight=2640 physicalDisplayWidth=1080 physicalDisplayHeight=2640 density={2.625} cutoutSpec={M -45,0 L 45,0 L 45,108 L -45,108 Z} rotation={0} scale={1.0} physicalPixelDisplaySizeRatio={1.0}}} sideOverrides={}}, touch INTERNAL, rotation 0, type INTERNAL, address {port=130, model=0x40446dccee101c}, deviceProductInfo DeviceProductInfo{name=, manufacturerPnpId=QCM, productId=1, modelYear=null, manufactureDate=ManufactureDate{week=27, year=2006}, connectionToSinkType=0}, state ON, committedState ON, frameRateOverride {uid=10254 frameRateHz=120.00001} , brightnessMinimum 0.0, brightnessMaximum 1.0, brightnessDefault 0.38188976, hdrSdrRatio 1.0, FLAG_ALLOWED_TO_BE_DEFAULT_DISPLAY, FLAG_ROTATES_WITH_CONTENT, FLAG_SECURE, FLAG_SUPPORTS_PROTECTED_BUFFERS, FLAG_TRUSTED, installOrientation 0, displayShape DisplayShape{ spec=-1962366115 displayWidth=1080 displayHeight=2640 physicalPixelDisplaySizeRatio=1.0 rotation=0 offsetX=0 offsetY=0 scale=1.0}}
03-10 20:47:54.829  2195 10066 I SDM     : HWCSession::ProcessRequests: Pushing release fence in fenece wait queue.
03-10 20:47:54.829  2195 10066 I SDM     : HWCSession::ProcessRequests: Creating AsyncFenceWaits async thread.
03-10 20:47:54.829  2195 10066 I SDM     : HWCSession::ProcessRequests: Remove current CWB request from the pending request queue.
03-10 20:47:54.829  2195 10066 I SDM     : HWCSession::ProcessRequests: No pending cwb requests found in the queue.
03-10 20:47:54.849  2195  2269 I SDM     : HWDeviceDRM::SetupConcurrentWriteback: Tear down the Concurrent Writeback topology
03-10 20:47:54.857  2195 10068 I SDM     : HWCSession::NotifyCWBStatus: Notify the client about buffer status 0.
03-10 20:47:54.858  2195 10068 I SDM     : HWCSession::PerformFenceWaits: Remove current release fence from the pending fence wait queue.
03-10 20:47:54.858  2195 10068 I SDM     : HWCSession::PerformFenceWaits: CWB fence queue is empty. No pending release fence to wait on.
03-10 20:47:54.869  2163  2163 D SENSOREXT_ALS_COMP: FrontLight: ReportLux 0.50 (5.80-14.22), pre 1.06, dbv 2221, dc 0, fps 90, chPanel 5.18-2.57-2.40-0.89, facCal:lux_s 1.19 cha_s 1.04-1.04-1.08-1.21, RunInfo: DPB 17029-59, TF 17029-0
03-10 20:47:54.871  2064  4171 D slpi-TCS3720: ALS_REPORT lux 16.025623, ch0 8.256754-5.061341-2.970670-1.340669, scale 1.1878, fps 90, client 1
03-10 20:47:54.871  2064  4171 D slpi-TCS3720: PRX_OC info Far, Total 0, pdata 0, offset 0 step 0.63, ore 0:0 step 21.00, TH_H 1020, TH_L 0, client 0
03-10 20:47:54.872  3163  3352 V DisplayPowerController2[0]: Brightness [0.013062166] reason changing to: 'automatic', previous reason: 'manual'.
03-10 20:47:54.873  3163  3352 I DisplayPowerController2[0]: 03-10 20:47:54.872 - BrightnessEvent: disp=0, physDisp=local:4630947043778501762, displayState=ON, displayPolicy=BRIGHT, brt=0.013062166, initBrt=0.11203005, rcmdBrt=0.013062166, preBrt=NaN, lux=0.5, preLux=NaN, brtNits=3.7249222, hdrNits=NaN, initNits=11.130085, preNits=NaN, rcmdNits=3.7249222, hdrBrightness=NaN, brt(%)=2%, brtInt=4, hbmPolicy=normal, hbmMax=0.85440856, hbmMode=off, rbcStrength=50, thrmMax=1.0, powerFactor=1.0, wasShortTermModelActive=false, flags=, reason=automatic, autoBrightness=true, strategy=InvalidBrightnessStrategy, autoBrightnessMode=default
03-10 20:47:54.874  2300  4967 I SurfaceFlinger: mBrightnessDiming=1, isCli=0, mBrightnessDimingCnt=0
03-10 20:47:54.876  3163  3163 I BrightnessSynchronizer: New Update: {[10356] 0.013062166(f), mUpdatedTypes=1, mConfirmedTypes=0, mTimeUpdated=0, mState=2}
03-10 20:47:54.876  3163  3163 I BrightnessSynchronizer: [10356] New Update 0.013062166(f) set brightness values:  4(i)
03-10 20:47:54.879  3163  3163 I BrightnessSynchronizer: Swallowing update of 4(i) by update: {[10356] 0.013062166(f), mUpdatedTypes=1, mConfirmedTypes=1, mTimeUpdated=80585394, mState=2}
03-10 20:47:54.879  3163  3163 I BrightnessSynchronizer: Completed Update: {[10356] 0.013062166(f), mUpdatedTypes=1, mConfirmedTypes=1, mTimeUpdated=80585394, mState=3}
03-10 20:47:54.879  3163  3163 I BrightnessSynchronizer: New Update: {[10357] 0.013062166(f), mUpdatedTypes=0, mConfirmedTypes=0, mTimeUpdated=0, mState=2}
03-10 20:47:54.937  2064  4171 D slpi-TCS3720: ALS_REPORT lux 22.213976, ch0 10.799792-6.359940-4.083321-1.796605, scale 1.1878, fps 90, client 1
03-10 20:47:54.937  2064  4171 D slpi-TCS3720: PRX_OC info Far, Total 0, pdata 0, offset 0 step 0.63, ore 0:0 step 21.00, TH_H 1020, TH_L 0, client 0
03-10 20:47:54.946  5625  5625 W FrameTracker: Missed App frame:UNKNOWN: 12, 22275245, 33637500, CUJ=J<LOCKSCREEN_TRANSITION_FROM_AOD::MOTO_CLOCK_FACE>
03-10 20:47:54.946  5625  5625 W FrameTracker: Missed SF frame:UNKNOWN: 12, 22275245, 33637500, CUJ=J<LOCKSCREEN_TRANSITION_FROM_AOD::MOTO_CLOCK_FACE>
03-10 20:47:54.946  5625  5625 W FrameTracker: Missing HWUI jank callback for vsyncId: 22275310, CUJ=J<LOCKSCREEN_TRANSITION_FROM_AOD::MOTO_CLOCK_FACE>
03-10 20:47:54.946  5625  5625 W FrameTracker: Missed SF frame:UNKNOWN: 68, 22275359, 166002083, CUJ=J<LOCKSCREEN_TRANSITION_FROM_AOD::MOTO_CLOCK_FACE>
03-10 20:47:54.946  5625  5625 W FrameTracker: Missed SF frame:UNKNOWN: 68, 22275373, 0, CUJ=J<LOCKSCREEN_TRANSITION_FROM_AOD::MOTO_CLOCK_FACE>
03-10 20:47:54.946  5625  5625 W FrameTracker: Missing HWUI jank callback for vsyncId: 22275373, CUJ=J<LOCKSCREEN_TRANSITION_FROM_AOD::MOTO_CLOCK_FACE>
03-10 20:47:54.946  5625  5625 W FrameTracker: Missing HWUI jank callback for vsyncId: 22275426, CUJ=J<LOCKSCREEN_TRANSITION_FROM_AOD::MOTO_CLOCK_FACE>
03-10 20:47:54.946  5625  5625 W FrameTracker: Missed SF frame:UNKNOWN: 68, 22275480, 20249899, CUJ=J<LOCKSCREEN_TRANSITION_FROM_AOD::MOTO_CLOCK_FACE>
03-10 20:47:54.959  5625  5625 I KeyguardTransitionRepository: FINISHED transition: TransitionStep(from=DOZING, to=LOCKSCREEN, value=1.0, transitionState=FINISHED, ownerName=FromDozingTransitionInteractor)
03-10 20:47:55.004  2064  4171 D slpi-TCS3720: ALS_REPORT lux 19.345566, ch0 9.495809-5.609520-3.548600-1.557782, scale 1.1878, fps 90, client 1
03-10 20:47:55.004  2064  4171 D slpi-TCS3720: PRX_OC info Far, Total 0, pdata 0, offset 0 step 0.63, ore 0:0 step 21.00, TH_H 1020, TH_L 0, client 0
03-10 20:47:55.010  2163  2163 D motorola.hardware.sensorext-service: handle id:13 wxh:1088x2640 uwxuh:1080x2640 size: 11489280 fd:11 fd_meta:12 flags:0x4000228 usage:0x33  format:0x1 layer_count: 1 reserved_size = 0
03-10 20:47:55.010  2195  2386 I SDM     : HWCSession::SetCWBOutputBuffer: CWB config passed by cwb_client : tappoint 1  CWB_ROI : (210.000000 26.000000 274.000000 90.000000) for display [1 0 0]
03-10 20:47:55.011  2195 10069 I SDM     : HWCDisplay::SetReadbackBuffer: CWB config from client: tap_point 1, CWB ROI Rect(210.000000 26.000000 274.000000 90.000000), PU_as_CWB_ROI 0, Cwb full rect : (0.000000 0.000000 1080.000000 2640.000000)
03-10 20:47:55.011  2195 10069 I SDM     : HWCDisplay::SetReadbackBuffer: Successfully configured the output buffer: readback_buffer_queued_ 1, readback_configured_ 0, cwb_client 3
03-10 20:47:55.011  2195 10069 I SDM     : HWCSession::ProcessRequests: Successfully configured CWB buffer.
03-10 20:47:55.017  2195 10069 I SDM     : HWCSession::ProcessRequests: Pushing release fence in fenece wait queue.
03-10 20:47:55.018  2195 10069 I SDM     : HWCSession::ProcessRequests: Creating AsyncFenceWaits async thread.
03-10 20:47:55.018  2195 10069 I SDM     : HWCSession::ProcessRequests: Remove current CWB request from the pending request queue.
03-10 20:47:55.018  2195 10069 I SDM     : HWCSession::ProcessRequests: No pending cwb requests found in the queue.
03-10 20:47:55.023  2195  2269 I SDM     : HWDeviceDRM::SetupConcurrentWriteback: Tear down the Concurrent Writeback topology
03-10 20:47:55.026  2300  4967 I SurfaceFlinger: mBrightnessDiming=0, isCli=0, mBrightnessDimingCnt=0
03-10 20:47:55.026  2300  2300 I SurfaceFlinger: doPolicyValidationAndCorrection for Prim to {4, false, PR={p[90.00-90.00]Hz, r[24.00-90.00]Hz}, AR={p[0.00-120.00]Hz, r[0.00-120.00]Hz}} 
03-10 20:47:55.026  2300  2300 I SurfaceFlinger: setDesiredModeSpecsByBrightnessZone Prim brightness[0.039223 3.724923] sys[p(24~120) r(24~120)] zone[90~90] -> target[p(90~90) r(24~90)], cur[p(60~120) r(24~120)] upperLimit[30~10], intersection=1, brightnessTrigger=1
03-10 20:47:55.026  2300  2300 D RefreshRateSelector: constructAvailableRefreshRates: {defaultModeId=4, allowGroupSwitching=false, primaryRanges={physical=[90.00 Hz, 90.00 Hz], render=[24.00 Hz, 90.00 Hz]}, appRequestRanges={physical=[0.00 Hz, 120.00 Hz], render=[0.00 Hz, 120.00 Hz]} idleScreenConfig=nullptr} 
03-10 20:47:55.026  2300  2300 D RefreshRateSelector: primary render rates: {fps=30.00 Hz, modePtr={id=4, vsyncRate=90.00 Hz, peakRefreshRate=90.00 Hz}} {fps=45.00 Hz, modePtr={id=4, vsyncRate=90.00 Hz, peakRefreshRate=90.00 Hz}} {fps=90.00 Hz, modePtr={id=4, vsyncRate=90.00 Hz, peakRefreshRate=90.00 Hz}} , isVrrDevice? 0
03-10 20:47:55.026  2300  2300 D RefreshRateSelector: app request render rates: {fps=24.00 Hz, modePtr={id=7, vsyncRate=24.00 Hz, peakRefreshRate=24.00 Hz}} {fps=30.00 Hz, modePtr={id=5, vsyncRate=60.00 Hz, peakRefreshRate=60.00 Hz}} {fps=30.00 Hz, modePtr={id=4, vsyncRate=90.00 Hz, peakRefreshRate=90.00 Hz}} {fps=30.00 Hz, modePtr={id=6, vsyncRate=30.00 Hz, peakRefreshRate=30.00 Hz}} {fps=40.00 Hz, modePtr={id=0, vsyncRate=120.00 Hz, peakRefreshRate=120.00 Hz}} {fps=45.00 Hz, modePtr={id=4, vsyncRate=90.00 Hz, peakRefreshRate=90.00 Hz}} {fps=60.00 Hz, modePtr={id=5, vsyncRate=60.00 Hz, peakRefreshRate=60.00 Hz}} {fps=90.00 Hz, modePtr={id=4, vsyncRate=90.00 Hz, peakRefreshRate=90.00 Hz}} {fps=120.00 Hz, modePtr={id=0, vsyncRate=120.00 Hz, peakRefreshRate=120.00 Hz}} , isVrrDevice? 0
03-10 20:47:55.026  2300  2300 I RefreshRateSelector: constructAvailableRefreshRates: Found m90HzRefreshRateModeOpt at index 4
03-10 20:47:55.026  2300  2300 I RefreshRateSelector: constructAvailableRefreshRates: Found m90HzRefreshRateModeOpt at index 4
03-10 20:47:55.026  2300  2300 I RefreshRateSelector: constructAvailableRefreshRates: Found m90HzRefreshRateModeOpt at index 4
03-10 20:47:55.026  2300  2300 D RefreshRateSelector: Special render rates: [{fps=120.00 Hz, modePtr={id=0, vsyncRate=120.00 Hz, peakRefreshRate=120.00 Hz}} (1Hz)] [{fps=120.00 Hz, modePtr={id=1, vsyncRate=120.00 Hz, peakRefreshRate=120.00 Hz}} (10Hz)] 
03-10 20:47:55.026  2300  2300 D RefreshRateSelector: found  TouchBoostRefreshRate: {fps=90.00 Hz, modePtr={id=4, vsyncRate=90.00 Hz, peakRefreshRate=90.00 Hz}}
03-10 20:47:55.026  2300  2300 D RefreshRateSelector: [90:120:0]: mTouchBoostRefreshRateAvailable=1, mScrollBoostRefreshRateAvailable=0, mTouchOnBlankNotBoostRefreshRateAvailable=0
03-10 20:47:55.027  2300  2300 I RefreshRateSelector: Display 4630947043778501762 policy changed
