03-11 23:09:36.071  5625  5625 W View    : requestLayout() improperly called by com.android.systemui.util.AutoMarqueeTextView{fcb050b VFED..C.. ..S...ID 205,0-571,126 #7f0a0686 app:id/no_carrier_text} during layout: running second layout pass
03-11 23:09:36.073  6942  6942 D NfcService: MSG_APPLY_SCREEN_STATE 1
03-11 23:09:36.075  3163  3352 D PowerManagerService: handleSandman ignore 0
03-11 23:09:36.075  6942  6942 D libnfc_nci: nfcManager_doSetScreenState: state = 1 prevScreenState= 8, discovry_param = 1
03-11 23:09:36.075  2582  8068 D NxpTml  : PN54X - Write requested.....
03-11 23:09:36.075  2582  8068 D NxpTml  : PN54X - Invoking I2C Write.....
03-11 23:09:36.076  2064  2064 I sensors-hal: batch:206, android.sensor.accelerometer/11, period=200000000, max_latency=0
03-11 23:09:36.076  2064  2064 I sensors-hal: set_config:57, sample_period_ns is adjusted to 200000000 based on min/max delay_ns
03-11 23:09:36.076  2064  2064 I sensors-hal: batch:215, android.sensor.accelerometer/11, period=200000000, max_latency=0 request completed
03-11 23:09:36.078  3163  3163 I PowerManagerService: onFlip(): Face up.
03-11 23:09:36.080  2582  8068 D NxpTml  : Write errno : 6b
03-11 23:09:36.080  2582  8068 D NxpTml  : PN54X - Error in I2C Write.....
03-11 23:09:36.080  2582  8068 D NxpTml  : PN54X - Posting Fresh Write message.....
03-11 23:09:36.080  2582  8068 D NxpTml  : PN54X - Tml Writer Thread Running................
03-11 23:09:36.080  2582  8070 D NxpHal  : write error status = 0x1ff
03-11 23:09:36.080  2582  2582 D NxpHal  : write_unlocked failed - PN54X Maybe in Standby Mode - Retry
03-11 23:09:36.080  3163  3163 D TrustManagerService: refreshDeviceLockedForUser(userId=0, unlockedUser=-10000), secure=false, showingKeyguard=true, trusted=false, biometricAuthenticated=false, currentUserIsUnlocked=false, deviceLocked=false
03-11 23:09:36.080  5625  5962 D KeyguardViewMediator: updateActivityLockScreenState(true, true)
03-11 23:09:36.081  5625  5944 E FromGoneTransitionInteractor: Ignoring startTransition: This interactor asked to transition from GONE -> LOCKSCREEN, but we last transitioned to DOZING, not GONE. This should never happen - check currentTransitionInfoInternal or use filterRelevantKeyguardState before starting transitions.
03-11 23:09:36.081  5625  5944 E FromGoneTransitionInteractor: This transition would not have been ignored prior to ag/26681239, since we are FINISHED in GONE (but have since started another transition). If ignoring this transition has caused a regression, fix it by ensuring that transitions are exclusively started from the most recently started state.
03-11 23:09:36.081  5625  5669 D WindowManagerShell: onKeepClearAreasChanged: restricted={}, unrestricted={}
03-11 23:09:36.082  5625  5625 V PowerManager: wakeUp time=122067873 reason=WAKE_REASON_GESTURE details=com.android.systemui:SWIPE_UP_ON_AD by (com.android.systemui) callers=com.android.systemui.power.data.repository.PowerRepositoryImpl.wakeUp:26 com.android.systemui.power.domain.interactor.PowerInteractor.wakeUpIfDozing:51 com.android.systemui.statusbar.phone.StatusBarKeyguardViewManager.onPanelExpansionChanged$1:144 
03-11 23:09:36.082  3163  7933 I PowerGroup: Waking up power group from Dozing (groupId=1, uid=10394, reason=WAKE_REASON_GESTURE, details=com.android.systemui:SWIPE_UP_ON_AD)...
03-11 23:09:36.083  3163  7933 I PowerManagerService: Waking up from Dozing (uid=10394, reason=WAKE_REASON_GESTURE, details=com.android.systemui:SWIPE_UP_ON_AD)...
03-11 23:09:36.083  3163  3163 I WindowManager: Started waking up... (groupId=1 why=ON_BECAUSE_OF_USER) pmWakeReason=WAKE_REASON_GESTURE
03-11 23:09:36.085  3163  3352 I WindowManager: Display 1 turning on...
03-11 23:09:36.085  3163  3352 I DisplayBrightnessStrategySelector: Changing the DisplayBrightnessStrategy from ScreenOffBrightnessStrategy to InvalidBrightnessStrategy for display 1
03-11 23:09:36.085  3163  3352 E SensorManager: sensor or listener is null
03-11 23:09:36.086  2064  2064 I sensors-hal: batch:206, com.motorola.sensor.alternate_light/65959, period=250000000, max_latency=0
03-11 23:09:36.086  2064  2064 I sensors-hal: set_config:61, no need to adjust sample_period_ns due to reporting_mode = 2
03-11 23:09:36.086  2064  2064 I sensors-hal: batch:215, com.motorola.sensor.alternate_light/65959, period=250000000, max_latency=0 request completed
03-11 23:09:36.086  3163  3229 W WindowManager: All windows drawn on display 1
03-11 23:09:36.086  2064  2064 I sensors-hal: activate:173, com.motorola.sensor.alternate_light/65959 en=1
03-11 23:09:36.086  3163  3163 I WindowManager: awakenDreams callers=com.android.server.policy.PhoneWindowManager.startedWakingUp:7593 com.android.server.power.Notifier.lambda$handleEarlyInteractiveChange$0:603 com.android.server.power.Notifier.$r8$lambda$JPimfzsYkXWexBDnIhDxNZnALw4:0 com.android.server.power.Notifier$$ExternalSyntheticLambda8.run:0 android.os.Handler.handleCallback:1001 
03-11 23:09:36.086  3163  3163 I DreamManagerService: awaken by com.android.DeviceAsWebcam callingUid=1000 callingPid=3163
03-11 23:09:36.086  3163  3163 V PowerManager: userActivity when=122067877 event=0 flags=0 displayId=0 by (android) callers=android.os.PowerManager.userActivity:1487 com.android.server.dreams.DreamManagerService.requestAwakenInternal:496 com.android.server.dreams.DreamManagerService.-$$Nest$mrequestAwakenInternal:0 
03-11 23:09:36.086  2064  2064 I sensors-hal: get_qmi_debug_flag:239, support_qmi_debug : false
03-11 23:09:36.086  3163  7933 D PowerManagerService: nativeSetAutoSuspend enable:false duration ms: 2
03-11 23:09:36.087  2300  2300 D SurfaceFlinger: setDesiredDisplayModeSpecs[{0, false, PR={p[24.00-120.00]Hz, r[24.00-60.00]Hz}, AR={p[0.00-120.00]Hz, r[0.00-60.00]Hz}}]: by process 3163 uid 1000 for display 4630947043778501762
03-11 23:09:36.087  3163  7933 D PowerManagerService: nativeAcquireSuspendBlocker name:PowerManagerService.Display duration ms: 1
03-11 23:09:36.088  2061  2108 E minksocket: MinkIPC_QRTR_Service: client with node 1 port 6503 went down
03-11 23:09:36.088  2061  2108 E minksocket: MinkIPC_QRTR_Service: client with node 1 port 6504 went down
03-11 23:09:36.088  3163  3231 D CLI/Keyguard: [onKeyguardLockedStateChanged] isKeyguardLocked=true
03-11 23:09:36.088  2061  2108 E minksocket: MinkIPC_QRTR_Service: client with node 1 port 6505 went down
03-11 23:09:36.088  2064  2064 E Diag_Lib: diag: Diag_LSM_Init: invoked for pid: 2064 with init_count: 0
03-11 23:09:36.088  2061  2108 E minksocket: MinkIPC_QRTR_Service: client with node 1 port 6506 went down
03-11 23:09:36.089  2064  2064 E Diag_Lib: diag:failed to connect to diag socket
03-11 23:09:36.089  2064  2064 E Diag_Lib:  Diag_LSM_Init: Failed to open handle to diag driver, error = 13
03-11 23:09:36.089  3163  7933 D PowerManagerService: nativeSetPowerMode ret:true mode:7 enabled:true duration ms: 0
03-11 23:09:36.089  2064  2064 I sensors-hal: send_sensor_config_request:463, dt=ambient_light_1: convert sample_period=250000000 to batch_period=250000
03-11 23:09:36.089  2078  2078 I QTI PowerHAL: Power setMode: 7 to: 1
03-11 23:09:36.089  2064  2064 I sensors-hal: send_sync_sensor_request:341, send sync request
03-11 23:09:36.089  3163  3163 W BoostOptController: not supported hint: 118
03-11 23:09:36.089  2064  2064 I sensors-hal: send_sync_sensor_request:367, wait for notification of response
03-11 23:09:36.089  3163  3163 I DreamManagerService: Gently waking up from dream.
03-11 23:09:36.089  3163  3163 I DreamManagerService: stopDreamLocked. callers=com.android.server.dreams.DreamManagerService.stopDreamInternal:542 com.android.server.dreams.DreamManagerService.requestAwakenInternal:497 com.android.server.dreams.DreamManagerService.-$$Nest$mrequestAwakenInternal:0 com.android.server.dreams.DreamManagerService$BinderService.awaken:1072 com.android.server.policy.PhoneWindowManager.awakenDreams:4323 
03-11 23:09:36.090  2064 21555 I sensors-hal: ssc_conn_resp_cb:632, resp_value = 0
03-11 23:09:36.090  2078  2078 I QTI PowerHAL: Got set_interactive hint
03-11 23:09:36.090  2078  2078 I QTI PowerHAL: Got set_interactive hint on= 1, count= 1701
03-11 23:09:36.090  2582  8068 D NxpTml  : PN54X - Write requested.....
03-11 23:09:36.090  2582  8068 D NxpTml  : PN54X - Invoking I2C Write.....
03-11 23:09:36.090  3163  3231 D PanelsService: onKeyguardStateChanged.. isShowing=true
03-11 23:09:36.090  3163  3231 D TouchHwAidlService: onKeyguardStateChanged.. isShowing=true
03-11 23:09:36.091  2582  8068 I NxpNciX : len =   7 > 20020401020100
03-11 23:09:36.091  2582  8068 D NxpTml  : PN54X - I2C Write successful.....
03-11 23:09:36.091  2582  8068 D NxpTml  : PN54X - Posting Fresh Write message.....
03-11 23:09:36.091  2582  8068 D NxpTml  : PN54X - Tml Writer Thread Running................
03-11 23:09:36.091  3163  3231 W ServiceManagerCppClient: Failed to get isDeclared for com.motorola.hardware.display.panel.IDisplayPanel/default: Status(-1, EX_SECURITY): 'SELinux denied.'
03-11 23:09:36.091  3163  3231 D DisplayPanelService: Setting panel dc mode: 0
03-11 23:09:36.091  2582  8070 D NxpHal  : write successful status = 0x0
03-11 23:09:36.091  2090  2090 I DisplayPanel: setDcMode: DC mode = OFF
03-11 23:09:36.091  2090  2090 D DisplayPanel: setParam: Success set DC to 0 for Primary display
03-11 23:09:36.091  3163  3231 D PanelsService: onAwakeStateChanged.. isAwake=true
03-11 23:09:36.091  3163  3231 D TouchHwAidlService: onAwakeStateChanged.. isAwake=true
03-11 23:09:36.091  3163  3231 D TouchHwAidlService: Unregister stow sensor
03-11 23:09:36.092  2582  8059 D NxpTml  : PN54X - I2C Read successful.....
03-11 23:09:36.092  2582  8059 I NxpNciR : len =   5 > 4002020000
03-11 23:09:36.092  2064  2064 I sensors-hal: send_sync_sensor_request:373, takes 2 ms to receive the response with 0
03-11 23:09:36.092  2064  2064 I sensors-hal: activate:184, com.motorola.sensor.alternate_light/65959 en=1 completed
03-11 23:09:36.092  2582  8059 D NxpTml  : PN54X - Posting read message.....
03-11 23:09:36.092  2582  8070 D NxpHal  : read successful status = 0x0
03-11 23:09:36.092  2582  8070 D NxpHal  : phNxpNciHal_print_res_status: response status =STATUS_OK
03-11 23:09:36.092  6942  8007 D libnfc_nci: nfaDeviceManagementCallback: enter; event=0x2
03-11 23:09:36.092  6942  8007 D libnfc_nci: nfaDeviceManagementCallback: NFA_DM_SET_CONFIG_EVT
03-11 23:09:36.092  2064  2064 I sensors-hal: batch:206, android.sensor.device_orientation/271, period=66667000, max_latency=0
03-11 23:09:36.092  2064  2064 I sensors-hal: set_config:61, no need to adjust sample_period_ns due to reporting_mode = 2
03-11 23:09:36.093  2064  2064 I sensors-hal: batch:215, android.sensor.device_orientation/271, period=66667000, max_latency=0 request completed
03-11 23:09:36.093  2064  2064 I sensors-hal: activate:173, android.sensor.device_orientation/271 en=1
03-11 23:09:36.093  3163  3352 V DisplayPowerController2[1]: Brightness [0.07623032] reason changing to: 'manual', previous reason: 'screen_off'.
03-11 23:09:36.093  2064  2064 I sensors-hal: get_qmi_debug_flag:239, support_qmi_debug : false
03-11 23:09:36.093  2582  8059 D NxpTml  : PN54X - Read requested.....
03-11 23:09:36.093  2582  8059 D NxpTml  : PN54X - Invoking I2C Read.....
03-11 23:09:36.093  2582  8068 D NxpTml  : PN54X - Write requested.....
03-11 23:09:36.093  2582  8068 D NxpTml  : PN54X - Invoking I2C Write.....
03-11 23:09:36.093  3163  3352 I DisplayPowerController2[1]: 03-11 23:09:36.093 - BrightnessEvent: disp=1, physDisp=local:4630947043778501763, displayState=ON, displayPolicy=BRIGHT, brt=0.07623032, initBrt=0.0, rcmdBrt=NaN, preBrt=NaN, lux=NaN, preLux=NaN, brtNits=12.760564, hdrNits=NaN, initNits=3.3701954, preNits=NaN, rcmdNits=NaN, hdrBrightness=NaN, brt(%)=10%, brtInt=20, hbmPolicy=normal, hbmMax=0.7660316, hbmMode=off, rbcStrength=-1, thrmMax=1.0, powerFactor=1.0, wasShortTermModelActive=false, flags=invalid_lux , reason=manual, autoBrightness=true, strategy=InvalidBrightnessStrategy, autoBrightnessMode=default
03-11 23:09:36.093  2582  8068 I NxpNciX : len =   4 > 20090101
03-11 23:09:36.093  2582  8068 D NxpTml  : PN54X - I2C Write successful.....
03-11 23:09:36.093  2582  8068 D NxpTml  : PN54X - Posting Fresh Write message.....
03-11 23:09:36.094  2582  8068 D NxpTml  : PN54X - Tml Writer Thread Running................
03-11 23:09:36.094  2582  8070 D NxpHal  : write successful status = 0x0
03-11 23:09:36.094  2061  2108 E minksocket: MinkIPC_QRTR_Service: client with node 1 port 6508 went down
03-11 23:09:36.094  2061  2108 E minksocket: MinkIPC_QRTR_Service: client with node 1 port 6509 went down
03-11 23:09:36.094  3163  5308 D PowerManagerService: nativeSetPowerMode ret:false mode:9 enabled:false duration ms: 0
03-11 23:09:36.094  3163  5308 D TouchHwAidlService: setCliDisplayState: mCliScreenOff=false
03-11 23:09:36.094  3163  5308 D LocalDisplayAdapter: setDisplayPowerMode mode=2 for display=android.os.BinderProxy@433f576
03-11 23:09:36.094  2582  8059 D NxpTml  : PN54X - I2C Read successful.....
03-11 23:09:36.094  2582  8059 I NxpNciR : len =   4 > 40090100
03-11 23:09:36.094  2582  8059 D NxpTml  : PN54X - Posting read message.....
03-11 23:09:36.094  2582  8070 D NxpHal  : read successful status = 0x0
03-11 23:09:36.095  2064  2064 E Diag_Lib: diag: Diag_LSM_Init: invoked for pid: 2064 with init_count: 0
03-11 23:09:36.095  2061  2108 E minksocket: MinkIPC_QRTR_Service: client with node 1 port 650a went down
03-11 23:09:36.095  2061  2108 E minksocket: MinkIPC_QRTR_Service: client with node 1 port 650b went down
03-11 23:09:36.095  2582  8059 D NxpTml  : PN54X - Read requested.....
03-11 23:09:36.095  2064  2064 E Diag_Lib: diag:failed to connect to diag socket
03-11 23:09:36.095  2582  8059 D NxpTml  : PN54X - Invoking I2C Read.....
03-11 23:09:36.095  2064  2064 E Diag_Lib:  Diag_LSM_Init: Failed to open handle to diag driver, error = 13
03-11 23:09:36.095  2064  2064 I sensors-hal: send_sensor_config_request:463, dt=mot_disprot: convert sample_period=66667000 to batch_period=66667
03-11 23:09:36.095  2064  2064 I sensors-hal: send_sync_sensor_request:341, send sync request
03-11 23:09:36.095  2064  2064 I sensors-hal: send_sync_sensor_request:367, wait for notification of response
03-11 23:09:36.095  2723 16663 E VendorTagDescriptor: lookupTag: Tag name 'support_get_property_2_0' does not exist.
03-11 23:09:36.095  2300  2300 D SurfaceFlinger: Setting power mode 2 on display 4630947043778501763
03-11 23:09:36.096  2064 21558 I sensors-hal: ssc_conn_resp_cb:632, resp_value = 0
03-11 23:09:36.096  2064  2064 I sensors-hal: send_sync_sensor_request:373, takes 0 ms to receive the response with 0
03-11 23:09:36.096  6942  8007 D libnfc_nci: nfaDeviceManagementCallback: enter; event=0xB
03-11 23:09:36.096  6942  8007 D libnfc_nci: nfaDeviceManagementCallback: NFA_DM_SET_POWER_SUB_STATE_EVT; status=0x0
03-11 23:09:36.096  2064  2064 I sensors-hal: activate:184, android.sensor.device_orientation/271 en=1 completed
03-11 23:09:36.098  2064  2064 I sensors-hal: batch:206, com.motorola.sensor.stowed/65568, period=200000000, max_latency=0
03-11 23:09:36.098  2064  2064 I sensors-hal: set_config:61, no need to adjust sample_period_ns due to reporting_mode = 2
03-11 23:09:36.098  2064  2064 I sensors-hal: batch:215, com.motorola.sensor.stowed/65568, period=200000000, max_latency=0 request completed
03-11 23:09:36.098  6942  6942 D NfcService: MSG_APPLY_SCREEN_STATE 4
03-11 23:09:36.098  3163  3231 W AlarmManager: Unrecognized alarm listener com.motorola.server.display.TouchHwAidlService$AlarmListenerImpl@de23d8f
03-11 23:09:36.098  3163  3227 D TouchHwAidlService: enableGestureStowMode stowed: false
03-11 23:09:36.098  3163  3231 I DisplayDeviceRepository: Display device changed state: "HDMI Screen", ON
03-11 23:09:36.098  2106  2106 I motorola.hardware.display.touch-service: Setting stow gesture mode to 0 for panel 1
03-11 23:09:36.099  2300  2300 I Scheduler: Display 4630947043778501763 is the pacesetter
03-11 23:09:36.099  3163  3227 D TouchHwAidlService: setStowGestureMode for cli stowed=false ret=0
03-11 23:09:36.099  3163  3352 D BrightnessThermalClamper: Thermal status observer already started
03-11 23:09:36.099  3163  3231 I InputManager-JNI: Viewport [0] to add: local:4630947043778501762, isActive: false
03-11 23:09:36.099  3163  3231 I InputManager-JNI: Viewport [1] to add: local:4630947043778501763, isActive: true
03-11 23:09:36.100  3163  7933 W UserManagerService: Requested status bar icon for non-badged user 0
03-11 23:09:36.100  3163  3227 D TouchHwAidlService: updateCliDisplayState: mCliScreenOn=true
03-11 23:09:36.100  3163  3163 I BrightnessSynchronizer: New Update: {[13913] 0.12326593(f), mUpdatedTypes=0, mConfirmedTypes=0, mTimeUpdated=0, mState=2}
03-11 23:09:36.101  3163  7933 E WindowManager: Dream packageName does not match active dream. Package com.dolby.daxservice does not match ComponentInfo{com.android.systemui/com.android.systemui.doze.DozeService}
03-11 23:09:36.101  2300  2300 I Scheduler: promotePacesetterDisplayLocked, mAcceptScrollEvent=1
03-11 23:09:36.101  2300  2300 I Scheduler: promotePacesetterDisplayLocked, mAcceptTouchNotBoostEvent=0
03-11 23:09:36.101  3163  3229 V WindowManager: Content Recording: Display 1 state was (1), is now (2), so update recording?
03-11 23:09:36.101  3163  3229 D CLI/Transition: displaygroup 1, state ON, pendingdisplaygroup -1
03-11 23:09:36.101  5625  5962 V PowerManager: userActivity when=122067892 event=0 flags=0 displayId=1 by (com.android.systemui) callers=com.android.systemui.keyguard.KeyguardViewMediator$$ExternalSyntheticLambda0.run:63 java.util.concurrent.ThreadPoolExecutor.runWorker:1145 java.util.concurrent.ThreadPoolExecutor$Worker.run:644 
03-11 23:09:36.101  3163  3229 I DisplayDevice: [1] Layerstack set to 1 for local:4630947043778501763 mDisplayToken=android.os.BinderProxy@433f576 t=Transaction{mNativeObject=-5476376673043392304, mHashCode=0}
03-11 23:09:36.102  3163  3202 E WindowManager: Dream packageName does not match active dream. Package io.appium.settings does not match ComponentInfo{com.android.systemui/com.android.systemui.doze.DozeService}
03-11 23:09:36.102  3163  7474 E WindowManager: Dream packageName does not match active dream. Package com.motorola.launcher3 does not match ComponentInfo{com.android.systemui/com.android.systemui.doze.DozeService}
03-11 23:09:36.102  3163  4285 I InputReader: Reconfiguring input devices, changes=DISPLAY_INFO
03-11 23:09:36.102  3163  4285 I InputReader: Disabling goodix_ts (device 7) because the associated viewport is not active
03-11 23:09:36.102  3163  4285 I InputReader: Device reconfigured: id=6, name='zinitix_mt', size 194x368, orientation Rotation0, mode DIRECT, display id 1
03-11 23:09:36.102  3163  3231 D PanelsService: updateCliDisplayState: mCliScreenState=ON
03-11 23:09:36.103  3163  5216 E WindowManager: Dream packageName does not match active dream. Package com.google.android.ext.services does not match ComponentInfo{com.android.systemui/com.android.systemui.doze.DozeService}
03-11 23:09:36.103  3163  7471 E WindowManager: Dream packageName does not match active dream. Package com.motorola.livewallpaper3.prebuilt.vanilla_reflection does not match ComponentInfo{com.android.systemui/com.android.systemui.doze.DozeService}
03-11 23:09:36.104  3163  5843 E WindowManager: Dream packageName does not match active dream. Package com.google.android.gsf does not match ComponentInfo{com.android.systemui/com.android.systemui.doze.DozeService}
03-11 23:09:36.104  3163  5843 E WindowManager: Dream packageName does not match active dream. Package com.google.android.gms does not match ComponentInfo{com.android.systemui/com.android.systemui.doze.DozeService}
03-11 23:09:36.104  3163  6909 E WindowManager: Dream packageName does not match active dream. Package com.google.android.inputmethod.latin does not match ComponentInfo{com.android.systemui/com.android.systemui.doze.DozeService}
03-11 23:09:36.104  2300  2300 D SurfaceFlinger: Setting desired display mode specs: {0, false, PR={p[24.00-120.00]Hz, r[24.00-120.00]Hz}, AR={p[0.00-120.00]Hz, r[0.00-120.00]Hz}} for display 4630947043778501763
03-11 23:09:36.104  3163  5843 E WindowManager: Dream packageName does not match active dream. Package com.motorola.mobiledesktop does not match ComponentInfo{com.android.systemui/com.android.systemui.doze.DozeService}
03-11 23:09:36.104  2300  2300 I SurfaceFlinger: Switching to Scheduler preferred mode 0 (60.00 Hz) for display 4630947043778501763
03-11 23:09:36.104  2300  2300 W ComposerExtn: DisplayExtnImpl::SetActiveConfig: HWC Display 2 is not registered!
03-11 23:09:36.104  2300  2300 D DisplayModeController: setDesiredMode 4630947043778501763 {mode={fps=60.00 Hz, modePtr={id=0, vsyncRate=60.00 Hz, peakRefreshRate=60.00 Hz}}, emitEvent=true, force=false}
03-11 23:09:36.105  3163  6016 E WindowManager: Dream packageName does not match active dream. Package com.motorola.motocare does not match ComponentInfo{com.android.systemui/com.android.systemui.doze.DozeService}
03-11 23:09:36.105  3163  7471 E WindowManager: Dream packageName does not match active dream. Package com.ring.neighborhoods does not match ComponentInfo{com.android.systemui/com.android.systemui.doze.DozeService}
03-11 23:09:36.105  3163  7479 W BoostOptController: not supported hint: 118
03-11 23:09:36.106  2195  2386 I SDM     : DisplayBase::SetDisplayState: Set state = 1, display 76-0, teardown = 0
03-11 23:09:36.106  5625  5625 D KeyguardViewMediator: KeyguardViewMediator queue processing message: SHOW
03-11 23:09:36.106  3163  3231 W ServiceManagerCppClient: Failed to get isDeclared for com.motorola.hardware.display.panel.IDisplayPanel/default: Status(-1, EX_SECURITY): 'SELinux denied.'
03-11 23:09:36.106  3163  3231 D DisplayPanelService: Setting panel dc mode: 0
03-11 23:09:36.106  2195  2386 I SDM     : HWDeviceDRM::NullCommit: Null commit succeeded crtc=203
03-11 23:09:36.106  7545  7545 I FileStationLog: [ FS_h$a ] - [Display] Changed display: 1
03-11 23:09:36.106  2090  2090 I DisplayPanel: setDcMode: DC mode = OFF
03-11 23:09:36.107  2090  2090 D DisplayPanel: setParam: Success set DC to 0 for Primary display
03-11 23:09:36.107  3163  5853 E WindowManager: Dream packageName does not match active dream. Package com.motorola.mobiledesktop.core does not match ComponentInfo{com.android.systemui/com.android.systemui.doze.DozeService}
03-11 23:09:36.109  6942  6942 D libnfc_nci: nfcManager_doSetScreenState: state = 4 prevScreenState= 1, discovry_param = 1
03-11 23:09:36.109  3163  5216 I DreamManagerService: startDozing by com.android.systemui callingUid=10394 callingPid=5625
03-11 23:09:36.109  3163  5216 D DreamManagerService: Dream requested to start dozing: android.os.Binder@c426cb4, screenState=2, screenBrightness=-1, reason=DREAM_MANAGER_LID_SWITCH
03-11 23:09:36.109  2582  8068 D NxpTml  : PN54X - Write requested.....
03-11 23:09:36.109  2582  8068 D NxpTml  : PN54X - Invoking I2C Write.....
03-11 23:09:36.109  2582  8068 I NxpNciX : len =   4 > 20090102
03-11 23:09:36.109  2582  8068 D NxpTml  : PN54X - I2C Write successful.....
03-11 23:09:36.109  2582  8068 D NxpTml  : PN54X - Posting Fresh Write message.....
03-11 23:09:36.109  2582  8068 D NxpTml  : PN54X - Tml Writer Thread Running................
03-11 23:09:36.109  2582  8070 D NxpHal  : write successful status = 0x0
03-11 23:09:36.110  2582  8059 D NxpTml  : PN54X - I2C Read successful.....
03-11 23:09:36.110  2582  8059 I NxpNciR : len =   4 > 40090100
03-11 23:09:36.110  2582  8059 D NxpTml  : PN54X - Posting read message.....
03-11 23:09:36.110 10834 10834 I PkDeviceHelper: PkDeviceHelper.refreshDevices():93 refreshing devices
03-11 23:09:36.111  3163  4132 E WindowManager: Dream packageName does not match active dream. Package com.motorola.mobiledesktop.core does not match ComponentInfo{com.android.systemui/com.android.systemui.doze.DozeService}
03-11 23:09:36.112  5625  5625 D SCliNotificationListener: onNotificationListUpdate: [com.android.systemui.statusbar.notification.collection.GroupEntry@218c9c2]
03-11 23:09:36.112  5689  5689 E DPMJ    : |SERVICE| sendScreenState state  falseand int value 0
03-11 23:09:36.112  7545  7545 I FileStationLog: [ FS_h$a ] - [Display] Ignoring change for non-default/desktop display: 1
03-11 23:09:36.113  2582  8070 D NxpHal  : read successful status = 0x0
03-11 23:09:36.113  2582  8059 D NxpTml  : PN54X - Read requested.....
03-11 23:09:36.113  2582  8059 D NxpTml  : PN54X - Invoking I2C Read.....
03-11 23:09:36.113  6942  8007 D libnfc_nci: nfaDeviceManagementCallback: enter; event=0xB
03-11 23:09:36.113  6942  8007 D libnfc_nci: nfaDeviceManagementCallback: NFA_DM_SET_POWER_SUB_STATE_EVT; status=0x0
03-11 23:09:36.115  6978  6978 I Smart5G : [Smart5GService] receive action: android.intent.action.SCREEN_OFF
03-11 23:09:36.115  2582  8068 D NxpTml  : PN54X - Write requested.....
03-11 23:09:36.115  2582  8068 D NxpTml  : PN54X - Invoking I2C Write.....
03-11 23:09:36.115  2582  8068 I NxpNciX : len =   7 > 20020401020100
03-11 23:09:36.115  5493  6013 W HWUI    : Surface doesn't have any previously queued frames, nothing to readback from
03-11 23:09:36.115  2582  8068 D NxpTml  : PN54X - I2C Write successful.....
03-11 23:09:36.115  2582  8068 D NxpTml  : PN54X - Posting Fresh Write message.....
03-11 23:09:36.115  2582  8068 D NxpTml  : PN54X - Tml Writer Thread Running................
03-11 23:09:36.115  2582  8070 D NxpHal  : write successful status = 0x0
03-11 23:09:36.116  2582  8059 D NxpTml  : PN54X - I2C Read successful.....
03-11 23:09:36.116  2582  8059 I NxpNciR : len =   5 > 4002020000
03-11 23:09:36.116  2582  8059 D NxpTml  : PN54X - Posting read message.....
03-11 23:09:36.116  2582  8070 D NxpHal  : read successful status = 0x0
03-11 23:09:36.116  2582  8070 D NxpHal  : phNxpNciHal_print_res_status: response status =STATUS_OK
03-11 23:09:36.117  2582  8059 D NxpTml  : PN54X - Read requested.....
03-11 23:09:36.117  2582  8059 D NxpTml  : PN54X - Invoking I2C Read.....
03-11 23:09:36.117  6942  8007 D libnfc_nci: nfaDeviceManagementCallback: enter; event=0x2
03-11 23:09:36.117  6942  8007 D libnfc_nci: nfaDeviceManagementCallback: NFA_DM_SET_CONFIG_EVT
03-11 23:09:36.121  5625  5625 D KeyguardViewMediator: KeyguardViewMediator queue processing message: NOTIFY_FINISHED_GOING_TO_SLEEP
03-11 23:09:36.124  3163  3231 W AccessibilityWindowsPopulator: The displayInfo of this displayId (0) called back from the surface fligner is null
03-11 23:09:36.126 10834 16753 I DeviceStatusMonitor: DeviceStatusMonitor.handleBroadcast():138 onReceive() : Action = android.intent.action.SCREEN_OFF
03-11 23:09:36.126  2064  2064 I sensors-hal: batch:206, com.motorola.sensor.stowed/65568, period=200000000, max_latency=0
03-11 23:09:36.126  2064  2064 I sensors-hal: set_config:61, no need to adjust sample_period_ns due to reporting_mode = 2
03-11 23:09:36.126  2064  2064 I sensors-hal: batch:215, com.motorola.sensor.stowed/65568, period=200000000, max_latency=0 request completed
03-11 23:09:36.126 10834 16753 I DeviceStatusMonitor: DeviceStatusMonitor.updateCountryInfo():154 updateCountryInfo(), notifyAnyway = false
03-11 23:09:36.127  3163  3231 W AccessibilityWindowsPopulator: The displayInfo of this displayId (0) called back from the surface fligner is null
03-11 23:09:36.127  5625  5625 V DreamService[DozeService]: wakeUp(): fromSystem=true, mWaking=false, mFinished=false callers=android.service.dreams.DreamService.-$$Nest$mwakeUp:0 android.service.dreams.DreamService$DreamServiceWrapper.lambda$wakeUp$1:1794 android.service.dreams.DreamService$DreamServiceWrapper.$r8$lambda$SFP-NasoKFNaaOvKHyJqrl_aPt8:0 android.service.dreams.DreamService$DreamServiceWrapper$$ExternalSyntheticLambda3.run:0 android.os.Handler.handleCallback:1001 
03-11 23:09:36.127  5625  5625 V DreamService[DozeService]: finish(): mFinished=false activity=null callers=android.service.dreams.DreamService.onWakeUp:1197 android.service.dreams.DreamService.wakeUp:1360 android.service.dreams.DreamService.-$$Nest$mwakeUp:0 android.service.dreams.DreamService$DreamServiceWrapper.lambda$wakeUp$1:1794 android.service.dreams.DreamService$DreamServiceWrapper.$r8$lambda$SFP-NasoKFNaaOvKHyJqrl_aPt8:0 
03-11 23:09:36.127  3163  6016 I DreamManagerService: finishSelf by com.android.systemui callingUid=10394 callingPid=5625
03-11 23:09:36.127  3163  6016 D DreamManagerService: Dream finished: android.os.Binder@c426cb4, immediate=true
03-11 23:09:36.127  3163  6016 I DreamManagerService: Leaving dreamland.
03-11 23:09:36.127  3163  4132 D CoreBackPreview: Window{e1d6d9e u0 NotificationShade}: Setting back callback OnBackInvokedCallbackInfo{mCallback=android.window.IOnBackInvokedCallback$Stub$Proxy@7bb2b4d, mPriority=0, mIsAnimationCallback=false}
03-11 23:09:36.128  3163  6016 I DreamManagerService: stopDreamLocked. callers=com.android.server.dreams.DreamManagerService.finishSelfInternal:514 com.android.server.dreams.DreamManagerService.-$$Nest$mfinishSelfInternal:0 com.android.server.dreams.DreamManagerService$BinderService.finishSelf:1092 android.service.dreams.IDreamManager$Stub.onTransact:292 android.os.Binder.execTransactInternal:1520 
03-11 23:09:36.128 10834 10834 I Module  : DeviceLockedStatusModuleProvider$Module.updateDeviceLockedStatus():103 repeatCheckTimes = 0, locked = false
03-11 23:09:36.128  3163  3227 I DreamController: Stopping dream: name=ComponentInfo{com.android.systemui/com.android.systemui.doze.DozeService}, isPreviewMode=false, canDoze=true, userId=0, reason='finished self'(from 'request awaken')
03-11 23:09:36.128 10834 10834 I InputBundle: InputBundle.consumeEvent():1029 Skip consuming an event as imeStatus is INACTIVE
03-11 23:09:36.128  5625  5625 I Channel.Remote: [de8362611079428da312381e6bb8b50c|com.motorola.personalize] Keep channel connection alive true by 4
03-11 23:09:36.129  5493  6013 W HWUI    : Surface doesn't have any previously queued frames, nothing to readback from
03-11 23:09:36.130  5625  5625 D KeyguardViewMediator: KeyguardViewMediator queue processing message: NOTIFY_STARTED_WAKING_UP
03-11 23:09:36.130  3163  5843 W AccessibilityWindowsPopulator: The displayInfo of this displayId (0) called back from the surface fligner is null
03-11 23:09:36.131  5625  5625 I vol.VolumeDialogImpl: mDialog.dismiss() reason: screen_off from: com.android.systemui.volume.VolumeDialogImpl$10.onScreenOff:4 displayId: 0 mShowing: false mIsAnimatingDismiss: true
03-11 23:09:36.131  5625  5625 D vol.VolumeDialogImpl: dismissH: skipping dismiss because isAnimatingDismiss is true and showingStateInconsistent is false
03-11 23:09:36.131 15389 15389 I OverviewComponentObserver: updateOverviewTargets: mIsHomeDisabled=true, isDefaultHomeNull=false, mIsDefaultHome=true
03-11 23:09:36.132  5625  5962 D KeyguardViewMediator: updateActivityLockScreenState(true, false)
03-11 23:09:36.135  3163  5216 D FileUtils: Rounded bytes from 7725268992 to 8000000000
03-11 23:09:36.136  5625  5625 V DreamService[DozeService]: finish(): mFinished=true activity=null callers=com.android.systemui.doze.DozeMachine$Service$Delegate.finish:3 com.android.systemui.doze.DozeMachine$Service$Delegate.finish:3 com.android.systemui.doze.DozeMachine.transitionTo:557 com.android.systemui.doze.DozeMachine.transitionTo:659 com.android.systemui.doze.DozeMachine.requestState:10 
03-11 23:09:36.137  7545  7545 I FileStationLog: [ FileStationManager ] - screenIsOn: false, hasWindowShowed: false
03-11 23:09:36.138  7545  7545 I MotoDesktopLog: [ FileStationLog ] - broadcastMessage - cmd : 2008
03-11 23:09:36.138  2064  2064 I sensors-hal: activate:173, com.motorola.sensor.glance/65658 en=0
03-11 23:09:36.138  2064  2064 I sensors-hal: deactivate:166, deactivate glance 65548
03-11 23:09:36.139  2061  2108 E minksocket: MinkIPC_QRTR_Service: client with node 1 port 6502 went down
03-11 23:09:36.139  2064  2064 I sensors-hal: activate:184, com.motorola.sensor.glance/65658 en=0 completed
03-11 23:09:36.140  2064 21558 I sensors-hal: handle_indication_realtime:467,  SCHED_FIFO(10) for qmi_cbk
03-11 23:09:36.140  2064 21558 E sensors-hal: handle_sns_client_event:62, mot_disprot_event: now=214932044713534 ts=214931971456087, type=0, status=3
03-11 23:09:36.141  3163  3229 W BoostOptController: not supported hint: 118
03-11 23:09:36.141  3163  3229 D CLI/Rotation: Set volume keyswap sysprop for rotation 0 lidState CLOSED
03-11 23:09:36.144  2064  2064 I sensors-hal: activate:173, com.motorola.sensor.ltv/65738 en=0
03-11 23:09:36.145  2061  2108 E minksocket: MinkIPC_QRTR_Service: client with node 1 port 64fd went down
03-11 23:09:36.145  2064  2064 I sensors-hal: activate:184, com.motorola.sensor.ltv/65738 en=0 completed
03-11 23:09:36.146  7540 15541 I BatteryCare: [SmartBackground] [DGMC::AccelerateSmartCleanReceiver] action received: android.intent.action.SCREEN_OFF
03-11 23:09:36.148  3163  5215 I MR2ServiceImpl: Updating composite discovery preference | preference: RouteDiscoveryRequest{ preferredFeatures={}, activeScan=false }, active routers: []
03-11 23:09:36.148  5625  5625 D SCliNotificationListener: onNotificationListUpdate: [com.android.systemui.statusbar.notification.collection.GroupEntry@218c9c2]
03-11 23:09:36.151  3163  3163 D MotoFaceProvider: Receive screen off intent
03-11 23:09:36.152  5625  5625 V DreamService[DozeService]: detach(): Calling onDreamingStopped()
03-11 23:09:36.152  5625  5625 V DreamService[DozeService]: onDreamingStopped()
03-11 23:09:36.152  5625  5625 V DreamService[DozeService]: detach(): mActivity=null mActivity.isFinishing()=false
03-11 23:09:36.152  5625  5625 V DreamService[DozeService]: finish(): mFinished=true activity=null callers=android.service.dreams.DreamService.detach:1492 android.service.dreams.DreamService.-$$Nest$mdetach:0 android.service.dreams.DreamService$DreamServiceWrapper.$r8$lambda$1LeV6PgvJQarx7-tBMQHBSWLLCM:0 android.service.dreams.DreamService$DreamServiceWrapper$$ExternalSyntheticLambda1.run:0 android.os.Handler.handleCallback:1001 
03-11 23:09:36.152  3163  4132 D SystemServerTiming: getUserSwitchability-0
03-11 23:09:36.152 15389 15389 D StateManager: goToState - fromState: Normal, toState: Normal, partial trace:
03-11 23:09:36.152 15389 15389 D StateManager: 	at com.android.launcher3.Launcher.onScreenOnChanged(Launcher.java:3017)
03-11 23:09:36.152 15389 15389 D StateManager: 	at com.android.launcher3.Launcher$$ExternalSyntheticLambda25.onScreenOnChanged(D8$$SyntheticClass:0)
03-11 23:09:36.152 15389 15389 D StateManager: 	at com.android.launcher3.util.ScreenOnTracker.lambda$dispatchScreenOnChanged$0(ScreenOnTracker.java:67)
03-11 23:09:36.152  3163  4132 D SystemServerTiming: TM.isInCall
03-11 23:09:36.153  5625  5625 V DreamService[DozeService]: onDestroy()
03-11 23:09:36.153  5625  5625 V DreamService[DozeService]: detach(): mActivity=null mActivity.isFinishing()=false
03-11 23:09:36.153  5625  5625 V DreamService[DozeService]: finish(): mFinished=true activity=null callers=android.service.dreams.DreamService.detach:1492 android.service.dreams.DreamService.onDestroy:1385 com.android.systemui.doze.DozeService.onDestroy:8 android.app.ActivityThread.handleStopService:5307 android.app.ActivityThread.-$$Nest$mhandleStopService:0 
03-11 23:09:36.154  3163  4132 D SystemServerTiming: hasUserRestriction-DISALLOW_USER_SWITCH
03-11 23:09:36.154  3163  4132 D SystemServerTiming: getInt-ALLOW_USER_SWITCHING_WHEN_SYSTEM_USER_LOCKED
03-11 23:09:36.154  3163  4132 D SystemServerTiming: isUserUnlocked-USER_SYSTEM
03-11 23:09:36.158  3163  8301 D SystemServerTiming: getUserSwitchability-0
03-11 23:09:36.158  3163  8301 D SystemServerTiming: TM.isInCall
03-11 23:09:36.158  5625  5692 I Channel.Remote: [binder:5625_3] [de8362611079428da312381e6bb8b50c|com.motorola.personalize][849] received remote channel service seq:849 results
03-11 23:09:36.158  3163  8301 D SystemServerTiming: hasUserRestriction-DISALLOW_USER_SWITCH
03-11 23:09:36.158  3163  8301 D SystemServerTiming: getInt-ALLOW_USER_SWITCHING_WHEN_SYSTEM_USER_LOCKED
03-11 23:09:36.158  3163  8301 D SystemServerTiming: isUserUnlocked-USER_SYSTEM
03-11 23:09:36.158  3163  7471 D SystemServerTiming: getUserSwitchability-0
03-11 23:09:36.158  3163  7471 D SystemServerTiming: TM.isInCall
03-11 23:09:36.158  3163  7471 D SystemServerTiming: hasUserRestriction-DISALLOW_USER_SWITCH
03-11 23:09:36.159  3163  7471 D SystemServerTiming: getInt-ALLOW_USER_SWITCHING_WHEN_SYSTEM_USER_LOCKED
03-11 23:09:36.159  3163  7471 D SystemServerTiming: isUserUnlocked-USER_SYSTEM
03-11 23:09:36.163  5625  5939 D KeyguardTransitionRepository: (Internal) Setting current transition info: TransitionInfo(ownerName=FromDozingTransitionInteractor, from=DOZING, to=LOCKSCREEN, animated)
03-11 23:09:36.168  5625  5625 I Typeface: mototime=Rookery-Stacked;moto_time;5625
03-11 23:09:36.173  5625  5625 I Typeface: mototime=Rookery-Stacked;moto_time;5625
03-11 23:09:36.173  5625  5625 D LockScreen_Plugin: notifyAttributesChanged: pluginCallback = com.android.systemui.shared.plugins.MotoLsClockFacePlugin$PluginCallback@db2e267, data = Bundle[{clock_face_time=moto_time, clock_face_color=-1}]
03-11 23:09:36.173  5625  5625 V MotoLsClockFacePlugin: onClockFaceColorChange: 0xffffffff
03-11 23:09:36.173  5625  5625 V MotoLsClockFacePlugin: onClockFontChanged
03-11 23:09:36.182 28905 29391 I NearbyDiscovery: (REDACTED) FastPairHandler: Received action %s
03-11 23:09:36.182 28905 29391 I NearbyDiscovery: (REDACTED) PureOffloadFastPairScanner: eventType=%s, isInternalReq=%s, isScanning=%s, isScanningAllowed=%s
03-11 23:09:36.182 28905 29391 I NearbyDiscovery: (REDACTED) ApFastPairScanner: isScreenOn=%s, isLocationEnabled=%s, disableLocationRequirement=%s, isDiscoveryScanningEnabled=%s, during24GhzWifiWarmingUpPeriod=%s
03-11 23:09:36.182 28905 29391 D BluetoothAdapter: isLeEnabled(): ON
03-11 23:09:36.182 28905 29391 I NearbyDiscovery: (REDACTED) ApFastPairScanner: eventType=%s, intReq=%s, scanning=%s, scanAllowed=%s, bleEnabled=%s, lockScanRate=%s, startScanningByLowPowerMode=%s
03-11 23:09:36.183 28905 29391 I NearbyDiscovery: ApFastPairScanner: Skipping stop, already stopped scanning [CONTEXT service_id=265 ]
03-11 23:09:36.183  5625  5625 I KeyguardTransitionRepository: Transition still active: TransitionStep(from=GONE, to=DOZING, value=0.45766345, transitionState=RUNNING, ownerName=FromGoneTransitionInteractor(Sleep transition triggered)), canceling
03-11 23:09:36.183 28905 29391 I NearbyDiscovery: FastPairController: onSystemStateChanged: skip due to flag disabled [CONTEXT service_id=265 ]
03-11 23:09:36.183  5625  5625 I KeyguardTransitionRepository: CANCELED transition: TransitionStep(from=GONE, to=DOZING, value=0.45766345, transitionState=CANCELED, ownerName=FromGoneTransitionInteractor(Sleep transition triggered))
03-11 23:09:36.183  5625  5625 I KeyguardTransitionRepository: STARTED transition: TransitionStep(from=DOZING, to=LOCKSCREEN, value=0.45766345, transitionState=STARTED, ownerName=FromDozingTransitionInteractor)
03-11 23:09:36.190  5625  5625 D BiometricsRepositoryImpl: currentUser authFlags changed, new value: AuthenticationFlags(userId=0, flag=0)
03-11 23:09:36.190  5625  5625 D BiometricsRepositoryImpl: currentUser authFlags changed, new value: AuthenticationFlags(userId=0, flag=0)
03-11 23:09:36.191  5625  5625 D BiometricsRepositoryImpl: currentUser authFlags changed, new value: AuthenticationFlags(userId=0, flag=0)
03-11 23:09:36.191  5625  5625 D BiometricsRepositoryImpl: currentUser authFlags changed, new value: AuthenticationFlags(userId=0, flag=0)
03-11 23:09:36.192  5625  5625 D BiometricsRepositoryImpl: currentUser authFlags changed, new value: AuthenticationFlags(userId=0, flag=0)
03-11 23:09:36.192  5625  5625 D BiometricsRepositoryImpl: currentUser authFlags changed, new value: AuthenticationFlags(userId=0, flag=0)
03-11 23:09:36.194  5625  5920 D ControlsListingControllerImpl: Subscribing callback, service count: 1
03-11 23:09:36.196  5625  5920 D ControlsListingControllerImpl: Subscribing callback, service count: 1
03-11 23:09:36.198  5625  5920 D ControlsListingControllerImpl: Subscribing callback, service count: 1
03-11 23:09:36.204 28905 21224 W QAWalletSvc: No wallet cards to return. [CONTEXT service_id=79 ]
03-11 23:09:36.205  5625  5920 E QuickAccessWalletKeyguardQuickAffordanceConfig: Wallet card retrieval error, message: "Unable to load your payment info"
03-11 23:09:36.217 28905 20646 W QAWalletSvc: No wallet cards to return. [CONTEXT service_id=79 ]
03-11 23:09:36.218  5625  5920 E QuickAccessWalletKeyguardQuickAffordanceConfig: Wallet card retrieval error, message: "Unable to load your payment info"
03-11 23:09:36.218 28905 21224 W QAWalletSvc: No wallet cards to return. [CONTEXT service_id=79 ]
03-11 23:09:36.218  5625  5920 E QuickAccessWalletKeyguardQuickAffordanceConfig: Wallet card retrieval error, message: "Unable to load your payment info"
03-11 23:09:36.222 21403 21403 I SyncManagerImpl: #sync(). Running Synclets and scheduling next sync.
03-11 23:09:36.234 21403 21554 I SyncManagerImpl: Running synclets: [MultiModelAutoUpdateSynclet]
03-11 23:09:36.238 21403 21568 I SyncManagerImpl: Starting synclet: MultiModelAutoUpdateSynclet
03-11 23:09:36.238 21403 21568 I MMAutoUpdateSynclet: #sync
03-11 23:09:36.277  2195  2386 I SDM     : PipeAllocSdma2::CalculatePipeNumToDedicate: num_vig: 0, num_dma: 1
03-11 23:09:36.277  2195  2386 I SDM     : DisplayBase::SetDisplayState: active 1-1 state 1-1 pending_power_state_ 0
03-11 23:09:36.278  2300  2300 W ComposerExtn: DisplayExtnImpl::SetEarlyWakeUpConfig: HWC Display 2 is not registered!
03-11 23:09:36.278  2300  2300 D SurfaceFlinger: Finished setting power mode 2 on display 4630947043778501763
03-11 23:09:36.278  2300  2300 D RefreshRateSelector: [90:120:0]: mTouchBoostRefreshRateAvailable=0, mScrollBoostRefreshRateAvailable=0, mTouchOnBlankNotBoostRefreshRateAvailable=0
03-11 23:09:36.278  3163  5308 D SurfaceControl: Excessive delay in setPowerMode()
03-11 23:09:36.278  3163  5308 W ServiceManagerCppClient: Failed to get isDeclared for com.motorola.hardware.display.panel.IDisplayPanel/default: Status(-1, EX_SECURITY): 'SELinux denied.'
03-11 23:09:36.278  3163  5308 D DisplayPanelService: Setting panel dc mode: 0
03-11 23:09:36.278  2090  2090 I DisplayPanel: setDcMode: DC mode = OFF
03-11 23:09:36.279  2090  2090 D DisplayPanel: setParam: Success set DC to 0 for Primary display
03-11 23:09:36.281  2300  2300 I BpBinder: onLastStrongRef automatically unlinking death recipients: 
03-11 23:09:36.283  2300  2300 D SurfaceFlinger: setDesiredDisplayModeSpecs[{0, false, PR={p[24.00-120.00]Hz, r[24.00-120.00]Hz}, AR={p[0.00-120.00]Hz, r[0.00-120.00]Hz}}]: by process 3163 uid 1000 for display 4630947043778501762
03-11 23:09:36.284  2064  4171 D slpi-TMD2712: tmd2712: Prox pdata 0, offset1:71, full: 716, NearBy: 0, Lth:54, Hth:85,off_l 71. off_h 0, th_l 1, th_h 85
03-11 23:09:36.284  3163  3352 I WindowManager: Display 1 turned on...
03-11 23:09:36.285  3163  3229 D CLI/SmallCLI: onScreenTurnedOn: 
03-11 23:09:36.285  6344  6344 I WindowController: window interactive state updated to true
03-11 23:09:36.287  3163  3352 W PowerManagerService: Screen on took 204 ms
03-11 23:09:36.287  3163  3352 D BrightnessThermalClamper: Thermal status observer already started
03-11 23:09:36.288  3163  3229 V WindowManager: Content Recording: Display 1 state was (2), is now (2), so update recording?
03-11 23:09:36.288  3163  3229 D CLI/Transition: displaygroup 1, state ON, pendingdisplaygroup -1
03-11 23:09:36.290  2064 21555 I sensors-hal: handle_indication_realtime:467,  SCHED_FIFO(10) for qmi_cbk
03-11 23:09:36.291  7545  7545 I FileStationLog: [ FS_h$a ] - [Display] Changed display: 1
03-11 23:09:36.292  2300  2300 E Scheduler: trackPendingFrame: Invalid present fence
03-11 23:09:36.292  7545  7545 I FileStationLog: [ FS_h$a ] - [Display] Ignoring change for non-default/desktop display: 1
03-11 23:09:36.294  3163  3163 I WindowManager: Finished waking up... (groupId=1 why=ON_BECAUSE_OF_USER) pmWakeReason=WAKE_REASON_GESTURE
03-11 23:09:36.295  3163  3163 I BrightnessSynchronizer: New Update: {[13914] 0.12326593(f), mUpdatedTypes=0, mConfirmedTypes=0, mTimeUpdated=0, mState=2}
03-11 23:09:36.298  2064  2064 I sensors-hal: flush:235, android.sensor.accelerometer/11
03-11 23:09:36.298  2064  2064 I sensors-hal: send_sync_sensor_request:341, send sync request
03-11 23:09:36.298  2064  2064 I sensors-hal: send_sync_sensor_request:367, wait for notification of response
03-11 23:09:36.299 21403 21566 I VoiceLanguageHelper: #initializeLanguages
03-11 23:09:36.300  2064  5194 I sensors-hal: ssc_conn_resp_cb:632, resp_value = 0
03-11 23:09:36.300  2064  2064 I sensors-hal: send_sync_sensor_request:373, takes 1 ms to receive the response with 0
03-11 23:09:36.300  2064  2064 I sensors-hal: flush:241, android.sensor.accelerometer/11 completed
03-11 23:09:36.303  3163  5216 W InputDispatcher: Focused display #1 does not have a focused window.
03-11 23:09:36.303  3163  3231 W AccessibilityWindowsPopulator: The displayInfo of this displayId (0) called back from the surface fligner is null
03-11 23:09:36.303  3163  3231 V WindowManager: Unknown focus tokens, dropping reportFocusChanged
03-11 23:09:36.305  6344  6344 W libc    : Access denied finding property "vendor.display.enable_optimal_refresh_rate"
03-11 23:09:36.305  6344  6344 W libc    : Access denied finding property "vendor.gpp.create_frc_extension"
03-11 23:09:36.305 28967 29007 D WeatherApi: isOWeather: true
03-11 23:09:36.305  6978  6978 I Smart5G : [Smart5GService] receive action: android.intent.action.SCREEN_ON
03-11 23:09:36.307  5689  5689 E DPMJ    : |SERVICE| sendScreenState state  trueand int value 1
03-11 23:09:36.310  2300  2300 E Scheduler: trackPendingFrame: Invalid present fence
03-11 23:09:36.309  5625  5669 D ShellSplitScreen: onFinishedWakingUp
03-11 23:09:36.313  3163  5215 I MR2ServiceImpl: Updating composite discovery preference | preference: RouteDiscoveryRequest{ preferredFeatures={}, activeScan=false }, active routers: []
03-11 23:09:36.314  7314  7314 D GameMode: isScreenUnlocked: false
03-11 23:09:36.316 21403 21549 I SyncManagerImpl: #sync() complete
03-11 23:09:36.318 10834 17026 I DeviceStatusMonitor: DeviceStatusMonitor.handleBroadcast():138 onReceive() : Action = android.intent.action.SCREEN_ON
03-11 23:09:36.318 10834 17026 I DeviceStatusMonitor: DeviceStatusMonitor.updateCountryInfo():154 updateCountryInfo(), notifyAnyway = false
03-11 23:09:36.318 21403 21549 I SyncManagerImpl: Completed sync. Scheduling next wakeup
03-11 23:09:36.319 21403 21549 I SyncWorkManagerOneTimeS: Scheduling next onetime WorkManager workers
03-11 23:09:36.319 21403 21568 I LPDownloadSettingsState: Defaulting LP download condition to 2 as user has not edited settings.
03-11 23:09:36.320 21403 21568 I DefaultLPManager: #getAvailablePackages
03-11 23:09:36.321  7545  7545 I FileStationLog: [ FileStationManager ] - screenIsOn: true, hasWindowShowed: false
03-11 23:09:36.321  7545  7545 I MotoDesktopLog: [ FileStationLog ] - broadcastMessage - cmd : 2008
03-11 23:09:36.321 21403 21568 I goz     : #getDownloadableLanguagePacks
03-11 23:09:36.323  6344  6344 V ClockFace: onDataSetChanged: clock update in remote
03-11 23:09:36.323 21403 21554 I WM-WorkerWrapper: Worker result SUCCESS for Work [ id=54156475-eb5e-44ac-b500-2d1bd3445ac1, tags={ com.google.apps.tiktok.contrib.work.TikTokListenableWorker,com.google.apps.tiktok.sync.impl.workmanager.SyncWorker,TikTokWorker#com.google.apps.tiktok.sync.impl.workmanager.SyncWorker } ]
03-11 23:09:36.327  3163  5158 D WifiStaIfaceHidlImpl: getCachedScanData is not implemented by HIDL
03-11 23:09:36.328  7540 15541 I BatteryCare: [SmartBackground] [DGMC::AccelerateSmartCleanReceiver] action received: android.intent.action.SCREEN_ON
03-11 23:09:36.331  7540 15541 W BatteryCare: [SmartBackground] [DGMC::AccelerateSmartCleanReceiver] Enter disableMidNightByScreen, isEnableBySleepMode = false
03-11 23:09:36.331  7540 15541 I BatteryCare: [SmartBackground] [DGMC::AccelerateSmartCleanReceiver] disableMidNightByScreen isSleepMode or isEnableBySleepMode return
03-11 23:09:36.331  2300  2300 E Scheduler: trackPendingFrame: Invalid present fence
03-11 23:09:36.340  3163  4132 I ActivityManager: Killing 25081:com.motorola.appforecast/u0a241 (adj 999, setSvc -10000): empty #31
03-11 23:09:36.341  3163  5843 W PackageManager: Missing required system package: wsj.reader_sp, but found with extended search.
03-11 23:09:36.341  3163  5843 W PackageManager: Missing required system package: whitecastle.ordering, but found with extended search.
03-11 23:09:36.341  3163  5843 W PackageManager: Missing required system package: sp0n.citizen, but found with extended search.
03-11 23:09:36.341  3163  5843 W PackageManager: Missing required system package: org.rajman.neshan.traffic.tehran.navigator, but found with extended search.
03-11 23:09:36.341  3163  5843 W PackageManager: Missing required system package: org.me.mobiexpensifyg, but found with extended search.
03-11 23:09:36.341  3163  5843 W PackageManager: Missing required system package: org.kiva.lending, but found with extended search.
03-11 23:09:36.341  3163  5843 W PackageManager: Missing required system package: onxmaps.offroad, but found with extended search.
03-11 23:09:36.341  3163  5843 W PackageManager: Missing required system package: onxmaps.hunt, but found with extended search.
03-11 23:09:36.342  3163  5843 W PackageManager: Missing required system package: mnn.Android, but found with extended search.
03-11 23:09:36.342  3163  5843 W PackageManager: Missing required system package: io.appium.settings, but found with extended search.
03-11 23:09:36.342  3163  5843 W PackageManager: Missing required system package: gplx.simple.budgetapp, but found with extended search.
