03-11 23:11:56.741  3163  3231 I DisplayDeviceRepository: Display device changed: DisplayDeviceInfo{"Built-in Screen": uniqueId="local:4630947043778501762", 1080 x 2640, modeId 1, renderFrameRate 120.00001, defaultModeId 1, userPreferredModeId -1, supportedModes [{id=1, width=1080, height=2640, fps=120.00001, vsync=120.00001, synthetic=false, alternativeRefreshRates=[24.000002, 60.000004], supportedHdrTypes=[2, 3, 4]}, {id=2, width=1080, height=2640, fps=144.00002, vsync=144.00002, synthetic=false, alternativeRefreshRates=[], supportedHdrTypes=[2, 3, 4]}, {id=3, width=1080, height=2640, fps=90.0, vsync=90.0, synthetic=false, alternativeRefreshRates=[], supportedHdrTypes=[2, 3, 4]}, {id=4, width=1080, height=2640, fps=60.000004, vsync=60.000004, synthetic=false, alternativeRefreshRates=[24.000002, 120.00001], supportedHdrTypes=[2, 3, 4]}, {id=5, width=1080, height=2640, fps=30.000002, vsync=30.000002, synthetic=false, alternativeRefreshRates=[], supportedHdrTypes=[2, 3, 4]}, {id=6, width=1080, height=2640, fps=24.000002, vsync=24.000002, synthetic=false, alternativeRefreshRates=[60.000004, 120.00001], supportedHdrTypes=[2, 3, 4]}], supportedReadyForModes [], colorMode 0, supportedColorModes [0, 7, 9], hdrCapabilities HdrCapabilities{mSupportedHdrTypes=[2, 3, 4], mMaxLuminance=420.0, mMaxAverageLuminance=210.1615, mMinLuminance=0.323}, allmSupported false, gameContentTypeSupported false, density 420, 397.565 x 435.428 dpi, appVsyncOff 1000000, presDeadline 13333332, cutout DisplayCutout{insets=Rect(0, 108 - 0, 0) waterfall=Insets{left=0, top=0, right=0, bottom=0} boundingRect={Bounds=[Rect(0, 0 - 0, 0), Rect(495, 0 - 585, 108), Rect(0, 0 - 0, 0), Rect(0, 0 - 0, 0)]} cutoutPathParserInfo={CutoutPathParserInfo{displayWidth=1080 displayHeight=2640 physicalDisplayWidth=1080 physicalDisplayHeight=2640 density={2.625} cutoutSpec={M -45,0 L 45,0 L 45,108 L -45,108 Z} rotation={0} scale={1.0} physicalPixelDisplaySizeRatio={1.0}}} sideOverrides={}}, touch INTERNAL, rotation 0, type INTERNAL, address {port=130, model=0x40446dccee101c}, deviceProductInfo DeviceProductInfo{name=, manufacturerPnpId=QCM, productId=1, modelYear=null, manufactureDate=ManufactureDate{week=27, year=2006}, connectionToSinkType=0}, state ON, committedState ON, frameRateOverride , brightnessMinimum 0.0, brightnessMaximum 1.0, brightnessDefault 0.38188976, hdrSdrRatio 1.0, FLAG_ALLOWED_TO_BE_DEFAULT_DISPLAY, FLAG_ROTATES_WITH_CONTENT, FLAG_SECURE, FLAG_SUPPORTS_PROTECTED_BUFFERS, FLAG_TRUSTED, installOrientation 0, displayShape DisplayShape{ spec=-1962366115 displayWidth=1080 displayHeight=2640 physicalPixelDisplaySizeRatio=1.0 rotation=0 offsetX=0 offsetY=0 scale=1.0}}
03-11 23:11:56.742  3163  3163 I BrightnessSynchronizer: New Update: {[13972] 0.09467073(f), mUpdatedTypes=0, mConfirmedTypes=0, mTimeUpdated=0, mState=2}
03-11 23:11:56.743  2300  2300 I SurfaceFlinger: initiateDisplayModeChanges changing active mode from 0(120.00 Hz:3) to 4(90.00 Hz:5) for display 4630947043778501762
03-11 23:11:56.743  2300  2300 I SurfaceFlinger: initiateDisplayModeChanges active mode changed to 4(90.00 Hz) for display 4630947043778501762. mBrightnessDimingCnt=0
03-11 23:11:56.743  3163  3231 I DisplayDeviceRepository: Display device changed: DisplayDeviceInfo{"Built-in Screen": uniqueId="local:4630947043778501762", 1080 x 2640, modeId 1, renderFrameRate 120.00001, defaultModeId 1, userPreferredModeId -1, supportedModes [{id=1, width=1080, height=2640, fps=120.00001, vsync=120.00001, synthetic=false, alternativeRefreshRates=[24.000002, 60.000004], supportedHdrTypes=[2, 3, 4]}, {id=2, width=1080, height=2640, fps=144.00002, vsync=144.00002, synthetic=false, alternativeRefreshRates=[], supportedHdrTypes=[2, 3, 4]}, {id=3, width=1080, height=2640, fps=90.0, vsync=90.0, synthetic=false, alternativeRefreshRates=[], supportedHdrTypes=[2, 3, 4]}, {id=4, width=1080, height=2640, fps=60.000004, vsync=60.000004, synthetic=false, alternativeRefreshRates=[24.000002, 120.00001], supportedHdrTypes=[2, 3, 4]}, {id=5, width=1080, height=2640, fps=30.000002, vsync=30.000002, synthetic=false, alternativeRefreshRates=[], supportedHdrTypes=[2, 3, 4]}, {id=6, width=1080, height=2640, fps=24.000002, vsync=24.000002, synthetic=false, alternativeRefreshRates=[60.000004, 120.00001], supportedHdrTypes=[2, 3, 4]}], supportedReadyForModes [], colorMode 0, supportedColorModes [0, 7, 9], hdrCapabilities HdrCapabilities{mSupportedHdrTypes=[2, 3, 4], mMaxLuminance=420.0, mMaxAverageLuminance=210.1615, mMinLuminance=0.323}, allmSupported false, gameContentTypeSupported false, density 420, 397.565 x 435.428 dpi, appVsyncOff 1000000, presDeadline 13333332, cutout DisplayCutout{insets=Rect(0, 108 - 0, 0) waterfall=Insets{left=0, top=0, right=0, bottom=0} boundingRect={Bounds=[Rect(0, 0 - 0, 0), Rect(495, 0 - 585, 108), Rect(0, 0 - 0, 0), Rect(0, 0 - 0, 0)]} cutoutPathParserInfo={CutoutPathParserInfo{displayWidth=1080 displayHeight=2640 physicalDisplayWidth=1080 physicalDisplayHeight=2640 density={2.625} cutoutSpec={M -45,0 L 45,0 L 45,108 L -45,108 Z} rotation={0} scale={1.0} physicalPixelDisplaySizeRatio={1.0}}} sideOverrides={}}, touch INTERNAL, rotation 0, type INTERNAL, address {port=130, model=0x40446dccee101c}, deviceProductInfo DeviceProductInfo{name=, manufacturerPnpId=QCM, productId=1, modelYear=null, manufactureDate=ManufactureDate{week=27, year=2006}, connectionToSinkType=0}, state ON, committedState ON, frameRateOverride {uid=10254 frameRateHz=90.0} , brightnessMinimum 0.0, brightnessMaximum 1.0, brightnessDefault 0.38188976, hdrSdrRatio 1.0, FLAG_ALLOWED_TO_BE_DEFAULT_DISPLAY, FLAG_ROTATES_WITH_CONTENT, FLAG_SECURE, FLAG_SUPPORTS_PROTECTED_BUFFERS, FLAG_TRUSTED, installOrientation 0, displayShape DisplayShape{ spec=-1962366115 displayWidth=1080 displayHeight=2640 physicalPixelDisplaySizeRatio=1.0 rotation=0 offsetX=0 offsetY=0 scale=1.0}}
03-11 23:11:56.744  2195  2392 W SDM     : HWDeviceDRM::GetSupportedBitClkRate: Requested rate not supported: 0
03-11 23:11:56.744  2195  2392 I SDM     : HWDeviceDRM::UpdateMixerAttributes: Mixer WxH 1080x2640-0 for Peripheral
03-11 23:11:56.744  2195  2392 I SDM     : HWCDisplay::SubmitDisplayConfig: Active configuration changed from config 0 to 4
03-11 23:11:56.745  2300  2436 D VSyncReactor: 4630947043778501762: confirming period 8->11(cnt1)
03-11 23:11:56.747  3163  3231 I DisplayDeviceRepository: Display device changed render timings: "Built-in Screen", renderFrameRate=90.0, presentationDeadlineNanos=17111110, appVsyncOffsetNanos=1000000
03-11 23:11:56.748  2300  2300 I SurfaceFlinger: initiateDisplayModeChanges changing active mode from 4(90.00 Hz:5) to 4(90.00 Hz:5) for display 4630947043778501762
03-11 23:11:56.749  3163  3229 D CLI/Transition: displaygroup 0, state ON, pendingdisplaygroup -1
03-11 23:11:56.750  3163  3352 D BrightnessThermalClamper: Thermal status observer already started
03-11 23:11:56.750  2067  2175 D AHAL: AudioDevice: SetParameters: 1564: enter: screen_state=on
03-11 23:11:56.750  2067  2175 D AHAL: AudioVoice: VoiceSetParameters: 87: Enter params: screen_state=on
03-11 23:11:56.750  2067  2175 D AHAL: AudioVoice: VoiceSetParameters: 360: Exit ret: 0
03-11 23:11:56.750  2067  2175 D AHAL: FM: fm_set_parameters: 262: Enter
03-11 23:11:56.750  2067  2175 D AHAL: FM: fm_set_parameters: 320: exit
03-11 23:11:56.750  2067  2175 D AHAL: AudioDevice: SetParameters: 1625:  - screen = on
03-11 23:11:56.750  2067  2175 I PAL: ResourceManager: setParameter: 8311: Screen State:1
03-11 23:11:56.750  2067  2175 D AHAL: AudioDevice: SetParameters: 2361: exit: screen_state=on
03-11 23:11:56.751 26976 27604 D MCLOG   : [BrightnessTrigger] onDisplayChanged displayId = 0
03-11 23:11:56.753  7545  7545 I FileStationLog: [ FS_h$a ] - [Display] Changed display: 0
03-11 23:11:56.753  7545  7545 I FileStationLog: [ FS_h ] - [Logic] Retrieved display info: LogicDisplayInfo(width=1080, height=2640, orientation=1, rotation=0, displayId=0)
03-11 23:11:56.753  7545  7545 I FileStationLog: [ FS_h$a ] - [Display] New logical size: 1080x2640
03-11 23:11:56.753  7545  7545 I FileStationLog: [ FS_h$a ] - [Display] Screen width unchanged: 1080
03-11 23:11:56.753  2300  2436 D VSyncReactor: 4630947043778501762: period 11 confirmed(cnt1)
03-11 23:11:56.754 26976 27604 D MCLOG   : [BrightnessManager] displayId = 0 brightness = 0.09467073 nit = 9.011277 level = br1
03-11 23:11:56.761 26936 26945 D WallpaperLoader: StatusBarColorChangeListener: isStatusAreaLight = true
03-11 23:11:56.795  2064  4171 D slpi-TCS3720: ALS_REPORT lux 17.022751, ch0 6.839147-3.464704-3.073293-1.259252, scale 1.1878, fps 90, client 1
03-11 23:11:56.795  2064  4171 D slpi-TCS3720: PRX_OC info Far, Total 0, pdata 0, offset 0 step 0.63, ore 0:0 step 21.00, TH_H 1020, TH_L 0, client 0
03-11 23:11:56.836  2163  2163 D motorola.hardware.sensorext-service: handle id:13 wxh:1088x2640 uwxuh:1080x2640 size: 11489280 fd:11 fd_meta:12 flags:0x4000228 usage:0x33  format:0x1 layer_count: 1 reserved_size = 0
03-11 23:11:56.836  2195  2392 I SDM     : HWCSession::SetCWBOutputBuffer: CWB config passed by cwb_client : tappoint 1  CWB_ROI : (210.000000 26.000000 274.000000 90.000000) for display [1 0 0]
03-11 23:11:56.840  2195 25407 I SDM     : HWCDisplay::SetReadbackBuffer: CWB config from client: tap_point 1, CWB ROI Rect(210.000000 26.000000 274.000000 90.000000), PU_as_CWB_ROI 0, Cwb full rect : (0.000000 0.000000 1080.000000 2640.000000)
03-11 23:11:56.840  2195 25407 I SDM     : HWCDisplay::SetReadbackBuffer: Successfully configured the output buffer: readback_buffer_queued_ 1, readback_configured_ 0, cwb_client 3
03-11 23:11:56.840  2195 25407 I SDM     : HWCSession::ProcessRequests: Successfully configured CWB buffer.
03-11 23:11:56.851  2195 25407 I SDM     : HWCSession::ProcessRequests: Pushing release fence in fenece wait queue.
03-11 23:11:56.851  2195 25407 I SDM     : HWCSession::ProcessRequests: Creating AsyncFenceWaits async thread.
03-11 23:11:56.851  2195 25407 I SDM     : HWCSession::ProcessRequests: Remove current CWB request from the pending request queue.
03-11 23:11:56.851  2195 25407 I SDM     : HWCSession::ProcessRequests: No pending cwb requests found in the queue.
03-11 23:11:56.859  2195  2269 I SDM     : HWDeviceDRM::SetupConcurrentWriteback: Tear down the Concurrent Writeback topology
03-11 23:11:56.869  2195 25409 I SDM     : HWCSession::NotifyCWBStatus: Notify the client about buffer status 0.
03-11 23:11:56.870  2195 25409 I SDM     : HWCSession::PerformFenceWaits: Remove current release fence from the pending fence wait queue.
03-11 23:11:56.870  2195 25409 I SDM     : HWCSession::PerformFenceWaits: CWB fence queue is empty. No pending release fence to wait on.
03-11 23:11:56.880  2163  2163 D SENSOREXT_ALS_COMP: FrontLight: ReportLux 5.17 (19.68-14.51), pre 0.50, dbv 1944, dc 0, fps 90, chPanel 5.48-3.06-2.38-0.77, facCal:lux_s 1.19 cha_s 1.05-1.05-1.10-1.23, RunInfo: DPB 22289-99, TF 22289-0
03-11 23:11:56.881  2163  2163 D motorola.hardware.sensorext-service: handle id:13 wxh:1088x2640 uwxuh:1080x2640 size: 11489280 fd:11 fd_meta:12 flags:0x4000228 usage:0x33  format:0x1 layer_count: 1 reserved_size = 0
03-11 23:11:56.882  2195  2386 I SDM     : HWCSession::SetCWBOutputBuffer: CWB config passed by cwb_client : tappoint 1  CWB_ROI : (210.000000 26.000000 274.000000 90.000000) for display [1 0 0]
03-11 23:11:56.884  2195 25410 I SDM     : HWCDisplay::SetReadbackBuffer: CWB config from client: tap_point 1, CWB ROI Rect(210.000000 26.000000 274.000000 90.000000), PU_as_CWB_ROI 0, Cwb full rect : (0.000000 0.000000 1080.000000 2640.000000)
03-11 23:11:56.884  2195 25410 I SDM     : HWCDisplay::SetReadbackBuffer: Successfully configured the output buffer: readback_buffer_queued_ 1, readback_configured_ 0, cwb_client 3
03-11 23:11:56.884  2195 25410 I SDM     : HWCSession::ProcessRequests: Successfully configured CWB buffer.
03-11 23:11:56.886  2064  4171 I slpi-MOT_HINGE: Hingeposture  90.0 tent:0 gpio:-1 flip:1 flat:1 b:-2.2 8.5 4.4 51.8 4.0 -13.3 f:-2.2 3.7 -8.8 -380.6 -12.0 -9.4
03-11 23:11:56.888  3163  3231 I DeviceStateManagerService: Cannot notify device state info change when pending state is present.
03-11 23:11:56.889  3163  3227 D TouchHwAidlService: onStateChanged.. state=4
03-11 23:11:56.889  5625  5669 D ShellSplitScreen: onFoldedStateChanged: folded=false
03-11 23:11:56.891  2067  5073 D AHAL: AudioDevice: SetParameters: 1564: enter: device_folded=off
03-11 23:11:56.891  3163  3352 W BoostOptController: not supported hint: 118
03-11 23:11:56.891  3163  3229 D CLI/SmallCLI: onDeviceLidStateChanged: state=LAPTOP
03-11 23:11:56.891  3163  3231 I LogicalDisplayMapper: Requesting Transition to state: 4, from state=1, interactive=true, mBootCompleted=true
03-11 23:11:56.891  2067  5073 D AHAL: AudioVoice: VoiceSetParameters: 87: Enter params: device_folded=off
03-11 23:11:56.891  2067  5073 D AHAL: AudioVoice: VoiceSetParameters: 360: Exit ret: 0
03-11 23:11:56.891  2067  5073 D AHAL: FM: fm_set_parameters: 262: Enter
03-11 23:11:56.891  2067  5073 D AHAL: FM: fm_set_parameters: 320: exit
03-11 23:11:56.891  2067  5073 D AHAL: AudioDevice: SetParameters: 2361: exit: device_folded=off
03-11 23:11:56.891  3163  3231 I LogicalDisplayMapper: Applying layout: [{dispId: 0(ON), displayGroupName: , addr: {port=130, model=0x40446dccee101c}, mThermalBrightnessThrottlingMapId: null, mRefreshRateZoneId: null, mLeadDisplayId: -1, mLeadDisplayAddress: null, mThermalRefreshRateThrottlingMapId: null, mPowerThrottlingMapId: null}], Previous layout: [{dispId: 0(ON), displayGroupName: , addr: {port=130, model=0x40446dccee101c}, mThermalBrightnessThrottlingMapId: null, mRefreshRateZoneId: null, mLeadDisplayId: -1, mLeadDisplayAddress: null, mThermalRefreshRateThrottlingMapId: null, mPowerThrottlingMapId: null}]
03-11 23:11:56.895  2195 25410 I SDM     : HWCSession::ProcessRequests: Pushing release fence in fenece wait queue.
03-11 23:11:56.895  2195 25410 I SDM     : HWCSession::ProcessRequests: Creating AsyncFenceWaits async thread.
03-11 23:11:56.895  2195 25410 I SDM     : HWCSession::ProcessRequests: Remove current CWB request from the pending request queue.
03-11 23:11:56.895  2195 25410 I SDM     : HWCSession::ProcessRequests: No pending cwb requests found in the queue.
03-11 23:11:56.900  3163  4279 I CLI/Transition_Device: lid state changed: OPEN -> OPEN, device state changed to LAPTOP
03-11 23:11:56.901  3163  4279 D CLI/Rotation: Set volume keyswap sysprop for rotation 2 lidState OPEN
03-11 23:11:56.901  3163  4279 I WindowManager: updateRotationUnchecked CLI real rotation changed:3, rotation:3
03-11 23:11:56.903  3163  3352 D BrightnessThermalClamper: Thermal status observer already started
03-11 23:11:56.903  3163  3231 D DisplayManagerService: Ignore redundant display event 0/2 to 10310/10834
03-11 23:11:56.903  3163  3231 D DisplayManagerService: Ignore redundant display event 0/2 to 10584/12600
03-11 23:11:56.903  3163  3231 D DisplayManagerService: Ignore redundant display event 0/2 to 10276/18586
03-11 23:11:56.903  3163  3231 D DisplayManagerService: Ignore redundant display event 0/2 to 10416/20010
03-11 23:11:56.904  2195  2269 I SDM     : HWDeviceDRM::SetupConcurrentWriteback: Tear down the Concurrent Writeback topology
03-11 23:11:56.906  3163  3352 D BrightnessThermalClamper: Thermal status observer already started
03-11 23:11:56.906  3163  3231 I WindowManager: Override config changes=20000000 {1.0 ?mcc0mnc [en_US] ldltr sw111dp w210dp h111dp 280dpi smll land night mot-cli finger -keyb/v/h -nav/h winConfig={ mBounds=Rect(0, 0 - 368, 194) mAppBounds=Rect(0, 0 - 368, 194) mMaxBounds=Rect(0, 0 - 368, 194) mDisplayRotation=ROTATION_270 mWindowingMode=fullscreen mActivityType=undefined mAlwaysOnTop=undefined mRotation=ROTATION_270} ?fontWeightAdjustment ?spn ?gid} for displayId=1
03-11 23:11:56.907  5625  5625 I vol.VolumeDialogImpl: mDialog.dismiss() reason: posture_changed from: com.android.systemui.volume.VolumeDialogImpl$H.handleMessage:111 displayId: 0 mShowing: false mIsAnimatingDismiss: false
03-11 23:11:56.908  3163  3231 I InputManager-JNI: Viewport [0] to add: local:4630947043778501762, isActive: true
03-11 23:11:56.908  3163  3231 I InputManager-JNI: Viewport [1] to add: local:4630947043778501763, isActive: false
03-11 23:11:56.908  3163  4285 I InputReader: Reconfiguring input devices, changes=DISPLAY_INFO
03-11 23:11:56.908  3163  3229 V WindowManager: Content Recording: Display 1 state was (1), is now (1), so update recording?
03-11 23:11:56.908  3163  4285 I InputReader: Disabling zinitix_mt (device 6) because the associated viewport is not active
03-11 23:11:56.908  3163  4285 I InputReader: Device reconfigured: id=6, name='zinitix_mt', size 194x368, orientation Rotation0, mode DISABLED, display id 1
03-11 23:11:56.908  3163  3229 D CLI/Transition: displaygroup 1, state OFF, pendingdisplaygroup -1
03-11 23:11:56.912  7545  7545 I FileStationLog: [ FS_h$a ] - [Display] Changed display: 1
03-11 23:11:56.912  7545  7545 I FileStationLog: [ FS_h$a ] - [Display] Ignoring change for non-default/desktop display: 1
03-11 23:11:56.914  2195 25411 I SDM     : HWCSession::NotifyCWBStatus: Notify the client about buffer status 0.
03-11 23:11:56.914  2195 25411 I SDM     : HWCSession::PerformFenceWaits: Remove current release fence from the pending fence wait queue.
03-11 23:11:56.914  2195 25411 I SDM     : HWCSession::PerformFenceWaits: CWB fence queue is empty. No pending release fence to wait on.
03-11 23:11:56.916  5625  5669 I DisplayController: CLI display config changed. dpi:280, fontScale:1.0
03-11 23:11:56.916  5625  5669 V ShellDragAndDrop: Display changed: 1
03-11 23:11:56.922  2163  2163 D SENSOREXT_ALS_COMP: FrontLight: ReportLux 3.23 (17.02-13.80), pre 5.17, dbv 1944, dc 0, fps 90, chPanel 5.21-2.84-2.26-0.74, facCal:lux_s 1.19 cha_s 1.05-1.05-1.10-1.23, RunInfo: DPB 22290-99, TF 22290-0
03-11 23:11:56.925  2300  2300 I BpBinder: onLastStrongRef automatically unlinking death recipients: 
03-11 23:11:56.959  2064  4171 D slpi    : tmd2712: Als lux: 1.70, ch0: 29, ch1: 1, scale: 1.08, atime:50.04, again:1024
03-11 23:11:57.076  2064  4171 I slpi-MOT_HINGE: Hingeposture 180.0 tent:0 gpio:-1 flip:1 flat:1 b:-2.7 8.6 3.8 60.2 -14.8 -35.1 f:-2.8 8.8 -3.2 -313.7 -31.7 -20.9
03-11 23:11:57.079  3163  3231 I DeviceStateManagerService: Cannot notify device state info change when pending state is present.
03-11 23:11:57.079  3163  3227 D TouchHwAidlService: onStateChanged.. state=5
03-11 23:11:57.081  3163  3229 D CLI/SmallCLI: onDeviceLidStateChanged: state=OPEN
03-11 23:11:57.082  3163  3231 I LogicalDisplayMapper: Requesting Transition to state: 5, from state=4, interactive=true, mBootCompleted=true
03-11 23:11:57.082  3163  3231 I LogicalDisplayMapper: Applying layout: [{dispId: 0(ON), displayGroupName: , addr: {port=130, model=0x40446dccee101c}, mThermalBrightnessThrottlingMapId: null, mRefreshRateZoneId: null, mLeadDisplayId: -1, mLeadDisplayAddress: null, mThermalRefreshRateThrottlingMapId: null, mPowerThrottlingMapId: null}], Previous layout: [{dispId: 0(ON), displayGroupName: , addr: {port=130, model=0x40446dccee101c}, mThermalBrightnessThrottlingMapId: null, mRefreshRateZoneId: null, mLeadDisplayId: -1, mLeadDisplayAddress: null, mThermalRefreshRateThrottlingMapId: null, mPowerThrottlingMapId: null}]
03-11 23:11:57.082  3163  3352 W BoostOptController: not supported hint: 118
03-11 23:11:57.086  5625  5625 I vol.VolumeDialogImpl: mDialog.dismiss() reason: posture_changed from: com.android.systemui.volume.VolumeDialogImpl$H.handleMessage:111 displayId: 0 mShowing: false mIsAnimatingDismiss: true
03-11 23:11:57.086  5625  5625 D vol.VolumeDialogImpl: dismissH: skipping dismiss because isAnimatingDismiss is true and showingStateInconsistent is false
03-11 23:11:57.088  3163  4279 I CLI/Transition_Device: lid state changed: OPEN -> OPEN, device state changed to OPEN
03-11 23:11:57.218  5625  5625 I vol.VolumeDialogImpl: dismissH reason = posture_changed mDialog.isShowing(): false
03-11 23:11:57.226  2163  2163 D motorola.hardware.sensorext-service: handle id:13 wxh:1088x2640 uwxuh:1080x2640 size: 11489280 fd:11 fd_meta:12 flags:0x4000228 usage:0x33  format:0x1 layer_count: 1 reserved_size = 0
03-11 23:11:57.227  2195  2386 I SDM     : HWCSession::SetCWBOutputBuffer: CWB config passed by cwb_client : tappoint 1  CWB_ROI : (210.000000 26.000000 274.000000 90.000000) for display [1 0 0]
03-11 23:11:57.228  2064  4171 D slpi-TCS3720: ALS_REPORT lux 19.156368, ch0 7.975397-4.294955-3.467582-1.384092, scale 1.1878, fps 90, client 1
03-11 23:11:57.228  2064  4171 D slpi-TCS3720: PRX_OC info Far, Total 0, pdata 0, offset 0 step 0.63, ore 0:0 step 21.00, TH_H 1020, TH_L 0, client 0
03-11 23:11:57.229  2195 25413 I SDM     : HWCDisplay::SetReadbackBuffer: CWB config from client: tap_point 1, CWB ROI Rect(210.000000 26.000000 274.000000 90.000000), PU_as_CWB_ROI 0, Cwb full rect : (0.000000 0.000000 1080.000000 2640.000000)
03-11 23:11:57.229  2195 25413 I SDM     : HWCDisplay::SetReadbackBuffer: Successfully configured the output buffer: readback_buffer_queued_ 1, readback_configured_ 0, cwb_client 3
03-11 23:11:57.229  2195 25413 I SDM     : HWCSession::ProcessRequests: Successfully configured CWB buffer.
03-11 23:11:57.240  2195 25413 I SDM     : HWCSession::ProcessRequests: Pushing release fence in fenece wait queue.
03-11 23:11:57.240  2195 25413 I SDM     : HWCSession::ProcessRequests: Creating AsyncFenceWaits async thread.
03-11 23:11:57.240  2195 25413 I SDM     : HWCSession::ProcessRequests: Remove current CWB request from the pending request queue.
03-11 23:11:57.240  2195 25413 I SDM     : HWCSession::ProcessRequests: No pending cwb requests found in the queue.
03-11 23:11:57.249  2195  2269 I SDM     : HWDeviceDRM::SetupConcurrentWriteback: Tear down the Concurrent Writeback topology
03-11 23:11:57.259  2195 25414 I SDM     : HWCSession::NotifyCWBStatus: Notify the client about buffer status 0.
03-11 23:11:57.259  2195 25414 I SDM     : HWCSession::PerformFenceWaits: Remove current release fence from the pending fence wait queue.
03-11 23:11:57.259  2195 25414 I SDM     : HWCSession::PerformFenceWaits: CWB fence queue is empty. No pending release fence to wait on.
03-11 23:11:57.272  2163  2163 D SENSOREXT_ALS_COMP: FrontLight: ReportLux 5.90 (19.16-13.25), pre 3.23, dbv 1944, dc 0, fps 90, chPanel 5.44-2.95-2.23-0.89, facCal:lux_s 1.19 cha_s 1.05-1.05-1.10-1.23, RunInfo: DPB 22291-99, TF 22291-0
03-11 23:11:57.280  3163  5158 D WifiStaIfaceHidlImpl: getCachedScanData is not implemented by HIDL
03-11 23:11:57.379  2068  6063 I vendor.qti.bluetooth@1.0-ibs_handler: DeviceSleep: TX Awake, Sending SLEEP_IND
03-11 23:11:57.379  2068  6063 D vendor.qti.bluetooth@1.0-ibs_handler: SerialClockVote: vote for UART CLK OFF
03-11 23:11:57.529  2068  5913 D vendor.qti.bluetooth@1.0-wake_lock: Release wakelock is released 
03-11 23:11:57.921  5625  5962 V PowerManager: userActivity when=122209711 event=0 flags=0 displayId=0 by (com.android.systemui) callers=android.os.PowerManager.userActivity:1487 com.android.systemui.keyguard.KeyguardViewMediator$$ExternalSyntheticLambda0.run:79 java.util.concurrent.ThreadPoolExecutor.runWorker:1145 
03-11 23:11:57.921  3163  6016 W BoostOptController: not supported hint: 118
03-11 23:11:57.941  5625  5625 I FalsingManager: Gesture start time: 122209698518000
03-11 23:11:57.956 28905 24889 W QAWalletSvc: No wallet cards to return. [CONTEXT service_id=79 ]
03-11 23:11:57.988  5625  5940 D KeyguardTransitionRepository: (Internal) Setting current transition info: TransitionInfo(ownerName=FromLockscreenTransitionInteractor, from=LOCKSCREEN, to=GONE, animated)
03-11 23:11:57.988  5625  5625 D KeyguardViewMediator: keyguardGoingAway requested for userId: 0
03-11 23:11:57.991  7314  7314 D GameMode: onStartedActivityChange: componnent: ComponentInfo{com.ring.neighborhoods/com.ring.nh.feature.onboarding.flow.OnboardingFlowActivity} entered launcher screen? true
03-11 23:11:57.992  7314  7314 D GameMode: isScreenUnlocked: false
03-11 23:11:57.992  7314  7314 D GameMode: isScreenUnlocked: false
03-11 23:11:57.994  3163  3249 W MotoBatteryCareService: uid: 10660 pkgName:com.ring.neighborhoods come to foreground
03-11 23:11:57.995  3163  3231 I DisplayDeviceRepository: Display device changed: DisplayDeviceInfo{"Built-in Screen": uniqueId="local:4630947043778501762", 1080 x 2640, modeId 3, renderFrameRate 90.0, defaultModeId 1, userPreferredModeId -1, supportedModes [{id=1, width=1080, height=2640, fps=120.00001, vsync=120.00001, synthetic=false, alternativeRefreshRates=[24.000002, 60.000004], supportedHdrTypes=[2, 3, 4]}, {id=2, width=1080, height=2640, fps=144.00002, vsync=144.00002, synthetic=false, alternativeRefreshRates=[], supportedHdrTypes=[2, 3, 4]}, {id=3, width=1080, height=2640, fps=90.0, vsync=90.0, synthetic=false, alternativeRefreshRates=[], supportedHdrTypes=[2, 3, 4]}, {id=4, width=1080, height=2640, fps=60.000004, vsync=60.000004, synthetic=false, alternativeRefreshRates=[24.000002, 120.00001], supportedHdrTypes=[2, 3, 4]}, {id=5, width=1080, height=2640, fps=30.000002, vsync=30.000002, synthetic=false, alternativeRefreshRates=[], supportedHdrTypes=[2, 3, 4]}, {id=6, width=1080, height=2640, fps=24.000002, vsync=24.000002, synthetic=false, alternativeRefreshRates=[60.000004, 120.00001], supportedHdrTypes=[2, 3, 4]}], supportedReadyForModes [], colorMode 0, supportedColorModes [0, 7, 9], hdrCapabilities HdrCapabilities{mSupportedHdrTypes=[2, 3, 4], mMaxLuminance=420.0, mMaxAverageLuminance=210.1615, mMinLuminance=0.323}, allmSupported false, gameContentTypeSupported false, density 420, 397.565 x 435.428 dpi, appVsyncOff 1000000, presDeadline 17111110, cutout DisplayCutout{insets=Rect(0, 108 - 0, 0) waterfall=Insets{left=0, top=0, right=0, bottom=0} boundingRect={Bounds=[Rect(0, 0 - 0, 0), Rect(495, 0 - 585, 108), Rect(0, 0 - 0, 0), Rect(0, 0 - 0, 0)]} cutoutPathParserInfo={CutoutPathParserInfo{displayWidth=1080 displayHeight=2640 physicalDisplayWidth=1080 physicalDisplayHeight=2640 density={2.625} cutoutSpec={M -45,0 L 45,0 L 45,108 L -45,108 Z} rotation={0} scale={1.0} physicalPixelDisplaySizeRatio={1.0}}} sideOverrides={}}, touch INTERNAL, rotation 0, type INTERNAL, address {port=130, model=0x40446dccee101c}, deviceProductInfo DeviceProductInfo{name=, manufacturerPnpId=QCM, productId=1, modelYear=null, manufactureDate=ManufactureDate{week=27, year=2006}, connectionToSinkType=0}, state ON, committedState ON, frameRateOverride , brightnessMinimum 0.0, brightnessMaximum 1.0, brightnessDefault 0.38188976, hdrSdrRatio 1.0, FLAG_ALLOWED_TO_BE_DEFAULT_DISPLAY, FLAG_ROTATES_WITH_CONTENT, FLAG_SECURE, FLAG_SUPPORTS_PROTECTED_BUFFERS, FLAG_TRUSTED, installOrientation 0, displayShape DisplayShape{ spec=-1962366115 displayWidth=1080 displayHeight=2640 physicalPixelDisplaySizeRatio=1.0 rotation=0 offsetX=0 offsetY=0 scale=1.0}}
03-11 23:11:58.002  5625  5625 I KeyguardTransitionRepository: STARTED transition: TransitionStep(from=LOCKSCREEN, to=GONE, value=0.0, transitionState=STARTED, ownerName=FromLockscreenTransitionInteractor)
03-11 23:11:58.003  7314  7314 D GameMode: isScreenUnlocked: false
03-11 23:11:58.006  3163  6016 W FillRequestEventLogger: Couldn't find packageName: com.google.android.inputmethod.latin
03-11 23:11:58.009  5625  5625 I FalsingManager: Gesture duration, Proximity duration: 99218000, 0
03-11 23:11:58.009  5625  5625 I FalsingManager: Skipped falsing. interactionType=4
03-11 23:11:58.009  5625  5625 I FalsingManager: Skipped falsing. interactionType=4
03-11 23:11:58.010  5625  5806 V SnapshotDrawerUtils: Drawing snapshot surface sizeMismatch=false
03-11 23:11:58.013  2300  2300 I Scheduler: notifyScrollEvent state=1
03-11 23:11:58.013  3163  3229 W BoostOptController: not supported hint: 118
03-11 23:11:58.016 24686 24686 W libc    : Access denied finding property "vendor.display.enable_optimal_refresh_rate"
03-11 23:11:58.016 24686 24686 W libc    : Access denied finding property "vendor.gpp.create_frc_extension"
03-11 23:11:58.012 24686 24686 W g.neighborhoods: type=1400 audit(0.0:1879139): avc:  denied  { read } for  name="u:object_r:vendor_display_prop:s0" dev="tmpfs" ino=519 scontext=u:r:untrusted_app:s0:c148,c258,c512,c768 tcontext=u:object_r:vendor_display_prop:s0 tclass=file permissive=0 app=com.ring.neighborhoods
03-11 23:11:58.020  3163  3227 V WindowManager: Sent Transition (#9027) createdAt=03-11 23:11:56.171 via request=TransitionRequestInfo { type = WAKE, triggerTask = null, pipTask = null, remoteTransition = null, displayChange = null, flags = 0, debugId = 9027 }
03-11 23:11:58.020  3163  3227 V WindowManager:     startWCT=WindowContainerTransaction { changes = {} hops = [] errorCallbackToken=null taskFragmentOrganizer=null }
03-11 23:11:58.021  3163  3227 V WindowManager:     info={id=9027 t=WAKE f=0x500 trk=0 r=[0@Point(0, 0),1@Point(0, 0)] c=[
03-11 23:11:58.021  3163  3227 V WindowManager:         {WCT{RemoteToken{8feb38c Task{5d7a6df #1743 type=standard A=10660:com.ring.neighborhoods}}} m=TO_FRONT f=NONE p=WCT{RemoteToken{c670090 DefaultTaskDisplayArea@237120851(displayId=0)}} pTaskId=-1 leash=Surface(name=Task=1743)/@0x9a846de sb=Rect(0, 0 - 1080, 2640) eb=Rect(0, 0 - 1080, 2640) d=0 taskParent=-1},
03-11 23:11:58.021  3163  3227 V WindowManager:         {WCT{RemoteToken{c670090 DefaultTaskDisplayArea@237120851(displayId=0)}} m=TO_FRONT f=NONE leash=Surface(name=DefaultTaskDisplayArea)/@0xc3cff23 sb=Rect(0, 0 - 1080, 2640) eb=Rect(0, 0 - 1080, 2640) d=0},
03-11 23:11:58.021  3163  3227 V WindowManager:         {WCT{RemoteToken{fd63f36 Display{#1 state=OFF size=368x194 ROTATION_270}}} m=CHANGE f=IS_DISPLAY leash=Surface(name=WindowedMagnification:0:31)/@0x9c54d8f sb=Rect(0, 0 - 368, 194) eb=Rect(0, 0 - 368, 194) d=1 r=1->3:-1}
03-11 23:11:58.021  3163  3227 V WindowManager:     ]}
03-11 23:11:58.021  5625  5639 V WindowManagerShell: onTransitionReady(transaction=13584982116884)
03-11 23:11:58.021  5625  5669 V WindowManagerShell: onTransitionReady (#9027) android.os.BinderProxy@e85b0d6: {id=9027 t=WAKE f=0x500 trk=0 r=[0@Point(0, 0),1@Point(0, 0)] c=[{WCT{android.window.IWindowContainerToken$Stub$Proxy@e4ae83d} m=TO_FRONT f=NONE p=WCT{android.window.IWindowContainerToken$Stub$Proxy@4d5a832} pTaskId=-1 leash=Surface(name=Task=1743)/@0x185e2e8 sb=Rect(0, 0 - 1080, 2640) eb=Rect(0, 0 - 1080, 2640) d=0 taskParent=-1},{WCT{android.window.IWindowContainerToken$Stub$Proxy@e40983} m=TO_FRONT f=NONE leash=Surface(name=DefaultTaskDisplayArea)/@0x8947d01 sb=Rect(0, 0 - 1080, 2640) eb=Rect(0, 0 - 1080, 2640) d=0},{WCT{android.window.IWindowContainerToken$Stub$Proxy@a502700} m=CHANGE f=IS_DISPLAY leash=Surface(name=WindowedMagnification:0:31)/@0x515b7a6 sb=Rect(0, 0 - 368, 194) eb=Rect(0, 0 - 368, 194) d=1 r=1->3:-1}]}
03-11 23:11:58.021  5625  5669 V WindowManagerShell: Playing animation for (#9027) android.os.BinderProxy@e85b0d6@0
03-11 23:11:58.021  5625  5669 V WindowManagerShell:  try handler com.android.wm.shell.transition.DefaultMixedHandler@3a635b8
03-11 23:11:58.021  5625  5669 V WindowManagerShell:  try handler com.android.wm.shell.keyguard.KeyguardTransitionHandler@6731f91
03-11 23:11:58.021  5625  5669 V WindowManagerShell: start keyguard going-away transition, info = {id=9027 t=WAKE f=0x500 trk=0 r=[0@Point(0, 0),1@Point(0, 0)] c=[{WCT{android.window.IWindowContainerToken$Stub$Proxy@e4ae83d} m=TO_FRONT f=NONE p=WCT{android.window.IWindowContainerToken$Stub$Proxy@4d5a832} pTaskId=-1 leash=Surface(name=Task=1743)/@0x185e2e8 sb=Rect(0, 0 - 1080, 2640) eb=Rect(0, 0 - 1080, 2640) d=0 taskParent=-1},{WCT{android.window.IWindowContainerToken$Stub$Proxy@e40983} m=TO_FRONT f=NONE leash=Surface(name=DefaultTaskDisplayArea)/@0x8947d01 sb=Rect(0, 0 - 1080, 2640) eb=Rect(0, 0 - 1080, 2640) d=0},{WCT{android.window.IWindowContainerToken$Stub$Proxy@a502700} m=CHANGE f=IS_DISPLAY leash=Surface(name=WindowedMagnification:0:31)/@0x515b7a6 sb=Rect(0, 0 - 368, 194) eb=Rect(0, 0 - 368, 194) d=1 r=1->3:-1}]}
03-11 23:11:58.021  5625  5669 D KeyguardService: Starts IRemoteAnimationRunner: info={id=9027 t=WAKE f=0x500 trk=0 r=[0@Point(0, 0),1@Point(0, 0)] c=[{WCT{android.window.IWindowContainerToken$Stub$Proxy@e4ae83d} m=TO_FRONT f=NONE p=WCT{android.window.IWindowContainerToken$Stub$Proxy@4d5a832} pTaskId=-1 leash=Surface(name=Task=1743)/@0x185e2e8 sb=Rect(0, 0 - 1080, 2640) eb=Rect(0, 0 - 1080, 2640) d=0 taskParent=-1},{WCT{android.window.IWindowContainerToken$Stub$Proxy@e40983} m=TO_FRONT f=NONE leash=Surface(name=DefaultTaskDisplayArea)/@0x8947d01 sb=Rect(0, 0 - 1080, 2640) eb=Rect(0, 0 - 1080, 2640) d=0},{WCT{android.window.IWindowContainerToken$Stub$Proxy@a502700} m=CHANGE f=IS_DISPLAY leash=Surface(name=WindowedMagnification:0:31)/@0x515b7a6 sb=Rect(0, 0 - 368, 194) eb=Rect(0, 0 - 368, 194) d=1 r=1->3:-1}]}
03-11 23:11:58.023  5625  5669 D KeyguardViewMediator: Exit Animation Start: 
03-11 23:11:58.023  5625  5669 V WindowManagerShell:  animated by com.android.wm.shell.keyguard.KeyguardTransitionHandler@6731f91
03-11 23:11:58.024  5625  5625 I FalsingManager: {belief=0.0020779966124458427 confidence=1.0}
03-11 23:11:58.025  5625  5625 D KeyguardViewMediator: handleStartKeyguardExitAnimation startTime=0 fadeoutDuration=0
03-11 23:11:58.025  5625  5625 D KeyguardUnlock: playCannedUnlockAnimation
03-11 23:11:58.025  5625  5625 D KeyguardUnlock: playCannedUnlockAnimation, surfaceBehindEntryAnimator#start
03-11 23:11:58.027  3163  7933 W UserManagerService: Requested status bar icon for non-badged user 0
03-11 23:11:58.027  5625  5625 D KeyguardViewMediator: KeyguardViewMediator queue processing message: START_KEYGUARD_EXIT_ANIM
03-11 23:11:58.031 24686 24686 I AssistStructure: Flattened final assist data: 5776 bytes, containing 1 windows, 46 views
03-11 23:11:58.031  3163  6016 D AutofillSession: createPendingIntent for request 1442
03-11 23:11:58.031  3163  6016 D ContentCapturePerUserService: Notified activity assist data for activity: Token{cc2f992 ActivityRecord{a511ff4 u0 com.ring.neighborhoods/com.ring.nh.feature.onboarding.flow.OnboardingFlowActivity t1743}} without a session Id
03-11 23:11:58.032  5625  5625 D SCliNotificationListener: onNotificationListUpdate: [com.android.systemui.statusbar.notification.collection.NotificationEntry@86e793a]
03-11 23:11:58.041  5625  5625 W WindowOnBackDispatcher: sendCancelIfRunning: isInProgress=false callback=com.android.systemui.back.domain.interactor.BackActionInteractor$callback$2@ea6953b
03-11 23:11:58.041  3163  7479 D CoreBackPreview: Window{e1d6d9e u0 NotificationShade}: Setting back callback null
03-11 23:11:58.055  3163  3249 W MotoBatteryCareService: uid: 10660 pkgName:com.ring.neighborhoods come to foreground
03-11 23:11:58.093  3163  5235 E MotoSxfService: ModeUsage or ActivityState is null.
03-11 23:11:58.110  5625  5635 I ndroid.systemui: NativeAlloc concurrent mark compact GC freed 54MB AllocSpace bytes, 9(436KB) LOS objects, 75% free, 24MB/97MB, paused 704us,1.479ms total 113.240ms
03-11 23:11:58.136  3163  3233 W BoostOptController: not supported hint: 118
03-11 23:11:58.137  5625  5637 W System  : A resource failed to call release. 
03-11 23:11:58.138  5625  5637 W System  : A resource failed to call release. 
03-11 23:11:58.138  5625  5637 W System  : A resource failed to call release. 
03-11 23:11:58.138  5625  5637 W System  : A resource failed to call release. 
03-11 23:11:58.138  5625  5637 W System  : A resource failed to call release. 
03-11 23:11:58.140  5625  5637 W System  : A resource failed to call release. 
03-11 23:11:58.140  5625  5637 W System  : A resource failed to call release. 
03-11 23:11:58.140  5625  5637 W System  : A resource failed to call release. 
03-11 23:11:58.140  5625  5637 W System  : A resource failed to call release. 
03-11 23:11:58.140  5625  5637 W System  : A resource failed to call release. 
03-11 23:11:58.140  5625  5637 W System  : A resource failed to call release. 
03-11 23:11:58.140  5625  5637 W System  : A resource failed to call release. 
03-11 23:11:58.140  5625  5637 W System  : A resource failed to call release. 
03-11 23:11:58.140  5625  5637 W System  : A resource failed to call release. 
03-11 23:11:58.140  5625  5637 W System  : A resource failed to call release. 
03-11 23:11:58.140  5625  5637 W System  : A resource failed to call HardwareBuffer.close. 
03-11 23:11:58.141  5625  5637 W System  : A resource failed to call HardwareBuffer.close. 
03-11 23:11:58.142  5625  5637 W System  : A resource failed to call release. 
03-11 23:11:58.143  5625  5637 W System  : A resource failed to call release. 
03-11 23:11:58.143  5625  5637 W System  : A resource failed to call release. 
03-11 23:11:58.143  5625  5637 W System  : A resource failed to call release. 
03-11 23:11:58.144  5625  5637 W System  : A resource failed to call release. 
03-11 23:11:58.144  5625  5637 W System  : A resource failed to call release. 
03-11 23:11:58.144  5625  5637 W System  : A resource failed to call release. 
03-11 23:11:58.144  5625  5637 W System  : A resource failed to call release. 
03-11 23:11:58.144  5625  5637 W System  : A resource failed to call release. 
03-11 23:11:58.145  5625  5637 W System  : A resource failed to call release. 
03-11 23:11:58.145  5625  5637 W System  : A resource failed to call release. 
03-11 23:11:58.145  5625  5637 W System  : A resource failed to call release. 
03-11 23:11:58.145  5625  5637 W System  : A resource failed to call release. 
03-11 23:11:58.145  5625  5637 W System  : A resource failed to call release. 
03-11 23:11:58.145  5625  5637 W System  : A resource failed to call HardwareBuffer.close. 
03-11 23:11:58.145  5625  5637 W System  : A resource failed to call HardwareBuffer.close. 
03-11 23:11:58.146  5625  5637 W System  : A resource failed to call release. 
03-11 23:11:58.146  5625  5637 W System  : A resource failed to call release. 
03-11 23:11:58.146  5625  5637 W System  : A resource failed to call release. 
03-11 23:11:58.146  5625  5637 W System  : A resource failed to call release. 
03-11 23:11:58.147  5625  5637 W System  : A resource failed to call release. 
03-11 23:11:58.147  5625  5637 W System  : A resource failed to call release. 
03-11 23:11:58.147  5625  5637 W System  : A resource failed to call release. 
03-11 23:11:58.147  5625  5637 W System  : A resource failed to call release. 
03-11 23:11:58.147  5625  5637 W System  : A resource failed to call release. 
03-11 23:11:58.147  5625  5637 W System  : A resource failed to call release. 
03-11 23:11:58.147  5625  5637 W System  : A resource failed to call release. 
03-11 23:11:58.147  5625  5637 W System  : A resource failed to call release. 
03-11 23:11:58.148  5625  5637 W System  : A resource failed to call release. 
03-11 23:11:58.148  5625  5637 W System  : A resource failed to call release. 
03-11 23:11:58.148  5625  5637 W System  : A resource failed to call HardwareBuffer.close. 
03-11 23:11:58.148  5625  5637 W System  : A resource failed to call HardwareBuffer.close. 
03-11 23:11:58.148  5625  5637 W System  : A resource failed to call release. 
03-11 23:11:58.148  5625  5637 W System  : A resource failed to call release. 
03-11 23:11:58.148  5625  5637 W System  : A resource failed to call release. 
03-11 23:11:58.148  5625  5637 W System  : A resource failed to call release. 
03-11 23:11:58.149  5625  5637 W System  : A resource failed to call release. 
03-11 23:11:58.149  5625  5637 W System  : A resource failed to call release. 
03-11 23:11:58.149  5625  5637 W System  : A resource failed to call release. 
03-11 23:11:58.149  5625  5637 W System  : A resource failed to call release. 
03-11 23:11:58.149  5625  5637 W System  : A resource failed to call release. 
03-11 23:11:58.150  5625  5637 W System  : A resource failed to call release. 
03-11 23:11:58.150  5625  5637 W System  : A resource failed to call release. 
03-11 23:11:58.150  5625  5637 W System  : A resource failed to call release. 
03-11 23:11:58.150  5625  5637 W System  : A resource failed to call release. 
03-11 23:11:58.150  5625  5637 W System  : A resource failed to call HardwareBuffer.close. 
03-11 23:11:58.150  5625  5637 W System  : A resource failed to call HardwareBuffer.close. 
03-11 23:11:58.309  5625  5625 D KeyguardUnlock: surfaceBehindEntryAnimator#onAnimationEnd
03-11 23:11:58.309  5625  5625 D KeyguardViewMediator: exitKeyguardAndFinishSurfaceBehindRemoteAnimation
03-11 23:11:58.322  3163  3231 D CLI/Keyguard: [onKeyguardLockedStateChanged] isKeyguardLocked=false
03-11 23:11:58.322  5625  5625 I KeyguardViewMediator: Send broadcast: com.motorola.KEYGUARD_UNLOCKED_SUCCESS mUnlockType=0
03-11 23:11:58.322  3163  3163 D TrustManagerService: refreshDeviceLockedForUser(userId=0, unlockedUser=-10000), secure=false, showingKeyguard=false, trusted=false, biometricAuthenticated=false, currentUserIsUnlocked=false, deviceLocked=false
03-11 23:11:58.323  5625  5962 D KeyguardViewMediator: updateActivityLockScreenState(false, false)
03-11 23:11:58.323  6942  6942 D NfcService: MSG_APPLY_SCREEN_STATE 8
03-11 23:11:58.323  5625  5625 D KeyguardViewMediator: onKeyguardExitRemoteAnimationFinished#hideKeyguardViewAfterRemoteAnimation
03-11 23:11:58.324  6942  6942 D NfcService: applyRouting enter
03-11 23:11:58.324  6942  6942 D NfcService: Discovery configuration equal, not updating.
03-11 23:11:58.324  6942  6942 D libnfc_nci: nfcManager_doSetScreenState: state = 8 prevScreenState= 4, discovry_param = 1
03-11 23:11:58.324  2582  8068 D NxpTml  : PN54X - Write requested.....
03-11 23:11:58.325  2582  8068 D NxpTml  : PN54X - Invoking I2C Write.....
03-11 23:11:58.325  5625  5944 E FromLockscreenTransitionInteractor: Ignoring startTransition: This interactor asked to transition from LOCKSCREEN -> GONE, but we last transitioned to GONE, not LOCKSCREEN. This should never happen - check currentTransitionInfoInternal or use filterRelevantKeyguardState before starting transitions.
03-11 23:11:58.325  5625  5944 E FromLockscreenTransitionInteractor: This transition would not have been ignored prior to ag/26681239, since we are FINISHED in LOCKSCREEN (but have since started another transition). If ignoring this transition has caused a regression, fix it by ensuring that transitions are exclusively started from the most recently started state.
03-11 23:11:58.327  2064  2064 I sensors-hal: batch:206, com.motorola.sensor.stowed/65568, period=200000000, max_latency=0
03-11 23:11:58.327  2064  2064 I sensors-hal: set_config:61, no need to adjust sample_period_ns due to reporting_mode = 2
03-11 23:11:58.327  2064  2064 I sensors-hal: batch:215, com.motorola.sensor.stowed/65568, period=200000000, max_latency=0 request completed
03-11 23:11:58.328  2582  8068 D NxpTml  : Write errno : 6b
03-11 23:11:58.328  2582  8068 D NxpTml  : PN54X - Error in I2C Write.....
03-11 23:11:58.328  2582  8068 D NxpTml  : PN54X - Posting Fresh Write message.....
03-11 23:11:58.328  2582  8068 D NxpTml  : PN54X - Tml Writer Thread Running................
03-11 23:11:58.328  2582  8070 D NxpHal  : write error status = 0x1ff
03-11 23:11:58.328  2582  2582 D NxpHal  : write_unlocked failed - PN54X Maybe in Standby Mode - Retry
03-11 23:11:58.329  3163  3231 D PanelsService: onKeyguardStateChanged.. isShowing=false
03-11 23:11:58.329  3163  3231 D TouchHwAidlService: onKeyguardStateChanged.. isShowing=false
03-11 23:11:58.329  3163  3231 W ServiceManagerCppClient: Failed to get isDeclared for com.motorola.hardware.display.panel.IDisplayPanel/default: Status(-1, EX_SECURITY): 'SELinux denied.'
03-11 23:11:58.329  3163  3231 D DisplayPanelService: Setting panel dc mode: 0
03-11 23:11:58.329  2090  2090 I DisplayPanel: setDcMode: DC mode = OFF
03-11 23:11:58.330  2090  2090 D DisplayPanel: setParam: Success set DC to 0 for Primary display
03-11 23:11:58.330  3163  7933 W PackageManager: Missing required system package: com.zhiliaoapp.musically, but found with extended search.
03-11 23:11:58.330  5625  5625 D CentralSurfaces: !shouldBeKeyguard mStatusBarStateController.isKeyguardRequested() false keyguardForDozing false wakeAndUnlocking false isWakingAndOccluded false
03-11 23:11:58.330  5625  5625 D CentralSurfaces: hideKeyguardImpl false
03-11 23:11:58.330  5625  5625 D SbStateController: setState: requested state SHADE!= upcomingState: KEYGUARD. This usually means the status bar state transition was interrupted before the upcoming state could be applied.
03-11 23:11:58.330  3163  7933 W PackageManager: Missing required system package: com.truefinance, but found with extended search.
03-11 23:11:58.330  3163  7933 W PackageManager: Missing required system package: com.instagram.android, but found with extended search.
03-11 23:11:58.330  3163  7933 W PackageManager: Missing required system package: com.alibaba.aliexpresshd, but found with extended search.
03-11 23:11:58.330  3163  7933 W PackageManager: Missing required system package: com.alibaba.aliexpresshd, but found with extended search.
03-11 23:11:58.331  3163  7933 W PackageManager: Missing required system package: ctrip.english, but found with extended search.
03-11 23:11:58.332 15389 15389 I OverviewComponentObserver: updateOverviewTargets: mIsHomeDisabled=false, isDefaultHomeNull=false, mIsDefaultHome=true
03-11 23:11:58.336  3163  7933 W UserManagerService: Requested status bar icon for non-badged user 0
03-11 23:11:58.338  7540 15541 I BatteryCare: [SmartBackground] [DGMC::AccelerateSmartCleanReceiver] action received: android.intent.action.USER_PRESENT
03-11 23:11:58.338  7540 15541 I BatteryCare: [SmartBackground] [DGMC::AccelerateSmartCleanReceiver] user present
03-11 23:11:58.338  7540 15541 W BatteryCare: [SmartBackground] [DGMC::AccelerateSmartCleanReceiver] Enter disableMidNightByScreen, isEnableBySleepMode = false
03-11 23:11:58.338  7540 15541 I BatteryCare: [SmartBackground] [DGMC::AccelerateSmartCleanReceiver] disableMidNightByScreen isSleepMode or isEnableBySleepMode return
03-11 23:11:58.338  2582  8068 D NxpTml  : PN54X - Write requested.....
03-11 23:11:58.338  2582  8068 D NxpTml  : PN54X - Invoking I2C Write.....
03-11 23:11:58.339  2582  8068 I NxpNciX : len =   4 > 20090100
03-11 23:11:58.339  2582  8068 D NxpTml  : PN54X - I2C Write successful.....
03-11 23:11:58.339  2582  8068 D NxpTml  : PN54X - Posting Fresh Write message.....
03-11 23:11:58.339  2582  8068 D NxpTml  : PN54X - Tml Writer Thread Running................
03-11 23:11:58.339  2582  8070 D NxpHal  : write successful status = 0x0
03-11 23:11:58.339  2582  8059 D NxpTml  : PN54X - I2C Read successful.....
03-11 23:11:58.339  2582  8059 I NxpNciR : len =   4 > 40090100
03-11 23:11:58.339  2582  8059 D NxpTml  : PN54X - Posting read message.....
03-11 23:11:58.339  2582  8070 D NxpHal  : read successful status = 0x0
03-11 23:11:58.340  2582  8059 D NxpTml  : PN54X - Read requested.....
03-11 23:11:58.340  6942  8007 D libnfc_nci: nfaDeviceManagementCallback: enter; event=0xB
03-11 23:11:58.340  2582  8059 D NxpTml  : PN54X - Invoking I2C Read.....
03-11 23:11:58.340  6942  8007 D libnfc_nci: nfaDeviceManagementCallback: NFA_DM_SET_POWER_SUB_STATE_EVT; status=0x0
03-11 23:11:58.340  5625  5625 D KeyguardService: Finish IRemoteAnimationRunner.
03-11 23:11:58.340  5625  5669 V WindowManagerShell: Transition animation finished (aborted=false), notifying core (#9027) android.os.BinderProxy@e85b0d6@0
03-11 23:11:58.340  3163  7414 W PackageManager: Missing required system package: com.whatsapp, but found with extended search.
03-11 23:11:58.341  2582  8068 D NxpTml  : PN54X - Write requested.....
03-11 23:11:58.341  2582  8068 D NxpTml  : PN54X - Invoking I2C Write.....
03-11 23:11:58.341  2582  8068 I NxpNciX : len =   7 > 20020401020101
03-11 23:11:58.341  2582  8068 D NxpTml  : PN54X - I2C Write successful.....
03-11 23:11:58.341  2582  8068 D NxpTml  : PN54X - Posting Fresh Write message.....
03-11 23:11:58.342  2582  8068 D NxpTml  : PN54X - Tml Writer Thread Running................
03-11 23:11:58.342  2582  8070 D NxpHal  : write successful status = 0x0
03-11 23:11:58.342  3163  3227 V WindowManager: Finish Transition (#9027): created at 03-11 23:11:56.171 collect-started=0.024ms request-sent=0.069ms started=3.019ms ready=1827.095ms sent=1848.288ms finished=2170.97ms
03-11 23:11:58.342  5625  5625 D SCliNotificationListener: onNotificationListUpdate: [com.android.systemui.statusbar.notification.collection.GroupEntry@e5c8563, com.android.systemui.statusbar.notification.collection.NotificationEntry@f92baeb, com.android.systemui.statusbar.notification.collection.NotificationEntry@5a34d9a, com.android.systemui.statusbar.notification.collection.NotificationEntry@17d5c31, com.android.systemui.statusbar.notification.collection.NotificationEntry@1596271]
03-11 23:11:58.343  2582  8059 D NxpTml  : PN54X - I2C Read successful.....
03-11 23:11:58.343  2582  8059 I NxpNciR : len =   5 > 4002020000
03-11 23:11:58.343  2582  8059 D NxpTml  : PN54X - Posting read message.....
03-11 23:11:58.343  2582  8070 D NxpHal  : read successful status = 0x0
03-11 23:11:58.343  2582  8070 D NxpHal  : phNxpNciHal_print_res_status: response status =STATUS_OK
03-11 23:11:58.344  2582  8059 D NxpTml  : PN54X - Read requested.....
03-11 23:11:58.344  2582  8059 D NxpTml  : PN54X - Invoking I2C Read.....
03-11 23:11:58.344  6942  8007 D libnfc_nci: nfaDeviceManagementCallback: enter; event=0x2
03-11 23:11:58.344  6942  8007 D libnfc_nci: nfaDeviceManagementCallback: NFA_DM_SET_CONFIG_EVT
03-11 23:11:58.346  3163  7445 D CLI/Rotation: Set volume keyswap sysprop for rotation 2 lidState OPEN
03-11 23:11:58.347  5625  5669 V WindowManagerShell: Track 0 became idle
03-11 23:11:58.347  5625  5669 V WindowManagerShell: All active transition animations finished
03-11 23:11:58.347  5625  5640 D KeyguardService: setOccluded(false)
03-11 23:11:58.347  5625  5640 D KeyguardViewMediator: setOccluded(false)
