03-13 18:36:45.904  4205  4205 I KeyguardClockProvider: measuredClockSize: (334.0, 540.0) 
03-13 18:36:45.904  3003  3003 V CameraService_worker: onDisplayChanged rotation : 0 current mDeviceState : 6
03-13 18:36:45.905  3003  3065 D BLASTSyncEngine: SyncGroup 9218:  Unfinished container: WindowToken{8004a5b type=2024 android.os.BinderProxy@d7bba75} mSyncState=2
03-13 18:36:45.905  4205  4205 I DisplayValues: initValues currentWidth 1080 currentHeight = 2640
03-13 18:36:45.905  4205  4205 I AODDataSettings[8.0.6]:AODDataManager: getItem() clock:0:SingleDisplay:Portrait:LockScreenOnly:0
03-13 18:36:45.905  4205  4205 I KeyguardClockPositionManager: getLockClockItem: use LockScreenOnly item
03-13 18:36:45.905  4205  4205 D KeyguardClockPositionManager: clockItem changed - 1080.0x2640.0, item = ClockItemImpl(id=clock:0:SingleDisplay:Portrait:LockScreenOnly:, width=DirectionDimensionImpl(value=0.0, type=WRAP_CONTENT, isHorizontal=true), height=DirectionDimensionImpl(value=0.0, type=WRAP_CONTENT, isHorizontal=false), x=RelativeAreaDimensionXImpl(value=0.0, type=PERCENT, locatedAt=Center, left=DirectionDimensionImpl(value=0.06759259, type=PERCENT, isHorizontal=true), right=DirectionDimensionImpl(value=0.9324074, type=PERCENT, isHorizontal=true)), y=RelativeAreaDimensionYImpl(value=1.171632, type=PERCENT, locatedAt=Bottom, top=DirectionDimensionImpl(value=0.10037879, type=PERCENT, isHorizontal=false), bottom=DirectionDimensionImpl(value=0.6852273, type=PERCENT, isHorizontal=false)), scaleX=1.0, scaleY=1.0, isEnabled=true, clockType=1, font=FontImpl(presetFontIndex=0, fontPath=null, fontWeight=700, fontRoundedCorners=20, fontHeights=[], fontStretchEnabled=false), color=ClockPresetColorImpl(presetIndex=0), isShowWeather=false, isShowDateFirst=false, isDefaultPosition=true, cityClockList=, themeClock=ThemeClockImpl(themeName=, trialThemeName=null), showNotiBelowClock=true)
03-13 18:36:45.905 19717 19717 I HBD     : DeX h DeX mode state change in non-main thread 
03-13 18:36:45.905 19717 19717 I HBD     : DeX h DeX mode state change: 3 
03-13 18:36:45.905  4205  4205 E AbsSettings: refreshInner: refreshedSettingsDBItem key enabled_complication_widgets_id_list val = 
03-13 18:36:45.905  3003  5976 D LiftUpHandler: [LTW] Running already.
03-13 18:36:45.906  4205  4205 I KeyguardClockPositionManager: getClockMovableArea: ClockMovableAreaFactor(hasWidget=false, hasNotification=false, widgetAlignType=Default, rotation=0, isMainScreen=false, showNotiCardBelowClock=true, orientation=1)
03-13 18:36:45.906  4832  4832 I VRI[RecentsTransitionOverlay]@4784a59: onDisplayChanged oldDisplayState=2 newDisplayState=1
03-13 18:36:45.906  3003  4920 D WifiDisplayAdapter: isFitToActiveDisplayLocked : false
03-13 18:36:45.906  4205  4205 I KeyguardClockProvider: updateClockScale: scale=1.0
03-13 18:36:45.906  4832  4832 I VRI[LauncherActivity]@f209089: onDisplayChanged oldDisplayState=2 newDisplayState=1
03-13 18:36:45.906  4205  4205 I FaceWidgetClockRoamManager: shouldShowDualClock() isRoamingClockEnabled=true, isEasyModeEnabled=false, mIsNetworkRoaming=false
03-13 18:36:45.906  4205  4205 I DigitalVerticalClockView_LOCK_SCREEN_1@292: forceRefresh : false millis : [2026-03-13 18:36:45]
03-13 18:36:45.906  4832  5181 I HoneySpace.Memory-Monitor: no default Display - 1
03-13 18:36:45.906  4832  4832 I VRI[CocktailBarService]@5e29200: onDisplayChanged oldDisplayState=2 newDisplayState=1
03-13 18:36:45.906  4832  4832 I VRI[RecentsActivity]@5bc9119: onDisplayChanged oldDisplayState=2 newDisplayState=1
03-13 18:36:45.906  3003  3003 D SGM:GameManager: onDisplayChanged. displyId: 0, state: 1
03-13 18:36:45.906 19717 19717 I HBD     : DeX h DeX mode state change in non-main thread 
03-13 18:36:45.906 19717 19717 I HBD     : DeX h DeX mode state change: 3 
03-13 18:36:45.906 15873 15873 I VRI[InputMethod]@28ec110: onDisplayChanged oldDisplayState=2 newDisplayState=1
03-13 18:36:45.906  6239  6239 I VRI[OnboardingActivity]@7b65a5f: onDisplayChanged oldDisplayState=1 newDisplayState=1
03-13 18:36:45.906  4205  4362 D StackScroller: onDisplayChanged for predraw skip to 1
03-13 18:36:45.906  3003  3687 D SGM:FgCheckThread: onLooperPrepared(), msg: MSG_LCD_OFF
03-13 18:36:45.906  4832  5181 I HoneySpace.Memory-Monitor: current state = 1, didTrim = true
03-13 18:36:45.907  4205  4205 I DigitalVerticalClockView_LOCK_SCREEN_1@292: onTimeChanged : [DateTimeInfo : date = Fri, March 13, hourMin = 06:36, hourMinSec = , hour = 06, minute = 36, amPm  = PM, colon = :, second = , timezone = null, isLeftOfAmPm = false, ttsDate = Friday, March 13], timeInMillis = 1773441405906
03-13 18:36:45.907  4205  4205 I DigitalVerticalClockView_LOCK_SCREEN_1@292: updatePaletteItemTransition : paletteItem = SOLID color : FFFAFAFF, animation = false, dozeAmount = 0.0
03-13 18:36:45.907   487   487 I VRI[0 fl=}]@38f3598: onDisplayChanged oldDisplayState=2 newDisplayState=1
03-13 18:36:45.907  2094  2094 D AudioFlinger: setParameters: filtered dev setParameters keyvalue screen_state=off
03-13 18:36:45.907  4205  4205 I KeyguardClockProvider: measuredClockSize: (334.0, 540.0) 
03-13 18:36:45.907  4205  4205 I DisplayValues: initValues currentWidth 1080 currentHeight = 2640
03-13 18:36:45.907  4205  4205 I AodData[8.0.6]:DefaultGetImpl@231886450: request data show_noti_below_clock
03-13 18:36:45.907  4205  4205 D AodData[8.0.6]:ProfileDataMediator@56225404: getProfile ()
03-13 18:36:45.907  4205  4205 D AodData[8.0.6]:ProfileDataMediator@56225404: Return stored value (0)  null
03-13 18:36:45.907  4205  4205 D AodData[8.0.6]:ProfileDataMediator@56225404: Return default profile (0)
03-13 18:36:45.907 16161 16161 I NearbyDiscovery: (REDACTED) FastPairDisplayObserver: %s -> %s
03-13 18:36:45.907  4205  4205 D AodData[8.0.6]:AodDataProvider@150579380: call: primary result - aod-get, show_noti_below_clock, [result]
03-13 18:36:45.907  4205  4205 I AODDataSettings[8.0.6]:AODDataManager: showNotiCardBelowClock changed to true
03-13 18:36:45.907  2007  2007 I sensors-hal: inject_sensor_data:407, handle 1502 send inject
03-13 18:36:45.907  2007  2007 I sensors-hal: sendContextData:290, sensor hal 4, (0xb4, 0xd, 0xd2, 0x0)
03-13 18:36:45.907  2007  2007 I sensors-hal: sendContextData:230, activities 4 b4, 1
03-13 18:36:45.907  2007  2007 I sensors-hal: sendUserData:251, Activities cmd 0xb4 0xd
03-13 18:36:45.907  2007  2007 I sensors-hal: sendUserData:258, Activities LCD off
03-13 18:36:45.907  2007  2007 I sensors-hal: create_send_context_data:80, sending create_send_context_data
03-13 18:36:45.907  2007  2007 I sensors-hal: send_context_data:694, activities, 4914309220830019584, 1320970896291267344, msgid:700
03-13 18:36:45.907  4205  4205 I AODDataSettings[8.0.6]:AODDataManager: set last notified widget data: ComplicationWidgetsImpl(id=complication_widget:0:SingleDisplay:Portrait:AodOnly:, width=DirectionDimensionImpl(value=0.0, type=WRAP_CONTENT, isHorizontal=true), height=DirectionDimensionImpl(value=0.0, type=WRAP_CONTENT, isHorizontal=false), x=DefaultDimensionImpl(value=0.0, type=PX, isHorizontal=true), y=DirectionDimensionImpl(value=0.0, type=PX, isHorizontal=false), isEnabled=true, widgets=[], widgetListRawData=)
03-13 18:36:45.907  4205  4205 I DataStoreState: setRootSize : 1080.0x2640.0
03-13 18:36:45.907  4205  4205 I FaceWidgetClockRoamManager: shouldShowDualClock() isRoamingClockEnabled=true, isEasyModeEnabled=false, mIsNetworkRoaming=false
03-13 18:36:45.907  2007  2007 I sensors-hal: sendContextData:114, common_info 4
03-13 18:36:45.907  2007  2007 I sensors-hal: sendUserData:135, CommonInfo 0xb4 0xd 0xd2 0x0, 13853090063426027552
03-13 18:36:45.907  2007  2007 I sensors-hal: create_send_context_data:70, sending create_send_context_data
03-13 18:36:45.907  4205  4205 I AODThemeSettingsHelper: getAODSelectedThemeClock = 0
03-13 18:36:45.907  2007  2007 I sensors-hal: send_context_data:694, common_info, 4914309147815575552, 1320970896291267344, msgid:700
03-13 18:36:45.907  4205  4205 I FaceWidgetViewModel: updateIsAODThemeClock: false
03-13 18:36:45.907  4205  4205 D FaceWidgetMusicPageShownManager: mCurrentMediaData is NULL
03-13 18:36:45.907  4205  4205 D FaceWidgetMusicPageShownManager: updateMusicPageShownState() show = false, reattach = false, reason = sleep
03-13 18:36:45.907  4205  4205 D FaceWidgetMusicPageShownManager: skip to show media panel
03-13 18:36:45.907  4205  4267 I VRI[ShellDropTarget]@a0b4a8f: onDisplayChanged oldDisplayState=2 newDisplayState=1
03-13 18:36:45.907  4205  4205 D DozeServiceHost: updateDozing dozing = false / dozingRequested = false / state = SHADE mode = 0
03-13 18:36:45.907  4205  4205 D LockscreenNotificationIconsOnlyController: mWakefulnessObserver onStartedGoingToSleep 
03-13 18:36:45.907  4205  4205 D S.S.N.  :  onStartedGoingToSleep
03-13 18:36:45.907 16161 17325 I NearbyDiscovery: (REDACTED) PureOffloadFastPairScanner: eventType=%s, isInternalReq=%s, isScanning=%s, isScanningAllowed=%s
03-13 18:36:45.907  3003  4920 D WifiDisplayAdapter: isFitToActiveDisplayLocked : false
03-13 18:36:45.907  4205  4205 I CentralSurfaces: updateRevealEffect: wakingUp=false wakingUpFromPowerButton=false sleepingFromPowerButton=false wakingUpFromDoubleTap=false sleepingFromDoubleTap=false
03-13 18:36:45.907  4205  4267 I VRI[View root of ReusableWindowDecorViewHost#0]@15d66b2: onDisplayChanged oldDisplayState=2 newDisplayState=1
03-13 18:36:45.907  4205  4267 I VRI[View root of ReusableWindowDecorViewHost#1]@d4195f3: onDisplayChanged oldDisplayState=2 newDisplayState=1
03-13 18:36:45.907  4205  4205 D QuickPanelLog: NPVC | setTouchAndAnimationDisabled: false -> true
03-13 18:36:45.907  4205  4205 D QuickPanelLog:  - com.android.systemui.shade.NotificationPanelViewController.setTouchAndAnimationDisabled:30
03-13 18:36:45.907  4205  4205 D QuickPanelLog:  - com.android.systemui.statusbar.phone.CentralSurfacesImpl.updateNotificationPanelTouchState:91
03-13 18:36:45.907  4205  4205 D QuickPanelLog:  - com.android.systemui.statusbar.phone.CentralSurfacesImpl$9.onStartedGoingToSleep:17
03-13 18:36:45.907  4205  4205 D QuickPanelLog:  - com.android.systemui.keyguard.WakefulnessLifecycle$$ExternalSyntheticLambda0.accept:8
03-13 18:36:45.907  4205  4205 D QuickPanelLog:  - com.android.systemui.keyguard.SecLifecycle.dispatch:170
03-13 18:36:45.907  4205  4205 D QuickPanelLog:  - com.android.systemui.keyguard.KeyguardLifecyclesDispatcher$KeyguardLifecycleHandler.handleMessage:145
03-13 18:36:45.907  4205  4205 D QuickPanelLog:  - android.os.Handler.dispatchMessage:110
03-13 18:36:45.907  4205  4205 D QuickPanelLog:  - android.os.Looper.loopOnce:273
03-13 18:36:45.907  4205  4205 D QuickPanelLog:  - android.os.Looper.loop:363
03-13 18:36:45.907  4205  4205 D QuickPanelLog:  - android.app.ActivityThread.main:10060
03-13 18:36:45.908 28207 28309 D HWUI    : CacheManager::trimMemory(20)
03-13 18:36:45.908  4205  4205 D KeyguardEditModeController: onStartedGoingToSleep
03-13 18:36:45.908  4205  4205 D KeyguardEditModeAnimatorController: startCancelAnimation
03-13 18:36:45.908  4205  4205 D KeyguardEditModeAnimatorController: startCancelAnimation : is not keyguard state
03-13 18:36:45.908  4205  4205 D KeyguardEditModeAnimatorController: resetViews
03-13 18:36:45.908  1992  4982 D AHAL: AudioDevice: SetParameters: 1865: enter
03-13 18:36:45.908  1992  4982 D AHAL: AudioVoice: VoiceSetParameters: 200: Enter
03-13 18:36:45.908  4205  4205 D KeyguardEditModeController: cancel() true
03-13 18:36:45.908  1992  4982 D AHAL: AudioVoice: VoiceSetParameters: 479: Exit ret: 0
03-13 18:36:45.908  1992  4982 D AHAL: hfp: hfp_set_parameters: 444: enter
03-13 18:36:45.908  1992  4982 D AHAL: AudioDevice: SetParameters: 1948:  - screen = off
03-13 18:36:45.908  1992  4982 I PAL: ResourceManager: setParameter: 10683: Screen State:0
03-13 18:36:45.908  1992  4982 D AHAL: AudioDevice: SetParameters: 2798: exit: screen_state=off
03-13 18:36:45.908  2092  2092 I SSC_DAEMON: handleSensorTestReqMsg:85, Sensor type :4, Msg type:15
03-13 18:36:45.908 16161 17325 I NearbyDiscovery: (REDACTED) ApFastPairScanner: isScreenOn=%s, isLocationEnabled=%s, disableLocationRequirement=%s, isDiscoveryScanningEnabled=%s, during24GhzWifiWarmingUpPeriod=%s
03-13 18:36:45.908  1993  6685 I vendor.qti.bluetooth@1.1-ibs_handler: ProcessIbsCmd: Received IBS_WAKE_ACK: 0xFC
03-13 18:36:45.908  1993  6685 I vendor.qti.bluetooth@1.1-ibs_handler: ProcessIbsCmd: Signal wack_cond_
03-13 18:36:45.908  4205  4205 I SubLauncher:SubLauncherPluginImpl@102487053: onStartedGoingToSleep
03-13 18:36:45.908  2092  2092 I SSC_DAEMON: physicalSensorTestReqMsg:130, s:4, m:15
03-13 18:36:45.908  4205  4205 I SubLauncher:SubLauncherStateManager@232606011: setScreenOff: screenOn=true -> false
03-13 18:36:45.908  1993  1993 D vendor.qti.bluetooth@1.1-ibs_handler: DeviceWakeUp: Unblocked from waiting for FC, pthread_cond_timedwait ret = 0
03-13 18:36:45.908  4205  4205 I SubLauncher:SubLauncherNowBarController@192055129: isExpandedCardState false -> false
03-13 18:36:45.908  4205  4205 I SubLauncher:SubLauncherStateManager@232606011: setNowBarCardClicked: false -> false
03-13 18:36:45.908  4205  4205 I SubLauncher:SubLauncherNowBarExternalViewCardView@13505655: closeSettingViewIfNeeded isSettingViewOpened false noAnimation false
03-13 18:36:45.908  4205  4205 I SubLauncher:SubLauncherNowBarController@192055129: onSettingViewVisibilityChanged visible = false / isExpandedCardState = false
03-13 18:36:45.908  4205  4205 I SubLauncher:SubLauncherStateManager@232606011: setNowBarSettingsViewVisibility: false -> false
03-13 18:36:45.908  4205  4205 I SubLauncher:SubLauncherNowBarController@192055129: updateExpandedClickPanelVisibility expanded false isTopCardSettingViewOpened = false
03-13 18:36:45.908 16161 17325 D BluetoothAdapter: isLeEnabled(): BLE_ON
03-13 18:36:45.908  4205  4205 I SubLauncher:SubLauncherNowBarCardStackView@249169805: updateCardVisibilityBySettingView isExpandedCardState = false  / settingViewOpened false isExpandVIStarted false
03-13 18:36:45.908  4205  4205 I SubLauncherNowBarCardStackView: startAiCardEffect needToHide = true
03-13 18:36:45.908  4205  4205 I NowBarGuidingEffect: hide effectLeftShortCut null effectNowBarCenterView null effectRightShortCut null centerCardView null
03-13 18:36:45.908  4205  4205 I SubLauncher:SubLauncherNowBarCardStackView@249169805: updateVisibilityForExpandedDepthOrder false
03-13 18:36:45.908  4205  4205 I SubLauncher:SubLauncherNowBarController@192055129: focusIndex 1 defaultIndex 1 
03-13 18:36:45.908 16161 17325 I NearbyDiscovery: (REDACTED) ApFastPairScanner: eventType=%s, intReq=%s, scanning=%s, scanAllowed=%s, bleEnabled=%s, lockScanRate=%s, startScanningByLowPowerMode=%s
03-13 18:36:45.908  4205  4205 I SubLauncher:SubLauncherNowBarViewModel@69805067: needToStartStandAloneChargingVI chargingVICardItem = null screenOn = false isActivityResumed = false isDefaultPage = true isAODShowState = false isFolderClosed = false
03-13 18:36:45.908  4205  4205 I SubLauncher:SubLauncherNowBarViewModel@69805067: startStandAloneChargingVINowBar start = false
03-13 18:36:45.908  4205  4205 I SubLauncher:SubLauncherNowBarViewModel@69805067: detachNowBarFromTopWindow null
03-13 18:36:45.908  4205  4881 I VRI[ScreenDecorOverlayCover]@cddcdb0: onDisplayChanged oldDisplayState=1 newDisplayState=1
03-13 18:36:45.908 16161 17325 I NearbyDiscovery: (REDACTED) ApFastPairScanner: Stopping scan, %s
03-13 18:36:45.908  4205  4205 I KeyguardTransitionRepository: STARTED transition: TransitionStep(from=GONE, to=DOZING, value=0.0, transitionState=STARTED, ownerName=FromGoneTransitionInteractor(Sleep transition triggered))
03-13 18:36:45.908 16161 17325 D BluetoothAdapter: isLeEnabled(): BLE_ON
03-13 18:36:45.908  5393  5832 I bluetooth: system/gd/hci/le_scanning_manager.cc:765 stop_scan: Scanning already stopped, return!
03-13 18:36:45.908 16161 17325 D BluetoothLeScanner: Stop Scan with callback
03-13 18:36:45.908  2007  3909 I sensors-hal: qsh_conn_resp_cb:930, resp_value = 0 for activities 
03-13 18:36:45.908  5393  5832 W bluetooth: system/gd/hci/le_scanning_manager.cc:732 start_scan: start_scan
03-13 18:36:45.908  5393  5832 W bluetooth: system/gd/hci/le_scanning_manager.cc:735 start_scan: Register address manager
03-13 18:36:45.908  2007  3909 I sensors-hal: qsh_conn_resp_cb:930, resp_value = 0 for common_info 
03-13 18:36:45.908  5393  5832 I bluetooth: system/gd/hci/le_address_manager.cc:581 GetNextPrivateAddressIntervalRange: client=LeAddressManager, nonwake=8m0s, wake=13m19s
03-13 18:36:45.908  5393  5832 I bluetooth: system/gd/hci/le_address_manager.cc:259 register_client: Scheduled address rotation for first client registered
03-13 18:36:45.908  5393  5832 I bluetooth: system/gd/hci/le_address_manager.cc:263 register_client: Client registered
03-13 18:36:45.908  2053 29123 I QC2V4L2PollThread: [v4lhvcD_710] KPI_L1: Reconfig: ms=25
03-13 18:36:45.908 16161  9503 I NearbySharing: Screen is locked
03-13 18:36:45.908  4205  4205 D SubscreenQsPanelControllerBase: onFolderStateChangedfalse
03-13 18:36:45.908 16161  9503 I NearbySharing: Stopping scanning because the screen is locked.
03-13 18:36:45.908  4205  4205 D SubscreenQsPanelControllerBase: setTiles 
03-13 18:36:45.908  4205  4205 D SubscreenQsPanelControllerBase: adding Tilespec : Wifi
03-13 18:36:45.908  4205  4205 E SecQSPanelResourcePickHelper: need to prepare suitable picker for COVER
03-13 18:36:45.908  4205  4205 E SecQSPanelResourcePickHelper: need to prepare suitable picker for COVER
03-13 18:36:45.908  4205  4205 E SecQSPanelResourcePickHelper: need to prepare suitable picker for COVER
03-13 18:36:45.908  4205  4205 E SecQSPanelResourcePickHelper: need to prepare suitable picker for COVER
03-13 18:36:45.909  4205  4205 E SecQSPanelResourcePickHelper: need to prepare suitable picker for COVER
03-13 18:36:45.909  4205  4205 D SubRoomQsTileBaseView: updateSubscreenTileStroke
03-13 18:36:45.909  3003  4920 I BiometricContextProvider: onDisplayStateChanged: DISPLAY_STATE_NO_UI
03-13 18:36:45.909  4205  4205 D SubscreenQsPanelControllerBase: addTile tile.getTileSpec():  record: com.android.systemui.qs.QSPanelControllerBase$TileRecord@3dae5f1 mSubscreenRecords.size(): 1
03-13 18:36:45.909  4205  4205 D SubscreenQsPanelControllerBase: adding Tilespec : SoundMode
03-13 18:36:45.909  4205  4205 E SecQSPanelResourcePickHelper: need to prepare suitable picker for COVER
03-13 18:36:45.909  4205  4205 E SecQSPanelResourcePickHelper: need to prepare suitable picker for COVER
03-13 18:36:45.909  4205  4205 E SecQSPanelResourcePickHelper: need to prepare suitable picker for COVER
03-13 18:36:45.909  4205  4205 E SecQSPanelResourcePickHelper: need to prepare suitable picker for COVER
03-13 18:36:45.909  4205  4205 E SecQSPanelResourcePickHelper: need to prepare suitable picker for COVER
03-13 18:36:45.909  4205  4205 D SubRoomQsTileBaseView: updateSubscreenTileStroke
03-13 18:36:45.909  4205  4205 D SubscreenQsPanelControllerBase: addTile tile.getTileSpec():  record: com.android.systemui.qs.QSPanelControllerBase$TileRecord@fa985d6 mSubscreenRecords.size(): 2
03-13 18:36:45.909  4205  4205 D SubscreenQsPanelControllerBase: adding Tilespec : Bluetooth
03-13 18:36:45.909  4205  4205 E SecQSPanelResourcePickHelper: need to prepare suitable picker for COVER
03-13 18:36:45.909  4205  4205 E SecQSPanelResourcePickHelper: need to prepare suitable picker for COVER
03-13 18:36:45.909  4205  4205 E SecQSPanelResourcePickHelper: need to prepare suitable picker for COVER
03-13 18:36:45.909  4205  4205 E SecQSPanelResourcePickHelper: need to prepare suitable picker for COVER
03-13 18:36:45.909  4205  4205 E SecQSPanelResourcePickHelper: need to prepare suitable picker for COVER
03-13 18:36:45.909  4205  4205 D SubRoomQsTileBaseView: updateSubscreenTileStroke
03-13 18:36:45.909  4205  4205 D SubscreenQsPanelControllerBase: addTile tile.getTileSpec():  record: com.android.systemui.qs.QSPanelControllerBase$TileRecord@b796057 mSubscreenRecords.size(): 3
03-13 18:36:45.909  4205  4205 D SubscreenQsPanelControllerBase: adding Tilespec : AirplaneMode
03-13 18:36:45.909  4205  4205 E SecQSPanelResourcePickHelper: need to prepare suitable picker for COVER
03-13 18:36:45.909  4205  4205 E SecQSPanelResourcePickHelper: need to prepare suitable picker for COVER
03-13 18:36:45.909  4205  4205 E SecQSPanelResourcePickHelper: need to prepare suitable picker for COVER
03-13 18:36:45.909  4205  4205 E SecQSPanelResourcePickHelper: need to prepare suitable picker for COVER
03-13 18:36:45.909  4205  4205 E SecQSPanelResourcePickHelper: need to prepare suitable picker for COVER
03-13 18:36:45.909  4205  4205 D SubRoomQsTileBaseView: updateSubscreenTileStroke
03-13 18:36:45.909  4205  4205 D SubscreenQsPanelControllerBase: addTile tile.getTileSpec():  record: com.android.systemui.qs.QSPanelControllerBase$TileRecord@852b744 mSubscreenRecords.size(): 4
03-13 18:36:45.909  4205  4205 D SubscreenQsPanelControllerBase: adding Tilespec : Flashlight
03-13 18:36:45.909  4205  4205 E SecQSPanelResourcePickHelper: need to prepare suitable picker for COVER
03-13 18:36:45.909  4205  4205 E SecQSPanelResourcePickHelper: need to prepare suitable picker for COVER
03-13 18:36:45.909  4205  4205 E SecQSPanelResourcePickHelper: need to prepare suitable picker for COVER
03-13 18:36:45.909  4205  4205 E SecQSPanelResourcePickHelper: need to prepare suitable picker for COVER
03-13 18:36:45.909  4205  4205 E SecQSPanelResourcePickHelper: need to prepare suitable picker for COVER
03-13 18:36:45.909  4205  4205 D SubRoomQsTileBaseView: updateSubscreenTileStroke
03-13 18:36:45.909  4205  4205 D SubscreenQsPanelControllerBase: addTile tile.getTileSpec():  record: com.android.systemui.qs.QSPanelControllerBase$TileRecord@1a6f02d mSubscreenRecords.size(): 5
03-13 18:36:45.909  4205  4205 D SubscreenQsPanelControllerBase: adding Tilespec : MobileData
03-13 18:36:45.909  4205  4205 E SecQSPanelResourcePickHelper: need to prepare suitable picker for COVER
03-13 18:36:45.909  4205  4205 E SecQSPanelResourcePickHelper: need to prepare suitable picker for COVER
03-13 18:36:45.909  4205  4362 D Tile.WifiTile: handleUpdateState isTransient=false transientEnabling =false cb.isTransient=false state.state = 2 mStateBeforeClick.value =false enabled =true
03-13 18:36:45.909  4205  4205 E SecQSPanelResourcePickHelper: need to prepare suitable picker for COVER
03-13 18:36:45.909  4205  4205 E SecQSPanelResourcePickHelper: need to prepare suitable picker for COVER
03-13 18:36:45.909  4205  4205 E SecQSPanelResourcePickHelper: need to prepare suitable picker for COVER
03-13 18:36:45.909  4205  4205 D SubRoomQsTileBaseView: updateSubscreenTileStroke
03-13 18:36:45.909  4205  4205 D SubscreenQsPanelControllerBase: addTile tile.getTileSpec():  record: com.android.systemui.qs.QSPanelControllerBase$TileRecord@6603b0 mSubscreenRecords.size(): 6
03-13 18:36:45.909  4205  4205 D SubscreenQsPanelControllerBase: adding Tilespec : custom(com.samsung.android.app.smartcapture/com.samsung.android.app.screenrecorder.view.RecordScreenTile)
03-13 18:36:45.909  4205  4205 E SecQSPanelResourcePickHelper: need to prepare suitable picker for COVER
03-13 18:36:45.909  4205  4205 E SecQSPanelResourcePickHelper: need to prepare suitable picker for COVER
03-13 18:36:45.909  4205  4205 E SecQSPanelResourcePickHelper: need to prepare suitable picker for COVER
03-13 18:36:45.909  4205  4205 E SecQSPanelResourcePickHelper: need to prepare suitable picker for COVER
03-13 18:36:45.909  4205  4205 E SecQSPanelResourcePickHelper: need to prepare suitable picker for COVER
03-13 18:36:45.909  4205  4205 D SubRoomQsTileBaseView: updateSubscreenTileStroke
03-13 18:36:45.909  4205  4205 D SubscreenQsPanelControllerBase: addTile tile.getTileSpec():  record: com.android.systemui.qs.QSPanelControllerBase$TileRecord@aaf6229 mSubscreenRecords.size(): 7
03-13 18:36:45.910  4205  4205 D SubscreenQsPanelControllerBase: adding Tilespec : custom(com.samsung.android.app.routines/.LifestyleModeTile)
03-13 18:36:45.910  4205  4362 D Tile.SoundModeTile: handleUpdateState: profile 0, muteAllSound false
03-13 18:36:45.910  4205  4205 E SecQSPanelResourcePickHelper: need to prepare suitable picker for COVER
03-13 18:36:45.910  4205  4205 E SecQSPanelResourcePickHelper: need to prepare suitable picker for COVER
03-13 18:36:45.910  4205  4205 E SecQSPanelResourcePickHelper: need to prepare suitable picker for COVER
03-13 18:36:45.910  4832 28020 I HoneySpace.SystemUiRepository: systemUiFlags: overview_disabled|home_disabled|navbar_hidden|allow_gesture|back_disabled|wakefulness_transition
03-13 18:36:45.910  4205  4205 E SecQSPanelResourcePickHelper: need to prepare suitable picker for COVER
03-13 18:36:45.910  4205  4205 E SecQSPanelResourcePickHelper: need to prepare suitable picker for COVER
03-13 18:36:45.910  4205  4205 D SubRoomQsTileBaseView: updateSubscreenTileStroke
03-13 18:36:45.910  4832  4895 I HoneySpace.TaskbarEventTracker: invokeEvent() called with: event = SystemUiStateChanged(stateFlags=541196674)
03-13 18:36:45.910  4205  4205 D SubscreenQsPanelControllerBase: addTile tile.getTileSpec():  record: com.android.systemui.qs.QSPanelControllerBase$TileRecord@6ca034f mSubscreenRecords.size(): 8
03-13 18:36:45.910  4205  4205 D SubscreenQsPanelControllerBase: adding Tilespec : Dnd
03-13 18:36:45.910  4205  4205 E SecQSPanelResourcePickHelper: need to prepare suitable picker for COVER
03-13 18:36:45.910  4205  4205 E SecQSPanelResourcePickHelper: need to prepare suitable picker for COVER
03-13 18:36:45.910  4205  4205 E SecQSPanelResourcePickHelper: need to prepare suitable picker for COVER
03-13 18:36:45.910  4205  4205 E SecQSPanelResourcePickHelper: need to prepare suitable picker for COVER
03-13 18:36:45.910  4205  4362 D SBluetoothTile:  handleUpdateState enabled = false connected = false connecting = false changedState =false bluetoothState = 10 enabledChanging = false state = QSTile$BooleanState[spec=Bluetooth,icon=ResourceIcon[resId=0x7f080f78],nextIcon=null,iconSupplier=null,label=Bluetooth,secondaryLabel=,contentDescription=Bluetooth,stateDescription=null,dualLabelContentDescription=null,expandedAccessibilityClassName=null,disabledByPolicy=false,dualTarget=true,isTransient=false,handlesSecondaryClick=false,state=1,sideViewCustomDrawable=null,tileClassName=null,value=false,forceExpandIcon=false]
03-13 18:36:45.910  4205  4205 E SecQSPanelResourcePickHelper: need to prepare suitable picker for COVER
03-13 18:36:45.910  4205  4205 D SubRoomQsTileBaseView: updateSubscreenTileStroke
03-13 18:36:45.910  4205  4205 D SubscreenQsPanelControllerBase: addTile tile.getTileSpec():  record: com.android.systemui.qs.QSPanelControllerBase$TileRecord@8b2f7e5 mSubscreenRecords.size(): 9
03-13 18:36:45.910  4205  4205 D SubscreenQsPanelControllerBase: setTiles 
03-13 18:36:45.910  4205  4205 D SubscreenQsPanelControllerBase: adding Tilespec : Wifi
03-13 18:36:45.910  4205  4205 E SecQSPanelResourcePickHelper: need to prepare suitable picker for COVER
03-13 18:36:45.910  4205  4205 E SecQSPanelResourcePickHelper: need to prepare suitable picker for COVER
03-13 18:36:45.910  4205  4205 E SecQSPanelResourcePickHelper: need to prepare suitable picker for COVER
03-13 18:36:45.910  4205  4205 E SecQSPanelResourcePickHelper: need to prepare suitable picker for COVER
03-13 18:36:45.910  4205  4205 E SecQSPanelResourcePickHelper: need to prepare suitable picker for COVER
03-13 18:36:45.910  4205  4205 D SubRoomQsTileBaseView: updateSubscreenTileStroke
03-13 18:36:45.910  4205  4205 D SubscreenQsPanelControllerBase: addTile tile.getTileSpec():  record: com.android.systemui.qs.QSPanelControllerBase$TileRecord@bd982ba mSubscreenRecords.size(): 1
03-13 18:36:45.910  4205  4205 D SubscreenQsPanelControllerBase: adding Tilespec : SoundMode
03-13 18:36:45.910  4205  4205 E SecQSPanelResourcePickHelper: need to prepare suitable picker for COVER
03-13 18:36:45.910  5393  5404 I bt_shim_scanner: system/main/shim/le_scanning_manager.cc:141 Unregister: in shim layer, scannerId=2
03-13 18:36:45.910  4205  4205 E SecQSPanelResourcePickHelper: need to prepare suitable picker for COVER
03-13 18:36:45.910  4205  4205 E SecQSPanelResourcePickHelper: need to prepare suitable picker for COVER
03-13 18:36:45.910  4205  4205 E SecQSPanelResourcePickHelper: need to prepare suitable picker for COVER
03-13 18:36:45.910  5393  5832 W bluetooth: system/gd/hci/le_scanning_manager.cc:697 unregister_scanner: unregister_scanner
03-13 18:36:45.910  4205  4205 E SecQSPanelResourcePickHelper: need to prepare suitable picker for COVER
03-13 18:36:45.910  4205  4205 D SubRoomQsTileBaseView: updateSubscreenTileStroke
03-13 18:36:45.910  1993  6685 I vendor.qti.bluetooth@1.1-ibs_handler: ProcessIbsCmd: Received IBS_WAKE_IND: 0xFD
03-13 18:36:45.910  4205  4205 D SubscreenQsPanelControllerBase: addTile tile.getTileSpec():  record: com.android.systemui.qs.QSPanelControllerBase$TileRecord@74d856b mSubscreenRecords.size(): 2
03-13 18:36:45.910  4205  4205 D SubscreenQsPanelControllerBase: adding Tilespec : Bluetooth
03-13 18:36:45.911  1993  6685 I vendor.qti.bluetooth@1.1-ibs_handler: ProcessIbsCmd: Writing IBS_WAKE_ACK
03-13 18:36:45.911  4205  4205 E SecQSPanelResourcePickHelper: need to prepare suitable picker for COVER
03-13 18:36:45.911  4205  4205 E SecQSPanelResourcePickHelper: need to prepare suitable picker for COVER
03-13 18:36:45.911  4205  4205 E SecQSPanelResourcePickHelper: need to prepare suitable picker for COVER
03-13 18:36:45.911  4205  4205 E SecQSPanelResourcePickHelper: need to prepare suitable picker for COVER
03-13 18:36:45.911  4205  4205 E SecQSPanelResourcePickHelper: need to prepare suitable picker for COVER
03-13 18:36:45.911  4205  4205 D SubRoomQsTileBaseView: updateSubscreenTileStroke
03-13 18:36:45.911  4205  4205 D SubscreenQsPanelControllerBase: addTile tile.getTileSpec():  record: com.android.systemui.qs.QSPanelControllerBase$TileRecord@66a98c8 mSubscreenRecords.size(): 3
03-13 18:36:45.911  4205  4205 D SubscreenQsPanelControllerBase: adding Tilespec : AirplaneMode
03-13 18:36:45.911  4205  4205 E SecQSPanelResourcePickHelper: need to prepare suitable picker for COVER
03-13 18:36:45.911  4205  4205 E SecQSPanelResourcePickHelper: need to prepare suitable picker for COVER
03-13 18:36:45.911  4205  4205 E SecQSPanelResourcePickHelper: need to prepare suitable picker for COVER
03-13 18:36:45.911  5393  6882 I bt_shim_scanner: system/main/shim/le_scanning_manager.cc:197 ScanFilterParamSetup: in shim layer, clientIf=2
03-13 18:36:45.911  4205  4205 E SecQSPanelResourcePickHelper: need to prepare suitable picker for COVER
03-13 18:36:45.911  4205  4205 E SecQSPanelResourcePickHelper: need to prepare suitable picker for COVER
03-13 18:36:45.911  4205  4205 D SubRoomQsTileBaseView: updateSubscreenTileStroke
03-13 18:36:45.911  4205  4205 D SubscreenQsPanelControllerBase: addTile tile.getTileSpec():  record: com.android.systemui.qs.QSPanelControllerBase$TileRecord@8a02d61 mSubscreenRecords.size(): 4
03-13 18:36:45.911  4205  4205 D SubscreenQsPanelControllerBase: adding Tilespec : Flashlight
03-13 18:36:45.911  4205  4205 E SecQSPanelResourcePickHelper: need to prepare suitable picker for COVER
03-13 18:36:45.911  4205  4205 E SecQSPanelResourcePickHelper: need to prepare suitable picker for COVER
03-13 18:36:45.911  4205  4205 E SecQSPanelResourcePickHelper: need to prepare suitable picker for COVER
03-13 18:36:45.911  4205  4205 E SecQSPanelResourcePickHelper: need to prepare suitable picker for COVER
03-13 18:36:45.911  5393  6882 E ScanManager: [GSIM LOG]: gsimLogHandler, msg: MESSAGE_SCAN_STOP, appName: com.google.android.gms, scannerId: 2, reportDelayMillis=0
03-13 18:36:45.911  2092  3859 I SSC_DAEMON: light_event_log:185, light_msg(4/15): lcd off - 0,-1,-1,0
03-13 18:36:45.911  4205  4205 E SecQSPanelResourcePickHelper: need to prepare suitable picker for COVER
03-13 18:36:45.911  4205  4205 D SubRoomQsTileBaseView: updateSubscreenTileStroke
03-13 18:36:45.911  4205  4205 D SubscreenQsPanelControllerBase: addTile tile.getTileSpec():  record: com.android.systemui.qs.QSPanelControllerBase$TileRecord@40d1086 mSubscreenRecords.size(): 5
03-13 18:36:45.911  4205  4205 D SubscreenQsPanelControllerBase: adding Tilespec : MobileData
03-13 18:36:45.911  4205  4205 E SecQSPanelResourcePickHelper: need to prepare suitable picker for COVER
03-13 18:36:45.911  4205  4205 E SecQSPanelResourcePickHelper: need to prepare suitable picker for COVER
03-13 18:36:45.911  4205  4205 E SecQSPanelResourcePickHelper: need to prepare suitable picker for COVER
03-13 18:36:45.911  4205  4205 E SecQSPanelResourcePickHelper: need to prepare suitable picker for COVER
03-13 18:36:45.911  2092  2092 I SSC_DAEMON: handleSensorTestReqMsg:85, Sensor type :20, Msg type:15
03-13 18:36:45.911  4205  4205 E SecQSPanelResourcePickHelper: need to prepare suitable picker for COVER
03-13 18:36:45.911  4205  4205 D SubRoomQsTileBaseView: updateSubscreenTileStroke
03-13 18:36:45.911  2092  2092 I SSC_DAEMON: physicalSensorTestReqMsg:162, 0.algo_id:26, num:1
03-13 18:36:45.912  4205  4205 D SubscreenQsPanelControllerBase: addTile tile.getTileSpec():  record: com.android.systemui.qs.QSPanelControllerBase$TileRecord@23d0d47 mSubscreenRecords.size(): 6
03-13 18:36:45.912  4205  4205 D SubscreenQsPanelControllerBase: adding Tilespec : custom(com.samsung.android.app.smartcapture/com.samsung.android.app.screenrecorder.view.RecordScreenTile)
03-13 18:36:45.912  4205  4205 E SecQSPanelResourcePickHelper: need to prepare suitable picker for COVER
03-13 18:36:45.912  4205  4205 E SecQSPanelResourcePickHelper: need to prepare suitable picker for COVER
03-13 18:36:45.912  4205  4205 E SecQSPanelResourcePickHelper: need to prepare suitable picker for COVER
03-13 18:36:45.912  4205  4205 E SecQSPanelResourcePickHelper: need to prepare suitable picker for COVER
03-13 18:36:45.912  4205  4205 E SecQSPanelResourcePickHelper: need to prepare suitable picker for COVER
03-13 18:36:45.912  4205  4205 D SubRoomQsTileBaseView: updateSubscreenTileStroke
03-13 18:36:45.912  4205  4205 D SubscreenQsPanelControllerBase: addTile tile.getTileSpec():  record: com.android.systemui.qs.QSPanelControllerBase$TileRecord@9f47974 mSubscreenRecords.size(): 7
03-13 18:36:45.912  4205  4205 D SubscreenQsPanelControllerBase: adding Tilespec : custom(com.samsung.android.app.routines/.LifestyleModeTile)
03-13 18:36:45.912  4205  4205 E SecQSPanelResourcePickHelper: need to prepare suitable picker for COVER
03-13 18:36:45.912  4205  4205 E SecQSPanelResourcePickHelper: need to prepare suitable picker for COVER
03-13 18:36:45.912  4205  4205 E SecQSPanelResourcePickHelper: need to prepare suitable picker for COVER
03-13 18:36:45.912  4205  4205 E SecQSPanelResourcePickHelper: need to prepare suitable picker for COVER
03-13 18:36:45.912  4205  4205 E SecQSPanelResourcePickHelper: need to prepare suitable picker for COVER
03-13 18:36:45.912  4205  4205 D SubRoomQsTileBaseView: updateSubscreenTileStroke
03-13 18:36:45.912  4205  4205 D SubscreenQsPanelControllerBase: addTile tile.getTileSpec():  record: com.android.systemui.qs.QSPanelControllerBase$TileRecord@dd13e9d mSubscreenRecords.size(): 8
03-13 18:36:45.912  4205  4205 D SubscreenQsPanelControllerBase: adding Tilespec : Dnd
03-13 18:36:45.912  2007  3645 I sensors-hal: qsh_conn_event_cb:857, SCHED_FIFO(10) for qmi_cbk
03-13 18:36:45.912  4205  4205 E SecQSPanelResourcePickHelper: need to prepare suitable picker for COVER
03-13 18:36:45.912  3003  3804 I WindowManager: Relayout Window{73f3496 u0 com.instagram.barcelona/com.instagram.barcelona.mainactivity.BarcelonaActivity}: viewVisibility=8 req=1080x2640 ty=1 d0
03-13 18:36:45.912  2007  3645 I sensors-hal: qsh_conn_event_cb:890, event[0] sensor:Pocket mode  Wakeup, msg_id=715, ts=5157344992411
03-13 18:36:45.912  4205  4205 E SecQSPanelResourcePickHelper: need to prepare suitable picker for COVER
03-13 18:36:45.912  4205  4205 E SecQSPanelResourcePickHelper: need to prepare suitable picker for COVER
03-13 18:36:45.912  2007  3645 E libprotobuf-native: [libprotobuf ERROR external/protobuf/src/google/protobuf/message_lite.cc:133] Can't parse message of type "sns_std_sensor_event" because it is missing required fields: (cannot determine missing fields for lite message)
03-13 18:36:45.912  4205  4205 E SecQSPanelResourcePickHelper: need to prepare suitable picker for COVER
03-13 18:36:45.912  4205  4205 E SecQSPanelResourcePickHelper: need to prepare suitable picker for COVER
03-13 18:36:45.912  4205  4205 D SubRoomQsTileBaseView: updateSubscreenTileStroke
03-13 18:36:45.912  4205  4205 D SubscreenQsPanelControllerBase: addTile tile.getTileSpec():  record: com.android.systemui.qs.QSPanelControllerBase$TileRecord@d99af12 mSubscreenRecords.size(): 9
03-13 18:36:45.912  4205  4205 D SubscreenQsPanelControllerBase: setListeningtrue
03-13 18:36:45.912  4205  4205 D SubscreenQsPanelControllerBase: refreshAllTiles
03-13 18:36:45.912  3003  3804 D BLASTSyncEngine: SyncGroup 9218:  Unfinished container: WindowToken{8004a5b type=2024 android.os.BinderProxy@d7bba75} mSyncState=2
03-13 18:36:45.912  4205  4205 D SubscreenPagedTileLayout: setTilePageHeight pageHeight: 438
03-13 18:36:45.912  4205  4205 D SubscreenTileLayout: updateResources columns: 4 mMaxCellHeight: 100 mMaxAllowedRows: 3 mCellWidth: 111
03-13 18:36:45.912  2007  2007 I sensors-hal: activate:300, com.samsung.sensor.light_seamless/1782 en=0
03-13 18:36:45.912  4205  4205 D AppController: isFolderOpened = false
03-13 18:36:45.912  4205  4205 D AppController: folderClosed : unregist SensorManager 
03-13 18:36:45.912  2007  2007 I sensors-hal: send_sync_sensor_request:508, send sync request
03-13 18:36:45.912  2007  2007 I sensors-hal: send_sync_sensor_request:518, send_sync_sensor_request before send_request for light_seamless with SUID low=11039298318857557060 high=1340270623893619472
03-13 18:36:45.912  2007  2007 I sensors-hal: send_sync_sensor_request:537, wait for notification of response
03-13 18:36:45.913  2007  3645 I sensors-hal: qsh_conn_resp_cb:930, resp_value = 0 for light_seamless 
03-13 18:36:45.913  6103  6103 W ContextImpl: Calling a method in the system process without a qualified user: android.app.ContextImpl.startService:2068 android.content.ContextWrapper.startService:872 android.content.ContextWrapper.startService:872 com.sec.android.diagmonagent.sa.receiver.CFLogReceiver.onReceive:56 android.app.ActivityThread.handleReceiver:5663 
03-13 18:36:45.913  3003  3804 I WindowManager: Relayout hash=73f3496, pid=28207, syncId=-1: mAttrs={(0,0)(fillxfill) sim={adjust=resize forwardNavigation} layoutInDisplayCutoutMode=always ty=BASE_APPLICATION wanim=0x1030317
03-13 18:36:45.913  3003  3804 I WindowManager:   fl=81810100
03-13 18:36:45.913  3003  3804 I WindowManager:   pfl=100088c0
03-13 18:36:45.913  3003  3804 I WindowManager:   fitSides=0
03-13 18:36:45.913  3003  3804 I WindowManager:   frameRateBoostOnTouch=true
03-13 18:36:45.913  3003  3804 I WindowManager:   dvrrWindowFrameRateHint=true naviIconColor=0}
03-13 18:36:45.913  2007  2007 I sensors-hal: send_sync_sensor_request:543, takes 0 ms to receive the response with 0
03-13 18:36:45.913  2007  2007 I sensors-hal: activate:330, com.samsung.sensor.light_seamless/1782 en=0 completed
03-13 18:36:45.913  2092  3859 I SSC_DAEMON: pocketModeOptionDefineEvent:23, 2
03-13 18:36:45.914 16161  9503 I NearbySharing: Stopping Fast Init advertisement because Bluetooth is off.
03-13 18:36:45.914  2007  2007 I sensors-hal: activate:300, android.sensor.device_orientation/271 en=0
03-13 18:36:45.914  2007  2007 I sensors-hal: deactivate:283, auto_rotation: 1, type 2
03-13 18:36:45.914  2007  2007 I sensors-hal: send_sync_sensor_request:508, send sync request
03-13 18:36:45.914  2007  2007 I sensors-hal: send_sync_sensor_request:518, send_sync_sensor_request before send_request for auto_rotation with SUID low=8603657889541918976 high=1320970896291267344
03-13 18:36:45.914 16161  9503 I NearbySharing: Stopping advertising because Bluetooth is disabled.
03-13 18:36:45.914  2007  2007 I sensors-hal: send_sync_sensor_request:537, wait for notification of response
03-13 18:36:45.914 16161  9503 I NearbySharing: Stopping FastInitiation scanning because the screen is locked.
03-13 18:36:45.914 16161  9503 D BluetoothAdapter: isLeEnabled(): BLE_ON
03-13 18:36:45.914 16161  9503 D BluetoothLeScanner: Stop Scan with callback
03-13 18:36:45.914  2007 12669 I sensors-hal: qsh_conn_resp_cb:930, resp_value = 0 for auto_rotation 
03-13 18:36:45.914  2007  2007 I sensors-hal: send_sync_sensor_request:543, takes 0 ms to receive the response with 0
03-13 18:36:45.914  2007  2007 I sensors-hal: activate:330, android.sensor.device_orientation/271 en=0 completed
03-13 18:36:45.914  4205  4205 D SensorManager: unregisterListener
03-13 18:36:45.914  4205  4205 D KeyguardEditModeController: onFolderStateChangedfalse
03-13 18:36:45.914  4205  4205 D KeyguardEditModeController: cancel() true
03-13 18:36:45.914  4205  4205 D SubScreenManager: onFolderStateChanged() opened = false
03-13 18:36:45.914  4205  4205 I SubLauncher:SubLauncherPluginImpl@102487053: onFolderStateChanged: isFolderOpened=false
03-13 18:36:45.914  4205  4205 I SubLauncher:SubLauncherStateManager@232606011: setFoldClosed: false -> true
03-13 18:36:45.915  4205  4205 I NotificationIconsOnlyContainer: updateIconColor() : B3000000, 
03-13 18:36:45.915  4205  4205 D PluginAODManager: requestVisibleNotifications()
03-13 18:36:45.915  4205  4205 I AODNotificationManager: setTagId() 2131365301
03-13 18:36:45.915  4205  4205 I LockscreenNotificationManager: refreshLockScreenNotifications: AOD_REQUEST_NOTIFICATIONS
03-13 18:36:45.915  3003  3911 D SensorService: setSContextDataLocked ints length 3 , byte length 5
03-13 18:36:45.915  3003  3911 D SensorService: setSContextDataLocked 24160ec1
03-13 18:36:45.915  4205  4362 D DeviceState: isESIM() :0 : false
03-13 18:36:45.915  4205  4205 I SubLauncher:SubLauncherStateManager@232606011: setNotiCountText: 5 -> 
03-13 18:36:45.915  4205  4205 I SubLauncher:SubLauncherNotificationIconsOnlyController: clockView or notiCount is changed set notiCount=
03-13 18:36:45.915  4205  4205 I SubLauncher:SubLauncherClockStatusBarController@43446542: batteryVisible:8 isFolderClosed:true batteryVisibility:8 isInformativeClock:false showInformativeAODBattery:false isDozing:false isChargingVIProcessing:false curIsChargingVIProcessing:false
03-13 18:36:45.915  4205  4205 I SubLauncher:SubLauncherClockStatusBarController@43446542: updateBatteryVisibility curIsChargingVIProcessing:false isChargingVIProcessing:false isCharging:false batteryVisible:8
03-13 18:36:45.915  2007  2007 I sensors-hal: inject_sensor_data:407, handle 1502 send inject
03-13 18:36:45.915  2007  2007 I sensors-hal: sendContextData:290, sensor hal 5, (0xc1, 0xe, 0x16, 0x24)
03-13 18:36:45.915  2007  2007 I sensors-hal: sendContextData:230, activities 5 c1, 1
03-13 18:36:45.915  2007  2007 I sensors-hal: sendUserData:251, Activities cmd 0xc1 0xe
03-13 18:36:45.915  2007  2007 I sensors-hal: sendUserData:265, Activities system time h 22 m 36 s 45
03-13 18:36:45.915  2007  2007 I sensors-hal: create_send_context_data:80, sending create_send_context_data
03-13 18:36:45.915  4205  4205 I SubLauncher:SubLauncherClockController@19943652: onTick()
03-13 18:36:45.915  4205  4205 I ModuleClockView_SUB_LAUNCHER_1@80: refresh : true
03-13 18:36:45.915  2007  2007 I sensors-hal: send_context_data:694, activities, 4914309220830019584, 1320970896291267344, msgid:700
03-13 18:36:45.915  4205  4205 I ModuleClockView_SUB_LAUNCHER_1@80: onTimeChanged : [DateTimeInfo : date = Fri, March 13, hourMin = 6:36, hourMinSec = , hour = 6, minute = 36, amPm  = PM, colon = :, second = , timezone = null, isLeftOfAmPm = false, ttsDate = Friday, March 13], timeInMillis = 1773441405915
03-13 18:36:45.915  4205  4205 I ModuleClockView_SUB_LAUNCHER_1@80: updatePaletteItemTransition : paletteItem = SOLID color : FF4E2A23, animation = false, dozeAmount = 0.0
03-13 18:36:45.915  4205  4205 I DigitalVerticalClockView_SUB_LAUNCHER_1@57: refresh : true
03-13 18:36:45.916  4205  4362 D DeviceState: isEuicc() :1 : true
03-13 18:36:45.916  4205  4362 D Tile.AirplaneModeTile:  handleUpdateState mIsWiFiOnlyDevice false isNoSimState true isPowerOffServiceState true mSetting.getValue() 0 isSatelliteModeOn false isChinaDevice false
03-13 18:36:45.916  4205  4362 D Tile.AirplaneModeTile:  handleUpdateState:  value = false, state = 1
03-13 18:36:45.916 28207 28207 I VRI[BarcelonaActivity]@5e8f79d: Relayout returned: old=(0,0,1080,2640) new=(0,0,1080,2640) relayoutAsync=false req=(1080,2640)8 dur=5 res=0x2 s={false 0x0} ch=true seqId=0
03-13 18:36:45.916 28207 28207 D VRI[BarcelonaActivity]@5e8f79d: Not drawing due to not visible. Reason=!mAppVisible && !mForceDecorViewVisibility
03-13 18:36:45.916  4205  4205 I DigitalVerticalClockView_SUB_LAUNCHER_1@57: onTimeChanged : [DateTimeInfo : date = Fri, March 13, hourMin = 6:36, hourMinSec = , hour = 6, minute = 36, amPm  = PM, colon = :, second = , timezone = null, isLeftOfAmPm = false, ttsDate = Friday, March 13], timeInMillis = 1773441405915
03-13 18:36:45.916  4205  4205 I DigitalVerticalClockView_SUB_LAUNCHER_1@57: updatePaletteItemTransition : paletteItem = SOLID color : FF4E2A23, animation = false, dozeAmount = 0.0
03-13 18:36:45.917 28207 28207 W WindowOnBackDispatcher: sendCancelIfRunning: isInProgress=false callback=X.01g@9bc4a87
03-13 18:36:45.917  4205  4205 I SubScreenPositionControllerImpl[SUB_CLOCK_AOD]: getNextDirection: mHorizontalDirection = RIGHT, mVerticalDirection = DOWN
03-13 18:36:45.917  4205  4205 I SubScreenPositionControllerImpl[SUB_CLOCK_AOD]: updateCurrentPosition: horizontalDistance = 2, verticalDistance = 3, mHorizontalMoveCount = 1
03-13 18:36:45.917  4205  4205 I SubScreenPositionControllerImpl[SUB_CLOCK_AOD]: updateCurrentPosition: mCurPoint = Point(14, 0), mRange = Rect(-27, -59 - 27, 59)
03-13 18:36:45.917  4205  4205 I SubScreenPositionControllerImpl[SUB_CLOCK_AOD]: setAODFinalPosition() mAODFinalPosition = [14,0], offset[Point(0, 0)]
03-13 18:36:45.917  4205  4205 I SubScreenPositionControllerImpl[SUB_CLOCK_AOD]: updatePosition: mCurPoint = Point(14, 0), mRange = Rect(-27, -59 - 27, 59), count = 2, interval = 10, offset= Point(0, 0)
03-13 18:36:45.917  4205  4205 I SubScreenPositionControllerImpl[SUB_CLOCK_AOD]: getRandomFinalPosition() [14,0]
03-13 18:36:45.917  4205  4205 I SubLauncher:SubLauncherStateManager@232606011: setClockDozePosition: Point(12, -3) -> Point(14, 0)
03-13 18:36:45.917  4205  4205 I SubScreenPositionControllerImpl[SUB_STATUS_BAR_NOTI]: getNextDirection: mHorizontalDirection = RIGHT, mVerticalDirection = DOWN
03-13 18:36:45.917  4205  4205 I SubScreenPositionControllerImpl[SUB_STATUS_BAR_NOTI]: updateCurrentPosition: horizontalDistance = 2, verticalDistance = 3, mHorizontalMoveCount = 1
03-13 18:36:45.917  4205  4205 I SubScreenPositionControllerImpl[SUB_STATUS_BAR_NOTI]: updateCurrentPosition: mCurPoint = Point(10, 14), mRange = Rect(0, -11 - 22, 11)
03-13 18:36:45.917  4205  4205 I SubScreenPositionControllerImpl[SUB_STATUS_BAR_NOTI]: setAODFinalPosition() mAODFinalPosition = [10,14], offset[Point(0, 0)]
03-13 18:36:45.917  4205  4205 I SubScreenPositionControllerImpl[SUB_STATUS_BAR_NOTI]: updatePosition: mCurPoint = Point(10, 14), mRange = Rect(0, -11 - 22, 11), count = 2, interval = 10, offset= Point(0, 0)
03-13 18:36:45.917  4205  4205 I SubScreenPositionControllerImpl[SUB_STATUS_BAR_BATTERY]: getNextDirection: mHorizontalDirection = RIGHT, mVerticalDirection = DOWN
03-13 18:36:45.917  4205  4205 I SubScreenPositionControllerImpl[SUB_STATUS_BAR_BATTERY]: updateCurrentPosition: horizontalDistance = 2, verticalDistance = 3, mHorizontalMoveCount = 1
03-13 18:36:45.917  4205  4205 I SubScreenPositionControllerImpl[SUB_STATUS_BAR_BATTERY]: updateCurrentPosition: mCurPoint = Point(-8, -5), mRange = Rect(-22, -11 - 0, 11)
03-13 18:36:45.917  4205  4205 I SubScreenPositionControllerImpl[SUB_STATUS_BAR_BATTERY]: setAODFinalPosition() mAODFinalPosition = [-8,-5], offset[Point(0, 0)]
03-13 18:36:45.917  4205  4205 I SubScreenPositionControllerImpl[SUB_STATUS_BAR_BATTERY]: updatePosition: mCurPoint = Point(-8, -5), mRange = Rect(-22, -11 - 0, 11), count = 2, interval = 10, offset= Point(0, 0)
03-13 18:36:45.917  4205  4205 I SubScreenPositionControllerImpl[SUB_STATUS_BAR_NOTI]: getRandomFinalPosition() [10,14]
03-13 18:36:45.917  4205  4205 I SubScreenPositionControllerImpl[SUB_STATUS_BAR_BATTERY]: setFinalPositionY(14) Point(-8, -5) -> Point(-8, 14)
03-13 18:36:45.917  4205  4205 I SubScreenPositionControllerImpl[SUB_STATUS_BAR_NOTI]: getRandomFinalPosition() [10,14]
03-13 18:36:45.917  4205  4205 I SubLauncher:SubLauncherStateManager@232606011: setNIODozePosition: Point(8, 11) -> Point(10, 14)
03-13 18:36:45.917  4205  4205 I SubScreenPositionControllerImpl[SUB_STATUS_BAR_BATTERY]: getRandomFinalPosition() [-8,14]
03-13 18:36:45.917  4205  4205 I SubLauncher:SubLauncherStateManager@232606011: setBatteryDozePosition: Point(-10, 11) -> Point(-8, 14)
03-13 18:36:45.917  4205  4205 I SubLauncher:SubLauncherNotificationIndicatorViewController@50422211: onTick
03-13 18:36:45.917  4205  4205 I SubScreenPositionControllerImpl[SUB_NOTI_INDICATOR]: initPosition: mRange = Rect(0, -7 - 14, 7), mParams = ViewPositionParams {name = SUB_NOTI_INDICATOR, width = 13, height = 13, left = 0, top = 0, right = 0, bottom = 0, offset = Point(0, 0), interval = 10, gravity = 8388627, high = false, baseScreenSizeRate = 1.0, initialBottomMargin = 0}
03-13 18:36:45.917 28207 28207 I VRI[BarcelonaActivity]@5e8f79d: stopped(true) old = false
03-13 18:36:45.917  4205  4205 I SubScreenPositionControllerImpl[SUB_NOTI_INDICATOR]: setAODFinalPosition() mAODFinalPosition = [9,-6], offset[Point(0, 0)]
