--------- beginning of main
03-13 18:25:25.767 16874 16874 I View    : setRequestedFrameRate frameRate=NaN, this=androidx.compose.ui.platform.AndroidComposeView{b25c828 VFED..... ........ 0,0-1080,2640 aid=1073741824}, caller=android.view.ViewGroup.setRequestedFrameRate:9952 X.Hsl.A00:0 androidx.compose.ui.platform.AndroidComposeView.dispatchDraw:85 android.view.View.draw:26345 android.view.View.updateDisplayListIfDirty:25175 
03-13 18:25:25.768 16874 16874 I View    : setRequestedFrameRate frameRate=NaN, this=android.view.View{fcfe7c2 V.ED..... ........ 0,0-0,0}, caller=X.Hsl.A00:0 androidx.compose.ui.platform.AndroidComposeView.dispatchDraw:104 android.view.View.draw:26345 android.view.View.updateDisplayListIfDirty:25175 android.view.ViewGroup.recreateChildDisplayList:4794 
03-13 18:25:25.784  3003  5506 I NSLocationMonitor: getGPSUsingApps() called
03-13 18:25:25.786  5490 20244 I NSLocationManager_FLP: getGPSUsingApps, No change
--------- beginning of system
03-13 18:25:25.794  3003  5506 D MARs:ActiveTrafficFilter: filter : com.samsung.android.aremoji(0)
03-13 18:25:25.794  3003  5506 D FreecessHandler: freeze com.samsung.android.aremoji(10044) result : 8
03-13 18:25:25.794  3003  5506 I NSLocationMonitor: getGPSUsingApps() called
03-13 18:25:25.794  5490 20244 I NSLocationManager_FLP: getGPSUsingApps, No change
03-13 18:25:25.800  3003  5506 D MARs:ActiveTrafficFilter: filter : com.sec.android.gallery3d(0)
03-13 18:25:25.800  3003  5506 D FreecessHandler: freeze com.sec.android.gallery3d(10127) result : 8
03-13 18:25:25.800  3003  5506 I NSLocationMonitor: getGPSUsingApps() called
03-13 18:25:25.800 16874 16874 I View    : setRequestedFrameRate frameRate=NaN, this=androidx.compose.ui.platform.AndroidComposeView{b25c828 VFED..... ........ 0,0-1080,2640 aid=1073741824}, caller=android.view.ViewGroup.setRequestedFrameRate:9952 X.Hsl.A00:0 androidx.compose.ui.platform.AndroidComposeView.dispatchDraw:85 android.view.View.draw:26345 android.view.View.updateDisplayListIfDirty:25175 
03-13 18:25:25.800  5490 20244 I NSLocationManager_FLP: getGPSUsingApps, No change
03-13 18:25:25.800 16874 16874 I View    : setRequestedFrameRate frameRate=NaN, this=android.view.View{fcfe7c2 V.ED..... ........ 0,0-0,0}, caller=X.Hsl.A00:0 androidx.compose.ui.platform.AndroidComposeView.dispatchDraw:104 android.view.View.draw:26345 android.view.View.updateDisplayListIfDirty:25175 android.view.ViewGroup.recreateChildDisplayList:4794 
03-13 18:25:25.804  2053 17671 W QC2Comp : [av1D_660] Skipping empty output buffer
03-13 18:25:25.805 16874 17670 D CCodecConfig: c2 config diff is   c2::i32 vendor.qti-ext-dec-info-mbi.counter = 82
03-13 18:25:25.805 16874 17670 D CCodecConfig:   Buffer vendor.qti-ext-dec-info-misr.value = 0xb4000071cfa66a40
03-13 18:25:25.806  3003  5506 D MARs:ActiveTrafficFilter: filter : com.samsung.android.game.gamehome(0)
03-13 18:25:25.806  3003  5506 D FreecessHandler: freeze com.samsung.android.game.gamehome(10318) result : 8
03-13 18:25:25.806  3003  5506 I NSLocationMonitor: getGPSUsingApps() called
03-13 18:25:25.809  5490 20244 I NSLocationManager_FLP: getGPSUsingApps, No change
03-13 18:25:25.815  3003  5506 D MARs:ActiveTrafficFilter: filter : com.costco.app.android(0)
03-13 18:25:25.815  3003  5506 D FreecessHandler: freeze com.costco.app.android(10348) result : 8
03-13 18:25:25.816  3003  5506 I NSLocationMonitor: getGPSUsingApps() called
03-13 18:25:25.816  5490 20244 I NSLocationManager_FLP: getGPSUsingApps, No change
03-13 18:25:25.821  3003  5506 D MARs:ActiveTrafficFilter: filter : com.nike.omega(0)
03-13 18:25:25.821  3003  5506 D FreecessHandler: freeze com.nike.omega(10354) result : 8
03-13 18:25:25.822  3003  5506 I NSLocationMonitor: getGPSUsingApps() called
03-13 18:25:25.822  5490 20244 I NSLocationManager_FLP: getGPSUsingApps, No change
03-13 18:25:25.827  3003  5506 D MARs:ActiveTrafficFilter: filter : ctrip.english(0)
03-13 18:25:25.827  3003  5506 D FreecessHandler: freeze ctrip.english(10424) result : 8
03-13 18:25:25.827  3003  5506 I NSLocationMonitor: getGPSUsingApps() called
03-13 18:25:25.828  5490 20244 I NSLocationManager_FLP: getGPSUsingApps, No change
03-13 18:25:25.833  3003  5506 D MARs:ActiveTrafficFilter: filter : com.instagram.android(0)
03-13 18:25:25.833  3003  5506 D FreecessHandler: freeze com.instagram.android(10428) result : 8
03-13 18:25:25.834 16874 16874 I View    : setRequestedFrameRate frameRate=NaN, this=androidx.compose.ui.platform.AndroidComposeView{b25c828 VFED..... ........ 0,0-1080,2640 aid=1073741824}, caller=android.view.ViewGroup.setRequestedFrameRate:9952 X.Hsl.A00:0 androidx.compose.ui.platform.AndroidComposeView.dispatchDraw:85 android.view.View.draw:26345 android.view.View.updateDisplayListIfDirty:25175 
03-13 18:25:25.834 16874 16874 I View    : setRequestedFrameRate frameRate=NaN, this=android.view.View{fcfe7c2 V.ED..... ........ 0,0-0,0}, caller=X.Hsl.A00:0 androidx.compose.ui.platform.AndroidComposeView.dispatchDraw:104 android.view.View.draw:26345 android.view.View.updateDisplayListIfDirty:25175 android.view.ViewGroup.recreateChildDisplayList:4794 
03-13 18:25:25.865 16797 16838 I appium  : channel read: GET /session/4f43964f-20bc-47a6-8187-02532ecf72b2/source
03-13 18:25:25.866 16874 16874 I View    : setRequestedFrameRate frameRate=NaN, this=androidx.compose.ui.platform.AndroidComposeView{b25c828 VFED..... ........ 0,0-1080,2640 aid=1073741824}, caller=android.view.ViewGroup.setRequestedFrameRate:9952 X.Hsl.A00:0 androidx.compose.ui.platform.AndroidComposeView.dispatchDraw:85 android.view.View.draw:26345 android.view.View.updateDisplayListIfDirty:25175 
03-13 18:25:25.867 16797 16838 I appium  : Source command
03-13 18:25:25.867 16874 16874 I View    : setRequestedFrameRate frameRate=NaN, this=android.view.View{fcfe7c2 V.ED..... ........ 0,0-0,0}, caller=X.Hsl.A00:0 androidx.compose.ui.platform.AndroidComposeView.dispatchDraw:104 android.view.View.draw:26345 android.view.View.updateDisplayListIfDirty:25175 android.view.ViewGroup.recreateChildDisplayList:4794 
03-13 18:25:25.868 16797 16838 I appium  : Waiting up to 10000ms for the device to idle
03-13 18:25:25.900 16874 16874 I View    : setRequestedFrameRate frameRate=NaN, this=androidx.compose.ui.platform.AndroidComposeView{b25c828 VFED..... ........ 0,0-1080,2640 aid=1073741824}, caller=android.view.ViewGroup.setRequestedFrameRate:9952 X.Hsl.A00:0 androidx.compose.ui.platform.AndroidComposeView.dispatchDraw:85 android.view.View.draw:26345 android.view.View.updateDisplayListIfDirty:25175 
03-13 18:25:25.902 16874 16874 I View    : setRequestedFrameRate frameRate=NaN, this=android.view.View{fcfe7c2 V.ED..... ........ 0,0-0,0}, caller=X.Hsl.A00:0 androidx.compose.ui.platform.AndroidComposeView.dispatchDraw:104 android.view.View.draw:26345 android.view.View.updateDisplayListIfDirty:25175 android.view.ViewGroup.recreateChildDisplayList:4794 
03-13 18:25:25.922 16874 16874 W soft_error.cpp: [pando::graphql::PandoGraphQLRequestHybrid::assertValid] : Using a PandoGraphQLRequest after it has been consumed. Query name is PostLiveMetricsQuery
03-13 18:25:25.933 16874 16874 I View    : setRequestedFrameRate frameRate=NaN, this=androidx.compose.ui.platform.AndroidComposeView{b25c828 VFED..... ........ 0,0-1080,2640 aid=1073741824}, caller=android.view.ViewGroup.setRequestedFrameRate:9952 X.Hsl.A00:0 androidx.compose.ui.platform.AndroidComposeView.dispatchDraw:85 android.view.View.draw:26345 android.view.View.updateDisplayListIfDirty:25175 
03-13 18:25:25.933 16874 16874 I View    : setRequestedFrameRate frameRate=NaN, this=android.view.View{fcfe7c2 V.ED..... ........ 0,0-0,0}, caller=X.Hsl.A00:0 androidx.compose.ui.platform.AndroidComposeView.dispatchDraw:104 android.view.View.draw:26345 android.view.View.updateDisplayListIfDirty:25175 android.view.ViewGroup.recreateChildDisplayList:4794 
03-13 18:25:25.938  2053 17671 W QC2Comp : [av1D_660] Skipping empty output buffer
03-13 18:25:25.939  2053 17671 W QC2Comp : [av1D_660] Skipping empty output buffer
03-13 18:25:25.939 16874 17670 D CCodecConfig: c2 config diff is   c2::i32 vendor.qti-ext-dec-info-mbi.counter = 87
03-13 18:25:25.939 16874 17670 D CCodecConfig:   Buffer vendor.qti-ext-dec-info-misr.value = 0xb4000071cfb7ab20
03-13 18:25:25.941 16874 17670 D CCodecConfig: c2 config diff is   c2::i32 vendor.qti-ext-dec-info-mbi.counter = 88
03-13 18:25:25.941 16874 17670 D CCodecConfig:   Buffer vendor.qti-ext-dec-info-misr.value = 0xb4000071cfb7a170
03-13 18:25:25.974 16874 16874 I View    : setRequestedFrameRate frameRate=NaN, this=androidx.compose.ui.platform.AndroidComposeView{b25c828 VFED..... ........ 0,0-1080,2640 aid=1073741824}, caller=android.view.ViewGroup.setRequestedFrameRate:9952 X.Hsl.A00:0 androidx.compose.ui.platform.AndroidComposeView.dispatchDraw:85 android.view.View.draw:26345 android.view.View.updateDisplayListIfDirty:25175 
03-13 18:25:25.975 16874 16874 I View    : setRequestedFrameRate frameRate=NaN, this=android.view.View{fcfe7c2 V.ED..... ........ 0,0-0,0}, caller=X.Hsl.A00:0 androidx.compose.ui.platform.AndroidComposeView.dispatchDraw:104 android.view.View.draw:26345 android.view.View.updateDisplayListIfDirty:25175 android.view.ViewGroup.recreateChildDisplayList:4794 
03-13 18:25:25.999 16874 16874 I View    : setRequestedFrameRate frameRate=NaN, this=androidx.compose.ui.platform.AndroidComposeView{b25c828 VFED..... ........ 0,0-1080,2640 aid=1073741824}, caller=android.view.ViewGroup.setRequestedFrameRate:9952 X.Hsl.A00:0 androidx.compose.ui.platform.AndroidComposeView.dispatchDraw:85 android.view.View.draw:26345 android.view.View.updateDisplayListIfDirty:25175 
03-13 18:25:25.999 16874 16874 I View    : setRequestedFrameRate frameRate=NaN, this=android.view.View{fcfe7c2 V.ED..... ........ 0,0-0,0}, caller=X.Hsl.A00:0 androidx.compose.ui.platform.AndroidComposeView.dispatchDraw:104 android.view.View.draw:26345 android.view.View.updateDisplayListIfDirty:25175 android.view.ViewGroup.recreateChildDisplayList:4794 
03-13 18:25:26.010 16874 17468 D PipelineWatcher: onInputBufferReleased: frameIndex not found (60); ignored
03-13 18:25:26.017 16161 11339 I NearbySharing: Network state changed: NetworkState(isRestricted=false, isOnline=true, isCongested=false, isMetered=false, isWifiConnected=true)
03-13 18:25:26.032 16874 16874 I View    : setRequestedFrameRate frameRate=NaN, this=androidx.compose.ui.platform.AndroidComposeView{b25c828 VFED..... ........ 0,0-1080,2640 aid=1073741824}, caller=android.view.ViewGroup.setRequestedFrameRate:9952 X.Hsl.A00:0 androidx.compose.ui.platform.AndroidComposeView.dispatchDraw:85 android.view.View.draw:26345 android.view.View.updateDisplayListIfDirty:25175 
03-13 18:25:26.033 16874 16874 I View    : setRequestedFrameRate frameRate=NaN, this=android.view.View{fcfe7c2 V.ED..... ........ 0,0-0,0}, caller=X.Hsl.A00:0 androidx.compose.ui.platform.AndroidComposeView.dispatchDraw:104 android.view.View.draw:26345 android.view.View.updateDisplayListIfDirty:25175 android.view.ViewGroup.recreateChildDisplayList:4794 
03-13 18:25:26.035 16874 16976 W qdgralloc: getInterlacedFlag: getMetaData returned 3, defaulting to interlaced_flag = 0
03-13 18:25:26.066 16874 16874 I View    : setRequestedFrameRate frameRate=NaN, this=androidx.compose.ui.platform.AndroidComposeView{b25c828 VFED..... ........ 0,0-1080,2640 aid=1073741824}, caller=android.view.ViewGroup.setRequestedFrameRate:9952 X.Hsl.A00:0 androidx.compose.ui.platform.AndroidComposeView.dispatchDraw:85 android.view.View.draw:26345 android.view.View.updateDisplayListIfDirty:25175 
03-13 18:25:26.066 16874 16874 I View    : setRequestedFrameRate frameRate=NaN, this=android.view.View{fcfe7c2 V.ED..... ........ 0,0-0,0}, caller=X.Hsl.A00:0 androidx.compose.ui.platform.AndroidComposeView.dispatchDraw:104 android.view.View.draw:26345 android.view.View.updateDisplayListIfDirty:25175 android.view.ViewGroup.recreateChildDisplayList:4794 
03-13 18:25:26.070  2053 17671 W QC2Comp : [av1D_660] Skipping empty output buffer
03-13 18:25:26.072 16874 17670 D CCodecConfig: c2 config diff is   c2::i32 vendor.qti-ext-dec-info-mbi.counter = 93
03-13 18:25:26.072 16874 17670 D CCodecConfig:   Buffer vendor.qti-ext-dec-info-misr.value = 0xb4000071cfb889f0
03-13 18:25:26.107 16874 16874 I View    : setRequestedFrameRate frameRate=NaN, this=androidx.compose.ui.platform.AndroidComposeView{b25c828 VFED..... ........ 0,0-1080,2640 aid=1073741824}, caller=android.view.ViewGroup.setRequestedFrameRate:9952 X.Hsl.A00:0 androidx.compose.ui.platform.AndroidComposeView.dispatchDraw:85 android.view.View.draw:26345 android.view.View.updateDisplayListIfDirty:25175 
03-13 18:25:26.108 16874 16874 I View    : setRequestedFrameRate frameRate=NaN, this=android.view.View{fcfe7c2 V.ED..... ........ 0,0-0,0}, caller=X.Hsl.A00:0 androidx.compose.ui.platform.AndroidComposeView.dispatchDraw:104 android.view.View.draw:26345 android.view.View.updateDisplayListIfDirty:25175 android.view.ViewGroup.recreateChildDisplayList:4794 
03-13 18:25:26.132 16874 16874 I View    : setRequestedFrameRate frameRate=NaN, this=androidx.compose.ui.platform.AndroidComposeView{b25c828 VFED..... ........ 0,0-1080,2640 aid=1073741824}, caller=android.view.ViewGroup.setRequestedFrameRate:9952 X.Hsl.A00:0 androidx.compose.ui.platform.AndroidComposeView.dispatchDraw:85 android.view.View.draw:26345 android.view.View.updateDisplayListIfDirty:25175 
03-13 18:25:26.132 16874 16874 I View    : setRequestedFrameRate frameRate=NaN, this=android.view.View{fcfe7c2 V.ED..... ........ 0,0-0,0}, caller=X.Hsl.A00:0 androidx.compose.ui.platform.AndroidComposeView.dispatchDraw:104 android.view.View.draw:26345 android.view.View.updateDisplayListIfDirty:25175 android.view.ViewGroup.recreateChildDisplayList:4794 
03-13 18:25:26.165 16874 16874 I View    : setRequestedFrameRate frameRate=NaN, this=androidx.compose.ui.platform.AndroidComposeView{b25c828 VFED..... ........ 0,0-1080,2640 aid=1073741824}, caller=android.view.ViewGroup.setRequestedFrameRate:9952 X.Hsl.A00:0 androidx.compose.ui.platform.AndroidComposeView.dispatchDraw:85 android.view.View.draw:26345 android.view.View.updateDisplayListIfDirty:25175 
03-13 18:25:26.165 16874 16874 I View    : setRequestedFrameRate frameRate=NaN, this=android.view.View{fcfe7c2 V.ED..... ........ 0,0-0,0}, caller=X.Hsl.A00:0 androidx.compose.ui.platform.AndroidComposeView.dispatchDraw:104 android.view.View.draw:26345 android.view.View.updateDisplayListIfDirty:25175 android.view.ViewGroup.recreateChildDisplayList:4794 
03-13 18:25:26.181 16797 16838 D CompatChangeReporter: Compat change id reported: 247079863; UID 10393; state: ENABLED
03-13 18:25:26.198  2097  2125 E HeatmapThread: ECT Thread time in milliseconds: 1773440726
03-13 18:25:26.199 16874 16874 I View    : setRequestedFrameRate frameRate=NaN, this=androidx.compose.ui.platform.AndroidComposeView{b25c828 VFED..... ........ 0,0-1080,2640 aid=1073741824}, caller=android.view.ViewGroup.setRequestedFrameRate:9952 X.Hsl.A00:0 androidx.compose.ui.platform.AndroidComposeView.dispatchDraw:85 android.view.View.draw:26345 android.view.View.updateDisplayListIfDirty:25175 
03-13 18:25:26.199 16874 16874 I View    : setRequestedFrameRate frameRate=NaN, this=android.view.View{fcfe7c2 V.ED..... ........ 0,0-0,0}, caller=X.Hsl.A00:0 androidx.compose.ui.platform.AndroidComposeView.dispatchDraw:104 android.view.View.draw:26345 android.view.View.updateDisplayListIfDirty:25175 android.view.ViewGroup.recreateChildDisplayList:4794 
03-13 18:25:26.204  2053 17671 W QC2Comp : [av1D_660] Skipping empty output buffer
03-13 18:25:26.205 16874 17670 D CCodecConfig: c2 config diff is   c2::i32 vendor.qti-ext-dec-info-mbi.counter = 98
03-13 18:25:26.205 16874 17670 D CCodecConfig:   Buffer vendor.qti-ext-dec-info-misr.value = 0xb4000071cfb88540
03-13 18:25:26.206  2053 17671 W QC2Comp : [av1D_660] Skipping empty output buffer
03-13 18:25:26.206  2097  2125 D HeatmapThread: !@ batteryplugType : 2
03-13 18:25:26.206  2097  2125 D HeatmapThread: !@ batteryLevel : 100  batteryTemperature : 307 
03-13 18:25:26.206  2097  2125 D HeatmapThread: !@ Heatmap currtime: 29557345
03-13 18:25:26.206  2097  2125 D HeatmapThread: !@ Heatmap prevtime: 29557342
03-13 18:25:26.206  2097  2125 D HeatmapThread: !@ Heatmap plugstarttime: 29556997
03-13 18:25:26.206  2097  2125 D HeatmapThread: !@ Heatmap prevv_dsoh_update_time: 29557325
03-13 18:25:26.207  2097  2125 E HeatmapThread: !@ CAM New BSOH: 100
03-13 18:25:26.207  2097  2125 E HeatmapThread: !@ CAM is Working
03-13 18:25:26.213 16874 17670 D CCodecConfig: c2 config diff is   c2::i32 vendor.qti-ext-dec-info-mbi.counter = 99
03-13 18:25:26.213 16874 17670 D CCodecConfig:   Buffer vendor.qti-ext-dec-info-misr.value = 0xb4000071cfb79770
03-13 18:25:26.213  2053 17671 W QC2Comp : [av1D_660] Skipping empty output buffer
03-13 18:25:26.214  2053 17671 W QC2Comp : [av1D_660] Skipping empty output buffer
03-13 18:25:26.214 16874 17670 D CCodecConfig: c2 config diff is   c2::i32 vendor.qti-ext-dec-info-mbi.counter = 100
03-13 18:25:26.214 16874 17670 D CCodecConfig:   Buffer vendor.qti-ext-dec-info-misr.value = 0xb4000071cf9ff390
03-13 18:25:26.215 16874 17670 D CCodecConfig: c2 config diff is   c2::i32 vendor.qti-ext-dec-info-mbi.counter = 101
03-13 18:25:26.215 16874 17670 D CCodecConfig:   Buffer vendor.qti-ext-dec-info-misr.value = 0xb4000071cfb83630
03-13 18:25:26.215  2053 17671 W QC2Comp : [av1D_660] Skipping empty output buffer
03-13 18:25:26.216 16874 17670 D CCodecConfig: c2 config diff is   c2::i32 vendor.qti-ext-dec-info-mbi.counter = 102
03-13 18:25:26.216 16874 17670 D CCodecConfig:   Buffer vendor.qti-ext-dec-info-misr.value = 0xb4000071cfb757b0
03-13 18:25:26.240 16874 16874 I View    : setRequestedFrameRate frameRate=NaN, this=androidx.compose.ui.platform.AndroidComposeView{b25c828 VFED..... ........ 0,0-1080,2640 aid=1073741824}, caller=android.view.ViewGroup.setRequestedFrameRate:9952 X.Hsl.A00:0 androidx.compose.ui.platform.AndroidComposeView.dispatchDraw:85 android.view.View.draw:26345 android.view.View.updateDisplayListIfDirty:25175 
03-13 18:25:26.240 16874 16874 I View    : setRequestedFrameRate frameRate=NaN, this=android.view.View{fcfe7c2 V.ED..... ........ 0,0-0,0}, caller=X.Hsl.A00:0 androidx.compose.ui.platform.AndroidComposeView.dispatchDraw:104 android.view.View.draw:26345 android.view.View.updateDisplayListIfDirty:25175 android.view.ViewGroup.recreateChildDisplayList:4794 
03-13 18:25:26.265 16874 16874 I View    : setRequestedFrameRate frameRate=NaN, this=androidx.compose.ui.platform.AndroidComposeView{b25c828 VFED..... ........ 0,0-1080,2640 aid=1073741824}, caller=android.view.ViewGroup.setRequestedFrameRate:9952 X.Hsl.A00:0 androidx.compose.ui.platform.AndroidComposeView.dispatchDraw:85 android.view.View.draw:26345 android.view.View.updateDisplayListIfDirty:25175 
03-13 18:25:26.265 16874 16874 I View    : setRequestedFrameRate frameRate=NaN, this=android.view.View{fcfe7c2 V.ED..... ........ 0,0-0,0}, caller=X.Hsl.A00:0 androidx.compose.ui.platform.AndroidComposeView.dispatchDraw:104 android.view.View.draw:26345 android.view.View.updateDisplayListIfDirty:25175 android.view.ViewGroup.recreateChildDisplayList:4794 
03-13 18:25:26.272  3003  4027 I SemWifiServiceDetector: NSD results: [0, 1, 1, 0, 1, 0, 2, 0, 0] Traff. type 1 Thr 2
03-13 18:25:26.274  3003  4035 D SemWifiOptimizer: enable=1 state=0x10 prev=0x20 new=0x30 force=0 mode=1
03-13 18:25:26.280 16797 16838 I appium  : AppiumResponse: {"sessionId":"4f43964f-20bc-47a6-8187-02532ecf72b2","value":"<?xml version='1.0' encoding='UTF-8' standalone='yes' ?>\r\n<hierarchy index=\"0\" class=\"hierarchy\" rotation=\"0\" width=\"1080\" height=\"2640\">\r\n  <android.widget.FrameLayout index=\"0\" package=\"com.instagram.barcelona\" class=\"…
03-13 18:25:26.294  5393  6882 I bt_shim_scanner: system/main/shim/le_scanning_manager.cc:151 Scan: in shim layer stopped
03-13 18:25:26.294  5393  5832 W bluetooth: system/gd/hci/le_scanning_manager.cc:716 scan: address_manager_registered_
03-13 18:25:26.294  5393  5832 W bluetooth: system/gd/hci/le_scanning_manager.cc:768 stop_scan: stop_scan
03-13 18:25:26.294  5393  5832 I bluetooth: system/gd/hci/le_address_manager.cc:278 unregister_client: Client unregistered
03-13 18:25:26.294  5393  5832 I bluetooth: system/gd/hci/le_address_manager.cc:293 unregister_client: Cancelled address rotation alarm
03-13 18:25:26.295  1993  1993 D vendor.qti.bluetooth@1.1-ibs_handler: SerialClockVote: vote for UART CLK ON
03-13 18:25:26.295  5393  6882 I bt_shim_scanner: system/main/shim/le_scanning_manager.cc:335 SetScanParameters: in shim layer, scannerId1m=2, scannerIdCoded=0
03-13 18:25:26.295  5393  6882 W bt_shim_scanner: system/main/shim/le_scanning_manager.cc:365 SetScanParameters: Set scan params scan_int_1m : 275.625, scan_win_1m : 30, Duty : 10.88% | scan_int_coded : 0, scan_win_coded : 0, Duty : nan%
03-13 18:25:26.295  5393  6882 I bt_shim_scanner: system/main/shim/le_scanning_manager.cc:151 Scan: in shim layer started
03-13 18:25:26.296 16797 16838 I appium  : channel read: GET /session/4f43964f-20bc-47a6-8187-02532ecf72b2/screenshot
03-13 18:25:26.296 16797 16838 I appium  : CaptureScreenshot command
03-13 18:25:26.297 16797 16838 I tomator2.server: hiddenapi: Accessing hidden method Landroid/view/Display;->getAddress()Landroid/view/DisplayAddress; (runtime_flags=0, domain=platform, api=blocked) from Lio/appium/uiautomator2/utils/ReflectionUtils; (domain=app, TargetSdkVersion=34) using reflection: allowed
03-13 18:25:26.297  1993  1993 D vendor.qti.bluetooth@1.1-wake_lock: Acquire wakelock is acquired 
03-13 18:25:26.297  1993  1993 I vendor.qti.bluetooth@1.1-ibs_handler: DeviceWakeUp: Writing IBS_WAKE_IND
03-13 18:25:26.297 16797 16838 I tomator2.server: hiddenapi: Accessing hidden method Landroid/view/DisplayAddress$Physical;->getPhysicalDisplayId()J (runtime_flags=0, domain=platform, api=blocked) from Lio/appium/uiautomator2/utils/ReflectionUtils; (domain=app, TargetSdkVersion=34) using reflection: allowed
03-13 18:25:26.298 16874 16874 I View    : setRequestedFrameRate frameRate=NaN, this=androidx.compose.ui.platform.AndroidComposeView{b25c828 VFED..... ........ 0,0-1080,2640 aid=1073741824}, caller=android.view.ViewGroup.setRequestedFrameRate:9952 X.Hsl.A00:0 androidx.compose.ui.platform.AndroidComposeView.dispatchDraw:85 android.view.View.draw:26345 android.view.View.updateDisplayListIfDirty:25175 
03-13 18:25:26.298 16874 16874 I View    : setRequestedFrameRate frameRate=NaN, this=android.view.View{fcfe7c2 V.ED..... ........ 0,0-0,0}, caller=X.Hsl.A00:0 androidx.compose.ui.platform.AndroidComposeView.dispatchDraw:104 android.view.View.draw:26345 android.view.View.updateDisplayListIfDirty:25175 android.view.ViewGroup.recreateChildDisplayList:4794 
03-13 18:25:26.304  1993  6685 I vendor.qti.bluetooth@1.1-ibs_handler: ProcessIbsCmd: Received IBS_WAKE_ACK: 0xFC
03-13 18:25:26.305  1993  6685 I vendor.qti.bluetooth@1.1-ibs_handler: ProcessIbsCmd: Signal wack_cond_
03-13 18:25:26.307  1993  1993 D vendor.qti.bluetooth@1.1-ibs_handler: DeviceWakeUp: Unblocked from waiting for FC, pthread_cond_timedwait ret = 0
03-13 18:25:26.307  5393  5832 I bluetooth: system/gd/hci/le_scanning_manager.cc:765 stop_scan: Scanning already stopped, return!
03-13 18:25:26.307  5393  5832 W bluetooth: system/gd/hci/le_scanning_manager.cc:732 start_scan: start_scan
03-13 18:25:26.307  5393  5832 W bluetooth: system/gd/hci/le_scanning_manager.cc:735 start_scan: Register address manager
03-13 18:25:26.307  5393  5832 I bluetooth: system/gd/hci/le_address_manager.cc:581 GetNextPrivateAddressIntervalRange: client=LeAddressManager, nonwake=8m29s, wake=13m56s
03-13 18:25:26.307  5393  5832 I bluetooth: system/gd/hci/le_address_manager.cc:259 register_client: Scheduled address rotation for first client registered
03-13 18:25:26.307  5393  5832 I bluetooth: system/gd/hci/le_address_manager.cc:263 register_client: Client registered
03-13 18:25:26.309  1993  6685 I vendor.qti.bluetooth@1.1-ibs_handler: ProcessIbsCmd: Received IBS_WAKE_IND: 0xFD
03-13 18:25:26.311  1993  6685 I vendor.qti.bluetooth@1.1-ibs_handler: ProcessIbsCmd: Writing IBS_WAKE_ACK
03-13 18:25:26.340 16874 16874 I View    : setRequestedFrameRate frameRate=NaN, this=androidx.compose.ui.platform.AndroidComposeView{b25c828 VFED..... ........ 0,0-1080,2640 aid=1073741824}, caller=android.view.ViewGroup.setRequestedFrameRate:9952 X.Hsl.A00:0 androidx.compose.ui.platform.AndroidComposeView.dispatchDraw:85 android.view.View.draw:26345 android.view.View.updateDisplayListIfDirty:25175 
03-13 18:25:26.340 16874 16874 I View    : setRequestedFrameRate frameRate=NaN, this=android.view.View{fcfe7c2 V.ED..... ........ 0,0-0,0}, caller=X.Hsl.A00:0 androidx.compose.ui.platform.AndroidComposeView.dispatchDraw:104 android.view.View.draw:26345 android.view.View.updateDisplayListIfDirty:25175 android.view.ViewGroup.recreateChildDisplayList:4794 
03-13 18:25:26.343  2053 17671 W QC2Comp : [av1D_660] Skipping empty output buffer
03-13 18:25:26.343 16874 17670 D CCodecConfig: c2 config diff is   c2::i32 vendor.qti-ext-dec-info-mbi.counter = 107
03-13 18:25:26.343 16874 17670 D CCodecConfig:   Buffer vendor.qti-ext-dec-info-misr.value = 0xb4000071cfb6d970
03-13 18:25:26.360  1993  6685 I vendor.qti.bluetooth@1.1-ibs_handler: ProcessIbsCmd: Received IBS_SLEEP_IND: 0xFE
03-13 18:25:26.373 16874 16874 I View    : setRequestedFrameRate frameRate=NaN, this=androidx.compose.ui.platform.AndroidComposeView{b25c828 VFED..... ........ 0,0-1080,2640 aid=1073741824}, caller=android.view.ViewGroup.setRequestedFrameRate:9952 X.Hsl.A00:0 androidx.compose.ui.platform.AndroidComposeView.dispatchDraw:85 android.view.View.draw:26345 android.view.View.updateDisplayListIfDirty:25175 
03-13 18:25:26.373 16874 16874 I View    : setRequestedFrameRate frameRate=NaN, this=android.view.View{fcfe7c2 V.ED..... ........ 0,0-0,0}, caller=X.Hsl.A00:0 androidx.compose.ui.platform.AndroidComposeView.dispatchDraw:104 android.view.View.draw:26345 android.view.View.updateDisplayListIfDirty:25175 android.view.ViewGroup.recreateChildDisplayList:4794 
03-13 18:25:26.398 16874 16874 I View    : setRequestedFrameRate frameRate=NaN, this=androidx.compose.ui.platform.AndroidComposeView{b25c828 VFED..... ........ 0,0-1080,2640 aid=1073741824}, caller=android.view.ViewGroup.setRequestedFrameRate:9952 X.Hsl.A00:0 androidx.compose.ui.platform.AndroidComposeView.dispatchDraw:85 android.view.View.draw:26345 android.view.View.updateDisplayListIfDirty:25175 
03-13 18:25:26.398 16874 16874 I View    : setRequestedFrameRate frameRate=NaN, this=android.view.View{fcfe7c2 V.ED..... ........ 0,0-0,0}, caller=X.Hsl.A00:0 androidx.compose.ui.platform.AndroidComposeView.dispatchDraw:104 android.view.View.draw:26345 android.view.View.updateDisplayListIfDirty:25175 android.view.ViewGroup.recreateChildDisplayList:4794 
03-13 18:25:26.418 17705 17705 W screencap: Thread Pool max thread count is 0. Cannot cache binder as linkToDeath cannot be implemented. serviceName: SurfaceFlingerAIDL
03-13 18:25:26.418 17705 17705 W BpBinder: Linking to death on android.gui.ISurfaceComposer but there are no threads (yet?) listening to incoming transactions. See ProcessState::startThreadPool and ProcessState::setThreadPoolMaxThreadCount. Generally you should setup the binder threadpool before other initialization steps.
03-13 18:25:26.419 17705 17705 W screencap: Thread Pool max thread count is 0. Cannot cache binder as linkToDeath cannot be implemented. serviceName: edmnativehelper
03-13 18:25:26.419  3003  3595 I EDMNativeHelperService: isScreenCaptureEnabled
03-13 18:25:26.420  3003  3631 D ActivityManager: freezing 17251 com.samsung.faceservice
03-13 18:25:26.420  3003  3595 D RestrictionPolicy: isScreenCaptureEnabled : ret=true userId=0
03-13 18:25:26.420 17705 17705 W ProcessState: Extra binder thread started, but 0 threads requested. Do not use *startThreadPool when zero threads are requested.
03-13 18:25:26.420 17705 17705 I SurfaceComposerClient: captureDisplay:Display-4630946564756762243
03-13 18:25:26.422  2105  2836 I SurfaceFlinger: Capture layer list: 	 com.instagram.barcelona/com.instagram.barcelona.mainactivity.BarcelonaActivity$_16874#79296(seamlessTransition:0)
03-13 18:25:26.422  2105  2836 I SurfaceFlinger: Capture layer list: 	 StatusBar$_4205#132(seamlessTransition:0)
03-13 18:25:26.422  2105  2836 I SurfaceFlinger: Capture layer list: 	 com.sec.android.app.launcher/com.samsung.app.honeyspace.edge.edgepanel.app.CocktailBarService$_4832#79248(seamlessTransition:0)
03-13 18:25:26.422  2105  2836 I SurfaceFlinger: Capture layer list: 	 NavigationBar0$_4205#130(seamlessTransition:0)
03-13 18:25:26.422  2105  2836 E HwcComposer: getLuts failed Status(-129, EX_TRANSACTION_FAILED): 'UNKNOWN_TRANSACTION: '
03-13 18:25:26.423  3003  3631 I UMR     : B|Compact com.samsung.faceservice(17251)
03-13 18:25:26.423  2105  2342 D RenderEngine: [SEC_SF_EFFECTS] drawLayersInternal,1483, Rendering layer ScreenCaptureFillLayer at index 0
03-13 18:25:26.424  2105  2342 D RenderEngine: [SEC_SF_EFFECTS] drawLayersInternal,1483, Rendering layer com.instagram.barcelona/com.instagram.barcelona.mainactivity.BarcelonaActivity$_16874#79296 at index 1
03-13 18:25:26.424  2105  2342 D RenderEngine: [SEC_SF_EFFECTS] drawLayersInternal,1483, Rendering layer StatusBar$_4205#132 at index 2
03-13 18:25:26.424  2105  2342 D RenderEngine: [SEC_SF_EFFECTS] drawLayersInternal,1483, Rendering layer com.sec.android.app.launcher/com.samsung.app.honeyspace.edge.edgepanel.app.CocktailBarService$_4832#79248 at index 3
03-13 18:25:26.424  2105  2342 D RenderEngine: [SEC_SF_EFFECTS] drawLayersInternal,1483, Rendering layer NavigationBar0$_4205#130 at index 4
03-13 18:25:26.432 16874 16874 I View    : setRequestedFrameRate frameRate=NaN, this=androidx.compose.ui.platform.AndroidComposeView{b25c828 VFED..... ........ 0,0-1080,2640 aid=1073741824}, caller=android.view.ViewGroup.setRequestedFrameRate:9952 X.Hsl.A00:0 androidx.compose.ui.platform.AndroidComposeView.dispatchDraw:85 android.view.View.draw:26345 android.view.View.updateDisplayListIfDirty:25175 
03-13 18:25:26.432 16874 16874 I View    : setRequestedFrameRate frameRate=NaN, this=android.view.View{fcfe7c2 V.ED..... ........ 0,0-0,0}, caller=X.Hsl.A00:0 androidx.compose.ui.platform.AndroidComposeView.dispatchDraw:104 android.view.View.draw:26345 android.view.View.updateDisplayListIfDirty:25175 android.view.ViewGroup.recreateChildDisplayList:4794 
03-13 18:25:26.450  3003  3631 I UMR     : E|Compact d_rss=-5512KB
03-13 18:25:26.469 17705 17713 I AdrenoUtils: <ReadGpuID:357>: Reading chip ID through GSL
03-13 18:25:26.471 17705 17705 W qdgralloc: Failed to load libubwcp.so
03-13 18:25:26.474 16874 16874 I View    : setRequestedFrameRate frameRate=NaN, this=androidx.compose.ui.platform.AndroidComposeView{b25c828 VFED..... ........ 0,0-1080,2640 aid=1073741824}, caller=android.view.ViewGroup.setRequestedFrameRate:9952 X.Hsl.A00:0 androidx.compose.ui.platform.AndroidComposeView.dispatchDraw:85 android.view.View.draw:26345 android.view.View.updateDisplayListIfDirty:25175 
03-13 18:25:26.474 16874 16874 I View    : setRequestedFrameRate frameRate=NaN, this=android.view.View{fcfe7c2 V.ED..... ........ 0,0-0,0}, caller=X.Hsl.A00:0 androidx.compose.ui.platform.AndroidComposeView.dispatchDraw:104 android.view.View.draw:26345 android.view.View.updateDisplayListIfDirty:25175 android.view.ViewGroup.recreateChildDisplayList:4794 
03-13 18:25:26.478  2053 17671 W QC2Comp : [av1D_660] Skipping empty output buffer
03-13 18:25:26.480  2053 17671 W QC2Comp : [av1D_660] Skipping empty output buffer
03-13 18:25:26.480 16874 17670 D CCodecConfig: c2 config diff is   c2::i32 vendor.qti-ext-dec-info-mbi.counter = 112
03-13 18:25:26.480 16874 17670 D CCodecConfig:   Buffer vendor.qti-ext-dec-info-misr.value = 0xb4000071cfb75080
03-13 18:25:26.482 16874 17670 D CCodecConfig: c2 config diff is   c2::i32 vendor.qti-ext-dec-info-mbi.counter = 113
03-13 18:25:26.482 16874 17670 D CCodecConfig:   Buffer vendor.qti-ext-dec-info-misr.value = 0xb4000071cfb6c610
03-13 18:25:26.498 16874 16874 I View    : setRequestedFrameRate frameRate=NaN, this=androidx.compose.ui.platform.AndroidComposeView{b25c828 VFED..... ........ 0,0-1080,2640 aid=1073741824}, caller=android.view.ViewGroup.setRequestedFrameRate:9952 X.Hsl.A00:0 androidx.compose.ui.platform.AndroidComposeView.dispatchDraw:85 android.view.View.draw:26345 android.view.View.updateDisplayListIfDirty:25175 
03-13 18:25:26.498 16874 16874 I View    : setRequestedFrameRate frameRate=NaN, this=android.view.View{fcfe7c2 V.ED..... ........ 0,0-0,0}, caller=X.Hsl.A00:0 androidx.compose.ui.platform.AndroidComposeView.dispatchDraw:104 android.view.View.draw:26345 android.view.View.updateDisplayListIfDirty:25175 android.view.ViewGroup.recreateChildDisplayList:4794 
03-13 18:25:26.531 16874 16874 I View    : setRequestedFrameRate frameRate=NaN, this=androidx.compose.ui.platform.AndroidComposeView{b25c828 VFED..... ........ 0,0-1080,2640 aid=1073741824}, caller=android.view.ViewGroup.setRequestedFrameRate:9952 X.Hsl.A00:0 androidx.compose.ui.platform.AndroidComposeView.dispatchDraw:85 android.view.View.draw:26345 android.view.View.updateDisplayListIfDirty:25175 
03-13 18:25:26.531 16874 16874 I View    : setRequestedFrameRate frameRate=NaN, this=android.view.View{fcfe7c2 V.ED..... ........ 0,0-0,0}, caller=X.Hsl.A00:0 androidx.compose.ui.platform.AndroidComposeView.dispatchDraw:104 android.view.View.draw:26345 android.view.View.updateDisplayListIfDirty:25175 android.view.ViewGroup.recreateChildDisplayList:4794 
03-13 18:25:26.570 16874 16874 I View    : setRequestedFrameRate frameRate=NaN, this=androidx.compose.ui.platform.AndroidComposeView{b25c828 VFED..... ........ 0,0-1080,2640 aid=1073741824}, caller=android.view.ViewGroup.setRequestedFrameRate:9952 X.Hsl.A00:0 androidx.compose.ui.platform.AndroidComposeView.dispatchDraw:85 android.view.View.draw:26345 android.view.View.updateDisplayListIfDirty:25175 
03-13 18:25:26.570 16874 16874 I View    : setRequestedFrameRate frameRate=NaN, this=android.view.View{fcfe7c2 V.ED..... ........ 0,0-0,0}, caller=X.Hsl.A00:0 androidx.compose.ui.platform.AndroidComposeView.dispatchDraw:104 android.view.View.draw:26345 android.view.View.updateDisplayListIfDirty:25175 android.view.ViewGroup.recreateChildDisplayList:4794 
03-13 18:25:26.573 16874 16874 I View    : setRequestedFrameRate frameRate=NaN, this=androidx.compose.ui.platform.AndroidComposeView{b25c828 VFED..... ........ 0,0-1080,2640 aid=1073741824}, caller=android.view.ViewGroup.setRequestedFrameRate:9952 X.Hsl.A00:0 androidx.compose.ui.platform.AndroidComposeView.dispatchDraw:85 android.view.View.draw:26345 android.view.View.updateDisplayListIfDirty:25175 
03-13 18:25:26.573 16874 16874 I View    : setRequestedFrameRate frameRate=NaN, this=android.view.View{fcfe7c2 V.ED..... ........ 0,0-0,0}, caller=X.Hsl.A00:0 androidx.compose.ui.platform.AndroidComposeView.dispatchDraw:104 android.view.View.draw:26345 android.view.View.updateDisplayListIfDirty:25175 android.view.ViewGroup.recreateChildDisplayList:4794 
03-13 18:25:26.589 16874 17668 W IgMetaConfig: Could not obtain MC: not_user_session session=X.8iA@f173d14
03-13 18:25:26.589 16874 17668 W IgMetaConfig: java.lang.RuntimeException: Could not obtain MC, call-site will receive default values
03-13 18:25:26.589 16874 17668 W IgMetaConfig: 	at X.0dT.A04(Unknown Source:4)
03-13 18:25:26.589 16874 17668 W IgMetaConfig: 	at X.0dT.A03(Unknown Source:7)
03-13 18:25:26.589 16874 17668 W IgMetaConfig: 	at X.0dT.A01(Unknown Source:2)
03-13 18:25:26.589 16874 17668 W IgMetaConfig: 	at X.5vl.A00(:59)
03-13 18:25:26.589 16874 17668 W IgMetaConfig: 	at com.instagram.api.tigon.TigonServiceLayer.makeTigonRequest(:487)
03-13 18:25:26.589 16874 17668 W IgMetaConfig: 	at com.instagram.api.tigon.TigonServiceLayer.startRequest(:66)
03-13 18:25:26.589 16874 17668 W IgMetaConfig: 	at X.2pf.startRequest(:72)
03-13 18:25:26.589 16874 17668 W IgMetaConfig: 	at X.2ph.startRequest(:50)
03-13 18:25:26.589 16874 17668 W IgMetaConfig: 	at X.2pl.startRequest(:80)
03-13 18:25:26.589 16874 17668 W IgMetaConfig: 	at X.2ro.startRequest(:321)
03-13 18:25:26.589 16874 17668 W IgMetaConfig: 	at X.2rp.startRequest(:51)
03-13 18:25:26.589 16874 17668 W IgMetaConfig: 	at X.2rq.startRequest(:182)
03-13 18:25:26.589 16874 17668 W IgMetaConfig: 	at X.2rz.startRequest(:47)
03-13 18:25:26.589 16874 17668 W IgMetaConfig: 	at X.2sb.startRequest(:105)
03-13 18:25:26.589 16874 17668 W IgMetaConfig: 	at X.3fa.startRequest(:407)
03-13 18:25:26.589 16874 17668 W IgMetaConfig: 	at X.2se.startRequest(:57)
03-13 18:25:26.589 16874 17668 W IgMetaConfig: 	at X.2so.startRequest(:119)
03-13 18:25:26.589 16874 17668 W IgMetaConfig: 	at X.2sw.startRequest(:292)
03-13 18:25:26.589 16874 17668 W IgMetaConfig: 	at X.2zA.startRequest(:72)
03-13 18:25:26.589 16874 17668 W IgMetaConfig: 	at X.2zb.startRequest(:49)
03-13 18:25:26.589 16874 17668 W IgMetaConfig: 	at X.2zd.startRequest(:98)
03-13 18:25:26.589 16874 17668 W IgMetaConfig: 	at X.2ze.startRequest(:47)
03-13 18:25:26.589 16874 17668 W IgMetaConfig: 	at X.2zl.startRequest(:161)
03-13 18:25:26.589 16874 17668 W IgMetaConfig: 	at X.2zs.startRequest(:45)
03-13 18:25:26.589 16874 17668 W IgMetaConfig: 	at X.2zv.startRequest(:381)
03-13 18:25:26.589 16874 17668 W IgMetaConfig: 	at X.2zz.startRequest(:300)
03-13 18:25:26.589 16874 17668 W IgMetaConfig: 	at X.3AC.startRequest(:53)
03-13 18:25:26.589 16874 17668 W IgMetaConfig: 	at X.2hc.startRequest(:30)
03-13 18:25:26.589 16874 17668 W IgMetaConfig: 	at X.2hc.A00(:21)
03-13 18:25:26.589 16874 17668 W IgMetaConfig: 	at com.facebook.video.cache.igdatasource.IgHttpDataSource.open(Unknown Source:798)
03-13 18:25:26.589 16874 17668 W IgMetaConfig: 	at X.4Am.open(Unknown Source:346)
03-13 18:25:26.589 16874 17668 W IgMetaConfig: 	at X.4An.A07(Unknown Source:1044)
03-13 18:25:26.589 16874 17668 W IgMetaConfig: 	at X.4An.open(Unknown Source:248)
03-13 18:25:26.589 16874 17668 W IgMetaConfig: 	at X.4Ar.open(Unknown Source:6)
03-13 18:25:26.589 16874 17668 W IgMetaConfig: 	at X.4Em.open(Unknown Source:12)
03-13 18:25:26.589 16874 17668 W IgMetaConfig: 	at X.4Ma.D1S(Unknown Source:280)
03-13 18:25:26.589 16874 17668 W IgMetaConfig: 	at X.4Mc.run(Unknown Source:43)
03-13 18:25:26.589 16874 17668 W IgMetaConfig: 	at java.util.concurrent.ThreadPoolExecutor.runWorker(ThreadPoolExecutor.java:1154)
03-13 18:25:26.589 16874 17668 W IgMetaConfig: 	at java.util.concurrent.ThreadPoolExecutor$Worker.run(ThreadPoolExecutor.java:652)
03-13 18:25:26.589 16874 17668 W IgMetaConfig: 	at java.lang.Thread.run(Thread.java:1564)
03-13 18:25:26.589 16874 17668 W IgMetaConfig: 	at X.4Nd.run(Unknown Source:49)
03-13 18:25:26.598 16874 16874 I View    : setRequestedFrameRate frameRate=NaN, this=androidx.compose.ui.platform.AndroidComposeView{b25c828 VFED..... ........ 0,0-1080,2640 aid=1073741824}, caller=android.view.ViewGroup.setRequestedFrameRate:9952 X.Hsl.A00:0 androidx.compose.ui.platform.AndroidComposeView.dispatchDraw:85 android.view.View.draw:26345 android.view.View.updateDisplayListIfDirty:25175 
03-13 18:25:26.598 16874 16874 I View    : setRequestedFrameRate frameRate=NaN, this=android.view.View{fcfe7c2 V.ED..... ........ 0,0-0,0}, caller=X.Hsl.A00:0 androidx.compose.ui.platform.AndroidComposeView.dispatchDraw:104 android.view.View.draw:26345 android.view.View.updateDisplayListIfDirty:25175 android.view.ViewGroup.recreateChildDisplayList:4794 
03-13 18:25:26.603  2053 17671 W QC2Comp : [av1D_660] Skipping empty output buffer
03-13 18:25:26.608 16874 17670 D CCodecConfig: c2 config diff is   c2::i32 vendor.qti-ext-dec-info-mbi.counter = 118
03-13 18:25:26.608 16874 17670 D CCodecConfig:   Buffer vendor.qti-ext-dec-info-misr.value = 0xb4000071cfb7f170
03-13 18:25:26.631 16874 16874 I View    : setRequestedFrameRate frameRate=NaN, this=androidx.compose.ui.platform.AndroidComposeView{b25c828 VFED..... ........ 0,0-1080,2640 aid=1073741824}, caller=android.view.ViewGroup.setRequestedFrameRate:9952 X.Hsl.A00:0 androidx.compose.ui.platform.AndroidComposeView.dispatchDraw:85 android.view.View.draw:26345 android.view.View.updateDisplayListIfDirty:25175 
03-13 18:25:26.632 16874 16874 I View    : setRequestedFrameRate frameRate=NaN, this=android.view.View{fcfe7c2 V.ED..... ........ 0,0-0,0}, caller=X.Hsl.A00:0 androidx.compose.ui.platform.AndroidComposeView.dispatchDraw:104 android.view.View.draw:26345 android.view.View.updateDisplayListIfDirty:25175 android.view.ViewGroup.recreateChildDisplayList:4794 
03-13 18:25:26.664 16874 16874 I View    : setRequestedFrameRate frameRate=NaN, this=androidx.compose.ui.platform.AndroidComposeView{b25c828 VFED..... ........ 0,0-1080,2640 aid=1073741824}, caller=android.view.ViewGroup.setRequestedFrameRate:9952 X.Hsl.A00:0 androidx.compose.ui.platform.AndroidComposeView.dispatchDraw:85 android.view.View.draw:26345 android.view.View.updateDisplayListIfDirty:25175 
03-13 18:25:26.665 16874 16874 I View    : setRequestedFrameRate frameRate=NaN, this=android.view.View{fcfe7c2 V.ED..... ........ 0,0-0,0}, caller=X.Hsl.A00:0 androidx.compose.ui.platform.AndroidComposeView.dispatchDraw:104 android.view.View.draw:26345 android.view.View.updateDisplayListIfDirty:25175 android.view.ViewGroup.recreateChildDisplayList:4794 
03-13 18:25:26.698 16874 16874 I View    : setRequestedFrameRate frameRate=NaN, this=androidx.compose.ui.platform.AndroidComposeView{b25c828 VFED..... ........ 0,0-1080,2640 aid=1073741824}, caller=android.view.ViewGroup.setRequestedFrameRate:9952 X.Hsl.A00:0 androidx.compose.ui.platform.AndroidComposeView.dispatchDraw:85 android.view.View.draw:26345 android.view.View.updateDisplayListIfDirty:25175 
03-13 18:25:26.698 16874 16874 I View    : setRequestedFrameRate frameRate=NaN, this=android.view.View{fcfe7c2 V.ED..... ........ 0,0-0,0}, caller=X.Hsl.A00:0 androidx.compose.ui.platform.AndroidComposeView.dispatchDraw:104 android.view.View.draw:26345 android.view.View.updateDisplayListIfDirty:25175 android.view.ViewGroup.recreateChildDisplayList:4794 
03-13 18:25:26.731 16874 16874 I View    : setRequestedFrameRate frameRate=NaN, this=androidx.compose.ui.platform.AndroidComposeView{b25c828 VFED..... ........ 0,0-1080,2640 aid=1073741824}, caller=android.view.ViewGroup.setRequestedFrameRate:9952 X.Hsl.A00:0 androidx.compose.ui.platform.AndroidComposeView.dispatchDraw:85 android.view.View.draw:26345 android.view.View.updateDisplayListIfDirty:25175 
03-13 18:25:26.731 16874 16874 I View    : setRequestedFrameRate frameRate=NaN, this=android.view.View{fcfe7c2 V.ED..... ........ 0,0-0,0}, caller=X.Hsl.A00:0 androidx.compose.ui.platform.AndroidComposeView.dispatchDraw:104 android.view.View.draw:26345 android.view.View.updateDisplayListIfDirty:25175 android.view.ViewGroup.recreateChildDisplayList:4794 
03-13 18:25:26.738  2053 17671 W QC2Comp : [av1D_660] Skipping empty output buffer
03-13 18:25:26.746 16874 17670 D CCodecConfig: c2 config diff is   c2::i32 vendor.qti-ext-dec-info-mbi.counter = 123
03-13 18:25:26.746 16874 17670 D CCodecConfig:   Buffer vendor.qti-ext-dec-info-misr.value = 0xb4000071cfb6cc50
03-13 18:25:26.749  2053 17671 W QC2Comp : [av1D_660] Skipping empty output buffer
03-13 18:25:26.753 16874 17670 D CCodecConfig: c2 config diff is   c2::i32 vendor.qti-ext-dec-info-mbi.counter = 124
03-13 18:25:26.753 16874 17670 D CCodecConfig:   Buffer vendor.qti-ext-dec-info-misr.value = 0xb4000071cfb7ab20
03-13 18:25:26.756  2053 17671 W QC2Comp : [av1D_660] Skipping empty output buffer
03-13 18:25:26.765 16874 16874 I View    : setRequestedFrameRate frameRate=NaN, this=androidx.compose.ui.platform.AndroidComposeView{b25c828 VFED..... ........ 0,0-1080,2640 aid=1073741824}, caller=android.view.ViewGroup.setRequestedFrameRate:9952 X.Hsl.A00:0 androidx.compose.ui.platform.AndroidComposeView.dispatchDraw:85 android.view.View.draw:26345 android.view.View.updateDisplayListIfDirty:25175 
03-13 18:25:26.765 16874 16874 I View    : setRequestedFrameRate frameRate=NaN, this=android.view.View{fcfe7c2 V.ED..... ........ 0,0-0,0}, caller=X.Hsl.A00:0 androidx.compose.ui.platform.AndroidComposeView.dispatchDraw:104 android.view.View.draw:26345 android.view.View.updateDisplayListIfDirty:25175 android.view.ViewGroup.recreateChildDisplayList:4794 
03-13 18:25:26.771 16874 17670 D CCodecConfig: c2 config diff is   c2::i32 vendor.qti-ext-dec-info-mbi.counter = 125
03-13 18:25:26.771 16874 17670 D CCodecConfig:   Buffer vendor.qti-ext-dec-info-misr.value = 0xb4000071cfb73690
03-13 18:25:26.804  3003  3595 I ActivityManager: Changes in 10405 6 to 10, 128 to 0
03-13 18:25:26.806 16874 16874 I View    : setRequestedFrameRate frameRate=NaN, this=androidx.compose.ui.platform.AndroidComposeView{b25c828 VFED..... ........ 0,0-1080,2640 aid=1073741824}, caller=android.view.ViewGroup.setRequestedFrameRate:9952 X.Hsl.A00:0 androidx.compose.ui.platform.AndroidComposeView.dispatchDraw:85 android.view.View.draw:26345 android.view.View.updateDisplayListIfDirty:25175 
03-13 18:25:26.806 16874 16874 I View    : setRequestedFrameRate frameRate=NaN, this=android.view.View{fcfe7c2 V.ED..... ........ 0,0-0,0}, caller=X.Hsl.A00:0 androidx.compose.ui.platform.AndroidComposeView.dispatchDraw:104 android.view.View.draw:26345 android.view.View.updateDisplayListIfDirty:25175 android.view.ViewGroup.recreateChildDisplayList:4794 
03-13 18:25:26.812  3003  3595 I ActivityManager: Changes in 10405 10 to 6, 0 to 128
03-13 18:25:26.812  3003  4002 D BackgroundInstallControlService: Package event received: 0
03-13 18:25:26.812  3003  4002 D BackgroundInstallControlService: Package event received: 0
03-13 18:25:26.812  3003  4002 D BackgroundInstallControlService: Package event received: 0
03-13 18:25:26.812  3003  4002 D BackgroundInstallControlService: Package event received: 0
03-13 18:25:26.823  2007 17490 I sensors-hal: handle_sns_client_event:375, [0][203] accel_sample [ 0.075,  0.202,  9.854] 267927353562682
03-13 18:25:26.841 16874 16874 I View    : setRequestedFrameRate frameRate=NaN, this=androidx.compose.ui.platform.AndroidComposeView{b25c828 VFED..... ........ 0,0-1080,2640 aid=1073741824}, caller=android.view.ViewGroup.setRequestedFrameRate:9952 X.Hsl.A00:0 androidx.compose.ui.platform.AndroidComposeView.dispatchDraw:85 android.view.View.draw:26345 android.view.View.updateDisplayListIfDirty:25175 
03-13 18:25:26.842 16874 16874 I View    : setRequestedFrameRate frameRate=NaN, this=android.view.View{fcfe7c2 V.ED..... ........ 0,0-0,0}, caller=X.Hsl.A00:0 androidx.compose.ui.platform.AndroidComposeView.dispatchDraw:104 android.view.View.draw:26345 android.view.View.updateDisplayListIfDirty:25175 android.view.ViewGroup.recreateChildDisplayList:4794 
03-13 18:25:26.866 16874 16874 I View    : setRequestedFrameRate frameRate=NaN, this=androidx.compose.ui.platform.AndroidComposeView{b25c828 VFED..... ........ 0,0-1080,2640 aid=1073741824}, caller=android.view.ViewGroup.setRequestedFrameRate:9952 X.Hsl.A00:0 androidx.compose.ui.platform.AndroidComposeView.dispatchDraw:85 android.view.View.draw:26345 android.view.View.updateDisplayListIfDirty:25175 
03-13 18:25:26.866 16874 16874 I View    : setRequestedFrameRate frameRate=NaN, this=android.view.View{fcfe7c2 V.ED..... ........ 0,0-0,0}, caller=X.Hsl.A00:0 androidx.compose.ui.platform.AndroidComposeView.dispatchDraw:104 android.view.View.draw:26345 android.view.View.updateDisplayListIfDirty:25175 android.view.ViewGroup.recreateChildDisplayList:4794 
03-13 18:25:26.873  2053 17671 W QC2Comp : [av1D_660] Skipping empty output buffer
03-13 18:25:26.875 16874 17670 D CCodecConfig: c2 config diff is   c2::i32 vendor.qti-ext-dec-info-mbi.counter = 130
03-13 18:25:26.875 16874 17670 D CCodecConfig:   Buffer vendor.qti-ext-dec-info-misr.value = 0xb4000071cfb8b1f0
03-13 18:25:26.899 16874 16874 I View    : setRequestedFrameRate frameRate=NaN, this=androidx.compose.ui.platform.AndroidComposeView{b25c828 VFED..... ........ 0,0-1080,2640 aid=1073741824}, caller=android.view.ViewGroup.setRequestedFrameRate:9952 X.Hsl.A00:0 androidx.compose.ui.platform.AndroidComposeView.dispatchDraw:85 android.view.View.draw:26345 android.view.View.updateDisplayListIfDirty:25175 
03-13 18:25:26.900 16874 16874 I View    : setRequestedFrameRate frameRate=NaN, this=android.view.View{fcfe7c2 V.ED..... ........ 0,0-0,0}, caller=X.Hsl.A00:0 androidx.compose.ui.platform.AndroidComposeView.dispatchDraw:104 android.view.View.draw:26345 android.view.View.updateDisplayListIfDirty:25175 android.view.ViewGroup.recreateChildDisplayList:4794 
03-13 18:25:26.905 16797 16838 I appium  : AppiumResponse: {"sessionId":"4f43964f-20bc-47a6-8187-02532ecf72b2","value":"iVBORw0KGgoAAAANSUhEUgAABDgAAApQCAYAAABYiJrlAAAAAXNSR0IArs4c6QAAAARzQklUCAgICHwIZIgAACAASURBVHic7N15fExn/z/+15k1+y6JxBZbYl9qFzT2NaKUau1qDamtetO73NWiSltUEFq0PpTaiSWqitirRZFmsZOESJA9k8nMfP/wm/llMjORfQyv5+Ph0ebMmTPXZJk58zrv630JTk5OGhARERERERE…
03-13 18:25:26.939 16874 16874 I View    : setRequestedFrameRate frameRate=NaN, this=androidx.compose.ui.platform.AndroidComposeView{b25c828 VFED..... ........ 0,0-1080,2640 aid=1073741824}, caller=android.view.ViewGroup.setRequestedFrameRate:9952 X.Hsl.A00:0 androidx.compose.ui.platform.AndroidComposeView.dispatchDraw:85 android.view.View.draw:26345 android.view.View.updateDisplayListIfDirty:25175 
03-13 18:25:26.940 16874 16874 I View    : setRequestedFrameRate frameRate=NaN, this=android.view.View{fcfe7c2 V.ED..... ........ 0,0-0,0}, caller=X.Hsl.A00:0 androidx.compose.ui.platform.AndroidComposeView.dispatchDraw:104 android.view.View.draw:26345 android.view.View.updateDisplayListIfDirty:25175 android.view.ViewGroup.recreateChildDisplayList:4794 
