03-13 18:25:34.874  3003  3003 D EdgeLightingPolicyManager:NotificationGroup: remove : sbn : StatusBarNotification(pkg=android user=UserHandle{-1} id=32 tag=null key=-1|android|32|null|1000: Notification(channel=UsbDevNoti shortcut=null contentView=null vibrate=null sound=null tick defaults=0 flags=ONGOING_EVENT|CAN_COLORIZE color=0x00000000 vis=PUBLIC semFlags=0x0 semPriority=0 semMissedCount=0))
03-13 18:25:34.874  3003  3067 D WindowManager: Changing focus from Window{f856399 u0 com.instagram.barcelona/com.instagram.barcelona.mainactivity.BarcelonaActivity} to null displayId=0 Callers=com.android.server.wm.RootWindowContainer.onChildPositionChanged:8 com.android.server.wm.WindowContainer.positionChildAt:69 com.android.server.wm.RootWindowContainer.positionChildAt:8 com.android.server.wm.WindowManagerServiceExt.moveDisplayToTop:37 
03-13 18:25:34.874  3003  3003 D EdgeLightingPolicyManager.NotificationGroup: group notification count : 1
03-13 18:25:34.874  3003  3003 D EdgeLightingManager: hideForNotification : isInteractive is true
03-13 18:25:34.875  3003  3067 D InputDispatcher: Focused display: 0 -> 1
03-13 18:25:34.875  3003  3067 W InputDispatcher: Focused display #1 does not have a focused window.
03-13 18:25:34.875  2092  2092 I factory.ssc: vendor/qcom/proprietary/adsprpc/src/fastrpc_apps_user.c:3408: close_device_node: closed dev 16 on domain 0
03-13 18:25:34.875  2092  2092 I factory.ssc: vendor/qcom/proprietary/adsprpc/src/fastrpc_apps_user.c:3237: domain_deinit: closed device 16 on domain 0 (kill time 917 us)
03-13 18:25:34.875  2092  2092 I factory.ssc: vendor/qcom/proprietary/adsprpc/src/fastrpc_apps_user.c:1758: remote_handle64_close: closed handle 0xb400006d90c31bd0 remote handle 0x0, num of open handles: 0
03-13 18:25:34.875  3003  3067 E InputDispatcher: But another display has a focused window
03-13 18:25:34.875  3003  3067 E InputDispatcher:   FocusedWindows:
03-13 18:25:34.875  3003  3067 E InputDispatcher:     displayId=0, name='f856399 com.instagram.barcelona/com.instagram.barcelona.mainactivity.BarcelonaActivity'
03-13 18:25:34.875  2092  2092 I SSC_DAEMON: handleSensorTestReqMsg:85, Sensor type :15, Msg type:15
03-13 18:25:34.875  2092  2092 I SSC_DAEMON: physicalSensorTestReqMsg:130, s:15, m:15
03-13 18:25:34.875  3003  3067 V SystemKeyManager: updateFocusedWindow() is called, 
03-13 18:25:34.875  4360  4360 I SprWallpaper|VideoPlayer: configure
03-13 18:25:34.875  3003  3067 D ActivityTaskManager: scheduleTopResumedActivityChanged, onTop=false, r=ActivityRecord{194642707 u0 com.instagram.barcelona/.mainactivity.BarcelonaActivity t907}, caller=com.android.server.wm.ActivityTaskSupervisor.scheduleTopResumedActivityStateLossIfNeeded:19 com.android.server.wm.ActivityTaskSupervisor.updateTopResumedActivityIfNeeded:20 com.android.server.wm.RootWindowContainer.onChildPositionChanged:16 com.android.server.wm.WindowContainer.positionChildAt:69 com.android.server.wm.RootWindowContainer.positionChildAt:8 com.android.server.wm.WindowManagerServiceExt.moveDisplayToTop:37 
03-13 18:25:34.875  4360 17725 I MediaCodec: MediaCodec will operate in async mode
03-13 18:25:34.876  4360  4360 E MediaCodec: Media Quality Service not found.
03-13 18:25:34.876 19717 19717 I HBD     : h writeToFile complete 
03-13 18:25:34.876 19717 19717 I HBD     : a [UpdatePolicy] [post] a: 17 cl: 65537 kit: [0/0] vt: 0 ir: 1 
03-13 18:25:34.876 19717 19717 I HBD     : b isFlipCoverDisplayMode - true 
03-13 18:25:34.876 19717 19717 I HBD     : DeX h DeX mode state change in non-main thread 
03-13 18:25:34.877 19717 19717 I HBD     : DeX h DeX mode state change: 3 
03-13 18:25:34.877 19717 17736 I HBD     : h Write selected lang for DE  
03-13 18:25:34.877 19717 17736 I HBD     : h writeToFile path : /data/user_de/0/com.samsung.android.honeyboard/files/fold_selected.json 
03-13 18:25:34.877  4360 17725 I MediaCodec: [c2.qti.hevc.decoder] setting surface generation to 4464709
03-13 18:25:34.877 19717 17736 I HBD     : h writeToFile json : {"version":"4.2","currentLanguageOrder":0,"front_selected":[{"activeOptionList":["auto_replace","auto_spacing","writing_assistant","prediction"],"bilingualId":-1,"engName":"English","id":65537,"inputType":"qwerty","isUsed":true}]} 
03-13 18:25:34.877  2071  2129 I sysinput:aidl: onReportInformation:93, 1, cmd@set_fold_state,1:0
03-13 18:25:34.877  2071  2129 I sysinput:Touch1: operator():237, OK
03-13 18:25:34.877  3003  4598 D KNOX_MDM_SettingsProvider: isChangeAllowed() : name = enabled_input_methods
03-13 18:25:34.877  3003  4598 D KNOX_MDM_SettingsProvider: edmUri: content://com.sec.knox.provider/RestrictionPolicy3
03-13 18:25:34.877  3003  4598 D KNOX_MDM_SettingsProvider: projectionArgs: isSettingsChangesAllowed
03-13 18:25:34.877  3003  4598 D KNOX_MDM_SettingsProvider: selectionArgs: false
03-13 18:25:34.877  3003  4598 D KNOX_MDM_SettingsProvider: selectionArgs: 10202
03-13 18:25:34.877  3003  4598 D SecContentProvider: query(), uri = 17 selection = isSettingsChangesAllowed
03-13 18:25:34.877  3003  4598 D SecContentProvider: called from android.uid.honeyboard:10202
03-13 18:25:34.877  3003  3994 D SysinputHAL_AIDL: setProperty(TSP(1)): CMD, set_fold_state,1 ret=0
03-13 18:25:34.877  3003  4598 D RestrictionPolicy: isSettingsChangesAllowedAsUser, userId 0 : true
03-13 18:25:34.878  3003  4598 D KNOX_MDM_SettingsProvider: ret = 1
03-13 18:25:34.878 19717 17736 I HBD     : h writeToFile complete 
03-13 18:25:34.878  4360 17727 I CCodec  : appPid(4360) width(1080) height(2640)
03-13 18:25:34.878  2071  2128 I sysinput:aidl: onReportInformation:93, 2, cmd@set_fold_state,1:0
03-13 18:25:34.878  3003  4598 D KNOX_MDM_SettingsProvider: isChangeAllowed() : name = default_input_method
03-13 18:25:34.878  3003  4598 D KNOX_MDM_SettingsProvider: edmUri: content://com.sec.knox.provider/RestrictionPolicy3
03-13 18:25:34.878  3003  4598 D KNOX_MDM_SettingsProvider: projectionArgs: isSettingsChangesAllowed
03-13 18:25:34.878  3003  4598 D KNOX_MDM_SettingsProvider: selectionArgs: false
03-13 18:25:34.878  3003  4598 D KNOX_MDM_SettingsProvider: selectionArgs: 10202
03-13 18:25:34.878  3003  4598 D SecContentProvider: query(), uri = 17 selection = isSettingsChangesAllowed
03-13 18:25:34.878  3003  4598 D SecContentProvider: called from android.uid.honeyboard:10202
03-13 18:25:34.878  3003  4598 D RestrictionPolicy: isSettingsChangesAllowedAsUser, userId 0 : true
03-13 18:25:34.878  3003  4598 D KNOX_MDM_SettingsProvider: ret = 1
03-13 18:25:34.878  3003  3067 D WALLPAPER_SVC:SubDisplayMode: onDisplayFoldChanged: displayId = 0, folded = true 
03-13 18:25:34.878  3003  3067 D WALLPAPER_SVC:WallpaperManagerService: updateDisplayData 
03-13 18:25:34.878  2053  2958 W QC2Interface: [hvcD_661] Failed to query parameters
03-13 18:25:34.879  2053  2958 I vendor.qti.media.c2@1.0-service: StrictValueWithNoDeps is called old.v.value is 2141391876 me.v.value is 0
03-13 18:25:34.879  2053  2958 I vendor.qti.media.c2@1.0-service: StrictValueWithNoDeps is called old.v.value is 1 me.v.value is 120
03-13 18:25:34.879  3003  3067 E WallpaperManagerService: getHighlightFilterState : which=17, filterState=0, unsupported mode
03-13 18:25:34.879  2053  2958 I vendor.qti.media.c2@1.0-service: [FRC-IsFilteringEnabled] entry
03-13 18:25:34.879  3003  3067 D WALLPAPER_SVC:LegibilityColor: setWhiteBgSettings which: 17, userId : 0, homeBodyColor : null 
03-13 18:25:34.879  3003  3067 D WALLPAPER_SVC:LegibilityColor: Cover wallpaper, ignore SemWallpaperColors 
03-13 18:25:34.879  2053  2958 I vendor.qti.media.c2@1.0-service: [FRC-IsFilteringEnabled] frcReqInfo.value is 0
03-13 18:25:34.879  3003  3067 D WALLPAPER_SVC:WallpaperManagerService: notifySemColorListeners: 17, 0, 0 
03-13 18:25:34.879  3003  3067 D InputManager: onDisplayFoldChanged: folded = true
03-13 18:25:34.879  3003  3064 I NotificationManager: android: notify(32, null, Notification(channel=UsbDevNoti shortcut=null contentView=null vibrate=null sound=null tick defaults=0 flags=ONGOING_EVENT color=0x00000000 vis=PUBLIC semFlags=0x0 semPriority=0 semMissedCount=0)) as user
03-13 18:25:34.879  3003  3067 D VibratorManagerService: onFoldStateChanged isFolded = true
03-13 18:25:34.879  2053  2958 W QC2Interface: [hvcD_661] Failed to query parameters
03-13 18:25:34.879  4360 17727 W Codec2Client: query -- param skipped: index = 1107298332.
03-13 18:25:34.879  4360 17727 W CCodec  : This behavior is subject to change. It is recommended that app developers double check whether the requested max input size is in reasonable range.
03-13 18:25:34.879  2053  2958 W QC2Interface: [hvcD_661] Failed to query parameters
03-13 18:25:34.879  4360 17727 I CCodecConfig: query failed after returning 18 values (BAD_INDEX)
03-13 18:25:34.879  4205  4239 D SemWallpaperColorsArea: SemWallpaperColorsArea [1080, 2640] which: 17 rotation: 0 has Base: false
03-13 18:25:34.880  2053  2950 W QC2Interface: [hvcD_661] Failed to query parameters
03-13 18:25:34.880  4360 17727 E .wallpaper.live: Failed to query component interface for required system resources: 6
03-13 18:25:34.880  3003  3993 D SysinputHAL_AIDL: setProperty(TSP_SUB(2)): CMD, set_fold_state,1 ret=0
03-13 18:25:34.880  4360  4360 I SprWallpaper|VideoPlayer: start: state[1] after prepare
03-13 18:25:34.880  3003  4931 D SehCodecSolutionService: updateMediaStatisticsData: (action=1@1986621044;category=2@1986621044;label=1936222261@1986621044)
03-13 18:25:34.880  2007  3645 I sensors-hal: qsh_conn_event_cb:890, event[0] sensor:Device Common Info  Wakeup, msg_id=1025, ts=5144461184118
03-13 18:25:34.881  3003  4931 D CodecSolution_MediaStatisticsData: MediaStatisticsData: action=1@1986621044;category=2@1986621044;label=1936222261@1986621044
03-13 18:25:34.881  3003  4931 D CodecSolution_MediaStatisticsData: Category.valueOf: 2
03-13 18:25:34.881  3003  4931 D CodecSolution_MediaStatisticsData: Action.valueOf: 1
03-13 18:25:34.881  2007  3645 I sensors-hal: handle_sns_client_event:65, device_common_info_event: t:3, f:0, s:1, h:1
03-13 18:25:34.881  3003  4931 D CodecSolution_MediaStatisticsData: Label.valueOf: 0x73686835
03-13 18:25:34.881  3003  4931 D CodecSolution_MediaStatisticsData: category: VDEC
03-13 18:25:34.881  3003  4931 D CodecSolution_MediaStatisticsData: action: INSTANTIATE
03-13 18:25:34.881  3003  4931 D CodecSolution_MediaStatisticsData: label: SEC_HW_H265
03-13 18:25:34.881  4360 17725 I CCodec  : [c2.qti.hevc.decoder] state->set(STARTING)
03-13 18:25:34.881  2053  2958 I vendor.qti.media.c2@1.0-service: [FRC-IsFilteringEnabled] entry
03-13 18:25:34.881  2053  2958 I vendor.qti.media.c2@1.0-service: [FRC-IsFilteringEnabled] frcReqInfo.value is 0
03-13 18:25:34.881  3003  3064 W PermissionService: getPermissionFlags: Unknown user -1
03-13 18:25:34.881  3003  3064 W PermissionService: getPermissionFlags: Unknown user -1
03-13 18:25:34.881  3003  3661 I InputReader: Reconfiguring input devices, changes=DISPLAY_FOLD
03-13 18:25:34.881  3003  3064 D UsbDeviceManager: notifyAsUser: id=0 title=USB for charging phone
03-13 18:25:34.880  4205  4239 D SemWallpaperColorsArea: SemWallpaperColorsArea which = 17, mDensity : 2.125, 1080x2640,508x1242,14,31, 9
03-13 18:25:34.881  2053  2958 I QC2Comp : [hvcD_661] CPU perf resource value pair found: [1082130688, 4095, ]
03-13 18:25:34.881  4205  4239 I SemWallpaperColorsArea: Final area : Rect(46, 19 - 1032, 48)
03-13 18:25:34.882  4205  4239 I SemWallpaperColorsArea: Final area : Rect(376, 561 - 701, 1806)
03-13 18:25:34.882  4205  4239 I SemWallpaperColorsArea: Final area : Rect(505, 46 - 573, 214)
03-13 18:25:34.882  4205  4239 I SemWallpaperColorsArea: Final area : Rect(911, 2046 - 1028, 2341)
03-13 18:25:34.882  4205  4239 I SemWallpaperColorsArea: Final area : Rect(61, 2573 - 446, 2639)
03-13 18:25:34.882  4205  4239 I SemWallpaperColorsArea: Final area : Rect(0, 0 - 1079, 2639)
03-13 18:25:34.882  4205  4239 D WallpaperManager: onSemWallpaperColorsChanged [version:22, which:17, adaptive dim:0.0/0, darkmode dim:0.25]
03-13 18:25:34.882  4205  4239 D WallpaperManager: 	[SeedColors, [-70198]]
03-13 18:25:34.882  4205  4239 D WallpaperManager: 	[STATUSBAR, Rect(31, 19 - 716, 48):1/ff000000/1.0/0.1, 0.0/0.0/0.0]
03-13 18:25:34.882  4205  4239 D WallpaperManager: 	[BODY_TOP, Rect(261, 150 - 484, 490):1/ff4e4e4e/2.0004/0.30007502, 37.627117/0.23694779/0.9764706]
03-13 18:25:34.882  4205  4239 D WallpaperManager: 	[BODY_MID, Rect(350, 12 - 397, 57):1/ff525252/2.0004/0.30007502, 40.8/0.19607843/1.0]
03-13 18:25:34.882  4205  4239 D WallpaperManager: 	[BODY_BOTTOM, Rect(631, 556 - 711, 637):1/ff343434/3.3315673/0.54966885, 31.8/0.4784689/0.81960785]
03-13 18:25:34.882  4205  4239 D WallpaperManager: 	[NAVIBAR, Rect(42, 652 - 308, 718):1/ff525252/2.0004/0.30007502, 42.352943/0.2007874/0.99607843]
03-13 18:25:34.882  4205  4239 D WallpaperManager: 	[BACKGROUND, Rect(0, 0 - 748, 718):1/ff464646/2.1101708/0.32065704, 34.411766/0.28691983/0.92941177], which=17
03-13 18:25:34.882 19717 19808 I HBD     : p updated Sub Types. English 
03-13 18:25:34.882  3003  3003 D NotificationReminder: removeFromNotificationList record android
03-13 18:25:34.882  4205  4205 E EdgeBackGestureHandler: No resource found for gesture-blocking activities
03-13 18:25:34.882 19717 17741 I HBD     : a InputMethodSubtype is set as local:en_US 
03-13 18:25:34.883  4205  4205 D NavigationModeController: getCurrentInteractionMode: mode=0 contextUser=0
03-13 18:25:34.883  2075  2075 E SecVibrator-HAL-AIDL-EXT: V_5_0: setFolderStatus1
03-13 18:25:34.883  2075  2075 E SecVibrator-HAL-AIDL-EXT: V_5_0: FOLDER_CLOSE
03-13 18:25:34.883  2075  2075 E SecVibrator-HAL-AIDL-EXT:  length : 13
03-13 18:25:34.883  2075  2075 E SecVibrator-HAL-AIDL-EXT: V_5_0: ret : 13
03-13 18:25:34.883  2075  2075 E SecVibrator-HAL-AIDL-EXT: V_5_0: setFolderStatus end
03-13 18:25:34.883  4832  4832 I HoneySpace.NotificationListener: onNotificationRemoved sbn : StatusBarNotification(pkg=android user=UserHandle{-1} id=32 tag=null key=-1|android|32|null|1000: Notification(channel=UsbDevNoti shortcut=null contentView=null vibrate=null sound=null tick defaults=0 flags=ONGOING_EVENT|CAN_COLORIZE color=0x00000000 vis=PUBLIC semFlags=0x0 semPriority=0 semMissedCount=0)), reason : 8
03-13 18:25:34.883  3003  3067 D VibratorManagerService: onTableModeChanged. isTableMode=false
03-13 18:25:34.883  4832  7615 I HoneySpace.NotificationListener: onNotificationRemoved android: -1|android|32|null|1000: 0
03-13 18:25:34.883  3003  3067 D PowerManagerService: [api] goToSleep (uid: 1000 pid: 3003) eventTime = 87323880
03-13 18:25:34.883  3003  3067 W PowerManagerService: !@Screen__Off(d) - 744 :  goToSleep:  (uid: 1000 pid: 3003) (device_folded) groupId=0
03-13 18:25:34.884  3003  3067 I PowerGroup: Powering off display group due to device_folded (groupId= 0, uid= 1000, millisSinceLastUserActivity=56, lastUserActivityEvent=deviceState)...
03-13 18:25:34.884  3003  3067 D InputManager-JNI: setInteractiveForInternalDisplay(false)
03-13 18:25:34.884  3003  3067 D InputManager-JNI: setInteractive(false)
03-13 18:25:34.884  2071  2128 I sysinput:Touch2: operator():237, OK
03-13 18:25:34.884  3003  3067 I PowerManagerService: Going to sleep due to device_folded (uid 1000, screenOffTimeout=600000, activityTimeoutWM=-1, maxDimRatio=0.333, maxDimDur=20000)...
03-13 18:25:34.884  3003  3067 D PowerManagerService: displayReady: false groupId=0
03-13 18:25:34.884  3003  3067 D PowerManagerService: Setting HAL interactive mode to false
03-13 18:25:34.884  3003  3130 D DisplayPowerController[0]: animateScreenStateChange: target=OFF, mIsEnabled=true
03-13 18:25:34.884  2092  3859 I SSC_DAEMON: virtualOpticFlipStateEvent:29, fstate: 1
03-13 18:25:34.884  3003  3130 I DisplayPowerController[0]: BrightnessEvent: brt=0.34117645 (80.0%), nits= 124.303, lux=208.0, reason=automatic, strat=AutomaticBrightnessStrategy, state=ON, stateReason=DEFAULT_POLICY, policy=OFF, flags=, initBrt=0.34117645, rcmdBrt=0.34117645, preBrt=NaN, preLux=199.0, wasShortTermModelActive=false, autoBrightness=true (default), unclampedBrt=0.34117645, hbmMax=1.0, hbmMode=off, thrmMax=1.0, rbcStrength=-1, powerFactor=1.0, physDisp=Built-in Screen(local:4630946564756762243), logicalId=0, slowChange=false, rampSpeed=0.0
03-13 18:25:34.884  3003  3067 D RestrictionPolicy: isScreenCaptureEnabled : ret=true userId=0
03-13 18:25:34.884  3003  3067 D RestrictionPolicy: isScreenCaptureEnabled : ret=true userId=0
03-13 18:25:34.884  3003  3130 D DisplayPowerController[1]: animateScreenStateChange: target=OFF, mIsEnabled=false
03-13 18:25:34.884  3003  3003 D SehCodecSolutionService: handleMessage : 900
03-13 18:25:34.884  3003  3130 I DisplayPowerController[1]: BrightnessEvent: brt=0.0 (0.0%), nits= 1.0, lux=-1.0, reason=screen_off, strat=ScreenOffBrightnessStrategy, state=OFF, stateReason=DEFAULT_POLICY, policy=OFF, flags=, initBrt=0.0, rcmdBrt=NaN, preBrt=NaN, preLux=0.0, wasShortTermModelActive=false, autoBrightness=true (default), unclampedBrt=0.0, hbmMax=1.0, hbmMode=off, thrmMax=1.0, rbcStrength=-1, powerFactor=1.0, physDisp=Built-in Screen(local:4630946638498144900), logicalId=1, slowChange=false, rampSpeed=0.0
03-13 18:25:34.885  3003  3067 D ScreenCapture: [Capture_TEST] : setIsScreenShotBySystem true
03-13 18:25:34.885  3003  3067 I SurfaceComposerClient: captureLayers:childrenOnly:1, sync:1
03-13 18:25:34.885  3003  3003 D SehCodecSolutionService: event : VDEC
03-13 18:25:34.885  3003  3003 D CodecSolution_Logging: dma : true, feature: VDEC, extra: SEC_HW_H265, value: -1
03-13 18:25:34.885  3003  3003 D CodecSolution_Logging: insert diagmon log
03-13 18:25:34.885  3003  3003 D CodecSolution_Logging: permission granted
03-13 18:25:34.885  3003  3003 W ContextImpl: Calling a method in the system process without a qualified user: android.app.ContextImpl.sendBroadcast:1335 vendor.samsung.frameworks.codecsolution.Logging.insertDiagmonLog:14 vendor.samsung.frameworks.codecsolution.Logging.insertLog:6 vendor.samsung.frameworks.codecsolution.Logging.insertLog:1 vendor.samsung.frameworks.codecsolution.SehCodecSolutionService$1.handleMessage:24 
03-13 18:25:34.886  4205  4205 I NoBackGesture: Config changed: newConfig={1.0 ?mcc0mnc [en_US] ldltr sw307dp w352dp h308dp 340dpi smll hdr widecg land night -touch -keyb/v/h -nav/h winConfig={ mBounds=Rect(0, 0 - 748, 720) mAppBounds=Rect(0, 0 - 748, 654) mMaxBounds=Rect(0, 0 - 748, 720) mDisplayRotation=ROTATION_0 mWindowingMode=fullscreen mActivityType=undefined mAlwaysOnTop=undefined mRotation=ROTATION_0 mStageConfig=undefined mPopOver=undefined mOverlappingWithCutout=false mFlexPanelMode=off} s.7551 fontWeightAdjustment=0 ff=0 bf=-1 bts=0 cst=1.0 nightDim=0 themeSeq=0} lastReportedConfig={1.0 ?mcc0mnc [en_US] ldltr sw307dp w352dp h308dp 340dpi smll hdr widecg land night -touch -keyb/v/h -nav/h winConfig={ mBounds=Rect(0, 0 - 748, 720) mAppBounds=Rect(0, 0 - 748, 654) mMaxBounds=Rect(0, 0 - 748, 720) mDisplayRotation=ROTATION_0 mWindowingMode=fullscreen mActivityType=undefined mAlwaysOnTop=undefined mRotation=ROTATION_0 mStageConfig=undefined mPopOver=undefined mOverlappingWithCutout=false mFlexPanelMode=off} s.7551 fontWeightAdjustment=0 ff=0 bf=-1 bts=0 cst=1.0 nightDim=0 themeSeq=0}
03-13 18:25:34.886  4205  4205 D Navbar.Store: handleEvent(1) OnNavBarCreated(keyguardStateController=com.android.systemui.statusbar.policy.KeyguardStateControllerImpl@c596bb7, navigationBar=com.android.systemui.navigationbar.views.NavigationBar@98561fc) [Module] NavigationBar
03-13 18:25:34.886  4205  4205 D OneHandOpGestureHandler: setDisablePolicy() old=0, new=0
03-13 18:25:34.886  2105  2836 I SurfaceFlinger: Capture layer list: 	 com.instagram.barcelona/com.instagram.barcelona.mainactivity.BarcelonaActivity$_16874#79296(seamlessTransition:0)
03-13 18:25:34.886  4205  4205 D NavBarStateManager: NavBarStates(1) isLargeCoverScreenSyncEnabled: false
03-13 18:25:34.886  4205  4205 D Navbar.NavigationBar: onInit() Cover navbar hidden: sync option is off
03-13 18:25:34.886  4205  4205 D NavBarStateManager: NavBarStates(1) isNavBarHiddenByKnox: false
03-13 18:25:34.886  2105  2342 D RenderEngine: [SEC_SF_EFFECTS] drawLayersInternal,1483, Rendering layer ScreenCaptureFillLayer at index 0
03-13 18:25:34.886  2105  2342 D RenderEngine: [SEC_SF_EFFECTS] drawLayersInternal,1483, Rendering layer com.instagram.barcelona/com.instagram.barcelona.mainactivity.BarcelonaActivity$_16874#79296 at index 1
03-13 18:25:34.887  3003  3003 I PhoneWindowManager: Started going to sleep... (groupId=0 why=OFF_BECAUSE_OF_FOLD)
03-13 18:25:34.887  4205  4205 D NavBarStateManager: NavBarStates(0) canShowKeyboardButtonForRotation(0): true
03-13 18:25:34.888  4205  4239 I KeyguardService: onStartedGoingToSleep pmSleepReason=13
03-13 18:25:34.888  4205  4205 D NavBarStateManager: NavBarStates(1) supportLargeCoverScreenNavBar: true
03-13 18:25:34.888  2053  2958 I QC2Registry: Build pipelined codec for session
03-13 18:25:34.888  4205  4205 D NavBarStateManager: NavBarStates(0) canShowKeyboardButtonForRotation(0): true
03-13 18:25:34.889  4205  4205 D NavBarStateManager: NavBarStates(1) supportLargeCoverScreenNavBar: true
03-13 18:25:34.889  4205  4205 D NavBarStateManager: NavBarStates(0) canShowKeyboardButtonForRotation(1): true
03-13 18:25:34.889  4205  4205 D NavBarStateManager: NavBarStates(1) supportLargeCoverScreenNavBar: true
03-13 18:25:34.889  3003  3067 D RestrictionPolicy: isScreenCaptureEnabled : ret=true userId=0
03-13 18:25:34.889  4205  4205 D NavBarStateManager: NavBarStates(0) canShowKeyboardButtonForRotation(2): true
03-13 18:25:34.889  3003  3067 D RestrictionPolicy: isScreenCaptureEnabled : ret=true userId=0
03-13 18:25:34.889  2053  2958 I QC2Registry: Getting stages for pipelined codec
03-13 18:25:34.890  4205  4205 D NavBarStateManager: NavBarStates(1) supportLargeCoverScreenNavBar: true
03-13 18:25:34.890  2053  2958 I QC2Registry: Requested codec is pipelined. Create codec list
03-13 18:25:34.890  2053  2958 I QC2Registry: GetEnabledFilters for c2.qti.hevc.decoder
03-13 18:25:34.890  4205  4205 D NavBarStateManager: NavBarStates(0) canShowKeyboardButtonForRotation(3): true
03-13 18:25:34.890  2053  2958 I QC2Registry: Pipeline Index = a0009102
03-13 18:25:34.890  2053  2958 I QC2Registry: Filter sec2.imageformat.filter can't be pipelined
03-13 18:25:34.890  2053  2958 I QC2Registry: Pipeline Index = a000a103
03-13 18:25:34.890  2053  2958 I QC2Registry: Filter c2.qti.filter.imagetransform can't be pipelined
03-13 18:25:34.890  2053  2958 I QC2Registry: Created 0 filters for pipelined codec c2.qti.hevc.decoder
03-13 18:25:34.890  2053  2958 E QC2Comp : [hvcD_661] configureIntf failed 95
03-13 18:25:34.890  3003  3067 D DisplayPowerController[0]: [api] WindowManagerPolicy.ScreenOffListener : called onScreenOff()
03-13 18:25:34.891  4205  4205 D NavBarStateManager: NavBarStates(1) supportLargeCoverScreenNavBar: true
03-13 18:25:34.891  4205  4205 I WindowManager: WindowManagerGlobal#addView, ty=2019, view=com.android.systemui.navigationbar.views.NavigationBarFrame{235f494 V.E...... ......I. 0,0-0,0 #7f0a083f app:id/navigation_bar_frame}, caller=android.view.WindowManagerImpl.addView:158 com.android.systemui.navigationbar.views.NavigationBar.onInit:238 com.android.systemui.util.ViewController.init:6 
03-13 18:25:34.891  2105  2858 D SurfaceFlinger: [input] setFocusedWindow: <null>
03-13 18:25:34.891  3003  3804 D InputDispatcher: Once focus requested (0): <null>
03-13 18:25:34.891  3003  3804 D InputDispatcher: Focus request (0): <null> but waiting because NO_WINDOW
03-13 18:25:34.891  3003  3804 D InputDispatcher: Focus left window (0): f856399 com.instagram.barcelona/com.instagram.barcelona.mainactivity.BarcelonaActivity
03-13 18:25:34.891  4205  4205 I ViewRootImpl: dVRR is disabled
03-13 18:25:34.891 16874 16874 I ImeFocusController: onPreWindowFocus: skipped hasWindowFocus=false mHasImeFocus=true
03-13 18:25:34.891  3003  3915 D PocketModeEvent: LID state : 1
03-13 18:25:34.891  3003  3067 D RefreshRateModeManager: onBrightnessChanged: brt=0, lux=4.0
03-13 18:25:34.892 16874 16874 I ImeFocusController: onPostWindowFocus: skipped hasWindowFocus=false mHasImeFocus=true
03-13 18:25:34.893  4205  4394 D NativeCustomFrequencyManager: [NativeCFMS] BpCustomFrequencyManager::BpCustomFrequencyManager()
03-13 18:25:34.890 28740 28761 V CpEventLog(u0): [P] cp_state: [                 contacts = {contacts=0, raw_contacts=0, data=0, account={secphone(1)=0, google(2)=0, sim(3)=0, sim2(4)=0, agg(5)=0, samsung(7)=0, mobileservice(8)=0, com.opera.browser.ping(11)=0, com.nike.authcomponent.v1(14)=0, com.adidas.mobile.sso.adidas.app(15)=0, com.tiktok.lite.go(16)=0, www.instagram.com(17)=0, www.instagram.barcelona(18)=0, com.facebook.auth.login(19)=0, duo(21)=0, Newsbreak(22)=0, com.reddit.account(23)=0, com.reddit.account(24)=0}, trash=0, trash_acc={}, trash_sync=0, database=contacts2.db} ]
03-13 18:25:34.890 28740 28761 V CpEventLog(u0): [P] cp_state: [               aggregated = {} ]
03-13 18:25:34.890 28740 28761 V CpEventLog(u0): [P] cp_state: [                  request = {ALL(0)={avg=1, cnt=2, dur=2, ops={query=2}}, contacts(6603)={avg=1, cnt=2, dur=2, ops={query=2}}} ]
03-13 18:25:34.890 28740 28761 V CpEventLog(u0): [P] cp_state: [                    calls = {types={[100]=4}, database=calllog.db} ]
03-13 18:25:34.890 28740 28761 V CpEventLog(u0): [P] cp_state: [                  profile = {contacts=0, raw_contacts=0, data=0, account={secphone(1)=0, google(2)=0, sim(3)=0, sim2(4)=0, agg(5)=0, samsung(7)=0, mobileservice(8)=0, com.opera.browser.ping(11)=0, com.nike.authcomponent.v1(14)=0, com.adidas.mobile.sso.adidas.app(15)=0, com.tiktok.lite.go(16)=0, www.instagram.com(17)=0, www.instagram.barcelona(18)=0, com.facebook.auth.login(19)=0, duo(21)=0, Newsbreak(22)=0, com.reddit.account(23)=0, com.reddit.account(24)=0}, trash=0, trash_acc={}, trash_sync=0, database=profile.db} ]
03-13 18:25:34.890 28740 28761 V CpEventLog(u0): [P] cp_state: [               sa_profile = {contacts=0, raw_contacts=0, data=0, account={secphone(1)=0, google(2)=0, sim(3)=0, sim2(4)=0, agg(5)=0, samsung(7)=0, mobileservice(8)=0, com.opera.browser.ping(11)=0, com.nike.authcomponent.v1(14)=0, com.adidas.mobile.sso.adidas.app(15)=0, com.tiktok.lite.go(16)=0, www.instagram.com(17)=0, www.instagram.barcelona(18)=0, com.facebook.auth.login(19)=0, duo(21)=0, Newsbreak(22)=0, com.reddit.account(23)=0, com.reddit.account(24)=0}, trash=0, trash_acc={}, trash_sync=0, database=profile_sa.db} ]
03-13 18:25:34.890 28740 28761 V CpEventLog(u0): [P] cp_state: [                      etc = {binders=0, country_iso=US, version=15.6.28, db_version=2000, db_size=0, db_wal_size=0, csc=XAA/XAA, sec_enabled=false, is_roaming=false} ]
03-13 18:25:34.890 28740 28761 V CpEventLog(u0): [P] cp_state: ------------------------------------------------------------------------------
03-13 18:25:34.893  3003  4002 D BackgroundInstallControlService: Package event received: 0
03-13 18:25:34.893  7048  7048 D NLService: Successfully marked the removed notification identified by 32
03-13 18:25:34.893  3003  3951 D GnssLocationProvider_ex: onLidStateChanged 1
03-13 18:25:34.893  3003  3951 D GnssLocationProvider_ex: sendLidState 3
03-13 18:25:34.894  3003  3951 D GnssLocationProvider_ex: gnssConfigurationUpdateSec
03-13 18:25:34.894  3003  3067 D DeviceStatePolicy: updateFoldingSensorListenerLw, foldOpen=false, awake=false, isTableModeEnabled=true, forceOff=false, caller=com.android.server.devicestate.DeviceStateManagerService$OverrideRequestScreenObserver.onAwakeStateChanged:16 com.android.server.wm.ActivityTaskManagerService$$ExternalSyntheticLambda7.run:57 android.os.Handler.handleCallback:995 android.os.Handler.dispatchMessage:103 android.os.Looper.loopOnce:273 android.os.Looper.loop:363 android.os.HandlerThread.run:85 com.android.server.ServiceThread.run:49 <bottom of call stack> <bottom of call stack> 
03-13 18:25:34.894  3003  3003 I ActivityManager: Changes in 10139 5 to 6, 255 to 239
03-13 18:25:34.894  2005  2005 I qmi_secgps_clnt: SECGPS: AGNSS Config Message
03-13 18:25:34.896  3003  3130 I DisplayPowerController[0]: Unblocked screen off after 39 ms
03-13 18:25:34.896  3003  3130 D DisplayPowerController[0]: animateScreenStateChange: target=OFF, mIsEnabled=true
03-13 18:25:34.896  3003  3681 V InputMethodManagerService: IME window vis: 0 active: 0 visible: 0 displayId: 0
03-13 18:25:34.896  3003  3681 D InputMethodManagerService: isImeSwitcherDisabledPackage : false
03-13 18:25:34.897  4205  4367 D SemWallpaperColorsArea: SemWallpaperColorsArea [1080, 2640] which: 17 rotation: 0 has Base: false
03-13 18:25:34.897  4205  4367 D SemWallpaperColorsArea: SemWallpaperColorsArea which = 17, mDensity : 2.125, 1080x2640,508x1242,14,31, 9
03-13 18:25:34.897  4205  4367 I SemWallpaperColorsArea: Final area : Rect(46, 19 - 1032, 48)
03-13 18:25:34.897  3003  3130 D DisplayPowerController[0]: mWindowManagerPolicy.screenTurnedOff()
03-13 18:25:34.897  3003  3130 I PhoneWindowManager: Display0 turned off...
03-13 18:25:34.897  4205  4367 I SemWallpaperColorsArea: Final area : Rect(376, 561 - 701, 1806)
03-13 18:25:34.897  4205  4367 I SemWallpaperColorsArea: Final area : Rect(505, 46 - 573, 214)
03-13 18:25:34.897  4205  4367 I SemWallpaperColorsArea: Final area : Rect(911, 2046 - 1028, 2341)
03-13 18:25:34.897  4205  4367 I SemWallpaperColorsArea: Final area : Rect(61, 2573 - 446, 2639)
03-13 18:25:34.897  3003  3130 D WindowManager: Create SleepToken: tag=Display-off, displayId=0
03-13 18:25:34.897  4205  4367 I SemWallpaperColorsArea: Final area : Rect(0, 0 - 1079, 2639)
03-13 18:25:34.897  3003  3130 D ActivityTaskManager: Top Process State changed to PROCESS_STATE_TOP_SLEEPING
03-13 18:25:34.897  4205  4367 I KeyguardWallpaperController: set system color which = 17, opacity = 0.25
03-13 18:25:34.897  4205  4367 D SystemWallpaperColors: setColor: which = 17
03-13 18:25:34.897  4205  4367 I SystemWallpaperColors: setColor : put color for which 17, color = [version:22, which:17, adaptive dim:0.0/0, darkmode dim:0.25]
03-13 18:25:34.897  4205  4367 I SystemWallpaperColors: 	[SeedColors, [-70198]]
03-13 18:25:34.897  4205  4367 I SystemWallpaperColors: 	[STATUSBAR, Rect(31, 19 - 716, 48):1/ff000000/1.0/0.1, 0.0/0.0/0.0]
03-13 18:25:34.897  4205  4367 I SystemWallpaperColors: 	[BODY_TOP, Rect(261, 150 - 484, 490):1/ff4e4e4e/2.0004/0.30007502, 37.627117/0.23694779/0.9764706]
03-13 18:25:34.897  4205  4367 I SystemWallpaperColors: 	[BODY_MID, Rect(350, 12 - 397, 57):1/ff525252/2.0004/0.30007502, 40.8/0.19607843/1.0]
03-13 18:25:34.897  4205  4367 I SystemWallpaperColors: 	[BODY_BOTTOM, Rect(631, 556 - 711, 637):1/ff343434/3.3315673/0.54966885, 31.8/0.4784689/0.81960785]
03-13 18:25:34.897  4205  4367 I SystemWallpaperColors: 	[NAVIBAR, Rect(42, 652 - 308, 718):1/ff525252/2.0004/0.30007502, 42.352943/0.2007874/0.99607843]
03-13 18:25:34.897  4205  4367 I SystemWallpaperColors: 	[BACKGROUND, Rect(0, 0 - 748, 718):1/ff464646/2.1101708/0.32065704, 34.411766/0.28691983/0.92941177]
03-13 18:25:34.897  4205  4367 I KeyguardWallpaperController: onSemWallpaperColorsChanged: which = 17, userId = 0, colors = Rect(31, 19 - 716, 48)[1] Rect(261, 150 - 484, 490)[1] Rect(350, 12 - 397, 57)[1] Rect(631, 556 - 711, 637)[1] Rect(42, 652 - 308, 718)[1] Rect(0, 0 - 748, 718)[1] 
03-13 18:25:34.897  2007  2007 I sensors-hal: activate:300, com.samsung.sensor.pocket_mode/1692 en=0
03-13 18:25:34.897  2007  2007 I sensors-hal: send_sync_sensor_request:508, send sync request
03-13 18:25:34.897  2007  2007 I sensors-hal: send_sync_sensor_request:518, send_sync_sensor_request before send_request for pocket_mode with SUID low=11039279336981156932 high=1340270623893619472
03-13 18:25:34.897  2007  2007 I sensors-hal: send_sync_sensor_request:537, wait for notification of response
03-13 18:25:34.898  2007  3645 I sensors-hal: qsh_conn_resp_cb:930, resp_value = 0 for pocket_mode 
03-13 18:25:34.898  5490  5568 I LidStateListener_FLP: onLidStateChanged, whenNanos=87323812216000, lidState=1
03-13 18:25:34.898  3003  3130 D AutomaticBrightnessController: sendAmbientLux(-1.0)
03-13 18:25:34.898  3003  3130 D MdnieScenarioControlService: getVisionBoosterIndex() mAutoBrightnessMode : true , mReduceBrightColorsActivatedEnabled : false , lux : -1
03-13 18:25:34.898  3003  3130 D MdnieScenarioControlService: Vision Booster Index : 0
03-13 18:25:34.898  6103  6103 W ContextImpl: Calling a method in the system process without a qualified user: android.app.ContextImpl.startService:2068 android.content.ContextWrapper.startService:872 android.content.ContextWrapper.startService:872 com.sec.android.diagmonagent.sa.receiver.CFLogReceiver.onReceive:56 android.app.ActivityThread.handleReceiver:5663 
03-13 18:25:34.899  2022  2124 I HYPER-HAL: [RequestManager.cpp]acquire(): Acquired ID : 421179750  [2025 / 26997]    HINT :      list : [TID_LOW_LATENCY / 1] [TID / 4392] [TID / 4393] [TID / 4205] [TID / 4394] 
03-13 18:25:34.899  2007  2007 I sensors-hal: send_sync_sensor_request:543, takes 1 ms to receive the response with 0
03-13 18:25:34.899  2007  2007 I sensors-hal: activate:330, com.samsung.sensor.pocket_mode/1692 en=0 completed
03-13 18:25:34.899 16874 16874 I View    : setRequestedFrameRate frameRate=NaN, this=androidx.compose.ui.platform.AndroidComposeView{b25c828 VFED..... ........ 0,0-1080,2640 aid=1073741824}, caller=android.view.ViewGroup.setRequestedFrameRate:9952 X.Hsl.A00:0 androidx.compose.ui.platform.AndroidComposeView.dispatchDraw:85 android.view.View.draw:26345 android.view.View.updateDisplayListIfDirty:25175 
03-13 18:25:34.899 16874 16874 I View    : setRequestedFrameRate frameRate=NaN, this=android.view.View{fcfe7c2 V.ED..... ........ 0,0-0,0}, caller=X.Hsl.A00:0 androidx.compose.ui.platform.AndroidComposeView.dispatchDraw:104 android.view.View.draw:26345 android.view.View.updateDisplayListIfDirty:25175 android.view.ViewGroup.recreateChildDisplayList:4794 
03-13 18:25:34.901 16874 16874 W RageShakeSensorHelper: onActivityPause
03-13 18:25:34.901 16874 16874 W RageShakeSensorHelper: unregisterShakeListener started | mRegistered=true
03-13 18:25:34.901 16874 16874 W RageShakeSensorHelper: unregisterShakeListener unregistered
03-13 18:25:34.901  3003  3915 D SensorManager: unregisterListener :: com.samsung.android.gesture.PocketProximityManager$2@728726e
03-13 18:25:34.901  3003  3915 E PocketProximityManager: unregister pocket sensor
03-13 18:25:34.901 15873 15873 I GoogleInputMethodService: GoogleInputMethodService.onFinishInput():2114 
03-13 18:25:34.902  3003  3067 I ActivityManager: Changes in 10421 2 to 10, 255 to 128
03-13 18:25:34.902  3003  3067 I ActivityManager: Changes in 10260 3 to 11, 184 to 128
03-13 18:25:34.902  3003  3067 D SGM:FgCheckThread: notePauseComponent(), received pkgName: com.instagram.barcelona, userId: 0
03-13 18:25:34.902  2007  2007 I sensors-hal: set_config:64, no need to adjust sample_period_ns due to reporting_mode = 2
03-13 18:25:34.902  2007  2007 I sensors-hal: batch:363, com.samsung.sensor.pocket_mode/1692, period=200000000, max_latency=0 request completed
03-13 18:25:34.903  2053  2958 I QC2V4l2Codec: [v4lhvcD_661] KPI_L1: init: ms=12
03-13 18:25:34.903  2007  2007 I sensors-hal: activate:300, com.samsung.sensor.pocket_mode/1692 en=1
03-13 18:25:34.903 15873 15873 I Module  : DeviceLockedStatusModuleProvider$Module.updateDeviceLockedStatus():103 repeatCheckTimes = 0, locked = false
03-13 18:25:34.904 15873 15873 D InputMethodService: unregisterCompatOnBackInvokedCallback return because registered : false
03-13 18:25:34.904  2007  2007 I sensors-hal: acquire_qsh_interface:139, acquire_qsh_interface with sensor_id 4 , conn_type 1 
03-13 18:25:34.904  2007  2007 I sensors-hal: acquire_qsh_interface:142, returning _shared_instance[SHARED_ON_CHANGE_WAKEUP].conn - wakeup 
03-13 18:25:34.904  2007  2007 I sensors-hal: acquire_shared_instance:173, re-use existing connection for type 1 
03-13 18:25:34.904  2007  2007 I sensors-hal: register_cb:304, suid(low=11039279336981156932,high=1340270623893619472) is new. register callbacks
03-13 18:25:34.904  2007  2007 I sensors-hal: send_sensor_config_request:645, dt=pocket_mode: convert sample_period=200000000 to batch_period=200000
03-13 18:25:34.904  2007  2007 I sensors-hal: send_sync_sensor_request:508, send sync request
03-13 18:25:34.904  2007  2007 I sensors-hal: send_sync_sensor_request:518, send_sync_sensor_request before send_request for pocket_mode with SUID low=11039279336981156932 high=1340270623893619472
03-13 18:25:34.904  2007  2007 I sensors-hal: send_sync_sensor_request:537, wait for notification of response
03-13 18:25:34.904  3003  4920 D HintManagerService: SystemUI make new AppHintSession but force pause
03-13 18:25:34.904  3003  3130 I SemMdnieManagerService: DDI setHighBrightnessMode id(0) lux : -1, index : 0
03-13 18:25:34.904  3003  3130 D AutomaticBrightnessController: setLightSensorEnabled: false
03-13 18:25:34.904  2005  2005 D qmi_secgps_clnt: SECGPS: send a qmi message to secgps_server OK
03-13 18:25:34.905  2007  3645 I sensors-hal: qsh_conn_resp_cb:930, resp_value = 0 for pocket_mode 
03-13 18:25:34.905  4205  5152 D KeyguardWallpaperColors: setSemWallpaperColors: which = 17, userId = 0, colors = Rect(31, 19 - 716, 48)[1] Rect(261, 150 - 484, 490)[1] Rect(350, 12 - 397, 57)[1] Rect(631, 556 - 711, 637)[1] Rect(42, 652 - 308, 718)[1] Rect(0, 0 - 748, 718)[1] 
03-13 18:25:34.905  4205  5152 D SemWallpaperColorsArea: SemWallpaperColorsArea [1080, 2640] which: 2 rotation: 0 has Base: false
03-13 18:25:34.905  4205  5152 D SemWallpaperColorsArea: SemWallpaperColorsArea which = 2, mDensity : 3.0, 1080x2640,360x880,31,48, 6
03-13 18:25:34.905  4205  5152 I SemWallpaperColorsArea: Final area : Rect(72, 18 - 1008, 93)
03-13 18:25:34.905  4205  5152 I SemWallpaperColorsArea: Final area : Rect(120, 528 - 960, 837)
03-13 18:25:34.905  4205  5152 I SemWallpaperColorsArea: Final area : Rect(120, 1389 - 960, 1449)
03-13 18:25:34.905  4205  5152 I SemWallpaperColorsArea: Final area : Rect(120, 1533 - 960, 2061)
03-13 18:25:34.905  4205  5152 I SemWallpaperColorsArea: Final area : Rect(120, 2361 - 960, 2547)
03-13 18:25:34.905  4205  5152 I SemWallpaperColorsArea: Final area : Rect(0, 0 - 1080, 2640)
03-13 18:25:34.905  4205  5152 D WallpaperEventNotifier: notifyUpdate: [ | | | STATUSBAR BODY_TOP BODY_MID BODY_BOTTOM NAVIBAR BACKGROUND | SHADOW ], isCover = true, colors = Rect(31, 19 - 716, 48)[1] Rect(261, 150 - 484, 490)[1] Rect(350, 12 - 397, 57)[1] Rect(631, 556 - 711, 637)[1] Rect(42, 652 - 308, 718)[1] Rect(0, 0 - 748, 718)[1] 
03-13 18:25:34.906  2022  2124 I HYPER-HAL: [RequestManager.cpp]acquire(): Acquired ID : 421179750  [2025 / 26997]    HINT :      list : [TID_LOW_LATENCY / 0] [TID / 4392] [TID / 4393] [TID / 4205] [TID / 4394] 
03-13 18:25:34.906  2007  2007 I sensors-hal: send_sync_sensor_request:543, takes 2 ms to receive the response with 0
03-13 18:25:34.906  2007  2007 I sensors-hal: activate:330, com.samsung.sensor.pocket_mode/1692 en=1 completed
03-13 18:25:34.906  2053 17671 W QC2Comp : [av1D_660] Skipping empty output buffer
03-13 18:25:34.906  4205  4239 D FactoryTest: checkAutomationTestOption() : option=0
03-13 18:25:34.906  4205  4239 D FactoryTest: checkAutomationTestOption() : mode_screenlock=0
03-13 18:25:34.906  3003  3915 D SensorManager: registerListener :: 1692, Pocket mode  Wakeup, 200000, 0, com.samsung.android.gesture.PocketProximityManager$2@728726e
03-13 18:25:34.906  3003  3915 E PocketProximityManager: register pocket sensor
03-13 18:25:34.906  3003  3915 D PocketModeEvent: MSG_TYPE_REGISTER_POCKET_POSITION_SENSOR
03-13 18:25:34.906  4205  4239 I KeyguardService: onScreenTurnedOff
03-13 18:25:34.906 16874 17468 D BufferPoolAccessor2.0: bufferpool2 0xb4000070dfa480d8 : 11(92274688 size) total buffers - 11(92274688 size) used buffers - 325/336 (recycle/alloc) - 11/462 (fetch/transfer)
03-13 18:25:34.906  4205  4420 D KeyguardTransitionRepository: (Internal) Setting current transition info: TransitionInfo(ownerName=FromGoneTransitionInteractor(Sleep transition triggered), from=GONE, to=DOZING, animated)
03-13 18:25:34.907  2053 17671 W QC2Comp : [av1D_660] Skipping empty output buffer
03-13 18:25:34.907  2007  2007 I sensors-hal: set_config:64, no need to adjust sample_period_ns due to reporting_mode = 2
03-13 18:25:34.907  2007  2007 I sensors-hal: create_sensor_config_request:85, auto_rotation: type 2
03-13 18:25:34.907  2007  2007 I sensors-hal: send_sensor_config_request:645, dt=auto_rotation: convert sample_period=200000000 to batch_period=200000
03-13 18:25:34.907  2007  2007 I sensors-hal: send_sync_sensor_request:508, send sync request
03-13 18:25:34.907  2007  2007 I sensors-hal: send_sync_sensor_request:518, send_sync_sensor_request before send_request for auto_rotation with SUID low=8603657889541918976 high=1320970896291267344
03-13 18:25:34.907  2007  2007 I sensors-hal: send_sync_sensor_request:537, wait for notification of response
03-13 18:25:34.907  2053 17743 E QC2V4l2Codec: [v4lhvcD_661]  ? is not a supported pixel format!
03-13 18:25:34.907  2007 12669 I sensors-hal: qsh_conn_resp_cb:930, resp_value = 0 for auto_rotation 
03-13 18:25:34.908  2007  2007 I sensors-hal: send_sync_sensor_request:543, takes 0 ms to receive the response with 0
03-13 18:25:34.908  2007  2007 I sensors-hal: batch:363, android.sensor.device_orientation/271, period=200000000, max_latency=0 request completed
03-13 18:25:34.908  2007  2007 I sensors-hal: activate:300, com.samsung.sensor.device_common_info/2132 en=0
03-13 18:25:34.908  2007  2007 I sensors-hal: send_sync_sensor_request:508, send sync request
03-13 18:25:34.908  2007  2007 I sensors-hal: send_sync_sensor_request:518, send_sync_sensor_request before send_request for device_common_info with SUID low=3766530206566995508 high=1320970896291267344
03-13 18:25:34.908  2007  2007 I sensors-hal: send_sync_sensor_request:537, wait for notification of response
03-13 18:25:34.908  3003  4002 D BackgroundInstallControlService: Package event received: 0
03-13 18:25:34.909  2007  3645 I sensors-hal: qsh_conn_resp_cb:930, resp_value = 0 for device_common_info 
03-13 18:25:34.909  2007  2007 I sensors-hal: send_sync_sensor_request:543, takes 1 ms to receive the response with 0
03-13 18:25:34.909  2007  2007 I sensors-hal: activate:330, com.samsung.sensor.device_common_info/2132 en=0 completed
03-13 18:25:34.911  6103  6103 W ContextImpl: Calling a method in the system process without a qualified user: android.app.ContextImpl.startService:2068 android.content.ContextWrapper.startService:872 android.content.ContextWrapper.startService:872 com.sec.android.diagmonagent.sa.receiver.CFLogReceiver.onReceive:56 android.app.ActivityThread.handleReceiver:5663 
03-13 18:25:34.911  2053 17743 D BufferPoolAccessor2.0: bufferpool2 0xb400006f37a50038 : 35(573440 size) total buffers - 35(573440 size) used buffers - 0/35 (recycle/alloc) - 0/0 (fetch/transfer)
03-13 18:25:34.911 16874 17670 D CCodecConfig: c2 config diff is   c2::i32 vendor.qti-ext-dec-info-mbi.counter = 487
03-13 18:25:34.911 16874 17670 D CCodecConfig:   Buffer vendor.qti-ext-dec-info-misr.value = 0xb4000071cf983880
03-13 18:25:34.912 16874 17670 D CCodecConfig: c2 config diff is   c2::i32 vendor.qti-ext-dec-info-mbi.counter = 488
03-13 18:25:34.912 16874 17670 D CCodecConfig:   Buffer vendor.qti-ext-dec-info-misr.value = 0xb4000071cf960100
03-13 18:25:34.913  2007  2007 I sensors-hal: activate:300, com.samsung.sensor.auto_brightness/1651 en=0
03-13 18:25:34.913  2007  2007 I sensors-hal: enable_flicker_als:213, [SSC_LIGHT] flicker_als disable
03-13 18:25:34.914  2053  2958 I QC2V4l2Codec: [v4lhvcD_661] KPI_L1: start: ms=3
03-13 18:25:34.914  2007  2007 I sensors-hal: send_sync_sensor_request:508, send sync request
03-13 18:25:34.914  2007  2007 I sensors-hal: send_sync_sensor_request:518, send_sync_sensor_request before send_request for auto_brightness with SUID low=2816411781185423377 high=5518030540294228002
03-13 18:25:34.914  2053  2958 W QC2Interface: [hvcD_661] Failed to query parameters
03-13 18:25:34.914  2007  2007 I sensors-hal: send_sync_sensor_request:537, wait for notification of response
03-13 18:25:34.914  2053  2958 I QC2Comp : [hvcD_661] KPI_L1: start: ms=32
03-13 18:25:34.914  2007 16110 I sensors-hal: qsh_conn_resp_cb:930, resp_value = 0 for auto_brightness 
03-13 18:25:34.915  2007  2007 I sensors-hal: send_sync_sensor_request:543, takes 0 ms to receive the response with 0
03-13 18:25:34.915  2053  2958 W QC2Interface: [hvcD_661] Failed to query parameters
03-13 18:25:34.915  2007  2007 I sensors-hal: ~worker:65, worker(0xb400007a0f4d7870) send sig to tid= 16109
03-13 18:25:34.915  4360 17727 W Codec2Client: query -- param skipped: index = 1342179345.
03-13 18:25:34.915  4360 17727 W Codec2Client: query -- param skipped: index = 2415921170.
03-13 18:25:34.915  4360 17727 W Codec2Client: query -- param skipped: index = 1610614798.
03-13 18:25:34.915  2007  2007 I sensors-hal: ~worker:74, worker(0xb400007a0f4d7870) is destroyed, remaining task = 0, tid= 16109
03-13 18:25:34.915  2007  2007 I sensors-hal: ~qsh_qmi:58, ~qsh_qmi
03-13 18:25:34.915  2007  2007 I sensors-hal: deactivate:274, [SSC_LIGHT] auto_brightness deactivate!
03-13 18:25:34.915  2007  2007 I sensors-hal: activate:330, com.samsung.sensor.auto_brightness/1651 en=0 completed
03-13 18:25:34.915  1985  2180 I minksocket: MinkIPC MESSAGE: ( 1985:2180 ) MinkIPC_QRTR_Service:351 minkipc = 0xb400006d4d3f7730 sock = 33, client with node 1 port 62c2 went down
03-13 18:25:34.915  1985  2158 I minksocket: MinkIPC MESSAGE: ( 1985:2158 ) MinkIPC_QRTR_Service:351 minkipc = 0xb400006d4d3f6550 sock = 13, client with node 1 port 62c2 went down
03-13 18:25:34.915  3003  3130 D SensorManager: unregisterListener :: com.android.server.display.AutomaticBrightnessController$3@1ff6ff3
03-13 18:25:34.915  3003  3130 D AutomaticBrightnessController: setProximitySensorEnabled::unregisterListener
03-13 18:25:34.916  2053  2958 W QC2Interface: [hvcD_661] Failed to query parameters
03-13 18:25:34.916  2007  2007 I SensorsGrip: TouchLight::enable: 0 1
03-13 18:25:34.916  4360 17727 I CCodecBufferChannel: [c2.qti.hevc.decoder#800] start: max output delay 11
03-13 18:25:34.917  2053  2958 W QC2Interface: [hvcD_661] Failed to query parameters
03-13 18:25:34.917  2053  2958 W QC2Interface: [hvcD_661] Failed to query parameters
03-13 18:25:34.917  3003  3130 D SensorManager: unregisterListener :: com.android.server.display.AutomaticBrightnessController$3@ce52465
03-13 18:25:34.917  3003  3130 I DisplayBrightnessStrategySelector: Changing the DisplayBrightnessStrategy from AutomaticBrightnessStrategy to ScreenOffBrightnessStrategy for display 0
03-13 18:25:34.917  3003  3130 W DisplayPowerController[0]: Animating brightness: target=0(0.00), rate=0.000, rateAtHbm=0.000, reason=screen_off[0]
03-13 18:25:34.917  3003  6711 V WindowManager: Setting visibility of Window{f856399 u0 com.instagram.barcelona/com.instagram.barcelona.mainactivity.BarcelonaActivity}: false, caller=com.android.server.wm.WindowContainer.sendAppVisibilityToClients:19 com.android.server.wm.WindowToken.setClientVisible:48 com.android.server.wm.ActivityRecord.commitVisibility:186 com.android.server.wm.ActivityRecord.setVisibility:623 com.android.server.wm.ActivityRecord.makeInvisible:32 
03-13 18:25:34.917  3003  3065 D SensorManager: unregisterListener :: com.android.server.wm.WindowOrientationListener$OrientationSensorJudge@783320e
03-13 18:25:34.918  2452  2747 I CameraService: onUidStateChanged: uid=10053, procState is changed. (0 -> 1)
03-13 18:25:34.918  1993  6685 I vendor.qti.bluetooth@1.1-ibs_handler: ProcessIbsCmd: Received IBS_WAKE_IND: 0xFD
03-13 18:25:34.918  1993  6685 D vendor.qti.bluetooth@1.1-ibs_handler: SerialClockVote: vote for UART CLK ON
03-13 18:25:34.918  3003  3064 D HintManagerService: Sent cleanup message for uid 10421
03-13 18:25:34.919  1993  6685 D vendor.qti.bluetooth@1.1-wake_lock: Acquire wakelock is acquired 
03-13 18:25:34.919  1993  6685 I vendor.qti.bluetooth@1.1-ibs_handler: ProcessIbsCmd: Writing IBS_WAKE_ACK
03-13 18:25:34.919  3003  3130 D DisplayPowerController[0]: saveBrightnessInfo: brt:0.34117645 adjBrt:0.0 min:0.0 max:1.0 hbm:0 tp:1.0 throttler:0 isAnimating:false
03-13 18:25:34.919  3003  3130 V DisplayPowerController[0]: Brightness [0.0] reason changing to: 'screen_off', previous reason: 'automatic'.
03-13 18:25:34.919  3003  3130 I DisplayPowerController[0]: BrightnessEvent: brt=0.0 (0.0%), nits= 1.0, lux=-1.0, reason=screen_off, strat=ScreenOffBrightnessStrategy, state=OFF, stateReason=DEFAULT_POLICY, policy=OFF, flags=, initBrt=0.34117645, rcmdBrt=NaN, preBrt=NaN, preLux=0.0, wasShortTermModelActive=false, autoBrightness=true (default), unclampedBrt=0.0, hbmMax=1.0, hbmMode=off, thrmMax=1.0, rbcStrength=-1, powerFactor=1.0, physDisp=Built-in Screen(local:4630946564756762243), logicalId=0, slowChange=false, rampSpeed=0.0
03-13 18:25:34.920  2007  2007 I sensors-hal: activate:300, android.sensor.accelerometer/11 en=0
03-13 18:25:34.920  2007  2007 I sensors-hal: send_sync_sensor_request:508, send sync request
03-13 18:25:34.919  2017  2017 D WifiHAL : wifi_set_latency_mode: 0
03-13 18:25:34.920  2007  2007 I sensors-hal: send_sync_sensor_request:518, send_sync_sensor_request before send_request for accel with SUID low=7080276908576992050 high=13131023702051637398
03-13 18:25:34.920  2007  2007 I sensors-hal: send_sync_sensor_request:537, wait for notification of response
03-13 18:25:34.920  3003  4082 D DisplayManagerService: !@display_state requestDisplayStateInternal: ON -> OFF displayId=0
03-13 18:25:34.920  5915  5959 V OsAgent : broadcastSystemEvent - 7
03-13 18:25:34.920  5915  5959 V OsAgent : broadcastSystemEvent - 7
03-13 18:25:34.920  2022  2124 I HYPER-HAL: [RequestManager.cpp]acquire(): Acquired ID : 421005627  [2025 / 26991]    HINT :      list : [TID_LOW_LATENCY / 0] [TID / 16982] [TID / 16983] [TID / 16874] [TID / 16976] 
