03-10 12:00:16.678  2064  4171 D slpi    : tmd2712: Als lux: 43.20, ch0: 1378, ch1: 535, scale: 1.08, atime:50.04, again:1024
03-10 12:00:16.682  2195  2269 I SDM     : HWDeviceDRM::SetupConcurrentWriteback: Tear down the Concurrent Writeback topology
03-10 12:00:16.691  2195  2817 I SDM     : HWCSession::NotifyCWBStatus: Notify the client about buffer status 0.
03-10 12:00:16.691  2195  2817 I SDM     : HWCSession::PerformFenceWaits: Remove current release fence from the pending fence wait queue.
03-10 12:00:16.691  2195  2817 I SDM     : HWCSession::PerformFenceWaits: CWB fence queue is empty. No pending release fence to wait on.
03-10 12:00:16.702  2163  2163 D SENSOREXT_ALS_COMP: FrontLight: ReportLux 45.52 (137.69-92.18), pre 31.79, dbv 6591, dc 0, fps 90, chPanel 50.14-28.74-18.87-8.51, facCal:lux_s 1.19 cha_s 0.95-0.95-0.90-0.95, RunInfo: DPB 9979-36, TF 9979-0
03-10 12:00:16.778  2064  4171 D slpi    : tmd2712: Als lux: 32.20, ch0: 1064, ch1: 438, scale: 1.08, atime:50.04, again:1024
03-10 12:00:16.786  5625  5625 I vol.VolumeDialogImpl: dismissH reason = posture_changed mDialog.isShowing(): false
03-10 12:00:16.828  2064  4171 D slpi    : tmd2712: Als lux: 24.80, ch0: 855, ch1: 374, scale: 1.08, atime:50.04, again:1024
03-10 12:00:16.877  2064  4171 D slpi    : tmd2712: Als lux: 21.20, ch0: 747, ch1: 336, scale: 1.08, atime:50.04, again:1024
03-10 12:00:16.898  2064  4171 I slpi-mot_tap : Using product index 4, gyro 0
03-10 12:00:16.927  5625  5962 V PowerManager: userActivity when=52664115 event=0 flags=0 displayId=0 by (com.android.systemui) callers=android.os.PowerManager.userActivity:1487 com.android.systemui.keyguard.KeyguardViewMediator$$ExternalSyntheticLambda0.run:79 java.util.concurrent.ThreadPoolExecutor.runWorker:1145 
03-10 12:00:16.928  3163  7402 W BoostOptController: not supported hint: 118
03-10 12:00:16.968  5625  5625 I FalsingManager: Gesture start time: 52664109884000
03-10 12:00:16.980  5993  1954 W QAWalletSvc: No wallet cards to return. [CONTEXT service_id=79 ]
03-10 12:00:17.025  2300  2300 I Scheduler: notifyScrollEvent state=1
03-10 12:00:17.036  5625  5625 D KeyguardViewMediator: keyguardGoingAway requested for userId: 0
03-10 12:00:17.036  5625  5941 D KeyguardTransitionRepository: (Internal) Setting current transition info: TransitionInfo(ownerName=FromLockscreenTransitionInteractor, from=LOCKSCREEN, to=GONE, animated)
03-10 12:00:17.041  3163  3249 W MotoBatteryCareService: uid: 10584 pkgName:com.duckduckgo.mobile.android come to foreground
03-10 12:00:17.042  3163  3231 I DisplayDeviceRepository: Display device changed: DisplayDeviceInfo{"Built-in Screen": uniqueId="local:4630947043778501762", 1080 x 2640, modeId 1, renderFrameRate 120.00001, defaultModeId 1, userPreferredModeId -1, supportedModes [{id=1, width=1080, height=2640, fps=120.00001, vsync=120.00001, synthetic=false, alternativeRefreshRates=[24.000002, 60.000004], supportedHdrTypes=[2, 3, 4]}, {id=2, width=1080, height=2640, fps=144.00002, vsync=144.00002, synthetic=false, alternativeRefreshRates=[], supportedHdrTypes=[2, 3, 4]}, {id=3, width=1080, height=2640, fps=90.0, vsync=90.0, synthetic=false, alternativeRefreshRates=[], supportedHdrTypes=[2, 3, 4]}, {id=4, width=1080, height=2640, fps=60.000004, vsync=60.000004, synthetic=false, alternativeRefreshRates=[24.000002, 120.00001], supportedHdrTypes=[2, 3, 4]}, {id=5, width=1080, height=2640, fps=30.000002, vsync=30.000002, synthetic=false, alternativeRefreshRates=[], supportedHdrTypes=[2, 3, 4]}, {id=6, width=1080, height=2640, fps=24.000002, vsync=24.000002, synthetic=false, alternativeRefreshRates=[60.000004, 120.00001], supportedHdrTypes=[2, 3, 4]}], supportedReadyForModes [], colorMode 0, supportedColorModes [0, 7, 9], hdrCapabilities HdrCapabilities{mSupportedHdrTypes=[2, 3, 4], mMaxLuminance=420.0, mMaxAverageLuminance=210.1615, mMinLuminance=0.323}, allmSupported false, gameContentTypeSupported false, density 420, 397.565 x 435.428 dpi, appVsyncOff 1000000, presDeadline 13333332, cutout DisplayCutout{insets=Rect(0, 108 - 0, 0) waterfall=Insets{left=0, top=0, right=0, bottom=0} boundingRect={Bounds=[Rect(0, 0 - 0, 0), Rect(495, 0 - 585, 108), Rect(0, 0 - 0, 0), Rect(0, 0 - 0, 0)]} cutoutPathParserInfo={CutoutPathParserInfo{displayWidth=1080 displayHeight=2640 physicalDisplayWidth=1080 physicalDisplayHeight=2640 density={2.625} cutoutSpec={M -45,0 L 45,0 L 45,108 L -45,108 Z} rotation={0} scale={1.0} physicalPixelDisplaySizeRatio={1.0}}} sideOverrides={}}, touch INTERNAL, rotation 0, type INTERNAL, address {port=130, model=0x40446dccee101c}, deviceProductInfo DeviceProductInfo{name=, manufacturerPnpId=QCM, productId=1, modelYear=null, manufactureDate=ManufactureDate{week=27, year=2006}, connectionToSinkType=0}, state ON, committedState ON, frameRateOverride , brightnessMinimum 0.0, brightnessMaximum 1.0, brightnessDefault 0.38188976, hdrSdrRatio 1.0, FLAG_ALLOWED_TO_BE_DEFAULT_DISPLAY, FLAG_ROTATES_WITH_CONTENT, FLAG_SECURE, FLAG_SUPPORTS_PROTECTED_BUFFERS, FLAG_TRUSTED, installOrientation 0, displayShape DisplayShape{ spec=-1962366115 displayWidth=1080 displayHeight=2640 physicalPixelDisplaySizeRatio=1.0 rotation=0 offsetX=0 offsetY=0 scale=1.0}}
03-10 12:00:17.042  7314  7314 D GameMode: onStartedActivityChange: componnent: ComponentInfo{com.duckduckgo.mobile.android/com.duckduckgo.app.browser.customtabs.CustomTabActivity} entered launcher screen? true
03-10 12:00:17.042  7314  7314 D GameMode: isScreenUnlocked: false
03-10 12:00:17.043  7314  7314 D GameMode: isScreenUnlocked: false
03-10 12:00:17.046  7314  7314 D GameMode: isScreenUnlocked: false
03-10 12:00:17.050  5625  5625 I KeyguardTransitionRepository: STARTED transition: TransitionStep(from=LOCKSCREEN, to=GONE, value=0.0, transitionState=STARTED, ownerName=FromLockscreenTransitionInteractor)
03-10 12:00:17.056  5625  5806 V SnapshotDrawerUtils: Drawing snapshot surface sizeMismatch=false
03-10 12:00:17.059  2300  2300 D SurfaceFlinger: setDesiredDisplayModeSpecs[{0, false, PR={p[24.00-120.00]Hz, r[24.00-90.00]Hz}, AR={p[0.00-120.00]Hz, r[0.00-120.00]Hz}}]: by process 3163 uid 1000 for display 4630947043778501762
03-10 12:00:17.060  2300  2300 D RefreshRateSelector: constructAvailableRefreshRates: {defaultModeId=0, allowGroupSwitching=false, primaryRanges={physical=[24.00 Hz, 120.00 Hz], render=[24.00 Hz, 90.00 Hz]}, appRequestRanges={physical=[0.00 Hz, 120.00 Hz], render=[0.00 Hz, 120.00 Hz]} idleScreenConfig=nullptr} 
03-10 12:00:17.060  2300  2300 D RefreshRateSelector: primary render rates: {fps=24.00 Hz, modePtr={id=7, vsyncRate=24.00 Hz, peakRefreshRate=24.00 Hz}} {fps=30.00 Hz, modePtr={id=5, vsyncRate=60.00 Hz, peakRefreshRate=60.00 Hz}} {fps=30.00 Hz, modePtr={id=4, vsyncRate=90.00 Hz, peakRefreshRate=90.00 Hz}} {fps=30.00 Hz, modePtr={id=6, vsyncRate=30.00 Hz, peakRefreshRate=30.00 Hz}} {fps=40.00 Hz, modePtr={id=0, vsyncRate=120.00 Hz, peakRefreshRate=120.00 Hz}} {fps=45.00 Hz, modePtr={id=4, vsyncRate=90.00 Hz, peakRefreshRate=90.00 Hz}} {fps=60.00 Hz, modePtr={id=5, vsyncRate=60.00 Hz, peakRefreshRate=60.00 Hz}} {fps=90.00 Hz, modePtr={id=4, vsyncRate=90.00 Hz, peakRefreshRate=90.00 Hz}} , isVrrDevice? 0
03-10 12:00:17.060  2300  2300 D RefreshRateSelector: app request render rates: {fps=24.00 Hz, modePtr={id=7, vsyncRate=24.00 Hz, peakRefreshRate=24.00 Hz}} {fps=30.00 Hz, modePtr={id=5, vsyncRate=60.00 Hz, peakRefreshRate=60.00 Hz}} {fps=30.00 Hz, modePtr={id=4, vsyncRate=90.00 Hz, peakRefreshRate=90.00 Hz}} {fps=30.00 Hz, modePtr={id=6, vsyncRate=30.00 Hz, peakRefreshRate=30.00 Hz}} {fps=40.00 Hz, modePtr={id=0, vsyncRate=120.00 Hz, peakRefreshRate=120.00 Hz}} {fps=45.00 Hz, modePtr={id=4, vsyncRate=90.00 Hz, peakRefreshRate=90.00 Hz}} {fps=60.00 Hz, modePtr={id=5, vsyncRate=60.00 Hz, peakRefreshRate=60.00 Hz}} {fps=90.00 Hz, modePtr={id=4, vsyncRate=90.00 Hz, peakRefreshRate=90.00 Hz}} {fps=120.00 Hz, modePtr={id=0, vsyncRate=120.00 Hz, peakRefreshRate=120.00 Hz}} , isVrrDevice? 0
03-10 12:00:17.060  2300  2300 I RefreshRateSelector: constructAvailableRefreshRates: Found m60HzRefreshRateModeOpt at index 5
03-10 12:00:17.060  2300  2300 I RefreshRateSelector: constructAvailableRefreshRates: Found m90HzRefreshRateModeOpt at index 4
03-10 12:00:17.060  2300  2300 I RefreshRateSelector: constructAvailableRefreshRates: Found m90HzRefreshRateModeOpt at index 4
03-10 12:00:17.060  2300  2300 I RefreshRateSelector: constructAvailableRefreshRates: Found m60HzRefreshRateModeOpt at index 5
03-10 12:00:17.060  2300  2300 I RefreshRateSelector: constructAvailableRefreshRates: Found m90HzRefreshRateModeOpt at index 4
03-10 12:00:17.060  2300  2300 D RefreshRateSelector: Special render rates: [{fps=120.00 Hz, modePtr={id=0, vsyncRate=120.00 Hz, peakRefreshRate=120.00 Hz}} (1Hz)] [{fps=120.00 Hz, modePtr={id=1, vsyncRate=120.00 Hz, peakRefreshRate=120.00 Hz}} (10Hz)] 
03-10 12:00:17.060  2300  2300 D RefreshRateSelector: found  TouchBoostRefreshRate: {fps=90.00 Hz, modePtr={id=4, vsyncRate=90.00 Hz, peakRefreshRate=90.00 Hz}}
03-10 12:00:17.060  2300  2300 D RefreshRateSelector: [90:120:0]: mTouchBoostRefreshRateAvailable=1, mScrollBoostRefreshRateAvailable=0, mTouchOnBlankNotBoostRefreshRateAvailable=0
03-10 12:00:17.060  2300  2300 I RefreshRateSelector: Display 4630947043778501762 policy changed
03-10 12:00:17.060  2300  2300 I RefreshRateSelector: Previous: {defaultModeId=0, allowGroupSwitching=false, primaryRanges={physical=[24.00 Hz, 120.00 Hz], render=[24.00 Hz, 120.00 Hz]}, appRequestRanges={physical=[0.00 Hz, 120.00 Hz], render=[0.00 Hz, 120.00 Hz]} idleScreenConfig=nullptr}
03-10 12:00:17.060  2300  2300 I RefreshRateSelector: Current:  DisplayManagerPolicy{defaultModeId=0, allowGroupSwitching=false, primaryRanges={physical=[24.00 Hz, 120.00 Hz], render=[24.00 Hz, 90.00 Hz]}, appRequestRanges={physical=[0.00 Hz, 120.00 Hz], render=[0.00 Hz, 120.00 Hz]} idleScreenConfig=nullptr}
03-10 12:00:17.060  2300  2300 I RefreshRateSelector: 1 mode changes were performed under the previous policy
03-10 12:00:17.060  2300  2300 D SurfaceFlinger: Setting desired display mode specs: {0, false, PR={p[24.00-120.00]Hz, r[24.00-90.00]Hz}, AR={p[0.00-120.00]Hz, r[0.00-120.00]Hz}} for display 4630947043778501762
03-10 12:00:17.060  2300  2300 I SurfaceFlinger: Switching to Scheduler preferred mode 4 (90.00 Hz) for display 4630947043778501762
03-10 12:00:17.060  2300  2300 D DisplayModeController: setDesiredMode 4630947043778501762 {mode={fps=90.00 Hz, modePtr={id=4, vsyncRate=90.00 Hz, peakRefreshRate=90.00 Hz}}, emitEvent=true, force=false}
03-10 12:00:17.060  2300  2300 I SurfaceFlinger: setDesiredModeSpecsByBrightnessZone Prim done to {0, false, PR={p[24.00-120.00]Hz, r[24.00-90.00]Hz}, AR={p[0.00-120.00]Hz, r[0.00-120.00]Hz}} from {0, false, PR={p[24.00-120.00]Hz, r[24.00-120.00]Hz}, AR={p[0.00-120.00]Hz, r[0.00-120.00]Hz}}, NitUpperLimit=2147483647 inZone=0 due to [0.402372-96.407387]
03-10 12:00:17.060  2300  2300 D SurfaceFlinger: setDesiredDisplayModeSpecs[{0, false, PR={p[24.00-120.00]Hz, r[24.00-90.00]Hz}, AR={p[0.00-120.00]Hz, r[0.00-120.00]Hz}}]: by process 3163 uid 1000 for display 4630947043778501763
03-10 12:00:17.064  2300  2300 I SurfaceFlinger: initiateDisplayModeChanges changing active mode from 0(120.00 Hz:3) to 4(90.00 Hz:5) for display 4630947043778501762
03-10 12:00:17.065  2300  2300 I SurfaceFlinger: initiateDisplayModeChanges active mode changed to 4(90.00 Hz) for display 4630947043778501762. mBrightnessDimingCnt=0
03-10 12:00:17.066  2195  2386 W SDM     : HWDeviceDRM::GetSupportedBitClkRate: Requested rate not supported: 0
03-10 12:00:17.066  2195  2386 I SDM     : HWDeviceDRM::UpdateMixerAttributes: Mixer WxH 1080x2640-0 for Peripheral
03-10 12:00:17.066  2195  2386 I SDM     : HWCDisplay::SubmitDisplayConfig: Active configuration changed from config 0 to 4
03-10 12:00:17.067  3163  3227 V WindowManager: Sent Transition (#3228) createdAt=03-10 12:00:15.957 via request=TransitionRequestInfo { type = WAKE, triggerTask = null, pipTask = null, remoteTransition = null, displayChange = null, flags = 0, debugId = 3228 }
03-10 12:00:17.067  3163  3227 V WindowManager:     startWCT=WindowContainerTransaction { changes = {} hops = [] errorCallbackToken=null taskFragmentOrganizer=null }
03-10 12:00:17.067  3163  3227 V WindowManager:     info={id=3228 t=WAKE f=0x500 trk=0 r=[0@Point(0, 0),1@Point(0, 0)] c=[
03-10 12:00:17.067  3163  3227 V WindowManager:         {WCT{RemoteToken{e577a24 Task{f1c812c #1046 type=standard A=10646:com.bp.app.bpme.global.ros}}} m=TO_FRONT f= p=WCT{RemoteToken{c670090 DefaultTaskDisplayArea@237120851(displayId=0)}} pTaskId=-1 leash=Surface(name=Task=1046)/@0x59f15b6 sb=Rect(0, 0 - 1080, 2640) eb=Rect(0, 0 - 1080, 2640) d=0 taskParent=-1},
03-10 12:00:17.067  3163  3227 V WindowManager:         {WCT{RemoteToken{c670090 DefaultTaskDisplayArea@237120851(displayId=0)}} m=TO_FRONT f=NONE leash=Surface(name=DefaultTaskDisplayArea)/@0xc3cff23 sb=Rect(0, 0 - 1080, 2640) eb=Rect(0, 0 - 1080, 2640) d=0},
03-10 12:00:17.067  3163  3227 V WindowManager:         {WCT{RemoteToken{fd63f36 Display{#1 state=OFF size=368x194 ROTATION_270}}} m=CHANGE f=IS_DISPLAY leash=Surface(name=WindowedMagnification:0:31)/@0x9c54d8f sb=Rect(0, 0 - 368, 194) eb=Rect(0, 0 - 368, 194) d=1 r=1->3:-1}
03-10 12:00:17.067  3163  3227 V WindowManager:     ]}
03-10 12:00:17.067  5625  9199 V WindowManagerShell: onTransitionReady(transaction=13584981772576)
03-10 12:00:17.067  5625  5669 V WindowManagerShell: onTransitionReady (#3228) android.os.BinderProxy@df6c679: {id=3228 t=WAKE f=0x500 trk=0 r=[0@Point(0, 0),1@Point(0, 0)] c=[{WCT{android.window.IWindowContainerToken$Stub$Proxy@147effc} m=TO_FRONT f= p=WCT{android.window.IWindowContainerToken$Stub$Proxy@fa82685} pTaskId=-1 leash=Surface(name=Task=1046)/@0xc143693 sb=Rect(0, 0 - 1080, 2640) eb=Rect(0, 0 - 1080, 2640) d=0 taskParent=-1},{WCT{android.window.IWindowContainerToken$Stub$Proxy@6331cda} m=TO_FRONT f=NONE leash=Surface(name=DefaultTaskDisplayArea)/@0x5ee36d0 sb=Rect(0, 0 - 1080, 2640) eb=Rect(0, 0 - 1080, 2640) d=0},{WCT{android.window.IWindowContainerToken$Stub$Proxy@129e50b} m=CHANGE f=IS_DISPLAY leash=Surface(name=WindowedMagnification:0:31)/@0xe6c9 sb=Rect(0, 0 - 368, 194) eb=Rect(0, 0 - 368, 194) d=1 r=1->3:-1}]}
03-10 12:00:17.067  5625  5669 V WindowManagerShell: Playing animation for (#3228) android.os.BinderProxy@df6c679@0
03-10 12:00:17.067  5625  5669 V WindowManagerShell:  try handler com.android.wm.shell.transition.DefaultMixedHandler@3a635b8
03-10 12:00:17.067  5625  5669 V WindowManagerShell:  try handler com.android.wm.shell.keyguard.KeyguardTransitionHandler@6731f91
03-10 12:00:17.067  2300  2436 D VSyncReactor: 4630947043778501762: confirming period 8->11(cnt1)
03-10 12:00:17.067  5625  5669 V WindowManagerShell: start keyguard going-away transition, info = {id=3228 t=WAKE f=0x500 trk=0 r=[0@Point(0, 0),1@Point(0, 0)] c=[{WCT{android.window.IWindowContainerToken$Stub$Proxy@147effc} m=TO_FRONT f= p=WCT{android.window.IWindowContainerToken$Stub$Proxy@fa82685} pTaskId=-1 leash=Surface(name=Task=1046)/@0xc143693 sb=Rect(0, 0 - 1080, 2640) eb=Rect(0, 0 - 1080, 2640) d=0 taskParent=-1},{WCT{android.window.IWindowContainerToken$Stub$Proxy@6331cda} m=TO_FRONT f=NONE leash=Surface(name=DefaultTaskDisplayArea)/@0x5ee36d0 sb=Rect(0, 0 - 1080, 2640) eb=Rect(0, 0 - 1080, 2640) d=0},{WCT{android.window.IWindowContainerToken$Stub$Proxy@129e50b} m=CHANGE f=IS_DISPLAY leash=Surface(name=WindowedMagnification:0:31)/@0xe6c9 sb=Rect(0, 0 - 368, 194) eb=Rect(0, 0 - 368, 194) d=1 r=1->3:-1}]}
03-10 12:00:17.067  3163  7402 W UserManagerService: Requested status bar icon for non-badged user 0
03-10 12:00:17.067  5625  5669 D KeyguardService: Starts IRemoteAnimationRunner: info={id=3228 t=WAKE f=0x500 trk=0 r=[0@Point(0, 0),1@Point(0, 0)] c=[{WCT{android.window.IWindowContainerToken$Stub$Proxy@147effc} m=TO_FRONT f= p=WCT{android.window.IWindowContainerToken$Stub$Proxy@fa82685} pTaskId=-1 leash=Surface(name=Task=1046)/@0xc143693 sb=Rect(0, 0 - 1080, 2640) eb=Rect(0, 0 - 1080, 2640) d=0 taskParent=-1},{WCT{android.window.IWindowContainerToken$Stub$Proxy@6331cda} m=TO_FRONT f=NONE leash=Surface(name=DefaultTaskDisplayArea)/@0x5ee36d0 sb=Rect(0, 0 - 1080, 2640) eb=Rect(0, 0 - 1080, 2640) d=0},{WCT{android.window.IWindowContainerToken$Stub$Proxy@129e50b} m=CHANGE f=IS_DISPLAY leash=Surface(name=WindowedMagnification:0:31)/@0xe6c9 sb=Rect(0, 0 - 368, 194) eb=Rect(0, 0 - 368, 194) d=1 r=1->3:-1}]}
03-10 12:00:17.069  3163  3231 I DisplayDeviceRepository: Display device changed render timings: "Built-in Screen", renderFrameRate=90.0, presentationDeadlineNanos=17111110, appVsyncOffsetNanos=1000000
03-10 12:00:17.070  5625  5669 D KeyguardViewMediator: Exit Animation Start: 
03-10 12:00:17.070  5625  5669 V WindowManagerShell:  animated by com.android.wm.shell.keyguard.KeyguardTransitionHandler@6731f91
03-10 12:00:17.070  3163  3231 D DisplayManagerService: Ignore redundant display event 0/2 to 10646/1116
03-10 12:00:17.070  3163  3352 D BrightnessThermalClamper: Thermal status observer already started
03-10 12:00:17.070  3163  3229 D CLI/Transition: displaygroup 0, state ON, pendingdisplaygroup -1
03-10 12:00:17.071  3163  3231 D DisplayManagerService: Ignore redundant display event 0/2 to 10310/10834
03-10 12:00:17.071  3163  3231 D DisplayManagerService: Ignore redundant display event 0/2 to 10566/22445
03-10 12:00:17.071  2300  2300 I SurfaceFlinger: initiateDisplayModeChanges changing active mode from 4(90.00 Hz:5) to 4(90.00 Hz:5) for display 4630947043778501762
03-10 12:00:17.071  3163  3231 D DisplayManagerService: Ignore redundant display event 0/2 to 10509/23977
03-10 12:00:17.071  3163  3231 D DisplayManagerService: Ignore redundant display event 0/2 to 10416/28264
03-10 12:00:17.074  2067  8157 D AHAL: AudioDevice: SetParameters: 1564: enter: screen_state=on
03-10 12:00:17.074  2067  8157 D AHAL: AudioVoice: VoiceSetParameters: 87: Enter params: screen_state=on
03-10 12:00:17.074  2067  8157 D AHAL: AudioVoice: VoiceSetParameters: 360: Exit ret: 0
03-10 12:00:17.074  2067  8157 D AHAL: FM: fm_set_parameters: 262: Enter
03-10 12:00:17.074  2067  8157 D AHAL: FM: fm_set_parameters: 320: exit
03-10 12:00:17.074  2067  8157 D AHAL: AudioDevice: SetParameters: 1625:  - screen = on
03-10 12:00:17.074  2067  8157 I PAL: ResourceManager: setParameter: 8311: Screen State:1
03-10 12:00:17.074  2067  8157 D AHAL: AudioDevice: SetParameters: 2361: exit: screen_state=on
03-10 12:00:17.076  2300  2436 D VSyncReactor: 4630947043778501762: period 11 confirmed(cnt1)
03-10 12:00:17.076  5625  5625 D KeyguardViewMediator: handleStartKeyguardExitAnimation startTime=0 fadeoutDuration=0
03-10 12:00:17.076  5625  5625 D KeyguardUnlock: fadeInSurfaceBehind
03-10 12:00:17.076 26976 27604 D MCLOG   : [BrightnessTrigger] onDisplayChanged displayId = 0
03-10 12:00:17.076  5625  5625 D KeyguardViewMediator: exitKeyguardAndFinishSurfaceBehindRemoteAnimation
03-10 12:00:17.076  5625  5625 D KeyguardViewMediator: KeyguardViewMediator queue processing message: START_KEYGUARD_EXIT_ANIM
03-10 12:00:17.077  7545  7545 I FileStationLog: [ FS_h$a ] - [Display] Changed display: 0
03-10 12:00:17.077  7545  7545 I FileStationLog: [ FS_h ] - [Logic] Retrieved display info: LogicDisplayInfo(width=1080, height=2640, orientation=1, rotation=0, displayId=0)
03-10 12:00:17.077  7545  7545 I FileStationLog: [ FS_h$a ] - [Display] New logical size: 1080x2640
03-10 12:00:17.077  7545  7545 I FileStationLog: [ FS_h$a ] - [Display] Screen width unchanged: 1080
03-10 12:00:17.078  2064  4171 D slpi    : tmd2712: Als lux: 24.90, ch0: 877, ch1: 396, scale: 1.08, atime:50.04, again:1024
03-10 12:00:17.078 26976 27604 D MCLOG   : [BrightnessManager] displayId = 0 brightness = 0.3860991 nit = 96.40737 level = br1
03-10 12:00:17.086  3163  3229 W BoostOptController: not supported hint: 118
03-10 12:00:17.087  3163  3231 D CLI/Keyguard: [onKeyguardLockedStateChanged] isKeyguardLocked=false
03-10 12:00:17.088  5625  5625 I KeyguardViewMediator: Send broadcast: com.motorola.KEYGUARD_UNLOCKED_SUCCESS mUnlockType=0
03-10 12:00:17.088  3163  3163 D TrustManagerService: refreshDeviceLockedForUser(userId=0, unlockedUser=-10000), secure=false, showingKeyguard=false, trusted=false, biometricAuthenticated=false, currentUserIsUnlocked=false, deviceLocked=false
03-10 12:00:17.089  5625  5962 D KeyguardViewMediator: updateActivityLockScreenState(false, false)
03-10 12:00:17.089  5625  5625 D KeyguardViewMediator: onKeyguardExitRemoteAnimationFinished#hideKeyguardViewAfterRemoteAnimation
03-10 12:00:17.089  5625  5943 E FromLockscreenTransitionInteractor: Ignoring startTransition: This interactor asked to transition from LOCKSCREEN -> GONE, but we last transitioned to GONE, not LOCKSCREEN. This should never happen - check currentTransitionInfoInternal or use filterRelevantKeyguardState before starting transitions.
03-10 12:00:17.089  5625  5943 E FromLockscreenTransitionInteractor: This transition would not have been ignored prior to ag/26681239, since we are FINISHED in LOCKSCREEN (but have since started another transition). If ignoring this transition has caused a regression, fix it by ensuring that transitions are exclusively started from the most recently started state.
03-10 12:00:17.091  3163  3231 D PanelsService: onKeyguardStateChanged.. isShowing=false
03-10 12:00:17.091  3163  3231 D TouchHwAidlService: onKeyguardStateChanged.. isShowing=false
03-10 12:00:17.092  6942  6942 D NfcService: MSG_APPLY_SCREEN_STATE 8
03-10 12:00:17.092  3163  3231 W ServiceManagerCppClient: Failed to get isDeclared for com.motorola.hardware.display.panel.IDisplayPanel/default: Status(-1, EX_SECURITY): 'SELinux denied.'
03-10 12:00:17.092  3163  3231 D DisplayPanelService: Setting panel dc mode: 0
03-10 12:00:17.092  2090  2090 I DisplayPanel: setDcMode: DC mode = OFF
03-10 12:00:17.092  2090  2090 D DisplayPanel: setParam: Success set DC to 0 for Primary display
03-10 12:00:17.093  3163  7441 W PackageManager: Missing required system package: com.zhiliaoapp.musically, but found with extended search.
03-10 12:00:17.094  3163  7441 W PackageManager: Missing required system package: com.truefinance, but found with extended search.
03-10 12:00:17.094  3163  7441 W PackageManager: Missing required system package: com.instagram.android, but found with extended search.
03-10 12:00:17.094  3163  7441 W PackageManager: Missing required system package: com.alibaba.aliexpresshd, but found with extended search.
03-10 12:00:17.094  3163  7441 W PackageManager: Missing required system package: com.alibaba.aliexpresshd, but found with extended search.
03-10 12:00:17.094  3163  7441 W PackageManager: Missing required system package: ctrip.english, but found with extended search.
03-10 12:00:17.095  2064  2064 I sensors-hal: batch:206, com.motorola.sensor.stowed/65568, period=200000000, max_latency=0
03-10 12:00:17.095  2064  2064 I sensors-hal: set_config:61, no need to adjust sample_period_ns due to reporting_mode = 2
03-10 12:00:17.095  2064  2064 I sensors-hal: batch:215, com.motorola.sensor.stowed/65568, period=200000000, max_latency=0 request completed
03-10 12:00:17.096  6942  6942 D NfcService: applyRouting enter
03-10 12:00:17.097  6942  6942 D NfcService: Discovery configuration equal, not updating.
03-10 12:00:17.097  6942  6942 D libnfc_nci: nfcManager_doSetScreenState: state = 8 prevScreenState= 4, discovry_param = 1
03-10 12:00:17.098  2582  8068 D NxpTml  : PN54X - Write requested.....
03-10 12:00:17.098  2582  8068 D NxpTml  : PN54X - Invoking I2C Write.....
03-10 12:00:17.100  5625  5625 D CentralSurfaces: !shouldBeKeyguard mStatusBarStateController.isKeyguardRequested() false keyguardForDozing false wakeAndUnlocking false isWakingAndOccluded false
03-10 12:00:17.100  5625  5625 D CentralSurfaces: hideKeyguardImpl false
03-10 12:00:17.100  5625  5625 D SbStateController: setState: requested state SHADE!= upcomingState: KEYGUARD. This usually means the status bar state transition was interrupted before the upcoming state could be applied.
03-10 12:00:17.102  3163  7441 W UserManagerService: Requested status bar icon for non-badged user 0
03-10 12:00:17.102  2582  8068 D NxpTml  : Write errno : 6b
03-10 12:00:17.102  2582  8068 D NxpTml  : PN54X - Error in I2C Write.....
03-10 12:00:17.102  2582  8068 D NxpTml  : PN54X - Posting Fresh Write message.....
03-10 12:00:17.102  2582  8068 D NxpTml  : PN54X - Tml Writer Thread Running................
03-10 12:00:17.102  2582  8070 D NxpHal  : write error status = 0x1ff
03-10 12:00:17.102  2582  2582 D NxpHal  : write_unlocked failed - PN54X Maybe in Standby Mode - Retry
03-10 12:00:17.106 11449 11449 I OverviewComponentObserver: updateOverviewTargets: mIsHomeDisabled=false, isDefaultHomeNull=false, mIsDefaultHome=true
03-10 12:00:17.113  2582  8068 D NxpTml  : PN54X - Write requested.....
03-10 12:00:17.113  2582  8068 D NxpTml  : PN54X - Invoking I2C Write.....
03-10 12:00:17.113  2582  8068 I NxpNciX : len =   4 > 20090100
03-10 12:00:17.113  2582  8068 D NxpTml  : PN54X - I2C Write successful.....
03-10 12:00:17.113  2582  8068 D NxpTml  : PN54X - Posting Fresh Write message.....
03-10 12:00:17.113  2582  8068 D NxpTml  : PN54X - Tml Writer Thread Running................
03-10 12:00:17.113  2582  8070 D NxpHal  : write successful status = 0x0
03-10 12:00:17.114  2582  8059 D NxpTml  : PN54X - I2C Read successful.....
03-10 12:00:17.114  2582  8059 I NxpNciR : len =   4 > 40090100
03-10 12:00:17.114  2582  8059 D NxpTml  : PN54X - Posting read message.....
03-10 12:00:17.114  2582  8070 D NxpHal  : read successful status = 0x0
03-10 12:00:17.114  6942  8007 D libnfc_nci: nfaDeviceManagementCallback: enter; event=0xB
03-10 12:00:17.114  6942  8007 D libnfc_nci: nfaDeviceManagementCallback: NFA_DM_SET_POWER_SUB_STATE_EVT; status=0x0
03-10 12:00:17.114  2582  8059 D NxpTml  : PN54X - Read requested.....
03-10 12:00:17.114  2582  8059 D NxpTml  : PN54X - Invoking I2C Read.....
03-10 12:00:17.114  2582  8068 D NxpTml  : PN54X - Write requested.....
03-10 12:00:17.114  2582  8068 D NxpTml  : PN54X - Invoking I2C Write.....
03-10 12:00:17.115  2582  8068 I NxpNciX : len =   7 > 20020401020101
03-10 12:00:17.115  2582  8068 D NxpTml  : PN54X - I2C Write successful.....
03-10 12:00:17.115  2582  8068 D NxpTml  : PN54X - Posting Fresh Write message.....
03-10 12:00:17.115  2582  8068 D NxpTml  : PN54X - Tml Writer Thread Running................
03-10 12:00:17.115  2582  8070 D NxpHal  : write successful status = 0x0
03-10 12:00:17.116  2582  8059 D NxpTml  : PN54X - I2C Read successful.....
03-10 12:00:17.116  2582  8059 I NxpNciR : len =   5 > 4002020000
03-10 12:00:17.116  2582  8059 D NxpTml  : PN54X - Posting read message.....
03-10 12:00:17.116  2582  8070 D NxpHal  : read successful status = 0x0
03-10 12:00:17.116  2582  8070 D NxpHal  : phNxpNciHal_print_res_status: response status =STATUS_OK
03-10 12:00:17.117  5625  5625 D KeyguardUnlock: skip finishSurfaceBehindRemoteAnimation surfaceBehindAlpha=1.0 dismissAmount=1.0 isDismissingFromSwipe=false
03-10 12:00:17.117  6942  8007 D libnfc_nci: nfaDeviceManagementCallback: enter; event=0x2
03-10 12:00:17.117  6942  8007 D libnfc_nci: nfaDeviceManagementCallback: NFA_DM_SET_CONFIG_EVT
03-10 12:00:17.118  2582  8059 D NxpTml  : PN54X - Read requested.....
03-10 12:00:17.118  2582  8059 D NxpTml  : PN54X - Invoking I2C Read.....
03-10 12:00:17.119  5625  5625 D KeyguardService: Finish IRemoteAnimationRunner.
03-10 12:00:17.119  5625  5669 V WindowManagerShell: Transition animation finished (aborted=false), notifying core (#3228) android.os.BinderProxy@df6c679@0
03-10 12:00:17.120  5625  5625 I FalsingManager: Skipped falsing. interactionType=4
03-10 12:00:17.121  3163  3227 V WindowManager: Finish Transition (#3228): created at 03-10 12:00:15.957 collect-started=0.02ms request-sent=0.042ms started=3.806ms ready=1087.172ms sent=1103.436ms finished=1163.774ms
03-10 12:00:17.122  3163  7441 D CLI/Rotation: Set volume keyswap sysprop for rotation 2 lidState OPEN
03-10 12:00:17.126  5625  5669 V WindowManagerShell: Track 0 became idle
03-10 12:00:17.126  5625  5669 V WindowManagerShell: All active transition animations finished
03-10 12:00:17.127  5625 20426 D KeyguardService: setOccluded(false)
03-10 12:00:17.127  5625 20426 D KeyguardViewMediator: setOccluded(false)
03-10 12:00:17.127  2064  4171 D slpi    : tmd2712: Als lux: 27.80, ch0: 975, ch1: 438, scale: 1.08, atime:50.04, again:1024
03-10 12:00:17.129  3163  3231 I DisplayDeviceRepository: Display device changed: DisplayDeviceInfo{"Built-in Screen": uniqueId="local:4630947043778501762", 1080 x 2640, modeId 3, renderFrameRate 90.0, defaultModeId 1, userPreferredModeId -1, supportedModes [{id=1, width=1080, height=2640, fps=120.00001, vsync=120.00001, synthetic=false, alternativeRefreshRates=[24.000002, 60.000004], supportedHdrTypes=[2, 3, 4]}, {id=2, width=1080, height=2640, fps=144.00002, vsync=144.00002, synthetic=false, alternativeRefreshRates=[], supportedHdrTypes=[2, 3, 4]}, {id=3, width=1080, height=2640, fps=90.0, vsync=90.0, synthetic=false, alternativeRefreshRates=[], supportedHdrTypes=[2, 3, 4]}, {id=4, width=1080, height=2640, fps=60.000004, vsync=60.000004, synthetic=false, alternativeRefreshRates=[24.000002, 120.00001], supportedHdrTypes=[2, 3, 4]}, {id=5, width=1080, height=2640, fps=30.000002, vsync=30.000002, synthetic=false, alternativeRefreshRates=[], supportedHdrTypes=[2, 3, 4]}, {id=6, width=1080, height=2640, fps=24.000002, vsync=24.000002, synthetic=false, alternativeRefreshRates=[60.000004, 120.00001], supportedHdrTypes=[2, 3, 4]}], supportedReadyForModes [], colorMode 0, supportedColorModes [0, 7, 9], hdrCapabilities HdrCapabilities{mSupportedHdrTypes=[2, 3, 4], mMaxLuminance=420.0, mMaxAverageLuminance=210.1615, mMinLuminance=0.323}, allmSupported false, gameContentTypeSupported false, density 420, 397.565 x 435.428 dpi, appVsyncOff 1000000, presDeadline 17111110, cutout DisplayCutout{insets=Rect(0, 108 - 0, 0) waterfall=Insets{left=0, top=0, right=0, bottom=0} boundingRect={Bounds=[Rect(0, 0 - 0, 0), Rect(495, 0 - 585, 108), Rect(0, 0 - 0, 0), Rect(0, 0 - 0, 0)]} cutoutPathParserInfo={CutoutPathParserInfo{displayWidth=1080 displayHeight=2640 physicalDisplayWidth=1080 physicalDisplayHeight=2640 density={2.625} cutoutSpec={M -45,0 L 45,0 L 45,108 L -45,108 Z} rotation={0} scale={1.0} physicalPixelDisplaySizeRatio={1.0}}} sideOverrides={}}, touch INTERNAL, rotation 0, type INTERNAL, address {port=130, model=0x40446dccee101c}, deviceProductInfo DeviceProductInfo{name=, manufacturerPnpId=QCM, productId=1, modelYear=null, manufactureDate=ManufactureDate{week=27, year=2006}, connectionToSinkType=0}, state ON, committedState ON, frameRateOverride {uid=10254 frameRateHz=90.0} , brightnessMinimum 0.0, brightnessMaximum 1.0, brightnessDefault 0.38188976, hdrSdrRatio 1.0, FLAG_ALLOWED_TO_BE_DEFAULT_DISPLAY, FLAG_ROTATES_WITH_CONTENT, FLAG_SECURE, FLAG_SUPPORTS_PROTECTED_BUFFERS, FLAG_TRUSTED, installOrientation 0, displayShape DisplayShape{ spec=-1962366115 displayWidth=1080 displayHeight=2640 physicalPixelDisplaySizeRatio=1.0 rotation=0 offsetX=0 offsetY=0 scale=1.0}}
03-10 12:00:17.138  5625  5625 D SCliNotificationListener: onNotificationListUpdate: [com.android.systemui.statusbar.notification.collection.GroupEntry@2363c42, com.android.systemui.statusbar.notification.collection.NotificationEntry@eb79294, com.android.systemui.statusbar.notification.collection.NotificationEntry@befc596]
03-10 12:00:17.144  3163  5235 E MotoSxfService: ModeUsage or ActivityState is null.
03-10 12:00:17.149  5625  6286 W PackageManager: Failure retrieving resources for com.android.systemui: Drawable com.android.systemui:drawable/android15_patch_adaptive with resource ID #0x7f0806a1
03-10 12:00:17.160  5625  6286 W PackageManager: Failure retrieving resources for com.android.systemui: Drawable com.android.systemui:drawable/android15_patch_adaptive with resource ID #0x7f0806a1
03-10 12:00:17.173  5625  5920 D Tile.ScreenshotTile: update state
03-10 12:00:17.173  3163  8301 D FingerprintProvider/defaultHIDL: Starting watchdog for fingerprint
03-10 12:00:17.182  5625  5635 I ndroid.systemui: NativeAlloc concurrent mark compact GC freed 58MB AllocSpace bytes, 14(684KB) LOS objects, 75% free, 25MB/101MB, paused 2.680ms,2.689ms total 139.292ms
03-10 12:00:17.194  5625  5625 I Channel.Remote: [de8362611079428da312381e6bb8b50c|com.motorola.personalize] Keep channel connection alive false by 4
03-10 12:00:17.194  2068  6063 I vendor.qti.bluetooth@1.0-ibs_handler: DeviceSleep: TX Awake, Sending SLEEP_IND
03-10 12:00:17.194  2068  6063 D vendor.qti.bluetooth@1.0-ibs_handler: SerialClockVote: vote for UART CLK OFF
03-10 12:00:17.199  3163  7454 W UserManagerService: Requested status bar icon for non-badged user 0
03-10 12:00:17.203  5625  5625 W WindowOnBackDispatcher: sendCancelIfRunning: isInProgress=false callback=com.android.systemui.back.domain.interactor.BackActionInteractor$callback$2@ea6953b
03-10 12:00:17.203  3163  7454 D CoreBackPreview: Window{e1d6d9e u0 NotificationShade}: Setting back callback null
03-10 12:00:17.203  3163  4132 W UserManagerService: Requested status bar icon for non-badged user 0
03-10 12:00:17.203  5625  5625 D KeyguardViewMediator: handleSetOccluded(false)
03-10 12:00:17.204  5625  5625 D KeyguardViewMediator: KeyguardViewMediator queue processing message: SET_OCCLUDED
03-10 12:00:17.206  3163  7474 W UserManagerService: Requested status bar icon for non-badged user 0
03-10 12:00:17.206  5993  1954 W QAWalletSvc: No wallet cards to return. [CONTEXT service_id=79 ]
03-10 12:00:17.216  5625  5637 W System  : A resource failed to call release. 
03-10 12:00:17.217  5625  5637 W ndroid.systemui: ApkAssets: Deleting an ApkAssets object '<empty> and /data/app/~~DXp3WJ3rwUxhQ2-e57Gnng==/com.duckduckgo.mobile.android-BoJoQ2SelVeCUZxZE5iPmw==/base.apk' with 2 weak references
03-10 12:00:17.217  5625  5637 W ndroid.systemui: ApkAssets: Deleting an ApkAssets object '<empty> and /data/app/~~DXp3WJ3rwUxhQ2-e57Gnng==/com.duckduckgo.mobile.android-BoJoQ2SelVeCUZxZE5iPmw==/split_config.arm64_v8a.apk' with 2 weak references
03-10 12:00:17.218  5625  5637 W ndroid.systemui: ApkAssets: Deleting an ApkAssets object '<empty> and /data/app/~~DXp3WJ3rwUxhQ2-e57Gnng==/com.duckduckgo.mobile.android-BoJoQ2SelVeCUZxZE5iPmw==/split_config.en.apk' with 2 weak references
03-10 12:00:17.218  5625  5637 W ndroid.systemui: ApkAssets: Deleting an ApkAssets object '<empty> and /data/app/~~DXp3WJ3rwUxhQ2-e57Gnng==/com.duckduckgo.mobile.android-BoJoQ2SelVeCUZxZE5iPmw==/split_config.xxhdpi.apk' with 2 weak references
03-10 12:00:17.218  5625  5637 W System  : A resource failed to call release. 
03-10 12:00:17.219  5625  5637 W System  : A resource failed to call release. 
03-10 12:00:17.219  5625  5637 W System  : A resource failed to call release. 
03-10 12:00:17.219  5625  5637 W System  : A resource failed to call release. 
03-10 12:00:17.219  3163  7454 D SystemServerTiming: getUserSwitchability-0
03-10 12:00:17.219  3163  7454 D SystemServerTiming: TM.isInCall
03-10 12:00:17.220  3163  7454 D SystemServerTiming: hasUserRestriction-DISALLOW_USER_SWITCH
03-10 12:00:17.220  3163  7454 D SystemServerTiming: getInt-ALLOW_USER_SWITCHING_WHEN_SYSTEM_USER_LOCKED
03-10 12:00:17.220  3163  7454 D SystemServerTiming: isUserUnlocked-USER_SYSTEM
03-10 12:00:17.222  5625  5637 W System  : A resource failed to call release. 
03-10 12:00:17.222  5625  5637 W System  : A resource failed to call release. 
03-10 12:00:17.222  5625  5637 W System  : A resource failed to call release. 
03-10 12:00:17.222  5625  5637 W System  : A resource failed to call release. 
03-10 12:00:17.222  5625  5637 W System  : A resource failed to call release. 
03-10 12:00:17.223  5625  5637 W System  : A resource failed to call release. 
03-10 12:00:17.223  5625  5637 W System  : A resource failed to call release. 
03-10 12:00:17.223  5625  5637 W System  : A resource failed to call release. 
03-10 12:00:17.223  5625  5637 W System  : A resource failed to call release. 
03-10 12:00:17.223  5625  5637 W System  : A resource failed to call release. 
03-10 12:00:17.223  5625  5637 W System  : A resource failed to call release. 
03-10 12:00:17.223  5625  5637 W ndroid.systemui: ApkAssets: Deleting an ApkAssets object '<empty> and /data/app/~~dC2NeO2CN_ydTq4tYxIpyg==/com.bp.app.bpme.global.ros-bzrWOM5LHll4EEJxVzq7MA==/base.apk' with 2 weak references
03-10 12:00:17.223  5625  5637 W ndroid.systemui: ApkAssets: Deleting an ApkAssets object '<empty> and /data/app/~~dC2NeO2CN_ydTq4tYxIpyg==/com.bp.app.bpme.global.ros-bzrWOM5LHll4EEJxVzq7MA==/split_config.arm64_v8a.apk' with 2 weak references
03-10 12:00:17.223  5625  5637 W ndroid.systemui: ApkAssets: Deleting an ApkAssets object '<empty> and /data/app/~~dC2NeO2CN_ydTq4tYxIpyg==/com.bp.app.bpme.global.ros-bzrWOM5LHll4EEJxVzq7MA==/split_config.en.apk' with 2 weak references
03-10 12:00:17.223  5625  5637 W ndroid.systemui: ApkAssets: Deleting an ApkAssets object '<empty> and /data/app/~~dC2NeO2CN_ydTq4tYxIpyg==/com.bp.app.bpme.global.ros-bzrWOM5LHll4EEJxVzq7MA==/split_config.xxhdpi.apk' with 2 weak references
03-10 12:00:17.225  5625  5637 W System  : A resource failed to call release. 
03-10 12:00:17.225  5625  5637 W System  : A resource failed to call release. 
03-10 12:00:17.225  5625  5637 W System  : A resource failed to call release. 
03-10 12:00:17.225  5625  5637 W System  : A resource failed to call release. 
03-10 12:00:17.225  5625  5637 W System  : A resource failed to call release. 
03-10 12:00:17.225  5625  5637 W System  : A resource failed to call release. 
03-10 12:00:17.225  5625  5637 W System  : A resource failed to call release. 
03-10 12:00:17.225  5625  5637 W System  : A resource failed to call release. 
03-10 12:00:17.225  5625  5637 W System  : A resource failed to call release. 
03-10 12:00:17.225  5625  5637 W System  : A resource failed to call HardwareBuffer.close. 
03-10 12:00:17.225  5625  5637 W System  : A resource failed to call HardwareBuffer.close. 
03-10 12:00:17.225  5625  5637 W System  : A resource failed to call release. 
03-10 12:00:17.225  5625  5637 W System  : A resource failed to call release. 
03-10 12:00:17.225  5625  5637 W System  : A resource failed to call HardwareBuffer.close. 
03-10 12:00:17.225  5625  5637 W System  : A resource failed to call HardwareBuffer.close. 
03-10 12:00:17.226  5493  5493 I WallpaperService: engine paused
03-10 12:00:17.227  2064  2064 I sensors-hal: batch:206, android.sensor.accelerometer/11, period=200000000, max_latency=0
03-10 12:00:17.227  2064  2064 I sensors-hal: set_config:57, sample_period_ns is adjusted to 200000000 based on min/max delay_ns
03-10 12:00:17.227  2064  2064 I sensors-hal: send_sensor_config_request:395, resampler is used, set resampler config
03-10 12:00:17.227  2064  2064 I sensors-hal: send_sync_sensor_request:341, send sync request
03-10 12:00:17.227  2064  2064 I sensors-hal: send_sync_sensor_request:367, wait for notification of response
03-10 12:00:17.227  5625  5637 W System  : A resource failed to call release. 
03-10 12:00:17.227  5625  5637 W System  : A resource failed to call release. 
03-10 12:00:17.227  5625  5637 W System  : A resource failed to call release. 
03-10 12:00:17.227  5625  5637 W System  : A resource failed to call release. 
03-10 12:00:17.228  2064  5194 I sensors-hal: ssc_conn_resp_cb:632, resp_value = 0
03-10 12:00:17.229  5625  5637 W System  : A resource failed to call release. 
03-10 12:00:17.229  5625  5637 W System  : A resource failed to call release. 
03-10 12:00:17.229  5625  5637 W System  : A resource failed to call release. 
03-10 12:00:17.229  2064  2064 I sensors-hal: send_sync_sensor_request:373, takes 1 ms to receive the response with 0
03-10 12:00:17.229  2064  2064 I sensors-hal: batch:215, android.sensor.accelerometer/11, period=200000000, max_latency=0 request completed
03-10 12:00:17.229  5625  5637 W System  : A resource failed to call release. 
03-10 12:00:17.229  5625  5637 W System  : A resource failed to call release. 
03-10 12:00:17.229  5625  5637 W System  : A resource failed to call release. 
03-10 12:00:17.229  5625  5637 W System  : A resource failed to call release. 
03-10 12:00:17.229  5625  5637 W System  : A resource failed to call release. 
03-10 12:00:17.229  5625  5637 W System  : A resource failed to call release. 
03-10 12:00:17.229  5625  5637 W System  : A resource failed to call release. 
03-10 12:00:17.229  5625  5637 W System  : A resource failed to call release. 
03-10 12:00:17.229  5625  5637 W System  : A resource failed to call release. 
03-10 12:00:17.229  5625  5637 W System  : A resource failed to call HardwareBuffer.close. 
03-10 12:00:17.230  5625  5637 W System  : A resource failed to call HardwareBuffer.close. 
03-10 12:00:17.230  5625  5637 W System  : A resource failed to call release. 
03-10 12:00:17.230  5625  5637 W System  : A resource failed to call release. 
03-10 12:00:17.230  5625  5637 W System  : A resource failed to call HardwareBuffer.close. 
03-10 12:00:17.230  5625  5637 W System  : A resource failed to call HardwareBuffer.close. 
03-10 12:00:17.230  2064  2064 I sensors-hal: activate:173, android.sensor.magnetic_field/21 en=0
03-10 12:00:17.232  2061  2108 E minksocket: MinkIPC_QRTR_Service: client with node 1 port 6c46 went down
03-10 12:00:17.232  5625  5637 W System  : A resource failed to call release. 
03-10 12:00:17.232  5625  5637 W System  : A resource failed to call release. 
03-10 12:00:17.232  5625  5637 W System  : A resource failed to call release. 
03-10 12:00:17.232  5625  5637 W System  : A resource failed to call release. 
03-10 12:00:17.233  2064  2064 I sensors-hal: activate:184, android.sensor.magnetic_field/21 en=0 completed
03-10 12:00:17.233  2061  2108 E minksocket: MinkIPC_QRTR_Service: client with node 1 port 6c41 went down
03-10 12:00:17.234  5625  5637 W System  : A resource failed to call release. 
03-10 12:00:17.234  5625  5637 W System  : A resource failed to call release. 
03-10 12:00:17.234  5625  5637 W System  : A resource failed to call release. 
03-10 12:00:17.234  5625  5637 W System  : A resource failed to call release. 
03-10 12:00:17.234  5625  5637 W System  : A resource failed to call release. 
03-10 12:00:17.234  5625  5637 W System  : A resource failed to call release. 
03-10 12:00:17.234  5625  5637 W System  : A resource failed to call release. 
03-10 12:00:17.234  5625  5637 W System  : A resource failed to call release. 
03-10 12:00:17.234  5625  5637 W System  : A resource failed to call release. 
03-10 12:00:17.234  5625  5637 W System  : A resource failed to call release. 
03-10 12:00:17.234  5625  5637 W System  : A resource failed to call release. 
03-10 12:00:17.234  5625  5637 W System  : A resource failed to call HardwareBuffer.close. 
03-10 12:00:17.235  5493  5493 I AndroidInput: sensor listener tear down
03-10 12:00:17.235  5625  5637 W System  : A resource failed to call HardwareBuffer.close. 
03-10 12:00:17.235  5625  5637 W System  : A resource failed to call release. 
03-10 12:00:17.235  5625  5637 W System  : A resource failed to call release. 
03-10 12:00:17.235  5625  5637 W System  : A resource failed to call HardwareBuffer.close. 
03-10 12:00:17.235  5625  5637 W System  : A resource failed to call HardwareBuffer.close. 
03-10 12:00:17.235  5493  5971 D Surface : Surface::disconnect
03-10 12:00:17.235  5493  5971 D BufferQueueProducer: [Wallpaper BBQ wrapper#89(BLAST Consumer)pid:5493](id:157500000000,api:1,p:5493,c:5493) disconnect: api 1
03-10 12:00:17.238  2064  2064 I sensors-hal: activate:173, android.sensor.hinge_angle/362 en=0
03-10 12:00:17.238  2061  2108 E minksocket: MinkIPC_QRTR_Service: client with node 1 port 6c4b went down
03-10 12:00:17.239  2064  2064 I sensors-hal: activate:184, android.sensor.hinge_angle/362 en=0 completed
03-10 12:00:17.248  3163  3231 I DisplayDeviceRepository: Display device changed: DisplayDeviceInfo{"Built-in Screen": uniqueId="local:4630947043778501762", 1080 x 2640, modeId 3, renderFrameRate 90.0, defaultModeId 1, userPreferredModeId -1, supportedModes [{id=1, width=1080, height=2640, fps=120.00001, vsync=120.00001, synthetic=false, alternativeRefreshRates=[24.000002, 60.000004], supportedHdrTypes=[2, 3, 4]}, {id=2, width=1080, height=2640, fps=144.00002, vsync=144.00002, synthetic=false, alternativeRefreshRates=[], supportedHdrTypes=[2, 3, 4]}, {id=3, width=1080, height=2640, fps=90.0, vsync=90.0, synthetic=false, alternativeRefreshRates=[], supportedHdrTypes=[2, 3, 4]}, {id=4, width=1080, height=2640, fps=60.000004, vsync=60.000004, synthetic=false, alternativeRefreshRates=[24.000002, 120.00001], supportedHdrTypes=[2, 3, 4]}, {id=5, width=1080, height=2640, fps=30.000002, vsync=30.000002, synthetic=false, alternativeRefreshRates=[], supportedHdrTypes=[2, 3, 4]}, {id=6, width=1080, height=2640, fps=24.000002, vsync=24.000002, synthetic=false, alternativeRefreshRates=[60.000004, 120.00001], supportedHdrTypes=[2, 3, 4]}], supportedReadyForModes [], colorMode 0, supportedColorModes [0, 7, 9], hdrCapabilities HdrCapabilities{mSupportedHdrTypes=[2, 3, 4], mMaxLuminance=420.0, mMaxAverageLuminance=210.1615, mMinLuminance=0.323}, allmSupported false, gameContentTypeSupported false, density 420, 397.565 x 435.428 dpi, appVsyncOff 1000000, presDeadline 17111110, cutout DisplayCutout{insets=Rect(0, 108 - 0, 0) waterfall=Insets{left=0, top=0, right=0, bottom=0} boundingRect={Bounds=[Rect(0, 0 - 0, 0), Rect(495, 0 - 585, 108), Rect(0, 0 - 0, 0), Rect(0, 0 - 0, 0)]} cutoutPathParserInfo={CutoutPathParserInfo{displayWidth=1080 displayHeight=2640 physicalDisplayWidth=1080 physicalDisplayHeight=2640 density={2.625} cutoutSpec={M -45,0 L 45,0 L 45,108 L -45,108 Z} rotation={0} scale={1.0} physicalPixelDisplaySizeRatio={1.0}}} sideOverrides={}}, touch INTERNAL, rotation 0, type INTERNAL, address {port=130, model=0x40446dccee101c}, deviceProductInfo DeviceProductInfo{name=, manufacturerPnpId=QCM, productId=1, modelYear=null, manufactureDate=ManufactureDate{week=27, year=2006}, connectionToSinkType=0}, state ON, committedState ON, frameRateOverride , brightnessMinimum 0.0, brightnessMaximum 1.0, brightnessDefault 0.38188976, hdrSdrRatio 1.0, FLAG_ALLOWED_TO_BE_DEFAULT_DISPLAY, FLAG_ROTATES_WITH_CONTENT, FLAG_SECURE, FLAG_SUPPORTS_PROTECTED_BUFFERS, FLAG_TRUSTED, installOrientation 0, displayShape DisplayShape{ spec=-1962366115 displayWidth=1080 displayHeight=2640 physicalPixelDisplaySizeRatio=1.0 rotation=0 offsetX=0 offsetY=0 scale=1.0}}
03-10 12:00:17.283 26976 26984 W System  : A resource failed to call close. 
03-10 12:00:17.284 26976 26984 W System  : A resource failed to call close. 
03-10 12:00:17.286 26976 26984 W System  : A resource failed to call close. 
03-10 12:00:17.286 26976 26984 W System  : A resource failed to call close. 
03-10 12:00:17.287 26976 26984 W System  : A resource failed to call close. 
03-10 12:00:17.288 26976 26984 W System  : A resource failed to call close. 
03-10 12:00:17.288 26976 26984 W System  : A resource failed to call close. 
03-10 12:00:17.289 26976 26984 W System  : A resource failed to call close. 
03-10 12:00:17.290 26976 26984 W System  : A resource failed to call close. 
03-10 12:00:17.291 26976 26984 W System  : A resource failed to call close. 
03-10 12:00:17.292 26976 26984 W System  : A resource failed to call close. 
03-10 12:00:17.294 26976 26984 W System  : A resource failed to call close. 
03-10 12:00:17.298  2163  2163 D motorola.hardware.sensorext-service: handle id:13 wxh:1088x2640 uwxuh:1080x2640 size: 11489280 fd:11 fd_meta:12 flags:0x4000228 usage:0x33  format:0x1 layer_count: 1 reserved_size = 0
03-10 12:00:17.299  2195  2386 I SDM     : HWCSession::SetCWBOutputBuffer: CWB config passed by cwb_client : tappoint 1  CWB_ROI : (210.000000 26.000000 274.000000 90.000000) for display [1 0 0]
03-10 12:00:17.300  2064  4171 D slpi-TCS3720: ALS_REPORT lux 63.222168, ch0 35.245411-21.192703-12.574037-7.604362, scale 1.1878, fps 90, client 1
03-10 12:00:17.300  2064  4171 D slpi-TCS3720: PRX_OC info Far, Total 0, pdata 0, offset 0 step 0.63, ore 0:0 step 21.00, TH_H 1020, TH_L 0, client 0
03-10 12:00:17.306  2195  2828 I SDM     : HWCDisplay::SetReadbackBuffer: CWB config from client: tap_point 1, CWB ROI Rect(210.000000 26.000000 274.000000 90.000000), PU_as_CWB_ROI 0, Cwb full rect : (0.000000 0.000000 1080.000000 2640.000000)
03-10 12:00:17.307  2195  2828 I SDM     : HWCDisplay::SetReadbackBuffer: Successfully configured the output buffer: readback_buffer_queued_ 1, readback_configured_ 0, cwb_client 3
03-10 12:00:17.307  2195  2828 I SDM     : HWCSession::ProcessRequests: Successfully configured CWB buffer.
03-10 12:00:17.312  5625  5922 D Surface : Surface::disconnect
03-10 12:00:17.312  5625  5922 D BufferQueueProducer: [NotificationShade#40194(BLAST Consumer)pid:5625](id:15f900000825,api:1,p:5625,c:5625) disconnect: api 1
03-10 12:00:17.318  2195  2828 I SDM     : HWCSession::ProcessRequests: Pushing release fence in fenece wait queue.
03-10 12:00:17.318  2195  2828 I SDM     : HWCSession::ProcessRequests: Creating AsyncFenceWaits async thread.
03-10 12:00:17.318  2195  2828 I SDM     : HWCSession::ProcessRequests: Remove current CWB request from the pending request queue.
03-10 12:00:17.318  2195  2828 I SDM     : HWCSession::ProcessRequests: No pending cwb requests found in the queue.
03-10 12:00:17.319  5625  5920 D ControlsListingControllerImpl: Unsubscribing callback
03-10 12:00:17.321  5625  5920 D ControlsListingControllerImpl: Unsubscribing callback
03-10 12:00:17.323  5625  5920 D ControlsListingControllerImpl: Unsubscribing callback
03-10 12:00:17.327  2195  2269 I SDM     : HWDeviceDRM::SetupConcurrentWriteback: Tear down the Concurrent Writeback topology
