03-10 20:27:24.837  2289  2854 W audioserver: Binder 0xb400006ddac5e160 destroyed after setInheritRt before being parceled.
03-10 20:27:24.838  2289  2854 W audioserver: Binder 0xb400006ddac5e160 destroyed after setMinSchedulerPolicy before being parceled.
03-10 20:27:24.838  2289  2854 D APM_AudioPolicyManager: stopOutput() output 29, stream 3, session 6969
03-10 20:27:24.838  3163  5853 E WindowManager: Dream packageName does not match active dream. Package com.motorola.mobiledesktop.core does not match ComponentInfo{com.android.systemui/com.android.systemui.doze.DozeService}
03-10 20:27:24.838  3163  7479 E WindowManager: Dream packageName does not match active dream. Package com.motorola.mobiledesktop does not match ComponentInfo{com.android.systemui/com.android.systemui.doze.DozeService}
03-10 20:27:24.838  2067  5073 D DlbDlbEffect: handle_EFFECT_CMD_DISABLE()
03-10 20:27:24.838  2067  5073 D DlbEffectDap: updateProcessEnabled(enabled=0, bypassed=0)
03-10 20:27:24.839  2067  5073 D DlbCrossfadeProcess: setEnabled transitioning from PROCESS_ACTIVE state to FADE_TO_BYPASS
03-10 20:27:24.839  5625  5625 I MotoDozeSensor: Tap to wake up enable: true
03-10 20:27:24.839  5625  5625 D DozeTriggers: shouldregisterTapSensor:  zeroTapEnabled=false
03-10 20:27:24.841  5625  5625 E MotoDozeSensorTypeBuilder: This sensor type(25) is not supported.
03-10 20:27:24.841  5625  5625 E MotoDozeSensorTypeBuilder: This sensor type(65596) is not supported.
03-10 20:27:24.841  7545  7545 I FileStationLog: [ FS_h$a ] - [Display] Changed display: 0
03-10 20:27:24.841  5625  5625 V DreamService[DozeService]: onBind() intent = Intent { act=android.service.dreams.DreamService flg=0x800000 cmp=com.android.systemui/.doze.DozeService (has extras) }
03-10 20:27:24.842  7545  7545 I FileStationLog: [ FS_h ] - [Logic] Retrieved display info: LogicDisplayInfo(width=1080, height=2640, orientation=1, rotation=0, displayId=0)
03-10 20:27:24.842  7545  7545 I FileStationLog: [ FS_h$a ] - [Display] New logical size: 1080x2640
03-10 20:27:24.842  7545  7545 I FileStationLog: [ FS_h$a ] - [Display] Screen width unchanged: 1080
03-10 20:27:24.842  3163  3163 I DreamController: onServiceConnected: name=ComponentInfo{com.android.systemui/com.android.systemui.doze.DozeService}, service=android.os.BinderProxy@135146a
03-10 20:27:24.842  3163  3227 I DreamController: onServiceConnected to attach: name=ComponentInfo{com.android.systemui/com.android.systemui.doze.DozeService}
03-10 20:27:24.842  5625  6171 I DreamService: DreamServiceWrapper attach: dreamToken=android.os.BinderProxy@caccea5, canDoze=true
03-10 20:27:24.844  3163  3352 D PowerManagerService: handleSandman ignore 0
03-10 20:27:24.844  5625  5625 I DreamService[DozeService]: attach() called: dreamToken=android.os.BinderProxy@caccea5, canDoze=true mWindow=null mWindowless=true
03-10 20:27:24.844  5625  5625 V DreamService[DozeService]: onDreamingStarted()
03-10 20:27:24.845  2067  5073 D DlbDlbEffect: handle_EFFECT_CMD_SET_CONFIG()
03-10 20:27:24.845  2067  5073 D DlbDapEffectContext: updateInputFormat() mIsDmsContentProcEnabled: 1, channels: 0x3, mCurrentDevice: 0x2, mAudioFlags: 0x0
03-10 20:27:24.845  2067  5073 D DlbDap2Process: setHTParam: mIsBinauralInput: 0
03-10 20:27:24.845  2067  5073 D DlbDap2Process: DAP input format is 0x22 with input channel mask 0x3
03-10 20:27:24.845  2067  5073 D DlbDlbEffect: handle_EFFECT_CMD_SET_CONFIG()
03-10 20:27:24.845  2067  5073 D DlbDapEffectContext: updateInputFormat() mIsDmsContentProcEnabled: 1, channels: 0x3, mCurrentDevice: 0x2, mAudioFlags: 0x0
03-10 20:27:24.845  2067  5073 D DlbDap2Process: setHTParam: mIsBinauralInput: 0
03-10 20:27:24.845  2067  5073 D DlbDap2Process: DAP input format is 0x22 with input channel mask 0x3
03-10 20:27:24.846  5625  5625 D SbStateController: setState: requested state KEYGUARD!= upcomingState: SHADE. This usually means the status bar state transition was interrupted before the upcoming state could be applied.
03-10 20:27:24.846  2067  5073 D DlbDlbEffect: handle_EFFECT_CMD_SET_DEVICE(device=0x00000002)
03-10 20:27:24.846  2067  5073 D DlbDapEndpointParamCache: setDevice(device=0x00000002)
03-10 20:27:24.846  2183  2183 D DolbyManagerService: setActiveDevice called with device = 0x2 (original 0x2)
03-10 20:27:24.846  2067  5073 D DlbEffectDap: setAudioMode(mode = 0)
03-10 20:27:24.847  2067  5073 D DlbEffectContext: addPregainObserver(): Pregain observer added for audio io 13 and Dolby effect type 0
03-10 20:27:24.847  2067  5073 D DlbDlbEffect: handle_EFFECT_CMD_ENABLE()
03-10 20:27:24.847  2067  5073 D DlbEffectDap: updateProcessEnabled(enabled=1, bypassed=0)
03-10 20:27:24.847  2067  5073 D DlbCrossfadeProcess: setEnabled transitioning from FADE_TO_BYPASS state to FADE_TO_ACTIVE
03-10 20:27:24.847  2289  2854 D AudioFlinger: moveEffectChain_ll: successful move of session 0 from srcThread 0xb400007075562fe8 to dstThread 0xb400007075fd9fe8 (1 effects moved, 1 effects started)
03-10 20:27:24.847  3163  3352 D PowerManagerService: handleSandman ignore 0
03-10 20:27:24.848  2064  2064 I sensors-hal: batch:206, com.motorola.sensor.ltv/65738, period=1000000, max_latency=0
03-10 20:27:24.848  2064  2064 I sensors-hal: set_config:57, sample_period_ns is adjusted to 0 based on min/max delay_ns
03-10 20:27:24.848  2064  2064 I sensors-hal: batch:215, com.motorola.sensor.ltv/65738, period=1000000, max_latency=0 request completed
03-10 20:27:24.849  2064  2064 I sensors-hal: activate:173, com.motorola.sensor.ltv/65738 en=1
03-10 20:27:24.849  2064  2064 I sensors-hal: get_qmi_debug_flag:239, support_qmi_debug : false
03-10 20:27:24.850  2061  2108 E minksocket: MinkIPC_QRTR_Service: client with node 1 port 63e1 went down
03-10 20:27:24.850  2061  2108 E minksocket: MinkIPC_QRTR_Service: client with node 1 port 63e2 went down
03-10 20:27:24.850  5625  5962 D KeyguardViewMediator: updateActivityLockScreenState(false, true)
03-10 20:27:24.851  2061  2108 E minksocket: MinkIPC_QRTR_Service: client with node 1 port 63e3 went down
03-10 20:27:24.851  2061  2108 E minksocket: MinkIPC_QRTR_Service: client with node 1 port 63e4 went down
03-10 20:27:24.851  2064  2064 E Diag_Lib: diag: Diag_LSM_Init: invoked for pid: 2064 with init_count: 0
03-10 20:27:24.851  2064  2064 E Diag_Lib: diag:failed to connect to diag socket
03-10 20:27:24.851  2064  2064 E Diag_Lib:  Diag_LSM_Init: Failed to open handle to diag driver, error = 13
03-10 20:27:24.851  2064  2064 I sensors-hal: send_sync_sensor_request:341, send sync request
03-10 20:27:24.852  2064  2064 I sensors-hal: send_sync_sensor_request:367, wait for notification of response
03-10 20:27:24.852  2064 11497 I sensors-hal: ssc_conn_resp_cb:632, resp_value = 0
03-10 20:27:24.853  2064  4171 I slpi    : MOT_LTV started with registry parameters (rcv_reg_items=0x1fff)
03-10 20:27:24.853  2064  2064 I sensors-hal: send_sync_sensor_request:373, takes 1 ms to receive the response with 0
03-10 20:27:24.853  2064  4171 E slpi    : MOT_GPIO_FLIP kernel state gpio unset
03-10 20:27:24.853  2064  2064 I sensors-hal: activate:184, com.motorola.sensor.ltv/65738 en=1 completed
03-10 20:27:24.854  2064  2064 I sensors-hal: batch:206, com.motorola.sensor.glance/65658, period=1000000, max_latency=0
03-10 20:27:24.854  2064  2064 I sensors-hal: set_config:57, sample_period_ns is adjusted to 0 based on min/max delay_ns
03-10 20:27:24.854  2064  2064 I sensors-hal: batch:215, com.motorola.sensor.glance/65658, period=1000000, max_latency=0 request completed
03-10 20:27:24.854  2064  2064 I sensors-hal: activate:173, com.motorola.sensor.glance/65658 en=1
03-10 20:27:24.854  2064  2064 I sensors-hal: activate:154, activate glance 65548
03-10 20:27:24.854  2064  2064 I sensors-hal: get_qmi_debug_flag:239, support_qmi_debug : false
03-10 20:27:24.854  3163  3352 D PowerManagerService: handleSandman ignore 0
03-10 20:27:24.855  2061  2108 E minksocket: MinkIPC_QRTR_Service: client with node 1 port 63e6 went down
03-10 20:27:24.856  2061  2108 E minksocket: MinkIPC_QRTR_Service: client with node 1 port 63e7 went down
03-10 20:27:24.856  2064  2064 E Diag_Lib: diag: Diag_LSM_Init: invoked for pid: 2064 with init_count: 0
03-10 20:27:24.856  2061  2108 E minksocket: MinkIPC_QRTR_Service: client with node 1 port 63e8 went down
03-10 20:27:24.856  2061  2108 E minksocket: MinkIPC_QRTR_Service: client with node 1 port 63e9 went down
03-10 20:27:24.856  2064  2064 E Diag_Lib: diag:failed to connect to diag socket
03-10 20:27:24.856  2064  2064 E Diag_Lib:  Diag_LSM_Init: Failed to open handle to diag driver, error = 13
03-10 20:27:24.856  2064  2064 I sensors-hal: create_sensor_config_request:143, sending MOT_GLANCE_MSGID_MOT_GLANCE_CONFIG, 0x17
03-10 20:27:24.856  2064  2064 I sensors-hal: send_sync_sensor_request:341, send sync request
03-10 20:27:24.857  2064  2064 I sensors-hal: send_sync_sensor_request:367, wait for notification of response
03-10 20:27:24.857  2064 11499 I sensors-hal: ssc_conn_resp_cb:632, resp_value = 0
03-10 20:27:24.857  2064  2064 I sensors-hal: send_sync_sensor_request:373, takes 0 ms to receive the response with 0
03-10 20:27:24.857  2064  2064 I sensors-hal: activate:184, com.motorola.sensor.glance/65658 en=1 completed
03-10 20:27:24.860  3163  3352 D PowerManagerService: handleSandman ignore 0
03-10 20:27:24.863  3163  5853 I DreamManagerService: startDozing by com.android.systemui callingUid=10394 callingPid=5625
03-10 20:27:24.864  3163  5853 D DreamManagerService: Dream requested to start dozing: android.os.Binder@9cc2709, screenState=1, screenBrightness=-1, reason=UNKNOWN
03-10 20:27:24.865  3163  5853 D PowerManagerService: nativeSetAutoSuspend enable:false duration ms: 1
03-10 20:27:24.865  3163  5853 D PowerManagerService: nativeAcquireSuspendBlocker name:PowerManagerService.Display duration ms: 0
03-10 20:27:24.865  3163  3352 D PowerManagerService: handleSandman ignore 0
03-10 20:27:24.866  3163  3352 I DisplayPowerController2[1]: 03-10 20:27:24.865 - BrightnessEvent: disp=1, physDisp=local:4630947043778501763, displayState=OFF, displayPolicy=DOZE, brt=0.0, initBrt=0.0, rcmdBrt=NaN, preBrt=NaN, lux=0.0, preLux=0.0, brtNits=3.3701954, hdrNits=NaN, initNits=3.3701954, preNits=NaN, rcmdNits=NaN, hdrBrightness=NaN, brt(%)=0%, brtInt=1, hbmPolicy=normal, hbmMax=0.7660316, hbmMode=off, rbcStrength=-1, thrmMax=1.0, powerFactor=1.0, wasShortTermModelActive=false, flags=, reason=screen_off, autoBrightness=true, strategy=ScreenOffBrightnessStrategy, autoBrightnessMode=default
03-10 20:27:24.866  3163  3163 I WindowManager: Finished going to sleep... (groupId=0 why=OFF_BECAUSE_OF_USER) notifySleepToKeyguard=true lidState=0 pmSleepReason=lid_switch
03-10 20:27:24.867  2064  2064 I sensors-hal: activate:173, android.sensor.device_orientation/271 en=0
03-10 20:27:24.867  3163  3352 D PowerManagerService: nativeAcquireSuspendBlocker name:PowerManagerService.Broadcasts duration ms: 1
03-10 20:27:24.867  3163  3352 D PowerManagerService: nativeSetAutoSuspend enable:true duration ms: 1
03-10 20:27:24.867  3163  3352 D PowerManagerService: nativeReleaseSuspendBlocker name:PowerManagerService.Display duration ms: 0
03-10 20:27:24.867  2064  2064 I sensors-hal: activate:184, android.sensor.device_orientation/271 en=0 completed
03-10 20:27:24.868  3163  3352 D PowerManagerService: handleSandman ignore 0
03-10 20:27:24.868  2061  2108 E minksocket: MinkIPC_QRTR_Service: client with node 1 port 6398 went down
03-10 20:27:24.868  5625  5956 D CounterUpPreferencesStatusValue: startTracking: previous = 247 current = 248 tag = Count of how many cli AD is triggered
03-10 20:27:24.868  3163  7451 I DreamController: mDreamingStartedCallback sendResult
03-10 20:27:24.869  3163  3352 D PowerManagerService: handleSandman ignore 0
03-10 20:27:24.870  3163  3352 D PowerManagerService: handleSandman ignore 0
03-10 20:27:24.870  5625  5625 D SCliNotificationListener: onNotificationListUpdate: [com.android.systemui.statusbar.notification.collection.GroupEntry@1b26f3c]
03-10 20:27:24.870  5625  6286 D SCliNotifPanelController: onNotificationEntryRemove: 0|com.google.android.googlequicksearchbox|0|-1929155362::a:snotification:[0x8e4ca820e9bc8429,stories.f,NOTIFICATION]|10292
03-10 20:27:24.870  5625  6286 D SCliNotifPanelController: onNotificationGroupUpdate: com.google.android.googlequicksearchbox_u0
03-10 20:27:24.870  5625  6286 D SCliNotifPanelController: onNotificationEntryRemove: -1|com.android.systemui|1201|fully_charged_and_plugged|10394
03-10 20:27:24.870  5625  6286 D SCliNotifPanelController: onNotificationGroupRemove: com.android.systemui_u-1
03-10 20:27:24.870  5625 10961 D KeyguardViewMediator: USER_LOCKED intent sent
03-10 20:27:24.870  5625  6286 D SCliNotifPanelController: onNotificationEntryRemove: 0|com.google.android.googlequicksearchbox|0|-1929155362::a:snotification:[0x394,wx.f,NOTIFICATION]|10292
03-10 20:27:24.870  5625  6286 D SCliNotifPanelController: onNotificationGroupRemove: com.google.android.googlequicksearchbox_u0
03-10 20:27:24.870  5625  6286 D SCliNotifPanelController: onNotificationEntryRemove: 0|com.android.vending|-234430262|null|10276
03-10 20:27:24.870  5625  6286 D SCliNotifPanelController: onNotificationGroupRemove: com.android.vending_u0
03-10 20:27:24.873  6942  6942 D NfcService: MSG_APPLY_SCREEN_STATE 1
03-10 20:27:24.874  3163  3352 D PowerManagerService: handleSandman ignore 0
03-10 20:27:24.874  6942  6942 D libnfc_nci: nfcManager_doSetScreenState: state = 1 prevScreenState= 8, discovry_param = 1
03-10 20:27:24.875  2582  8068 D NxpTml  : PN54X - Write requested.....
03-10 20:27:24.875  2582  8068 D NxpTml  : PN54X - Invoking I2C Write.....
03-10 20:27:24.876  2582  8068 D NxpTml  : Write errno : 6b
03-10 20:27:24.876  2582  8068 D NxpTml  : PN54X - Error in I2C Write.....
03-10 20:27:24.876  2582  8068 D NxpTml  : PN54X - Posting Fresh Write message.....
03-10 20:27:24.877  2582  8068 D NxpTml  : PN54X - Tml Writer Thread Running................
03-10 20:27:24.877  2582  8070 D NxpHal  : write error status = 0x1ff
03-10 20:27:24.877  2582  2582 D NxpHal  : write_unlocked failed - PN54X Maybe in Standby Mode - Retry
03-10 20:27:24.878  2064  2064 I sensors-hal: batch:206, android.sensor.accelerometer/11, period=200000000, max_latency=0
03-10 20:27:24.878  2064  2064 I sensors-hal: set_config:57, sample_period_ns is adjusted to 200000000 based on min/max delay_ns
03-10 20:27:24.878  2064  2064 I sensors-hal: batch:215, android.sensor.accelerometer/11, period=200000000, max_latency=0 request completed
03-10 20:27:24.878  3163  3163 I PowerManagerService: onFlip(): Face up.
03-10 20:27:24.878  5625  5625 W libc    : Access denied finding property "vendor.display.enable_optimal_refresh_rate"
03-10 20:27:24.878  5625  5625 W libc    : Access denied finding property "vendor.gpp.create_frc_extension"
03-10 20:27:24.880  3163  3251 D ActivityManager: unfreezing ProcessRecord{55c5219 1607:com.facebook.katana/u0a424}, reason = unfreezeTemporarily, adj = 935, adjType = cch-empty, adjSource = null
03-10 20:27:24.885  3163  3251 D ActivityManager: sync unfroze 1607 com.facebook.katana for 3
03-10 20:27:24.885  5625  5625 W View    : requestLayout() improperly called by com.android.keyguard.CarrierText{fc2afe4 V.ED..... ..S...ID 42,0-495,108 #7f0a04a7 app:id/keyguard_carrier_text} during layout: running second layout pass
03-10 20:27:24.885  5625  5625 W View    : requestLayout() improperly called by com.android.systemui.util.AutoMarqueeTextView{fcb050b VFED..C.. ..S...ID 205,0-571,126 #7f0a0686 app:id/no_carrier_text} during layout: running second layout pass
03-10 20:27:24.887  2582  8068 D NxpTml  : PN54X - Write requested.....
03-10 20:27:24.887  2582  8068 D NxpTml  : PN54X - Invoking I2C Write.....
03-10 20:27:24.888  2582  8068 I NxpNciX : len =   7 > 20020401020100
03-10 20:27:24.888  2582  8068 D NxpTml  : PN54X - I2C Write successful.....
03-10 20:27:24.888  2582  8068 D NxpTml  : PN54X - Posting Fresh Write message.....
03-10 20:27:24.888  2582  8068 D NxpTml  : PN54X - Tml Writer Thread Running................
03-10 20:27:24.888  2582  8070 D NxpHal  : write successful status = 0x0
03-10 20:27:24.888  2582  8059 D NxpTml  : PN54X - I2C Read successful.....
03-10 20:27:24.888  2582  8059 I NxpNciR : len =   5 > 4002020000
03-10 20:27:24.888  2582  8059 D NxpTml  : PN54X - Posting read message.....
03-10 20:27:24.888  2582  8070 D NxpHal  : read successful status = 0x0
03-10 20:27:24.888  2582  8070 D NxpHal  : phNxpNciHal_print_res_status: response status =STATUS_OK
03-10 20:27:24.889  6942  8007 D libnfc_nci: nfaDeviceManagementCallback: enter; event=0x2
03-10 20:27:24.889  6942  8007 D libnfc_nci: nfaDeviceManagementCallback: NFA_DM_SET_CONFIG_EVT
03-10 20:27:24.889  2582  8059 D NxpTml  : PN54X - Read requested.....
03-10 20:27:24.889  2582  8059 D NxpTml  : PN54X - Invoking I2C Read.....
03-10 20:27:24.889  2582  8068 D NxpTml  : PN54X - Write requested.....
03-10 20:27:24.889  2582  8068 D NxpTml  : PN54X - Invoking I2C Write.....
03-10 20:27:24.889  2582  8068 I NxpNciX : len =   4 > 20090101
03-10 20:27:24.889  2582  8068 D NxpTml  : PN54X - I2C Write successful.....
03-10 20:27:24.889  2582  8068 D NxpTml  : PN54X - Posting Fresh Write message.....
03-10 20:27:24.889  2582  8068 D NxpTml  : PN54X - Tml Writer Thread Running................
03-10 20:27:24.889  2582  8070 D NxpHal  : write successful status = 0x0
03-10 20:27:24.890  2582  8059 D NxpTml  : PN54X - I2C Read successful.....
03-10 20:27:24.890  2582  8059 I NxpNciR : len =   4 > 40090100
03-10 20:27:24.890  2582  8059 D NxpTml  : PN54X - Posting read message.....
03-10 20:27:24.891  2582  8070 D NxpHal  : read successful status = 0x0
03-10 20:27:24.891  6942  8007 D libnfc_nci: nfaDeviceManagementCallback: enter; event=0xB
03-10 20:27:24.891  6942  8007 D libnfc_nci: nfaDeviceManagementCallback: NFA_DM_SET_POWER_SUB_STATE_EVT; status=0x0
03-10 20:27:24.891  2582  8059 D NxpTml  : PN54X - Read requested.....
03-10 20:27:24.891  2582  8059 D NxpTml  : PN54X - Invoking I2C Read.....
03-10 20:27:24.892  3163  3352 D PowerManagerService: handleSandman ignore 0
03-10 20:27:24.894 11268 11483 E ThermalEngine: First running, skip
03-10 20:27:24.894 11268 11483 I ThermalEngine: Monitor:ACTIVE:OVERRIDE-CHG:internal_override=1:DETECT-STANDBY=1
03-10 20:27:24.894 11268 11483 I ThermalEngine: ACTION: override_c - Setting override_c to 1
03-10 20:27:24.896 11268 11482 I ThermalEngine: Thermal-Server: Thermal received msg from  override_c
03-10 20:27:24.896 11268 11502 I Thermal-Lib: Thermal-Lib-Client: Client request sent
03-10 20:27:24.898  5625  5942 E FromGoneTransitionInteractor: Ignoring startTransition: This interactor asked to transition from GONE -> LOCKSCREEN, but we last transitioned to DOZING, not GONE. This should never happen - check currentTransitionInfoInternal or use filterRelevantKeyguardState before starting transitions.
03-10 20:27:24.898  3163  3163 D TrustManagerService: refreshDeviceLockedForUser(userId=0, unlockedUser=-10000), secure=false, showingKeyguard=true, trusted=false, biometricAuthenticated=false, currentUserIsUnlocked=false, deviceLocked=false
03-10 20:27:24.898  5625  5942 E FromGoneTransitionInteractor: This transition would not have been ignored prior to ag/26681239, since we are FINISHED in GONE (but have since started another transition). If ignoring this transition has caused a regression, fix it by ensuring that transitions are exclusively started from the most recently started state.
03-10 20:27:24.899  5625  5962 D KeyguardViewMediator: updateActivityLockScreenState(true, true)
03-10 20:27:24.900  5625  5625 V PowerManager: wakeUp time=79355418 reason=WAKE_REASON_GESTURE details=com.android.systemui:SWIPE_UP_ON_AD by (com.android.systemui) callers=com.android.systemui.power.data.repository.PowerRepositoryImpl.wakeUp:26 com.android.systemui.power.domain.interactor.PowerInteractor.wakeUpIfDozing:51 com.android.systemui.statusbar.phone.StatusBarKeyguardViewManager.onPanelExpansionChanged$1:144 
03-10 20:27:24.900  3163  5853 I PowerGroup: Waking up power group from Dozing (groupId=1, uid=10394, reason=WAKE_REASON_GESTURE, details=com.android.systemui:SWIPE_UP_ON_AD)...
03-10 20:27:24.900  3163  5853 I PowerManagerService: Waking up from Dozing (uid=10394, reason=WAKE_REASON_GESTURE, details=com.android.systemui:SWIPE_UP_ON_AD)...
03-10 20:27:24.901  3163  3163 I WindowManager: Started waking up... (groupId=1 why=ON_BECAUSE_OF_USER) pmWakeReason=WAKE_REASON_GESTURE
03-10 20:27:24.901  3163  3163 I WindowManager: awakenDreams callers=com.android.server.policy.PhoneWindowManager.startedWakingUp:7593 com.android.server.power.Notifier.lambda$handleEarlyInteractiveChange$0:603 com.android.server.power.Notifier.$r8$lambda$JPimfzsYkXWexBDnIhDxNZnALw4:0 com.android.server.power.Notifier$$ExternalSyntheticLambda8.run:0 android.os.Handler.handleCallback:1001 
03-10 20:27:24.901  3163  3163 I DreamManagerService: awaken by com.android.dynsystem callingUid=1000 callingPid=3163
03-10 20:27:24.902  3163  3163 V PowerManager: userActivity when=79355420 event=0 flags=0 displayId=0 by (android) callers=android.os.PowerManager.userActivity:1487 com.android.server.dreams.DreamManagerService.requestAwakenInternal:496 com.android.server.dreams.DreamManagerService.-$$Nest$mrequestAwakenInternal:0 
03-10 20:27:24.902  3163  3352 I WindowManager: Display 1 turning on...
03-10 20:27:24.903  3163  3352 I DisplayBrightnessStrategySelector: Changing the DisplayBrightnessStrategy from ScreenOffBrightnessStrategy to InvalidBrightnessStrategy for display 1
03-10 20:27:24.903  3163  3352 E SensorManager: sensor or listener is null
03-10 20:27:24.903  3163  3229 W WindowManager: All windows drawn on display 1
03-10 20:27:24.903  2064  2064 I sensors-hal: batch:206, com.motorola.sensor.alternate_light/65959, period=250000000, max_latency=0
03-10 20:27:24.903  2064  2064 I sensors-hal: set_config:61, no need to adjust sample_period_ns due to reporting_mode = 2
03-10 20:27:24.903  2064  2064 I sensors-hal: batch:215, com.motorola.sensor.alternate_light/65959, period=250000000, max_latency=0 request completed
03-10 20:27:24.904  3163  5853 D PowerManagerService: nativeSetAutoSuspend enable:false duration ms: 2
03-10 20:27:24.904  3163  7451 E WindowManager: Dream packageName does not match active dream. Package com.facebook.katana does not match ComponentInfo{com.android.systemui/com.android.systemui.doze.DozeService}
03-10 20:27:24.904  2064  2064 I sensors-hal: activate:173, com.motorola.sensor.alternate_light/65959 en=1
03-10 20:27:24.904  3163  7451 E WindowManager: Dream packageName does not match active dream. Package com.facebook.katana does not match ComponentInfo{com.android.systemui/com.android.systemui.doze.DozeService}
03-10 20:27:24.904  2064  2064 I sensors-hal: get_qmi_debug_flag:239, support_qmi_debug : false
03-10 20:27:24.905  2061  2108 E minksocket: MinkIPC_QRTR_Service: client with node 1 port 63eb went down
03-10 20:27:24.905  2061  2108 E minksocket: MinkIPC_QRTR_Service: client with node 1 port 63ec went down
03-10 20:27:24.906  2064  2064 E Diag_Lib: diag: Diag_LSM_Init: invoked for pid: 2064 with init_count: 0
03-10 20:27:24.906  2061  2108 E minksocket: MinkIPC_QRTR_Service: client with node 1 port 63ed went down
03-10 20:27:24.906  2061  2108 E minksocket: MinkIPC_QRTR_Service: client with node 1 port 63ee went down
03-10 20:27:24.906  3163  5853 D PowerManagerService: nativeAcquireSuspendBlocker name:PowerManagerService.Display duration ms: 3
03-10 20:27:24.906  2064  2064 E Diag_Lib: diag:failed to connect to diag socket
03-10 20:27:24.906  2064  2064 E Diag_Lib:  Diag_LSM_Init: Failed to open handle to diag driver, error = 13
03-10 20:27:24.907  2064  2064 I sensors-hal: send_sensor_config_request:463, dt=ambient_light_1: convert sample_period=250000000 to batch_period=250000
03-10 20:27:24.907  2064  2064 I sensors-hal: send_sync_sensor_request:341, send sync request
03-10 20:27:24.907  3163  5853 D PowerManagerService: nativeSetPowerMode ret:true mode:7 enabled:true duration ms: 0
03-10 20:27:24.907  2064  2064 I sensors-hal: send_sync_sensor_request:367, wait for notification of response
03-10 20:27:24.907  3163  3163 W BoostOptController: not supported hint: 118
03-10 20:27:24.907  3163  3163 I DreamManagerService: Gently waking up from dream.
03-10 20:27:24.907  2078  2078 I QTI PowerHAL: Power setMode: 7 to: 1
03-10 20:27:24.907  2300  2300 D SurfaceFlinger: setDesiredDisplayModeSpecs[{0, false, PR={p[24.00-120.00]Hz, r[24.00-60.00]Hz}, AR={p[0.00-120.00]Hz, r[0.00-60.00]Hz}}]: by process 3163 uid 1000 for display 4630947043778501762
03-10 20:27:24.908  2064 11505 I sensors-hal: ssc_conn_resp_cb:632, resp_value = 0
03-10 20:27:24.908  2064  2064 I sensors-hal: send_sync_sensor_request:373, takes 0 ms to receive the response with 0
03-10 20:27:24.908  2064  2064 I sensors-hal: activate:184, com.motorola.sensor.alternate_light/65959 en=1 completed
03-10 20:27:24.908  2078  2078 I QTI PowerHAL: Got set_interactive hint
03-10 20:27:24.908  2078  2078 I QTI PowerHAL: Got set_interactive hint on= 1, count= 1177
03-10 20:27:24.909  3163  3163 I DreamManagerService: stopDreamLocked. callers=com.android.server.dreams.DreamManagerService.stopDreamInternal:542 com.android.server.dreams.DreamManagerService.requestAwakenInternal:497 com.android.server.dreams.DreamManagerService.-$$Nest$mrequestAwakenInternal:0 com.android.server.dreams.DreamManagerService$BinderService.awaken:1072 com.android.server.policy.PhoneWindowManager.awakenDreams:4323 
03-10 20:27:24.910  3163  3352 V DisplayPowerController2[1]: Brightness [0.17769434] reason changing to: 'manual', previous reason: 'screen_off'.
03-10 20:27:24.910  3163  3352 I DisplayPowerController2[1]: 03-10 20:27:24.910 - BrightnessEvent: disp=1, physDisp=local:4630947043778501763, displayState=ON, displayPolicy=BRIGHT, brt=0.17769434, initBrt=0.0, rcmdBrt=NaN, preBrt=NaN, lux=NaN, preLux=NaN, brtNits=37.58235, hdrNits=NaN, initNits=3.3701954, preNits=NaN, rcmdNits=NaN, hdrBrightness=NaN, brt(%)=23%, brtInt=46, hbmPolicy=normal, hbmMax=0.7660316, hbmMode=off, rbcStrength=-1, thrmMax=1.0, powerFactor=1.0, wasShortTermModelActive=false, flags=invalid_lux , reason=manual, autoBrightness=true, strategy=InvalidBrightnessStrategy, autoBrightnessMode=default
03-10 20:27:24.911  3163  3231 D CLI/Keyguard: [onKeyguardLockedStateChanged] isKeyguardLocked=true
03-10 20:27:24.911  3163  3231 D PanelsService: onKeyguardStateChanged.. isShowing=true
03-10 20:27:24.911  3163  3231 D TouchHwAidlService: onKeyguardStateChanged.. isShowing=true
03-10 20:27:24.911  2723  3159 E VendorTagDescriptor: lookupTag: Tag name 'support_get_property_2_0' does not exist.
03-10 20:27:24.911  3163  5308 D PowerManagerService: nativeSetPowerMode ret:false mode:9 enabled:false duration ms: 0
03-10 20:27:24.911  3163  5308 D TouchHwAidlService: setCliDisplayState: mCliScreenOff=false
03-10 20:27:24.911  3163  5308 D LocalDisplayAdapter: setDisplayPowerMode mode=2 for display=android.os.BinderProxy@433f576
03-10 20:27:24.913  2064  2064 I sensors-hal: batch:206, android.sensor.device_orientation/271, period=66667000, max_latency=0
03-10 20:27:24.913  3163  3231 W ServiceManagerCppClient: Failed to get isDeclared for com.motorola.hardware.display.panel.IDisplayPanel/default: Status(-1, EX_SECURITY): 'SELinux denied.'
03-10 20:27:24.913  2064  2064 I sensors-hal: set_config:61, no need to adjust sample_period_ns due to reporting_mode = 2
03-10 20:27:24.913  3163  3231 D DisplayPanelService: Setting panel dc mode: 0
03-10 20:27:24.913  2064  2064 I sensors-hal: batch:215, android.sensor.device_orientation/271, period=66667000, max_latency=0 request completed
03-10 20:27:24.913  2090  2090 I DisplayPanel: setDcMode: DC mode = OFF
03-10 20:27:24.913  2090  2090 D DisplayPanel: setParam: Success set DC to 0 for Primary display
03-10 20:27:24.913  2064  2064 I sensors-hal: activate:173, android.sensor.device_orientation/271 en=1
03-10 20:27:24.913  2300  2300 D SurfaceFlinger: Setting power mode 2 on display 4630947043778501763
03-10 20:27:24.913  2064  2064 I sensors-hal: get_qmi_debug_flag:239, support_qmi_debug : false
03-10 20:27:24.914  3163  3231 I DisplayDeviceRepository: Display device changed state: "HDMI Screen", ON
03-10 20:27:24.914  6942  6942 D NfcService: MSG_APPLY_SCREEN_STATE 4
03-10 20:27:24.915  2061  2108 E minksocket: MinkIPC_QRTR_Service: client with node 1 port 63f0 went down
03-10 20:27:24.915  3163  3352 D BrightnessThermalClamper: Thermal status observer already started
03-10 20:27:24.915  3163  3231 I InputManager-JNI: Viewport [0] to add: local:4630947043778501762, isActive: false
03-10 20:27:24.915  2061  2108 E minksocket: MinkIPC_QRTR_Service: client with node 1 port 63f1 went down
03-10 20:27:24.915  3163  3231 I InputManager-JNI: Viewport [1] to add: local:4630947043778501763, isActive: true
03-10 20:27:24.916  2064  2064 E Diag_Lib: diag: Diag_LSM_Init: invoked for pid: 2064 with init_count: 0
03-10 20:27:24.916  2061  2108 E minksocket: MinkIPC_QRTR_Service: client with node 1 port 63f2 went down
03-10 20:27:24.916  2061  2108 E minksocket: MinkIPC_QRTR_Service: client with node 1 port 63f3 went down
03-10 20:27:24.916  2064  2064 E Diag_Lib: diag:failed to connect to diag socket
03-10 20:27:24.916  2064  2064 E Diag_Lib:  Diag_LSM_Init: Failed to open handle to diag driver, error = 13
03-10 20:27:24.916  2064  2064 I sensors-hal: send_sensor_config_request:463, dt=mot_disprot: convert sample_period=66667000 to batch_period=66667
03-10 20:27:24.916  2064  2064 I sensors-hal: send_sync_sensor_request:341, send sync request
03-10 20:27:24.916  2064  2064 I sensors-hal: send_sync_sensor_request:367, wait for notification of response
03-10 20:27:24.917  2300  2300 I Scheduler: Display 4630947043778501763 is the pacesetter
03-10 20:27:24.917  2300  2300 I Scheduler: promotePacesetterDisplayLocked, mAcceptScrollEvent=1
03-10 20:27:24.917  2300  2300 I Scheduler: promotePacesetterDisplayLocked, mAcceptTouchNotBoostEvent=0
03-10 20:27:24.917  3163  4285 I InputReader: Reconfiguring input devices, changes=DISPLAY_INFO
03-10 20:27:24.917  2064 11508 I sensors-hal: ssc_conn_resp_cb:632, resp_value = 0
03-10 20:27:24.917  3163  8301 E WindowManager: Dream packageName does not match active dream. Package com.motorola.livewallpaper3.prebuilt.vanilla_reflection does not match ComponentInfo{com.android.systemui/com.android.systemui.doze.DozeService}
03-10 20:27:24.917  3163  4285 I InputReader: Disabling goodix_ts (device 7) because the associated viewport is not active
03-10 20:27:24.917  3163  4285 I InputReader: Device reconfigured: id=6, name='zinitix_mt', size 194x368, orientation Rotation0, mode DIRECT, display id 1
03-10 20:27:24.917  2064  2064 I sensors-hal: send_sync_sensor_request:373, takes 0 ms to receive the response with 0
03-10 20:27:24.917  2064  2064 I sensors-hal: activate:184, android.sensor.device_orientation/271 en=1 completed
03-10 20:27:24.918  3163  3229 V WindowManager: Content Recording: Display 1 state was (1), is now (2), so update recording?
03-10 20:27:24.918  3163  3229 D CLI/Transition: displaygroup 1, state ON, pendingdisplaygroup -1
03-10 20:27:24.918  3163  3229 I DisplayDevice: [1] Layerstack set to 1 for local:4630947043778501763 mDisplayToken=android.os.BinderProxy@433f576 t=Transaction{mNativeObject=-5476376673043392304, mHashCode=0}
03-10 20:27:24.918  3163  3231 D PanelsService: updateCliDisplayState: mCliScreenState=ON
03-10 20:27:24.918  3163  7414 E WindowManager: Dream packageName does not match active dream. Package com.motorola.mobiledesktop does not match ComponentInfo{com.android.systemui/com.android.systemui.doze.DozeService}
03-10 20:27:24.919  3163  4129 E WindowManager: Dream packageName does not match active dream. Package com.motorola.motocare does not match ComponentInfo{com.android.systemui/com.android.systemui.doze.DozeService}
03-10 20:27:24.919  3163  7441 E WindowManager: Dream packageName does not match active dream. Package io.appium.uiautomator2.server does not match ComponentInfo{com.android.systemui/com.android.systemui.doze.DozeService}
03-10 20:27:24.919  3163  4129 E WindowManager: Dream packageName does not match active dream. Package com.google.android.ext.services does not match ComponentInfo{com.android.systemui/com.android.systemui.doze.DozeService}
03-10 20:27:24.919  2300  2300 D SurfaceFlinger: Setting desired display mode specs: {0, false, PR={p[24.00-120.00]Hz, r[24.00-120.00]Hz}, AR={p[0.00-120.00]Hz, r[0.00-120.00]Hz}} for display 4630947043778501763
03-10 20:27:24.919  3163  5528 E WindowManager: Dream packageName does not match active dream. Package com.google.android.gsf does not match ComponentInfo{com.android.systemui/com.android.systemui.doze.DozeService}
03-10 20:27:24.919  3163  3227 D TouchHwAidlService: updateCliDisplayState: mCliScreenOn=true
03-10 20:27:24.919  3163  5528 E WindowManager: Dream packageName does not match active dream. Package com.google.android.gms does not match ComponentInfo{com.android.systemui/com.android.systemui.doze.DozeService}
03-10 20:27:24.920  2300  2300 I SurfaceFlinger: Switching to Scheduler preferred mode 0 (60.00 Hz) for display 4630947043778501763
03-10 20:27:24.920  2300  2300 W ComposerExtn: DisplayExtnImpl::SetActiveConfig: HWC Display 2 is not registered!
03-10 20:27:24.920  2300  2300 D DisplayModeController: setDesiredMode 4630947043778501763 {mode={fps=60.00 Hz, modePtr={id=0, vsyncRate=60.00 Hz, peakRefreshRate=60.00 Hz}}, emitEvent=true, force=false}
03-10 20:27:24.920  7545  7545 I FileStationLog: [ FS_h$a ] - [Display] Changed display: 1
03-10 20:27:24.920  6942  6942 D libnfc_nci: nfcManager_doSetScreenState: state = 4 prevScreenState= 1, discovry_param = 1
03-10 20:27:24.920  2195  2386 I SDM     : DisplayBase::SetDisplayState: Set state = 1, display 76-0, teardown = 0
03-10 20:27:24.920  5625  5625 D KeyguardViewMediator: KeyguardViewMediator queue processing message: SHOW
03-10 20:27:24.920  5625  5625 I vol.VolumeDialogImpl: dismissH reason = posture_changed mDialog.isShowing(): false
03-10 20:27:24.921  3163  3231 W ServiceManagerCppClient: Failed to get isDeclared for com.motorola.hardware.display.panel.IDisplayPanel/default: Status(-1, EX_SECURITY): 'SELinux denied.'
03-10 20:27:24.921  3163  3231 D DisplayPanelService: Setting panel dc mode: 0
03-10 20:27:24.921  2195  2386 I SDM     : HWDeviceDRM::NullCommit: Null commit succeeded crtc=203
03-10 20:27:24.921  2090  2090 I DisplayPanel: setDcMode: DC mode = OFF
03-10 20:27:24.921  2090  2090 D DisplayPanel: setParam: Success set DC to 0 for Primary display
03-10 20:27:24.921  3163  4129 E WindowManager: Dream packageName does not match active dream. Package com.motorola.launcher3 does not match ComponentInfo{com.android.systemui/com.android.systemui.doze.DozeService}
03-10 20:27:24.921  3163  8301 E WindowManager: Dream packageName does not match active dream. Package com.google.android.inputmethod.latin does not match ComponentInfo{com.android.systemui/com.android.systemui.doze.DozeService}
03-10 20:27:24.921  3163  7474 E WindowManager: Dream packageName does not match active dream. Package io.appium.settings does not match ComponentInfo{com.android.systemui/com.android.systemui.doze.DozeService}
03-10 20:27:24.921  2582  8068 D NxpTml  : PN54X - Write requested.....
03-10 20:27:24.921  2582  8068 D NxpTml  : PN54X - Invoking I2C Write.....
03-10 20:27:24.921  3163  7414 I DreamManagerService: startDozing by com.android.systemui callingUid=10394 callingPid=5625
03-10 20:27:24.921  3163  7414 D DreamManagerService: Dream requested to start dozing: android.os.Binder@9cc2709, screenState=2, screenBrightness=-1, reason=DREAM_MANAGER_LID_SWITCH
03-10 20:27:24.922  2582  8068 I NxpNciX : len =   4 > 20090102
03-10 20:27:24.922  2582  8068 D NxpTml  : PN54X - I2C Write successful.....
03-10 20:27:24.922  2582  8068 D NxpTml  : PN54X - Posting Fresh Write message.....
03-10 20:27:24.922  2582  8068 D NxpTml  : PN54X - Tml Writer Thread Running................
03-10 20:27:24.922  5625  5625 D KeyguardViewMediator: KeyguardViewMediator queue processing message: NOTIFY_FINISHED_GOING_TO_SLEEP
03-10 20:27:24.922  2582  8070 D NxpHal  : write successful status = 0x0
03-10 20:27:24.922  3163  5853 E WindowManager: Dream packageName does not match active dream. Package com.dolby.daxservice does not match ComponentInfo{com.android.systemui/com.android.systemui.doze.DozeService}
03-10 20:27:24.922  3163  3231 D PanelsService: onAwakeStateChanged.. isAwake=true
03-10 20:27:24.922  3163  3231 D TouchHwAidlService: onAwakeStateChanged.. isAwake=true
03-10 20:27:24.922  3163  3231 D TouchHwAidlService: Unregister stow sensor
03-10 20:27:24.922  3163  6975 E WindowManager: Dream packageName does not match active dream. Package com.reddit.frontpage does not match ComponentInfo{com.android.systemui/com.android.systemui.doze.DozeService}
03-10 20:27:24.922  2582  8059 D NxpTml  : PN54X - I2C Read successful.....
03-10 20:27:24.922  2582  8059 I NxpNciR : len =   4 > 40090100
03-10 20:27:24.922  2582  8059 D NxpTml  : PN54X - Posting read message.....
03-10 20:27:24.923  2582  8070 D NxpHal  : read successful status = 0x0
03-10 20:27:24.923  2582  8059 D NxpTml  : PN54X - Read requested.....
03-10 20:27:24.923  2582  8059 D NxpTml  : PN54X - Invoking I2C Read.....
03-10 20:27:24.923  3163  6987 E WindowManager: Dream packageName does not match active dream. Package com.google.android.gsf does not match ComponentInfo{com.android.systemui/com.android.systemui.doze.DozeService}
03-10 20:27:24.923  3163  6987 E WindowManager: Dream packageName does not match active dream. Package com.google.android.gms does not match ComponentInfo{com.android.systemui/com.android.systemui.doze.DozeService}
03-10 20:27:24.924  6942  8007 D libnfc_nci: nfaDeviceManagementCallback: enter; event=0xB
03-10 20:27:24.924  6942  8007 D libnfc_nci: nfaDeviceManagementCallback: NFA_DM_SET_POWER_SUB_STATE_EVT; status=0x0
03-10 20:27:24.924  2582  8068 D NxpTml  : PN54X - Write requested.....
03-10 20:27:24.924  2582  8068 D NxpTml  : PN54X - Invoking I2C Write.....
03-10 20:27:24.924  3163  7451 W UserManagerService: Requested status bar icon for non-badged user 0
03-10 20:27:24.924  2582  8068 I NxpNciX : len =   7 > 20020401020100
03-10 20:27:24.924  5625  5962 V PowerManager: userActivity when=79355443 event=0 flags=0 displayId=1 by (com.android.systemui) callers=com.android.systemui.keyguard.KeyguardViewMediator$$ExternalSyntheticLambda0.run:63 java.util.concurrent.ThreadPoolExecutor.runWorker:1145 java.util.concurrent.ThreadPoolExecutor$Worker.run:644 
03-10 20:27:24.924  2582  8068 D NxpTml  : PN54X - I2C Write successful.....
03-10 20:27:24.924  2582  8068 D NxpTml  : PN54X - Posting Fresh Write message.....
03-10 20:27:24.924  2582  8068 D NxpTml  : PN54X - Tml Writer Thread Running................
03-10 20:27:24.924  2582  8070 D NxpHal  : write successful status = 0x0
03-10 20:27:24.925  3163  7451 W BoostOptController: not supported hint: 118
03-10 20:27:24.925  2064  2064 I sensors-hal: batch:206, com.motorola.sensor.stowed/65568, period=200000000, max_latency=0
03-10 20:27:24.925  2064  2064 I sensors-hal: set_config:61, no need to adjust sample_period_ns due to reporting_mode = 2
03-10 20:27:24.925  2064  2064 I sensors-hal: batch:215, com.motorola.sensor.stowed/65568, period=200000000, max_latency=0 request completed
03-10 20:27:24.925  3163  3231 W AlarmManager: Unrecognized alarm listener com.motorola.server.display.TouchHwAidlService$AlarmListenerImpl@de23d8f
03-10 20:27:24.926  3163  3227 D TouchHwAidlService: enableGestureStowMode stowed: false
03-10 20:27:24.926  2582  8059 D NxpTml  : PN54X - I2C Read successful.....
03-10 20:27:24.926  2582  8059 I NxpNciR : len =   5 > 4002020000
03-10 20:27:24.926  2582  8059 D NxpTml  : PN54X - Posting read message.....
03-10 20:27:24.926  2106  2106 I motorola.hardware.display.touch-service: Setting stow gesture mode to 0 for panel 1
03-10 20:27:24.926  2582  8070 D NxpHal  : read successful status = 0x0
03-10 20:27:24.926  2582  8070 D NxpHal  : phNxpNciHal_print_res_status: response status =STATUS_OK
03-10 20:27:24.926  3163  3227 D TouchHwAidlService: setStowGestureMode for cli stowed=false ret=0
03-10 20:27:24.926  2582  8059 D NxpTml  : PN54X - Read requested.....
03-10 20:27:24.926  2582  8059 D NxpTml  : PN54X - Invoking I2C Read.....
03-10 20:27:24.926  6942  8007 D libnfc_nci: nfaDeviceManagementCallback: enter; event=0x2
03-10 20:27:24.926  6942  8007 D libnfc_nci: nfaDeviceManagementCallback: NFA_DM_SET_CONFIG_EVT
03-10 20:27:24.927  3163  7479 D CoreBackPreview: Window{e1d6d9e u0 NotificationShade}: Setting back callback OnBackInvokedCallbackInfo{mCallback=android.window.IOnBackInvokedCallback$Stub$Proxy@82f1128, mPriority=0, mIsAnimationCallback=false}
03-10 20:27:24.927  3163  7402 E WindowManager: Dream packageName does not match active dream. Package com.motorola.mobiledesktop.core does not match ComponentInfo{com.android.systemui/com.android.systemui.doze.DozeService}
03-10 20:27:24.929  3163  6987 E WindowManager: Dream packageName does not match active dream. Package com.motorola.mobiledesktop.core does not match ComponentInfo{com.android.systemui/com.android.systemui.doze.DozeService}
03-10 20:27:24.929  3163  3163 I BrightnessSynchronizer: New Update: {[10018] 0.22877952(f), mUpdatedTypes=1, mConfirmedTypes=0, mTimeUpdated=0, mState=2}
03-10 20:27:24.929  3163  3163 I BrightnessSynchronizer: [10018] New Update 0.22877952(f) set brightness values:  59(i)
03-10 20:27:24.929  7545  7545 I FileStationLog: [ FS_h$a ] - [Display] Ignoring change for non-default/desktop display: 1
03-10 20:27:24.930 10834 10834 I PkDeviceHelper: PkDeviceHelper.refreshDevices():93 refreshing devices
03-10 20:27:24.931  3163  3163 I BrightnessSynchronizer: Swallowing update of 59(i) by update: {[10018] 0.22877952(f), mUpdatedTypes=1, mConfirmedTypes=1, mTimeUpdated=79355447, mState=2}
03-10 20:27:24.931  3163  3163 I BrightnessSynchronizer: Completed Update: {[10018] 0.22877952(f), mUpdatedTypes=1, mConfirmedTypes=1, mTimeUpdated=79355447, mState=3}
03-10 20:27:24.931  5625  5625 D SCliNotificationListener: onNotificationListUpdate: [com.android.systemui.statusbar.notification.collection.GroupEntry@1b26f3c]
03-10 20:27:24.932  5493  6013 W HWUI    : Surface doesn't have any previously queued frames, nothing to readback from
03-10 20:27:24.933  6978  6978 I Smart5G : [Smart5GService] receive action: android.intent.action.SCREEN_OFF
03-10 20:27:24.934  5689  5689 E DPMJ    : |SERVICE| sendScreenState state  falseand int value 0
03-10 20:27:24.940  3163  3231 W AccessibilityWindowsPopulator: The displayInfo of this displayId (0) called back from the surface fligner is null
03-10 20:27:24.944 11449 11449 I OverviewComponentObserver: updateOverviewTargets: mIsHomeDisabled=true, isDefaultHomeNull=false, mIsDefaultHome=true
03-10 20:27:24.945  3163  7402 W AccessibilityWindowsPopulator: The displayInfo of this displayId (0) called back from the surface fligner is null
03-10 20:27:24.948  5493  6013 W HWUI    : Surface doesn't have any previously queued frames, nothing to readback from
03-10 20:27:24.948  5625  5625 V DreamService[DozeService]: wakeUp(): fromSystem=true, mWaking=false, mFinished=false callers=android.service.dreams.DreamService.-$$Nest$mwakeUp:0 android.service.dreams.DreamService$DreamServiceWrapper.lambda$wakeUp$1:1794 android.service.dreams.DreamService$DreamServiceWrapper.$r8$lambda$SFP-NasoKFNaaOvKHyJqrl_aPt8:0 android.service.dreams.DreamService$DreamServiceWrapper$$ExternalSyntheticLambda3.run:0 android.os.Handler.handleCallback:1001 
03-10 20:27:24.948  5625  5625 V DreamService[DozeService]: finish(): mFinished=false activity=null callers=android.service.dreams.DreamService.onWakeUp:1197 android.service.dreams.DreamService.wakeUp:1360 android.service.dreams.DreamService.-$$Nest$mwakeUp:0 android.service.dreams.DreamService$DreamServiceWrapper.lambda$wakeUp$1:1794 android.service.dreams.DreamService$DreamServiceWrapper.$r8$lambda$SFP-NasoKFNaaOvKHyJqrl_aPt8:0 
03-10 20:27:24.949  3163  7402 I DreamManagerService: finishSelf by com.android.systemui callingUid=10394 callingPid=5625
03-10 20:27:24.949  3163  7402 D DreamManagerService: Dream finished: android.os.Binder@9cc2709, immediate=true
03-10 20:27:24.949  3163  7402 I DreamManagerService: Leaving dreamland.
03-10 20:27:24.950  3163  7402 I DreamManagerService: stopDreamLocked. callers=com.android.server.dreams.DreamManagerService.finishSelfInternal:514 com.android.server.dreams.DreamManagerService.-$$Nest$mfinishSelfInternal:0 com.android.server.dreams.DreamManagerService$BinderService.finishSelf:1092 android.service.dreams.IDreamManager$Stub.onTransact:292 android.os.Binder.execTransactInternal:1520 
03-10 20:27:24.950  5625  5625 I Channel.Remote: [de8362611079428da312381e6bb8b50c|com.motorola.personalize] Keep channel connection alive true by 4
03-10 20:27:24.950  3163  3227 I DreamController: Stopping dream: name=ComponentInfo{com.android.systemui/com.android.systemui.doze.DozeService}, isPreviewMode=false, canDoze=true, userId=0, reason='finished self'(from 'request awaken')
03-10 20:27:24.951  5625  5625 D KeyguardViewMediator: KeyguardViewMediator queue processing message: NOTIFY_STARTED_WAKING_UP
03-10 20:27:24.956  2064  2064 I sensors-hal: batch:206, com.motorola.sensor.stowed/65568, period=200000000, max_latency=0
03-10 20:27:24.956  2064  2064 I sensors-hal: set_config:61, no need to adjust sample_period_ns due to reporting_mode = 2
03-10 20:27:24.956  2064  2064 I sensors-hal: batch:215, com.motorola.sensor.stowed/65568, period=200000000, max_latency=0 request completed
03-10 20:27:24.956  3163  3231 W AccessibilityWindowsPopulator: The displayInfo of this displayId (0) called back from the surface fligner is null
03-10 20:27:24.957  5625  5962 D KeyguardViewMediator: updateActivityLockScreenState(true, false)
03-10 20:27:24.958 10834 28757 I DeviceStatusMonitor: DeviceStatusMonitor.handleBroadcast():138 onReceive() : Action = android.intent.action.SCREEN_OFF
03-10 20:27:24.958  2064  2064 I sensors-hal: activate:173, com.motorola.sensor.tap/65988 en=0
03-10 20:27:24.958 10834 28757 I DeviceStatusMonitor: DeviceStatusMonitor.updateCountryInfo():154 updateCountryInfo(), notifyAnyway = false
03-10 20:27:24.959  2061  2108 E minksocket: MinkIPC_QRTR_Service: client with node 1 port 6376 went down
03-10 20:27:24.959  2064  2064 I sensors-hal: activate:184, com.motorola.sensor.tap/65988 en=0 completed
03-10 20:27:24.959  2064 11508 I sensors-hal: handle_indication_realtime:467,  SCHED_FIFO(10) for qmi_cbk
03-10 20:27:24.959  2064 11508 E sensors-hal: handle_sns_client_event:62, mot_disprot_event: now=118800864033205 ts=118799623333944, type=16, status=3
03-10 20:27:24.959 10834 10834 I Module  : DeviceLockedStatusModuleProvider$Module.updateDeviceLockedStatus():103 repeatCheckTimes = 0, locked = false
03-10 20:27:24.959 10834 10834 I InputBundle: InputBundle.consumeEvent():1029 Skip consuming an event as imeStatus is INACTIVE
03-10 20:27:24.960  5625  5625 V DreamService[DozeService]: finish(): mFinished=true activity=null callers=com.android.systemui.doze.DozeMachine$Service$Delegate.finish:3 com.android.systemui.doze.DozeMachine$Service$Delegate.finish:3 com.android.systemui.doze.DozeMachine.transitionTo:557 com.android.systemui.doze.DozeMachine.transitionTo:659 com.android.systemui.doze.DozeMachine.requestState:10 
03-10 20:27:24.961  7545  7545 I FileStationLog: [ FileStationManager ] - screenIsOn: false, hasWindowShowed: false
03-10 20:27:24.961  7545  7545 I MotoDesktopLog: [ FileStationLog ] - broadcastMessage - cmd : 2008
03-10 20:27:24.961  2064  2064 I sensors-hal: activate:173, com.motorola.sensor.glance/65658 en=0
03-10 20:27:24.961  2064  2064 I sensors-hal: deactivate:166, deactivate glance 65548
03-10 20:27:24.962  2064  2064 I sensors-hal: activate:184, com.motorola.sensor.glance/65658 en=0 completed
03-10 20:27:24.963  2061  2108 E minksocket: MinkIPC_QRTR_Service: client with node 1 port 63ea went down
03-10 20:27:24.963  3163  5215 I MR2ServiceImpl: Updating composite discovery preference | preference: RouteDiscoveryRequest{ preferredFeatures={}, activeScan=false }, active routers: []
03-10 20:27:24.964  2064  2064 I sensors-hal: activate:173, com.motorola.sensor.ltv/65738 en=0
03-10 20:27:24.964  3163  3163 D MotoFaceProvider: Receive screen off intent
03-10 20:27:24.966  2061  2108 E minksocket: MinkIPC_QRTR_Service: client with node 1 port 63e5 went down
03-10 20:27:24.966  3163  8301 W AppOps  : Noting op not finished: uid 10240 pkg com.google.android.gms code 113 startTime of in progress event=1773188844637
03-10 20:27:24.968  2064  2064 I sensors-hal: activate:184, com.motorola.sensor.ltv/65738 en=0 completed
03-10 20:27:24.968  5993  8761 I NearbyDiscovery: (REDACTED) FastPairHandler: Received action %s
03-10 20:27:24.968  5993  8761 I NearbyDiscovery: (REDACTED) PureOffloadFastPairScanner: eventType=%s, isInternalReq=%s, isScanning=%s, isScanningAllowed=%s
03-10 20:27:24.971  5625  5625 I vol.VolumeDialogImpl: mDialog.dismiss() reason: screen_off from: com.android.systemui.volume.VolumeDialogImpl$10.onScreenOff:4 displayId: 0 mShowing: false mIsAnimatingDismiss: false
03-10 20:27:24.972  5993  8761 I NearbyDiscovery: (REDACTED) ApFastPairScanner: isScreenOn=%s, isLocationEnabled=%s, disableLocationRequirement=%s, isDiscoveryScanningEnabled=%s, during24GhzWifiWarmingUpPeriod=%s
03-10 20:27:24.973  5993  8761 D BluetoothAdapter: isLeEnabled(): ON
03-10 20:27:24.973  5993  8761 I NearbyDiscovery: (REDACTED) ApFastPairScanner: eventType=%s, intReq=%s, scanning=%s, scanAllowed=%s, bleEnabled=%s, lockScanRate=%s, startScanningByLowPowerMode=%s
03-10 20:27:24.973  5993  8761 I NearbyDiscovery: ApFastPairScanner: Skipping stop, already stopped scanning [CONTEXT service_id=265 ]
