03-13 09:26:32.938  3003  3067 V SystemKeyManager: updateFocusedWindow() is called, 
03-13 09:26:32.938  1274  2375 I sscrpcd : vendor/qcom/proprietary/adsprpc/src/apps_std_imp.c:1012: Successfully opened file /mnt/vendor/persist/sensors/registry/fstempfile
03-13 09:26:32.938  3003  3130 I DisplayPowerController[0]: Blocking screen off
03-13 09:26:32.938  3003  3130 D DisplayPowerController[0]: mWindowManagerPolicy.screenTurningOff()
03-13 09:26:32.938  3003  3067 D ActivityTaskManager: scheduleTopResumedActivityChanged, onTop=false, r=ActivityRecord{37463854 u0 com.littlecaesars/.navigation.OrderFlowActivity t498}, caller=com.android.server.wm.ActivityTaskSupervisor.scheduleTopResumedActivityStateLossIfNeeded:19 com.android.server.wm.ActivityTaskSupervisor.updateTopResumedActivityIfNeeded:20 com.android.server.wm.RootWindowContainer.onChildPositionChanged:16 com.android.server.wm.WindowContainer.positionChildAt:69 com.android.server.wm.RootWindowContainer.positionChildAt:8 com.android.server.wm.WindowManagerServiceExt.moveDisplayToTop:37 
03-13 09:26:32.938  2071  2129 I sysinput:aidl: onReportInformation:93, 1, cmd@set_fold_state,1:0
03-13 09:26:32.939  3003  3130 D DisplayPowerController[0]: animateScreenStateChange: target=OFF, mIsEnabled=true
03-13 09:26:32.939  2071  2129 I sysinput:Touch1: operator():237, OK
03-13 09:26:32.939  3003  3067 D WALLPAPER_SVC:SubDisplayMode: onDisplayFoldChanged: displayId = 0, folded = true 
03-13 09:26:32.939  3003  3067 D WALLPAPER_SVC:WallpaperManagerService: updateDisplayData 
03-13 09:26:32.939  7048  7048 D NLService: Successfully marked the removed notification identified by 32
03-13 09:26:32.939  3003  3067 E WallpaperManagerService: getHighlightFilterState : which=17, filterState=0, unsupported mode
03-13 09:26:32.939  3003  3067 D WALLPAPER_SVC:LegibilityColor: setWhiteBgSettings which: 17, userId : 0, homeBodyColor : null 
03-13 09:26:32.939  3003  3067 D WALLPAPER_SVC:LegibilityColor: Cover wallpaper, ignore SemWallpaperColors 
03-13 09:26:32.939  3003  3067 D WALLPAPER_SVC:WallpaperManagerService: notifySemColorListeners: 17, 0, 0 
03-13 09:26:32.939  3003  3067 D InputManager: onDisplayFoldChanged: folded = true
03-13 09:26:32.940  3003  4833 I ActivityManager: Changes in 10202 19 to 5, 0 to 144
03-13 09:26:32.940  3003  3661 I InputReader: Reconfiguring input devices, changes=DISPLAY_FOLD
03-13 09:26:32.940  2007  3645 I sensors-hal: qsh_conn_event_cb:890, event[0] sensor:Device Common Info  Wakeup, msg_id=1025, ts=4523495929554
03-13 09:26:32.940  2007  3645 I sensors-hal: handle_sns_client_event:65, device_common_info_event: t:3, f:0, s:1, h:1
03-13 09:26:32.941  3003  3067 D VibratorManagerService: onFoldStateChanged isFolded = true
03-13 09:26:32.938  2092 23062 W factory.ssc: vendor/qcom/proprietary/adsprpc/src/log_config.c:396:Warning: file_watcher_thread received exit for domain 0, file factory.ssc.farf
03-13 09:26:32.941  2092 23062 I factory.ssc: vendor/qcom/proprietary/adsprpc/src/log_config.c:448: file_watcher_thread exiting for domain 0
03-13 09:26:32.941  4832 16599 I HoneySpace.AppGridManager: finderWidthDp : 360.0 density : 3.0 marginDp : 10 appTrayAreaDp : 320 maxBounds : 360.0
03-13 09:26:32.941  4205  4367 D SemWallpaperColorsArea: SemWallpaperColorsArea [1080, 2640] which: 17 rotation: 0 has Base: false
03-13 09:26:32.941  4205  4367 D SemWallpaperColorsArea: SemWallpaperColorsArea which = 17, mDensity : 2.125, 1080x2640,508x1242,14,31, 9
03-13 09:26:32.941  4205  4367 I SemWallpaperColorsArea: Final area : Rect(46, 19 - 1032, 48)
03-13 09:26:32.941  4205  4367 I SemWallpaperColorsArea: Final area : Rect(376, 561 - 701, 1806)
03-13 09:26:32.941  4205  4367 I SemWallpaperColorsArea: Final area : Rect(505, 46 - 573, 214)
03-13 09:26:32.941  4205  4367 I SemWallpaperColorsArea: Final area : Rect(911, 2046 - 1028, 2341)
03-13 09:26:32.941  4205  4367 I SemWallpaperColorsArea: Final area : Rect(61, 2573 - 446, 2639)
03-13 09:26:32.941  4205  4367 I SemWallpaperColorsArea: Final area : Rect(0, 0 - 1079, 2639)
03-13 09:26:32.941  4205  4367 I KeyguardWallpaperController: set system color which = 17, opacity = 0.25
03-13 09:26:32.941  4205  4367 D SystemWallpaperColors: setColor: which = 17
03-13 09:26:32.941  4205  4367 I SystemWallpaperColors: setColor : put color for which 17, color = [version:22, which:17, adaptive dim:0.0/0, darkmode dim:0.25]
03-13 09:26:32.941  4205  4367 I SystemWallpaperColors: 	[SeedColors, [-70198]]
03-13 09:26:32.941  4205  4367 I SystemWallpaperColors: 	[STATUSBAR, Rect(31, 19 - 716, 48):1/ff000000/1.0/0.1, 0.0/0.0/0.0]
03-13 09:26:32.941  4205  4367 I SystemWallpaperColors: 	[BODY_TOP, Rect(261, 150 - 484, 490):1/ff4e4e4e/2.0004/0.30007502, 37.627117/0.23694779/0.9764706]
03-13 09:26:32.941  4205  4367 I SystemWallpaperColors: 	[BODY_MID, Rect(350, 12 - 397, 57):1/ff525252/2.0004/0.30007502, 40.8/0.19607843/1.0]
03-13 09:26:32.941  4205  4367 I SystemWallpaperColors: 	[BODY_BOTTOM, Rect(631, 556 - 711, 637):1/ff343434/3.3315673/0.54966885, 31.8/0.4784689/0.81960785]
03-13 09:26:32.941  4205  4367 I SystemWallpaperColors: 	[NAVIBAR, Rect(42, 652 - 308, 718):1/ff525252/2.0004/0.30007502, 42.352943/0.2007874/0.99607843]
03-13 09:26:32.941  4205  4367 I SystemWallpaperColors: 	[BACKGROUND, Rect(0, 0 - 748, 718):1/ff464646/2.1101708/0.32065704, 34.411766/0.28691983/0.92941177]
03-13 09:26:32.942  4205  4367 I KeyguardWallpaperController: onSemWallpaperColorsChanged: which = 17, userId = 0, colors = Rect(31, 19 - 716, 48)[1] Rect(261, 150 - 484, 490)[1] Rect(350, 12 - 397, 57)[1] Rect(631, 556 - 711, 637)[1] Rect(42, 652 - 308, 718)[1] Rect(0, 0 - 748, 718)[1] 
03-13 09:26:32.942  4832 17498 I HoneySpace.ExtraDisplaySource: ExtraDisplayInfo(rotation=0, displayId=1, displaySize=Point(748, 720), displayCutout=DisplayCutout{insets=Rect(0, 0 - 0, 66) waterfall=Insets{left=0, top=0, right=0, bottom=0} boundingRect={Bounds=[Rect(0, 0 - 0, 0), Rect(0, 0 - 0, 0), Rect(0, 0 - 0, 0), Rect(379, 654 - 748, 720)]} cutoutPathParserInfo={CutoutPathParserInfo{displayWidth=748 displayHeight=720 physicalDisplayWidth=748 physicalDisplayHeight=720 density={2.125} cutoutSpec={@bottom @right M 0,0 H -173.6470588235294 V -31.05882352941176 H 0 V 0 Z @dp} rotation={0} scale={1.0} physicalPixelDisplaySizeRatio={1.0}}} sideOverrides={}}, foldState=0)
03-13 09:26:32.942  4832 14037 I HoneySpace.ExtraDisplaySource: ExtraDisplayInfo(rotation=0, displayId=1, displaySize=Point(748, 720), displayCutout=DisplayCutout{insets=Rect(0, 0 - 0, 66) waterfall=Insets{left=0, top=0, right=0, bottom=0} boundingRect={Bounds=[Rect(0, 0 - 0, 0), Rect(0, 0 - 0, 0), Rect(0, 0 - 0, 0), Rect(379, 654 - 748, 720)]} cutoutPathParserInfo={CutoutPathParserInfo{displayWidth=748 displayHeight=720 physicalDisplayWidth=748 physicalDisplayHeight=720 density={2.125} cutoutSpec={@bottom @right M 0,0 H -173.6470588235294 V -31.05882352941176 H 0 V 0 Z @dp} rotation={0} scale={1.0} physicalPixelDisplaySizeRatio={1.0}}} sideOverrides={}}, foldState=0)
03-13 09:26:32.942  4205  4240 D SemWallpaperColorsArea: SemWallpaperColorsArea [1080, 2640] which: 17 rotation: 0 has Base: false
03-13 09:26:32.942  4205  4240 D SemWallpaperColorsArea: SemWallpaperColorsArea which = 17, mDensity : 2.125, 1080x2640,508x1242,14,31, 9
03-13 09:26:32.942  4832  4896 I HoneySpace.TopTaskSource: FoldState updated(0). updateRunningTasks
03-13 09:26:32.942  4205  4240 I SemWallpaperColorsArea: Final area : Rect(46, 19 - 1032, 48)
03-13 09:26:32.942  4205  5152 D KeyguardWallpaperColors: setSemWallpaperColors: which = 17, userId = 0, colors = Rect(31, 19 - 716, 48)[1] Rect(261, 150 - 484, 490)[1] Rect(350, 12 - 397, 57)[1] Rect(631, 556 - 711, 637)[1] Rect(42, 652 - 308, 718)[1] Rect(0, 0 - 748, 718)[1] 
03-13 09:26:32.942  4205  5152 D SemWallpaperColorsArea: SemWallpaperColorsArea [1080, 2640] which: 2 rotation: 0 has Base: false
03-13 09:26:32.942  4205  4205 D NavBarStateManager: NavBarStates(1) supportLargeCoverScreenNavBar: true
03-13 09:26:32.942  4832 14037 I HoneySpace.DeviceStateUseCase: changed: THREE_BUTTON, 144, true, false, DisplayInfo(rotation=0, displayId=0, displaySize=Point(1080, 2640), displayCutout=DisplayCutout{insets=Rect(0, 94 - 0, 0) waterfall=Insets{left=0, top=0, right=0, bottom=0} boundingRect={Bounds=[Rect(0, 0 - 0, 0), Rect(505, 0 - 576, 94), Rect(0, 0 - 0, 0), Rect(0, 0 - 0, 0)]} cutoutPathParserInfo={CutoutPathParserInfo{displayWidth=1080 displayHeight=2640 physicalDisplayWidth=1080 physicalDisplayHeight=2640 density={3.0} cutoutSpec={M 0,0 H -11.83333333333333 V 31.33333333333333 H 11.83333333333333 V 0 H 0 Z @dp} rotation={0} scale={1.0} physicalPixelDisplaySizeRatio={1.0}}} sideOverrides={}}, isNavCanMove=true, isTablet=false), ExtraDisplayInfo(rotation=0, displayId=1, displaySize=Point(748, 720), displayCutout=DisplayCutout{insets=Rect(0, 0 - 0, 66) waterfall=Insets{left=0, top=0, right=0, bottom=0} boundingRect={Bounds=[Rect(0, 0 - 0, 0), Rect(0, 0 - 0, 0), Rect(0, 0 - 0, 0), Rect(379, 654 - 748, 720)]} cutoutPathParserInfo={CutoutPathParserInfo{displayWidth=748 displayHeight=720 physicalDisplayWidth=748 physicalDisplayHeight=720 density={2.125} cutoutSpec={@bottom @right M 0,0 H -173.6470588235294 V -31.05882352941176 H 0 V 0 Z @dp} rotation={0} scale={1.0} physicalPixelDisplaySizeRatio={1.0}}} sideOverrides={}}, foldState=0), false
03-13 09:26:32.942  4205  5152 D SemWallpaperColorsArea: SemWallpaperColorsArea which = 2, mDensity : 3.0, 1080x2640,360x880,31,48, 6
03-13 09:26:32.942  4205  5152 I SemWallpaperColorsArea: Final area : Rect(72, 18 - 1008, 93)
03-13 09:26:32.942  4205  5152 I SemWallpaperColorsArea: Final area : Rect(120, 528 - 960, 837)
03-13 09:26:32.942  4205  5152 I SemWallpaperColorsArea: Final area : Rect(120, 1389 - 960, 1449)
03-13 09:26:32.942  4205  5152 I SemWallpaperColorsArea: Final area : Rect(120, 1533 - 960, 2061)
03-13 09:26:32.942  4205  5152 I SemWallpaperColorsArea: Final area : Rect(120, 2361 - 960, 2547)
03-13 09:26:32.942  4205  5152 I SemWallpaperColorsArea: Final area : Rect(0, 0 - 1080, 2640)
03-13 09:26:32.942  4205  5152 D WallpaperEventNotifier: notifyUpdate: [ | | | STATUSBAR BODY_TOP BODY_MID BODY_BOTTOM NAVIBAR BACKGROUND | SHADOW ], isCover = true, colors = Rect(31, 19 - 716, 48)[1] Rect(261, 150 - 484, 490)[1] Rect(350, 12 - 397, 57)[1] Rect(631, 556 - 711, 637)[1] Rect(42, 652 - 308, 718)[1] Rect(0, 0 - 748, 718)[1] 
03-13 09:26:32.942  4832  7615 I HoneySpace.NotificationListener: onNotificationRemoved android: -1|android|32|null|1000: 0
03-13 09:26:32.943  3003  3994 D SysinputHAL_AIDL: setProperty(TSP(1)): CMD, set_fold_state,1 ret=0
03-13 09:26:32.943  4205  4205 D LayoutProviderContainerImpl: getCoverDisplayContext, cover display=Display id 1: DisplayInfo{"Built-in Screen", displayId 1, displayGroupId 0, FLAG_SECURE, FLAG_SUPPORTS_PROTECTED_BUFFERS, FLAG_PRESENTATION, FLAG_CAN_SHOW_WITH_INSECURE_KEYGUARD, FLAG_SHOULD_SHOW_SYSTEM_DECORATIONS, FLAG_TRUSTED, FLAG_ALLOWS_CONTENT_MODE_SWITCH, real 748 x 720, largest app 748 x 748, smallest app 654 x 654, appVsyncOff 16666666, presDeadline 17666666, mode 8, renderFrameRate 60.000004, hasArrSupport false, frameRateCategoryRate FrameRateCategoryRate {normal=60.0, high=90.0}, supportedRefreshRates [60.000004], defaultMode 8, REFRESH_RATE_MODE_SEAMLESS, userPreferredModeId -1, supportedModes [{id=8, width=748, height=720, fps=60.000004, vsync=60.000004, synthetic=false, alternativeRefreshRates=[], supportedHdrTypes=[2, 3, 4]}], appsSupportedModes [{id=8, width=748, height=720, fps=60.000004, vsync=60.000004, synthetic=false, alternativeRefreshRates=[], supportedHdrTypes=[2, 3, 4]}], hdrCapabilities HdrCapabilities{mSupportedHdrTypes=[2, 3, 4], mMaxLuminance=450.0, mMaxAverageLuminance=225.00024, mMinLuminance=5.0E-4}, isForceSdr false, userDisabledHdrTypes [], minimalPostProcessingSupported false, rotation 0, state OFF, committedState OFF}, DisplayMetrics{density=2.125, width=748, height=654, scaledDensity=2.125, xdpi=306.438, ydpi=309.966}, isValid=true
03-13 09:26:32.943  4205  7420 I KeyguardService: onScreenTurningOff
03-13 09:26:32.943  4205  4205 D Navbar.Store: --updateLayoutProvider() layoutProviderContainer = com.android.systemui.navigationbar.layout.LayoutProviderContainerImpl@1dbf89d
03-13 09:26:32.943  4205  4205 D NavBarStateManager: NavBarStates(1) supportLargeCoverScreenNavBar: true
03-13 09:26:32.943  4205 24741 D S.S.N.  : needToShowWritingAssistFTU(): isFirstEntering = 0, writingAssistSetting = true
03-13 09:26:32.943  3003  4082 D HdrSolution_HdrDisplayNitMapper: updataTargetNit--------------mLightSensorData: -1.0, scaleRatio: 200.0, target: 1.0->200
03-13 09:26:32.944  4205  4205 D LayoutProviderContainerImpl: getCoverDisplayContext, cover display=Display id 1: DisplayInfo{"Built-in Screen", displayId 1, displayGroupId 0, FLAG_SECURE, FLAG_SUPPORTS_PROTECTED_BUFFERS, FLAG_PRESENTATION, FLAG_CAN_SHOW_WITH_INSECURE_KEYGUARD, FLAG_SHOULD_SHOW_SYSTEM_DECORATIONS, FLAG_TRUSTED, FLAG_ALLOWS_CONTENT_MODE_SWITCH, real 748 x 720, largest app 748 x 748, smallest app 654 x 654, appVsyncOff 16666666, presDeadline 17666666, mode 8, renderFrameRate 60.000004, hasArrSupport false, frameRateCategoryRate FrameRateCategoryRate {normal=60.0, high=90.0}, supportedRefreshRates [60.000004], defaultMode 8, REFRESH_RATE_MODE_SEAMLESS, userPreferredModeId -1, supportedModes [{id=8, width=748, height=720, fps=60.000004, vsync=60.000004, synthetic=false, alternativeRefreshRates=[], supportedHdrTypes=[2, 3, 4]}], appsSupportedModes [{id=8, width=748, height=720, fps=60.000004, vsync=60.000004, synthetic=false, alternativeRefreshRates=[], supportedHdrTypes=[2, 3, 4]}], hdrCapabilities HdrCapabilities{mSupportedHdrTypes=[2, 3, 4], mMaxLuminance=450.0, mMaxAverageLuminance=225.00024, mMinLuminance=5.0E-4}, isForceSdr false, userDisabledHdrTypes [], minimalPostProcessingSupported false, rotation 0, state OFF, committedState OFF}, DisplayMetrics{density=2.125, width=748, height=654, scaledDensity=2.125, xdpi=306.438, ydpi=309.966}, isValid=true
03-13 09:26:32.944  4205  4240 I SemWallpaperColorsArea: Final area : Rect(376, 561 - 701, 1806)
03-13 09:26:32.944  4205  4240 I SemWallpaperColorsArea: Final area : Rect(505, 46 - 573, 214)
03-13 09:26:32.944  4205  4240 I SemWallpaperColorsArea: Final area : Rect(911, 2046 - 1028, 2341)
03-13 09:26:32.944  4205  4240 I SemWallpaperColorsArea: Final area : Rect(61, 2573 - 446, 2639)
03-13 09:26:32.944  4205  4240 I SemWallpaperColorsArea: Final area : Rect(0, 0 - 1079, 2639)
03-13 09:26:32.944  4205  4240 D WallpaperManager: onSemWallpaperColorsChanged [version:22, which:17, adaptive dim:0.0/0, darkmode dim:0.25]
03-13 09:26:32.944  4205  4240 D WallpaperManager: 	[SeedColors, [-70198]]
03-13 09:26:32.944  4205  4240 D WallpaperManager: 	[STATUSBAR, Rect(31, 19 - 716, 48):1/ff000000/1.0/0.1, 0.0/0.0/0.0]
03-13 09:26:32.944  4205  4240 D WallpaperManager: 	[BODY_TOP, Rect(261, 150 - 484, 490):1/ff4e4e4e/2.0004/0.30007502, 37.627117/0.23694779/0.9764706]
03-13 09:26:32.944  4205  4240 D WallpaperManager: 	[BODY_MID, Rect(350, 12 - 397, 57):1/ff525252/2.0004/0.30007502, 40.8/0.19607843/1.0]
03-13 09:26:32.944  4205  4240 D WallpaperManager: 	[BODY_BOTTOM, Rect(631, 556 - 711, 637):1/ff343434/3.3315673/0.54966885, 31.8/0.4784689/0.81960785]
03-13 09:26:32.944  4205  4240 D WallpaperManager: 	[NAVIBAR, Rect(42, 652 - 308, 718):1/ff525252/2.0004/0.30007502, 42.352943/0.2007874/0.99607843]
03-13 09:26:32.944  4205  4240 D WallpaperManager: 	[BACKGROUND, Rect(0, 0 - 748, 718):1/ff464646/2.1101708/0.32065704, 34.411766/0.28691983/0.92941177], which=17
03-13 09:26:32.944  4205  4205 D Navbar.Store: --updateLayoutProvider() layoutProviderContainer = com.android.systemui.navigationbar.layout.LayoutProviderContainerImpl@1dbf89d
03-13 09:26:32.944  4205  4205 D NavBarStateManager: NavBarStates(1) supportLargeCoverScreenNavBar: true
03-13 09:26:32.944  4205  4205 D LayoutProviderContainerImpl: getCoverDisplayContext, cover display=Display id 1: DisplayInfo{"Built-in Screen", displayId 1, displayGroupId 0, FLAG_SECURE, FLAG_SUPPORTS_PROTECTED_BUFFERS, FLAG_PRESENTATION, FLAG_CAN_SHOW_WITH_INSECURE_KEYGUARD, FLAG_SHOULD_SHOW_SYSTEM_DECORATIONS, FLAG_TRUSTED, FLAG_ALLOWS_CONTENT_MODE_SWITCH, real 748 x 720, largest app 748 x 748, smallest app 654 x 654, appVsyncOff 16666666, presDeadline 17666666, mode 8, renderFrameRate 60.000004, hasArrSupport false, frameRateCategoryRate FrameRateCategoryRate {normal=60.0, high=90.0}, supportedRefreshRates [60.000004], defaultMode 8, REFRESH_RATE_MODE_SEAMLESS, userPreferredModeId -1, supportedModes [{id=8, width=748, height=720, fps=60.000004, vsync=60.000004, synthetic=false, alternativeRefreshRates=[], supportedHdrTypes=[2, 3, 4]}], appsSupportedModes [{id=8, width=748, height=720, fps=60.000004, vsync=60.000004, synthetic=false, alternativeRefreshRates=[], supportedHdrTypes=[2, 3, 4]}], hdrCapabilities HdrCapabilities{mSupportedHdrTypes=[2, 3, 4], mMaxLuminance=450.0, mMaxAverageLuminance=225.00024, mMinLuminance=5.0E-4}, isForceSdr false, userDisabledHdrTypes [], minimalPostProcessingSupported false, rotation 0, state OFF, committedState OFF}, DisplayMetrics{density=2.125, width=748, height=654, scaledDensity=2.125, xdpi=306.438, ydpi=309.966}, isValid=true
03-13 09:26:32.944 19717 19717 I HBD     : DeX h DeX mode state change in non-main thread 
03-13 09:26:32.944 19717 19717 I HBD     : DeX h DeX mode state change: 3 
03-13 09:26:32.944  2105  2836 I VSyncReactor: Current= 120, Period= 120, Distance= 120
03-13 09:26:32.944  3003  3064 I NotificationManager: android: notify(32, null, Notification(channel=UsbDevNoti shortcut=null contentView=null vibrate=null sound=null tick defaults=0 flags=ONGOING_EVENT color=0x00000000 vis=PUBLIC semFlags=0x0 semPriority=0 semMissedCount=0)) as user
03-13 09:26:32.944  3003  4040 I SemTwtInfo: Init. traff. update for resumption check
03-13 09:26:32.945  2105  2105 I SurfaceFlinger: RequestedLayer [ColorFade_d0#42212] hidden!! flag  from(1) --> to(0)
03-13 09:26:32.945  2075  2075 E SecVibrator-HAL-AIDL-EXT: V_5_0: setFolderStatus1
03-13 09:26:32.945  2075  2075 E SecVibrator-HAL-AIDL-EXT: V_5_0: FOLDER_CLOSE
03-13 09:26:32.945  2075  2075 E SecVibrator-HAL-AIDL-EXT:  length : 13
03-13 09:26:32.945  2075  2075 E SecVibrator-HAL-AIDL-EXT: V_5_0: ret : 13
03-13 09:26:32.945  2075  2075 E SecVibrator-HAL-AIDL-EXT: V_5_0: setFolderStatus end
03-13 09:26:32.945  3003  3067 D VibratorManagerService: onTableModeChanged. isTableMode=false
03-13 09:26:32.945  3003  3067 W system_server: PointerController instance was released with pending callbacks.  events=0x1
03-13 09:26:32.945  3003  3915 D PocketModeEvent: LID state : 1
03-13 09:26:32.945  3003  3067 D PowerManagerService: [api] goToSleep (uid: 1000 pid: 3003) eventTime = 59677012
03-13 09:26:32.945  3003  3951 D GnssLocationProvider_ex: onLidStateChanged 1
03-13 09:26:32.945  3003  3951 D GnssLocationProvider_ex: sendLidState 3
03-13 09:26:32.946  2007  2007 I sensors-hal: activate:300, com.samsung.sensor.pocket_mode/1692 en=0
03-13 09:26:32.946  2007  2007 I sensors-hal: send_sync_sensor_request:508, send sync request
03-13 09:26:32.946  2007  2007 I sensors-hal: send_sync_sensor_request:518, send_sync_sensor_request before send_request for pocket_mode with SUID low=11039279336981156932 high=1340270623893619472
03-13 09:26:32.946  2007  2007 I sensors-hal: send_sync_sensor_request:537, wait for notification of response
03-13 09:26:32.946  5490  5568 I LidStateListener_FLP: onLidStateChanged, whenNanos=59676980216000, lidState=1
03-13 09:26:32.946  3003  4002 D BackgroundInstallControlService: Package event received: 0
03-13 09:26:32.946  2007  3645 I sensors-hal: qsh_conn_resp_cb:930, resp_value = 0 for pocket_mode 
03-13 09:26:32.947  2105  2105 D SurfaceFlinger: Display 4630946564756762243 HWC layers:
03-13 09:26:32.947  2105  2105 D SurfaceFlinger:   SOLID_COLOR |                        0 | 00000000 | N/A          |    0.0    0.0    0.0    0.0 |    0    0 1080 2640 | ColorFade_d0#42212 (0)
03-13 09:26:32.947  2105  2105 D SurfaceFlinger: 
03-13 09:26:32.947  2007  2007 I sensors-hal: send_sync_sensor_request:543, takes 1 ms to receive the response with 0
03-13 09:26:32.947  2007  2007 I sensors-hal: activate:330, com.samsung.sensor.pocket_mode/1692 en=0 completed
03-13 09:26:32.947  4205  4205 D NavigationModeController: getCurrentInteractionMode: mode=0 contextUser=0
03-13 09:26:32.947  4205  4205 D Navbar.Store: handleEvent(1) GetInflateLayoutID(vertical=false) [Module] SamsungNavigationBarInflaterView
03-13 09:26:32.947  4205  4205 D Navbar.Store: --[Band]STABLE_LAYOUT_PACK_GET_INFLATE_LAYOUT_ID
03-13 09:26:32.947  4205  4205 D NavBarStateManager: NavBarStates(1) getLayoutID(vertical: false): 2131559285
03-13 09:26:32.947  4205  4205 D Navbar.Store: handleEvent(1) value= 2131559285
03-13 09:26:32.947  4205  4205 D Navbar.Store: handleEvent(1) GetInflateLayoutID(vertical=true) [Module] SamsungNavigationBarInflaterView
03-13 09:26:32.947  4205  4205 D Navbar.Store: --[Band]STABLE_LAYOUT_PACK_GET_INFLATE_LAYOUT_ID
03-13 09:26:32.947  4205  4205 D NavBarStateManager: NavBarStates(1) getLayoutID(vertical: true): 2131559287
03-13 09:26:32.947  4205  4205 D Navbar.Store: handleEvent(1) value= 2131559287
03-13 09:26:32.948  3003  3951 D GnssLocationProvider_ex: gnssConfigurationUpdateSec
03-13 09:26:32.948  3003  3067 W PowerManagerService: !@Screen__Off(d) - 417 :  goToSleep:  (uid: 1000 pid: 3003) (device_folded) groupId=0
03-13 09:26:32.948  3003  3067 D PowerManagerService: need to skip , ignore 416 th OFF profiler 
03-13 09:26:32.948  3003  3915 D SensorManager: unregisterListener :: com.samsung.android.gesture.PocketProximityManager$2@728726e
03-13 09:26:32.948  3003  3915 E PocketProximityManager: unregister pocket sensor
03-13 09:26:32.948  3003  3064 W PermissionService: getPermissionFlags: Unknown user -1
03-13 09:26:32.948  3003  3064 W PermissionService: getPermissionFlags: Unknown user -1
03-13 09:26:32.948  3003  3067 I PowerGroup: Powering off display group due to device_folded (groupId= 0, uid= 1000, millisSinceLastUserActivity=22, lastUserActivityEvent=deviceState)...
03-13 09:26:32.948  3003  3067 D InputManager-JNI: setInteractiveForInternalDisplay(false)
03-13 09:26:32.948  3003  3067 D InputManager-JNI: setInteractive(false)
03-13 09:26:32.948  2005  2035 I qmi_secgps_clnt: SECGPS: AGNSS Config Message
03-13 09:26:32.948  3003  3067 I PowerManagerService: Going to sleep due to device_folded (uid 1000, screenOffTimeout=600000, activityTimeoutWM=-1, maxDimRatio=0.333, maxDimDur=20000)...
03-13 09:26:32.948  3003  3067 D PowerManagerService: displayReady: false groupId=0
03-13 09:26:32.948  3003  3067 D PowerManagerService: Setting HAL interactive mode to false
03-13 09:26:32.948  3003  3003 I PhoneWindowManager: Started going to sleep... (groupId=0 why=OFF_BECAUSE_OF_FOLD)
03-13 09:26:32.948  4205  4240 I KeyguardService: onStartedGoingToSleep pmSleepReason=13
03-13 09:26:32.949  3003  3681 V InputMethodManagerService: IME window vis: 0 active: 0 visible: 0 displayId: 0
03-13 09:26:32.949  3003  3681 D InputMethodManagerService: isImeSwitcherDisabledPackage : false
03-13 09:26:32.949  3003  3681 W InputMethodManagerService: callbackImeWindowStatus: skipped topFocusedDisplayId=1, curTokenDisplayId=0
03-13 09:26:32.949  3003  3681 V InputMethodManagerService: applyImeVisibility state=4
03-13 09:26:32.949  3003  3064 D UsbDeviceManager: notifyAsUser: id=0 title=USB for charging phone
03-13 09:26:32.949  3003  3681 I SurfaceComposerClient: captureLayers:childrenOnly:1, sync:1
03-13 09:26:32.949  2005  2035 D qmi_secgps_clnt: SECGPS: send a qmi message to secgps_server OK
03-13 09:26:32.950  2007  2007 I sensors-hal: set_config:64, no need to adjust sample_period_ns due to reporting_mode = 2
03-13 09:26:32.950  2007  2007 I sensors-hal: batch:363, com.samsung.sensor.pocket_mode/1692, period=200000000, max_latency=0 request completed
03-13 09:26:32.950  4205  4240 D FactoryTest: checkAutomationTestOption() : option=0
03-13 09:26:32.950  4205  4240 D FactoryTest: checkAutomationTestOption() : mode_screenlock=0
03-13 09:26:32.950  4205  4205 D Navbar.Store: handleEvent(1) GetDefaultLayout(noArguments=true) [Module] SamsungNavigationBarInflaterView
03-13 09:26:32.950  4205  4205 D Navbar.Store: --[Band]STABLE_LAYOUT_PACK_GET_DEFAULT_LAYOUT
03-13 09:26:32.950  4205  4205 D NavBarStateManager: NavBarStates(1) getDefaultLayout: space,home,gap,back,space;;
03-13 09:26:32.950  4205  4205 D Navbar.Store: handleEvent(1) value= space,home,gap,back,space;;
03-13 09:26:32.951  4205  4205 D Navbar.Store: handleEvent(1) GetInflateButtonWidth(buttonSpec=space, landscape=false) [Module] SamsungNavigationBarInflaterView
03-13 09:26:32.951  4205  4205 D Navbar.Store: --[Band]STABLE_LAYOUT_PACK_INFLATE_NAVBAR
03-13 09:26:32.951  4205  4205 D NavBarStateManager: NavBarStates(1) getSpaceWidth(land: false): 64
03-13 09:26:32.951  4205  4205 D Navbar.Store: handleEvent(1) value= 64
03-13 09:26:32.951  3003  3003 I ActivityManager: Changes in 10139 5 to 6, 255 to 239
03-13 09:26:32.951  2007  2007 I sensors-hal: activate:300, com.samsung.sensor.pocket_mode/1692 en=1
03-13 09:26:32.951  2007  2007 I sensors-hal: acquire_qsh_interface:139, acquire_qsh_interface with sensor_id 4 , conn_type 1 
03-13 09:26:32.951  2007  2007 I sensors-hal: acquire_qsh_interface:142, returning _shared_instance[SHARED_ON_CHANGE_WAKEUP].conn - wakeup 
03-13 09:26:32.951  2007  2007 I sensors-hal: acquire_shared_instance:173, re-use existing connection for type 1 
03-13 09:26:32.951  2007  2007 I sensors-hal: register_cb:304, suid(low=11039279336981156932,high=1340270623893619472) is new. register callbacks
03-13 09:26:32.951  2007  2007 I sensors-hal: send_sensor_config_request:645, dt=pocket_mode: convert sample_period=200000000 to batch_period=200000
03-13 09:26:32.951  2007  2007 I sensors-hal: send_sync_sensor_request:508, send sync request
03-13 09:26:32.951  2007  2007 I sensors-hal: send_sync_sensor_request:518, send_sync_sensor_request before send_request for pocket_mode with SUID low=11039279336981156932 high=1340270623893619472
03-13 09:26:32.951  2007  2007 I sensors-hal: send_sync_sensor_request:537, wait for notification of response
03-13 09:26:32.951  3003  3130 D DisplayPowerController[0]: animateScreenStateChange: target=OFF, mIsEnabled=true
03-13 09:26:32.951  3003  3130 I DisplayPowerController[0]: BrightnessEvent: brt=0.18823528 (68.0%), nits= 57.913, lux=15.0, reason=automatic, strat=AutomaticBrightnessStrategy, state=ON, stateReason=DEFAULT_POLICY, policy=OFF, flags=, initBrt=0.18823528, rcmdBrt=0.18823528, preBrt=NaN, preLux=NaN, wasShortTermModelActive=false, autoBrightness=true (default), unclampedBrt=0.18823528, hbmMax=1.0, hbmMode=off, thrmMax=1.0, rbcStrength=-1, powerFactor=1.0, physDisp=Built-in Screen(local:4630946564756762243), logicalId=0, slowChange=false, rampSpeed=0.0
03-13 09:26:32.951  2053  2053 W QC2Interface: [hvcD_774] Failed to query parameters
03-13 09:26:32.951  3003  3130 D DisplayPowerController[1]: animateScreenStateChange: target=OFF, mIsEnabled=false
03-13 09:26:32.951  2053  2053 I vendor.qti.media.c2@1.0-service: StrictValueWithNoDeps is called old.v.value is 2141391876 me.v.value is 0
03-13 09:26:32.951  2053  2053 I vendor.qti.media.c2@1.0-service: [FRC-IsFilteringEnabled] entry
03-13 09:26:32.951  3003  3130 I DisplayPowerController[1]: BrightnessEvent: brt=0.0 (0.0%), nits= 1.0, lux=-1.0, reason=screen_off, strat=ScreenOffBrightnessStrategy, state=OFF, stateReason=DEFAULT_POLICY, policy=OFF, flags=, initBrt=0.0, rcmdBrt=NaN, preBrt=NaN, preLux=0.0, wasShortTermModelActive=false, autoBrightness=true (default), unclampedBrt=0.0, hbmMax=1.0, hbmMode=off, thrmMax=1.0, rbcStrength=-1, powerFactor=1.0, physDisp=Built-in Screen(local:4630946638498144900), logicalId=1, slowChange=false, rampSpeed=0.0
03-13 09:26:32.951  2053  2053 I vendor.qti.media.c2@1.0-service: [FRC-IsFilteringEnabled] frcReqInfo.value is 0
03-13 09:26:32.952  4205  4205 D Navbar.Store: handleEvent(1) GetInflateButtonWidth(buttonSpec=home, landscape=false) [Module] SamsungNavigationBarInflaterView
03-13 09:26:32.952  4205  4205 D Navbar.Store: --[Band]STABLE_LAYOUT_PACK_INFLATE_NAVBAR
03-13 09:26:32.952  4205  4205 D NavBarStateManager: NavBarStates(1) getButtonWidth(land: false): 102
03-13 09:26:32.952  4360 23063 I CCodec  : [c2.qti.hevc.decoder] config->initialize() : 0
03-13 09:26:32.952  4205  4205 D Navbar.Store: handleEvent(1) value= 102
03-13 09:26:32.952  2053  2053 W QC2Interface: [hvcD_774] Failed to query parameters
03-13 09:26:32.952  4360 23063 I CCodecConfig: query failed after returning 18 values (BAD_INDEX)
03-13 09:26:32.952  4205  4205 D Navbar.Store: handleEvent(1) GetInflateButtonWidth(buttonSpec=gap, landscape=false) [Module] SamsungNavigationBarInflaterView
03-13 09:26:32.952  4205  4205 D Navbar.Store: --[Band]STABLE_LAYOUT_PACK_INFLATE_NAVBAR
03-13 09:26:32.952  4205  4205 D NavBarStateManager: NavBarStates(1) getButtonDistanceSize(land: false): 17
03-13 09:26:32.952  4205  4205 D Navbar.Store: handleEvent(1) value= 17
03-13 09:26:32.952  3003  3740 W qdgralloc: getInterlacedFlag: getMetaData returned 3, defaulting to interlaced_flag = 0
03-13 09:26:32.952  4205  4205 D Navbar.Store: handleEvent(1) GetInflateButtonWidth(buttonSpec=back, landscape=false) [Module] SamsungNavigationBarInflaterView
03-13 09:26:32.952  4360 23063 W ColorUtils: expected specified color aspects (0:0:0:0)
03-13 09:26:32.952  4360 23063 I CCodec  : [c2.qti.hevc.decoder] config->queryConfiguration()
03-13 09:26:32.952  4360 23063 I CCodec  : [c2.qti.hevc.decoder] mCallback->onComponentAllocated() IN
03-13 09:26:32.952  4205  4205 D Navbar.Store: --[Band]STABLE_LAYOUT_PACK_INFLATE_NAVBAR
03-13 09:26:32.952  4205  4205 D NavBarStateManager: NavBarStates(1) getButtonWidth(land: false): 102
03-13 09:26:32.952  4205  4205 D Navbar.Store: handleEvent(1) value= 102
03-13 09:26:32.952  4360 23063 I CCodec  : [c2.qti.hevc.decoder] mCallback->onComponentAllocated() OUT
03-13 09:26:32.952  4205  4205 D Navbar.Store: handleEvent(1) GetInflateButtonWidth(buttonSpec=space, landscape=false) [Module] SamsungNavigationBarInflaterView
03-13 09:26:32.952  4205  4205 D Navbar.Store: --[Band]STABLE_LAYOUT_PACK_INFLATE_NAVBAR
03-13 09:26:32.952  4205  4205 D NavBarStateManager: NavBarStates(1) getSpaceWidth(land: false): 64
03-13 09:26:32.952  4205  4205 D Navbar.Store: handleEvent(1) value= 64
03-13 09:26:32.952  4205  4205 D Navbar.Store: handleEvent(1) GetInflateButtonWidth(buttonSpec=space, landscape=true) [Module] SamsungNavigationBarInflaterView
03-13 09:26:32.952  4205  4205 D Navbar.Store: --[Band]STABLE_LAYOUT_PACK_INFLATE_NAVBAR
03-13 09:26:32.952  4205  4205 D NavBarStateManager: NavBarStates(1) getSpaceWidth(land: true): 64
03-13 09:26:32.952  4205  4205 D Navbar.Store: handleEvent(1) value= 64
03-13 09:26:32.953  2007  3645 I sensors-hal: qsh_conn_resp_cb:930, resp_value = 0 for pocket_mode 
03-13 09:26:32.953  4205  4205 D Navbar.Store: handleEvent(1) GetInflateButtonWidth(buttonSpec=home, landscape=true) [Module] SamsungNavigationBarInflaterView
03-13 09:26:32.953  4205  4205 D Navbar.Store: --[Band]STABLE_LAYOUT_PACK_INFLATE_NAVBAR
03-13 09:26:32.953  4205  4205 D NavBarStateManager: NavBarStates(1) getButtonWidth(land: true): 102
03-13 09:26:32.953  4205  4205 D Navbar.Store: handleEvent(1) value= 102
03-13 09:26:32.953  2007  2007 I sensors-hal: send_sync_sensor_request:543, takes 1 ms to receive the response with 0
03-13 09:26:32.953  2007  2007 I sensors-hal: activate:330, com.samsung.sensor.pocket_mode/1692 en=1 completed
03-13 09:26:32.953  4205  4205 D Navbar.Store: handleEvent(1) GetInflateButtonWidth(buttonSpec=gap, landscape=true) [Module] SamsungNavigationBarInflaterView
03-13 09:26:32.953  4205  4205 D Navbar.Store: --[Band]STABLE_LAYOUT_PACK_INFLATE_NAVBAR
03-13 09:26:32.953 19717 23067 I HBD     : a InputMethodSubtype is set as local:en_US 
03-13 09:26:32.953  4205  4205 D NavBarStateManager: NavBarStates(1) getButtonDistanceSize(land: true): 17
03-13 09:26:32.953  4205  4205 D Navbar.Store: handleEvent(1) value= 17
03-13 09:26:32.953  2007  3645 I sensors-hal: qsh_conn_event_cb:890, event[0] sensor:Light seamless  Wakeup, msg_id=1025, ts=4523496175122
03-13 09:26:32.953  4205  4205 D Navbar.Store: handleEvent(1) GetInflateButtonWidth(buttonSpec=back, landscape=true) [Module] SamsungNavigationBarInflaterView
03-13 09:26:32.953  4205  4205 D Navbar.Store: --[Band]STABLE_LAYOUT_PACK_INFLATE_NAVBAR
03-13 09:26:32.953  2007  3645 I sensors-hal: handle_sns_client_event:46, light_seamless ts=235593518755955 ns, 3,0,2147483647, M:0,0, S:0,0
03-13 09:26:32.953  4205  4205 D NavBarStateManager: NavBarStates(1) getButtonWidth(land: true): 102
03-13 09:26:32.953  4205  4205 D Navbar.Store: handleEvent(1) value= 102
03-13 09:26:32.953  4205  4205 D Navbar.Store: handleEvent(1) GetInflateButtonWidth(buttonSpec=space, landscape=true) [Module] SamsungNavigationBarInflaterView
03-13 09:26:32.953  4205  4205 D Navbar.Store: --[Band]STABLE_LAYOUT_PACK_INFLATE_NAVBAR
03-13 09:26:32.953  4205  4205 D NavBarStateManager: NavBarStates(1) getSpaceWidth(land: true): 64
03-13 09:26:32.953  4205  4205 D Navbar.Store: handleEvent(1) value= 64
03-13 09:26:32.953  4205  4205 D Navbar.Store: handleEvent(1) GetInflateButtonWidth(buttonSpec=space, landscape=false) [Module] SamsungNavigationBarInflaterView
03-13 09:26:32.953  4205  4205 D Navbar.Store: --[Band]STABLE_LAYOUT_PACK_INFLATE_NAVBAR
03-13 09:26:32.953  4205  4205 D NavBarStateManager: NavBarStates(1) getSpaceWidth(land: false): 64
03-13 09:26:32.954  3003  4002 D BackgroundInstallControlService: Package event received: 0
03-13 09:26:32.954  3003  4002 D BackgroundInstallControlService: Package event received: 0
03-13 09:26:32.954  4205  4205 D Navbar.Store: handleEvent(1) value= 64
03-13 09:26:32.954  4205  4205 D Navbar.Store: handleEvent(1) GetInflateButtonWidth(buttonSpec=left_remote_view, landscape=false) [Module] SamsungNavigationBarInflaterView
03-13 09:26:32.954  4205  4205 D Navbar.Store: --[Band]STABLE_LAYOUT_PACK_INFLATE_NAVBAR
03-13 09:26:32.954  4205  4205 D NavBarStateManager: NavBarStates(1) getButtonWidth(land: false): 102
03-13 09:26:32.954  4205  4205 D Navbar.Store: handleEvent(1) value= 102
03-13 09:26:32.954  4205  4205 D Navbar.Store: handleEvent(1) GetInflateButtonWidth(buttonSpec=gap, landscape=false) [Module] SamsungNavigationBarInflaterView
03-13 09:26:32.954  4205  4205 D Navbar.Store: --[Band]STABLE_LAYOUT_PACK_INFLATE_NAVBAR
03-13 09:26:32.954  4205  4205 D NavBarStateManager: NavBarStates(1) getButtonDistanceSize(land: false): 17
03-13 09:26:32.954  4205  4205 D Navbar.Store: handleEvent(1) value= 17
03-13 09:26:32.955  2105  2858 D SurfaceFlinger: [input] setFocusedWindow: <null>
03-13 09:26:32.955  4205  4205 D Navbar.Store: handleEvent(1) GetInflateButtonWidth(buttonSpec=right_remote_view, landscape=false) [Module] SamsungNavigationBarInflaterView
03-13 09:26:32.955  4205  4205 D Navbar.Store: --[Band]STABLE_LAYOUT_PACK_INFLATE_NAVBAR
03-13 09:26:32.955  4205  4205 D NavBarStateManager: NavBarStates(1) getButtonWidth(land: false): 102
03-13 09:26:32.955  4205  4205 D Navbar.Store: handleEvent(1) value= 102
03-13 09:26:32.955  3003  4866 D InputDispatcher: Once focus requested (0): <null>
03-13 09:26:32.955  3003  4866 D InputDispatcher: Focus request (0): <null> but waiting because NO_WINDOW
03-13 09:26:32.955  3003  4866 D InputDispatcher: Focus left window (0): 65fe578 com.littlecaesars/com.littlecaesars.navigation.OrderFlowActivity
03-13 09:26:32.956  4205  4387 D KeyguardTransitionRepository: (Internal) Setting current transition info: TransitionInfo(ownerName=FromGoneTransitionInteractor(Sleep transition triggered), from=GONE, to=DOZING, animated)
03-13 09:26:32.956 22331 22331 I ImeFocusController: onPreWindowFocus: skipped hasWindowFocus=false mHasImeFocus=true
03-13 09:26:32.956  2092  2092 I factory.ssc: vendor/qcom/proprietary/adsprpc/src/mod_table.c:792: open_mod_table_close: closed reverse module apps_std with handle 0xc17f4dd8
03-13 09:26:32.956  4205  4205 D Navbar.Store: handleEvent(1) GetInflateButtonWidth(buttonSpec=space, landscape=false) [Module] SamsungNavigationBarInflaterView
03-13 09:26:32.956  4205  4205 D Navbar.Store: --[Band]STABLE_LAYOUT_PACK_INFLATE_NAVBAR
03-13 09:26:32.956  4205  4205 D NavBarStateManager: NavBarStates(1) getSpaceWidth(land: false): 64
03-13 09:26:32.956  4205  4205 D Navbar.Store: handleEvent(1) value= 64
03-13 09:26:32.956  4205  4205 D Navbar.Store: handleEvent(1) GetInflateButtonWidth(buttonSpec=space, landscape=true) [Module] SamsungNavigationBarInflaterView
03-13 09:26:32.956  4205  4205 D Navbar.Store: --[Band]STABLE_LAYOUT_PACK_INFLATE_NAVBAR
03-13 09:26:32.956  2105  2836 I SurfaceFlinger: Capture layer list: 	 InputMethod$_15873#42210(seamlessTransition:0)
03-13 09:26:32.956  4205  4205 D NavBarStateManager: NavBarStates(1) getSpaceWidth(land: true): 64
03-13 09:26:32.956  4205  4205 D Navbar.Store: handleEvent(1) value= 64
03-13 09:26:32.956  4205  4205 D Navbar.Store: handleEvent(1) GetInflateButtonWidth(buttonSpec=left_remote_view, landscape=false) [Module] SamsungNavigationBarInflaterView
03-13 09:26:32.956  4205  4205 D Navbar.Store: --[Band]STABLE_LAYOUT_PACK_INFLATE_NAVBAR
03-13 09:26:32.956  4205  4205 D NavBarStateManager: NavBarStates(1) getButtonWidth(land: false): 102
03-13 09:26:32.956  4205  4205 D Navbar.Store: handleEvent(1) value= 102
03-13 09:26:32.957  4205  4205 D Navbar.Store: handleEvent(1) GetInflateButtonWidth(buttonSpec=gap, landscape=true) [Module] SamsungNavigationBarInflaterView
03-13 09:26:32.957  4205  4205 D Navbar.Store: --[Band]STABLE_LAYOUT_PACK_INFLATE_NAVBAR
03-13 09:26:32.957  4205  4205 D NavBarStateManager: NavBarStates(1) getButtonDistanceSize(land: true): 17
03-13 09:26:32.957  4205  4205 D Navbar.Store: handleEvent(1) value= 17
03-13 09:26:32.957 22331 22331 I ImeFocusController: onPostWindowFocus: skipped hasWindowFocus=false mHasImeFocus=true
03-13 09:26:32.957  4205  4205 D Navbar.Store: handleEvent(1) GetInflateButtonWidth(buttonSpec=right_remote_view, landscape=false) [Module] SamsungNavigationBarInflaterView
03-13 09:26:32.957  4205  4205 D Navbar.Store: --[Band]STABLE_LAYOUT_PACK_INFLATE_NAVBAR
03-13 09:26:32.957  2092  2092 I factory.ssc: vendor/qcom/proprietary/adsprpc/src/fastrpc_apps_user.c:3408: close_device_node: closed dev 16 on domain 0
03-13 09:26:32.957  2092  2092 I factory.ssc: vendor/qcom/proprietary/adsprpc/src/fastrpc_apps_user.c:3237: domain_deinit: closed device 16 on domain 0 (kill time 672 us)
03-13 09:26:32.957  4205  4205 D NavBarStateManager: NavBarStates(1) getButtonWidth(land: false): 102
03-13 09:26:32.957  2092  2092 I factory.ssc: vendor/qcom/proprietary/adsprpc/src/fastrpc_apps_user.c:1758: remote_handle64_close: closed handle 0xb400006d90c31bd0 remote handle 0x0, num of open handles: 0
03-13 09:26:32.957  4205  4205 D Navbar.Store: handleEvent(1) value= 102
03-13 09:26:32.957  2092  2092 I SSC_DAEMON: handleSensorTestReqMsg:85, Sensor type :15, Msg type:15
03-13 09:26:32.957  2105  2342 D RenderEngine: [SEC_SF_EFFECTS] drawLayersInternal,1483, Rendering layer ScreenCaptureFillLayer at index 0
03-13 09:26:32.957  2105  2342 D RenderEngine: [SEC_SF_EFFECTS] drawLayersInternal,1483, Rendering layer InputMethod$_15873#42210 at index 1
03-13 09:26:32.957  2092  2092 I SSC_DAEMON: physicalSensorTestReqMsg:130, s:15, m:15
03-13 09:26:32.957  4205  4205 D Navbar.Store: handleEvent(1) GetInflateButtonWidth(buttonSpec=space, landscape=true) [Module] SamsungNavigationBarInflaterView
03-13 09:26:32.957  4205  4205 D Navbar.Store: --[Band]STABLE_LAYOUT_PACK_INFLATE_NAVBAR
03-13 09:26:32.957  4205  4205 D NavBarStateManager: NavBarStates(1) getSpaceWidth(land: true): 64
03-13 09:26:32.957  4205  4205 D Navbar.Store: handleEvent(1) value= 64
03-13 09:26:32.957  4205  4205 D Navbar.Store: handleEvent(1) GetNavBarSidePadding(landscape=false) [Module] SamsungNavigationBarInflaterView
03-13 09:26:32.957  4205  4205 D Navbar.Store: --[Band]STABLE_LAYOUT_PACK_INFLATE_NAVBAR_SIDE_PADDING
03-13 09:26:32.957  4205  4205 D NavBarStateManager: NavBarStates(1) getNavBarSidePadding: 0
03-13 09:26:32.957  4205  4205 D Navbar.Store: handleEvent(1) value= 0
03-13 09:26:32.957  4205  4205 D Navbar.Store: handleEvent(1) GetNavBarSidePadding(landscape=true) [Module] SamsungNavigationBarInflaterView
03-13 09:26:32.957  4205  4205 D Navbar.Store: --[Band]STABLE_LAYOUT_PACK_INFLATE_NAVBAR_SIDE_PADDING
03-13 09:26:32.957  4205  4205 D NavBarStateManager: NavBarStates(1) getNavBarSidePadding: 0
03-13 09:26:32.957  4205  4205 D Navbar.Store: handleEvent(1) value= 0
03-13 09:26:32.957  4205  4205 D Navbar.Store: handleEvent(1) GetNavBarSidePadding(landscape=false) [Module] SamsungNavigationBarInflaterView
03-13 09:26:32.957  4205  4205 D Navbar.Store: --[Band]STABLE_LAYOUT_PACK_INFLATE_NAVBAR_SIDE_PADDING
03-13 09:26:32.957  4205  4205 D NavBarStateManager: NavBarStates(1) getNavBarSidePadding: 0
03-13 09:26:32.957  4205  4205 D Navbar.Store: handleEvent(1) value= 0
03-13 09:26:32.957  4205  4205 D Navbar.Store: handleEvent(1) GetNavBarSidePadding(landscape=true) [Module] SamsungNavigationBarInflaterView
03-13 09:26:32.957  4205  4205 D Navbar.Store: --[Band]STABLE_LAYOUT_PACK_INFLATE_NAVBAR_SIDE_PADDING
03-13 09:26:32.957  4205  4205 D NavBarStateManager: NavBarStates(1) getNavBarSidePadding: 0
03-13 09:26:32.957  4205  4205 D Navbar.Store: handleEvent(1) value= 0
03-13 09:26:32.957  3003  3915 D SensorManager: registerListener :: 1692, Pocket mode  Wakeup, 200000, 0, com.samsung.android.gesture.PocketProximityManager$2@728726e
03-13 09:26:32.957  1274  2375 I sscrpcd : vendor/qcom/proprietary/adsprpc/src/apps_std_imp.c:1012: Successfully opened file /mnt/vendor/persist/sensors/registry/fstempfile
03-13 09:26:32.957  3003  3915 E PocketProximityManager: register pocket sensor
03-13 09:26:32.957  3003  3915 D PocketModeEvent: MSG_TYPE_REGISTER_POCKET_POSITION_SENSOR
03-13 09:26:32.958  4360  4360 I SprWallpaper|VideoPlayer: configure
03-13 09:26:32.958  4360 23059 I MediaCodec: MediaCodec will operate in async mode
03-13 09:26:32.959  4360  4360 E MediaCodec: Media Quality Service not found.
03-13 09:26:32.959  4360 23059 I MediaCodec: [c2.qti.hevc.decoder] setting surface generation to 4464845
03-13 09:26:32.960  2007  2007 I sensors-hal: set_config:64, no need to adjust sample_period_ns due to reporting_mode = 2
03-13 09:26:32.960  2007  2007 I sensors-hal: batch:363, com.samsung.sensor.pocket_pos_mode/2622, period=200000000, max_latency=0 request completed
03-13 09:26:32.960  2007  2007 I sensors-hal: activate:300, com.samsung.sensor.pocket_pos_mode/2622 en=1
03-13 09:26:32.960  2007  2007 I sensors-hal: acquire_qsh_interface:139, acquire_qsh_interface with sensor_id 3 , conn_type 1 
03-13 09:26:32.960  2007  2007 I sensors-hal: acquire_qsh_interface:142, returning _shared_instance[SHARED_ON_CHANGE_WAKEUP].conn - wakeup 
03-13 09:26:32.960  2105  2922 I SurfaceFlinger: id=42213 createSurf, flag=44004, IME-snapshot-surface#42213
03-13 09:26:32.960  2007  2007 I sensors-hal: acquire_shared_instance:173, re-use existing connection for type 1 
03-13 09:26:32.960  2007  2007 I sensors-hal: register_cb:304, suid(low=4779840344920564001,high=1320970896291267344) is new. register callbacks
03-13 09:26:32.960  2007  2007 I sensors-hal: send_sensor_config_request:645, dt=pocket_pos_mode: convert sample_period=200000000 to batch_period=200000
03-13 09:26:32.960  2007  2007 I sensors-hal: send_sync_sensor_request:508, send sync request
03-13 09:26:32.960  2007  2007 I sensors-hal: send_sync_sensor_request:518, send_sync_sensor_request before send_request for pocket_pos_mode with SUID low=4779840344920564001 high=1320970896291267344
03-13 09:26:32.960  2007  2007 I sensors-hal: send_sync_sensor_request:537, wait for notification of response
03-13 09:26:32.960  4360 23063 I CCodec  : appPid(4360) width(1080) height(2640)
03-13 09:26:32.960  2007  3645 I sensors-hal: qsh_conn_resp_cb:930, resp_value = 0 for pocket_pos_mode 
03-13 09:26:32.961  2105  2105 I SurfaceFlinger: [IME-snapshot-surface#42213] attach to parent LayerHierarchy{RequestedLayerState{ActivityRecord{37463854 u0 com.littlecaesars/.navigation.OrderFlowActivity t498}#42182 parentId=42123 z=1} 4 children}
03-13 09:26:32.961  3003  3067 D RestrictionPolicy: isScreenCaptureEnabled : ret=true userId=0
03-13 09:26:32.961  3003  3067 D RestrictionPolicy: isScreenCaptureEnabled : ret=true userId=0
03-13 09:26:32.961  2007  2007 I sensors-hal: send_sync_sensor_request:543, takes 0 ms to receive the response with 0
03-13 09:26:32.961  2007  2007 I sensors-hal: activate:330, com.samsung.sensor.pocket_pos_mode/2622 en=1 completed
03-13 09:26:32.961  3003  3067 D ScreenCapture: [Capture_TEST] : setIsScreenShotBySystem true
03-13 09:26:32.961  2053  2053 W QC2Interface: [hvcD_774] Failed to query parameters
03-13 09:26:32.961  3003  3067 I SurfaceComposerClient: captureLayers:childrenOnly:1, sync:1
03-13 09:26:32.961  2053  2053 I vendor.qti.media.c2@1.0-service: StrictValueWithNoDeps is called old.v.value is 2141391876 me.v.value is 0
03-13 09:26:32.961  2053  2053 I vendor.qti.media.c2@1.0-service: [FRC-IsFilteringEnabled] entry
03-13 09:26:32.961  2053  2053 I vendor.qti.media.c2@1.0-service: [FRC-IsFilteringEnabled] frcReqInfo.value is 0
03-13 09:26:32.961  3003  3915 D SensorManager: registerListener :: 2622, Pocket Position Mode  Wakeup, 200000, 0, com.samsung.android.gesture.PocketSensitivityManager$1@a3d091f
03-13 09:26:32.961  3003  3915 E PocketSensitivityManager: register pocket position sensor
03-13 09:26:32.962  2053  2053 W QC2Interface: [hvcD_774] Failed to query parameters
03-13 09:26:32.962  4360 23063 W Codec2Client: query -- param skipped: index = 1107298332.
03-13 09:26:32.962  4360 23063 W CCodec  : This behavior is subject to change. It is recommended that app developers double check whether the requested max input size is in reasonable range.
03-13 09:26:32.962  2053  2053 W QC2Interface: [hvcD_774] Failed to query parameters
03-13 09:26:32.962  4360 23063 I CCodecConfig: query failed after returning 18 values (BAD_INDEX)
03-13 09:26:32.962  2053  2053 W QC2Interface: [hvcD_774] Failed to query parameters
03-13 09:26:32.962  4360 23063 E .wallpaper.live: Failed to query component interface for required system resources: 6
03-13 09:26:32.962  4360  4360 I SprWallpaper|VideoPlayer: start: state[1] after prepare
03-13 09:26:32.962  6103  6103 W ContextImpl: Calling a method in the system process without a qualified user: android.app.ContextImpl.startService:2068 android.content.ContextWrapper.startService:872 android.content.ContextWrapper.startService:872 com.sec.android.diagmonagent.sa.receiver.CFLogReceiver.onReceive:56 android.app.ActivityThread.handleReceiver:5663 
03-13 09:26:32.963  2092  3859 I SSC_DAEMON: virtualOpticFlipStateEvent:29, fstate: 1
03-13 09:26:32.963 19717 23066 I HBD     : h writeToFile complete 
03-13 09:26:32.963  3003  4833 D SehCodecSolutionService: updateMediaStatisticsData: (action=1@1986621044;category=2@1986621044;label=1936222261@1986621044)
03-13 09:26:32.963  3003  4833 D CodecSolution_MediaStatisticsData: MediaStatisticsData: action=1@1986621044;category=2@1986621044;label=1936222261@1986621044
03-13 09:26:32.963  3003  4833 D CodecSolution_MediaStatisticsData: Category.valueOf: 2
03-13 09:26:32.963  3003  4833 D CodecSolution_MediaStatisticsData: Action.valueOf: 1
03-13 09:26:32.963  3003  4833 D CodecSolution_MediaStatisticsData: Label.valueOf: 0x73686835
03-13 09:26:32.963  3003  4833 D CodecSolution_MediaStatisticsData: category: VDEC
03-13 09:26:32.963  3003  4833 D CodecSolution_MediaStatisticsData: action: INSTANTIATE
03-13 09:26:32.963  3003  4833 D CodecSolution_MediaStatisticsData: label: SEC_HW_H265
03-13 09:26:32.963  4360 23059 I CCodec  : [c2.qti.hevc.decoder] state->set(STARTING)
03-13 09:26:32.964  2053  2053 I vendor.qti.media.c2@1.0-service: [FRC-IsFilteringEnabled] entry
03-13 09:26:32.964  2053  2053 I vendor.qti.media.c2@1.0-service: [FRC-IsFilteringEnabled] frcReqInfo.value is 0
03-13 09:26:32.964  2105  2921 I SurfaceFlinger: Capture layer list: 	 com.littlecaesars/com.littlecaesars.navigation.OrderFlowActivity$_22331#42189(seamlessTransition:0)
03-13 09:26:32.964  2105  2921 I SurfaceFlinger: Capture layer list: 	 InputMethod$_15873#42210(seamlessTransition:0)
03-13 09:26:32.964  2053  2053 I QC2Comp : [hvcD_774] CPU perf resource value pair found: [1082130688, 4095, ]
03-13 09:26:32.964  2053  2053 I QC2Registry: Build pipelined codec for session
03-13 09:26:32.964  2053  2053 I QC2Registry: Getting stages for pipelined codec
03-13 09:26:32.964  2105  2342 D RenderEngine: [SEC_SF_EFFECTS] drawLayersInternal,1483, Rendering layer ScreenCaptureFillLayer at index 0
03-13 09:26:32.964  2105  2342 D RenderEngine: [SEC_SF_EFFECTS] drawLayersInternal,1483, Rendering layer com.littlecaesars/com.littlecaesars.navigation.OrderFlowActivity$_22331#42189 at index 1
03-13 09:26:32.964  2053  2053 I QC2Registry: Requested codec is pipelined. Create codec list
03-13 09:26:32.964  2053  2053 I QC2Registry: GetEnabledFilters for c2.qti.hevc.decoder
03-13 09:26:32.964  2053  2053 I QC2Registry: Pipeline Index = a0009102
03-13 09:26:32.964  2053  2053 I QC2Registry: Filter sec2.imageformat.filter can't be pipelined
03-13 09:26:32.964  2053  2053 I QC2Registry: Pipeline Index = a000a103
03-13 09:26:32.964  2053  2053 I QC2Registry: Filter c2.qti.filter.imagetransform can't be pipelined
03-13 09:26:32.964  2053  2053 I QC2Registry: Created 0 filters for pipelined codec c2.qti.hevc.decoder
03-13 09:26:32.964  2053  2053 E QC2Comp : [hvcD_774] configureIntf failed 95
03-13 09:26:32.965  2105  2342 D RenderEngine: [SEC_SF_EFFECTS] drawLayersInternal,1483, Rendering layer InputMethod$_15873#42210 at index 2
