03-13 09:25:11.570 20916 20916 D ConnectivityManager: StackLog: [android.net.ConnectivityManager.unregisterNetworkCallback(ConnectivityManager.java:5579)] [m7.g.onInactive(ConnectivityHelper.kt:16)] [androidx.lifecycle.LiveData.changeActiveCounter(LiveData.java:43)] [androidx.lifecycle.LiveData$ObserverWrapper.activeStateChanged(LiveData.java:15)] [androidx.lifecycle.LiveData$LifecycleBoundObserver.onStateChanged(LiveData.java:30)] [androidx.lifecycle.LifecycleRegistry$ObserverWithState.dispatchEvent(LifecycleRegistry.jvm.kt:25)] [androidx.lifecycle.LifecycleRegistry.backwardPass(LifecycleRegistry.jvm.kt:86)] [androidx.lifecycle.LifecycleRegistry.sync(LifecycleRegistry.jvm.kt:47)] [androidx.lifecycle.LifecycleRegistry.moveToState(LifecycleRegistry.jvm.kt:33)] [androidx.lifecycle.LifecycleRegistry.handleLifecycleEvent(LifecycleRegistry.jvm.kt:15)] [androidx.lifecycle.ReportFragment$Companion.dispatch$lifecycle_runtime_release(ReportFragment.android.kt:41)] [androidx.lifecycle.ReportFragment$LifecycleCallbacks.onActivityPreStopped(ReportFragment.android.kt:10)] [android.app.Activity.dispatchActivityPreStopped(Activity.java:1740)] [android.app.Activity.performStop(Activity.java:9789)] [android.app.ActivityThread.callActivityOnStop(ActivityThread.java:6744)] [android.app.ActivityThread.performStopActivityInner(ActivityThread.java:6718)] [android.app.ActivityThread.handleStopActivity(ActivityThread.java:6788)] [android.app.servertransaction.StopActivityItem.execute(StopActivityItem.java:43)] [android.app.servertransaction.ActivityTransactionItem.execute(ActivityTransactionItem.java:63)] [android.app.servertransaction.TransactionExecutor.executeLifecycleItem(TransactionExecutor.java:169)] [android.app.servertransaction.TransactionExecutor.executeTransactionItems(TransactionExecutor.java:101)] [android.app.servertransaction.TransactionExecutor.execute(TransactionExecutor.java:80)] [android.app.ActivityThread$H.handleMessage(ActivityThread.java:3150)]
03-13 09:25:11.570  2007  2007 I sensors-hal: send_sync_sensor_request:543, takes 0 ms to receive the response with 0
03-13 09:25:11.570  2007  2007 I sensors-hal: activate:330, com.samsung.sensor.pocket_pos_mode/2622 en=1 completed
03-13 09:25:11.570  3003  3915 D SensorManager: registerListener :: 2622, Pocket Position Mode  Wakeup, 200000, 0, com.samsung.android.gesture.PocketSensitivityManager$1@a3d091f
03-13 09:25:11.570 20916 20916 I VRI[OrderFlowActivity]@811f324: stopped(true) old = false
03-13 09:25:11.571 20916 20916 D VRI[OrderFlowActivity]@811f324: WindowStopped on com.littlecaesars/com.littlecaesars.navigation.OrderFlowActivity set to true
03-13 09:25:11.570 27562 27562 D BoundBrokerSvc: onBind: Intent { act=com.google.android.gms.measurement.START xflg=0x4 pkg=com.google.android.gms }
03-13 09:25:11.571 27562 27562 D BoundBrokerSvc: Loading bound service for intent: Intent { act=com.google.android.gms.measurement.START xflg=0x4 pkg=com.google.android.gms }
03-13 09:25:11.571  3003  3915 E PocketSensitivityManager: register pocket position sensor
03-13 09:25:11.571  2007  2007 I sensors-hal: set_config:64, no need to adjust sample_period_ns due to reporting_mode = 2
03-13 09:25:11.571  2007  2007 I sensors-hal: create_sensor_config_request:85, auto_rotation: type 2
03-13 09:25:11.571  2007  2007 I sensors-hal: send_sensor_config_request:645, dt=auto_rotation: convert sample_period=200000000 to batch_period=200000
03-13 09:25:11.571  2007  2007 I sensors-hal: send_sync_sensor_request:508, send sync request
03-13 09:25:11.571  2007  2007 I sensors-hal: send_sync_sensor_request:518, send_sync_sensor_request before send_request for auto_rotation with SUID low=8603657889541918976 high=1320970896291267344
03-13 09:25:11.571  2007  2007 I sensors-hal: send_sync_sensor_request:537, wait for notification of response
03-13 09:25:11.571  2007 12669 I sensors-hal: qsh_conn_resp_cb:930, resp_value = 0 for auto_rotation 
03-13 09:25:11.572  2007  2007 I sensors-hal: send_sync_sensor_request:543, takes 0 ms to receive the response with 0
03-13 09:25:11.572  2007  2007 I sensors-hal: batch:363, android.sensor.device_orientation/271, period=200000000, max_latency=0 request completed
03-13 09:25:11.573  2007  2007 I sensors-hal: activate:300, com.samsung.sensor.device_common_info/2132 en=0
03-13 09:25:11.573  2007  2007 I sensors-hal: send_sync_sensor_request:508, send sync request
03-13 09:25:11.573  2007  2007 I sensors-hal: send_sync_sensor_request:518, send_sync_sensor_request before send_request for device_common_info with SUID low=3766530206566995508 high=1320970896291267344
03-13 09:25:11.573  2007  2007 I sensors-hal: send_sync_sensor_request:537, wait for notification of response
03-13 09:25:11.573  2007  3645 I sensors-hal: qsh_conn_resp_cb:930, resp_value = 0 for device_common_info 
03-13 09:25:11.573  2007  2007 I sensors-hal: send_sync_sensor_request:543, takes 0 ms to receive the response with 0
03-13 09:25:11.573  2007  2007 I sensors-hal: activate:330, com.samsung.sensor.device_common_info/2132 en=0 completed
03-13 09:25:11.573  2053 13496 I QC2V4l2Codec: [v4lhvcD_768] KPI_L1: init: ms=10
03-13 09:25:11.573  2007  2007 I sensors-hal: activate:300, com.samsung.sensor.auto_brightness/1651 en=0
03-13 09:25:11.574  2007  2007 I sensors-hal: enable_flicker_als:213, [SSC_LIGHT] flicker_als disable
03-13 09:25:11.574  2007  2007 I sensors-hal: send_sync_sensor_request:508, send sync request
03-13 09:25:11.574  2007  2007 I sensors-hal: send_sync_sensor_request:518, send_sync_sensor_request before send_request for auto_brightness with SUID low=2816411781185423377 high=5518030540294228002
03-13 09:25:11.574  2007  2007 I sensors-hal: send_sync_sensor_request:537, wait for notification of response
03-13 09:25:11.574  2053 21667 E QC2V4l2Codec: [v4lhvcD_768]  ? is not a supported pixel format!
03-13 09:25:11.574  2007 20346 I sensors-hal: qsh_conn_resp_cb:930, resp_value = 0 for auto_brightness 
03-13 09:25:11.574  2007  2007 I sensors-hal: send_sync_sensor_request:543, takes 0 ms to receive the response with 0
03-13 09:25:11.574  2007  2007 I sensors-hal: ~worker:65, worker(0xb400007a0f4d9370) send sig to tid= 20344
03-13 09:25:11.574  2007  2007 I sensors-hal: ~worker:74, worker(0xb400007a0f4d9370) is destroyed, remaining task = 0, tid= 20344
03-13 09:25:11.574  2007  2007 I sensors-hal: ~qsh_qmi:58, ~qsh_qmi
03-13 09:25:11.574  2007  2007 I sensors-hal: deactivate:274, [SSC_LIGHT] auto_brightness deactivate!
03-13 09:25:11.574  2007  2007 I sensors-hal: activate:330, com.samsung.sensor.auto_brightness/1651 en=0 completed
03-13 09:25:11.575  3003  3065 D SensorManager: unregisterListener :: com.android.server.wm.WindowOrientationListener$OrientationSensorJudge@783320e
03-13 09:25:11.575  3003  3130 D SensorManager: unregisterListener :: com.android.server.display.AutomaticBrightnessController$3@1ff6ff3
03-13 09:25:11.575  3003  3130 D AutomaticBrightnessController: setProximitySensorEnabled::unregisterListener
03-13 09:25:11.575  2007  2007 I SensorsGrip: TouchLight::enable: 0 1
03-13 09:25:11.576  2452  7951 I CameraService: onUidStateChanged: uid=10053, procState is changed. (0 -> 1)
03-13 09:25:11.576  2105  2105 I SurfaceFlinger: RequestedLayer [com.littlecaesars/com.littlecaesars.navigation.OrderFlowActivity$_20916#42056] hidden!! flag  from(0) --> to(1)
03-13 09:25:11.576  2105  2105 I SurfaceFlinger: RequestedLayer [ActivityRecord{145771044 u0 com.litt[...]gation.OrderFlowActivity t497}#42049] hidden!! flag  from(0) --> to(1)
03-13 09:25:11.576  2105  2105 I SurfaceFlinger: RequestedLayer [Task=497#41990] hidden!! flag  from(0) --> to(1)
03-13 09:25:11.576  2105  2105 I SurfaceFlinger: RequestedLayer [InputMethod$_15873#42077] hidden!! flag  from(1) --> to(0)
03-13 09:25:11.576  2105  2105 I SurfaceFlinger: [LayerHierarchy{RequestedLayerState{IME-snapshot-surface#42080 z=1} no children}] reparent to OffscreenRoot
03-13 09:25:11.576  2105  2105 I SurfaceFlinger: [LayerHierarchy{RequestedLayerState{IME-snapshot-surface#42080 z=1} no children}] RelativeParent to null
03-13 09:25:11.576  5915  5959 V OsAgent : broadcastSystemEvent - 7
03-13 09:25:11.576  5915  5959 V OsAgent : broadcastSystemEvent - 7
03-13 09:25:11.576  3003  3130 D SensorManager: unregisterListener :: com.android.server.display.AutomaticBrightnessController$3@ce52465
03-13 09:25:11.577  3003  3064 D HintManagerService: Sent cleanup message for uid 10446
03-13 09:25:11.577  2105  2105 I SurfaceFlinger: id=42080 Removed IME-snapshot-surface#42080 (178)
03-13 09:25:11.578  3003  3130 I DisplayBrightnessStrategySelector: Changing the DisplayBrightnessStrategy from AutomaticBrightnessStrategy to ScreenOffBrightnessStrategy for display 0
03-13 09:25:11.578  3003  3130 W DisplayPowerController[0]: Animating brightness: target=0(0.00), rate=0.000, rateAtHbm=0.000, reason=screen_off[0]
03-13 09:25:11.578  2022  2124 I HYPER-HAL: [RequestManager.cpp]acquire(): Acquired ID : 135290999  [2025 / 14423]    HINT :      list : [TID_LOW_LATENCY / 0] [TID / 21032] [TID / 21033] [TID / 20916] [TID / 20992] 
03-13 09:25:11.578  2022  2124 I HYPER-HAL: [RequestManager.cpp]acquire(): Acquired ID : 135389714  [2025 / 14429]    HINT :      list : [TID_LOW_LATENCY / 0] [TID / 21032] [TID / 21033] [TID / 20916] [TID / 20992] 
03-13 09:25:11.579  3003  3130 D DisplayPowerController[0]: saveBrightnessInfo: brt:0.227451 adjBrt:0.0 min:0.0 max:1.0 hbm:0 tp:1.0 throttler:0 isAnimating:false
03-13 09:25:11.579  3003  3130 V DisplayPowerController[0]: Brightness [0.0] reason changing to: 'screen_off', previous reason: 'automatic'.
03-13 09:25:11.579  3003  3130 I DisplayPowerController[0]: BrightnessEvent: brt=0.0 (0.0%), nits= 1.0, lux=-1.0, reason=screen_off, strat=ScreenOffBrightnessStrategy, state=OFF, stateReason=DEFAULT_POLICY, policy=OFF, flags=, initBrt=0.227451, rcmdBrt=NaN, preBrt=NaN, preLux=0.0, wasShortTermModelActive=false, autoBrightness=true (default), unclampedBrt=0.0, hbmMax=1.0, hbmMode=off, thrmMax=1.0, rbcStrength=-1, powerFactor=1.0, physDisp=Built-in Screen(local:4630946564756762243), logicalId=0, slowChange=false, rampSpeed=0.0
03-13 09:25:11.579  4205  4205 E EdgeBackGestureHandler: No resource found for gesture-blocking activities
03-13 09:25:11.579  3003  4082 D DisplayManagerService: !@display_state requestDisplayStateInternal: ON -> OFF displayId=0
03-13 09:25:11.579  3003  4082 D SemInputDeviceManagerService: setDisplayState[1] EARLY: ON(2) -> OFF(1)
03-13 09:25:11.580  3003  3994 D SemInputDevice:TSP: ActivateTask: 1,0 [03-13 09:25:11.579]
03-13 09:25:11.580  3003  4082 D LocalDisplayAdapter: notifyStateChangeStart: com.samsung.android.hardware.secinputdev.external.DisplayStateListenerWrapper$1@444e177 took 1 ms
03-13 09:25:11.580  3003  3067 I DisplayDeviceRepository: Display device changed state: "Built-in Screen", OFF
03-13 09:25:11.580  3003  4082 D LocalDisplayAdapter: notifyStateChangeStart: com.android.server.biometrics.SemBiometricDisplayStateMonitor@e8de626 took 0 ms
03-13 09:25:11.580  3003  4082 D LocalDisplayAdapter: notifyStateChangeStart: com.android.server.display.mode.RefreshRateModeManager$1@d4f0f0f took 0 ms
03-13 09:25:11.580  3003  4082 D LocalDisplayAdapter: surface lcd : 0(-1.000), 0(-1.000), main +
03-13 09:25:11.580  1985  2158 I minksocket: MinkIPC MESSAGE: ( 1985:2158 ) MinkIPC_QRTR_Service:351 minkipc = 0xb400006d4d3f6550 sock = 13, client with node 1 port 568b went down
03-13 09:25:11.580  3003  3067 I LogicalDisplayMapper: Set isInTransition on display 0: false
03-13 09:25:11.580  3003  3067 I LogicalDisplayMapper: Set isInTransition on display 1: false
03-13 09:25:11.580  3003  3067 I LogicalDisplayMapper: Applying layout: [{dispId: 0(OFF), displayGroupName: , addr: {port=131, model=0x40446d5d66246e}, mThermalBrightnessThrottlingMapId: null, mRefreshRateZoneId: null, mLeadDisplayId: -1, mLeadDisplayAddress: null, mThermalRefreshRateThrottlingMapId: null, mPowerThrottlingMapId: null}, {dispId: 1(ON), displayGroupName: , addr: {port=132, model=0x40446d6e9178a2}, mThermalBrightnessThrottlingMapId: null, mRefreshRateZoneId: null, mLeadDisplayId: -1, mLeadDisplayAddress: null, mThermalRefreshRateThrottlingMapId: null, mPowerThrottlingMapId: null}], Previous layout: [{dispId: 0(ON), displayGroupName: , addr: {port=131, model=0x40446d5d66246e}, mThermalBrightnessThrottlingMapId: null, mRefreshRateZoneId: null, mLeadDisplayId: -1, mLeadDisplayAddress: null, mThermalRefreshRateThrottlingMapId: null, mPowerThrottlingMapId: null}, {dispId: 1(OFF), displayGroupName: , addr: {port=132, model=0x40446d6e9178a2}, mThermalBrightnessThrottlingMapId: null, mRefreshRateZoneId: null, mLeadDisplayId: -1, mLeadDisplayAddress: null, mThermalRefreshRateThrottlingMapId: null, mPowerThrottlingMapId: null}]
03-13 09:25:11.580  1985  2180 I minksocket: MinkIPC MESSAGE: ( 1985:2180 ) MinkIPC_QRTR_Service:351 minkipc = 0xb400006d4d3f7730 sock = 33, client with node 1 port 568b went down
03-13 09:25:11.580  3003  3067 D LogicalDisplayMapper: applyLayoutLocked[0], oldDisplay=0, newDisplay=0, displayLayout={dispId: 0(OFF), displayGroupName: , addr: {port=131, model=0x40446d5d66246e}, mThermalBrightnessThrottlingMapId: null, mRefreshRateZoneId: null, mLeadDisplayId: -1, mLeadDisplayAddress: null, mThermalRefreshRateThrottlingMapId: null, mPowerThrottlingMapId: null}
03-13 09:25:11.580  3003  3067 I LogicalDisplayMapper: SetEnabled on display 0: false
03-13 09:25:11.580  3003  3067 D LogicalDisplayMapper: applyLayoutLocked[1], oldDisplay=1, newDisplay=1, displayLayout={dispId: 1(ON), displayGroupName: , addr: {port=132, model=0x40446d6e9178a2}, mThermalBrightnessThrottlingMapId: null, mRefreshRateZoneId: null, mLeadDisplayId: -1, mLeadDisplayAddress: null, mThermalRefreshRateThrottlingMapId: null, mPowerThrottlingMapId: null}
03-13 09:25:11.580  3003  3067 I LogicalDisplayMapper: SetEnabled on display 1: true
03-13 09:25:11.580  3003  3067 D DisplayManager.PersistentDataStore: saveToXml remembered active display fit status value:false
03-13 09:25:11.580  3003  3678 D SemInputMotionEventDispatcher: unregisterMotionEventListener: com.samsung.android.hardware.secinputdev.taas.ExternalApi$5@7af94ab
03-13 09:25:11.580  3003  3678 D InputTransport: Input channel destroyed: '[Gestur', fd=1217
03-13 09:25:11.580  3003  3678 I SemInputMotionEventDispatcher: unregisterInputEventReceiver: dispose InputEventReceiver
03-13 09:25:11.580  2105  2105 I SurfaceFlinger: setDisplayBrightness(4630946564756762243): displayBrightness: -1.000000, displayBrightnessNits: 1.000000, sdrWhitePointNits: 1.000000 , dimmingRatio: 1.000000
03-13 09:25:11.580  4205  4205 D NavigationModeController: getCurrentInteractionMode: mode=0 contextUser=0
03-13 09:25:11.580  3003  3678 D InputTransport: Input channel destroyed: '[Gestur', fd=1197
03-13 09:25:11.581  2007  2007 I sensors-hal: activate:300, com.samsung.sensor.light_seamless/1782 en=0
03-13 09:25:11.581  2007  2007 I sensors-hal: send_sync_sensor_request:508, send sync request
03-13 09:25:11.581  2007  2007 I sensors-hal: send_sync_sensor_request:518, send_sync_sensor_request before send_request for light_seamless with SUID low=11039298318857557060 high=1340270623893619472
03-13 09:25:11.581  2007  2007 I sensors-hal: send_sync_sensor_request:537, wait for notification of response
03-13 09:25:11.581  4205  4205 I NoBackGesture: Config changed: newConfig={1.0 ?mcc0mnc [en_US] ldltr sw307dp w352dp h308dp 340dpi smll hdr widecg land night -touch -keyb/v/h -nav/h winConfig={ mBounds=Rect(0, 0 - 748, 720) mAppBounds=Rect(0, 0 - 748, 654) mMaxBounds=Rect(0, 0 - 748, 720) mDisplayRotation=ROTATION_0 mWindowingMode=fullscreen mActivityType=undefined mAlwaysOnTop=undefined mRotation=ROTATION_0 mStageConfig=undefined mPopOver=undefined mOverlappingWithCutout=false mFlexPanelMode=off} s.4990 fontWeightAdjustment=0 ff=0 bf=-1 bts=0 cst=1.0 nightDim=0 themeSeq=0} lastReportedConfig={1.0 ?mcc0mnc [en_US] ldltr sw307dp w352dp h308dp 340dpi smll hdr widecg land night -touch -keyb/v/h -nav/h winConfig={ mBounds=Rect(0, 0 - 748, 720) mAppBounds=Rect(0, 0 - 748, 654) mMaxBounds=Rect(0, 0 - 748, 720) mDisplayRotation=ROTATION_0 mWindowingMode=fullscreen mActivityType=undefined mAlwaysOnTop=undefined mRotation=ROTATION_0 mStageConfig=undefined mPopOver=undefined mOverlappingWithCutout=false mFlexPanelMode=off} s.4990 fontWeightAdjustment=0 ff=0 bf=-1 bts=0 cst=1.0 nightDim=0 themeSeq=0}
03-13 09:25:11.581  3003  4082 D LocalDisplayAdapter: surface lcd : 0(-1.000), 0(-1.000), main -
03-13 09:25:11.581  3003  4082 W LocalDisplayAdapter: !@display_state - 1586 : ON -> OFF (MAIN)
03-13 09:25:11.581  3003  3130 D DisplayPowerController[1]: onDisplayChanged: mIsEnabled=true mIsInTransition=false mDualScreenPolicy=1 mDisplayDevice=com.android.server.display.LocalDisplayAdapter$LocalDisplayDevice@267658d
03-13 09:25:11.581  4205  4205 D Navbar.Store: handleEvent(1) OnNavBarCreated(keyguardStateController=com.android.systemui.statusbar.policy.KeyguardStateControllerImpl@c596bb7, navigationBar=com.android.systemui.navigationbar.views.NavigationBar@5b40485) [Module] NavigationBar
03-13 09:25:11.581  4205  4205 D OneHandOpGestureHandler: setDisablePolicy() old=0, new=0
03-13 09:25:11.581  3003  3678 D InputTransport: Input channel destroyed: '[Gestur', fd=1201
03-13 09:25:11.581  2105  2105 D SurfaceFlinger: Setting power mode 0 on physical display 4630946564756762243 (skipComposer: 0)
03-13 09:25:11.581  3003  3130 D DisplayPowerController[1]: animateScreenStateChange: target=OFF, mIsEnabled=true
03-13 09:25:11.581  3003  3678 I SemInputMotionEventDispatcher: unregisterInputEventReceiver: dispose InputMonitor
03-13 09:25:11.581  3003  3130 D DisplayPowerController[0]: onDisplayChanged: mIsEnabled=false mIsInTransition=false mDualScreenPolicy=1 mDisplayDevice=com.android.server.display.LocalDisplayAdapter$LocalDisplayDevice@a261cbf
03-13 09:25:11.581  3003  3130 D DisplayPowerController[0]: animateScreenStateChange: target=OFF, mIsEnabled=false
03-13 09:25:11.581  3003  3130 D BrightnessThermalClamper: Thermal status observer already started
03-13 09:25:11.582  3003  3130 D BrightnessThermalClamper: Thermal status observer already started
03-13 09:25:11.582  4205  4205 D NavBarStateManager: NavBarStates(1) isLargeCoverScreenSyncEnabled: false
03-13 09:25:11.582  4205  4205 D Navbar.NavigationBar: onInit() Cover navbar hidden: sync option is off
03-13 09:25:11.582  4205  4205 D NavBarStateManager: NavBarStates(1) isNavBarHiddenByKnox: false
03-13 09:25:11.581  2053 13496 I QC2V4l2Codec: [v4lhvcD_768] KPI_L1: start: ms=7
03-13 09:25:11.582  2053 13496 W QC2Interface: [hvcD_768] Failed to query parameters
03-13 09:25:11.582  2007  3645 I sensors-hal: qsh_conn_resp_cb:930, resp_value = 0 for light_seamless 
03-13 09:25:11.582  2040  2780 I SDM     : DisplayBuiltIn::SetPanelBrightness: Setting brightness to level 0 (-100.000000 percent) primary(1) display(68)
03-13 09:25:11.582  4205  4205 D NavBarStateManager: NavBarStates(0) canShowKeyboardButtonForRotation(0): true
03-13 09:25:11.582  2105  2105 D SurfaceFlinger: setPhysicalDisplayPowerMode: Optimizing thread scheduling: optimizeForPower
03-13 09:25:11.582  2007  2007 I sensors-hal: send_sync_sensor_request:543, takes 1 ms to receive the response with 0
03-13 09:25:11.582  2007  2007 I sensors-hal: activate:330, com.samsung.sensor.light_seamless/1782 en=0 completed
03-13 09:25:11.582  2040  2780 I SDM     : HWCDisplay::SetPowerMode: display = 0, mode = OFF
03-13 09:25:11.582  2040  2780 I SDM     : DisplayBase::SetDisplayState: Set state = 0, display 68-0, teardown = 0
03-13 09:25:11.582  2040  2780 I SDM     : DRMPanelFeatureMgr::MarkForNullCommit: Marked 7 for null commit
03-13 09:25:11.582  2040  2780 I SDM     : HWDeviceDRM::PowerOff: Display:68 Setting Fingerprint Indisplay Layer property = 0
03-13 09:25:11.582  4205  4205 D NavBarStateManager: NavBarStates(1) supportLargeCoverScreenNavBar: true
03-13 09:25:11.582  4205  4205 D NavBarStateManager: NavBarStates(0) canShowKeyboardButtonForRotation(0): true
03-13 09:25:11.582  3003  3067 D SensorManager: unregisterListener :: com.android.server.display.mode.DisplayModeDirector$BrightnessObserver$LightSensorEventListener@b4fe971
03-13 09:25:11.582  3003  3067 D BrightnessSynchronizer: onDisplayChanged() : displayId=0
03-13 09:25:11.582  3003  3067 D BrightnessSynchronizer: updateScreenBrightness: displayId=0 type=2 mPreferredSettingValue=0.227451(58) currentBrightnessInt=58 currentBrightnessIntFromFloat=58(0.227451)
03-13 09:25:11.583  4205  4205 D NavBarStateManager: NavBarStates(1) supportLargeCoverScreenNavBar: true
03-13 09:25:11.583  3003  3067 I InputManager-JNI: Viewport [0] to add: local:4630946564756762243, isActive: false
03-13 09:25:11.583  3003  3067 D InputManager-JNI: Viewport [0] type:1, displayId=0, uniqueId=local:4630946564756762243, orientation=0, logicalFrame=[0, 0][1080, 2640], physicalFrame=[0, 0][1080, 2640], deviceSize=[1080, 2640]
03-13 09:25:11.583  3003  3067 I InputManager-JNI: Viewport [1] to add: local:4630946638498144900, isActive: false
03-13 09:25:11.583  3003  3067 D InputManager-JNI: Viewport [1] type:1, displayId=1, uniqueId=local:4630946638498144900, orientation=0, logicalFrame=[0, 0][748, 720], physicalFrame=[0, 0][748, 720], deviceSize=[748, 720]
03-13 09:25:11.583  4205  4205 D NavBarStateManager: NavBarStates(0) canShowKeyboardButtonForRotation(1): true
03-13 09:25:11.583  2053 13496 I QC2Comp : [hvcD_768] KPI_L1: start: ms=20
03-13 09:25:11.583  3003  3067 D PointerChoreographer: setDefaultMouseDisplayId: 0 -> 1
03-13 09:25:11.583  4205  4205 D NavBarStateManager: NavBarStates(1) supportLargeCoverScreenNavBar: true
03-13 09:25:11.583  4205  4205 D NavBarStateManager: NavBarStates(0) canShowKeyboardButtonForRotation(2): true
03-13 09:25:11.583  4205  4205 D NavBarStateManager: NavBarStates(1) supportLargeCoverScreenNavBar: true
03-13 09:25:11.583  4205  4205 D NavBarStateManager: NavBarStates(0) canShowKeyboardButtonForRotation(3): true
03-13 09:25:11.583  4205  4205 D NavBarStateManager: NavBarStates(1) supportLargeCoverScreenNavBar: true
03-13 09:25:11.583  4205  4205 I WindowManager: WindowManagerGlobal#addView, ty=2019, view=com.android.systemui.navigationbar.views.NavigationBarFrame{b133f3d V.E...... ......I. 0,0-0,0 #7f0a083f app:id/navigation_bar_frame}, caller=android.view.WindowManagerImpl.addView:158 com.android.systemui.navigationbar.views.NavigationBar.onInit:238 com.android.systemui.util.ViewController.init:6 
03-13 09:25:11.584  4205  4205 I ViewRootImpl: dVRR is disabled
03-13 09:25:11.584  2040  2780 I SDM     : HWDeviceDRM::NullCommit: Null commit succeeded crtc=208
03-13 09:25:11.584  2040  2780 I SDM     : DisplayBase::SetDisplayState: wait for retire_fence_...
03-13 09:25:11.584  2040  2780 I SDM     : DisplayBase::WaitForCompletion: Wait for cached retire fence to be in steady state
03-13 09:25:11.584  3003  3067 D MouseCursorController: loadResourcesLocked for display 1
03-13 09:25:11.584  4205  4394 D NativeCustomFrequencyManager: [NativeCFMS] BpCustomFrequencyManager::BpCustomFrequencyManager()
03-13 09:25:11.584  3003  3661 I InputReader: Reconfiguring input devices, changes=DISPLAY_INFO
03-13 09:25:11.584  2053 13496 W QC2Interface: [hvcD_768] Failed to query parameters
03-13 09:25:11.585  4360 21658 W Codec2Client: query -- param skipped: index = 1342179345.
03-13 09:25:11.585  4360 21658 W Codec2Client: query -- param skipped: index = 2415921170.
03-13 09:25:11.585  4360 21658 W Codec2Client: query -- param skipped: index = 1610614798.
03-13 09:25:11.585  3003  3067 I InputManager-JNI: notifyPointerDisplayIdChanged: pointer displayId set to: 1
03-13 09:25:11.585  3003  3661 I InputReader: support feature by TSP : 0x321
03-13 09:25:11.585  3003  3661 I InputReader: support feature by TSP : 0x321
03-13 09:25:11.585  3003  3067 D InputManager: notifyDisplayIdChangedByUser: 1
03-13 09:25:11.585  3003  3661 W InputReader: Rotary Encoder device configuration file didn't specify resolution!
03-13 09:25:11.585  3003  3661 W InputReader: Rotary Encoder device configuration file didn't specify scaling factor,default to 1.000000!
03-13 09:25:11.585  3003  3661 I InputReader: Rotary Encoder device configuration file didn't specify min log rotation.
03-13 09:25:11.585  3003  3065 D WindowManager: DeferredDisplayUpdater: partially applying DisplayInfo(748 x 720) immediately
03-13 09:25:11.585  3003  3065 V WindowManager: Content Recording: Display 1 state was (1), is now (1), so update recording?
03-13 09:25:11.586  3003  3065 W SurfaceControl: Invalid layer stack -1
03-13 09:25:11.586  3003  3065 I DisplayDevice: [0] Layerstack set to -1 for local:4630946564756762243
03-13 09:25:11.586  2105  2836 I SurfaceFlinger: id=42081 createSurf, flag=84004, WindowToken{e7eafa0 type=2019 android.os.BinderProxy@94c97d2}#42081
03-13 09:25:11.586  3003  3003 D SGM:GameManager: onDisplayChanged. displyId: 1, state: 1
03-13 09:25:11.586  3003  3003 V CameraService_worker: onDisplayChanged rotation : 0 current mDeviceState : 6
03-13 09:25:11.586  3003  6708 D InputTransport: Input channel constructed: 'b33b759', fd=971
03-13 09:25:11.586  3003  6708 D InputTransport: Input channel constructed: 'b33b759', fd=1199
03-13 09:25:11.586 20916 20992 D HWUI    : CacheManager::trimMemory(20)
03-13 09:25:11.586  3003  6708 D InputTransport: Input channel constructed: 'b33b759', fd=1201
03-13 09:25:11.586  3003  6708 D InputTransport: Input channel destroyed: 'b33b759', fd=1199
03-13 09:25:11.587  2105  2921 I SurfaceFlinger: id=42082 createSurf, flag=84004, b33b759 NavigationBar1#42082
03-13 09:25:11.587  3003  6708 D RestrictionPolicy: isScreenCaptureEnabled : ret=true userId=0
03-13 09:25:11.587  3003  6708 D InsetsSourceProvider: updateVisibility: serverVisible=false, clientVisible=false, source=InsetsSource: {5e80001 mType=navigationBars mFrame=[0,0][0,0] mVisible=false mFlags= mSideHint=NONE mBoundingRects=null}, controlTarget=null, from=com.android.server.wm.InsetsSourceProvider.setClientVisible:8 com.android.server.wm.InsetsSourceProvider.setWindowContainer:160 com.android.server.wm.WindowManagerService.addWindowInner:148 com.android.server.wm.WindowManagerService.addWindow:1842 com.android.server.wm.Session.addToDisplayAsUser:24 android.view.IWindowSession$Stub.onTransact:757 com.android.server.wm.Session.onTransact:1 android.os.Binder.execTransactInternal:1457 android.os.Binder.execTransact:1401 <bottom of call stack> 
03-13 09:25:11.587  3003  6708 E WindowManager: Display reconfigured outside of a transition: Display{#1 state=OFF size=748x720 ROTATION_0}
03-13 09:25:11.587  3003  3048 D WifiDisplayAdapter: isFitToActiveDisplayLocked : false
03-13 09:25:11.587  3003  3130 D BrightnessThermalClamper: Thermal status observer already started
03-13 09:25:11.588  3003  6708 I WindowManager: [d1] Override config changes=20000c00 {0.0 ?mcc0mnc ?localeList ?layoutDir sw291dp w352dp h291dp 340dpi smll hdr widecg land ?uimode ?night finger -keyb/v/h -nav/h winConfig={ mBounds=Rect(0, 0 - 748, 720) mAppBounds=Rect(0, 0 - 748, 618) mMaxBounds=Rect(0, 0 - 748, 720) mDisplayRotation=ROTATION_0 mWindowingMode=fullscreen mActivityType=undefined mAlwaysOnTop=undefined mRotation=ROTATION_0 mStageConfig=undefined mPopOver=undefined mOverlappingWithCutout=false mFlexPanelMode=off} ?fontWeightAdjustment ff=0 bf=-1 bts=0 cst=1.0 nightDim=-1 themeSeq=0}, callers=com.android.server.wm.DisplayContent.updateDisplayOverrideConfigurationLocked:24 com.android.server.wm.DisplayContent.sendNewConfiguration:133 com.android.server.wm.WindowManagerService.addWindowInner:712 com.android.server.wm.WindowManagerService.addWindow:1842 com.android.server.wm.Session.addToDisplayAsUser:24 
03-13 09:25:11.588 19717 19717 I HBD     : DeX h DeX mode state change in non-main thread 
03-13 09:25:11.588 19717 19717 I HBD     : DeX h DeX mode state change: 3 
03-13 09:25:11.588  3003  6708 D WindowManager: Transition is created, t=TransitionRecord{afd3ff id=-1 type=CHANGE flags=0x0}, caller=com.android.server.wm.Transition.<init>:182 com.android.server.wm.TransitionController.createTransition:17 com.android.server.wm.DisplayContent.requestChangeTransition:5 com.android.server.wm.DisplayContent.performDisplayOverrideConfigUpdate:333 com.android.server.wm.DisplayContent.updateDisplayOverrideConfigurationLocked:24 
03-13 09:25:11.588  3003  6708 D BLASTSyncEngine: SyncGroup is created, id=4950, name=Transition-CHANGE, caller=com.android.server.wm.BLASTSyncEngine$SyncGroup.<init>:52 com.android.server.wm.TransitionController.moveToCollecting:79 com.android.server.wm.TransitionController.createTransition:46 com.android.server.wm.DisplayContent.requestChangeTransition:5 com.android.server.wm.DisplayContent.performDisplayOverrideConfigUpdate:333 com.android.server.wm.DisplayContent.updateDisplayOverrideConfigurationLocked:24 com.android.server.wm.DisplayContent.sendNewConfiguration:133 
03-13 09:25:11.588  3003  6708 W BLASTSyncEngine: setSyncMethod, id=4950, method=0, caller=com.android.server.wm.TransitionController.moveToCollecting:91 com.android.server.wm.TransitionController.createTransition:46 com.android.server.wm.DisplayContent.requestChangeTransition:5 
03-13 09:25:11.588  3003  6708 V WindowManager: Start collecting in Transition: TransitionRecord{afd3ff id=4950 type=CHANGE flags=0x0}, caller=com.android.server.wm.TransitionController.createTransition:46 com.android.server.wm.DisplayContent.requestChangeTransition:5 com.android.server.wm.DisplayContent.performDisplayOverrideConfigUpdate:333 com.android.server.wm.DisplayContent.updateDisplayOverrideConfigurationLocked:24 com.android.server.wm.DisplayContent.sendNewConfiguration:133 
03-13 09:25:11.588  3003  6708 V WindowManager: Requesting StartTransition: TransitionRecord{afd3ff id=4950 type=CHANGE flags=0x0}, caller=com.android.server.wm.DisplayContent.requestChangeTransition:10 com.android.server.wm.DisplayContent.performDisplayOverrideConfigUpdate:333 com.android.server.wm.DisplayContent.updateDisplayOverrideConfigurationLocked:24 com.android.server.wm.DisplayContent.sendNewConfiguration:133 com.android.server.wm.WindowManagerService.addWindowInner:712 
03-13 09:25:11.588  4832 14037 I HoneySpace.Memory-Monitor: no default Display - 1
03-13 09:25:11.588  3003  6708 V WindowManager: Collecting in transition 4950: Display{#1 state=OFF size=748x720 ROTATION_0}, caller=com.android.server.wm.DisplayContent.requestChangeTransition:71 com.android.server.wm.DisplayContent.performDisplayOverrideConfigUpdate:333 com.android.server.wm.DisplayContent.updateDisplayOverrideConfigurationLocked:24 com.android.server.wm.DisplayContent.sendNewConfiguration:133 com.android.server.wm.WindowManagerService.addWindowInner:712 
03-13 09:25:11.588  3003  6708 D WindowManager: prepareSync <SYNC_STATE_WAITING_FOR_DRAW>, mPrepareSyncSeqId=0, win=Window{21b9755 u0 ScreenDecorOverlayCover}
03-13 09:25:11.588  3003  6708 D WindowManager: prepareSync <SYNC_STATE_WAITING_FOR_DRAW>, mPrepareSyncSeqId=0, win=Window{b33b759 u0 NavigationBar1}
03-13 09:25:11.588  3003  6708 D WindowManager: prepareSync <SYNC_STATE_WAITING_FOR_DRAW>, mPrepareSyncSeqId=0, win=Window{243e821 u0 SubScreenQuickPanel}
03-13 09:25:11.588  3003  6708 D WindowManager: prepareSync <SYNC_STATE_WAITING_FOR_DRAW>, mPrepareSyncSeqId=0, win=Window{3b7b695 u0 com.android.systemui/com.android.systemui.subscreen.SubHomeActivity}
03-13 09:25:11.588  3003  6708 D WindowManager: prepareSync <SYNC_STATE_WAITING_FOR_DRAW>, mPrepareSyncSeqId=0, win=Window{8bc5e3f u0 com.samsung.android.smartsuggestions/com.samsung.android.smartsuggestions.feature.aisuggestion.ui.onboarding.OnboardingActivity}
03-13 09:25:11.588  4205  4267 V WindowManagerShell: Transition requested (#4950): android.os.BinderProxy@165b883 TransitionRequestInfo { type = CHANGE, triggerTask = null, pipChange = null, remoteTransition = null, displayChange = null, flags = 0, debugId = 4950 }
03-13 09:25:11.588  4205  4267 D ShellDesktopMode: handleRequest: TransitionRequestInfo {type=6, tid=null, debugId=4950}
03-13 09:25:11.588  3003  6708 V WindowManager: Collecting in transition 4950: WindowToken{8004a5b type=2024 android.os.BinderProxy@d7bba75}, caller=com.android.server.wm.TransitionController$$ExternalSyntheticLambda3.accept:43 com.android.server.wm.WindowContainer$ForAllWindowsConsumerWrapper.apply:5 com.android.server.wm.WindowState.applyInOrderWithImeWindows:22 com.android.server.wm.WindowState.forAllWindows:9 com.android.server.wm.WindowContainer.forAllWindows:2 
03-13 09:25:11.588  4205  4267 V ShellDesktopMode: DesktopTasksController: skipping handleRequest reason=transition type not handled (6)
03-13 09:25:11.589  3003  6708 I MultiTaskingController: onConfigurationChangedLocked: display#1, configChanges=0x20000c00, scaleW=1.0, scaleH=1.0, prevScreenBounds=Rect(0, 0 - 748, 720), nextScreenBounds=Rect(0, 0 - 748, 720)
03-13 09:25:11.589  3003  6708 D InsetsSourceProvider: updateVisibility: serverVisible=false, clientVisible=true, source=InsetsSource: {5e80024 mType=systemGestures mFrame=[0,0][0,0] mVisible=false mFlags= mSideHint=NONE mBoundingRects=null}, controlTarget=null, from=com.android.server.wm.InsetsSourceProvider.setServerVisible:6 com.android.server.wm.InsetsSourceProvider.onPostLayout:30 com.android.server.wm.InsetsStateController.onPostLayout:26 com.android.server.wm.RootWindowContainer.applySurfaceChangesTransaction$1:203 com.android.server.wm.RootWindowContainer.performSurfacePlacementNoTrace:86 com.android.server.wm.WindowSurfacePlacer.performSurfacePlacement:166 com.android.server.wm.ActivityTaskManagerService.continueWindowLayout:28 com.android.server.wm.DisplayContent.updateDisplayOverrideConfigurationLocked:78 com.android.server.wm.DisplayContent.sendNewConfiguration:133 com.android.server.wm.WindowManagerService.addWindowInner:712 
03-13 09:25:11.589  3003  6708 D InsetsSourceProvider: updateVisibility: serverVisible=false, clientVisible=true, source=InsetsSource: {5e80006 mType=tappableElement mFrame=[0,0][0,0] mVisible=false mFlags= mSideHint=NONE mBoundingRects=null}, controlTarget=null, from=com.android.server.wm.InsetsSourceProvider.setServerVisible:6 com.android.server.wm.InsetsSourceProvider.onPostLayout:30 com.android.server.wm.InsetsStateController.onPostLayout:26 com.android.server.wm.RootWindowContainer.applySurfaceChangesTransaction$1:203 com.android.server.wm.RootWindowContainer.performSurfacePlacementNoTrace:86 com.android.server.wm.WindowSurfacePlacer.performSurfacePlacement:166 com.android.server.wm.ActivityTaskManagerService.continueWindowLayout:28 com.android.server.wm.DisplayContent.updateDisplayOverrideConfigurationLocked:78 com.android.server.wm.DisplayContent.sendNewConfiguration:133 com.android.server.wm.WindowManagerService.addWindowInner:712 
03-13 09:25:11.589  3003  6708 D InsetsSourceProvider: updateVisibility: serverVisible=false, clientVisible=true, source=InsetsSource: {5e80005 mType=mandatorySystemGestures mFrame=[0,0][0,0] mVisible=false mFlags= mSideHint=NONE mBoundingRects=null}, controlTarget=null, from=com.android.server.wm.InsetsSourceProvider.setServerVisible:6 com.android.server.wm.InsetsSourceProvider.onPostLayout:30 com.android.server.wm.InsetsStateController.onPostLayout:26 com.android.server.wm.RootWindowContainer.applySurfaceChangesTransaction$1:203 com.android.server.wm.RootWindowContainer.performSurfacePlacementNoTrace:86 com.android.server.wm.WindowSurfacePlacer.performSurfacePlacement:166 com.android.server.wm.ActivityTaskManagerService.continueWindowLayout:28 com.android.server.wm.DisplayContent.updateDisplayOverrideConfigurationLocked:78 com.android.server.wm.DisplayContent.sendNewConfiguration:133 com.android.server.wm.WindowManagerService.addWindowInner:712 
03-13 09:25:11.589  3003  6708 D InsetsSourceProvider: updateVisibility: serverVisible=false, clientVisible=true, source=InsetsSource: {5e80004 mType=systemGestures mFrame=[0,0][0,0] mVisible=false mFlags= mSideHint=NONE mBoundingRects=null}, controlTarget=null, from=com.android.server.wm.InsetsSourceProvider.setServerVisible:6 com.android.server.wm.InsetsSourceProvider.onPostLayout:30 com.android.server.wm.InsetsStateController.onPostLayout:26 com.android.server.wm.RootWindowContainer.applySurfaceChangesTransaction$1:203 com.android.server.wm.RootWindowContainer.performSurfacePlacementNoTrace:86 com.android.server.wm.WindowSurfacePlacer.performSurfacePlacement:166 com.android.server.wm.ActivityTaskManagerService.continueWindowLayout:28 com.android.server.wm.DisplayContent.updateDisplayOverrideConfigurationLocked:78 com.android.server.wm.DisplayContent.sendNewConfiguration:133 com.android.server.wm.WindowManagerService.addWindowInner:712 
03-13 09:25:11.590  3003  6708 D InputTransport: Input channel destroyed: 'b33b759', fd=1201
03-13 09:25:11.590  3003  4415 V WindowManager: Starting Transition 4950, caller=com.android.server.wm.WindowOrganizerController.startTransition:47 com.android.server.wm.WindowOrganizerController.startTransition:1 android.window.IWindowOrganizerController$Stub.onTransact:259 
03-13 09:25:11.590  4205  4205 D InputTransport: Input channel constructed: 'b33b759', fd=497
03-13 09:25:11.591  4205  4205 I InsetsController: onStateChanged: host=NavigationBar1, from=android.view.ViewRootImpl.onInsetsStateChanged:3026, state=InsetsState: {mDisplayFrame=Rect(0, 0 - 748, 720), mDisplayCutout=DisplayCutout{insets=Rect(0, 0 - 0, 66) waterfall=Insets{left=0, top=0, right=0, bottom=0} boundingRect={Bounds=[Rect(0, 0 - 0, 0), Rect(0, 0 - 0, 0), Rect(0, 0 - 0, 0), Rect(379, 654 - 748, 720)]} cutoutPathParserInfo={CutoutPathParserInfo{displayWidth=748 displayHeight=720 physicalDisplayWidth=748 physicalDisplayHeight=720 density={2.125} cutoutSpec={@bottom @right M 0,0 H -173.6470588235294 V -31.05882352941176 H 0 V 0 Z @dp} rotation={0} scale={1.0} physicalPixelDisplaySizeRatio={1.0}}} sideOverrides={}}, mRoundedCorners=RoundedCorners{[RoundedCorner{position=TopLeft, radius=49, center=Point(49, 49)}, RoundedCorner{position=TopRight, radius=49, center=Point(699, 49)}, RoundedCorner{position=BottomRight, radius=49, center=Point(699, 671)}, RoundedCorner{position=BottomLeft, radius=49, center=Point(49, 671)}]}  mRoundedCornerFrame=Rect(0, 0 - 0, 0), mPrivacyIndicatorBounds=PrivacyIndicatorBounds {static bounds=null rotation=0}, mDisplayShape=DisplayShape{ spec=1406003047 displayWidth=748 displayHeight=720 physicalPixelDisplaySizeRatio=1.0 rotation=0 offsetX=0 offsetY=0 scale=1.0}, mSources= { InsetsSource: {67 mType=displayCutout mFrame=[0,654][748,720] mVisible=true mFlags= mSideHint=BOTTOM mBoundingRects=null}, InsetsSource: {5e80004 mType=systemGestures mFrame=[0,0][0,0] mVisible=false mFlags= mSideHint=NONE mBoundingRects=null}, InsetsSource: {5e80005 mType=mandatorySystemGestures mFrame=[0,0][0,0] mVisible=false mFlags= mSideHint=NONE mBoundingRects=null}, InsetsSource: {5e80024 mType=systemGestures mFrame=[0,0][0,0] mVisible=false mFlags= mSideHint=NONE mBoundingRects=null} }
03-13 09:25:11.591  3003  4415 D BLASTSyncEngine: SyncGroup 4950: Set ready true, caller=com.android.server.wm.BLASTSyncEngine.setReady:32 com.android.server.wm.Transition.applyReady:54 com.android.server.wm.Transition.setReady:72 com.android.server.wm.Transition.applyDisplayChangeIfNeeded:95 com.android.server.wm.WindowOrganizerController.applyTransaction:36 com.android.server.wm.WindowOrganizerController.startTransition:48 
03-13 09:25:11.591  3003  4415 D BLASTSyncEngine: SyncGroup 4950:  Unfinished container: WindowToken{8004a5b type=2024 android.os.BinderProxy@d7bba75} mSyncState=2
03-13 09:25:11.591  4205  4205 I VRI[NavigationBar1]@aa4b332: synced displayState. AttachInfo displayState=1
03-13 09:25:11.591  6239  6239 I SSS     : [ChatRoomComponentManager] onConfigurationChanged: {1.0 ?mcc0mnc [en_US] ldltr sw291dp w352dp h291dp 340dpi smll hdr widecg land night finger -keyb/v/h -nav/h winConfig={ mBounds=Rect(0, 0 - 748, 720) mAppBounds=Rect(0, 0 - 748, 618) mMaxBounds=Rect(0, 0 - 748, 720) mDisplayRotation=ROTATION_0 mWindowingMode=fullscreen mActivityType=undefined mAlwaysOnTop=undefined mRotation=ROTATION_0 mStageConfig=undefined mPopOver=off mOverlappingWithCutout=false mFlexPanelMode=off} s.5933 fontWeightAdjustment=0 ff=0 bf=-1 bts=0 cst=1.0 nightDim=0 themeSeq=0}
03-13 09:25:11.591  3003  3068 D BLASTSyncEngine: SyncGroup 4950:  Unfinished container: WindowToken{8004a5b type=2024 android.os.BinderProxy@d7bba75} mSyncState=2
03-13 09:25:11.592  3003  5976 D LiftUpHandler: [LTW]  Settings Lift to wake: enable = 0
03-13 09:25:11.592  3003  3003 D SGM:GameManager: onDisplayChanged. displyId: 0, state: 1
03-13 09:25:11.592  3003  3687 D SGM:FgCheckThread: onLooperPrepared(), msg: MSG_LCD_OFF
03-13 09:25:11.592  3003  3687 D SGM:FgCheckThread: sendFocusOutConditionally() - mPrevNotiPkg: (unknown), userId: 0
03-13 09:25:11.592  3003  3003 I SemMdnieManagerService: DisplayListener onDisplayChanged. mAlwaysOnDisplayEnabled : false , mDisplayOn : true , mDisplayState : 1 , mWorkBlueFilter : true , mNightModeBlock : true
03-13 09:25:11.592  3003  3003 D EyeComfortSolutionService: mBlueLightFilterAdaptiveModeEnabled: true , mBlueLightFilterScheduledTime: false
03-13 09:25:11.592  4205  4267 V ShellDragAndDrop: Display changed: 1
03-13 09:25:11.592  4205  4205 I VRI[NavigationBar1]@aa4b332: setView = com.android.systemui.navigationbar.views.NavigationBarFrame@b133f3d IsHRR=false mFlingFrameRateChange=0 TM=true
03-13 09:25:11.592  3003  3065 D WindowManager: DeferredDisplayUpdater: partially applying DisplayInfo(1080 x 2640) immediately
03-13 09:25:11.592  4205  4205 D NavBarStateManager: NavBarStates(1) supportLargeCoverScreenNavBar: true
03-13 09:25:11.592  3003  3065 D BLASTSyncEngine: SyncGroup 4950:  Unfinished container: WindowToken{8004a5b type=2024 android.os.BinderProxy@d7bba75} mSyncState=2
03-13 09:25:11.592  3003  3003 I SemMdnieManagerService: DDI setNightDimOffMode : false, index : 0, str : (0 0)
03-13 09:25:11.593  3003  3068 I SurfaceComposerClient: apply DisplayState::eLayerStackChanged(index:0) layerStack(-1)
03-13 09:25:11.593  3003  3068 I SurfaceComposerClient: apply DisplayState::eFlagsChanged(index:0) flags(0)
03-13 09:25:11.593  3003  3068 I SurfaceComposerClient: apply DisplayState::eFlagsChanged(index:1) flags(1)
03-13 09:25:11.593  2022  2124 I HYPER-HAL: [RequestManager.cpp]acquire(): Acquired ID : 135521390  [2025 / 14437]    HINT :      list : [TID_LOW_LATENCY / 1] [TID / 4392] [TID / 4393] [TID / 4205] [TID / 4394] 
03-13 09:25:11.593  2094  2277 D AudioFlinger: setParameters: filtered dev setParameters keyvalue screen_state=off
03-13 09:25:11.593  4205  4362 D StackScroller: onDisplayChanged for predraw skip to 1
03-13 09:25:11.593  3003  6708 D WifiDisplayAdapter: isFitToActiveDisplayLocked : false
03-13 09:25:11.593  3003  3065 D WindowManager: DeferredDisplayUpdater: applying DisplayInfo(748 x 720) immediately
03-13 09:25:11.593  3003  3065 V WindowManager: Content Recording: Display 1 state was (1), is now (1), so update recording?
03-13 09:25:11.593  3003  3065 D BLASTSyncEngine: SyncGroup 4950:  Unfinished container: WindowToken{8004a5b type=2024 android.os.BinderProxy@d7bba75} mSyncState=2
03-13 09:25:11.593  3003  4923 D HintManagerService: SystemUI make new AppHintSession but force pause
03-13 09:25:11.594  5393  6882 I ScanManager: handleScreenOff()
03-13 09:25:11.594  4832  6102 I HoneySpace.Memory-Monitor: current state = 1, didTrim = false
03-13 09:25:11.594  4832  6102 I HoneySpace.Memory-Monitor: onDisplayStateChanged lastChangedDisplayState = 1
03-13 09:25:11.594  3003  3003 D SGM:GameManager: onDisplayChanged. displyId: 1, state: 1
03-13 09:25:11.594  3003  3003 V CameraService_worker: onDisplayChanged rotation : 0 current mDeviceState : 6
03-13 09:25:11.594  3003  3003 D SGM:GameManager: onDisplayChanged. displyId: 0, state: 1
03-13 09:25:11.594  3003  3067 D RefreshRateModeManager: onBrightnessChanged: brt=0, lux=-1.0
03-13 09:25:11.595  3003  3067 E ModeChangeObserver: Changed display not found
03-13 09:25:11.595  3003  3065 D WindowManager: DeferredDisplayUpdater: applying DisplayInfo(748 x 720) immediately
03-13 09:25:11.595 15873 15873 I VRI[InputMethod]@ee95d13: onDisplayChanged oldDisplayState=2 newDisplayState=1
03-13 09:25:11.595  3003  3065 V WindowManager: Content Recording: Display 1 state was (1), is now (1), so update recording?
03-13 09:25:11.595  4205  4881 I VRI[ScreenDecorOverlayCover]@cddcdb0: onDisplayChanged oldDisplayState=1 newDisplayState=1
03-13 09:25:11.595  3003  3065 D BLASTSyncEngine: SyncGroup 4950:  Unfinished container: WindowToken{8004a5b type=2024 android.os.BinderProxy@d7bba75} mSyncState=2
03-13 09:25:11.595  2040  2318 I SDM     : HWPeripheralDRM::SetPanelBrightnessWork: Setting brightness to level 0 through sysfs node. primary(1), type_id(1)
03-13 09:25:11.595  3003  3661 I InputReader: Reconfiguring input devices, changes=DISPLAY_INFO
03-13 09:25:11.595  3003  3661 I InputReader: support feature by TSP : 0x321
03-13 09:25:11.595  3003  4931 D WifiDisplayAdapter: isFitToActiveDisplayLocked : false
03-13 09:25:11.595  3003  3661 I InputReader: support feature by TSP : 0x321
03-13 09:25:11.595  4205  4362 D StackScroller: onDisplayChanged for predraw skip to 1
03-13 09:25:11.595  3003  4931 D WifiDisplayAdapter: isFitToActiveDisplayLocked : false
03-13 09:25:11.595  4205  4267 I VRI[ShellDropTarget]@a0b4a8f: onDisplayChanged oldDisplayState=2 newDisplayState=1
03-13 09:25:11.595 19717 19717 I HBD     : DeX h DeX mode state change in non-main thread 
03-13 09:25:11.595 19717 19717 I HBD     : DeX h DeX mode state change: 3 
03-13 09:25:11.595  3003  4931 D WifiDisplayAdapter: isFitToActiveDisplayLocked : false
03-13 09:25:11.595  4205  4267 I VRI[View root of ReusableWindowDecorViewHost#0]@15d66b2: onDisplayChanged oldDisplayState=2 newDisplayState=1
03-13 09:25:11.595  2092  2092 I SSC_DAEMON: handleSensorTestReqMsg:85, Sensor type :4, Msg type:11
03-13 09:25:11.595  4205  4267 I VRI[View root of ReusableWindowDecorViewHost#1]@d4195f3: onDisplayChanged oldDisplayState=2 newDisplayState=1
03-13 09:25:11.595 19717 11904 I HBD     : KeyboardSettingsProvider isAliveIme : false 
03-13 09:25:11.595  2092  2092 I SSC_DAEMON: physicalSensorTestReqMsg:130, s:4, m:11
03-13 09:25:11.595 19717 11904 I HBD     : c HoneyVoice CoverVoiceIconQueryCommand: false ikbonbo: false, invin: true
03-13 09:25:11.595 19717 11904 I HBD     : c CoverVoiceIconQueryCommand: cover_voice_icon = false 
03-13 09:25:11.595  3003  3068 D BLASTSyncEngine: SyncGroup 4950:  Unfinished container: WindowToken{8004a5b type=2024 android.os.BinderProxy@d7bba75} mSyncState=2
03-13 09:25:11.596  3003  5976 D LiftUpHandler: [LTW] Running already.
03-13 09:25:11.596  4832  6719 I HoneySpace.Memory-Monitor: cleanMemory count=1, needTrim=true, delayTime=30000
03-13 09:25:11.596  3003  3003 D SGM:GameManager: onDisplayChanged. displyId: 1, state: 1
03-13 09:25:11.596  3003  3003 V CameraService_worker: onDisplayChanged rotation : 0 current mDeviceState : 6
03-13 09:25:11.596  2022  2124 I HYPER-HAL: [RequestManager.cpp]acquire(): Acquired ID : 135521390  [2025 / 14437]    HINT :      list : [TID_LOW_LATENCY / 0] [TID / 4392] [TID / 4393] [TID / 4205] [TID / 4394] 
03-13 09:25:11.596  6239  6239 I VRI[OnboardingActivity]@7b65a5f: onDisplayChanged oldDisplayState=1 newDisplayState=1
03-13 09:25:11.596  3003  3687 D SGM:FgCheckThread: onLooperPrepared(), msg: MSG_LCD_OFF
03-13 09:25:11.596  3003  3622 D SemInput:UEvent: onSemUEvent: {SUBSYSTEM=sec, SEQNUM=39107, ACTION=change, POS=385,494, TIMESTAMP=59595659, FEATURE=TSP, GESTURE=8, DEVPATH=/devices/virtual/sec/tsp2}
03-13 09:25:11.596  3003  3622 D SemInput:UEvent: !@[sec_input] gesture event type: 8,385,494
03-13 09:25:11.596  4205  4205 D NavBarStateManager: multiModalForLargeCover : false
03-13 09:25:11.596  4205  4205 D NavBarView: disableBack=true (isBackDismissIme=false, handlingGestures=false, disabledFlagBack=true, isBottomGesture=false, isImeRenderingNavButtons=false)
03-13 09:25:11.596  3003  3622 D InputManager: notifyQuickAccess: info=8, x=385.0, y=494.0
03-13 09:25:11.596  3003  3622 D PhoneWindowManagerExt: interceptQuickAccess, CHANGE_AOD_MODE
03-13 09:25:11.596  4205  4205 D NavBarStateManager: NavBarStates(1) supportLargeCoverScreenNavBar: true
03-13 09:25:11.597  4205  4205 D Navbar.Store: handleEvent(0) OnUpdateSysUiStateFlag(noArguments=true) [Module] SamsungNavigationBarView
03-13 09:25:11.597  4205  4205 D Navbar.Store: --[Band]GESTURE_PACK_UPDATE_SYSTEMUI_STATE_FLAG
03-13 09:25:11.597  4205  4205 D Navbar.Store: --[Band] (afterAction) GESTURE_PACK_UPDATE_SYSTEMUI_STATE_FLAG
03-13 09:25:11.597  1992  1992 D AHAL: AudioDevice: SetParameters: 1865: enter
03-13 09:25:11.597  1992  1992 D AHAL: AudioVoice: VoiceSetParameters: 200: Enter
03-13 09:25:11.597  1992  1992 D AHAL: AudioVoice: VoiceSetParameters: 479: Exit ret: 0
03-13 09:25:11.597   487   487 I VRI[0 fl=}]@38f3598: onDisplayChanged oldDisplayState=2 newDisplayState=1
03-13 09:25:11.597  1992  1992 D AHAL: hfp: hfp_set_parameters: 444: enter
03-13 09:25:11.597  1992  1992 D AHAL: AudioDevice: SetParameters: 1948:  - screen = off
03-13 09:25:11.597  1992  1992 I PAL: ResourceManager: setParameter: 10683: Screen State:0
03-13 09:25:11.597  4205  4205 D Navbar.Store: handleEvent(0) OnNavBarUpdateA11YService(clickable=false, longClickable=false) [Module] NavigationBar
03-13 09:25:11.597  4205  4205 D Navbar.Store: --[Band]SETUPWIZARD_PACK_UPDATE_A11Y_SERVICE
03-13 09:25:11.597  1992  1992 D AHAL: AudioDevice: SetParameters: 2798: exit: screen_state=off
03-13 09:25:11.597  4205  4205 D Navbar.Store: handleEvent(0) OnButtonOrderChanged(noArguments=true) [Module] NavigationBar
03-13 09:25:11.597  4205  4205 D Navbar.Store: --[Band]CONFIG_PACK_KEY_ORDER_CHANGED
03-13 09:25:11.597  4205  4205 D Navbar.Store: ----apply(0) NavBarStoreAction$ReinflateNavBar
