03-13 09:26:33.046  4832  4832 I HoneySpace.RegionManagerImpl: changeTouchRegion() called with: com.honeyspace.gesture.region.NoGestureTouchRegion@e2c5106 to DeviceState(naviMode=THREE_BUTTON, navigationBarHeight=144, hint=true, transparentHint=false, rotation=0, displayId=0, displaySize=Point(1080, 2640), displayCutout=DisplayCutout{insets=Rect(0, 94 - 0, 0) waterfall=Insets{left=0, top=0, right=0, bottom=0} boundingRect={Bounds=[Rect(0, 0 - 0, 0), Rect(505, 0 - 576, 94), Rect(0, 0 - 0, 0), Rect(0, 0 - 0, 0)]} cutoutPathParserInfo={CutoutPathParserInfo{displayWidth=1080 displayHeight=2640 physicalDisplayWidth=1080 physicalDisplayHeight=2640 density={3.0} cutoutSpec={M 0,0 H -11.83333333333333 V 31.33333333333333 H 11.83333333333333 V 0 H 0 Z @dp} rotation={0} scale={1.0} physicalPixelDisplaySizeRatio={1.0}}} sideOverrides={}}, isNavCanMove=true, isTablet=false, extraDisplayInfo=ExtraDisplayInfo(rotation=0, displayId=1, displaySize=Point(748, 720), displayCutout=DisplayCutout{insets=Rect(0, 0 - 0, 66) waterfall=Insets{left=0, top=0, right=0, bottom=0} boundingRect={Bounds=[Rect(0, 0 - 0, 0), Rect(0, 0 - 0, 0), Rect(0, 0 - 0, 0), Rect(379, 654 - 748, 720)]} cutoutPathParserInfo={CutoutPathParserInfo{displayWidth=748 displayHeight=720 physicalDisplayWidth=748 physicalDisplayHeight=720 density={2.125} cutoutSpec={@bottom @right M 0,0 H -173.6470588235294 V -31.05882352941176 H 0 V 0 Z @dp} rotation={0} scale={1.0} physicalPixelDisplaySizeRatio={1.0}}} sideOverrides={}}, foldState=0), enableOverlayWindow=false)
03-13 09:26:33.046  4832  4832 I HoneySpace.RegionManagerImpl: resetSwipeRegion. RectF(0.0, 642.0, 748.0, 720.0), RectF(0.0, 0.0, 0.0, 0.0)
03-13 09:26:33.046  4205  4205 I AppIconSolution: return adaptive icon for com.samsung.android.app.smartcapture, isNight = true
03-13 09:26:33.046  4360 23059 I MediaCodec: setCodecState state(1), called in 6, domain 1, 1
03-13 09:26:33.046  4832 14037 I HoneySpace.DeviceStateUseCase: update: DeviceState(naviMode=THREE_BUTTON, navigationBarHeight=144, hint=true, transparentHint=false, rotation=0, displayId=0, displaySize=Point(1080, 2640), displayCutout=DisplayCutout{insets=Rect(0, 94 - 0, 0) waterfall=Insets{left=0, top=0, right=0, bottom=0} boundingRect={Bounds=[Rect(0, 0 - 0, 0), Rect(505, 0 - 576, 94), Rect(0, 0 - 0, 0), Rect(0, 0 - 0, 0)]} cutoutPathParserInfo={CutoutPathParserInfo{displayWidth=1080 displayHeight=2640 physicalDisplayWidth=1080 physicalDisplayHeight=2640 density={3.0} cutoutSpec={M 0,0 H -11.83333333333333 V 31.33333333333333 H 11.83333333333333 V 0 H 0 Z @dp} rotation={0} scale={1.0} physicalPixelDisplaySizeRatio={1.0}}} sideOverrides={}}, isNavCanMove=true, isTablet=false, extraDisplayInfo=ExtraDisplayInfo(rotation=0, displayId=1, displaySize=Point(748, 720), displayCutout=DisplayCutout{insets=Rect(0, 0 - 0, 66) waterfall=Insets{left=0, top=0, right=0, bottom=0} boundingRect={Bounds=[Rect(0, 0 - 0, 0), Rect(0, 0 - 0, 0), Rect(0, 0 - 0, 0), Rect(379, 654 - 748, 720)]} cutoutPathParserInfo={CutoutPathParserInfo{displayWidth=748 displayHeight=720 physicalDisplayWidth=748 physicalDisplayHeight=720 density={2.125} cutoutSpec={@bottom @right M 0,0 H -173.6470588235294 V -31.05882352941176 H 0 V 0 Z @dp} rotation={0} scale={1.0} physicalPixelDisplaySizeRatio={1.0}}} sideOverrides={}}, foldState=0), enableOverlayWindow=false)
03-13 09:26:33.046 16161 21777 I NearbySharing: Fast Initiation Scanning has stopped
03-13 09:26:33.046 16161 21777 I NearbySharing: Dismissing HUN as there's no device nearby.
03-13 09:26:33.042  5393  6882 I bt_shim_scanner: system/main/shim/le_scanning_manager.cc:151 Scan: in shim layer stopped
03-13 09:26:33.046  5393  5832 W bluetooth: system/gd/hci/le_scanning_manager.cc:716 scan: address_manager_registered_
03-13 09:26:33.046  5393  5832 W bluetooth: system/gd/hci/le_scanning_manager.cc:768 stop_scan: stop_scan
03-13 09:26:33.046  5393  5832 I bluetooth: system/gd/hci/le_address_manager.cc:278 unregister_client: Client unregistered
03-13 09:26:33.046  2105  2342 W qdgralloc: getInterlacedFlag: getMetaData returned 3, defaulting to interlaced_flag = 0
03-13 09:26:33.046  5393  6882 W ScanManager: There is no scan radio to stop
03-13 09:26:33.046  5393  5832 I bluetooth: system/gd/hci/le_address_manager.cc:293 unregister_client: Cancelled address rotation alarm
03-13 09:26:33.046  5393  6882 I bt_shim_scanner: system/main/shim/le_scanning_manager.cc:335 SetScanParameters: in shim layer, scannerId1m=3, scannerIdCoded=0
03-13 09:26:33.047  5393  6882 W bt_shim_scanner: system/main/shim/le_scanning_manager.cc:365 SetScanParameters: Set scan params scan_int_1m : 3120, scan_win_1m : 160, Duty : 5.13% | scan_int_coded : 0, scan_win_coded : 0, Duty : nan%
03-13 09:26:33.047  5393  6882 I bt_shim_scanner: system/main/shim/le_scanning_manager.cc:151 Scan: in shim layer started
03-13 09:26:33.047  1993  1993 D vendor.qti.bluetooth@1.1-ibs_handler: SerialClockVote: vote for UART CLK ON
03-13 09:26:33.047  1993  1993 D vendor.qti.bluetooth@1.1-wake_lock: Acquire wakelock is acquired 
03-13 09:26:33.047  1993  1993 I vendor.qti.bluetooth@1.1-ibs_handler: DeviceWakeUp: Writing IBS_WAKE_IND
03-13 09:26:33.048  4360  4776 I SprWallpaper|FoldInteractive: resetFrame : onSeekComplete
03-13 09:26:33.048  4360  4776 I SprWallpaper|FoldInteractive: resetFrame : before release. elapsed=123
03-13 09:26:33.048  4360  4776 I SprWallpaper|VideoPlayer: release : needReset = true
03-13 09:26:33.047  6380  6380 I SemMediaResourceHelper: onState
03-13 09:26:33.048  4360 23059 I CCodec  : [c2.qti.hevc.decoder] state->set(RELEASING)
03-13 09:26:33.048  5393  6882 I bt_shim_scanner: system/main/shim/le_scanning_manager.cc:197 ScanFilterParamSetup: in shim layer, clientIf=1
03-13 09:26:33.048  4205  4205 I AppIconSolution: return adaptive icon for com.sygic.aura, isNight = true
03-13 09:26:33.048  5393  6882 E ScanManager: [GSIM LOG]: gsimLogHandler, msg: MESSAGE_SCAN_STOP, appName: com.google.android.gms, scannerId: 1, reportDelayMillis=0
03-13 09:26:33.048  4360 23095 I CCodec  : [release][3409] surface -> component
03-13 09:26:33.049  2094  2277 D AudioFlinger: setParameters: filtered dev setParameters keyvalue screen_state=off
03-13 09:26:33.049  1992  4981 D AHAL: AudioDevice: SetParameters: 1865: enter
03-13 09:26:33.049  1992  4981 D AHAL: AudioVoice: VoiceSetParameters: 200: Enter
03-13 09:26:33.049  1992  4981 D AHAL: AudioVoice: VoiceSetParameters: 479: Exit ret: 0
03-13 09:26:33.049  1992  4981 D AHAL: hfp: hfp_set_parameters: 444: enter
03-13 09:26:33.049  1992  4981 D AHAL: AudioDevice: SetParameters: 1948:  - screen = off
03-13 09:26:33.049  1992  4981 I PAL: ResourceManager: setParameter: 10683: Screen State:0
03-13 09:26:33.049  1992  4981 D AHAL: AudioDevice: SetParameters: 2798: exit: screen_state=off
03-13 09:26:33.049  4205  4205 D S.S.N.  : updateMainListArray allMap - size : 5, isEmpty: true
03-13 09:26:33.049  4205  4205 D S.S.N.  : updateMainListArray allMap - key : -1|android|32|null|1000, com.android.systemui.statusbar.notification.collection.NotificationEntry@d1bde3
03-13 09:26:33.049  4205  4205 D S.S.N.  : updateMainListArray allMap - key : 0|com.google.android.googlequicksearchbox|0|1391480565::a:snotification:[0x394,wx.f,NOTIFICATION]|10261, com.android.systemui.statusbar.notification.collection.NotificationEntry@af04269
03-13 09:26:33.049  4205  4205 D S.S.N.  : updateMainListArray allMap - key : 0|com.android.vending|0|0|com.android.vending|g:Aggregate_NormalNotificationSection|10260|0|com.android.vending|g:Aggregate_NormalNotificationSection, com.android.systemui.statusbar.notification.collection.NotificationEntry@9b253be
03-13 09:26:33.049  4205  4205 D S.S.N.  : updateMainListArray allMap child : 0|com.android.vending|-49572251|null|10260
03-13 09:26:33.049  4205  4205 I AppIconSolution: return adaptive icon for com.android.vending, isNight = true
03-13 09:26:33.050  2053  2958 D C2BqBuffer: configuring null producer: igbp_information(0)
03-13 09:26:33.050  5393  6882 I bt_shim_scanner: system/main/shim/le_scanning_manager.cc:197 ScanFilterParamSetup: in shim layer, clientIf=5
03-13 09:26:33.050  4205  4205 D S.S.N.  : updateMainListArray allMap child : 0|com.android.vending|-234430262|null|10260
03-13 09:26:33.050  4205  4205 I AppIconSolution: return adaptive icon for com.android.vending, isNight = true
03-13 09:26:33.051  6103  6103 W ContextImpl: Calling a method in the system process without a qualified user: android.app.ContextImpl.startService:2068 android.content.ContextWrapper.startService:872 android.content.ContextWrapper.startService:872 com.sec.android.diagmonagent.sa.receiver.CFLogReceiver.onReceive:56 android.app.ActivityThread.handleReceiver:5663 
03-13 09:26:33.051  4205  4205 D S.S.N.  : updateMainListArray allMap - key : 0|com.samsung.android.app.smartcapture|5755|null|10221, com.android.systemui.statusbar.notification.collection.NotificationEntry@1e3936a
03-13 09:26:33.051  4205  4205 D S.S.N.  : updateMainListArray allMap - key : 0|com.sygic.aura|0|null|10286, com.android.systemui.statusbar.notification.collection.NotificationEntry@97b2bc8
03-13 09:26:33.051  5393  6882 I bt_shim_scanner: system/main/shim/le_scanning_manager.cc:197 ScanFilterParamSetup: in shim layer, clientIf=5
03-13 09:26:33.051  4205  4205 I SubLauncher:SubLauncherCapsuleView@123218506: Capsule onFoldClosed true
03-13 09:26:33.052  4205  4205 I LayoutDataBinder: subLauncherAODFrontScrimAnimState : SUB_LAUNCHER_AOD_FRONT_SCRIM_BLACK
03-13 09:26:33.052  5393  6882 E ScanManager: [GSIM LOG]: gsimLogHandler, msg: MESSAGE_SCAN_STOP, appName: com.google.android.gms, scannerId: 5, reportDelayMillis=0
03-13 09:26:33.052  4205  4205 D SubLauncher:SubLauncherPageIndicatorPolicyView@76808005: setAvailable: true
03-13 09:26:33.052  1993  6685 I vendor.qti.bluetooth@1.1-ibs_handler: ProcessIbsCmd: Received IBS_WAKE_ACK: 0xFC
03-13 09:26:33.052  1993  6685 I vendor.qti.bluetooth@1.1-ibs_handler: ProcessIbsCmd: Signal wack_cond_
03-13 09:26:33.052  1993  1993 D vendor.qti.bluetooth@1.1-ibs_handler: DeviceWakeUp: Unblocked from waiting for FC, pthread_cond_timedwait ret = 0
03-13 09:26:33.053  2053  2958 I QC2V4l2Codec: [v4lhvcD_774] KPI_L1: stop: ms=1
03-13 09:26:33.053  5393  5832 I bluetooth: system/gd/hci/le_scanning_manager.cc:765 stop_scan: Scanning already stopped, return!
03-13 09:26:33.053  4205  4205 D NavBarStateManager: NavBarStates(1) supportLargeCoverScreenNavBar: true
03-13 09:26:33.053  4205  4205 D NavBarView: disableBack=true (isBackDismissIme=false, handlingGestures=false, disabledFlagBack=true, isBottomGesture=false, isImeRenderingNavButtons=false)
03-13 09:26:33.053  4205  4205 D NavBarStateManager: NavBarStates(1) supportLargeCoverScreenNavBar: true
03-13 09:26:33.053  5393  5832 W bluetooth: system/gd/hci/le_scanning_manager.cc:732 start_scan: start_scan
03-13 09:26:33.053  4205  4205 D Navbar.Store: handleEvent(0) OnUpdateSysUiStateFlag(noArguments=true) [Module] SamsungNavigationBarView
03-13 09:26:33.053  4205  4205 D Navbar.Store: --[Band]GESTURE_PACK_UPDATE_SYSTEMUI_STATE_FLAG
03-13 09:26:33.053  4205  4205 D Navbar.Store: --[Band] (afterAction) GESTURE_PACK_UPDATE_SYSTEMUI_STATE_FLAG
03-13 09:26:33.053  5393  5832 W bluetooth: system/gd/hci/le_scanning_manager.cc:735 start_scan: Register address manager
03-13 09:26:33.053  5393  5832 I bluetooth: system/gd/hci/le_address_manager.cc:581 GetNextPrivateAddressIntervalRange: client=LeAddressManager, nonwake=8m37s, wake=13m8s
03-13 09:26:33.053  4205  4205 D NavBarStateManager: NavBarStates(1) supportLargeCoverScreenNavBar: true
03-13 09:26:33.053  4205  4205 D NavBarView: disableBack=true (isBackDismissIme=false, handlingGestures=false, disabledFlagBack=true, isBottomGesture=false, isImeRenderingNavButtons=false)
03-13 09:26:33.053  4205  4205 D NavBarStateManager: NavBarStates(1) supportLargeCoverScreenNavBar: true
03-13 09:26:33.053  4205  4205 D Navbar.Store: handleEvent(0) OnUpdateSysUiStateFlag(noArguments=true) [Module] SamsungNavigationBarView
03-13 09:26:33.053  4205  4205 D Navbar.Store: --[Band]GESTURE_PACK_UPDATE_SYSTEMUI_STATE_FLAG
03-13 09:26:33.053  5393  5832 I bluetooth: system/gd/hci/le_address_manager.cc:259 register_client: Scheduled address rotation for first client registered
03-13 09:26:33.053  4205  4205 D Navbar.Store: --[Band] (afterAction) GESTURE_PACK_UPDATE_SYSTEMUI_STATE_FLAG
03-13 09:26:33.053  5393  5832 I bluetooth: system/gd/hci/le_address_manager.cc:263 register_client: Client registered
03-13 09:26:33.053  4205  4205 D NavigationModeController: getCurrentInteractionMode: mode=0 contextUser=0
03-13 09:26:33.053  4205  4205 D Navbar.Store: handleEvent(1) OnNavBarAttachedToWindow(navigationBarView=com.android.systemui.navigationbar.views.SamsungNavigationBarView{b10c763 G.E...... ......ID 0,0-0,0 #7f0a0847 app:id/navigation_bar_view}, navbarTransitions=com.android.systemui.navigationbar.views.NavigationBarTransitions@c773f60) [Module] SamsungNavigationBarView
03-13 09:26:33.053  4205  4205 D Navbar.Store: --[Band]STABLE_LAYOUT_PACK_NAVBAR_ATTACHED_TO_WINDOW
03-13 09:26:33.053  4205  4205 D Navbar.Store: ----apply(1) NavBarStoreAction$ReinflateNavBar
03-13 09:26:33.053  4205  4205 D Navbar.Store: ----handleEvent(1) GetInflateLayoutID(vertical=false) [Module] SamsungNavigationBarInflaterView
03-13 09:26:33.053  4205  4205 D Navbar.Store: ------[Band]STABLE_LAYOUT_PACK_GET_INFLATE_LAYOUT_ID
03-13 09:26:33.053  4205  4205 D NavBarStateManager: NavBarStates(1) getLayoutID(vertical: false): 2131559285
03-13 09:26:33.053  4205  4205 D Navbar.Store: ----handleEvent(1) value= 2131559285
03-13 09:26:33.053  6103  6103 W ContextImpl: Calling a method in the system process without a qualified user: android.app.ContextImpl.startService:2068 android.content.ContextWrapper.startService:872 android.content.ContextWrapper.startService:872 com.sec.android.diagmonagent.sa.receiver.CFLogReceiver.onReceive:56 android.app.ActivityThread.handleReceiver:5663 
03-13 09:26:33.053  4205  4205 D Navbar.Store: ----handleEvent(1) GetInflateLayoutID(vertical=true) [Module] SamsungNavigationBarInflaterView
03-13 09:26:33.053  4205  4205 D Navbar.Store: ------[Band]STABLE_LAYOUT_PACK_GET_INFLATE_LAYOUT_ID
03-13 09:26:33.053  4205  4205 D NavBarStateManager: NavBarStates(1) getLayoutID(vertical: true): 2131559287
03-13 09:26:33.053  4205  4205 D Navbar.Store: ----handleEvent(1) value= 2131559287
03-13 09:26:33.053  1993  6685 I vendor.qti.bluetooth@1.1-ibs_handler: ProcessIbsCmd: Received IBS_WAKE_IND: 0xFD
03-13 09:26:33.053  1993  6685 I vendor.qti.bluetooth@1.1-ibs_handler: ProcessIbsCmd: Writing IBS_WAKE_ACK
03-13 09:26:33.053  4205  4205 D Navbar.Store: ----handleEvent(1) GetDefaultLayout(noArguments=true) [Module] SamsungNavigationBarInflaterView
03-13 09:26:33.053  4205  4205 D Navbar.Store: ------[Band]STABLE_LAYOUT_PACK_GET_DEFAULT_LAYOUT
03-13 09:26:33.053  4205  4205 D NavBarStateManager: NavBarStates(1) getDefaultLayout: space,home,gap,back,space;;
03-13 09:26:33.053  4205  4205 D Navbar.Store: ----handleEvent(1) value= space,home,gap,back,space;;
03-13 09:26:33.054  4205  4205 D Navbar.Store: ----handleEvent(1) GetInflateButtonWidth(buttonSpec=space, landscape=false) [Module] SamsungNavigationBarInflaterView
03-13 09:26:33.054  4205  4205 D Navbar.Store: ------[Band]STABLE_LAYOUT_PACK_INFLATE_NAVBAR
03-13 09:26:33.054  4205  4205 D NavBarStateManager: NavBarStates(1) getSpaceWidth(land: false): 64
03-13 09:26:33.054  4205  4205 D Navbar.Store: ----handleEvent(1) value= 64
03-13 09:26:33.054  4205  4205 D Navbar.Store: ----handleEvent(1) GetInflateButtonWidth(buttonSpec=home, landscape=false) [Module] SamsungNavigationBarInflaterView
03-13 09:26:33.054  4205  4205 D Navbar.Store: ------[Band]STABLE_LAYOUT_PACK_INFLATE_NAVBAR
03-13 09:26:33.054  4205  4205 D NavBarStateManager: NavBarStates(1) getButtonWidth(land: false): 102
03-13 09:26:33.054  4205  4205 D Navbar.Store: ----handleEvent(1) value= 102
03-13 09:26:33.054  4205  4205 D Navbar.Store: ----handleEvent(1) GetInflateButtonWidth(buttonSpec=gap, landscape=false) [Module] SamsungNavigationBarInflaterView
03-13 09:26:33.054  4205  4205 D Navbar.Store: ------[Band]STABLE_LAYOUT_PACK_INFLATE_NAVBAR
03-13 09:26:33.054  4205  4205 D NavBarStateManager: NavBarStates(1) getButtonDistanceSize(land: false): 17
03-13 09:26:33.054  4205  4205 D Navbar.Store: ----handleEvent(1) value= 17
03-13 09:26:33.054  4205  4205 D Navbar.Store: ----handleEvent(1) GetInflateButtonWidth(buttonSpec=back, landscape=false) [Module] SamsungNavigationBarInflaterView
03-13 09:26:33.054  4205  4205 D Navbar.Store: ------[Band]STABLE_LAYOUT_PACK_INFLATE_NAVBAR
03-13 09:26:33.054  4205  4205 D NavBarStateManager: NavBarStates(1) getButtonWidth(land: false): 102
03-13 09:26:33.054  4205  4205 D Navbar.Store: ----handleEvent(1) value= 102
03-13 09:26:33.054  4205  4205 D Navbar.Store: ----handleEvent(1) GetInflateButtonWidth(buttonSpec=space, landscape=false) [Module] SamsungNavigationBarInflaterView
03-13 09:26:33.054  4205  4205 D Navbar.Store: ------[Band]STABLE_LAYOUT_PACK_INFLATE_NAVBAR
03-13 09:26:33.054  4205  4205 D NavBarStateManager: NavBarStates(1) getSpaceWidth(land: false): 64
03-13 09:26:33.054  4205  4205 D Navbar.Store: ----handleEvent(1) value= 64
03-13 09:26:33.054  4205  4205 D Navbar.Store: ----handleEvent(1) GetInflateButtonWidth(buttonSpec=space, landscape=true) [Module] SamsungNavigationBarInflaterView
03-13 09:26:33.054  4205  4205 D Navbar.Store: ------[Band]STABLE_LAYOUT_PACK_INFLATE_NAVBAR
03-13 09:26:33.054  4205  4205 D NavBarStateManager: NavBarStates(1) getSpaceWidth(land: true): 64
03-13 09:26:33.054  4205  4205 D Navbar.Store: ----handleEvent(1) value= 64
03-13 09:26:33.054  4205  4205 D Navbar.Store: ----handleEvent(1) GetInflateButtonWidth(buttonSpec=home, landscape=true) [Module] SamsungNavigationBarInflaterView
03-13 09:26:33.054  4205  4205 D Navbar.Store: ------[Band]STABLE_LAYOUT_PACK_INFLATE_NAVBAR
03-13 09:26:33.054  4205  4205 D NavBarStateManager: NavBarStates(1) getButtonWidth(land: true): 102
03-13 09:26:33.054  4205  4205 D Navbar.Store: ----handleEvent(1) value= 102
03-13 09:26:33.054  2022  2124 I HYPER-HAL: [RequestManager.cpp]acquire(): Acquired ID : 136411877  [2025 / 14491]    HINT :      list : [TID_LOW_LATENCY / 1] [TID / 4392] [TID / 4393] [TID / 4205] [TID / 4394] 
03-13 09:26:33.054  4205  4205 D Navbar.Store: ----handleEvent(1) GetInflateButtonWidth(buttonSpec=gap, landscape=true) [Module] SamsungNavigationBarInflaterView
03-13 09:26:33.054  4205  4205 D Navbar.Store: ------[Band]STABLE_LAYOUT_PACK_INFLATE_NAVBAR
03-13 09:26:33.054  4205  4205 D NavBarStateManager: NavBarStates(1) getButtonDistanceSize(land: true): 17
03-13 09:26:33.054  4205  4205 D Navbar.Store: ----handleEvent(1) value= 17
03-13 09:26:33.054  4205  4205 D Navbar.Store: ----handleEvent(1) GetInflateButtonWidth(buttonSpec=back, landscape=true) [Module] SamsungNavigationBarInflaterView
03-13 09:26:33.054  4205  4205 D Navbar.Store: ------[Band]STABLE_LAYOUT_PACK_INFLATE_NAVBAR
03-13 09:26:33.054  4205  4205 D NavBarStateManager: NavBarStates(1) getButtonWidth(land: true): 102
03-13 09:26:33.054  4205  4205 D Navbar.Store: ----handleEvent(1) value= 102
03-13 09:26:33.054  4205  4205 D Navbar.Store: ----handleEvent(1) GetInflateButtonWidth(buttonSpec=space, landscape=true) [Module] SamsungNavigationBarInflaterView
03-13 09:26:33.054  4205  4205 D Navbar.Store: ------[Band]STABLE_LAYOUT_PACK_INFLATE_NAVBAR
03-13 09:26:33.054  4205  4205 D NavBarStateManager: NavBarStates(1) getSpaceWidth(land: true): 64
03-13 09:26:33.054  4205  4205 D Navbar.Store: ----handleEvent(1) value= 64
03-13 09:26:33.054  4205  4205 D Navbar.Store: ----handleEvent(1) GetInflateButtonWidth(buttonSpec=space, landscape=false) [Module] SamsungNavigationBarInflaterView
03-13 09:26:33.054  4205  4205 D Navbar.Store: ------[Band]STABLE_LAYOUT_PACK_INFLATE_NAVBAR
03-13 09:26:33.054  4205  4205 D NavBarStateManager: NavBarStates(1) getSpaceWidth(land: false): 64
03-13 09:26:33.054  4205  4205 D Navbar.Store: ----handleEvent(1) value= 64
03-13 09:26:33.054  4205  4205 D Navbar.Store: ----handleEvent(1) GetInflateButtonWidth(buttonSpec=left_remote_view, landscape=false) [Module] SamsungNavigationBarInflaterView
03-13 09:26:33.054  4205  4205 D Navbar.Store: ------[Band]STABLE_LAYOUT_PACK_INFLATE_NAVBAR
03-13 09:26:33.054  4205  4205 D NavBarStateManager: NavBarStates(1) getButtonWidth(land: false): 102
03-13 09:26:33.054  4205  4205 D Navbar.Store: ----handleEvent(1) value= 102
03-13 09:26:33.054  4205  4205 D Navbar.Store: ----handleEvent(1) GetInflateButtonWidth(buttonSpec=gap, landscape=false) [Module] SamsungNavigationBarInflaterView
03-13 09:26:33.054  4205  4205 D Navbar.Store: ------[Band]STABLE_LAYOUT_PACK_INFLATE_NAVBAR
03-13 09:26:33.054  4205  4205 D NavBarStateManager: NavBarStates(1) getButtonDistanceSize(land: false): 17
03-13 09:26:33.054  4205  4205 D Navbar.Store: ----handleEvent(1) value= 17
03-13 09:26:33.054  4205  4205 D Navbar.Store: ----handleEvent(1) GetInflateButtonWidth(buttonSpec=right_remote_view, landscape=false) [Module] SamsungNavigationBarInflaterView
03-13 09:26:33.054  4205  4205 D Navbar.Store: ------[Band]STABLE_LAYOUT_PACK_INFLATE_NAVBAR
03-13 09:26:33.054  4205  4205 D NavBarStateManager: NavBarStates(1) getButtonWidth(land: false): 102
03-13 09:26:33.054  4205  4205 D Navbar.Store: ----handleEvent(1) value= 102
03-13 09:26:33.054  4205  4205 D Navbar.Store: ----handleEvent(1) GetInflateButtonWidth(buttonSpec=space, landscape=false) [Module] SamsungNavigationBarInflaterView
03-13 09:26:33.054  4205  4205 D Navbar.Store: ------[Band]STABLE_LAYOUT_PACK_INFLATE_NAVBAR
03-13 09:26:33.054  4205  4205 D NavBarStateManager: NavBarStates(1) getSpaceWidth(land: false): 64
03-13 09:26:33.054  4205  4205 D Navbar.Store: ----handleEvent(1) value= 64
03-13 09:26:33.054  4205  4205 D Navbar.Store: ----handleEvent(1) GetInflateButtonWidth(buttonSpec=space, landscape=true) [Module] SamsungNavigationBarInflaterView
03-13 09:26:33.054  4205  4205 D Navbar.Store: ------[Band]STABLE_LAYOUT_PACK_INFLATE_NAVBAR
03-13 09:26:33.054  4205  4205 D NavBarStateManager: NavBarStates(1) getSpaceWidth(land: true): 64
03-13 09:26:33.054  4205  4205 D Navbar.Store: ----handleEvent(1) value= 64
03-13 09:26:33.054  4205  4205 D Navbar.Store: ----handleEvent(1) GetInflateButtonWidth(buttonSpec=left_remote_view, landscape=false) [Module] SamsungNavigationBarInflaterView
03-13 09:26:33.054  4205  4205 D Navbar.Store: ------[Band]STABLE_LAYOUT_PACK_INFLATE_NAVBAR
03-13 09:26:33.054  4205  4205 D NavBarStateManager: NavBarStates(1) getButtonWidth(land: false): 102
03-13 09:26:33.054  4205  4205 D Navbar.Store: ----handleEvent(1) value= 102
03-13 09:26:33.054  4205  4205 D Navbar.Store: ----handleEvent(1) GetInflateButtonWidth(buttonSpec=gap, landscape=true) [Module] SamsungNavigationBarInflaterView
03-13 09:26:33.054  4205  4205 D Navbar.Store: ------[Band]STABLE_LAYOUT_PACK_INFLATE_NAVBAR
03-13 09:26:33.054  4205  4205 D NavBarStateManager: NavBarStates(1) getButtonDistanceSize(land: true): 17
03-13 09:26:33.054  4205  4205 D Navbar.Store: ----handleEvent(1) value= 17
03-13 09:26:33.054  4205  4205 D Navbar.Store: ----handleEvent(1) GetInflateButtonWidth(buttonSpec=right_remote_view, landscape=false) [Module] SamsungNavigationBarInflaterView
03-13 09:26:33.054  4205  4205 D Navbar.Store: ------[Band]STABLE_LAYOUT_PACK_INFLATE_NAVBAR
03-13 09:26:33.054  4205  4205 D NavBarStateManager: NavBarStates(1) getButtonWidth(land: false): 102
03-13 09:26:33.054  4205  4205 D Navbar.Store: ----handleEvent(1) value= 102
03-13 09:26:33.054  4205  4205 D Navbar.Store: ----handleEvent(1) GetInflateButtonWidth(buttonSpec=space, landscape=true) [Module] SamsungNavigationBarInflaterView
03-13 09:26:33.054  4205  4205 D Navbar.Store: ------[Band]STABLE_LAYOUT_PACK_INFLATE_NAVBAR
03-13 09:26:33.054  4205  4205 D NavBarStateManager: NavBarStates(1) getSpaceWidth(land: true): 64
03-13 09:26:33.054  4205  4205 D Navbar.Store: ----handleEvent(1) value= 64
03-13 09:26:33.054  4205  4205 D Navbar.Store: ----handleEvent(1) GetNavBarSidePadding(landscape=false) [Module] SamsungNavigationBarInflaterView
03-13 09:26:33.054  4205  4205 D Navbar.Store: ------[Band]STABLE_LAYOUT_PACK_INFLATE_NAVBAR_SIDE_PADDING
03-13 09:26:33.054  4205  4205 D NavBarStateManager: NavBarStates(1) getNavBarSidePadding: 0
03-13 09:26:33.054  4205  4205 D Navbar.Store: ----handleEvent(1) value= 0
03-13 09:26:33.054  4205  4205 D Navbar.Store: ----handleEvent(1) GetNavBarSidePadding(landscape=true) [Module] SamsungNavigationBarInflaterView
03-13 09:26:33.054  4205  4205 D Navbar.Store: ------[Band]STABLE_LAYOUT_PACK_INFLATE_NAVBAR_SIDE_PADDING
03-13 09:26:33.054  4205  4205 D NavBarStateManager: NavBarStates(1) getNavBarSidePadding: 0
03-13 09:26:33.054  4205  4205 D Navbar.Store: ----handleEvent(1) value= 0
03-13 09:26:33.054  4205  4205 D Navbar.Store: ----handleEvent(1) GetNavBarSidePadding(landscape=false) [Module] SamsungNavigationBarInflaterView
03-13 09:26:33.054  4205  4205 D Navbar.Store: ------[Band]STABLE_LAYOUT_PACK_INFLATE_NAVBAR_SIDE_PADDING
03-13 09:26:33.054  4205  4205 D NavBarStateManager: NavBarStates(1) getNavBarSidePadding: 0
03-13 09:26:33.054  4205  4205 D Navbar.Store: ----handleEvent(1) value= 0
03-13 09:26:33.054  4205  4205 D Navbar.Store: ----handleEvent(1) GetNavBarSidePadding(landscape=true) [Module] SamsungNavigationBarInflaterView
03-13 09:26:33.054  4205  4205 D Navbar.Store: ------[Band]STABLE_LAYOUT_PACK_INFLATE_NAVBAR_SIDE_PADDING
03-13 09:26:33.054  4205  4205 D NavBarStateManager: NavBarStates(1) getNavBarSidePadding: 0
03-13 09:26:33.054  4205  4205 D Navbar.Store: ----handleEvent(1) value= 0
03-13 09:26:33.054  4205  4205 D NavBarStateManager: NavBarStates(1) isNavBarHiddenByKnox: false
03-13 09:26:33.054  4205  4205 D NavBarStateManager: NavBarStates(1) canShowGestureHint: true
03-13 09:26:33.054  4205  4205 D AccessibilityGestureHandler: onNavBarAttached
03-13 09:26:33.054  4205  4205 D NavBarStateManager: NavBarStates(1) isLargeCoverScreenSyncEnabled: false
03-13 09:26:33.054  4205  4205 D AccessibilityGestureHandler: a11yButtonState: false, coverScreenNavBarEnabled: false gestureMode: false, isWindowShowing: false, isCoverNavBarVisible: false, isEnabled: false
03-13 09:26:33.054  4205  4205 D NavBarStateManager: NavBarStates(1) isLargeCoverScreenSyncEnabled: false
03-13 09:26:33.055  2105  2922 I SurfaceFlinger: id=42216 createSurf, flag=84004, [Gesture Monitor] edge-swipe#42216
03-13 09:26:33.055  3003  4920 D InputTransport: Input channel constructed: '[Gestur', fd=971
03-13 09:26:33.055  3003  4920 D InputTransport: Input channel constructed: '[Gestur', fd=1197
03-13 09:26:33.055  3003  4866 D HintManagerService: SystemUI make new AppHintSession but force pause
03-13 09:26:33.055  3003  4920 D InputTransport: Input channel constructed: '[Gestur', fd=1201
03-13 09:26:33.055  3003  4920 D InputTransport: Input channel destroyed: '[Gestur', fd=1201
03-13 09:26:33.056  2022  2124 I HYPER-HAL: [RequestManager.cpp]acquire(): Acquired ID : 136411877  [2025 / 14491]    HINT :      list : [TID_LOW_LATENCY / 0] [TID / 4392] [TID / 4393] [TID / 4205] [TID / 4394] 
03-13 09:26:33.056  4205  4205 D InputTransport: Input channel constructed: '[Gestur', fd=589
03-13 09:26:33.056  4205  4205 D InputMonitorCompat: Input monitor (edge-swipe-disp1) created
03-13 09:26:33.056  4205  4205 D InputMonitorCompat: Input event receiver for monitor (edge-swipe-disp1) created
03-13 09:26:33.056  4205  4205 I WindowManager: WindowManagerGlobal#addView, ty=2024, view=com.android.systemui.navigationbar.gestural.SamsungBackPanel{3d88bfd G.ED..... ......I. 0,0-0,0}, caller=android.view.WindowManagerImpl.addView:158 com.android.systemui.navigationbar.gestural.BackPanelController.setLayoutParams:7 com.android.systemui.navigationbar.gestural.EdgeBackGestureHandler.setEdgeBackPlugin:20 
03-13 09:26:33.056  4205  4205 I ViewRootImpl: dVRR is disabled
03-13 09:26:33.057  4205  4394 D NativeCustomFrequencyManager: [NativeCFMS] BpCustomFrequencyManager::BpCustomFrequencyManager()
03-13 09:26:33.058  2105  2922 I SurfaceFlinger: id=42217 createSurf, flag=84004, WindowToken{1abf017 type=2024 android.os.BinderProxy@d517c96}#42217
03-13 09:26:33.058  3003  4405 D InputTransport: Input channel constructed: '2266c04', fd=1241
03-13 09:26:33.058  3003  4405 D InputTransport: Input channel constructed: '2266c04', fd=1259
03-13 09:26:33.058  3003  4405 D InputTransport: Input channel constructed: '2266c04', fd=1260
03-13 09:26:33.058  3003  4405 D InputTransport: Input channel destroyed: '2266c04', fd=1259
03-13 09:26:33.058  3003  4405 D WindowManager: prepareSync <SYNC_STATE_WAITING_FOR_DRAW>, mPrepareSyncSeqId=0, win=Window{2266c04 u0 EdgeBackGestureHandler1}
03-13 09:26:33.058  2105  2922 I SurfaceFlinger: id=42218 createSurf, flag=84004, 2266c04 EdgeBackGestureHandler1#42218
03-13 09:26:33.058  3003  4405 D RestrictionPolicy: isScreenCaptureEnabled : ret=true userId=0
03-13 09:26:33.058  3003  4405 D InputTransport: Input channel destroyed: '2266c04', fd=1260
03-13 09:26:33.058  4205  4205 D InputTransport: Input channel constructed: '2266c04', fd=608
03-13 09:26:33.058  4205  4205 I InsetsController: onStateChanged: host=EdgeBackGestureHandler1, from=android.view.ViewRootImpl.onInsetsStateChanged:3026, state=InsetsState: {mDisplayFrame=Rect(0, 0 - 748, 720), mDisplayCutout=DisplayCutout{insets=Rect(0, 0 - 0, 66) waterfall=Insets{left=0, top=0, right=0, bottom=0} boundingRect={Bounds=[Rect(0, 0 - 0, 0), Rect(0, 0 - 0, 0), Rect(0, 0 - 0, 0), Rect(379, 654 - 748, 720)]} cutoutPathParserInfo={CutoutPathParserInfo{displayWidth=748 displayHeight=720 physicalDisplayWidth=748 physicalDisplayHeight=720 density={2.125} cutoutSpec={@bottom @right M 0,0 H -173.6470588235294 V -31.05882352941176 H 0 V 0 Z @dp} rotation={0} scale={1.0} physicalPixelDisplaySizeRatio={1.0}}} sideOverrides={}}, mRoundedCorners=RoundedCorners{[RoundedCorner{position=TopLeft, radius=49, center=Point(49, 49)}, RoundedCorner{position=TopRight, radius=49, center=Point(699, 49)}, RoundedCorner{position=BottomRight, radius=49, center=Point(699, 671)}, RoundedCorner{position=BottomLeft, radius=49, center=Point(49, 671)}]}  mRoundedCornerFrame=Rect(0, 0 - 0, 0), mPrivacyIndicatorBounds=PrivacyIndicatorBounds {static bounds=null rotation=0}, mDisplayShape=DisplayShape{ spec=1406003047 displayWidth=748 displayHeight=720 physicalPixelDisplaySizeRatio=1.0 rotation=0 offsetX=0 offsetY=0 scale=1.0}, mSources= { InsetsSource: {67 mType=displayCutout mFrame=[0,654][748,720] mVisible=true mFlags= mSideHint=BOTTOM mBoundingRects=null}, InsetsSource: {a2c0004 mType=systemGestures mFrame=[0,0][0,0] mVisible=false mFlags= mSideHint=NONE mBoundingRects=null}, InsetsSource: {a2c0005 mType=mandatorySystemGestures mFrame=[0,0][0,0] mVisible=false mFlags= mSideHint=NONE mBoundingRects=null}, InsetsSource: {a2c0024 mType=systemGestures mFrame=[0,0][0,0] mVisible=false mFlags= mSideHint=NONE mBoundingRects=null} }
03-13 09:26:33.058  4205  4205 I VRI[EdgeBackGestureHandler1]@88e0f2: synced displayState. AttachInfo displayState=1
03-13 09:26:33.058  2022  2124 I HYPER-HAL: [RequestManager.cpp]acquire(): Acquired ID : 136444914  [2025 / 14493]    HINT :      list : [TID_LOW_LATENCY / 1] [TID / 4392] [TID / 4393] [TID / 4205] [TID / 4394] 
03-13 09:26:33.058  2053  2958 I QC2V4l2Codec: [v4lhvcD_774] KPI_L1: release: ms=5
03-13 09:26:33.059  2053  2958 I QC2V4l2Codec: [v4lhvcD_774] KPI_L1: stop: ms=0
03-13 09:26:33.059  3003  4866 D HintManagerService: SystemUI make new AppHintSession but force pause
03-13 09:26:33.059  2053  2958 I QC2V4l2Codec: [v4lhvcD_774] KPI_L1: release: ms=0
03-13 09:26:33.059  4205  4205 I VRI[EdgeBackGestureHandler1]@88e0f2: setView = com.android.systemui.navigationbar.gestural.SamsungBackPanel@3d88bfd IsHRR=false mFlingFrameRateChange=0 TM=true
03-13 09:26:33.059  4205  4205 D PluginActionManager: startListening
03-13 09:26:33.059  4205  4458 D PluginActionManager: queryAll com.android.systemui.action.PLUGIN_NAVIGATION_EDGE_BACK_ACTION
03-13 09:26:33.059  2022  2124 I HYPER-HAL: [RequestManager.cpp]acquire(): Acquired ID : 136444914  [2025 / 14493]    HINT :      list : [TID_LOW_LATENCY / 0] [TID / 4392] [TID / 4393] [TID / 4205] [TID / 4394] 
03-13 09:26:33.059  4205  4458 D PluginActionManager: Found 0 plugins
03-13 09:26:33.060  4205  4205 D AccessibilityGestureHandler: coverNavbarVisibilityChanged
03-13 09:26:33.060  4205  4205 D NavBarStateManager: NavBarStates(1) isLargeCoverScreenSyncEnabled: false
03-13 09:26:33.060  4205  4205 D AccessibilityGestureHandler: a11yButtonState: false, coverScreenNavBarEnabled: false gestureMode: false, isWindowShowing: false, isCoverNavBarVisible: false, isEnabled: false
03-13 09:26:33.060  4205  4205 D NavBarStateManager: NavBarStates(1) supportLargeCoverScreenNavBar: true
03-13 09:26:33.060  4205  4205 D NavBarView: disableBack=true (isBackDismissIme=false, handlingGestures=false, disabledFlagBack=true, isBottomGesture=false, isImeRenderingNavButtons=false)
03-13 09:26:33.060  4205  4205 D NavBarStateManager: NavBarStates(1) supportLargeCoverScreenNavBar: true
03-13 09:26:33.060  4205  4205 D Navbar.Store: ----handleEvent(0) OnUpdateSysUiStateFlag(noArguments=true) [Module] SamsungNavigationBarView
03-13 09:26:33.060  4205  4205 D Navbar.Store: ------[Band]GESTURE_PACK_UPDATE_SYSTEMUI_STATE_FLAG
03-13 09:26:33.060  4205  4205 D Navbar.Store: ------[Band] (afterAction) GESTURE_PACK_UPDATE_SYSTEMUI_STATE_FLAG
03-13 09:26:33.060  4205  4205 D Navbar.Store: --[Band] (afterAction) SETUPWIZARD_PACK_SET_NAVBAR_STYLE
03-13 09:26:33.060  4205  4205 D Navbar.Store: ----apply(1) NavBarStoreAction$UpdateNavBarNormalStyle
03-13 09:26:33.060  4205  4205 D NavBarStateManager: NavBarStates(1) canShowKeyboardButtonForRotation(0): true
03-13 09:26:33.060  4205  4205 D NavBarStateManager: NavBarStates(1) supportLargeCoverScreenNavBar: true
03-13 09:26:33.060  4205  4205 D NavBarStateManager: NavBarStates(1) canShowKeyboardButtonForRotation(0): true
03-13 09:26:33.061  4205  4205 D NavBarStateManager: NavBarStates(1) supportLargeCoverScreenNavBar: true
03-13 09:26:33.061  4205  4205 D NavBarStateManager: NavBarStates(1) canShowKeyboardButtonForRotation(1): true
03-13 09:26:33.061  4205  4205 D NavBarStateManager: NavBarStates(1) supportLargeCoverScreenNavBar: true
03-13 09:26:33.061  4205  4205 D NavBarStateManager: NavBarStates(1) canShowKeyboardButtonForRotation(2): true
03-13 09:26:33.061  2053  2958 D BufferPoolAccessor2.0: Destruction - bufferpool2 0xb400006f37a4d448 cached: 0/0M, 0/0% in use; allocs: 13, 0% recycled; transfers: 0, 0% unfetched
03-13 09:26:33.061  4205  4205 D NavBarStateManager: NavBarStates(1) supportLargeCoverScreenNavBar: true
03-13 09:26:33.061  4205  4205 D NavBarStateManager: NavBarStates(1) canShowKeyboardButtonForRotation(3): true
03-13 09:26:33.061  4205  4205 D NavBarStateManager: NavBarStates(1) supportLargeCoverScreenNavBar: true
03-13 09:26:33.061  4205  4205 D NavBarStateManager: NavBarStates(1) supportLargeCoverScreenNavBar: true
03-13 09:26:33.061  4205  4205 D NavBarView: disableBack=true (isBackDismissIme=false, handlingGestures=false, disabledFlagBack=true, isBottomGesture=false, isImeRenderingNavButtons=false)
03-13 09:26:33.061  4205  4205 D NavBarStateManager: NavBarStates(1) supportLargeCoverScreenNavBar: true
03-13 09:26:33.061  4205  4205 D Navbar.Store: ----handleEvent(0) OnUpdateSysUiStateFlag(noArguments=true) [Module] SamsungNavigationBarView
03-13 09:26:33.061  4205  4205 D Navbar.Store: ------[Band]GESTURE_PACK_UPDATE_SYSTEMUI_STATE_FLAG
03-13 09:26:33.061  4205  4205 D Navbar.Store: ------[Band] (afterAction) GESTURE_PACK_UPDATE_SYSTEMUI_STATE_FLAG
03-13 09:26:33.061  4205  4205 D Navbar.Store: --[Band] (afterAction) COVER_SCREEN_PACK_NAVBAR_ATTACHED_TO_WINDOW
03-13 09:26:33.061  2053  2958 I QC2Comp : [hvcD_774] NOTE: Release returning: 0 (OK=0)
03-13 09:26:33.061  4205  4205 D Navbar.Store: ----apply(1) NavBarStoreAction$UpdateNavBarLayoutParams
03-13 09:26:33.062  4205  4205 D NavBarStateManager: NavBarStates(1) canShowKeyboardButtonForRotation(0): true
03-13 09:26:33.062  4205  4205 D NavBarStateManager: NavBarStates(1) supportLargeCoverScreenNavBar: true
03-13 09:26:33.062  4205  4205 D NavBarStateManager: NavBarStates(1) canShowKeyboardButtonForRotation(0): true
03-13 09:26:33.062  4205  4205 D NavBarStateManager: NavBarStates(1) supportLargeCoverScreenNavBar: true
03-13 09:26:33.062  4205  4205 D NavBarStateManager: NavBarStates(1) canShowKeyboardButtonForRotation(1): true
03-13 09:26:33.062  2053  2958 I QC2Comp : [hvcD_774] KPI_L1: release: ms=11
03-13 09:26:33.062  2053  2958 I FRCFilterPlugin: release entry
03-13 09:26:33.062  2053  2958 I FRCFilterPlugin: shutDownMpp entry
03-13 09:26:33.062  2053  2958 I FRCFilterPlugin: shutDownMpp exit
03-13 09:26:33.062  4205  4205 D NavBarStateManager: NavBarStates(1) supportLargeCoverScreenNavBar: true
03-13 09:26:33.062  2053  2958 I FRCFilterPlugin: cleanUpResources entry
03-13 09:26:33.062  4205  4205 D NavBarStateManager: NavBarStates(1) canShowKeyboardButtonForRotation(2): true
03-13 09:26:33.062  2053  2958 I FRCFilterPlugin: cleanUpResources exit
03-13 09:26:33.062  2053  2958 I FRCFilterPlugin: release exit
03-13 09:26:33.063  4360 23095 I CCodec  : [c2.qti.hevc.decoder] state->set(RELEASED)
03-13 09:26:33.063  4205  4205 D NavBarStateManager: NavBarStates(1) supportLargeCoverScreenNavBar: true
03-13 09:26:33.063  4205  4205 D NavBarStateManager: NavBarStates(1) canShowKeyboardButtonForRotation(3): true
03-13 09:26:33.063  4205  4205 D NavBarStateManager: NavBarStates(1) supportLargeCoverScreenNavBar: true
03-13 09:26:33.063  4360 23059 I MediaCodec: Codec shutdown complete
03-13 09:26:33.063  4205  4205 D NavBarStateManager: NavBarStates(1) supportLargeCoverScreenNavBar: true
03-13 09:26:33.063  4205  4205 D NavBarView: disableBack=true (isBackDismissIme=false, handlingGestures=false, disabledFlagBack=true, isBottomGesture=false, isImeRenderingNavButtons=false)
03-13 09:26:33.063  4205  4205 D NavBarStateManager: NavBarStates(1) supportLargeCoverScreenNavBar: true
03-13 09:26:33.063  4205  4205 D Navbar.Store: handleEvent(0) OnUpdateSysUiStateFlag(noArguments=true) [Module] SamsungNavigationBarView
03-13 09:26:33.063  4205  4205 D Navbar.Store: --[Band]GESTURE_PACK_UPDATE_SYSTEMUI_STATE_FLAG
03-13 09:26:33.063  4205  4205 D Navbar.Store: --[Band] (afterAction) GESTURE_PACK_UPDATE_SYSTEMUI_STATE_FLAG
03-13 09:26:33.063  4205  4205 D Navbar.Store: handleEvent(0) OnNavBarUpdateA11YService(clickable=false, longClickable=false) [Module] NavigationBar
03-13 09:26:33.063  4205  4205 D Navbar.Store: --[Band]SETUPWIZARD_PACK_UPDATE_A11Y_SERVICE
03-13 09:26:33.063  2496  1167 I ResourceManagerService: removeResourceInfo pid 4360, removed 2851200 (width 1080 height 2640), remained hw codec count 0
03-13 09:26:33.063  4205  4205 D NavBarStateManager: NavBarStates(1) canShowKeyboardButtonForRotation(0): true
03-13 09:26:33.064  4205  4205 D NavBarStateManager: NavBarStates(1) supportLargeCoverScreenNavBar: true
03-13 09:26:33.064  4205  4205 D NavBarStateManager: NavBarStates(1) canShowKeyboardButtonForRotation(0): true
03-13 09:26:33.064  4205  4205 D NavBarStateManager: NavBarStates(1) supportLargeCoverScreenNavBar: true
03-13 09:26:33.064  4205  4205 D NavBarStateManager: NavBarStates(1) canShowKeyboardButtonForRotation(1): true
03-13 09:26:33.064  6380  6380 I SemMediaResourceHelper: onRemove
03-13 09:26:33.064  4205  4205 D NavBarStateManager: NavBarStates(1) supportLargeCoverScreenNavBar: true
03-13 09:26:33.064  4205  4205 D NavBarStateManager: NavBarStates(1) canShowKeyboardButtonForRotation(2): true
03-13 09:26:33.064  4205  4205 D NavBarStateManager: NavBarStates(1) supportLargeCoverScreenNavBar: true
03-13 09:26:33.064  4205  4205 D NavBarStateManager: NavBarStates(1) canShowKeyboardButtonForRotation(3): true
03-13 09:26:33.065  4205  4205 D NavBarStateManager: NavBarStates(1) supportLargeCoverScreenNavBar: true
03-13 09:26:33.065  4205  4205 D EdgeBackGestureHandler: setBackAnimation for displayId = 1 : com.android.wm.shell.back.BackAnimationController$BackAnimationImpl@2596a58
03-13 09:26:33.065  4205  4205 D NavBarStateManager: NavBarStates(1) supportLargeCoverScreenNavBar: true
03-13 09:26:33.065  4205  4205 D NavBarView: disableBack=true (isBackDismissIme=false, handlingGestures=false, disabledFlagBack=true, isBottomGesture=false, isImeRenderingNavButtons=false)
03-13 09:26:33.065  4205  4205 D NavBarStateManager: NavBarStates(1) supportLargeCoverScreenNavBar: true
03-13 09:26:33.065  4205  4205 D Navbar.Store: handleEvent(0) OnUpdateSysUiStateFlag(noArguments=true) [Module] SamsungNavigationBarView
03-13 09:26:33.065  4205  4205 D Navbar.Store: --[Band]GESTURE_PACK_UPDATE_SYSTEMUI_STATE_FLAG
03-13 09:26:33.065  4205  4205 D Navbar.Store: --[Band] (afterAction) GESTURE_PACK_UPDATE_SYSTEMUI_STATE_FLAG
03-13 09:26:33.065  4205  4205 D Navbar.Store: handleEvent(0) OnNavBarUpdateA11YService(clickable=false, longClickable=false) [Module] NavigationBar
03-13 09:26:33.065  4205  4205 D Navbar.Store: --[Band]SETUPWIZARD_PACK_UPDATE_A11Y_SERVICE
03-13 09:26:33.065  4205  4205 D NavBarStateManager: NavBarStates(1) supportLargeCoverScreenNavBar: true
03-13 09:26:33.065  4205  4205 D NavBarView: disableBack=true (isBackDismissIme=false, handlingGestures=false, disabledFlagBack=true, isBottomGesture=false, isImeRenderingNavButtons=false)
03-13 09:26:33.065  4205  4205 D NavBarStateManager: NavBarStates(1) supportLargeCoverScreenNavBar: true
03-13 09:26:33.065  4205  4205 D Navbar.Store: handleEvent(0) OnUpdateSysUiStateFlag(noArguments=true) [Module] SamsungNavigationBarView
03-13 09:26:33.065  4205  4205 D Navbar.Store: --[Band]GESTURE_PACK_UPDATE_SYSTEMUI_STATE_FLAG
03-13 09:26:33.065  4205  4205 D Navbar.Store: --[Band] (afterAction) GESTURE_PACK_UPDATE_SYSTEMUI_STATE_FLAG
03-13 09:26:33.066  4360 23063 I Codec2Client: Component destructing
03-13 09:26:33.066  2053  2958 I hw-BpHwBinder: onLastStrongRef automatically unlinking death recipients
03-13 09:26:33.066  4360 23063 I hw-BpHwBinder: onLastStrongRef automatically unlinking death recipients
03-13 09:26:33.066  2053  2958 I vendor.qti.media.c2@1.0-service: HDRToneMappingFilter DTOR
03-13 09:26:33.066  2053  2958 I vendor.qti.media.c2@1.0-service: AIFRCFilter DTOR
03-13 09:26:33.067  2053  2958 I QC2CompStore: Deleting component(c2.qti.hevc.decoder) id(774)
03-13 09:26:33.067  4205  4205 D NavBarStateManager: NavBarStates(1) supportLargeCoverScreenNavBar: true
03-13 09:26:33.067  4205  4205 D NavBarView: disableBack=true (isBackDismissIme=false, handlingGestures=false, disabledFlagBack=true, isBottomGesture=false, isImeRenderingNavButtons=false)
03-13 09:26:33.067  4205  4205 D NavBarStateManager: NavBarStates(1) supportLargeCoverScreenNavBar: true
03-13 09:26:33.067  4205  4205 D Navbar.Store: handleEvent(0) OnUpdateSysUiStateFlag(noArguments=true) [Module] SamsungNavigationBarView
03-13 09:26:33.067  4205  4205 D Navbar.Store: --[Band]GESTURE_PACK_UPDATE_SYSTEMUI_STATE_FLAG
03-13 09:26:33.067  4205  4205 D Navbar.Store: --[Band] (afterAction) GESTURE_PACK_UPDATE_SYSTEMUI_STATE_FLAG
03-13 09:26:33.067  4205  4205 D NavigationModeController: getCurrentInteractionMode: mode=0 contextUser=0
03-13 09:26:33.067  4205  4205 D Navbar.Store: handleEvent(1) OnLightBarControllerCreated(lightBarController=com.android.systemui.statusbar.phone.LightBarControllerImpl@51b8469) [Module] NavigationBar
03-13 09:26:33.067  4205  4205 D Navbar.Store: --[Band]COLOR_PACK_REEVALUATE_NAVBAR
03-13 09:26:33.067  4205  4205 D Navbar.Store: ----apply(1) NavBarStoreAction$ReevaluateNavBar
03-13 09:26:33.067  4205  4205 D Navbar.Store: handleEvent(0) OnNavBarTransitionModeChanged(transitionMode=0) [Module] NavigationBar
03-13 09:26:33.067  4205  4205 D Navbar.Store: --[Band]GESTURE_PACK_SHOW_FLOATING_GAMETOOLS_ICON
03-13 09:26:33.068  4205  4205 D NavBarStateManager: NavBarStates(1) supportLargeCoverScreenNavBar: true
03-13 09:26:33.068  4205  4205 D Navbar.Store: handleEvent(1) GetNavBarLargeCoverScreenPadding(rotation=0) [Module] SamsungNavigationBarView
03-13 09:26:33.068  4205  4205 D Navbar.Store: --[Band]COVER_SCREEN_PACK_GET_NAVBAR_PADDING
03-13 09:26:33.068  4205  4205 D CoverScreenPack: get cover screen padding, kit.displayId=1, resources={1.0 ?mcc0mnc [en_US] ldltr sw307dp w352dp h308dp 340dpi smll hdr widecg land night -touch -keyb/v/h -nav/h winConfig={ mBounds=Rect(0, 0 - 748, 720) mAppBounds=Rect(0, 0 - 748, 654) mMaxBounds=Rect(0, 0 - 748, 720) mDisplayRotation=ROTATION_0 mWindowingMode=fullscreen mActivityType=undefined mAlwaysOnTop=undefined mRotation=ROTATION_0 mStageConfig=undefined mPopOver=undefined mOverlappingWithCutout=false mFlexPanelMode=off} s.4990 fontWeightAdjustment=0 ff=0 bf=-1 bts=0 cst=1.0 nightDim=0 themeSeq=0}
03-13 09:26:33.068  4205  4205 D Navbar.Store: handleEvent(1) value= Rect(0, 0 - 399, 0)
03-13 09:26:33.068  2053  2958 I QC2CompStore: removeIdFromList remove Id[774] from list
03-13 09:26:33.068  2053  2958 I StatsHandler: [hvcD_774] Stats: Pending(0) i/p-done(0) Works: Q: 2/Done 3|Work-Rate: Q(14.8/s Avg=14.8/s) Done(22.202/s Avg=22.202/s)| Stream: 30.00fps 0.0Kbps
03-13 09:26:33.068  2053  2958 I StatsHandler: [hvcD_774] Mem-usage:  [In-1D: 2 bufs 16.000 MB] [1D-2981: 13 bufs 0.203 MB] [2D-2982: 13 bufs 76.426 MB] | Total: 92.629 MB
03-13 09:26:33.068  2053  2958 I QC2Comp : [c2.qti.hevc.decoder] KPI_L1: Total component latency: ms=135
03-13 09:26:33.068  3003  4920 I WindowManager: Relayout Window{231442d u0 NavigationBar1}: viewVisibility=0 req=748x102 ty=2019 d1
03-13 09:26:33.068  2105  2922 I SurfaceFlinger: id=42219 createSurf, flag=44004, NavigationBar1$_4205#42219
03-13 09:26:33.068  3003  4920 D WindowManager: makeSurface duration=0 name=NavigationBar1$_4205
03-13 09:26:33.069  3003  4920 D InsetsSourceProvider: updateVisibility: serverVisible=true, clientVisible=true, source=InsetsSource: {a2c0024 mType=systemGestures mFrame=[0,0][0,0] mVisible=true mFlags= mSideHint=NONE mBoundingRects=null}, controlTarget=null, from=com.android.server.wm.InsetsSourceProvider.setServerVisible:6 com.android.server.wm.InsetsSourceProvider.onPostLayout:30 com.android.server.wm.InsetsStateController.onPostLayout:26 com.android.server.wm.RootWindowContainer.applySurfaceChangesTransaction$1:203 com.android.server.wm.RootWindowContainer.performSurfacePlacementNoTrace:86 com.android.server.wm.WindowSurfacePlacer.performSurfacePlacement:166 com.android.server.wm.WindowManagerService.relayoutWindow:1207 com.android.server.wm.Session.relayout:27 android.view.IWindowSession$Stub.onTransact:829 com.android.server.wm.Session.onTransact:1 
03-13 09:26:33.069  3003  4920 D InsetsSourceProvider: updateVisibility: serverVisible=true, clientVisible=true, source=InsetsSource: {a2c0006 mType=tappableElement mFrame=[0,618][748,720] mVisible=true mFlags= mSideHint=BOTTOM mBoundingRects=null}, controlTarget=null, from=com.android.server.wm.InsetsSourceProvider.setServerVisible:6 com.android.server.wm.InsetsSourceProvider.onPostLayout:30 com.android.server.wm.InsetsStateController.onPostLayout:26 com.android.server.wm.RootWindowContainer.applySurfaceChangesTransaction$1:203 com.android.server.wm.RootWindowContainer.performSurfacePlacementNoTrace:86 com.android.server.wm.WindowSurfacePlacer.performSurfacePlacement:166 com.android.server.wm.WindowManagerService.relayoutWindow:1207 com.android.server.wm.Session.relayout:27 android.view.IWindowSession$Stub.onTransact:829 com.android.server.wm.Session.onTransact:1 
03-13 09:26:33.069  3003  4920 D InsetsSourceProvider: updateVisibility: serverVisible=true, clientVisible=true, source=InsetsSource: {a2c0005 mType=mandatorySystemGestures mFrame=[0,618][748,720] mVisible=true mFlags= mSideHint=BOTTOM mBoundingRects=null}, controlTarget=null, from=com.android.server.wm.InsetsSourceProvider.setServerVisible:6 com.android.server.wm.InsetsSourceProvider.onPostLayout:30 com.android.server.wm.InsetsStateController.onPostLayout:26 com.android.server.wm.RootWindowContainer.applySurfaceChangesTransaction$1:203 com.android.server.wm.RootWindowContainer.performSurfacePlacementNoTrace:86 com.android.server.wm.WindowSurfacePlacer.performSurfacePlacement:166 com.android.server.wm.WindowManagerService.relayoutWindow:1207 com.android.server.wm.Session.relayout:27 android.view.IWindowSession$Stub.onTransact:829 com.android.server.wm.Session.onTransact:1 
03-13 09:26:33.069  3003  4920 D InsetsSourceProvider: updateVisibility: serverVisible=true, clientVisible=true, source=InsetsSource: {a2c0004 mType=systemGestures mFrame=[0,0][0,0] mVisible=true mFlags= mSideHint=NONE mBoundingRects=null}, controlTarget=null, from=com.android.server.wm.InsetsSourceProvider.setServerVisible:6 com.android.server.wm.InsetsSourceProvider.onPostLayout:30 com.android.server.wm.InsetsStateController.onPostLayout:26 com.android.server.wm.RootWindowContainer.applySurfaceChangesTransaction$1:203 com.android.server.wm.RootWindowContainer.performSurfacePlacementNoTrace:86 com.android.server.wm.WindowSurfacePlacer.performSurfacePlacement:166 com.android.server.wm.WindowManagerService.relayoutWindow:1207 com.android.server.wm.Session.relayout:27 android.view.IWindowSession$Stub.onTransact:829 com.android.server.wm.Session.onTransact:1 
03-13 09:26:33.069  3003  4920 D BLASTSyncEngine: SyncGroup 4961:  Unfinished container: WindowToken{8004a5b type=2024 android.os.BinderProxy@d7bba75} mSyncState=2
03-13 09:26:33.070  3003  4920 D BLASTSyncEngine: SyncGroup 4961:  Unfinished container: WindowToken{8004a5b type=2024 android.os.BinderProxy@d7bba75} mSyncState=2
03-13 09:26:33.071  3003  4920 I WindowManager: Relayout hash=231442d, pid=4205, syncId=-1: mAttrs={(0,0)(fillx102) gr=BOTTOM CENTER_VERTICAL sim={adjust=pan} layoutInDisplayCutoutMode=always ty=NAVIGATION_BAR fmt=TRANSLUCENT
