03-13 09:25:11.597  3003  3910 I CAE     : handleMessage(CaPowerManager.java:226) - AP_SLEEP
03-13 09:25:11.597  3003  3910 I CAE     : updateApPowerStatus(SensorHubParserProvider.java:461) - AP_SLEEP
03-13 09:25:11.597  3003  3910 I CAE     : getContextType(FreeFallDetection.java:25) - FFD getContextType
03-13 09:25:11.597  4205  4205 D Navbar.Store: ----handleEvent(0) GetInflateLayoutID(vertical=false) [Module] SamsungNavigationBarInflaterView
03-13 09:25:11.597  4205  4205 D Navbar.Store: ------[Band]STABLE_LAYOUT_PACK_GET_INFLATE_LAYOUT_ID
03-13 09:25:11.597  4205  4205 D NavBarStateManager: NavBarStates(0) getLayoutID(vertical: false): 2131559285
03-13 09:25:11.597  4205  4205 D Navbar.Store: ----handleEvent(0) value= 2131559285
03-13 09:25:11.598  3003  3911 D SensorService: setSContextDataLocked ints length 2 , byte length 4
03-13 09:25:11.598  3003  3911 D SensorService: setSContextDataLocked d20db4
03-13 09:25:11.598  4205  4205 D Navbar.Store: ----handleEvent(0) GetInflateLayoutID(vertical=true) [Module] SamsungNavigationBarInflaterView
03-13 09:25:11.598  4205  4205 D Navbar.Store: ------[Band]STABLE_LAYOUT_PACK_GET_INFLATE_LAYOUT_ID
03-13 09:25:11.598  4205  4205 D NavBarStateManager: NavBarStates(0) getLayoutID(vertical: true): 2131559287
03-13 09:25:11.598  4205  4205 D Navbar.Store: ----handleEvent(0) value= 2131559287
03-13 09:25:11.598  4205  4205 D Navbar.Store: ----handleEvent(0) GetDefaultLayout(noArguments=true) [Module] SamsungNavigationBarInflaterView
03-13 09:25:11.598  4205  4205 D Navbar.Store: ------[Band]STABLE_LAYOUT_PACK_GET_DEFAULT_LAYOUT
03-13 09:25:11.598  4205  4205 D NavBarStateManager: NavBarStates(0) getDefaultLayout: left,recent;home;back,right
03-13 09:25:11.598  4205  4205 D Navbar.Store: ----handleEvent(0) value= left,recent;home;back,right
03-13 09:25:11.599  4832  4832 I VRI[RecentsTransitionOverlay]@4784a59: onDisplayChanged oldDisplayState=2 newDisplayState=1
03-13 09:25:11.599  4832  4832 I VRI[LauncherActivity]@f209089: onDisplayChanged oldDisplayState=2 newDisplayState=1
03-13 09:25:11.599  4832  4832 I VRI[CocktailBarService]@5e29200: onDisplayChanged oldDisplayState=2 newDisplayState=1
03-13 09:25:11.599  4832  4832 I VRI[RecentsActivity]@5bc9119: onDisplayChanged oldDisplayState=2 newDisplayState=1
03-13 09:25:11.599 15873 15873 I PkDeviceHelper: PkDeviceHelper.refreshDevices():87 refreshing devices
03-13 09:25:11.599  4205  4205 D Navbar.Store: ----handleEvent(0) GetInflateButtonWidth(buttonSpec=left, landscape=false) [Module] SamsungNavigationBarInflaterView
03-13 09:25:11.599  4205  4205 D Navbar.Store: ------[Band]STABLE_LAYOUT_PACK_INFLATE_NAVBAR
03-13 09:25:11.599  4205  4205 D NavBarStateManager: NavBarStates(0) getSpaceWidth(land: false): 118
03-13 09:25:11.599  4205  4205 D Navbar.Store: ----handleEvent(0) value= 118
03-13 09:25:11.599  4832 17497 I HoneySpace.Memory-Monitor: no default Display - 1
03-13 09:25:11.599  4832 17497 I HoneySpace.Memory-Monitor: current state = 1, didTrim = true
03-13 09:25:11.599  4832 17497 I HoneySpace.Memory-Monitor: no default Display - 1
03-13 09:25:11.599  4205  4205 D Navbar.Store: ----handleEvent(0) GetInflateButtonWidth(buttonSpec=recent, landscape=false) [Module] SamsungNavigationBarInflaterView
03-13 09:25:11.599  4205  4205 D Navbar.Store: ------[Band]STABLE_LAYOUT_PACK_INFLATE_NAVBAR
03-13 09:25:11.599  2092  3859 I SSC_DAEMON: light_event_log:172, light_msg(4/11): br 0 (lux 0,idx 0) - -1,-1,5
03-13 09:25:11.599  4205  4205 D NavBarStateManager: NavBarStates(0) getButtonWidth(land: false): 239
03-13 09:25:11.599  4205  4205 D Navbar.Store: ----handleEvent(0) value= 239
03-13 09:25:11.599  4832 14037 I HoneySpace.SystemUiRepository: systemUiFlags: overview_disabled|home_disabled|allow_gesture|ime_visible|awake|back_dismiss_ime
03-13 09:25:11.599  4832  4895 I HoneySpace.TaskbarEventTracker: invokeEvent() called with: event = SystemUiStateChanged(stateFlags=68988305792)
03-13 09:25:11.599  4205  4205 D Navbar.Store: ----handleEvent(0) GetInflateButtonWidth(buttonSpec=left, landscape=true) [Module] SamsungNavigationBarInflaterView
03-13 09:25:11.599  4205  4205 D Navbar.Store: ------[Band]STABLE_LAYOUT_PACK_INFLATE_NAVBAR
03-13 09:25:11.599  4205  4205 D NavBarStateManager: NavBarStates(0) getSpaceWidth(land: true): 118
03-13 09:25:11.599  4205  4205 D Navbar.Store: ----handleEvent(0) value= 118
03-13 09:25:11.600  4832 17484 I HoneySpace.SystemUiRepository: systemUiFlags: overview_disabled|home_disabled|allow_gesture|ime_visible|back_disabled|awake|back_dismiss_ime
03-13 09:25:11.600  2092  2092 I SSC_DAEMON: handleSensorTestReqMsg:85, Sensor type :4, Msg type:15
03-13 09:25:11.600  2092  2092 I SSC_DAEMON: physicalSensorTestReqMsg:130, s:4, m:15
03-13 09:25:11.600  4205  4205 D Navbar.Store: ----handleEvent(0) GetInflateButtonWidth(buttonSpec=recent, landscape=true) [Module] SamsungNavigationBarInflaterView
03-13 09:25:11.600  4205  4205 D Navbar.Store: ------[Band]STABLE_LAYOUT_PACK_INFLATE_NAVBAR
03-13 09:25:11.600  4205  4205 D NavBarStateManager: NavBarStates(0) getButtonWidth(land: true): 239
03-13 09:25:11.600  4205  4205 D Navbar.Store: ----handleEvent(0) value= 239
03-13 09:25:11.600  5393  6882 I bt_shim_scanner: system/main/shim/le_scanning_manager.cc:151 Scan: in shim layer stopped
03-13 09:25:11.600  4205  4205 D Navbar.Store: ----handleEvent(0) GetInflateButtonWidth(buttonSpec=home, landscape=false) [Module] SamsungNavigationBarInflaterView
03-13 09:25:11.600  5393  5832 W bluetooth: system/gd/hci/le_scanning_manager.cc:716 scan: address_manager_registered_
03-13 09:25:11.600  4205  4205 D Navbar.Store: ------[Band]STABLE_LAYOUT_PACK_INFLATE_NAVBAR
03-13 09:25:11.600  4205  4205 D NavBarStateManager: NavBarStates(0) getButtonWidth(land: false): 239
03-13 09:25:11.600  5393  5832 W bluetooth: system/gd/hci/le_scanning_manager.cc:768 stop_scan: stop_scan
03-13 09:25:11.600  4205  4205 D Navbar.Store: ----handleEvent(0) value= 239
03-13 09:25:11.600  5393  5832 I bluetooth: system/gd/hci/le_address_manager.cc:278 unregister_client: Client unregistered
03-13 09:25:11.600  5393  6882 W ScanManager: There is no scan radio to stop
03-13 09:25:11.600  5393  6882 I bt_shim_scanner: system/main/shim/le_scanning_manager.cc:335 SetScanParameters: in shim layer, scannerId1m=3, scannerIdCoded=0
03-13 09:25:11.600  5393  5832 I bluetooth: system/gd/hci/le_address_manager.cc:293 unregister_client: Cancelled address rotation alarm
03-13 09:25:11.600  5393  6882 W bt_shim_scanner: system/main/shim/le_scanning_manager.cc:365 SetScanParameters: Set scan params scan_int_1m : 3120, scan_win_1m : 160, Duty : 5.13% | scan_int_coded : 0, scan_win_coded : 0, Duty : nan%
03-13 09:25:11.600  5393  6882 I bt_shim_scanner: system/main/shim/le_scanning_manager.cc:151 Scan: in shim layer started
03-13 09:25:11.600  4205  4205 D Navbar.Store: ----handleEvent(0) GetInflateButtonWidth(buttonSpec=home, landscape=true) [Module] SamsungNavigationBarInflaterView
03-13 09:25:11.600  4205  4205 D Navbar.Store: ------[Band]STABLE_LAYOUT_PACK_INFLATE_NAVBAR
03-13 09:25:11.600  4205  4205 D NavBarStateManager: NavBarStates(0) getButtonWidth(land: true): 239
03-13 09:25:11.600  4205  4205 D Navbar.Store: ----handleEvent(0) value= 239
03-13 09:25:11.600  1993  1993 D vendor.qti.bluetooth@1.1-ibs_handler: SerialClockVote: vote for UART CLK ON
03-13 09:25:11.600  2094  2277 D AudioFlinger: setParameters: filtered dev setParameters keyvalue screen_state=off
03-13 09:25:11.600  4205  4205 D Navbar.Store: ----handleEvent(0) GetInflateButtonWidth(buttonSpec=back, landscape=false) [Module] SamsungNavigationBarInflaterView
03-13 09:25:11.600  4205  4205 D Navbar.Store: ------[Band]STABLE_LAYOUT_PACK_INFLATE_NAVBAR
03-13 09:25:11.600  4205  4205 D NavBarStateManager: NavBarStates(0) getButtonWidth(land: false): 239
03-13 09:25:11.600  4205  4205 D Navbar.Store: ----handleEvent(0) value= 239
03-13 09:25:11.601  4832  4895 I HoneySpace.TaskbarEventTracker: invokeEvent() called with: event = SystemUiStateChanged(stateFlags=68992500096)
03-13 09:25:11.601  4832  6102 I HoneySpace.SystemUiRepository: systemUiFlags: overview_disabled|home_disabled|navbar_hidden|allow_gesture|back_disabled|awake
03-13 09:25:11.601  1992  1992 D AHAL: AudioDevice: SetParameters: 1865: enter
03-13 09:25:11.601  1992  1992 D AHAL: AudioVoice: VoiceSetParameters: 200: Enter
03-13 09:25:11.601  1992  1992 D AHAL: AudioVoice: VoiceSetParameters: 479: Exit ret: 0
03-13 09:25:11.601  1992  1992 D AHAL: hfp: hfp_set_parameters: 444: enter
03-13 09:25:11.601  1992  1992 D AHAL: AudioDevice: SetParameters: 1948:  - screen = off
03-13 09:25:11.601  1992  1992 I PAL: ResourceManager: setParameter: 10683: Screen State:0
03-13 09:25:11.601  1992  1992 D AHAL: AudioDevice: SetParameters: 2798: exit: screen_state=off
03-13 09:25:11.601  4205  4205 D Navbar.Store: ----handleEvent(0) GetInflateButtonWidth(buttonSpec=right, landscape=false) [Module] SamsungNavigationBarInflaterView
03-13 09:25:11.601  4205  4205 D Navbar.Store: ------[Band]STABLE_LAYOUT_PACK_INFLATE_NAVBAR
03-13 09:25:11.601  4205  4205 D NavBarStateManager: NavBarStates(0) getSpaceWidth(land: false): 118
03-13 09:25:11.601  4205  4205 D Navbar.Store: ----handleEvent(0) value= 118
03-13 09:25:11.601  4205  4205 D Navbar.Store: ----handleEvent(0) GetInflateButtonWidth(buttonSpec=back, landscape=true) [Module] SamsungNavigationBarInflaterView
03-13 09:25:11.601  4205  4205 D Navbar.Store: ------[Band]STABLE_LAYOUT_PACK_INFLATE_NAVBAR
03-13 09:25:11.601  4205  4205 D NavBarStateManager: NavBarStates(0) getButtonWidth(land: true): 239
03-13 09:25:11.601  4205  4205 D Navbar.Store: ----handleEvent(0) value= 239
03-13 09:25:11.601  3003  3067 E ModeChangeObserver: Changed display not found
03-13 09:25:11.602  4205  4205 D Navbar.Store: ----handleEvent(0) GetInflateButtonWidth(buttonSpec=right, landscape=true) [Module] SamsungNavigationBarInflaterView
03-13 09:25:11.602  4205  4205 D Navbar.Store: ------[Band]STABLE_LAYOUT_PACK_INFLATE_NAVBAR
03-13 09:25:11.602  4205  4205 D NavBarStateManager: NavBarStates(0) getSpaceWidth(land: true): 118
03-13 09:25:11.602  4205  4205 D Navbar.Store: ----handleEvent(0) value= 118
03-13 09:25:11.602  4205  4205 D Navbar.Store: ----handleEvent(0) GetInflateButtonWidth(buttonSpec=left_remote_view, landscape=false) [Module] SamsungNavigationBarInflaterView
03-13 09:25:11.602  4205  4205 D Navbar.Store: ------[Band]STABLE_LAYOUT_PACK_INFLATE_NAVBAR
03-13 09:25:11.602  4205  4205 D NavBarStateManager: NavBarStates(0) getSpaceWidth(land: false): 118
03-13 09:25:11.602  4205  4205 D Navbar.Store: ----handleEvent(0) value= 118
03-13 09:25:11.602  4205  4205 D Navbar.Store: ----handleEvent(0) GetInflateButtonWidth(buttonSpec=right_remote_view, landscape=false) [Module] SamsungNavigationBarInflaterView
03-13 09:25:11.602  4205  4205 D Navbar.Store: ------[Band]STABLE_LAYOUT_PACK_INFLATE_NAVBAR
03-13 09:25:11.602  4205  4205 D NavBarStateManager: NavBarStates(0) getSpaceWidth(land: false): 118
03-13 09:25:11.602  4205  4205 D Navbar.Store: ----handleEvent(0) value= 118
03-13 09:25:11.602  4205  4205 D Navbar.Store: ----handleEvent(0) GetInflateButtonWidth(buttonSpec=left_remote_view, landscape=true) [Module] SamsungNavigationBarInflaterView
03-13 09:25:11.602  4205  4205 D Navbar.Store: ------[Band]STABLE_LAYOUT_PACK_INFLATE_NAVBAR
03-13 09:25:11.602  4205  4205 D NavBarStateManager: NavBarStates(0) getSpaceWidth(land: true): 118
03-13 09:25:11.602  4205  4205 D Navbar.Store: ----handleEvent(0) value= 118
03-13 09:25:11.602  4205  4205 D Navbar.Store: ----handleEvent(0) GetInflateButtonWidth(buttonSpec=right_remote_view, landscape=true) [Module] SamsungNavigationBarInflaterView
03-13 09:25:11.602  4205  4205 D Navbar.Store: ------[Band]STABLE_LAYOUT_PACK_INFLATE_NAVBAR
03-13 09:25:11.602  4205  4205 D NavBarStateManager: NavBarStates(0) getSpaceWidth(land: true): 118
03-13 09:25:11.602  4205  4205 D Navbar.Store: ----handleEvent(0) value= 118
03-13 09:25:11.602  4205  4205 D Navbar.Store: ----handleEvent(0) GetNavBarSidePadding(landscape=false) [Module] SamsungNavigationBarInflaterView
03-13 09:25:11.602  4205  4205 D Navbar.Store: ------[Band]STABLE_LAYOUT_PACK_INFLATE_NAVBAR_SIDE_PADDING
03-13 09:25:11.602  4205  4205 D NavBarStateManager: NavBarStates(0) getNavBarSidePadding: 0
03-13 09:25:11.602  4205  4205 D Navbar.Store: ----handleEvent(0) value= 0
03-13 09:25:11.602  4205  4205 D Navbar.Store: ----handleEvent(0) GetNavBarSidePadding(landscape=true) [Module] SamsungNavigationBarInflaterView
03-13 09:25:11.602  4205  4205 D Navbar.Store: ------[Band]STABLE_LAYOUT_PACK_INFLATE_NAVBAR_SIDE_PADDING
03-13 09:25:11.602  4205  4205 D NavBarStateManager: NavBarStates(0) getNavBarSidePadding: 0
03-13 09:25:11.602  4205  4205 D Navbar.Store: ----handleEvent(0) value= 0
03-13 09:25:11.603  4205  4205 D Navbar.Store: ----handleEvent(0) GetNavBarSidePadding(landscape=false) [Module] SamsungNavigationBarInflaterView
03-13 09:25:11.603  4205  4205 D Navbar.Store: ------[Band]STABLE_LAYOUT_PACK_INFLATE_NAVBAR_SIDE_PADDING
03-13 09:25:11.603  4205  4205 D NavBarStateManager: NavBarStates(0) getNavBarSidePadding: 0
03-13 09:25:11.603  4205  4205 D Navbar.Store: ----handleEvent(0) value= 0
03-13 09:25:11.603  4832  4895 I HoneySpace.TaskbarEventTracker: invokeEvent() called with: event = SystemUiStateChanged(stateFlags=272761218)
03-13 09:25:11.603  4205  4205 D Navbar.Store: ----handleEvent(0) GetNavBarSidePadding(landscape=true) [Module] SamsungNavigationBarInflaterView
03-13 09:25:11.603  4205  4205 D Navbar.Store: ------[Band]STABLE_LAYOUT_PACK_INFLATE_NAVBAR_SIDE_PADDING
03-13 09:25:11.603  4205  4205 D NavBarStateManager: NavBarStates(0) getNavBarSidePadding: 0
03-13 09:25:11.603  4205  4205 D Navbar.Store: ----handleEvent(0) value= 0
03-13 09:25:11.603  4607  4607 D NfcService: handleMessage: MSG_APPLY_SCREEN_STATEOFF_UNLOCKED
03-13 09:25:11.603  4607  4607 D [NFC_SE]SamsungExtension: onLogEventNotified() item:[mCommandApdus: [mResponseApdus: , mCallingApi= 0, mAction= 518, mCallingPId = 0, mRfFieldOnTime= null
03-13 09:25:11.603  4607  4607 D [NFC_SE]NfcOemLogHelper: reportLogEvent = [mCommandApdus: [mResponseApdus: , mCallingApi= 0, mAction= 518, mCallingPId = 0, mRfFieldOnTime= null
03-13 09:25:11.603  4607  4607 D [NFC_SE]NfcOemLogHelper: try to send FLD_ERROR
03-13 09:25:11.603  4607  4607 D [NFC_SE]NfcOemLogHelper: RF Field is disabled
03-13 09:25:11.603  4607  4607 D libnfc_nci: nfcManager_doSetScreenState: state = 1 prevScreenState= 8, discovry_param = 1
03-13 09:25:11.604  4184  4797 D SatelliteController: handleCmdUpdateNtnSignalStrengthReporting: ignore request, satellite is disabled
03-13 09:25:11.604  4607  4986 D NxpGenExtn: vendor_nfc_handle_event Enter eventCode:11
03-13 09:25:11.604  4607  4986 D NxpGenExtn: phNxpExtn_HandleVendorNciMsg Not vendor specific command!!
03-13 09:25:11.604  4607  4986 I NxpGenExtn: phNxpExtn_Write NCI datalen:7
03-13 09:25:11.604  4607  4986 I NxpGenExtn: processExtnWrite Enter dataLen:7
03-13 09:25:11.604  4607  4986 I NxpPropExtn: phNxpProp_ProcessExtnWrite PropExtensionController Enter dataLen:7
03-13 09:25:11.604  4607  4986 I NxpPropExtn: processExtnWrite Enter
03-13 09:25:11.604  4607  4986 D NxpPropExtn: NciStateMonitor processExtnWrite Enter
03-13 09:25:11.604  4607  4986 D NxpPropExtn: resendRequired, resend required
03-13 09:25:11.604  4607  4986 D NxpGenExtn: write Enter wLength:7
03-13 09:25:11.604  4607  4986 D NxpGenExtn: palenQueueWrite Enter wLength:7
03-13 09:25:11.604  2092  3859 I SSC_DAEMON: light_event_log:196, light_msg(4/15): panel off (idx 0) - 0,-1,-1,0
03-13 09:25:11.604 16161 16161 I NearbyDiscovery: (REDACTED) FastPairDisplayObserver: %s -> %s
03-13 09:25:11.604 16161 19903 I NearbySharing: Screen is locked
03-13 09:25:11.604 16161 19903 I NearbySharing: Stopping scanning because the screen is locked.
03-13 09:25:11.605 16161 17325 I NearbyDiscovery: (REDACTED) PureOffloadFastPairScanner: eventType=%s, isInternalReq=%s, isScanning=%s, isScanningAllowed=%s
03-13 09:25:11.605 16161 19903 I NearbySharing: Stopping Fast Init advertisement because Bluetooth is off.
03-13 09:25:11.605 16161 19903 I NearbySharing: Stopping advertising because Bluetooth is disabled.
03-13 09:25:11.605 16161 19903 I NearbySharing: Stopping FastInitiation scanning because the screen is locked.
03-13 09:25:11.605 16161 19903 D BluetoothAdapter: isLeEnabled(): BLE_ON
03-13 09:25:11.605 16161 19903 D BluetoothLeScanner: Stop Scan with callback
03-13 09:25:11.607  5393  6882 I bt_shim_scanner: system/main/shim/le_scanning_manager.cc:197 ScanFilterParamSetup: in shim layer, clientIf=5
03-13 09:25:11.607  5393  5404 I bt_shim_scanner: system/main/shim/le_scanning_manager.cc:141 Unregister: in shim layer, scannerId=5
03-13 09:25:11.607  5393  6882 I bt_shim_scanner: system/main/shim/le_scanning_manager.cc:197 ScanFilterParamSetup: in shim layer, clientIf=5
03-13 09:25:11.608  2022  2124 I HYPER-HAL: [RequestManager.cpp]acquire(): Acquired ID : 2112570  [2025 / 30]    HINT :      list : [UCLAMP_MIN_BOOST / 50] [TID / 4392] [TID / 4393] [TID / 4205] [TID / 4394] 
03-13 09:25:11.608  2022  2124 I HYPER-HAL: [RequestManager.cpp]acquire(): Acquired ID : 2112570  [2025 / 30]    HINT :      list : [UCLAMP_MIN_BOOST / 100] [TID / 4392] [TID / 4393] [TID / 4205] [TID / 4394] 
03-13 09:25:11.608  2022  2124 I HYPER-HAL: [RequestManager.cpp]acquire(): Acquired ID : 2112570  [2025 / 30]    HINT :      list : [UCLAMP_MIN_BOOST / 150] [TID / 4392] [TID / 4393] [TID / 4205] [TID / 4394] 
03-13 09:25:11.608  2022  2124 I HYPER-HAL: [RequestManager.cpp]acquire(): Acquired ID : 2112570  [2025 / 30]    HINT :      list : [UCLAMP_MIN_BOOST / 200] [TID / 4392] [TID / 4393] [TID / 4205] [TID / 4394] 
03-13 09:25:11.608  2022  2124 I HYPER-HAL: [RequestManager.cpp]acquire(): Acquired ID : 2112570  [2025 / 30]    HINT :      list : [UCLAMP_MIN_BOOST / 250] [TID / 4392] [TID / 4393] [TID / 4205] [TID / 4394] 
03-13 09:25:11.608  2022  2124 I HYPER-HAL: [RequestManager.cpp]acquire(): Acquired ID : 2112570  [2025 / 30]    HINT :      list : [UCLAMP_MIN_BOOST / 300] [TID / 4392] [TID / 4393] [TID / 4205] [TID / 4394] 
03-13 09:25:11.608  2022  2124 I HYPER-HAL: [RequestManager.cpp]acquire(): Acquired ID : 2112570  [2025 / 30]    HINT :      list : [UCLAMP_MIN_BOOST / 350] [TID / 4392] [TID / 4393] [TID / 4205] [TID / 4394] 
03-13 09:25:11.608  2022  2124 I HYPER-HAL: [RequestManager.cpp]acquire(): Acquired ID : 2112570  [2025 / 30]    HINT :      list : [UCLAMP_MIN_BOOST / 400] [TID / 4392] [TID / 4393] [TID / 4205] [TID / 4394] 
03-13 09:25:11.608 16161 19903 I NearbySharing: Stopped scanning for FastInitiation
03-13 09:25:11.607  6103  6103 W ContextImpl: Calling a method in the system process without a qualified user: android.app.ContextImpl.startService:2068 android.content.ContextWrapper.startService:872 android.content.ContextWrapper.startService:872 com.sec.android.diagmonagent.sa.receiver.CFLogReceiver.onReceive:56 android.app.ActivityThread.handleReceiver:5663 
03-13 09:25:11.608 19717 19717 I HBD     : DeX h DeX mode state change in non-main thread 
03-13 09:25:11.608 19717 19717 I HBD     : DeX h DeX mode state change: 3 
03-13 09:25:11.608 19717 19717 I HBD     : DeX h DeX mode state change in non-main thread 
03-13 09:25:11.608 19717 19717 I HBD     : DeX h DeX mode state change: 3 
03-13 09:25:11.608 19717 19717 I HBD     : DeX h DeX mode state change in non-main thread 
03-13 09:25:11.608 19717 19717 I HBD     : DeX h DeX mode state change: 3 
03-13 09:25:11.609 20916 21465 W ProxyAndroidLoggerBackend: Too many Flogger logs received before configuration. Dropping old logs.
03-13 09:25:11.609  4607 21679 D NxpGenExtn: enQueueWriteInternal Enter wLength:7
03-13 09:25:11.609  2439  2439 I android.hardware.nfc-service.nxp: write
03-13 09:25:11.610  4205  4205 D NavBarView: disableBack=false (isBackDismissIme=true, handlingGestures=false, disabledFlagBack=false, isBottomGesture=false, isImeRenderingNavButtons=false)
03-13 09:25:11.610 16161 19903 I NearbySharing: Fast Initiation Scanning has stopped
03-13 09:25:11.610  4205  4205 D NavBarStateManager: NavBarStates(0) canShowKeyboardButtonForRotation(0): true
03-13 09:25:11.610  4205  4205 D Navbar.Store: ----handleEvent(0) OnUpdateSysUiStateFlag(noArguments=true) [Module] SamsungNavigationBarView
03-13 09:25:11.610  4205  4205 D Navbar.Store: ------[Band]GESTURE_PACK_UPDATE_SYSTEMUI_STATE_FLAG
03-13 09:25:11.610  4205  4205 D Navbar.Store: ------[Band] (afterAction) GESTURE_PACK_UPDATE_SYSTEMUI_STATE_FLAG
03-13 09:25:11.610 16161 19903 I NearbySharing: Dismissing HUN as there's no device nearby.
03-13 09:25:11.610  4205  4205 D Navbar.Store: handleEvent(0) OnConfigChanged(newConfig={1.0 ?mcc0mnc [en_US] ldltr sw360dp w360dp h880dp 480dpi nrml long hdr widecg port night finger -keyb/v/h -nav/h winConfig={ mBounds=Rect(0, 0 - 1080, 2640) mAppBounds=Rect(0, 0 - 1080, 2640) mMaxBounds=Rect(0, 0 - 1080, 2640) mDisplayRotation=ROTATION_0 mWindowingMode=fullscreen mActivityType=undefined mAlwaysOnTop=undefined mRotation=ROTATION_0 mStageConfig=undefined mPopOver=undefined mOverlappingWithCutout=false mFlexPanelMode=off} s.4990 fontWeightAdjustment=0 ff=0 bf=-1 bts=0 cst=1.0 nightDim=0 themeSeq=0}) [Module] NavigationBarControllerImpl
03-13 09:25:11.610  4205  4205 D Navbar.Store: --[Band]CONFIG_PACK_CONFIG_CHANGED
03-13 09:25:11.610  4205  4205 D Navbar.Store: handleEvent(0) OnNavBarConfigChanged(canMove=true, supportPhoneLayoutProvider=true, imeDownButtonForAllRotation=false, navigationMode=0) [Module] NavigationBarControllerImpl
03-13 09:25:11.610  4205  4205 D Navbar.Store: --[Band]STABLE_LAYOUT_PACK_NAVBAR_CONFIG_CHANGED
03-13 09:25:11.610  4205  4205 D NavBarStateManager: NavBarStates(0) supportLargeCoverScreenNavBar: false
03-13 09:25:11.610  4205  4205 D Navbar.Store: --updateLayoutProvider() layoutProviderContainer = com.android.systemui.navigationbar.layout.LayoutProviderContainerImpl@1dbf89d
03-13 09:25:11.610  4205  4205 D NavBarStateManager: NavBarStates(0) supportLargeCoverScreenNavBar: false
03-13 09:25:11.610  4205  4205 D Navbar.Store: --[Band] (afterAction) STABLE_LAYOUT_PACK_NAVBAR_CONFIG_CHANGED
03-13 09:25:11.610  4205  4205 D Navbar.Store: handleEvent(1) OnConfigChanged(newConfig={1.0 ?mcc0mnc [en_US] ldltr sw360dp w360dp h880dp 480dpi nrml long hdr widecg port night finger -keyb/v/h -nav/h winConfig={ mBounds=Rect(0, 0 - 1080, 2640) mAppBounds=Rect(0, 0 - 1080, 2640) mMaxBounds=Rect(0, 0 - 1080, 2640) mDisplayRotation=ROTATION_0 mWindowingMode=fullscreen mActivityType=undefined mAlwaysOnTop=undefined mRotation=ROTATION_0 mStageConfig=undefined mPopOver=undefined mOverlappingWithCutout=false mFlexPanelMode=off} s.4990 fontWeightAdjustment=0 ff=0 bf=-1 bts=0 cst=1.0 nightDim=0 themeSeq=0}) [Module] NavigationBarControllerImpl
03-13 09:25:11.610  4205  4205 D Navbar.Store: handleEvent(1) OnNavBarConfigChanged(canMove=true, supportPhoneLayoutProvider=true, imeDownButtonForAllRotation=false, navigationMode=0) [Module] NavigationBarControllerImpl
03-13 09:25:11.610  4205  4205 D Navbar.Store: --[Band]STABLE_LAYOUT_PACK_NAVBAR_CONFIG_CHANGED
03-13 09:25:11.610  4205  4205 D NavBarStateManager: NavBarStates(1) supportLargeCoverScreenNavBar: true
03-13 09:25:11.610  4832 14038 I HoneySpace.SystemUiRepository: assistantAvailable = false
03-13 09:25:11.611 16161 17325 I NearbyDiscovery: (REDACTED) ApFastPairScanner: isScreenOn=%s, isLocationEnabled=%s, disableLocationRequirement=%s, isDiscoveryScanningEnabled=%s, during24GhzWifiWarmingUpPeriod=%s
03-13 09:25:11.611  4205  4205 D LayoutProviderContainerImpl: getCoverDisplayContext, cover display=Display id 1: DisplayInfo{"Built-in Screen", displayId 1, displayGroupId 0, FLAG_SECURE, FLAG_SUPPORTS_PROTECTED_BUFFERS, FLAG_PRESENTATION, FLAG_CAN_SHOW_WITH_INSECURE_KEYGUARD, FLAG_SHOULD_SHOW_SYSTEM_DECORATIONS, FLAG_TRUSTED, FLAG_ALLOWS_CONTENT_MODE_SWITCH, real 748 x 720, largest app 748 x 748, smallest app 618 x 552, appVsyncOff 16666666, presDeadline 17666666, mode 8, renderFrameRate 60.000004, hasArrSupport false, frameRateCategoryRate FrameRateCategoryRate {normal=60.0, high=90.0}, supportedRefreshRates [60.000004], defaultMode 8, REFRESH_RATE_MODE_SEAMLESS, userPreferredModeId -1, supportedModes [{id=8, width=748, height=720, fps=60.000004, vsync=60.000004, synthetic=false, alternativeRefreshRates=[], supportedHdrTypes=[2, 3, 4]}], appsSupportedModes [{id=8, width=748, height=720, fps=60.000004, vsync=60.000004, synthetic=false, alternativeRefreshRates=[], supportedHdrTypes=[2, 3, 4]}], hdrCapabilities HdrCapabilities{mSupportedHdrTypes=[2, 3, 4], mMaxLuminance=450.0, mMaxAverageLuminance=225.00024, mMinLuminance=5.0E-4}, isForceSdr false, userDisabledHdrTypes [], minimalPostProcessingSupported false, rotation 0, state OFF, committedState OFF}, DisplayMetrics{density=2.125, width=748, height=618, scaledDensity=2.125, xdpi=306.438, ydpi=309.966}, isValid=true
03-13 09:25:11.611 20916 20916 D AutofillManager: view not autofillable - not passing ime action check
03-13 09:25:11.611  2007  2007 I sensors-hal: inject_sensor_data:407, handle 1502 send inject
03-13 09:25:11.611  2007  2007 I sensors-hal: sendContextData:290, sensor hal 4, (0xb4, 0xd, 0xd2, 0x0)
03-13 09:25:11.611  2007  2007 I sensors-hal: sendContextData:230, activities 4 b4, 1
03-13 09:25:11.611  2007  2007 I sensors-hal: sendUserData:251, Activities cmd 0xb4 0xd
03-13 09:25:11.611  2007  2007 I sensors-hal: sendUserData:258, Activities LCD off
03-13 09:25:11.611  2007  2007 I sensors-hal: create_send_context_data:80, sending create_send_context_data
03-13 09:25:11.611  4205  4205 D Navbar.Store: --updateLayoutProvider() layoutProviderContainer = com.android.systemui.navigationbar.layout.LayoutProviderContainerImpl@1dbf89d
03-13 09:25:11.611  2007  2007 I sensors-hal: send_context_data:694, activities, 4914309220830019584, 1320970896291267344, msgid:700
03-13 09:25:11.611  4205  4205 D NavBarStateManager: NavBarStates(1) supportLargeCoverScreenNavBar: true
03-13 09:25:11.611  2007  2007 I sensors-hal: sendContextData:114, common_info 4
03-13 09:25:11.611  2007  2007 I sensors-hal: sendUserData:135, CommonInfo 0xb4 0xd 0xd2 0x0, 13835075664916545568
03-13 09:25:11.611  2007  2007 I sensors-hal: create_send_context_data:70, sending create_send_context_data
03-13 09:25:11.611  2007  2007 I sensors-hal: send_context_data:694, common_info, 4914309147815575552, 1320970896291267344, msgid:700
03-13 09:25:11.611  4205  4205 D LayoutProviderContainerImpl: getCoverDisplayContext, cover display=Display id 1: DisplayInfo{"Built-in Screen", displayId 1, displayGroupId 0, FLAG_SECURE, FLAG_SUPPORTS_PROTECTED_BUFFERS, FLAG_PRESENTATION, FLAG_CAN_SHOW_WITH_INSECURE_KEYGUARD, FLAG_SHOULD_SHOW_SYSTEM_DECORATIONS, FLAG_TRUSTED, FLAG_ALLOWS_CONTENT_MODE_SWITCH, real 748 x 720, largest app 748 x 748, smallest app 618 x 552, appVsyncOff 16666666, presDeadline 17666666, mode 8, renderFrameRate 60.000004, hasArrSupport false, frameRateCategoryRate FrameRateCategoryRate {normal=60.0, high=90.0}, supportedRefreshRates [60.000004], defaultMode 8, REFRESH_RATE_MODE_SEAMLESS, userPreferredModeId -1, supportedModes [{id=8, width=748, height=720, fps=60.000004, vsync=60.000004, synthetic=false, alternativeRefreshRates=[], supportedHdrTypes=[2, 3, 4]}], appsSupportedModes [{id=8, width=748, height=720, fps=60.000004, vsync=60.000004, synthetic=false, alternativeRefreshRates=[], supportedHdrTypes=[2, 3, 4]}], hdrCapabilities HdrCapabilities{mSupportedHdrTypes=[2, 3, 4], mMaxLuminance=450.0, mMaxAverageLuminance=225.00024, mMinLuminance=5.0E-4}, isForceSdr false, userDisabledHdrTypes [], minimalPostProcessingSupported false, rotation 0, state OFF, committedState OFF}, DisplayMetrics{density=2.125, width=748, height=618, scaledDensity=2.125, xdpi=306.438, ydpi=309.966}, isValid=true
03-13 09:25:11.612  4205  4205 D Navbar.Store: --[Band] (afterAction) STABLE_LAYOUT_PACK_NAVBAR_CONFIG_CHANGED
03-13 09:25:11.612  2007  3909 I sensors-hal: qsh_conn_resp_cb:930, resp_value = 0 for activities 
03-13 09:25:11.612  2007  3909 I sensors-hal: qsh_conn_resp_cb:930, resp_value = 0 for common_info 
03-13 09:25:11.612  2092  2092 I SSC_DAEMON: handleSensorTestReqMsg:85, Sensor type :4, Msg type:15
03-13 09:25:11.612  2092  2092 I SSC_DAEMON: physicalSensorTestReqMsg:130, s:4, m:15
03-13 09:25:11.613  2053 13496 W QC2Interface: [hvcD_768] Failed to query parameters
03-13 09:25:11.613  4205  4205 I SubScreenManager:  onDeviceStateChanged DeviceState{identifier=0, name='CLOSED', app_accessible=false, cancel_when_requester_not_on_top=false}
03-13 09:25:11.613  4205  4205 I SubScreenManager: requestDualState false
03-13 09:25:11.613  4360 21658 I CCodecBufferChannel: [c2.qti.hevc.decoder#919] start: max output delay 11
03-13 09:25:11.613  3003  4923 I DeviceStateManagerService: cancelRequestInternal pid:4205, ignore
03-13 09:25:11.613  5393  6882 E ScanManager: [GSIM LOG]: gsimLogHandler, msg: MESSAGE_SCAN_STOP, appName: com.google.android.gms, scannerId: 5, reportDelayMillis=0
03-13 09:25:11.613  4205  4205 I SubScreenManager: onDeviceStateChanged() 
03-13 09:25:11.613  4205  4205 I SubLauncher:SubLauncherStateManager@232606011: setTentMode: 2 -> 0 
03-13 09:25:11.613  4205  4205 I FoldStateManager: onFoldStateChanged: true
03-13 09:25:11.613  4205  4205 I FoldStateManager: updateFoldState: isFolded = true
03-13 09:25:11.613  4205  4205 I FoldStateManager: onTableModeChanged: false
03-13 09:25:11.613  4205  4205 I FoldStateManager: updateTableMode: isTableMode = false
03-13 09:25:11.613  4205  4205 D NavigationBarControllerImpl: setNavigationBarShortcut requestClass : com.android.wm.shell.controlpanel.activity.FlexPanelActivity, remoteViews : null, position : 0, priority : 11
03-13 09:25:11.613  4205  4205 D RemoteViewPack: OnSetRemoteView RemoteViewShortcut(requestClass=com.android.wm.shell.controlpanel.activity.FlexPanelActivity, remoteViews=null, position=0, priority=11)
03-13 09:25:11.613  4205  4205 D NavBarStateManager: NavBarStates(0) isGameMode: false
03-13 09:25:11.613  4205  4205 D RemoteViewPack: OnSetRemoteView RemoteViewShortcut(requestClass=com.android.wm.shell.controlpanel.activity.FlexPanelActivity, remoteViews=null, position=0, priority=11)
03-13 09:25:11.613  4205  4205 D NavBarStateManager: NavBarStates(1) isGameMode: false
03-13 09:25:11.614 16161 17325 D BluetoothAdapter: isLeEnabled(): BLE_ON
03-13 09:25:11.614 16161 17325 I NearbyDiscovery: (REDACTED) ApFastPairScanner: eventType=%s, intReq=%s, scanning=%s, scanAllowed=%s, bleEnabled=%s, lockScanRate=%s, startScanningByLowPowerMode=%s
03-13 09:25:11.614  4205  4205 D SecTabletHorizontalPanelPositionHelper: foldState: UNFOLD -> FOLD
03-13 09:25:11.614  4205  4205 D SecTabletHorizontalPanelPositionHelper: setHorizontalPanelTranslation(0.0), force : true
03-13 09:25:11.614  2092  3859 I SSC_DAEMON: light_event_log:185, light_msg(4/15): lcd off - 0,-1,-1,0
03-13 09:25:11.614  4205  4205 E SecQSPanelResourcePickHelper: need to prepare suitable picker for COVER
03-13 09:25:11.614  4205  4205 D SubscreenQsPanelControllerBase: onFolderStateChangedfalse
03-13 09:25:11.614 16161 17325 I NearbyDiscovery: (REDACTED) ApFastPairScanner: Stopping scan, %s
03-13 09:25:11.614  4205  4205 D SubscreenQsPanelControllerBase: setTiles 
03-13 09:25:11.614  4205  4205 D SubscreenQsPanelControllerBase: adding Tilespec : Wifi
03-13 09:25:11.614 16161 17325 D BluetoothAdapter: isLeEnabled(): BLE_ON
03-13 09:25:11.614 16161 17325 D BluetoothLeScanner: Stop Scan with callback
03-13 09:25:11.614  4205  4205 E SecQSPanelResourcePickHelper: need to prepare suitable picker for COVER
03-13 09:25:11.614  4205 21680 I DymLock|LockContainerStore: do action : change_folder_state
03-13 09:25:11.614  4205  4205 E SecQSPanelResourcePickHelper: need to prepare suitable picker for COVER
03-13 09:25:11.614  4205  4205 E SecQSPanelResourcePickHelper: need to prepare suitable picker for COVER
03-13 09:25:11.614  4205 21680 I DymLock|BaseLockStateContainer: onLockContainerStoreChangeEvent action[folder_change_event]
03-13 09:25:11.614  4205  4205 E SecQSPanelResourcePickHelper: need to prepare suitable picker for COVER
03-13 09:25:11.614  4205 21680 W DymLock|BaseLockStateContainer: onLockContainerStoreChangeEvent : not dls state
03-13 09:25:11.614  4205  4205 E SecQSPanelResourcePickHelper: need to prepare suitable picker for COVER
03-13 09:25:11.614  4205  4205 D SubRoomQsTileBaseView: updateSubscreenTileStroke
03-13 09:25:11.614  4205  4205 D SubscreenQsPanelControllerBase: addTile tile.getTileSpec():  record: com.android.systemui.qs.QSPanelControllerBase$TileRecord@a8d136d mSubscreenRecords.size(): 1
03-13 09:25:11.614  4205  4205 D SubscreenQsPanelControllerBase: adding Tilespec : SoundMode
03-13 09:25:11.614  4205  4205 E SecQSPanelResourcePickHelper: need to prepare suitable picker for COVER
03-13 09:25:11.614  4205  4205 E SecQSPanelResourcePickHelper: need to prepare suitable picker for COVER
03-13 09:25:11.614  4205  4205 E SecQSPanelResourcePickHelper: need to prepare suitable picker for COVER
03-13 09:25:11.614  2092  2092 I SSC_DAEMON: handleSensorTestReqMsg:85, Sensor type :20, Msg type:15
03-13 09:25:11.615  2092  2092 I SSC_DAEMON: physicalSensorTestReqMsg:162, 0.algo_id:26, num:1
03-13 09:25:11.615  4205  4205 E SecQSPanelResourcePickHelper: need to prepare suitable picker for COVER
03-13 09:25:11.615  4205  4362 D Tile.WifiTile: handleUpdateState isTransient=false transientEnabling =false cb.isTransient=false state.state = 2 mStateBeforeClick.value =false enabled =true
03-13 09:25:11.615  4205  4205 E SecQSPanelResourcePickHelper: need to prepare suitable picker for COVER
03-13 09:25:11.615  4205  4205 D SubRoomQsTileBaseView: updateSubscreenTileStroke
03-13 09:25:11.615  4205  4205 D SubscreenQsPanelControllerBase: addTile tile.getTileSpec():  record: com.android.systemui.qs.QSPanelControllerBase$TileRecord@33feff0 mSubscreenRecords.size(): 2
03-13 09:25:11.615  4205  4205 D SubscreenQsPanelControllerBase: adding Tilespec : Bluetooth
03-13 09:25:11.615  4205  4205 E SecQSPanelResourcePickHelper: need to prepare suitable picker for COVER
03-13 09:25:11.615  4205  4205 E SecQSPanelResourcePickHelper: need to prepare suitable picker for COVER
03-13 09:25:11.615  4205  4205 E SecQSPanelResourcePickHelper: need to prepare suitable picker for COVER
03-13 09:25:11.615  4205  4205 E SecQSPanelResourcePickHelper: need to prepare suitable picker for COVER
03-13 09:25:11.615  4205  4205 E SecQSPanelResourcePickHelper: need to prepare suitable picker for COVER
03-13 09:25:11.615  4205  4205 D SubRoomQsTileBaseView: updateSubscreenTileStroke
03-13 09:25:11.615  4205  4205 D SubscreenQsPanelControllerBase: addTile tile.getTileSpec():  record: com.android.systemui.qs.QSPanelControllerBase$TileRecord@f47969 mSubscreenRecords.size(): 3
03-13 09:25:11.615  4205  4205 D SubscreenQsPanelControllerBase: adding Tilespec : AirplaneMode
03-13 09:25:11.615  4205  4205 E SecQSPanelResourcePickHelper: need to prepare suitable picker for COVER
03-13 09:25:11.615  4205  4205 E SecQSPanelResourcePickHelper: need to prepare suitable picker for COVER
03-13 09:25:11.615  4205  4205 E SecQSPanelResourcePickHelper: need to prepare suitable picker for COVER
03-13 09:25:11.615  4205  4205 E SecQSPanelResourcePickHelper: need to prepare suitable picker for COVER
03-13 09:25:11.615  4205  4205 E SecQSPanelResourcePickHelper: need to prepare suitable picker for COVER
03-13 09:25:11.615  4205  4205 D SubRoomQsTileBaseView: updateSubscreenTileStroke
03-13 09:25:11.615  4205  4205 D SubscreenQsPanelControllerBase: addTile tile.getTileSpec():  record: com.android.systemui.qs.QSPanelControllerBase$TileRecord@54bdfee mSubscreenRecords.size(): 4
03-13 09:25:11.615  4205  4205 D SubscreenQsPanelControllerBase: adding Tilespec : Flashlight
03-13 09:25:11.615  4205  4205 E SecQSPanelResourcePickHelper: need to prepare suitable picker for COVER
03-13 09:25:11.615  4205  4205 E SecQSPanelResourcePickHelper: need to prepare suitable picker for COVER
03-13 09:25:11.615  4205  4205 E SecQSPanelResourcePickHelper: need to prepare suitable picker for COVER
03-13 09:25:11.615  4205  4205 E SecQSPanelResourcePickHelper: need to prepare suitable picker for COVER
03-13 09:25:11.615  2007  3645 I sensors-hal: qsh_conn_event_cb:857, SCHED_FIFO(10) for qmi_cbk
03-13 09:25:11.615  2092  3859 I SSC_DAEMON: pocketModeOptionDefineEvent:23, 2
03-13 09:25:11.615  4205  4205 E SecQSPanelResourcePickHelper: need to prepare suitable picker for COVER
03-13 09:25:11.615  4205  4205 D SubRoomQsTileBaseView: updateSubscreenTileStroke
03-13 09:25:11.615  2007  3645 I sensors-hal: qsh_conn_event_cb:890, event[0] sensor:Pocket mode  Wakeup, msg_id=715, ts=4521934495539
03-13 09:25:11.615  4205  4205 D SubscreenQsPanelControllerBase: addTile tile.getTileSpec():  record: com.android.systemui.qs.QSPanelControllerBase$TileRecord@f9d0c8f mSubscreenRecords.size(): 5
03-13 09:25:11.615  4205  4205 D SubscreenQsPanelControllerBase: adding Tilespec : MobileData
03-13 09:25:11.615  4205  4205 E SecQSPanelResourcePickHelper: need to prepare suitable picker for COVER
03-13 09:25:11.615  2007  3645 E libprotobuf-native: [libprotobuf ERROR external/protobuf/src/google/protobuf/message_lite.cc:133] Can't parse message of type "sns_std_sensor_event" because it is missing required fields: (cannot determine missing fields for lite message)
03-13 09:25:11.616  4205  4205 E SecQSPanelResourcePickHelper: need to prepare suitable picker for COVER
03-13 09:25:11.616  4205  4205 E SecQSPanelResourcePickHelper: need to prepare suitable picker for COVER
03-13 09:25:11.616  4205  4205 E SecQSPanelResourcePickHelper: need to prepare suitable picker for COVER
03-13 09:25:11.616  4205  4205 E SecQSPanelResourcePickHelper: need to prepare suitable picker for COVER
03-13 09:25:11.616  4205  4205 D SubRoomQsTileBaseView: updateSubscreenTileStroke
03-13 09:25:11.616  4205  4205 D SubscreenQsPanelControllerBase: addTile tile.getTileSpec():  record: com.android.systemui.qs.QSPanelControllerBase$TileRecord@54c1b1c mSubscreenRecords.size(): 6
03-13 09:25:11.616  4205  4205 D SubscreenQsPanelControllerBase: adding Tilespec : custom(com.samsung.android.app.smartcapture/com.samsung.android.app.screenrecorder.view.RecordScreenTile)
03-13 09:25:11.616  4205  4205 E SecQSPanelResourcePickHelper: need to prepare suitable picker for COVER
03-13 09:25:11.616  4205  4205 E SecQSPanelResourcePickHelper: need to prepare suitable picker for COVER
03-13 09:25:11.616  4205  4205 E SecQSPanelResourcePickHelper: need to prepare suitable picker for COVER
03-13 09:25:11.616  4205  4205 E SecQSPanelResourcePickHelper: need to prepare suitable picker for COVER
03-13 09:25:11.616  4205  4205 E SecQSPanelResourcePickHelper: need to prepare suitable picker for COVER
03-13 09:25:11.616  4205  4362 D Tile.SoundModeTile: handleUpdateState: profile 0, muteAllSound false
03-13 09:25:11.616  4205  4205 D SubRoomQsTileBaseView: updateSubscreenTileStroke
03-13 09:25:11.616  4205  4205 D SubscreenQsPanelControllerBase: addTile tile.getTileSpec():  record: com.android.systemui.qs.QSPanelControllerBase$TileRecord@5524325 mSubscreenRecords.size(): 7
03-13 09:25:11.616  4205  4205 D SubscreenQsPanelControllerBase: adding Tilespec : custom(com.samsung.android.app.routines/.LifestyleModeTile)
03-13 09:25:11.616  3003  3911 D SensorService: setSContextDataLocked ints length 3 , byte length 5
03-13 09:25:11.616  4205  4205 E SecQSPanelResourcePickHelper: need to prepare suitable picker for COVER
03-13 09:25:11.616  3003  3911 D SensorService: setSContextDataLocked 190d0ec1
03-13 09:25:11.616  4205  4205 E SecQSPanelResourcePickHelper: need to prepare suitable picker for COVER
03-13 09:25:11.616  4205  4362 D SBluetoothTile:  handleUpdateState enabled = false connected = false connecting = false changedState =false bluetoothState = 10 enabledChanging = false state = QSTile$BooleanState[spec=Bluetooth,icon=ResourceIcon[resId=0x7f080f78],nextIcon=null,iconSupplier=null,label=Bluetooth,secondaryLabel=,contentDescription=Bluetooth,stateDescription=null,dualLabelContentDescription=null,expandedAccessibilityClassName=null,disabledByPolicy=false,dualTarget=true,isTransient=false,handlesSecondaryClick=false,state=1,sideViewCustomDrawable=null,tileClassName=null,value=false,forceExpandIcon=false]
03-13 09:25:11.616  4205  4205 E SecQSPanelResourcePickHelper: need to prepare suitable picker for COVER
03-13 09:25:11.616  4205  4205 E SecQSPanelResourcePickHelper: need to prepare suitable picker for COVER
03-13 09:25:11.616  4205  4205 E SecQSPanelResourcePickHelper: need to prepare suitable picker for COVER
03-13 09:25:11.616  2007 12669 I sensors-hal: handle_sns_client_event:142, auto_rotation_event same event skip, type:2
03-13 09:25:11.616  4205  4205 D SubRoomQsTileBaseView: updateSubscreenTileStroke
03-13 09:25:11.616  2007 12669 I sensors-hal: handle_sns_client_event:159, auto_rotation_event_2 event,255, duration,287, ts,235512182076454, ts_diff,282442
03-13 09:25:11.616  2007 12669 I sensors-hal: handle_sns_client_event:170, auto_rotation_debug_2 acc,-1.641,2.177,7.758, ar,0, h_ic,0,0, s,2, ver,14, pedo,1,e,1,i,3
03-13 09:25:11.616  4205  4205 D SubscreenQsPanelControllerBase: addTile tile.getTileSpec():  record: com.android.systemui.qs.QSPanelControllerBase$TileRecord@c8dcd08 mSubscreenRecords.size(): 8
03-13 09:25:11.616  4205  4205 D SubscreenQsPanelControllerBase: adding Tilespec : Dnd
03-13 09:25:11.616  4205  4205 E SecQSPanelResourcePickHelper: need to prepare suitable picker for COVER
03-13 09:25:11.616  4205  4205 E SecQSPanelResourcePickHelper: need to prepare suitable picker for COVER
03-13 09:25:11.616  4205  4205 E SecQSPanelResourcePickHelper: need to prepare suitable picker for COVER
03-13 09:25:11.616  4205  4205 E SecQSPanelResourcePickHelper: need to prepare suitable picker for COVER
03-13 09:25:11.616  4205  4205 E SecQSPanelResourcePickHelper: need to prepare suitable picker for COVER
03-13 09:25:11.616  4205  4205 D SubRoomQsTileBaseView: updateSubscreenTileStroke
03-13 09:25:11.616  4205  4205 D SubscreenQsPanelControllerBase: addTile tile.getTileSpec():  record: com.android.systemui.qs.QSPanelControllerBase$TileRecord@908eca1 mSubscreenRecords.size(): 9
03-13 09:25:11.616  4205  4205 D SubscreenQsPanelControllerBase: setTiles 
03-13 09:25:11.616  4205  4205 D SubscreenQsPanelControllerBase: adding Tilespec : Wifi
03-13 09:25:11.616  4205  4205 E SecQSPanelResourcePickHelper: need to prepare suitable picker for COVER
03-13 09:25:11.617  2007  2007 I sensors-hal: inject_sensor_data:407, handle 1502 send inject
03-13 09:25:11.617  2007  2007 I sensors-hal: sendContextData:290, sensor hal 5, (0xc1, 0xe, 0xd, 0x19)
03-13 09:25:11.617  2007  2007 I sensors-hal: sendContextData:230, activities 5 c1, 1
03-13 09:25:11.617  2007  2007 I sensors-hal: sendUserData:251, Activities cmd 0xc1 0xe
03-13 09:25:11.617  2007  2007 I sensors-hal: sendUserData:265, Activities system time h 13 m 25 s 11
03-13 09:25:11.617  4205  4205 E SecQSPanelResourcePickHelper: need to prepare suitable picker for COVER
03-13 09:25:11.617  2007  2007 I sensors-hal: create_send_context_data:80, sending create_send_context_data
03-13 09:25:11.617  4205  4205 E SecQSPanelResourcePickHelper: need to prepare suitable picker for COVER
03-13 09:25:11.617  2007  2007 I sensors-hal: send_context_data:694, activities, 4914309220830019584, 1320970896291267344, msgid:700
03-13 09:25:11.617  4205  4205 E SecQSPanelResourcePickHelper: need to prepare suitable picker for COVER
03-13 09:25:11.617  2007  2007 I sensors-hal: sendContextData:114, common_info 5
03-13 09:25:11.617  2007  2007 I sensors-hal: sendUserData:137, CommonInfo 0xc1 0xe 0xd 0x19
03-13 09:25:11.617  2007  2007 I sensors-hal: create_send_context_data:70, sending create_send_context_data
03-13 09:25:11.617  2007  2007 I sensors-hal: send_context_data:694, common_info, 4914309147815575552, 1320970896291267344, msgid:700
03-13 09:25:11.617  4205  4205 E SecQSPanelResourcePickHelper: need to prepare suitable picker for COVER
03-13 09:25:11.617  4205  4205 D SubRoomQsTileBaseView: updateSubscreenTileStroke
03-13 09:25:11.617  4205  4205 D SubscreenQsPanelControllerBase: addTile tile.getTileSpec():  record: com.android.systemui.qs.QSPanelControllerBase$TileRecord@66bfec6 mSubscreenRecords.size(): 1
03-13 09:25:11.617  4205  4205 D SubscreenQsPanelControllerBase: adding Tilespec : SoundMode
03-13 09:25:11.617  4205  4205 E SecQSPanelResourcePickHelper: need to prepare suitable picker for COVER
03-13 09:25:11.617  4205  4205 E SecQSPanelResourcePickHelper: need to prepare suitable picker for COVER
03-13 09:25:11.617  3003  3911 D SensorService: setSContextDataLocked ints length 2 , byte length 4
03-13 09:25:11.617  4205  4205 E SecQSPanelResourcePickHelper: need to prepare suitable picker for COVER
03-13 09:25:11.617  3003  3911 D SensorService: setSContextDataLocked 47c1
03-13 09:25:11.617  3003  3911 I SensorService: [EARPROXIMITY] EarProximitySensor2 screen 0
03-13 09:25:11.617  4205  4205 E SecQSPanelResourcePickHelper: need to prepare suitable picker for COVER
03-13 09:25:11.617  4205  4205 E SecQSPanelResourcePickHelper: need to prepare suitable picker for COVER
03-13 09:25:11.617  4205  4205 D SubRoomQsTileBaseView: updateSubscreenTileStroke
03-13 09:25:11.617  4205  4205 D SubscreenQsPanelControllerBase: addTile tile.getTileSpec():  record: com.android.systemui.qs.QSPanelControllerBase$TileRecord@6bffe87 mSubscreenRecords.size(): 2
03-13 09:25:11.617  4205  4205 D SubscreenQsPanelControllerBase: adding Tilespec : Bluetooth
03-13 09:25:11.617  4205  4205 E SecQSPanelResourcePickHelper: need to prepare suitable picker for COVER
03-13 09:25:11.617  2007  3909 I sensors-hal: qsh_conn_resp_cb:930, resp_value = 0 for activities 
03-13 09:25:11.617  2007  2007 I sensors-hal: inject_sensor_data:407, handle 1502 send inject
03-13 09:25:11.617  2007  2007 I sensors-hal: sendContextData:290, sensor hal 4, (0xc1, 0x47, 0x0, 0x0)
03-13 09:25:11.617  4205  4205 E SecQSPanelResourcePickHelper: need to prepare suitable picker for COVER
03-13 09:25:11.617  2007  2007 I sensors-hal: sendContextData:230, activities 4 c1, 1
03-13 09:25:11.617  2007  2007 I sensors-hal: sendUserData:251, Activities cmd 0xc1 0x47
03-13 09:25:11.617  4205  4205 E SecQSPanelResourcePickHelper: need to prepare suitable picker for COVER
03-13 09:25:11.617  2007  2007 I sensors-hal: create_send_context_data:80, sending create_send_context_data
03-13 09:25:11.617  2007  2007 I sensors-hal: send_context_data:694, activities, 4914309220830019584, 1320970896291267344, msgid:700
03-13 09:25:11.617  2007  3909 I sensors-hal: qsh_conn_resp_cb:930, resp_value = 0 for common_info 
03-13 09:25:11.617  4205  4205 E SecQSPanelResourcePickHelper: need to prepare suitable picker for COVER
03-13 09:25:11.617  2007  2007 I sensors-hal: sendContextData:114, common_info 4
03-13 09:25:11.617  2007  2007 I sensors-hal: sendUserData:137, CommonInfo 0xc1 0x47 0x0 0x0
03-13 09:25:11.617  2007  2007 I sensors-hal: create_send_context_data:70, sending create_send_context_data
03-13 09:25:11.617  2007  2007 I sensors-hal: send_context_data:694, common_info, 4914309147815575552, 1320970896291267344, msgid:700
03-13 09:25:11.617  2007  2007 I sensors-hal: write_algo_lcd_onoff_state:196, algo_lcd_onoff : 0x0
03-13 09:25:11.617  4205  4205 E SecQSPanelResourcePickHelper: need to prepare suitable picker for COVER
03-13 09:25:11.617  4205  4205 D SubRoomQsTileBaseView: updateSubscreenTileStroke
03-13 09:25:11.617  4205  4205 D SubscreenQsPanelControllerBase: addTile tile.getTileSpec():  record: com.android.systemui.qs.QSPanelControllerBase$TileRecord@2b6b1b4 mSubscreenRecords.size(): 3
03-13 09:25:11.617  2092  2092 I SSC_DAEMON: handleSensorTestReqMsg:85, Sensor type :20, Msg type:15
03-13 09:25:11.617  4205  4205 D SubscreenQsPanelControllerBase: adding Tilespec : AirplaneMode
03-13 09:25:11.617  2092  2092 I SSC_DAEMON: physicalSensorTestReqMsg:162, 0.algo_id:26, num:1
03-13 09:25:11.617  4205  4205 E SecQSPanelResourcePickHelper: need to prepare suitable picker for COVER
03-13 09:25:11.617  4205  4205 E SecQSPanelResourcePickHelper: need to prepare suitable picker for COVER
03-13 09:25:11.617  4205  4205 E SecQSPanelResourcePickHelper: need to prepare suitable picker for COVER
03-13 09:25:11.617  4205  4205 E SecQSPanelResourcePickHelper: need to prepare suitable picker for COVER
03-13 09:25:11.617  4205  4205 E SecQSPanelResourcePickHelper: need to prepare suitable picker for COVER
03-13 09:25:11.617  4205  4205 D SubRoomQsTileBaseView: updateSubscreenTileStroke
03-13 09:25:11.617  2007  3909 I sensors-hal: qsh_conn_resp_cb:930, resp_value = 0 for activities 
03-13 09:25:11.617  4205  4205 D SubscreenQsPanelControllerBase: addTile tile.getTileSpec():  record: com.android.systemui.qs.QSPanelControllerBase$TileRecord@726b1dd mSubscreenRecords.size(): 4
03-13 09:25:11.617  4205  4205 D SubscreenQsPanelControllerBase: adding Tilespec : Flashlight
03-13 09:25:11.617  4205  4205 E SecQSPanelResourcePickHelper: need to prepare suitable picker for COVER
03-13 09:25:11.617  2007  3909 I sensors-hal: qsh_conn_resp_cb:930, resp_value = 0 for common_info 
03-13 09:25:11.617  4205  4205 E SecQSPanelResourcePickHelper: need to prepare suitable picker for COVER
03-13 09:25:11.618  4205  4205 E SecQSPanelResourcePickHelper: need to prepare suitable picker for COVER
03-13 09:25:11.618  4205  4205 E SecQSPanelResourcePickHelper: need to prepare suitable picker for COVER
03-13 09:25:11.618  4205  4205 E SecQSPanelResourcePickHelper: need to prepare suitable picker for COVER
03-13 09:25:11.618  4205  4205 D SubRoomQsTileBaseView: updateSubscreenTileStroke
03-13 09:25:11.618  4205  4205 D SubscreenQsPanelControllerBase: addTile tile.getTileSpec():  record: com.android.systemui.qs.QSPanelControllerBase$TileRecord@3994152 mSubscreenRecords.size(): 5
