03-12 00:25:59.995  5625  5669 V WindowManagerShell: Transition requested (#9634): android.os.BinderProxy@288801a TransitionRequestInfo { type = OPEN, triggerTask = TaskInfo{userId=0 taskId=1814 displayId=0 isRunning=true baseIntent=Intent { act=android.intent.action.MAIN cat=[android.intent.category.LAUNCHER] flg=0x10200000 cmp=com.shell.sitibv.motorist.america/com.mobgen.fireblade.presentation.splash.SplashActivity } baseActivity=ComponentInfo{com.shell.sitibv.motorist.america/com.mobgen.fireblade.presentation.splash.SplashActivity} topActivity=ComponentInfo{com.shell.sitibv.motorist.america/com.mobgen.fireblade.presentation.welcome.WelcomeActivity} origActivity=null realActivity=ComponentInfo{com.shell.sitibv.motorist.america/com.mobgen.fireblade.presentation.splash.SplashActivity} numActivities=2 lastActiveTime=219515880 supportsMultiWindow=false supportsGlobalFreeform=false resizeMode=0 isResizeable=false isAppLocked=false isShowDecorCaptionWindowRequest=false canKillAndRestart=false minWidth=-1 minHeight=-1 defaultMinSize=200 token=WCT{android.window.IWindowContainerToken$Stub$Proxy@942a74b} topActivityType=1 pictureInPictureParams=null shouldDockBigOverlays=false launchIntoPipHostTaskId=-1 lastParentTaskIdBeforePip=-1 displayCutoutSafeInsets=null topActivityInfo=ActivityInfo{f5c4528 com.mobgen.fireblade.presentation.welcome.WelcomeActivity} launchCookies=[] positionInParent=Point(0, 0) parentTaskId=-1 isFocused=true isVisible=true isVisibleRequested=true isSleeping=false locusId=null displayAreaFeatureId=1 isTopActivityTransparent=false appCompatTaskInfo=AppCompatTaskInfo { topActivityInSizeCompat=false topActivityEligibleForLetterboxEducation= falseisLetterboxEducationEnabled= false isLetterboxDoubleTapEnabled= false topActivityEligibleForUserAspectRatioButton= false topActivityBoundsLetterboxed= false isFromLetterboxDoubleTap= false topActivityLetterboxVerticalPosition= -1 topActivityLetterboxHorizontalPosition= -1 topActivityLetterboxWidth=1080 topActivityLetterboxHeight=2640 isUserFullscreenOverrideEnabled=false isSystemFullscreenOverrideEnabled=false cameraCompatTaskInfo=CameraCompatTaskInfo { cameraCompatControlState=hidden freeformCameraCompatMode=inactive}}}, pipTask = null, remoteTransition = null, displayChange = null, flags = 0, debugId = 9634 }
03-12 00:25:59.995  2061  2108 E minksocket: MinkIPC_QRTR_Service: client with node 1 port 5ba8 went down
03-12 00:25:59.996  2064  2064 I sensors-hal: activate:184, android.sensor.gravity/91 en=0 completed
03-12 00:25:59.998  3163  7400 I ActivityTaskManager: The Process com.shell.sitibv.motorist.america Already Exists in BG. So sending its PID: 14364
03-12 00:25:59.999  3163  3249 W MotoBatteryCareService: uid: 10639 pkgName:com.shell.sitibv.motorist.america come to foreground
03-12 00:26:00.003  2300  2300 I BpBinder: onLastStrongRef automatically unlinking death recipients: 
03-12 00:26:00.004  3163  7400 E IPCThreadState: Process seems to be sending too many oneway calls.
03-12 00:26:00.006  5625  5625 V KeyguardStatusViewController: onTimeChanged
03-12 00:26:00.008  3163  3203 W AutofillManagerServiceImpl: getFillEventHistory() called by UID 10195, but service UID is 10240
03-12 00:26:00.009  7314  7314 D GameMode: isScreenUnlocked: true
03-12 00:26:00.009  7314  7314 D GameMode: onStartedActivityChange: componnent: ComponentInfo{com.shell.sitibv.motorist.america/com.mobgen.fireblade.presentation.welcome.WelcomeActivity} entered launcher screen? true
03-12 00:26:00.010  7314  7314 D GameMode: isScreenUnlocked: true
03-12 00:26:00.010  7314  7314 D GameMode: isScreenUnlocked: true
03-12 00:26:00.049  3163  7479 D WindowManager: captureDisplay
03-12 00:26:00.070 18586 18658 I cr_CronetUrlRequestContext: destroyNativeStreamLocked android.net.connectivity.org.chromium.net.impl.CronetBidirectionalStream@4ee3cad
03-12 00:26:00.099  3163  7400 E oneway spamming:   #00 pc 0000000000061ef4  /system/lib64/libbinder.so (android::BpBinder::transact(unsigned int, android::Parcel const&, android::Parcel*, unsigned int)+172) (BuildId: a36ad0ce518d99b9b54648c31ef10e20)
03-12 00:26:00.099  3163  7400 E oneway spamming:   #01 pc 00000000001a47b4  /system/lib64/libandroid_runtime.so (android_os_BinderProxy_transact(_JNIEnv*, _jobject*, int, _jobject*, _jobject*, int)+156) (BuildId: a96522633fa8fa6d2308ac9a491c5a3a)
03-12 00:26:00.099  3163  7400 E oneway spamming:   #02 pc 000000000032093c  /data/misc/apexdata/com.android.art/dalvik-cache/arm64/boot.oat (art_jni_trampoline+140)
03-12 00:26:00.099  3163  7400 E oneway spamming:   #03 pc 00000000009d79f0  /data/misc/apexdata/com.android.art/dalvik-cache/arm64/boot.oat (android.os.BinderProxy.transact+1632)
03-12 00:26:00.099  3163  7400 E oneway spamming:   #04 pc 000000000226dd44  /memfd:jit-cache (deleted) (offset 0x2000000) (android.app.IActivityObserver$Stub$Proxy.onTopResumedActivityChange+388)
03-12 00:26:00.099  3163  7400 E oneway spamming:   #05 pc 000000000221ad78  /memfd:jit-cache (deleted) (offset 0x2000000) (com.android.server.wm.ClientLifecycleManager.dispatchTopResumedActivityChange+888)
03-12 00:26:00.099  3163  7400 E oneway spamming:   #06 pc 0000000002684d80  /memfd:jit-cache (deleted) (offset 0x2000000) (com.android.server.wm.ClientLifecycleManager.scheduleTransactionItem+1120)
03-12 00:26:00.099  3163  7400 E oneway spamming:   #07 pc 000000000218de60  /memfd:jit-cache (deleted) (offset 0x2000000) (com.android.server.wm.ActivityRecord.scheduleTopResumedActivityChanged+704)
03-12 00:26:00.099  3163  7400 E oneway spamming:   #08 pc 00000000021dee2c  /memfd:jit-cache (deleted) (offset 0x2000000) (com.android.server.wm.ActivityTaskSupervisor.updateTopResumedActivityIfNeeded+524)
03-12 00:26:00.099  3163  7400 E oneway spamming:   #09 pc 000000000227797c  /memfd:jit-cache (deleted) (offset 0x2000000) (com.android.server.wm.TaskFragment.setResumedActivity+300)
03-12 00:26:00.099  3163  7400 E oneway spamming:   #10 pc 00000000021b5e64  /memfd:jit-cache (deleted) (offset 0x2000000) (com.android.server.wm.TaskFragment.onActivityStateChanged+420)
03-12 00:26:00.099  3163  7400 E oneway spamming:   #11 pc 000000000059b8a0  /data/misc/apexdata/com.android.art/dalvik-cache/arm64/system@framework@services.jar@classes.odex (com.android.server.wm.ActivityRecord.setState+1440)
03-12 00:26:00.099  3163  7400 E oneway spamming:   #12 pc 0000000002160fa8  /memfd:jit-cache (deleted) (offset 0x2000000) (com.android.server.wm.ActivityTaskSupervisor.realStartActivityLocked+6264)
03-12 00:26:00.099  3163  7400 E oneway spamming:   #13 pc 000000000220259c  /memfd:jit-cache (deleted) (offset 0x2000000) (com.android.server.wm.ActivityTaskSupervisor.startSpecificActivity+1436)
03-12 00:26:00.099  3163  7400 E oneway spamming:   #14 pc 0000000000581b28  /data/misc/apexdata/com.android.art/dalvik-cache/arm64/system@framework@services.jar@classes.odex (com.android.server.wm.TaskFragment.resumeTopActivity+5688)
03-12 00:26:00.099  3163  7400 E oneway spamming:   #15 pc 00000000021c8794  /memfd:jit-cache (deleted) (offset 0x2000000) (com.android.server.wm.Task.resumeTopActivityInnerLocked+948)
03-12 00:26:00.099  3163  7400 E oneway spamming:   #16 pc 00000000021a1ab4  /memfd:jit-cache (deleted) (offset 0x2000000) (com.android.server.wm.Task.resumeTopActivityUncheckedLocked+852)
03-12 00:26:00.099  3163  7400 E oneway spamming:   #17 pc 0000000002165644  /memfd:jit-cache (deleted) (offset 0x2000000) (com.android.server.wm.RootWindowContainer.resumeFocusedTasksTopActivities+372)
03-12 00:26:00.099  3163  7400 E oneway spamming:   #18 pc 00000000024ef8b0  /memfd:jit-cache (deleted) (offset 0x2000000) (com.android.server.wm.RootWindowContainer.resumeFocusedTasksTopActivities+112)
03-12 00:26:00.099  3163  7400 E oneway spamming:   #19 pc 000000000226bdac  /memfd:jit-cache (deleted) (offset 0x2000000) (com.android.server.wm.TaskFragment.completePause+1340)
03-12 00:26:00.099  3163  7400 E oneway spamming:   #20 pc 000000000232713c  /memfd:jit-cache (deleted) (offset 0x2000000) (com.android.server.wm.ActivityRecord.activityPaused+812)
03-12 00:26:00.099  3163  7400 E oneway spamming:   #21 pc 000000000233342c  /memfd:jit-cache (deleted) (offset 0x2000000) (com.android.server.wm.ActivityClientController.activityPaused+348)
03-12 00:26:00.099  3163  7400 E oneway spamming:   #22 pc 0000000000781020  /apex/com.android.art/lib64/libart.so (nterp_helper+4016) (BuildId: 629e0ffca501d809c29dbbeef2f512d3)
03-12 00:26:00.099  3163  7400 E oneway spamming:   #23 pc 0000000000220636  /system/framework/framework.jar (android.app.IActivityClientController$Stub.onTransact+2922)
03-12 00:26:00.099  3163  7400 E oneway spamming:   #24 pc 00000000023e2da4  /memfd:jit-cache (deleted) (offset 0x2000000) (com.android.server.wm.ActivityClientController.onTransact+68)
03-12 00:26:00.099  3163  7400 E oneway spamming:   #25 pc 00000000009d4c0c  /data/misc/apexdata/com.android.art/dalvik-cache/arm64/boot.oat (android.os.Binder.execTransactInternal+1084)
03-12 00:26:00.099  3163  7400 E oneway spamming:   #26 pc 00000000009d4634  /data/misc/apexdata/com.android.art/dalvik-cache/arm64/boot.oat (android.os.Binder.execTransact+388)
03-12 00:26:00.099  3163  7400 E oneway spamming:   #27 pc 0000000000368774  /apex/com.android.art/lib64/libart.so (art_quick_invoke_stub+612) (BuildId: 629e0ffca501d809c29dbbeef2f512d3)
03-12 00:26:00.099  3163  7400 E oneway spamming:   #28 pc 0000000000367148  /apex/com.android.art/lib64/libart.so (art::JValue art::InvokeVirtualOrInterfaceWithVarArgs<art::ArtMethod*>(art::ScopedObjectAccessAlreadyRunnable const&, _jobject*, art::ArtMethod*, std::__va_list)+812) (BuildId: 629e0ffca501d809c29dbbeef2f512d3)
03-12 00:26:00.099  3163  7400 E oneway spamming:   #29 pc 00000000007289b8  /apex/com.android.art/lib64/libart.so (art::JNI<false>::CallBooleanMethodV(_JNIEnv*, _jobject*, _jmethodID*, std::__va_list)+192) (BuildId: 629e0ffca501d809c29dbbeef2f512d3)
03-12 00:26:00.099  3163  7400 E oneway spamming:   #30 pc 00000000000deec8  /system/lib64/libandroid_runtime.so (_JNIEnv::CallBooleanMethod(_jobject*, _jmethodID*, ...)+124) (BuildId: a96522633fa8fa6d2308ac9a491c5a3a)
03-12 00:26:00.099  3163  7400 E oneway spamming:   #31 pc 00000000001a3368  /system/lib64/libandroid_runtime.so (JavaBBinder::onTransact(unsigned int, android::Parcel const&, android::Parcel*, unsigned int)+168) (BuildId: a96522633fa8fa6d2308ac9a491c5a3a)
03-12 00:26:00.099  3163  7400 E oneway spamming:   #32 pc 000000000005ed88  /system/lib64/libbinder.so (android::BBinder::transact(unsigned int, android::Parcel const&, android::Parcel*, unsigned int)+316) (BuildId: a36ad0ce518d99b9b54648c31ef10e20)
03-12 00:26:00.099  3163  7400 E oneway spamming:   #33 pc 000000000004c774  /system/lib64/libbinder.so (android::IPCThreadState::executeCommand(int)+1072) (BuildId: a36ad0ce518d99b9b54648c31ef10e20)
03-12 00:26:00.099  3163  7400 E oneway spamming:   #34 pc 000000000004c284  /system/lib64/libbinder.so (android::IPCThreadState::getAndExecuteCommand()+156) (BuildId: a36ad0ce518d99b9b54648c31ef10e20)
03-12 00:26:00.099  3163  7400 E oneway spamming:   #35 pc 000000000004cbbc  /system/lib64/libbinder.so (android::IPCThreadState::joinThreadPool(bool)+108) (BuildId: a36ad0ce518d99b9b54648c31ef10e20)
03-12 00:26:00.099  3163  7400 E oneway spamming:   #36 pc 00000000000551ec  /system/lib64/libbinder.so (android::PoolThread::threadLoop()+28) (BuildId: a36ad0ce518d99b9b54648c31ef10e20)
03-12 00:26:00.099  3163  7400 E oneway spamming:   #37 pc 000000000001003c  /system/lib64/libutils.so (android::Thread::_threadLoop(void*)+416) (BuildId: 974f050a274d2b06051a6a711d1870ac)
03-12 00:26:00.099  3163  7400 E oneway spamming:   #38 pc 00000000000f1e70  /system/lib64/libandroid_runtime.so (android::AndroidRuntime::javaThreadShell(void*)+148) (BuildId: a96522633fa8fa6d2308ac9a491c5a3a)
03-12 00:26:00.099  3163  7400 E oneway spamming:   #39 pc 000000000006d8d0  /apex/com.android.runtime/lib64/bionic/libc.so (__pthread_start(void*)+196) (BuildId: 5104edba358827da2b5933bd5f1a87b0)
03-12 00:26:00.099  3163  7400 E oneway spamming:   #40 pc 000000000005fd34  /apex/com.android.runtime/lib64/bionic/libc.so (__start_thread+68) (BuildId: 5104edba358827da2b5933bd5f1a87b0)
03-12 00:26:00.104  3163  5235 E MotoSxfService: ModeUsage or ActivityState is null.
03-12 00:26:00.106  7314  7314 D GameMode: isScreenUnlocked: true
03-12 00:26:00.110  7314  7314 D GameMode: exiting game mode
03-12 00:26:00.114  7314  7314 D GameMode: isFeatureSupported: true
03-12 00:26:00.114  7314  7314 D GameMode: isFeatureSupported: true
03-12 00:26:00.115  7314  7314 D GameMode: reset : false
03-12 00:26:00.115 14364 14364 I BMP:LifecycleCallbacks: Activity Created: com.mobgen.fireblade.presentation.welcome.WelcomeActivity
03-12 00:26:00.119  7314  7314 D GameMode: isFeatureSupported: true
03-12 00:26:00.133  5705  5705 D GameModeDetector: notifyGameModeStatusValue, value=false
03-12 00:26:00.134  5705  5705 D DaxService: sendGameModeIntent, state=false
03-12 00:26:00.140 22811 23094 D DolbyDaxUI: getDeviceType, active device is 0x2
03-12 00:26:00.141 22811 23094 D DolbyDaxUI: getDeviceType, active device is 0x2
03-12 00:26:00.146  2067  2174 D DlbDapEffectContext: DapEffectContext[0xb400007ca4048450] getDapParameter() outval size = 12, ret = 0
03-12 00:26:00.148  2067  2174 D DlbDapEffectContext: DapEffectContext[0xb400007ca4048450] getDapParameter() outval size = 12, ret = 0
03-12 00:26:00.149  5705 30759 D DolbyAudioEffectHelper: getDolbyStatus enabled=true profile=0
03-12 00:26:00.152  5705 30759 D DolbyProvider: true, profile=0
03-12 00:26:00.168  2064  4171 D slpi    : tmd2712: Als lux: 4.40, ch0: 76, ch1: 2, scale: 1.08, atime:50.04, again:1024
03-12 00:26:00.168  3163  4131 D WindowManager: captureDisplay
03-12 00:26:00.188 14364 14364 I BMP:BackgroundEventManager: Activity resumed: com.mobgen.fireblade.presentation.welcome.WelcomeActivity
03-12 00:26:00.188 14364 14364 I BMP:LifecycleCallbacks: Activity Resumed:com.mobgen.fireblade.presentation.welcome.WelcomeActivity
03-12 00:26:00.188 14364 14364 I BMP:CYFMonitor: Start collecting sensor data
03-12 00:26:00.192  2064  2064 I sensors-hal: flush:235, android.sensor.accelerometer/11
03-12 00:26:00.192  2064  2064 I sensors-hal: send_sync_sensor_request:341, send sync request
03-12 00:26:00.192  2064  2064 I sensors-hal: send_sync_sensor_request:367, wait for notification of response
03-12 00:26:00.194  2064  5194 I sensors-hal: ssc_conn_resp_cb:632, resp_value = 0
03-12 00:26:00.194  2064  2064 I sensors-hal: send_sync_sensor_request:373, takes 2 ms to receive the response with 0
03-12 00:26:00.194  2064  2064 I sensors-hal: flush:241, android.sensor.accelerometer/11 completed
03-12 00:26:00.195  2064  2064 I sensors-hal: batch:206, android.sensor.gyroscope/41, period=20000000, max_latency=0
03-12 00:26:00.195  2064  2064 I sensors-hal: set_config:57, sample_period_ns is adjusted to 20000000 based on min/max delay_ns
03-12 00:26:00.195  2064  2064 I sensors-hal: batch:215, android.sensor.gyroscope/41, period=20000000, max_latency=0 request completed
03-12 00:26:00.195  2064  2064 I sensors-hal: activate:173, android.sensor.gyroscope/41 en=1
03-12 00:26:00.196  2064  2064 I sensors-hal: get_qmi_debug_flag:239, support_qmi_debug : false
03-12 00:26:00.197  2061  2108 E minksocket: MinkIPC_QRTR_Service: client with node 1 port 5ba9 went down
03-12 00:26:00.198  2061  2108 E minksocket: MinkIPC_QRTR_Service: client with node 1 port 5baa went down
03-12 00:26:00.199  2061  2108 E minksocket: MinkIPC_QRTR_Service: client with node 1 port 5bab went down
03-12 00:26:00.200  2064  2064 E Diag_Lib: diag: Diag_LSM_Init: invoked for pid: 2064 with init_count: 0
03-12 00:26:00.200  2064  2064 E Diag_Lib: diag:failed to connect to diag socket
03-12 00:26:00.200  2064  2064 E Diag_Lib:  Diag_LSM_Init: Failed to open handle to diag driver, error = 13
03-12 00:26:00.201  2061  2108 E minksocket: MinkIPC_QRTR_Service: client with node 1 port 5bac went down
03-12 00:26:00.201  2064  2064 I sensors-hal: set_config:57, sample_period_ns is adjusted to 1000000000 based on min/max delay_ns
03-12 00:26:00.201  2064  2064 I sensors-hal: get_qmi_debug_flag:239, support_qmi_debug : false
03-12 00:26:00.202  2061  2108 E minksocket: MinkIPC_QRTR_Service: client with node 1 port 5bae went down
03-12 00:26:00.203  2061  2108 E minksocket: MinkIPC_QRTR_Service: client with node 1 port 5baf went down
03-12 00:26:00.204  2064 14986 I sensors-hal: handle_indication_realtime:467,  SCHED_FIFO(10) for qmi_cbk
03-12 00:26:00.205  2061  2108 E minksocket: MinkIPC_QRTR_Service: client with node 1 port 5bb0 went down
03-12 00:26:00.205  2064  2064 E Diag_Lib: diag: Diag_LSM_Init: invoked for pid: 2064 with init_count: 0
03-12 00:26:00.205  2064  2064 E Diag_Lib: diag:failed to connect to diag socket
03-12 00:26:00.205  2064  2064 E Diag_Lib:  Diag_LSM_Init: Failed to open handle to diag driver, error = 13
03-12 00:26:00.205  2061  2108 E minksocket: MinkIPC_QRTR_Service: client with node 1 port 5bb1 went down
03-12 00:26:00.206  2064  2064 I sensors-hal: send_sync_sensor_request:341, send sync request
03-12 00:26:00.206  2064  2064 I sensors-hal: send_sync_sensor_request:367, wait for notification of response
03-12 00:26:00.208  2064 14989 I sensors-hal: ssc_conn_resp_cb:632, resp_value = 0
03-12 00:26:00.208  2064  2064 I sensors-hal: send_sync_sensor_request:373, takes 2 ms to receive the response with 0
03-12 00:26:00.208  2064  2064 I sensors-hal: get_qmi_debug_flag:239, support_qmi_debug : false
03-12 00:26:00.209  2064 14989 I sensors-hal: handle_indication_realtime:467,  SCHED_FIFO(10) for qmi_cbk
03-12 00:26:00.210  2061  2108 E minksocket: MinkIPC_QRTR_Service: client with node 1 port 5bb3 went down
03-12 00:26:00.212  2061  2108 E minksocket: MinkIPC_QRTR_Service: client with node 1 port 5bb4 went down
03-12 00:26:00.213  2061  2108 E minksocket: MinkIPC_QRTR_Service: client with node 1 port 5bb5 went down
03-12 00:26:00.213  2064  2064 E Diag_Lib: diag: Diag_LSM_Init: invoked for pid: 2064 with init_count: 0
03-12 00:26:00.214  2064  2064 E Diag_Lib: diag:failed to connect to diag socket
03-12 00:26:00.214  2064  2064 E Diag_Lib:  Diag_LSM_Init: Failed to open handle to diag driver, error = 13
03-12 00:26:00.214  2064  2064 I sensors-hal: send_sensor_config_request:395, resampler is used, set resampler config
03-12 00:26:00.214  2064  2064 I sensors-hal: send_sync_sensor_request:341, send sync request
03-12 00:26:00.214  2064  2064 I sensors-hal: send_sync_sensor_request:367, wait for notification of response
03-12 00:26:00.215  2061  2108 E minksocket: MinkIPC_QRTR_Service: client with node 1 port 5bb6 went down
03-12 00:26:00.216  2064 14991 I sensors-hal: ssc_conn_resp_cb:632, resp_value = 0
03-12 00:26:00.216  2064  2064 I sensors-hal: send_sync_sensor_request:373, takes 2 ms to receive the response with 0
03-12 00:26:00.216  2064  2064 I sensors-hal: activate:184, android.sensor.gyroscope/41 en=1 completed
03-12 00:26:00.217 14364 14364 I BMP:MotionListener: GyroScope status true and Accelerometer status true
03-12 00:26:00.218  2064 14991 I sensors-hal: handle_indication_realtime:467,  SCHED_FIFO(10) for qmi_cbk
03-12 00:26:00.218  2064  2064 I sensors-hal: flush:235, android.sensor.accelerometer/11
03-12 00:26:00.218  2064  2064 I sensors-hal: send_sync_sensor_request:341, send sync request
03-12 00:26:00.219  2064  2064 I sensors-hal: send_sync_sensor_request:367, wait for notification of response
03-12 00:26:00.221  2064  5194 I sensors-hal: ssc_conn_resp_cb:632, resp_value = 0
03-12 00:26:00.221  2064  2064 I sensors-hal: send_sync_sensor_request:373, takes 1 ms to receive the response with 0
03-12 00:26:00.221  2064  2064 I sensors-hal: flush:241, android.sensor.accelerometer/11 completed
03-12 00:26:00.221  2064  2064 I sensors-hal: batch:206, android.sensor.magnetic_field/21, period=20000000, max_latency=0
03-12 00:26:00.221  2064  2064 I sensors-hal: set_config:57, sample_period_ns is adjusted to 20000000 based on min/max delay_ns
03-12 00:26:00.221  2064  2064 I sensors-hal: batch:215, android.sensor.magnetic_field/21, period=20000000, max_latency=0 request completed
03-12 00:26:00.222  2064  2064 I sensors-hal: activate:173, android.sensor.magnetic_field/21 en=1
03-12 00:26:00.222  2064  2064 I sensors-hal: get_qmi_debug_flag:239, support_qmi_debug : false
03-12 00:26:00.223  2061  2108 E minksocket: MinkIPC_QRTR_Service: client with node 1 port 5bb8 went down
03-12 00:26:00.224  2061  2108 E minksocket: MinkIPC_QRTR_Service: client with node 1 port 5bb9 went down
03-12 00:26:00.225  2061  2108 E minksocket: MinkIPC_QRTR_Service: client with node 1 port 5bba went down
03-12 00:26:00.226  2064  2064 E Diag_Lib: diag: Diag_LSM_Init: invoked for pid: 2064 with init_count: 0
03-12 00:26:00.227  2064  2064 E Diag_Lib: diag:failed to connect to diag socket
03-12 00:26:00.227  2061  2108 E minksocket: MinkIPC_QRTR_Service: client with node 1 port 5bbb went down
03-12 00:26:00.227  2064  2064 E Diag_Lib:  Diag_LSM_Init: Failed to open handle to diag driver, error = 13
03-12 00:26:00.227  2064  2064 I sensors-hal: get_qmi_debug_flag:239, support_qmi_debug : false
03-12 00:26:00.228  2061  2108 E minksocket: MinkIPC_QRTR_Service: client with node 1 port 5bbd went down
03-12 00:26:00.229  2064 14994 I sensors-hal: handle_indication_realtime:467,  SCHED_FIFO(10) for qmi_cbk
03-12 00:26:00.230  2061  2108 E minksocket: MinkIPC_QRTR_Service: client with node 1 port 5bbe went down
03-12 00:26:00.230  2061  2108 E minksocket: MinkIPC_QRTR_Service: client with node 1 port 5bbf went down
03-12 00:26:00.230  2064  2064 E Diag_Lib: diag: Diag_LSM_Init: invoked for pid: 2064 with init_count: 0
03-12 00:26:00.230  2064  2064 E Diag_Lib: diag:failed to connect to diag socket
03-12 00:26:00.231  2064  2064 E Diag_Lib:  Diag_LSM_Init: Failed to open handle to diag driver, error = 13
03-12 00:26:00.231  2061  2108 E minksocket: MinkIPC_QRTR_Service: client with node 1 port 5bc0 went down
03-12 00:26:00.231  2064  2064 I sensors-hal: send_sensor_config_request:395, resampler is used, set resampler config
03-12 00:26:00.231  2064  2064 I sensors-hal: send_sync_sensor_request:341, send sync request
03-12 00:26:00.231  2064  2064 I sensors-hal: send_sync_sensor_request:367, wait for notification of response
03-12 00:26:00.232  2064 14997 I sensors-hal: ssc_conn_resp_cb:632, resp_value = 0
03-12 00:26:00.232  2064  2064 I sensors-hal: send_sync_sensor_request:373, takes 0 ms to receive the response with 0
03-12 00:26:00.232  2064  2064 I sensors-hal: activate:294, mag_filter is enabled
03-12 00:26:00.232  2064  2064 I sensors-hal: activate:184, android.sensor.magnetic_field/21 en=1 completed
03-12 00:26:00.233  2064  2064 I sensors-hal: batch:206, android.sensor.gravity/91, period=20000000, max_latency=0
03-12 00:26:00.233  2064  2064 I sensors-hal: set_config:57, sample_period_ns is adjusted to 20000000 based on min/max delay_ns
03-12 00:26:00.233  2064  2064 I sensors-hal: batch:215, android.sensor.gravity/91, period=20000000, max_latency=0 request completed
03-12 00:26:00.233  2064  2064 I sensors-hal: activate:173, android.sensor.gravity/91 en=1
03-12 00:26:00.234  2064  2064 I sensors-hal: get_qmi_debug_flag:239, support_qmi_debug : false
03-12 00:26:00.235  2061  2108 E minksocket: MinkIPC_QRTR_Service: client with node 1 port 5bc2 went down
03-12 00:26:00.235  2064 14997 I sensors-hal: handle_indication_realtime:467,  SCHED_FIFO(10) for qmi_cbk
03-12 00:26:00.235  2061  2108 E minksocket: MinkIPC_QRTR_Service: client with node 1 port 5bc3 went down
03-12 00:26:00.236  2061  2108 E minksocket: MinkIPC_QRTR_Service: client with node 1 port 5bc4 went down
03-12 00:26:00.236  2064  2064 E Diag_Lib: diag: Diag_LSM_Init: invoked for pid: 2064 with init_count: 0
03-12 00:26:00.236  2064  2064 E Diag_Lib: diag:failed to connect to diag socket
03-12 00:26:00.236  2061  2108 E minksocket: MinkIPC_QRTR_Service: client with node 1 port 5bc5 went down
03-12 00:26:00.236  2064  2064 E Diag_Lib:  Diag_LSM_Init: Failed to open handle to diag driver, error = 13
03-12 00:26:00.236  2064  2064 I sensors-hal: send_sync_sensor_request:341, send sync request
03-12 00:26:00.236  2064  2064 I sensors-hal: send_sync_sensor_request:367, wait for notification of response
03-12 00:26:00.238  2064 14999 I sensors-hal: ssc_conn_resp_cb:632, resp_value = 0
03-12 00:26:00.238  2064  2064 I sensors-hal: send_sync_sensor_request:373, takes 1 ms to receive the response with 0
03-12 00:26:00.238  2064  2064 I sensors-hal: activate:184, android.sensor.gravity/91 en=1 completed
03-12 00:26:00.239  2064  2064 I sensors-hal: batch:206, android.sensor.accelerometer/11, period=20000000, max_latency=0
03-12 00:26:00.239  2064  2064 I sensors-hal: set_config:57, sample_period_ns is adjusted to 20000000 based on min/max delay_ns
03-12 00:26:00.239  2064  2064 I sensors-hal: batch:215, android.sensor.accelerometer/11, period=20000000, max_latency=0 request completed
03-12 00:26:00.240 14364 14364 I BMP:TouchManager: Listening on window
03-12 00:26:00.251  3163  3203 D CoreBackPreview: Window{4f11190 u0 com.shell.sitibv.motorist.america/com.mobgen.fireblade.presentation.welcome.WelcomeActivity}: Setting back callback OnBackInvokedCallbackInfo{mCallback=android.window.IOnBackInvokedCallback$Stub$Proxy@1ab52af, mPriority=0, mIsAnimationCallback=false}
03-12 00:26:00.262  2064  4171 I slpi-MOT_HINGE: Hingeposture  90.0 tent:0 gpio:-1 flip:1 flat:1 b:0.9 5.7 7.9 -9.3 13.4 0.6 f:0.8 8.4 -5.0 -24.1 3.8 -14.0
03-12 00:26:00.265  3163  3231 I DeviceStateManagerService: Cannot notify device state info change when pending state is present.
03-12 00:26:00.267  2064 14999 I sensors-hal: handle_indication_realtime:467,  SCHED_FIFO(10) for qmi_cbk
03-12 00:26:00.267  3163  3227 D TouchHwAidlService: onStateChanged.. state=4
03-12 00:26:00.267  3163  3352 W BoostOptController: not supported hint: 118
03-12 00:26:00.271  5625  5625 I vol.VolumeDialogImpl: mDialog.dismiss() reason: posture_changed from: com.android.systemui.volume.VolumeDialogImpl$H.handleMessage:111 displayId: 0 mShowing: false mIsAnimatingDismiss: false
03-12 00:26:00.272  3163  3229 D CLI/SmallCLI: onDeviceLidStateChanged: state=LAPTOP
03-12 00:26:00.273  3163  3231 I LogicalDisplayMapper: Requesting Transition to state: 4, from state=5, interactive=true, mBootCompleted=true
03-12 00:26:00.273  3163  3231 I LogicalDisplayMapper: Applying layout: [{dispId: 0(ON), displayGroupName: , addr: {port=130, model=0x40446dccee101c}, mThermalBrightnessThrottlingMapId: null, mRefreshRateZoneId: null, mLeadDisplayId: -1, mLeadDisplayAddress: null, mThermalRefreshRateThrottlingMapId: null, mPowerThrottlingMapId: null}], Previous layout: [{dispId: 0(ON), displayGroupName: , addr: {port=130, model=0x40446dccee101c}, mThermalBrightnessThrottlingMapId: null, mRefreshRateZoneId: null, mLeadDisplayId: -1, mLeadDisplayAddress: null, mThermalRefreshRateThrottlingMapId: null, mPowerThrottlingMapId: null}]
03-12 00:26:00.274  3163  4131 D WindowManager: captureDisplay
03-12 00:26:00.278  3163  4279 I CLI/Transition_Device: lid state changed: OPEN -> OPEN, device state changed to LAPTOP
03-12 00:26:00.281 14364 14364 W libc    : Access denied finding property "vendor.display.enable_optimal_refresh_rate"
03-12 00:26:00.281 14364 14364 W libc    : Access denied finding property "vendor.gpp.create_frc_extension"
03-12 00:26:00.280 14364 14364 W otorist.america: type=1400 audit(0.0:2009239): avc:  denied  { read } for  name="u:object_r:vendor_display_prop:s0" dev="tmpfs" ino=519 scontext=u:r:untrusted_app:s0:c127,c258,c512,c768 tcontext=u:object_r:vendor_display_prop:s0 tclass=file permissive=0 app=com.shell.sitibv.motorist.america
03-12 00:26:00.284  3163  4279 D CLI/Rotation: Set volume keyswap sysprop for rotation 2 lidState OPEN
03-12 00:26:00.288  3163  3352 D BrightnessThermalClamper: Thermal status observer already started
03-12 00:26:00.319  5727  8099 I QImsService: VtDataUsageProvider : onSetAlert:2097152
03-12 00:26:00.319  5727  5727 I QImsService: ImsServiceClassTracker : updateAlertQuota:newQuota=2097152,Remaining=2097152
03-12 00:26:00.334  5643 20593 D ApfFilter: (wlan1): Ignoring RA RA fe80::c294:35ff:fe71:84fd -> ff02::1 180s 2601:85:ca02:f280::/64 7200s/7200s DNS 180s 2601:85:ca02:f280:c294:35ff:fe71:84fd 2001:558:feed::1 2001:558:feed::2 RIO 180s ::/0  which matches RA fe80::c294:35ff:fe71:84fd -> ff02::1 180s 2601:85:ca02:f280::/64 7200s/7200s DNS 180s 2601:85:ca02:f280:c294:35ff:fe71:84fd 2001:558:feed::1 2001:558:feed::2 RIO 180s ::/0 
03-12 00:26:00.344  5625  9199 V WindowManagerShell: onTransitionReady(transaction=13584982149886)
03-12 00:26:00.345  5625  5669 V WindowManagerShell: onTransitionReady (#9634) android.os.BinderProxy@288801a: {id=9634 t=OPEN f=0x0 trk=0 opt={t=FROM_STYLE} r=[0@Point(0, 0)] c=[{null m=OPEN f=FILLS_TASK leash=Surface(name=ActivityRecord{cf44b78 u0 com.shell.sitibv.motorist.america/com.mobgen.fireblade.presentation.welcome.WelcomeActivity)/@0x4a75f1e sb=Rect(0, 0 - 0, 0) eb=Rect(0, 0 - 1080, 2640) d=-1->0 r=-1->0:-1 bc=ffffffff component=com.shell.sitibv.motorist.america/com.mobgen.fireblade.presentation.welcome.WelcomeActivity},{null m=TO_BACK f=FILLS_TASK leash=Surface(name=ActivityRecord{d8a6cc9 u0 com.shell.sitibv.motorist.america/com.mobgen.fireblade.presentation.splash.SplashActivity)/@0x972d3ff sb=Rect(0, 0 - 1080, 2640) eb=Rect(0, 0 - 1080, 2640) d=0 bc=ffffffff component=com.shell.sitibv.motorist.america/com.mobgen.fireblade.presentation.splash.SplashActivity}]}
03-12 00:26:00.345  5625  5669 V WindowManagerShell: Playing animation for (#9634) android.os.BinderProxy@288801a@0
03-12 00:26:00.346  5625  5669 V WindowManagerShell:  try handler com.android.wm.shell.transition.DefaultMixedHandler@3a635b8
03-12 00:26:00.346  5625  5669 V WindowManagerShell:  try handler com.android.wm.shell.keyguard.KeyguardTransitionHandler@6731f91
03-12 00:26:00.346  5625  5669 V WindowManagerShell:  try handler com.android.wm.shell.pip.PipTransition@dc8cef6
03-12 00:26:00.346  5625  5669 V WindowManagerShell:  try handler com.android.wm.shell.activityembedding.ActivityEmbeddingController@5d342f7
03-12 00:26:00.346  5625  5669 V WindowManagerShell:  try handler com.android.wm.shell.recents.RecentsTransitionHandler@b64f564
03-12 00:26:00.347  3163  3227 I ActivityTaskManager: Displayed com.shell.sitibv.motorist.america/com.mobgen.fireblade.presentation.welcome.WelcomeActivity for user 0: +380ms
03-12 00:26:00.346  5625  5669 V ShellRecents: RecentsTransitionHandler.startAnimation: no controller found
03-12 00:26:00.347  5625  5669 V WindowManagerShell:  try handler com.android.wm.shell.splitscreen.StageCoordinator@c1923cd
03-12 00:26:00.347  5625  5669 V WindowManagerShell:  try handler com.android.wm.shell.transition.RemoteTransitionHandler@d2ae482
03-12 00:26:00.347  3163  3227 V WindowManager: Sent Transition (#9634) createdAt=03-12 00:25:59.962 via request=TransitionRequestInfo { type = OPEN, triggerTask = TaskInfo{userId=0 taskId=1814 displayId=0 isRunning=true baseIntent=Intent { act=android.intent.action.MAIN cat=[android.intent.category.LAUNCHER] flg=0x10200000 cmp=com.shell.sitibv.motorist.america/com.mobgen.fireblade.presentation.splash.SplashActivity } baseActivity=ComponentInfo{com.shell.sitibv.motorist.america/com.mobgen.fireblade.presentation.splash.SplashActivity} topActivity=ComponentInfo{com.shell.sitibv.motorist.america/com.mobgen.fireblade.presentation.welcome.WelcomeActivity} origActivity=null realActivity=ComponentInfo{com.shell.sitibv.motorist.america/com.mobgen.fireblade.presentation.splash.SplashActivity} numActivities=2 lastActiveTime=219515880 supportsMultiWindow=false supportsGlobalFreeform=false resizeMode=0 isResizeable=false isAppLocked=false isShowDecorCaptionWindowRequest=false canKillAndRestart=true minWidth=-1 minHeight=-1 defaultMinSize=200 token=WCT{RemoteToken{c3f04e2 Task{38020cd #1814 type=standard A=10639:com.shell.sitibv.motorist.america}}} topActivityType=1 pictureInPictureParams=null shouldDockBigOverlays=false launchIntoPipHostTaskId=-1 lastParentTaskIdBeforePip=-1 displayCutoutSafeInsets=null topActivityInfo=ActivityInfo{34ce8a7 com.mobgen.fireblade.presentation.welcome.WelcomeActivity} launchCookies=[] positionInParent=Point(0, 0) parentTaskId=-1 isFocused=true isVisible=true isVisibleRequested=true isSleeping=false locusId=null displayAreaFeatureId=1 isTopActivityTransparent=false appCompatTaskInfo=AppCompatTaskInfo { topActivityInSizeCompat=false topActivityEligibleForLetterboxEducation= falseisLetterboxEducationEnabled= false isLetterboxDoubleTapEnabled= false topActivityEligibleForUserAspectRatioButton= false topActivityBoundsLetterboxed= false isFromLetterboxDoubleTap= false topActivityLetterboxVerticalPosition= -1 topActivityLetterboxHorizontalPosition= -1 topActivityLetterboxWidth=1080 topActivityLetterboxHeight=2640 isUserFullscreenOverrideEnabled=false isSystemFullscreenOverrideEnabled=false cameraCompatTaskInfo=CameraCompatTaskInfo { cameraCompatControlState=hidden freeformCameraCompatMode=inactive}}}, pipTask = null, remoteTransition = null, displayChange = null, flags = 0, debugId = 9634 }
03-12 00:26:00.347  3163  3227 V WindowManager:     startWCT=WindowContainerTransaction { changes = {} hops = [] errorCallbackToken=null taskFragmentOrganizer=null }
03-12 00:26:00.347  3163  3227 V WindowManager:     info={id=9634 t=OPEN f=0x0 trk=0 opt={t=FROM_STYLE} r=[0@Point(0, 0)] c=[
03-12 00:26:00.347  3163  3227 V WindowManager:         {null m=OPEN f=FILLS_TASK leash=Surface(name=ActivityRecord{cf44b78 u0 com.shell.sitibv.motorist.america/com.mobgen.fireblade.presentation.welcome.WelcomeActivity)/@0x64001c1 sb=Rect(0, 0 - 0, 0) eb=Rect(0, 0 - 1080, 2640) d=-1->0 r=-1->0:-1 bc=ffffffff component=com.shell.sitibv.motorist.america/com.mobgen.fireblade.presentation.welcome.WelcomeActivity},
03-12 00:26:00.347  3163  3227 V WindowManager:         {null m=TO_BACK f=FILLS_TASK leash=Surface(name=ActivityRecord{d8a6cc9 u0 com.shell.sitibv.motorist.america/com.mobgen.fireblade.presentation.splash.SplashActivity)/@0xf9c5200 sb=Rect(0, 0 - 1080, 2640) eb=Rect(0, 0 - 1080, 2640) d=0 bc=ffffffff component=com.shell.sitibv.motorist.america/com.mobgen.fireblade.presentation.splash.SplashActivity}
03-12 00:26:00.347  3163  3227 V WindowManager:     ]}
03-12 00:26:00.348  5625  5669 V WindowManagerShell: Transition doesn't have explicit remote, search filters for match for {id=9634 t=OPEN f=0x0 trk=0 opt={t=FROM_STYLE} r=[0@Point(0, 0)] c=[{null m=OPEN f=FILLS_TASK leash=Surface(name=ActivityRecord{cf44b78 u0 com.shell.sitibv.motorist.america/com.mobgen.fireblade.presentation.welcome.WelcomeActivity)/@0x4a75f1e sb=Rect(0, 0 - 0, 0) eb=Rect(0, 0 - 1080, 2640) d=-1->0 r=-1->0:-1 bc=ffffffff component=com.shell.sitibv.motorist.america/com.mobgen.fireblade.presentation.welcome.WelcomeActivity},{null m=TO_BACK f=FILLS_TASK leash=Surface(name=ActivityRecord{d8a6cc9 u0 com.shell.sitibv.motorist.america/com.mobgen.fireblade.presentation.splash.SplashActivity)/@0x972d3ff sb=Rect(0, 0 - 1080, 2640) eb=Rect(0, 0 - 1080, 2640) d=0 bc=ffffffff component=com.shell.sitibv.motorist.america/com.mobgen.fireblade.presentation.splash.SplashActivity}]}
03-12 00:26:00.348  5625  5669 V WindowManagerShell:  Checking filter Pair{{types=[] flags=0x0] notFlags=0x100 checks=[{atype=home independent=true modes=[OPEN,TO_FRONT] flags=NONE mustBeTask=false order=TOP topActivity=ComponentInfo{com.motorola.launcher3/com.android.launcher3.uioverrides.QuickstepLauncher} launchCookie=null},{atype=standard independent=true modes=[CLOSE,TO_BACK] flags=NONE mustBeTask=false order=ANY topActivity=null launchCookie=null}]} RemoteTransition { remoteTransition = android.window.IRemoteTransition$Stub$Proxy@a332a19, appThread = android.app.IApplicationThread$Stub$Proxy@6f2bade, debugName = QuickstepLaunchHome }}
03-12 00:26:00.348  5625  5669 V WindowManagerShell:  Delegate animation for (#9634) to null
03-12 00:26:00.348  5625  5669 V WindowManagerShell:  try handler com.android.wm.shell.transition.DefaultTransitionHandler@b6f1793
03-12 00:26:00.348  5625  5669 V WindowManagerShell: start default transition animation, info = {id=9634 t=OPEN f=0x0 trk=0 opt={t=FROM_STYLE} r=[0@Point(0, 0)] c=[{null m=OPEN f=FILLS_TASK leash=Surface(name=ActivityRecord{cf44b78 u0 com.shell.sitibv.motorist.america/com.mobgen.fireblade.presentation.welcome.WelcomeActivity)/@0x4a75f1e sb=Rect(0, 0 - 0, 0) eb=Rect(0, 0 - 1080, 2640) d=-1->0 r=-1->0:-1 bc=ffffffff component=com.shell.sitibv.motorist.america/com.mobgen.fireblade.presentation.welcome.WelcomeActivity},{null m=TO_BACK f=FILLS_TASK leash=Surface(name=ActivityRecord{d8a6cc9 u0 com.shell.sitibv.motorist.america/com.mobgen.fireblade.presentation.splash.SplashActivity)/@0x972d3ff sb=Rect(0, 0 - 1080, 2640) eb=Rect(0, 0 - 1080, 2640) d=0 bc=ffffffff component=com.shell.sitibv.motorist.america/com.mobgen.fireblade.presentation.splash.SplashActivity}]}
03-12 00:26:00.349  5625  5669 V WindowManagerShell: loadAnimation: anim=android.view.animation.AnimationSet@205d2b8 animAttr=0x5 type=OPEN isEntrance=false
03-12 00:26:00.352  3163  6909 W UserManagerService: Requested status bar icon for non-badged user 0
03-12 00:26:00.361  5625  5669 W libc    : Access denied finding property "vendor.display.enable_optimal_refresh_rate"
03-12 00:26:00.361  5625  5669 W libc    : Access denied finding property "vendor.gpp.create_frc_extension"
03-12 00:26:00.360  5625  5625 W wmshell.main: type=1400 audit(0.0:2009240): avc:  denied  { read } for  name="u:object_r:vendor_display_prop:s0" dev="tmpfs" ino=519 scontext=u:r:platform_app:s0:c512,c768 tcontext=u:object_r:vendor_display_prop:s0 tclass=file permissive=0 app=com.android.systemui
03-12 00:26:00.371  3163  6909 D WindowManager: captureDisplay
03-12 00:26:00.372  5625  5922 D Surface : Surface::disconnect
03-12 00:26:00.372  5625  5922 D BufferQueueProducer: [[BBQ] Right Edge Extension#114669#114670(BLAST Consumer)pid:5625](id:15f900001385,api:1,p:5625,c:5625) disconnect: api 1
03-12 00:26:00.374  5625  5669 V WindowManagerShell: loadAnimation: anim=android.view.animation.AnimationSet@4342893 animAttr=0x4 type=OPEN isEntrance=true
03-12 00:26:00.382  3163  7024 D PowerManagerService: nativeSetPowerMode ret:false mode:5 enabled:false duration ms: 0
03-12 00:26:00.382  3163  3249 W MotoBatteryCareService: uid: 10639 pkgName:com.shell.sitibv.motorist.america come to foreground
03-12 00:26:00.412  5625  5625 W wmshell.main: type=1400 audit(0.0:2009241): avc:  denied  { read } for  name="u:object_r:vendor_display_prop:s0" dev="tmpfs" ino=519 scontext=u:r:platform_app:s0:c512,c768 tcontext=u:object_r:vendor_display_prop:s0 tclass=file permissive=0 app=com.android.systemui
03-12 00:26:00.413  5625  5669 W libc    : Access denied finding property "vendor.display.enable_optimal_refresh_rate"
03-12 00:26:00.413  5625  5669 W libc    : Access denied finding property "vendor.gpp.create_frc_extension"
03-12 00:26:00.419  5625  5922 D Surface : Surface::disconnect
03-12 00:26:00.419  5625  5922 D BufferQueueProducer: [[BBQ] Left Edge Extension#114671#114672(BLAST Consumer)pid:5625](id:15f900001386,api:1,p:5625,c:5625) disconnect: api 1
03-12 00:26:00.420  5625  5669 V WindowManagerShell:  animated by com.android.wm.shell.transition.DefaultTransitionHandler@b6f1793
03-12 00:26:00.440 28905  9711 I NearbyPresence: (REDACTED) %s verified [==] new request %s equals to the old request
03-12 00:26:00.471  3163  7024 D WindowManager: captureDisplay
03-12 00:26:00.511  3163  4298 I ImeTracker: com.shell.sitibv.motorist.america:cb04269: onRequestHide at ORIGIN_SERVER reason HIDE_UNSPECIFIED_WINDOW fromUser false
03-12 00:26:00.511  3163  4298 I ImeTracker: com.shell.sitibv.motorist.america:cb04269: onCancelled at PHASE_SERVER_SHOULD_HIDE
03-12 00:26:00.514 10834 10834 I GoogleInputMethodService: GoogleInputMethodService.onFinishInput():2097 
03-12 00:26:00.516 10834 10834 I Module  : DeviceLockedStatusModuleProvider$Module.updateDeviceLockedStatus():103 repeatCheckTimes = 0, locked = false
03-12 00:26:00.517 10834 10834 I GoogleInputMethodService: GoogleInputMethodService.onStartInput():1347 onStartInput(EditorInfo{EditorInfo{packageName=com.shell.sitibv.motorist.america, inputType=0, inputTypeString=NULL, enableLearning=false, autoCorrection=false, autoComplete=false, imeOptions=0, privateImeOptions=null, actionName=UNSPECIFIED, actionLabel=null, initialSelStart=-1, initialSelEnd=-1, initialCapsMode=0, label=null, fieldId=0, fieldName=null, extras=null, hintText=null, hintLocales=[]}}, false)
03-12 00:26:00.518 10834 10834 I Module  : DeviceLockedStatusModuleProvider$Module.updateDeviceLockedStatus():103 repeatCheckTimes = 1, locked = false
03-12 00:26:00.519  3163  6909 W PackageConfigPersister: App-specific configuration not found for packageName: com.shell.sitibv.motorist.america and userId: 0
03-12 00:26:00.570  3163  7024 D WindowManager: captureDisplay
03-12 00:26:00.580  5625  5625 I vol.VolumeDialogImpl: dismissH reason = posture_changed mDialog.isShowing(): false
03-12 00:26:00.643  2064  4171 I slpi-MOT_HINGE: Hingeposture 110.0 tent:0 gpio:-1 flip:1 flat:1 b:1.0 5.1 8.3 -7.2 4.2 -2.3 f:0.8 8.9 -4.0 -8.4 -1.7 -4.5
03-12 00:26:00.671  3163  7024 D WindowManager: captureDisplay
03-12 00:26:00.686  2163  2163 D motorola.hardware.sensorext-service: handle id:13 wxh:1088x2640 uwxuh:1080x2640 size: 11489280 fd:11 fd_meta:12 flags:0x4000228 usage:0x33  format:0x1 layer_count: 1 reserved_size = 0
03-12 00:26:00.687  2195  2586 I SDM     : HWCSession::SetCWBOutputBuffer: CWB config passed by cwb_client : tappoint 1  CWB_ROI : (210.000000 26.000000 274.000000 90.000000) for display [1 0 0]
03-12 00:26:00.688  2064  4171 D slpi-TCS3720: ALS_REPORT lux 16.102081, ch0 6.357593-3.230530-2.895053-1.139840, scale 1.1878, fps 90, client 1
03-12 00:26:00.688  2064  4171 D slpi-TCS3720: PRX_OC info Far, Total 0, pdata 0, offset 0 step 0.63, ore 0:0 step 21.00, TH_H 1020, TH_L 0, client 0
03-12 00:26:00.690  2195 15008 I SDM     : HWCDisplay::SetReadbackBuffer: CWB config from client: tap_point 1, CWB ROI Rect(210.000000 26.000000 274.000000 90.000000), PU_as_CWB_ROI 0, Cwb full rect : (0.000000 0.000000 1080.000000 2640.000000)
03-12 00:26:00.690  2195 15008 I SDM     : HWCDisplay::SetReadbackBuffer: Successfully configured the output buffer: readback_buffer_queued_ 1, readback_configured_ 0, cwb_client 3
03-12 00:26:00.690  2195 15008 I SDM     : HWCSession::ProcessRequests: Successfully configured CWB buffer.
03-12 00:26:00.697  2195 15008 I SDM     : HWCSession::ProcessRequests: Pushing release fence in fenece wait queue.
03-12 00:26:00.697  2195 15008 I SDM     : HWCSession::ProcessRequests: Creating AsyncFenceWaits async thread.
03-12 00:26:00.698  2195 15008 I SDM     : HWCSession::ProcessRequests: Remove current CWB request from the pending request queue.
03-12 00:26:00.698  2195 15008 I SDM     : HWCSession::ProcessRequests: No pending cwb requests found in the queue.
03-12 00:26:00.706  2195  2269 I SDM     : HWDeviceDRM::SetupConcurrentWriteback: Tear down the Concurrent Writeback topology
03-12 00:26:00.715  2195 15009 I SDM     : HWCSession::NotifyCWBStatus: Notify the client about buffer status 0.
03-12 00:26:00.715  2195 15009 I SDM     : HWCSession::PerformFenceWaits: Remove current release fence from the pending fence wait queue.
03-12 00:26:00.715  2195 15009 I SDM     : HWCSession::PerformFenceWaits: CWB fence queue is empty. No pending release fence to wait on.
03-12 00:26:00.721  2163  2163 D SENSOREXT_ALS_COMP: FrontLight: ReportLux 1.22 (16.10-14.88), pre 1.31, dbv 1681, dc 0, fps 90, chPanel 6.05-2.90-2.48-1.09, facCal:lux_s 1.19 cha_s 1.05-1.05-1.10-1.23, RunInfo: DPB 23600-165, TF 23600-0
03-12 00:26:00.770  3163  7024 D WindowManager: captureDisplay
03-12 00:26:00.871  3163  7024 D WindowManager: captureDisplay
03-12 00:26:00.889  5625  5669 V WindowManagerShell: Transition animation finished (aborted=false), notifying core (#9634) android.os.BinderProxy@288801a@0
03-12 00:26:00.892  3163  3227 V WindowManager: Finish Transition (#9634): created at 03-12 00:25:59.962 collect-started=0.087ms request-sent=13.919ms started=33.488ms ready=137.49ms sent=381.024ms finished=929.079ms
03-12 00:26:00.895  5625  5669 V WindowManagerShell: Track 0 became idle
03-12 00:26:00.895  5625  5669 V WindowManagerShell: All active transition animations finished
03-12 00:26:00.895 14364 14364 D VRI[SplashActivity]: visibilityChanged oldVisibility=true newVisibility=false
03-12 00:26:00.896  3163  6909 W UserManagerService: Requested status bar icon for non-badged user 0
03-12 00:26:00.899 14364 14563 D Surface : Surface::disconnect
03-12 00:26:00.899 14364 14563 D BufferQueueProducer: [com.shell.sitibv.motorist.america/com.mobgen.fireblade.presentation.splash.SplashActivity#114654(BLAST Consumer)pid:14364](id:381c00000002,api:1,p:14364,c:14364) disconnect: api 1
03-12 00:26:00.904  3163  7023 W UserManagerService: Requested status bar icon for non-badged user 0
03-12 00:26:00.907 14364 14364 I BMP:LifecycleCallbacks: Activity Destroyed: com.mobgen.fireblade.presentation.splash.SplashActivity
03-12 00:26:00.908 14364 14364 W WindowOnBackDispatcher: sendCancelIfRunning: isInProgress=false callback=android.view.ViewRootImpl$$ExternalSyntheticLambda11@41e7412
03-12 00:26:00.910  3163  7023 W InputManager-JNI: Input channel object '718d771 com.shell.sitibv.motorist.america/com.mobgen.fireblade.presentation.splash.SplashActivity (client)' was disposed without first being removed with the input manager!
03-12 00:26:00.912  3163  7024 W WindowManager: Failed looking up window session=Session{f4222a2 14364:u0a10639} callers=com.android.server.wm.WindowManagerService.windowForClientLocked:6941 com.android.server.wm.Session.setOnBackInvokedCallbackInfo:1065 android.view.IWindowSession$Stub.onTransact:1258 
03-12 00:26:00.912  3163  7024 W WindowManager: win is null client=android.os.BinderProxy@5b26118
03-12 00:26:00.912  3163  7024 I WindowManager: setOnBackInvokedCallback(): No window state for package:com.shell.sitibv.motorist.america
03-12 00:26:00.912 14364 14368 W otorist.america: Missing inline cache for void d4.f(java.lang.String)
03-12 00:26:00.937  2300  2300 W SurfaceFlinger: couldn't log to binary event log: overflow.
03-12 00:26:00.971  3163  6909 D WindowManager: captureDisplay
03-12 00:26:00.973  3163  3231 W AccessibilityWindowsPopulator: Windows change within in 2 frames continuously over 500 ms and notify windows changed immediately
03-12 00:26:01.071  3163  6909 D WindowManager: captureDisplay
03-12 00:26:01.172  3163  6909 D WindowManager: captureDisplay
03-12 00:26:01.273  3163  6909 D WindowManager: captureDisplay
03-12 00:26:01.373  3163  6909 D WindowManager: captureDisplay
03-12 00:26:01.473  3163  6909 D WindowManager: captureDisplay
03-12 00:26:01.574  3163  6909 D WindowManager: captureDisplay
03-12 00:26:01.668  2064  4171 D slpi    : tmd2712: Als lux: 1.90, ch0: 32, ch1: 3, scale: 1.08, atime:50.04, again:1024
03-12 00:26:01.674  3163  6909 D WindowManager: captureDisplay
03-12 00:26:01.739  2163  2163 D motorola.hardware.sensorext-service: handle id:13 wxh:1088x2640 uwxuh:1080x2640 size: 11489280 fd:11 fd_meta:12 flags:0x4000228 usage:0x33  format:0x1 layer_count: 1 reserved_size = 0
03-12 00:26:01.740  2195  2586 I SDM     : HWCSession::SetCWBOutputBuffer: CWB config passed by cwb_client : tappoint 1  CWB_ROI : (210.000000 26.000000 274.000000 90.000000) for display [1 0 0]
03-12 00:26:01.740  2195 15010 I SDM     : HWCDisplay::SetReadbackBuffer: CWB config from client: tap_point 1, CWB ROI Rect(210.000000 26.000000 274.000000 90.000000), PU_as_CWB_ROI 0, Cwb full rect : (0.000000 0.000000 1080.000000 2640.000000)
03-12 00:26:01.740  2195 15010 I SDM     : HWCDisplay::SetReadbackBuffer: Successfully configured the output buffer: readback_buffer_queued_ 1, readback_configured_ 0, cwb_client 3
03-12 00:26:01.740  2195 15010 I SDM     : HWCSession::ProcessRequests: Successfully configured CWB buffer.
03-12 00:26:01.741  2064  4171 D slpi-TCS3720: ALS_REPORT lux 21.580341, ch0 9.127880-4.720726-4.023908-1.905162, scale 1.1878, fps 90, client 1
03-12 00:26:01.741  2064  4171 D slpi-TCS3720: PRX_OC info Far, Total 0, pdata 0, offset 0 step 0.63, ore 0:0 step 21.00, TH_H 1020, TH_L 0, client 0
03-12 00:26:01.751  2195 15010 I SDM     : HWCSession::ProcessRequests: Pushing release fence in fenece wait queue.
03-12 00:26:01.751  2195 15010 I SDM     : HWCSession::ProcessRequests: Creating AsyncFenceWaits async thread.
03-12 00:26:01.751  2195 15010 I SDM     : HWCSession::ProcessRequests: Remove current CWB request from the pending request queue.
03-12 00:26:01.751  2195 15010 I SDM     : HWCSession::ProcessRequests: No pending cwb requests found in the queue.
03-12 00:26:01.753  2064 14284 E sensors-hal: handle_sns_client_event:62, mot_disprot_event: now=219517657562931 ts=219517638283038, type=16, status=3
03-12 00:26:01.760  2195 15012 I SDM     : HWCSession::NotifyCWBStatus: Notify the client about buffer status 0.
03-12 00:26:01.761  2195 15012 I SDM     : HWCSession::PerformFenceWaits: Remove current release fence from the pending fence wait queue.
03-12 00:26:01.761  2195 15012 I SDM     : HWCSession::PerformFenceWaits: CWB fence queue is empty. No pending release fence to wait on.
03-12 00:26:01.764  2163  2163 D SENSOREXT_ALS_COMP: FrontLight: ReportLux 6.70 (21.58-14.88), pre 1.22, dbv 1681, dc 0, fps 90, chPanel 6.05-2.90-2.48-1.09, facCal:lux_s 1.19 cha_s 1.05-1.05-1.10-1.23, RunInfo: DPB 23601-165, TF 23601-0
03-12 00:26:01.768  2064  4171 D slpi-MOT_HALL: Flip send data : 2, State: North near
03-12 00:26:01.768  2064  4171 E slpi    : MOT_GPIO_FLIP kernel state gpio unset
