03-12 00:26:03.492  3163  4279 I PowerGroup: Sleeping power group (groupId=1, uid=1000, reason=lid_switch)...
03-12 00:26:03.492  3163  4279 D PowerManagerService: ignore setGlobalWakefulnessLocked 0 due to lid state change.
03-12 00:26:03.493  3163  3352 E SensorManager: sensor or listener is null
03-12 00:26:03.493  2064  2064 I sensors-hal: batch:206, com.motorola.sensor.alternate_light/65959, period=250000000, max_latency=0
03-12 00:26:03.494  2064  2064 I sensors-hal: set_config:61, no need to adjust sample_period_ns due to reporting_mode = 2
03-12 00:26:03.494  2064  2064 I sensors-hal: batch:215, com.motorola.sensor.alternate_light/65959, period=250000000, max_latency=0 request completed
03-12 00:26:03.496  2064  2064 I sensors-hal: activate:173, com.motorola.sensor.alternate_light/65959 en=1
03-12 00:26:03.497  2064  2064 I sensors-hal: get_qmi_debug_flag:239, support_qmi_debug : false
03-12 00:26:03.498  2061  2108 E minksocket: MinkIPC_QRTR_Service: client with node 1 port 5be7 went down
03-12 00:26:03.500  2061  2108 E minksocket: MinkIPC_QRTR_Service: client with node 1 port 5be8 went down
03-12 00:26:03.501  2064  2064 E Diag_Lib: diag: Diag_LSM_Init: invoked for pid: 2064 with init_count: 0
03-12 00:26:03.501  2061  2108 E minksocket: MinkIPC_QRTR_Service: client with node 1 port 5be9 went down
03-12 00:26:03.501  2061  2108 E minksocket: MinkIPC_QRTR_Service: client with node 1 port 5bea went down
03-12 00:26:03.501  2064  2064 E Diag_Lib: diag:failed to connect to diag socket
03-12 00:26:03.501  2064  2064 E Diag_Lib:  Diag_LSM_Init: Failed to open handle to diag driver, error = 13
03-12 00:26:03.502  2064  2064 I sensors-hal: send_sensor_config_request:463, dt=ambient_light_1: convert sample_period=250000000 to batch_period=250000
03-12 00:26:03.502  2064  2064 I sensors-hal: send_sync_sensor_request:341, send sync request
03-12 00:26:03.502  2064  2064 I sensors-hal: send_sync_sensor_request:367, wait for notification of response
03-12 00:26:03.504  7314  7314 D GameMode: mCLIStatusReceiver: 1
03-12 00:26:03.505  7314  7314 D GameMode: exiting game mode
03-12 00:26:03.505  2061  2108 E minksocket: MinkIPC_QRTR_Service: client with node 1 port 5bd5 went down
03-12 00:26:03.505  2061  2108 E minksocket: MinkIPC_QRTR_Service: client with node 1 port 5bd2 went down
03-12 00:26:03.506  2061  2108 E minksocket: MinkIPC_QRTR_Service: client with node 1 port 5bda went down
03-12 00:26:03.506  2064 15221 I sensors-hal: ssc_conn_resp_cb:632, resp_value = 0
03-12 00:26:03.507  2061  2108 E minksocket: MinkIPC_QRTR_Service: client with node 1 port 5bc7 went down
03-12 00:26:03.507  2064  2064 I sensors-hal: send_sync_sensor_request:373, takes 4 ms to receive the response with 0
03-12 00:26:03.507  2064  2064 I sensors-hal: activate:184, com.motorola.sensor.alternate_light/65959 en=1 completed
03-12 00:26:03.508  3163  3352 I DisplayPowerController2[1]: 03-12 00:26:03.507 - BrightnessEvent: disp=1, physDisp=local:4630947043778501763, displayState=ON, displayPolicy=OFF, brt=0.038796153, initBrt=0.038796153, rcmdBrt=NaN, preBrt=NaN, lux=NaN, preLux=NaN, brtNits=7.0204134, hdrNits=NaN, initNits=7.0204134, preNits=NaN, rcmdNits=NaN, hdrBrightness=NaN, brt(%)=5%, brtInt=11, hbmPolicy=normal, hbmMax=0.7660316, hbmMode=off, rbcStrength=-1, thrmMax=1.0, powerFactor=1.0, wasShortTermModelActive=false, flags=invalid_lux , reason=manual, autoBrightness=true, strategy=InvalidBrightnessStrategy, autoBrightnessMode=default
03-12 00:26:03.508  3163  3352 I DisplayPowerController2[1]: Blocking screen off
03-12 00:26:03.508  3163  3352 I WindowManager: Display 1 turning off...
03-12 00:26:03.508  3163  3352 I DisplayPowerController2[1]: Unblocked screen off after 0 ms
03-12 00:26:03.509  3163  3352 I WindowManager: Display1 turned off...
03-12 00:26:03.509  3163  3352 I DisplayBrightnessStrategySelector: Changing the DisplayBrightnessStrategy from InvalidBrightnessStrategy to ScreenOffBrightnessStrategy for display 1
03-12 00:26:03.509  3163  3229 D CLI/SmallCLI: onScreenTurnedOff: 
03-12 00:26:03.510  2064  2064 I sensors-hal: activate:173, com.motorola.sensor.alternate_light/65959 en=0
03-12 00:26:03.511  2061  2108 E minksocket: MinkIPC_QRTR_Service: client with node 1 port 5beb went down
03-12 00:26:03.511  2064  2064 I sensors-hal: activate:184, com.motorola.sensor.alternate_light/65959 en=0 completed
03-12 00:26:03.514  6344  6675 D Surface : Surface::disconnect
03-12 00:26:03.514  6344  6675 D BufferQueueProducer: [Venus-Home#114678(BLAST Consumer)pid:6344](id:18c800000336,api:1,p:6344,c:6344) disconnect: api 1
03-12 00:26:03.518  3163  3352 V DisplayPowerController2[1]: Brightness [0.0] reason changing to: 'screen_off', previous reason: 'manual'.
03-12 00:26:03.518  3163  3352 I DisplayPowerController2[1]: 03-12 00:26:03.518 - BrightnessEvent: disp=1, physDisp=local:4630947043778501763, displayState=OFF, displayPolicy=OFF, brt=0.0, initBrt=0.038796153, rcmdBrt=NaN, preBrt=NaN, lux=0.0, preLux=0.0, brtNits=3.3701954, hdrNits=NaN, initNits=7.0204134, preNits=NaN, rcmdNits=NaN, hdrBrightness=NaN, brt(%)=0%, brtInt=1, hbmPolicy=normal, hbmMax=0.7660316, hbmMode=off, rbcStrength=-1, thrmMax=1.0, powerFactor=1.0, wasShortTermModelActive=false, flags=, reason=screen_off, autoBrightness=true, strategy=ScreenOffBrightnessStrategy, autoBrightnessMode=default
03-12 00:26:03.518  3163  5216 W InputManager-JNI: Input channel object '[Gesture Monitor] moto_actions_input_channel (client)' was disposed without first being removed with the input manager!
03-12 00:26:03.520  2723  9652 E VendorTagDescriptor: lookupTag: Tag name 'support_get_property_2_0' does not exist.
03-12 00:26:03.521  7314  7314 D GameMode: isFeatureSupported: true
03-12 00:26:03.521  3163  5308 D TouchHwAidlService: setCliDisplayState: mCliScreenOff=true
03-12 00:26:03.522  3163  5308 D TouchHwAidlService: onTapToWakeSettingsChanged isAmbientDisplayAvailable=1 aodEnable=true singleTapEnable=true doubleTapEnable=true lidState=1 callers=com.motorola.server.display.TouchHwAidlService.setCliDisplayState:554 com.motorola.server.MotoExtHwService$MotoExtHwManagerInternal.setCliDisplayState:454 com.android.server.display.LocalDisplayAdapter$LocalDisplayDevice$1.setDisplayState:1082 
03-12 00:26:03.522  3163  5308 D TouchHwAidlService: enableTapWake mode=33 displayId=0 mGestureStowMode=true
03-12 00:26:03.522  2106  2106 I motorola.hardware.display.touch-service: Setting Gesture to 33
03-12 00:26:03.523  3163  3231 I DisplayDeviceRepository: Display device changed state: "HDMI Screen", OFF
03-12 00:26:03.525  3163  5308 D TouchHwAidlService: setGestureModeHal done mode=33 newMode=33 result=0
03-12 00:26:03.525  3163  5308 D TouchHwAidlService: enableTapWake mode=33 displayId=1 mGestureStowMode=true
03-12 00:26:03.525  3163  5308 D TouchHwAidlService: transfer mode=33 transMode=32 cli=true
03-12 00:26:03.525  2106  2106 I motorola.hardware.display.touch-service: Setting CLI Gesture to 32
03-12 00:26:03.525  3163  3231 I InputManager-JNI: Viewport [0] to add: local:4630947043778501762, isActive: false
03-12 00:26:03.525  3163  3231 I InputManager-JNI: Viewport [1] to add: local:4630947043778501763, isActive: false
03-12 00:26:03.525  3163  5308 D TouchHwAidlService: setCliGestureModeHal done mode=33 newMode=32 result=0
03-12 00:26:03.525  3163  5308 D TouchHwAidlService: enableTapWake mode=49 displayId=-1 mGestureStowMode=true
03-12 00:26:03.525  7314  7314 D GameMode: isFeatureSupported: true
03-12 00:26:03.525  3163  3352 D BrightnessThermalClamper: Thermal status observer already started
03-12 00:26:03.526  3163  4285 I InputReader: Reconfiguring input devices, changes=DISPLAY_INFO
03-12 00:26:03.526  3163  4285 I InputReader: Disabling goodix_ts (device 7) because the associated viewport is not active
03-12 00:26:03.526  3163  4285 I InputReader: Disabling zinitix_mt (device 6) because the associated viewport is not active
03-12 00:26:03.526  3163  4285 I InputReader: Device reconfigured: id=6, name='zinitix_mt', size 194x368, orientation Rotation0, mode DISABLED, display id 1
03-12 00:26:03.526  2106  2106 I motorola.hardware.display.touch-service: Setting Gesture to 49
03-12 00:26:03.526  3163  5308 D TouchHwAidlService: setGestureModeHal done mode=49 newMode=49 result=0
03-12 00:26:03.526  3163  5308 D TouchHwAidlService: transfer mode=49 transMode=48 cli=true
03-12 00:26:03.526  2106  2106 I motorola.hardware.display.touch-service: Setting CLI Gesture to 48
03-12 00:26:03.526  3163  5308 D TouchHwAidlService: setCliGestureModeHal done mode=49 newMode=48 result=0
03-12 00:26:03.527  3163  3163 I BrightnessSynchronizer: New Update: {[14867] 0.078207955(f), mUpdatedTypes=0, mConfirmedTypes=0, mTimeUpdated=0, mState=2}
03-12 00:26:03.527  3163  5308 W ServiceManagerCppClient: Failed to get isDeclared for com.motorola.hardware.display.panel.IDisplayPanel/default: Status(-1, EX_SECURITY): 'SELinux denied.'
03-12 00:26:03.527  3163  5308 D DisplayPanelService: Setting panel dc mode: 0
03-12 00:26:03.527  2090  2090 I DisplayPanel: setDcMode: DC mode = OFF
03-12 00:26:03.528  2090  2090 D DisplayPanel: setParam: Success set DC to 0 for Primary display
03-12 00:26:03.528  7314  7314 D GameMode: reset : false
03-12 00:26:03.528  3163  5308 D LocalDisplayAdapter: setDisplayPowerMode mode=0 for display=android.os.BinderProxy@433f576
03-12 00:26:03.528  3163  5528 W SurfaceControl: Invalid layer stack -1
03-12 00:26:03.528  3163  5528 I DisplayDevice: [1] Layerstack set to -1 for local:4630947043778501763 mDisplayToken=android.os.BinderProxy@433f576 t=Transaction{mNativeObject=-5476376673043392304, mHashCode=0}
03-12 00:26:03.528  2300  2300 D SurfaceFlinger: Setting power mode 0 on display 4630947043778501763
03-12 00:26:03.529  2195  2586 I SDM     : DisplayBase::SetDisplayState: Set state = 0, display 76-0, teardown = 0
03-12 00:26:03.530  2195  2586 I SDM     : DRMPanelFeatureMgr::MarkForNullCommit: Marked 7 for null commit
03-12 00:26:03.531  3163  3227 D TouchHwAidlService: updateCliDisplayState: mCliScreenOn=false
03-12 00:26:03.531  3163  3229 D ActivityTaskManager: Top Process State changed to PROCESS_STATE_TOP
03-12 00:26:03.531 15222 15222 I ThermalEngine: Throttling daemon started
03-12 00:26:03.532  3163  7000 E WindowManager: Dream packageName does not match active dream. Package com.shell.sitibv.motorist.america does not match ComponentInfo{com.android.systemui/com.android.systemui.doze.DozeService}
03-12 00:26:03.532 15222 15222 E ThermalEngine: config_info path not found: /sys/module/msm_thermal/config_info
03-12 00:26:03.532  3163  7496 E WindowManager: Dream packageName does not match active dream. Package com.google.android.gsf does not match ComponentInfo{com.android.systemui/com.android.systemui.doze.DozeService}
03-12 00:26:03.532  3163  7496 E WindowManager: Dream packageName does not match active dream. Package com.google.android.gms does not match ComponentInfo{com.android.systemui/com.android.systemui.doze.DozeService}
03-12 00:26:03.533  3163  7471 E WindowManager: Dream packageName does not match active dream. Package com.motorola.motocare does not match ComponentInfo{com.android.systemui/com.android.systemui.doze.DozeService}
03-12 00:26:03.533  3163  6909 E WindowManager: Dream packageName does not match active dream. Package io.appium.settings does not match ComponentInfo{com.android.systemui/com.android.systemui.doze.DozeService}
03-12 00:26:03.533  3163  7445 E WindowManager: Dream packageName does not match active dream. Package com.motorola.mobiledesktop does not match ComponentInfo{com.android.systemui/com.android.systemui.doze.DozeService}
03-12 00:26:03.533 15222 15222 I ThermalEngine: Using device config file '/vendor/etc/thermal-engine-lynkco.conf'
03-12 00:26:03.533  3163  8301 E WindowManager: Dream packageName does not match active dream. Package com.android.vending does not match ComponentInfo{com.android.systemui/com.android.systemui.doze.DozeService}
03-12 00:26:03.533  3163  5216 E WindowManager: Dream packageName does not match active dream. Package com.dolby.daxservice does not match ComponentInfo{com.android.systemui/com.android.systemui.doze.DozeService}
03-12 00:26:03.534  3163  7023 E WindowManager: Dream packageName does not match active dream. Package io.appium.uiautomator2.server does not match ComponentInfo{com.android.systemui/com.android.systemui.doze.DozeService}
03-12 00:26:03.534  3163  7414 E WindowManager: Dream packageName does not match active dream. Package com.shell.sitibv.motorist.america does not match ComponentInfo{com.android.systemui/com.android.systemui.doze.DozeService}
03-12 00:26:03.535  5625  5669 V WindowManagerShell: Transition requested (#9636): android.os.BinderProxy@d651d78 TransitionRequestInfo { type = WAKE, triggerTask = null, pipTask = null, remoteTransition = null, displayChange = null, flags = 0, debugId = 9636 }
03-12 00:26:03.536  2195  2586 I SDM     : HWDeviceDRM::NullCommit: Null commit succeeded crtc=203
03-12 00:26:03.537  3163  7471 E WindowManager: Dream packageName does not match active dream. Package com.google.android.ext.services does not match ComponentInfo{com.android.systemui/com.android.systemui.doze.DozeService}
03-12 00:26:03.538  7545  7545 I FileStationLog: [ FS_h$a ] - [Display] Changed display: 1
03-12 00:26:03.538  7314  7314 D GameMode: isFeatureSupported: true
03-12 00:26:03.538  3163  3229 V WindowManager: Content Recording: Display 1 state was (2), is now (1), so update recording?
03-12 00:26:03.539  3163  7000 E WindowManager: Dream packageName does not match active dream. Package com.google.android.gsf does not match ComponentInfo{com.android.systemui/com.android.systemui.doze.DozeService}
03-12 00:26:03.539  3163  7000 E WindowManager: Dream packageName does not match active dream. Package com.google.android.gms does not match ComponentInfo{com.android.systemui/com.android.systemui.doze.DozeService}
03-12 00:26:03.539  3163  3229 D CLI/Transition: displaygroup 1, state OFF, pendingdisplaygroup 1
03-12 00:26:03.539  3163  4279 I PowerGroup: Waking up power group from Asleep (groupId=0, uid=1000, reason=WAKE_REASON_LID, details=cli: lid state change)...
03-12 00:26:03.540  3163  4279 I PowerManagerService: Waking up from Dozing (uid=1000, reason=WAKE_REASON_LID, details=cli: lid state change)...
03-12 00:26:03.541  3163  8301 E WindowManager: Dream packageName does not match active dream. Package com.motorola.launcher3 does not match ComponentInfo{com.android.systemui/com.android.systemui.doze.DozeService}
03-12 00:26:03.542  3163  4279 D PowerManagerService: nativeAcquireSuspendBlocker name:PowerManagerService.Broadcasts duration ms: 2
03-12 00:26:03.545  3163  7000 E WindowManager: Dream packageName does not match active dream. Package com.motorola.mobiledesktop.core does not match ComponentInfo{com.android.systemui/com.android.systemui.doze.DozeService}
03-12 00:26:03.545  3163  4279 D PowerManagerService: nativeSetPowerMode ret:true mode:7 enabled:true duration ms: 1
03-12 00:26:03.545  2078  2078 I QTI PowerHAL: Power setMode: 7 to: 1
03-12 00:26:03.545  3163  4279 D CLI/Transition_Lid: finished waiting for displaygroup 1 off.
03-12 00:26:03.546  2078  2078 I QTI PowerHAL: Got set_interactive hint
03-12 00:26:03.546  2078  2078 I QTI PowerHAL: Got set_interactive hint on= 1, count= 1823
03-12 00:26:03.547  3163  3163 I WindowManager: Started waking up... (groupId=0 why=ON_BECAUSE_OF_USER) pmWakeReason=WAKE_REASON_LID
03-12 00:26:03.548  3163  3163 I WindowManager: awakenDreams callers=com.android.server.policy.PhoneWindowManager.startedWakingUp:7593 com.android.server.power.Notifier.lambda$handleEarlyInteractiveChange$0:603 com.android.server.power.Notifier.$r8$lambda$JPimfzsYkXWexBDnIhDxNZnALw4:0 com.android.server.power.Notifier$$ExternalSyntheticLambda8.run:0 android.os.Handler.handleCallback:1001 
03-12 00:26:03.548  3163  3163 I DreamManagerService: awaken by com.android.DeviceAsWebcam callingUid=1000 callingPid=3163
03-12 00:26:03.548  3163  3163 V PowerManager: userActivity when=126655339 event=0 flags=0 displayId=0 by (android) callers=android.os.PowerManager.userActivity:1487 com.android.server.dreams.DreamManagerService.requestAwakenInternal:496 com.android.server.dreams.DreamManagerService.-$$Nest$mrequestAwakenInternal:0 
03-12 00:26:03.549  3163  3163 W BoostOptController: not supported hint: 118
03-12 00:26:03.549  3163  7023 E WindowManager: Dream packageName does not match active dream. Package com.google.android.permissioncontroller does not match ComponentInfo{com.android.systemui/com.android.systemui.doze.DozeService}
03-12 00:26:03.549  3163  3163 I DreamManagerService: Gently waking up from dream.
03-12 00:26:03.549  3163  3163 I DreamManagerService: stopDreamLocked. callers=com.android.server.dreams.DreamManagerService.stopDreamInternal:542 com.android.server.dreams.DreamManagerService.requestAwakenInternal:497 com.android.server.dreams.DreamManagerService.-$$Nest$mrequestAwakenInternal:0 com.android.server.dreams.DreamManagerService$BinderService.awaken:1072 com.android.server.policy.PhoneWindowManager.awakenDreams:4323 
03-12 00:26:03.550  5625  5625 V DreamService[DozeService]: wakeUp(): fromSystem=true, mWaking=false, mFinished=false callers=android.service.dreams.DreamService.-$$Nest$mwakeUp:0 android.service.dreams.DreamService$DreamServiceWrapper.lambda$wakeUp$1:1794 android.service.dreams.DreamService$DreamServiceWrapper.$r8$lambda$SFP-NasoKFNaaOvKHyJqrl_aPt8:0 android.service.dreams.DreamService$DreamServiceWrapper$$ExternalSyntheticLambda3.run:0 android.os.Handler.handleCallback:1001 
03-12 00:26:03.550  5625  5625 V DreamService[DozeService]: finish(): mFinished=false activity=null callers=android.service.dreams.DreamService.onWakeUp:1197 android.service.dreams.DreamService.wakeUp:1360 android.service.dreams.DreamService.-$$Nest$mwakeUp:0 android.service.dreams.DreamService$DreamServiceWrapper.lambda$wakeUp$1:1794 android.service.dreams.DreamService$DreamServiceWrapper.$r8$lambda$SFP-NasoKFNaaOvKHyJqrl_aPt8:0 
03-12 00:26:03.550  3163  4279 D CLI/Rotation: Set volume keyswap sysprop for rotation 0 lidState OPEN
03-12 00:26:03.550 15222 15222 I ThermalEngine: devices_manager_init: Init
03-12 00:26:03.551 15222 15222 I ThermalEngine: Number of gpus :1
03-12 00:26:03.551 15222 15222 I ThermalEngine: Number of cpus :8
03-12 00:26:03.552  3163  7402 I DreamManagerService: finishSelf by com.android.systemui callingUid=10394 callingPid=5625
03-12 00:26:03.553  3163  7402 D DreamManagerService: Dream finished: android.os.Binder@92cff7f, immediate=true
03-12 00:26:03.553  3163  7402 I DreamManagerService: Leaving dreamland.
03-12 00:26:03.553  3163  7402 I DreamManagerService: stopDreamLocked. callers=com.android.server.dreams.DreamManagerService.finishSelfInternal:514 com.android.server.dreams.DreamManagerService.-$$Nest$mfinishSelfInternal:0 com.android.server.dreams.DreamManagerService$BinderService.finishSelf:1092 android.service.dreams.IDreamManager$Stub.onTransact:292 android.os.Binder.execTransactInternal:1520 
03-12 00:26:03.554  3163  7023 E WindowManager: Dream packageName does not match active dream. Package com.motorola.livewallpaper3.prebuilt.vanilla_reflection does not match ComponentInfo{com.android.systemui/com.android.systemui.doze.DozeService}
03-12 00:26:03.554 15222 15222 E ThermalEngine: tmd_add_cpufreq_dev_data: Invalid or no boost freqs
03-12 00:26:03.554  2061  2108 E minksocket: MinkIPC_QRTR_Service: client with node 1 port 5bed went down
03-12 00:26:03.556  2061  2108 E minksocket: MinkIPC_QRTR_Service: client with node 1 port 5bee went down
03-12 00:26:03.557 15222 15222 E ThermalEngine: tmd_add_cpufreq_dev_data: Invalid or no boost freqs
03-12 00:26:03.557  2061  2108 E minksocket: MinkIPC_QRTR_Service: client with node 1 port 5bef went down
03-12 00:26:03.558  2061  2108 E minksocket: MinkIPC_QRTR_Service: client with node 1 port 5bf0 went down
03-12 00:26:03.559 15222 15222 E ThermalEngine: tmd_add_cpufreq_dev_data: Invalid or no boost freqs
03-12 00:26:03.560  3163  7402 E WindowManager: Dream packageName does not match active dream. Package com.motorola.mobiledesktop.core does not match ComponentInfo{com.android.systemui/com.android.systemui.doze.DozeService}
03-12 00:26:03.560  2061  2108 E minksocket: MinkIPC_QRTR_Service: client with node 1 port 5bf1 went down
03-12 00:26:03.560  2061  2108 E minksocket: MinkIPC_QRTR_Service: client with node 1 port 5bf2 went down
03-12 00:26:03.561  2061  2108 E minksocket: MinkIPC_QRTR_Service: client with node 1 port 5bf4 went down
03-12 00:26:03.562  7545  7545 I FileStationLog: [ FS_h$a ] - [Display] Ignoring change for non-default/desktop display: 1
03-12 00:26:03.562 15222 15227 E ThermalEngine: verify_tmd_device: Device:cpuv_restriction_cold available. max:1
03-12 00:26:03.562 15222 15227 I ThermalEngine: ADSP thermal mitigation available.
03-12 00:26:03.564  2926  2926 D fpc_hidl: lid-state=1
03-12 00:26:03.564  2061  2108 E minksocket: MinkIPC_QRTR_Service: client with node 1 port 5bf5 went down
03-12 00:26:03.564  3163  4279 D MotoFingerprint: resultCode : 0
03-12 00:26:03.566  2061  2108 E minksocket: MinkIPC_QRTR_Service: client with node 1 port 5bf6 went down
03-12 00:26:03.567  5625  5625 D KeyguardViewMediator: KeyguardViewMediator queue processing message: NOTIFY_STARTED_WAKING_UP
03-12 00:26:03.567  2064  2064 I sensors-hal: batch:206, android.sensor.device_orientation/271, period=66667000, max_latency=0
03-12 00:26:03.567  2064  2064 I sensors-hal: set_config:61, no need to adjust sample_period_ns due to reporting_mode = 2
03-12 00:26:03.567  2064  2064 I sensors-hal: batch:215, android.sensor.device_orientation/271, period=66667000, max_latency=0 request completed
03-12 00:26:03.567  2061  2108 E minksocket: MinkIPC_QRTR_Service: client with node 1 port 5bf7 went down
03-12 00:26:03.568  2064  2064 I sensors-hal: activate:173, android.sensor.device_orientation/271 en=1
03-12 00:26:03.569  2061  2108 E minksocket: MinkIPC_QRTR_Service: client with node 1 port 5bf8 went down
03-12 00:26:03.570  2064  2064 I sensors-hal: get_qmi_debug_flag:239, support_qmi_debug : false
03-12 00:26:03.570  3163  3231 D PanelsService: updateCliDisplayState: mCliScreenState=OFF
03-12 00:26:03.571 15222 15222 E ThermalEngine: devices_manager_reg_clnt: Invalid dev cdsp_sw.
03-12 00:26:03.568 15222 15222 W thermal-engine-: type=1400 audit(0.0:2010264): avc:  denied  { read } for  scontext=u:r:vendor_thermal-engine:s0 tcontext=u:r:init:s0 tclass=file permissive=0
03-12 00:26:03.571  3163  3203 W AccessibilityWindowsPopulator: The displayInfo of this displayId (0) called back from the surface fligner is null
03-12 00:26:03.568 15222 15222 W thermal-engine-: type=1400 audit(0.0:2010265): avc:  denied  { read } for  scontext=u:r:vendor_thermal-engine:s0 tcontext=u:r:kernel:s0 tclass=file permissive=0
03-12 00:26:03.568 15222 15222 W thermal-engine-: type=1400 audit(0.0:2010266): avc:  denied  { read } for  scontext=u:r:vendor_thermal-engine:s0 tcontext=u:r:kernel:s0 tclass=file permissive=0
03-12 00:26:03.571  2061  2108 E minksocket: MinkIPC_QRTR_Service: client with node 1 port 5bf9 went down
03-12 00:26:03.574  2061  2108 E minksocket: MinkIPC_QRTR_Service: client with node 1 port 5bfa went down
03-12 00:26:03.575  2061  2108 E minksocket: MinkIPC_QRTR_Service: client with node 1 port 5bfb went down
03-12 00:26:03.575  3163  3203 D CoreBackPreview: Window{e1d6d9e u0 NotificationShade}: Setting back callback OnBackInvokedCallbackInfo{mCallback=android.window.IOnBackInvokedCallback$Stub$Proxy@155803e, mPriority=0, mIsAnimationCallback=false}
03-12 00:26:03.575  3163  3227 I DreamController: Stopping dream: name=ComponentInfo{com.android.systemui/com.android.systemui.doze.DozeService}, isPreviewMode=false, canDoze=true, userId=0, reason='finished self'(from 'request awaken')
03-12 00:26:03.576  2061  2108 E minksocket: MinkIPC_QRTR_Service: client with node 1 port 5bfc went down
03-12 00:26:03.568 15222 15222 W thermal-engine-: type=1400 audit(0.0:2010267): avc:  denied  { read } for  scontext=u:r:vendor_thermal-engine:s0 tcontext=u:r:kernel:s0 tclass=file permissive=0
03-12 00:26:03.568 15222 15222 W thermal-engine-: type=1400 audit(0.0:2010268): avc:  denied  { read } for  scontext=u:r:vendor_thermal-engine:s0 tcontext=u:r:kernel:s0 tclass=file permissive=0
03-12 00:26:03.578  3163  7471 D WindowManager: captureDisplay
03-12 00:26:03.578  2061  2108 E minksocket: MinkIPC_QRTR_Service: client with node 1 port 5bfd went down
03-12 00:26:03.579  2061  2108 E minksocket: MinkIPC_QRTR_Service: client with node 1 port 5bfe went down
03-12 00:26:03.580  2064  2064 E Diag_Lib: diag: Diag_LSM_Init: invoked for pid: 2064 with init_count: 0
03-12 00:26:03.580  2061  2108 E minksocket: MinkIPC_QRTR_Service: client with node 1 port 5bff went down
03-12 00:26:03.580  2064  2064 E Diag_Lib: diag:failed to connect to diag socket
03-12 00:26:03.580  2064  2064 E Diag_Lib:  Diag_LSM_Init: Failed to open handle to diag driver, error = 13
03-12 00:26:03.581  2064  2064 I sensors-hal: send_sensor_config_request:463, dt=mot_disprot: convert sample_period=66667000 to batch_period=66667
03-12 00:26:03.581  2064  2064 I sensors-hal: send_sync_sensor_request:341, send sync request
03-12 00:26:03.581  2064  2064 I sensors-hal: send_sync_sensor_request:367, wait for notification of response
03-12 00:26:03.582  2064 15236 I sensors-hal: ssc_conn_resp_cb:632, resp_value = 0
03-12 00:26:03.582  2061  2108 E minksocket: MinkIPC_QRTR_Service: client with node 1 port 5c00 went down
03-12 00:26:03.583  2061  2108 E minksocket: MinkIPC_QRTR_Service: client with node 1 port 5c01 went down
03-12 00:26:03.583  2064  2064 I sensors-hal: send_sync_sensor_request:373, takes 2 ms to receive the response with 0
03-12 00:26:03.583  2064  2064 I sensors-hal: activate:184, android.sensor.device_orientation/271 en=1 completed
03-12 00:26:03.585  2061  2108 E minksocket: MinkIPC_QRTR_Service: client with node 1 port 5c03 went down
03-12 00:26:03.586 15222 15222 I ThermalEngine: Found /system/bin/installd, file: 2737
03-12 00:26:03.586 15222 15222 E ThermalEngine: tmd_init_battery_data: type 0 
03-12 00:26:03.586 15222 15222 E ThermalEngine: tmd_init_battery_data: Unknown type: 0
03-12 00:26:03.586 15222 15222 E ThermalEngine: tmd_init_battery_data: type 1 
03-12 00:26:03.587  5625  5962 D KeyguardViewMediator: updateActivityLockScreenState(true, false)
03-12 00:26:03.586  6942 11492 D ForegroundUtils: Foreground UID status: 10240, true; 10243, false; 10246, false; 10292, false; 10363, false; 10394, true; 10404, true; 10416, false; 10618, false; 10639, true; 10662, false; 
03-12 00:26:03.588 15222 15225 E ThermalEngine: verify_tmd_device: Device:cpuv_restriction_cold available. max:1
03-12 00:26:03.588 15222 15225 E ThermalEngine: devices_manager_add_dev: Device:cpuv_restriction_cold already exists
03-12 00:26:03.588 15222 15225 E ThermalEngine: verify_tmd_device: Device:modem_lte_dsc available. max:255
03-12 00:26:03.588  2061  2108 E minksocket: MinkIPC_QRTR_Service: client with node 1 port 5c05 went down
03-12 00:26:03.588 15222 15222 E ThermalEngine: tmd_init_battery_data: type 2 
03-12 00:26:03.588 15222 15225 E ThermalEngine: verify_tmd_device: Device:modem_lte_sub1_dsc available. max:255
03-12 00:26:03.589 15222 15228 E ThermalEngine: verify_tmd_device: Device:cpuv_restriction_cold available. max:1
03-12 00:26:03.589 15222 15228 E ThermalEngine: devices_manager_add_dev: Device:cpuv_restriction_cold already exists
03-12 00:26:03.590 15222 15228 E ThermalEngine: verify_tmd_device: Device:cdsp_hw available. max:1
03-12 00:26:03.590 15222 15228 E ThermalEngine: verify_tmd_device: Device:cdsp_sw available. max:6
03-12 00:26:03.590 15222 15228 I ThermalEngine: CDSP thermal mitigation available.
03-12 00:26:03.590 15222 15225 E ThermalEngine: verify_tmd_device: Device:modem_nr_dsc available. max:255
03-12 00:26:03.591 15222 15225 E ThermalEngine: verify_tmd_device: Device:modem_nr_sub1_dsc available. max:255
03-12 00:26:03.591 15222 15225 E ThermalEngine: verify_tmd_device: Device:modem_nr_scg_dsc available. max:255
03-12 00:26:03.591 15222 15225 E ThermalEngine: verify_tmd_device: Device:modem_nr_scg_sub1_dsc available. max:255
03-12 00:26:03.591 15222 15225 E ThermalEngine: verify_tmd_device: Device:sdr0_lte_dsc available. max:255
03-12 00:26:03.592 15222 15225 E ThermalEngine: verify_tmd_device: Device:sdr1_lte_dsc available. max:255
03-12 00:26:03.592 15222 15225 E ThermalEngine: verify_tmd_device: Device:sdr0_nr_dsc available. max:255
03-12 00:26:03.592 15222 15225 E ThermalEngine: verify_tmd_device: Device:sdr1_nr_dsc available. max:255
03-12 00:26:03.594 15222 15225 E ThermalEngine: verify_tmd_device: Device:pa_lte_sdr0_dsc available. max:255
03-12 00:26:03.594 15222 15225 E ThermalEngine: verify_tmd_device: Device:pa_lte_sdr1_dsc available. max:255
03-12 00:26:03.595 15222 15225 E ThermalEngine: verify_tmd_device: Device:pa_lte_sdr0_sub1_dsc available. max:255
03-12 00:26:03.595  5625  5625 V DreamService[DozeService]: finish(): mFinished=true activity=null callers=com.android.systemui.doze.DozeMachine$Service$Delegate.finish:3 com.android.systemui.doze.DozeMachine$Service$Delegate.finish:3 com.android.systemui.doze.DozeMachine.transitionTo:557 com.android.systemui.doze.DozeMachine.transitionTo:659 com.android.systemui.doze.DozeMachine.requestState:10 
03-12 00:26:03.596 15222 15225 E ThermalEngine: verify_tmd_device: Device:pa_lte_sdr1_sub1_dsc available. max:255
03-12 00:26:03.597 15222 15225 E ThermalEngine: verify_tmd_device: Device:pa_nr_sdr0_dsc available. max:255
03-12 00:26:03.598  2064  2064 I sensors-hal: activate:173, com.motorola.sensor.glance/65658 en=0
03-12 00:26:03.599  2064  2064 I sensors-hal: deactivate:166, deactivate glance 65548
03-12 00:26:03.599  3163  3231 D DisplayManagerService: Ignore redundant display event 1/2 to 10662/9019
03-12 00:26:03.599  3163  3231 D DisplayManagerService: Ignore redundant display event 1/2 to 10310/10834
03-12 00:26:03.599 15222 15225 E ThermalEngine: verify_tmd_device: Device:pa_nr_sdr1_dsc available. max:255
03-12 00:26:03.600  3163  3231 D DisplayManagerService: Ignore redundant display event 1/2 to 10303/24871
03-12 00:26:03.600  5625  5692 V WindowManagerShell: onTransitionReady(transaction=13584982149946)
03-12 00:26:03.600  2064  2064 I sensors-hal: activate:184, com.motorola.sensor.glance/65658 en=0 completed
03-12 00:26:03.600  2061  2108 E minksocket: MinkIPC_QRTR_Service: client with node 1 port 5be6 went down
03-12 00:26:03.600  5625  5669 V WindowManagerShell: onTransitionReady (#9636) android.os.BinderProxy@d651d78: {id=9636 t=WAKE f=0x40 trk=0 r=[] c=[]}
03-12 00:26:03.600  5625  5669 V WindowManagerShell: No transition roots in (#9636) android.os.BinderProxy@d651d78@0 so abort
03-12 00:26:03.600 15222 15222 E ThermalEngine: tmd_init_battery_data: type 3 
03-12 00:26:03.600 15222 15222 E ThermalEngine: tmd_init_battery_data: Unknown type: 3
03-12 00:26:03.600 15222 15222 E ThermalEngine: tmd_init_battery_data: type 4 
03-12 00:26:03.600 15222 15222 E ThermalEngine: tmd_init_battery_data: Unknown type: 4
03-12 00:26:03.600 15222 15222 E ThermalEngine: Failed to reading /sys/class/leds/lcd-backlight/max_brightness
03-12 00:26:03.600 15222 15222 E ThermalEngine: Switch to /sys/class/backlight/panel0-backlight/max_brightness successfully
03-12 00:26:03.601 15222 15225 E ThermalEngine: verify_tmd_device: Device:pa_nr_sdr0_sub1_dsc available. max:255
03-12 00:26:03.602 15222 15225 E ThermalEngine: verify_tmd_device: Device:pa_nr_sdr1_sub1_dsc available. max:255
03-12 00:26:03.602  5625  5669 V WindowManagerShell: Transition animation finished (aborted=true), notifying core (#9636) android.os.BinderProxy@d651d78@0
03-12 00:26:03.602  2064 15236 I sensors-hal: handle_indication_realtime:467,  SCHED_FIFO(10) for qmi_cbk
03-12 00:26:03.602  2064 15236 E sensors-hal: handle_sns_client_event:62, mot_disprot_event: now=219519506978815 ts=219518981457673, type=0, status=3
03-12 00:26:03.603 15222 15222 E ThermalEngine: parse_cooling_devices: Added cooling device: display-fps with cdev id:31
03-12 00:26:03.603 15222 15222 E ThermalEngine: parse_cooling_devices: Added cooling device: cpu-hotplug3 with cdev id:21
03-12 00:26:03.603 15222 15222 E ThermalEngine: parse_cooling_devices: Added cooling device: pause-cpu3 with cdev id:11
03-12 00:26:03.603 15222 15222 E ThermalEngine: parse_cooling_devices: Added cooling device: mmw0_dsc_kr with cdev id:58
03-12 00:26:03.603 15222 15222 E ThermalEngine: parse_cooling_devices: Added cooling device: sdr0_lte_dsc_kr with cdev id:48
03-12 00:26:03.603 15222 15222 E ThermalEngine: parse_cooling_devices: Added cooling device: panel0-backlight with cdev id:38
03-12 00:26:03.603 15222 15222 E ThermalEngine: parse_cooling_devices: Added cooling device: pause-cpu7 with cdev id:8
03-12 00:26:03.603 15222 15222 E ThermalEngine: parse_cooling_devices: Added cooling device: ufs with cdev id:28
03-12 00:26:03.603 15222 15222 E ThermalEngine: parse_cooling_devices: Added cooling device: pa_nr_sdr0_scg_kr with cdev id:56
03-12 00:26:03.604 15222 15222 E ThermalEngine: parse_cooling_devices: Added cooling device: cpu-hotplug0 with cdev id:18
03-12 00:26:03.604 15222 15225 E ThermalEngine: verify_tmd_device: Device:pa_nr_sdr0_scg_dsc available. max:255
03-12 00:26:03.604 15222 15222 E ThermalEngine: parse_cooling_devices: Added cooling device: pa_nr_sdr0_dsc_kr with cdev id:54
03-12 00:26:03.604 15222 15222 E ThermalEngine: parse_cooling_devices: Added cooling device: modem_vdd with cdev id:44
03-12 00:26:03.604 15222 15222 E ThermalEngine: parse_cooling_devices: Added cooling device: mmw_ific_dsc_kr with cdev id:62
03-12 00:26:03.604 15222 15222 E ThermalEngine: parse_cooling_devices: Added cooling device: pause-cpu5 with cdev id:4
03-12 00:26:03.604 15222 15222 E ThermalEngine: parse_cooling_devices: Added cooling device: cpu-hotplug7 with cdev id:24
03-12 00:26:03.604 15222 15222 E ThermalEngine: parse_cooling_devices: Added cooling device: pa_lte_sdr0_dsc_kr with cdev id:52
03-12 00:26:03.604 15222 15225 E ThermalEngine: verify_tmd_device: Device:pa_nr_sdr1_scg_dsc available. max:255
03-12 00:26:03.604 15222 15222 E ThermalEngine: parse_cooling_devices: Added cooling device: mmw2_dsc_kr with cdev id:60
03-12 00:26:03.604 15222 15222 E ThermalEngine: parse_cooling_devices: Added cooling device: pause-cpu0 with cdev id:2
03-12 00:26:03.604 15222 15222 E ThermalEngine: parse_cooling_devices: Added cooling device: cpu-hotplug5 with cdev id:22
03-12 00:26:03.604 15222 15222 E ThermalEngine: parse_cooling_devices: Added cooling device: sdr0_nr_dsc_kr with cdev id:50
03-12 00:26:03.604  3163  3229 W BoostOptController: not supported hint: 118
03-12 00:26:03.604 15222 15222 E ThermalEngine: parse_cooling_devices: Added cooling device: pause-cpu6 with cdev id:12
03-12 00:26:03.604 15222 15225 E ThermalEngine: verify_tmd_device: Device:mmw0_dsc available. max:255
03-12 00:26:03.604 15222 15222 E ThermalEngine: parse_cooling_devices: Added cooling device: mmw1_dsc_kr with cdev id:59
03-12 00:26:03.604 15222 15222 E ThermalEngine: parse_cooling_devices: Added cooling device: pause-cpu1 with cdev id:0
03-12 00:26:03.604 15222 15222 E ThermalEngine: parse_cooling_devices: Added cooling device: cpu-hotplug2 with cdev id:20
03-12 00:26:03.604 15222 15222 E ThermalEngine: parse_cooling_devices: Added cooling device: sdr1_lte_dsc_kr with cdev id:49
03-12 00:26:03.604 15222 15222 E ThermalEngine: parse_cooling_devices: Added cooling device: panel1-backlight with cdev id:39
03-12 00:26:03.605 15222 15222 E ThermalEngine: parse_cooling_devices: Added cooling device: pause-cpu2 with cdev id:9
03-12 00:26:03.605 15222 15222 E ThermalEngine: parse_cooling_devices: Added cooling device: pa_nr_sdr1_scg_kr with cdev id:57
03-12 00:26:03.605 15222 15222 E ThermalEngine: parse_cooling_devices: Added cooling device: cpu-hotplug1 with cdev id:19
03-12 00:26:03.605 15222 15222 E ThermalEngine: parse_cooling_devices: Added cooling device: pa_nr_sdr1_dsc_kr with cdev id:55
03-12 00:26:03.605 15222 15222 E ThermalEngine: parse_cooling_devices: Added cooling device: wlan with cdev id:63
03-12 00:26:03.605  2064  2064 I sensors-hal: activate:173, com.motorola.sensor.ltv/65738 en=0
03-12 00:26:03.605 15222 15222 E ThermalEngine: parse_cooling_devices: Added cooling device: thermal-cpufreq-0 with cdev id:25
03-12 00:26:03.605 15222 15222 E ThermalEngine: parse_cooling_devices: Added cooling device: pa_lte_sdr1_dsc_kr with cdev id:53
03-12 00:26:03.605 15222 15222 E ThermalEngine: parse_cooling_devices: Added cooling device: wsa with cdev id:43
03-12 00:26:03.605 15222 15222 E ThermalEngine: parse_cooling_devices: Added cooling device: mmw3_dsc_kr with cdev id:61
03-12 00:26:03.605 15222 15222 E ThermalEngine: parse_cooling_devices: Added cooling device: cpu-hotplug6 with cdev id:23
03-12 00:26:03.605 15222 15222 E ThermalEngine: parse_cooling_devices: Added cooling device: sdr1_nr_dsc_kr with cdev id:51
03-12 00:26:03.606 15222 15222 I ThermalEngine: sensors_manager_init: Init
03-12 00:26:03.606 15222 15222 E ThermalEngine: Event ID:3 Sampling ID:2
03-12 00:26:03.606 15222 15225 E ThermalEngine: verify_tmd_device: Device:mmw0_sub1_dsc available. max:255
03-12 00:26:03.606 15222 15225 E ThermalEngine: verify_tmd_device: Device:mmw1_dsc available. max:255
03-12 00:26:03.606  2064  2064 I sensors-hal: activate:184, com.motorola.sensor.ltv/65738 en=0 completed
03-12 00:26:03.606 15222 15225 E ThermalEngine: verify_tmd_device: Device:mmw1_sub1_dsc available. max:255
03-12 00:26:03.606  2061  2108 E minksocket: MinkIPC_QRTR_Service: client with node 1 port 5be1 went down
03-12 00:26:03.607  5625  5625 V DreamService[DozeService]: detach(): Calling onDreamingStopped()
03-12 00:26:03.607  5625  5625 V DreamService[DozeService]: onDreamingStopped()
03-12 00:26:03.607  5625  5625 V DreamService[DozeService]: detach(): mActivity=null mActivity.isFinishing()=false
03-12 00:26:03.607  5625  5625 V DreamService[DozeService]: finish(): mFinished=true activity=null callers=android.service.dreams.DreamService.detach:1492 android.service.dreams.DreamService.-$$Nest$mdetach:0 android.service.dreams.DreamService$DreamServiceWrapper.$r8$lambda$1LeV6PgvJQarx7-tBMQHBSWLLCM:0 android.service.dreams.DreamService$DreamServiceWrapper$$ExternalSyntheticLambda1.run:0 android.os.Handler.handleCallback:1001 
03-12 00:26:03.609 15222 15225 E ThermalEngine: verify_tmd_device: Device:mmw2_dsc available. max:255
03-12 00:26:03.610  3163  3465 I AppsFilter: interaction: PackageSetting{31c654 io.appium.uiautomator2.server.test/10619} -> PackageSetting{24efbec com.shell.sitibv.motorist.america/10639} BLOCKED
03-12 00:26:03.611 15222 15225 E ThermalEngine: verify_tmd_device: Device:mmw2_sub1_dsc available. max:255
03-12 00:26:03.611  5625  5625 D SCliNotificationListener: onNotificationListUpdate: [com.android.systemui.statusbar.notification.collection.GroupEntry@d4a512c]
03-12 00:26:03.611  3163  3465 I AppsFilter: interaction: PackageSetting{2bcf6f2 com.oem.euiccpartnerapp/10302} -> PackageSetting{24efbec com.shell.sitibv.motorist.america/10639} BLOCKED
03-12 00:26:03.611 15222 15225 E ThermalEngine: verify_tmd_device: Device:mmw3_dsc available. max:255
03-12 00:26:03.611  3163  3465 I AppsFilter: interaction: PackageSetting{edf1143 io.appium.settings/10618} -> PackageSetting{24efbec com.shell.sitibv.motorist.america/10639} BLOCKED
03-12 00:26:03.611 15222 15225 E ThermalEngine: verify_tmd_device: Device:mmw3_sub1_dsc available. max:255
03-12 00:26:03.613  3163  3227 V WindowManager: Sent Transition (#9636) createdAt=03-12 00:26:03.531 via request=TransitionRequestInfo { type = WAKE, triggerTask = null, pipTask = null, remoteTransition = null, displayChange = null, flags = 0, debugId = 9636 }
03-12 00:26:03.613 15222 15225 E ThermalEngine: verify_tmd_device: Device:mmw_ific_dsc available. max:255
03-12 00:26:03.613  3163  3227 V WindowManager:     startWCT=WindowContainerTransaction { changes = {} hops = [] errorCallbackToken=null taskFragmentOrganizer=null }
03-12 00:26:03.613  3163  3227 V WindowManager:     info={id=9636 t=WAKE f=0x40 trk=0 r=[] c=[]}
03-12 00:26:03.613 15222 15225 E ThermalEngine: verify_tmd_device: Device:mmw_ific_sub1_dsc available. max:255
03-12 00:26:03.614 15222 15225 E ThermalEngine: verify_tmd_device: Device:wlan available. max:4
03-12 00:26:03.614 15222 15225 E ThermalEngine: devices_manager_add_dev: Device:wlan already exists
03-12 00:26:03.614  3163  3227 V WindowManager: Finish Transition (#9636): created at 03-12 00:26:03.531 collect-started=0.036ms request-sent=0.088ms started=18.407ms ready=60.391ms sent=67.497ms finished=82.476ms
03-12 00:26:03.615 15222 15225 E ThermalEngine: verify_tmd_device: Device:wlan_bw available. max:1
03-12 00:26:03.616  5625  5669 V WindowManagerShell: Track 0 became idle
03-12 00:26:03.616  5625  5669 V WindowManagerShell: All active transition animations finished
03-12 00:26:03.616 15222 15225 E ThermalEngine: verify_tmd_device: Device:modem_bw_backoff available. max:255
03-12 00:26:03.616  5705  5705 D GameModeDetector: notifyGameModeStatusValue, value=false
03-12 00:26:03.616  5705  5705 D DaxService: sendGameModeIntent, state=false
03-12 00:26:03.616 15222 15225 E ThermalEngine: verify_tmd_device: Device:cpr_cold available. max:3
03-12 00:26:03.616 15222 15225 I ThermalEngine: MODEM thermal mitigation available.
03-12 00:26:03.619  5625  5625 V DreamService[DozeService]: onDestroy()
03-12 00:26:03.619  5625  5625 V DreamService[DozeService]: detach(): mActivity=null mActivity.isFinishing()=false
03-12 00:26:03.619  5625  5625 V DreamService[DozeService]: finish(): mFinished=true activity=null callers=android.service.dreams.DreamService.detach:1492 android.service.dreams.DreamService.onDestroy:1385 com.android.systemui.doze.DozeService.onDestroy:8 android.app.ActivityThread.handleStopService:5307 android.app.ActivityThread.-$$Nest$mhandleStopService:0 
03-12 00:26:03.621  3163  3229 D CLI/Rotation: Set volume keyswap sysprop for rotation 0 lidState OPEN
03-12 00:26:03.629  3163  4299 W PackageManager: Missing required system package: io.appium.settings, but found with extended search.
03-12 00:26:03.629  3163  4299 W PackageManager: Missing required system package: io.appium.settings, but found with extended search.
03-12 00:26:03.629  3163  4299 W PackageManager: Missing required system package: io.appium.settings, but found with extended search.
03-12 00:26:03.630  5802  6047 D EuiccConnector: handleMessage: E msg.what=1
03-12 00:26:03.630  5802  6047 D EuiccConnector: processMsg: ConnectedState
03-12 00:26:03.631  5802  6047 D EuiccConnector: processMsg: DisconnectedState
03-12 00:26:03.632  2067  2174 D AHAL: AudioDevice: SetParameters: 1564: enter: screen_state=off
03-12 00:26:03.632  2067  2174 D AHAL: AudioVoice: VoiceSetParameters: 87: Enter params: screen_state=off
03-12 00:26:03.632  2067  2174 D AHAL: AudioVoice: VoiceSetParameters: 360: Exit ret: 0
03-12 00:26:03.632  2067  2174 D AHAL: FM: fm_set_parameters: 262: Enter
03-12 00:26:03.632  2067  2174 D AHAL: FM: fm_set_parameters: 320: exit
03-12 00:26:03.632  2067  2174 D AHAL: AudioDevice: SetParameters: 1628:  - screen = off
03-12 00:26:03.632  2067  2174 I PAL: ResourceManager: setParameter: 8311: Screen State:0
03-12 00:26:03.632  2067  2174 D AHAL: AudioDevice: SetParameters: 2361: exit: screen_state=off
03-12 00:26:03.633  3163  3249 W PackageManager: Missing required system package: com.wallpaper.edge.aura, but found with extended search.
03-12 00:26:03.634  3163  3249 W PackageManager: Missing required system package: com.myklarnamobile, but found with extended search.
03-12 00:26:03.635  5802  5802 D CarrierSvcBindHelper: onPackageModified: com.shell.sitibv.motorist.america
03-12 00:26:03.636  6942  6942 D NfcService: MSG_APPLY_SCREEN_STATE 4
03-12 00:26:03.636  5802  6047 D EuiccConnector: handleMessage: X
03-12 00:26:03.637  5625  5940 D KeyguardTransitionRepository: (Internal) Setting current transition info: TransitionInfo(ownerName=FromDozingTransitionInteractor, from=DOZING, to=LOCKSCREEN, animated)
03-12 00:26:03.637  5802  5802 D CarrierSvcBindHelper: No carrier app for: 0
03-12 00:26:03.637  5802  5802 D CarrierSvcBindHelper: No carrier app for: 1
03-12 00:26:03.640  6942  6942 D libnfc_nci: nfcManager_doSetScreenState: state = 4 prevScreenState= 2, discovry_param = 1
03-12 00:26:03.640  2582  8068 D NxpTml  : PN54X - Write requested.....
03-12 00:26:03.640  2582  8068 D NxpTml  : PN54X - Invoking I2C Write.....
03-12 00:26:03.635  3163  7471 W UserManagerService: Requested status bar icon for non-badged user 0
03-12 00:26:03.640  3163  7445 W PackageManager: Missing required system package: com.realbyteapps.moneymanagerfree, but found with extended search.
03-12 00:26:03.641  3163  5843 W PackageManager: Missing required system package: com.opera.browser, but found with extended search.
03-12 00:26:03.642  3163  5843 W PackageManager: Missing required system package: com.openai.chatgpt, but found with extended search.
03-12 00:26:03.642  3163  5843 W PackageManager: Missing required system package: com.duckduckgo.mobile.android, but found with extended search.
03-12 00:26:03.642  3163  5843 W PackageManager: Missing required system package: com.duckduckgo.mobile.android, but found with extended search.
03-12 00:26:03.642  5625  5625 I KeyguardTransitionRepository: STARTED transition: TransitionStep(from=DOZING, to=LOCKSCREEN, value=0.0, transitionState=STARTED, ownerName=FromDozingTransitionInteractor)
03-12 00:26:03.642  3163  5843 W PackageManager: Missing required system package: com.alibaba.aliexpresshd, but found with extended search.
03-12 00:26:03.642  7545  7545 I FileStationLog: [ FS_h$a ] - [Display] Changed display: 0
03-12 00:26:03.642  7545  7545 I FileStationLog: [ FS_h ] - [Logic] Retrieved display info: LogicDisplayInfo(width=1080, height=2640, orientation=1, rotation=0, displayId=0)
03-12 00:26:03.642  7545  7545 I FileStationLog: [ FS_h$a ] - [Display] New logical size: 1080x2640
03-12 00:26:03.642  7545  7545 I FileStationLog: [ FS_h$a ] - [Display] Screen width unchanged: 1080
03-12 00:26:03.643  2582  8068 D NxpTml  : Write errno : 6b
03-12 00:26:03.643  2582  8068 D NxpTml  : PN54X - Error in I2C Write.....
03-12 00:26:03.643  2582  8068 D NxpTml  : PN54X - Posting Fresh Write message.....
03-12 00:26:03.643  2582  8068 D NxpTml  : PN54X - Tml Writer Thread Running................
03-12 00:26:03.643  2582  8070 D NxpHal  : write error status = 0x1ff
03-12 00:26:03.643  2582  2582 D NxpHal  : write_unlocked failed - PN54X Maybe in Standby Mode - Retry
03-12 00:26:03.644  3163  5528 W PackageManager: Missing required system package: com.realbyteapps.moneymanagerfree, but found with extended search.
03-12 00:26:03.646  3163  8301 W PackageManager: Missing required system package: com.whatsapp, but found with extended search.
03-12 00:26:03.648  3163  3231 W ServiceManagerCppClient: Failed to get isDeclared for com.motorola.hardware.display.panel.IDisplayPanel/default: Status(-1, EX_SECURITY): 'SELinux denied.'
03-12 00:26:03.648  3163  3231 D DisplayPanelService: Setting panel dc mode: 0
03-12 00:26:03.648  2090  2090 I DisplayPanel: setDcMode: DC mode = OFF
03-12 00:26:03.648  2090  2090 D DisplayPanel: setParam: Success set DC to 0 for Primary display
03-12 00:26:03.649  3163  3231 D PanelsService: onAwakeStateChanged.. isAwake=true
03-12 00:26:03.649  3163  3231 D TouchHwAidlService: onAwakeStateChanged.. isAwake=true
03-12 00:26:03.649  3163  3231 D TouchHwAidlService: Unregister stow sensor
03-12 00:26:03.650  2064  2064 I sensors-hal: batch:206, com.motorola.sensor.stowed/65568, period=200000000, max_latency=0
03-12 00:26:03.650  2064  2064 I sensors-hal: set_config:61, no need to adjust sample_period_ns due to reporting_mode = 2
03-12 00:26:03.650  2064  2064 I sensors-hal: batch:215, com.motorola.sensor.stowed/65568, period=200000000, max_latency=0 request completed
03-12 00:26:03.652  3163  3231 W AlarmManager: Unrecognized alarm listener com.motorola.server.display.TouchHwAidlService$AlarmListenerImpl@de23d8f
03-12 00:26:03.652  3163  3227 D TouchHwAidlService: enableGestureStowMode stowed: false
03-12 00:26:03.652  2106  2106 I motorola.hardware.display.touch-service: Setting stow gesture mode to 0 for panel 1
03-12 00:26:03.652  3163  3227 D TouchHwAidlService: setStowGestureMode for cli stowed=false ret=0
03-12 00:26:03.653  3163  3231 W AccessibilityWindowsPopulator: The displayInfo of this displayId (0) called back from the surface fligner is null
03-12 00:26:03.653 22811 23094 D DolbyDaxUI: getDeviceType, active device is 0x2
03-12 00:26:03.653  2582  8068 D NxpTml  : PN54X - Write requested.....
03-12 00:26:03.653  2582  8068 D NxpTml  : PN54X - Invoking I2C Write.....
03-12 00:26:03.653 22811 23094 D DolbyDaxUI: getDeviceType, active device is 0x2
03-12 00:26:03.654  2582  8068 I NxpNciX : len =   4 > 20090102
03-12 00:26:03.654  2582  8068 D NxpTml  : PN54X - I2C Write successful.....
03-12 00:26:03.654  2582  8068 D NxpTml  : PN54X - Posting Fresh Write message.....
03-12 00:26:03.654  2582  8068 D NxpTml  : PN54X - Tml Writer Thread Running................
03-12 00:26:03.654  2582  8070 D NxpHal  : write successful status = 0x0
03-12 00:26:03.654  2582  8059 D NxpTml  : PN54X - I2C Read successful.....
03-12 00:26:03.654  2582  8059 I NxpNciR : len =   4 > 40090100
03-12 00:26:03.654  2582  8059 D NxpTml  : PN54X - Posting read message.....
03-12 00:26:03.655  2582  8070 D NxpHal  : read successful status = 0x0
03-12 00:26:03.655  2582  8059 D NxpTml  : PN54X - Read requested.....
03-12 00:26:03.655  2582  8059 D NxpTml  : PN54X - Invoking I2C Read.....
03-12 00:26:03.655  6942  8007 D libnfc_nci: nfaDeviceManagementCallback: enter; event=0xB
