03-13 21:26:20.884  2053 22484 I QC2Buf  : Reconfig: clearing from 0 bufs. Peak mem=0 MB
03-13 21:26:20.884  2053 22484 I QC2Buf  : Reconfig: clearing from 0 bufs. Peak mem=0 MB
03-13 21:26:20.885  3003  3067 D PointerChoreographer: setDefaultMouseDisplayId: 0 -> 1
03-13 21:26:20.885  3003  4082 D SemInputDeviceManagerService: setDisplayState[1] EARLY: ON(2) -> OFF(1)
03-13 21:26:20.885  2053  2950 W QC2Interface: [hvcD_518] Few parameters failed to configure
03-13 21:26:20.885  3003  3994 D SemInputDevice:TSP: ActivateTask: 1,0 [03-13 21:26:20.885]
03-13 21:26:20.885  3003  4082 D LocalDisplayAdapter: notifyStateChangeStart: com.samsung.android.hardware.secinputdev.external.DisplayStateListenerWrapper$1@444e177 took 0 ms
03-13 21:26:20.886  3003  4082 D LocalDisplayAdapter: notifyStateChangeStart: com.android.server.biometrics.SemBiometricDisplayStateMonitor@e8de626 took 1 ms
03-13 21:26:20.886  3003  4082 D LocalDisplayAdapter: notifyStateChangeStart: com.android.server.display.mode.RefreshRateModeManager$1@d4f0f0f took 0 ms
03-13 21:26:20.886  3003  4082 D LocalDisplayAdapter: surface lcd : 0(-1.000), 0(-1.000), main +
03-13 21:26:20.886  4205  4205 D NavBarView: disableBack=false (isBackDismissIme=false, handlingGestures=false, disabledFlagBack=false, isBottomGesture=false, isImeRenderingNavButtons=false)
03-13 21:26:20.886  2105  2105 I SurfaceFlinger: setDisplayBrightness(4630946564756762243): displayBrightness: -1.000000, displayBrightnessNits: 1.000000, sdrWhitePointNits: 1.000000 , dimmingRatio: 1.000000
03-13 21:26:20.886  4205  4205 D Navbar.Store: ----handleEvent(0) OnUpdateSysUiStateFlag(noArguments=true) [Module] SamsungNavigationBarView
03-13 21:26:20.886  4205  4205 D Navbar.Store: ------[Band]GESTURE_PACK_UPDATE_SYSTEMUI_STATE_FLAG
03-13 21:26:20.886  4205  4205 D Navbar.Store: ------[Band] (afterAction) GESTURE_PACK_UPDATE_SYSTEMUI_STATE_FLAG
03-13 21:26:20.886  4205  4205 D Navbar.Store: handleEvent(0) OnConfigChanged(newConfig={1.0 ?mcc0mnc [en_US] ldltr sw360dp w360dp h880dp 480dpi nrml long hdr widecg port night finger -keyb/v/h -nav/h winConfig={ mBounds=Rect(0, 0 - 1080, 2640) mAppBounds=Rect(0, 0 - 1080, 2640) mMaxBounds=Rect(0, 0 - 1080, 2640) mDisplayRotation=ROTATION_0 mWindowingMode=fullscreen mActivityType=undefined mAlwaysOnTop=undefined mRotation=ROTATION_0 mStageConfig=undefined mPopOver=undefined mOverlappingWithCutout=false mFlexPanelMode=off} s.7551 fontWeightAdjustment=0 ff=0 bf=-1 bts=0 cst=1.0 nightDim=0 themeSeq=0}) [Module] NavigationBarControllerImpl
03-13 21:26:20.886  4205  4205 D Navbar.Store: --[Band]CONFIG_PACK_CONFIG_CHANGED
03-13 21:26:20.886  2053  2420 D C2BqBuffer: local generation change 4465071 , bqId: 18726057410560 migrated buffers # 0
03-13 21:26:20.886  4205  4205 D Navbar.Store: handleEvent(0) OnNavBarConfigChanged(canMove=true, supportPhoneLayoutProvider=true, imeDownButtonForAllRotation=false, navigationMode=0) [Module] NavigationBarControllerImpl
03-13 21:26:20.886  4205  4205 D Navbar.Store: --[Band]STABLE_LAYOUT_PACK_NAVBAR_CONFIG_CHANGED
03-13 21:26:20.886  4205  4205 D NavBarStateManager: NavBarStates(0) supportLargeCoverScreenNavBar: false
03-13 21:26:20.886  4205  4205 D Navbar.Store: --updateLayoutProvider() layoutProviderContainer = com.android.systemui.navigationbar.layout.LayoutProviderContainerImpl@1dbf89d
03-13 21:26:20.886  4205  4205 D NavBarStateManager: NavBarStates(0) supportLargeCoverScreenNavBar: false
03-13 21:26:20.886  4205  4205 D Navbar.Store: --[Band] (afterAction) STABLE_LAYOUT_PACK_NAVBAR_CONFIG_CHANGED
03-13 21:26:20.886  4205  4205 D Navbar.Store: handleEvent(1) OnConfigChanged(newConfig={1.0 ?mcc0mnc [en_US] ldltr sw360dp w360dp h880dp 480dpi nrml long hdr widecg port night finger -keyb/v/h -nav/h winConfig={ mBounds=Rect(0, 0 - 1080, 2640) mAppBounds=Rect(0, 0 - 1080, 2640) mMaxBounds=Rect(0, 0 - 1080, 2640) mDisplayRotation=ROTATION_0 mWindowingMode=fullscreen mActivityType=undefined mAlwaysOnTop=undefined mRotation=ROTATION_0 mStageConfig=undefined mPopOver=undefined mOverlappingWithCutout=false mFlexPanelMode=off} s.7551 fontWeightAdjustment=0 ff=0 bf=-1 bts=0 cst=1.0 nightDim=0 themeSeq=0}) [Module] NavigationBarControllerImpl
03-13 21:26:20.886  4205  4205 D Navbar.Store: handleEvent(1) OnNavBarConfigChanged(canMove=true, supportPhoneLayoutProvider=true, imeDownButtonForAllRotation=false, navigationMode=0) [Module] NavigationBarControllerImpl
03-13 21:26:20.886  4205  4205 D Navbar.Store: --[Band]STABLE_LAYOUT_PACK_NAVBAR_CONFIG_CHANGED
03-13 21:26:20.886  4205  4205 D NavBarStateManager: NavBarStates(1) supportLargeCoverScreenNavBar: true
03-13 21:26:20.886  3003  4082 D LocalDisplayAdapter: surface lcd : 0(-1.000), 0(-1.000), main -
03-13 21:26:20.886  3003  4082 W LocalDisplayAdapter: !@display_state - 2544 : ON -> OFF (MAIN)
03-13 21:26:20.886  3003  3067 D MouseCursorController: loadResourcesLocked for display 1
03-13 21:26:20.886  3003  3661 I InputReader: Reconfiguring input devices, changes=DISPLAY_INFO
03-13 21:26:20.887  2105  2105 D SurfaceFlinger: Setting power mode 0 on physical display 4630946564756762243 (skipComposer: 0)
03-13 21:26:20.887  4205  4205 D LayoutProviderContainerImpl: getCoverDisplayContext, cover display=Display id 1: DisplayInfo{"Built-in Screen", displayId 1, displayGroupId 0, FLAG_SECURE, FLAG_SUPPORTS_PROTECTED_BUFFERS, FLAG_PRESENTATION, FLAG_CAN_SHOW_WITH_INSECURE_KEYGUARD, FLAG_SHOULD_SHOW_SYSTEM_DECORATIONS, FLAG_TRUSTED, FLAG_ALLOWS_CONTENT_MODE_SWITCH, real 748 x 720, largest app 748 x 748, smallest app 618 x 552, appVsyncOff 16666666, presDeadline 17666666, mode 8, renderFrameRate 60.000004, hasArrSupport false, frameRateCategoryRate FrameRateCategoryRate {normal=60.0, high=90.0}, supportedRefreshRates [60.000004], defaultMode 8, REFRESH_RATE_MODE_SEAMLESS, userPreferredModeId -1, supportedModes [{id=8, width=748, height=720, fps=60.000004, vsync=60.000004, synthetic=false, alternativeRefreshRates=[], supportedHdrTypes=[2, 3, 4]}], appsSupportedModes [{id=8, width=748, height=720, fps=60.000004, vsync=60.000004, synthetic=false, alternativeRefreshRates=[], supportedHdrTypes=[2, 3, 4]}], hdrCapabilities HdrCapabilities{mSupportedHdrTypes=[2, 3, 4], mMaxLuminance=450.0, mMaxAverageLuminance=225.00024, mMinLuminance=5.0E-4}, isForceSdr false, userDisabledHdrTypes [], minimalPostProcessingSupported false, rotation 0, state OFF, committedState OFF}, DisplayMetrics{density=2.125, width=748, height=618, scaledDensity=2.125, xdpi=306.438, ydpi=309.966}, isValid=true
03-13 21:26:20.887  3003  3678 D SemInputMotionEventDispatcher: unregisterMotionEventListener: com.samsung.android.hardware.secinputdev.taas.ExternalApi$5@7af94ab
03-13 21:26:20.887  3003  3678 D InputTransport: Input channel destroyed: '[Gestur', fd=1052
03-13 21:26:20.887  3003  3678 I SemInputMotionEventDispatcher: unregisterInputEventReceiver: dispose InputEventReceiver
03-13 21:26:20.887  3003  3678 D InputTransport: Input channel destroyed: '[Gestur', fd=911
03-13 21:26:20.887  4205  4205 D Navbar.Store: --updateLayoutProvider() layoutProviderContainer = com.android.systemui.navigationbar.layout.LayoutProviderContainerImpl@1dbf89d
03-13 21:26:20.887  4205  4205 D NavBarStateManager: NavBarStates(1) supportLargeCoverScreenNavBar: true
03-13 21:26:20.887  4205  4205 D LayoutProviderContainerImpl: getCoverDisplayContext, cover display=Display id 1: DisplayInfo{"Built-in Screen", displayId 1, displayGroupId 0, FLAG_SECURE, FLAG_SUPPORTS_PROTECTED_BUFFERS, FLAG_PRESENTATION, FLAG_CAN_SHOW_WITH_INSECURE_KEYGUARD, FLAG_SHOULD_SHOW_SYSTEM_DECORATIONS, FLAG_TRUSTED, FLAG_ALLOWS_CONTENT_MODE_SWITCH, real 748 x 720, largest app 748 x 748, smallest app 618 x 552, appVsyncOff 16666666, presDeadline 17666666, mode 8, renderFrameRate 60.000004, hasArrSupport false, frameRateCategoryRate FrameRateCategoryRate {normal=60.0, high=90.0}, supportedRefreshRates [60.000004], defaultMode 8, REFRESH_RATE_MODE_SEAMLESS, userPreferredModeId -1, supportedModes [{id=8, width=748, height=720, fps=60.000004, vsync=60.000004, synthetic=false, alternativeRefreshRates=[], supportedHdrTypes=[2, 3, 4]}], appsSupportedModes [{id=8, width=748, height=720, fps=60.000004, vsync=60.000004, synthetic=false, alternativeRefreshRates=[], supportedHdrTypes=[2, 3, 4]}], hdrCapabilities HdrCapabilities{mSupportedHdrTypes=[2, 3, 4], mMaxLuminance=450.0, mMaxAverageLuminance=225.00024, mMinLuminance=5.0E-4}, isForceSdr false, userDisabledHdrTypes [], minimalPostProcessingSupported false, rotation 0, state OFF, committedState OFF}, DisplayMetrics{density=2.125, width=748, height=618, scaledDensity=2.125, xdpi=306.438, ydpi=309.966}, isValid=true
03-13 21:26:20.887  4205  4205 D Navbar.Store: --[Band] (afterAction) STABLE_LAYOUT_PACK_NAVBAR_CONFIG_CHANGED
03-13 21:26:20.887  2040  2451 I SDM     : DisplayBuiltIn::SetPanelBrightness: Setting brightness to level 0 (-100.000000 percent) primary(1) display(68)
03-13 21:26:20.888  4832 21494 I HoneySpace.SystemUiRepository: assistantAvailable = false
03-13 21:26:20.888  2105  2105 D SurfaceFlinger: setPhysicalDisplayPowerMode: Optimizing thread scheduling: optimizeForPower
03-13 21:26:20.888  4360 22474 I CCodec  : [c2.qti.hevc.decoder] state->set(RUNNING)
03-13 21:26:20.888  2092  2092 I SSC_DAEMON: handleSensorTestReqMsg:85, Sensor type :4, Msg type:11
03-13 21:26:20.888  2092  2092 I SSC_DAEMON: physicalSensorTestReqMsg:130, s:4, m:11
03-13 21:26:20.888  2040  2451 I SDM     : HWCDisplay::SetPowerMode: display = 0, mode = OFF
03-13 21:26:20.888  2040  2451 I SDM     : DisplayBase::SetDisplayState: Set state = 0, display 68-0, teardown = 0
03-13 21:26:20.888  2040  2451 I SDM     : DRMPanelFeatureMgr::MarkForNullCommit: Marked 7 for null commit
03-13 21:26:20.888  2040  2451 I SDM     : HWDeviceDRM::PowerOff: Display:68 Setting Fingerprint Indisplay Layer property = 0
03-13 21:26:20.888  4205  4205 D SecVolume.VolumePanelStore: dispatch [ACTION_FOLDER_STATE_CHANGED with [STATE_FOLDER_STATE_CHANGED], currentAction={isFromOutside : true, isFolded : true}, currentState={activeStream=3(vol=0), stream=-1(vol=null) } isMediaDefaultEnabled : true, isVoiceCapable : true, isCaptionComponentEnabled : true, isHasVibrator : true, isSetupWizardComplete : true, timeOutControls : 0, pinDevice : 0, earProtectLevel : 909, ringerModeInternal : 0, timeOutControlsText : 0, activeStream : 3, timeOut : 3000, cutoutHeight : 0, systemTimeNow : 13420931}
03-13 21:26:20.888  4205  4205 D SecVolume.VolumePanelStore:   > New State : [STATE_FOLDER_STATE_CHANGED]
03-13 21:26:20.888  2040  2318 I SDM     : HWPeripheralDRM::SetPanelBrightnessWork: Setting brightness to level 0 through sysfs node. primary(1), type_id(1)
03-13 21:26:20.889  2053  2420 I QC2CompStore: Setting heap usage to system
03-13 21:26:20.889  4607 23061 D NxpGenExtn: vendor_nfc_handle_event Enter eventCode:12
03-13 21:26:20.889  4607 23061 D NxpGenExtn: handleVendorNciRspNtf Enter dataLen:5
03-13 21:26:20.889  4607 23061 D NxpPropExtn: phNxpProp_HandleVendorNciRspNtf PropExtensionController Enter dataLen:5
03-13 21:26:20.889  4607 23061 D NxpPropExtn: handleVendorNciRspNtf Enter dataLen:5
03-13 21:26:20.889  4607 23061 D NxpGenExtn: stopWriteRspTimer Enter cmdGid:0, cmdOid:2, rspGid:0, rspOid:2,
03-13 21:26:20.889  4607 23061 D NxpGenExtn: DefaultEventHandler::handleVendorNciRspNtf Enter dataLen:5
03-13 21:26:20.889  4607 23061 D NxpGenExtn: phNxpExtn_HandleVendorNciRspNtf prop status:81
03-13 21:26:20.889  4607 23061 D NxpGenExtn: NfcExtensionController::handleVendorNciRspNtf Enter dataLen:5
03-13 21:26:20.889  4607 23061 D NxpGenExtn: DefaultEventHandler::handleVendorNciRspNtf Enter dataLen:5
03-13 21:26:20.889  4607 23061 D NxpGenExtn: phNxpExtn_HandleVendorNciRspNtf gen status:81
03-13 21:26:20.889  2040  2451 I SDM     : HWDeviceDRM::NullCommit: Null commit succeeded crtc=208
03-13 21:26:20.889  2040  2451 I SDM     : DisplayBase::SetDisplayState: wait for retire_fence_...
03-13 21:26:20.889  2040  2451 I SDM     : DisplayBase::WaitForCompletion: Wait for cached retire fence to be in steady state
03-13 21:26:20.889  4607  4986 D libnfc_nci: nfaDeviceManagementCallback: enter; event=0x2
03-13 21:26:20.889  4607  4986 D libnfc_nci: nfaDeviceManagementCallback: NFA_DM_SET_CONFIG_EVT
03-13 21:26:20.889  3003  3130 D DisplayPowerController[1]: onDisplayChanged: mIsEnabled=true mIsInTransition=false mDualScreenPolicy=1 mDisplayDevice=com.android.server.display.LocalDisplayAdapter$LocalDisplayDevice@267658d
03-13 21:26:20.889  3003  3130 D DisplayPowerController[1]: animateScreenStateChange: target=OFF, mIsEnabled=true
03-13 21:26:20.889  4607  4986 D NxpGenExtn: vendor_nfc_handle_event Enter eventCode:11
03-13 21:26:20.889  4607  4986 D NxpGenExtn: phNxpExtn_HandleVendorNciMsg Not vendor specific command!!
03-13 21:26:20.889  4607  4986 I NxpGenExtn: phNxpExtn_Write NCI datalen:4
03-13 21:26:20.889  4607  4986 I NxpGenExtn: processExtnWrite Enter dataLen:4
03-13 21:26:20.889  4607  4986 I NxpPropExtn: phNxpProp_ProcessExtnWrite PropExtensionController Enter dataLen:4
03-13 21:26:20.889  4607  4986 I NxpPropExtn: processExtnWrite Enter
03-13 21:26:20.889  4607  4986 D NxpPropExtn: NciStateMonitor processExtnWrite Enter
03-13 21:26:20.889  4607  4986 D NxpPropExtn: processExtnWrite Enter current screen state is:1,nciNtf.back():1
03-13 21:26:20.889  4607  4986 D NxpPropExtn: resendRequired, resend required
03-13 21:26:20.889  4607  4986 D NxpGenExtn: write Enter wLength:4
03-13 21:26:20.889  3003  3067 I InputManager-JNI: notifyPointerDisplayIdChanged: pointer displayId set to: 1
03-13 21:26:20.889  2092  3859 I SSC_DAEMON: light_event_log:172, light_msg(4/11): br 0 (lux 0,idx 0) - -1,-1,5
03-13 21:26:20.889  3003  3661 I InputReader: support feature by TSP : 0x321
03-13 21:26:20.889  4607  4986 D NxpGenExtn: palenQueueWrite Enter wLength:4
03-13 21:26:20.889  3003  3661 I InputReader: support feature by TSP : 0x321
03-13 21:26:20.890  3003  3661 W InputReader: Rotary Encoder device configuration file didn't specify resolution!
03-13 21:26:20.890  3003  3661 W InputReader: Rotary Encoder device configuration file didn't specify scaling factor,default to 1.000000!
03-13 21:26:20.890  3003  3661 I InputReader: Rotary Encoder device configuration file didn't specify min log rotation.
03-13 21:26:20.890  3003  3130 D DisplayPowerController[0]: onDisplayChanged: mIsEnabled=false mIsInTransition=false mDualScreenPolicy=1 mDisplayDevice=com.android.server.display.LocalDisplayAdapter$LocalDisplayDevice@a261cbf
03-13 21:26:20.890  3003  3130 D DisplayPowerController[0]: animateScreenStateChange: target=OFF, mIsEnabled=false
03-13 21:26:20.890  3003  3130 D BrightnessThermalClamper: Thermal status observer already started
03-13 21:26:20.890  3003  3130 D BrightnessThermalClamper: Thermal status observer already started
03-13 21:26:20.890  4205  4205 I Dialog  : mIsDeviceDefault = false, mIsSamsungBasicInteraction = false, isMetaDataInActivity = false
03-13 21:26:20.891  4205  4205 I DecorView: setWindowBackground: isPopOver=false color=0 d=android.graphics.drawable.ColorDrawable@3b057bf
03-13 21:26:20.891  3003  3067 D InputManager: notifyDisplayIdChangedByUser: 1
03-13 21:26:20.891  3003  3678 D InputTransport: Input channel destroyed: '[Gestur', fd=1045
03-13 21:26:20.891  3003  3678 I SemInputMotionEventDispatcher: unregisterInputEventReceiver: dispose InputMonitor
03-13 21:26:20.892  3003  3068 W SurfaceControl: Invalid layer stack -1
03-13 21:26:20.893  3003  3068 I DisplayDevice: [0] Layerstack set to -1 for local:4630946564756762243
03-13 21:26:20.893  3003  3068 D BLASTSyncEngine: SyncGroup 10927:  Unfinished container: WindowToken{8004a5b type=2024 android.os.BinderProxy@d7bba75} mSyncState=2
03-13 21:26:20.893  3003  3065 D WindowManager: DeferredDisplayUpdater: partially applying DisplayInfo(1080 x 2640) immediately
03-13 21:26:20.893  3003  3003 D SGM:GameManager: onDisplayChanged. displyId: 0, state: 1
03-13 21:26:20.893  3003  3003 I SemMdnieManagerService: DisplayListener onDisplayChanged. mAlwaysOnDisplayEnabled : false , mDisplayOn : true , mDisplayState : 1 , mWorkBlueFilter : true , mNightModeBlock : true
03-13 21:26:20.893  3003  3003 D EyeComfortSolutionService: mBlueLightFilterAdaptiveModeEnabled: true , mBlueLightFilterScheduledTime: false
03-13 21:26:20.893  3003  3065 D BLASTSyncEngine: SyncGroup 10927:  Unfinished container: WindowToken{8004a5b type=2024 android.os.BinderProxy@d7bba75} mSyncState=2
03-13 21:26:20.893  3003  3065 D WindowManager: DeferredDisplayUpdater: applying DisplayInfo(748 x 720) immediately
03-13 21:26:20.893  3003  3065 V WindowManager: Content Recording: Display 1 state was (1), is now (1), so update recording?
03-13 21:26:20.893  3003  3065 D BLASTSyncEngine: SyncGroup 10927:  Unfinished container: WindowToken{8004a5b type=2024 android.os.BinderProxy@d7bba75} mSyncState=2
03-13 21:26:20.893  4205  4362 D StackScroller: onDisplayChanged for predraw skip to 1
03-13 21:26:20.894  3003  3687 D SGM:FgCheckThread: onLooperPrepared(), msg: MSG_LCD_OFF
03-13 21:26:20.894  3003  3687 D SGM:FgCheckThread: sendFocusOutConditionally() - mPrevNotiPkg: (unknown), userId: 0
03-13 21:26:20.894  3003  3068 I SurfaceComposerClient: apply DisplayState::eLayerStackChanged(index:0) layerStack(-1)
03-13 21:26:20.894  3003  3068 I SurfaceComposerClient: apply DisplayState::eFlagsChanged(index:0) flags(0)
03-13 21:26:20.894 15873 15873 I VRI[InputMethod]@28ec110: onDisplayChanged oldDisplayState=2 newDisplayState=1
03-13 21:26:20.894  3003  7241 D WifiDisplayAdapter: isFitToActiveDisplayLocked : false
03-13 21:26:20.894  4205  4205 D SubFullLayoutVolumePanelView: SubFullLayoutVolumePanelView: bind
03-13 21:26:20.894  4205  4205 D SecVolume.VolumePanelStore: subscribe : observer count=4, observer=com.android.systemui.volume.view.subscreen.full.SubFullLayoutVolumePanelWindow@4558e8d
03-13 21:26:20.894  4205  4205 D SecVolume.VolumePanelStore: subscribe : observer count=5, observer=com.android.systemui.volume.view.subscreen.full.SubFullLayoutVolumePanelView{7ead842 V.E...... ......I. 0,0-0,0 #7f0a0f4e app:id/volume_panel_view_root}
03-13 21:26:20.894  4205  4205 I SubScreenManager:  onDeviceStateChanged DeviceState{identifier=0, name='CLOSED', app_accessible=false, cancel_when_requester_not_on_top=false}
03-13 21:26:20.894  3003  5976 D LiftUpHandler: [LTW]  Settings Lift to wake: enable = 0
03-13 21:26:20.894  3003  5976 D LiftUpHandler: [LTW] Running already.
03-13 21:26:20.894  4205  4205 I SubScreenManager: requestDualState false
03-13 21:26:20.894  4205  4267 I VRI[ShellDropTarget]@a0b4a8f: onDisplayChanged oldDisplayState=2 newDisplayState=1
03-13 21:26:20.894  4205  4267 I VRI[View root of ReusableWindowDecorViewHost#0]@15d66b2: onDisplayChanged oldDisplayState=2 newDisplayState=1
03-13 21:26:20.894  4205  4267 I VRI[View root of ReusableWindowDecorViewHost#1]@d4195f3: onDisplayChanged oldDisplayState=2 newDisplayState=1
03-13 21:26:20.895  3003  3910 I CAE     : handleMessage(CaPowerManager.java:226) - AP_SLEEP
03-13 21:26:20.895  3003  3910 I CAE     : updateApPowerStatus(SensorHubParserProvider.java:461) - AP_SLEEP
03-13 21:26:20.895  3003  4343 I DeviceStateManagerService: cancelRequestInternal pid:4205, ignore
03-13 21:26:20.895  3003  3910 I CAE     : getContextType(FreeFallDetection.java:25) - FFD getContextType
03-13 21:26:20.895  4205  4362 D StackScroller: onDisplayChanged for predraw skip to 1
03-13 21:26:20.895  3003  3046 D WifiDisplayAdapter: isFitToActiveDisplayLocked : false
03-13 21:26:20.895  4205  4205 I SubScreenManager: onDeviceStateChanged() 
03-13 21:26:20.895  4205  4205 I SubLauncher:SubLauncherStateManager@232606011: setTentMode: 2 -> 0 
03-13 21:26:20.895  4205  4205 I FoldStateManager: onFoldStateChanged: true
03-13 21:26:20.895  4205  4205 I FoldStateManager: updateFoldState: isFolded = true
03-13 21:26:20.895  4205  4205 I FoldStateManager: onTableModeChanged: false
03-13 21:26:20.895  4205  4205 I FoldStateManager: updateTableMode: isTableMode = false
03-13 21:26:20.895  4205  4205 I LockscreenNotificationIconsOnlyController: onNotificationInfoUpdated 0
03-13 21:26:20.895  4205  4881 I VRI[ScreenDecorOverlayCover]@cddcdb0: onDisplayChanged oldDisplayState=1 newDisplayState=1
03-13 21:26:20.895  4205  4205 I AODNotificationManager: subLauncherUpdateNotification() 
03-13 21:26:20.895  4205  4205 I SubLauncher:SubLauncherStateManager@232606011: setNotiCountText: 7 -> 0
03-13 21:26:20.896  4205  4205 I SubLauncher:SubLauncherNotificationIconsOnlyController: clockView or notiCount is changed set notiCount=0
03-13 21:26:20.896 21755 21755 I VRI[OcfModalPlaceholderActivity]@644c379: onDisplayChanged oldDisplayState=2 newDisplayState=1
03-13 21:26:20.896  2092  2092 I SSC_DAEMON: handleSensorTestReqMsg:85, Sensor type :4, Msg type:15
03-13 21:26:20.896  2094  8548 D AudioFlinger: setParameters: filtered dev setParameters keyvalue screen_state=off
03-13 21:26:20.896  2092  2092 I SSC_DAEMON: physicalSensorTestReqMsg:130, s:4, m:15
03-13 21:26:20.896  4205  4205 D PluginAODManager: onNotificationInfoUpdated() 0
03-13 21:26:20.896  4205  4205 I AODNotificationManager: updateVisibleNotifications: 0
03-13 21:26:20.896  4205 22499 I DymLock|LockContainerStore: do action : change_folder_state
03-13 21:26:20.896  4205 22499 I DymLock|BaseLockStateContainer: onLockContainerStoreChangeEvent action[folder_change_event]
03-13 21:26:20.896  4205 22499 W DymLock|BaseLockStateContainer: onLockContainerStoreChangeEvent : not dls state
03-13 21:26:20.896  1992  7816 D AHAL: AudioDevice: SetParameters: 1865: enter
03-13 21:26:20.896  1992  7816 D AHAL: AudioVoice: VoiceSetParameters: 200: Enter
03-13 21:26:20.896  1992  7816 D AHAL: AudioVoice: VoiceSetParameters: 479: Exit ret: 0
03-13 21:26:20.896  1992  7816 D AHAL: hfp: hfp_set_parameters: 444: enter
03-13 21:26:20.896  1992  7816 D AHAL: AudioDevice: SetParameters: 1948:  - screen = off
03-13 21:26:20.896  1992  7816 I PAL: ResourceManager: setParameter: 10683: Screen State:0
03-13 21:26:20.896  1992  7816 D AHAL: AudioDevice: SetParameters: 2798: exit: screen_state=off
03-13 21:26:20.896  6239  6239 I VRI[OnboardingActivity]@7b65a5f: onDisplayChanged oldDisplayState=1 newDisplayState=1
03-13 21:26:20.896 21755 21755 I VRI[CtaSubtaskActivity]@5274a81: onDisplayChanged oldDisplayState=2 newDisplayState=1
03-13 21:26:20.896 21755 21755 I VRI[WebViewActivity]@d134e7: onDisplayChanged oldDisplayState=2 newDisplayState=1
03-13 21:26:20.896 30055 30055 I VRI[0 fl=}]@3819f50: onDisplayChanged oldDisplayState=2 newDisplayState=1
03-13 21:26:20.896  3003  6828 D WifiDisplayAdapter: isFitToActiveDisplayLocked : false
03-13 21:26:20.896  4832  4832 I VRI[RecentsTransitionOverlay]@4784a59: onDisplayChanged oldDisplayState=2 newDisplayState=1
03-13 21:26:20.897  4832 21494 I HoneySpace.Memory-Monitor: current state = 1, didTrim = false
03-13 21:26:20.897  4832 21494 I HoneySpace.Memory-Monitor: onDisplayStateChanged lastChangedDisplayState = 1
03-13 21:26:20.897  4832  4832 I VRI[LauncherActivity]@f209089: onDisplayChanged oldDisplayState=2 newDisplayState=1
03-13 21:26:20.897  4832  4832 I VRI[CocktailBarService]@5e29200: onDisplayChanged oldDisplayState=2 newDisplayState=1
03-13 21:26:20.897  4832  4832 I VRI[RecentsActivity]@5bc9119: onDisplayChanged oldDisplayState=2 newDisplayState=1
03-13 21:26:20.897  4832 21494 I HoneySpace.Memory-Monitor: no default Display - 1
03-13 21:26:20.897  4832 21494 I HoneySpace.Memory-Monitor: current state = 1, didTrim = true
03-13 21:26:20.897  5393  6882 I ScanManager: handleScreenOff()
03-13 21:26:20.897  4205  4205 E SecQSPanelResourcePickHelper: need to prepare suitable picker for COVER
03-13 21:26:20.897  2007  2007 I sensors-hal: activate:300, com.samsung.sensor.light_seamless/1782 en=0
03-13 21:26:20.897  3003  3003 I SemMdnieManagerService: DDI setNightDimOffMode : false, index : 0, str : (0 0)
03-13 21:26:20.897  2007  2007 I sensors-hal: send_sync_sensor_request:508, send sync request
03-13 21:26:20.897  2007  2007 I sensors-hal: send_sync_sensor_request:518, send_sync_sensor_request before send_request for light_seamless with SUID low=11039298318857557060 high=1340270623893619472
03-13 21:26:20.897  4205  4205 E SecQSPanelResourcePickHelper: need to prepare suitable picker for COVER
03-13 21:26:20.897  4205  4205 E SecQSPanelResourcePickHelper: need to prepare suitable picker for COVER
03-13 21:26:20.897  5393  6882 I bt_shim_scanner: system/main/shim/le_scanning_manager.cc:151 Scan: in shim layer stopped
03-13 21:26:20.897  2092  3859 I SSC_DAEMON: light_event_log:196, light_msg(4/15): panel off (idx 0) - 0,-1,-1,0
03-13 21:26:20.897  4607 22498 D NxpGenExtn: enQueueWriteInternal Enter wLength:4
03-13 21:26:20.897  4205  4205 E SecQSPanelResourcePickHelper: need to prepare suitable picker for COVER
03-13 21:26:20.897  2007  2007 I sensors-hal: send_sync_sensor_request:537, wait for notification of response
03-13 21:26:20.897  5393  5832 W bluetooth: system/gd/hci/le_scanning_manager.cc:716 scan: address_manager_registered_
03-13 21:26:20.897  5393  5832 W bluetooth: system/gd/hci/le_scanning_manager.cc:768 stop_scan: stop_scan
03-13 21:26:20.897  3003  3003 D SGM:GameManager: onDisplayChanged. displyId: 1, state: 1
03-13 21:26:20.897  5393  5832 I bluetooth: system/gd/hci/le_address_manager.cc:278 unregister_client: Client unregistered
03-13 21:26:20.897  4205  4205 E SecQSPanelResourcePickHelper: need to prepare suitable picker for COVER
03-13 21:26:20.897  3003  3003 V CameraService_worker: onDisplayChanged rotation : 0 current mDeviceState : 6
03-13 21:26:20.897  4205  4205 E SecQSPanelResourcePickHelper: need to prepare suitable picker for COVER
03-13 21:26:20.897  4205  4205 W RefactorFlag: New code path expects SceneContainerFlag to be enabled.
03-13 21:26:20.897  3003  3003 D SGM:GameManager: onDisplayChanged. displyId: 0, state: 1
03-13 21:26:20.897  5393  5832 I bluetooth: system/gd/hci/le_address_manager.cc:293 unregister_client: Cancelled address rotation alarm
03-13 21:26:20.898  4205  4205 D NavBarStateManager: NavBarStates(1) supportLargeCoverScreenNavBar: true
03-13 21:26:20.898  5393  6882 W ScanManager: There is no scan radio to stop
03-13 21:26:20.898  4205  4205 D NavBarView: disableBack=true (isBackDismissIme=false, handlingGestures=false, disabledFlagBack=true, isBottomGesture=false, isImeRenderingNavButtons=false)
03-13 21:26:20.898  4205  4205 D NavBarStateManager: NavBarStates(1) supportLargeCoverScreenNavBar: true
03-13 21:26:20.898  4205  4205 D Navbar.Store: handleEvent(0) OnUpdateSysUiStateFlag(noArguments=true) [Module] SamsungNavigationBarView
03-13 21:26:20.898  4205  4205 D Navbar.Store: --[Band]GESTURE_PACK_UPDATE_SYSTEMUI_STATE_FLAG
03-13 21:26:20.898  4205  4205 D Navbar.Store: --[Band] (afterAction) GESTURE_PACK_UPDATE_SYSTEMUI_STATE_FLAG
03-13 21:26:20.898  5393  6882 I bt_shim_scanner: system/main/shim/le_scanning_manager.cc:335 SetScanParameters: in shim layer, scannerId1m=3, scannerIdCoded=0
03-13 21:26:20.898  5393  6882 W bt_shim_scanner: system/main/shim/le_scanning_manager.cc:365 SetScanParameters: Set scan params scan_int_1m : 3120, scan_win_1m : 160, Duty : 5.13% | scan_int_coded : 0, scan_win_coded : 0, Duty : nan%
03-13 21:26:20.898  5393  6882 I bt_shim_scanner: system/main/shim/le_scanning_manager.cc:151 Scan: in shim layer started
03-13 21:26:20.898  4205  4205 D NavBarStateManager: NavBarStates(1) supportLargeCoverScreenNavBar: true
03-13 21:26:20.898  4205  4205 D NavBarView: disableBack=true (isBackDismissIme=false, handlingGestures=false, disabledFlagBack=true, isBottomGesture=false, isImeRenderingNavButtons=false)
03-13 21:26:20.898  4205  4205 D NavBarStateManager: NavBarStates(1) supportLargeCoverScreenNavBar: true
03-13 21:26:20.898  4205  4205 D Navbar.Store: handleEvent(0) OnUpdateSysUiStateFlag(noArguments=true) [Module] SamsungNavigationBarView
03-13 21:26:20.898  4205  4205 D Navbar.Store: --[Band]GESTURE_PACK_UPDATE_SYSTEMUI_STATE_FLAG
03-13 21:26:20.898  4205  4205 D Navbar.Store: --[Band] (afterAction) GESTURE_PACK_UPDATE_SYSTEMUI_STATE_FLAG
03-13 21:26:20.898  4205  4205 D NavigationModeController: getCurrentInteractionMode: mode=0 contextUser=0
03-13 21:26:20.898  4205  4205 D Navbar.Store: handleEvent(1) OnNavBarAttachedToWindow(navigationBarView=com.android.systemui.navigationbar.views.SamsungNavigationBarView{70a7d90 G.E...... ......ID 0,0-0,0 #7f0a0847 app:id/navigation_bar_view}, navbarTransitions=com.android.systemui.navigationbar.views.NavigationBarTransitions@f198689) [Module] SamsungNavigationBarView
03-13 21:26:20.898  4205  4205 D Navbar.Store: --[Band]STABLE_LAYOUT_PACK_NAVBAR_ATTACHED_TO_WINDOW
03-13 21:26:20.898  4205  4205 D Navbar.Store: ----apply(1) NavBarStoreAction$ReinflateNavBar
03-13 21:26:20.898  2007  3645 I sensors-hal: qsh_conn_resp_cb:930, resp_value = 0 for light_seamless 
03-13 21:26:20.898  4205  4205 D Navbar.Store: ----handleEvent(1) GetInflateLayoutID(vertical=false) [Module] SamsungNavigationBarInflaterView
03-13 21:26:20.898  4205  4205 D Navbar.Store: ------[Band]STABLE_LAYOUT_PACK_GET_INFLATE_LAYOUT_ID
03-13 21:26:20.898  4205  4205 D NavBarStateManager: NavBarStates(1) getLayoutID(vertical: false): 2131559285
03-13 21:26:20.898  4205  4205 D Navbar.Store: ----handleEvent(1) value= 2131559285
03-13 21:26:20.898  4205  4205 D Navbar.Store: ----handleEvent(1) GetInflateLayoutID(vertical=true) [Module] SamsungNavigationBarInflaterView
03-13 21:26:20.898  4205  4205 D Navbar.Store: ------[Band]STABLE_LAYOUT_PACK_GET_INFLATE_LAYOUT_ID
03-13 21:26:20.898  4205  4205 D NavBarStateManager: NavBarStates(1) getLayoutID(vertical: true): 2131559287
03-13 21:26:20.898  4205  4205 D Navbar.Store: ----handleEvent(1) value= 2131559287
03-13 21:26:20.899  4205  4205 D Navbar.Store: ----handleEvent(1) GetDefaultLayout(noArguments=true) [Module] SamsungNavigationBarInflaterView
03-13 21:26:20.899  4205  4205 D Navbar.Store: ------[Band]STABLE_LAYOUT_PACK_GET_DEFAULT_LAYOUT
03-13 21:26:20.899  4205  4205 D NavBarStateManager: NavBarStates(1) getDefaultLayout: space,home,gap,back,space;;
03-13 21:26:20.899  4205  4205 D Navbar.Store: ----handleEvent(1) value= space,home,gap,back,space;;
03-13 21:26:20.899  1993  1993 D vendor.qti.bluetooth@1.1-ibs_handler: SerialClockVote: vote for UART CLK ON
03-13 21:26:20.899  4205  4205 D Navbar.Store: ----handleEvent(1) GetInflateButtonWidth(buttonSpec=space, landscape=false) [Module] SamsungNavigationBarInflaterView
03-13 21:26:20.899  4205  4205 D Navbar.Store: ------[Band]STABLE_LAYOUT_PACK_INFLATE_NAVBAR
03-13 21:26:20.899  4205  4205 D NavBarStateManager: NavBarStates(1) getSpaceWidth(land: false): 64
03-13 21:26:20.899  4205  4205 D Navbar.Store: ----handleEvent(1) value= 64
03-13 21:26:20.899  4205  4205 D Navbar.Store: ----handleEvent(1) GetInflateButtonWidth(buttonSpec=home, landscape=false) [Module] SamsungNavigationBarInflaterView
03-13 21:26:20.899  4205  4205 D Navbar.Store: ------[Band]STABLE_LAYOUT_PACK_INFLATE_NAVBAR
03-13 21:26:20.899  4205  4205 D NavBarStateManager: NavBarStates(1) getButtonWidth(land: false): 102
03-13 21:26:20.899  4205  4205 D Navbar.Store: ----handleEvent(1) value= 102
03-13 21:26:20.899  2439  2467 I android.hardware.nfc-service.nxp: write
03-13 21:26:20.899  4205  4205 D Navbar.Store: ----handleEvent(1) GetInflateButtonWidth(buttonSpec=gap, landscape=false) [Module] SamsungNavigationBarInflaterView
03-13 21:26:20.899  4205  4205 D Navbar.Store: ------[Band]STABLE_LAYOUT_PACK_INFLATE_NAVBAR
03-13 21:26:20.899  4205  4205 D NavBarStateManager: NavBarStates(1) getButtonDistanceSize(land: false): 17
03-13 21:26:20.899  4205  4205 D Navbar.Store: ----handleEvent(1) value= 17
03-13 21:26:20.899  4205  4205 D Navbar.Store: ----handleEvent(1) GetInflateButtonWidth(buttonSpec=back, landscape=false) [Module] SamsungNavigationBarInflaterView
03-13 21:26:20.899  4205  4205 D Navbar.Store: ------[Band]STABLE_LAYOUT_PACK_INFLATE_NAVBAR
03-13 21:26:20.899  4205  4205 D NavBarStateManager: NavBarStates(1) getButtonWidth(land: false): 102
03-13 21:26:20.899  4205  4205 D Navbar.Store: ----handleEvent(1) value= 102
03-13 21:26:20.899  4205  4205 D Navbar.Store: ----handleEvent(1) GetInflateButtonWidth(buttonSpec=space, landscape=false) [Module] SamsungNavigationBarInflaterView
03-13 21:26:20.899  4205  4205 D Navbar.Store: ------[Band]STABLE_LAYOUT_PACK_INFLATE_NAVBAR
03-13 21:26:20.899  4205  4205 D NavBarStateManager: NavBarStates(1) getSpaceWidth(land: false): 64
03-13 21:26:20.899  4205  4205 D Navbar.Store: ----handleEvent(1) value= 64
03-13 21:26:20.899  4205  4205 D Navbar.Store: ----handleEvent(1) GetInflateButtonWidth(buttonSpec=space, landscape=true) [Module] SamsungNavigationBarInflaterView
03-13 21:26:20.899  4205  4205 D Navbar.Store: ------[Band]STABLE_LAYOUT_PACK_INFLATE_NAVBAR
03-13 21:26:20.899  4205  4205 D NavBarStateManager: NavBarStates(1) getSpaceWidth(land: true): 64
03-13 21:26:20.899  4205  4205 D Navbar.Store: ----handleEvent(1) value= 64
03-13 21:26:20.899  4205  4205 D Navbar.Store: ----handleEvent(1) GetInflateButtonWidth(buttonSpec=home, landscape=true) [Module] SamsungNavigationBarInflaterView
03-13 21:26:20.899  4205  4205 D Navbar.Store: ------[Band]STABLE_LAYOUT_PACK_INFLATE_NAVBAR
03-13 21:26:20.899  4205  4205 D NavBarStateManager: NavBarStates(1) getButtonWidth(land: true): 102
03-13 21:26:20.899  4205  4205 D Navbar.Store: ----handleEvent(1) value= 102
03-13 21:26:20.899  4205  4205 D Navbar.Store: ----handleEvent(1) GetInflateButtonWidth(buttonSpec=gap, landscape=true) [Module] SamsungNavigationBarInflaterView
03-13 21:26:20.899  4205  4205 D Navbar.Store: ------[Band]STABLE_LAYOUT_PACK_INFLATE_NAVBAR
03-13 21:26:20.899  4205  4205 D NavBarStateManager: NavBarStates(1) getButtonDistanceSize(land: true): 17
03-13 21:26:20.899  4205  4205 D Navbar.Store: ----handleEvent(1) value= 17
03-13 21:26:20.899  4205  4205 D Navbar.Store: ----handleEvent(1) GetInflateButtonWidth(buttonSpec=back, landscape=true) [Module] SamsungNavigationBarInflaterView
03-13 21:26:20.899  4205  4205 D Navbar.Store: ------[Band]STABLE_LAYOUT_PACK_INFLATE_NAVBAR
03-13 21:26:20.899  4205  4205 D NavBarStateManager: NavBarStates(1) getButtonWidth(land: true): 102
03-13 21:26:20.899  4205  4205 D Navbar.Store: ----handleEvent(1) value= 102
03-13 21:26:20.899  4205  4205 D Navbar.Store: ----handleEvent(1) GetInflateButtonWidth(buttonSpec=space, landscape=true) [Module] SamsungNavigationBarInflaterView
03-13 21:26:20.899  4205  4205 D Navbar.Store: ------[Band]STABLE_LAYOUT_PACK_INFLATE_NAVBAR
03-13 21:26:20.899  4205  4205 D NavBarStateManager: NavBarStates(1) getSpaceWidth(land: true): 64
03-13 21:26:20.899  4205  4205 D Navbar.Store: ----handleEvent(1) value= 64
03-13 21:26:20.899  4205  4205 D Navbar.Store: ----handleEvent(1) GetInflateButtonWidth(buttonSpec=space, landscape=false) [Module] SamsungNavigationBarInflaterView
03-13 21:26:20.899  4205  4205 D Navbar.Store: ------[Band]STABLE_LAYOUT_PACK_INFLATE_NAVBAR
03-13 21:26:20.899  4205  4205 D NavBarStateManager: NavBarStates(1) getSpaceWidth(land: false): 64
03-13 21:26:20.899  4205  4205 D Navbar.Store: ----handleEvent(1) value= 64
03-13 21:26:20.899  4205  4205 D Navbar.Store: ----handleEvent(1) GetInflateButtonWidth(buttonSpec=left_remote_view, landscape=false) [Module] SamsungNavigationBarInflaterView
03-13 21:26:20.899  4205  4205 D Navbar.Store: ------[Band]STABLE_LAYOUT_PACK_INFLATE_NAVBAR
03-13 21:26:20.899  4205  4205 D NavBarStateManager: NavBarStates(1) getButtonWidth(land: false): 102
03-13 21:26:20.899  4205  4205 D Navbar.Store: ----handleEvent(1) value= 102
03-13 21:26:20.899  4205  4205 D Navbar.Store: ----handleEvent(1) GetInflateButtonWidth(buttonSpec=gap, landscape=false) [Module] SamsungNavigationBarInflaterView
03-13 21:26:20.899  4205  4205 D Navbar.Store: ------[Band]STABLE_LAYOUT_PACK_INFLATE_NAVBAR
03-13 21:26:20.899  4205  4205 D NavBarStateManager: NavBarStates(1) getButtonDistanceSize(land: false): 17
03-13 21:26:20.899  4205  4205 D Navbar.Store: ----handleEvent(1) value= 17
03-13 21:26:20.899  4205  4205 D Navbar.Store: ----handleEvent(1) GetInflateButtonWidth(buttonSpec=right_remote_view, landscape=false) [Module] SamsungNavigationBarInflaterView
03-13 21:26:20.899  4205  4205 D Navbar.Store: ------[Band]STABLE_LAYOUT_PACK_INFLATE_NAVBAR
03-13 21:26:20.899  4205  4205 D NavBarStateManager: NavBarStates(1) getButtonWidth(land: false): 102
03-13 21:26:20.899  4205  4205 D Navbar.Store: ----handleEvent(1) value= 102
03-13 21:26:20.899  4205  4205 D Navbar.Store: ----handleEvent(1) GetInflateButtonWidth(buttonSpec=space, landscape=false) [Module] SamsungNavigationBarInflaterView
03-13 21:26:20.899  4205  4205 D Navbar.Store: ------[Band]STABLE_LAYOUT_PACK_INFLATE_NAVBAR
03-13 21:26:20.899  4205  4205 D NavBarStateManager: NavBarStates(1) getSpaceWidth(land: false): 64
03-13 21:26:20.899  4205  4205 D Navbar.Store: ----handleEvent(1) value= 64
03-13 21:26:20.899  4205  4205 D Navbar.Store: ----handleEvent(1) GetInflateButtonWidth(buttonSpec=space, landscape=true) [Module] SamsungNavigationBarInflaterView
03-13 21:26:20.899  4205  4205 D Navbar.Store: ------[Band]STABLE_LAYOUT_PACK_INFLATE_NAVBAR
03-13 21:26:20.899  4205  4205 D NavBarStateManager: NavBarStates(1) getSpaceWidth(land: true): 64
03-13 21:26:20.899  4205  4205 D Navbar.Store: ----handleEvent(1) value= 64
03-13 21:26:20.900  4205  4205 D Navbar.Store: ----handleEvent(1) GetInflateButtonWidth(buttonSpec=left_remote_view, landscape=false) [Module] SamsungNavigationBarInflaterView
03-13 21:26:20.900  4205  4205 D Navbar.Store: ------[Band]STABLE_LAYOUT_PACK_INFLATE_NAVBAR
03-13 21:26:20.900  4205  4205 D NavBarStateManager: NavBarStates(1) getButtonWidth(land: false): 102
03-13 21:26:20.900  4205  4205 D Navbar.Store: ----handleEvent(1) value= 102
03-13 21:26:20.900  4205  4205 D Navbar.Store: ----handleEvent(1) GetInflateButtonWidth(buttonSpec=gap, landscape=true) [Module] SamsungNavigationBarInflaterView
03-13 21:26:20.900  4205  4205 D Navbar.Store: ------[Band]STABLE_LAYOUT_PACK_INFLATE_NAVBAR
03-13 21:26:20.900  4205  4205 D NavBarStateManager: NavBarStates(1) getButtonDistanceSize(land: true): 17
03-13 21:26:20.900  4205  4205 D Navbar.Store: ----handleEvent(1) value= 17
03-13 21:26:20.900  4360 22474 I CCodecBufferChannel: [c2.qti.hevc.decoder#69] 10 initial input buffers available
03-13 21:26:20.900  4205  4205 D Navbar.Store: ----handleEvent(1) GetInflateButtonWidth(buttonSpec=right_remote_view, landscape=false) [Module] SamsungNavigationBarInflaterView
03-13 21:26:20.900  4205  4205 D Navbar.Store: ------[Band]STABLE_LAYOUT_PACK_INFLATE_NAVBAR
03-13 21:26:20.900  4205  4205 D NavBarStateManager: NavBarStates(1) getButtonWidth(land: false): 102
03-13 21:26:20.900  4205  4205 D Navbar.Store: ----handleEvent(1) value= 102
03-13 21:26:20.900  4205  4205 D Navbar.Store: ----handleEvent(1) GetInflateButtonWidth(buttonSpec=space, landscape=true) [Module] SamsungNavigationBarInflaterView
03-13 21:26:20.900  4205  4205 D Navbar.Store: ------[Band]STABLE_LAYOUT_PACK_INFLATE_NAVBAR
03-13 21:26:20.900  4205  4205 D NavBarStateManager: NavBarStates(1) getSpaceWidth(land: true): 64
03-13 21:26:20.900  4205  4205 D Navbar.Store: ----handleEvent(1) value= 64
03-13 21:26:20.900  4205  4205 D Navbar.Store: ----handleEvent(1) GetNavBarSidePadding(landscape=false) [Module] SamsungNavigationBarInflaterView
03-13 21:26:20.900  4205  4205 D Navbar.Store: ------[Band]STABLE_LAYOUT_PACK_INFLATE_NAVBAR_SIDE_PADDING
03-13 21:26:20.900  4205  4205 D NavBarStateManager: NavBarStates(1) getNavBarSidePadding: 0
03-13 21:26:20.900  4205  4205 D Navbar.Store: ----handleEvent(1) value= 0
03-13 21:26:20.900  4205  4205 D Navbar.Store: ----handleEvent(1) GetNavBarSidePadding(landscape=true) [Module] SamsungNavigationBarInflaterView
03-13 21:26:20.900  4205  4205 D Navbar.Store: ------[Band]STABLE_LAYOUT_PACK_INFLATE_NAVBAR_SIDE_PADDING
03-13 21:26:20.900  4205  4205 D NavBarStateManager: NavBarStates(1) getNavBarSidePadding: 0
03-13 21:26:20.900  4205  4205 D Navbar.Store: ----handleEvent(1) value= 0
03-13 21:26:20.900  4205  4205 D Navbar.Store: ----handleEvent(1) GetNavBarSidePadding(landscape=false) [Module] SamsungNavigationBarInflaterView
03-13 21:26:20.900  4205  4205 D Navbar.Store: ------[Band]STABLE_LAYOUT_PACK_INFLATE_NAVBAR_SIDE_PADDING
03-13 21:26:20.900  4205  4205 D NavBarStateManager: NavBarStates(1) getNavBarSidePadding: 0
03-13 21:26:20.900  4205  4205 D Navbar.Store: ----handleEvent(1) value= 0
03-13 21:26:20.900  4205  4205 D Navbar.Store: ----handleEvent(1) GetNavBarSidePadding(landscape=true) [Module] SamsungNavigationBarInflaterView
03-13 21:26:20.900  4205  4205 D Navbar.Store: ------[Band]STABLE_LAYOUT_PACK_INFLATE_NAVBAR_SIDE_PADDING
03-13 21:26:20.900  4205  4205 D NavBarStateManager: NavBarStates(1) getNavBarSidePadding: 0
03-13 21:26:20.900  4205  4205 D Navbar.Store: ----handleEvent(1) value= 0
03-13 21:26:20.900  4205  4205 D NavBarStateManager: NavBarStates(1) isNavBarHiddenByKnox: false
03-13 21:26:20.900  4205  4205 D NavBarStateManager: NavBarStates(1) canShowGestureHint: true
03-13 21:26:20.900  4205  4205 D AccessibilityGestureHandler: onNavBarAttached
03-13 21:26:20.900  4205  4205 D NavBarStateManager: NavBarStates(1) isLargeCoverScreenSyncEnabled: false
03-13 21:26:20.900  4205  4205 D AccessibilityGestureHandler: a11yButtonState: false, coverScreenNavBarEnabled: false gestureMode: false, isWindowShowing: false, isCoverNavBarVisible: false, isEnabled: false
03-13 21:26:20.900  4205  4205 D NavBarStateManager: NavBarStates(1) isLargeCoverScreenSyncEnabled: false
03-13 21:26:20.900  3003  3661 I InputReader: Reconfiguring input devices, changes=DISPLAY_INFO
03-13 21:26:20.900  3003  3661 I InputReader: support feature by TSP : 0x321
03-13 21:26:20.900  3003  3661 I InputReader: support feature by TSP : 0x321
03-13 21:26:20.900  2053  2420 W QC2Interface: [hvcD_518] Failed to query parameters
03-13 21:26:20.901  2105  2321 I SurfaceFlinger: id=95106 createSurf, flag=84004, [Gesture Monitor] edge-swipe#95106
03-13 21:26:20.901  3003  7241 D InputTransport: Input channel constructed: '[Gestur', fd=836
03-13 21:26:20.901  3003  7241 D InputTransport: Input channel constructed: '[Gestur', fd=904
03-13 21:26:20.901  2007  2007 I sensors-hal: send_sync_sensor_request:543, takes 3 ms to receive the response with 0
03-13 21:26:20.901  2007  2007 I sensors-hal: activate:330, com.samsung.sensor.light_seamless/1782 en=0 completed
03-13 21:26:20.901  3003  7241 D InputTransport: Input channel constructed: '[Gestur', fd=911
03-13 21:26:20.901  3003  7241 D InputTransport: Input channel destroyed: '[Gestur', fd=911
03-13 21:26:20.901  3003  3687 D SGM:FgCheckThread: onLooperPrepared(), msg: MSG_LCD_OFF
03-13 21:26:20.902  4205  4205 D InputTransport: Input channel constructed: '[Gestur', fd=831
03-13 21:26:20.902  3003  3067 D SensorManager: unregisterListener :: com.android.server.display.mode.DisplayModeDirector$BrightnessObserver$LightSensorEventListener@b4fe971
03-13 21:26:20.902 19717 19717 I HBD     : DeX h DeX mode state change in non-main thread 
03-13 21:26:20.902  4205  4205 D InputMonitorCompat: Input monitor (edge-swipe-disp1) created
03-13 21:26:20.902  4205  4205 D InputMonitorCompat: Input event receiver for monitor (edge-swipe-disp1) created
03-13 21:26:20.902 19717 19717 I HBD     : DeX h DeX mode state change: 3 
03-13 21:26:20.902 19717 19717 I HBD     : DeX h DeX mode state change in non-main thread 
03-13 21:26:20.902 19717 19717 I HBD     : DeX h DeX mode state change: 3 
03-13 21:26:20.902 19717 19717 I HBD     : DeX h DeX mode state change in non-main thread 
03-13 21:26:20.902  4205  4205 I WindowManager: WindowManagerGlobal#addView, ty=2024, view=com.android.systemui.navigationbar.gestural.SamsungBackPanel{ec1576d G.ED..... ......I. 0,0-0,0}, caller=android.view.WindowManagerImpl.addView:158 com.android.systemui.navigationbar.gestural.BackPanelController.setLayoutParams:7 com.android.systemui.navigationbar.gestural.EdgeBackGestureHandler.setEdgeBackPlugin:20 
03-13 21:26:20.902 19717 19717 I HBD     : DeX h DeX mode state change: 3 
03-13 21:26:20.902  4205  4205 I ViewRootImpl: dVRR is disabled
03-13 21:26:20.902  4205  4394 D NativeCustomFrequencyManager: [NativeCFMS] BpCustomFrequencyManager::BpCustomFrequencyManager()
03-13 21:26:20.902  2094  8548 D AudioFlinger: setParameters: filtered dev setParameters keyvalue screen_state=off
03-13 21:26:20.903  1992  7816 D AHAL: AudioDevice: SetParameters: 1865: enter
03-13 21:26:20.903  1992  7816 D AHAL: AudioVoice: VoiceSetParameters: 200: Enter
03-13 21:26:20.903  1992  7816 D AHAL: AudioVoice: VoiceSetParameters: 479: Exit ret: 0
03-13 21:26:20.903  1992  7816 D AHAL: hfp: hfp_set_parameters: 444: enter
03-13 21:26:20.903  1992  7816 D AHAL: AudioDevice: SetParameters: 1948:  - screen = off
03-13 21:26:20.903  1992  7816 I PAL: ResourceManager: setParameter: 10683: Screen State:0
03-13 21:26:20.903  1992  7816 D AHAL: AudioDevice: SetParameters: 2798: exit: screen_state=off
03-13 21:26:20.903  2105  2922 I SurfaceFlinger: id=95107 createSurf, flag=84004, WindowToken{28f5694 type=2024 android.os.BinderProxy@c72aae7}#95107
03-13 21:26:20.904  4184  4797 D SatelliteController: handleCmdUpdateNtnSignalStrengthReporting: ignore request, satellite is disabled
03-13 21:26:20.904 15873 15873 I PkDeviceHelper: PkDeviceHelper.refreshDevices():87 refreshing devices
03-13 21:26:20.902  2496 10924 I ResourceManagerService: addMediaInfo pid 4360 (width 1080 height 2640), allocated hw codec count 1
03-13 21:26:20.904  2022  2124 I HYPER-HAL: [RequestManager.cpp]acquire(): Acquired ID : 581385924  [2025 / 32073]    HINT :      list : [TID_LOW_LATENCY / 1] [TID / 4392] [TID / 4393] [TID / 4205] [TID / 4394] 
03-13 21:26:20.904  2496 10924 I ResourceManagerService: getMediaResourceInfo (PID : 4360, clientID : -5476376666658867376, non-secure-codec/hw-video-codec:[]:1, 1080x2640 (fps:120) - sw codec : no, encoder : no componentName = c2.qti.hevc.decoder bitrate = 17000000)
03-13 21:26:20.905  6380  6380 I SemMediaResourceHelper: onAdd
03-13 21:26:20.906  1993  1993 D vendor.qti.bluetooth@1.1-wake_lock: Acquire wakelock is acquired 
03-13 21:26:20.906  1993  1993 I vendor.qti.bluetooth@1.1-ibs_handler: DeviceWakeUp: Writing IBS_WAKE_IND
03-13 21:26:20.907  4832  6719 I HoneySpace.Memory-Monitor: cleanMemory count=1, needTrim=true, delayTime=30000
03-13 21:26:20.902  3003  3911 D SensorService: setSContextDataLocked ints length 2 , byte length 4
03-13 21:26:20.907  3003  3806 D InputTransport: Input channel constructed: 'de1253d', fd=966
03-13 21:26:20.907  3003  3806 D InputTransport: Input channel constructed: 'de1253d', fd=971
03-13 21:26:20.907  4607 23061 D NxpGenExtn: vendor_nfc_handle_event Enter eventCode:12
03-13 21:26:20.907  3003  3806 D InputTransport: Input channel constructed: 'de1253d', fd=911
03-13 21:26:20.907  3003  3806 D InputTransport: Input channel destroyed: 'de1253d', fd=971
03-13 21:26:20.907  4607 23061 D NxpGenExtn: handleVendorNciRspNtf Enter dataLen:4
03-13 21:26:20.907  3003  3806 D WindowManager: prepareSync <SYNC_STATE_WAITING_FOR_DRAW>, mPrepareSyncSeqId=0, win=Window{de1253d u0 EdgeBackGestureHandler1}
03-13 21:26:20.907  4607 23061 D NxpPropExtn: phNxpProp_HandleVendorNciRspNtf PropExtensionController Enter dataLen:4
03-13 21:26:20.907  4607 23061 D NxpPropExtn: handleVendorNciRspNtf Enter dataLen:4
03-13 21:26:20.907  4607 23061 D NxpGenExtn: stopWriteRspTimer Enter cmdGid:0, cmdOid:9, rspGid:0, rspOid:9,
03-13 21:26:20.907  4607 23061 D NxpPropExtn: NciStateMonitor handleVendorNciRspNtf Enter chiptype:14,mScreenState:1,nfcRfState:1
03-13 21:26:20.907  3003  6828 D HintManagerService: SystemUI make new AppHintSession but force pause
03-13 21:26:20.907  4607 23061 D NxpGenExtn: DefaultEventHandler::handleVendorNciRspNtf Enter dataLen:4
03-13 21:26:20.907  4607 23061 D NxpGenExtn: phNxpExtn_HandleVendorNciRspNtf prop status:81
03-13 21:26:20.907  4607 23061 D NxpGenExtn: NfcExtensionController::handleVendorNciRspNtf Enter dataLen:4
03-13 21:26:20.907  4607 23061 D NxpGenExtn: DefaultEventHandler::handleVendorNciRspNtf Enter dataLen:4
03-13 21:26:20.907  4607 23061 D NxpGenExtn: phNxpExtn_HandleVendorNciRspNtf gen status:81
03-13 21:26:20.907  2105  2922 I SurfaceFlinger: id=95108 createSurf, flag=84004, de1253d EdgeBackGestureHandler1#95108
03-13 21:26:20.908  3003  3911 D SensorService: setSContextDataLocked d20db4
03-13 21:26:20.908  2022  2124 I HYPER-HAL: [RequestManager.cpp]acquire(): Acquired ID : 581385924  [2025 / 32073]    HINT :      list : [TID_LOW_LATENCY / 0] [TID / 4392] [TID / 4393] [TID / 4205] [TID / 4394] 
03-13 21:26:20.908  3003  3806 D RestrictionPolicy: isScreenCaptureEnabled : ret=true userId=0
03-13 21:26:20.908  3003  3806 D InputTransport: Input channel destroyed: 'de1253d', fd=911
03-13 21:26:20.908  4205  4205 D InputTransport: Input channel constructed: 'de1253d', fd=832
03-13 21:26:20.908  3003  3622 D SemInput:UEvent: onSemUEvent: {SUBSYSTEM=sec, SEQNUM=53968, ACTION=change, POS=199,589, TIMESTAMP=98169895, FEATURE=TSP, GESTURE=8, DEVPATH=/devices/virtual/sec/tsp2}
03-13 21:26:20.908  4607  4986 D libnfc_nci: nfaDeviceManagementCallback: enter; event=0xB
03-13 21:26:20.908  4607  4986 D libnfc_nci: nfaDeviceManagementCallback: NFA_DM_SET_POWER_SUB_STATE_EVT; status=0x0
03-13 21:26:20.908 16161 25765 I NearbySharing: Screen is locked
03-13 21:26:20.908 16161 25765 I NearbySharing: Stopping scanning because the screen is locked.
