03-13 13:01:38.424  4205  4205 D NavBarStateManager: NavBarStates(1) supportLargeCoverScreenNavBar: true
03-13 13:01:38.424  4205  4205 D NavBarStateManager: NavBarStates(1) canShowKeyboardButtonForRotation(0): true
03-13 13:01:38.425  3003  3069 D SurfaceComposerClient: [SEC_SF_EFFECTS] setBackgroundBlurRadius ## Dim Layer for - Task=605#52149 backgroundBlurRadius=0
03-13 13:01:38.425  4205  4205 D NavBarStateManager: NavBarStates(1) supportLargeCoverScreenNavBar: true
03-13 13:01:38.425  4360  4380 W System  : A resource failed to call AbstractCursor.close. 
03-13 13:01:38.425  4205  4205 D NavBarStateManager: NavBarStates(1) canShowKeyboardButtonForRotation(1): true
03-13 13:01:38.426  4360  4380 W System  : A resource failed to call CursorWrapperInner.close. 
03-13 13:01:38.426  4360  4380 W System  : A resource failed to call AbstractCursor.close. 
03-13 13:01:38.426  4360  4380 W System  : A resource failed to call CursorWrapperInner.close. 
03-13 13:01:38.426  4360  4380 W System  : A resource failed to call AbstractCursor.close. 
03-13 13:01:38.426  4360  4380 W System  : A resource failed to call CursorWrapperInner.close. 
03-13 13:01:38.426  4360  4380 W System  : A resource failed to call AbstractCursor.close. 
03-13 13:01:38.426  4360  4380 W System  : A resource failed to call CursorWrapperInner.close. 
03-13 13:01:38.426  4360  4380 W System  : A resource failed to call AbstractCursor.close. 
03-13 13:01:38.426  4360  4380 W System  : A resource failed to call CursorWrapperInner.close. 
03-13 13:01:38.426  4360  4380 W System  : A resource failed to call AbstractCursor.close. 
03-13 13:01:38.426  4360  4380 W System  : A resource failed to call CursorWrapperInner.close. 
03-13 13:01:38.426  4360  4380 W System  : A resource failed to call AbstractCursor.close. 
03-13 13:01:38.427  4205  4205 D NavBarStateManager: NavBarStates(1) supportLargeCoverScreenNavBar: true
03-13 13:01:38.427  4205  4205 D NavBarStateManager: NavBarStates(1) canShowKeyboardButtonForRotation(2): true
03-13 13:01:38.428  4205  4205 D NavBarStateManager: NavBarStates(1) supportLargeCoverScreenNavBar: true
03-13 13:01:38.428  4205  4205 D NavBarStateManager: NavBarStates(1) canShowKeyboardButtonForRotation(3): true
03-13 13:01:38.429  4205  4205 D NavBarStateManager: NavBarStates(1) supportLargeCoverScreenNavBar: true
03-13 13:01:38.429  2452 11702 I CameraService: onUidStateChanged: uid=10443, procState is changed. (10 -> 15)
03-13 13:01:38.431  4205  4205 D NavBarStateManager: NavBarStates(1) supportLargeCoverScreenNavBar: true
03-13 13:01:38.431  4205  4205 D NavBarView: disableBack=true (isBackDismissIme=false, handlingGestures=false, disabledFlagBack=true, isBottomGesture=false, isImeRenderingNavButtons=false)
03-13 13:01:38.431  4205  4205 D NavBarStateManager: NavBarStates(1) supportLargeCoverScreenNavBar: true
03-13 13:01:38.431  4205  4205 D Navbar.Store: handleEvent(0) OnUpdateSysUiStateFlag(noArguments=true) [Module] SamsungNavigationBarView
03-13 13:01:38.431  4205  4205 D Navbar.Store: --[Band]GESTURE_PACK_UPDATE_SYSTEMUI_STATE_FLAG
03-13 13:01:38.431  4205  4205 D Navbar.Store: --[Band] (afterAction) GESTURE_PACK_UPDATE_SYSTEMUI_STATE_FLAG
03-13 13:01:38.431  4205  4205 D Navbar.Store: handleEvent(0) OnNavBarUpdateA11YService(clickable=false, longClickable=false) [Module] NavigationBar
03-13 13:01:38.431  4205  4205 D Navbar.Store: --[Band]SETUPWIZARD_PACK_UPDATE_A11Y_SERVICE
03-13 13:01:38.431  4205  4205 D NavBarStateManager: NavBarStates(1) canShowKeyboardButtonForRotation(0): true
03-13 13:01:38.431  4360  4380 W System  : A resource failed to call CursorWrapperInner.close. 
03-13 13:01:38.432  4360  4380 W System  : A resource failed to call AbstractCursor.close. 
03-13 13:01:38.432  4360  4380 W System  : A resource failed to call CursorWrapperInner.close. 
03-13 13:01:38.432  4360  4380 W System  : A resource failed to call AbstractCursor.close. 
03-13 13:01:38.432  4360  4380 W System  : A resource failed to call CursorWrapperInner.close. 
03-13 13:01:38.432  4360  4380 W System  : A resource failed to call AbstractCursor.close. 
03-13 13:01:38.432  4360  4380 W System  : A resource failed to call CursorWrapperInner.close. 
03-13 13:01:38.432  4360  4380 W System  : A resource failed to call AbstractCursor.close. 
03-13 13:01:38.432  4360  4380 W System  : A resource failed to call CursorWrapperInner.close. 
03-13 13:01:38.432  4360  4380 W System  : A resource failed to call AbstractCursor.close. 
03-13 13:01:38.432  4360  4380 W System  : A resource failed to call CursorWrapperInner.close. 
03-13 13:01:38.432  4360  4380 W System  : A resource failed to call AbstractCursor.close. 
03-13 13:01:38.432  4360  4380 W System  : A resource failed to call CursorWrapperInner.close. 
03-13 13:01:38.432  4360  4380 W System  : A resource failed to call AbstractCursor.close. 
03-13 13:01:38.432  4360  4380 W System  : A resource failed to call CursorWrapperInner.close. 
03-13 13:01:38.432  4360  4380 W System  : A resource failed to call AbstractCursor.close. 
03-13 13:01:38.432  4360  4380 W System  : A resource failed to call CursorWrapperInner.close. 
03-13 13:01:38.432  4205  4205 D NavBarStateManager: NavBarStates(1) supportLargeCoverScreenNavBar: true
03-13 13:01:38.432  4205  4205 D NavBarStateManager: NavBarStates(1) canShowKeyboardButtonForRotation(0): true
03-13 13:01:38.434  4205  4205 D NavBarStateManager: NavBarStates(1) supportLargeCoverScreenNavBar: true
03-13 13:01:38.434  4205  4205 D NavBarStateManager: NavBarStates(1) canShowKeyboardButtonForRotation(1): true
03-13 13:01:38.434  2040  2040 I SDM     : DisplayBase::WaitForCompletion: Cached retire fence is in ready state
03-13 13:01:38.434  2040  2040 I SDM     : DisplayBase::SetDisplayState: active 0-0 state 0-0 pending_power_state_ 0
03-13 13:01:38.435  4205  4205 D NavBarStateManager: NavBarStates(1) supportLargeCoverScreenNavBar: true
03-13 13:01:38.435  4205  4205 D NavBarStateManager: NavBarStates(1) canShowKeyboardButtonForRotation(2): true
03-13 13:01:38.435  2105  2105 D TimeStats: Cleared global stats
03-13 13:01:38.435  2105  2105 D TimeStats: Cleared layer stats
03-13 13:01:38.435  2105  2105 D SurfaceFlinger: Finished setting power mode 0 on physical display 4630946564756762243
03-13 13:01:38.435  2105  2815 D Scheduler: displayPowerTimerCallback ExpiredDisplayPowerTimer: 0
03-13 13:01:38.435  2105  2815 D DisplayModeController: setDesiredMode 4630946564756762243 {mode={fps=60.00 Hz, modePtr={id=2, vsyncRate=60.00 Hz, peakRefreshRate=60.00 Hz}}, emitEvent=true, force=false}
03-13 13:01:38.435  3003  4082 D SurfaceControl: Excessive delay in setPowerMode()
03-13 13:01:38.435  3003  4082 D PowerManagerUtil: [OFF][499][T: 231]  [Caller: 0] [Cfp:  0] [Cfa: 0] [Panel:193]
03-13 13:01:38.435  3003  4082 W LocalDisplayAdapter: !@display_state - 1772 : OFF (MAIN) took 193 ms
03-13 13:01:38.436  3003  4082 D SemInputDeviceManagerService: setDisplayState[1] LATE: OFF(1) -> OFF(1)
03-13 13:01:38.436  3003  4082 D LocalDisplayAdapter: notifyStateChangeFinish: com.samsung.android.hardware.secinputdev.external.DisplayStateListenerWrapper$1@444e177 took 0 ms
03-13 13:01:38.436  3003  3994 D SemInputDevice:TSP: ActivateTask: 1,1 [03-13 13:01:38.436]
03-13 13:01:38.436  3003  4082 D LocalDisplayAdapter: notifyStateChangeFinish: com.android.server.biometrics.SemBiometricDisplayStateMonitor@e8de626 took 0 ms
03-13 13:01:38.436  3003  4082 D RefreshRateModeManager: DisplayStateListener#onFinish, isPowerModeOn=false, displayType=1
03-13 13:01:38.436  3003  4082 D LocalDisplayAdapter: notifyStateChangeFinish: com.android.server.display.mode.RefreshRateModeManager$1@d4f0f0f took 0 ms
03-13 13:01:38.436  4205  4205 D NavBarStateManager: NavBarStates(1) supportLargeCoverScreenNavBar: true
03-13 13:01:38.436  2105  2105 I SurfaceFlinger: RequestedLayer [com.sec.android.app.launcher/com.sec[...]launcher.AddItemActivity$_4832#52144] hidden!! flag  from(0) --> to(1)
03-13 13:01:38.436  2105  2105 I SurfaceFlinger: RequestedLayer [com.particlenews.newsbreak/com.parti[...]ature.home.HomeActivity$_26388#52134] hidden!! flag  from(0) --> to(1)
03-13 13:01:38.436  2105  2105 I SurfaceFlinger: RequestedLayer [ActivityRecord{103254575 u0 com.part[...]eature.home.HomeActivity t604}#52130] hidden!! flag  from(0) --> to(1)
03-13 13:01:38.436  2105  2105 I SurfaceFlinger: RequestedLayer [Task=604#52040] hidden!! flag  from(0) --> to(1)
03-13 13:01:38.436  2105  2105 I SurfaceFlinger: RequestedLayer [ActivityRecord{174065031 u0 com.sec.[...]auncher/.AddItemActivity t605}#52142] hidden!! flag  from(0) --> to(1)
03-13 13:01:38.436  2105  2105 I SurfaceFlinger: RequestedLayer [Task=605#52141] hidden!! flag  from(0) --> to(1)
03-13 13:01:38.436  2105  2105 I SurfaceFlinger: RequestedLayer [[Gesture Monitor] secinputdev#51778] hidden!! flag  from(0) --> to(1)
03-13 13:01:38.436  2105  2105 I SurfaceFlinger: [Display 1 name="Built-in Screen"#66] setFrameRateCategory: High
03-13 13:01:38.436  4205  4205 D NavBarStateManager: NavBarStates(1) canShowKeyboardButtonForRotation(3): true
03-13 13:01:38.436  2105  2105 I SurfaceFlinger: RequestedLayer [WindowToken{9961b31 type=2019 android.os.BinderProxy@eee2abb}#52154] hidden!! flag  from(1) --> to(0)
03-13 13:01:38.436  2105  2105 I SurfaceFlinger: RequestedLayer [a18b216 NavigationBar1#52155] hidden!! flag  from(1) --> to(0)
03-13 13:01:38.436  2105  2105 I SurfaceFlinger: RequestedLayer [[Gesture Monitor] edge-swipe#52156] hidden!! flag  from(1) --> to(0)
03-13 13:01:38.436  2105  2105 I SurfaceFlinger: [LayerHierarchy{RequestedLayerState{[Gesture Monitor] secinputdev#51778 z=1} no children}] reparent to OffscreenRoot
03-13 13:01:38.436  2105  2105 I SurfaceFlinger: [LayerHierarchy{RequestedLayerState{[Gesture Monitor] secinputdev#51778 z=1} no children}] RelativeParent to null
03-13 13:01:38.436  2105  2105 I SurfaceFlinger: [LayerHierarchy{RequestedLayerState{com.particlenews.newsbreak/com.particlemedia.feature.home.HomeActivity$_26388#52134} no children}] reparent to OffscreenRoot
03-13 13:01:38.436  2105  2105 I SurfaceFlinger: [LayerHierarchy{RequestedLayerState{com.particlenews.newsbreak/com.particlemedia.feature.home.HomeActivity$_26388#52134} no children}] RelativeParent to null
03-13 13:01:38.436  2105  2105 I SurfaceFlinger: [LayerHierarchy{RequestedLayerState{com.sec.android.app.launcher/com.sec.android.app.launcher.AddItemActivity$_4832#52144} no children}] reparent to OffscreenRoot
03-13 13:01:38.436  2105  2105 I SurfaceFlinger: [LayerHierarchy{RequestedLayerState{com.sec.android.app.launcher/com.sec.android.app.launcher.AddItemActivity$_4832#52144} no children}] RelativeParent to null
03-13 13:01:38.436  2105  2105 I SurfaceFlinger: [WindowToken{9961b31 type=2019 android.os.BinderProxy@eee2abb}#52154] attach to parent LayerHierarchy{RequestedLayerState{Leaf:15:31#64 parentId=54 z=5} 3 children}
03-13 13:01:38.436  2105  2105 I SurfaceFlinger: [a18b216 NavigationBar1#52155] attach to parent LayerHierarchy{RequestedLayerState{WindowToken{9961b31 type=2019 android.os.BinderProxy@eee2abb}#52154 parentId=64 z=1} 1 children}
03-13 13:01:38.436  2105  2105 I SurfaceFlinger: [[Gesture Monitor] edge-swipe#52156] attach to parent LayerHierarchy{RequestedLayerState{Input Overlays#68 parentId=66 z=2147483646} 4 children}
03-13 13:01:38.436  2105  2105 I SurfaceFlinger: [WindowToken{830d3fe type=2024 android.os.BinderProxy@e373b9}#52157] attach to parent LayerHierarchy{RequestedLayerState{Leaf:15:31#64 parentId=54 z=5} 4 children}
03-13 13:01:38.436  2105  2105 I SurfaceFlinger: [1d5d75f EdgeBackGestureHandler1#52158] attach to parent LayerHierarchy{RequestedLayerState{WindowToken{830d3fe type=2024 android.os.BinderProxy@e373b9}#52157 parentId=64} 1 children}
03-13 13:01:38.436  2105  2105 D DisplayDevice: setLayerFilter: layerstack=-1 on display 4630946564756762243,toInternalDisplay:true
03-13 13:01:38.436  2071  2129 I sysinput:aidl: onReportInformation:93, 1, enabled@1,1:0
03-13 13:01:38.436  3003  3067 D RefreshRateModeManager: set fix=0, brightness=0, lux=-1.0, mIsWirelessCharging=false
03-13 13:01:38.436  3003  3130 D DisplayPowerController[0]: setActualDisplayState: ON -> OFF
03-13 13:01:38.436  3003  3130 D DisplayPowerController[0]: animateScreenStateChange: target=OFF, mIsEnabled=false
03-13 13:01:38.436  3003  3130 D DisplayPowerController[0]: animateScreenStateChange: target=OFF, mIsEnabled=false
03-13 13:01:38.437  3003  3130 D PowerManagerService: displayReady: true groupId=0
03-13 13:01:38.437  2071  2129 I sysinput:Touch1: operator():132, 1,1 OK
03-13 13:01:38.437  3003  3130 D PowerManagerService: handleSandman : startDreaming: true  (canDreamLocked: false  canDozeLocked: true)  groupId=0
03-13 13:01:38.437  3003  3130 D PowerManagerService: handleSandman : startDream(true)
03-13 13:01:38.437  3003  3130 I DreamManagerService: Entering dreamland.
03-13 13:01:38.437  3003  3130 I PowerManagerService: Dozing...
03-13 13:01:38.437  4205  4205 D NavBarStateManager: NavBarStates(1) supportLargeCoverScreenNavBar: true
03-13 13:01:38.437  3003  3994 D SysinputHAL_AIDL: activate(TSP(1)),1,1 ret=0
03-13 13:01:38.437  4205  4205 D EdgeBackGestureHandler: setBackAnimation for displayId = 1 : com.android.wm.shell.back.BackAnimationController$BackAnimationImpl@2596a58
03-13 13:01:38.438  4205  4205 D NavBarStateManager: NavBarStates(1) supportLargeCoverScreenNavBar: true
03-13 13:01:38.438  4205  4205 D NavBarView: disableBack=true (isBackDismissIme=false, handlingGestures=false, disabledFlagBack=true, isBottomGesture=false, isImeRenderingNavButtons=false)
03-13 13:01:38.438  4205  4205 D NavBarStateManager: NavBarStates(1) supportLargeCoverScreenNavBar: true
03-13 13:01:38.438  4205  4205 D Navbar.Store: handleEvent(0) OnUpdateSysUiStateFlag(noArguments=true) [Module] SamsungNavigationBarView
03-13 13:01:38.438  4205  4205 D Navbar.Store: --[Band]GESTURE_PACK_UPDATE_SYSTEMUI_STATE_FLAG
03-13 13:01:38.438  4205  4205 D Navbar.Store: --[Band] (afterAction) GESTURE_PACK_UPDATE_SYSTEMUI_STATE_FLAG
03-13 13:01:38.438  4205  4205 D Navbar.Store: handleEvent(0) OnNavBarUpdateA11YService(clickable=false, longClickable=false) [Module] NavigationBar
03-13 13:01:38.438  4205  4205 D Navbar.Store: --[Band]SETUPWIZARD_PACK_UPDATE_A11Y_SERVICE
03-13 13:01:38.438  4205  4205 D NavBarStateManager: NavBarStates(1) supportLargeCoverScreenNavBar: true
03-13 13:01:38.438  4205  4205 D NavBarView: disableBack=true (isBackDismissIme=false, handlingGestures=false, disabledFlagBack=true, isBottomGesture=false, isImeRenderingNavButtons=false)
03-13 13:01:38.438  4205  4205 D NavBarStateManager: NavBarStates(1) supportLargeCoverScreenNavBar: true
03-13 13:01:38.438  4205  4205 D Navbar.Store: handleEvent(0) OnUpdateSysUiStateFlag(noArguments=true) [Module] SamsungNavigationBarView
03-13 13:01:38.438  4205  4205 D Navbar.Store: --[Band]GESTURE_PACK_UPDATE_SYSTEMUI_STATE_FLAG
03-13 13:01:38.438  4205  4205 D Navbar.Store: --[Band] (afterAction) GESTURE_PACK_UPDATE_SYSTEMUI_STATE_FLAG
03-13 13:01:38.438  3003  3953 D MdnieScenarioControlService:  packageName : com.android.systemui    className : com.android.systemui.subscreen.SubHomeActivity
03-13 13:01:38.438  2105  2342 W qdgralloc: getInterlacedFlag: getMetaData returned 3, defaulting to interlaced_flag = 0
03-13 13:01:38.438  2105  2105 I SurfaceFlinger: id=51778 Removed [Gesture Monitor] secinputdev#51778 (229)
03-13 13:01:38.439  2105  2105 I BpBinder: onLastStrongRef automatically unlinking death recipients: 
03-13 13:01:38.439  2105  2105 I SurfaceFlinger: id=52134 Removed com.particlenews.newsbreak/com.particlemedia.feature.home.HomeActivity$_26388#52134 (229)
03-13 13:01:38.439  2105  2105 I SurfaceFlinger: id=52144 Removed com.sec.android.app.launcher/com.sec.android.app.launcher.AddItemActivity$_4832#52144 (229)
03-13 13:01:38.439  3003  3069 D SurfaceComposerClient: [SEC_SF_EFFECTS] setBackgroundBlurRadius ## Dim Layer for - Task=605#52149 backgroundBlurRadius=0
03-13 13:01:38.440  3003  3067 I DisplayDeviceRepository: Display device changed render timings: "Built-in Screen", renderFrameRate=60.000004, presentationDeadlineNanos=17666666, appVsyncOffsetNanos=16666666, frameRateOverrides=[]
03-13 13:01:38.440  2105  2105 I SurfaceFlinger: destroyed [Gesture Monitor] secinputdev#51778 form LifecycleManager
03-13 13:01:38.440  2105  2105 I SurfaceFlinger: destroyed com.particlenews.newsbreak/com.particlemedia.feature.home.HomeActivity$_26388#52134 form LifecycleManager
03-13 13:01:38.440  2105  2105 I SurfaceFlinger: destroyed com.sec.android.app.launcher/com.sec.android.app.launcher.AddItemActivity$_4832#52144 form LifecycleManager
03-13 13:01:38.440  2105  2105 I SurfaceFlinger: id=51778 onLayerDestroyed from LayerHierarchyBuilder(RequestedLayerState{[Gesture Monitor] secinputdev#51778 !handle z=1})
03-13 13:01:38.440  2105  2105 I SurfaceFlinger: id=52134 onLayerDestroyed from LayerHierarchyBuilder(RequestedLayerState{com.particlenews.newsbreak/com.particlemedia.feature.home.HomeActivity$_26388#52134 !handle})
03-13 13:01:38.440  2105  2105 I SurfaceFlinger: id=52144 onLayerDestroyed from LayerHierarchyBuilder(RequestedLayerState{com.sec.android.app.launcher/com.sec.android.app.launcher.AddItemActivity$_4832#52144 !handle})
03-13 13:01:38.440  3003  3953 V MdnieScenarioControlService: setUIMode from UI function(3)
03-13 13:01:38.440  2105  2105 I Layer   : id=51778 Destroyed [Gesture Monitor] secinputdev#51778
03-13 13:01:38.440  2105  2105 I Layer   : id=52134 Destroyed com.particlenews.newsbreak/com.particlemedia.feature.home.HomeActivity$_26388#52134
03-13 13:01:38.441  2105  2105 I Layer   : id=52144 Destroyed com.sec.android.app.launcher/com.sec.android.app.launcher.AddItemActivity$_4832#52144
03-13 13:01:38.442  3003  3068 D BLASTSyncEngine: SyncGroup 6037:  Unfinished container: WindowToken{8004a5b type=2024 android.os.BinderProxy@d7bba75} mSyncState=2
03-13 13:01:38.442  3003  3064 I DreamController: Starting dream: name=ComponentInfo{com.android.systemui/com.android.systemui.doze.DozeService}, isPreviewMode=false, canDoze=true, userId=0, reason='power manager request'
03-13 13:01:38.442  4205  4205 D NavBarStateManager: NavBarStates(1) supportLargeCoverScreenNavBar: true
03-13 13:01:38.442  4205  4205 D NavBarView: disableBack=true (isBackDismissIme=false, handlingGestures=false, disabledFlagBack=true, isBottomGesture=false, isImeRenderingNavButtons=false)
03-13 13:01:38.442  4205  4205 D NavBarStateManager: NavBarStates(1) supportLargeCoverScreenNavBar: true
03-13 13:01:38.442  4205  4205 D Navbar.Store: handleEvent(0) OnUpdateSysUiStateFlag(noArguments=true) [Module] SamsungNavigationBarView
03-13 13:01:38.442  4205  4205 D Navbar.Store: --[Band]GESTURE_PACK_UPDATE_SYSTEMUI_STATE_FLAG
03-13 13:01:38.442  4205  4205 D Navbar.Store: --[Band] (afterAction) GESTURE_PACK_UPDATE_SYSTEMUI_STATE_FLAG
03-13 13:01:38.443  4205  4205 D NavigationModeController: getCurrentInteractionMode: mode=0 contextUser=0
03-13 13:01:38.443  4205  4205 D Navbar.Store: handleEvent(1) OnLightBarControllerCreated(lightBarController=com.android.systemui.statusbar.phone.LightBarControllerImpl@207a39c) [Module] NavigationBar
03-13 13:01:38.443  4205  4205 D Navbar.Store: --[Band]COLOR_PACK_REEVALUATE_NAVBAR
03-13 13:01:38.443  4205  4205 D Navbar.Store: ----apply(1) NavBarStoreAction$ReevaluateNavBar
03-13 13:01:38.443  4205  4205 D Navbar.Store: handleEvent(0) OnNavBarTransitionModeChanged(transitionMode=0) [Module] NavigationBar
03-13 13:01:38.443  4205  4205 D Navbar.Store: --[Band]GESTURE_PACK_SHOW_FLOATING_GAMETOOLS_ICON
03-13 13:01:38.444  4832 15406 I HoneySpace.OneUiSpace: received close system dialog reason=dream
03-13 13:01:38.444  4205  4205 D NavBarStateManager: NavBarStates(1) supportLargeCoverScreenNavBar: true
03-13 13:01:38.444  2022  2124 I HYPER-HAL: [RequestManager.cpp]acquire(): Acquired ID : 2112570  [2025 / 30]    HINT :      list : [UCLAMP_MIN_BOOST / 0] [TID / 4392] [TID / 4393] [TID / 4205] [TID / 4394] 
03-13 13:01:38.444  4205  4205 D Navbar.Store: handleEvent(1) GetNavBarLargeCoverScreenPadding(rotation=0) [Module] SamsungNavigationBarView
03-13 13:01:38.444  4205  4205 D Navbar.Store: --[Band]COVER_SCREEN_PACK_GET_NAVBAR_PADDING
03-13 13:01:38.444  4205  4205 D CoverScreenPack: get cover screen padding, kit.displayId=1, resources={1.0 ?mcc0mnc [en_US] ldltr sw307dp w352dp h308dp 340dpi smll hdr widecg land night -touch -keyb/v/h -nav/h winConfig={ mBounds=Rect(0, 0 - 748, 720) mAppBounds=Rect(0, 0 - 748, 654) mMaxBounds=Rect(0, 0 - 748, 720) mDisplayRotation=ROTATION_0 mWindowingMode=fullscreen mActivityType=undefined mAlwaysOnTop=undefined mRotation=ROTATION_0 mStageConfig=undefined mPopOver=undefined mOverlappingWithCutout=false mFlexPanelMode=off} s.6733 fontWeightAdjustment=0 ff=0 bf=-1 bts=0 cst=1.0 nightDim=0 themeSeq=0}
03-13 13:01:38.444  4205  4205 D Navbar.Store: handleEvent(1) value= Rect(0, 0 - 399, 0)
03-13 13:01:38.445  3003  3595 I WindowManager: Relayout Window{a18b216 u0 NavigationBar1}: viewVisibility=0 req=748x102 ty=2019 d1
03-13 13:01:38.445  2105  2324 I SurfaceFlinger: id=52159 createSurf, flag=44004, NavigationBar1$_4205#52159
03-13 13:01:38.445  3003  3595 D WindowManager: makeSurface duration=0 name=NavigationBar1$_4205
03-13 13:01:38.445  3003  3595 D InsetsSourceProvider: updateVisibility: serverVisible=true, clientVisible=true, source=InsetsSource: {44110024 mType=systemGestures mFrame=[0,0][0,0] mVisible=true mFlags= mSideHint=NONE mBoundingRects=null}, controlTarget=null, from=com.android.server.wm.InsetsSourceProvider.setServerVisible:6 com.android.server.wm.InsetsSourceProvider.onPostLayout:30 com.android.server.wm.InsetsStateController.onPostLayout:26 com.android.server.wm.RootWindowContainer.applySurfaceChangesTransaction$1:203 com.android.server.wm.RootWindowContainer.performSurfacePlacementNoTrace:86 com.android.server.wm.WindowSurfacePlacer.performSurfacePlacement:166 com.android.server.wm.WindowManagerService.relayoutWindow:1207 com.android.server.wm.Session.relayout:27 android.view.IWindowSession$Stub.onTransact:829 com.android.server.wm.Session.onTransact:1 
03-13 13:01:38.445  3003  3595 D InsetsSourceProvider: updateVisibility: serverVisible=true, clientVisible=true, source=InsetsSource: {44110006 mType=tappableElement mFrame=[0,618][748,720] mVisible=true mFlags= mSideHint=BOTTOM mBoundingRects=null}, controlTarget=null, from=com.android.server.wm.InsetsSourceProvider.setServerVisible:6 com.android.server.wm.InsetsSourceProvider.onPostLayout:30 com.android.server.wm.InsetsStateController.onPostLayout:26 com.android.server.wm.RootWindowContainer.applySurfaceChangesTransaction$1:203 com.android.server.wm.RootWindowContainer.performSurfacePlacementNoTrace:86 com.android.server.wm.WindowSurfacePlacer.performSurfacePlacement:166 com.android.server.wm.WindowManagerService.relayoutWindow:1207 com.android.server.wm.Session.relayout:27 android.view.IWindowSession$Stub.onTransact:829 com.android.server.wm.Session.onTransact:1 
03-13 13:01:38.445  3003  3595 D InsetsSourceProvider: updateVisibility: serverVisible=true, clientVisible=true, source=InsetsSource: {44110005 mType=mandatorySystemGestures mFrame=[0,618][748,720] mVisible=true mFlags= mSideHint=BOTTOM mBoundingRects=null}, controlTarget=null, from=com.android.server.wm.InsetsSourceProvider.setServerVisible:6 com.android.server.wm.InsetsSourceProvider.onPostLayout:30 com.android.server.wm.InsetsStateController.onPostLayout:26 com.android.server.wm.RootWindowContainer.applySurfaceChangesTransaction$1:203 com.android.server.wm.RootWindowContainer.performSurfacePlacementNoTrace:86 com.android.server.wm.WindowSurfacePlacer.performSurfacePlacement:166 com.android.server.wm.WindowManagerService.relayoutWindow:1207 com.android.server.wm.Session.relayout:27 android.view.IWindowSession$Stub.onTransact:829 com.android.server.wm.Session.onTransact:1 
03-13 13:01:38.445  3003  3595 D InsetsSourceProvider: updateVisibility: serverVisible=true, clientVisible=true, source=InsetsSource: {44110004 mType=systemGestures mFrame=[0,0][0,0] mVisible=true mFlags= mSideHint=NONE mBoundingRects=null}, controlTarget=null, from=com.android.server.wm.InsetsSourceProvider.setServerVisible:6 com.android.server.wm.InsetsSourceProvider.onPostLayout:30 com.android.server.wm.InsetsStateController.onPostLayout:26 com.android.server.wm.RootWindowContainer.applySurfaceChangesTransaction$1:203 com.android.server.wm.RootWindowContainer.performSurfacePlacementNoTrace:86 com.android.server.wm.WindowSurfacePlacer.performSurfacePlacement:166 com.android.server.wm.WindowManagerService.relayoutWindow:1207 com.android.server.wm.Session.relayout:27 android.view.IWindowSession$Stub.onTransact:829 com.android.server.wm.Session.onTransact:1 
03-13 13:01:38.446  3003  3595 D BLASTSyncEngine: SyncGroup 6037:  Unfinished container: WindowToken{8004a5b type=2024 android.os.BinderProxy@d7bba75} mSyncState=2
03-13 13:01:38.446  3003  3595 D BLASTSyncEngine: SyncGroup 6037:  Unfinished container: WindowToken{8004a5b type=2024 android.os.BinderProxy@d7bba75} mSyncState=2
03-13 13:01:38.446  3003  4002 D BackgroundInstallControlService: Package event received: 0
03-13 13:01:38.446  4205  4362 D SubScreenPackageChecker: SubHome Component
03-13 13:01:38.447  3003  3595 I WindowManager: Relayout hash=a18b216, pid=4205, syncId=-1: mAttrs={(0,0)(fillx102) gr=BOTTOM CENTER_VERTICAL sim={adjust=pan} layoutInDisplayCutoutMode=always ty=NAVIGATION_BAR fmt=TRANSLUCENT
03-13 13:01:38.447  3003  3595 I WindowManager:   fl=20040028
03-13 13:01:38.447  3003  3595 I WindowManager:   pfl=31000000
03-13 13:01:38.447  3003  3595 I WindowManager:   bhv=1
03-13 13:01:38.447  3003  3595 I WindowManager:   providedInsets:
03-13 13:01:38.447  3003  3595 I WindowManager:     InsetsFrameProvider: {id=#44110001, index=0, type=navigationBars, source=FRAME, flags=[], insetsSize=Insets{left=0, top=0, right=0, bottom=102}, insetsSizeOverrides=[TypedInsetsSize: {windowType=INPUT_METHOD, insetsSize=null}]}
03-13 13:01:38.447  3003  3595 I WindowManager:     InsetsFrameProvider: {id=#44110006, index=0, type=tappableElement, source=FRAME, flags=[]}
03-13 13:01:38.447  3003  3595 I WindowManager:     InsetsFrameProvider: {id=#44110005, index=0, type=mandatorySystemGestures, source=FRAME, flags=[]}
03-13 13:01:38.447  3003  3595 I WindowManager:     InsetsFrameProvider: {id=#44110004, index=0, type=systemGestures, source=DISPLAY, flags=[], insetsSize=Insets{left=0, top=0, right=0, bottom=0}, mMinimalInsetsSizeInDisplayCutoutSafe=Insets{left=0, top=0, right=0, bottom=0}}
03-13 13:01:38.447  3003  3595 I WindowManager:     InsetsFrameProvider: {id=#44110024, index=1, type=systemGestures, source=DISPLAY, flags=[], insetsSize=Insets{left=0, top=0, right=0, bottom=0}, mMinimalInsetsSizeInDisplayCutoutSafe=Insets{left=0, top=0, right=0, bottom=0}}
03-13 13:01:38.447  3003  3595 I WindowManager:   frameRateBoostOnTouch=true
03-13 13:01:38.447  3003  3595 I WindowManager:   dvrrWindowFrameRateHint=true
03-13 13:01:38.447  3003  3595 I WindowManager:   paramsForRotation:
03-13 13:01:38.447  3003  3595 I WindowManager:     ROTATION_0={(0,0)(fillx102) gr=BOTTOM CENTER_VERTICAL layoutInDisplayCutoutMode=always ty=NAVIGATION_BAR fmt=TRANSLUCENT
03-13 13:01:38.447  3003  3595 I WindowManager:       fl=20040028
03-13 13:01:38.447  3003  3595 I WindowManager:       pfl=31000000
03-13 13:01:38.447  3003  3595 I WindowManager:       bhv=1
03-13 13:01:38.447  3003  3595 I WindowManager:       providedInsets:
03-13 13:01:38.447  3003  3595 I WindowManager:         InsetsFrameProvider: {id=#44110001, index=0, type=navigationBars, source=FRAME, flags=[], insetsSize=Insets{left=0, top=0, right=0, bottom=102}, insetsSizeOverrides=[TypedInsetsSize: {windowType=INPUT_METHOD, insetsSize=null}]}
03-13 13:01:38.447  3003  3595 I WindowManager:         InsetsFrameProvider: {id=#44110006, index=0, type=tappableElement, source=FRAME, flags=[]}
03-13 13:01:38.447  3003  3595 I WindowManager:         InsetsFrameProvider: {id=#44110005, index=0, type=mandatorySystemGestures, source=FRAME, flags=[]}
03-13 13:01:38.447  3003  3595 I WindowManager:         InsetsFrameProvider: {id=#44110004, index=0, type=systemGestures, source=DISPLAY, flags=[], insetsSize=Insets{left=0, top=0, right=0, bottom=0}, mMinimalInsetsSizeInDisplayCutoutSafe=Insets{left=0, top=0, right=0, bottom=0}}
03-13 13:01:38.447  3003  3595 I WindowManager:         InsetsFrameProvider: {id=#44110024, index=1, type=systemGestures, source=DISPLAY, flags=[], insetsSize=Insets{left=0, top=0, right=0, bottom=0}, mMinimalInsetsSizeInDisplayCutoutSafe=Insets{left=0, top=0, right=0, bottom=0}}
03-13 13:01:38.447  3003  3595 I WindowManager:       frameRateBoostOnTouch=true
03-13 13:01:38.447  3003  3595 I WindowManager:       dvrrWindowFrameRateHint=true naviIconColor=0}
03-13 13:01:38.447  3003  3595 I WindowManager:     ROTATION_90={(0,0)(102xfill) gr=RIGHT CENTER_HORIZONTAL layoutInDisplayCutoutMode=always ty=NAVIGATION_BAR fmt=TRANSLUCENT
03-13 13:01:38.447  3003  3595 I WindowManager:       fl=20040028
03-13 13:01:38.447  3003  3595 I WindowManager:       pfl=31000000
03-13 13:01:38.447  3003  3595 I WindowManager:       bhv=1
03-13 13:01:38.447  3003  3595 I WindowManager:       providedInsets:
03-13 13:01:38.447  3003  3595 I WindowManager:         InsetsFrameProvider: {id=#44110001, index=0, type=navigationBars, source=FRAME, flags=[], insetsSizeOverrides=[TypedInsetsSize: {windowType=INPUT_METHOD, insetsSize=null}]}
03-13 13:01:38.447  3003  3595 I WindowManager:         InsetsFrameProvider: {id=#44110006, index=0, type=tappableElement, source=FRAME, flags=[]}
03-13 13:01:38.447  3003  3595 I WindowManager:         InsetsFrameProvider: {id=#44110005, index=0, type=mandatorySystemGestures, source=FRAME, flags=[]}
03-13 13:01:38.447  3003  3595 I WindowManager:         InsetsFrameProvider: {id=#44110004, index=0, type=systemGestures, source=DISPLAY, flags=[], insetsSize=Insets{left=0, top=0, right=0, bottom=0}, mMinimalInsetsSizeInDisplayCutoutSafe=Insets{left=0, top=0, right=0, bottom=0}}
03-13 13:01:38.447  3003  3595 I WindowManager:         InsetsFrameProvider: {id=#44110024, index=1, type=systemGestures, source=DISPLAY, flags=[], insetsSize=Insets{left=0, top=0, right=0, bottom=0}, mMinimalInsetsSizeInDisplayCutoutSafe=Insets{left=0, top=0, right=0, bottom=0}}
03-13 13:01:38.447  3003  3595 I WindowManager:       frameRateBoostOnTouch=true
03-13 13:01:38.447  3003  3595 I WindowManager:       dvrrWindowFrameRateHint=true naviIconColor=0}
03-13 13:01:38.447  3003  3595 I WindowManager:     ROTATION_180={(0,0)(fillx102) gr=BOTTOM CENTER_VERTICAL layoutInDisplayCutoutMode=always ty=NAVIGATION_BAR fmt=TRANSLUCENT
03-13 13:01:38.447  3003  3595 I WindowManager:       fl=20040028
03-13 13:01:38.447  3003  3595 I WindowManager:       pfl=31000000
03-13 13:01:38.447  3003  3595 I WindowManager:       bhv=1
03-13 13:01:38.447  3003  3595 I WindowManager:       providedInsets:
03-13 13:01:38.447  3003  3595 I WindowManager:         InsetsFrameProvider: {id=#44110001, index=0, type=navigationBars, source=FRAME, flags=[], insetsSize=Insets{left=0, top=0, right=0, bottom=102}, insetsSizeOverrides=[TypedInsetsSize: {windowType=INPUT_METHOD, insetsSize=null}]}
03-13 13:01:38.447  3003  3595 I WindowManager:         InsetsFrameProvider: {id=#44110006, index=0, type=tappableElement, source=FRAME, flags=[]}
03-13 13:01:38.447  3003  3595 I WindowManager:         InsetsFrameProvider: {id=#44110005, index=0, type=mandatorySystemGestures, source=FRAME, flags=[]}
03-13 13:01:38.447  3003  3595 I WindowManager:         InsetsFrameProvider: {id=#44110004, index=0, type=systemGestures, source=DISPLAY, flags=[], insetsSize=Insets{left=0, top=0, right=0, bottom=0}, mMinimalInsetsSizeInDisplayCutoutSafe=Insets{left=0, top=0, right=0, bottom=0}}
03-13 13:01:38.447  3003  3595 I WindowManager:         InsetsFrameProvider: {id=#44110024, index=1, type=systemGestures, source=DISPLAY, flags=[], insetsSize=Insets{left=0, top=0, right=0, bottom=0}, mMinimalInsetsSizeInDisplayCutoutSafe=Insets{left=0, top=0, right=0, bottom=0}}
03-13 13:01:38.447  3003  3595 I WindowManager:       frameRateBoostOnTouch=true
03-13 13:01:38.447  3003  3595 I WindowManager:       dvrrWindowFrameRateHint=true naviIconColor=0}
03-13 13:01:38.447  3003  3595 I WindowManager:     ROTATION_270={(0,0)(102xfill) gr=LEFT CENTER_HORIZONTAL layoutInDisplayCutoutMode=always ty=NAVIGATION_BAR fmt=TRANSLUCENT
03-13 13:01:38.447  3003  3595 I WindowManager:       fl=20040028
03-13 13:01:38.447  3003  3595 I WindowManager:       pfl=31000000
03-13 13:01:38.447  3003  3595 I WindowManager:       bhv=1
03-13 13:01:38.447  3003  3595 I WindowManager:       providedInsets:
03-13 13:01:38.447  3003  3595 I WindowManager:         InsetsFrameProvider: {id=#44110001, index=0, type=navigationBars, source=FRAME, flags=[], insetsSizeOverrides=[TypedInsetsSize: {windowType=INPUT_METHOD, insetsSize=null}]}
03-13 13:01:38.447  3003  3595 I WindowManager:         InsetsFrameProvider: {id=#44110006, index=0, type=tappableElement, source=FRAME, flags=[]}
03-13 13:01:38.447  3003  3595 I WindowManager:         InsetsFrameProvider: {id=#44110005, index=0, type=mandatorySystemGestures, source=FRAME, flags=[]}
03-13 13:01:38.447  3003  3595 I WindowManager:         InsetsFrameProvider: {id=#44110004, index=0, type=systemGestures, source=DISPLAY, flags=[], insetsSize=Insets{left=0, top=0, right=0, bottom=0}, mMinimalInsetsSizeInDisplayCutoutSafe=Insets{left=0, top=0, right=0, bottom=0}}
03-13 13:01:38.447  3003  3595 I WindowManager:         InsetsFrameProvider: {id=#44110024, index=1, type=systemGestures, source=DISPLAY, flags=[], insetsSize=Insets{left=0, top=0, right=0, bottom=0}, mMinimalInsetsSizeInDisplayCutoutSafe=Insets{left=0, top=0, right=0, bottom=0}}
03-13 13:01:38.447  3003  3595 I WindowManager:       frameRateBoostOnTouch=true
03-13 13:01:38.447  3003  3595 I WindowManager:       dvrrWindowFrameRateHint=true naviIconColor=0} naviIconColor=0}
03-13 13:01:38.448  4205  4205 I InsetsController: onStateChanged: host=NavigationBar1, from=android.view.ViewRootImpl.onInsetsStateChanged:3026, state=InsetsState: {mDisplayFrame=Rect(0, 0 - 748, 720), mDisplayCutout=DisplayCutout{insets=Rect(0, 0 - 0, 66) waterfall=Insets{left=0, top=0, right=0, bottom=0} boundingRect={Bounds=[Rect(0, 0 - 0, 0), Rect(0, 0 - 0, 0), Rect(0, 0 - 0, 0), Rect(379, 654 - 748, 720)]} cutoutPathParserInfo={CutoutPathParserInfo{displayWidth=748 displayHeight=720 physicalDisplayWidth=748 physicalDisplayHeight=720 density={2.125} cutoutSpec={@bottom @right M 0,0 H -173.6470588235294 V -31.05882352941176 H 0 V 0 Z @dp} rotation={0} scale={1.0} physicalPixelDisplaySizeRatio={1.0}}} sideOverrides={}}, mRoundedCorners=RoundedCorners{[RoundedCorner{position=TopLeft, radius=49, center=Point(49, 49)}, RoundedCorner{position=TopRight, radius=49, center=Point(699, 49)}, RoundedCorner{position=BottomRight, radius=49, center=Point(699, 671)}, RoundedCorner{position=BottomLeft, radius=49, center=Point(49, 671)}]}  mRoundedCornerFrame=Rect(0, 0 - 0, 0), mPrivacyIndicatorBounds=PrivacyIndicatorBounds {static bounds=null rotation=0}, mDisplayShape=DisplayShape{ spec=1406003047 displayWidth=748 displayHeight=720 physicalPixelDisplaySizeRatio=1.0 rotation=0 offsetX=0 offsetY=0 scale=1.0}, mSources= { InsetsSource: {67 mType=displayCutout mFrame=[0,654][748,720] mVisible=true mFlags= mSideHint=BOTTOM mBoundingRects=null}, InsetsSource: {44110004 mType=systemGestures mFrame=[0,0][0,0] mVisible=true mFlags= mSideHint=NONE mBoundingRects=null}, InsetsSource: {44110005 mType=mandatorySystemGestures mFrame=[0,618][748,720] mVisible=true mFlags= mSideHint=BOTTOM mBoundingRects=null}, InsetsSource: {44110024 mType=systemGestures mFrame=[0,0][0,0] mVisible=true mFlags= mSideHint=NONE mBoundingRects=null} }
03-13 13:01:38.448  4205  4205 I BufferQueueProducer: [](id:106d00000a8d,api:0,p:1872605936,c:4205) setDequeueTimeout:2077252342
03-13 13:01:38.448  2105  2105 I SurfaceFlinger: [NavigationBar1$_4205#52159] attach to parent LayerHierarchy{RequestedLayerState{a18b216 NavigationBar1#52155 parentId=52154} 1 children}
03-13 13:01:38.448  4205  4205 I BLASTBufferQueue_Java: new BLASTBufferQueue, mName= VRI[NavigationBar1]@4c43a50 mNativeObject= 0xb400006fbfd3e520 caller= android.view.ViewRootImpl.updateBlastSurfaceIfNeeded:3585 android.view.ViewRootImpl.relayoutWindow:11685 android.view.ViewRootImpl.performTraversals:4804 android.view.ViewRootImpl.doTraversal:3924 android.view.ViewRootImpl$TraversalRunnable.run:12903 android.view.Choreographer$CallbackRecord.run:1901 android.view.Choreographer$CallbackRecord.run:1910 android.view.Choreographer.doCallbacks:1367 android.view.Choreographer.doFrame:1292 android.view.Choreographer$FrameDisplayEventReceiver.run:1870 
03-13 13:01:38.448  4205  4205 I BLASTBufferQueue_Java: update, w= 748 h= 102 mName = VRI[NavigationBar1]@4c43a50 mNativeObject= 0xb400006fbfd3e520 sc.mNativeObject= 0xb4000071ef93f010 format= -3 caller= android.view.ViewRootImpl.updateBlastSurfaceIfNeeded:3590 android.view.ViewRootImpl.relayoutWindow:11685 android.view.ViewRootImpl.performTraversals:4804 android.view.ViewRootImpl.doTraversal:3924 android.view.ViewRootImpl$TraversalRunnable.run:12903 android.view.Choreographer$CallbackRecord.run:1901 
03-13 13:01:38.448  3003  3069 D SurfaceComposerClient: [SEC_SF_EFFECTS] setBackgroundBlurRadius ## Dim Layer for - Task=605#52149 backgroundBlurRadius=0
03-13 13:01:38.449  4205  4205 I VRI[NavigationBar1]@4c43a50: Relayout returned: old=(0,618,748,720) new=(0,618,748,720) relayoutAsync=false req=(748,102)0 dur=4 res=0x3 s={true 0xb40000707fe41280} ch=true seqId=0
03-13 13:01:38.449  4205  4205 I VRI[NavigationBar1]@4c43a50: performConfigurationChange setNightDimText nightDimLevel=0
03-13 13:01:38.449  4205  4205 D NavBarStateManager: NavBarStates(1) supportLargeCoverScreenNavBar: true
03-13 13:01:38.449  4205  4205 D Navbar.Store: handleEvent(1) GetNavBarLargeCoverScreenPadding(rotation=0) [Module] SamsungNavigationBarView
03-13 13:01:38.449  4205  4205 D Navbar.Store: --[Band]COVER_SCREEN_PACK_GET_NAVBAR_PADDING
03-13 13:01:38.449  4205  4205 D CoverScreenPack: get cover screen padding, kit.displayId=1, resources={1.0 ?mcc0mnc [en_US] ldltr sw307dp w352dp h308dp 340dpi smll hdr widecg land night -touch -keyb/v/h -nav/h winConfig={ mBounds=Rect(0, 0 - 748, 720) mAppBounds=Rect(0, 0 - 748, 654) mMaxBounds=Rect(0, 0 - 748, 720) mDisplayRotation=ROTATION_0 mWindowingMode=fullscreen mActivityType=undefined mAlwaysOnTop=undefined mRotation=ROTATION_0 mStageConfig=undefined mPopOver=undefined mOverlappingWithCutout=false mFlexPanelMode=off} s.6733 fontWeightAdjustment=0 ff=0 bf=-1 bts=0 cst=1.0 nightDim=0 themeSeq=0}
03-13 13:01:38.449  4205  4205 D Navbar.Store: handleEvent(1) value= Rect(0, 0 - 399, 0)
03-13 13:01:38.450  4205  4205 D VRI[NavigationBar1]@4c43a50: mThreadedRenderer.initialize() mSurface={isValid=true 0xb40000707fe41280} hwInitialized=true
03-13 13:01:38.450  4205  4205 D VRI[NavigationBar1]@4c43a50: reportNextDraw android.view.ViewRootImpl.performTraversals:5443 android.view.ViewRootImpl.doTraversal:3924 android.view.ViewRootImpl$TraversalRunnable.run:12903 android.view.Choreographer$CallbackRecord.run:1901 android.view.Choreographer$CallbackRecord.run:1910 
03-13 13:01:38.450  4205  4205 D VRI[NavigationBar1]@4c43a50: Setup new sync=wmsSync-VRI[NavigationBar1]@4c43a50#56
03-13 13:01:38.450  4205  4205 I VRI[NavigationBar1]@4c43a50: Creating new active sync group VRI[NavigationBar1]@4c43a50#57
03-13 13:01:38.450  3003  3068 D SurfaceComposerClient: [SEC_SF_EFFECTS] setBackgroundBlurRadius ## Dim Layer for - Task=605#52149 backgroundBlurRadius=0
03-13 13:01:38.450  4205  4205 D VRI[NavigationBar1]@4c43a50: registerCallbacksForSync syncBuffer=false
03-13 13:01:38.450  4205  4393 D VRI[NavigationBar1]@4c43a50: Received frameDrawingCallback syncResult=0 frameNum=1.
03-13 13:01:38.450  4205  4393 I VRI[NavigationBar1]@4c43a50: mWNT: t=0xb4000071ffba3c90 mBlastBufferQueue=0xb400006fbfd3e520 fn= 1 HdrRenderState mRenderHdrSdrRatio=1.0 caller= android.view.ViewRootImpl$12.onFrameDraw:15441 android.view.ThreadedRenderer$1.onFrameDraw:718 <bottom of call stack> 
03-13 13:01:38.450  4205  4393 I VRI[NavigationBar1]@4c43a50: Setting up sync and frameCommitCallback
03-13 13:01:38.451  4205  4394 W qdgralloc: getInterlacedFlag: getMetaData returned 3, defaulting to interlaced_flag = 0
03-13 13:01:38.451  4205  4394 I BLASTBufferQueue: [VRI[NavigationBar1]@4c43a50#2701](f:0,a:0,s:0) onFrameAvailable the first frame is available
03-13 13:01:38.451  4205  4394 I SurfaceComposerClient: apply transaction with the first frame. layerId: 52159, bufferData(ID: 18060337505129, frameNumber: 1)
03-13 13:01:38.451  4205  4394 I VRI[NavigationBar1]@4c43a50: Received frameCommittedCallback lastAttemptedDrawFrameNum=1 didProduceBuffer=true
03-13 13:01:38.451  2105  2321 I SurfaceFlinger: [NavigationBar1$_4205#52159] setTransactionState with the first frame. bufferData(ID: 18060337505129, frameNumber: 1)
03-13 13:01:38.452  4205  4394 D HWUI    : CFMS:: SetUp Pid : 4205    Tid : 4394
03-13 13:01:38.452  4205  4205 D VRI[NavigationBar1]@4c43a50: reportDrawFinished seqId=0
03-13 13:01:38.452  4205  4205 D NavBarStateManager: NavBarStates(0) canUseNavBarBackgroundFrame: false
03-13 13:01:38.452  3003  3595 D WindowManager: finishDrawingWindow: Window{a18b216 u0 NavigationBar1} mDrawState=DRAW_PENDING seqId=0
03-13 13:01:38.453  4205  4205 D SubscreenPagedTileLayout: onMeasure, heightMeasureSpec: 1073742262 mDistributeTiles: true mLastMaxHeight: 438 mPageHeight: 438 mLastMaxWidth: 624 MeasureSpec.getSize: 624
03-13 13:01:38.453  4205  4205 D SubscreenTileLayout: updateMaxRowsAndColumns width: 624 availableWidth: 624 mColumns: 4 heightMeasureSpec: 438
03-13 13:01:38.453  4205  4205 D SubscreenTileLayout: updateMaxRows before availableHeight: 438 mRows: 4
03-13 13:01:38.453  4205  4205 D SubscreenTileLayout: updateMaxRows After availableHeight: 438 mRows: 3
03-13 13:01:38.453  4205  4205 D SubscreenPagedTileLayout: Distributing tiles
03-13 13:01:38.453  3003  3068 D BLASTSyncEngine: SyncGroup 6037:  Unfinished container: WindowToken{8004a5b type=2024 android.os.BinderProxy@d7bba75} mSyncState=2
03-13 13:01:38.460  4205  4205 D SubscreenPagedTileLayout: Adding WifiTile to 0
03-13 13:01:38.460  4205  4205 D SubscreenPagedTileLayout: Adding SoundModeTile to 0
03-13 13:01:38.460  4205  4205 D SubscreenPagedTileLayout: Adding SBluetoothTile to 0
03-13 13:01:38.460  4205  4205 D SubscreenPagedTileLayout: Adding AirplaneModeTile to 0
03-13 13:01:38.461  4205  4205 D SubscreenPagedTileLayout: Adding FlashlightTile to 0
03-13 13:01:38.461  4205  4205 D SubscreenPagedTileLayout: Adding MobileDataTile to 0
03-13 13:01:38.461  4205  4205 D SubscreenPagedTileLayout: Adding CustomTile to 0
03-13 13:01:38.461  4205  4205 D SubscreenPagedTileLayout: Adding CustomTile to 0
03-13 13:01:38.461  4205  4205 D SubscreenPagedTileLayout: Adding DndTile to 0
03-13 13:01:38.461  4205  4205 D SubscreenTileLayout: onMeasure width: 624 availableWidth: 624 mRows: 3 numTiles: 9 mColumns: 4
03-13 13:01:38.461  4205  4205 D SubscreenTileLayout: onMeasure, pageHeight: 438 mMaxCellHeight: 100 pageWidth: 624 mCellMarginHorizontal :60 mCellHeight: 111,mCellWidth: 111,mTileVerticalMargin: 34
03-13 13:01:38.461  4205  4205 E SecQSPanelResourcePickHelper: need to prepare suitable picker for COVER
03-13 13:01:38.461  4205  4205 E SecQSPanelResourcePickHelper: need to prepare suitable picker for COVER
03-13 13:01:38.461  4205  4205 E SecQSPanelResourcePickHelper: need to prepare suitable picker for COVER
03-13 13:01:38.461  4205  4205 E SecQSPanelResourcePickHelper: need to prepare suitable picker for COVER
03-13 13:01:38.461  4205  4205 E SecQSPanelResourcePickHelper: need to prepare suitable picker for COVER
03-13 13:01:38.461  4205  4205 E SecQSPanelResourcePickHelper: need to prepare suitable picker for COVER
03-13 13:01:38.461  4205  4205 E SecQSPanelResourcePickHelper: need to prepare suitable picker for COVER
03-13 13:01:38.461  4205  4362 D Tile.CustomTile: handleSetListening  true  initialized=true  isTileReady=true  getTileSpec() = custom(com.samsung.android.app.smartcapture/com.samsung.android.app.screenrecorder.view.RecordScreenTile)
03-13 13:01:38.462  4205  4205 E SecQSPanelResourcePickHelper: need to prepare suitable picker for COVER
03-13 13:01:38.462  4205  4205 E SecQSPanelResourcePickHelper: need to prepare suitable picker for COVER
03-13 13:01:38.462  4205  4205 D SubscreenPagedTileLayout: onMeasure, heightMeasureSpec: 1073742262 mDistributeTiles: false mLastMaxHeight: 438 mPageHeight: 438 mLastMaxWidth: 624 MeasureSpec.getSize: 624
03-13 13:01:38.462  4205  4205 D SubscreenTileLayout: onMeasure width: 624 availableWidth: 624 mRows: 3 numTiles: 9 mColumns: 4
03-13 13:01:38.462  4205  4205 D SubscreenTileLayout: onMeasure, pageHeight: 438 mMaxCellHeight: 100 pageWidth: 624 mCellMarginHorizontal :60 mCellHeight: 111,mCellWidth: 111,mTileVerticalMargin: 34
03-13 13:01:38.462  4205  4205 E SecQSPanelResourcePickHelper: need to prepare suitable picker for COVER
03-13 13:01:38.462  4205  4205 E SecQSPanelResourcePickHelper: need to prepare suitable picker for COVER
03-13 13:01:38.462  4205  4205 E SecQSPanelResourcePickHelper: need to prepare suitable picker for COVER
03-13 13:01:38.462  4205  4205 E SecQSPanelResourcePickHelper: need to prepare suitable picker for COVER
03-13 13:01:38.462  4205  4205 E SecQSPanelResourcePickHelper: need to prepare suitable picker for COVER
03-13 13:01:38.462  4205  4205 E SecQSPanelResourcePickHelper: need to prepare suitable picker for COVER
03-13 13:01:38.462  4205  4205 E SecQSPanelResourcePickHelper: need to prepare suitable picker for COVER
03-13 13:01:38.462  4205  4205 E SecQSPanelResourcePickHelper: need to prepare suitable picker for COVER
03-13 13:01:38.462  4205  4205 E SecQSPanelResourcePickHelper: need to prepare suitable picker for COVER
03-13 13:01:38.463  4205  4205 E SecQSPanelResourcePickHelper: need to prepare suitable picker for COVER
03-13 13:01:38.463  4205  4205 E SecQSPanelResourcePickHelper: need to prepare suitable picker for COVER
03-13 13:01:38.463  4205  4362 D Tile.CustomTile: handleSetListening  true  initialized=true  isTileReady=true  getTileSpec() = custom(com.samsung.android.app.routines/.LifestyleModeTile)
03-13 13:01:38.463  4205  4205 E SecQSPanelResourcePickHelper: need to prepare suitable picker for COVER
03-13 13:01:38.463  4205  4205 E SecQSPanelResourcePickHelper: need to prepare suitable picker for COVER
03-13 13:01:38.463  4205  4205 E SecQSPanelResourcePickHelper: need to prepare suitable picker for COVER
03-13 13:01:38.463  4205  4205 E SecQSPanelResourcePickHelper: need to prepare suitable picker for COVER
03-13 13:01:38.463  4205  4205 W RefactorFlag: New code path expects SceneContainerFlag to be enabled.
03-13 13:01:38.464  4205  4205 D SystemUIService: SYSUI_RAM_OPTIMIZATION onTrimMemory=20
03-13 13:01:38.464  4205  4205 D CentralSurfaces: SYSUI_RAM_OPTIMIZATION onTrimMemory=20
03-13 13:01:38.464  4205  4394 D HWUI    : CacheManager::trimMemory(20)
03-13 13:01:38.464  4205  4205 D Navbar.Store: handleEvent(1) OnBarLayoutParamsProviderChanged(layoutParamsProvider=com.android.systemui.navigationbar.layout.NavBarCoverLayoutParams@3a56a73) [Module] NavBarStoreImpl
03-13 13:01:38.464  4205  4205 D Navbar.Store: --[Band]STABLE_LAYOUT_PACK_BAR_LAYOUT_PARAMS_CHANGED
03-13 13:01:38.464  4205  4205 D Navbar.Store: --[Band] (afterAction) STABLE_LAYOUT_PACK_BAR_LAYOUT_PARAMS_CHANGED
03-13 13:01:38.464  4205  4205 D Navbar.Store: ----apply(1) NavBarStoreAction$UpdateNavBarLayoutParams
03-13 13:01:38.464  4205  4205 D NavBarStateManager: NavBarStates(1) supportLargeCoverScreenNavBar: true
03-13 13:01:38.464  4205  4205 D NavBarStateManager: NavBarStates(1) supportLargeCoverScreenNavBar: true
03-13 13:01:38.465  4205  4205 D NavBarStateManager: NavBarStates(1) canShowKeyboardButtonForRotation(0): true
03-13 13:01:38.465  4205  4362 E SecQSPanelResourcePickHelper: need to prepare suitable picker for COVER
03-13 13:01:38.465  2105  2105 E SurfaceFlinger: alpha changed 0.029 -> 0.000 - Dim Layer for - Task=605#52149
03-13 13:01:38.465  4205  4362 E SecQSPanelResourcePickHelper: need to prepare suitable picker for COVER
03-13 13:01:38.466  4205  4205 D NavBarStateManager: NavBarStates(1) supportLargeCoverScreenNavBar: true
03-13 13:01:38.466  4205  4205 D NavBarStateManager: NavBarStates(1) supportLargeCoverScreenNavBar: true
03-13 13:01:38.466  4205  4205 D NavBarStateManager: NavBarStates(1) supportLargeCoverScreenNavBar: true
03-13 13:01:38.466  4205  4205 D NavBarStateManager: NavBarStates(1) canShowKeyboardButtonForRotation(0): true
03-13 13:01:38.468  4205  4205 D NavBarStateManager: NavBarStates(1) supportLargeCoverScreenNavBar: true
03-13 13:01:38.468  4205  4205 D NavBarStateManager: NavBarStates(1) supportLargeCoverScreenNavBar: true
03-13 13:01:38.468  4205  4205 D NavBarStateManager: NavBarStates(1) supportLargeCoverScreenNavBar: true
03-13 13:01:38.468  4205  4205 D NavBarStateManager: NavBarStates(1) canShowKeyboardButtonForRotation(1): true
03-13 13:01:38.469  4205  4205 D NavBarStateManager: NavBarStates(1) supportLargeCoverScreenNavBar: true
03-13 13:01:38.469  4205  4205 D NavBarStateManager: NavBarStates(1) supportLargeCoverScreenNavBar: true
03-13 13:01:38.469  4205  4205 D NavBarStateManager: NavBarStates(1) supportLargeCoverScreenNavBar: true
03-13 13:01:38.469  4205  4205 D NavBarStateManager: NavBarStates(1) canShowKeyboardButtonForRotation(2): true
03-13 13:01:38.470  4205  4205 D NavBarStateManager: NavBarStates(1) supportLargeCoverScreenNavBar: true
03-13 13:01:38.471  4205  4205 D NavBarStateManager: NavBarStates(1) supportLargeCoverScreenNavBar: true
