03-13 13:03:35.035  2007  2007 I sensors-hal: send_sync_sensor_request:518, send_sync_sensor_request before send_request for pocket_mode with SUID low=11039279336981156932 high=1340270623893619472
03-13 13:03:35.035  3003  3130 D BrightnessThermalClamper: Thermal status observer already started
03-13 13:03:35.035  2007  2007 I sensors-hal: send_sync_sensor_request:537, wait for notification of response
03-13 13:03:35.035  3003  3130 D BrightnessThermalClamper: Thermal status observer already started
03-13 13:03:35.035  2092  2092 E SSC_DAEMON: sns_device_mode_event_send:72, Device mode=1, state=0, ret=0
03-13 13:03:35.035  3003  3067 D RestrictionPolicy: isScreenCaptureEnabled : ret=true userId=0
03-13 13:03:35.035  3003  3067 D RestrictionPolicy: isScreenCaptureEnabled : ret=true userId=0
03-13 13:03:35.035  3003  3130 D DisplayPowerController[0]: animateScreenStateChange: target=OFF, mIsEnabled=true
03-13 13:03:35.035  3003  3130 I DisplayPowerController[0]: Blocking screen off
03-13 13:03:35.035  3003  3130 D DisplayPowerController[0]: mWindowManagerPolicy.screenTurningOff()
03-13 13:03:35.036  4205  7420 I KeyguardService: onScreenTurningOff
03-13 13:03:35.036  2007  3645 I sensors-hal: qsh_conn_resp_cb:930, resp_value = 0 for pocket_mode 
03-13 13:03:35.036  4205  4205 D NavBarStateManager: NavBarStates(1) supportLargeCoverScreenNavBar: true
03-13 13:03:35.037  2007  3645 I sensors-hal: qsh_conn_event_cb:890, event[0] sensor:Device Common Info  Wakeup, msg_id=1025, ts=4773520179708
03-13 13:03:35.037  2007  3645 I sensors-hal: handle_sns_client_event:65, device_common_info_event: t:3, f:0, s:0, h:1
03-13 13:03:35.037  2071  2129 I sysinput:aidl: onReportInformation:93, 1, cmd@set_fold_state,1:0
03-13 13:03:35.037  2007  2007 I sensors-hal: send_sync_sensor_request:543, takes 1 ms to receive the response with 0
03-13 13:03:35.037  2007  2007 I sensors-hal: activate:330, com.samsung.sensor.pocket_mode/1692 en=1 completed
03-13 13:03:35.037  2071  2129 I sysinput:Touch1: operator():237, OK
03-13 13:03:35.037  3003  3067 D WindowManager: Changing focus from Window{5dde3b0 u0 com.sec.android.app.launcher/com.sec.android.app.launcher.AddItemActivity} to null displayId=0 Callers=com.android.server.wm.RootWindowContainer.onChildPositionChanged:8 com.android.server.wm.WindowContainer.positionChildAt:69 com.android.server.wm.RootWindowContainer.positionChildAt:8 com.android.server.wm.WindowManagerServiceExt.moveDisplayToTop:37 
03-13 13:03:35.037  3003  3067 I WindowManager: Cancelling animation restarting=true, leash=Surface(name=Surface(name=d1283e1 StatusBar)/@0x416b465 - animation-leash of insets_animation)/@0x573f086
03-13 13:03:35.037  3003  3067 I WindowManager: Reparenting to original parent: Surface(name=WindowToken{f6e3948 type=2000 android.os.BinderProxy@2570f3a})/@0x3bfc53a, destroy=false, surface=Surface(name=d1283e1 StatusBar)/@0x416b465
03-13 13:03:35.037  3003  3067 I WindowManager: Reparenting to leash, surface=Surface(name=d1283e1 StatusBar)/@0x416b465, leashParent=Surface(name=WindowToken{f6e3948 type=2000 android.os.BinderProxy@2570f3a})/@0x3bfc53a
03-13 13:03:35.037  2105  2836 I SurfaceFlinger: id=52471 createSurf, flag=24000, Surface(name=d1283e1 StatusBar)/@0x416b465 - animation-leash of insets_animation#52471
03-13 13:03:35.037  3003  4082 D HdrSolution_HdrDisplayNitMapper: updataTargetNit--------------mLightSensorData: -1.0, scaleRatio: 200.0, target: 1.0->200
03-13 13:03:35.038  3003  3994 D SysinputHAL_AIDL: setProperty(TSP(1)): CMD, set_fold_state,1 ret=0
03-13 13:03:35.038  4832  4832 I HoneySpace.NotificationListener: onNotificationRemoved sbn : StatusBarNotification(pkg=android user=UserHandle{-1} id=32 tag=null key=-1|android|32|null|1000: Notification(channel=UsbDevNoti shortcut=null contentView=null vibrate=null sound=null tick defaults=0 flags=ONGOING_EVENT|CAN_COLORIZE color=0x00000000 vis=PUBLIC semFlags=0x0 semPriority=0 semMissedCount=0)), reason : 8
03-13 13:03:35.038  4360   832 I CCodec  : setting up 'default' as default (vendor) store
03-13 13:03:35.039  2053  2951 I QC2CompStore: addIdToList add Id[203] to list
03-13 13:03:35.039 19717 19717 I HBD     : h writeToFile complete 
03-13 13:03:35.039  4832  7615 I HoneySpace.NotificationListener: onNotificationRemoved android: -1|android|32|null|1000: 0
03-13 13:03:35.038  3003  3915 D SensorManager: registerListener :: 1692, Pocket mode  Wakeup, 200000, 0, com.samsung.android.gesture.PocketProximityManager$2@728726e
03-13 13:03:35.039  3003  3003 D NotificationReminder: removeFromNotificationList record android
03-13 13:03:35.039  3003  3915 E PocketProximityManager: register pocket sensor
03-13 13:03:35.039  3003  3915 D PocketModeEvent: MSG_TYPE_REGISTER_POCKET_POSITION_SENSOR
03-13 13:03:35.039 19717 19717 I HBD     : a [UpdatePolicy] [post] a: 17 cl: 65537 kit: [0/0] vt: 0 ir: 1 
03-13 13:03:35.039 19717 19717 I HBD     : b isFlipCoverDisplayMode - true 
03-13 13:03:35.039  2053  2951 I vendor.qti.media.c2@1.0-service: missing struct descriptor #Param::CoreIndex(--002) for field mastering of struct #Param::CoreIndex(--180a)
03-13 13:03:35.040  2053  2951 I vendor.qti.media.c2@1.0-service: missing struct descriptor #Param::CoreIndex(-V8002) for field portConfigs of struct #Param::CoreIndex(FV19100)
03-13 13:03:35.040  2053  2951 I vendor.qti.media.c2@1.0-service: missing struct descriptor #Param::CoreIndex(-V8002) for field portConfigs of struct #Param::CoreIndex(FV1a100)
03-13 13:03:35.040  3003  4920 D KNOX_MDM_SettingsProvider: isChangeAllowed() : name = enabled_input_methods
03-13 13:03:35.040  3003  4920 D KNOX_MDM_SettingsProvider: edmUri: content://com.sec.knox.provider/RestrictionPolicy3
03-13 13:03:35.040  3003  4920 D KNOX_MDM_SettingsProvider: projectionArgs: isSettingsChangesAllowed
03-13 13:03:35.040  3003  4920 D KNOX_MDM_SettingsProvider: selectionArgs: false
03-13 13:03:35.040  3003  4920 D KNOX_MDM_SettingsProvider: selectionArgs: 10202
03-13 13:03:35.040  2053  2951 I vendor.qti.media.c2@1.0-service: missing struct descriptor #Param::CoreIndex(-V8002) for field portConfigs of struct #Param::CoreIndex(FV19100)
03-13 13:03:35.040  2053  2951 I vendor.qti.media.c2@1.0-service: missing struct descriptor #Param::CoreIndex(-V8002) for field portConfigs of struct #Param::CoreIndex(FV1a100)
03-13 13:03:35.040  3003  4920 D SecContentProvider: query(), uri = 17 selection = isSettingsChangesAllowed
03-13 13:03:35.040  3003  4920 D SecContentProvider: called from android.uid.honeyboard:10202
03-13 13:03:35.040  3003  4920 D RestrictionPolicy: isSettingsChangesAllowedAsUser, userId 0 : true
03-13 13:03:35.040 19717   836 I HBD     : h Write selected lang for DE  
03-13 13:03:35.040  3003  4920 D KNOX_MDM_SettingsProvider: ret = 1
03-13 13:03:35.040  2053  2951 I QC2Comp : [cmphvcD_203] KPI_L1: init: ms=0
03-13 13:03:35.040  2053  2951 I QC2Comp : [c2.qti.hevc.decoder] KPI_L1: Create: ms=1
03-13 13:03:35.040  2053  2951 I QC2CompStore: Created component(c2.qti.hevc.decoder) id(203) sStore[0xb400006dc7a29970]
03-13 13:03:35.040  4205  4205 D LayoutProviderContainerImpl: getCoverDisplayContext, cover display=Display id 1: DisplayInfo{"Built-in Screen", displayId 1, displayGroupId 0, FLAG_SECURE, FLAG_SUPPORTS_PROTECTED_BUFFERS, FLAG_PRESENTATION, FLAG_CAN_SHOW_WITH_INSECURE_KEYGUARD, FLAG_SHOULD_SHOW_SYSTEM_DECORATIONS, FLAG_TRUSTED, FLAG_ALLOWS_CONTENT_MODE_SWITCH, real 748 x 720, largest app 748 x 748, smallest app 654 x 654, appVsyncOff 16666666, presDeadline 17666666, mode 8, renderFrameRate 60.000004, hasArrSupport false, frameRateCategoryRate FrameRateCategoryRate {normal=60.0, high=90.0}, supportedRefreshRates [60.000004], defaultMode 8, REFRESH_RATE_MODE_SEAMLESS, userPreferredModeId -1, supportedModes [{id=8, width=748, height=720, fps=60.000004, vsync=60.000004, synthetic=false, alternativeRefreshRates=[], supportedHdrTypes=[2, 3, 4]}], appsSupportedModes [{id=8, width=748, height=720, fps=60.000004, vsync=60.000004, synthetic=false, alternativeRefreshRates=[], supportedHdrTypes=[2, 3, 4]}], hdrCapabilities HdrCapabilities{mSupportedHdrTypes=[2, 3, 4], mMaxLuminance=450.0, mMaxAverageLuminance=225.00024, mMinLuminance=5.0E-4}, isForceSdr false, userDisabledHdrTypes [], minimalPostProcessingSupported false, rotation 0, state OFF, committedState OFF}, DisplayMetrics{density=2.125, width=748, height=654, scaledDensity=2.125, xdpi=306.438, ydpi=309.966}, isValid=true
03-13 13:03:35.040  2053  2951 I vendor.qti.media.c2@1.0-service: missing struct descriptor #Param::CoreIndex(--002) for field mastering of struct #Param::CoreIndex(--180a)
03-13 13:03:35.040  2053  2951 I vendor.qti.media.c2@1.0-service: missing struct descriptor #Param::CoreIndex(--002) for field mastering of struct #Param::CoreIndex(--180a)
03-13 13:03:35.040  2053  2951 I vendor.qti.media.c2@1.0-service: VendorExternalAIFRCRequestSetter set to 0 0
03-13 13:03:35.040 19717   836 I HBD     : h writeToFile path : /data/user_de/0/com.samsung.android.honeyboard/files/fold_selected.json 
03-13 13:03:35.040  2053  2951 I vendor.qti.media.c2@1.0-service: StrictValueWithNoDeps is called old.v.value is 2141391876 me.v.value is 2141391876
03-13 13:03:35.040 19717   836 I HBD     : h writeToFile json : {"version":"4.2","currentLanguageOrder":0,"front_selected":[{"activeOptionList":["auto_replace","auto_spacing","writing_assistant","prediction"],"bilingualId":-1,"engName":"English","id":65537,"inputType":"qwerty","isUsed":true}]} 
03-13 13:03:35.040  2053  2951 I vendor.qti.media.c2@1.0-service: StrictValueWithNoDeps is called old.v.value is 30 me.v.value is 30
03-13 13:03:35.040  2053  2951 I vendor.qti.media.c2@1.0-service: missing struct descriptor #Param::CoreIndex(--002) for field mastering of struct #Param::CoreIndex(--180a)
03-13 13:03:35.040  2053  2951 I vendor.qti.media.c2@1.0-service: missing struct descriptor #Param::CoreIndex(--002) for field mastering of struct #Param::CoreIndex(--180a)
03-13 13:03:35.040  2053  2951 I vendor.qti.media.c2@1.0-service: C2StreamVendorRenderEngineHDRToneMapRequestInfoset to 0
03-13 13:03:35.040  2053  2951 W QC2Interface: [hvcD_203] Failed to query parameters
03-13 13:03:35.040  2053  2951 I vendor.qti.media.c2@1.0-service: StrictValueWithNoDeps is called old.v.value is 2141391876 me.v.value is 0
03-13 13:03:35.040  2053  2951 I vendor.qti.media.c2@1.0-service: StrictValueWithNoDeps is called old.v.value is 30 me.v.value is 1
03-13 13:03:35.040  2053  2951 I vendor.qti.media.c2@1.0-service: [FRC-IsFilteringEnabled] entry
03-13 13:03:35.040  4205  4205 D Navbar.Store: --updateLayoutProvider() layoutProviderContainer = com.android.systemui.navigationbar.layout.LayoutProviderContainerImpl@1dbf89d
03-13 13:03:35.040  2053  2951 I vendor.qti.media.c2@1.0-service: [FRC-IsFilteringEnabled] frcReqInfo.value is 0
03-13 13:03:35.040  4205  4205 D NavBarStateManager: NavBarStates(1) supportLargeCoverScreenNavBar: true
03-13 13:03:35.040  7048  7048 D NLService: Successfully marked the removed notification identified by 32
03-13 13:03:35.041  3003  3065 D SensorService: setSContextDataLocked ints length 2 , byte length 4
03-13 13:03:35.041  4205  4205 D LayoutProviderContainerImpl: getCoverDisplayContext, cover display=Display id 1: DisplayInfo{"Built-in Screen", displayId 1, displayGroupId 0, FLAG_SECURE, FLAG_SUPPORTS_PROTECTED_BUFFERS, FLAG_PRESENTATION, FLAG_CAN_SHOW_WITH_INSECURE_KEYGUARD, FLAG_SHOULD_SHOW_SYSTEM_DECORATIONS, FLAG_TRUSTED, FLAG_ALLOWS_CONTENT_MODE_SWITCH, real 748 x 720, largest app 748 x 748, smallest app 654 x 654, appVsyncOff 16666666, presDeadline 17666666, mode 8, renderFrameRate 60.000004, hasArrSupport false, frameRateCategoryRate FrameRateCategoryRate {normal=60.0, high=90.0}, supportedRefreshRates [60.000004], defaultMode 8, REFRESH_RATE_MODE_SEAMLESS, userPreferredModeId -1, supportedModes [{id=8, width=748, height=720, fps=60.000004, vsync=60.000004, synthetic=false, alternativeRefreshRates=[], supportedHdrTypes=[2, 3, 4]}], appsSupportedModes [{id=8, width=748, height=720, fps=60.000004, vsync=60.000004, synthetic=false, alternativeRefreshRates=[], supportedHdrTypes=[2, 3, 4]}], hdrCapabilities HdrCapabilities{mSupportedHdrTypes=[2, 3, 4], mMaxLuminance=450.0, mMaxAverageLuminance=225.00024, mMinLuminance=5.0E-4}, isForceSdr false, userDisabledHdrTypes [], minimalPostProcessingSupported false, rotation 0, state OFF, committedState OFF}, DisplayMetrics{density=2.125, width=748, height=654, scaledDensity=2.125, xdpi=306.438, ydpi=309.966}, isValid=true
03-13 13:03:35.041  3003  3065 D SensorService: setSContextDataLocked 30047c1
03-13 13:03:35.041  3003  3067 D WindowManager: makeSurface duration=3 leash=Surface(name=Surface(name=d1283e1 StatusBar)/@0x416b465 - animation-leash of insets_animation)/@0x3e7da9
03-13 13:03:35.041  4205  4205 D Navbar.Store: --updateLayoutProvider() layoutProviderContainer = com.android.systemui.navigationbar.layout.LayoutProviderContainerImpl@1dbf89d
03-13 13:03:35.041  4205  4205 D NavBarStateManager: NavBarStates(1) supportLargeCoverScreenNavBar: true
03-13 13:03:35.041  3003  3067 D InsetsSourceProvider: updateControlForTarget: control=InsetsSourceControl: {6a140000 mType=statusBars initiallyVisible mSurfacePosition=Point(0, 0) mInsetsHint=Insets{left=0, top=94, right=0, bottom=0}}, target=Window{58d83b3 u0 com.particlenews.newsbreak/com.particlemedia.feature.home.HomeActivity}, from=com.android.server.wm.InsetsStateController.onControlTargetChanged:83 com.android.server.wm.InsetsPolicy.updateBarControlTarget:212 com.android.server.wm.DisplayPolicy.updateSystemBarAttributes:262 com.android.server.wm.WindowManagerService.updateFocusedWindowLocked:372 com.android.server.wm.RootWindowContainer.onChildPositionChanged:8 
03-13 13:03:35.041  3003  3067 I WindowManager: Cancelling animation restarting=true, leash=Surface(name=Surface(name=1728246 NavigationBar0)/@0x454fb06 - animation-leash of insets_animation)/@0xeaa8799
03-13 13:03:35.041  3003  3067 I WindowManager: Reparenting to original parent: Surface(name=WindowToken{99cc488 type=2019 android.os.BinderProxy@3282ae9})/@0x94ee5c7, destroy=false, surface=Surface(name=1728246 NavigationBar0)/@0x454fb06
03-13 13:03:35.041  3003  3067 I WindowManager: Reparenting to leash, surface=Surface(name=1728246 NavigationBar0)/@0x454fb06, leashParent=Surface(name=WindowToken{99cc488 type=2019 android.os.BinderProxy@3282ae9})/@0x94ee5c7
03-13 13:03:35.041  2105  2922 I SurfaceFlinger: id=52472 createSurf, flag=24000, Surface(name=1728246 NavigationBar0)/@0x454fb06 - animation-leash of insets_animation#52472
03-13 13:03:35.041  2007  2007 I sensors-hal: inject_sensor_data:407, handle 1502 send inject
03-13 13:03:35.041  4205 24741 D S.S.N.  : needToShowWritingAssistFTU(): isFirstEntering = 0, writingAssistSetting = true
03-13 13:03:35.041  2007  2007 I sensors-hal: sendContextData:290, sensor hal 4, (0xc1, 0x47, 0x0, 0x3)
03-13 13:03:35.041  2007  2007 I sensors-hal: sendContextData:230, activities 4 c1, 1
03-13 13:03:35.041  2007  2007 I sensors-hal: sendUserData:251, Activities cmd 0xc1 0x47
03-13 13:03:35.041  4360   832 I CCodec  : Created component [c2.qti.hevc.decoder] for [c2.qti.hevc.decoder]
03-13 13:03:35.041  2007  2007 I sensors-hal: create_send_context_data:80, sending create_send_context_data
03-13 13:03:35.041  4360   832 I CCodec  : [c2.qti.hevc.decoder] state->set(ALLOCATED)
03-13 13:03:35.041  3003  3067 D WindowManager: makeSurface duration=1 leash=Surface(name=Surface(name=1728246 NavigationBar0)/@0x454fb06 - animation-leash of insets_animation)/@0xc074acf
03-13 13:03:35.041  2007  2007 I sensors-hal: send_context_data:694, activities, 4914309220830019584, 1320970896291267344, msgid:700
03-13 13:03:35.041  4205  4205 D LayoutProviderContainerImpl: getCoverDisplayContext, cover display=Display id 1: DisplayInfo{"Built-in Screen", displayId 1, displayGroupId 0, FLAG_SECURE, FLAG_SUPPORTS_PROTECTED_BUFFERS, FLAG_PRESENTATION, FLAG_CAN_SHOW_WITH_INSECURE_KEYGUARD, FLAG_SHOULD_SHOW_SYSTEM_DECORATIONS, FLAG_TRUSTED, FLAG_ALLOWS_CONTENT_MODE_SWITCH, real 748 x 720, largest app 748 x 748, smallest app 654 x 654, appVsyncOff 16666666, presDeadline 17666666, mode 8, renderFrameRate 60.000004, hasArrSupport false, frameRateCategoryRate FrameRateCategoryRate {normal=60.0, high=90.0}, supportedRefreshRates [60.000004], defaultMode 8, REFRESH_RATE_MODE_SEAMLESS, userPreferredModeId -1, supportedModes [{id=8, width=748, height=720, fps=60.000004, vsync=60.000004, synthetic=false, alternativeRefreshRates=[], supportedHdrTypes=[2, 3, 4]}], appsSupportedModes [{id=8, width=748, height=720, fps=60.000004, vsync=60.000004, synthetic=false, alternativeRefreshRates=[], supportedHdrTypes=[2, 3, 4]}], hdrCapabilities HdrCapabilities{mSupportedHdrTypes=[2, 3, 4], mMaxLuminance=450.0, mMaxAverageLuminance=225.00024, mMinLuminance=5.0E-4}, isForceSdr false, userDisabledHdrTypes [], minimalPostProcessingSupported false, rotation 0, state OFF, committedState OFF}, DisplayMetrics{density=2.125, width=748, height=654, scaledDensity=2.125, xdpi=306.438, ydpi=309.966}, isValid=true
03-13 13:03:35.041  2007  2007 I sensors-hal: sendContextData:114, common_info 4
03-13 13:03:35.041  3003  3067 D InsetsSourceProvider: updateControlForTarget: control=InsetsSourceControl: {c530001 mType=navigationBars initiallyVisible mSurfacePosition=Point(0, 2496) mInsetsHint=Insets{left=0, top=0, right=0, bottom=144}}, target=Window{58d83b3 u0 com.particlenews.newsbreak/com.particlemedia.feature.home.HomeActivity}, from=com.android.server.wm.InsetsStateController.onControlTargetChanged:83 com.android.server.wm.InsetsPolicy.updateBarControlTarget:225 com.android.server.wm.DisplayPolicy.updateSystemBarAttributes:262 com.android.server.wm.WindowManagerService.updateFocusedWindowLocked:372 com.android.server.wm.RootWindowContainer.onChildPositionChanged:8 
03-13 13:03:35.041  2007  2007 I sensors-hal: sendUserData:137, CommonInfo 0xc1 0x47 0x0 0x3
03-13 13:03:35.041  2007  2007 I sensors-hal: create_send_context_data:70, sending create_send_context_data
03-13 13:03:35.041  2007  2007 I sensors-hal: send_context_data:694, common_info, 4914309147815575552, 1320970896291267344, msgid:700
03-13 13:03:35.041  2053  2951 W QC2Interface: [hvcD_203] Failed to query parameters
03-13 13:03:35.041  2007  2007 I sensors-hal: write_algo_lcd_onoff_state:196, algo_lcd_onoff : 0x3
03-13 13:03:35.042  3003  3067 D WindowManager: updateSystemBarAttributes: displayId=0, focusedCanBeNavColorWin=false, win=Window{58d83b3 u0 com.particlenews.newsbreak/com.particlemedia.feature.home.HomeActivity}, navColorWin=Window{5dde3b0 u0 com.sec.android.app.launcher/com.sec.android.app.launcher.AddItemActivity}, caller=com.android.server.wm.WindowManagerService.updateFocusedWindowLocked:372 com.android.server.wm.RootWindowContainer.onChildPositionChanged:8 com.android.server.wm.WindowContainer.positionChildAt:69 
03-13 13:03:35.042  3003  3067 D WindowManager: updateSystemBarAttributes, bhv=1, apr=0, statusBarAprRegions=[AppearanceRegion{ bounds=[0,0][1080,2640]}], requestedVisibilities=-9
03-13 13:03:35.042  2007  3909 I sensors-hal: qsh_conn_resp_cb:930, resp_value = 0 for activities 
03-13 13:03:35.042  2092  2092 I factory.ssc: vendor/qcom/proprietary/adsprpc/src/fastrpc_apps_user.c:1713: remote_handle_close: closed handle 0xb397a220 (skel unload time 6848 us)
03-13 13:03:35.042  3003  3067 D InputDispatcher: Focused display: 0 -> 1
03-13 13:03:35.042  2092  2092 I factory.ssc: vendor/qcom/proprietary/adsprpc/src/fastrpc_apps_user.c:1758: remote_handle64_close: closed handle 0xb400006d90c326d0 remote handle 0xb397a220, num of open handles: 1
03-13 13:03:35.042  2092  2092 I factory.ssc: vendor/qcom/proprietary/adsprpc/src/fastrpc_apps_user.c:3194: domain_deinit for domain 0: dev 16
03-13 13:03:35.042  3003  3067 W InputDispatcher: Focused display #1 does not have a focused window.
03-13 13:03:35.042  2007  3909 I sensors-hal: qsh_conn_resp_cb:930, resp_value = 0 for common_info 
03-13 13:03:35.042  3003  3067 E InputDispatcher: But another display has a focused window
03-13 13:03:35.042  3003  3067 E InputDispatcher:   FocusedWindows:
03-13 13:03:35.042  3003  3067 E InputDispatcher:     displayId=0, name='5dde3b0 com.sec.android.app.launcher/com.sec.android.app.launcher.AddItemActivity'
03-13 13:03:35.042  3003  3067 V SystemKeyManager: updateFocusedWindow() is called, 
03-13 13:03:35.042  3003  3806 D KNOX_MDM_SettingsProvider: isChangeAllowed() : name = default_input_method
03-13 13:03:35.042  3003  3806 D KNOX_MDM_SettingsProvider: edmUri: content://com.sec.knox.provider/RestrictionPolicy3
03-13 13:03:35.042  3003  3806 D KNOX_MDM_SettingsProvider: projectionArgs: isSettingsChangesAllowed
03-13 13:03:35.042  3003  3806 D KNOX_MDM_SettingsProvider: selectionArgs: false
03-13 13:03:35.042  3003  3806 D KNOX_MDM_SettingsProvider: selectionArgs: 10202
03-13 13:03:35.042  3003  3067 D ActivityTaskManager: scheduleTopResumedActivityChanged, onTop=false, r=ActivityRecord{161147554 u0 com.sec.android.app.launcher/.AddItemActivity t608}, caller=com.android.server.wm.ActivityTaskSupervisor.scheduleTopResumedActivityStateLossIfNeeded:19 com.android.server.wm.ActivityTaskSupervisor.updateTopResumedActivityIfNeeded:20 com.android.server.wm.RootWindowContainer.onChildPositionChanged:16 com.android.server.wm.WindowContainer.positionChildAt:69 com.android.server.wm.RootWindowContainer.positionChildAt:8 com.android.server.wm.WindowManagerServiceExt.moveDisplayToTop:37 
03-13 13:03:35.042 19717   836 I HBD     : h writeToFile complete 
03-13 13:03:35.042  3003  3806 D SecContentProvider: query(), uri = 17 selection = isSettingsChangesAllowed
03-13 13:03:35.042  3003  3806 D SecContentProvider: called from android.uid.honeyboard:10202
03-13 13:03:35.042  2007  3645 I sensors-hal: qsh_conn_event_cb:890, event[0] sensor:Light seamless  Wakeup, msg_id=1025, ts=4773520182508
03-13 13:03:35.042  3003  3806 D RestrictionPolicy: isSettingsChangesAllowedAsUser, userId 0 : true
03-13 13:03:35.042  2007  3645 I sensors-hal: handle_sns_client_event:46, light_seamless ts=248615602468651 ns, 5,0,2147483647, M:0,0, S:0,0
03-13 13:03:35.042  3003  3806 D KNOX_MDM_SettingsProvider: ret = 1
03-13 13:03:35.042  2007  3909 I sensors-hal: qsh_conn_event_cb:890, event[0] sensor:common_info  Wakeup, msg_id=1025, ts=4773520290638
03-13 13:03:35.042  2007  3909 I sensors-hal: handle_sns_client_event:82, common_info_event: msgid:1025
03-13 13:03:35.042  1274  2375 I sscrpcd : vendor/qcom/proprietary/adsprpc/src/apps_std_imp.c:1012: Successfully opened file /mnt/vendor/persist/sensors/registry/fstempfile
03-13 13:03:35.042  2007  3909 I sensors-hal: handle_sns_client_event:90, common_info: 1019
03-13 13:03:35.043  2092  2092 E factory.ssc: vendor/qcom/proprietary/adsprpc/src/dspsignal.c:114::Error: 0xd: signals != NULL
03-13 13:03:35.043  2092  2092 E factory.ssc: vendor/qcom/proprietary/adsprpc/src/dspsignal.c:126: Error 0xd: dspsignal_domain_deinit failed (domain 0)
03-13 13:03:35.043  2092   829 D factory.ssc: vendor/qcom/proprietary/adsprpc/src/fastrpc_apps_user.c:4332: exit_thread: nErr:0x8000040d, dom:0, h:0xb400006d90c31bd0
03-13 13:03:35.043  3003  3067 D WALLPAPER_SVC:SubDisplayMode: onDisplayFoldChanged: displayId = 0, folded = true 
03-13 13:03:35.043 19717 19808 I HBD     : p updated Sub Types. English 
03-13 13:03:35.043  2092   830 W factory.ssc: vendor/qcom/proprietary/adsprpc/src/log_config.c:396:Warning: file_watcher_thread received exit for domain 0, file factory.ssc.farf
03-13 13:03:35.043  2092   830 I factory.ssc: vendor/qcom/proprietary/adsprpc/src/log_config.c:448: file_watcher_thread exiting for domain 0
03-13 13:03:35.044  4832 18534 I HoneySpace.ExtraDisplaySource: ExtraDisplayInfo(rotation=0, displayId=1, displaySize=Point(748, 720), displayCutout=DisplayCutout{insets=Rect(0, 0 - 0, 66) waterfall=Insets{left=0, top=0, right=0, bottom=0} boundingRect={Bounds=[Rect(0, 0 - 0, 0), Rect(0, 0 - 0, 0), Rect(0, 0 - 0, 0), Rect(379, 654 - 748, 720)]} cutoutPathParserInfo={CutoutPathParserInfo{displayWidth=748 displayHeight=720 physicalDisplayWidth=748 physicalDisplayHeight=720 density={2.125} cutoutSpec={@bottom @right M 0,0 H -173.6470588235294 V -31.05882352941176 H 0 V 0 Z @dp} rotation={0} scale={1.0} physicalPixelDisplaySizeRatio={1.0}}} sideOverrides={}}, foldState=0)
03-13 13:03:35.044  4832 18534 I HoneySpace.DeviceStateUseCase: changed: THREE_BUTTON, 144, true, false, DisplayInfo(rotation=0, displayId=0, displaySize=Point(1080, 2640), displayCutout=DisplayCutout{insets=Rect(0, 94 - 0, 0) waterfall=Insets{left=0, top=0, right=0, bottom=0} boundingRect={Bounds=[Rect(0, 0 - 0, 0), Rect(505, 0 - 576, 94), Rect(0, 0 - 0, 0), Rect(0, 0 - 0, 0)]} cutoutPathParserInfo={CutoutPathParserInfo{displayWidth=1080 displayHeight=2640 physicalDisplayWidth=1080 physicalDisplayHeight=2640 density={3.0} cutoutSpec={M 0,0 H -11.83333333333333 V 31.33333333333333 H 11.83333333333333 V 0 H 0 Z @dp} rotation={0} scale={1.0} physicalPixelDisplaySizeRatio={1.0}}} sideOverrides={}}, isNavCanMove=true, isTablet=false), ExtraDisplayInfo(rotation=0, displayId=1, displaySize=Point(748, 720), displayCutout=DisplayCutout{insets=Rect(0, 0 - 0, 66) waterfall=Insets{left=0, top=0, right=0, bottom=0} boundingRect={Bounds=[Rect(0, 0 - 0, 0), Rect(0, 0 - 0, 0), Rect(0, 0 - 0, 0), Rect(379, 654 - 748, 720)]} cutoutPathParserInfo={CutoutPathParserInfo{displayWidth=748 displayHeight=720 physicalDisplayWidth=748 physicalDisplayHeight=720 density={2.125} cutoutSpec={@bottom @right M 0,0 H -173.6470588235294 V -31.05882352941176 H 0 V 0 Z @dp} rotation={0} scale={1.0} physicalPixelDisplaySizeRatio={1.0}}} sideOverrides={}}, foldState=0), false
03-13 13:03:35.044  4832 17971 I HoneySpace.AppGridManager: finderWidthDp : 360.0 density : 3.0 marginDp : 10 appTrayAreaDp : 320 maxBounds : 360.0
03-13 13:03:35.045  4832 15404 I HoneySpace.ExtraDisplaySource: ExtraDisplayInfo(rotation=0, displayId=1, displaySize=Point(748, 720), displayCutout=DisplayCutout{insets=Rect(0, 0 - 0, 66) waterfall=Insets{left=0, top=0, right=0, bottom=0} boundingRect={Bounds=[Rect(0, 0 - 0, 0), Rect(0, 0 - 0, 0), Rect(0, 0 - 0, 0), Rect(379, 654 - 748, 720)]} cutoutPathParserInfo={CutoutPathParserInfo{displayWidth=748 displayHeight=720 physicalDisplayWidth=748 physicalDisplayHeight=720 density={2.125} cutoutSpec={@bottom @right M 0,0 H -173.6470588235294 V -31.05882352941176 H 0 V 0 Z @dp} rotation={0} scale={1.0} physicalPixelDisplaySizeRatio={1.0}}} sideOverrides={}}, foldState=0)
03-13 13:03:35.045  4832  4896 I HoneySpace.TopTaskSource: FoldState updated(0). updateRunningTasks
03-13 13:03:35.045  2007  2007 I sensors-hal: set_config:64, no need to adjust sample_period_ns due to reporting_mode = 2
03-13 13:03:35.043  3003  3067 D WALLPAPER_SVC:WallpaperManagerService: updateDisplayData 
03-13 13:03:35.045  3003  3064 I NotificationManager: android: notify(32, null, Notification(channel=UsbDevNoti shortcut=null contentView=null vibrate=null sound=null tick defaults=0 flags=ONGOING_EVENT color=0x00000000 vis=PUBLIC semFlags=0x0 semPriority=0 semMissedCount=0)) as user
03-13 13:03:35.045  2105  2105 I SurfaceFlinger: [ColorFade_d0#52470] attach to parent Root
03-13 13:03:35.045  3003  3067 E WallpaperManagerService: getHighlightFilterState : which=17, filterState=0, unsupported mode
03-13 13:03:35.045  3003  3067 D WALLPAPER_SVC:LegibilityColor: setWhiteBgSettings which: 17, userId : 0, homeBodyColor : null 
03-13 13:03:35.045  3003  3067 D WALLPAPER_SVC:LegibilityColor: Cover wallpaper, ignore SemWallpaperColors 
03-13 13:03:35.045  2105  2105 I SurfaceFlinger: [Surface(name=d1283e1 StatusBar)/@0x416b465 - animation-leash of insets_animation#52471] attach to parent LayerHierarchy{RequestedLayerState{WindowToken{f6e3948 type=2000 android.os.BinderProxy@2570f3a}#120 parentId=18} 2 children}
03-13 13:03:35.045  2105  2105 I SurfaceFlinger: [Surface(name=1728246 NavigationBar0)/@0x454fb06 - animation-leash of insets_animation#52472] attach to parent LayerHierarchy{RequestedLayerState{WindowToken{99cc488 type=2019 android.os.BinderProxy@3282ae9}#116 parentId=35} 2 children}
03-13 13:03:35.046  3003  3067 D WALLPAPER_SVC:WallpaperManagerService: notifySemColorListeners: 17, 0, 0 
03-13 13:03:35.046  3003  3067 D InputManager: onDisplayFoldChanged: folded = true
03-13 13:03:35.046  3003  4002 D BackgroundInstallControlService: Package event received: 0
03-13 13:03:35.046  4205 25262 D SemWallpaperColorsArea: SemWallpaperColorsArea [1080, 2640] which: 17 rotation: 0 has Base: false
03-13 13:03:35.046  4205 25262 D SemWallpaperColorsArea: SemWallpaperColorsArea which = 17, mDensity : 2.125, 1080x2640,508x1242,14,31, 9
03-13 13:03:35.046  4205 25262 I SemWallpaperColorsArea: Final area : Rect(46, 19 - 1032, 48)
03-13 13:03:35.046  4205 25262 I SemWallpaperColorsArea: Final area : Rect(376, 561 - 701, 1806)
03-13 13:03:35.046  4205 25262 I SemWallpaperColorsArea: Final area : Rect(505, 46 - 573, 214)
03-13 13:03:35.046  4205 25262 I SemWallpaperColorsArea: Final area : Rect(911, 2046 - 1028, 2341)
03-13 13:03:35.046  4205 25262 I SemWallpaperColorsArea: Final area : Rect(61, 2573 - 446, 2639)
03-13 13:03:35.046  4205 25262 I SemWallpaperColorsArea: Final area : Rect(0, 0 - 1079, 2639)
03-13 13:03:35.046  4205 25262 I KeyguardWallpaperController: set system color which = 17, opacity = 0.25
03-13 13:03:35.046  4205 25262 D SystemWallpaperColors: setColor: which = 17
03-13 13:03:35.046  4205 25262 I SystemWallpaperColors: setColor : put color for which 17, color = [version:22, which:17, adaptive dim:0.0/0, darkmode dim:0.25]
03-13 13:03:35.046  4205 25262 I SystemWallpaperColors: 	[SeedColors, [-70198]]
03-13 13:03:35.046  4205 25262 I SystemWallpaperColors: 	[STATUSBAR, Rect(31, 19 - 716, 48):1/ff000000/1.0/0.1, 0.0/0.0/0.0]
03-13 13:03:35.046  4205 25262 I SystemWallpaperColors: 	[BODY_TOP, Rect(261, 150 - 484, 490):1/ff4e4e4e/2.0004/0.30007502, 37.627117/0.23694779/0.9764706]
03-13 13:03:35.046  4205 25262 I SystemWallpaperColors: 	[BODY_MID, Rect(350, 12 - 397, 57):1/ff525252/2.0004/0.30007502, 40.8/0.19607843/1.0]
03-13 13:03:35.046  4205 25262 I SystemWallpaperColors: 	[BODY_BOTTOM, Rect(631, 556 - 711, 637):1/ff343434/3.3315673/0.54966885, 31.8/0.4784689/0.81960785]
03-13 13:03:35.046  4205 25262 I SystemWallpaperColors: 	[NAVIBAR, Rect(42, 652 - 308, 718):1/ff525252/2.0004/0.30007502, 42.352943/0.2007874/0.99607843]
03-13 13:03:35.046  4205 25262 I SystemWallpaperColors: 	[BACKGROUND, Rect(0, 0 - 748, 718):1/ff464646/2.1101708/0.32065704, 34.411766/0.28691983/0.92941177]
03-13 13:03:35.046  4205 25262 I KeyguardWallpaperController: onSemWallpaperColorsChanged: which = 17, userId = 0, colors = Rect(31, 19 - 716, 48)[1] Rect(261, 150 - 484, 490)[1] Rect(350, 12 - 397, 57)[1] Rect(631, 556 - 711, 637)[1] Rect(42, 652 - 308, 718)[1] Rect(0, 0 - 748, 718)[1] 
03-13 13:03:35.047  4205  5152 D KeyguardWallpaperColors: setSemWallpaperColors: which = 17, userId = 0, colors = Rect(31, 19 - 716, 48)[1] Rect(261, 150 - 484, 490)[1] Rect(350, 12 - 397, 57)[1] Rect(631, 556 - 711, 637)[1] Rect(42, 652 - 308, 718)[1] Rect(0, 0 - 748, 718)[1] 
03-13 13:03:35.047  4205  5152 D SemWallpaperColorsArea: SemWallpaperColorsArea [1080, 2640] which: 2 rotation: 0 has Base: false
03-13 13:03:35.047  4205  5152 D SemWallpaperColorsArea: SemWallpaperColorsArea which = 2, mDensity : 3.0, 1080x2640,360x880,31,48, 6
03-13 13:03:35.047  4205  5152 I SemWallpaperColorsArea: Final area : Rect(72, 18 - 1008, 93)
03-13 13:03:35.047  4205  5152 I SemWallpaperColorsArea: Final area : Rect(120, 528 - 960, 837)
03-13 13:03:35.047  4205  5152 I SemWallpaperColorsArea: Final area : Rect(120, 1389 - 960, 1449)
03-13 13:03:35.047  4205  5152 I SemWallpaperColorsArea: Final area : Rect(120, 1533 - 960, 2061)
03-13 13:03:35.047  4205  5152 I SemWallpaperColorsArea: Final area : Rect(120, 2361 - 960, 2547)
03-13 13:03:35.047  4205  5152 I SemWallpaperColorsArea: Final area : Rect(0, 0 - 1080, 2640)
03-13 13:03:35.045  2007  2007 I sensors-hal: batch:363, com.samsung.sensor.pocket_pos_mode/2622, period=200000000, max_latency=0 request completed
03-13 13:03:35.047  4205  5152 D WallpaperEventNotifier: notifyUpdate: [ | | | STATUSBAR BODY_TOP BODY_MID BODY_BOTTOM NAVIBAR BACKGROUND | SHADOW ], isCover = true, colors = Rect(31, 19 - 716, 48)[1] Rect(261, 150 - 484, 490)[1] Rect(350, 12 - 397, 57)[1] Rect(631, 556 - 711, 637)[1] Rect(42, 652 - 308, 718)[1] Rect(0, 0 - 748, 718)[1] 
03-13 13:03:35.047  4205  4205 D NavigationModeController: getCurrentInteractionMode: mode=0 contextUser=0
03-13 13:03:35.047  4205  4205 D Navbar.Store: handleEvent(1) GetInflateLayoutID(vertical=false) [Module] SamsungNavigationBarInflaterView
03-13 13:03:35.047  4205  4205 D Navbar.Store: --[Band]STABLE_LAYOUT_PACK_GET_INFLATE_LAYOUT_ID
03-13 13:03:35.047  4205  4205 D NavBarStateManager: NavBarStates(1) getLayoutID(vertical: false): 2131559285
03-13 13:03:35.047  4205  4205 D Navbar.Store: handleEvent(1) value= 2131559285
03-13 13:03:35.047  4205  6502 D SemWallpaperColorsArea: SemWallpaperColorsArea [1080, 2640] which: 17 rotation: 0 has Base: false
03-13 13:03:35.048  4205  6502 D SemWallpaperColorsArea: SemWallpaperColorsArea which = 17, mDensity : 2.125, 1080x2640,508x1242,14,31, 9
03-13 13:03:35.048  4205  6502 I SemWallpaperColorsArea: Final area : Rect(46, 19 - 1032, 48)
03-13 13:03:35.048  4205  6502 I SemWallpaperColorsArea: Final area : Rect(376, 561 - 701, 1806)
03-13 13:03:35.048  4205  6502 I SemWallpaperColorsArea: Final area : Rect(505, 46 - 573, 214)
03-13 13:03:35.048  4205  4205 D Navbar.Store: handleEvent(1) GetInflateLayoutID(vertical=true) [Module] SamsungNavigationBarInflaterView
03-13 13:03:35.048  4205  6502 I SemWallpaperColorsArea: Final area : Rect(911, 2046 - 1028, 2341)
03-13 13:03:35.048  4205  6502 I SemWallpaperColorsArea: Final area : Rect(61, 2573 - 446, 2639)
03-13 13:03:35.048  4205  6502 I SemWallpaperColorsArea: Final area : Rect(0, 0 - 1079, 2639)
03-13 13:03:35.048  4205  6502 D WallpaperManager: onSemWallpaperColorsChanged [version:22, which:17, adaptive dim:0.0/0, darkmode dim:0.25]
03-13 13:03:35.048  4205  6502 D WallpaperManager: 	[SeedColors, [-70198]]
03-13 13:03:35.048  4205  6502 D WallpaperManager: 	[STATUSBAR, Rect(31, 19 - 716, 48):1/ff000000/1.0/0.1, 0.0/0.0/0.0]
03-13 13:03:35.048  4205  6502 D WallpaperManager: 	[BODY_TOP, Rect(261, 150 - 484, 490):1/ff4e4e4e/2.0004/0.30007502, 37.627117/0.23694779/0.9764706]
03-13 13:03:35.048  4205  6502 D WallpaperManager: 	[BODY_MID, Rect(350, 12 - 397, 57):1/ff525252/2.0004/0.30007502, 40.8/0.19607843/1.0]
03-13 13:03:35.048  4205  6502 D WallpaperManager: 	[BODY_BOTTOM, Rect(631, 556 - 711, 637):1/ff343434/3.3315673/0.54966885, 31.8/0.4784689/0.81960785]
03-13 13:03:35.048  4205  6502 D WallpaperManager: 	[NAVIBAR, Rect(42, 652 - 308, 718):1/ff525252/2.0004/0.30007502, 42.352943/0.2007874/0.99607843]
03-13 13:03:35.048  4205  6502 D WallpaperManager: 	[BACKGROUND, Rect(0, 0 - 748, 718):1/ff464646/2.1101708/0.32065704, 34.411766/0.28691983/0.92941177], which=17
03-13 13:03:35.048  4205  4205 D Navbar.Store: --[Band]STABLE_LAYOUT_PACK_GET_INFLATE_LAYOUT_ID
03-13 13:03:35.048  4205  4205 D NavBarStateManager: NavBarStates(1) getLayoutID(vertical: true): 2131559287
03-13 13:03:35.048  4205  4205 D Navbar.Store: handleEvent(1) value= 2131559287
03-13 13:03:35.048  4205  4205 D Navbar.Store: handleEvent(1) GetDefaultLayout(noArguments=true) [Module] SamsungNavigationBarInflaterView
03-13 13:03:35.048  3003  3130 D DisplayPowerController[0]: animateScreenStateChange: target=OFF, mIsEnabled=true
03-13 13:03:35.048  4205  4205 D Navbar.Store: --[Band]STABLE_LAYOUT_PACK_GET_DEFAULT_LAYOUT
03-13 13:03:35.048  4205  4205 D NavBarStateManager: NavBarStates(1) getDefaultLayout: space,home,gap,back,space;;
03-13 13:03:35.048  4205  4205 D Navbar.Store: handleEvent(1) value= space,home,gap,back,space;;
03-13 13:03:35.048 19717   839 I HBD     : a InputMethodSubtype is set as local:en_US 
03-13 13:03:35.048  4205  4205 D Navbar.Store: handleEvent(1) GetInflateButtonWidth(buttonSpec=space, landscape=false) [Module] SamsungNavigationBarInflaterView
03-13 13:03:35.048  4205  4205 D Navbar.Store: --[Band]STABLE_LAYOUT_PACK_INFLATE_NAVBAR
03-13 13:03:35.048  4205  4205 D NavBarStateManager: NavBarStates(1) getSpaceWidth(land: false): 64
03-13 13:03:35.048  4205  4205 D Navbar.Store: handleEvent(1) value= 64
03-13 13:03:35.048  2007  2007 I sensors-hal: activate:300, com.samsung.sensor.pocket_pos_mode/2622 en=1
03-13 13:03:35.048  2007  2007 I sensors-hal: acquire_qsh_interface:139, acquire_qsh_interface with sensor_id 3 , conn_type 1 
03-13 13:03:35.048  4205  4205 D Navbar.Store: handleEvent(1) GetInflateButtonWidth(buttonSpec=home, landscape=false) [Module] SamsungNavigationBarInflaterView
03-13 13:03:35.048  4205  4205 D Navbar.Store: --[Band]STABLE_LAYOUT_PACK_INFLATE_NAVBAR
03-13 13:03:35.048  4205  4205 D NavBarStateManager: NavBarStates(1) getButtonWidth(land: false): 102
03-13 13:03:35.048  4205  4205 D Navbar.Store: handleEvent(1) value= 102
03-13 13:03:35.048  2007  2007 I sensors-hal: acquire_qsh_interface:142, returning _shared_instance[SHARED_ON_CHANGE_WAKEUP].conn - wakeup 
03-13 13:03:35.048  2007  2007 I sensors-hal: acquire_shared_instance:173, re-use existing connection for type 1 
03-13 13:03:35.048  2007  2007 I sensors-hal: register_cb:304, suid(low=4779840344920564001,high=1320970896291267344) is new. register callbacks
03-13 13:03:35.049  2007  2007 I sensors-hal: send_sensor_config_request:645, dt=pocket_pos_mode: convert sample_period=200000000 to batch_period=200000
03-13 13:03:35.049  4205  4205 D Navbar.Store: handleEvent(1) GetInflateButtonWidth(buttonSpec=gap, landscape=false) [Module] SamsungNavigationBarInflaterView
03-13 13:03:35.049  4205  4205 D Navbar.Store: --[Band]STABLE_LAYOUT_PACK_INFLATE_NAVBAR
03-13 13:03:35.049  4205  4205 D NavBarStateManager: NavBarStates(1) getButtonDistanceSize(land: false): 17
03-13 13:03:35.049  4205  4205 D Navbar.Store: handleEvent(1) value= 17
03-13 13:03:35.049  3003  3661 I InputReader: Reconfiguring input devices, changes=DISPLAY_FOLD
03-13 13:03:35.049  2007  2007 I sensors-hal: send_sync_sensor_request:508, send sync request
03-13 13:03:35.049  2007  2007 I sensors-hal: send_sync_sensor_request:518, send_sync_sensor_request before send_request for pocket_pos_mode with SUID low=4779840344920564001 high=1320970896291267344
03-13 13:03:35.049  4205  4205 D Navbar.Store: handleEvent(1) GetInflateButtonWidth(buttonSpec=back, landscape=false) [Module] SamsungNavigationBarInflaterView
03-13 13:03:35.049  2007  2007 I sensors-hal: send_sync_sensor_request:537, wait for notification of response
03-13 13:03:35.049  4205  4205 D Navbar.Store: --[Band]STABLE_LAYOUT_PACK_INFLATE_NAVBAR
03-13 13:03:35.049  4205  4205 D NavBarStateManager: NavBarStates(1) getButtonWidth(land: false): 102
03-13 13:03:35.049  4205  4205 D Navbar.Store: handleEvent(1) value= 102
03-13 13:03:35.049 19717 19717 I HBD     : DeX h DeX mode state change in non-main thread 
03-13 13:03:35.049  3003  3067 D VibratorManagerService: onFoldStateChanged isFolded = true
03-13 13:03:35.049 19717 19717 I HBD     : DeX h DeX mode state change: 3 
03-13 13:03:35.049  4205  4205 D Navbar.Store: handleEvent(1) GetInflateButtonWidth(buttonSpec=space, landscape=false) [Module] SamsungNavigationBarInflaterView
03-13 13:03:35.049  4205  4205 D Navbar.Store: --[Band]STABLE_LAYOUT_PACK_INFLATE_NAVBAR
03-13 13:03:35.049  4205  4205 D NavBarStateManager: NavBarStates(1) getSpaceWidth(land: false): 64
03-13 13:03:35.049  4205  4205 D Navbar.Store: handleEvent(1) value= 64
03-13 13:03:35.049  4205  4205 D Navbar.Store: handleEvent(1) GetInflateButtonWidth(buttonSpec=space, landscape=true) [Module] SamsungNavigationBarInflaterView
03-13 13:03:35.049  4205  4205 D Navbar.Store: --[Band]STABLE_LAYOUT_PACK_INFLATE_NAVBAR
03-13 13:03:35.049  4205  4205 D NavBarStateManager: NavBarStates(1) getSpaceWidth(land: true): 64
03-13 13:03:35.049  4205  4205 D Navbar.Store: handleEvent(1) value= 64
03-13 13:03:35.049  4205  4205 D Navbar.Store: handleEvent(1) GetInflateButtonWidth(buttonSpec=home, landscape=true) [Module] SamsungNavigationBarInflaterView
03-13 13:03:35.049  4205  4205 D Navbar.Store: --[Band]STABLE_LAYOUT_PACK_INFLATE_NAVBAR
03-13 13:03:35.049  4205  4205 D NavBarStateManager: NavBarStates(1) getButtonWidth(land: true): 102
03-13 13:03:35.049  4205  4205 D Navbar.Store: handleEvent(1) value= 102
03-13 13:03:35.049  4205  4205 D Navbar.Store: handleEvent(1) GetInflateButtonWidth(buttonSpec=gap, landscape=true) [Module] SamsungNavigationBarInflaterView
03-13 13:03:35.049  2007  3645 I sensors-hal: qsh_conn_resp_cb:930, resp_value = 0 for pocket_pos_mode 
03-13 13:03:35.049  4205  4205 D Navbar.Store: --[Band]STABLE_LAYOUT_PACK_INFLATE_NAVBAR
03-13 13:03:35.049  4205  4205 D NavBarStateManager: NavBarStates(1) getButtonDistanceSize(land: true): 17
03-13 13:03:35.049  4205  4205 D Navbar.Store: handleEvent(1) value= 17
03-13 13:03:35.049  2007  2007 I sensors-hal: send_sync_sensor_request:543, takes 0 ms to receive the response with 0
03-13 13:03:35.049  2007  2007 I sensors-hal: activate:330, com.samsung.sensor.pocket_pos_mode/2622 en=1 completed
03-13 13:03:35.049  4205  4205 D Navbar.Store: handleEvent(1) GetInflateButtonWidth(buttonSpec=back, landscape=true) [Module] SamsungNavigationBarInflaterView
03-13 13:03:35.049  4205  4205 D Navbar.Store: --[Band]STABLE_LAYOUT_PACK_INFLATE_NAVBAR
03-13 13:03:35.049  4205  4205 D NavBarStateManager: NavBarStates(1) getButtonWidth(land: true): 102
03-13 13:03:35.049  4205  4205 D Navbar.Store: handleEvent(1) value= 102
03-13 13:03:35.049  4205  4205 D Navbar.Store: handleEvent(1) GetInflateButtonWidth(buttonSpec=space, landscape=true) [Module] SamsungNavigationBarInflaterView
03-13 13:03:35.049  4205  4205 D Navbar.Store: --[Band]STABLE_LAYOUT_PACK_INFLATE_NAVBAR
03-13 13:03:35.049  3003  3915 D SensorManager: registerListener :: 2622, Pocket Position Mode  Wakeup, 200000, 0, com.samsung.android.gesture.PocketSensitivityManager$1@a3d091f
03-13 13:03:35.049  4205  4205 D NavBarStateManager: NavBarStates(1) getSpaceWidth(land: true): 64
03-13 13:03:35.049  4205  4205 D Navbar.Store: handleEvent(1) value= 64
03-13 13:03:35.049  3003  3915 E PocketSensitivityManager: register pocket position sensor
03-13 13:03:35.050  4205  4205 D Navbar.Store: handleEvent(1) GetInflateButtonWidth(buttonSpec=space, landscape=false) [Module] SamsungNavigationBarInflaterView
03-13 13:03:35.050  4205  4205 D Navbar.Store: --[Band]STABLE_LAYOUT_PACK_INFLATE_NAVBAR
03-13 13:03:35.050  4205  4205 D NavBarStateManager: NavBarStates(1) getSpaceWidth(land: false): 64
03-13 13:03:35.050  4205  4205 D Navbar.Store: handleEvent(1) value= 64
03-13 13:03:35.050  4205  4205 D Navbar.Store: handleEvent(1) GetInflateButtonWidth(buttonSpec=left_remote_view, landscape=false) [Module] SamsungNavigationBarInflaterView
03-13 13:03:35.050  4205  4205 D Navbar.Store: --[Band]STABLE_LAYOUT_PACK_INFLATE_NAVBAR
03-13 13:03:35.050  4205  4205 D NavBarStateManager: NavBarStates(1) getButtonWidth(land: false): 102
03-13 13:03:35.050  4205  4205 D Navbar.Store: handleEvent(1) value= 102
03-13 13:03:35.050  2075  2075 E SecVibrator-HAL-AIDL-EXT: V_5_0: setFolderStatus1
03-13 13:03:35.050  4205  4205 D Navbar.Store: handleEvent(1) GetInflateButtonWidth(buttonSpec=gap, landscape=false) [Module] SamsungNavigationBarInflaterView
03-13 13:03:35.050  4205  4205 D Navbar.Store: --[Band]STABLE_LAYOUT_PACK_INFLATE_NAVBAR
03-13 13:03:35.050  2075  2075 E SecVibrator-HAL-AIDL-EXT: V_5_0: FOLDER_CLOSE
03-13 13:03:35.050  2075  2075 E SecVibrator-HAL-AIDL-EXT:  length : 13
03-13 13:03:35.050  4205  4205 D NavBarStateManager: NavBarStates(1) getButtonDistanceSize(land: false): 17
03-13 13:03:35.050  4205  4205 D Navbar.Store: handleEvent(1) value= 17
03-13 13:03:35.050  2075  2075 E SecVibrator-HAL-AIDL-EXT: V_5_0: ret : 13
03-13 13:03:35.050  2053  2420 W QC2Interface: [hvcD_203] Failed to query parameters
03-13 13:03:35.050  4205  4205 D Navbar.Store: handleEvent(1) GetInflateButtonWidth(buttonSpec=right_remote_view, landscape=false) [Module] SamsungNavigationBarInflaterView
03-13 13:03:35.050  2075  2075 E SecVibrator-HAL-AIDL-EXT: V_5_0: setFolderStatus end
03-13 13:03:35.050  4205  4205 D Navbar.Store: --[Band]STABLE_LAYOUT_PACK_INFLATE_NAVBAR
03-13 13:03:35.050  4205  4205 D NavBarStateManager: NavBarStates(1) getButtonWidth(land: false): 102
03-13 13:03:35.050  2053  2420 I vendor.qti.media.c2@1.0-service: StrictValueWithNoDeps is called old.v.value is 2141391876 me.v.value is 0
03-13 13:03:35.050  4205  4205 D Navbar.Store: handleEvent(1) value= 102
03-13 13:03:35.050  2053  2420 I vendor.qti.media.c2@1.0-service: [FRC-IsFilteringEnabled] entry
03-13 13:03:35.050  3003  3067 D VibratorManagerService: onTableModeChanged. isTableMode=false
03-13 13:03:35.050  2053  2420 I vendor.qti.media.c2@1.0-service: [FRC-IsFilteringEnabled] frcReqInfo.value is 0
03-13 13:03:35.050  4205  4205 D Navbar.Store: handleEvent(1) GetInflateButtonWidth(buttonSpec=space, landscape=false) [Module] SamsungNavigationBarInflaterView
03-13 13:03:35.050  4360   832 I CCodec  : [c2.qti.hevc.decoder] config->initialize() : 0
03-13 13:03:35.050  4205  4205 D Navbar.Store: --[Band]STABLE_LAYOUT_PACK_INFLATE_NAVBAR
03-13 13:03:35.050  4205  4205 D NavBarStateManager: NavBarStates(1) getSpaceWidth(land: false): 64
03-13 13:03:35.050  4205  4205 D Navbar.Store: handleEvent(1) value= 64
03-13 13:03:35.050  3003  3067 D PowerManagerService: [api] goToSleep (uid: 1000 pid: 3003) eventTime = 68004046
03-13 13:03:35.050  4205  4205 D Navbar.Store: handleEvent(1) GetInflateButtonWidth(buttonSpec=space, landscape=true) [Module] SamsungNavigationBarInflaterView
03-13 13:03:35.050  3003  3067 W PowerManagerService: !@Screen__Off(d) - 501 :  goToSleep:  (uid: 1000 pid: 3003) (device_folded) groupId=0
03-13 13:03:35.050  4205  4205 D Navbar.Store: --[Band]STABLE_LAYOUT_PACK_INFLATE_NAVBAR
03-13 13:03:35.050  4205  4205 D NavBarStateManager: NavBarStates(1) getSpaceWidth(land: true): 64
03-13 13:03:35.050  4205  4205 D Navbar.Store: handleEvent(1) value= 64
03-13 13:03:35.050  2053 13496 W QC2Interface: [hvcD_203] Failed to query parameters
03-13 13:03:35.050  4360   832 I CCodecConfig: query failed after returning 18 values (BAD_INDEX)
03-13 13:03:35.050  4205  4205 D Navbar.Store: handleEvent(1) GetInflateButtonWidth(buttonSpec=left_remote_view, landscape=false) [Module] SamsungNavigationBarInflaterView
03-13 13:03:35.050  4205  4205 D Navbar.Store: --[Band]STABLE_LAYOUT_PACK_INFLATE_NAVBAR
03-13 13:03:35.050  4205  4205 D NavBarStateManager: NavBarStates(1) getButtonWidth(land: false): 102
03-13 13:03:35.050  4205  4205 D Navbar.Store: handleEvent(1) value= 102
03-13 13:03:35.050  4205  4205 D Navbar.Store: handleEvent(1) GetInflateButtonWidth(buttonSpec=gap, landscape=true) [Module] SamsungNavigationBarInflaterView
03-13 13:03:35.050  4205  4205 D Navbar.Store: --[Band]STABLE_LAYOUT_PACK_INFLATE_NAVBAR
03-13 13:03:35.050  4205  4205 D NavBarStateManager: NavBarStates(1) getButtonDistanceSize(land: true): 17
03-13 13:03:35.050  4205  4205 D Navbar.Store: handleEvent(1) value= 17
03-13 13:03:35.050  3003  3067 I PowerGroup: Powering off display group due to device_folded (groupId= 0, uid= 1000, millisSinceLastUserActivity=26, lastUserActivityEvent=deviceState)...
03-13 13:03:35.051  3003  3067 D InputManager-JNI: setInteractiveForInternalDisplay(false)
03-13 13:03:35.051  4205  4205 D Navbar.Store: handleEvent(1) GetInflateButtonWidth(buttonSpec=right_remote_view, landscape=false) [Module] SamsungNavigationBarInflaterView
03-13 13:03:35.051  4205  4205 D Navbar.Store: --[Band]STABLE_LAYOUT_PACK_INFLATE_NAVBAR
03-13 13:03:35.051  4205  4205 D NavBarStateManager: NavBarStates(1) getButtonWidth(land: false): 102
03-13 13:03:35.051  4205  4205 D Navbar.Store: handleEvent(1) value= 102
03-13 13:03:35.051  4360   832 W ColorUtils: expected specified color aspects (0:0:0:0)
03-13 13:03:35.051  4360   832 I CCodec  : [c2.qti.hevc.decoder] config->queryConfiguration()
03-13 13:03:35.051  4360   832 I CCodec  : [c2.qti.hevc.decoder] mCallback->onComponentAllocated() IN
03-13 13:03:35.051  3003  3003 I PhoneWindowManager: Started going to sleep... (groupId=0 why=OFF_BECAUSE_OF_FOLD)
03-13 13:03:35.051  3003  3067 D InputManager-JNI: setInteractive(false)
03-13 13:03:35.051  4205  4205 D Navbar.Store: handleEvent(1) GetInflateButtonWidth(buttonSpec=space, landscape=true) [Module] SamsungNavigationBarInflaterView
03-13 13:03:35.051  4205  4205 D Navbar.Store: --[Band]STABLE_LAYOUT_PACK_INFLATE_NAVBAR
03-13 13:03:35.051  4360   832 I CCodec  : [c2.qti.hevc.decoder] mCallback->onComponentAllocated() OUT
03-13 13:03:35.051  4205  4205 D NavBarStateManager: NavBarStates(1) getSpaceWidth(land: true): 64
03-13 13:03:35.051  4205  4205 D Navbar.Store: handleEvent(1) value= 64
03-13 13:03:35.051  3003  3067 I PowerManagerService: Going to sleep due to device_folded (uid 1000, screenOffTimeout=600000, activityTimeoutWM=-1, maxDimRatio=0.333, maxDimDur=20000)...
03-13 13:03:35.051  4205  4205 D Navbar.Store: handleEvent(1) GetNavBarSidePadding(landscape=false) [Module] SamsungNavigationBarInflaterView
03-13 13:03:35.051  4205  4205 D Navbar.Store: --[Band]STABLE_LAYOUT_PACK_INFLATE_NAVBAR_SIDE_PADDING
03-13 13:03:35.051  4205  4205 D NavBarStateManager: NavBarStates(1) getNavBarSidePadding: 0
03-13 13:03:35.051  4205  4205 D Navbar.Store: handleEvent(1) value= 0
03-13 13:03:35.051  4205  4205 D Navbar.Store: handleEvent(1) GetNavBarSidePadding(landscape=true) [Module] SamsungNavigationBarInflaterView
03-13 13:03:35.051  4205  4205 D Navbar.Store: --[Band]STABLE_LAYOUT_PACK_INFLATE_NAVBAR_SIDE_PADDING
03-13 13:03:35.051  4205  4205 D NavBarStateManager: NavBarStates(1) getNavBarSidePadding: 0
03-13 13:03:35.051  4205  4205 D Navbar.Store: handleEvent(1) value= 0
