03-10 16:58:45.091  2064  2064 I sensors-hal: send_sync_sensor_request:367, wait for notification of response
03-10 16:58:45.091  2061  2108 E minksocket: MinkIPC_QRTR_Service: client with node 1 port 6806 went down
03-10 16:58:45.091  2061  2108 E minksocket: MinkIPC_QRTR_Service: client with node 1 port 6807 went down
03-10 16:58:45.091  2061  2108 E minksocket: MinkIPC_QRTR_Service: client with node 1 port 6808 went down
03-10 16:58:45.092  2582  8070 D NxpHal  : read successful status = 0x0
03-10 16:58:45.092  2582  8070 D NxpHal  : phNxpNciHal_print_res_status: response status =STATUS_OK
03-10 16:58:45.092  2064  8354 I sensors-hal: ssc_conn_resp_cb:632, resp_value = 0
03-10 16:58:45.092  6942  8007 D libnfc_nci: nfaDeviceManagementCallback: enter; event=0x2
03-10 16:58:45.092  6942  8007 D libnfc_nci: nfaDeviceManagementCallback: NFA_DM_SET_CONFIG_EVT
03-10 16:58:45.092  2582  8059 D NxpTml  : PN54X - Read requested.....
03-10 16:58:45.092  2582  8059 D NxpTml  : PN54X - Invoking I2C Read.....
03-10 16:58:45.092  2064  2064 I sensors-hal: send_sync_sensor_request:373, takes 1 ms to receive the response with 0
03-10 16:58:45.092  2064  2064 I sensors-hal: activate:184, android.sensor.device_orientation/271 en=1 completed
03-10 16:58:45.093  2064  2064 I sensors-hal: batch:206, com.motorola.sensor.alternate_light/65959, period=250000000, max_latency=0
03-10 16:58:45.093  2064  2064 I sensors-hal: set_config:61, no need to adjust sample_period_ns due to reporting_mode = 2
03-10 16:58:45.093  2064  2064 I sensors-hal: batch:215, com.motorola.sensor.alternate_light/65959, period=250000000, max_latency=0 request completed
03-10 16:58:45.093  2064  2064 I sensors-hal: activate:173, com.motorola.sensor.alternate_light/65959 en=1
03-10 16:58:45.093  2064  2064 I sensors-hal: get_qmi_debug_flag:239, support_qmi_debug : false
03-10 16:58:45.094  2061  2108 E minksocket: MinkIPC_QRTR_Service: client with node 1 port 680a went down
03-10 16:58:45.094  2061  2108 E minksocket: MinkIPC_QRTR_Service: client with node 1 port 680b went down
03-10 16:58:45.094  2061  2108 E minksocket: MinkIPC_QRTR_Service: client with node 1 port 680c went down
03-10 16:58:45.094  2064  2064 E Diag_Lib: diag: Diag_LSM_Init: invoked for pid: 2064 with init_count: 0
03-10 16:58:45.095  2064  2064 E Diag_Lib: diag:failed to connect to diag socket
03-10 16:58:45.095  2064  2064 E Diag_Lib:  Diag_LSM_Init: Failed to open handle to diag driver, error = 13
03-10 16:58:45.095  2064  2064 I sensors-hal: send_sensor_config_request:463, dt=ambient_light_1: convert sample_period=250000000 to batch_period=250000
03-10 16:58:45.095  2064  2064 I sensors-hal: send_sync_sensor_request:341, send sync request
03-10 16:58:45.095  2064  2064 I sensors-hal: send_sync_sensor_request:367, wait for notification of response
03-10 16:58:45.095  2061  2108 E minksocket: MinkIPC_QRTR_Service: client with node 1 port 680d went down
03-10 16:58:45.096  2064  8354 I sensors-hal: handle_indication_realtime:467,  SCHED_FIFO(10) for qmi_cbk
03-10 16:58:45.096  2064  8354 E sensors-hal: handle_sns_client_event:62, mot_disprot_event: now=106281000502412 ts=106003862521318, type=16, status=3
03-10 16:58:45.096  3163  7496 W UserManagerService: Requested status bar icon for non-badged user 0
03-10 16:58:45.096  2064  8370 I sensors-hal: ssc_conn_resp_cb:632, resp_value = 0
03-10 16:58:45.096  2064  2064 I sensors-hal: send_sync_sensor_request:373, takes 1 ms to receive the response with 0
03-10 16:58:45.096  5625  5962 V PowerManager: userActivity when=69231783 event=0 flags=0 displayId=1 by (com.android.systemui) callers=com.android.systemui.keyguard.KeyguardViewMediator$$ExternalSyntheticLambda0.run:63 java.util.concurrent.ThreadPoolExecutor.runWorker:1145 java.util.concurrent.ThreadPoolExecutor$Worker.run:644 
03-10 16:58:45.096  2064  2064 I sensors-hal: activate:184, com.motorola.sensor.alternate_light/65959 en=1 completed
03-10 16:58:45.096  5625  5625 D KeyguardViewMediator: KeyguardViewMediator queue processing message: SHOW
03-10 16:58:45.096  3163  7023 W BoostOptController: not supported hint: 118
03-10 16:58:45.097  2064  2064 I sensors-hal: batch:206, com.motorola.sensor.stowed/65568, period=200000000, max_latency=0
03-10 16:58:45.097  2064  2064 I sensors-hal: set_config:61, no need to adjust sample_period_ns due to reporting_mode = 2
03-10 16:58:45.097  2064  2064 I sensors-hal: batch:215, com.motorola.sensor.stowed/65568, period=200000000, max_latency=0 request completed
03-10 16:58:45.097  3163  3352 V DisplayPowerController2[1]: Brightness [0.234741] reason changing to: 'manual', previous reason: 'screen_off'.
03-10 16:58:45.098  3163  3352 I DisplayPowerController2[1]: 03-10 16:58:45.097 - BrightnessEvent: disp=1, physDisp=local:4630947043778501763, displayState=ON, displayPolicy=BRIGHT, brt=0.234741, initBrt=0.0, rcmdBrt=NaN, preBrt=NaN, lux=NaN, preLux=NaN, brtNits=56.898743, hdrNits=NaN, initNits=3.3701954, preNits=NaN, rcmdNits=NaN, hdrBrightness=NaN, brt(%)=31%, brtInt=61, hbmPolicy=normal, hbmMax=0.7660316, hbmMode=off, rbcStrength=-1, thrmMax=1.0, powerFactor=1.0, wasShortTermModelActive=false, flags=invalid_lux , reason=manual, autoBrightness=true, strategy=InvalidBrightnessStrategy, autoBrightnessMode=default
03-10 16:58:45.098  2064  2064 I sensors-hal: activate:173, com.motorola.sensor.tap/65988 en=0
03-10 16:58:45.098  3163  5308 D PowerManagerService: nativeSetPowerMode ret:false mode:9 enabled:false duration ms: 0
03-10 16:58:45.098  3163  5308 D TouchHwAidlService: setCliDisplayState: mCliScreenOff=false
03-10 16:58:45.098  3163  5308 D LocalDisplayAdapter: setDisplayPowerMode mode=2 for display=android.os.BinderProxy@433f576
03-10 16:58:45.098  2723  7857 E VendorTagDescriptor: lookupTag: Tag name 'support_get_property_2_0' does not exist.
03-10 16:58:45.099  2061  2108 E minksocket: MinkIPC_QRTR_Service: client with node 1 port 6774 went down
03-10 16:58:45.099  3163  6016 I DreamManagerService: startDozing by com.android.systemui callingUid=10394 callingPid=5625
03-10 16:58:45.099  2064  2064 I sensors-hal: activate:184, com.motorola.sensor.tap/65988 en=0 completed
03-10 16:58:45.099  3163  6016 D DreamManagerService: Dream requested to start dozing: android.os.Binder@e507821, screenState=2, screenBrightness=-1, reason=DREAM_MANAGER_LID_SWITCH
03-10 16:58:45.099  2064  2064 I sensors-hal: batch:206, com.motorola.sensor.stowed/65568, period=200000000, max_latency=0
03-10 16:58:45.099  2064  2064 I sensors-hal: set_config:61, no need to adjust sample_period_ns due to reporting_mode = 2
03-10 16:58:45.099  2064  2064 I sensors-hal: batch:215, com.motorola.sensor.stowed/65568, period=200000000, max_latency=0 request completed
03-10 16:58:45.100  2300  2300 D SurfaceFlinger: Setting power mode 2 on display 4630947043778501763
03-10 16:58:45.100  3163  3231 W AlarmManager: Unrecognized alarm listener com.motorola.server.display.TouchHwAidlService$AlarmListenerImpl@de23d8f
03-10 16:58:45.100  3163  3227 D TouchHwAidlService: enableGestureStowMode stowed: false
03-10 16:58:45.100 11449 11449 D StateManager: goToState - fromState: Normal, toState: Normal, partial trace:
03-10 16:58:45.100 11449 11449 D StateManager: 	at com.android.launcher3.Launcher.onScreenOnChanged(Launcher.java:3017)
03-10 16:58:45.100 11449 11449 D StateManager: 	at com.android.launcher3.Launcher$$ExternalSyntheticLambda25.onScreenOnChanged(D8$$SyntheticClass:0)
03-10 16:58:45.100 11449 11449 D StateManager: 	at com.android.launcher3.util.ScreenOnTracker.lambda$dispatchScreenOnChanged$0(ScreenOnTracker.java:67)
03-10 16:58:45.100  3163  3231 I DisplayDeviceRepository: Display device changed state: "HDMI Screen", ON
03-10 16:58:45.100  2300  2300 I Scheduler: Display 4630947043778501763 is the pacesetter
03-10 16:58:45.100  2300  2300 I Scheduler: promotePacesetterDisplayLocked, mAcceptScrollEvent=1
03-10 16:58:45.100  2300  2300 I Scheduler: promotePacesetterDisplayLocked, mAcceptTouchNotBoostEvent=0
03-10 16:58:45.100  2106  2106 I motorola.hardware.display.touch-service: Setting stow gesture mode to 0 for panel 1
03-10 16:58:45.101  2300  2300 D SurfaceFlinger: Setting desired display mode specs: {0, false, PR={p[24.00-120.00]Hz, r[24.00-120.00]Hz}, AR={p[0.00-120.00]Hz, r[0.00-120.00]Hz}} for display 4630947043778501763
03-10 16:58:45.101  2300  2300 I SurfaceFlinger: Switching to Scheduler preferred mode 0 (60.00 Hz) for display 4630947043778501763
03-10 16:58:45.101  2300  2300 W ComposerExtn: DisplayExtnImpl::SetActiveConfig: HWC Display 2 is not registered!
03-10 16:58:45.101  2300  2300 D DisplayModeController: setDesiredMode 4630947043778501763 {mode={fps=60.00 Hz, modePtr={id=0, vsyncRate=60.00 Hz, peakRefreshRate=60.00 Hz}}, emitEvent=true, force=false}
03-10 16:58:45.101  2195  2386 I SDM     : DisplayBase::SetDisplayState: Set state = 1, display 76-0, teardown = 0
03-10 16:58:45.102  2195  2386 I SDM     : HWDeviceDRM::NullCommit: Null commit succeeded crtc=203
03-10 16:58:45.102  3163  3227 D TouchHwAidlService: setStowGestureMode for cli stowed=false ret=0
03-10 16:58:45.102  3163  3231 I InputManager-JNI: Viewport [0] to add: local:4630947043778501762, isActive: false
03-10 16:58:45.102  3163  3231 I InputManager-JNI: Viewport [1] to add: local:4630947043778501763, isActive: true
03-10 16:58:45.102  5625  5625 D KeyguardViewMediator: KeyguardViewMediator queue processing message: NOTIFY_FINISHED_GOING_TO_SLEEP
03-10 16:58:45.102  3163  3163 I BrightnessSynchronizer: New Update: {[8567] 0.2867787(f), mUpdatedTypes=1, mConfirmedTypes=0, mTimeUpdated=0, mState=2}
03-10 16:58:45.102  3163  3163 I BrightnessSynchronizer: [8567] New Update 0.2867787(f) set brightness values:  74(i)
03-10 16:58:45.104  3163  3229 V WindowManager: Content Recording: Display 1 state was (1), is now (2), so update recording?
03-10 16:58:45.104  3163  3229 D CLI/Transition: displaygroup 1, state ON, pendingdisplaygroup -1
03-10 16:58:45.105  3163  3229 I DisplayDevice: [1] Layerstack set to 1 for local:4630947043778501763 mDisplayToken=android.os.BinderProxy@433f576 t=Transaction{mNativeObject=-5476376673043392304, mHashCode=0}
03-10 16:58:45.106  3163  4285 I InputReader: Reconfiguring input devices, changes=DISPLAY_INFO
03-10 16:58:45.106  3163  3231 D PanelsService: updateCliDisplayState: mCliScreenState=ON
03-10 16:58:45.106  3163  4285 I InputReader: Disabling goodix_ts (device 7) because the associated viewport is not active
03-10 16:58:45.106  3163  6380 E WindowManager: Dream packageName does not match active dream. Package com.dunkinbrands.otgo does not match ComponentInfo{com.android.systemui/com.android.systemui.doze.DozeService}
03-10 16:58:45.106  3163  8251 E WindowManager: Dream packageName does not match active dream. Package com.motorola.mobiledesktop does not match ComponentInfo{com.android.systemui/com.android.systemui.doze.DozeService}
03-10 16:58:45.106  3163  7402 E WindowManager: Dream packageName does not match active dream. Package com.motorola.mobiledesktop.core does not match ComponentInfo{com.android.systemui/com.android.systemui.doze.DozeService}
03-10 16:58:45.106  3163  3231 W ServiceManagerCppClient: Failed to get isDeclared for com.motorola.hardware.display.panel.IDisplayPanel/default: Status(-1, EX_SECURITY): 'SELinux denied.'
03-10 16:58:45.106  3163  3231 D DisplayPanelService: Setting panel dc mode: 0
03-10 16:58:45.106  2090  2090 I DisplayPanel: setDcMode: DC mode = OFF
03-10 16:58:45.107  2090  2090 D DisplayPanel: setParam: Success set DC to 0 for Primary display
03-10 16:58:45.107  3163  4285 I InputReader: Device reconfigured: id=6, name='zinitix_mt', size 194x368, orientation Rotation0, mode DIRECT, display id 1
03-10 16:58:45.107  3163  8301 D CoreBackPreview: Window{e1d6d9e u0 NotificationShade}: Setting back callback OnBackInvokedCallbackInfo{mCallback=android.window.IOnBackInvokedCallback$Stub$Proxy@dd5f63e, mPriority=0, mIsAnimationCallback=false}
03-10 16:58:45.108  3163  7400 E WindowManager: Dream packageName does not match active dream. Package com.motorola.motocare does not match ComponentInfo{com.android.systemui/com.android.systemui.doze.DozeService}
03-10 16:58:45.108  3163  6975 E WindowManager: Dream packageName does not match active dream. Package io.appium.settings does not match ComponentInfo{com.android.systemui/com.android.systemui.doze.DozeService}
03-10 16:58:45.108  3163  8251 E WindowManager: Dream packageName does not match active dream. Package com.google.android.gsf does not match ComponentInfo{com.android.systemui/com.android.systemui.doze.DozeService}
03-10 16:58:45.108  3163  8251 E WindowManager: Dream packageName does not match active dream. Package com.google.android.gms does not match ComponentInfo{com.android.systemui/com.android.systemui.doze.DozeService}
03-10 16:58:45.108  3163  5853 E WindowManager: Dream packageName does not match active dream. Package com.google.android.gsf does not match ComponentInfo{com.android.systemui/com.android.systemui.doze.DozeService}
03-10 16:58:45.109  3163  5853 E WindowManager: Dream packageName does not match active dream. Package com.google.android.gms does not match ComponentInfo{com.android.systemui/com.android.systemui.doze.DozeService}
03-10 16:58:45.109 10834 10834 I PkDeviceHelper: PkDeviceHelper.refreshDevices():93 refreshing devices
03-10 16:58:45.109  3163  6987 E WindowManager: Dream packageName does not match active dream. Package com.google.android.inputmethod.latin does not match ComponentInfo{com.android.systemui/com.android.systemui.doze.DozeService}
03-10 16:58:45.109  7545  7545 I FileStationLog: [ FS_h$a ] - [Display] Changed display: 1
03-10 16:58:45.110  3163  6380 E WindowManager: Dream packageName does not match active dream. Package com.motorola.launcher3 does not match ComponentInfo{com.android.systemui/com.android.systemui.doze.DozeService}
03-10 16:58:45.110  3163  6975 E WindowManager: Dream packageName does not match active dream. Package com.motorola.mobiledesktop.core does not match ComponentInfo{com.android.systemui/com.android.systemui.doze.DozeService}
03-10 16:58:45.110  3163  5216 E WindowManager: Dream packageName does not match active dream. Package com.dolby.daxservice does not match ComponentInfo{com.android.systemui/com.android.systemui.doze.DozeService}
03-10 16:58:45.111  3163  3227 D TouchHwAidlService: updateCliDisplayState: mCliScreenOn=true
03-10 16:58:45.111  3163  7471 E WindowManager: Dream packageName does not match active dream. Package com.motorola.livewallpaper3.prebuilt.vanilla_reflection does not match ComponentInfo{com.android.systemui/com.android.systemui.doze.DozeService}
03-10 16:58:45.111  3163  7000 E WindowManager: Dream packageName does not match active dream. Package com.google.android.ext.services does not match ComponentInfo{com.android.systemui/com.android.systemui.doze.DozeService}
03-10 16:58:45.111  7545  7545 I FileStationLog: [ FS_h$a ] - [Display] Ignoring change for non-default/desktop display: 1
03-10 16:58:45.112 11449 11449 I OverviewComponentObserver: updateOverviewTargets: mIsHomeDisabled=true, isDefaultHomeNull=false, mIsDefaultHome=true
03-10 16:58:45.113  5625  5625 I vol.VolumeDialogImpl: mDialog.dismiss() reason: screen_off from: com.android.systemui.volume.VolumeDialogImpl$10.onScreenOff:4 displayId: 0 mShowing: false mIsAnimatingDismiss: true
03-10 16:58:45.113  5625  5625 D vol.VolumeDialogImpl: dismissH: skipping dismiss because isAnimatingDismiss is true and showingStateInconsistent is false
03-10 16:58:45.115  3163  3163 I BrightnessSynchronizer: Swallowing update of 74(i) by update: {[8567] 0.2867787(f), mUpdatedTypes=1, mConfirmedTypes=1, mTimeUpdated=69231789, mState=2}
03-10 16:58:45.115  3163  3163 I BrightnessSynchronizer: Completed Update: {[8567] 0.2867787(f), mUpdatedTypes=1, mConfirmedTypes=1, mTimeUpdated=69231789, mState=3}
03-10 16:58:45.115  5625  5625 D SCliNotificationListener: onNotificationListUpdate: [com.android.systemui.statusbar.notification.collection.GroupEntry@6065b83]
03-10 16:58:45.116  5493  6013 W HWUI    : Surface doesn't have any previously queued frames, nothing to readback from
03-10 16:58:45.123  3163  3231 W AccessibilityWindowsPopulator: The displayInfo of this displayId (0) called back from the surface fligner is null
03-10 16:58:45.123  3163  5216 W AccessibilityWindowsPopulator: The displayInfo of this displayId (0) called back from the surface fligner is null
03-10 16:58:45.124  5625  5625 I vol.VolumeDialogImpl: dismissH reason = posture_changed mDialog.isShowing(): false
03-10 16:58:45.125  5625  5625 V DreamService[DozeService]: wakeUp(): fromSystem=true, mWaking=false, mFinished=false callers=android.service.dreams.DreamService.-$$Nest$mwakeUp:0 android.service.dreams.DreamService$DreamServiceWrapper.lambda$wakeUp$1:1794 android.service.dreams.DreamService$DreamServiceWrapper.$r8$lambda$SFP-NasoKFNaaOvKHyJqrl_aPt8:0 android.service.dreams.DreamService$DreamServiceWrapper$$ExternalSyntheticLambda3.run:0 android.os.Handler.handleCallback:1001 
03-10 16:58:45.125  5625  5625 V DreamService[DozeService]: finish(): mFinished=false activity=null callers=android.service.dreams.DreamService.onWakeUp:1197 android.service.dreams.DreamService.wakeUp:1360 android.service.dreams.DreamService.-$$Nest$mwakeUp:0 android.service.dreams.DreamService$DreamServiceWrapper.lambda$wakeUp$1:1794 android.service.dreams.DreamService$DreamServiceWrapper.$r8$lambda$SFP-NasoKFNaaOvKHyJqrl_aPt8:0 
03-10 16:58:45.125  3163  5853 I DreamManagerService: finishSelf by com.android.systemui callingUid=10394 callingPid=5625
03-10 16:58:45.126  3163  5853 D DreamManagerService: Dream finished: android.os.Binder@e507821, immediate=true
03-10 16:58:45.126  3163  5853 I DreamManagerService: Leaving dreamland.
03-10 16:58:45.126  3163  5853 I DreamManagerService: stopDreamLocked. callers=com.android.server.dreams.DreamManagerService.finishSelfInternal:514 com.android.server.dreams.DreamManagerService.-$$Nest$mfinishSelfInternal:0 com.android.server.dreams.DreamManagerService$BinderService.finishSelf:1092 android.service.dreams.IDreamManager$Stub.onTransact:292 android.os.Binder.execTransactInternal:1520 
03-10 16:58:45.126  3163  3227 I DreamController: Stopping dream: name=ComponentInfo{com.android.systemui/com.android.systemui.doze.DozeService}, isPreviewMode=false, canDoze=true, userId=0, reason='finished self'(from 'request awaken')
03-10 16:58:45.126  5625  5625 I Channel.Remote: [de8362611079428da312381e6bb8b50c|com.motorola.personalize] Keep channel connection alive true by 4
03-10 16:58:45.127  5625  5625 D KeyguardViewMediator: KeyguardViewMediator queue processing message: NOTIFY_STARTED_WAKING_UP
03-10 16:58:45.130  5625  5962 D KeyguardViewMediator: updateActivityLockScreenState(true, false)
03-10 16:58:45.132  5625  5625 V DreamService[DozeService]: finish(): mFinished=true activity=null callers=com.android.systemui.doze.DozeMachine$Service$Delegate.finish:3 com.android.systemui.doze.DozeMachine$Service$Delegate.finish:3 com.android.systemui.doze.DozeMachine.transitionTo:557 com.android.systemui.doze.DozeMachine.transitionTo:659 com.android.systemui.doze.DozeMachine.requestState:10 
03-10 16:58:45.132  2064  2064 I sensors-hal: activate:173, com.motorola.sensor.glance/65658 en=0
03-10 16:58:45.133  2064  2064 I sensors-hal: deactivate:166, deactivate glance 65548
03-10 16:58:45.133  2061  2108 E minksocket: MinkIPC_QRTR_Service: client with node 1 port 6804 went down
03-10 16:58:45.133  2064  2064 I sensors-hal: activate:184, com.motorola.sensor.glance/65658 en=0 completed
03-10 16:58:45.135  2064  2064 I sensors-hal: activate:173, com.motorola.sensor.ltv/65738 en=0
03-10 16:58:45.135  2061  2108 E minksocket: MinkIPC_QRTR_Service: client with node 1 port 67ff went down
03-10 16:58:45.136  2064  2064 I sensors-hal: activate:184, com.motorola.sensor.ltv/65738 en=0 completed
03-10 16:58:45.137  5493  6013 W HWUI    : Surface doesn't have any previously queued frames, nothing to readback from
03-10 16:58:45.140  3163  3231 W AccessibilityWindowsPopulator: The displayInfo of this displayId (0) called back from the surface fligner is null
03-10 16:58:45.141  3163  6016 D SystemServerTiming: getUserSwitchability-0
03-10 16:58:45.141  3163  6016 D SystemServerTiming: TM.isInCall
03-10 16:58:45.142  3163  6016 D SystemServerTiming: hasUserRestriction-DISALLOW_USER_SWITCH
03-10 16:58:45.142  3163  6016 D SystemServerTiming: getInt-ALLOW_USER_SWITCHING_WHEN_SYSTEM_USER_LOCKED
03-10 16:58:45.142  3163  6016 D SystemServerTiming: isUserUnlocked-USER_SYSTEM
03-10 16:58:45.142  5625  6171 I Channel.Remote: [binder:5625_4] [de8362611079428da312381e6bb8b50c|com.motorola.personalize][508] received remote channel service seq:508 results
03-10 16:58:45.143  5625  5625 D SCliNotificationListener: onNotificationListUpdate: [com.android.systemui.statusbar.notification.collection.GroupEntry@6065b83]
03-10 16:58:45.145  5625  5625 V DreamService[DozeService]: detach(): Calling onDreamingStopped()
03-10 16:58:45.145  5625  5625 V DreamService[DozeService]: onDreamingStopped()
03-10 16:58:45.145  5625  5625 V DreamService[DozeService]: detach(): mActivity=null mActivity.isFinishing()=false
03-10 16:58:45.146  5625  5625 V DreamService[DozeService]: finish(): mFinished=true activity=null callers=android.service.dreams.DreamService.detach:1492 android.service.dreams.DreamService.-$$Nest$mdetach:0 android.service.dreams.DreamService$DreamServiceWrapper.$r8$lambda$1LeV6PgvJQarx7-tBMQHBSWLLCM:0 android.service.dreams.DreamService$DreamServiceWrapper$$ExternalSyntheticLambda1.run:0 android.os.Handler.handleCallback:1001 
03-10 16:58:45.146  5625  5625 V DreamService[DozeService]: onDestroy()
03-10 16:58:45.146  5625  5625 V DreamService[DozeService]: detach(): mActivity=null mActivity.isFinishing()=false
03-10 16:58:45.146  5625  5625 V DreamService[DozeService]: finish(): mFinished=true activity=null callers=android.service.dreams.DreamService.detach:1492 android.service.dreams.DreamService.onDestroy:1385 com.android.systemui.doze.DozeService.onDestroy:8 android.app.ActivityThread.handleStopService:5307 android.app.ActivityThread.-$$Nest$mhandleStopService:0 
03-10 16:58:45.151  5625  5940 D KeyguardTransitionRepository: (Internal) Setting current transition info: TransitionInfo(ownerName=FromDozingTransitionInteractor, from=DOZING, to=LOCKSCREEN, animated)
03-10 16:58:45.155  5625  5625 I Typeface: mototime=Rookery-Stacked;moto_time;5625
03-10 16:58:45.157  5625  5625 I Typeface: mototime=Rookery-Stacked;moto_time;5625
03-10 16:58:45.158  5625  5625 D LockScreen_Plugin: notifyAttributesChanged: pluginCallback = com.android.systemui.shared.plugins.MotoLsClockFacePlugin$PluginCallback@db2e267, data = Bundle[{clock_face_time=moto_time, clock_face_color=-1}]
03-10 16:58:45.158  5625  5625 V MotoLsClockFacePlugin: onClockFaceColorChange: 0xffffffff
03-10 16:58:45.158  5625  5625 V MotoLsClockFacePlugin: onClockFontChanged
03-10 16:58:45.167  3163  7000 D SystemServerTiming: getUserSwitchability-0
03-10 16:58:45.167  3163  7000 D SystemServerTiming: TM.isInCall
03-10 16:58:45.167  3163  6016 D SystemServerTiming: getUserSwitchability-0
03-10 16:58:45.167  3163  6016 D SystemServerTiming: TM.isInCall
03-10 16:58:45.168  3163  7000 D SystemServerTiming: hasUserRestriction-DISALLOW_USER_SWITCH
03-10 16:58:45.168  3163  7000 D SystemServerTiming: getInt-ALLOW_USER_SWITCHING_WHEN_SYSTEM_USER_LOCKED
03-10 16:58:45.168  3163  7000 D SystemServerTiming: isUserUnlocked-USER_SYSTEM
03-10 16:58:45.168  3163  6016 D SystemServerTiming: hasUserRestriction-DISALLOW_USER_SWITCH
03-10 16:58:45.168  3163  6016 D SystemServerTiming: getInt-ALLOW_USER_SWITCHING_WHEN_SYSTEM_USER_LOCKED
03-10 16:58:45.168  3163  6016 D SystemServerTiming: isUserUnlocked-USER_SYSTEM
03-10 16:58:45.168  5625  5625 I KeyguardTransitionRepository: Transition still active: TransitionStep(from=GONE, to=DOZING, value=0.38049304, transitionState=RUNNING, ownerName=FromGoneTransitionInteractor(Sleep transition triggered)), canceling
03-10 16:58:45.168  5625  5625 I KeyguardTransitionRepository: CANCELED transition: TransitionStep(from=GONE, to=DOZING, value=0.38049304, transitionState=CANCELED, ownerName=FromGoneTransitionInteractor(Sleep transition triggered))
03-10 16:58:45.168  5625  5625 I KeyguardTransitionRepository: STARTED transition: TransitionStep(from=DOZING, to=LOCKSCREEN, value=0.38049304, transitionState=STARTED, ownerName=FromDozingTransitionInteractor)
03-10 16:58:45.175  5625  5625 D BiometricsRepositoryImpl: currentUser authFlags changed, new value: AuthenticationFlags(userId=0, flag=0)
03-10 16:58:45.176  5625  5625 D BiometricsRepositoryImpl: currentUser authFlags changed, new value: AuthenticationFlags(userId=0, flag=0)
03-10 16:58:45.176  5625  5625 D BiometricsRepositoryImpl: currentUser authFlags changed, new value: AuthenticationFlags(userId=0, flag=0)
03-10 16:58:45.177  5625  5625 D BiometricsRepositoryImpl: currentUser authFlags changed, new value: AuthenticationFlags(userId=0, flag=0)
03-10 16:58:45.187  5625  5920 D ControlsListingControllerImpl: Subscribing callback, service count: 1
03-10 16:58:45.190  5625  5920 D ControlsListingControllerImpl: Subscribing callback, service count: 1
03-10 16:58:45.190  5625  5625 D BiometricsRepositoryImpl: currentUser authFlags changed, new value: AuthenticationFlags(userId=0, flag=0)
03-10 16:58:45.190  5625  5625 D BiometricsRepositoryImpl: currentUser authFlags changed, new value: AuthenticationFlags(userId=0, flag=0)
03-10 16:58:45.192  5625  5920 D ControlsListingControllerImpl: Subscribing callback, service count: 1
03-10 16:58:45.227  6942  6942 D NfcService: MSG_APPLY_SCREEN_STATE 4
03-10 16:58:45.228  6942  6942 D libnfc_nci: nfcManager_doSetScreenState: state = 4 prevScreenState= 2, discovry_param = 1
03-10 16:58:45.228  2582  8068 D NxpTml  : PN54X - Write requested.....
03-10 16:58:45.228  2582  8068 D NxpTml  : PN54X - Invoking I2C Write.....
03-10 16:58:45.229  2582  8068 I NxpNciX : len =   4 > 20090102
03-10 16:58:45.229  2582  8068 D NxpTml  : PN54X - I2C Write successful.....
03-10 16:58:45.229  2582  8068 D NxpTml  : PN54X - Posting Fresh Write message.....
03-10 16:58:45.229  2582  8068 D NxpTml  : PN54X - Tml Writer Thread Running................
03-10 16:58:45.229  2582  8070 D NxpHal  : write successful status = 0x0
03-10 16:58:45.229  2582  8059 D NxpTml  : PN54X - I2C Read successful.....
03-10 16:58:45.229  2582  8059 I NxpNciR : len =   4 > 40090100
03-10 16:58:45.229  2582  8059 D NxpTml  : PN54X - Posting read message.....
03-10 16:58:45.230  2582  8070 D NxpHal  : read successful status = 0x0
03-10 16:58:45.230  6942  8007 D libnfc_nci: nfaDeviceManagementCallback: enter; event=0xB
03-10 16:58:45.230  2582  8059 D NxpTml  : PN54X - Read requested.....
03-10 16:58:45.230  2582  8059 D NxpTml  : PN54X - Invoking I2C Read.....
03-10 16:58:45.230  6942  8007 D libnfc_nci: nfaDeviceManagementCallback: NFA_DM_SET_POWER_SUB_STATE_EVT; status=0x0
03-10 16:58:45.230  2582  8068 D NxpTml  : PN54X - Write requested.....
03-10 16:58:45.230  2582  8068 D NxpTml  : PN54X - Invoking I2C Write.....
03-10 16:58:45.230  2582  8068 I NxpNciX : len =   7 > 20020401020100
03-10 16:58:45.231  2582  8068 D NxpTml  : PN54X - I2C Write successful.....
03-10 16:58:45.231  2582  8068 D NxpTml  : PN54X - Posting Fresh Write message.....
03-10 16:58:45.231  2582  8068 D NxpTml  : PN54X - Tml Writer Thread Running................
03-10 16:58:45.231  2582  8070 D NxpHal  : write successful status = 0x0
03-10 16:58:45.231  2582  8059 D NxpTml  : PN54X - I2C Read successful.....
03-10 16:58:45.231  2582  8059 I NxpNciR : len =   5 > 4002020000
03-10 16:58:45.231  2582  8059 D NxpTml  : PN54X - Posting read message.....
03-10 16:58:45.231  2582  8070 D NxpHal  : read successful status = 0x0
03-10 16:58:45.231  2582  8070 D NxpHal  : phNxpNciHal_print_res_status: response status =STATUS_OK
03-10 16:58:45.232  6942  8007 D libnfc_nci: nfaDeviceManagementCallback: enter; event=0x2
03-10 16:58:45.232  6942  8007 D libnfc_nci: nfaDeviceManagementCallback: NFA_DM_SET_CONFIG_EVT
03-10 16:58:45.232  2582  8059 D NxpTml  : PN54X - Read requested.....
03-10 16:58:45.232  2582  8059 D NxpTml  : PN54X - Invoking I2C Read.....
03-10 16:58:45.234  7150  8001 D WeatherApi: isOWeather: true
03-10 16:58:45.234  2064  2064 I sensors-hal: flush:235, android.sensor.accelerometer/11
03-10 16:58:45.234  2064  2064 I sensors-hal: send_sync_sensor_request:341, send sync request
03-10 16:58:45.234  2064  2064 I sensors-hal: send_sync_sensor_request:367, wait for notification of response
03-10 16:58:45.235  2064  5194 I sensors-hal: ssc_conn_resp_cb:632, resp_value = 0
03-10 16:58:45.235  2064  2064 I sensors-hal: send_sync_sensor_request:373, takes 0 ms to receive the response with 0
03-10 16:58:45.235  2064  2064 I sensors-hal: flush:241, android.sensor.accelerometer/11 completed
03-10 16:58:45.240  6978  6978 I Smart5G : [Smart5GService] receive action: android.intent.action.SCREEN_ON
03-10 16:58:45.240  5689  5689 E DPMJ    : |SERVICE| sendScreenState state  trueand int value 1
03-10 16:58:45.243  3163  5215 I MR2ServiceImpl: Updating composite discovery preference | preference: RouteDiscoveryRequest{ preferredFeatures={}, activeScan=false }, active routers: []
03-10 16:58:45.247  7314  7314 D GameMode: isScreenUnlocked: false
03-10 16:58:45.256 10834 28118 I DeviceStatusMonitor: DeviceStatusMonitor.handleBroadcast():138 onReceive() : Action = android.intent.action.SCREEN_ON
03-10 16:58:45.256 10834 28118 I DeviceStatusMonitor: DeviceStatusMonitor.updateCountryInfo():154 updateCountryInfo(), notifyAnyway = false
03-10 16:58:45.259  7545  7545 I FileStationLog: [ FileStationManager ] - screenIsOn: true, hasWindowShowed: false
03-10 16:58:45.259  7545  7545 I MotoDesktopLog: [ FileStationLog ] - broadcastMessage - cmd : 2008
03-10 16:58:45.262  5993  8761 I NearbyDiscovery: (REDACTED) FastPairHandler: Received action %s
03-10 16:58:45.263  5993  8761 I NearbyDiscovery: (REDACTED) PureOffloadFastPairScanner: eventType=%s, isInternalReq=%s, isScanning=%s, isScanningAllowed=%s
03-10 16:58:45.263  5993  8761 I NearbyDiscovery: (REDACTED) ApFastPairScanner: isScreenOn=%s, isLocationEnabled=%s, disableLocationRequirement=%s, isDiscoveryScanningEnabled=%s, during24GhzWifiWarmingUpPeriod=%s
03-10 16:58:45.264  5993  8761 D BluetoothAdapter: isLeEnabled(): ON
03-10 16:58:45.264  5993  8761 I NearbyDiscovery: (REDACTED) ApFastPairScanner: eventType=%s, intReq=%s, scanning=%s, scanAllowed=%s, bleEnabled=%s, lockScanRate=%s, startScanningByLowPowerMode=%s
03-10 16:58:45.264  5993  8761 I NearbyDiscovery: (REDACTED) ApFastPairScanner: isScreenOn=%s, isLocationEnabled=%s, disableLocationRequirement=%s, isDiscoveryScanningEnabled=%s, during24GhzWifiWarmingUpPeriod=%s
03-10 16:58:45.264  5993  8761 I NearbyDiscovery: (REDACTED) ApFastPairScanner: Start scanning internally, %s
03-10 16:58:45.264  5993  8761 D BluetoothAdapter: isLeEnabled(): ON
03-10 16:58:45.267  5625  5625 V KeyguardStatusViewController: onTimeChanged
03-10 16:58:45.267  5658 28836 I bt_shim_scanner: system/main/shim/le_scanning_manager.cc:172 RegisterScanner: in shim layer
03-10 16:58:45.268  2064  2064 I sensors-hal: batch:206, com.motorola.sensor.tap/65988, period=66667000, max_latency=0
03-10 16:58:45.269  2064  2064 I sensors-hal: set_config:57, sample_period_ns is adjusted to 0 based on min/max delay_ns
03-10 16:58:45.269  2064  2064 I sensors-hal: batch:215, com.motorola.sensor.tap/65988, period=66667000, max_latency=0 request completed
03-10 16:58:45.270  2064  4171 D slpi-TMD2712: tmd2712: Prox pdata 5, offset1:70, full: 726, NearBy: 0, Lth:54, Hth:85,off_l 70. off_h 0, th_l 1, th_h 85
03-10 16:58:45.271  5993  8031 D BluetoothLeScanner: onScannerRegistered() - status=0 scannerId=1 mScannerId=0
03-10 16:58:45.272  2064  2064 I sensors-hal: activate:173, com.motorola.sensor.tap/65988 en=1
03-10 16:58:45.272  2064  2064 I sensors-hal: get_qmi_debug_flag:239, support_qmi_debug : false
03-10 16:58:45.272  6344  6344 V ClockFace: onDataSetChanged: clock update in remote
03-10 16:58:45.273  2061  2108 E minksocket: MinkIPC_QRTR_Service: client with node 1 port 680f went down
03-10 16:58:45.274  3163  7000 W PackageManager: Missing required system package: wsj.reader_sp, but found with extended search.
03-10 16:58:45.274  2061  2108 E minksocket: MinkIPC_QRTR_Service: client with node 1 port 6810 went down
03-10 16:58:45.274  3163  7000 W PackageManager: Missing required system package: whitecastle.ordering, but found with extended search.
03-10 16:58:45.274  2195  2386 I SDM     : PipeAllocSdma2::CalculatePipeNumToDedicate: num_vig: 0, num_dma: 1
03-10 16:58:45.274  2195  2386 I SDM     : DisplayBase::SetDisplayState: active 1-1 state 1-1 pending_power_state_ 0
03-10 16:58:45.274  5993  8761 I NearbyDiscovery: (REDACTED) ApFastPairScanner: Start scanning, mode=%s
03-10 16:58:45.274  3163  7000 W PackageManager: Missing required system package: sp0n.citizen, but found with extended search.
03-10 16:58:45.274  5993  8761 I NearbyDiscovery: FastPairController: onSystemStateChanged: skip due to flag disabled [CONTEXT service_id=265 ]
03-10 16:58:45.274  3163  7000 W PackageManager: Missing required system package: org.rajman.neshan.traffic.tehran.navigator, but found with extended search.
03-10 16:58:45.275  3163  7000 W PackageManager: Missing required system package: org.me.mobiexpensifyg, but found with extended search.
03-10 16:58:45.275  3163  7000 W PackageManager: Missing required system package: org.kiva.lending, but found with extended search.
03-10 16:58:45.275  2300  2300 W ComposerExtn: DisplayExtnImpl::SetEarlyWakeUpConfig: HWC Display 2 is not registered!
03-10 16:58:45.275  2300  2300 D SurfaceFlinger: Finished setting power mode 2 on display 4630947043778501763
03-10 16:58:45.275  2300  2300 D RefreshRateSelector: [90:120:0]: mTouchBoostRefreshRateAvailable=0, mScrollBoostRefreshRateAvailable=0, mTouchOnBlankNotBoostRefreshRateAvailable=0
03-10 16:58:45.275  3163  7000 W PackageManager: Missing required system package: onxmaps.offroad, but found with extended search.
03-10 16:58:45.275  3163  7000 W PackageManager: Missing required system package: onxmaps.hunt, but found with extended search.
03-10 16:58:45.275  3163  7000 W PackageManager: Missing required system package: mnn.Android, but found with extended search.
03-10 16:58:45.275  5658  6105 I bt_shim_scanner: system/main/shim/le_scanning_manager.cc:282 ScanFilterEnable: in shim layer
03-10 16:58:45.275  3163  7000 W PackageManager: Missing required system package: io.appium.settings, but found with extended search.
03-10 16:58:45.275  3163  7000 W PackageManager: Missing required system package: gplx.simple.budgetapp, but found with extended search.
03-10 16:58:45.275  3163  7000 W PackageManager: Missing required system package: de.zalando.mobile, but found with extended search.
03-10 16:58:45.275  5658  6105 I bt_shim_scanner: system/main/shim/le_scanning_manager.cc:258 ScanFilterAdd: in shim layer
03-10 16:58:45.275  3163  7000 W PackageManager: Missing required system package: ctrip.english, but found with extended search.
03-10 16:58:45.275  3163  7000 W PackageManager: Missing required system package: crumbl.cookies, but found with extended search.
03-10 16:58:45.276  3163  7000 W PackageManager: Missing required system package: com.zzkko, but found with extended search.
03-10 16:58:45.276  3163  7000 W PackageManager: Missing required system package: com.zhiliaoapp.musically, but found with extended search.
03-10 16:58:45.276  3163  5308 D SurfaceControl: Excessive delay in setPowerMode()
03-10 16:58:45.276  5658  6105 I bt_shim_scanner: system/main/shim/le_scanning_manager.cc:220 ScanFilterParamSetup: in shim layer, clientIf=1
03-10 16:58:45.276  3163  7000 W PackageManager: Missing required system package: com.zellepay.zelle, but found with extended search.
03-10 16:58:45.276  2061  2108 E minksocket: MinkIPC_QRTR_Service: client with node 1 port 6811 went down
03-10 16:58:45.276  3163  7000 W PackageManager: Missing required system package: com.zappos.android, but found with extended search.
03-10 16:58:45.276  2064  2064 E Diag_Lib: diag: Diag_LSM_Init: invoked for pid: 2064 with init_count: 0
03-10 16:58:45.276  3163  7000 W PackageManager: Missing required system package: com.yum.pizzahut, but found with extended search.
03-10 16:58:45.276  3163  7000 W PackageManager: Missing required system package: com.youneedabudget.evergreen.app, but found with extended search.
03-10 16:58:45.276  2064  2064 E Diag_Lib: diag:failed to connect to diag socket
03-10 16:58:45.276  3163  7000 W PackageManager: Missing required system package: com.yelp.android, but found with extended search.
03-10 16:58:45.276  2064  2064 E Diag_Lib:  Diag_LSM_Init: Failed to open handle to diag driver, error = 13
03-10 16:58:45.276  2068  6060 I vendor.qti.bluetooth@1.0-ibs_handler: ProcessIbsCmd: Received IBS_WAKE_IND: 0xFD
03-10 16:58:45.276  3163  7000 W PackageManager: Missing required system package: com.whatsapp, but found with extended search.
03-10 16:58:45.276  2068  6060 I vendor.qti.bluetooth@1.0-ibs_handler: ProcessIbsCmd: Writing IBS_WAKE_ACK
03-10 16:58:45.276  2064  2064 I sensors-hal: send_sync_sensor_request:341, send sync request
03-10 16:58:45.276  3163  7000 W PackageManager: Missing required system package: com.whatnot_mobile, but found with extended search.
03-10 16:58:45.276  2064  2064 I sensors-hal: send_sync_sensor_request:367, wait for notification of response
03-10 16:58:45.276  3163  7000 W PackageManager: Missing required system package: com.wendys.nutritiontool, but found with extended search.
03-10 16:58:45.276  3163  7000 W PackageManager: Missing required system package: com.wealthsimple.trade, but found with extended search.
03-10 16:58:45.276  2061  2108 E minksocket: MinkIPC_QRTR_Service: client with node 1 port 6812 went down
03-10 16:58:45.277  3163  7000 W PackageManager: Missing required system package: com.wealthfront, but found with extended search.
03-10 16:58:45.277  3163  7000 W PackageManager: Missing required system package: com.waze, but found with extended search.
03-10 16:58:45.277  3163  7000 W PackageManager: Missing required system package: com.wayfair.wayfair, but found with extended search.
03-10 16:58:45.277  3163  7000 W PackageManager: Missing required system package: com.wallpaper.edge.aura, but found with extended search.
03-10 16:58:45.277  3163  7000 W PackageManager: Missing required system package: com.venmo, but found with extended search.
03-10 16:58:45.277  3163  7000 W PackageManager: Missing required system package: com.usatoday.android.news, but found with extended search.
03-10 16:58:45.277  3163  5308 W ServiceManagerCppClient: Failed to get isDeclared for com.motorola.hardware.display.panel.IDisplayPanel/default: Status(-1, EX_SECURITY): 'SELinux denied.'
03-10 16:58:45.277  5658  6105 I bt_shim_scanner: system/main/shim/le_scanning_manager.cc:258 ScanFilterAdd: in shim layer
03-10 16:58:45.277  3163  5308 D DisplayPanelService: Setting panel dc mode: 0
03-10 16:58:45.277  3163  7000 W PackageManager: Missing required system package: com.ulta, but found with extended search.
03-10 16:58:45.278  3163  7000 W PackageManager: Missing required system package: com.twitter.android, but found with extended search.
03-10 16:58:45.278  3163  7000 W PackageManager: Missing required system package: com.truefinance, but found with extended search.
03-10 16:58:45.278  3163  7000 W PackageManager: Missing required system package: com.truebill, but found with extended search.
03-10 16:58:45.278  3163  7000 W PackageManager: Missing required system package: com.trivago, but found with extended search.
03-10 16:58:45.278  3163  7000 W PackageManager: Missing required system package: com.tripadvisor.tripadvisor, but found with extended search.
03-10 16:58:45.278  2090  2090 I DisplayPanel: setDcMode: DC mode = OFF
03-10 16:58:45.278  3163  7000 W PackageManager: Missing required system package: com.tranzmate, but found with extended search.
03-10 16:58:45.278  3163  7000 W PackageManager: Missing required system package: com.tradestation.MobileTrading, but found with extended search.
03-10 16:58:45.278  5658  6105 I bt_shim_scanner: system/main/shim/le_scanning_manager.cc:220 ScanFilterParamSetup: in shim layer, clientIf=1
03-10 16:58:45.278  3163  7000 W PackageManager: Missing required system package: com.tiktok.lite.go, but found with extended search.
03-10 16:58:45.278  3163  7000 W PackageManager: Missing required system package: com.thredup.android, but found with extended search.
03-10 16:58:45.278  3163  7000 W PackageManager: Missing required system package: com.thirdframestudios.android.expensoor, but found with extended search.
03-10 16:58:45.278  3163  7000 W PackageManager: Missing required system package: com.teulys.metropolis, but found with extended search.
03-10 16:58:45.278  3163  7000 W PackageManager: Missing required system package: com.tdbank, but found with extended search.
03-10 16:58:45.278  3163  7000 W PackageManager: Missing required system package: com.tacobell.ordering, but found with extended search.
03-10 16:58:45.278  3163  7000 W PackageManager: Missing required system package: com.sygic.aura, but found with extended search.
03-10 16:58:45.278  3163  7000 W PackageManager: Missing required system package: com.subway.mobile.subwayapp03, but found with extended search.
03-10 16:58:45.278  3163  7000 W PackageManager: Missing required system package: com.substack.app, but found with extended search.
03-10 16:58:45.278  3163  7000 W PackageManager: Missing required system package: com.step.step, but found with extended search.
03-10 16:58:45.278  3163  7000 W PackageManager: Missing required system package: com.stash.stashinvest, but found with extended search.
03-10 16:58:45.278  3163  7000 W PackageManager: Missing required system package: com.staplesconnect.app.twa, but found with extended search.
03-10 16:58:45.278  3163  7000 W PackageManager: Missing required system package: com.spothero.spothero, but found with extended search.
03-10 16:58:45.278  3163  7000 W PackageManager: Missing required system package: com.sportsdirect.sdusapp, but found with extended search.
03-10 16:58:45.278  3163  7000 W PackageManager: Missing required system package: com.sofi.mobile, but found with extended search.
03-10 16:58:45.278  3163  7000 W PackageManager: Missing required system package: com.shell.sitibv.motorist.america, but found with extended search.
03-10 16:58:45.278  3163  7000 W PackageManager: Missing required system package: com.shakeshack.android, but found with extended search.
03-10 16:58:45.278  3163  7000 W PackageManager: Missing required system package: com.sephora, but found with extended search.
03-10 16:58:45.278  3163  7000 W PackageManager: Missing required system package: com.romwe, but found with extended search.
03-10 16:58:45.279  3163  7000 W PackageManager: Missing required system package: com.rome2rio.www.rome2rio, but found with extended search.
03-10 16:58:45.279  3163  7000 W PackageManager: Missing required system package: com.robinhood.android, but found with extended search.
03-10 16:58:45.279  3163  7000 W PackageManager: Missing required system package: com.ring.neighborhoods, but found with extended search.
03-10 16:58:45.279  2064  4171 I slpi-MOT_HINGE: Hingeposture   0.0 tent:0 gpio:-1 flip:2 flat:1 b:-0.4 2.2 9.6 17.1 -16.5 -19.1 f:-0.2 -2.4 -9.5 16.9 16.5 19.3
03-10 16:58:45.279  3163  7000 W PackageManager: Missing required system package: com.revolut.revolut, but found with extended search.
03-10 16:58:45.279  3163  7000 W PackageManager: Missing required system package: com.reddit.frontpage, but found with extended search.
03-10 16:58:45.279  3163  7000 W PackageManager: Missing required system package: com.recime.app, but found with extended search.
03-10 16:58:45.279  2064  8370 I sensors-hal: handle_indication_realtime:467,  SCHED_FIFO(10) for qmi_cbk
03-10 16:58:45.279  3163  7000 W PackageManager: Missing required system package: com.realbyteapps.moneymanagerfree, but found with extended search.
03-10 16:58:45.279  3163  7000 W PackageManager: Missing required system package: com.rarewire.forever21, but found with extended search.
03-10 16:58:45.279  3163  7000 W PackageManager: Missing required system package: com.q2e.firsttradeunionbank3351.mobile.production, but found with extended search.
03-10 16:58:45.279  3163  7000 W PackageManager: Missing required system package: com.poshmark.app, but found with extended search.
03-10 16:58:45.279  2064  8376 I sensors-hal: ssc_conn_resp_cb:632, resp_value = 0
03-10 16:58:45.279  3163  7000 W PackageManager: Missing required system package: com.poqstudio.app.platform.boohoo, but found with extended search.
03-10 16:58:45.279  3163  7000 W PackageManager: Missing required system package: com.podcast.podcasts, but found with extended search.
03-10 16:58:45.279  2064  2064 I sensors-hal: send_sync_sensor_request:373, takes 2 ms to receive the response with 0
03-10 16:58:45.279  2064  2064 I sensors-hal: activate:184, com.motorola.sensor.tap/65988 en=1 completed
03-10 16:58:45.279  3163  7000 W PackageManager: Missing required system package: com.phonepe.app, but found with extended search.
03-10 16:58:45.279  3163  7000 W PackageManager: Missing required system package: com.personalcapital.pcapandroid, but found with extended search.
03-10 16:58:45.279  3163  7000 W PackageManager: Missing required system package: com.peacocktv.peacockandroid, but found with extended search.
03-10 16:58:45.279  3163  7000 W PackageManager: Missing required system package: com.payoneer.android, but found with extended search.
03-10 16:58:45.279  3163  7000 W PackageManager: Missing required system package: com.particlenews.newsbreak, but found with extended search.
03-10 16:58:45.279  3163  7000 W PackageManager: Missing required system package: com.parkwhiz.driverApp, but found with extended search.
03-10 16:58:45.279  3163  7000 W PackageManager: Missing required system package: com.opentable, but found with extended search.
03-10 16:58:45.279  3163  7000 W PackageManager: Missing required system package: com.openai.chatgpt, but found with extended search.
03-10 16:58:45.279  3163  7000 W PackageManager: Missing required system package: com.onedebit.chime, but found with extended search.
03-10 16:58:45.279  3163  7000 W PackageManager: Missing required system package: com.olo.dairyqueen.production, but found with extended search.
03-10 16:58:45.279  3163  7000 W PackageManager: Missing required system package: com.nike.omega, but found with extended search.
03-10 16:58:45.279  3163  7000 W PackageManager: Missing required system package: com.newsbreak.crimeradar, but found with extended search.
03-10 16:58:45.279  3163  7000 W PackageManager: Missing required system package: com.newleaf.app.android.victor, but found with extended search.
03-10 16:58:45.279  3163  7000 W PackageManager: Missing required system package: com.newegg.app, but found with extended search.
03-10 16:58:45.280  3163  7000 W PackageManager: Missing required system package: com.myklarnamobile, but found with extended search.
03-10 16:58:45.280  3163  7000 W PackageManager: Missing required system package: com.mta.mobileapp, but found with extended search.
03-10 16:58:45.280  3163  7000 W PackageManager: Missing required system package: com.moneylion, but found with extended search.
03-10 16:58:45.280  3163  7000 W PackageManager: Missing required system package: com.mobilecreditcards, but found with extended search.
03-10 16:58:45.280  5658  6105 I bt_shim_scanner: system/main/shim/le_scanning_manager.cc:185 Scan: in shim layer started
03-10 16:58:45.280  5658  5907 I bluetooth: system/gd/hci/le_scanning_manager.cc:690 stop_scan: Scanning already stopped, return!
03-10 16:58:45.280  5658  5907 I bluetooth: system/gd/hci/le_address_manager.cc:226 register_client: Scheduled address rotation for first client registered
03-10 16:58:45.280  5658  5907 I bluetooth: system/gd/hci/le_address_manager.cc:229 register_client: Client registered
03-10 16:58:45.280  3163  7000 W PackageManager: Missing required system package: com.mobilaurus.wingstopandroid, but found with extended search.
03-10 16:58:45.280  3163  7000 W PackageManager: Missing required system package: com.microsoft.copilot, but found with extended search.
03-10 16:58:45.280  3163  7000 W PackageManager: Missing required system package: com.meesho.supply, but found with extended search.
03-10 16:58:45.280  3163  7000 W PackageManager: Missing required system package: com.mcdonalds.app, but found with extended search.
03-10 16:58:45.281  3163  7000 W PackageManager: Missing required system package: com.maps.radar.navigation.android2023, but found with extended search.
03-10 16:58:45.281  3163  7000 W PackageManager: Missing required system package: com.macys.android, but found with extended search.
03-10 16:58:45.281  3163  7000 W PackageManager: Missing required system package: com.m1finance.android, but found with extended search.
03-10 16:58:45.281  5658  6105 I bt_shim_scanner: system/main/shim/le_scanning_manager.cc:185 Scan: in shim layer stopped
03-10 16:58:45.281  5658  5907 I bluetooth: system/gd/hci/le_address_manager.cc:244 unregister_client: Client unregistered
03-10 16:58:45.281  3163  7000 W PackageManager: Missing required system package: com.lowes.android, but found with extended search.
03-10 16:58:45.281  5658  5907 I bluetooth: system/gd/hci/le_address_manager.cc:248 unregister_client: Cancelled address rotation alarm
03-10 16:58:45.281  3163  7000 W PackageManager: Missing required system package: com.littlecaesars, but found with extended search.
