--------- beginning of main
03-10 00:18:37.824 19089 19117 I appium  : channel read: GET /session/132167ed-085b-4212-86d3-d44ba6687f33/source
03-10 00:18:37.825 19089 19117 I appium  : Source command
03-10 00:18:37.825 19089 19117 I appium  : Waiting up to 10000ms for the device to idle
03-10 00:18:38.036 19089 19117 I appium  : AppiumResponse: {"sessionId":"132167ed-085b-4212-86d3-d44ba6687f33","value":"<?xml version='1.0' encoding='UTF-8' standalone='yes' ?>\r\n<hierarchy index=\"0\" class=\"hierarchy\" rotation=\"0\" width=\"1080\" height=\"2640\">\r\n  <android.widget.FrameLayout index=\"0\" package=\"com.facebook.katana\" class=\"andr…
03-10 00:18:38.055 19089 19117 I appium  : channel read: GET /session/132167ed-085b-4212-86d3-d44ba6687f33/screenshot
03-10 00:18:38.056 19089 19117 I appium  : CaptureScreenshot command
03-10 00:18:38.057 19089 19117 W tomator2.server: Accessing hidden method Landroid/view/Display;->getAddress()Landroid/view/DisplayAddress; (blocked, reflection, allowed)
03-10 00:18:38.057 19089 19117 W tomator2.server: Accessing hidden method Landroid/view/DisplayAddress$Physical;->getPhysicalDisplayId()J (blocked, reflection, allowed)
03-10 00:18:38.157 19982 19982 W BpBinder: Linking to death on android.gui.ISurfaceComposer but there are no threads (yet?) listening to incoming transactions. See ProcessState::startThreadPool and ProcessState::setThreadPoolMaxThreadCount. Generally you should setup the binder threadpool before other initialization steps.
03-10 00:18:38.157 19982 19982 W ProcessState: Extra binder thread started, but 0 threads requested. Do not use *startThreadPool when zero threads are requested.
03-10 00:18:38.530  7505  7505 D LocationTracker: Got a location update from Play Services
03-10 00:18:38.530  5993  7304 I FusedLocation: (REDACTED) location delivery to %s blocked - too close
03-10 00:18:38.531  5993  7304 I FusedLocation: (REDACTED) location delivery to %s blocked - too close
03-10 00:18:38.537  5993  7304 I FusedLocation: (REDACTED) location delivery to %s blocked - too close
03-10 00:18:38.543  5993  7304 I FusedLocation: (REDACTED) location delivery to %s blocked - too close
03-10 00:18:38.545 13100 13496 E msys    : E[N mns]_OnDiskCacheGetData(632)=>Start post callback cache refresh DNS resolution
03-10 00:18:38.564 13100 13496 E msys    : E[N mns]_LogError(228)=>Failed to resolve using system DNS resolver, getaddrinfo(): No address associated with hostname
03-10 00:18:38.564 13100 13496 E msys    : E[N mns]_OnDiskCacheGetData(632)=>Start post callback cache refresh DNS resolution
03-10 00:18:38.568 13100 13496 E msys    : E[N mns]_LogError(228)=>Failed to resolve using system DNS resolver, getaddrinfo(): No address associated with hostname
03-10 00:18:38.586 13100 13443 W RealtimeClientManager: Channel state: MqttChannelState{mConnectionState=CONNECTING, mDisconnectionReason=null, mLastConnectionMs=46260283, mLastDisconnectMs=46273481}
--------- beginning of system
03-10 00:18:38.973  3163  4238 D ActivityManager: freezing 4076 com.google.android.gm, reason = oom_cached
03-10 00:18:38.978  3163  5168 D InetDiagMessage: Destroyed 0 sockets, proto=IPPROTO_TCP, family=AF_INET, states=14
03-10 00:18:38.979  3163  5168 D InetDiagMessage: Destroyed 0 sockets, proto=IPPROTO_TCP, family=AF_INET6, states=14
03-10 00:18:38.979  3163  5168 D InetDiagMessage: Destroyed live tcp sockets for uids={10311} in 2ms
03-10 00:18:39.121 19089 19117 I appium  : AppiumResponse: {"sessionId":"132167ed-085b-4212-86d3-d44ba6687f33","value":"iVBORw0KGgoAAAANSUhEUgAABDgAAApQCAYAAABYiJrlAAAAAXNSR0IArs4c6QAAAARzQklUCAgICHwIZIgAACAASURBVHic7N15VFRnuj/6766BoYoZmVQGGQVRcUIQNSImzkk6MTEmMXbSaU866SS9Vv/6nD7rnnW7z/md3zmnV9/OTfftDJ3O0BlMoplMYhwRBQdUnEBmZJR5KOaqgqra+/5B125KUBGBqtLvZ62sSNW…
03-10 00:18:39.498  3163  5158 D WifiStaIfaceHidlImpl: getCachedScanData is not implemented by HIDL
03-10 00:18:39.536  5643 13675 D ApfFilter: (wlan0): Ignoring RA RA fe80::c294:35ff:fe71:84fd -> ff02::1 180s 2601:85:ca02:f280::/64 7200s/7200s DNS 180s 2601:85:ca02:f280:c294:35ff:fe71:84fd 2001:558:feed::1 2001:558:feed::2 RIO 180s ::/0  which matches RA fe80::c294:35ff:fe71:84fd -> ff02::1 180s 2601:85:ca02:f280::/64 7200s/7200s DNS 180s 2601:85:ca02:f280:c294:35ff:fe71:84fd 2001:558:feed::1 2001:558:feed::2 RIO 180s ::/0 
03-10 00:18:39.649 18641 18806 I ThermalEngine: Monitor:ACTIVE:MON-wlan:wlan-cutback=0:FUSE_TEMP=39993
03-10 00:18:39.649 18641 18806 E ThermalEngine: wlan_request_v2:set WLAN mitigation to 0
03-10 00:18:39.650  3065  3276 I Thermal-Lib: Thermal-Lib-Client: Client received msg wlan 0
03-10 00:18:39.650  3084  3373 I Thermal-Lib: Thermal-Lib-Client: Client received msg wlan 0
03-10 00:18:39.782  3163  4238 D ActivityManager: freezing 12048 com.google.android.permissioncontroller, reason = oom_cached
03-10 00:18:39.791  3163  5168 D InetDiagMessage: Destroyed 0 sockets, proto=IPPROTO_TCP, family=AF_INET, states=14
03-10 00:18:39.792  3163  5168 D InetDiagMessage: Destroyed 0 sockets, proto=IPPROTO_TCP, family=AF_INET6, states=14
03-10 00:18:39.792  3163  5168 D InetDiagMessage: Destroyed live tcp sockets for uids={10416} in 2ms
03-10 00:18:40.147  5727  5777 I QImsService: VtDataUsageProvider : onSetAlert:2097152
03-10 00:18:40.147  5727  5727 I QImsService: ImsServiceClassTracker : updateAlertQuota:newQuota=2097152,Remaining=2097152
03-10 00:18:40.256  3706  3714 I android.hardware.thermal@2.0-service.qti-v2: Sensor Name:skin1 temp: 40.004. prev severity:0. cur severity:3 New severity:3
03-10 00:18:40.306  2064  4171 I slpi-mot_tap : unmounted 141 - new tilt 29.435287
03-10 00:18:40.762  2064  4171 I slpi-MOT_HINGE: Hingeposture   0.0 tent:0 gpio:-1 flip:1 flat:1 b:-1.2 6.8 6.9 25.0 -23.1 -16.5 f:-1.4 -6.8 -6.9 24.7 23.1 16.8
03-10 00:18:40.763  2067  2174 D AHAL: AudioDevice: SetParameters: 1564: enter: mic_rotation=180
03-10 00:18:40.763  2067  2174 D AHAL: AudioVoice: VoiceSetParameters: 87: Enter params: mic_rotation=180
03-10 00:18:40.763  2067  2174 D AHAL: AudioVoice: VoiceSetParameters: 360: Exit ret: 0
03-10 00:18:40.763  2067  2174 D AHAL: FM: fm_set_parameters: 262: Enter
03-10 00:18:40.763  2067  2174 D AHAL: FM: fm_set_parameters: 320: exit
03-10 00:18:40.763  2067  2174 I AHAL: AudioDevice: SetParameters: 2223: mic_rotation: 180
03-10 00:18:40.763  2067  2174 D AHAL: AudioDevice: SetParameters: 2361: exit: mic_rotation=180
03-10 00:18:40.765  2064  4171 D slpi-TCS3720: ALS_REPORT lux 76.578125, ch0 35.937984-19.649288-14.637301-7.740058, scale 1.1878, fps 90, client 1
03-10 00:18:40.765  2064  4171 D slpi-TCS3720: PRX_OC info Far, Total 0, pdata 0, offset 0 step 0.63, ore 0:0 step 21.00, TH_H 1020, TH_L 0, client 0
03-10 00:18:40.766  2163  2163 D motorola.hardware.sensorext-service: handle id:13 wxh:1088x2640 uwxuh:1080x2640 size: 11489280 fd:11 fd_meta:12 flags:0x4000228 usage:0x33  format:0x1 layer_count: 1 reserved_size = 0
03-10 00:18:40.767  2195  2392 I SDM     : HWCSession::SetCWBOutputBuffer: CWB config passed by cwb_client : tappoint 1  CWB_ROI : (210.000000 26.000000 274.000000 90.000000) for display [1 0 0]
03-10 00:18:40.769  2195 19999 I SDM     : HWCDisplay::SetReadbackBuffer: CWB config from client: tap_point 1, CWB ROI Rect(210.000000 26.000000 274.000000 90.000000), PU_as_CWB_ROI 0, Cwb full rect : (0.000000 0.000000 1080.000000 2640.000000)
03-10 00:18:40.769  2195 19999 I SDM     : HWCDisplay::SetReadbackBuffer: Successfully configured the output buffer: readback_buffer_queued_ 1, readback_configured_ 0, cwb_client 3
03-10 00:18:40.769  2195 19999 I SDM     : HWCSession::ProcessRequests: Successfully configured CWB buffer.
03-10 00:18:40.773  3163  3231 I DeviceStateManagerService: Cannot notify device state info change when pending state is present.
03-10 00:18:40.774  3163  3227 D TouchHwAidlService: onStateChanged.. state=1
03-10 00:18:40.776  3163  3231 I LogicalDisplayMapper: Requesting Transition to state: 1, from state=5, interactive=true, mBootCompleted=true
03-10 00:18:40.776  3163  3231 I LogicalDisplayMapper: Applying layout: [{dispId: 0(ON), displayGroupName: , addr: {port=130, model=0x40446dccee101c}, mThermalBrightnessThrottlingMapId: null, mRefreshRateZoneId: null, mLeadDisplayId: -1, mLeadDisplayAddress: null, mThermalRefreshRateThrottlingMapId: null, mPowerThrottlingMapId: null}], Previous layout: [{dispId: 0(ON), displayGroupName: , addr: {port=130, model=0x40446dccee101c}, mThermalBrightnessThrottlingMapId: null, mRefreshRateZoneId: null, mLeadDisplayId: -1, mLeadDisplayAddress: null, mThermalRefreshRateThrottlingMapId: null, mPowerThrottlingMapId: null}]
03-10 00:18:40.777  3163  3229 D CLI/SmallCLI: onDeviceLidStateChanged: state=CLOSED
03-10 00:18:40.777  3163  3352 W BoostOptController: not supported hint: 118
03-10 00:18:40.778  5625  5669 D ShellSplitScreen: onFoldedStateChanged: folded=true
03-10 00:18:40.778  2067 11748 D AHAL: AudioDevice: SetParameters: 1564: enter: device_folded=on
03-10 00:18:40.778  2067 11748 D AHAL: AudioVoice: VoiceSetParameters: 87: Enter params: device_folded=on
03-10 00:18:40.778  2067 11748 D AHAL: AudioVoice: VoiceSetParameters: 360: Exit ret: 0
03-10 00:18:40.778  2067 11748 D AHAL: FM: fm_set_parameters: 262: Enter
03-10 00:18:40.778  2067 11748 D AHAL: FM: fm_set_parameters: 320: exit
03-10 00:18:40.778  2067 11748 D AHAL: AudioDevice: SetParameters: 2361: exit: device_folded=on
03-10 00:18:40.780  2300  2597 I Scheduler: applyPolicy: UpdateRefreshRate 24 to 60 of group 3: [touch=1:1 touchBoost=1 scroll=0:0 idle=1:0] for display 4630947043778501762
03-10 00:18:40.781  2300  2597 D DisplayModeController: setDesiredMode 4630947043778501762 {mode={fps=60.00 Hz, modePtr={id=5, vsyncRate=60.00 Hz, peakRefreshRate=60.00 Hz}}, emitEvent=true, force=false}
03-10 00:18:40.782  5625  5625 I vol.VolumeDialogImpl: mDialog.dismiss() reason: posture_changed from: com.android.systemui.volume.VolumeDialogImpl$H.handleMessage:111 displayId: 0 mShowing: false mIsAnimatingDismiss: false
03-10 00:18:40.786  3163  4279 I CLI/Transition_Device: lid state changed: OPEN -> OPEN, device state changed to CLOSED
03-10 00:18:40.786  3163  4279 D CLI/Rotation: Set volume keyswap sysprop for rotation 0 lidState OPEN
03-10 00:18:40.788  3163  4279 I WindowManager: updateRotationUnchecked CLI real rotation changed:1, rotation:1
03-10 00:18:40.789  3163  3352 D BrightnessThermalClamper: Thermal status observer already started
03-10 00:18:40.790  3163  4279 I WindowManager: Override config changes=20000000 {1.0 ?mcc0mnc [en_US] ldltr sw111dp w210dp h111dp 280dpi smll land night mot-cli finger -keyb/v/h -nav/h winConfig={ mBounds=Rect(0, 0 - 368, 194) mAppBounds=Rect(0, 0 - 368, 194) mMaxBounds=Rect(0, 0 - 368, 194) mDisplayRotation=ROTATION_90 mWindowingMode=fullscreen mActivityType=undefined mAlwaysOnTop=undefined mRotation=ROTATION_90} ?fontWeightAdjustment ?spn ?gid} for displayId=1
03-10 00:18:40.801  2300  2436 D VSyncReactor: 4630947043778501762: confirming period 41->16(cnt1)
03-10 00:18:40.803  7545  7545 I FileStationLog: [ FS_h$a ] - [Display] Changed display: 1
03-10 00:18:40.805  3163  4279 E WindowManager: Display reconfigured outside of a transition: Display{#0 state=ON size=1080x2640 ROTATION_0}
03-10 00:18:40.807  3163  3352 D BrightnessThermalClamper: Thermal status observer already started
03-10 00:18:40.808  3163  3229 V WindowManager: Content Recording: Display 1 state was (1), is now (1), so update recording?
03-10 00:18:40.808  3163  3229 D CLI/Transition: displaygroup 1, state OFF, pendingdisplaygroup -1
03-10 00:18:40.809  3163  3231 I InputManager-JNI: Viewport [0] to add: local:4630947043778501762, isActive: true
03-10 00:18:40.809  3163  3231 I InputManager-JNI: Viewport [1] to add: local:4630947043778501763, isActive: false
03-10 00:18:40.810  7545  7545 I FileStationLog: [ FS_h$a ] - [Display] Ignoring change for non-default/desktop display: 1
03-10 00:18:40.812  2067 11748 D AHAL: AudioDevice: SetParameters: 1564: enter: screen_state=on
03-10 00:18:40.812  2067 11748 D AHAL: AudioVoice: VoiceSetParameters: 87: Enter params: screen_state=on
03-10 00:18:40.812  2067 11748 D AHAL: AudioVoice: VoiceSetParameters: 360: Exit ret: 0
03-10 00:18:40.812  2067 11748 D AHAL: FM: fm_set_parameters: 262: Enter
03-10 00:18:40.812  2067 11748 D AHAL: FM: fm_set_parameters: 320: exit
03-10 00:18:40.812  2067 11748 D AHAL: AudioDevice: SetParameters: 1625:  - screen = on
03-10 00:18:40.812  2067 11748 I PAL: ResourceManager: setParameter: 8311: Screen State:1
03-10 00:18:40.812  2067 11748 D AHAL: AudioDevice: SetParameters: 2361: exit: screen_state=on
03-10 00:18:40.813  3163  4285 I InputReader: Reconfiguring input devices, changes=DISPLAY_INFO
03-10 00:18:40.813  3163  4285 I InputReader: Disabling zinitix_mt (device 6) because the associated viewport is not active
03-10 00:18:40.813  2067 11748 D AHAL: AudioDevice: SetParameters: 1564: enter: mic_rotation=0
03-10 00:18:40.813  2067 11748 D AHAL: AudioVoice: VoiceSetParameters: 87: Enter params: mic_rotation=0
03-10 00:18:40.813  2067 11748 D AHAL: AudioVoice: VoiceSetParameters: 360: Exit ret: 0
03-10 00:18:40.813  2067 11748 D AHAL: FM: fm_set_parameters: 262: Enter
03-10 00:18:40.813  2067 11748 D AHAL: FM: fm_set_parameters: 320: exit
03-10 00:18:40.813  2067 11748 I AHAL: AudioDevice: SetParameters: 2223: mic_rotation: 0
03-10 00:18:40.813  2067 11748 D AHAL: AudioDevice: SetParameters: 2361: exit: mic_rotation=0
03-10 00:18:40.814  3163  4285 I InputReader: Device reconfigured: id=6, name='zinitix_mt', size 194x368, orientation Rotation0, mode DISABLED, display id 1
03-10 00:18:40.816  2064  4171 D slpi-MOT_HALL: Flip send data : 2, State: North near
03-10 00:18:40.816  2064  4171 E slpi    : MOT_GPIO_FLIP kernel state gpio unset
03-10 00:18:40.817  2064  4173 I sensors-hal: handle_sns_client_event:365, mot_flip_event: now=46276721401260 hal ts=46276720281689, MOT_FLIP_STATE_CLOSED, count=438.0, cause=0.0, fwreg 1
03-10 00:18:40.817  2064  4173 I sensors-hal: sns_device_mode_init:227, sns_device_mode_init Start
03-10 00:18:40.817  2064  4173 I android.hardware.sensors@2.1-service.multihal: vendor/qcom/proprietary/adsprpc/src/fastrpc_apps_user.c:1553: remote_handle64_open: Successfully opened handle 0x1aea9ad0 for '":;./\createstaticpd:sensorspd&_dom=adsp on domain 0
03-10 00:18:40.819  2064 20002 I android.hardware.sensors@2.1-service.multihal: vendor/qcom/proprietary/adsprpc/src/listener_android.c:116: listener thread starting
03-10 00:18:40.819  2064  4173 I android.hardware.sensors@2.1-service.multihal: vendor/qcom/proprietary/adsprpc/src/fastrpc_perf.c:273: fastrpc_perf_init: enabled systrace 0x0 and RPC traces (kernel 0, dsp 0) with frequency 1000
03-10 00:18:40.820  2064 20003 I android.hardware.sensors@2.1-service.multihal: vendor/qcom/proprietary/adsprpc/src/log_config.c:348: file_watcher_thread starting for domain 0
03-10 00:18:40.820  2064 20003 W android.hardware.sensors@2.1-service.multihal: vendor/qcom/proprietary/adsprpc/src/log_config.c:358:file_watcher_thread: Couldn't find file android.hardware.sensors@2.1-service.multihal.farf, errno (No such file or directory)
03-10 00:18:40.820  7545  7545 I FileStationLog: [ FS_h$a ] - [Display] Changed display: 0
03-10 00:18:40.820  7545  7545 I FileStationLog: [ FS_h ] - [Logic] Retrieved display info: LogicDisplayInfo(width=1080, height=2640, orientation=1, rotation=0, displayId=0)
03-10 00:18:40.820  7545  7545 I FileStationLog: [ FS_h$a ] - [Display] New logical size: 1080x2640
03-10 00:18:40.820  7545  7545 I FileStationLog: [ FS_h$a ] - [Display] Screen width unchanged: 1080
03-10 00:18:40.821  2064 20002 I android.hardware.sensors@2.1-service.multihal: vendor/qcom/proprietary/adsprpc/src/mod_table.c:703: open_mod_table_open_from_static: reverse module apps_std opened with handle 0x450dfe00 (idx 0)
03-10 00:18:40.821  3163  3231 W OverrideRequestController: Attempted to cancel a null OverrideRequest
03-10 00:18:40.821  3163  3231 I DeviceStateManagerService: Cannot notify device state info change when pending state is present.
03-10 00:18:40.822  2064 20002 I android.hardware.sensors@2.1-service.multihal: vendor/qcom/proprietary/adsprpc/src/apps_std_imp.c:860: Successfully opened file /vendor/dsp/adsp/libsns_device_mode_skel.so
03-10 00:18:40.822  2300  2300 I SurfaceFlinger: initiateDisplayModeChanges changing active mode from 7(24.00 Hz:3) to 5(60.00 Hz:3) for display 4630947043778501762
03-10 00:18:40.823  2300  2300 I SurfaceFlinger: initiateDisplayModeChanges active mode changed to 5(60.00 Hz) for display 4630947043778501762. mBrightnessDimingCnt=0
03-10 00:18:40.824 10834 10834 I PkDeviceHelper: PkDeviceHelper.refreshDevices():93 refreshing devices
03-10 00:18:40.824  2195  2392 W SDM     : HWDeviceDRM::GetSupportedBitClkRate: Requested rate not supported: 0
03-10 00:18:40.824  2195  2392 I SDM     : HWDeviceDRM::UpdateMixerAttributes: Mixer WxH 1080x2640-0 for Peripheral
03-10 00:18:40.825  3163  3227 D TouchHwAidlService: onStateChanged.. state=0
03-10 00:18:40.825  2195  2392 I SDM     : HWCDisplay::SubmitDisplayConfig: Active configuration changed from config 7 to 5
03-10 00:18:40.827  3163  3231 I LogicalDisplayMapper: Requesting Transition to state: 0, from state=1, interactive=true, mBootCompleted=true
03-10 00:18:40.827  2064  4173 E android.hardware.sensors@2.1-service.multihal: vendor/qcom/proprietary/adsprpc/src/fastrpc_apps_user.c:1491: Error 0x80000406: remote_handle_open_domain: dynamic loading failed for file:///libsns_device_mode_skel.so?sns_device_mode_skel_handle_invoke&_modver=1.0&_dom=adsp on domain 0 (dlerror segment 0 failed hash verification(0x34DA000 B)) (errno Success)
03-10 00:18:40.827  2064  4173 E android.hardware.sensors@2.1-service.multihal: vendor/qcom/proprietary/adsprpc/src/fastrpc_apps_user.c:1550: Error 0x80000406: remote_handle64_open failed for file:///libsns_device_mode_skel.so?sns_device_mode_skel_handle_invoke&_modver=1.0&_dom=adsp (errno Success)
03-10 00:18:40.827  2064  4173 I sensors-hal: sns_device_mode_init:262, sns_device_mode_init End
03-10 00:18:40.827  3163  3231 I LogicalDisplayMapper: Applying layout: [{dispId: 0(ON), displayGroupName: , addr: {port=130, model=0x40446dccee101c}, mThermalBrightnessThrottlingMapId: null, mRefreshRateZoneId: null, mLeadDisplayId: -1, mLeadDisplayAddress: null, mThermalRefreshRateThrottlingMapId: null, mPowerThrottlingMapId: null}], Previous layout: [{dispId: 0(ON), displayGroupName: , addr: {port=130, model=0x40446dccee101c}, mThermalBrightnessThrottlingMapId: null, mRefreshRateZoneId: null, mLeadDisplayId: -1, mLeadDisplayAddress: null, mThermalRefreshRateThrottlingMapId: null, mPowerThrottlingMapId: null}]
03-10 00:18:40.827  2064  4173 E sensors-hal: sendDeviceMode:287, mot_flip: one or mode handles unopened: dm 0 rpc 1
03-10 00:18:40.827  3163  3229 D CLI/SmallCLI: onDeviceLidStateChanged: state=CLOSED_HALL
03-10 00:18:40.827  2064  4173 E android.hardware.sensors@2.1-service.multihal: vendor/qcom/proprietary/adsprpc/src/fastrpc_apps_user.c:1366: Error 0x80000600: remote_handle_invoke failed for handle 0x0, method 1 on domain 0 (sc 0x1010200) (errno Success)
03-10 00:18:40.827  2064  4173 E android.hardware.sensors@2.1-service.multihal: vendor/qcom/proprietary/adsprpc/src/fastrpc_apps_user.c:1575: Error 0x80000600: remote_handle_close failed for handle 0x0 (dlerr \) (errno Success)
03-10 00:18:40.827  2064  4173 I android.hardware.sensors@2.1-service.multihal: vendor/qcom/proprietary/adsprpc/src/fastrpc_apps_user.c:2737: domain_deinit for domain 0: dev 83
03-10 00:18:40.828  3163  3352 W BoostOptController: not supported hint: 118
03-10 00:18:40.828  2064 20002 E android.hardware.sensors@2.1-service.multihal: vendor/qcom/proprietary/adsprpc/src/fastrpc_apps_user.c:3516: exit_thread current process1 thread exit nErr = 0x8000040d domain 0, handle 0xb400007d1aea9ad0
03-10 00:18:40.829  2064 20003 W android.hardware.sensors@2.1-service.multihal: vendor/qcom/proprietary/adsprpc/src/log_config.c:368:Warning: file_watcher_thread received exit for domain 0, file android.hardware.sensors@2.1-service.multihal.farf
03-10 00:18:40.829  2064 20003 I android.hardware.sensors@2.1-service.multihal: vendor/qcom/proprietary/adsprpc/src/log_config.c:415: file_watcher_thread exiting for domain 0
03-10 00:18:40.829  2064  4173 I android.hardware.sensors@2.1-service.multihal: vendor/qcom/proprietary/adsprpc/src/mod_table.c:789: open_mod_table_close: closed reverse module apps_std with handle 0x450dfe00
03-10 00:18:40.830  2195 19999 I SDM     : HWCSession::ProcessRequests: Pushing release fence in fenece wait queue.
03-10 00:18:40.830  2064  4173 E android.hardware.sensors@2.1-service.multihal: vendor/qcom/proprietary/adsprpc/src/fastrpc_apps_user.c:1614: Error 0x80000600: remote_handle64_close failed for handle 0xb400007d1aea9ad0 remote handle 0x0 (errno Success)
03-10 00:18:40.830  2195 19999 I SDM     : HWCSession::ProcessRequests: Creating AsyncFenceWaits async thread.
03-10 00:18:40.831  2195 19999 I SDM     : HWCSession::ProcessRequests: Remove current CWB request from the pending request queue.
03-10 00:18:40.831  2195 19999 I SDM     : HWCSession::ProcessRequests: No pending cwb requests found in the queue.
03-10 00:18:40.833  6461  6564 I Capsense_Cal: Sensor GetEvents event_count==1
03-10 00:18:40.833  6461  6564 D Capsense_Cal: SensorThread sensorEvents
03-10 00:18:40.833  6461  6564 D Capsense_Cal: Capsensor hallEventHandler sensorEvents->data[0]==2.000000
03-10 00:18:40.833  6461  6564 D Capsense_Cal: start cal : /sys/class/capsense/capsense1/reset, msg: flip_near
03-10 00:18:40.835  3163  4279 I CLI/Transition_Device: lid state changed: OPEN -> CLOSED, device state changed to CLOSED_HALL
03-10 00:18:40.836  3163  4279 D CLI/Transition_Lid: update lid state CLOSED
03-10 00:18:40.838  6461  6564 D Capsense_Cal: start cal : /sys/class/capsense/capsense0/reset, msg: flip_near
03-10 00:18:40.845  3163  3227 D TouchHwAidlService: onTapToWakeSettingsChanged isAmbientDisplayAvailable=1 aodEnable=true singleTapEnable=true doubleTapEnable=true lidState=0 callers=com.motorola.server.display.TouchHwAidlService.-$$Nest$monTapToWakeSettingsChanged:0 com.motorola.server.display.TouchHwAidlService$4.onChange:573 android.database.ContentObserver.onChange:184 
03-10 00:18:40.845  3163  3227 D TouchHwAidlService: enableTapWake mode=33 displayId=0 mGestureStowMode=true
03-10 00:18:40.845  3163  3227 D TouchHwAidlService: transfer mode=33 transMode=32 cli=false
03-10 00:18:40.846  2106  2106 I motorola.hardware.display.touch-service: Setting Gesture to 32
03-10 00:18:40.847  2067 11748 D AHAL: AudioDevice: SetParameters: 1564: enter: cli_state=close
03-10 00:18:40.847  2067 11748 D AHAL: AudioVoice: VoiceSetParameters: 87: Enter params: cli_state=close
03-10 00:18:40.847  2067 11748 D AHAL: AudioVoice: VoiceSetParameters: 360: Exit ret: 0
03-10 00:18:40.847  2067 11748 D AHAL: FM: fm_set_parameters: 262: Enter
03-10 00:18:40.847  2067 11748 D AHAL: FM: fm_set_parameters: 320: exit
03-10 00:18:40.847  2067 11748 D AHAL: AudioDevice: SetParameters: 2361: exit: cli_state=close
03-10 00:18:40.848  5625  5625 D SCliNotifPanelController: onLidClosed
03-10 00:18:40.848  5625  5625 V SmallCli_WindowController: state=SmallCli window State {
03-10 00:18:40.848  5625  5625 V SmallCli_WindowController:   mBrightnessVisible: false
03-10 00:18:40.848  5625  5625 V SmallCli_WindowController:   mDynamicPanelVisible: false
03-10 00:18:40.848  5625  5625 V SmallCli_WindowController:   mFlashLightPrompt: false
03-10 00:18:40.848  5625  5625 V SmallCli_WindowController:   mHeadsUpPanelVisible: false
03-10 00:18:40.848  5625  5625 V SmallCli_WindowController:   mKeyguardOccluded: false
03-10 00:18:40.848  5625  5625 V SmallCli_WindowController:   mLidOpen: false
03-10 00:18:40.848  5625  5625 V SmallCli_WindowController:   mNotificationVisible: false
03-10 00:18:40.848  5625  5625 V SmallCli_WindowController:   mPowerMenuVisible: false
03-10 00:18:40.848  5625  5625 V SmallCli_WindowController:   mQsVisible: false
03-10 00:18:40.848  5625  5625 V SmallCli_WindowController:   mVolumeVisible: false
03-10 00:18:40.848  5625  5625 V SmallCli_WindowController: }
03-10 00:18:40.849  3163  3227 D TouchHwAidlService: setGestureModeHal done mode=33 newMode=32 result=0
03-10 00:18:40.849  3163  3227 D TouchHwAidlService: enableTapWake mode=33 displayId=1 mGestureStowMode=true
03-10 00:18:40.849  2106  2106 I motorola.hardware.display.touch-service: Setting CLI Gesture to 33
03-10 00:18:40.850  3163  3227 D TouchHwAidlService: setCliGestureModeHal done mode=33 newMode=33 result=0
03-10 00:18:40.851  3163  3227 D TouchHwAidlService: enableTapWake mode=49 displayId=-1 mGestureStowMode=true
03-10 00:18:40.851  3163  3227 D TouchHwAidlService: transfer mode=49 transMode=48 cli=false
03-10 00:18:40.851  2106  2106 I motorola.hardware.display.touch-service: Setting Gesture to 48
03-10 00:18:40.851  3163  3227 D TouchHwAidlService: setGestureModeHal done mode=49 newMode=48 result=0
03-10 00:18:40.851  7314  7314 D GameMode: mCLIStatusReceiver: 0
03-10 00:18:40.851  2106  2106 I motorola.hardware.display.touch-service: Setting CLI Gesture to 49
03-10 00:18:40.855  3163  3227 D TouchHwAidlService: setCliGestureModeHal done mode=49 newMode=49 result=0
03-10 00:18:40.855  3163  3227 D TouchHwAidlService: Unregister stow sensor
03-10 00:18:40.855  3163  3227 W AlarmManager: Unrecognized alarm listener com.motorola.server.display.TouchHwAidlService$AlarmListenerImpl@de23d8f
03-10 00:18:40.855  3163  3227 D TouchHwAidlService: Unregister stow sensor
03-10 00:18:40.855  3163  3227 W AlarmManager: Unrecognized alarm listener com.motorola.server.display.TouchHwAidlService$AlarmListenerImpl@de23d8f
03-10 00:18:40.855  3163  3227 D TouchHwAidlService: Unregister stow sensor
03-10 00:18:40.855  3163  3227 W AlarmManager: Unrecognized alarm listener com.motorola.server.display.TouchHwAidlService$AlarmListenerImpl@de23d8f
03-10 00:18:40.855  3163  3227 D TouchHwAidlService: enableGestureStowMode stowed: false
03-10 00:18:40.855  2106  2106 I motorola.hardware.display.touch-service: Setting stow gesture mode to 0 for panel 1
03-10 00:18:40.856  3163  3227 D TouchHwAidlService: setStowGestureMode for cli stowed=false ret=0
03-10 00:18:40.856  3163  3227 D TouchHwAidlService: enableGestureStowMode stowed: false
03-10 00:18:40.856  2106  2106 I motorola.hardware.display.touch-service: Setting stow gesture mode to 0 for panel 1
03-10 00:18:40.856  3163  3227 D TouchHwAidlService: setStowGestureMode for cli stowed=false ret=0
03-10 00:18:40.856  3163  3227 D TouchHwAidlService: enableGestureStowMode stowed: false
03-10 00:18:40.856  2723  7857 I CameraService: Previous DeviceState : 0 New DeviceState : 4
03-10 00:18:40.856  2106  2106 I motorola.hardware.display.touch-service: Setting stow gesture mode to 0 for panel 1
03-10 00:18:40.856  3163  3227 D TouchHwAidlService: setStowGestureMode for cli stowed=false ret=0
03-10 00:18:40.856  2186  2186 I CamxPrvdr@2.7-legacy: notifyDeviceStateChange: New device state: 0x4
03-10 00:18:40.856  2186  2186 I CamxComm1.0-CamModule: notifyDeviceStateChange: calling notify_device_state_change with state 4
03-10 00:18:40.856  2186  2186 D CamX    : [DEBUG][HAL    ] camxhal3module.cpp:411 NotifyDeviceStateChange() New Device State: 4
03-10 00:18:40.859  2195 20004 I SDM     : HWCSession::NotifyCWBStatus: Notify the client about buffer status 0.
03-10 00:18:40.860  2195 20004 I SDM     : HWCSession::PerformFenceWaits: Remove current release fence from the pending fence wait queue.
03-10 00:18:40.860  2195 20004 I SDM     : HWCSession::PerformFenceWaits: CWB fence queue is empty. No pending release fence to wait on.
03-10 00:18:40.861  3163  3231 I DisplayDeviceRepository: Display device changed render timings: "Built-in Screen", renderFrameRate=60.000004, presentationDeadlineNanos=16666666, appVsyncOffsetNanos=1000000
03-10 00:18:40.861  3163  6016 W InputManager-JNI: Input channel object '[Gesture Monitor] moto_actions_input_channel (client)' was disposed without first being removed with the input manager!
03-10 00:18:40.862  3163  3352 D BrightnessThermalClamper: Thermal status observer already started
03-10 00:18:40.863  2300  2300 I SurfaceFlinger: initiateDisplayModeChanges changing active mode from 5(60.00 Hz:3) to 5(60.00 Hz:3) for display 4630947043778501762
03-10 00:18:40.863  3163  3229 D CLI/Transition: displaygroup 0, state ON, pendingdisplaygroup -1
03-10 00:18:40.864  3163  3231 D DisplayManagerService: Ignore redundant display event 0/2 to 10416/12048
03-10 00:18:40.864  3163  3231 D DisplayManagerService: Ignore redundant display event 0/2 to 10336/19192
03-10 00:18:40.865  2067 11748 D AHAL: AudioDevice: SetParameters: 1564: enter: screen_state=on
03-10 00:18:40.865  2067 11748 D AHAL: AudioVoice: VoiceSetParameters: 87: Enter params: screen_state=on
03-10 00:18:40.865  2067 11748 D AHAL: AudioVoice: VoiceSetParameters: 360: Exit ret: 0
03-10 00:18:40.865  2067 11748 D AHAL: FM: fm_set_parameters: 262: Enter
03-10 00:18:40.865  2067 11748 D AHAL: FM: fm_set_parameters: 320: exit
03-10 00:18:40.865  2067 11748 D AHAL: AudioDevice: SetParameters: 1625:  - screen = on
03-10 00:18:40.865  2067 11748 I PAL: ResourceManager: setParameter: 8311: Screen State:1
03-10 00:18:40.865  2067 11748 D AHAL: AudioDevice: SetParameters: 2361: exit: screen_state=on
03-10 00:18:40.865  2195  2269 I SDM     : HWDeviceDRM::SetupConcurrentWriteback: Tear down the Concurrent Writeback topology
03-10 00:18:40.869  2163  2163 D SENSOREXT_ALS_COMP: FrontLight: ReportLux 32.39 (76.58-44.18), pre 7.43, dbv 4066, dc 0, fps 90, chPanel 22.01-12.51-8.60-3.73, facCal:lux_s 1.19 cha_s 0.94-0.91-0.94-0.99, RunInfo: DPB 6147-20, TF 6147-0
03-10 00:18:40.872  3065  3276 E Thermal-Lib: Thermal-Lib-Client:do_listen: recv failed
03-10 00:18:40.872  3084  3373 E Thermal-Lib: Thermal-Lib-Client:do_listen: recv failed
03-10 00:18:40.873  3065  3276 E Thermal-Lib: Thermal-Lib-Client:do_listen: recv failed
03-10 00:18:40.874  3084  3373 E Thermal-Lib: Thermal-Lib-Client:do_listen: recv failed
03-10 00:18:40.875  2061  2108 E minksocket: MinkIPC_QRTR_Service: client with node 1 port 72d8 went down
03-10 00:18:40.875  5625  5669 I DisplayController: CLI display config changed. dpi:280, fontScale:1.0
03-10 00:18:40.875  2061  2108 E minksocket: MinkIPC_QRTR_Service: client with node 1 port 72e1 went down
03-10 00:18:40.875  2061  2108 E minksocket: MinkIPC_QRTR_Service: client with node 1 port 72d5 went down
03-10 00:18:40.875  2061  2108 E minksocket: MinkIPC_QRTR_Service: client with node 1 port 72cc went down
03-10 00:18:40.876  5625  5669 V ShellDragAndDrop: Display changed: 1
03-10 00:18:40.878 26976 27604 D MCLOG   : [BrightnessTrigger] onDisplayChanged displayId = 0
03-10 00:18:40.879  7545  7545 I FileStationLog: [ FS_h$a ] - [Display] Changed display: 0
03-10 00:18:40.879  7545  7545 I FileStationLog: [ FS_h ] - [Logic] Retrieved display info: LogicDisplayInfo(width=1080, height=2640, orientation=1, rotation=0, displayId=0)
03-10 00:18:40.879  7545  7545 I FileStationLog: [ FS_h$a ] - [Display] New logical size: 1080x2640
03-10 00:18:40.879  7545  7545 I FileStationLog: [ FS_h$a ] - [Display] Screen width unchanged: 1080
03-10 00:18:40.885  3163  4279 I PowerGroup: Sleeping power group (groupId=0, uid=1000, reason=lid_switch)...
03-10 00:18:40.885  3163  4279 I PowerManagerService: Sleeping (uid 1000)...
03-10 00:18:40.885  3163  3163 I WindowManager: Started going to sleep... (groupId=0 why=OFF_BECAUSE_OF_USER) notifySleepToKeyguard=true lidState=0 pmSleepReason=lid_switch
03-10 00:18:40.886  3163  3231 D PanelsService: onAwakeStateChanged.. isAwake=false
03-10 00:18:40.886  3163  3231 D TouchHwAidlService: onAwakeStateChanged.. isAwake=false
03-10 00:18:40.888  3163  3231 D TouchHwAidlService: Register stow sensor:true
03-10 00:18:40.890  3163  4279 D PowerManagerService: nativeReleaseSuspendBlocker name:PowerManagerService.WakeLocks duration ms: 1
03-10 00:18:40.890  3163  4279 D CLI/Transition_Lid: Doze cli display for lid close
03-10 00:18:40.890  3163  4279 I PowerManagerService: Dozing display group (groupId=1, now=33210878)...
03-10 00:18:40.890  3163  4279 I PowerManagerService: Going to sleep due to application (uid 1000, screenOffTimeout=1800000, activityTimeoutWM=-1, maxDimRatio=0.20000005, maxDimDur=7000)...
03-10 00:18:40.891  5625  5625 V TrustManager: clearAllBiometricRecognized unlockedUser=-10000 source=FINGERPRINT callers=com.android.keyguard.KeyguardUpdateMonitor.clearFingerprintRecognized:16 com.android.keyguard.KeyguardUpdateMonitor$14.handleMessage:941 android.os.Handler.dispatchMessage:112 android.os.Looper.loopOnce:268 android.os.Looper.loop:384 
03-10 00:18:40.892 26976 27604 D MCLOG   : [BrightnessManager] displayId = 0 brightness = 0.22773659 nit = 38.04606 level = br1
03-10 00:18:40.894  3163  4279 E WindowManager: Display reconfigured outside of a transition: Display{#0 state=ON size=1080x2640 ROTATION_0}
03-10 00:18:40.896 10834 10834 I GoogleInputMethodService: GoogleInputMethodService.onFinishInput():2097 
03-10 00:18:40.897  3163  4279 D CLI/Rotation: Set volume keyswap sysprop for rotation 0 lidState CLOSED
03-10 00:18:40.898 10834 10834 I Module  : DeviceLockedStatusModuleProvider$Module.updateDeviceLockedStatus():103 repeatCheckTimes = 0, locked = false
03-10 00:18:40.900  2300  2436 D VSyncReactor: 4630947043778501762: period 16 confirmed(cnt2)
03-10 00:18:40.901  3163  3352 I DisplayPowerController2[0]: 03-10 00:18:40.901 - BrightnessEvent: disp=0, physDisp=local:4630947043778501762, displayState=ON, displayPolicy=OFF, brt=0.22773659, initBrt=0.22773659, rcmdBrt=0.22773659, preBrt=0.14954576, lux=11.570849, preLux=4.25, brtNits=38.04606, hdrNits=NaN, initNits=38.04606, preNits=17.366724, rcmdNits=38.04606, hdrBrightness=NaN, brt(%)=27%, brtInt=59, hbmPolicy=normal, hbmMax=0.85440856, hbmMode=off, rbcStrength=50, thrmMax=1.0, powerFactor=1.0, wasShortTermModelActive=false, flags=, reason=automatic, autoBrightness=true, strategy=InvalidBrightnessStrategy, autoBrightnessMode=default
03-10 00:18:40.902  3163  3352 I DisplayPowerController2[0]: Blocking screen off
03-10 00:18:40.902  3163  3352 I WindowManager: Display 0 turning off...
03-10 00:18:40.902  3163  3352 I DisplayPowerController2[0]: Unblocked screen off after 0 ms
03-10 00:18:40.905  5625  5941 D KeyguardTransitionRepository: (Internal) Setting current transition info: TransitionInfo(ownerName=FromGoneTransitionInteractor(Sleep transition triggered), from=GONE, to=DOZING, animated)
03-10 00:18:40.905  3163  3163 D TrustManagerService: refreshDeviceLockedForUser(userId=-1, unlockedUser=-10000), secure=false, showingKeyguard=false, trusted=false, biometricAuthenticated=false, currentUserIsUnlocked=false, deviceLocked=false
03-10 00:18:40.906 20007 20007 I ThermalEngine: Throttling daemon started
03-10 00:18:40.906 20007 20007 E ThermalEngine: config_info path not found: /sys/module/msm_thermal/config_info
03-10 00:18:40.906 20007 20007 I ThermalEngine: Using device config file '/vendor/etc/thermal-engine-lynkco-cli.conf'
03-10 00:18:40.909  3163  3231 D DisplayManagerService: Ignore redundant display event 0/2 to 10416/12048
03-10 00:18:40.909  3163  3352 I WindowManager: Display0 turned off...
03-10 00:18:40.909  3163  3231 D DisplayManagerService: Ignore redundant display event 0/2 to 10336/19192
03-10 00:18:40.909  3163  3352 D ActivityTaskManager: Top Process State changed to PROCESS_STATE_TOP_SLEEPING
03-10 00:18:40.912  3163  3352 D PowerManagerService: nativeAcquireSuspendBlocker name:PowerManagerService.WakeLocks duration ms: 2
03-10 00:18:40.913  3163  3352 D ActivityTrigger: ActivityTrigger activityPauseTrigger 
03-10 00:18:40.916  3163  3352 I DisplayBrightnessStrategySelector: Changing the DisplayBrightnessStrategy from InvalidBrightnessStrategy to ScreenOffBrightnessStrategy for display 0
03-10 00:18:40.918  2064  2064 I sensors-hal: batch:206, android.sensor.device_orientation/271, period=66667000, max_latency=0
03-10 00:18:40.918  2064  2064 I sensors-hal: set_config:61, no need to adjust sample_period_ns due to reporting_mode = 2
03-10 00:18:40.918  2064  2064 I sensors-hal: batch:215, android.sensor.device_orientation/271, period=66667000, max_latency=0 request completed
03-10 00:18:40.918  2926  2926 D fpc_hidl: lid-state=0
03-10 00:18:40.919  3163  4279 D MotoFingerprint: resultCode : 0
03-10 00:18:40.919  5625  5625 D KeyguardViewMediator: KeyguardViewMediator queue processing message: NOTIFY_STARTED_GOING_TO_SLEEP
03-10 00:18:40.920  3163  7479 D FileUtils: Rounded bytes from 7725268992 to 8000000000
03-10 00:18:40.922  3163  3249 D addPss  : tracker=ProcessState{b582ee4 com.facebook.katana:zygote_warmer:com.facebook.browser.helium.preload.AppZygoteWarmerService/10424 pkg=com.facebook.katana}
03-10 00:18:40.926  6942  8583 D ForegroundUtils: Foreground UID status: 10240, true; 10246, false; 10276, true; 10292, true; 10336, false; 10363, false; 10394, true; 10404, true; 10408, true; 10416, false; 10424, false; 10610, false; 10618, false; 
03-10 00:18:40.932  2064  2064 I sensors-hal: batch:206, android.sensor.light/51, period=200000000, max_latency=0
03-10 00:18:40.932  2064  2064 I sensors-hal: set_config:61, no need to adjust sample_period_ns due to reporting_mode = 2
03-10 00:18:40.932  2064  2064 I sensors-hal: batch:215, android.sensor.light/51, period=200000000, max_latency=0 request completed
03-10 00:18:40.933  2064  2064 I sensors-hal: activate:173, com.motorola.sensor.alternate_light/65959 en=0
03-10 00:18:40.934  2061  2108 E minksocket: MinkIPC_QRTR_Service: client with node 1 port 72eb went down
03-10 00:18:40.934  2064  2064 I sensors-hal: activate:184, com.motorola.sensor.alternate_light/65959 en=0 completed
03-10 00:18:40.937  3163  3352 V DisplayPowerController2[0]: Brightness [0.0] reason changing to: 'screen_off', previous reason: 'automatic'.
03-10 00:18:40.937  3163  3352 I DisplayPowerController2[0]: 03-10 00:18:40.937 - BrightnessEvent: disp=0, physDisp=local:4630947043778501762, displayState=OFF, displayPolicy=OFF, brt=0.0, initBrt=0.22773659, rcmdBrt=NaN, preBrt=NaN, lux=0.0, preLux=0.0, brtNits=3.1465538, hdrNits=NaN, initNits=38.04606, preNits=NaN, rcmdNits=NaN, hdrBrightness=NaN, brt(%)=0%, brtInt=1, hbmPolicy=normal, hbmMax=0.85440856, hbmMode=off, rbcStrength=50, thrmMax=1.0, powerFactor=1.0, wasShortTermModelActive=false, flags=, reason=screen_off, autoBrightness=true, strategy=ScreenOffBrightnessStrategy, autoBrightnessMode=default
03-10 00:18:40.938  3163  3352 D BrightnessThermalClamper: Thermal status observer already started
03-10 00:18:40.938  3163  5305 D TouchHwAidlService: setDisplayState: mScreenOff=true
03-10 00:18:40.938 19133 19379 W fb4a.AppInfoCore: [AI] Package not found when getting package info
03-10 00:18:40.938  3163  3231 I DisplayDeviceRepository: Display device changed state: "Built-in Screen", OFF
03-10 00:18:40.940  3163  3231 I InputManager-JNI: Viewport [0] to add: local:4630947043778501762, isActive: false
03-10 00:18:40.940  3163  3231 I InputManager-JNI: Viewport [1] to add: local:4630947043778501763, isActive: false
03-10 00:18:40.941  3163  3229 D CLI/Transition: displaygroup 0, state OFF, pendingdisplaygroup -1
03-10 00:18:40.942  3163  3229 W SurfaceControl: Invalid layer stack -1
03-10 00:18:40.942  3163  3229 I DisplayDevice: [0] Layerstack set to -1 for local:4630947043778501762 mDisplayToken=android.os.BinderProxy@d90d011 t=Transaction{mNativeObject=-5476376673043675440, mHashCode=0}
03-10 00:18:40.942  3163  3231 D PanelsService: updateDefaultDisplayState: mScreenState=OFF
03-10 00:18:40.943  3163  3231 W ServiceManagerCppClient: Failed to get isDeclared for com.motorola.hardware.display.panel.IDisplayPanel/default: Status(-1, EX_SECURITY): 'SELinux denied.'
03-10 00:18:40.943  3163  3231 D DisplayPanelService: Setting panel dc mode: 0
03-10 00:18:40.944  2090  2090 I DisplayPanel: setDcMode: DC mode = OFF
03-10 00:18:40.944  2090  2090 D DisplayPanel: setParam: Success set DC to 0 for Primary display
03-10 00:18:40.946  2067 11748 D AHAL: AudioDevice: SetParameters: 1564: enter: screen_state=off
03-10 00:18:40.946  2067 11748 D AHAL: AudioVoice: VoiceSetParameters: 87: Enter params: screen_state=off
03-10 00:18:40.946  2067 11748 D AHAL: AudioVoice: VoiceSetParameters: 360: Exit ret: 0
03-10 00:18:40.946  2067 11748 D AHAL: FM: fm_set_parameters: 262: Enter
03-10 00:18:40.946  2067 11748 D AHAL: FM: fm_set_parameters: 320: exit
03-10 00:18:40.946  2067 11748 D AHAL: AudioDevice: SetParameters: 1628:  - screen = off
03-10 00:18:40.946  2067 11748 I PAL: ResourceManager: setParameter: 8311: Screen State:0
03-10 00:18:40.946  2067 11748 D AHAL: AudioDevice: SetParameters: 2361: exit: screen_state=off
03-10 00:18:40.946  3163  4285 I InputReader: Reconfiguring input devices, changes=DISPLAY_INFO
03-10 00:18:40.946  3163  4285 I InputReader: Disabling goodix_ts (device 7) because the associated viewport is not active
03-10 00:18:40.946  3163  4285 I InputReader: Device reconfigured: id=7, name='goodix_ts', size 17281x42241, orientation Rotation0, mode DISABLED, display id 0
03-10 00:18:40.946  3163  4285 I InputReader: Disabling zinitix_mt (device 6) because the associated viewport is not active
03-10 00:18:40.946  3163  5305 D TouchHwAidlService: onTapToWakeSettingsChanged isAmbientDisplayAvailable=1 aodEnable=true singleTapEnable=true doubleTapEnable=true lidState=0 callers=com.motorola.server.display.TouchHwAidlService.setDisplayState:538 com.motorola.server.MotoExtHwService$MotoExtHwManagerInternal.setDisplayState:446 com.android.server.display.LocalDisplayAdapter$LocalDisplayDevice$1.setDisplayState:1080 
03-10 00:18:40.947  3163  5305 D TouchHwAidlService: enableTapWake mode=33 displayId=0 mGestureStowMode=true
03-10 00:18:40.947  3163  5305 D TouchHwAidlService: transfer mode=33 transMode=32 cli=false
03-10 00:18:40.947  2106  2106 I motorola.hardware.display.touch-service: Setting Gesture to 32
03-10 00:18:40.949  3163  3163 I BrightnessSynchronizer: New Update: {[4091] 0.22773659(f), mUpdatedTypes=0, mConfirmedTypes=0, mTimeUpdated=0, mState=2}
03-10 00:18:40.950 19133 19133 W fb4a.RageShakeDetector: onPause: com.facebook.katana.activity.FbMainTabActivity@870eb86
03-10 00:18:40.950 19133 19133 W fb4a.RageShakeDetector: maybeDisableDetector
03-10 00:18:40.950 19133 19215 W fb4a.RageShakeDetector: disableDetector
03-10 00:18:40.950 19133 19215 W fb4a.RageShakeAsyncSensorRegistration: stopReceiving
03-10 00:18:40.950 19133 19215 W fb4a.RageShakeDetector: Disabled
03-10 00:18:40.952  3163  3227 D TouchHwAidlService: updateDefaultDisplayState: mScreenOn=false
03-10 00:18:40.957  5625  5625 I KeyguardTransitionRepository: STARTED transition: TransitionStep(from=GONE, to=DOZING, value=0.0, transitionState=STARTED, ownerName=FromGoneTransitionInteractor(Sleep transition triggered))
03-10 00:18:40.957  5993  5993 I NearbyDiscovery: (REDACTED) FastPairDisplayObserver: %s -> %s
03-10 00:18:40.958  5993  8761 I NearbyDiscovery: (REDACTED) PureOffloadFastPairScanner: eventType=%s, isInternalReq=%s, isScanning=%s, isScanningAllowed=%s
03-10 00:18:40.960 19133 19133 W fb4a.AppInfoCore: [AI] Package not found when getting package info
03-10 00:18:40.961  5625  5625 D CentralSurfaces: !shouldBeKeyguard mStatusBarStateController.isKeyguardRequested() false keyguardForDozing false wakeAndUnlocking false isWakingAndOccluded false
03-10 00:18:40.961  5625  5625 D CentralSurfaces: hideKeyguardImpl false
03-10 00:18:40.961 20007 20007 I ThermalEngine: devices_manager_init: Init
03-10 00:18:40.961 20007 20007 I ThermalEngine: Number of gpus :1
03-10 00:18:40.961 20007 20007 I ThermalEngine: Number of cpus :8
03-10 00:18:40.964  2061  2108 E minksocket: MinkIPC_QRTR_Service: client with node 1 port 7315 went down
03-10 00:18:40.965  2061  2108 E minksocket: MinkIPC_QRTR_Service: client with node 1 port 7316 went down
03-10 00:18:40.966  3163  3231 I ImeTracker: system_server:81dabec8: onRequestHide at ORIGIN_SERVER reason HIDE_WHEN_INPUT_TARGET_INVISIBLE fromUser false
03-10 00:18:40.966  3163  3231 I ImeTracker: system_server:81dabec8: onCancelled at PHASE_SERVER_SHOULD_HIDE
03-10 00:18:40.967  2061  2108 E minksocket: MinkIPC_QRTR_Service: client with node 1 port 7317 went down
03-10 00:18:40.968  2061  2108 E minksocket: MinkIPC_QRTR_Service: client with node 1 port 7318 went down
03-10 00:18:40.972 20007 20007 E ThermalEngine: tmd_add_cpufreq_dev_data: Invalid or no boost freqs
03-10 00:18:40.973  2061  2108 E minksocket: MinkIPC_QRTR_Service: client with node 1 port 7319 went down
03-10 00:18:40.973 19133 19133 W fb4a.BackgroundStartupDetector: bgMode=BACKGROUND
03-10 00:18:40.975  2061  2108 E minksocket: MinkIPC_QRTR_Service: client with node 1 port 731a went down
03-10 00:18:40.976  2061  2108 E minksocket: MinkIPC_QRTR_Service: client with node 1 port 731c went down
03-10 00:18:40.977  2061  2108 E minksocket: MinkIPC_QRTR_Service: client with node 1 port 731d went down
03-10 00:18:40.978  2061  2108 E minksocket: MinkIPC_QRTR_Service: client with node 1 port 731e went down
03-10 00:18:40.978 26976 27604 D MCLOG   : [BrightnessTrigger] onDisplayChanged displayId = 0
03-10 00:18:40.979  2061  2108 E minksocket: MinkIPC_QRTR_Service: client with node 1 port 731f went down
03-10 00:18:40.980  2061  2108 E minksocket: MinkIPC_QRTR_Service: client with node 1 port 7321 went down
03-10 00:18:40.980 10834 10834 I PkDeviceHelper: PkDeviceHelper.refreshDevices():93 refreshing devices
03-10 00:18:40.980 20007 20007 E ThermalEngine: tmd_add_cpufreq_dev_data: Invalid or no boost freqs
03-10 00:18:40.981  2061  2108 E minksocket: MinkIPC_QRTR_Service: client with node 1 port 7322 went down
03-10 00:18:40.981 20007 20013 E ThermalEngine: verify_tmd_device: Device:cpuv_restriction_cold available. max:1
03-10 00:18:40.981 20007 20013 E ThermalEngine: verify_tmd_device: Device:cdsp_hw available. max:1
03-10 00:18:40.981  2061  2108 E minksocket: MinkIPC_QRTR_Service: client with node 1 port 7323 went down
03-10 00:18:40.982 20007 20013 E ThermalEngine: verify_tmd_device: Device:cdsp_sw available. max:6
03-10 00:18:40.982 20007 20013 I ThermalEngine: CDSP thermal mitigation available.
03-10 00:18:40.982  2061  2108 E minksocket: MinkIPC_QRTR_Service: client with node 1 port 7324 went down
03-10 00:18:40.983 20007 20007 E ThermalEngine: tmd_add_cpufreq_dev_data: Invalid or no boost freqs
03-10 00:18:40.983  2061  2108 E minksocket: MinkIPC_QRTR_Service: client with node 1 port 7325 went down
03-10 00:18:40.984  3163  5305 D TouchHwAidlService: setGestureModeHal done mode=33 newMode=32 result=0
03-10 00:18:40.984  3163  5305 D TouchHwAidlService: enableTapWake mode=33 displayId=1 mGestureStowMode=true
03-10 00:18:40.984  2106  2106 I motorola.hardware.display.touch-service: Setting CLI Gesture to 33
03-10 00:18:40.985  2061  2108 E minksocket: MinkIPC_QRTR_Service: client with node 1 port 7326 went down
03-10 00:18:40.988 20007 20012 E ThermalEngine: verify_tmd_device: Device:cpuv_restriction_cold available. max:1
03-10 00:18:40.988 20007 20012 E ThermalEngine: devices_manager_add_dev: Device:cpuv_restriction_cold already exists
03-10 00:18:40.988 20007 20012 I ThermalEngine: ADSP thermal mitigation available.
03-10 00:18:40.989  5993  1722 I NearbySharing: Screen is locked
03-10 00:18:40.989  5993  1722 I NearbySharing: Stopping scanning because the screen is locked.
03-10 00:18:40.989  3163  3352 D BrightnessThermalClamper: Thermal status observer already started
03-10 00:18:40.990  2300  2300 E Scheduler: trackPendingFrame: Invalid present fence
03-10 00:18:40.990 20007 20010 E ThermalEngine: verify_tmd_device: Device:cpuv_restriction_cold available. max:1
03-10 00:18:40.990 20007 20010 E ThermalEngine: devices_manager_add_dev: Device:cpuv_restriction_cold already exists
03-10 00:18:40.991  5993  8761 I NearbyDiscovery: (REDACTED) ApFastPairScanner: isScreenOn=%s, isLocationEnabled=%s, disableLocationRequirement=%s, isDiscoveryScanningEnabled=%s, during24GhzWifiWarmingUpPeriod=%s
03-10 00:18:40.991 20007 20010 E ThermalEngine: verify_tmd_device: Device:modem_lte_dsc available. max:255
03-10 00:18:40.991  2061  2108 E minksocket: MinkIPC_QRTR_Service: client with node 1 port 7327 went down
03-10 00:18:40.991  2061  2108 E minksocket: MinkIPC_QRTR_Service: client with node 1 port 7328 went down
03-10 00:18:40.991  5993  8761 D BluetoothAdapter: isLeEnabled(): ON
03-10 00:18:40.991  5993  8761 I NearbyDiscovery: (REDACTED) ApFastPairScanner: eventType=%s, intReq=%s, scanning=%s, scanAllowed=%s, bleEnabled=%s, lockScanRate=%s, startScanningByLowPowerMode=%s
03-10 00:18:40.991 20007 20010 E ThermalEngine: verify_tmd_device: Device:modem_lte_sub1_dsc available. max:255
03-10 00:18:40.991 20007 20010 E ThermalEngine: verify_tmd_device: Device:modem_nr_dsc available. max:255
03-10 00:18:40.993 20007 20010 E ThermalEngine: verify_tmd_device: Device:modem_nr_sub1_dsc available. max:255
03-10 00:18:40.993 20007 20010 E ThermalEngine: verify_tmd_device: Device:modem_nr_scg_dsc available. max:255
03-10 00:18:40.993 20007 20010 E ThermalEngine: verify_tmd_device: Device:modem_nr_scg_sub1_dsc available. max:255
03-10 00:18:40.993 20007 20010 E ThermalEngine: verify_tmd_device: Device:sdr0_lte_dsc available. max:255
03-10 00:18:40.994 20007 20010 E ThermalEngine: verify_tmd_device: Device:sdr1_lte_dsc available. max:255
03-10 00:18:40.994  3163  5305 D TouchHwAidlService: setCliGestureModeHal done mode=33 newMode=33 result=0
03-10 00:18:40.994  3163  5305 D TouchHwAidlService: enableTapWake mode=49 displayId=-1 mGestureStowMode=true
03-10 00:18:40.994  3163  5305 D TouchHwAidlService: transfer mode=49 transMode=48 cli=false
03-10 00:18:40.994  2106  2106 I motorola.hardware.display.touch-service: Setting Gesture to 48
03-10 00:18:40.995 20007 20010 E ThermalEngine: verify_tmd_device: Device:sdr0_nr_dsc available. max:255
