03-10 00:51:13.745 24086 24086 I ThermalEngine: sensor DETECT-STANDBY
03-10 00:51:13.745 24086 24086 I ThermalEngine: thresholds 1
03-10 00:51:13.745 24086 24086 I ThermalEngine: thresholds_clr 0
03-10 00:51:13.745 24086 24086 I ThermalEngine: actions internal_override
03-10 00:51:13.745 24086 24086 I ThermalEngine: action_info 1
03-10 00:51:13.745 24086 24086 I ThermalEngine: [MONITOR-CAMERA]
03-10 00:51:13.745 24086 24086 I ThermalEngine: algo_type monitor
03-10 00:51:13.745 24086 24086 I ThermalEngine: sampling 2000
03-10 00:51:13.745 24086 24086 I ThermalEngine: sensor BCAM_TEMP
03-10 00:51:13.745 24086 24086 I ThermalEngine: thresholds 42000 44000 48000
03-10 00:51:13.745 24086 24086 I ThermalEngine: thresholds_clr 40000 42000 44000
03-10 00:51:13.745 24086 24086 I ThermalEngine: actions camera camera camera
03-10 00:51:13.745 24086 24086 I ThermalEngine: action_info 1 2 3
03-10 00:51:13.745 24086 24086 I ThermalEngine: [REPORT-BACK]
03-10 00:51:13.745 24086 24086 I ThermalEngine: algo_type monitor
03-10 00:51:13.745 24086 24086 I ThermalEngine: sampling 300000
03-10 00:51:13.745 24086 24086 I ThermalEngine: sensor BACK_TEMP
03-10 00:51:13.745 24086 24086 I ThermalEngine: thresholds 42000
03-10 00:51:13.745 24086 24086 I ThermalEngine: thresholds_clr 40000
03-10 00:51:13.745 24086 24086 I ThermalEngine: actions report
03-10 00:51:13.745 24086 24086 I ThermalEngine: action_info 1
03-10 00:51:13.745 24086 24086 I ThermalEngine: [REPORT-FRONT]
03-10 00:51:13.745 24086 24086 I ThermalEngine: algo_type monitor
03-10 00:51:13.745 24086 24086 I ThermalEngine: sampling 300000
03-10 00:51:13.745 24086 24086 I ThermalEngine: sensor FRONT_TEMP
03-10 00:51:13.745 24086 24086 I ThermalEngine: thresholds 42000
03-10 00:51:13.745 24086 24086 I ThermalEngine: thresholds_clr 40000
03-10 00:51:13.745 24086 24086 I ThermalEngine: actions report
03-10 00:51:13.745 24086 24086 I ThermalEngine: action_info 1
03-10 00:51:13.745 24086 24086 I ThermalEngine: [MM-TJ-MONITOR-SHUTDOWN]
03-10 00:51:13.745 24086 24086 I ThermalEngine: #algo_type monitor
03-10 00:51:13.745 24086 24086 I ThermalEngine: sampling 10
03-10 00:51:13.745 24086 24086 I ThermalEngine: sensor VIRTUAL-MM-TJ-SHUTDOWN
03-10 00:51:13.745 24086 24086 I ThermalEngine: thresholds 115000
03-10 00:51:13.745 24086 24086 I ThermalEngine: thresholds_clr 114999
03-10 00:51:13.745 24086 24086 I ThermalEngine: actions shutdown
03-10 00:51:13.745 24086 24086 I ThermalEngine: action_info 0
03-10 00:51:13.745 24086 24086 I ThermalEngine: [MDM-TJ-MONITOR-SHUTDOWN]
03-10 00:51:13.745 24086 24086 I ThermalEngine: #algo_type monitor
03-10 00:51:13.745 24086 24086 I ThermalEngine: sampling 10
03-10 00:51:13.745 24086 24086 I ThermalEngine: sensor VIRTUAL-MDM-TJ-SHUTDOWN
03-10 00:51:13.745 24086 24086 I ThermalEngine: thresholds 115000
03-10 00:51:13.745 24086 24086 I ThermalEngine: thresholds_clr 114999
03-10 00:51:13.745 24086 24086 I ThermalEngine: actions shutdown
03-10 00:51:13.745 24086 24086 I ThermalEngine: action_info 0
03-10 00:51:13.745 24086 24086 I ThermalEngine: [NSP-TJ-MONITOR-SHUTDOWN]
03-10 00:51:13.745 24086 24086 I ThermalEngine: #algo_type monitor
03-10 00:51:13.745 24086 24086 I ThermalEngine: sampling 10
03-10 00:51:13.745 24086 24086 I ThermalEngine: sensor VIRTUAL-NSP-TJ-SHUTDOWN
03-10 00:51:13.745 24086 24086 I ThermalEngine: thresholds 115000
03-10 00:51:13.745 24086 24086 I ThermalEngine: thresholds_clr 114999
03-10 00:51:13.745 24086 24086 I ThermalEngine: actions shutdown
03-10 00:51:13.745 24086 24086 I ThermalEngine: action_info 0
03-10 00:51:13.745 24086 24086 I ThermalEngine: [CPU-TJ-MONITOR-SHUTDOWN]
03-10 00:51:13.745 24086 24086 I ThermalEngine: #algo_type monitor
03-10 00:51:13.745 24086 24086 I ThermalEngine: sampling 10
03-10 00:51:13.745 24086 24086 I ThermalEngine: sensor VIRTUAL-CPU-TJ-SHUTDOWN
03-10 00:51:13.745 24086 24086 I ThermalEngine: thresholds 115000
03-10 00:51:13.745 24086 24086 I ThermalEngine: thresholds_clr 114999
03-10 00:51:13.745 24086 24086 I ThermalEngine: actions shutdown
03-10 00:51:13.745 24086 24086 I ThermalEngine: action_info 0
03-10 00:51:13.745 24086 24086 I ThermalEngine: [CPU-GOLD-TJ-MONITOR-SHUTDOWN]
03-10 00:51:13.745 24086 24086 I ThermalEngine: #algo_type monitor
03-10 00:51:13.745 24086 24086 I ThermalEngine: sampling 10
03-10 00:51:13.745 24086 24086 I ThermalEngine: sensor VIRTUAL-CPU-GOLD-TJ-SHUTDOWN
03-10 00:51:13.745 24086 24086 I ThermalEngine: thresholds 115000
03-10 00:51:13.745 24086 24086 I ThermalEngine: thresholds_clr 114999
03-10 00:51:13.745 24086 24086 I ThermalEngine: actions shutdown
03-10 00:51:13.745 24086 24086 I ThermalEngine: action_info 0
03-10 00:51:13.745 24086 24086 I ThermalEngine: [PMIC-ALARM-MONITOR-SHUTDOWN]
03-10 00:51:13.745 24086 24086 I ThermalEngine: #algo_type monitor
03-10 00:51:13.745 24086 24086 I ThermalEngine: sampling 10
03-10 00:51:13.745 24086 24086 I ThermalEngine: sensor VIRTUAL-PMIC-ALARM-SHUTDOWN
03-10 00:51:13.745 24086 24086 I ThermalEngine: thresholds 115000
03-10 00:51:13.745 24086 24086 I ThermalEngine: thresholds_clr 114999
03-10 00:51:13.745 24086 24086 I ThermalEngine: actions shutdown
03-10 00:51:13.745 24086 24086 I ThermalEngine: action_info 0
03-10 00:51:13.745 24086 24086 I ThermalEngine: [FAIL-SAFE-MONITOR]
03-10 00:51:13.745 24086 24086 I ThermalEngine: #algo_type monitor
03-10 00:51:13.745 24086 24086 I ThermalEngine: sampling 1
03-10 00:51:13.745 24086 24086 I ThermalEngine: sensor VIRTUAL-FAIL-SAFE-TJ
03-10 00:51:13.745 24086 24086 I ThermalEngine: thresholds 100000
03-10 00:51:13.745 24086 24086 I ThermalEngine: thresholds_clr 2
03-10 00:51:13.745 24086 24086 I ThermalEngine: actions camera+camcorder
03-10 00:51:13.745 24086 24086 I ThermalEngine: action_info 10+10
03-10 00:51:13.745 24086 24086 I ThermalEngine: [NSPSS-2-CAMERA-EXIT-MONITOR]
03-10 00:51:13.745 24086 24086 I ThermalEngine: #algo_type monitor
03-10 00:51:13.745 24086 24086 I ThermalEngine: sampling 10
03-10 00:51:13.745 24086 24086 I ThermalEngine: sensor nspss-2
03-10 00:51:13.745 24086 24086 I ThermalEngine: thresholds 100000
03-10 00:51:13.745 24086 24086 I ThermalEngine: thresholds_clr 95000
03-10 00:51:13.745 24086 24086 I ThermalEngine: actions camera
03-10 00:51:13.745 24086 24086 I ThermalEngine: action_info 10
03-10 00:51:13.745 24086 24086 I ThermalEngine: [NSPSS-1-CAMERA-EXIT-MONITOR]
03-10 00:51:13.745 24086 24086 I ThermalEngine: #algo_type monitor
03-10 00:51:13.745 24086 24086 I ThermalEngine: sampling 10
03-10 00:51:13.745 24086 24086 I ThermalEngine: sensor nspss-1
03-10 00:51:13.745 24086 24086 I ThermalEngine: thresholds 100000
03-10 00:51:13.745 24086 24086 I ThermalEngine: thresholds_clr 95000
03-10 00:51:13.745 24086 24086 I ThermalEngine: actions camera
03-10 00:51:13.745 24086 24086 I ThermalEngine: action_info 10
03-10 00:51:13.745 24086 24086 I ThermalEngine: [NSPSS-0-CAMERA-EXIT-MONITOR]
03-10 00:51:13.745 24086 24086 I ThermalEngine: #algo_type monitor
03-10 00:51:13.745 24086 24086 I ThermalEngine: sampling 10
03-10 00:51:13.745 24086 24086 I ThermalEngine: sensor nspss-0
03-10 00:51:13.745 24086 24086 I ThermalEngine: thresholds 100000
03-10 00:51:13.745 24086 24086 I ThermalEngine: thresholds_clr 95000
03-10 00:51:13.745 24086 24086 I ThermalEngine: actions camera
03-10 00:51:13.745 24086 24086 I ThermalEngine: action_info 10
03-10 00:51:13.745  2195  2586 I SDM     : DisplayBase::SetDisplayState: active 0-0 state 0-0 pending_power_state_ 0
03-10 00:51:13.746 24086 24086 I ThermalEngine: [SS-CPU7]
03-10 00:51:13.746 24086 24086 I ThermalEngine: algo_type ss
03-10 00:51:13.746 24086 24086 I ThermalEngine: sampling 2000
03-10 00:51:13.746 24086 24086 I ThermalEngine: sensor FUSE_TEMP
03-10 00:51:13.746 24086 24086 I ThermalEngine: device cpu-cluster2
03-10 00:51:13.746 24086 24086 I ThermalEngine: set_point 38000
03-10 00:51:13.746 24086 24086 I ThermalEngine: set_point_clr 37000
03-10 00:51:13.746 24086 24086 I ThermalEngine: time_constant 0
03-10 00:51:13.746 24086 24086 I ThermalEngine: device_max_limit 2169600
03-10 00:51:13.746 24086 24086 I ThermalEngine: [SS-CPU4]
03-10 00:51:13.746 24086 24086 I ThermalEngine: algo_type ss
03-10 00:51:13.746 24086 24086 I ThermalEngine: sampling 2000
03-10 00:51:13.746 24086 24086 I ThermalEngine: sensor FUSE_TEMP
03-10 00:51:13.746 24086 24086 I ThermalEngine: device cpu-cluster1
03-10 00:51:13.746 24086 24086 I ThermalEngine: set_point 38000
03-10 00:51:13.746 24086 24086 I ThermalEngine: set_point_clr 37000
03-10 00:51:13.746 24086 24086 I ThermalEngine: time_constant 0
03-10 00:51:13.746 24086 24086 I ThermalEngine: device_max_limit 2054400
03-10 00:51:13.746  2300  2300 D SurfaceFlinger: Finished setting power mode 0 on display 4630947043778501762
03-10 00:51:13.746  2214  2254 W ANDR-PERF-LM: FeatureState: readState() 151: warning: appName is NULL, returning default State
03-10 00:51:13.747  3706  3728 I android.hardware.thermal@2.0-service.qti-v2: Sensor Name:nsp0 temp: 48.5. prev severity:0. cur severity:0 New severity:0
03-10 00:51:13.747  2214  2254 W ANDR-PERF-LM: FeatureState: readState() 151: warning: appName is NULL, returning default State
03-10 00:51:13.747  2214  2254 W ANDR-PERF-LM: FeatureState: readState() 151: warning: appName is NULL, returning default State
03-10 00:51:13.747  3706  3728 I android.hardware.thermal@2.0-service.qti-v2: Sensor Name:nsp1 temp: 48.5. prev severity:0. cur severity:0 New severity:0
03-10 00:51:13.747  3706  3728 I android.hardware.thermal@2.0-service.qti-v2: Sensor Name:nsp2 temp: 49.2. prev severity:0. cur severity:0 New severity:0
03-10 00:51:13.747  3706  3728 I android.hardware.thermal@2.0-service.qti-v2: Sensor Name:GPU0 temp: 47.5. prev severity:0. cur severity:0 New severity:0
03-10 00:51:13.747  3706  3728 I android.hardware.thermal@2.0-service.qti-v2: Sensor Name:GPU1 temp: 46.5. prev severity:0. cur severity:0 New severity:0
03-10 00:51:13.747 24086 24259 E ThermalEngine: limits_write_data_to_partition: Error opening lmh_cdsp sysfs
03-10 00:51:13.747 24086 24259 I ThermalEngine: limits_write_data_to_partition: thread exit
03-10 00:51:13.747  3163  5305 D SurfaceControl: Excessive delay in setPowerMode()
03-10 00:51:13.747  3163  5305 D PowerManagerService: nativeSetPowerMode ret:false mode:9 enabled:true duration ms: 0
03-10 00:51:13.751  3163  3229 D CLI/Transition: displaygroup 0, state OFF, pendingdisplaygroup -1
03-10 00:51:13.751  3163  3352 D PowerManagerService: nativeSetPowerMode ret:true mode:7 enabled:false duration ms: 1
03-10 00:51:13.751  3163  3352 D BrightnessThermalClamper: Thermal status observer already started
03-10 00:51:13.751  2078  2078 I QTI PowerHAL: Power setMode: 7 to: 0
03-10 00:51:13.752  2078  2078 I QTI PowerHAL: Got set_interactive hint
03-10 00:51:13.752  2078  2078 I QTI PowerHAL: Got set_interactive hint on= 0, count= 506
03-10 00:51:13.754  2067  8157 D AHAL: AudioDevice: SetParameters: 1564: enter: screen_state=off
03-10 00:51:13.754  2067  8157 D AHAL: AudioVoice: VoiceSetParameters: 87: Enter params: screen_state=off
03-10 00:51:13.754  2067  8157 D AHAL: AudioVoice: VoiceSetParameters: 360: Exit ret: 0
03-10 00:51:13.754  2067  8157 D AHAL: FM: fm_set_parameters: 262: Enter
03-10 00:51:13.754  2067  8157 D AHAL: FM: fm_set_parameters: 320: exit
03-10 00:51:13.754  2067  8157 D AHAL: AudioDevice: SetParameters: 1628:  - screen = off
03-10 00:51:13.754  2067  8157 I PAL: ResourceManager: setParameter: 8311: Screen State:0
03-10 00:51:13.754  2067  8157 D AHAL: AudioDevice: SetParameters: 2361: exit: screen_state=off
03-10 00:51:13.755  3163  3231 D DisplayManagerService: Ignore redundant display event 0/2 to 10416/12048
03-10 00:51:13.755  3163  3231 D DisplayManagerService: Ignore redundant display event 0/2 to 10336/19192
03-10 00:51:13.756  3163  3352 I DreamManagerService: Entering dreamland. callers=com.android.server.dreams.DreamManagerService.startDreamInternal:531 com.android.server.dreams.DreamManagerService.-$$Nest$mstartDreamInternal:0 com.android.server.dreams.DreamManagerService$LocalService.startDream:1246 com.android.server.power.PowerManagerService.handleSandman:4199 com.android.server.power.PowerManagerService.-$$Nest$mhandleSandman:0 
03-10 00:51:13.758 24086 24258 I ThermalEngine: SS:ACTIVE:SS-CPU7:cpu-cluster2=0:FUSE_TEMP=38066
03-10 00:51:13.764 26976 27604 D MCLOG   : [BrightnessTrigger] onDisplayChanged displayId = 0
03-10 00:51:13.765  3163  3352 D PowerManagerService: nativeAcquireSuspendBlocker name:PowerManagerService.WakeLocks duration ms: 2
03-10 00:51:13.765  3163  3163 I BrightnessSynchronizer: New Update: {[4351] 0.1580454(f), mUpdatedTypes=0, mConfirmedTypes=0, mTimeUpdated=0, mState=2}
03-10 00:51:13.767  3163  3352 D PowerManagerService: nativeReleaseSuspendBlocker name:PowerManagerService.Display duration ms: 2
03-10 00:51:13.768  3163  3352 D PowerManagerService: nativeSetAutoSuspend enable:true duration ms: 1
03-10 00:51:13.769  7545  7545 I FileStationLog: [ FS_h$a ] - [Display] Changed display: 0
03-10 00:51:13.769  7545  7545 I FileStationLog: [ FS_h ] - [Logic] Retrieved display info: LogicDisplayInfo(width=1080, height=2640, orientation=1, rotation=0, displayId=0)
03-10 00:51:13.769  7545  7545 I FileStationLog: [ FS_h$a ] - [Display] New logical size: 1080x2640
03-10 00:51:13.769  7545  7545 I FileStationLog: [ FS_h$a ] - [Display] Screen width unchanged: 1080
03-10 00:51:13.769  3163  3352 I PowerManagerService: Dozing... groupId=1
03-10 00:51:13.770  3163  3352 D PowerManagerService: handleSandman ignore 0
03-10 00:51:13.771 26976 27604 D MCLOG   : [BrightnessManager] displayId = 0 brightness = 0.1580454 nit = 19.064537 level = br1
03-10 00:51:13.773  3163  3227 I DreamController: Starting dream: name=ComponentInfo{com.android.systemui/com.android.systemui.doze.DozeService}, isPreviewMode=false, canDoze=true, userId=0, reason='power manager request', mCurrentDreamStartTime=48186275, isFirstTimeDream=false
03-10 00:51:13.778  5625  5625 I vol.VolumeDialogImpl: dismissH reason = posture_changed mDialog.isShowing(): false
03-10 00:51:13.779  5625  5625 V DreamService[DozeService]: onCreate()
03-10 00:51:13.781  5625  5625 I MotoDozeSensor: Tap to wake up enable: true
03-10 00:51:13.782  5625  5625 D DozeTriggers: shouldregisterTapSensor:  zeroTapEnabled=false
03-10 00:51:13.783  5625  5625 E MotoDozeSensorTypeBuilder: This sensor type(25) is not supported.
03-10 00:51:13.783  5625  5625 E MotoDozeSensorTypeBuilder: This sensor type(65596) is not supported.
03-10 00:51:13.783  5625  5625 V DreamService[DozeService]: onBind() intent = Intent { act=android.service.dreams.DreamService flg=0x800000 cmp=com.android.systemui/.doze.DozeService (has extras) }
03-10 00:51:13.785  3163  3163 I DreamController: onServiceConnected: name=ComponentInfo{com.android.systemui/com.android.systemui.doze.DozeService}, service=android.os.BinderProxy@6c17c07
03-10 00:51:13.785  3163  3227 I DreamController: onServiceConnected to attach: name=ComponentInfo{com.android.systemui/com.android.systemui.doze.DozeService}
03-10 00:51:13.785  5625 11445 I DreamService: DreamServiceWrapper attach: dreamToken=android.os.BinderProxy@cfd36ca, canDoze=true
03-10 00:51:13.786  5625  5625 I vol.VolumeDialogImpl: mDialog.dismiss() reason: volume_controller from: com.android.systemui.volume.VolumeDialogImpl$10.onDismissRequested:3 displayId: 0 mShowing: false mIsAnimatingDismiss: false
03-10 00:51:13.786  3163  3352 D PowerManagerService: handleSandman ignore 0
03-10 00:51:13.787  5625  5625 I DreamService[DozeService]: attach() called: dreamToken=android.os.BinderProxy@cfd36ca, canDoze=true mWindow=null mWindowless=true
03-10 00:51:13.787  5625  5625 V DreamService[DozeService]: onDreamingStarted()
03-10 00:51:13.788  3163  3352 D PowerManagerService: handleSandman ignore 0
03-10 00:51:13.789  5625  5625 D SbStateController: setState: requested state KEYGUARD!= upcomingState: SHADE. This usually means the status bar state transition was interrupted before the upcoming state could be applied.
03-10 00:51:13.791  2064  2064 I sensors-hal: batch:206, com.motorola.sensor.ltv/65738, period=1000000, max_latency=0
03-10 00:51:13.791  2064  2064 I sensors-hal: set_config:57, sample_period_ns is adjusted to 0 based on min/max delay_ns
03-10 00:51:13.791  2064  2064 I sensors-hal: batch:215, com.motorola.sensor.ltv/65738, period=1000000, max_latency=0 request completed
03-10 00:51:13.791  2064  2064 I sensors-hal: activate:173, com.motorola.sensor.ltv/65738 en=1
03-10 00:51:13.791  2064  2064 I sensors-hal: get_qmi_debug_flag:239, support_qmi_debug : false
03-10 00:51:13.792  2061  2108 E minksocket: MinkIPC_QRTR_Service: client with node 1 port 7f25 went down
03-10 00:51:13.792  5625  5962 D KeyguardViewMediator: updateActivityLockScreenState(false, true)
03-10 00:51:13.792  2061  2108 E minksocket: MinkIPC_QRTR_Service: client with node 1 port 7f26 went down
03-10 00:51:13.793  2061  2108 E minksocket: MinkIPC_QRTR_Service: client with node 1 port 7f27 went down
03-10 00:51:13.794  2064  2064 E Diag_Lib: diag: Diag_LSM_Init: invoked for pid: 2064 with init_count: 0
03-10 00:51:13.794  2061  2108 E minksocket: MinkIPC_QRTR_Service: client with node 1 port 7f28 went down
03-10 00:51:13.794  2064  2064 E Diag_Lib: diag:failed to connect to diag socket
03-10 00:51:13.794  2064  2064 E Diag_Lib:  Diag_LSM_Init: Failed to open handle to diag driver, error = 13
03-10 00:51:13.794  2064  2064 I sensors-hal: send_sync_sensor_request:341, send sync request
03-10 00:51:13.795  2064  2064 I sensors-hal: send_sync_sensor_request:367, wait for notification of response
03-10 00:51:13.796  2064 24265 I sensors-hal: ssc_conn_resp_cb:632, resp_value = 0
03-10 00:51:13.796  2064  2064 I sensors-hal: send_sync_sensor_request:373, takes 0 ms to receive the response with 0
03-10 00:51:13.796  2064  4171 I slpi    : MOT_LTV started with registry parameters (rcv_reg_items=0x1fff)
03-10 00:51:13.796  2064  2064 I sensors-hal: activate:184, com.motorola.sensor.ltv/65738 en=1 completed
03-10 00:51:13.796  2064  4171 E slpi    : MOT_GPIO_FLIP kernel state gpio unset
03-10 00:51:13.796  3163  3352 D PowerManagerService: handleSandman ignore 0
03-10 00:51:13.800  2064  2064 I sensors-hal: batch:206, com.motorola.sensor.glance/65658, period=1000000, max_latency=0
03-10 00:51:13.800  2064  2064 I sensors-hal: set_config:57, sample_period_ns is adjusted to 0 based on min/max delay_ns
03-10 00:51:13.800  2064  2064 I sensors-hal: batch:215, com.motorola.sensor.glance/65658, period=1000000, max_latency=0 request completed
03-10 00:51:13.800  2064  2064 I sensors-hal: activate:173, com.motorola.sensor.glance/65658 en=1
03-10 00:51:13.800  2064  2064 I sensors-hal: activate:154, activate glance 65548
03-10 00:51:13.800  2064  2064 I sensors-hal: get_qmi_debug_flag:239, support_qmi_debug : false
03-10 00:51:13.802  2061  2108 E minksocket: MinkIPC_QRTR_Service: client with node 1 port 7f2a went down
03-10 00:51:13.802  2061  2108 E minksocket: MinkIPC_QRTR_Service: client with node 1 port 7f2b went down
03-10 00:51:13.803  2061  2108 E minksocket: MinkIPC_QRTR_Service: client with node 1 port 7f2c went down
03-10 00:51:13.803  2064  2064 E Diag_Lib: diag: Diag_LSM_Init: invoked for pid: 2064 with init_count: 0
03-10 00:51:13.803  2064  2064 E Diag_Lib: diag:failed to connect to diag socket
03-10 00:51:13.803  2064  2064 E Diag_Lib:  Diag_LSM_Init: Failed to open handle to diag driver, error = 13
03-10 00:51:13.803  2064  2064 I sensors-hal: create_sensor_config_request:143, sending MOT_GLANCE_MSGID_MOT_GLANCE_CONFIG, 0x17
03-10 00:51:13.803  2064  2064 I sensors-hal: send_sync_sensor_request:341, send sync request
03-10 00:51:13.803  2064  2064 I sensors-hal: send_sync_sensor_request:367, wait for notification of response
03-10 00:51:13.803  2061  2108 E minksocket: MinkIPC_QRTR_Service: client with node 1 port 7f2d went down
03-10 00:51:13.804  2064 24267 I sensors-hal: ssc_conn_resp_cb:632, resp_value = 0
03-10 00:51:13.804  2064  2064 I sensors-hal: send_sync_sensor_request:373, takes 1 ms to receive the response with 0
03-10 00:51:13.804  2064  2064 I sensors-hal: activate:184, com.motorola.sensor.glance/65658 en=1 completed
03-10 00:51:13.805  3163  3352 D PowerManagerService: handleSandman ignore 0
03-10 00:51:13.810  3163  7402 I DreamManagerService: startDozing by com.android.systemui callingUid=10394 callingPid=5625
03-10 00:51:13.810  3163  7402 D DreamManagerService: Dream requested to start dozing: android.os.Binder@713542a, screenState=1, screenBrightness=-1, reason=UNKNOWN
03-10 00:51:13.812  3163  7402 D PowerManagerService: nativeSetAutoSuspend enable:false duration ms: 1
03-10 00:51:13.813  3163  7402 D PowerManagerService: nativeAcquireSuspendBlocker name:PowerManagerService.Display duration ms: 2
03-10 00:51:13.814  3163  3352 D PowerManagerService: handleSandman ignore 0
03-10 00:51:13.814 24086 24258 I ThermalEngine: SS:ACTIVE:SS-CPU4:cpu-cluster1=0:FUSE_TEMP=38023
03-10 00:51:13.814  3163  3352 I DisplayPowerController2[1]: 03-10 00:51:13.814 - BrightnessEvent: disp=1, physDisp=local:4630947043778501763, displayState=OFF, displayPolicy=DOZE, brt=0.0, initBrt=0.0, rcmdBrt=NaN, preBrt=NaN, lux=0.0, preLux=0.0, brtNits=3.3701954, hdrNits=NaN, initNits=3.3701954, preNits=NaN, rcmdNits=NaN, hdrBrightness=NaN, brt(%)=0%, brtInt=1, hbmPolicy=normal, hbmMax=0.7660316, hbmMode=off, rbcStrength=-1, thrmMax=1.0, powerFactor=1.0, wasShortTermModelActive=false, flags=, reason=screen_off, autoBrightness=true, strategy=ScreenOffBrightnessStrategy, autoBrightnessMode=default
03-10 00:51:13.815  3163  3163 I WindowManager: Finished going to sleep... (groupId=0 why=OFF_BECAUSE_OF_USER) notifySleepToKeyguard=true lidState=0 pmSleepReason=lid_switch
03-10 00:51:13.816  2064  2064 I sensors-hal: activate:173, android.sensor.device_orientation/271 en=0
03-10 00:51:13.817  2064  2064 I sensors-hal: activate:184, android.sensor.device_orientation/271 en=0 completed
03-10 00:51:13.817  3163  3352 D PowerManagerService: nativeAcquireSuspendBlocker name:PowerManagerService.Broadcasts duration ms: 2
03-10 00:51:13.817  2061  2108 E minksocket: MinkIPC_QRTR_Service: client with node 1 port 7e29 went down
03-10 00:51:13.818  3163  3352 D PowerManagerService: nativeSetAutoSuspend enable:true duration ms: 0
03-10 00:51:13.819  3163  3352 D PowerManagerService: nativeReleaseSuspendBlocker name:PowerManagerService.Display duration ms: 0
03-10 00:51:13.820  5625  6606 D KeyguardViewMediator: USER_LOCKED intent sent
03-10 00:51:13.820  3163  3352 D PowerManagerService: handleSandman ignore 0
03-10 00:51:13.821  5625  5956 D CounterUpPreferencesStatusValue: startTracking: previous = 264 current = 265 tag = Count of how many cli AD is triggered
03-10 00:51:13.822  3163  4131 I DreamController: mDreamingStartedCallback sendResult
03-10 00:51:13.822  3163  3352 D PowerManagerService: handleSandman ignore 0
03-10 00:51:13.826  3163  3231 D CLI/Keyguard: [onKeyguardLockedStateChanged] isKeyguardLocked=true
03-10 00:51:13.826 24086 24257 E ThermalEngine: First running, skip
03-10 00:51:13.826  5625  5939 E FromGoneTransitionInteractor: Ignoring startTransition: This interactor asked to transition from GONE -> LOCKSCREEN, but we last transitioned to DOZING, not GONE. This should never happen - check currentTransitionInfoInternal or use filterRelevantKeyguardState before starting transitions.
03-10 00:51:13.826  5625  5939 E FromGoneTransitionInteractor: This transition would not have been ignored prior to ag/26681239, since we are FINISHED in GONE (but have since started another transition). If ignoring this transition has caused a regression, fix it by ensuring that transitions are exclusively started from the most recently started state.
03-10 00:51:13.826 24086 24257 I ThermalEngine: Monitor:ACTIVE:OVERRIDE-CHG:internal_override=1:DETECT-STANDBY=1
03-10 00:51:13.826  3163  3163 D TrustManagerService: refreshDeviceLockedForUser(userId=0, unlockedUser=-10000), secure=false, showingKeyguard=true, trusted=false, biometricAuthenticated=false, currentUserIsUnlocked=false, deviceLocked=false
03-10 00:51:13.826 24086 24257 I ThermalEngine: ACTION: override_c - Setting override_c to 1
03-10 00:51:13.826  6942  6942 D NfcService: MSG_APPLY_SCREEN_STATE 2
03-10 00:51:13.826 24086 24256 I ThermalEngine: Thermal-Server: Thermal received msg from  override_c
03-10 00:51:13.826 24086 24268 I Thermal-Lib: Thermal-Lib-Client: Client request sent
03-10 00:51:13.827  5625  5962 D KeyguardViewMediator: updateActivityLockScreenState(true, true)
03-10 00:51:13.828  3163  3352 D PowerManagerService: handleSandman ignore 0
03-10 00:51:13.828  6942  6942 D libnfc_nci: nfcManager_doSetScreenState: state = 2 prevScreenState= 8, discovry_param = 1
03-10 00:51:13.829  3163  3231 D PanelsService: onKeyguardStateChanged.. isShowing=true
03-10 00:51:13.829  3163  3231 D TouchHwAidlService: onKeyguardStateChanged.. isShowing=true
03-10 00:51:13.829  2582  8068 D NxpTml  : PN54X - Write requested.....
03-10 00:51:13.829  2582  8068 D NxpTml  : PN54X - Invoking I2C Write.....
03-10 00:51:13.829  3163  3231 W ServiceManagerCppClient: Failed to get isDeclared for com.motorola.hardware.display.panel.IDisplayPanel/default: Status(-1, EX_SECURITY): 'SELinux denied.'
03-10 00:51:13.829  3163  3231 D DisplayPanelService: Setting panel dc mode: 0
03-10 00:51:13.829  2090  2090 I DisplayPanel: setDcMode: DC mode = OFF
03-10 00:51:13.830  2090  2090 D DisplayPanel: setParam: Success set DC to 0 for Primary display
03-10 00:51:13.831  2582  8068 D NxpTml  : Write errno : 6b
03-10 00:51:13.831  2582  8068 D NxpTml  : PN54X - Error in I2C Write.....
03-10 00:51:13.831  2582  8068 D NxpTml  : PN54X - Posting Fresh Write message.....
03-10 00:51:13.831  2582  8068 D NxpTml  : PN54X - Tml Writer Thread Running................
03-10 00:51:13.831  2582  8070 D NxpHal  : write error status = 0x1ff
03-10 00:51:13.831  2582  2582 D NxpHal  : write_unlocked failed - PN54X Maybe in Standby Mode - Retry
03-10 00:51:13.833  3163  4132 W UserManagerService: Requested status bar icon for non-badged user 0
03-10 00:51:13.835  5625  5962 V PowerManager: userActivity when=35163823 event=0 flags=0 displayId=1 by (com.android.systemui) callers=com.android.systemui.keyguard.KeyguardViewMediator$$ExternalSyntheticLambda0.run:63 java.util.concurrent.ThreadPoolExecutor.runWorker:1145 java.util.concurrent.ThreadPoolExecutor$Worker.run:644 
03-10 00:51:13.836  3163  3352 D PowerManagerService: handleSandman ignore 0
03-10 00:51:13.836  5625  5625 D KeyguardViewMediator: KeyguardViewMediator queue processing message: SHOW
03-10 00:51:13.837  2064  2064 I sensors-hal: batch:206, android.sensor.accelerometer/11, period=20000000, max_latency=0
03-10 00:51:13.837  2064  2064 I sensors-hal: set_config:57, sample_period_ns is adjusted to 20000000 based on min/max delay_ns
03-10 00:51:13.837  2064  2064 I sensors-hal: batch:215, android.sensor.accelerometer/11, period=20000000, max_latency=0 request completed
03-10 00:51:13.837  5625  5625 D SCliNotificationListener: onNotificationListUpdate: [com.android.systemui.statusbar.notification.collection.GroupEntry@ff528b6]
03-10 00:51:13.838  3163  3163 I PowerManagerService: onFlip(): Face up.
03-10 00:51:13.838  5625  6286 D SCliNotifPanelController: onNotificationEntryRemove: -1|com.android.systemui|1201|fully_charged_and_plugged|10394
03-10 00:51:13.838  5625  6286 D SCliNotifPanelController: onNotificationGroupRemove: com.android.systemui_u-1
03-10 00:51:13.841  2582  8068 D NxpTml  : PN54X - Write requested.....
03-10 00:51:13.841  2582  8068 D NxpTml  : PN54X - Invoking I2C Write.....
03-10 00:51:13.842  2582  8068 I NxpNciX : len =   7 > 20020401020100
03-10 00:51:13.842  2582  8068 D NxpTml  : PN54X - I2C Write successful.....
03-10 00:51:13.842  2582  8068 D NxpTml  : PN54X - Posting Fresh Write message.....
03-10 00:51:13.842  2582  8070 D NxpHal  : write successful status = 0x0
03-10 00:51:13.842  2582  8068 D NxpTml  : PN54X - Tml Writer Thread Running................
03-10 00:51:13.842  2582  8059 D NxpTml  : PN54X - I2C Read successful.....
03-10 00:51:13.842  2582  8059 I NxpNciR : len =   5 > 4002020000
03-10 00:51:13.842  2582  8059 D NxpTml  : PN54X - Posting read message.....
03-10 00:51:13.842  2582  8070 D NxpHal  : read successful status = 0x0
03-10 00:51:13.842  2582  8070 D NxpHal  : phNxpNciHal_print_res_status: response status =STATUS_OK
03-10 00:51:13.843  2582  8059 D NxpTml  : PN54X - Read requested.....
03-10 00:51:13.843  2582  8059 D NxpTml  : PN54X - Invoking I2C Read.....
03-10 00:51:13.843  6942  8007 D libnfc_nci: nfaDeviceManagementCallback: enter; event=0x2
03-10 00:51:13.843  6942  8007 D libnfc_nci: nfaDeviceManagementCallback: NFA_DM_SET_CONFIG_EVT
03-10 00:51:13.844  2582  8068 D NxpTml  : PN54X - Write requested.....
03-10 00:51:13.844  2582  8068 D NxpTml  : PN54X - Invoking I2C Write.....
03-10 00:51:13.844  2582  8068 I NxpNciX : len =   4 > 20090103
03-10 00:51:13.844  2582  8068 D NxpTml  : PN54X - I2C Write successful.....
03-10 00:51:13.844  2582  8068 D NxpTml  : PN54X - Posting Fresh Write message.....
03-10 00:51:13.844  2582  8068 D NxpTml  : PN54X - Tml Writer Thread Running................
03-10 00:51:13.844  2582  8070 D NxpHal  : write successful status = 0x0
03-10 00:51:13.845  2582  8059 D NxpTml  : PN54X - I2C Read successful.....
03-10 00:51:13.845  2582  8059 I NxpNciR : len =   4 > 40090100
03-10 00:51:13.845  2582  8059 D NxpTml  : PN54X - Posting read message.....
03-10 00:51:13.845  2582  8070 D NxpHal  : read successful status = 0x0
03-10 00:51:13.845  6942  8007 D libnfc_nci: nfaDeviceManagementCallback: enter; event=0xB
03-10 00:51:13.845  6942  8007 D libnfc_nci: nfaDeviceManagementCallback: NFA_DM_SET_POWER_SUB_STATE_EVT; status=0x0
03-10 00:51:13.846  2582  8059 D NxpTml  : PN54X - Read requested.....
03-10 00:51:13.846  2582  8059 D NxpTml  : PN54X - Invoking I2C Read.....
03-10 00:51:13.846  3163  3352 D PowerManagerService: handleSandman ignore 0
03-10 00:51:13.848  3163  3352 D PowerManagerService: handleSandman ignore 0
03-10 00:51:13.853  3163  3231 W AccessibilityWindowsPopulator: The displayInfo of this displayId (0) called back from the surface fligner is null
03-10 00:51:13.853  2067  8157 D AHAL: AudioDevice: SetParameters: 1564: enter: mic_rotation=0
03-10 00:51:13.853  2067  8157 D AHAL: AudioVoice: VoiceSetParameters: 87: Enter params: mic_rotation=0
03-10 00:51:13.853  2067  8157 D AHAL: AudioVoice: VoiceSetParameters: 360: Exit ret: 0
03-10 00:51:13.853  2067  8157 D AHAL: FM: fm_set_parameters: 262: Enter
03-10 00:51:13.853  2067  8157 D AHAL: FM: fm_set_parameters: 320: exit
03-10 00:51:13.853  2067  8157 I AHAL: AudioDevice: SetParameters: 2223: mic_rotation: 0
03-10 00:51:13.853  2067  8157 D AHAL: AudioDevice: SetParameters: 2361: exit: mic_rotation=0
03-10 00:51:13.854  5625  5625 W libc    : Access denied finding property "vendor.display.enable_optimal_refresh_rate"
03-10 00:51:13.854  5625  5625 W libc    : Access denied finding property "vendor.gpp.create_frc_extension"
03-10 00:51:13.862  6978  6978 I Smart5G : [Smart5GService] receive action: android.intent.action.SCREEN_OFF
03-10 00:51:13.864  5689  5689 E DPMJ    : |SERVICE| sendScreenState state  falseand int value 0
03-10 00:51:13.871  3163  7402 W AccessibilityWindowsPopulator: The displayInfo of this displayId (0) called back from the surface fligner is null
03-10 00:51:13.871  3163  4132 W AccessibilityWindowsPopulator: The displayInfo of this displayId (0) called back from the surface fligner is null
03-10 00:51:13.871  3163  5215 I MR2ServiceImpl: Updating composite discovery preference | preference: RouteDiscoveryRequest{ preferredFeatures={}, activeScan=false }, active routers: []
03-10 00:51:13.876  3163  3163 D MotoFaceProvider: Receive screen off intent
03-10 00:51:13.878  3163  5216 I DreamManagerService: startDozing by com.android.systemui callingUid=10394 callingPid=5625
03-10 00:51:13.878  3163  5216 D DreamManagerService: Dream requested to start dozing: android.os.Binder@713542a, screenState=2, screenBrightness=-1, reason=DREAM_MANAGER_LID_SWITCH
03-10 00:51:13.880  3163  5216 D PowerManagerService: nativeSetAutoSuspend enable:false duration ms: 1
03-10 00:51:13.880  3163  3352 I WindowManager: Display 1 turning on...
03-10 00:51:13.881  2300  2300 D SurfaceFlinger: setDesiredDisplayModeSpecs[{0, false, PR={p[24.00-120.00]Hz, r[24.00-60.00]Hz}, AR={p[0.00-120.00]Hz, r[0.00-60.00]Hz}}]: by process 3163 uid 1000 for display 4630947043778501762
03-10 00:51:13.881  3163  5216 D PowerManagerService: nativeAcquireSuspendBlocker name:PowerManagerService.Display duration ms: 1
03-10 00:51:13.881  5625  5625 D KeyguardViewMediator: KeyguardViewMediator queue processing message: NOTIFY_FINISHED_GOING_TO_SLEEP
03-10 00:51:13.885  5493  6013 W HWUI    : Surface doesn't have any previously queued frames, nothing to readback from
03-10 00:51:13.886  5625  5625 I Channel.Remote: [de8362611079428da312381e6bb8b50c|com.motorola.personalize] Keep channel connection alive true by 4
03-10 00:51:13.892  3163  3231 W AccessibilityWindowsPopulator: The displayInfo of this displayId (0) called back from the surface fligner is null
03-10 00:51:13.893  5625  5625 I vol.VolumeDialogImpl: mDialog.dismiss() reason: screen_off from: com.android.systemui.volume.VolumeDialogImpl$10.onScreenOff:4 displayId: 0 mShowing: false mIsAnimatingDismiss: true
03-10 00:51:13.893  5625  5625 D vol.VolumeDialogImpl: dismissH: skipping dismiss because isAnimatingDismiss is true and showingStateInconsistent is false
03-10 00:51:13.894  3163  3229 W WindowManager: All windows drawn on display 1
03-10 00:51:13.895  3163  3352 I DisplayBrightnessStrategySelector: Changing the DisplayBrightnessStrategy from ScreenOffBrightnessStrategy to InvalidBrightnessStrategy for display 1
03-10 00:51:13.895  2064  2064 I sensors-hal: batch:206, com.motorola.sensor.stowed/65568, period=200000000, max_latency=0
03-10 00:51:13.895  2064  2064 I sensors-hal: set_config:61, no need to adjust sample_period_ns due to reporting_mode = 2
03-10 00:51:13.895  2064  2064 I sensors-hal: batch:215, com.motorola.sensor.stowed/65568, period=200000000, max_latency=0 request completed
03-10 00:51:13.895  3163  3352 V DisplayPowerController2[1]: Brightness [0.10921061] reason changing to: 'manual', previous reason: 'screen_off'.
03-10 00:51:13.896  3163  3352 I DisplayPowerController2[1]: 03-10 00:51:13.895 - BrightnessEvent: disp=1, physDisp=local:4630947043778501763, displayState=ON, displayPolicy=DOZE, brt=0.10921061, initBrt=0.0, rcmdBrt=NaN, preBrt=NaN, lux=0.0, preLux=0.0, brtNits=18.727106, hdrNits=NaN, initNits=3.3701954, preNits=NaN, rcmdNits=NaN, hdrBrightness=NaN, brt(%)=14%, brtInt=29, hbmPolicy=normal, hbmMax=0.7660316, hbmMode=off, rbcStrength=-1, thrmMax=1.0, powerFactor=1.0, wasShortTermModelActive=false, flags=, reason=manual, autoBrightness=true, strategy=InvalidBrightnessStrategy, autoBrightnessMode=default
03-10 00:51:13.896  3163  5308 D PowerManagerService: nativeSetPowerMode ret:false mode:9 enabled:false duration ms: 0
03-10 00:51:13.896  3163  5308 D TouchHwAidlService: setCliDisplayState: mCliScreenOff=false
03-10 00:51:13.896  3163  5308 D LocalDisplayAdapter: setDisplayPowerMode mode=2 for display=android.os.BinderProxy@433f576
03-10 00:51:13.896 10834 28160 I DeviceStatusMonitor: DeviceStatusMonitor.handleBroadcast():138 onReceive() : Action = android.intent.action.SCREEN_OFF
03-10 00:51:13.896  2064  2064 I sensors-hal: activate:173, com.motorola.sensor.tap/65988 en=0
03-10 00:51:13.897 10834 28160 I DeviceStatusMonitor: DeviceStatusMonitor.updateCountryInfo():154 updateCountryInfo(), notifyAnyway = false
03-10 00:51:13.897 10834 10834 I InputBundle: InputBundle.consumeEvent():1029 Skip consuming an event as imeStatus is INACTIVE
03-10 00:51:13.897  2061  2108 E minksocket: MinkIPC_QRTR_Service: client with node 1 port 7e41 went down
03-10 00:51:13.898  2064  2064 I sensors-hal: activate:184, com.motorola.sensor.tap/65988 en=0 completed
03-10 00:51:13.898  3163  3231 I DisplayDeviceRepository: Display device changed state: "HDMI Screen", ON
03-10 00:51:13.899  3163  7402 D SystemServerTiming: getUserSwitchability-0
03-10 00:51:13.899  3163  7402 D SystemServerTiming: TM.isInCall
03-10 00:51:13.901  5625  6606 I Channel.Remote: [binder:5625_7] [de8362611079428da312381e6bb8b50c|com.motorola.personalize][255] received remote channel service seq:255 results
03-10 00:51:13.901 10834 10834 I Module  : DeviceLockedStatusModuleProvider$Module.updateDeviceLockedStatus():103 repeatCheckTimes = 0, locked = false
03-10 00:51:13.901  3163  7402 D SystemServerTiming: hasUserRestriction-DISALLOW_USER_SWITCH
03-10 00:51:13.901  3163  7402 D SystemServerTiming: getInt-ALLOW_USER_SWITCHING_WHEN_SYSTEM_USER_LOCKED
03-10 00:51:13.901  3163  7402 D SystemServerTiming: isUserUnlocked-USER_SYSTEM
03-10 00:51:13.901  3163  3231 I InputManager-JNI: Viewport [0] to add: local:4630947043778501762, isActive: false
03-10 00:51:13.901  3163  3231 I InputManager-JNI: Viewport [1] to add: local:4630947043778501763, isActive: true
03-10 00:51:13.902  3163  3352 D BrightnessThermalClamper: Thermal status observer already started
03-10 00:51:13.902  3163  3227 D TouchHwAidlService: updateCliDisplayState: mCliScreenOn=true
03-10 00:51:13.903  3163  4285 I InputReader: Reconfiguring input devices, changes=DISPLAY_INFO
03-10 00:51:13.903  3163  4285 I InputReader: Disabling goodix_ts (device 7) because the associated viewport is not active
03-10 00:51:13.903  3163  4285 I InputReader: Device reconfigured: id=6, name='zinitix_mt', size 194x368, orientation Rotation0, mode DIRECT, display id 1
03-10 00:51:13.903  3163  6016 E WindowManager: Dream packageName does not match active dream. Package com.dolby.daxservice does not match ComponentInfo{com.android.systemui/com.android.systemui.doze.DozeService}
03-10 00:51:13.904  3163  7454 E WindowManager: Dream packageName does not match active dream. Package com.google.android.gsf does not match ComponentInfo{com.android.systemui/com.android.systemui.doze.DozeService}
03-10 00:51:13.904  3163  7454 E WindowManager: Dream packageName does not match active dream. Package com.google.android.gms does not match ComponentInfo{com.android.systemui/com.android.systemui.doze.DozeService}
03-10 00:51:13.904  3163  6987 E WindowManager: Dream packageName does not match active dream. Package com.google.android.gsf does not match ComponentInfo{com.android.systemui/com.android.systemui.doze.DozeService}
03-10 00:51:13.905  3163  6987 E WindowManager: Dream packageName does not match active dream. Package com.google.android.gms does not match ComponentInfo{com.android.systemui/com.android.systemui.doze.DozeService}
03-10 00:51:13.905  3163  3163 I BrightnessSynchronizer: New Update: {[4352] 0.15604413(f), mUpdatedTypes=0, mConfirmedTypes=0, mTimeUpdated=0, mState=2}
03-10 00:51:13.905  3163  3231 D PanelsService: updateCliDisplayState: mCliScreenState=ON
03-10 00:51:13.905  3163  3232 I DisplayDevice: [1] Layerstack set to 1 for local:4630947043778501763 mDisplayToken=android.os.BinderProxy@433f576 t=Transaction{mNativeObject=-5476376673043392304, mHashCode=0}
03-10 00:51:13.905  3163  7445 E WindowManager: Dream packageName does not match active dream. Package io.appium.settings does not match ComponentInfo{com.android.systemui/com.android.systemui.doze.DozeService}
03-10 00:51:13.906  3163  6909 E WindowManager: Dream packageName does not match active dream. Package com.google.android.inputmethod.latin does not match ComponentInfo{com.android.systemui/com.android.systemui.doze.DozeService}
03-10 00:51:13.906  3163  3203 E WindowManager: Dream packageName does not match active dream. Package com.motorola.mobiledesktop.core does not match ComponentInfo{com.android.systemui/com.android.systemui.doze.DozeService}
03-10 00:51:13.907  3163  7414 E WindowManager: Dream packageName does not match active dream. Package com.android.vending does not match ComponentInfo{com.android.systemui/com.android.systemui.doze.DozeService}
03-10 00:51:13.908  3163  3231 W ServiceManagerCppClient: Failed to get isDeclared for com.motorola.hardware.display.panel.IDisplayPanel/default: Status(-1, EX_SECURITY): 'SELinux denied.'
03-10 00:51:13.908  3163  3231 D DisplayPanelService: Setting panel dc mode: 0
03-10 00:51:13.908  2090  2090 I DisplayPanel: setDcMode: DC mode = OFF
03-10 00:51:13.908  2090  2090 D DisplayPanel: setParam: Success set DC to 0 for Primary display
03-10 00:51:13.910 11449 11449 I OverviewComponentObserver: updateOverviewTargets: mIsHomeDisabled=true, isDefaultHomeNull=false, mIsDefaultHome=true
03-10 00:51:13.910  3163  3229 V WindowManager: Content Recording: Display 1 state was (1), is now (2), so update recording?
03-10 00:51:13.910  3163  3229 D CLI/Transition: displaygroup 1, state ON, pendingdisplaygroup -1
03-10 00:51:13.911 10834 10834 I PkDeviceHelper: PkDeviceHelper.refreshDevices():93 refreshing devices
03-10 00:51:13.911  5625  5625 I Typeface: mototime=Rookery-Stacked;moto_time;5625
03-10 00:51:13.915  2300  2300 D SurfaceFlinger: Setting power mode 2 on display 4630947043778501763
03-10 00:51:13.915  5993  8761 I NearbyDiscovery: (REDACTED) FastPairHandler: Received action %s
03-10 00:51:13.916  5993  8761 I NearbyDiscovery: (REDACTED) PureOffloadFastPairScanner: eventType=%s, isInternalReq=%s, isScanning=%s, isScanningAllowed=%s
03-10 00:51:13.916  5625  5625 I Typeface: mototime=Rookery-Stacked;moto_time;5625
03-10 00:51:13.916  5993  8761 I NearbyDiscovery: (REDACTED) ApFastPairScanner: isScreenOn=%s, isLocationEnabled=%s, disableLocationRequirement=%s, isDiscoveryScanningEnabled=%s, during24GhzWifiWarmingUpPeriod=%s
03-10 00:51:13.916  5625  5625 D LockScreen_Plugin: notifyAttributesChanged: pluginCallback = com.android.systemui.shared.plugins.MotoLsClockFacePlugin$PluginCallback@db2e267, data = Bundle[{clock_face_time=moto_time, clock_face_color=-1}]
03-10 00:51:13.916  5625  5625 V MotoLsClockFacePlugin: onClockFaceColorChange: 0xffffffff
03-10 00:51:13.916  5625  5625 V MotoLsClockFacePlugin: onClockFontChanged
03-10 00:51:13.916  3163  7024 E WindowManager: Dream packageName does not match active dream. Package com.foxnews.android does not match ComponentInfo{com.android.systemui/com.android.systemui.doze.DozeService}
03-10 00:51:13.916  5993  8761 D BluetoothAdapter: isLeEnabled(): ON
03-10 00:51:13.916  5993  8761 I NearbyDiscovery: (REDACTED) ApFastPairScanner: eventType=%s, intReq=%s, scanning=%s, scanAllowed=%s, bleEnabled=%s, lockScanRate=%s, startScanningByLowPowerMode=%s
03-10 00:51:13.916  2300  2300 I Scheduler: Display 4630947043778501763 is the pacesetter
03-10 00:51:13.916  2300  2300 I Scheduler: promotePacesetterDisplayLocked, mAcceptScrollEvent=1
03-10 00:51:13.916  2300  2300 I Scheduler: promotePacesetterDisplayLocked, mAcceptTouchNotBoostEvent=0
03-10 00:51:13.916  2300  2300 D SurfaceFlinger: Setting desired display mode specs: {0, false, PR={p[24.00-120.00]Hz, r[24.00-120.00]Hz}, AR={p[0.00-120.00]Hz, r[0.00-120.00]Hz}} for display 4630947043778501763
03-10 00:51:13.918  2300  2300 I SurfaceFlinger: Switching to Scheduler preferred mode 0 (60.00 Hz) for display 4630947043778501763
03-10 00:51:13.918  2300  2300 W ComposerExtn: DisplayExtnImpl::SetActiveConfig: HWC Display 2 is not registered!
03-10 00:51:13.918  2300  2300 D DisplayModeController: setDesiredMode 4630947043778501763 {mode={fps=60.00 Hz, modePtr={id=0, vsyncRate=60.00 Hz, peakRefreshRate=60.00 Hz}}, emitEvent=true, force=false}
03-10 00:51:13.918  3163  6016 D SystemServerTiming: getUserSwitchability-0
03-10 00:51:13.918  3163  6016 D SystemServerTiming: TM.isInCall
03-10 00:51:13.918  3163  6016 D SystemServerTiming: hasUserRestriction-DISALLOW_USER_SWITCH
03-10 00:51:13.918  2195  2586 I SDM     : DisplayBase::SetDisplayState: Set state = 1, display 76-0, teardown = 0
03-10 00:51:13.918  3163  7024 D SystemServerTiming: getUserSwitchability-0
03-10 00:51:13.918  3163  7024 D SystemServerTiming: TM.isInCall
03-10 00:51:13.918  3163  7024 D SystemServerTiming: hasUserRestriction-DISALLOW_USER_SWITCH
03-10 00:51:13.918  3163  7024 D SystemServerTiming: getInt-ALLOW_USER_SWITCHING_WHEN_SYSTEM_USER_LOCKED
03-10 00:51:13.919  3163  7024 D SystemServerTiming: isUserUnlocked-USER_SYSTEM
03-10 00:51:13.919  3163  6016 D SystemServerTiming: getInt-ALLOW_USER_SWITCHING_WHEN_SYSTEM_USER_LOCKED
03-10 00:51:13.919  3163  6016 D SystemServerTiming: isUserUnlocked-USER_SYSTEM
03-10 00:51:13.919  2195  2586 I SDM     : HWDeviceDRM::NullCommit: Null commit succeeded crtc=203
03-10 00:51:13.919  3163  8301 E WindowManager: Dream packageName does not match active dream. Package com.motorola.motocare does not match ComponentInfo{com.android.systemui/com.android.systemui.doze.DozeService}
03-10 00:51:13.919  3163  7445 E WindowManager: Dream packageName does not match active dream. Package com.motorola.launcher3 does not match ComponentInfo{com.android.systemui/com.android.systemui.doze.DozeService}
03-10 00:51:13.920  5993  8761 I NearbyDiscovery: FastPairController: onSystemStateChanged: skip due to flag disabled [CONTEXT service_id=265 ]
03-10 00:51:13.920  3163  4132 E WindowManager: Dream packageName does not match active dream. Package com.motorola.mobiledesktop does not match ComponentInfo{com.android.systemui/com.android.systemui.doze.DozeService}
03-10 00:51:13.920  3163  3231 W AccessibilityWindowsPopulator: The displayInfo of this displayId (0) called back from the surface fligner is null
03-10 00:51:13.921  3163  7454 E WindowManager: Dream packageName does not match active dream. Package com.google.android.ext.services does not match ComponentInfo{com.android.systemui/com.android.systemui.doze.DozeService}
03-10 00:51:13.922  3163  7402 E WindowManager: Dream packageName does not match active dream. Package com.motorola.livewallpaper3.prebuilt.vanilla_reflection does not match ComponentInfo{com.android.systemui/com.android.systemui.doze.DozeService}
03-10 00:51:13.926  3163  5158 D WifiStaIfaceHidlImpl: getCachedScanData is not implemented by HIDL
03-10 00:51:13.928  7545  7545 I FileStationLog: [ FileStationManager ] - screenIsOn: false, hasWindowShowed: false
03-10 00:51:13.928  7545  7545 I MotoDesktopLog: [ FileStationLog ] - broadcastMessage - cmd : 2008
03-10 00:51:13.930  7545  7545 I FileStationLog: [ FS_h$a ] - [Display] Changed display: 1
03-10 00:51:13.935  3163  3203 E WindowManager: Dream packageName does not match active dream. Package com.motorola.mobiledesktop.core does not match ComponentInfo{com.android.systemui/com.android.systemui.doze.DozeService}
03-10 00:51:13.938  7545  7545 I FileStationLog: [ FS_h$a ] - [Display] Ignoring change for non-default/desktop display: 1
03-10 00:51:13.939 11449 11449 D StateManager: goToState - fromState: Normal, toState: Normal, partial trace:
03-10 00:51:13.939 11449 11449 D StateManager: 	at com.android.launcher3.Launcher.onScreenOnChanged(Launcher.java:3017)
03-10 00:51:13.939 11449 11449 D StateManager: 	at com.android.launcher3.Launcher$$ExternalSyntheticLambda25.onScreenOnChanged(D8$$SyntheticClass:0)
03-10 00:51:13.939 11449 11449 D StateManager: 	at com.android.launcher3.util.ScreenOnTracker.lambda$dispatchScreenOnChanged$0(ScreenOnTracker.java:67)
03-10 00:51:13.941  5625  5625 D BiometricsRepositoryImpl: currentUser authFlags changed, new value: AuthenticationFlags(userId=0, flag=0)
03-10 00:51:13.941  5625  5625 D BiometricsRepositoryImpl: currentUser authFlags changed, new value: AuthenticationFlags(userId=0, flag=0)
03-10 00:51:13.942  5625  5625 D BiometricsRepositoryImpl: currentUser authFlags changed, new value: AuthenticationFlags(userId=0, flag=0)
03-10 00:51:13.943  5625  5625 D BiometricsRepositoryImpl: currentUser authFlags changed, new value: AuthenticationFlags(userId=0, flag=0)
03-10 00:51:13.943  5625  5625 D BiometricsRepositoryImpl: currentUser authFlags changed, new value: AuthenticationFlags(userId=0, flag=0)
03-10 00:51:13.944  5625  5625 D BiometricsRepositoryImpl: currentUser authFlags changed, new value: AuthenticationFlags(userId=0, flag=0)
03-10 00:51:13.951  5625  5920 D ControlsListingControllerImpl: Subscribing callback, service count: 1
03-10 00:51:13.951  5625  5920 D ControlsListingControllerImpl: Subscribing callback, service count: 1
03-10 00:51:13.954  5625  5920 D ControlsListingControllerImpl: Subscribing callback, service count: 1
03-10 00:51:13.972  5993 24227 W QAWalletSvc: No wallet cards to return. [CONTEXT service_id=79 ]
03-10 00:51:13.973  5625  5920 E QuickAccessWalletKeyguardQuickAffordanceConfig: Wallet card retrieval error, message: "Unable to load your payment info"
03-10 00:51:13.974  5993 23182 W QAWalletSvc: No wallet cards to return. [CONTEXT service_id=79 ]
03-10 00:51:13.974  5643 13675 D ApfFilter: (wlan0): Ignoring RA RA fe80::c294:35ff:fe71:84fd -> ff02::1 180s 2601:85:ca02:f280::/64 7200s/7200s DNS 180s 2601:85:ca02:f280:c294:35ff:fe71:84fd 2001:558:feed::1 2001:558:feed::2 RIO 180s ::/0  which matches RA fe80::c294:35ff:fe71:84fd -> ff02::1 180s 2601:85:ca02:f280::/64 7200s/7200s DNS 180s 2601:85:ca02:f280:c294:35ff:fe71:84fd 2001:558:feed::1 2001:558:feed::2 RIO 180s ::/0 
03-10 00:51:13.975  5625  5920 E QuickAccessWalletKeyguardQuickAffordanceConfig: Wallet card retrieval error, message: "Unable to load your payment info"
03-10 00:51:13.975  5993 32199 W QAWalletSvc: No wallet cards to return. [CONTEXT service_id=79 ]
03-10 00:51:13.976  5625  5920 E QuickAccessWalletKeyguardQuickAffordanceConfig: Wallet card retrieval error, message: "Unable to load your payment info"
03-10 00:51:14.060  2064  4171 D slpi-TMD2712: tmd2712: Prox pdata 3, offset1:70, full: 718, NearBy: 0, Lth:54, Hth:85,off_l 70. off_h 0, th_l 1, th_h 85
03-10 00:51:14.071  2064  4171 D slpi-TMD2712: tmd2712: Prox pdata 3, offset1:70, full: 718, NearBy: 0, Lth:54, Hth:85,off_l 70. off_h 0, th_l 1, th_h 85
