03-13 16:24:05.824  4205  4205 I PluginAODManager: onNotificationInfoUpdated : can not find -1|android|32|null|1000
03-13 16:24:05.824  4205  4205 D PluginAODManager: onNotificationInfoUpdated() 0|com.sec.android.daemonapp|5|null|10222
03-13 16:24:05.824  4205  4205 D PluginAODManager: onNotificationInfoUpdated() 0|com.android.vending|0|0|com.android.vending|g:Aggregate_NormalNotificationSection|10260|0|com.android.vending|g:Aggregate_NormalNotificationSection
03-13 16:24:05.824  4205  4205 D PluginAODManager: onNotificationInfoUpdated() 0|com.samsung.android.app.smartcapture|5755|null|10221
03-13 16:24:05.824  4205  4205 I AODNotificationManager: updateVisibleNotifications: 3
03-13 16:24:05.824  4205  4205 D SecQSCommonTileView: handleStateChanged state.spec = MobileData, parent = LabelTileView{@6212bab, #7f0a0df0, app:id/tile_label V, label = @6212bab, #7f0a0df0, app:id/tile_label V, iconFrame = @8afe208 V, icon = @3f1dda1 V, common = @b089bc6}, labelContainer = @336d9fa, #7f0a0661, app:id/label_group V, label = @6212bab, #7f0a0df0, app:id/tile_label V, iconFrame = @8afe208 V, icon = @3f1dda1 V, common = @b089bc6
03-13 16:24:05.824  4205  4205 D SubRoomQsTileBaseView: updateSubscreenTileStroke
03-13 16:24:05.824  4205  4205 D SubRoomQsTileBaseView: updateSubscreenTileStroke
03-13 16:24:05.824  4205  4205 D SecQSCommonTileView: handleStateChanged state.spec = custom(com.samsung.android.app.smartcapture/com.samsung.android.app.screenrecorder.view.RecordScreenTile), parent = LabelTileView{@ec91b50, #7f0a0df0, app:id/tile_label V, label = @ec91b50, #7f0a0df0, app:id/tile_label V, iconFrame = @1d33149 V, icon = @7666a4e V, common = @153376f}, labelContainer = @ab1dd13, #7f0a0661, app:id/label_group V, label = @ec91b50, #7f0a0df0, app:id/tile_label V, iconFrame = @1d33149 V, icon = @7666a4e V, common = @153376f
03-13 16:24:05.824  4205  4205 D SubRoomQsTileBaseView: updateSubscreenTileStroke
03-13 16:24:05.824  4205  4205 D SubRoomQsTileBaseView: updateSubscreenTileStroke
03-13 16:24:05.824  4205  4205 D SecQSCommonTileView: handleStateChanged state.spec = custom(com.samsung.android.app.routines/.LifestyleModeTile), parent = LargeTileView{@a164517, #7f0a0df0, app:id/tile_label V, label = @a164517, #7f0a0df0, app:id/tile_label V, iconFrame = @b529d04 V, icon = @31c42ed V, common = @fbae522}, labelContainer = @349f69f, #7f0a0661, app:id/label_group V, label = @a164517, #7f0a0df0, app:id/tile_label V, iconFrame = @b529d04 V, icon = @31c42ed V, common = @fbae522
03-13 16:24:05.824  4205  4205 D SubRoomQsTileBaseView: updateSubscreenTileStroke
03-13 16:24:05.825  4205  4205 D SubRoomQsTileBaseView: updateSubscreenTileStroke
03-13 16:24:05.825  4205  4205 D SecQSCommonTileView: handleStateChanged state.spec = Dnd, parent = LabelTileView{@81c3103, #7f0a0df0, app:id/tile_label V, label = @81c3103, #7f0a0df0, app:id/tile_label V, iconFrame = @641f880 V, icon = @6cdfeb9 V, common = @56802fe}, labelContainer = @5bfbdb2, #7f0a0661, app:id/label_group V, label = @81c3103, #7f0a0df0, app:id/tile_label V, iconFrame = @641f880 V, icon = @6cdfeb9 V, common = @56802fe
03-13 16:24:05.825  4205  4205 D SubRoomQsTileBaseView: updateSubscreenTileStroke
03-13 16:24:05.825  4205  4205 D SubRoomQsTileBaseView: updateSubscreenTileStroke
03-13 16:24:05.825  4205  4205 D SubRoomQsTileBaseView: updateSubscreenTileStroke
03-13 16:24:05.825  4205  4205 D SubRoomQsTileBaseView: updateSubscreenTileStroke
03-13 16:24:05.825  4205  4205 D SubRoomQsTileBaseView: updateSubscreenTileStroke
03-13 16:24:05.825  4205  4205 D SubRoomQsTileBaseView: updateSubscreenTileStroke
03-13 16:24:05.825  4205  4205 D SubRoomQsTileBaseView: updateSubscreenTileStroke
03-13 16:24:05.825  4205  4205 D SubRoomQsTileBaseView: updateSubscreenTileStroke
03-13 16:24:05.825  4205  4205 D SecQSCommonTileView: handleStateChanged state.spec = custom(com.samsung.android.app.smartcapture/com.samsung.android.app.screenrecorder.view.RecordScreenTile), parent = LabelTileView{@ec91b50, #7f0a0df0, app:id/tile_label V, label = @ec91b50, #7f0a0df0, app:id/tile_label V, iconFrame = @1d33149 V, icon = @7666a4e V, common = @153376f}, labelContainer = @ab1dd13, #7f0a0661, app:id/label_group V, label = @ec91b50, #7f0a0df0, app:id/tile_label V, iconFrame = @1d33149 V, icon = @7666a4e V, common = @153376f
03-13 16:24:05.825  4205  4205 D SubRoomQsTileBaseView: updateSubscreenTileStroke
03-13 16:24:05.825  4205  4205 D SubRoomQsTileBaseView: updateSubscreenTileStroke
03-13 16:24:05.825  4205  4205 D SecQSCommonTileView: handleStateChanged state.spec = custom(com.samsung.android.app.routines/.LifestyleModeTile), parent = LargeTileView{@a164517, #7f0a0df0, app:id/tile_label V, label = @a164517, #7f0a0df0, app:id/tile_label V, iconFrame = @b529d04 V, icon = @31c42ed V, common = @fbae522}, labelContainer = @349f69f, #7f0a0661, app:id/label_group V, label = @a164517, #7f0a0df0, app:id/tile_label V, iconFrame = @b529d04 V, icon = @31c42ed V, common = @fbae522
03-13 16:24:05.825  4205  4205 D SubRoomQsTileBaseView: updateSubscreenTileStroke
03-13 16:24:05.825  4205  4205 D SubRoomQsTileBaseView: updateSubscreenTileStroke
03-13 16:24:05.825  4205  4205 D SecQSCommonTileView: handleStateChanged state.spec = custom(com.samsung.android.app.smartcapture/com.samsung.android.app.screenrecorder.view.RecordScreenTile), parent = LabelTileView{@ec91b50, #7f0a0df0, app:id/tile_label V, label = @ec91b50, #7f0a0df0, app:id/tile_label V, iconFrame = @1d33149 V, icon = @7666a4e V, common = @153376f}, labelContainer = @ab1dd13, #7f0a0661, app:id/label_group V, label = @ec91b50, #7f0a0df0, app:id/tile_label V, iconFrame = @1d33149 V, icon = @7666a4e V, common = @153376f
03-13 16:24:05.825  4205  4205 D SubRoomQsTileBaseView: updateSubscreenTileStroke
03-13 16:24:05.825  4205  4205 D SecQSCommonTileView: handleStateChanged state.spec = custom(com.samsung.android.app.routines/.LifestyleModeTile), parent = LargeTileView{@a164517, #7f0a0df0, app:id/tile_label V, label = @a164517, #7f0a0df0, app:id/tile_label V, iconFrame = @b529d04 V, icon = @31c42ed V, common = @fbae522}, labelContainer = @349f69f, #7f0a0661, app:id/label_group V, label = @a164517, #7f0a0df0, app:id/tile_label V, iconFrame = @b529d04 V, icon = @31c42ed V, common = @fbae522
03-13 16:24:05.825  4205  4205 D SubRoomQsTileBaseView: updateSubscreenTileStroke
03-13 16:24:05.826  4205  4205 D PluginActionManager: stopListening
03-13 16:24:05.826  4205  4205 D StackScroller: generateRemoveAnimation -1|android|32|null|1000
03-13 16:24:05.826  4205  4205 D StackScroller: generateRemoveAnimation -1|android|32|null|1000 mIsExpanded false mAnimationsEnabled false
03-13 16:24:05.826  4205  4205 D StackScroller: onViewRemovedInternal remove child without animation -1|android|32|null|1000
03-13 16:24:05.827  4205  4205 I AppIconSolution: return adaptive icon for com.sec.android.daemonapp, isNight = true
03-13 16:24:05.828  4205  4205 I AppIconSolution: return adaptive icon for com.android.vending, isNight = true
03-13 16:24:05.829  4205  4205 I AppIconSolution: return adaptive icon for com.samsung.android.app.smartcapture, isNight = true
03-13 16:24:05.830  4205  4205 D S.S.N.  : update - updateMainListArray parent Group child remove Item: 0|com.android.vending|0|0|com.android.vending|g:Aggregate_NormalNotificationSection|10260|0|com.android.vending|g:Aggregate_NormalNotificationSection
03-13 16:24:05.830  4205  4205 D S.S.N.  : update - updateMainListArray parent Group child already exists 0|com.android.vending|0|0|com.android.vending|g:Aggregate_NormalNotificationSection|10260|0|com.android.vending|g:Aggregate_NormalNotificationSection
03-13 16:24:05.831  3003  4866 I WindowManager: Relayout Window{c341097 u0 NavigationBar1}: viewVisibility=0 req=748x66 ty=2019 d1
03-13 16:24:05.832  3003  4866 D BLASTSyncEngine: SyncGroup 8337:  Unfinished container: WindowToken{8004a5b type=2024 android.os.BinderProxy@d7bba75} mSyncState=2
03-13 16:24:05.832  3003  3130 D BrightnessThermalClamper: Thermal status observer already started
03-13 16:24:05.832  3003  4866 I WindowManager: [d1] Override config changes=20000c00 {0.0 ?mcc0mnc ?localeList ?layoutDir sw308dp w352dp h308dp 340dpi smll hdr widecg land ?uimode ?night finger -keyb/v/h -nav/h winConfig={ mBounds=Rect(0, 0 - 748, 720) mAppBounds=Rect(0, 0 - 748, 654) mMaxBounds=Rect(0, 0 - 748, 720) mDisplayRotation=ROTATION_0 mWindowingMode=fullscreen mActivityType=undefined mAlwaysOnTop=undefined mRotation=ROTATION_0 mStageConfig=undefined mPopOver=undefined mOverlappingWithCutout=false mFlexPanelMode=off} ?fontWeightAdjustment ff=0 bf=-1 bts=0 cst=1.0 nightDim=-1 themeSeq=0}, callers=com.android.server.wm.DisplayContent.updateDisplayOverrideConfigurationLocked:24 com.android.server.wm.DisplayContent.sendNewConfiguration:133 com.android.server.wm.WindowManagerService.relayoutWindow:1685 com.android.server.wm.Session.relayout:27 android.view.IWindowSession$Stub.onTransact:829 
03-13 16:24:05.832  3003  4866 V WindowManager: Collecting in transition 8337: WindowToken{8004a5b type=2024 android.os.BinderProxy@d7bba75}, caller=com.android.server.wm.TransitionController$$ExternalSyntheticLambda3.accept:43 com.android.server.wm.WindowContainer$ForAllWindowsConsumerWrapper.apply:5 com.android.server.wm.WindowState.applyInOrderWithImeWindows:22 com.android.server.wm.WindowState.forAllWindows:9 com.android.server.wm.WindowContainer.forAllWindows:2 
03-13 16:24:05.833  3003  4866 I MultiTaskingController: onConfigurationChangedLocked: display#1, configChanges=0x20000c00, scaleW=1.0, scaleH=1.0, prevScreenBounds=Rect(0, 0 - 748, 720), nextScreenBounds=Rect(0, 0 - 748, 720)
03-13 16:24:05.834  4205  4267 V ShellDragAndDrop: Display changed: 1
03-13 16:24:05.834  3003  4866 D BLASTSyncEngine: SyncGroup 8337:  Unfinished container: WindowToken{8004a5b type=2024 android.os.BinderProxy@d7bba75} mSyncState=2
03-13 16:24:05.835  6239  6239 I SSS     : [ChatRoomComponentManager] onConfigurationChanged: {1.0 ?mcc0mnc [en_US] ldltr sw308dp w352dp h308dp 340dpi smll hdr widecg land night finger -keyb/v/h -nav/h winConfig={ mBounds=Rect(0, 0 - 748, 720) mAppBounds=Rect(0, 0 - 748, 654) mMaxBounds=Rect(0, 0 - 748, 720) mDisplayRotation=ROTATION_0 mWindowingMode=fullscreen mActivityType=undefined mAlwaysOnTop=undefined mRotation=ROTATION_0 mStageConfig=undefined mPopOver=off mOverlappingWithCutout=false mFlexPanelMode=off} s.8400 fontWeightAdjustment=0 ff=0 bf=-1 bts=0 cst=1.0 nightDim=0 themeSeq=0}
03-13 16:24:05.836  3003  4866 I WindowManager: Relayout hash=c341097, pid=4205, syncId=-1: mAttrs={(0,0)(fillx66) gr=BOTTOM CENTER_VERTICAL sim={adjust=pan} layoutInDisplayCutoutMode=always ty=NAVIGATION_BAR fmt=TRANSLUCENT
03-13 16:24:05.836  3003  4866 I WindowManager:   fl=20040028
03-13 16:24:05.836  3003  4866 I WindowManager:   pfl=31000000
03-13 16:24:05.836  3003  4866 I WindowManager:   bhv=1
03-13 16:24:05.836  3003  4866 I WindowManager:   providedInsets:
03-13 16:24:05.836  3003  4866 I WindowManager:     InsetsFrameProvider: {id=#48bb0001, index=0, type=navigationBars, source=FRAME, flags=[], insetsSize=Insets{left=0, top=0, right=0, bottom=66}, insetsSizeOverrides=[TypedInsetsSize: {windowType=INPUT_METHOD, insetsSize=null}]}
03-13 16:24:05.836  3003  4866 I WindowManager:     InsetsFrameProvider: {id=#48bb0006, index=0, type=tappableElement, source=FRAME, flags=[]}
03-13 16:24:05.836  3003  4866 I WindowManager:     InsetsFrameProvider: {id=#48bb0005, index=0, type=mandatorySystemGestures, source=FRAME, flags=[]}
03-13 16:24:05.836  3003  4866 I WindowManager:     InsetsFrameProvider: {id=#48bb0004, index=0, type=systemGestures, source=DISPLAY, flags=[], insetsSize=Insets{left=0, top=0, right=0, bottom=0}, mMinimalInsetsSizeInDisplayCutoutSafe=Insets{left=0, top=0, right=0, bottom=0}}
03-13 16:24:05.836  3003  4866 I WindowManager:     InsetsFrameProvider: {id=#48bb0024, index=1, type=systemGestures, source=DISPLAY, flags=[], insetsSize=Insets{left=0, top=0, right=0, bottom=0}, mMinimalInsetsSizeInDisplayCutoutSafe=Insets{left=0, top=0, right=0, bottom=0}}
03-13 16:24:05.836  3003  4866 I WindowManager:   frameRateBoostOnTouch=true
03-13 16:24:05.836  3003  4866 I WindowManager:   dvrrWindowFrameRateHint=true
03-13 16:24:05.836  3003  4866 I WindowManager:   paramsForRotation:
03-13 16:24:05.836  3003  4866 I WindowManager:     ROTATION_0={(0,0)(fillx66) gr=BOTTOM CENTER_VERTICAL layoutInDisplayCutoutMode=always ty=NAVIGATION_BAR fmt=TRANSLUCENT
03-13 16:24:05.836  3003  4866 I WindowManager:       fl=20040028
03-13 16:24:05.836  3003  4866 I WindowManager:       pfl=31000000
03-13 16:24:05.836  3003  4866 I WindowManager:       bhv=1
03-13 16:24:05.836  3003  4866 I WindowManager:       providedInsets:
03-13 16:24:05.836  3003  4866 I WindowManager:         InsetsFrameProvider: {id=#48bb0001, index=0, type=navigationBars, source=FRAME, flags=[], insetsSize=Insets{left=0, top=0, right=0, bottom=66}, insetsSizeOverrides=[TypedInsetsSize: {windowType=INPUT_METHOD, insetsSize=null}]}
03-13 16:24:05.836  3003  4866 I WindowManager:         InsetsFrameProvider: {id=#48bb0006, index=0, type=tappableElement, source=FRAME, flags=[]}
03-13 16:24:05.836  3003  4866 I WindowManager:         InsetsFrameProvider: {id=#48bb0005, index=0, type=mandatorySystemGestures, source=FRAME, flags=[]}
03-13 16:24:05.836  3003  4866 I WindowManager:         InsetsFrameProvider: {id=#48bb0004, index=0, type=systemGestures, source=DISPLAY, flags=[], insetsSize=Insets{left=0, top=0, right=0, bottom=0}, mMinimalInsetsSizeInDisplayCutoutSafe=Insets{left=0, top=0, right=0, bottom=0}}
03-13 16:24:05.836  3003  4866 I WindowManager:         InsetsFrameProvider: {id=#48bb0024, index=1, type=systemGestures, source=DISPLAY, flags=[], insetsSize=Insets{left=0, top=0, right=0, bottom=0}, mMinimalInsetsSizeInDisplayCutoutSafe=Insets{left=0, top=0, right=0, bottom=0}}
03-13 16:24:05.836  3003  4866 I WindowManager:       frameRateBoostOnTouch=true
03-13 16:24:05.836  3003  4866 I WindowManager:       dvrrWindowFrameRateHint=true naviIconColor=0}
03-13 16:24:05.836  3003  4866 I WindowManager:     ROTATION_90={(0,0)(66xfill) gr=RIGHT CENTER_HORIZONTAL layoutInDisplayCutoutMode=always ty=NAVIGATION_BAR fmt=TRANSLUCENT
03-13 16:24:05.836  3003  4866 I WindowManager:       fl=20040028
03-13 16:24:05.836  3003  4866 I WindowManager:       pfl=31000000
03-13 16:24:05.836  3003  4866 I WindowManager:       bhv=1
03-13 16:24:05.836  3003  4866 I WindowManager:       providedInsets:
03-13 16:24:05.836  3003  4866 I WindowManager:         InsetsFrameProvider: {id=#48bb0001, index=0, type=navigationBars, source=FRAME, flags=[], insetsSizeOverrides=[TypedInsetsSize: {windowType=INPUT_METHOD, insetsSize=null}]}
03-13 16:24:05.836  3003  4866 I WindowManager:         InsetsFrameProvider: {id=#48bb0006, index=0, type=tappableElement, source=FRAME, flags=[]}
03-13 16:24:05.836  3003  4866 I WindowManager:         InsetsFrameProvider: {id=#48bb0005, index=0, type=mandatorySystemGestures, source=FRAME, flags=[]}
03-13 16:24:05.836  3003  4866 I WindowManager:         InsetsFrameProvider: {id=#48bb0004, index=0, type=systemGestures, source=DISPLAY, flags=[], insetsSize=Insets{left=0, top=0, right=0, bottom=0}, mMinimalInsetsSizeInDisplayCutoutSafe=Insets{left=0, top=0, right=0, bottom=0}}
03-13 16:24:05.836  3003  4866 I WindowManager:         InsetsFrameProvider: {id=#48bb0024, index=1, type=systemGestures, source=DISPLAY, flags=[], insetsSize=Insets{left=0, top=0, right=0, bottom=0}, mMinimalInsetsSizeInDisplayCutoutSafe=Insets{left=0, top=0, right=0, bottom=0}}
03-13 16:24:05.836  3003  4866 I WindowManager:       frameRateBoostOnTouch=true
03-13 16:24:05.836  3003  4866 I WindowManager:       dvrrWindowFrameRateHint=true naviIconColor=0}
03-13 16:24:05.836  3003  4866 I WindowManager:     ROTATION_180={(0,0)(fillx66) gr=TOP CENTER_VERTICAL layoutInDisplayCutoutMode=always ty=NAVIGATION_BAR fmt=TRANSLUCENT
03-13 16:24:05.836  3003  4866 I WindowManager:       fl=20040028
03-13 16:24:05.836  3003  4866 I WindowManager:       pfl=31000000
03-13 16:24:05.836  3003  4866 I WindowManager:       bhv=1
03-13 16:24:05.836  3003  4866 I WindowManager:       providedInsets:
03-13 16:24:05.836  3003  4866 I WindowManager:         InsetsFrameProvider: {id=#48bb0001, index=0, type=navigationBars, source=FRAME, flags=[], insetsSize=Insets{left=0, top=0, right=0, bottom=66}, insetsSizeOverrides=[TypedInsetsSize: {windowType=INPUT_METHOD, insetsSize=null}]}
03-13 16:24:05.836  3003  4866 I WindowManager:         InsetsFrameProvider: {id=#48bb0006, index=0, type=tappableElement, source=FRAME, flags=[]}
03-13 16:24:05.836  3003  4866 I WindowManager:         InsetsFrameProvider: {id=#48bb0005, index=0, type=mandatorySystemGestures, source=FRAME, flags=[]}
03-13 16:24:05.836  3003  4866 I WindowManager:         InsetsFrameProvider: {id=#48bb0004, index=0, type=systemGestures, source=DISPLAY, flags=[], insetsSize=Insets{left=0, top=0, right=0, bottom=0}, mMinimalInsetsSizeInDisplayCutoutSafe=Insets{left=0, top=0, right=0, bottom=0}}
03-13 16:24:05.836  3003  4866 I WindowManager:         InsetsFrameProvider: {id=#48bb0024, index=1, type=systemGestures, source=DISPLAY, flags=[], insetsSize=Insets{left=0, top=0, right=0, bottom=0}, mMinimalInsetsSizeInDisplayCutoutSafe=Insets{left=0, top=0, right=0, bottom=0}}
03-13 16:24:05.836  3003  4866 I WindowManager:       frameRateBoostOnTouch=true
03-13 16:24:05.836  3003  4866 I WindowManager:       dvrrWindowFrameRateHint=true naviIconColor=0}
03-13 16:24:05.836  3003  4866 I WindowManager:     ROTATION_270={(0,0)(66xfill) gr=LEFT CENTER_HORIZONTAL layoutInDisplayCutoutMode=always ty=NAVIGATION_BAR fmt=TRANSLUCENT
03-13 16:24:05.836  3003  4866 I WindowManager:       fl=20040028
03-13 16:24:05.836  3003  4866 I WindowManager:       pfl=31000000
03-13 16:24:05.836  3003  4866 I WindowManager:       bhv=1
03-13 16:24:05.836  3003  4866 I WindowManager:       providedInsets:
03-13 16:24:05.836  3003  4866 I WindowManager:         InsetsFrameProvider: {id=#48bb0001, index=0, type=navigationBars, source=FRAME, flags=[], insetsSizeOverrides=[TypedInsetsSize: {windowType=INPUT_METHOD, insetsSize=null}]}
03-13 16:24:05.836  3003  4866 I WindowManager:         InsetsFrameProvider: {id=#48bb0006, index=0, type=tappableElement, source=FRAME, flags=[]}
03-13 16:24:05.836  3003  4866 I WindowManager:         InsetsFrameProvider: {id=#48bb0005, index=0, type=mandatorySystemGestures, source=FRAME, flags=[]}
03-13 16:24:05.836  3003  4866 I WindowManager:         InsetsFrameProvider: {id=#48bb0004, index=0, type=systemGestures, source=DISPLAY, flags=[], insetsSize=Insets{left=0, top=0, right=0, bottom=0}, mMinimalInsetsSizeInDisplayCutoutSafe=Insets{left=0, top=0, right=0, bottom=0}}
03-13 16:24:05.836  3003  4866 I WindowManager:         InsetsFrameProvider: {id=#48bb0024, index=1, type=systemGestures, source=DISPLAY, flags=[], insetsSize=Insets{left=0, top=0, right=0, bottom=0}, mMinimalInsetsSizeInDisplayCutoutSafe=Insets{left=0, top=0, right=0, bottom=0}}
03-13 16:24:05.836  3003  4866 I WindowManager:       frameRateBoostOnTouch=true
03-13 16:24:05.836  3003  4866 I WindowManager:       dvrrWindowFrameRateHint=true naviIconColor=0} naviIconColor=0}
03-13 16:24:05.836  3003  3003 D SGM:GameManager: onDisplayChanged. displyId: 1, state: 1
03-13 16:24:05.836  3003  3003 V CameraService_worker: onDisplayChanged rotation : 0 current mDeviceState : 6
03-13 16:24:05.836  4205  4205 I InsetsController: onStateChanged: host=NavigationBar1, from=android.view.ViewRootImpl.onInsetsStateChanged:3026, state=InsetsState: {mDisplayFrame=Rect(0, 0 - 748, 720), mDisplayCutout=DisplayCutout{insets=Rect(0, 0 - 0, 66) waterfall=Insets{left=0, top=0, right=0, bottom=0} boundingRect={Bounds=[Rect(0, 0 - 0, 0), Rect(0, 0 - 0, 0), Rect(0, 0 - 0, 0), Rect(379, 654 - 748, 720)]} cutoutPathParserInfo={CutoutPathParserInfo{displayWidth=748 displayHeight=720 physicalDisplayWidth=748 physicalDisplayHeight=720 density={2.125} cutoutSpec={@bottom @right M 0,0 H -173.6470588235294 V -31.05882352941176 H 0 V 0 Z @dp} rotation={0} scale={1.0} physicalPixelDisplaySizeRatio={1.0}}} sideOverrides={}}, mRoundedCorners=RoundedCorners{[RoundedCorner{position=TopLeft, radius=49, center=Point(49, 49)}, RoundedCorner{position=TopRight, radius=49, center=Point(699, 49)}, RoundedCorner{position=BottomRight, radius=49, center=Point(699, 671)}, RoundedCorner{position=BottomLeft, radius=49, center=Point(49, 671)}]}  mRoundedCornerFrame=Rect(0, 0 - 0, 0), mPrivacyIndicatorBounds=PrivacyIndicatorBounds {static bounds=null rotation=0}, mDisplayShape=DisplayShape{ spec=1406003047 displayWidth=748 displayHeight=720 physicalPixelDisplaySizeRatio=1.0 rotation=0 offsetX=0 offsetY=0 scale=1.0}, mSources= { InsetsSource: {67 mType=displayCutout mFrame=[0,654][748,720] mVisible=true mFlags= mSideHint=BOTTOM mBoundingRects=null}, InsetsSource: {48bb0004 mType=systemGestures mFrame=[0,0][0,0] mVisible=true mFlags= mSideHint=NONE mBoundingRects=null}, InsetsSource: {48bb0005 mType=mandatorySystemGestures mFrame=[0,654][748,720] mVisible=true mFlags= mSideHint=BOTTOM mBoundingRects=null}, InsetsSource: {48bb0024 mType=systemGestures mFrame=[0,0][0,0] mVisible=true mFlags= mSideHint=NONE mBoundingRects=null} }
03-13 16:24:05.837  4205  4205 I BLASTBufferQueue_Java: update, w= 748 h= 66 mName = VRI[NavigationBar1]@23bbf1c mNativeObject= 0xb400006fbfcfa0e0 sc.mNativeObject= 0xb4000071ef96f910 format= -3 caller= android.view.ViewRootImpl.updateBlastSurfaceIfNeeded:3574 android.view.ViewRootImpl.relayoutWindow:11685 android.view.ViewRootImpl.performTraversals:4804 android.view.ViewRootImpl.doTraversal:3924 android.view.ViewRootImpl$TraversalRunnable.run:12903 android.view.Choreographer$CallbackRecord.run:1901 
03-13 16:24:05.837  4205  4205 I VRI[NavigationBar1]@23bbf1c: Relayout returned: old=(0,618,748,720) new=(0,654,748,720) relayoutAsync=false req=(748,66)0 dur=6 res=0x1 s={true 0xb40000707fe16820} ch=false seqId=0
03-13 16:24:05.837  4205  4205 D NavBarStateManager: NavBarStates(1) supportLargeCoverScreenNavBar: true
03-13 16:24:05.837  4205  4205 D Navbar.Store: handleEvent(1) GetNavBarLargeCoverScreenPadding(rotation=0) [Module] SamsungNavigationBarView
03-13 16:24:05.837  4205  4205 D Navbar.Store: --[Band]COVER_SCREEN_PACK_GET_NAVBAR_PADDING
03-13 16:24:05.837  4205  4205 D CoverScreenPack: get cover screen padding, kit.displayId=1, resources={1.0 ?mcc0mnc [en_US] ldltr sw307dp w352dp h308dp 340dpi smll hdr widecg land night -touch -keyb/v/h -nav/h winConfig={ mBounds=Rect(0, 0 - 748, 720) mAppBounds=Rect(0, 0 - 748, 654) mMaxBounds=Rect(0, 0 - 748, 720) mDisplayRotation=ROTATION_0 mWindowingMode=fullscreen mActivityType=undefined mAlwaysOnTop=undefined mRotation=ROTATION_0 mStageConfig=undefined mPopOver=undefined mOverlappingWithCutout=false mFlexPanelMode=off} s.7551 fontWeightAdjustment=0 ff=0 bf=-1 bts=0 cst=1.0 nightDim=0 themeSeq=0}
03-13 16:24:05.837  4205  4205 D Navbar.Store: handleEvent(1) value= Rect(0, 0 - 399, 0)
03-13 16:24:05.837  4205  4205 D VRI[NavigationBar1]@23bbf1c: mThreadedRenderer.updateSurface() mSurface={isValid=true 0xb40000707fe16820}
03-13 16:24:05.837  4205  4205 D VRI[NavigationBar1]@23bbf1c: reportNextDraw android.view.ViewRootImpl.performTraversals:5443 android.view.ViewRootImpl.doTraversal:3924 android.view.ViewRootImpl$TraversalRunnable.run:12903 android.view.Choreographer$CallbackRecord.run:1901 android.view.Choreographer$CallbackRecord.run:1910 
03-13 16:24:05.837  4205  4205 D VRI[NavigationBar1]@23bbf1c: Setup new sync=wmsSync-VRI[NavigationBar1]@23bbf1c#46
03-13 16:24:05.837  4205  4205 I VRI[NavigationBar1]@23bbf1c: Creating new active sync group VRI[NavigationBar1]@23bbf1c#47
03-13 16:24:05.838  4205  4205 D VRI[NavigationBar1]@23bbf1c: registerCallbacksForSync syncBuffer=false
03-13 16:24:05.838  4205  4392 D VRI[NavigationBar1]@23bbf1c: Received frameDrawingCallback syncResult=0 frameNum=2.
03-13 16:24:05.838  4205  4392 I VRI[NavigationBar1]@23bbf1c: mWNT: t=0xb4000071ffb28850 mBlastBufferQueue=0xb400006fbfcfa0e0 fn= 2 HdrRenderState mRenderHdrSdrRatio=1.0 caller= android.view.ViewRootImpl$12.onFrameDraw:15441 android.view.ThreadedRenderer$1.onFrameDraw:718 <bottom of call stack> 
03-13 16:24:05.838  4205  4392 I VRI[NavigationBar1]@23bbf1c: Setting up sync and frameCommitCallback
03-13 16:24:05.838  4832 15449 I HoneySpace.Memory-Monitor: no default Display - 1
03-13 16:24:05.838  4205  4394 W qdgralloc: getInterlacedFlag: getMetaData returned 3, defaulting to interlaced_flag = 0
03-13 16:24:05.839  4205  4362 D SubScreenPackageChecker: SubHome Component
03-13 16:24:05.839  4205  4394 I VRI[NavigationBar1]@23bbf1c: Received frameCommittedCallback lastAttemptedDrawFrameNum=2 didProduceBuffer=true
03-13 16:24:05.839  4205  4205 D VRI[NavigationBar1]@23bbf1c: reportDrawFinished seqId=0
03-13 16:24:05.839  2007 12669 I sensors-hal: handle_sns_client_event:97, folding_angle device_mode(0 -> 1), book_mode(0 -> 0)
03-13 16:24:05.839  2007 12669 I sensors-hal: handle_sns_client_event:107, folding_angle skip same angle   0/  0
03-13 16:24:05.840  4205  4205 D BackPanelController: updateArrowState: GONE -> GONE
03-13 16:24:05.840  3003  4866 D WindowManager: finishDrawingWindow: Window{c341097 u0 NavigationBar1} mDrawState=READY_TO_SHOW seqId=0
03-13 16:24:05.840  3003  3594 I WindowManager: Relayout Window{4dc0c86 u0 EdgeBackGestureHandler1}: viewVisibility=8 req=223x570 ty=2024 d1
03-13 16:24:05.840  3003  3594 D BLASTSyncEngine: SyncGroup 8337:  Unfinished container: WindowToken{8004a5b type=2024 android.os.BinderProxy@d7bba75} mSyncState=2
03-13 16:24:05.841  3003  3594 I WindowManager: Relayout hash=4dc0c86, pid=4205, syncId=-1: mAttrs={(0,0)(223x570) sim={adjust=pan} ty=NAVIGATION_BAR_PANEL fmt=TRANSLUCENT
03-13 16:24:05.841  3003  3594 I WindowManager:   fl=1000118
03-13 16:24:05.841  3003  3594 I WindowManager:   pfl=30200010
03-13 16:24:05.841  3003  3594 I WindowManager:   bhv=1
03-13 16:24:05.841  3003  3594 I WindowManager:   frameRateBoostOnTouch=true
03-13 16:24:05.841  3003  3594 I WindowManager:   dvrrWindowFrameRateHint=true naviIconColor=0}
03-13 16:24:05.841  4205  4205 I InsetsController: onStateChanged: host=EdgeBackGestureHandler1, from=android.view.ViewRootImpl.onInsetsStateChanged:3026, state=InsetsState: {mDisplayFrame=Rect(0, 0 - 748, 720), mDisplayCutout=DisplayCutout{insets=Rect(0, 0 - 0, 66) waterfall=Insets{left=0, top=0, right=0, bottom=0} boundingRect={Bounds=[Rect(0, 0 - 0, 0), Rect(0, 0 - 0, 0), Rect(0, 0 - 0, 0), Rect(379, 654 - 748, 720)]} cutoutPathParserInfo={CutoutPathParserInfo{displayWidth=748 displayHeight=720 physicalDisplayWidth=748 physicalDisplayHeight=720 density={2.125} cutoutSpec={@bottom @right M 0,0 H -173.6470588235294 V -31.05882352941176 H 0 V 0 Z @dp} rotation={0} scale={1.0} physicalPixelDisplaySizeRatio={1.0}}} sideOverrides={}}, mRoundedCorners=RoundedCorners{[RoundedCorner{position=TopLeft, radius=49, center=Point(49, 49)}, RoundedCorner{position=TopRight, radius=49, center=Point(699, 49)}, RoundedCorner{position=BottomRight, radius=49, center=Point(699, 671)}, RoundedCorner{position=BottomLeft, radius=49, center=Point(49, 671)}]}  mRoundedCornerFrame=Rect(0, 0 - 0, 0), mPrivacyIndicatorBounds=PrivacyIndicatorBounds {static bounds=null rotation=0}, mDisplayShape=DisplayShape{ spec=1406003047 displayWidth=748 displayHeight=720 physicalPixelDisplaySizeRatio=1.0 rotation=0 offsetX=0 offsetY=0 scale=1.0}, mSources= { InsetsSource: {67 mType=displayCutout mFrame=[0,654][748,720] mVisible=true mFlags= mSideHint=BOTTOM mBoundingRects=null}, InsetsSource: {48bb0004 mType=systemGestures mFrame=[0,0][0,0] mVisible=true mFlags= mSideHint=NONE mBoundingRects=null}, InsetsSource: {48bb0005 mType=mandatorySystemGestures mFrame=[0,654][748,720] mVisible=true mFlags= mSideHint=BOTTOM mBoundingRects=null}, InsetsSource: {48bb0024 mType=systemGestures mFrame=[0,0][0,0] mVisible=true mFlags= mSideHint=NONE mBoundingRects=null} }
03-13 16:24:05.841  3003  3068 D BLASTSyncEngine: SyncGroup 8337:  Unfinished container: WindowToken{8004a5b type=2024 android.os.BinderProxy@d7bba75} mSyncState=2
03-13 16:24:05.841  4205  4205 I VRI[EdgeBackGestureHandler1]@7ed016f: Relayout returned: old=(262,75,485,645) new=(262,75,485,645) relayoutAsync=false req=(223,570)8 dur=1 res=0x0 s={false 0x0} ch=false seqId=0
03-13 16:24:05.841  4205  4205 D VRI[EdgeBackGestureHandler1]@7ed016f: Not drawing due to not visible. Reason=View.GONE
03-13 16:24:05.842  4205  4205 D VRI[NavigationBar0]@f26899a: Not drawing due to screen off
03-13 16:24:05.842  4205  4205 E SecQSPanelResourcePickHelper: need to prepare suitable picker for COVER
03-13 16:24:05.842  4205  4205 E SecQSPanelResourcePickHelper: need to prepare suitable picker for COVER
03-13 16:24:05.842  4205  4205 E SecQSPanelResourcePickHelper: need to prepare suitable picker for COVER
03-13 16:24:05.842  4205  4205 E SecQSPanelResourcePickHelper: need to prepare suitable picker for COVER
03-13 16:24:05.842  4205  4205 W RefactorFlag: New code path expects SceneContainerFlag to be enabled.
03-13 16:24:05.842  4205  4205 D SubscreenPagedTileLayout: onMeasure, heightMeasureSpec: 1073742262 mDistributeTiles: false mLastMaxHeight: 438 mPageHeight: 438 mLastMaxWidth: 624 MeasureSpec.getSize: 624
03-13 16:24:05.842 19717 19717 I HBD     : DeX h DeX mode state change in non-main thread 
03-13 16:24:05.842 19717 19717 I HBD     : DeX h DeX mode state change: 3 
03-13 16:24:05.842  4205  4205 D SubscreenTileLayout: onMeasure width: 624 availableWidth: 624 mRows: 3 numTiles: 9 mColumns: 4
03-13 16:24:05.842  4205  4205 D SubscreenTileLayout: onMeasure, pageHeight: 438 mMaxCellHeight: 100 pageWidth: 624 mCellMarginHorizontal :60 mCellHeight: 111,mCellWidth: 111,mTileVerticalMargin: 34
03-13 16:24:05.843  4205  4205 E SecQSPanelResourcePickHelper: need to prepare suitable picker for COVER
03-13 16:24:05.843  4205  4205 E SecQSPanelResourcePickHelper: need to prepare suitable picker for COVER
03-13 16:24:05.843  4205  4205 E SecQSPanelResourcePickHelper: need to prepare suitable picker for COVER
03-13 16:24:05.843  4205  4205 E SecQSPanelResourcePickHelper: need to prepare suitable picker for COVER
03-13 16:24:05.843  4205  4205 E SecQSPanelResourcePickHelper: need to prepare suitable picker for COVER
03-13 16:24:05.843  4205  4205 E SecQSPanelResourcePickHelper: need to prepare suitable picker for COVER
03-13 16:24:05.843  4205  4881 D VRI[ScreenDecorOverlayCover]@cddcdb0: Setup new sync=wmsSync-VRI[ScreenDecorOverlayCover]@cddcdb0#48
03-13 16:24:05.843  4205  4205 E SecQSPanelResourcePickHelper: need to prepare suitable picker for COVER
03-13 16:24:05.843  4205  4881 I VRI[ScreenDecorOverlayCover]@cddcdb0: Creating new active sync group VRI[ScreenDecorOverlayCover]@cddcdb0#49
03-13 16:24:05.843  4205  4205 E SecQSPanelResourcePickHelper: need to prepare suitable picker for COVER
03-13 16:24:05.843  4205  4205 E SecQSPanelResourcePickHelper: need to prepare suitable picker for COVER
03-13 16:24:05.843  4205  4205 D SubscreenPagedTileLayout: onMeasure, heightMeasureSpec: 1073742262 mDistributeTiles: false mLastMaxHeight: 438 mPageHeight: 438 mLastMaxWidth: 624 MeasureSpec.getSize: 624
03-13 16:24:05.843  4205  4205 D SubscreenTileLayout: onMeasure width: 624 availableWidth: 624 mRows: 3 numTiles: 9 mColumns: 4
03-13 16:24:05.843  4205  4205 D SubscreenTileLayout: onMeasure, pageHeight: 438 mMaxCellHeight: 100 pageWidth: 624 mCellMarginHorizontal :60 mCellHeight: 111,mCellWidth: 111,mTileVerticalMargin: 34
03-13 16:24:05.843  4205  4205 E SecQSPanelResourcePickHelper: need to prepare suitable picker for COVER
03-13 16:24:05.843  4205  4205 E SecQSPanelResourcePickHelper: need to prepare suitable picker for COVER
03-13 16:24:05.843  4205  4205 E SecQSPanelResourcePickHelper: need to prepare suitable picker for COVER
03-13 16:24:05.843  4205  4205 E SecQSPanelResourcePickHelper: need to prepare suitable picker for COVER
03-13 16:24:05.843  4205  4205 E SecQSPanelResourcePickHelper: need to prepare suitable picker for COVER
03-13 16:24:05.843  4205  4205 E SecQSPanelResourcePickHelper: need to prepare suitable picker for COVER
03-13 16:24:05.843  4205  4205 E SecQSPanelResourcePickHelper: need to prepare suitable picker for COVER
03-13 16:24:05.843  4205  4205 E SecQSPanelResourcePickHelper: need to prepare suitable picker for COVER
03-13 16:24:05.843  4205  4205 E SecQSPanelResourcePickHelper: need to prepare suitable picker for COVER
03-13 16:24:05.843  4205  4881 D VRI[ScreenDecorOverlayCover]@cddcdb0: registerCallbacksForSync syncBuffer=false
03-13 16:24:05.843  4205  4205 D VRI[StatusBar]@b731380: Not drawing due to screen off
03-13 16:24:05.843  4205  4205 D Navbar.Store: handleEvent(1) OnUpdateNavBarVisibility(visibility=8) [Module] NavigationBarFrame
03-13 16:24:05.843  4205  4205 D Navbar.Store: --[Band]VIS_PACK_UPDATE_NAVBAR_VISIBILITY
03-13 16:24:05.843  4205  4393 D VRI[ScreenDecorOverlayCover]@cddcdb0: Received frameDrawingCallback syncResult=0 frameNum=2026.
03-13 16:24:05.843  4205  4393 I VRI[ScreenDecorOverlayCover]@cddcdb0: Setting up sync and frameCommitCallback
03-13 16:24:05.843  4205  4205 D Navbar.Store: ----apply(1) NavBarStoreAction$UpdateNavBarGoneStateFlag
03-13 16:24:05.844  3003  3003 I Telecom : SamsungTelecomServiceImpl : isInManagedCall - callingPackage : android / callingUser : UserHandle{0} / hasCrossUserAccess : true
03-13 16:24:05.844  4832 15449 I HoneySpace.SystemUiRepository: systemUiFlags: overview_disabled|home_disabled|navbar_hidden|allow_gesture|back_disabled|wakefulness_transition|navbar_gone
03-13 16:24:05.844  4205  4394 W qdgralloc: getInterlacedFlag: getMetaData returned 3, defaulting to interlaced_flag = 0
03-13 16:24:05.844  4832  4895 I HoneySpace.TaskbarEventTracker: invokeEvent() called with: event = SystemUiStateChanged(stateFlags=1100052824450)
03-13 16:24:05.845  3003  3067 E ModeChangeObserver: Changed display not found
03-13 16:24:05.845  3003  3068 D BLASTSyncEngine: SyncGroup 8337:  Unfinished container: WindowToken{8004a5b type=2024 android.os.BinderProxy@d7bba75} mSyncState=2
03-13 16:24:05.847  4205  4394 I VRI[ScreenDecorOverlayCover]@cddcdb0: Received frameCommittedCallback lastAttemptedDrawFrameNum=2026 didProduceBuffer=true
03-13 16:24:05.847  4205  4394 D HWUI    : HWUI - treat SMPTE_170M as sRGB
03-13 16:24:05.847  4205  4881 D VRI[ScreenDecorOverlayCover]@cddcdb0: reportDrawFinished seqId=0
03-13 16:24:05.847  3003  4920 D WifiDisplayAdapter: isFitToActiveDisplayLocked : false
03-13 16:24:05.848  4205  4205 I VRI[ScreenDecorOverlayCover]@cddcdb0: Resizing android.view.ViewRootImpl@9f0cc40: frame = [0,0][748,720] reportDraw = true forceLayout = false syncSeqId = -1
03-13 16:24:05.848  4205  4881 I InsetsController: onStateChanged: host=ScreenDecorOverlayCover, from=android.view.ViewRootImpl.onInsetsStateChanged:3026, state=InsetsState: {mDisplayFrame=Rect(0, 0 - 748, 720), mDisplayCutout=DisplayCutout{insets=Rect(0, 0 - 0, 66) waterfall=Insets{left=0, top=0, right=0, bottom=0} boundingRect={Bounds=[Rect(0, 0 - 0, 0), Rect(0, 0 - 0, 0), Rect(0, 0 - 0, 0), Rect(379, 654 - 748, 720)]} cutoutPathParserInfo={CutoutPathParserInfo{displayWidth=748 displayHeight=720 physicalDisplayWidth=748 physicalDisplayHeight=720 density={2.125} cutoutSpec={@bottom @right M 0,0 H -173.6470588235294 V -31.05882352941176 H 0 V 0 Z @dp} rotation={0} scale={1.0} physicalPixelDisplaySizeRatio={1.0}}} sideOverrides={}}, mRoundedCorners=RoundedCorners{[RoundedCorner{position=TopLeft, radius=49, center=Point(49, 49)}, RoundedCorner{position=TopRight, radius=49, center=Point(699, 49)}, RoundedCorner{position=BottomRight, radius=49, center=Point(699, 671)}, RoundedCorner{position=BottomLeft, radius=49, center=Point(49, 671)}]}  mRoundedCornerFrame=Rect(0, 0 - 0, 0), mPrivacyIndicatorBounds=PrivacyIndicatorBounds {static bounds=null rotation=0}, mDisplayShape=DisplayShape{ spec=1406003047 displayWidth=748 displayHeight=720 physicalPixelDisplaySizeRatio=1.0 rotation=0 offsetX=0 offsetY=0 scale=1.0}, mSources= { InsetsSource: {67 mType=displayCutout mFrame=[0,654][748,720] mVisible=true mFlags= mSideHint=BOTTOM mBoundingRects=null}, InsetsSource: {48bb0004 mType=systemGestures mFrame=[0,0][0,0] mVisible=true mFlags= mSideHint=NONE mBoundingRects=null}, InsetsSource: {48bb0005 mType=mandatorySystemGestures mFrame=[0,618][748,720] mVisible=true mFlags= mSideHint=BOTTOM mBoundingRects=null}, InsetsSource: {48bb0024 mType=systemGestures mFrame=[0,0][0,0] mVisible=true mFlags= mSideHint=NONE mBoundingRects=null} }
03-13 16:24:05.848  4205  4205 D ZenModeController: Added callback class com.android.systemui.qs.tiles.DndTile$5
03-13 16:24:05.848  3003  4564 D WindowManager: finishDrawingWindow: Window{21b9755 u0 ScreenDecorOverlayCover} mDrawState=DRAW_PENDING seqId=0
03-13 16:24:05.848  4205  4881 I VRI[ScreenDecorOverlayCover]@cddcdb0: handleResized, frames=ClientWindowFrames{frame=[0,0][748,720] display=[0,0][748,720] parentFrame=[0,0][0,0]} displayId=1 dragResizing=false compatScale=1.0 frameChanged=false attachedFrameChanged=false configChanged=false displayChanged=false compatScaleChanged=false dragResizingChanged=false
03-13 16:24:05.848  4205  4881 I VRI[ScreenDecorOverlayCover]@cddcdb0: handleResized mSyncSeqId = 0
03-13 16:24:05.848  4205  4205 D SecQSCommonTileView: handleStateChanged state.spec = custom(com.samsung.android.app.smartcapture/com.samsung.android.app.screenrecorder.view.RecordScreenTile), parent = LabelTileView{@ec91b50, #7f0a0df0, app:id/tile_label V, label = @ec91b50, #7f0a0df0, app:id/tile_label V, iconFrame = @1d33149 V, icon = @7666a4e V, common = @153376f}, labelContainer = @ab1dd13, #7f0a0661, app:id/label_group V, label = @ec91b50, #7f0a0df0, app:id/tile_label V, iconFrame = @1d33149 V, icon = @7666a4e V, common = @153376f
03-13 16:24:05.848  4205  4881 D VRI[ScreenDecorOverlayCover]@cddcdb0: reportNextDraw android.view.ViewRootImpl.handleResized:2983 android.view.ViewRootImpl.-$$Nest$mhandleResized:0 android.view.ViewRootImpl$ViewRootHandler.handleMessageImpl:8341 android.view.ViewRootImpl$ViewRootHandler.handleMessage:8301 android.os.Handler.dispatchMessage:110 
03-13 16:24:05.848  4205  4205 D SubRoomQsTileBaseView: updateSubscreenTileStroke
03-13 16:24:05.848  4205  4205 D SecQSCommonTileView: handleStateChanged state.spec = custom(com.samsung.android.app.routines/.LifestyleModeTile), parent = LargeTileView{@a164517, #7f0a0df0, app:id/tile_label V, label = @a164517, #7f0a0df0, app:id/tile_label V, iconFrame = @b529d04 V, icon = @31c42ed V, common = @fbae522}, labelContainer = @349f69f, #7f0a0661, app:id/label_group V, label = @a164517, #7f0a0df0, app:id/tile_label V, iconFrame = @b529d04 V, icon = @31c42ed V, common = @fbae522
03-13 16:24:05.848  4205  4205 D SubRoomQsTileBaseView: updateSubscreenTileStroke
03-13 16:24:05.849  4205  4362 D Tile.MobileDataTile: handleUpdateState : state false
03-13 16:24:05.849  4205  4362 E SecQSPanelResourcePickHelper: need to prepare suitable picker for COVER
03-13 16:24:05.849  3003  4002 D BackgroundInstallControlService: Package event received: 0
03-13 16:24:05.849  3003  3003 D NotificationReminder: addNotificationRecord record android
03-13 16:24:05.849  3003  3068 V WindowManager: performShowLocked: mDrawState=HAS_DRAWN in Window{21b9755 u0 ScreenDecorOverlayCover}
03-13 16:24:05.849  4205  4362 E SecQSPanelResourcePickHelper: need to prepare suitable picker for COVER
03-13 16:24:05.849  3003  3068 V WindowManager: SyncGroup 8337: Finished!
03-13 16:24:05.850  4205  4362 D Tile.DndTile: handleUpdateState zen 0  state = QSTile$BooleanState[spec=Dnd,icon=ResourceIcon[resId=0x7f080f7d],nextIcon=null,iconSupplier=null,label=Do not disturb,secondaryLabel=null,contentDescription=null,stateDescription=null,dualLabelContentDescription=null,expandedAccessibilityClassName=null,disabledByPolicy=false,dualTarget=true,isTransient=false,handlesSecondaryClick=false,state=1,sideViewCustomDrawable=null,tileClassName=null,value=false,forceExpandIcon=false]
03-13 16:24:05.852  2022  2124 I HYPER-HAL: [RequestManager.cpp]acquire(): Acquired ID : 2112570  [2025 / 30]    HINT :      list : [UCLAMP_MIN_BOOST / 0] [TID / 4392] [TID / 4393] [TID / 4205] [TID / 4394] 
03-13 16:24:05.854  4832  7615 I HoneySpace.NotificationListener: onNotificationPosted android: -1|android|32|null|1000: 0
03-13 16:24:05.854  4832  7615 I HoneySpace.NotificationListener: invalid notification: android UserHandle{-1}: canShowBadge is false
03-13 16:24:05.858  7048  7048 D NLService: The notifications buffer size has reached its maximum size of 100 items. Shrinking it in order to satisfy the constraints.
03-13 16:24:05.858  7048  7048 D NLService: Successfully stored the newly arrived notification identified by 32
03-13 16:24:05.862  3003  3068 D WindowManagerServiceExt: updateTaskbarTargetIfNeeded: reset
03-13 16:24:05.862  3003  3068 D ChangeTransitionController: onTransactionReady: TransitionRecord{4bfba6d id=8337 type=CHANGE flags=0x400 c=[
03-13 16:24:05.862  3003  3068 D ChangeTransitionController:    ChangeInfo{4733610 container=DefaultTaskDisplayArea_d0@29010794 flags=0x0}
03-13 16:24:05.862  3003  3068 D ChangeTransitionController:    ChangeInfo{fe71509 container=Task{587666d #829 type=standard A=10047:com.starbucks.mobilecard nonResizable} flags=0x0}
03-13 16:24:05.862  3003  3068 D ChangeTransitionController:    ChangeInfo{bc2e30e container=Display{#1 state=OFF size=748x720 ROTATION_0} flags=0x0}
03-13 16:24:05.862  3003  3068 D ChangeTransitionController:    ChangeInfo{dfd212f container=ActivityRecord{172876164 u0 com.starbucks.mobilecard/o.ddT t829} flags=0x0}
03-13 16:24:05.862  3003  3068 D ChangeTransitionController:    ChangeInfo{e3da33c container=Display{#0 state=OFF size=1080x2640 ROTATION_0} flags=0x0}
03-13 16:24:05.862  3003  3068 D ChangeTransitionController: ]
03-13 16:24:05.862  3003  3068 D ChangeTransitionController: }
03-13 16:24:05.862  3003  3068 V WindowManager: Start calculating TransitionInfo based on participants: {Display{#1 state=OFF size=748x720 ROTATION_0}, ActivityRecord{172876164 u0 com.starbucks.mobilecard/o.ddT t829}}
03-13 16:24:05.862  3003  3068 V WindowManager:   Final targets: [ChangeInfo{bc2e30e container=Display{#1 state=OFF size=748x720 ROTATION_0} flags=0x0}, ChangeInfo{fe71509 container=Task{587666d #829 type=standard A=10047:com.starbucks.mobilecard nonResizable} flags=0x10}, ChangeInfo{4733610 container=DefaultTaskDisplayArea_d0@29010794 flags=0x10}]
03-13 16:24:05.863  2105  2921 I SurfaceFlinger: id=71971 createSurf, flag=84004, Transition Root: Display 1 name="Built-in Screen"#71971
03-13 16:24:05.864  2105  2921 I SurfaceFlinger: id=71972 createSurf, flag=84004, Transition Root: DefaultTaskDisplayArea_d0#71972
03-13 16:24:05.865  3003  3068 D SurfaceComposerClient: setCornerRadius ## DefaultTaskDisplayArea_d0#11 cornerRadius=0.000000
03-13 16:24:05.865  3003  3068 D SurfaceComposerClient: setCornerRadius ## Task=829#71895 cornerRadius=0.000000
03-13 16:24:05.866  3003  3068 D SurfaceComposerClient: setCornerRadius ## WindowedMagnification:0:31#54 cornerRadius=0.000000
03-13 16:24:05.866  3003  3068 V WindowManager: Calling onTransitionReady: {id=8337 t=CHANGE f=0x400 trk=0 r=[1@Point(0, 0),0@Point(0, 0)] c=[
03-13 16:24:05.866  3003  3068 V WindowManager:         {WCT{RemoteToken{fd3d56f Display{#1 state=OFF size=748x720 ROTATION_0}}} m=CHANGE f=IS_DISPLAY leash=Surface(name=WindowedMagnification:0:31)/@0x8532ee4 sb=Rect(0, 0 - 748, 720) eb=Rect(0, 0 - 748, 720) epz=Point(1080, 2640) d=1 inset=Rect(0, 0 - 0, 0)},
03-13 16:24:05.866  3003  3068 V WindowManager:         {WCT{RemoteToken{8b11f36 Task{587666d #829 type=standard A=10047:com.starbucks.mobilecard nonResizable}}} m=TO_BACK f=NONE p=WCT{RemoteToken{4951334 DefaultTaskDisplayArea_d0@29010794}} leash=Surface(name=Task=829)/@0x4477bf8 sb=Rect(0, 0 - 1080, 2640) eb=Rect(0, 0 - 1080, 2640) epz=Point(1080, 2640) d=0 taskParent=-1 inset=Rect(0, 94 - 0, 144)},
03-13 16:24:05.866  3003  3068 V WindowManager:         {WCT{RemoteToken{4951334 DefaultTaskDisplayArea_d0@29010794}} m=TO_BACK f=FLAG_IS_TASK_DISPLAY_AREA leash=Surface(name=DefaultTaskDisplayArea_d0)/@0xc11688 sb=Rect(0, 0 - 1080, 2640) eb=Rect(0, 0 - 1080, 2640) epz=Point(1080, 2640) d=0 inset=Rect(0, 0 - 0, 0)}
03-13 16:24:05.866  3003  3068 V WindowManager:     ]}
03-13 16:24:05.867  3003  3068 D PowerManagerService: [api] setPowerBoost(L) boost:0, durationMs:0, caller (uid: 1000 pid: 3003) <- m() in com.android.server.display.DisplayManagerService$BinderService$$ExternalSyntheticOutline0:1
03-13 16:24:05.867  4205  5031 V WindowManagerShell: onTransitionReady(transaction=12897787174006)
03-13 16:24:05.868  4205  4267 V WindowManagerShell: onTransitionReady (#8337) android.os.BinderProxy@3531725: {id=8337 t=CHANGE f=0x400 trk=0 r=[1@Point(0, 0),0@Point(0, 0)] c=[
03-13 16:24:05.868  4205  4267 V WindowManagerShell:         {m=CHANGE f=IS_DISPLAY leash=Surface(name=WindowedMagnification:0:31)/@0x4d664b5 sb=Rect(0, 0 - 748, 720) eb=Rect(0, 0 - 748, 720) epz=Point(1080, 2640) d=1 inset=Rect(0, 0 - 0, 0)},
03-13 16:24:05.868  4205  4267 V WindowManagerShell:         {m=TO_BACK f=NONE p=WCT{android.window.IWindowContainerToken$Stub$Proxy@de87e16} leash=Surface(name=Task=829)/@0xaf6374a sb=Rect(0, 0 - 1080, 2640) eb=Rect(0, 0 - 1080, 2640) epz=Point(1080, 2640) d=0 taskParent=-1 inset=Rect(0, 94 - 0, 144)},
03-13 16:24:05.868  4205  4267 V WindowManagerShell:         {m=TO_BACK f=FLAG_IS_TASK_DISPLAY_AREA leash=Surface(name=DefaultTaskDisplayArea_d0)/@0xcea46bb sb=Rect(0, 0 - 1080, 2640) eb=Rect(0, 0 - 1080, 2640) epz=Point(1080, 2640) d=0 inset=Rect(0, 0 - 0, 0)}
03-13 16:24:05.868  4205  4267 V WindowManagerShell:     ]}
03-13 16:24:05.868  3003  3064 V WindowManager: Sent Transition (#8337) createdAt=03-13 16:24:05.673 via request=TransitionRequestInfo { type = CHANGE, triggerTask = null, pipChange = null, remoteTransition = null, displayChange = null, flags = 0, debugId = 8337 }
03-13 16:24:05.868  3003  3064 V WindowManager:     startWCT=WindowContainerTransaction { changes= {} hops= [] errorCallbackToken=null taskFragmentOrganizer=null }
03-13 16:24:05.868  4205  4267 V ShellDesktopMode: DesktopModeLogger: taskInfo map after processing changes 0
03-13 16:24:05.868  3003  3064 V WindowManager:     info={id=8337 t=CHANGE f=0x400 trk=0 r=[1@Point(0, 0),0@Point(0, 0)] c=[
03-13 16:24:05.868  3003  3064 V WindowManager:         {WCT{RemoteToken{fd3d56f Display{#1 state=OFF size=748x720 ROTATION_0}}} m=CHANGE f=IS_DISPLAY leash=Surface(name=WindowedMagnification:0:31)/@0x8532ee4 sb=Rect(0, 0 - 748, 720) eb=Rect(0, 0 - 748, 720) epz=Point(1080, 2640) d=1 inset=Rect(0, 0 - 0, 0)},
03-13 16:24:05.868  3003  3064 V WindowManager:         {WCT{RemoteToken{8b11f36 Task{587666d #829 type=standard A=10047:com.starbucks.mobilecard nonResizable}}} m=TO_BACK f=NONE p=WCT{RemoteToken{4951334 DefaultTaskDisplayArea_d0@29010794}} leash=Surface(name=Task=829)/@0x4477bf8 sb=Rect(0, 0 - 1080, 2640) eb=Rect(0, 0 - 1080, 2640) epz=Point(1080, 2640) d=0 taskParent=-1 inset=Rect(0, 94 - 0, 144)},
03-13 16:24:05.868  3003  3064 V WindowManager:         {WCT{RemoteToken{4951334 DefaultTaskDisplayArea_d0@29010794}} m=TO_BACK f=FLAG_IS_TASK_DISPLAY_AREA leash=Surface(name=DefaultTaskDisplayArea_d0)/@0xc11688 sb=Rect(0, 0 - 1080, 2640) eb=Rect(0, 0 - 1080, 2640) epz=Point(1080, 2640) d=0 inset=Rect(0, 0 - 0, 0)}
03-13 16:24:05.868  3003  3064 V WindowManager:     ]}
03-13 16:24:05.868  4205  4267 I SurfaceControlRegistry: hide, t=FinishTransaction_SyncId<8337> sc=DefaultTaskDisplayArea_d0, caller=android.view.SurfaceControl$Transaction.hide:3583 com.android.wm.shell.transition.Transitions.dispatchReady:1263 com.android.wm.shell.transition.Transitions.onTransitionReady:251 com.android.wm.shell.transition.Transitions$TransitionPlayerImpl$$ExternalSyntheticLambda0.run:13 android.os.Handler.handleCallback:995 android.os.Handler.dispatchMessage:103 
03-13 16:24:05.868  4205  4267 V WindowManagerShell: Playing animation for (#8337) android.os.BinderProxy@3531725@0
03-13 16:24:05.868  4205  4267 I SurfaceControlRegistry: show, t=StartTransaction_SyncId<8337> sc=Transition Root: Display 1 name="Built-in Screen", caller=android.view.SurfaceControl$Transaction.show:3557 com.android.wm.shell.transition.Transitions.playTransition:79 com.android.wm.shell.transition.Transitions.processReadyQueue:239 com.android.wm.shell.transition.Transitions.dispatchReady:1352 com.android.wm.shell.transition.Transitions.onTransitionReady:251 com.android.wm.shell.transition.Transitions$TransitionPlayerImpl$$ExternalSyntheticLambda0.run:13 
03-13 16:24:05.868  4205  4267 I SurfaceControlRegistry: show, t=StartTransaction_SyncId<8337> sc=Transition Root: DefaultTaskDisplayArea_d0, caller=android.view.SurfaceControl$Transaction.show:3557 com.android.wm.shell.transition.Transitions.playTransition:79 com.android.wm.shell.transition.Transitions.processReadyQueue:239 com.android.wm.shell.transition.Transitions.dispatchReady:1352 com.android.wm.shell.transition.Transitions.onTransitionReady:251 com.android.wm.shell.transition.Transitions$TransitionPlayerImpl$$ExternalSyntheticLambda0.run:13 
03-13 16:24:05.868  4205  4267 V ShellRecents: RecentsTransitionHandler.startAnimation: no controller found
03-13 16:24:05.869  4205  4267 V ShellDesktopMode: DesktopMixedTransitionHandler: No pending desktop transition
