03-13 21:05:06.229  6103  6103 W ContextImpl: Calling a method in the system process without a qualified user: android.app.ContextImpl.startService:2068 android.content.ContextWrapper.startService:872 android.content.ContextWrapper.startService:872 com.sec.android.diagmonagent.sa.receiver.CFLogReceiver.onReceive:56 android.app.ActivityThread.handleReceiver:5663 
03-13 21:05:06.229  3003  3980 I WifiConnectivityMonitor.NCC: [ Transports: WIFI Capabilities: NOT_METERED&INTERNET&NOT_RESTRICTED&TRUSTED&NOT_VPN&VALIDATED&NOT_ROAMING&FOREGROUND&NOT_CONGESTED&NOT_SUSPENDED&NOT_VCN_MANAGED&NOT_BANDWIDTH_CONSTRAINED LinkUpBandwidth>=7026Kbps LinkDnBandwidth>=121012Kbps TransportInfo: <SSID: <unknown ssid>, BSSID: 02:00:00:**:**:00, MAC: 02:00:00:**:**:00, IP: /10.**.*.215, Security type: 3, Supplicant state: COMPLETED, Wi-Fi standard: 11ax, RSSI: -61, Link speed: 573Mbps, Tx Link speed: 573Mbps, Max Supported Tx Link speed: 573Mbps, Rx Link speed: 413Mbps, Max Supported Rx Link speed: 573Mbps, Frequency: 5805MHz, Net ID: -1, Metered hint: false, score: 60, isUsable: true, CarrierMerged: false, SubscriptionId: -1, IsPrimary: 1, Trusted: true, Restricted: false, Ephemeral: false, OEM paid: false, OEM private: false, OSU AP: false, FQDN: <none>, Provider friendly name: <none>, Requesting package name: <none><none>MLO Information: , Is TID-To-Link negotiation supported by the AP: false, AP MLD Address: <none>, AP MLO Link Id: <none>, AP MLO Affiliated links: <none>, Vendor Data: <none>> SignalStrength: -61 AdminUids: [1000] SSID: "MSU-Secure" UnderlyingNetworks: Null]
03-13 21:05:06.229  3003  3980 D SemWifiApTrafficPriority: onCapabilitiesChanged Wifi:wlan0,mGapiValue:121.012Uplink: 7.026
03-13 21:05:06.229  3003  4050 D SemApeService: Deducted link capacity (M: R=320 T=401) RSSI=-61
03-13 21:05:06.229  3003  4050 D SemApeService: Deducted link capacity (M: R=320 T=401) on (wlan0) GoogleAPI(M: R=121 T=7) RSSI=-61 isDefault=false isMlo=false
03-13 21:05:06.229  3003  4058 D WifiConnectivityMonitor: HANDLE_ON_CAPABILITIES_CHANGED
03-13 21:05:06.230  3003  4058 I WifiConnectivityMonitor: determineMode : MODE_NON_SWITCHABLE_BY_POOR_NETWORK_DETECTION_DISABLED
03-13 21:05:06.230  3003  4058 D OpenNetworkQos[4.00]: updateBssidNoInternet: mBssidNoInternet = false
03-13 21:05:06.230  3003  4058 D OpenNetworkQos[4.00]: getOpenNetworkQosNoInternetStatus: false
03-13 21:05:06.230  3003  4058 D OpenNetworkQos[4.00]: getOpenNetworkQosScores: 30 30 30 
03-13 21:05:06.230  3003  4058 D KNOX_MDM_SettingsProvider: isChangeAllowed() : name = wifi_wcm_qos_sharing_score_summary
03-13 21:05:06.230  3003  4058 I WifiProfileShare: network QoS data was changed (internet), updateQoSData networkType: true, qosData: false
03-13 21:05:06.231  3003  5535 D WifiProfileShare: nearby scanning settings run
03-13 21:05:06.231  3003  5535 D WifiProfileShare: network score provider settings enabled
03-13 21:05:06.231  3003  5535 V WifiProfileShare.Caster: checkAndGetShareData(qos) - unavailable for this config
03-13 21:05:06.231  3003  5535 V WifiProfileShare.Caster: checkAndGetShareData(pwd sta) - unavailable for this config
03-13 21:05:06.232  2053 26376 I QC2V4L2PollThread: [v4lhvcD_444] KPI_L1: Reconfig: ms=29
03-13 21:05:06.237  4205  4205 I AppIconSolution: return adaptive icon for com.google.android.googlequicksearchbox, isNight = true
03-13 21:05:06.237  3003  4047 D SGM:GameManager: identifyGamePackage. com.android.systemui, mCurrentUserId: 0, callingMethodInfo: com.samsung.android.game.SemGameManager.isGamePackage(SemGameManager.java:106)
03-13 21:05:06.237  3003  4047 D SGM:SemGameManager: isGamePackage(), pkgName=com.android.systemui, ret=false
03-13 21:05:06.237  3003  5535 V WifiProfileShare.Caster: checkAndGetShareData - there is no data
03-13 21:05:06.238  4360 26359 I MediaCodec: setCodecState state(1), called in 6, domain 1, 1
03-13 21:05:06.238  4205  4205 I AppIconSolution: return adaptive icon for com.google.android.googlequicksearchbox, isNight = true
03-13 21:05:06.238  2105  2342 W qdgralloc: getInterlacedFlag: getMetaData returned 3, defaulting to interlaced_flag = 0
03-13 21:05:06.239  6263  7489 I BugleRcsEngine: Connected state: [1], networkType: [WIFI] [CONTEXT thread_id=59 ]
03-13 21:05:06.240  6380  6380 I SemMediaResourceHelper: onState
03-13 21:05:06.240  4360  4776 I SprWallpaper|FoldInteractive: resetFrame : onSeekComplete
03-13 21:05:06.240  4360  4776 I SprWallpaper|FoldInteractive: resetFrame : before release. elapsed=147
03-13 21:05:06.240  4360  4776 I SprWallpaper|VideoPlayer: release : needReset = true
03-13 21:05:06.240  4360 26359 I CCodec  : [c2.qti.hevc.decoder] state->set(RELEASING)
03-13 21:05:06.240  6263  8145 I BugleRcsEngine: handleMessage processing message:[NOTIFY_UPTIME_IGNORE_STATE_CHANGED] with [non-null]:RcsEngineImpl reference [CONTEXT log_prefix="RcsEngineImpl[DUAL_REG]:[1e7477ef-90d2]>Handler" thread_id=64 ]
03-13 21:05:06.241  4184  5219 E PhoneInterfaceManager: getCarrierPrivilegeStatusForUid: Invalid subId
03-13 21:05:06.241  4205  4205 I AppIconSolution: return adaptive icon for com.samsung.android.lool, isNight = true
03-13 21:05:06.244  4205  4205 I AppIconSolution: return adaptive icon for com.samsung.android.app.smartcapture, isNight = true
03-13 21:05:06.245 22998 23062 D Braze v37.0.0 .d: com.braze.events.internal.o fired:
03-13 21:05:06.245 22998 23062 D Braze v37.0.0 .d: NetworkLevelChangeEvent(oldNetworkLevel=BAD, newNetworkLevel=GOOD)
03-13 21:05:06.245 22998 23062 D Braze v37.0.0 .b: Triggering com.braze.events.internal.o on 0 subscribers.
03-13 21:05:06.245 22998 23062 D Braze v37.0.0 .b: Triggering com.braze.events.internal.o on 2 subscribers.
03-13 21:05:06.245 22998 23062 D Braze v37.0.0 .com.braze.requests.framework.g: Got network change event: NetworkLevelChangeEvent(oldNetworkLevel=BAD, newNetworkLevel=GOOD)
03-13 21:05:06.245 22998 23062 D Braze v37.0.0 .y: Got network change event: NetworkLevelChangeEvent(oldNetworkLevel=BAD, newNetworkLevel=GOOD)
03-13 21:05:06.245 22998 23062 V Braze v37.0.0 .f: recalculateDispatchState called with session state: NO_SESSION lastNetworkLevel: GOOD
03-13 21:05:06.245 22998 23062 V Braze v37.0.0 .f: currentIntervalMs: -1
03-13 21:05:06.245  4205  4205 D S.S.N.  : updateMainListArray allMap - size : 7, isEmpty: true
03-13 21:05:06.245  4205  4205 D S.S.N.  : updateMainListArray allMap - key : -1|android|32|null|1000, com.android.systemui.statusbar.notification.collection.NotificationEntry@2be67c7
03-13 21:05:06.245  4205  4205 D S.S.N.  : updateMainListArray allMap - key : -1|com.android.systemui|2131364006|charging_state|10053, com.android.systemui.statusbar.notification.collection.NotificationEntry@d04e5a1
03-13 21:05:06.245  4205  4205 D S.S.N.  : updateMainListArray allMap - key : 0|com.android.vending|0|0|com.android.vending|g:Aggregate_NormalNotificationSection|10260|0|com.android.vending|g:Aggregate_NormalNotificationSection, com.android.systemui.statusbar.notification.collection.NotificationEntry@9b253be
03-13 21:05:06.245  4205  4205 D S.S.N.  : updateMainListArray allMap child : 0|com.android.vending|-234430262|null|10260
03-13 21:05:06.246  4205  4205 I AppIconSolution: return adaptive icon for com.android.vending, isNight = true
03-13 21:05:06.246  4205  4205 D S.S.N.  : updateMainListArray allMap child : 0|com.android.vending|-49572251|null|10260
03-13 21:05:06.246  4360 26393 I CCodec  : [release][3409] surface -> component
03-13 21:05:06.247  4205  4205 I AppIconSolution: return adaptive icon for com.android.vending, isNight = true
03-13 21:05:06.247  4205  4205 D S.S.N.  : updateMainListArray allMap - key : 0|com.google.android.googlequicksearchbox|0|1391480565::a:snotification:[0x394,wx.f,NOTIFICATION]|10261, com.android.systemui.statusbar.notification.collection.NotificationEntry@b14cd
03-13 21:05:06.247  4205  4205 D S.S.N.  : updateMainListArray allMap - key : 0|com.google.android.googlequicksearchbox|0|1391480565::a:snotification:[0x28481aa67f78ee32,stories.f,NOTIFICATION]|10261, com.android.systemui.statusbar.notification.collection.NotificationEntry@12ce5db
03-13 21:05:06.247  4205  4205 D S.S.N.  : updateMainListArray allMap - key : 0|com.samsung.android.lool|2007|null|1000, com.android.systemui.statusbar.notification.collection.NotificationEntry@c04f68e
03-13 21:05:06.247  4205  4205 D S.S.N.  : updateMainListArray allMap - key : 0|com.samsung.android.app.smartcapture|5755|null|10221, com.android.systemui.statusbar.notification.collection.NotificationEntry@1e3936a
03-13 21:05:06.248  4205  4205 I SubLauncher:SubLauncherCapsuleView@123218506: Capsule onFoldClosed true
03-13 21:05:06.248  4205  4205 I LayoutDataBinder: subLauncherAODFrontScrimAnimState : SUB_LAUNCHER_AOD_FRONT_SCRIM_BLACK
03-13 21:05:06.248  4205  4205 D SubLauncher:SubLauncherPageIndicatorPolicyView@76808005: setAvailable: true
03-13 21:05:06.248  2053 26370 I QC2CompStore: Setting heap usage to system
03-13 21:05:06.249  4205  4205 D NavBarStateManager: NavBarStates(0) canUseNavBarBackgroundFrame: false
03-13 21:05:06.250  3003  4002 D BackgroundInstallControlService: Package event received: 0
03-13 21:05:06.250  4205  4205 D NavBarStateManager: NavBarStates(1) supportLargeCoverScreenNavBar: true
03-13 21:05:06.250  4205  4205 D NavBarView: disableBack=true (isBackDismissIme=false, handlingGestures=false, disabledFlagBack=true, isBottomGesture=false, isImeRenderingNavButtons=false)
03-13 21:05:06.250  4205  4205 D NavBarStateManager: NavBarStates(1) supportLargeCoverScreenNavBar: true
03-13 21:05:06.251  4205  4205 D Navbar.Store: handleEvent(0) OnUpdateSysUiStateFlag(noArguments=true) [Module] SamsungNavigationBarView
03-13 21:05:06.251  4205  4205 D Navbar.Store: --[Band]GESTURE_PACK_UPDATE_SYSTEMUI_STATE_FLAG
03-13 21:05:06.251  4205  4205 D Navbar.Store: --[Band] (afterAction) GESTURE_PACK_UPDATE_SYSTEMUI_STATE_FLAG
03-13 21:05:06.251  4205  4205 D NavBarStateManager: NavBarStates(1) supportLargeCoverScreenNavBar: true
03-13 21:05:06.251  4205  4205 D NavBarView: disableBack=true (isBackDismissIme=false, handlingGestures=false, disabledFlagBack=true, isBottomGesture=false, isImeRenderingNavButtons=false)
03-13 21:05:06.251  4205  4205 D NavBarStateManager: NavBarStates(1) supportLargeCoverScreenNavBar: true
03-13 21:05:06.251  4205  4205 D Navbar.Store: handleEvent(0) OnUpdateSysUiStateFlag(noArguments=true) [Module] SamsungNavigationBarView
03-13 21:05:06.251  4205  4205 D Navbar.Store: --[Band]GESTURE_PACK_UPDATE_SYSTEMUI_STATE_FLAG
03-13 21:05:06.251  4205  4205 D Navbar.Store: --[Band] (afterAction) GESTURE_PACK_UPDATE_SYSTEMUI_STATE_FLAG
03-13 21:05:06.251  4205  4205 D NavigationModeController: getCurrentInteractionMode: mode=0 contextUser=0
03-13 21:05:06.251  4205  4205 D Navbar.Store: handleEvent(1) OnNavBarAttachedToWindow(navigationBarView=com.android.systemui.navigationbar.views.SamsungNavigationBarView{e539f5f G.E...... ......ID 0,0-0,0 #7f0a0847 app:id/navigation_bar_view}, navbarTransitions=com.android.systemui.navigationbar.views.NavigationBarTransitions@6a3fdac) [Module] SamsungNavigationBarView
03-13 21:05:06.251  4205  4205 D Navbar.Store: --[Band]STABLE_LAYOUT_PACK_NAVBAR_ATTACHED_TO_WINDOW
03-13 21:05:06.251  4205  4205 D Navbar.Store: ----apply(1) NavBarStoreAction$ReinflateNavBar
03-13 21:05:06.251  4205  4205 D Navbar.Store: ----handleEvent(1) GetInflateLayoutID(vertical=false) [Module] SamsungNavigationBarInflaterView
03-13 21:05:06.251  4205  4205 D Navbar.Store: ------[Band]STABLE_LAYOUT_PACK_GET_INFLATE_LAYOUT_ID
03-13 21:05:06.251  4205  4205 D NavBarStateManager: NavBarStates(1) getLayoutID(vertical: false): 2131559285
03-13 21:05:06.251  4205  4205 D Navbar.Store: ----handleEvent(1) value= 2131559285
03-13 21:05:06.251  4205  4205 D Navbar.Store: ----handleEvent(1) GetInflateLayoutID(vertical=true) [Module] SamsungNavigationBarInflaterView
03-13 21:05:06.251  4205  4205 D Navbar.Store: ------[Band]STABLE_LAYOUT_PACK_GET_INFLATE_LAYOUT_ID
03-13 21:05:06.251  4205  4205 D NavBarStateManager: NavBarStates(1) getLayoutID(vertical: true): 2131559287
03-13 21:05:06.251  4205  4205 D Navbar.Store: ----handleEvent(1) value= 2131559287
03-13 21:05:06.251  4205  4205 D Navbar.Store: ----handleEvent(1) GetDefaultLayout(noArguments=true) [Module] SamsungNavigationBarInflaterView
03-13 21:05:06.251  4205  4205 D Navbar.Store: ------[Band]STABLE_LAYOUT_PACK_GET_DEFAULT_LAYOUT
03-13 21:05:06.251  4205  4205 D NavBarStateManager: NavBarStates(1) getDefaultLayout: space,home,gap,back,space;;
03-13 21:05:06.251  4205  4205 D Navbar.Store: ----handleEvent(1) value= space,home,gap,back,space;;
03-13 21:05:06.251  4205  4205 D Navbar.Store: ----handleEvent(1) GetInflateButtonWidth(buttonSpec=space, landscape=false) [Module] SamsungNavigationBarInflaterView
03-13 21:05:06.251  4205  4205 D Navbar.Store: ------[Band]STABLE_LAYOUT_PACK_INFLATE_NAVBAR
03-13 21:05:06.251  4205  4205 D NavBarStateManager: NavBarStates(1) getSpaceWidth(land: false): 64
03-13 21:05:06.251  4205  4205 D Navbar.Store: ----handleEvent(1) value= 64
03-13 21:05:06.251  4205  4205 D Navbar.Store: ----handleEvent(1) GetInflateButtonWidth(buttonSpec=home, landscape=false) [Module] SamsungNavigationBarInflaterView
03-13 21:05:06.251  4205  4205 D Navbar.Store: ------[Band]STABLE_LAYOUT_PACK_INFLATE_NAVBAR
03-13 21:05:06.251  4205  4205 D NavBarStateManager: NavBarStates(1) getButtonWidth(land: false): 102
03-13 21:05:06.251  4205  4205 D Navbar.Store: ----handleEvent(1) value= 102
03-13 21:05:06.251  4205  4205 D Navbar.Store: ----handleEvent(1) GetInflateButtonWidth(buttonSpec=gap, landscape=false) [Module] SamsungNavigationBarInflaterView
03-13 21:05:06.251  4205  4205 D Navbar.Store: ------[Band]STABLE_LAYOUT_PACK_INFLATE_NAVBAR
03-13 21:05:06.251  4205  4205 D NavBarStateManager: NavBarStates(1) getButtonDistanceSize(land: false): 17
03-13 21:05:06.251  4205  4205 D Navbar.Store: ----handleEvent(1) value= 17
03-13 21:05:06.251  4205  4205 D Navbar.Store: ----handleEvent(1) GetInflateButtonWidth(buttonSpec=back, landscape=false) [Module] SamsungNavigationBarInflaterView
03-13 21:05:06.251  4205  4205 D Navbar.Store: ------[Band]STABLE_LAYOUT_PACK_INFLATE_NAVBAR
03-13 21:05:06.251  4205  4205 D NavBarStateManager: NavBarStates(1) getButtonWidth(land: false): 102
03-13 21:05:06.251  3003  3594 I ActivityManager: Changes in 10405 6 to 10, 128 to 0
03-13 21:05:06.251  4205  4205 D Navbar.Store: ----handleEvent(1) value= 102
03-13 21:05:06.251  4205  4205 D Navbar.Store: ----handleEvent(1) GetInflateButtonWidth(buttonSpec=space, landscape=false) [Module] SamsungNavigationBarInflaterView
03-13 21:05:06.251  4205  4205 D Navbar.Store: ------[Band]STABLE_LAYOUT_PACK_INFLATE_NAVBAR
03-13 21:05:06.251  4205  4205 D NavBarStateManager: NavBarStates(1) getSpaceWidth(land: false): 64
03-13 21:05:06.251  4205  4205 D Navbar.Store: ----handleEvent(1) value= 64
03-13 21:05:06.251  4205  4205 D Navbar.Store: ----handleEvent(1) GetInflateButtonWidth(buttonSpec=space, landscape=true) [Module] SamsungNavigationBarInflaterView
03-13 21:05:06.251  4205  4205 D Navbar.Store: ------[Band]STABLE_LAYOUT_PACK_INFLATE_NAVBAR
03-13 21:05:06.252  4205  4205 D NavBarStateManager: NavBarStates(1) getSpaceWidth(land: true): 64
03-13 21:05:06.252  4205  4205 D Navbar.Store: ----handleEvent(1) value= 64
03-13 21:05:06.252  4205  4205 D Navbar.Store: ----handleEvent(1) GetInflateButtonWidth(buttonSpec=home, landscape=true) [Module] SamsungNavigationBarInflaterView
03-13 21:05:06.252  4205  4205 D Navbar.Store: ------[Band]STABLE_LAYOUT_PACK_INFLATE_NAVBAR
03-13 21:05:06.252  4205  4205 D NavBarStateManager: NavBarStates(1) getButtonWidth(land: true): 102
03-13 21:05:06.252  4205  4205 D Navbar.Store: ----handleEvent(1) value= 102
03-13 21:05:06.252  4205  4205 D Navbar.Store: ----handleEvent(1) GetInflateButtonWidth(buttonSpec=gap, landscape=true) [Module] SamsungNavigationBarInflaterView
03-13 21:05:06.252  4205  4205 D Navbar.Store: ------[Band]STABLE_LAYOUT_PACK_INFLATE_NAVBAR
03-13 21:05:06.252  4205  4205 D NavBarStateManager: NavBarStates(1) getButtonDistanceSize(land: true): 17
03-13 21:05:06.252  4205  4205 D Navbar.Store: ----handleEvent(1) value= 17
03-13 21:05:06.252  4205  4205 D Navbar.Store: ----handleEvent(1) GetInflateButtonWidth(buttonSpec=back, landscape=true) [Module] SamsungNavigationBarInflaterView
03-13 21:05:06.252  4205  4205 D Navbar.Store: ------[Band]STABLE_LAYOUT_PACK_INFLATE_NAVBAR
03-13 21:05:06.252  4205  4205 D NavBarStateManager: NavBarStates(1) getButtonWidth(land: true): 102
03-13 21:05:06.252  4205  4205 D Navbar.Store: ----handleEvent(1) value= 102
03-13 21:05:06.252  4205  4205 D Navbar.Store: ----handleEvent(1) GetInflateButtonWidth(buttonSpec=space, landscape=true) [Module] SamsungNavigationBarInflaterView
03-13 21:05:06.252  4205  4205 D Navbar.Store: ------[Band]STABLE_LAYOUT_PACK_INFLATE_NAVBAR
03-13 21:05:06.252  4205  4205 D NavBarStateManager: NavBarStates(1) getSpaceWidth(land: true): 64
03-13 21:05:06.252  4205  4205 D Navbar.Store: ----handleEvent(1) value= 64
03-13 21:05:06.252  4205  4205 D Navbar.Store: ----handleEvent(1) GetInflateButtonWidth(buttonSpec=space, landscape=false) [Module] SamsungNavigationBarInflaterView
03-13 21:05:06.252  4205  4205 D Navbar.Store: ------[Band]STABLE_LAYOUT_PACK_INFLATE_NAVBAR
03-13 21:05:06.252  4205  4205 D NavBarStateManager: NavBarStates(1) getSpaceWidth(land: false): 64
03-13 21:05:06.252  4205  4205 D Navbar.Store: ----handleEvent(1) value= 64
03-13 21:05:06.252  4205  4205 D Navbar.Store: ----handleEvent(1) GetInflateButtonWidth(buttonSpec=left_remote_view, landscape=false) [Module] SamsungNavigationBarInflaterView
03-13 21:05:06.252  4205  4205 D Navbar.Store: ------[Band]STABLE_LAYOUT_PACK_INFLATE_NAVBAR
03-13 21:05:06.252  4205  4205 D NavBarStateManager: NavBarStates(1) getButtonWidth(land: false): 102
03-13 21:05:06.252  4205  4205 D Navbar.Store: ----handleEvent(1) value= 102
03-13 21:05:06.252  4205  4205 D Navbar.Store: ----handleEvent(1) GetInflateButtonWidth(buttonSpec=gap, landscape=false) [Module] SamsungNavigationBarInflaterView
03-13 21:05:06.252  4205  4205 D Navbar.Store: ------[Band]STABLE_LAYOUT_PACK_INFLATE_NAVBAR
03-13 21:05:06.252  4205  4205 D NavBarStateManager: NavBarStates(1) getButtonDistanceSize(land: false): 17
03-13 21:05:06.252  4205  4205 D Navbar.Store: ----handleEvent(1) value= 17
03-13 21:05:06.252  4205  4205 D Navbar.Store: ----handleEvent(1) GetInflateButtonWidth(buttonSpec=right_remote_view, landscape=false) [Module] SamsungNavigationBarInflaterView
03-13 21:05:06.252  4205  4205 D Navbar.Store: ------[Band]STABLE_LAYOUT_PACK_INFLATE_NAVBAR
03-13 21:05:06.252  4205  4205 D NavBarStateManager: NavBarStates(1) getButtonWidth(land: false): 102
03-13 21:05:06.252  4205  4205 D Navbar.Store: ----handleEvent(1) value= 102
03-13 21:05:06.252  4205  4205 D Navbar.Store: ----handleEvent(1) GetInflateButtonWidth(buttonSpec=space, landscape=false) [Module] SamsungNavigationBarInflaterView
03-13 21:05:06.252  4205  4205 D Navbar.Store: ------[Band]STABLE_LAYOUT_PACK_INFLATE_NAVBAR
03-13 21:05:06.252  4205  4205 D NavBarStateManager: NavBarStates(1) getSpaceWidth(land: false): 64
03-13 21:05:06.252  4205  4205 D Navbar.Store: ----handleEvent(1) value= 64
03-13 21:05:06.252  4205  4205 D Navbar.Store: ----handleEvent(1) GetInflateButtonWidth(buttonSpec=space, landscape=true) [Module] SamsungNavigationBarInflaterView
03-13 21:05:06.252  4205  4205 D Navbar.Store: ------[Band]STABLE_LAYOUT_PACK_INFLATE_NAVBAR
03-13 21:05:06.252  4205  4205 D NavBarStateManager: NavBarStates(1) getSpaceWidth(land: true): 64
03-13 21:05:06.252  4205  4205 D Navbar.Store: ----handleEvent(1) value= 64
03-13 21:05:06.252  4205  4205 D Navbar.Store: ----handleEvent(1) GetInflateButtonWidth(buttonSpec=left_remote_view, landscape=false) [Module] SamsungNavigationBarInflaterView
03-13 21:05:06.252  4205  4205 D Navbar.Store: ------[Band]STABLE_LAYOUT_PACK_INFLATE_NAVBAR
03-13 21:05:06.252  4205  4205 D NavBarStateManager: NavBarStates(1) getButtonWidth(land: false): 102
03-13 21:05:06.252  4205  4205 D Navbar.Store: ----handleEvent(1) value= 102
03-13 21:05:06.252  4205  4205 D Navbar.Store: ----handleEvent(1) GetInflateButtonWidth(buttonSpec=gap, landscape=true) [Module] SamsungNavigationBarInflaterView
03-13 21:05:06.252  4205  4205 D Navbar.Store: ------[Band]STABLE_LAYOUT_PACK_INFLATE_NAVBAR
03-13 21:05:06.252  4205  4205 D NavBarStateManager: NavBarStates(1) getButtonDistanceSize(land: true): 17
03-13 21:05:06.252  4205  4205 D Navbar.Store: ----handleEvent(1) value= 17
03-13 21:05:06.252  4205  4205 D Navbar.Store: ----handleEvent(1) GetInflateButtonWidth(buttonSpec=right_remote_view, landscape=false) [Module] SamsungNavigationBarInflaterView
03-13 21:05:06.252  4205  4205 D Navbar.Store: ------[Band]STABLE_LAYOUT_PACK_INFLATE_NAVBAR
03-13 21:05:06.252  3003  4966 D HintManagerService: SystemUI make new AppHintSession but force pause
03-13 21:05:06.252  4205  4205 D NavBarStateManager: NavBarStates(1) getButtonWidth(land: false): 102
03-13 21:05:06.252  4205  4205 D Navbar.Store: ----handleEvent(1) value= 102
03-13 21:05:06.252  4205  4205 D Navbar.Store: ----handleEvent(1) GetInflateButtonWidth(buttonSpec=space, landscape=true) [Module] SamsungNavigationBarInflaterView
03-13 21:05:06.252  4205  4205 D Navbar.Store: ------[Band]STABLE_LAYOUT_PACK_INFLATE_NAVBAR
03-13 21:05:06.252  4205  4205 D NavBarStateManager: NavBarStates(1) getSpaceWidth(land: true): 64
03-13 21:05:06.252  4205  4205 D Navbar.Store: ----handleEvent(1) value= 64
03-13 21:05:06.252  4205  4205 D Navbar.Store: ----handleEvent(1) GetNavBarSidePadding(landscape=false) [Module] SamsungNavigationBarInflaterView
03-13 21:05:06.252  4205  4205 D Navbar.Store: ------[Band]STABLE_LAYOUT_PACK_INFLATE_NAVBAR_SIDE_PADDING
03-13 21:05:06.252  4205  4205 D NavBarStateManager: NavBarStates(1) getNavBarSidePadding: 0
03-13 21:05:06.252  4205  4205 D Navbar.Store: ----handleEvent(1) value= 0
03-13 21:05:06.252  4205  4205 D Navbar.Store: ----handleEvent(1) GetNavBarSidePadding(landscape=true) [Module] SamsungNavigationBarInflaterView
03-13 21:05:06.252  4205  4205 D Navbar.Store: ------[Band]STABLE_LAYOUT_PACK_INFLATE_NAVBAR_SIDE_PADDING
03-13 21:05:06.252  4205  4205 D NavBarStateManager: NavBarStates(1) getNavBarSidePadding: 0
03-13 21:05:06.252  4205  4205 D Navbar.Store: ----handleEvent(1) value= 0
03-13 21:05:06.252  4205  4205 D Navbar.Store: ----handleEvent(1) GetNavBarSidePadding(landscape=false) [Module] SamsungNavigationBarInflaterView
03-13 21:05:06.252  4205  4205 D Navbar.Store: ------[Band]STABLE_LAYOUT_PACK_INFLATE_NAVBAR_SIDE_PADDING
03-13 21:05:06.252  4205  4205 D NavBarStateManager: NavBarStates(1) getNavBarSidePadding: 0
03-13 21:05:06.252  4205  4205 D Navbar.Store: ----handleEvent(1) value= 0
03-13 21:05:06.252  4205  4205 D Navbar.Store: ----handleEvent(1) GetNavBarSidePadding(landscape=true) [Module] SamsungNavigationBarInflaterView
03-13 21:05:06.252  4205  4205 D Navbar.Store: ------[Band]STABLE_LAYOUT_PACK_INFLATE_NAVBAR_SIDE_PADDING
03-13 21:05:06.252  4205  4205 D NavBarStateManager: NavBarStates(1) getNavBarSidePadding: 0
03-13 21:05:06.252  4205  4205 D Navbar.Store: ----handleEvent(1) value= 0
03-13 21:05:06.252  4205  4205 D NavBarStateManager: NavBarStates(1) isNavBarHiddenByKnox: false
03-13 21:05:06.252  4205  4205 D NavBarStateManager: NavBarStates(1) canShowGestureHint: true
03-13 21:05:06.252  4205  4205 D AccessibilityGestureHandler: onNavBarAttached
03-13 21:05:06.252  4205  4205 D NavBarStateManager: NavBarStates(1) isLargeCoverScreenSyncEnabled: false
03-13 21:05:06.252  4205  4205 D AccessibilityGestureHandler: a11yButtonState: false, coverScreenNavBarEnabled: false gestureMode: false, isWindowShowing: false, isCoverNavBarVisible: false, isEnabled: false
03-13 21:05:06.252  4205  4205 D NavBarStateManager: NavBarStates(1) isLargeCoverScreenSyncEnabled: false
03-13 21:05:06.253  2022  2124 I HYPER-HAL: [RequestManager.cpp]acquire(): Acquired ID : 572215509  [2025 / 31803]    HINT :      list : [TID_LOW_LATENCY / 1] [TID / 4392] [TID / 4393] [TID / 4205] [TID / 4394] 
03-13 21:05:06.254  2022  2124 I HYPER-HAL: [RequestManager.cpp]acquire(): Acquired ID : 572215509  [2025 / 31803]    HINT :      list : [TID_LOW_LATENCY / 0] [TID / 4392] [TID / 4393] [TID / 4205] [TID / 4394] 
03-13 21:05:06.254  2053 13496 D C2BqBuffer: configuring null producer: igbp_information(0)
03-13 21:05:06.256  2053 26371 W QC2V4l2Decoder: [v4lhvcD_444] Stopping buffer allocation as codec stopped
03-13 21:05:06.257  2053 26371 W QC2V4l2Decoder: [v4lhvcD_444] Stopping buffer allocation as codec stopped
03-13 21:05:06.257  2053 26371 W QC2V4l2Decoder: [v4lhvcD_444] Stopping buffer allocation as codec stopped
03-13 21:05:06.257  2053 26371 W QC2V4l2Decoder: [v4lhvcD_444] Stopping buffer allocation as codec stopped
03-13 21:05:06.257  2053 26371 W QC2V4l2Decoder: [v4lhvcD_444] Stopping buffer allocation as codec stopped
03-13 21:05:06.257  2053 26371 W QC2V4l2Decoder: [v4lhvcD_444] Stopping buffer allocation as codec stopped
03-13 21:05:06.257  2053 26371 W QC2V4l2Decoder: [v4lhvcD_444] Stopping buffer allocation as codec stopped
03-13 21:05:06.257  2053 26371 W QC2V4l2Decoder: [v4lhvcD_444] Stopping buffer allocation as codec stopped
03-13 21:05:06.257  2053 26371 W QC2V4l2Decoder: [v4lhvcD_444] Stopping buffer allocation as codec stopped
03-13 21:05:06.257  2053 26371 W QC2V4l2Decoder: [v4lhvcD_444] Stopping buffer allocation as codec stopped
03-13 21:05:06.257  2053  2420 I QC2V4l2Codec: [v4lhvcD_444] KPI_L1: stop: ms=2
03-13 21:05:06.264  2105  2922 I SurfaceFlinger: id=94223 createSurf, flag=84004, [Gesture Monitor] edge-swipe#94223
03-13 21:05:06.264  3003  4086 D NetdEventListenerService: DNS Requested by 115, 10096(com.samsung.android.server.wifi.mobilewips), SUCCESS, 2ms
03-13 21:05:06.266  3003  4866 D InputTransport: Input channel constructed: '[Gestur', fd=462
03-13 21:05:06.266  3003  4866 D InputTransport: Input channel constructed: '[Gestur', fd=899
03-13 21:05:06.266  1993  6685 I vendor.qti.bluetooth@1.1-ibs_handler: ProcessIbsCmd: Received IBS_SLEEP_IND: 0xFE
03-13 21:05:06.266  2053  2420 I QC2V4l2Codec: [v4lhvcD_444] KPI_L1: release: ms=9
03-13 21:05:06.266  2053  2420 I QC2V4l2Codec: [v4lhvcD_444] KPI_L1: stop: ms=0
03-13 21:05:06.266  2053  2420 I QC2V4l2Codec: [v4lhvcD_444] KPI_L1: release: ms=0
03-13 21:05:06.266  3003  4866 D InputTransport: Input channel constructed: '[Gestur', fd=904
03-13 21:05:06.266  3003  4866 D InputTransport: Input channel destroyed: '[Gestur', fd=904
03-13 21:05:06.267  4205  4205 D InputTransport: Input channel constructed: '[Gestur', fd=617
03-13 21:05:06.267  4205  4205 D InputMonitorCompat: Input monitor (edge-swipe-disp1) created
03-13 21:05:06.267  4205  4205 D InputMonitorCompat: Input event receiver for monitor (edge-swipe-disp1) created
03-13 21:05:06.268  4832  3854 I HoneySpace.RecentTasks: onRecentTasksChanged
03-13 21:05:06.268  4205  4205 I WindowManager: WindowManagerGlobal#addView, ty=2024, view=com.android.systemui.navigationbar.gestural.SamsungBackPanel{5a07e0 G.ED..... ......I. 0,0-0,0}, caller=android.view.WindowManagerImpl.addView:158 com.android.systemui.navigationbar.gestural.BackPanelController.setLayoutParams:7 com.android.systemui.navigationbar.gestural.EdgeBackGestureHandler.setEdgeBackPlugin:20 
03-13 21:05:06.268  4205  4205 I ViewRootImpl: dVRR is disabled
03-13 21:05:06.268  4205  4394 D NativeCustomFrequencyManager: [NativeCFMS] BpCustomFrequencyManager::BpCustomFrequencyManager()
03-13 21:05:06.269  2053  2420 D BufferPoolAccessor2.0: Destruction - bufferpool2 0xb400006f37a57d18 cached: 0/0M, 0/0% in use; allocs: 14, 0% recycled; transfers: 0, 0% unfetched
03-13 21:05:06.269  2053  2420 I QC2Comp : [hvcD_444] NOTE: Release returning: 0 (OK=0)
03-13 21:05:06.269  6380  8033 I SDHMS:k : onTaskStackChanged
03-13 21:05:06.269  6380  6728 I SDHMS:k : no app is Resumed!!! mResumedPackages.size = 0
03-13 21:05:06.270  2105  2922 I SurfaceFlinger: id=94224 createSurf, flag=84004, WindowToken{1686304 type=2024 android.os.BinderProxy@36f6317}#94224
03-13 21:05:06.271  3003  4415 D InputTransport: Input channel constructed: 'b590ed ', fd=904
03-13 21:05:06.271  3003  4415 D InputTransport: Input channel constructed: 'b590ed ', fd=1052
03-13 21:05:06.271  3003  4415 D InputTransport: Input channel constructed: 'b590ed ', fd=1079
03-13 21:05:06.271  3003  4415 D InputTransport: Input channel destroyed: 'b590ed ', fd=1052
03-13 21:05:06.272  3003  4415 D WindowManager: prepareSync <SYNC_STATE_WAITING_FOR_DRAW>, mPrepareSyncSeqId=0, win=Window{b590ed u0 EdgeBackGestureHandler1}
03-13 21:05:06.272  2105  2922 I SurfaceFlinger: id=94225 createSurf, flag=84004, b590ed EdgeBackGestureHandler1#94225
03-13 21:05:06.272  3003  4415 D RestrictionPolicy: isScreenCaptureEnabled : ret=true userId=0
03-13 21:05:06.273  3003  4415 D InputTransport: Input channel destroyed: 'b590ed ', fd=1079
03-13 21:05:06.273  4205  4205 D InputTransport: Input channel constructed: 'b590ed ', fd=641
03-13 21:05:06.273  4205  4205 I InsetsController: onStateChanged: host=EdgeBackGestureHandler1, from=android.view.ViewRootImpl.onInsetsStateChanged:3026, state=InsetsState: {mDisplayFrame=Rect(0, 0 - 748, 720), mDisplayCutout=DisplayCutout{insets=Rect(0, 0 - 0, 66) waterfall=Insets{left=0, top=0, right=0, bottom=0} boundingRect={Bounds=[Rect(0, 0 - 0, 0), Rect(0, 0 - 0, 0), Rect(0, 0 - 0, 0), Rect(379, 654 - 748, 720)]} cutoutPathParserInfo={CutoutPathParserInfo{displayWidth=748 displayHeight=720 physicalDisplayWidth=748 physicalDisplayHeight=720 density={2.125} cutoutSpec={@bottom @right M 0,0 H -173.6470588235294 V -31.05882352941176 H 0 V 0 Z @dp} rotation={0} scale={1.0} physicalPixelDisplaySizeRatio={1.0}}} sideOverrides={}}, mRoundedCorners=RoundedCorners{[RoundedCorner{position=TopLeft, radius=49, center=Point(49, 49)}, RoundedCorner{position=TopRight, radius=49, center=Point(699, 49)}, RoundedCorner{position=BottomRight, radius=49, center=Point(699, 671)}, RoundedCorner{position=BottomLeft, radius=49, center=Point(49, 671)}]}  mRoundedCornerFrame=Rect(0, 0 - 0, 0), mPrivacyIndicatorBounds=PrivacyIndicatorBounds {static bounds=null rotation=0}, mDisplayShape=DisplayShape{ spec=1406003047 displayWidth=748 displayHeight=720 physicalPixelDisplaySizeRatio=1.0 rotation=0 offsetX=0 offsetY=0 scale=1.0}, mSources= { InsetsSource: {c1ab0004 mType=systemGestures mFrame=[0,0][0,0] mVisible=false mFlags= mSideHint=NONE mBoundingRects=null}, InsetsSource: {c1ab0005 mType=mandatorySystemGestures mFrame=[0,0][0,0] mVisible=false mFlags= mSideHint=NONE mBoundingRects=null}, InsetsSource: {c1ab0024 mType=systemGestures mFrame=[0,0][0,0] mVisible=false mFlags= mSideHint=NONE mBoundingRects=null}, InsetsSource: {67 mType=displayCutout mFrame=[0,654][748,720] mVisible=true mFlags= mSideHint=BOTTOM mBoundingRects=null} }
03-13 21:05:06.273  4205  4205 I VRI[EdgeBackGestureHandler1]@bfbca99: synced displayState. AttachInfo displayState=1
03-13 21:05:06.274  2053  2420 I QC2Comp : [hvcD_444] KPI_L1: release: ms=19
03-13 21:05:06.274  2053  2420 I FRCFilterPlugin: release entry
03-13 21:05:06.274  2053  2420 I FRCFilterPlugin: shutDownMpp entry
03-13 21:05:06.274  2053  2420 I FRCFilterPlugin: shutDownMpp exit
03-13 21:05:06.274  2053  2420 I FRCFilterPlugin: cleanUpResources entry
03-13 21:05:06.274  2053  2420 I FRCFilterPlugin: cleanUpResources exit
03-13 21:05:06.274  2053  2420 I FRCFilterPlugin: release exit
03-13 21:05:06.274  4360 26393 I CCodec  : [c2.qti.hevc.decoder] state->set(RELEASED)
03-13 21:05:06.274  4360 26362 I Codec2Client: Component destructing
03-13 21:05:06.274  4360 26362 I hw-BpHwBinder: onLastStrongRef automatically unlinking death recipients
03-13 21:05:06.274  2053  2420 I hw-BpHwBinder: onLastStrongRef automatically unlinking death recipients
03-13 21:05:06.274  2053  2420 I vendor.qti.media.c2@1.0-service: HDRToneMappingFilter DTOR
03-13 21:05:06.275  2053  2420 I vendor.qti.media.c2@1.0-service: AIFRCFilter DTOR
03-13 21:05:06.275  2053  2420 I QC2CompStore: Deleting component(c2.qti.hevc.decoder) id(444)
03-13 21:05:06.275  2053  2420 I QC2CompStore: removeIdFromList remove Id[444] from list
03-13 21:05:06.276  2053  2420 I StatsHandler: [hvcD_444] Stats: Pending(0) i/p-done(0) Works: Q: 2/Done 3|Work-Rate: Q(11.3/s Avg=11.3/s) Done(16.991/s Avg=16.991/s)| Stream: 30.00fps 0.0Kbps
03-13 21:05:06.276  2053  2420 I StatsHandler: [hvcD_444] Mem-usage:  [In-1D: 2 bufs 16.000 MB] [1D-5887: 14 bufs 0.219 MB] [2D-5888: 13 bufs 76.426 MB] | Total: 92.645 MB
03-13 21:05:06.276  2053  2420 I QC2Comp : [c2.qti.hevc.decoder] KPI_L1: Total component latency: ms=176
03-13 21:05:06.277  3003  6692 I ActivityManager: Changes in 10405 10 to 6, 0 to 128
03-13 21:05:06.278  4205  4205 I VRI[EdgeBackGestureHandler1]@bfbca99: setView = com.android.systemui.navigationbar.gestural.SamsungBackPanel@5a07e0 IsHRR=false mFlingFrameRateChange=0 TM=true
03-13 21:05:06.278  4205  4205 D PluginActionManager: startListening
03-13 21:05:06.278  4205  4458 D PluginActionManager: queryAll com.android.systemui.action.PLUGIN_NAVIGATION_EDGE_BACK_ACTION
03-13 21:05:06.279  4205  4458 D PluginActionManager: Found 0 plugins
03-13 21:05:06.279  4205  4205 D AccessibilityGestureHandler: coverNavbarVisibilityChanged
03-13 21:05:06.279  4205  4205 D NavBarStateManager: NavBarStates(1) isLargeCoverScreenSyncEnabled: false
03-13 21:05:06.279  4205  4205 D AccessibilityGestureHandler: a11yButtonState: false, coverScreenNavBarEnabled: false gestureMode: false, isWindowShowing: false, isCoverNavBarVisible: false, isEnabled: false
03-13 21:05:06.279  4205  4205 D NavBarStateManager: NavBarStates(1) supportLargeCoverScreenNavBar: true
03-13 21:05:06.279  4205  4205 D NavBarView: disableBack=true (isBackDismissIme=false, handlingGestures=false, disabledFlagBack=true, isBottomGesture=false, isImeRenderingNavButtons=false)
03-13 21:05:06.279  4205  4205 D NavBarStateManager: NavBarStates(1) supportLargeCoverScreenNavBar: true
03-13 21:05:06.279  4205  4205 D Navbar.Store: ----handleEvent(0) OnUpdateSysUiStateFlag(noArguments=true) [Module] SamsungNavigationBarView
03-13 21:05:06.279  4205  4205 D Navbar.Store: ------[Band]GESTURE_PACK_UPDATE_SYSTEMUI_STATE_FLAG
03-13 21:05:06.279  4205  4205 D Navbar.Store: ------[Band] (afterAction) GESTURE_PACK_UPDATE_SYSTEMUI_STATE_FLAG
03-13 21:05:06.279  4205  4205 D Navbar.Store: --[Band] (afterAction) SETUPWIZARD_PACK_SET_NAVBAR_STYLE
03-13 21:05:06.279  4205  4205 D Navbar.Store: ----apply(1) NavBarStoreAction$UpdateNavBarNormalStyle
03-13 21:05:06.279  4205  4205 D NavBarStateManager: NavBarStates(1) canShowKeyboardButtonForRotation(0): true
03-13 21:05:06.280  4205  4205 D NavBarStateManager: NavBarStates(1) supportLargeCoverScreenNavBar: true
03-13 21:05:06.280  4205  4205 D NavBarStateManager: NavBarStates(1) canShowKeyboardButtonForRotation(0): true
03-13 21:05:06.281  4205  4205 D NavBarStateManager: NavBarStates(1) supportLargeCoverScreenNavBar: true
03-13 21:05:06.281  4205  4205 D NavBarStateManager: NavBarStates(1) canShowKeyboardButtonForRotation(1): true
03-13 21:05:06.281  4205  4205 D NavBarStateManager: NavBarStates(1) supportLargeCoverScreenNavBar: true
03-13 21:05:06.281  4205  4205 D NavBarStateManager: NavBarStates(1) canShowKeyboardButtonForRotation(2): true
03-13 21:05:06.282  4360 26359 I MediaCodec: Codec shutdown complete
03-13 21:05:06.282  4205  4205 D NavBarStateManager: NavBarStates(1) supportLargeCoverScreenNavBar: true
03-13 21:05:06.282  4205  4205 D NavBarStateManager: NavBarStates(1) canShowKeyboardButtonForRotation(3): true
03-13 21:05:06.283  2007 12669 I sensors-hal: handle_sns_client_event:97, folding_angle device_mode(0 -> 1), book_mode(0 -> 0)
03-13 21:05:06.283  2007 12669 I sensors-hal: handle_sns_client_event:107, folding_angle skip same angle   0/  0
03-13 21:05:06.283  2496  1252 I ResourceManagerService: removeResourceInfo pid 4360, removed 2851200 (width 1080 height 2640), remained hw codec count 0
03-13 21:05:06.283  4205  4205 D NavBarStateManager: NavBarStates(1) supportLargeCoverScreenNavBar: true
03-13 21:05:06.283  4205  4205 D NavBarStateManager: NavBarStates(1) supportLargeCoverScreenNavBar: true
03-13 21:05:06.283  4205  4205 D NavBarView: disableBack=true (isBackDismissIme=false, handlingGestures=false, disabledFlagBack=true, isBottomGesture=false, isImeRenderingNavButtons=false)
03-13 21:05:06.283  4205  4205 D NavBarStateManager: NavBarStates(1) supportLargeCoverScreenNavBar: true
03-13 21:05:06.283  4205  4205 D Navbar.Store: ----handleEvent(0) OnUpdateSysUiStateFlag(noArguments=true) [Module] SamsungNavigationBarView
03-13 21:05:06.283  4205  4205 D Navbar.Store: ------[Band]GESTURE_PACK_UPDATE_SYSTEMUI_STATE_FLAG
03-13 21:05:06.283  4205  4205 D Navbar.Store: ------[Band] (afterAction) GESTURE_PACK_UPDATE_SYSTEMUI_STATE_FLAG
03-13 21:05:06.283  4205  4205 D Navbar.Store: --[Band] (afterAction) COVER_SCREEN_PACK_NAVBAR_ATTACHED_TO_WINDOW
03-13 21:05:06.283  4205  4205 D Navbar.Store: ----apply(1) NavBarStoreAction$UpdateNavBarLayoutParams
03-13 21:05:06.283  4205  4205 D NavBarStateManager: NavBarStates(1) canShowKeyboardButtonForRotation(0): true
03-13 21:05:06.284  4205  4205 D NavBarStateManager: NavBarStates(1) supportLargeCoverScreenNavBar: true
03-13 21:05:06.284  4205  4205 D NavBarStateManager: NavBarStates(1) canShowKeyboardButtonForRotation(0): true
03-13 21:05:06.284  4205  4205 D NavBarStateManager: NavBarStates(1) supportLargeCoverScreenNavBar: true
03-13 21:05:06.284  4205  4205 D NavBarStateManager: NavBarStates(1) canShowKeyboardButtonForRotation(1): true
03-13 21:05:06.284  4205  4205 D NavBarStateManager: NavBarStates(1) supportLargeCoverScreenNavBar: true
03-13 21:05:06.284  4205  4205 D NavBarStateManager: NavBarStates(1) canShowKeyboardButtonForRotation(2): true
03-13 21:05:06.285  4205  4205 D NavBarStateManager: NavBarStates(1) supportLargeCoverScreenNavBar: true
03-13 21:05:06.285  4205  4205 D NavBarStateManager: NavBarStates(1) canShowKeyboardButtonForRotation(3): true
03-13 21:05:06.285  4360  4776 I CCodecBufferChannel: CCodecBufferChannel destructing c2.qti.hevc.decoder#145
03-13 21:05:06.285  4360 26359 I CCodec  : state->set(ALLOCATING)
03-13 21:05:06.285  4205  4205 D NavBarStateManager: NavBarStates(1) supportLargeCoverScreenNavBar: true
03-13 21:05:06.285  4360 26362 I CCodec  : allocate(c2.qti.hevc.decoder)
03-13 21:05:06.285  6380  6380 I SemMediaResourceHelper: onRemove
03-13 21:05:06.285  3003  4002 D BackgroundInstallControlService: Package event received: 0
03-13 21:05:06.286  4205  4205 D NavBarStateManager: NavBarStates(1) supportLargeCoverScreenNavBar: true
03-13 21:05:06.286  4205  4205 D NavBarView: disableBack=true (isBackDismissIme=false, handlingGestures=false, disabledFlagBack=true, isBottomGesture=false, isImeRenderingNavButtons=false)
03-13 21:05:06.286  4205  4205 D NavBarStateManager: NavBarStates(1) supportLargeCoverScreenNavBar: true
03-13 21:05:06.286  4205  4205 D Navbar.Store: handleEvent(0) OnUpdateSysUiStateFlag(noArguments=true) [Module] SamsungNavigationBarView
03-13 21:05:06.286  4205  4205 D Navbar.Store: --[Band]GESTURE_PACK_UPDATE_SYSTEMUI_STATE_FLAG
03-13 21:05:06.286  4205  4205 D Navbar.Store: --[Band] (afterAction) GESTURE_PACK_UPDATE_SYSTEMUI_STATE_FLAG
03-13 21:05:06.286  3003  4002 D BackgroundInstallControlService: Package event received: 0
03-13 21:05:06.286  3003  4002 D BackgroundInstallControlService: Package event received: 0
03-13 21:05:06.286  3003  4002 D BackgroundInstallControlService: Package event received: 0
03-13 21:05:06.286  4205  4205 D Navbar.Store: handleEvent(0) OnNavBarUpdateA11YService(clickable=false, longClickable=false) [Module] NavigationBar
03-13 21:05:06.286  4205  4205 D Navbar.Store: --[Band]SETUPWIZARD_PACK_UPDATE_A11Y_SERVICE
03-13 21:05:06.286  4205  4205 D NavBarStateManager: NavBarStates(1) canShowKeyboardButtonForRotation(0): true
03-13 21:05:06.286  4360 26362 I CCodec  : setting up 'default' as default (vendor) store
03-13 21:05:06.286  2053  6835 I QC2CompStore: addIdToList add Id[445] to list
03-13 21:05:06.287  2022  2124 I HYPER-HAL: [RequestManager.cpp]acquire(): Acquired ID : 572283170  [2025 / 31805]    HINT :      list : [TID_LOW_LATENCY / 1] [TID / 4392] [TID / 4393] [TID / 4205] [TID / 4394] 
03-13 21:05:06.287  4205  4205 D NavBarStateManager: NavBarStates(1) supportLargeCoverScreenNavBar: true
03-13 21:05:06.287  4205  4205 D NavBarStateManager: NavBarStates(1) canShowKeyboardButtonForRotation(0): true
03-13 21:05:06.287  4205  4205 D NavBarStateManager: NavBarStates(1) supportLargeCoverScreenNavBar: true
03-13 21:05:06.287  4205  4205 D NavBarStateManager: NavBarStates(1) canShowKeyboardButtonForRotation(1): true
03-13 21:05:06.287  4205  4205 D NavBarStateManager: NavBarStates(1) supportLargeCoverScreenNavBar: true
03-13 21:05:06.287  4205  4205 D NavBarStateManager: NavBarStates(1) canShowKeyboardButtonForRotation(2): true
03-13 21:05:06.287  2053  6835 I vendor.qti.media.c2@1.0-service: missing struct descriptor #Param::CoreIndex(--002) for field mastering of struct #Param::CoreIndex(--180a)
03-13 21:05:06.288  2053  6835 I vendor.qti.media.c2@1.0-service: missing struct descriptor #Param::CoreIndex(-V8002) for field portConfigs of struct #Param::CoreIndex(FV19100)
03-13 21:05:06.288  2053  6835 I vendor.qti.media.c2@1.0-service: missing struct descriptor #Param::CoreIndex(-V8002) for field portConfigs of struct #Param::CoreIndex(FV1a100)
03-13 21:05:06.288  2053  6835 I vendor.qti.media.c2@1.0-service: missing struct descriptor #Param::CoreIndex(-V8002) for field portConfigs of struct #Param::CoreIndex(FV19100)
03-13 21:05:06.288  2053  6835 I vendor.qti.media.c2@1.0-service: missing struct descriptor #Param::CoreIndex(-V8002) for field portConfigs of struct #Param::CoreIndex(FV1a100)
03-13 21:05:06.288  3003  7124 D HintManagerService: SystemUI make new AppHintSession but force pause
03-13 21:05:06.288  4205  4205 D NavBarStateManager: NavBarStates(1) supportLargeCoverScreenNavBar: true
03-13 21:05:06.288  4205  4205 D NavBarStateManager: NavBarStates(1) canShowKeyboardButtonForRotation(3): true
03-13 21:05:06.288  2053  6835 I QC2Comp : [cmphvcD_445] KPI_L1: init: ms=0
03-13 21:05:06.288  2053  6835 I QC2Comp : [c2.qti.hevc.decoder] KPI_L1: Create: ms=1
03-13 21:05:06.288  2053  6835 I QC2CompStore: Created component(c2.qti.hevc.decoder) id(445) sStore[0xb400006dc7a29970]
03-13 21:05:06.288  2053  6835 I vendor.qti.media.c2@1.0-service: missing struct descriptor #Param::CoreIndex(--002) for field mastering of struct #Param::CoreIndex(--180a)
03-13 21:05:06.288  2053  6835 I vendor.qti.media.c2@1.0-service: missing struct descriptor #Param::CoreIndex(--002) for field mastering of struct #Param::CoreIndex(--180a)
03-13 21:05:06.288  2053  6835 I vendor.qti.media.c2@1.0-service: VendorExternalAIFRCRequestSetter set to 0 0
03-13 21:05:06.288  2053  6835 I vendor.qti.media.c2@1.0-service: StrictValueWithNoDeps is called old.v.value is 2141391876 me.v.value is 2141391876
03-13 21:05:06.288  2053  6835 I vendor.qti.media.c2@1.0-service: StrictValueWithNoDeps is called old.v.value is 30 me.v.value is 30
03-13 21:05:06.288  4205  4205 D NavBarStateManager: NavBarStates(1) supportLargeCoverScreenNavBar: true
03-13 21:05:06.288  2053  6835 I vendor.qti.media.c2@1.0-service: missing struct descriptor #Param::CoreIndex(--002) for field mastering of struct #Param::CoreIndex(--180a)
03-13 21:05:06.288  2053  6835 I vendor.qti.media.c2@1.0-service: missing struct descriptor #Param::CoreIndex(--002) for field mastering of struct #Param::CoreIndex(--180a)
03-13 21:05:06.288  2053  6835 I vendor.qti.media.c2@1.0-service: C2StreamVendorRenderEngineHDRToneMapRequestInfoset to 0
03-13 21:05:06.288  4205  4205 D EdgeBackGestureHandler: setBackAnimation for displayId = 1 : com.android.wm.shell.back.BackAnimationController$BackAnimationImpl@2596a58
03-13 21:05:06.288  2053  6835 W QC2Interface: [hvcD_445] Failed to query parameters
03-13 21:05:06.288  2053  6835 I vendor.qti.media.c2@1.0-service: StrictValueWithNoDeps is called old.v.value is 2141391876 me.v.value is 0
03-13 21:05:06.288  2053  6835 I vendor.qti.media.c2@1.0-service: StrictValueWithNoDeps is called old.v.value is 30 me.v.value is 1
03-13 21:05:06.288  2053  6835 I vendor.qti.media.c2@1.0-service: [FRC-IsFilteringEnabled] entry
03-13 21:05:06.288  2053  6835 I vendor.qti.media.c2@1.0-service: [FRC-IsFilteringEnabled] frcReqInfo.value is 0
03-13 21:05:06.288  2022  2124 I HYPER-HAL: [RequestManager.cpp]acquire(): Acquired ID : 572283170  [2025 / 31805]    HINT :      list : [TID_LOW_LATENCY / 0] [TID / 4392] [TID / 4393] [TID / 4205] [TID / 4394] 
03-13 21:05:06.288  4205  4205 D NavBarStateManager: NavBarStates(1) supportLargeCoverScreenNavBar: true
03-13 21:05:06.288  4205  4205 D NavBarView: disableBack=true (isBackDismissIme=false, handlingGestures=false, disabledFlagBack=true, isBottomGesture=false, isImeRenderingNavButtons=false)
03-13 21:05:06.288  4205  4205 D NavBarStateManager: NavBarStates(1) supportLargeCoverScreenNavBar: true
03-13 21:05:06.288  4205  4205 D Navbar.Store: handleEvent(0) OnUpdateSysUiStateFlag(noArguments=true) [Module] SamsungNavigationBarView
03-13 21:05:06.288  4205  4205 D Navbar.Store: --[Band]GESTURE_PACK_UPDATE_SYSTEMUI_STATE_FLAG
03-13 21:05:06.288  4205  4205 D Navbar.Store: --[Band] (afterAction) GESTURE_PACK_UPDATE_SYSTEMUI_STATE_FLAG
03-13 21:05:06.288  4205  4205 D Navbar.Store: handleEvent(0) OnNavBarUpdateA11YService(clickable=false, longClickable=false) [Module] NavigationBar
03-13 21:05:06.288  4205  4205 D Navbar.Store: --[Band]SETUPWIZARD_PACK_UPDATE_A11Y_SERVICE
03-13 21:05:06.288  4205  4205 D NavBarStateManager: NavBarStates(1) supportLargeCoverScreenNavBar: true
03-13 21:05:06.288  4205  4205 D NavBarView: disableBack=true (isBackDismissIme=false, handlingGestures=false, disabledFlagBack=true, isBottomGesture=false, isImeRenderingNavButtons=false)
03-13 21:05:06.288  4205  4205 D NavBarStateManager: NavBarStates(1) supportLargeCoverScreenNavBar: true
03-13 21:05:06.288  4205  4205 D Navbar.Store: handleEvent(0) OnUpdateSysUiStateFlag(noArguments=true) [Module] SamsungNavigationBarView
03-13 21:05:06.288  4205  4205 D Navbar.Store: --[Band]GESTURE_PACK_UPDATE_SYSTEMUI_STATE_FLAG
03-13 21:05:06.288  4205  4205 D Navbar.Store: --[Band] (afterAction) GESTURE_PACK_UPDATE_SYSTEMUI_STATE_FLAG
03-13 21:05:06.290  4360 26362 I CCodec  : Created component [c2.qti.hevc.decoder] for [c2.qti.hevc.decoder]
03-13 21:05:06.290  3003  4086 D NetdEventListenerService: DNS Requested by 115, 10096(com.samsung.android.server.wifi.mobilewips), SUCCESS, 2ms
03-13 21:05:06.290  4360 26362 I CCodec  : [c2.qti.hevc.decoder] state->set(ALLOCATED)
03-13 21:05:06.291  2053  2420 W QC2Interface: [hvcD_445] Failed to query parameters
03-13 21:05:06.291  4205  4205 D NavBarStateManager: NavBarStates(1) supportLargeCoverScreenNavBar: true
03-13 21:05:06.291  4205  4205 D NavBarView: disableBack=true (isBackDismissIme=false, handlingGestures=false, disabledFlagBack=true, isBottomGesture=false, isImeRenderingNavButtons=false)
03-13 21:05:06.291  4205  4205 D NavBarStateManager: NavBarStates(1) supportLargeCoverScreenNavBar: true
03-13 21:05:06.291  4205  4205 D Navbar.Store: handleEvent(0) OnUpdateSysUiStateFlag(noArguments=true) [Module] SamsungNavigationBarView
03-13 21:05:06.291  4205  4205 D Navbar.Store: --[Band]GESTURE_PACK_UPDATE_SYSTEMUI_STATE_FLAG
03-13 21:05:06.291  4205  4205 D Navbar.Store: --[Band] (afterAction) GESTURE_PACK_UPDATE_SYSTEMUI_STATE_FLAG
03-13 21:05:06.291  4205  4205 D NavigationModeController: getCurrentInteractionMode: mode=0 contextUser=0
03-13 21:05:06.291  4205  4205 D Navbar.Store: handleEvent(1) OnLightBarControllerCreated(lightBarController=com.android.systemui.statusbar.phone.LightBarControllerImpl@fc3dfc5) [Module] NavigationBar
03-13 21:05:06.291  4205  4205 D Navbar.Store: --[Band]COLOR_PACK_REEVALUATE_NAVBAR
03-13 21:05:06.291  4205  4205 D Navbar.Store: ----apply(1) NavBarStoreAction$ReevaluateNavBar
03-13 21:05:06.291  4205  4205 D Navbar.Store: handleEvent(0) OnNavBarTransitionModeChanged(transitionMode=0) [Module] NavigationBar
03-13 21:05:06.291  4205  4205 D Navbar.Store: --[Band]GESTURE_PACK_SHOW_FLOATING_GAMETOOLS_ICON
03-13 21:05:06.291  4205  4205 D NavBarStateManager: NavBarStates(1) supportLargeCoverScreenNavBar: true
03-13 21:05:06.291  4205  4205 D Navbar.Store: handleEvent(1) GetNavBarLargeCoverScreenPadding(rotation=0) [Module] SamsungNavigationBarView
03-13 21:05:06.291  4205  4205 D Navbar.Store: --[Band]COVER_SCREEN_PACK_GET_NAVBAR_PADDING
03-13 21:05:06.291  4205  4205 D CoverScreenPack: get cover screen padding, kit.displayId=1, resources={1.0 ?mcc0mnc [en_US] ldltr sw307dp w352dp h308dp 340dpi smll hdr widecg land night -touch -keyb/v/h -nav/h winConfig={ mBounds=Rect(0, 0 - 748, 720) mAppBounds=Rect(0, 0 - 748, 654) mMaxBounds=Rect(0, 0 - 748, 720) mDisplayRotation=ROTATION_0 mWindowingMode=fullscreen mActivityType=undefined mAlwaysOnTop=undefined mRotation=ROTATION_0 mStageConfig=undefined mPopOver=undefined mOverlappingWithCutout=false mFlexPanelMode=off} s.7551 fontWeightAdjustment=0 ff=0 bf=-1 bts=0 cst=1.0 nightDim=0 themeSeq=0}
03-13 21:05:06.291  4205  4205 D Navbar.Store: handleEvent(1) value= Rect(0, 0 - 399, 0)
03-13 21:05:06.292  3003  7124 I WindowManager: Relayout Window{bc968d6 u0 NavigationBar1}: viewVisibility=0 req=748x102 ty=2019 d1
03-13 21:05:06.292  2105  2922 I SurfaceFlinger: id=94226 createSurf, flag=44004, NavigationBar1$_4205#94226
03-13 21:05:06.293  3003  7124 D WindowManager: makeSurface duration=1 name=NavigationBar1$_4205
