03-09 22:31:20.194  3163  3202 W PackageManager: Missing required system package: com.peacocktv.peacockandroid, but found with extended search.
03-09 22:31:20.194  3163  3202 W PackageManager: Missing required system package: com.payoneer.android, but found with extended search.
03-09 22:31:20.194  3163  3202 W PackageManager: Missing required system package: com.particlenews.newsbreak, but found with extended search.
03-09 22:31:20.195  3163  3202 W PackageManager: Missing required system package: com.parkwhiz.driverApp, but found with extended search.
03-09 22:31:20.195  3163  3202 W PackageManager: Missing required system package: com.opentable, but found with extended search.
03-09 22:31:20.195  3163  3202 W PackageManager: Missing required system package: com.openai.chatgpt, but found with extended search.
03-09 22:31:20.195  3163  3202 W PackageManager: Missing required system package: com.onedebit.chime, but found with extended search.
03-09 22:31:20.195  3163  3202 W PackageManager: Missing required system package: com.olo.dairyqueen.production, but found with extended search.
03-09 22:31:20.195  3163  3202 W PackageManager: Missing required system package: com.nike.omega, but found with extended search.
03-09 22:31:20.195  3163  3202 W PackageManager: Missing required system package: com.newsbreak.crimeradar, but found with extended search.
03-09 22:31:20.195  3163  3202 W PackageManager: Missing required system package: com.newleaf.app.android.victor, but found with extended search.
03-09 22:31:20.195  3163  3202 W PackageManager: Missing required system package: com.newegg.app, but found with extended search.
03-09 22:31:20.195  3163  3202 W PackageManager: Missing required system package: com.myklarnamobile, but found with extended search.
03-09 22:31:20.195  3163  3202 W PackageManager: Missing required system package: com.mta.mobileapp, but found with extended search.
03-09 22:31:20.195  3163  3202 W PackageManager: Missing required system package: com.moneylion, but found with extended search.
03-09 22:31:20.195  3163  3202 W PackageManager: Missing required system package: com.mobilecreditcards, but found with extended search.
03-09 22:31:20.195  3163  3202 W PackageManager: Missing required system package: com.mobilaurus.wingstopandroid, but found with extended search.
03-09 22:31:20.195  3163  3202 W PackageManager: Missing required system package: com.microsoft.copilot, but found with extended search.
03-09 22:31:20.195  3163  3202 W PackageManager: Missing required system package: com.meesho.supply, but found with extended search.
03-09 22:31:20.195  3163  3202 W PackageManager: Missing required system package: com.mcdonalds.app, but found with extended search.
03-09 22:31:20.195  3163  3202 W PackageManager: Missing required system package: com.maps.radar.navigation.android2023, but found with extended search.
03-09 22:31:20.195  3163  3202 W PackageManager: Missing required system package: com.macys.android, but found with extended search.
03-09 22:31:20.195  3163  3202 W PackageManager: Missing required system package: com.m1finance.android, but found with extended search.
03-09 22:31:20.195  3163  3202 W PackageManager: Missing required system package: com.lowes.android, but found with extended search.
03-09 22:31:20.195  3163  3202 W PackageManager: Missing required system package: com.littlecaesars, but found with extended search.
03-09 22:31:20.195  3163  3202 W PackageManager: Missing required system package: com.linkedin.android, but found with extended search.
03-09 22:31:20.195  3163  3202 W PackageManager: Missing required system package: com.lemon.lvoverseas, but found with extended search.
03-09 22:31:20.195  3163  3202 W PackageManager: Missing required system package: com.kohls.mcommerce.opal, but found with extended search.
03-09 22:31:20.195  3163  3202 W PackageManager: Missing required system package: com.kinpos.wallytech, but found with extended search.
03-09 22:31:20.195  3163  3202 W PackageManager: Missing required system package: com.kfc.us.mobile, but found with extended search.
03-09 22:31:20.196  3163  3202 W PackageManager: Missing required system package: com.joom, but found with extended search.
03-09 22:31:20.196  3163  3202 W PackageManager: Missing required system package: com.instagram.barcelona, but found with extended search.
03-09 22:31:20.196  3163  3202 W PackageManager: Missing required system package: com.instagram.android, but found with extended search.
03-09 22:31:20.196  3163  3202 W PackageManager: Missing required system package: com.instacart.client, but found with extended search.
03-09 22:31:20.196  3163  3202 W PackageManager: Missing required system package: com.inmobi.weather, but found with extended search.
03-09 22:31:20.196  3163  3202 W PackageManager: Missing required system package: com.infraware.office.link, but found with extended search.
03-09 22:31:20.196  3163  3202 W PackageManager: Missing required system package: com.inditex.zara, but found with extended search.
03-09 22:31:20.196  3163  3202 W PackageManager: Missing required system package: com.hollar.android, but found with extended search.
03-09 22:31:20.196  3163  3202 W PackageManager: Missing required system package: com.hm.goe, but found with extended search.
03-09 22:31:20.196  3163  3202 W PackageManager: Missing required system package: com.guardian, but found with extended search.
03-09 22:31:20.196  3163  3202 W PackageManager: Missing required system package: com.grubhub.android, but found with extended search.
03-09 22:31:20.196  3163  3202 W PackageManager: Missing required system package: com.groupon, but found with extended search.
03-09 22:31:20.196  3163  3202 W PackageManager: Missing required system package: com.google.android.apps.fitness, but found with extended search.
03-09 22:31:20.196  3163  3202 W PackageManager: Missing required system package: com.google.android.apps.chromecast.app, but found with extended search.
03-09 22:31:20.196  3163  3202 W PackageManager: Missing required system package: com.google.android.apps.adm, but found with extended search.
03-09 22:31:20.196  3163  3202 W PackageManager: Missing required system package: com.freecash.app2, but found with extended search.
03-09 22:31:20.196  3163  3202 W PackageManager: Missing required system package: com.foxnews.android, but found with extended search.
03-09 22:31:20.196  3163  3202 W PackageManager: Missing required system package: com.flipkart.android, but found with extended search.
03-09 22:31:20.196  3163  3202 W PackageManager: Missing required system package: com.facebook.katana, but found with extended search.
03-09 22:31:20.196  3163  3202 W PackageManager: Missing required system package: com.etsy.android, but found with extended search.
03-09 22:31:20.196  3163  3202 W PackageManager: Missing required system package: com.etrade.mobilepro.activity, but found with extended search.
03-09 22:31:20.196  3163  3202 W PackageManager: Missing required system package: com.emn8.mobilem8.nativeapp.popeyes, but found with extended search.
03-09 22:31:20.196  3163  3202 W PackageManager: Missing required system package: com.emn8.mobilem8.nativeapp.bk, but found with extended search.
03-09 22:31:20.196  3163  3202 W PackageManager: Missing required system package: com.einnovation.temu, but found with extended search.
03-09 22:31:20.196  3163  3202 W PackageManager: Missing required system package: com.ebay.motorsapp, but found with extended search.
03-09 22:31:20.196  3163  3202 W PackageManager: Missing required system package: com.ebay.mobile, but found with extended search.
03-09 22:31:20.196  3163  3202 W PackageManager: Missing required system package: com.dutchbros.loyalty, but found with extended search.
03-09 22:31:20.196  3163  3202 W PackageManager: Missing required system package: com.dunkinbrands.otgo, but found with extended search.
03-09 22:31:20.196  3163  3202 W PackageManager: Missing required system package: com.duckduckgo.mobile.android, but found with extended search.
03-09 22:31:20.196 10834 10834 I ModuleManager: ModuleManager$ModuleInitListener.maybeUnloadModuleOnUnavailable():1386 module ggm is unavailable
03-09 22:31:20.196  3163  3202 W PackageManager: Missing required system package: com.doordash.driverapp, but found with extended search.
03-09 22:31:20.196  3163  3202 W PackageManager: Missing required system package: com.dominospizza, but found with extended search.
03-09 22:31:20.197  3163  3202 W PackageManager: Missing required system package: com.divvypay.Divvy, but found with extended search.
03-09 22:31:20.197  3163  3202 W PackageManager: Missing required system package: com.disney.disneystore_goo, but found with extended search.
03-09 22:31:20.197  3163  3202 W PackageManager: Missing required system package: com.dd.doordash, but found with extended search.
03-09 22:31:20.197  3163  3202 W PackageManager: Missing required system package: com.dayspringtech.envelopes, but found with extended search.
03-09 22:31:20.197  3163  3202 W PackageManager: Missing required system package: com.coulombtech, but found with extended search.
03-09 22:31:20.197  3163  3202 W PackageManager: Missing required system package: com.costco.app.android, but found with extended search.
03-09 22:31:20.197  3163  3202 W PackageManager: Missing required system package: com.contextlogic.wish, but found with extended search.
03-09 22:31:20.197  3163  3202 W PackageManager: Missing required system package: com.coinbase.android, but found with extended search.
03-09 22:31:20.197  3163  3202 W PackageManager: Missing required system package: com.cnn.mobile.android.phone, but found with extended search.
03-09 22:31:20.197  3163  3202 W PackageManager: Missing required system package: com.clubhouse.app, but found with extended search.
03-09 22:31:20.197  3163  3202 W PackageManager: Missing required system package: com.citymapper.app.release, but found with extended search.
03-09 22:31:20.197  3163  3202 W PackageManager: Missing required system package: com.citi.citimobile, but found with extended search.
03-09 22:31:20.197  3163  3202 W PackageManager: Missing required system package: com.chipotle.ordering, but found with extended search.
03-09 22:31:20.197  3163  3202 W PackageManager: Missing required system package: com.chickfila.cfaflagship, but found with extended search.
03-09 22:31:20.197  3163  3202 W PackageManager: Missing required system package: com.checkitt, but found with extended search.
03-09 22:31:20.197  3163  3202 W PackageManager: Missing required system package: com.chase.sig.android, but found with extended search.
03-09 22:31:20.197  3163  3202 W PackageManager: Missing required system package: com.buxfer.app, but found with extended search.
03-09 22:31:20.197  3163  3202 W PackageManager: Missing required system package: com.buffalowildwings.blazinrewards, but found with extended search.
03-09 22:31:20.197  3163  3202 W PackageManager: Missing required system package: com.bp.app.bpme.global.ros, but found with extended search.
03-09 22:31:20.197  3163  3202 W PackageManager: Missing required system package: com.booking, but found with extended search.
03-09 22:31:20.197  3163  3202 W PackageManager: Missing required system package: com.bigbasket.mobileapp, but found with extended search.
03-09 22:31:20.197  3163  3202 W PackageManager: Missing required system package: com.bhphoto, but found with extended search.
03-09 22:31:20.197  3163  3202 W PackageManager: Missing required system package: com.bestbuy.android, but found with extended search.
03-09 22:31:20.197  3163  3202 W PackageManager: Missing required system package: com.app.tgtg, but found with extended search.
03-09 22:31:20.197  3163  3202 W PackageManager: Missing required system package: com.amazon.mShop.android.shopping, but found with extended search.
03-09 22:31:20.197  3163  3202 W PackageManager: Missing required system package: com.alibaba.aliexpresshd, but found with extended search.
03-09 22:31:20.197  3163  3202 W PackageManager: Missing required system package: com.adidas.app, but found with extended search.
03-09 22:31:20.197 10834 10834 I ModuleManager: ModuleManager$ModuleInitListener.maybeUnloadModuleOnUnavailable():1386 module efd is unavailable
03-09 22:31:20.197  3163  3202 W PackageManager: Missing required system package: com.acorns.early, but found with extended search.
03-09 22:31:20.197  3163  3202 W PackageManager: Missing required system package: com.acorns.android, but found with extended search.
03-09 22:31:20.197  3163  3202 W PackageManager: Missing required system package: com.Splitwise.SplitwiseMobile, but found with extended search.
03-09 22:31:20.197 10834 10834 I ModuleManager: ModuleManager$ModuleInitListener.maybeUnloadModuleOnUnavailable():1386 module ief is unavailable
03-09 22:31:20.197  3163  3202 W PackageManager: Missing required system package: app.simple.com, but found with extended search.
03-09 22:31:20.198  3163  3202 W PackageManager: Missing required system package: app.organicmaps, but found with extended search.
03-09 22:31:20.198 10834 10834 I ModuleManager: ModuleManager$ModuleInitListener.maybeUnloadModuleOnUnavailable():1386 module ifb is unavailable
03-09 22:31:20.198  3163  3202 W PackageManager: Missing required system package: tv.pluto.android, but found with extended search.
03-09 22:31:20.198  3163  3202 W PackageManager: Missing required system package: net.sharewire.parkmobilev2, but found with extended search.
03-09 22:31:20.198 10834 10834 I ModuleManager: ModuleManager$ModuleInitListener.maybeUnloadModuleOnUnavailable():1386 module ITranslateUiExtension is unavailable
03-09 22:31:20.198  3163  3202 W PackageManager: Missing required system package: digit.android, but found with extended search.
03-09 22:31:20.198  3163  3202 W PackageManager: Missing required system package: com.walmart.android, but found with extended search.
03-09 22:31:20.198  3163  3202 W PackageManager: Missing required system package: com.uniqlo.usa.catalogue, but found with extended search.
03-09 22:31:20.198  3163  3202 W PackageManager: Missing required system package: com.ubercab.eats, but found with extended search.
03-09 22:31:20.198 10834 10834 I ModuleManager: ModuleManager$ModuleInitListener.maybeUnloadModuleOnUnavailable():1386 module egz is unavailable
03-09 22:31:20.198  3163  3202 W PackageManager: Missing required system package: com.tubitv, but found with extended search.
03-09 22:31:20.198  3163  3202 W PackageManager: Missing required system package: com.thetransitapp.droid, but found with extended search.
03-09 22:31:20.198  3163  3202 W PackageManager: Missing required system package: com.thehomedepot, but found with extended search.
03-09 22:31:20.198  3163  3202 W PackageManager: Missing required system package: com.target.ui, but found with extended search.
03-09 22:31:20.198  3163  3202 W PackageManager: Missing required system package: com.starbucks.mobilecard, but found with extended search.
03-09 22:31:20.198  3163  3202 W PackageManager: Missing required system package: com.squareup.cash, but found with extended search.
03-09 22:31:20.198  3163  3202 W PackageManager: Missing required system package: com.snapdeal.main, but found with extended search.
03-09 22:31:20.198  3163  3202 W PackageManager: Missing required system package: com.shopify.arrive, but found with extended search.
03-09 22:31:20.198  3163  3202 W PackageManager: Missing required system package: com.rfi.sams.android, but found with extended search.
03-09 22:31:20.198  3163  3202 W PackageManager: Missing required system package: com.remitly.androidapp, but found with extended search.
03-09 22:31:20.198  3163  3202 W PackageManager: Missing required system package: com.qapital, but found with extended search.
03-09 22:31:20.198  3163  3202 W PackageManager: Missing required system package: com.paypal.android.p2pmobile, but found with extended search.
03-09 22:31:20.198  3163  3202 W PackageManager: Missing required system package: com.overstock, but found with extended search.
03-09 22:31:20.198  3163  3202 W PackageManager: Missing required system package: com.opera.browser, but found with extended search.
03-09 22:31:20.199 10834 10834 W NotificationCenter: NotificationCenter.unregisterListener():480 Listener eei@1d12ff9 was not registered for notification class ndp
03-09 22:31:20.199 10834 10834 W NotificationCenter: NotificationCenter.unregisterListener():480 Listener efs@8cbf9b2 was not registered for notification class ndp
03-09 22:31:20.199 10834 10834 I ModuleManager: ModuleManager$ModuleInitListener.maybeUnloadModuleOnUnavailable():1386 module ego is unavailable
03-09 22:31:20.200 10834 10834 I ModuleManager: ModuleManager$ModuleInitListener.maybeUnloadModuleOnUnavailable():1386 module ojg is unavailable
03-09 22:31:20.200 10834 10834 I ModuleManager: ModuleManager$ModuleInitListener.maybeUnloadModuleOnUnavailable():1386 module oha is unavailable
03-09 22:31:20.201 10834 10834 I ModuleManager: ModuleManager$ModuleInitListener.maybeUnloadModuleOnUnavailable():1386 module ejs is unavailable
03-09 22:31:20.201 10834 10834 I ModuleManager: ModuleManager$ModuleInitListener.maybeUnloadModuleOnUnavailable():1386 module hvo is unavailable
03-09 22:31:20.204 10834 10834 I ModuleManager: ModuleManager$ModuleInitListener.maybeUnloadModuleOnUnavailable():1386 module eqk is unavailable
03-09 22:31:20.205  2068  6060 I vendor.qti.bluetooth@1.0-ibs_handler: ProcessIbsCmd: Received IBS_SLEEP_IND: 0xFE
03-09 22:31:20.205 10834 10834 I ModuleManager: ModuleManager$ModuleInitListener.maybeUnloadModuleOnUnavailable():1386 module ftq is unavailable
03-09 22:31:20.206 10834 10834 I ModuleManager: ModuleManager$ModuleInitListener.maybeUnloadModuleOnUnavailable():1386 module ftu is unavailable
03-09 22:31:20.206 10834 10834 I ModuleManager: ModuleManager$ModuleInitListener.maybeUnloadModuleOnUnavailable():1386 module evt is unavailable
03-09 22:31:20.206 10834 10834 I ModuleManager: ModuleManager$ModuleInitListener.maybeUnloadModuleOnUnavailable():1386 module eww is unavailable
03-09 22:31:20.206  2064  6031 E sensors-hal: handle_sns_client_event:62, mot_disprot_event: now=39836110914498 ts=39836091696124, type=0, status=3
03-09 22:31:20.207  3163  3229 W BoostOptController: not supported hint: 118
03-09 22:31:20.207  3163  3229 D CLI/Rotation: Set volume keyswap sysprop for rotation 0 lidState CLOSED
03-09 22:31:20.209 10834 10834 I ModuleManager: ModuleManager$ModuleInitListener.maybeUnloadModuleOnUnavailable():1386 module lau is unavailable
03-09 22:31:20.210 10834 10834 I ModuleManager: ModuleManager$ModuleInitListener.maybeUnloadModuleOnUnavailable():1386 module evm is unavailable
03-09 22:31:20.210  2064  4171 D slpi-MOT_HALL: Flip send data : 0, State: far
03-09 22:31:20.210  2064  4173 I sensors-hal: handle_sns_client_event:365, mot_flip_event: now=39836115057623 hal ts=39836114439562, MOT_FLIP_STATE_OPEN, count=289.0, cause=0.0, fwreg 1
03-09 22:31:20.210  2064  4171 E slpi    : MOT_GPIO_FLIP kernel state gpio unset
03-09 22:31:20.210  2064  4173 I sensors-hal: sns_device_mode_init:227, sns_device_mode_init Start
03-09 22:31:20.210 10834 10834 I EmojifyExtensionImpl: EmojifyExtensionImpl.onDestroy():611 Destroying Emojify extension ezf@30c378d.
03-09 22:31:20.210  2064  4173 I android.hardware.sensors@2.1-service.multihal: vendor/qcom/proprietary/adsprpc/src/fastrpc_apps_user.c:1553: remote_handle64_open: Successfully opened handle 0x1aea9f50 for '":;./\createstaticpd:sensorspd&_dom=adsp on domain 0
03-09 22:31:20.210 10834 10834 I ModuleManager: ModuleManager$ModuleInitListener.maybeUnloadModuleOnUnavailable():1386 module eyq is unavailable
03-09 22:31:20.211  3163  3231 I DeviceStateManagerService: Cannot notify device state info change when pending state is present.
03-09 22:31:20.211 10834 10834 I AbstractOpenableExtension: AbstractOpenableExtension.maybeDestroyExistingKeyboardGroupManager():534 Destroy existing keyboard group manager in ezz
03-09 22:31:20.211 10834 10834 I ModuleManager: ModuleManager$ModuleInitListener.maybeUnloadModuleOnUnavailable():1386 module IExpressionMomentExtension is unavailable
03-09 22:31:20.211 10834 10834 I ModuleManager: ModuleManager$ModuleInitListener.maybeUnloadModuleOnUnavailable():1386 module IEmojiKitchenBrowseExtension is unavailable
03-09 22:31:20.211 10834 10834 I AbstractOpenableExtension: AbstractOpenableExtension.maybeDestroyExistingKeyboardGroupManager():534 Destroy existing keyboard group manager in hme
03-09 22:31:20.211 10834 10834 I ModuleManager: ModuleManager$ModuleInitListener.maybeUnloadModuleOnUnavailable():1386 module FastAccessBarExtension is unavailable
03-09 22:31:20.211 10834 10834 I ModuleManager: ModuleManager$ModuleInitListener.maybeUnloadModuleOnUnavailable():1386 module hmt is unavailable
03-09 22:31:20.211 10834 10834 I ModuleManager: ModuleManager$ModuleInitListener.maybeUnloadModuleOnUnavailable():1386 module fkk is unavailable
03-09 22:31:20.211 10834 10834 I ModuleManager: ModuleManager$ModuleInitListener.maybeUnloadModuleOnUnavailable():1386 module IGifKeyboardExtension is unavailable
03-09 22:31:20.211 10834 10834 I ModuleManager: ModuleManager$ModuleInitListener.maybeUnloadModuleOnUnavailable():1386 module IStickerExtension is unavailable
03-09 22:31:20.212 10834 10834 I ModuleManager: ModuleManager$ModuleInitListener.maybeUnloadModuleOnUnavailable():1386 module etr is unavailable
03-09 22:31:20.212 10834 10834 I ModuleManager: ModuleManager$ModuleInitListener.maybeUnloadModuleOnUnavailable():1386 module fcx is unavailable
03-09 22:31:20.212 10834 10834 I ModuleManager: ModuleManager$ModuleInitListener.maybeUnloadModuleOnUnavailable():1386 module how is unavailable
03-09 22:31:20.212 10834 10834 I ModuleManager: ModuleManager$ModuleInitListener.maybeUnloadModuleOnUnavailable():1386 module gzb is unavailable
03-09 22:31:20.212  2064  6093 I android.hardware.sensors@2.1-service.multihal: vendor/qcom/proprietary/adsprpc/src/listener_android.c:116: listener thread starting
03-09 22:31:20.212  2064  4173 I android.hardware.sensors@2.1-service.multihal: vendor/qcom/proprietary/adsprpc/src/fastrpc_perf.c:273: fastrpc_perf_init: enabled systrace 0x0 and RPC traces (kernel 0, dsp 0) with frequency 1000
03-09 22:31:20.212 10834 10834 I ModuleManager: ModuleManager$ModuleInitListener.maybeUnloadModuleOnUnavailable():1386 module hzw is unavailable
03-09 22:31:20.212  2064  6096 I android.hardware.sensors@2.1-service.multihal: vendor/qcom/proprietary/adsprpc/src/log_config.c:348: file_watcher_thread starting for domain 0
03-09 22:31:20.212 10834 10834 I ModuleManager: ModuleManager$ModuleInitListener.maybeUnloadModuleOnUnavailable():1386 module nhr is unavailable
03-09 22:31:20.212  2064  6096 W android.hardware.sensors@2.1-service.multihal: vendor/qcom/proprietary/adsprpc/src/log_config.c:358:file_watcher_thread: Couldn't find file android.hardware.sensors@2.1-service.multihal.farf, errno (No such file or directory)
03-09 22:31:20.213  3163  3231 I LogicalDisplayMapper: Requesting Transition to state: 1, from state=0, interactive=true, mBootCompleted=true
03-09 22:31:20.213 10834 10834 I ModuleManager: ModuleManager$ModuleInitListener.maybeUnloadModuleOnUnavailable():1386 module hhx is unavailable
03-09 22:31:20.213  3163  3231 I LogicalDisplayMapper: Applying layout: [{dispId: 0(ON), displayGroupName: , addr: {port=130, model=0x40446dccee101c}, mThermalBrightnessThrottlingMapId: null, mRefreshRateZoneId: null, mLeadDisplayId: -1, mLeadDisplayAddress: null, mThermalRefreshRateThrottlingMapId: null, mPowerThrottlingMapId: null}], Previous layout: [{dispId: 0(ON), displayGroupName: , addr: {port=130, model=0x40446dccee101c}, mThermalBrightnessThrottlingMapId: null, mRefreshRateZoneId: null, mLeadDisplayId: -1, mLeadDisplayAddress: null, mThermalRefreshRateThrottlingMapId: null, mPowerThrottlingMapId: null}]
03-09 22:31:20.213 10834 10834 I ModuleManager: ModuleManager$ModuleInitListener.maybeUnloadModuleOnUnavailable():1386 module hid is unavailable
03-09 22:31:20.213 10834 10834 I ModuleManager: ModuleManager$ModuleInitListener.maybeUnloadModuleOnUnavailable():1386 module kts is unavailable
03-09 22:31:20.213 10834 10834 I ModuleManager: ModuleManager$ModuleInitListener.maybeUnloadModuleOnUnavailable():1386 module mtm is unavailable
03-09 22:31:20.213  3163  3231 D CLI/Rotation: Set volume keyswap sysprop for rotation 0 lidState CLOSED
03-09 22:31:20.213  3163  3227 D TouchHwAidlService: onStateChanged.. state=1
03-09 22:31:20.213 10834 10834 I HardKeyTracker: HardKeyTracker.unregisterKeySequence():221 Unregister key sequence nul{labelResId=0, callback=gqg@119790f, lastModifier=0, keyCodes=[57, 57], actions=[1, 0]}
03-09 22:31:20.213  3163  3229 D CLI/SmallCLI: onDeviceLidStateChanged: state=CLOSED
03-09 22:31:20.213 10834 10834 I HardKeyTracker: HardKeyTracker.unregisterKeySequence():221 Unregister key sequence nul{labelResId=0, callback=gqg@b554d9c, lastModifier=0, keyCodes=[58, 58], actions=[1, 0]}
03-09 22:31:20.213 10834 10834 I AbstractOpenableExtension: AbstractOpenableExtension.maybeDestroyExistingKeyboardGroupManager():534 Destroy existing keyboard group manager in hjj
03-09 22:31:20.213  3163  3352 W BoostOptController: not supported hint: 118
03-09 22:31:20.214 10834 10834 I ModuleManager: ModuleManager$ModuleInitListener.maybeUnloadModuleOnUnavailable():1386 module IEmojiSearchExtension is unavailable
03-09 22:31:20.214  2064  6093 I android.hardware.sensors@2.1-service.multihal: vendor/qcom/proprietary/adsprpc/src/mod_table.c:703: open_mod_table_open_from_static: reverse module apps_std opened with handle 0x450dfe00 (idx 0)
03-09 22:31:20.214 10834 10834 W NotificationCenter: NotificationCenter$NotificationQueue.notifyPendingNotificationsOnExecutor():877 Heavy notify work detected on UI thread: [miy->nhv, miy->nhv, miy->nhv, miy->nhv, miy->nhv, miy->nhv, miy->nhv, miy->nhv, miy->nhv, miy->nhv, miy->nhv, miy->nhv, miy->nhv, miy->nhv, miy->nhv, miy->nhv, miy->nhv, miy->nhv, miy->nhv, miy->nhv, miy->nhv, neg->nef, neg->nef, neg->nef, neg->nef, neg->nef, neg->nef, neg->nef, neg->nef, neg->nef, neg->nef, neg->nef, neg->nef, neg->nef, neg->nef, neg->nef, neg->nef, neg->nef, kgz->nhv, kgz->nhv, kgz->nhv, kgz->nhv, kgz->nhv, kgz->nhv, kgz->nhv, kgz->nhv, kgz->nhv, neg->nef, neg->nef, neg->nef, neg->nef, neg->nef, neg->nef, neg->nef, neg->nef, neg->nef, neg->nef, neg->nef, neg->nef, neg->nef, neg->nef, neg->nef, neg->nef, neg->nef, neg->nef, neg->nef, neg->nef, neg->nef, neg->nef, neg->nef, neg->nef, neg->nef, neg->nef, neg->nef, neg->nef, neg->nef, neg->nef, neg->nef, neg->nef, neg->nef, neg->nef, neg->nef, neg->nef, neg->nef, neg->nef, neg->nef, neg->nef, neg->nef, neg->nef, neg->nef, neg->nef, neg->nef, neg->nef, neg->nef, neg->nef, neg->nef, neg->nef, neg->nef] takes 98ms
03-09 22:31:20.214 10834 10834 I ModuleManager: ModuleManager$ModuleInitListener.maybeUnloadModuleOnUnavailable():1386 module ehz is unavailable
03-09 22:31:20.214 10834 10834 I ExpressiveConceptsPredictionModuleImpl: ExpressiveConceptsPredictionModuleImpl.onDestroy():80 onDestroy()
03-09 22:31:20.214 10834 10834 I ModuleManager: ModuleManager$ModuleInitListener.maybeUnloadModuleOnUnavailable():1386 module hll is unavailable
03-09 22:31:20.214 10834 10834 I ModuleManager: ModuleManager$ModuleInitListener.maybeUnloadModuleOnUnavailable():1386 module eou is unavailable
03-09 22:31:20.214 10834 10834 I ModuleManager: ModuleManager$ModuleInitListener.maybeUnloadModuleOnUnavailable():1386 module fpp is unavailable
03-09 22:31:20.214 10834 10834 I ModuleManager: ModuleManager$ModuleInitListener.maybeUnloadModuleOnUnavailable():1386 module ndq is unavailable
03-09 22:31:20.214  2064  6093 I android.hardware.sensors@2.1-service.multihal: vendor/qcom/proprietary/adsprpc/src/apps_std_imp.c:860: Successfully opened file /vendor/dsp/adsp/libsns_device_mode_skel.so
03-09 22:31:20.214 10834 10834 I ModuleManager: ModuleManager$ModuleInitListener.maybeUnloadModuleOnUnavailable():1386 module lgk is unavailable
03-09 22:31:20.214 10834 10834 I ModuleManager: ModuleManager$ModuleInitListener.maybeUnloadModuleOnUnavailable():1386 module lvf is unavailable
03-09 22:31:20.214 10834 10834 I ModuleManager: ModuleManager$ModuleInitListener.maybeUnloadModuleOnUnavailable():1386 module mar is unavailable
03-09 22:31:20.214 10834 10834 I ModuleManager: ModuleManager$ModuleInitListener.maybeUnloadModuleOnUnavailable():1386 module ndj is unavailable
03-09 22:31:20.214 10834 10834 I ModuleManager: ModuleManager$ModuleInitListener.maybeUnloadModuleOnUnavailable():1386 module nuv is unavailable
03-09 22:31:20.214 10834 10834 I ModuleManager: ModuleManager$ModuleInitListener.maybeUnloadModuleOnUnavailable():1386 module okt is unavailable
03-09 22:31:20.215 10834 10834 I ModuleManager: ModuleManager$ModuleInitListener.maybeUnloadModuleOnUnavailable():1386 module lgl is unavailable
03-09 22:31:20.215 10834 10834 I GoogleInputMethodService: GoogleInputMethodService.onDestroy():968 Maybe update OEM display config because of service destruction
03-09 22:31:20.216 10834 10834 I DeviceModeModule: DeviceModeModule.calculateAndNotify():197 Window metrics is not available, fallback to app context.
03-09 22:31:20.216 10834 10834 I DeviceModeModule: DeviceModeModule.calculateAndNotify():224 Device mode 'phone' from display metrics 'DisplayMetrics{density=0.0, width=1080, height=2640, scaledDensity=0.0, xdpi=397.565, ydpi=435.428}' or smallestScreenWidthDp: 411
03-09 22:31:20.216 10834 10834 I GoogleInputMethodService: GoogleInputMethodService.clearInputMethodServiceData():1030 clearInputMethodServiceData for onDestroy
03-09 22:31:20.217 10834 10834 I GoogleInputMethodService: GoogleInputMethodService.discardAllKeyboardViewAndInputView():1262 discardAllKeyboardViewAndInputView()
03-09 22:31:20.218 10834 10834 I InputMethodEntryManager: InputMethodEntryManager.notifyCurrentInputMethodEntryOnContextChanged():545 notifyCurrentInputMethodEntryOnContextChanged()
03-09 22:31:20.218 10834 10834 I InputMethodEntryManager: InputMethodEntryManager.notifyCurrentInputMethodEntryOnContextChanged():566 Notify current input method entry changed on context change
03-09 22:31:20.218 10834 10834 I KeyboardThemeProvider: KeyboardThemeProvider.reset():39 Reset keyboard theme
03-09 22:31:20.218 10834 10834 I KeyboardContextProvider: KeyboardContextProvider.setBaseContextAndInvalidKeyboardContextCache():88 setBaseContextAndInvalidKeyboardContextCache(): null
03-09 22:31:20.223  2064  4173 E android.hardware.sensors@2.1-service.multihal: vendor/qcom/proprietary/adsprpc/src/fastrpc_apps_user.c:1491: Error 0x80000406: remote_handle_open_domain: dynamic loading failed for file:///libsns_device_mode_skel.so?sns_device_mode_skel_handle_invoke&_modver=1.0&_dom=adsp on domain 0 (dlerror segment 0 failed hash verification(0xE0522000 B)) (errno Success)
03-09 22:31:20.223  2064  4173 E android.hardware.sensors@2.1-service.multihal: vendor/qcom/proprietary/adsprpc/src/fastrpc_apps_user.c:1550: Error 0x80000406: remote_handle64_open failed for file:///libsns_device_mode_skel.so?sns_device_mode_skel_handle_invoke&_modver=1.0&_dom=adsp (errno Success)
03-09 22:31:20.223  2064  4173 I sensors-hal: sns_device_mode_init:262, sns_device_mode_init End
03-09 22:31:20.223  2064  4173 E sensors-hal: sendDeviceMode:287, mot_flip: one or mode handles unopened: dm 0 rpc 1
03-09 22:31:20.224  2064  4173 E android.hardware.sensors@2.1-service.multihal: vendor/qcom/proprietary/adsprpc/src/fastrpc_apps_user.c:1366: Error 0x80000600: remote_handle_invoke failed for handle 0x0, method 1 on domain 0 (sc 0x1010200) (errno Success)
03-09 22:31:20.224  2064  4173 E android.hardware.sensors@2.1-service.multihal: vendor/qcom/proprietary/adsprpc/src/fastrpc_apps_user.c:1575: Error 0x80000600: remote_handle_close failed for handle 0x0 (dlerr \) (errno Success)
03-09 22:31:20.224  2064  4173 I android.hardware.sensors@2.1-service.multihal: vendor/qcom/proprietary/adsprpc/src/fastrpc_apps_user.c:2737: domain_deinit for domain 0: dev 74
03-09 22:31:20.224  2300  4967 I SurfaceFlinger: mBrightnessDiming=0, isCli=1, mBrightnessDimingCnt=0
03-09 22:31:20.225  2064  6093 E android.hardware.sensors@2.1-service.multihal: vendor/qcom/proprietary/adsprpc/src/fastrpc_apps_user.c:3516: exit_thread current process1 thread exit nErr = 0x8000040d domain 0, handle 0xb400007d1aea9f50
03-09 22:31:20.226  2064  6096 W android.hardware.sensors@2.1-service.multihal: vendor/qcom/proprietary/adsprpc/src/log_config.c:368:Warning: file_watcher_thread received exit for domain 0, file android.hardware.sensors@2.1-service.multihal.farf
03-09 22:31:20.226  2064  6096 I android.hardware.sensors@2.1-service.multihal: vendor/qcom/proprietary/adsprpc/src/log_config.c:415: file_watcher_thread exiting for domain 0
03-09 22:31:20.226  2064  4173 I android.hardware.sensors@2.1-service.multihal: vendor/qcom/proprietary/adsprpc/src/mod_table.c:789: open_mod_table_close: closed reverse module apps_std with handle 0x450dfe00
03-09 22:31:20.227  2064  4173 E android.hardware.sensors@2.1-service.multihal: vendor/qcom/proprietary/adsprpc/src/fastrpc_apps_user.c:1614: Error 0x80000600: remote_handle64_close failed for handle 0xb400007d1aea9f50 remote handle 0x0 (errno Success)
03-09 22:31:20.229  3163  4279 I CLI/Transition_Device: lid state changed: CLOSED -> OPEN, device state changed to CLOSED
03-09 22:31:20.230  3163  4279 D CLI/Transition_Lid: update lid state OPEN
03-09 22:31:20.231  3163  3202 W WindowManager: Cannot find window which accessibility connection is added to
03-09 22:31:20.233  3163  3163 I BrightnessSynchronizer: New Update: {[2851] 0.15976538(f), mUpdatedTypes=0, mConfirmedTypes=0, mTimeUpdated=0, mState=2}
03-09 22:31:20.233  3163  7441 W WindowManager: Failed looking up window session=Session{aad39a 10834:u0a10310} callers=com.android.server.wm.WindowManagerService.removeClientToken:2330 com.android.server.wm.Session.remove:275 android.view.IWindowSession$Stub.onTransact:734 
03-09 22:31:20.233  3163  7441 W WindowManager: win is null client=android.os.BinderProxy@a216057
03-09 22:31:20.235  3163  4279 W InputDispatcher: Focused display #0 does not have a focused window.
03-09 22:31:20.235  3163  4279 E InputDispatcher: But another display has a focused window
03-09 22:31:20.235  3163  4279 E InputDispatcher:   FocusedWindows:
03-09 22:31:20.235  3163  4279 E InputDispatcher:     displayId=1, name='2b129fe Venus-Home'
03-09 22:31:20.238  6461  6564 I Capsense_Cal: Sensor GetEvents event_count==1
03-09 22:31:20.238  6461  6564 D Capsense_Cal: SensorThread sensorEvents
03-09 22:31:20.238  6461  6564 D Capsense_Cal: Capsensor hallEventHandler sensorEvents->data[0]==1.000000
03-09 22:31:20.238  6461  6564 D Capsense_Cal: start cal : /sys/class/capsense/capsense1/reset, msg: flip_far
03-09 22:31:20.240  6461  6564 D Capsense_Cal: start cal : /sys/class/capsense/capsense0/reset, msg: flip_far
03-09 22:31:20.242  3163  3231 W AccessibilityWindowsPopulator: The displayInfo of this displayId (0) called back from the surface fligner is null
03-09 22:31:20.243  3163  3227 D TouchHwAidlService: onTapToWakeSettingsChanged isAmbientDisplayAvailable=1 aodEnable=true singleTapEnable=true doubleTapEnable=true lidState=1 callers=com.motorola.server.display.TouchHwAidlService.-$$Nest$monTapToWakeSettingsChanged:0 com.motorola.server.display.TouchHwAidlService$4.onChange:573 android.database.ContentObserver.onChange:184 
03-09 22:31:20.243  3163  3227 D TouchHwAidlService: enableTapWake mode=33 displayId=0 mGestureStowMode=true
03-09 22:31:20.243  2106  2106 I motorola.hardware.display.touch-service: Setting Gesture to 33
03-09 22:31:20.243  3163  3227 D TouchHwAidlService: setGestureModeHal done mode=33 newMode=33 result=0
03-09 22:31:20.244  3163  3227 D TouchHwAidlService: enableTapWake mode=33 displayId=1 mGestureStowMode=true
03-09 22:31:20.244  3163  3227 D TouchHwAidlService: transfer mode=33 transMode=32 cli=true
03-09 22:31:20.244  2106  2106 I motorola.hardware.display.touch-service: Setting CLI Gesture to 32
03-09 22:31:20.244  3163  3227 D TouchHwAidlService: setCliGestureModeHal done mode=33 newMode=32 result=0
03-09 22:31:20.244  3163  3227 D TouchHwAidlService: enableTapWake mode=49 displayId=-1 mGestureStowMode=true
03-09 22:31:20.244  2106  2106 I motorola.hardware.display.touch-service: Setting Gesture to 49
03-09 22:31:20.244  3163  3227 D TouchHwAidlService: setGestureModeHal done mode=49 newMode=49 result=0
03-09 22:31:20.244  3163  3227 D TouchHwAidlService: transfer mode=49 transMode=48 cli=true
03-09 22:31:20.244  2106  2106 I motorola.hardware.display.touch-service: Setting CLI Gesture to 48
03-09 22:31:20.244  3163  3227 D TouchHwAidlService: setCliGestureModeHal done mode=49 newMode=48 result=0
03-09 22:31:20.244  3163  3227 D TouchHwAidlService: Unregister stow sensor
03-09 22:31:20.244  3163  3227 W AlarmManager: Unrecognized alarm listener com.motorola.server.display.TouchHwAidlService$AlarmListenerImpl@de23d8f
03-09 22:31:20.245  3163  3227 D TouchHwAidlService: Unregister stow sensor
03-09 22:31:20.245  3163  3227 W AlarmManager: Unrecognized alarm listener com.motorola.server.display.TouchHwAidlService$AlarmListenerImpl@de23d8f
03-09 22:31:20.245  3163  3227 D TouchHwAidlService: Unregister stow sensor
03-09 22:31:20.245  3163  3227 W AlarmManager: Unrecognized alarm listener com.motorola.server.display.TouchHwAidlService$AlarmListenerImpl@de23d8f
03-09 22:31:20.245  3163  3227 D TouchHwAidlService: enableGestureStowMode stowed: false
03-09 22:31:20.245  2106  2106 I motorola.hardware.display.touch-service: Setting stow gesture mode to 0 for panel 1
03-09 22:31:20.250  3163  7496 W InputManager-JNI: Input channel object '[Gesture Monitor] moto_actions_input_channel (client)' was disposed without first being removed with the input manager!
03-09 22:31:20.250 10834 10834 W WindowTokenClientController: Can't find attached WindowTokenClient for android.window.WindowTokenClient@9a29fc8
03-09 22:31:20.251  3163  3227 D TouchHwAidlService: setStowGestureMode for cli stowed=false ret=0
03-09 22:31:20.251  3163  3227 D TouchHwAidlService: enableGestureStowMode stowed: false
03-09 22:31:20.251  2106  2106 I motorola.hardware.display.touch-service: Setting stow gesture mode to 0 for panel 1
03-09 22:31:20.251  3163  3227 D TouchHwAidlService: setStowGestureMode for cli stowed=false ret=0
03-09 22:31:20.251  3163  3227 D TouchHwAidlService: enableGestureStowMode stowed: false
03-09 22:31:20.251  2106  2106 I motorola.hardware.display.touch-service: Setting stow gesture mode to 0 for panel 1
03-09 22:31:20.252  3163  3227 D TouchHwAidlService: setStowGestureMode for cli stowed=false ret=0
03-09 22:31:20.253  6344  6344 I WindowController: window interactive state updated to false
03-09 22:31:20.254  7314  7314 D GameMode: mCLIStatusReceiver: 1
03-09 22:31:20.254  7314  7314 D GameMode: exiting game mode
03-09 22:31:20.257  3706  3714 I android.hardware.thermal@2.0-service.qti-v2: Sensor Name:skin1 temp: 39.153. prev severity:3. cur severity:0 New severity:0
03-09 22:31:20.257  7314  7314 D GameMode: isFeatureSupported: true
03-09 22:31:20.257  7314  7314 D GameMode: isFeatureSupported: true
03-09 22:31:20.258  7314  7314 D GameMode: reset : false
03-09 22:31:20.258 10834 10834 I AbstractOpenableExtension: AbstractOpenableExtension$3.onSuccess():552 KeyboardGroupManager destroyed in ezz.
03-09 22:31:20.258 10834 10834 I AbstractOpenableExtension: AbstractOpenableExtension$3.onSuccess():552 KeyboardGroupManager destroyed in hme.
03-09 22:31:20.258 10834 10834 I AbstractOpenableExtension: AbstractOpenableExtension$3.onSuccess():552 KeyboardGroupManager destroyed in hjj.
03-09 22:31:20.258  2723 16663 I CameraService: Previous DeviceState : 4 New DeviceState : 0
03-09 22:31:20.261  5625  5625 D SCliNotifPanelController: onLidOpen
03-09 22:31:20.261  2186  2186 I CamxPrvdr@2.7-legacy: notifyDeviceStateChange: New device state: 0x0
03-09 22:31:20.261  5625  5625 V SmallCli_WindowController: state=SmallCli window State {
03-09 22:31:20.261  5625  5625 V SmallCli_WindowController:   mBrightnessVisible: false
03-09 22:31:20.261  5625  5625 V SmallCli_WindowController:   mDynamicPanelVisible: false
03-09 22:31:20.261  5625  5625 V SmallCli_WindowController:   mFlashLightPrompt: false
03-09 22:31:20.261  5625  5625 V SmallCli_WindowController:   mHeadsUpPanelVisible: false
03-09 22:31:20.261  5625  5625 V SmallCli_WindowController:   mKeyguardOccluded: false
03-09 22:31:20.261  5625  5625 V SmallCli_WindowController:   mLidOpen: true
03-09 22:31:20.261  5625  5625 V SmallCli_WindowController:   mNotificationVisible: false
03-09 22:31:20.261  5625  5625 V SmallCli_WindowController:   mPowerMenuVisible: false
03-09 22:31:20.261  5625  5625 V SmallCli_WindowController:   mQsVisible: false
03-09 22:31:20.261  5625  5625 V SmallCli_WindowController:   mVolumeVisible: false
03-09 22:31:20.261  5625  5625 V SmallCli_WindowController: }
03-09 22:31:20.261  2186  2186 I CamxComm1.0-CamModule: notifyDeviceStateChange: calling notify_device_state_change with state 0
03-09 22:31:20.261  2186  2186 D CamX    : [DEBUG][HAL    ] camxhal3module.cpp:411 NotifyDeviceStateChange() New Device State: 0
03-09 22:31:20.262  7314  7314 D GameMode: isFeatureSupported: true
03-09 22:31:20.262  2067  8157 D AHAL: AudioDevice: SetParameters: 1564: enter: cli_state=open
03-09 22:31:20.262  2067  8157 D AHAL: AudioVoice: VoiceSetParameters: 87: Enter params: cli_state=open
03-09 22:31:20.262  2067  8157 D AHAL: AudioVoice: VoiceSetParameters: 360: Exit ret: 0
03-09 22:31:20.262  2067  8157 D AHAL: FM: fm_set_parameters: 262: Enter
03-09 22:31:20.262  2067  8157 D AHAL: FM: fm_set_parameters: 320: exit
03-09 22:31:20.262  2067  8157 D AHAL: AudioDevice: SetParameters: 2361: exit: cli_state=open
03-09 22:31:20.264  6344  6675 D Surface : Surface::disconnect
03-09 22:31:20.264  6344  6675 D BufferQueueProducer: [Venus-Home#15355(BLAST Consumer)pid:6344](id:18c800000092,api:1,p:6344,c:6344) disconnect: api 1
03-09 22:31:20.272  5705  5705 D GameModeDetector: notifyGameModeStatusValue, value=false
03-09 22:31:20.272  5705  5705 D DaxService: sendGameModeIntent, state=false
03-09 22:31:20.273  3163  4279 D CLI/Transition_Lid: started waiting for displaygroup 1 off. needMove:false, wakeForContinuityAtWill:false
03-09 22:31:20.273  3163  4279 I PowerGroup: Sleeping power group (groupId=1, uid=1000, reason=lid_switch)...
03-09 22:31:20.273  3163  3163 I WindowManager: Started going to sleep... (groupId=1 why=OFF_BECAUSE_OF_USER) notifySleepToKeyguard=false lidState=1 pmSleepReason=lid_switch
03-09 22:31:20.273  3163  4279 D PowerManagerService: ignore setGlobalWakefulnessLocked 0 due to lid state change.
03-09 22:31:20.274  3163  3352 I DisplayPowerController2[1]: 03-09 22:31:20.273 - BrightnessEvent: disp=1, physDisp=local:4630947043778501763, displayState=ON, displayPolicy=OFF, brt=0.11330462, initBrt=0.11330462, rcmdBrt=0.11330462, preBrt=NaN, lux=8.3, preLux=NaN, brtNits=19.517422, hdrNits=NaN, initNits=19.517422, preNits=NaN, rcmdNits=19.517422, hdrBrightness=NaN, brt(%)=15%, brtInt=30, hbmPolicy=normal, hbmMax=0.7660316, hbmMode=off, rbcStrength=-1, thrmMax=1.0, powerFactor=1.0, wasShortTermModelActive=false, flags=, reason=automatic, autoBrightness=true, strategy=InvalidBrightnessStrategy, autoBrightnessMode=default
03-09 22:31:20.274 10834  6097 I DeviceStatusMonitor: DeviceStatusMonitor.handleBroadcast():138 onReceive() : Action = android.intent.action.SCREEN_ON
03-09 22:31:20.274  3163  3352 I DisplayPowerController2[1]: Blocking screen off
03-09 22:31:20.274  3163  3352 I WindowManager: Display 1 turning off...
03-09 22:31:20.274  3163  3352 I DisplayPowerController2[1]: Unblocked screen off after 0 ms
03-09 22:31:20.274 10834  6097 I DeviceStatusMonitor: DeviceStatusMonitor.updateCountryInfo():154 updateCountryInfo(), notifyAnyway = false
03-09 22:31:20.275  3163  3352 I WindowManager: Display1 turned off...
03-09 22:31:20.275  3163  3352 I DisplayBrightnessStrategySelector: Changing the DisplayBrightnessStrategy from InvalidBrightnessStrategy to ScreenOffBrightnessStrategy for display 1
03-09 22:31:20.275  3163  3229 D CLI/SmallCLI: onScreenTurnedOff: 
03-09 22:31:20.275  2064  2064 I sensors-hal: activate:173, com.motorola.sensor.alternate_light/65959 en=0
03-09 22:31:20.276  2064  2064 I sensors-hal: activate:184, com.motorola.sensor.alternate_light/65959 en=0 completed
03-09 22:31:20.276  2061  2108 E minksocket: MinkIPC_QRTR_Service: client with node 1 port 43f6 went down
03-09 22:31:20.278 14753 14786 D DolbyDaxUI: getDeviceType, active device is 0x2
03-09 22:31:20.279 14753 14786 D DolbyDaxUI: getDeviceType, active device is 0x2
03-09 22:31:20.285  2061  2108 E minksocket: MinkIPC_QRTR_Service: client with node 1 port 43dd went down
03-09 22:31:20.285  2061  2108 E minksocket: MinkIPC_QRTR_Service: client with node 1 port 43e2 went down
03-09 22:31:20.285  2061  2108 E minksocket: MinkIPC_QRTR_Service: client with node 1 port 43e0 went down
03-09 22:31:20.285  2061  2108 E minksocket: MinkIPC_QRTR_Service: client with node 1 port 43c6 went down
03-09 22:31:20.287  3163  5216 W AccessibilityWindowsPopulator: The displayInfo of this displayId (0) called back from the surface fligner is null
03-09 22:31:20.289  2067  8157 D DlbDapEffectContext: DapEffectContext[0xb400007ca4048450] getDapParameter() outval size = 12, ret = 0
03-09 22:31:20.290  2067  8157 D DlbDapEffectContext: DapEffectContext[0xb400007ca4048450] getDapParameter() outval size = 12, ret = 0
03-09 22:31:20.290  5705 11834 D DolbyAudioEffectHelper: getDolbyStatus enabled=true profile=0
03-09 22:31:20.290  5705 11834 D DolbyProvider: true, profile=0
03-09 22:31:20.291  3163  3352 V DisplayPowerController2[1]: Brightness [0.0] reason changing to: 'screen_off', previous reason: 'automatic'.
03-09 22:31:20.291  3163  3352 I DisplayPowerController2[1]: 03-09 22:31:20.291 - BrightnessEvent: disp=1, physDisp=local:4630947043778501763, displayState=OFF, displayPolicy=OFF, brt=0.0, initBrt=0.11330462, rcmdBrt=NaN, preBrt=NaN, lux=0.0, preLux=0.0, brtNits=3.3701954, hdrNits=NaN, initNits=19.517422, preNits=NaN, rcmdNits=NaN, hdrBrightness=NaN, brt(%)=0%, brtInt=1, hbmPolicy=normal, hbmMax=0.7660316, hbmMode=off, rbcStrength=-1, thrmMax=1.0, powerFactor=1.0, wasShortTermModelActive=false, flags=, reason=screen_off, autoBrightness=true, strategy=ScreenOffBrightnessStrategy, autoBrightnessMode=default
03-09 22:31:20.292  3163  3231 D DisplayManagerService: Ignore redundant display event 1/4 to 10416/12048
03-09 22:31:20.292  3163  5308 D TouchHwAidlService: setCliDisplayState: mCliScreenOff=true
03-09 22:31:20.292  3163  3231 I DisplayDeviceRepository: Display device changed state: "HDMI Screen", OFF
03-09 22:31:20.293  3163  5308 D TouchHwAidlService: onTapToWakeSettingsChanged isAmbientDisplayAvailable=1 aodEnable=true singleTapEnable=true doubleTapEnable=true lidState=1 callers=com.motorola.server.display.TouchHwAidlService.setCliDisplayState:554 com.motorola.server.MotoExtHwService$MotoExtHwManagerInternal.setCliDisplayState:454 com.android.server.display.LocalDisplayAdapter$LocalDisplayDevice$1.setDisplayState:1082 
03-09 22:31:20.293  3163  5308 D TouchHwAidlService: enableTapWake mode=33 displayId=0 mGestureStowMode=true
03-09 22:31:20.293  2106  2106 I motorola.hardware.display.touch-service: Setting Gesture to 33
03-09 22:31:20.293  3163  5308 D TouchHwAidlService: setGestureModeHal done mode=33 newMode=33 result=0
03-09 22:31:20.293  3163  3231 I InputManager-JNI: Viewport [0] to add: local:4630947043778501762, isActive: false
03-09 22:31:20.294  3163  3231 I InputManager-JNI: Viewport [1] to add: local:4630947043778501763, isActive: false
03-09 22:31:20.294  3163  3163 I BrightnessSynchronizer: New Update: {[2852] 0.15976538(f), mUpdatedTypes=0, mConfirmedTypes=0, mTimeUpdated=0, mState=2}
03-09 22:31:20.294  3163  3227 D TouchHwAidlService: Unregister stow sensor
03-09 22:31:20.294  3163  3227 W AlarmManager: Unrecognized alarm listener com.motorola.server.display.TouchHwAidlService$AlarmListenerImpl@de23d8f
03-09 22:31:20.294  3163  3227 D TouchHwAidlService: enableGestureStowMode stowed: false
03-09 22:31:20.294  2106  2106 I motorola.hardware.display.touch-service: Setting stow gesture mode to 0 for panel 1
03-09 22:31:20.294  3163  3227 D TouchHwAidlService: setStowGestureMode for cli stowed=false ret=0
03-09 22:31:20.294  3163  3227 D TouchHwAidlService: updateCliDisplayState: mCliScreenOn=false
03-09 22:31:20.294  3163  3229 D ActivityTaskManager: Top Process State changed to PROCESS_STATE_TOP
03-09 22:31:20.295  3163  3229 V WindowManager: Content Recording: Display 1 state was (2), is now (1), so update recording?
03-09 22:31:20.295  5625  5669 V WindowManagerShell: Transition requested (#1236): android.os.BinderProxy@5635312 TransitionRequestInfo { type = WAKE, triggerTask = null, pipTask = null, remoteTransition = null, displayChange = null, flags = 0, debugId = 1236 }
03-09 22:31:20.295  3163  3229 D CLI/Transition: displaygroup 1, state OFF, pendingdisplaygroup 1
03-09 22:31:20.295  3163  3229 W SurfaceControl: Invalid layer stack -1
03-09 22:31:20.295  3163  3229 I DisplayDevice: [1] Layerstack set to -1 for local:4630947043778501763 mDisplayToken=android.os.BinderProxy@433f576 t=Transaction{mNativeObject=-5476376673043392304, mHashCode=0}
03-09 22:31:20.296  3163  4279 I PowerGroup: Waking up power group from Asleep (groupId=0, uid=1000, reason=WAKE_REASON_LID, details=cli: lid state change)...
03-09 22:31:20.296  3163  4279 W BoostOptController: not supported hint: 118
03-09 22:31:20.296  3163  3231 D PanelsService: updateCliDisplayState: mCliScreenState=OFF
03-09 22:31:20.296  3163  4279 D CLI/Transition_Lid: finished waiting for displaygroup 1 off.
