03-09 22:32:08.316  5625  5920 E QuickAccessWalletKeyguardQuickAffordanceConfig: Wallet card retrieval error, message: "Unable to load your payment info"
03-09 22:32:08.324  2300  2300 E Scheduler: trackPendingFrame: Invalid present fence
03-09 22:32:08.327  5625  5669 D ShellSplitScreen: onFinishedWakingUp
03-09 22:32:08.330  3163  3352 V DisplayPowerController2[1]: Brightness [0.11203922] reason changing to: 'automatic', previous reason: 'manual'.
03-09 22:32:08.330  3163  3352 I DisplayPowerController2[1]: 03-09 22:32:08.330 - BrightnessEvent: disp=1, physDisp=local:4630947043778501763, displayState=ON, displayPolicy=BRIGHT, brt=0.11203922, initBrt=0.17434339, rcmdBrt=0.11203922, preBrt=NaN, lux=8.2, preLux=NaN, brtNits=19.268309, hdrNits=NaN, initNits=36.536957, preNits=NaN, rcmdNits=19.268309, hdrBrightness=NaN, brt(%)=15%, brtInt=29, hbmPolicy=normal, hbmMax=0.7660316, hbmMode=off, rbcStrength=-1, thrmMax=1.0, powerFactor=1.0, wasShortTermModelActive=false, flags=, reason=automatic, autoBrightness=true, strategy=InvalidBrightnessStrategy, autoBrightnessMode=default
03-09 22:32:08.330  2300  2446 I SurfaceFlinger: mBrightnessDiming=1, isCli=1, mBrightnessDimingCnt=0
03-09 22:32:08.332  3163  3163 I BrightnessSynchronizer: New Update: {[2871] 0.15860511(f), mUpdatedTypes=1, mConfirmedTypes=0, mTimeUpdated=0, mState=2}
03-09 22:32:08.332  3163  3163 I BrightnessSynchronizer: [2871] New Update 0.15860511(f) set brightness values:  41(i)
03-09 22:32:08.332  3163  3163 I BrightnessSynchronizer: New PendingUpdate: {[2872] 0.15860511(f), mUpdatedTypes=0, mConfirmedTypes=0, mTimeUpdated=0, mState=1}, prev=null
03-09 22:32:08.332  3163  3163 I BrightnessSynchronizer: Swallowing update of 41(i) by update: {[2871] 0.15860511(f), mUpdatedTypes=1, mConfirmedTypes=1, mTimeUpdated=26818320, mState=2}
03-09 22:32:08.332  3163  3163 I BrightnessSynchronizer: Completed Update: {[2871] 0.15860511(f), mUpdatedTypes=1, mConfirmedTypes=1, mTimeUpdated=26818320, mState=3}
03-09 22:32:08.332  3163  3163 I BrightnessSynchronizer: New Update: {[2872] 0.15860511(f), mUpdatedTypes=0, mConfirmedTypes=0, mTimeUpdated=0, mState=2}
03-09 22:32:08.335  3163  7414 W InputDispatcher: Focused display #1 does not have a focused window.
03-09 22:32:08.336  3163  3231 W AccessibilityWindowsPopulator: The displayInfo of this displayId (0) called back from the surface fligner is null
03-09 22:32:08.338  3163  3231 V WindowManager: Unknown focus tokens, dropping reportFocusChanged
03-09 22:32:08.339  6344  6344 W libc    : Access denied finding property "vendor.display.enable_optimal_refresh_rate"
03-09 22:32:08.339  6344  6344 W libc    : Access denied finding property "vendor.gpp.create_frc_extension"
03-09 22:32:08.344  3163  3231 W AccessibilityWindowsPopulator: The displayInfo of this displayId (0) called back from the surface fligner is null
03-09 22:32:08.346  2300  2300 E Scheduler: trackPendingFrame: Invalid present fence
03-09 22:32:08.362  2300  2300 E Scheduler: trackPendingFrame: Invalid present fence
03-09 22:32:08.374  2064  2064 I sensors-hal: flush:235, android.sensor.accelerometer/11
03-09 22:32:08.374  2064  2064 I sensors-hal: send_sync_sensor_request:341, send sync request
03-09 22:32:08.374  2064  2064 I sensors-hal: send_sync_sensor_request:367, wait for notification of response
03-09 22:32:08.376  2064  5194 I sensors-hal: ssc_conn_resp_cb:632, resp_value = 0
03-09 22:32:08.376  2064  2064 I sensors-hal: send_sync_sensor_request:373, takes 2 ms to receive the response with 0
03-09 22:32:08.376  2064  2064 I sensors-hal: flush:241, android.sensor.accelerometer/11 completed
03-09 22:32:08.377  7150  8001 D WeatherApi: isOWeather: true
03-09 22:32:08.381  2300  2300 E Scheduler: trackPendingFrame: Invalid present fence
03-09 22:32:08.385  3163  4298 I ImeTracker: com.motorola.launcher.secondarydisplay:ec0442ff: onRequestHide at ORIGIN_SERVER reason HIDE_UNSPECIFIED_WINDOW fromUser false
03-09 22:32:08.385  3163  4298 I ImeTracker: com.motorola.launcher.secondarydisplay:ec0442ff: onCancelled at PHASE_SERVER_SHOULD_HIDE
03-09 22:32:08.386  7306  7306 D InsetsController: hide(ime(), fromIme=true)
03-09 22:32:08.388  7306  7306 I ImeTracker: com.citymapper.app.release:52c3cdfa: onRequestHide at ORIGIN_CLIENT reason HIDE_SOFT_INPUT_BY_INSETS_API fromUser false
03-09 22:32:08.388  7306  7306 I ImeTracker: com.citymapper.app.release:52c3cdfa: onCancelled at PHASE_CLIENT_APPLY_ANIMATION
03-09 22:32:08.389 10834 10834 I GoogleInputMethodService: GoogleInputMethodService.onFinishInput():2097 
03-09 22:32:08.390 10834 10834 I Module  : DeviceLockedStatusModuleProvider$Module.updateDeviceLockedStatus():103 repeatCheckTimes = 0, locked = false
03-09 22:32:08.391 10834 10834 W SessionManager: SessionManager.endSession():88 Try to end a not begun session [INPUT_SESSION].
03-09 22:32:08.391 10834 10834 I GoogleInputMethodService: GoogleInputMethodService.onDestroy():934 
03-09 22:32:08.391 10834 10834 I GlobeKeyExtension: GlobeKeyExtension.onDestroyExtension():162 
03-09 22:32:08.391 10834 10834 I ModuleManager: ModuleManager$ModuleInitListener.maybeUnloadModuleOnUnavailable():1386 module lvk is unavailable
03-09 22:32:08.391 10834 10834 I HardKeyTracker: HardKeyTracker.unregisterKeySequence():221 Unregister key sequence nul{labelResId=2132020475, callback=cnx@efa91c8, lastModifier=2, keyCodes=[47], actions=[0]}
03-09 22:32:08.391 10834 10834 I ModuleManager: ModuleManager$ModuleInitListener.maybeUnloadModuleOnUnavailable():1386 module eci is unavailable
03-09 22:32:08.391 10834 10834 I ModuleManager: ModuleManager$ModuleInitListener.maybeUnloadModuleOnUnavailable():1386 module hvi is unavailable
03-09 22:32:08.391 10834 10834 I ModuleManager: ModuleManager$ModuleInitListener.maybeUnloadModuleOnUnavailable():1386 module mhz is unavailable
03-09 22:32:08.391 10834 10834 I ModuleManager: ModuleManager$ModuleInitListener.maybeUnloadModuleOnUnavailable():1386 module mia is unavailable
03-09 22:32:08.391 10834 10834 I ModuleManager: ModuleManager$ModuleInitListener.maybeUnloadModuleOnUnavailable():1386 module mib is unavailable
03-09 22:32:08.391 10834 10834 I ModuleManager: ModuleManager$ModuleInitListener.maybeUnloadModuleOnUnavailable():1386 module mic is unavailable
03-09 22:32:08.391 10834 10834 I ModuleManager: ModuleManager$ModuleInitListener.maybeUnloadModuleOnUnavailable():1386 module mie is unavailable
03-09 22:32:08.391 10834 10834 I ModuleManager: ModuleManager$ModuleInitListener.maybeUnloadModuleOnUnavailable():1386 module mii is unavailable
03-09 22:32:08.391 10834 10834 I ModuleManager: ModuleManager$ModuleInitListener.maybeUnloadModuleOnUnavailable():1386 module mtq is unavailable
03-09 22:32:08.392 10834 10834 I HardKeyTracker: HardKeyTracker.unregisterKeySequence():221 Unregister key sequence nul{labelResId=0, callback=lkj@f27939d, lastModifier=0, keyCodes=[204], actions=[0]}
03-09 22:32:08.392 10834 10834 I ModuleManager: ModuleManager$ModuleInitListener.maybeUnloadModuleOnUnavailable():1386 module mts is unavailable
03-09 22:32:08.392 10834 10834 I ModuleManager: ModuleManager$ModuleInitListener.maybeUnloadModuleOnUnavailable():1386 module nyc is unavailable
03-09 22:32:08.392 10834 10834 I ModuleManager: ModuleManager$ModuleInitListener.maybeUnloadModuleOnUnavailable():1386 module ljh is unavailable
03-09 22:32:08.392 10834 10834 I ModuleManager: ModuleManager$ModuleInitListener.maybeUnloadModuleOnUnavailable():1386 module ewi is unavailable
03-09 22:32:08.392 10834 10834 I ModuleManager: ModuleManager$ModuleInitListener.maybeUnloadModuleOnUnavailable():1386 module fol is unavailable
03-09 22:32:08.392 10834 10834 I ModuleManager: ModuleManager$ModuleInitListener.maybeUnloadModuleOnUnavailable():1386 module fub is unavailable
03-09 22:32:08.393 10834 10834 I ModuleManager: ModuleManager$ModuleInitListener.maybeUnloadModuleOnUnavailable():1386 module fvu is unavailable
03-09 22:32:08.393 10834 10834 I ModuleManager: ModuleManager$ModuleInitListener.maybeUnloadModuleOnUnavailable():1386 module gfa is unavailable
03-09 22:32:08.393 10834 10834 I ModuleManager: ModuleManager$ModuleInitListener.maybeUnloadModuleOnUnavailable():1386 module ggo is unavailable
03-09 22:32:08.393 10834 10834 I ModuleManager: ModuleManager$ModuleInitListener.maybeUnloadModuleOnUnavailable():1386 module gjm is unavailable
03-09 22:32:08.395 10834 10834 I JapaneseMozcExtension: JapaneseMozcExtension.onDestroy():52 
03-09 22:32:08.395 10834 10834 I ModuleManager: ModuleManager$ModuleInitListener.maybeUnloadModuleOnUnavailable():1386 module gkb is unavailable
03-09 22:32:08.395  3163  4298 W InputManager-JNI: Input channel object '20ab4f InputMethod (client)' was disposed without first being removed with the input manager!
03-09 22:32:08.395 10834 10834 I ModuleManager: ModuleManager$ModuleInitListener.maybeUnloadModuleOnUnavailable():1386 module gya is unavailable
03-09 22:32:08.396 10834 10834 I ModuleManager: ModuleManager$ModuleInitListener.maybeUnloadModuleOnUnavailable():1386 module IEmojiOrGifExtension is unavailable
03-09 22:32:08.396 10834 10834 I ModuleManager: ModuleManager$ModuleInitListener.maybeUnloadModuleOnUnavailable():1386 module IEmoticonExtension is unavailable
03-09 22:32:08.396  3163  4298 I ImeTracker: com.motorola.launcher.secondarydisplay:c04dd0c0: onRequestHide at ORIGIN_SERVER reason HIDE_DISPLAY_IME_POLICY_HIDE fromUser false
03-09 22:32:08.397  3163  4298 I ImeTracker: com.motorola.launcher.secondarydisplay:c04dd0c0: onCancelled at PHASE_SERVER_SHOULD_HIDE
03-09 22:32:08.399  3163  3231 W AccessibilityWindowsPopulator: The displayInfo of this displayId (0) called back from the surface fligner is null
03-09 22:32:08.400 13673 13796 W fb4a.AppInfoCore: [AI] Package not found when getting package info
03-09 22:32:08.401 10834 10996 I InputActionMetricsProcessor: InputActionMetricsProcessor.onDetached():109 Detached from metrics manager.
03-09 22:32:08.401  6978  6978 I Smart5G : [Smart5GService] receive action: android.intent.action.SCREEN_ON
03-09 22:32:08.402  5689  5689 E DPMJ    : |SERVICE| sendScreenState state  trueand int value 1
03-09 22:32:08.404  3163  5215 I MR2ServiceImpl: Updating composite discovery preference | preference: RouteDiscoveryRequest{ preferredFeatures={}, activeScan=false }, active routers: []
03-09 22:32:08.405 10834 10834 I ModuleManager: ModuleManager$ModuleInitListener.maybeUnloadModuleOnUnavailable():1386 module hlc is unavailable
03-09 22:32:08.405 10834 10834 I ModuleManager: ModuleManager$ModuleInitListener.maybeUnloadModuleOnUnavailable():1386 module hoe is unavailable
03-09 22:32:08.406 10834 10834 I ModuleManager: ModuleManager$ModuleInitListener.maybeUnloadModuleOnUnavailable():1386 module hqs is unavailable
03-09 22:32:08.406 10834 10834 I ModuleManager: ModuleManager$ModuleInitListener.maybeUnloadModuleOnUnavailable():1386 module nwn is unavailable
03-09 22:32:08.406 10834 10834 I ModuleManager: ModuleManager$ModuleInitListener.maybeUnloadModuleOnUnavailable():1386 module iga is unavailable
03-09 22:32:08.406 10834 10834 I UniversalDictationExtension: UniversalDictationExtension.onDestroyExtension():136 onDestroy [UD]
03-09 22:32:08.406 10834 10834 I ModuleManager: ModuleManager$ModuleInitListener.maybeUnloadModuleOnUnavailable():1386 module igb is unavailable
03-09 22:32:08.406 10834 10834 I ModuleManager: ModuleManager$ModuleInitListener.maybeUnloadModuleOnUnavailable():1386 module iiq is unavailable
03-09 22:32:08.406 10834 10834 I NewS3RecognizerModule: NewS3RecognizerModule.onDestroy():28 onDestroy [news3]
03-09 22:32:08.406 10834 10834 I ModuleManager: ModuleManager$ModuleInitListener.maybeUnloadModuleOnUnavailable():1386 module imw is unavailable
03-09 22:32:08.406 10834 10834 I ModuleManager: ModuleManager$ModuleInitListener.maybeUnloadModuleOnUnavailable():1386 module kdw is unavailable
03-09 22:32:08.407 10834 10834 I HardKeyTracker: HardKeyTracker.unregisterKeySequence():221 Unregister key sequence nul{labelResId=2132020466, callback=cth@b18b681, lastModifier=2, keyCodes=[56], actions=[0]}
03-09 22:32:08.407 10834 10834 I HardKeyTracker: HardKeyTracker.unregisterKeySequence():221 Unregister key sequence nul{labelResId=2132020466, callback=cth@9e73326, lastModifier=0, keyCodes=[317], actions=[0]}
03-09 22:32:08.407 10834 10834 I HardKeyTracker: HardKeyTracker.unregisterKeySequence():221 Unregister key sequence nul{labelResId=2132020465, callback=cth@fe8bb5a, lastModifier=2, keyCodes=[50], actions=[0]}
03-09 22:32:08.407 10834 10834 I HardKeyTracker: HardKeyTracker.unregisterKeySequence():221 Unregister key sequence nul{labelResId=2132020470, callback=cth@74f2f05, lastModifier=2, keyCodes=[48], actions=[0]}
03-09 22:32:08.407 10834 10834 I HardKeyTracker: HardKeyTracker.unregisterKeySequence():221 Unregister key sequence nul{labelResId=2132020469, callback=cth@54a684e, lastModifier=65536, keyCodes=[76], actions=[0]}
03-09 22:32:08.407 10834 10834 I HardKeyTracker: HardKeyTracker.unregisterKeySequence():221 Unregister key sequence nul{labelResId=2132020468, callback=cth@6ca5d6f, lastModifier=2, keyCodes=[37], actions=[0]}
03-09 22:32:08.407  7314  7314 D GameMode: isScreenUnlocked: false
03-09 22:32:08.407 10834 10834 I HardKeyTracker: HardKeyTracker.unregisterKeySequence():221 Unregister key sequence nul{labelResId=2132020470, callback=cth@df91268, lastModifier=2, keyCodes=[48], actions=[0]}
03-09 22:32:08.407 10834 10834 I HardKeyTracker: HardKeyTracker.unregisterKeySequence():221 Unregister key sequence nul{labelResId=2132020465, callback=cth@c9618b, lastModifier=2, keyCodes=[50], actions=[0]}
03-09 22:32:08.407 10834 10834 I HardKeyTracker: HardKeyTracker.unregisterKeySequence():221 Unregister key sequence nul{labelResId=2132018771, callback=cth@6e2a313, lastModifier=2, keyCodes=[39], actions=[0]}
03-09 22:32:08.408 10834 10834 I ModuleManager: ModuleManager$ModuleInitListener.maybeUnloadModuleOnUnavailable():1386 module kgi is unavailable
03-09 22:32:08.408 10834 10834 I ModuleManager: ModuleManager$ModuleInitListener.maybeUnloadModuleOnUnavailable():1386 module lns is unavailable
03-09 22:32:08.408 10834 10834 I ModuleManager: ModuleManager$ModuleInitListener.maybeUnloadModuleOnUnavailable():1386 module IBannerExtension is unavailable
03-09 22:32:08.408 10834 10834 I ModuleManager: ModuleManager$ModuleInitListener.maybeUnloadModuleOnUnavailable():1386 module ohp is unavailable
03-09 22:32:08.410 10834 10834 I ModuleManager: ModuleManager$ModuleInitListener.maybeUnloadModuleOnUnavailable():1386 module oky is unavailable
03-09 22:32:08.410 10834 10834 I ModuleManager: ModuleManager$ModuleInitListener.maybeUnloadModuleOnUnavailable():1386 module ifj is unavailable
03-09 22:32:08.411 10834 10834 I ModuleManager: ModuleManager$ModuleInitListener.maybeUnloadModuleOnUnavailable():1386 module ifn is unavailable
03-09 22:32:08.416  2064  2064 I sensors-hal: batch:206, com.motorola.sensor.tap/65988, period=66667000, max_latency=0
03-09 22:32:08.416  2064  2064 I sensors-hal: set_config:57, sample_period_ns is adjusted to 0 based on min/max delay_ns
03-09 22:32:08.416  2064  2064 I sensors-hal: batch:215, com.motorola.sensor.tap/65988, period=66667000, max_latency=0 request completed
03-09 22:32:08.416  5993  8761 I NearbyDiscovery: (REDACTED) FastPairHandler: Received action %s
03-09 22:32:08.418  2064  2064 I sensors-hal: activate:173, com.motorola.sensor.tap/65988 en=1
03-09 22:32:08.418  5993  8761 I NearbyDiscovery: (REDACTED) PureOffloadFastPairScanner: eventType=%s, isInternalReq=%s, isScanning=%s, isScanningAllowed=%s
03-09 22:32:08.419  5993  8761 I NearbyDiscovery: (REDACTED) ApFastPairScanner: isScreenOn=%s, isLocationEnabled=%s, disableLocationRequirement=%s, isDiscoveryScanningEnabled=%s, during24GhzWifiWarmingUpPeriod=%s
03-09 22:32:08.420  5993  8761 D BluetoothAdapter: isLeEnabled(): ON
03-09 22:32:08.420  5993  8761 I NearbyDiscovery: (REDACTED) ApFastPairScanner: eventType=%s, intReq=%s, scanning=%s, scanAllowed=%s, bleEnabled=%s, lockScanRate=%s, startScanningByLowPowerMode=%s
03-09 22:32:08.421  5993  8761 I NearbyDiscovery: (REDACTED) ApFastPairScanner: isScreenOn=%s, isLocationEnabled=%s, disableLocationRequirement=%s, isDiscoveryScanningEnabled=%s, during24GhzWifiWarmingUpPeriod=%s
03-09 22:32:08.421  5993  8761 I NearbyDiscovery: (REDACTED) ApFastPairScanner: Start scanning internally, %s
03-09 22:32:08.421  5993  8761 D BluetoothAdapter: isLeEnabled(): ON
03-09 22:32:08.425  2064  2064 I sensors-hal: get_qmi_debug_flag:239, support_qmi_debug : false
03-09 22:32:08.426  7545  7545 I FileStationLog: [ FileStationManager ] - screenIsOn: true, hasWindowShowed: false
03-09 22:32:08.426  7545  7545 I MotoDesktopLog: [ FileStationLog ] - broadcastMessage - cmd : 2008
03-09 22:32:08.426  2061  2108 E minksocket: MinkIPC_QRTR_Service: client with node 1 port 45e6 went down
03-09 22:32:08.431  2061  2108 E minksocket: MinkIPC_QRTR_Service: client with node 1 port 45e7 went down
03-09 22:32:08.433  5625  5625 V KeyguardStatusViewController: onTimeChanged
03-09 22:32:08.433  5658  6886 I bt_shim_scanner: system/main/shim/le_scanning_manager.cc:172 RegisterScanner: in shim layer
03-09 22:32:08.434  5993  6010 D BluetoothLeScanner: onScannerRegistered() - status=0 scannerId=1 mScannerId=0
03-09 22:32:08.434  3163  5158 D WifiStaIfaceHidlImpl: getCachedScanData is not implemented by HIDL
03-09 22:32:08.435  2061  2108 E minksocket: MinkIPC_QRTR_Service: client with node 1 port 45e8 went down
03-09 22:32:08.435  2064  2064 E Diag_Lib: diag: Diag_LSM_Init: invoked for pid: 2064 with init_count: 0
03-09 22:32:08.435  2064  2064 E Diag_Lib: diag:failed to connect to diag socket
03-09 22:32:08.435  2064  2064 E Diag_Lib:  Diag_LSM_Init: Failed to open handle to diag driver, error = 13
03-09 22:32:08.435  2061  2108 E minksocket: MinkIPC_QRTR_Service: client with node 1 port 45e9 went down
03-09 22:32:08.436  2064  2064 I sensors-hal: send_sync_sensor_request:341, send sync request
03-09 22:32:08.436  2064  2064 I sensors-hal: send_sync_sensor_request:367, wait for notification of response
03-09 22:32:08.437  2300  2449 I SurfaceFlinger: mBrightnessDiming=0, isCli=1, mBrightnessDimingCnt=0
03-09 22:32:08.437  3163  7414 D FileUtils: Rounded bytes from 7725268992 to 8000000000
03-09 22:32:08.438  2064  4171 I slpi-MOT_HINGE: Hingeposture   0.0 tent:0 gpio:-1 flip:2 flat:1 b:-2.0 7.5 6.0 0.6 -31.8 -33.1 f:-2.2 -7.5 -5.9 0.2 31.6 33.7
03-09 22:32:08.438  2064  9150 I sensors-hal: ssc_conn_resp_cb:632, resp_value = 0
03-09 22:32:08.439  3163  5158 D WifiStaIfaceHidlImpl: getCachedScanData is not implemented by HIDL
03-09 22:32:08.439  2064  2064 I sensors-hal: send_sync_sensor_request:373, takes 3 ms to receive the response with 0
03-09 22:32:08.439  2064  2064 I sensors-hal: activate:184, com.motorola.sensor.tap/65988 en=1 completed
03-09 22:32:08.441  3163  3163 I BrightnessSynchronizer: New Update: {[2873] 0.15860511(f), mUpdatedTypes=0, mConfirmedTypes=0, mTimeUpdated=0, mState=2}
03-09 22:32:08.442 10834 10834 W NotificationCenter: NotificationCenter$NotificationQueue.notifyPendingNotificationsOnExecutor():877 Heavy notify work detected on UI thread: [ndp->ncw] takes 31ms
03-09 22:32:08.442 10834 10834 I ModuleManager: ModuleManager$ModuleInitListener.maybeUnloadModuleOnUnavailable():1386 module nyi is unavailable
03-09 22:32:08.442 10834 10834 W NotificationCenter: NotificationCenter.unregisterListener():480 Listener ktn@a9ea55c was not registered for notification class mev
03-09 22:32:08.442 10834 10834 W NotificationCenter: NotificationCenter.unregisterListener():480 Listener ktm@65657cf was not registered for notification class men
03-09 22:32:08.442 10834 10834 W NotificationCenter: NotificationCenter.unregisterListener():480 Listener nhv@5ba502e was not registered for notification class kgz
03-09 22:32:08.442 10834 10834 W NotificationCenter: NotificationCenter.unregisterListener():480 Listener ktc@a9f413a was not registered for notification class lhi
03-09 22:32:08.442 10834 10834 W NotificationCenter: NotificationCenter.unregisterListener():480 Listener kdq@277fc2c was not registered for notification class kfo
03-09 22:32:08.442 10834 10834 I HardKeyTracker: HardKeyTracker.unregisterKeySequence():221 Unregister key sequence nul{labelResId=2132020472, callback=null, lastModifier=2, keyCodes=[8], actions=[0]}
03-09 22:32:08.442 10834 10834 I HardKeyTracker: HardKeyTracker.unregisterKeySequence():221 Unregister key sequence nul{labelResId=2132020474, callback=gqg@23e9224, lastModifier=2, keyCodes=[62], actions=[0]}
03-09 22:32:08.442 10834 10834 I ModuleManager: ModuleManager$ModuleInitListener.maybeUnloadModuleOnUnavailable():1386 module kdu is unavailable
03-09 22:32:08.442 10834 10834 I ModuleManager: ModuleManager$ModuleInitListener.maybeUnloadModuleOnUnavailable():1386 module olt is unavailable
03-09 22:32:08.445  5625  5625 I KeyguardTransitionRepository: FINISHED transition: TransitionStep(from=DOZING, to=LOCKSCREEN, value=1.0, transitionState=FINISHED, ownerName=FromDozingTransitionInteractor)
03-09 22:32:08.445  7306  7306 W JobService: onNetworkChanged() not implemented in com.google.android.datatransport.runtime.scheduling.jobscheduling.JobInfoSchedulerService. Must override in a subclass.
03-09 22:32:08.451  3163  5203 I WifiDataStallService: onCapabilitiesChanged NET_CAPABILITY_VALIDATED=true
03-09 22:32:08.451  3163  5203 I WifiDataStallService: WIFI state:true
03-09 22:32:08.451  3163  5203 I WifiDataStallService: WIFI valid state:true
03-09 22:32:08.451  3163  5203 I WifiDataStallService: on-off:false,mScreenOn:true
03-09 22:32:08.459  5993  8761 I NearbyDiscovery: (REDACTED) ApFastPairScanner: Start scanning, mode=%s
03-09 22:32:08.460  5993  8761 I NearbyDiscovery: FastPairController: onSystemStateChanged: skip due to flag disabled [CONTEXT service_id=265 ]
03-09 22:32:08.460 10834 10834 I ModuleManager: ModuleManager$ModuleInitListener.maybeUnloadModuleOnUnavailable():1386 module hok is unavailable
03-09 22:32:08.461 10834 10834 I ModuleManager: ModuleManager$ModuleInitListener.maybeUnloadModuleOnUnavailable():1386 module ghq is unavailable
03-09 22:32:08.461 10834 10834 I ModuleManager: ModuleManager$ModuleInitListener.maybeUnloadModuleOnUnavailable():1386 module hvu is unavailable
03-09 22:32:08.461  5993  7976 I NullBinder: NullBinder for android.net.action.RECOMMEND_NETWORKS triggering remote TransactionTooLargeException due to Service without Chimera impl, calling uid: 1000, calling pid: 0
03-09 22:32:08.461  5993  7976 W Binder  : reply too large data on java level: InterfaceDescriptor = null, code = 1
03-09 22:32:08.461  5993  7976 W .gms.persistent: Large reply transaction of 1056768 bytes, interface descriptor , code 1
03-09 22:32:08.462 10834 10834 I ModuleManager: ModuleManager$ModuleInitListener.maybeUnloadModuleOnUnavailable():1386 module ecr is unavailable
03-09 22:32:08.462 10834 10834 I ModuleManager: ModuleManager$ModuleInitListener.maybeUnloadModuleOnUnavailable():1386 module esr is unavailable
03-09 22:32:08.462  6344  6344 V ClockFace: onDataSetChanged: clock update in remote
03-09 22:32:08.462 10834 10834 I ModuleManager: ModuleManager$ModuleInitListener.maybeUnloadModuleOnUnavailable():1386 module hzz is unavailable
03-09 22:32:08.462 10834 10834 I ModuleManager: ModuleManager$ModuleInitListener.maybeUnloadModuleOnUnavailable():1386 module ifc is unavailable
03-09 22:32:08.462 10834 10834 I ModuleManager: ModuleManager$ModuleInitListener.maybeUnloadModuleOnUnavailable():1386 module ntv is unavailable
03-09 22:32:08.462 10834 10834 I ModuleManager: ModuleManager$ModuleInitListener.maybeUnloadModuleOnUnavailable():1386 module ntw is unavailable
03-09 22:32:08.462 10834 10834 I ModuleManager: ModuleManager$ModuleInitListener.maybeUnloadModuleOnUnavailable():1386 module oav is unavailable
03-09 22:32:08.462 10834 10834 I ModuleManager: ModuleManager$ModuleInitListener.maybeUnloadModuleOnUnavailable():1386 module hzy is unavailable
03-09 22:32:08.462 10834 10834 I ModuleManager: ModuleManager$ModuleInitListener.maybeUnloadModuleOnUnavailable():1386 module ggm is unavailable
03-09 22:32:08.463 10834 10834 I ModuleManager: ModuleManager$ModuleInitListener.maybeUnloadModuleOnUnavailable():1386 module efd is unavailable
03-09 22:32:08.463 10834 10834 I ModuleManager: ModuleManager$ModuleInitListener.maybeUnloadModuleOnUnavailable():1386 module ief is unavailable
03-09 22:32:08.463 10834 10834 I ModuleManager: ModuleManager$ModuleInitListener.maybeUnloadModuleOnUnavailable():1386 module ifb is unavailable
03-09 22:32:08.463  3163  3163 D WiFiBlocklistController: Wifi onCapabilitiesChanged
03-09 22:32:08.463 10834 10834 I ModuleManager: ModuleManager$ModuleInitListener.maybeUnloadModuleOnUnavailable():1386 module ITranslateUiExtension is unavailable
03-09 22:32:08.463  3163  3163 D WiFiBlocklistController: Default net onCapabilitiesChanged
03-09 22:32:08.463  3163  3163 D WiFiBlocklistController: updateDefaultNet:135
03-09 22:32:08.463  3163  3163 D WiFiBlocklistController: mayUpdateNotification: shouldShow=false,UidsBlocked=false, net info=net:135,ifName=wlan0,securityType=2,isDefault=true,ssid="micasa",notificationId=0
03-09 22:32:08.463 10834 10834 I ModuleManager: ModuleManager$ModuleInitListener.maybeUnloadModuleOnUnavailable():1386 module egz is unavailable
03-09 22:32:08.465 10834 10834 W NotificationCenter: NotificationCenter.unregisterListener():480 Listener eei@9cfc8a was not registered for notification class ndp
03-09 22:32:08.465 10834 10834 W NotificationCenter: NotificationCenter.unregisterListener():480 Listener efs@9a38097 was not registered for notification class ndp
03-09 22:32:08.466 10834 10834 I ModuleManager: ModuleManager$ModuleInitListener.maybeUnloadModuleOnUnavailable():1386 module ego is unavailable
03-09 22:32:08.467 10834 10834 I ModuleManager: ModuleManager$ModuleInitListener.maybeUnloadModuleOnUnavailable():1386 module ojg is unavailable
03-09 22:32:08.467 10834 10834 I ModuleManager: ModuleManager$ModuleInitListener.maybeUnloadModuleOnUnavailable():1386 module oha is unavailable
03-09 22:32:08.467 10834 10834 I ModuleManager: ModuleManager$ModuleInitListener.maybeUnloadModuleOnUnavailable():1386 module ejs is unavailable
03-09 22:32:08.467 10834 10834 I ModuleManager: ModuleManager$ModuleInitListener.maybeUnloadModuleOnUnavailable():1386 module hvo is unavailable
03-09 22:32:08.468 10834 10834 I ModuleManager: ModuleManager$ModuleInitListener.maybeUnloadModuleOnUnavailable():1386 module eqk is unavailable
03-09 22:32:08.469 10834 10834 I ModuleManager: ModuleManager$ModuleInitListener.maybeUnloadModuleOnUnavailable():1386 module ftq is unavailable
03-09 22:32:08.469 10834 10834 I ModuleManager: ModuleManager$ModuleInitListener.maybeUnloadModuleOnUnavailable():1386 module ftu is unavailable
03-09 22:32:08.469 10834 10834 I ModuleManager: ModuleManager$ModuleInitListener.maybeUnloadModuleOnUnavailable():1386 module evt is unavailable
03-09 22:32:08.470 10834 10834 I ModuleManager: ModuleManager$ModuleInitListener.maybeUnloadModuleOnUnavailable():1386 module eww is unavailable
03-09 22:32:08.477 10834 10834 I ModuleManager: ModuleManager$ModuleInitListener.maybeUnloadModuleOnUnavailable():1386 module lau is unavailable
03-09 22:32:08.484  3163  3231 W AccessibilityWindowsPopulator: The displayInfo of this displayId (0) called back from the surface fligner is null
03-09 22:32:08.486  5693  6968 D QCNEJ/NativeHalConnector: -> SND notifyDefaultNetworkChanged(1)
03-09 22:32:08.493  7091 21947 I ModemStats: [DataStallDetectService] onCapabilitiesChanged networkCapabilities=[ Transports: WIFI Capabilities: NOT_METERED&INTERNET&NOT_RESTRICTED&TRUSTED&NOT_VPN&VALIDATED&NOT_ROAMING&FOREGROUND&NOT_CONGESTED&NOT_SUSPENDED&NOT_VCN_MANAGED&NOT_BANDWIDTH_CONSTRAINED LinkUpBandwidth>=5852Kbps LinkDnBandwidth>=77930Kbps TransportInfo: <SSID: <unknown ssid>, BSSID: 02:00:00:00:00:00, MAC: 02:00:00:00:00:00, IP: /10.0.0.248, Security type: 2, Supplicant state: COMPLETED, Wi-Fi standard: 11ax, RSSI: -66, Link speed: 288Mbps, Tx Link speed: 288Mbps, Max Supported Tx Link speed: 1200Mbps, Rx Link speed: 288Mbps, Max Supported Rx Link speed: 1200Mbps, Frequency: 5785MHz, Net ID: -1, Metered hint: false, score: 60, isUsable: true, CarrierMerged: false, SubscriptionId: -1, IsPrimary: -1, Trusted: true, Restricted: false, Ephemeral: false, OEM paid: false, OEM private: false, OSU AP: false, FQDN: <none>, Provider friendly name: <none>, Requesting package name: <none><none>MLO Information: , Is TID-To-Link negotiation supported by the AP: false, AP MLD Address: <none>, AP MLO Link Id: <none>, AP MLO Affiliated links: <none>, Vendor Data: <none>> SignalStrength: -66 UnderlyingNetworks: Null]
03-09 22:32:08.493  7091 21947 I ModemStats: [DataStallDetectService] onCapabilitiesChanged NET_CAPABILITY_VALIDATED=true
03-09 22:32:08.493  7091 21947 I ModemStats: [DataStallDetectService] onCapabilitiesChanged mDataStallManager.mDataStallInstance=null
03-09 22:32:08.493  7091 21947 I ModemStats: [DataStallDetectService] onCapabilitiesChanged mDataStallSmart5gManager.mDataStallInstance=null
03-09 22:32:08.500  5658  6105 I bt_shim_scanner: system/main/shim/le_scanning_manager.cc:282 ScanFilterEnable: in shim layer
03-09 22:32:08.501  2068  6060 I vendor.qti.bluetooth@1.0-ibs_handler: ProcessIbsCmd: Received IBS_WAKE_IND: 0xFD
03-09 22:32:08.501  2068  6060 I vendor.qti.bluetooth@1.0-ibs_handler: ProcessIbsCmd: Writing IBS_WAKE_ACK
03-09 22:32:08.501  5658  6105 I bt_shim_scanner: system/main/shim/le_scanning_manager.cc:258 ScanFilterAdd: in shim layer
03-09 22:32:08.502  6932  8142 I BugleRcsEngine: handleMessage processing message:[NOTIFY_UPTIME_IGNORE_STATE_CHANGED] with [non-null]:RcsEngineImpl reference [CONTEXT log_prefix="RcsEngineImpl[DUAL_REG]:[82ee5969-a086]>Handler" thread_id=61 ]
03-09 22:32:08.502  6932  7504 I BugleRcsEngine: Connected state: [1], networkType: [WIFI] [CONTEXT thread_id=54 ]
03-09 22:32:08.503  5658  6105 I bt_shim_scanner: system/main/shim/le_scanning_manager.cc:220 ScanFilterParamSetup: in shim layer, clientIf=1
03-09 22:32:08.503  6932  8142 I BugleRcsEngine: Cannot use CS.apk as it's battery optimized [CONTEXT thread_id=61 ]
03-09 22:32:08.504  5658  6105 I bt_shim_scanner: system/main/shim/le_scanning_manager.cc:258 ScanFilterAdd: in shim layer
03-09 22:32:08.505  5658  6105 I bt_shim_scanner: system/main/shim/le_scanning_manager.cc:220 ScanFilterParamSetup: in shim layer, clientIf=1
03-09 22:32:08.505  5658  6105 I bt_shim_scanner: system/main/shim/le_scanning_manager.cc:185 Scan: in shim layer started
03-09 22:32:08.505  5658  5907 I bluetooth: system/gd/hci/le_scanning_manager.cc:690 stop_scan: Scanning already stopped, return!
03-09 22:32:08.505  5658  5907 I bluetooth: system/gd/hci/le_address_manager.cc:226 register_client: Scheduled address rotation for first client registered
03-09 22:32:08.505  5658  5907 I bluetooth: system/gd/hci/le_address_manager.cc:229 register_client: Client registered
03-09 22:32:08.505  5658  6105 I bt_shim_scanner: system/main/shim/le_scanning_manager.cc:185 Scan: in shim layer stopped
03-09 22:32:08.506  5658  5907 I bluetooth: system/gd/hci/le_address_manager.cc:244 unregister_client: Client unregistered
03-09 22:32:08.506  5658  6105 W BtGatt.JNI: android/app/jni/com_android_bluetooth_gatt.cpp:1597 gattSetScanParametersNative: gattSetScanParametersNative
03-09 22:32:08.506  5658  5907 I bluetooth: system/gd/hci/le_address_manager.cc:248 unregister_client: Cancelled address rotation alarm
03-09 22:32:08.506  5658  6105 I bt_shim_scanner: system/main/shim/le_scanning_manager.cc:363 SetScanParameters: in shim layer, scannerId=1
03-09 22:32:08.506  5658  6105 I bt_shim_scanner: system/main/shim/le_scanning_manager.cc:185 Scan: in shim layer started
03-09 22:32:08.506  5658  5907 I bluetooth: system/gd/hci/le_scanning_manager.cc:690 stop_scan: Scanning already stopped, return!
03-09 22:32:08.506  5658  5907 I bluetooth: system/gd/hci/le_address_manager.cc:226 register_client: Scheduled address rotation for first client registered
03-09 22:32:08.506  5658  5907 I bluetooth: system/gd/hci/le_address_manager.cc:229 register_client: Client registered
03-09 22:32:08.507  5802  7670 E PhoneInterfaceManager: getCarrierPrivilegeStatusForUid: Invalid subId
03-09 22:32:08.513  3163  7445 W PackageManager: Missing required system package: wsj.reader_sp, but found with extended search.
03-09 22:32:08.513  3163  7445 W PackageManager: Missing required system package: whitecastle.ordering, but found with extended search.
03-09 22:32:08.513  3163  7445 W PackageManager: Missing required system package: sp0n.citizen, but found with extended search.
03-09 22:32:08.513  3163  7445 W PackageManager: Missing required system package: org.rajman.neshan.traffic.tehran.navigator, but found with extended search.
03-09 22:32:08.513  3163  7445 W PackageManager: Missing required system package: org.me.mobiexpensifyg, but found with extended search.
03-09 22:32:08.513  3163  7445 W PackageManager: Missing required system package: org.kiva.lending, but found with extended search.
03-09 22:32:08.513  3163  7445 W PackageManager: Missing required system package: onxmaps.offroad, but found with extended search.
03-09 22:32:08.513  3163  7445 W PackageManager: Missing required system package: onxmaps.hunt, but found with extended search.
03-09 22:32:08.513  3163  7445 W PackageManager: Missing required system package: mnn.Android, but found with extended search.
03-09 22:32:08.514  3163  7445 W PackageManager: Missing required system package: io.appium.settings, but found with extended search.
03-09 22:32:08.514  3163  7445 W PackageManager: Missing required system package: gplx.simple.budgetapp, but found with extended search.
03-09 22:32:08.514  3163  7445 W PackageManager: Missing required system package: de.zalando.mobile, but found with extended search.
03-09 22:32:08.514  3163  7445 W PackageManager: Missing required system package: ctrip.english, but found with extended search.
03-09 22:32:08.514  3163  7445 W PackageManager: Missing required system package: crumbl.cookies, but found with extended search.
03-09 22:32:08.514  3163  7445 W PackageManager: Missing required system package: com.zzkko, but found with extended search.
03-09 22:32:08.514  3163  7445 W PackageManager: Missing required system package: com.zhiliaoapp.musically, but found with extended search.
03-09 22:32:08.514  3163  7445 W PackageManager: Missing required system package: com.zellepay.zelle, but found with extended search.
03-09 22:32:08.514  3163  7445 W PackageManager: Missing required system package: com.zappos.android, but found with extended search.
03-09 22:32:08.514  3163  7445 W PackageManager: Missing required system package: com.yum.pizzahut, but found with extended search.
03-09 22:32:08.514  3163  7445 W PackageManager: Missing required system package: com.youneedabudget.evergreen.app, but found with extended search.
03-09 22:32:08.514  3163  7445 W PackageManager: Missing required system package: com.yelp.android, but found with extended search.
03-09 22:32:08.514  3163  7445 W PackageManager: Missing required system package: com.whatsapp, but found with extended search.
03-09 22:32:08.514  3163  7445 W PackageManager: Missing required system package: com.whatnot_mobile, but found with extended search.
03-09 22:32:08.514  3163  7445 W PackageManager: Missing required system package: com.wendys.nutritiontool, but found with extended search.
03-09 22:32:08.514  3163  7445 W PackageManager: Missing required system package: com.wealthsimple.trade, but found with extended search.
03-09 22:32:08.514  3163  7445 W PackageManager: Missing required system package: com.wealthfront, but found with extended search.
03-09 22:32:08.514  3163  7445 W PackageManager: Missing required system package: com.waze, but found with extended search.
03-09 22:32:08.515  3163  7445 W PackageManager: Missing required system package: com.wayfair.wayfair, but found with extended search.
03-09 22:32:08.515  3163  7445 W PackageManager: Missing required system package: com.wallpaper.edge.aura, but found with extended search.
03-09 22:32:08.515  3163  7445 W PackageManager: Missing required system package: com.venmo, but found with extended search.
03-09 22:32:08.515  3163  7445 W PackageManager: Missing required system package: com.usatoday.android.news, but found with extended search.
03-09 22:32:08.515  3163  7445 W PackageManager: Missing required system package: com.ulta, but found with extended search.
03-09 22:32:08.515  3163  7445 W PackageManager: Missing required system package: com.twitter.android, but found with extended search.
03-09 22:32:08.515  3163  7445 W PackageManager: Missing required system package: com.truefinance, but found with extended search.
03-09 22:32:08.516  3163  7445 W PackageManager: Missing required system package: com.truebill, but found with extended search.
03-09 22:32:08.516  3163  7445 W PackageManager: Missing required system package: com.trivago, but found with extended search.
03-09 22:32:08.516 10834 10834 I ModuleManager: ModuleManager$ModuleInitListener.maybeUnloadModuleOnUnavailable():1386 module evm is unavailable
03-09 22:32:08.516 10834 10834 W NotificationCenter: NotificationCenter$NotificationQueue.notifyPendingNotificationsOnExecutor():877 Heavy notify work detected on UI thread: [ndp->nel] takes 39ms
03-09 22:32:08.516  3163  7445 W PackageManager: Missing required system package: com.tripadvisor.tripadvisor, but found with extended search.
03-09 22:32:08.516  3163  7445 W PackageManager: Missing required system package: com.tranzmate, but found with extended search.
03-09 22:32:08.516  3163  7445 W PackageManager: Missing required system package: com.tradestation.MobileTrading, but found with extended search.
03-09 22:32:08.517 10834 10834 I EmojifyExtensionImpl: EmojifyExtensionImpl.onDestroy():611 Destroying Emojify extension ezf@83acb01.
03-09 22:32:08.517 10834 10834 I ModuleManager: ModuleManager$ModuleInitListener.maybeUnloadModuleOnUnavailable():1386 module eyq is unavailable
03-09 22:32:08.517 10834 10834 I AbstractOpenableExtension: AbstractOpenableExtension.maybeDestroyExistingKeyboardGroupManager():534 Destroy existing keyboard group manager in ezz
03-09 22:32:08.517 10834 10834 I ModuleManager: ModuleManager$ModuleInitListener.maybeUnloadModuleOnUnavailable():1386 module IExpressionMomentExtension is unavailable
03-09 22:32:08.517 10834 10834 I ModuleManager: ModuleManager$ModuleInitListener.maybeUnloadModuleOnUnavailable():1386 module IEmojiKitchenBrowseExtension is unavailable
03-09 22:32:08.517 10834 10834 I AbstractOpenableExtension: AbstractOpenableExtension.maybeDestroyExistingKeyboardGroupManager():534 Destroy existing keyboard group manager in hme
03-09 22:32:08.517 10834 10834 I ModuleManager: ModuleManager$ModuleInitListener.maybeUnloadModuleOnUnavailable():1386 module FastAccessBarExtension is unavailable
03-09 22:32:08.517 10834 10834 I ModuleManager: ModuleManager$ModuleInitListener.maybeUnloadModuleOnUnavailable():1386 module hmt is unavailable
03-09 22:32:08.517 10834 10834 I ModuleManager: ModuleManager$ModuleInitListener.maybeUnloadModuleOnUnavailable():1386 module fkk is unavailable
03-09 22:32:08.517 10834 10834 I ModuleManager: ModuleManager$ModuleInitListener.maybeUnloadModuleOnUnavailable():1386 module IGifKeyboardExtension is unavailable
03-09 22:32:08.517 10834 10834 I ModuleManager: ModuleManager$ModuleInitListener.maybeUnloadModuleOnUnavailable():1386 module IStickerExtension is unavailable
03-09 22:32:08.518 10834 10834 I ModuleManager: ModuleManager$ModuleInitListener.maybeUnloadModuleOnUnavailable():1386 module etr is unavailable
03-09 22:32:08.518 10834 10834 I ModuleManager: ModuleManager$ModuleInitListener.maybeUnloadModuleOnUnavailable():1386 module fcx is unavailable
03-09 22:32:08.518 10834 10834 I ModuleManager: ModuleManager$ModuleInitListener.maybeUnloadModuleOnUnavailable():1386 module how is unavailable
03-09 22:32:08.518 10834 10834 I ModuleManager: ModuleManager$ModuleInitListener.maybeUnloadModuleOnUnavailable():1386 module gzb is unavailable
03-09 22:32:08.518 10834 10834 I ModuleManager: ModuleManager$ModuleInitListener.maybeUnloadModuleOnUnavailable():1386 module hzw is unavailable
03-09 22:32:08.518 10834 10834 I ModuleManager: ModuleManager$ModuleInitListener.maybeUnloadModuleOnUnavailable():1386 module nhr is unavailable
03-09 22:32:08.519 10834 10834 I ModuleManager: ModuleManager$ModuleInitListener.maybeUnloadModuleOnUnavailable():1386 module hhx is unavailable
03-09 22:32:08.519  3163  7445 W PackageManager: Missing required system package: com.tiktok.lite.go, but found with extended search.
03-09 22:32:08.519 10834 10834 I ModuleManager: ModuleManager$ModuleInitListener.maybeUnloadModuleOnUnavailable():1386 module hid is unavailable
03-09 22:32:08.519 10834 10834 I ModuleManager: ModuleManager$ModuleInitListener.maybeUnloadModuleOnUnavailable():1386 module kts is unavailable
03-09 22:32:08.519  3163  7445 W PackageManager: Missing required system package: com.thredup.android, but found with extended search.
03-09 22:32:08.519 10834 10834 I ModuleManager: ModuleManager$ModuleInitListener.maybeUnloadModuleOnUnavailable():1386 module mtm is unavailable
03-09 22:32:08.519  3163  7445 W PackageManager: Missing required system package: com.thirdframestudios.android.expensoor, but found with extended search.
03-09 22:32:08.519  3163  7445 W PackageManager: Missing required system package: com.teulys.metropolis, but found with extended search.
03-09 22:32:08.519  3163  7445 W PackageManager: Missing required system package: com.tdbank, but found with extended search.
03-09 22:32:08.519  3163  7445 W PackageManager: Missing required system package: com.tacobell.ordering, but found with extended search.
03-09 22:32:08.519  3163  7445 W PackageManager: Missing required system package: com.sygic.aura, but found with extended search.
03-09 22:32:08.519 10834 10834 I HardKeyTracker: HardKeyTracker.unregisterKeySequence():221 Unregister key sequence nul{labelResId=0, callback=gqg@127a6a, lastModifier=0, keyCodes=[57, 57], actions=[1, 0]}
03-09 22:32:08.519  3163  7445 W PackageManager: Missing required system package: com.subway.mobile.subwayapp03, but found with extended search.
03-09 22:32:08.519  3163  7445 W PackageManager: Missing required system package: com.substack.app, but found with extended search.
03-09 22:32:08.519 10834 10834 I HardKeyTracker: HardKeyTracker.unregisterKeySequence():221 Unregister key sequence nul{labelResId=0, callback=gqg@1269b5b, lastModifier=0, keyCodes=[58, 58], actions=[1, 0]}
03-09 22:32:08.519  3163  7445 W PackageManager: Missing required system package: com.step.step, but found with extended search.
03-09 22:32:08.519 10834 10834 I AbstractOpenableExtension: AbstractOpenableExtension.maybeDestroyExistingKeyboardGroupManager():534 Destroy existing keyboard group manager in hjj
03-09 22:32:08.519  3163  7445 W PackageManager: Missing required system package: com.stash.stashinvest, but found with extended search.
03-09 22:32:08.519  3163  7445 W PackageManager: Missing required system package: com.staplesconnect.app.twa, but found with extended search.
03-09 22:32:08.519 10834 10834 I ModuleManager: ModuleManager$ModuleInitListener.maybeUnloadModuleOnUnavailable():1386 module IEmojiSearchExtension is unavailable
03-09 22:32:08.519  3163  7445 W PackageManager: Missing required system package: com.spothero.spothero, but found with extended search.
03-09 22:32:08.519  3163  7445 W PackageManager: Missing required system package: com.sportsdirect.sdusapp, but found with extended search.
03-09 22:32:08.519  3163  7445 W PackageManager: Missing required system package: com.sofi.mobile, but found with extended search.
03-09 22:32:08.519  3163  7445 W PackageManager: Missing required system package: com.shell.sitibv.motorist.america, but found with extended search.
03-09 22:32:08.519  3163  7445 W PackageManager: Missing required system package: com.shakeshack.android, but found with extended search.
03-09 22:32:08.519  3163  7445 W PackageManager: Missing required system package: com.sephora, but found with extended search.
03-09 22:32:08.520  3163  7445 W PackageManager: Missing required system package: com.romwe, but found with extended search.
03-09 22:32:08.520  3163  7445 W PackageManager: Missing required system package: com.rome2rio.www.rome2rio, but found with extended search.
03-09 22:32:08.520  3163  7445 W PackageManager: Missing required system package: com.robinhood.android, but found with extended search.
03-09 22:32:08.520  3163  7445 W PackageManager: Missing required system package: com.ring.neighborhoods, but found with extended search.
03-09 22:32:08.520  3163  7445 W PackageManager: Missing required system package: com.revolut.revolut, but found with extended search.
03-09 22:32:08.520  3163  7445 W PackageManager: Missing required system package: com.reddit.frontpage, but found with extended search.
03-09 22:32:08.520  3163  7445 W PackageManager: Missing required system package: com.recime.app, but found with extended search.
03-09 22:32:08.520  3163  7445 W PackageManager: Missing required system package: com.realbyteapps.moneymanagerfree, but found with extended search.
03-09 22:32:08.520  3163  7445 W PackageManager: Missing required system package: com.rarewire.forever21, but found with extended search.
03-09 22:32:08.520  3163  7445 W PackageManager: Missing required system package: com.q2e.firsttradeunionbank3351.mobile.production, but found with extended search.
03-09 22:32:08.521  3163  7445 W PackageManager: Missing required system package: com.poshmark.app, but found with extended search.
03-09 22:32:08.521  3163  7445 W PackageManager: Missing required system package: com.poqstudio.app.platform.boohoo, but found with extended search.
03-09 22:32:08.521  3163  7445 W PackageManager: Missing required system package: com.podcast.podcasts, but found with extended search.
03-09 22:32:08.521  3163  7445 W PackageManager: Missing required system package: com.phonepe.app, but found with extended search.
03-09 22:32:08.521  3163  7445 W PackageManager: Missing required system package: com.personalcapital.pcapandroid, but found with extended search.
03-09 22:32:08.521  3163  7445 W PackageManager: Missing required system package: com.peacocktv.peacockandroid, but found with extended search.
03-09 22:32:08.521  3163  7445 W PackageManager: Missing required system package: com.payoneer.android, but found with extended search.
03-09 22:32:08.521  3163  7445 W PackageManager: Missing required system package: com.particlenews.newsbreak, but found with extended search.
03-09 22:32:08.521  3163  7445 W PackageManager: Missing required system package: com.parkwhiz.driverApp, but found with extended search.
03-09 22:32:08.521  3163  7445 W PackageManager: Missing required system package: com.opentable, but found with extended search.
03-09 22:32:08.521  3163  7445 W PackageManager: Missing required system package: com.openai.chatgpt, but found with extended search.
03-09 22:32:08.521  3163  7445 W PackageManager: Missing required system package: com.onedebit.chime, but found with extended search.
03-09 22:32:08.521  3163  7445 W PackageManager: Missing required system package: com.olo.dairyqueen.production, but found with extended search.
03-09 22:32:08.522  3163  7445 W PackageManager: Missing required system package: com.nike.omega, but found with extended search.
03-09 22:32:08.522  3163  7445 W PackageManager: Missing required system package: com.newsbreak.crimeradar, but found with extended search.
03-09 22:32:08.522  3163  7445 W PackageManager: Missing required system package: com.newleaf.app.android.victor, but found with extended search.
03-09 22:32:08.522  3163  7445 W PackageManager: Missing required system package: com.newegg.app, but found with extended search.
03-09 22:32:08.522  3163  7445 W PackageManager: Missing required system package: com.myklarnamobile, but found with extended search.
03-09 22:32:08.522  3163  7445 W PackageManager: Missing required system package: com.mta.mobileapp, but found with extended search.
03-09 22:32:08.522  3163  7445 W PackageManager: Missing required system package: com.moneylion, but found with extended search.
03-09 22:32:08.522  3163  7445 W PackageManager: Missing required system package: com.mobilecreditcards, but found with extended search.
03-09 22:32:08.522  3163  7445 W PackageManager: Missing required system package: com.mobilaurus.wingstopandroid, but found with extended search.
03-09 22:32:08.522  3163  7445 W PackageManager: Missing required system package: com.microsoft.copilot, but found with extended search.
03-09 22:32:08.522  3163  7445 W PackageManager: Missing required system package: com.meesho.supply, but found with extended search.
03-09 22:32:08.522  3163  7445 W PackageManager: Missing required system package: com.mcdonalds.app, but found with extended search.
03-09 22:32:08.522  3163  7445 W PackageManager: Missing required system package: com.maps.radar.navigation.android2023, but found with extended search.
03-09 22:32:08.522  3163  7445 W PackageManager: Missing required system package: com.macys.android, but found with extended search.
03-09 22:32:08.522  3163  7445 W PackageManager: Missing required system package: com.m1finance.android, but found with extended search.
03-09 22:32:08.522  3163  7445 W PackageManager: Missing required system package: com.lowes.android, but found with extended search.
03-09 22:32:08.522  3163  7445 W PackageManager: Missing required system package: com.littlecaesars, but found with extended search.
03-09 22:32:08.522  3163  7445 W PackageManager: Missing required system package: com.linkedin.android, but found with extended search.
