03-09 22:32:57.351  3706  3728 I android.hardware.thermal@2.0-service.qti-v2: Sensor Name:CPU4 temp: 73.9. prev severity:0. cur severity:0 New severity:0
03-09 22:32:57.352  3706  3728 I android.hardware.thermal@2.0-service.qti-v2: Sensor Name:CPU5 temp: 73.9. prev severity:0. cur severity:0 New severity:0
03-09 22:32:57.352  3706  3728 I android.hardware.thermal@2.0-service.qti-v2: Sensor Name:CPU6 temp: 75.9. prev severity:0. cur severity:0 New severity:0
03-09 22:32:57.352  3706  3728 I android.hardware.thermal@2.0-service.qti-v2: Sensor Name:CPU7 temp: 64.3. prev severity:0. cur severity:0 New severity:0
03-09 22:32:57.352  3706  3728 I android.hardware.thermal@2.0-service.qti-v2: Sensor Name:nsp0 temp: 55.4. prev severity:0. cur severity:0 New severity:0
03-09 22:32:57.352  3706  3728 I android.hardware.thermal@2.0-service.qti-v2: Sensor Name:nsp1 temp: 55. prev severity:0. cur severity:0 New severity:0
03-09 22:32:57.353  3706  3728 I android.hardware.thermal@2.0-service.qti-v2: Sensor Name:nsp2 temp: 57.1. prev severity:0. cur severity:0 New severity:0
03-09 22:32:57.353  3706  3728 I android.hardware.thermal@2.0-service.qti-v2: Sensor Name:GPU0 temp: 53.7. prev severity:0. cur severity:0 New severity:0
03-09 22:32:57.353  3706  3728 I android.hardware.thermal@2.0-service.qti-v2: Sensor Name:GPU1 temp: 53. prev severity:0. cur severity:0 New severity:0
03-09 22:32:57.353 11255 11255 I ThermalEngine: Loading configuration file /vendor/etc/thermal-engine-lynkco.conf
03-09 22:32:57.354 11255 11255 I ThermalEngine: Parsing section global
03-09 22:32:57.354 11255 11255 I ThermalEngine: Created section 'REPORT-FRONT'
03-09 22:32:57.354 11255 11255 I ThermalEngine: Algo Type 'monitor'
03-09 22:32:57.354 11255 11255 I ThermalEngine: Parsing section REPORT-FRONT
03-09 22:32:57.354 11255 11255 I ThermalEngine: Found field 'sampling'
03-09 22:32:57.354 11255 11255 I ThermalEngine: Found field 'sensor'
03-09 22:32:57.354 11255 11255 I ThermalEngine: Found field 'thresholds'
03-09 22:32:57.354 11255 11255 I ThermalEngine: Found field 'thresholds_clr'
03-09 22:32:57.354 11255 11255 I ThermalEngine: Found field 'actions'
03-09 22:32:57.354 11255 11255 I ThermalEngine: Found field 'action_info'
03-09 22:32:57.354 11255 11255 I ThermalEngine: Created section 'REPORT-BACK'
03-09 22:32:57.354 11255 11255 I ThermalEngine: Algo Type 'monitor'
03-09 22:32:57.354 11255 11255 I ThermalEngine: Parsing section REPORT-BACK
03-09 22:32:57.354 11255 11255 I ThermalEngine: Found field 'sampling'
03-09 22:32:57.354 11255 11255 I ThermalEngine: Found field 'sensor'
03-09 22:32:57.354 11255 11255 I ThermalEngine: Found field 'thresholds'
03-09 22:32:57.354 11255 11255 I ThermalEngine: Found field 'thresholds_clr'
03-09 22:32:57.354 11255 11255 I ThermalEngine: Found field 'actions'
03-09 22:32:57.354 11255 11255 I ThermalEngine: Found field 'action_info'
03-09 22:32:57.354 11255 11255 I ThermalEngine: Created section 'OVERRIDE-CHG'
03-09 22:32:57.354 11255 11255 I ThermalEngine: Algo Type 'monitor'
03-09 22:32:57.354 11255 11255 I ThermalEngine: Parsing section OVERRIDE-CHG
03-09 22:32:57.354 11255 11255 I ThermalEngine: Found field 'sampling'
03-09 22:32:57.354 11255 11255 I ThermalEngine: Found field 'sensor'
03-09 22:32:57.354 11255 11255 I ThermalEngine: Found field 'thresholds'
03-09 22:32:57.354 11255 11255 I ThermalEngine: Found field 'thresholds_clr'
03-09 22:32:57.354 11255 11255 I ThermalEngine: Found field 'actions'
03-09 22:32:57.354 11255 11255 I ThermalEngine: Found field 'action_info'
03-09 22:32:57.354 11255 11255 I ThermalEngine: Created section 'FREEZE-CHG'
03-09 22:32:57.354 11255 11255 I ThermalEngine: Algo Type 'monitor'
03-09 22:32:57.354 11255 11255 I ThermalEngine: Parsing section FREEZE-CHG
03-09 22:32:57.354 11255 11255 I ThermalEngine: Found field 'sampling'
03-09 22:32:57.354 11255 11255 I ThermalEngine: Found field 'sensor'
03-09 22:32:57.354 11255 11255 I ThermalEngine: Found field 'thresholds'
03-09 22:32:57.354 11255 11255 I ThermalEngine: Found field 'thresholds_clr'
03-09 22:32:57.354 11255 11255 I ThermalEngine: Found field 'actions'
03-09 22:32:57.354 11255 11255 I ThermalEngine: Found field 'action_info'
03-09 22:32:57.354 11255 11255 I ThermalEngine: Created section 'MON-CHG-BATT0'
03-09 22:32:57.354 11255 11255 I ThermalEngine: Algo Type 'monitor'
03-09 22:32:57.354 11255 11255 I ThermalEngine: Parsing section MON-CHG-BATT0
03-09 22:32:57.354 11255 11255 I ThermalEngine: Found field 'sampling'
03-09 22:32:57.354 11255 11255 I ThermalEngine: Found field 'sensor'
03-09 22:32:57.354 11255 11255 I ThermalEngine: Found field 'thresholds'
03-09 22:32:57.354 11255 11255 I ThermalEngine: Found field 'thresholds_clr'
03-09 22:32:57.354 11255 11255 I ThermalEngine: Found field 'actions'
03-09 22:32:57.354 11255 11255 I ThermalEngine: Found field 'action_info'
03-09 22:32:57.354 11255 11255 I ThermalEngine: Found field 'override_c'
03-09 22:32:57.354 11255 11255 I ThermalEngine: Found field 'freezing'
03-09 22:32:57.354 11255 11255 I ThermalEngine: Created section 'MON-CHG-BATT1'
03-09 22:32:57.354 11255 11255 I ThermalEngine: Algo Type 'monitor'
03-09 22:32:57.354 11255 11255 I ThermalEngine: Parsing section MON-CHG-BATT1
03-09 22:32:57.354 11255 11255 I ThermalEngine: Found field 'sampling'
03-09 22:32:57.354 11255 11255 I ThermalEngine: Found field 'sensor'
03-09 22:32:57.354 11255 11255 I ThermalEngine: Found field 'thresholds'
03-09 22:32:57.354 11255 11255 I ThermalEngine: Found field 'thresholds_clr'
03-09 22:32:57.354 11255 11255 I ThermalEngine: Found field 'actions'
03-09 22:32:57.354 11255 11255 I ThermalEngine: Found field 'action_info'
03-09 22:32:57.354 11255 11255 I ThermalEngine: Found field 'override_c'
03-09 22:32:57.354 11255 11255 I ThermalEngine: Found field 'freezing'
03-09 22:32:57.354 11255 11255 I ThermalEngine: Created section 'MON-CHG-BATT-SAFETY'
03-09 22:32:57.354 11255 11255 I ThermalEngine: Algo Type 'monitor'
03-09 22:32:57.354 11255 11255 I ThermalEngine: Parsing section MON-CHG-BATT-SAFETY
03-09 22:32:57.354 11255 11255 I ThermalEngine: Found field 'sampling'
03-09 22:32:57.354 11255 11255 I ThermalEngine: Found field 'sensor'
03-09 22:32:57.354 11255 11255 I ThermalEngine: Found field 'thresholds'
03-09 22:32:57.354 11255 11255 I ThermalEngine: Found field 'thresholds_clr'
03-09 22:32:57.354 11255 11255 I ThermalEngine: Found field 'actions'
03-09 22:32:57.354 11255 11255 I ThermalEngine: Found field 'action_info'
03-09 22:32:57.354 11255 11255 I ThermalEngine: Found field 'freezing'
03-09 22:32:57.354 11255 11255 I ThermalEngine: Created section 'MON-MSM-CPU0'
03-09 22:32:57.354 11255 11255 I ThermalEngine: Algo Type 'monitor'
03-09 22:32:57.354 11255 11255 I ThermalEngine: Parsing section MON-MSM-CPU0
03-09 22:32:57.354 11255 11255 I ThermalEngine: Found field 'sampling'
03-09 22:32:57.354 11255 11255 I ThermalEngine: Found field 'sensor'
03-09 22:32:57.354 11255 11255 I ThermalEngine: Found field 'thresholds'
03-09 22:32:57.354 11255 11255 I ThermalEngine: Found field 'thresholds_clr'
03-09 22:32:57.354 11255 11255 I ThermalEngine: Found field 'actions'
03-09 22:32:57.354 11255 11255 I ThermalEngine: Found field 'action_info'
03-09 22:32:57.354 11255 11255 I ThermalEngine: Created section 'SS-CPU4'
03-09 22:32:57.354 11255 11255 I ThermalEngine: Algo Type 'ss'
03-09 22:32:57.354 11255 11255 I ThermalEngine: Parsing section SS-CPU4
03-09 22:32:57.354 11255 11255 I ThermalEngine: Found field 'sampling'
03-09 22:32:57.354 11255 11255 I ThermalEngine: Found field 'sensor'
03-09 22:32:57.354 11255 11255 I ThermalEngine: Found field 'set_point'
03-09 22:32:57.354 11255 11255 I ThermalEngine: Found field 'set_point_clr'
03-09 22:32:57.354 11255 11255 I ThermalEngine: Found field 'device'
03-09 22:32:57.354 11255 11255 I ThermalEngine: Found field 'device_max_limit'
03-09 22:32:57.354 11255 11255 I ThermalEngine: Created section 'MON-MSM-CPU4'
03-09 22:32:57.354 11255 11255 I ThermalEngine: Algo Type 'monitor'
03-09 22:32:57.354 11255 11255 I ThermalEngine: Parsing section MON-MSM-CPU4
03-09 22:32:57.354 11255 11255 I ThermalEngine: Found field 'sampling'
03-09 22:32:57.354 11255 11255 I ThermalEngine: Found field 'sensor'
03-09 22:32:57.354 11255 11255 I ThermalEngine: Found field 'thresholds'
03-09 22:32:57.354 11255 11255 I ThermalEngine: Found field 'thresholds_clr'
03-09 22:32:57.354 11255 11255 I ThermalEngine: Found field 'actions'
03-09 22:32:57.354 11255 11255 I ThermalEngine: Found field 'action_info'
03-09 22:32:57.354 11255 11255 I ThermalEngine: Created section 'SS-CPU7'
03-09 22:32:57.354 11255 11255 I ThermalEngine: Algo Type 'ss'
03-09 22:32:57.354 11255 11255 I ThermalEngine: Parsing section SS-CPU7
03-09 22:32:57.354 11255 11255 I ThermalEngine: Found field 'sampling'
03-09 22:32:57.354 11255 11255 I ThermalEngine: Found field 'sensor'
03-09 22:32:57.354 11255 11255 I ThermalEngine: Found field 'set_point'
03-09 22:32:57.354 11255 11255 I ThermalEngine: Found field 'set_point_clr'
03-09 22:32:57.354 11255 11255 I ThermalEngine: Found field 'device'
03-09 22:32:57.354 11255 11255 I ThermalEngine: Found field 'device_max_limit'
03-09 22:32:57.354 11255 11255 I ThermalEngine: Created section 'MON-MSM-CPU7'
03-09 22:32:57.354 11255 11255 I ThermalEngine: Algo Type 'monitor'
03-09 22:32:57.354 11255 11255 I ThermalEngine: Parsing section MON-MSM-CPU7
03-09 22:32:57.354 11255 11255 I ThermalEngine: Found field 'sampling'
03-09 22:32:57.354 11255 11255 I ThermalEngine: Found field 'sensor'
03-09 22:32:57.354 11255 11255 I ThermalEngine: Found field 'thresholds'
03-09 22:32:57.354 11255 11255 I ThermalEngine: Found field 'thresholds_clr'
03-09 22:32:57.354 11255 11255 I ThermalEngine: Found field 'actions'
03-09 22:32:57.354 11255 11255 I ThermalEngine: Found field 'action_info'
03-09 22:32:57.354 11255 11255 I ThermalEngine: Created section 'PAUSE-CPU7'
03-09 22:32:57.354 11255 11255 I ThermalEngine: Algo Type 'monitor'
03-09 22:32:57.354 11255 11255 I ThermalEngine: Parsing section PAUSE-CPU7
03-09 22:32:57.354 11255 11255 I ThermalEngine: Found field 'sampling'
03-09 22:32:57.354 11255 11255 I ThermalEngine: Found field 'sensor'
03-09 22:32:57.354 11255 11255 I ThermalEngine: Found field 'thresholds'
03-09 22:32:57.354 11255 11255 I ThermalEngine: Found field 'thresholds_clr'
03-09 22:32:57.354 11255 11255 I ThermalEngine: Found field 'actions'
03-09 22:32:57.354 11255 11255 I ThermalEngine: Found field 'action_info'
03-09 22:32:57.354 11255 11255 I ThermalEngine: Created section 'SS-GPU'
03-09 22:32:57.354 11255 11255 I ThermalEngine: Algo Type 'ss'
03-09 22:32:57.354 11255 11255 I ThermalEngine: Parsing section SS-GPU
03-09 22:32:57.354 11255 11255 I ThermalEngine: Found field 'sampling'
03-09 22:32:57.354 11255 11255 I ThermalEngine: Found field 'sensor'
03-09 22:32:57.354 11255 11255 I ThermalEngine: Found field 'set_point'
03-09 22:32:57.354 11255 11255 I ThermalEngine: Found field 'set_point_clr'
03-09 22:32:57.354 11255 11255 I ThermalEngine: Found field 'device'
03-09 22:32:57.354 11255 11255 I ThermalEngine: Created section 'MON-SAFETY'
03-09 22:32:57.354 11255 11255 I ThermalEngine: Algo Type 'monitor'
03-09 22:32:57.354 11255 11255 I ThermalEngine: Parsing section MON-SAFETY
03-09 22:32:57.354 11255 11255 I ThermalEngine: Found field 'sampling'
03-09 22:32:57.354 11255 11255 I ThermalEngine: Found field 'sensor'
03-09 22:32:57.354 11255 11255 I ThermalEngine: Found field 'thresholds'
03-09 22:32:57.354 11255 11255 I ThermalEngine: Found field 'thresholds_clr'
03-09 22:32:57.354 11255 11255 I ThermalEngine: Found field 'actions'
03-09 22:32:57.354 11255 11255 I ThermalEngine: Found field 'action_info'
03-09 22:32:57.354 11255 11255 I ThermalEngine: Created section 'MON-SOFTDEV'
03-09 22:32:57.354 11255 11255 I ThermalEngine: Algo Type 'monitor'
03-09 22:32:57.354 11255 11255 I ThermalEngine: Parsing section MON-SOFTDEV
03-09 22:32:57.354 11255 11255 I ThermalEngine: Found field 'sampling'
03-09 22:32:57.354 11255 11255 I ThermalEngine: Found field 'sensor'
03-09 22:32:57.354 11255 11255 I ThermalEngine: Found field 'thresholds'
03-09 22:32:57.354 11255 11255 I ThermalEngine: Found field 'thresholds_clr'
03-09 22:32:57.354 11255 11255 I ThermalEngine: Found field 'actions'
03-09 22:32:57.377 11255 11441 I ThermalEngine: Monitor:ACTIVE:MON-wireless-charge:wireless_current=1250:BCHG_TEMP=40082
03-09 22:32:57.378 11255 11441 E ThermalEngine: Mitigation:WirelessCurrent:1250
03-09 22:32:57.387 11255 11442 I ThermalEngine: SS:ACTIVE:SS-CPU7:cpu-cluster2=0:FUSE_TEMP=39963
03-09 22:32:57.388  2195  2392 I SDM     : DisplayBase::SetDisplayState: active 0-0 state 0-0 pending_power_state_ 0
03-09 22:32:57.389  2300  2300 W ComposerExtn: DisplayExtnImpl::SetEarlyWakeUpConfig: HWC Display 2 is not registered!
03-09 22:32:57.389  2300  2300 D SurfaceFlinger: Finished setting power mode 0 on display 4630947043778501763
03-09 22:32:57.389  2214  2254 W ANDR-PERF-LM: FeatureState: readState() 151: warning: appName is NULL, returning default State
03-09 22:32:57.389  2214  2254 W ANDR-PERF-LM: FeatureState: readState() 151: warning: appName is NULL, returning default State
03-09 22:32:57.389  2214  2254 W ANDR-PERF-LM: FeatureState: readState() 151: warning: appName is NULL, returning default State
03-09 22:32:57.389  3163  5308 D SurfaceControl: Excessive delay in setPowerMode()
03-09 22:32:57.390  3163  5308 D PowerManagerService: nativeSetPowerMode ret:false mode:9 enabled:true duration ms: 0
03-09 22:32:57.390  2300  2300 E Scheduler: trackPendingFrame: Invalid present fence
03-09 22:32:57.392  3163  3229 V WindowManager: Content Recording: Display 1 state was (1), is now (1), so update recording?
03-09 22:32:57.392  3163  3229 D CLI/Transition: displaygroup 1, state OFF, pendingdisplaygroup -1
03-09 22:32:57.396  3163  3352 I WindowManager: Display 0 turning on...
03-09 22:32:57.397  3163  3352 I DisplayBrightnessStrategySelector: Changing the DisplayBrightnessStrategy from ScreenOffBrightnessStrategy to InvalidBrightnessStrategy for display 0
03-09 22:32:57.397  3163  5528 D WindowManager: mKeyguardDelegate.ShowListener.onDrawn.
03-09 22:32:57.397  3163  3229 W WindowManager: Setting mKeyguardDrawComplete
03-09 22:32:57.397  2064  2064 I sensors-hal: batch:206, android.sensor.light/51, period=250000000, max_latency=0
03-09 22:32:57.397  2064  2064 I sensors-hal: set_config:61, no need to adjust sample_period_ns due to reporting_mode = 2
03-09 22:32:57.397  2064  2064 I sensors-hal: batch:215, android.sensor.light/51, period=250000000, max_latency=0 request completed
03-09 22:32:57.398  2064  2064 I sensors-hal: activate:173, android.sensor.light/51 en=1
03-09 22:32:57.398  7545  7545 I FileStationLog: [ FS_h$a ] - [Display] Changed display: 1
03-09 22:32:57.398  2064  2064 I sensors-hal: get_qmi_debug_flag:239, support_qmi_debug : false
03-09 22:32:57.398 11255 11442 I ThermalEngine: SS:ACTIVE:SS-CPU4:cpu-cluster1=0:FUSE_TEMP=39948
03-09 22:32:57.399  2061  2108 E minksocket: MinkIPC_QRTR_Service: client with node 1 port 47ce went down
03-09 22:32:57.399  2061  2108 E minksocket: MinkIPC_QRTR_Service: client with node 1 port 47cf went down
03-09 22:32:57.400  2064  2064 E Diag_Lib: diag: Diag_LSM_Init: invoked for pid: 2064 with init_count: 0
03-09 22:32:57.400  2064  2064 E Diag_Lib: diag:failed to connect to diag socket
03-09 22:32:57.400  2061  2108 E minksocket: MinkIPC_QRTR_Service: client with node 1 port 47d0 went down
03-09 22:32:57.400  2061  2108 E minksocket: MinkIPC_QRTR_Service: client with node 1 port 47d1 went down
03-09 22:32:57.400  2064  2064 E Diag_Lib:  Diag_LSM_Init: Failed to open handle to diag driver, error = 13
03-09 22:32:57.400  2064  2064 I sensors-hal: send_sensor_config_request:463, dt=ambient_light: convert sample_period=250000000 to batch_period=250000
03-09 22:32:57.400  2064  2064 I sensors-hal: send_sync_sensor_request:341, send sync request
03-09 22:32:57.400  2064  2064 I sensors-hal: send_sync_sensor_request:367, wait for notification of response
03-09 22:32:57.401  7545  7545 I FileStationLog: [ FS_h$a ] - [Display] Ignoring change for non-default/desktop display: 1
03-09 22:32:57.403  2064 11461 I sensors-hal: ssc_conn_resp_cb:632, resp_value = 0
03-09 22:32:57.403  2064  2064 I sensors-hal: send_sync_sensor_request:373, takes 2 ms to receive the response with 0
03-09 22:32:57.403  2064  2064 I sensors-hal: activate:184, android.sensor.light/51 en=1 completed
03-09 22:32:57.408  2064  2064 I sensors-hal: batch:206, com.motorola.sensor.alternate_light/65959, period=250000000, max_latency=0
03-09 22:32:57.408  2064  2064 I sensors-hal: set_config:61, no need to adjust sample_period_ns due to reporting_mode = 2
03-09 22:32:57.408  2064  2064 I sensors-hal: batch:215, com.motorola.sensor.alternate_light/65959, period=250000000, max_latency=0 request completed
03-09 22:32:57.409  2064  4171 I slpi-MOT_HINGE: Hingeposture 110.0 tent:0 gpio:-1 flip:1 flat:1 b:1.6 8.2 5.2 7.2 38.9 60.2 f:1.5 7.3 -6.3 -380.6 70.2 -20.2
03-09 22:32:57.409  2064  2064 I sensors-hal: activate:173, com.motorola.sensor.alternate_light/65959 en=1
03-09 22:32:57.409  2064  2064 I sensors-hal: get_qmi_debug_flag:239, support_qmi_debug : false
03-09 22:32:57.410  2061  2108 E minksocket: MinkIPC_QRTR_Service: client with node 1 port 47d3 went down
03-09 22:32:57.410  2061  2108 E minksocket: MinkIPC_QRTR_Service: client with node 1 port 47d4 went down
03-09 22:32:57.411  2064  2064 E Diag_Lib: diag: Diag_LSM_Init: invoked for pid: 2064 with init_count: 0
03-09 22:32:57.411  2061  2108 E minksocket: MinkIPC_QRTR_Service: client with node 1 port 47d5 went down
03-09 22:32:57.411  2064  2064 E Diag_Lib: diag:failed to connect to diag socket
03-09 22:32:57.411  2061  2108 E minksocket: MinkIPC_QRTR_Service: client with node 1 port 47d6 went down
03-09 22:32:57.411  2064  2064 E Diag_Lib:  Diag_LSM_Init: Failed to open handle to diag driver, error = 13
03-09 22:32:57.411  2064  2064 I sensors-hal: send_sensor_config_request:463, dt=ambient_light_1: convert sample_period=250000000 to batch_period=250000
03-09 22:32:57.411  2064  2064 I sensors-hal: send_sync_sensor_request:341, send sync request
03-09 22:32:57.411  2064  2064 I sensors-hal: send_sync_sensor_request:367, wait for notification of response
03-09 22:32:57.414  2064 11465 I sensors-hal: ssc_conn_resp_cb:632, resp_value = 0
03-09 22:32:57.414  2064  2064 I sensors-hal: send_sync_sensor_request:373, takes 2 ms to receive the response with 0
03-09 22:32:57.414  2064  2064 I sensors-hal: activate:184, com.motorola.sensor.alternate_light/65959 en=1 completed
03-09 22:32:57.415  3163  3352 V DisplayPowerController2[0]: Brightness [0.17469335] reason changing to: 'manual', previous reason: 'screen_off'.
03-09 22:32:57.415  3163  3352 I DisplayPowerController2[0]: 03-09 22:32:57.415 - BrightnessEvent: disp=0, physDisp=local:4630947043778501762, displayState=ON, displayPolicy=BRIGHT, brt=0.17469335, initBrt=0.0, rcmdBrt=NaN, preBrt=NaN, lux=NaN, preLux=NaN, brtNits=22.878819, hdrNits=NaN, initNits=3.1465538, preNits=NaN, rcmdNits=NaN, hdrBrightness=NaN, brt(%)=20%, brtInt=45, hbmPolicy=normal, hbmMax=0.85440856, hbmMode=off, rbcStrength=50, thrmMax=1.0, powerFactor=1.0, wasShortTermModelActive=false, flags=invalid_lux , reason=manual, autoBrightness=true, strategy=InvalidBrightnessStrategy, autoBrightnessMode=default
03-09 22:32:57.416  3163  3352 D BrightnessThermalClamper: Thermal status observer already started
03-09 22:32:57.417  2723  7857 E VendorTagDescriptor: lookupTag: Tag name 'support_get_property_2_0' does not exist.
03-09 22:32:57.418  3163  3231 I DeviceStateManagerService: Cannot notify device state info change when pending state is present.
03-09 22:32:57.420  5625  5669 D ShellSplitScreen: onFoldedStateChanged: folded=false
03-09 22:32:57.422  3163  3231 I LogicalDisplayMapper: Requesting Transition to state: 4, from state=1, interactive=true, mBootCompleted=true
03-09 22:32:57.422  3163  3231 I LogicalDisplayMapper: Applying layout: [{dispId: 0(ON), displayGroupName: , addr: {port=130, model=0x40446dccee101c}, mThermalBrightnessThrottlingMapId: null, mRefreshRateZoneId: null, mLeadDisplayId: -1, mLeadDisplayAddress: null, mThermalRefreshRateThrottlingMapId: null, mPowerThrottlingMapId: null}], Previous layout: [{dispId: 0(ON), displayGroupName: , addr: {port=130, model=0x40446dccee101c}, mThermalBrightnessThrottlingMapId: null, mRefreshRateZoneId: null, mLeadDisplayId: -1, mLeadDisplayAddress: null, mThermalRefreshRateThrottlingMapId: null, mPowerThrottlingMapId: null}]
03-09 22:32:57.422  3163  3227 D TouchHwAidlService: onStateChanged.. state=4
03-09 22:32:57.422  5625  5625 I KgdSliceProvider: The weather info has not change, does not need to be updated. mTempF=-999 iconNumber=-999 celsius=true
03-09 22:32:57.424  3163  5305 D PowerManagerService: nativeSetPowerMode ret:false mode:9 enabled:false duration ms: 0
03-09 22:32:57.424  3163  5305 D TouchHwAidlService: setDisplayState: mScreenOff=false
03-09 22:32:57.424  3163  5305 D LocalDisplayAdapter: setDisplayPowerMode mode=2 for display=android.os.BinderProxy@d90d011
03-09 22:32:57.426  3163  3352 D BrightnessThermalClamper: Thermal status observer already started
03-09 22:32:57.426  3163  3352 D BrightnessThermalClamper: Thermal status observer already started
03-09 22:32:57.426  3163  3229 D CLI/SmallCLI: onDeviceLidStateChanged: state=LAPTOP
03-09 22:32:57.432  3163  3231 I DisplayDeviceRepository: Display device changed state: "Built-in Screen", ON
03-09 22:32:57.435  3163  4279 I CLI/Transition_Device: lid state changed: OPEN -> OPEN, device state changed to LAPTOP
03-09 22:32:57.435  5625  5625 I vol.VolumeDialogImpl: mDialog.dismiss() reason: posture_changed from: com.android.systemui.volume.VolumeDialogImpl$H.handleMessage:111 displayId: 0 mShowing: false mIsAnimatingDismiss: false
03-09 22:32:57.442  3163  3232 I DisplayDevice: [0] Layerstack set to 0 for local:4630947043778501762 mDisplayToken=android.os.BinderProxy@d90d011 t=Transaction{mNativeObject=-5476376673043675440, mHashCode=0}
03-09 22:32:57.443  3163  3229 W WindowManager: All windows drawn on display -1
03-09 22:32:57.443  3163  4279 D CLI/Rotation: Set volume keyswap sysprop for rotation 2 lidState OPEN
03-09 22:32:57.444  2300  2300 E Scheduler: trackPendingFrame: Invalid present fence
03-09 22:32:57.444  3163  4279 I WindowManager: updateRotationUnchecked CLI real rotation changed:3, rotation:3
03-09 22:32:57.444  3163  3163 I BrightnessSynchronizer: New Update: {[2896] 0.17469335(f), mUpdatedTypes=0, mConfirmedTypes=0, mTimeUpdated=0, mState=2}
03-09 22:32:57.446  3163  3231 I InputManager-JNI: Viewport [0] to add: local:4630947043778501762, isActive: true
03-09 22:32:57.446  3163  3231 I InputManager-JNI: Viewport [1] to add: local:4630947043778501763, isActive: false
03-09 22:32:57.448  3163  3229 D WindowManager: finishScreenTurningOn..
03-09 22:32:57.448  3163  3229 D WindowManager: enableScreen mKeyguardDrawnOnce=true awake=true mBootMessageNeedsHiding=false
03-09 22:32:57.449  3163  4285 I InputReader: Reconfiguring input devices, changes=DISPLAY_INFO
03-09 22:32:57.449  3163  4285 I InputReader: Device reconfigured: id=7, name='goodix_ts', size 1080x2640, orientation Rotation0, mode DIRECT, display id 0
03-09 22:32:57.449  3163  3229 D CLI/Transition: displaygroup 0, state ON, pendingdisplaygroup -1
03-09 22:32:57.449  3163  4285 I InputReader: Disabling zinitix_mt (device 6) because the associated viewport is not active
03-09 22:32:57.449  3163  4285 I InputReader: Device reconfigured: id=6, name='zinitix_mt', size 194x368, orientation Rotation0, mode DISABLED, display id 1
03-09 22:32:57.450  3163  3227 D TouchHwAidlService: updateDefaultDisplayState: mScreenOn=true
03-09 22:32:57.450 26976 27604 D MCLOG   : [BrightnessTrigger] onDisplayChanged displayId = 0
03-09 22:32:57.452  2067  2174 D AHAL: AudioDevice: SetParameters: 1564: enter: screen_state=on
03-09 22:32:57.452  2067  2174 D AHAL: AudioVoice: VoiceSetParameters: 87: Enter params: screen_state=on
03-09 22:32:57.452  2067  2174 D AHAL: AudioVoice: VoiceSetParameters: 360: Exit ret: 0
03-09 22:32:57.452  2067  2174 D AHAL: FM: fm_set_parameters: 262: Enter
03-09 22:32:57.452  2067  2174 D AHAL: FM: fm_set_parameters: 320: exit
03-09 22:32:57.452  2067  2174 D AHAL: AudioDevice: SetParameters: 1625:  - screen = on
03-09 22:32:57.453  2067  2174 I PAL: ResourceManager: setParameter: 8311: Screen State:1
03-09 22:32:57.453  2067  2174 D AHAL: AudioDevice: SetParameters: 2361: exit: screen_state=on
03-09 22:32:57.453 11255 11441 I ThermalEngine: Monitor:ACTIVE:MON-CHG-BATT0:battery=6:BCHG_TEMP=40085
03-09 22:32:57.453  2067  2174 D AHAL: AudioDevice: SetParameters: 1564: enter: device_folded=off
03-09 22:32:57.453  2067  2174 D AHAL: AudioVoice: VoiceSetParameters: 87: Enter params: device_folded=off
03-09 22:32:57.453  2067  2174 D AHAL: AudioVoice: VoiceSetParameters: 360: Exit ret: 0
03-09 22:32:57.453  2067  2174 D AHAL: FM: fm_set_parameters: 262: Enter
03-09 22:32:57.453  2067  2174 D AHAL: FM: fm_set_parameters: 320: exit
03-09 22:32:57.453  2067  2174 D AHAL: AudioDevice: SetParameters: 2361: exit: device_folded=off
03-09 22:32:57.454  7545  7545 I FileStationLog: [ FS_h$a ] - [Display] Changed display: 0
03-09 22:32:57.454  7545  7545 I FileStationLog: [ FS_h ] - [Logic] Retrieved display info: LogicDisplayInfo(width=1080, height=2640, orientation=1, rotation=0, displayId=0)
03-09 22:32:57.454  7545  7545 I FileStationLog: [ FS_h$a ] - [Display] New logical size: 1080x2640
03-09 22:32:57.454  3163  3183 I system_server: Background concurrent mark compact GC freed 96MB AllocSpace bytes, 28(2840KB) LOS objects, 49% free, 97MB/193MB, paused 2.373ms,6.097ms total 787.956ms
03-09 22:32:57.454  7545  7545 I FileStationLog: [ FS_h$a ] - [Display] Screen width unchanged: 1080
03-09 22:32:57.454 11255 11441 E ThermalEngine: First running, skip
03-09 22:32:57.454 11255 11441 I ThermalEngine: Monitor:ACTIVE:OVERRIDE-CHG:internal_override=1:DETECT-STANDBY=1
03-09 22:32:57.454  5993  5993 I NearbyDiscovery: (REDACTED) FastPairDisplayObserver: %s -> %s
03-09 22:32:57.454 11255 11441 I ThermalEngine: ACTION: override_c - Setting override_c to 1
03-09 22:32:57.455 26976 27604 D MCLOG   : [BrightnessManager] displayId = 0 brightness = 0.17469335 nit = 22.878819 level = br1
03-09 22:32:57.455  5993  8761 I NearbyDiscovery: (REDACTED) PureOffloadFastPairScanner: eventType=%s, isInternalReq=%s, isScanning=%s, isScanningAllowed=%s
03-09 22:32:57.455  5993  8761 I NearbyDiscovery: (REDACTED) ApFastPairScanner: isScreenOn=%s, isLocationEnabled=%s, disableLocationRequirement=%s, isDiscoveryScanningEnabled=%s, during24GhzWifiWarmingUpPeriod=%s
03-09 22:32:57.455 11255 11440 I ThermalEngine: Thermal-Server: Thermal received msg from  override_c
03-09 22:32:57.455  5993  8761 D BluetoothAdapter: isLeEnabled(): ON
03-09 22:32:57.455  5993  8761 I NearbyDiscovery: (REDACTED) ApFastPairScanner: eventType=%s, intReq=%s, scanning=%s, scanAllowed=%s, bleEnabled=%s, lockScanRate=%s, startScanningByLowPowerMode=%s
03-09 22:32:57.455 11255 11466 I Thermal-Lib: Thermal-Lib-Client: Client request sent
03-09 22:32:57.456  3163  3231 D PanelsService: updateDefaultDisplayState: mScreenState=ON
03-09 22:32:57.460  3163  3231 I WindowManager: Override config changes=20000000 {1.0 ?mcc0mnc [en_US] ldltr sw111dp w210dp h111dp 280dpi smll land night mot-cli finger -keyb/v/h -nav/h winConfig={ mBounds=Rect(0, 0 - 368, 194) mAppBounds=Rect(0, 0 - 368, 194) mMaxBounds=Rect(0, 0 - 368, 194) mDisplayRotation=ROTATION_270 mWindowingMode=fullscreen mActivityType=undefined mAlwaysOnTop=undefined mRotation=ROTATION_270} ?fontWeightAdjustment ?spn ?gid} for displayId=1
03-09 22:32:57.467  3163  3231 W ServiceManagerCppClient: Failed to get isDeclared for com.motorola.hardware.display.panel.IDisplayPanel/default: Status(-1, EX_SECURITY): 'SELinux denied.'
03-09 22:32:57.467  3163  3231 D DisplayPanelService: Setting panel dc mode: 0
03-09 22:32:57.467  2090  2090 I DisplayPanel: setDcMode: DC mode = OFF
03-09 22:32:57.467  2090  2090 D DisplayPanel: setParam: Success set DC to 0 for Primary display
03-09 22:32:57.468  5658  6105 I bt_shim_scanner: system/main/shim/le_scanning_manager.cc:185 Scan: in shim layer stopped
03-09 22:32:57.468  5658  5907 I bluetooth: system/gd/hci/le_address_manager.cc:244 unregister_client: Client unregistered
03-09 22:32:57.468  5658  5907 I bluetooth: system/gd/hci/le_address_manager.cc:248 unregister_client: Cancelled address rotation alarm
03-09 22:32:57.469  5658  6105 W BtGatt.JNI: android/app/jni/com_android_bluetooth_gatt.cpp:1597 gattSetScanParametersNative: gattSetScanParametersNative
03-09 22:32:57.469  5658  6105 I bt_shim_scanner: system/main/shim/le_scanning_manager.cc:363 SetScanParameters: in shim layer, scannerId=1
03-09 22:32:57.469  5658  6105 I bt_shim_scanner: system/main/shim/le_scanning_manager.cc:185 Scan: in shim layer started
03-09 22:32:57.469  3163  3229 V WindowManager: Content Recording: Display 1 state was (1), is now (1), so update recording?
03-09 22:32:57.469  3163  3229 D CLI/Transition: displaygroup 1, state OFF, pendingdisplaygroup -1
03-09 22:32:57.470  5658  5907 I bluetooth: system/gd/hci/le_scanning_manager.cc:690 stop_scan: Scanning already stopped, return!
03-09 22:32:57.470  5658  5907 I bluetooth: system/gd/hci/le_address_manager.cc:226 register_client: Scheduled address rotation for first client registered
03-09 22:32:57.470  5658  5907 I bluetooth: system/gd/hci/le_address_manager.cc:229 register_client: Client registered
03-09 22:32:57.470  2068  6060 I vendor.qti.bluetooth@1.0-ibs_handler: ProcessIbsCmd: Received IBS_WAKE_IND: 0xFD
03-09 22:32:57.470  2068  6060 I vendor.qti.bluetooth@1.0-ibs_handler: ProcessIbsCmd: Writing IBS_WAKE_ACK
03-09 22:32:57.474 11255 11441 I ThermalEngine: Monitor:ACTIVE:MON-CHG-BATT1:battery=5:BCHG_TEMP=40103
03-09 22:32:57.474  2300  2300 D SurfaceFlinger: Setting power mode 2 on display 4630947043778501762
03-09 22:32:57.474  7545  7545 I FileStationLog: [ FS_h$a ] - [Display] Changed display: 1
03-09 22:32:57.474  3163  3231 W AccessibilityWindowsPopulator: The displayInfo of this displayId (0) called back from the surface fligner is null
03-09 22:32:57.476  5625  5669 I DisplayController: CLI display config changed. dpi:280, fontScale:1.0
03-09 22:32:57.476  5625  5669 V ShellDragAndDrop: Display changed: 1
03-09 22:32:57.477  7545  7545 I FileStationLog: [ FS_h$a ] - [Display] Ignoring change for non-default/desktop display: 1
03-09 22:32:57.478  2064  2064 I sensors-hal: batch:206, android.sensor.light/51, period=200000000, max_latency=0
03-09 22:32:57.478  2064  2064 I sensors-hal: set_config:61, no need to adjust sample_period_ns due to reporting_mode = 2
03-09 22:32:57.478  2064  2064 I sensors-hal: send_sensor_config_request:463, dt=ambient_light: convert sample_period=200000000 to batch_period=200000
03-09 22:32:57.478  2064  2064 I sensors-hal: send_sync_sensor_request:341, send sync request
03-09 22:32:57.478  2064  2064 I sensors-hal: send_sync_sensor_request:367, wait for notification of response
03-09 22:32:57.481  2064 11461 I sensors-hal: ssc_conn_resp_cb:632, resp_value = 0
03-09 22:32:57.481  2064 11461 I sensors-hal: handle_indication_realtime:467,  SCHED_FIFO(10) for qmi_cbk
03-09 22:32:57.481  2064 11465 I sensors-hal: handle_indication_realtime:467,  SCHED_FIFO(10) for qmi_cbk
03-09 22:32:57.482  2064  2064 I sensors-hal: send_sync_sensor_request:373, takes 3 ms to receive the response with 0
03-09 22:32:57.482  2064  2064 I sensors-hal: batch:215, android.sensor.light/51, period=200000000, max_latency=0 request completed
03-09 22:32:57.482  3163  3184 I BpBinder: onLastStrongRef automatically unlinking death recipients: 
03-09 22:32:57.513  2068  6060 I vendor.qti.bluetooth@1.0-ibs_handler: ProcessIbsCmd: Received IBS_SLEEP_IND: 0xFE
03-09 22:32:57.521  2064  4171 D slpi    : tmd2712: Als lux: 1.60, ch0: 27, ch1: 1, scale: 1.08, atime:50.04, again:1024
03-09 22:32:57.521  2300  2300 I Scheduler: Display 4630947043778501762 is the pacesetter
03-09 22:32:57.521  2300  2300 I Scheduler: promotePacesetterDisplayLocked, mAcceptScrollEvent=1
03-09 22:32:57.521  2300  2300 I Scheduler: promotePacesetterDisplayLocked, mAcceptTouchNotBoostEvent=0
03-09 22:32:57.528  2064 11229 E sensors-hal: handle_sns_client_event:62, mot_disprot_event: now=39933432855711 ts=39933413465763, type=0, status=3
03-09 22:32:57.533  3163  3185 W system_server: ApkAssets: Deleting an ApkAssets object '<empty> and /data/app/~~vblSUOIFmJMcd2iQozsMEw==/io.appium.settings-y_bUEUiCIapHWGJ1bK5L4w==/base.apk' with 1 weak references
03-09 22:32:57.538  2300  2300 D SurfaceFlinger: Setting desired display mode specs: {0, false, PR={p[24.00-120.00]Hz, r[24.00-120.00]Hz}, AR={p[0.00-120.00]Hz, r[0.00-120.00]Hz}} for display 4630947043778501762
03-09 22:32:57.544  2300  2300 I SurfaceFlinger: Switching to Scheduler preferred mode 0 (120.00 Hz) for display 4630947043778501762
03-09 22:32:57.544  2300  2300 D DisplayModeController: setDesiredMode 4630947043778501762 {mode={fps=120.00 Hz, modePtr={id=0, vsyncRate=120.00 Hz, peakRefreshRate=120.00 Hz}}, emitEvent=true, force=false}
03-09 22:32:57.545  2195  2392 I SDM     : DisplayBase::SetDisplayState: Set state = 1, display 57-0, teardown = 0
03-09 22:32:57.545  2195  2392 I SDM     : HWDeviceDRM::NullCommit: Null commit succeeded crtc=141
03-09 22:32:57.545  3163  3185 W system_server: ApkAssets: Deleting an ApkAssets object '<empty> and /data/app/~~oh18E6OPe75t2j1pIlTLCA==/com.google.android.gms-WmJzXfiTA3epqGUme2kT3Q==/base.apk' with 1 weak references
03-09 22:32:57.547  3163  3229 W BoostOptController: not supported hint: 118
03-09 22:32:57.558  3163  3185 W system_server: ApkAssets: Deleting an ApkAssets object '<empty> and /data/app/~~oh18E6OPe75t2j1pIlTLCA==/com.google.android.gms-WmJzXfiTA3epqGUme2kT3Q==/split_CronetDynamite_installtime.apk' with 1 weak references
03-09 22:32:57.558  3163  3185 W system_server: ApkAssets: Deleting an ApkAssets object '<empty> and /data/app/~~oh18E6OPe75t2j1pIlTLCA==/com.google.android.gms-WmJzXfiTA3epqGUme2kT3Q==/split_DynamiteLoader_installtime.apk' with 1 weak references
03-09 22:32:57.558  3163  3185 W system_server: ApkAssets: Deleting an ApkAssets object '<empty> and /data/app/~~oh18E6OPe75t2j1pIlTLCA==/com.google.android.gms-WmJzXfiTA3epqGUme2kT3Q==/split_DynamiteModulesA_installtime.apk' with 1 weak references
03-09 22:32:57.559  3163  3185 W system_server: ApkAssets: Deleting an ApkAssets object '<empty> and /data/app/~~oh18E6OPe75t2j1pIlTLCA==/com.google.android.gms-WmJzXfiTA3epqGUme2kT3Q==/split_DynamiteModulesC_installtime.apk' with 1 weak references
03-09 22:32:57.569  3163  3185 W system_server: ApkAssets: Deleting an ApkAssets object '<empty> and /data/app/~~oh18E6OPe75t2j1pIlTLCA==/com.google.android.gms-WmJzXfiTA3epqGUme2kT3Q==/split_GoogleCertificates_installtime.apk' with 1 weak references
03-09 22:32:57.571  3163  3227 D PowerManagerService: nativeReleaseSuspendBlocker name:PowerManagerService.Broadcasts duration ms: 1
03-09 22:32:57.576  3163  3185 W system_server: ApkAssets: Deleting an ApkAssets object '<empty> and /data/app/~~oh18E6OPe75t2j1pIlTLCA==/com.google.android.gms-WmJzXfiTA3epqGUme2kT3Q==/split_MapsDynamite_installtime.apk' with 1 weak references
03-09 22:32:57.580  3163  3185 W system_server: ApkAssets: Deleting an ApkAssets object '<empty> and /data/app/~~oh18E6OPe75t2j1pIlTLCA==/com.google.android.gms-WmJzXfiTA3epqGUme2kT3Q==/split_MeasurementDynamite_installtime.apk' with 1 weak references
03-09 22:32:57.580  3721 28643 D LOWI-9.0.1.68: [LOWI-Scan] wait_event:Wait done with Cmd 34
03-09 22:32:57.580  3721 28643 D LOWI-9.0.1.68: [LOWI-Scan] do_listen_events: Rcvd valid Netlink Cmd 34 Err 0
03-09 22:32:57.580  3721 28643 D LOWI-9.0.1.68: [LOWI-Scan] 
03-09 22:32:57.580  3721 28643 D LOWI-9.0.1.68: [LOWI-Scan] BSS c0:94:35:**:**:fe FREQ: 2437, cFreq1[40:80:160] = [2437:0:0] cFreq2 = 0 SSID micasa, RSSI(dBM): -57, 11mcRanging: No, Country Code = USI
03-09 22:32:57.580  3721 28643 D LOWI-9.0.1.68: [LOWI-Scan]  -- associated
03-09 22:32:57.580  3721 28643 D LOWI-9.0.1.68: [LOWI-Scan] 
03-09 22:32:57.580  3721 28643 D LOWI-9.0.1.68: [LOWI-Scan] BSS c0:94:35:**:**:ff FREQ: 5785, cFreq1[40:80:160] = [5795:5775:0] cFreq2 = 0 SSID micasa, RSSI(dBM): -59, 11mcRanging: No, Country Code = USI
03-09 22:32:57.580  3721 28643 D LOWI-9.0.1.68: [LOWI-Scan] 
03-09 22:32:57.580  3721 28643 D LOWI-9.0.1.68: [LOWI-Scan] BSS ca:94:35:**:**:ff FREQ: 5785, cFreq1[40:80:160] = [5795:5775:0] cFreq2 = 0 SSID xfinitywifi, RSSI(dBM): -62, 11mcRanging: No, Country Code = USI
03-09 22:32:57.580  3721 28643 D LOWI-9.0.1.68: [LOWI-Scan] 
03-09 22:32:57.580  3721 28643 D LOWI-9.0.1.68: [LOWI-Scan] BSS d2:94:35:**:**:ff FREQ: 5785, cFreq1[40:80:160] = [5795:5775:0] cFreq2 = 0 SSID Xfinity Mobile, RSSI(dBM): -81, 11mcRanging: No, Country Code = USI
03-09 22:32:57.580  3721 28643 D LOWI-9.0.1.68: [LOWI-Scan] 
03-09 22:32:57.580  3721 28643 D LOWI-9.0.1.68: [LOWI-Scan] BSS 82:da:c2:**:**:39 FREQ: 2412, cFreq1[40:80:160] = [0:0:0] cFreq2 = 0 SSID drama, RSSI(dBM): -73, 11mcRanging: No, Country Code = US
03-09 22:32:57.580  3721 28643 D LOWI-9.0.1.68: [LOWI-Scan] 
03-09 22:32:57.580  3721 28643 D LOWI-9.0.1.68: [LOWI-Scan] BSS 82:da:c2:**:**:3a FREQ: 5220, cFreq1[40:80:160] = [5230:5210:0] cFreq2 = 0 SSID drama, RSSI(dBM): -81, 11mcRanging: No, Country Code = US
03-09 22:32:57.580  3721 28643 D LOWI-9.0.1.68: [LOWI-Scan] 
03-09 22:32:57.580  3163  3185 W system_server: ApkAssets: Deleting an ApkAssets object '<empty> and /data/app/~~oh18E6OPe75t2j1pIlTLCA==/com.google.android.gms-WmJzXfiTA3epqGUme2kT3Q==/split_config.en.apk' with 1 weak references
03-09 22:32:57.580  3721 28643 D LOWI-9.0.1.68: [LOWI-Scan] BSS 02:13:ef:**:**:52 FREQ: 5765, cFreq1[40:80:160] = [5755:5775:0] cFreq2 = 0 SSID NETGEAR74-5G-5G_EXT, RSSI(dBM): -70, 11mcRanging: No, Country Code = CN
03-09 22:32:57.580  3721 28643 D LOWI-9.0.1.68: [LOWI-Scan] 
03-09 22:32:57.580  3721 28643 D LOWI-9.0.1.68: [LOWI-Scan] BSS 82:da:c2:**:**:3c FREQ: 5220, cFreq1[40:80:160] = [5230:5210:0] cFreq2 = 0 SSID xfinitywifi, RSSI(dBM): -82, 11mcRanging: No, Country Code = US
03-09 22:32:57.580  3721 28643 D LOWI-9.0.1.68: [LOWI-Scan] 
03-09 22:32:57.580  3721 28643 D LOWI-9.0.1.68: [LOWI-Scan] BSS 16:7f:67:**:**:c8 FREQ: 2462, cFreq1[40:80:160] = [0:0:0] cFreq2 = 0 SSID [LG_Oven]92c8, RSSI(dBM): -75, 11mcRanging: No, Country Code =    
03-09 22:32:57.580  3721 28643 D LOWI-9.0.1.68: [LOWI-Scan] 
03-09 22:32:57.580  3721 28643 D LOWI-9.0.1.68: [LOWI-Scan] BSS 82:da:c2:**:**:3f FREQ: 5220, cFreq1[40:80:160] = [5230:5210:0] cFreq2 = 0 SSID , RSSI(dBM): -82, 11mcRanging: No, Country Code = US
03-09 22:32:57.580  3721 28643 D LOWI-9.0.1.68: [LOWI-Scan] 
03-09 22:32:57.580  3721 28643 D LOWI-9.0.1.68: [LOWI-Scan] BSS 82:da:c2:**:**:3d FREQ: 5220, cFreq1[40:80:160] = [5230:5210:0] cFreq2 = 0 SSID , RSSI(dBM): -82, 11mcRanging: No, Country Code = US
03-09 22:32:57.580  3721 28643 D LOWI-9.0.1.68: [LOWI-Scan] 
03-09 22:32:57.580  3721 28643 D LOWI-9.0.1.68: [LOWI-Scan] BSS 8c:61:a3:**:**:3b FREQ: 2437, cFreq1[40:80:160] = [0:0:0] cFreq2 = 0 SSID TealRabbit, RSSI(dBM): -78, 11mcRanging: No, Country Code = US 
03-09 22:32:57.580  3721 28643 D LOWI-9.0.1.68: [LOWI-Scan] 
03-09 22:32:57.580  3721 28643 D LOWI-9.0.1.68: [LOWI-Scan] BSS 88:ad:43:**:**:48 FREQ: 2462, cFreq1[40:80:160] = [0:0:0] cFreq2 = 0 SSID SENSOR, RSSI(dBM): -82, 11mcRanging: No, Country Code = US 
03-09 22:32:57.580  3721 28643 D LOWI-9.0.1.68: [LOWI-Scan] 
03-09 22:32:57.580  3721 28643 D LOWI-9.0.1.68: [LOWI-Scan] adjust_age:AP AGE upper limit reached. Dont store
03-09 22:32:57.580  3721 28643 D LOWI-9.0.1.68: [LOWI-Scan] BSS 28:94:01:**:**:6b FREQ: 2442, cFreq1[40:80:160] = [2442:0:0] cFreq2 = 0 SSID NETGEAR74, RSSI(dBM): -78, 11mcRanging: No, Country Code =    
03-09 22:32:57.580  3163  3185 W system_server: ApkAssets: Deleting an ApkAssets object '<empty> and /data/app/~~oh18E6OPe75t2j1pIlTLCA==/com.google.android.gms-WmJzXfiTA3epqGUme2kT3Q==/split_config.xxhdpi.apk' with 1 weak references
03-09 22:32:57.580  3721 28643 D LOWI-9.0.1.68: [LOWI-Scan] 
03-09 22:32:57.580  3721 28643 D LOWI-9.0.1.68: [LOWI-Scan] adjust_age:AP AGE upper limit reached. Dont store
03-09 22:32:57.580  3721 28643 D LOWI-9.0.1.68: [LOWI-Scan] BSS d6:e2:2f:**:**:ec FREQ: 5785, cFreq1[40:80:160] = [0:0:0] cFreq2 = 0 SSID , RSSI(dBM): -73, 11mcRanging: No, Country Code = US 
03-09 22:32:57.580  3721 28643 D LOWI-9.0.1.68: [LOWI-Scan] 
03-09 22:32:57.580  3721 28643 D LOWI-9.0.1.68: [LOWI-Scan] BSS ce:94:35:**:**:ff FREQ: 5785, cFreq1[40:80:160] = [5795:5775:0] cFreq2 = 0 SSID , RSSI(dBM): -62, 11mcRanging: No, Country Code = USI
03-09 22:32:57.580  3721 28643 D LOWI-9.0.1.68: [LOWI-Scan] 
03-09 22:32:57.580  3721 28643 D LOWI-9.0.1.68: [LOWI-Scan] BSS d6:94:35:**:**:ff FREQ: 5785, cFreq1[40:80:160] = [5795:5775:0] cFreq2 = 0 SSID , RSSI(dBM): -62, 11mcRanging: No, Country Code = USI
03-09 22:32:57.580  3721 28643 D LOWI-9.0.1.68: [LOWI-Scan] 
03-09 22:32:57.580  3721 28643 D LOWI-9.0.1.68: [LOWI-Scan] adjust_age:AP AGE upper limit reached. Dont store
03-09 22:32:57.580  3721 28643 D LOWI-9.0.1.68: [LOWI-Scan] BSS 9e:61:a3:**:**:3c FREQ: 5180, cFreq1[40:80:160] = [5190:5210:0] cFreq2 = 0 SSID xfinitywifi, RSSI(dBM): -86, 11mcRanging: No, Country Code = US 
03-09 22:32:57.580  3721 28643 D LOWI-9.0.1.68: [LOWI-Scan] 
03-09 22:32:57.580  3721 28643 D LOWI-9.0.1.68: [LOWI-Scan] adjust_age:AP AGE upper limit reached. Dont store
03-09 22:32:57.580  3721 28643 D LOWI-9.0.1.68: [LOWI-Scan] BSS ce:61:a3:**:**:3c FREQ: 5180, cFreq1[40:80:160] = [5190:5210:0] cFreq2 = 0 SSID , RSSI(dBM): -87, 11mcRanging: No, Country Code = US 
03-09 22:32:57.580  3721 28643 D LOWI-9.0.1.68: [LOWI-Scan] 
03-09 22:32:57.580  3721 28643 D LOWI-9.0.1.68: [LOWI-Scan] adjust_age:AP AGE upper limit reached. Dont store
03-09 22:32:57.580  3721 28643 D LOWI-9.0.1.68: [LOWI-Scan] BSS 96:ad:43:**:**:48 FREQ: 2462, cFreq1[40:80:160] = [0:0:0] cFreq2 = 0 SSID , RSSI(dBM): -85, 11mcRanging: No, Country Code = US 
03-09 22:32:57.580  3721 28643 D LOWI-9.0.1.68: [LOWI-Scan] 
03-09 22:32:57.580  3721 28643 D LOWI-9.0.1.68: [LOWI-Scan] adjust_age:AP AGE upper limit reached. Dont store
03-09 22:32:57.580  3721 28643 D LOWI-9.0.1.68: [LOWI-Scan] BSS ce:61:a3:**:**:3b FREQ: 2437, cFreq1[40:80:160] = [0:0:0] cFreq2 = 0 SSID , RSSI(dBM): -79, 11mcRanging: No, Country Code = US 
03-09 22:32:57.580  3721 28643 D LOWI-9.0.1.68: [LOWI-Scan] 
03-09 22:32:57.580  3721 28643 D LOWI-9.0.1.68: [LOWI-Scan] BSS ce:94:35:**:**:fe FREQ: 2437, cFreq1[40:80:160] = [2437:0:0] cFreq2 = 0 SSID , RSSI(dBM): -57, 11mcRanging: No, Country Code = USI
03-09 22:32:57.581  3721 28643 D LOWI-9.0.1.68: [LOWI-Scan] 
03-09 22:32:57.581  3721 28643 D LOWI-9.0.1.68: [LOWI-Scan] BSS d6:94:35:**:**:fe FREQ: 2437, cFreq1[40:80:160] = [2437:0:0] cFreq2 = 0 SSID , RSSI(dBM): -55, 11mcRanging: No, Country Code = USI
03-09 22:32:57.581  3721 28643 D LOWI-9.0.1.68: [LOWI-Scan] 
03-09 22:32:57.581  3721 28643 D LOWI-9.0.1.68: [LOWI-Scan] BSS ae:61:a3:**:**:3b FREQ: 2437, cFreq1[40:80:160] = [0:0:0] cFreq2 = 0 SSID , RSSI(dBM): -77, 11mcRanging: No, Country Code = US 
03-09 22:32:57.581  3721 28643 D LOWI-9.0.1.68: [LOWIDiagLog] Log: lowiMeasResult->request: invalid null argument
03-09 22:32:57.581  3721 28643 I LOWI-9.0.1.68: [LOWI-Scan] lowi_close_record:Scan done in 39855164ms, 24 APs in scan results
03-09 22:32:57.581  3721 28643 D LOWI-9.0.1.68: [LOWI-Scan] WipsScanUsingNL: passive scan cached 0, took 12928 ms, err 0
03-09 22:32:57.581  3721 28643 D LOWI-9.0.1.68: [LOWI-Scan] lowi_proc_req_passive_scan_with_live_meas - No WLAN Frames to be parsed
03-09 22:32:57.581  3721 28643 D LOWI-9.0.1.68: [LOWIScanResultReceiver] Send scan meas to listener
03-09 22:32:57.581  3721 28643 D LOWI-9.0.1.68: [LOWIScanResultReceiver] Enter passive listening mode
03-09 22:32:57.581  3721 28643 D LOWI-9.0.1.68: [LOWIWifiDriverInterface] getMeasurements - Passive listening mode
03-09 22:32:57.581  3721 28643 D LOWI-9.0.1.68: [LOWI-Scan] WipsScanUsingNL:wait -1 sec for netlink message
03-09 22:32:57.581  3721  3732 D LOWI-9.0.1.68: [LOWIEventReceiver] handleEvent:FROM:NA, TO:NA, REQ:NA, IREQ:NA, REQ_ID:0, RESP:NA, INFO:NA
03-09 22:32:57.581  3721  3732 D LOWI-9.0.1.68: [LOWIBackgroundScanMgr] isRspForBgScanMgr: evt(LOWI_NO_EVT) - not handled
03-09 22:32:57.581  3721  3732 D LOWI-9.0.1.68: [LOWIScheduler] manageMsg: NULL results or NULL request in results
03-09 22:32:57.581  3721  3732 D LOWI-9.0.1.68: [LOWIController] Measurements received
03-09 22:32:57.581  3721  3732 D LOWI-9.0.1.68: [LOWICacheManager] putInCache:Num of Meas to add: 24
03-09 22:32:57.581  3163  3185 W system_server: ApkAssets: Deleting an ApkAssets object '<empty> and /data/app/~~iGEBk7bJwQa3wR9pAAYTvQ==/com.google.android.inputmethod.latin-ioH-_yGpeWmbQvQM-XgGHA==/base.apk' with 1 weak references
03-09 22:32:57.581  3721  3732 D LOWI-9.0.1.68: [LOWIController] processMeasurementResults: No current Request. Cache measurements
03-09 22:32:57.581  3721  3732 D LOWI-9.0.1.68: [LOWIControllerExtn] sendLOWILpDiscoveryScanResponse: Not a discovery scan response
03-09 22:32:57.581  3163  3185 W system_server: ApkAssets: Deleting an ApkAssets object '<empty> and /data/app/~~iGEBk7bJwQa3wR9pAAYTvQ==/com.google.android.inputmethod.latin-ioH-_yGpeWmbQvQM-XgGHA==/split_brella_feature_split.apk' with 1 weak references
03-09 22:32:57.581  3163  3185 W system_server: ApkAssets: Deleting an ApkAssets object '<empty> and /data/app/~~iGEBk7bJwQa3wR9pAAYTvQ==/com.google.android.inputmethod.latin-ioH-_yGpeWmbQvQM-XgGHA==/split_config.xxhdpi.apk' with 1 weak references
03-09 22:32:57.581  3163  3185 W system_server: ApkAssets: Deleting an ApkAssets object '<empty> and /data/app/~~iGEBk7bJwQa3wR9pAAYTvQ==/com.google.android.inputmethod.latin-ioH-_yGpeWmbQvQM-XgGHA==/split_dictation_feature_split.apk' with 1 weak references
03-09 22:32:57.581  3163  3185 W system_server: ApkAssets: Deleting an ApkAssets object '<empty> and /data/app/~~iGEBk7bJwQa3wR9pAAYTvQ==/com.google.android.inputmethod.latin-ioH-_yGpeWmbQvQM-XgGHA==/split_tenoranimation_feature_split.apk' with 1 weak references
03-09 22:32:57.581  3163  7451 D WifiNl80211Manager: Scan result ready event
03-09 22:32:57.582  3163  7451 D WifiNative: Scan result ready event
03-09 22:32:57.582  3163  3185 W system_server: ApkAssets: Deleting an ApkAssets object '<empty> and /data/app/~~f83RRyd2odkEq3iwODDfFA==/com.google.android.tts-7ugC9DcJJIjhqqLFuNLAQg==/base.apk' with 1 weak references
03-09 22:32:57.583  3163  5164 W IE_Capabilities: Unknown RSN cipher suite: 6ac0f00
03-09 22:32:57.584  3163  5164 D WificondScannerImpl: Filtering out 6 scan results.
03-09 22:32:57.585  5993  6885 I WifiScanner: onFullResults
03-09 22:32:57.586  5993  8690 I WifiScanner: onFullResults
03-09 22:32:57.587  5993  6885 I WifiScanner: onFullResults
03-09 22:32:57.587  3163  3185 W system_server: ApkAssets: Deleting an ApkAssets object '<empty> and /data/app/~~f83RRyd2odkEq3iwODDfFA==/com.google.android.tts-7ugC9DcJJIjhqqLFuNLAQg==/split_config.arm64_v8a.apk' with 1 weak references
03-09 22:32:57.587  3163  3185 W system_server: ApkAssets: Deleting an ApkAssets object '<empty> and /data/app/~~f83RRyd2odkEq3iwODDfFA==/com.google.android.tts-7ugC9DcJJIjhqqLFuNLAQg==/split_config.en.apk' with 1 weak references
03-09 22:32:57.587  3163  3185 W system_server: ApkAssets: Deleting an ApkAssets object '<empty> and /data/app/~~f83RRyd2odkEq3iwODDfFA==/com.google.android.tts-7ugC9DcJJIjhqqLFuNLAQg==/split_config.xxhdpi.apk' with 1 weak references
03-09 22:32:57.588  3163  3185 W System  : A resource failed to call release. 
03-09 22:32:57.589  3163  5158 D PasspointManager: ANQP entry not found for: 02:13:ef:30:20:52:<NETGEAR74-5G-5G_EXT>
03-09 22:32:57.593  5993 10209 I FrewleTileCacheManagerV: (REDACTED) Fetched %d AP models from cache
03-09 22:32:57.601  3163  3185 W system_server: ApkAssets: Deleting an ApkAssets object '<empty> and /system/priv-app/DownloadProvider/DownloadProvider.apk' with 1 weak references
03-09 22:32:57.605  3163  5158 D WifiStaIfaceHidlImpl: getCachedScanData is not implemented by HIDL
03-09 22:32:57.627  7505  7505 D LocationTracker: Got a location update from Play Services
03-09 22:32:57.628  5993  7248 I FusedLocation: (REDACTED) location delivery to %s blocked - too close
03-09 22:32:57.628  5993  7248 I FusedLocation: (REDACTED) location delivery to %s blocked - too fast
03-09 22:32:57.629  3163  8301 W ContextImpl: Calling a method in the system process without a qualified user: android.app.ContextImpl.sendBroadcast:1273 com.android.server.location.provider.LocationProviderManager$LocationRegistration$1.test:1075 com.android.server.location.provider.LocationProviderManager$LocationRegistration$1.test:1019 android.location.LocationResult.filter:253 com.android.server.location.provider.LocationProviderManager$LocationRegistration.acceptLocationChange:1018 
03-09 22:32:57.630  3163  8301 W ContextImpl: Calling a method in the system process without a qualified user: android.app.ContextImpl.sendBroadcast:1273 com.android.server.location.provider.LocationProviderManager$LocationRegistration$1.test:1075 com.android.server.location.provider.LocationProviderManager$LocationRegistration$1.test:1019 android.location.LocationResult.filter:253 com.android.server.location.provider.LocationProviderManager$LocationRegistration.acceptLocationChange:1018 
