03-09 22:32:57.185  3163  4285 I InputReader: Disabling zinitix_mt (device 6) because the associated viewport is not active
03-09 22:32:57.185  3163  4285 I InputReader: Device reconfigured: id=6, name='zinitix_mt', size 194x368, orientation Rotation0, mode DISABLED, display id 1
03-09 22:32:57.185 11255 11256 E ThermalEngine: verify_tmd_device: Device:pa_nr_sdr0_dsc available. max:255
03-09 22:32:57.185  3163  3227 D TouchHwAidlService: Unregister stow sensor
03-09 22:32:57.185  3163  3227 W AlarmManager: Unrecognized alarm listener com.motorola.server.display.TouchHwAidlService$AlarmListenerImpl@de23d8f
03-09 22:32:57.185  3163  3227 D TouchHwAidlService: Unregister stow sensor
03-09 22:32:57.185  3163  3227 W AlarmManager: Unrecognized alarm listener com.motorola.server.display.TouchHwAidlService$AlarmListenerImpl@de23d8f
03-09 22:32:57.185  3163  3227 D TouchHwAidlService: enableGestureStowMode stowed: false
03-09 22:32:57.186 11255 11256 E ThermalEngine: verify_tmd_device: Device:pa_nr_sdr1_dsc available. max:255
03-09 22:32:57.187  3163  3229 D ActivityTaskManager: Top Process State changed to PROCESS_STATE_TOP
03-09 22:32:57.188  5625  5669 V WindowManagerShell: Transition requested (#1254): android.os.BinderProxy@b988450 TransitionRequestInfo { type = WAKE, triggerTask = null, pipTask = null, remoteTransition = null, displayChange = null, flags = 0, debugId = 1254 }
03-09 22:32:57.189  3163  3229 V WindowManager: Content Recording: Display 1 state was (2), is now (1), so update recording?
03-09 22:32:57.189  3163  3229 D CLI/Transition: displaygroup 1, state OFF, pendingdisplaygroup 1
03-09 22:32:57.189  2106  2106 I motorola.hardware.display.touch-service: Setting stow gesture mode to 0 for panel 1
03-09 22:32:57.190 11255 11256 E ThermalEngine: verify_tmd_device: Device:pa_nr_sdr0_sub1_dsc available. max:255
03-09 22:32:57.190  3163  4279 I PowerGroup: Waking up power group from Asleep (groupId=0, uid=1000, reason=WAKE_REASON_LID, details=cli: lid state change)...
03-09 22:32:57.190  3163  3231 D PanelsService: updateCliDisplayState: mCliScreenState=OFF
03-09 22:32:57.190  3163  4279 W BoostOptController: not supported hint: 118
03-09 22:32:57.190  3163  4279 D CLI/Transition_Lid: finished waiting for displaygroup 1 off.
03-09 22:32:57.190  3163  3227 D TouchHwAidlService: setStowGestureMode for cli stowed=false ret=0
03-09 22:32:57.191  3163  3227 D TouchHwAidlService: enableGestureStowMode stowed: false
03-09 22:32:57.191  2106  2106 I motorola.hardware.display.touch-service: Setting stow gesture mode to 0 for panel 1
03-09 22:32:57.191 11255 11256 E ThermalEngine: verify_tmd_device: Device:pa_nr_sdr1_sub1_dsc available. max:255
03-09 22:32:57.191  5625  5625 D SCliNotifPanelController: onLidOpen
03-09 22:32:57.191  5625  5625 V SmallCli_WindowController: state=SmallCli window State {
03-09 22:32:57.191  5625  5625 V SmallCli_WindowController:   mBrightnessVisible: false
03-09 22:32:57.191  5625  5625 V SmallCli_WindowController:   mDynamicPanelVisible: false
03-09 22:32:57.191  5625  5625 V SmallCli_WindowController:   mFlashLightPrompt: false
03-09 22:32:57.191  5625  5625 V SmallCli_WindowController:   mHeadsUpPanelVisible: false
03-09 22:32:57.191  5625  5625 V SmallCli_WindowController:   mKeyguardOccluded: false
03-09 22:32:57.191  5625  5625 V SmallCli_WindowController:   mLidOpen: true
03-09 22:32:57.191  5625  5625 V SmallCli_WindowController:   mNotificationVisible: false
03-09 22:32:57.191  5625  5625 V SmallCli_WindowController:   mPowerMenuVisible: false
03-09 22:32:57.191  5625  5625 V SmallCli_WindowController:   mQsVisible: false
03-09 22:32:57.191  5625  5625 V SmallCli_WindowController:   mVolumeVisible: false
03-09 22:32:57.191  5625  5625 V SmallCli_WindowController: }
03-09 22:32:57.191 11255 11256 E ThermalEngine: verify_tmd_device: Device:pa_nr_sdr0_scg_dsc available. max:255
03-09 22:32:57.191 11255 11256 E ThermalEngine: verify_tmd_device: Device:pa_nr_sdr1_scg_dsc available. max:255
03-09 22:32:57.191 11255 11256 E ThermalEngine: verify_tmd_device: Device:mmw0_dsc available. max:255
03-09 22:32:57.192  3163  3231 W ProcessStats: Tracking association SourceState{6b65d86 com.google.android.apps.messaging:rcs/10244 BFgs #113967} whose proc state 4 is better than process ProcessState{31f1dad com.google.android.apps.messaging/10244 pkg=com.google.android.apps.messaging} proc state 13 (19 skipped)
03-09 22:32:57.193  3163  3231 W ServiceManagerCppClient: Failed to get isDeclared for com.motorola.hardware.display.panel.IDisplayPanel/default: Status(-1, EX_SECURITY): 'SELinux denied.'
03-09 22:32:57.193  3163  3231 D DisplayPanelService: Setting panel dc mode: 0
03-09 22:32:57.193  2090  2090 I DisplayPanel: setDcMode: DC mode = OFF
03-09 22:32:57.193  2090  2090 D DisplayPanel: setParam: Success set DC to 0 for Primary display
03-09 22:32:57.193 11255 11256 E ThermalEngine: verify_tmd_device: Device:mmw0_sub1_dsc available. max:255
03-09 22:32:57.194 11255 11256 E ThermalEngine: verify_tmd_device: Device:mmw1_dsc available. max:255
03-09 22:32:57.194 11255 11256 E ThermalEngine: verify_tmd_device: Device:mmw1_sub1_dsc available. max:255
03-09 22:32:57.196 11255 11256 E ThermalEngine: verify_tmd_device: Device:mmw2_dsc available. max:255
03-09 22:32:57.196 11255 11256 E ThermalEngine: verify_tmd_device: Device:mmw2_sub1_dsc available. max:255
03-09 22:32:57.197  3163  4279 D CLI/Rotation: Set volume keyswap sysprop for rotation 0 lidState OPEN
03-09 22:32:57.198  6942  6970 D ForegroundUtils: Foreground UID status: 10240, true; 10246, false; 10292, true; 10363, false; 10394, true; 10404, true; 10408, false; 10416, false; 10590, true; 10618, false; 
03-09 22:32:57.198 11255 11256 E ThermalEngine: verify_tmd_device: Device:mmw3_dsc available. max:255
03-09 22:32:57.198  7545  7545 I FileStationLog: [ FS_h$a ] - [Display] Changed display: 1
03-09 22:32:57.198 11255 11256 E ThermalEngine: verify_tmd_device: Device:mmw3_sub1_dsc available. max:255
03-09 22:32:57.199 11255 11256 E ThermalEngine: verify_tmd_device: Device:mmw_ific_dsc available. max:255
03-09 22:32:57.200  3163  3227 D TouchHwAidlService: setStowGestureMode for cli stowed=false ret=0
03-09 22:32:57.200  3163  3227 D TouchHwAidlService: updateCliDisplayState: mCliScreenOn=false
03-09 22:32:57.201  5658  6105 I bt_shim_scanner: system/main/shim/le_scanning_manager.cc:185 Scan: in shim layer stopped
03-09 22:32:57.201  5658  5907 I bluetooth: system/gd/hci/le_address_manager.cc:244 unregister_client: Client unregistered
03-09 22:32:57.201  5658  5907 I bluetooth: system/gd/hci/le_address_manager.cc:248 unregister_client: Cancelled address rotation alarm
03-09 22:32:57.201  5658  6105 W BtGatt.JNI: android/app/jni/com_android_bluetooth_gatt.cpp:1597 gattSetScanParametersNative: gattSetScanParametersNative
03-09 22:32:57.201  5658  6105 I bt_shim_scanner: system/main/shim/le_scanning_manager.cc:363 SetScanParameters: in shim layer, scannerId=1
03-09 22:32:57.201  5658  6105 I bt_shim_scanner: system/main/shim/le_scanning_manager.cc:185 Scan: in shim layer started
03-09 22:32:57.201 11255 11256 E ThermalEngine: verify_tmd_device: Device:mmw_ific_sub1_dsc available. max:255
03-09 22:32:57.201  7545  7545 I FileStationLog: [ FS_h$a ] - [Display] Ignoring change for non-default/desktop display: 1
03-09 22:32:57.202  3163  5308 D TouchHwAidlService: setCliGestureModeHal done mode=49 newMode=48 result=0
03-09 22:32:57.202  5658  5907 I bluetooth: system/gd/hci/le_scanning_manager.cc:690 stop_scan: Scanning already stopped, return!
03-09 22:32:57.202  5658  5907 I bluetooth: system/gd/hci/le_address_manager.cc:226 register_client: Scheduled address rotation for first client registered
03-09 22:32:57.202  5658  5907 I bluetooth: system/gd/hci/le_address_manager.cc:229 register_client: Client registered
03-09 22:32:57.203 11255 11256 E ThermalEngine: verify_tmd_device: Device:wlan available. max:4
03-09 22:32:57.203 11255 11256 E ThermalEngine: devices_manager_add_dev: Device:wlan already exists
03-09 22:32:57.203 11255 11256 E ThermalEngine: verify_tmd_device: Device:wlan_bw available. max:1
03-09 22:32:57.203 11255 11256 E ThermalEngine: verify_tmd_device: Device:modem_bw_backoff available. max:255
03-09 22:32:57.205 11255 11256 E ThermalEngine: verify_tmd_device: Device:cpr_cold available. max:3
03-09 22:32:57.205 11255 11256 I ThermalEngine: MODEM thermal mitigation available.
03-09 22:32:57.206 10834 10834 I ModuleManager: ModuleManager$ModuleInitListener.maybeUnloadModuleOnUnavailable():1386 module ojg is unavailable
03-09 22:32:57.207 10834 10834 I ModuleManager: ModuleManager$ModuleInitListener.maybeUnloadModuleOnUnavailable():1386 module oha is unavailable
03-09 22:32:57.209  7314  7314 D GameMode: isFeatureSupported: true
03-09 22:32:57.209  7314  7314 D GameMode: isFeatureSupported: true
03-09 22:32:57.209  7314  7314 D GameMode: reset : false
03-09 22:32:57.210 10834 10834 I ModuleManager: ModuleManager$ModuleInitListener.maybeUnloadModuleOnUnavailable():1386 module ejs is unavailable
03-09 22:32:57.210  7314  7314 D GameMode: isFeatureSupported: true
03-09 22:32:57.214  3163  3163 I BrightnessSynchronizer: New Update: {[2895] 0.17469335(f), mUpdatedTypes=0, mConfirmedTypes=0, mTimeUpdated=0, mState=2}
03-09 22:32:57.220  2300  2300 E Scheduler: trackPendingFrame: Invalid present fence
03-09 22:32:57.220 10834 10834 I ModuleManager: ModuleManager$ModuleInitListener.maybeUnloadModuleOnUnavailable():1386 module hvo is unavailable
03-09 22:32:57.221 10834 10834 I ModuleManager: ModuleManager$ModuleInitListener.maybeUnloadModuleOnUnavailable():1386 module eqk is unavailable
03-09 22:32:57.221 10834 10834 I ModuleManager: ModuleManager$ModuleInitListener.maybeUnloadModuleOnUnavailable():1386 module ftq is unavailable
03-09 22:32:57.222 10834 10834 I ModuleManager: ModuleManager$ModuleInitListener.maybeUnloadModuleOnUnavailable():1386 module ftu is unavailable
03-09 22:32:57.223  3163  3227 D TouchHwAidlService: Unregister stow sensor
03-09 22:32:57.223  3163  3227 W AlarmManager: Unrecognized alarm listener com.motorola.server.display.TouchHwAidlService$AlarmListenerImpl@de23d8f
03-09 22:32:57.223  3163  3227 D TouchHwAidlService: enableGestureStowMode stowed: false
03-09 22:32:57.224  2106  2106 I motorola.hardware.display.touch-service: Setting stow gesture mode to 0 for panel 1
03-09 22:32:57.224 10834 10834 I ModuleManager: ModuleManager$ModuleInitListener.maybeUnloadModuleOnUnavailable():1386 module evt is unavailable
03-09 22:32:57.224 10834 10834 I ModuleManager: ModuleManager$ModuleInitListener.maybeUnloadModuleOnUnavailable():1386 module eww is unavailable
03-09 22:32:57.224  2926  2926 D fpc_hidl: lid-state=1
03-09 22:32:57.224  3163  4279 D MotoFingerprint: resultCode : 0
03-09 22:32:57.225  3163  3227 D TouchHwAidlService: setStowGestureMode for cli stowed=false ret=0
03-09 22:32:57.227 10834 10834 I ModuleManager: ModuleManager$ModuleInitListener.maybeUnloadModuleOnUnavailable():1386 module lau is unavailable
03-09 22:32:57.228  3163  3231 D DisplayManagerService: Ignore redundant display event 1/2 to 10416/12048
03-09 22:32:57.229 10834 10834 I ModuleManager: ModuleManager$ModuleInitListener.maybeUnloadModuleOnUnavailable():1386 module evm is unavailable
03-09 22:32:57.229  3163  3231 W AccessibilityWindowsPopulator: The displayInfo of this displayId (0) called back from the surface fligner is null
03-09 22:32:57.232 10834 10834 I EmojifyExtensionImpl: EmojifyExtensionImpl.onDestroy():611 Destroying Emojify extension ezf@a2222f8.
03-09 22:32:57.233  3163  3163 I WindowManager: Started waking up... (groupId=0 why=ON_BECAUSE_OF_USER) pmWakeReason=WAKE_REASON_LID
03-09 22:32:57.234  3163  3163 I WindowManager: awakenDreams callers=com.android.server.policy.PhoneWindowManager.startedWakingUp:7593 com.android.server.power.Notifier.lambda$handleEarlyInteractiveChange$0:603 com.android.server.power.Notifier.$r8$lambda$JPimfzsYkXWexBDnIhDxNZnALw4:0 com.android.server.power.Notifier$$ExternalSyntheticLambda8.run:0 android.os.Handler.handleCallback:1001 
03-09 22:32:57.234  3163  3163 I DreamManagerService: awaken by com.android.dynsystem callingUid=1000 callingPid=3163
03-09 22:32:57.234  3163  3163 V PowerManager: userActivity when=26867222 event=0 flags=0 displayId=0 by (android) callers=android.os.PowerManager.userActivity:1487 com.android.server.dreams.DreamManagerService.requestAwakenInternal:496 com.android.server.dreams.DreamManagerService.-$$Nest$mrequestAwakenInternal:0 
03-09 22:32:57.234  3163  3163 W BoostOptController: not supported hint: 118
03-09 22:32:57.234  3163  5308 W ServiceManagerCppClient: Failed to get isDeclared for com.motorola.hardware.display.panel.IDisplayPanel/default: Status(-1, EX_SECURITY): 'SELinux denied.'
03-09 22:32:57.234  3163  5308 D DisplayPanelService: Setting panel dc mode: 0
03-09 22:32:57.234  2090  2090 I DisplayPanel: setDcMode: DC mode = OFF
03-09 22:32:57.235  2090  2090 D DisplayPanel: setParam: Success set DC to 0 for Primary display
03-09 22:32:57.235 10834 10834 I ModuleManager: ModuleManager$ModuleInitListener.maybeUnloadModuleOnUnavailable():1386 module eyq is unavailable
03-09 22:32:57.235 10834 10834 I AbstractOpenableExtension: AbstractOpenableExtension.maybeDestroyExistingKeyboardGroupManager():534 Destroy existing keyboard group manager in ezz
03-09 22:32:57.235 10834 10834 I ModuleManager: ModuleManager$ModuleInitListener.maybeUnloadModuleOnUnavailable():1386 module IExpressionMomentExtension is unavailable
03-09 22:32:57.235 10834 10834 I ModuleManager: ModuleManager$ModuleInitListener.maybeUnloadModuleOnUnavailable():1386 module IEmojiKitchenBrowseExtension is unavailable
03-09 22:32:57.235 10834 10834 I AbstractOpenableExtension: AbstractOpenableExtension.maybeDestroyExistingKeyboardGroupManager():534 Destroy existing keyboard group manager in hme
03-09 22:32:57.235 10834 10834 I ModuleManager: ModuleManager$ModuleInitListener.maybeUnloadModuleOnUnavailable():1386 module FastAccessBarExtension is unavailable
03-09 22:32:57.235 10834 10834 I ModuleManager: ModuleManager$ModuleInitListener.maybeUnloadModuleOnUnavailable():1386 module hmt is unavailable
03-09 22:32:57.235 10834 10834 I ModuleManager: ModuleManager$ModuleInitListener.maybeUnloadModuleOnUnavailable():1386 module fkk is unavailable
03-09 22:32:57.235 10834 10834 I ModuleManager: ModuleManager$ModuleInitListener.maybeUnloadModuleOnUnavailable():1386 module IGifKeyboardExtension is unavailable
03-09 22:32:57.235 10834 10834 I ModuleManager: ModuleManager$ModuleInitListener.maybeUnloadModuleOnUnavailable():1386 module IStickerExtension is unavailable
03-09 22:32:57.236 10834 10834 I ModuleManager: ModuleManager$ModuleInitListener.maybeUnloadModuleOnUnavailable():1386 module etr is unavailable
03-09 22:32:57.236 10834 10834 I ModuleManager: ModuleManager$ModuleInitListener.maybeUnloadModuleOnUnavailable():1386 module fcx is unavailable
03-09 22:32:57.236  2067  2174 D AHAL: AudioDevice: SetParameters: 1564: enter: screen_state=off
03-09 22:32:57.237  2067  2174 D AHAL: AudioVoice: VoiceSetParameters: 87: Enter params: screen_state=off
03-09 22:32:57.237  2067  2174 D AHAL: AudioVoice: VoiceSetParameters: 360: Exit ret: 0
03-09 22:32:57.237  2067  2174 D AHAL: FM: fm_set_parameters: 262: Enter
03-09 22:32:57.237  2067  2174 D AHAL: FM: fm_set_parameters: 320: exit
03-09 22:32:57.237  2067  2174 D AHAL: AudioDevice: SetParameters: 1628:  - screen = off
03-09 22:32:57.237 10834 10834 I ModuleManager: ModuleManager$ModuleInitListener.maybeUnloadModuleOnUnavailable():1386 module how is unavailable
03-09 22:32:57.237  2300  2300 E Scheduler: trackPendingFrame: Invalid present fence
03-09 22:32:57.238 10834 10834 I ModuleManager: ModuleManager$ModuleInitListener.maybeUnloadModuleOnUnavailable():1386 module gzb is unavailable
03-09 22:32:57.238 10834 10834 I ModuleManager: ModuleManager$ModuleInitListener.maybeUnloadModuleOnUnavailable():1386 module hzw is unavailable
03-09 22:32:57.238 10834 10834 I ModuleManager: ModuleManager$ModuleInitListener.maybeUnloadModuleOnUnavailable():1386 module nhr is unavailable
03-09 22:32:57.238 10834 10834 I ModuleManager: ModuleManager$ModuleInitListener.maybeUnloadModuleOnUnavailable():1386 module hhx is unavailable
03-09 22:32:57.238 10834 10834 I ModuleManager: ModuleManager$ModuleInitListener.maybeUnloadModuleOnUnavailable():1386 module hid is unavailable
03-09 22:32:57.238 10834 10834 I ModuleManager: ModuleManager$ModuleInitListener.maybeUnloadModuleOnUnavailable():1386 module kts is unavailable
03-09 22:32:57.238 10834 10834 I ModuleManager: ModuleManager$ModuleInitListener.maybeUnloadModuleOnUnavailable():1386 module mtm is unavailable
03-09 22:32:57.239 10834 10834 I HardKeyTracker: HardKeyTracker.unregisterKeySequence():221 Unregister key sequence nul{labelResId=0, callback=gqg@65230ee, lastModifier=0, keyCodes=[57, 57], actions=[1, 0]}
03-09 22:32:57.239  7545  7545 I FileStationLog: [ FS_h$a ] - [Display] Changed display: 0
03-09 22:32:57.239 10834 10834 I HardKeyTracker: HardKeyTracker.unregisterKeySequence():221 Unregister key sequence nul{labelResId=0, callback=gqg@1fb898f, lastModifier=0, keyCodes=[58, 58], actions=[1, 0]}
03-09 22:32:57.239 10834 10834 I AbstractOpenableExtension: AbstractOpenableExtension.maybeDestroyExistingKeyboardGroupManager():534 Destroy existing keyboard group manager in hjj
03-09 22:32:57.239  7545  7545 I FileStationLog: [ FS_h ] - [Logic] Retrieved display info: LogicDisplayInfo(width=1080, height=2640, orientation=1, rotation=0, displayId=0)
03-09 22:32:57.239 10834 10834 I ModuleManager: ModuleManager$ModuleInitListener.maybeUnloadModuleOnUnavailable():1386 module IEmojiSearchExtension is unavailable
03-09 22:32:57.239  7545  7545 I FileStationLog: [ FS_h$a ] - [Display] New logical size: 1080x2640
03-09 22:32:57.239  7545  7545 I FileStationLog: [ FS_h$a ] - [Display] Screen width unchanged: 1080
03-09 22:32:57.237  2067  2174 I PAL: ResourceManager: setParameter: 8311: Screen State:0
03-09 22:32:57.239  2067  2174 D AHAL: AudioDevice: SetParameters: 2361: exit: screen_state=off
03-09 22:32:57.242 10834 10834 W NotificationCenter: NotificationCenter$NotificationQueue.notifyPendingNotificationsOnExecutor():877 Heavy notify work detected on UI thread: [miy->nhv, miy->nhv, miy->nhv, miy->nhv, miy->nhv, miy->nhv, miy->nhv, miy->nhv, miy->nhv, miy->nhv, miy->nhv, miy->nhv, miy->nhv, miy->nhv, miy->nhv, miy->nhv, miy->nhv, miy->nhv, miy->nhv, miy->nhv, miy->nhv, neg->nef, neg->nef, neg->nef, neg->nef, neg->nef, neg->nef, neg->nef, neg->nef, neg->nef, neg->nef, neg->nef, neg->nef, neg->nef, neg->nef, neg->nef, neg->nef, neg->nef, kgz->nhv, kgz->nhv, kgz->nhv, kgz->nhv, kgz->nhv, kgz->nhv, kgz->nhv, kgz->nhv, kgz->nhv, neg->nef, neg->nef, neg->nef, neg->nef, neg->nef, neg->nef, neg->nef, neg->nef, neg->nef, neg->nef, neg->nef, neg->nef, neg->nef, neg->nef, neg->nef, neg->nef, neg->nef, neg->nef, neg->nef, neg->nef, neg->nef, neg->nef, neg->nef, neg->nef, neg->nef, neg->nef, mef->nww, neg->nef, neg->nef, neg->nef, neg->nef, neg->nef, neg->nef, neg->nef, neg->nef, neg->nef, neg->nef, neg->nef, neg->nef, neg->nef, neg->nef, neg->nef, neg->nef, neg->nef, neg->nef, neg->nef, neg->nef, neg->nef, neg->nef, neg->nef, neg->nef, neg->nef] takes 246ms
03-09 22:32:57.242  3163  5308 D LocalDisplayAdapter: setDisplayPowerMode mode=0 for display=android.os.BinderProxy@433f576
03-09 22:32:57.242  2300  2300 D SurfaceFlinger: Setting power mode 0 on display 4630947043778501763
03-09 22:32:57.243  5705  5705 D GameModeDetector: notifyGameModeStatusValue, value=false
03-09 22:32:57.243 10834 10834 I ModuleManager: ModuleManager$ModuleInitListener.maybeUnloadModuleOnUnavailable():1386 module ehz is unavailable
03-09 22:32:57.243  5705  5705 D DaxService: sendGameModeIntent, state=false
03-09 22:32:57.243 10834 10834 I ExpressiveConceptsPredictionModuleImpl: ExpressiveConceptsPredictionModuleImpl.onDestroy():80 onDestroy()
03-09 22:32:57.243 10834 10834 I ModuleManager: ModuleManager$ModuleInitListener.maybeUnloadModuleOnUnavailable():1386 module hll is unavailable
03-09 22:32:57.244 10834 10834 I ModuleManager: ModuleManager$ModuleInitListener.maybeUnloadModuleOnUnavailable():1386 module eou is unavailable
03-09 22:32:57.244 10834 10834 I ModuleManager: ModuleManager$ModuleInitListener.maybeUnloadModuleOnUnavailable():1386 module fpp is unavailable
03-09 22:32:57.244 10834 10834 I ModuleManager: ModuleManager$ModuleInitListener.maybeUnloadModuleOnUnavailable():1386 module ndq is unavailable
03-09 22:32:57.245  2195  2392 I SDM     : DisplayBase::SetDisplayState: Set state = 0, display 76-0, teardown = 0
03-09 22:32:57.245  2195  2392 I SDM     : DRMPanelFeatureMgr::MarkForNullCommit: Marked 7 for null commit
03-09 22:32:57.245  2195  2392 I SDM     : HWDeviceDRM::NullCommit: Null commit succeeded crtc=203
03-09 22:32:57.247  2068  6060 I vendor.qti.bluetooth@1.0-ibs_handler: ProcessIbsCmd: Received IBS_SLEEP_IND: 0xFE
03-09 22:32:57.249 10834 10834 I ModuleManager: ModuleManager$ModuleInitListener.maybeUnloadModuleOnUnavailable():1386 module lgk is unavailable
03-09 22:32:57.249 10834 10834 I ModuleManager: ModuleManager$ModuleInitListener.maybeUnloadModuleOnUnavailable():1386 module lvf is unavailable
03-09 22:32:57.249 10834 10834 I ModuleManager: ModuleManager$ModuleInitListener.maybeUnloadModuleOnUnavailable():1386 module mar is unavailable
03-09 22:32:57.249 10834 10834 I ModuleManager: ModuleManager$ModuleInitListener.maybeUnloadModuleOnUnavailable():1386 module ndj is unavailable
03-09 22:32:57.249 10834 10834 I ModuleManager: ModuleManager$ModuleInitListener.maybeUnloadModuleOnUnavailable():1386 module nuv is unavailable
03-09 22:32:57.249 10834 10834 I ModuleManager: ModuleManager$ModuleInitListener.maybeUnloadModuleOnUnavailable():1386 module okt is unavailable
03-09 22:32:57.249 10834 10834 I ModuleManager: ModuleManager$ModuleInitListener.maybeUnloadModuleOnUnavailable():1386 module lgl is unavailable
03-09 22:32:57.250 10834 10834 I GoogleInputMethodService: GoogleInputMethodService.onDestroy():968 Maybe update OEM display config because of service destruction
03-09 22:32:57.250 10834 10834 I DeviceModeModule: DeviceModeModule.calculateAndNotify():197 Window metrics is not available, fallback to app context.
03-09 22:32:57.250 10834 10834 I DeviceModeModule: DeviceModeModule.calculateAndNotify():224 Device mode 'phone' from display metrics 'DisplayMetrics{density=0.0, width=1080, height=2640, scaledDensity=0.0, xdpi=397.565, ydpi=435.428}' or smallestScreenWidthDp: 411
03-09 22:32:57.250 10834 10834 I GoogleInputMethodService: GoogleInputMethodService.clearInputMethodServiceData():1030 clearInputMethodServiceData for onDestroy
03-09 22:32:57.251 10834 10834 I GoogleInputMethodService: GoogleInputMethodService.discardAllKeyboardViewAndInputView():1262 discardAllKeyboardViewAndInputView()
03-09 22:32:57.253 14753 14786 D DolbyDaxUI: getDeviceType, active device is 0x2
03-09 22:32:57.253 10834 10834 I InputMethodEntryManager: InputMethodEntryManager.notifyCurrentInputMethodEntryOnContextChanged():545 notifyCurrentInputMethodEntryOnContextChanged()
03-09 22:32:57.253 10834 10834 I InputMethodEntryManager: InputMethodEntryManager.notifyCurrentInputMethodEntryOnContextChanged():566 Notify current input method entry changed on context change
03-09 22:32:57.253 10834 10834 I KeyboardThemeProvider: KeyboardThemeProvider.reset():39 Reset keyboard theme
03-09 22:32:57.253 10834 10834 I KeyboardContextProvider: KeyboardContextProvider.setBaseContextAndInvalidKeyboardContextCache():88 setBaseContextAndInvalidKeyboardContextCache(): null
03-09 22:32:57.254 14753 14786 D DolbyDaxUI: getDeviceType, active device is 0x2
03-09 22:32:57.255  3163  7454 W WindowManager: Cannot find window which accessibility connection is added to
03-09 22:32:57.256  3163  5843 W WindowManager: Failed looking up window session=Session{aad39a 10834:u0a10310} callers=com.android.server.wm.WindowManagerService.removeClientToken:2330 com.android.server.wm.Session.remove:275 android.view.IWindowSession$Stub.onTransact:734 
03-09 22:32:57.256  3163  5843 W WindowManager: win is null client=android.os.BinderProxy@6b96733
03-09 22:32:57.258 10834 10834 W WindowTokenClientController: Can't find attached WindowTokenClient for android.window.WindowTokenClient@9b59c3a
03-09 22:32:57.259 10834  3042 I DeviceStatusMonitor: DeviceStatusMonitor.handleBroadcast():138 onReceive() : Action = android.intent.action.SCREEN_ON
03-09 22:32:57.259 10834  3042 I DeviceStatusMonitor: DeviceStatusMonitor.updateCountryInfo():154 updateCountryInfo(), notifyAnyway = false
03-09 22:32:57.259 10834 10834 I AbstractOpenableExtension: AbstractOpenableExtension$3.onSuccess():552 KeyboardGroupManager destroyed in ezz.
03-09 22:32:57.259 10834 10834 I AbstractOpenableExtension: AbstractOpenableExtension$3.onSuccess():552 KeyboardGroupManager destroyed in hme.
03-09 22:32:57.259 10834 10834 I AbstractOpenableExtension: AbstractOpenableExtension$3.onSuccess():552 KeyboardGroupManager destroyed in hjj.
03-09 22:32:57.260  2067  2174 D DlbDapEffectContext: DapEffectContext[0xb400007ca4048450] getDapParameter() outval size = 12, ret = 0
03-09 22:32:57.263  2067  2174 D DlbDapEffectContext: DapEffectContext[0xb400007ca4048450] getDapParameter() outval size = 12, ret = 0
03-09 22:32:57.265  5705 11834 D DolbyAudioEffectHelper: getDolbyStatus enabled=true profile=0
03-09 22:32:57.265  5705 11834 D DolbyProvider: true, profile=0
03-09 22:32:57.270 10834 10834 I AppBase : AppBase.onTrimMemory():427 onTrimMemory(): 40
03-09 22:32:57.270 10834 10834 I KeyboardDefCache: MemoryFileCache$1.onTrimMemory():124 clearMemory() for trim memory: 40
03-09 22:32:57.270 10834 10834 I KeyboardDefCache: MemoryFileCache.clearMemory():408 evictAll()
03-09 22:32:57.271  5625  5625 D KeyguardViewMediator: KeyguardViewMediator queue processing message: NOTIFY_STARTED_WAKING_UP
03-09 22:32:57.273 10834 11184 I HWUI    : setGrContext validptr-->nullptr
03-09 22:32:57.278  3163  3231 W AccessibilityWindowsPopulator: The displayInfo of this displayId (0) called back from the surface fligner is null
03-09 22:32:57.322 11255 11255 E ThermalEngine: Unable to change to /sys/devices/soc/
03-09 22:32:57.322 11255 11255 E ThermalEngine: bcl_setup: Unexpected node error
03-09 22:32:57.322 11255 11255 E ThermalEngine: add_tgt_sensor: bcl sensor setup failed failed.
03-09 22:32:57.322 11255 11255 E ThermalEngine: add_tgt_sensors_set_optional: Error adding bcl
03-09 22:32:57.324 11255 11255 E ThermalEngine: sysfs_setup: report: path /sys/class/power_supply/battery/capacity
03-09 22:32:57.324 11255 11255 E ThermalEngine: sysfs_setup: opening /sys/class/power_supply/battery/capacity
03-09 22:32:57.325 11255 11255 E ThermalEngine: sysfs_setup: found sensor cluster0: cluster id = 0
03-09 22:32:57.325 11255 11255 E ThermalEngine: sysfs_setup: found sensor cluster1: cluster id = 1
03-09 22:32:57.325 11255 11255 E ThermalEngine: sysfs_setup: report: path /sys/class/power_supply/battery/charge_rate
03-09 22:32:57.325 11255 11255 E ThermalEngine: sysfs_setup: opening /sys/class/power_supply/battery/charge_rate
03-09 22:32:57.327 11255 11255 E ThermalEngine: sysfs_setup: report: path /proc/loadavg
03-09 22:32:57.327 11255 11255 E ThermalEngine: sysfs_setup: opening /proc/loadavg
03-09 22:32:57.327 11255 11255 E ThermalEngine: sysfs_setup: report: path /proc/stat
03-09 22:32:57.327 11255 11255 E ThermalEngine: sysfs_setup: opening /proc/stat
03-09 22:32:57.327 11255 11255 E ThermalEngine: sysfs_setup: report: path /sys/class/power_supply/battery/capacity
03-09 22:32:57.327 11255 11255 E ThermalEngine: sysfs_setup: opening /sys/class/power_supply/battery/capacity
03-09 22:32:57.327 11255 11255 E ThermalEngine: sysfs_setup: report: path /sys/class/backlight/panel0-backlight/brightness
03-09 22:32:57.327 11255 11255 E ThermalEngine: sysfs_setup: opening /sys/class/backlight/panel0-backlight/brightness
03-09 22:32:57.327 11255 11255 E ThermalEngine: sysfs_setup: report: path /proc/stat
03-09 22:32:57.327 11255 11255 E ThermalEngine: sysfs_setup: opening /proc/stat
03-09 22:32:57.327 11255 11255 E ThermalEngine: sysfs_setup: report: path /sys/class/backlight/panel0-backlight/brightness
03-09 22:32:57.327 11255 11255 E ThermalEngine: sysfs_setup: opening /sys/class/backlight/panel0-backlight/brightness
03-09 22:32:57.327 11255 11255 E ThermalEngine: sysfs_setup: report: path /proc/loadavg
03-09 22:32:57.327 11255 11255 E ThermalEngine: sysfs_setup: opening /proc/loadavg
03-09 22:32:57.328 11255 11255 E ThermalEngine: sysfs_setup: report: path /sys/class/power_supply/wireless/online
03-09 22:32:57.328 11255 11255 E ThermalEngine: sysfs_setup: opening /sys/class/power_supply/wireless/online
03-09 22:32:57.328 11255 11255 E ThermalEngine: No hwmon device found in the kernel for sensor tmp108
03-09 22:32:57.328 11255 11255 E ThermalEngine: add_tgt_sensor: tmp108 sensor setup failed failed.
03-09 22:32:57.328 11255 11255 E ThermalEngine: add_tgt_sensors_set_optional: Error adding tmp108
03-09 22:32:57.328 11255 11255 E ThermalEngine: No hwmon device found in the kernel for sensor msm_tmp108
03-09 22:32:57.328 11255 11255 E ThermalEngine: add_tgt_sensor: msm_tmp108 sensor setup failed failed.
03-09 22:32:57.328 11255 11255 E ThermalEngine: add_tgt_sensors_set_optional: Error adding msm_tmp108
03-09 22:32:57.328 11255 11255 E ThermalEngine: No hwmon device found in the kernel for sensor quiet_tmp108
03-09 22:32:57.328 11255 11255 E ThermalEngine: add_tgt_sensor: quiet_tmp108 sensor setup failed failed.
03-09 22:32:57.328 11255 11255 E ThermalEngine: add_tgt_sensors_set_optional: Error adding quiet_tmp108
03-09 22:32:57.328 11255 11255 I ThermalEngine: Loading config file for virtual sensor
03-09 22:32:57.328 11255 11255 I ThermalEngine: Loading configuration file /vendor/etc/thermal-engine-lynkco.conf
03-09 22:32:57.329 11255 11255 I ThermalEngine: Parsing section global
03-09 22:32:57.329 11255 11255 I ThermalEngine: Created section 'FRONT_TEMP'
03-09 22:32:57.329 11255 11255 I ThermalEngine: Algo Type 'virtual'
03-09 22:32:57.329 11255 11255 I ThermalEngine: Parsing section FRONT_TEMP
03-09 22:32:57.329 11255 11255 I ThermalEngine: Found field 'trip_sensor'
03-09 22:32:57.329 11255 11255 I ThermalEngine: Found field 'thresholds'
03-09 22:32:57.329 11255 11255 I ThermalEngine: Found field 'thresholds_clr'
03-09 22:32:57.329 11255 11255 I ThermalEngine: Found field 'sensors'
03-09 22:32:57.329 11255 11255 I ThermalEngine: Found field 'weights'
03-09 22:32:57.329 11255 11255 I ThermalEngine: Found field 'offsets'
03-09 22:32:57.329 11255 11255 I ThermalEngine: Found field 'sampling'
03-09 22:32:57.329 11255 11255 I ThermalEngine: Found field 'math'
03-09 22:32:57.329 11255 11255 I ThermalEngine: Found field 'sys_temp'
03-09 22:32:57.329 11255 11255 I ThermalEngine: Created section 'BACK_TEMP'
03-09 22:32:57.329 11255 11255 I ThermalEngine: Algo Type 'virtual'
03-09 22:32:57.329 11255 11255 I ThermalEngine: Parsing section BACK_TEMP
03-09 22:32:57.329 11255 11255 I ThermalEngine: Found field 'trip_sensor'
03-09 22:32:57.329 11255 11255 I ThermalEngine: Found field 'thresholds'
03-09 22:32:57.329 11255 11255 I ThermalEngine: Found field 'thresholds_clr'
03-09 22:32:57.329 11255 11255 I ThermalEngine: Found field 'sensors'
03-09 22:32:57.329 11255 11255 I ThermalEngine: Found field 'weights'
03-09 22:32:57.329 11255 11255 I ThermalEngine: Found field 'offsets'
03-09 22:32:57.329 11255 11255 I ThermalEngine: Found field 'sampling'
03-09 22:32:57.329 11255 11255 I ThermalEngine: Found field 'math'
03-09 22:32:57.329 11255 11255 I ThermalEngine: Found field 'sys_temp'
03-09 22:32:57.329 11255 11255 I ThermalEngine: Created section 'FUSE_TEMP'
03-09 22:32:57.329 11255 11255 I ThermalEngine: Algo Type 'virtual'
03-09 22:32:57.329 11255 11255 I ThermalEngine: Parsing section FUSE_TEMP
03-09 22:32:57.329 11255 11255 I ThermalEngine: Found field 'trip_sensor'
03-09 22:32:57.329 11255 11255 I ThermalEngine: Found field 'thresholds'
03-09 22:32:57.329 11255 11255 I ThermalEngine: Found field 'thresholds_clr'
03-09 22:32:57.329 11255 11255 I ThermalEngine: Found field 'sensors'
03-09 22:32:57.329 11255 11255 I ThermalEngine: Found field 'weights'
03-09 22:32:57.329 11255 11255 I ThermalEngine: Found field 'offsets'
03-09 22:32:57.329 11255 11255 I ThermalEngine: Found field 'sampling'
03-09 22:32:57.329 11255 11255 I ThermalEngine: Found field 'math'
03-09 22:32:57.329 11255 11255 I ThermalEngine: Found field 'sys_temp'
03-09 22:32:57.329 11255 11255 I ThermalEngine: Created section 'BCHG_TEMP'
03-09 22:32:57.329 11255 11255 I ThermalEngine: Algo Type 'virtual'
03-09 22:32:57.329 11255 11255 I ThermalEngine: Parsing section BCHG_TEMP
03-09 22:32:57.329 11255 11255 I ThermalEngine: Found field 'trip_sensor'
03-09 22:32:57.329 11255 11255 I ThermalEngine: Found field 'thresholds'
03-09 22:32:57.329 11255 11255 I ThermalEngine: Found field 'thresholds_clr'
03-09 22:32:57.329 11255 11255 I ThermalEngine: Found field 'sensors'
03-09 22:32:57.329 11255 11255 I ThermalEngine: Found field 'weights'
03-09 22:32:57.329 11255 11255 I ThermalEngine: Found field 'offsets'
03-09 22:32:57.329 11255 11255 I ThermalEngine: Found field 'sampling'
03-09 22:32:57.329 11255 11255 I ThermalEngine: Found field 'math'
03-09 22:32:57.329 11255 11255 I ThermalEngine: Created section 'FRONT_MDM'
03-09 22:32:57.329 11255 11255 I ThermalEngine: Algo Type 'virtual'
03-09 22:32:57.329 11255 11255 I ThermalEngine: Parsing section FRONT_MDM
03-09 22:32:57.329 11255 11255 I ThermalEngine: Found field 'sensors'
03-09 22:32:57.329 11255 11255 I ThermalEngine: Found field 'weights'
03-09 22:32:57.329 11255 11255 I ThermalEngine: Found field 'trip_sensor'
03-09 22:32:57.329 11255 11255 I ThermalEngine: Found field 'trip_sensor_logic'
03-09 22:32:57.329 11255 11255 I ThermalEngine: Found field 'thresholds'
03-09 22:32:57.329 11255 11255 I ThermalEngine: Found field 'thresholds_clr'
03-09 22:32:57.329 11255 11255 I ThermalEngine: Found field 'offsets'
03-09 22:32:57.329 11255 11255 I ThermalEngine: Found field 'sampling'
03-09 22:32:57.329 11255 11255 I ThermalEngine: Found field 'math'
03-09 22:32:57.329 11255 11255 I ThermalEngine: Created section 'DETECT-STANDBY'
03-09 22:32:57.329 11255 11255 I ThermalEngine: Algo Type 'virtual'
03-09 22:32:57.329 11255 11255 I ThermalEngine: Parsing section DETECT-STANDBY
03-09 22:32:57.329 11255 11255 I ThermalEngine: Found field 'trip_sensor'
03-09 22:32:57.329 11255 11255 I ThermalEngine: Found field 'thresholds'
03-09 22:32:57.329 11255 11255 I ThermalEngine: Found field 'thresholds_clr'
03-09 22:32:57.329 11255 11255 I ThermalEngine: Found field 'sensors'
03-09 22:32:57.329 11255 11255 I ThermalEngine: Found field 'weights'
03-09 22:32:57.329 11255 11255 I ThermalEngine: Found field 'sampling'
03-09 22:32:57.329 11255 11255 I ThermalEngine: Found field 'math'
03-09 22:32:57.329 11255 11255 I ThermalEngine: Found field 'less_than'
03-09 22:32:57.329 11255 11255 I ThermalEngine: Created section 'DETECT-WLS'
03-09 22:32:57.329 11255 11255 I ThermalEngine: Algo Type 'virtual'
03-09 22:32:57.329 11255 11255 I ThermalEngine: Parsing section DETECT-WLS
03-09 22:32:57.329 11255 11255 I ThermalEngine: Found field 'trip_sensor'
03-09 22:32:57.329 11255 11255 I ThermalEngine: Found field 'thresholds'
03-09 22:32:57.329 11255 11255 I ThermalEngine: Found field 'thresholds_clr'
03-09 22:32:57.329 11255 11255 I ThermalEngine: Found field 'sensors'
03-09 22:32:57.329 11255 11255 I ThermalEngine: Found field 'sampling'
03-09 22:32:57.329 11255 11255 I ThermalEngine: Found field 'math'
03-09 22:32:57.330 11255 11255 I ThermalEngine: [VIRTUAL-FAIL-SAFE-TJ]
03-09 22:32:57.330 11255 11255 I ThermalEngine: #algo_type virtual
03-09 22:32:57.330 11255 11255 I ThermalEngine: sensors nspss-0 nspss-1 nspss-2 gpuss-0 gpuss-1 camera-0 camera-1 mdmss-0 mdmss-1 mdmss-2 mdmss-3 video
03-09 22:32:57.330 11255 11255 I ThermalEngine: weights
03-09 22:32:57.330 11255 11255 I ThermalEngine: trip_sensor nspss-0 nspss-1 nspss-2 gpuss-0 gpuss-1 camera-0 camera-1 mdmss-0 mdmss-1 mdmss-2 mdmss-3 video
03-09 22:32:57.330 11255 11255 I ThermalEngine: trip_sensor_logic || || || || || || || || || || ||
03-09 22:32:57.330 11255 11255 I ThermalEngine: thresholds 100000 100000 100000 100000 100000 100000 100000 100000 100000 100000 100000 100000
03-09 22:32:57.330 11255 11255 I ThermalEngine: thresholds_clr 90000 90000 90000 90000 90000 90000 90000 90000 90000 90000 90000 90000
03-09 22:32:57.330 11255 11255 I ThermalEngine: offsets
03-09 22:32:57.330 11255 11255 I ThermalEngine: sampling 10
03-09 22:32:57.330 11255 11255 I ThermalEngine: math 2
03-09 22:32:57.330 11255 11255 I ThermalEngine: ambient_value
03-09 22:32:57.330 11255 11255 I ThermalEngine: rise_value
03-09 22:32:57.330 11255 11255 I ThermalEngine: [VIRTUAL-CPU-GOLD-TJ-SHUTDOWN]
03-09 22:32:57.330 11255 11255 I ThermalEngine: #algo_type virtual
03-09 22:32:57.330 11255 11255 I ThermalEngine: sensors cpu-1-0 cpu-1-1 cpu-1-2 cpu-1-3 cpu-1-4 cpu-1-5 cpu-1-6 cpu-1-7
03-09 22:32:57.330 11255 11255 I ThermalEngine: weights
03-09 22:32:57.330 11255 11255 I ThermalEngine: trip_sensor cpu-1-0 cpu-1-1 cpu-1-2 cpu-1-3 cpu-1-4 cpu-1-5 cpu-1-6 cpu-1-7
03-09 22:32:57.330 11255 11255 I ThermalEngine: trip_sensor_logic || || || || || || ||
03-09 22:32:57.330 11255 11255 I ThermalEngine: thresholds 115000 115000 115000 115000 115000 115000 115000 115000
03-09 22:32:57.330 11255 11255 I ThermalEngine: thresholds_clr 100000 100000 100000 100000 100000 100000 100000 100000
03-09 22:32:57.330 11255 11255 I ThermalEngine: offsets
03-09 22:32:57.330 11255 11255 I ThermalEngine: sampling 10
03-09 22:32:57.330 11255 11255 I ThermalEngine: math 2
03-09 22:32:57.330 11255 11255 I ThermalEngine: ambient_value
03-09 22:32:57.330 11255 11255 I ThermalEngine: rise_value
03-09 22:32:57.330 11255 11255 I ThermalEngine: [VIRTUAL-CPU-TJ-SHUTDOWN]
03-09 22:32:57.330 11255 11255 I ThermalEngine: #algo_type virtual
03-09 22:32:57.330 11255 11255 I ThermalEngine: sensors cpu-0-0 cpu-0-1 cpu-0-2 cpu-0-3 cpuss-0 cpuss-1
03-09 22:32:57.330 11255 11255 I ThermalEngine: weights
03-09 22:32:57.330 11255 11255 I ThermalEngine: trip_sensor cpu-0-0 cpu-0-1 cpu-0-2 cpu-0-3 cpuss-0 cpuss-1
03-09 22:32:57.330 11255 11255 I ThermalEngine: trip_sensor_logic || || || || ||
03-09 22:32:57.330 11255 11255 I ThermalEngine: thresholds 115000 115000 115000 115000 115000 115000
03-09 22:32:57.330 11255 11255 I ThermalEngine: thresholds_clr 100000 100000 100000 100000 100000 100000
03-09 22:32:57.330 11255 11255 I ThermalEngine: offsets
03-09 22:32:57.330 11255 11255 I ThermalEngine: sampling 10
03-09 22:32:57.330 11255 11255 I ThermalEngine: math 2
03-09 22:32:57.330 11255 11255 I ThermalEngine: ambient_value
03-09 22:32:57.330 11255 11255 I ThermalEngine: rise_value
03-09 22:32:57.330 11255 11255 I ThermalEngine: [VIRTUAL-NSP-TJ-SHUTDOWN]
03-09 22:32:57.330 11255 11255 I ThermalEngine: #algo_type virtual
03-09 22:32:57.330 11255 11255 I ThermalEngine: sensors nspss-0 nspss-1 nspss-2
03-09 22:32:57.330 11255 11255 I ThermalEngine: weights
03-09 22:32:57.330 11255 11255 I ThermalEngine: trip_sensor nspss-0 nspss-1 nspss-2
03-09 22:32:57.330 11255 11255 I ThermalEngine: trip_sensor_logic || ||
03-09 22:32:57.330 11255 11255 I ThermalEngine: thresholds 115000 115000 115000
03-09 22:32:57.330 11255 11255 I ThermalEngine: thresholds_clr 100000 100000 100000
03-09 22:32:57.330 11255 11255 I ThermalEngine: offsets
03-09 22:32:57.330 11255 11255 I ThermalEngine: sampling 10
03-09 22:32:57.330 11255 11255 I ThermalEngine: math 2
03-09 22:32:57.330 11255 11255 I ThermalEngine: ambient_value
03-09 22:32:57.330 11255 11255 I ThermalEngine: rise_value
03-09 22:32:57.330 11255 11255 I ThermalEngine: [VIRTUAL-MDM-TJ-SHUTDOWN]
03-09 22:32:57.330 11255 11255 I ThermalEngine: #algo_type virtual
03-09 22:32:57.330 11255 11255 I ThermalEngine: sensors mdmss-0 mdmss-1 mdmss-2 mdmss-3
03-09 22:32:57.330 11255 11255 I ThermalEngine: weights
03-09 22:32:57.330 11255 11255 I ThermalEngine: trip_sensor mdmss-0 mdmss-1 mdmss-2 mdmss-3
03-09 22:32:57.330 11255 11255 I ThermalEngine: trip_sensor_logic || || ||
03-09 22:32:57.330 11255 11255 I ThermalEngine: thresholds 115000 115000 115000 115000
03-09 22:32:57.330 11255 11255 I ThermalEngine: thresholds_clr 100000 100000 100000 100000
03-09 22:32:57.330 11255 11255 I ThermalEngine: offsets
03-09 22:32:57.330 11255 11255 I ThermalEngine: sampling 10
03-09 22:32:57.330 11255 11255 I ThermalEngine: math 2
03-09 22:32:57.330 11255 11255 I ThermalEngine: ambient_value
03-09 22:32:57.330 11255 11255 I ThermalEngine: rise_value
03-09 22:32:57.330 11255 11255 I ThermalEngine: [VIRTUAL-MM-TJ-SHUTDOWN]
03-09 22:32:57.330 11255 11255 I ThermalEngine: #algo_type virtual
03-09 22:32:57.330 11255 11255 I ThermalEngine: sensors gpuss-0 gpuss-1 video ddr camera-0 camera-1
03-09 22:32:57.330 11255 11255 I ThermalEngine: weights
03-09 22:32:57.330 11255 11255 I ThermalEngine: trip_sensor gpuss-0 gpuss-1 video ddr camera-0 camera-1
03-09 22:32:57.330 11255 11255 I ThermalEngine: trip_sensor_logic || || || || ||
03-09 22:32:57.330 11255 11255 I ThermalEngine: thresholds 115000 115000 115000 115000 115000 115000
03-09 22:32:57.330 11255 11255 I ThermalEngine: thresholds_clr 100000 100000 100000 100000 100000 100000
03-09 22:32:57.330 11255 11255 I ThermalEngine: offsets
03-09 22:32:57.330 11255 11255 I ThermalEngine: sampling 10
03-09 22:32:57.330 11255 11255 I ThermalEngine: math 2
03-09 22:32:57.330 11255 11255 I ThermalEngine: ambient_value
03-09 22:32:57.330 11255 11255 I ThermalEngine: rise_value
03-09 22:32:57.330 11255 11255 I ThermalEngine: [VIRTUAL-PMIC-ALARM-SHUTDOWN]
03-09 22:32:57.330 11255 11255 I ThermalEngine: #algo_type virtual
03-09 22:32:57.330 11255 11255 I ThermalEngine: sensors pm7325_tz pm8350c_tz
03-09 22:32:57.330 11255 11255 I ThermalEngine: weights
03-09 22:32:57.330 11255 11255 I ThermalEngine: trip_sensor pm7325_tz pm8350c_tz
03-09 22:32:57.330 11255 11255 I ThermalEngine: trip_sensor_logic ||
03-09 22:32:57.330 11255 11255 I ThermalEngine: thresholds 115000 115000
03-09 22:32:57.330 11255 11255 I ThermalEngine: thresholds_clr 100000 100000
03-09 22:32:57.330 11255 11255 I ThermalEngine: offsets
03-09 22:32:57.330 11255 11255 I ThermalEngine: sampling 10
03-09 22:32:57.330 11255 11255 I ThermalEngine: math 2
03-09 22:32:57.330 11255 11255 I ThermalEngine: ambient_value
03-09 22:32:57.330 11255 11255 I ThermalEngine: rise_value
03-09 22:32:57.330 11255 11255 I ThermalEngine: [FRONT_TEMP]
03-09 22:32:57.330 11255 11255 I ThermalEngine: algo_type virtual
03-09 22:32:57.330 11255 11255 I ThermalEngine: sensors msm-therm cam-therm quiet-therm mchg-therm
03-09 22:32:57.330 11255 11255 I ThermalEngine: weights 20 32 39 9
03-09 22:32:57.330 11255 11255 I ThermalEngine: trip_sensor msm-therm
03-09 22:32:57.330 11255 11255 I ThermalEngine: thresholds -18000
03-09 22:32:57.330 11255 11255 I ThermalEngine: thresholds_clr -20000
03-09 22:32:57.330 11255 11255 I ThermalEngine: offsets -2000 0 0 0
03-09 22:32:57.330 11255 11255 I ThermalEngine: sampling 5000
03-09 22:32:57.330 11255 11255 I ThermalEngine: math 0
03-09 22:32:57.330 11255 11255 I ThermalEngine: sys_temp
03-09 22:32:57.330 11255 11255 I ThermalEngine: ambient_value
03-09 22:32:57.330 11255 11255 I ThermalEngine: rise_value
03-09 22:32:57.330 11255 11255 I ThermalEngine: [BACK_TEMP]
03-09 22:32:57.330 11255 11255 I ThermalEngine: algo_type virtual
03-09 22:32:57.330 11255 11255 I ThermalEngine: sensors msm-therm cam-therm quiet-therm mchg-therm
03-09 22:32:57.330 11255 11255 I ThermalEngine: weights 22 26 39 13
03-09 22:32:57.330 11255 11255 I ThermalEngine: trip_sensor msm-therm
03-09 22:32:57.330 11255 11255 I ThermalEngine: thresholds -18000
03-09 22:32:57.330 11255 11255 I ThermalEngine: thresholds_clr -20000
03-09 22:32:57.330 11255 11255 I ThermalEngine: offsets -2000 0 0 0
03-09 22:32:57.330 11255 11255 I ThermalEngine: sampling 5000
03-09 22:32:57.330 11255 11255 I ThermalEngine: math 0
03-09 22:32:57.330 11255 11255 I ThermalEngine: sys_temp
03-09 22:32:57.330 11255 11255 I ThermalEngine: ambient_value
03-09 22:32:57.330 11255 11255 I ThermalEngine: rise_value
03-09 22:32:57.330 11255 11255 I ThermalEngine: [FUSE_TEMP]
03-09 22:32:57.330 11255 11255 I ThermalEngine: algo_type virtual
03-09 22:32:57.330 11255 11255 I ThermalEngine: sensors msm-therm cam-therm quiet-therm mchg-therm
03-09 22:32:57.330 11255 11255 I ThermalEngine: weights 20 32 39 9
03-09 22:32:57.330 11255 11255 I ThermalEngine: trip_sensor msm-therm
03-09 22:32:57.330 11255 11255 I ThermalEngine: thresholds -18000
03-09 22:32:57.330 11255 11255 I ThermalEngine: thresholds_clr -20000
03-09 22:32:57.330 11255 11255 I ThermalEngine: offsets 0 0 0 0
03-09 22:32:57.330 11255 11255 I ThermalEngine: sampling 2000
03-09 22:32:57.330 11255 11255 I ThermalEngine: math 0
03-09 22:32:57.330 11255 11255 I ThermalEngine: sys_temp
03-09 22:32:57.330 11255 11255 I ThermalEngine: ambient_value
03-09 22:32:57.330 11255 11255 I ThermalEngine: rise_value
03-09 22:32:57.330 11255 11255 I ThermalEngine: [BCHG_TEMP]
03-09 22:32:57.330 11255 11255 I ThermalEngine: algo_type virtual
03-09 22:32:57.330 11255 11255 I ThermalEngine: sensors msm-therm cam-therm quiet-therm mchg-therm
03-09 22:32:57.330 11255 11255 I ThermalEngine: weights 22 26 39 13
03-09 22:32:57.330 11255 11255 I ThermalEngine: trip_sensor msm-therm
03-09 22:32:57.330 11255 11255 I ThermalEngine: thresholds -18000
03-09 22:32:57.330 11255 11255 I ThermalEngine: thresholds_clr -20000
03-09 22:32:57.330 11255 11255 I ThermalEngine: offsets 0 0 0 0
03-09 22:32:57.330 11255 11255 I ThermalEngine: sampling 2000
03-09 22:32:57.330 11255 11255 I ThermalEngine: math 0
03-09 22:32:57.330 11255 11255 I ThermalEngine: ambient_value
03-09 22:32:57.330 11255 11255 I ThermalEngine: rise_value
03-09 22:32:57.330 11255 11255 I ThermalEngine: [FRONT_MDM]
03-09 22:32:57.330 11255 11255 I ThermalEngine: algo_type virtual
03-09 22:32:57.330 11255 11255 I ThermalEngine: sensors msm-therm cam-therm quiet-therm mchg-therm
03-09 22:32:57.330 11255 11255 I ThermalEngine: weights 20 32 39 9
03-09 22:32:57.330 11255 11255 I ThermalEngine: trip_sensor mdmss-0 mdmss-1 mdmss-2 mdmss-3
03-09 22:32:57.330 11255 11255 I ThermalEngine: trip_sensor_logic || || ||
03-09 22:32:57.330 11255 11255 I ThermalEngine: thresholds 65000 65000 65000 65000
03-09 22:32:57.330 11255 11255 I ThermalEngine: thresholds_clr 40000 40000 40000 40000
03-09 22:32:57.330 11255 11255 I ThermalEngine: offsets 1000 0 0 0
03-09 22:32:57.330 11255 11255 I ThermalEngine: sampling 2000
03-09 22:32:57.330 11255 11255 I ThermalEngine: math 0
03-09 22:32:57.330 11255 11255 I ThermalEngine: ambient_value
03-09 22:32:57.330 11255 11255 I ThermalEngine: rise_value
03-09 22:32:57.330 11255 11255 I ThermalEngine: [DETECT-STANDBY]
03-09 22:32:57.330 11255 11255 I ThermalEngine: algo_type virtual
03-09 22:32:57.330 11255 11255 I ThermalEngine: sensors cpu_utilization lcd_brightness_value
03-09 22:32:57.330 11255 11255 I ThermalEngine: weights 12 50
03-09 22:32:57.330 11255 11255 I ThermalEngine: trip_sensor msm-therm
03-09 22:32:57.330 11255 11255 I ThermalEngine: thresholds -18000
03-09 22:32:57.330 11255 11255 I ThermalEngine: thresholds_clr -20000
03-09 22:32:57.330 11255 11255 I ThermalEngine: offsets
03-09 22:32:57.330 11255 11255 I ThermalEngine: sampling 5000
03-09 22:32:57.330 11255 11255 I ThermalEngine: math 7
03-09 22:32:57.330 11255 11255 I ThermalEngine: less_than
03-09 22:32:57.330 11255 11255 I ThermalEngine: ambient_value
03-09 22:32:57.330 11255 11255 I ThermalEngine: rise_value
03-09 22:32:57.330 11255 11255 I ThermalEngine: [DETECT-WLS]
03-09 22:32:57.330 11255 11255 I ThermalEngine: algo_type virtual
03-09 22:32:57.330 11255 11255 I ThermalEngine: sensors wireless_online
03-09 22:32:57.330 11255 11255 I ThermalEngine: weights
03-09 22:32:57.330 11255 11255 I ThermalEngine: trip_sensor msm-therm
03-09 22:32:57.330 11255 11255 I ThermalEngine: thresholds -18000
03-09 22:32:57.330 11255 11255 I ThermalEngine: thresholds_clr -20000
03-09 22:32:57.330 11255 11255 I ThermalEngine: offsets
03-09 22:32:57.330 11255 11255 I ThermalEngine: sampling 5000
03-09 22:32:57.330 11255 11255 I ThermalEngine: math 3
03-09 22:32:57.330 11255 11255 I ThermalEngine: ambient_value
03-09 22:32:57.330 11255 11255 I ThermalEngine: rise_value
03-09 22:32:57.347  3706  3728 I android.hardware.thermal@2.0-service.qti-v2: Sensor Name:GPU0 temp: 54. prev severity:0. cur severity:0 New severity:0
03-09 22:32:57.347  3706  3728 I android.hardware.thermal@2.0-service.qti-v2: Sensor Name:GPU1 temp: 53. prev severity:0. cur severity:0 New severity:0
03-09 22:32:57.350  3706  3728 I android.hardware.thermal@2.0-service.qti-v2: Sensor Name:nsp0 temp: 55.4. prev severity:0. cur severity:0 New severity:0
03-09 22:32:57.350  3706  3728 I android.hardware.thermal@2.0-service.qti-v2: Sensor Name:nsp1 temp: 55. prev severity:0. cur severity:0 New severity:0
03-09 22:32:57.350  3706  3728 I android.hardware.thermal@2.0-service.qti-v2: Sensor Name:nsp2 temp: 56.8. prev severity:0. cur severity:0 New severity:0
03-09 22:32:57.350  3706  3728 I android.hardware.thermal@2.0-service.qti-v2: Sensor Name:CPU0 temp: 69.4. prev severity:0. cur severity:0 New severity:0
03-09 22:32:57.350  3706  3728 I android.hardware.thermal@2.0-service.qti-v2: Sensor Name:CPU1 temp: 73.2. prev severity:0. cur severity:0 New severity:0
03-09 22:32:57.350  3706  3728 I android.hardware.thermal@2.0-service.qti-v2: Sensor Name:CPU2 temp: 71.5. prev severity:0. cur severity:0 New severity:0
03-09 22:32:57.350  3706  3728 I android.hardware.thermal@2.0-service.qti-v2: Sensor Name:CPU3 temp: 72.5. prev severity:0. cur severity:0 New severity:0
