--------- beginning of main
03-11 11:29:44.360  5292  5292 I AidlLazyServiceRegistrar: Process has 0 (of 1 available) client(s) in use after notification artd has clients: 0
03-11 11:29:44.360  5292  5292 I AidlLazyServiceRegistrar: Trying to shut down the service. No clients in use for any service in process.
03-11 11:29:44.361  6476  6550 E chromium: [ERROR:cc/tiles/tile_manager.cc:998] WARNING: tile memory limits exceeded, some content may not draw
03-11 11:29:44.361  5292  5292 I AidlLazyServiceRegistrar: Unregistered all clients and exiting
03-11 11:29:44.362  6476  6550 E chromium: [ERROR:cc/tiles/tile_manager.cc:998] WARNING: tile memory limits exceeded, some content may not draw
03-11 11:29:44.364  6476  6550 E chromium: [ERROR:cc/tiles/tile_manager.cc:998] WARNING: tile memory limits exceeded, some content may not draw
03-11 11:29:44.364  6476  6550 E chromium: [ERROR:cc/tiles/tile_manager.cc:998] WARNING: tile memory limits exceeded, some content may not draw
03-11 11:29:44.366  6476  6550 E chromium: [ERROR:cc/tiles/tile_manager.cc:998] WARNING: tile memory limits exceeded, some content may not draw
03-11 11:29:44.367  6476  6550 E chromium: [ERROR:cc/tiles/tile_manager.cc:998] WARNING: tile memory limits exceeded, some content may not draw
03-11 11:29:44.367  6476  6550 E chromium: [ERROR:cc/tiles/tile_manager.cc:998] WARNING: tile memory limits exceeded, some content may not draw
03-11 11:29:44.368  6476  6550 E chromium: [ERROR:cc/tiles/tile_manager.cc:998] WARNING: tile memory limits exceeded, some content may not draw
03-11 11:29:44.368  6476  6550 E chromium: [ERROR:cc/tiles/tile_manager.cc:998] WARNING: tile memory limits exceeded, some content may not draw
03-11 11:29:44.369  6476  6550 E chromium: [ERROR:cc/tiles/tile_manager.cc:998] WARNING: tile memory limits exceeded, some content may not draw
03-11 11:29:44.369  6476  6550 E chromium: [ERROR:cc/tiles/tile_manager.cc:998] WARNING: tile memory limits exceeded, some content may not draw
03-11 11:29:44.369  6476  6550 E chromium: [ERROR:cc/tiles/tile_manager.cc:998] WARNING: tile memory limits exceeded, some content may not draw
03-11 11:29:44.373  6476  6550 E chromium: [ERROR:cc/tiles/tile_manager.cc:998] WARNING: tile memory limits exceeded, some content may not draw
03-11 11:29:44.376  6476  6550 E chromium: [ERROR:cc/tiles/tile_manager.cc:998] WARNING: tile memory limits exceeded, some content may not draw
03-11 11:29:44.377  6476  6550 E chromium: [ERROR:cc/tiles/tile_manager.cc:998] WARNING: tile memory limits exceeded, some content may not draw
03-11 11:29:44.377  6476  6550 E chromium: [ERROR:cc/tiles/tile_manager.cc:998] WARNING: tile memory limits exceeded, some content may not draw
03-11 11:29:44.377  6476  6550 E chromium: [ERROR:cc/tiles/tile_manager.cc:998] WARNING: tile memory limits exceeded, some content may not draw
03-11 11:29:44.382  6476  6550 E chromium: [ERROR:cc/tiles/tile_manager.cc:998] WARNING: tile memory limits exceeded, some content may not draw
03-11 11:29:44.382  6476  6550 E chromium: [ERROR:cc/tiles/tile_manager.cc:998] WARNING: tile memory limits exceeded, some content may not draw
03-11 11:29:44.384  6476  6550 E chromium: [ERROR:cc/tiles/tile_manager.cc:998] WARNING: tile memory limits exceeded, some content may not draw
03-11 11:29:44.384  6476  6550 E chromium: [ERROR:cc/tiles/tile_manager.cc:998] WARNING: tile memory limits exceeded, some content may not draw
03-11 11:29:44.388  6476  6550 E chromium: [ERROR:cc/tiles/tile_manager.cc:998] WARNING: tile memory limits exceeded, some content may not draw
03-11 11:29:44.388  6476  6550 E chromium: [ERROR:cc/tiles/tile_manager.cc:998] WARNING: tile memory limits exceeded, some content may not draw
03-11 11:29:44.391  6476  6550 E chromium: [ERROR:cc/tiles/tile_manager.cc:998] WARNING: tile memory limits exceeded, some content may not draw
03-11 11:29:44.391  6476  6550 E chromium: [ERROR:cc/tiles/tile_manager.cc:998] WARNING: tile memory limits exceeded, some content may not draw
03-11 11:29:44.400  6476  6550 E chromium: [ERROR:cc/tiles/tile_manager.cc:998] WARNING: tile memory limits exceeded, some content may not draw
03-11 11:29:44.400  6476  6550 E chromium: [ERROR:cc/tiles/tile_manager.cc:998] WARNING: tile memory limits exceeded, some content may not draw
03-11 11:29:44.400  6476  6550 E chromium: [ERROR:cc/tiles/tile_manager.cc:998] WARNING: tile memory limits exceeded, some content may not draw
03-11 11:29:44.400  6476  6550 E chromium: [ERROR:cc/tiles/tile_manager.cc:998] WARNING: tile memory limits exceeded, some content may not draw
03-11 11:29:44.408  6476  6550 E chromium: [ERROR:cc/tiles/tile_manager.cc:998] WARNING: tile memory limits exceeded, some content may not draw
03-11 11:29:44.409  6476  6550 E chromium: [ERROR:cc/tiles/tile_manager.cc:998] WARNING: tile memory limits exceeded, some content may not draw
03-11 11:29:44.409  6476  6550 E chromium: [ERROR:cc/tiles/tile_manager.cc:998] WARNING: tile memory limits exceeded, some content may not draw
03-11 11:29:44.409  6476  6550 E chromium: [ERROR:cc/tiles/tile_manager.cc:998] WARNING: tile memory limits exceeded, some content may not draw
03-11 11:29:44.416  6476  6550 E chromium: [ERROR:cc/tiles/tile_manager.cc:998] WARNING: tile memory limits exceeded, some content may not draw
03-11 11:29:44.417  6476  6550 E chromium: [ERROR:cc/tiles/tile_manager.cc:998] WARNING: tile memory limits exceeded, some content may not draw
03-11 11:29:44.417  6476  6550 E chromium: [ERROR:cc/tiles/tile_manager.cc:998] WARNING: tile memory limits exceeded, some content may not draw
03-11 11:29:44.417  6476  6550 E chromium: [ERROR:cc/tiles/tile_manager.cc:998] WARNING: tile memory limits exceeded, some content may not draw
--------- beginning of system
03-11 11:29:44.421  5625  6274 D PowerUI : can't show warning due to - plugged: true status unknown: false
03-11 11:29:44.425  6476  6550 E chromium: [ERROR:cc/tiles/tile_manager.cc:998] WARNING: tile memory limits exceeded, some content may not draw
03-11 11:29:44.425  3163  3163 V UiModeManager: updateLocked: null action, mDockState=0, category=null
03-11 11:29:44.425  6476  6550 E chromium: [ERROR:cc/tiles/tile_manager.cc:998] WARNING: tile memory limits exceeded, some content may not draw
03-11 11:29:44.425  6476  6550 E chromium: [ERROR:cc/tiles/tile_manager.cc:998] WARNING: tile memory limits exceeded, some content may not draw
03-11 11:29:44.425  6476  6550 E chromium: [ERROR:cc/tiles/tile_manager.cc:998] WARNING: tile memory limits exceeded, some content may not draw
03-11 11:29:44.426  3163  3163 D UiModeManager: updateConfigurationLocked: mDockState=0; mCarMode=false; mNightMode=com.android.server.UiModeManagerService$1@410d4bd; mNightModeCustomType=-1; uiMode=33
03-11 11:29:44.427  5727  5727 D QtiCarrierConfigHelper: WARNING, no carrier configs on phone Id: 0
03-11 11:29:44.428  5727  5727 D QtiCarrierConfigHelper: WARNING, no carrier configs on phone Id: 1
03-11 11:29:44.433  6476  6550 E chromium: [ERROR:cc/tiles/tile_manager.cc:998] WARNING: tile memory limits exceeded, some content may not draw
03-11 11:29:44.434  6476  6550 E chromium: [ERROR:cc/tiles/tile_manager.cc:998] WARNING: tile memory limits exceeded, some content may not draw
03-11 11:29:44.434  6476  6550 E chromium: [ERROR:cc/tiles/tile_manager.cc:998] WARNING: tile memory limits exceeded, some content may not draw
03-11 11:29:44.434  6476  6550 E chromium: [ERROR:cc/tiles/tile_manager.cc:998] WARNING: tile memory limits exceeded, some content may not draw
03-11 11:29:44.439  6476  6550 E chromium: [ERROR:cc/tiles/tile_manager.cc:998] WARNING: tile memory limits exceeded, some content may not draw
03-11 11:29:44.440  6476  6550 E chromium: [ERROR:cc/tiles/tile_manager.cc:998] WARNING: tile memory limits exceeded, some content may not draw
03-11 11:29:44.442  6476  6550 E chromium: [ERROR:cc/tiles/tile_manager.cc:998] WARNING: tile memory limits exceeded, some content may not draw
03-11 11:29:44.442  6476  6550 E chromium: [ERROR:cc/tiles/tile_manager.cc:998] WARNING: tile memory limits exceeded, some content may not draw
03-11 11:29:44.449  6476  6550 E chromium: [ERROR:cc/tiles/tile_manager.cc:998] WARNING: tile memory limits exceeded, some content may not draw
03-11 11:29:44.450  6476  6550 E chromium: [ERROR:cc/tiles/tile_manager.cc:998] WARNING: tile memory limits exceeded, some content may not draw
03-11 11:29:44.450  6476  6550 E chromium: [ERROR:cc/tiles/tile_manager.cc:998] WARNING: tile memory limits exceeded, some content may not draw
03-11 11:29:44.450  6476  6550 E chromium: [ERROR:cc/tiles/tile_manager.cc:998] WARNING: tile memory limits exceeded, some content may not draw
03-11 11:29:44.458  6476  6550 E chromium: [ERROR:cc/tiles/tile_manager.cc:998] WARNING: tile memory limits exceeded, some content may not draw
03-11 11:29:44.458  6476  6550 E chromium: [ERROR:cc/tiles/tile_manager.cc:998] WARNING: tile memory limits exceeded, some content may not draw
03-11 11:29:44.459  6476  6550 E chromium: [ERROR:cc/tiles/tile_manager.cc:998] WARNING: tile memory limits exceeded, some content may not draw
03-11 11:29:44.459  6476  6550 E chromium: [ERROR:cc/tiles/tile_manager.cc:998] WARNING: tile memory limits exceeded, some content may not draw
03-11 11:29:44.466  5404  5439 I appium  : channel read: GET /session/fe11d036-08ee-40a8-b4b4-f38999ad2489/source
03-11 11:29:44.466  6476  6550 E chromium: [ERROR:cc/tiles/tile_manager.cc:998] WARNING: tile memory limits exceeded, some content may not draw
03-11 11:29:44.467  5404  5439 I appium  : Source command
03-11 11:29:44.467  6476  6550 E chromium: [ERROR:cc/tiles/tile_manager.cc:998] WARNING: tile memory limits exceeded, some content may not draw
03-11 11:29:44.467  6476  6550 E chromium: [ERROR:cc/tiles/tile_manager.cc:998] WARNING: tile memory limits exceeded, some content may not draw
03-11 11:29:44.467  5404  5439 I appium  : Waiting up to 10000ms for the device to idle
03-11 11:29:44.467  6476  6550 E chromium: [ERROR:cc/tiles/tile_manager.cc:998] WARNING: tile memory limits exceeded, some content may not draw
03-11 11:29:44.475  6476  6550 E chromium: [ERROR:cc/tiles/tile_manager.cc:998] WARNING: tile memory limits exceeded, some content may not draw
03-11 11:29:44.475  6476  6550 E chromium: [ERROR:cc/tiles/tile_manager.cc:998] WARNING: tile memory limits exceeded, some content may not draw
03-11 11:29:44.475  6476  6550 E chromium: [ERROR:cc/tiles/tile_manager.cc:998] WARNING: tile memory limits exceeded, some content may not draw
03-11 11:29:44.475  6476  6550 E chromium: [ERROR:cc/tiles/tile_manager.cc:998] WARNING: tile memory limits exceeded, some content may not draw
03-11 11:29:44.483  6476  6550 E chromium: [ERROR:cc/tiles/tile_manager.cc:998] WARNING: tile memory limits exceeded, some content may not draw
03-11 11:29:44.483  6476  6550 E chromium: [ERROR:cc/tiles/tile_manager.cc:998] WARNING: tile memory limits exceeded, some content may not draw
03-11 11:29:44.483  6476  6550 E chromium: [ERROR:cc/tiles/tile_manager.cc:998] WARNING: tile memory limits exceeded, some content may not draw
03-11 11:29:44.483  6476  6550 E chromium: [ERROR:cc/tiles/tile_manager.cc:998] WARNING: tile memory limits exceeded, some content may not draw
03-11 11:29:44.491  6476  6550 E chromium: [ERROR:cc/tiles/tile_manager.cc:998] WARNING: tile memory limits exceeded, some content may not draw
03-11 11:29:44.492  6476  6550 E chromium: [ERROR:cc/tiles/tile_manager.cc:998] WARNING: tile memory limits exceeded, some content may not draw
03-11 11:29:44.492  6476  6550 E chromium: [ERROR:cc/tiles/tile_manager.cc:998] WARNING: tile memory limits exceeded, some content may not draw
03-11 11:29:44.492  6476  6550 E chromium: [ERROR:cc/tiles/tile_manager.cc:998] WARNING: tile memory limits exceeded, some content may not draw
03-11 11:29:44.500  6476  6550 E chromium: [ERROR:cc/tiles/tile_manager.cc:998] WARNING: tile memory limits exceeded, some content may not draw
03-11 11:29:44.500  6476  6550 E chromium: [ERROR:cc/tiles/tile_manager.cc:998] WARNING: tile memory limits exceeded, some content may not draw
03-11 11:29:44.500  6476  6550 E chromium: [ERROR:cc/tiles/tile_manager.cc:998] WARNING: tile memory limits exceeded, some content may not draw
03-11 11:29:44.500  6476  6550 E chromium: [ERROR:cc/tiles/tile_manager.cc:998] WARNING: tile memory limits exceeded, some content may not draw
03-11 11:29:44.508  6476  6550 E chromium: [ERROR:cc/tiles/tile_manager.cc:998] WARNING: tile memory limits exceeded, some content may not draw
03-11 11:29:44.508  6476  6550 E chromium: [ERROR:cc/tiles/tile_manager.cc:998] WARNING: tile memory limits exceeded, some content may not draw
03-11 11:29:44.508  6476  6550 E chromium: [ERROR:cc/tiles/tile_manager.cc:998] WARNING: tile memory limits exceeded, some content may not draw
03-11 11:29:44.508  6476  6550 E chromium: [ERROR:cc/tiles/tile_manager.cc:998] WARNING: tile memory limits exceeded, some content may not draw
03-11 11:29:44.516  6476  6550 E chromium: [ERROR:cc/tiles/tile_manager.cc:998] WARNING: tile memory limits exceeded, some content may not draw
03-11 11:29:44.517  6476  6550 E chromium: [ERROR:cc/tiles/tile_manager.cc:998] WARNING: tile memory limits exceeded, some content may not draw
03-11 11:29:44.517  6476  6550 E chromium: [ERROR:cc/tiles/tile_manager.cc:998] WARNING: tile memory limits exceeded, some content may not draw
03-11 11:29:44.517  6476  6550 E chromium: [ERROR:cc/tiles/tile_manager.cc:998] WARNING: tile memory limits exceeded, some content may not draw
03-11 11:29:44.525  6476  6550 E chromium: [ERROR:cc/tiles/tile_manager.cc:998] WARNING: tile memory limits exceeded, some content may not draw
03-11 11:29:44.525  6476  6550 E chromium: [ERROR:cc/tiles/tile_manager.cc:998] WARNING: tile memory limits exceeded, some content may not draw
03-11 11:29:44.525  6476  6550 E chromium: [ERROR:cc/tiles/tile_manager.cc:998] WARNING: tile memory limits exceeded, some content may not draw
03-11 11:29:44.525  6476  6550 E chromium: [ERROR:cc/tiles/tile_manager.cc:998] WARNING: tile memory limits exceeded, some content may not draw
03-11 11:29:44.529  5625  6677 D PowerUI : can't show warning due to - plugged: true status unknown: false
03-11 11:29:44.533  3163  3163 V UiModeManager: updateLocked: null action, mDockState=0, category=null
03-11 11:29:44.533  3163  3163 D UiModeManager: updateConfigurationLocked: mDockState=0; mCarMode=false; mNightMode=com.android.server.UiModeManagerService$1@410d4bd; mNightModeCustomType=-1; uiMode=33
03-11 11:29:44.534  5727  5727 D QtiCarrierConfigHelper: WARNING, no carrier configs on phone Id: 0
03-11 11:29:44.534  5727  5727 D QtiCarrierConfigHelper: WARNING, no carrier configs on phone Id: 1
03-11 11:29:44.536  6476  6550 E chromium: [ERROR:cc/tiles/tile_manager.cc:998] WARNING: tile memory limits exceeded, some content may not draw
03-11 11:29:44.536  6476  6550 E chromium: [ERROR:cc/tiles/tile_manager.cc:998] WARNING: tile memory limits exceeded, some content may not draw
03-11 11:29:44.536  6476  6550 E chromium: [ERROR:cc/tiles/tile_manager.cc:998] WARNING: tile memory limits exceeded, some content may not draw
03-11 11:29:44.536  6476  6550 E chromium: [ERROR:cc/tiles/tile_manager.cc:998] WARNING: tile memory limits exceeded, some content may not draw
03-11 11:29:44.541  6476  6550 E chromium: [ERROR:cc/tiles/tile_manager.cc:998] WARNING: tile memory limits exceeded, some content may not draw
03-11 11:29:44.542  6476  6550 E chromium: [ERROR:cc/tiles/tile_manager.cc:998] WARNING: tile memory limits exceeded, some content may not draw
03-11 11:29:44.542  6476  6550 E chromium: [ERROR:cc/tiles/tile_manager.cc:998] WARNING: tile memory limits exceeded, some content may not draw
03-11 11:29:44.542  6476  6550 E chromium: [ERROR:cc/tiles/tile_manager.cc:998] WARNING: tile memory limits exceeded, some content may not draw
03-11 11:29:44.550  6476  6550 E chromium: [ERROR:cc/tiles/tile_manager.cc:998] WARNING: tile memory limits exceeded, some content may not draw
03-11 11:29:44.551  6476  6550 E chromium: [ERROR:cc/tiles/tile_manager.cc:998] WARNING: tile memory limits exceeded, some content may not draw
03-11 11:29:44.551  6476  6550 E chromium: [ERROR:cc/tiles/tile_manager.cc:998] WARNING: tile memory limits exceeded, some content may not draw
03-11 11:29:44.551  6476  6550 E chromium: [ERROR:cc/tiles/tile_manager.cc:998] WARNING: tile memory limits exceeded, some content may not draw
03-11 11:29:44.558  6476  6550 E chromium: [ERROR:cc/tiles/tile_manager.cc:998] WARNING: tile memory limits exceeded, some content may not draw
03-11 11:29:44.559  6476  6550 E chromium: [ERROR:cc/tiles/tile_manager.cc:998] WARNING: tile memory limits exceeded, some content may not draw
03-11 11:29:44.559  6476  6550 E chromium: [ERROR:cc/tiles/tile_manager.cc:998] WARNING: tile memory limits exceeded, some content may not draw
03-11 11:29:44.559  6476  6550 E chromium: [ERROR:cc/tiles/tile_manager.cc:998] WARNING: tile memory limits exceeded, some content may not draw
03-11 11:29:44.566  6476  6550 E chromium: [ERROR:cc/tiles/tile_manager.cc:998] WARNING: tile memory limits exceeded, some content may not draw
03-11 11:29:44.567  6476  6550 E chromium: [ERROR:cc/tiles/tile_manager.cc:998] WARNING: tile memory limits exceeded, some content may not draw
03-11 11:29:44.567  6476  6550 E chromium: [ERROR:cc/tiles/tile_manager.cc:998] WARNING: tile memory limits exceeded, some content may not draw
03-11 11:29:44.567  6476  6550 E chromium: [ERROR:cc/tiles/tile_manager.cc:998] WARNING: tile memory limits exceeded, some content may not draw
03-11 11:29:44.575  6476  6550 E chromium: [ERROR:cc/tiles/tile_manager.cc:998] WARNING: tile memory limits exceeded, some content may not draw
03-11 11:29:44.575  6476  6550 E chromium: [ERROR:cc/tiles/tile_manager.cc:998] WARNING: tile memory limits exceeded, some content may not draw
03-11 11:29:44.575  6476  6550 E chromium: [ERROR:cc/tiles/tile_manager.cc:998] WARNING: tile memory limits exceeded, some content may not draw
03-11 11:29:44.575  6476  6550 E chromium: [ERROR:cc/tiles/tile_manager.cc:998] WARNING: tile memory limits exceeded, some content may not draw
03-11 11:29:44.583  6476  6550 E chromium: [ERROR:cc/tiles/tile_manager.cc:998] WARNING: tile memory limits exceeded, some content may not draw
03-11 11:29:44.584  6476  6550 E chromium: [ERROR:cc/tiles/tile_manager.cc:998] WARNING: tile memory limits exceeded, some content may not draw
03-11 11:29:44.584  6476  6550 E chromium: [ERROR:cc/tiles/tile_manager.cc:998] WARNING: tile memory limits exceeded, some content may not draw
03-11 11:29:44.584  6476  6550 E chromium: [ERROR:cc/tiles/tile_manager.cc:998] WARNING: tile memory limits exceeded, some content may not draw
03-11 11:29:44.619  6255  6255 I DrmHalHidl: found instance=clearkey version=android.hardware.drm@1.4::IDrmFactory
03-11 11:29:44.619  6255  6255 I DrmHalHidl: found instance=wfdhdcp version=android.hardware.drm@1.3::IDrmFactory
03-11 11:29:44.619  6255  6255 I DrmHalHidl: found instance=widevine version=android.hardware.drm@1.4::IDrmFactory
03-11 11:29:44.626  6255  6255 I cr_media: Create MediaDrmBridge with level L3 and origin  for GetVersion
03-11 11:29:44.629  2072 14564 I WVCdm   : [app][mnn.Android] calling virtual Return<void> wvdrm::hardware::drm::V1_4::widevine::WVDrmFactory::createPlugin(const hidl_array<uint8_t, 16> &, const android::hardware::hidl_string &, android::hardware::drm::V1_4::IDrmFactory::createPlugin_cb)
03-11 11:29:44.629  2072 14564 D WVCdm   : Instantiating CDM.
03-11 11:29:44.643  2300  4990 I Scheduler: applyPolicy: UpdateRefreshRate 120 to 24 of group 3: [touch=0:0 touchBoost=0 scroll=0:0 idle=1:1] for display 4630947043778501762
03-11 11:29:44.644  2300  4990 D DisplayModeController: setDesiredMode 4630947043778501762 {mode={fps=24.00 Hz, modePtr={id=7, vsyncRate=24.00 Hz, peakRefreshRate=24.00 Hz}}, emitEvent=false, force=false}
03-11 11:29:44.645  2072 14564 D WVCdm   : [cdm_engine.cpp(555):QueryStatus] security_level = Default, query_token = WidevineCdmVersion
03-11 11:29:44.647  2300  2300 I SurfaceFlinger: initiateDisplayModeChanges changing active mode from 0(120.00 Hz:3) to 7(24.00 Hz:3) for display 4630947043778501762
03-11 11:29:44.647  2300  2300 I SurfaceFlinger: initiateDisplayModeChanges active mode changed to 7(24.00 Hz) for display 4630947043778501762. mBrightnessDimingCnt=0
03-11 11:29:44.648  2195  2392 W SDM     : HWDeviceDRM::GetSupportedBitClkRate: Requested rate not supported: 0
03-11 11:29:44.648  2195  2392 I SDM     : HWDeviceDRM::UpdateMixerAttributes: Mixer WxH 1080x2640-0 for Peripheral
03-11 11:29:44.648  2300  2436 D VSyncReactor: 4630947043778501762: confirming period 8->41(cnt1)
03-11 11:29:44.648  2195  2392 I SDM     : HWCDisplay::SubmitDisplayConfig: Active configuration changed from config 0 to 7
03-11 11:29:44.651  2300  2300 I SurfaceFlinger: initiateDisplayModeChanges changing active mode from 7(24.00 Hz:3) to 7(24.00 Hz:3) for display 4630947043778501762
03-11 11:29:44.652  2072 14564 I WVCdm   : [file_utils.cpp(40):Exists] stat failed: ENOENT
03-11 11:29:44.652  2072 14564 I WVCdm   : [oemcrypto_adapter_dynamic.cpp(783):Initialize] Level 3 Build Info (v16): OEMCrypto Level3 Code 28917 Feb  2 2023 02:22:33
03-11 11:29:44.653  2072  7244 I WVCdm   : [(0):] Level3 Library 28917 Feb  2 2023 02:22:33
03-11 11:29:44.656  2300  2436 D VSyncReactor: 4630947043778501762: period 41 confirmed(cnt1)
03-11 11:29:44.658  2072 14564 I WVCdm   : [oemcrypto_adapter_dynamic.cpp(797):Initialize] L3 Initialized. Trying L1.
03-11 11:29:44.663  2072 14564 I QCOM-OEMCrypto: OEMCrypto_Initialize
03-11 11:29:44.663  2072 14564 I QCOM-OEMCrypto: License: Widevine: YES CPZ: YES
03-11 11:29:44.691  2300  2300 D SurfaceFlinger: setDesiredDisplayModeSpecs[{0, false, PR={p[24.00-120.00]Hz, r[24.00-90.00]Hz}, AR={p[0.00-120.00]Hz, r[0.00-120.00]Hz}}]: by process 3163 uid 1000 for display 4630947043778501762
03-11 11:29:44.691  2300  2300 D RefreshRateSelector: constructAvailableRefreshRates: {defaultModeId=0, allowGroupSwitching=false, primaryRanges={physical=[24.00 Hz, 120.00 Hz], render=[24.00 Hz, 90.00 Hz]}, appRequestRanges={physical=[0.00 Hz, 120.00 Hz], render=[0.00 Hz, 120.00 Hz]} idleScreenConfig=nullptr} 
03-11 11:29:44.691  2300  2300 D RefreshRateSelector: primary render rates: {fps=24.00 Hz, modePtr={id=7, vsyncRate=24.00 Hz, peakRefreshRate=24.00 Hz}} {fps=30.00 Hz, modePtr={id=5, vsyncRate=60.00 Hz, peakRefreshRate=60.00 Hz}} {fps=30.00 Hz, modePtr={id=4, vsyncRate=90.00 Hz, peakRefreshRate=90.00 Hz}} {fps=30.00 Hz, modePtr={id=6, vsyncRate=30.00 Hz, peakRefreshRate=30.00 Hz}} {fps=40.00 Hz, modePtr={id=0, vsyncRate=120.00 Hz, peakRefreshRate=120.00 Hz}} {fps=45.00 Hz, modePtr={id=4, vsyncRate=90.00 Hz, peakRefreshRate=90.00 Hz}} {fps=60.00 Hz, modePtr={id=5, vsyncRate=60.00 Hz, peakRefreshRate=60.00 Hz}} {fps=90.00 Hz, modePtr={id=4, vsyncRate=90.00 Hz, peakRefreshRate=90.00 Hz}} , isVrrDevice? 0
03-11 11:29:44.691  2300  2300 D RefreshRateSelector: app request render rates: {fps=24.00 Hz, modePtr={id=7, vsyncRate=24.00 Hz, peakRefreshRate=24.00 Hz}} {fps=30.00 Hz, modePtr={id=5, vsyncRate=60.00 Hz, peakRefreshRate=60.00 Hz}} {fps=30.00 Hz, modePtr={id=4, vsyncRate=90.00 Hz, peakRefreshRate=90.00 Hz}} {fps=30.00 Hz, modePtr={id=6, vsyncRate=30.00 Hz, peakRefreshRate=30.00 Hz}} {fps=40.00 Hz, modePtr={id=0, vsyncRate=120.00 Hz, peakRefreshRate=120.00 Hz}} {fps=45.00 Hz, modePtr={id=4, vsyncRate=90.00 Hz, peakRefreshRate=90.00 Hz}} {fps=60.00 Hz, modePtr={id=5, vsyncRate=60.00 Hz, peakRefreshRate=60.00 Hz}} {fps=90.00 Hz, modePtr={id=4, vsyncRate=90.00 Hz, peakRefreshRate=90.00 Hz}} {fps=120.00 Hz, modePtr={id=0, vsyncRate=120.00 Hz, peakRefreshRate=120.00 Hz}} , isVrrDevice? 0
03-11 11:29:44.691  2300  2300 I RefreshRateSelector: constructAvailableRefreshRates: Found m60HzRefreshRateModeOpt at index 5
03-11 11:29:44.691  2300  2300 I RefreshRateSelector: constructAvailableRefreshRates: Found m90HzRefreshRateModeOpt at index 4
03-11 11:29:44.691  2300  2300 I RefreshRateSelector: constructAvailableRefreshRates: Found m90HzRefreshRateModeOpt at index 4
03-11 11:29:44.691  2300  2300 I RefreshRateSelector: constructAvailableRefreshRates: Found m60HzRefreshRateModeOpt at index 5
03-11 11:29:44.691  2300  2300 I RefreshRateSelector: constructAvailableRefreshRates: Found m90HzRefreshRateModeOpt at index 4
03-11 11:29:44.691  2300  2300 D RefreshRateSelector: Special render rates: [{fps=120.00 Hz, modePtr={id=0, vsyncRate=120.00 Hz, peakRefreshRate=120.00 Hz}} (1Hz)] [{fps=120.00 Hz, modePtr={id=1, vsyncRate=120.00 Hz, peakRefreshRate=120.00 Hz}} (10Hz)] 
03-11 11:29:44.691  2300  2300 D RefreshRateSelector: found  TouchBoostRefreshRate: {fps=90.00 Hz, modePtr={id=4, vsyncRate=90.00 Hz, peakRefreshRate=90.00 Hz}}
03-11 11:29:44.691  2300  2300 D RefreshRateSelector: [90:120:0]: mTouchBoostRefreshRateAvailable=1, mScrollBoostRefreshRateAvailable=0, mTouchOnBlankNotBoostRefreshRateAvailable=0
03-11 11:29:44.692  2300  2300 I RefreshRateSelector: Display 4630947043778501762 policy changed
03-11 11:29:44.692  2300  2300 I RefreshRateSelector: Previous: {defaultModeId=0, allowGroupSwitching=false, primaryRanges={physical=[24.00 Hz, 120.00 Hz], render=[24.00 Hz, 120.00 Hz]}, appRequestRanges={physical=[0.00 Hz, 120.00 Hz], render=[0.00 Hz, 120.00 Hz]} idleScreenConfig=nullptr}
03-11 11:29:44.692  2300  2300 I RefreshRateSelector: Current:  DisplayManagerPolicy{defaultModeId=0, allowGroupSwitching=false, primaryRanges={physical=[24.00 Hz, 120.00 Hz], render=[24.00 Hz, 90.00 Hz]}, appRequestRanges={physical=[0.00 Hz, 120.00 Hz], render=[0.00 Hz, 120.00 Hz]} idleScreenConfig=nullptr}
03-11 11:29:44.692  2300  2300 I RefreshRateSelector: 23 mode changes were performed under the previous policy
03-11 11:29:44.692  2300  2300 D SurfaceFlinger: Setting desired display mode specs: {0, false, PR={p[24.00-120.00]Hz, r[24.00-90.00]Hz}, AR={p[0.00-120.00]Hz, r[0.00-120.00]Hz}} for display 4630947043778501762
03-11 11:29:44.692  2300  2300 I SurfaceFlinger: Switching to Scheduler preferred mode 7 (24.00 Hz) for display 4630947043778501762
03-11 11:29:44.692  2300  2300 D DisplayModeController: setDesiredMode 4630947043778501762 {mode={fps=24.00 Hz, modePtr={id=7, vsyncRate=24.00 Hz, peakRefreshRate=24.00 Hz}}, emitEvent=true, force=false}
03-11 11:29:44.692  2300  2300 I SurfaceFlinger: setDesiredModeSpecsByBrightnessZone Prim done to {0, false, PR={p[24.00-120.00]Hz, r[24.00-90.00]Hz}, AR={p[0.00-120.00]Hz, r[0.00-120.00]Hz}} from {0, false, PR={p[24.00-120.00]Hz, r[24.00-120.00]Hz}, AR={p[0.00-120.00]Hz, r[0.00-120.00]Hz}}, NitUpperLimit=2147483647 inZone=0 due to [0.401449-95.935646]
03-11 11:29:44.692  2300  2300 D SurfaceFlinger: setDesiredDisplayModeSpecs[{0, false, PR={p[24.00-120.00]Hz, r[24.00-90.00]Hz}, AR={p[0.00-120.00]Hz, r[0.00-120.00]Hz}}]: by process 3163 uid 1000 for display 4630947043778501763
03-11 11:29:44.693  3163  3231 I DisplayDeviceRepository: Display device changed render timings: "Built-in Screen", renderFrameRate=24.000002, presentationDeadlineNanos=41666666, appVsyncOffsetNanos=1000000
03-11 11:29:44.694  3163  3352 D BrightnessThermalClamper: Thermal status observer already started
03-11 11:29:44.694  2072 14564 I QCOM-OEMCrypto: ---------------Widevine OEMCrypto configuration-----------------
03-11 11:29:44.694  2072 14564 I QCOM-OEMCrypto: TA-HLOS interface                      :   SMCInvoke
03-11 11:29:44.694  2072 14564 I QCOM-OEMCrypto: Crypto Engine SMMU Virtual Address     :   Yes
03-11 11:29:44.694  2072 14564 I QCOM-OEMCrypto: Measure elapsed time                   :   No
03-11 11:29:44.694  2072 14564 I QCOM-OEMCrypto: Inplace decryption for clear buffer    :   Yes
03-11 11:29:44.694  2072 14564 I QCOM-OEMCrypto: Frame Assembly                         :   Yes
03-11 11:29:44.694  2072 14564 I QCOM-OEMCrypto: Scratch buffer size                    :   4194304
03-11 11:29:44.694  2072 14564 I QCOM-OEMCrypto: Decrypt hash tests                     :   No
03-11 11:29:44.694  2072 14564 I QCOM-OEMCrypto: Secure buffer tests                    :   No
03-11 11:29:44.694  2072 14564 I QCOM-OEMCrypto: Idle mode enabled for external display :   No
03-11 11:29:44.694  2072 14564 I QCOM-OEMCrypto: HLOS data path                       :   No
03-11 11:29:44.694  2072 14564 I QCOM-OEMCrypto: ----------------------------------------------------------------
03-11 11:29:44.696  3163  3231 D DisplayManagerService: Ignore redundant display event 0/2 to 10584/16615
03-11 11:29:44.697  2067  2067 D AHAL: AudioDevice: SetParameters: 1564: enter: screen_state=on
03-11 11:29:44.697  2067  2067 D AHAL: AudioVoice: VoiceSetParameters: 87: Enter params: screen_state=on
03-11 11:29:44.697  2067  2067 D AHAL: AudioVoice: VoiceSetParameters: 360: Exit ret: 0
03-11 11:29:44.697  2067  2067 D AHAL: FM: fm_set_parameters: 262: Enter
03-11 11:29:44.697  2067  2067 D AHAL: FM: fm_set_parameters: 320: exit
03-11 11:29:44.697  2067  2067 D AHAL: AudioDevice: SetParameters: 1625:  - screen = on
03-11 11:29:44.697  2067  2067 I PAL: ResourceManager: setParameter: 8311: Screen State:1
03-11 11:29:44.697  2067  2067 D AHAL: AudioDevice: SetParameters: 2361: exit: screen_state=on
03-11 11:29:44.697  3163  3229 D CLI/Transition: displaygroup 0, state ON, pendingdisplaygroup -1
03-11 11:29:44.697  1296  1305 D DrmLibTime: got the req here! ret=0
03-11 11:29:44.697  1296  1305 D DrmLibTime: command id, time_cmd_id = 770
03-11 11:29:44.697  1296  1305 D DrmLibTime: time_getutcsec starts!
03-11 11:29:44.697  1296  1305 D DrmLibTime: QSEE Time Listener: time_getutcsec
03-11 11:29:44.697  1296  1305 D DrmLibTime: QSEE Time Listener: get_utc_seconds
03-11 11:29:44.697  1296  1305 D DrmLibTime: QSEE Time Listener: time_get_modem_time
03-11 11:29:44.697  1296  1305 D DrmLibTime: QSEE Time Listener: Checking if ATS_MODEM is set or not.
03-11 11:29:44.697  1296  1305 D QC-time-services: Lib:time_genoff_operation: pargs->base = 13
03-11 11:29:44.697  1296  1305 D QC-time-services: Lib:time_genoff_operation: pargs->operation = 2
03-11 11:29:44.697  1296  1305 D QC-time-services: Lib:time_genoff_operation: pargs->ts_val = 0
03-11 11:29:44.697  1296  1305 D QC-time-services: Lib:time_genoff_operation: Send to server  passed!!
03-11 11:29:44.697  1878  1888 D QC-time-services: Daemon: Connection accepted:time_genoff
03-11 11:29:44.699  1878  7246 D QC-time-services: Daemon:Received base = 13, unit = 1, operation = 2,value = 0
03-11 11:29:44.699  1878  7246 D QC-time-services: Daemon:genoff_opr: Base = 13, val = 0, operation = 2
03-11 11:29:44.699  1878  7246 D QC-time-services: offset is: 1 for base: 13
03-11 11:29:44.700  1296  1305 E QC-time-services: Receive Passed == base = 13, unit = 1, operation = 2, result = 0
03-11 11:29:44.700  1296  1305 D DrmLibTime: QSEE Time Listener: ATS_MODEM is set. Try to retrieve it.
03-11 11:29:44.701  1878  1888 E QC-time-services: Daemon: Time-services: Waiting to acceptconnection
03-11 11:29:44.701  1878  1888 D QC-time-services: Daemon: Connection accepted:time_genoff
03-11 11:29:44.703  7545  7545 I FileStationLog: [ FS_h$a ] - [Display] Changed display: 0
03-11 11:29:44.703  7545  7545 I FileStationLog: [ FS_h ] - [Logic] Retrieved display info: LogicDisplayInfo(width=1080, height=2640, orientation=1, rotation=0, displayId=0)
03-11 11:29:44.703  7545  7545 I FileStationLog: [ FS_h$a ] - [Display] New logical size: 1080x2640
03-11 11:29:44.704  7545  7545 I FileStationLog: [ FS_h$a ] - [Display] Screen width unchanged: 1080
03-11 11:29:44.704 26976 27604 D MCLOG   : [BrightnessTrigger] onDisplayChanged displayId = 0
03-11 11:29:44.704  1878  7247 D QC-time-services: Daemon:Received base = 13, unit = 1, operation = 1,value = 0
03-11 11:29:44.704  1878  7247 D QC-time-services: Daemon:genoff_opr: Base = 13, val = 0, operation = 1
03-11 11:29:44.704  1878  7247 D QC-time-services: Daemon: genoff get for 13
03-11 11:29:44.704  1878  7247 D QC-time-services: Daemon:Value read from QTimer mseconds = 172945123
03-11 11:29:44.704  1878  7247 D QC-time-services: Daemon:Value read from RTC mseconds on boot = 1081413000
03-11 11:29:44.704  1878  7247 D QC-time-services: Daemon:Value read from QTimer mseconds = 172945123
03-11 11:29:44.704  1878  7247 D QC-time-services: Daemon:Value read from generic offset = 1771988693160
03-11 11:29:44.704  1878  7247 D QC-time-services: Daemon:Delta read on boot mseconds = 1081364354
03-11 11:29:44.704  1878  7247 D QC-time-services: Daemon:Final Time = 1773243002637
03-11 11:29:44.704  1296  1305 D DrmLibTime: QSEE Time Listener: Time GenOff - seconds: 1773243002
03-11 11:29:44.704  1296  1305 D DrmLibTime: time_getutcsec returns 0, sec = 1773243002; nsec = 0
03-11 11:29:44.704  1296  1305 D DrmLibTime: time_getutcsec finished! 
03-11 11:29:44.704  1296  1305 D DrmLibTime: iotcl_continue_command finished! and return 0 
03-11 11:29:44.704  1296  1305 D DrmLibTime: before calling ioctl to read the next time_cmd
03-11 11:29:44.704  1878  1888 E QC-time-services: Daemon: Time-services: Waiting to acceptconnection
03-11 11:29:44.705 26976 27604 D MCLOG   : [BrightnessManager] displayId = 0 brightness = 0.38515076 nit = 95.93565 level = br1
03-11 11:29:44.721  2072 14564 I DMABUFHEAPS: Using DMA-BUF heap named: qcom,qseecom-ta
03-11 11:29:44.731  2072 14564 I DMABUFHEAPS: Using DMA-BUF heap named: qcom,qseecom-ta
03-11 11:29:44.740  2072 14564 I DMABUFHEAPS: Using DMA-BUF heap named: qcom,qseecom-ta
03-11 11:29:44.748  2072 14564 I QCOM-OEMCrypto: Allocated all scratch buffers
03-11 11:29:44.748  2072 14564 I QCOM-OEMCrypto: LibOEMCrypto version 1.77
03-11 11:29:44.748  2072 14564 I QCOM-OEMCrypto: TA   version 1.181
03-11 11:29:44.748  2072 14564 I QCOM-OEMCrypto: Api  version 16.4
03-11 11:29:44.752  2072 14564 W WVCdm   : [oemcrypto_adapter_dynamic.cpp(998):LoadLevel1] Could not load L1 _oecc109.
03-11 11:29:44.752  2072 14564 W WVCdm   : [oemcrypto_adapter_dynamic.cpp(999):LoadLevel1] Could not load L1 _oecc110.
03-11 11:29:44.752  2072 14564 W WVCdm   : [oemcrypto_adapter_dynamic.cpp(1003):LoadLevel1] Could not load L1 _oecc113.
03-11 11:29:44.752  2072 14564 W WVCdm   : [oemcrypto_adapter_dynamic.cpp(1004):LoadLevel1] Could not load L1 _oecc114.
03-11 11:29:44.752  2072 14564 D WVCdm   : [oemcrypto_adapter_dynamic.cpp(816):Initialize] OEMCrypto_Initialize Level 1 success. I will use level 1.
03-11 11:29:44.752  2072 14564 I QCOM-OEMCrypto: Created OEMCrypto idle_thread
03-11 11:29:44.752  2072 14564 I WVCdm   : [oemcrypto_adapter_dynamic.cpp(819):Initialize] Level 1 Build Info (v16): Build Information: API_Version: 16.4 LibOEMCrypto_Version: 1.77 TA_Version: 1.181
03-11 11:29:44.753  2072 14564 I WVCdm   : [file_utils.cpp(40):Exists] stat failed: ENOENT
03-11 11:29:44.753  2072 14564 D WVCdm   : [crypto_session.cpp(398):CacheVersion] OEMCrypto version (default security level): 16.4
03-11 11:29:44.753  2072 14564 D WVCdm   : [crypto_session.cpp(407):CacheVersion] OEMCrypto version (L3 security level): 16.3
03-11 11:29:44.755  2072 14529 D WVCdm   : [cdm_engine.cpp(555):QueryStatus] security_level = Default, query_token = SecurityLevel
03-11 11:29:44.755  2072  2072 D WVCdm   : [cdm_engine.cpp(555):QueryStatus] security_level = L3, query_token = WidevineCdmVersion
03-11 11:29:44.755  6255  6255 I cr_media: Version: 16.1.1@014
03-11 11:29:44.755  2072  2148 D WVCdm   : [cdm_engine.cpp(555):QueryStatus] security_level = L3, query_token = OemCryptoBuildInformation
03-11 11:29:44.757  2072  2148 I WVCdm   : [(0):] L3 Terminate.
03-11 11:29:44.757  2072  2148 E WVCdm   : [oemcrypto_adapter_dynamic.cpp(831):Level1Terminate] L1 Terminate
03-11 11:29:44.757  2072  7249 I QCOM-OEMCrypto: Exit OEMCrypto idle_thread
03-11 11:29:44.757  2072  2148 I QCOM-OEMCrypto: OEMCrypto_Terminate
03-11 11:29:44.757  2072  2148 I QCOM-OEMCrypto: Cleanup OEMCrypto library
03-11 11:29:44.758  2072  2148 I QCOM-OEMCrypto: Freed all scratch buffers
03-11 11:29:44.767  2300  2300 I Scheduler: applyPolicy: UpdateRefreshRate 24 to 90 of group 5: [touch=0:0 touchBoost=0 scroll=0:0 idle=0:0] for display 4630947043778501762
03-11 11:29:44.767  2300  2300 D DisplayModeController: setDesiredMode 4630947043778501762 {mode={fps=90.00 Hz, modePtr={id=4, vsyncRate=90.00 Hz, peakRefreshRate=90.00 Hz}}, emitEvent=true, force=false}
03-11 11:29:44.767  2300  2300 I SurfaceFlinger: initiateDisplayModeChanges changing active mode from 7(24.00 Hz:3) to 4(90.00 Hz:5) for display 4630947043778501762
03-11 11:29:44.767  2300  2300 I SurfaceFlinger: initiateDisplayModeChanges active mode changed to 4(90.00 Hz) for display 4630947043778501762. mBrightnessDimingCnt=0
03-11 11:29:44.770  6255  6255 I cr_media: oemCryptoBuildInformation: OEMCrypto Level3 Code 28917 Feb  2 2023 02:22:33
03-11 11:29:44.770  6255  6255 I cr_media: Destroying MediaDrmBridge for origin null
03-11 11:29:44.772  2743  3828 D statsd_drm: statsd_mediadrm skipping empty entry
03-11 11:29:44.773  2300  2436 D VSyncReactor: 4630947043778501762: confirming period 41->11(cnt1)
03-11 11:29:44.794  6476  6550 E chromium: [ERROR:cc/tiles/tile_manager.cc:998] WARNING: tile memory limits exceeded, some content may not draw
03-11 11:29:44.794  6476  6550 E chromium: [ERROR:cc/tiles/tile_manager.cc:998] WARNING: tile memory limits exceeded, some content may not draw
03-11 11:29:44.794  6476  6550 E chromium: [ERROR:cc/tiles/tile_manager.cc:998] WARNING: tile memory limits exceeded, some content may not draw
03-11 11:29:44.794  6476  6550 E chromium: [ERROR:cc/tiles/tile_manager.cc:998] WARNING: tile memory limits exceeded, some content may not draw
03-11 11:29:44.800  6476  6550 E chromium: [ERROR:cc/tiles/tile_manager.cc:998] WARNING: tile memory limits exceeded, some content may not draw
03-11 11:29:44.800  6476  6550 E chromium: [ERROR:cc/tiles/tile_manager.cc:998] WARNING: tile memory limits exceeded, some content may not draw
03-11 11:29:44.802  6255  6400 D FirebasePerformance: Fetched value: 'true' for key: 'fpr_enabled' from Firebase Remote Config.
03-11 11:29:44.803  6255  6400 D FirebasePerformance: Fetched value: '' for key: 'fpr_disabled_android_versions' from Firebase Remote Config.
03-11 11:29:44.803  6255  6400 D FirebasePerformance: Fetched value: 'true' for key: 'fpr_enabled' from Firebase Remote Config.
03-11 11:29:44.803  6255  6400 D FirebasePerformance: Fetched value: '' for key: 'fpr_disabled_android_versions' from Firebase Remote Config.
03-11 11:29:44.803  6255  6400 D FirebasePerformance: Fetched value: '1.0' for key: 'fpr_vc_network_request_sampling_rate' from Firebase Remote Config.
03-11 11:29:44.804  6255  6400 I FirebasePerformance: Logging network request trace: https://api.permutive.app/v1.0/state (responseCode: 200, responseTime: 653.595ms)
03-11 11:29:44.806  6476  6550 E chromium: [ERROR:cc/tiles/tile_manager.cc:998] WARNING: tile memory limits exceeded, some content may not draw
03-11 11:29:44.806  6476  6550 E chromium: [ERROR:cc/tiles/tile_manager.cc:998] WARNING: tile memory limits exceeded, some content may not draw
03-11 11:29:44.808  2064  2064 I sensors-hal: batch:206, android.sensor.game_rotation_vector/151, period=16666000, max_latency=0
03-11 11:29:44.808  2064  2064 I sensors-hal: set_config:57, sample_period_ns is adjusted to 16666000 based on min/max delay_ns
03-11 11:29:44.808  2064  2064 I sensors-hal: batch:215, android.sensor.game_rotation_vector/151, period=16666000, max_latency=0 request completed
03-11 11:29:44.809  2064  2064 I sensors-hal: activate:173, android.sensor.game_rotation_vector/151 en=1
03-11 11:29:44.809  2064  2064 I sensors-hal: get_qmi_debug_flag:239, support_qmi_debug : false
03-11 11:29:44.810  2061  2108 E minksocket: MinkIPC_QRTR_Service: client with node 1 port 7a6b went down
03-11 11:29:44.810  2061  2108 E minksocket: MinkIPC_QRTR_Service: client with node 1 port 7a6c went down
03-11 11:29:44.811  2061  2108 E minksocket: MinkIPC_QRTR_Service: client with node 1 port 7a6d went down
03-11 11:29:44.812  2064  2064 E Diag_Lib: diag: Diag_LSM_Init: invoked for pid: 2064 with init_count: 0
03-11 11:29:44.812  2064  2064 E Diag_Lib: diag:failed to connect to diag socket
03-11 11:29:44.812  2064  2064 E Diag_Lib:  Diag_LSM_Init: Failed to open handle to diag driver, error = 13
03-11 11:29:44.813  2064  2064 I sensors-hal: send_sync_sensor_request:341, send sync request
03-11 11:29:44.813  2064  2064 I sensors-hal: send_sync_sensor_request:367, wait for notification of response
03-11 11:29:44.813  2061  2108 E minksocket: MinkIPC_QRTR_Service: client with node 1 port 7a6e went down
03-11 11:29:44.815  2064  7255 I sensors-hal: ssc_conn_resp_cb:632, resp_value = 0
03-11 11:29:44.815  2064  2064 I sensors-hal: send_sync_sensor_request:373, takes 2 ms to receive the response with 0
03-11 11:29:44.816  2064  2064 I sensors-hal: activate:184, android.sensor.game_rotation_vector/151 en=1 completed
03-11 11:29:44.818  2064  2064 I sensors-hal: batch:206, android.sensor.accelerometer/11, period=16666000, max_latency=0
03-11 11:29:44.818  2064  2064 I sensors-hal: set_config:57, sample_period_ns is adjusted to 16666000 based on min/max delay_ns
03-11 11:29:44.818  2064  2064 I sensors-hal: send_sensor_config_request:395, resampler is used, set resampler config
03-11 11:29:44.819  2064  2064 I sensors-hal: send_sync_sensor_request:341, send sync request
03-11 11:29:44.819  2064  2064 I sensors-hal: send_sync_sensor_request:367, wait for notification of response
03-11 11:29:44.819  2064  5194 I sensors-hal: ssc_conn_resp_cb:632, resp_value = 0
03-11 11:29:44.820  2064  2064 I sensors-hal: send_sync_sensor_request:373, takes 0 ms to receive the response with 0
03-11 11:29:44.820  2064  2064 I sensors-hal: batch:215, android.sensor.accelerometer/11, period=16666000, max_latency=0 request completed
03-11 11:29:44.820  2064  2064 I sensors-hal: flush:235, android.sensor.accelerometer/11
03-11 11:29:44.820  2064  2064 I sensors-hal: send_sync_sensor_request:341, send sync request
03-11 11:29:44.820  2064  2064 I sensors-hal: send_sync_sensor_request:367, wait for notification of response
03-11 11:29:44.821  2064  5194 I sensors-hal: ssc_conn_resp_cb:632, resp_value = 0
03-11 11:29:44.821  2064  2064 I sensors-hal: send_sync_sensor_request:373, takes 0 ms to receive the response with 0
03-11 11:29:44.821  2064  2064 I sensors-hal: flush:241, android.sensor.accelerometer/11 completed
03-11 11:29:44.825  2064  7255 I sensors-hal: handle_indication_realtime:467,  SCHED_FIFO(10) for qmi_cbk
03-11 11:29:44.841  3163  3231 I DisplayDeviceRepository: Display device changed render timings: "Built-in Screen", renderFrameRate=90.0, presentationDeadlineNanos=17111110, appVsyncOffsetNanos=1000000
03-11 11:29:44.841  2300  2300 I SurfaceFlinger: initiateDisplayModeChanges changing active mode from 4(90.00 Hz:5) to 4(90.00 Hz:5) for display 4630947043778501762
03-11 11:29:44.841  3163  3352 D BrightnessThermalClamper: Thermal status observer already started
03-11 11:29:44.842  3163  3229 D CLI/Transition: displaygroup 0, state ON, pendingdisplaygroup -1
03-11 11:29:44.842  2195  2392 W SDM     : HWDeviceDRM::GetSupportedBitClkRate: Requested rate not supported: 0
03-11 11:29:44.842  2195  2392 I SDM     : HWDeviceDRM::UpdateMixerAttributes: Mixer WxH 1080x2640-0 for Peripheral
03-11 11:29:44.842  2195  2392 I SDM     : HWCDisplay::SubmitDisplayConfig: Active configuration changed from config 7 to 4
03-11 11:29:44.843  3163  3231 D DisplayManagerService: Ignore redundant display event 0/2 to 10584/16615
03-11 11:29:44.843  2067  8157 D AHAL: AudioDevice: SetParameters: 1564: enter: screen_state=on
03-11 11:29:44.843  2067  8157 D AHAL: AudioVoice: VoiceSetParameters: 87: Enter params: screen_state=on
03-11 11:29:44.843  2067  8157 D AHAL: AudioVoice: VoiceSetParameters: 360: Exit ret: 0
03-11 11:29:44.843  2067  8157 D AHAL: FM: fm_set_parameters: 262: Enter
03-11 11:29:44.843  2067  8157 D AHAL: FM: fm_set_parameters: 320: exit
03-11 11:29:44.843  2067  8157 D AHAL: AudioDevice: SetParameters: 1625:  - screen = on
03-11 11:29:44.843  2067  8157 I PAL: ResourceManager: setParameter: 8311: Screen State:1
03-11 11:29:44.843  2067  8157 D AHAL: AudioDevice: SetParameters: 2361: exit: screen_state=on
03-11 11:29:44.846 26976 27604 D MCLOG   : [BrightnessTrigger] onDisplayChanged displayId = 0
03-11 11:29:44.848 26976 27604 D MCLOG   : [BrightnessManager] displayId = 0 brightness = 0.38515076 nit = 95.93565 level = br1
03-11 11:29:44.851  7545  7545 I FileStationLog: [ FS_h$a ] - [Display] Changed display: 0
03-11 11:29:44.851  7545  7545 I FileStationLog: [ FS_h ] - [Logic] Retrieved display info: LogicDisplayInfo(width=1080, height=2640, orientation=1, rotation=0, displayId=0)
03-11 11:29:44.851  7545  7545 I FileStationLog: [ FS_h$a ] - [Display] New logical size: 1080x2640
03-11 11:29:44.851  7545  7545 I FileStationLog: [ FS_h$a ] - [Display] Screen width unchanged: 1080
03-11 11:29:44.857  2300  2436 D VSyncReactor: 4630947043778501762: period 11 confirmed(cnt2)
03-11 11:29:44.859  6476  6550 E chromium: [ERROR:cc/tiles/tile_manager.cc:998] WARNING: tile memory limits exceeded, some content may not draw
03-11 11:29:44.859  6476  6550 E chromium: [ERROR:cc/tiles/tile_manager.cc:998] WARNING: tile memory limits exceeded, some content may not draw
03-11 11:29:44.859  6476  6550 E chromium: [ERROR:cc/tiles/tile_manager.cc:998] WARNING: tile memory limits exceeded, some content may not draw
03-11 11:29:44.859  6476  6550 E chromium: [ERROR:cc/tiles/tile_manager.cc:998] WARNING: tile memory limits exceeded, some content may not draw
03-11 11:29:44.870  6476  6550 E chromium: [ERROR:cc/tiles/tile_manager.cc:998] WARNING: tile memory limits exceeded, some content may not draw
03-11 11:29:44.870  6476  6550 E chromium: [ERROR:cc/tiles/tile_manager.cc:998] WARNING: tile memory limits exceeded, some content may not draw
03-11 11:29:44.870  6476  6550 E chromium: [ERROR:cc/tiles/tile_manager.cc:998] WARNING: tile memory limits exceeded, some content may not draw
03-11 11:29:44.870  6476  6550 E chromium: [ERROR:cc/tiles/tile_manager.cc:998] WARNING: tile memory limits exceeded, some content may not draw
03-11 11:29:44.881  6476  6550 E chromium: [ERROR:cc/tiles/tile_manager.cc:998] WARNING: tile memory limits exceeded, some content may not draw
03-11 11:29:44.881  6476  6550 E chromium: [ERROR:cc/tiles/tile_manager.cc:998] WARNING: tile memory limits exceeded, some content may not draw
03-11 11:29:44.881  6476  6550 E chromium: [ERROR:cc/tiles/tile_manager.cc:998] WARNING: tile memory limits exceeded, some content may not draw
03-11 11:29:44.881  6476  6550 E chromium: [ERROR:cc/tiles/tile_manager.cc:998] WARNING: tile memory limits exceeded, some content may not draw
03-11 11:29:44.892  6476  6550 E chromium: [ERROR:cc/tiles/tile_manager.cc:998] WARNING: tile memory limits exceeded, some content may not draw
03-11 11:29:44.892  6476  6550 E chromium: [ERROR:cc/tiles/tile_manager.cc:998] WARNING: tile memory limits exceeded, some content may not draw
03-11 11:29:44.896  6476  6550 E chromium: [ERROR:cc/tiles/tile_manager.cc:998] WARNING: tile memory limits exceeded, some content may not draw
03-11 11:29:44.896  6476  6550 E chromium: [ERROR:cc/tiles/tile_manager.cc:998] WARNING: tile memory limits exceeded, some content may not draw
03-11 11:29:44.910  6476  6550 E chromium: [ERROR:cc/tiles/tile_manager.cc:998] WARNING: tile memory limits exceeded, some content may not draw
03-11 11:29:44.911  6476  6550 E chromium: [ERROR:cc/tiles/tile_manager.cc:998] WARNING: tile memory limits exceeded, some content may not draw
03-11 11:29:44.911  6476  6550 E chromium: [ERROR:cc/tiles/tile_manager.cc:998] WARNING: tile memory limits exceeded, some content may not draw
03-11 11:29:44.911  6476  6550 E chromium: [ERROR:cc/tiles/tile_manager.cc:998] WARNING: tile memory limits exceeded, some content may not draw
03-11 11:29:44.918  6476  6550 E chromium: [ERROR:cc/tiles/tile_manager.cc:998] WARNING: tile memory limits exceeded, some content may not draw
03-11 11:29:44.919  6476  6550 E chromium: [ERROR:cc/tiles/tile_manager.cc:998] WARNING: tile memory limits exceeded, some content may not draw
03-11 11:29:44.919  6476  6550 E chromium: [ERROR:cc/tiles/tile_manager.cc:998] WARNING: tile memory limits exceeded, some content may not draw
03-11 11:29:44.919  6476  6550 E chromium: [ERROR:cc/tiles/tile_manager.cc:998] WARNING: tile memory limits exceeded, some content may not draw
03-11 11:29:44.927  6476  6550 E chromium: [ERROR:cc/tiles/tile_manager.cc:998] WARNING: tile memory limits exceeded, some content may not draw
03-11 11:29:44.927  6476  6550 E chromium: [ERROR:cc/tiles/tile_manager.cc:998] WARNING: tile memory limits exceeded, some content may not draw
03-11 11:29:44.929  6476  6550 E chromium: [ERROR:cc/tiles/tile_manager.cc:998] WARNING: tile memory limits exceeded, some content may not draw
03-11 11:29:44.929  6476  6550 E chromium: [ERROR:cc/tiles/tile_manager.cc:998] WARNING: tile memory limits exceeded, some content may not draw
03-11 11:29:44.938  6476  6550 E chromium: [ERROR:cc/tiles/tile_manager.cc:998] WARNING: tile memory limits exceeded, some content may not draw
03-11 11:29:44.938  6476  6550 E chromium: [ERROR:cc/tiles/tile_manager.cc:998] WARNING: tile memory limits exceeded, some content may not draw
03-11 11:29:44.938  6476  6550 E chromium: [ERROR:cc/tiles/tile_manager.cc:998] WARNING: tile memory limits exceeded, some content may not draw
03-11 11:29:44.938  6476  6550 E chromium: [ERROR:cc/tiles/tile_manager.cc:998] WARNING: tile memory limits exceeded, some content may not draw
03-11 11:29:44.954  6476  6550 E chromium: [ERROR:cc/tiles/tile_manager.cc:998] WARNING: tile memory limits exceeded, some content may not draw
03-11 11:29:44.955  6476  6550 E chromium: [ERROR:cc/tiles/tile_manager.cc:998] WARNING: tile memory limits exceeded, some content may not draw
