03-11 11:27:44.607  2067  5073 D AHAL: AudioVoice: VoiceSetParameters: 360: Exit ret: 0
03-11 11:27:44.607  2067  5073 D AHAL: FM: fm_set_parameters: 262: Enter
03-11 11:27:44.607  2067  5073 D AHAL: FM: fm_set_parameters: 320: exit
03-11 11:27:44.607  2067  5073 D AHAL: AudioDevice: SetParameters: 1625:  - screen = on
03-11 11:27:44.607  2067  5073 I PAL: ResourceManager: setParameter: 8311: Screen State:1
03-11 11:27:44.607  2067  5073 D AHAL: AudioDevice: SetParameters: 2361: exit: screen_state=on
03-11 11:27:44.609 31568 31640 E chromium: [ERROR:cc/tiles/tile_manager.cc:998] WARNING: tile memory limits exceeded, some content may not draw
03-11 11:27:44.609 26976 27604 D MCLOG   : [BrightnessManager] displayId = 0 brightness = 0.3989218 nit = 102.99595 level = br2
03-11 11:27:44.609 26976 27604 D MCLOG   : [BrightnessTrigger] onDisplayChanged displayId = 0
03-11 11:27:44.612  7545  7545 I FileStationLog: [ FS_h$a ] - [Display] Changed display: 0
03-11 11:27:44.613  7545  7545 I FileStationLog: [ FS_h ] - [Logic] Retrieved display info: LogicDisplayInfo(width=1080, height=2640, orientation=1, rotation=0, displayId=0)
03-11 11:27:44.613  7545  7545 I FileStationLog: [ FS_h$a ] - [Display] New logical size: 1080x2640
03-11 11:27:44.613  7545  7545 I FileStationLog: [ FS_h$a ] - [Display] Screen width unchanged: 1080
03-11 11:27:44.614 26976 27604 D MCLOG   : [BrightnessManager] displayId = 0 brightness = 0.3989218 nit = 102.99595 level = br2
03-11 11:27:44.630 31568 31640 E chromium: [ERROR:cc/tiles/tile_manager.cc:998] WARNING: tile memory limits exceeded, some content may not draw
03-11 11:27:44.631 31568 31640 E chromium: [ERROR:cc/tiles/tile_manager.cc:998] WARNING: tile memory limits exceeded, some content may not draw
03-11 11:27:44.634 31568 31640 E chromium: [ERROR:cc/tiles/tile_manager.cc:998] WARNING: tile memory limits exceeded, some content may not draw
03-11 11:27:44.634 31568 31640 E chromium: [ERROR:cc/tiles/tile_manager.cc:998] WARNING: tile memory limits exceeded, some content may not draw
03-11 11:27:44.650 31568 31640 E chromium: [ERROR:cc/tiles/tile_manager.cc:998] WARNING: tile memory limits exceeded, some content may not draw
03-11 11:27:44.650 31568 31640 E chromium: [ERROR:cc/tiles/tile_manager.cc:998] WARNING: tile memory limits exceeded, some content may not draw
03-11 11:27:44.666 31568 31640 E chromium: [ERROR:cc/tiles/tile_manager.cc:998] WARNING: tile memory limits exceeded, some content may not draw
03-11 11:27:44.667 31568 31640 E chromium: [ERROR:cc/tiles/tile_manager.cc:998] WARNING: tile memory limits exceeded, some content may not draw
03-11 11:27:44.684 31568 31640 E chromium: [ERROR:cc/tiles/tile_manager.cc:998] WARNING: tile memory limits exceeded, some content may not draw
03-11 11:27:44.684 31568 31640 E chromium: [ERROR:cc/tiles/tile_manager.cc:998] WARNING: tile memory limits exceeded, some content may not draw
03-11 11:27:44.700 31568 31640 E chromium: [ERROR:cc/tiles/tile_manager.cc:998] WARNING: tile memory limits exceeded, some content may not draw
03-11 11:27:44.701 31568 31640 E chromium: [ERROR:cc/tiles/tile_manager.cc:998] WARNING: tile memory limits exceeded, some content may not draw
03-11 11:27:44.719 31568 31640 E chromium: [ERROR:cc/tiles/tile_manager.cc:998] WARNING: tile memory limits exceeded, some content may not draw
03-11 11:27:44.720 31568 31640 E chromium: [ERROR:cc/tiles/tile_manager.cc:998] WARNING: tile memory limits exceeded, some content may not draw
03-11 11:27:44.733 31568 31640 E chromium: [ERROR:cc/tiles/tile_manager.cc:998] WARNING: tile memory limits exceeded, some content may not draw
03-11 11:27:44.734 31568 31640 E chromium: [ERROR:cc/tiles/tile_manager.cc:998] WARNING: tile memory limits exceeded, some content may not draw
03-11 11:27:44.751 31568 31640 E chromium: [ERROR:cc/tiles/tile_manager.cc:998] WARNING: tile memory limits exceeded, some content may not draw
03-11 11:27:44.752 31568 31640 E chromium: [ERROR:cc/tiles/tile_manager.cc:998] WARNING: tile memory limits exceeded, some content may not draw
03-11 11:27:44.767 31568 31640 E chromium: [ERROR:cc/tiles/tile_manager.cc:998] WARNING: tile memory limits exceeded, some content may not draw
03-11 11:27:44.768 31568 31640 E chromium: [ERROR:cc/tiles/tile_manager.cc:998] WARNING: tile memory limits exceeded, some content may not draw
03-11 11:27:44.784 31568 31640 E chromium: [ERROR:cc/tiles/tile_manager.cc:998] WARNING: tile memory limits exceeded, some content may not draw
03-11 11:27:44.785 31568 31640 E chromium: [ERROR:cc/tiles/tile_manager.cc:998] WARNING: tile memory limits exceeded, some content may not draw
03-11 11:27:44.802 31568 31640 E chromium: [ERROR:cc/tiles/tile_manager.cc:998] WARNING: tile memory limits exceeded, some content may not draw
03-11 11:27:44.803 31568 31640 E chromium: [ERROR:cc/tiles/tile_manager.cc:998] WARNING: tile memory limits exceeded, some content may not draw
03-11 11:27:44.819 31568 31640 E chromium: [ERROR:cc/tiles/tile_manager.cc:998] WARNING: tile memory limits exceeded, some content may not draw
03-11 11:27:44.820 31568 31640 E chromium: [ERROR:cc/tiles/tile_manager.cc:998] WARNING: tile memory limits exceeded, some content may not draw
03-11 11:27:44.835 31568 31640 E chromium: [ERROR:cc/tiles/tile_manager.cc:998] WARNING: tile memory limits exceeded, some content may not draw
03-11 11:27:44.835 31568 31640 E chromium: [ERROR:cc/tiles/tile_manager.cc:998] WARNING: tile memory limits exceeded, some content may not draw
03-11 11:27:44.851 31568 31640 E chromium: [ERROR:cc/tiles/tile_manager.cc:998] WARNING: tile memory limits exceeded, some content may not draw
03-11 11:27:44.852 31568 31640 E chromium: [ERROR:cc/tiles/tile_manager.cc:998] WARNING: tile memory limits exceeded, some content may not draw
03-11 11:27:44.862  2300 30730 I Scheduler: applyPolicy: UpdateRefreshRate 60 to 120 of group 16: [touch=0:0 touchBoost=0 scroll=0:0 idle=1:1] for display 4630947043778501762
03-11 11:27:44.863  2300 30730 D DisplayModeController: setDesiredMode 4630947043778501762 {mode={fps=120.00 Hz, modePtr={id=1, vsyncRate=120.00 Hz, peakRefreshRate=120.00 Hz}}, emitEvent=false, force=false}
03-11 11:27:44.873 31568 31640 E chromium: [ERROR:cc/tiles/tile_manager.cc:998] WARNING: tile memory limits exceeded, some content may not draw
03-11 11:27:44.874 31568 31640 E chromium: [ERROR:cc/tiles/tile_manager.cc:998] WARNING: tile memory limits exceeded, some content may not draw
03-11 11:27:44.878  2300  2436 D VSyncReactor: 4630947043778501762: confirming period 16->8(cnt1)
03-11 11:27:44.882  2300  2300 I SurfaceFlinger: initiateDisplayModeChanges changing active mode from 5(60.00 Hz:3) to 1(120.00 Hz:16) for display 4630947043778501762
03-11 11:27:44.883  2300  2300 I SurfaceFlinger: initiateDisplayModeChanges active mode changed to 1(120.00 Hz) for display 4630947043778501762. mBrightnessDimingCnt=0
03-11 11:27:44.883  2195  2386 W SDM     : HWDeviceDRM::GetSupportedBitClkRate: Requested rate not supported: 0
03-11 11:27:44.883  2195  2386 I SDM     : HWDeviceDRM::UpdateMixerAttributes: Mixer WxH 1080x2640-0 for Peripheral
03-11 11:27:44.884  2195  2386 I SDM     : HWCDisplay::SubmitDisplayConfig: Active configuration changed from config 5 to 3
03-11 11:27:44.899  2300  2300 I SurfaceFlinger: initiateDisplayModeChanges changing active mode from 1(120.00 Hz:16) to 1(120.00 Hz:16) for display 4630947043778501762
03-11 11:27:44.903  2300  2436 D VSyncReactor: 4630947043778501762: period 8 confirmed(cnt2)
03-11 11:27:44.905 31568 31640 E chromium: [ERROR:cc/tiles/tile_manager.cc:998] WARNING: tile memory limits exceeded, some content may not draw
03-11 11:27:44.906 31568 31640 E chromium: [ERROR:cc/tiles/tile_manager.cc:998] WARNING: tile memory limits exceeded, some content may not draw
03-11 11:27:44.906 31401 32182 I MediaCodec: [0xb400006f532ae8f0] enqueue 13 input frames in last 1053 ms, latest timeUs 458792
03-11 11:27:44.911 31401 32182 I MediaCodec: [0xb400006f532ae8f0] dequeue 12 output frames in last 1044 ms, latest timeUs 458792, flags 128
03-11 11:27:44.913 31568 31640 E chromium: [ERROR:cc/tiles/tile_manager.cc:998] WARNING: tile memory limits exceeded, some content may not draw
03-11 11:27:44.913 31568 31640 E chromium: [ERROR:cc/tiles/tile_manager.cc:998] WARNING: tile memory limits exceeded, some content may not draw
03-11 11:27:44.917 31568 31640 E chromium: [ERROR:cc/tiles/tile_manager.cc:998] WARNING: tile memory limits exceeded, some content may not draw
03-11 11:27:44.918 31568 31640 E chromium: [ERROR:cc/tiles/tile_manager.cc:998] WARNING: tile memory limits exceeded, some content may not draw
03-11 11:27:44.925 31568 31640 E chromium: [ERROR:cc/tiles/tile_manager.cc:998] WARNING: tile memory limits exceeded, some content may not draw
03-11 11:27:44.925 31568 31640 E chromium: [ERROR:cc/tiles/tile_manager.cc:998] WARNING: tile memory limits exceeded, some content may not draw
03-11 11:27:44.932 31568 31640 E chromium: [ERROR:cc/tiles/tile_manager.cc:998] WARNING: tile memory limits exceeded, some content may not draw
03-11 11:27:44.932 31568 31640 E chromium: [ERROR:cc/tiles/tile_manager.cc:998] WARNING: tile memory limits exceeded, some content may not draw
03-11 11:27:44.935 31568 31640 E chromium: [ERROR:cc/tiles/tile_manager.cc:998] WARNING: tile memory limits exceeded, some content may not draw
03-11 11:27:44.935 31568 31640 E chromium: [ERROR:cc/tiles/tile_manager.cc:998] WARNING: tile memory limits exceeded, some content may not draw
03-11 11:27:44.940 31568 31640 E chromium: [ERROR:cc/tiles/tile_manager.cc:998] WARNING: tile memory limits exceeded, some content may not draw
03-11 11:27:44.940 31568 31640 E chromium: [ERROR:cc/tiles/tile_manager.cc:998] WARNING: tile memory limits exceeded, some content may not draw
03-11 11:27:44.949 31568 31640 E chromium: [ERROR:cc/tiles/tile_manager.cc:998] WARNING: tile memory limits exceeded, some content may not draw
03-11 11:27:44.949 31568 31640 E chromium: [ERROR:cc/tiles/tile_manager.cc:998] WARNING: tile memory limits exceeded, some content may not draw
03-11 11:27:44.958 31568 31640 E chromium: [ERROR:cc/tiles/tile_manager.cc:998] WARNING: tile memory limits exceeded, some content may not draw
03-11 11:27:44.958 31568 31640 E chromium: [ERROR:cc/tiles/tile_manager.cc:998] WARNING: tile memory limits exceeded, some content may not draw
03-11 11:27:44.967 31568 31640 E chromium: [ERROR:cc/tiles/tile_manager.cc:998] WARNING: tile memory limits exceeded, some content may not draw
03-11 11:27:44.967 31568 31640 E chromium: [ERROR:cc/tiles/tile_manager.cc:998] WARNING: tile memory limits exceeded, some content may not draw
03-11 11:27:44.979 31568 31640 E chromium: [ERROR:cc/tiles/tile_manager.cc:998] WARNING: tile memory limits exceeded, some content may not draw
03-11 11:27:44.980 31568 31640 E chromium: [ERROR:cc/tiles/tile_manager.cc:998] WARNING: tile memory limits exceeded, some content may not draw
03-11 11:27:44.983 31568 31640 E chromium: [ERROR:cc/tiles/tile_manager.cc:998] WARNING: tile memory limits exceeded, some content may not draw
03-11 11:27:44.984 31568 31640 E chromium: [ERROR:cc/tiles/tile_manager.cc:998] WARNING: tile memory limits exceeded, some content may not draw
03-11 11:27:44.992 31568 31640 E chromium: [ERROR:cc/tiles/tile_manager.cc:998] WARNING: tile memory limits exceeded, some content may not draw
03-11 11:27:44.992 31568 31640 E chromium: [ERROR:cc/tiles/tile_manager.cc:998] WARNING: tile memory limits exceeded, some content may not draw
03-11 11:27:45.000 31568 31640 E chromium: [ERROR:cc/tiles/tile_manager.cc:998] WARNING: tile memory limits exceeded, some content may not draw
03-11 11:27:45.001 31568 31640 E chromium: [ERROR:cc/tiles/tile_manager.cc:998] WARNING: tile memory limits exceeded, some content may not draw
03-11 11:27:45.009 31568 31640 E chromium: [ERROR:cc/tiles/tile_manager.cc:998] WARNING: tile memory limits exceeded, some content may not draw
03-11 11:27:45.009 31568 31640 E chromium: [ERROR:cc/tiles/tile_manager.cc:998] WARNING: tile memory limits exceeded, some content may not draw
03-11 11:27:45.017 31568 31640 E chromium: [ERROR:cc/tiles/tile_manager.cc:998] WARNING: tile memory limits exceeded, some content may not draw
03-11 11:27:45.018 31568 31640 E chromium: [ERROR:cc/tiles/tile_manager.cc:998] WARNING: tile memory limits exceeded, some content may not draw
03-11 11:27:45.028 31568 31640 E chromium: [ERROR:cc/tiles/tile_manager.cc:998] WARNING: tile memory limits exceeded, some content may not draw
03-11 11:27:45.029 31568 31640 E chromium: [ERROR:cc/tiles/tile_manager.cc:998] WARNING: tile memory limits exceeded, some content may not draw
03-11 11:27:45.033 31568 31640 E chromium: [ERROR:cc/tiles/tile_manager.cc:998] WARNING: tile memory limits exceeded, some content may not draw
03-11 11:27:45.034 31568 31640 E chromium: [ERROR:cc/tiles/tile_manager.cc:998] WARNING: tile memory limits exceeded, some content may not draw
03-11 11:27:45.041 31568 31640 E chromium: [ERROR:cc/tiles/tile_manager.cc:998] WARNING: tile memory limits exceeded, some content may not draw
03-11 11:27:45.042 31568 31640 E chromium: [ERROR:cc/tiles/tile_manager.cc:998] WARNING: tile memory limits exceeded, some content may not draw
03-11 11:27:45.050 31568 31640 E chromium: [ERROR:cc/tiles/tile_manager.cc:998] WARNING: tile memory limits exceeded, some content may not draw
03-11 11:27:45.050 31568 31640 E chromium: [ERROR:cc/tiles/tile_manager.cc:998] WARNING: tile memory limits exceeded, some content may not draw
03-11 11:27:45.058 31568 31640 E chromium: [ERROR:cc/tiles/tile_manager.cc:998] WARNING: tile memory limits exceeded, some content may not draw
03-11 11:27:45.059 31568 31640 E chromium: [ERROR:cc/tiles/tile_manager.cc:998] WARNING: tile memory limits exceeded, some content may not draw
03-11 11:27:45.067 31568 31640 E chromium: [ERROR:cc/tiles/tile_manager.cc:998] WARNING: tile memory limits exceeded, some content may not draw
03-11 11:27:45.068 31568 31640 E chromium: [ERROR:cc/tiles/tile_manager.cc:998] WARNING: tile memory limits exceeded, some content may not draw
03-11 11:27:45.078 31568 31640 E chromium: [ERROR:cc/tiles/tile_manager.cc:998] WARNING: tile memory limits exceeded, some content may not draw
03-11 11:27:45.079 31568 31640 E chromium: [ERROR:cc/tiles/tile_manager.cc:998] WARNING: tile memory limits exceeded, some content may not draw
03-11 11:27:45.084 31568 31640 E chromium: [ERROR:cc/tiles/tile_manager.cc:998] WARNING: tile memory limits exceeded, some content may not draw
03-11 11:27:45.084 31568 31640 E chromium: [ERROR:cc/tiles/tile_manager.cc:998] WARNING: tile memory limits exceeded, some content may not draw
03-11 11:27:45.091 31568 31640 E chromium: [ERROR:cc/tiles/tile_manager.cc:998] WARNING: tile memory limits exceeded, some content may not draw
03-11 11:27:45.092 31568 31640 E chromium: [ERROR:cc/tiles/tile_manager.cc:998] WARNING: tile memory limits exceeded, some content may not draw
03-11 11:27:45.100 31568 31640 E chromium: [ERROR:cc/tiles/tile_manager.cc:998] WARNING: tile memory limits exceeded, some content may not draw
03-11 11:27:45.101 31568 31640 E chromium: [ERROR:cc/tiles/tile_manager.cc:998] WARNING: tile memory limits exceeded, some content may not draw
03-11 11:27:45.109 31568 31640 E chromium: [ERROR:cc/tiles/tile_manager.cc:998] WARNING: tile memory limits exceeded, some content may not draw
03-11 11:27:45.110 31568 31640 E chromium: [ERROR:cc/tiles/tile_manager.cc:998] WARNING: tile memory limits exceeded, some content may not draw
03-11 11:27:45.117 31568 31640 E chromium: [ERROR:cc/tiles/tile_manager.cc:998] WARNING: tile memory limits exceeded, some content may not draw
03-11 11:27:45.117 31568 31640 E chromium: [ERROR:cc/tiles/tile_manager.cc:998] WARNING: tile memory limits exceeded, some content may not draw
03-11 11:27:45.128 31568 31640 E chromium: [ERROR:cc/tiles/tile_manager.cc:998] WARNING: tile memory limits exceeded, some content may not draw
03-11 11:27:45.129 31568 31640 E chromium: [ERROR:cc/tiles/tile_manager.cc:998] WARNING: tile memory limits exceeded, some content may not draw
03-11 11:27:45.134 31568 31640 E chromium: [ERROR:cc/tiles/tile_manager.cc:998] WARNING: tile memory limits exceeded, some content may not draw
03-11 11:27:45.135 31568 31640 E chromium: [ERROR:cc/tiles/tile_manager.cc:998] WARNING: tile memory limits exceeded, some content may not draw
03-11 11:27:45.142 31568 31640 E chromium: [ERROR:cc/tiles/tile_manager.cc:998] WARNING: tile memory limits exceeded, some content may not draw
03-11 11:27:45.143 31568 31640 E chromium: [ERROR:cc/tiles/tile_manager.cc:998] WARNING: tile memory limits exceeded, some content may not draw
03-11 11:27:45.150 31568 31640 E chromium: [ERROR:cc/tiles/tile_manager.cc:998] WARNING: tile memory limits exceeded, some content may not draw
03-11 11:27:45.151 31568 31640 E chromium: [ERROR:cc/tiles/tile_manager.cc:998] WARNING: tile memory limits exceeded, some content may not draw
03-11 11:27:45.159 31568 31640 E chromium: [ERROR:cc/tiles/tile_manager.cc:998] WARNING: tile memory limits exceeded, some content may not draw
03-11 11:27:45.159 31568 31640 E chromium: [ERROR:cc/tiles/tile_manager.cc:998] WARNING: tile memory limits exceeded, some content may not draw
03-11 11:27:45.167 31568 31640 E chromium: [ERROR:cc/tiles/tile_manager.cc:998] WARNING: tile memory limits exceeded, some content may not draw
03-11 11:27:45.168 31568 31640 E chromium: [ERROR:cc/tiles/tile_manager.cc:998] WARNING: tile memory limits exceeded, some content may not draw
03-11 11:27:45.176 31568 31640 E chromium: [ERROR:cc/tiles/tile_manager.cc:998] WARNING: tile memory limits exceeded, some content may not draw
03-11 11:27:45.176 31568 31640 E chromium: [ERROR:cc/tiles/tile_manager.cc:998] WARNING: tile memory limits exceeded, some content may not draw
03-11 11:27:45.184 31568 31640 E chromium: [ERROR:cc/tiles/tile_manager.cc:998] WARNING: tile memory limits exceeded, some content may not draw
03-11 11:27:45.184 31568 31640 E chromium: [ERROR:cc/tiles/tile_manager.cc:998] WARNING: tile memory limits exceeded, some content may not draw
03-11 11:27:45.192 31568 31640 E chromium: [ERROR:cc/tiles/tile_manager.cc:998] WARNING: tile memory limits exceeded, some content may not draw
03-11 11:27:45.192 31568 31640 E chromium: [ERROR:cc/tiles/tile_manager.cc:998] WARNING: tile memory limits exceeded, some content may not draw
03-11 11:27:45.201 31568 31640 E chromium: [ERROR:cc/tiles/tile_manager.cc:998] WARNING: tile memory limits exceeded, some content may not draw
03-11 11:27:45.201 31568 31640 E chromium: [ERROR:cc/tiles/tile_manager.cc:998] WARNING: tile memory limits exceeded, some content may not draw
03-11 11:27:45.209 31568 31640 E chromium: [ERROR:cc/tiles/tile_manager.cc:998] WARNING: tile memory limits exceeded, some content may not draw
03-11 11:27:45.209 31568 31640 E chromium: [ERROR:cc/tiles/tile_manager.cc:998] WARNING: tile memory limits exceeded, some content may not draw
03-11 11:27:45.217 31568 31640 E chromium: [ERROR:cc/tiles/tile_manager.cc:998] WARNING: tile memory limits exceeded, some content may not draw
03-11 11:27:45.218 31568 31640 E chromium: [ERROR:cc/tiles/tile_manager.cc:998] WARNING: tile memory limits exceeded, some content may not draw
03-11 11:27:45.229 31568 31640 E chromium: [ERROR:cc/tiles/tile_manager.cc:998] WARNING: tile memory limits exceeded, some content may not draw
03-11 11:27:45.229 31568 31640 E chromium: [ERROR:cc/tiles/tile_manager.cc:998] WARNING: tile memory limits exceeded, some content may not draw
03-11 11:27:45.234 31568 31640 E chromium: [ERROR:cc/tiles/tile_manager.cc:998] WARNING: tile memory limits exceeded, some content may not draw
03-11 11:27:45.235 31568 31640 E chromium: [ERROR:cc/tiles/tile_manager.cc:998] WARNING: tile memory limits exceeded, some content may not draw
03-11 11:27:45.241 31568 31640 E chromium: [ERROR:cc/tiles/tile_manager.cc:998] WARNING: tile memory limits exceeded, some content may not draw
03-11 11:27:45.241 31568 31640 E chromium: [ERROR:cc/tiles/tile_manager.cc:998] WARNING: tile memory limits exceeded, some content may not draw
03-11 11:27:45.251 31568 31640 E chromium: [ERROR:cc/tiles/tile_manager.cc:998] WARNING: tile memory limits exceeded, some content may not draw
03-11 11:27:45.251 31568 31640 E chromium: [ERROR:cc/tiles/tile_manager.cc:998] WARNING: tile memory limits exceeded, some content may not draw
03-11 11:27:45.259 31568 31640 E chromium: [ERROR:cc/tiles/tile_manager.cc:998] WARNING: tile memory limits exceeded, some content may not draw
03-11 11:27:45.259 31568 31640 E chromium: [ERROR:cc/tiles/tile_manager.cc:998] WARNING: tile memory limits exceeded, some content may not draw
03-11 11:27:45.267 31568 31640 E chromium: [ERROR:cc/tiles/tile_manager.cc:998] WARNING: tile memory limits exceeded, some content may not draw
03-11 11:27:45.268 31568 31640 E chromium: [ERROR:cc/tiles/tile_manager.cc:998] WARNING: tile memory limits exceeded, some content may not draw
03-11 11:27:45.278 31568 31640 E chromium: [ERROR:cc/tiles/tile_manager.cc:998] WARNING: tile memory limits exceeded, some content may not draw
03-11 11:27:45.278 31568 31640 E chromium: [ERROR:cc/tiles/tile_manager.cc:998] WARNING: tile memory limits exceeded, some content may not draw
03-11 11:27:45.284 31568 31640 E chromium: [ERROR:cc/tiles/tile_manager.cc:998] WARNING: tile memory limits exceeded, some content may not draw
03-11 11:27:45.285 31568 31640 E chromium: [ERROR:cc/tiles/tile_manager.cc:998] WARNING: tile memory limits exceeded, some content may not draw
03-11 11:27:45.292 31568 31640 E chromium: [ERROR:cc/tiles/tile_manager.cc:998] WARNING: tile memory limits exceeded, some content may not draw
03-11 11:27:45.293 31568 31640 E chromium: [ERROR:cc/tiles/tile_manager.cc:998] WARNING: tile memory limits exceeded, some content may not draw
03-11 11:27:45.301 31568 31640 E chromium: [ERROR:cc/tiles/tile_manager.cc:998] WARNING: tile memory limits exceeded, some content may not draw
03-11 11:27:45.301 31568 31640 E chromium: [ERROR:cc/tiles/tile_manager.cc:998] WARNING: tile memory limits exceeded, some content may not draw
03-11 11:27:45.309 31568 31640 E chromium: [ERROR:cc/tiles/tile_manager.cc:998] WARNING: tile memory limits exceeded, some content may not draw
03-11 11:27:45.310 31568 31640 E chromium: [ERROR:cc/tiles/tile_manager.cc:998] WARNING: tile memory limits exceeded, some content may not draw
03-11 11:27:45.318 31568 31640 E chromium: [ERROR:cc/tiles/tile_manager.cc:998] WARNING: tile memory limits exceeded, some content may not draw
03-11 11:27:45.318 31568 31640 E chromium: [ERROR:cc/tiles/tile_manager.cc:998] WARNING: tile memory limits exceeded, some content may not draw
03-11 11:27:45.327 31568 31640 E chromium: [ERROR:cc/tiles/tile_manager.cc:998] WARNING: tile memory limits exceeded, some content may not draw
03-11 11:27:45.328 31568 31640 E chromium: [ERROR:cc/tiles/tile_manager.cc:998] WARNING: tile memory limits exceeded, some content may not draw
03-11 11:27:45.334 31568 31640 E chromium: [ERROR:cc/tiles/tile_manager.cc:998] WARNING: tile memory limits exceeded, some content may not draw
03-11 11:27:45.334 31568 31640 E chromium: [ERROR:cc/tiles/tile_manager.cc:998] WARNING: tile memory limits exceeded, some content may not draw
03-11 11:27:45.342 31568 31640 E chromium: [ERROR:cc/tiles/tile_manager.cc:998] WARNING: tile memory limits exceeded, some content may not draw
03-11 11:27:45.343 31568 31640 E chromium: [ERROR:cc/tiles/tile_manager.cc:998] WARNING: tile memory limits exceeded, some content may not draw
03-11 11:27:45.352 31568 31640 E chromium: [ERROR:cc/tiles/tile_manager.cc:998] WARNING: tile memory limits exceeded, some content may not draw
03-11 11:27:45.352 31568 31640 E chromium: [ERROR:cc/tiles/tile_manager.cc:998] WARNING: tile memory limits exceeded, some content may not draw
03-11 11:27:45.359 31568 31640 E chromium: [ERROR:cc/tiles/tile_manager.cc:998] WARNING: tile memory limits exceeded, some content may not draw
03-11 11:27:45.360 31568 31640 E chromium: [ERROR:cc/tiles/tile_manager.cc:998] WARNING: tile memory limits exceeded, some content may not draw
03-11 11:27:45.367 31568 31640 E chromium: [ERROR:cc/tiles/tile_manager.cc:998] WARNING: tile memory limits exceeded, some content may not draw
03-11 11:27:45.368 31568 31640 E chromium: [ERROR:cc/tiles/tile_manager.cc:998] WARNING: tile memory limits exceeded, some content may not draw
03-11 11:27:45.378 31568 31640 E chromium: [ERROR:cc/tiles/tile_manager.cc:998] WARNING: tile memory limits exceeded, some content may not draw
03-11 11:27:45.378 31568 31640 E chromium: [ERROR:cc/tiles/tile_manager.cc:998] WARNING: tile memory limits exceeded, some content may not draw
03-11 11:27:45.384 31568 31640 E chromium: [ERROR:cc/tiles/tile_manager.cc:998] WARNING: tile memory limits exceeded, some content may not draw
03-11 11:27:45.384 31568 31640 E chromium: [ERROR:cc/tiles/tile_manager.cc:998] WARNING: tile memory limits exceeded, some content may not draw
03-11 11:27:45.392 31568 31640 E chromium: [ERROR:cc/tiles/tile_manager.cc:998] WARNING: tile memory limits exceeded, some content may not draw
03-11 11:27:45.393 31568 31640 E chromium: [ERROR:cc/tiles/tile_manager.cc:998] WARNING: tile memory limits exceeded, some content may not draw
03-11 11:27:45.401 31568 31640 E chromium: [ERROR:cc/tiles/tile_manager.cc:998] WARNING: tile memory limits exceeded, some content may not draw
03-11 11:27:45.401 31568 31640 E chromium: [ERROR:cc/tiles/tile_manager.cc:998] WARNING: tile memory limits exceeded, some content may not draw
03-11 11:27:45.409 31568 31640 E chromium: [ERROR:cc/tiles/tile_manager.cc:998] WARNING: tile memory limits exceeded, some content may not draw
03-11 11:27:45.410 31568 31640 E chromium: [ERROR:cc/tiles/tile_manager.cc:998] WARNING: tile memory limits exceeded, some content may not draw
03-11 11:27:45.418 31401 32187 D PipelineWatcher: onInputBufferReleased: frameIndex not found (31); ignored
03-11 11:27:45.418 31568 31640 E chromium: [ERROR:cc/tiles/tile_manager.cc:998] WARNING: tile memory limits exceeded, some content may not draw
03-11 11:27:45.420 31568 31640 E chromium: [ERROR:cc/tiles/tile_manager.cc:998] WARNING: tile memory limits exceeded, some content may not draw
03-11 11:27:45.426 31568 31640 E chromium: [ERROR:cc/tiles/tile_manager.cc:998] WARNING: tile memory limits exceeded, some content may not draw
03-11 11:27:45.426 31568 31640 E chromium: [ERROR:cc/tiles/tile_manager.cc:998] WARNING: tile memory limits exceeded, some content may not draw
03-11 11:27:45.433 31568 31640 E chromium: [ERROR:cc/tiles/tile_manager.cc:998] WARNING: tile memory limits exceeded, some content may not draw
03-11 11:27:45.434 31568 31640 E chromium: [ERROR:cc/tiles/tile_manager.cc:998] WARNING: tile memory limits exceeded, some content may not draw
03-11 11:27:45.441  2064  4171 D slpi    : tmd2712: Als lux: 70.50, ch0: 2457, ch1: 1091, scale: 1.08, atime:50.04, again:1024
03-11 11:27:45.442 31568 31640 E chromium: [ERROR:cc/tiles/tile_manager.cc:998] WARNING: tile memory limits exceeded, some content may not draw
03-11 11:27:45.443 31568 31640 E chromium: [ERROR:cc/tiles/tile_manager.cc:998] WARNING: tile memory limits exceeded, some content may not draw
03-11 11:27:45.451 31568 31640 E chromium: [ERROR:cc/tiles/tile_manager.cc:998] WARNING: tile memory limits exceeded, some content may not draw
03-11 11:27:45.452 31568 31640 E chromium: [ERROR:cc/tiles/tile_manager.cc:998] WARNING: tile memory limits exceeded, some content may not draw
03-11 11:27:45.461 31568 31640 E chromium: [ERROR:cc/tiles/tile_manager.cc:998] WARNING: tile memory limits exceeded, some content may not draw
03-11 11:27:45.462 31568 31640 E chromium: [ERROR:cc/tiles/tile_manager.cc:998] WARNING: tile memory limits exceeded, some content may not draw
03-11 11:27:45.468 31568 31640 E chromium: [ERROR:cc/tiles/tile_manager.cc:998] WARNING: tile memory limits exceeded, some content may not draw
03-11 11:27:45.468 31568 31640 E chromium: [ERROR:cc/tiles/tile_manager.cc:998] WARNING: tile memory limits exceeded, some content may not draw
03-11 11:27:45.476 31568 31640 E chromium: [ERROR:cc/tiles/tile_manager.cc:998] WARNING: tile memory limits exceeded, some content may not draw
03-11 11:27:45.476 31568 31640 E chromium: [ERROR:cc/tiles/tile_manager.cc:998] WARNING: tile memory limits exceeded, some content may not draw
03-11 11:27:45.484 31568 31640 E chromium: [ERROR:cc/tiles/tile_manager.cc:998] WARNING: tile memory limits exceeded, some content may not draw
03-11 11:27:45.484 31568 31640 E chromium: [ERROR:cc/tiles/tile_manager.cc:998] WARNING: tile memory limits exceeded, some content may not draw
03-11 11:27:45.493 31568 31640 E chromium: [ERROR:cc/tiles/tile_manager.cc:998] WARNING: tile memory limits exceeded, some content may not draw
03-11 11:27:45.493 31568 31640 E chromium: [ERROR:cc/tiles/tile_manager.cc:998] WARNING: tile memory limits exceeded, some content may not draw
03-11 11:27:45.502 31568 31640 E chromium: [ERROR:cc/tiles/tile_manager.cc:998] WARNING: tile memory limits exceeded, some content may not draw
03-11 11:27:45.502 31568 31640 E chromium: [ERROR:cc/tiles/tile_manager.cc:998] WARNING: tile memory limits exceeded, some content may not draw
03-11 11:27:45.509 31568 31640 E chromium: [ERROR:cc/tiles/tile_manager.cc:998] WARNING: tile memory limits exceeded, some content may not draw
03-11 11:27:45.510 31568 31640 E chromium: [ERROR:cc/tiles/tile_manager.cc:998] WARNING: tile memory limits exceeded, some content may not draw
03-11 11:27:45.518 31568 31640 E chromium: [ERROR:cc/tiles/tile_manager.cc:998] WARNING: tile memory limits exceeded, some content may not draw
03-11 11:27:45.518 31568 31640 E chromium: [ERROR:cc/tiles/tile_manager.cc:998] WARNING: tile memory limits exceeded, some content may not draw
03-11 11:27:45.529 31568 31640 E chromium: [ERROR:cc/tiles/tile_manager.cc:998] WARNING: tile memory limits exceeded, some content may not draw
03-11 11:27:45.530 31568 31640 E chromium: [ERROR:cc/tiles/tile_manager.cc:998] WARNING: tile memory limits exceeded, some content may not draw
03-11 11:27:45.535 31568 31640 E chromium: [ERROR:cc/tiles/tile_manager.cc:998] WARNING: tile memory limits exceeded, some content may not draw
03-11 11:27:45.535 31568 31640 E chromium: [ERROR:cc/tiles/tile_manager.cc:998] WARNING: tile memory limits exceeded, some content may not draw
03-11 11:27:45.543 31568 31640 E chromium: [ERROR:cc/tiles/tile_manager.cc:998] WARNING: tile memory limits exceeded, some content may not draw
03-11 11:27:45.544 31568 31640 E chromium: [ERROR:cc/tiles/tile_manager.cc:998] WARNING: tile memory limits exceeded, some content may not draw
03-11 11:27:45.552 31568 31640 E chromium: [ERROR:cc/tiles/tile_manager.cc:998] WARNING: tile memory limits exceeded, some content may not draw
03-11 11:27:45.553 31568 31640 E chromium: [ERROR:cc/tiles/tile_manager.cc:998] WARNING: tile memory limits exceeded, some content may not draw
03-11 11:27:45.560 31568 31640 E chromium: [ERROR:cc/tiles/tile_manager.cc:998] WARNING: tile memory limits exceeded, some content may not draw
03-11 11:27:45.561 31568 31640 E chromium: [ERROR:cc/tiles/tile_manager.cc:998] WARNING: tile memory limits exceeded, some content may not draw
03-11 11:27:45.569 31568 31640 E chromium: [ERROR:cc/tiles/tile_manager.cc:998] WARNING: tile memory limits exceeded, some content may not draw
03-11 11:27:45.570 31568 31640 E chromium: [ERROR:cc/tiles/tile_manager.cc:998] WARNING: tile memory limits exceeded, some content may not draw
03-11 11:27:45.577 31568 31640 E chromium: [ERROR:cc/tiles/tile_manager.cc:998] WARNING: tile memory limits exceeded, some content may not draw
03-11 11:27:45.578 31568 31640 E chromium: [ERROR:cc/tiles/tile_manager.cc:998] WARNING: tile memory limits exceeded, some content may not draw
03-11 11:27:45.584 31568 31640 E chromium: [ERROR:cc/tiles/tile_manager.cc:998] WARNING: tile memory limits exceeded, some content may not draw
03-11 11:27:45.584 31568 31640 E chromium: [ERROR:cc/tiles/tile_manager.cc:998] WARNING: tile memory limits exceeded, some content may not draw
03-11 11:27:45.594 31568 31640 E chromium: [ERROR:cc/tiles/tile_manager.cc:998] WARNING: tile memory limits exceeded, some content may not draw
03-11 11:27:45.595 31568 31640 E chromium: [ERROR:cc/tiles/tile_manager.cc:998] WARNING: tile memory limits exceeded, some content may not draw
03-11 11:27:45.603 31568 31640 E chromium: [ERROR:cc/tiles/tile_manager.cc:998] WARNING: tile memory limits exceeded, some content may not draw
03-11 11:27:45.604 31568 31640 E chromium: [ERROR:cc/tiles/tile_manager.cc:998] WARNING: tile memory limits exceeded, some content may not draw
03-11 11:27:45.611 31568 31640 E chromium: [ERROR:cc/tiles/tile_manager.cc:998] WARNING: tile memory limits exceeded, some content may not draw
03-11 11:27:45.612 31568 31640 E chromium: [ERROR:cc/tiles/tile_manager.cc:998] WARNING: tile memory limits exceeded, some content may not draw
03-11 11:27:45.620 31568 31640 E chromium: [ERROR:cc/tiles/tile_manager.cc:998] WARNING: tile memory limits exceeded, some content may not draw
03-11 11:27:45.620 31568 31640 E chromium: [ERROR:cc/tiles/tile_manager.cc:998] WARNING: tile memory limits exceeded, some content may not draw
03-11 11:27:45.626 31568 31640 E chromium: [ERROR:cc/tiles/tile_manager.cc:998] WARNING: tile memory limits exceeded, some content may not draw
03-11 11:27:45.627 31568 31640 E chromium: [ERROR:cc/tiles/tile_manager.cc:998] WARNING: tile memory limits exceeded, some content may not draw
03-11 11:27:45.634 31568 31640 E chromium: [ERROR:cc/tiles/tile_manager.cc:998] WARNING: tile memory limits exceeded, some content may not draw
03-11 11:27:45.634 31568 31640 E chromium: [ERROR:cc/tiles/tile_manager.cc:998] WARNING: tile memory limits exceeded, some content may not draw
03-11 11:27:45.643 31568 31640 E chromium: [ERROR:cc/tiles/tile_manager.cc:998] WARNING: tile memory limits exceeded, some content may not draw
03-11 11:27:45.644 31568 31640 E chromium: [ERROR:cc/tiles/tile_manager.cc:998] WARNING: tile memory limits exceeded, some content may not draw
03-11 11:27:45.652 31568 31640 E chromium: [ERROR:cc/tiles/tile_manager.cc:998] WARNING: tile memory limits exceeded, some content may not draw
03-11 11:27:45.652 31568 31640 E chromium: [ERROR:cc/tiles/tile_manager.cc:998] WARNING: tile memory limits exceeded, some content may not draw
03-11 11:27:45.661 31568 31640 E chromium: [ERROR:cc/tiles/tile_manager.cc:998] WARNING: tile memory limits exceeded, some content may not draw
03-11 11:27:45.661 31568 31640 E chromium: [ERROR:cc/tiles/tile_manager.cc:998] WARNING: tile memory limits exceeded, some content may not draw
03-11 11:27:45.669 31568 31640 E chromium: [ERROR:cc/tiles/tile_manager.cc:998] WARNING: tile memory limits exceeded, some content may not draw
03-11 11:27:45.670 31568 31640 E chromium: [ERROR:cc/tiles/tile_manager.cc:998] WARNING: tile memory limits exceeded, some content may not draw
03-11 11:27:45.677 31568 31640 E chromium: [ERROR:cc/tiles/tile_manager.cc:998] WARNING: tile memory limits exceeded, some content may not draw
03-11 11:27:45.677 31568 31640 E chromium: [ERROR:cc/tiles/tile_manager.cc:998] WARNING: tile memory limits exceeded, some content may not draw
03-11 11:27:45.684 31568 31640 E chromium: [ERROR:cc/tiles/tile_manager.cc:998] WARNING: tile memory limits exceeded, some content may not draw
03-11 11:27:45.684 31568 31640 E chromium: [ERROR:cc/tiles/tile_manager.cc:998] WARNING: tile memory limits exceeded, some content may not draw
03-11 11:27:45.693 31568 31640 E chromium: [ERROR:cc/tiles/tile_manager.cc:998] WARNING: tile memory limits exceeded, some content may not draw
03-11 11:27:45.693 31568 31640 E chromium: [ERROR:cc/tiles/tile_manager.cc:998] WARNING: tile memory limits exceeded, some content may not draw
03-11 11:27:45.702 31568 31640 E chromium: [ERROR:cc/tiles/tile_manager.cc:998] WARNING: tile memory limits exceeded, some content may not draw
03-11 11:27:45.702 31568 31640 E chromium: [ERROR:cc/tiles/tile_manager.cc:998] WARNING: tile memory limits exceeded, some content may not draw
03-11 11:27:45.710 31568 31640 E chromium: [ERROR:cc/tiles/tile_manager.cc:998] WARNING: tile memory limits exceeded, some content may not draw
03-11 11:27:45.710 31568 31640 E chromium: [ERROR:cc/tiles/tile_manager.cc:998] WARNING: tile memory limits exceeded, some content may not draw
03-11 11:27:45.718 31568 31640 E chromium: [ERROR:cc/tiles/tile_manager.cc:998] WARNING: tile memory limits exceeded, some content may not draw
03-11 11:27:45.719 31568 31640 E chromium: [ERROR:cc/tiles/tile_manager.cc:998] WARNING: tile memory limits exceeded, some content may not draw
03-11 11:27:45.727 31568 31640 E chromium: [ERROR:cc/tiles/tile_manager.cc:998] WARNING: tile memory limits exceeded, some content may not draw
03-11 11:27:45.728 31568 31640 E chromium: [ERROR:cc/tiles/tile_manager.cc:998] WARNING: tile memory limits exceeded, some content may not draw
03-11 11:27:45.735 31568 31640 E chromium: [ERROR:cc/tiles/tile_manager.cc:998] WARNING: tile memory limits exceeded, some content may not draw
03-11 11:27:45.736 31568 31640 E chromium: [ERROR:cc/tiles/tile_manager.cc:998] WARNING: tile memory limits exceeded, some content may not draw
03-11 11:27:45.743 31568 31640 E chromium: [ERROR:cc/tiles/tile_manager.cc:998] WARNING: tile memory limits exceeded, some content may not draw
03-11 11:27:45.744 31568 31640 E chromium: [ERROR:cc/tiles/tile_manager.cc:998] WARNING: tile memory limits exceeded, some content may not draw
03-11 11:27:45.752 31568 31640 E chromium: [ERROR:cc/tiles/tile_manager.cc:998] WARNING: tile memory limits exceeded, some content may not draw
03-11 11:27:45.752 31568 31640 E chromium: [ERROR:cc/tiles/tile_manager.cc:998] WARNING: tile memory limits exceeded, some content may not draw
03-11 11:27:45.760 31568 31640 E chromium: [ERROR:cc/tiles/tile_manager.cc:998] WARNING: tile memory limits exceeded, some content may not draw
03-11 11:27:45.760 31568 31640 E chromium: [ERROR:cc/tiles/tile_manager.cc:998] WARNING: tile memory limits exceeded, some content may not draw
03-11 11:27:45.769 31568 31640 E chromium: [ERROR:cc/tiles/tile_manager.cc:998] WARNING: tile memory limits exceeded, some content may not draw
03-11 11:27:45.770 31568 31640 E chromium: [ERROR:cc/tiles/tile_manager.cc:998] WARNING: tile memory limits exceeded, some content may not draw
03-11 11:27:45.777 31568 31640 E chromium: [ERROR:cc/tiles/tile_manager.cc:998] WARNING: tile memory limits exceeded, some content may not draw
03-11 11:27:45.777 31568 31640 E chromium: [ERROR:cc/tiles/tile_manager.cc:998] WARNING: tile memory limits exceeded, some content may not draw
03-11 11:27:45.785 31568 31640 E chromium: [ERROR:cc/tiles/tile_manager.cc:998] WARNING: tile memory limits exceeded, some content may not draw
03-11 11:27:45.785 31568 31640 E chromium: [ERROR:cc/tiles/tile_manager.cc:998] WARNING: tile memory limits exceeded, some content may not draw
03-11 11:27:45.793 31568 31640 E chromium: [ERROR:cc/tiles/tile_manager.cc:998] WARNING: tile memory limits exceeded, some content may not draw
03-11 11:27:45.794 31568 31640 E chromium: [ERROR:cc/tiles/tile_manager.cc:998] WARNING: tile memory limits exceeded, some content may not draw
03-11 11:27:45.802 31568 31640 E chromium: [ERROR:cc/tiles/tile_manager.cc:998] WARNING: tile memory limits exceeded, some content may not draw
03-11 11:27:45.802 31568 31640 E chromium: [ERROR:cc/tiles/tile_manager.cc:998] WARNING: tile memory limits exceeded, some content may not draw
03-11 11:27:45.810 31568 31640 E chromium: [ERROR:cc/tiles/tile_manager.cc:998] WARNING: tile memory limits exceeded, some content may not draw
03-11 11:27:45.811 31568 31640 E chromium: [ERROR:cc/tiles/tile_manager.cc:998] WARNING: tile memory limits exceeded, some content may not draw
03-11 11:27:45.819 31568 31640 E chromium: [ERROR:cc/tiles/tile_manager.cc:998] WARNING: tile memory limits exceeded, some content may not draw
03-11 11:27:45.820 31568 31640 E chromium: [ERROR:cc/tiles/tile_manager.cc:998] WARNING: tile memory limits exceeded, some content may not draw
03-11 11:27:45.828 31568 31640 E chromium: [ERROR:cc/tiles/tile_manager.cc:998] WARNING: tile memory limits exceeded, some content may not draw
03-11 11:27:45.829 31568 31640 E chromium: [ERROR:cc/tiles/tile_manager.cc:998] WARNING: tile memory limits exceeded, some content may not draw
03-11 11:27:45.835 31568 31640 E chromium: [ERROR:cc/tiles/tile_manager.cc:998] WARNING: tile memory limits exceeded, some content may not draw
03-11 11:27:45.835 31568 31640 E chromium: [ERROR:cc/tiles/tile_manager.cc:998] WARNING: tile memory limits exceeded, some content may not draw
03-11 11:27:45.844 31568 31640 E chromium: [ERROR:cc/tiles/tile_manager.cc:998] WARNING: tile memory limits exceeded, some content may not draw
03-11 11:27:45.844 31568 31640 E chromium: [ERROR:cc/tiles/tile_manager.cc:998] WARNING: tile memory limits exceeded, some content may not draw
03-11 11:27:45.852 31568 31640 E chromium: [ERROR:cc/tiles/tile_manager.cc:998] WARNING: tile memory limits exceeded, some content may not draw
03-11 11:27:45.853 31568 31640 E chromium: [ERROR:cc/tiles/tile_manager.cc:998] WARNING: tile memory limits exceeded, some content may not draw
03-11 11:27:45.860 31568 31640 E chromium: [ERROR:cc/tiles/tile_manager.cc:998] WARNING: tile memory limits exceeded, some content may not draw
03-11 11:27:45.861 31568 31640 E chromium: [ERROR:cc/tiles/tile_manager.cc:998] WARNING: tile memory limits exceeded, some content may not draw
03-11 11:27:45.869 31568 31640 E chromium: [ERROR:cc/tiles/tile_manager.cc:998] WARNING: tile memory limits exceeded, some content may not draw
03-11 11:27:45.869 31568 31640 E chromium: [ERROR:cc/tiles/tile_manager.cc:998] WARNING: tile memory limits exceeded, some content may not draw
03-11 11:27:45.878 31568 31640 E chromium: [ERROR:cc/tiles/tile_manager.cc:998] WARNING: tile memory limits exceeded, some content may not draw
03-11 11:27:45.878 31568 31640 E chromium: [ERROR:cc/tiles/tile_manager.cc:998] WARNING: tile memory limits exceeded, some content may not draw
03-11 11:27:45.885 31568 31640 E chromium: [ERROR:cc/tiles/tile_manager.cc:998] WARNING: tile memory limits exceeded, some content may not draw
03-11 11:27:45.885 31568 31640 E chromium: [ERROR:cc/tiles/tile_manager.cc:998] WARNING: tile memory limits exceeded, some content may not draw
03-11 11:27:45.894 31568 31640 E chromium: [ERROR:cc/tiles/tile_manager.cc:998] WARNING: tile memory limits exceeded, some content may not draw
03-11 11:27:45.894 31568 31640 E chromium: [ERROR:cc/tiles/tile_manager.cc:998] WARNING: tile memory limits exceeded, some content may not draw
03-11 11:27:45.903 31568 31640 E chromium: [ERROR:cc/tiles/tile_manager.cc:998] WARNING: tile memory limits exceeded, some content may not draw
03-11 11:27:45.904 31568 31640 E chromium: [ERROR:cc/tiles/tile_manager.cc:998] WARNING: tile memory limits exceeded, some content may not draw
03-11 11:27:45.912 31568 31640 E chromium: [ERROR:cc/tiles/tile_manager.cc:998] WARNING: tile memory limits exceeded, some content may not draw
03-11 11:27:45.912 31568 31640 E chromium: [ERROR:cc/tiles/tile_manager.cc:998] WARNING: tile memory limits exceeded, some content may not draw
03-11 11:27:45.918 31568 31640 E chromium: [ERROR:cc/tiles/tile_manager.cc:998] WARNING: tile memory limits exceeded, some content may not draw
03-11 11:27:45.919 31568 31640 E chromium: [ERROR:cc/tiles/tile_manager.cc:998] WARNING: tile memory limits exceeded, some content may not draw
03-11 11:27:45.928 31568 31640 E chromium: [ERROR:cc/tiles/tile_manager.cc:998] WARNING: tile memory limits exceeded, some content may not draw
03-11 11:27:45.928 31568 31640 E chromium: [ERROR:cc/tiles/tile_manager.cc:998] WARNING: tile memory limits exceeded, some content may not draw
03-11 11:27:45.935 31568 31640 E chromium: [ERROR:cc/tiles/tile_manager.cc:998] WARNING: tile memory limits exceeded, some content may not draw
03-11 11:27:45.936 31568 31640 E chromium: [ERROR:cc/tiles/tile_manager.cc:998] WARNING: tile memory limits exceeded, some content may not draw
03-11 11:27:45.942  2064  4171 D slpi    : tmd2712: Als lux: 62.50, ch0: 2214, ch1: 1005, scale: 1.08, atime:50.04, again:1024
03-11 11:27:45.944 31568 31640 E chromium: [ERROR:cc/tiles/tile_manager.cc:998] WARNING: tile memory limits exceeded, some content may not draw
03-11 11:27:45.944 31568 31640 E chromium: [ERROR:cc/tiles/tile_manager.cc:998] WARNING: tile memory limits exceeded, some content may not draw
03-11 11:27:45.952 31568 31640 E chromium: [ERROR:cc/tiles/tile_manager.cc:998] WARNING: tile memory limits exceeded, some content may not draw
03-11 11:27:45.952 31568 31640 E chromium: [ERROR:cc/tiles/tile_manager.cc:998] WARNING: tile memory limits exceeded, some content may not draw
03-11 11:27:45.960 31568 31640 E chromium: [ERROR:cc/tiles/tile_manager.cc:998] WARNING: tile memory limits exceeded, some content may not draw
03-11 11:27:45.961 31568 31640 E chromium: [ERROR:cc/tiles/tile_manager.cc:998] WARNING: tile memory limits exceeded, some content may not draw
03-11 11:27:45.969 31568 31640 E chromium: [ERROR:cc/tiles/tile_manager.cc:998] WARNING: tile memory limits exceeded, some content may not draw
03-11 11:27:45.969 31568 31640 E chromium: [ERROR:cc/tiles/tile_manager.cc:998] WARNING: tile memory limits exceeded, some content may not draw
03-11 11:27:45.977 31568 31640 E chromium: [ERROR:cc/tiles/tile_manager.cc:998] WARNING: tile memory limits exceeded, some content may not draw
03-11 11:27:45.978 31568 31640 E chromium: [ERROR:cc/tiles/tile_manager.cc:998] WARNING: tile memory limits exceeded, some content may not draw
03-11 11:27:45.985 31568 31640 E chromium: [ERROR:cc/tiles/tile_manager.cc:998] WARNING: tile memory limits exceeded, some content may not draw
03-11 11:27:45.986 31568 31640 E chromium: [ERROR:cc/tiles/tile_manager.cc:998] WARNING: tile memory limits exceeded, some content may not draw
03-11 11:27:45.994 31568 31640 E chromium: [ERROR:cc/tiles/tile_manager.cc:998] WARNING: tile memory limits exceeded, some content may not draw
03-11 11:27:45.994 31568 31640 E chromium: [ERROR:cc/tiles/tile_manager.cc:998] WARNING: tile memory limits exceeded, some content may not draw
03-11 11:27:46.002 31568 31640 E chromium: [ERROR:cc/tiles/tile_manager.cc:998] WARNING: tile memory limits exceeded, some content may not draw
03-11 11:27:46.002 31568 31640 E chromium: [ERROR:cc/tiles/tile_manager.cc:998] WARNING: tile memory limits exceeded, some content may not draw
03-11 11:27:46.011 31568 31640 E chromium: [ERROR:cc/tiles/tile_manager.cc:998] WARNING: tile memory limits exceeded, some content may not draw
03-11 11:27:46.011 31568 31640 E chromium: [ERROR:cc/tiles/tile_manager.cc:998] WARNING: tile memory limits exceeded, some content may not draw
03-11 11:27:46.019 31568 31640 E chromium: [ERROR:cc/tiles/tile_manager.cc:998] WARNING: tile memory limits exceeded, some content may not draw
03-11 11:27:46.019 31568 31640 E chromium: [ERROR:cc/tiles/tile_manager.cc:998] WARNING: tile memory limits exceeded, some content may not draw
03-11 11:27:46.027 31568 31640 E chromium: [ERROR:cc/tiles/tile_manager.cc:998] WARNING: tile memory limits exceeded, some content may not draw
03-11 11:27:46.028 31568 31640 E chromium: [ERROR:cc/tiles/tile_manager.cc:998] WARNING: tile memory limits exceeded, some content may not draw
03-11 11:27:46.036 31568 31640 E chromium: [ERROR:cc/tiles/tile_manager.cc:998] WARNING: tile memory limits exceeded, some content may not draw
03-11 11:27:46.037 31568 31640 E chromium: [ERROR:cc/tiles/tile_manager.cc:998] WARNING: tile memory limits exceeded, some content may not draw
03-11 11:27:46.042  2064  4171 D slpi    : tmd2712: Als lux: 69.50, ch0: 2465, ch1: 1122, scale: 1.08, atime:50.04, again:1024
03-11 11:27:46.044 31568 31640 E chromium: [ERROR:cc/tiles/tile_manager.cc:998] WARNING: tile memory limits exceeded, some content may not draw
03-11 11:27:46.045 31568 31640 E chromium: [ERROR:cc/tiles/tile_manager.cc:998] WARNING: tile memory limits exceeded, some content may not draw
03-11 11:27:46.052 31568 31640 E chromium: [ERROR:cc/tiles/tile_manager.cc:998] WARNING: tile memory limits exceeded, some content may not draw
03-11 11:27:46.052 31568 31640 E chromium: [ERROR:cc/tiles/tile_manager.cc:998] WARNING: tile memory limits exceeded, some content may not draw
03-11 11:27:46.060 31568 31640 E chromium: [ERROR:cc/tiles/tile_manager.cc:998] WARNING: tile memory limits exceeded, some content may not draw
03-11 11:27:46.061 31568 31640 E chromium: [ERROR:cc/tiles/tile_manager.cc:998] WARNING: tile memory limits exceeded, some content may not draw
03-11 11:27:46.070 31568 31640 E chromium: [ERROR:cc/tiles/tile_manager.cc:998] WARNING: tile memory limits exceeded, some content may not draw
03-11 11:27:46.071 31568 31640 E chromium: [ERROR:cc/tiles/tile_manager.cc:998] WARNING: tile memory limits exceeded, some content may not draw
03-11 11:27:46.078 31568 31640 E chromium: [ERROR:cc/tiles/tile_manager.cc:998] WARNING: tile memory limits exceeded, some content may not draw
03-11 11:27:46.079 31568 31640 E chromium: [ERROR:cc/tiles/tile_manager.cc:998] WARNING: tile memory limits exceeded, some content may not draw
03-11 11:27:46.085 31568 31640 E chromium: [ERROR:cc/tiles/tile_manager.cc:998] WARNING: tile memory limits exceeded, some content may not draw
03-11 11:27:46.086 31568 31640 E chromium: [ERROR:cc/tiles/tile_manager.cc:998] WARNING: tile memory limits exceeded, some content may not draw
03-11 11:27:46.092  2064  4171 D slpi    : tmd2712: Als lux: 88.80, ch0: 3022, ch1: 1298, scale: 1.08, atime:50.04, again:1024
