03-11 11:29:54.867  3706  3728 I android.hardware.thermal@2.0-service.qti-v2: Sensor Name:CPU0 temp: 59.1. prev severity:0. cur severity:0 New severity:0
03-11 11:29:54.867  3706  3728 I android.hardware.thermal@2.0-service.qti-v2: Sensor Name:CPU1 temp: 61.9. prev severity:0. cur severity:0 New severity:0
03-11 11:29:54.867  3706  3728 I android.hardware.thermal@2.0-service.qti-v2: Sensor Name:CPU2 temp: 61.5. prev severity:0. cur severity:0 New severity:0
03-11 11:29:54.867  3706  3728 I android.hardware.thermal@2.0-service.qti-v2: Sensor Name:CPU3 temp: 61.9. prev severity:0. cur severity:0 New severity:0
03-11 11:29:54.867  3706  3728 I android.hardware.thermal@2.0-service.qti-v2: Sensor Name:CPU4 temp: 62.2. prev severity:0. cur severity:0 New severity:0
03-11 11:29:54.868  3706  3728 I android.hardware.thermal@2.0-service.qti-v2: Sensor Name:CPU5 temp: 62.2. prev severity:0. cur severity:0 New severity:0
03-11 11:29:54.868  3706  3728 I android.hardware.thermal@2.0-service.qti-v2: Sensor Name:CPU6 temp: 64.3. prev severity:0. cur severity:0 New severity:0
03-11 11:29:54.868  3706  3728 I android.hardware.thermal@2.0-service.qti-v2: Sensor Name:CPU7 temp: 54.4. prev severity:0. cur severity:0 New severity:0
03-11 11:29:54.869  3706  3728 I android.hardware.thermal@2.0-service.qti-v2: Sensor Name:nsp0 temp: 49.6. prev severity:0. cur severity:0 New severity:0
03-11 11:29:54.869  3706  3728 I android.hardware.thermal@2.0-service.qti-v2: Sensor Name:nsp1 temp: 49.9. prev severity:0. cur severity:0 New severity:0
03-11 11:29:54.869  3706  3728 I android.hardware.thermal@2.0-service.qti-v2: Sensor Name:nsp2 temp: 50.9. prev severity:0. cur severity:0 New severity:0
03-11 11:29:54.869  3706  3728 I android.hardware.thermal@2.0-service.qti-v2: Sensor Name:GPU0 temp: 49.2. prev severity:0. cur severity:0 New severity:0
03-11 11:29:54.869  3706  3728 I android.hardware.thermal@2.0-service.qti-v2: Sensor Name:GPU1 temp: 48.2. prev severity:0. cur severity:0 New severity:0
03-11 11:29:54.870  7565  7565 I ThermalEngine: Loading configuration file /vendor/etc/thermal-engine-lynkco-cli.conf
03-11 11:29:54.870  7565  7565 I ThermalEngine: Parsing section global
03-11 11:29:54.870  7565  7565 I ThermalEngine: Created section 'REPORT-FRONT'
03-11 11:29:54.870  7565  7565 I ThermalEngine: Algo Type 'monitor'
03-11 11:29:54.870  7565  7565 I ThermalEngine: Parsing section REPORT-FRONT
03-11 11:29:54.870  7565  7565 I ThermalEngine: Found field 'sampling'
03-11 11:29:54.870  7565  7565 I ThermalEngine: Found field 'sensor'
03-11 11:29:54.870  7565  7565 I ThermalEngine: Found field 'thresholds'
03-11 11:29:54.870  7565  7565 I ThermalEngine: Found field 'thresholds_clr'
03-11 11:29:54.870  7565  7565 I ThermalEngine: Found field 'actions'
03-11 11:29:54.870  7565  7565 I ThermalEngine: Found field 'action_info'
03-11 11:29:54.870  7565  7565 I ThermalEngine: Created section 'REPORT-BACK'
03-11 11:29:54.870  7565  7565 I ThermalEngine: Algo Type 'monitor'
03-11 11:29:54.870  7565  7565 I ThermalEngine: Parsing section REPORT-BACK
03-11 11:29:54.870  7565  7565 I ThermalEngine: Found field 'sampling'
03-11 11:29:54.870  7565  7565 I ThermalEngine: Found field 'sensor'
03-11 11:29:54.870  7565  7565 I ThermalEngine: Found field 'thresholds'
03-11 11:29:54.870  7565  7565 I ThermalEngine: Found field 'thresholds_clr'
03-11 11:29:54.870  7565  7565 I ThermalEngine: Found field 'actions'
03-11 11:29:54.870  7565  7565 I ThermalEngine: Found field 'action_info'
03-11 11:29:54.870  7565  7565 I ThermalEngine: Created section 'MONITOR-CAMERA'
03-11 11:29:54.870  7565  7565 I ThermalEngine: Algo Type 'monitor'
03-11 11:29:54.870  7565  7565 I ThermalEngine: Parsing section MONITOR-CAMERA
03-11 11:29:54.870  7565  7565 I ThermalEngine: Found field 'sampling'
03-11 11:29:54.870  7565  7565 I ThermalEngine: Found field 'sensor'
03-11 11:29:54.870  7565  7565 I ThermalEngine: Found field 'thresholds'
03-11 11:29:54.870  7565  7565 I ThermalEngine: Found field 'thresholds_clr'
03-11 11:29:54.870  7565  7565 I ThermalEngine: Found field 'actions'
03-11 11:29:54.870  7565  7565 I ThermalEngine: Found field 'action_info'
03-11 11:29:54.870  5625  5625 V DreamService[DozeService]: onCreate()
03-11 11:29:54.870  7565  7565 I ThermalEngine: Created section 'OVERRIDE-CHG'
03-11 11:29:54.870  7565  7565 I ThermalEngine: Algo Type 'monitor'
03-11 11:29:54.870  7565  7565 I ThermalEngine: Parsing section OVERRIDE-CHG
03-11 11:29:54.870  7565  7565 I ThermalEngine: Found field 'sampling'
03-11 11:29:54.870  7565  7565 I ThermalEngine: Found field 'sensor'
03-11 11:29:54.870  7565  7565 I ThermalEngine: Found field 'thresholds'
03-11 11:29:54.870  7565  7565 I ThermalEngine: Found field 'thresholds_clr'
03-11 11:29:54.870  7565  7565 I ThermalEngine: Found field 'actions'
03-11 11:29:54.870  7565  7565 I ThermalEngine: Found field 'action_info'
03-11 11:29:54.870  7565  7565 I ThermalEngine: Created section 'FREEZE-CHG'
03-11 11:29:54.870  7565  7565 I ThermalEngine: Algo Type 'monitor'
03-11 11:29:54.870  7565  7565 I ThermalEngine: Parsing section FREEZE-CHG
03-11 11:29:54.870  7565  7565 I ThermalEngine: Found field 'sampling'
03-11 11:29:54.870  7565  7565 I ThermalEngine: Found field 'sensor'
03-11 11:29:54.870  7565  7565 I ThermalEngine: Found field 'thresholds'
03-11 11:29:54.870  7565  7565 I ThermalEngine: Found field 'thresholds_clr'
03-11 11:29:54.870  7565  7565 I ThermalEngine: Found field 'actions'
03-11 11:29:54.870  7565  7565 I ThermalEngine: Found field 'action_info'
03-11 11:29:54.870  7565  7565 I ThermalEngine: Created section 'MON-CHG-BATT0'
03-11 11:29:54.870  7565  7565 I ThermalEngine: Algo Type 'monitor'
03-11 11:29:54.870  7565  7565 I ThermalEngine: Parsing section MON-CHG-BATT0
03-11 11:29:54.870  7565  7565 I ThermalEngine: Found field 'sampling'
03-11 11:29:54.870  7565  7565 I ThermalEngine: Found field 'sensor'
03-11 11:29:54.870  7565  7565 I ThermalEngine: Found field 'thresholds'
03-11 11:29:54.870  7565  7565 I ThermalEngine: Found field 'thresholds_clr'
03-11 11:29:54.870  7565  7565 I ThermalEngine: Found field 'actions'
03-11 11:29:54.870  7565  7565 I ThermalEngine: Found field 'action_info'
03-11 11:29:54.870  7565  7565 I ThermalEngine: Found field 'freezing'
03-11 11:29:54.870  7565  7565 I ThermalEngine: Created section 'MON-CHG-BATT1'
03-11 11:29:54.870  7565  7565 I ThermalEngine: Algo Type 'monitor'
03-11 11:29:54.870  7565  7565 I ThermalEngine: Parsing section MON-CHG-BATT1
03-11 11:29:54.870  7565  7565 I ThermalEngine: Found field 'sampling'
03-11 11:29:54.870  7565  7565 I ThermalEngine: Found field 'sensor'
03-11 11:29:54.870  7565  7565 I ThermalEngine: Found field 'thresholds'
03-11 11:29:54.870  7565  7565 I ThermalEngine: Found field 'thresholds_clr'
03-11 11:29:54.870  7565  7565 I ThermalEngine: Found field 'actions'
03-11 11:29:54.870  7565  7565 I ThermalEngine: Found field 'action_info'
03-11 11:29:54.870  7565  7565 I ThermalEngine: Found field 'override_c'
03-11 11:29:54.870  7565  7565 I ThermalEngine: Found field 'freezing'
03-11 11:29:54.870  7565  7565 I ThermalEngine: Created section 'MON-CHG-BATT-SAFETY'
03-11 11:29:54.870  7565  7565 I ThermalEngine: Algo Type 'monitor'
03-11 11:29:54.870  7565  7565 I ThermalEngine: Parsing section MON-CHG-BATT-SAFETY
03-11 11:29:54.870  7565  7565 I ThermalEngine: Found field 'sampling'
03-11 11:29:54.870  7565  7565 I ThermalEngine: Found field 'sensor'
03-11 11:29:54.870  7565  7565 I ThermalEngine: Found field 'thresholds'
03-11 11:29:54.870  7565  7565 I ThermalEngine: Found field 'thresholds_clr'
03-11 11:29:54.870  7565  7565 I ThermalEngine: Found field 'actions'
03-11 11:29:54.870  7565  7565 I ThermalEngine: Found field 'action_info'
03-11 11:29:54.870  7565  7565 I ThermalEngine: Found field 'freezing'
03-11 11:29:54.870  7565  7565 I ThermalEngine: Created section 'MON-MSM-CPU0'
03-11 11:29:54.870  7565  7565 I ThermalEngine: Algo Type 'monitor'
03-11 11:29:54.870  7565  7565 I ThermalEngine: Parsing section MON-MSM-CPU0
03-11 11:29:54.870  7565  7565 I ThermalEngine: Found field 'sampling'
03-11 11:29:54.870  7565  7565 I ThermalEngine: Found field 'sensor'
03-11 11:29:54.870  7565  7565 I ThermalEngine: Found field 'thresholds'
03-11 11:29:54.870  7565  7565 I ThermalEngine: Found field 'thresholds_clr'
03-11 11:29:54.870  7565  7565 I ThermalEngine: Found field 'actions'
03-11 11:29:54.870  7565  7565 I ThermalEngine: Found field 'action_info'
03-11 11:29:54.870  7565  7565 I ThermalEngine: Created section 'SS-CPU4'
03-11 11:29:54.870  7565  7565 I ThermalEngine: Algo Type 'ss'
03-11 11:29:54.870  7565  7565 I ThermalEngine: Parsing section SS-CPU4
03-11 11:29:54.870  7565  7565 I ThermalEngine: Found field 'sampling'
03-11 11:29:54.870  7565  7565 I ThermalEngine: Found field 'sensor'
03-11 11:29:54.870  7565  7565 I ThermalEngine: Found field 'set_point'
03-11 11:29:54.870  7565  7565 I ThermalEngine: Found field 'set_point_clr'
03-11 11:29:54.870  7565  7565 I ThermalEngine: Found field 'device'
03-11 11:29:54.870  7565  7565 I ThermalEngine: Found field 'device_max_limit'
03-11 11:29:54.870  7565  7565 I ThermalEngine: Created section 'MON-MSM-CPU4'
03-11 11:29:54.870  7565  7565 I ThermalEngine: Algo Type 'monitor'
03-11 11:29:54.870  7565  7565 I ThermalEngine: Parsing section MON-MSM-CPU4
03-11 11:29:54.870  7565  7565 I ThermalEngine: Found field 'sampling'
03-11 11:29:54.870  7565  7565 I ThermalEngine: Found field 'sensor'
03-11 11:29:54.870  7565  7565 I ThermalEngine: Found field 'thresholds'
03-11 11:29:54.870  7565  7565 I ThermalEngine: Found field 'thresholds_clr'
03-11 11:29:54.870  7565  7565 I ThermalEngine: Found field 'actions'
03-11 11:29:54.870  7565  7565 I ThermalEngine: Found field 'action_info'
03-11 11:29:54.870  7565  7565 I ThermalEngine: Created section 'SS-CPU7'
03-11 11:29:54.870  7565  7565 I ThermalEngine: Algo Type 'ss'
03-11 11:29:54.870  7565  7565 I ThermalEngine: Parsing section SS-CPU7
03-11 11:29:54.870  7565  7565 I ThermalEngine: Found field 'sampling'
03-11 11:29:54.870  7565  7565 I ThermalEngine: Found field 'sensor'
03-11 11:29:54.870  7565  7565 I ThermalEngine: Found field 'set_point'
03-11 11:29:54.870  7565  7565 I ThermalEngine: Found field 'set_point_clr'
03-11 11:29:54.870  7565  7565 I ThermalEngine: Found field 'device'
03-11 11:29:54.870  7565  7565 I ThermalEngine: Found field 'device_max_limit'
03-11 11:29:54.870  7565  7565 I ThermalEngine: Created section 'MON-MSM-CPU7'
03-11 11:29:54.870  7565  7565 I ThermalEngine: Algo Type 'monitor'
03-11 11:29:54.870  7565  7565 I ThermalEngine: Parsing section MON-MSM-CPU7
03-11 11:29:54.870  7565  7565 I ThermalEngine: Found field 'sampling'
03-11 11:29:54.870  7565  7565 I ThermalEngine: Found field 'sensor'
03-11 11:29:54.870  7565  7565 I ThermalEngine: Found field 'thresholds'
03-11 11:29:54.870  7565  7565 I ThermalEngine: Found field 'thresholds_clr'
03-11 11:29:54.870  7565  7565 I ThermalEngine: Found field 'actions'
03-11 11:29:54.870  7565  7565 I ThermalEngine: Found field 'action_info'
03-11 11:29:54.870  7565  7565 I ThermalEngine: Created section 'MON-MSM-GPU'
03-11 11:29:54.870  7565  7565 I ThermalEngine: Algo Type 'monitor'
03-11 11:29:54.870  7565  7565 I ThermalEngine: Parsing section MON-MSM-GPU
03-11 11:29:54.870  7565  7565 I ThermalEngine: Found field 'sampling'
03-11 11:29:54.870  7565  7565 I ThermalEngine: Found field 'sensor'
03-11 11:29:54.870  7565  7565 I ThermalEngine: Found field 'thresholds'
03-11 11:29:54.870  7565  7565 I ThermalEngine: Found field 'thresholds_clr'
03-11 11:29:54.870  7565  7565 I ThermalEngine: Found field 'actions'
03-11 11:29:54.870  7565  7565 I ThermalEngine: Found field 'action_info'
03-11 11:29:54.870  7565  7565 I ThermalEngine: Created section 'MON-SOFTDEV'
03-11 11:29:54.870  7565  7565 I ThermalEngine: Algo Type 'monitor'
03-11 11:29:54.870  7565  7565 I ThermalEngine: Parsing section MON-SOFTDEV
03-11 11:29:54.870  7565  7565 I ThermalEngine: Found field 'sampling'
03-11 11:29:54.870  7565  7565 I ThermalEngine: Found field 'sensor'
03-11 11:29:54.870  7565  7565 I ThermalEngine: Found field 'thresholds'
03-11 11:29:54.870  7565  7565 I ThermalEngine: Found field 'thresholds_clr'
03-11 11:29:54.870  7565  7565 I ThermalEngine: Found field 'actions'
03-11 11:29:54.870  7565  7565 I ThermalEngine: Found field 'action_info'
03-11 11:29:54.870  7565  7565 I ThermalEngine: Created section 'MON-MDM-FR1-1'
03-11 11:29:54.870  7565  7565 I ThermalEngine: Algo Type 'monitor'
03-11 11:29:54.870  7565  7565 I ThermalEngine: Parsing section MON-MDM-FR1-1
03-11 11:29:54.870  7565  7565 I ThermalEngine: Found field 'sampling'
03-11 11:29:54.870  7565  7565 I ThermalEngine: Found field 'sensor'
03-11 11:29:54.870  7565  7565 I ThermalEngine: Found field 'thresholds'
03-11 11:29:54.870  7565  7565 I ThermalEngine: Found field 'thresholds_clr'
03-11 11:29:54.870  7565  7565 I ThermalEngine: Found field 'actions'
03-11 11:29:54.870  7565  7565 I ThermalEngine: Found field 'action_info'
03-11 11:29:54.870  7565  7565 I ThermalEngine: Created section 'MON-MDM-FR1-2'
03-11 11:29:54.870  7565  7565 I ThermalEngine: Algo Type 'monitor'
03-11 11:29:54.870  7565  7565 I ThermalEngine: Parsing section MON-MDM-FR1-2
03-11 11:29:54.870  7565  7565 I ThermalEngine: Found field 'sampling'
03-11 11:29:54.870  7565  7565 I ThermalEngine: Found field 'sensor'
03-11 11:29:54.871  7565  7565 I ThermalEngine: Found field 'thresholds'
03-11 11:29:54.871  7565  7565 I ThermalEngine: Found field 'thresholds_clr'
03-11 11:29:54.871  7565  7565 I ThermalEngine: Found field 'actions'
03-11 11:29:54.871  7565  7565 I ThermalEngine: Found field 'action_info'
03-11 11:29:54.871  7565  7565 I ThermalEngine: Created section 'MON-wireless-charge'
03-11 11:29:54.871  7565  7565 I ThermalEngine: Algo Type 'monitor'
03-11 11:29:54.871  7565  7565 I ThermalEngine: Parsing section MON-wireless-charge
03-11 11:29:54.871  7565  7565 I ThermalEngine: Found field 'sampling'
03-11 11:29:54.871  7565  7565 I ThermalEngine: Found field 'sensor'
03-11 11:29:54.871  7565  7565 I ThermalEngine: Found field 'thresholds'
03-11 11:29:54.871  7565  7565 I ThermalEngine: Found field 'thresholds_clr'
03-11 11:29:54.871  7565  7565 I ThermalEngine: Found field 'actions'
03-11 11:29:54.871  7565  7565 I ThermalEngine: Found field 'action_info'
03-11 11:29:54.871  7565  7565 I ThermalEngine: [MON-wireless-charge]
03-11 11:29:54.871  7565  7565 I ThermalEngine: algo_type monitor
03-11 11:29:54.871  7565  7565 I ThermalEngine: sampling 2000
03-11 11:29:54.871  7565  7565 I ThermalEngine: sensor BCHG_TEMP
03-11 11:29:54.871  7565  7565 I ThermalEngine: thresholds 39000 41000 43000 44000 48000
03-11 11:29:54.871  7565  7565 I ThermalEngine: thresholds_clr 18000 39000 41000 43000 45000
03-11 11:29:54.871  7565  7565 I ThermalEngine: actions wireless_current wireless_current wireless_current wireless_current wireless_current
03-11 11:29:54.871  7565  7565 I ThermalEngine: action_info 1250 1000 800 500 100
03-11 11:29:54.871  7565  7565 I ThermalEngine: [MON-MDM-FR1-2]
03-11 11:29:54.871  7565  7565 I ThermalEngine: algo_type monitor
03-11 11:29:54.871  7565  7565 I ThermalEngine: sampling 5000
03-11 11:29:54.871  7565  7565 I ThermalEngine: sensor FRONT_MDM
03-11 11:29:54.871  7565  7565 I ThermalEngine: thresholds 46000 48000 50000 55000
03-11 11:29:54.871  7565  7565 I ThermalEngine: thresholds_clr 40000 46000 48000 50000
03-11 11:29:54.871  7565  7565 I ThermalEngine: actions modem_nr_scg_dsc modem_nr_scg_dsc+modem_lte_dsc modem_nr_scg_dsc+modem_lte_dsc modem_nr_scg_dsc
03-11 11:29:54.871  7565  7565 I ThermalEngine: action_info 7 8+9 9+10 10
03-11 11:29:54.871  7565  7565 I ThermalEngine: [MON-MDM-FR1-1]
03-11 11:29:54.871  7565  7565 I ThermalEngine: algo_type monitor
03-11 11:29:54.871  7565  7565 I ThermalEngine: sampling 5000
03-11 11:29:54.871  7565  7565 I ThermalEngine: sensor FRONT_MDM
03-11 11:29:54.871  7565  7565 I ThermalEngine: thresholds 46000 48000 50000 55000
03-11 11:29:54.871  7565  7565 I ThermalEngine: thresholds_clr 40000 46000 48000 50000
03-11 11:29:54.871  7565  7565 I ThermalEngine: actions modem_nr_dsc modem_nr_dsc modem_nr_dsc modem_nr_dsc
03-11 11:29:54.871  7565  7565 I ThermalEngine: action_info 7 8 9 10
03-11 11:29:54.871  7565  7565 I ThermalEngine: [MON-SOFTDEV]
03-11 11:29:54.871  7565  7565 I ThermalEngine: algo_type monitor
03-11 11:29:54.871  7565  7565 I ThermalEngine: sampling 2000
03-11 11:29:54.871  7565  7565 I ThermalEngine: sensor FUSE_TEMP
03-11 11:29:54.871  7565  7565 I ThermalEngine: thresholds 42000
03-11 11:29:54.871  7565  7565 I ThermalEngine: thresholds_clr 40000
03-11 11:29:54.871  7565  7565 I ThermalEngine: actions SoftDev
03-11 11:29:54.871  7565  7565 I ThermalEngine: action_info 1
03-11 11:29:54.871  7565  7565 I ThermalEngine: [MON-MSM-GPU]
03-11 11:29:54.871  7565  7565 I ThermalEngine: algo_type monitor
03-11 11:29:54.871  7565  7565 I ThermalEngine: sampling 2000
03-11 11:29:54.871  7565  7565 I ThermalEngine: sensor FUSE_TEMP
03-11 11:29:54.871  7565  7565 I ThermalEngine: thresholds 43000 46000 50000
03-11 11:29:54.871  7565  7565 I ThermalEngine: thresholds_clr 42000 43000 46000
03-11 11:29:54.871  7565  7565 I ThermalEngine: actions gpu gpu gpu
03-11 11:29:54.871  7565  7565 I ThermalEngine: action_info 443000000 285000000 230000000
03-11 11:29:54.871  7565  7565 I ThermalEngine: [MON-MSM-CPU7]
03-11 11:29:54.871  7565  7565 I ThermalEngine: algo_type monitor
03-11 11:29:54.871  7565  7565 I ThermalEngine: sampling 2000
03-11 11:29:54.871  7565  7565 I ThermalEngine: sensor FUSE_TEMP
03-11 11:29:54.871  7565  7565 I ThermalEngine: thresholds 40000 42000 44000 45000 47000
03-11 11:29:54.871  7565  7565 I ThermalEngine: thresholds_clr 39000 40000 42000 44000 45000
03-11 11:29:54.871  7565  7565 I ThermalEngine: actions cpu-cluster2 cpu-cluster2 cpu-cluster2 cpu-cluster2 cpu-cluster2
03-11 11:29:54.871  7565  7565 I ThermalEngine: action_info 1977600 1766400 1401600 1286400 940800
03-11 11:29:54.871  7565  7565 I ThermalEngine: [MON-MSM-CPU4]
03-11 11:29:54.871  7565  7565 I ThermalEngine: algo_type monitor
03-11 11:29:54.871  7565  7565 I ThermalEngine: sampling 2000
03-11 11:29:54.871  7565  7565 I ThermalEngine: sensor FUSE_TEMP
03-11 11:29:54.871  7565  7565 I ThermalEngine: thresholds 40000 42000 44000 47000
03-11 11:29:54.871  7565  7565 I ThermalEngine: thresholds_clr 39000 40000 42000 45000
03-11 11:29:54.871  7565  7565 I ThermalEngine: actions cpu-cluster1 cpu-cluster1 cpu-cluster1 cpu-cluster1
03-11 11:29:54.871  7565  7565 I ThermalEngine: action_info 1804800 1651200 1555200 1382400
03-11 11:29:54.871  7565  7565 I ThermalEngine: [MON-MSM-CPU0]
03-11 11:29:54.871  7565  7565 I ThermalEngine: algo_type monitor
03-11 11:29:54.871  7565  7565 I ThermalEngine: sampling 2000
03-11 11:29:54.871  7565  7565 I ThermalEngine: sensor FUSE_TEMP
03-11 11:29:54.871  7565  7565 I ThermalEngine: thresholds 40000 42000 44000 47000
03-11 11:29:54.871  7565  7565 I ThermalEngine: thresholds_clr 39000 40000 42000 45000
03-11 11:29:54.871  7565  7565 I ThermalEngine: actions cpu-cluster0 cpu-cluster0 cpu-cluster0 hotplug_0+hotplug_1+hotplug_2+hotplug_3
03-11 11:29:54.871  7565  7565 I ThermalEngine: action_info 1363200 1228800 1094400 1+1+1+1
03-11 11:29:54.871  7565  7565 I ThermalEngine: [MON-CHG-BATT-SAFETY]
03-11 11:29:54.871  7565  7565 I ThermalEngine: algo_type monitor
03-11 11:29:54.871  7565  7565 I ThermalEngine: sampling 5000
03-11 11:29:54.871  7565  7565 I ThermalEngine: sensor BCHG_TEMP
03-11 11:29:54.871  7565  7565 I ThermalEngine: thresholds 46000 48000
03-11 11:29:54.871  7565  7565 I ThermalEngine: thresholds_clr 44000 46000
03-11 11:29:54.871  7565  7565 I ThermalEngine: actions battery battery
03-11 11:29:54.871  7565  7565 I ThermalEngine: action_info 2 1
03-11 11:29:54.871  7565  7565 I ThermalEngine: freezing
03-11 11:29:54.871  7565  7565 I ThermalEngine: [MON-CHG-BATT1]
03-11 11:29:54.871  7565  7565 I ThermalEngine: algo_type monitor
03-11 11:29:54.871  7565  7565 I ThermalEngine: sampling 5000
03-11 11:29:54.871  7565  7565 I ThermalEngine: sensor BCHG_TEMP
03-11 11:29:54.871  7565  7565 I ThermalEngine: thresholds 44000
03-11 11:29:54.871  7565  7565 I ThermalEngine: thresholds_clr 43000
03-11 11:29:54.871  7565  7565 I ThermalEngine: actions battery
03-11 11:29:54.871  7565  7565 I ThermalEngine: action_info 3
03-11 11:29:54.871  7565  7565 I ThermalEngine: override_c 1000
03-11 11:29:54.871  7565  7565 I ThermalEngine: freezing
03-11 11:29:54.871  7565  7565 I ThermalEngine: [MON-CHG-BATT0]
03-11 11:29:54.871  7565  7565 I ThermalEngine: algo_type monitor
03-11 11:29:54.871  7565  7565 I ThermalEngine: sampling 5000
03-11 11:29:54.871  7565  7565 I ThermalEngine: sensor BCHG_TEMP
03-11 11:29:54.871  7565  7565 I ThermalEngine: thresholds 40000 42000 43500
03-11 11:29:54.871  7565  7565 I ThermalEngine: thresholds_clr 39000 41000 42500
03-11 11:29:54.871  7565  7565 I ThermalEngine: actions battery battery battery
03-11 11:29:54.871  7565  7565 I ThermalEngine: action_info 6 5 4
03-11 11:29:54.871  7565  7565 I ThermalEngine: freezing
03-11 11:29:54.871  7565  7565 I ThermalEngine: [FREEZE-CHG]
03-11 11:29:54.871  7565  7565 I ThermalEngine: algo_type monitor
03-11 11:29:54.871  7565  7565 I ThermalEngine: sampling 2000
03-11 11:29:54.871  7565  7565 I ThermalEngine: sensor DETECT-WLS
03-11 11:29:54.871  7565  7565 I ThermalEngine: thresholds 1
03-11 11:29:54.871  7565  7565 I ThermalEngine: thresholds_clr 0
03-11 11:29:54.871  7565  7565 I ThermalEngine: actions freeze_rule
03-11 11:29:54.871  7565  7565 I ThermalEngine: action_info 1
03-11 11:29:54.871  7565  7565 I ThermalEngine: [OVERRIDE-CHG]
03-11 11:29:54.871  7565  7565 I ThermalEngine: algo_type monitor
03-11 11:29:54.871  7565  7565 I ThermalEngine: sampling 1000
03-11 11:29:54.871  7565  7565 I ThermalEngine: sensor DETECT-STANDBY
03-11 11:29:54.871  7565  7565 I ThermalEngine: thresholds 1
03-11 11:29:54.871  7565  7565 I ThermalEngine: thresholds_clr 0
03-11 11:29:54.871  7565  7565 I ThermalEngine: actions internal_override
03-11 11:29:54.871  7565  7565 I ThermalEngine: action_info 1
03-11 11:29:54.871  7565  7565 I ThermalEngine: [MONITOR-CAMERA]
03-11 11:29:54.872  5625  5625 I MotoDozeSensor: Tap to wake up enable: true
03-11 11:29:54.873  5625  5625 D DozeTriggers: shouldregisterTapSensor:  zeroTapEnabled=false
03-11 11:29:54.874  5625  5625 E MotoDozeSensorTypeBuilder: This sensor type(25) is not supported.
03-11 11:29:54.874  5625  5625 E MotoDozeSensorTypeBuilder: This sensor type(65596) is not supported.
03-11 11:29:54.874  5625  5625 V DreamService[DozeService]: onBind() intent = Intent { act=android.service.dreams.DreamService flg=0x800000 cmp=com.android.systemui/.doze.DozeService (has extras) }
03-11 11:29:54.875  2064  2064 I sensors-hal: batch:206, android.sensor.accelerometer/11, period=200000000, max_latency=0
03-11 11:29:54.875  2064  2064 I sensors-hal: set_config:57, sample_period_ns is adjusted to 200000000 based on min/max delay_ns
03-11 11:29:54.875  3163  3163 I DreamController: onServiceConnected: name=ComponentInfo{com.android.systemui/com.android.systemui.doze.DozeService}, service=android.os.BinderProxy@283f163
03-11 11:29:54.875  2064  2064 I sensors-hal: send_sensor_config_request:395, resampler is used, set resampler config
03-11 11:29:54.875  2064  2064 I sensors-hal: send_sync_sensor_request:341, send sync request
03-11 11:29:54.875  3163  3227 I DreamController: onServiceConnected to attach: name=ComponentInfo{com.android.systemui/com.android.systemui.doze.DozeService}
03-11 11:29:54.875  2064  2064 I sensors-hal: send_sync_sensor_request:367, wait for notification of response
03-11 11:29:54.876  5625  5692 I DreamService: DreamServiceWrapper attach: dreamToken=android.os.BinderProxy@9430860, canDoze=true
03-11 11:29:54.876  2064  5194 I sensors-hal: ssc_conn_resp_cb:632, resp_value = 0
03-11 11:29:54.876  2064  2064 I sensors-hal: send_sync_sensor_request:373, takes 0 ms to receive the response with 0
03-11 11:29:54.876  2064  2064 I sensors-hal: batch:215, android.sensor.accelerometer/11, period=200000000, max_latency=0 request completed
03-11 11:29:54.876  5625  5625 I vol.VolumeDialogImpl: mDialog.dismiss() reason: volume_controller from: com.android.systemui.volume.VolumeDialogImpl$10.onDismissRequested:3 displayId: 0 mShowing: false mIsAnimatingDismiss: true
03-11 11:29:54.876  5625  5625 D vol.VolumeDialogImpl: dismissH: skipping dismiss because isAnimatingDismiss is true and showingStateInconsistent is false
03-11 11:29:54.876  5625  5625 I DreamService[DozeService]: attach() called: dreamToken=android.os.BinderProxy@9430860, canDoze=true mWindow=null mWindowless=true
03-11 11:29:54.876  5625  5625 V DreamService[DozeService]: onDreamingStarted()
03-11 11:29:54.877  3163  3352 D PowerManagerService: handleSandman ignore 0
03-11 11:29:54.878  5625  5625 D SbStateController: setState: requested state KEYGUARD!= upcomingState: SHADE. This usually means the status bar state transition was interrupted before the upcoming state could be applied.
03-11 11:29:54.878  3163  3352 D PowerManagerService: handleSandman ignore 0
03-11 11:29:54.879  2064  2064 I sensors-hal: activate:173, android.sensor.gyroscope/41 en=0
03-11 11:29:54.879  2061  2108 E minksocket: MinkIPC_QRTR_Service: client with node 1 port 7a83 went down
03-11 11:29:54.880  5625  5962 D KeyguardViewMediator: updateActivityLockScreenState(false, true)
03-11 11:29:54.880  2061  2108 E minksocket: MinkIPC_QRTR_Service: client with node 1 port 7a7e went down
03-11 11:29:54.881  2064  2064 I sensors-hal: activate:184, android.sensor.gyroscope/41 en=0 completed
03-11 11:29:54.881  2061  2108 E minksocket: MinkIPC_QRTR_Service: client with node 1 port 7a79 went down
03-11 11:29:54.882  3163  3352 D PowerManagerService: handleSandman ignore 0
03-11 11:29:54.884  2064  2064 I sensors-hal: batch:206, com.motorola.sensor.ltv/65738, period=1000000, max_latency=0
03-11 11:29:54.884  2064  2064 I sensors-hal: set_config:57, sample_period_ns is adjusted to 0 based on min/max delay_ns
03-11 11:29:54.884  2064  2064 I sensors-hal: batch:215, com.motorola.sensor.ltv/65738, period=1000000, max_latency=0 request completed
03-11 11:29:54.884  7565  7786 I ThermalEngine: SS:ACTIVE:SS-CPU7:cpu-cluster2=0:FUSE_TEMP=40673
03-11 11:29:54.884  2064  2064 I sensors-hal: activate:173, com.motorola.sensor.ltv/65738 en=1
03-11 11:29:54.885  2064  2064 I sensors-hal: get_qmi_debug_flag:239, support_qmi_debug : false
03-11 11:29:54.886  2061  2108 E minksocket: MinkIPC_QRTR_Service: client with node 1 port 7ac2 went down
03-11 11:29:54.886  2061  2108 E minksocket: MinkIPC_QRTR_Service: client with node 1 port 7ac3 went down
03-11 11:29:54.886  2064  2064 E Diag_Lib: diag: Diag_LSM_Init: invoked for pid: 2064 with init_count: 0
03-11 11:29:54.886  2061  2108 E minksocket: MinkIPC_QRTR_Service: client with node 1 port 7ac4 went down
03-11 11:29:54.886  2061  2108 E minksocket: MinkIPC_QRTR_Service: client with node 1 port 7ac5 went down
03-11 11:29:54.887  2064  2064 E Diag_Lib: diag:failed to connect to diag socket
03-11 11:29:54.887  2064  2064 E Diag_Lib:  Diag_LSM_Init: Failed to open handle to diag driver, error = 13
03-11 11:29:54.888  2064  2064 I sensors-hal: send_sync_sensor_request:341, send sync request
03-11 11:29:54.888  3163  3352 D PowerManagerService: handleSandman ignore 0
03-11 11:29:54.888  2064  2064 I sensors-hal: send_sync_sensor_request:367, wait for notification of response
03-11 11:29:54.890  2064  4171 I slpi    : MOT_LTV started with registry parameters (rcv_reg_items=0x1fff)
03-11 11:29:54.890  2064  7790 I sensors-hal: ssc_conn_resp_cb:632, resp_value = 0
03-11 11:29:54.890  2064  2064 I sensors-hal: send_sync_sensor_request:373, takes 1 ms to receive the response with 0
03-11 11:29:54.890  2064  2064 I sensors-hal: activate:184, com.motorola.sensor.ltv/65738 en=1 completed
03-11 11:29:54.890  2064  4171 E slpi    : MOT_GPIO_FLIP kernel state gpio unset
03-11 11:29:54.891  2064  2064 I sensors-hal: activate:173, android.sensor.linear_acceleration/101 en=0
03-11 11:29:54.891  2061  2108 E minksocket: MinkIPC_QRTR_Service: client with node 1 port 7a74 went down
03-11 11:29:54.891  2064  2064 I sensors-hal: activate:184, android.sensor.linear_acceleration/101 en=0 completed
03-11 11:29:54.892  2300  2300 D SurfaceFlinger: setDesiredDisplayModeSpecs[{0, false, PR={p[24.00-120.00]Hz, r[24.00-120.00]Hz}, AR={p[0.00-120.00]Hz, r[0.00-120.00]Hz}}]: by process 3163 uid 1000 for display 4630947043778501762
03-11 11:29:54.892  2064  2064 I sensors-hal: batch:206, com.motorola.sensor.glance/65658, period=1000000, max_latency=0
03-11 11:29:54.892  2064  2064 I sensors-hal: set_config:57, sample_period_ns is adjusted to 0 based on min/max delay_ns
03-11 11:29:54.892  2064  2064 I sensors-hal: batch:215, com.motorola.sensor.glance/65658, period=1000000, max_latency=0 request completed
03-11 11:29:54.892  2064  2064 I sensors-hal: activate:173, com.motorola.sensor.glance/65658 en=1
03-11 11:29:54.892  2064  2064 I sensors-hal: activate:154, activate glance 65548
03-11 11:29:54.892  2064  2064 I sensors-hal: get_qmi_debug_flag:239, support_qmi_debug : false
03-11 11:29:54.893  2061  2108 E minksocket: MinkIPC_QRTR_Service: client with node 1 port 7ac7 went down
03-11 11:29:54.893  3163  7474 I DreamManagerService: startDozing by com.android.systemui callingUid=10394 callingPid=5625
03-11 11:29:54.893  3163  7474 D DreamManagerService: Dream requested to start dozing: android.os.Binder@2e0bc78, screenState=1, screenBrightness=-1, reason=UNKNOWN
03-11 11:29:54.893  2061  2108 E minksocket: MinkIPC_QRTR_Service: client with node 1 port 7ac8 went down
03-11 11:29:54.894  2061  2108 E minksocket: MinkIPC_QRTR_Service: client with node 1 port 7ac9 went down
03-11 11:29:54.894  2064  2064 E Diag_Lib: diag: Diag_LSM_Init: invoked for pid: 2064 with init_count: 0
03-11 11:29:54.894  2061  2108 E minksocket: MinkIPC_QRTR_Service: client with node 1 port 7aca went down
03-11 11:29:54.894  2064  2064 E Diag_Lib: diag:failed to connect to diag socket
03-11 11:29:54.894  2064  2064 E Diag_Lib:  Diag_LSM_Init: Failed to open handle to diag driver, error = 13
03-11 11:29:54.894  2064  2064 I sensors-hal: create_sensor_config_request:143, sending MOT_GLANCE_MSGID_MOT_GLANCE_CONFIG, 0x17
03-11 11:29:54.894  2064  2064 I sensors-hal: send_sync_sensor_request:341, send sync request
03-11 11:29:54.894  2064  2064 I sensors-hal: send_sync_sensor_request:367, wait for notification of response
03-11 11:29:54.894  3163  7474 D PowerManagerService: nativeSetAutoSuspend enable:false duration ms: 1
03-11 11:29:54.895  2064  7792 I sensors-hal: ssc_conn_resp_cb:632, resp_value = 0
03-11 11:29:54.895  2064  2064 I sensors-hal: send_sync_sensor_request:373, takes 0 ms to receive the response with 0
03-11 11:29:54.895  2064  2064 I sensors-hal: activate:184, com.motorola.sensor.glance/65658 en=1 completed
03-11 11:29:54.895  3163  7474 D PowerManagerService: nativeAcquireSuspendBlocker name:PowerManagerService.Display duration ms: 0
03-11 11:29:54.895  3163  3352 D PowerManagerService: handleSandman ignore 0
03-11 11:29:54.896  3163  3352 I DisplayPowerController2[1]: 03-11 11:29:54.895 - BrightnessEvent: disp=1, physDisp=local:4630947043778501763, displayState=OFF, displayPolicy=DOZE, brt=0.0, initBrt=0.0, rcmdBrt=NaN, preBrt=NaN, lux=0.0, preLux=0.0, brtNits=3.3701954, hdrNits=NaN, initNits=3.3701954, preNits=NaN, rcmdNits=NaN, hdrBrightness=NaN, brt(%)=0%, brtInt=1, hbmPolicy=normal, hbmMax=0.7660316, hbmMode=off, rbcStrength=-1, thrmMax=1.0, powerFactor=1.0, wasShortTermModelActive=false, flags=, reason=screen_off, autoBrightness=true, strategy=ScreenOffBrightnessStrategy, autoBrightnessMode=default
03-11 11:29:54.897  7565  7786 I ThermalEngine: SS:ACTIVE:SS-CPU4:cpu-cluster1=0:FUSE_TEMP=40673
03-11 11:29:54.897  3163  3163 I WindowManager: Finished going to sleep... (groupId=0 why=OFF_BECAUSE_OF_USER) notifySleepToKeyguard=true lidState=0 pmSleepReason=lid_switch
03-11 11:29:54.898  2064  2064 I sensors-hal: activate:173, android.sensor.game_rotation_vector/151 en=0
03-11 11:29:54.898  3163  3352 D PowerManagerService: nativeAcquireSuspendBlocker name:PowerManagerService.Broadcasts duration ms: 2
03-11 11:29:54.898  2064  2064 I sensors-hal: activate:184, android.sensor.game_rotation_vector/151 en=0 completed
03-11 11:29:54.898  2061  2108 E minksocket: MinkIPC_QRTR_Service: client with node 1 port 7aab went down
03-11 11:29:54.899  3163  3352 D PowerManagerService: nativeSetAutoSuspend enable:true duration ms: 0
03-11 11:29:54.899  3163  3352 D PowerManagerService: nativeReleaseSuspendBlocker name:PowerManagerService.Display duration ms: 0
03-11 11:29:54.899  3163  3352 D PowerManagerService: handleSandman ignore 0
03-11 11:29:54.899  5625  5956 D CounterUpPreferencesStatusValue: startTracking: previous = 18 current = 19 tag = Count of how many cli AD is triggered
03-11 11:29:54.899  3163  7451 I DreamController: mDreamingStartedCallback sendResult
03-11 11:29:54.900  3163  3202 E WindowManager: Dream packageName does not match active dream. Package mnn.Android does not match ComponentInfo{com.android.systemui/com.android.systemui.doze.DozeService}
03-11 11:29:54.900  5625  5625 D SCliNotificationListener: onNotificationListUpdate: [com.android.systemui.statusbar.notification.collection.GroupEntry@751a998]
03-11 11:29:54.901  5625  6286 D SCliNotifPanelController: onNotificationEntryRemove: -1|com.android.systemui|1201|fully_charged_and_plugged|10394
03-11 11:29:54.901  5625  6286 D SCliNotifPanelController: onNotificationGroupRemove: com.android.systemui_u-1
03-11 11:29:54.901  5625  6286 D SCliNotifPanelController: onNotificationEntryRemove: 0|com.android.vending|-234430262|null|10276
03-11 11:29:54.901  5625  6286 D SCliNotifPanelController: onNotificationGroupRemove: com.android.vending_u0
03-11 11:29:54.901  3163  3202 E WindowManager: Dream packageName does not match active dream. Package mnn.Android does not match ComponentInfo{com.android.systemui/com.android.systemui.doze.DozeService}
03-11 11:29:54.901  2064  2064 I sensors-hal: activate:173, android.sensor.device_orientation/271 en=0
03-11 11:29:54.902  3163  3352 D PowerManagerService: handleSandman ignore 0
03-11 11:29:54.902  2061  2108 E minksocket: MinkIPC_QRTR_Service: client with node 1 port 7a27 went down
03-11 11:29:54.902  2064  2064 I sensors-hal: activate:184, android.sensor.device_orientation/271 en=0 completed
03-11 11:29:54.902  5625  5692 D KeyguardViewMediator: USER_LOCKED intent sent
03-11 11:29:54.905  3163  7474 E WindowManager: Dream packageName does not match active dream. Package mnn.Android does not match ComponentInfo{com.android.systemui/com.android.systemui.doze.DozeService}
03-11 11:29:54.905  3163  7474 E WindowManager: Dream packageName does not match active dream. Package mnn.Android does not match ComponentInfo{com.android.systemui/com.android.systemui.doze.DozeService}
03-11 11:29:54.907  6942  6942 D NfcService: MSG_APPLY_SCREEN_STATE 1
03-11 11:29:54.907  5625  5625 W libc    : Access denied finding property "vendor.display.enable_optimal_refresh_rate"
03-11 11:29:54.907  5625  5625 W libc    : Access denied finding property "vendor.gpp.create_frc_extension"
03-11 11:29:54.908  6942  6942 D libnfc_nci: nfcManager_doSetScreenState: state = 1 prevScreenState= 8, discovry_param = 1
03-11 11:29:54.908  2582  8068 D NxpTml  : PN54X - Write requested.....
03-11 11:29:54.908  2582  8068 D NxpTml  : PN54X - Invoking I2C Write.....
03-11 11:29:54.911  2064  2064 I sensors-hal: batch:206, android.sensor.accelerometer/11, period=200000000, max_latency=0
03-11 11:29:54.911  2064  2064 I sensors-hal: set_config:57, sample_period_ns is adjusted to 200000000 based on min/max delay_ns
03-11 11:29:54.911  2064  2064 I sensors-hal: batch:215, android.sensor.accelerometer/11, period=200000000, max_latency=0 request completed
03-11 11:29:54.912  3163  3352 D PowerManagerService: handleSandman ignore 0
03-11 11:29:54.912  3163  3163 I PowerManagerService: onFlip(): Face up.
03-11 11:29:54.912  2582  8068 D NxpTml  : Write errno : 6b
03-11 11:29:54.912  2582  8068 D NxpTml  : PN54X - Error in I2C Write.....
03-11 11:29:54.912  2582  8068 D NxpTml  : PN54X - Posting Fresh Write message.....
03-11 11:29:54.912  2582  8068 D NxpTml  : PN54X - Tml Writer Thread Running................
03-11 11:29:54.912  2582  8070 D NxpHal  : write error status = 0x1ff
03-11 11:29:54.912  2582  2582 D NxpHal  : write_unlocked failed - PN54X Maybe in Standby Mode - Retry
03-11 11:29:54.913  5493  5493 I WallpaperService: engine resumed
03-11 11:29:54.914  5625  5625 W View    : requestLayout() improperly called by com.android.keyguard.CarrierText{fc2afe4 V.ED..... ..S...ID 42,0-495,108 #7f0a04a7 app:id/keyguard_carrier_text} during layout: running second layout pass
03-11 11:29:54.914  5625  5625 W View    : requestLayout() improperly called by com.android.systemui.util.AutoMarqueeTextView{fcb050b VFED..C.. ..S...ID 205,0-571,126 #7f0a0686 app:id/no_carrier_text} during layout: running second layout pass
03-11 11:29:54.915  3163  3203 E WindowManager: Dream packageName does not match active dream. Package mnn.Android does not match ComponentInfo{com.android.systemui/com.android.systemui.doze.DozeService}
03-11 11:29:54.915  3163  3203 E WindowManager: Dream packageName does not match active dream. Package mnn.Android does not match ComponentInfo{com.android.systemui/com.android.systemui.doze.DozeService}
03-11 11:29:54.915  3163  3352 D PowerManagerService: handleSandman ignore 0
03-11 11:29:54.917  7314  7314 D GameMode: onStartedActivityChange: componnent: ComponentInfo{mnn.Android/com.apnews.app.activity.MainActivity} entered launcher screen? false
03-11 11:29:54.919  2300  2300 D SurfaceFlinger: setDesiredDisplayModeSpecs[{0, false, PR={p[24.00-120.00]Hz, r[24.00-120.00]Hz}, AR={p[0.00-120.00]Hz, r[0.00-120.00]Hz}}]: by process 3163 uid 1000 for display 4630947043778501763
03-11 11:29:54.921  2064  2064 I sensors-hal: batch:206, android.sensor.accelerometer/11, period=20000000, max_latency=0
03-11 11:29:54.921  2064  2064 I sensors-hal: set_config:57, sample_period_ns is adjusted to 20000000 based on min/max delay_ns
03-11 11:29:54.921  2064  2064 I sensors-hal: send_sensor_config_request:395, resampler is used, set resampler config
03-11 11:29:54.921  2064  2064 I sensors-hal: send_sync_sensor_request:341, send sync request
03-11 11:29:54.921  2064  2064 I sensors-hal: send_sync_sensor_request:367, wait for notification of response
03-11 11:29:54.922  2064  5194 I sensors-hal: ssc_conn_resp_cb:632, resp_value = 0
03-11 11:29:54.922  2064  2064 I sensors-hal: send_sync_sensor_request:373, takes 0 ms to receive the response with 0
03-11 11:29:54.922  2064  2064 I sensors-hal: batch:215, android.sensor.accelerometer/11, period=20000000, max_latency=0 request completed
03-11 11:29:54.922  3163  3352 D BrightnessThermalClamper: Thermal status observer already started
03-11 11:29:54.922  2064  2064 I sensors-hal: flush:235, android.sensor.accelerometer/11
03-11 11:29:54.923  2064  2064 I sensors-hal: send_sync_sensor_request:341, send sync request
03-11 11:29:54.923  2064  2064 I sensors-hal: send_sync_sensor_request:367, wait for notification of response
03-11 11:29:54.923  2582  8068 D NxpTml  : PN54X - Write requested.....
03-11 11:29:54.923  2582  8068 D NxpTml  : PN54X - Invoking I2C Write.....
03-11 11:29:54.923  2064  5194 I sensors-hal: ssc_conn_resp_cb:632, resp_value = 0
03-11 11:29:54.923  2064  2064 I sensors-hal: send_sync_sensor_request:373, takes 0 ms to receive the response with 0
03-11 11:29:54.923  2064  2064 I sensors-hal: flush:241, android.sensor.accelerometer/11 completed
03-11 11:29:54.923  7565  7784 I ThermalEngine: Monitor:ACTIVE:MON-MSM-CPU7:cpu-cluster2=1977600:FUSE_TEMP=40665
03-11 11:29:54.924  7565  7784 I ThermalEngine: ACTION: CPU - Setting CPU[7] to 3
03-11 11:29:54.923  3163  3229 D CLI/Transition: displaygroup 0, state OFF, pendingdisplaygroup -1
03-11 11:29:54.924  2582  8068 I NxpNciX : len =   7 > 20020401020100
03-11 11:29:54.924  2582  8068 D NxpTml  : PN54X - I2C Write successful.....
03-11 11:29:54.924  2582  8068 D NxpTml  : PN54X - Posting Fresh Write message.....
03-11 11:29:54.924  2582  8068 D NxpTml  : PN54X - Tml Writer Thread Running................
03-11 11:29:54.924  2582  8070 D NxpHal  : write successful status = 0x0
03-11 11:29:54.925 26976 27604 D MCLOG   : [BrightnessTrigger] onDisplayChanged displayId = 0
03-11 11:29:54.926  3163  3231 D CLI/Keyguard: [onKeyguardLockedStateChanged] isKeyguardLocked=true
03-11 11:29:54.927  3163  7445 E WindowManager: Dream packageName does not match active dream. Package com.google.android.gsf does not match ComponentInfo{com.android.systemui/com.android.systemui.doze.DozeService}
03-11 11:29:54.927  3163  7445 E WindowManager: Dream packageName does not match active dream. Package com.google.android.gms does not match ComponentInfo{com.android.systemui/com.android.systemui.doze.DozeService}
03-11 11:29:54.927  2582  8059 D NxpTml  : PN54X - I2C Read successful.....
03-11 11:29:54.927  2582  8059 I NxpNciR : len =   5 > 4002020000
03-11 11:29:54.927  2582  8059 D NxpTml  : PN54X - Posting read message.....
03-11 11:29:54.927  2067  2067 D AHAL: AudioDevice: SetParameters: 1564: enter: screen_state=off
03-11 11:29:54.927  2067  2067 D AHAL: AudioVoice: VoiceSetParameters: 87: Enter params: screen_state=off
03-11 11:29:54.927  2067  2067 D AHAL: AudioVoice: VoiceSetParameters: 360: Exit ret: 0
03-11 11:29:54.927  2067  2067 D AHAL: FM: fm_set_parameters: 262: Enter
03-11 11:29:54.927  2067  2067 D AHAL: FM: fm_set_parameters: 320: exit
03-11 11:29:54.927  2067  2067 D AHAL: AudioDevice: SetParameters: 1628:  - screen = off
03-11 11:29:54.927  2067  2067 I PAL: ResourceManager: setParameter: 8311: Screen State:0
03-11 11:29:54.927  2067  2067 D AHAL: AudioDevice: SetParameters: 2361: exit: screen_state=off
03-11 11:29:54.927  6978  6978 I Smart5G : [Smart5GService] receive action: android.intent.action.SCREEN_OFF
03-11 11:29:54.927 26976 27604 D MCLOG   : [BrightnessManager] displayId = 0 brightness = 0.38515076 nit = 95.93565 level = br1
03-11 11:29:54.927  2582  8070 D NxpHal  : read successful status = 0x0
03-11 11:29:54.928  2582  8070 D NxpHal  : phNxpNciHal_print_res_status: response status =STATUS_OK
03-11 11:29:54.928  5625  5942 E FromGoneTransitionInteractor: Ignoring startTransition: This interactor asked to transition from GONE -> LOCKSCREEN, but we last transitioned to DOZING, not GONE. This should never happen - check currentTransitionInfoInternal or use filterRelevantKeyguardState before starting transitions.
03-11 11:29:54.928  5625  5942 E FromGoneTransitionInteractor: This transition would not have been ignored prior to ag/26681239, since we are FINISHED in GONE (but have since started another transition). If ignoring this transition has caused a regression, fix it by ensuring that transitions are exclusively started from the most recently started state.
03-11 11:29:54.928  6942  8007 D libnfc_nci: nfaDeviceManagementCallback: enter; event=0x2
03-11 11:29:54.928  6942  8007 D libnfc_nci: nfaDeviceManagementCallback: NFA_DM_SET_CONFIG_EVT
03-11 11:29:54.928  5689  5689 E DPMJ    : |SERVICE| sendScreenState state  falseand int value 0
03-11 11:29:54.928  2582  8068 D NxpTml  : PN54X - Write requested.....
03-11 11:29:54.928  2582  8068 D NxpTml  : PN54X - Invoking I2C Write.....
03-11 11:29:54.928  2582  8059 D NxpTml  : PN54X - Read requested.....
03-11 11:29:54.928  2582  8059 D NxpTml  : PN54X - Invoking I2C Read.....
03-11 11:29:54.928  2582  8068 I NxpNciX : len =   4 > 20090101
03-11 11:29:54.928  2582  8068 D NxpTml  : PN54X - I2C Write successful.....
03-11 11:29:54.928  2582  8068 D NxpTml  : PN54X - Posting Fresh Write message.....
03-11 11:29:54.928  2582  8068 D NxpTml  : PN54X - Tml Writer Thread Running................
03-11 11:29:54.928  2582  8070 D NxpHal  : write successful status = 0x0
03-11 11:29:54.929  2582  8059 D NxpTml  : PN54X - I2C Read successful.....
03-11 11:29:54.929  2582  8059 I NxpNciR : len =   4 > 40090100
03-11 11:29:54.929  2582  8059 D NxpTml  : PN54X - Posting read message.....
03-11 11:29:54.929  2582  8070 D NxpHal  : read successful status = 0x0
03-11 11:29:54.929  2582  8059 D NxpTml  : PN54X - Read requested.....
03-11 11:29:54.929  2582  8059 D NxpTml  : PN54X - Invoking I2C Read.....
03-11 11:29:54.929  6942  8007 D libnfc_nci: nfaDeviceManagementCallback: enter; event=0xB
03-11 11:29:54.929  6942  8007 D libnfc_nci: nfaDeviceManagementCallback: NFA_DM_SET_POWER_SUB_STATE_EVT; status=0x0
03-11 11:29:54.930  3163  3352 D PowerManagerService: handleSandman ignore 0
03-11 11:29:54.930  6942  6942 D NfcService: MSG_APPLY_SCREEN_STATE 2
03-11 11:29:54.931  3163  3352 D PowerManagerService: handleSandman ignore 0
03-11 11:29:54.931  6942  6942 D libnfc_nci: nfcManager_doSetScreenState: state = 2 prevScreenState= 1, discovry_param = 1
03-11 11:29:54.931  3163  3163 I BrightnessSynchronizer: New Update: {[11428] 0.38515076(f), mUpdatedTypes=0, mConfirmedTypes=0, mTimeUpdated=0, mState=2}
03-11 11:29:54.931  2582  8068 D NxpTml  : PN54X - Write requested.....
03-11 11:29:54.931  2582  8068 D NxpTml  : PN54X - Invoking I2C Write.....
03-11 11:29:54.932  3163  3163 D TrustManagerService: refreshDeviceLockedForUser(userId=0, unlockedUser=-10000), secure=false, showingKeyguard=true, trusted=false, biometricAuthenticated=false, currentUserIsUnlocked=false, deviceLocked=false
03-11 11:29:54.932  2582  8068 I NxpNciX : len =   4 > 20090103
03-11 11:29:54.932  2582  8068 D NxpTml  : PN54X - I2C Write successful.....
03-11 11:29:54.932  2582  8068 D NxpTml  : PN54X - Posting Fresh Write message.....
03-11 11:29:54.932  2582  8068 D NxpTml  : PN54X - Tml Writer Thread Running................
03-11 11:29:54.932  2582  8070 D NxpHal  : write successful status = 0x0
03-11 11:29:54.932  5625  5625 V PowerManager: wakeUp time=100311624 reason=WAKE_REASON_GESTURE details=com.android.systemui:SWIPE_UP_ON_AD by (com.android.systemui) callers=com.android.systemui.power.data.repository.PowerRepositoryImpl.wakeUp:26 com.android.systemui.power.domain.interactor.PowerInteractor.wakeUpIfDozing:51 com.android.systemui.statusbar.phone.StatusBarKeyguardViewManager.onPanelExpansionChanged$1:144 
03-11 11:29:54.932  7565  7784 I ThermalEngine: Monitor:ACTIVE:MON-MSM-CPU4:cpu-cluster1=1804800:FUSE_TEMP=40668
03-11 11:29:54.932  7565  7784 I ThermalEngine: ACTION: CPU - Setting CPU[4] to 3
03-11 11:29:54.932  3163  4132 I PowerGroup: Waking up power group from Dozing (groupId=1, uid=10394, reason=WAKE_REASON_GESTURE, details=com.android.systemui:SWIPE_UP_ON_AD)...
03-11 11:29:54.932  3163  4132 I PowerManagerService: Waking up from Dozing (uid=10394, reason=WAKE_REASON_GESTURE, details=com.android.systemui:SWIPE_UP_ON_AD)...
03-11 11:29:54.933  2582  8059 D NxpTml  : PN54X - I2C Read successful.....
03-11 11:29:54.933  5625  5962 D KeyguardViewMediator: updateActivityLockScreenState(true, true)
03-11 11:29:54.933  2582  8059 I NxpNciR : len =   4 > 40090100
03-11 11:29:54.933  2582  8059 D NxpTml  : PN54X - Posting read message.....
03-11 11:29:54.933  2582  8070 D NxpHal  : read successful status = 0x0
03-11 11:29:54.933  2582  8059 D NxpTml  : PN54X - Read requested.....
03-11 11:29:54.933  2582  8059 D NxpTml  : PN54X - Invoking I2C Read.....
03-11 11:29:54.934  6942  8007 D libnfc_nci: nfaDeviceManagementCallback: enter; event=0xB
03-11 11:29:54.934  6942  8007 D libnfc_nci: nfaDeviceManagementCallback: NFA_DM_SET_POWER_SUB_STATE_EVT; status=0x0
03-11 11:29:54.934  3163  3352 I WindowManager: Display 1 turning on...
03-11 11:29:54.935  3163  4132 D PowerManagerService: nativeSetAutoSuspend enable:false duration ms: 1
03-11 11:29:54.935  2582  8068 D NxpTml  : PN54X - Write requested.....
03-11 11:29:54.935  2582  8068 D NxpTml  : PN54X - Invoking I2C Write.....
03-11 11:29:54.935  2582  8068 I NxpNciX : len =   7 > 20020401020100
03-11 11:29:54.935  2582  8068 D NxpTml  : PN54X - I2C Write successful.....
03-11 11:29:54.935  2582  8068 D NxpTml  : PN54X - Posting Fresh Write message.....
03-11 11:29:54.935  2582  8068 D NxpTml  : PN54X - Tml Writer Thread Running................
03-11 11:29:54.935  2582  8070 D NxpHal  : write successful status = 0x0
03-11 11:29:54.935  3163  4132 D PowerManagerService: nativeAcquireSuspendBlocker name:PowerManagerService.Display duration ms: 1
03-11 11:29:54.936  2582  8059 D NxpTml  : PN54X - I2C Read successful.....
03-11 11:29:54.936  3163  4132 D PowerManagerService: nativeSetPowerMode ret:true mode:7 enabled:true duration ms: 0
03-11 11:29:54.936  2582  8059 I NxpNciR : len =   5 > 4002020000
03-11 11:29:54.936  2582  8059 D NxpTml  : PN54X - Posting read message.....
03-11 11:29:54.936  2078  2078 I QTI PowerHAL: Power setMode: 7 to: 1
03-11 11:29:54.936  2582  8070 D NxpHal  : read successful status = 0x0
03-11 11:29:54.936  2582  8070 D NxpHal  : phNxpNciHal_print_res_status: response status =STATUS_OK
03-11 11:29:54.936  2582  8059 D NxpTml  : PN54X - Read requested.....
03-11 11:29:54.936  2582  8059 D NxpTml  : PN54X - Invoking I2C Read.....
03-11 11:29:54.937  6942  8007 D libnfc_nci: nfaDeviceManagementCallback: enter; event=0x2
03-11 11:29:54.937  6942  8007 D libnfc_nci: nfaDeviceManagementCallback: NFA_DM_SET_CONFIG_EVT
03-11 11:29:54.937  2078  2078 I QTI PowerHAL: Got set_interactive hint
03-11 11:29:54.937  2078  2078 I QTI PowerHAL: Got set_interactive hint on= 1, count= 1363
03-11 11:29:54.937  3163  3229 W WindowManager: All windows drawn on display 1
03-11 11:29:54.938  7565  7784 I ThermalEngine: Monitor:ACTIVE:MON-MSM-CPU0:cpu-cluster0=1363200:FUSE_TEMP=40644
