03-13 15:21:03.937  3003  3003 D SGM:GameManager: onDisplayChanged. displyId: 0, state: 1
03-13 15:21:03.937  4205  4205 I SubScreenPositionControllerImpl[SUB_STATUS_BAR_NOTI]: updatePosition: first update mCurPoint = Point(15, -10), mRange = Rect(0, -11 - 22, 11), count = 1, interval = 10
03-13 15:21:03.937  4205  4205 I SubScreenPositionControllerImpl[SUB_STATUS_BAR_BATTERY]: initPosition: mRange = Rect(-22, -11 - 0, 11), mParams = ViewPositionParams {name = SUB_STATUS_BAR_BATTERY, width = 21, height = 21, left = 0, top = 0, right = 0, bottom = 0, offset = Point(0, 0), interval = 10, gravity = 8388629, high = false, baseScreenSizeRate = 1.0, initialBottomMargin = 0}
03-13 15:21:03.937  4205  4205 I SubScreenPositionControllerImpl[SUB_STATUS_BAR_BATTERY]: setAODFinalPosition() mAODFinalPosition = [-2,4], offset[Point(0, 0)]
03-13 15:21:03.937  4205  4205 I SubScreenPositionControllerImpl[SUB_STATUS_BAR_BATTERY]: updatePosition: first update mCurPoint = Point(-2, 4), mRange = Rect(-22, -11 - 0, 11), count = 1, interval = 10
03-13 15:21:03.937  4205  4205 I SubScreenPositionControllerImpl[SUB_STATUS_BAR_NOTI]: getRandomFinalPosition() [15,-10]
03-13 15:21:03.937  4205  4205 I SubScreenPositionControllerImpl[SUB_STATUS_BAR_BATTERY]: setFinalPositionY(-10) Point(-2, 4) -> Point(-2, -10)
03-13 15:21:03.937  4205  4205 I SubScreenPositionControllerImpl[SUB_STATUS_BAR_NOTI]: getRandomFinalPosition() [15,-10]
03-13 15:21:03.937  4205  4205 I SubLauncher:SubLauncherStateManager@232606011: setNIODozePosition: Point(19, 6) -> Point(15, -10)
03-13 15:21:03.937  4205  4205 I SubScreenPositionControllerImpl[SUB_STATUS_BAR_BATTERY]: getRandomFinalPosition() [-2,-10]
03-13 15:21:03.937  4205  4205 I SubLauncher:SubLauncherStateManager@232606011: setBatteryDozePosition: Point(-1, 6) -> Point(-2, -10)
03-13 15:21:03.937 19717 19717 I HBD     : DeX h DeX mode state change in non-main thread 
03-13 15:21:03.937 19717 19717 I HBD     : DeX h DeX mode state change: 3 
03-13 15:21:03.937  4205  4205 I SubLauncher:GetClockMovableAreaUseCase@58390511: MovableArea: SkRegion((34,72,714,431)(34,431,621,552)), from=left: Rect(0, 0 - 34, 720), top: Rect(0, 0 - 748, 72), right: Rect(714, 0 - 748, 720), bottom: Rect(0, 552 - 748, 720), shortcut: Rect(621, 431 - 748, 720), nowBar: Rect(0, 578 - 748, 720), 
03-13 15:21:03.937  4205  4205 I SubLauncher:SubLauncherClock@211923914: initMovableArea: SkRegion((34,72,714,431)(34,431,621,552)), rootSize=SubScreenSize(width=748, height=720, widthF=748.0, heightF=720.0, halfWidth=374.0, halfHeight=360.0, cornerRadius=20), isFlexMode=false, isWidgetEnabled=false, isInformative=false, isNowBarVisible=true, nowBarPosition=Point(-7, 19)
03-13 15:21:03.937 19717 19717 I HBD     : DeX h DeX mode state change in non-main thread 
03-13 15:21:03.937 19717 19717 I HBD     : DeX h DeX mode state change: 3 
03-13 15:21:03.937  4205  4205 I SubLauncher:SubLauncherFrontScrim@3963240: isFolderClosed it=true, displayState=1
03-13 15:21:03.937  4205  4205 I SubLauncher:SubLauncherStateManager@232606011: setFrontScrimAnimState: 0 -> 1
03-13 15:21:03.937 19717 19717 I HBD     : DeX h DeX mode state change in non-main thread 
03-13 15:21:03.937 19717 19717 I HBD     : DeX h DeX mode state change: 3 
03-13 15:21:03.938  4205  4205 I SubLauncher:SubLauncherWidget@32662509: dispatchWidgetListening: true
03-13 15:21:03.938  4205  4205 D CoverWidgetDataControllerImpl: startAppWidgetListening tiletype=0
03-13 15:21:03.938  3003  3067 D RefreshRateModeManager: onBrightnessChanged: brt=0, lux=-1.0
03-13 15:21:03.938  3003  5976 D LiftUpHandler: [LTW]  Settings Lift to wake: enable = 0
03-13 15:21:03.938  3003  5976 D LiftUpHandler: [LTW] Running already.
03-13 15:21:03.938  3003  7293 I AppWidgetServiceImpl: startListening() 
03-13 15:21:03.938  3003  7293 I AppWidgetServiceImpl: startListening callbacks : com.android.internal.appwidget.IAppWidgetHost$Stub$Proxy@400aa6b intervalEnsure:256864504 intervalHostLock:256864504 LhostId:HostId{user:0, app:10053, hostId:1911, pkg:com.android.systemui}
03-13 15:21:03.938  3003  7293 I AppWidgetServiceImpl: startListening() finish
03-13 15:21:03.938   487   487 I VRI[0 fl=}]@38f3598: onDisplayChanged oldDisplayState=2 newDisplayState=1
03-13 15:21:03.938  4205  4205 I AppWidgetHost: updateAppWidgetView, appWidgetId = 4, v = aod.Dt{50e0153 V.E...... R.....ID 0,0-318,280}
03-13 15:21:03.938  4205  4205 D GWT:HostView: [aodservice] updateAppWidget: rv=android.widget.RemoteViews@86a5b37, width=318 height=280
03-13 15:21:03.938  3003  3687 D SGM:FgCheckThread: onLooperPrepared(), msg: MSG_LCD_OFF
03-13 15:21:03.939  2094 10174 D AudioFlinger: setParameters: filtered dev setParameters keyvalue screen_state=off
03-13 15:21:03.939  3003  3661 I InputReader: Reconfiguring input devices, changes=DISPLAY_INFO
03-13 15:21:03.939  3003  3661 I InputReader: support feature by TSP : 0x321
03-13 15:21:03.939  3003  3661 I InputReader: support feature by TSP : 0x321
03-13 15:21:03.939  4205  4205 D NavigationBarControllerImpl: setNavigationBarShortcut requestClass : com.android.wm.shell.controlpanel.activity.FlexPanelActivity, remoteViews : null, position : 0, priority : 11
03-13 15:21:03.939  1992 24238 D AHAL: AudioDevice: SetParameters: 1865: enter
03-13 15:21:03.939  1992 24238 D AHAL: AudioVoice: VoiceSetParameters: 200: Enter
03-13 15:21:03.939  4205  4205 D RemoteViewPack: OnSetRemoteView RemoteViewShortcut(requestClass=com.android.wm.shell.controlpanel.activity.FlexPanelActivity, remoteViews=null, position=0, priority=11)
03-13 15:21:03.939  4205  4205 D NavBarStateManager: NavBarStates(0) isGameMode: false
03-13 15:21:03.939  1992 24238 D AHAL: AudioVoice: VoiceSetParameters: 479: Exit ret: 0
03-13 15:21:03.939  4205  4362 D Tile.MobileDataTile: handleUpdateState : state false
03-13 15:21:03.939  1992 24238 D AHAL: hfp: hfp_set_parameters: 444: enter
03-13 15:21:03.939  4205  4205 D RemoteViewPack: OnSetRemoteView RemoteViewShortcut(requestClass=com.android.wm.shell.controlpanel.activity.FlexPanelActivity, remoteViews=null, position=0, priority=11)
03-13 15:21:03.939  4205  4205 D NavBarStateManager: NavBarStates(1) isGameMode: false
03-13 15:21:03.939  1992 24238 D AHAL: AudioDevice: SetParameters: 1948:  - screen = off
03-13 15:21:03.939  1992 24238 I PAL: ResourceManager: setParameter: 10683: Screen State:0
03-13 15:21:03.939  1992 24238 D AHAL: AudioDevice: SetParameters: 2798: exit: screen_state=off
03-13 15:21:03.939  4205  4205 D KeyguardUpdateMonitor: setFingerprintAuthenticated : false
03-13 15:21:03.939  4205  4161 I DymLock|LockContainerStore: do action : change_folder_state
03-13 15:21:03.939  4205  4161 I DymLock|BaseLockStateContainer: onLockContainerStoreChangeEvent action[folder_change_event]
03-13 15:21:03.939  4205  4161 W DymLock|BaseLockStateContainer: onLockContainerStoreChangeEvent : not dls state
03-13 15:21:03.939  4205  4362 E SecQSPanelResourcePickHelper: need to prepare suitable picker for COVER
03-13 15:21:03.940  4205  4362 E SecQSPanelResourcePickHelper: need to prepare suitable picker for COVER
03-13 15:21:03.940  4205  4205 D KeyguardUpdateMonitor: updateTspFpGuideShown is set false
03-13 15:21:03.940  4205  4205 D PickupController: onStartedGoingToSleep() 
03-13 15:21:03.940  4205  4205 D View    : semSetBlurInfo, blurInfo : null, com.android.systemui.statusbar.KeyguardSecAffordanceView{ce44bf3 V.ED..... ......ID 0,0-119,119 #7f0a0469 app:id/end_button}
03-13 15:21:03.940  4205  4205 D View    : semSetBlurInfo, blurInfo : null, com.android.systemui.statusbar.KeyguardSecAffordanceView{1db4eae V.ED..... ......ID 0,0-119,119 #7f0a0cad app:id/start_button}
03-13 15:21:03.940 15873 15873 I VRI[InputMethod]@28ec110: onDisplayChanged oldDisplayState=2 newDisplayState=1
03-13 15:21:03.940  3003  3910 I CAE     : getContextType(FreeFallDetection.java:25) - FFD getContextType
03-13 15:21:03.940  4205  4205 I PluginLockMediatorImpl: onStartedGoingToSleep why :4
03-13 15:21:03.940  4205  4205 I DymLock|DynamicLockManager: onEventReceived() bundle Bundle[{action=lid_switch}]
03-13 15:21:03.940  4205  4205 I DymLock|DynamicLockManager: notifyAction action[LID_SWITCH] arg[true]
03-13 15:21:03.940  4205  4362 D Tile.DndTile: handleUpdateState zen 0  state = QSTile$BooleanState[spec=Dnd,icon=ResourceIcon[resId=0x7f080f7d],nextIcon=null,iconSupplier=null,label=Do not disturb,secondaryLabel=null,contentDescription=null,stateDescription=null,dualLabelContentDescription=null,expandedAccessibilityClassName=null,disabledByPolicy=false,dualTarget=true,isTransient=false,handlesSecondaryClick=false,state=1,sideViewCustomDrawable=null,tileClassName=null,value=false,forceExpandIcon=false]
03-13 15:21:03.940  4205  4362 D Tile.WifiTile: handleUpdateState isTransient=false transientEnabling =false cb.isTransient=false state.state = 2 mStateBeforeClick.value =false enabled =true
03-13 15:21:03.941  4205  4205 D PluginLockDelegateApp: onStartedGoingToSleep enabled: true aodClockTransition : false
03-13 15:21:03.941  4205  4205 I DymLock|DynamicLockManager: onStartedGoingToSleep : dls_state = 2
03-13 15:21:03.941  4205  4205 D KeyguardUpdateMonitor: updateBiometricListeningState()
03-13 15:21:03.941  4205  4205 D KeyguardFingerprint: updateFingerprintListeningState#mFingerprintRunningState=0 shouldListenForFingerprint=false isUdfpsEnrolled=false bioType : 0
03-13 15:21:03.941  4205  4205 D KeyguardUpdateMonitor: setKeyguardGoingAway( true -> false )
03-13 15:21:03.941  4205  4205 D KeyguardFingerprint: updateFingerprintListeningState#mFingerprintRunningState=0 shouldListenForFingerprint=false isUdfpsEnrolled=false bioType : 0
03-13 15:21:03.941  4205  4205 D KeyguardUpdateMonitor: updateBiometricListeningState()
03-13 15:21:03.941  4205  4205 D KeyguardFingerprint: updateFingerprintListeningState#mFingerprintRunningState=0 shouldListenForFingerprint=false isUdfpsEnrolled=false bioType : 0
03-13 15:21:03.941  4205  4205 D KeyguardViewMediator: handleMessage 17
03-13 15:21:03.941  4205  4205 D KeyguardViewMediator: handleNotifyStartedGoingToSleep
03-13 15:21:03.941  4205  4205 D KeyguardViewMediator: KeyguardViewMediator queue processing message: NOTIFY_STARTED_GOING_TO_SLEEP
03-13 15:21:03.941  3003  3065 D WindowManager: DeferredDisplayUpdater: applying DisplayInfo(748 x 720) immediately
03-13 15:21:03.941  4205  4362 D Tile.SoundModeTile: handleUpdateState: profile 0, muteAllSound false
03-13 15:21:03.941  5393  6882 I ScanManager: handleScreenOff()
03-13 15:21:03.941  5393  6882 I bt_shim_scanner: system/main/shim/le_scanning_manager.cc:151 Scan: in shim layer stopped
03-13 15:21:03.941  5393  5832 W bluetooth: system/gd/hci/le_scanning_manager.cc:716 scan: address_manager_registered_
03-13 15:21:03.942  5393  6882 W ScanManager: There is no scan radio to stop
03-13 15:21:03.942  5393  5832 W bluetooth: system/gd/hci/le_scanning_manager.cc:768 stop_scan: stop_scan
03-13 15:21:03.942  5393  6882 I bt_shim_scanner: system/main/shim/le_scanning_manager.cc:335 SetScanParameters: in shim layer, scannerId1m=3, scannerIdCoded=0
03-13 15:21:03.942  5393  6882 W bt_shim_scanner: system/main/shim/le_scanning_manager.cc:365 SetScanParameters: Set scan params scan_int_1m : 3120, scan_win_1m : 160, Duty : 5.13% | scan_int_coded : 0, scan_win_coded : 0, Duty : nan%
03-13 15:21:03.942  5393  5832 I bluetooth: system/gd/hci/le_address_manager.cc:278 unregister_client: Client unregistered
03-13 15:21:03.942  4205  4205 D BriefViewController: [BriefLog]_isScreenOn false
03-13 15:21:03.942  5393  6882 I bt_shim_scanner: system/main/shim/le_scanning_manager.cc:151 Scan: in shim layer started
03-13 15:21:03.942  5393  5832 I bluetooth: system/gd/hci/le_address_manager.cc:293 unregister_client: Cancelled address rotation alarm
03-13 15:21:03.942  3003  3065 V WindowManager: Content Recording: Display 1 state was (1), is now (1), so update recording?
03-13 15:21:03.942  1993  1993 D vendor.qti.bluetooth@1.1-ibs_handler: SerialClockVote: vote for UART CLK ON
03-13 15:21:03.942  6239  6239 I VRI[OnboardingActivity]@7b65a5f: onDisplayChanged oldDisplayState=1 newDisplayState=1
03-13 15:21:03.942  3003  3065 D BLASTSyncEngine: SyncGroup 7698:  Unfinished container: WindowToken{8004a5b type=2024 android.os.BinderProxy@d7bba75} mSyncState=2
03-13 15:21:03.943  3003  3911 D SensorService: setSContextDataLocked ints length 2 , byte length 4
03-13 15:21:03.943  3003  3911 D SensorService: setSContextDataLocked d20db4
03-13 15:21:03.943 25974 25974 I VRI[MainActivity]@a2b9825: onDisplayChanged oldDisplayState=2 newDisplayState=1
03-13 15:21:03.943  2022  2124 I HYPER-HAL: [RequestManager.cpp]acquire(): Acquired ID : 303747602  [2025 / 22621]    HINT :      list : [TID_LOW_LATENCY / 1] [TID / 4392] [TID / 4393] [TID / 4205] [TID / 4394] 
03-13 15:21:03.943  4205  4362 D SBluetoothTile:  handleUpdateState enabled = false connected = false connecting = false changedState =false bluetoothState = 10 enabledChanging = false state = QSTile$BooleanState[spec=Bluetooth,icon=ResourceIcon[resId=0x7f080f78],nextIcon=null,iconSupplier=null,label=Bluetooth,secondaryLabel=,contentDescription=Bluetooth,stateDescription=null,dualLabelContentDescription=null,expandedAccessibilityClassName=null,disabledByPolicy=false,dualTarget=true,isTransient=false,handlesSecondaryClick=false,state=1,sideViewCustomDrawable=null,tileClassName=null,value=false,forceExpandIcon=false]
03-13 15:21:03.944  1992 24238 I AHAL: AudioStream: out_update_source_metadata_v7: 1265: track count is 1
03-13 15:21:03.944  1992 24238 D AHAL: AudioStream: out_update_source_metadata_v7: 1310: Source metadata usage:1 content_type:0
03-13 15:21:03.944  1992 24238 D AHAL: AudioStream: SetAggregateSourceMetadata: 4666: Aggregated Source metadata usage:1 content_type:0
03-13 15:21:03.944  2007  2007 I sensors-hal: inject_sensor_data:407, handle 1502 send inject
03-13 15:21:03.944  2007  2007 I sensors-hal: sendContextData:290, sensor hal 4, (0xb4, 0xd, 0xd2, 0x0)
03-13 15:21:03.944  2007  2007 I sensors-hal: sendContextData:230, activities 4 b4, 1
03-13 15:21:03.944  2007  2007 I sensors-hal: sendUserData:251, Activities cmd 0xb4 0xd
03-13 15:21:03.944  2007  2007 I sensors-hal: sendUserData:258, Activities LCD off
03-13 15:21:03.944  2007  2007 I sensors-hal: create_send_context_data:80, sending create_send_context_data
03-13 15:21:03.944  2007  2007 I sensors-hal: send_context_data:694, activities, 4914309220830019584, 1320970896291267344, msgid:700
03-13 15:21:03.944  2007  2007 I sensors-hal: sendContextData:114, common_info 4
03-13 15:21:03.944  2007  2007 I sensors-hal: sendUserData:135, CommonInfo 0xb4 0xd 0xd2 0x0, 13835077864073988128
03-13 15:21:03.944  2007  2007 I sensors-hal: create_send_context_data:70, sending create_send_context_data
03-13 15:21:03.944  2007  2007 I sensors-hal: send_context_data:694, common_info, 4914309147815575552, 1320970896291267344, msgid:700
03-13 15:21:03.944 25974 25974 I VRI[EpisodePlayerActivity]@318cc87: onDisplayChanged oldDisplayState=2 newDisplayState=1
03-13 15:21:03.944  2092  2092 I SSC_DAEMON: handleSensorTestReqMsg:85, Sensor type :4, Msg type:15
03-13 15:21:03.944  2092  2092 I SSC_DAEMON: physicalSensorTestReqMsg:130, s:4, m:15
03-13 15:21:03.944  2007  3909 I sensors-hal: qsh_conn_resp_cb:930, resp_value = 0 for activities 
03-13 15:21:03.944  2007  3909 I sensors-hal: qsh_conn_resp_cb:930, resp_value = 0 for common_info 
03-13 15:21:03.944 16161 16161 I NearbyDiscovery: (REDACTED) FastPairDisplayObserver: %s -> %s
03-13 15:21:03.944  4205  4881 I VRI[ScreenDecorOverlayCover]@cddcdb0: onDisplayChanged oldDisplayState=1 newDisplayState=1
03-13 15:21:03.945  4205  4267 I VRI[ShellDropTarget]@a0b4a8f: onDisplayChanged oldDisplayState=2 newDisplayState=1
03-13 15:21:03.945  4205  4267 I VRI[View root of ReusableWindowDecorViewHost#0]@15d66b2: onDisplayChanged oldDisplayState=2 newDisplayState=1
03-13 15:21:03.945  4205  4267 I VRI[View root of ReusableWindowDecorViewHost#1]@d4195f3: onDisplayChanged oldDisplayState=2 newDisplayState=1
03-13 15:21:03.945 16161 17325 I NearbyDiscovery: (REDACTED) PureOffloadFastPairScanner: eventType=%s, isInternalReq=%s, isScanning=%s, isScanningAllowed=%s
03-13 15:21:03.945  3003  4866 D HintManagerService: SystemUI make new AppHintSession but force pause
03-13 15:21:03.946  2092  3859 I SSC_DAEMON: light_event_log:185, light_msg(4/15): lcd off - 0,-1,-1,0
03-13 15:21:03.946  4832  4832 I VRI[RecentsTransitionOverlay]@4784a59: onDisplayChanged oldDisplayState=2 newDisplayState=1
03-13 15:21:03.946  4832  4832 I VRI[LauncherActivity]@f209089: onDisplayChanged oldDisplayState=2 newDisplayState=1
03-13 15:21:03.946  4832  4832 I VRI[CocktailBarService]@5e29200: onDisplayChanged oldDisplayState=2 newDisplayState=1
03-13 15:21:03.946  4832  4832 I VRI[RecentsActivity]@5bc9119: onDisplayChanged oldDisplayState=2 newDisplayState=1
03-13 15:21:03.946  4360 27390 I MediaCodec: setCodecState state(1), called in 6, domain 1, 1
03-13 15:21:03.946  4205  4205 D NowBarController: [BriefLog]_do not updateRemoteNowBar: showing false
03-13 15:21:03.947  4205  4205 D SecLifecycle: wakefulness=3
03-13 15:21:03.947  4205  4205 D AODAmbientWallpaperHelper: isWonderLandAmbientWallpaper: isFolded=true, isMainWonderLandWallpaper=false, isSubWonderLandWallpaper=false
03-13 15:21:03.947  4205  4205 I AODAmbientWallpaperHelper: onStartedGoingToSleep isAODAmbientWallpaperMode=false
03-13 15:21:03.947  4205  4205 D AODAmbientWallpaperHelper: isWonderLandAmbientWallpaper: isFolded=true, isMainWonderLandWallpaper=false, isSubWonderLandWallpaper=false
03-13 15:21:03.947  4205  4205 D FaceWidgetViewModel: onStartedGoingToSleep()
03-13 15:21:03.947  4205  4205 D FaceWidgetWakefulnessLifecycle: onStartedGoingToSleep
03-13 15:21:03.947  4205  4205 D PluginFaceWidgetManager: shouldControlScreenOff() : false
03-13 15:21:03.947  4205  4205 I FaceWidgetClockPage: onStartedGoingToSleep: refresh clock
03-13 15:21:03.947  4205  4205 I DigitalVerticalClockView_LOCK_SCREEN_1@757: refresh : true
03-13 15:21:03.947  4832 32458 I HoneySpace.Memory-Monitor: current state = 1, didTrim = false
03-13 15:21:03.947  4832 32458 I HoneySpace.Memory-Monitor: onDisplayStateChanged lastChangedDisplayState = 1
03-13 15:21:03.947  4832 32458 I HoneySpace.Memory-Monitor: no default Display - 1
03-13 15:21:03.947  4832 32458 I HoneySpace.Memory-Monitor: current state = 1, didTrim = true
03-13 15:21:03.947  1993  1993 D vendor.qti.bluetooth@1.1-wake_lock: Acquire wakelock is acquired 
03-13 15:21:03.947  2105  2342 W qdgralloc: getInterlacedFlag: getMetaData returned 3, defaulting to interlaced_flag = 0
03-13 15:21:03.947  1993  1993 I vendor.qti.bluetooth@1.1-ibs_handler: DeviceWakeUp: Writing IBS_WAKE_IND
03-13 15:21:03.947  2092  2092 I SSC_DAEMON: handleSensorTestReqMsg:85, Sensor type :20, Msg type:15
03-13 15:21:03.947  2092  2092 I SSC_DAEMON: physicalSensorTestReqMsg:162, 0.algo_id:26, num:1
03-13 15:21:03.947  2022  2124 I HYPER-HAL: [RequestManager.cpp]acquire(): Acquired ID : 303747602  [2025 / 22621]    HINT :      list : [TID_LOW_LATENCY / 0] [TID / 4392] [TID / 4393] [TID / 4205] [TID / 4394] 
03-13 15:21:03.947  4832  6719 I HoneySpace.Memory-Monitor: cleanMemory count=1, needTrim=true, delayTime=30000
03-13 15:21:03.947  6380  6380 I SemMediaResourceHelper: onState
03-13 15:21:03.947  4360  4776 I SprWallpaper|FoldInteractive: resetFrame : onSeekComplete
03-13 15:21:03.947  4360  4776 I SprWallpaper|FoldInteractive: resetFrame : before release. elapsed=166
03-13 15:21:03.947  4360  4776 I SprWallpaper|VideoPlayer: release : needReset = true
03-13 15:21:03.947  4360 27390 I CCodec  : [c2.qti.hevc.decoder] state->set(RELEASING)
03-13 15:21:03.948  2007  3645 I sensors-hal: qsh_conn_event_cb:857, SCHED_FIFO(10) for qmi_cbk
03-13 15:21:03.948  2007  3645 I sensors-hal: qsh_conn_event_cb:890, event[0] sensor:Pocket mode  Wakeup, msg_id=715, ts=4931899274237
03-13 15:21:03.948  2007  3645 E libprotobuf-native: [libprotobuf ERROR external/protobuf/src/google/protobuf/message_lite.cc:133] Can't parse message of type "sns_std_sensor_event" because it is missing required fields: (cannot determine missing fields for lite message)
03-13 15:21:03.948 25974 26011 I TRuntime.CctTransportBackend: Making request to: https://firebaselogging-pa.googleapis.com/v1/firelog/legacy/batchlog
03-13 15:21:03.948 16161 32398 I NearbySharing: Screen is locked
03-13 15:21:03.948 16161 32398 I NearbySharing: Stopping scanning because the screen is locked.
03-13 15:21:03.948  4205  4205 I DigitalVerticalClockView_LOCK_SCREEN_1@757: onTimeChanged : [DateTimeInfo : date = Fri, March 13, hourMin = 03:21, hourMinSec = , hour = 03, minute = 21, amPm  = PM, colon = :, second = , timezone = null, isLeftOfAmPm = false, ttsDate = Friday, March 13], timeInMillis = 1773429663947
03-13 15:21:03.948  4205  4205 I DigitalVerticalClockView_LOCK_SCREEN_1@757: updatePaletteItemTransition : paletteItem = SOLID color : FFFAFAFF, animation = false, dozeAmount = 0.0
03-13 15:21:03.948  4205  4362 D DeviceState: isESIM() :0 : false
03-13 15:21:03.948  3003  3911 D SensorService: setSContextDataLocked ints length 3 , byte length 5
03-13 15:21:03.948  3003  3911 D SensorService: setSContextDataLocked 15130ec1
03-13 15:21:03.949  4205  4205 I DigitalVerticalClockView_LOCK_SCREEN_1@757: setDozing: true
03-13 15:21:03.949  4205  4205 I DigitalVerticalClockView_LOCK_SCREEN_1@757: onDozingChanged: 
03-13 15:21:03.949  4205  4205 I PaletteController: getPaletteItem = PALETTE_LOCK
03-13 15:21:03.949  4205  4205 I DigitalVerticalClockView_LOCK_SCREEN_1@757: getAdjustedAODColorItem: palette SOLID color : FFFAFAFF -> SOLID color : FFC8C8CC
03-13 15:21:03.949  4205  4205 I DigitalVerticalClockView_LOCK_SCREEN_1@757: updateBaseTargetPaletteItem: base=SOLID color : FFFAFAFF, target=SOLID color : FFC8C8CC
03-13 15:21:03.949  4205  4205 I AODDataSettings[8.0.6]:AODDataManager: onStartedGoingToSleep
03-13 15:21:03.949  4205  4205 I AODDataSettings[8.0.6]:AODDataManager: changeDisplay=DisplayImpl(type=SingleDisplay, orientation=Portrait, aodState=AodOnly)
03-13 15:21:03.949  4205  4205 I AODDataSettings[8.0.6]:AODDataManager: getCurrentSize() from windowConfig = 1080.0x2640.0
03-13 15:21:03.949  4205  4205 I DataStoreState: setDisplay : DisplayImpl(type=SingleDisplay, orientation=Portrait, aodState=AodOnly)
03-13 15:21:03.949  2007  2007 I sensors-hal: inject_sensor_data:407, handle 1502 send inject
03-13 15:21:03.949  2007  2007 I sensors-hal: sendContextData:290, sensor hal 5, (0xc1, 0xe, 0x13, 0x15)
03-13 15:21:03.949  2007  2007 I sensors-hal: sendContextData:230, activities 5 c1, 1
03-13 15:21:03.949  2007  2007 I sensors-hal: sendUserData:251, Activities cmd 0xc1 0xe
03-13 15:21:03.949  2007  2007 I sensors-hal: sendUserData:265, Activities system time h 19 m 21 s 3
03-13 15:21:03.949  2007  2007 I sensors-hal: create_send_context_data:80, sending create_send_context_data
03-13 15:21:03.949  4360 27422 I CCodec  : [release][3409] surface -> component
03-13 15:21:03.949  2007  2007 I sensors-hal: send_context_data:694, activities, 4914309220830019584, 1320970896291267344, msgid:700
03-13 15:21:03.949  4205  4205 D AodData[8.0.6]:LockScreenRemoteItemStoreImpl@146377173: onChangedEnv: SingleDisplay:Portrait:AodOnly::1080.0x2640.0
03-13 15:21:03.949  2007  2007 I sensors-hal: sendContextData:114, common_info 5
03-13 15:21:03.949  2007  2007 I sensors-hal: sendUserData:137, CommonInfo 0xc1 0xe 0x13 0x15
03-13 15:21:03.949  2007  2007 I sensors-hal: create_send_context_data:70, sending create_send_context_data
03-13 15:21:03.949  2007  2007 I sensors-hal: send_context_data:694, common_info, 4914309147815575552, 1320970896291267344, msgid:700
03-13 15:21:03.949  4205  4362 D DeviceState: isEuicc() :1 : true
03-13 15:21:03.949  4205  4362 D Tile.AirplaneModeTile:  handleUpdateState mIsWiFiOnlyDevice false isNoSimState true isPowerOffServiceState true mSetting.getValue() 0 isSatelliteModeOn false isChinaDevice false
03-13 15:21:03.949  4205  4362 D Tile.AirplaneModeTile:  handleUpdateState:  value = false, state = 1
03-13 15:21:03.949  4205  4205 I AodData[8.0.6]:LockScreenRemoteItemStoreImpl@146377173: refreshIdList: display=DisplayImpl(type=SingleDisplay, orientation=Portrait, aodState=AodOnly), profileId=, rootSize=null, forced=false
03-13 15:21:03.949  4205  4205 I AodData[8.0.6]:LockScreenRemoteItemStoreImpl@146377173: refreshIdList: launch - cur=DisplayImpl(type=SingleDisplay, orientation=Portrait, aodState=AodOnly) display=DisplayImpl(type=SingleDisplay, orientation=Portrait, aodState=AodOnly), profileId=, rootSize=1080.0x2640.0, forced=false, sizeChanged=false
03-13 15:21:03.949  2007  3909 I sensors-hal: qsh_conn_resp_cb:930, resp_value = 0 for activities 
03-13 15:21:03.949  2007  3909 I sensors-hal: qsh_conn_resp_cb:930, resp_value = 0 for common_info 
03-13 15:21:03.949  4205  4205 I AODDataSettings[8.0.6]:AODDataManager: getItem() clock:0:SingleDisplay:Portrait:LockScreenOnly:0
03-13 15:21:03.949  4205  4205 I KeyguardClockProvider: getLockClockItem: use LockScreenOnly item
03-13 15:21:03.949  4205  4205 I KeyguardClockProvider: clockItem changed ClockItemImpl(id=clock:0:SingleDisplay:Portrait:AodOnly:, width=DirectionDimensionImpl(value=0.0, type=WRAP_CONTENT, isHorizontal=true), height=DirectionDimensionImpl(value=0.0, type=WRAP_CONTENT, isHorizontal=false), x=RelativeAreaDimensionXImpl(value=0.0, type=PERCENT, locatedAt=Center, left=DirectionDimensionImpl(value=0.06759259, type=PERCENT, isHorizontal=true), right=DirectionDimensionImpl(value=0.9324074, type=PERCENT, isHorizontal=true)), y=RelativeAreaDimensionYImpl(value=1.171632, type=PERCENT, locatedAt=Bottom, top=DirectionDimensionImpl(value=0.10037879, type=PERCENT, isHorizontal=false), bottom=DirectionDimensionImpl(value=0.6852273, type=PERCENT, isHorizontal=false)), scaleX=1.0, scaleY=1.0, isEnabled=true, clockType=1, font=FontImpl(presetFontIndex=0, fontPath=null, fontWeight=700, fontRoundedCorners=20, fontHeights=[], fontStretchEnabled=false), color=ClockPresetColorImpl(presetIndex=0), isShowWeather=false, isShowDateFirst=false, isDefaultPosition=true, cityClockList=, themeClock=ThemeClockImpl(themeName=, trialThemeName=null), showNotiBelowClock=true)
03-13 15:21:03.949  4205  4205 I KeyguardClockProvider: updateClockScale: scale=1.0
03-13 15:21:03.949  4205  4205 I FaceWidgetClockRoamManager: shouldShowDualClock() isRoamingClockEnabled=true, isEasyModeEnabled=false, mIsNetworkRoaming=false
03-13 15:21:03.949  2053 27400 I QC2CompStore: Setting heap usage to system
03-13 15:21:03.949  4205  4205 I DigitalVerticalClockView_LOCK_SCREEN_1@292: forceRefresh : false millis : [2026-03-13 15:21:03]
03-13 15:21:03.949  2092  3859 I SSC_DAEMON: pocketModeOptionDefineEvent:23, 2
03-13 15:21:03.950  2094 10174 D AudioFlinger: setParameters: filtered dev setParameters keyvalue screen_state=off
03-13 15:21:03.950 16161 17325 I NearbyDiscovery: (REDACTED) ApFastPairScanner: isScreenOn=%s, isLocationEnabled=%s, disableLocationRequirement=%s, isDiscoveryScanningEnabled=%s, during24GhzWifiWarmingUpPeriod=%s
03-13 15:21:03.950  3003  3911 D SensorService: setSContextDataLocked ints length 2 , byte length 4
03-13 15:21:03.950  3003  3911 D SensorService: setSContextDataLocked 47c1
03-13 15:21:03.950  3003  3911 I SensorService: [EARPROXIMITY] EarProximitySensor2 screen 0
03-13 15:21:03.950  2007  2007 I sensors-hal: inject_sensor_data:407, handle 1502 send inject
03-13 15:21:03.950  2007  2007 I sensors-hal: sendContextData:290, sensor hal 4, (0xc1, 0x47, 0x0, 0x0)
03-13 15:21:03.950  2007  2007 I sensors-hal: sendContextData:230, activities 4 c1, 1
03-13 15:21:03.950  2007  2007 I sensors-hal: sendUserData:251, Activities cmd 0xc1 0x47
03-13 15:21:03.950  2007  2007 I sensors-hal: create_send_context_data:80, sending create_send_context_data
03-13 15:21:03.950  2007  2007 I sensors-hal: send_context_data:694, activities, 4914309220830019584, 1320970896291267344, msgid:700
03-13 15:21:03.950  2007  2007 I sensors-hal: sendContextData:114, common_info 4
03-13 15:21:03.950  2007  2007 I sensors-hal: sendUserData:137, CommonInfo 0xc1 0x47 0x0 0x0
03-13 15:21:03.950  2007  2007 I sensors-hal: create_send_context_data:70, sending create_send_context_data
03-13 15:21:03.950  2007  2007 I sensors-hal: send_context_data:694, common_info, 4914309147815575552, 1320970896291267344, msgid:700
03-13 15:21:03.950  2007  2007 I sensors-hal: write_algo_lcd_onoff_state:196, algo_lcd_onoff : 0x0
03-13 15:21:03.950  2092  2092 I SSC_DAEMON: handleSensorTestReqMsg:85, Sensor type :20, Msg type:15
03-13 15:21:03.950  2092  2092 I SSC_DAEMON: physicalSensorTestReqMsg:162, 0.algo_id:26, num:1
03-13 15:21:03.950  1992 24238 D AHAL: AudioDevice: SetParameters: 1865: enter
03-13 15:21:03.950 16161 32398 I NearbySharing: Stopping Fast Init advertisement because Bluetooth is off.
03-13 15:21:03.950  1992 24238 D AHAL: AudioVoice: VoiceSetParameters: 200: Enter
03-13 15:21:03.950  1992 24238 D AHAL: AudioVoice: VoiceSetParameters: 479: Exit ret: 0
03-13 15:21:03.950  1992 24238 D AHAL: hfp: hfp_set_parameters: 444: enter
03-13 15:21:03.950 16161 32398 I NearbySharing: Stopping advertising because Bluetooth is disabled.
03-13 15:21:03.950  1992 24238 D AHAL: AudioDevice: SetParameters: 1948:  - screen = off
03-13 15:21:03.950 16161 32398 I NearbySharing: Stopping FastInitiation scanning because the screen is locked.
03-13 15:21:03.950  1992 24238 I PAL: ResourceManager: setParameter: 10683: Screen State:0
03-13 15:21:03.950  1992 24238 D AHAL: AudioDevice: SetParameters: 2798: exit: screen_state=off
03-13 15:21:03.950 16161 32398 D BluetoothAdapter: isLeEnabled(): BLE_ON
03-13 15:21:03.950 16161 32398 D BluetoothLeScanner: Stop Scan with callback
03-13 15:21:03.950  2007  3909 I sensors-hal: qsh_conn_resp_cb:930, resp_value = 0 for activities 
03-13 15:21:03.951  4205  4205 I DigitalVerticalClockView_LOCK_SCREEN_1@292: onTimeChanged : [DateTimeInfo : date = Fri, March 13, hourMin = 03:21, hourMinSec = , hour = 03, minute = 21, amPm  = PM, colon = :, second = , timezone = null, isLeftOfAmPm = false, ttsDate = Friday, March 13], timeInMillis = 1773429663949
03-13 15:21:03.951  4205  4205 I DigitalVerticalClockView_LOCK_SCREEN_1@292: updatePaletteItemTransition : paletteItem = SOLID color : FFFAFAFF, animation = false, dozeAmount = 0.0
03-13 15:21:03.951  4205  4205 I KeyguardClockProvider: measuredClockSize: (334.0, 540.0) 
03-13 15:21:03.951  4205  4205 I DisplayValues: initValues currentWidth 1080 currentHeight = 2640
03-13 15:21:03.951  4205  4205 I AODDataSettings[8.0.6]:AODDataManager: getItem() clock:0:SingleDisplay:Portrait:LockScreenOnly:0
03-13 15:21:03.951  4205  4205 I KeyguardClockPositionManager: getLockClockItem: use LockScreenOnly item
03-13 15:21:03.951  4205  4205 D KeyguardClockPositionManager: clockItem changed - 1080.0x2640.0, item = ClockItemImpl(id=clock:0:SingleDisplay:Portrait:LockScreenOnly:, width=DirectionDimensionImpl(value=0.0, type=WRAP_CONTENT, isHorizontal=true), height=DirectionDimensionImpl(value=0.0, type=WRAP_CONTENT, isHorizontal=false), x=RelativeAreaDimensionXImpl(value=0.0, type=PERCENT, locatedAt=Center, left=DirectionDimensionImpl(value=0.06759259, type=PERCENT, isHorizontal=true), right=DirectionDimensionImpl(value=0.9324074, type=PERCENT, isHorizontal=true)), y=RelativeAreaDimensionYImpl(value=1.171632, type=PERCENT, locatedAt=Bottom, top=DirectionDimensionImpl(value=0.10037879, type=PERCENT, isHorizontal=false), bottom=DirectionDimensionImpl(value=0.6852273, type=PERCENT, isHorizontal=false)), scaleX=1.0, scaleY=1.0, isEnabled=true, clockType=1, font=FontImpl(presetFontIndex=0, fontPath=null, fontWeight=700, fontRoundedCorners=20, fontHeights=[], fontStretchEnabled=false), color=ClockPresetColorImpl(presetIndex=0), isShowWeather=false, isShowDateFirst=false, isDefaultPosition=true, cityClockList=, themeClock=ThemeClockImpl(themeName=, trialThemeName=null), showNotiBelowClock=true)
03-13 15:21:03.951  3003  3910 I CAE     : handleMessage(CaPowerManager.java:240) - SCREEN_OFF
03-13 15:21:03.951  2007  3909 I sensors-hal: qsh_conn_resp_cb:930, resp_value = 0 for common_info 
03-13 15:21:03.951 16161 17325 D BluetoothAdapter: isLeEnabled(): BLE_ON
03-13 15:21:03.951  4205  4205 E AbsSettings: refreshInner: refreshedSettingsDBItem key enabled_complication_widgets_id_list val = 
03-13 15:21:03.951 16161 17325 I NearbyDiscovery: (REDACTED) ApFastPairScanner: eventType=%s, intReq=%s, scanning=%s, scanAllowed=%s, bleEnabled=%s, lockScanRate=%s, startScanningByLowPowerMode=%s
03-13 15:21:03.951  4205  4205 I KeyguardClockPositionManager: getClockMovableArea: ClockMovableAreaFactor(hasWidget=false, hasNotification=false, widgetAlignType=Default, rotation=0, isMainScreen=false, showNotiCardBelowClock=true, orientation=1)
03-13 15:21:03.951 16161 17325 I NearbyDiscovery: (REDACTED) ApFastPairScanner: Stopping scan, %s
03-13 15:21:03.951  4205  4205 I KeyguardClockProvider: updateClockScale: scale=1.0
03-13 15:21:03.951 16161 17325 D BluetoothAdapter: isLeEnabled(): BLE_ON
03-13 15:21:03.951  4205  4205 I FaceWidgetClockRoamManager: shouldShowDualClock() isRoamingClockEnabled=true, isEasyModeEnabled=false, mIsNetworkRoaming=false
03-13 15:21:03.951 16161 17325 D BluetoothLeScanner: Stop Scan with callback
03-13 15:21:03.951  4205  4205 I DigitalVerticalClockView_LOCK_SCREEN_1@292: forceRefresh : false millis : [2026-03-13 15:21:03]
03-13 15:21:03.952  4205  4205 I DigitalVerticalClockView_LOCK_SCREEN_1@292: onTimeChanged : [DateTimeInfo : date = Fri, March 13, hourMin = 03:21, hourMinSec = , hour = 03, minute = 21, amPm  = PM, colon = :, second = , timezone = null, isLeftOfAmPm = false, ttsDate = Friday, March 13], timeInMillis = 1773429663951
03-13 15:21:03.952  4205  4205 I DigitalVerticalClockView_LOCK_SCREEN_1@292: updatePaletteItemTransition : paletteItem = SOLID color : FFFAFAFF, animation = false, dozeAmount = 0.0
03-13 15:21:03.952  2092  3859 I SSC_DAEMON: pocketModeOptionDefineEvent:23, 1
03-13 15:21:03.952  1993  6685 I vendor.qti.bluetooth@1.1-ibs_handler: ProcessIbsCmd: Received IBS_WAKE_ACK: 0xFC
03-13 15:21:03.952  4205  4205 I KeyguardClockProvider: measuredClockSize: (334.0, 540.0) 
03-13 15:21:03.952  1993  6685 I vendor.qti.bluetooth@1.1-ibs_handler: ProcessIbsCmd: Signal wack_cond_
03-13 15:21:03.952  4205  4205 I DisplayValues: initValues currentWidth 1080 currentHeight = 2640
03-13 15:21:03.952  1993  1993 D vendor.qti.bluetooth@1.1-ibs_handler: DeviceWakeUp: Unblocked from waiting for FC, pthread_cond_timedwait ret = 0
03-13 15:21:03.952  4205  4205 I AodData[8.0.6]:DefaultGetImpl@231886450: request data show_noti_below_clock
03-13 15:21:03.952  4205  4205 D AodData[8.0.6]:ProfileDataMediator@56225404: getProfile ()
03-13 15:21:03.952  4205  4205 D AodData[8.0.6]:ProfileDataMediator@56225404: Return stored value (0)  null
03-13 15:21:03.952  4205  4205 D AodData[8.0.6]:ProfileDataMediator@56225404: Return default profile (0)
03-13 15:21:03.952  4205  4205 D AodData[8.0.6]:AodDataProvider@150579380: call: primary result - aod-get, show_noti_below_clock, [result]
03-13 15:21:03.952  4205  4205 I AODDataSettings[8.0.6]:AODDataManager: showNotiCardBelowClock changed to true
03-13 15:21:03.952  5393  5832 I bluetooth: system/gd/hci/le_scanning_manager.cc:765 stop_scan: Scanning already stopped, return!
03-13 15:21:03.952  5393  5832 W bluetooth: system/gd/hci/le_scanning_manager.cc:732 start_scan: start_scan
03-13 15:21:03.952  5393  5832 W bluetooth: system/gd/hci/le_scanning_manager.cc:735 start_scan: Register address manager
03-13 15:21:03.952  5393  5832 I bluetooth: system/gd/hci/le_address_manager.cc:581 GetNextPrivateAddressIntervalRange: client=LeAddressManager, nonwake=7m31s, wake=13m39s
03-13 15:21:03.952  5393  5832 I bluetooth: system/gd/hci/le_address_manager.cc:259 register_client: Scheduled address rotation for first client registered
03-13 15:21:03.952  5393  5832 I bluetooth: system/gd/hci/le_address_manager.cc:263 register_client: Client registered
03-13 15:21:03.952  4205  4205 I AODDataSettings[8.0.6]:AODDataManager: set last notified widget data: ComplicationWidgetsImpl(id=complication_widget:0:SingleDisplay:Portrait:AodOnly:, width=DirectionDimensionImpl(value=0.0, type=WRAP_CONTENT, isHorizontal=true), height=DirectionDimensionImpl(value=0.0, type=WRAP_CONTENT, isHorizontal=false), x=DefaultDimensionImpl(value=0.0, type=PX, isHorizontal=true), y=DirectionDimensionImpl(value=0.0, type=PX, isHorizontal=false), isEnabled=true, widgets=[], widgetListRawData=)
03-13 15:21:03.952  4205  4205 I DataStoreState: setRootSize : 1080.0x2640.0
03-13 15:21:03.952  4205  4205 I FaceWidgetClockRoamManager: shouldShowDualClock() isRoamingClockEnabled=true, isEasyModeEnabled=false, mIsNetworkRoaming=false
03-13 15:21:03.952  2007  3645 I sensors-hal: qsh_conn_event_cb:890, event[0] sensor:Pocket mode  Wakeup, msg_id=715, ts=4931899342215
03-13 15:21:03.952  2007  3645 E libprotobuf-native: [libprotobuf ERROR external/protobuf/src/google/protobuf/message_lite.cc:133] Can't parse message of type "sns_std_sensor_event" because it is missing required fields: (cannot determine missing fields for lite message)
03-13 15:21:03.952  4205  4205 I AODThemeSettingsHelper: getAODSelectedThemeClock = 0
03-13 15:21:03.952  4205  4205 I FaceWidgetViewModel: updateIsAODThemeClock: false
03-13 15:21:03.952  4205  4205 D FaceWidgetMusicPageShownManager: mCurrentMediaData is NULL
03-13 15:21:03.952  4205  4205 D FaceWidgetMusicPageShownManager: updateMusicPageShownState() show = false, reattach = false, reason = sleep
03-13 15:21:03.952  4205  4205 D FaceWidgetMusicPageShownManager: skip to show media panel
03-13 15:21:03.952  4205  4205 D DozeServiceHost: updateDozing dozing = false / dozingRequested = false / state = SHADE mode = 0
03-13 15:21:03.952  4205  4205 D LockscreenNotificationIconsOnlyController: mWakefulnessObserver onStartedGoingToSleep 
03-13 15:21:03.952  4205  4205 D S.S.N.  :  onStartedGoingToSleep
03-13 15:21:03.953  4205  4205 I CentralSurfaces: updateRevealEffect: wakingUp=false wakingUpFromPowerButton=false sleepingFromPowerButton=false wakingUpFromDoubleTap=false sleepingFromDoubleTap=false
03-13 15:21:03.953  4205  4205 D QuickPanelLog: NPVC | setTouchAndAnimationDisabled: false -> true
03-13 15:21:03.953  4205  4205 D QuickPanelLog:  - com.android.systemui.shade.NotificationPanelViewController.setTouchAndAnimationDisabled:30
03-13 15:21:03.953  4205  4205 D QuickPanelLog:  - com.android.systemui.statusbar.phone.CentralSurfacesImpl.updateNotificationPanelTouchState:91
03-13 15:21:03.953  4205  4205 D QuickPanelLog:  - com.android.systemui.statusbar.phone.CentralSurfacesImpl$9.onStartedGoingToSleep:17
03-13 15:21:03.953  4205  4205 D QuickPanelLog:  - com.android.systemui.keyguard.WakefulnessLifecycle$$ExternalSyntheticLambda0.accept:8
03-13 15:21:03.953  4205  4205 D QuickPanelLog:  - com.android.systemui.keyguard.SecLifecycle.dispatch:170
03-13 15:21:03.953  4205  4205 D QuickPanelLog:  - com.android.systemui.keyguard.KeyguardLifecyclesDispatcher$KeyguardLifecycleHandler.handleMessage:145
03-13 15:21:03.953  4205  4205 D QuickPanelLog:  - android.os.Handler.dispatchMessage:110
03-13 15:21:03.953  4205  4205 D QuickPanelLog:  - android.os.Looper.loopOnce:273
03-13 15:21:03.953  4205  4205 D QuickPanelLog:  - android.os.Looper.loop:363
03-13 15:21:03.953  4205  4205 D QuickPanelLog:  - android.app.ActivityThread.main:10060
03-13 15:21:03.953  4205  4205 D KeyguardEditModeController: onStartedGoingToSleep
03-13 15:21:03.953  4205  4205 D KeyguardEditModeAnimatorController: startCancelAnimation
03-13 15:21:03.953  4205  4205 D KeyguardEditModeAnimatorController: startCancelAnimation : is not keyguard state
03-13 15:21:03.953  4205  4205 D KeyguardEditModeAnimatorController: resetViews
03-13 15:21:03.953  4205  4205 D KeyguardEditModeController: cancel() true
03-13 15:21:03.953  4205  4205 I SubLauncher:SubLauncherPluginImpl@102487053: onStartedGoingToSleep
03-13 15:21:03.953  4205  4205 I SubLauncher:SubLauncherStateManager@232606011: setScreenOff: screenOn=true -> false
03-13 15:21:03.953  4205  4205 I SubLauncher:SubLauncherSeamlessAOD@129222420: onStartedGoingToSleepOnCover
03-13 15:21:03.953  4205  4205 D PluginAODManager: shouldControlScreenOff() : false
03-13 15:21:03.953  4205  4205 I SubLauncher:SubLauncherStateManager@232606011: setAODVisibleState: INITIALIZED -> INVISIBLE
03-13 15:21:03.953  4205  4205 I SubLauncher:SubScreenCallbackRepositoryImpl@195824573: setAODVisibleState: state=INVISIBLE
03-13 15:21:03.953  4205  4205 D KeyguardWallpaperController: setAODVisibleState: state=0
03-13 15:21:03.953  4205  4362 D Tile.MobileDataTile: handleUpdateState : state false
03-13 15:21:03.953  4832 32443 I HoneySpace.SystemUiRepository: systemUiFlags: overview_disabled|home_disabled|navbar_hidden|allow_gesture|back_disabled|wakefulness_transition
03-13 15:21:03.953  4205  4362 E SecQSPanelResourcePickHelper: need to prepare suitable picker for COVER
03-13 15:21:03.953  4205  4205 I SubLauncher:SubLauncherNowBarController@192055129: isExpandedCardState false -> false
03-13 15:21:03.953  4205  4205 I SubLauncher:SubLauncherStateManager@232606011: setNowBarCardClicked: false -> false
03-13 15:21:03.953  4205  4205 I SubLauncher:SubLauncherNowBarExternalViewCardView@43300960: closeSettingViewIfNeeded isSettingViewOpened false noAnimation false
03-13 15:21:03.953  4205  4205 I SubLauncher:SubLauncherNowBarController@192055129: onSettingViewVisibilityChanged visible = false / isExpandedCardState = false
03-13 15:21:03.953  4205  4205 I SubLauncher:SubLauncherStateManager@232606011: setNowBarSettingsViewVisibility: false -> false
03-13 15:21:03.953  4205  4205 I SubLauncher:SubLauncherNowBarController@192055129: updateExpandedClickPanelVisibility expanded false isTopCardSettingViewOpened = false
03-13 15:21:03.953  4205  4205 I SubLauncher:SubLauncherNowBarCardStackView@249169805: updateCardVisibilityBySettingView isExpandedCardState = false  / settingViewOpened false isExpandVIStarted false
03-13 15:21:03.953  4205  4205 I SubLauncherNowBarCardStackView: startAiCardEffect needToHide = true
03-13 15:21:03.953  4205  4205 I NowBarGuidingEffect: hide effectLeftShortCut null effectNowBarCenterView null effectRightShortCut null centerCardView null
03-13 15:21:03.953  4205  4205 I SubLauncher:SubLauncherNowBarCardStackView@249169805: updateVisibilityForExpandedDepthOrder false
03-13 15:21:03.953  4205  4205 I SubLauncher:SubLauncherNowBarController@192055129: focusIndex 1 defaultIndex 1 
03-13 15:21:03.953  4205  4205 I SubLauncher:SubLauncherNowBarViewModel@69805067: needToStartStandAloneChargingVI chargingVICardItem = null screenOn = false isActivityResumed = false isDefaultPage = true isAODShowState = false isFolderClosed = true
03-13 15:21:03.953  4205  4205 I SubLauncher:SubLauncherNowBarViewModel@69805067: startStandAloneChargingVINowBar start = false
03-13 15:21:03.953  4205  4205 I SubLauncher:SubLauncherNowBarViewModel@69805067: detachNowBarFromTopWindow null
03-13 15:21:03.953  4205  4205 D SubscreenFlashLightController: onStartedGoingToSleep 13
03-13 15:21:03.953  4205  4205 I KeyguardTransitionRepository: STARTED transition: TransitionStep(from=GONE, to=DOZING, value=0.0, transitionState=STARTED, ownerName=FromGoneTransitionInteractor(Sleep transition triggered))
03-13 15:21:03.954  4205  4362 E SecQSPanelResourcePickHelper: need to prepare suitable picker for COVER
03-13 15:21:03.954  4205  4205 I LockscreenNotificationIconsOnlyController: onNotificationInfoUpdated 0
03-13 15:21:03.954  4205  4362 D Tile.DndTile: handleUpdateState zen 0  state = QSTile$BooleanState[spec=Dnd,icon=ResourceIcon[resId=0x7f080f7d],nextIcon=null,iconSupplier=null,label=Do not disturb,secondaryLabel=null,contentDescription=null,stateDescription=null,dualLabelContentDescription=null,expandedAccessibilityClassName=null,disabledByPolicy=false,dualTarget=true,isTransient=false,handlesSecondaryClick=false,state=1,sideViewCustomDrawable=null,tileClassName=null,value=false,forceExpandIcon=false]
03-13 15:21:03.954  4205  4205 I AODNotificationManager: subLauncherUpdateNotification() 
03-13 15:21:03.954  4205  4205 D PluginAODManager: onNotificationInfoUpdated() 0
03-13 15:21:03.954  1993  6685 I vendor.qti.bluetooth@1.1-ibs_handler: ProcessIbsCmd: Received IBS_WAKE_IND: 0xFD
03-13 15:21:03.954  4205  4205 I AODNotificationManager: updateVisibleNotifications: 0
03-13 15:21:03.954  1993  6685 I vendor.qti.bluetooth@1.1-ibs_handler: ProcessIbsCmd: Writing IBS_WAKE_ACK
03-13 15:21:03.954  4205  4205 D FaceWidgetWallpaperUtilsWrapper: updateStyle: updateFlag = [ | | | STATUSBAR BODY_TOP BODY_MID BODY_BOTTOM NAVIBAR BACKGROUND | SHADOW ], colors = Rect(31, 19 - 716, 48)[1] Rect(261, 150 - 484, 490)[1] Rect(350, 12 - 397, 57)[1] Rect(631, 556 - 711, 637)[1] Rect(42, 652 - 308, 718)[1] Rect(0, 0 - 748, 718)[1] 
03-13 15:21:03.954  4205  4205 I SubLauncher:BouncerViewController@120397705: set fontColor with isBlackWallpaper
03-13 15:21:03.954  4205  4205 D FaceWidgetWallpaperUtilsWrapper: updateStyle: updateFlag = [ | | | STATUSBAR BODY_TOP BODY_MID BODY_BOTTOM NAVIBAR BACKGROUND | SHADOW ], colors = Rect(31, 19 - 716, 48)[1] Rect(261, 150 - 484, 490)[1] Rect(350, 12 - 397, 57)[1] Rect(631, 556 - 711, 637)[1] Rect(42, 652 - 308, 718)[1] Rect(0, 0 - 748, 718)[1] 
03-13 15:21:03.954  4205  4205 I SubLauncher:SubLauncherShortcutController@221946527: get fontColorType from Wallpaper Rect(31, 19 - 716, 48)[1] Rect(261, 150 - 484, 490)[1] Rect(350, 12 - 397, 57)[1] Rect(631, 556 - 711, 637)[1] Rect(42, 652 - 308, 718)[1] Rect(0, 0 - 748, 718)[1] 
03-13 15:21:03.954  4205  4205 I SubLauncher:SubLauncherShortcutController@221946527: shortcutFontColorType : BLACK
03-13 15:21:03.954  4205  4205 D FaceWidgetWallpaperUtilsWrapper: updateStyle: updateFlag = [ | | | STATUSBAR BODY_TOP BODY_MID BODY_BOTTOM NAVIBAR BACKGROUND | SHADOW ], colors = Rect(31, 19 - 716, 48)[1] Rect(261, 150 - 484, 490)[1] Rect(350, 12 - 397, 57)[1] Rect(631, 556 - 711, 637)[1] Rect(42, 652 - 308, 718)[1] Rect(0, 0 - 748, 718)[1] 
03-13 15:21:03.954  4205  4205 I SubLauncher:SubLauncherClockColorManager@150858901: updateStyle [version:22, which:17, adaptive dim:0.0/0, darkmode dim:0.25]
03-13 15:21:03.954  4205  4205 I SubLauncher:SubLauncherClockColorManager@150858901: 	[SeedColors, [-70198]]
03-13 15:21:03.954  4205  4205 I SubLauncher:SubLauncherClockColorManager@150858901: 	[STATUSBAR, Rect(31, 19 - 716, 48):1/ff000000/1.0/0.1, 0.0/0.0/0.0]
03-13 15:21:03.954  4205  4205 I SubLauncher:SubLauncherClockColorManager@150858901: 	[BODY_TOP, Rect(261, 150 - 484, 490):1/ff4e4e4e/2.0004/0.30007502, 37.627117/0.23694779/0.9764706]
03-13 15:21:03.954  4205  4205 I SubLauncher:SubLauncherClockColorManager@150858901: 	[BODY_MID, Rect(350, 12 - 397, 57):1/ff525252/2.0004/0.30007502, 40.8/0.19607843/1.0]
03-13 15:21:03.954  4205  4205 I SubLauncher:SubLauncherClockColorManager@150858901: 	[BODY_BOTTOM, Rect(631, 556 - 711, 637):1/ff343434/3.3315673/0.54966885, 31.8/0.4784689/0.81960785]
03-13 15:21:03.954  4205  4205 I SubLauncher:SubLauncherClockColorManager@150858901: 	[NAVIBAR, Rect(42, 652 - 308, 718):1/ff525252/2.0004/0.30007502, 42.352943/0.2007874/0.99607843]
03-13 15:21:03.954  4205  4205 I SubLauncher:SubLauncherClockColorManager@150858901: 	[BACKGROUND, Rect(0, 0 - 748, 718):1/ff464646/2.1101708/0.32065704, 34.411766/0.28691983/0.92941177]
03-13 15:21:03.954  4205  4205 I SubLauncher:SubLauncherClockColorManager@150858901: color set changed 10, adap = false, custom = -11654621, fontColorType=1
03-13 15:21:03.954  4205  4205 I SubLauncher:SubLauncherClockColorManager@150858901: setClockColor() 10
03-13 15:21:03.954  4205  4205 I ModuleClockView_SUB_LAUNCHER_1@80: setFontColorType: 1
03-13 15:21:03.954  4205  4205 I ModuleClockView_SUB_LAUNCHER_1@80: refreshColor: Custom
03-13 15:21:03.954  4205  4205 I ModuleClockView_SUB_LAUNCHER_1@80: updateBaseTargetPaletteItem: base=SOLID color : FF4E2A23, target=SOLID color : FFCCA8A1
03-13 15:21:03.954  4205  4205 I ModuleClockView_SUB_LAUNCHER_1@80: setCustomColorInternal : color = #ff4e2a23 > #ff4e2a23, mIsWhiteWallpaper = true
03-13 15:21:03.954  4205  4205 I DigitalVerticalClockView_SUB_LAUNCHER_1@57: setFontColorType: 1
03-13 15:21:03.954  4205  4205 I DigitalVerticalClockView_SUB_LAUNCHER_1@57: refreshColor: Custom
03-13 15:21:03.954  4205  4205 I DigitalVerticalClockView_SUB_LAUNCHER_1@57: updateBaseTargetPaletteItem: base=SOLID color : FF4E2A23, target=SOLID color : FFCCA8A1
03-13 15:21:03.954  4205  4205 I DigitalVerticalClockView_SUB_LAUNCHER_1@57: setCustomColorInternal : color = #ff4e2a23 > #ff4e2a23, mIsWhiteWallpaper = true
03-13 15:21:03.954  4205  4205 I ModuleClockView_SUB_LAUNCHER_1@80: setCustomColor : color = -11654621
03-13 15:21:03.954  4205  4205 I ModuleClockView_SUB_LAUNCHER_1@80: updateBaseTargetPaletteItem: base=SOLID color : FF4E2A23, target=SOLID color : FFCCA8A1
03-13 15:21:03.954  4205  4205 I ModuleClockView_SUB_LAUNCHER_1@80: setCustomColorInternal : color = #ff4e2a23 > #ff4e2a23, mIsWhiteWallpaper = true
03-13 15:21:03.954  4205  4205 I DigitalVerticalClockView_SUB_LAUNCHER_1@57: setCustomColor : color = -11654621
03-13 15:21:03.954  4205  4205 I DigitalVerticalClockView_SUB_LAUNCHER_1@57: updateBaseTargetPaletteItem: base=SOLID color : FF4E2A23, target=SOLID color : FFCCA8A1
03-13 15:21:03.954  4205  4205 I DigitalVerticalClockView_SUB_LAUNCHER_1@57: setCustomColorInternal : color = #ff4e2a23 > #ff4e2a23, mIsWhiteWallpaper = true
03-13 15:21:03.954  4205  4205 I SubLauncher:SubLauncherStateManager@232606011: setClockShadowStyle: [ShadowStyle: shadowRadius = 0.0, shadowDx = 0.0, shadowDy = 0.0, shadowColor = 0] -> [ShadowStyle: shadowRadius = 0.0, shadowDx = 0.0, shadowDy = 0.0, shadowColor = 0]
03-13 15:21:03.954  4205  4205 I SubLauncher:SubLauncherClockColorManager@150858901: clock color = #ff4e2a23
