03-13 15:19:07.550  3003  3740 W qdgralloc: getInterlacedFlag: getMetaData returned 3, defaulting to interlaced_flag = 0
03-13 15:19:07.554  3003  5506 D MARs:ActiveTrafficFilter: filter : com.costco.app.android(0)
03-13 15:19:07.554  3003  5506 D FreecessHandler: freeze com.costco.app.android(10348) result : 8
03-13 15:19:07.554  2022  2124 I HYPER-HAL: [RequestManager.cpp]acquire(): Acquired ID : 301435155  [2025 / 22527]    HINT :      list : [TID_LOW_LATENCY / 1] [TID / 3738] [TID / 3739] [TID / 3067] [TID / 3740] 
03-13 15:19:07.554  3003  5506 I NSLocationMonitor: getGPSUsingApps() called
03-13 15:19:07.554  5490 16804 I NSLocationManager_FLP: getGPSUsingApps, No change
03-13 15:19:07.555  2053 22854 I QC2CompStore: Setting heap usage to system
03-13 15:19:07.556  4360 22846 I MediaCodec: setCodecState state(0), called in 6, domain 1, 1
03-13 15:19:07.557  4360  4776 I SprWallpaper|FoldInteractive: resetFrame : onSeekReady
03-13 15:19:07.557  4360  4776 I SprWallpaper|FoldInteractive: seekTo: frame[0], time[0]
03-13 15:19:07.557  6380  6380 I SemMediaResourceHelper: onState
03-13 15:19:07.559  3003  3740 D HWUI    : CFMS:: SetUp Pid : 3003    Tid : 3740
03-13 15:19:07.559  3003  5506 D MARs:ActiveTrafficFilter: filter : com.einnovation.temu(0)
03-13 15:19:07.559  3003  5506 D FreecessHandler: freeze com.einnovation.temu(10350) result : 8
03-13 15:19:07.559  3003  5506 I NSLocationMonitor: getGPSUsingApps() called
03-13 15:19:07.559  5490 16804 I NSLocationManager_FLP: getGPSUsingApps, No change
03-13 15:19:07.559  3003  3740 D HWUI    : CacheManager::trimMemory(20)
03-13 15:19:07.561  3003  3740 D HWUI    : CacheManager::trimMemory(20)
03-13 15:19:07.561  3003  5506 D MARs:ActiveTrafficFilter: filter : com.nike.omega(0)
03-13 15:19:07.561  3003  5506 D FreecessHandler: freeze com.nike.omega(10354) result : 8
03-13 15:19:07.562  3003  5506 I NSLocationMonitor: getGPSUsingApps() called
03-13 15:19:07.562  5490 16804 I NSLocationManager_FLP: getGPSUsingApps, No change
03-13 15:19:07.563  2022  2124 I HYPER-HAL: [RequestManager.cpp]acquire(): Acquired ID : 301435155  [2025 / 22527]    HINT :      list : [TID_LOW_LATENCY / 0] [TID / 3738] [TID / 3739] [TID / 3067] [TID / 3740] 
03-13 15:19:07.564  2022  2124 I HYPER-HAL: [RequestManager.cpp]acquire(): Acquired ID : 301459709  [2025 / 22528]    HINT :      list : [UCLAMP_MIN_BOOST / 0] [TID / 3738] [TID / 3739] [TID / 3067] [TID / 3740] 
03-13 15:19:07.564  2022  2124 I HYPER-HAL: [RequestManager.cpp]releaseLocked(): Released ID : 301435155
03-13 15:19:07.564  2022  2124 I HYPER-HAL: [RequestManager.cpp]releaseLocked(): Released ID : 301459709
03-13 15:19:07.565  3003  5506 D MARs:ActiveTrafficFilter: filter : com.instagram.android(0)
03-13 15:19:07.565  3003  5506 D FreecessHandler: freeze com.instagram.android(10428) result : 8
03-13 15:19:07.565  3003  5506 I NSLocationMonitor: getGPSUsingApps() called
03-13 15:19:07.565  5490 16804 I NSLocationManager_FLP: getGPSUsingApps, No change
03-13 15:19:07.567  3003  3067 D RestrictionPolicy: isScreenCaptureEnabled : ret=true userId=0
03-13 15:19:07.567  3003  3067 D RestrictionPolicy: isScreenCaptureEnabled : ret=true userId=0
03-13 15:19:07.567  6103  6103 W ContextImpl: Calling a method in the system process without a qualified user: android.app.ContextImpl.startService:2068 android.content.ContextWrapper.startService:872 android.content.ContextWrapper.startService:872 com.sec.android.diagmonagent.sa.receiver.CFLogReceiver.onReceive:56 android.app.ActivityThread.handleReceiver:5663 
03-13 15:19:07.567  3003  3067 D DisplayPowerController[0]: [api] WindowManagerPolicy.ScreenOffListener : called onScreenOff()
03-13 15:19:07.567  3003  3067 D RefreshRateModeManager: onBrightnessChanged: brt=0, lux=15.0
03-13 15:19:07.567  3003  3130 I DisplayPowerController[0]: Unblocked screen off after 76 ms
03-13 15:19:07.567  3003  3130 D DisplayPowerController[0]: animateScreenStateChange: target=OFF, mIsEnabled=true
03-13 15:19:07.568  3003  3067 D DeviceStatePolicy: updateFoldingSensorListenerLw, foldOpen=false, awake=false, isTableModeEnabled=true, forceOff=false, caller=com.android.server.devicestate.DeviceStateManagerService$OverrideRequestScreenObserver.onAwakeStateChanged:16 com.android.server.wm.ActivityTaskManagerService$$ExternalSyntheticLambda7.run:57 android.os.Handler.handleCallback:995 android.os.Handler.dispatchMessage:103 android.os.Looper.loopOnce:273 android.os.Looper.loop:363 android.os.HandlerThread.run:85 com.android.server.ServiceThread.run:49 <bottom of call stack> <bottom of call stack> 
03-13 15:19:07.568  3003  3130 D DisplayPowerController[0]: mWindowManagerPolicy.screenTurnedOff()
03-13 15:19:07.568  3003  3130 I PhoneWindowManager: Display0 turned off...
03-13 15:19:07.568  3003  3130 D WindowManager: Create SleepToken: tag=Display-off, displayId=0
03-13 15:19:07.568  3003  3130 D ActivityTaskManager: Top Process State changed to PROCESS_STATE_TOP_SLEEPING
03-13 15:19:07.569  3003  3740 D NativeCustomFrequencyManager: [NativeCFMS] BpCustomFrequencyManager::BpCustomFrequencyManager()
03-13 15:19:07.570  3003  5506 D MARs:ActiveTrafficFilter: filter : onxmaps.hunt(0)
03-13 15:19:07.570  3003  5506 D FreecessHandler: freeze onxmaps.hunt(10472) result : 8
03-13 15:19:07.570  3003  3130 D AutomaticBrightnessController: sendAmbientLux(-1.0)
03-13 15:19:07.570  3003  3130 D MdnieScenarioControlService: getVisionBoosterIndex() mAutoBrightnessMode : true , mReduceBrightColorsActivatedEnabled : false , lux : -1
03-13 15:19:07.570  3003  3130 D MdnieScenarioControlService: Vision Booster Index : 0
03-13 15:19:07.570  4205  4239 I KeyguardService: onScreenTurnedOff
03-13 15:19:07.571  3003  4771 I MediaFocusControl: abandonAudioFocus() from uid/pid 10437/21497 clientId=android.media.AudioManager@776ce81com.newleaf.app.android.victor.common.a0@9476b26 callingPack=com.newleaf.app.android.victor
03-13 15:19:07.571  3003  4771 D AS.AudioService: [Android Auto] isConnectedAndroidAuto = false
03-13 15:19:07.571  3003  4771 D MediaFocusControl: selectFocusStack, uid = 10437, appDevice = 0, device = 2
03-13 15:19:07.571  3003  4771 I MediaFocusControl: removeFocusStackEntry client:android.media.AudioManager@776ce81com.newleaf.app.android.victor.common.a0@9476b26
03-13 15:19:07.571  2007  2007 I sensors-hal: set_config:64, no need to adjust sample_period_ns due to reporting_mode = 2
03-13 15:19:07.571  2007  2007 I sensors-hal: create_sensor_config_request:85, auto_rotation: type 2
03-13 15:19:07.571  2007  2007 I sensors-hal: send_sensor_config_request:645, dt=auto_rotation: convert sample_period=200000000 to batch_period=200000
03-13 15:19:07.571  2007  2007 I sensors-hal: send_sync_sensor_request:508, send sync request
03-13 15:19:07.571  2007  2007 I sensors-hal: send_sync_sensor_request:518, send_sync_sensor_request before send_request for auto_rotation with SUID low=8603657889541918976 high=1320970896291267344
03-13 15:19:07.571  2007  2007 I sensors-hal: send_sync_sensor_request:537, wait for notification of response
03-13 15:19:07.571  3003  3740 W qdgralloc: getInterlacedFlag: getMetaData returned 3, defaulting to interlaced_flag = 0
03-13 15:19:07.571  2007 12669 I sensors-hal: qsh_conn_resp_cb:930, resp_value = 0 for auto_rotation 
03-13 15:19:07.572  3003  3740 D HWUI    : CFMS:: SetUp Pid : 3003    Tid : 3740
03-13 15:19:07.572  2007  2007 I sensors-hal: send_sync_sensor_request:543, takes 0 ms to receive the response with 0
03-13 15:19:07.572  2007  2007 I sensors-hal: batch:363, android.sensor.device_orientation/271, period=200000000, max_latency=0 request completed
03-13 15:19:07.572 21497 21951 D ConnectivityManager: StackLog: [android.net.ConnectivityManager.unregisterNetworkCallback(ConnectivityManager.java:5579)] [com.ironsource.jc.a(SourceFile:4)] [com.ironsource.Y3.c(SourceFile:3)] [com.ironsource.sdk.controller.v.f(SourceFile:42)] [com.ironsource.sdk.controller.v.i0(SourceFile:1)] [com.ironsource.sdk.controller.v$d.run(SourceFile:5)]
03-13 15:19:07.572  3003  3130 I SemMdnieManagerService: DDI setHighBrightnessMode id(0) lux : -1, index : 0
03-13 15:19:07.572  3003  3130 D AutomaticBrightnessController: setLightSensorEnabled: false
03-13 15:19:07.573  2007 12669 I sensors-hal: handle_sns_client_event:159, auto_rotation_event_2 event,255, duration,0, ts,256748138509975, ts_diff,261387
03-13 15:19:07.573  2007 12669 I sensors-hal: handle_sns_client_event:170, auto_rotation_debug_2 acc,-0.067,-0.043,9.753, ar,0, h_ic,1,1, s,3, ver,14, pedo,1,e,1,i,3
03-13 15:19:07.573  3003  3740 D HWUI    : CacheManager::trimMemory(20)
03-13 15:19:07.573  2007  2007 I sensors-hal: activate:300, com.samsung.sensor.device_common_info/2132 en=0
03-13 15:19:07.573  2007  2007 I sensors-hal: send_sync_sensor_request:508, send sync request
03-13 15:19:07.573  2007  2007 I sensors-hal: send_sync_sensor_request:518, send_sync_sensor_request before send_request for device_common_info with SUID low=3766530206566995508 high=1320970896291267344
03-13 15:19:07.573  2007  2007 I sensors-hal: send_sync_sensor_request:537, wait for notification of response
03-13 15:19:07.573  2007  3645 I sensors-hal: qsh_conn_resp_cb:930, resp_value = 0 for device_common_info 
03-13 15:19:07.573  3003  3740 D HWUI    : CacheManager::trimMemory(20)
03-13 15:19:07.574  2022  2124 I HYPER-HAL: [RequestManager.cpp]acquire(): Acquired ID : 301484264  [2025 / 22529]    HINT :      list : [TID_LOW_LATENCY / 1] [TID / 3738] [TID / 3739] [TID / 3067] [TID / 3740] 
03-13 15:19:07.575  2007  2007 I sensors-hal: send_sync_sensor_request:543, takes 1 ms to receive the response with 0
03-13 15:19:07.575  2007  2007 I sensors-hal: activate:330, com.samsung.sensor.device_common_info/2132 en=0 completed
03-13 15:19:07.575  2007  2007 I sensors-hal: activate:300, com.samsung.sensor.auto_brightness/1651 en=0
03-13 15:19:07.575  2007  2007 I sensors-hal: enable_flicker_als:213, [SSC_LIGHT] flicker_als disable
03-13 15:19:07.576  2007  2007 I sensors-hal: send_sync_sensor_request:508, send sync request
03-13 15:19:07.576  2007  2007 I sensors-hal: send_sync_sensor_request:518, send_sync_sensor_request before send_request for auto_brightness with SUID low=2816411781185423377 high=5518030540294228002
03-13 15:19:07.576  2007  2007 I sensors-hal: send_sync_sensor_request:537, wait for notification of response
03-13 15:19:07.576  2007 20869 I sensors-hal: qsh_conn_resp_cb:930, resp_value = 0 for auto_brightness 
03-13 15:19:07.576  2007  2007 I sensors-hal: send_sync_sensor_request:543, takes 0 ms to receive the response with 0
03-13 15:19:07.577  2007  2007 I sensors-hal: ~worker:65, worker(0xb400007a0f4d06d0) send sig to tid= 20868
03-13 15:19:07.577  2022  2124 I HYPER-HAL: [RequestManager.cpp]acquire(): Acquired ID : 301484264  [2025 / 22529]    HINT :      list : [TID_LOW_LATENCY / 0] [TID / 3738] [TID / 3739] [TID / 3067] [TID / 3740] 
03-13 15:19:07.578  2007  2007 I sensors-hal: ~worker:74, worker(0xb400007a0f4d06d0) is destroyed, remaining task = 0, tid= 20868
03-13 15:19:07.578  2007  2007 I sensors-hal: ~qsh_qmi:58, ~qsh_qmi
03-13 15:19:07.578  2007  2007 I sensors-hal: deactivate:274, [SSC_LIGHT] auto_brightness deactivate!
03-13 15:19:07.578  2007  2007 I sensors-hal: activate:330, com.samsung.sensor.auto_brightness/1651 en=0 completed
03-13 15:19:07.578  2022  2124 I HYPER-HAL: [RequestManager.cpp]acquire(): Acquired ID : 301508820  [2025 / 22530]    HINT :      list : [UCLAMP_MIN_BOOST / 0] [TID / 3738] [TID / 3739] [TID / 3067] [TID / 3740] 
03-13 15:19:07.578  2022  2124 I HYPER-HAL: [RequestManager.cpp]releaseLocked(): Released ID : 301484264
03-13 15:19:07.578  2022  2124 I HYPER-HAL: [RequestManager.cpp]releaseLocked(): Released ID : 301508820
03-13 15:19:07.578  1985  2158 I minksocket: MinkIPC MESSAGE: ( 1985:2158 ) MinkIPC_QRTR_Service:351 minkipc = 0xb400006d4d3f6550 sock = 13, client with node 1 port 46af went down
03-13 15:19:07.578  1985  2180 I minksocket: MinkIPC MESSAGE: ( 1985:2180 ) MinkIPC_QRTR_Service:351 minkipc = 0xb400006d4d3f7730 sock = 33, client with node 1 port 46af went down
03-13 15:19:07.578  3003  3065 D SensorManager: unregisterListener :: com.android.server.wm.WindowOrientationListener$OrientationSensorJudge@783320e
03-13 15:19:07.579  3003  3130 D SensorManager: unregisterListener :: com.android.server.display.AutomaticBrightnessController$3@1ff6ff3
03-13 15:19:07.579  3003  3130 D AutomaticBrightnessController: setProximitySensorEnabled::unregisterListener
03-13 15:19:07.579  2007  2007 I SensorsGrip: TouchLight::enable: 0 1
03-13 15:19:07.580  3003  3130 D SensorManager: unregisterListener :: com.android.server.display.AutomaticBrightnessController$3@ce52465
03-13 15:19:07.580  3003  3130 I DisplayBrightnessStrategySelector: Changing the DisplayBrightnessStrategy from AutomaticBrightnessStrategy to ScreenOffBrightnessStrategy for display 0
03-13 15:19:07.580  3003  3130 W DisplayPowerController[0]: Animating brightness: target=0(0.00), rate=0.000, rateAtHbm=0.000, reason=screen_off[0]
03-13 15:19:07.581  3003  3130 D DisplayPowerController[0]: saveBrightnessInfo: brt:0.33333334 adjBrt:0.0 min:0.0 max:1.0 hbm:0 tp:1.0 throttler:0 isAnimating:false
03-13 15:19:07.581  3003  3130 V DisplayPowerController[0]: Brightness [0.0] reason changing to: 'screen_off', previous reason: 'automatic'.
03-13 15:19:07.581  3003  3130 I DisplayPowerController[0]: BrightnessEvent: brt=0.0 (0.0%), nits= 1.0, lux=-1.0, reason=screen_off, strat=ScreenOffBrightnessStrategy, state=OFF, stateReason=DEFAULT_POLICY, policy=OFF, flags=, initBrt=0.33333334, rcmdBrt=NaN, preBrt=NaN, preLux=0.0, wasShortTermModelActive=false, autoBrightness=true (default), unclampedBrt=0.0, hbmMax=1.0, hbmMode=off, thrmMax=1.0, rbcStrength=-1, powerFactor=1.0, physDisp=Built-in Screen(local:4630946564756762243), logicalId=0, slowChange=false, rampSpeed=0.0
03-13 15:19:07.581  3003  4082 D DisplayManagerService: !@display_state requestDisplayStateInternal: ON -> OFF displayId=0
03-13 15:19:07.581  3003  4082 D SemInputDeviceManagerService: setDisplayState[1] EARLY: ON(2) -> OFF(1)
03-13 15:19:07.581  3003  3678 D SemInputMotionEventDispatcher: unregisterMotionEventListener: com.samsung.android.hardware.secinputdev.taas.ExternalApi$5@7af94ab
03-13 15:19:07.581  3003  3067 I ActivityManager: Changes in 10437 2 to 4, 255 to 248
03-13 15:19:07.581  3003  3678 D InputTransport: Input channel destroyed: '[Gestur', fd=1264
03-13 15:19:07.581  3003  3678 I SemInputMotionEventDispatcher: unregisterInputEventReceiver: dispose InputEventReceiver
03-13 15:19:07.581  3003  4082 D LocalDisplayAdapter: notifyStateChangeStart: com.samsung.android.hardware.secinputdev.external.DisplayStateListenerWrapper$1@444e177 took 0 ms
03-13 15:19:07.581  3003  4082 D LocalDisplayAdapter: notifyStateChangeStart: com.android.server.biometrics.SemBiometricDisplayStateMonitor@e8de626 took 0 ms
03-13 15:19:07.581  3003  4082 D LocalDisplayAdapter: notifyStateChangeStart: com.android.server.display.mode.RefreshRateModeManager$1@d4f0f0f took 0 ms
03-13 15:19:07.582  3003  3678 D InputTransport: Input channel destroyed: '[Gestur', fd=1236
03-13 15:19:07.582  3003  4082 D LocalDisplayAdapter: surface lcd : 0(-1.000), 0(-1.000), main +
03-13 15:19:07.582  2452  7951 I CameraService: onUidStateChanged: uid=10437, procState is changed. (2 -> 4)
03-13 15:19:07.582  2105  2105 I SurfaceFlinger: setDisplayBrightness(4630946564756762243): displayBrightness: -1.000000, displayBrightnessNits: 1.000000, sdrWhitePointNits: 1.000000 , dimmingRatio: 1.000000
03-13 15:19:07.582  3003  4082 D LocalDisplayAdapter: surface lcd : 0(-1.000), 0(-1.000), main -
03-13 15:19:07.582  3003  3067 I DisplayDeviceRepository: Display device changed state: "Built-in Screen", OFF
03-13 15:19:07.582  2452  7951 I CameraService: onUidStateChanged: uid=10259, procState is changed. (3 -> 4)
03-13 15:19:07.582  3003  3067 I LogicalDisplayMapper: Set isInTransition on display 0: false
03-13 15:19:07.582  3003  3067 I LogicalDisplayMapper: Set isInTransition on display 1: false
03-13 15:19:07.582  3003  3067 I LogicalDisplayMapper: Applying layout: [{dispId: 0(OFF), displayGroupName: , addr: {port=131, model=0x40446d5d66246e}, mThermalBrightnessThrottlingMapId: null, mRefreshRateZoneId: null, mLeadDisplayId: -1, mLeadDisplayAddress: null, mThermalRefreshRateThrottlingMapId: null, mPowerThrottlingMapId: null}, {dispId: 1(ON), displayGroupName: , addr: {port=132, model=0x40446d6e9178a2}, mThermalBrightnessThrottlingMapId: null, mRefreshRateZoneId: null, mLeadDisplayId: -1, mLeadDisplayAddress: null, mThermalRefreshRateThrottlingMapId: null, mPowerThrottlingMapId: null}], Previous layout: [{dispId: 0(ON), displayGroupName: , addr: {port=131, model=0x40446d5d66246e}, mThermalBrightnessThrottlingMapId: null, mRefreshRateZoneId: null, mLeadDisplayId: -1, mLeadDisplayAddress: null, mThermalRefreshRateThrottlingMapId: null, mPowerThrottlingMapId: null}, {dispId: 1(OFF), displayGroupName: , addr: {port=132, model=0x40446d6e9178a2}, mThermalBrightnessThrottlingMapId: null, mRefreshRateZoneId: null, mLeadDisplayId: -1, mLeadDisplayAddress: null, mThermalRefreshRateThrottlingMapId: null, mPowerThrottlingMapId: null}]
03-13 15:19:07.582  3003  3067 D LogicalDisplayMapper: applyLayoutLocked[0], oldDisplay=0, newDisplay=0, displayLayout={dispId: 0(OFF), displayGroupName: , addr: {port=131, model=0x40446d5d66246e}, mThermalBrightnessThrottlingMapId: null, mRefreshRateZoneId: null, mLeadDisplayId: -1, mLeadDisplayAddress: null, mThermalRefreshRateThrottlingMapId: null, mPowerThrottlingMapId: null}
03-13 15:19:07.582  3003  3067 I LogicalDisplayMapper: SetEnabled on display 0: false
03-13 15:19:07.582  3003  3067 D LogicalDisplayMapper: applyLayoutLocked[1], oldDisplay=1, newDisplay=1, displayLayout={dispId: 1(ON), displayGroupName: , addr: {port=132, model=0x40446d6e9178a2}, mThermalBrightnessThrottlingMapId: null, mRefreshRateZoneId: null, mLeadDisplayId: -1, mLeadDisplayAddress: null, mThermalRefreshRateThrottlingMapId: null, mPowerThrottlingMapId: null}
03-13 15:19:07.582  3003  3067 I LogicalDisplayMapper: SetEnabled on display 1: true
03-13 15:19:07.582  2452 12680 I CameraService: onUidStateChanged: uid=10053, procState is changed. (0 -> 1)
03-13 15:19:07.582  3003  3067 D DisplayManager.PersistentDataStore: saveToXml remembered active display fit status value:false
03-13 15:19:07.583  3003  3994 D SemInputDevice:TSP: ActivateTask: 1,0 [03-13 15:19:07.581]
03-13 15:19:07.583  3003  3130 D DisplayPowerController[1]: onDisplayChanged: mIsEnabled=true mIsInTransition=false mDualScreenPolicy=1 mDisplayDevice=com.android.server.display.LocalDisplayAdapter$LocalDisplayDevice@267658d
03-13 15:19:07.583  3003  3130 D DisplayPowerController[1]: animateScreenStateChange: target=OFF, mIsEnabled=true
03-13 15:19:07.583  3003  3130 D DisplayPowerController[0]: onDisplayChanged: mIsEnabled=false mIsInTransition=false mDualScreenPolicy=1 mDisplayDevice=com.android.server.display.LocalDisplayAdapter$LocalDisplayDevice@a261cbf
03-13 15:19:07.583  3003  3130 D DisplayPowerController[0]: animateScreenStateChange: target=OFF, mIsEnabled=false
03-13 15:19:07.583  3003  3130 D BrightnessThermalClamper: Thermal status observer already started
03-13 15:19:07.583  3003  3130 D BrightnessThermalClamper: Thermal status observer already started
03-13 15:19:07.583  3003  4082 W LocalDisplayAdapter: !@display_state - 2060 : ON -> OFF (MAIN)
03-13 15:19:07.583  2105  2105 D SurfaceFlinger: Setting power mode 0 on physical display 4630946564756762243 (skipComposer: 0)
03-13 15:19:07.584  2040  2451 I SDM     : DisplayBuiltIn::SetPanelBrightness: Setting brightness to level 0 (-100.000000 percent) primary(1) display(68)
03-13 15:19:07.584  2105  2105 D SurfaceFlinger: setPhysicalDisplayPowerMode: Optimizing thread scheduling: optimizeForPower
03-13 15:19:07.584  2007  2007 I sensors-hal: activate:300, com.samsung.sensor.light_seamless/1782 en=0
03-13 15:19:07.584  2007  2007 I sensors-hal: send_sync_sensor_request:508, send sync request
03-13 15:19:07.584  2007  2007 I sensors-hal: send_sync_sensor_request:518, send_sync_sensor_request before send_request for light_seamless with SUID low=11039298318857557060 high=1340270623893619472
03-13 15:19:07.584  2007  2007 I sensors-hal: send_sync_sensor_request:537, wait for notification of response
03-13 15:19:07.584  2040  2451 I SDM     : HWCDisplay::SetPowerMode: display = 0, mode = OFF
03-13 15:19:07.584  2040  2451 I SDM     : DisplayBase::SetDisplayState: Set state = 0, display 68-0, teardown = 0
03-13 15:19:07.584  2040  2451 I SDM     : DRMPanelFeatureMgr::MarkForNullCommit: Marked 7 for null commit
03-13 15:19:07.584  2040  2451 I SDM     : HWDeviceDRM::PowerOff: Display:68 Setting Fingerprint Indisplay Layer property = 0
03-13 15:19:07.585  2007  3645 I sensors-hal: qsh_conn_resp_cb:930, resp_value = 0 for light_seamless 
03-13 15:19:07.585  2040  2451 I SDM     : HWDeviceDRM::NullCommit: Null commit succeeded crtc=208
03-13 15:19:07.585  2040  2451 I SDM     : DisplayBase::SetDisplayState: wait for retire_fence_...
03-13 15:19:07.585  2040  2451 I SDM     : DisplayBase::WaitForCompletion: Wait for cached retire fence to be in steady state
03-13 15:19:07.585  2007  2007 I sensors-hal: send_sync_sensor_request:543, takes 0 ms to receive the response with 0
03-13 15:19:07.585  2007  2007 I sensors-hal: activate:330, com.samsung.sensor.light_seamless/1782 en=0 completed
03-13 15:19:07.585  3003  3067 D SensorManager: unregisterListener :: com.android.server.display.mode.DisplayModeDirector$BrightnessObserver$LightSensorEventListener@b4fe971
03-13 15:19:07.585  3003  3067 D BrightnessSynchronizer: onDisplayChanged() : displayId=0
03-13 15:19:07.585  3003  3067 D BrightnessSynchronizer: updateScreenBrightness: displayId=0 type=2 mPreferredSettingValue=0.33333334(85) currentBrightnessInt=85 currentBrightnessIntFromFloat=85(0.33333334)
03-13 15:19:07.585  3003  3067 I InputManager-JNI: Viewport [0] to add: local:4630946564756762243, isActive: false
03-13 15:19:07.585  3003  3067 D InputManager-JNI: Viewport [0] type:1, displayId=0, uniqueId=local:4630946564756762243, orientation=0, logicalFrame=[0, 0][1080, 2640], physicalFrame=[0, 0][1080, 2640], deviceSize=[1080, 2640]
03-13 15:19:07.585  3003  3067 I InputManager-JNI: Viewport [1] to add: local:4630946638498144900, isActive: false
03-13 15:19:07.585  3003  3067 D InputManager-JNI: Viewport [1] type:1, displayId=1, uniqueId=local:4630946638498144900, orientation=0, logicalFrame=[0, 0][748, 720], physicalFrame=[0, 0][748, 720], deviceSize=[748, 720]
03-13 15:19:07.585  3003  3678 D InputTransport: Input channel destroyed: '[Gestur', fd=1249
03-13 15:19:07.585  3003  3678 I SemInputMotionEventDispatcher: unregisterInputEventReceiver: dispose InputMonitor
03-13 15:19:07.585  3003  3661 I InputReader: Reconfiguring input devices, changes=DISPLAY_INFO
03-13 15:19:07.585  3003  3661 I InputReader: support feature by TSP : 0x321
03-13 15:19:07.586  3003  3067 D PointerChoreographer: setDefaultMouseDisplayId: 0 -> 1
03-13 15:19:07.586  3003  3661 I InputReader: support feature by TSP : 0x321
03-13 15:19:07.586  3003  3067 D MouseCursorController: loadResourcesLocked for display 1
03-13 15:19:07.586  2053 22854 I QC2Buf  : Reconfig: clearing from 0 bufs. Peak mem=0 MB
03-13 15:19:07.587  2053 22854 I QC2Buf  : Reconfig: clearing from 0 bufs. Peak mem=0 MB
03-13 15:19:07.587  3003  3067 I InputManager-JNI: notifyPointerDisplayIdChanged: pointer displayId set to: 1
03-13 15:19:07.587  3003  3067 D InputManager: notifyDisplayIdChangedByUser: 1
03-13 15:19:07.587  3003  3661 I InputReader: Reconfiguring input devices, changes=DISPLAY_INFO
03-13 15:19:07.587  3003  3661 I InputReader: support feature by TSP : 0x321
03-13 15:19:07.587  3003  3661 I InputReader: support feature by TSP : 0x321
03-13 15:19:07.588  3003  3661 W InputReader: Rotary Encoder device configuration file didn't specify resolution!
03-13 15:19:07.588  3003  3661 W InputReader: Rotary Encoder device configuration file didn't specify scaling factor,default to 1.000000!
03-13 15:19:07.588  3003  3661 I InputReader: Rotary Encoder device configuration file didn't specify min log rotation.
03-13 15:19:07.590  3003  3068 D SurfaceComposerClient: setCornerRadius ## a32b9ee com.newleaf.app.android.victor/com.newleaf.app.android.victor.player.view.EpisodePlayerActivity#65900 cornerRadius=0.000000
03-13 15:19:07.591  3003  3068 D SurfaceComposerClient: setCornerRadius ## a32b9ee com.newleaf.app.android.victor/com.newleaf.app.android.victor.player.view.EpisodePlayerActivity#65900 cornerRadius=0.000000
03-13 15:19:07.591  3003  3068 W SurfaceControl: Invalid layer stack -1
03-13 15:19:07.591  3003  3068 I DisplayDevice: [0] Layerstack set to -1 for local:4630946564756762243
03-13 15:19:07.591  2094 18847 D AudioFlinger: setParameters: filtered dev setParameters keyvalue screen_state=off
03-13 15:19:07.591  4205  4362 D StackScroller: onDisplayChanged for predraw skip to 1
03-13 15:19:07.591  3003  5976 D LiftUpHandler: [LTW]  Settings Lift to wake: enable = 0
03-13 15:19:07.591  3003  3595 D WifiDisplayAdapter: isFitToActiveDisplayLocked : false
03-13 15:19:07.591  3003  3595 D WifiDisplayAdapter: isFitToActiveDisplayLocked : false
03-13 15:19:07.591  1992 24238 D AHAL: AudioDevice: SetParameters: 1865: enter
03-13 15:19:07.591  1992 24238 D AHAL: AudioVoice: VoiceSetParameters: 200: Enter
03-13 15:19:07.591  1992 24238 D AHAL: AudioVoice: VoiceSetParameters: 479: Exit ret: 0
03-13 15:19:07.591  1992 24238 D AHAL: hfp: hfp_set_parameters: 444: enter
03-13 15:19:07.591  1992 24238 D AHAL: AudioDevice: SetParameters: 1948:  - screen = off
03-13 15:19:07.591  1992 24238 I PAL: ResourceManager: setParameter: 10683: Screen State:0
03-13 15:19:07.591  1992 24238 D AHAL: AudioDevice: SetParameters: 2798: exit: screen_state=off
03-13 15:19:07.591  3003  3067 D RefreshRateModeManager: onBrightnessChanged: brt=0, lux=-1.0
03-13 15:19:07.592  3003  3595 D WifiDisplayAdapter: isFitToActiveDisplayLocked : false
03-13 15:19:07.592  3003  3910 I CAE     : handleMessage(CaPowerManager.java:226) - AP_SLEEP
03-13 15:19:07.592  3003  3910 I CAE     : updateApPowerStatus(SensorHubParserProvider.java:461) - AP_SLEEP
03-13 15:19:07.592  3003  3910 I CAE     : getContextType(FreeFallDetection.java:25) - FFD getContextType
03-13 15:19:07.592  2094 18847 D AudioFlinger: setParameters: filtered dev setParameters keyvalue screen_state=off
03-13 15:19:07.592  3003  5976 D LiftUpHandler: [LTW] Running already.
03-13 15:19:07.592  1992  4981 D AHAL: AudioDevice: SetParameters: 1865: enter
03-13 15:19:07.592  1992  4981 D AHAL: AudioVoice: VoiceSetParameters: 200: Enter
03-13 15:19:07.592  1992  4981 D AHAL: AudioVoice: VoiceSetParameters: 479: Exit ret: 0
03-13 15:19:07.592  1992  4981 D AHAL: hfp: hfp_set_parameters: 444: enter
03-13 15:19:07.592  1992  4981 D AHAL: AudioDevice: SetParameters: 1948:  - screen = off
03-13 15:19:07.592  1992  4981 I PAL: ResourceManager: setParameter: 10683: Screen State:0
03-13 15:19:07.592  1992  4981 D AHAL: AudioDevice: SetParameters: 2798: exit: screen_state=off
03-13 15:19:07.592  4205  4881 I VRI[ScreenDecorOverlayCover]@cddcdb0: onDisplayChanged oldDisplayState=1 newDisplayState=1
03-13 15:19:07.592  3003  3911 D SensorService: setSContextDataLocked ints length 2 , byte length 4
03-13 15:19:07.592  3003  3911 D SensorService: setSContextDataLocked d20db4
03-13 15:19:07.592  4205  4362 D StackScroller: onDisplayChanged for predraw skip to 1
03-13 15:19:07.592 19717 19717 I HBD     : DeX h DeX mode state change in non-main thread 
03-13 15:19:07.592 19717 19717 I HBD     : DeX h DeX mode state change: 3 
03-13 15:19:07.592  2007  2007 I sensors-hal: inject_sensor_data:407, handle 1502 send inject
03-13 15:19:07.592  2007  2007 I sensors-hal: sendContextData:290, sensor hal 4, (0xb4, 0xd, 0xd2, 0x0)
03-13 15:19:07.592  2007  2007 I sensors-hal: sendContextData:230, activities 4 b4, 1
03-13 15:19:07.592  2007  2007 I sensors-hal: sendUserData:251, Activities cmd 0xb4 0xd
03-13 15:19:07.592  2007  2007 I sensors-hal: sendUserData:258, Activities LCD off
03-13 15:19:07.592  2007  2007 I sensors-hal: create_send_context_data:80, sending create_send_context_data
03-13 15:19:07.593  2007  2007 I sensors-hal: send_context_data:694, activities, 4914309220830019584, 1320970896291267344, msgid:700
03-13 15:19:07.593  2007  2007 I sensors-hal: sendContextData:114, common_info 4
03-13 15:19:07.593  4205  4267 I VRI[ShellDropTarget]@a0b4a8f: onDisplayChanged oldDisplayState=2 newDisplayState=1
03-13 15:19:07.593  2007  2007 I sensors-hal: sendUserData:135, CommonInfo 0xb4 0xd 0xd2 0x0, 13835077864074020896
03-13 15:19:07.593  2007  2007 I sensors-hal: create_send_context_data:70, sending create_send_context_data
03-13 15:19:07.593  2007  2007 I sensors-hal: send_context_data:694, common_info, 4914309147815575552, 1320970896291267344, msgid:700
03-13 15:19:07.593  4205  4267 I VRI[View root of ReusableWindowDecorViewHost#0]@15d66b2: onDisplayChanged oldDisplayState=2 newDisplayState=1
03-13 15:19:07.593  4205  4267 I VRI[View root of ReusableWindowDecorViewHost#1]@d4195f3: onDisplayChanged oldDisplayState=2 newDisplayState=1
03-13 15:19:07.593  2007  3909 I sensors-hal: qsh_conn_resp_cb:930, resp_value = 0 for activities 
03-13 15:19:07.593  2007  3909 I sensors-hal: qsh_conn_resp_cb:930, resp_value = 0 for common_info 
03-13 15:19:07.593  3003  6711 D WifiDisplayAdapter: isFitToActiveDisplayLocked : false
03-13 15:19:07.593 19717 19717 I HBD     : DeX h DeX mode state change in non-main thread 
03-13 15:19:07.593 19717 19717 I HBD     : DeX h DeX mode state change: 3 
03-13 15:19:07.593 19717 19717 I HBD     : DeX h DeX mode state change in non-main thread 
03-13 15:19:07.593 19717 19717 I HBD     : DeX h DeX mode state change: 3 
03-13 15:19:07.593 19717 19717 I HBD     : DeX h DeX mode state change in non-main thread 
03-13 15:19:07.593 19717 19717 I HBD     : DeX h DeX mode state change: 3 
03-13 15:19:07.593  6239  6239 I VRI[OnboardingActivity]@7b65a5f: onDisplayChanged oldDisplayState=1 newDisplayState=1
03-13 15:19:07.594  2092  2092 I SSC_DAEMON: handleSensorTestReqMsg:85, Sensor type :4, Msg type:15
03-13 15:19:07.594  2092  2092 I SSC_DAEMON: physicalSensorTestReqMsg:130, s:4, m:15
03-13 15:19:07.594   487   487 I VRI[0 fl=}]@38f3598: onDisplayChanged oldDisplayState=2 newDisplayState=1
03-13 15:19:07.595  2040  2318 I SDM     : HWPeripheralDRM::SetPanelBrightnessWork: Setting brightness to level 0 through sysfs node. primary(1), type_id(1)
03-13 15:19:07.597  2092  3859 I SSC_DAEMON: light_event_log:185, light_msg(4/15): lcd off - 0,-1,-1,0
03-13 15:19:07.597  3003  3067 E ModeChangeObserver: Changed display not found
03-13 15:19:07.598  3003  3065 D WindowManager: DeferredDisplayUpdater: partially applying DisplayInfo(748 x 720) immediately
03-13 15:19:07.598  3003  3065 V WindowManager: Content Recording: Display 1 state was (1), is now (1), so update recording?
03-13 15:19:07.598  2092  2092 I SSC_DAEMON: handleSensorTestReqMsg:85, Sensor type :20, Msg type:15
03-13 15:19:07.598  2092  2092 I SSC_DAEMON: physicalSensorTestReqMsg:162, 0.algo_id:26, num:1
03-13 15:19:07.598  2092  2092 I SSC_DAEMON: handleSensorTestReqMsg:85, Sensor type :4, Msg type:11
03-13 15:19:07.598  2092  2092 I SSC_DAEMON: physicalSensorTestReqMsg:130, s:4, m:11
03-13 15:19:07.599  3003  3065 D SurfaceComposerClient: setCornerRadius ## a32b9ee com.newleaf.app.android.victor/com.newleaf.app.android.victor.player.view.EpisodePlayerActivity#65900 cornerRadius=0.000000
03-13 15:19:07.599  2007  3645 I sensors-hal: qsh_conn_event_cb:857, SCHED_FIFO(10) for qmi_cbk
03-13 15:19:07.599  2007  3645 I sensors-hal: qsh_conn_event_cb:890, event[0] sensor:Pocket mode  Wakeup, msg_id=715, ts=4929665377998
03-13 15:19:07.599  3003  3068 I SurfaceComposerClient: apply DisplayState::eLayerStackChanged(index:0) layerStack(-1)
03-13 15:19:07.599  3003  3068 I SurfaceComposerClient: apply DisplayState::eFlagsChanged(index:0) flags(0)
03-13 15:19:07.599  3003  3068 I SurfaceComposerClient: apply DisplayState::eFlagsChanged(index:1) flags(1)
03-13 15:19:07.599  2007  3645 E libprotobuf-native: [libprotobuf ERROR external/protobuf/src/google/protobuf/message_lite.cc:133] Can't parse message of type "sns_std_sensor_event" because it is missing required fields: (cannot determine missing fields for lite message)
03-13 15:19:07.599  3003  3003 D SGM:GameManager: onDisplayChanged. displyId: 1, state: 1
03-13 15:19:07.599  3003  3003 V CameraService_worker: onDisplayChanged rotation : 0 current mDeviceState : 6
03-13 15:19:07.599  3003  3003 D SGM:GameManager: onDisplayChanged. displyId: 0, state: 1
03-13 15:19:07.599  2092  3859 I SSC_DAEMON: pocketModeOptionDefineEvent:23, 2
03-13 15:19:07.599  3003  3003 I SemMdnieManagerService: DisplayListener onDisplayChanged. mAlwaysOnDisplayEnabled : false , mDisplayOn : true , mDisplayState : 1 , mWorkBlueFilter : true , mNightModeBlock : true
03-13 15:19:07.599  3003  3003 D EyeComfortSolutionService: mBlueLightFilterAdaptiveModeEnabled: true , mBlueLightFilterScheduledTime: false
03-13 15:19:07.600  2092  3859 I SSC_DAEMON: light_event_log:172, light_msg(4/11): br 0 (lux 0,idx 0) - -1,-1,0
03-13 15:19:07.600  3003  3740 W qdgralloc: getInterlacedFlag: getMetaData returned 3, defaulting to interlaced_flag = 0
03-13 15:19:07.600  2092  2092 I SSC_DAEMON: handleSensorTestReqMsg:85, Sensor type :4, Msg type:15
03-13 15:19:07.600  2092  2092 I SSC_DAEMON: physicalSensorTestReqMsg:130, s:4, m:15
03-13 15:19:07.601  4832 32442 I HoneySpace.DeviceStateUseCase: update: DeviceState(naviMode=THREE_BUTTON, navigationBarHeight=144, hint=true, transparentHint=false, rotation=0, displayId=0, displaySize=Point(1080, 2640), displayCutout=DisplayCutout{insets=Rect(0, 94 - 0, 0) waterfall=Insets{left=0, top=0, right=0, bottom=0} boundingRect={Bounds=[Rect(0, 0 - 0, 0), Rect(505, 0 - 576, 94), Rect(0, 0 - 0, 0), Rect(0, 0 - 0, 0)]} cutoutPathParserInfo={CutoutPathParserInfo{displayWidth=1080 displayHeight=2640 physicalDisplayWidth=1080 physicalDisplayHeight=2640 density={3.0} cutoutSpec={M 0,0 H -11.83333333333333 V 31.33333333333333 H 11.83333333333333 V 0 H 0 Z @dp} rotation={0} scale={1.0} physicalPixelDisplaySizeRatio={1.0}}} sideOverrides={}}, isNavCanMove=true, isTablet=false, extraDisplayInfo=ExtraDisplayInfo(rotation=0, displayId=1, displaySize=Point(748, 720), displayCutout=DisplayCutout{insets=Rect(0, 0 - 0, 66) waterfall=Insets{left=0, top=0, right=0, bottom=0} boundingRect={Bounds=[Rect(0, 0 - 0, 0), Rect(0, 0 - 0, 0), Rect(0, 0 - 0, 0), Rect(379, 654 - 748, 720)]} cutoutPathParserInfo={CutoutPathParserInfo{displayWidth=748 displayHeight=720 physicalDisplayWidth=748 physicalDisplayHeight=720 density={2.125} cutoutSpec={@bottom @right M 0,0 H -173.6470588235294 V -31.05882352941176 H 0 V 0 Z @dp} rotation={0} scale={1.0} physicalPixelDisplaySizeRatio={1.0}}} sideOverrides={}}, foldState=0), enableOverlayWindow=false)
03-13 15:19:07.601  3003  3003 I SemMdnieManagerService: DDI setNightDimOffMode : false, index : 0, str : (0 0)
03-13 15:19:07.601  3003  3003 D SGM:GameManager: onDisplayChanged. displyId: 1, state: 1
03-13 15:19:07.601  3003  3003 V CameraService_worker: onDisplayChanged rotation : 0 current mDeviceState : 6
03-13 15:19:07.601  4832  4832 I HoneySpace.GestureInputHandler: deviceState changed DeviceState(naviMode=THREE_BUTTON, navigationBarHeight=144, hint=true, transparentHint=false, rotation=0, displayId=0, displaySize=Point(1080, 2640), displayCutout=DisplayCutout{insets=Rect(0, 94 - 0, 0) waterfall=Insets{left=0, top=0, right=0, bottom=0} boundingRect={Bounds=[Rect(0, 0 - 0, 0), Rect(505, 0 - 576, 94), Rect(0, 0 - 0, 0), Rect(0, 0 - 0, 0)]} cutoutPathParserInfo={CutoutPathParserInfo{displayWidth=1080 displayHeight=2640 physicalDisplayWidth=1080 physicalDisplayHeight=2640 density={3.0} cutoutSpec={M 0,0 H -11.83333333333333 V 31.33333333333333 H 11.83333333333333 V 0 H 0 Z @dp} rotation={0} scale={1.0} physicalPixelDisplaySizeRatio={1.0}}} sideOverrides={}}, isNavCanMove=true, isTablet=false, extraDisplayInfo=ExtraDisplayInfo(rotation=0, displayId=1, displaySize=Point(748, 720), displayCutout=DisplayCutout{insets=Rect(0, 0 - 0, 66) waterfall=Insets{left=0, top=0, right=0, bottom=0} boundingRect={Bounds=[Rect(0, 0 - 0, 0), Rect(0, 0 - 0, 0), Rect(0, 0 - 0, 0), Rect(379, 654 - 748, 720)]} cutoutPathParserInfo={CutoutPathParserInfo{displayWidth=748 displayHeight=720 physicalDisplayWidth=748 physicalDisplayHeight=720 density={2.125} cutoutSpec={@bottom @right M 0,0 H -173.6470588235294 V -31.05882352941176 H 0 V 0 Z @dp} rotation={0} scale={1.0} physicalPixelDisplaySizeRatio={1.0}}} sideOverrides={}}, foldState=0), enableOverlayWindow=false)
03-13 15:19:07.601  3003  3003 D SGM:GameManager: onDisplayChanged. displyId: 0, state: 1
03-13 15:19:07.601  4832  4832 I HoneySpace.RegionManagerImpl: changeTouchRegion() called with: com.honeyspace.gesture.region.NoGestureTouchRegion@d3356b8 to DeviceState(naviMode=THREE_BUTTON, navigationBarHeight=144, hint=true, transparentHint=false, rotation=0, displayId=0, displaySize=Point(1080, 2640), displayCutout=DisplayCutout{insets=Rect(0, 94 - 0, 0) waterfall=Insets{left=0, top=0, right=0, bottom=0} boundingRect={Bounds=[Rect(0, 0 - 0, 0), Rect(505, 0 - 576, 94), Rect(0, 0 - 0, 0), Rect(0, 0 - 0, 0)]} cutoutPathParserInfo={CutoutPathParserInfo{displayWidth=1080 displayHeight=2640 physicalDisplayWidth=1080 physicalDisplayHeight=2640 density={3.0} cutoutSpec={M 0,0 H -11.83333333333333 V 31.33333333333333 H 11.83333333333333 V 0 H 0 Z @dp} rotation={0} scale={1.0} physicalPixelDisplaySizeRatio={1.0}}} sideOverrides={}}, isNavCanMove=true, isTablet=false, extraDisplayInfo=ExtraDisplayInfo(rotation=0, displayId=1, displaySize=Point(748, 720), displayCutout=DisplayCutout{insets=Rect(0, 0 - 0, 66) waterfall=Insets{left=0, top=0, right=0, bottom=0} boundingRect={Bounds=[Rect(0, 0 - 0, 0), Rect(0, 0 - 0, 0), Rect(0, 0 - 0, 0), Rect(379, 654 - 748, 720)]} cutoutPathParserInfo={CutoutPathParserInfo{displayWidth=748 displayHeight=720 physicalDisplayWidth=748 physicalDisplayHeight=720 density={2.125} cutoutSpec={@bottom @right M 0,0 H -173.6470588235294 V -31.05882352941176 H 0 V 0 Z @dp} rotation={0} scale={1.0} physicalPixelDisplaySizeRatio={1.0}}} sideOverrides={}}, foldState=0), enableOverlayWindow=false)
03-13 15:19:07.601  4832  4832 I HoneySpace.RegionManagerImpl: resetSwipeRegion. RectF(0.0, 642.0, 748.0, 720.0), RectF(0.0, 0.0, 0.0, 0.0)
03-13 15:19:07.601  3003  3065 D WindowManager: DeferredDisplayUpdater: partially applying DisplayInfo(1080 x 2640) immediately
03-13 15:19:07.602 15873 15873 I VRI[InputMethod]@28ec110: onDisplayChanged oldDisplayState=2 newDisplayState=1
03-13 15:19:07.602  3003  3065 D SurfaceComposerClient: setCornerRadius ## a32b9ee com.newleaf.app.android.victor/com.newleaf.app.android.victor.player.view.EpisodePlayerActivity#65900 cornerRadius=0.000000
03-13 15:19:07.602  2007 12669 I sensors-hal: handle_sns_client_event:142, auto_rotation_event same event skip, type:2
03-13 15:19:07.602  2007 12669 I sensors-hal: handle_sns_client_event:159, auto_rotation_event_2 event,255, duration,0, ts,256748167399350, ts_diff,755345
03-13 15:19:07.602  2007 12669 I sensors-hal: handle_sns_client_event:170, auto_rotation_debug_2 acc,-0.067,-0.043,9.753, ar,0, h_ic,1,1, s,3, ver,14, pedo,1,e,1,i,3
03-13 15:19:07.602  3003  3687 D SGM:FgCheckThread: onLooperPrepared(), msg: MSG_LCD_OFF
03-13 15:19:07.602  3003  3687 D SGM:FgCheckThread: sendFocusOutConditionally() - mPrevNotiPkg: (unknown), userId: 0
03-13 15:19:07.602  3003  3687 D SGM:FgCheckThread: onLooperPrepared(), msg: MSG_LCD_OFF
03-13 15:19:07.602  2092  3859 I SSC_DAEMON: light_event_log:196, light_msg(4/15): panel off (idx 0) - 0,-1,-1,0
03-13 15:19:07.603  3003  3911 D SensorService: setSContextDataLocked ints length 3 , byte length 5
03-13 15:19:07.603  3003  3911 D SensorService: setSContextDataLocked 13130ec1
03-13 15:19:07.603  2007  2007 I sensors-hal: inject_sensor_data:407, handle 1502 send inject
03-13 15:19:07.603  2007  2007 I sensors-hal: sendContextData:290, sensor hal 5, (0xc1, 0xe, 0x13, 0x13)
03-13 15:19:07.603  2007  2007 I sensors-hal: sendContextData:230, activities 5 c1, 1
03-13 15:19:07.603  2007  2007 I sensors-hal: sendUserData:251, Activities cmd 0xc1 0xe
03-13 15:19:07.603  2007  2007 I sensors-hal: sendUserData:265, Activities system time h 19 m 19 s 7
03-13 15:19:07.603  2007  2007 I sensors-hal: create_send_context_data:80, sending create_send_context_data
03-13 15:19:07.603  2007  2007 I sensors-hal: send_context_data:694, activities, 4914309220830019584, 1320970896291267344, msgid:700
03-13 15:19:07.603  2007  2007 I sensors-hal: sendContextData:114, common_info 5
03-13 15:19:07.603  2007  2007 I sensors-hal: sendUserData:137, CommonInfo 0xc1 0xe 0x13 0x13
03-13 15:19:07.603  2007  2007 I sensors-hal: create_send_context_data:70, sending create_send_context_data
03-13 15:19:07.603  2007  2007 I sensors-hal: send_context_data:694, common_info, 4914309147815575552, 1320970896291267344, msgid:700
03-13 15:19:07.604  2007  3909 I sensors-hal: qsh_conn_resp_cb:930, resp_value = 0 for activities 
03-13 15:19:07.604  2007  3909 I sensors-hal: qsh_conn_resp_cb:930, resp_value = 0 for common_info 
03-13 15:19:07.604 15873 15873 I PkDeviceHelper: PkDeviceHelper.refreshDevices():87 refreshing devices
03-13 15:19:07.604  3003  3911 D SensorService: setSContextDataLocked ints length 2 , byte length 4
03-13 15:19:07.604  3003  3911 D SensorService: setSContextDataLocked 47c1
03-13 15:19:07.604  3003  3911 I SensorService: [EARPROXIMITY] EarProximitySensor2 screen 0
03-13 15:19:07.605  2007  2007 I sensors-hal: inject_sensor_data:407, handle 1502 send inject
03-13 15:19:07.605  2007  2007 I sensors-hal: sendContextData:290, sensor hal 4, (0xc1, 0x47, 0x0, 0x0)
03-13 15:19:07.605  2007  2007 I sensors-hal: sendContextData:230, activities 4 c1, 1
03-13 15:19:07.605  2007  2007 I sensors-hal: sendUserData:251, Activities cmd 0xc1 0x47
03-13 15:19:07.605  2007  2007 I sensors-hal: create_send_context_data:80, sending create_send_context_data
03-13 15:19:07.605  2007  2007 I sensors-hal: send_context_data:694, activities, 4914309220830019584, 1320970896291267344, msgid:700
03-13 15:19:07.605 16161 32398 I NearbySharing: Screen is locked
03-13 15:19:07.605  2007  2007 I sensors-hal: sendContextData:114, common_info 4
03-13 15:19:07.605  2007  2007 I sensors-hal: sendUserData:137, CommonInfo 0xc1 0x47 0x0 0x0
03-13 15:19:07.605  2007  2007 I sensors-hal: create_send_context_data:70, sending create_send_context_data
03-13 15:19:07.605  2007  2007 I sensors-hal: send_context_data:694, common_info, 4914309147815575552, 1320970896291267344, msgid:700
03-13 15:19:07.605 16161 32398 I NearbySharing: Stopping scanning because the screen is locked.
03-13 15:19:07.605  2007  2007 I sensors-hal: write_algo_lcd_onoff_state:196, algo_lcd_onoff : 0x0
03-13 15:19:07.605  2092  2092 I SSC_DAEMON: handleSensorTestReqMsg:85, Sensor type :20, Msg type:15
03-13 15:19:07.605  2092  2092 I SSC_DAEMON: physicalSensorTestReqMsg:162, 0.algo_id:26, num:1
03-13 15:19:07.605  2007  3909 I sensors-hal: qsh_conn_resp_cb:930, resp_value = 0 for activities 
03-13 15:19:07.605  2071  2129 I sysinput:aidl: onReportInformation:93, 1, enabled@1,0:0
03-13 15:19:07.605  2007  3909 I sensors-hal: qsh_conn_resp_cb:930, resp_value = 0 for common_info 
03-13 15:19:07.605 16161 16161 I NearbyDiscovery: (REDACTED) FastPairDisplayObserver: %s -> %s
03-13 15:19:07.605  2071  2129 I sysinput:Touch1: operator():132, 1,0 OK
03-13 15:19:07.605  3003  3910 I CAE     : handleMessage(CaPowerManager.java:240) - SCREEN_OFF
03-13 15:19:07.605 16161 17325 I NearbyDiscovery: (REDACTED) PureOffloadFastPairScanner: eventType=%s, isInternalReq=%s, isScanning=%s, isScanningAllowed=%s
03-13 15:19:07.605  3003  3994 D SysinputHAL_AIDL: activate(TSP(1)),1,0 ret=0
03-13 15:19:07.606  2007  3645 I sensors-hal: qsh_conn_event_cb:890, event[0] sensor:Pocket mode  Wakeup, msg_id=715, ts=4929665506564
03-13 15:19:07.606  2007  3645 E libprotobuf-native: [libprotobuf ERROR external/protobuf/src/google/protobuf/message_lite.cc:133] Can't parse message of type "sns_std_sensor_event" because it is missing required fields: (cannot determine missing fields for lite message)
03-13 15:19:07.606  2092  3859 I SSC_DAEMON: pocketModeOptionDefineEvent:23, 1
03-13 15:19:07.606  4360 22848 I CCodecBufferChannel: [c2.qti.hevc.decoder#391] updating max output delay 18
03-13 15:19:07.607  3003  3067 D SGM:FgCheckThread: notePauseComponent(), received pkgName: com.newleaf.app.android.victor, userId: 0
03-13 15:19:07.607  4832 32472 I HoneySpace.Memory-Monitor: no default Display - 1
03-13 15:19:07.607  4607  4607 D NfcService: handleMessage: MSG_APPLY_SCREEN_STATEOFF_UNLOCKED
03-13 15:19:07.607  4607  4607 D [NFC_SE]SamsungExtension: onLogEventNotified() item:[mCommandApdus: [mResponseApdus: , mCallingApi= 0, mAction= 518, mCallingPId = 0, mRfFieldOnTime= null
03-13 15:19:07.607  4607  4607 D [NFC_SE]NfcOemLogHelper: reportLogEvent = [mCommandApdus: [mResponseApdus: , mCallingApi= 0, mAction= 518, mCallingPId = 0, mRfFieldOnTime= null
03-13 15:19:07.607  4607  4607 D [NFC_SE]NfcOemLogHelper: try to send FLD_ERROR
03-13 15:19:07.607  4607  4607 D [NFC_SE]NfcOemLogHelper: RF Field is disabled
03-13 15:19:07.608  4607  4607 D libnfc_nci: nfcManager_doSetScreenState: state = 1 prevScreenState= 8, discovry_param = 1
03-13 15:19:07.608  4607  4986 D NxpGenExtn: vendor_nfc_handle_event Enter eventCode:11
03-13 15:19:07.608  4607  4986 D NxpGenExtn: phNxpExtn_HandleVendorNciMsg Not vendor specific command!!
03-13 15:19:07.608  4607  4986 I NxpGenExtn: phNxpExtn_Write NCI datalen:7
03-13 15:19:07.608  4607  4986 I NxpGenExtn: processExtnWrite Enter dataLen:7
03-13 15:19:07.608  4607  4986 I NxpPropExtn: phNxpProp_ProcessExtnWrite PropExtensionController Enter dataLen:7
03-13 15:19:07.608  4607  4986 I NxpPropExtn: processExtnWrite Enter
03-13 15:19:07.608  4607  4986 D NxpPropExtn: NciStateMonitor processExtnWrite Enter
03-13 15:19:07.608  4607  4986 D NxpPropExtn: resendRequired, resend required
03-13 15:19:07.608  4607  4986 D NxpGenExtn: write Enter wLength:7
03-13 15:19:07.608  4607  4986 D NxpGenExtn: palenQueueWrite Enter wLength:7
03-13 15:19:07.608 16161 17325 I NearbyDiscovery: (REDACTED) ApFastPairScanner: isScreenOn=%s, isLocationEnabled=%s, disableLocationRequirement=%s, isDiscoveryScanningEnabled=%s, during24GhzWifiWarmingUpPeriod=%s
03-13 15:19:07.609 16161 32398 I NearbySharing: Stopping Fast Init advertisement because Bluetooth is off.
03-13 15:19:07.609  4607 22870 D NxpGenExtn: enQueueWriteInternal Enter wLength:7
03-13 15:19:07.609 16161 32398 I NearbySharing: Stopping advertising because Bluetooth is disabled.
03-13 15:19:07.609 16161 32398 I NearbySharing: Stopping FastInitiation scanning because the screen is locked.
03-13 15:19:07.609 16161 32398 D BluetoothAdapter: isLeEnabled(): BLE_ON
03-13 15:19:07.609 16161 32398 D BluetoothLeScanner: Stop Scan with callback
03-13 15:19:07.609  2439  2467 I android.hardware.nfc-service.nxp: write
03-13 15:19:07.611  4832  4832 I VRI[RecentsTransitionOverlay]@4784a59: onDisplayChanged oldDisplayState=2 newDisplayState=1
03-13 15:19:07.611  4832  4832 I VRI[LauncherActivity]@f209089: onDisplayChanged oldDisplayState=2 newDisplayState=1
03-13 15:19:07.611  4832 32443 I HoneySpace.Memory-Monitor: current state = 1, didTrim = false
03-13 15:19:07.611  4832 32443 I HoneySpace.Memory-Monitor: onDisplayStateChanged lastChangedDisplayState = 1
03-13 15:19:07.611  4832 32443 I HoneySpace.Memory-Monitor: no default Display - 1
03-13 15:19:07.611  4832 32443 I HoneySpace.Memory-Monitor: current state = 1, didTrim = true
03-13 15:19:07.611  4832  4832 I VRI[CocktailBarService]@5e29200: onDisplayChanged oldDisplayState=2 newDisplayState=1
03-13 15:19:07.611  4832  4832 I VRI[RecentsActivity]@5bc9119: onDisplayChanged oldDisplayState=2 newDisplayState=1
03-13 15:19:07.611  2053 22857 I QC2V4L2PollThread: [v4lhvcD_927] KPI_L1: Reconfig: ms=24
03-13 15:19:07.612 16161 17325 D BluetoothAdapter: isLeEnabled(): BLE_ON
03-13 15:19:07.612 16161 17325 I NearbyDiscovery: (REDACTED) ApFastPairScanner: eventType=%s, intReq=%s, scanning=%s, scanAllowed=%s, bleEnabled=%s, lockScanRate=%s, startScanningByLowPowerMode=%s
03-13 15:19:07.612 16161 17325 I NearbyDiscovery: (REDACTED) ApFastPairScanner: Stopping scan, %s
03-13 15:19:07.612 16161 17325 D BluetoothAdapter: isLeEnabled(): BLE_ON
03-13 15:19:07.612 16161 17325 D BluetoothLeScanner: Stop Scan with callback
03-13 15:19:07.614  3003  4002 D BackgroundInstallControlService: Package event received: 0
03-13 15:19:07.614  4184  4797 D SatelliteController: handleCmdUpdateNtnSignalStrengthReporting: ignore request, satellite is disabled
03-13 15:19:07.614  3003  4333 V WindowManager: Setting visibility of Window{a32b9ee u0 com.newleaf.app.android.victor/com.newleaf.app.android.victor.player.view.EpisodePlayerActivity}: false, caller=com.android.server.wm.WindowContainer.sendAppVisibilityToClients:19 com.android.server.wm.WindowToken.setClientVisible:48 com.android.server.wm.ActivityRecord.commitVisibility:186 com.android.server.wm.ActivityRecord.setVisibility:623 com.android.server.wm.ActivityRecord.makeInvisible:32 
03-13 15:19:07.615  3003  4333 D PowerManagerService: [api] release WakeLock SCREEN_BRIGHT_WAKE_LOCK           'WindowManager/displayId:0' ON_AFTER_RELEASE ACQ=-34s355ms (uid=1000 pid=3003 ws=WorkSource{10437 com.newleaf.app.android.victor} displayId=0 lock=ca1952e)
03-13 15:19:07.615  3003  4333 D EdgeLightingManager: hideForWakeLock is no more used
