03-13 15:25:38.395  4205  4205 E AbsSettings: refreshInner: refreshedSettingsDBItem key profile_id val = 1124882606
03-13 15:25:38.395  4607 24496 D NxpGenExtn: DefaultEventHandler::handleVendorNciRspNtf Enter dataLen:4
03-13 15:25:38.395  4607 24496 D NxpGenExtn: phNxpExtn_HandleVendorNciRspNtf prop status:81
03-13 15:25:38.395  4607 24496 D NxpGenExtn: NfcExtensionController::handleVendorNciRspNtf Enter dataLen:4
03-13 15:25:38.395  4205  4205 I SubLauncher:SubLauncherAClockPositionDataRepositoryImpl@13878558: getPositionArea() Point(53, 117)
03-13 15:25:38.395  4607 24496 D NxpGenExtn: DefaultEventHandler::handleVendorNciRspNtf Enter dataLen:4
03-13 15:25:38.395  4607 24496 D NxpGenExtn: phNxpExtn_HandleVendorNciRspNtf gen status:81
03-13 15:25:38.395  4205  4205 I SubScreenPositionControllerImpl[SUB_CLOCK_AOD]: initPosition: mRange = Rect(-27, -59 - 27, 59), mParams = ViewPositionParams {name = SUB_CLOCK_AOD, width = 53, height = 117, left = 0, top = 0, right = 0, bottom = 0, offset = Point(0, 0), interval = 10, gravity = 17, high = false, baseScreenSizeRate = 1.0, initialBottomMargin = 0}
03-13 15:25:38.395  4205  4205 I SubLauncher:SubLauncherAClockPositionDataRepositoryImpl@13878558: getDozePositionOffset() translation = Point(0, 0), offset = Point(0, 0), scale = 1.0
03-13 15:25:38.395  4205  4205 I SubLauncher:SubLauncherClockPositionController@72316410: init position with 1, isThick=false, scale=1.0, targetScale=1.0
03-13 15:25:38.395  4205  4205 I ModuleClockPositionController[1]: getClockPositionInfo : ClockPositionInfo: id = , x = 276.0, y = 130.0, width = 196, height = 332, type = 2, editable = true, targetView = android.widget.LinearLayout{1069ff3 V.E...... ......ID 0,0-196,332 #7f0a1ff1 app:id/common_time_date_container}
03-13 15:25:38.395  4205  4205 I ModuleClockView_SUB_LAUNCHER_1@80: setScaleClock: 1.0
03-13 15:25:38.395  4205  4205 I ModuleClockPositionController[1]: updatePositionData: set value to ModuleClockPositionData(clockType=1, clockGravity=0, clockTopMargin=0, clockHorizontalMargin=0, clockScale=1.0, clockMaxWidth=680)
03-13 15:25:38.395  4205  4362 D DeviceState: isEuicc() :1 : true
03-13 15:25:38.395  4205  4205 I SubLauncher:SubLauncherStateManager@232606011: setClockDozeAmountAnim: aod.NT0@cf84e53 -> aod.NT0@311b373
03-13 15:25:38.395  4205  4362 D Tile.AirplaneModeTile:  handleUpdateState mIsWiFiOnlyDevice false isNoSimState true isPowerOffServiceState true mSetting.getValue() 0 isSatelliteModeOn false isChinaDevice false
03-13 15:25:38.395  4205  4362 D Tile.AirplaneModeTile:  handleUpdateState:  value = false, state = 1
03-13 15:25:38.395  4205  4205 I SubScreenPositionControllerImpl[SUB_STATUS_BAR_NOTI]: initPosition: mRange = Rect(0, -11 - 22, 11), mParams = ViewPositionParams {name = SUB_STATUS_BAR_NOTI, width = 21, height = 21, left = 0, top = 0, right = 0, bottom = 0, offset = Point(0, 0), interval = 10, gravity = 8388627, high = false, baseScreenSizeRate = 1.0, initialBottomMargin = 0}
03-13 15:25:38.395  4205  4205 I SubScreenPositionControllerImpl[SUB_STATUS_BAR_BATTERY]: initPosition: mRange = Rect(-22, -11 - 0, 11), mParams = ViewPositionParams {name = SUB_STATUS_BAR_BATTERY, width = 21, height = 21, left = 0, top = 0, right = 0, bottom = 0, offset = Point(0, 0), interval = 10, gravity = 8388629, high = false, baseScreenSizeRate = 1.0, initialBottomMargin = 0}
03-13 15:25:38.395  4205  4205 I SubScreenPositionControllerImpl[SUB_CLOCK_AOD]: initPosition: mRange = Rect(-27, -59 - 27, 59), mParams = ViewPositionParams {name = SUB_CLOCK_AOD, width = 53, height = 117, left = 0, top = 0, right = 0, bottom = 0, offset = Point(0, 0), interval = 10, gravity = 17, high = false, baseScreenSizeRate = 1.0, initialBottomMargin = 0}
03-13 15:25:38.395  4205  4205 I SubScreenPositionControllerImpl[SUB_CLOCK_AOD]: setAODFinalPosition() mAODFinalPosition = [0,-28], offset[Point(0, 0)]
03-13 15:25:38.395  4205  4205 I SubScreenPositionControllerImpl[SUB_CLOCK_AOD]: updatePosition: first update mCurPoint = Point(0, -28), mRange = Rect(-27, -59 - 27, 59), count = 1, interval = 10
03-13 15:25:38.395  4205  4205 I SubScreenPositionControllerImpl[SUB_CLOCK_AOD]: getRandomFinalPosition() [0,-28]
03-13 15:25:38.395  4205  4205 I SubLauncher:SubLauncherStateManager@232606011: setClockDozePosition: Point(14, 16) -> Point(0, -28)
03-13 15:25:38.395  4205  4205 I SubScreenPositionControllerImpl[SUB_STATUS_BAR_NOTI]: initPosition: mRange = Rect(0, -11 - 22, 11), mParams = ViewPositionParams {name = SUB_STATUS_BAR_NOTI, width = 21, height = 21, left = 0, top = 0, right = 0, bottom = 0, offset = Point(0, 0), interval = 10, gravity = 8388627, high = false, baseScreenSizeRate = 1.0, initialBottomMargin = 0}
03-13 15:25:38.395  4205  4205 I SubScreenPositionControllerImpl[SUB_STATUS_BAR_NOTI]: setAODFinalPosition() mAODFinalPosition = [15,1], offset[Point(0, 0)]
03-13 15:25:38.395  4205  4205 I SubScreenPositionControllerImpl[SUB_STATUS_BAR_NOTI]: updatePosition: first update mCurPoint = Point(15, 1), mRange = Rect(0, -11 - 22, 11), count = 1, interval = 10
03-13 15:25:38.395  4205  4205 I SubScreenPositionControllerImpl[SUB_STATUS_BAR_BATTERY]: initPosition: mRange = Rect(-22, -11 - 0, 11), mParams = ViewPositionParams {name = SUB_STATUS_BAR_BATTERY, width = 21, height = 21, left = 0, top = 0, right = 0, bottom = 0, offset = Point(0, 0), interval = 10, gravity = 8388629, high = false, baseScreenSizeRate = 1.0, initialBottomMargin = 0}
03-13 15:25:38.395  4205  4205 I SubScreenPositionControllerImpl[SUB_STATUS_BAR_BATTERY]: setAODFinalPosition() mAODFinalPosition = [-8,-8], offset[Point(0, 0)]
03-13 15:25:38.395  4205  4205 I SubScreenPositionControllerImpl[SUB_STATUS_BAR_BATTERY]: updatePosition: first update mCurPoint = Point(-8, -8), mRange = Rect(-22, -11 - 0, 11), count = 1, interval = 10
03-13 15:25:38.395  4205  4205 I SubScreenPositionControllerImpl[SUB_STATUS_BAR_NOTI]: getRandomFinalPosition() [15,1]
03-13 15:25:38.395  4205  4205 I SubScreenPositionControllerImpl[SUB_STATUS_BAR_BATTERY]: setFinalPositionY(1) Point(-8, -8) -> Point(-8, 1)
03-13 15:25:38.395  4205  4205 I SubScreenPositionControllerImpl[SUB_STATUS_BAR_NOTI]: getRandomFinalPosition() [15,1]
03-13 15:25:38.395  4205  4205 I SubLauncher:SubLauncherStateManager@232606011: setNIODozePosition: Point(6, 11) -> Point(15, 1)
03-13 15:25:38.395  4205  4205 I SubScreenPositionControllerImpl[SUB_STATUS_BAR_BATTERY]: getRandomFinalPosition() [-8,1]
03-13 15:25:38.395  4205  4205 I SubLauncher:SubLauncherStateManager@232606011: setBatteryDozePosition: Point(-16, 11) -> Point(-8, 1)
03-13 15:25:38.395  4205  4205 I SubLauncher:GetClockMovableAreaUseCase@58390511: MovableArea: SkRegion((34,72,714,431)(34,431,621,552)), from=left: Rect(0, 0 - 34, 720), top: Rect(0, 0 - 748, 72), right: Rect(714, 0 - 748, 720), bottom: Rect(0, 552 - 748, 720), shortcut: Rect(621, 431 - 748, 720), nowBar: Rect(0, 578 - 748, 720), 
03-13 15:25:38.395  4205  4205 I SubLauncher:SubLauncherClock@211923914: initMovableArea: SkRegion((34,72,714,431)(34,431,621,552)), rootSize=SubScreenSize(width=748, height=720, widthF=748.0, heightF=720.0, halfWidth=374.0, halfHeight=360.0, cornerRadius=20), isFlexMode=false, isWidgetEnabled=false, isInformative=false, isNowBarVisible=true, nowBarPosition=Point(-16, 19)
03-13 15:25:38.396  4205  4205 I SubLauncher:SubLauncherFrontScrim@3963240: isFolderClosed it=true, displayState=1
03-13 15:25:38.396  4205  4205 I SubLauncher:SubLauncherStateManager@232606011: setFrontScrimAnimState: 0 -> 1
03-13 15:25:38.396  4205  4205 I SubLauncher:SubLauncherWidget@32662509: dispatchWidgetListening: true
03-13 15:25:38.396  4205  4205 D CoverWidgetDataControllerImpl: startAppWidgetListening tiletype=0
03-13 15:25:38.396  2022  2124 I HYPER-HAL: [RequestManager.cpp]acquire(): Acquired ID : 307307210  [2025 / 22765]    HINT :      list : [TID_LOW_LATENCY / 1] [TID / 4392] [TID / 4393] [TID / 4205] [TID / 4394] 
03-13 15:25:38.396  3003  6501 D HintManagerService: SystemUI make new AppHintSession but force pause
03-13 15:25:38.397  3003  4923 I AppWidgetServiceImpl: startListening() 
03-13 15:25:38.397  3003  4923 I AppWidgetServiceImpl: startListening callbacks : com.android.internal.appwidget.IAppWidgetHost$Stub$Proxy@cfd1e97 intervalEnsure:257138962 intervalHostLock:257138962 LhostId:HostId{user:0, app:10053, hostId:1911, pkg:com.android.systemui}
03-13 15:25:38.397  3003  4923 I AppWidgetServiceImpl: startListening() finish
03-13 15:25:38.397  2053 11992 I QC2V4L2PollThread: [v4lhvcD_990] KPI_L1: Reconfig: ms=37
03-13 15:25:38.397  4205  4205 I AppWidgetHost: updateAppWidgetView, appWidgetId = 4, v = aod.Dt{50e0153 V.E...... R.....ID 0,0-318,280}
03-13 15:25:38.397  4205  4205 D GWT:HostView: [aodservice] updateAppWidget: rv=android.widget.RemoteViews@fadb15c, width=318 height=280
03-13 15:25:38.397  2022  2124 I HYPER-HAL: [RequestManager.cpp]acquire(): Acquired ID : 307307210  [2025 / 22765]    HINT :      list : [TID_LOW_LATENCY / 0] [TID / 4392] [TID / 4393] [TID / 4205] [TID / 4394] 
03-13 15:25:38.398  4205  4205 D FaceWidgetWallpaperUtilsWrapper: updateStyle: updateFlag = [ | | | STATUSBAR BODY_TOP BODY_MID BODY_BOTTOM NAVIBAR BACKGROUND | SHADOW ], colors = Rect(31, 19 - 716, 48)[1] Rect(261, 150 - 484, 490)[1] Rect(350, 12 - 397, 57)[1] Rect(631, 556 - 711, 637)[1] Rect(42, 652 - 308, 718)[1] Rect(0, 0 - 748, 718)[1] 
03-13 15:25:38.398  4205  4205 I SubLauncher:BouncerViewController@120397705: set fontColor with isBlackWallpaper
03-13 15:25:38.398  4205  4205 D FaceWidgetWallpaperUtilsWrapper: updateStyle: updateFlag = [ | | | STATUSBAR BODY_TOP BODY_MID BODY_BOTTOM NAVIBAR BACKGROUND | SHADOW ], colors = Rect(31, 19 - 716, 48)[1] Rect(261, 150 - 484, 490)[1] Rect(350, 12 - 397, 57)[1] Rect(631, 556 - 711, 637)[1] Rect(42, 652 - 308, 718)[1] Rect(0, 0 - 748, 718)[1] 
03-13 15:25:38.398  4205  4205 I SubLauncher:SubLauncherShortcutController@221946527: get fontColorType from Wallpaper Rect(31, 19 - 716, 48)[1] Rect(261, 150 - 484, 490)[1] Rect(350, 12 - 397, 57)[1] Rect(631, 556 - 711, 637)[1] Rect(42, 652 - 308, 718)[1] Rect(0, 0 - 748, 718)[1] 
03-13 15:25:38.398  4205  4205 I SubLauncher:SubLauncherShortcutController@221946527: shortcutFontColorType : BLACK
03-13 15:25:38.398  4205  4205 D FaceWidgetWallpaperUtilsWrapper: updateStyle: updateFlag = [ | | | STATUSBAR BODY_TOP BODY_MID BODY_BOTTOM NAVIBAR BACKGROUND | SHADOW ], colors = Rect(31, 19 - 716, 48)[1] Rect(261, 150 - 484, 490)[1] Rect(350, 12 - 397, 57)[1] Rect(631, 556 - 711, 637)[1] Rect(42, 652 - 308, 718)[1] Rect(0, 0 - 748, 718)[1] 
03-13 15:25:38.398  4205  4205 I SubLauncher:SubLauncherClockColorManager@150858901: updateStyle [version:22, which:17, adaptive dim:0.0/0, darkmode dim:0.25]
03-13 15:25:38.398  4205  4205 I SubLauncher:SubLauncherClockColorManager@150858901: 	[SeedColors, [-70198]]
03-13 15:25:38.398  4205  4205 I SubLauncher:SubLauncherClockColorManager@150858901: 	[STATUSBAR, Rect(31, 19 - 716, 48):1/ff000000/1.0/0.1, 0.0/0.0/0.0]
03-13 15:25:38.398  4205  4205 I SubLauncher:SubLauncherClockColorManager@150858901: 	[BODY_TOP, Rect(261, 150 - 484, 490):1/ff4e4e4e/2.0004/0.30007502, 37.627117/0.23694779/0.9764706]
03-13 15:25:38.398  4205  4205 I SubLauncher:SubLauncherClockColorManager@150858901: 	[BODY_MID, Rect(350, 12 - 397, 57):1/ff525252/2.0004/0.30007502, 40.8/0.19607843/1.0]
03-13 15:25:38.398  4205  4205 I SubLauncher:SubLauncherClockColorManager@150858901: 	[BODY_BOTTOM, Rect(631, 556 - 711, 637):1/ff343434/3.3315673/0.54966885, 31.8/0.4784689/0.81960785]
03-13 15:25:38.398  4205  4205 I SubLauncher:SubLauncherClockColorManager@150858901: 	[NAVIBAR, Rect(42, 652 - 308, 718):1/ff525252/2.0004/0.30007502, 42.352943/0.2007874/0.99607843]
03-13 15:25:38.398  4205  4205 I SubLauncher:SubLauncherClockColorManager@150858901: 	[BACKGROUND, Rect(0, 0 - 748, 718):1/ff464646/2.1101708/0.32065704, 34.411766/0.28691983/0.92941177]
03-13 15:25:38.398  4205  4205 I SubLauncher:SubLauncherClockColorManager@150858901: color set changed 10, adap = false, custom = -11654621, fontColorType=1
03-13 15:25:38.398  4205  4205 I SubLauncher:SubLauncherClockColorManager@150858901: setClockColor() 10
03-13 15:25:38.398  4205  4205 I ModuleClockView_SUB_LAUNCHER_1@80: setFontColorType: 1
03-13 15:25:38.398  4205  4205 I ModuleClockView_SUB_LAUNCHER_1@80: refreshColor: Custom
03-13 15:25:38.398  4205  4205 I ModuleClockView_SUB_LAUNCHER_1@80: updateBaseTargetPaletteItem: base=SOLID color : FF4E2A23, target=SOLID color : FFCCA8A1
03-13 15:25:38.398  4205  4205 I ModuleClockView_SUB_LAUNCHER_1@80: setCustomColorInternal : color = #ff4e2a23 > #ff4e2a23, mIsWhiteWallpaper = true
03-13 15:25:38.398  4205  4205 I DigitalVerticalClockView_SUB_LAUNCHER_1@57: setFontColorType: 1
03-13 15:25:38.398  4205  4205 I DigitalVerticalClockView_SUB_LAUNCHER_1@57: refreshColor: Custom
03-13 15:25:38.398  4205  4205 I DigitalVerticalClockView_SUB_LAUNCHER_1@57: updateBaseTargetPaletteItem: base=SOLID color : FF4E2A23, target=SOLID color : FFCCA8A1
03-13 15:25:38.398  4205  4205 I DigitalVerticalClockView_SUB_LAUNCHER_1@57: setCustomColorInternal : color = #ff4e2a23 > #ff4e2a23, mIsWhiteWallpaper = true
03-13 15:25:38.398  4607  4986 D libnfc_nci: nfaDeviceManagementCallback: enter; event=0xB
03-13 15:25:38.398  4607  4986 D libnfc_nci: nfaDeviceManagementCallback: NFA_DM_SET_POWER_SUB_STATE_EVT; status=0x0
03-13 15:25:38.398  4205  4205 I ModuleClockView_SUB_LAUNCHER_1@80: setCustomColor : color = -11654621
03-13 15:25:38.398  4205  4205 I ModuleClockView_SUB_LAUNCHER_1@80: updateBaseTargetPaletteItem: base=SOLID color : FF4E2A23, target=SOLID color : FFCCA8A1
03-13 15:25:38.398  4205  4205 I ModuleClockView_SUB_LAUNCHER_1@80: setCustomColorInternal : color = #ff4e2a23 > #ff4e2a23, mIsWhiteWallpaper = true
03-13 15:25:38.398  4205  4205 I DigitalVerticalClockView_SUB_LAUNCHER_1@57: setCustomColor : color = -11654621
03-13 15:25:38.398  4205  4205 I DigitalVerticalClockView_SUB_LAUNCHER_1@57: updateBaseTargetPaletteItem: base=SOLID color : FF4E2A23, target=SOLID color : FFCCA8A1
03-13 15:25:38.398  4205  4205 I DigitalVerticalClockView_SUB_LAUNCHER_1@57: setCustomColorInternal : color = #ff4e2a23 > #ff4e2a23, mIsWhiteWallpaper = true
03-13 15:25:38.398  4205  4205 I SubLauncher:SubLauncherStateManager@232606011: setClockShadowStyle: [ShadowStyle: shadowRadius = 0.0, shadowDx = 0.0, shadowDy = 0.0, shadowColor = 0] -> [ShadowStyle: shadowRadius = 0.0, shadowDx = 0.0, shadowDy = 0.0, shadowColor = 0]
03-13 15:25:38.398  4205  4205 I SubLauncher:SubLauncherClockColorManager@150858901: clock color = #ff4e2a23
03-13 15:25:38.398  4205  4205 I SubLauncher:SubLauncherStateManager@232606011: setClockColor: -11654621 -> -11654621
03-13 15:25:38.398  4205  4205 I SubLauncher:SubLauncherClockColorManager@150858901: set fontColor from Wallpaper  Rect(31, 19 - 716, 48)[1] Rect(261, 150 - 484, 490)[1] Rect(350, 12 - 397, 57)[1] Rect(631, 556 - 711, 637)[1] Rect(42, 652 - 308, 718)[1] Rect(0, 0 - 748, 718)[1] 
03-13 15:25:38.398  4205  4205 D FaceWidgetWallpaperUtilsWrapper: updateStyle: updateFlag = [ | | | STATUSBAR BODY_TOP BODY_MID BODY_BOTTOM NAVIBAR BACKGROUND | SHADOW ], colors = Rect(31, 19 - 716, 48)[1] Rect(261, 150 - 484, 490)[1] Rect(350, 12 - 397, 57)[1] Rect(631, 556 - 711, 637)[1] Rect(42, 652 - 308, 718)[1] Rect(0, 0 - 748, 718)[1] 
03-13 15:25:38.398  4205  4205 I SubLauncher:SubLauncherClockStatusBarController@43446542: get fontColorType from Wallpaper Rect(31, 19 - 716, 48)[1] Rect(261, 150 - 484, 490)[1] Rect(350, 12 - 397, 57)[1] Rect(631, 556 - 711, 637)[1] Rect(42, 652 - 308, 718)[1] Rect(0, 0 - 748, 718)[1] 
03-13 15:25:38.398  4205  4205 D FaceWidgetWallpaperUtilsWrapper: updateStyle: updateFlag = [ | | | STATUSBAR BODY_TOP BODY_MID BODY_BOTTOM NAVIBAR BACKGROUND | SHADOW ], colors = Rect(31, 19 - 716, 48)[1] Rect(261, 150 - 484, 490)[1] Rect(350, 12 - 397, 57)[1] Rect(631, 556 - 711, 637)[1] Rect(42, 652 - 308, 718)[1] Rect(0, 0 - 748, 718)[1] 
03-13 15:25:38.399  4205  4205 I SubLauncher:LockIconViewController@83161634: get fontColorType from Wallpaper Rect(31, 19 - 716, 48)[1] Rect(261, 150 - 484, 490)[1] Rect(350, 12 - 397, 57)[1] Rect(631, 556 - 711, 637)[1] Rect(42, 652 - 308, 718)[1] Rect(0, 0 - 748, 718)[1] 
03-13 15:25:38.399  4205  4205 D FaceWidgetWallpaperUtilsWrapper: updateStyle: updateFlag = [ | | | STATUSBAR BODY_TOP BODY_MID BODY_BOTTOM NAVIBAR BACKGROUND | SHADOW ], colors = Rect(31, 19 - 716, 48)[1] Rect(261, 150 - 484, 490)[1] Rect(350, 12 - 397, 57)[1] Rect(631, 556 - 711, 637)[1] Rect(42, 652 - 308, 718)[1] Rect(0, 0 - 748, 718)[1] 
03-13 15:25:38.399  4205  4205 I SubLauncher:SubLauncherNowBarController@192055129: get fontColorType from Wallpaper Rect(31, 19 - 716, 48)[1] Rect(261, 150 - 484, 490)[1] Rect(350, 12 - 397, 57)[1] Rect(631, 556 - 711, 637)[1] Rect(42, 652 - 308, 718)[1] Rect(0, 0 - 748, 718)[1] 
03-13 15:25:38.399  4205  4205 I SubLauncher:SubLauncherNowBarController@192055129: nowBarColorType : BLACK
03-13 15:25:38.399  4205  4205 D WallpaperManager: semGetWallpaperColors: which = 17
03-13 15:25:38.399  4205  4205 D SemWallpaperColorsArea: SemWallpaperColorsArea [1080, 2640] which: 17 rotation: 0 has Base: false
03-13 15:25:38.399  4205  4205 D SemWallpaperColorsArea: SemWallpaperColorsArea which = 17, mDensity : 2.125, 1080x2640,508x1242,14,31, 9
03-13 15:25:38.399  4205  4205 I SemWallpaperColorsArea: Final area : Rect(46, 19 - 1032, 48)
03-13 15:25:38.399  4205  4205 I SemWallpaperColorsArea: Final area : Rect(376, 561 - 701, 1806)
03-13 15:25:38.399  4205  4205 I SemWallpaperColorsArea: Final area : Rect(505, 46 - 573, 214)
03-13 15:25:38.399  4205  4205 I SemWallpaperColorsArea: Final area : Rect(911, 2046 - 1028, 2341)
03-13 15:25:38.399  4205  4205 I SemWallpaperColorsArea: Final area : Rect(61, 2573 - 446, 2639)
03-13 15:25:38.399  4205  4205 I SemWallpaperColorsArea: Final area : Rect(0, 0 - 1079, 2639)
03-13 15:25:38.399  4205  4205 W Settings: Setting accessibility_reduce_transparency has moved from android.provider.Settings.System to android.provider.Settings.Global, returning read-only value.
03-13 15:25:38.399  4205  4205 W Settings: Setting accessibility_reduce_transparency has moved from android.provider.Settings.System to android.provider.Settings.Global, returning read-only value.
03-13 15:25:38.399  4205  4205 I SubLauncher:SubLauncherNowBarExternalViewCardView@202258656: dimColor : 2829099 and darkAmount 0.0
03-13 15:25:38.399  4205  4205 W Settings: Setting accessibility_reduce_transparency has moved from android.provider.Settings.System to android.provider.Settings.Global, returning read-only value.
03-13 15:25:38.399  4205  4205 D WallpaperManager: semGetWallpaperColors: which = 17
03-13 15:25:38.399  3003  4086 D NetdEventListenerService: DNS Requested by 115, 10437(com.newleaf.app.android.victor), SUCCESS, 3ms
03-13 15:25:38.399  4205  4205 D SemWallpaperColorsArea: SemWallpaperColorsArea [1080, 2640] which: 17 rotation: 0 has Base: false
03-13 15:25:38.399  4205  4205 D SemWallpaperColorsArea: SemWallpaperColorsArea which = 17, mDensity : 2.125, 1080x2640,508x1242,14,31, 9
03-13 15:25:38.399  4205  4205 I SemWallpaperColorsArea: Final area : Rect(46, 19 - 1032, 48)
03-13 15:25:38.399  4205  4205 I SemWallpaperColorsArea: Final area : Rect(376, 561 - 701, 1806)
03-13 15:25:38.399  4205  4205 I SemWallpaperColorsArea: Final area : Rect(505, 46 - 573, 214)
03-13 15:25:38.399  4205  4205 I SemWallpaperColorsArea: Final area : Rect(911, 2046 - 1028, 2341)
03-13 15:25:38.399  4205  4205 I SemWallpaperColorsArea: Final area : Rect(61, 2573 - 446, 2639)
03-13 15:25:38.399  4205  4205 I SemWallpaperColorsArea: Final area : Rect(0, 0 - 1079, 2639)
03-13 15:25:38.399  4205  4205 D View    : semSetBlurInfo, blurInfo : android.view.SemBlurInfo@3032d3a {BLUR_MODE_WINDOW, mBlurRadius = 300, mBackgroundBlurColor = 2829099, mCornerRadiusTL = 182.75, mCornerRadiusTR = 182.75, mCornerRadiusBL = 182.75, mCornerRadiusBR = 182.75, mClipRectLeft = 0, mClipRectTop = 0, mClipRectRight = 2147483647, mClipRectBottom = 2147483647, mColorCurve = android.view.SemBlurInfo$ColorCurve@4fe1deb {minX = 0.0, minY = 14.0, maxX = 255.0, maxY = 205.3, curveBias = -10.0, saturation = 0.4}}, androidx.cardview.widget.CardView{7de43f8 V.E...... ......ID 0,0-318,110 #7f0a256e app:id/sub_launcher_nowbar_cardview_background}
03-13 15:25:38.400  4205  4205 D ColoredBGHelper: onColorsChanged which = 17
03-13 15:25:38.400  4205  4205 D ColoredBackgroundRepository: notifyWallPaperColorChanged called
03-13 15:25:38.400  4205  4205 D WallpaperManager: getSeedColors: which = 1, fromGoogle = false
03-13 15:25:38.400  4205  4205 D WallpaperManager: semGetWallpaperColors: which = 1
03-13 15:25:38.400  3003  4748 D WALLPAPER_SVC:SubDisplayMode: getFolderStateBasedWhich state = 0 
03-13 15:25:38.400  4205  4205 D SemWallpaperColorsArea: SemWallpaperColorsArea [1080, 2640] which: 17 rotation: 0 has Base: false
03-13 15:25:38.400  4205  4205 D SemWallpaperColorsArea: SemWallpaperColorsArea which = 17, mDensity : 2.125, 1080x2640,508x1242,14,31, 9
03-13 15:25:38.400  4205  4205 I SemWallpaperColorsArea: Final area : Rect(46, 19 - 1032, 48)
03-13 15:25:38.400  4205  4205 I SemWallpaperColorsArea: Final area : Rect(376, 561 - 701, 1806)
03-13 15:25:38.400  4205  4205 I SemWallpaperColorsArea: Final area : Rect(505, 46 - 573, 214)
03-13 15:25:38.400  4205  4205 I SemWallpaperColorsArea: Final area : Rect(911, 2046 - 1028, 2341)
03-13 15:25:38.400  4205  4205 I SemWallpaperColorsArea: Final area : Rect(61, 2573 - 446, 2639)
03-13 15:25:38.400  4205  4205 I SemWallpaperColorsArea: Final area : Rect(0, 0 - 1079, 2639)
03-13 15:25:38.400  4205  4205 D ColoredBackgroundWallpaperInteractor: home MatchingColor : 0xff7f7765
03-13 15:25:38.400  4205  4205 D WallpaperManager: getSeedColors: which = 2, fromGoogle = false
03-13 15:25:38.400  4205  4205 D WallpaperManager: semGetWallpaperColors: which = 2
03-13 15:25:38.400  3003  4748 D WALLPAPER_SVC:SubDisplayMode: getFolderStateBasedWhich state = 0 
03-13 15:25:38.400  4205  4205 D ColoredBackgroundWallpaperInteractor: HOME h : 41.538464 s : 0.20472442 v : 0.49803922
03-13 15:25:38.400  4205  4205 D ColoredBackgroundWallpaperInteractor: getBGColor isWhiteWallpaper = false isBlackWallpaper = false wallPaperStatus = HOME 0xff7f7765
03-13 15:25:38.400  4205  4205 D ColoredBackgroundRepository: bgColorOverlaid = false, extractColor = 0xff7f7765, alpha = 61, alphaAppliedColor = 0x3d7f7765
03-13 15:25:38.400  4205  4205 D ColoredBGHelper: bgColor from interactor = 0x3d7f7765
03-13 15:25:38.400  4205  4205 D ColoredBGHelper: updateBGColor extractColor = 0x3d151a1b > 0x3d7f7765
03-13 15:25:38.400  4205  4205 D ColoredBGHelper: setBackGroundDrawable alpha = 61 > 61, color = 0x3d151a1b > 0x3d7f7765, actualAppliedColor = 0x3d151a1b > 0x3d7f7765 com.android.systemui.qs.bar.ColoredBGHelper$1$1.invokeSuspend:60
03-13 15:25:38.400  4205  4205 D ColoredBGHelper:  com.android.systemui.qs.bar.ColoredBGHelper$1$1.invoke:21
03-13 15:25:38.400  4205  4205 D ColoredBGHelper:  kotlinx.coroutines.flow.FlowKt__MergeKt$mapLatest$1.invokeSuspend:49
03-13 15:25:38.401  5393  6882 E ScanManager: [GSIM LOG]: gsimLogHandler, msg: MESSAGE_SCAN_STOP, appName: com.google.android.gms, scannerId: 1, reportDelayMillis=0
03-13 15:25:38.405  4360 11976 I MediaCodec: setCodecState state(1), called in 6, domain 1, 1
03-13 15:25:38.406  2105  2342 W qdgralloc: getInterlacedFlag: getMetaData returned 3, defaulting to interlaced_flag = 0
03-13 15:25:38.406  6380  6380 I SemMediaResourceHelper: onState
03-13 15:25:38.407  4360  4776 I SprWallpaper|FoldInteractive: resetFrame : onSeekComplete
03-13 15:25:38.407  4360  4776 I SprWallpaper|FoldInteractive: resetFrame : before release. elapsed=192
03-13 15:25:38.407  4360  4776 I SprWallpaper|VideoPlayer: release : needReset = true
03-13 15:25:38.407  4360 11976 I CCodec  : [c2.qti.hevc.decoder] state->set(RELEASING)
03-13 15:25:38.408  4360 12038 I CCodec  : [release][3409] surface -> component
03-13 15:25:38.408  2053  2956 D C2BqBuffer: configuring null producer: igbp_information(0)
03-13 15:25:38.409  2053 11987 I QC2CompStore: Setting heap usage to system
03-13 15:25:38.409  2007 12669 I sensors-hal: handle_sns_client_event:97, folding_angle device_mode(0 -> 1), book_mode(0 -> 0)
03-13 15:25:38.410  2053 11988 W QC2V4l2Decoder: [v4lhvcD_990] Stopping buffer allocation as codec stopped
03-13 15:25:38.410  2053 11988 W QC2V4l2Decoder: [v4lhvcD_990] Stopping buffer allocation as codec stopped
03-13 15:25:38.410  2053 11988 W QC2V4l2Decoder: [v4lhvcD_990] Stopping buffer allocation as codec stopped
03-13 15:25:38.410  2053 11988 W QC2V4l2Decoder: [v4lhvcD_990] Stopping buffer allocation as codec stopped
03-13 15:25:38.410  2053 11988 W QC2V4l2Decoder: [v4lhvcD_990] Stopping buffer allocation as codec stopped
03-13 15:25:38.410  2053 11988 W QC2V4l2Decoder: [v4lhvcD_990] Stopping buffer allocation as codec stopped
03-13 15:25:38.410  2053 11987 W QC2V4l2Codec: [v4lhvcD_990] Queue outputs not allowed after stop
03-13 15:25:38.410  2053  2956 I QC2V4l2Codec: [v4lhvcD_990] KPI_L1: stop: ms=1
03-13 15:25:38.412  2053  2956 I QC2V4l2Codec: [v4lhvcD_990] KPI_L1: release: ms=1
03-13 15:25:38.412  2053  2956 I QC2V4l2Codec: [v4lhvcD_990] KPI_L1: stop: ms=0
03-13 15:25:38.412  2053  2956 I QC2V4l2Codec: [v4lhvcD_990] KPI_L1: release: ms=0
03-13 15:25:38.413  4205  4362 D Tile.MobileDataTile: handleUpdateState : state false
03-13 15:25:38.413  2053  2956 D BufferPoolAccessor2.0: Destruction - bufferpool2 0xb400006f37a2bbc8 cached: 0/0M, 0/0% in use; allocs: 9, 0% recycled; transfers: 0, 0% unfetched
03-13 15:25:38.413  4205  4205 D KeyguardTouchAnimator: screenPowerState it=SCREEN_OFF dozeUiState=false
03-13 15:25:38.413  2053  2956 I QC2Comp : [hvcD_990] NOTE: Release returning: 0 (OK=0)
03-13 15:25:38.413  2053  2956 I QC2Comp : [hvcD_990] KPI_L1: release: ms=4
03-13 15:25:38.413  2053  2956 I FRCFilterPlugin: release entry
03-13 15:25:38.413  2053  2956 I FRCFilterPlugin: shutDownMpp entry
03-13 15:25:38.413  2053  2956 I FRCFilterPlugin: shutDownMpp exit
03-13 15:25:38.413  2053  2956 I FRCFilterPlugin: cleanUpResources entry
03-13 15:25:38.413  2053  2956 I FRCFilterPlugin: cleanUpResources exit
03-13 15:25:38.413  2053  2956 I FRCFilterPlugin: release exit
03-13 15:25:38.414  4360 12038 I CCodec  : [c2.qti.hevc.decoder] state->set(RELEASED)
03-13 15:25:38.414  4360 12038 I Codec2Client: Component destructing
03-13 15:25:38.414  4360 12038 I hw-BpHwBinder: onLastStrongRef automatically unlinking death recipients
03-13 15:25:38.414  4205  4205 D SecLifecycle: screenState=3
03-13 15:25:38.414  2053  2951 I hw-BpHwBinder: onLastStrongRef automatically unlinking death recipients
03-13 15:25:38.414  4205  4205 D {OngoingActivityController}:  screen OFF 
03-13 15:25:38.414  2053  2951 I vendor.qti.media.c2@1.0-service: HDRToneMappingFilter DTOR
03-13 15:25:38.414  4205  4205 D CollapsedStatusBarFragment: cancelOngoingAnimation: -> Screen State Changed
03-13 15:25:38.414  2053  2951 I vendor.qti.media.c2@1.0-service: AIFRCFilter DTOR
03-13 15:25:38.414  4205  4205 D {ChipAnimationController}: cancelAnimation() v:ongoing_activity_capsule
03-13 15:25:38.414  2053  2951 I QC2CompStore: Deleting component(c2.qti.hevc.decoder) id(990)
03-13 15:25:38.414  2053  2951 I QC2CompStore: removeIdFromList remove Id[990] from list
03-13 15:25:38.414  2053  2951 I StatsHandler: [hvcD_990] Stats: Pending(0) i/p-done(0) Works: Q: 2/Done 3|Work-Rate: Q(10.6/s Avg=10.6/s) Done(15.910/s Avg=15.910/s)| Stream: 30.00fps 0.0Kbps
03-13 15:25:38.414  2053  2951 I StatsHandler: [hvcD_990] Mem-usage:  [In-1D: 2 bufs 16.000 MB] [1D-4267: 9 bufs 0.141 MB] [2D-4268: 8 bufs 47.031 MB] | Total: 63.172 MB
03-13 15:25:38.414  2053  2951 I QC2Comp : [c2.qti.hevc.decoder] KPI_L1: Total component latency: ms=188
03-13 15:25:38.414  4360 11976 I MediaCodec: Codec shutdown complete
03-13 15:25:38.414  4205  4362 E SecQSPanelResourcePickHelper: need to prepare suitable picker for COVER
03-13 15:25:38.414  2496  1143 I ResourceManagerService: removeResourceInfo pid 4360, removed 2851200 (width 1080 height 2640), remained hw codec count 3
03-13 15:25:38.415  4205  4362 E SecQSPanelResourcePickHelper: need to prepare suitable picker for COVER
03-13 15:25:38.415  2496  1143 I ResourceManagerService: getMediaResourceInfo (PID : 10150, clientID : -5476376666658420256, non-secure-codec/hw-video-codec:[]:1, 1280x720 (fps:1) - sw codec : no, encoder : no componentName = c2.qti.vp9.decoder bitrate = 17000000)
03-13 15:25:38.415  2496  1143 I ResourceManagerService: getMediaResourceInfo (PID : 10150, clientID : -5476376666658115840, non-secure-codec/hw-video-codec:[]:1, 720x1280 (fps:30) - sw codec : no, encoder : no componentName = c2.qti.hevc.decoder bitrate = 17000000)
03-13 15:25:38.415  2496  1143 I ResourceManagerService: getMediaResourceInfo (PID : 10150, clientID : -5476376666658008128, non-secure-codec/hw-video-codec:[]:1, 720x1280 (fps:1) - sw codec : no, encoder : no componentName = c2.qti.hevc.decoder bitrate = 17000000)
03-13 15:25:38.415  4205  4205 D NavigationBarControllerImpl: setNavigationBarShortcut requestClass : com.android.wm.shell.controlpanel.activity.FlexPanelActivity, remoteViews : null, position : 0, priority : 11
03-13 15:25:38.415  4205  4205 D RemoteViewPack: OnSetRemoteView RemoteViewShortcut(requestClass=com.android.wm.shell.controlpanel.activity.FlexPanelActivity, remoteViews=null, position=0, priority=11)
03-13 15:25:38.415  6380  6380 I SemMediaResourceHelper: onRemove
03-13 15:25:38.416  4205  4205 D NavBarStateManager: NavBarStates(0) isGameMode: false
03-13 15:25:38.416  4205  4362 D Tile.DndTile: handleUpdateState zen 0  state = QSTile$BooleanState[spec=Dnd,icon=ResourceIcon[resId=0x7f080f7d],nextIcon=null,iconSupplier=null,label=Do not disturb,secondaryLabel=null,contentDescription=null,stateDescription=null,dualLabelContentDescription=null,expandedAccessibilityClassName=null,disabledByPolicy=false,dualTarget=true,isTransient=false,handlesSecondaryClick=false,state=1,sideViewCustomDrawable=null,tileClassName=null,value=false,forceExpandIcon=false]
03-13 15:25:38.416  4205  4205 D RemoteViewPack: OnSetRemoteView RemoteViewShortcut(requestClass=com.android.wm.shell.controlpanel.activity.FlexPanelActivity, remoteViews=null, position=0, priority=11)
03-13 15:25:38.416  4205  4205 D NavBarStateManager: NavBarStates(1) isGameMode: false
03-13 15:25:38.416  4205  4362 D Tile.WifiTile: handleUpdateState isTransient=false transientEnabling =false cb.isTransient=false state.state = 2 mStateBeforeClick.value =false enabled =true
03-13 15:25:38.417  4205  4362 D Tile.SoundModeTile: handleUpdateState: profile 0, muteAllSound false
03-13 15:25:38.417  4205  4205 D SecTabletHorizontalPanelPositionHelper: foldState: UNFOLD -> FOLD
03-13 15:25:38.417  4205  4205 D SecTabletHorizontalPanelPositionHelper: setHorizontalPanelTranslation(0.0), force : true
03-13 15:25:38.417  4205  4362 D SBluetoothTile:  handleUpdateState enabled = false connected = false connecting = false changedState =false bluetoothState = 10 enabledChanging = false state = QSTile$BooleanState[spec=Bluetooth,icon=ResourceIcon[resId=0x7f080f78],nextIcon=null,iconSupplier=null,label=Bluetooth,secondaryLabel=,contentDescription=Bluetooth,stateDescription=null,dualLabelContentDescription=null,expandedAccessibilityClassName=null,disabledByPolicy=false,dualTarget=true,isTransient=false,handlesSecondaryClick=false,state=1,sideViewCustomDrawable=null,tileClassName=null,value=false,forceExpandIcon=false]
03-13 15:25:38.417  4205  4205 E SecQSPanelResourcePickHelper: need to prepare suitable picker for COVER
03-13 15:25:38.417  4205  4205 D KeyguardUpdateMonitor: setFingerprintAuthenticated : false
03-13 15:25:38.418  4205  4362 D DeviceState: isESIM() :0 : false
03-13 15:25:38.418  4360  4776 I CCodecBufferChannel: CCodecBufferChannel destructing c2.qti.hevc.decoder#819
03-13 15:25:38.419  4360 11976 I CCodec  : state->set(ALLOCATING)
03-13 15:25:38.419  4205  4205 D KeyguardUpdateMonitor: updateTspFpGuideShown is set false
03-13 15:25:38.419  4205  4362 D DeviceState: isEuicc() :1 : true
03-13 15:25:38.419  4360 11979 I CCodec  : allocate(c2.qti.hevc.decoder)
03-13 15:25:38.419  4205  4362 D Tile.AirplaneModeTile:  handleUpdateState mIsWiFiOnlyDevice false isNoSimState true isPowerOffServiceState true mSetting.getValue() 0 isSatelliteModeOn false isChinaDevice false
03-13 15:25:38.419  4205  4362 D Tile.AirplaneModeTile:  handleUpdateState:  value = false, state = 1
03-13 15:25:38.419  4205  4205 D PickupController: onStartedGoingToSleep() 
03-13 15:25:38.419  4205  4205 D View    : semSetBlurInfo, blurInfo : null, com.android.systemui.statusbar.KeyguardSecAffordanceView{ce44bf3 V.ED..... ......ID 0,0-119,119 #7f0a0469 app:id/end_button}
03-13 15:25:38.419  4205  4205 D View    : semSetBlurInfo, blurInfo : null, com.android.systemui.statusbar.KeyguardSecAffordanceView{1db4eae V.ED..... ......ID 0,0-119,119 #7f0a0cad app:id/start_button}
03-13 15:25:38.420  4205  4205 I PluginLockMediatorImpl: onStartedGoingToSleep why :4
03-13 15:25:38.420  4205  4205 I DymLock|DynamicLockManager: onEventReceived() bundle Bundle[{action=lid_switch}]
03-13 15:25:38.420  4205  4205 I DymLock|DynamicLockManager: notifyAction action[LID_SWITCH] arg[true]
03-13 15:25:38.420  4360 11979 I CCodec  : setting up 'default' as default (vendor) store
03-13 15:25:38.421  2053  2950 I QC2CompStore: addIdToList add Id[991] to list
03-13 15:25:38.421  4205  4205 D PluginLockDelegateApp: onStartedGoingToSleep enabled: true aodClockTransition : false
03-13 15:25:38.421  4205  4205 I DymLock|DynamicLockManager: onStartedGoingToSleep : dls_state = 2
03-13 15:25:38.421  2053  2950 I vendor.qti.media.c2@1.0-service: missing struct descriptor #Param::CoreIndex(--002) for field mastering of struct #Param::CoreIndex(--180a)
03-13 15:25:38.421  4205  4205 D KeyguardUpdateMonitor: updateBiometricListeningState()
03-13 15:25:38.421  4205  4205 D KeyguardFingerprint: updateFingerprintListeningState#mFingerprintRunningState=0 shouldListenForFingerprint=false isUdfpsEnrolled=false bioType : 0
03-13 15:25:38.421  2053  2950 I vendor.qti.media.c2@1.0-service: missing struct descriptor #Param::CoreIndex(-V8002) for field portConfigs of struct #Param::CoreIndex(FV19100)
03-13 15:25:38.421  2053  2950 I vendor.qti.media.c2@1.0-service: missing struct descriptor #Param::CoreIndex(-V8002) for field portConfigs of struct #Param::CoreIndex(FV1a100)
03-13 15:25:38.421  2053  2950 I vendor.qti.media.c2@1.0-service: missing struct descriptor #Param::CoreIndex(-V8002) for field portConfigs of struct #Param::CoreIndex(FV19100)
03-13 15:25:38.421  4205  4205 D KeyguardUpdateMonitor: setKeyguardGoingAway( true -> false )
03-13 15:25:38.421  2053  2950 I vendor.qti.media.c2@1.0-service: missing struct descriptor #Param::CoreIndex(-V8002) for field portConfigs of struct #Param::CoreIndex(FV1a100)
03-13 15:25:38.421  4205  4205 D KeyguardFingerprint: updateFingerprintListeningState#mFingerprintRunningState=0 shouldListenForFingerprint=false isUdfpsEnrolled=false bioType : 0
03-13 15:25:38.421  4205  4205 D KeyguardUpdateMonitor: updateBiometricListeningState()
03-13 15:25:38.421  4205  4205 D KeyguardFingerprint: updateFingerprintListeningState#mFingerprintRunningState=0 shouldListenForFingerprint=false isUdfpsEnrolled=false bioType : 0
03-13 15:25:38.421  4205  4205 D KeyguardViewMediator: handleMessage 17
03-13 15:25:38.422  2053  2950 I QC2Comp : [cmphvcD_991] KPI_L1: init: ms=0
03-13 15:25:38.422  2053  2950 I QC2Comp : [c2.qti.hevc.decoder] KPI_L1: Create: ms=1
03-13 15:25:38.422  2053  2950 I QC2CompStore: Created component(c2.qti.hevc.decoder) id(991) sStore[0xb400006dc7a29970]
03-13 15:25:38.422  4205  4205 D KeyguardViewMediator: handleNotifyStartedGoingToSleep
03-13 15:25:38.422  2053  2950 I vendor.qti.media.c2@1.0-service: missing struct descriptor #Param::CoreIndex(--002) for field mastering of struct #Param::CoreIndex(--180a)
03-13 15:25:38.422  2053  2950 I vendor.qti.media.c2@1.0-service: missing struct descriptor #Param::CoreIndex(--002) for field mastering of struct #Param::CoreIndex(--180a)
03-13 15:25:38.422  2053  2950 I vendor.qti.media.c2@1.0-service: VendorExternalAIFRCRequestSetter set to 0 0
03-13 15:25:38.422  2053  2950 I vendor.qti.media.c2@1.0-service: StrictValueWithNoDeps is called old.v.value is 2141391876 me.v.value is 2141391876
03-13 15:25:38.422  4205  4205 D KeyguardViewMediator: KeyguardViewMediator queue processing message: NOTIFY_STARTED_GOING_TO_SLEEP
03-13 15:25:38.422  2053  2950 I vendor.qti.media.c2@1.0-service: StrictValueWithNoDeps is called old.v.value is 30 me.v.value is 30
03-13 15:25:38.422  2053  2950 I vendor.qti.media.c2@1.0-service: missing struct descriptor #Param::CoreIndex(--002) for field mastering of struct #Param::CoreIndex(--180a)
03-13 15:25:38.422  2053  2950 I vendor.qti.media.c2@1.0-service: missing struct descriptor #Param::CoreIndex(--002) for field mastering of struct #Param::CoreIndex(--180a)
03-13 15:25:38.422  2053  2950 I vendor.qti.media.c2@1.0-service: C2StreamVendorRenderEngineHDRToneMapRequestInfoset to 0
03-13 15:25:38.422  2053  2950 W QC2Interface: [hvcD_991] Failed to query parameters
03-13 15:25:38.422  2053  2950 I vendor.qti.media.c2@1.0-service: StrictValueWithNoDeps is called old.v.value is 2141391876 me.v.value is 0
03-13 15:25:38.422  2053  2950 I vendor.qti.media.c2@1.0-service: StrictValueWithNoDeps is called old.v.value is 30 me.v.value is 1
03-13 15:25:38.422  2053  2950 I vendor.qti.media.c2@1.0-service: [FRC-IsFilteringEnabled] entry
03-13 15:25:38.422  2053  2950 I vendor.qti.media.c2@1.0-service: [FRC-IsFilteringEnabled] frcReqInfo.value is 0
03-13 15:25:38.423  4205  4362 D Tile.MobileDataTile: handleUpdateState : state false
03-13 15:25:38.423  4205  4362 E SecQSPanelResourcePickHelper: need to prepare suitable picker for COVER
03-13 15:25:38.423  4205  4205 D BriefViewController: [BriefLog]_isScreenOn false
03-13 15:25:38.423  4205  4362 E SecQSPanelResourcePickHelper: need to prepare suitable picker for COVER
03-13 15:25:38.424  4360 11979 I CCodec  : Created component [c2.qti.hevc.decoder] for [c2.qti.hevc.decoder]
03-13 15:25:38.424  4360 11979 I CCodec  : [c2.qti.hevc.decoder] state->set(ALLOCATED)
03-13 15:25:38.424  4205  4362 D Tile.DndTile: handleUpdateState zen 0  state = QSTile$BooleanState[spec=Dnd,icon=ResourceIcon[resId=0x7f080f7d],nextIcon=null,iconSupplier=null,label=Do not disturb,secondaryLabel=null,contentDescription=null,stateDescription=null,dualLabelContentDescription=null,expandedAccessibilityClassName=null,disabledByPolicy=false,dualTarget=true,isTransient=false,handlesSecondaryClick=false,state=1,sideViewCustomDrawable=null,tileClassName=null,value=false,forceExpandIcon=false]
03-13 15:25:38.424  2053  2956 W QC2Interface: [hvcD_991] Failed to query parameters
03-13 15:25:38.425  4205  4362 D Tile.MobileDataTile: handleUpdateState : state false
03-13 15:25:38.425  4205  4362 E SecQSPanelResourcePickHelper: need to prepare suitable picker for COVER
03-13 15:25:38.426  4205  4362 E SecQSPanelResourcePickHelper: need to prepare suitable picker for COVER
03-13 15:25:38.426  4205  4362 D Tile.DndTile: handleUpdateState zen 0  state = QSTile$BooleanState[spec=Dnd,icon=ResourceIcon[resId=0x7f080f7d],nextIcon=null,iconSupplier=null,label=Do not disturb,secondaryLabel=null,contentDescription=null,stateDescription=null,dualLabelContentDescription=null,expandedAccessibilityClassName=null,disabledByPolicy=false,dualTarget=true,isTransient=false,handlesSecondaryClick=false,state=1,sideViewCustomDrawable=null,tileClassName=null,value=false,forceExpandIcon=false]
03-13 15:25:38.426  3003  4086 D NetdEventListenerService: DNS Requested by 115, 10437(com.newleaf.app.android.victor), SUCCESS, 30ms
03-13 15:25:38.426  3003  4086 D NetdEventListenerService: DNS Requested by 115, 10437(com.newleaf.app.android.victor), SUCCESS, 39ms
03-13 15:25:38.430  4205  4205 D NowBarController: [BriefLog]_do not updateRemoteNowBar: showing false
03-13 15:25:38.430  4205  4205 D SecLifecycle: wakefulness=3
03-13 15:25:38.430  4205  4205 D AODAmbientWallpaperHelper: isWonderLandAmbientWallpaper: isFolded=true, isMainWonderLandWallpaper=false, isSubWonderLandWallpaper=false
03-13 15:25:38.430  4205  4205 I AODAmbientWallpaperHelper: onStartedGoingToSleep isAODAmbientWallpaperMode=false
03-13 15:25:38.430  4205  4205 D AODAmbientWallpaperHelper: isWonderLandAmbientWallpaper: isFolded=true, isMainWonderLandWallpaper=false, isSubWonderLandWallpaper=false
03-13 15:25:38.431  2053 11915 W QC2V4l2Decoder: [v4lvp9D_989] Allocating output buffer timedout, 4056ms elapsed since last input buffer queued (threshold 1000ms)
03-13 15:25:38.431  4205  4205 D FaceWidgetViewModel: onStartedGoingToSleep()
03-13 15:25:38.431  4205  4205 D FaceWidgetWakefulnessLifecycle: onStartedGoingToSleep
03-13 15:25:38.431  4205  4205 D PluginFaceWidgetManager: shouldControlScreenOff() : false
03-13 15:25:38.431  4205  4205 I FaceWidgetClockPage: onStartedGoingToSleep: refresh clock
03-13 15:25:38.431  4205  4205 I DigitalVerticalClockView_LOCK_SCREEN_1@757: refresh : true
03-13 15:25:38.431  2053  2420 W QC2Interface: [hvcD_991] Failed to query parameters
03-13 15:25:38.432  2053  2420 I vendor.qti.media.c2@1.0-service: StrictValueWithNoDeps is called old.v.value is 2141391876 me.v.value is 0
03-13 15:25:38.432  2053  2420 I vendor.qti.media.c2@1.0-service: [FRC-IsFilteringEnabled] entry
03-13 15:25:38.432  2053  2420 I vendor.qti.media.c2@1.0-service: [FRC-IsFilteringEnabled] frcReqInfo.value is 0
03-13 15:25:38.432  4360 11979 I CCodec  : [c2.qti.hevc.decoder] config->initialize() : 0
03-13 15:25:38.432  2053  2956 W QC2Interface: [hvcD_991] Failed to query parameters
03-13 15:25:38.432  4360 11979 I CCodecConfig: query failed after returning 18 values (BAD_INDEX)
03-13 15:25:38.432  4360 11979 W ColorUtils: expected specified color aspects (0:0:0:0)
03-13 15:25:38.432  4360 11979 I CCodec  : [c2.qti.hevc.decoder] config->queryConfiguration()
03-13 15:25:38.432  4360 11979 I CCodec  : [c2.qti.hevc.decoder] mCallback->onComponentAllocated() IN
03-13 15:25:38.432  4360 11979 I CCodec  : [c2.qti.hevc.decoder] mCallback->onComponentAllocated() OUT
03-13 15:25:38.433  4360 11976 I CCodec  : [c2.qti.hevc.decoder] state->set(RELEASING)
03-13 15:25:38.434  4360  4360 I SprWallpaper|FoldInteractive: resetFrame : completed=true, elapsed=218
03-13 15:25:38.434  4360 12041 I CCodec  : [release][3409] surface -> component
03-13 15:25:38.434  2053  2950 W QC2PerfCtrlUtil: QC2PerfLock Empty resource value pair
03-13 15:25:38.434  2053  2950 W QC2Comp : [hvcD_991] Handling stop: Codec is already gone!
03-13 15:25:38.434  4360  4360 I SprWallpaper|LayoutController_AnimalHeart: onFoldStateChanged: isFolded = true preload = true
03-13 15:25:38.434  4360  4360 I SprWallpaper|Physics: createNotchBox : 373.99997 , 668.7 - 392.69998 , 69.299995
03-13 15:25:38.434  4360  4360 I SprWallpaper|LayoutController_AnimalHeart: unfreezeLayout
03-13 15:25:38.434  4360  4360 I SprWallpaper|AnimationController: startAnimation : rsc_bear_52
03-13 15:25:38.434  4360  4360 I SprWallpaper|AnimationController: startAnimation : rsc_heart_07
03-13 15:25:38.434  4360  4360 I SprWallpaper|AnimationController: startAnimation : rsc_dog
03-13 15:25:38.434  4360  4360 I SprWallpaper|AnimationController: startAnimation : rsc_dog
03-13 15:25:38.434  4360  4360 I SprWallpaper|AnimationController: startAnimation : rsc_dog
03-13 15:25:38.434  4360  4360 I SprWallpaper|AnimationController: startAnimation : rsc_bear
03-13 15:25:38.434  6380  6919 I SDHMS:k : onTaskStackChanged
03-13 15:25:38.434  4360  4360 I SprWallpaper|AnimationController: startAnimation : rsc_bear_30
03-13 15:25:38.434  4360  4360 I SprWallpaper|AnimationController: startAnimation : rsc_dog
03-13 15:25:38.434  4360  4360 I SprWallpaper|AnimationController: startAnimation : rsc_dog_54
03-13 15:25:38.434  4360  4360 I SprWallpaper|AnimationController: startAnimation : rsc_re_bear_52
03-13 15:25:38.434  4360  4360 I SprWallpaper|AnimationController: startAnimation : rsc_bear
03-13 15:25:38.435  4205  4205 I DigitalVerticalClockView_LOCK_SCREEN_1@757: onTimeChanged : [DateTimeInfo : date = Fri, March 13, hourMin = 03:25, hourMinSec = , hour = 03, minute = 25, amPm  = PM, colon = :, second = , timezone = null, isLeftOfAmPm = false, ttsDate = Friday, March 13], timeInMillis = 1773429938431
03-13 15:25:38.435  4360  4360 I SprWallpaper|FoldInteractive: unregisterSensor: mIsSensorRegistered[false]
03-13 15:25:38.435  4205  4205 I DigitalVerticalClockView_LOCK_SCREEN_1@757: updatePaletteItemTransition : paletteItem = SOLID color : FFFAFAFF, animation = false, dozeAmount = 0.0
03-13 15:25:38.435  6380  6728 I SDHMS:k : no app is Resumed!!! mResumedPackages.size = 0
03-13 15:25:38.435  4832 32443 I HoneySpace.RecentTasks: onRecentTasksChanged
03-13 15:25:38.435  4360  4360 I SprWallpaper|LayoutController_AnimalHeart: onCommand: action = android.wallpaper.goingtosleep x = 540 displayState = OFF
03-13 15:25:38.435  4205  4205 I DigitalVerticalClockView_LOCK_SCREEN_1@757: setDozing: true
03-13 15:25:38.435  4205  4205 I DigitalVerticalClockView_LOCK_SCREEN_1@757: onDozingChanged: 
03-13 15:25:38.436  4205  4205 I PaletteController: getPaletteItem = PALETTE_LOCK
03-13 15:25:38.436  4205  4205 I DigitalVerticalClockView_LOCK_SCREEN_1@757: getAdjustedAODColorItem: palette SOLID color : FFFAFAFF -> SOLID color : FFC8C8CC
03-13 15:25:38.436  4205  4205 I DigitalVerticalClockView_LOCK_SCREEN_1@757: updateBaseTargetPaletteItem: base=SOLID color : FFFAFAFF, target=SOLID color : FFC8C8CC
03-13 15:25:38.436  4205  4205 I AODDataSettings[8.0.6]:AODDataManager: onStartedGoingToSleep
03-13 15:25:38.436  4205  4205 I AODDataSettings[8.0.6]:AODDataManager: changeDisplay=DisplayImpl(type=SingleDisplay, orientation=Portrait, aodState=AodOnly)
03-13 15:25:38.436  4205  4205 I AODDataSettings[8.0.6]:AODDataManager: getCurrentSize() from windowConfig = 1080.0x2640.0
03-13 15:25:38.436  4205  4205 I DataStoreState: setDisplay : DisplayImpl(type=SingleDisplay, orientation=Portrait, aodState=AodOnly)
03-13 15:25:38.436  2053  2950 I QC2Comp : [hvcD_991] NOTE: Release returning: 0 (OK=0)
03-13 15:25:38.436  2053  2950 I QC2Comp : [hvcD_991] KPI_L1: release: ms=2
03-13 15:25:38.436  2053  2950 I FRCFilterPlugin: release entry
03-13 15:25:38.436  2053  2950 I FRCFilterPlugin: shutDownMpp entry
03-13 15:25:38.436  2053  2950 I FRCFilterPlugin: shutDownMpp exit
03-13 15:25:38.436  2053  2950 I FRCFilterPlugin: cleanUpResources entry
03-13 15:25:38.436  2053  2950 I FRCFilterPlugin: cleanUpResources exit
03-13 15:25:38.436  2053  2950 I FRCFilterPlugin: release exit
03-13 15:25:38.436  4360 12041 I CCodec  : [c2.qti.hevc.decoder] state->set(RELEASED)
03-13 15:25:38.436  4360 12041 I Codec2Client: Component destructing
03-13 15:25:38.436  4205  4205 D AodData[8.0.6]:LockScreenRemoteItemStoreImpl@146377173: onChangedEnv: SingleDisplay:Portrait:AodOnly::1080.0x2640.0
03-13 15:25:38.436  4360 12041 I hw-BpHwBinder: onLastStrongRef automatically unlinking death recipients
03-13 15:25:38.437  4205  4205 I AodData[8.0.6]:LockScreenRemoteItemStoreImpl@146377173: refreshIdList: display=DisplayImpl(type=SingleDisplay, orientation=Portrait, aodState=AodOnly), profileId=, rootSize=null, forced=false
03-13 15:25:38.437  2053  2950 I hw-BpHwBinder: onLastStrongRef automatically unlinking death recipients
03-13 15:25:38.437  4360 11976 I MediaCodec: Codec shutdown complete
03-13 15:25:38.437  4205  4205 I AodData[8.0.6]:LockScreenRemoteItemStoreImpl@146377173: refreshIdList: launch - cur=DisplayImpl(type=SingleDisplay, orientation=Portrait, aodState=AodOnly) display=DisplayImpl(type=SingleDisplay, orientation=Portrait, aodState=AodOnly), profileId=, rootSize=1080.0x2640.0, forced=false, sizeChanged=false
03-13 15:25:38.437  2053  2950 I QC2CompStore: Deleting component(c2.qti.hevc.decoder) id(991)
03-13 15:25:38.437  2053  2950 I QC2CompStore: removeIdFromList remove Id[991] from list
03-13 15:25:38.437  2053  2950 I QC2Comp : [c2.qti.hevc.decoder] KPI_L1: Total component latency: ms=16
03-13 15:25:38.437  2053  2950 I vendor.qti.media.c2@1.0-service: HDRToneMappingFilter DTOR
03-13 15:25:38.437  2053  2950 I vendor.qti.media.c2@1.0-service: AIFRCFilter DTOR
03-13 15:25:38.437  4205  4205 I AODDataSettings[8.0.6]:AODDataManager: getItem() clock:0:SingleDisplay:Portrait:LockScreenOnly:0
03-13 15:25:38.438  4205  4205 I KeyguardClockProvider: getLockClockItem: use LockScreenOnly item
03-13 15:25:38.438  4205  4205 I KeyguardClockProvider: clockItem changed ClockItemImpl(id=clock:0:SingleDisplay:Portrait:AodOnly:, width=DirectionDimensionImpl(value=0.0, type=WRAP_CONTENT, isHorizontal=true), height=DirectionDimensionImpl(value=0.0, type=WRAP_CONTENT, isHorizontal=false), x=RelativeAreaDimensionXImpl(value=0.0, type=PERCENT, locatedAt=Center, left=DirectionDimensionImpl(value=0.06759259, type=PERCENT, isHorizontal=true), right=DirectionDimensionImpl(value=0.9324074, type=PERCENT, isHorizontal=true)), y=RelativeAreaDimensionYImpl(value=1.171632, type=PERCENT, locatedAt=Bottom, top=DirectionDimensionImpl(value=0.10037879, type=PERCENT, isHorizontal=false), bottom=DirectionDimensionImpl(value=0.6852273, type=PERCENT, isHorizontal=false)), scaleX=1.0, scaleY=1.0, isEnabled=true, clockType=1, font=FontImpl(presetFontIndex=0, fontPath=null, fontWeight=700, fontRoundedCorners=20, fontHeights=[], fontStretchEnabled=false), color=ClockPresetColorImpl(presetIndex=0), isShowWeather=false, isShowDateFirst=false, isDefaultPosition=true, cityClockList=, themeClock=ThemeClockImpl(themeName=, trialThemeName=null), showNotiBelowClock=true)
03-13 15:25:38.438  4205  4205 I KeyguardClockProvider: updateClockScale: scale=1.0
