03-10 14:41:37.596  2188  5040 D AGM: metadata: metadata_print: 263 *************************Metadata*************************
03-10 14:41:37.596  2188  5040 D AGM: metadata: metadata_print: 264 GKV size:0
03-10 14:41:37.596  2188  5040 D AGM: metadata: metadata_print: 271 
03-10 14:41:37.596  2188  5040 D AGM: metadata: CKV count:0
03-10 14:41:37.596  2188  5040 D AGM: metadata: metadata_print: 276 
03-10 14:41:37.596  2188  5040 D AGM: metadata: metadata_print: 278 Property ID:134217744
03-10 14:41:37.596  2188  5040 D AGM: metadata: metadata_print: 279 property count:2
03-10 14:41:37.596  2188  5040 D AGM: metadata: metadata_print: 282 Property Values: 
03-10 14:41:37.596  2188  5040 D AGM: metadata: metadata_print: 284 0x2 
03-10 14:41:37.596  2188  5040 D AGM: metadata: metadata_print: 284 0x5 
03-10 14:41:37.596  2188  5040 D AGM: metadata: metadata_print: 286 
03-10 14:41:37.596  2188  5040 D AGM: metadata: metadata_print: 287 ****************Metadata Done***************************
03-10 14:41:37.596  2188  5040 D AGM: metadata: 
03-10 14:41:37.596  2188 15745 I AGM: session: session_obj_set_sess_aif_metadata: 1772 Setting metadata for sess aif id 8
03-10 14:41:37.596  2188 15745 D AGM: metadata: metadata_print: 263 *************************Metadata*************************
03-10 14:41:37.596  2188 15745 D AGM: metadata: metadata_print: 264 GKV size:0
03-10 14:41:37.596  2188 15745 D AGM: metadata: metadata_print: 271 
03-10 14:41:37.596  2188 15745 D AGM: metadata: CKV count:0
03-10 14:41:37.596  2188 15745 D AGM: metadata: metadata_print: 276 
03-10 14:41:37.596  2188 15745 D AGM: metadata: metadata_print: 278 Property ID:134217744
03-10 14:41:37.596  2188 15745 D AGM: metadata: metadata_print: 279 property count:1
03-10 14:41:37.596  2188 15745 D AGM: metadata: metadata_print: 282 Property Values: 
03-10 14:41:37.596  2188 15745 D AGM: metadata: metadata_print: 284 0x3 
03-10 14:41:37.596  2188 15745 D AGM: metadata: metadata_print: 286 
03-10 14:41:37.596  2188 15745 D AGM: metadata: metadata_print: 287 ****************Metadata Done***************************
03-10 14:41:37.596  2188 15745 D AGM: metadata: 
03-10 14:41:37.596  2188 15745 I AGM: session: session_obj_set_sess_aif_metadata: 1792 Exit
03-10 14:41:37.597  2188 15745 D AGM: session: session_close: 1267 enter
03-10 14:41:37.597  2188 15745 D AGM: graph: graph_close: 791 entry handle 0x247534c
03-10 14:41:37.597  2188 15745 I gsl     : gsl_graph_close_sgids_and_connections:2057 num_sgid= 1
03-10 14:41:37.597  2188 15745 I gsl     : gsl_graph_close_sgids_and_connections:2058 sg list:
03-10 14:41:37.597  2188 15745 I gsl     : gsl_graph_close_sgids_and_connections:2060 b0000001
03-10 14:41:37.597  2188 15745 I gsl     : gsl_print_sg_conn_info:186 num_sg_conn = 0
03-10 14:41:37.597  2188 15745 I gsl     : gsl_send_spf_cmd:169 Wait for Rsp opcode[0x1001004] src_port[0x2012] dst_port[0x1] token 0xf59
03-10 14:41:37.598  2188 15745 I gsl     : gsl_send_spf_cmd:183 rcvd pkt token : 0xf59
03-10 14:41:37.598  2188 15745 D AGM: graph: graph_close: 811 exit, ret 0
03-10 14:41:37.598  2188 15745 D AGM: session: session_close: 1316 exit, ret 0
03-10 14:41:37.599  2067  3269 I PAL: ResourceManager: freeFrontEndIds: 6212: stream type 2, freeing 117
03-10 14:41:37.599  2067  3269 I PAL: Device: close: 470: Enter. deviceCount 1 for device id 3 (PAL_DEVICE_OUT_SPEAKER)
03-10 14:41:37.599  2067  3269 I PAL: Device: close: 487: Exit. deviceCount 0 for device id 3 (PAL_DEVICE_OUT_SPEAKER), exit status 0
03-10 14:41:37.599  2067  3269 I PAL: ResourceManager: GetConcurrencyInfo: 4482: stream type 2 Tx conc 0, Rx conc 1, concurrency allowed
03-10 14:41:37.599  2067  3269 I PAL: ResourceManager: GetConcurrencyInfo: 4482: stream type 2 Tx conc 0, Rx conc 1, concurrency allowed
03-10 14:41:37.599  2067  3269 I PAL: ResourceManager: GetConcurrencyInfo: 4482: stream type 2 Tx conc 0, Rx conc 1, concurrency allowed
03-10 14:41:37.599  2067  3269 I PAL: StreamSoundTrigger: HandleConcurrentStream: 590: Enter
03-10 14:41:37.599  2067  3269 I PAL: StreamSoundTrigger: ProcessEvent: 3291: StLoaded: handle event 15 for stream instance 1
03-10 14:41:37.599  2067  3269 I PAL: StreamSoundTrigger: GetCurrentCaptureProfile: 2938: cap_prof DUAL_MIC_16KHZ_16BIT_RAW_LPI: dev_id=0x18, chs=2, sr=16000, snd_name=va-mic-dmic-lpi, ec_ref=0
03-10 14:41:37.599  2067  3269 I PAL: StreamSoundTrigger: ProcessEvent: 3650: current capture profile DUAL_MIC_16KHZ_16BIT_RAW_NLPI: dev_id=0x18, chs=2, sr=16000, ec_ref=0
03-10 14:41:37.599  2067  3269 I PAL: StreamSoundTrigger: ProcessEvent: 3657: new capture profile DUAL_MIC_16KHZ_16BIT_RAW_LPI: dev_id=0x18, chs=2, sr=16000, ec_ref=0
03-10 14:41:37.599  2067  3269 I PAL: SoundTriggerEngineGsl: ReconfigureDetectionGraph: 2122: Enter
03-10 14:41:37.599  2188 15745 I AGM: API: agm_session_aif_connect: 651 disconnecting aifid:15 with session id=115
03-10 14:41:37.600  2188  5040 I AGM: session: session_obj_set_sess_aif_metadata: 1772 Setting metadata for sess aif id 15
03-10 14:41:37.600  2188  5040 D AGM: metadata: metadata_print: 263 *************************Metadata*************************
03-10 14:41:37.600  2188  5040 D AGM: metadata: metadata_print: 264 GKV size:0
03-10 14:41:37.600  2188  5040 D AGM: metadata: metadata_print: 271 
03-10 14:41:37.600  2188  5040 D AGM: metadata: CKV count:0
03-10 14:41:37.600  2188  5040 D AGM: metadata: metadata_print: 276 
03-10 14:41:37.600  2188  5040 D AGM: metadata: metadata_print: 278 Property ID:134217744
03-10 14:41:37.600  2188  5040 D AGM: metadata: metadata_print: 279 property count:1
03-10 14:41:37.600  2188  5040 D AGM: metadata: metadata_print: 282 Property Values: 
03-10 14:41:37.600  2188  5040 D AGM: metadata: metadata_print: 284 0x3 
03-10 14:41:37.600  2188  5040 D AGM: metadata: metadata_print: 286 
03-10 14:41:37.600  2188  5040 D AGM: metadata: metadata_print: 287 ****************Metadata Done***************************
03-10 14:41:37.600  2188  5040 D AGM: metadata: 
03-10 14:41:37.600  2188  5040 I AGM: session: session_obj_set_sess_aif_metadata: 1792 Exit
03-10 14:41:37.600  2067  3269 I PAL: ResourceManager: freeFrontEndIds: 6212: stream type 17, freeing 115
03-10 14:41:37.600  2067  3269 I PAL: SoundTriggerEngineGsl: UpdateState: 1535: Engine state transitioned from 1 to 0
03-10 14:41:37.600  2067  3269 I PAL: SoundTriggerEngineGsl: DeleteSoundModel: 1379: No remaining models
03-10 14:41:37.600  2067  3269 I PAL: SoundTriggerEngineGsl: UpdateEngineModel: 1462: Exit, status: 0
03-10 14:41:37.600  2067  3269 I PAL: SoundTriggerEngineGsl: ReconfigureDetectionGraph: 2159: Exit, status = 0
03-10 14:41:37.600  2067  3269 I PAL: StreamSoundTrigger: TransitTo: 2973: Stream instance 1: state transitioned from ST_STATE_LOADED to ST_STATE_IDLE
03-10 14:41:37.600  2067  3269 I PAL: StreamSoundTrigger: HandleConcurrentStream: 611: Exit, status 0
03-10 14:41:37.600  2067  3269 I PAL: StreamSoundTrigger: HandleConcurrentStream: 590: Enter
03-10 14:41:37.600  2067  3269 I PAL: StreamSoundTrigger: ProcessEvent: 2987: StIdle: handle event 15 for stream instance 1
03-10 14:41:37.600  2067  3269 I PAL: StreamSoundTrigger: GetCurrentCaptureProfile: 2938: cap_prof DUAL_MIC_16KHZ_16BIT_RAW_LPI: dev_id=0x18, chs=2, sr=16000, snd_name=va-mic-dmic-lpi, ec_ref=0
03-10 14:41:37.600  2067  3269 I PAL: StreamSoundTrigger: ProcessEvent: 3196: current capture profile DUAL_MIC_16KHZ_16BIT_RAW_NLPI: dev_id=0x18, chs=2, sr=16000, ec_ref=0
03-10 14:41:37.600  2067  3269 I PAL: StreamSoundTrigger: ProcessEvent: 3203: new capture profile DUAL_MIC_16KHZ_16BIT_RAW_LPI: dev_id=0x18, chs=2, sr=16000, ec_ref=0
03-10 14:41:37.600  2067  3269 I PAL: StreamSoundTrigger: ProcessEvent: 3211: Select available caputre device 38
03-10 14:41:37.600  2067  3269 I PAL: StreamSoundTrigger: GetCurrentCaptureProfile: 2938: cap_prof DUAL_MIC_16KHZ_16BIT_RAW_LPI: dev_id=0x18, chs=2, sr=16000, snd_name=va-mic-dmic-lpi, ec_ref=0
03-10 14:41:37.600  2067  3269 I PAL: Device: setDeviceAttributes: 350: DeviceAttributes for Device Id 38 updated
03-10 14:41:37.600  2067  3269 I PAL: StreamSoundTrigger: ProcessEvent: 3226: devicepp selector: DUAL_MIC_16KHZ_16BIT_RAW_LPI
03-10 14:41:37.600  2067  3269 I PAL: SoundTriggerEngineGsl: LoadSoundModel: 1778: Enter
03-10 14:41:37.600  2067  3269 I PAL: ResourceManager: allocateFrontEndIds: 5976: allocateFrontEndIds: front end 115
03-10 14:41:37.600  2067  3269 I PAL: PayloadBuilder: populateStreamKV: 2584: stream type 17
03-10 14:41:37.600  2067  3269 I PAL: PayloadBuilder: getSelectorValues: 2457: VUI module type:HOTWORD
03-10 14:41:37.600  2067  3269 I PAL: PayloadBuilder: getSelectorValues: 2428: Instance: 1
03-10 14:41:37.600  2067  3269 I PAL: PayloadBuilder: findKVs: 2302: key: 0xbc000000 value: 0xbc000002
03-10 14:41:37.600  2067  3269 I PAL: PayloadBuilder: findKVs: 2302: key: 0xb1000000 value: 0xb1000003
03-10 14:41:37.600  2067  3269 I PAL: PayloadBuilder: findKVs: 2302: key: 0xab000000 value: 0x1
03-10 14:41:37.600  2067  3269 I PAL: PayloadBuilder: populateStreamCkv: 2898: stream channels 1
03-10 14:41:37.600  2067  3269 I PAL: PayloadBuilder: populateDeviceKV: 2698: Enter device id:38 (PAL_DEVICE_IN_HANDSET_VA_MIC)
03-10 14:41:37.600  2067  3269 I PAL: PayloadBuilder: findKVs: 2315: key: 0xa3000000 value: 0xa3000006
03-10 14:41:37.600  2067  3269 I PAL: PayloadBuilder: populateDeviceKV: 2726: Exit device id:38, status 0
03-10 14:41:37.600  2067  3269 I PAL: PayloadBuilder: populateDevicePPKV: 2859: Tx device id:38 (PAL_DEVICE_IN_HANDSET_VA_MIC)
03-10 14:41:37.600  2067  3269 I PAL: PayloadBuilder: getSelectorValues: 2482: stream type: 17 (PAL_STREAM_VOICE_UI)
03-10 14:41:37.600  2067  3269 I PAL: PayloadBuilder: getSelectorValues: 2477: devicePP_type:DUAL_MIC_16KHZ_16BIT_RAW_LPI
03-10 14:41:37.600  2067  3269 I PAL: PayloadBuilder: findKVs: 2302: key: 0xa3000000 value: 0xa3000006
03-10 14:41:37.600  2067  3269 I PAL: PayloadBuilder: findKVs: 2302: key: 0xad000000 value: 0xad00000c
03-10 14:41:37.600  2067  3269 I PAL: PayloadBuilder: populateDevicePPCkv: 2968: channels 2, id 38
03-10 14:41:37.601  2188  5040 I AGM: device: device_set_metadata: 691 Setting device metadata for CODEC_DMA-LPAIF_VA-TX-0
03-10 14:41:37.601  2188  5040 D AGM: metadata: metadata_print: 263 *************************Metadata*************************
03-10 14:41:37.601  2188  5040 D AGM: metadata: metadata_print: 264 GKV size:1
03-10 14:41:37.601  2188  5040 D AGM: metadata: metadata_print: 267 key:0xa3000000, value:0xa3000006(HANDSETMIC_VA)
03-10 14:41:37.601  2188  5040 D AGM: metadata: metadata_print: 271 
03-10 14:41:37.601  2188  5040 D AGM: metadata: CKV count:0
03-10 14:41:37.601  2188  5040 D AGM: metadata: metadata_print: 276 
03-10 14:41:37.601  2188  5040 D AGM: metadata: metadata_print: 278 Property ID:134217744
03-10 14:41:37.601  2188  5040 D AGM: metadata: metadata_print: 279 property count:2
03-10 14:41:37.601  2188  5040 D AGM: metadata: metadata_print: 282 Property Values: 
03-10 14:41:37.601  2188  5040 D AGM: metadata: metadata_print: 284 0x2 
03-10 14:41:37.601  2188  5040 D AGM: metadata: metadata_print: 284 0x5 
03-10 14:41:37.601  2188  5040 D AGM: metadata: metadata_print: 286 
03-10 14:41:37.601  2188  5040 D AGM: metadata: metadata_print: 287 ****************Metadata Done***************************
03-10 14:41:37.601  2188  5040 D AGM: metadata: 
03-10 14:41:37.601  2188 15745 I AGM: session: session_obj_set_sess_aif_metadata: 1772 Setting metadata for sess aif id 15
03-10 14:41:37.601  2188 15745 D AGM: metadata: metadata_print: 263 *************************Metadata*************************
03-10 14:41:37.601  2188 15745 D AGM: metadata: metadata_print: 264 GKV size:2
03-10 14:41:37.601  2188 15745 D AGM: metadata: metadata_print: 267 key:0xa3000000, value:0xa3000006(HANDSETMIC_VA)
03-10 14:41:37.601  2188 15745 D AGM: metadata: metadata_print: 267 key:0xad000000, value:0xad00000c(DEVICEPP_TX_RAW_LPI)
03-10 14:41:37.601  2188 15745 D AGM: metadata: metadata_print: 271 
03-10 14:41:37.601  2188 15745 D AGM: metadata: CKV count:1
03-10 14:41:37.601  2188 15745 D AGM: metadata: metadata_print: 274 key:0xa9000000, value:0x2 
03-10 14:41:37.601  2188 15745 D AGM: metadata: metadata_print: 276 
03-10 14:41:37.601  2188 15745 D AGM: metadata: metadata_print: 278 Property ID:134217744
03-10 14:41:37.601  2188 15745 D AGM: metadata: metadata_print: 279 property count:1
03-10 14:41:37.601  2188 15745 D AGM: metadata: metadata_print: 282 Property Values: 
03-10 14:41:37.601  2188 15745 D AGM: metadata: metadata_print: 284 0x3 
03-10 14:41:37.601  2188 15745 D AGM: metadata: metadata_print: 286 
03-10 14:41:37.601  2188 15745 D AGM: metadata: metadata_print: 287 ****************Metadata Done***************************
03-10 14:41:37.601  2188 15745 D AGM: metadata: 
03-10 14:41:37.601  2188 15745 I AGM: session: session_obj_set_sess_aif_metadata: 1792 Exit
03-10 14:41:37.601  2188  5040 D agm_server_wrapper: Aif id 15 already added to session list of 115
03-10 14:41:37.601  2188  5040 I AGM: API: agm_session_aif_connect: 651 connecting aifid:15 with session id=115
03-10 14:41:37.601  2067  3269 I PAL: SoundTriggerEngineGsl: UpdateEngineModel: 1462: Exit, status: 0
03-10 14:41:37.601  2067  3269 I PAL: SoundTriggerEngineGsl: UpdateSessionPayload: 2848: Enter, param : 0
03-10 14:41:37.601  2067  3269 I PAL: PayloadBuilder: payloadSVAConfig: 1489: PID 0x800104c, payload 0xb400007df405f030K size 55408
03-10 14:41:37.601  2067  3269 I PAL: SessionAlsaPcm: setParameters: 2265: customPayloadSize = 55408
03-10 14:41:37.601  2067  3269 I PAL: SoundTriggerEngineGsl: UpdateState: 1535: Engine state transitioned from 0 to 1
03-10 14:41:37.601  2067  3269 I PAL: SoundTriggerEngineGsl: LoadSoundModel: 1856: Exit, status = 0
03-10 14:41:37.601  2067  3269 I PAL: SoundTriggerEngineGsl: UpdateConfLevels: 2403: Exit, status 0
03-10 14:41:37.601  2067  3269 I PAL: StreamSoundTrigger: TransitTo: 2973: Stream instance 1: state transitioned from ST_STATE_IDLE to ST_STATE_LOADED
03-10 14:41:37.601  2067  3269 I PAL: StreamSoundTrigger: HandleConcurrentStream: 603: NLPI->LPI switch takes 2ms
03-10 14:41:37.601  2067  3269 I PAL: StreamSoundTrigger: HandleConcurrentStream: 611: Exit, status 0
03-10 14:41:37.601  2067  3269 I PAL: ResourceManager: deregisterStream: 2722: stream type 2
03-10 14:41:37.601  2067  3269 I PAL: ResourceManager: getActiveStream_l: 5112: no active streams found for device 3 (PAL_DEVICE_OUT_SPEAKER) ret -2
03-10 14:41:37.601  2067  3269 I PAL: ResourceManager: getSharedBEActiveStreamDevs: 6372: got dev 3 (PAL_DEVICE_OUT_SPEAKER) active streams on dev is 0
03-10 14:41:37.601  2067  3269 I PAL: API: pal_stream_close: 271: Exit. status 0
03-10 14:41:37.601  2067  3269 D AHAL: AudioStream: Standby: 2328: Exit ret: 0
03-10 14:41:37.602  2067  3269 D AHAL: ext_speaker: audio_extn_extspk_update: 152: devices 0x0
03-10 14:41:37.602  2067  3269 D AHAL: AudioStream: astream_out_standby: 878: Exit ret: 0
03-10 14:41:37.652  2195  2586 I SDM     : DisplayBase::SetDisplayState: active 0-0 state 0-0 pending_power_state_ 0
03-10 14:41:37.653  2214  2254 W ANDR-PERF-LM: FeatureState: readState() 151: warning: appName is NULL, returning default State
03-10 14:41:37.653  2214  2254 W ANDR-PERF-LM: FeatureState: readState() 151: warning: appName is NULL, returning default State
03-10 14:41:37.653  2214  2254 W ANDR-PERF-LM: FeatureState: readState() 151: warning: appName is NULL, returning default State
03-10 14:41:37.653  2300  2300 W ComposerExtn: DisplayExtnImpl::SetEarlyWakeUpConfig: HWC Display 2 is not registered!
03-10 14:41:37.653  2300  2300 D SurfaceFlinger: Finished setting power mode 0 on display 4630947043778501763
03-10 14:41:37.654  3163  5308 D SurfaceControl: Excessive delay in setPowerMode()
03-10 14:41:37.654  3163  5308 D PowerManagerService: nativeSetPowerMode ret:false mode:9 enabled:true duration ms: 0
03-10 14:41:37.656  3163  3229 V WindowManager: Content Recording: Display 1 state was (1), is now (1), so update recording?
03-10 14:41:37.656  3163  3229 D CLI/Transition: displaygroup 1, state OFF, pendingdisplaygroup -1
03-10 14:41:37.657  3163  3352 I WindowManager: Display 0 turning on...
03-10 14:41:37.658  3163  3352 I DisplayBrightnessStrategySelector: Changing the DisplayBrightnessStrategy from ScreenOffBrightnessStrategy to InvalidBrightnessStrategy for display 0
03-10 14:41:37.658 14718 14718 E ThermalEngine: Unable to change to /sys/devices/soc/
03-10 14:41:37.658 14718 14718 E ThermalEngine: bcl_setup: Unexpected node error
03-10 14:41:37.658 14718 14718 E ThermalEngine: add_tgt_sensor: bcl sensor setup failed failed.
03-10 14:41:37.658 14718 14718 E ThermalEngine: add_tgt_sensors_set_optional: Error adding bcl
03-10 14:41:37.658  2064  2064 I sensors-hal: batch:206, android.sensor.light/51, period=250000000, max_latency=0
03-10 14:41:37.658  2064  2064 I sensors-hal: set_config:61, no need to adjust sample_period_ns due to reporting_mode = 2
03-10 14:41:37.658  2064  2064 I sensors-hal: batch:215, android.sensor.light/51, period=250000000, max_latency=0 request completed
03-10 14:41:37.660 10834 10847 W SP      : File ref is being finalized but wasn't closed, file: 7a635888cb828dfa2fc744b7b9b50f04[313]
03-10 14:41:37.660 14718 14718 E ThermalEngine: sysfs_setup: report: path /sys/class/power_supply/battery/capacity
03-10 14:41:37.660 14718 14718 E ThermalEngine: sysfs_setup: opening /sys/class/power_supply/battery/capacity
03-10 14:41:37.660 14718 14718 E ThermalEngine: sysfs_setup: found sensor cluster0: cluster id = 0
03-10 14:41:37.660 14718 14718 E ThermalEngine: sysfs_setup: found sensor cluster1: cluster id = 1
03-10 14:41:37.660 14718 14718 E ThermalEngine: sysfs_setup: report: path /sys/class/power_supply/battery/charge_rate
03-10 14:41:37.660 14718 14718 E ThermalEngine: sysfs_setup: opening /sys/class/power_supply/battery/charge_rate
03-10 14:41:37.662 14718 14718 E ThermalEngine: sysfs_setup: report: path /proc/loadavg
03-10 14:41:37.662 14718 14718 E ThermalEngine: sysfs_setup: opening /proc/loadavg
03-10 14:41:37.662 14718 14718 E ThermalEngine: sysfs_setup: report: path /proc/stat
03-10 14:41:37.662 14718 14718 E ThermalEngine: sysfs_setup: opening /proc/stat
03-10 14:41:37.662 14718 14718 E ThermalEngine: sysfs_setup: report: path /sys/class/power_supply/battery/capacity
03-10 14:41:37.662 14718 14718 E ThermalEngine: sysfs_setup: opening /sys/class/power_supply/battery/capacity
03-10 14:41:37.662 14718 14718 E ThermalEngine: sysfs_setup: report: path /sys/class/backlight/panel0-backlight/brightness
03-10 14:41:37.662 14718 14718 E ThermalEngine: sysfs_setup: opening /sys/class/backlight/panel0-backlight/brightness
03-10 14:41:37.662 14718 14718 E ThermalEngine: sysfs_setup: report: path /proc/stat
03-10 14:41:37.662 14718 14718 E ThermalEngine: sysfs_setup: opening /proc/stat
03-10 14:41:37.663 14718 14718 E ThermalEngine: sysfs_setup: report: path /sys/class/backlight/panel0-backlight/brightness
03-10 14:41:37.663 14718 14718 E ThermalEngine: sysfs_setup: opening /sys/class/backlight/panel0-backlight/brightness
03-10 14:41:37.663 14718 14718 E ThermalEngine: sysfs_setup: report: path /proc/loadavg
03-10 14:41:37.663 14718 14718 E ThermalEngine: sysfs_setup: opening /proc/loadavg
03-10 14:41:37.663 14718 14718 E ThermalEngine: sysfs_setup: report: path /sys/class/power_supply/wireless/online
03-10 14:41:37.663 14718 14718 E ThermalEngine: sysfs_setup: opening /sys/class/power_supply/wireless/online
03-10 14:41:37.663 12420 12563 E MQTTBypassDGWStreamGroupCallbacks.cpp: onStreamGroupError TransientError domain: MNSQUICConnection code: 0 detail: Error on socket write Operation not permitted, 
03-10 14:41:37.663 14718 14718 E ThermalEngine: No hwmon device found in the kernel for sensor tmp108
03-10 14:41:37.663 14718 14718 E ThermalEngine: add_tgt_sensor: tmp108 sensor setup failed failed.
03-10 14:41:37.663 14718 14718 E ThermalEngine: add_tgt_sensors_set_optional: Error adding tmp108
03-10 14:41:37.663 14718 14718 E ThermalEngine: No hwmon device found in the kernel for sensor msm_tmp108
03-10 14:41:37.663 14718 14718 E ThermalEngine: add_tgt_sensor: msm_tmp108 sensor setup failed failed.
03-10 14:41:37.663 14718 14718 E ThermalEngine: add_tgt_sensors_set_optional: Error adding msm_tmp108
03-10 14:41:37.663 12420 12563 W MQTTBypassDGWStreamGroupConnection.cpp: Restarting due to reason: StreamError
03-10 14:41:37.664 14718 14718 E ThermalEngine: No hwmon device found in the kernel for sensor quiet_tmp108
03-10 14:41:37.664 14718 14718 E ThermalEngine: add_tgt_sensor: quiet_tmp108 sensor setup failed failed.
03-10 14:41:37.664 14718 14718 E ThermalEngine: add_tgt_sensors_set_optional: Error adding quiet_tmp108
03-10 14:41:37.664 14718 14718 I ThermalEngine: Loading config file for virtual sensor
03-10 14:41:37.664 14718 14718 I ThermalEngine: Loading configuration file /vendor/etc/thermal-engine-lynkco.conf
03-10 14:41:37.664 14718 14718 I ThermalEngine: Parsing section global
03-10 14:41:37.664 14718 14718 I ThermalEngine: Created section 'FRONT_TEMP'
03-10 14:41:37.664 14718 14718 I ThermalEngine: Algo Type 'virtual'
03-10 14:41:37.664 14718 14718 I ThermalEngine: Parsing section FRONT_TEMP
03-10 14:41:37.664 14718 14718 I ThermalEngine: Found field 'trip_sensor'
03-10 14:41:37.664 14718 14718 I ThermalEngine: Found field 'thresholds'
03-10 14:41:37.664 14718 14718 I ThermalEngine: Found field 'thresholds_clr'
03-10 14:41:37.664 14718 14718 I ThermalEngine: Found field 'sensors'
03-10 14:41:37.664 14718 14718 I ThermalEngine: Found field 'weights'
03-10 14:41:37.664 14718 14718 I ThermalEngine: Found field 'offsets'
03-10 14:41:37.664 14718 14718 I ThermalEngine: Found field 'sampling'
03-10 14:41:37.664 14718 14718 I ThermalEngine: Found field 'math'
03-10 14:41:37.664 14718 14718 I ThermalEngine: Found field 'sys_temp'
03-10 14:41:37.664 14718 14718 I ThermalEngine: Created section 'BACK_TEMP'
03-10 14:41:37.664 14718 14718 I ThermalEngine: Algo Type 'virtual'
03-10 14:41:37.664 14718 14718 I ThermalEngine: Parsing section BACK_TEMP
03-10 14:41:37.664 14718 14718 I ThermalEngine: Found field 'trip_sensor'
03-10 14:41:37.664 14718 14718 I ThermalEngine: Found field 'thresholds'
03-10 14:41:37.664 14718 14718 I ThermalEngine: Found field 'thresholds_clr'
03-10 14:41:37.664 14718 14718 I ThermalEngine: Found field 'sensors'
03-10 14:41:37.664 14718 14718 I ThermalEngine: Found field 'weights'
03-10 14:41:37.664 14718 14718 I ThermalEngine: Found field 'offsets'
03-10 14:41:37.664 14718 14718 I ThermalEngine: Found field 'sampling'
03-10 14:41:37.664 14718 14718 I ThermalEngine: Found field 'math'
03-10 14:41:37.664 14718 14718 I ThermalEngine: Found field 'sys_temp'
03-10 14:41:37.664 14718 14718 I ThermalEngine: Created section 'FUSE_TEMP'
03-10 14:41:37.664 14718 14718 I ThermalEngine: Algo Type 'virtual'
03-10 14:41:37.664 14718 14718 I ThermalEngine: Parsing section FUSE_TEMP
03-10 14:41:37.664 14718 14718 I ThermalEngine: Found field 'trip_sensor'
03-10 14:41:37.664 14718 14718 I ThermalEngine: Found field 'thresholds'
03-10 14:41:37.664 14718 14718 I ThermalEngine: Found field 'thresholds_clr'
03-10 14:41:37.664 14718 14718 I ThermalEngine: Found field 'sensors'
03-10 14:41:37.664 14718 14718 I ThermalEngine: Found field 'weights'
03-10 14:41:37.664 14718 14718 I ThermalEngine: Found field 'offsets'
03-10 14:41:37.664 14718 14718 I ThermalEngine: Found field 'sampling'
03-10 14:41:37.664 14718 14718 I ThermalEngine: Found field 'math'
03-10 14:41:37.664 14718 14718 I ThermalEngine: Found field 'sys_temp'
03-10 14:41:37.664 14718 14718 I ThermalEngine: Created section 'BCHG_TEMP'
03-10 14:41:37.664 14718 14718 I ThermalEngine: Algo Type 'virtual'
03-10 14:41:37.664 14718 14718 I ThermalEngine: Parsing section BCHG_TEMP
03-10 14:41:37.664 14718 14718 I ThermalEngine: Found field 'trip_sensor'
03-10 14:41:37.664 14718 14718 I ThermalEngine: Found field 'thresholds'
03-10 14:41:37.664 14718 14718 I ThermalEngine: Found field 'thresholds_clr'
03-10 14:41:37.664 14718 14718 I ThermalEngine: Found field 'sensors'
03-10 14:41:37.664 14718 14718 I ThermalEngine: Found field 'weights'
03-10 14:41:37.664 14718 14718 I ThermalEngine: Found field 'offsets'
03-10 14:41:37.664 14718 14718 I ThermalEngine: Found field 'sampling'
03-10 14:41:37.664 14718 14718 I ThermalEngine: Found field 'math'
03-10 14:41:37.664 14718 14718 I ThermalEngine: Created section 'FRONT_MDM'
03-10 14:41:37.664 14718 14718 I ThermalEngine: Algo Type 'virtual'
03-10 14:41:37.664 14718 14718 I ThermalEngine: Parsing section FRONT_MDM
03-10 14:41:37.664 14718 14718 I ThermalEngine: Found field 'sensors'
03-10 14:41:37.664 14718 14718 I ThermalEngine: Found field 'weights'
03-10 14:41:37.664 14718 14718 I ThermalEngine: Found field 'trip_sensor'
03-10 14:41:37.664 14718 14718 I ThermalEngine: Found field 'trip_sensor_logic'
03-10 14:41:37.664 14718 14718 I ThermalEngine: Found field 'thresholds'
03-10 14:41:37.664 14718 14718 I ThermalEngine: Found field 'thresholds_clr'
03-10 14:41:37.664 14718 14718 I ThermalEngine: Found field 'offsets'
03-10 14:41:37.664 14718 14718 I ThermalEngine: Found field 'sampling'
03-10 14:41:37.664 14718 14718 I ThermalEngine: Found field 'math'
03-10 14:41:37.664 14718 14718 I ThermalEngine: Created section 'DETECT-STANDBY'
03-10 14:41:37.664 14718 14718 I ThermalEngine: Algo Type 'virtual'
03-10 14:41:37.664 14718 14718 I ThermalEngine: Parsing section DETECT-STANDBY
03-10 14:41:37.664 14718 14718 I ThermalEngine: Found field 'trip_sensor'
03-10 14:41:37.664 14718 14718 I ThermalEngine: Found field 'thresholds'
03-10 14:41:37.664 14718 14718 I ThermalEngine: Found field 'thresholds_clr'
03-10 14:41:37.664 14718 14718 I ThermalEngine: Found field 'sensors'
03-10 14:41:37.664 14718 14718 I ThermalEngine: Found field 'weights'
03-10 14:41:37.664 14718 14718 I ThermalEngine: Found field 'sampling'
03-10 14:41:37.665 14718 14718 I ThermalEngine: Found field 'math'
03-10 14:41:37.665 14718 14718 I ThermalEngine: Found field 'less_than'
03-10 14:41:37.665 14718 14718 I ThermalEngine: Created section 'DETECT-WLS'
03-10 14:41:37.665 14718 14718 I ThermalEngine: Algo Type 'virtual'
03-10 14:41:37.665 14718 14718 I ThermalEngine: Parsing section DETECT-WLS
03-10 14:41:37.665 14718 14718 I ThermalEngine: Found field 'trip_sensor'
03-10 14:41:37.665 14718 14718 I ThermalEngine: Found field 'thresholds'
03-10 14:41:37.665 14718 14718 I ThermalEngine: Found field 'thresholds_clr'
03-10 14:41:37.665 14718 14718 I ThermalEngine: Found field 'sensors'
03-10 14:41:37.665 14718 14718 I ThermalEngine: Found field 'sampling'
03-10 14:41:37.665 14718 14718 I ThermalEngine: Found field 'math'
03-10 14:41:37.665 14718 14718 I ThermalEngine: [VIRTUAL-FAIL-SAFE-TJ]
03-10 14:41:37.666 14718 14718 I ThermalEngine: #algo_type virtual
03-10 14:41:37.666 14718 14718 I ThermalEngine: sensors nspss-0 nspss-1 nspss-2 gpuss-0 gpuss-1 camera-0 camera-1 mdmss-0 mdmss-1 mdmss-2 mdmss-3 video
03-10 14:41:37.666 14718 14718 I ThermalEngine: weights
03-10 14:41:37.666 14718 14718 I ThermalEngine: trip_sensor nspss-0 nspss-1 nspss-2 gpuss-0 gpuss-1 camera-0 camera-1 mdmss-0 mdmss-1 mdmss-2 mdmss-3 video
03-10 14:41:37.666 14718 14718 I ThermalEngine: trip_sensor_logic || || || || || || || || || || ||
03-10 14:41:37.666 14718 14718 I ThermalEngine: thresholds 100000 100000 100000 100000 100000 100000 100000 100000 100000 100000 100000 100000
03-10 14:41:37.666 14718 14718 I ThermalEngine: thresholds_clr 90000 90000 90000 90000 90000 90000 90000 90000 90000 90000 90000 90000
03-10 14:41:37.666 14718 14718 I ThermalEngine: offsets
03-10 14:41:37.666 14718 14718 I ThermalEngine: sampling 10
03-10 14:41:37.666 14718 14718 I ThermalEngine: math 2
03-10 14:41:37.666 14718 14718 I ThermalEngine: ambient_value
03-10 14:41:37.666 14718 14718 I ThermalEngine: rise_value
03-10 14:41:37.666 14718 14718 I ThermalEngine: [VIRTUAL-CPU-GOLD-TJ-SHUTDOWN]
03-10 14:41:37.666 14718 14718 I ThermalEngine: #algo_type virtual
03-10 14:41:37.666 14718 14718 I ThermalEngine: sensors cpu-1-0 cpu-1-1 cpu-1-2 cpu-1-3 cpu-1-4 cpu-1-5 cpu-1-6 cpu-1-7
03-10 14:41:37.666 14718 14718 I ThermalEngine: weights
03-10 14:41:37.666 14718 14718 I ThermalEngine: trip_sensor cpu-1-0 cpu-1-1 cpu-1-2 cpu-1-3 cpu-1-4 cpu-1-5 cpu-1-6 cpu-1-7
03-10 14:41:37.666 14718 14718 I ThermalEngine: trip_sensor_logic || || || || || || ||
03-10 14:41:37.666 14718 14718 I ThermalEngine: thresholds 115000 115000 115000 115000 115000 115000 115000 115000
03-10 14:41:37.666 14718 14718 I ThermalEngine: thresholds_clr 100000 100000 100000 100000 100000 100000 100000 100000
03-10 14:41:37.666 14718 14718 I ThermalEngine: offsets
03-10 14:41:37.666 14718 14718 I ThermalEngine: sampling 10
03-10 14:41:37.666 14718 14718 I ThermalEngine: math 2
03-10 14:41:37.666 14718 14718 I ThermalEngine: ambient_value
03-10 14:41:37.666 14718 14718 I ThermalEngine: rise_value
03-10 14:41:37.666 14718 14718 I ThermalEngine: [VIRTUAL-CPU-TJ-SHUTDOWN]
03-10 14:41:37.666 14718 14718 I ThermalEngine: #algo_type virtual
03-10 14:41:37.666 14718 14718 I ThermalEngine: sensors cpu-0-0 cpu-0-1 cpu-0-2 cpu-0-3 cpuss-0 cpuss-1
03-10 14:41:37.666 14718 14718 I ThermalEngine: weights
03-10 14:41:37.666 14718 14718 I ThermalEngine: trip_sensor cpu-0-0 cpu-0-1 cpu-0-2 cpu-0-3 cpuss-0 cpuss-1
03-10 14:41:37.666 14718 14718 I ThermalEngine: trip_sensor_logic || || || || ||
03-10 14:41:37.666 14718 14718 I ThermalEngine: thresholds 115000 115000 115000 115000 115000 115000
03-10 14:41:37.666 14718 14718 I ThermalEngine: thresholds_clr 100000 100000 100000 100000 100000 100000
03-10 14:41:37.666 14718 14718 I ThermalEngine: offsets
03-10 14:41:37.666 14718 14718 I ThermalEngine: sampling 10
03-10 14:41:37.666 14718 14718 I ThermalEngine: math 2
03-10 14:41:37.666 14718 14718 I ThermalEngine: ambient_value
03-10 14:41:37.666 14718 14718 I ThermalEngine: rise_value
03-10 14:41:37.666 14718 14718 I ThermalEngine: [VIRTUAL-NSP-TJ-SHUTDOWN]
03-10 14:41:37.666 14718 14718 I ThermalEngine: #algo_type virtual
03-10 14:41:37.666 14718 14718 I ThermalEngine: sensors nspss-0 nspss-1 nspss-2
03-10 14:41:37.666 14718 14718 I ThermalEngine: weights
03-10 14:41:37.666 14718 14718 I ThermalEngine: trip_sensor nspss-0 nspss-1 nspss-2
03-10 14:41:37.666 14718 14718 I ThermalEngine: trip_sensor_logic || ||
03-10 14:41:37.666 14718 14718 I ThermalEngine: thresholds 115000 115000 115000
03-10 14:41:37.666 14718 14718 I ThermalEngine: thresholds_clr 100000 100000 100000
03-10 14:41:37.666 14718 14718 I ThermalEngine: offsets
03-10 14:41:37.666 14718 14718 I ThermalEngine: sampling 10
03-10 14:41:37.666 14718 14718 I ThermalEngine: math 2
03-10 14:41:37.666 14718 14718 I ThermalEngine: ambient_value
03-10 14:41:37.666 14718 14718 I ThermalEngine: rise_value
03-10 14:41:37.666 14718 14718 I ThermalEngine: [VIRTUAL-MDM-TJ-SHUTDOWN]
03-10 14:41:37.666 14718 14718 I ThermalEngine: #algo_type virtual
03-10 14:41:37.666 14718 14718 I ThermalEngine: sensors mdmss-0 mdmss-1 mdmss-2 mdmss-3
03-10 14:41:37.666 14718 14718 I ThermalEngine: weights
03-10 14:41:37.666 14718 14718 I ThermalEngine: trip_sensor mdmss-0 mdmss-1 mdmss-2 mdmss-3
03-10 14:41:37.666 14718 14718 I ThermalEngine: trip_sensor_logic || || ||
03-10 14:41:37.666 14718 14718 I ThermalEngine: thresholds 115000 115000 115000 115000
03-10 14:41:37.666 14718 14718 I ThermalEngine: thresholds_clr 100000 100000 100000 100000
03-10 14:41:37.666 14718 14718 I ThermalEngine: offsets
03-10 14:41:37.666 14718 14718 I ThermalEngine: sampling 10
03-10 14:41:37.666 14718 14718 I ThermalEngine: math 2
03-10 14:41:37.666 14718 14718 I ThermalEngine: ambient_value
03-10 14:41:37.666 14718 14718 I ThermalEngine: rise_value
03-10 14:41:37.666 14718 14718 I ThermalEngine: [VIRTUAL-MM-TJ-SHUTDOWN]
03-10 14:41:37.666 14718 14718 I ThermalEngine: #algo_type virtual
03-10 14:41:37.666 14718 14718 I ThermalEngine: sensors gpuss-0 gpuss-1 video ddr camera-0 camera-1
03-10 14:41:37.666 14718 14718 I ThermalEngine: weights
03-10 14:41:37.666 14718 14718 I ThermalEngine: trip_sensor gpuss-0 gpuss-1 video ddr camera-0 camera-1
03-10 14:41:37.666 14718 14718 I ThermalEngine: trip_sensor_logic || || || || ||
03-10 14:41:37.666 14718 14718 I ThermalEngine: thresholds 115000 115000 115000 115000 115000 115000
03-10 14:41:37.666 14718 14718 I ThermalEngine: thresholds_clr 100000 100000 100000 100000 100000 100000
03-10 14:41:37.666 14718 14718 I ThermalEngine: offsets
03-10 14:41:37.666 14718 14718 I ThermalEngine: sampling 10
03-10 14:41:37.666 14718 14718 I ThermalEngine: math 2
03-10 14:41:37.666 14718 14718 I ThermalEngine: ambient_value
03-10 14:41:37.666 14718 14718 I ThermalEngine: rise_value
03-10 14:41:37.666 14718 14718 I ThermalEngine: [VIRTUAL-PMIC-ALARM-SHUTDOWN]
03-10 14:41:37.666 14718 14718 I ThermalEngine: #algo_type virtual
03-10 14:41:37.666 14718 14718 I ThermalEngine: sensors pm7325_tz pm8350c_tz
03-10 14:41:37.666 14718 14718 I ThermalEngine: weights
03-10 14:41:37.666 14718 14718 I ThermalEngine: trip_sensor pm7325_tz pm8350c_tz
03-10 14:41:37.666 14718 14718 I ThermalEngine: trip_sensor_logic ||
03-10 14:41:37.666 14718 14718 I ThermalEngine: thresholds 115000 115000
03-10 14:41:37.666 14718 14718 I ThermalEngine: thresholds_clr 100000 100000
03-10 14:41:37.666 14718 14718 I ThermalEngine: offsets
03-10 14:41:37.666 14718 14718 I ThermalEngine: sampling 10
03-10 14:41:37.666 14718 14718 I ThermalEngine: math 2
03-10 14:41:37.666 14718 14718 I ThermalEngine: ambient_value
03-10 14:41:37.666 14718 14718 I ThermalEngine: rise_value
03-10 14:41:37.666 14718 14718 I ThermalEngine: [FRONT_TEMP]
03-10 14:41:37.666 14718 14718 I ThermalEngine: algo_type virtual
03-10 14:41:37.666 14718 14718 I ThermalEngine: sensors msm-therm cam-therm quiet-therm mchg-therm
03-10 14:41:37.666 14718 14718 I ThermalEngine: weights 20 32 39 9
03-10 14:41:37.666 14718 14718 I ThermalEngine: trip_sensor msm-therm
03-10 14:41:37.666 14718 14718 I ThermalEngine: thresholds -18000
03-10 14:41:37.666 14718 14718 I ThermalEngine: thresholds_clr -20000
03-10 14:41:37.666 14718 14718 I ThermalEngine: offsets -2000 0 0 0
03-10 14:41:37.666 14718 14718 I ThermalEngine: sampling 5000
03-10 14:41:37.666 14718 14718 I ThermalEngine: math 0
03-10 14:41:37.666 14718 14718 I ThermalEngine: sys_temp
03-10 14:41:37.666 14718 14718 I ThermalEngine: ambient_value
03-10 14:41:37.666 14718 14718 I ThermalEngine: rise_value
03-10 14:41:37.666 14718 14718 I ThermalEngine: [BACK_TEMP]
03-10 14:41:37.666 14718 14718 I ThermalEngine: algo_type virtual
03-10 14:41:37.666 14718 14718 I ThermalEngine: sensors msm-therm cam-therm quiet-therm mchg-therm
03-10 14:41:37.666 14718 14718 I ThermalEngine: weights 22 26 39 13
03-10 14:41:37.666 14718 14718 I ThermalEngine: trip_sensor msm-therm
03-10 14:41:37.666 14718 14718 I ThermalEngine: thresholds -18000
03-10 14:41:37.666 14718 14718 I ThermalEngine: thresholds_clr -20000
03-10 14:41:37.666 14718 14718 I ThermalEngine: offsets -2000 0 0 0
03-10 14:41:37.666 14718 14718 I ThermalEngine: sampling 5000
03-10 14:41:37.666 14718 14718 I ThermalEngine: math 0
03-10 14:41:37.666 14718 14718 I ThermalEngine: sys_temp
03-10 14:41:37.666 14718 14718 I ThermalEngine: ambient_value
03-10 14:41:37.666 14718 14718 I ThermalEngine: rise_value
03-10 14:41:37.666 14718 14718 I ThermalEngine: [FUSE_TEMP]
03-10 14:41:37.666 14718 14718 I ThermalEngine: algo_type virtual
03-10 14:41:37.666 14718 14718 I ThermalEngine: sensors msm-therm cam-therm quiet-therm mchg-therm
03-10 14:41:37.666 14718 14718 I ThermalEngine: weights 20 32 39 9
03-10 14:41:37.666 14718 14718 I ThermalEngine: trip_sensor msm-therm
03-10 14:41:37.666 14718 14718 I ThermalEngine: thresholds -18000
03-10 14:41:37.666 14718 14718 I ThermalEngine: thresholds_clr -20000
03-10 14:41:37.666 14718 14718 I ThermalEngine: offsets 0 0 0 0
03-10 14:41:37.666 14718 14718 I ThermalEngine: sampling 2000
03-10 14:41:37.666 14718 14718 I ThermalEngine: math 0
03-10 14:41:37.666 14718 14718 I ThermalEngine: sys_temp
03-10 14:41:37.666 14718 14718 I ThermalEngine: ambient_value
03-10 14:41:37.666 14718 14718 I ThermalEngine: rise_value
03-10 14:41:37.666 14718 14718 I ThermalEngine: [BCHG_TEMP]
03-10 14:41:37.666 14718 14718 I ThermalEngine: algo_type virtual
03-10 14:41:37.666 14718 14718 I ThermalEngine: sensors msm-therm cam-therm quiet-therm mchg-therm
03-10 14:41:37.666 14718 14718 I ThermalEngine: weights 22 26 39 13
03-10 14:41:37.666 14718 14718 I ThermalEngine: trip_sensor msm-therm
03-10 14:41:37.666 14718 14718 I ThermalEngine: thresholds -18000
03-10 14:41:37.666 14718 14718 I ThermalEngine: thresholds_clr -20000
03-10 14:41:37.666 14718 14718 I ThermalEngine: offsets 0 0 0 0
03-10 14:41:37.666 14718 14718 I ThermalEngine: sampling 2000
03-10 14:41:37.666 14718 14718 I ThermalEngine: math 0
03-10 14:41:37.666 14718 14718 I ThermalEngine: ambient_value
03-10 14:41:37.666 14718 14718 I ThermalEngine: rise_value
03-10 14:41:37.666 14718 14718 I ThermalEngine: [FRONT_MDM]
03-10 14:41:37.666 14718 14718 I ThermalEngine: algo_type virtual
03-10 14:41:37.666 14718 14718 I ThermalEngine: sensors msm-therm cam-therm quiet-therm mchg-therm
03-10 14:41:37.666 14718 14718 I ThermalEngine: weights 20 32 39 9
03-10 14:41:37.666 14718 14718 I ThermalEngine: trip_sensor mdmss-0 mdmss-1 mdmss-2 mdmss-3
03-10 14:41:37.666 14718 14718 I ThermalEngine: trip_sensor_logic || || ||
03-10 14:41:37.666 14718 14718 I ThermalEngine: thresholds 65000 65000 65000 65000
03-10 14:41:37.666 14718 14718 I ThermalEngine: thresholds_clr 40000 40000 40000 40000
03-10 14:41:37.666 14718 14718 I ThermalEngine: offsets 1000 0 0 0
03-10 14:41:37.666 14718 14718 I ThermalEngine: sampling 2000
03-10 14:41:37.666 14718 14718 I ThermalEngine: math 0
03-10 14:41:37.666 14718 14718 I ThermalEngine: ambient_value
03-10 14:41:37.666 14718 14718 I ThermalEngine: rise_value
03-10 14:41:37.666 14718 14718 I ThermalEngine: [DETECT-STANDBY]
03-10 14:41:37.666 14718 14718 I ThermalEngine: algo_type virtual
03-10 14:41:37.666 14718 14718 I ThermalEngine: sensors cpu_utilization lcd_brightness_value
03-10 14:41:37.666 14718 14718 I ThermalEngine: weights 12 50
03-10 14:41:37.666 14718 14718 I ThermalEngine: trip_sensor msm-therm
03-10 14:41:37.666 14718 14718 I ThermalEngine: thresholds -18000
03-10 14:41:37.666 14718 14718 I ThermalEngine: thresholds_clr -20000
03-10 14:41:37.666 14718 14718 I ThermalEngine: offsets
03-10 14:41:37.666 14718 14718 I ThermalEngine: sampling 5000
03-10 14:41:37.666 14718 14718 I ThermalEngine: math 7
03-10 14:41:37.666 14718 14718 I ThermalEngine: less_than
03-10 14:41:37.666 14718 14718 I ThermalEngine: ambient_value
03-10 14:41:37.666 14718 14718 I ThermalEngine: rise_value
03-10 14:41:37.666 14718 14718 I ThermalEngine: [DETECT-WLS]
03-10 14:41:37.666 14718 14718 I ThermalEngine: algo_type virtual
03-10 14:41:37.666 14718 14718 I ThermalEngine: sensors wireless_online
03-10 14:41:37.666 14718 14718 I ThermalEngine: weights
03-10 14:41:37.666 14718 14718 I ThermalEngine: trip_sensor msm-therm
03-10 14:41:37.666 14718 14718 I ThermalEngine: thresholds -18000
03-10 14:41:37.666 14718 14718 I ThermalEngine: thresholds_clr -20000
03-10 14:41:37.666 14718 14718 I ThermalEngine: offsets
03-10 14:41:37.666 14718 14718 I ThermalEngine: sampling 5000
03-10 14:41:37.666 14718 14718 I ThermalEngine: math 3
03-10 14:41:37.666 14718 14718 I ThermalEngine: ambient_value
03-10 14:41:37.666 14718 14718 I ThermalEngine: rise_value
03-10 14:41:37.666  3163  6987 D WindowManager: mKeyguardDelegate.ShowListener.onDrawn.
03-10 14:41:37.668 12420 12650 E msys    : E[N mns]_OnDiskCacheGetData(632)=>Start post callback cache refresh DNS resolution
03-10 14:41:37.668  7545  7545 I FileStationLog: [ FS_h$a ] - [Display] Changed display: 1
03-10 14:41:37.669  7545  7545 I FileStationLog: [ FS_h$a ] - [Display] Ignoring change for non-default/desktop display: 1
03-10 14:41:37.670  3163  3229 W WindowManager: Setting mKeyguardDrawComplete
03-10 14:41:37.670 10834 10847 W SP      : File ref is being finalized but wasn't closed, file: 2020031023_en[749]
03-10 14:41:37.670 10834 10847 W SP      : File ref is being finalized but wasn't closed, file: 2020031023_en[749]
03-10 14:41:37.670 10834 10847 W SP      : File ref is being finalized but wasn't closed, file: 2020031023_en[749]
03-10 14:41:37.670 10834 10847 W SP      : File ref is being finalized but wasn't closed, file: 2020031023_en[749]
03-10 14:41:37.671  2064  2064 I sensors-hal: activate:173, android.sensor.light/51 en=1
03-10 14:41:37.671 10834 10847 W System  : A resource failed to call release. 
03-10 14:41:37.672 10834 10847 W System  : A resource failed to call release. 
03-10 14:41:37.672  2064  2064 I sensors-hal: get_qmi_debug_flag:239, support_qmi_debug : false
03-10 14:41:37.672  2061  2108 E minksocket: MinkIPC_QRTR_Service: client with node 1 port 6eea went down
03-10 14:41:37.672  2061  2108 E minksocket: MinkIPC_QRTR_Service: client with node 1 port 6eeb went down
03-10 14:41:37.673  2064  2064 E Diag_Lib: diag: Diag_LSM_Init: invoked for pid: 2064 with init_count: 0
03-10 14:41:37.673  2061  2108 E minksocket: MinkIPC_QRTR_Service: client with node 1 port 6eec went down
03-10 14:41:37.673  2061  2108 E minksocket: MinkIPC_QRTR_Service: client with node 1 port 6eed went down
03-10 14:41:37.673  2064  2064 E Diag_Lib: diag:failed to connect to diag socket
03-10 14:41:37.673  2064  2064 E Diag_Lib:  Diag_LSM_Init: Failed to open handle to diag driver, error = 13
03-10 14:41:37.673  2064  2064 I sensors-hal: send_sensor_config_request:463, dt=ambient_light: convert sample_period=250000000 to batch_period=250000
03-10 14:41:37.673  2064  2064 I sensors-hal: send_sync_sensor_request:341, send sync request
03-10 14:41:37.673  2064  2064 I sensors-hal: send_sync_sensor_request:367, wait for notification of response
03-10 14:41:37.676  2064 14880 I sensors-hal: ssc_conn_resp_cb:632, resp_value = 0
03-10 14:41:37.676  2064  2064 I sensors-hal: send_sync_sensor_request:373, takes 2 ms to receive the response with 0
03-10 14:41:37.676  2064  2064 I sensors-hal: activate:184, android.sensor.light/51 en=1 completed
03-10 14:41:37.677  2064  2064 I sensors-hal: batch:206, com.motorola.sensor.alternate_light/65959, period=250000000, max_latency=0
03-10 14:41:37.677  2064  2064 I sensors-hal: set_config:61, no need to adjust sample_period_ns due to reporting_mode = 2
03-10 14:41:37.677  2064  2064 I sensors-hal: batch:215, com.motorola.sensor.alternate_light/65959, period=250000000, max_latency=0 request completed
03-10 14:41:37.677  2064  2064 I sensors-hal: activate:173, com.motorola.sensor.alternate_light/65959 en=1
03-10 14:41:37.678  2064  2064 I sensors-hal: get_qmi_debug_flag:239, support_qmi_debug : false
03-10 14:41:37.678  2061  2108 E minksocket: MinkIPC_QRTR_Service: client with node 1 port 6eef went down
03-10 14:41:37.679  2061  2108 E minksocket: MinkIPC_QRTR_Service: client with node 1 port 6ef0 went down
03-10 14:41:37.679  3706  3728 I android.hardware.thermal@2.0-service.qti-v2: Sensor Name:GPU0 temp: 50.6. prev severity:0. cur severity:0 New severity:0
03-10 14:41:37.679  3706  3728 I android.hardware.thermal@2.0-service.qti-v2: Sensor Name:GPU1 temp: 49.2. prev severity:0. cur severity:0 New severity:0
03-10 14:41:37.679  2061  2108 E minksocket: MinkIPC_QRTR_Service: client with node 1 port 6ef1 went down
03-10 14:41:37.679  2064  2064 E Diag_Lib: diag: Diag_LSM_Init: invoked for pid: 2064 with init_count: 0
03-10 14:41:37.680  2064  2064 E Diag_Lib: diag:failed to connect to diag socket
03-10 14:41:37.680  2064  2064 E Diag_Lib:  Diag_LSM_Init: Failed to open handle to diag driver, error = 13
03-10 14:41:37.680  2064  2064 I sensors-hal: send_sensor_config_request:463, dt=ambient_light_1: convert sample_period=250000000 to batch_period=250000
03-10 14:41:37.680  2064  2064 I sensors-hal: send_sync_sensor_request:341, send sync request
03-10 14:41:37.680  2064  2064 I sensors-hal: send_sync_sensor_request:367, wait for notification of response
03-10 14:41:37.681  2061  2108 E minksocket: MinkIPC_QRTR_Service: client with node 1 port 6ef2 went down
03-10 14:41:37.681 12420 12650 E msys    : E[N mns]_LogError(228)=>Failed to resolve using system DNS resolver, getaddrinfo(): No address associated with hostname
03-10 14:41:37.681  3706  3728 I android.hardware.thermal@2.0-service.qti-v2: Sensor Name:nsp0 temp: 51.6. prev severity:0. cur severity:0 New severity:0
03-10 14:41:37.681  3706  3728 I android.hardware.thermal@2.0-service.qti-v2: Sensor Name:nsp1 temp: 51.3. prev severity:0. cur severity:0 New severity:0
03-10 14:41:37.681  3706  3728 I android.hardware.thermal@2.0-service.qti-v2: Sensor Name:nsp2 temp: 52.6. prev severity:0. cur severity:0 New severity:0
03-10 14:41:37.681  3706  3728 I android.hardware.thermal@2.0-service.qti-v2: Sensor Name:CPU0 temp: 63.6. prev severity:0. cur severity:0 New severity:0
03-10 14:41:37.682  3706  3728 I android.hardware.thermal@2.0-service.qti-v2: Sensor Name:CPU1 temp: 67.4. prev severity:0. cur severity:0 New severity:0
03-10 14:41:37.682  3706  3728 I android.hardware.thermal@2.0-service.qti-v2: Sensor Name:CPU2 temp: 66.7. prev severity:0. cur severity:0 New severity:0
03-10 14:41:37.682  3706  3728 I android.hardware.thermal@2.0-service.qti-v2: Sensor Name:CPU3 temp: 67.4. prev severity:0. cur severity:0 New severity:0
03-10 14:41:37.682 12420 12650 E msys    : E[N mns]_OnDiskCacheGetData(632)=>Start post callback cache refresh DNS resolution
03-10 14:41:37.682  2064 14888 I sensors-hal: ssc_conn_resp_cb:632, resp_value = 0
03-10 14:41:37.682  2064  2064 I sensors-hal: send_sync_sensor_request:373, takes 2 ms to receive the response with 0
03-10 14:41:37.682  2064  2064 I sensors-hal: activate:184, com.motorola.sensor.alternate_light/65959 en=1 completed
03-10 14:41:37.683  3706  3728 I android.hardware.thermal@2.0-service.qti-v2: Sensor Name:CPU4 temp: 67.7. prev severity:0. cur severity:0 New severity:0
03-10 14:41:37.683  3706  3728 I android.hardware.thermal@2.0-service.qti-v2: Sensor Name:CPU5 temp: 64.3. prev severity:0. cur severity:0 New severity:0
03-10 14:41:37.683  3706  3728 I android.hardware.thermal@2.0-service.qti-v2: Sensor Name:CPU6 temp: 70.1. prev severity:0. cur severity:0 New severity:0
03-10 14:41:37.683  3706  3728 I android.hardware.thermal@2.0-service.qti-v2: Sensor Name:CPU7 temp: 59.5. prev severity:0. cur severity:0 New severity:0
03-10 14:41:37.683  3163  3352 V DisplayPowerController2[0]: Brightness [0.40747756] reason changing to: 'manual', previous reason: 'screen_off'.
03-10 14:41:37.684 12420 12650 E msys    : E[N mns]_LogError(228)=>Failed to resolve using system DNS resolver, getaddrinfo(): No address associated with hostname
03-10 14:41:37.684  3163  3352 I DisplayPowerController2[0]: 03-10 14:41:37.683 - BrightnessEvent: disp=0, physDisp=local:4630947043778501762, displayState=ON, displayPolicy=BRIGHT, brt=0.40747756, initBrt=0.0, rcmdBrt=NaN, preBrt=NaN, lux=NaN, preLux=NaN, brtNits=107.597626, hdrNits=NaN, initNits=3.1465538, preNits=NaN, rcmdNits=NaN, hdrBrightness=NaN, brt(%)=48%, brtInt=104, hbmPolicy=normal, hbmMax=0.85440856, hbmMode=off, rbcStrength=50, thrmMax=1.0, powerFactor=1.0, wasShortTermModelActive=false, flags=invalid_lux , reason=manual, autoBrightness=true, strategy=InvalidBrightnessStrategy, autoBrightnessMode=default
03-10 14:41:37.684  5625  5625 I KgdSliceProvider: The weather info has not change, does not need to be updated. mTempF=-999 iconNumber=-999 celsius=true
03-10 14:41:37.684  3706  3728 I android.hardware.thermal@2.0-service.qti-v2: Sensor Name:nsp0 temp: 51.6. prev severity:0. cur severity:0 New severity:0
03-10 14:41:37.685  3706  3728 I android.hardware.thermal@2.0-service.qti-v2: Sensor Name:nsp1 temp: 51.3. prev severity:0. cur severity:0 New severity:0
03-10 14:41:37.685  3706  3728 I android.hardware.thermal@2.0-service.qti-v2: Sensor Name:nsp2 temp: 52.6. prev severity:0. cur severity:0 New severity:0
03-10 14:41:37.685  3706  3728 I android.hardware.thermal@2.0-service.qti-v2: Sensor Name:GPU0 temp: 50.3. prev severity:0. cur severity:0 New severity:0
03-10 14:41:37.685  3706  3728 I android.hardware.thermal@2.0-service.qti-v2: Sensor Name:GPU1 temp: 49.6. prev severity:0. cur severity:0 New severity:0
03-10 14:41:37.685 14718 14718 I ThermalEngine: Loading configuration file /vendor/etc/thermal-engine-lynkco.conf
03-10 14:41:37.685 14718 14718 I ThermalEngine: Parsing section global
03-10 14:41:37.685 14718 14718 I ThermalEngine: Created section 'REPORT-FRONT'
03-10 14:41:37.685 14718 14718 I ThermalEngine: Algo Type 'monitor'
03-10 14:41:37.685 14718 14718 I ThermalEngine: Parsing section REPORT-FRONT
03-10 14:41:37.685 14718 14718 I ThermalEngine: Found field 'sampling'
03-10 14:41:37.685 14718 14718 I ThermalEngine: Found field 'sensor'
03-10 14:41:37.685 14718 14718 I ThermalEngine: Found field 'thresholds'
03-10 14:41:37.685 14718 14718 I ThermalEngine: Found field 'thresholds_clr'
03-10 14:41:37.685 14718 14718 I ThermalEngine: Found field 'actions'
03-10 14:41:37.685 14718 14718 I ThermalEngine: Found field 'action_info'
03-10 14:41:37.685 14718 14718 I ThermalEngine: Created section 'REPORT-BACK'
03-10 14:41:37.685 14718 14718 I ThermalEngine: Algo Type 'monitor'
03-10 14:41:37.685 14718 14718 I ThermalEngine: Parsing section REPORT-BACK
03-10 14:41:37.685 14718 14718 I ThermalEngine: Found field 'sampling'
03-10 14:41:37.685 14718 14718 I ThermalEngine: Found field 'sensor'
03-10 14:41:37.685 14718 14718 I ThermalEngine: Found field 'thresholds'
03-10 14:41:37.685 14718 14718 I ThermalEngine: Found field 'thresholds_clr'
03-10 14:41:37.685 14718 14718 I ThermalEngine: Found field 'actions'
03-10 14:41:37.685 14718 14718 I ThermalEngine: Found field 'action_info'
03-10 14:41:37.685 14718 14718 I ThermalEngine: Created section 'OVERRIDE-CHG'
03-10 14:41:37.685 14718 14718 I ThermalEngine: Algo Type 'monitor'
