03-10 14:41:35.553  2072 10854 D WVCdm   : [cdm_engine.cpp(555):QueryStatus] security_level = Default, query_token = WidevineCdmVersion
03-10 14:41:35.553  2072 10854 I WVCdm   : [file_utils.cpp(40):Exists] stat failed: ENOENT
03-10 14:41:35.554  2072 10854 I WVCdm   : [oemcrypto_adapter_dynamic.cpp(783):Initialize] Level 3 Build Info (v16): OEMCrypto Level3 Code 28917 Feb  2 2023 02:22:33
03-10 14:41:35.554 13866 13866 D a-MainPlayer: state [eventTime=10.50, mediaPos=16.02, window=0, period=0, IDLE]
03-10 14:41:35.554 13866 13866 D a-MainPlayer: isPlaying [eventTime=10.50, mediaPos=16.02, window=0, period=0, false]
03-10 14:41:35.554 13866 13866 D PlayheadTrigger: Clearing all triggers: 0
03-10 14:41:35.555 13866 14338 I MediaCodec: (0xb400006f5315b980) flush
03-10 14:41:35.556 13866 13866 I ExoPlayerImpl: Release 96780ed [AndroidXMedia3-Sky-CVSDK/1.5.1] [lynkco, motorola razr 2023, motorola, 35] [media3.common, media3.database, media3.exoplayer.dash, media3.decoder, media3.exoplayer, media3.datasource.okhttp, media3.datasource, media3.extractor]
03-10 14:41:35.558  2072 14446 I WVCdm   : [(0):] Level3 Library 28917 Feb  2 2023 02:22:33
03-10 14:41:35.563  2224 14356 E QC2V4L2PollThread: [avcD_175] Unsupported input buffer
03-10 14:41:35.564  2224 14356 E QC2V4L2PollThread: [avcD_175] Unsupported input buffer
03-10 14:41:35.564  2224 14356 E QC2V4L2PollThread: [avcD_175] Unsupported input buffer
03-10 14:41:35.566 13866 13948 D CCodecBufferChannel: [c2.qti.avc.decoder#788] Ignoring stale input buffer done callback: last flush index = 325, frameIndex = 322
03-10 14:41:35.567 13866 14338 I MediaCodec: (0xb400006f5315b980) start
03-10 14:41:35.567 13866 14338 D MediaCodec: keep callback message for reclaim
03-10 14:41:35.567 13866 14350 I CCodecConfig: query failed after returning 17 values (BAD_INDEX)
03-10 14:41:35.567 13866 14351 D CCodecBufferChannel: [c2.qti.avc.decoder#788] Discard frames from previous generation.
03-10 14:41:35.567 13866 14351 D CCodecBufferChannel: [c2.qti.avc.decoder#788] Discard frames from previous generation.
03-10 14:41:35.567 13866 14351 D CCodecBufferChannel: [c2.qti.avc.decoder#788] Discard frames from previous generation.
03-10 14:41:35.567 13866 14351 D CCodecBufferChannel: [c2.qti.avc.decoder#788] flushed work; ignored.
03-10 14:41:35.567 13866 14351 D CCodecBufferChannel: [c2.qti.avc.decoder#788] Discard frames from previous generation.
03-10 14:41:35.567 13866 14351 D CCodecBufferChannel: [c2.qti.avc.decoder#788] flushed work; ignored.
03-10 14:41:35.567 13866 14351 D CCodecBufferChannel: [c2.qti.avc.decoder#788] Discard frames from previous generation.
03-10 14:41:35.567 13866 14351 D CCodecBufferChannel: [c2.qti.avc.decoder#788] flushed work; ignored.
03-10 14:41:35.567 13866 14351 D CCodecBufferChannel: [c2.qti.avc.decoder#788] Discard frames from previous generation.
03-10 14:41:35.568 13866 14350 W Codec2Client: query -- param skipped: index = 1342179345.
03-10 14:41:35.568 13866 14350 W Codec2Client: query -- param skipped: index = 2415921170.
03-10 14:41:35.568 13866 14350 W Codec2Client: query -- param skipped: index = 1610614798.
03-10 14:41:35.568 13866 14350 D CCodecBufferChannel: [c2.qti.avc.decoder#788] start: updating output delay 11
03-10 14:41:35.568  2195 14445 I SDM     : HWCSession::NotifyCWBStatus: Notify the client about buffer status 0.
03-10 14:41:35.569  2195 14445 I SDM     : HWCSession::PerformFenceWaits: Remove current release fence from the pending fence wait queue.
03-10 14:41:35.569  2195 14445 I SDM     : HWCSession::PerformFenceWaits: CWB fence queue is empty. No pending release fence to wait on.
03-10 14:41:35.570 13866 14338 I MediaCodec: (0xb400006f5308cbd0) flush
03-10 14:41:35.571  2072 10854 I WVCdm   : [oemcrypto_adapter_dynamic.cpp(797):Initialize] L3 Initialized. Trying L1.
03-10 14:41:35.571  2072 10854 I QCOM-OEMCrypto: OEMCrypto_Initialize
03-10 14:41:35.571  2072 10854 I QCOM-OEMCrypto: License: Widevine: YES CPZ: YES
03-10 14:41:35.575 13866 14346 D CCodecBuffers: [c2.android.aac.decoder#5:1D-Output.Impl[N]] Client returned a buffer it does not own according to our record: 0
03-10 14:41:35.575 13866 14346 D CCodecBuffers: [c2.android.aac.decoder#5:1D-Output.Impl[N]] Client returned a buffer it does not own according to our record: 1
03-10 14:41:35.575 13866 14346 D CCodecBuffers: [c2.android.aac.decoder#5:1D-Output.Impl[N]] Client returned a buffer it does not own according to our record: 2
03-10 14:41:35.575 13866 14346 D CCodecBuffers: [c2.android.aac.decoder#5:1D-Output.Impl[N]] Client returned a buffer it does not own according to our record: 3
03-10 14:41:35.575  5658  5658 I bluetooth: system/btif/avrcp/avrcp_service.cc:537 SendMediaUpdate: track_changed=false :  play_state=true :  queue=false
03-10 14:41:35.576 13866 14338 I MediaCodec: (0xb400006f5308cbd0) start
03-10 14:41:35.576 13866 14338 D MediaCodec: keep callback message for reclaim
03-10 14:41:35.576 13866 14346 I CCodecConfig: query failed after returning 21 values (BAD_INDEX)
03-10 14:41:35.577 13866 14346 W Codec2Client: query -- param skipped: index = 1342179345.
03-10 14:41:35.577 13866 14346 W Codec2Client: query -- param skipped: index = 2415921170.
03-10 14:41:35.577 13866 14346 W Codec2Client: query -- param skipped: index = 1610614798.
03-10 14:41:35.577 13866 14346 D CCodecBufferChannel: [c2.android.aac.decoder#5] start: updating output delay 2
03-10 14:41:35.579 13866 14338 I MediaCodec: (0xb400006f5315b980) releaseAsync
03-10 14:41:35.579 13866 14350 I MediaCodec: [c2.qti.avc.decoder] connecting to the same surface. Nothing to do.
03-10 14:41:35.579 13866 14350 D CCodecBufferChannel: [c2.qti.avc.decoder#788] MediaCodec discarded an unknown buffer
03-10 14:41:35.579 13866 14350 D CCodecBufferChannel: [c2.qti.avc.decoder#788] MediaCodec discarded an unknown buffer
03-10 14:41:35.579 13866 14350 D CCodecBufferChannel: [c2.qti.avc.decoder#788] MediaCodec discarded an unknown buffer
03-10 14:41:35.579 13866 14350 D CCodecBufferChannel: [c2.qti.avc.decoder#788] MediaCodec discarded an unknown buffer
03-10 14:41:35.580 13866 14450 W BufferQueueProducer: [MediaCodec.release](id:362a00000003,api:3,p:13866,c:13866) detachBuffer: slot 0 is not owned by the producer (state = FREE)
03-10 14:41:35.580 13866 14450 W BufferQueueProducer: [MediaCodec.release](id:362a00000003,api:3,p:13866,c:13866) detachBuffer: slot 1 is not owned by the producer (state = FREE)
03-10 14:41:35.580 13866 14450 W BufferQueueProducer: [MediaCodec.release](id:362a00000003,api:3,p:13866,c:13866) detachBuffer: slot 2 is not owned by the producer (state = FREE)
03-10 14:41:35.580 13866 14450 W BufferQueueProducer: [MediaCodec.release](id:362a00000003,api:3,p:13866,c:13866) detachBuffer: slot 3 is not owned by the producer (state = FREE)
03-10 14:41:35.580 13866 14450 W BufferQueueProducer: [MediaCodec.release](id:362a00000003,api:3,p:13866,c:13866) detachBuffer: slot 4 is not owned by the producer (state = FREE)
03-10 14:41:35.581 13866 14450 W BufferQueueProducer: [MediaCodec.release](id:362a00000003,api:3,p:13866,c:13866) detachBuffer: slot 8 is not owned by the producer (state = FREE)
03-10 14:41:35.581 13866 14450 W BufferQueueProducer: [MediaCodec.release](id:362a00000003,api:3,p:13866,c:13866) detachBuffer: slot 9 is not owned by the producer (state = FREE)
03-10 14:41:35.581 13866 14450 W BufferQueueProducer: [MediaCodec.release](id:362a00000003,api:3,p:13866,c:13866) detachBuffer: slot 10 is not owned by the producer (state = FREE)
03-10 14:41:35.581 13866 14450 W BufferQueueProducer: [MediaCodec.release](id:362a00000003,api:3,p:13866,c:13866) detachBuffer: slot 11 is not owned by the producer (state = FREE)
03-10 14:41:35.582 13866 14450 W BufferQueueProducer: [MediaCodec.release](id:362a00000003,api:3,p:13866,c:13866) detachBuffer: slot 13 is not owned by the producer (state = FREE)
03-10 14:41:35.582 13866 14450 W BufferQueueProducer: [MediaCodec.release](id:362a00000003,api:3,p:13866,c:13866) detachBuffer: slot 14 is not owned by the producer (state = FREE)
03-10 14:41:35.582 13866 14450 W BufferQueueProducer: [MediaCodec.release](id:362a00000003,api:3,p:13866,c:13866) detachBuffer: slot 15 is not owned by the producer (state = FREE)
03-10 14:41:35.582  2163  2163 D SENSOREXT_ALS_COMP: FrontLight: ReportLux 14.25 (23.16-8.90), pre 10.87, dbv 6369, dc 0, fps 90, chPanel 5.66-2.80-1.71-0.95, facCal:lux_s 1.19 cha_s 0.94-0.95-0.90-0.94, RunInfo: DPB 11995-46, TF 11995-0
03-10 14:41:35.582 13866 14450 W BufferQueueProducer: [MediaCodec.release](id:362a00000003,api:3,p:13866,c:13866) detachBuffer: slot 16 is not owned by the producer (state = FREE)
03-10 14:41:35.582 13866 14450 W BufferQueueProducer: [MediaCodec.release](id:362a00000003,api:3,p:13866,c:13866) detachBuffer: slot 17 is not owned by the producer (state = FREE)
03-10 14:41:35.582 13866 14450 W BufferQueueProducer: [MediaCodec.release](id:362a00000003,api:3,p:13866,c:13866) detachBuffer: slot 18 is not owned by the producer (state = FREE)
03-10 14:41:35.582 13866 14450 W BufferQueueProducer: [MediaCodec.release](id:362a00000003,api:3,p:13866,c:13866) detachBuffer: slot 19 is not owned by the producer (state = FREE)
03-10 14:41:35.582 13866 14450 W BufferQueueProducer: [MediaCodec.release](id:362a00000003,api:3,p:13866,c:13866) detachBuffer: slot 20 is not owned by the producer (state = FREE)
03-10 14:41:35.582 13866 14450 W BufferQueueProducer: [MediaCodec.release](id:362a00000003,api:3,p:13866,c:13866) detachBuffer: slot 21 is not owned by the producer (state = FREE)
03-10 14:41:35.583 13866 14450 W BufferQueueProducer: [MediaCodec.release](id:362a00000003,api:3,p:13866,c:13866) detachBuffer: slot 22 is not owned by the producer (state = FREE)
03-10 14:41:35.583 13866 14450 W BufferQueueProducer: [MediaCodec.release](id:362a00000003,api:3,p:13866,c:13866) detachBuffer: slot 23 is not owned by the producer (state = FREE)
03-10 14:41:35.583 13866 14450 W BufferQueueProducer: [MediaCodec.release](id:362a00000003,api:3,p:13866,c:13866) detachBuffer: slot 24 is not owned by the producer (state = FREE)
03-10 14:41:35.583 13866 14450 W BufferQueueProducer: [MediaCodec.release](id:362a00000003,api:3,p:13866,c:13866) detachBuffer: slot 25 is not owned by the producer (state = FREE)
03-10 14:41:35.583 13866 14450 W BufferQueueProducer: [MediaCodec.release](id:362a00000003,api:3,p:13866,c:13866) detachBuffer: slot 26 is not owned by the producer (state = FREE)
03-10 14:41:35.583 13866 14450 W BufferQueueProducer: [MediaCodec.release](id:362a00000003,api:3,p:13866,c:13866) detachBuffer: slot 27 is not owned by the producer (state = FREE)
03-10 14:41:35.583 13866 14450 W BufferQueueProducer: [MediaCodec.release](id:362a00000003,api:3,p:13866,c:13866) detachBuffer: slot 28 is not owned by the producer (state = FREE)
03-10 14:41:35.583 13866 14450 W BufferQueueProducer: [MediaCodec.release](id:362a00000003,api:3,p:13866,c:13866) detachBuffer: slot 29 is not owned by the producer (state = FREE)
03-10 14:41:35.583 13866 14338 I MediaCodec: (0xb400006f5308cbd0) releaseAsync
03-10 14:41:35.583 13866 14450 W BufferQueueProducer: [MediaCodec.release](id:362a00000003,api:3,p:13866,c:13866) detachBuffer: slot 30 is not owned by the producer (state = FREE)
03-10 14:41:35.583 13866 14450 W BufferQueueProducer: [MediaCodec.release](id:362a00000003,api:3,p:13866,c:13866) detachBuffer: slot 31 is not owned by the producer (state = FREE)
03-10 14:41:35.583 13866 14450 W BufferQueueProducer: [MediaCodec.release](id:362a00000003,api:3,p:13866,c:13866) detachBuffer: slot 32 is not owned by the producer (state = FREE)
03-10 14:41:35.583 13866 14450 W BufferQueueProducer: [MediaCodec.release](id:362a00000003,api:3,p:13866,c:13866) detachBuffer: slot 33 is not owned by the producer (state = FREE)
03-10 14:41:35.583 13866 14346 D CCodecBufferChannel: [c2.android.aac.decoder#5] MediaCodec discarded an unknown buffer
03-10 14:41:35.583 13866 14450 W BufferQueueProducer: [MediaCodec.release](id:362a00000003,api:3,p:13866,c:13866) detachBuffer: slot 34 is not owned by the producer (state = FREE)
03-10 14:41:35.584 13866 14346 D CCodecBufferChannel: [c2.android.aac.decoder#5] MediaCodec discarded an unknown buffer
03-10 14:41:35.584 13866 14346 D CCodecBufferChannel: [c2.android.aac.decoder#5] MediaCodec discarded an unknown buffer
03-10 14:41:35.584 13866 14450 W BufferQueueProducer: [MediaCodec.release](id:362a00000003,api:3,p:13866,c:13866) detachBuffer: slot 35 is not owned by the producer (state = FREE)
03-10 14:41:35.584 13866 14346 D CCodecBufferChannel: [c2.android.aac.decoder#5] MediaCodec discarded an unknown buffer
03-10 14:41:35.584 13866 14450 W BufferQueueProducer: [MediaCodec.release](id:362a00000003,api:3,p:13866,c:13866) detachBuffer: slot 36 is not owned by the producer (state = FREE)
03-10 14:41:35.584 13866 14450 W BufferQueueProducer: [MediaCodec.release](id:362a00000003,api:3,p:13866,c:13866) detachBuffer: slot 37 is not owned by the producer (state = FREE)
03-10 14:41:35.584 13866 14450 W BufferQueueProducer: [MediaCodec.release](id:362a00000003,api:3,p:13866,c:13866) detachBuffer: slot 38 is not owned by the producer (state = FREE)
03-10 14:41:35.584 13866 14450 W BufferQueueProducer: [MediaCodec.release](id:362a00000003,api:3,p:13866,c:13866) detachBuffer: slot 39 is not owned by the producer (state = FREE)
03-10 14:41:35.586 13866 14450 W BufferQueueProducer: [MediaCodec.release](id:362a00000003,api:3,p:13866,c:13866) detachBuffer: slot 40 is not owned by the producer (state = FREE)
03-10 14:41:35.586 13866 14346 I hw-BpHwBinder: onLastStrongRef automatically unlinking death recipients
03-10 14:41:35.586  2064  4171 D slpi-TCS3720: ALS_REPORT lux 19.868021, ch0 12.920793-6.540892-3.656625-2.632488, scale 1.1878, fps 90, client 1
03-10 14:41:35.586  2064  4171 D slpi-TCS3720: PRX_OC info Far, Total 0, pdata 0, offset 0 step 0.63, ore 0:0 step 21.00, TH_H 1020, TH_L 0, client 0
03-10 14:41:35.587 13866 14450 W BufferQueueProducer: [MediaCodec.release](id:362a00000003,api:3,p:13866,c:13866) detachBuffer: slot 41 is not owned by the producer (state = FREE)
03-10 14:41:35.587 13866 14450 W BufferQueueProducer: [MediaCodec.release](id:362a00000003,api:3,p:13866,c:13866) detachBuffer: slot 42 is not owned by the producer (state = FREE)
03-10 14:41:35.587 13866 14450 W BufferQueueProducer: [MediaCodec.release](id:362a00000003,api:3,p:13866,c:13866) detachBuffer: slot 43 is not owned by the producer (state = FREE)
03-10 14:41:35.587  2809 29168 I hw-BpHwBinder: onLastStrongRef automatically unlinking death recipients
03-10 14:41:35.587  2809 29168 I hw-BpHwBinder: onLastStrongRef automatically unlinking death recipients
03-10 14:41:35.587 13866 14450 W BufferQueueProducer: [MediaCodec.release](id:362a00000003,api:3,p:13866,c:13866) detachBuffer: slot 44 is not owned by the producer (state = FREE)
03-10 14:41:35.587 13866 14450 W BufferQueueProducer: [MediaCodec.release](id:362a00000003,api:3,p:13866,c:13866) detachBuffer: slot 45 is not owned by the producer (state = FREE)
03-10 14:41:35.587  2809 14347 D BufferPoolAccessor2.0: bufferpool2 0xb4000070fcb3bd78 : 0(0 size) total buffers - 0(0 size) used buffers - 0/0 (recycle/alloc) - 0/0 (fetch/transfer)
03-10 14:41:35.587  2809 14347 D BufferPoolAccessor2.0: Destruction - bufferpool2 0xb4000070fcb3bd78 cached: 0/0M, 0/0% in use; allocs: 0, 0% recycled; transfers: 0, 0% unfetched
03-10 14:41:35.587 13866 14450 W BufferQueueProducer: [MediaCodec.release](id:362a00000003,api:3,p:13866,c:13866) detachBuffer: slot 46 is not owned by the producer (state = FREE)
03-10 14:41:35.587 13866 14450 W BufferQueueProducer: [MediaCodec.release](id:362a00000003,api:3,p:13866,c:13866) detachBuffer: slot 47 is not owned by the producer (state = FREE)
03-10 14:41:35.587 13866 14450 W BufferQueueProducer: [MediaCodec.release](id:362a00000003,api:3,p:13866,c:13866) detachBuffer: slot 48 is not owned by the producer (state = FREE)
03-10 14:41:35.587 13866 14450 W BufferQueueProducer: [MediaCodec.release](id:362a00000003,api:3,p:13866,c:13866) detachBuffer: slot 49 is not owned by the producer (state = FREE)
03-10 14:41:35.587 13866 14450 W BufferQueueProducer: [MediaCodec.release](id:362a00000003,api:3,p:13866,c:13866) detachBuffer: slot 50 is not owned by the producer (state = FREE)
03-10 14:41:35.587 13866 14450 W BufferQueueProducer: [MediaCodec.release](id:362a00000003,api:3,p:13866,c:13866) detachBuffer: slot 51 is not owned by the producer (state = FREE)
03-10 14:41:35.587 13866 14450 W BufferQueueProducer: [MediaCodec.release](id:362a00000003,api:3,p:13866,c:13866) detachBuffer: slot 52 is not owned by the producer (state = FREE)
03-10 14:41:35.587 13866 14450 W BufferQueueProducer: [MediaCodec.release](id:362a00000003,api:3,p:13866,c:13866) detachBuffer: slot 53 is not owned by the producer (state = FREE)
03-10 14:41:35.587 13866 14450 W BufferQueueProducer: [MediaCodec.release](id:362a00000003,api:3,p:13866,c:13866) detachBuffer: slot 54 is not owned by the producer (state = FREE)
03-10 14:41:35.588 13866 14450 W BufferQueueProducer: [MediaCodec.release](id:362a00000003,api:3,p:13866,c:13866) detachBuffer: slot 55 is not owned by the producer (state = FREE)
03-10 14:41:35.588 13866 14450 W BufferQueueProducer: [MediaCodec.release](id:362a00000003,api:3,p:13866,c:13866) detachBuffer: slot 56 is not owned by the producer (state = FREE)
03-10 14:41:35.588 13866 14450 W BufferQueueProducer: [MediaCodec.release](id:362a00000003,api:3,p:13866,c:13866) detachBuffer: slot 57 is not owned by the producer (state = FREE)
03-10 14:41:35.588 13866 14450 W BufferQueueProducer: [MediaCodec.release](id:362a00000003,api:3,p:13866,c:13866) detachBuffer: slot 58 is not owned by the producer (state = FREE)
03-10 14:41:35.588 13866 14450 W BufferQueueProducer: [MediaCodec.release](id:362a00000003,api:3,p:13866,c:13866) detachBuffer: slot 59 is not owned by the producer (state = FREE)
03-10 14:41:35.588 13866 14450 W BufferQueueProducer: [MediaCodec.release](id:362a00000003,api:3,p:13866,c:13866) detachBuffer: slot 60 is not owned by the producer (state = FREE)
03-10 14:41:35.588 13866 14450 W BufferQueueProducer: [MediaCodec.release](id:362a00000003,api:3,p:13866,c:13866) detachBuffer: slot 61 is not owned by the producer (state = FREE)
03-10 14:41:35.588 13866 14450 W BufferQueueProducer: [MediaCodec.release](id:362a00000003,api:3,p:13866,c:13866) detachBuffer: slot 62 is not owned by the producer (state = FREE)
03-10 14:41:35.588 13866 14450 W BufferQueueProducer: [MediaCodec.release](id:362a00000003,api:3,p:13866,c:13866) detachBuffer: slot 63 is not owned by the producer (state = FREE)
03-10 14:41:35.588  2224  2429 W C2BqBuffer: invalid producer producer(0), generation(0)
03-10 14:41:35.589  2224 14352 I QC2Comp : [avcD_175] Stats: Pending(0) i/p-done(0) Works: Q: 325/Done 326|Work-Rate: Q(29.9/s Avg=31.5/s) Done(31.393/s Avg=31.613/s)| Stream: 30.00fps 0.0Kbps
03-10 14:41:35.589  2224 14352 I QC2Comp : [avcD_175] Mem-usage:  [In-1D: 5 bufs 14.941 MB] [1D-227: 15 bufs 0.234 MB] [2D-228: 19 bufs 58.336 MB] | Total: 73.512 MB
03-10 14:41:35.589  2224 14352 E QC2Comp : comp.release() is called without comp.stop()
03-10 14:41:35.591 13866 13948 E BufferQueueProducer: [MediaCodec.release](id:362a00000003,api:3,p:13866,c:13866) cancelBuffer: slot 7 is not owned by the producer (state = FREE)
03-10 14:41:35.592 13866 13948 E BufferQueueProducer: [MediaCodec.release](id:362a00000003,api:3,p:13866,c:13866) cancelBuffer: slot 5 is not owned by the producer (state = FREE)
03-10 14:41:35.593 13866 13948 E BufferQueueProducer: [MediaCodec.release](id:362a00000003,api:3,p:13866,c:13866) cancelBuffer: slot 6 is not owned by the producer (state = FREE)
03-10 14:41:35.596  2224 14352 I QC2V4l2Driver: [avcD_175] Closed device driver with fd: 6
03-10 14:41:35.596 13866 13948 E BufferQueueProducer: [MediaCodec.release](id:362a00000003,api:3,p:13866,c:13866) cancelBuffer: slot 12 is not owned by the producer (state = FREE)
03-10 14:41:35.598  2224 14352 D BufferPoolAccessor2.0: Destruction - bufferpool2 0xb40000782c1313c8 cached: 0/0M, 0/0% in use; allocs: 15, 0% recycled; transfers: 0, 0% unfetched
03-10 14:41:35.598  2224 14352 I QC2Comp : NOTE: handleStopCodec returning: 0 (OK=0)
03-10 14:41:35.599  2224  2224 I QC2Comp : NOTE: Release returning: 0 (OK=0)
03-10 14:41:35.599 13866 14350 D SurfaceUtils: disconnecting from surface 0xb400006ea302ae80, reason disconnectFromSurface
03-10 14:41:35.599 13866 14350 D Surface : Surface::disconnect
03-10 14:41:35.599 13866 14350 D BufferQueueProducer: [MediaCodec.release](id:362a00000003,api:3,p:13866,c:13866) disconnect: api 3
03-10 14:41:35.602 13866 13866 D a-MainPlayer: rendererReady [eventTime=10.55, mediaPos=16.02, window=0, period=0, rendererIndex=0, video, false]
03-10 14:41:35.603 13866 13866 D a-MainPlayer: videoDisabled [eventTime=10.55, mediaPos=16.02, window=0, period=0]
03-10 14:41:35.603 13866 13866 D a-MainPlayer: rendererReady [eventTime=10.55, mediaPos=16.02, window=0, period=0, rendererIndex=1, audio, false]
03-10 14:41:35.603 13866 13866 D a-MainPlayer: audioDisabled [eventTime=10.55, mediaPos=16.02, window=0, period=0]
03-10 14:41:35.603 13866 13866 D a-MainPlayer: videoDecoderReleased [eventTime=10.55, mediaPos=16.02, window=0, period=0, c2.qti.avc.decoder]
03-10 14:41:35.604 13866 13866 D a-MainPlayer: audioDecoderReleased [eventTime=10.55, mediaPos=16.02, window=0, period=0, c2.android.aac.decoder]
03-10 14:41:35.604  2072 10854 I QCOM-OEMCrypto: ---------------Widevine OEMCrypto configuration-----------------
03-10 14:41:35.604  2072 10854 I QCOM-OEMCrypto: TA-HLOS interface                      :   SMCInvoke
03-10 14:41:35.604  2072 10854 I QCOM-OEMCrypto: Crypto Engine SMMU Virtual Address     :   Yes
03-10 14:41:35.604  2072 10854 I QCOM-OEMCrypto: Measure elapsed time                   :   No
03-10 14:41:35.604  2072 10854 I QCOM-OEMCrypto: Inplace decryption for clear buffer    :   Yes
03-10 14:41:35.604  2072 10854 I QCOM-OEMCrypto: Frame Assembly                         :   Yes
03-10 14:41:35.604  2072 10854 I QCOM-OEMCrypto: Scratch buffer size                    :   4194304
03-10 14:41:35.604  2072 10854 I QCOM-OEMCrypto: Decrypt hash tests                     :   No
03-10 14:41:35.604  2072 10854 I QCOM-OEMCrypto: Secure buffer tests                    :   No
03-10 14:41:35.604  2072 10854 I QCOM-OEMCrypto: Idle mode enabled for external display :   No
03-10 14:41:35.604  2072 10854 I QCOM-OEMCrypto: HLOS data path                       :   No
03-10 14:41:35.604  2072 10854 I QCOM-OEMCrypto: ----------------------------------------------------------------
03-10 14:41:35.604 13866 14351 I hw-BpHwBinder: onLastStrongRef automatically unlinking death recipients
03-10 14:41:35.605  2224  2224 I hw-BpHwBinder: onLastStrongRef automatically unlinking death recipients
03-10 14:41:35.605  2224  2224 I QC2CompStore: Deleting component(c2.qti.avc.decoder) id(175)
03-10 14:41:35.606  2224  2224 I QC2Comp : [avcD_175] Deallocated component c2.qti.avc.decoder [id=175]
03-10 14:41:35.606  1296  1305 D DrmLibTime: got the req here! ret=0
03-10 14:41:35.606  1296  1305 D DrmLibTime: command id, time_cmd_id = 770
03-10 14:41:35.606  1296  1305 D DrmLibTime: time_getutcsec starts!
03-10 14:41:35.606  1296  1305 D DrmLibTime: QSEE Time Listener: time_getutcsec
03-10 14:41:35.606  1296  1305 D DrmLibTime: QSEE Time Listener: get_utc_seconds
03-10 14:41:35.606  1296  1305 D DrmLibTime: QSEE Time Listener: time_get_modem_time
03-10 14:41:35.606  1296  1305 D DrmLibTime: QSEE Time Listener: Checking if ATS_MODEM is set or not.
03-10 14:41:35.606  1296  1305 D QC-time-services: Lib:time_genoff_operation: pargs->base = 13
03-10 14:41:35.606  1296  1305 D QC-time-services: Lib:time_genoff_operation: pargs->operation = 2
03-10 14:41:35.606  1296  1305 D QC-time-services: Lib:time_genoff_operation: pargs->ts_val = 0
03-10 14:41:35.607  1296  1305 D QC-time-services: Lib:time_genoff_operation: Send to server  passed!!
03-10 14:41:35.607  1878  1888 D QC-time-services: Daemon: Connection accepted:time_genoff
03-10 14:41:35.610  1878 14452 D QC-time-services: Daemon:Received base = 13, unit = 1, operation = 2,value = 0
03-10 14:41:35.610  1878 14452 D QC-time-services: Daemon:genoff_opr: Base = 13, val = 0, operation = 2
03-10 14:41:35.610  1878 14452 D QC-time-services: offset is: 1 for base: 13
03-10 14:41:35.610  1296  1305 E QC-time-services: Receive Passed == base = 13, unit = 1, operation = 2, result = 0
03-10 14:41:35.610  1296  1305 D DrmLibTime: QSEE Time Listener: ATS_MODEM is set. Try to retrieve it.
03-10 14:41:35.610  1878  1888 E QC-time-services: Daemon: Time-services: Waiting to acceptconnection
03-10 14:41:35.610  1878  1888 D QC-time-services: Daemon: Connection accepted:time_genoff
03-10 14:41:35.612  1878 14453 D QC-time-services: Daemon:Received base = 13, unit = 1, operation = 1,value = 0
03-10 14:41:35.612  1878 14453 D QC-time-services: Daemon:genoff_opr: Base = 13, val = 0, operation = 1
03-10 14:41:35.612  1878 14453 D QC-time-services: Daemon: genoff get for 13
03-10 14:41:35.612  1878 14453 D QC-time-services: Daemon:Value read from QTimer mseconds = 98056031
03-10 14:41:35.612  1878 14453 D QC-time-services: Daemon:Value read from RTC mseconds on boot = 1081413000
03-10 14:41:35.612  1878 14453 D QC-time-services: Daemon:Value read from QTimer mseconds = 98056031
03-10 14:41:35.612  1878 14453 D QC-time-services: Daemon:Value read from generic offset = 1771988693216
03-10 14:41:35.612  1878 14453 D QC-time-services: Daemon:Delta read on boot mseconds = 1081364354
03-10 14:41:35.612  1878 14453 D QC-time-services: Daemon:Final Time = 1773168113601
03-10 14:41:35.612  1296  1305 D DrmLibTime: QSEE Time Listener: Time GenOff - seconds: 1773168113
03-10 14:41:35.612  1296  1305 D DrmLibTime: time_getutcsec returns 0, sec = 1773168113; nsec = 0
03-10 14:41:35.612  1296  1305 D DrmLibTime: time_getutcsec finished! 
03-10 14:41:35.612  1296  1305 D DrmLibTime: iotcl_continue_command finished! and return 0 
03-10 14:41:35.612  1296  1305 D DrmLibTime: before calling ioctl to read the next time_cmd
03-10 14:41:35.613  1878  1888 E QC-time-services: Daemon: Time-services: Waiting to acceptconnection
03-10 14:41:35.616  5993  5993 W DiscoveryManager: BroadcastReceiver is already registered
03-10 14:41:35.616  5993  5993 D BoundBrokerSvc: onUnbind: Intent { act=com.google.android.gms.libs.gmscorelogger.service.START dat=chimera-action:/... cmp=com.google.android.gms/.chimera.PersistentDirectBootAwareApiService }
03-10 14:41:35.616  2064 13167 E sensors-hal: handle_sns_client_event:62, mot_disprot_event: now=98051521329406 ts=98051511894428, type=16, status=3
03-10 14:41:35.617  5993 14003 I DiscoveryManager: Discovery state (DiscoveryState{filterCriteria=[CC1AD845, 35B909D4], categoryToCriteria={com.google.android.gms.cast.CATEGORY_CAST/35B909D4///ALLOW_IPV6=[35B909D4], android.media.intent.category.REMOTE_PLAYBACK=[CC1AD845]}, activeScan=false, activeScanWithScreenOff=false, discoveryRequestSupportsDynamicSession=false})
03-10 14:41:35.617  2163  2163 D motorola.hardware.sensorext-service: handle id:13 wxh:1088x2640 uwxuh:1080x2640 size: 11489280 fd:11 fd_meta:12 flags:0x4000228 usage:0x33  format:0x1 layer_count: 1 reserved_size = 0
03-10 14:41:35.617  5993 14003 W DatabaseProcessor: processLocalDevices: failed to get the network info with non-null networkId.
03-10 14:41:35.617  2195  2586 I SDM     : HWCSession::SetCWBOutputBuffer: CWB config passed by cwb_client : tappoint 1  CWB_ROI : (210.000000 26.000000 274.000000 90.000000) for display [1 0 0]
03-10 14:41:35.617  5993  5993 I CastMediaRouteProvider: Published 0 routes
03-10 14:41:35.622  2195 14455 I SDM     : HWCDisplay::SetReadbackBuffer: CWB config from client: tap_point 1, CWB ROI Rect(210.000000 26.000000 274.000000 90.000000), PU_as_CWB_ROI 0, Cwb full rect : (0.000000 0.000000 1080.000000 2640.000000)
03-10 14:41:35.622  2195 14455 I SDM     : HWCDisplay::SetReadbackBuffer: Successfully configured the output buffer: readback_buffer_queued_ 1, readback_configured_ 0, cwb_client 3
03-10 14:41:35.622  2195 14455 I SDM     : HWCSession::ProcessRequests: Successfully configured CWB buffer.
03-10 14:41:35.623  2064  4171 D slpi    : tmd2712: Als lux: 147.40, ch0: 4163, ch1: 1254, scale: 1.08, atime:50.04, again:1024
03-10 14:41:35.627  3163  7000 W BoostOptController: not supported hint: 118
03-10 14:41:35.631  3163  5171 I serviceDiscovery: [MdnsDiscoveryManager] Unregistering listener for serviceType:_googlecast._tcp.local
03-10 14:41:35.633  3163  5171 I serviceDiscovery: [MdnsDiscoveryManager] Unregistering listener for serviceType:_googlecast._tcp.local
03-10 14:41:35.633  2195 14455 I SDM     : HWCSession::ProcessRequests: Pushing release fence in fenece wait queue.
03-10 14:41:35.633  2195 14455 I SDM     : HWCSession::ProcessRequests: Creating AsyncFenceWaits async thread.
03-10 14:41:35.633  3163  5171 I serviceDiscovery: [MdnsDiscoveryManager] Unregistering listener for serviceType:_googlecast._tcp.local
03-10 14:41:35.633  2195 14455 I SDM     : HWCSession::ProcessRequests: Remove current CWB request from the pending request queue.
03-10 14:41:35.633  2195 14455 I SDM     : HWCSession::ProcessRequests: No pending cwb requests found in the queue.
03-10 14:41:35.633  2300  2300 D SurfaceFlinger: setDesiredDisplayModeSpecs[{0, false, PR={p[24.00-120.00]Hz, r[24.00-60.00]Hz}, AR={p[0.00-120.00]Hz, r[0.00-120.00]Hz}}]: by process 3163 uid 1000 for display 4630947043778501762
03-10 14:41:35.634  3163  7024 I WifiService: releaseMulticastLock uid=10240 tag=MdnsServiceBrowserImpl
03-10 14:41:35.634  2300  2300 I SurfaceFlinger: setDesiredModeSpecsByBrightnessZone Prim done to {0, false, PR={p[24.00-120.00]Hz, r[24.00-60.00]Hz}, AR={p[0.00-120.00]Hz, r[0.00-120.00]Hz}} from {0, false, PR={p[24.00-120.00]Hz, r[24.00-60.00]Hz}, AR={p[0.00-120.00]Hz, r[0.00-120.00]Hz}}, NitUpperLimit=2147483647 inZone=0 due to [0.388826-89.880508]
03-10 14:41:35.634  3163  5171 I WifiService: releaseMulticastLock uid=1000 tag=NsdService
03-10 14:41:35.634  3163  5171 I serviceDiscovery: [MdnsSocketProvider] Stop monitoring sockets.
03-10 14:41:35.634  3163  5171 I TetheringManager: unregisterTetheringEventCallback caller:android
03-10 14:41:35.635  5643 10714 D IpClient.wlan0: set max DTIM multiplier to 2
03-10 14:41:35.636  2300  2300 D SurfaceFlinger: setDesiredDisplayModeSpecs[{0, false, PR={p[24.00-120.00]Hz, r[24.00-60.00]Hz}, AR={p[0.00-120.00]Hz, r[0.00-120.00]Hz}}]: by process 3163 uid 1000 for display 4630947043778501763
03-10 14:41:35.637  3163  7024 I WifiService: acquireMulticastLock uid=10240 tag=MdnsServiceBrowserImpl
03-10 14:41:35.638  5993  6157 I MdnsServiceBrowser: (REDACTED) registering %s
03-10 14:41:35.639  3163  5158 D WifiStaIfaceHidlImpl: setDtimMultiplier is not implemented by HIDL
03-10 14:41:35.640  3163  5171 I serviceDiscovery: [MdnsSocketProvider] Start monitoring sockets.
03-10 14:41:35.645  3163  5171 I TetheringManager: registerTetheringEventCallback caller:android
03-10 14:41:35.646  3163  5171 I serviceDiscovery: [MdnsDiscoveryManager] Registering listener for serviceType: _googlecast._tcp.local
03-10 14:41:35.647  3163  5171 I serviceDiscovery: [MdnsDiscoveryManager] Registering listener for serviceType: _googlecast._tcp.local
03-10 14:41:35.648  5643 10714 D IpClient.wlan0: set max DTIM multiplier to 1
03-10 14:41:35.649  3163  5171 I serviceDiscovery: [MdnsDiscoveryManager] Registering listener for serviceType: _googlecast._tcp.local
03-10 14:41:35.650  3163  5158 D WifiStaIfaceHidlImpl: setDtimMultiplier is not implemented by HIDL
03-10 14:41:35.651  2195 14456 I SDM     : HWCSession::NotifyCWBStatus: Notify the client about buffer status 0.
03-10 14:41:35.652  2195 14456 I SDM     : HWCSession::PerformFenceWaits: Remove current release fence from the pending fence wait queue.
03-10 14:41:35.652  2195 14456 I SDM     : HWCSession::PerformFenceWaits: CWB fence queue is empty. No pending release fence to wait on.
03-10 14:41:35.654  3163  5168 D ConnectivityService: NetReassign [no changes] [c 0] [a 1] [i 7]
03-10 14:41:35.655  2072 10854 I DMABUFHEAPS: Using DMA-BUF heap named: qcom,qseecom-ta
03-10 14:41:35.662  3163  5171 I WifiService: acquireMulticastLock uid=1000 tag=NsdService
03-10 14:41:35.664  2163  2163 D SENSOREXT_ALS_COMP: FrontLight: ReportLux 10.96 (19.87-8.90), pre 14.25, dbv 6369, dc 0, fps 90, chPanel 5.66-2.80-1.71-0.95, facCal:lux_s 1.19 cha_s 0.94-0.95-0.90-0.94, RunInfo: DPB 11996-46, TF 11996-0
03-10 14:41:35.667  2195  2269 I SDM     : HWDeviceDRM::SetupConcurrentWriteback: Tear down the Concurrent Writeback topology
03-10 14:41:35.668  2072 10854 I DMABUFHEAPS: Using DMA-BUF heap named: qcom,qseecom-ta
03-10 14:41:35.673  2064  4171 D slpi    : tmd2712: Als lux: 184.20, ch0: 5050, ch1: 1406, scale: 1.08, atime:50.04, again:1024
03-10 14:41:35.677  2072 10854 I DMABUFHEAPS: Using DMA-BUF heap named: qcom,qseecom-ta
03-10 14:41:35.683  2072 10854 I QCOM-OEMCrypto: Allocated all scratch buffers
03-10 14:41:35.683  2072 10854 I QCOM-OEMCrypto: LibOEMCrypto version 1.77
03-10 14:41:35.683  2072 10854 I QCOM-OEMCrypto: TA   version 1.181
03-10 14:41:35.683  2072 10854 I QCOM-OEMCrypto: Api  version 16.4
03-10 14:41:35.683  2072 10854 W WVCdm   : [oemcrypto_adapter_dynamic.cpp(998):LoadLevel1] Could not load L1 _oecc109.
03-10 14:41:35.683  2072 10854 W WVCdm   : [oemcrypto_adapter_dynamic.cpp(999):LoadLevel1] Could not load L1 _oecc110.
03-10 14:41:35.683  2072 10854 W WVCdm   : [oemcrypto_adapter_dynamic.cpp(1003):LoadLevel1] Could not load L1 _oecc113.
03-10 14:41:35.683  2072 10854 W WVCdm   : [oemcrypto_adapter_dynamic.cpp(1004):LoadLevel1] Could not load L1 _oecc114.
03-10 14:41:35.683  2072 10854 D WVCdm   : [oemcrypto_adapter_dynamic.cpp(816):Initialize] OEMCrypto_Initialize Level 1 success. I will use level 1.
03-10 14:41:35.683  2072 10854 I QCOM-OEMCrypto: Created OEMCrypto idle_thread
03-10 14:41:35.683  2072 10854 I WVCdm   : [oemcrypto_adapter_dynamic.cpp(819):Initialize] Level 1 Build Info (v16): Build Information: API_Version: 16.4 LibOEMCrypto_Version: 1.77 TA_Version: 1.181
03-10 14:41:35.685  2072 10854 I WVCdm   : [file_utils.cpp(40):Exists] stat failed: ENOENT
03-10 14:41:35.685  2072 10854 D WVCdm   : [crypto_session.cpp(398):CacheVersion] OEMCrypto version (default security level): 16.4
03-10 14:41:35.685  2072 10854 D WVCdm   : [crypto_session.cpp(407):CacheVersion] OEMCrypto version (L3 security level): 16.3
03-10 14:41:35.689 13866 13897 E PrecursorAddonManagerDelegate: onAdInsertionException
03-10 14:41:35.689 13866 13897 E PrecursorAddonManagerDelegate: b: IntialisationError: SSAI session has been shut down, no further ads will be available
03-10 14:41:35.689 13866 13897 E PrecursorAddonManagerDelegate: 	at com.sky.core.player.sdk.addon.AdInsertionErrorDispatcherImpl.onSessionRelease(SourceFile:25)
03-10 14:41:35.689 13866 13897 E PrecursorAddonManagerDelegate: 	at com.sky.core.player.sdk.addon.mediaTailor.a.onSessionErrored(SourceFile:9)
03-10 14:41:35.689 13866 13897 E PrecursorAddonManagerDelegate: 	at com.sky.core.player.sdk.addon.AddonManagerImpl.onSessionErrored$lambda$52(SourceFile:6)
03-10 14:41:35.689 13866 13897 E PrecursorAddonManagerDelegate: 	at com.sky.core.player.sdk.addon.AddonManagerImpl.j0(SourceFile:1)
03-10 14:41:35.689 13866 13897 E PrecursorAddonManagerDelegate: 	at com.sky.core.player.sdk.addon.s.invoke(SourceFile:1)
03-10 14:41:35.689 13866 13897 E PrecursorAddonManagerDelegate: 	at com.sky.core.player.sdk.addon.AddonManagerImpl.sessionDidEnd$lambda$60(SourceFile:6)
03-10 14:41:35.689 13866 13897 E PrecursorAddonManagerDelegate: 	at com.sky.core.player.sdk.addon.AddonManagerImpl.C(SourceFile:1)
03-10 14:41:35.689 13866 13897 E PrecursorAddonManagerDelegate: 	at com.sky.core.player.sdk.addon.v0.invoke(SourceFile:1)
03-10 14:41:35.689 13866 13897 E PrecursorAddonManagerDelegate: 	at com.sky.core.player.sdk.addon.AddonManagerImpl.forEachAddon$lambda$111(SourceFile:24)
03-10 14:41:35.689 13866 13897 E PrecursorAddonManagerDelegate: 	at com.sky.core.player.sdk.addon.AddonManagerImpl.P(SourceFile:1)
03-10 14:41:35.689 13866 13897 E PrecursorAddonManagerDelegate: 	at com.sky.core.player.sdk.addon.u.invoke(SourceFile:1)
03-10 14:41:35.689 13866 13897 E PrecursorAddonManagerDelegate: 	at com.sky.core.player.sdk.addon.AddonManagerImpl.forEachAddon(SourceFile:28)
03-10 14:41:35.689 13866 13897 E PrecursorAddonManagerDelegate: 	at com.sky.core.player.sdk.addon.AddonManagerImpl.forEachAddon$default(SourceFile:10)
03-10 14:41:35.689 13866 13897 E PrecursorAddonManagerDelegate: 	at com.sky.core.player.sdk.addon.AddonManagerImpl.sessionDidEnd(SourceFile:8)
03-10 14:41:35.689 13866 13897 E PrecursorAddonManagerDelegate: 	at com.sky.core.player.sdk.addon.AddonManagerImpl.onSessionErrored(SourceFile:6)
03-10 14:41:35.689 13866 13897 E PrecursorAddonManagerDelegate: 	at ph0.c0.o(SourceFile:26)
03-10 14:41:35.689 13866 13897 E PrecursorAddonManagerDelegate: 	at ph0.c0.d(SourceFile:1)
03-10 14:41:35.689 13866 13897 E PrecursorAddonManagerDelegate: 	at ph0.y.invoke(SourceFile:1)
03-10 14:41:35.689 13866 13897 E PrecursorAddonManagerDelegate: 	at ph0.c0.y(SourceFile:63)
03-10 14:41:35.689 13866 13897 E PrecursorAddonManagerDelegate: 	at ph0.c0.L(SourceFile:19)
03-10 14:41:35.689 13866 13897 E PrecursorAddonManagerDelegate: 	at ph0.h.s(SourceFile:7)
03-10 14:41:35.689 13866 13897 E PrecursorAddonManagerDelegate: 	at ph0.c0.t0(SourceFile:13)
03-10 14:41:35.689 13866 13897 E PrecursorAddonManagerDelegate: 	at ph0.h0.y(SourceFile:16)
03-10 14:41:35.689 13866 13897 E PrecursorAddonManagerDelegate: 	at com.sky.core.player.sdk.sessionController.a4.h3(SourceFile:27)
03-10 14:41:35.689 13866 13897 E PrecursorAddonManagerDelegate: 	at com.sky.core.player.sdk.sessionController.a4.R5(SourceFile:27)
03-10 14:41:35.689 13866 13897 E PrecursorAddonManagerDelegate: 	at com.sky.core.player.sdk.sessionController.a4.f(SourceFile:37)
03-10 14:41:35.689 13866 13897 E PrecursorAddonManagerDelegate: 	at com.sky.core.player.sdk.playerEngine.playerBase.v4.S7(SourceFile:23)
03-10 14:41:35.689 13866 13897 E PrecursorAddonManagerDelegate: 	at com.sky.core.player.sdk.playerEngine.playerBase.v4.N0(SourceFile:1)
03-10 14:41:35.689 13866 13897 E PrecursorAddonManagerDelegate: 	at com.sky.core.player.sdk.playerEngine.playerBase.c3.invoke(SourceFile:1)
03-10 14:41:35.689 13866 13897 E PrecursorAddonManagerDelegate: 	at com.sky.core.player.sdk.playerEngine.playerBase.c.g0(SourceFile:22)
03-10 14:41:35.689 13866 13897 E PrecursorAddonManagerDelegate: 	at com.sky.core.player.sdk.playerEngine.playerBase.v4.Q7(SourceFile:11)
03-10 14:41:35.689 13866 13897 E PrecursorAddonManagerDelegate: 	at com.sky.core.player.sdk.playerEngine.playerBase.v4.R7(SourceFile:8)
03-10 14:41:35.689 13866 13897 E PrecursorAddonManagerDelegate: 	at com.sky.core.player.sdk.playerEngine.playerBase.v4.B7(SourceFile:29)
03-10 14:41:35.689 13866 13897 E PrecursorAddonManagerDelegate: 	at com.sky.core.player.sdk.playerEngine.playerBase.v4.n8(SourceFile:582)
03-10 14:41:35.689 13866 13897 E PrecursorAddonManagerDelegate: 	at com.sky.core.player.sdk.playerEngine.playerBase.v4$b0.invokeSuspend(Unknown Source:11)
03-10 14:41:35.689 13866 13897 E PrecursorAddonManagerDelegate: 	at kotlin.coroutines.jvm.internal.a.resumeWith(SourceFile:12)
03-10 14:41:35.689 13866 13897 E PrecursorAddonManagerDelegate: 	at kotlinx.coroutines.e1.run(SourceFile:129)
03-10 14:41:35.689 13866 13897 E PrecursorAddonManagerDelegate: 	at hk0.m$a.run(SourceFile:4)
03-10 14:41:35.689 13866 13897 E PrecursorAddonManagerDelegate: 	at jk0.i.run(SourceFile:3)
03-10 14:41:35.689 13866 13897 E PrecursorAddonManagerDelegate: 	at jk0.a.z(SourceFile:1)
03-10 14:41:35.689 13866 13897 E PrecursorAddonManagerDelegate: 	at jk0.a$c.b(SourceFile:34)
03-10 14:41:35.689 13866 13897 E PrecursorAddonManagerDelegate: 	at jk0.a$c.m(SourceFile:29)
03-10 14:41:35.689 13866 13897 E PrecursorAddonManagerDelegate: 	at jk0.a$c.run(SourceFile:1)
03-10 14:41:35.692  2067  3269 D AHAL: AudioDevice: SetParameters: 1564: enter: mic_rotation=180
03-10 14:41:35.692  2067  3269 D AHAL: AudioVoice: VoiceSetParameters: 87: Enter params: mic_rotation=180
03-10 14:41:35.692  2067  3269 D AHAL: AudioVoice: VoiceSetParameters: 360: Exit ret: 0
03-10 14:41:35.692  2067  3269 D AHAL: FM: fm_set_parameters: 262: Enter
03-10 14:41:35.692  2067  3269 D AHAL: FM: fm_set_parameters: 320: exit
03-10 14:41:35.692  2067  3269 I AHAL: AudioDevice: SetParameters: 2223: mic_rotation: 180
03-10 14:41:35.692  2067  3269 D AHAL: AudioDevice: SetParameters: 2361: exit: mic_rotation=180
03-10 14:41:35.697  5625  5625 I vol.VolumeDialogImpl: dismissH reason = posture_changed mDialog.isShowing(): false
03-10 14:41:35.700 13866 13942 D CONVIVA::: cleanupPlayerMonitor: 
03-10 14:41:35.701 13866 13942 D CONVIVA::: cleanupPlayerMonitor: 
03-10 14:41:35.712  2289  3225 D audioserver: logFgsApiEnd: FGS Logger Transaction failed, -129
03-10 14:41:35.713  2289  3225 D AudioFlinger: checkAudioTracks(flags=0x0) with audio track flags updated to 0x0 on audio output 29
03-10 14:41:35.713  2067  3269 D DlbDapEffectContext: setParam() received parameter EFFECT_PARAM_SET_AUDIO_FLAG
03-10 14:41:35.713  2067  3269 D DlbDapEffectContext: setAudioFlags(flag=0x00000000)
03-10 14:41:35.713  2067  3269 D DlbDapEffectContext: updateInputFormat() mIsDmsContentProcEnabled: 1, channels: 0x3, mCurrentDevice: 0x2, mAudioFlags: 0x0
03-10 14:41:35.713  2067  3269 D DlbDap2Process: setHTParam: mIsBinauralInput: 0
03-10 14:41:35.713  2067  3269 D DlbDap2Process: DAP input format is 0x22 with input channel mask 0x3
03-10 14:41:35.713  2067  3269 V DlbVolumeListener: effectCommand
03-10 14:41:35.713  2067  3269 V DlbVolumeListener: effectCommand :: Command EFFECT_CMD_DISABLE
03-10 14:41:35.713  2067  3269 V DlbVolumeListener: release(handle=0xb400007c8404f7f0)
03-10 14:41:35.713  2289  3225 D audioserver: logFgsApiEnd: FGS Logger Transaction failed, -129
03-10 14:41:35.715  2289  2854 W audioserver: Binder 0xb400006ddac5daa0 destroyed after setInheritRt before being parceled.
03-10 14:41:35.715  2289  2854 W audioserver: Binder 0xb400006ddac5daa0 destroyed after setMinSchedulerPolicy before being parceled.
03-10 14:41:35.721  2067  4530 D MotSpeakerHelper: Speaker ON: volume 0.500000 (step 12), usecase SAFE
03-10 14:41:35.721  2067  4530 D MotSpeakerHelper: Setting speaker trim 84 (0 dB, 0 dB)
03-10 14:41:35.721  2067  4530 D MotSpeakerHelper: Speaker ON: volume 0.500000 (step 12), usecase SAFE
03-10 14:41:35.721  2067  4530 D MotSpeakerHelper: Setting speaker trim 84 (0 dB, 0 dB)
03-10 14:41:35.724  2067  4530 D MotSpeakerHelper: Speaker ON: volume 0.500000 (step 12), usecase SAFE
03-10 14:41:35.724  2067  4530 D MotSpeakerHelper: Setting speaker trim 84 (0 dB, 0 dB)
03-10 14:41:35.724  2067  4530 D MotSpeakerHelper: Speaker ON: volume 0.500000 (step 12), usecase SAFE
03-10 14:41:35.724  2067  4530 D MotSpeakerHelper: Setting speaker trim 84 (0 dB, 0 dB)
03-10 14:41:35.725  2289  2854 W audioserver: Binder 0xb400006ddac5dfe0 destroyed after setInheritRt before being parceled.
03-10 14:41:35.725  2289  2854 W audioserver: Binder 0xb400006ddac5dfe0 destroyed after setMinSchedulerPolicy before being parceled.
03-10 14:41:35.725  2289  2854 D APM_AudioPolicyManager: stopOutput() output 29, stream 3, session 5849
03-10 14:41:35.727  2067  3269 D DlbDlbEffect: handle_EFFECT_CMD_DISABLE()
03-10 14:41:35.727  2067  3269 D DlbEffectDap: updateProcessEnabled(enabled=0, bypassed=0)
03-10 14:41:35.727  2067  3269 D DlbCrossfadeProcess: setEnabled transitioning from PROCESS_ACTIVE state to FADE_TO_BYPASS
03-10 14:41:35.735  2067  2175 D DlbDlbEffect: handle_EFFECT_CMD_SET_CONFIG()
03-10 14:41:35.735  2067  2175 D DlbDapEffectContext: updateInputFormat() mIsDmsContentProcEnabled: 1, channels: 0x3, mCurrentDevice: 0x2, mAudioFlags: 0x0
03-10 14:41:35.735  2067  2175 D DlbDap2Process: setHTParam: mIsBinauralInput: 0
03-10 14:41:35.735  2067  2175 D DlbDap2Process: DAP input format is 0x22 with input channel mask 0x3
03-10 14:41:35.735  2067  2175 D DlbDlbEffect: handle_EFFECT_CMD_SET_CONFIG()
03-10 14:41:35.735  2067  2175 D DlbDapEffectContext: updateInputFormat() mIsDmsContentProcEnabled: 1, channels: 0x3, mCurrentDevice: 0x2, mAudioFlags: 0x0
03-10 14:41:35.735  2067  2175 D DlbDap2Process: setHTParam: mIsBinauralInput: 0
03-10 14:41:35.735  2067  2175 D DlbDap2Process: DAP input format is 0x22 with input channel mask 0x3
03-10 14:41:35.735  2067  2175 D DlbDlbEffect: handle_EFFECT_CMD_SET_DEVICE(device=0x00000002)
03-10 14:41:35.735  2067  2175 D DlbDapEndpointParamCache: setDevice(device=0x00000002)
03-10 14:41:35.735  2183  2183 D DolbyManagerService: setActiveDevice called with device = 0x2 (original 0x2)
03-10 14:41:35.736  2067  2175 D DlbEffectDap: setAudioMode(mode = 0)
03-10 14:41:35.736  2067  2175 D DlbEffectContext: addPregainObserver(): Pregain observer added for audio io 13 and Dolby effect type 0
03-10 14:41:35.737  2067  2175 D DlbDlbEffect: handle_EFFECT_CMD_ENABLE()
03-10 14:41:35.737  2067  2175 D DlbEffectDap: updateProcessEnabled(enabled=1, bypassed=0)
03-10 14:41:35.737  2067  2175 D DlbCrossfadeProcess: setEnabled transitioning from FADE_TO_BYPASS state to FADE_TO_ACTIVE
03-10 14:41:35.737  2289  2854 D AudioFlinger: moveEffectChain_ll: successful move of session 0 from srcThread 0xb400007075562fe8 to dstThread 0xb400007075fd9fe8 (1 effects moved, 1 effects started)
03-10 14:41:35.737  2289  2854 D APM_AudioPolicyManager: releaseOutput() 29
03-10 14:41:35.773  2064  4171 D slpi    : tmd2712: Als lux: 135.10, ch0: 4106, ch1: 1456, scale: 1.08, atime:50.04, again:1024
03-10 14:41:35.806  2064  4171 D slpi-MOT_HALL: Flip send data : 2, State: North near
03-10 14:41:35.806  2064  4171 E slpi    : MOT_GPIO_FLIP kernel state gpio unset
03-10 14:41:35.806  2064  4173 I sensors-hal: handle_sns_client_event:365, mot_flip_event: now=98051711055239 hal ts=98051709563699, MOT_FLIP_STATE_CLOSED, count=792.0, cause=0.0, fwreg 1
03-10 14:41:35.807  2064  4173 I sensors-hal: sns_device_mode_init:227, sns_device_mode_init Start
03-10 14:41:35.807  2064  4173 I android.hardware.sensors@2.1-service.multihal: vendor/qcom/proprietary/adsprpc/src/fastrpc_apps_user.c:1553: remote_handle64_open: Successfully opened handle 0x1aeaab50 for '":;./\createstaticpd:sensorspd&_dom=adsp on domain 0
03-10 14:41:35.808  2064  4171 I slpi-MOT_HINGE: Hingeposture   0.0 tent:0 gpio:-1 flip:2 flat:1 b:1.3 2.2 9.5 -44.7 -105.6 -20.8 f:1.0 3.7 -9.0 284.6 73.6 83.7
03-10 14:41:35.810  2064 14468 I android.hardware.sensors@2.1-service.multihal: vendor/qcom/proprietary/adsprpc/src/listener_android.c:116: listener thread starting
03-10 14:41:35.810  2064  4173 I android.hardware.sensors@2.1-service.multihal: vendor/qcom/proprietary/adsprpc/src/fastrpc_perf.c:273: fastrpc_perf_init: enabled systrace 0x0 and RPC traces (kernel 0, dsp 0) with frequency 1000
03-10 14:41:35.811  2064 14469 I android.hardware.sensors@2.1-service.multihal: vendor/qcom/proprietary/adsprpc/src/log_config.c:348: file_watcher_thread starting for domain 0
03-10 14:41:35.811  2064 14469 W android.hardware.sensors@2.1-service.multihal: vendor/qcom/proprietary/adsprpc/src/log_config.c:358:file_watcher_thread: Couldn't find file android.hardware.sensors@2.1-service.multihal.farf, errno (No such file or directory)
03-10 14:41:35.812  3163  3231 W OverrideRequestController: Attempted to cancel a null OverrideRequest
03-10 14:41:35.812  3163  3231 I DeviceStateManagerService: Cannot notify device state info change when pending state is present.
03-10 14:41:35.813  2064 14468 I android.hardware.sensors@2.1-service.multihal: vendor/qcom/proprietary/adsprpc/src/mod_table.c:703: open_mod_table_open_from_static: reverse module apps_std opened with handle 0x450dfe00 (idx 0)
03-10 14:41:35.814  2064 14468 I android.hardware.sensors@2.1-service.multihal: vendor/qcom/proprietary/adsprpc/src/apps_std_imp.c:860: Successfully opened file /vendor/dsp/adsp/libsns_device_mode_skel.so
03-10 14:41:35.818  3163  3227 D TouchHwAidlService: onStateChanged.. state=0
03-10 14:41:35.819  3163  3352 W BoostOptController: not supported hint: 118
03-10 14:41:35.819  3163  3229 D CLI/SmallCLI: onDeviceLidStateChanged: state=CLOSED_HALL
03-10 14:41:35.819  2064  4173 E android.hardware.sensors@2.1-service.multihal: vendor/qcom/proprietary/adsprpc/src/fastrpc_apps_user.c:1491: Error 0x80000406: remote_handle_open_domain: dynamic loading failed for file:///libsns_device_mode_skel.so?sns_device_mode_skel_handle_invoke&_modver=1.0&_dom=adsp on domain 0 (dlerror segment 0 failed hash verification(0x34F6000 B)) (errno Success)
03-10 14:41:35.819  2064  4173 E android.hardware.sensors@2.1-service.multihal: vendor/qcom/proprietary/adsprpc/src/fastrpc_apps_user.c:1550: Error 0x80000406: remote_handle64_open failed for file:///libsns_device_mode_skel.so?sns_device_mode_skel_handle_invoke&_modver=1.0&_dom=adsp (errno Success)
03-10 14:41:35.819  2064  4173 I sensors-hal: sns_device_mode_init:262, sns_device_mode_init End
03-10 14:41:35.819  2064  4173 E sensors-hal: sendDeviceMode:287, mot_flip: one or mode handles unopened: dm 0 rpc 1
03-10 14:41:35.820  2064  4173 E android.hardware.sensors@2.1-service.multihal: vendor/qcom/proprietary/adsprpc/src/fastrpc_apps_user.c:1366: Error 0x80000600: remote_handle_invoke failed for handle 0x0, method 1 on domain 0 (sc 0x1010200) (errno Success)
03-10 14:41:35.820  2064  4173 E android.hardware.sensors@2.1-service.multihal: vendor/qcom/proprietary/adsprpc/src/fastrpc_apps_user.c:1575: Error 0x80000600: remote_handle_close failed for handle 0x0 (dlerr \) (errno Success)
03-10 14:41:35.820  2064  4173 I android.hardware.sensors@2.1-service.multihal: vendor/qcom/proprietary/adsprpc/src/fastrpc_apps_user.c:2737: domain_deinit for domain 0: dev 83
