03-13 15:50:47.204  2105  2922 I SurfaceFlinger: Capture layer list: 	 NavigationBar0$_4205#130(seamlessTransition:0)
03-13 15:50:47.205  2105  2342 D RenderEngine: [SEC_SF_EFFECTS] drawLayersInternal,1483, Rendering layer ScreenCaptureFillLayer at index 0
03-13 15:50:47.205  2105  2342 D RenderEngine: [SEC_SF_EFFECTS] drawLayersInternal,1483, Rendering layer com.shell.sitibv.motorist.america/com.mobgen.fireblade.presentation.splash.SplashActivity$_9401#69234 at index 1
03-13 15:50:47.205  2105  2342 D RenderEngine: [SEC_SF_EFFECTS] drawLayersInternal,1483, Rendering layer StatusBar$_4205#132 at index 2
03-13 15:50:47.206  2105  2342 D RenderEngine: [SEC_SF_EFFECTS] drawLayersInternal,1483, Rendering layer com.sec.android.app.launcher/com.samsung.app.honeyspace.edge.edgepanel.app.CocktailBarService$_4832#69170 at index 3
03-13 15:50:47.206  2105  2342 D RenderEngine: [SEC_SF_EFFECTS] drawLayersInternal,1483, Rendering layer NavigationBar0$_4205#130 at index 4
03-13 15:50:47.206  2097  2125 D HeatmapThread: !@ batteryplugType : 2
03-13 15:50:47.206  2097  2125 D HeatmapThread: !@ batteryLevel : 100  batteryTemperature : 342 
03-13 15:50:47.206  2097  2125 D HeatmapThread: !@ Heatmap currtime: 29557190
03-13 15:50:47.206  2097  2125 D HeatmapThread: !@ Heatmap prevtime: 29557162
03-13 15:50:47.206  2097  2125 D HeatmapThread: !@ Heatmap plugstarttime: 29556997
03-13 15:50:47.206  2097  2125 D HeatmapThread: !@ Heatmap prevv_dsoh_update_time: 29557175
03-13 15:50:47.206  2097  2125 E HeatmapThread: !@ CAM New BSOH: 100
03-13 15:50:47.206  2097  2125 E HeatmapThread: !@ CAM is Working
03-13 15:50:47.211  9315  9687 W qdgralloc: getInterlacedFlag: getMetaData returned 3, defaulting to interlaced_flag = 0
03-13 15:50:47.232  9315  9347 I appium  : AppiumResponse: {"sessionId":"17ceee09-9fbb-4b83-a69f-9450fba5105b","value":"iVBORw0KGgoAAAANSUhEUgAABDgAAApQCAYAAABYiJrlAAAAAXNSR0IArs4c6QAAAARzQklUCAgICHwIZIgAACAASURBVHic7N17sN4Fnd/xbxISEgIJEK4Cgly8ULHC1HrZhV31j+1e6u5qV7fOjnYoTjtbWnVqXaZa10vVwaKr7jjtdFDruNMdQFlcb+OooAQSIuROCOeEJCcJuZ3cc+6X55z+QUVCAoSQc37n85zX668…
03-13 15:50:47.300  3003  7241 D WindowManager: captureDisplay
03-13 15:50:47.300  3003  7241 I SurfaceComposerClient: captureLayers:childrenOnly:1, sync:0
03-13 15:50:47.306  2105  2922 I SurfaceFlinger: Capture layer list: 	 com.shell.sitibv.motorist.america/com.mobgen.fireblade.presentation.splash.SplashActivity$_9401#69234(seamlessTransition:0)
03-13 15:50:47.306  2105  2922 I SurfaceFlinger: Capture layer list: 	 StatusBar$_4205#132(seamlessTransition:0)
03-13 15:50:47.306  2105  2922 I SurfaceFlinger: Capture layer list: 	 com.sec.android.app.launcher/com.samsung.app.honeyspace.edge.edgepanel.app.CocktailBarService$_4832#69170(seamlessTransition:0)
03-13 15:50:47.306  2105  2922 I SurfaceFlinger: Capture layer list: 	 NavigationBar0$_4205#130(seamlessTransition:0)
03-13 15:50:47.307  2105  2342 D RenderEngine: [SEC_SF_EFFECTS] drawLayersInternal,1483, Rendering layer ScreenCaptureFillLayer at index 0
03-13 15:50:47.307  2105  2342 D RenderEngine: [SEC_SF_EFFECTS] drawLayersInternal,1483, Rendering layer com.shell.sitibv.motorist.america/com.mobgen.fireblade.presentation.splash.SplashActivity$_9401#69234 at index 1
03-13 15:50:47.308  2105  2342 D RenderEngine: [SEC_SF_EFFECTS] drawLayersInternal,1483, Rendering layer StatusBar$_4205#132 at index 2
03-13 15:50:47.308  2105  2342 D RenderEngine: [SEC_SF_EFFECTS] drawLayersInternal,1483, Rendering layer com.sec.android.app.launcher/com.samsung.app.honeyspace.edge.edgepanel.app.CocktailBarService$_4832#69170 at index 3
03-13 15:50:47.308  2105  2342 D RenderEngine: [SEC_SF_EFFECTS] drawLayersInternal,1483, Rendering layer NavigationBar0$_4205#130 at index 4
03-13 15:50:47.313  9315  9687 W qdgralloc: getInterlacedFlag: getMetaData returned 3, defaulting to interlaced_flag = 0
03-13 15:50:47.370  3003  4086 D NetdEventListenerService: DNS Requested by 115, 10476(com.shell.sitibv.motorist.america), SUCCESS, 2ms
03-13 15:50:47.401  3003  7241 D WindowManager: captureDisplay
03-13 15:50:47.401  3003  7241 I SurfaceComposerClient: captureLayers:childrenOnly:1, sync:0
03-13 15:50:47.405  2105  2922 I SurfaceFlinger: Capture layer list: 	 com.shell.sitibv.motorist.america/com.mobgen.fireblade.presentation.splash.SplashActivity$_9401#69234(seamlessTransition:0)
03-13 15:50:47.405  2105  2922 I SurfaceFlinger: Capture layer list: 	 StatusBar$_4205#132(seamlessTransition:0)
03-13 15:50:47.405  2105  2922 I SurfaceFlinger: Capture layer list: 	 com.sec.android.app.launcher/com.samsung.app.honeyspace.edge.edgepanel.app.CocktailBarService$_4832#69170(seamlessTransition:0)
03-13 15:50:47.405  2105  2922 I SurfaceFlinger: Capture layer list: 	 NavigationBar0$_4205#130(seamlessTransition:0)
03-13 15:50:47.406  2105  2342 D RenderEngine: [SEC_SF_EFFECTS] drawLayersInternal,1483, Rendering layer ScreenCaptureFillLayer at index 0
03-13 15:50:47.406  2105  2342 D RenderEngine: [SEC_SF_EFFECTS] drawLayersInternal,1483, Rendering layer com.shell.sitibv.motorist.america/com.mobgen.fireblade.presentation.splash.SplashActivity$_9401#69234 at index 1
03-13 15:50:47.406  2105  2342 D RenderEngine: [SEC_SF_EFFECTS] drawLayersInternal,1483, Rendering layer StatusBar$_4205#132 at index 2
03-13 15:50:47.406  2105  2342 D RenderEngine: [SEC_SF_EFFECTS] drawLayersInternal,1483, Rendering layer com.sec.android.app.launcher/com.samsung.app.honeyspace.edge.edgepanel.app.CocktailBarService$_4832#69170 at index 3
03-13 15:50:47.406  2105  2342 D RenderEngine: [SEC_SF_EFFECTS] drawLayersInternal,1483, Rendering layer NavigationBar0$_4205#130 at index 4
03-13 15:50:47.411  9315  9687 W qdgralloc: getInterlacedFlag: getMetaData returned 3, defaulting to interlaced_flag = 0
03-13 15:50:47.456  2007  9938 I sensors-hal: handle_sns_client_event:341, [81] mag_sample_cal(magcal_available:1): ts=258648014654448 ns; cal = [-25.606750, 6.263596, 34.940399], uncal = [-299.686737, 135.503586, -295.239594], bias = [-274.079987, 129.239990, -330.179993], status=3
03-13 15:50:47.465  2007  9932 I sensors-hal: handle_sns_client_event:422, [0][74] gyro_sample_cal(cal_available:1)(3) [-0.001,-0.000,-0.000] bias[-0.003,-0.005, 0.003] 258648017133719
03-13 15:50:47.501  3003  7241 D WindowManager: captureDisplay
03-13 15:50:47.501  3003  7241 I SurfaceComposerClient: captureLayers:childrenOnly:1, sync:0
03-13 15:50:47.508  2105  2921 I SurfaceFlinger: Capture layer list: 	 com.shell.sitibv.motorist.america/com.mobgen.fireblade.presentation.splash.SplashActivity$_9401#69234(seamlessTransition:0)
03-13 15:50:47.508  2105  2921 I SurfaceFlinger: Capture layer list: 	 StatusBar$_4205#132(seamlessTransition:0)
03-13 15:50:47.508  2105  2921 I SurfaceFlinger: Capture layer list: 	 com.sec.android.app.launcher/com.samsung.app.honeyspace.edge.edgepanel.app.CocktailBarService$_4832#69170(seamlessTransition:0)
03-13 15:50:47.508  2105  2921 I SurfaceFlinger: Capture layer list: 	 NavigationBar0$_4205#130(seamlessTransition:0)
03-13 15:50:47.509  2105  2342 D RenderEngine: [SEC_SF_EFFECTS] drawLayersInternal,1483, Rendering layer ScreenCaptureFillLayer at index 0
03-13 15:50:47.509  2105  2342 D RenderEngine: [SEC_SF_EFFECTS] drawLayersInternal,1483, Rendering layer com.shell.sitibv.motorist.america/com.mobgen.fireblade.presentation.splash.SplashActivity$_9401#69234 at index 1
03-13 15:50:47.510  2105  2342 D RenderEngine: [SEC_SF_EFFECTS] drawLayersInternal,1483, Rendering layer StatusBar$_4205#132 at index 2
03-13 15:50:47.510  2105  2342 D RenderEngine: [SEC_SF_EFFECTS] drawLayersInternal,1483, Rendering layer com.sec.android.app.launcher/com.samsung.app.honeyspace.edge.edgepanel.app.CocktailBarService$_4832#69170 at index 3
03-13 15:50:47.510  2105  2342 D RenderEngine: [SEC_SF_EFFECTS] drawLayersInternal,1483, Rendering layer NavigationBar0$_4205#130 at index 4
03-13 15:50:47.516  9315  9687 W qdgralloc: getInterlacedFlag: getMetaData returned 3, defaulting to interlaced_flag = 0
03-13 15:50:47.531  1171  1171 D io_stats: !@   8,0 r 4347329 133608596 w 5515494 110986280 d 450303 124247140 f 233618 528015 iot 2262196 0 th 0 0 0 pt 0 inp 0 0 78036.527
03-13 15:50:47.583  3003  7241 I BatteryService_BatteryPropertiesRegistrar: [getProperty]id:4
03-13 15:50:47.583  3003  7241 I BatteryService_BatteryPropertiesRegistrar: [getProperty]prop.long:-9223372036854775808 ,prop.string:null
03-13 15:50:47.600  3003  7241 D WindowManager: captureDisplay
03-13 15:50:47.600  3003  7241 I SurfaceComposerClient: captureLayers:childrenOnly:1, sync:0
03-13 15:50:47.606  2105  2921 I SurfaceFlinger: Capture layer list: 	 com.shell.sitibv.motorist.america/com.mobgen.fireblade.presentation.splash.SplashActivity$_9401#69234(seamlessTransition:0)
03-13 15:50:47.606  2105  2921 I SurfaceFlinger: Capture layer list: 	 StatusBar$_4205#132(seamlessTransition:0)
03-13 15:50:47.606  2105  2921 I SurfaceFlinger: Capture layer list: 	 com.sec.android.app.launcher/com.samsung.app.honeyspace.edge.edgepanel.app.CocktailBarService$_4832#69170(seamlessTransition:0)
03-13 15:50:47.606  2105  2921 I SurfaceFlinger: Capture layer list: 	 NavigationBar0$_4205#130(seamlessTransition:0)
03-13 15:50:47.607  2105  2342 D RenderEngine: [SEC_SF_EFFECTS] drawLayersInternal,1483, Rendering layer ScreenCaptureFillLayer at index 0
03-13 15:50:47.607  2105  2342 D RenderEngine: [SEC_SF_EFFECTS] drawLayersInternal,1483, Rendering layer com.shell.sitibv.motorist.america/com.mobgen.fireblade.presentation.splash.SplashActivity$_9401#69234 at index 1
03-13 15:50:47.608  2105  2342 D RenderEngine: [SEC_SF_EFFECTS] drawLayersInternal,1483, Rendering layer StatusBar$_4205#132 at index 2
03-13 15:50:47.608  2105  2342 D RenderEngine: [SEC_SF_EFFECTS] drawLayersInternal,1483, Rendering layer com.sec.android.app.launcher/com.samsung.app.honeyspace.edge.edgepanel.app.CocktailBarService$_4832#69170 at index 3
03-13 15:50:47.608  2105  2342 D RenderEngine: [SEC_SF_EFFECTS] drawLayersInternal,1483, Rendering layer NavigationBar0$_4205#130 at index 4
03-13 15:50:47.614  9315  9687 W qdgralloc: getInterlacedFlag: getMetaData returned 3, defaulting to interlaced_flag = 0
03-13 15:50:47.629  3003  7241 I ActivityManager: Changes in 10405 6 to 10, 128 to 0
03-13 15:50:47.635  3003  4002 D BackgroundInstallControlService: Package event received: 0
03-13 15:50:47.636  3003  7241 I ActivityManager: Changes in 10405 10 to 6, 0 to 128
03-13 15:50:47.637  3003  4002 D BackgroundInstallControlService: Package event received: 0
03-13 15:50:47.637  3003  4002 D BackgroundInstallControlService: Package event received: 0
03-13 15:50:47.637  3003  4002 D BackgroundInstallControlService: Package event received: 0
03-13 15:50:47.700  3003  7241 D WindowManager: captureDisplay
03-13 15:50:47.700  3003  7241 I SurfaceComposerClient: captureLayers:childrenOnly:1, sync:0
03-13 15:50:47.704  2105  2921 I SurfaceFlinger: Capture layer list: 	 com.shell.sitibv.motorist.america/com.mobgen.fireblade.presentation.splash.SplashActivity$_9401#69234(seamlessTransition:0)
03-13 15:50:47.704  2105  2921 I SurfaceFlinger: Capture layer list: 	 StatusBar$_4205#132(seamlessTransition:0)
03-13 15:50:47.704  2105  2921 I SurfaceFlinger: Capture layer list: 	 com.sec.android.app.launcher/com.samsung.app.honeyspace.edge.edgepanel.app.CocktailBarService$_4832#69170(seamlessTransition:0)
03-13 15:50:47.704  2105  2921 I SurfaceFlinger: Capture layer list: 	 NavigationBar0$_4205#130(seamlessTransition:0)
03-13 15:50:47.705  2105  2342 D RenderEngine: [SEC_SF_EFFECTS] drawLayersInternal,1483, Rendering layer ScreenCaptureFillLayer at index 0
03-13 15:50:47.705  2105  2342 D RenderEngine: [SEC_SF_EFFECTS] drawLayersInternal,1483, Rendering layer com.shell.sitibv.motorist.america/com.mobgen.fireblade.presentation.splash.SplashActivity$_9401#69234 at index 1
03-13 15:50:47.705  2105  2342 D RenderEngine: [SEC_SF_EFFECTS] drawLayersInternal,1483, Rendering layer StatusBar$_4205#132 at index 2
03-13 15:50:47.705  2105  2342 D RenderEngine: [SEC_SF_EFFECTS] drawLayersInternal,1483, Rendering layer com.sec.android.app.launcher/com.samsung.app.honeyspace.edge.edgepanel.app.CocktailBarService$_4832#69170 at index 3
03-13 15:50:47.705  2105  2342 D RenderEngine: [SEC_SF_EFFECTS] drawLayersInternal,1483, Rendering layer NavigationBar0$_4205#130 at index 4
03-13 15:50:47.709  9315  9687 W qdgralloc: getInterlacedFlag: getMetaData returned 3, defaulting to interlaced_flag = 0
03-13 15:50:47.787  2022  9927 I HYPER-HAL: [RequestManager.cpp]releaseLocked(): Released ID : 4823065
03-13 15:50:47.800  3003  7241 D WindowManager: captureDisplay
03-13 15:50:47.800  3003  7241 I SurfaceComposerClient: captureLayers:childrenOnly:1, sync:0
03-13 15:50:47.806  2105  2921 I SurfaceFlinger: Capture layer list: 	 com.shell.sitibv.motorist.america/com.mobgen.fireblade.presentation.splash.SplashActivity$_9401#69234(seamlessTransition:0)
03-13 15:50:47.807  2105  2921 I SurfaceFlinger: Capture layer list: 	 StatusBar$_4205#132(seamlessTransition:0)
03-13 15:50:47.807  2105  2921 I SurfaceFlinger: Capture layer list: 	 com.sec.android.app.launcher/com.samsung.app.honeyspace.edge.edgepanel.app.CocktailBarService$_4832#69170(seamlessTransition:0)
03-13 15:50:47.807  2105  2921 I SurfaceFlinger: Capture layer list: 	 NavigationBar0$_4205#130(seamlessTransition:0)
03-13 15:50:47.808  2105  2342 D RenderEngine: [SEC_SF_EFFECTS] drawLayersInternal,1483, Rendering layer ScreenCaptureFillLayer at index 0
03-13 15:50:47.808  2105  2342 D RenderEngine: [SEC_SF_EFFECTS] drawLayersInternal,1483, Rendering layer com.shell.sitibv.motorist.america/com.mobgen.fireblade.presentation.splash.SplashActivity$_9401#69234 at index 1
03-13 15:50:47.808  2105  2342 D RenderEngine: [SEC_SF_EFFECTS] drawLayersInternal,1483, Rendering layer StatusBar$_4205#132 at index 2
03-13 15:50:47.808  2105  2342 D RenderEngine: [SEC_SF_EFFECTS] drawLayersInternal,1483, Rendering layer com.sec.android.app.launcher/com.samsung.app.honeyspace.edge.edgepanel.app.CocktailBarService$_4832#69170 at index 3
03-13 15:50:47.808  2105  2342 D RenderEngine: [SEC_SF_EFFECTS] drawLayersInternal,1483, Rendering layer NavigationBar0$_4205#130 at index 4
03-13 15:50:47.813  9315  9687 W qdgralloc: getInterlacedFlag: getMetaData returned 3, defaulting to interlaced_flag = 0
03-13 15:50:47.832  2007  9930 I sensors-hal: handle_sns_client_event:375, [0][91] accel_sample [ 0.087,  0.519,  9.830] 258648384950646
03-13 15:50:47.900  3003  7241 D WindowManager: captureDisplay
03-13 15:50:47.901  3003  7241 I SurfaceComposerClient: captureLayers:childrenOnly:1, sync:0
03-13 15:50:47.905  2022  2124 I HYPER-HAL: [RequestManager.cpp]acquire(): Acquired ID : 330281525  [2025 / 23675]    HINT :      list : [TID_LOW_LATENCY / 0] [TID / 4392] [TID / 4393] [TID / 4345] [TID / 4394] 
03-13 15:50:47.905  2022  2124 I HYPER-HAL: [RequestManager.cpp]acquire(): Acquired ID : 330307227  [2025 / 23676]    HINT :      list : [UCLAMP_MIN_BOOST / 0] [TID / 4392] [TID / 4393] [TID / 4345] [TID / 4394] 
03-13 15:50:47.906  2022  2124 I HYPER-HAL: [RequestManager.cpp]releaseLocked(): Released ID : 330281525
03-13 15:50:47.906  2105  2921 I SurfaceFlinger: Capture layer list: 	 com.shell.sitibv.motorist.america/com.mobgen.fireblade.presentation.splash.SplashActivity$_9401#69234(seamlessTransition:0)
03-13 15:50:47.906  2105  2921 I SurfaceFlinger: Capture layer list: 	 StatusBar$_4205#132(seamlessTransition:0)
03-13 15:50:47.906  2105  2921 I SurfaceFlinger: Capture layer list: 	 com.sec.android.app.launcher/com.samsung.app.honeyspace.edge.edgepanel.app.CocktailBarService$_4832#69170(seamlessTransition:0)
03-13 15:50:47.906  2105  2921 I SurfaceFlinger: Capture layer list: 	 NavigationBar0$_4205#130(seamlessTransition:0)
03-13 15:50:47.906  2022  2124 I HYPER-HAL: [RequestManager.cpp]releaseLocked(): Released ID : 330307227
03-13 15:50:47.908  2105  2342 D RenderEngine: [SEC_SF_EFFECTS] drawLayersInternal,1483, Rendering layer ScreenCaptureFillLayer at index 0
03-13 15:50:47.908  2105  2342 D RenderEngine: [SEC_SF_EFFECTS] drawLayersInternal,1483, Rendering layer com.shell.sitibv.motorist.america/com.mobgen.fireblade.presentation.splash.SplashActivity$_9401#69234 at index 1
03-13 15:50:47.908  2105  2342 D RenderEngine: [SEC_SF_EFFECTS] drawLayersInternal,1483, Rendering layer StatusBar$_4205#132 at index 2
03-13 15:50:47.909  2105  2342 D RenderEngine: [SEC_SF_EFFECTS] drawLayersInternal,1483, Rendering layer com.sec.android.app.launcher/com.samsung.app.honeyspace.edge.edgepanel.app.CocktailBarService$_4832#69170 at index 3
03-13 15:50:47.909  2105  2342 D RenderEngine: [SEC_SF_EFFECTS] drawLayersInternal,1483, Rendering layer NavigationBar0$_4205#130 at index 4
03-13 15:50:47.913  9315  9687 W qdgralloc: getInterlacedFlag: getMetaData returned 3, defaulting to interlaced_flag = 0
03-13 15:50:48.000  3003  4920 D WindowManager: captureDisplay
03-13 15:50:48.004  3003  4920 I SurfaceComposerClient: captureLayers:childrenOnly:1, sync:0
03-13 15:50:48.007  2105  2921 I SurfaceFlinger: Capture layer list: 	 com.shell.sitibv.motorist.america/com.mobgen.fireblade.presentation.splash.SplashActivity$_9401#69234(seamlessTransition:0)
03-13 15:50:48.007  2105  2921 I SurfaceFlinger: Capture layer list: 	 StatusBar$_4205#132(seamlessTransition:0)
03-13 15:50:48.007  2105  2921 I SurfaceFlinger: Capture layer list: 	 com.sec.android.app.launcher/com.samsung.app.honeyspace.edge.edgepanel.app.CocktailBarService$_4832#69170(seamlessTransition:0)
03-13 15:50:48.007  2105  2921 I SurfaceFlinger: Capture layer list: 	 NavigationBar0$_4205#130(seamlessTransition:0)
03-13 15:50:48.009  2105  2342 D RenderEngine: [SEC_SF_EFFECTS] drawLayersInternal,1483, Rendering layer ScreenCaptureFillLayer at index 0
03-13 15:50:48.009  2105  2342 D RenderEngine: [SEC_SF_EFFECTS] drawLayersInternal,1483, Rendering layer com.shell.sitibv.motorist.america/com.mobgen.fireblade.presentation.splash.SplashActivity$_9401#69234 at index 1
03-13 15:50:48.010  2105  2342 D RenderEngine: [SEC_SF_EFFECTS] drawLayersInternal,1483, Rendering layer StatusBar$_4205#132 at index 2
03-13 15:50:48.010  2105  2342 D RenderEngine: [SEC_SF_EFFECTS] drawLayersInternal,1483, Rendering layer com.sec.android.app.launcher/com.samsung.app.honeyspace.edge.edgepanel.app.CocktailBarService$_4832#69170 at index 3
03-13 15:50:48.010  2105  2342 D RenderEngine: [SEC_SF_EFFECTS] drawLayersInternal,1483, Rendering layer NavigationBar0$_4205#130 at index 4
03-13 15:50:48.015  9315  9687 W qdgralloc: getInterlacedFlag: getMetaData returned 3, defaulting to interlaced_flag = 0
03-13 15:50:48.101  3003  4920 D WindowManager: captureDisplay
03-13 15:50:48.102  3003  4920 I SurfaceComposerClient: captureLayers:childrenOnly:1, sync:0
03-13 15:50:48.107  2105  2921 I SurfaceFlinger: Capture layer list: 	 com.shell.sitibv.motorist.america/com.mobgen.fireblade.presentation.splash.SplashActivity$_9401#69234(seamlessTransition:0)
03-13 15:50:48.107  2105  2921 I SurfaceFlinger: Capture layer list: 	 StatusBar$_4205#132(seamlessTransition:0)
03-13 15:50:48.107  2105  2921 I SurfaceFlinger: Capture layer list: 	 com.sec.android.app.launcher/com.samsung.app.honeyspace.edge.edgepanel.app.CocktailBarService$_4832#69170(seamlessTransition:0)
03-13 15:50:48.107  2105  2921 I SurfaceFlinger: Capture layer list: 	 NavigationBar0$_4205#130(seamlessTransition:0)
03-13 15:50:48.110  2105  2342 D RenderEngine: [SEC_SF_EFFECTS] drawLayersInternal,1483, Rendering layer ScreenCaptureFillLayer at index 0
03-13 15:50:48.110  2105  2342 D RenderEngine: [SEC_SF_EFFECTS] drawLayersInternal,1483, Rendering layer com.shell.sitibv.motorist.america/com.mobgen.fireblade.presentation.splash.SplashActivity$_9401#69234 at index 1
03-13 15:50:48.110  2105  2342 D RenderEngine: [SEC_SF_EFFECTS] drawLayersInternal,1483, Rendering layer StatusBar$_4205#132 at index 2
03-13 15:50:48.110  2105  2342 D RenderEngine: [SEC_SF_EFFECTS] drawLayersInternal,1483, Rendering layer com.sec.android.app.launcher/com.samsung.app.honeyspace.edge.edgepanel.app.CocktailBarService$_4832#69170 at index 3
03-13 15:50:48.111  2105  2342 D RenderEngine: [SEC_SF_EFFECTS] drawLayersInternal,1483, Rendering layer NavigationBar0$_4205#130 at index 4
03-13 15:50:48.115  9315  9687 W qdgralloc: getInterlacedFlag: getMetaData returned 3, defaulting to interlaced_flag = 0
03-13 15:50:48.139  2447  2447 I CNSS    : /sys/wifi/max_chipset_log_size doesn't exist
03-13 15:50:48.193  2053  2901 D BufferPoolAccessor2.0: evictor expired: 1, evicted: 0
03-13 15:50:48.199  2097  2125 E HeatmapThread: ECT Thread time in milliseconds: 1773431448
03-13 15:50:48.201  3003  4920 D WindowManager: captureDisplay
03-13 15:50:48.201  3003  4920 I SurfaceComposerClient: captureLayers:childrenOnly:1, sync:0
03-13 15:50:48.208  2105  2921 I SurfaceFlinger: Capture layer list: 	 com.shell.sitibv.motorist.america/com.mobgen.fireblade.presentation.splash.SplashActivity$_9401#69234(seamlessTransition:0)
03-13 15:50:48.208  2105  2921 I SurfaceFlinger: Capture layer list: 	 StatusBar$_4205#132(seamlessTransition:0)
03-13 15:50:48.208  2105  2921 I SurfaceFlinger: Capture layer list: 	 com.sec.android.app.launcher/com.samsung.app.honeyspace.edge.edgepanel.app.CocktailBarService$_4832#69170(seamlessTransition:0)
03-13 15:50:48.208  2105  2921 I SurfaceFlinger: Capture layer list: 	 NavigationBar0$_4205#130(seamlessTransition:0)
03-13 15:50:48.209  2105  2342 D RenderEngine: [SEC_SF_EFFECTS] drawLayersInternal,1483, Rendering layer ScreenCaptureFillLayer at index 0
03-13 15:50:48.209  2105  2342 D RenderEngine: [SEC_SF_EFFECTS] drawLayersInternal,1483, Rendering layer com.shell.sitibv.motorist.america/com.mobgen.fireblade.presentation.splash.SplashActivity$_9401#69234 at index 1
03-13 15:50:48.209  2105  2342 D RenderEngine: [SEC_SF_EFFECTS] drawLayersInternal,1483, Rendering layer StatusBar$_4205#132 at index 2
03-13 15:50:48.209  2105  2342 D RenderEngine: [SEC_SF_EFFECTS] drawLayersInternal,1483, Rendering layer com.sec.android.app.launcher/com.samsung.app.honeyspace.edge.edgepanel.app.CocktailBarService$_4832#69170 at index 3
03-13 15:50:48.209  2105  2342 D RenderEngine: [SEC_SF_EFFECTS] drawLayersInternal,1483, Rendering layer NavigationBar0$_4205#130 at index 4
03-13 15:50:48.212  2097  2125 D HeatmapThread: !@ batteryplugType : 2
03-13 15:50:48.213  2097  2125 D HeatmapThread: !@ batteryLevel : 100  batteryTemperature : 342 
03-13 15:50:48.213  2097  2125 D HeatmapThread: !@ Heatmap currtime: 29557190
03-13 15:50:48.213  2097  2125 D HeatmapThread: !@ Heatmap prevtime: 29557162
03-13 15:50:48.213  2097  2125 D HeatmapThread: !@ Heatmap plugstarttime: 29556997
03-13 15:50:48.213  2097  2125 D HeatmapThread: !@ Heatmap prevv_dsoh_update_time: 29557175
03-13 15:50:48.214  2097  2125 E HeatmapThread: !@ CAM New BSOH: 100
03-13 15:50:48.214  2097  2125 E HeatmapThread: !@ CAM is Working
03-13 15:50:48.214  9315  9687 W qdgralloc: getInterlacedFlag: getMetaData returned 3, defaulting to interlaced_flag = 0
03-13 15:50:48.244  3003  4920 I BatteryService_BatteryPropertiesRegistrar: [getProperty]id:4
03-13 15:50:48.244  3003  4920 I BatteryService_BatteryPropertiesRegistrar: [getProperty]prop.long:-9223372036854775808 ,prop.string:null
03-13 15:50:48.257  2022  2124 I HYPER-HAL: [RequestManager.cpp]acquire(): Acquired ID : 330230124  [2025 / 23673]    HINT :      list : [TID_LOW_LATENCY / 0] [TID / 9637] [TID / 9638] [TID / 9401] [TID / 9601] 
03-13 15:50:48.258  2022  2124 I HYPER-HAL: [RequestManager.cpp]acquire(): Acquired ID : 330255824  [2025 / 23674]    HINT :      list : [UCLAMP_MIN_BOOST / 0] [TID / 9637] [TID / 9638] [TID / 9401] [TID / 9601] 
03-13 15:50:48.258  2022  2124 I HYPER-HAL: [RequestManager.cpp]releaseLocked(): Released ID : 330230124
03-13 15:50:48.258  2022  2124 I HYPER-HAL: [RequestManager.cpp]releaseLocked(): Released ID : 330255824
03-13 15:50:48.301  3003  7241 D WindowManager: captureDisplay
03-13 15:50:48.301  3003  7241 I SurfaceComposerClient: captureLayers:childrenOnly:1, sync:0
03-13 15:50:48.308  2105  2921 I SurfaceFlinger: Capture layer list: 	 com.shell.sitibv.motorist.america/com.mobgen.fireblade.presentation.splash.SplashActivity$_9401#69234(seamlessTransition:0)
03-13 15:50:48.308  2105  2921 I SurfaceFlinger: Capture layer list: 	 StatusBar$_4205#132(seamlessTransition:0)
03-13 15:50:48.308  2105  2921 I SurfaceFlinger: Capture layer list: 	 com.sec.android.app.launcher/com.samsung.app.honeyspace.edge.edgepanel.app.CocktailBarService$_4832#69170(seamlessTransition:0)
03-13 15:50:48.308  2105  2921 I SurfaceFlinger: Capture layer list: 	 NavigationBar0$_4205#130(seamlessTransition:0)
03-13 15:50:48.309  2105  2342 D RenderEngine: [SEC_SF_EFFECTS] drawLayersInternal,1483, Rendering layer ScreenCaptureFillLayer at index 0
03-13 15:50:48.310  2105  2342 D RenderEngine: [SEC_SF_EFFECTS] drawLayersInternal,1483, Rendering layer com.shell.sitibv.motorist.america/com.mobgen.fireblade.presentation.splash.SplashActivity$_9401#69234 at index 1
03-13 15:50:48.310  2105  2342 D RenderEngine: [SEC_SF_EFFECTS] drawLayersInternal,1483, Rendering layer StatusBar$_4205#132 at index 2
03-13 15:50:48.310  2105  2342 D RenderEngine: [SEC_SF_EFFECTS] drawLayersInternal,1483, Rendering layer com.sec.android.app.launcher/com.samsung.app.honeyspace.edge.edgepanel.app.CocktailBarService$_4832#69170 at index 3
03-13 15:50:48.311  2105  2342 D RenderEngine: [SEC_SF_EFFECTS] drawLayersInternal,1483, Rendering layer NavigationBar0$_4205#130 at index 4
03-13 15:50:48.317  9315  9687 W qdgralloc: getInterlacedFlag: getMetaData returned 3, defaulting to interlaced_flag = 0
03-13 15:50:48.401  3003  7241 D WindowManager: captureDisplay
03-13 15:50:48.402  3003  7241 I SurfaceComposerClient: captureLayers:childrenOnly:1, sync:0
03-13 15:50:48.410  2105  2921 I SurfaceFlinger: Capture layer list: 	 com.shell.sitibv.motorist.america/com.mobgen.fireblade.presentation.splash.SplashActivity$_9401#69234(seamlessTransition:0)
03-13 15:50:48.411  2105  2921 I SurfaceFlinger: Capture layer list: 	 StatusBar$_4205#132(seamlessTransition:0)
03-13 15:50:48.411  2105  2921 I SurfaceFlinger: Capture layer list: 	 com.sec.android.app.launcher/com.samsung.app.honeyspace.edge.edgepanel.app.CocktailBarService$_4832#69170(seamlessTransition:0)
03-13 15:50:48.411  2105  2921 I SurfaceFlinger: Capture layer list: 	 NavigationBar0$_4205#130(seamlessTransition:0)
03-13 15:50:48.412  2105  2342 D RenderEngine: [SEC_SF_EFFECTS] drawLayersInternal,1483, Rendering layer ScreenCaptureFillLayer at index 0
03-13 15:50:48.412  2105  2342 D RenderEngine: [SEC_SF_EFFECTS] drawLayersInternal,1483, Rendering layer com.shell.sitibv.motorist.america/com.mobgen.fireblade.presentation.splash.SplashActivity$_9401#69234 at index 1
03-13 15:50:48.413  2105  2342 D RenderEngine: [SEC_SF_EFFECTS] drawLayersInternal,1483, Rendering layer StatusBar$_4205#132 at index 2
03-13 15:50:48.413  2105  2342 D RenderEngine: [SEC_SF_EFFECTS] drawLayersInternal,1483, Rendering layer com.sec.android.app.launcher/com.samsung.app.honeyspace.edge.edgepanel.app.CocktailBarService$_4832#69170 at index 3
03-13 15:50:48.413  2105  2342 D RenderEngine: [SEC_SF_EFFECTS] drawLayersInternal,1483, Rendering layer NavigationBar0$_4205#130 at index 4
03-13 15:50:48.414  2105  2105 D TransactionCallbackInvoker: addCallbackHandle:com.shell.sitibv.motorist.america/com.mobgen.fireblade.presentation.splash.SplashActivity$_9401#69234 is not released yet
03-13 15:50:48.420  9315  9687 W qdgralloc: getInterlacedFlag: getMetaData returned 3, defaulting to interlaced_flag = 0
03-13 15:50:48.501  3003  7241 D WindowManager: captureDisplay
03-13 15:50:48.502  3003  7241 I SurfaceComposerClient: captureLayers:childrenOnly:1, sync:0
03-13 15:50:48.510  2105  2921 I SurfaceFlinger: Capture layer list: 	 com.shell.sitibv.motorist.america/com.mobgen.fireblade.presentation.splash.SplashActivity$_9401#69234(seamlessTransition:0)
03-13 15:50:48.511  2105  2921 I SurfaceFlinger: Capture layer list: 	 StatusBar$_4205#132(seamlessTransition:0)
03-13 15:50:48.511  2105  2921 I SurfaceFlinger: Capture layer list: 	 com.sec.android.app.launcher/com.samsung.app.honeyspace.edge.edgepanel.app.CocktailBarService$_4832#69170(seamlessTransition:0)
03-13 15:50:48.511  2105  2921 I SurfaceFlinger: Capture layer list: 	 NavigationBar0$_4205#130(seamlessTransition:0)
03-13 15:50:48.512  2105  2342 D RenderEngine: [SEC_SF_EFFECTS] drawLayersInternal,1483, Rendering layer ScreenCaptureFillLayer at index 0
03-13 15:50:48.512  2105  2342 D RenderEngine: [SEC_SF_EFFECTS] drawLayersInternal,1483, Rendering layer com.shell.sitibv.motorist.america/com.mobgen.fireblade.presentation.splash.SplashActivity$_9401#69234 at index 1
03-13 15:50:48.512  2105  2342 D RenderEngine: [SEC_SF_EFFECTS] drawLayersInternal,1483, Rendering layer StatusBar$_4205#132 at index 2
03-13 15:50:48.513  2105  2342 D RenderEngine: [SEC_SF_EFFECTS] drawLayersInternal,1483, Rendering layer com.sec.android.app.launcher/com.samsung.app.honeyspace.edge.edgepanel.app.CocktailBarService$_4832#69170 at index 3
03-13 15:50:48.513  2105  2342 D RenderEngine: [SEC_SF_EFFECTS] drawLayersInternal,1483, Rendering layer NavigationBar0$_4205#130 at index 4
03-13 15:50:48.514  2105  2105 D TransactionCallbackInvoker: addCallbackHandle:com.shell.sitibv.motorist.america/com.mobgen.fireblade.presentation.splash.SplashActivity$_9401#69234 is not released yet
03-13 15:50:48.519  9315  9687 W qdgralloc: getInterlacedFlag: getMetaData returned 3, defaulting to interlaced_flag = 0
03-13 15:50:48.601  3003  7241 D WindowManager: captureDisplay
03-13 15:50:48.601  3003  7241 I SurfaceComposerClient: captureLayers:childrenOnly:1, sync:0
03-13 15:50:48.606  2105  2921 I SurfaceFlinger: Capture layer list: 	 com.shell.sitibv.motorist.america/com.mobgen.fireblade.presentation.splash.SplashActivity$_9401#69234(seamlessTransition:0)
03-13 15:50:48.606  2105  2921 I SurfaceFlinger: Capture layer list: 	 StatusBar$_4205#132(seamlessTransition:0)
03-13 15:50:48.606  2105  2921 I SurfaceFlinger: Capture layer list: 	 com.sec.android.app.launcher/com.samsung.app.honeyspace.edge.edgepanel.app.CocktailBarService$_4832#69170(seamlessTransition:0)
03-13 15:50:48.606  2105  2921 I SurfaceFlinger: Capture layer list: 	 NavigationBar0$_4205#130(seamlessTransition:0)
03-13 15:50:48.607  2105  2342 D RenderEngine: [SEC_SF_EFFECTS] drawLayersInternal,1483, Rendering layer ScreenCaptureFillLayer at index 0
03-13 15:50:48.607  2105  2342 D RenderEngine: [SEC_SF_EFFECTS] drawLayersInternal,1483, Rendering layer com.shell.sitibv.motorist.america/com.mobgen.fireblade.presentation.splash.SplashActivity$_9401#69234 at index 1
03-13 15:50:48.608  2105  2342 D RenderEngine: [SEC_SF_EFFECTS] drawLayersInternal,1483, Rendering layer StatusBar$_4205#132 at index 2
03-13 15:50:48.608  2105  2342 D RenderEngine: [SEC_SF_EFFECTS] drawLayersInternal,1483, Rendering layer com.sec.android.app.launcher/com.samsung.app.honeyspace.edge.edgepanel.app.CocktailBarService$_4832#69170 at index 3
03-13 15:50:48.608  2105  2342 D RenderEngine: [SEC_SF_EFFECTS] drawLayersInternal,1483, Rendering layer NavigationBar0$_4205#130 at index 4
03-13 15:50:48.613  9315  9687 W qdgralloc: getInterlacedFlag: getMetaData returned 3, defaulting to interlaced_flag = 0
03-13 15:50:48.624  3003  3130 D PowerManagerService: UserActivityStateListenerState: 0
03-13 15:50:48.701  3003  7241 D WindowManager: captureDisplay
03-13 15:50:48.701  3003  7241 I SurfaceComposerClient: captureLayers:childrenOnly:1, sync:0
03-13 15:50:48.706  2105  2921 I SurfaceFlinger: Capture layer list: 	 com.shell.sitibv.motorist.america/com.mobgen.fireblade.presentation.splash.SplashActivity$_9401#69234(seamlessTransition:0)
03-13 15:50:48.706  2105  2921 I SurfaceFlinger: Capture layer list: 	 StatusBar$_4205#132(seamlessTransition:0)
03-13 15:50:48.706  2105  2921 I SurfaceFlinger: Capture layer list: 	 com.sec.android.app.launcher/com.samsung.app.honeyspace.edge.edgepanel.app.CocktailBarService$_4832#69170(seamlessTransition:0)
03-13 15:50:48.706  2105  2921 I SurfaceFlinger: Capture layer list: 	 NavigationBar0$_4205#130(seamlessTransition:0)
03-13 15:50:48.708  2105  2342 D RenderEngine: [SEC_SF_EFFECTS] drawLayersInternal,1483, Rendering layer ScreenCaptureFillLayer at index 0
03-13 15:50:48.708  2105  2342 D RenderEngine: [SEC_SF_EFFECTS] drawLayersInternal,1483, Rendering layer com.shell.sitibv.motorist.america/com.mobgen.fireblade.presentation.splash.SplashActivity$_9401#69234 at index 1
03-13 15:50:48.709  2105  2342 D RenderEngine: [SEC_SF_EFFECTS] drawLayersInternal,1483, Rendering layer StatusBar$_4205#132 at index 2
03-13 15:50:48.709  2105  2342 D RenderEngine: [SEC_SF_EFFECTS] drawLayersInternal,1483, Rendering layer com.sec.android.app.launcher/com.samsung.app.honeyspace.edge.edgepanel.app.CocktailBarService$_4832#69170 at index 3
03-13 15:50:48.709  2105  2342 D RenderEngine: [SEC_SF_EFFECTS] drawLayersInternal,1483, Rendering layer NavigationBar0$_4205#130 at index 4
03-13 15:50:48.716  9315  9687 W qdgralloc: getInterlacedFlag: getMetaData returned 3, defaulting to interlaced_flag = 0
03-13 15:50:48.775  2105  2813 D DisplayModeController: setDesiredMode 4630946564756762243 {mode={fps=60.00 Hz, modePtr={id=2, vsyncRate=60.00 Hz, peakRefreshRate=60.00 Hz}}, emitEvent=true, force=false}
03-13 15:50:48.779  2105  2105 I LayerHistory: com.shell.sitibv.motorist.america/com.mobgen.fireblade.presentation.splash.SplashActivity$_9401#69234 is small dirty
03-13 15:50:48.779  2105  2105 I SurfaceFlinger: scored - choose 60.00 Hz
03-13 15:50:48.780  2105  2105 I HWComposer: [4630946564756762243] ActiveConfigToHWC, ID : 2
03-13 15:50:48.780  2105  2921 I VSyncReactor: Current= 120, Period= 60, hwcPeriod= 120
03-13 15:50:48.781  2040  2451 I SDM     : HWDeviceDRM::SetDisplaySwitchMode: [DispConfigs] check hs_mode 3
03-13 15:50:48.781  2040  2451 W SDM     : HWDeviceDRM::GetSupportedBitClkRate: Requested rate not supported: 954000000
03-13 15:50:48.781  2040  2451 W SDM     : HWDeviceDRM::GetSupportedBitClkRate: Requested rate not supported: 954000000
03-13 15:50:48.781  2040  2451 I SDM     : HWDeviceDRM::SetDisplaySwitchMode: [DispConfigs] Set mode index:3 1080x2640x60xcmdPHS, hs_mode(3), found_mode(1)
03-13 15:50:48.782  2040  2451 I SDM     : HWDeviceDRM::UpdateMixerAttributes: Mixer WxH 1080x2640-1 for Peripheral
03-13 15:50:48.782  2040  2451 I SDM     : HWCDisplay::SubmitDisplayConfig: Active configuration changed from config 0 to 2
03-13 15:50:48.787  2105  2105 I SurfaceFlinger: finalizeDisplayModeChange 4630946564756762243
03-13 15:50:48.787  2105  2921 I VSyncReactor: Current= 120, Period= 60, hwcPeriod= 60
03-13 15:50:48.789  3003  3067 D LocalDisplayAdapter: updateActiveModeLocked for d=4630946564756762243, mActiveModeId=3, mActiveSfDisplayMode=DisplayMode{id=2, width=1080, height=2640, xDpi=428.625, yDpi=424.405, peakRefreshRate=60.000004, vsyncRate=60.000004, appVsyncOffsetNanos=16666666, presentationDeadlineNanos=17666666, supportedHdrTypes=[4, 2, 3], group=1080}
03-13 15:50:48.790  3003  3067 I DisplayDeviceRepository: Display device changed render timings: "Built-in Screen", renderFrameRate=60.000004, presentationDeadlineNanos=17666666, appVsyncOffsetNanos=16666666, frameRateOverrides=[{uid=10476 frameRateHz=60.000004}]
03-13 15:50:48.792  3003  3065 D WindowManager: DeferredDisplayUpdater: partially applying DisplayInfo(1080 x 2640) immediately
03-13 15:50:48.792  3003  3003 D SGM:GameManager: onDisplayChanged. displyId: 0, state: 2
03-13 15:50:48.793  3003  3003 D AODManagerService: requestReCalToTSP IsSingleTouchMode = falserequestedReCalToTSP = false / previousDisplayState = ON
03-13 15:50:48.794  2094  4576 D AudioFlinger: setParameters: filtered dev setParameters keyvalue screen_state=on
03-13 15:50:48.794  3003  5976 D LiftUpHandler: [LTW] Stopped already.
03-13 15:50:48.794  3003  3687 D SGM:FgCheckThread: onLooperPrepared(), msg: MSG_LCD_ON
03-13 15:50:48.795  2105  2921 I VSyncReactor: Current= 60, Period= 60, Distance= 60
03-13 15:50:48.795  1992 24238 D AHAL: AudioDevice: SetParameters: 1865: enter
03-13 15:50:48.796  1992 24238 D AHAL: AudioVoice: VoiceSetParameters: 200: Enter
03-13 15:50:48.796  1992 24238 D AHAL: AudioVoice: VoiceSetParameters: 479: Exit ret: 0
03-13 15:50:48.796  1992 24238 D AHAL: hfp: hfp_set_parameters: 444: enter
03-13 15:50:48.796  1992 24238 D AHAL: AudioDevice: SetParameters: 1945:  - screen = on
03-13 15:50:48.796  1992 24238 I PAL: ResourceManager: setParameter: 10683: Screen State:1
03-13 15:50:48.796  1992 24238 D AHAL: AudioDevice: SetParameters: 2798: exit: screen_state=on
03-13 15:50:48.798  3003  3065 D SurfaceComposerClient: setCornerRadius ## 5e9a48a com.shell.sitibv.motorist.america/com.mobgen.fireblade.presentation.splash.SplashActivity#69233 cornerRadius=0.000000
03-13 15:50:48.798  4205  4205 D DisplayLifecycle: updateDisplay id = 0
03-13 15:50:48.799  4832  8380 I HoneySpace.Memory-Monitor: current state = 2, didTrim = false
03-13 15:50:48.800  4205  4362 D StackScroller: onDisplayChanged for predraw skip to 2
03-13 15:50:48.800  4832  2378 I HoneySpace.RefreshRateSource: singleFrameMs 16
03-13 15:50:48.800  3003  7241 D WifiDisplayAdapter: isFitToActiveDisplayLocked : false
03-13 15:50:48.801  3003  5013 D WindowManager: captureDisplay
03-13 15:50:48.801  3003  5013 I SurfaceComposerClient: captureLayers:childrenOnly:1, sync:0
03-13 15:50:48.804  2105  2921 I SurfaceFlinger: Capture layer list: 	 com.shell.sitibv.motorist.america/com.mobgen.fireblade.presentation.splash.SplashActivity$_9401#69234(seamlessTransition:0)
03-13 15:50:48.804  2105  2921 I SurfaceFlinger: Capture layer list: 	 StatusBar$_4205#132(seamlessTransition:0)
03-13 15:50:48.804  2105  2921 I SurfaceFlinger: Capture layer list: 	 com.sec.android.app.launcher/com.samsung.app.honeyspace.edge.edgepanel.app.CocktailBarService$_4832#69170(seamlessTransition:0)
03-13 15:50:48.804  2105  2921 I SurfaceFlinger: Capture layer list: 	 NavigationBar0$_4205#130(seamlessTransition:0)
03-13 15:50:48.805  2105  2105 D TransactionCallbackInvoker: addCallbackHandle:com.shell.sitibv.motorist.america/com.mobgen.fireblade.presentation.splash.SplashActivity$_9401#69234 is not released yet
03-13 15:50:48.805  2105  2342 D RenderEngine: [SEC_SF_EFFECTS] drawLayersInternal,1483, Rendering layer ScreenCaptureFillLayer at index 0
03-13 15:50:48.805  2105  2342 D RenderEngine: [SEC_SF_EFFECTS] drawLayersInternal,1483, Rendering layer com.shell.sitibv.motorist.america/com.mobgen.fireblade.presentation.splash.SplashActivity$_9401#69234 at index 1
03-13 15:50:48.805  2105  2342 D RenderEngine: [SEC_SF_EFFECTS] drawLayersInternal,1483, Rendering layer StatusBar$_4205#132 at index 2
03-13 15:50:48.805  2105  2342 D RenderEngine: [SEC_SF_EFFECTS] drawLayersInternal,1483, Rendering layer com.sec.android.app.launcher/com.samsung.app.honeyspace.edge.edgepanel.app.CocktailBarService$_4832#69170 at index 3
03-13 15:50:48.805  2105  2342 D RenderEngine: [SEC_SF_EFFECTS] drawLayersInternal,1483, Rendering layer NavigationBar0$_4205#130 at index 4
03-13 15:50:48.810  9315  9687 W qdgralloc: getInterlacedFlag: getMetaData returned 3, defaulting to interlaced_flag = 0
03-13 15:50:48.859  3003  4185 I Pageboost: Launcher App Execution
03-13 15:50:48.864  3003  7241 D ActivityTaskManager: startActivityAsUser: callingPid=9401, callingUid=10476, caller=com.android.server.wm.ActivityTaskManagerService.startActivity:123 android.app.IActivityTaskManager$Stub.onTransact:1493 com.android.server.wm.ActivityTaskManagerService.onTransact:1 android.os.Binder.execTransactInternal:1457 android.os.Binder.execTransact:1401 <bottom of call stack> <bottom of call stack> 
03-13 15:50:48.865  3003  7241 D ActivityTaskManager: DesktopModeLaunchParamsModifier: task=null activity=null task null, skipping
03-13 15:50:48.865  3003  7241 D ActivityTaskManager: TaskLaunchParamsModifier:task=null activity=null display-area-from-source=DefaultTaskDisplayArea_d0@29010794 display-id=0 task-display-area-windowing-mode=1 suggested-display-area=DefaultTaskDisplayArea_d0@29010794
03-13 15:50:48.865  3003  7241 W OptProp : Cannot read opt property android.window.PROPERTY_COMPAT_ALLOW_RESIZEABLE_ACTIVITY_OVERRIDES
03-13 15:50:48.866  3003  7241 W OptProp : Cannot read opt property android.window.PROPERTY_COMPAT_ALLOW_MIN_ASPECT_RATIO_OVERRIDE
03-13 15:50:48.866  3003  7241 D WindowManager: Transition is created, t=TransitionRecord{245793e id=-1 type=OPEN flags=0x0}, caller=com.android.server.wm.Transition.<init>:182 com.android.server.wm.TransitionController.createAndStartCollecting:106 com.android.server.wm.ActivityStarter.executeRequest:3537 com.android.server.wm.ActivityStarter.execute:1873 com.android.server.wm.ActivityTaskManagerService.startActivityAsUser:95 
03-13 15:50:48.866  3003  7241 D BLASTSyncEngine: SyncGroup is created, id=8061, name=Transition-OPEN, caller=com.android.server.wm.BLASTSyncEngine$SyncGroup.<init>:52 com.android.server.wm.TransitionController.moveToCollecting:79 com.android.server.wm.TransitionController.createAndStartCollecting:109 com.android.server.wm.ActivityStarter.executeRequest:3537 com.android.server.wm.ActivityStarter.execute:1873 com.android.server.wm.ActivityTaskManagerService.startActivityAsUser:95 com.android.server.wm.ActivityTaskManagerService.startActivity:123 
03-13 15:50:48.866  3003  7241 W BLASTSyncEngine: setSyncMethod, id=8061, method=0, caller=com.android.server.wm.TransitionController.moveToCollecting:91 com.android.server.wm.TransitionController.createAndStartCollecting:109 com.android.server.wm.ActivityStarter.executeRequest:3537 
03-13 15:50:48.866  3003  7241 V WindowManager: Start collecting in Transition: TransitionRecord{245793e id=8061 type=OPEN flags=0x0}, caller=com.android.server.wm.TransitionController.createAndStartCollecting:109 com.android.server.wm.ActivityStarter.executeRequest:3537 com.android.server.wm.ActivityStarter.execute:1873 com.android.server.wm.ActivityTaskManagerService.startActivityAsUser:95 com.android.server.wm.ActivityTaskManagerService.startActivity:123 
03-13 15:50:48.866  3003  7241 V WindowManager: Collecting in transition 8061: ActivityRecord{108639135 u0 com.shell.sitibv.motorist.america/com.mobgen.fireblade.presentation.welcome.WelcomeActivity, caller=com.android.server.wm.TransitionController.collect:7 com.android.server.wm.ActivityStarter.startActivityUnchecked:192 com.android.server.wm.ActivityStarter.executeRequest:3581 com.android.server.wm.ActivityStarter.execute:1873 com.android.server.wm.ActivityTaskManagerService.startActivityAsUser:95 
03-13 15:50:48.866  3003  7241 D ActivityTaskManager: DesktopModeLaunchParamsModifier: task=null activity=ActivityRecord{108639135 u0 com.shell.sitibv.motorist.america/com.mobgen.fireblade.presentation.welcome.WelcomeActivity t-1} task null, skipping
03-13 15:50:48.867  3003  7241 D ActivityTaskManager: TaskLaunchParamsModifier:task=null activity=ActivityRecord{108639135 u0 com.shell.sitibv.motorist.america/com.mobgen.fireblade.presentation.welcome.WelcomeActivity t-1} display-area-from-source=DefaultTaskDisplayArea_d0@29010794 display-id=0 task-display-area-windowing-mode=1 suggested-display-area=DefaultTaskDisplayArea_d0@29010794
03-13 15:50:48.867  3003  7241 D ActivityTaskManager: DesktopModeLaunchParamsModifier: task=Task{2566d13 #801 type=standard A=10476:com.shell.sitibv.motorist.america nonResizable} activity=ActivityRecord{108639135 u0 com.shell.sitibv.motorist.america/com.mobgen.fireblade.presentation.welcome.WelcomeActivity t-1} non-desktop, skipping
03-13 15:50:48.867  3003  7241 D ActivityTaskManager: TaskLaunchParamsModifier:task=Task{2566d13 #801 type=standard A=10476:com.shell.sitibv.motorist.america nonResizable} activity=ActivityRecord{108639135 u0 com.shell.sitibv.motorist.america/com.mobgen.fireblade.presentation.welcome.WelcomeActivity t-1} display-area-from-source=DefaultTaskDisplayArea_d0@29010794 display-id=0 task-display-area-windowing-mode=1 suggested-display-area=DefaultTaskDisplayArea_d0@29010794 inherit-from-source=fullscreen non-freeform-task-display-area display-area=DefaultTaskDisplayArea_d0@29010794 activity-requested-portrait freeform-size-mismatch=Rect(81, 635 - 999, 1955)
03-13 15:50:48.867  3003  7241 I SemDvfsHyPerManager: acquire hyper - AMS_ACT_START/3003@15, type = -999
03-13 15:50:48.868  3003  7241 D ActivityManagerPerformance: AMP_acquire() ACT_START
03-13 15:50:48.868  3003  7241 D ActivityTaskManager: DesktopModeLaunchParamsModifier: task=Task{2566d13 #801 type=standard A=10476:com.shell.sitibv.motorist.america nonResizable} activity=ActivityRecord{108639135 u0 com.shell.sitibv.motorist.america/com.mobgen.fireblade.presentation.welcome.WelcomeActivity t-1} non-desktop, skipping
03-13 15:50:48.868  3003  7241 D ActivityTaskManager: TaskLaunchParamsModifier:task=Task{2566d13 #801 type=standard A=10476:com.shell.sitibv.motorist.america nonResizable} activity=ActivityRecord{108639135 u0 com.shell.sitibv.motorist.america/com.mobgen.fireblade.presentation.welcome.WelcomeActivity t-1} display-area-from-source=DefaultTaskDisplayArea_d0@29010794 display-id=0 task-display-area-windowing-mode=1 suggested-display-area=DefaultTaskDisplayArea_d0@29010794 inherit-from-source=fullscreen non-freeform-task-display-area display-area=DefaultTaskDisplayArea_d0@29010794 activity-requested-portrait freeform-size-mismatch=Rect(81, 635 - 999, 1955)
03-13 15:50:48.868  2022  2124 I HYPER-HAL: [RequestManager.cpp]acquire(): Acquired ID : 4555686  [3003 / 15]    HINT : AMS_ACT_START    list : 
03-13 15:50:48.868  3003  7241 W OptProp : Cannot read opt property android.window.PROPERTY_COMPAT_ALLOW_ORIENTATION_OVERRIDE
03-13 15:50:48.869  2105  2921 I SurfaceFlinger: id=69241 createSurf, flag=84004, ActivityRecord{108639135 u0 com.shell.sitibv.motorist.america/com.mobgen.fireblade.presentation.welcome.WelcomeActivity t801}#69241
03-13 15:50:48.869  3003  7241 V WindowManager: Checking theme of starting window: 0x7f14011e
03-13 15:50:48.869  3003  7241 V WindowManager: Translucent=false Floating=false ShowWallpaper=false Disable=false
03-13 15:50:48.870  3003  7241 D ActivityTaskManager: addStartingWindow: type=0 typeParameter=2c
03-13 15:50:48.870  3003  7241 D ActivityTaskManager: scheduleTopResumedActivityChanged, onTop=false, r=ActivityRecord{104518530 u0 com.shell.sitibv.motorist.america/com.mobgen.fireblade.presentation.splash.SplashActivity t801}, caller=com.android.server.wm.ActivityTaskSupervisor.scheduleTopResumedActivityStateLossIfNeeded:19 com.android.server.wm.ActivityTaskSupervisor.updateTopResumedActivityIfNeeded:20 com.android.server.wm.TaskFragment.setResumedActivity:30 com.android.server.wm.ActivityRecord.setState:91 com.android.server.wm.TaskFragment.startPausing$1:209 com.android.server.wm.TaskFragment.resumeTopActivity:718 
03-13 15:50:48.870  2105  2105 I SurfaceFlinger: [ActivityRecord{108639135 u0 com.shell.sitibv.motorist.america/com.mobgen.fireblade.presentation.welcome.WelcomeActivity t801}#69241] attach to parent LayerHierarchy{RequestedLayerState{Task=801#69201 parentId=11 z=5} 2 children}
03-13 15:50:48.870  3003  7241 V WindowManager: Collecting in transition 8061: ActivityRecord{108639135 u0 com.shell.sitibv.motorist.america/com.mobgen.fireblade.presentation.welcome.WelcomeActivity t801}, caller=com.android.server.wm.Transition.collectExistenceChange:40 com.android.server.wm.ActivityStarter.handleStartResult:779 com.android.server.wm.ActivityStarter.startActivityUnchecked:218 com.android.server.wm.ActivityStarter.executeRequest:3581 com.android.server.wm.ActivityStarter.execute:1873 
03-13 15:50:48.870  3003  7241 V WindowManager: Requesting StartTransition: TransitionRecord{245793e id=8061 type=OPEN flags=0x0 c=[
03-13 15:50:48.870  3003  7241 V WindowManager:    ChangeInfo{f9beb4a container=DefaultTaskDisplayArea_d0@29010794 flags=0x0}
03-13 15:50:48.870  3003  7241 V WindowManager:    ChangeInfo{c4feabb container=Task{2566d13 #801 type=standard A=10476:com.shell.sitibv.motorist.america nonResizable} flags=0x0}
03-13 15:50:48.870  3003  7241 V WindowManager:    ChangeInfo{f2e1bd8 container=ActivityRecord{108639135 u0 com.shell.sitibv.motorist.america/com.mobgen.fireblade.presentation.welcome.WelcomeActivity t801} flags=0x0}
03-13 15:50:48.870  3003  7241 V WindowManager:    ChangeInfo{42ddb31 container=Display{#0 state=ON size=1080x2640 ROTATION_0} flags=0x0}
03-13 15:50:48.870  3003  7241 V WindowManager: ]
03-13 15:50:48.870  3003  7241 V WindowManager: }, caller=com.android.server.wm.ActivityStarter.handleStartResult:1000 com.android.server.wm.ActivityStarter.startActivityUnchecked:218 com.android.server.wm.ActivityStarter.executeRequest:3581 com.android.server.wm.ActivityStarter.execute:1873 com.android.server.wm.ActivityTaskManagerService.startActivityAsUser:95 
03-13 15:50:48.871  3003  7241 I Pageboost: stop alp
03-13 15:50:48.871  3003  7241 I ActivityTaskManager: START u0 {xflg=0x4 cmp=com.shell.sitibv.motorist.america/com.mobgen.fireblade.presentation.welcome.WelcomeActivity (has extras)} with LAUNCH_SINGLE_TASK from uid 10476 (sr=104518530) (BAL_ALLOW_VISIBLE_WINDOW) result code=0
03-13 15:50:48.873  5441  5441 E pageboostd: Received HALT command code 2
