03-13 15:51:15.202  2097  2125 D HeatmapThread: !@ Heatmap plugstarttime: 29556997
03-13 15:51:15.202  2097  2125 D HeatmapThread: !@ Heatmap prevv_dsoh_update_time: 29557175
03-13 15:51:15.202  2097  2125 E HeatmapThread: !@ CAM New BSOH: 100
03-13 15:51:15.202  2097  2125 E HeatmapThread: !@ CAM is Working
03-13 15:51:15.264  3003  4920 D WindowManager: captureDisplay
03-13 15:51:15.264  3003  4920 I SurfaceComposerClient: captureLayers:childrenOnly:1, sync:0
03-13 15:51:15.267  2105  2324 I SurfaceFlinger: Capture layer list: 	 com.shell.sitibv.motorist.america/com.mobgen.fireblade.presentation.splash.SplashActivity$_10763#69323(seamlessTransition:0)
03-13 15:51:15.267  2105  2324 I SurfaceFlinger: Capture layer list: 	 StatusBar$_4205#132(seamlessTransition:0)
03-13 15:51:15.267  2105  2324 I SurfaceFlinger: Capture layer list: 	 com.sec.android.app.launcher/com.samsung.app.honeyspace.edge.edgepanel.app.CocktailBarService$_4832#69268(seamlessTransition:0)
03-13 15:51:15.267  2105  2324 I SurfaceFlinger: Capture layer list: 	 NavigationBar0$_4205#130(seamlessTransition:0)
03-13 15:51:15.268  2105  2342 D RenderEngine: [SEC_SF_EFFECTS] drawLayersInternal,1483, Rendering layer ScreenCaptureFillLayer at index 0
03-13 15:51:15.268  2105  2342 D RenderEngine: [SEC_SF_EFFECTS] drawLayersInternal,1483, Rendering layer com.shell.sitibv.motorist.america/com.mobgen.fireblade.presentation.splash.SplashActivity$_10763#69323 at index 1
03-13 15:51:15.268  2105  2342 D RenderEngine: [SEC_SF_EFFECTS] drawLayersInternal,1483, Rendering layer StatusBar$_4205#132 at index 2
03-13 15:51:15.268  2105  2342 D RenderEngine: [SEC_SF_EFFECTS] drawLayersInternal,1483, Rendering layer com.sec.android.app.launcher/com.samsung.app.honeyspace.edge.edgepanel.app.CocktailBarService$_4832#69268 at index 3
03-13 15:51:15.268  2105  2342 D RenderEngine: [SEC_SF_EFFECTS] drawLayersInternal,1483, Rendering layer NavigationBar0$_4205#130 at index 4
03-13 15:51:15.272 10614 11091 W qdgralloc: getInterlacedFlag: getMetaData returned 3, defaulting to interlaced_flag = 0
03-13 15:51:15.364  3003  4920 D WindowManager: captureDisplay
03-13 15:51:15.365  3003  4920 I SurfaceComposerClient: captureLayers:childrenOnly:1, sync:0
03-13 15:51:15.369  2105  2324 I SurfaceFlinger: Capture layer list: 	 com.shell.sitibv.motorist.america/com.mobgen.fireblade.presentation.splash.SplashActivity$_10763#69323(seamlessTransition:0)
03-13 15:51:15.369  2105  2324 I SurfaceFlinger: Capture layer list: 	 StatusBar$_4205#132(seamlessTransition:0)
03-13 15:51:15.369  2105  2324 I SurfaceFlinger: Capture layer list: 	 com.sec.android.app.launcher/com.samsung.app.honeyspace.edge.edgepanel.app.CocktailBarService$_4832#69268(seamlessTransition:0)
03-13 15:51:15.369  2105  2324 I SurfaceFlinger: Capture layer list: 	 NavigationBar0$_4205#130(seamlessTransition:0)
03-13 15:51:15.370  2105  2342 D RenderEngine: [SEC_SF_EFFECTS] drawLayersInternal,1483, Rendering layer ScreenCaptureFillLayer at index 0
03-13 15:51:15.370  2105  2342 D RenderEngine: [SEC_SF_EFFECTS] drawLayersInternal,1483, Rendering layer com.shell.sitibv.motorist.america/com.mobgen.fireblade.presentation.splash.SplashActivity$_10763#69323 at index 1
03-13 15:51:15.370  2105  2342 D RenderEngine: [SEC_SF_EFFECTS] drawLayersInternal,1483, Rendering layer StatusBar$_4205#132 at index 2
03-13 15:51:15.370  2105  2342 D RenderEngine: [SEC_SF_EFFECTS] drawLayersInternal,1483, Rendering layer com.sec.android.app.launcher/com.samsung.app.honeyspace.edge.edgepanel.app.CocktailBarService$_4832#69268 at index 3
03-13 15:51:15.370  2105  2342 D RenderEngine: [SEC_SF_EFFECTS] drawLayersInternal,1483, Rendering layer NavigationBar0$_4205#130 at index 4
03-13 15:51:15.374  2007 10461 I sensors-hal: handle_sns_client_event:375, [0][455] accel_sample [ 0.044,  4.984,  8.460] 258675926683030
03-13 15:51:15.375 10614 11091 W qdgralloc: getInterlacedFlag: getMetaData returned 3, defaulting to interlaced_flag = 0
03-13 15:51:15.464  3003  4920 D WindowManager: captureDisplay
03-13 15:51:15.465  3003  4920 I SurfaceComposerClient: captureLayers:childrenOnly:1, sync:0
03-13 15:51:15.470  2105  2922 I SurfaceFlinger: Capture layer list: 	 com.shell.sitibv.motorist.america/com.mobgen.fireblade.presentation.splash.SplashActivity$_10763#69323(seamlessTransition:0)
03-13 15:51:15.470  2105  2922 I SurfaceFlinger: Capture layer list: 	 StatusBar$_4205#132(seamlessTransition:0)
03-13 15:51:15.470  2105  2922 I SurfaceFlinger: Capture layer list: 	 com.sec.android.app.launcher/com.samsung.app.honeyspace.edge.edgepanel.app.CocktailBarService$_4832#69268(seamlessTransition:0)
03-13 15:51:15.470  2105  2922 I SurfaceFlinger: Capture layer list: 	 NavigationBar0$_4205#130(seamlessTransition:0)
03-13 15:51:15.472  2105  2342 D RenderEngine: [SEC_SF_EFFECTS] drawLayersInternal,1483, Rendering layer ScreenCaptureFillLayer at index 0
03-13 15:51:15.472  2105  2342 D RenderEngine: [SEC_SF_EFFECTS] drawLayersInternal,1483, Rendering layer com.shell.sitibv.motorist.america/com.mobgen.fireblade.presentation.splash.SplashActivity$_10763#69323 at index 1
03-13 15:51:15.472  2105  2342 D RenderEngine: [SEC_SF_EFFECTS] drawLayersInternal,1483, Rendering layer StatusBar$_4205#132 at index 2
03-13 15:51:15.472  2105  2342 D RenderEngine: [SEC_SF_EFFECTS] drawLayersInternal,1483, Rendering layer com.sec.android.app.launcher/com.samsung.app.honeyspace.edge.edgepanel.app.CocktailBarService$_4832#69268 at index 3
03-13 15:51:15.472  2105  2342 D RenderEngine: [SEC_SF_EFFECTS] drawLayersInternal,1483, Rendering layer NavigationBar0$_4205#130 at index 4
03-13 15:51:15.477 10614 11091 W qdgralloc: getInterlacedFlag: getMetaData returned 3, defaulting to interlaced_flag = 0
03-13 15:51:15.487 10614 10658 I appium  : AppiumResponse: {"sessionId":"a2935edf-070f-4aaa-af57-618c6c09f0a1","value":"<?xml version='1.0' encoding='UTF-8' standalone='yes' ?>\r\n<hierarchy index=\"0\" class=\"hierarchy\" rotation=\"0\" width=\"1080\" height=\"2640\">\r\n  <android.widget.FrameLayout index=\"0\" package=\"com.shell.sitibv.motorist.america\…
03-13 15:51:15.499 10614 10658 I appium  : channel read: GET /session/a2935edf-070f-4aaa-af57-618c6c09f0a1/screenshot
03-13 15:51:15.499 10614 10658 I appium  : CaptureScreenshot command
03-13 15:51:15.500 10614 10658 I tomator2.server: hiddenapi: Accessing hidden method Landroid/view/Display;->getAddress()Landroid/view/DisplayAddress; (runtime_flags=0, domain=platform, api=blocked) from Lio/appium/uiautomator2/utils/ReflectionUtils; (domain=app, TargetSdkVersion=34) using reflection: allowed
03-13 15:51:15.500 10614 10658 I tomator2.server: hiddenapi: Accessing hidden method Landroid/view/DisplayAddress$Physical;->getPhysicalDisplayId()J (runtime_flags=0, domain=platform, api=blocked) from Lio/appium/uiautomator2/utils/ReflectionUtils; (domain=app, TargetSdkVersion=34) using reflection: allowed
03-13 15:51:15.553  1171  1171 D io_stats: !@   8,0 r 4347482 133612076 w 5518192 111022836 d 450553 124347060 f 233776 528292 iot 2263596 0 th 0 0 0 pt 0 inp 0 0 78064.550
03-13 15:51:15.565  3003  4966 D WindowManager: captureDisplay
03-13 15:51:15.566  3003  4966 I SurfaceComposerClient: captureLayers:childrenOnly:1, sync:0
03-13 15:51:15.570  2105  2922 I SurfaceFlinger: Capture layer list: 	 com.shell.sitibv.motorist.america/com.mobgen.fireblade.presentation.splash.SplashActivity$_10763#69323(seamlessTransition:0)
03-13 15:51:15.570  2105  2922 I SurfaceFlinger: Capture layer list: 	 StatusBar$_4205#132(seamlessTransition:0)
03-13 15:51:15.570  2105  2922 I SurfaceFlinger: Capture layer list: 	 com.sec.android.app.launcher/com.samsung.app.honeyspace.edge.edgepanel.app.CocktailBarService$_4832#69268(seamlessTransition:0)
03-13 15:51:15.570  2105  2922 I SurfaceFlinger: Capture layer list: 	 NavigationBar0$_4205#130(seamlessTransition:0)
03-13 15:51:15.570  2105  2342 D RenderEngine: [SEC_SF_EFFECTS] drawLayersInternal,1483, Rendering layer ScreenCaptureFillLayer at index 0
03-13 15:51:15.570  2105  2342 D RenderEngine: [SEC_SF_EFFECTS] drawLayersInternal,1483, Rendering layer com.shell.sitibv.motorist.america/com.mobgen.fireblade.presentation.splash.SplashActivity$_10763#69323 at index 1
03-13 15:51:15.570  2105  2342 D RenderEngine: [SEC_SF_EFFECTS] drawLayersInternal,1483, Rendering layer StatusBar$_4205#132 at index 2
03-13 15:51:15.570  2105  2342 D RenderEngine: [SEC_SF_EFFECTS] drawLayersInternal,1483, Rendering layer com.sec.android.app.launcher/com.samsung.app.honeyspace.edge.edgepanel.app.CocktailBarService$_4832#69268 at index 3
03-13 15:51:15.571  2105  2342 D RenderEngine: [SEC_SF_EFFECTS] drawLayersInternal,1483, Rendering layer NavigationBar0$_4205#130 at index 4
03-13 15:51:15.574 10614 11091 W qdgralloc: getInterlacedFlag: getMetaData returned 3, defaulting to interlaced_flag = 0
03-13 15:51:15.597  4205  4205 W RefactorFlag: New code path expects SceneContainerFlag to be enabled.
03-13 15:51:15.598  4205  4205 D AiAgentEffect: onPrivacyItemsChanged privacyItems.size = 0
03-13 15:51:15.598  4205  4205 D AiAgentEffect: onPrivacyItemsChanged privacyItems isEmpty or found item is null
03-13 15:51:15.599  4205  4205 D AiAgentEffect: onPrivacyItemsChanged privacyItems.size = 0
03-13 15:51:15.599  4205  4205 D AiAgentEffect: onPrivacyItemsChanged privacyItems isEmpty or found item is null
03-13 15:51:15.599  4205  4205 D AiAgentEffect: onPrivacyItemsChanged privacyItems.size = 0
03-13 15:51:15.599  4205  4205 D AiAgentEffect: onPrivacyItemsChanged privacyItems isEmpty or found item is null
03-13 15:51:15.600  4205  4205 D AiAgentEffect: onPrivacyItemsChanged privacyItems.size = 0
03-13 15:51:15.600  4205  4205 D AiAgentEffect: onPrivacyItemsChanged privacyItems isEmpty or found item is null
03-13 15:51:15.606  4205  4205 W View    : requestLayout() improperly called by com.android.systemui.qs.SecQSGradationDrawableView{a6be148 V.E...... ......ID 0,0-1080,354 #7f0a0a16 app:id/qs_gradation_view} during layout: running second layout pass
03-13 15:51:15.606  4205  4205 W View    : requestLayout() improperly called by android.widget.FrameLayout{4430be1 V.E...... ......I. 0,0-1080,2640 #2} during layout: running second layout pass
03-13 15:51:15.606  4205  4205 W View    : requestLayout() improperly called by android.widget.FrameLayout{f30cd06 V.E...... ......ID 0,166-1080,2496 #7f0a0a14 app:id/qs_frame} during layout: running second layout pass
03-13 15:51:15.606  4205  4205 W RefactorFlag: New code path expects SceneContainerFlag to be enabled.
03-13 15:51:15.619 11538 11538 W screencap: Thread Pool max thread count is 0. Cannot cache binder as linkToDeath cannot be implemented. serviceName: SurfaceFlingerAIDL
03-13 15:51:15.619 11538 11538 W BpBinder: Linking to death on android.gui.ISurfaceComposer but there are no threads (yet?) listening to incoming transactions. See ProcessState::startThreadPool and ProcessState::setThreadPoolMaxThreadCount. Generally you should setup the binder threadpool before other initialization steps.
03-13 15:51:15.620 11538 11538 W screencap: Thread Pool max thread count is 0. Cannot cache binder as linkToDeath cannot be implemented. serviceName: edmnativehelper
03-13 15:51:15.620  3003  4966 I EDMNativeHelperService: isScreenCaptureEnabled
03-13 15:51:15.620  3003  4966 D RestrictionPolicy: isScreenCaptureEnabled : ret=true userId=0
03-13 15:51:15.620 11538 11538 W ProcessState: Extra binder thread started, but 0 threads requested. Do not use *startThreadPool when zero threads are requested.
03-13 15:51:15.620 11538 11538 I SurfaceComposerClient: captureDisplay:Display-4630946564756762243
03-13 15:51:15.623  2105  2105 D TransactionCallbackInvoker: addCallbackHandle:com.shell.sitibv.motorist.america/com.mobgen.fireblade.presentation.splash.SplashActivity$_10763#69323 is not released yet
03-13 15:51:15.625  2105  2922 I SurfaceFlinger: Capture layer list: 	 com.shell.sitibv.motorist.america/com.mobgen.fireblade.presentation.splash.SplashActivity$_10763#69323(seamlessTransition:0)
03-13 15:51:15.625  2105  2922 I SurfaceFlinger: Capture layer list: 	 StatusBar$_4205#132(seamlessTransition:0)
03-13 15:51:15.625  2105  2922 I SurfaceFlinger: Capture layer list: 	 com.sec.android.app.launcher/com.samsung.app.honeyspace.edge.edgepanel.app.CocktailBarService$_4832#69268(seamlessTransition:0)
03-13 15:51:15.625  2105  2922 I SurfaceFlinger: Capture layer list: 	 NavigationBar0$_4205#130(seamlessTransition:0)
03-13 15:51:15.626  2105  2922 E HwcComposer: getLuts failed Status(-129, EX_TRANSACTION_FAILED): 'UNKNOWN_TRANSACTION: '
03-13 15:51:15.626  2105  2342 D RenderEngine: [SEC_SF_EFFECTS] drawLayersInternal,1483, Rendering layer ScreenCaptureFillLayer at index 0
03-13 15:51:15.626  2105  2342 D RenderEngine: [SEC_SF_EFFECTS] drawLayersInternal,1483, Rendering layer com.shell.sitibv.motorist.america/com.mobgen.fireblade.presentation.splash.SplashActivity$_10763#69323 at index 1
03-13 15:51:15.626  2105  2342 D RenderEngine: [SEC_SF_EFFECTS] drawLayersInternal,1483, Rendering layer StatusBar$_4205#132 at index 2
03-13 15:51:15.627  2105  2342 D RenderEngine: [SEC_SF_EFFECTS] drawLayersInternal,1483, Rendering layer com.sec.android.app.launcher/com.samsung.app.honeyspace.edge.edgepanel.app.CocktailBarService$_4832#69268 at index 3
03-13 15:51:15.627  2105  2342 D RenderEngine: [SEC_SF_EFFECTS] drawLayersInternal,1483, Rendering layer NavigationBar0$_4205#130 at index 4
03-13 15:51:15.632  3003  4966 I BatteryService_BatteryPropertiesRegistrar: [getProperty]id:4
03-13 15:51:15.632  3003  4966 I BatteryService_BatteryPropertiesRegistrar: [getProperty]prop.long:-9223372036854775808 ,prop.string:null
03-13 15:51:15.639  3003  3067 I DisplayDeviceRepository: Display device changed render timings: "Built-in Screen", renderFrameRate=120.00001, presentationDeadlineNanos=9333333, appVsyncOffsetNanos=8333333, frameRateOverrides=[{uid=10476 frameRateHz=60.000004}]
03-13 15:51:15.640  3003  3068 D SurfaceComposerClient: setCornerRadius ## 3466c31 com.shell.sitibv.motorist.america/com.mobgen.fireblade.presentation.splash.SplashActivity#69322 cornerRadius=0.000000
03-13 15:51:15.659 11538 11545 I AdrenoUtils: <ReadGpuID:357>: Reading chip ID through GSL
03-13 15:51:15.659 11538 11538 W qdgralloc: Failed to load libubwcp.so
03-13 15:51:15.665  3003  4920 D WindowManager: captureDisplay
03-13 15:51:15.665  3003  4920 I SurfaceComposerClient: captureLayers:childrenOnly:1, sync:0
03-13 15:51:15.672  2105  2922 I SurfaceFlinger: Capture layer list: 	 com.shell.sitibv.motorist.america/com.mobgen.fireblade.presentation.splash.SplashActivity$_10763#69323(seamlessTransition:0)
03-13 15:51:15.672  2105  2922 I SurfaceFlinger: Capture layer list: 	 StatusBar$_4205#132(seamlessTransition:0)
03-13 15:51:15.672  2105  2922 I SurfaceFlinger: Capture layer list: 	 com.sec.android.app.launcher/com.samsung.app.honeyspace.edge.edgepanel.app.CocktailBarService$_4832#69268(seamlessTransition:0)
03-13 15:51:15.672  2105  2922 I SurfaceFlinger: Capture layer list: 	 NavigationBar0$_4205#130(seamlessTransition:0)
03-13 15:51:15.673  2105  2342 D RenderEngine: [SEC_SF_EFFECTS] drawLayersInternal,1483, Rendering layer ScreenCaptureFillLayer at index 0
03-13 15:51:15.673  2105  2342 D RenderEngine: [SEC_SF_EFFECTS] drawLayersInternal,1483, Rendering layer com.shell.sitibv.motorist.america/com.mobgen.fireblade.presentation.splash.SplashActivity$_10763#69323 at index 1
03-13 15:51:15.673  2105  2342 D RenderEngine: [SEC_SF_EFFECTS] drawLayersInternal,1483, Rendering layer StatusBar$_4205#132 at index 2
03-13 15:51:15.673  2105  2342 D RenderEngine: [SEC_SF_EFFECTS] drawLayersInternal,1483, Rendering layer com.sec.android.app.launcher/com.samsung.app.honeyspace.edge.edgepanel.app.CocktailBarService$_4832#69268 at index 3
03-13 15:51:15.673  2105  2342 D RenderEngine: [SEC_SF_EFFECTS] drawLayersInternal,1483, Rendering layer NavigationBar0$_4205#130 at index 4
03-13 15:51:15.673  2105  2105 D TransactionCallbackInvoker: addCallbackHandle:com.shell.sitibv.motorist.america/com.mobgen.fireblade.presentation.splash.SplashActivity$_10763#69323 is not released yet
03-13 15:51:15.677 10614 11091 W qdgralloc: getInterlacedFlag: getMetaData returned 3, defaulting to interlaced_flag = 0
03-13 15:51:15.766  3003  4920 D WindowManager: captureDisplay
03-13 15:51:15.766  3003  4920 I SurfaceComposerClient: captureLayers:childrenOnly:1, sync:0
03-13 15:51:15.773  2105  2922 I SurfaceFlinger: Capture layer list: 	 com.shell.sitibv.motorist.america/com.mobgen.fireblade.presentation.splash.SplashActivity$_10763#69323(seamlessTransition:0)
03-13 15:51:15.773  2105  2922 I SurfaceFlinger: Capture layer list: 	 StatusBar$_4205#132(seamlessTransition:0)
03-13 15:51:15.773  2105  2922 I SurfaceFlinger: Capture layer list: 	 com.sec.android.app.launcher/com.samsung.app.honeyspace.edge.edgepanel.app.CocktailBarService$_4832#69268(seamlessTransition:0)
03-13 15:51:15.773  2105  2922 I SurfaceFlinger: Capture layer list: 	 NavigationBar0$_4205#130(seamlessTransition:0)
03-13 15:51:15.774  2105  2342 D RenderEngine: [SEC_SF_EFFECTS] drawLayersInternal,1483, Rendering layer ScreenCaptureFillLayer at index 0
03-13 15:51:15.774  2105  2342 D RenderEngine: [SEC_SF_EFFECTS] drawLayersInternal,1483, Rendering layer com.shell.sitibv.motorist.america/com.mobgen.fireblade.presentation.splash.SplashActivity$_10763#69323 at index 1
03-13 15:51:15.774  2105  2342 D RenderEngine: [SEC_SF_EFFECTS] drawLayersInternal,1483, Rendering layer StatusBar$_4205#132 at index 2
03-13 15:51:15.774  2105  2342 D RenderEngine: [SEC_SF_EFFECTS] drawLayersInternal,1483, Rendering layer com.sec.android.app.launcher/com.samsung.app.honeyspace.edge.edgepanel.app.CocktailBarService$_4832#69268 at index 3
03-13 15:51:15.774  2105  2342 D RenderEngine: [SEC_SF_EFFECTS] drawLayersInternal,1483, Rendering layer NavigationBar0$_4205#130 at index 4
03-13 15:51:15.779  2022 11445 I HYPER-HAL: [RequestManager.cpp]releaseLocked(): Released ID : 20547285
03-13 15:51:15.780  2022 11446 I HYPER-HAL: [RequestManager.cpp]releaseLocked(): Released ID : 20553697
03-13 15:51:15.780 10614 11091 W qdgralloc: getInterlacedFlag: getMetaData returned 3, defaulting to interlaced_flag = 0
03-13 15:51:15.816 16161 16161 D BoundBrokerSvc: onUnbind: Intent { act=com.google.android.gms.common.telemetry.service.START dat=chimera-action:/... xflg=0x4 cmp=com.google.android.gms/.chimera.PersistentApiService }
03-13 15:51:15.860 10614 10658 I appium  : AppiumResponse: {"sessionId":"a2935edf-070f-4aaa-af57-618c6c09f0a1","value":"iVBORw0KGgoAAAANSUhEUgAABDgAAApQCAYAAABYiJrlAAAAAXNSR0IArs4c6QAAAARzQklUCAgICHwIZIgAACAASURBVHic7N15kN4Hfd/x70qWLFm+ZXwbG2NzuJjWnqSEJHYK/JHSpuSggZTJQIfCtJPSAFNKmEIJR4EhMQTIeCbTGihJphnb4JhwZJhgGyxbsrB1W8i7ss7Vubq1h/Z8tn8IuzEY+dGx+3s+u6/XjGe…
03-13 15:51:15.866  3003  4966 D WindowManager: captureDisplay
03-13 15:51:15.866  3003  4966 I SurfaceComposerClient: captureLayers:childrenOnly:1, sync:0
03-13 15:51:15.868  2105  2922 I SurfaceFlinger: Capture layer list: 	 com.shell.sitibv.motorist.america/com.mobgen.fireblade.presentation.splash.SplashActivity$_10763#69323(seamlessTransition:0)
03-13 15:51:15.868  2105  2922 I SurfaceFlinger: Capture layer list: 	 StatusBar$_4205#132(seamlessTransition:0)
03-13 15:51:15.868  2105  2922 I SurfaceFlinger: Capture layer list: 	 com.sec.android.app.launcher/com.samsung.app.honeyspace.edge.edgepanel.app.CocktailBarService$_4832#69268(seamlessTransition:0)
03-13 15:51:15.868  2105  2922 I SurfaceFlinger: Capture layer list: 	 NavigationBar0$_4205#130(seamlessTransition:0)
03-13 15:51:15.869  2105  2342 D RenderEngine: [SEC_SF_EFFECTS] drawLayersInternal,1483, Rendering layer ScreenCaptureFillLayer at index 0
03-13 15:51:15.870  2105  2342 D RenderEngine: [SEC_SF_EFFECTS] drawLayersInternal,1483, Rendering layer com.shell.sitibv.motorist.america/com.mobgen.fireblade.presentation.splash.SplashActivity$_10763#69323 at index 1
03-13 15:51:15.870  2105  2342 D RenderEngine: [SEC_SF_EFFECTS] drawLayersInternal,1483, Rendering layer StatusBar$_4205#132 at index 2
03-13 15:51:15.870  2105  2342 D RenderEngine: [SEC_SF_EFFECTS] drawLayersInternal,1483, Rendering layer com.sec.android.app.launcher/com.samsung.app.honeyspace.edge.edgepanel.app.CocktailBarService$_4832#69268 at index 3
03-13 15:51:15.870  2105  2342 D RenderEngine: [SEC_SF_EFFECTS] drawLayersInternal,1483, Rendering layer NavigationBar0$_4205#130 at index 4
03-13 15:51:15.876 10614 11091 W qdgralloc: getInterlacedFlag: getMetaData returned 3, defaulting to interlaced_flag = 0
03-13 15:51:15.965  3003  4966 D WindowManager: captureDisplay
03-13 15:51:15.966  3003  4966 I SurfaceComposerClient: captureLayers:childrenOnly:1, sync:0
03-13 15:51:15.970  2105  2922 I SurfaceFlinger: Capture layer list: 	 com.shell.sitibv.motorist.america/com.mobgen.fireblade.presentation.splash.SplashActivity$_10763#69323(seamlessTransition:0)
03-13 15:51:15.970  2105  2922 I SurfaceFlinger: Capture layer list: 	 StatusBar$_4205#132(seamlessTransition:0)
03-13 15:51:15.970  2105  2922 I SurfaceFlinger: Capture layer list: 	 com.sec.android.app.launcher/com.samsung.app.honeyspace.edge.edgepanel.app.CocktailBarService$_4832#69268(seamlessTransition:0)
03-13 15:51:15.970  2105  2922 I SurfaceFlinger: Capture layer list: 	 NavigationBar0$_4205#130(seamlessTransition:0)
03-13 15:51:15.971  2105  2342 D RenderEngine: [SEC_SF_EFFECTS] drawLayersInternal,1483, Rendering layer ScreenCaptureFillLayer at index 0
03-13 15:51:15.972  2105  2342 D RenderEngine: [SEC_SF_EFFECTS] drawLayersInternal,1483, Rendering layer com.shell.sitibv.motorist.america/com.mobgen.fireblade.presentation.splash.SplashActivity$_10763#69323 at index 1
03-13 15:51:15.972  2105  2342 D RenderEngine: [SEC_SF_EFFECTS] drawLayersInternal,1483, Rendering layer StatusBar$_4205#132 at index 2
03-13 15:51:15.972  2105  2342 D RenderEngine: [SEC_SF_EFFECTS] drawLayersInternal,1483, Rendering layer com.sec.android.app.launcher/com.samsung.app.honeyspace.edge.edgepanel.app.CocktailBarService$_4832#69268 at index 3
03-13 15:51:15.972  2105  2342 D RenderEngine: [SEC_SF_EFFECTS] drawLayersInternal,1483, Rendering layer NavigationBar0$_4205#130 at index 4
03-13 15:51:15.977 10614 11091 W qdgralloc: getInterlacedFlag: getMetaData returned 3, defaulting to interlaced_flag = 0
03-13 15:51:16.002  3003  4086 D NetdEventListenerService: DNS Requested by 115, 10476(com.shell.sitibv.motorist.america), SUCCESS, 1ms
03-13 15:51:16.012  2059  2086 E BatteryDump: !@new_battery_dump : 4363,-120,475,550,100,341,286,411,284,0,368,388,284,Full,NO_CHARGING,Additional,Good,USB,1,Normal,0,0,11400,0x0,0x10000,0x0,0,0,0000,0000,00000000,4359,4332,0,-120,10,0,982,973,0,
03-13 15:51:16.015  2072  2072 I seh_thermal_service: getTemperaturesWithType SehTemperatureType: 3
03-13 15:51:16.016  2059  2059 I sehhealth-service: updateLrpSysfs: write: 367
03-13 15:51:16.037  3003  3643 D ActivityManager: Received SERVICE intent 0x16d9019 Key{startService pkg=com.google.android.gms/com.google.android.gms.auth_authzen__phone intent=act=com.google.android.gms.auth.authzen.cryptauth.DEVICE_STATE_CHECK_DELAY_COMPLETE cat=[targeted_intent_op_prefix:.auth.authzen.cryptauth.DeviceStateSyncManager$CheckStateEventIntentOperation] xflg=0x4 cmp=com.google.android.gms/.chimera.GmsIntentOperationService flags=0x2000000 u=0} requestCode=0 from uid 1000
03-13 15:51:16.048 27562 10552 I Authzen : [DeviceStateSyncManager] The server is in sync with current state. Nothing to do
03-13 15:51:16.066  3003  4966 D WindowManager: captureDisplay
03-13 15:51:16.066  3003  4966 I SurfaceComposerClient: captureLayers:childrenOnly:1, sync:0
03-13 15:51:16.071  2105  2922 I SurfaceFlinger: Capture layer list: 	 com.shell.sitibv.motorist.america/com.mobgen.fireblade.presentation.splash.SplashActivity$_10763#69323(seamlessTransition:0)
03-13 15:51:16.071  2105  2922 I SurfaceFlinger: Capture layer list: 	 StatusBar$_4205#132(seamlessTransition:0)
03-13 15:51:16.071  2105  2922 I SurfaceFlinger: Capture layer list: 	 com.sec.android.app.launcher/com.samsung.app.honeyspace.edge.edgepanel.app.CocktailBarService$_4832#69268(seamlessTransition:0)
03-13 15:51:16.071  2105  2922 I SurfaceFlinger: Capture layer list: 	 NavigationBar0$_4205#130(seamlessTransition:0)
03-13 15:51:16.072  2105  2342 D RenderEngine: [SEC_SF_EFFECTS] drawLayersInternal,1483, Rendering layer ScreenCaptureFillLayer at index 0
03-13 15:51:16.073  2105  2342 D RenderEngine: [SEC_SF_EFFECTS] drawLayersInternal,1483, Rendering layer com.shell.sitibv.motorist.america/com.mobgen.fireblade.presentation.splash.SplashActivity$_10763#69323 at index 1
03-13 15:51:16.073  2105  2342 D RenderEngine: [SEC_SF_EFFECTS] drawLayersInternal,1483, Rendering layer StatusBar$_4205#132 at index 2
03-13 15:51:16.073  2105  2342 D RenderEngine: [SEC_SF_EFFECTS] drawLayersInternal,1483, Rendering layer com.sec.android.app.launcher/com.samsung.app.honeyspace.edge.edgepanel.app.CocktailBarService$_4832#69268 at index 3
03-13 15:51:16.074  2105  2342 D RenderEngine: [SEC_SF_EFFECTS] drawLayersInternal,1483, Rendering layer NavigationBar0$_4205#130 at index 4
03-13 15:51:16.079 10614 11091 W qdgralloc: getInterlacedFlag: getMetaData returned 3, defaulting to interlaced_flag = 0
03-13 15:51:16.166  3003  4966 D WindowManager: captureDisplay
03-13 15:51:16.167  3003  4966 I SurfaceComposerClient: captureLayers:childrenOnly:1, sync:0
03-13 15:51:16.171  2105  2922 I SurfaceFlinger: Capture layer list: 	 com.shell.sitibv.motorist.america/com.mobgen.fireblade.presentation.splash.SplashActivity$_10763#69323(seamlessTransition:0)
03-13 15:51:16.171  2105  2922 I SurfaceFlinger: Capture layer list: 	 StatusBar$_4205#132(seamlessTransition:0)
03-13 15:51:16.171  2105  2922 I SurfaceFlinger: Capture layer list: 	 com.sec.android.app.launcher/com.samsung.app.honeyspace.edge.edgepanel.app.CocktailBarService$_4832#69268(seamlessTransition:0)
03-13 15:51:16.171  2105  2922 I SurfaceFlinger: Capture layer list: 	 NavigationBar0$_4205#130(seamlessTransition:0)
03-13 15:51:16.171  2105  2342 D RenderEngine: [SEC_SF_EFFECTS] drawLayersInternal,1483, Rendering layer ScreenCaptureFillLayer at index 0
03-13 15:51:16.172  2105  2342 D RenderEngine: [SEC_SF_EFFECTS] drawLayersInternal,1483, Rendering layer com.shell.sitibv.motorist.america/com.mobgen.fireblade.presentation.splash.SplashActivity$_10763#69323 at index 1
03-13 15:51:16.172  2105  2342 D RenderEngine: [SEC_SF_EFFECTS] drawLayersInternal,1483, Rendering layer StatusBar$_4205#132 at index 2
03-13 15:51:16.172  2105  2342 D RenderEngine: [SEC_SF_EFFECTS] drawLayersInternal,1483, Rendering layer com.sec.android.app.launcher/com.samsung.app.honeyspace.edge.edgepanel.app.CocktailBarService$_4832#69268 at index 3
03-13 15:51:16.172  2105  2342 D RenderEngine: [SEC_SF_EFFECTS] drawLayersInternal,1483, Rendering layer NavigationBar0$_4205#130 at index 4
03-13 15:51:16.177 10614 11091 W qdgralloc: getInterlacedFlag: getMetaData returned 3, defaulting to interlaced_flag = 0
03-13 15:51:16.198  2097  2125 E HeatmapThread: ECT Thread time in milliseconds: 1773431476
03-13 15:51:16.202  2097  2125 D HeatmapThread: !@ batteryplugType : 2
03-13 15:51:16.202  2097  2125 D HeatmapThread: !@ batteryLevel : 100  batteryTemperature : 341 
03-13 15:51:16.202  2097  2125 D HeatmapThread: !@ Heatmap currtime: 29557191
03-13 15:51:16.202  2097  2125 D HeatmapThread: !@ Heatmap prevtime: 29557162
03-13 15:51:16.202  2097  2125 D HeatmapThread: !@ Heatmap plugstarttime: 29556997
03-13 15:51:16.202  2097  2125 D HeatmapThread: !@ Heatmap prevv_dsoh_update_time: 29557175
03-13 15:51:16.202  2097  2125 E HeatmapThread: !@ CAM New BSOH: 100
03-13 15:51:16.202  2097  2125 E HeatmapThread: !@ CAM is Working
03-13 15:51:16.251  3003  4966 I BatteryService_BatteryPropertiesRegistrar: [getProperty]id:4
03-13 15:51:16.253  3003  4966 I BatteryService_BatteryPropertiesRegistrar: [getProperty]prop.long:-9223372036854775808 ,prop.string:null
03-13 15:51:16.266  3003  4966 D WindowManager: captureDisplay
03-13 15:51:16.266  3003  4966 I SurfaceComposerClient: captureLayers:childrenOnly:1, sync:0
03-13 15:51:16.270  2105  2922 I SurfaceFlinger: Capture layer list: 	 com.shell.sitibv.motorist.america/com.mobgen.fireblade.presentation.splash.SplashActivity$_10763#69323(seamlessTransition:0)
03-13 15:51:16.270  2105  2922 I SurfaceFlinger: Capture layer list: 	 StatusBar$_4205#132(seamlessTransition:0)
03-13 15:51:16.270  2105  2922 I SurfaceFlinger: Capture layer list: 	 com.sec.android.app.launcher/com.samsung.app.honeyspace.edge.edgepanel.app.CocktailBarService$_4832#69268(seamlessTransition:0)
03-13 15:51:16.270  2105  2922 I SurfaceFlinger: Capture layer list: 	 NavigationBar0$_4205#130(seamlessTransition:0)
03-13 15:51:16.271  2105  2342 D RenderEngine: [SEC_SF_EFFECTS] drawLayersInternal,1483, Rendering layer ScreenCaptureFillLayer at index 0
03-13 15:51:16.271  2105  2342 D RenderEngine: [SEC_SF_EFFECTS] drawLayersInternal,1483, Rendering layer com.shell.sitibv.motorist.america/com.mobgen.fireblade.presentation.splash.SplashActivity$_10763#69323 at index 1
03-13 15:51:16.271  2105  2342 D RenderEngine: [SEC_SF_EFFECTS] drawLayersInternal,1483, Rendering layer StatusBar$_4205#132 at index 2
03-13 15:51:16.272  2105  2342 D RenderEngine: [SEC_SF_EFFECTS] drawLayersInternal,1483, Rendering layer com.sec.android.app.launcher/com.samsung.app.honeyspace.edge.edgepanel.app.CocktailBarService$_4832#69268 at index 3
03-13 15:51:16.272  2105  2342 D RenderEngine: [SEC_SF_EFFECTS] drawLayersInternal,1483, Rendering layer NavigationBar0$_4205#130 at index 4
03-13 15:51:16.276 10614 11091 W qdgralloc: getInterlacedFlag: getMetaData returned 3, defaulting to interlaced_flag = 0
03-13 15:51:16.366  3003  4966 D WindowManager: captureDisplay
03-13 15:51:16.367  3003  4966 I SurfaceComposerClient: captureLayers:childrenOnly:1, sync:0
03-13 15:51:16.372  2105  2922 I SurfaceFlinger: Capture layer list: 	 com.shell.sitibv.motorist.america/com.mobgen.fireblade.presentation.splash.SplashActivity$_10763#69323(seamlessTransition:0)
03-13 15:51:16.372  2105  2922 I SurfaceFlinger: Capture layer list: 	 StatusBar$_4205#132(seamlessTransition:0)
03-13 15:51:16.372  2105  2922 I SurfaceFlinger: Capture layer list: 	 com.sec.android.app.launcher/com.samsung.app.honeyspace.edge.edgepanel.app.CocktailBarService$_4832#69268(seamlessTransition:0)
03-13 15:51:16.372  2105  2922 I SurfaceFlinger: Capture layer list: 	 NavigationBar0$_4205#130(seamlessTransition:0)
03-13 15:51:16.374  2105  2342 D RenderEngine: [SEC_SF_EFFECTS] drawLayersInternal,1483, Rendering layer ScreenCaptureFillLayer at index 0
03-13 15:51:16.374  2105  2342 D RenderEngine: [SEC_SF_EFFECTS] drawLayersInternal,1483, Rendering layer com.shell.sitibv.motorist.america/com.mobgen.fireblade.presentation.splash.SplashActivity$_10763#69323 at index 1
03-13 15:51:16.374  2105  2342 D RenderEngine: [SEC_SF_EFFECTS] drawLayersInternal,1483, Rendering layer StatusBar$_4205#132 at index 2
03-13 15:51:16.374  2105  2342 D RenderEngine: [SEC_SF_EFFECTS] drawLayersInternal,1483, Rendering layer com.sec.android.app.launcher/com.samsung.app.honeyspace.edge.edgepanel.app.CocktailBarService$_4832#69268 at index 3
03-13 15:51:16.374  2105  2342 D RenderEngine: [SEC_SF_EFFECTS] drawLayersInternal,1483, Rendering layer NavigationBar0$_4205#130 at index 4
03-13 15:51:16.379 10614 11091 W qdgralloc: getInterlacedFlag: getMetaData returned 3, defaulting to interlaced_flag = 0
03-13 15:51:16.427  3003  4966 I ActivityManager: Changes in 10405 6 to 10, 128 to 0
03-13 15:51:16.431  3003  4966 I ActivityManager: Changes in 10405 10 to 6, 0 to 128
03-13 15:51:16.434  3003  4002 D BackgroundInstallControlService: Package event received: 0
03-13 15:51:16.434  3003  4002 D BackgroundInstallControlService: Package event received: 0
03-13 15:51:16.434  3003  4002 D BackgroundInstallControlService: Package event received: 0
03-13 15:51:16.434  3003  4002 D BackgroundInstallControlService: Package event received: 0
03-13 15:51:16.436  2022 11455 I HYPER-HAL: [RequestManager.cpp]releaseLocked(): Released ID : 4823065
03-13 15:51:16.445  2007 11462 I sensors-hal: handle_sns_client_event:341, [99] mag_sample_cal(magcal_available:1): ts=258677005547822 ns; cal = [-90.655518, 36.401489, -25.192261], uncal = [-364.735504, 165.641479, -355.372253], bias = [-274.079987, 129.239990, -330.179993], status=3
03-13 15:51:16.457  2007 11458 I sensors-hal: handle_sns_client_event:422, [0][90] gyro_sample_cal(cal_available:1)(3) [-0.001,-0.001,-0.001] bias[-0.003,-0.005, 0.003] 258677009303499
03-13 15:51:16.467  3003  4966 D WindowManager: captureDisplay
03-13 15:51:16.467  3003  4966 I SurfaceComposerClient: captureLayers:childrenOnly:1, sync:0
03-13 15:51:16.473  2105  2922 I SurfaceFlinger: Capture layer list: 	 com.shell.sitibv.motorist.america/com.mobgen.fireblade.presentation.splash.SplashActivity$_10763#69323(seamlessTransition:0)
03-13 15:51:16.473  2105  2922 I SurfaceFlinger: Capture layer list: 	 StatusBar$_4205#132(seamlessTransition:0)
03-13 15:51:16.473  2105  2922 I SurfaceFlinger: Capture layer list: 	 com.sec.android.app.launcher/com.samsung.app.honeyspace.edge.edgepanel.app.CocktailBarService$_4832#69268(seamlessTransition:0)
03-13 15:51:16.473  2105  2922 I SurfaceFlinger: Capture layer list: 	 NavigationBar0$_4205#130(seamlessTransition:0)
03-13 15:51:16.474  2105  2342 D RenderEngine: [SEC_SF_EFFECTS] drawLayersInternal,1483, Rendering layer ScreenCaptureFillLayer at index 0
03-13 15:51:16.474  2105  2342 D RenderEngine: [SEC_SF_EFFECTS] drawLayersInternal,1483, Rendering layer com.shell.sitibv.motorist.america/com.mobgen.fireblade.presentation.splash.SplashActivity$_10763#69323 at index 1
03-13 15:51:16.475  2105  2342 D RenderEngine: [SEC_SF_EFFECTS] drawLayersInternal,1483, Rendering layer StatusBar$_4205#132 at index 2
03-13 15:51:16.475  2105  2342 D RenderEngine: [SEC_SF_EFFECTS] drawLayersInternal,1483, Rendering layer com.sec.android.app.launcher/com.samsung.app.honeyspace.edge.edgepanel.app.CocktailBarService$_4832#69268 at index 3
03-13 15:51:16.475  2105  2342 D RenderEngine: [SEC_SF_EFFECTS] drawLayersInternal,1483, Rendering layer NavigationBar0$_4205#130 at index 4
03-13 15:51:16.482 10614 11091 W qdgralloc: getInterlacedFlag: getMetaData returned 3, defaulting to interlaced_flag = 0
03-13 15:51:16.520  3003  7743 D SemWifiUsabilityStatsMonitor: onWifiUsabilityStats - seqNum 20591, isSameBssidAndFreq true
03-13 15:51:16.520  3003  4029 I SemWifiLinkQualityMonitor: Link stat: 811 / 10 / 1.00 (25) / 286 / -56.0 || 100.0 : 286.00 / 0.5 : 1.00 / 0.55 : 0.01 / G (G) || 1cf112895765: 0.101 / 79.309 / N || N N / 0 0 / Y 2.0 / Y X 0 / 78065516 0 || Invalid
03-13 15:51:16.523  3003  4030 D InsDataManager: onOutageCountUpdate() - Outage Data: 0, LQ : Y. Outage Triggered: false
03-13 15:51:16.523  3003  4030 D InsDataManager: Trying to save initial normal data.
03-13 15:51:16.524  3003  4030 D SensorCollector: syncMappedBuffers: 0, 0, 99
03-13 15:51:16.524  3003  4030 D InsDataManager: trimBuffers start.
03-13 15:51:16.524  3003  4030 D InsDataManager: trimBuffers - nsmBuffer size: 22
03-13 15:51:16.524  3003  4030 D InsDataManager: Too short for collecting additional normal data
03-13 15:51:16.524  3003  4030 D SemInsManager: {"bssid": "1cf112895765","rssi": -56.0,"latency": 0.10087090437652235,"outage_count": 0,"lq_callback_triggered": true,"outage_log": "Link stat: 811 / 10 / 1.00 (25) / 286 / -56.0 || 100.0 : 286.00 / 0.5 : 1.00 / 0.55 : 0.01 / G (G) || 1cf112895765: 0.101 / 79.309 / N || N N / 0 0 / Y 2.0 / Y X 0 / 78065516 0 || Invalid""Magnetic Sensor Events size": "0""Pressure Sensor Events size": "0"}
03-13 15:51:16.525  3003  4047 D SGM:GameManager: identifyGamePackage. com.shell.sitibv.motorist.america, mCurrentUserId: 0, callingMethodInfo: com.samsung.android.game.SemGameManager.isGamePackage(SemGameManager.java:106)
03-13 15:51:16.525  3003  4047 D SGM:SemGameManager: isGamePackage(), pkgName=com.shell.sitibv.motorist.america, ret=false
03-13 15:51:16.542  2022  2124 I HYPER-HAL: [RequestManager.cpp]acquire(): Acquired ID : 330950102  [2025 / 23701]    HINT :      list : [TID_LOW_LATENCY / 0] [TID / 4392] [TID / 4393] [TID / 4345] [TID / 4394] 
03-13 15:51:16.543  2022  2124 I HYPER-HAL: [RequestManager.cpp]acquire(): Acquired ID : 330975830  [2025 / 23702]    HINT :      list : [UCLAMP_MIN_BOOST / 0] [TID / 4392] [TID / 4393] [TID / 4345] [TID / 4394] 
03-13 15:51:16.543  2022  2124 I HYPER-HAL: [RequestManager.cpp]releaseLocked(): Released ID : 330950102
03-13 15:51:16.544  2022  2124 I HYPER-HAL: [RequestManager.cpp]releaseLocked(): Released ID : 330975830
03-13 15:51:16.566  3003  6692 D WindowManager: captureDisplay
03-13 15:51:16.567  3003  6692 I SurfaceComposerClient: captureLayers:childrenOnly:1, sync:0
03-13 15:51:16.574  2105  2922 I SurfaceFlinger: Capture layer list: 	 com.shell.sitibv.motorist.america/com.mobgen.fireblade.presentation.splash.SplashActivity$_10763#69323(seamlessTransition:0)
03-13 15:51:16.574  2105  2922 I SurfaceFlinger: Capture layer list: 	 StatusBar$_4205#132(seamlessTransition:0)
03-13 15:51:16.574  2105  2922 I SurfaceFlinger: Capture layer list: 	 com.sec.android.app.launcher/com.samsung.app.honeyspace.edge.edgepanel.app.CocktailBarService$_4832#69268(seamlessTransition:0)
03-13 15:51:16.574  2105  2922 I SurfaceFlinger: Capture layer list: 	 NavigationBar0$_4205#130(seamlessTransition:0)
03-13 15:51:16.575  2105  2342 D RenderEngine: [SEC_SF_EFFECTS] drawLayersInternal,1483, Rendering layer ScreenCaptureFillLayer at index 0
03-13 15:51:16.575  2105  2342 D RenderEngine: [SEC_SF_EFFECTS] drawLayersInternal,1483, Rendering layer com.shell.sitibv.motorist.america/com.mobgen.fireblade.presentation.splash.SplashActivity$_10763#69323 at index 1
03-13 15:51:16.575  2105  2342 D RenderEngine: [SEC_SF_EFFECTS] drawLayersInternal,1483, Rendering layer StatusBar$_4205#132 at index 2
03-13 15:51:16.575  2105  2342 D RenderEngine: [SEC_SF_EFFECTS] drawLayersInternal,1483, Rendering layer com.sec.android.app.launcher/com.samsung.app.honeyspace.edge.edgepanel.app.CocktailBarService$_4832#69268 at index 3
03-13 15:51:16.575  2105  2342 D RenderEngine: [SEC_SF_EFFECTS] drawLayersInternal,1483, Rendering layer NavigationBar0$_4205#130 at index 4
03-13 15:51:16.580 10614 11091 W qdgralloc: getInterlacedFlag: getMetaData returned 3, defaulting to interlaced_flag = 0
03-13 15:51:16.667  3003  6692 D WindowManager: captureDisplay
03-13 15:51:16.668  3003  6692 I SurfaceComposerClient: captureLayers:childrenOnly:1, sync:0
03-13 15:51:16.673  2105  2922 I SurfaceFlinger: Capture layer list: 	 com.shell.sitibv.motorist.america/com.mobgen.fireblade.presentation.splash.SplashActivity$_10763#69323(seamlessTransition:0)
03-13 15:51:16.673  2105  2922 I SurfaceFlinger: Capture layer list: 	 StatusBar$_4205#132(seamlessTransition:0)
03-13 15:51:16.673  2105  2922 I SurfaceFlinger: Capture layer list: 	 com.sec.android.app.launcher/com.samsung.app.honeyspace.edge.edgepanel.app.CocktailBarService$_4832#69268(seamlessTransition:0)
03-13 15:51:16.673  2105  2922 I SurfaceFlinger: Capture layer list: 	 NavigationBar0$_4205#130(seamlessTransition:0)
03-13 15:51:16.674  2105  2342 D RenderEngine: [SEC_SF_EFFECTS] drawLayersInternal,1483, Rendering layer ScreenCaptureFillLayer at index 0
03-13 15:51:16.674  2105  2342 D RenderEngine: [SEC_SF_EFFECTS] drawLayersInternal,1483, Rendering layer com.shell.sitibv.motorist.america/com.mobgen.fireblade.presentation.splash.SplashActivity$_10763#69323 at index 1
03-13 15:51:16.674  2105  2342 D RenderEngine: [SEC_SF_EFFECTS] drawLayersInternal,1483, Rendering layer StatusBar$_4205#132 at index 2
03-13 15:51:16.674  2105  2342 D RenderEngine: [SEC_SF_EFFECTS] drawLayersInternal,1483, Rendering layer com.sec.android.app.launcher/com.samsung.app.honeyspace.edge.edgepanel.app.CocktailBarService$_4832#69268 at index 3
03-13 15:51:16.675  2105  2342 D RenderEngine: [SEC_SF_EFFECTS] drawLayersInternal,1483, Rendering layer NavigationBar0$_4205#130 at index 4
03-13 15:51:16.680 10614 11091 W qdgralloc: getInterlacedFlag: getMetaData returned 3, defaulting to interlaced_flag = 0
03-13 15:51:16.682  7076  7076 I GWT:SessionWorker: [daemonapp] Clear appWidget-2-worker resource
03-13 15:51:16.684  7076  7076 I GWT:SessionWorker: [daemonapp] SessionWorker appWidget-2 end
03-13 15:51:16.684  7076  7076 I GWT:SessionWorker: [daemonapp] closeSession appWidget-2
03-13 15:51:16.684  7076  7076 I GWT:GlanceSession: [daemonapp] close: this=AppWidgetSession{d62985e id=2 widget=com.sec.android.daemonapp.home.HomeAppWidget }
03-13 15:51:16.688  7076  8015 I WM-WorkerWrapper: Worker result SUCCESS for Work [ id=61ec879b-ab45-41ec-92d9-56307dff7645, tags={ androidx.glance.session.SessionWorker,com.sec.android.daemonapp,appWidget-2 } ]
03-13 15:51:16.707  3003  4966 I BatteryService_BatteryPropertiesRegistrar: [getProperty]id:4
03-13 15:51:16.707  3003  4966 I BatteryService_BatteryPropertiesRegistrar: [getProperty]prop.long:-9223372036854775808 ,prop.string:null
03-13 15:51:16.726  7076  7076 I GWT:SessionWorker: [daemonapp] Clear appWidget-4-worker resource
03-13 15:51:16.727  7076  7076 I GWT:SessionWorker: [daemonapp] SessionWorker appWidget-4 end
03-13 15:51:16.727  7076  7076 I GWT:SessionWorker: [daemonapp] closeSession appWidget-4
03-13 15:51:16.727  7076  7076 I GWT:GlanceSession: [daemonapp] close: this=AppWidgetSession{b84ea55 id=4 widget=com.sec.android.daemonapp.home.HomeAppWidget }
03-13 15:51:16.729  7076  8501 I WM-WorkerWrapper: Worker result SUCCESS for Work [ id=071423f3-1265-4d0a-a723-a8e1a4950a6b, tags={ androidx.glance.session.SessionWorker,com.sec.android.daemonapp,appWidget-4 } ]
03-13 15:51:16.733  3003  4966 I ActivityManager: Changes in 10222 8 to 10, 128 to 0
03-13 15:51:16.766  3003  4931 D WindowManager: captureDisplay
03-13 15:51:16.767  3003  4931 I SurfaceComposerClient: captureLayers:childrenOnly:1, sync:0
03-13 15:51:16.771  2105  2922 I SurfaceFlinger: Capture layer list: 	 com.shell.sitibv.motorist.america/com.mobgen.fireblade.presentation.splash.SplashActivity$_10763#69323(seamlessTransition:0)
03-13 15:51:16.772  2105  2922 I SurfaceFlinger: Capture layer list: 	 StatusBar$_4205#132(seamlessTransition:0)
03-13 15:51:16.772  2105  2922 I SurfaceFlinger: Capture layer list: 	 com.sec.android.app.launcher/com.samsung.app.honeyspace.edge.edgepanel.app.CocktailBarService$_4832#69268(seamlessTransition:0)
03-13 15:51:16.772  2105  2922 I SurfaceFlinger: Capture layer list: 	 NavigationBar0$_4205#130(seamlessTransition:0)
03-13 15:51:16.772  2105  2342 D RenderEngine: [SEC_SF_EFFECTS] drawLayersInternal,1483, Rendering layer ScreenCaptureFillLayer at index 0
03-13 15:51:16.772  2105  2342 D RenderEngine: [SEC_SF_EFFECTS] drawLayersInternal,1483, Rendering layer com.shell.sitibv.motorist.america/com.mobgen.fireblade.presentation.splash.SplashActivity$_10763#69323 at index 1
03-13 15:51:16.773  2105  2342 D RenderEngine: [SEC_SF_EFFECTS] drawLayersInternal,1483, Rendering layer StatusBar$_4205#132 at index 2
03-13 15:51:16.773  2105  2342 D RenderEngine: [SEC_SF_EFFECTS] drawLayersInternal,1483, Rendering layer com.sec.android.app.launcher/com.samsung.app.honeyspace.edge.edgepanel.app.CocktailBarService$_4832#69268 at index 3
03-13 15:51:16.773  2105  2342 D RenderEngine: [SEC_SF_EFFECTS] drawLayersInternal,1483, Rendering layer NavigationBar0$_4205#130 at index 4
03-13 15:51:16.778 10614 11091 W qdgralloc: getInterlacedFlag: getMetaData returned 3, defaulting to interlaced_flag = 0
03-13 15:51:16.848  2053  2901 D BufferPoolAccessor2.0: evictor expired: 1, evicted: 0
03-13 15:51:16.866  3003  4966 D WindowManager: captureDisplay
03-13 15:51:16.866  3003  4966 I SurfaceComposerClient: captureLayers:childrenOnly:1, sync:0
03-13 15:51:16.872  2105  2922 I SurfaceFlinger: Capture layer list: 	 com.shell.sitibv.motorist.america/com.mobgen.fireblade.presentation.splash.SplashActivity$_10763#69323(seamlessTransition:0)
03-13 15:51:16.872  2105  2922 I SurfaceFlinger: Capture layer list: 	 StatusBar$_4205#132(seamlessTransition:0)
03-13 15:51:16.872  2105  2922 I SurfaceFlinger: Capture layer list: 	 com.sec.android.app.launcher/com.samsung.app.honeyspace.edge.edgepanel.app.CocktailBarService$_4832#69268(seamlessTransition:0)
03-13 15:51:16.872  2105  2922 I SurfaceFlinger: Capture layer list: 	 NavigationBar0$_4205#130(seamlessTransition:0)
03-13 15:51:16.874  2105  2342 D RenderEngine: [SEC_SF_EFFECTS] drawLayersInternal,1483, Rendering layer ScreenCaptureFillLayer at index 0
03-13 15:51:16.874  2105  2342 D RenderEngine: [SEC_SF_EFFECTS] drawLayersInternal,1483, Rendering layer com.shell.sitibv.motorist.america/com.mobgen.fireblade.presentation.splash.SplashActivity$_10763#69323 at index 1
03-13 15:51:16.874  2105  2342 D RenderEngine: [SEC_SF_EFFECTS] drawLayersInternal,1483, Rendering layer StatusBar$_4205#132 at index 2
03-13 15:51:16.875  2105  2342 D RenderEngine: [SEC_SF_EFFECTS] drawLayersInternal,1483, Rendering layer com.sec.android.app.launcher/com.samsung.app.honeyspace.edge.edgepanel.app.CocktailBarService$_4832#69268 at index 3
03-13 15:51:16.875  2105  2342 D RenderEngine: [SEC_SF_EFFECTS] drawLayersInternal,1483, Rendering layer NavigationBar0$_4205#130 at index 4
03-13 15:51:16.882 10614 11091 W qdgralloc: getInterlacedFlag: getMetaData returned 3, defaulting to interlaced_flag = 0
03-13 15:51:16.896  2895  2895 I CMHApplication: [#CMH#] Block to verify, Change Trim Memory Level: 40 
03-13 15:51:16.899  2022  2124 I HYPER-HAL: [RequestManager.cpp]acquire(): Acquired ID : 330898649  [2025 / 23699]    HINT :      list : [TID_LOW_LATENCY / 0] [TID / 11054] [TID / 11055] [TID / 10763] [TID / 11021] 
03-13 15:51:16.900  2022  2124 I HYPER-HAL: [RequestManager.cpp]acquire(): Acquired ID : 330924375  [2025 / 23700]    HINT :      list : [UCLAMP_MIN_BOOST / 0] [TID / 11054] [TID / 11055] [TID / 10763] [TID / 11021] 
03-13 15:51:16.900  2022  2124 I HYPER-HAL: [RequestManager.cpp]releaseLocked(): Released ID : 330898649
03-13 15:51:16.900  2022  2124 I HYPER-HAL: [RequestManager.cpp]releaseLocked(): Released ID : 330924375
03-13 15:51:16.966  3003  6692 D WindowManager: captureDisplay
03-13 15:51:16.967  3003  6692 I SurfaceComposerClient: captureLayers:childrenOnly:1, sync:0
03-13 15:51:16.975  2105  2922 I SurfaceFlinger: Capture layer list: 	 com.shell.sitibv.motorist.america/com.mobgen.fireblade.presentation.splash.SplashActivity$_10763#69323(seamlessTransition:0)
03-13 15:51:16.975  2105  2922 I SurfaceFlinger: Capture layer list: 	 StatusBar$_4205#132(seamlessTransition:0)
03-13 15:51:16.975  2105  2922 I SurfaceFlinger: Capture layer list: 	 com.sec.android.app.launcher/com.samsung.app.honeyspace.edge.edgepanel.app.CocktailBarService$_4832#69268(seamlessTransition:0)
03-13 15:51:16.975  2105  2922 I SurfaceFlinger: Capture layer list: 	 NavigationBar0$_4205#130(seamlessTransition:0)
03-13 15:51:16.977  2105  2342 D RenderEngine: [SEC_SF_EFFECTS] drawLayersInternal,1483, Rendering layer ScreenCaptureFillLayer at index 0
03-13 15:51:16.977  2105  2342 D RenderEngine: [SEC_SF_EFFECTS] drawLayersInternal,1483, Rendering layer com.shell.sitibv.motorist.america/com.mobgen.fireblade.presentation.splash.SplashActivity$_10763#69323 at index 1
03-13 15:51:16.978  2105  2342 D RenderEngine: [SEC_SF_EFFECTS] drawLayersInternal,1483, Rendering layer StatusBar$_4205#132 at index 2
03-13 15:51:16.978  2105  2342 D RenderEngine: [SEC_SF_EFFECTS] drawLayersInternal,1483, Rendering layer com.sec.android.app.launcher/com.samsung.app.honeyspace.edge.edgepanel.app.CocktailBarService$_4832#69268 at index 3
03-13 15:51:16.978  2105  2342 D RenderEngine: [SEC_SF_EFFECTS] drawLayersInternal,1483, Rendering layer NavigationBar0$_4205#130 at index 4
03-13 15:51:16.984 10614 11091 W qdgralloc: getInterlacedFlag: getMetaData returned 3, defaulting to interlaced_flag = 0
03-13 15:51:17.066  3003  4931 D WindowManager: captureDisplay
03-13 15:51:17.066  3003  4931 I SurfaceComposerClient: captureLayers:childrenOnly:1, sync:0
03-13 15:51:17.072  2105  2922 I SurfaceFlinger: Capture layer list: 	 com.shell.sitibv.motorist.america/com.mobgen.fireblade.presentation.splash.SplashActivity$_10763#69323(seamlessTransition:0)
03-13 15:51:17.072  2105  2922 I SurfaceFlinger: Capture layer list: 	 StatusBar$_4205#132(seamlessTransition:0)
03-13 15:51:17.072  2105  2922 I SurfaceFlinger: Capture layer list: 	 com.sec.android.app.launcher/com.samsung.app.honeyspace.edge.edgepanel.app.CocktailBarService$_4832#69268(seamlessTransition:0)
03-13 15:51:17.072  2105  2922 I SurfaceFlinger: Capture layer list: 	 NavigationBar0$_4205#130(seamlessTransition:0)
03-13 15:51:17.073  2105  2342 D RenderEngine: [SEC_SF_EFFECTS] drawLayersInternal,1483, Rendering layer ScreenCaptureFillLayer at index 0
03-13 15:51:17.073  2105  2342 D RenderEngine: [SEC_SF_EFFECTS] drawLayersInternal,1483, Rendering layer com.shell.sitibv.motorist.america/com.mobgen.fireblade.presentation.splash.SplashActivity$_10763#69323 at index 1
03-13 15:51:17.073  2105  2342 D RenderEngine: [SEC_SF_EFFECTS] drawLayersInternal,1483, Rendering layer StatusBar$_4205#132 at index 2
03-13 15:51:17.073  2105  2342 D RenderEngine: [SEC_SF_EFFECTS] drawLayersInternal,1483, Rendering layer com.sec.android.app.launcher/com.samsung.app.honeyspace.edge.edgepanel.app.CocktailBarService$_4832#69268 at index 3
03-13 15:51:17.073  2105  2342 D RenderEngine: [SEC_SF_EFFECTS] drawLayersInternal,1483, Rendering layer NavigationBar0$_4205#130 at index 4
03-13 15:51:17.079 10614 11091 W qdgralloc: getInterlacedFlag: getMetaData returned 3, defaulting to interlaced_flag = 0
03-13 15:51:17.167  3003  4931 D WindowManager: captureDisplay
03-13 15:51:17.168  3003  4931 I SurfaceComposerClient: captureLayers:childrenOnly:1, sync:0
