03-09 21:28:38.436  3163  7451 W PackageManager: Missing required system package: com.wealthfront, but found with extended search.
03-09 21:28:38.436  3163  7451 W PackageManager: Missing required system package: com.waze, but found with extended search.
03-09 21:28:38.436  3163  7451 W PackageManager: Missing required system package: com.wayfair.wayfair, but found with extended search.
03-09 21:28:38.436  3163  7451 W PackageManager: Missing required system package: com.wallpaper.edge.aura, but found with extended search.
03-09 21:28:38.436  3163  7451 W PackageManager: Missing required system package: com.venmo, but found with extended search.
03-09 21:28:38.436  3163  7451 W PackageManager: Missing required system package: com.usatoday.android.news, but found with extended search.
03-09 21:28:38.436  3163  7451 W PackageManager: Missing required system package: com.ulta, but found with extended search.
03-09 21:28:38.436  3163  7451 W PackageManager: Missing required system package: com.twitter.android, but found with extended search.
03-09 21:28:38.436  3163  7451 W PackageManager: Missing required system package: com.truefinance, but found with extended search.
03-09 21:28:38.436  3163  7451 W PackageManager: Missing required system package: com.truebill, but found with extended search.
03-09 21:28:38.436  3163  7451 W PackageManager: Missing required system package: com.trivago, but found with extended search.
03-09 21:28:38.437  3163  7451 W PackageManager: Missing required system package: com.tripadvisor.tripadvisor, but found with extended search.
03-09 21:28:38.437  3163  7451 W PackageManager: Missing required system package: com.tranzmate, but found with extended search.
03-09 21:28:38.437  3163  7451 W PackageManager: Missing required system package: com.tradestation.MobileTrading, but found with extended search.
03-09 21:28:38.437  3163  7451 W PackageManager: Missing required system package: com.tiktok.lite.go, but found with extended search.
03-09 21:28:38.437  3163  7451 W PackageManager: Missing required system package: com.thredup.android, but found with extended search.
03-09 21:28:38.437  3163  7451 W PackageManager: Missing required system package: com.thirdframestudios.android.expensoor, but found with extended search.
03-09 21:28:38.437  3163  7451 W PackageManager: Missing required system package: com.teulys.metropolis, but found with extended search.
03-09 21:28:38.437  3163  7451 W PackageManager: Missing required system package: com.tdbank, but found with extended search.
03-09 21:28:38.437  3163  7451 W PackageManager: Missing required system package: com.tacobell.ordering, but found with extended search.
03-09 21:28:38.437  3163  7451 W PackageManager: Missing required system package: com.sygic.aura, but found with extended search.
03-09 21:28:38.437  3163  7451 W PackageManager: Missing required system package: com.subway.mobile.subwayapp03, but found with extended search.
03-09 21:28:38.437  3163  7451 W PackageManager: Missing required system package: com.substack.app, but found with extended search.
03-09 21:28:38.437  3163  7451 W PackageManager: Missing required system package: com.step.step, but found with extended search.
03-09 21:28:38.437  3163  7451 W PackageManager: Missing required system package: com.stash.stashinvest, but found with extended search.
03-09 21:28:38.437  3163  7451 W PackageManager: Missing required system package: com.staplesconnect.app.twa, but found with extended search.
03-09 21:28:38.437  3163  7451 W PackageManager: Missing required system package: com.spothero.spothero, but found with extended search.
03-09 21:28:38.437  3163  7451 W PackageManager: Missing required system package: com.sportsdirect.sdusapp, but found with extended search.
03-09 21:28:38.437  3163  7451 W PackageManager: Missing required system package: com.sofi.mobile, but found with extended search.
03-09 21:28:38.437  3163  7451 W PackageManager: Missing required system package: com.shell.sitibv.motorist.america, but found with extended search.
03-09 21:28:38.437  3163  7451 W PackageManager: Missing required system package: com.shakeshack.android, but found with extended search.
03-09 21:28:38.437  3163  7451 W PackageManager: Missing required system package: com.sephora, but found with extended search.
03-09 21:28:38.437  3163  7451 W PackageManager: Missing required system package: com.romwe, but found with extended search.
03-09 21:28:38.437  3163  7451 W PackageManager: Missing required system package: com.rome2rio.www.rome2rio, but found with extended search.
03-09 21:28:38.437  3163  7451 W PackageManager: Missing required system package: com.robinhood.android, but found with extended search.
03-09 21:28:38.437  3163  7451 W PackageManager: Missing required system package: com.ring.neighborhoods, but found with extended search.
03-09 21:28:38.437  3163  7451 W PackageManager: Missing required system package: com.revolut.revolut, but found with extended search.
03-09 21:28:38.438  3163  7451 W PackageManager: Missing required system package: com.reddit.frontpage, but found with extended search.
03-09 21:28:38.438  3163  7451 W PackageManager: Missing required system package: com.recime.app, but found with extended search.
03-09 21:28:38.438  3163  7451 W PackageManager: Missing required system package: com.realbyteapps.moneymanagerfree, but found with extended search.
03-09 21:28:38.438  3163  7451 W PackageManager: Missing required system package: com.rarewire.forever21, but found with extended search.
03-09 21:28:38.438  3163  7451 W PackageManager: Missing required system package: com.q2e.firsttradeunionbank3351.mobile.production, but found with extended search.
03-09 21:28:38.438  3163  7451 W PackageManager: Missing required system package: com.poshmark.app, but found with extended search.
03-09 21:28:38.438  3163  7451 W PackageManager: Missing required system package: com.poqstudio.app.platform.boohoo, but found with extended search.
03-09 21:28:38.438  3163  7451 W PackageManager: Missing required system package: com.podcast.podcasts, but found with extended search.
03-09 21:28:38.438  3163  7451 W PackageManager: Missing required system package: com.phonepe.app, but found with extended search.
03-09 21:28:38.438  3163  7451 W PackageManager: Missing required system package: com.personalcapital.pcapandroid, but found with extended search.
03-09 21:28:38.438  3163  7451 W PackageManager: Missing required system package: com.peacocktv.peacockandroid, but found with extended search.
03-09 21:28:38.438  3163  7451 W PackageManager: Missing required system package: com.payoneer.android, but found with extended search.
03-09 21:28:38.438  3163  7451 W PackageManager: Missing required system package: com.particlenews.newsbreak, but found with extended search.
03-09 21:28:38.438  3163  7451 W PackageManager: Missing required system package: com.parkwhiz.driverApp, but found with extended search.
03-09 21:28:38.438  3163  7451 W PackageManager: Missing required system package: com.opentable, but found with extended search.
03-09 21:28:38.438  3163  7451 W PackageManager: Missing required system package: com.openai.chatgpt, but found with extended search.
03-09 21:28:38.438  3163  7451 W PackageManager: Missing required system package: com.onedebit.chime, but found with extended search.
03-09 21:28:38.438  3163  7451 W PackageManager: Missing required system package: com.olo.dairyqueen.production, but found with extended search.
03-09 21:28:38.438  3163  7451 W PackageManager: Missing required system package: com.nike.omega, but found with extended search.
03-09 21:28:38.438  3163  7451 W PackageManager: Missing required system package: com.newsbreak.crimeradar, but found with extended search.
03-09 21:28:38.438  3163  7451 W PackageManager: Missing required system package: com.newleaf.app.android.victor, but found with extended search.
03-09 21:28:38.438  3163  7451 W PackageManager: Missing required system package: com.newegg.app, but found with extended search.
03-09 21:28:38.438  3163  7451 W PackageManager: Missing required system package: com.myklarnamobile, but found with extended search.
03-09 21:28:38.438  3163  7451 W PackageManager: Missing required system package: com.mta.mobileapp, but found with extended search.
03-09 21:28:38.439  3163  7451 W PackageManager: Missing required system package: com.moneylion, but found with extended search.
03-09 21:28:38.439  3163  7451 W PackageManager: Missing required system package: com.mobilecreditcards, but found with extended search.
03-09 21:28:38.439  3163  7451 W PackageManager: Missing required system package: com.mobilaurus.wingstopandroid, but found with extended search.
03-09 21:28:38.439  3163  7451 W PackageManager: Missing required system package: com.microsoft.copilot, but found with extended search.
03-09 21:28:38.439  3163  7451 W PackageManager: Missing required system package: com.meesho.supply, but found with extended search.
03-09 21:28:38.439  3163  7451 W PackageManager: Missing required system package: com.mcdonalds.app, but found with extended search.
03-09 21:28:38.439  3163  7451 W PackageManager: Missing required system package: com.maps.radar.navigation.android2023, but found with extended search.
03-09 21:28:38.439  3163  7451 W PackageManager: Missing required system package: com.macys.android, but found with extended search.
03-09 21:28:38.439  3163  7451 W PackageManager: Missing required system package: com.m1finance.android, but found with extended search.
03-09 21:28:38.439  3163  7451 W PackageManager: Missing required system package: com.lowes.android, but found with extended search.
03-09 21:28:38.439  3163  7451 W PackageManager: Missing required system package: com.littlecaesars, but found with extended search.
03-09 21:28:38.439  3163  7451 W PackageManager: Missing required system package: com.linkedin.android, but found with extended search.
03-09 21:28:38.439  3163  7451 W PackageManager: Missing required system package: com.lemon.lvoverseas, but found with extended search.
03-09 21:28:38.439  3163  7451 W PackageManager: Missing required system package: com.kohls.mcommerce.opal, but found with extended search.
03-09 21:28:38.439  3163  7451 W PackageManager: Missing required system package: com.kinpos.wallytech, but found with extended search.
03-09 21:28:38.439  3163  7451 W PackageManager: Missing required system package: com.kfc.us.mobile, but found with extended search.
03-09 21:28:38.439  3163  7451 W PackageManager: Missing required system package: com.joom, but found with extended search.
03-09 21:28:38.439  3163  7451 W PackageManager: Missing required system package: com.instagram.barcelona, but found with extended search.
03-09 21:28:38.439  3163  7451 W PackageManager: Missing required system package: com.instagram.android, but found with extended search.
03-09 21:28:38.439  3163  7451 W PackageManager: Missing required system package: com.instacart.client, but found with extended search.
03-09 21:28:38.439  3163  7451 W PackageManager: Missing required system package: com.inmobi.weather, but found with extended search.
03-09 21:28:38.439  3163  7451 W PackageManager: Missing required system package: com.infraware.office.link, but found with extended search.
03-09 21:28:38.439  3163  7451 W PackageManager: Missing required system package: com.inditex.zara, but found with extended search.
03-09 21:28:38.440  3163  7451 W PackageManager: Missing required system package: com.hollar.android, but found with extended search.
03-09 21:28:38.440  3163  7451 W PackageManager: Missing required system package: com.hm.goe, but found with extended search.
03-09 21:28:38.440  3163  7451 W PackageManager: Missing required system package: com.guardian, but found with extended search.
03-09 21:28:38.440  3163  7451 W PackageManager: Missing required system package: com.grubhub.android, but found with extended search.
03-09 21:28:38.440  3163  7451 W PackageManager: Missing required system package: com.groupon, but found with extended search.
03-09 21:28:38.440  3163  7451 W PackageManager: Missing required system package: com.google.android.apps.fitness, but found with extended search.
03-09 21:28:38.440  5993  7698 I ActivityScheduler: nextTriggerTime: 36254252, in 179908ms, detectorType: 39, FULL_TYPE alarmWindowMillis: 22500
03-09 21:28:38.440  7545  7545 I FileStationLog: [ FileStationManager ] - screenIsOn: true, hasWindowShowed: false
03-09 21:28:38.440  7545  7545 I MotoDesktopLog: [ FileStationLog ] - broadcastMessage - cmd : 2008
03-09 21:28:38.442  3163  7451 W PackageManager: Missing required system package: com.google.android.apps.chromecast.app, but found with extended search.
03-09 21:28:38.442  3163  7451 W PackageManager: Missing required system package: com.google.android.apps.adm, but found with extended search.
03-09 21:28:38.442  3163  7451 W PackageManager: Missing required system package: com.freecash.app2, but found with extended search.
03-09 21:28:38.442  3163  7451 W PackageManager: Missing required system package: com.foxnews.android, but found with extended search.
03-09 21:28:38.442  3163  7451 W PackageManager: Missing required system package: com.flipkart.android, but found with extended search.
03-09 21:28:38.442  3163  7451 W PackageManager: Missing required system package: com.facebook.katana, but found with extended search.
03-09 21:28:38.442  3163  7451 W PackageManager: Missing required system package: com.etsy.android, but found with extended search.
03-09 21:28:38.442  3163  7451 W PackageManager: Missing required system package: com.etrade.mobilepro.activity, but found with extended search.
03-09 21:28:38.442  3163  7451 W PackageManager: Missing required system package: com.emn8.mobilem8.nativeapp.popeyes, but found with extended search.
03-09 21:28:38.442  3163  7451 W PackageManager: Missing required system package: com.emn8.mobilem8.nativeapp.bk, but found with extended search.
03-09 21:28:38.442  3163  7451 W PackageManager: Missing required system package: com.einnovation.temu, but found with extended search.
03-09 21:28:38.442  3163  7451 W PackageManager: Missing required system package: com.ebay.motorsapp, but found with extended search.
03-09 21:28:38.442  3163  7451 W PackageManager: Missing required system package: com.ebay.mobile, but found with extended search.
03-09 21:28:38.442  3163  7451 W PackageManager: Missing required system package: com.dutchbros.loyalty, but found with extended search.
03-09 21:28:38.442  3163  7451 W PackageManager: Missing required system package: com.dunkinbrands.otgo, but found with extended search.
03-09 21:28:38.442  3163  7451 W PackageManager: Missing required system package: com.duckduckgo.mobile.android, but found with extended search.
03-09 21:28:38.442  3163  7451 W PackageManager: Missing required system package: com.doordash.driverapp, but found with extended search.
03-09 21:28:38.442  3163  7451 W PackageManager: Missing required system package: com.dominospizza, but found with extended search.
03-09 21:28:38.442  3163  7451 W PackageManager: Missing required system package: com.divvypay.Divvy, but found with extended search.
03-09 21:28:38.442  3163  7451 W PackageManager: Missing required system package: com.disney.disneystore_goo, but found with extended search.
03-09 21:28:38.442  3163  7451 W PackageManager: Missing required system package: com.dd.doordash, but found with extended search.
03-09 21:28:38.442  3163  7451 W PackageManager: Missing required system package: com.dayspringtech.envelopes, but found with extended search.
03-09 21:28:38.443  3163  7451 W PackageManager: Missing required system package: com.coulombtech, but found with extended search.
03-09 21:28:38.443  3163  7451 W PackageManager: Missing required system package: com.costco.app.android, but found with extended search.
03-09 21:28:38.443  3163  7451 W PackageManager: Missing required system package: com.contextlogic.wish, but found with extended search.
03-09 21:28:38.443  3163  7451 W PackageManager: Missing required system package: com.coinbase.android, but found with extended search.
03-09 21:28:38.443  3163  7451 W PackageManager: Missing required system package: com.cnn.mobile.android.phone, but found with extended search.
03-09 21:28:38.443  3163  7451 W PackageManager: Missing required system package: com.clubhouse.app, but found with extended search.
03-09 21:28:38.443  3163  7451 W PackageManager: Missing required system package: com.citymapper.app.release, but found with extended search.
03-09 21:28:38.443  3163  7451 W PackageManager: Missing required system package: com.citi.citimobile, but found with extended search.
03-09 21:28:38.443  3163  7451 W PackageManager: Missing required system package: com.chipotle.ordering, but found with extended search.
03-09 21:28:38.443  3163  7451 W PackageManager: Missing required system package: com.chickfila.cfaflagship, but found with extended search.
03-09 21:28:38.443  3163  7451 W PackageManager: Missing required system package: com.checkitt, but found with extended search.
03-09 21:28:38.443  3163  7451 W PackageManager: Missing required system package: com.chase.sig.android, but found with extended search.
03-09 21:28:38.443  3163  7451 W PackageManager: Missing required system package: com.buxfer.app, but found with extended search.
03-09 21:28:38.443  3163  7451 W PackageManager: Missing required system package: com.buffalowildwings.blazinrewards, but found with extended search.
03-09 21:28:38.443  3163  7451 W PackageManager: Missing required system package: com.bp.app.bpme.global.ros, but found with extended search.
03-09 21:28:38.443  3163  7451 W PackageManager: Missing required system package: com.booking, but found with extended search.
03-09 21:28:38.443  3163  7451 W PackageManager: Missing required system package: com.bigbasket.mobileapp, but found with extended search.
03-09 21:28:38.443  3163  7451 W PackageManager: Missing required system package: com.bhphoto, but found with extended search.
03-09 21:28:38.443  3163  7451 W PackageManager: Missing required system package: com.bestbuy.android, but found with extended search.
03-09 21:28:38.443  3163  7451 W PackageManager: Missing required system package: com.app.tgtg, but found with extended search.
03-09 21:28:38.443  3163  7451 W PackageManager: Missing required system package: com.amazon.mShop.android.shopping, but found with extended search.
03-09 21:28:38.443  3163  7451 W PackageManager: Missing required system package: com.alibaba.aliexpresshd, but found with extended search.
03-09 21:28:38.443  3163  7451 W PackageManager: Missing required system package: com.adidas.app, but found with extended search.
03-09 21:28:38.443  3163  7451 W PackageManager: Missing required system package: com.acorns.early, but found with extended search.
03-09 21:28:38.443  3163  7451 W PackageManager: Missing required system package: com.acorns.android, but found with extended search.
03-09 21:28:38.443  3163  7451 W PackageManager: Missing required system package: com.Splitwise.SplitwiseMobile, but found with extended search.
03-09 21:28:38.444  3163  7451 W PackageManager: Missing required system package: app.simple.com, but found with extended search.
03-09 21:28:38.444  3163  7451 W PackageManager: Missing required system package: app.organicmaps, but found with extended search.
03-09 21:28:38.444  3163  7451 W PackageManager: Missing required system package: tv.pluto.android, but found with extended search.
03-09 21:28:38.444  3163  7451 W PackageManager: Missing required system package: net.sharewire.parkmobilev2, but found with extended search.
03-09 21:28:38.444  3163  7451 W PackageManager: Missing required system package: digit.android, but found with extended search.
03-09 21:28:38.444  3163  7451 W PackageManager: Missing required system package: com.walmart.android, but found with extended search.
03-09 21:28:38.444  3163  7451 W PackageManager: Missing required system package: com.uniqlo.usa.catalogue, but found with extended search.
03-09 21:28:38.444  3163  7451 W PackageManager: Missing required system package: com.ubercab.eats, but found with extended search.
03-09 21:28:38.444  3163  7451 W PackageManager: Missing required system package: com.tubitv, but found with extended search.
03-09 21:28:38.444  3163  7451 W PackageManager: Missing required system package: com.thetransitapp.droid, but found with extended search.
03-09 21:28:38.444  3163  7451 W PackageManager: Missing required system package: com.thehomedepot, but found with extended search.
03-09 21:28:38.444  3163  7451 W PackageManager: Missing required system package: com.target.ui, but found with extended search.
03-09 21:28:38.444  3163  7451 W PackageManager: Missing required system package: com.starbucks.mobilecard, but found with extended search.
03-09 21:28:38.444  3163  7451 W PackageManager: Missing required system package: com.squareup.cash, but found with extended search.
03-09 21:28:38.444  3163  7451 W PackageManager: Missing required system package: com.snapdeal.main, but found with extended search.
03-09 21:28:38.444  3163  7451 W PackageManager: Missing required system package: com.shopify.arrive, but found with extended search.
03-09 21:28:38.444  3163  7451 W PackageManager: Missing required system package: com.rfi.sams.android, but found with extended search.
03-09 21:28:38.444  3163  7451 W PackageManager: Missing required system package: com.remitly.androidapp, but found with extended search.
03-09 21:28:38.444  3163  7451 W PackageManager: Missing required system package: com.qapital, but found with extended search.
03-09 21:28:38.444  3163  7451 W PackageManager: Missing required system package: com.paypal.android.p2pmobile, but found with extended search.
03-09 21:28:38.445  3163  7451 W PackageManager: Missing required system package: com.overstock, but found with extended search.
03-09 21:28:38.445  3163  7451 W PackageManager: Missing required system package: com.opera.browser, but found with extended search.
03-09 21:28:38.445  3163  7451 W PackageManager: Missing required system package: com.nytimes.android, but found with extended search.
03-09 21:28:38.445  3163  7451 W PackageManager: Missing required system package: com.nordstrom.app, but found with extended search.
03-09 21:28:38.445  3163  7451 W PackageManager: Missing required system package: com.nextdoor, but found with extended search.
03-09 21:28:38.445  3163  7451 W PackageManager: Missing required system package: com.infonow.bofa, but found with extended search.
03-09 21:28:38.445  3163  7451 W PackageManager: Missing required system package: com.here.app.maps, but found with extended search.
03-09 21:28:38.445  3163  7451 W PackageManager: Missing required system package: com.google.android.apps.walletnfcrel, but found with extended search.
03-09 21:28:38.445  3163  7451 W PackageManager: Missing required system package: com.google.android.apps.magazines, but found with extended search.
03-09 21:28:38.445  3163  7451 W PackageManager: Missing required system package: com.google.android.apps.docs.editors.slides, but found with extended search.
03-09 21:28:38.445  3163  7451 W PackageManager: Missing required system package: com.google.android.apps.docs.editors.sheets, but found with extended search.
03-09 21:28:38.445  3163  7451 W PackageManager: Missing required system package: com.google.android.apps.docs.editors.docs, but found with extended search.
03-09 21:28:38.445  3163  7451 W PackageManager: Missing required system package: com.fusionmedia.investing, but found with extended search.
03-09 21:28:38.445  3163  7451 W PackageManager: Missing required system package: com.fidelity.android, but found with extended search.
03-09 21:28:38.445  3163  7451 W PackageManager: Missing required system package: com.expedia.bookings, but found with extended search.
03-09 21:28:38.445  3163  7451 W PackageManager: Missing required system package: com.depop, but found with extended search.
03-09 21:28:38.445  3163  7451 W PackageManager: Missing required system package: com.creditkarma.mobile, but found with extended search.
03-09 21:28:38.445  3163  7451 W PackageManager: Missing required system package: co.tapcart.app.id_CeeweiHh1L, but found with extended search.
03-09 21:28:38.446  3163  5158 D WifiStaIfaceHidlImpl: getCachedScanData is not implemented by HIDL
03-09 21:28:38.449  2300  2300 E Scheduler: trackPendingFrame: Invalid present fence
03-09 21:28:38.452  5625  5625 V KeyguardStatusViewController: onTimeChanged
03-09 21:28:38.454  3163  5158 D WifiStaIfaceHidlImpl: getCachedScanData is not implemented by HIDL
03-09 21:28:38.454  5993  8761 I NearbyDiscovery: (REDACTED) FastPairHandler: Received action %s
03-09 21:28:38.454  5993  8761 I NearbyDiscovery: (REDACTED) PureOffloadFastPairScanner: eventType=%s, isInternalReq=%s, isScanning=%s, isScanningAllowed=%s
03-09 21:28:38.454  5993  8761 I NearbyDiscovery: (REDACTED) ApFastPairScanner: isScreenOn=%s, isLocationEnabled=%s, disableLocationRequirement=%s, isDiscoveryScanningEnabled=%s, during24GhzWifiWarmingUpPeriod=%s
03-09 21:28:38.454  5993  8761 D BluetoothAdapter: isLeEnabled(): ON
03-09 21:28:38.455  5993  8761 I NearbyDiscovery: (REDACTED) ApFastPairScanner: eventType=%s, intReq=%s, scanning=%s, scanAllowed=%s, bleEnabled=%s, lockScanRate=%s, startScanningByLowPowerMode=%s
03-09 21:28:38.456  3163  7445 W InputDispatcher: Focused display #1 does not have a focused window.
03-09 21:28:38.456  3163  3231 W AccessibilityWindowsPopulator: The displayInfo of this displayId (0) called back from the surface fligner is null
03-09 21:28:38.457  3163  3231 W AccessibilityWindowsPopulator: The displayInfo of this displayId (0) called back from the surface fligner is null
03-09 21:28:38.457  3163  3231 V WindowManager: Unknown focus tokens, dropping reportFocusChanged
03-09 21:28:38.464  2300  2300 E Scheduler: trackPendingFrame: Invalid present fence
03-09 21:28:38.467  5625  5625 I vol.VolumeDialogImpl: dismissH reason = volume_controller mDialog.isShowing(): false
03-09 21:28:38.473  6344  6344 W libc    : Access denied finding property "vendor.display.enable_optimal_refresh_rate"
03-09 21:28:38.473  6344  6344 W libc    : Access denied finding property "vendor.gpp.create_frc_extension"
03-09 21:28:38.474  3163  5203 I WifiDataStallService: onCapabilitiesChanged NET_CAPABILITY_VALIDATED=true
03-09 21:28:38.474  3163  5203 I WifiDataStallService: WIFI state:true
03-09 21:28:38.474  3163  5203 I WifiDataStallService: WIFI valid state:true
03-09 21:28:38.474  3163  5203 I WifiDataStallService: on-off:false,mScreenOn:true
03-09 21:28:38.474  6932  8142 I BugleRcsEngine: handleMessage processing message:[NOTIFY_UPTIME_IGNORE_STATE_CHANGED] with [non-null]:RcsEngineImpl reference [CONTEXT log_prefix="RcsEngineImpl[DUAL_REG]:[82ee5969-a086]>Handler" thread_id=61 ]
03-09 21:28:38.477  6932  7504 I BugleRcsEngine: Connected state: [1], networkType: [WIFI] [CONTEXT thread_id=54 ]
03-09 21:28:38.477  5993  5993 D BoundBrokerSvc: onRebind: Intent { act=com.google.android.gms.findmydevice.spot.service.locationreport.START dat=chimera-action:/... cmp=com.google.android.gms/.chimera.PersistentApiService }
03-09 21:28:38.477  6932  8142 I BugleRcsEngine: Cannot use CS.apk as it's battery optimized [CONTEXT thread_id=61 ]
03-09 21:28:38.478  3163  3352 V DisplayPowerController2[1]: Brightness [0.049860176] reason changing to: 'automatic', previous reason: 'manual'.
03-09 21:28:38.479  3163  3352 I DisplayPowerController2[1]: 03-09 21:28:38.478 - BrightnessEvent: disp=1, physDisp=local:4630947043778501763, displayState=ON, displayPolicy=BRIGHT, brt=0.049860176, initBrt=0.10817629, rcmdBrt=0.049860176, preBrt=NaN, lux=2.8, preLux=NaN, brtNits=8.118737, hdrNits=NaN, initNits=18.534023, preNits=NaN, rcmdNits=8.118737, hdrBrightness=NaN, brt(%)=7%, brtInt=14, hbmPolicy=normal, hbmMax=0.7660316, hbmMode=off, rbcStrength=-1, thrmMax=1.0, powerFactor=1.0, wasShortTermModelActive=false, flags=, reason=automatic, autoBrightness=true, strategy=InvalidBrightnessStrategy, autoBrightnessMode=default
03-09 21:28:38.480  5993  8003 I NullBinder: NullBinder for android.net.action.RECOMMEND_NETWORKS triggering remote TransactionTooLargeException due to Service without Chimera impl, calling uid: 1000, calling pid: 0
03-09 21:28:38.480  5993  8003 W Binder  : reply too large data on java level: InterfaceDescriptor = null, code = 1
03-09 21:28:38.480  5993  8003 W .gms.persistent: Large reply transaction of 1056768 bytes, interface descriptor , code 1
03-09 21:28:38.481  5802  6611 E PhoneInterfaceManager: getCarrierPrivilegeStatusForUid: Invalid subId
03-09 21:28:38.482  2300  2300 E Scheduler: trackPendingFrame: Invalid present fence
03-09 21:28:38.483  2300  2449 I SurfaceFlinger: mBrightnessDiming=1, isCli=1, mBrightnessDimingCnt=0
03-09 21:28:38.486  3163  3163 D WiFiBlocklistController: Wifi onCapabilitiesChanged
03-09 21:28:38.486  3163  3163 D WiFiBlocklistController: Default net onCapabilitiesChanged
03-09 21:28:38.486  3163  3163 D WiFiBlocklistController: updateDefaultNet:135
03-09 21:28:38.487  3163  3163 D WiFiBlocklistController: mayUpdateNotification: shouldShow=false,UidsBlocked=false, net info=net:135,ifName=wlan0,securityType=2,isDefault=true,ssid="micasa",notificationId=0
03-09 21:28:38.487  3163  3163 I BrightnessSynchronizer: New Update: {[2064] 0.08963825(f), mUpdatedTypes=1, mConfirmedTypes=0, mTimeUpdated=0, mState=2}
03-09 21:28:38.487  5693  6968 D QCNEJ/NativeHalConnector: -> SND notifyDefaultNetworkChanged(1)
03-09 21:28:38.487  3163  3163 I BrightnessSynchronizer: [2064] New Update 0.08963825(f) set brightness values:  24(i)
03-09 21:28:38.489  7218  7218 D BoundBrokerSvc: onBind: Intent { act=com.google.android.gms.onboardingconsent.api.ConsentManagerApiService.START dat=chimera-action:/... cmp=com.google.android.gms/.chimera.GmsApiService }
03-09 21:28:38.489  7218  7218 D BoundBrokerSvc: Loading bound service for intent: Intent { act=com.google.android.gms.onboardingconsent.api.ConsentManagerApiService.START dat=chimera-action:/... cmp=com.google.android.gms/.chimera.GmsApiService }
03-09 21:28:38.490  7091 21947 I ModemStats: [DataStallDetectService] onCapabilitiesChanged networkCapabilities=[ Transports: WIFI Capabilities: NOT_METERED&INTERNET&NOT_RESTRICTED&TRUSTED&NOT_VPN&VALIDATED&NOT_ROAMING&FOREGROUND&NOT_CONGESTED&NOT_SUSPENDED&NOT_VCN_MANAGED&NOT_BANDWIDTH_CONSTRAINED LinkUpBandwidth>=5852Kbps LinkDnBandwidth>=77930Kbps TransportInfo: <SSID: <unknown ssid>, BSSID: 02:00:00:00:00:00, MAC: 02:00:00:00:00:00, IP: /10.0.0.248, Security type: 2, Supplicant state: COMPLETED, Wi-Fi standard: 11ax, RSSI: -63, Link speed: 432Mbps, Tx Link speed: 432Mbps, Max Supported Tx Link speed: 1200Mbps, Rx Link speed: 432Mbps, Max Supported Rx Link speed: 1200Mbps, Frequency: 5785MHz, Net ID: -1, Metered hint: false, score: 60, isUsable: true, CarrierMerged: false, SubscriptionId: -1, IsPrimary: -1, Trusted: true, Restricted: false, Ephemeral: false, OEM paid: false, OEM private: false, OSU AP: false, FQDN: <none>, Provider friendly name: <none>, Requesting package name: <none><none>MLO Information: , Is TID-To-Link negotiation supported by the AP: false, AP MLD Address: <none>, AP MLO Link Id: <none>, AP MLO Affiliated links: <none>, Vendor Data: <none>> SignalStrength: -63 UnderlyingNetworks: Null]
03-09 21:28:38.490  7091 21947 I ModemStats: [DataStallDetectService] onCapabilitiesChanged NET_CAPABILITY_VALIDATED=true
03-09 21:28:38.490  7091 21947 I ModemStats: [DataStallDetectService] onCapabilitiesChanged mDataStallManager.mDataStallInstance=null
03-09 21:28:38.490  7091 21947 I ModemStats: [DataStallDetectService] onCapabilitiesChanged mDataStallSmart5gManager.mDataStallInstance=null
03-09 21:28:38.490 15429 16144 I BatteryCare: [SmartBackground] [DGMC::AccelerateSmartCleanReceiver] action received: android.intent.action.SCREEN_ON
03-09 21:28:38.493 15429 16144 W BatteryCare: [SmartBackground] [DGMC::AccelerateSmartCleanReceiver] Enter disableMidNightByScreen, isEnableBySleepMode = false
03-09 21:28:38.493 15429 16144 I BatteryCare: [SmartBackground] [DGMC::AccelerateSmartCleanReceiver] disableMidNightByScreen isSleepMode or isEnableBySleepMode return
03-09 21:28:38.496  3163  3231 D DisplayManagerService: Ignore redundant display event 1/4 to 10303/11760
03-09 21:28:38.496  3163  3231 D DisplayManagerService: Ignore redundant display event 1/4 to 10416/12048
03-09 21:28:38.496  6344  6344 V ClockFace: onDataSetChanged: clock update in remote
03-09 21:28:38.496  3163  3231 D DisplayManagerService: Ignore redundant display event 1/4 to 10276/31431
03-09 21:28:38.496  3163  3163 I BrightnessSynchronizer: New PendingUpdate: {[2065] 0.08963825(f), mUpdatedTypes=0, mConfirmedTypes=0, mTimeUpdated=0, mState=1}, prev=null
03-09 21:28:38.496  3163  3163 I BrightnessSynchronizer: New PendingUpdate: {[2066] 0.08963825(f), mUpdatedTypes=0, mConfirmedTypes=0, mTimeUpdated=0, mState=1}, prev={[2065] 0.08963825(f), mUpdatedTypes=0, mConfirmedTypes=0, mTimeUpdated=0, mState=1}
03-09 21:28:38.498  2300  2300 E Scheduler: trackPendingFrame: Invalid present fence
03-09 21:28:38.499  3163  3163 I BrightnessSynchronizer: Swallowing update of 24(i) by update: {[2064] 0.08963825(f), mUpdatedTypes=1, mConfirmedTypes=1, mTimeUpdated=23008475, mState=2}
03-09 21:28:38.499  3163  3163 I BrightnessSynchronizer: Completed Update: {[2064] 0.08963825(f), mUpdatedTypes=1, mConfirmedTypes=1, mTimeUpdated=23008475, mState=3}
03-09 21:28:38.499  3163  3163 I BrightnessSynchronizer: New Update: {[2066] 0.08963825(f), mUpdatedTypes=0, mConfirmedTypes=0, mTimeUpdated=0, mState=2}
03-09 21:28:38.502  5993  8761 I NearbyDiscovery: (REDACTED) ApFastPairScanner: isScreenOn=%s, isLocationEnabled=%s, disableLocationRequirement=%s, isDiscoveryScanningEnabled=%s, during24GhzWifiWarmingUpPeriod=%s
03-09 21:28:38.502  7218 16116 W ConsentManagerApiServic: Consent Manager API is not enabled. [CONTEXT service_id=460 ]
03-09 21:28:38.502  5993  8761 I NearbyDiscovery: (REDACTED) ApFastPairScanner: Start scanning internally, %s
03-09 21:28:38.502  5993  8761 D BluetoothAdapter: isLeEnabled(): ON
03-09 21:28:38.504  5658  7211 I bt_shim_scanner: system/main/shim/le_scanning_manager.cc:172 RegisterScanner: in shim layer
03-09 21:28:38.505  5993  7976 D BluetoothLeScanner: onScannerRegistered() - status=0 scannerId=1 mScannerId=0
03-09 21:28:38.509  5993  8761 I NearbyDiscovery: (REDACTED) ApFastPairScanner: Start scanning, mode=%s
03-09 21:28:38.509  5993  8761 I NearbyDiscovery: FastPairController: onSystemStateChanged: skip due to flag disabled [CONTEXT service_id=265 ]
03-09 21:28:38.509  5658  6105 I bt_shim_scanner: system/main/shim/le_scanning_manager.cc:282 ScanFilterEnable: in shim layer
03-09 21:28:38.511  2064  4171 D slpi-MOT_HALL: Flip send data : 0, State: far
03-09 21:28:38.511  2064  4173 I sensors-hal: handle_sns_client_event:365, mot_flip_event: now=36074415534527 hal ts=36074414957820, MOT_FLIP_STATE_OPEN, count=201.0, cause=0.0, fwreg 1
03-09 21:28:38.511  2064  4171 E slpi    : MOT_GPIO_FLIP kernel state gpio unset
03-09 21:28:38.511  2064  4173 I sensors-hal: sns_device_mode_init:227, sns_device_mode_init Start
03-09 21:28:38.511  2064  4173 I android.hardware.sensors@2.1-service.multihal: vendor/qcom/proprietary/adsprpc/src/fastrpc_apps_user.c:1553: remote_handle64_open: Successfully opened handle 0x1aeab090 for '":;./\createstaticpd:sensorspd&_dom=adsp on domain 0
03-09 21:28:38.511  3163  3231 I DeviceStateManagerService: Cannot notify device state info change when pending state is present.
03-09 21:28:38.512  2068  6060 I vendor.qti.bluetooth@1.0-ibs_handler: ProcessIbsCmd: Received IBS_WAKE_IND: 0xFD
03-09 21:28:38.512  2068  6060 I vendor.qti.bluetooth@1.0-ibs_handler: ProcessIbsCmd: Writing IBS_WAKE_ACK
03-09 21:28:38.512  3163  3352 W BoostOptController: not supported hint: 118
03-09 21:28:38.513  2064  4173 I android.hardware.sensors@2.1-service.multihal: vendor/qcom/proprietary/adsprpc/src/fastrpc_perf.c:273: fastrpc_perf_init: enabled systrace 0x0 and RPC traces (kernel 0, dsp 0) with frequency 1000
03-09 21:28:38.513  2064 22889 I android.hardware.sensors@2.1-service.multihal: vendor/qcom/proprietary/adsprpc/src/listener_android.c:116: listener thread starting
03-09 21:28:38.513  2064 22890 I android.hardware.sensors@2.1-service.multihal: vendor/qcom/proprietary/adsprpc/src/log_config.c:348: file_watcher_thread starting for domain 0
03-09 21:28:38.513  2064 22890 W android.hardware.sensors@2.1-service.multihal: vendor/qcom/proprietary/adsprpc/src/log_config.c:358:file_watcher_thread: Couldn't find file android.hardware.sensors@2.1-service.multihal.farf, errno (No such file or directory)
03-09 21:28:38.513  3163  3231 I LogicalDisplayMapper: Requesting Transition to state: 1, from state=0, interactive=true, mBootCompleted=true
03-09 21:28:38.513  3163  3231 I LogicalDisplayMapper: Applying layout: [{dispId: 0(ON), displayGroupName: , addr: {port=130, model=0x40446dccee101c}, mThermalBrightnessThrottlingMapId: null, mRefreshRateZoneId: null, mLeadDisplayId: -1, mLeadDisplayAddress: null, mThermalRefreshRateThrottlingMapId: null, mPowerThrottlingMapId: null}], Previous layout: [{dispId: 0(ON), displayGroupName: , addr: {port=130, model=0x40446dccee101c}, mThermalBrightnessThrottlingMapId: null, mRefreshRateZoneId: null, mLeadDisplayId: -1, mLeadDisplayAddress: null, mThermalRefreshRateThrottlingMapId: null, mPowerThrottlingMapId: null}]
03-09 21:28:38.513  3163  3231 D CLI/Rotation: Set volume keyswap sysprop for rotation 0 lidState CLOSED
03-09 21:28:38.514  3163  3227 D TouchHwAidlService: onStateChanged.. state=1
03-09 21:28:38.514  5658  6105 I bt_shim_scanner: system/main/shim/le_scanning_manager.cc:258 ScanFilterAdd: in shim layer
03-09 21:28:38.514  2064 22889 I android.hardware.sensors@2.1-service.multihal: vendor/qcom/proprietary/adsprpc/src/mod_table.c:703: open_mod_table_open_from_static: reverse module apps_std opened with handle 0x450dfe00 (idx 0)
03-09 21:28:38.516  5658  6105 I bt_shim_scanner: system/main/shim/le_scanning_manager.cc:220 ScanFilterParamSetup: in shim layer, clientIf=1
03-09 21:28:38.516  2064 22889 I android.hardware.sensors@2.1-service.multihal: vendor/qcom/proprietary/adsprpc/src/apps_std_imp.c:860: Successfully opened file /vendor/dsp/adsp/libsns_device_mode_skel.so
03-09 21:28:38.517  2300  2300 E Scheduler: trackPendingFrame: Invalid present fence
03-09 21:28:38.518  3163  3229 D CLI/SmallCLI: onDeviceLidStateChanged: state=CLOSED
03-09 21:28:38.520  5658  6105 I bt_shim_scanner: system/main/shim/le_scanning_manager.cc:258 ScanFilterAdd: in shim layer
03-09 21:28:38.521  2064  4173 E android.hardware.sensors@2.1-service.multihal: vendor/qcom/proprietary/adsprpc/src/fastrpc_apps_user.c:1491: Error 0x80000406: remote_handle_open_domain: dynamic loading failed for file:///libsns_device_mode_skel.so?sns_device_mode_skel_handle_invoke&_modver=1.0&_dom=adsp on domain 0 (dlerror segment 0 failed hash verification(0x34DA000 B)) (errno Success)
03-09 21:28:38.521  2064  4173 E android.hardware.sensors@2.1-service.multihal: vendor/qcom/proprietary/adsprpc/src/fastrpc_apps_user.c:1550: Error 0x80000406: remote_handle64_open failed for file:///libsns_device_mode_skel.so?sns_device_mode_skel_handle_invoke&_modver=1.0&_dom=adsp (errno Success)
03-09 21:28:38.521  2064  4173 I sensors-hal: sns_device_mode_init:262, sns_device_mode_init End
03-09 21:28:38.521  2064  4173 E sensors-hal: sendDeviceMode:287, mot_flip: one or mode handles unopened: dm 0 rpc 1
03-09 21:28:38.522  2064  4173 E android.hardware.sensors@2.1-service.multihal: vendor/qcom/proprietary/adsprpc/src/fastrpc_apps_user.c:1366: Error 0x80000600: remote_handle_invoke failed for handle 0x0, method 1 on domain 0 (sc 0x1010200) (errno Success)
03-09 21:28:38.522  2064  4173 E android.hardware.sensors@2.1-service.multihal: vendor/qcom/proprietary/adsprpc/src/fastrpc_apps_user.c:1575: Error 0x80000600: remote_handle_close failed for handle 0x0 (dlerr \) (errno Success)
03-09 21:28:38.522  2064  4173 I android.hardware.sensors@2.1-service.multihal: vendor/qcom/proprietary/adsprpc/src/fastrpc_apps_user.c:2737: domain_deinit for domain 0: dev 77
03-09 21:28:38.523  3163  4298 I ImeTracker: com.motorola.launcher.secondarydisplay:f574629: onRequestHide at ORIGIN_SERVER reason HIDE_UNSPECIFIED_WINDOW fromUser false
03-09 21:28:38.523  3163  4298 I ImeTracker: com.motorola.launcher.secondarydisplay:f574629: onCancelled at PHASE_SERVER_SHOULD_HIDE
03-09 21:28:38.524  2064 22889 E android.hardware.sensors@2.1-service.multihal: vendor/qcom/proprietary/adsprpc/src/fastrpc_apps_user.c:3516: exit_thread current process1 thread exit nErr = 0x8000040d domain 0, handle 0xb400007d1aeab090
03-09 21:28:38.523  5658  6105 I bt_shim_scanner: system/main/shim/le_scanning_manager.cc:220 ScanFilterParamSetup: in shim layer, clientIf=1
03-09 21:28:38.524  2064 22890 W android.hardware.sensors@2.1-service.multihal: vendor/qcom/proprietary/adsprpc/src/log_config.c:368:Warning: file_watcher_thread received exit for domain 0, file android.hardware.sensors@2.1-service.multihal.farf
03-09 21:28:38.524  2064 22890 I android.hardware.sensors@2.1-service.multihal: vendor/qcom/proprietary/adsprpc/src/log_config.c:415: file_watcher_thread exiting for domain 0
03-09 21:28:38.525 10834 10834 I GoogleInputMethodService: GoogleInputMethodService.onFinishInput():2097 
03-09 21:28:38.525  2064  4173 I android.hardware.sensors@2.1-service.multihal: vendor/qcom/proprietary/adsprpc/src/mod_table.c:789: open_mod_table_close: closed reverse module apps_std with handle 0x450dfe00
03-09 21:28:38.524 22082 22082 D InsetsController: hide(ime(), fromIme=true)
03-09 21:28:38.526  3163  4298 W InputManager-JNI: Input channel object '2dba6ed InputMethod (client)' was disposed without first being removed with the input manager!
03-09 21:28:38.526 10834 10834 I Module  : DeviceLockedStatusModuleProvider$Module.updateDeviceLockedStatus():103 repeatCheckTimes = 0, locked = false
03-09 21:28:38.526  2064  4173 E android.hardware.sensors@2.1-service.multihal: vendor/qcom/proprietary/adsprpc/src/fastrpc_apps_user.c:1614: Error 0x80000600: remote_handle64_close failed for handle 0xb400007d1aeab090 remote handle 0x0 (errno Success)
03-09 21:28:38.526 10834 10834 W SessionManager: SessionManager.endSession():88 Try to end a not begun session [INPUT_SESSION].
03-09 21:28:38.526 10834 10834 I GoogleInputMethodService: GoogleInputMethodService.onDestroy():934 
03-09 21:28:38.526 10834 10834 I GlobeKeyExtension: GlobeKeyExtension.onDestroyExtension():162 
03-09 21:28:38.526 10834 10834 I ModuleManager: ModuleManager$ModuleInitListener.maybeUnloadModuleOnUnavailable():1386 module lvk is unavailable
03-09 21:28:38.527 10834 10834 I HardKeyTracker: HardKeyTracker.unregisterKeySequence():221 Unregister key sequence nul{labelResId=2132020475, callback=cnx@dc2c07a, lastModifier=2, keyCodes=[47], actions=[0]}
03-09 21:28:38.527 10834 10834 I ModuleManager: ModuleManager$ModuleInitListener.maybeUnloadModuleOnUnavailable():1386 module eci is unavailable
03-09 21:28:38.527 10834 10834 I ModuleManager: ModuleManager$ModuleInitListener.maybeUnloadModuleOnUnavailable():1386 module hvi is unavailable
03-09 21:28:38.527 10834 10834 I ModuleManager: ModuleManager$ModuleInitListener.maybeUnloadModuleOnUnavailable():1386 module mhz is unavailable
03-09 21:28:38.527 10834 10834 I ModuleManager: ModuleManager$ModuleInitListener.maybeUnloadModuleOnUnavailable():1386 module mia is unavailable
03-09 21:28:38.527 10834 10834 I ModuleManager: ModuleManager$ModuleInitListener.maybeUnloadModuleOnUnavailable():1386 module mib is unavailable
03-09 21:28:38.527 10834 10834 I ModuleManager: ModuleManager$ModuleInitListener.maybeUnloadModuleOnUnavailable():1386 module mic is unavailable
03-09 21:28:38.527 10834 10834 I ModuleManager: ModuleManager$ModuleInitListener.maybeUnloadModuleOnUnavailable():1386 module mie is unavailable
03-09 21:28:38.527 10834 10834 I ModuleManager: ModuleManager$ModuleInitListener.maybeUnloadModuleOnUnavailable():1386 module mii is unavailable
03-09 21:28:38.527 10834 10834 I ModuleManager: ModuleManager$ModuleInitListener.maybeUnloadModuleOnUnavailable():1386 module mtq is unavailable
03-09 21:28:38.527 10834 10834 I HardKeyTracker: HardKeyTracker.unregisterKeySequence():221 Unregister key sequence nul{labelResId=0, callback=lkj@2a1d621, lastModifier=0, keyCodes=[204], actions=[0]}
03-09 21:28:38.527 10834 10834 I ModuleManager: ModuleManager$ModuleInitListener.maybeUnloadModuleOnUnavailable():1386 module mts is unavailable
03-09 21:28:38.527 10834 10834 I ModuleManager: ModuleManager$ModuleInitListener.maybeUnloadModuleOnUnavailable():1386 module nyc is unavailable
03-09 21:28:38.528 10834 10834 I ModuleManager: ModuleManager$ModuleInitListener.maybeUnloadModuleOnUnavailable():1386 module ljh is unavailable
03-09 21:28:38.528  5658  6105 I bt_shim_scanner: system/main/shim/le_scanning_manager.cc:185 Scan: in shim layer started
03-09 21:28:38.528  5658  5907 I bluetooth: system/gd/hci/le_scanning_manager.cc:690 stop_scan: Scanning already stopped, return!
03-09 21:28:38.528 22082 22082 I ImeTracker: com.coulombtech:388401a5: onRequestHide at ORIGIN_CLIENT reason HIDE_SOFT_INPUT_BY_INSETS_API fromUser false
03-09 21:28:38.528  5658  5907 I bluetooth: system/gd/hci/le_address_manager.cc:226 register_client: Scheduled address rotation for first client registered
03-09 21:28:38.528  5658  5907 I bluetooth: system/gd/hci/le_address_manager.cc:229 register_client: Client registered
03-09 21:28:38.529  3163  4298 I ImeTracker: com.motorola.launcher.secondarydisplay:64f40bb1: onRequestHide at ORIGIN_SERVER reason HIDE_DISPLAY_IME_POLICY_HIDE fromUser false
03-09 21:28:38.529  3163  4298 I ImeTracker: com.motorola.launcher.secondarydisplay:64f40bb1: onCancelled at PHASE_SERVER_SHOULD_HIDE
03-09 21:28:38.529 22082 22082 I ImeTracker: com.coulombtech:388401a5: onCancelled at PHASE_CLIENT_APPLY_ANIMATION
03-09 21:28:38.529  6461  6564 I Capsense_Cal: Sensor GetEvents event_count==1
03-09 21:28:38.529  6461  6564 D Capsense_Cal: SensorThread sensorEvents
03-09 21:28:38.529  6461  6564 D Capsense_Cal: Capsensor hallEventHandler sensorEvents->data[0]==1.000000
03-09 21:28:38.529  6461  6564 D Capsense_Cal: start cal : /sys/class/capsense/capsense1/reset, msg: flip_far
03-09 21:28:38.531  5658  6105 I bt_shim_scanner: system/main/shim/le_scanning_manager.cc:185 Scan: in shim layer stopped
03-09 21:28:38.531  5658  5907 I bluetooth: system/gd/hci/le_address_manager.cc:244 unregister_client: Client unregistered
03-09 21:28:38.531  5658  5907 I bluetooth: system/gd/hci/le_address_manager.cc:248 unregister_client: Cancelled address rotation alarm
03-09 21:28:38.531  5658  6105 W BtGatt.JNI: android/app/jni/com_android_bluetooth_gatt.cpp:1597 gattSetScanParametersNative: gattSetScanParametersNative
03-09 21:28:38.531  5658  6105 I bt_shim_scanner: system/main/shim/le_scanning_manager.cc:363 SetScanParameters: in shim layer, scannerId=1
03-09 21:28:38.531  5658  6105 I bt_shim_scanner: system/main/shim/le_scanning_manager.cc:185 Scan: in shim layer started
03-09 21:28:38.531  5658  5907 I bluetooth: system/gd/hci/le_scanning_manager.cc:690 stop_scan: Scanning already stopped, return!
03-09 21:28:38.531  5658  5907 I bluetooth: system/gd/hci/le_address_manager.cc:226 register_client: Scheduled address rotation for first client registered
03-09 21:28:38.531  5658  5907 I bluetooth: system/gd/hci/le_address_manager.cc:229 register_client: Client registered
03-09 21:28:38.532  6461  6564 D Capsense_Cal: start cal : /sys/class/capsense/capsense0/reset, msg: flip_far
03-09 21:28:38.533  3163  4279 I CLI/Transition_Device: lid state changed: CLOSED -> OPEN, device state changed to CLOSED
03-09 21:28:38.534  5493  6013 W HWUI    : Surface doesn't have any previously queued frames, nothing to readback from
03-09 21:28:38.534  3163  4279 D CLI/Transition_Lid: update lid state OPEN
03-09 21:28:38.536  3163  3231 W AccessibilityWindowsPopulator: The displayInfo of this displayId (0) called back from the surface fligner is null
03-09 21:28:38.536 10834 10834 I ModuleManager: ModuleManager$ModuleInitListener.maybeUnloadModuleOnUnavailable():1386 module ewi is unavailable
03-09 21:28:38.537 10834 10834 I ModuleManager: ModuleManager$ModuleInitListener.maybeUnloadModuleOnUnavailable():1386 module fol is unavailable
03-09 21:28:38.537 10834 10834 I ModuleManager: ModuleManager$ModuleInitListener.maybeUnloadModuleOnUnavailable():1386 module fub is unavailable
03-09 21:28:38.537 10834 10834 I ModuleManager: ModuleManager$ModuleInitListener.maybeUnloadModuleOnUnavailable():1386 module fvu is unavailable
03-09 21:28:38.537 10834 10834 I ModuleManager: ModuleManager$ModuleInitListener.maybeUnloadModuleOnUnavailable():1386 module gfa is unavailable
03-09 21:28:38.537 10834 10834 I ModuleManager: ModuleManager$ModuleInitListener.maybeUnloadModuleOnUnavailable():1386 module ggo is unavailable
03-09 21:28:38.537 10834 10834 I ModuleManager: ModuleManager$ModuleInitListener.maybeUnloadModuleOnUnavailable():1386 module gjm is unavailable
03-09 21:28:38.538 10834 10834 I JapaneseMozcExtension: JapaneseMozcExtension.onDestroy():52 
03-09 21:28:38.538 10834 10834 I ModuleManager: ModuleManager$ModuleInitListener.maybeUnloadModuleOnUnavailable():1386 module gkb is unavailable
03-09 21:28:38.538 10834 10834 I ModuleManager: ModuleManager$ModuleInitListener.maybeUnloadModuleOnUnavailable():1386 module gya is unavailable
03-09 21:28:38.538 10834 10834 I ModuleManager: ModuleManager$ModuleInitListener.maybeUnloadModuleOnUnavailable():1386 module IEmojiOrGifExtension is unavailable
