03-09 21:32:32.661  6942  6983 D libnfc_nci: checkAndUpdateAltRoute: changing the destination to DH
03-09 21:32:32.661  6942  6983 I libnfc_nci: SecureElement::getEseHandleFromGenericId: enter; ESE-ID = 0x00
03-09 21:32:32.661  6942  6983 I libnfc_nci: SecureElement::getEseHandleFromGenericId: enter; ESE-Handle = 0x400
03-09 21:32:32.661  6942  6983 D libnfc_nci: nfcManager_getDefaultAidRoute route = 0
03-09 21:32:32.661  6942  6983 D NfcService: defaultAidRoute : 57
03-09 21:32:32.661  6942  6983 E AidRoutingManager: Size of routing table970
03-09 21:32:32.661  6942  6983 D AidRoutingManager: #######Routing AID A000000809434343444B467631 to route 0 with power 57
03-09 21:32:32.661  6942  6983 D AidRoutingManager: #######Routing AID F00000FE2C to route 0 with power 17
03-09 21:32:32.661  6942  6983 D AidRoutingManager: #######Routing AID A00000047643276C1FDE7A39B9C05716 to route 0 with power 57
03-09 21:32:32.661  6942  6983 D AidRoutingManager: #######Routing AID 4F53452E5641532E3031 to route 0 with power 57
03-09 21:32:32.661  6942  6983 D AidRoutingManager: #######Routing AID A000000596050100 to route 0 with power 17
03-09 21:32:32.661  6942  6983 D AidRoutingManager: #######Routing AID F0000020180327 to route 0 with power 17
03-09 21:32:32.661  6942  6983 D AidRoutingManager: #######Routing AID F0000020151012 to route 0 with power 17
03-09 21:32:32.661  6942  6983 D AidRoutingManager: #######Routing AID A000000476D0000111 to route 0 with power 57
03-09 21:32:32.661  6942  6983 D AidRoutingManager: #######Routing AID A000000940BCB000 to route 0 with power 57
03-09 21:32:32.661  6942  6983 D AidRoutingManager: #######Routing AID A000000476B00003 to route 0 with power 17
03-09 21:32:32.662  6942  6983 I NfcService: Add T4T Nfcee AID
03-09 21:32:32.662  6942  6983 D NfcService: T4TNfceePowerState : 59
03-09 21:32:32.662  6942  6983 D AidRoutingManager: Routing table unchanged, not updating
03-09 21:32:32.662  6942  6942 D libnfc_nci: FW Version: 1.1.30
03-09 21:32:32.662  6942  6942 I libnfc_nci: nfcManager_isFwSupportNonStdT4TAid Enter isFwSupport = 1
03-09 21:32:32.662  6942  6942 D libnfc_nci: getT4TNfceeAid:enter
03-09 21:32:32.662  6942  6942 D libnfc_nci: getT4TNfceeAid:Exit
03-09 21:32:32.662  6942  6942 D libnfc_nci: RoutingManager::addAidRouting: enter
03-09 21:32:32.662  6942  6942 I libnfc_nci: SecureElement::getEseHandleFromGenericId: enter; ESE-ID = 0x7F
03-09 21:32:32.662  6942  6942 I libnfc_nci: SecureElement::getEseHandleFromGenericId: enter; ESE-Handle = 0x410
03-09 21:32:32.662  6942  8007 D libnfc_nci: RoutingManager::nfaEeCallback: NFA_EE_ADD_AID_EVT  status=0
03-09 21:32:32.662  6942  6942 D libnfc_nci: RoutingManager::addAidRouting: routed AID
03-09 21:32:32.662  2300  2300 D SurfaceFlinger: Setting power mode 0 on display 4630947043778501762
03-09 21:32:32.663  3163  7471 W PackageManager: Missing required system package: com.phonepe.app, but found with extended search.
03-09 21:32:32.663  3163  7471 W PackageManager: Missing required system package: com.kinpos.wallytech, but found with extended search.
03-09 21:32:32.663  3163  7471 W PackageManager: Missing required system package: com.coulombtech, but found with extended search.
03-09 21:32:32.663  3163  7471 W PackageManager: Missing required system package: com.paypal.android.p2pmobile, but found with extended search.
03-09 21:32:32.663  3163  7471 W PackageManager: Missing required system package: com.paypal.android.p2pmobile, but found with extended search.
03-09 21:32:32.663  3163  7471 W PackageManager: Missing required system package: com.myklarnamobile, but found with extended search.
03-09 21:32:32.667  5993  8761 I NearbyDiscovery: (REDACTED) PureOffloadFastPairScanner: eventType=%s, isInternalReq=%s, isScanning=%s, isScanningAllowed=%s
03-09 21:32:32.675  5993  8761 I NearbyDiscovery: (REDACTED) ApFastPairScanner: isScreenOn=%s, isLocationEnabled=%s, disableLocationRequirement=%s, isDiscoveryScanningEnabled=%s, during24GhzWifiWarmingUpPeriod=%s
03-09 21:32:32.675  5754  5776 D SecureElementService: getReaders() for com.android.nfc
03-09 21:32:32.675  5993  8761 D BluetoothAdapter: isLeEnabled(): ON
03-09 21:32:32.675  5993  8761 I NearbyDiscovery: (REDACTED) ApFastPairScanner: eventType=%s, intReq=%s, scanning=%s, scanAllowed=%s, bleEnabled=%s, lockScanRate=%s, startScanningByLowPowerMode=%s
03-09 21:32:32.675  5993  8761 I NearbyDiscovery: (REDACTED) ApFastPairScanner: Stopping scan, %s
03-09 21:32:32.675  5993  8761 D BluetoothAdapter: isLeEnabled(): ON
03-09 21:32:32.676  2064  2064 I sensors-hal: activate:173, android.sensor.light/51 en=0
03-09 21:32:32.676  6942  6983 D ForegroundUtils: Checking UID:10645
03-09 21:32:32.677  2064  2064 I sensors-hal: activate:184, android.sensor.light/51 en=0 completed
03-09 21:32:32.677  2061  2108 E minksocket: MinkIPC_QRTR_Service: client with node 1 port 67a7 went down
03-09 21:32:32.677  6942  6983 E PreferredCardEmulationServices: Calling UID is not in the foreground, ignorning!
03-09 21:32:32.677  5993 27030 I NearbySharing: Screen is locked
03-09 21:32:32.677  5993 27030 I NearbySharing: Stopping scanning because the screen is locked.
03-09 21:32:32.677  5754  5776 D SecureElementService: getReaders() for com.android.nfc
03-09 21:32:32.678  5993 27030 I NearbySharing: Stopping Fast Init advertisement because we're not scanning in the foreground.
03-09 21:32:32.680  5993 27030 I NearbySharing: Stopping advertising because Nearby Sharing is disabled.
03-09 21:32:32.680  5993 27030 I NearbySharing: Stopping FastInitiation scanning because the screen is locked.
03-09 21:32:32.678  7545  7545 I FileStationLog: [ FS_h$a ] - [Display] Changed display: 0
03-09 21:32:32.681  5993 27030 I NearbySharing: Fast Initiation Scanning has stopped
03-09 21:32:32.682  5993  7698 I ActivityScheduler: nextTriggerTime: 36322641, in 14062ms, detectorType: 39, FULL_TYPE alarmWindowMillis: 3750
03-09 21:32:32.686  5658  6105 I bt_shim_scanner: system/main/shim/le_scanning_manager.cc:185 Scan: in shim layer stopped
03-09 21:32:32.687  5658  5907 I bluetooth: system/gd/hci/le_address_manager.cc:244 unregister_client: Client unregistered
03-09 21:32:32.687  5658  6105 I bt_shim_scanner: system/main/shim/le_scanning_manager.cc:220 ScanFilterParamSetup: in shim layer, clientIf=1
03-09 21:32:32.687  5658  5907 I bluetooth: system/gd/hci/le_address_manager.cc:248 unregister_client: Cancelled address rotation alarm
03-09 21:32:32.687  5993 27030 I NearbySharing: Dismissing HUN as there's no device nearby.
03-09 21:32:32.689  5658  6105 I bt_shim_scanner: system/main/shim/le_scanning_manager.cc:220 ScanFilterParamSetup: in shim layer, clientIf=1
03-09 21:32:32.691  5658  7943 I bt_shim_scanner: system/main/shim/le_scanning_manager.cc:179 Unregister: in shim layer, scannerId=1
03-09 21:32:32.701  5625  5920 D Tile.ScreenshotTile: update state
03-09 21:32:32.710 30627 30627 I ThermalEngine: devices_manager_init: Init
03-09 21:32:32.710 30627 30627 I ThermalEngine: Number of gpus :1
03-09 21:32:32.710 30627 30627 I ThermalEngine: Number of cpus :8
03-09 21:32:32.711  3163  5235 E MotoSxfService: ModeUsage or ActivityState is null.
03-09 21:32:32.712  2061  2108 E minksocket: MinkIPC_QRTR_Service: client with node 1 port 67d1 went down
03-09 21:32:32.712  2061  2108 E minksocket: MinkIPC_QRTR_Service: client with node 1 port 67d2 went down
03-09 21:32:32.712  2061  2108 E minksocket: MinkIPC_QRTR_Service: client with node 1 port 67d3 went down
03-09 21:32:32.714  2061  2108 E minksocket: MinkIPC_QRTR_Service: client with node 1 port 67d4 went down
03-09 21:32:32.714  2061  2108 E minksocket: MinkIPC_QRTR_Service: client with node 1 port 67d5 went down
03-09 21:32:32.714  2061  2108 E minksocket: MinkIPC_QRTR_Service: client with node 1 port 67d6 went down
03-09 21:32:32.715  2061  2108 E minksocket: MinkIPC_QRTR_Service: client with node 1 port 67d7 went down
03-09 21:32:32.716 30627 30627 E ThermalEngine: tmd_add_cpufreq_dev_data: Invalid or no boost freqs
03-09 21:32:32.718  2061  2108 E minksocket: MinkIPC_QRTR_Service: client with node 1 port 67d8 went down
03-09 21:32:32.721  7545  7545 I FileStationLog: [ FS_h ] - [Logic] Retrieved display info: LogicDisplayInfo(width=1080, height=2640, orientation=1, rotation=0, displayId=0)
03-09 21:32:32.721  7545  7545 I FileStationLog: [ FS_h$a ] - [Display] New logical size: 1080x2640
03-09 21:32:32.721  7545  7545 I FileStationLog: [ FS_h$a ] - [Display] Screen width unchanged: 1080
03-09 21:32:32.722  2061  2108 E minksocket: MinkIPC_QRTR_Service: client with node 1 port 67d9 went down
03-09 21:32:32.722 30627 30627 E ThermalEngine: tmd_add_cpufreq_dev_data: Invalid or no boost freqs
03-09 21:32:32.722  2195  2586 I SDM     : DisplayBase::SetDisplayState: Set state = 0, display 57-0, teardown = 0
03-09 21:32:32.724  2061  2108 E minksocket: MinkIPC_QRTR_Service: client with node 1 port 67da went down
03-09 21:32:32.725 30627 30627 E ThermalEngine: tmd_add_cpufreq_dev_data: Invalid or no boost freqs
03-09 21:32:32.726  2061  2108 E minksocket: MinkIPC_QRTR_Service: client with node 1 port 67db went down
03-09 21:32:32.726  2195  2586 I SDM     : DRMPanelFeatureMgr::MarkForNullCommit: Marked 7 for null commit
03-09 21:32:32.726  2195  2586 I SDM     : HWDeviceDRM::NullCommit: Null commit succeeded crtc=141
03-09 21:32:32.727  2061  2108 E minksocket: MinkIPC_QRTR_Service: client with node 1 port 67dc went down
03-09 21:32:32.728  2061  2108 E minksocket: MinkIPC_QRTR_Service: client with node 1 port 67dd went down
03-09 21:32:32.730  2061  2108 E minksocket: MinkIPC_QRTR_Service: client with node 1 port 67de went down
03-09 21:32:32.731 30627 30627 E ThermalEngine: devices_manager_reg_clnt: Invalid dev cdsp_sw.
03-09 21:32:32.731  2061  2108 E minksocket: MinkIPC_QRTR_Service: client with node 1 port 67df went down
03-09 21:32:32.732  2061  2108 E minksocket: MinkIPC_QRTR_Service: client with node 1 port 67e1 went down
03-09 21:32:32.734 30627 30631 E ThermalEngine: verify_tmd_device: Device:cpuv_restriction_cold available. max:1
03-09 21:32:32.734 30080 30080 D VRI[MapActivity]: visibilityChanged oldVisibility=true newVisibility=false
03-09 21:32:32.734  2061  2108 E minksocket: MinkIPC_QRTR_Service: client with node 1 port 67e3 went down
03-09 21:32:32.734 30627 30634 E ThermalEngine: verify_tmd_device: Device:cpuv_restriction_cold available. max:1
03-09 21:32:32.734 30627 30634 E ThermalEngine: devices_manager_add_dev: Device:cpuv_restriction_cold already exists
03-09 21:32:32.734 30627 30631 E ThermalEngine: verify_tmd_device: Device:modem_lte_dsc available. max:255
03-09 21:32:32.735 30627 30631 E ThermalEngine: verify_tmd_device: Device:modem_lte_sub1_dsc available. max:255
03-09 21:32:32.735 30627 30634 E ThermalEngine: verify_tmd_device: Device:cdsp_hw available. max:1
03-09 21:32:32.736 30627 30634 E ThermalEngine: verify_tmd_device: Device:cdsp_sw available. max:6
03-09 21:32:32.736 30627 30634 I ThermalEngine: CDSP thermal mitigation available.
03-09 21:32:32.736 30627 30631 E ThermalEngine: verify_tmd_device: Device:modem_nr_dsc available. max:255
03-09 21:32:32.736  2061  2108 E minksocket: MinkIPC_QRTR_Service: client with node 1 port 67e4 went down
03-09 21:32:32.726 30627 30627 W thermal-engine-: type=1400 audit(0.0:243518): avc:  denied  { read } for  scontext=u:r:vendor_thermal-engine:s0 tcontext=u:r:init:s0 tclass=file permissive=0
03-09 21:32:32.726 30627 30627 W thermal-engine-: type=1400 audit(0.0:243519): avc:  denied  { read } for  scontext=u:r:vendor_thermal-engine:s0 tcontext=u:r:kernel:s0 tclass=file permissive=0
03-09 21:32:32.726 30627 30627 W thermal-engine-: type=1400 audit(0.0:243520): avc:  denied  { read } for  scontext=u:r:vendor_thermal-engine:s0 tcontext=u:r:kernel:s0 tclass=file permissive=0
03-09 21:32:32.726 30627 30627 W thermal-engine-: type=1400 audit(0.0:243521): avc:  denied  { read } for  scontext=u:r:vendor_thermal-engine:s0 tcontext=u:r:kernel:s0 tclass=file permissive=0
03-09 21:32:32.726 30627 30627 W thermal-engine-: type=1400 audit(0.0:243522): avc:  denied  { read } for  scontext=u:r:vendor_thermal-engine:s0 tcontext=u:r:kernel:s0 tclass=file permissive=0
03-09 21:32:32.726 30627 30627 W thermal-engine-: type=1400 audit(0.0:243523): avc:  denied  { read } for  scontext=u:r:vendor_thermal-engine:s0 tcontext=u:r:kernel:s0 tclass=file permissive=0
03-09 21:32:32.726 30627 30627 W thermal-engine-: type=1400 audit(0.0:243524): avc:  denied  { read } for  scontext=u:r:vendor_thermal-engine:s0 tcontext=u:r:kernel:s0 tclass=file permissive=0
03-09 21:32:32.736 30627 30631 E ThermalEngine: verify_tmd_device: Device:modem_nr_sub1_dsc available. max:255
03-09 21:32:32.737 30627 30631 E ThermalEngine: verify_tmd_device: Device:modem_nr_scg_dsc available. max:255
03-09 21:32:32.737  2061  2108 E minksocket: MinkIPC_QRTR_Service: client with node 1 port 67e5 went down
03-09 21:32:32.739  2061  2108 E minksocket: MinkIPC_QRTR_Service: client with node 1 port 67e6 went down
03-09 21:32:32.739 30627 30633 E ThermalEngine: verify_tmd_device: Device:cpuv_restriction_cold available. max:1
03-09 21:32:32.739 30627 30633 E ThermalEngine: devices_manager_add_dev: Device:cpuv_restriction_cold already exists
03-09 21:32:32.739 30627 30633 I ThermalEngine: ADSP thermal mitigation available.
03-09 21:32:32.739 30627 30631 E ThermalEngine: verify_tmd_device: Device:modem_nr_scg_sub1_dsc available. max:255
03-09 21:32:32.739 30627 30631 E ThermalEngine: verify_tmd_device: Device:sdr0_lte_dsc available. max:255
03-09 21:32:32.741 30627 30631 E ThermalEngine: verify_tmd_device: Device:sdr1_lte_dsc available. max:255
03-09 21:32:32.741 30627 30631 E ThermalEngine: verify_tmd_device: Device:sdr0_nr_dsc available. max:255
03-09 21:32:32.742 30627 30631 E ThermalEngine: verify_tmd_device: Device:sdr1_nr_dsc available. max:255
03-09 21:32:32.743 30627 30631 E ThermalEngine: verify_tmd_device: Device:pa_lte_sdr0_dsc available. max:255
03-09 21:32:32.744 30627 30631 E ThermalEngine: verify_tmd_device: Device:pa_lte_sdr1_dsc available. max:255
03-09 21:32:32.744 30627 30631 E ThermalEngine: verify_tmd_device: Device:pa_lte_sdr0_sub1_dsc available. max:255
03-09 21:32:32.746 30627 30631 E ThermalEngine: verify_tmd_device: Device:pa_lte_sdr1_sub1_dsc available. max:255
03-09 21:32:32.747 30627 30631 E ThermalEngine: verify_tmd_device: Device:pa_nr_sdr0_dsc available. max:255
03-09 21:32:32.747 30080 30387 W ProxyAndroidLoggerBackend: Too many Flogger logs received before configuration. Dropping old logs.
03-09 21:32:32.747 30080 30387 D Surface : Surface::disconnect
03-09 21:32:32.747 30080 30387 D BufferQueueProducer: [SurfaceTexture-0-30080-0](id:758000000004,api:1,p:30080,c:30080) disconnect: api 1
03-09 21:32:32.747 30627 30627 I ThermalEngine: Found /system/bin/installd, file: 2737
03-09 21:32:32.747 30627 30627 E ThermalEngine: tmd_init_battery_data: type 0 
03-09 21:32:32.747 30627 30627 E ThermalEngine: tmd_init_battery_data: Unknown type: 0
03-09 21:32:32.747 30627 30627 E ThermalEngine: tmd_init_battery_data: type 1 
03-09 21:32:32.748 30627 30631 E ThermalEngine: verify_tmd_device: Device:pa_nr_sdr1_dsc available. max:255
03-09 21:32:32.748 30627 30631 E ThermalEngine: verify_tmd_device: Device:pa_nr_sdr0_sub1_dsc available. max:255
03-09 21:32:32.749 30627 30631 E ThermalEngine: verify_tmd_device: Device:pa_nr_sdr1_sub1_dsc available. max:255
03-09 21:32:32.749 30627 30627 E ThermalEngine: tmd_init_battery_data: type 2 
03-09 21:32:32.749 30627 30631 E ThermalEngine: verify_tmd_device: Device:pa_nr_sdr0_scg_dsc available. max:255
03-09 21:32:32.750  2068  6060 I vendor.qti.bluetooth@1.0-ibs_handler: ProcessIbsCmd: Received IBS_SLEEP_IND: 0xFE
03-09 21:32:32.750 30627 30631 E ThermalEngine: verify_tmd_device: Device:pa_nr_sdr1_scg_dsc available. max:255
03-09 21:32:32.751 30627 30631 E ThermalEngine: verify_tmd_device: Device:mmw0_dsc available. max:255
03-09 21:32:32.751 30627 30631 E ThermalEngine: verify_tmd_device: Device:mmw0_sub1_dsc available. max:255
03-09 21:32:32.753 30627 30631 E ThermalEngine: verify_tmd_device: Device:mmw1_dsc available. max:255
03-09 21:32:32.754 30627 30631 E ThermalEngine: verify_tmd_device: Device:mmw1_sub1_dsc available. max:255
03-09 21:32:32.755 30627 30631 E ThermalEngine: verify_tmd_device: Device:mmw2_dsc available. max:255
03-09 21:32:32.756 30627 30631 E ThermalEngine: verify_tmd_device: Device:mmw2_sub1_dsc available. max:255
03-09 21:32:32.756 30627 30631 E ThermalEngine: verify_tmd_device: Device:mmw3_dsc available. max:255
03-09 21:32:32.757 30627 30627 E ThermalEngine: tmd_init_battery_data: type 3 
03-09 21:32:32.757 30627 30627 E ThermalEngine: tmd_init_battery_data: Unknown type: 3
03-09 21:32:32.757 30627 30627 E ThermalEngine: tmd_init_battery_data: type 4 
03-09 21:32:32.757 30627 30627 E ThermalEngine: tmd_init_battery_data: Unknown type: 4
03-09 21:32:32.757 30627 30627 E ThermalEngine: Failed to reading /sys/class/leds/lcd-backlight/max_brightness
03-09 21:32:32.758 30627 30627 E ThermalEngine: Switch to /sys/class/backlight/panel0-backlight/max_brightness successfully
03-09 21:32:32.758 30627 30631 E ThermalEngine: verify_tmd_device: Device:mmw3_sub1_dsc available. max:255
03-09 21:32:32.758 30627 30631 E ThermalEngine: verify_tmd_device: Device:mmw_ific_dsc available. max:255
03-09 21:32:32.758 30627 30631 E ThermalEngine: verify_tmd_device: Device:mmw_ific_sub1_dsc available. max:255
03-09 21:32:32.758 30627 30631 E ThermalEngine: verify_tmd_device: Device:wlan available. max:4
03-09 21:32:32.758 30627 30631 E ThermalEngine: verify_tmd_device: Device:wlan_bw available. max:1
03-09 21:32:32.760 30627 30631 E ThermalEngine: verify_tmd_device: Device:modem_bw_backoff available. max:255
03-09 21:32:32.760 30627 30627 E ThermalEngine: parse_cooling_devices: Added cooling device: display-fps with cdev id:31
03-09 21:32:32.761 30627 30627 E ThermalEngine: parse_cooling_devices: Added cooling device: cpu-hotplug3 with cdev id:21
03-09 21:32:32.761 30627 30627 E ThermalEngine: parse_cooling_devices: Added cooling device: pause-cpu3 with cdev id:11
03-09 21:32:32.761 30627 30631 E ThermalEngine: verify_tmd_device: Device:cpr_cold available. max:3
03-09 21:32:32.761 30627 30631 I ThermalEngine: MODEM thermal mitigation available.
03-09 21:32:32.761 30627 30627 E ThermalEngine: parse_cooling_devices: Added cooling device: mmw0_dsc_kr with cdev id:58
03-09 21:32:32.761 30627 30627 E ThermalEngine: parse_cooling_devices: Added cooling device: sdr0_lte_dsc_kr with cdev id:48
03-09 21:32:32.761 30627 30627 E ThermalEngine: parse_cooling_devices: Added cooling device: panel0-backlight with cdev id:38
03-09 21:32:32.761 30627 30627 E ThermalEngine: parse_cooling_devices: Added cooling device: pause-cpu7 with cdev id:8
03-09 21:32:32.761 30627 30627 E ThermalEngine: parse_cooling_devices: Added cooling device: ufs with cdev id:28
03-09 21:32:32.761 30627 30627 E ThermalEngine: parse_cooling_devices: Added cooling device: pa_nr_sdr0_scg_kr with cdev id:56
03-09 21:32:32.761 30627 30627 E ThermalEngine: parse_cooling_devices: Added cooling device: cpu-hotplug0 with cdev id:18
03-09 21:32:32.762 30627 30627 E ThermalEngine: parse_cooling_devices: Added cooling device: pa_nr_sdr0_dsc_kr with cdev id:54
03-09 21:32:32.762 30627 30627 E ThermalEngine: parse_cooling_devices: Added cooling device: modem_vdd with cdev id:44
03-09 21:32:32.762 30627 30627 E ThermalEngine: parse_cooling_devices: Added cooling device: mmw_ific_dsc_kr with cdev id:62
03-09 21:32:32.762 30627 30627 E ThermalEngine: parse_cooling_devices: Added cooling device: pause-cpu5 with cdev id:4
03-09 21:32:32.762 30627 30627 E ThermalEngine: parse_cooling_devices: Added cooling device: cpu-hotplug7 with cdev id:24
03-09 21:32:32.762 30627 30627 E ThermalEngine: parse_cooling_devices: Added cooling device: pa_lte_sdr0_dsc_kr with cdev id:52
03-09 21:32:32.762 30627 30627 E ThermalEngine: parse_cooling_devices: Added cooling device: mmw2_dsc_kr with cdev id:60
03-09 21:32:32.762 30627 30627 E ThermalEngine: parse_cooling_devices: Added cooling device: pause-cpu0 with cdev id:2
03-09 21:32:32.762 30627 30627 E ThermalEngine: parse_cooling_devices: Added cooling device: cpu-hotplug5 with cdev id:22
03-09 21:32:32.762 30627 30627 E ThermalEngine: parse_cooling_devices: Added cooling device: sdr0_nr_dsc_kr with cdev id:50
03-09 21:32:32.763 30627 30627 E ThermalEngine: parse_cooling_devices: Added cooling device: pause-cpu6 with cdev id:12
03-09 21:32:32.763 30627 30627 E ThermalEngine: parse_cooling_devices: Added cooling device: mmw1_dsc_kr with cdev id:59
03-09 21:32:32.763 30627 30627 E ThermalEngine: parse_cooling_devices: Added cooling device: pause-cpu1 with cdev id:0
03-09 21:32:32.763 30627 30627 E ThermalEngine: parse_cooling_devices: Added cooling device: cpu-hotplug2 with cdev id:20
03-09 21:32:32.763 30627 30627 E ThermalEngine: parse_cooling_devices: Added cooling device: sdr1_lte_dsc_kr with cdev id:49
03-09 21:32:32.763 30627 30627 E ThermalEngine: parse_cooling_devices: Added cooling device: panel1-backlight with cdev id:39
03-09 21:32:32.763 30627 30627 E ThermalEngine: parse_cooling_devices: Added cooling device: pause-cpu2 with cdev id:9
03-09 21:32:32.763 30627 30627 E ThermalEngine: parse_cooling_devices: Added cooling device: pa_nr_sdr1_scg_kr with cdev id:57
03-09 21:32:32.764 30627 30627 E ThermalEngine: parse_cooling_devices: Added cooling device: cpu-hotplug1 with cdev id:19
03-09 21:32:32.764 30080 30180 D Surface : Surface::disconnect
03-09 21:32:32.764 30080 30180 D BufferQueueProducer: [com.coulombtech/com.cp.ui.activity.map.MapActivity#11772(BLAST Consumer)pid:30080](id:758000000006,api:1,p:30080,c:30080) disconnect: api 1
03-09 21:32:32.764 30627 30627 E ThermalEngine: parse_cooling_devices: Added cooling device: pa_nr_sdr1_dsc_kr with cdev id:55
03-09 21:32:32.764 30627 30627 E ThermalEngine: parse_cooling_devices: Added cooling device: thermal-cpufreq-0 with cdev id:25
03-09 21:32:32.764 30627 30627 E ThermalEngine: parse_cooling_devices: Added cooling device: pa_lte_sdr1_dsc_kr with cdev id:53
03-09 21:32:32.764 30627 30627 E ThermalEngine: parse_cooling_devices: Added cooling device: wsa with cdev id:43
03-09 21:32:32.764 30627 30627 E ThermalEngine: parse_cooling_devices: Added cooling device: mmw3_dsc_kr with cdev id:61
03-09 21:32:32.765 30627 30627 E ThermalEngine: parse_cooling_devices: Added cooling device: cpu-hotplug6 with cdev id:23
03-09 21:32:32.765 30627 30627 E ThermalEngine: parse_cooling_devices: Added cooling device: sdr1_nr_dsc_kr with cdev id:51
03-09 21:32:32.765 30627 30627 I ThermalEngine: sensors_manager_init: Init
03-09 21:32:32.765 30627 30627 E ThermalEngine: Event ID:3 Sampling ID:2
03-09 21:32:32.779  3163  7024 D PowerManagerService: nativeReleaseSuspendBlocker name:PowerManagerService.WakeLocks duration ms: 0
03-09 21:32:32.780  7314  7314 D GameMode: onStartedActivityChange: componnent: ComponentInfo{com.coulombtech/com.cp.ui.activity.map.MapActivity} entered launcher screen? false
03-09 21:32:32.789  5625  5625 I vol.VolumeDialogImpl: dismissH reason = posture_changed mDialog.isShowing(): false
03-09 21:32:32.799  5993 27491 I NetworkScheduler: (REDACTED) Error inserting %s
03-09 21:32:32.840  5625  6677 D PowerUI : can't show warning due to - plugged: true status unknown: false
03-09 21:32:32.843  3163  3163 V UiModeManager: updateLocked: null action, mDockState=0, category=null
03-09 21:32:32.843  3163  3163 D UiModeManager: updateConfigurationLocked: mDockState=0; mCarMode=false; mNightMode=com.android.server.UiModeManagerService$1@410d4bd; mNightModeCustomType=-1; uiMode=33
03-09 21:32:32.846  5727  5727 D QtiCarrierConfigHelper: WARNING, no carrier configs on phone Id: 0
03-09 21:32:32.846  5727  5727 D QtiCarrierConfigHelper: WARNING, no carrier configs on phone Id: 1
03-09 21:32:32.861 30627 30627 E ThermalEngine: Unable to change to /sys/devices/soc/
03-09 21:32:32.861 30627 30627 E ThermalEngine: bcl_setup: Unexpected node error
03-09 21:32:32.861 30627 30627 E ThermalEngine: add_tgt_sensor: bcl sensor setup failed failed.
03-09 21:32:32.861 30627 30627 E ThermalEngine: add_tgt_sensors_set_optional: Error adding bcl
03-09 21:32:32.864 30627 30627 E ThermalEngine: sysfs_setup: report: path /sys/class/power_supply/battery/capacity
03-09 21:32:32.864 30627 30627 E ThermalEngine: sysfs_setup: opening /sys/class/power_supply/battery/capacity
03-09 21:32:32.864 30627 30627 E ThermalEngine: sysfs_setup: found sensor cluster0: cluster id = 0
03-09 21:32:32.864 30627 30627 E ThermalEngine: sysfs_setup: found sensor cluster1: cluster id = 1
03-09 21:32:32.864 30627 30627 E ThermalEngine: sysfs_setup: report: path /sys/class/power_supply/battery/charge_rate
03-09 21:32:32.864 30627 30627 E ThermalEngine: sysfs_setup: opening /sys/class/power_supply/battery/charge_rate
03-09 21:32:32.865  2195  2586 I SDM     : DisplayBase::SetDisplayState: active 0-0 state 0-0 pending_power_state_ 0
03-09 21:32:32.866 30627 30627 E ThermalEngine: sysfs_setup: report: path /proc/loadavg
03-09 21:32:32.866 30627 30627 E ThermalEngine: sysfs_setup: opening /proc/loadavg
03-09 21:32:32.866 30627 30627 E ThermalEngine: sysfs_setup: report: path /proc/stat
03-09 21:32:32.866 30627 30627 E ThermalEngine: sysfs_setup: opening /proc/stat
03-09 21:32:32.866 30627 30627 E ThermalEngine: sysfs_setup: report: path /sys/class/power_supply/battery/capacity
03-09 21:32:32.866 30627 30627 E ThermalEngine: sysfs_setup: opening /sys/class/power_supply/battery/capacity
03-09 21:32:32.866 30627 30627 E ThermalEngine: sysfs_setup: report: path /sys/class/backlight/panel0-backlight/brightness
03-09 21:32:32.866 30627 30627 E ThermalEngine: sysfs_setup: opening /sys/class/backlight/panel0-backlight/brightness
03-09 21:32:32.866  2300  2300 D SurfaceFlinger: Finished setting power mode 0 on display 4630947043778501762
03-09 21:32:32.866 30627 30627 E ThermalEngine: sysfs_setup: report: path /proc/stat
03-09 21:32:32.866 30627 30627 E ThermalEngine: sysfs_setup: opening /proc/stat
03-09 21:32:32.866 30627 30627 E ThermalEngine: sysfs_setup: report: path /sys/class/backlight/panel0-backlight/brightness
03-09 21:32:32.866 30627 30627 E ThermalEngine: sysfs_setup: opening /sys/class/backlight/panel0-backlight/brightness
03-09 21:32:32.866 30627 30627 E ThermalEngine: sysfs_setup: report: path /proc/loadavg
03-09 21:32:32.866 30627 30627 E ThermalEngine: sysfs_setup: opening /proc/loadavg
03-09 21:32:32.866 30627 30627 E ThermalEngine: sysfs_setup: report: path /sys/class/power_supply/wireless/online
03-09 21:32:32.866 30627 30627 E ThermalEngine: sysfs_setup: opening /sys/class/power_supply/wireless/online
03-09 21:32:32.867  3163  5305 D SurfaceControl: Excessive delay in setPowerMode()
03-09 21:32:32.867  3163  5305 D PowerManagerService: nativeSetPowerMode ret:false mode:9 enabled:true duration ms: 0
03-09 21:32:32.866  2214  2254 W ANDR-PERF-LM: FeatureState: readState() 151: warning: appName is NULL, returning default State
03-09 21:32:32.867 30627 30627 E ThermalEngine: No hwmon device found in the kernel for sensor tmp108
03-09 21:32:32.867 30627 30627 E ThermalEngine: add_tgt_sensor: tmp108 sensor setup failed failed.
03-09 21:32:32.867 30627 30627 E ThermalEngine: add_tgt_sensors_set_optional: Error adding tmp108
03-09 21:32:32.867  2214  2254 W ANDR-PERF-LM: FeatureState: readState() 151: warning: appName is NULL, returning default State
03-09 21:32:32.867  2214  2254 W ANDR-PERF-LM: FeatureState: readState() 151: warning: appName is NULL, returning default State
03-09 21:32:32.867 30627 30627 E ThermalEngine: No hwmon device found in the kernel for sensor msm_tmp108
03-09 21:32:32.867 30627 30627 E ThermalEngine: add_tgt_sensor: msm_tmp108 sensor setup failed failed.
03-09 21:32:32.867 30627 30627 E ThermalEngine: add_tgt_sensors_set_optional: Error adding msm_tmp108
03-09 21:32:32.868 30627 30627 E ThermalEngine: No hwmon device found in the kernel for sensor quiet_tmp108
03-09 21:32:32.868 30627 30627 E ThermalEngine: add_tgt_sensor: quiet_tmp108 sensor setup failed failed.
03-09 21:32:32.868 30627 30627 E ThermalEngine: add_tgt_sensors_set_optional: Error adding quiet_tmp108
03-09 21:32:32.868 30627 30627 I ThermalEngine: Loading config file for virtual sensor
03-09 21:32:32.868 30627 30627 I ThermalEngine: Loading configuration file /vendor/etc/thermal-engine-lynkco-cli.conf
03-09 21:32:32.868 30627 30627 I ThermalEngine: Parsing section global
03-09 21:32:32.868 30627 30627 I ThermalEngine: Created section 'FRONT_TEMP'
03-09 21:32:32.868 30627 30627 I ThermalEngine: Algo Type 'virtual'
03-09 21:32:32.868 30627 30627 I ThermalEngine: Parsing section FRONT_TEMP
03-09 21:32:32.868 30627 30627 I ThermalEngine: Found field 'trip_sensor'
03-09 21:32:32.868 30627 30627 I ThermalEngine: Found field 'thresholds'
03-09 21:32:32.868 30627 30627 I ThermalEngine: Found field 'thresholds_clr'
03-09 21:32:32.868 30627 30627 I ThermalEngine: Found field 'sensors'
03-09 21:32:32.868 30627 30627 I ThermalEngine: Found field 'weights'
03-09 21:32:32.868 30627 30627 I ThermalEngine: Found field 'offsets'
03-09 21:32:32.868 30627 30627 I ThermalEngine: Found field 'sampling'
03-09 21:32:32.868 30627 30627 I ThermalEngine: Found field 'math'
03-09 21:32:32.868 30627 30627 I ThermalEngine: Found field 'sys_temp'
03-09 21:32:32.868 30627 30627 I ThermalEngine: Created section 'BACK_TEMP'
03-09 21:32:32.868 30627 30627 I ThermalEngine: Algo Type 'virtual'
03-09 21:32:32.868 30627 30627 I ThermalEngine: Parsing section BACK_TEMP
03-09 21:32:32.868 30627 30627 I ThermalEngine: Found field 'trip_sensor'
03-09 21:32:32.868 30627 30627 I ThermalEngine: Found field 'thresholds'
03-09 21:32:32.868 30627 30627 I ThermalEngine: Found field 'thresholds_clr'
03-09 21:32:32.868 30627 30627 I ThermalEngine: Found field 'sensors'
03-09 21:32:32.868 30627 30627 I ThermalEngine: Found field 'weights'
03-09 21:32:32.868 30627 30627 I ThermalEngine: Found field 'offsets'
03-09 21:32:32.868 30627 30627 I ThermalEngine: Found field 'sampling'
03-09 21:32:32.868 30627 30627 I ThermalEngine: Found field 'math'
03-09 21:32:32.868 30627 30627 I ThermalEngine: Found field 'sys_temp'
03-09 21:32:32.868 30627 30627 I ThermalEngine: Created section 'FUSE_TEMP'
03-09 21:32:32.868 30627 30627 I ThermalEngine: Algo Type 'virtual'
03-09 21:32:32.868 30627 30627 I ThermalEngine: Parsing section FUSE_TEMP
03-09 21:32:32.868 30627 30627 I ThermalEngine: Found field 'trip_sensor'
03-09 21:32:32.868 30627 30627 I ThermalEngine: Found field 'thresholds'
03-09 21:32:32.868 30627 30627 I ThermalEngine: Found field 'thresholds_clr'
03-09 21:32:32.868 30627 30627 I ThermalEngine: Found field 'sensors'
03-09 21:32:32.868 30627 30627 I ThermalEngine: Found field 'weights'
03-09 21:32:32.868 30627 30627 I ThermalEngine: Found field 'offsets'
03-09 21:32:32.868 30627 30627 I ThermalEngine: Found field 'sampling'
03-09 21:32:32.868 30627 30627 I ThermalEngine: Found field 'math'
03-09 21:32:32.868 30627 30627 I ThermalEngine: Found field 'sys_temp'
03-09 21:32:32.868 30627 30627 I ThermalEngine: Created section 'BCHG_TEMP'
03-09 21:32:32.868 30627 30627 I ThermalEngine: Algo Type 'virtual'
03-09 21:32:32.868 30627 30627 I ThermalEngine: Parsing section BCHG_TEMP
03-09 21:32:32.868 30627 30627 I ThermalEngine: Found field 'trip_sensor'
03-09 21:32:32.868 30627 30627 I ThermalEngine: Found field 'thresholds'
03-09 21:32:32.868 30627 30627 I ThermalEngine: Found field 'thresholds_clr'
03-09 21:32:32.868 30627 30627 I ThermalEngine: Found field 'sensors'
03-09 21:32:32.868 30627 30627 I ThermalEngine: Found field 'weights'
03-09 21:32:32.868 30627 30627 I ThermalEngine: Found field 'offsets'
03-09 21:32:32.868 30627 30627 I ThermalEngine: Found field 'sampling'
03-09 21:32:32.868 30627 30627 I ThermalEngine: Found field 'math'
03-09 21:32:32.868 30627 30627 I ThermalEngine: Created section 'FRONT_MDM'
03-09 21:32:32.868 30627 30627 I ThermalEngine: Algo Type 'virtual'
03-09 21:32:32.868 30627 30627 I ThermalEngine: Parsing section FRONT_MDM
03-09 21:32:32.868 30627 30627 I ThermalEngine: Found field 'sensors'
03-09 21:32:32.868 30627 30627 I ThermalEngine: Found field 'weights'
03-09 21:32:32.868 30627 30627 I ThermalEngine: Found field 'trip_sensor'
03-09 21:32:32.869 30627 30627 I ThermalEngine: Found field 'trip_sensor_logic'
03-09 21:32:32.869 30627 30627 I ThermalEngine: Found field 'thresholds'
03-09 21:32:32.869 30627 30627 I ThermalEngine: Found field 'thresholds_clr'
03-09 21:32:32.869 30627 30627 I ThermalEngine: Found field 'offsets'
03-09 21:32:32.869 30627 30627 I ThermalEngine: Found field 'sampling'
03-09 21:32:32.869 30627 30627 I ThermalEngine: Found field 'math'
03-09 21:32:32.869 30627 30627 I ThermalEngine: Created section 'BCAM_TEMP'
03-09 21:32:32.869 30627 30627 I ThermalEngine: Algo Type 'virtual'
03-09 21:32:32.869 30627 30627 I ThermalEngine: Parsing section BCAM_TEMP
03-09 21:32:32.869 30627 30627 I ThermalEngine: Found field 'trip_sensor'
03-09 21:32:32.869 30627 30627 I ThermalEngine: Found field 'thresholds'
03-09 21:32:32.869 30627 30627 I ThermalEngine: Found field 'thresholds_clr'
03-09 21:32:32.869 30627 30627 I ThermalEngine: Found field 'sensors'
03-09 21:32:32.869 30627 30627 I ThermalEngine: Found field 'weights'
03-09 21:32:32.869 30627 30627 I ThermalEngine: Found field 'offsets'
03-09 21:32:32.869 30627 30627 I ThermalEngine: Found field 'sampling'
03-09 21:32:32.869 30627 30627 I ThermalEngine: Found field 'math'
03-09 21:32:32.869 30627 30627 I ThermalEngine: Created section 'DETECT-STANDBY'
03-09 21:32:32.869 30627 30627 I ThermalEngine: Algo Type 'virtual'
03-09 21:32:32.869 30627 30627 I ThermalEngine: Parsing section DETECT-STANDBY
03-09 21:32:32.869 30627 30627 I ThermalEngine: Found field 'trip_sensor'
03-09 21:32:32.869 30627 30627 I ThermalEngine: Found field 'thresholds'
03-09 21:32:32.869 30627 30627 I ThermalEngine: Found field 'thresholds_clr'
03-09 21:32:32.869 30627 30627 I ThermalEngine: Found field 'sensors'
03-09 21:32:32.869 30627 30627 I ThermalEngine: Found field 'weights'
03-09 21:32:32.869 30627 30627 I ThermalEngine: Found field 'sampling'
03-09 21:32:32.869 30627 30627 I ThermalEngine: Found field 'math'
03-09 21:32:32.869 30627 30627 I ThermalEngine: Found field 'less_than'
03-09 21:32:32.869 30627 30627 I ThermalEngine: Created section 'DETECT-WLS'
03-09 21:32:32.869 30627 30627 I ThermalEngine: Algo Type 'virtual'
03-09 21:32:32.869 30627 30627 I ThermalEngine: Parsing section DETECT-WLS
03-09 21:32:32.869 30627 30627 I ThermalEngine: Found field 'trip_sensor'
03-09 21:32:32.869 30627 30627 I ThermalEngine: Found field 'thresholds'
03-09 21:32:32.869 30627 30627 I ThermalEngine: Found field 'thresholds_clr'
03-09 21:32:32.869 30627 30627 I ThermalEngine: Found field 'sensors'
03-09 21:32:32.869 30627 30627 I ThermalEngine: Found field 'sampling'
03-09 21:32:32.869 30627 30627 I ThermalEngine: Found field 'math'
03-09 21:32:32.869 30627 30627 I ThermalEngine: [VIRTUAL-FAIL-SAFE-TJ]
03-09 21:32:32.869 30627 30627 I ThermalEngine: #algo_type virtual
03-09 21:32:32.869 30627 30627 I ThermalEngine: sensors nspss-0 nspss-1 nspss-2 gpuss-0 gpuss-1 camera-0 camera-1 mdmss-0 mdmss-1 mdmss-2 mdmss-3 video
03-09 21:32:32.869 30627 30627 I ThermalEngine: weights
03-09 21:32:32.869 30627 30627 I ThermalEngine: trip_sensor nspss-0 nspss-1 nspss-2 gpuss-0 gpuss-1 camera-0 camera-1 mdmss-0 mdmss-1 mdmss-2 mdmss-3 video
03-09 21:32:32.869 30627 30627 I ThermalEngine: trip_sensor_logic || || || || || || || || || || ||
03-09 21:32:32.869 30627 30627 I ThermalEngine: thresholds 100000 100000 100000 100000 100000 100000 100000 100000 100000 100000 100000 100000
03-09 21:32:32.869 30627 30627 I ThermalEngine: thresholds_clr 90000 90000 90000 90000 90000 90000 90000 90000 90000 90000 90000 90000
03-09 21:32:32.869 30627 30627 I ThermalEngine: offsets
03-09 21:32:32.869 30627 30627 I ThermalEngine: sampling 10
03-09 21:32:32.869 30627 30627 I ThermalEngine: math 2
03-09 21:32:32.869 30627 30627 I ThermalEngine: ambient_value
03-09 21:32:32.869 30627 30627 I ThermalEngine: rise_value
03-09 21:32:32.869 30627 30627 I ThermalEngine: [VIRTUAL-CPU-GOLD-TJ-SHUTDOWN]
03-09 21:32:32.869 30627 30627 I ThermalEngine: #algo_type virtual
03-09 21:32:32.869 30627 30627 I ThermalEngine: sensors cpu-1-0 cpu-1-1 cpu-1-2 cpu-1-3 cpu-1-4 cpu-1-5 cpu-1-6 cpu-1-7
03-09 21:32:32.869 30627 30627 I ThermalEngine: weights
03-09 21:32:32.869 30627 30627 I ThermalEngine: trip_sensor cpu-1-0 cpu-1-1 cpu-1-2 cpu-1-3 cpu-1-4 cpu-1-5 cpu-1-6 cpu-1-7
03-09 21:32:32.869 30627 30627 I ThermalEngine: trip_sensor_logic || || || || || || ||
03-09 21:32:32.869 30627 30627 I ThermalEngine: thresholds 115000 115000 115000 115000 115000 115000 115000 115000
03-09 21:32:32.869 30627 30627 I ThermalEngine: thresholds_clr 100000 100000 100000 100000 100000 100000 100000 100000
03-09 21:32:32.869 30627 30627 I ThermalEngine: offsets
03-09 21:32:32.869 30627 30627 I ThermalEngine: sampling 10
03-09 21:32:32.869 30627 30627 I ThermalEngine: math 2
03-09 21:32:32.869 30627 30627 I ThermalEngine: ambient_value
03-09 21:32:32.869 30627 30627 I ThermalEngine: rise_value
03-09 21:32:32.869 30627 30627 I ThermalEngine: [VIRTUAL-CPU-TJ-SHUTDOWN]
03-09 21:32:32.869 30627 30627 I ThermalEngine: #algo_type virtual
03-09 21:32:32.869 30627 30627 I ThermalEngine: sensors cpu-0-0 cpu-0-1 cpu-0-2 cpu-0-3 cpuss-0 cpuss-1
03-09 21:32:32.869 30627 30627 I ThermalEngine: weights
03-09 21:32:32.869 30627 30627 I ThermalEngine: trip_sensor cpu-0-0 cpu-0-1 cpu-0-2 cpu-0-3 cpuss-0 cpuss-1
03-09 21:32:32.869 30627 30627 I ThermalEngine: trip_sensor_logic || || || || ||
03-09 21:32:32.869 30627 30627 I ThermalEngine: thresholds 115000 115000 115000 115000 115000 115000
03-09 21:32:32.869 30627 30627 I ThermalEngine: thresholds_clr 100000 100000 100000 100000 100000 100000
03-09 21:32:32.869 30627 30627 I ThermalEngine: offsets
03-09 21:32:32.869 30627 30627 I ThermalEngine: sampling 10
03-09 21:32:32.869 30627 30627 I ThermalEngine: math 2
03-09 21:32:32.869 30627 30627 I ThermalEngine: ambient_value
03-09 21:32:32.869 30627 30627 I ThermalEngine: rise_value
03-09 21:32:32.869 30627 30627 I ThermalEngine: [VIRTUAL-NSP-TJ-SHUTDOWN]
03-09 21:32:32.869 30627 30627 I ThermalEngine: #algo_type virtual
03-09 21:32:32.869 30627 30627 I ThermalEngine: sensors nspss-0 nspss-1 nspss-2
03-09 21:32:32.869 30627 30627 I ThermalEngine: weights
03-09 21:32:32.869 30627 30627 I ThermalEngine: trip_sensor nspss-0 nspss-1 nspss-2
03-09 21:32:32.869 30627 30627 I ThermalEngine: trip_sensor_logic || ||
03-09 21:32:32.869 30627 30627 I ThermalEngine: thresholds 115000 115000 115000
03-09 21:32:32.869 30627 30627 I ThermalEngine: thresholds_clr 100000 100000 100000
03-09 21:32:32.869 30627 30627 I ThermalEngine: offsets
03-09 21:32:32.869 30627 30627 I ThermalEngine: sampling 10
03-09 21:32:32.869 30627 30627 I ThermalEngine: math 2
03-09 21:32:32.869 30627 30627 I ThermalEngine: ambient_value
03-09 21:32:32.869 30627 30627 I ThermalEngine: rise_value
03-09 21:32:32.869 30627 30627 I ThermalEngine: [VIRTUAL-MDM-TJ-SHUTDOWN]
03-09 21:32:32.869 30627 30627 I ThermalEngine: #algo_type virtual
03-09 21:32:32.869 30627 30627 I ThermalEngine: sensors mdmss-0 mdmss-1 mdmss-2 mdmss-3
03-09 21:32:32.869 30627 30627 I ThermalEngine: weights
03-09 21:32:32.869 30627 30627 I ThermalEngine: trip_sensor mdmss-0 mdmss-1 mdmss-2 mdmss-3
03-09 21:32:32.869 30627 30627 I ThermalEngine: trip_sensor_logic || || ||
03-09 21:32:32.869 30627 30627 I ThermalEngine: thresholds 115000 115000 115000 115000
03-09 21:32:32.869 30627 30627 I ThermalEngine: thresholds_clr 100000 100000 100000 100000
03-09 21:32:32.869 30627 30627 I ThermalEngine: offsets
03-09 21:32:32.869 30627 30627 I ThermalEngine: sampling 10
03-09 21:32:32.869 30627 30627 I ThermalEngine: math 2
03-09 21:32:32.869 30627 30627 I ThermalEngine: ambient_value
03-09 21:32:32.869 30627 30627 I ThermalEngine: rise_value
03-09 21:32:32.869 30627 30627 I ThermalEngine: [VIRTUAL-MM-TJ-SHUTDOWN]
03-09 21:32:32.869 30627 30627 I ThermalEngine: #algo_type virtual
03-09 21:32:32.869 30627 30627 I ThermalEngine: sensors gpuss-0 gpuss-1 video ddr camera-0 camera-1
03-09 21:32:32.869 30627 30627 I ThermalEngine: weights
03-09 21:32:32.869 30627 30627 I ThermalEngine: trip_sensor gpuss-0 gpuss-1 video ddr camera-0 camera-1
03-09 21:32:32.869 30627 30627 I ThermalEngine: trip_sensor_logic || || || || ||
03-09 21:32:32.869 30627 30627 I ThermalEngine: thresholds 115000 115000 115000 115000 115000 115000
03-09 21:32:32.869 30627 30627 I ThermalEngine: thresholds_clr 100000 100000 100000 100000 100000 100000
03-09 21:32:32.869 30627 30627 I ThermalEngine: offsets
03-09 21:32:32.869 30627 30627 I ThermalEngine: sampling 10
03-09 21:32:32.869 30627 30627 I ThermalEngine: math 2
03-09 21:32:32.869 30627 30627 I ThermalEngine: ambient_value
03-09 21:32:32.869 30627 30627 I ThermalEngine: rise_value
03-09 21:32:32.870 30627 30627 I ThermalEngine: [VIRTUAL-PMIC-ALARM-SHUTDOWN]
03-09 21:32:32.870 30627 30627 I ThermalEngine: #algo_type virtual
03-09 21:32:32.870 30627 30627 I ThermalEngine: sensors pm7325_tz pm8350c_tz
03-09 21:32:32.870 30627 30627 I ThermalEngine: weights
03-09 21:32:32.870 30627 30627 I ThermalEngine: trip_sensor pm7325_tz pm8350c_tz
03-09 21:32:32.870 30627 30627 I ThermalEngine: trip_sensor_logic ||
03-09 21:32:32.870 30627 30627 I ThermalEngine: thresholds 115000 115000
03-09 21:32:32.870 30627 30627 I ThermalEngine: thresholds_clr 100000 100000
03-09 21:32:32.870 30627 30627 I ThermalEngine: offsets
03-09 21:32:32.870 30627 30627 I ThermalEngine: sampling 10
03-09 21:32:32.870 30627 30627 I ThermalEngine: math 2
03-09 21:32:32.870 30627 30627 I ThermalEngine: ambient_value
03-09 21:32:32.870 30627 30627 I ThermalEngine: rise_value
03-09 21:32:32.870 30627 30627 I ThermalEngine: [FRONT_TEMP]
03-09 21:32:32.870 30627 30627 I ThermalEngine: algo_type virtual
03-09 21:32:32.870 30627 30627 I ThermalEngine: sensors msm-therm cam-therm quiet-therm mchg-therm
03-09 21:32:32.870 30627 30627 I ThermalEngine: weights 22 26 39 13
03-09 21:32:32.870 30627 30627 I ThermalEngine: trip_sensor msm-therm
03-09 21:32:32.870 30627 30627 I ThermalEngine: thresholds -18000
03-09 21:32:32.870 30627 30627 I ThermalEngine: thresholds_clr -20000
03-09 21:32:32.870 30627 30627 I ThermalEngine: offsets -2000 0 0 0
03-09 21:32:32.870 30627 30627 I ThermalEngine: sampling 5000
03-09 21:32:32.870 30627 30627 I ThermalEngine: math 0
03-09 21:32:32.870 30627 30627 I ThermalEngine: sys_temp
03-09 21:32:32.870 30627 30627 I ThermalEngine: ambient_value
03-09 21:32:32.870 30627 30627 I ThermalEngine: rise_value
03-09 21:32:32.870 30627 30627 I ThermalEngine: [BACK_TEMP]
03-09 21:32:32.870 30627 30627 I ThermalEngine: algo_type virtual
03-09 21:32:32.870 30627 30627 I ThermalEngine: sensors msm-therm cam-therm quiet-therm mchg-therm
03-09 21:32:32.870 30627 30627 I ThermalEngine: weights 22 26 39 13
03-09 21:32:32.870 30627 30627 I ThermalEngine: trip_sensor msm-therm
03-09 21:32:32.870 30627 30627 I ThermalEngine: thresholds -18000
03-09 21:32:32.870 30627 30627 I ThermalEngine: thresholds_clr -20000
03-09 21:32:32.870 30627 30627 I ThermalEngine: offsets -2000 0 0 0
03-09 21:32:32.870 30627 30627 I ThermalEngine: sampling 5000
03-09 21:32:32.870 30627 30627 I ThermalEngine: math 0
03-09 21:32:32.870 30627 30627 I ThermalEngine: sys_temp
03-09 21:32:32.870 30627 30627 I ThermalEngine: ambient_value
03-09 21:32:32.870 30627 30627 I ThermalEngine: rise_value
03-09 21:32:32.870 30627 30627 I ThermalEngine: [FUSE_TEMP]
03-09 21:32:32.870 30627 30627 I ThermalEngine: algo_type virtual
03-09 21:32:32.870 30627 30627 I ThermalEngine: sensors msm-therm cam-therm quiet-therm mchg-therm
03-09 21:32:32.870 30627 30627 I ThermalEngine: weights 20 32 39 9
03-09 21:32:32.870 30627 30627 I ThermalEngine: trip_sensor msm-therm
03-09 21:32:32.870 30627 30627 I ThermalEngine: thresholds -18000
03-09 21:32:32.870 30627 30627 I ThermalEngine: thresholds_clr -20000
03-09 21:32:32.870 30627 30627 I ThermalEngine: offsets 0 0 0 0
03-09 21:32:32.870 30627 30627 I ThermalEngine: sampling 2000
03-09 21:32:32.870 30627 30627 I ThermalEngine: math 0
03-09 21:32:32.870 30627 30627 I ThermalEngine: sys_temp
03-09 21:32:32.870 30627 30627 I ThermalEngine: ambient_value
03-09 21:32:32.870 30627 30627 I ThermalEngine: rise_value
03-09 21:32:32.870 30627 30627 I ThermalEngine: [BCHG_TEMP]
03-09 21:32:32.870 30627 30627 I ThermalEngine: algo_type virtual
03-09 21:32:32.870 30627 30627 I ThermalEngine: sensors msm-therm cam-therm quiet-therm mchg-therm
03-09 21:32:32.870 30627 30627 I ThermalEngine: weights 22 26 39 13
03-09 21:32:32.870 30627 30627 I ThermalEngine: trip_sensor msm-therm
03-09 21:32:32.870 30627 30627 I ThermalEngine: thresholds -18000
03-09 21:32:32.870 30627 30627 I ThermalEngine: thresholds_clr -20000
03-09 21:32:32.870 30627 30627 I ThermalEngine: offsets 0 0 0 0
03-09 21:32:32.870 30627 30627 I ThermalEngine: sampling 2000
03-09 21:32:32.870 30627 30627 I ThermalEngine: math 0
03-09 21:32:32.870 30627 30627 I ThermalEngine: ambient_value
03-09 21:32:32.870 30627 30627 I ThermalEngine: rise_value
03-09 21:32:32.870 30627 30627 I ThermalEngine: [FRONT_MDM]
03-09 21:32:32.870 30627 30627 I ThermalEngine: algo_type virtual
03-09 21:32:32.870 30627 30627 I ThermalEngine: sensors msm-therm cam-therm quiet-therm mchg-therm
03-09 21:32:32.870 30627 30627 I ThermalEngine: weights 20 32 39 9
03-09 21:32:32.870 30627 30627 I ThermalEngine: trip_sensor mdmss-0 mdmss-1 mdmss-2 mdmss-3
03-09 21:32:32.870 30627 30627 I ThermalEngine: trip_sensor_logic || || ||
03-09 21:32:32.870 30627 30627 I ThermalEngine: thresholds 65000 65000 65000 65000
03-09 21:32:32.870 30627 30627 I ThermalEngine: thresholds_clr 40000 40000 40000 40000
03-09 21:32:32.870 30627 30627 I ThermalEngine: offsets 1000 0 0 0
03-09 21:32:32.870 30627 30627 I ThermalEngine: sampling 2000
03-09 21:32:32.870 30627 30627 I ThermalEngine: math 0
03-09 21:32:32.870 30627 30627 I ThermalEngine: ambient_value
03-09 21:32:32.870 30627 30627 I ThermalEngine: rise_value
03-09 21:32:32.870 30627 30627 I ThermalEngine: [BCAM_TEMP]
03-09 21:32:32.870 30627 30627 I ThermalEngine: algo_type virtual
03-09 21:32:32.870 30627 30627 I ThermalEngine: sensors msm-therm cam-therm quiet-therm mchg-therm
03-09 21:32:32.870 30627 30627 I ThermalEngine: weights 22 26 39 13
03-09 21:32:32.870 30627 30627 I ThermalEngine: trip_sensor msm-therm
03-09 21:32:32.870 30627 30627 I ThermalEngine: thresholds -18000
03-09 21:32:32.870 30627 30627 I ThermalEngine: thresholds_clr -20000
03-09 21:32:32.870 30627 30627 I ThermalEngine: offsets 1500 0 0 0
03-09 21:32:32.870 30627 30627 I ThermalEngine: sampling 2000
03-09 21:32:32.870 30627 30627 I ThermalEngine: math 0
03-09 21:32:32.870 30627 30627 I ThermalEngine: ambient_value
03-09 21:32:32.870 30627 30627 I ThermalEngine: rise_value
03-09 21:32:32.870 30627 30627 I ThermalEngine: [DETECT-STANDBY]
03-09 21:32:32.870 30627 30627 I ThermalEngine: algo_type virtual
03-09 21:32:32.870 30627 30627 I ThermalEngine: sensors cpu_utilization lcd_brightness_value
03-09 21:32:32.870 30627 30627 I ThermalEngine: weights 12 50
03-09 21:32:32.870 30627 30627 I ThermalEngine: trip_sensor msm-therm
03-09 21:32:32.870 30627 30627 I ThermalEngine: thresholds -18000
03-09 21:32:32.870 30627 30627 I ThermalEngine: thresholds_clr -20000
03-09 21:32:32.870 30627 30627 I ThermalEngine: offsets
03-09 21:32:32.870 30627 30627 I ThermalEngine: sampling 5000
03-09 21:32:32.870 30627 30627 I ThermalEngine: math 7
03-09 21:32:32.870 30627 30627 I ThermalEngine: less_than
03-09 21:32:32.870 30627 30627 I ThermalEngine: ambient_value
03-09 21:32:32.870 30627 30627 I ThermalEngine: rise_value
03-09 21:32:32.870 30627 30627 I ThermalEngine: [DETECT-WLS]
03-09 21:32:32.873  3163  3352 D PowerManagerService: nativeSetPowerMode ret:true mode:7 enabled:false duration ms: 0
03-09 21:32:32.873  2078  2078 I QTI PowerHAL: Power setMode: 7 to: 0
03-09 21:32:32.873  3163  3352 D BrightnessThermalClamper: Thermal status observer already started
03-09 21:32:32.873  3163  3229 D CLI/Transition: displaygroup 0, state OFF, pendingdisplaygroup -1
03-09 21:32:32.873  3163  3352 I DreamManagerService: Entering dreamland. callers=com.android.server.dreams.DreamManagerService.startDreamInternal:531 com.android.server.dreams.DreamManagerService.-$$Nest$mstartDreamInternal:0 com.android.server.dreams.DreamManagerService$LocalService.startDream:1246 com.android.server.power.PowerManagerService.handleSandman:4199 com.android.server.power.PowerManagerService.-$$Nest$mhandleSandman:0 
03-09 21:32:32.874  2067  2174 D AHAL: AudioDevice: SetParameters: 1564: enter: screen_state=off
03-09 21:32:32.874  2067  2174 D AHAL: AudioVoice: VoiceSetParameters: 87: Enter params: screen_state=off
03-09 21:32:32.874  2067  2174 D AHAL: AudioVoice: VoiceSetParameters: 360: Exit ret: 0
03-09 21:32:32.874  2067  2174 D AHAL: FM: fm_set_parameters: 262: Enter
03-09 21:32:32.874  2067  2174 D AHAL: FM: fm_set_parameters: 320: exit
03-09 21:32:32.874  2067  2174 D AHAL: AudioDevice: SetParameters: 1628:  - screen = off
03-09 21:32:32.874  2067  2174 I PAL: ResourceManager: setParameter: 8311: Screen State:0
03-09 21:32:32.874  2067  2174 D AHAL: AudioDevice: SetParameters: 2361: exit: screen_state=off
03-09 21:32:32.875  3163  3352 D PowerManagerService: nativeAcquireSuspendBlocker name:PowerManagerService.WakeLocks duration ms: 1
03-09 21:32:32.875  3163  3352 D PowerManagerService: nativeReleaseSuspendBlocker name:PowerManagerService.Display duration ms: 0
03-09 21:32:32.875  3163  3352 D PowerManagerService: nativeSetAutoSuspend enable:true duration ms: 0
03-09 21:32:32.876  3163  3352 I PowerManagerService: Dozing... groupId=1
03-09 21:32:32.876  3163  3352 D PowerManagerService: handleSandman ignore 0
