03-13 01:11:51.326  4205  4205 I DataStoreState: setDisplay : DisplayImpl(type=SingleDisplay, orientation=Portrait, aodState=LockScreenOnly)
03-13 01:11:51.326  5338  5338 I FoldStateManager: onFoldStateChanged: true
03-13 01:11:51.326  4205  4205 I DataStoreState: setRootSize : 1080.0x2640.0
03-13 01:11:51.326  5338  5338 I FoldStateManager: updateFoldState: isFolded = true
03-13 01:11:51.326  5338  5338 I FoldStateManager: onTableModeChanged: false
03-13 01:11:51.326  5338  5338 I FoldStateManager: updateTableMode: isTableMode = false
03-13 01:11:51.326  4205  4205 I ComplicationWidgetPluginController:   onFoldStateChanged  0.0
03-13 01:11:51.326  6272  6411 D DeviceStateManagerGlobal: handleDeviceStateInfoChanged state=DeviceState{identifier=0, name='CLOSED', app_accessible=false, cancel_when_requester_not_on_top=false}, baseState=DeviceState{identifier=0, name='CLOSED', app_accessible=false, cancel_when_requester_not_on_top=false}
03-13 01:11:51.326  4205  5096 I PluginLockManagerImpl: PluginLock:onFolderStateChanged, instance maintained
03-13 01:11:51.326  4205  5096 D PluginLockManagerImpl: updateEnabledState getPluginLockValue = 10011
03-13 01:11:51.326  4205  5096 D PluginLockManagerImpl: isEnabledFromSettingHelper, screen:1, value:10011
03-13 01:11:51.326  4205  5096 D PluginLockInstancePolicy: isEnable() value:10011, ret:true
03-13 01:11:51.326  4205  5096 D PluginLockManagerImpl: updateEnabledState() isDynamicMode = true, isEnabledFromSetting = true
03-13 01:11:51.326  4205  4205 I KeyguardNIOStatusBarController: initPosition()
03-13 01:11:51.326  4205  4205 I KeyguardNIOStatusBarController: updateIconAreaMargins() isDozing=false darkAmount=0.0 force=true currentFinalX=171 currentFinalY=62
03-13 01:11:51.326  4205  4205 I FaceWidgetWindowManager: removeAllViews
03-13 01:11:51.326  4205  4205 I ViewPositionControllerManager: refresh : []
03-13 01:11:51.326  4205  4205 I ViewPositionControllerManager: updatePosition: []
03-13 01:11:51.326  4205  4205 I FaceWidgetViewModel: onFolderStateChanged elapsed, for 1 ms
03-13 01:11:51.326  4205  4205 D KeyguardViewMediator: KeyguardViewMediator queue processing message: 
03-13 01:11:51.326  4205  4205 D FlexPanelStartController: OnDeviceStateChanged: mIsTableMode=true, isTableMode=false
03-13 01:11:51.327  4205  4205 D FlexPanelStartController: onFoldStateTableModeChanged: isTableMode=false
03-13 01:11:51.327  4205  5096 D PluginLockMediatorImpl: setEnabled: true, com.android.systemui.pluginlock.PluginLockMediatorImpl@c944c4c
03-13 01:11:51.327  4205  4205 D FlexPanelStartController: not support state, mMwEnabled=true, mIsTableMode=false, mDesktopMode=false, mFlexModePanelEnabled=true, mIsImeShowing=false, mIsQuickPanelShowing=false, mIsTaskBarAppsEnabled=false, mIsGlobalActionVisible=false, mOnRecentsAnimation=false, isSupportRotation=true, mIsKeyguardVisible=false
03-13 01:11:51.327 17711 17711 I FoldStateManager: onFoldStateChanged: true
03-13 01:11:51.327  4205  5096 I PluginLockManagerImpl: onFolderStateChanged, new: com.samsung.android.dynamiclock:2
03-13 01:11:51.327 17711 17711 I FoldStateManager: updateFoldState: isFolded = true
03-13 01:11:51.327  4205  5096 I DymLock|DynamicLockManager: onFolderStateChanged() false , true
03-13 01:11:51.327 17711 17711 I FoldStateManager: onTableModeChanged: false
03-13 01:11:51.327  4205  5096 I DymLock|BaseLockContainer: onFolderStateChanged screen[1] enabled[true]
03-13 01:11:51.327  4205  5096 I DymLock|BaseLockStateContainer: subscribe folder change : com.samsung.android.dynamiclock.plugin.views.dls.DynamicLockContainer{b8feb8d I.E...... ......I. 0,0-1080,2640}
03-13 01:11:51.327 17711 17711 I FoldStateManager: updateTableMode: isTableMode = false
03-13 01:11:51.327  6239  6239 I SSS     : [ChatTranslationSystemConfigEditor] onFoldStateChanged: true
03-13 01:11:51.327  4205  5096 I DymLock|ActionBus: subscribe : com.samsung.android.dynamiclock.plugin.views.dls.DynamicLockContainer{b8feb8d I.E...... ......I. 0,0-1080,2640}
03-13 01:11:51.327  4205  5096 I DymLock|ActionBus: subscribe : com.samsung.android.dynamiclock.plugin.stores.LockContainerStore@7ae7fb4
03-13 01:11:51.327  4205  5096 I DymLock|ActionBus: subscribe : com.samsung.android.dynamiclock.plugin.stores.WallpaperStore@96d67dd
03-13 01:11:51.327  4205  5096 I DymLock|ActionBus: subscribe : com.samsung.android.dynamiclock.plugin.stores.LockStarStore@b28bf52
03-13 01:11:51.327  4205  5096 D DymLock|BaseLockContainer: updatePanelWallpaper: Panel is not necessary. dls_state = 2
03-13 01:11:51.327  4205  5096 I KeyguardWallpaperController: onFolderStateChanged: isOpened = false
03-13 01:11:51.327  4205  5096 I KeyguardWallpaperController: onFolderStateChanged: which = 18, previous which = 6
03-13 01:11:51.327  4832 28746 I HoneySpace.ExtraDisplaySource: onStateChanged, state = 0
03-13 01:11:51.327  6272  6272 I SysHelperService: onFoldStateChanged, ACTION_SHUTDOWN, isFolded = true
03-13 01:11:51.327  6272  6272 D SYS_EVENT: [qc debug] send event 32 notification to client
03-13 01:11:51.327  1992 10205 V sec_audio_hw: sec_dev_set_parameters : l_hw_folder_state=0
03-13 01:11:51.327  6272  6272 D SYS_EVENT_AIDL: send event 32 notification to client
03-13 01:11:51.327  1992 10205 D AHAL: AudioDevice: SetParameters: 1865: enter
03-13 01:11:51.327  1992 10205 D AHAL: AudioVoice: VoiceSetParameters: 200: Enter
03-13 01:11:51.327  1992 10205 D AHAL: AudioVoice: VoiceSetParameters: 479: Exit ret: 0
03-13 01:11:51.328  1992 10205 D AHAL: SecAudioDevice: SetFolderState: 1258: Folding(Flip) state changed, fold close, flex off
03-13 01:11:51.328  4205  4205 D SecQsUiDisplayModeInteractor: onDeviceStateChanged from false -> to true, identifier = 0
03-13 01:11:51.328  6276  6276 I EnvironmentAdaptiveDisplayService: setDeviceFolded: true
03-13 01:11:51.328  1992 10205 D AHAL: hfp: hfp_set_parameters: 444: enter
03-13 01:11:51.328  4205  4205 D SecQsUiDisplayModeInteractor: updateUiDisplayModeAtFoldStateChanged COVER
03-13 01:11:51.328  1992 10205 D AHAL: AudioDevice: SetParameters: 2798: exit: l_hw_folder_state=0
03-13 01:11:51.328  4205  4205 D SecFgsManagerController: foldStateChange foldState = UNFOLD > FOLD
03-13 01:11:51.328  4205  4205 D SecFgsManagerController: foldStateChange isDirty = false
03-13 01:11:51.328  4832 20663 I HoneySpace.ExtraDisplaySource: onStateChanged, state = 0
03-13 01:11:51.328  2092  2092 I SSC_DAEMON: handleSensorTestReqMsg:85, Sensor type :20, Msg type:14
03-13 01:11:51.328  4205  4205 D LockscreenNotificationManager:  FOLD STATE - FOLD 
03-13 01:11:51.328  2092  2092 I factory.ssc: vendor/qcom/proprietary/adsprpc/src/fastrpc_apps_user.c:1684: remote_handle64_open: opened handle 0xb400006d90c31bd0 (remote 0x0) for '":;./\createstaticpd:sensorspd&_dom=adsp on domain 0 (spawn time 0 us, load time 0 us), num handles 1
03-13 01:11:51.328  3003  3067 D WindowManager: onStateChanged, state=0
03-13 01:11:51.328  3003  3067 I LogicalDisplayMapper: Set isInTransition on display 0: true
03-13 01:11:51.328  3003  3067 I LogicalDisplayMapper: Set isInTransition on display 1: true
03-13 01:11:51.328  3003  3065 D SensorManager: set parameter active screen = 1, 50350017
03-13 01:11:51.329  3003  3065 D SensorService: setSContextDataLocked ints length 2 , byte length 4
03-13 01:11:51.329  3003  3065 D SensorService: setSContextDataLocked 30047c1
03-13 01:11:51.329 22866 30709 D DeviceStateManagerGlobal: handleDeviceStateInfoChanged state=DeviceState{identifier=0, name='CLOSED', app_accessible=false, cancel_when_requester_not_on_top=false}, baseState=DeviceState{identifier=0, name='CLOSED', app_accessible=false, cancel_when_requester_not_on_top=false}
03-13 01:11:51.329  2007  2007 I sensors-hal: inject_sensor_data:407, handle 1502 send inject
03-13 01:11:51.329  2007  2007 I sensors-hal: sendContextData:290, sensor hal 4, (0xc1, 0x47, 0x0, 0x3)
03-13 01:11:51.329  2007  2007 I sensors-hal: sendContextData:230, activities 4 c1, 1
03-13 01:11:51.329  2007  2007 I sensors-hal: sendUserData:251, Activities cmd 0xc1 0x47
03-13 01:11:51.329  2007  2007 I sensors-hal: create_send_context_data:80, sending create_send_context_data
03-13 01:11:51.329  2007  2007 I sensors-hal: send_context_data:694, activities, 4914309220830019584, 1320970896291267344, msgid:700
03-13 01:11:51.329  4832 27999 I FoldStateManager: close by fold: true
03-13 01:11:51.329  2007  2007 I sensors-hal: sendContextData:114, common_info 4
03-13 01:11:51.329  2007  2007 I sensors-hal: sendUserData:137, CommonInfo 0xc1 0x47 0x0 0x3
03-13 01:11:51.329  2007  2007 I sensors-hal: create_send_context_data:70, sending create_send_context_data
03-13 01:11:51.329  2007  2007 I sensors-hal: send_context_data:694, common_info, 4914309147815575552, 1320970896291267344, msgid:700
03-13 01:11:51.329  2007  2007 I sensors-hal: write_algo_lcd_onoff_state:196, algo_lcd_onoff : 0x3
03-13 01:11:51.329  4205  4205 D S.S.N.  : updateSamsungAccount() : No Change
03-13 01:11:51.329  4205  4205 D S.S.N.  : isRDUMode: false isSALoggedIn: true isChildAccount: false isAiInfoConfirmed: true isSuggestionResponsesEnabled: false isPreventOnlineProcessing: falseisAiCoreFeaturesEnabled: false
03-13 01:11:51.329  4205  4205 D S.S.N.  :  FOLD STATE common- FOLD 
03-13 01:11:51.329  4832 19219 I HoneySpace.DesktopTaskDividerManagerImpl: fold: true, noExternal: true
03-13 01:11:51.329  4832 19219 I HoneySpace.DesktopTaskDividerManagerImpl: _isTaskSplittable, true
03-13 01:11:51.329  4205  4205 D S.S.N.  :  FOLD STATE parent- FOLD 
03-13 01:11:51.329  4205  4205 E SubscreenSubRoomNotification: initData
03-13 01:11:51.329  4205  4205 D S.S.N.  :  clearMainList
03-13 01:11:51.329 29180 29180 I HBD     : h getDefaultInputRange : UNKNOWN 
03-13 01:11:51.329 29180 29180 I HBD     : a currentState : 4 
03-13 01:11:51.330  2007  3909 I sensors-hal: qsh_conn_resp_cb:930, resp_value = 0 for activities 
03-13 01:11:51.330  2071  2128 I sysinput:Touch2: operator():237, OK
03-13 01:11:51.330  2007  3909 I sensors-hal: qsh_conn_resp_cb:930, resp_value = 0 for common_info 
03-13 01:11:51.330 29180 29180 I HBD     : g isCoverDisplay : true, cached selected json info : SelectedLanguageInfo(languageVersion=4.2, currentLanguageOrder=0, selectedLanguageList=[SelectedLanguage(id=65537, isUsed=true, engName=English, inputType=qwerty, activeOptionList=[auto_replace, auto_spacing, writing_assistant, prediction], bilingualId=-1)]) 
03-13 01:11:51.330 29180 29180 I HBD     : g isCoverDisplay : true, cached selected json info : SelectedLanguageInfo(languageVersion=4.2, currentLanguageOrder=0, selectedLanguageList=[SelectedLanguage(id=65537, isUsed=true, engName=English, inputType=qwerty, activeOptionList=[auto_replace, auto_spacing, writing_assistant, prediction], bilingualId=-1)]) 
03-13 01:11:51.330 29180 29180 I HBD     : g updateSelectedLanguageCache is succeeded. English 
03-13 01:11:51.330  3003  3994 D SemInputDevice:TSP: SetPropertyTask: CMD,set_fold_state,1 [03-13 01:11:51.321]
03-13 01:11:51.330  2071  2129 I sysinput:aidl: onReportInformation:93, 1, cmd@set_fold_state,1:0
03-13 01:11:51.331  2071  2129 I sysinput:Touch1: operator():237, OK
03-13 01:11:51.331  3003  3647 I CameraService_worker: Fold state changed, DeviceState{identifier=0, name='CLOSED', app_accessible=false, cancel_when_requester_not_on_top=false}
03-13 01:11:51.331  3003  3130 D PowerManagerService: Setting HAL interactive mode to true
03-13 01:11:51.331  3003  3067 I LogicalDisplayMapper: Requesting Transition to state: 0, from state=2, interactive=true, mBootCompleted=true, wakeDevice=false, sleepDevice=true
03-13 01:11:51.331  3003  3067 D DisplayManagerService: handleLogicalDisplayDeviceStateTransitionLocked: displayId=1
03-13 01:11:51.331  3003  3067 D DisplayManagerService: handleLogicalDisplayDeviceStateTransitionLocked: displayId=0
03-13 01:11:51.331  3003  3067 D RestrictionPolicy: isScreenCaptureEnabled : ret=true userId=0
03-13 01:11:51.331  3003  3067 D RestrictionPolicy: isScreenCaptureEnabled : ret=true userId=0
03-13 01:11:51.331  4205  4205 D SubscreenNotificationListCoordinator: onAfterRenderList() isSubScreen = false, pluginLockMode = 0, doNotShowOnCover = false
03-13 01:11:51.331  3003  3130 D PowerManagerService: setHalInteractiveModeLocked called by dual screen policy change
03-13 01:11:51.331  3003  3067 D ScreenCapture: [Capture_TEST] : setIsScreenShotBySystem true
03-13 01:11:51.331  3003  3067 I SurfaceComposerClient: captureLayers:childrenOnly:1, sync:1
03-13 01:11:51.331  3003  3647 I CameraService_worker: NotifyDeviceStateChange 0x6, sync(false)
03-13 01:11:51.331  3003  3130 D DisplayPowerController[1]: onDisplayChanged: mIsEnabled=false mIsInTransition=true mDualScreenPolicy=1 mDisplayDevice=com.android.server.display.LocalDisplayAdapter$LocalDisplayDevice@267658d
03-13 01:11:51.331  4205  4205 E SubscreenNotificationInfoManager: setShownGroup : false
03-13 01:11:51.332  3003  3130 D DisplayPowerController[1]: noteDualScreenState: State=OFF, dualScreenPolicy=1
03-13 01:11:51.332  3003  3130 D DisplayPowerController[1]: animateScreenStateChange: target=OFF, mIsEnabled=false
03-13 01:11:51.332  4205  4205 D SrPromptProcessor: call releaseSmartReply
03-13 01:11:51.332  4205  4205 I KeyguardUpdateMonitor: onFoldStateChanged isFolded = true
03-13 01:11:51.332  4205  4205 I KeyguardUpdateMonitor: onTableModeChanged. mIsTableMode = true, isTableMode = false
03-13 01:11:51.332  3003  3130 D DisplayPowerController[0]: onDisplayChanged: mIsEnabled=true mIsInTransition=true mDualScreenPolicy=1 mDisplayDevice=com.android.server.display.LocalDisplayAdapter$LocalDisplayDevice@a261cbf
03-13 01:11:51.332  3003  6501 I ActivityManager: Changes in 10202 19 to 5, 0 to 144
03-13 01:11:51.332  3003  3130 D DisplayPowerController[0]: animateScreenStateChange: target=OFF, mIsEnabled=true
03-13 01:11:51.332  3003  3130 D ColorFade: ColorFade start [PREPARE]  : mode=2
03-13 01:11:51.332  4205  4205 D Navbar.Store: handleEvent(0) OnFoldStateChanged(folded=true) [Module] NavBarStoreImpl
03-13 01:11:51.332  4205  4205 D Navbar.Store: --[Band]COVER_SCREEN_PACK_FOLD_STATE_CHANGED
03-13 01:11:51.332  3003  3994 D SysinputHAL_AIDL: setProperty(TSP(1)): CMD, set_fold_state,1 ret=0
03-13 01:11:51.332  3003  4002 D BackgroundInstallControlService: Package event received: 0
03-13 01:11:51.332 29180 29180 I HBD     : h writeToFile path : /data/user/0/com.samsung.android.honeyboard/files/fold_selected.json 
03-13 01:11:51.332 29180 29180 I HBD     : h writeToFile json : {"version":"4.2","currentLanguageOrder":0,"front_selected":[{"activeOptionList":["auto_replace","auto_spacing","writing_assistant","prediction"],"bilingualId":-1,"engName":"English","id":65537,"inputType":"qwerty","isUsed":true}]} 
03-13 01:11:51.332  3003  3130 D ColorFade: ColorFade start display info.
03-13 01:11:51.332  3003  3130 D ColorFade: ColorFade end display info.
03-13 01:11:51.332  3003  3130 D ColorFade: ColorFade start setColorFadeNightDim
03-13 01:11:51.332  3003  3130 D ColorFade: ColorFade end setColorFadeNightDim
03-13 01:11:51.333  2105  2321 I SurfaceFlinger: id=29079 createSurf, flag=20004, ColorFade_d0#29079
03-13 01:11:51.333  4205  4205 D NavBarStateManager: NavBarStates(1) supportLargeCoverScreenNavBar: true
03-13 01:11:51.333  2058  3323 I CamComm1.0-CamModule: notifyDeviceStateChange: calling notify_device_state_change with state 6
03-13 01:11:51.333  2058  3323 I CHI     : [SS_INFO]: [CHI         ]: chxextensionmodule.cpp: SecModifySettings: 21458: [SWITCH_DBG] Folding State 1 
03-13 01:11:51.333  2058  3323 I CHI     : [SS_LOW ]: [CHI         ]: chxextensionmodule.cpp: SecModifySettings: 21461: [SWITCH_DBG] Foding state State 1, m_pOverrideCameraOpen : 0 
03-13 01:11:51.333  2452  2748 I CameraProviderManager: notifyDeviceStateChange Af available modes has been replaced
03-13 01:11:51.333  4205  4205 D LayoutProviderContainerImpl: getCoverDisplayContext, cover display=Display id 1: DisplayInfo{"Built-in Screen", displayId 1, displayGroupId 0, FLAG_SECURE, FLAG_SUPPORTS_PROTECTED_BUFFERS, FLAG_PRESENTATION, FLAG_CAN_SHOW_WITH_INSECURE_KEYGUARD, FLAG_SHOULD_SHOW_SYSTEM_DECORATIONS, FLAG_TRUSTED, FLAG_ALLOWS_CONTENT_MODE_SWITCH, real 748 x 720, largest app 748 x 748, smallest app 654 x 654, appVsyncOff 16666666, presDeadline 17666666, mode 8, renderFrameRate 60.000004, hasArrSupport false, frameRateCategoryRate FrameRateCategoryRate {normal=60.0, high=90.0}, supportedRefreshRates [60.000004], defaultMode 8, REFRESH_RATE_MODE_SEAMLESS, userPreferredModeId -1, supportedModes [{id=8, width=748, height=720, fps=60.000004, vsync=60.000004, synthetic=false, alternativeRefreshRates=[], supportedHdrTypes=[2, 3, 4]}], appsSupportedModes [{id=8, width=748, height=720, fps=60.000004, vsync=60.000004, synthetic=false, alternativeRefreshRates=[], supportedHdrTypes=[2, 3, 4]}], hdrCapabilities HdrCapabilities{mSupportedHdrTypes=[2, 3, 4], mMaxLuminance=450.0, mMaxAverageLuminance=225.00024, mMinLuminance=5.0E-4}, isForceSdr false, userDisabledHdrTypes [], minimalPostProcessingSupported false, rotation 0, state OFF, committedState OFF}, DisplayMetrics{density=2.125, width=748, height=654, scaledDensity=2.125, xdpi=306.438, ydpi=309.966}, isValid=true
03-13 01:11:51.333  2452  2748 I CameraProviderManager: notifyDeviceStateChange Af available modes has been replaced
03-13 01:11:51.333  4205  4205 D Navbar.Store: --updateLayoutProvider() layoutProviderContainer = com.android.systemui.navigationbar.layout.LayoutProviderContainerImpl@1dbf89d
03-13 01:11:51.333  4205  4205 D NavBarStateManager: NavBarStates(1) supportLargeCoverScreenNavBar: true
03-13 01:11:51.333  4205  4205 D LayoutProviderContainerImpl: getCoverDisplayContext, cover display=Display id 1: DisplayInfo{"Built-in Screen", displayId 1, displayGroupId 0, FLAG_SECURE, FLAG_SUPPORTS_PROTECTED_BUFFERS, FLAG_PRESENTATION, FLAG_CAN_SHOW_WITH_INSECURE_KEYGUARD, FLAG_SHOULD_SHOW_SYSTEM_DECORATIONS, FLAG_TRUSTED, FLAG_ALLOWS_CONTENT_MODE_SWITCH, real 748 x 720, largest app 748 x 748, smallest app 654 x 654, appVsyncOff 16666666, presDeadline 17666666, mode 8, renderFrameRate 60.000004, hasArrSupport false, frameRateCategoryRate FrameRateCategoryRate {normal=60.0, high=90.0}, supportedRefreshRates [60.000004], defaultMode 8, REFRESH_RATE_MODE_SEAMLESS, userPreferredModeId -1, supportedModes [{id=8, width=748, height=720, fps=60.000004, vsync=60.000004, synthetic=false, alternativeRefreshRates=[], supportedHdrTypes=[2, 3, 4]}], appsSupportedModes [{id=8, width=748, height=720, fps=60.000004, vsync=60.000004, synthetic=false, alternativeRefreshRates=[], supportedHdrTypes=[2, 3, 4]}], hdrCapabilities HdrCapabilities{mSupportedHdrTypes=[2, 3, 4], mMaxLuminance=450.0, mMaxAverageLuminance=225.00024, mMinLuminance=5.0E-4}, isForceSdr false, userDisabledHdrTypes [], minimalPostProcessingSupported false, rotation 0, state OFF, committedState OFF}, DisplayMetrics{density=2.125, width=748, height=654, scaledDensity=2.125, xdpi=306.438, ydpi=309.966}, isValid=true
03-13 01:11:51.334  4205  4205 D Navbar.Store: --updateLayoutProvider() layoutProviderContainer = com.android.systemui.navigationbar.layout.LayoutProviderContainerImpl@1dbf89d
03-13 01:11:51.334  4205  4205 D NavBarStateManager: NavBarStates(1) supportLargeCoverScreenNavBar: true
03-13 01:11:51.334  4205  4205 D LayoutProviderContainerImpl: getCoverDisplayContext, cover display=Display id 1: DisplayInfo{"Built-in Screen", displayId 1, displayGroupId 0, FLAG_SECURE, FLAG_SUPPORTS_PROTECTED_BUFFERS, FLAG_PRESENTATION, FLAG_CAN_SHOW_WITH_INSECURE_KEYGUARD, FLAG_SHOULD_SHOW_SYSTEM_DECORATIONS, FLAG_TRUSTED, FLAG_ALLOWS_CONTENT_MODE_SWITCH, real 748 x 720, largest app 748 x 748, smallest app 654 x 654, appVsyncOff 16666666, presDeadline 17666666, mode 8, renderFrameRate 60.000004, hasArrSupport false, frameRateCategoryRate FrameRateCategoryRate {normal=60.0, high=90.0}, supportedRefreshRates [60.000004], defaultMode 8, REFRESH_RATE_MODE_SEAMLESS, userPreferredModeId -1, supportedModes [{id=8, width=748, height=720, fps=60.000004, vsync=60.000004, synthetic=false, alternativeRefreshRates=[], supportedHdrTypes=[2, 3, 4]}], appsSupportedModes [{id=8, width=748, height=720, fps=60.000004, vsync=60.000004, synthetic=false, alternativeRefreshRates=[], supportedHdrTypes=[2, 3, 4]}], hdrCapabilities HdrCapabilities{mSupportedHdrTypes=[2, 3, 4], mMaxLuminance=450.0, mMaxAverageLuminance=225.00024, mMinLuminance=5.0E-4}, isForceSdr false, userDisabledHdrTypes [], minimalPostProcessingSupported false, rotation 0, state OFF, committedState OFF}, DisplayMetrics{density=2.125, width=748, height=654, scaledDensity=2.125, xdpi=306.438, ydpi=309.966}, isValid=true
03-13 01:11:51.334  3003  3130 D ColorFade: ColorFade End [PREPARE]  : mode=2 , <Time> displayInfo: 0
03-13 01:11:51.335  2007  3909 I sensors-hal: qsh_conn_event_cb:890, event[0] sensor:common_info  Wakeup, msg_id=1025, ts=3953609101015
03-13 01:11:51.335  2007  3909 I sensors-hal: handle_sns_client_event:82, common_info_event: msgid:1025
03-13 01:11:51.335  2007  3909 I sensors-hal: handle_sns_client_event:90, common_info: 1019
03-13 01:11:51.335  3003  3130 W DisplayPowerController[0]: ColorFade: onAnimationStart
03-13 01:11:51.335  3003  3130 W DisplayPowerState: !@ColorFade entry displayId=0
03-13 01:11:51.335  3003  3130 W DisplayPowerController[0]: ColorFade: onAnimationEnd
03-13 01:11:51.335  3003  3130 D BrightnessThermalClamper: Thermal status observer already started
03-13 01:11:51.335  4205 24741 D S.S.N.  : needToShowWritingAssistFTU(): isFirstEntering = 0, writingAssistSetting = true
03-13 01:11:51.335  3003  3130 D BrightnessThermalClamper: Thermal status observer already started
03-13 01:11:51.335  3003  3130 D DisplayPowerController[0]: animateScreenStateChange: target=OFF, mIsEnabled=true
03-13 01:11:51.335  3003  3130 I DisplayPowerController[0]: Blocking screen off
03-13 01:11:51.335  3003  3130 D DisplayPowerController[0]: mWindowManagerPolicy.screenTurningOff()
03-13 01:11:51.336  1274  2375 I sscrpcd : vendor/qcom/proprietary/adsprpc/src/apps_std_imp.c:1012: Successfully opened file /mnt/vendor/persist/sensors/registry/fstempfile
03-13 01:11:51.336  4205 14457 I KeyguardService: onScreenTurningOff
03-13 01:11:51.336  3003  4082 D HdrSolution_HdrDisplayNitMapper: updataTargetNit--------------mLightSensorData: -1.0, scaleRatio: 200.0, target: 1.0->200
03-13 01:11:51.336  2105  2921 I SurfaceFlinger: Capture layer list: 	 com.dunkinbrands.otgo/com.cardfree.android.dunkindonuts.activities.MenuCustomizeActivity$_25115#29073(seamlessTransition:0)
03-13 01:11:51.337  2105  2105 I SurfaceFlinger: [ColorFade_d0#29079] attach to parent Root
03-13 01:11:51.337  2007  3645 I sensors-hal: qsh_conn_event_cb:890, event[0] sensor:Device Common Info  Wakeup, msg_id=1025, ts=3953609146000
03-13 01:11:51.337  2007  3645 I sensors-hal: handle_sns_client_event:65, device_common_info_event: t:3, f:0, s:1, h:0
03-13 01:11:51.337  4205  4205 D NavigationModeController: getCurrentInteractionMode: mode=0 contextUser=0
03-13 01:11:51.337  2092  2092 I factory.ssc: vendor/qcom/proprietary/adsprpc/src/fastrpc_perf.c:278: fastrpc_perf_init: enabled systrace 0x0 and RPC traces (kernel 0, dsp 0) with frequency 1000
03-13 01:11:51.337  2105  2342 D RenderEngine: [SEC_SF_EFFECTS] drawLayersInternal,1483, Rendering layer ScreenCaptureFillLayer at index 0
03-13 01:11:51.337  4205  4205 D Navbar.Store: handleEvent(1) GetInflateLayoutID(vertical=false) [Module] SamsungNavigationBarInflaterView
03-13 01:11:51.337  2105  2342 D RenderEngine: [SEC_SF_EFFECTS] drawLayersInternal,1483, Rendering layer com.dunkinbrands.otgo/com.cardfree.android.dunkindonuts.activities.MenuCustomizeActivity$_25115#29073 at index 1
03-13 01:11:51.337  4205  4205 D Navbar.Store: --[Band]STABLE_LAYOUT_PACK_GET_INFLATE_LAYOUT_ID
03-13 01:11:51.337  4205  4205 D NavBarStateManager: NavBarStates(1) getLayoutID(vertical: false): 2131559285
03-13 01:11:51.337  4205  4205 D Navbar.Store: handleEvent(1) value= 2131559285
03-13 01:11:51.338  2092 26200 I factory.ssc: vendor/qcom/proprietary/adsprpc/src/log_config.c:362: file_watcher_thread starting for domain 0
03-13 01:11:51.338  2092 26200 W factory.ssc: vendor/qcom/proprietary/adsprpc/src/log_config.c:382:file_watcher_thread: Couldn't find file factory.ssc.farf, errno (No such file or directory) at ;/vendor/lib64/rfs/dsp;/vendor/lib/rfsa/adsp;/vendor/lib/rfsa/dsp;/vendor/dsp;
03-13 01:11:51.338  4205  4205 D Navbar.Store: handleEvent(1) GetInflateLayoutID(vertical=true) [Module] SamsungNavigationBarInflaterView
03-13 01:11:51.338  4205  4205 D Navbar.Store: --[Band]STABLE_LAYOUT_PACK_GET_INFLATE_LAYOUT_ID
03-13 01:11:51.338  4205  4205 D NavBarStateManager: NavBarStates(1) getLayoutID(vertical: true): 2131559287
03-13 01:11:51.338  4205  4205 D Navbar.Store: handleEvent(1) value= 2131559287
03-13 01:11:51.338  4205  4205 D Navbar.Store: handleEvent(1) GetDefaultLayout(noArguments=true) [Module] SamsungNavigationBarInflaterView
03-13 01:11:51.338  4205  4205 D Navbar.Store: --[Band]STABLE_LAYOUT_PACK_GET_DEFAULT_LAYOUT
03-13 01:11:51.338  4205  4205 D NavBarStateManager: NavBarStates(1) getDefaultLayout: space,home,gap,back,space;;
03-13 01:11:51.338  4205  4205 D Navbar.Store: handleEvent(1) value= space,home,gap,back,space;;
03-13 01:11:51.338  4205  4205 D Navbar.Store: handleEvent(1) GetInflateButtonWidth(buttonSpec=space, landscape=false) [Module] SamsungNavigationBarInflaterView
03-13 01:11:51.338  4205  4205 D Navbar.Store: --[Band]STABLE_LAYOUT_PACK_INFLATE_NAVBAR
03-13 01:11:51.338  4205  4205 D NavBarStateManager: NavBarStates(1) getSpaceWidth(land: false): 64
03-13 01:11:51.338  4205  4205 D Navbar.Store: handleEvent(1) value= 64
03-13 01:11:51.338  4205  4205 D Navbar.Store: handleEvent(1) GetInflateButtonWidth(buttonSpec=home, landscape=false) [Module] SamsungNavigationBarInflaterView
03-13 01:11:51.338  4205  4205 D Navbar.Store: --[Band]STABLE_LAYOUT_PACK_INFLATE_NAVBAR
03-13 01:11:51.338  4205  4205 D NavBarStateManager: NavBarStates(1) getButtonWidth(land: false): 102
03-13 01:11:51.338  4205  4205 D Navbar.Store: handleEvent(1) value= 102
03-13 01:11:51.338  4205  4205 D Navbar.Store: handleEvent(1) GetInflateButtonWidth(buttonSpec=gap, landscape=false) [Module] SamsungNavigationBarInflaterView
03-13 01:11:51.338  4205  4205 D Navbar.Store: --[Band]STABLE_LAYOUT_PACK_INFLATE_NAVBAR
03-13 01:11:51.338  4205  4205 D NavBarStateManager: NavBarStates(1) getButtonDistanceSize(land: false): 17
03-13 01:11:51.338  4205  4205 D Navbar.Store: handleEvent(1) value= 17
03-13 01:11:51.339  4205  4205 D Navbar.Store: handleEvent(1) GetInflateButtonWidth(buttonSpec=back, landscape=false) [Module] SamsungNavigationBarInflaterView
03-13 01:11:51.339  4205  4205 D Navbar.Store: --[Band]STABLE_LAYOUT_PACK_INFLATE_NAVBAR
03-13 01:11:51.339  4205  4205 D NavBarStateManager: NavBarStates(1) getButtonWidth(land: false): 102
03-13 01:11:51.339  4205  4205 D Navbar.Store: handleEvent(1) value= 102
03-13 01:11:51.339  4205  4205 D Navbar.Store: handleEvent(1) GetInflateButtonWidth(buttonSpec=space, landscape=false) [Module] SamsungNavigationBarInflaterView
03-13 01:11:51.339  4205  4205 D Navbar.Store: --[Band]STABLE_LAYOUT_PACK_INFLATE_NAVBAR
03-13 01:11:51.339  4205  4205 D NavBarStateManager: NavBarStates(1) getSpaceWidth(land: false): 64
03-13 01:11:51.339  4205  4205 D Navbar.Store: handleEvent(1) value= 64
03-13 01:11:51.339  2092 26197 I factory.ssc: vendor/qcom/proprietary/adsprpc/src/listener_android.c:116: listener thread starting
03-13 01:11:51.339  4205  4205 D Navbar.Store: handleEvent(1) GetInflateButtonWidth(buttonSpec=space, landscape=true) [Module] SamsungNavigationBarInflaterView
03-13 01:11:51.339  4205  4205 D Navbar.Store: --[Band]STABLE_LAYOUT_PACK_INFLATE_NAVBAR
03-13 01:11:51.339  4205  4205 D NavBarStateManager: NavBarStates(1) getSpaceWidth(land: true): 64
03-13 01:11:51.339  4205  4205 D Navbar.Store: handleEvent(1) value= 64
03-13 01:11:51.339  4205  4205 D Navbar.Store: handleEvent(1) GetInflateButtonWidth(buttonSpec=home, landscape=true) [Module] SamsungNavigationBarInflaterView
03-13 01:11:51.339  4205  4205 D Navbar.Store: --[Band]STABLE_LAYOUT_PACK_INFLATE_NAVBAR
03-13 01:11:51.339  4205  4205 D NavBarStateManager: NavBarStates(1) getButtonWidth(land: true): 102
03-13 01:11:51.339  4205  4205 D Navbar.Store: handleEvent(1) value= 102
03-13 01:11:51.339  4205  4205 D Navbar.Store: handleEvent(1) GetInflateButtonWidth(buttonSpec=gap, landscape=true) [Module] SamsungNavigationBarInflaterView
03-13 01:11:51.339  4205  4205 D Navbar.Store: --[Band]STABLE_LAYOUT_PACK_INFLATE_NAVBAR
03-13 01:11:51.339  4360 26194 I CCodec  : state->set(ALLOCATING)
03-13 01:11:51.339  4205  4205 D NavBarStateManager: NavBarStates(1) getButtonDistanceSize(land: true): 17
03-13 01:11:51.339  4205  4205 D Navbar.Store: handleEvent(1) value= 17
03-13 01:11:51.339  4205  4205 D Navbar.Store: handleEvent(1) GetInflateButtonWidth(buttonSpec=back, landscape=true) [Module] SamsungNavigationBarInflaterView
03-13 01:11:51.339  4205  4205 D Navbar.Store: --[Band]STABLE_LAYOUT_PACK_INFLATE_NAVBAR
03-13 01:11:51.339  4205  4205 D NavBarStateManager: NavBarStates(1) getButtonWidth(land: true): 102
03-13 01:11:51.339  4205  4205 D Navbar.Store: handleEvent(1) value= 102
03-13 01:11:51.339  4205  4205 D Navbar.Store: handleEvent(1) GetInflateButtonWidth(buttonSpec=space, landscape=true) [Module] SamsungNavigationBarInflaterView
03-13 01:11:51.339  4205  4205 D Navbar.Store: --[Band]STABLE_LAYOUT_PACK_INFLATE_NAVBAR
03-13 01:11:51.339  4205  4205 D NavBarStateManager: NavBarStates(1) getSpaceWidth(land: true): 64
03-13 01:11:51.339  4205  4205 D Navbar.Store: handleEvent(1) value= 64
03-13 01:11:51.339  4360 26199 I CCodec  : allocate(c2.qti.hevc.decoder)
03-13 01:11:51.340  4205  4205 D Navbar.Store: handleEvent(1) GetInflateButtonWidth(buttonSpec=space, landscape=false) [Module] SamsungNavigationBarInflaterView
03-13 01:11:51.340  4205  4205 D Navbar.Store: --[Band]STABLE_LAYOUT_PACK_INFLATE_NAVBAR
03-13 01:11:51.340  4205  4205 D NavBarStateManager: NavBarStates(1) getSpaceWidth(land: false): 64
03-13 01:11:51.340  4205  4205 D Navbar.Store: handleEvent(1) value= 64
03-13 01:11:51.340  4205  4205 D Navbar.Store: handleEvent(1) GetInflateButtonWidth(buttonSpec=left_remote_view, landscape=false) [Module] SamsungNavigationBarInflaterView
03-13 01:11:51.340  4205  4205 D Navbar.Store: --[Band]STABLE_LAYOUT_PACK_INFLATE_NAVBAR
03-13 01:11:51.340  4205  4205 D NavBarStateManager: NavBarStates(1) getButtonWidth(land: false): 102
03-13 01:11:51.340  4205  4205 D Navbar.Store: handleEvent(1) value= 102
03-13 01:11:51.340  2092 26197 I factory.ssc: vendor/qcom/proprietary/adsprpc/src/mod_table.c:701: open_mod_table_open_from_static: reverse module apps_std opened with handle 0xc17f4dd8 (idx 0)
03-13 01:11:51.340  4205  4205 D Navbar.Store: handleEvent(1) GetInflateButtonWidth(buttonSpec=gap, landscape=false) [Module] SamsungNavigationBarInflaterView
03-13 01:11:51.340  4205  4205 D Navbar.Store: --[Band]STABLE_LAYOUT_PACK_INFLATE_NAVBAR
03-13 01:11:51.340  4205  4205 D NavBarStateManager: NavBarStates(1) getButtonDistanceSize(land: false): 17
03-13 01:11:51.340  4205  4205 D Navbar.Store: handleEvent(1) value= 17
03-13 01:11:51.340  4205  4205 D Navbar.Store: handleEvent(1) GetInflateButtonWidth(buttonSpec=right_remote_view, landscape=false) [Module] SamsungNavigationBarInflaterView
03-13 01:11:51.340  4205  4205 D Navbar.Store: --[Band]STABLE_LAYOUT_PACK_INFLATE_NAVBAR
03-13 01:11:51.340  4205  4205 D NavBarStateManager: NavBarStates(1) getButtonWidth(land: false): 102
03-13 01:11:51.340  4205  4205 D Navbar.Store: handleEvent(1) value= 102
03-13 01:11:51.340  4205  4205 D Navbar.Store: handleEvent(1) GetInflateButtonWidth(buttonSpec=space, landscape=false) [Module] SamsungNavigationBarInflaterView
03-13 01:11:51.340  2092 26197 D factory.ssc: vendor/qcom/proprietary/adsprpc/src/apps_std_imp.c:380: apps_std_fopen_fd: done for ./libsns_device_mode_skel.so with fopen:9us, read:0us, rpc_alloc:0us, mmap:0us
03-13 01:11:51.340  4205  4205 D Navbar.Store: --[Band]STABLE_LAYOUT_PACK_INFLATE_NAVBAR
03-13 01:11:51.340  2092 26197 D factory.ssc: vendor/qcom/proprietary/adsprpc/src/apps_std_imp.c:380: apps_std_fopen_fd: done for ./libsns_device_mode_skel.so with fopen:2us, read:0us, rpc_alloc:0us, mmap:0us
03-13 01:11:51.340  4205  4205 D NavBarStateManager: NavBarStates(1) getSpaceWidth(land: false): 64
03-13 01:11:51.340  2092 26197 D factory.ssc: vendor/qcom/proprietary/adsprpc/src/apps_std_imp.c:380: apps_std_fopen_fd: done for /vendor/lib64/rfs/dsp/adsp/./libsns_device_mode_skel.so with fopen:5us, read:0us, rpc_alloc:0us, mmap:0us
03-13 01:11:51.340  4205  4205 D Navbar.Store: handleEvent(1) value= 64
03-13 01:11:51.340  2092 26197 D factory.ssc: vendor/qcom/proprietary/adsprpc/src/apps_std_imp.c:380: apps_std_fopen_fd: done for /vendor/lib64/rfs/dsp/./libsns_device_mode_skel.so with fopen:3us, read:0us, rpc_alloc:0us, mmap:0us
03-13 01:11:51.340  2092 26197 D factory.ssc: vendor/qcom/proprietary/adsprpc/src/apps_std_imp.c:380: apps_std_fopen_fd: done for /vendor/lib/rfsa/adsp/adsp/./libsns_device_mode_skel.so with fopen:4us, read:0us, rpc_alloc:0us, mmap:0us
03-13 01:11:51.340  2092 26197 D factory.ssc: vendor/qcom/proprietary/adsprpc/src/apps_std_imp.c:380: apps_std_fopen_fd: done for /vendor/lib/rfsa/adsp/./libsns_device_mode_skel.so with fopen:2us, read:0us, rpc_alloc:0us, mmap:0us
03-13 01:11:51.340  2092 26197 D factory.ssc: vendor/qcom/proprietary/adsprpc/src/apps_std_imp.c:380: apps_std_fopen_fd: done for /vendor/lib/rfsa/dsp/adsp/./libsns_device_mode_skel.so with fopen:2us, read:0us, rpc_alloc:0us, mmap:0us
03-13 01:11:51.340  2092 26197 D factory.ssc: vendor/qcom/proprietary/adsprpc/src/apps_std_imp.c:380: apps_std_fopen_fd: done for /vendor/lib/rfsa/dsp/./libsns_device_mode_skel.so with fopen:2us, read:0us, rpc_alloc:0us, mmap:0us
03-13 01:11:51.340  4205  4205 D Navbar.Store: handleEvent(1) GetInflateButtonWidth(buttonSpec=space, landscape=true) [Module] SamsungNavigationBarInflaterView
03-13 01:11:51.340  4205  4205 D Navbar.Store: --[Band]STABLE_LAYOUT_PACK_INFLATE_NAVBAR
03-13 01:11:51.340  4205  4205 D NavBarStateManager: NavBarStates(1) getSpaceWidth(land: true): 64
03-13 01:11:51.340  4205  4205 D Navbar.Store: handleEvent(1) value= 64
03-13 01:11:51.340  3003  3064 D UsbDeviceManager: updateUsbNotification(true): mConnected=true mHostConnected=false mSourcePower=false mSinkPower=true mUsbCharging=true
03-13 01:11:51.340  4205  4205 D Navbar.Store: handleEvent(1) GetInflateButtonWidth(buttonSpec=left_remote_view, landscape=false) [Module] SamsungNavigationBarInflaterView
03-13 01:11:51.340  4205  4205 D Navbar.Store: --[Band]STABLE_LAYOUT_PACK_INFLATE_NAVBAR
03-13 01:11:51.340  4205  4205 D NavBarStateManager: NavBarStates(1) getButtonWidth(land: false): 102
03-13 01:11:51.340  3003  3064 D UsbDeviceManager: FLIP FOLDED
03-13 01:11:51.340  4205  4205 D Navbar.Store: handleEvent(1) value= 102
03-13 01:11:51.340  4205  4205 D Navbar.Store: handleEvent(1) GetInflateButtonWidth(buttonSpec=gap, landscape=true) [Module] SamsungNavigationBarInflaterView
03-13 01:11:51.340  4205  4205 D Navbar.Store: --[Band]STABLE_LAYOUT_PACK_INFLATE_NAVBAR
03-13 01:11:51.340  3003  3064 D DexObserverFW: isDexModeOn() : false
03-13 01:11:51.340  4205  4205 D NavBarStateManager: NavBarStates(1) getButtonDistanceSize(land: true): 17
03-13 01:11:51.340  4205  4205 D Navbar.Store: handleEvent(1) value= 17
03-13 01:11:51.340  3003  3064 D DexObserverFW: isSemiDexModeOn() : false
03-13 01:11:51.340  4205  4205 D Navbar.Store: handleEvent(1) GetInflateButtonWidth(buttonSpec=right_remote_view, landscape=false) [Module] SamsungNavigationBarInflaterView
03-13 01:11:51.340  4205  4205 D Navbar.Store: --[Band]STABLE_LAYOUT_PACK_INFLATE_NAVBAR
03-13 01:11:51.341  4205  4205 D NavBarStateManager: NavBarStates(1) getButtonWidth(land: false): 102
03-13 01:11:51.341  4205  4205 D Navbar.Store: handleEvent(1) value= 102
03-13 01:11:51.341  4205  4205 D Navbar.Store: handleEvent(1) GetInflateButtonWidth(buttonSpec=space, landscape=true) [Module] SamsungNavigationBarInflaterView
03-13 01:11:51.341  4205  4205 D Navbar.Store: --[Band]STABLE_LAYOUT_PACK_INFLATE_NAVBAR
03-13 01:11:51.341  4205  4205 D NavBarStateManager: NavBarStates(1) getSpaceWidth(land: true): 64
03-13 01:11:51.341  4205  4205 D Navbar.Store: handleEvent(1) value= 64
03-13 01:11:51.341  4205  4205 D Navbar.Store: handleEvent(1) GetNavBarSidePadding(landscape=false) [Module] SamsungNavigationBarInflaterView
03-13 01:11:51.341  4205  4205 D Navbar.Store: --[Band]STABLE_LAYOUT_PACK_INFLATE_NAVBAR_SIDE_PADDING
03-13 01:11:51.341  3003  3064 D UsbDeviceManager: cancelAsUser: id=32
03-13 01:11:51.341  4205  4205 D NavBarStateManager: NavBarStates(1) getNavBarSidePadding: 0
03-13 01:11:51.341  4205  4205 D Navbar.Store: handleEvent(1) value= 0
03-13 01:11:51.341  4205  4205 D Navbar.Store: handleEvent(1) GetNavBarSidePadding(landscape=true) [Module] SamsungNavigationBarInflaterView
03-13 01:11:51.341  4205  4205 D Navbar.Store: --[Band]STABLE_LAYOUT_PACK_INFLATE_NAVBAR_SIDE_PADDING
03-13 01:11:51.341  4205  4205 D NavBarStateManager: NavBarStates(1) getNavBarSidePadding: 0
03-13 01:11:51.341  4205  4205 D Navbar.Store: handleEvent(1) value= 0
03-13 01:11:51.341  4205  4205 D Navbar.Store: handleEvent(1) GetNavBarSidePadding(landscape=false) [Module] SamsungNavigationBarInflaterView
03-13 01:11:51.341  4205  4205 D Navbar.Store: --[Band]STABLE_LAYOUT_PACK_INFLATE_NAVBAR_SIDE_PADDING
03-13 01:11:51.341  4205  4205 D NavBarStateManager: NavBarStates(1) getNavBarSidePadding: 0
03-13 01:11:51.341  4205  4205 D Navbar.Store: handleEvent(1) value= 0
03-13 01:11:51.341  4205  4205 D Navbar.Store: handleEvent(1) GetNavBarSidePadding(landscape=true) [Module] SamsungNavigationBarInflaterView
03-13 01:11:51.341  4205  4205 D Navbar.Store: --[Band]STABLE_LAYOUT_PACK_INFLATE_NAVBAR_SIDE_PADDING
03-13 01:11:51.341  4205  4205 D NavBarStateManager: NavBarStates(1) getNavBarSidePadding: 0
03-13 01:11:51.341  4205  4205 D Navbar.Store: handleEvent(1) value= 0
03-13 01:11:51.341  2092 26197 D factory.ssc: vendor/qcom/proprietary/adsprpc/src/apps_std_imp.c:380: apps_std_fopen_fd: done for /vendor/dsp/adsp/./libsns_device_mode_skel.so with fopen:27us, read:11us, rpc_alloc:33us, mmap:505us
03-13 01:11:51.341  2092 26197 I factory.ssc: vendor/qcom/proprietary/adsprpc/src/apps_std_imp.c:1122: Successfully opened file /vendor/dsp/adsp/./libsns_device_mode_skel.so
03-13 01:11:51.341  3003  3003 D EdgeLightingManager: hideForNotification : packageName = android
03-13 01:11:51.341  3003  3003 D EdgeLightingPolicyManager:NotificationGroup: remove : sbn : StatusBarNotification(pkg=android user=UserHandle{-1} id=32 tag=null key=-1|android|32|null|1000: Notification(channel=UsbDevNoti shortcut=null contentView=null vibrate=null sound=null tick defaults=0 flags=ONGOING_EVENT|CAN_COLORIZE color=0x00000000 vis=PUBLIC semFlags=0x0 semPriority=0 semMissedCount=0))
03-13 01:11:51.341  3003  3003 D EdgeLightingPolicyManager.NotificationGroup: group notification count : 1
03-13 01:11:51.342  3003  3003 D EdgeLightingManager: hideForNotification : isInteractive is true
03-13 01:11:51.342  2092  2092 I factory.ssc: vendor/qcom/proprietary/adsprpc/src/fastrpc_apps_user.c:1684: remote_handle64_open: opened handle 0xb400006d90c326d0 (remote 0xb3976070) for file:///libsns_device_mode_skel.so?sns_device_mode_skel_handle_invoke&_modver=1.0&_dom=adsp on domain 0 (spawn time 9371 us, load time 4786 us), num handles 2
03-13 01:11:51.342  2092  2092 E SSC_DAEMON: sns_device_mode_event_send:72, Device mode=1, state=0, ret=0
03-13 01:11:51.343  2092  2092 I factory.ssc: vendor/qcom/proprietary/adsprpc/src/fastrpc_apps_user.c:1713: remote_handle_close: closed handle 0xb3976070 (skel unload time 311 us)
03-13 01:11:51.343  2092  2092 I factory.ssc: vendor/qcom/proprietary/adsprpc/src/fastrpc_apps_user.c:1758: remote_handle64_close: closed handle 0xb400006d90c326d0 remote handle 0xb3976070, num of open handles: 1
03-13 01:11:51.343  2092  2092 I factory.ssc: vendor/qcom/proprietary/adsprpc/src/fastrpc_apps_user.c:3194: domain_deinit for domain 0: dev 16
03-13 01:11:51.343  1274  2375 I sscrpcd : vendor/qcom/proprietary/adsprpc/src/apps_std_imp.c:1012: Successfully opened file /mnt/vendor/persist/sensors/registry/fstempfile
03-13 01:11:51.343  2105  2321 I VSyncReactor: Current= 120, Period= 120, Distance= 0
03-13 01:11:51.344  2092  2092 E factory.ssc: vendor/qcom/proprietary/adsprpc/src/dspsignal.c:114::Error: 0xd: signals != NULL
03-13 01:11:51.344  2092  2092 E factory.ssc: vendor/qcom/proprietary/adsprpc/src/dspsignal.c:126: Error 0xd: dspsignal_domain_deinit failed (domain 0)
03-13 01:11:51.344  4360 26199 I CCodec  : setting up 'default' as default (vendor) store
03-13 01:11:51.344  2053  6835 I QC2CompStore: addIdToList add Id[980] to list
03-13 01:11:51.345  3003  3003 D NotificationReminder: removeFromNotificationList record android
03-13 01:11:51.346  2092 26197 D factory.ssc: vendor/qcom/proprietary/adsprpc/src/fastrpc_apps_user.c:4332: exit_thread: nErr:0x8000040d, dom:0, h:0xb400006d90c31bd0
03-13 01:11:51.346  4832  4832 I HoneySpace.NotificationListener: onNotificationRemoved sbn : StatusBarNotification(pkg=android user=UserHandle{-1} id=32 tag=null key=-1|android|32|null|1000: Notification(channel=UsbDevNoti shortcut=null contentView=null vibrate=null sound=null tick defaults=0 flags=ONGOING_EVENT|CAN_COLORIZE color=0x00000000 vis=PUBLIC semFlags=0x0 semPriority=0 semMissedCount=0)), reason : 8
03-13 01:11:51.346  3003  3067 D RestrictionPolicy: isScreenCaptureEnabled : ret=true userId=0
03-13 01:11:51.346  4832  7615 I HoneySpace.NotificationListener: onNotificationRemoved android: -1|android|32|null|1000: 0
03-13 01:11:51.346  3003  3067 D RestrictionPolicy: isScreenCaptureEnabled : ret=true userId=0
03-13 01:11:51.346  2092 26200 W factory.ssc: vendor/qcom/proprietary/adsprpc/src/log_config.c:396:Warning: file_watcher_thread received exit for domain 0, file factory.ssc.farf
03-13 01:11:51.346  2092 26200 I factory.ssc: vendor/qcom/proprietary/adsprpc/src/log_config.c:448: file_watcher_thread exiting for domain 0
03-13 01:11:51.346  2053  6835 I vendor.qti.media.c2@1.0-service: missing struct descriptor #Param::CoreIndex(--002) for field mastering of struct #Param::CoreIndex(--180a)
03-13 01:11:51.346  2053  6835 I vendor.qti.media.c2@1.0-service: missing struct descriptor #Param::CoreIndex(-V8002) for field portConfigs of struct #Param::CoreIndex(FV19100)
03-13 01:11:51.346  2053  6835 I vendor.qti.media.c2@1.0-service: missing struct descriptor #Param::CoreIndex(-V8002) for field portConfigs of struct #Param::CoreIndex(FV1a100)
03-13 01:11:51.346  2053  6835 I vendor.qti.media.c2@1.0-service: missing struct descriptor #Param::CoreIndex(-V8002) for field portConfigs of struct #Param::CoreIndex(FV19100)
03-13 01:11:51.346  2053  6835 I vendor.qti.media.c2@1.0-service: missing struct descriptor #Param::CoreIndex(-V8002) for field portConfigs of struct #Param::CoreIndex(FV1a100)
03-13 01:11:51.346 29180 29180 I HBD     : h writeToFile complete 
03-13 01:11:51.346  2053  6835 I QC2Comp : [cmphvcD_980] KPI_L1: init: ms=0
03-13 01:11:51.346  2053  6835 I QC2Comp : [c2.qti.hevc.decoder] KPI_L1: Create: ms=1
03-13 01:11:51.346  2053  6835 I QC2CompStore: Created component(c2.qti.hevc.decoder) id(980) sStore[0xb400006dc7a29970]
03-13 01:11:51.346  2053  6835 I vendor.qti.media.c2@1.0-service: missing struct descriptor #Param::CoreIndex(--002) for field mastering of struct #Param::CoreIndex(--180a)
03-13 01:11:51.346  2053  6835 I vendor.qti.media.c2@1.0-service: missing struct descriptor #Param::CoreIndex(--002) for field mastering of struct #Param::CoreIndex(--180a)
03-13 01:11:51.346  3003  3130 D DisplayPowerController[0]: animateScreenStateChange: target=OFF, mIsEnabled=true
03-13 01:11:51.346  2053  6835 I vendor.qti.media.c2@1.0-service: VendorExternalAIFRCRequestSetter set to 0 0
03-13 01:11:51.346 29180 29180 I HBD     : a [UpdatePolicy] [post] a: 17 cl: 65537 kit: [0/0] vt: 0 ir: 1 
03-13 01:11:51.346  2053  6835 I vendor.qti.media.c2@1.0-service: StrictValueWithNoDeps is called old.v.value is 2141391876 me.v.value is 2141391876
03-13 01:11:51.346 29180 29180 I HBD     : b isFlipCoverDisplayMode - true 
03-13 01:11:51.346  2053  6835 I vendor.qti.media.c2@1.0-service: StrictValueWithNoDeps is called old.v.value is 30 me.v.value is 30
03-13 01:11:51.346 29180 29180 I HBD     : DeX h DeX mode state change in non-main thread 
03-13 01:11:51.346 29180 29180 I HBD     : DeX h DeX mode state change: 3 
03-13 01:11:51.346  2053  6835 I vendor.qti.media.c2@1.0-service: missing struct descriptor #Param::CoreIndex(--002) for field mastering of struct #Param::CoreIndex(--180a)
03-13 01:11:51.346  2053  6835 I vendor.qti.media.c2@1.0-service: missing struct descriptor #Param::CoreIndex(--002) for field mastering of struct #Param::CoreIndex(--180a)
03-13 01:11:51.346  2053  6835 I vendor.qti.media.c2@1.0-service: C2StreamVendorRenderEngineHDRToneMapRequestInfoset to 0
03-13 01:11:51.346  2053  6835 W QC2Interface: [hvcD_980] Failed to query parameters
03-13 01:11:51.346  2053  6835 I vendor.qti.media.c2@1.0-service: StrictValueWithNoDeps is called old.v.value is 2141391876 me.v.value is 0
03-13 01:11:51.346  2053  6835 I vendor.qti.media.c2@1.0-service: StrictValueWithNoDeps is called old.v.value is 30 me.v.value is 1
03-13 01:11:51.346  2053  6835 I vendor.qti.media.c2@1.0-service: [FRC-IsFilteringEnabled] entry
03-13 01:11:51.346  2053  6835 I vendor.qti.media.c2@1.0-service: [FRC-IsFilteringEnabled] frcReqInfo.value is 0
03-13 01:11:51.346 29180 26202 I HBD     : h Write selected lang for DE  
03-13 01:11:51.347 29180 26202 I HBD     : h writeToFile path : /data/user_de/0/com.samsung.android.honeyboard/files/fold_selected.json 
03-13 01:11:51.347 29180 26202 I HBD     : h writeToFile json : {"version":"4.2","currentLanguageOrder":0,"front_selected":[{"activeOptionList":["auto_replace","auto_spacing","writing_assistant","prediction"],"bilingualId":-1,"engName":"English","id":65537,"inputType":"qwerty","isUsed":true}]} 
03-13 01:11:51.347  7048  7048 D NLService: Successfully marked the removed notification identified by 32
03-13 01:11:51.347  3003  4598 D KNOX_MDM_SettingsProvider: isChangeAllowed() : name = enabled_input_methods
03-13 01:11:51.347  3003  4598 D KNOX_MDM_SettingsProvider: edmUri: content://com.sec.knox.provider/RestrictionPolicy3
03-13 01:11:51.347  3003  4598 D KNOX_MDM_SettingsProvider: projectionArgs: isSettingsChangesAllowed
03-13 01:11:51.347  3003  4598 D KNOX_MDM_SettingsProvider: selectionArgs: false
03-13 01:11:51.347  3003  4598 D KNOX_MDM_SettingsProvider: selectionArgs: 10202
03-13 01:11:51.347  3003  4598 D SecContentProvider: query(), uri = 17 selection = isSettingsChangesAllowed
03-13 01:11:51.347  2092  2092 I factory.ssc: vendor/qcom/proprietary/adsprpc/src/mod_table.c:792: open_mod_table_close: closed reverse module apps_std with handle 0xc17f4dd8
03-13 01:11:51.347  3003  4598 D SecContentProvider: called from android.uid.honeyboard:10202
03-13 01:11:51.347  3003  4598 D RestrictionPolicy: isSettingsChangesAllowedAsUser, userId 0 : true
03-13 01:11:51.347  3003  4598 D KNOX_MDM_SettingsProvider: ret = 1
03-13 01:11:51.347 29180 26202 I HBD     : h writeToFile complete 
03-13 01:11:51.347  3003  4598 D KNOX_MDM_SettingsProvider: isChangeAllowed() : name = default_input_method
03-13 01:11:51.347  3003  4598 D KNOX_MDM_SettingsProvider: edmUri: content://com.sec.knox.provider/RestrictionPolicy3
03-13 01:11:51.347  3003  4598 D KNOX_MDM_SettingsProvider: projectionArgs: isSettingsChangesAllowed
03-13 01:11:51.347  3003  4598 D KNOX_MDM_SettingsProvider: selectionArgs: false
03-13 01:11:51.347  3003  4598 D KNOX_MDM_SettingsProvider: selectionArgs: 10202
03-13 01:11:51.347  3003  4598 D SecContentProvider: query(), uri = 17 selection = isSettingsChangesAllowed
03-13 01:11:51.347  3003  4598 D SecContentProvider: called from android.uid.honeyboard:10202
03-13 01:11:51.347  3003  4598 D RestrictionPolicy: isSettingsChangesAllowedAsUser, userId 0 : true
03-13 01:11:51.348  3003  4598 D KNOX_MDM_SettingsProvider: ret = 1
03-13 01:11:51.348  3003  3067 D WindowManager: Changing focus from Window{2d24e74 u0 com.dunkinbrands.otgo/com.cardfree.android.dunkindonuts.activities.MenuCustomizeActivity} to null displayId=0 Callers=com.android.server.wm.RootWindowContainer.onChildPositionChanged:8 com.android.server.wm.WindowContainer.positionChildAt:69 com.android.server.wm.RootWindowContainer.positionChildAt:8 com.android.server.wm.WindowManagerServiceExt.moveDisplayToTop:37 
03-13 01:11:51.348  2092  2092 I factory.ssc: vendor/qcom/proprietary/adsprpc/src/fastrpc_apps_user.c:3408: close_device_node: closed dev 16 on domain 0
03-13 01:11:51.348  2092  2092 I factory.ssc: vendor/qcom/proprietary/adsprpc/src/fastrpc_apps_user.c:3237: domain_deinit: closed device 16 on domain 0 (kill time 898 us)
03-13 01:11:51.348  2092  2092 I factory.ssc: vendor/qcom/proprietary/adsprpc/src/fastrpc_apps_user.c:1758: remote_handle64_close: closed handle 0xb400006d90c31bd0 remote handle 0x0, num of open handles: 0
03-13 01:11:51.348  2092  2092 I SSC_DAEMON: handleSensorTestReqMsg:85, Sensor type :15, Msg type:15
03-13 01:11:51.348 29180 29208 I HBD     : p updated Sub Types. English 
03-13 01:11:51.348  4360 26199 I CCodec  : Created component [c2.qti.hevc.decoder] for [c2.qti.hevc.decoder]
03-13 01:11:51.348  2092  2092 I SSC_DAEMON: physicalSensorTestReqMsg:130, s:15, m:15
03-13 01:11:51.348  4360 26199 I CCodec  : [c2.qti.hevc.decoder] state->set(ALLOCATED)
03-13 01:11:51.348  2053 13496 W QC2Interface: [hvcD_980] Failed to query parameters
03-13 01:11:51.349 29180 26203 I HBD     : a InputMethodSubtype is set as local:en_US 
03-13 01:11:51.349  3003  3067 D InputDispatcher: Focused display: 0 -> 1
