03-11 23:57:35.903  3984  4706 W BufferQueueProducer: [SurfaceView[com.tubitv/com.tubitv.activities.MainActivity](BLAST)#112949(BLAST Consumer)pid:3984](id:f9000000005,api:3,p:3984,c:3984) detachBuffer: slot 37 is not owned by the producer (state = FREE)
03-11 23:57:35.903  3984  4706 W BufferQueueProducer: [SurfaceView[com.tubitv/com.tubitv.activities.MainActivity](BLAST)#112949(BLAST Consumer)pid:3984](id:f9000000005,api:3,p:3984,c:3984) detachBuffer: slot 38 is not owned by the producer (state = FREE)
03-11 23:57:35.903  3163  3352 D PowerManagerService: handleSandman ignore 0
03-11 23:57:35.903  3984  4706 W BufferQueueProducer: [SurfaceView[com.tubitv/com.tubitv.activities.MainActivity](BLAST)#112949(BLAST Consumer)pid:3984](id:f9000000005,api:3,p:3984,c:3984) detachBuffer: slot 39 is not owned by the producer (state = FREE)
03-11 23:57:35.903  7545  7545 I FileStationLog: [ FS_h ] - [Logic] Retrieved display info: LogicDisplayInfo(width=1080, height=2640, orientation=1, rotation=0, displayId=0)
03-11 23:57:35.903  3984  4706 W BufferQueueProducer: [SurfaceView[com.tubitv/com.tubitv.activities.MainActivity](BLAST)#112949(BLAST Consumer)pid:3984](id:f9000000005,api:3,p:3984,c:3984) detachBuffer: slot 40 is not owned by the producer (state = FREE)
03-11 23:57:35.904  7545  7545 I FileStationLog: [ FS_h$a ] - [Display] New logical size: 1080x2640
03-11 23:57:35.904  3984  4706 W BufferQueueProducer: [SurfaceView[com.tubitv/com.tubitv.activities.MainActivity](BLAST)#112949(BLAST Consumer)pid:3984](id:f9000000005,api:3,p:3984,c:3984) detachBuffer: slot 41 is not owned by the producer (state = FREE)
03-11 23:57:35.904  7545  7545 I FileStationLog: [ FS_h$a ] - [Display] Screen width unchanged: 1080
03-11 23:57:35.904  3984  4706 W BufferQueueProducer: [SurfaceView[com.tubitv/com.tubitv.activities.MainActivity](BLAST)#112949(BLAST Consumer)pid:3984](id:f9000000005,api:3,p:3984,c:3984) detachBuffer: slot 42 is not owned by the producer (state = FREE)
03-11 23:57:35.904  6942  6942 D NfcService: MSG_APPLY_SCREEN_STATE 2
03-11 23:57:35.904  3984  4706 W BufferQueueProducer: [SurfaceView[com.tubitv/com.tubitv.activities.MainActivity](BLAST)#112949(BLAST Consumer)pid:3984](id:f9000000005,api:3,p:3984,c:3984) detachBuffer: slot 43 is not owned by the producer (state = FREE)
03-11 23:57:35.904  3984  4706 W BufferQueueProducer: [SurfaceView[com.tubitv/com.tubitv.activities.MainActivity](BLAST)#112949(BLAST Consumer)pid:3984](id:f9000000005,api:3,p:3984,c:3984) detachBuffer: slot 44 is not owned by the producer (state = FREE)
03-11 23:57:35.904  3984  4706 W BufferQueueProducer: [SurfaceView[com.tubitv/com.tubitv.activities.MainActivity](BLAST)#112949(BLAST Consumer)pid:3984](id:f9000000005,api:3,p:3984,c:3984) detachBuffer: slot 45 is not owned by the producer (state = FREE)
03-11 23:57:35.904  3984  4706 W BufferQueueProducer: [SurfaceView[com.tubitv/com.tubitv.activities.MainActivity](BLAST)#112949(BLAST Consumer)pid:3984](id:f9000000005,api:3,p:3984,c:3984) detachBuffer: slot 46 is not owned by the producer (state = FREE)
03-11 23:57:35.904  3984  4706 W BufferQueueProducer: [SurfaceView[com.tubitv/com.tubitv.activities.MainActivity](BLAST)#112949(BLAST Consumer)pid:3984](id:f9000000005,api:3,p:3984,c:3984) detachBuffer: slot 47 is not owned by the producer (state = FREE)
03-11 23:57:35.904  3984  4706 W BufferQueueProducer: [SurfaceView[com.tubitv/com.tubitv.activities.MainActivity](BLAST)#112949(BLAST Consumer)pid:3984](id:f9000000005,api:3,p:3984,c:3984) detachBuffer: slot 48 is not owned by the producer (state = FREE)
03-11 23:57:35.904  3163  3352 D PowerManagerService: handleSandman ignore 0
03-11 23:57:35.904  6942  6942 D libnfc_nci: nfcManager_doSetScreenState: state = 2 prevScreenState= 1, discovry_param = 1
03-11 23:57:35.904  3984  4706 W BufferQueueProducer: [SurfaceView[com.tubitv/com.tubitv.activities.MainActivity](BLAST)#112949(BLAST Consumer)pid:3984](id:f9000000005,api:3,p:3984,c:3984) detachBuffer: slot 49 is not owned by the producer (state = FREE)
03-11 23:57:35.904  3984  4706 W BufferQueueProducer: [SurfaceView[com.tubitv/com.tubitv.activities.MainActivity](BLAST)#112949(BLAST Consumer)pid:3984](id:f9000000005,api:3,p:3984,c:3984) detachBuffer: slot 50 is not owned by the producer (state = FREE)
03-11 23:57:35.904  2582  8068 D NxpTml  : PN54X - Write requested.....
03-11 23:57:35.904  2582  8068 D NxpTml  : PN54X - Invoking I2C Write.....
03-11 23:57:35.904  3984  4706 W BufferQueueProducer: [SurfaceView[com.tubitv/com.tubitv.activities.MainActivity](BLAST)#112949(BLAST Consumer)pid:3984](id:f9000000005,api:3,p:3984,c:3984) detachBuffer: slot 51 is not owned by the producer (state = FREE)
03-11 23:57:35.905  3984  4706 W BufferQueueProducer: [SurfaceView[com.tubitv/com.tubitv.activities.MainActivity](BLAST)#112949(BLAST Consumer)pid:3984](id:f9000000005,api:3,p:3984,c:3984) detachBuffer: slot 52 is not owned by the producer (state = FREE)
03-11 23:57:35.905  2582  8068 I NxpNciX : len =   4 > 20090103
03-11 23:57:35.905  2582  8068 D NxpTml  : PN54X - I2C Write successful.....
03-11 23:57:35.905  2582  8068 D NxpTml  : PN54X - Posting Fresh Write message.....
03-11 23:57:35.905  2582  8068 D NxpTml  : PN54X - Tml Writer Thread Running................
03-11 23:57:35.905  2582  8070 D NxpHal  : write successful status = 0x0
03-11 23:57:35.905  3984  4706 W BufferQueueProducer: [SurfaceView[com.tubitv/com.tubitv.activities.MainActivity](BLAST)#112949(BLAST Consumer)pid:3984](id:f9000000005,api:3,p:3984,c:3984) detachBuffer: slot 53 is not owned by the producer (state = FREE)
03-11 23:57:35.905  3984  4706 W BufferQueueProducer: [SurfaceView[com.tubitv/com.tubitv.activities.MainActivity](BLAST)#112949(BLAST Consumer)pid:3984](id:f9000000005,api:3,p:3984,c:3984) detachBuffer: slot 54 is not owned by the producer (state = FREE)
03-11 23:57:35.905  2582  8059 D NxpTml  : PN54X - I2C Read successful.....
03-11 23:57:35.905  2582  8059 I NxpNciR : len =   4 > 40090100
03-11 23:57:35.905  2582  8059 D NxpTml  : PN54X - Posting read message.....
03-11 23:57:35.905  2582  8070 D NxpHal  : read successful status = 0x0
03-11 23:57:35.905  3984  4706 W BufferQueueProducer: [SurfaceView[com.tubitv/com.tubitv.activities.MainActivity](BLAST)#112949(BLAST Consumer)pid:3984](id:f9000000005,api:3,p:3984,c:3984) detachBuffer: slot 55 is not owned by the producer (state = FREE)
03-11 23:57:35.906  3984  4706 W BufferQueueProducer: [SurfaceView[com.tubitv/com.tubitv.activities.MainActivity](BLAST)#112949(BLAST Consumer)pid:3984](id:f9000000005,api:3,p:3984,c:3984) detachBuffer: slot 56 is not owned by the producer (state = FREE)
03-11 23:57:35.906  3984  4706 W BufferQueueProducer: [SurfaceView[com.tubitv/com.tubitv.activities.MainActivity](BLAST)#112949(BLAST Consumer)pid:3984](id:f9000000005,api:3,p:3984,c:3984) detachBuffer: slot 57 is not owned by the producer (state = FREE)
03-11 23:57:35.906  3984  4706 W BufferQueueProducer: [SurfaceView[com.tubitv/com.tubitv.activities.MainActivity](BLAST)#112949(BLAST Consumer)pid:3984](id:f9000000005,api:3,p:3984,c:3984) detachBuffer: slot 58 is not owned by the producer (state = FREE)
03-11 23:57:35.906  6942  8007 D libnfc_nci: nfaDeviceManagementCallback: enter; event=0xB
03-11 23:57:35.906  3984  4706 W BufferQueueProducer: [SurfaceView[com.tubitv/com.tubitv.activities.MainActivity](BLAST)#112949(BLAST Consumer)pid:3984](id:f9000000005,api:3,p:3984,c:3984) detachBuffer: slot 59 is not owned by the producer (state = FREE)
03-11 23:57:35.906  6942  8007 D libnfc_nci: nfaDeviceManagementCallback: NFA_DM_SET_POWER_SUB_STATE_EVT; status=0x0
03-11 23:57:35.906  2582  8059 D NxpTml  : PN54X - Read requested.....
03-11 23:57:35.906  2582  8059 D NxpTml  : PN54X - Invoking I2C Read.....
03-11 23:57:35.906  3984  4706 W BufferQueueProducer: [SurfaceView[com.tubitv/com.tubitv.activities.MainActivity](BLAST)#112949(BLAST Consumer)pid:3984](id:f9000000005,api:3,p:3984,c:3984) detachBuffer: slot 60 is not owned by the producer (state = FREE)
03-11 23:57:35.906  3984  4706 W BufferQueueProducer: [SurfaceView[com.tubitv/com.tubitv.activities.MainActivity](BLAST)#112949(BLAST Consumer)pid:3984](id:f9000000005,api:3,p:3984,c:3984) detachBuffer: slot 61 is not owned by the producer (state = FREE)
03-11 23:57:35.906  2582  8068 D NxpTml  : PN54X - Write requested.....
03-11 23:57:35.906  2582  8068 D NxpTml  : PN54X - Invoking I2C Write.....
03-11 23:57:35.906  3984  4706 W BufferQueueProducer: [SurfaceView[com.tubitv/com.tubitv.activities.MainActivity](BLAST)#112949(BLAST Consumer)pid:3984](id:f9000000005,api:3,p:3984,c:3984) detachBuffer: slot 62 is not owned by the producer (state = FREE)
03-11 23:57:35.906  3984  4706 W BufferQueueProducer: [SurfaceView[com.tubitv/com.tubitv.activities.MainActivity](BLAST)#112949(BLAST Consumer)pid:3984](id:f9000000005,api:3,p:3984,c:3984) detachBuffer: slot 63 is not owned by the producer (state = FREE)
03-11 23:57:35.906  2582  8068 I NxpNciX : len =   7 > 20020401020100
03-11 23:57:35.906  2582  8068 D NxpTml  : PN54X - I2C Write successful.....
03-11 23:57:35.906  2582  8068 D NxpTml  : PN54X - Posting Fresh Write message.....
03-11 23:57:35.906  2582  8068 D NxpTml  : PN54X - Tml Writer Thread Running................
03-11 23:57:35.906  2582  8070 D NxpHal  : write successful status = 0x0
03-11 23:57:35.907  2582  8059 D NxpTml  : PN54X - I2C Read successful.....
03-11 23:57:35.907  2582  8059 I NxpNciR : len =   5 > 4002020000
03-11 23:57:35.907  2582  8059 D NxpTml  : PN54X - Posting read message.....
03-11 23:57:35.907  2582  8070 D NxpHal  : read successful status = 0x0
03-11 23:57:35.907  2582  8070 D NxpHal  : phNxpNciHal_print_res_status: response status =STATUS_OK
03-11 23:57:35.907  2582  8059 D NxpTml  : PN54X - Read requested.....
03-11 23:57:35.907  2582  8059 D NxpTml  : PN54X - Invoking I2C Read.....
03-11 23:57:35.907  6942  8007 D libnfc_nci: nfaDeviceManagementCallback: enter; event=0x2
03-11 23:57:35.907  6942  8007 D libnfc_nci: nfaDeviceManagementCallback: NFA_DM_SET_CONFIG_EVT
03-11 23:57:35.908  3163  3352 D PowerManagerService: handleSandman ignore 0
03-11 23:57:35.908  2224  4452 D C2BqBuffer: local generation change 4079622 , bqId: 17111149707270 migrated buffers # 3
03-11 23:57:35.908  3984  4706 D Codec2Client: Surface configure completed
03-11 23:57:35.910 10834   508 I DeviceStatusMonitor: DeviceStatusMonitor.handleBroadcast():138 onReceive() : Action = android.intent.action.SCREEN_OFF
03-11 23:57:35.911 10834   508 I DeviceStatusMonitor: DeviceStatusMonitor.updateCountryInfo():154 updateCountryInfo(), notifyAnyway = false
03-11 23:57:35.912  2809  4319 D BufferPoolAccessor2.0: bufferpool2 0xb4000070fcb34e78 : 0(0 size) total buffers - 0(0 size) used buffers - 0/0 (recycle/alloc) - 0/0 (fetch/transfer)
03-11 23:57:35.913  2809  4319 D BufferPoolAccessor2.0: evictor expired: 1, evicted: 1
03-11 23:57:35.915  3984  4706 D SurfaceUtils: disconnecting from surface 0xb400006ea3071290, reason pushBlankBuffersToNativeWindow
03-11 23:57:35.915  3984  4706 D Surface : Surface::disconnect
03-11 23:57:35.915  3984  4706 D BufferQueueProducer: [SurfaceView[com.tubitv/com.tubitv.activities.MainActivity](BLAST)#112949(BLAST Consumer)pid:3984](id:f9000000005,api:3,p:3984,c:3984) disconnect: api 3
03-11 23:57:35.915  3984  4706 D SurfaceUtils: set up nativeWindow 0xb400006ea3071290 for 1x1, color 0x2, rotation 0, usage 0x930
03-11 23:57:35.916 10834 10834 I Module  : DeviceLockedStatusModuleProvider$Module.updateDeviceLockedStatus():103 repeatCheckTimes = 0, locked = false
03-11 23:57:35.916 10834 10834 I InputBundle: InputBundle.consumeEvent():1029 Skip consuming an event as imeStatus is INACTIVE
03-11 23:57:35.918  3163  3352 D PowerManagerService: handleSandman ignore 0
03-11 23:57:35.924  3163  5158 D WifiStaIfaceHidlImpl: getCachedScanData is not implemented by HIDL
03-11 23:57:35.926  3163  3352 D PowerManagerService: handleSandman ignore 0
03-11 23:57:35.929  3163  3352 D PowerManagerService: handleSandman ignore 0
03-11 23:57:35.930  3163  3352 D PowerManagerService: handleSandman ignore 0
03-11 23:57:35.939  3163  3231 W AccessibilityWindowsPopulator: The displayInfo of this displayId (0) called back from the surface fligner is null
03-11 23:57:35.940  5625  5625 W libc    : Access denied finding property "vendor.display.enable_optimal_refresh_rate"
03-11 23:57:35.941  5625  5625 W libc    : Access denied finding property "vendor.gpp.create_frc_extension"
03-11 23:57:35.956  3163  3352 D PowerManagerService: handleSandman ignore 0
03-11 23:57:35.958  3163  3352 D PowerManagerService: handleSandman ignore 0
03-11 23:57:35.961  3163  3352 D PowerManagerService: handleSandman ignore 0
03-11 23:57:35.962  3163  3352 D PowerManagerService: handleSandman ignore 0
03-11 23:57:35.963  7545  7545 I FileStationLog: [ FileStationManager ] - screenIsOn: false, hasWindowShowed: false
03-11 23:57:35.964  3163  3352 D PowerManagerService: handleSandman ignore 0
03-11 23:57:35.964  3163  3352 D PowerManagerService: handleSandman ignore 0
03-11 23:57:35.965  3163  5528 W AccessibilityWindowsPopulator: The displayInfo of this displayId (0) called back from the surface fligner is null
03-11 23:57:35.965  7545  7545 I MotoDesktopLog: [ FileStationLog ] - broadcastMessage - cmd : 2008
03-11 23:57:35.969  3163  3352 D PowerManagerService: handleSandman ignore 0
03-11 23:57:35.977  3163  5528 W AccessibilityWindowsPopulator: The displayInfo of this displayId (0) called back from the surface fligner is null
03-11 23:57:35.978  3163  8301 I DreamManagerService: startDozing by com.android.systemui callingUid=10394 callingPid=5625
03-11 23:57:35.980  3163  8301 D DreamManagerService: Dream requested to start dozing: android.os.Binder@70ca77, screenState=2, screenBrightness=-1, reason=DREAM_MANAGER_LID_SWITCH
03-11 23:57:35.981  3163  3352 I WindowManager: Display 1 turning on...
03-11 23:57:35.984  3163  3352 I DisplayBrightnessStrategySelector: Changing the DisplayBrightnessStrategy from ScreenOffBrightnessStrategy to InvalidBrightnessStrategy for display 1
03-11 23:57:35.984  3163  8301 D PowerManagerService: nativeSetAutoSuspend enable:false duration ms: 3
03-11 23:57:35.985  3163  3352 V DisplayPowerController2[1]: Brightness [0.13593856] reason changing to: 'manual', previous reason: 'screen_off'.
03-11 23:57:35.986  3163  3352 I DisplayPowerController2[1]: 03-11 23:57:35.985 - BrightnessEvent: disp=1, physDisp=local:4630947043778501763, displayState=ON, displayPolicy=DOZE, brt=0.13593856, initBrt=0.0, rcmdBrt=NaN, preBrt=NaN, lux=0.0, preLux=0.0, brtNits=25.075901, hdrNits=NaN, initNits=3.3701954, preNits=NaN, rcmdNits=NaN, hdrBrightness=NaN, brt(%)=18%, brtInt=36, hbmPolicy=normal, hbmMax=0.7660316, hbmMode=off, rbcStrength=-1, thrmMax=1.0, powerFactor=1.0, wasShortTermModelActive=false, flags=, reason=manual, autoBrightness=true, strategy=InvalidBrightnessStrategy, autoBrightnessMode=default
03-11 23:57:35.986  3163  3229 W WindowManager: All windows drawn on display 1
03-11 23:57:35.986 15389 15389 D StateManager: goToState - fromState: Normal, toState: Normal, partial trace:
03-11 23:57:35.986 15389 15389 D StateManager: 	at com.android.launcher3.Launcher.onScreenOnChanged(Launcher.java:3017)
03-11 23:57:35.986 15389 15389 D StateManager: 	at com.android.launcher3.Launcher$$ExternalSyntheticLambda25.onScreenOnChanged(D8$$SyntheticClass:0)
03-11 23:57:35.986 15389 15389 D StateManager: 	at com.android.launcher3.util.ScreenOnTracker.lambda$dispatchScreenOnChanged$0(ScreenOnTracker.java:67)
03-11 23:57:35.990  3163  8301 D PowerManagerService: nativeAcquireSuspendBlocker name:PowerManagerService.Display duration ms: 5
03-11 23:57:35.990  3163  5308 D PowerManagerService: nativeSetPowerMode ret:false mode:9 enabled:false duration ms: 0
03-11 23:57:35.990  3163  5308 D TouchHwAidlService: setCliDisplayState: mCliScreenOff=false
03-11 23:57:35.990  3163  5308 D LocalDisplayAdapter: setDisplayPowerMode mode=2 for display=android.os.BinderProxy@433f576
03-11 23:57:35.990  5625  5625 D KeyguardViewMediator: KeyguardViewMediator queue processing message: NOTIFY_FINISHED_GOING_TO_SLEEP
03-11 23:57:35.992 28905 29391 I NearbyDiscovery: (REDACTED) FastPairHandler: Received action %s
03-11 23:57:35.992 28905 29391 I NearbyDiscovery: (REDACTED) PureOffloadFastPairScanner: eventType=%s, isInternalReq=%s, isScanning=%s, isScanningAllowed=%s
03-11 23:57:35.992 28905 29391 I NearbyDiscovery: (REDACTED) ApFastPairScanner: isScreenOn=%s, isLocationEnabled=%s, disableLocationRequirement=%s, isDiscoveryScanningEnabled=%s, during24GhzWifiWarmingUpPeriod=%s
03-11 23:57:35.993 28905 29391 D BluetoothAdapter: isLeEnabled(): ON
03-11 23:57:35.993 28905 29391 I NearbyDiscovery: (REDACTED) ApFastPairScanner: eventType=%s, intReq=%s, scanning=%s, scanAllowed=%s, bleEnabled=%s, lockScanRate=%s, startScanningByLowPowerMode=%s
03-11 23:57:35.993 28905 29391 I NearbyDiscovery: FastPairController: onSystemStateChanged: skip due to flag disabled [CONTEXT service_id=265 ]
03-11 23:57:35.995  5625  5625 I Channel.Remote: [de8362611079428da312381e6bb8b50c|com.motorola.personalize] Keep channel connection alive true by 4
03-11 23:57:35.995  5493  6013 W HWUI    : Surface doesn't have any previously queued frames, nothing to readback from
03-11 23:57:35.996  3163  5171 I serviceDiscovery: [MdnsDiscoveryManager] Unregistering listener for serviceType:_googlecast._tcp.local
03-11 23:57:35.996  5625  5625 I vol.VolumeDialogImpl: mDialog.dismiss() reason: screen_off from: com.android.systemui.volume.VolumeDialogImpl$10.onScreenOff:4 displayId: 0 mShowing: false mIsAnimatingDismiss: true
03-11 23:57:35.996  5625  5625 D vol.VolumeDialogImpl: dismissH: skipping dismiss because isAnimatingDismiss is true and showingStateInconsistent is false
03-11 23:57:35.996  3163  8251 I WifiService: releaseMulticastLock uid=10240 tag=MdnsServiceBrowserImpl
03-11 23:57:35.997  3163  5171 I serviceDiscovery: [MdnsDiscoveryManager] Unregistering listener for serviceType:_googlecast._tcp.local
03-11 23:57:35.997  3163  5171 I WifiService: releaseMulticastLock uid=1000 tag=NsdService
03-11 23:57:36.028  3163  5528 D SystemServerTiming: getUserSwitchability-0
03-11 23:57:36.028  3163  5528 D SystemServerTiming: TM.isInCall
03-11 23:57:36.029  3163  5528 D SystemServerTiming: hasUserRestriction-DISALLOW_USER_SWITCH
03-11 23:57:36.029  3163  5528 D SystemServerTiming: getInt-ALLOW_USER_SWITCHING_WHEN_SYSTEM_USER_LOCKED
03-11 23:57:36.029  3163  5528 D SystemServerTiming: isUserUnlocked-USER_SYSTEM
03-11 23:57:36.030 15389 15389 I OverviewComponentObserver: updateOverviewTargets: mIsHomeDisabled=true, isDefaultHomeNull=false, mIsDefaultHome=true
03-11 23:57:36.051  3163  5528 D SystemServerTiming: getUserSwitchability-0
03-11 23:57:36.051  3163  5528 D SystemServerTiming: TM.isInCall
03-11 23:57:36.051  3163  8251 D SystemServerTiming: getUserSwitchability-0
03-11 23:57:36.051  3163  8251 D SystemServerTiming: TM.isInCall
03-11 23:57:36.052  3163  8251 D SystemServerTiming: hasUserRestriction-DISALLOW_USER_SWITCH
03-11 23:57:36.052  3163  8251 D SystemServerTiming: getInt-ALLOW_USER_SWITCHING_WHEN_SYSTEM_USER_LOCKED
03-11 23:57:36.052  3163  8251 D SystemServerTiming: isUserUnlocked-USER_SYSTEM
03-11 23:57:36.052  3163  5528 D SystemServerTiming: hasUserRestriction-DISALLOW_USER_SWITCH
03-11 23:57:36.052  3163  5528 D SystemServerTiming: getInt-ALLOW_USER_SWITCHING_WHEN_SYSTEM_USER_LOCKED
03-11 23:57:36.052  3163  5528 D SystemServerTiming: isUserUnlocked-USER_SYSTEM
03-11 23:57:36.052  5625  6171 I Channel.Remote: [binder:5625_4] [de8362611079428da312381e6bb8b50c|com.motorola.personalize][886] received remote channel service seq:886 results
03-11 23:57:36.059  2064  4171 D slpi-TMD2712: tmd2712: Prox pdata 3, offset1:70, full: 718, NearBy: 0, Lth:54, Hth:85,off_l 70. off_h 0, th_l 1, th_h 85
03-11 23:57:36.060  5625  5625 I Typeface: mototime=Rookery-Stacked;moto_time;5625
03-11 23:57:36.065  2300  2300 E Scheduler: trackPendingFrame: Invalid present fence
03-11 23:57:36.066  5625  5625 I Typeface: mototime=Rookery-Stacked;moto_time;5625
03-11 23:57:36.066  5625  5625 D LockScreen_Plugin: notifyAttributesChanged: pluginCallback = com.android.systemui.shared.plugins.MotoLsClockFacePlugin$PluginCallback@db2e267, data = Bundle[{clock_face_time=moto_time, clock_face_color=-1}]
03-11 23:57:36.066  5625  5625 V MotoLsClockFacePlugin: onClockFaceColorChange: 0xffffffff
03-11 23:57:36.066  5625  5625 V MotoLsClockFacePlugin: onClockFontChanged
03-11 23:57:36.069  2064  2064 I sensors-hal: batch:206, com.motorola.sensor.stowed/65568, period=200000000, max_latency=0
03-11 23:57:36.069  2064  2064 I sensors-hal: set_config:61, no need to adjust sample_period_ns due to reporting_mode = 2
03-11 23:57:36.069  2064  2064 I sensors-hal: batch:215, com.motorola.sensor.stowed/65568, period=200000000, max_latency=0 request completed
03-11 23:57:36.070  2064  4171 D slpi-TMD2712: tmd2712: Prox pdata 2, offset1:70, full: 714, NearBy: 0, Lth:54, Hth:85,off_l 70. off_h 0, th_l 1, th_h 85
03-11 23:57:36.078  2300  2300 D SurfaceFlinger: setDesiredDisplayModeSpecs[{0, false, PR={p[24.00-120.00]Hz, r[24.00-60.00]Hz}, AR={p[0.00-120.00]Hz, r[0.00-60.00]Hz}}]: by process 3163 uid 1000 for display 4630947043778501762
03-11 23:57:36.078  2300  2300 D SurfaceFlinger: Setting power mode 2 on display 4630947043778501763
03-11 23:57:36.080  3163  3231 I DisplayDeviceRepository: Display device changed state: "HDMI Screen", ON
03-11 23:57:36.086  3163  3163 I BrightnessSynchronizer: New Update: {[14507] 0.18332435(f), mUpdatedTypes=1, mConfirmedTypes=0, mTimeUpdated=0, mState=2}
03-11 23:57:36.086  3163  3163 I BrightnessSynchronizer: [14507] New Update 0.18332435(f) set brightness values:  48(i)
03-11 23:57:36.087  2300  2300 I Scheduler: Display 4630947043778501763 is the pacesetter
03-11 23:57:36.087  2300  2300 I Scheduler: promotePacesetterDisplayLocked, mAcceptScrollEvent=1
03-11 23:57:36.087  2300  2300 I Scheduler: promotePacesetterDisplayLocked, mAcceptTouchNotBoostEvent=0
03-11 23:57:36.087  3163  3231 I InputManager-JNI: Viewport [0] to add: local:4630947043778501762, isActive: false
03-11 23:57:36.087  3163  3231 I InputManager-JNI: Viewport [1] to add: local:4630947043778501763, isActive: true
03-11 23:57:36.087  3163  3163 I BrightnessSynchronizer: Swallowing update of 48(i) by update: {[14507] 0.18332435(f), mUpdatedTypes=1, mConfirmedTypes=1, mTimeUpdated=124947877, mState=2}
03-11 23:57:36.087  3163  3163 I BrightnessSynchronizer: Completed Update: {[14507] 0.18332435(f), mUpdatedTypes=1, mConfirmedTypes=1, mTimeUpdated=124947877, mState=3}
03-11 23:57:36.088  5625  5625 D BiometricsRepositoryImpl: currentUser authFlags changed, new value: AuthenticationFlags(userId=0, flag=0)
03-11 23:57:36.089  5625  5625 D BiometricsRepositoryImpl: currentUser authFlags changed, new value: AuthenticationFlags(userId=0, flag=0)
03-11 23:57:36.091  5625  5625 D BiometricsRepositoryImpl: currentUser authFlags changed, new value: AuthenticationFlags(userId=0, flag=0)
03-11 23:57:36.091  5625  5625 D BiometricsRepositoryImpl: currentUser authFlags changed, new value: AuthenticationFlags(userId=0, flag=0)
03-11 23:57:36.091  3163  3229 V WindowManager: Content Recording: Display 1 state was (1), is now (2), so update recording?
03-11 23:57:36.092  3163  3227 D TouchHwAidlService: updateCliDisplayState: mCliScreenOn=true
03-11 23:57:36.092  5625  5625 D BiometricsRepositoryImpl: currentUser authFlags changed, new value: AuthenticationFlags(userId=0, flag=0)
03-11 23:57:36.092  3163  4132 E WindowManager: Dream packageName does not match active dream. Package com.motorola.mobiledesktop.core does not match ComponentInfo{com.android.systemui/com.android.systemui.doze.DozeService}
03-11 23:57:36.093  3163  8251 E WindowManager: Dream packageName does not match active dream. Package com.google.android.inputmethod.latin does not match ComponentInfo{com.android.systemui/com.android.systemui.doze.DozeService}
03-11 23:57:36.093  3163  7414 E WindowManager: Dream packageName does not match active dream. Package io.appium.settings does not match ComponentInfo{com.android.systemui/com.android.systemui.doze.DozeService}
03-11 23:57:36.093  3163  5528 E WindowManager: Dream packageName does not match active dream. Package com.tubitv does not match ComponentInfo{com.android.systemui/com.android.systemui.doze.DozeService}
03-11 23:57:36.094  3163  7414 E WindowManager: Dream packageName does not match active dream. Package com.google.android.gsf does not match ComponentInfo{com.android.systemui/com.android.systemui.doze.DozeService}
03-11 23:57:36.094  3163  7414 E WindowManager: Dream packageName does not match active dream. Package com.google.android.gms does not match ComponentInfo{com.android.systemui/com.android.systemui.doze.DozeService}
03-11 23:57:36.094  3163  4285 I InputReader: Reconfiguring input devices, changes=DISPLAY_INFO
03-11 23:57:36.094  3163  4285 I InputReader: Disabling goodix_ts (device 7) because the associated viewport is not active
03-11 23:57:36.094  3163  4285 I InputReader: Device reconfigured: id=6, name='zinitix_mt', size 194x368, orientation Rotation0, mode DIRECT, display id 1
03-11 23:57:36.095  3163  3229 D CLI/Transition: displaygroup 1, state ON, pendingdisplaygroup -1
03-11 23:57:36.097  3163  8251 E WindowManager: Dream packageName does not match active dream. Package com.motorola.motocare does not match ComponentInfo{com.android.systemui/com.android.systemui.doze.DozeService}
03-11 23:57:36.098  3163  3229 I DisplayDevice: [1] Layerstack set to 1 for local:4630947043778501763 mDisplayToken=android.os.BinderProxy@433f576 t=Transaction{mNativeObject=-5476376673043392304, mHashCode=0}
03-11 23:57:36.099  5625  5625 D BiometricsRepositoryImpl: currentUser authFlags changed, new value: AuthenticationFlags(userId=0, flag=0)
03-11 23:57:36.099  3163  3231 W AccessibilityWindowsPopulator: The displayInfo of this displayId (0) called back from the surface fligner is null
03-11 23:57:36.099  3163  3231 D PanelsService: updateCliDisplayState: mCliScreenState=ON
03-11 23:57:36.099  2300  2300 D SurfaceFlinger: Setting desired display mode specs: {0, false, PR={p[24.00-120.00]Hz, r[24.00-120.00]Hz}, AR={p[0.00-120.00]Hz, r[0.00-120.00]Hz}} for display 4630947043778501763
03-11 23:57:36.099  2300  2300 I SurfaceFlinger: Switching to Scheduler preferred mode 0 (60.00 Hz) for display 4630947043778501763
03-11 23:57:36.099  2300  2300 W ComposerExtn: DisplayExtnImpl::SetActiveConfig: HWC Display 2 is not registered!
03-11 23:57:36.099  2300  2300 D DisplayModeController: setDesiredMode 4630947043778501763 {mode={fps=60.00 Hz, modePtr={id=0, vsyncRate=60.00 Hz, peakRefreshRate=60.00 Hz}}, emitEvent=true, force=false}
03-11 23:57:36.100  2195  2586 I SDM     : DisplayBase::SetDisplayState: Set state = 1, display 76-0, teardown = 0
03-11 23:57:36.101  2195  2586 I SDM     : HWDeviceDRM::NullCommit: Null commit succeeded crtc=203
03-11 23:57:36.101  3163  7000 E WindowManager: Dream packageName does not match active dream. Package com.dolby.daxservice does not match ComponentInfo{com.android.systemui/com.android.systemui.doze.DozeService}
03-11 23:57:36.102  5625  5920 D ControlsListingControllerImpl: Subscribing callback, service count: 1
03-11 23:57:36.102  3163  3231 W ServiceManagerCppClient: Failed to get isDeclared for com.motorola.hardware.display.panel.IDisplayPanel/default: Status(-1, EX_SECURITY): 'SELinux denied.'
03-11 23:57:36.103  3163  3231 D DisplayPanelService: Setting panel dc mode: 0
03-11 23:57:36.103  2090  2090 I DisplayPanel: setDcMode: DC mode = OFF
03-11 23:57:36.103  2090  2090 D DisplayPanel: setParam: Success set DC to 0 for Primary display
03-11 23:57:36.103  3163  6987 E WindowManager: Dream packageName does not match active dream. Package com.motorola.livewallpaper3.prebuilt.vanilla_reflection does not match ComponentInfo{com.android.systemui/com.android.systemui.doze.DozeService}
03-11 23:57:36.108 10834 10834 I PkDeviceHelper: PkDeviceHelper.refreshDevices():93 refreshing devices
03-11 23:57:36.108  3163  8301 E WindowManager: Dream packageName does not match active dream. Package com.google.android.ext.services does not match ComponentInfo{com.android.systemui/com.android.systemui.doze.DozeService}
03-11 23:57:36.109  3163  5528 E WindowManager: Dream packageName does not match active dream. Package com.motorola.launcher3 does not match ComponentInfo{com.android.systemui/com.android.systemui.doze.DozeService}
03-11 23:57:36.110  3163  5853 E WindowManager: Dream packageName does not match active dream. Package com.android.vending does not match ComponentInfo{com.android.systemui/com.android.systemui.doze.DozeService}
03-11 23:57:36.111  5625  5920 D ControlsListingControllerImpl: Subscribing callback, service count: 1
03-11 23:57:36.114  5625  5920 D ControlsListingControllerImpl: Subscribing callback, service count: 1
03-11 23:57:36.120  3163  7414 E WindowManager: Dream packageName does not match active dream. Package com.motorola.mobiledesktop does not match ComponentInfo{com.android.systemui/com.android.systemui.doze.DozeService}
03-11 23:57:36.123  7545  7545 I FileStationLog: [ FS_h$a ] - [Display] Changed display: 1
03-11 23:57:36.130  3163  7000 E WindowManager: Dream packageName does not match active dream. Package com.motorola.mobiledesktop.core does not match ComponentInfo{com.android.systemui/com.android.systemui.doze.DozeService}
03-11 23:57:36.135 28905 27796 W QAWalletSvc: No wallet cards to return. [CONTEXT service_id=79 ]
03-11 23:57:36.135 28905  4441 W QAWalletSvc: No wallet cards to return. [CONTEXT service_id=79 ]
03-11 23:57:36.135  5625  5920 E QuickAccessWalletKeyguardQuickAffordanceConfig: Wallet card retrieval error, message: "Unable to load your payment info"
03-11 23:57:36.135  5625  5920 E QuickAccessWalletKeyguardQuickAffordanceConfig: Wallet card retrieval error, message: "Unable to load your payment info"
03-11 23:57:36.136 28905  1638 W QAWalletSvc: No wallet cards to return. [CONTEXT service_id=79 ]
03-11 23:57:36.136  5625  5920 E QuickAccessWalletKeyguardQuickAffordanceConfig: Wallet card retrieval error, message: "Unable to load your payment info"
03-11 23:57:36.149  7545  7545 I FileStationLog: [ FS_h$a ] - [Display] Ignoring change for non-default/desktop display: 1
03-11 23:57:36.199  5625  5625 I vol.VolumeDialogImpl: dismissH reason = volume_controller mDialog.isShowing(): false
03-11 23:57:36.248 19899 19905 I cebook.services: Background concurrent mark compact GC freed 24MB AllocSpace bytes, 4(208KB) LOS objects, 83% free, 4901KB/28MB, paused 3.707ms,2.255ms total 165.098ms
03-11 23:57:36.272  2195  2586 I SDM     : PipeAllocSdma2::CalculatePipeNumToDedicate: num_vig: 0, num_dma: 1
03-11 23:57:36.272  2195  2586 I SDM     : DisplayBase::SetDisplayState: active 1-1 state 1-1 pending_power_state_ 0
03-11 23:57:36.273  2300  2300 W ComposerExtn: DisplayExtnImpl::SetEarlyWakeUpConfig: HWC Display 2 is not registered!
03-11 23:57:36.273  2300  2300 D SurfaceFlinger: Finished setting power mode 2 on display 4630947043778501763
03-11 23:57:36.273  2300  2300 D RefreshRateSelector: [90:120:0]: mTouchBoostRefreshRateAvailable=0, mScrollBoostRefreshRateAvailable=0, mTouchOnBlankNotBoostRefreshRateAvailable=0
03-11 23:57:36.273  3163  5308 D SurfaceControl: Excessive delay in setPowerMode()
03-11 23:57:36.274  3163  5308 W ServiceManagerCppClient: Failed to get isDeclared for com.motorola.hardware.display.panel.IDisplayPanel/default: Status(-1, EX_SECURITY): 'SELinux denied.'
03-11 23:57:36.274  3163  5308 D DisplayPanelService: Setting panel dc mode: 0
03-11 23:57:36.274  2090  2090 I DisplayPanel: setDcMode: DC mode = OFF
03-11 23:57:36.275  2090  2090 D DisplayPanel: setParam: Success set DC to 0 for Primary display
03-11 23:57:36.277  2300  2300 I BpBinder: onLastStrongRef automatically unlinking death recipients: 
03-11 23:57:36.278  3163  3229 V WindowManager: Content Recording: Display 1 state was (2), is now (2), so update recording?
03-11 23:57:36.278  3163  3229 D CLI/Transition: displaygroup 1, state ON, pendingdisplaygroup -1
03-11 23:57:36.279  3163  3231 D DisplayManagerService: Ignore redundant display event 1/2 to 10416/20010
03-11 23:57:36.279  3163  3231 D DisplayManagerService: Ignore redundant display event 1/2 to 10586/21828
03-11 23:57:36.279  3163  3231 D DisplayManagerService: Ignore redundant display event 1/2 to 10498/22122
03-11 23:57:36.279  3163  3231 D DisplayManagerService: Ignore redundant display event 1/2 to 10303/24871
03-11 23:57:36.280  3163  5853 E WindowManager: Dream packageName does not match active dream. Package com.google.android.inputmethod.latin does not match ComponentInfo{com.android.systemui/com.android.systemui.doze.DozeService}
03-11 23:57:36.280  3163  7496 E WindowManager: Dream packageName does not match active dream. Package com.motorola.motocare does not match ComponentInfo{com.android.systemui/com.android.systemui.doze.DozeService}
03-11 23:57:36.280  3163  4132 E WindowManager: Dream packageName does not match active dream. Package io.appium.settings does not match ComponentInfo{com.android.systemui/com.android.systemui.doze.DozeService}
03-11 23:57:36.280  2300  2300 E Scheduler: trackPendingFrame: Invalid present fence
03-11 23:57:36.281  3163  8301 E WindowManager: Dream packageName does not match active dream. Package com.tubitv does not match ComponentInfo{com.android.systemui/com.android.systemui.doze.DozeService}
03-11 23:57:36.281  3163  7454 E WindowManager: Dream packageName does not match active dream. Package com.android.vending does not match ComponentInfo{com.android.systemui/com.android.systemui.doze.DozeService}
03-11 23:57:36.282  3163  6987 E WindowManager: Dream packageName does not match active dream. Package com.dolby.daxservice does not match ComponentInfo{com.android.systemui/com.android.systemui.doze.DozeService}
03-11 23:57:36.282  3163  7023 E WindowManager: Dream packageName does not match active dream. Package com.motorola.livewallpaper3.prebuilt.vanilla_reflection does not match ComponentInfo{com.android.systemui/com.android.systemui.doze.DozeService}
03-11 23:57:36.282  3984  4706 D Surface : Surface::disconnect
03-11 23:57:36.283  3984  4706 D BufferQueueProducer: [SurfaceView[com.tubitv/com.tubitv.activities.MainActivity](BLAST)#112949(BLAST Consumer)pid:3984](id:f9000000005,api:2,p:3984,c:3984) disconnect: api 2
03-11 23:57:36.283  3984  4706 D SurfaceUtils: connecting to surface 0xb400006ea3071290, reason pushBlankBuffersToNativeWindow(err2)
03-11 23:57:36.283  3984  4706 D SurfaceUtils: disconnecting from surface 0xb400006ea3071290, reason disconnectFromSurface
03-11 23:57:36.283  3984  4706 D Surface : Surface::disconnect
03-11 23:57:36.283  3984  4706 D BufferQueueProducer: [SurfaceView[com.tubitv/com.tubitv.activities.MainActivity](BLAST)#112949(BLAST Consumer)pid:3984](id:f9000000005,api:3,p:3984,c:3984) disconnect: api 3
03-11 23:57:36.283  3163  6016 E WindowManager: Dream packageName does not match active dream. Package com.motorola.launcher3 does not match ComponentInfo{com.android.systemui/com.android.systemui.doze.DozeService}
03-11 23:57:36.283  3163  4131 E WindowManager: Dream packageName does not match active dream. Package com.google.android.ext.services does not match ComponentInfo{com.android.systemui/com.android.systemui.doze.DozeService}
03-11 23:57:36.283  3163  3352 D BrightnessThermalClamper: Thermal status observer already started
03-11 23:57:36.283  3163  3231 W AccessibilityWindowsPopulator: The displayInfo of this displayId (0) called back from the surface fligner is null
03-11 23:57:36.283  3163  3352 D BrightnessThermalClamper: Thermal status observer already started
03-11 23:57:36.283  3984  4706 I MediaCodec: [0xb400006f5323bd50] dequeue 13 output frames in last 1080 ms, latest timeUs 1000006089416, flags 128
03-11 23:57:36.283  3163  3163 I BrightnessSynchronizer: New Update: {[14508] 0.18332435(f), mUpdatedTypes=0, mConfirmedTypes=0, mTimeUpdated=0, mState=2}
03-11 23:57:36.283  3163  7441 E WindowManager: Dream packageName does not match active dream. Package com.motorola.mobiledesktop does not match ComponentInfo{com.android.systemui/com.android.systemui.doze.DozeService}
03-11 23:57:36.283  3163  7445 E WindowManager: Dream packageName does not match active dream. Package com.motorola.mobiledesktop.core does not match ComponentInfo{com.android.systemui/com.android.systemui.doze.DozeService}
03-11 23:57:36.284  3984  3984 D Surface : Surface::disconnect
03-11 23:57:36.284  3984  3984 D BufferQueueProducer: [SurfaceView[com.tubitv/com.tubitv.activities.MainActivity](BLAST)#112949(BLAST Consumer)pid:3984](id:f9000000005,api:0,p:-1,c:3984) disconnect: api -1
03-11 23:57:36.284  3163  5853 E WindowManager: Dream packageName does not match active dream. Package com.google.android.gsf does not match ComponentInfo{com.android.systemui/com.android.systemui.doze.DozeService}
03-11 23:57:36.284  3163  5853 E WindowManager: Dream packageName does not match active dream. Package com.google.android.gms does not match ComponentInfo{com.android.systemui/com.android.systemui.doze.DozeService}
03-11 23:57:36.284  7545  7545 I FileStationLog: [ FS_h$a ] - [Display] Changed display: 1
03-11 23:57:36.286  3984  4706 I MediaCodec: [0xb400006f5323bd50] enqueue 18 input frames in last 1315 ms, latest timeUs 1000006256250
03-11 23:57:36.287  3984  4079 D Surface : Surface::disconnect
03-11 23:57:36.287  3984  4079 D BufferQueueProducer: [com.tubitv/com.tubitv.activities.MainActivity#112920(BLAST Consumer)pid:3984](id:f9000000000,api:1,p:3984,c:3984) disconnect: api 1
03-11 23:57:36.292  2300  2300 E Scheduler: trackPendingFrame: Invalid present fence
03-11 23:57:36.296  3163  3352 I WindowManager: Display 1 turned on...
03-11 23:57:36.296  3163  3229 D CLI/SmallCLI: onScreenTurnedOn: 
03-11 23:57:36.297  3163  3352 D PowerManagerService: handleSandman ignore 0
03-11 23:57:36.298  3163  3163 I BrightnessSynchronizer: New Update: {[14509] 0.18332435(f), mUpdatedTypes=0, mConfirmedTypes=0, mTimeUpdated=0, mState=2}
03-11 23:57:36.301  3163  7000 E WindowManager: Dream packageName does not match active dream. Package com.motorola.mobiledesktop.core does not match ComponentInfo{com.android.systemui/com.android.systemui.doze.DozeService}
03-11 23:57:36.304  7545  7545 I FileStationLog: [ FS_h$a ] - [Display] Ignoring change for non-default/desktop display: 1
03-11 23:57:36.309  2300  2300 E Scheduler: trackPendingFrame: Invalid present fence
03-11 23:57:36.314  6344  6344 I WindowController: window interactive state updated to true
03-11 23:57:36.318  3984  4162 D CCodecBuffers: [c2.android.aac.decoder#678:EncryptedInput.Impl[N]] codec released a buffer owned by client (index 0)
03-11 23:57:36.326  2300  2300 E Scheduler: trackPendingFrame: Invalid present fence
03-11 23:57:36.342  2300  2300 E Scheduler: trackPendingFrame: Invalid present fence
03-11 23:57:36.343  3984  4162 D CCodecBuffers: [c2.android.aac.decoder#678:EncryptedInput.Impl[N]] codec released a buffer owned by client (index 2)
03-11 23:57:36.361  2300  2300 E Scheduler: trackPendingFrame: Invalid present fence
03-11 23:57:36.367 28905  4940 I DiscoveryManager: Discovery state (DiscoveryState{filterCriteria=null, categoryToCriteria={}, activeScan=false, activeScanWithScreenOff=false, discoveryRequestSupportsDynamicSession=false})
03-11 23:57:36.371  3163  7414 E WindowManager: Dream packageName does not match active dream. Package com.tubitv does not match ComponentInfo{com.android.systemui/com.android.systemui.doze.DozeService}
03-11 23:57:36.377  3163  7000 W InputDispatcher: Focused display #1 does not have a focused window.
03-11 23:57:36.378  3163  3231 W AccessibilityWindowsPopulator: The displayInfo of this displayId (0) called back from the surface fligner is null
03-11 23:57:36.378  3163  3231 V WindowManager: Unknown focus tokens, dropping reportFocusChanged
03-11 23:57:36.382  6344  6344 W libc    : Access denied finding property "vendor.display.enable_optimal_refresh_rate"
03-11 23:57:36.383  6344  6344 W libc    : Access denied finding property "vendor.gpp.create_frc_extension"
03-11 23:57:36.391  2300  2300 E Scheduler: trackPendingFrame: Invalid present fence
03-11 23:57:36.408  2300  2300 E Scheduler: trackPendingFrame: Invalid present fence
03-11 23:57:36.414  7314  7314 D GameMode: onStartedActivityChange: componnent: ComponentInfo{com.tubitv/com.tubitv.activities.MainActivity} entered launcher screen? false
03-11 23:57:36.415  3163  3352 D PowerManagerService: handleSandman ignore 0
03-11 23:57:36.425  3984  3984 W GlobalMediaRouter: Ignoring invalid provider descriptor: null
03-11 23:57:36.426  2300  2300 E Scheduler: trackPendingFrame: Invalid present fence
03-11 23:57:36.433  3163  4298 I ImeTracker: com.motorola.launcher.secondarydisplay:83e5da1e: onRequestHide at ORIGIN_SERVER reason HIDE_UNSPECIFIED_WINDOW fromUser false
03-11 23:57:36.433  3163  4298 I ImeTracker: com.motorola.launcher.secondarydisplay:83e5da1e: onCancelled at PHASE_SERVER_SHOULD_HIDE
03-11 23:57:36.434 10834 10834 I GoogleInputMethodService: GoogleInputMethodService.onFinishInput():2097 
03-11 23:57:36.435 10834 10834 I Module  : DeviceLockedStatusModuleProvider$Module.updateDeviceLockedStatus():103 repeatCheckTimes = 0, locked = false
03-11 23:57:36.435 10834 10834 W SessionManager: SessionManager.endSession():88 Try to end a not begun session [INPUT_SESSION].
03-11 23:57:36.436 10834 10834 I GoogleInputMethodService: GoogleInputMethodService.onDestroy():934 
03-11 23:57:36.436 10834 10834 I GlobeKeyExtension: GlobeKeyExtension.onDestroyExtension():162 
03-11 23:57:36.436 10834 10834 I ModuleManager: ModuleManager$ModuleInitListener.maybeUnloadModuleOnUnavailable():1386 module lvk is unavailable
03-11 23:57:36.436 10834 10834 I HardKeyTracker: HardKeyTracker.unregisterKeySequence():221 Unregister key sequence nul{labelResId=2132020475, callback=cnx@51ce6ed, lastModifier=2, keyCodes=[47], actions=[0]}
03-11 23:57:36.436 10834 10834 I ModuleManager: ModuleManager$ModuleInitListener.maybeUnloadModuleOnUnavailable():1386 module eci is unavailable
03-11 23:57:36.436 10834 10834 I ModuleManager: ModuleManager$ModuleInitListener.maybeUnloadModuleOnUnavailable():1386 module hvi is unavailable
03-11 23:57:36.436 10834 10834 I ModuleManager: ModuleManager$ModuleInitListener.maybeUnloadModuleOnUnavailable():1386 module mhz is unavailable
03-11 23:57:36.436 10834 10834 I ModuleManager: ModuleManager$ModuleInitListener.maybeUnloadModuleOnUnavailable():1386 module mia is unavailable
03-11 23:57:36.436 10834 10834 I ModuleManager: ModuleManager$ModuleInitListener.maybeUnloadModuleOnUnavailable():1386 module mib is unavailable
03-11 23:57:36.436 10834 10834 I ModuleManager: ModuleManager$ModuleInitListener.maybeUnloadModuleOnUnavailable():1386 module mic is unavailable
03-11 23:57:36.436 10834 10834 I ModuleManager: ModuleManager$ModuleInitListener.maybeUnloadModuleOnUnavailable():1386 module mie is unavailable
03-11 23:57:36.436 10834 10834 I ModuleManager: ModuleManager$ModuleInitListener.maybeUnloadModuleOnUnavailable():1386 module mii is unavailable
03-11 23:57:36.436 10834 10834 I ModuleManager: ModuleManager$ModuleInitListener.maybeUnloadModuleOnUnavailable():1386 module mtq is unavailable
03-11 23:57:36.436 10834 10834 I HardKeyTracker: HardKeyTracker.unregisterKeySequence():221 Unregister key sequence nul{labelResId=0, callback=lkj@fc27970, lastModifier=0, keyCodes=[204], actions=[0]}
03-11 23:57:36.436 10834 10834 I ModuleManager: ModuleManager$ModuleInitListener.maybeUnloadModuleOnUnavailable():1386 module mts is unavailable
03-11 23:57:36.436 10834 10834 I ModuleManager: ModuleManager$ModuleInitListener.maybeUnloadModuleOnUnavailable():1386 module nyc is unavailable
03-11 23:57:36.437 10834 10834 I ModuleManager: ModuleManager$ModuleInitListener.maybeUnloadModuleOnUnavailable():1386 module ljh is unavailable
03-11 23:57:36.437  3163  4298 W InputManager-JNI: Input channel object '2a9036f InputMethod (client)' was disposed without first being removed with the input manager!
03-11 23:57:36.437 10834 10834 I ModuleManager: ModuleManager$ModuleInitListener.maybeUnloadModuleOnUnavailable():1386 module ewi is unavailable
03-11 23:57:36.437 10834 10834 I ModuleManager: ModuleManager$ModuleInitListener.maybeUnloadModuleOnUnavailable():1386 module fol is unavailable
03-11 23:57:36.438 10834 10834 I ModuleManager: ModuleManager$ModuleInitListener.maybeUnloadModuleOnUnavailable():1386 module fub is unavailable
03-11 23:57:36.438 10834 10834 I ModuleManager: ModuleManager$ModuleInitListener.maybeUnloadModuleOnUnavailable():1386 module fvu is unavailable
03-11 23:57:36.438 10834 10834 I ModuleManager: ModuleManager$ModuleInitListener.maybeUnloadModuleOnUnavailable():1386 module gfa is unavailable
03-11 23:57:36.438 10834 10834 I ModuleManager: ModuleManager$ModuleInitListener.maybeUnloadModuleOnUnavailable():1386 module ggo is unavailable
03-11 23:57:36.438 10834 10834 I ModuleManager: ModuleManager$ModuleInitListener.maybeUnloadModuleOnUnavailable():1386 module gjm is unavailable
03-11 23:57:36.438 10834 10834 I JapaneseMozcExtension: JapaneseMozcExtension.onDestroy():52 
03-11 23:57:36.438 10834 10834 I ModuleManager: ModuleManager$ModuleInitListener.maybeUnloadModuleOnUnavailable():1386 module gkb is unavailable
03-11 23:57:36.438 10834 10834 I ModuleManager: ModuleManager$ModuleInitListener.maybeUnloadModuleOnUnavailable():1386 module gya is unavailable
03-11 23:57:36.438 10834 10834 I ModuleManager: ModuleManager$ModuleInitListener.maybeUnloadModuleOnUnavailable():1386 module IEmojiOrGifExtension is unavailable
03-11 23:57:36.438 10834 10834 I ModuleManager: ModuleManager$ModuleInitListener.maybeUnloadModuleOnUnavailable():1386 module IEmoticonExtension is unavailable
03-11 23:57:36.438 10834 10834 I ModuleManager: ModuleManager$ModuleInitListener.maybeUnloadModuleOnUnavailable():1386 module hlc is unavailable
03-11 23:57:36.438 10834 10834 I ModuleManager: ModuleManager$ModuleInitListener.maybeUnloadModuleOnUnavailable():1386 module hoe is unavailable
03-11 23:57:36.438 10834 10834 I ModuleManager: ModuleManager$ModuleInitListener.maybeUnloadModuleOnUnavailable():1386 module hqs is unavailable
03-11 23:57:36.438 10834 10834 I ModuleManager: ModuleManager$ModuleInitListener.maybeUnloadModuleOnUnavailable():1386 module nwn is unavailable
03-11 23:57:36.438 10834 10834 I ModuleManager: ModuleManager$ModuleInitListener.maybeUnloadModuleOnUnavailable():1386 module iga is unavailable
03-11 23:57:36.438 10834 10834 I UniversalDictationExtension: UniversalDictationExtension.onDestroyExtension():136 onDestroy [UD]
03-11 23:57:36.438 10834 10834 I ModuleManager: ModuleManager$ModuleInitListener.maybeUnloadModuleOnUnavailable():1386 module igb is unavailable
03-11 23:57:36.439 10834 10834 I ModuleManager: ModuleManager$ModuleInitListener.maybeUnloadModuleOnUnavailable():1386 module iiq is unavailable
03-11 23:57:36.439 10834 10834 I NewS3RecognizerModule: NewS3RecognizerModule.onDestroy():28 onDestroy [news3]
03-11 23:57:36.439 10834 10834 I ModuleManager: ModuleManager$ModuleInitListener.maybeUnloadModuleOnUnavailable():1386 module imw is unavailable
03-11 23:57:36.439 10834 10834 I ModuleManager: ModuleManager$ModuleInitListener.maybeUnloadModuleOnUnavailable():1386 module kdw is unavailable
03-11 23:57:36.439 10834 10834 I HardKeyTracker: HardKeyTracker.unregisterKeySequence():221 Unregister key sequence nul{labelResId=2132020466, callback=cth@5bda610, lastModifier=2, keyCodes=[56], actions=[0]}
03-11 23:57:36.439 10834 10834 I HardKeyTracker: HardKeyTracker.unregisterKeySequence():221 Unregister key sequence nul{labelResId=2132020466, callback=cth@ab8c509, lastModifier=0, keyCodes=[317], actions=[0]}
03-11 23:57:36.439 10834 10834 I HardKeyTracker: HardKeyTracker.unregisterKeySequence():221 Unregister key sequence nul{labelResId=2132020465, callback=cth@305e50d, lastModifier=2, keyCodes=[50], actions=[0]}
03-11 23:57:36.439 10834 10834 I HardKeyTracker: HardKeyTracker.unregisterKeySequence():221 Unregister key sequence nul{labelResId=2132020470, callback=cth@372f3a4, lastModifier=2, keyCodes=[48], actions=[0]}
03-11 23:57:36.439 10834 10834 I HardKeyTracker: HardKeyTracker.unregisterKeySequence():221 Unregister key sequence nul{labelResId=2132020468, callback=cth@9a09336, lastModifier=2, keyCodes=[37], actions=[0]}
03-11 23:57:36.439 10834 10834 I HardKeyTracker: HardKeyTracker.unregisterKeySequence():221 Unregister key sequence nul{labelResId=2132020470, callback=cth@94adad3, lastModifier=2, keyCodes=[48], actions=[0]}
03-11 23:57:36.439 10834 10834 I HardKeyTracker: HardKeyTracker.unregisterKeySequence():221 Unregister key sequence nul{labelResId=2132020465, callback=cth@a5aacc2, lastModifier=2, keyCodes=[50], actions=[0]}
03-11 23:57:36.439 10834 10834 I HardKeyTracker: HardKeyTracker.unregisterKeySequence():221 Unregister key sequence nul{labelResId=2132020469, callback=cth@5fa4cd1, lastModifier=65536, keyCodes=[76], actions=[0]}
03-11 23:57:36.439 10834 10834 I HardKeyTracker: HardKeyTracker.unregisterKeySequence():221 Unregister key sequence nul{labelResId=2132018771, callback=cth@f23cf0c, lastModifier=2, keyCodes=[39], actions=[0]}
03-11 23:57:36.440 10834 10834 I ModuleManager: ModuleManager$ModuleInitListener.maybeUnloadModuleOnUnavailable():1386 module kgi is unavailable
03-11 23:57:36.440 10834 10834 I ModuleManager: ModuleManager$ModuleInitListener.maybeUnloadModuleOnUnavailable():1386 module lns is unavailable
03-11 23:57:36.440 10834 10834 I ModuleManager: ModuleManager$ModuleInitListener.maybeUnloadModuleOnUnavailable():1386 module IBannerExtension is unavailable
03-11 23:57:36.440 10834 10834 I ModuleManager: ModuleManager$ModuleInitListener.maybeUnloadModuleOnUnavailable():1386 module ohp is unavailable
