03-13 00:00:00.143  3003 17606 I HERMES#Service: �����������������������������������������������������������������������������������������������������������������������������������������������������������������������������������������������������������������������������������������������������������������������������������������������������������������������������������������������������������������������������������������������������������������������������������������������������������������������������������������������������������������������������������������������������������������������������������������������������������������������������������������������������������������������������������������������������������������������������������������������������������������������������������������������������������������������������������������������������������������������������������������������������������������������������������������������������������������������������������������������������������������������������������������������������������������������������������������������������������������������������������������������������������������������������������������������������������������������������������������������������������������������������������������������������������������������������������������������������������������������������������������������������������������������������������������������������������������������������������������������������������������������������������������������������������������������������������������������������������������������������������������������������������������������������������������������������������������������������������������������������������������������������������������������������������������������������������������������������������������������������������������������������������������������������������������������������������������������������������������������������������������������������������������������������������������������������������������������������������������������������������������������������������������������������������������������������������������������������������������������������������������������������������������������������������������������������������������������������������������������������������������������������������������������������������������������������������������������������������������������������������������������������������������������������������������������������������������������������������������������������������������������������������������������������������������������������������������������������������������������������������������������������������������������������������������������������������������������������������������������������������������������������������������������������������������������������������������������������������������������������������������������������������������������������������������������������������������������������������������������������������������������������������������������������������������������������������������������������������������������������������������������������������������������������������������������������������������������������������������������������������������������������������������������������������������������������������������������������������������������������������������������������������������������������������������������������������������������������������������������������������������������������������������������������������������������������������������������������������������������������������������������������������������������������������������������������������������������������������������������������������������������������������������������������������������������������������������������������������������������������������������������������������������������������������������������������������������������������������������������������������������������������������������������������������
03-13 00:00:00.143  3003 17606 I HERMES#Service: SDAK=SDAK="SKA":"com.google.android.gms.persistent/Stats_Key_EC/EC/0/1302528"
03-13 00:00:00.143  3003 17606 I HERMES#Service: SDAK=SDAK="SAK":"com.osp.app.signin/sak_key/EC/0/1314816"
03-13 00:00:00.143  3003 17606 I HERMES#Service: SDAK=SDAK="SAK":"com.osp.app.signin/sak_key/EC/0/1310720"
03-13 00:00:00.143  3003 17606 I HERMES#Service: SDAK=SDAK="SKA":"com.tiktok.lite.go/HEF_TPK/EC/0/1323008"
03-13 00:00:00.143  3003 17606 I HERMES#Service: SDAK=SDAK="SKA":"com.zhiliaoapp.musically/HEF_TPK/EC/0/1327104"
03-13 00:00:00.143  3003 17606 I HERMES#Service: SDAK=SDAK="SKA":"com.tiktok.lite.go/HEF_TPK/EC/0/1355776"
03-13 00:00:00.143  3003 17606 I HERMES#Service: SDAK=SDAK="GAK":"com.whatsapp/the_well_of_wishes_awaits_in_the_crypt_of_decay_static_e72957a8-5b39-4541-b654-86730e76a42f/EC_RKP/0/1384448"
03-13 00:00:00.143  3003 17606 I HERMES#Service: SDAK=SDAK="SKA":"com.lemon.lvoverseas/HEF_TPK/EC/0/1458176"
03-13 00:00:00.143  3003 17606 I HERMES#Service: SDAK=SDAK="GAK":"com.zzkko/my_alias/RSA_RKP/0/1458176"
03-13 00:00:00.143  3003 17606 I HERMES#Service: SDAK=SDAK="GAK":"com.google.android.gms.persistent/Stats_Key_EC/EC_RKP/0/1462272"
03-13 00:00:00.143  3003 17606 I HERMES#Service: SDAK=SDAK="SKA":"com.google.android.gms.persistent/Stats_Key_EC/EC/0/1470464"
03-13 00:00:00.143  3003 17606 I HERMES#Service: SDAK=SDAK="SAK":"com.samsung.android.kmxservice/integrity/EC_AD/0/1486848"
03-13 00:00:00.143  3003 17606 I HERMES#Service: SDAK=SDAK="GAK":"com.whatnot_mobile/cert0/EC_RKP/0/1490944"
03-13 00:00:00.143  3003 17606 I HERMES#Service: SDAK=SDAK="GAK":"com.autonavi.minimap/no506b3822wb/EC_RKP/0/1515520"
03-13 00:00:00.143  3003 17606 I HERMES#Service: SDAK=SDAK="GAK":"com.autonavi.minimap/no506b3822wb/EC_RKP/0/1519616"
03-13 00:00:00.143  3003 17606 I HERMES#Service: SDAK=SDAK="GAK":"com.autonavi.minimap/sec506b3822/EC_RKP/0/1519616"
03-13 00:00:00.143  3003 17606 I HERMES#Service: SDAK=SDAK="GAK":"com.autonavi.minimap/no506b3822wb/EC_RKP/0/1523712"
03-13 00:00:00.143  3003 17606 I HERMES#Service: SDAK=SDAK="GAK":"com.autonavi.minimap/sec506b3822/EC_RKP/0/1523712"
03-13 00:00:00.143  3003 17606 I HERMES#Service: SDAK=SDAK="GAK":"com.autonavi.minimap/no506b3822wb/EC_RKP/0/1531904"
03-13 00:00:00.143  3003 17606 I HERMES#Service: SDAK=SDAK="GAK":"com.autonavi.minimap/sec506b3822/EC_RKP/0/1531904"
03-13 00:00:00.143  3003 17606 I HERMES#Service: SDAK=SDAK="GAK":"com.autonavi.minimap/no506b3822wb/EC_RKP/0/1540096"
03-13 00:00:00.143  3003 17606 I HERMES#Service: SDAK=SDAK="GAK":"com.autonavi.minimap/sec506b3822/EC_RKP/0/1540096"
03-13 00:00:00.143  3003 17606 I HERMES#Service: SDAK=SDAK="GAK":"com.autonavi.minimap/no506b3822wb/EC_RKP/0/1548288"
03-13 00:00:00.143  3003 17606 I HERMES#Service: SDAK=SDAK="GAK":"com.autonavi.minimap/sec506b3822/EC_RKP/0/1548288"
03-13 00:00:00.143  3003 17606 I HERMES#Service: SDAK=SDAK="GAK":"com.autonavi.minimap/no506b3822wb/EC_RKP/0/1556480"
03-13 00:00:00.143  3003 17606 I HERMES#Service: SDAK=SDAK="GAK":"com.autonavi.minimap/sec506b3822/EC_RKP/0/1556480"
03-13 00:00:00.143  3003 17606 I HERMES#Service: SDAK=SDAK="GAK":"com.autonavi.minimap/no506b3822wb/EC_RKP/0/1564672"
03-13 00:00:00.143  3003 17606 I HERMES#Service: SDAK=SDAK="GAK":"com.autonavi.minimap/sec506b3822/EC_RKP/0/1564672"
03-13 00:00:00.143  3003 17606 I HERMES#Service: SDAK=SDAK="GAK":"com.autonavi.minimap/no506b3822wb/EC_RKP/0/1572864"
03-13 00:00:00.143  3003 17606 I HERMES#Service: SDAK=SDAK="GAK":"com.autonavi.minimap/sec506b3822/EC_RKP/0/1572864"
03-13 00:00:00.143  3003 17606 I HERMES#Service: SDAK=SDAK="GAK":"com.autonavi.minimap/no506b3822wb/EC_RKP/0/1581056"
03-13 00:00:00.143  3003 17606 I HERMES#Service: SDAK=SDAK="GAK":"com.autonavi.minimap/sec506b3822/EC_RKP/0/1581056"
03-13 00:00:00.143  3003 17606 I HERMES#Service: SDAK=SDAK="GAK":"com.autonavi.minimap/no506b3822wb/EC_RKP/0/1589248"
03-13 00:00:00.143  3003 17606 I HERMES#Service: SDAK=SDAK="GAK":"com.autonavi.minimap/sec506b3822/EC_RKP/0/1589248"
03-13 00:00:00.143  3003 17606 I HERMES#Service: SDAK=SDAK="GAK":"com.autonavi.minimap/no506b3822wb/EC_RKP/0/1593344"
03-13 00:00:00.143  3003 17606 I HERMES#Service: SDAK=SDAK="GAK":"com.autonavi.minimap/sec506b3822/EC_RKP/0/1593344"
03-13 00:00:00.143  3003 17606 I HERMES#Service: SDAK=SDAK="GAK":"com.autonavi.minimap/no506b3822wb/EC_RKP/0/1601536"
03-13 00:00:00.143  3003 17606 I HERMES#Service: SDAK=SDAK="GAK":"com.autonavi.minimap/sec506b3822/EC_RKP/0/1601536"
03-13 00:00:00.143  3003 17606 I HERMES#Service: SDAK=SDAK="GAK":"com.autonavi.minimap/no506b3822wb/EC_RKP/0/1609728"
03-13 00:00:00.143  3003 17606 I HERMES#Service: SDAK=SDAK="GAK":"com.autonavi.minimap/sec506b3822/EC_RKP/0/1613824"
03-13 00:00:00.143  3003 17606 I HERMES#Service: SDAK=SDAK="GAK":"com.autonavi.minimap/sec506b3822/EC_RKP/0/1609728"
03-13 00:00:00.143  3003 17606 I HERMES#Service: SDAK=SDAK="GAK":"com.autonavi.minimap/no506b3822wb/EC_RKP/0/1617920"
03-13 00:00:00.143  3003 17606 I HERMES#Service: SDAK=SDAK="GAK":"com.autonavi.minimap/sec506b3822/EC_RKP/0/1617920"
03-13 00:00:00.143  3003 17606 I HERMES#Service: SDAK=SDAK="GAK":"com.autonavi.minimap/no506b3822wb/EC_RKP/0/1626112"
03-13 00:00:00.143  3003 17606 I HERMES#Service: SDAK=SDAK="GAK":"com.autonavi.minimap/sec506b3822/EC_RKP/0/1626112"
03-13 00:00:00.143  3003 17606 I HERMES#Service: SDAK=SDAK="GAK":"com.autonavi.minimap/no506b3822wb/EC_RKP/0/1634304"
03-13 00:00:00.143  3003 17606 I HERMES#Service: SDAK=SDAK="GAK":"com.autonavi.minimap/sec506b3822/EC_RKP/0/1634304"
03-13 00:00:00.143  3003 17606 I HERMES#Service: SDAK=SDAK="GAK":"com.autonavi.minimap/no506b3822wb/EC_RKP/0/1642496"
03-13 00:00:00.143  3003 17606 I HERMES#Service: SDAK=SDAK="GAK":"com.autonavi.minimap/sec506b3822/EC_RKP/0/1642496"
03-13 00:00:00.143  3003 17606 I HERMES#Service: SDAK=SDAK="GAK":"com.autonavi.minimap/no506b3822wb/EC_RKP/0/1650688"
03-13 00:00:00.143  3003 17606 I HERMES#Service: SDAK=SDAK="GAK":"com.autonavi.minimap/sec506b3822/EC_RKP/0/1650688"
03-13 00:00:00.143  3003 17606 I HERMES#Service: SDAK=SDAK="GAK":"com.autonavi.minimap/no506b3822wb/EC_RKP/0/1658880"
03-13 00:00:00.143  3003 17606 I HERMES#Service: SDAK=SDAK="GAK":"com.autonavi.minimap/sec506b3822/EC_RKP/0/1658880"
03-13 00:00:00.143  3003 17606 I HERMES#Service: SDAK=SDAK="GAK":"com.autonavi.minimap/no506b3822wb/EC_RKP/0/1667072"
03-13 00:00:00.143  3003 17606 I HERMES#Service: SDAK=SDAK="GAK":"com.autonavi.minimap/sec506b3822/EC_RKP/0/1667072"
03-13 00:00:00.143  3003 17606 I HERMES#Service: SDAK=SDAK="GAK":"com.autonavi.minimap/no506b3822wb/EC_RKP/0/1675264"
03-13 00:00:00.143  3003 17606 I HERMES#Service: SDAK=SDAK="GAK":"com.autonavi.minimap/sec506b3822/EC_RKP/0/1675264"
03-13 00:00:00.143  3003 17606 I HERMES#Service: SDAK=SDAK="GAK":"com.google.android.gms.persistent/Stats_Key_EC/EC_RKP/0/1699840"
03-13 00:00:00.143  3003 17606 I HERMES#Service: SDAK=SDAK="SKA":"com.google.android.gms.persistent/Stats_Key_EC/EC/0/1703936"
03-13 00:00:00.143  3003 17606 I HERMES#Service: SDAK=SDAK="SKA":"com.lemon.lvoverseas/HEF_TPK/EC/0/1773568"
03-13 00:00:00.143  3003 17606 I HERMES#Service: SDAK=SDAK="SKA":"com.lemon.lvoverseas/HEF_TPK/EC/0/1777664"
03-13 00:00:00.143  3003 17606 I HERMES#Service: SDAK=SDAK="SKA":"com.lemon.lvoverseas/HEF_TPK/EC/0/1781760"
03-13 00:00:00.143  3003 17606 I HERMES#Service: SDAK=SDAK="SKA":"com.lemon.lvoverseas/HEF_TPK/EC/0/1785856"
03-13 00:00:00.143  3003 17606 I HERMES#Service: SDAK=SDAK="SKA":"com.lemon.lvoverseas/HEF_TPK/EC/0/1789952"
03-13 00:00:00.143  3003 17606 I HERMES#Service: SDAK=SDAK="SKA":"com.lemon.lvoverseas/HEF_TPK/EC/0/1794048"
03-13 00:00:00.143  3003 17606 I HERMES#Service: SDAK=SDAK="SKA":"com.lemon.lvoverseas/HEF_TPK/EC/0/1798144"
03-13 00:00:00.143  3003 17606 I HERMES#Service: SDAK=SDAK="SKA":"com.lemon.lvoverseas/HEF_TPK/EC/0/1802240"
03-13 00:00:00.143  3003 17606 I HERMES#Service: SDAK=SDAK="SKA":"com.lemon.lvoverseas/HEF_TPK/EC/0/1806336"
03-13 00:00:00.143  3003 17606 I HERMES#Service: SDAK=SDAK="SKA":"com.lemon.lvoverseas/HEF_TPK/EC/0/1810432"
03-13 00:00:00.143  3003 17606 I HERMES#Service: SDAK=SDAK="GAK":"com.chickfila.cfaflagship/m_forter_att_kp/EC_RKP/0/1888256"
03-13 00:00:00.143  3003 17606 I HERMES#Service: SDAK=SDAK="GAK":"com.chickfila.cfaflagship/m_forter_att_kp/EC_RKP/0/1896448"
03-13 00:00:00.143  3003 17606 I HERMES#Service: SDAK=SDAK="GAK":"com.chickfila.cfaflagship/m_forter_att_kp/EC_RKP/0/1908736"
03-13 00:00:00.143  3003 17606 I HERMES#Service: SDAK=SDAK="GAK":"com.chickfila.cfaflagship/m_forter_att_kp/EC_RKP/0/1916928"
03-13 00:00:00.143  3003 17606 I HERMES#Service: SDAK=SDAK="GAK":"com.chickfila.cfaflagship/m_forter_att_kp/EC_RKP/0/1925120"
03-13 00:00:00.143  3003 17606 I HERMES#Service: SDAK=SDAK="GAK":"com.chickfila.cfaflagship/m_forter_att_kp/EC_RKP/0/1933312"
03-13 00:00:00.143  3003 17606 I HERMES#Service: SDAK=SDAK="GAK":"com.chickfila.cfaflagship/m_forter_att_kp/EC_RKP/0/1941504"
03-13 00:00:00.143  3003 17606 I HERMES#Service: SDAK=SDAK="GAK":"com.chickfila.cfaflagship/m_forter_att_kp/EC_RKP/0/1953792"
03-13 00:00:00.143  3003 17606 I HERMES#Service: SDAK=SDAK="GAK":"com.chickfila.cfaflagship/m_forter_att_kp/EC_RKP/0/1961984"
03-13 00:00:00.143  3003 17606 I HERMES#Service: SDAK=SDAK="GAK":"com.chickfila.cfaflagship/m_forter_att_kp/EC_RKP/0/1970176"
03-13 00:00:00.143  3003 17606 I HERMES#Service: SDAK=SDAK="GAK":"com.chickfila.cfaflagship/m_forter_att_kp/EC_RKP/0/1978368"
03-13 00:00:00.143  3003 17606 I HERMES#Service: SDAK=SDAK="GAK":"com.chickfila.cfaflagship/m_forter_att_kp/EC_RKP/0/1986560"
03-13 00:00:00.143  3003 17606 I HERMES#Service: sendToHQM data : SDAK
03-13 00:00:00.143  3003  4598 E ActivityManager: Sending non-protected broadcast com.samsung.android.app.aodservice.LOCK_WIDGET_REQUEST from system 4205:com.android.systemui/u0a53 pkg com.android.systemui
03-13 00:00:00.143  3003  4598 E ActivityManager: java.lang.Throwable
03-13 00:00:00.143  3003  4598 E ActivityManager: 	at com.android.server.am.BroadcastController.checkBroadcastFromSystem(qb/103298917 08e25ee3993c5f8a437eaba7200b2dc6e2ab46cdae667ba0f30827342181c525:252)
03-13 00:00:00.143  3003  4598 E ActivityManager: 	at com.android.server.am.BroadcastController.broadcastIntentLockedTraced(qb/103298917 08e25ee3993c5f8a437eaba7200b2dc6e2ab46cdae667ba0f30827342181c525:344)
03-13 00:00:00.143  3003  4598 E ActivityManager: 	at com.android.server.am.BroadcastController.broadcastIntentLocked(qb/103298917 08e25ee3993c5f8a437eaba7200b2dc6e2ab46cdae667ba0f30827342181c525:18)
03-13 00:00:00.143  3003  4598 E ActivityManager: 	at com.android.server.am.ActivityManagerService.broadcastIntentWithFeature(qb/103298917 08e25ee3993c5f8a437eaba7200b2dc6e2ab46cdae667ba0f30827342181c525:149)
03-13 00:00:00.143  3003  4598 E ActivityManager: 	at android.app.IActivityManager$Stub.onTransact$broadcastIntentWithFeature$(IActivityManager.java:12378)
03-13 00:00:00.143  3003  4598 E ActivityManager: 	at android.app.IActivityManager$Stub.onTransact(IActivityManager.java:3197)
03-13 00:00:00.143  3003  4598 E ActivityManager: 	at com.android.server.am.ActivityManagerService.onTransact(qb/103298917 08e25ee3993c5f8a437eaba7200b2dc6e2ab46cdae667ba0f30827342181c525:425)
03-13 00:00:00.143  3003  4598 E ActivityManager: 	at android.os.Binder.execTransactInternal(Binder.java:1457)
03-13 00:00:00.143  3003  4598 E ActivityManager: 	at android.os.Binder.execTransact(Binder.java:1401)
03-13 00:00:00.143  3003 17606 I HERMES#Service: sendToHQM data : SDAK
03-13 00:00:00.143  3003 17606 I HERMES#Service: sendToHQM data : SDAK
03-13 00:00:00.143  3003 17606 I HERMES#Service: sendToHQM data : SDAK
03-13 00:00:00.143  3003 17606 I HERMES#Service: sendToHQM data : SDAK
03-13 00:00:00.143  3003 17606 I HERMES#Service: sendToHQM data : SDAK
03-13 00:00:00.143  3003 17606 I HERMES#Service: sendToHQM data : SDAK
03-13 00:00:00.143  3003 17606 I HERMES#Service: sendToHQM data : SDAK
03-13 00:00:00.144  4205  4205 D FaceWidgetCalendarManager: handleFaceWidgetCalendarUpdated()
03-13 00:00:00.144  3003 17606 I HERMES#Service: sendToHQM data : SDAK
03-13 00:00:00.144  3003 17606 I HERMES#Service: sendToHQM data : SDAK
03-13 00:00:00.144  3003 17606 I HERMES#Service: sendToHQM data : SDAK
03-13 00:00:00.144  3003 17606 I HERMES#Service: sendToHQM data : SDAK
03-13 00:00:00.144  3003 17606 I HERMES#Service: sendToHQM data : SDAK
03-13 00:00:00.144 17558 17558 E ashmem  : Pinning is deprecated since Android Q. Please use trim or other methods.
03-13 00:00:00.144  3003 17606 I HERMES#Service: sendToHQM data : SDAK
03-13 00:00:00.144  3003 17606 I HERMES#Service: sendToHQM data : SDAK
03-13 00:00:00.144  3003 17606 I HERMES#Service: sendToHQM data : SDAK
03-13 00:00:00.145  3003 17606 I HERMES#Service: sendToHQM data : SDAK
03-13 00:00:00.145  3003 17606 I HERMES#Service: sendToHQM data : SDAK
03-13 00:00:00.145  3003 17606 I HERMES#Service: sendToHQM data : SDAK
03-13 00:00:00.145  3003 17606 I HERMES#Service: sendToHQM data : SDAK
03-13 00:00:00.145  3003 17606 I HERMES#Service: sendToHQM data : SDAK
03-13 00:00:00.145  3003 17606 I HERMES#Service: sendToHQM data : SDAK
03-13 00:00:00.145  3003 17606 I HERMES#Service: sendToHQM data : SDAK
03-13 00:00:00.145  3003 17606 I HERMES#Service: sendToHQM data : SDAK
03-13 00:00:00.145  3003 17606 I HERMES#Service: sendToHQM data : SDAK
03-13 00:00:00.145  3003 17606 I HERMES#Service: sendToHQM data : SDAK
03-13 00:00:00.145  3003 17606 I HERMES#Service: sendToHQM data : SDAK
03-13 00:00:00.145  3003 17606 I HERMES#Service: sendToHQM data : SDAK
03-13 00:00:00.145  3003 17606 I HERMES#Service: sendToHQM data : SDAK
03-13 00:00:00.145  3003 17606 I HERMES#Service: sendToHQM data : SDAK
03-13 00:00:00.145  3003 17606 I HERMES#Service: sendToHQM data : SDAK
03-13 00:00:00.145  3003 17606 I HERMES#Service: sendToHQM data : SDAK
03-13 00:00:00.145  3003 17606 I HERMES#Service: sendToHQM data : SDAK
03-13 00:00:00.145  3003 17606 I HERMES#Service: sendToHQM data : SDAK
03-13 00:00:00.145  3003 17606 I HERMES#Service: sendToHQM data : SDAK
03-13 00:00:00.145  3003 17606 I HERMES#Service: sendToHQM data : SDAK
03-13 00:00:00.145  3003 17606 I HERMES#Service: sendToHQM data : SDAK
03-13 00:00:00.145  3003 17606 I HERMES#Service: sendToHQM data : SDAK
03-13 00:00:00.145  3003 17606 I HERMES#Service: sendToHQM data : SDAK
03-13 00:00:00.145  3003 17606 I HERMES#Service: sendToHQM data : SDAK
03-13 00:00:00.145  3003 17606 I HERMES#Service: sendToHQM data : SDAK
03-13 00:00:00.145  3003 17606 I HERMES#Service: sendToHQM data : SDAK
03-13 00:00:00.145  3003 17606 I HERMES#Service: sendToHQM data : SDAK
03-13 00:00:00.145  3003 17606 I HERMES#Service: sendToHQM data : SDAK
03-13 00:00:00.145  3003 17606 I HERMES#Service: sendToHQM data : SDAK
03-13 00:00:00.145  3003 17606 I HERMES#Service: sendToHQM data : SDAK
03-13 00:00:00.145  3003 17606 I HERMES#Service: sendToHQM data : SDAK
03-13 00:00:00.145  3003 17606 I HERMES#Service: sendToHQM data : SDAK
03-13 00:00:00.145  3003 17606 I HERMES#Service: sendToHQM data : SDAK
03-13 00:00:00.145  3003 17606 I HERMES#Service: sendToHQM data : SDAK
03-13 00:00:00.145  3003 17606 I HERMES#Service: sendToHQM data : SDAK
03-13 00:00:00.145  3003 17606 I HERMES#Service: sendToHQM data : SDAK
03-13 00:00:00.145  3003 17606 I HERMES#Service: sendToHQM data : SDAK
03-13 00:00:00.145  3003 17606 I HERMES#Service: sendToHQM data : SDAK
03-13 00:00:00.145  3003 17606 I HERMES#Service: sendToHQM data : SDAK
03-13 00:00:00.145  3003 17606 I HERMES#Service: sendToHQM data : SDAK
03-13 00:00:00.145  3003 17606 I HERMES#Service: sendToHQM data : SDAK
03-13 00:00:00.145  3003 17606 I HERMES#Service: sendToHQM data : SDAK
03-13 00:00:00.146  3003 17606 I HERMES#Service: sendToHQM data : SDAK
03-13 00:00:00.146  3003 17606 I HERMES#Service: sendToHQM data : SDAK
03-13 00:00:00.146  3003 17606 I HERMES#Service: sendToHQM data : SDAK
03-13 00:00:00.146  3003 17606 I HERMES#Service: sendToHQM data : SDAK
03-13 00:00:00.146  3003 17606 I HERMES#Service: sendToHQM data : SDAK
03-13 00:00:00.146  3003 17606 I HERMES#Service: sendToHQM data : SDAK
03-13 00:00:00.146  3003 17606 I HERMES#Service: sendToHQM data : SDAK
03-13 00:00:00.146  3003 17606 I HERMES#Service: sendToHQM data : SDAK
03-13 00:00:00.146  3003 17606 I HERMES#Service: sendToHQM data : SDAK
03-13 00:00:00.146  3003 17606 I HERMES#Service: sendToHQM data : SDAK
03-13 00:00:00.146  3003 17606 I HERMES#Service: sendToHQM data : SDAK
03-13 00:00:00.146  3003 17606 I HERMES#Service: sendToHQM data : SDAK
03-13 00:00:00.146  3003 17606 I HERMES#Service: sendToHQM data : SDAK
03-13 00:00:00.146  3003 17606 I HERMES#Service: sendToHQM data : SDAK
03-13 00:00:00.146  3003 17606 I HERMES#Service: sendToHQM data : SDAK
03-13 00:00:00.146  3003 17606 I HERMES#Service: sendToHQM data : SDAK
03-13 00:00:00.146  3003 17606 I HERMES#Service: sendToHQM data : SDAK
03-13 00:00:00.146  3003 17606 I HERMES#Service: sendToHQM data : SDAK
03-13 00:00:00.146  3003 17606 I HERMES#Service: sendToHQM data : SDAK
03-13 00:00:00.146  3003 17606 I HERMES#Service: sendToHQM data : SDAK
03-13 00:00:00.146  3003 17606 I HERMES#Service: sendToHQM data : SDAK
03-13 00:00:00.146  3003 17606 I HERMES#Service: sendToHQM data : SDAK
03-13 00:00:00.146  3003 17606 I HERMES#Service: sendToHQM data : SDAK
03-13 00:00:00.146  3003 17606 I HERMES#Service: sendToHQM data : SDAK
03-13 00:00:00.146  6380  6380 I SDHMS:BatteryStatsUpdateEG: Received DateChanged intent.
03-13 00:00:00.146  3003 17606 I HERMES#Service: sendToHQM data : SDAK
03-13 00:00:00.147  3003 17606 I HERMES#Service: sendToHQM data : SDAK
03-13 00:00:00.147  3003 17606 I HERMES#Service: sendToHQM data : SDAK
03-13 00:00:00.147  3003 17606 I HERMES#Service: sendToHQM data : SDAK
03-13 00:00:00.147  3003 17606 I HERMES#Service: sendToHQM data : SDAK
03-13 00:00:00.147  3003 17606 I HERMES#Service: sendToHQM data : SDAK
03-13 00:00:00.147  3003 17606 I HERMES#Service: sendToHQM data : SDAK
03-13 00:00:00.147  6380  7382 I SDHMS:d : Start
03-13 00:00:00.147  3003 17606 I HERMES#Service: sendToHQM data : SDAK
03-13 00:00:00.147  3003 17606 I HERMES#Service: sendToHQM data : SDAK
03-13 00:00:00.147  3003 17606 I HERMES#Service: sendToHQM data : SDAK
03-13 00:00:00.147  3003 17606 I HERMES#Service: sendToHQM data : SDAK
03-13 00:00:00.147  3003 17606 I HERMES#Service: sendToHQM data : SDAK
03-13 00:00:00.147  3003 17606 I HERMES#Service: sendToHQM data : SDAK
03-13 00:00:00.147  3003 17606 I HERMES#Service: sendToHQM data : SDAK
03-13 00:00:00.147  3003 17606 I HERMES#Service: sendToHQM data : SDAK
03-13 00:00:00.147  3003 17606 I HERMES#Service: sendToHQM data : SDAK
03-13 00:00:00.147  3003 17606 I HERMES#Service: sendToHQM data : SDAK
03-13 00:00:00.147  3003 17606 I HERMES#Service: sendToHQM data : SDAK
03-13 00:00:00.147  3003 17606 I HERMES#Service: sendToHQM data : SDAK
03-13 00:00:00.147  3003 17606 I HERMES#Service: sendToHQM data : SDAK
03-13 00:00:00.147  3003 17606 I HERMES#Service: sendToHQM data : SDAK
03-13 00:00:00.147  3003 17606 I HERMES#Service: sendToHQM data : SDAK
03-13 00:00:00.147  3003 17606 I HERMES#Service: sendToHQM data : SDAK
03-13 00:00:00.147  3003 17606 I HERMES#Service: sendToHQM data : SDAK
03-13 00:00:00.147  3003 17606 I HERMES#Service: sendToHQM data : SDAK
03-13 00:00:00.147  3003 17606 I HERMES#Service: sendToHQM data : SDAK
03-13 00:00:00.147  3003 17606 I HERMES#Service: sendToHQM data : SDAK
03-13 00:00:00.147  3003 17606 I HERMES#Service: sendToHQM data : SDAK
03-13 00:00:00.147  3003 17606 I HERMES#Service: sendToHQM data : SDAK
03-13 00:00:00.147  3003 17606 I HERMES#Service: sendToHQM data : SDAK
03-13 00:00:00.147  3003 17606 I HERMES#Service: sendToHQM data : SDAK
03-13 00:00:00.147  3003 17606 I HERMES#Service: sendToHQM data : SDAK
03-13 00:00:00.147  3003 17606 I HERMES#Service: sendToHQM data : SDAK
03-13 00:00:00.147  3003 17606 I HERMES#Service: sendToHQM data : SDAK
03-13 00:00:00.147  3003 17606 I HERMES#Service: sendToHQM data : SDAK
03-13 00:00:00.147  3003 17606 I HERMES#Service: sendToHQM data : SDAK
03-13 00:00:00.147  3003 17606 I HERMES#Service: sendToHQM data : SDAK
03-13 00:00:00.147  3003 17606 I HERMES#Service: sendToHQM data : SDAK
03-13 00:00:00.147  3003 17606 I HERMES#Service: sendToHQM data : SDAK
03-13 00:00:00.147  3003 17606 I HERMES#Service: sendToHQM data : SDAK
03-13 00:00:00.147  3003 17606 I HERMES#Service: sendToHQM data : SDAK
03-13 00:00:00.147  3003 17606 I HERMES#Service: sendToHQM data : SDAK
03-13 00:00:00.147  3003 17606 I HERMES#Service: sendToHQM data : SDAK
03-13 00:00:00.147  3003 17606 I HERMES#Service: sendToHQM data : SDAK
03-13 00:00:00.147  3003 17606 I HERMES#Service: sendToHQM data : SDAK
03-13 00:00:00.147  3003 17606 I HERMES#Service: sendToHQM data : SDAK
03-13 00:00:00.147  3003 17606 I HERMES#Service: sendToHQM data : SDAK
03-13 00:00:00.147  3003 17606 I HERMES#Service: sendToHQM data : SDAK
03-13 00:00:00.147  3003 17606 I HERMES#Service: sendToHQM data : SDAK
03-13 00:00:00.147  3003 17606 I HERMES#Service: sendToHQM data : SDAK
03-13 00:00:00.147  3003 17606 I HERMES#Service: sendToHQM data : SDAK
03-13 00:00:00.147  3003 17606 I HERMES#Service: sendToHQM data : SDAK
03-13 00:00:00.147  3003 17606 I HERMES#Service: sendToHQM data : SDAK
03-13 00:00:00.147  3003 17606 I HERMES#Service: sendToHQM data : SDAK
03-13 00:00:00.147  3003 17606 I HERMES#Service: sendToHQM data : SDAK
03-13 00:00:00.147  3003 17606 I HERMES#Service: sendToHQM data : SDAK
03-13 00:00:00.147  3003 17606 I HERMES#Service: sendToHQM data : SDAK
03-13 00:00:00.147  3003 17606 I HERMES#Service: sendToHQM data : SDAK
03-13 00:00:00.147  3003 17606 I HERMES#Service: sendToHQM data : SDAK
03-13 00:00:00.147  3003 17606 I HERMES#Service: sendToHQM data : SDAK
03-13 00:00:00.147  3003 17606 I HERMES#Service: sendToHQM data : SDAK
03-13 00:00:00.147  3003 17606 I HERMES#Service: sendToHQM data : SDAK
03-13 00:00:00.147  3003 17606 I HERMES#Service: sendToHQM data : SDAK
03-13 00:00:00.147  3003 17606 I HERMES#Service: sendToHQM data : SDAK
03-13 00:00:00.147  3003 17606 I HERMES#Service: sendToHQM data : SDAK
03-13 00:00:00.147  3003 17606 I HERMES#Service: sendToHQM data : SDAK
03-13 00:00:00.147  3003 17606 I HERMES#Service: sendToHQM data : SDAK
03-13 00:00:00.147  3003 17606 I HERMES#Service: sendToHQM data : SDAK
03-13 00:00:00.147  3003 17606 I HERMES#Service: sendToHQM data : SDAK
03-13 00:00:00.147  3003 17606 I HERMES#Service: sendToHQM data : SDAK
03-13 00:00:00.147  3003 17606 I HERMES#Service: sendToHQM data : SDAK
03-13 00:00:00.147  3003 17606 I HERMES#Service: sendToHQM data : SDAK
03-13 00:00:00.147  3003 17606 I HERMES#Service: sendToHQM data : SDAK
03-13 00:00:00.147  3003 17606 I HERMES#Service: sendToHQM data : SDAK
03-13 00:00:00.147  3003 17606 I HERMES#Service: sendToHQM data : SDAK
03-13 00:00:00.147  3003 17606 I HERMES#Service: sendToHQM data : SDAK
03-13 00:00:00.147  3003 17606 I HERMES#Service: sendToHQM data : SDAK
03-13 00:00:00.147  3003 17606 I HERMES#Service: sendToHQM data : SDAK
03-13 00:00:00.147  3003 17606 I HERMES#Service: sendToHQM data : SDAK
03-13 00:00:00.147  3003 17606 I HERMES#Service: sendToHQM data : SDAK
03-13 00:00:00.147  3003 17606 I HERMES#Service: sendToHQM data : SDAK
03-13 00:00:00.147  3003 17606 I HERMES#Service: sendToHQM data : SDAK
03-13 00:00:00.148  6380  6380 I SDHMS:PowerAnomalyi: Delete anomaly reports : 20260313000000
03-13 00:00:00.149 17558 17558 I SamsungCalendar$Holiday: [HolidayProvider]HolidayProvider initialized.
03-13 00:00:00.150  6203  6203 I eobj    : (REDACTED) Created gRPC endpoint for service %s
03-13 00:00:00.150  6203  6203 I alzq    : Creating RobinKitGrpcService
03-13 00:00:00.150  6203  6203 I alzq    : Allowlisting FbG package names
03-13 00:00:00.150  6203  6203 I alzq    : #onBind
03-13 00:00:00.151 17558 17558 I SamsungCalendar$StickerProvider: onCreate()
03-13 00:00:00.153  2007 15672 I sensors-hal: handle_sns_std_sensor_event:90, light_cct: ts = 201600714023593 ns; value = [0, 0, 51, 46, 0, 17, 2, 0, 288, 2, 0]
03-13 00:00:00.155 17558 17558 I SamsungCalendar$Holiday: [ChinaHolidayProvider] onCreate() called
03-13 00:00:00.157 17558 17558 I CapsuleProvider_1.0.29: onCreate
03-13 00:00:00.160  6203  6254 I amaa    : #getRobinAvailability
03-13 00:00:00.160  6203  6254 I amai    : logProcessStartUptime
03-13 00:00:00.160  6203  6254 I amai    : requestStartTime is null, not logging process startup time
03-13 00:00:00.160  6203  6254 I amaa    : #getRobinAvailability
03-13 00:00:00.160  6203  6254 I amaa    : getAccountEntryPoint
03-13 00:00:00.160  6203  6254 I amaa    : default account provider
03-13 00:00:00.161  6203  6254 I amaa    : account id not null, creating entry point
03-13 00:00:00.161  6203  6254 I amai    : (REDACTED) RobinKitStreamZLoggingUtils: E2E_LATENCY: %s, apiName: %s, status: %s, latencyMilestone: %s, versionName: %s, isInvocationBeforeProcessStarted: %s, isLoggedFromAccountScoped: %s
03-13 00:00:00.161  6203  6254 I alzy    : #getRobinAvailability
03-13 00:00:00.161  6203  6254 I alzp    : logRobinKitAvailabilityCheckStart
03-13 00:00:00.162  6239  6275 E NowBrief$RobinKitDataSource: DefaultDispatcher-worker-4] [RobinKit] requestRobinKit e = java.util.concurrent.ExecutionException: io.grpc.StatusRuntimeException: UNKNOWN
03-13 00:00:00.163  6239  6275 I NowBrief$RobinKitRepositoryImpl: DefaultDispatcher-worker-4] [RobinKit] isRobinKitSupported: false
03-13 00:00:00.165  6239  6275 I NowBrief$GenerateNanoBananaNudgeUseCase: DefaultDispatcher-worker-4] [NanoBanana] can't start, robin kit is not supported
03-13 00:00:00.165  6239  6275 I NowBrief$AiSuggestionRanker[BriefDocumentBuilder]: DefaultDispatcher-worker-4] [Ranking], show evening brief!
03-13 00:00:00.166  6239 18063 I IPCThreadState: oneway function results for code 2 on binder at 0xb40000701f998350 will be dropped but finished with status UNKNOWN_TRANSACTION
03-13 00:00:00.167  3003  4343 I ActivityManager: Changes in 10112 19 to 5, 0 to 144
03-13 00:00:00.168  3003  4002 D BackgroundInstallControlService: Package event received: 0
03-13 00:00:00.170  6380  6380 I SDHMS:PowerAnomaly:BatteryStatsExtDBHelper: deleteFutureDataInternalLocked
03-13 00:00:00.171  3003  3637 D SEP_UNION_SemDeviceInfoManagerService: onReceive : android.intent.action.DATE_CHANGED, userId = 0 
03-13 00:00:00.172  3003  3637 D ActivityManager: Received SERVICE intent 0xe7da245 Key{startService pkg=com.samsung.android.app.routines intent=act=android.intent.action.DATE_CHANGED xflg=0x4 cmp=com.samsung.android.app.routines/.domainmodel.service.RoutineService flags=0x2000000 u=0} requestCode=10001 from uid 1000
03-13 00:00:00.172  3003  3637 D SEP_UNION_SemDeviceInfoManagerService: Send intent android.intent.action.DATE_CHANGED, userId: 0 by broadcast 
03-13 00:00:00.176  3003  3083 I ActivityManager: Changes in 10054 19 to 11, 0 to 128
03-13 00:00:00.177 17558 17558 I SamsungCalendar$SettingSearchProvider: onCreate isSupported = true
03-13 00:00:00.177 17558 17558 I SamsungCalendar$SettingSearchProvider: secQueryGetFingerprint : 1270224000en_US
03-13 00:00:00.177 17558 17558 I [scsettingv2][2.0.35.0]: onCreate: 
03-13 00:00:00.177 17558 17558 I SamsungCalendar$CalendarAppProvider: onCreate()
03-13 00:00:00.177 17558 17558 I SamsungCalendar$DeviceSearchProvider: onCreate
03-13 00:00:00.178  3003  4343 I ActivityManager: Changes in 10054 11 to 19, 128 to 0
03-13 00:00:00.179 21347 21347 I Routine@Core[4.9.04.13]: RoutineService: onCreate
03-13 00:00:00.179 21347 21347 I Routine@Core[4.9.04.13]: RoutineService: onStartCommand: android.intent.action.DATE_CHANGED
03-13 00:00:00.179 21347 21347 W JobInfo : Job 'com.samsung.android.app.routines/.domainmodel.service.SALoggingJobService#4096' has a deadline with no functional constraints. The deadline won't improve job execution latency. Consider removing the deadline.
03-13 00:00:00.179  3003  4343 W JobInfo : Job 'com.samsung.android.app.routines/.domainmodel.service.SALoggingJobService#4096' has a deadline with no functional constraints. The deadline won't improve job execution latency. Consider removing the deadline.
03-13 00:00:00.180  3003  3083 I ActivityManager: Changes in 10454 19 to 11, 0 to 128
03-13 00:00:00.180 21003 21003 I ContactsProvider: [P] onTrimMemory-success
03-13 00:00:00.181  3003  4923 I ActivityManager: Changes in 10454 11 to 19, 128 to 0
03-13 00:00:00.185  6239  6275 I NowBrief$CalendarDataSource: DefaultDispatcher-worker-4] calendar cursor count = 0
03-13 00:00:00.187 17558 17558 I CapsuleProvider_1.0.29: releasing initialize wait lock.
03-13 00:00:00.187 17558 17558 I Sbixby_1.0.29: initialized
03-13 00:00:00.187  3003  6500 I ActivityManager: Changes in 10330 19 to 11, 0 to 128
03-13 00:00:00.191  3003  5497 D ActivityManager: unpendingScheduleServiceRestart: u=10316, drop=false
03-13 00:00:00.192  3003  4923 D FreecessController: UFZ : com.samsung.android.app.reminder(10316) [20905] reason: provider
03-13 00:00:00.192  3003  5506 W LocationManagerService: onFreezeStateChanged, uid[10316]=false
03-13 00:00:00.192  3003  5506 I PowerManagerService: [PWL] SetWakeLockEnableDisable uid = 10316 , disable= false
03-13 00:00:00.192  3003  5506 I PowerManagerService: [PWL] can not change uid =  10316
03-13 00:00:00.192  3003  4923 D BaseRestrictionMgr: Package: com.samsung.android.app.reminder, userid: 0, hostingType: provider is allowed by freecess, caller is: com.samsung.android.smartsuggestions
03-13 00:00:00.193  3003  4923 I ActivityManager: Changes in 10316 19 to 5, 0 to 144
03-13 00:00:00.194 21003 17617 D SamsungAnalytics605068: [Tracker] Tracker start:6.05.068
03-13 00:00:00.194 21003 17617 D SamsungAnalytics605068: sendLog
03-13 00:00:00.195  3003  3631 D ActivityManager: FCA:Reclamation for pid: 14116
03-13 00:00:00.196 20905 16831 I Reminder$ReminderProvider: query uri [content://com.samsung.android.app.reminder/open/reminder_time_view] from com.samsung.android.smartsuggestions
03-13 00:00:00.196 20905 16831 I Reminder$ReminderProviderUtils: [getIdSelection] uri match failed: ((remind_time >= 1773374400000 AND remind_time < 1773460800000) OR (start_time >= 1773374400000 AND start_time < 1773460800000)) AND visible = 1 AND is_deleted_for_cloud = 0 AND is_deleted_for_gear = 0 AND is_deleted_for_group_share = 0 AND item_status != 2
03-13 00:00:00.197  6239  6275 I NowBrief$ReminderDataSource: DefaultDispatcher-worker-4] reminder cursor count = 0
03-13 00:00:00.197 21003 17617 D SamsungAnalytics605068: sendLog
03-13 00:00:00.197 21003 17617 D SamsungAnalytics605068: sendLog
03-13 00:00:00.197 21003 17617 D SamsungAnalytics605068: sendLog
03-13 00:00:00.197 21003 17617 D SamsungAnalytics605068: sendLog
03-13 00:00:00.197 21003 17617 D SamsungAnalytics605068: sendLog
03-13 00:00:00.197 21003 17617 D SamsungAnalytics605068: sendLog
03-13 00:00:00.197 21003 17617 D SamsungAnalytics605068: sendLog
03-13 00:00:00.197 21003 17617 D SamsungAnalytics605068: sendLog
03-13 00:00:00.197 21003 17617 D SamsungAnalytics605068: sendLog
03-13 00:00:00.197 21003 17617 D SamsungAnalytics605068: sendLog
03-13 00:00:00.197 21003 17617 D SamsungAnalytics605068: sendLog
03-13 00:00:00.197 21003 17617 D SamsungAnalytics605068: sendLog
03-13 00:00:00.197 21003 17617 D SamsungAnalytics605068: sendLog
03-13 00:00:00.197 21003 17617 D SamsungAnalytics605068: sendLog
03-13 00:00:00.197 21003 17617 D SamsungAnalytics605068: sendLog
03-13 00:00:00.197 21003 17617 D SamsungAnalytics605068: sendLog
03-13 00:00:00.197 21003 17617 D SamsungAnalytics605068: sendLog
03-13 00:00:00.197 21003 17617 D SamsungAnalytics605068: sendLog
03-13 00:00:00.197 21003 17617 D SamsungAnalytics605068: sendLog
03-13 00:00:00.197 21003 17617 D SamsungAnalytics605068: sendLog
03-13 00:00:00.197 21003 17617 D SamsungAnalytics605068: sendLog
03-13 00:00:00.197 21003 17617 D SamsungAnalytics605068: sendLog
03-13 00:00:00.197 21003 17617 D SamsungAnalytics605068: sendLog
03-13 00:00:00.197 21003 17617 D SamsungAnalytics605068: sendLog
03-13 00:00:00.197 21003 17617 D SamsungAnalytics605068: sendLog
03-13 00:00:00.197 21003 17617 D SamsungAnalytics605068: sendLog
03-13 00:00:00.199 20905 20905 I Reminder$ReminderCache: trimMemory 40
03-13 00:00:00.199 18305 18305 D TrimMemoryReporter: onTrimMemory {level%3DBACKGROUND, pct%3D29, lowMemory%3Dfalse, totalMem%3D11115, availMem%3D3238, threshold%3D564}
03-13 00:00:00.200  6239  6275 I NowBrief$TaskDataSource: DefaultDispatcher-worker-4] task cursor count = 0
03-13 00:00:00.201 21003 21037 D SamsungAnalytics605068: [Setting Sender] No status log
03-13 00:00:00.202  6239  6275 I NowBrief$Event:ScheduleDataSource: DefaultDispatcher-worker-4] visibleScheduleDocument scheduleData total : 0, without anniversary : 0, filter current time : 0
03-13 00:00:00.202 21003 21037 D SamsungAnalytics605068: [PropertyLogBuildClient] No Property log
03-13 00:00:00.202 21347 21347 I Routine@Core[4.9.04.13]: RoutineService: onDestroy
03-13 00:00:00.202  3003  6500 I AppWidgetServiceImpl: getInstalledProvidersForProfiles lock in com.samsung.android.calendar
03-13 00:00:00.203  6239  6275 I NowBrief.ClockManagerDataSource: getNowViewInflater is true in ClockManager.
03-13 00:00:00.203  6239  6275 I NowBrief$NaverSportsAppSearchDataSource: DefaultDispatcher-worker-4] [SPORTS] loadingDocData
03-13 00:00:00.203  3003  6500 I AppWidgetServiceImpl: getInstalledProvidersForProfiles lock exit 4
03-13 00:00:00.203  6239  6275 I NowBrief$NaverSportsAppSearchDataSource: DefaultDispatcher-worker-4] [SPORTS] loadingDocData docList = 0
03-13 00:00:00.204  3003  4002 D BackgroundInstallControlService: Package event received: 0
03-13 00:00:00.207 17558 17558 I GWT:AppWidgetReceiver: [calendar] [appwidget-1.1.21] onReceive: action=com.samsung.android.calendar.ACTION_MIDNIGHT_DATE_CHANGED this=com.android.calendar.widget.month.MonthWidgetProvider
03-13 00:00:00.207 17558 17558 I SamsungCalendar$MonthWidgetProvider: onReceive: action com.samsung.android.calendar.ACTION_MIDNIGHT_DATE_CHANGED - widgetId: 0
03-13 00:00:00.207  1938  1938 D Zygote  : Forked child process 17626
03-13 00:00:00.209  3003  3084 I ActivityManager: Start proc 17626:com.sec.android.app.kidshome/u0a317 for broadcast {com.sec.android.app.kidshome/com.sec.android.app.kidshome.playtime.receiver.DateChangedEventReceiver}
03-13 00:00:00.209  3003  3084 I ActivityManager: ProcessObserver broadcast disabled
03-13 00:00:00.209 20905 16831 I Reminder$ReminderProvider: query uri [content://com.samsung.android.app.reminder/open/space_category] from com.samsung.android.calendar
03-13 00:00:00.210  3003  3082 I AppWidgetServiceImpl: handleSaveMessage 0
03-13 00:00:00.210 20905 16831 I Reminder$ReminderProviderUtils: [getIdSelection] uri match failed: space_id=?
03-13 00:00:00.218 21347 21347 I Routine@Core[4.9.04.13]: SALoggingJobService: onStartJob 
03-13 00:00:00.219  6239  6275 I NowBrief$CalendarDataSource: DefaultDispatcher-worker-4] calendar cursor count = 0
03-13 00:00:00.219 17558 17619 I SamsungCalendar$Performance: Launch CalendarProvider beforehand
03-13 00:00:00.220 20905 16162 I Reminder$ReminderProvider: query uri [content://com.samsung.android.app.reminder/open/reminder_time_view] from com.samsung.android.smartsuggestions
03-13 00:00:00.220 20905 16162 I Reminder$ReminderProviderUtils: [getIdSelection] uri match failed: ((remind_time >= 1773374400000 AND remind_time < 1773460800000) OR (start_time >= 1773374400000 AND start_time < 1773460800000)) AND visible = 1 AND is_deleted_for_cloud = 0 AND is_deleted_for_gear = 0 AND is_deleted_for_group_share = 0 AND item_status != 2
03-13 00:00:00.220 17558 17620 I SamsungCalendar$Performance: Launch Reminder beforehand
03-13 00:00:00.221  6239  6275 I NowBrief$ReminderDataSource: DefaultDispatcher-worker-4] reminder cursor count = 0
03-13 00:00:00.223  3003  4598 D ConnectivityService: Returning UNBLOCKED NetworkInfo to uid=10454
03-13 00:00:00.223  6239  6275 I NowBrief$TaskDataSource: DefaultDispatcher-worker-4] task cursor count = 0
03-13 00:00:00.223 17558 17558 W SamsungCalendar$MonthDrawingHelper: Can't initialize mSimpleEventYThreshold
03-13 00:00:00.224  6239  6275 I NowBrief$Event:ScheduleDataSource: DefaultDispatcher-worker-4] visibleScheduleDocument scheduleData total : 0, without anniversary : 0, filter current time : 0
03-13 00:00:00.226 17558 17558 I SamsungCalendar$Holiday: [LegalHolidayInitializer] LegalHoliday is not supported.
03-13 00:00:00.226 17558 17629 I SamsungCalendar$DexHelper: isDesktopWindowing called
03-13 00:00:00.226 17558 17629 I SamsungCalendar$DexHelper: displayId : 0
03-13 00:00:00.227  3003  3595 I AppWidgetServiceImpl: cannot find widget for appWidgetId=0 uid=10330 packageName=com.samsung.android.calendar
03-13 00:00:00.227  3003  3595 I AppWidgetServiceImpl: cannot find widget for appWidgetId=0 uid=10330 packageName=com.samsung.android.calendar
03-13 00:00:00.228 17558 17629 I Feature : isStickerCenterEnabled : true
03-13 00:00:00.230  6239  6275 I NowBrief$CalendarDataSource: DefaultDispatcher-worker-4] calendar cursor count = 0
03-13 00:00:00.232 21003 21037 D SamsungAnalytics605068: SendLog Result = 0
03-13 00:00:00.233 20905 16162 I Reminder$ReminderProvider: query uri [content://com.samsung.android.app.reminder/open/reminder_time_view] from com.samsung.android.smartsuggestions
03-13 00:00:00.233 20905 16162 I Reminder$ReminderProviderUtils: [getIdSelection] uri match failed: ((remind_time >= 1773374400000 AND remind_time < 1773460800000) OR (start_time >= 1773374400000 AND start_time < 1773460800000)) AND visible = 1 AND is_deleted_for_cloud = 0 AND is_deleted_for_gear = 0 AND is_deleted_for_group_share = 0 AND item_status != 2
03-13 00:00:00.233  6239  6275 I NowBrief$ReminderDataSource: DefaultDispatcher-worker-4] reminder cursor count = 0
03-13 00:00:00.235 17558 17629 I SamsungCalendar$StickerUtils:  isSupportingStickerCenter: API version = 15
03-13 00:00:00.236  6239  6275 I NowBrief$TaskDataSource: DefaultDispatcher-worker-4] task cursor count = 0
03-13 00:00:00.236 17558 17629 I SamsungCalendar$MonthModelImpl: create new sticker picker model, isStickerFeatureSupported : true
03-13 00:00:00.237  6239  6275 I NowBrief$Event:ScheduleDataSource: DefaultDispatcher-worker-4] visibleScheduleDocument scheduleData total : 0, without anniversary : 0, filter current time : 0
03-13 00:00:00.237 21003 21037 D SamsungAnalytics605068: SendLog Result = 0
03-13 00:00:00.237 17626 17626 I id.app.kidshome: Using CollectorTypeCMC GC.
03-13 00:00:00.237  6239  6275 I NowBrief$AiSuggestionRanker[BriefDocumentBuilder]: DefaultDispatcher-worker-4] [Commute] isSnowOrRainyWeather false isSnowWeather false
03-13 00:00:00.238  6239  6275 I NowBrief.NetworkUtils: getNetworkCapabilities: true
03-13 00:00:00.238  6239  6275 I NowBrief.NetworkUtils: NET_CAPABILITY_VALIDATED: true
03-13 00:00:00.238  6239  6275 I NowBrief.NetworkUtils: isNetworkAvailable: true
03-13 00:00:00.238  6239  6275 I NowBrief$Event:AiSuggestionRanker[BriefDocumentBuilder]: DefaultDispatcher-worker-4] [Commute] isNetworkAvailable - true
03-13 00:00:00.238  6239  6275 I NowBrief$AiSuggestionRanker[BriefDocumentBuilder]: DefaultDispatcher-worker-4] glance before 3days
03-13 00:00:00.238  6239  6275 I NowBrief$AiSuggestionRanker[BriefDocumentBuilder]: DefaultDispatcher-worker-4] lockscreen setting before 3days
03-13 00:00:00.238  6239  6275 W NowBrief$AiSuggestionRanker[BriefDocumentBuilder]: DefaultDispatcher-worker-4] [Parking] lastCarEndBehaviorTime is null
03-13 00:00:00.238  6239  6275 I NowBrief$Event:AiSuggestionRanker[BriefDocumentBuilder]: DefaultDispatcher-worker-4] [Ranking] check brief : 2
03-13 00:00:00.239 21347  8906 I Routine@Core[4.9.04.13]: SAStatusLoggingTask: doInBackground
03-13 00:00:00.240 21003 21037 D SamsungAnalytics605068: SendLog Result = 0
03-13 00:00:00.240  6239  6275 I NowBrief$Event:RuleBaseRankingFilter: DefaultDispatcher-worker-4] [Ranking] filter, input.ids: (0)weatherempty,(1)weatheremptyalert
03-13 00:00:00.240  6239  6275 I NowBrief$Event:RuleBaseRankingFilter: DefaultDispatcher-worker-4] [Ranking] filter, briefType: EVENING, contextLog: [FC63A109]
03-13 00:00:00.242  6239  6275 I NowBrief$Event:RuleBaseRankingFilter: DefaultDispatcher-worker-4] [Ranking] matchValidContext, weatherempty, docValidContexts: [], validContexts: [], validExitContexts: []
03-13 00:00:00.242  6239  6275 I NowBrief$Event:RuleBaseRankingFilter: DefaultDispatcher-worker-4] [Ranking] matchValidContext, weatheremptyalert, docValidContexts: [], validContexts: [], validExitContexts: []
03-13 00:00:00.242  6239  6275 I NowBrief$Event:RuleBaseRankingFilter: DefaultDispatcher-worker-4] [Ranking] filter, result: RankingFilterResult(filtered: (0)weatherempty,(1)weatheremptyalert, maintain: )
03-13 00:00:00.242  6239  6275 I NowBrief$Event:AiSuggestionRanker: DefaultDispatcher-worker-4] [Ranking] maintainList size: 0
03-13 00:00:00.242  6239  6275 I NowBrief$AiSuggestionRanker: DefaultDispatcher-worker-4] [Travel] getAirlineTravelTicketExist, list: weatherempty, weatheremptyalert
03-13 00:00:00.246  6239  6275 I NowBrief$AiSuggestionRanker: DefaultDispatcher-worker-4] [Travel] generateTravelResult, no travel ticket, generate default travel documents
03-13 00:00:00.247  6239  6275 I NowBrief$GetTravelTicketUseCase: DefaultDispatcher-worker-4] [Travel] GetTravelTicketUseCase, isBeingTravel = false, isJustStartedTravel = false, isJustEndTravel = false
03-13 00:00:00.247  6239  6275 I NowBrief$Event:GetTravelTicketUseCase: DefaultDispatcher-worker-4] [Travel] GetTravelTicketUseCase, Travel scenario is skipped. 
03-13 00:00:00.247  6239  6275 I NowBrief$GenerateTravelSuggestionUseCase: DefaultDispatcher-worker-4] [Travel] getTravelSuggestionDocuments, is airplane ticket
03-13 00:00:00.247  6239  6275 I NowBrief$Event:GenerateTravelSuggestionUseCase: DefaultDispatcher-worker-4] [Travel] getTravelSuggestionDocuments, travelType is null
03-13 00:00:00.247  6239  6275 I NowBrief$AiSuggestionRanker: DefaultDispatcher-worker-4] [Travel] generateTravelResult, travelTicketModel: null
03-13 00:00:00.247  6239  6275 I NowBrief$Event:RuleBaseRankingFilter: DefaultDispatcher-worker-4] [Ranking] filter, input.ids: 
03-13 00:00:00.247  6239  6275 I NowBrief$Event:RuleBaseRankingFilter: DefaultDispatcher-worker-4] [Ranking] filter, briefType: EVENING, contextLog: [FC63A109]
03-13 00:00:00.248  6239  6275 I NowBrief$Event:RuleBaseRankingFilter: DefaultDispatcher-worker-4] [Ranking] filter, result: RankingFilterResult(filtered: , maintain: )
03-13 00:00:00.248  6239  6275 I NowBrief$Event:AiSuggestionRanker: DefaultDispatcher-worker-4] [Ranking] Travel AiSuggestionTitleEntity(eventType=None, insightContextInternals=[], timeType=LateNight)
03-13 00:00:00.249  6239 17641 I NowBrief$RuleBaseRankingScorer: DefaultDispatcher-worker-9] [Ranking]calculateScore, Final Result
03-13 00:00:00.249  6239 17641 I NowBrief$RuleBaseRankingScorer: DefaultDispatcher-worker-9] [RANKING] score, result[0]: id: weatheremptyalert, creationTimestampMillis: 1773374400000, documentTtlMillis: 86400000, schemaVersion: 0, appVersionCode: 0, appDomain.schemaType: ContextualInsightData:WeatherAsSevereDocument, appDomain.schemaVersion: 0 score: 0.75
03-13 00:00:00.249  6239 17641 I NowBrief$RuleBaseRankingScorer: DefaultDispatcher-worker-9] [RANKING] score, result[1]: id: weatherempty, creationTimestampMillis: 1773374400000, documentTtlMillis: 86400000, schemaVersion: 0, appVersionCode: 0, appDomain.schemaType: ContextualInsightData:WeatherAsTimeDocument, appDomain.schemaVersion: 0 score: 0.5
03-13 00:00:00.249  6239 17641 I NowBrief$WidgetNowBarSelector: DefaultDispatcher-worker-9] updateCache, 4. check widgetDocument, latestNowBarSchemaType: null, latestWidgetSchemaType: null, 
03-13 00:00:00.251 21003 21037 D SamsungAnalytics605068: SendLog Result = 0
03-13 00:00:00.251  5915  5959 V OsAgent : broadcastSystemEvent - 7
03-13 00:00:00.252  6239 17641 I NowBrief.LiveIconUtil: getLiveIcon ApplicationInfo{f3e3d64 com.samsung.android.smartsuggestions} false false
03-13 00:00:00.252  6239 17641 I NowBrief.LiveIconUtil: getLiveIcon ApplicationInfo{f3e3d64 com.samsung.android.smartsuggestions} false false
03-13 00:00:00.252  6239 17641 I NowBrief.GenerateBriefUiEntityUseCase: eventTypeChanged: lastEventType: None, eventType: None
03-13 00:00:00.253  6239 17641 I NowBrief.BriefUiPolicyRepository: canShowNowBar briefShown false
03-13 00:00:00.253  6239 17641 I NowBrief$AiSuggestionRanker: DefaultDispatcher-worker-9] [Ranking] needUpdate result: 1010010, rankedDocuments.size: 2, time: 0 ms
03-13 00:00:00.253  6239 17641 I NowBrief$AiSuggestionRanker: DefaultDispatcher-worker-9] [Ranking], rank timeType: LateNight, eventType: None, briefType : EVENING
03-13 00:00:00.253  6239 17641 I NowBrief$AiSuggestionUpdateWorkerManager: DefaultDispatcher-worker-9] enqueueWorker: rankTriggerType = TimeChanged
03-13 00:00:00.253  6239 17641 I NowBrief$AiSuggestionUpdateWorkerManager: DefaultDispatcher-worker-9] calculateTimeChangedDuration
03-13 00:00:00.253  6239 17641 I NowBrief$AiSuggestionUpdateWorkerManager: DefaultDispatcher-worker-9] calculateTimeDurationInternal: smallestStart = 9223372036854775807
03-13 00:00:00.253  6239 17641 I NowBrief$AiSuggestionUpdateWorkerManager: DefaultDispatcher-worker-9] getRemainTimeToNextTimeType, now.hour: 0 nowTimeType: LateNight, endHour: 4
03-13 00:00:00.253  6239 17641 I NowBrief$AiSuggestionUpdateWorkerManager: DefaultDispatcher-worker-9] getRemainTimeToNextTimeType, else
03-13 00:00:00.253  6239 17641 I NowBrief$AiSuggestionUpdateWorkerManager: DefaultDispatcher-worker-9] getRemainTimeToNextTimeType, retTime: 1773388800253, duration: in PT3H59M59.999663S
03-13 00:00:00.253  6239 17641 I NowBrief$AiSuggestionUpdateWorkerManager: DefaultDispatcher-worker-9] getRemainTimeToNextTimeType, current time type : LateNight, remain time to next time type = 1773388800253
