03-10 10:35:21.134 10403 10403 I ThermalEngine: Created section 'MON-CHG-BATT0'
03-10 10:35:21.134 10403 10403 I ThermalEngine: Algo Type 'monitor'
03-10 10:35:21.134 10403 10403 I ThermalEngine: Parsing section MON-CHG-BATT0
03-10 10:35:21.134 10403 10403 I ThermalEngine: Found field 'sampling'
03-10 10:35:21.134 10403 10403 I ThermalEngine: Found field 'sensor'
03-10 10:35:21.134 10403 10403 I ThermalEngine: Found field 'thresholds'
03-10 10:35:21.134 10403 10403 I ThermalEngine: Found field 'thresholds_clr'
03-10 10:35:21.134 10403 10403 I ThermalEngine: Found field 'actions'
03-10 10:35:21.134 10403 10403 I ThermalEngine: Found field 'action_info'
03-10 10:35:21.134 10403 10403 I ThermalEngine: Found field 'freezing'
03-10 10:35:21.134 10403 10403 I ThermalEngine: Created section 'MON-CHG-BATT1'
03-10 10:35:21.134 10403 10403 I ThermalEngine: Algo Type 'monitor'
03-10 10:35:21.134 10403 10403 I ThermalEngine: Parsing section MON-CHG-BATT1
03-10 10:35:21.134 10403 10403 I ThermalEngine: Found field 'sampling'
03-10 10:35:21.134 10403 10403 I ThermalEngine: Found field 'sensor'
03-10 10:35:21.134 10403 10403 I ThermalEngine: Found field 'thresholds'
03-10 10:35:21.134 10403 10403 I ThermalEngine: Found field 'thresholds_clr'
03-10 10:35:21.134 10403 10403 I ThermalEngine: Found field 'actions'
03-10 10:35:21.134 10403 10403 I ThermalEngine: Found field 'action_info'
03-10 10:35:21.134 10403 10403 I ThermalEngine: Found field 'override_c'
03-10 10:35:21.134 10403 10403 I ThermalEngine: Found field 'freezing'
03-10 10:35:21.134 10403 10403 I ThermalEngine: Created section 'MON-CHG-BATT-SAFETY'
03-10 10:35:21.134 10403 10403 I ThermalEngine: Algo Type 'monitor'
03-10 10:35:21.134 10403 10403 I ThermalEngine: Parsing section MON-CHG-BATT-SAFETY
03-10 10:35:21.134 10403 10403 I ThermalEngine: Found field 'sampling'
03-10 10:35:21.134 10403 10403 I ThermalEngine: Found field 'sensor'
03-10 10:35:21.134 10403 10403 I ThermalEngine: Found field 'thresholds'
03-10 10:35:21.134 10403 10403 I ThermalEngine: Found field 'thresholds_clr'
03-10 10:35:21.134 10403 10403 I ThermalEngine: Found field 'actions'
03-10 10:35:21.134 10403 10403 I ThermalEngine: Found field 'action_info'
03-10 10:35:21.134 10403 10403 I ThermalEngine: Found field 'freezing'
03-10 10:35:21.134 10403 10403 I ThermalEngine: Created section 'MON-MSM-CPU0'
03-10 10:35:21.134 10403 10403 I ThermalEngine: Algo Type 'monitor'
03-10 10:35:21.134 10403 10403 I ThermalEngine: Parsing section MON-MSM-CPU0
03-10 10:35:21.134 10403 10403 I ThermalEngine: Found field 'sampling'
03-10 10:35:21.134 10403 10403 I ThermalEngine: Found field 'sensor'
03-10 10:35:21.134 10403 10403 I ThermalEngine: Found field 'thresholds'
03-10 10:35:21.134 10403 10403 I ThermalEngine: Found field 'thresholds_clr'
03-10 10:35:21.134 10403 10403 I ThermalEngine: Found field 'actions'
03-10 10:35:21.134 10403 10403 I ThermalEngine: Found field 'action_info'
03-10 10:35:21.134 10403 10403 I ThermalEngine: Created section 'SS-CPU4'
03-10 10:35:21.134 10403 10403 I ThermalEngine: Algo Type 'ss'
03-10 10:35:21.134 10403 10403 I ThermalEngine: Parsing section SS-CPU4
03-10 10:35:21.134 10403 10403 I ThermalEngine: Found field 'sampling'
03-10 10:35:21.134 10403 10403 I ThermalEngine: Found field 'sensor'
03-10 10:35:21.134 10403 10403 I ThermalEngine: Found field 'set_point'
03-10 10:35:21.134 10403 10403 I ThermalEngine: Found field 'set_point_clr'
03-10 10:35:21.134 10403 10403 I ThermalEngine: Found field 'device'
03-10 10:35:21.134 10403 10403 I ThermalEngine: Found field 'device_max_limit'
03-10 10:35:21.134 10403 10403 I ThermalEngine: Created section 'MON-MSM-CPU4'
03-10 10:35:21.134 10403 10403 I ThermalEngine: Algo Type 'monitor'
03-10 10:35:21.134 10403 10403 I ThermalEngine: Parsing section MON-MSM-CPU4
03-10 10:35:21.134 10403 10403 I ThermalEngine: Found field 'sampling'
03-10 10:35:21.134 10403 10403 I ThermalEngine: Found field 'sensor'
03-10 10:35:21.134 10403 10403 I ThermalEngine: Found field 'thresholds'
03-10 10:35:21.134 10403 10403 I ThermalEngine: Found field 'thresholds_clr'
03-10 10:35:21.134 10403 10403 I ThermalEngine: Found field 'actions'
03-10 10:35:21.134 10403 10403 I ThermalEngine: Found field 'action_info'
03-10 10:35:21.134 10403 10403 I ThermalEngine: Created section 'SS-CPU7'
03-10 10:35:21.134 10403 10403 I ThermalEngine: Algo Type 'ss'
03-10 10:35:21.134 10403 10403 I ThermalEngine: Parsing section SS-CPU7
03-10 10:35:21.134 10403 10403 I ThermalEngine: Found field 'sampling'
03-10 10:35:21.134 10403 10403 I ThermalEngine: Found field 'sensor'
03-10 10:35:21.134 10403 10403 I ThermalEngine: Found field 'set_point'
03-10 10:35:21.134 10403 10403 I ThermalEngine: Found field 'set_point_clr'
03-10 10:35:21.134 10403 10403 I ThermalEngine: Found field 'device'
03-10 10:35:21.134 10403 10403 I ThermalEngine: Found field 'device_max_limit'
03-10 10:35:21.134 10403 10403 I ThermalEngine: Created section 'MON-MSM-CPU7'
03-10 10:35:21.134 10403 10403 I ThermalEngine: Algo Type 'monitor'
03-10 10:35:21.134 10403 10403 I ThermalEngine: Parsing section MON-MSM-CPU7
03-10 10:35:21.134 10403 10403 I ThermalEngine: Found field 'sampling'
03-10 10:35:21.134 10403 10403 I ThermalEngine: Found field 'sensor'
03-10 10:35:21.134 10403 10403 I ThermalEngine: Found field 'thresholds'
03-10 10:35:21.134 10403 10403 I ThermalEngine: Found field 'thresholds_clr'
03-10 10:35:21.134 10403 10403 I ThermalEngine: Found field 'actions'
03-10 10:35:21.134 10403 10403 I ThermalEngine: Found field 'action_info'
03-10 10:35:21.134 10403 10403 I ThermalEngine: Created section 'MON-MSM-GPU'
03-10 10:35:21.134 10403 10403 I ThermalEngine: Algo Type 'monitor'
03-10 10:35:21.134 10403 10403 I ThermalEngine: Parsing section MON-MSM-GPU
03-10 10:35:21.134 10403 10403 I ThermalEngine: Found field 'sampling'
03-10 10:35:21.134 10403 10403 I ThermalEngine: Found field 'sensor'
03-10 10:35:21.134 10403 10403 I ThermalEngine: Found field 'thresholds'
03-10 10:35:21.134 10403 10403 I ThermalEngine: Found field 'thresholds_clr'
03-10 10:35:21.134 10403 10403 I ThermalEngine: Found field 'actions'
03-10 10:35:21.134 10403 10403 I ThermalEngine: Found field 'action_info'
03-10 10:35:21.134 10403 10403 I ThermalEngine: Created section 'MON-SOFTDEV'
03-10 10:35:21.134 10403 10403 I ThermalEngine: Algo Type 'monitor'
03-10 10:35:21.134 10403 10403 I ThermalEngine: Parsing section MON-SOFTDEV
03-10 10:35:21.134 10403 10403 I ThermalEngine: Found field 'sampling'
03-10 10:35:21.134 10403 10403 I ThermalEngine: Found field 'sensor'
03-10 10:35:21.134 10403 10403 I ThermalEngine: Found field 'thresholds'
03-10 10:35:21.134 10403 10403 I ThermalEngine: Found field 'thresholds_clr'
03-10 10:35:21.134 10403 10403 I ThermalEngine: Found field 'actions'
03-10 10:35:21.134 10403 10403 I ThermalEngine: Found field 'action_info'
03-10 10:35:21.134 10403 10403 I ThermalEngine: Created section 'MON-MDM-FR1-1'
03-10 10:35:21.134 10403 10403 I ThermalEngine: Algo Type 'monitor'
03-10 10:35:21.134 10403 10403 I ThermalEngine: Parsing section MON-MDM-FR1-1
03-10 10:35:21.134 10403 10403 I ThermalEngine: Found field 'sampling'
03-10 10:35:21.134 10403 10403 I ThermalEngine: Found field 'sensor'
03-10 10:35:21.134 10403 10403 I ThermalEngine: Found field 'thresholds'
03-10 10:35:21.134 10403 10403 I ThermalEngine: Found field 'thresholds_clr'
03-10 10:35:21.134 10403 10403 I ThermalEngine: Found field 'actions'
03-10 10:35:21.134 10403 10403 I ThermalEngine: Found field 'action_info'
03-10 10:35:21.134 10403 10403 I ThermalEngine: Created section 'MON-MDM-FR1-2'
03-10 10:35:21.134 10403 10403 I ThermalEngine: Algo Type 'monitor'
03-10 10:35:21.134 10403 10403 I ThermalEngine: Parsing section MON-MDM-FR1-2
03-10 10:35:21.134 10403 10403 I ThermalEngine: Found field 'sampling'
03-10 10:35:21.134 10403 10403 I ThermalEngine: Found field 'sensor'
03-10 10:35:21.134 10403 10403 I ThermalEngine: Found field 'thresholds'
03-10 10:35:21.134 10403 10403 I ThermalEngine: Found field 'thresholds_clr'
03-10 10:35:21.134 10403 10403 I ThermalEngine: Found field 'actions'
03-10 10:35:21.134 10403 10403 I ThermalEngine: Found field 'action_info'
03-10 10:35:21.134 10403 10403 I ThermalEngine: Created section 'MON-wireless-charge'
03-10 10:35:21.134 10403 10403 I ThermalEngine: Algo Type 'monitor'
03-10 10:35:21.134 10403 10403 I ThermalEngine: Parsing section MON-wireless-charge
03-10 10:35:21.134 10403 10403 I ThermalEngine: Found field 'sampling'
03-10 10:35:21.134 10403 10403 I ThermalEngine: Found field 'sensor'
03-10 10:35:21.134 10403 10403 I ThermalEngine: Found field 'thresholds'
03-10 10:35:21.134 10403 10403 I ThermalEngine: Found field 'thresholds_clr'
03-10 10:35:21.134 10403 10403 I ThermalEngine: Found field 'actions'
03-10 10:35:21.134 10403 10403 I ThermalEngine: Found field 'action_info'
03-10 10:35:21.135 10403 10403 I ThermalEngine: [MON-wireless-charge]
03-10 10:35:21.135 10403 10403 I ThermalEngine: algo_type monitor
03-10 10:35:21.135 10403 10403 I ThermalEngine: sampling 2000
03-10 10:35:21.135 10403 10403 I ThermalEngine: sensor BCHG_TEMP
03-10 10:35:21.135 10403 10403 I ThermalEngine: thresholds 39000 41000 43000 44000 48000
03-10 10:35:21.135 10403 10403 I ThermalEngine: thresholds_clr 18000 39000 41000 43000 45000
03-10 10:35:21.135 10403 10403 I ThermalEngine: actions wireless_current wireless_current wireless_current wireless_current wireless_current
03-10 10:35:21.135 10403 10403 I ThermalEngine: action_info 1250 1000 800 500 100
03-10 10:35:21.135 10403 10403 I ThermalEngine: [MON-MDM-FR1-2]
03-10 10:35:21.135 10403 10403 I ThermalEngine: algo_type monitor
03-10 10:35:21.135 10403 10403 I ThermalEngine: sampling 5000
03-10 10:35:21.135 10403 10403 I ThermalEngine: sensor FRONT_MDM
03-10 10:35:21.135 10403 10403 I ThermalEngine: thresholds 46000 48000 50000 55000
03-10 10:35:21.135 10403 10403 I ThermalEngine: thresholds_clr 40000 46000 48000 50000
03-10 10:35:21.135 10403 10403 I ThermalEngine: actions modem_nr_scg_dsc modem_nr_scg_dsc+modem_lte_dsc modem_nr_scg_dsc+modem_lte_dsc modem_nr_scg_dsc
03-10 10:35:21.135 10403 10403 I ThermalEngine: action_info 7 8+9 9+10 10
03-10 10:35:21.135 10403 10403 I ThermalEngine: [MON-MDM-FR1-1]
03-10 10:35:21.135 10403 10403 I ThermalEngine: algo_type monitor
03-10 10:35:21.135 10403 10403 I ThermalEngine: sampling 5000
03-10 10:35:21.135 10403 10403 I ThermalEngine: sensor FRONT_MDM
03-10 10:35:21.135 10403 10403 I ThermalEngine: thresholds 46000 48000 50000 55000
03-10 10:35:21.135 10403 10403 I ThermalEngine: thresholds_clr 40000 46000 48000 50000
03-10 10:35:21.135 10403 10403 I ThermalEngine: actions modem_nr_dsc modem_nr_dsc modem_nr_dsc modem_nr_dsc
03-10 10:35:21.135 10403 10403 I ThermalEngine: action_info 7 8 9 10
03-10 10:35:21.135 10403 10403 I ThermalEngine: [MON-SOFTDEV]
03-10 10:35:21.135 10403 10403 I ThermalEngine: algo_type monitor
03-10 10:35:21.135 10403 10403 I ThermalEngine: sampling 2000
03-10 10:35:21.135 10403 10403 I ThermalEngine: sensor FUSE_TEMP
03-10 10:35:21.135 10403 10403 I ThermalEngine: thresholds 42000
03-10 10:35:21.135 10403 10403 I ThermalEngine: thresholds_clr 40000
03-10 10:35:21.135 10403 10403 I ThermalEngine: actions SoftDev
03-10 10:35:21.135 10403 10403 I ThermalEngine: action_info 1
03-10 10:35:21.135 10403 10403 I ThermalEngine: [MON-MSM-GPU]
03-10 10:35:21.135 10403 10403 I ThermalEngine: algo_type monitor
03-10 10:35:21.135 10403 10403 I ThermalEngine: sampling 2000
03-10 10:35:21.135 10403 10403 I ThermalEngine: sensor FUSE_TEMP
03-10 10:35:21.135 10403 10403 I ThermalEngine: thresholds 43000 46000 50000
03-10 10:35:21.135 10403 10403 I ThermalEngine: thresholds_clr 42000 43000 46000
03-10 10:35:21.135 10403 10403 I ThermalEngine: actions gpu gpu gpu
03-10 10:35:21.135 10403 10403 I ThermalEngine: action_info 443000000 285000000 230000000
03-10 10:35:21.135 10403 10403 I ThermalEngine: [MON-MSM-CPU7]
03-10 10:35:21.135 10403 10403 I ThermalEngine: algo_type monitor
03-10 10:35:21.135 10403 10403 I ThermalEngine: sampling 2000
03-10 10:35:21.135 10403 10403 I ThermalEngine: sensor FUSE_TEMP
03-10 10:35:21.135 10403 10403 I ThermalEngine: thresholds 40000 42000 44000 45000 47000
03-10 10:35:21.135 10403 10403 I ThermalEngine: thresholds_clr 39000 40000 42000 44000 45000
03-10 10:35:21.135 10403 10403 I ThermalEngine: actions cpu-cluster2 cpu-cluster2 cpu-cluster2 cpu-cluster2 cpu-cluster2
03-10 10:35:21.135 10403 10403 I ThermalEngine: action_info 1977600 1766400 1401600 1286400 940800
03-10 10:35:21.135 10403 10403 I ThermalEngine: [MON-MSM-CPU4]
03-10 10:35:21.135 10403 10403 I ThermalEngine: algo_type monitor
03-10 10:35:21.135 10403 10403 I ThermalEngine: sampling 2000
03-10 10:35:21.135 10403 10403 I ThermalEngine: sensor FUSE_TEMP
03-10 10:35:21.135 10403 10403 I ThermalEngine: thresholds 40000 42000 44000 47000
03-10 10:35:21.135 10403 10403 I ThermalEngine: thresholds_clr 39000 40000 42000 45000
03-10 10:35:21.135 10403 10403 I ThermalEngine: actions cpu-cluster1 cpu-cluster1 cpu-cluster1 cpu-cluster1
03-10 10:35:21.135 10403 10403 I ThermalEngine: action_info 1804800 1651200 1555200 1382400
03-10 10:35:21.135 10403 10403 I ThermalEngine: [MON-MSM-CPU0]
03-10 10:35:21.135 10403 10403 I ThermalEngine: algo_type monitor
03-10 10:35:21.135 10403 10403 I ThermalEngine: sampling 2000
03-10 10:35:21.135 10403 10403 I ThermalEngine: sensor FUSE_TEMP
03-10 10:35:21.135 10403 10403 I ThermalEngine: thresholds 40000 42000 44000 47000
03-10 10:35:21.135 10403 10403 I ThermalEngine: thresholds_clr 39000 40000 42000 45000
03-10 10:35:21.135 10403 10403 I ThermalEngine: actions cpu-cluster0 cpu-cluster0 cpu-cluster0 hotplug_0+hotplug_1+hotplug_2+hotplug_3
03-10 10:35:21.135 10403 10403 I ThermalEngine: action_info 1363200 1228800 1094400 1+1+1+1
03-10 10:35:21.135 10403 10403 I ThermalEngine: [MON-CHG-BATT-SAFETY]
03-10 10:35:21.135 10403 10403 I ThermalEngine: algo_type monitor
03-10 10:35:21.135 10403 10403 I ThermalEngine: sampling 5000
03-10 10:35:21.135 10403 10403 I ThermalEngine: sensor BCHG_TEMP
03-10 10:35:21.135 10403 10403 I ThermalEngine: thresholds 46000 48000
03-10 10:35:21.135 10403 10403 I ThermalEngine: thresholds_clr 44000 46000
03-10 10:35:21.135 10403 10403 I ThermalEngine: actions battery battery
03-10 10:35:21.135 10403 10403 I ThermalEngine: action_info 2 1
03-10 10:35:21.135 10403 10403 I ThermalEngine: freezing
03-10 10:35:21.135 10403 10403 I ThermalEngine: [MON-CHG-BATT1]
03-10 10:35:21.135 10403 10403 I ThermalEngine: algo_type monitor
03-10 10:35:21.135 10403 10403 I ThermalEngine: sampling 5000
03-10 10:35:21.135 10403 10403 I ThermalEngine: sensor BCHG_TEMP
03-10 10:35:21.135 10403 10403 I ThermalEngine: thresholds 44000
03-10 10:35:21.135 10403 10403 I ThermalEngine: thresholds_clr 43000
03-10 10:35:21.135 10403 10403 I ThermalEngine: actions battery
03-10 10:35:21.135 10403 10403 I ThermalEngine: action_info 3
03-10 10:35:21.135 10403 10403 I ThermalEngine: override_c 1000
03-10 10:35:21.135 10403 10403 I ThermalEngine: freezing
03-10 10:35:21.135 10403 10403 I ThermalEngine: [MON-CHG-BATT0]
03-10 10:35:21.135 10403 10403 I ThermalEngine: algo_type monitor
03-10 10:35:21.135 10403 10403 I ThermalEngine: sampling 5000
03-10 10:35:21.135 10403 10403 I ThermalEngine: sensor BCHG_TEMP
03-10 10:35:21.135 10403 10403 I ThermalEngine: thresholds 40000 42000 43500
03-10 10:35:21.135 10403 10403 I ThermalEngine: thresholds_clr 39000 41000 42500
03-10 10:35:21.135 10403 10403 I ThermalEngine: actions battery battery battery
03-10 10:35:21.135 10403 10403 I ThermalEngine: action_info 6 5 4
03-10 10:35:21.135 10403 10403 I ThermalEngine: freezing
03-10 10:35:21.135 10403 10403 I ThermalEngine: [FREEZE-CHG]
03-10 10:35:21.135 10403 10403 I ThermalEngine: algo_type monitor
03-10 10:35:21.135 10403 10403 I ThermalEngine: sampling 2000
03-10 10:35:21.135 10403 10403 I ThermalEngine: sensor DETECT-WLS
03-10 10:35:21.135 10403 10403 I ThermalEngine: thresholds 1
03-10 10:35:21.135 10403 10403 I ThermalEngine: thresholds_clr 0
03-10 10:35:21.135 10403 10403 I ThermalEngine: actions freeze_rule
03-10 10:35:21.135 10403 10403 I ThermalEngine: action_info 1
03-10 10:35:21.135 10403 10403 I ThermalEngine: [OVERRIDE-CHG]
03-10 10:35:21.135 10403 10403 I ThermalEngine: algo_type monitor
03-10 10:35:21.135 10403 10403 I ThermalEngine: sampling 1000
03-10 10:35:21.135 10403 10403 I ThermalEngine: sensor DETECT-STANDBY
03-10 10:35:21.135 10403 10403 I ThermalEngine: thresholds 1
03-10 10:35:21.135 10403 10403 I ThermalEngine: thresholds_clr 0
03-10 10:35:21.135 10403 10403 I ThermalEngine: actions internal_override
03-10 10:35:21.135 10403 10403 I ThermalEngine: action_info 1
03-10 10:35:21.135 10403 10403 I ThermalEngine: [MONITOR-CAMERA]
03-10 10:35:21.135 10403 10403 I ThermalEngine: algo_type monitor
03-10 10:35:21.135 10403 10403 I ThermalEngine: sampling 2000
03-10 10:35:21.135 10403 10403 I ThermalEngine: sensor BCAM_TEMP
03-10 10:35:21.135 10403 10403 I ThermalEngine: thresholds 42000 44000 48000
03-10 10:35:21.135 10403 10403 I ThermalEngine: thresholds_clr 40000 42000 44000
03-10 10:35:21.135 10403 10403 I ThermalEngine: actions camera camera camera
03-10 10:35:21.135 10403 10403 I ThermalEngine: action_info 1 2 3
03-10 10:35:21.135 10403 10403 I ThermalEngine: [REPORT-BACK]
03-10 10:35:21.135 10403 10403 I ThermalEngine: algo_type monitor
03-10 10:35:21.135 10403 10403 I ThermalEngine: sampling 300000
03-10 10:35:21.135 10403 10403 I ThermalEngine: sensor BACK_TEMP
03-10 10:35:21.135 10403 10403 I ThermalEngine: thresholds 42000
03-10 10:35:21.135 10403 10403 I ThermalEngine: thresholds_clr 40000
03-10 10:35:21.135 10403 10403 I ThermalEngine: actions report
03-10 10:35:21.135 10403 10403 I ThermalEngine: action_info 1
03-10 10:35:21.135 10403 10403 I ThermalEngine: [REPORT-FRONT]
03-10 10:35:21.135 10403 10403 I ThermalEngine: algo_type monitor
03-10 10:35:21.135 10403 10403 I ThermalEngine: sampling 300000
03-10 10:35:21.135 10403 10403 I ThermalEngine: sensor FRONT_TEMP
03-10 10:35:21.135 10403 10403 I ThermalEngine: thresholds 42000
03-10 10:35:21.135 10403 10403 I ThermalEngine: thresholds_clr 40000
03-10 10:35:21.135 10403 10403 I ThermalEngine: actions report
03-10 10:35:21.135 10403 10403 I ThermalEngine: action_info 1
03-10 10:35:21.135 10403 10403 I ThermalEngine: [MM-TJ-MONITOR-SHUTDOWN]
03-10 10:35:21.135 10403 10403 I ThermalEngine: #algo_type monitor
03-10 10:35:21.135 10403 10403 I ThermalEngine: sampling 10
03-10 10:35:21.135 10403 10403 I ThermalEngine: sensor VIRTUAL-MM-TJ-SHUTDOWN
03-10 10:35:21.135 10403 10403 I ThermalEngine: thresholds 115000
03-10 10:35:21.135 10403 10403 I ThermalEngine: thresholds_clr 114999
03-10 10:35:21.135 10403 10403 I ThermalEngine: actions shutdown
03-10 10:35:21.135 10403 10403 I ThermalEngine: action_info 0
03-10 10:35:21.135 10403 10403 I ThermalEngine: [MDM-TJ-MONITOR-SHUTDOWN]
03-10 10:35:21.135 10403 10403 I ThermalEngine: #algo_type monitor
03-10 10:35:21.135 10403 10403 I ThermalEngine: sampling 10
03-10 10:35:21.135 10403 10403 I ThermalEngine: sensor VIRTUAL-MDM-TJ-SHUTDOWN
03-10 10:35:21.135 10403 10403 I ThermalEngine: thresholds 115000
03-10 10:35:21.135 10403 10403 I ThermalEngine: thresholds_clr 114999
03-10 10:35:21.135 10403 10403 I ThermalEngine: actions shutdown
03-10 10:35:21.135 10403 10403 I ThermalEngine: action_info 0
03-10 10:35:21.137  2195  2386 I SDM     : DisplayBase::SetDisplayState: active 0-0 state 0-0 pending_power_state_ 0
03-10 10:35:21.138  2214  2254 W ANDR-PERF-LM: FeatureState: readState() 151: warning: appName is NULL, returning default State
03-10 10:35:21.138  2214  2254 W ANDR-PERF-LM: FeatureState: readState() 151: warning: appName is NULL, returning default State
03-10 10:35:21.138  2214  2254 W ANDR-PERF-LM: FeatureState: readState() 151: warning: appName is NULL, returning default State
03-10 10:35:21.138  2300  2300 D SurfaceFlinger: Finished setting power mode 0 on display 4630947043778501762
03-10 10:35:21.138  5625  5625 I vol.VolumeDialogImpl: dismissH reason = posture_changed mDialog.isShowing(): false
03-10 10:35:21.139  3163  5305 D SurfaceControl: Excessive delay in setPowerMode()
03-10 10:35:21.139  3163  5305 D PowerManagerService: nativeSetPowerMode ret:false mode:9 enabled:true duration ms: 0
03-10 10:35:21.141  3163  3229 D CLI/Transition: displaygroup 0, state OFF, pendingdisplaygroup -1
03-10 10:35:21.141  2078  2078 I QTI PowerHAL: Power setMode: 7 to: 0
03-10 10:35:21.141  3163  3231 D DisplayManagerService: Ignore redundant display event 0/2 to 10509/9250
03-10 10:35:21.141  2078  2078 I QTI PowerHAL: Got set_interactive hint
03-10 10:35:21.142  2078  2078 I QTI PowerHAL: Got set_interactive hint on= 0, count= 674
03-10 10:35:21.142  3163  3231 D DisplayManagerService: Ignore redundant display event 0/2 to 10416/28264
03-10 10:35:21.143  2067  8157 D AHAL: AudioDevice: SetParameters: 1564: enter: screen_state=off
03-10 10:35:21.143  2067  8157 D AHAL: AudioVoice: VoiceSetParameters: 87: Enter params: screen_state=off
03-10 10:35:21.143  2067  8157 D AHAL: AudioVoice: VoiceSetParameters: 360: Exit ret: 0
03-10 10:35:21.143  2067  8157 D AHAL: FM: fm_set_parameters: 262: Enter
03-10 10:35:21.143  2067  8157 D AHAL: FM: fm_set_parameters: 320: exit
03-10 10:35:21.143  2067  8157 D AHAL: AudioDevice: SetParameters: 1628:  - screen = off
03-10 10:35:21.143 11449 11453 I orola.launcher3: NativeAlloc concurrent mark compact GC freed 14MB AllocSpace bytes, 19(2144KB) LOS objects, 75% free, 9729KB/38MB, paused 509us,5.290ms total 164.934ms
03-10 10:35:21.143  2067  8157 I PAL: ResourceManager: setParameter: 8311: Screen State:0
03-10 10:35:21.143  2067  8157 D AHAL: AudioDevice: SetParameters: 2361: exit: screen_state=off
03-10 10:35:21.143  3163  3352 D PowerManagerService: nativeSetPowerMode ret:true mode:7 enabled:false duration ms: 2
03-10 10:35:21.144  3163  3352 D BrightnessThermalClamper: Thermal status observer already started
03-10 10:35:21.144  3163  3163 I BrightnessSynchronizer: New Update: {[5676] 0.30469444(f), mUpdatedTypes=0, mConfirmedTypes=0, mTimeUpdated=0, mState=2}
03-10 10:35:21.145 26976 27604 D MCLOG   : [BrightnessTrigger] onDisplayChanged displayId = 0
03-10 10:35:21.145  3163  3352 I DreamManagerService: Entering dreamland. callers=com.android.server.dreams.DreamManagerService.startDreamInternal:531 com.android.server.dreams.DreamManagerService.-$$Nest$mstartDreamInternal:0 com.android.server.dreams.DreamManagerService$LocalService.startDream:1246 com.android.server.power.PowerManagerService.handleSandman:4199 com.android.server.power.PowerManagerService.-$$Nest$mhandleSandman:0 
03-10 10:35:21.147  7545  7545 I FileStationLog: [ FS_h$a ] - [Display] Changed display: 0
03-10 10:35:21.147  3163  3352 D PowerManagerService: nativeReleaseSuspendBlocker name:PowerManagerService.Display duration ms: 1
03-10 10:35:21.147  5993 10201 I NetworkScheduler: (REDACTED) Error inserting %s
03-10 10:35:21.148  3163  3352 D PowerManagerService: nativeSetAutoSuspend enable:true duration ms: 1
03-10 10:35:21.149 26976 27604 D MCLOG   : [BrightnessManager] displayId = 0 brightness = 0.30469444 nit = 64.00819 level = br1
03-10 10:35:21.149  3163  3352 I PowerManagerService: Dozing... groupId=1
03-10 10:35:21.149  3163  3352 D PowerManagerService: handleSandman ignore 0
03-10 10:35:21.150  3163  3227 I DreamController: Starting dream: name=ComponentInfo{com.android.systemui/com.android.systemui.doze.DozeService}, isPreviewMode=false, canDoze=true, userId=0, reason='power manager request', mCurrentDreamStartTime=83170468, isFirstTimeDream=false
03-10 10:35:21.150  7545  7545 I FileStationLog: [ FS_h ] - [Logic] Retrieved display info: LogicDisplayInfo(width=1080, height=2640, orientation=1, rotation=0, displayId=0)
03-10 10:35:21.150  7545  7545 I FileStationLog: [ FS_h$a ] - [Display] New logical size: 1080x2640
03-10 10:35:21.150  7545  7545 I FileStationLog: [ FS_h$a ] - [Display] Screen width unchanged: 1080
03-10 10:35:21.151  2300  2300 E Scheduler: trackPendingFrame: Invalid present fence
03-10 10:35:21.153  3163  3202 E WindowManager: Dream packageName does not match active dream. Package com.motorola.mobiledesktop.core does not match ComponentInfo{com.android.systemui/com.android.systemui.doze.DozeService}
03-10 10:35:21.153  5625  5625 V DreamService[DozeService]: onCreate()
03-10 10:35:21.156  5625  5625 I MotoDozeSensor: Tap to wake up enable: true
03-10 10:35:21.157  2300  2300 E Scheduler: trackPendingFrame: Invalid present fence
03-10 10:35:21.158  5625  5625 D DozeTriggers: shouldregisterTapSensor:  zeroTapEnabled=false
03-10 10:35:21.160  5625  5625 E MotoDozeSensorTypeBuilder: This sensor type(25) is not supported.
03-10 10:35:21.160  5625  5625 E MotoDozeSensorTypeBuilder: This sensor type(65596) is not supported.
03-10 10:35:21.160  5625  5625 V DreamService[DozeService]: onBind() intent = Intent { act=android.service.dreams.DreamService flg=0x800000 cmp=com.android.systemui/.doze.DozeService (has extras) }
03-10 10:35:21.162  3163  3163 I DreamController: onServiceConnected: name=ComponentInfo{com.android.systemui/com.android.systemui.doze.DozeService}, service=android.os.BinderProxy@f7dfccb
03-10 10:35:21.163  3163  3227 I DreamController: onServiceConnected to attach: name=ComponentInfo{com.android.systemui/com.android.systemui.doze.DozeService}
03-10 10:35:21.164  5625  9199 I DreamService: DreamServiceWrapper attach: dreamToken=android.os.BinderProxy@bbc36b5, canDoze=true
03-10 10:35:21.164  5625  5625 I vol.VolumeDialogImpl: mDialog.dismiss() reason: volume_controller from: com.android.systemui.volume.VolumeDialogImpl$10.onDismissRequested:3 displayId: 0 mShowing: false mIsAnimatingDismiss: false
03-10 10:35:21.165  5625  5625 I DreamService[DozeService]: attach() called: dreamToken=android.os.BinderProxy@bbc36b5, canDoze=true mWindow=null mWindowless=true
03-10 10:35:21.165  5625  5625 V DreamService[DozeService]: onDreamingStarted()
03-10 10:35:21.165  3163  3352 D PowerManagerService: handleSandman ignore 0
03-10 10:35:21.166  3163  3352 D PowerManagerService: handleSandman ignore 0
03-10 10:35:21.166  5625  5625 D SbStateController: setState: requested state KEYGUARD!= upcomingState: SHADE. This usually means the status bar state transition was interrupted before the upcoming state could be applied.
03-10 10:35:21.166  2300  2300 E Scheduler: trackPendingFrame: Invalid present fence
03-10 10:35:21.167  2064  2064 I sensors-hal: batch:206, com.motorola.sensor.ltv/65738, period=1000000, max_latency=0
03-10 10:35:21.167  2064  2064 I sensors-hal: set_config:57, sample_period_ns is adjusted to 0 based on min/max delay_ns
03-10 10:35:21.167  2064  2064 I sensors-hal: batch:215, com.motorola.sensor.ltv/65738, period=1000000, max_latency=0 request completed
03-10 10:35:21.167  2064  2064 I sensors-hal: activate:173, com.motorola.sensor.ltv/65738 en=1
03-10 10:35:21.167  2064  2064 I sensors-hal: get_qmi_debug_flag:239, support_qmi_debug : false
03-10 10:35:21.168  5625  5962 D KeyguardViewMediator: updateActivityLockScreenState(false, true)
03-10 10:35:21.168  2061  2108 E minksocket: MinkIPC_QRTR_Service: client with node 1 port 56d0 went down
03-10 10:35:21.168  2061  2108 E minksocket: MinkIPC_QRTR_Service: client with node 1 port 56d1 went down
03-10 10:35:21.169  2061  2108 E minksocket: MinkIPC_QRTR_Service: client with node 1 port 56d2 went down
03-10 10:35:21.170  2064  2064 E Diag_Lib: diag: Diag_LSM_Init: invoked for pid: 2064 with init_count: 0
03-10 10:35:21.170  2064  2064 E Diag_Lib: diag:failed to connect to diag socket
03-10 10:35:21.170  2061  2108 E minksocket: MinkIPC_QRTR_Service: client with node 1 port 56d3 went down
03-10 10:35:21.170  2064  2064 E Diag_Lib:  Diag_LSM_Init: Failed to open handle to diag driver, error = 13
03-10 10:35:21.171  3163  3352 D PowerManagerService: handleSandman ignore 0
03-10 10:35:21.171  2064  2064 I sensors-hal: send_sync_sensor_request:341, send sync request
03-10 10:35:21.172  2064  2064 I sensors-hal: send_sync_sensor_request:367, wait for notification of response
03-10 10:35:21.173  2064  4171 I slpi    : MOT_LTV started with registry parameters (rcv_reg_items=0x1fff)
03-10 10:35:21.174  2064  4171 E slpi    : MOT_GPIO_FLIP kernel state gpio unset
03-10 10:35:21.174  2064 10583 I sensors-hal: ssc_conn_resp_cb:632, resp_value = 0
03-10 10:35:21.174  2064  2064 I sensors-hal: send_sync_sensor_request:373, takes 2 ms to receive the response with 0
03-10 10:35:21.174  2064  2064 I sensors-hal: activate:184, com.motorola.sensor.ltv/65738 en=1 completed
03-10 10:35:21.176  2064  2064 I sensors-hal: batch:206, com.motorola.sensor.glance/65658, period=1000000, max_latency=0
03-10 10:35:21.177  2064  2064 I sensors-hal: set_config:57, sample_period_ns is adjusted to 0 based on min/max delay_ns
03-10 10:35:21.177  2064  2064 I sensors-hal: batch:215, com.motorola.sensor.glance/65658, period=1000000, max_latency=0 request completed
03-10 10:35:21.177  2064  2064 I sensors-hal: activate:173, com.motorola.sensor.glance/65658 en=1
03-10 10:35:21.177  2064  2064 I sensors-hal: activate:154, activate glance 65548
03-10 10:35:21.177  2064  2064 I sensors-hal: get_qmi_debug_flag:239, support_qmi_debug : false
03-10 10:35:21.179  2061  2108 E minksocket: MinkIPC_QRTR_Service: client with node 1 port 56d5 went down
03-10 10:35:21.179  2061  2108 E minksocket: MinkIPC_QRTR_Service: client with node 1 port 56d6 went down
03-10 10:35:21.179  2061  2108 E minksocket: MinkIPC_QRTR_Service: client with node 1 port 56d7 went down
03-10 10:35:21.180  2064  2064 E Diag_Lib: diag: Diag_LSM_Init: invoked for pid: 2064 with init_count: 0
03-10 10:35:21.180  3163  3352 D PowerManagerService: handleSandman ignore 0
03-10 10:35:21.180  2061  2108 E minksocket: MinkIPC_QRTR_Service: client with node 1 port 56d8 went down
03-10 10:35:21.181  2064  2064 E Diag_Lib: diag:failed to connect to diag socket
03-10 10:35:21.181  2064  2064 E Diag_Lib:  Diag_LSM_Init: Failed to open handle to diag driver, error = 13
03-10 10:35:21.181  2064  2064 I sensors-hal: create_sensor_config_request:143, sending MOT_GLANCE_MSGID_MOT_GLANCE_CONFIG, 0x17
03-10 10:35:21.181  2064  2064 I sensors-hal: send_sync_sensor_request:341, send sync request
03-10 10:35:21.181  2064  2064 I sensors-hal: send_sync_sensor_request:367, wait for notification of response
03-10 10:35:21.183  2064 10585 I sensors-hal: ssc_conn_resp_cb:632, resp_value = 0
03-10 10:35:21.183  2064  2064 I sensors-hal: send_sync_sensor_request:373, takes 1 ms to receive the response with 0
03-10 10:35:21.183  2064  2064 I sensors-hal: activate:184, com.motorola.sensor.glance/65658 en=1 completed
03-10 10:35:21.187  3163  7451 I DreamManagerService: startDozing by com.android.systemui callingUid=10394 callingPid=5625
03-10 10:35:21.187  3163  7451 D DreamManagerService: Dream requested to start dozing: android.os.Binder@2088d3e, screenState=1, screenBrightness=-1, reason=UNKNOWN
03-10 10:35:21.188  3163  7451 D PowerManagerService: nativeSetAutoSuspend enable:false duration ms: 1
03-10 10:35:21.189  3163  7451 D PowerManagerService: nativeAcquireSuspendBlocker name:PowerManagerService.Display duration ms: 1
03-10 10:35:21.189  3163  3352 D PowerManagerService: handleSandman ignore 0
03-10 10:35:21.190  3163  3352 I DisplayPowerController2[1]: 03-10 10:35:21.189 - BrightnessEvent: disp=1, physDisp=local:4630947043778501763, displayState=OFF, displayPolicy=DOZE, brt=0.0, initBrt=0.0, rcmdBrt=NaN, preBrt=NaN, lux=0.0, preLux=0.0, brtNits=3.3701954, hdrNits=NaN, initNits=3.3701954, preNits=NaN, rcmdNits=NaN, hdrBrightness=NaN, brt(%)=0%, brtInt=1, hbmPolicy=normal, hbmMax=0.7660316, hbmMode=off, rbcStrength=-1, thrmMax=1.0, powerFactor=1.0, wasShortTermModelActive=false, flags=, reason=screen_off, autoBrightness=true, strategy=ScreenOffBrightnessStrategy, autoBrightnessMode=default
03-10 10:35:21.190  2064 10585 I sensors-hal: handle_indication_realtime:467,  SCHED_FIFO(10) for qmi_cbk
03-10 10:35:21.191  3163  3163 I WindowManager: Finished going to sleep... (groupId=0 why=OFF_BECAUSE_OF_USER) notifySleepToKeyguard=true lidState=0 pmSleepReason=lid_switch
03-10 10:35:21.191  3163  3352 D PowerManagerService: nativeAcquireSuspendBlocker name:PowerManagerService.Broadcasts duration ms: 1
03-10 10:35:21.191  3163  3352 D PowerManagerService: nativeSetAutoSuspend enable:true duration ms: 0
03-10 10:35:21.191  3163  3352 D PowerManagerService: nativeReleaseSuspendBlocker name:PowerManagerService.Display duration ms: 0
03-10 10:35:21.192  3163  3352 D PowerManagerService: handleSandman ignore 0
03-10 10:35:21.193  2064  2064 I sensors-hal: activate:173, android.sensor.device_orientation/271 en=0
03-10 10:35:21.193  5625  5956 D CounterUpPreferencesStatusValue: startTracking: previous = 9 current = 10 tag = Count of how many cli AD is triggered
03-10 10:35:21.193  2064  2064 I sensors-hal: activate:184, android.sensor.device_orientation/271 en=0 completed
03-10 10:35:21.193  3163  7451 I DreamController: mDreamingStartedCallback sendResult
03-10 10:35:21.194  2061  2108 E minksocket: MinkIPC_QRTR_Service: client with node 1 port 567d went down
03-10 10:35:21.195 11449 11455 W System  : A resource failed to call release. 
03-10 10:35:21.195  5625  5625 D SCliNotificationListener: onNotificationListUpdate: [com.android.systemui.statusbar.notification.collection.GroupEntry@478e49c]
03-10 10:35:21.195 11449 11455 W System  : A resource failed to call release. 
03-10 10:35:21.195 11449 11455 W System  : A resource failed to call release. 
03-10 10:35:21.195  3163  3352 D PowerManagerService: handleSandman ignore 0
03-10 10:35:21.195  5625  6286 D SCliNotifPanelController: onNotificationEntryRemove: -1|com.android.systemui|1201|fully_charged_and_plugged|10394
03-10 10:35:21.195  5625  6286 D SCliNotifPanelController: onNotificationGroupRemove: com.android.systemui_u-1
03-10 10:35:21.195  5625  6286 D SCliNotifPanelController: onNotificationEntryRemove: 0|com.google.android.googlequicksearchbox|0|-1929155362::a:snotification:[0x394,wx.f,NOTIFICATION]|10292
03-10 10:35:21.195  5625  6286 D SCliNotifPanelController: onNotificationGroupRemove: com.google.android.googlequicksearchbox_u0
03-10 10:35:21.196  3163  3352 D PowerManagerService: handleSandman ignore 0
03-10 10:35:21.196  5625  6609 D KeyguardViewMediator: USER_LOCKED intent sent
03-10 10:35:21.197 11449 11455 W orola.launcher3: ApkAssets: Deleting an ApkAssets object '<empty> and /system_ext/priv-app/SystemUI/SystemUI.apk' with 1 weak references
03-10 10:35:21.198 11449 11455 W orola.launcher3: ApkAssets: Deleting an ApkAssets object '/vendor/overlay/SystemUI__auto_generated_rro_vendor.apk' with 1 weak references
03-10 10:35:21.198 11449 11455 W orola.launcher3: ApkAssets: Deleting an ApkAssets object '/product/overlay/SystemUI__lynkco_g__auto_generated_rro_product.apk' with 1 weak references
03-10 10:35:21.199 11449 11455 W orola.launcher3: ApkAssets: Deleting an ApkAssets object '<empty> and /data/app/~~NRzNWW4k4CFyZIj28IjX9A==/com.android.vending-YeFjgIuP8WdqNVP9wiUNWw==/base.apk' with 1 weak references
03-10 10:35:21.199 11449 11455 W orola.launcher3: ApkAssets: Deleting an ApkAssets object '<empty> and /data/app/~~NRzNWW4k4CFyZIj28IjX9A==/com.android.vending-YeFjgIuP8WdqNVP9wiUNWw==/split_config.arm64_v8a.apk' with 1 weak references
03-10 10:35:21.199 11449 11455 W orola.launcher3: ApkAssets: Deleting an ApkAssets object '<empty> and /data/app/~~NRzNWW4k4CFyZIj28IjX9A==/com.android.vending-YeFjgIuP8WdqNVP9wiUNWw==/split_config.en.apk' with 1 weak references
03-10 10:35:21.199 11449 11455 W orola.launcher3: ApkAssets: Deleting an ApkAssets object '<empty> and /data/app/~~NRzNWW4k4CFyZIj28IjX9A==/com.android.vending-YeFjgIuP8WdqNVP9wiUNWw==/split_phonesky_data_loader.apk' with 1 weak references
03-10 10:35:21.199 11449 11455 W orola.launcher3: ApkAssets: Deleting an ApkAssets object '<empty> and /data/app/~~NRzNWW4k4CFyZIj28IjX9A==/com.android.vending-YeFjgIuP8WdqNVP9wiUNWw==/split_phonesky_data_loader.config.arm64_v8a.apk' with 1 weak references
03-10 10:35:21.199 11449 11455 W orola.launcher3: ApkAssets: Deleting an ApkAssets object '<empty> and /data/app/~~NRzNWW4k4CFyZIj28IjX9A==/com.android.vending-YeFjgIuP8WdqNVP9wiUNWw==/split_phonesky_webrtc_native_lib.apk' with 1 weak references
03-10 10:35:21.199 11449 11455 W orola.launcher3: ApkAssets: Deleting an ApkAssets object '<empty> and /data/app/~~NRzNWW4k4CFyZIj28IjX9A==/com.android.vending-YeFjgIuP8WdqNVP9wiUNWw==/split_phonesky_webrtc_native_lib.config.arm64_v8a.apk' with 1 weak references
03-10 10:35:21.200 11449 11455 W orola.launcher3: ApkAssets: Deleting an ApkAssets object '<empty> and /data/app/~~Y1B4mLlv36Wo5S7IdcNUjw==/com.google.android.apps.docs-IaCDxOwUHMfie8KXet_7pA==/base.apk' with 1 weak references
03-10 10:35:21.200 11449 11455 W orola.launcher3: ApkAssets: Deleting an ApkAssets object '<empty> and /data/app/~~Y1B4mLlv36Wo5S7IdcNUjw==/com.google.android.apps.docs-IaCDxOwUHMfie8KXet_7pA==/split_config.arm64_v8a.apk' with 1 weak references
03-10 10:35:21.200 11449 11455 W orola.launcher3: ApkAssets: Deleting an ApkAssets object '<empty> and /data/app/~~Y1B4mLlv36Wo5S7IdcNUjw==/com.google.android.apps.docs-IaCDxOwUHMfie8KXet_7pA==/split_config.en.apk' with 1 weak references
03-10 10:35:21.200 11449 11455 W orola.launcher3: ApkAssets: Deleting an ApkAssets object '<empty> and /data/app/~~Y1B4mLlv36Wo5S7IdcNUjw==/com.google.android.apps.docs-IaCDxOwUHMfie8KXet_7pA==/split_config.xxhdpi.apk' with 1 weak references
03-10 10:35:21.201 11449 11455 W orola.launcher3: ApkAssets: Deleting an ApkAssets object '<empty> and /data/app/~~4jhdAFQk7cW1qh9vbcGAlA==/com.google.android.apps.maps-WZexX7mmov0Ui6ktYZ8EMQ==/base.apk' with 1 weak references
03-10 10:35:21.201 11449 11455 W orola.launcher3: ApkAssets: Deleting an ApkAssets object '<empty> and /data/app/~~4jhdAFQk7cW1qh9vbcGAlA==/com.google.android.apps.maps-WZexX7mmov0Ui6ktYZ8EMQ==/split_config.arm64_v8a.apk' with 1 weak references
03-10 10:35:21.201 11449 11455 W orola.launcher3: ApkAssets: Deleting an ApkAssets object '<empty> and /data/app/~~4jhdAFQk7cW1qh9vbcGAlA==/com.google.android.apps.maps-WZexX7mmov0Ui6ktYZ8EMQ==/split_config.en.apk' with 1 weak references
03-10 10:35:21.201 11449 11455 W orola.launcher3: ApkAssets: Deleting an ApkAssets object '<empty> and /data/app/~~4jhdAFQk7cW1qh9vbcGAlA==/com.google.android.apps.maps-WZexX7mmov0Ui6ktYZ8EMQ==/split_config.xxhdpi.apk' with 1 weak references
03-10 10:35:21.202 11449 11455 W orola.launcher3: ApkAssets: Deleting an ApkAssets object '<empty> and /data/app/~~k_VEhQdnw4LTF2EOI_0nmg==/com.google.android.calendar-wbxr-qU9cdUX7SFf1Y77YA==/base.apk' with 1 weak references
03-10 10:35:21.202 11449 11455 W orola.launcher3: ApkAssets: Deleting an ApkAssets object '<empty> and /data/app/~~k_VEhQdnw4LTF2EOI_0nmg==/com.google.android.calendar-wbxr-qU9cdUX7SFf1Y77YA==/split_config.arm64_v8a.apk' with 1 weak references
03-10 10:35:21.202 11449 11455 W orola.launcher3: ApkAssets: Deleting an ApkAssets object '<empty> and /data/app/~~k_VEhQdnw4LTF2EOI_0nmg==/com.google.android.calendar-wbxr-qU9cdUX7SFf1Y77YA==/split_config.en.apk' with 1 weak references
03-10 10:35:21.202 11449 11455 W orola.launcher3: ApkAssets: Deleting an ApkAssets object '<empty> and /data/app/~~k_VEhQdnw4LTF2EOI_0nmg==/com.google.android.calendar-wbxr-qU9cdUX7SFf1Y77YA==/split_config.xxhdpi.apk' with 1 weak references
03-10 10:35:21.202 11449 11455 W orola.launcher3: ApkAssets: Deleting an ApkAssets object '<empty> and /data/app/~~tPicqMmAMQEbAVV_itSWlA==/com.google.android.deskclock-pEBIeMIQYAux1gjk4moNAQ==/base.apk' with 1 weak references
03-10 10:35:21.203 11449 11455 W orola.launcher3: ApkAssets: Deleting an ApkAssets object '<empty> and /data/app/~~tPicqMmAMQEbAVV_itSWlA==/com.google.android.deskclock-pEBIeMIQYAux1gjk4moNAQ==/split_config.xxhdpi.apk' with 1 weak references
03-10 10:35:21.203  5625  5625 W libc    : Access denied finding property "vendor.display.enable_optimal_refresh_rate"
03-10 10:35:21.204 11449 11455 W orola.launcher3: ApkAssets: Deleting an ApkAssets object '<empty> and /data/app/~~HcKLRN8eS9MMcHryuW59FA==/com.alibaba.aliexpresshd-ei4AB6cCuO5NCO2Rp5eczw==/base.apk' with 1 weak references
03-10 10:35:21.204  5625  5625 W libc    : Access denied finding property "vendor.gpp.create_frc_extension"
03-10 10:35:21.204 11449 11455 W orola.launcher3: ApkAssets: Deleting an ApkAssets object '<empty> and /data/app/~~HcKLRN8eS9MMcHryuW59FA==/com.alibaba.aliexpresshd-ei4AB6cCuO5NCO2Rp5eczw==/split_aeocr.apk' with 1 weak references
03-10 10:35:21.204 11449 11455 W orola.launcher3: ApkAssets: Deleting an ApkAssets object '<empty> and /data/app/~~HcKLRN8eS9MMcHryuW59FA==/com.alibaba.aliexpresshd-ei4AB6cCuO5NCO2Rp5eczw==/split_aeocr.config.arm64_v8a.apk' with 1 weak references
03-10 10:35:21.204 11449 11455 W orola.launcher3: ApkAssets: Deleting an ApkAssets object '<empty> and /data/app/~~HcKLRN8eS9MMcHryuW59FA==/com.alibaba.aliexpresshd-ei4AB6cCuO5NCO2Rp5eczw==/split_aeocr.config.xxhdpi.apk' with 1 weak references
03-10 10:35:21.204 11449 11455 W orola.launcher3: ApkAssets: Deleting an ApkAssets object '<empty> and /data/app/~~HcKLRN8eS9MMcHryuW59FA==/com.alibaba.aliexpresshd-ei4AB6cCuO5NCO2Rp5eczw==/split_aiFoundation.apk' with 1 weak references
03-10 10:35:21.204 11449 11455 W orola.launcher3: ApkAssets: Deleting an ApkAssets object '<empty> and /data/app/~~HcKLRN8eS9MMcHryuW59FA==/com.alibaba.aliexpresshd-ei4AB6cCuO5NCO2Rp5eczw==/split_aiFoundation.config.arm64_v8a.apk' with 1 weak references
03-10 10:35:21.204 11449 11455 W orola.launcher3: ApkAssets: Deleting an ApkAssets object '<empty> and /data/app/~~HcKLRN8eS9MMcHryuW59FA==/com.alibaba.aliexpresshd-ei4AB6cCuO5NCO2Rp5eczw==/split_aiFoundation.config.xxhdpi.apk' with 1 weak references
03-10 10:35:21.204 11449 11455 W orola.launcher3: ApkAssets: Deleting an ApkAssets object '<empty> and /data/app/~~HcKLRN8eS9MMcHryuW59FA==/com.alibaba.aliexpresshd-ei4AB6cCuO5NCO2Rp5eczw==/split_com_android_vending_recoveryUpdate_7759935298805062846.apk' with 1 weak references
03-10 10:35:21.205 11449 11455 W orola.launcher3: ApkAssets: Deleting an ApkAssets object '<empty> and /data/app/~~HcKLRN8eS9MMcHryuW59FA==/com.alibaba.aliexpresshd-ei4AB6cCuO5NCO2Rp5eczw==/split_config.arm64_v8a.apk' with 1 weak references
03-10 10:35:21.205 11449 11455 W orola.launcher3: ApkAssets: Deleting an ApkAssets object '<empty> and /data/app/~~HcKLRN8eS9MMcHryuW59FA==/com.alibaba.aliexpresshd-ei4AB6cCuO5NCO2Rp5eczw==/split_config.xxhdpi.apk' with 1 weak references
03-10 10:35:21.205 11449 11455 W orola.launcher3: ApkAssets: Deleting an ApkAssets object '<empty> and /data/app/~~HcKLRN8eS9MMcHryuW59FA==/com.alibaba.aliexpresshd-ei4AB6cCuO5NCO2Rp5eczw==/split_ucSo.apk' with 1 weak references
03-10 10:35:21.205 11449 11455 W orola.launcher3: ApkAssets: Deleting an ApkAssets object '<empty> and /data/app/~~HcKLRN8eS9MMcHryuW59FA==/com.alibaba.aliexpresshd-ei4AB6cCuO5NCO2Rp5eczw==/split_ucSo.config.arm64_v8a.apk' with 1 weak references
03-10 10:35:21.205 11449 11455 W orola.launcher3: ApkAssets: Deleting an ApkAssets object '<empty> and /data/app/~~HcKLRN8eS9MMcHryuW59FA==/com.alibaba.aliexpresshd-ei4AB6cCuO5NCO2Rp5eczw==/split_ucSo.config.xxhdpi.apk' with 1 weak references
03-10 10:35:21.205 11449 11455 W orola.launcher3: ApkAssets: Deleting an ApkAssets object '<empty> and /data/app/~~HcKLRN8eS9MMcHryuW59FA==/com.alibaba.aliexpresshd-ei4AB6cCuO5NCO2Rp5eczw==/split_ugc.apk' with 1 weak references
03-10 10:35:21.205 11449 11455 W orola.launcher3: ApkAssets: Deleting an ApkAssets object '<empty> and /data/app/~~HcKLRN8eS9MMcHryuW59FA==/com.alibaba.aliexpresshd-ei4AB6cCuO5NCO2Rp5eczw==/split_ugc.config.arm64_v8a.apk' with 1 weak references
03-10 10:35:21.205 11449 11455 W orola.launcher3: ApkAssets: Deleting an ApkAssets object '<empty> and /data/app/~~HcKLRN8eS9MMcHryuW59FA==/com.alibaba.aliexpresshd-ei4AB6cCuO5NCO2Rp5eczw==/split_ugc.config.xxhdpi.apk' with 1 weak references
03-10 10:35:21.205  6942  6942 D NfcService: MSG_APPLY_SCREEN_STATE 1
03-10 10:35:21.205 11449 11455 W orola.launcher3: ApkAssets: Deleting an ApkAssets object '<empty> and /data/app/~~HcKLRN8eS9MMcHryuW59FA==/com.alibaba.aliexpresshd-ei4AB6cCuO5NCO2Rp5eczw==/split_wallet.apk' with 1 weak references
03-10 10:35:21.205 11449 11455 W orola.launcher3: ApkAssets: Deleting an ApkAssets object '<empty> and /data/app/~~HcKLRN8eS9MMcHryuW59FA==/com.alibaba.aliexpresshd-ei4AB6cCuO5NCO2Rp5eczw==/split_wallet.config.arm64_v8a.apk' with 1 weak references
03-10 10:35:21.205 11449 11455 W orola.launcher3: ApkAssets: Deleting an ApkAssets object '<empty> and /data/app/~~HcKLRN8eS9MMcHryuW59FA==/com.alibaba.aliexpresshd-ei4AB6cCuO5NCO2Rp5eczw==/split_wallet.config.xxhdpi.apk' with 1 weak references
03-10 10:35:21.205 11449 11455 W orola.launcher3: ApkAssets: Deleting an ApkAssets object '<empty> and /data/app/~~HcKLRN8eS9MMcHryuW59FA==/com.alibaba.aliexpresshd-ei4AB6cCuO5NCO2Rp5eczw==/split_widget.apk' with 1 weak references
03-10 10:35:21.205 11449 11455 W orola.launcher3: ApkAssets: Deleting an ApkAssets object '<empty> and /data/app/~~HcKLRN8eS9MMcHryuW59FA==/com.alibaba.aliexpresshd-ei4AB6cCuO5NCO2Rp5eczw==/split_widget.config.xxhdpi.apk' with 1 weak references
03-10 10:35:21.206 11449 11455 W orola.launcher3: ApkAssets: Deleting an ApkAssets object '<empty> and /data/app/~~i2KPzWTlFDkGhjby88yqMg==/com.squareup.cash-2ZtBWohde6v_rIdlGCrTiA==/base.apk' with 1 weak references
03-10 10:35:21.207 11449 11455 W orola.launcher3: ApkAssets: Deleting an ApkAssets object '<empty> and /data/app/~~i2KPzWTlFDkGhjby88yqMg==/com.squareup.cash-2ZtBWohde6v_rIdlGCrTiA==/split_config.arm64_v8a.apk' with 1 weak references
03-10 10:35:21.207 11449 11455 W orola.launcher3: ApkAssets: Deleting an ApkAssets object '<empty> and /data/app/~~i2KPzWTlFDkGhjby88yqMg==/com.squareup.cash-2ZtBWohde6v_rIdlGCrTiA==/split_config.en.apk' with 1 weak references
03-10 10:35:21.207 11449 11455 W orola.launcher3: ApkAssets: Deleting an ApkAssets object '<empty> and /data/app/~~i2KPzWTlFDkGhjby88yqMg==/com.squareup.cash-2ZtBWohde6v_rIdlGCrTiA==/split_config.xxhdpi.apk' with 1 weak references
03-10 10:35:21.207  3163  3352 D PowerManagerService: handleSandman ignore 0
03-10 10:35:21.207 11449 11455 W orola.launcher3: ApkAssets: Deleting an ApkAssets object '<empty> and /data/app/~~D6ZwBgaoeo7wyHtuidX0cw==/com.particlenews.newsbreak-ucR9L6QQaXbAdPuIT32jQw==/base.apk' with 1 weak references
03-10 10:35:21.208  6942  6942 D libnfc_nci: nfcManager_doSetScreenState: state = 1 prevScreenState= 8, discovry_param = 1
03-10 10:35:21.208 11449 11455 W orola.launcher3: ApkAssets: Deleting an ApkAssets object '<empty> and /data/app/~~D6ZwBgaoeo7wyHtuidX0cw==/com.particlenews.newsbreak-ucR9L6QQaXbAdPuIT32jQw==/split_config.arm64_v8a.apk' with 1 weak references
03-10 10:35:21.208  2582  8068 D NxpTml  : PN54X - Write requested.....
03-10 10:35:21.208  2582  8068 D NxpTml  : PN54X - Invoking I2C Write.....
03-10 10:35:21.208 11449 11455 W orola.launcher3: ApkAssets: Deleting an ApkAssets object '<empty> and /data/app/~~D6ZwBgaoeo7wyHtuidX0cw==/com.particlenews.newsbreak-ucR9L6QQaXbAdPuIT32jQw==/split_config.xxhdpi.apk' with 1 weak references
03-10 10:35:21.210  2582  8068 D NxpTml  : Write errno : 6b
03-10 10:35:21.210  2582  8068 D NxpTml  : PN54X - Error in I2C Write.....
03-10 10:35:21.210  2582  8068 D NxpTml  : PN54X - Posting Fresh Write message.....
03-10 10:35:21.210  2582  8068 D NxpTml  : PN54X - Tml Writer Thread Running................
03-10 10:35:21.210  2582  8070 D NxpHal  : write error status = 0x1ff
03-10 10:35:21.210  2582  2582 D NxpHal  : write_unlocked failed - PN54X Maybe in Standby Mode - Retry
03-10 10:35:21.212  5643 13675 D ApfFilter: (wlan0): Ignoring RA RA fe80::c294:35ff:fe71:84fd -> ff02::1 180s 2601:85:ca02:f280::/64 7200s/7200s DNS 180s 2601:85:ca02:f280:c294:35ff:fe71:84fd 2001:558:feed::1 2001:558:feed::2 RIO 180s ::/0  which matches RA fe80::c294:35ff:fe71:84fd -> ff02::1 180s 2601:85:ca02:f280::/64 7200s/7200s DNS 180s 2601:85:ca02:f280:c294:35ff:fe71:84fd 2001:558:feed::1 2001:558:feed::2 RIO 180s ::/0 
03-10 10:35:21.213 11449 11455 W System  : A resource failed to call release. 
03-10 10:35:21.213  2064  2064 I sensors-hal: batch:206, android.sensor.accelerometer/11, period=20000000, max_latency=0
03-10 10:35:21.213  2064  2064 I sensors-hal: set_config:57, sample_period_ns is adjusted to 20000000 based on min/max delay_ns
03-10 10:35:21.213  2064  2064 I sensors-hal: batch:215, android.sensor.accelerometer/11, period=20000000, max_latency=0 request completed
03-10 10:35:21.213 11449 11455 W System  : A resource failed to call release. 
03-10 10:35:21.213 11449 11455 W System  : A resource failed to call release. 
03-10 10:35:21.213  5625  5625 W View    : requestLayout() improperly called by com.android.keyguard.CarrierText{fc2afe4 V.ED..... ..S...ID 42,0-495,108 #7f0a04a7 app:id/keyguard_carrier_text} during layout: running second layout pass
03-10 10:35:21.213  5625  5625 W View    : requestLayout() improperly called by com.android.systemui.util.AutoMarqueeTextView{fcb050b VFED..C.. ..S...ID 205,0-571,126 #7f0a0686 app:id/no_carrier_text} during layout: running second layout pass
03-10 10:35:21.213  3163  3163 I PowerManagerService: onFlip(): Face up.
03-10 10:35:21.214 11449 11455 W orola.launcher3: ApkAssets: Deleting an ApkAssets object '<empty> and /data/app/~~Qj5mL28boUubg1GNIYv_5w==/com.opentable-brizENyq1HOPMRNeBzRJqA==/base.apk' with 1 weak references
03-10 10:35:21.214 11449 11455 W orola.launcher3: ApkAssets: Deleting an ApkAssets object '<empty> and /data/app/~~Qj5mL28boUubg1GNIYv_5w==/com.opentable-brizENyq1HOPMRNeBzRJqA==/split_config.arm64_v8a.apk' with 1 weak references
