03-13 09:49:17.861  2007  3645 I sensors-hal: handle_sns_client_event:182, lid_angle_fusion ts=236958426831228 ns value 2/ 96/3  96/3  -1/-1     0/    0/    0 (0/0/2/2 0.670/7.035/3.307 2.541/-0.919/11.433 33)
03-13 09:49:17.863  3003  4411 D SLocation: PositionManager - Active handleLocationChanged [G, A : 3.79, T : 1773409758000, ET : 236958405, E : DI, h : 21/26]
03-13 09:49:17.863  2007  2007 I sensors-hal: inject_sensor_data:407, handle 1502 send inject
03-13 09:49:17.863  2007  2007 I sensors-hal: sendContextData:290, sensor hal 5, (0xc1, 0x17, 0x3c, 0x12)
03-13 09:49:17.863  2007  2007 I sensors-hal: sendContextData:230, activities 5 c1, 1
03-13 09:49:17.863  2007  2007 I sensors-hal: sendUserData:251, Activities cmd 0xc1 0x17
03-13 09:49:17.863  2007  2007 I sensors-hal: create_send_context_data:80, sending create_send_context_data
03-13 09:49:17.863  2007  2007 I sensors-hal: send_context_data:694, activities, 4914309220830019584, 1320970896291267344, msgid:700
03-13 09:49:17.863  3003  4411 D SLocation: PositionManager - receive gps location
03-13 09:49:17.863  3003 21012 W ContextImpl: Calling a method in the system process without a qualified user: android.app.ContextImpl.sendBroadcast:1335 com.samsung.android.mocca.app.vehicle.AdvancedVehicleDetection.reportAdvancedVehicleEvent:185 com.samsung.android.mocca.app.vehicle.AdvancedVehicleDetection.handleLocEvent:277 com.samsung.android.mocca.app.vehicle.AdvancedVehicleDetection.p:0 D.e.h:136 
03-13 09:49:17.863  2007  3909 I sensors-hal: qsh_conn_resp_cb:930, resp_value = 0 for activities 
03-13 09:49:17.864 16161 16586 I FusedLocation: (REDACTED) location delivery to %s blocked - too close
03-13 09:49:17.864 16161 16586 I FusedLocation: (REDACTED) location delivery to %s blocked - too close
03-13 09:49:17.865  3003  4411 D SLocation: PositionManager - Passive handleLocationChanged [G, A : 3.79, T : 1773409758000, ET : 236958405, E : DI, h : 21/26]
03-13 09:49:17.865  3003  4411 D SLocation: PositionManager - receive gps location
03-13 09:49:17.865  3003  4411 D SLocation: LocationBuffer - receivedLocation - op[interval(min 60000, max 300000), waitTime 36000000, numOfUpdates 20, minDistance 200.0]dist : 13.43317 diffTime : 8422 filtered Location
03-13 09:49:17.865  3003  4411 D SLocation: BatchManager - received batch location buffered = false
03-13 09:49:17.865  3003  4411 D SLocation: DuplicateLocationChecker_BatchManager - gps is duplicated last gps location
03-13 09:49:17.865 32228 32228 I [CE]_ContextEngineReceiver: onReceive - ContextEngineReceiver onReceive action : com.samsung.android.mocca.ACTION_ADVANCED_VEHICLE_EVENT
03-13 09:49:17.865 32228 32228 I [CE]_ContextEngineReceiver: onReceive - ActivityDataManager intent : com.samsung.android.mocca.ACTION_ADVANCED_VEHICLE_EVENT
03-13 09:49:17.866 32228 32228 I [CE]_MovingContextProvider: onReceive - Advanced Vehicle Context received: 18, 2
03-13 09:49:17.866 32228 32228 I [CE]_CarContextProvider: onReceive - Advanced Vehicle Context received: 18, 2
03-13 09:49:17.866 16161 16586 I FusedLocation: (REDACTED) location delivery to %s blocked - too fast
03-13 09:49:17.867 16161 16586 I FusedLocation: (REDACTED) location delivery to %s blocked - too close
03-13 09:49:17.867 16161 16586 I FusedLocation: (REDACTED) location delivery to %s blocked - too close
03-13 09:49:17.867  3003  4411 D SLocation: PositionManager - Passive handleLocationChanged [F, A : 3.79, T : 1773409757840, ET : 236958405, h : 21/26]
03-13 09:49:17.868  3003  4411 D SLocation: PositionManager - receive fused location
03-13 09:49:17.868  3003  4411 D SLocation: DuplicateLocationChecker_GeofenceLocationFilter - fused is duplicated last fused location
03-13 09:49:17.868  3003  4411 D SLocation: DuplicateLocationChecker_BatchManager - fused is duplicated last gps location
03-13 09:49:17.870  5490  5568 I GmsPassiveListener_FLP: onGmsLocationChanged, provider=fused / speed=0.01602493 / time=1773409757840 / elapsed=236958405831052
03-13 09:49:17.877  2022  2124 I HYPER-HAL: [RequestManager.cpp]acquire(): Acquired ID : 147857780  [2025 / 15170]    HINT :      list : [UCLAMP_MIN_BOOST / 50] [TID / 20902] [TID / 20903] [TID / 20718] [TID / 20881] 
03-13 09:49:17.879  2022  2124 I HYPER-HAL: [RequestManager.cpp]acquire(): Acquired ID : 147857780  [2025 / 15170]    HINT :      list : [UCLAMP_MIN_BOOST / 100] [TID / 20902] [TID / 20903] [TID / 20718] [TID / 20881] 
03-13 09:49:17.882  2022  2124 I HYPER-HAL: [RequestManager.cpp]acquire(): Acquired ID : 147857780  [2025 / 15170]    HINT :      list : [UCLAMP_MIN_BOOST / 150] [TID / 20902] [TID / 20903] [TID / 20718] [TID / 20881] 
03-13 09:49:17.883  2022  2124 I HYPER-HAL: [RequestManager.cpp]acquire(): Acquired ID : 147857780  [2025 / 15170]    HINT :      list : [UCLAMP_MIN_BOOST / 200] [TID / 20902] [TID / 20903] [TID / 20718] [TID / 20881] 
03-13 09:49:17.888 20718 20718 D SV[47545857 MwmActivity]: updateSurface: surface is not valid
03-13 09:49:17.888 20718 20718 I SV[47545857 MwmActivity]: releaseSurfaces: viewRoot = VRI[MwmActivity]@4e8a8ae
03-13 09:49:17.888 20718 20718 D VRI[MwmActivity]@4e8a8ae: applyTransactionOnDraw applyImmediately
03-13 09:49:17.891 20718 20718 D SV[47545857 MwmActivity]: updateSurface: surface is not valid
03-13 09:49:17.891 20718 20718 I SV[47545857 MwmActivity]: releaseSurfaces: viewRoot = VRI[MwmActivity]@4e8a8ae
03-13 09:49:17.891 20718 20718 D VRI[MwmActivity]@4e8a8ae: applyTransactionOnDraw applyImmediately
03-13 09:49:17.893  4832 13153 I HoneySpace.DeviceStateUseCase: update: DeviceState(naviMode=THREE_BUTTON, navigationBarHeight=144, hint=true, transparentHint=false, rotation=0, displayId=0, displaySize=Point(1080, 2640), displayCutout=DisplayCutout{insets=Rect(0, 94 - 0, 0) waterfall=Insets{left=0, top=0, right=0, bottom=0} boundingRect={Bounds=[Rect(0, 0 - 0, 0), Rect(505, 0 - 576, 94), Rect(0, 0 - 0, 0), Rect(0, 0 - 0, 0)]} cutoutPathParserInfo={CutoutPathParserInfo{displayWidth=1080 displayHeight=2640 physicalDisplayWidth=1080 physicalDisplayHeight=2640 density={3.0} cutoutSpec={M 0,0 H -11.83333333333333 V 31.33333333333333 H 11.83333333333333 V 0 H 0 Z @dp} rotation={0} scale={1.0} physicalPixelDisplaySizeRatio={1.0}}} sideOverrides={}}, isNavCanMove=true, isTablet=false, extraDisplayInfo=ExtraDisplayInfo(rotation=0, displayId=1, displaySize=Point(748, 720), displayCutout=DisplayCutout{insets=Rect(0, 0 - 0, 66) waterfall=Insets{left=0, top=0, right=0, bottom=0} boundingRect={Bounds=[Rect(0, 0 - 0, 0), Rect(0, 0 - 0, 0), Rect(0, 0 - 0, 0), Rect(379, 654 - 748, 720)]} cutoutPathParserInfo={CutoutPathParserInfo{displayWidth=748 displayHeight=720 physicalDisplayWidth=748 physicalDisplayHeight=720 density={2.125} cutoutSpec={@bottom @right M 0,0 H -173.6470588235294 V -31.05882352941176 H 0 V 0 Z @dp} rotation={0} scale={1.0} physicalPixelDisplaySizeRatio={1.0}}} sideOverrides={}}, foldState=2), enableOverlayWindow=false)
03-13 09:49:17.893  4832  4832 I HoneySpace.GestureInputHandler: deviceState changed DeviceState(naviMode=THREE_BUTTON, navigationBarHeight=144, hint=true, transparentHint=false, rotation=0, displayId=0, displaySize=Point(1080, 2640), displayCutout=DisplayCutout{insets=Rect(0, 94 - 0, 0) waterfall=Insets{left=0, top=0, right=0, bottom=0} boundingRect={Bounds=[Rect(0, 0 - 0, 0), Rect(505, 0 - 576, 94), Rect(0, 0 - 0, 0), Rect(0, 0 - 0, 0)]} cutoutPathParserInfo={CutoutPathParserInfo{displayWidth=1080 displayHeight=2640 physicalDisplayWidth=1080 physicalDisplayHeight=2640 density={3.0} cutoutSpec={M 0,0 H -11.83333333333333 V 31.33333333333333 H 11.83333333333333 V 0 H 0 Z @dp} rotation={0} scale={1.0} physicalPixelDisplaySizeRatio={1.0}}} sideOverrides={}}, isNavCanMove=true, isTablet=false, extraDisplayInfo=ExtraDisplayInfo(rotation=0, displayId=1, displaySize=Point(748, 720), displayCutout=DisplayCutout{insets=Rect(0, 0 - 0, 66) waterfall=Insets{left=0, top=0, right=0, bottom=0} boundingRect={Bounds=[Rect(0, 0 - 0, 0), Rect(0, 0 - 0, 0), Rect(0, 0 - 0, 0), Rect(379, 654 - 748, 720)]} cutoutPathParserInfo={CutoutPathParserInfo{displayWidth=748 displayHeight=720 physicalDisplayWidth=748 physicalDisplayHeight=720 density={2.125} cutoutSpec={@bottom @right M 0,0 H -173.6470588235294 V -31.05882352941176 H 0 V 0 Z @dp} rotation={0} scale={1.0} physicalPixelDisplaySizeRatio={1.0}}} sideOverrides={}}, foldState=2), enableOverlayWindow=false)
03-13 09:49:17.893  4832  4832 I HoneySpace.RegionManagerImpl: changeTouchRegion() called with: com.honeyspace.gesture.region.NoGestureTouchRegion@1fb0a to DeviceState(naviMode=THREE_BUTTON, navigationBarHeight=144, hint=true, transparentHint=false, rotation=0, displayId=0, displaySize=Point(1080, 2640), displayCutout=DisplayCutout{insets=Rect(0, 94 - 0, 0) waterfall=Insets{left=0, top=0, right=0, bottom=0} boundingRect={Bounds=[Rect(0, 0 - 0, 0), Rect(505, 0 - 576, 94), Rect(0, 0 - 0, 0), Rect(0, 0 - 0, 0)]} cutoutPathParserInfo={CutoutPathParserInfo{displayWidth=1080 displayHeight=2640 physicalDisplayWidth=1080 physicalDisplayHeight=2640 density={3.0} cutoutSpec={M 0,0 H -11.83333333333333 V 31.33333333333333 H 11.83333333333333 V 0 H 0 Z @dp} rotation={0} scale={1.0} physicalPixelDisplaySizeRatio={1.0}}} sideOverrides={}}, isNavCanMove=true, isTablet=false, extraDisplayInfo=ExtraDisplayInfo(rotation=0, displayId=1, displaySize=Point(748, 720), displayCutout=DisplayCutout{insets=Rect(0, 0 - 0, 66) waterfall=Insets{left=0, top=0, right=0, bottom=0} boundingRect={Bounds=[Rect(0, 0 - 0, 0), Rect(0, 0 - 0, 0), Rect(0, 0 - 0, 0), Rect(379, 654 - 748, 720)]} cutoutPathParserInfo={CutoutPathParserInfo{displayWidth=748 displayHeight=720 physicalDisplayWidth=748 physicalDisplayHeight=720 density={2.125} cutoutSpec={@bottom @right M 0,0 H -173.6470588235294 V -31.05882352941176 H 0 V 0 Z @dp} rotation={0} scale={1.0} physicalPixelDisplaySizeRatio={1.0}}} sideOverrides={}}, foldState=2), enableOverlayWindow=false)
03-13 09:49:17.894  3003  7124 D TspStateManager: holeName: HomeGesture, direction: 0, startY: 0, endY: 0
03-13 09:49:17.894  4832  4832 I DeadZoneHole: resetDeadZoneHole
03-13 09:49:17.894  4832  4832 I HoneySpace.RegionManagerImpl: resetSwipeRegion. RectF(0.0, 0.0, 0.0, 0.0), RectF(0.0, 0.0, 0.0, 0.0)
03-13 09:49:17.901  2007 12669 I sensors-hal: handle_sns_client_event:94, folding_angle ts=236958466833311 ns value  83/0 (0/0/2/2 0.536/6.949/0.282 1.421/-1.675/10.605 22 0)
03-13 09:49:17.901  2007  3645 I sensors-hal: handle_sns_client_event:182, lid_angle_fusion ts=236958466833311 ns value 2/ 83/3  83/3  -1/-1     0/    0/    0 (0/0/2/2 0.378/7.557/-2.240 1.421/-1.675/10.605 31)
03-13 09:49:17.907 20718 20718 D SV[47545857 MwmActivity]: updateSurface: surface is not valid
03-13 09:49:17.907 20718 20718 I SV[47545857 MwmActivity]: releaseSurfaces: viewRoot = VRI[MwmActivity]@4e8a8ae
03-13 09:49:17.907 20718 20718 D VRI[MwmActivity]@4e8a8ae: applyTransactionOnDraw applyImmediately
03-13 09:49:17.924 20718 20718 D SV[47545857 MwmActivity]: updateSurface: surface is not valid
03-13 09:49:17.924 20718 20718 I SV[47545857 MwmActivity]: releaseSurfaces: viewRoot = VRI[MwmActivity]@4e8a8ae
03-13 09:49:17.924 20718 20718 D VRI[MwmActivity]@4e8a8ae: applyTransactionOnDraw applyImmediately
03-13 09:49:17.940 20718 20718 D SV[47545857 MwmActivity]: updateSurface: surface is not valid
03-13 09:49:17.940 20718 20718 I SV[47545857 MwmActivity]: releaseSurfaces: viewRoot = VRI[MwmActivity]@4e8a8ae
03-13 09:49:17.940 20718 20718 D VRI[MwmActivity]@4e8a8ae: applyTransactionOnDraw applyImmediately
03-13 09:49:17.941  2007 12669 I sensors-hal: handle_sns_client_event:94, folding_angle ts=236958506835134 ns value  57/0 (0/0/2/2 0.062/8.748/-5.499 1.029/-1.895/9.906 19 0)
03-13 09:49:17.942  2007  3645 I sensors-hal: handle_sns_client_event:182, lid_angle_fusion ts=236958506837478 ns value 1/ 57/3  57/3  -1/-1     0/    0/    0 (0/0/2/2 0.105/8.935/-6.116 1.029/-1.895/9.906 28)
03-13 09:49:17.942  2007  3645 I sensors-hal: handle_sns_client_event:206, lid_angle_fusion submit_sensors_hal_event 1/ 57/3  57/3
03-13 09:49:17.946  3003  3003 D DeviceStatePolicy: notifyDeviceStateChangedIfNeeded: newState=1, lastState=2, caller=com.android.server.policy.FlexibleDeviceStatePolicy.adjustState:57 com.android.server.policy.FlexibleDeviceStateProvider.notifyDeviceStateChangedIfNeeded:90 com.android.server.policy.FlexibleDeviceStateProvider.onSensorChanged:21 
03-13 09:49:17.946  3003  3003 D SemInputDeviceManager: setProperty: TSP_SUB(2) CMD,ALWAYS_LOW_POWER_MODE,1
03-13 09:49:17.947  3003  3993 D SemInputDevice:TSP_SUB: SetPropertyTask: CMD,set_always_lpm,1 [03-13 09:49:17.946]
03-13 09:49:17.949  2071  2128 I sysinput:aidl: onReportInformation:93, 2, cmd@set_always_lpm,1:0
03-13 09:49:17.950  3003  3993 D SysinputHAL_AIDL: setProperty(TSP_SUB(2)): CMD, set_always_lpm,1 ret=0
03-13 09:49:17.950  2071  2128 I sysinput:Touch2: operator():237, OK
03-13 09:49:17.957 20718 20718 D SV[47545857 MwmActivity]: updateSurface: surface is not valid
03-13 09:49:17.957 20718 20718 I SV[47545857 MwmActivity]: releaseSurfaces: viewRoot = VRI[MwmActivity]@4e8a8ae
03-13 09:49:17.957 20718 20718 D VRI[MwmActivity]@4e8a8ae: applyTransactionOnDraw applyImmediately
03-13 09:49:17.974 20718 20718 D SV[47545857 MwmActivity]: updateSurface: surface is not valid
03-13 09:49:17.974 20718 20718 I SV[47545857 MwmActivity]: releaseSurfaces: viewRoot = VRI[MwmActivity]@4e8a8ae
03-13 09:49:17.974 20718 20718 D VRI[MwmActivity]@4e8a8ae: applyTransactionOnDraw applyImmediately
03-13 09:49:17.981  2007 12669 I sensors-hal: handle_sns_client_event:94, folding_angle ts=236958546846592 ns value  46/0 (0/0/2/2 -0.364/6.494/-7.327 0.804/-2.130/10.126 17 0)
03-13 09:49:17.981  2007  3645 I sensors-hal: handle_sns_client_event:182, lid_angle_fusion ts=236958546846072 ns value 1/ 46/3  46/3  -1/-1     0/    0/    0 (0/0/2/2 -0.426/6.236/-6.432 0.804/-2.130/10.126 26)
03-13 09:49:17.986  3003  3130 D PowerManagerService: displayReady: false groupId=0
03-13 09:49:17.987  3003  3130 D DisplayPowerController[0]: animateScreenStateChange: target=ON, mIsEnabled=true
03-13 09:49:17.987  3003  3130 D DisplayPowerController[1]: animateScreenStateChange: target=OFF, mIsEnabled=false
03-13 09:49:17.987  3003  3130 D PowerManagerService: displayReady: true groupId=0
03-13 09:49:17.990 20718 20718 D SV[47545857 MwmActivity]: updateSurface: surface is not valid
03-13 09:49:17.990 20718 20718 I SV[47545857 MwmActivity]: releaseSurfaces: viewRoot = VRI[MwmActivity]@4e8a8ae
03-13 09:49:17.990 20718 20718 D VRI[MwmActivity]@4e8a8ae: applyTransactionOnDraw applyImmediately
03-13 09:49:18.005  3003  7124 D SemContextService: lock : requestToUpdate
03-13 09:49:18.006  3003  7124 W CAE     : setCAProperty(ContextAwareService.java:509) - [setProperty 01] Mutex is locked for CH_LOC_TRIGGER
03-13 09:49:18.007 20718 20718 D SV[47545857 MwmActivity]: updateSurface: surface is not valid
03-13 09:49:18.007 20718 20718 I SV[47545857 MwmActivity]: releaseSurfaces: viewRoot = VRI[MwmActivity]@4e8a8ae
03-13 09:49:18.007 20718 20718 D VRI[MwmActivity]@4e8a8ae: applyTransactionOnDraw applyImmediately
03-13 09:49:18.007  3003  3911 D SensorService: setSContextDataLocked ints length 2 , byte length 4
03-13 09:49:18.007  3003  3911 D SensorService: setSContextDataLocked 3db8
03-13 09:49:18.008  2007  2007 I sensors-hal: inject_sensor_data:407, handle 1502 send inject
03-13 09:49:18.008  2007  2007 I sensors-hal: sendContextData:290, sensor hal 4, (0xb8, 0x3d, 0x0, 0x0)
03-13 09:49:18.008  2007  2007 I sensors-hal: sendContextData:131, change_location_trigger 4,184
03-13 09:49:18.008  2007  2007 I sensors-hal: sendUserData:118, change_location_trigger h 184 m 61 s 0
03-13 09:49:18.008  2007  2007 I sensors-hal: create_send_context_data:66, change_location_trigger create_send_context_data
03-13 09:49:18.008  2007  2007 I sensors-hal: send_context_data:694, change_location_trigger, -244018566922240, 1320970896291267344, msgid:700
03-13 09:49:18.009  2007  3909 I sensors-hal: qsh_conn_resp_cb:930, resp_value = 0 for change_location_trigger 
03-13 09:49:18.010  3003  7124 W CAE     : setCAProperty(ContextAwareService.java:515) - [setProperty 02] Mutex is unlocked for CH_LOC_TRIGGER
03-13 09:49:18.010  3003  7124 D SemContextService:     .requestToUpdate() : service = Location Change Trigger
03-13 09:49:18.010  3003  7124 D SemContextService: unlock : requestToUpdate
03-13 09:49:18.010  3003  7124 D SemContextManager:   .requestToUpdate : listener = com.android.server.location.nsflp.NSLocationMonitor$5@d8278d1, service=Location Change Trigger
03-13 09:49:18.010  5490  7699 I NewStopController_FLP: StateChecker, check stationary message
03-13 09:49:18.021  2007 12669 I sensors-hal: handle_sns_client_event:94, folding_angle ts=236958586866332 ns value  30/0 (0/0/2/2 -2.536/5.183/-3.551 -0.799/-2.144/9.677 15 0)
03-13 09:49:18.021  2007  3645 I sensors-hal: handle_sns_client_event:182, lid_angle_fusion ts=236958586916853 ns value 1/ 30/3  30/3  -1/-1     0/    0/    0 (0/0/2/2 -2.201/5.537/-3.608 -0.799/-2.144/9.677 24)
03-13 09:49:18.024 20718 20718 D SV[47545857 MwmActivity]: updateSurface: surface is not valid
03-13 09:49:18.024 20718 20718 I SV[47545857 MwmActivity]: releaseSurfaces: viewRoot = VRI[MwmActivity]@4e8a8ae
03-13 09:49:18.024 20718 20718 D VRI[MwmActivity]@4e8a8ae: applyTransactionOnDraw applyImmediately
03-13 09:49:18.034  2022  2124 I HYPER-HAL: [RequestManager.cpp]acquire(): Acquired ID : 147857780  [2025 / 15170]    HINT :      list : [UCLAMP_MIN_BOOST / 0] [TID / 20902] [TID / 20903] [TID / 20718] [TID / 20881] 
03-13 09:49:18.034  2007  3909 I sensors-hal: qsh_conn_event_cb:890, event[0] sensor:change_location_trigger  Wakeup, msg_id=1025, ts=4549705737606
03-13 09:49:18.034  2007  3909 I sensors-hal: handle_sns_client_event:85, change_location_trigger_event: msgid:1025
03-13 09:49:18.034  2007  3909 I sensors-hal: handle_sns_client_event:108, change_location_trigger_event: 255, 255
03-13 09:49:18.038  3003  3907 D CAE     : onGetSensorHubData(SensorHubParserProvider.java:92) - onGetSensorHubData Event [event buffer len :15], AP_WAKEUP
03-13 09:49:18.038  3003  3907 I CAE     : parse(SensorHubParserProvider.java:188) - buffer size = 15
03-13 09:49:18.038  3003  3907 I CAE     : parse(SensorHubParserProvider.java:199) - 1, 1, 61, -1, 0, 2, 1, 0, 0, 0, 1, 0, 0, 0, 0,
03-13 09:49:18.038  3003  3907 D CAE     : display(ContextProvider.java:375) - ================= CH_LOC_TRIGGER =================
03-13 09:49:18.039  3003  3907 I CAE     : display(ContextProvider.java:391) - duration=[1], property=[1], result=[2], reserved=[0]
03-13 09:49:18.041  3003  3904 D SemContextService: Service.updateContext() : service = Location Change Trigger
03-13 09:49:18.041 20718 20718 D SV[47545857 MwmActivity]: updateSurface: surface is not valid
03-13 09:49:18.041 20718 20718 I SV[47545857 MwmActivity]: releaseSurfaces: viewRoot = VRI[MwmActivity]@4e8a8ae
03-13 09:49:18.041 20718 20718 D VRI[MwmActivity]@4e8a8ae: applyTransactionOnDraw applyImmediately
03-13 09:49:18.041  3003  3952 D SemContextManager: onSemContextChanged() : event = Location Change Trigger
03-13 09:49:18.041  3003  3952 D NSLocationMonitor: onSemContextChanged, activity : 1 result : 2 movement : 1
03-13 09:49:18.057 20718 20718 D SV[47545857 MwmActivity]: updateSurface: surface is not valid
03-13 09:49:18.057 20718 20718 I SV[47545857 MwmActivity]: releaseSurfaces: viewRoot = VRI[MwmActivity]@4e8a8ae
03-13 09:49:18.057 20718 20718 D VRI[MwmActivity]@4e8a8ae: applyTransactionOnDraw applyImmediately
03-13 09:49:18.073 20718 20718 D SV[47545857 MwmActivity]: updateSurface: surface is not valid
03-13 09:49:18.074 20718 20718 I SV[47545857 MwmActivity]: releaseSurfaces: viewRoot = VRI[MwmActivity]@4e8a8ae
03-13 09:49:18.074 20718 20718 D VRI[MwmActivity]@4e8a8ae: applyTransactionOnDraw applyImmediately
03-13 09:49:18.090 20718 20718 D SV[47545857 MwmActivity]: updateSurface: surface is not valid
03-13 09:49:18.090 20718 20718 I SV[47545857 MwmActivity]: releaseSurfaces: viewRoot = VRI[MwmActivity]@4e8a8ae
03-13 09:49:18.090 20718 20718 D VRI[MwmActivity]@4e8a8ae: applyTransactionOnDraw applyImmediately
03-13 09:49:18.101  2007 12669 I sensors-hal: handle_sns_client_event:94, folding_angle ts=236958666818780 ns value  13/0 (0/0/2/2 -0.297/1.354/-10.538 -0.632/-1.067/9.528 10 0)
03-13 09:49:18.101  2007  3645 I sensors-hal: handle_sns_client_event:182, lid_angle_fusion ts=236958666816697 ns value 1/ 13/3  13/3  -1/-1     0/    0/    0 (0/0/2/2 -0.383/1.364/-10.375 -0.632/-1.067/9.528 19)
03-13 09:49:18.102  3003  3067 D InputManager: mFoldingAngleListener: state changed, angle = 13.0, state = 0
03-13 09:49:18.109 20718 20718 D SV[47545857 MwmActivity]: updateSurface: surface is not valid
03-13 09:49:18.109 20718 20718 I SV[47545857 MwmActivity]: releaseSurfaces: viewRoot = VRI[MwmActivity]@4e8a8ae
03-13 09:49:18.109 20718 20718 D VRI[MwmActivity]@4e8a8ae: applyTransactionOnDraw applyImmediately
03-13 09:49:18.124 20718 20718 D SV[47545857 MwmActivity]: updateSurface: surface is not valid
03-13 09:49:18.124 20718 20718 I SV[47545857 MwmActivity]: releaseSurfaces: viewRoot = VRI[MwmActivity]@4e8a8ae
03-13 09:49:18.124 20718 20718 D VRI[MwmActivity]@4e8a8ae: applyTransactionOnDraw applyImmediately
03-13 09:49:18.128  2097  2125 E HeatmapThread: ECT Thread time in milliseconds: 1773409758
03-13 09:49:18.133  2097  2125 D HeatmapThread: !@ batteryplugType : 2
03-13 09:49:18.134  2097  2125 D HeatmapThread: !@ batteryLevel : 100  batteryTemperature : 335 
03-13 09:49:18.134  2097  2125 D HeatmapThread: !@ Heatmap currtime: 29556829
03-13 09:49:18.134  2097  2125 D HeatmapThread: !@ Heatmap prevtime: 29556800
03-13 09:49:18.134  2097  2125 D HeatmapThread: !@ Heatmap plugstarttime: 29556690
03-13 09:49:18.134  2097  2125 D HeatmapThread: !@ Heatmap prevv_dsoh_update_time: 29556810
03-13 09:49:18.135  2097  2125 E HeatmapThread: !@ CAM New BSOH: 100
03-13 09:49:18.135  2097  2125 E HeatmapThread: !@ CAM is Working
03-13 09:49:18.140 20718 20718 D SV[47545857 MwmActivity]: updateSurface: surface is not valid
03-13 09:49:18.140 20718 20718 I SV[47545857 MwmActivity]: releaseSurfaces: viewRoot = VRI[MwmActivity]@4e8a8ae
03-13 09:49:18.140 20718 20718 D VRI[MwmActivity]@4e8a8ae: applyTransactionOnDraw applyImmediately
03-13 09:49:18.157 20718 20718 D SV[47545857 MwmActivity]: updateSurface: surface is not valid
03-13 09:49:18.157 20718 20718 I SV[47545857 MwmActivity]: releaseSurfaces: viewRoot = VRI[MwmActivity]@4e8a8ae
03-13 09:49:18.157 20718 20718 D VRI[MwmActivity]@4e8a8ae: applyTransactionOnDraw applyImmediately
03-13 09:49:18.174 20718 20718 D SV[47545857 MwmActivity]: updateSurface: surface is not valid
03-13 09:49:18.174 20718 20718 I SV[47545857 MwmActivity]: releaseSurfaces: viewRoot = VRI[MwmActivity]@4e8a8ae
03-13 09:49:18.174 20718 20718 D VRI[MwmActivity]@4e8a8ae: applyTransactionOnDraw applyImmediately
03-13 09:49:18.181  2007  3645 I sensors-hal: handle_sns_client_event:182, lid_angle_fusion ts=236958746830655 ns value 0/  3/3   3/3  -1/-1     0/    0/    0 (0/0/2/2 0.622/0.091/-11.648 0.498/-0.727/10.294 14)
03-13 09:49:18.181  2007  3645 I sensors-hal: handle_sns_client_event:206, lid_angle_fusion submit_sensors_hal_event 0/  3/3   3/3
03-13 09:49:18.185  3003  3003 E FlexibleDeviceStateProvider: No declared device states match any of the required conditions.
03-13 09:49:18.185  3003  3003 I FlexibleDeviceStateProvider: LidSwitch mIsLidOpen: true
03-13 09:49:18.185  3003  3003 I FlexibleDeviceStateProvider: Sensor values:
03-13 09:49:18.185  3003  3003 I FlexibleDeviceStateProvider: lid_angle_fusion  Wakeup : [0.0, 3.0, 3.0]
03-13 09:49:18.185  3003  3003 I FlexibleDeviceStateProvider: isScreenOn: false
03-13 09:49:18.185  3003  3003 D DeviceStatePolicy: notifyDeviceStateChangedIfNeeded: newState=-1, lastState=2, caller=com.android.server.policy.FlexibleDeviceStatePolicy.adjustState:57 com.android.server.policy.FlexibleDeviceStateProvider.notifyDeviceStateChangedIfNeeded:90 com.android.server.policy.FlexibleDeviceStateProvider.onSensorChanged:21 
03-13 09:49:18.188  3003  3130 D PowerManagerService: displayReady: false groupId=0
03-13 09:49:18.188  3003  3130 D DisplayPowerController[0]: animateScreenStateChange: target=ON, mIsEnabled=true
03-13 09:49:18.188  3003  3130 D DisplayPowerController[1]: animateScreenStateChange: target=OFF, mIsEnabled=false
03-13 09:49:18.189  3003  3130 D PowerManagerService: displayReady: true groupId=0
03-13 09:49:18.190 20718 20718 D SV[47545857 MwmActivity]: updateSurface: surface is not valid
03-13 09:49:18.190 20718 20718 I SV[47545857 MwmActivity]: releaseSurfaces: viewRoot = VRI[MwmActivity]@4e8a8ae
03-13 09:49:18.190 20718 20718 D VRI[MwmActivity]@4e8a8ae: applyTransactionOnDraw applyImmediately
03-13 09:49:18.207 20718 20718 D SV[47545857 MwmActivity]: updateSurface: surface is not valid
03-13 09:49:18.207 20718 20718 I SV[47545857 MwmActivity]: releaseSurfaces: viewRoot = VRI[MwmActivity]@4e8a8ae
03-13 09:49:18.207 20718 20718 D VRI[MwmActivity]@4e8a8ae: applyTransactionOnDraw applyImmediately
03-13 09:49:18.217  3003  3661 D InputReader: Input event [EV_SW](9): code=0x0, value=1, when=61042.284255
03-13 09:49:18.218  3003  3661 D InputReader: processSwitch() : elapsed time = 0ms, switchCode=0
03-13 09:49:18.218  3003  3661 D InputManager: notifySwitch: values=1, mask=1
03-13 09:49:18.219  3003  3661 D DeviceStatePolicy: notifyDeviceStateChangedIfNeeded: newState=0, lastState=2, caller=com.android.server.policy.FlexibleDeviceStatePolicy.adjustState:57 com.android.server.policy.FlexibleDeviceStateProvider.notifyDeviceStateChangedIfNeeded:90 com.android.server.policy.FlexibleDeviceStateProvider.notifyLidSwitchChanged:40 
03-13 09:49:18.219  3003  3661 D SemInputDeviceManager: setProperty: TSP_SUB(2) CMD,ALWAYS_LOW_POWER_MODE,0
03-13 09:49:18.219  3003  3661 D DeviceStateManagerService: onStateChanged identifier = 0
03-13 09:49:18.220  3003  3661 W OverrideRequestController: Attempted to cancel a null OverrideRequest
03-13 09:49:18.220  3003  3661 I DeviceStateManagerService: Cannot notify device state info change when pending state is present.
03-13 09:49:18.220  3003  3661 D DeviceStatePolicy: updateFoldingSensorListenerLw, foldOpen=false, awake=true, isTableModeEnabled=true, forceOff=false, caller=com.android.server.policy.FlexibleDeviceStateProvider.notifyDeviceStateChangedIfNeeded:146 com.android.server.policy.FlexibleDeviceStateProvider.notifyLidSwitchChanged:40 com.android.server.input.InputManagerService.notifySwitch:103 <bottom of call stack> <bottom of call stack> <bottom of call stack> <bottom of call stack> <bottom of call stack> <bottom of call stack> <bottom of call stack> 
03-13 09:49:18.220  3003  3993 D SemInputDevice:TSP_SUB: SetPropertyTask: CMD,set_always_lpm,0 [03-13 09:49:18.219]
03-13 09:49:18.221  3003  3067 D DeviceStateManagerService: Committing state: DeviceState{identifier=0, name='CLOSED', app_accessible=false, cancel_when_requester_not_on_top=false}
03-13 09:49:18.221  2007 12669 I sensors-hal: handle_sns_client_event:94, folding_angle ts=236958786828884 ns value   0/0 (0/0/2/2 -1.278/1.484/-7.480 -1.149/-1.881/9.782 3 0)
03-13 09:49:18.222  2007  2007 I sensors-hal: activate:300, com.samsung.sensor.folding_state/2592 en=0
03-13 09:49:18.222  3003  3067 D DeviceStateManagerGlobal: handleDeviceStateInfoChanged state=DeviceState{identifier=0, name='CLOSED', app_accessible=false, cancel_when_requester_not_on_top=false}, baseState=DeviceState{identifier=0, name='CLOSED', app_accessible=false, cancel_when_requester_not_on_top=false}
03-13 09:49:18.223  3003  3003 D NotificationService: mFoldState = false, isFolded = true
03-13 09:49:18.223  3003  3130 D PowerManagerService: onStateChanged: mDualScreenPolicy=1
03-13 09:49:18.223  3003  3647 I CameraService_worker: Fold state changed, DeviceState{identifier=0, name='CLOSED', app_accessible=false, cancel_when_requester_not_on_top=false}
03-13 09:49:18.224 20718 20718 D SV[47545857 MwmActivity]: updateSurface: surface is not valid
03-13 09:49:18.224 20718 20718 I SV[47545857 MwmActivity]: releaseSurfaces: viewRoot = VRI[MwmActivity]@4e8a8ae
03-13 09:49:18.224 20718 20718 D VRI[MwmActivity]@4e8a8ae: applyTransactionOnDraw applyImmediately
03-13 09:49:18.224  2094  8548 D AudioFlinger: setParameters: filtered dev setParameters keyvalue l_hw_folder_state=0
03-13 09:49:18.224  4184  4869 D DeviceStateManagerGlobal: handleDeviceStateInfoChanged state=DeviceState{identifier=0, name='CLOSED', app_accessible=false, cancel_when_requester_not_on_top=false}, baseState=DeviceState{identifier=0, name='CLOSED', app_accessible=false, cancel_when_requester_not_on_top=false}
03-13 09:49:18.224  3003  3003 D SemDisplaySolutionManagerService: uid : 1000 , pid : 3003 , name : extra_brightness_off
03-13 09:49:18.224  3003  3647 I CameraService_worker: NotifyDeviceStateChange 0x6, sync(false)
03-13 09:49:18.224  1992 29060 V sec_audio_hw: sec_dev_set_parameters : l_hw_folder_state=0
03-13 09:49:18.225  3003  3003 D SemDisplaySolutionManagerService: where : application what : DEFAULT setScreenBrightnessScaleFactor(1.0) , mBrightnessCompensation : 1.0 , PMS value : 1.0
03-13 09:49:18.225  1992 29060 D AHAL: AudioDevice: SetParameters: 1865: enter
03-13 09:49:18.225  3003  3003 D PowerManagerService: [api] setScreenBrightnessScaleFactor: scaleFactor: 1.0 (uid: 1000 pid: 3003)
03-13 09:49:18.225  1992 29060 D AHAL: AudioVoice: VoiceSetParameters: 200: Enter
03-13 09:49:18.225  1992 29060 D AHAL: AudioVoice: VoiceSetParameters: 479: Exit ret: 0
03-13 09:49:18.225  1992 29060 D AHAL: SecAudioDevice: SetFolderState: 1258: Folding(Flip) state changed, fold close, flex off
03-13 09:49:18.225  1992 29060 D AHAL: hfp: hfp_set_parameters: 444: enter
03-13 09:49:18.225  1992 29060 D AHAL: AudioDevice: SetParameters: 2798: exit: l_hw_folder_state=0
03-13 09:49:18.225  6239  6239 I SSS     : [ChatTranslationSystemConfigEditor] onFoldStateChanged: true
03-13 09:49:18.225  6272  6411 D DeviceStateManagerGlobal: handleDeviceStateInfoChanged state=DeviceState{identifier=0, name='CLOSED', app_accessible=false, cancel_when_requester_not_on_top=false}, baseState=DeviceState{identifier=0, name='CLOSED', app_accessible=false, cancel_when_requester_not_on_top=false}
03-13 09:49:18.225  3003  3067 D WindowManager: onStateChanged, state=0
03-13 09:49:18.225  3003  3064 D UsbDeviceManager: Device folded, update USB noti
03-13 09:49:18.225  3003  3067 I LogicalDisplayMapper: Set isInTransition on display 0: true
03-13 09:49:18.225  3003  3067 I LogicalDisplayMapper: Set isInTransition on display 1: true
03-13 09:49:18.225  3003  3067 I LogicalDisplayMapper: Requesting Transition to state: 0, from state=2, interactive=true, mBootCompleted=true, wakeDevice=false, sleepDevice=true
03-13 09:49:18.225  3003  3067 D DisplayManagerService: handleLogicalDisplayDeviceStateTransitionLocked: displayId=1
03-13 09:49:18.225  4360  4360 I SprWallpaper|FoldInteractive: onDeviceStateChanged: newState[0]
03-13 09:49:18.225  3003  3067 D DisplayManagerService: handleLogicalDisplayDeviceStateTransitionLocked: displayId=0
03-13 09:49:18.225  4360  4360 I SprWallpaper|fold_Choreographer: stop
03-13 09:49:18.225  4360  4360 I SprWallpaper|fold_Choreographer: pause
03-13 09:49:18.225  4360  4360 I SprWallpaper|FoldInteractive: resetFrame current[189]
03-13 09:49:18.225  4360  4360 I SprWallpaper|FoldInteractive: seekTo: frame[0], time[0]
03-13 09:49:18.225  4360  4360 I SprWallpaper|FoldInteractive: resetFrame: seek to head forcefully
03-13 09:49:18.225  4360  4360 I SprWallpaper|VideoPlayer: start: state[3]
03-13 09:49:18.225  4360  4360 I SprWallpaper|VideoPlayer: prepare: state[3]
03-13 09:49:18.225  4360  4360 I SprWallpaper|VideoPlayer: createVideoDecoder
03-13 09:49:18.225  3003  3676 I SemInputDeviceManagerService: onFoldStateChanged: folded
03-13 09:49:18.225  3003  3064 D UsbDeviceManager: handleMessage -> MSG_USB_NOTI_UPDATE: isForce=1
03-13 09:49:18.226  3003  3064 D UsbDeviceManager: updateUsbNotification(true): mConnected=true mHostConnected=false mSourcePower=false mSinkPower=true mUsbCharging=true
03-13 09:49:18.226  5338  5338 I FoldStateManager: onFoldStateChanged: true
03-13 09:49:18.226  3003  3064 D UsbDeviceManager: FLIP FOLDED
03-13 09:49:18.226  4832 14038 I HoneySpace.ExtraDisplaySource: onStateChanged, state = 0
03-13 09:49:18.226  5338  5338 I FoldStateManager: updateFoldState: isFolded = true
03-13 09:49:18.226  5338  5338 I FoldStateManager: onTableModeChanged: false
03-13 09:49:18.226  5338  5338 I FoldStateManager: updateTableMode: isTableMode = false
03-13 09:49:18.226  3003  3676 I SemInputCommandService: setPropertyAllTouch: FOLD_STATE,1 retDefault=1 retExtra=1
03-13 09:49:18.226  3003  3676 I SemInputCommandService: setPropertyAllTouchAndSpen: FOLD_STATE,1 retTouch=1 retSpen=-2
03-13 09:49:18.226  4205  7420 D DeviceStateManagerGlobal: handleDeviceStateInfoChanged state=DeviceState{identifier=0, name='CLOSED', app_accessible=false, cancel_when_requester_not_on_top=false}, baseState=DeviceState{identifier=0, name='CLOSED', app_accessible=false, cancel_when_requester_not_on_top=false}
03-13 09:49:18.226  3003  3064 D DexObserverFW: isDexModeOn() : false
03-13 09:49:18.226  2058  3323 I CamComm1.0-CamModule: notifyDeviceStateChange: calling notify_device_state_change with state 6
03-13 09:49:18.226  2058  3323 I CHI     : [SS_INFO]: [CHI         ]: chxextensionmodule.cpp: SecModifySettings: 21458: [SWITCH_DBG] Folding State 1 
03-13 09:49:18.226  2058  3323 I CHI     : [SS_LOW ]: [CHI         ]: chxextensionmodule.cpp: SecModifySettings: 21461: [SWITCH_DBG] Foding state State 1, m_pOverrideCameraOpen : 0 
03-13 09:49:18.226  3003  3064 D DexObserverFW: isSemiDexModeOn() : false
03-13 09:49:18.226  2452  8032 I CameraProviderManager: notifyDeviceStateChange Af available modes has been replaced
03-13 09:49:18.226  2452  8032 I CameraProviderManager: notifyDeviceStateChange Af available modes has been replaced
03-13 09:49:18.227  3003  3067 D RestrictionPolicy: isScreenCaptureEnabled : ret=true userId=0
03-13 09:49:18.227  3003  3994 D SemInputDevice:TSP: SetPropertyTask: CMD,set_fold_state,1 [03-13 09:49:18.226]
03-13 09:49:18.227  3003  3067 D RestrictionPolicy: isScreenCaptureEnabled : ret=true userId=0
03-13 09:49:18.227  3003  3064 D UsbDeviceManager: cancelAsUser: id=32
03-13 09:49:18.227  3003  3067 D ScreenCapture: [Capture_TEST] : setIsScreenShotBySystem true
03-13 09:49:18.226  6276  6276 I EnvironmentAdaptiveDisplayService: setDeviceFolded: true
03-13 09:49:18.227  3003  3067 I SurfaceComposerClient: captureLayers:childrenOnly:1, sync:1
03-13 09:49:18.227  2071  2129 I sysinput:aidl: onReportInformation:93, 1, cmd@set_fold_state,1:0
03-13 09:49:18.227  4205  4205 D FlexPanelStartController: OnDeviceStateChanged: mIsTableMode=true, isTableMode=false
03-13 09:49:18.227  4205  4205 D FlexPanelStartController: onFoldStateTableModeChanged: isTableMode=false
03-13 09:49:18.227  4205  4205 D FlexPanelStartController: not support state, mMwEnabled=true, mIsTableMode=false, mDesktopMode=false, mFlexModePanelEnabled=true, mIsImeShowing=true, mIsQuickPanelShowing=false, mIsTaskBarAppsEnabled=false, mIsGlobalActionVisible=false, mOnRecentsAnimation=false, isSupportRotation=true, mIsKeyguardVisible=false
03-13 09:49:18.227  2071  2129 I sysinput:Touch1: operator():237, OK
03-13 09:49:18.228  4205  5096 D KeyguardFoldController: changeFoldState: foldState=0, changed=true
03-13 09:49:18.228  4205  4267 D ShellSplitScreen: onFoldedStateChanged: folded=true
03-13 09:49:18.228  4205  5096 I PluginLockManagerImpl: PluginLock:onFolderStateChanged, opened: false, mScreenType: 1
03-13 09:49:18.228  4832  8346 I HoneySpace.ExtraDisplaySource: onStateChanged, state = 0
03-13 09:49:18.228  4205  5096 I PluginLockManagerImpl: PluginLock:onFolderStateChanged, old: com.samsung.android.dynamiclock:2
03-13 09:49:18.228  4205  5096 I DymLock|DynamicLockManager: onFolderStateChanged() false , false
03-13 09:49:18.228  4205  5096 I DymLock|BaseLockContainer: onFolderStateChanged screen[1] enabled[false]
03-13 09:49:18.228  4205  5096 I DymLock|BaseLockStateContainer: unsubscribe folder change : com.samsung.android.dynamiclock.plugin.views.dls.DynamicLockContainer{b8feb8d I.E...... ......I. 0,0-1080,2640}
03-13 09:49:18.228  4205  5096 I DymLock|ActionBus: unsubscribe : com.samsung.android.dynamiclock.plugin.views.dls.DynamicLockContainer{b8feb8d I.E...... ......I. 0,0-1080,2640}
03-13 09:49:18.228  4205  5096 I DymLock|ActionBus: unsubscribe : com.samsung.android.dynamiclock.plugin.stores.LockContainerStore@7ae7fb4
03-13 09:49:18.228  4205  5096 I DymLock|ActionBus: unsubscribe : com.samsung.android.dynamiclock.plugin.stores.WallpaperStore@96d67dd
03-13 09:49:18.228  4205  5096 I DymLock|ActionBus: unsubscribe : com.samsung.android.dynamiclock.plugin.stores.LockStarStore@b28bf52
03-13 09:49:18.228 19717 19717 I HBD     : h getDefaultInputRange : UNKNOWN 
03-13 09:49:18.228 19717 19717 I HBD     : a currentState : 4 
03-13 09:49:18.228  3003  3065 D SensorManager: set parameter active screen = 1, 50350017
03-13 09:49:18.229  3003  3994 D SysinputHAL_AIDL: setProperty(TSP(1)): CMD, set_fold_state,1 ret=0
03-13 09:49:18.229  4205  5096 D DymLock|BaseLockContainer: updatePanelWallpaper: Panel is not necessary. dls_state = 2
03-13 09:49:18.229  4205  5096 I PluginLockMediatorImpl: setScreenTypeChanged() type: 1
03-13 09:49:18.229  4205  5096 I PluginLockWallpaper: setScreenTypeChanged() type: 1
03-13 09:49:18.229  4205  5096 I PluginHomeWallpaper: setScreenTypeChanged() type: 1
03-13 09:49:18.229  4205  5096 I PluginLockManagerImpl: PluginLock:onFolderStateChanged, will be switched, newState: null
03-13 09:49:18.229  4205  5096 D PluginLockInstanceState: isRecentInstance() true, com.samsung.android.dynamiclock:2
03-13 09:49:18.229  4205  5096 I PluginLockManagerImpl: PluginLock:onFolderStateChanged, instance maintained
03-13 09:49:18.229  4271 27133 D DeviceStateManagerGlobal: handleDeviceStateInfoChanged state=DeviceState{identifier=0, name='CLOSED', app_accessible=false, cancel_when_requester_not_on_top=false}, baseState=DeviceState{identifier=0, name='CLOSED', app_accessible=false, cancel_when_requester_not_on_top=false}
03-13 09:49:18.229  4205  5096 D PluginLockManagerImpl: updateEnabledState getPluginLockValue = 10011
03-13 09:49:18.229  4205  5096 D PluginLockManagerImpl: isEnabledFromSettingHelper, screen:1, value:10011
03-13 09:49:18.229  4205  5096 D PluginLockInstancePolicy: isEnable() value:10011, ret:true
03-13 09:49:18.229  3003  3130 D PowerManagerService: Setting HAL interactive mode to true
03-13 09:49:18.229  4205  5096 D PluginLockManagerImpl: updateEnabledState() isDynamicMode = true, isEnabledFromSetting = true
03-13 09:49:18.229  3003  3130 D PowerManagerService: setHalInteractiveModeLocked called by dual screen policy change
03-13 09:49:18.229  4205  5096 D PluginLockMediatorImpl: setEnabled: true, com.android.systemui.pluginlock.PluginLockMediatorImpl@c944c4c
03-13 09:49:18.229  4205  5096 I PluginLockManagerImpl: onFolderStateChanged, new: com.samsung.android.dynamiclock:2
03-13 09:49:18.229  4205  5096 I DymLock|DynamicLockManager: onFolderStateChanged() false , true
03-13 09:49:18.229  4205  5096 I DymLock|BaseLockContainer: onFolderStateChanged screen[1] enabled[true]
03-13 09:49:18.229  4205  5096 I DymLock|BaseLockStateContainer: subscribe folder change : com.samsung.android.dynamiclock.plugin.views.dls.DynamicLockContainer{b8feb8d I.E...... ......I. 0,0-1080,2640}
03-13 09:49:18.229  4205  5096 I DymLock|ActionBus: subscribe : com.samsung.android.dynamiclock.plugin.views.dls.DynamicLockContainer{b8feb8d I.E...... ......I. 0,0-1080,2640}
03-13 09:49:18.229  4205  5096 I DymLock|ActionBus: subscribe : com.samsung.android.dynamiclock.plugin.stores.LockContainerStore@7ae7fb4
03-13 09:49:18.229  4205  5096 I DymLock|ActionBus: subscribe : com.samsung.android.dynamiclock.plugin.stores.WallpaperStore@96d67dd
03-13 09:49:18.229  4205  5096 I DymLock|ActionBus: subscribe : com.samsung.android.dynamiclock.plugin.stores.LockStarStore@b28bf52
03-13 09:49:18.229  4205  5096 D DymLock|BaseLockContainer: updatePanelWallpaper: Panel is not necessary. dls_state = 2
03-13 09:49:18.229  4205  5096 I KeyguardWallpaperController: onFolderStateChanged: isOpened = false
03-13 09:49:18.229  4205  5096 I KeyguardWallpaperController: onFolderStateChanged: which = 18, previous which = 6
03-13 09:49:18.229  3003  3130 D DisplayPowerController[1]: onDisplayChanged: mIsEnabled=false mIsInTransition=true mDualScreenPolicy=1 mDisplayDevice=com.android.server.display.LocalDisplayAdapter$LocalDisplayDevice@267658d
03-13 09:49:18.229  3003  3130 D DisplayPowerController[1]: noteDualScreenState: State=OFF, dualScreenPolicy=1
03-13 09:49:18.229  6272  6272 I SysHelperService: onFoldStateChanged, ACTION_SHUTDOWN, isFolded = true
03-13 09:49:18.229  6272  6272 D SYS_EVENT: [qc debug] send event 32 notification to client
03-13 09:49:18.229  6272  6272 D SYS_EVENT_AIDL: send event 32 notification to client
03-13 09:49:18.230  3003  3130 D DisplayPowerController[1]: animateScreenStateChange: target=OFF, mIsEnabled=false
03-13 09:49:18.230  4832  8367 I FoldStateManager: close by fold: true
03-13 09:49:18.230  4360 21730 I CCodec  : state->set(ALLOCATING)
03-13 09:49:18.230  3003  3130 D DisplayPowerController[0]: onDisplayChanged: mIsEnabled=true mIsInTransition=true mDualScreenPolicy=1 mDisplayDevice=com.android.server.display.LocalDisplayAdapter$LocalDisplayDevice@a261cbf
03-13 09:49:18.230  3003  3130 D DisplayPowerController[0]: animateScreenStateChange: target=OFF, mIsEnabled=true
03-13 09:49:18.230  3003  3130 D ColorFade: ColorFade start [PREPARE]  : mode=2
03-13 09:49:18.230  4832  6102 I HoneySpace.DesktopTaskDividerManagerImpl: fold: true, noExternal: true
03-13 09:49:18.230  4832  6102 I HoneySpace.DesktopTaskDividerManagerImpl: _isTaskSplittable, true
03-13 09:49:18.230  3003  3130 D ColorFade: ColorFade start display info.
03-13 09:49:18.230  3003  3130 D ColorFade: ColorFade end display info.
03-13 09:49:18.230  3003  3130 D ColorFade: ColorFade start setColorFadeNightDim
03-13 09:49:18.230  4360 21732 I CCodec  : allocate(c2.qti.hevc.decoder)
03-13 09:49:18.230  3003  3003 D SemDisplaySolutionManagerService: Normal Mode setMultipleScreenBrightness , application, DEFAULT, 1.0
03-13 09:49:18.230 19717 19717 I HBD     : g isCoverDisplay : true, cached selected json info : SelectedLanguageInfo(languageVersion=4.2, currentLanguageOrder=0, selectedLanguageList=[SelectedLanguage(id=65537, isUsed=true, engName=English, inputType=qwerty, activeOptionList=[auto_replace, auto_spacing, writing_assistant, prediction], bilingualId=-1)]) 
03-13 09:49:18.230  3003  3003 I Telecom : SamsungFoldStateManagerAdapterImpl : DeviceStateCallback - onDeviceStateChanged : DeviceState{identifier=0, name='CLOSED', app_accessible=false, cancel_when_requester_not_on_top=false}
03-13 09:49:18.230  3003  3003 I Telecom : SamsungFoldStateManagerAdapterImpl : onStateChanged - folded : true / info : SamsungFoldStateInfo { SupportFoldableTypeFlip : true / SupportLargeCoverScreen : true / Orientation : VERTICAL / IsFolded : true
03-13 09:49:18.230  3003  3003 I Telecom : SamsungFoldStateManagerListener : onFolderStateChanged : false -> true
03-13 09:49:18.230  3003  3003 I Telecom : SamsungFoldStateManagerListener : checkAudioAutoSwitch, skipAudioAutoSwitch
03-13 09:49:18.230  3003  3003 I Telecom : SamsungFolderAngleRegistrar : mIsFoldingAngleAvailable is false
03-13 09:49:18.230  3003  3130 D ColorFade: ColorFade end setColorFadeNightDim
03-13 09:49:18.230 19717 19717 I HBD     : g isCoverDisplay : true, cached selected json info : SelectedLanguageInfo(languageVersion=4.2, currentLanguageOrder=0, selectedLanguageList=[SelectedLanguage(id=65537, isUsed=true, engName=English, inputType=qwerty, activeOptionList=[auto_replace, auto_spacing, writing_assistant, prediction], bilingualId=-1)]) 
03-13 09:49:18.231  2105  2324 I SurfaceFlinger: id=44178 createSurf, flag=20004, ColorFade_d0#44178
03-13 09:49:18.231 19717 19717 I HBD     : g updateSelectedLanguageCache is succeeded. English 
03-13 09:49:18.231  3003  3003 D EdgeLightingManager: hideForNotification : packageName = android
03-13 09:49:18.231  3003  3003 D EdgeLightingPolicyManager:NotificationGroup: remove : sbn : StatusBarNotification(pkg=android user=UserHandle{-1} id=32 tag=null key=-1|android|32|null|1000: Notification(channel=UsbDevNoti shortcut=null contentView=null vibrate=null sound=null tick defaults=0 flags=ONGOING_EVENT|CAN_COLORIZE color=0x00000000 vis=PUBLIC semFlags=0x0 semPriority=0 semMissedCount=0))
03-13 09:49:18.231  3003  3003 D EdgeLightingPolicyManager.NotificationGroup: group notification count : 1
03-13 09:49:18.231  3003  3003 D EdgeLightingManager: hideForNotification : isInteractive is true
03-13 09:49:18.231  2071  2128 I sysinput:aidl: onReportInformation:93, 2, cmd@set_always_lpm,0:0
03-13 09:49:18.231  2007  2007 I sensors-hal: send_sync_sensor_request:508, send sync request
03-13 09:49:18.231  2007  2007 I sensors-hal: send_sync_sensor_request:518, send_sync_sensor_request before send_request for lid_angle_fusion with SUID low=8603657889549748343 high=1320970896290190866
03-13 09:49:18.231  2007  2007 I sensors-hal: send_sync_sensor_request:537, wait for notification of response
03-13 09:49:18.231  2071  2128 I sysinput:Touch2: operator():237, OK
03-13 09:49:18.231  3003  3993 D SysinputHAL_AIDL: setProperty(TSP_SUB(2)): CMD, set_always_lpm,0 ret=0
03-13 09:49:18.231  3003  3993 D SemInputDevice:TSP_SUB: SetPropertyTask: CMD,set_fold_state,1 [03-13 09:49:18.226]
03-13 09:49:18.232  3003  3130 D ColorFade: ColorFade End [PREPARE]  : mode=2 , <Time> displayInfo: 0
03-13 09:49:18.232  2007  3645 I sensors-hal: qsh_conn_resp_cb:930, resp_value = 0 for lid_angle_fusion 
03-13 09:49:18.232  2071  2128 I sysinput:aidl: onReportInformation:93, 2, cmd@set_fold_state,1:0
03-13 09:49:18.232  2007  2007 I sensors-hal: send_sync_sensor_request:543, takes 0 ms to receive the response with 0
03-13 09:49:18.232  2007  2007 I sensors-hal: activate:330, com.samsung.sensor.folding_state/2592 en=0 completed
03-13 09:49:18.232  3003  3993 D SysinputHAL_AIDL: setProperty(TSP_SUB(2)): CMD, set_fold_state,1 ret=0
03-13 09:49:18.232  2071  2128 I sysinput:Touch2: operator():237, OK
03-13 09:49:18.232  3003  3130 W DisplayPowerController[0]: ColorFade: onAnimationStart
03-13 09:49:18.232  3003  3130 W DisplayPowerState: !@ColorFade entry displayId=0
03-13 09:49:18.232  3003  3130 W DisplayPowerController[0]: ColorFade: onAnimationEnd
03-13 09:49:18.232  3003  3130 D BrightnessThermalClamper: Thermal status observer already started
03-13 09:49:18.232  3003  3130 D BrightnessThermalClamper: Thermal status observer already started
03-13 09:49:18.232  3003  3130 D DisplayPowerController[0]: animateScreenStateChange: target=OFF, mIsEnabled=true
03-13 09:49:18.232  3003  3130 I DisplayPowerController[0]: Blocking screen off
03-13 09:49:18.232  3003  3130 D DisplayPowerController[0]: mWindowManagerPolicy.screenTurningOff()
03-13 09:49:18.232  3003  3661 D SensorManager: unregisterListener :: com.android.server.policy.FlexibleDeviceStateProvider@9bf61fe
03-13 09:49:18.232  3003  3661 D DeviceStatePolicy: unregisterFoldingSensorListenerLocked success!
03-13 09:49:18.233  3003  3065 D SensorService: setSContextDataLocked ints length 2 , byte length 4
03-13 09:49:18.233  3003  3065 D SensorService: setSContextDataLocked 30047c1
03-13 09:49:18.233 19717 19717 I HBD     : h writeToFile path : /data/user/0/com.samsung.android.honeyboard/files/fold_selected.json 
03-13 09:49:18.233 19717 19717 I HBD     : h writeToFile json : {"version":"4.2","currentLanguageOrder":0,"front_selected":[{"activeOptionList":["auto_replace","auto_spacing","writing_assistant","prediction"],"bilingualId":-1,"engName":"English","id":65537,"inputType":"qwerty","isUsed":true}]} 
03-13 09:49:18.233  4205  4371 I KeyguardService: onScreenTurningOff
03-13 09:49:18.233  4205  4205 D KeyguardViewMediator: handleMessage 1003
03-13 09:49:18.233  4205  4205 D KeyguardFoldController: handleFoldMessage: isOpened=false, showing=false
03-13 09:49:18.233  4205  4205 D KeyguardViewMediator: adjustStatusBarLocked: no need to update flags=0x0 / showHomeOverLock=true
03-13 09:49:18.233  4205  4205 D DisplayLifecycle: dispatchFolderStateChanged true -> false
03-13 09:49:18.233  4205  4205 D Keyguard.AODTouchModeManager: onFolderStateChanged: isOpened=false
03-13 09:49:18.233  4205  4205 D Keyguard.AODTouchModeManager: setTouchNodePath: isOpened=false
03-13 09:49:18.233  4205  4205 I PluginAODManager: onFolderStateChanged isOpened : false
03-13 09:49:18.233  4205  4205 I PluginAODManager: setStartedByFolderClosed: true
03-13 09:49:18.233  4205  4205 V SubLauncher:SubLauncherPluginImpl@102487053: onDozeAmountChanged: 0.0
03-13 09:49:18.233  4205  4205 I ResourceUtils: initDisplayValues LogicalHeight 2640 LogicalWidth = 1080 DisplayDeviceType = -1, sIsLandscape = false
03-13 09:49:18.233  4205  4205 I DisplayValues: initValues currentWidth 1080 currentHeight = 2640
03-13 09:49:18.233  4205  4205 D FaceWidgetPagesController: onFolderStateChanged() isFolderOpened = false
03-13 09:49:18.233  3003  4082 D HdrSolution_HdrDisplayNitMapper: updataTargetNit--------------mLightSensorData: -1.0, scaleRatio: 200.0, target: 1.0->200
03-13 09:49:18.234  4205  4205 I AODDataSettings[8.0.6]:AODDataManager: onFolderStateChanged=false
03-13 09:49:18.234  4205  4205 I AODDataSettings[8.0.6]:AODDataManager: changeDisplay=DisplayImpl(type=SingleDisplay, orientation=Portrait, aodState=LockScreenOnly)
03-13 09:49:18.234  4205  4205 I AODDataSettings[8.0.6]:AODDataManager: getCurrentSize() from windowConfig = 1080.0x2640.0
03-13 09:49:18.234  4205  4205 I DataStoreState: setDisplay : DisplayImpl(type=SingleDisplay, orientation=Portrait, aodState=LockScreenOnly)
