03-13 09:45:56.490  3003  3067 I LogicalDisplayMapper: Applying layout: [{dispId: 0(OFF), displayGroupName: , addr: {port=131, model=0x40446d5d66246e}, mThermalBrightnessThrottlingMapId: null, mRefreshRateZoneId: null, mLeadDisplayId: -1, mLeadDisplayAddress: null, mThermalRefreshRateThrottlingMapId: null, mPowerThrottlingMapId: null}, {dispId: 1(ON), displayGroupName: , addr: {port=132, model=0x40446d6e9178a2}, mThermalBrightnessThrottlingMapId: null, mRefreshRateZoneId: null, mLeadDisplayId: -1, mLeadDisplayAddress: null, mThermalRefreshRateThrottlingMapId: null, mPowerThrottlingMapId: null}], Previous layout: [{dispId: 0(ON), displayGroupName: , addr: {port=131, model=0x40446d5d66246e}, mThermalBrightnessThrottlingMapId: null, mRefreshRateZoneId: null, mLeadDisplayId: -1, mLeadDisplayAddress: null, mThermalRefreshRateThrottlingMapId: null, mPowerThrottlingMapId: null}, {dispId: 1(OFF), displayGroupName: , addr: {port=132, model=0x40446d6e9178a2}, mThermalBrightnessThrottlingMapId: null, mRefreshRateZoneId: null, mLeadDisplayId: -1, mLeadDisplayAddress: null, mThermalRefreshRateThrottlingMapId: null, mPowerThrottlingMapId: null}]
03-13 09:45:56.490  3003  3067 D LogicalDisplayMapper: applyLayoutLocked[0], oldDisplay=0, newDisplay=0, displayLayout={dispId: 0(OFF), displayGroupName: , addr: {port=131, model=0x40446d5d66246e}, mThermalBrightnessThrottlingMapId: null, mRefreshRateZoneId: null, mLeadDisplayId: -1, mLeadDisplayAddress: null, mThermalRefreshRateThrottlingMapId: null, mPowerThrottlingMapId: null}
03-13 09:45:56.490  3003  3067 I LogicalDisplayMapper: SetEnabled on display 0: false
03-13 09:45:56.490  3003  3067 D LogicalDisplayMapper: applyLayoutLocked[1], oldDisplay=1, newDisplay=1, displayLayout={dispId: 1(ON), displayGroupName: , addr: {port=132, model=0x40446d6e9178a2}, mThermalBrightnessThrottlingMapId: null, mRefreshRateZoneId: null, mLeadDisplayId: -1, mLeadDisplayAddress: null, mThermalRefreshRateThrottlingMapId: null, mPowerThrottlingMapId: null}
03-13 09:45:56.490  2022  2124 I HYPER-HAL: [RequestManager.cpp]acquire(): Acquired ID : 2112570  [2025 / 30]    HINT :      list : [UCLAMP_MIN_BOOST / 50] [TID / 4392] [TID / 4393] [TID / 4205] [TID / 4394] 
03-13 09:45:56.490  3003  3067 I LogicalDisplayMapper: SetEnabled on display 1: true
03-13 09:45:56.490  3003  4082 D LocalDisplayAdapter: notifyStateChangeStart: com.samsung.android.hardware.secinputdev.external.DisplayStateListenerWrapper$1@444e177 took 0 ms
03-13 09:45:56.490  4205  4205 D Navbar.Store: ----handleEvent(0) GetInflateButtonWidth(buttonSpec=left, landscape=true) [Module] SamsungNavigationBarInflaterView
03-13 09:45:56.490  3003  4082 D LocalDisplayAdapter: notifyStateChangeStart: com.android.server.biometrics.SemBiometricDisplayStateMonitor@e8de626 took 0 ms
03-13 09:45:56.490  4205  4205 D Navbar.Store: ------[Band]STABLE_LAYOUT_PACK_INFLATE_NAVBAR
03-13 09:45:56.490  3003  4082 D LocalDisplayAdapter: notifyStateChangeStart: com.android.server.display.mode.RefreshRateModeManager$1@d4f0f0f took 0 ms
03-13 09:45:56.490  4205  4205 D NavBarStateManager: NavBarStates(0) getSpaceWidth(land: true): 118
03-13 09:45:56.490  4205  4205 D Navbar.Store: ----handleEvent(0) value= 118
03-13 09:45:56.490  3003  4082 D LocalDisplayAdapter: surface lcd : 0(-1.000), 0(-1.000), main +
03-13 09:45:56.490  2022  2124 I HYPER-HAL: [RequestManager.cpp]acquire(): Acquired ID : 2112570  [2025 / 30]    HINT :      list : [UCLAMP_MIN_BOOST / 100] [TID / 4392] [TID / 4393] [TID / 4205] [TID / 4394] 
03-13 09:45:56.490  2022  2124 I HYPER-HAL: [RequestManager.cpp]acquire(): Acquired ID : 2112570  [2025 / 30]    HINT :      list : [UCLAMP_MIN_BOOST / 150] [TID / 4392] [TID / 4393] [TID / 4205] [TID / 4394] 
03-13 09:45:56.490  2022  2124 I HYPER-HAL: [RequestManager.cpp]acquire(): Acquired ID : 2112570  [2025 / 30]    HINT :      list : [UCLAMP_MIN_BOOST / 200] [TID / 4392] [TID / 4393] [TID / 4205] [TID / 4394] 
03-13 09:45:56.491  3003  3130 D DisplayPowerController[1]: onDisplayChanged: mIsEnabled=true mIsInTransition=false mDualScreenPolicy=1 mDisplayDevice=com.android.server.display.LocalDisplayAdapter$LocalDisplayDevice@267658d
03-13 09:45:56.491  3003  3130 D DisplayPowerController[1]: animateScreenStateChange: target=OFF, mIsEnabled=true
03-13 09:45:56.491  4205  4205 D Navbar.Store: ----handleEvent(0) GetInflateButtonWidth(buttonSpec=recent, landscape=true) [Module] SamsungNavigationBarInflaterView
03-13 09:45:56.491  2105  2105 I SurfaceFlinger: setDisplayBrightness(4630946564756762243): displayBrightness: -1.000000, displayBrightnessNits: 1.000000, sdrWhitePointNits: 1.000000 , dimmingRatio: 1.000000
03-13 09:45:56.491  4205  4205 D Navbar.Store: ------[Band]STABLE_LAYOUT_PACK_INFLATE_NAVBAR
03-13 09:45:56.491  4205  4205 D NavBarStateManager: NavBarStates(0) getButtonWidth(land: true): 239
03-13 09:45:56.491  4205  4205 D Navbar.Store: ----handleEvent(0) value= 239
03-13 09:45:56.491  3003  3130 D DisplayPowerController[0]: onDisplayChanged: mIsEnabled=false mIsInTransition=false mDualScreenPolicy=1 mDisplayDevice=com.android.server.display.LocalDisplayAdapter$LocalDisplayDevice@a261cbf
03-13 09:45:56.491  3003  3130 D DisplayPowerController[0]: animateScreenStateChange: target=OFF, mIsEnabled=false
03-13 09:45:56.491  3003  3130 D BrightnessThermalClamper: Thermal status observer already started
03-13 09:45:56.491  3003  3130 D BrightnessThermalClamper: Thermal status observer already started
03-13 09:45:56.491  2007  2007 I sensors-hal: activate:300, android.sensor.gyroscope/41 en=0
03-13 09:45:56.491  2007  2007 I sensors-hal: send_sync_sensor_request:508, send sync request
03-13 09:45:56.491  2007  2007 I sensors-hal: send_sync_sensor_request:518, send_sync_sensor_request before send_request for sensor_temperature with SUID low=2469432388859779188 high=2270547140419222672
03-13 09:45:56.491  4205  4205 D Navbar.Store: ----handleEvent(0) GetInflateButtonWidth(buttonSpec=home, landscape=false) [Module] SamsungNavigationBarInflaterView
03-13 09:45:56.491  4205  4205 D Navbar.Store: ------[Band]STABLE_LAYOUT_PACK_INFLATE_NAVBAR
03-13 09:45:56.491  4205  4205 D NavBarStateManager: NavBarStates(0) getButtonWidth(land: false): 239
03-13 09:45:56.491  4205  4205 D Navbar.Store: ----handleEvent(0) value= 239
03-13 09:45:56.491  2007  2007 I sensors-hal: send_sync_sensor_request:537, wait for notification of response
03-13 09:45:56.491  4205  4205 D Navbar.Store: ----handleEvent(0) GetInflateButtonWidth(buttonSpec=home, landscape=true) [Module] SamsungNavigationBarInflaterView
03-13 09:45:56.491  4205  4205 D Navbar.Store: ------[Band]STABLE_LAYOUT_PACK_INFLATE_NAVBAR
03-13 09:45:56.491  4205  4205 D NavBarStateManager: NavBarStates(0) getButtonWidth(land: true): 239
03-13 09:45:56.491  4205  4205 D Navbar.Store: ----handleEvent(0) value= 239
03-13 09:45:56.491  3003  3678 D SemInputMotionEventDispatcher: unregisterMotionEventListener: com.samsung.android.hardware.secinputdev.taas.ExternalApi$5@7af94ab
03-13 09:45:56.491  4205  4205 D Navbar.Store: ----handleEvent(0) GetInflateButtonWidth(buttonSpec=back, landscape=false) [Module] SamsungNavigationBarInflaterView
03-13 09:45:56.491  4205  4205 D Navbar.Store: ------[Band]STABLE_LAYOUT_PACK_INFLATE_NAVBAR
03-13 09:45:56.491  4205  4205 D NavBarStateManager: NavBarStates(0) getButtonWidth(land: false): 239
03-13 09:45:56.491  4205  4205 D Navbar.Store: ----handleEvent(0) value= 239
03-13 09:45:56.491  3003  3678 D InputTransport: Input channel destroyed: '[Gestur', fd=1259
03-13 09:45:56.491  3003  3678 I SemInputMotionEventDispatcher: unregisterInputEventReceiver: dispose InputEventReceiver
03-13 09:45:56.491  3003  3678 D InputTransport: Input channel destroyed: '[Gestur', fd=1143
03-13 09:45:56.492  2022  2124 I HYPER-HAL: [RequestManager.cpp]acquire(): Acquired ID : 2112570  [2025 / 30]    HINT :      list : [UCLAMP_MIN_BOOST / 250] [TID / 4392] [TID / 4393] [TID / 4205] [TID / 4394] 
03-13 09:45:56.492  2022  2124 I HYPER-HAL: [RequestManager.cpp]acquire(): Acquired ID : 2112570  [2025 / 30]    HINT :      list : [UCLAMP_MIN_BOOST / 300] [TID / 4392] [TID / 4393] [TID / 4205] [TID / 4394] 
03-13 09:45:56.492  2022  2124 I HYPER-HAL: [RequestManager.cpp]acquire(): Acquired ID : 2112570  [2025 / 30]    HINT :      list : [UCLAMP_MIN_BOOST / 350] [TID / 4392] [TID / 4393] [TID / 4205] [TID / 4394] 
03-13 09:45:56.492  2022  2124 I HYPER-HAL: [RequestManager.cpp]acquire(): Acquired ID : 2112570  [2025 / 30]    HINT :      list : [UCLAMP_MIN_BOOST / 400] [TID / 4392] [TID / 4393] [TID / 4205] [TID / 4394] 
03-13 09:45:56.492  3003  3994 D SemInputDevice:TSP: ActivateTask: 1,0 [03-13 09:45:56.490]
03-13 09:45:56.492  4205  4205 D Navbar.Store: ----handleEvent(0) GetInflateButtonWidth(buttonSpec=right, landscape=false) [Module] SamsungNavigationBarInflaterView
03-13 09:45:56.492  4205  4205 D Navbar.Store: ------[Band]STABLE_LAYOUT_PACK_INFLATE_NAVBAR
03-13 09:45:56.492  4205  4205 D NavBarStateManager: NavBarStates(0) getSpaceWidth(land: false): 118
03-13 09:45:56.492  4205  4205 D Navbar.Store: ----handleEvent(0) value= 118
03-13 09:45:56.492  2007 15555 I sensors-hal: qsh_conn_resp_cb:930, resp_value = 0 for sensor_temperature 
03-13 09:45:56.492  3003  3678 D InputTransport: Input channel destroyed: '[Gestur', fd=1240
03-13 09:45:56.492  3003  3678 I SemInputMotionEventDispatcher: unregisterInputEventReceiver: dispose InputMonitor
03-13 09:45:56.492  4205  4205 D Navbar.Store: ----handleEvent(0) GetInflateButtonWidth(buttonSpec=back, landscape=true) [Module] SamsungNavigationBarInflaterView
03-13 09:45:56.492  4205  4205 D Navbar.Store: ------[Band]STABLE_LAYOUT_PACK_INFLATE_NAVBAR
03-13 09:45:56.492  4205  4205 D NavBarStateManager: NavBarStates(0) getButtonWidth(land: true): 239
03-13 09:45:56.492  4205  4205 D Navbar.Store: ----handleEvent(0) value= 239
03-13 09:45:56.492  2007  2007 I sensors-hal: send_sync_sensor_request:543, takes 1 ms to receive the response with 0
03-13 09:45:56.492  2007  2007 I sensors-hal: ~calibration:61, ~calibration: START
03-13 09:45:56.492  2007  2007 I sensors-hal: register_cb:312, suid(low=10025908976994887838,high=13187306796670928542) is alread registered
03-13 09:45:56.492  2007  2007 I sensors-hal: register_cb:317, update callbacks with new one
03-13 09:45:56.492  2007  2007 I sensors-hal: ~worker:65, worker(0xb400007a0f4d0490) send sig to tid= 15557
03-13 09:45:56.492  4832 14802 I HoneySpace.SystemUiRepository: systemUiFlags: overview_disabled|home_disabled|navbar_hidden|allow_gesture|back_disabled|awake
03-13 09:45:56.492  4832  4895 I HoneySpace.TaskbarEventTracker: invokeEvent() called with: event = SystemUiStateChanged(stateFlags=68992369024)
03-13 09:45:56.492  2053  2420 W QC2Interface: [hvcD_836] Few parameters failed to configure
03-13 09:45:56.492  4205  4205 D Navbar.Store: ----handleEvent(0) GetInflateButtonWidth(buttonSpec=right, landscape=true) [Module] SamsungNavigationBarInflaterView
03-13 09:45:56.492  4205  4205 D Navbar.Store: ------[Band]STABLE_LAYOUT_PACK_INFLATE_NAVBAR
03-13 09:45:56.492  4205  4205 D NavBarStateManager: NavBarStates(0) getSpaceWidth(land: true): 118
03-13 09:45:56.492  4205  4205 D Navbar.Store: ----handleEvent(0) value= 118
03-13 09:45:56.492  3003  4082 D LocalDisplayAdapter: surface lcd : 0(-1.000), 0(-1.000), main -
03-13 09:45:56.492  3003  4082 W LocalDisplayAdapter: !@display_state - 1608 : ON -> OFF (MAIN)
03-13 09:45:56.492  4205  4205 D Navbar.Store: ----handleEvent(0) GetInflateButtonWidth(buttonSpec=left_remote_view, landscape=false) [Module] SamsungNavigationBarInflaterView
03-13 09:45:56.492  4205  4205 D Navbar.Store: ------[Band]STABLE_LAYOUT_PACK_INFLATE_NAVBAR
03-13 09:45:56.493  4205  4205 D NavBarStateManager: NavBarStates(0) getSpaceWidth(land: false): 118
03-13 09:45:56.493  4205  4205 D Navbar.Store: ----handleEvent(0) value= 118
03-13 09:45:56.493  2105  2105 D SurfaceFlinger: Setting power mode 0 on physical display 4630946564756762243 (skipComposer: 0)
03-13 09:45:56.493  4205  4205 D Navbar.Store: ----handleEvent(0) GetInflateButtonWidth(buttonSpec=right_remote_view, landscape=false) [Module] SamsungNavigationBarInflaterView
03-13 09:45:56.493  4205  4205 D Navbar.Store: ------[Band]STABLE_LAYOUT_PACK_INFLATE_NAVBAR
03-13 09:45:56.493  4205  4205 D NavBarStateManager: NavBarStates(0) getSpaceWidth(land: false): 118
03-13 09:45:56.493  4205  4205 D Navbar.Store: ----handleEvent(0) value= 118
03-13 09:45:56.493  4205  4205 D Navbar.Store: ----handleEvent(0) GetInflateButtonWidth(buttonSpec=left_remote_view, landscape=true) [Module] SamsungNavigationBarInflaterView
03-13 09:45:56.493  4205  4205 D Navbar.Store: ------[Band]STABLE_LAYOUT_PACK_INFLATE_NAVBAR
03-13 09:45:56.493  4205  4205 D NavBarStateManager: NavBarStates(0) getSpaceWidth(land: true): 118
03-13 09:45:56.493  4205  4205 D Navbar.Store: ----handleEvent(0) value= 118
03-13 09:45:56.493  4205  4205 D Navbar.Store: ----handleEvent(0) GetInflateButtonWidth(buttonSpec=right_remote_view, landscape=true) [Module] SamsungNavigationBarInflaterView
03-13 09:45:56.493  4205  4205 D Navbar.Store: ------[Band]STABLE_LAYOUT_PACK_INFLATE_NAVBAR
03-13 09:45:56.493  4205  4205 D NavBarStateManager: NavBarStates(0) getSpaceWidth(land: true): 118
03-13 09:45:56.493  4205  4205 D Navbar.Store: ----handleEvent(0) value= 118
03-13 09:45:56.493  4205  4205 D Navbar.Store: ----handleEvent(0) GetNavBarSidePadding(landscape=false) [Module] SamsungNavigationBarInflaterView
03-13 09:45:56.493  4205  4205 D Navbar.Store: ------[Band]STABLE_LAYOUT_PACK_INFLATE_NAVBAR_SIDE_PADDING
03-13 09:45:56.493  4205  4205 D NavBarStateManager: NavBarStates(0) getNavBarSidePadding: 0
03-13 09:45:56.493  4205  4205 D Navbar.Store: ----handleEvent(0) value= 0
03-13 09:45:56.493  4205  4205 D Navbar.Store: ----handleEvent(0) GetNavBarSidePadding(landscape=true) [Module] SamsungNavigationBarInflaterView
03-13 09:45:56.493  4205  4205 D Navbar.Store: ------[Band]STABLE_LAYOUT_PACK_INFLATE_NAVBAR_SIDE_PADDING
03-13 09:45:56.493  4205  4205 D NavBarStateManager: NavBarStates(0) getNavBarSidePadding: 0
03-13 09:45:56.493  4205  4205 D Navbar.Store: ----handleEvent(0) value= 0
03-13 09:45:56.493  2007  2007 I sensors-hal: ~worker:74, worker(0xb400007a0f4d0490) is destroyed, remaining task = 0, tid= 15557
03-13 09:45:56.493  2040 23713 I SDM     : DisplayBuiltIn::SetPanelBrightness: Setting brightness to level 0 (-100.000000 percent) primary(1) display(68)
03-13 09:45:56.493  4205  4205 D Navbar.Store: ----handleEvent(0) GetNavBarSidePadding(landscape=false) [Module] SamsungNavigationBarInflaterView
03-13 09:45:56.493  2007  2007 I sensors-hal: send_req:220, send_req before send_request gyro_cal with SUID low=10025908976994887838 high=13187306796670928542
03-13 09:45:56.493  4205  4205 D Navbar.Store: ------[Band]STABLE_LAYOUT_PACK_INFLATE_NAVBAR_SIDE_PADDING
03-13 09:45:56.493  4205  4205 D NavBarStateManager: NavBarStates(0) getNavBarSidePadding: 0
03-13 09:45:56.493  4205  4205 D Navbar.Store: ----handleEvent(0) value= 0
03-13 09:45:56.493  4205  4205 D Navbar.Store: ----handleEvent(0) GetNavBarSidePadding(landscape=true) [Module] SamsungNavigationBarInflaterView
03-13 09:45:56.493  4205  4205 D Navbar.Store: ------[Band]STABLE_LAYOUT_PACK_INFLATE_NAVBAR_SIDE_PADDING
03-13 09:45:56.493  4205  4205 D NavBarStateManager: NavBarStates(0) getNavBarSidePadding: 0
03-13 09:45:56.493  2007  2007 I sensors-hal: ~calibration:77, sent disable request. wait for response for it
03-13 09:45:56.493  4205  4205 D Navbar.Store: ----handleEvent(0) value= 0
03-13 09:45:56.493  2007  2007 I sensors-hal: operator():80, resp_received = 0 in wait_for
03-13 09:45:56.493  2105  2105 D SurfaceFlinger: setPhysicalDisplayPowerMode: Optimizing thread scheduling: optimizeForPower
03-13 09:45:56.493  2053  2420 D C2BqBuffer: local generation change 4464876 , bqId: 18726057410560 migrated buffers # 0
03-13 09:45:56.493  2007 15555 I sensors-hal: handle_resp_cb:230, resp_value = 0 for gyro_cal before acuiring the lock _cal_mutex
03-13 09:45:56.493  4360 16303 I CCodec  : [c2.qti.hevc.decoder] state->set(RUNNING)
03-13 09:45:56.494  2007  2007 I sensors-hal: operator():80, resp_received = 1 in wait_for
03-13 09:45:56.494  2007  2007 I sensors-hal: ~calibration:107, ~calibration: END
03-13 09:45:56.494  2007  2007 I sensors-hal: send_sync_sensor_request:508, send sync request
03-13 09:45:56.494  2007  2007 I sensors-hal: send_sync_sensor_request:518, send_sync_sensor_request before send_request for gyro with SUID low=11331203967455886618 high=2227687939882802101
03-13 09:45:56.494  2007  2007 I sensors-hal: send_sync_sensor_request:537, wait for notification of response
03-13 09:45:56.494  2007 15555 I sensors-hal: qsh_conn_resp_cb:930, resp_value = 0 for gyro 
03-13 09:45:56.494  2007  2007 I sensors-hal: send_sync_sensor_request:543, takes 0 ms to receive the response with 0
03-13 09:45:56.494  2053  2420 I QC2CompStore: Setting heap usage to system
03-13 09:45:56.495 27562  8226 D AdvertisingIdClient: AdvertisingIdClient already created.
03-13 09:45:56.496  1985  2158 I minksocket: MinkIPC MESSAGE: ( 1985:2158 ) MinkIPC_QRTR_Service:351 minkipc = 0xb400006d4d3f6550 sock = 13, client with node 1 port 58c5 went down
03-13 09:45:56.496  1985  2180 I minksocket: MinkIPC MESSAGE: ( 1985:2180 ) MinkIPC_QRTR_Service:351 minkipc = 0xb400006d4d3f7730 sock = 33, client with node 1 port 58c5 went down
03-13 09:45:56.496  2007  2007 I sensors-hal: ~worker:65, worker(0xb400007a0f4d4150) send sig to tid= 15554
03-13 09:45:56.496  2007  2007 I sensors-hal: ~worker:74, worker(0xb400007a0f4d4150) is destroyed, remaining task = 0, tid= 15554
03-13 09:45:56.496  2007  2007 I sensors-hal: ~qsh_qmi:58, ~qsh_qmi
03-13 09:45:56.496  2007  2007 I sensors-hal: activate:330, android.sensor.gyroscope/41 en=0 completed
03-13 09:45:56.496  2452  7951 I CameraService: onUidStateChanged: uid=10468, procState is changed. (12 -> 8)
03-13 09:45:56.497  2007 12669 I sensors-hal: handle_sns_client_event:159, auto_rotation_event_2 event,255, duration,421, ts,236757062791253, ts_diff,240293
03-13 09:45:56.497  2007 12669 I sensors-hal: handle_sns_client_event:170, auto_rotation_debug_2 acc,0.574,-0.833,9.844, ar,0, h_ic,1,1, s,3, ver,14, pedo,1,e,1,i,3
03-13 09:45:56.497  4360 16303 I CCodecBufferChannel: [c2.qti.hevc.decoder#215] 10 initial input buffers available
03-13 09:45:56.497 16161 14061 I FusedLocation: (REDACTED) stationary throttling engaged @%s
03-13 09:45:56.497  4607  4607 D [NFC_SE]NfcOemLogHelper: reportLogEvent = [mCommandApdus: [mResponseApdus: , mCallingApi= 0, mAction= 518, mCallingPId = 0, mRfFieldOnTime= null
03-13 09:45:56.497  4607  4607 D [NFC_SE]NfcOemLogHelper: try to send FLD_ERROR
03-13 09:45:56.497  4607  4607 D [NFC_SE]NfcOemLogHelper: RF Field is disabled
03-13 09:45:56.497  2007  2007 I sensors-hal: activate:300, com.samsung.sensor.light_seamless/1782 en=0
03-13 09:45:56.497  2007  2007 I sensors-hal: send_sync_sensor_request:508, send sync request
03-13 09:45:56.497  2007  2007 I sensors-hal: send_sync_sensor_request:518, send_sync_sensor_request before send_request for light_seamless with SUID low=11039298318857557060 high=1340270623893619472
03-13 09:45:56.497  2007  2007 I sensors-hal: send_sync_sensor_request:537, wait for notification of response
03-13 09:45:56.498  2007  3645 I sensors-hal: qsh_conn_resp_cb:930, resp_value = 0 for light_seamless 
03-13 09:45:56.498  2007  2007 I sensors-hal: send_sync_sensor_request:543, takes 0 ms to receive the response with 0
03-13 09:45:56.498  2007  2007 I sensors-hal: activate:330, com.samsung.sensor.light_seamless/1782 en=0 completed
03-13 09:45:56.498 15176 15527 D AppLovinSdk: [PersistentPostbackManager] Enqueued postback: PostbackRequest{uniqueId='8a1eeb3e-3a0f-4a2d-9dec-51ee16862d58', communicatorRequestId='null', httpMethod='null', targetUrl='https://rt.applovin.com/4.0/pix', backupUrl='https://rt.applvn.com/4.0/pix', attemptNumber=0, isEncodingEnabled=true, isGzipBodyEncoding=false, isAllowedPreInitEvent=true, shouldFireInWebView=false}
03-13 09:45:56.498 15176 15527 D AppLovinSdk: [PersistentPostbackManager] Preparing to submit postback: PostbackRequest{uniqueId='8a1eeb3e-3a0f-4a2d-9dec-51ee16862d58', communicatorRequestId='null', httpMethod='null', targetUrl='https://rt.applovin.com/4.0/pix', backupUrl='https://rt.applvn.com/4.0/pix', attemptNumber=0, isEncodingEnabled=true, isGzipBodyEncoding=false, isAllowedPreInitEvent=true, shouldFireInWebView=false}
03-13 09:45:56.498 15176 15527 D AppLovinSdk: [PersistentPostbackManager] Submitting postback: PostbackRequest{uniqueId='8a1eeb3e-3a0f-4a2d-9dec-51ee16862d58', communicatorRequestId='null', httpMethod='null', targetUrl='https://rt.applovin.com/4.0/pix', backupUrl='https://rt.applvn.com/4.0/pix', attemptNumber=1, isEncodingEnabled=true, isGzipBodyEncoding=false, isAllowedPreInitEvent=true, shouldFireInWebView=false}
03-13 09:45:56.498  2053  2420 W QC2Interface: [hvcD_836] Failed to query parameters
03-13 09:45:56.498 15176 15527 I AppLovinSdk: [TaskRunnable:submitTrackEventPostback] OTHER queue finished task TaskRunnable:submitTrackEventPostback
03-13 09:45:56.498  2040 23713 I SDM     : HWCDisplay::SetPowerMode: display = 0, mode = OFF
03-13 09:45:56.498  2040 23713 I SDM     : DisplayBase::SetDisplayState: Set state = 0, display 68-0, teardown = 0
03-13 09:45:56.498  2040 23713 I SDM     : DRMPanelFeatureMgr::MarkForNullCommit: Marked 7 for null commit
03-13 09:45:56.498 15176 15527 I AppLovinSdk: [ConnectionManager] Sending POST request to id=#1657739031 "rt.applovin.com/4.0/pix"...
03-13 09:45:56.498  2040 23713 I SDM     : HWDeviceDRM::PowerOff: Display:68 Setting Fingerprint Indisplay Layer property = 0
03-13 09:45:56.498 15176 15527 I AppLovinSdk: [TaskDispatchPostback] OTHER queue finished task TaskDispatchPostback
03-13 09:45:56.499  3003  3067 D SensorManager: unregisterListener :: com.android.server.display.mode.DisplayModeDirector$BrightnessObserver$LightSensorEventListener@b4fe971
03-13 09:45:56.499  3003  3067 D BrightnessSynchronizer: onDisplayChanged() : displayId=0
03-13 09:45:56.499  3003  3067 D BrightnessSynchronizer: updateScreenBrightness: displayId=0 type=2 mPreferredSettingValue=0.054901958(14) currentBrightnessInt=14 currentBrightnessIntFromFloat=14(0.054901958)
03-13 09:45:56.499  3003  3067 I InputManager-JNI: Viewport [0] to add: local:4630946564756762243, isActive: false
03-13 09:45:56.499  3003  3067 D InputManager-JNI: Viewport [0] type:1, displayId=0, uniqueId=local:4630946564756762243, orientation=0, logicalFrame=[0, 0][1080, 2640], physicalFrame=[0, 0][1080, 2640], deviceSize=[1080, 2640]
03-13 09:45:56.499  3003  3067 I InputManager-JNI: Viewport [1] to add: local:4630946638498144900, isActive: false
03-13 09:45:56.499  3003  3067 D InputManager-JNI: Viewport [1] type:1, displayId=1, uniqueId=local:4630946638498144900, orientation=0, logicalFrame=[0, 0][748, 720], physicalFrame=[0, 0][748, 720], deviceSize=[748, 720]
03-13 09:45:56.499  2007  2007 I sensors-hal: activate:300, android.sensor.gravity/91 en=0
03-13 09:45:56.499  2007  2007 I sensors-hal: send_sync_sensor_request:508, send sync request
03-13 09:45:56.499  2007  2007 I sensors-hal: send_sync_sensor_request:518, send_sync_sensor_request before send_request for gravity with SUID low=12052644982307943726 high=14255117871604606629
03-13 09:45:56.499  2007  2007 I sensors-hal: send_sync_sensor_request:537, wait for notification of response
03-13 09:45:56.500  2496  1252 I ResourceManagerService: addMediaInfo pid 4360 (width 1080 height 2640), allocated hw codec count 1
03-13 09:45:56.500  3003  3661 I InputReader: Reconfiguring input devices, changes=DISPLAY_INFO
03-13 09:45:56.500  3003  3661 I InputReader: support feature by TSP : 0x321
03-13 09:45:56.500  3003  3661 I InputReader: support feature by TSP : 0x321
03-13 09:45:56.500  2007 15549 I sensors-hal: qsh_conn_resp_cb:930, resp_value = 0 for gravity 
03-13 09:45:56.500  2496  1252 I ResourceManagerService: getMediaResourceInfo (PID : 4360, clientID : -5476376666658802864, non-secure-codec/hw-video-codec:[]:1, 1080x2640 (fps:120) - sw codec : no, encoder : no componentName = c2.qti.hevc.decoder bitrate = 17000000)
03-13 09:45:56.500  3003  3067 D PointerChoreographer: setDefaultMouseDisplayId: 0 -> 1
03-13 09:45:56.500  6380  6380 I SemMediaResourceHelper: onAdd
03-13 09:45:56.500  2092  2092 I SSC_DAEMON: handleSensorTestReqMsg:85, Sensor type :4, Msg type:11
03-13 09:45:56.500  2092  2092 I SSC_DAEMON: physicalSensorTestReqMsg:130, s:4, m:11
03-13 09:45:56.500  2040 23713 I SDM     : HWDeviceDRM::NullCommit: Null commit succeeded crtc=208
03-13 09:45:56.500  2040 23713 I SDM     : DisplayBase::SetDisplayState: wait for retire_fence_...
03-13 09:45:56.500  2040 23713 I SDM     : DisplayBase::WaitForCompletion: Wait for cached retire fence to be in steady state
03-13 09:45:56.500  2007  2007 I sensors-hal: send_sync_sensor_request:543, takes 0 ms to receive the response with 0
03-13 09:45:56.501  1985  2158 I minksocket: MinkIPC MESSAGE: ( 1985:2158 ) MinkIPC_QRTR_Service:351 minkipc = 0xb400006d4d3f6550 sock = 13, client with node 1 port 58c0 went down
03-13 09:45:56.501  1985  2180 I minksocket: MinkIPC MESSAGE: ( 1985:2180 ) MinkIPC_QRTR_Service:351 minkipc = 0xb400006d4d3f7730 sock = 33, client with node 1 port 58c0 went down
03-13 09:45:56.501  4832  4895 I HoneySpace.TaskbarEventTracker: invokeEvent() called with: event = SystemUiStateChanged(stateFlags=272761218)
03-13 09:45:56.501  2496  1252 W ResourceManagerServiceUtils: Ignoring request to add new resource entry with value <= 0
03-13 09:45:56.501  3003  3067 D MouseCursorController: loadResourcesLocked for display 1
03-13 09:45:56.501 27562  8226 I AdvertisingIdClient: shouldSendLog 235252370
03-13 09:45:56.501 27562  8226 I AdvertisingIdClient: GetInfoInternal elapse 6ms
03-13 09:45:56.501 15176 15240 I TRuntime.CctTransportBackend: Making request to: https://firebaselogging.googleapis.com/v0cc/log/batch?format=json_proto3
03-13 09:45:56.502  2040  2318 I SDM     : HWPeripheralDRM::SetPanelBrightnessWork: Setting brightness to level 0 through sysfs node. primary(1), type_id(1)
03-13 09:45:56.502  4205  4205 D NavBarView: disableBack=false (isBackDismissIme=true, handlingGestures=false, disabledFlagBack=false, isBottomGesture=false, isImeRenderingNavButtons=false)
03-13 09:45:56.502  4205  4205 D NavBarStateManager: NavBarStates(0) canShowKeyboardButtonForRotation(0): true
03-13 09:45:56.502  4205  4205 D Navbar.Store: ----handleEvent(0) OnUpdateSysUiStateFlag(noArguments=true) [Module] SamsungNavigationBarView
03-13 09:45:56.502  4205  4205 D Navbar.Store: ------[Band]GESTURE_PACK_UPDATE_SYSTEMUI_STATE_FLAG
03-13 09:45:56.502  4205  4205 D Navbar.Store: ------[Band] (afterAction) GESTURE_PACK_UPDATE_SYSTEMUI_STATE_FLAG
03-13 09:45:56.502  2007 16116 I sensors-hal: handle_sns_std_sensor_event:158, [316] Pressure 988.080, cal 0.047, sw_offset 0.000 (lsb(bit) 0xbb 0x7d 0x60)
03-13 09:45:56.502  2092  3859 I SSC_DAEMON: light_event_log:172, light_msg(4/11): br 0 (lux 0,idx 0) - -1,-1,5
03-13 09:45:56.503  4205  4205 D Navbar.Store: handleEvent(0) OnConfigChanged(newConfig={1.0 ?mcc0mnc [en_US] ldltr sw360dp w360dp h880dp 480dpi nrml long hdr widecg port night finger -keyb/v/h -nav/h winConfig={ mBounds=Rect(0, 0 - 1080, 2640) mAppBounds=Rect(0, 0 - 1080, 2640) mMaxBounds=Rect(0, 0 - 1080, 2640) mDisplayRotation=ROTATION_0 mWindowingMode=fullscreen mActivityType=undefined mAlwaysOnTop=undefined mRotation=ROTATION_0 mStageConfig=undefined mPopOver=undefined mOverlappingWithCutout=false mFlexPanelMode=off} s.4990 fontWeightAdjustment=0 ff=0 bf=-1 bts=0 cst=1.0 nightDim=0 themeSeq=0}) [Module] NavigationBarControllerImpl
03-13 09:45:56.503  4205  4205 D Navbar.Store: --[Band]CONFIG_PACK_CONFIG_CHANGED
03-13 09:45:56.503  4205  4205 D Navbar.Store: handleEvent(0) OnNavBarConfigChanged(canMove=true, supportPhoneLayoutProvider=true, imeDownButtonForAllRotation=false, navigationMode=0) [Module] NavigationBarControllerImpl
03-13 09:45:56.503  4205  4205 D Navbar.Store: --[Band]STABLE_LAYOUT_PACK_NAVBAR_CONFIG_CHANGED
03-13 09:45:56.503  4205  4205 D NavBarStateManager: NavBarStates(0) supportLargeCoverScreenNavBar: false
03-13 09:45:56.503  4205  4205 D Navbar.Store: --updateLayoutProvider() layoutProviderContainer = com.android.systemui.navigationbar.layout.LayoutProviderContainerImpl@1dbf89d
03-13 09:45:56.503  4205  4205 D NavBarStateManager: NavBarStates(0) supportLargeCoverScreenNavBar: false
03-13 09:45:56.503  4205  4205 D Navbar.Store: --[Band] (afterAction) STABLE_LAYOUT_PACK_NAVBAR_CONFIG_CHANGED
03-13 09:45:56.503  4205  4205 D Navbar.Store: handleEvent(1) OnConfigChanged(newConfig={1.0 ?mcc0mnc [en_US] ldltr sw360dp w360dp h880dp 480dpi nrml long hdr widecg port night finger -keyb/v/h -nav/h winConfig={ mBounds=Rect(0, 0 - 1080, 2640) mAppBounds=Rect(0, 0 - 1080, 2640) mMaxBounds=Rect(0, 0 - 1080, 2640) mDisplayRotation=ROTATION_0 mWindowingMode=fullscreen mActivityType=undefined mAlwaysOnTop=undefined mRotation=ROTATION_0 mStageConfig=undefined mPopOver=undefined mOverlappingWithCutout=false mFlexPanelMode=off} s.4990 fontWeightAdjustment=0 ff=0 bf=-1 bts=0 cst=1.0 nightDim=0 themeSeq=0}) [Module] NavigationBarControllerImpl
03-13 09:45:56.503  4205  4205 D Navbar.Store: handleEvent(1) OnNavBarConfigChanged(canMove=true, supportPhoneLayoutProvider=true, imeDownButtonForAllRotation=false, navigationMode=0) [Module] NavigationBarControllerImpl
03-13 09:45:56.503  4205  4205 D Navbar.Store: --[Band]STABLE_LAYOUT_PACK_NAVBAR_CONFIG_CHANGED
03-13 09:45:56.503  4205  4205 D NavBarStateManager: NavBarStates(1) supportLargeCoverScreenNavBar: true
03-13 09:45:56.503  3003  3067 I InputManager-JNI: notifyPointerDisplayIdChanged: pointer displayId set to: 1
03-13 09:45:56.503  2007  2007 I sensors-hal: ~worker:65, worker(0xb400007a0f4dad50) send sig to tid= 15548
03-13 09:45:56.503  2022  2124 I HYPER-HAL: [RequestManager.cpp]releaseLocked(): Released ID : 20540874
03-13 09:45:56.503  4205  4205 D LayoutProviderContainerImpl: getCoverDisplayContext, cover display=Display id 1: DisplayInfo{"Built-in Screen", displayId 1, displayGroupId 0, FLAG_SECURE, FLAG_SUPPORTS_PROTECTED_BUFFERS, FLAG_PRESENTATION, FLAG_CAN_SHOW_WITH_INSECURE_KEYGUARD, FLAG_SHOULD_SHOW_SYSTEM_DECORATIONS, FLAG_TRUSTED, FLAG_ALLOWS_CONTENT_MODE_SWITCH, real 748 x 720, largest app 748 x 748, smallest app 618 x 552, appVsyncOff 16666666, presDeadline 17666666, mode 8, renderFrameRate 60.000004, hasArrSupport false, frameRateCategoryRate FrameRateCategoryRate {normal=60.0, high=90.0}, supportedRefreshRates [60.000004], defaultMode 8, REFRESH_RATE_MODE_SEAMLESS, userPreferredModeId -1, supportedModes [{id=8, width=748, height=720, fps=60.000004, vsync=60.000004, synthetic=false, alternativeRefreshRates=[], supportedHdrTypes=[2, 3, 4]}], appsSupportedModes [{id=8, width=748, height=720, fps=60.000004, vsync=60.000004, synthetic=false, alternativeRefreshRates=[], supportedHdrTypes=[2, 3, 4]}], hdrCapabilities HdrCapabilities{mSupportedHdrTypes=[2, 3, 4], mMaxLuminance=450.0, mMaxAverageLuminance=225.00024, mMinLuminance=5.0E-4}, isForceSdr false, userDisabledHdrTypes [], minimalPostProcessingSupported false, rotation 0, state OFF, committedState OFF}, DisplayMetrics{density=2.125, width=748, height=618, scaledDensity=2.125, xdpi=306.438, ydpi=309.966}, isValid=true
03-13 09:45:56.503  2007  2007 I sensors-hal: ~worker:74, worker(0xb400007a0f4dad50) is destroyed, remaining task = 0, tid= 15548
03-13 09:45:56.503  2007  2007 I sensors-hal: ~qsh_qmi:58, ~qsh_qmi
03-13 09:45:56.503  2007  2007 I sensors-hal: activate:330, android.sensor.gravity/91 en=0 completed
03-13 09:45:56.504  2092  2092 I SSC_DAEMON: handleSensorTestReqMsg:85, Sensor type :4, Msg type:15
03-13 09:45:56.504  2092  2092 I SSC_DAEMON: physicalSensorTestReqMsg:130, s:4, m:15
03-13 09:45:56.504  4205  4205 D Navbar.Store: --updateLayoutProvider() layoutProviderContainer = com.android.systemui.navigationbar.layout.LayoutProviderContainerImpl@1dbf89d
03-13 09:45:56.504  4205  4205 D NavBarStateManager: NavBarStates(1) supportLargeCoverScreenNavBar: true
03-13 09:45:56.504  4205  4205 D LayoutProviderContainerImpl: getCoverDisplayContext, cover display=Display id 1: DisplayInfo{"Built-in Screen", displayId 1, displayGroupId 0, FLAG_SECURE, FLAG_SUPPORTS_PROTECTED_BUFFERS, FLAG_PRESENTATION, FLAG_CAN_SHOW_WITH_INSECURE_KEYGUARD, FLAG_SHOULD_SHOW_SYSTEM_DECORATIONS, FLAG_TRUSTED, FLAG_ALLOWS_CONTENT_MODE_SWITCH, real 748 x 720, largest app 748 x 748, smallest app 618 x 552, appVsyncOff 16666666, presDeadline 17666666, mode 8, renderFrameRate 60.000004, hasArrSupport false, frameRateCategoryRate FrameRateCategoryRate {normal=60.0, high=90.0}, supportedRefreshRates [60.000004], defaultMode 8, REFRESH_RATE_MODE_SEAMLESS, userPreferredModeId -1, supportedModes [{id=8, width=748, height=720, fps=60.000004, vsync=60.000004, synthetic=false, alternativeRefreshRates=[], supportedHdrTypes=[2, 3, 4]}], appsSupportedModes [{id=8, width=748, height=720, fps=60.000004, vsync=60.000004, synthetic=false, alternativeRefreshRates=[], supportedHdrTypes=[2, 3, 4]}], hdrCapabilities HdrCapabilities{mSupportedHdrTypes=[2, 3, 4], mMaxLuminance=450.0, mMaxAverageLuminance=225.00024, mMinLuminance=5.0E-4}, isForceSdr false, userDisabledHdrTypes [], minimalPostProcessingSupported false, rotation 0, state OFF, committedState OFF}, DisplayMetrics{density=2.125, width=748, height=618, scaledDensity=2.125, xdpi=306.438, ydpi=309.966}, isValid=true
03-13 09:45:56.504  4205  4205 D Navbar.Store: --[Band] (afterAction) STABLE_LAYOUT_PACK_NAVBAR_CONFIG_CHANGED
03-13 09:45:56.505  4205  4205 D AppController: AppControlSensorListener.onSensorChanged, Rotation: -1
03-13 09:45:56.504  3003  3661 I InputReader: Reconfiguring input devices, changes=DISPLAY_INFO
03-13 09:45:56.505  3003  3661 I InputReader: support feature by TSP : 0x321
03-13 09:45:56.505  3003  3661 I InputReader: support feature by TSP : 0x321
03-13 09:45:56.505  3003  3661 W InputReader: Rotary Encoder device configuration file didn't specify resolution!
03-13 09:45:56.505  3003  3661 W InputReader: Rotary Encoder device configuration file didn't specify scaling factor,default to 1.000000!
03-13 09:45:56.505  3003  3661 I InputReader: Rotary Encoder device configuration file didn't specify min log rotation.
03-13 09:45:56.505  4205  4205 I SubScreenManager:  onDeviceStateChanged DeviceState{identifier=0, name='CLOSED', app_accessible=false, cancel_when_requester_not_on_top=false}
03-13 09:45:56.505  4205  4205 I SubScreenManager: requestDualState false
03-13 09:45:56.505  2092  3859 I SSC_DAEMON: light_event_log:196, light_msg(4/15): panel off (idx 0) - 0,-1,-1,0
03-13 09:45:56.506  4607  4607 D libnfc_nci: nfcManager_doSetScreenState: state = 1 prevScreenState= 8, discovry_param = 1
03-13 09:45:56.506  3003  4920 I DeviceStateManagerService: cancelRequestInternal pid:4205, ignore
03-13 09:45:56.506  4205  4205 I SubScreenManager: onDeviceStateChanged() 
03-13 09:45:56.506  4205  4205 I SubLauncher:SubLauncherStateManager@232606011: setTentMode: 2 -> 0 
03-13 09:45:56.506  4205  4205 I FoldStateManager: onFoldStateChanged: true
03-13 09:45:56.506  4205  4205 I FoldStateManager: updateFoldState: isFolded = true
03-13 09:45:56.506  4205  4205 I FoldStateManager: onTableModeChanged: false
03-13 09:45:56.506  4205  4205 I FoldStateManager: updateTableMode: isTableMode = false
03-13 09:45:56.506  4205  4205 D SecVolume.VolumePanelStore: dispatch [ACTION_FOLDER_STATE_CHANGED with [STATE_NO_DISPATCH], currentAction={isFromOutside : true, isFolded : true}, currentState={activeStream=3(vol=0), stream=-1(vol=null) } isMediaDefaultEnabled : true, isVoiceCapable : true, isCaptionComponentEnabled : true, isHasVibrator : true, isSetupWizardComplete : true, timeOutControls : 0, pinDevice : 0, earProtectLevel : 909, ringerModeInternal : 0, timeOutControlsText : 0, activeStream : 3, timeOut : 3000, cutoutHeight : 0, systemTimeNow : 13420931}
03-13 09:45:56.506  4205  4205 D SecVolume.VolumePanelStore:   > New State : [STATE_FOLDER_STATE_CHANGED]
03-13 09:45:56.506  3003  7293 I NSLocationProviderHelper: updateRemoveInfo, uid=10259
03-13 09:45:56.506  3003  7293 D LocationManagerService: gps provider removed registration from 10259/com.google.android.gms[fused_location_provider]/26339804
03-13 09:45:56.506  3003  7293 D LocationManagerService: gps provider request changed to ProviderRequest[OFF]
03-13 09:45:56.506  4607  4986 D NxpGenExtn: vendor_nfc_handle_event Enter eventCode:11
03-13 09:45:56.506  4607  4986 D NxpGenExtn: phNxpExtn_HandleVendorNciMsg Not vendor specific command!!
03-13 09:45:56.506  4607  4986 I NxpGenExtn: phNxpExtn_Write NCI datalen:7
03-13 09:45:56.506  4607  4986 I NxpGenExtn: processExtnWrite Enter dataLen:7
03-13 09:45:56.506  4607  4986 I NxpPropExtn: phNxpProp_ProcessExtnWrite PropExtensionController Enter dataLen:7
03-13 09:45:56.506  4607  4986 I NxpPropExtn: processExtnWrite Enter
03-13 09:45:56.506  4607  4986 D NxpPropExtn: NciStateMonitor processExtnWrite Enter
03-13 09:45:56.506  4607  4986 D NxpPropExtn: resendRequired, resend required
03-13 09:45:56.506  4607  4986 D NxpGenExtn: write Enter wLength:7
03-13 09:45:56.506  4832  8345 I HoneySpace.SystemUiRepository: assistantAvailable = false
03-13 09:45:56.506  4607  4986 D NxpGenExtn: palenQueueWrite Enter wLength:7
03-13 09:45:56.506  5490  5568 E RequestManager_FLP: [LocationManager] Location remove 26339804 from com.google.android.gms
03-13 09:45:56.507  5490  5568 I LocationRequestData_FLP: Remove in requestInfoList, 26339804 / ListSize[gps]=0
03-13 09:45:56.507  5490  5568 I NewStopController_FLP: onMinIntervalChanged=-1
03-13 09:45:56.507  5490  5568 I NewStopController_FLP: motionMonitorComplete
03-13 09:45:56.507  5490  5568 I NewStopController_FLP: motionMonitorComplete, remove checking message
03-13 09:45:56.507  5490  5568 I NewStopController_FLP: removeLastLocationUpdate
03-13 09:45:56.507  4607 16383 D NxpGenExtn: enQueueWriteInternal Enter wLength:7
03-13 09:45:56.507 15176 15545 D SensorManager: unregisterListener
03-13 09:45:56.507  5490  5568 E NewStopController_FLP: already registered stationary, return
03-13 09:45:56.507  2439  2439 I android.hardware.nfc-service.nxp: write
03-13 09:45:56.507  4205  4205 I Dialog  : mIsDeviceDefault = false, mIsSamsungBasicInteraction = false, isMetaDataInActivity = false
03-13 09:45:56.508  4205  4205 I DecorView: setWindowBackground: isPopOver=false color=0 d=android.graphics.drawable.ColorDrawable@fa48fd8
03-13 09:45:56.508  2007  2007 I sensors-hal: set_config:60, sample_period_ns is adjusted to 10000000 based on min/max delay_ns
03-13 09:45:56.508  2007  2007 I sensors-hal: batch:363, android.sensor.accelerometer/11, period=10000000, max_latency=0 request completed
03-13 09:45:56.508 16161  7386 W NetworkScheduler.ATC: Called cancelTask for already completed task com.google.android.gms/.measurement.PackageMeasurementTaskService{u=0 tag="Measurement.PackageMeasurementTaskService.UPLOAD_TASK_TAG" trigger=window{start=0s,end=1s,earliest=-351s,latest=-350s} requirements=[NET_CONNECTED,PREFERRED_NET_UNMETERED,PREFERRED_CHARGING] attributes=[PERSISTED] scheduled=-351s last_run=-351s exec_window_multiplier=1.0000 jid=N/A status=ACTIVE retries=0 client_lib=GMS_TASK_SCHEDULER-261033000} :1 [CONTEXT service_id=218 ]
03-13 09:45:56.508  4205  4205 D SubFullLayoutVolumePanelView: SubFullLayoutVolumePanelView: bind
03-13 09:45:56.508  4205  4205 D SecVolume.VolumePanelStore: subscribe : observer count=4, observer=com.android.systemui.volume.view.subscreen.full.SubFullLayoutVolumePanelWindow@5cc1ee
03-13 09:45:56.508  4205  4205 D SecVolume.VolumePanelStore: subscribe : observer count=5, observer=com.android.systemui.volume.view.subscreen.full.SubFullLayoutVolumePanelView{6a9468f V.E...... ......I. 0,0-0,0 #7f0a0f4e app:id/volume_panel_view_root}
03-13 09:45:56.509  4205  4205 D SubscreenQsPanelControllerBase: onFolderStateChangedfalse
03-13 09:45:56.509  4205  4205 D SubscreenQsPanelControllerBase: setTiles 
03-13 09:45:56.509  4205  4205 D SubscreenQsPanelControllerBase: adding Tilespec : Wifi
03-13 09:45:56.509  4205  4205 E SecQSPanelResourcePickHelper: need to prepare suitable picker for COVER
03-13 09:45:56.509  4205  4205 E SecQSPanelResourcePickHelper: need to prepare suitable picker for COVER
03-13 09:45:56.509  4205  4205 E SecQSPanelResourcePickHelper: need to prepare suitable picker for COVER
03-13 09:45:56.509  4205  4205 E SecQSPanelResourcePickHelper: need to prepare suitable picker for COVER
03-13 09:45:56.509  4205 16384 I DymLock|LockContainerStore: do action : change_folder_state
03-13 09:45:56.509  4205  4205 E SecQSPanelResourcePickHelper: need to prepare suitable picker for COVER
03-13 09:45:56.509  4205  4205 D SubRoomQsTileBaseView: updateSubscreenTileStroke
03-13 09:45:56.509  4205 16384 I DymLock|BaseLockStateContainer: onLockContainerStoreChangeEvent action[folder_change_event]
03-13 09:45:56.509  4205  4205 D SubscreenQsPanelControllerBase: addTile tile.getTileSpec():  record: com.android.systemui.qs.QSPanelControllerBase$TileRecord@83a0d25 mSubscreenRecords.size(): 1
03-13 09:45:56.509  4205  4205 D SubscreenQsPanelControllerBase: adding Tilespec : SoundMode
03-13 09:45:56.509  4205 16384 W DymLock|BaseLockStateContainer: onLockContainerStoreChangeEvent : not dls state
03-13 09:45:56.509  4205  4205 E SecQSPanelResourcePickHelper: need to prepare suitable picker for COVER
03-13 09:45:56.509  4205  4205 E SecQSPanelResourcePickHelper: need to prepare suitable picker for COVER
03-13 09:45:56.509  4205  4205 E SecQSPanelResourcePickHelper: need to prepare suitable picker for COVER
03-13 09:45:56.509  4205  4362 D Tile.WifiTile: handleUpdateState isTransient=false transientEnabling =false cb.isTransient=false state.state = 2 mStateBeforeClick.value =false enabled =true
03-13 09:45:56.509  4205  4205 E SecQSPanelResourcePickHelper: need to prepare suitable picker for COVER
03-13 09:45:56.509  4205  4205 E SecQSPanelResourcePickHelper: need to prepare suitable picker for COVER
03-13 09:45:56.509  4205  4205 D SubRoomQsTileBaseView: updateSubscreenTileStroke
03-13 09:45:56.509  4205  4205 D SubscreenQsPanelControllerBase: addTile tile.getTileSpec():  record: com.android.systemui.qs.QSPanelControllerBase$TileRecord@afdbcab mSubscreenRecords.size(): 2
03-13 09:45:56.509  4205  4205 D SubscreenQsPanelControllerBase: adding Tilespec : Bluetooth
03-13 09:45:56.509  4205  4205 E SecQSPanelResourcePickHelper: need to prepare suitable picker for COVER
03-13 09:45:56.509  4205  4205 E SecQSPanelResourcePickHelper: need to prepare suitable picker for COVER
03-13 09:45:56.509  4205  4205 E SecQSPanelResourcePickHelper: need to prepare suitable picker for COVER
03-13 09:45:56.509  4205  4205 E SecQSPanelResourcePickHelper: need to prepare suitable picker for COVER
03-13 09:45:56.509  4205  4205 E SecQSPanelResourcePickHelper: need to prepare suitable picker for COVER
03-13 09:45:56.509  4205  4205 D SubRoomQsTileBaseView: updateSubscreenTileStroke
03-13 09:45:56.509  4205  4205 D SubscreenQsPanelControllerBase: addTile tile.getTileSpec():  record: com.android.systemui.qs.QSPanelControllerBase$TileRecord@3a356a1 mSubscreenRecords.size(): 3
03-13 09:45:56.509  4205  4205 D SubscreenQsPanelControllerBase: adding Tilespec : AirplaneMode
03-13 09:45:56.509  4205  4205 E SecQSPanelResourcePickHelper: need to prepare suitable picker for COVER
03-13 09:45:56.509  2007  2007 I sensors-hal: set_config:60, sample_period_ns is adjusted to 10000000 based on min/max delay_ns
03-13 09:45:56.509  2007  2007 I sensors-hal: batch:363, android.sensor.accelerometer/11, period=10000000, max_latency=0 request completed
03-13 09:45:56.509  4205  4205 E SecQSPanelResourcePickHelper: need to prepare suitable picker for COVER
03-13 09:45:56.509  4205  4205 E SecQSPanelResourcePickHelper: need to prepare suitable picker for COVER
03-13 09:45:56.509  4205  4205 E SecQSPanelResourcePickHelper: need to prepare suitable picker for COVER
03-13 09:45:56.509  4205  4205 E SecQSPanelResourcePickHelper: need to prepare suitable picker for COVER
03-13 09:45:56.509  4205  4205 D SubRoomQsTileBaseView: updateSubscreenTileStroke
03-13 09:45:56.509  4205  4205 D SubscreenQsPanelControllerBase: addTile tile.getTileSpec():  record: com.android.systemui.qs.QSPanelControllerBase$TileRecord@27720c6 mSubscreenRecords.size(): 4
03-13 09:45:56.509  4205  4205 D SubscreenQsPanelControllerBase: adding Tilespec : Flashlight
03-13 09:45:56.509  4205  4205 E SecQSPanelResourcePickHelper: need to prepare suitable picker for COVER
03-13 09:45:56.510  4205  4205 E SecQSPanelResourcePickHelper: need to prepare suitable picker for COVER
03-13 09:45:56.510  4205  4205 E SecQSPanelResourcePickHelper: need to prepare suitable picker for COVER
03-13 09:45:56.510  4205  4205 E SecQSPanelResourcePickHelper: need to prepare suitable picker for COVER
03-13 09:45:56.510  4205  4205 E SecQSPanelResourcePickHelper: need to prepare suitable picker for COVER
03-13 09:45:56.510  4205  4205 D SubRoomQsTileBaseView: updateSubscreenTileStroke
03-13 09:45:56.510  4205  4205 D SubscreenQsPanelControllerBase: addTile tile.getTileSpec():  record: com.android.systemui.qs.QSPanelControllerBase$TileRecord@7d97887 mSubscreenRecords.size(): 5
03-13 09:45:56.510  4205  4205 D SubscreenQsPanelControllerBase: adding Tilespec : MobileData
03-13 09:45:56.510  4205  4205 E SecQSPanelResourcePickHelper: need to prepare suitable picker for COVER
03-13 09:45:56.510  4205  4205 E SecQSPanelResourcePickHelper: need to prepare suitable picker for COVER
03-13 09:45:56.510  4205  4205 E SecQSPanelResourcePickHelper: need to prepare suitable picker for COVER
03-13 09:45:56.510  4205  4205 E SecQSPanelResourcePickHelper: need to prepare suitable picker for COVER
03-13 09:45:56.510  4205  4205 E SecQSPanelResourcePickHelper: need to prepare suitable picker for COVER
03-13 09:45:56.510  4205  4205 D SubRoomQsTileBaseView: updateSubscreenTileStroke
03-13 09:45:56.510  4205  4205 D SubscreenQsPanelControllerBase: addTile tile.getTileSpec():  record: com.android.systemui.qs.QSPanelControllerBase$TileRecord@9bba3b4 mSubscreenRecords.size(): 6
03-13 09:45:56.510  4205  4205 D SubscreenQsPanelControllerBase: adding Tilespec : custom(com.samsung.android.app.smartcapture/com.samsung.android.app.screenrecorder.view.RecordScreenTile)
03-13 09:45:56.510  4205  4205 E SecQSPanelResourcePickHelper: need to prepare suitable picker for COVER
03-13 09:45:56.510  4205  4205 E SecQSPanelResourcePickHelper: need to prepare suitable picker for COVER
03-13 09:45:56.510  4205  4205 E SecQSPanelResourcePickHelper: need to prepare suitable picker for COVER
03-13 09:45:56.510  4205  4205 E SecQSPanelResourcePickHelper: need to prepare suitable picker for COVER
03-13 09:45:56.510  4205  4205 E SecQSPanelResourcePickHelper: need to prepare suitable picker for COVER
03-13 09:45:56.510  4205  4205 D SubRoomQsTileBaseView: updateSubscreenTileStroke
03-13 09:45:56.510  4205  4205 D SubscreenQsPanelControllerBase: addTile tile.getTileSpec():  record: com.android.systemui.qs.QSPanelControllerBase$TileRecord@1fdbbdd mSubscreenRecords.size(): 7
03-13 09:45:56.510  4205  4205 D SubscreenQsPanelControllerBase: adding Tilespec : custom(com.samsung.android.app.routines/.LifestyleModeTile)
03-13 09:45:56.510  3003  3951 D GnssLocationProvider: setRequest ProviderRequest[OFF]
03-13 09:45:56.510  4205  4205 E SecQSPanelResourcePickHelper: need to prepare suitable picker for COVER
03-13 09:45:56.510  4205  4205 E SecQSPanelResourcePickHelper: need to prepare suitable picker for COVER
03-13 09:45:56.510  4205  4205 E SecQSPanelResourcePickHelper: need to prepare suitable picker for COVER
03-13 09:45:56.510  4205  4205 E SecQSPanelResourcePickHelper: need to prepare suitable picker for COVER
03-13 09:45:56.510  4205  4205 E SecQSPanelResourcePickHelper: need to prepare suitable picker for COVER
03-13 09:45:56.510  4205  4205 D SubRoomQsTileBaseView: updateSubscreenTileStroke
03-13 09:45:56.510  4205  4205 D SubscreenQsPanelControllerBase: addTile tile.getTileSpec():  record: com.android.systemui.qs.QSPanelControllerBase$TileRecord@2348352 mSubscreenRecords.size(): 8
03-13 09:45:56.510  4205  4205 D SubscreenQsPanelControllerBase: adding Tilespec : Dnd
03-13 09:45:56.510  4205  4205 E SecQSPanelResourcePickHelper: need to prepare suitable picker for COVER
03-13 09:45:56.510  4205  4205 E SecQSPanelResourcePickHelper: need to prepare suitable picker for COVER
03-13 09:45:56.510  4205  4205 E SecQSPanelResourcePickHelper: need to prepare suitable picker for COVER
03-13 09:45:56.510  4205  4205 E SecQSPanelResourcePickHelper: need to prepare suitable picker for COVER
03-13 09:45:56.510  4205  4205 E SecQSPanelResourcePickHelper: need to prepare suitable picker for COVER
03-13 09:45:56.510  4205  4362 D Tile.SoundModeTile: handleUpdateState: profile 0, muteAllSound false
03-13 09:45:56.510  4205  4205 D SubRoomQsTileBaseView: updateSubscreenTileStroke
03-13 09:45:56.510  3003  3951 D GnssLocationProvider: mStarted =  true, isEnabled = true
03-13 09:45:56.510  4205  4205 D SubscreenQsPanelControllerBase: addTile tile.getTileSpec():  record: com.android.systemui.qs.QSPanelControllerBase$TileRecord@494720 mSubscreenRecords.size(): 9
03-13 09:45:56.510  4205  4205 D SubscreenQsPanelControllerBase: setTiles 
03-13 09:45:56.510  4205  4205 D SubscreenQsPanelControllerBase: adding Tilespec : Wifi
03-13 09:45:56.510  4205  4205 E SecQSPanelResourcePickHelper: need to prepare suitable picker for COVER
03-13 09:45:56.510  4205  4205 E SecQSPanelResourcePickHelper: need to prepare suitable picker for COVER
03-13 09:45:56.510  4205  4205 E SecQSPanelResourcePickHelper: need to prepare suitable picker for COVER
03-13 09:45:56.510  4205  4205 E SecQSPanelResourcePickHelper: need to prepare suitable picker for COVER
