03-13 09:49:14.645 20718 20718 D VRI[MwmActivity]@4e8a8ae: applyTransactionOnDraw applyImmediately
03-13 09:49:14.651  2007 21095 I sensors-hal: handle_sns_client_event:422, [0][166] gyro_sample_cal(cal_available:1)(3) [-0.001,-0.001,-0.000] bias[-0.002,-0.005, 0.003] 236955089687999
03-13 09:49:14.661 20718 20718 D SV[47545857 MwmActivity]: updateSurface: surface is not valid
03-13 09:49:14.661 20718 20718 I SV[47545857 MwmActivity]: releaseSurfaces: viewRoot = VRI[MwmActivity]@4e8a8ae
03-13 09:49:14.661 20718 20718 D VRI[MwmActivity]@4e8a8ae: applyTransactionOnDraw applyImmediately
03-13 09:49:14.678 20718 20718 D SV[47545857 MwmActivity]: updateSurface: surface is not valid
03-13 09:49:14.678 20718 20718 I SV[47545857 MwmActivity]: releaseSurfaces: viewRoot = VRI[MwmActivity]@4e8a8ae
03-13 09:49:14.678 20718 20718 D VRI[MwmActivity]@4e8a8ae: applyTransactionOnDraw applyImmediately
03-13 09:49:14.694 20718 20718 D SV[47545857 MwmActivity]: updateSurface: surface is not valid
03-13 09:49:14.694 20718 20718 I SV[47545857 MwmActivity]: releaseSurfaces: viewRoot = VRI[MwmActivity]@4e8a8ae
03-13 09:49:14.694 20718 20718 D VRI[MwmActivity]@4e8a8ae: applyTransactionOnDraw applyImmediately
03-13 09:49:14.707  3003  4411 D SLocation: WifiBssidMonitor - requestRefresh
03-13 09:49:14.708  3003  4411 W SLocation: WifiBssidMonitor - connected wifi : (c0:94:35:**:**:ff/776)
03-13 09:49:14.711 20718 20718 D SV[47545857 MwmActivity]: updateSurface: surface is not valid
03-13 09:49:14.711 20718 20718 I SV[47545857 MwmActivity]: releaseSurfaces: viewRoot = VRI[MwmActivity]@4e8a8ae
03-13 09:49:14.711 20718 20718 D VRI[MwmActivity]@4e8a8ae: applyTransactionOnDraw applyImmediately
03-13 09:49:14.717  3003  6708 I ActivityManager: Changes in 10405 6 to 10, 128 to 0
03-13 09:49:14.727 20718 20718 D SV[47545857 MwmActivity]: updateSurface: surface is not valid
03-13 09:49:14.727 20718 20718 I SV[47545857 MwmActivity]: releaseSurfaces: viewRoot = VRI[MwmActivity]@4e8a8ae
03-13 09:49:14.727 20718 20718 D VRI[MwmActivity]@4e8a8ae: applyTransactionOnDraw applyImmediately
03-13 09:49:14.727  3003  4002 D BackgroundInstallControlService: Package event received: 0
03-13 09:49:14.728  3003  6708 I ActivityManager: Changes in 10405 10 to 6, 0 to 128
03-13 09:49:14.728  3003  4002 D BackgroundInstallControlService: Package event received: 0
03-13 09:49:14.728  3003  4002 D BackgroundInstallControlService: Package event received: 0
03-13 09:49:14.728  3003  4002 D BackgroundInstallControlService: Package event received: 0
03-13 09:49:14.746 20718 20718 D SV[47545857 MwmActivity]: updateSurface: surface is not valid
03-13 09:49:14.746 20718 20718 I SV[47545857 MwmActivity]: releaseSurfaces: viewRoot = VRI[MwmActivity]@4e8a8ae
03-13 09:49:14.746 20718 20718 D VRI[MwmActivity]@4e8a8ae: applyTransactionOnDraw applyImmediately
03-13 09:49:14.761 20718 20718 D SV[47545857 MwmActivity]: updateSurface: surface is not valid
03-13 09:49:14.761 20718 20718 I SV[47545857 MwmActivity]: releaseSurfaces: viewRoot = VRI[MwmActivity]@4e8a8ae
03-13 09:49:14.761 20718 20718 D VRI[MwmActivity]@4e8a8ae: applyTransactionOnDraw applyImmediately
03-13 09:49:14.765  3003  3130 D PowerManagerService: displayReady: false groupId=0
03-13 09:49:14.767  3003  3130 D DisplayPowerController[0]: animateScreenStateChange: target=ON, mIsEnabled=true
03-13 09:49:14.768  3003  3130 D DisplayPowerController[1]: animateScreenStateChange: target=OFF, mIsEnabled=false
03-13 09:49:14.769  3003  3130 D PowerManagerService: displayReady: true groupId=0
03-13 09:49:14.777 20718 20718 D SV[47545857 MwmActivity]: updateSurface: surface is not valid
03-13 09:49:14.777 20718 20718 I SV[47545857 MwmActivity]: releaseSurfaces: viewRoot = VRI[MwmActivity]@4e8a8ae
03-13 09:49:14.777 20718 20718 D VRI[MwmActivity]@4e8a8ae: applyTransactionOnDraw applyImmediately
03-13 09:49:14.794 20718 20718 D SV[47545857 MwmActivity]: updateSurface: surface is not valid
03-13 09:49:14.795 20718 20718 I SV[47545857 MwmActivity]: releaseSurfaces: viewRoot = VRI[MwmActivity]@4e8a8ae
03-13 09:49:14.795 20718 20718 D VRI[MwmActivity]@4e8a8ae: applyTransactionOnDraw applyImmediately
03-13 09:49:14.812 20718 20718 D SV[47545857 MwmActivity]: updateSurface: surface is not valid
03-13 09:49:14.812 20718 20718 I SV[47545857 MwmActivity]: releaseSurfaces: viewRoot = VRI[MwmActivity]@4e8a8ae
03-13 09:49:14.812 20718 20718 D VRI[MwmActivity]@4e8a8ae: applyTransactionOnDraw applyImmediately
03-13 09:49:14.827 20718 20718 D SV[47545857 MwmActivity]: updateSurface: surface is not valid
03-13 09:49:14.827 20718 20718 I SV[47545857 MwmActivity]: releaseSurfaces: viewRoot = VRI[MwmActivity]@4e8a8ae
03-13 09:49:14.827 20718 20718 D VRI[MwmActivity]@4e8a8ae: applyTransactionOnDraw applyImmediately
03-13 09:49:14.844 20718 20718 D SV[47545857 MwmActivity]: updateSurface: surface is not valid
03-13 09:49:14.844 20718 20718 I SV[47545857 MwmActivity]: releaseSurfaces: viewRoot = VRI[MwmActivity]@4e8a8ae
03-13 09:49:14.844 20718 20718 D VRI[MwmActivity]@4e8a8ae: applyTransactionOnDraw applyImmediately
03-13 09:49:14.850  3003  3951 D GnssLocationProvider_ex: SV Count : 31 / 45      (PRN, Constellation, Type, SNR, Used)
03-13 09:49:14.850  3003  3951 D GnssLocationProvider_ex: (1, GPS, L1, 19.2, 1) (2, GPS, L1, 21.7, 1) (4, GPS, L1, 21.6, 0) (7, GPS, L1, 26.9, 1) (8, GPS, L1, 25.9, 1) (9, GPS, L1, 16.0, 1) 
03-13 09:49:14.850  3003  3951 D GnssLocationProvider_ex: (16, GPS, L1, 18.5, 0) (27, GPS, L1, 22.7, 0) (30, GPS, L1, 20.0, 0) (14, GLONASS, L1, 26.4, 1) (6, GLONASS, L1, 21.6, 0) (15, GLONASS, L1, 20.6, 0) 
03-13 09:49:14.850  3003  3951 D GnssLocationProvider_ex: (5, GLONASS, L1, 22.5, 1) (24, GLONASS, L1, 26.1, 1) (44, BEIDOU, L1, 28.6, 1) (34, BEIDOU, L1, 18.2, 0) (26, BEIDOU, L1, 23.2, 1) (25, BEIDOU, L1, 20.0, 0) 
03-13 09:49:14.850  3003  3951 D GnssLocationProvider_ex: (24, BEIDOU, L1, 25.9, 1) (4, GALILEO, L1, 22.4, 1) (6, GALILEO, L1, 13.6, 0) (13, GALILEO, L1, 14.2, 0) (21, GALILEO, L1, 29.7, 1) (23, GALILEO, L1, 28.1, 1) 
03-13 09:49:14.850  3003  3951 D GnssLocationProvider_ex: (1, GPS, L5, 16.9, 0) (8, GPS, L5, 29.8, 1) (9, GPS, L5, 25.4, 1) (27, GPS, L5, 24.0, 1) (30, GPS, L5, 20.7, 0) (4, GALILEO, L5, 21.6, 1) 
03-13 09:49:14.850  3003  3951 D GnssLocationProvider_ex: (6, GALILEO, L5, 19.1, 0) (18, GALILEO, L5, 22.5, 1) (19, GALILEO, L5, 17.1, 0) (21, GALILEO, L5, 23.2, 1) (23, GALILEO, L5, 28.2, 1) (26, GALILEO, L5, 22.3, 1) 
03-13 09:49:14.850  3003  3951 D GnssLocationProvider_ex: (24, BEIDOU, L5, 26.4, 1) (25, BEIDOU, L5, 23.6, 1) (34, BEIDOU, L5, 20.8, 1) (44, BEIDOU, L5, 26.9, 1) (24, BEIDOU, L1, 31.0, 1) (25, BEIDOU, L1, 19.3, 1) 
03-13 09:49:14.850  3003  3951 D GnssLocationProvider_ex: (26, BEIDOU, L1, 24.5, 1) (34, BEIDOU, L1, 19.6, 1) (44, BEIDOU, L1, 28.5, 1) 
03-13 09:49:14.852  5490  5568 I GnssEngineManager_FLP: updateSatelliteStatus, top4=29, top6=28, visibleSv=45, usedSv=31, usedL5Sv=12 (usedGps=8, usedGlo=3, usedBds=12, usedGal=8)
03-13 09:49:14.853  3003  3951 D GnssLocationProvider: reportLocation
03-13 09:49:14.858  5490  5568 I GnssEngineManager_FLP: onGpsLocationChanged, provider=gps / isMock=false / speed=0.0 / time=1773409755000 / elapsed=236955405312825
03-13 09:49:14.858  5490  5568 I NewStopController_FLP: isAvailableLastLoc, KeepStationary : false , timeGap : 18 , mStraightFixCount : 0
03-13 09:49:14.858  5490  5568 I NewStopController_FLP: onChangedGlpLocation, isGpsStopped= false, isReportingLL= false, isAvailableLastLoc : true
03-13 09:49:14.860 20718 20718 D SV[47545857 MwmActivity]: updateSurface: surface is not valid
03-13 09:49:14.860 20718 20718 I SV[47545857 MwmActivity]: releaseSurfaces: viewRoot = VRI[MwmActivity]@4e8a8ae
03-13 09:49:14.860 20718 20718 D VRI[MwmActivity]@4e8a8ae: applyTransactionOnDraw applyImmediately
03-13 09:49:14.863  3003 21012 I Mocca_VehicleDetectionHelper: (1.1.04.1)GPS: Avg speed: 0.0 Speed: 0.0 LIST: [0.0, 0.0, 0.0, 0.0, 0.0, 0.0, 0.0, 0.0, 0.0, 0.0]
03-13 09:49:14.863  3003 21012 D VehicleSensorHub: vehicleSendToSensorHub status : 2 type : 18
03-13 09:49:14.863  3003 21012 I SensorManager: Get Sensor type = 65586
03-13 09:49:14.864  3003  4411 D SLocation: PositionManager - Passive handleLocationChanged [G, A : 3.79, T : 1773409755000, ET : 236955405, E : DI, h : 21/26]
03-13 09:49:14.864 16161 16586 I FusedLocation: (REDACTED) location delivery to %s blocked - too close
03-13 09:49:14.864  3003 21012 D SensorService: setSContextDataLocked ints length 3 , byte length 5
03-13 09:49:14.864  3003 21012 D SensorService: setSContextDataLocked 123c17c1
03-13 09:49:14.864 16161 16586 I FusedLocation: (REDACTED) location delivery to %s blocked - too close
03-13 09:49:14.864  3003  4411 D SLocation: PositionManager - receive gps location
03-13 09:49:14.864  3003  4411 D SLocation: LocationBuffer - receivedLocation - op[interval(min 60000, max 300000), waitTime 36000000, numOfUpdates 20, minDistance 200.0]dist : 13.417585 diffTime : 5422 filtered Location
03-13 09:49:14.864  3003  4411 D SLocation: BatchManager - received batch location buffered = false
03-13 09:49:14.865  2007  2007 I sensors-hal: inject_sensor_data:407, handle 1502 send inject
03-13 09:49:14.865  2007  2007 I sensors-hal: sendContextData:290, sensor hal 5, (0xc1, 0x17, 0x3c, 0x12)
03-13 09:49:14.865  2007  2007 I sensors-hal: sendContextData:230, activities 5 c1, 1
03-13 09:49:14.865  2007  2007 I sensors-hal: sendUserData:251, Activities cmd 0xc1 0x17
03-13 09:49:14.865  2007  2007 I sensors-hal: create_send_context_data:80, sending create_send_context_data
03-13 09:49:14.865  2007  2007 I sensors-hal: send_context_data:694, activities, 4914309220830019584, 1320970896291267344, msgid:700
03-13 09:49:14.865 16161 16586 I FusedLocation: (REDACTED) location delivery to %s blocked - too fast
03-13 09:49:14.865 16161 16586 I FusedLocation: (REDACTED) location delivery to %s blocked - too close
03-13 09:49:14.865 16161 16586 I FusedLocation: (REDACTED) location delivery to %s blocked - too close
03-13 09:49:14.866  3003 21012 W ContextImpl: Calling a method in the system process without a qualified user: android.app.ContextImpl.sendBroadcast:1335 com.samsung.android.mocca.app.vehicle.AdvancedVehicleDetection.reportAdvancedVehicleEvent:185 com.samsung.android.mocca.app.vehicle.AdvancedVehicleDetection.handleLocEvent:277 com.samsung.android.mocca.app.vehicle.AdvancedVehicleDetection.p:0 D.e.h:136 
03-13 09:49:14.866  2007  3909 I sensors-hal: qsh_conn_resp_cb:930, resp_value = 0 for activities 
03-13 09:49:14.867  5490  5568 I GmsPassiveListener_FLP: onGmsLocationChanged, provider=fused / speed=0.090543695 / time=1773409754839 / elapsed=236955405312825
03-13 09:49:14.869  3003  4411 D SLocation: PositionManager - Passive handleLocationChanged [F, A : 3.79, T : 1773409754839, ET : 236955405, h : 21/26]
03-13 09:49:14.869  3003  4411 D SLocation: PositionManager - receive fused location
03-13 09:49:14.869  3003  4411 D SLocation: DuplicateLocationChecker_GeofenceLocationFilter - fused is duplicated last fused location
03-13 09:49:14.869  3003  4411 D SLocation: DuplicateLocationChecker_BatchManager - fused is duplicated last gps location
03-13 09:49:14.869 32228 32228 I [CE]_ContextEngineReceiver: onReceive - ContextEngineReceiver onReceive action : com.samsung.android.mocca.ACTION_ADVANCED_VEHICLE_EVENT
03-13 09:49:14.869 32228 32228 I [CE]_ContextEngineReceiver: onReceive - ActivityDataManager intent : com.samsung.android.mocca.ACTION_ADVANCED_VEHICLE_EVENT
03-13 09:49:14.870 32228 32228 I [CE]_MovingContextProvider: onReceive - Advanced Vehicle Context received: 18, 2
03-13 09:49:14.870 32228 32228 I [CE]_CarContextProvider: onReceive - Advanced Vehicle Context received: 18, 2
03-13 09:49:14.883  2022  2124 I HYPER-HAL: [RequestManager.cpp]acquire(): Acquired ID : 147857780  [2025 / 15170]    HINT :      list : [UCLAMP_MIN_BOOST / 50] [TID / 20902] [TID / 20903] [TID / 20718] [TID / 20881] 
03-13 09:49:14.888  2022  2124 I HYPER-HAL: [RequestManager.cpp]acquire(): Acquired ID : 147857780  [2025 / 15170]    HINT :      list : [UCLAMP_MIN_BOOST / 100] [TID / 20902] [TID / 20903] [TID / 20718] [TID / 20881] 
03-13 09:49:14.891  2022  2124 I HYPER-HAL: [RequestManager.cpp]acquire(): Acquired ID : 147857780  [2025 / 15170]    HINT :      list : [UCLAMP_MIN_BOOST / 150] [TID / 20902] [TID / 20903] [TID / 20718] [TID / 20881] 
03-13 09:49:14.894  2022  2124 I HYPER-HAL: [RequestManager.cpp]acquire(): Acquired ID : 147857780  [2025 / 15170]    HINT :      list : [UCLAMP_MIN_BOOST / 200] [TID / 20902] [TID / 20903] [TID / 20718] [TID / 20881] 
03-13 09:49:14.899 20718 20718 D SV[47545857 MwmActivity]: updateSurface: surface is not valid
03-13 09:49:14.899 20718 20718 I SV[47545857 MwmActivity]: releaseSurfaces: viewRoot = VRI[MwmActivity]@4e8a8ae
03-13 09:49:14.899 20718 20718 D VRI[MwmActivity]@4e8a8ae: applyTransactionOnDraw applyImmediately
03-13 09:49:14.901 20718 20718 D SV[47545857 MwmActivity]: updateSurface: surface is not valid
03-13 09:49:14.901 20718 20718 I SV[47545857 MwmActivity]: releaseSurfaces: viewRoot = VRI[MwmActivity]@4e8a8ae
03-13 09:49:14.901 20718 20718 D VRI[MwmActivity]@4e8a8ae: applyTransactionOnDraw applyImmediately
03-13 09:49:14.910 20718 20718 D SV[47545857 MwmActivity]: updateSurface: surface is not valid
03-13 09:49:14.910 20718 20718 I SV[47545857 MwmActivity]: releaseSurfaces: viewRoot = VRI[MwmActivity]@4e8a8ae
03-13 09:49:14.910 20718 20718 D VRI[MwmActivity]@4e8a8ae: applyTransactionOnDraw applyImmediately
03-13 09:49:14.927 20718 20718 D SV[47545857 MwmActivity]: updateSurface: surface is not valid
03-13 09:49:14.927 20718 20718 I SV[47545857 MwmActivity]: releaseSurfaces: viewRoot = VRI[MwmActivity]@4e8a8ae
03-13 09:49:14.927 20718 20718 D VRI[MwmActivity]@4e8a8ae: applyTransactionOnDraw applyImmediately
03-13 09:49:14.944 20718 20718 D SV[47545857 MwmActivity]: updateSurface: surface is not valid
03-13 09:49:14.944 20718 20718 I SV[47545857 MwmActivity]: releaseSurfaces: viewRoot = VRI[MwmActivity]@4e8a8ae
03-13 09:49:14.944 20718 20718 D VRI[MwmActivity]@4e8a8ae: applyTransactionOnDraw applyImmediately
03-13 09:49:14.961 20718 20718 D SV[47545857 MwmActivity]: updateSurface: surface is not valid
03-13 09:49:14.961 20718 20718 I SV[47545857 MwmActivity]: releaseSurfaces: viewRoot = VRI[MwmActivity]@4e8a8ae
03-13 09:49:14.961 20718 20718 D VRI[MwmActivity]@4e8a8ae: applyTransactionOnDraw applyImmediately
03-13 09:49:14.966  3003  3130 D PowerManagerService: displayReady: false groupId=0
03-13 09:49:14.967  3003  3130 D DisplayPowerController[0]: animateScreenStateChange: target=ON, mIsEnabled=true
03-13 09:49:14.967  3003  3130 D DisplayPowerController[1]: animateScreenStateChange: target=OFF, mIsEnabled=false
03-13 09:49:14.967  3003  3130 D PowerManagerService: displayReady: true groupId=0
03-13 09:49:14.977 20718 20718 D SV[47545857 MwmActivity]: updateSurface: surface is not valid
03-13 09:49:14.977 20718 20718 I SV[47545857 MwmActivity]: releaseSurfaces: viewRoot = VRI[MwmActivity]@4e8a8ae
03-13 09:49:14.977 20718 20718 D VRI[MwmActivity]@4e8a8ae: applyTransactionOnDraw applyImmediately
03-13 09:49:14.989  3003  6708 D SemContextService: lock : requestToUpdate
03-13 09:49:14.989  3003  6708 W CAE     : setCAProperty(ContextAwareService.java:509) - [setProperty 01] Mutex is locked for CH_LOC_TRIGGER
03-13 09:49:14.990  3003  3911 D SensorService: setSContextDataLocked ints length 2 , byte length 4
03-13 09:49:14.990  3003  3911 D SensorService: setSContextDataLocked 3db8
03-13 09:49:14.990  2007  2007 I sensors-hal: inject_sensor_data:407, handle 1502 send inject
03-13 09:49:14.991  2007  2007 I sensors-hal: sendContextData:290, sensor hal 4, (0xb8, 0x3d, 0x0, 0x0)
03-13 09:49:14.991  2007  2007 I sensors-hal: sendContextData:131, change_location_trigger 4,184
03-13 09:49:14.991  2007  2007 I sensors-hal: sendUserData:118, change_location_trigger h 184 m 61 s 0
03-13 09:49:14.991  2007  2007 I sensors-hal: create_send_context_data:66, change_location_trigger create_send_context_data
03-13 09:49:14.991  2007  2007 I sensors-hal: send_context_data:694, change_location_trigger, -244018566922240, 1320970896291267344, msgid:700
03-13 09:49:14.992  3003  6708 W CAE     : setCAProperty(ContextAwareService.java:515) - [setProperty 02] Mutex is unlocked for CH_LOC_TRIGGER
03-13 09:49:14.992  2007  3909 I sensors-hal: qsh_conn_resp_cb:930, resp_value = 0 for change_location_trigger 
03-13 09:49:14.992  3003  6708 D SemContextService:     .requestToUpdate() : service = Location Change Trigger
03-13 09:49:14.992  3003  6708 D SemContextService: unlock : requestToUpdate
03-13 09:49:14.993  3003  6708 D SemContextManager:   .requestToUpdate : listener = com.android.server.location.nsflp.NSLocationMonitor$5@d8278d1, service=Location Change Trigger
03-13 09:49:14.993  5490  7699 I NewStopController_FLP: StateChecker, check stationary message
03-13 09:49:14.993 20718 20718 D SV[47545857 MwmActivity]: updateSurface: surface is not valid
03-13 09:49:14.994 20718 20718 I SV[47545857 MwmActivity]: releaseSurfaces: viewRoot = VRI[MwmActivity]@4e8a8ae
03-13 09:49:14.994 20718 20718 D VRI[MwmActivity]@4e8a8ae: applyTransactionOnDraw applyImmediately
03-13 09:49:15.010 20718 20718 D SV[47545857 MwmActivity]: updateSurface: surface is not valid
03-13 09:49:15.010 20718 20718 I SV[47545857 MwmActivity]: releaseSurfaces: viewRoot = VRI[MwmActivity]@4e8a8ae
03-13 09:49:15.010 20718 20718 D VRI[MwmActivity]@4e8a8ae: applyTransactionOnDraw applyImmediately
03-13 09:49:15.027 20718 20718 D SV[47545857 MwmActivity]: updateSurface: surface is not valid
03-13 09:49:15.027 20718 20718 I SV[47545857 MwmActivity]: releaseSurfaces: viewRoot = VRI[MwmActivity]@4e8a8ae
03-13 09:49:15.027 20718 20718 D VRI[MwmActivity]@4e8a8ae: applyTransactionOnDraw applyImmediately
03-13 09:49:15.044 20718 20718 D SV[47545857 MwmActivity]: updateSurface: surface is not valid
03-13 09:49:15.044 20718 20718 I SV[47545857 MwmActivity]: releaseSurfaces: viewRoot = VRI[MwmActivity]@4e8a8ae
03-13 09:49:15.044 20718 20718 D VRI[MwmActivity]@4e8a8ae: applyTransactionOnDraw applyImmediately
03-13 09:49:15.044  2022  2124 I HYPER-HAL: [RequestManager.cpp]acquire(): Acquired ID : 147857780  [2025 / 15170]    HINT :      list : [UCLAMP_MIN_BOOST / 0] [TID / 20902] [TID / 20903] [TID / 20718] [TID / 20881] 
03-13 09:49:15.050  2007  3909 I sensors-hal: qsh_conn_event_cb:890, event[0] sensor:change_location_trigger  Wakeup, msg_id=1025, ts=4549648426338
03-13 09:49:15.050  2007  3909 I sensors-hal: handle_sns_client_event:85, change_location_trigger_event: msgid:1025
03-13 09:49:15.050  2007  3909 I sensors-hal: handle_sns_client_event:108, change_location_trigger_event: 255, 255
03-13 09:49:15.055  3003  3907 D CAE     : onGetSensorHubData(SensorHubParserProvider.java:92) - onGetSensorHubData Event [event buffer len :15], AP_WAKEUP
03-13 09:49:15.055  3003  3907 I CAE     : parse(SensorHubParserProvider.java:188) - buffer size = 15
03-13 09:49:15.055  3003  3907 I CAE     : parse(SensorHubParserProvider.java:199) - 1, 1, 61, -1, 0, 2, 1, 0, 0, 0, 1, 0, 0, 0, 0,
03-13 09:49:15.055  3003  3907 D CAE     : display(ContextProvider.java:375) - ================= CH_LOC_TRIGGER =================
03-13 09:49:15.055  3003  3907 I CAE     : display(ContextProvider.java:391) - duration=[1], property=[1], result=[2], reserved=[0]
03-13 09:49:15.056  3003  3904 D SemContextService: Service.updateContext() : service = Location Change Trigger
03-13 09:49:15.056  3003  3952 D SemContextManager: onSemContextChanged() : event = Location Change Trigger
03-13 09:49:15.056  3003  3952 D NSLocationMonitor: onSemContextChanged, activity : 1 result : 2 movement : 1
03-13 09:49:15.060 20718 20718 D SV[47545857 MwmActivity]: updateSurface: surface is not valid
03-13 09:49:15.060 20718 20718 I SV[47545857 MwmActivity]: releaseSurfaces: viewRoot = VRI[MwmActivity]@4e8a8ae
03-13 09:49:15.060 20718 20718 D VRI[MwmActivity]@4e8a8ae: applyTransactionOnDraw applyImmediately
03-13 09:49:15.077 20718 20718 D SV[47545857 MwmActivity]: updateSurface: surface is not valid
03-13 09:49:15.077 20718 20718 I SV[47545857 MwmActivity]: releaseSurfaces: viewRoot = VRI[MwmActivity]@4e8a8ae
03-13 09:49:15.077 20718 20718 D VRI[MwmActivity]@4e8a8ae: applyTransactionOnDraw applyImmediately
03-13 09:49:15.094 20718 20718 D SV[47545857 MwmActivity]: updateSurface: surface is not valid
03-13 09:49:15.094 20718 20718 I SV[47545857 MwmActivity]: releaseSurfaces: viewRoot = VRI[MwmActivity]@4e8a8ae
03-13 09:49:15.094 20718 20718 D VRI[MwmActivity]@4e8a8ae: applyTransactionOnDraw applyImmediately
03-13 09:49:15.110 20718 20718 D SV[47545857 MwmActivity]: updateSurface: surface is not valid
03-13 09:49:15.110 20718 20718 I SV[47545857 MwmActivity]: releaseSurfaces: viewRoot = VRI[MwmActivity]@4e8a8ae
03-13 09:49:15.110 20718 20718 D VRI[MwmActivity]@4e8a8ae: applyTransactionOnDraw applyImmediately
03-13 09:49:15.127 20718 20718 D SV[47545857 MwmActivity]: updateSurface: surface is not valid
03-13 09:49:15.127 20718 20718 I SV[47545857 MwmActivity]: releaseSurfaces: viewRoot = VRI[MwmActivity]@4e8a8ae
03-13 09:49:15.127 20718 20718 D VRI[MwmActivity]@4e8a8ae: applyTransactionOnDraw applyImmediately
03-13 09:49:15.127  2097  2125 E HeatmapThread: ECT Thread time in milliseconds: 1773409755
03-13 09:49:15.132  2097  2125 D HeatmapThread: !@ batteryplugType : 2
03-13 09:49:15.133  2097  2125 D HeatmapThread: !@ batteryLevel : 100  batteryTemperature : 335 
03-13 09:49:15.133  2097  2125 D HeatmapThread: !@ Heatmap currtime: 29556829
03-13 09:49:15.133  2097  2125 D HeatmapThread: !@ Heatmap prevtime: 29556800
03-13 09:49:15.133  2097  2125 D HeatmapThread: !@ Heatmap plugstarttime: 29556690
03-13 09:49:15.133  2097  2125 D HeatmapThread: !@ Heatmap prevv_dsoh_update_time: 29556810
03-13 09:49:15.133  2097  2125 E HeatmapThread: !@ CAM New BSOH: 100
03-13 09:49:15.133  2097  2125 E HeatmapThread: !@ CAM is Working
03-13 09:49:15.135  1171  1171 D io_stats: !@   8,0 r 3662374 116772400 w 4153748 90853964 d 382700 101121004 f 171391 412192 iot 1734212 0 th 0 0 0 pt 0 inp 0 0 61039.202
03-13 09:49:15.143 20718 20718 D SV[47545857 MwmActivity]: updateSurface: surface is not valid
03-13 09:49:15.144 20718 20718 I SV[47545857 MwmActivity]: releaseSurfaces: viewRoot = VRI[MwmActivity]@4e8a8ae
03-13 09:49:15.144 20718 20718 D VRI[MwmActivity]@4e8a8ae: applyTransactionOnDraw applyImmediately
03-13 09:49:15.161 20718 20718 D SV[47545857 MwmActivity]: updateSurface: surface is not valid
03-13 09:49:15.161 20718 20718 I SV[47545857 MwmActivity]: releaseSurfaces: viewRoot = VRI[MwmActivity]@4e8a8ae
03-13 09:49:15.161 20718 20718 D VRI[MwmActivity]@4e8a8ae: applyTransactionOnDraw applyImmediately
03-13 09:49:15.168  3003  3130 D PowerManagerService: displayReady: false groupId=0
03-13 09:49:15.169  3003  3130 D DisplayPowerController[0]: animateScreenStateChange: target=ON, mIsEnabled=true
03-13 09:49:15.170  3003  3130 D DisplayPowerController[1]: animateScreenStateChange: target=OFF, mIsEnabled=false
03-13 09:49:15.170  3003  3130 D PowerManagerService: displayReady: true groupId=0
03-13 09:49:15.177 20718 20718 D SV[47545857 MwmActivity]: updateSurface: surface is not valid
03-13 09:49:15.177 20718 20718 I SV[47545857 MwmActivity]: releaseSurfaces: viewRoot = VRI[MwmActivity]@4e8a8ae
03-13 09:49:15.177 20718 20718 D VRI[MwmActivity]@4e8a8ae: applyTransactionOnDraw applyImmediately
03-13 09:49:15.194 20718 20718 D SV[47545857 MwmActivity]: updateSurface: surface is not valid
03-13 09:49:15.194 20718 20718 I SV[47545857 MwmActivity]: releaseSurfaces: viewRoot = VRI[MwmActivity]@4e8a8ae
03-13 09:49:15.194 20718 20718 D VRI[MwmActivity]@4e8a8ae: applyTransactionOnDraw applyImmediately
03-13 09:49:15.210 20718 20718 D SV[47545857 MwmActivity]: updateSurface: surface is not valid
03-13 09:49:15.210 20718 20718 I SV[47545857 MwmActivity]: releaseSurfaces: viewRoot = VRI[MwmActivity]@4e8a8ae
03-13 09:49:15.210 20718 20718 D VRI[MwmActivity]@4e8a8ae: applyTransactionOnDraw applyImmediately
03-13 09:49:15.217  3003  4411 D SLocation: RequestSingleShotGpsAlgorithm - requestSingleShotGps
03-13 09:49:15.217  3003  4411 D SLocation: LocationProviderStatus - try to update provider status (GPS/NLP)
03-13 09:49:15.217  3003  4411 D SLocation: LocationProviderStatus - set isGpsOn : true, isNlpOn : true
03-13 09:49:15.217  3003  4411 D SLocation: LocationProviderStatus - gps & nlp status not changed
03-13 09:49:15.217  3003  4411 D SLocation: PositionManager - requestLocationUpdates(CHECK_OPEN_SKY_NLP_GEOFENCE) : GPS_PROVIDER
03-13 09:49:15.217  3003  4411 D SLocation: GPSManager - requestUpdate - GPS
03-13 09:49:15.222  3003  4411 D LocationManagerService: gps provider added registration from 1000/android[SLocationService]/113A4305 -> Request[@0 HIGH_ACCURACY, WorkSource{1000 android}]
03-13 09:49:15.222  3003  4411 I NSLocationProviderHelper: updateRequestInfo, uid=1000
03-13 09:49:15.224  5490  5568 I RequestManager_FLP: request from system, change packageName by tag from system to system(SLocationService)
03-13 09:49:15.224  5490  5568 E RequestManager_FLP: [LocationManager] Location request 113A4305(Listener) gps interval=0ms (min=0ms) from system(SLocationService) (1000_FINE_unknown_false_foreground)
03-13 09:49:15.225  5490  5568 I NewStopController_FLP: onReceiveGpsRequest, stop : false, reporting last loc : false
03-13 09:49:15.225  3003  4411 D LocationManagerService: gps provider request changed to ProviderRequest[@0, HIGH_ACCURACY, WorkSource{1000 android, 10468 com.maps.radar.navigation.android2023}]
03-13 09:49:15.225  5490  5568 I AppState_FLP: Success to save #2 snapshot in appStateMap, time=236955789 / appList=system(SLocationService)_gps_0_1
03-13 09:49:15.225  3003  3951 D GnssLocationProvider: setRequest ProviderRequest[@0, HIGH_ACCURACY, WorkSource{1000 android, 10468 com.maps.radar.navigation.android2023}]
03-13 09:49:15.226  3003  6501 I NSLocationMonitor: noteGpsOp, mode=2 (10259)
03-13 09:49:15.226  3003  3951 D GnssLocationProvider: mStarted =  true, isEnabled = true
03-13 09:49:15.226  3003  3951 D GnssLocationProvider: stopBatching
03-13 09:49:15.226  3003  6708 I NSLocationMonitor: noteGpsOp, mode=1 (1000)
03-13 09:49:15.227 20718 20718 D SV[47545857 MwmActivity]: updateSurface: surface is not valid
03-13 09:49:15.227 20718 20718 I SV[47545857 MwmActivity]: releaseSurfaces: viewRoot = VRI[MwmActivity]@4e8a8ae
03-13 09:49:15.227  5490  5568 I GpsSession_FLP: State[APP] is changed to system(SLocationService)_gps_0_1
03-13 09:49:15.227 20718 20718 D VRI[MwmActivity]@4e8a8ae: applyTransactionOnDraw applyImmediately
03-13 09:49:15.227  5490  5568 I LocFrameworkMonitor_FLP: updateRequirementsFromGlp, Engine interval is changed to 0
03-13 09:49:15.246 20718 20718 D SV[47545857 MwmActivity]: updateSurface: surface is not valid
03-13 09:49:15.246 20718 20718 I SV[47545857 MwmActivity]: releaseSurfaces: viewRoot = VRI[MwmActivity]@4e8a8ae
03-13 09:49:15.246 20718 20718 D VRI[MwmActivity]@4e8a8ae: applyTransactionOnDraw applyImmediately
03-13 09:49:15.260 20718 20718 D SV[47545857 MwmActivity]: updateSurface: surface is not valid
03-13 09:49:15.260 20718 20718 I SV[47545857 MwmActivity]: releaseSurfaces: viewRoot = VRI[MwmActivity]@4e8a8ae
03-13 09:49:15.260 20718 20718 D VRI[MwmActivity]@4e8a8ae: applyTransactionOnDraw applyImmediately
03-13 09:49:15.277 20718 20718 D SV[47545857 MwmActivity]: updateSurface: surface is not valid
03-13 09:49:15.277 20718 20718 I SV[47545857 MwmActivity]: releaseSurfaces: viewRoot = VRI[MwmActivity]@4e8a8ae
03-13 09:49:15.278 20718 20718 D VRI[MwmActivity]@4e8a8ae: applyTransactionOnDraw applyImmediately
03-13 09:49:15.294 20718 20718 D SV[47545857 MwmActivity]: updateSurface: surface is not valid
03-13 09:49:15.294 20718 20718 I SV[47545857 MwmActivity]: releaseSurfaces: viewRoot = VRI[MwmActivity]@4e8a8ae
03-13 09:49:15.294 20718 20718 D VRI[MwmActivity]@4e8a8ae: applyTransactionOnDraw applyImmediately
03-13 09:49:15.310 20718 20718 D SV[47545857 MwmActivity]: updateSurface: surface is not valid
03-13 09:49:15.310 20718 20718 I SV[47545857 MwmActivity]: releaseSurfaces: viewRoot = VRI[MwmActivity]@4e8a8ae
03-13 09:49:15.310 20718 20718 D VRI[MwmActivity]@4e8a8ae: applyTransactionOnDraw applyImmediately
03-13 09:49:15.327 20718 20718 D SV[47545857 MwmActivity]: updateSurface: surface is not valid
03-13 09:49:15.327 20718 20718 I SV[47545857 MwmActivity]: releaseSurfaces: viewRoot = VRI[MwmActivity]@4e8a8ae
03-13 09:49:15.327 20718 20718 D VRI[MwmActivity]@4e8a8ae: applyTransactionOnDraw applyImmediately
03-13 09:49:15.344 20718 20718 D SV[47545857 MwmActivity]: updateSurface: surface is not valid
03-13 09:49:15.344 20718 20718 I SV[47545857 MwmActivity]: releaseSurfaces: viewRoot = VRI[MwmActivity]@4e8a8ae
03-13 09:49:15.344 20718 20718 D VRI[MwmActivity]@4e8a8ae: applyTransactionOnDraw applyImmediately
03-13 09:49:15.361 20718 20718 D SV[47545857 MwmActivity]: updateSurface: surface is not valid
03-13 09:49:15.361 20718 20718 I SV[47545857 MwmActivity]: releaseSurfaces: viewRoot = VRI[MwmActivity]@4e8a8ae
03-13 09:49:15.361 20718 20718 D VRI[MwmActivity]@4e8a8ae: applyTransactionOnDraw applyImmediately
03-13 09:49:15.369  3003  3130 D PowerManagerService: displayReady: false groupId=0
03-13 09:49:15.369  3003  3130 D DisplayPowerController[0]: animateScreenStateChange: target=ON, mIsEnabled=true
03-13 09:49:15.370  3003  3130 D DisplayPowerController[1]: animateScreenStateChange: target=OFF, mIsEnabled=false
03-13 09:49:15.370  3003  3130 D PowerManagerService: displayReady: true groupId=0
03-13 09:49:15.377 20718 20718 D SV[47545857 MwmActivity]: updateSurface: surface is not valid
03-13 09:49:15.377 20718 20718 I SV[47545857 MwmActivity]: releaseSurfaces: viewRoot = VRI[MwmActivity]@4e8a8ae
03-13 09:49:15.377 20718 20718 D VRI[MwmActivity]@4e8a8ae: applyTransactionOnDraw applyImmediately
03-13 09:49:15.394 20718 20718 D SV[47545857 MwmActivity]: updateSurface: surface is not valid
03-13 09:49:15.394 20718 20718 I SV[47545857 MwmActivity]: releaseSurfaces: viewRoot = VRI[MwmActivity]@4e8a8ae
03-13 09:49:15.394 20718 20718 D VRI[MwmActivity]@4e8a8ae: applyTransactionOnDraw applyImmediately
03-13 09:49:15.410 20718 20718 D SV[47545857 MwmActivity]: updateSurface: surface is not valid
03-13 09:49:15.410 20718 20718 I SV[47545857 MwmActivity]: releaseSurfaces: viewRoot = VRI[MwmActivity]@4e8a8ae
03-13 09:49:15.410 20718 20718 D VRI[MwmActivity]@4e8a8ae: applyTransactionOnDraw applyImmediately
03-13 09:49:15.427 20718 20718 D SV[47545857 MwmActivity]: updateSurface: surface is not valid
03-13 09:49:15.427 20718 20718 I SV[47545857 MwmActivity]: releaseSurfaces: viewRoot = VRI[MwmActivity]@4e8a8ae
03-13 09:49:15.427 20718 20718 D VRI[MwmActivity]@4e8a8ae: applyTransactionOnDraw applyImmediately
03-13 09:49:15.431  4419 16539 D IpClient/wlan0: addressUpdated: 2601:85:ca02:f280:6446:daff:fe17:20b4/64 on ifindex 45 flags 0x00000100 scope 0
03-13 09:49:15.431  4419 16539 D IpClient/wlan0: addressUpdated: 2601:85:ca02:f280:d15d:952a:76b2:12a0/64 on ifindex 45 flags 0x00000001 scope 0
03-13 09:49:15.431  4419 16539 W AlarmManager: Unrecognized alarm listener com.android.networkstack.android.net.ip.IpClientLinkObserver$Dhcp6PdPreferredPrefixAlarmListener@fba7992
03-13 09:49:15.432  4419 16539 D ApfFilter: (wlan0): Ignoring RA RA fe80::c294:35ff:fe71:84fd -> ff02::1 180s 2601:85:ca02:f280::/64 7200s/7200s DNS 180s 2601:85:ca02:f280:c294:35ff:fe71:84fd 2001:558:feed::1 2001:558:feed::2 RIO 180s ::/0  which matches RA fe80::c294:35ff:fe71:84fd -> ff02::1 180s 2601:85:ca02:f280::/64 7200s/7200s DNS 180s 2601:85:ca02:f280:c294:35ff:fe71:84fd 2001:558:feed::1 2001:558:feed::2 RIO 180s ::/0 
03-13 09:49:15.435  4511  4511 I EPDG -- SIM0 [EpdgIntfCont]: sendInterfaceMessage, not mobile, ignore
03-13 09:49:15.435  4511  4511 I EPDG -- SIM1 [EpdgIntfCont]: sendInterfaceMessage, not mobile, ignore
03-13 09:49:15.435  4511  4511 I EPDG -- SIM1 [EpdgIntfCont]: sendInterfaceMessage, not mobile, ignore
03-13 09:49:15.435  4511  4511 I EPDG -- SIM0 [EpdgIntfCont]: sendInterfaceMessage, not mobile, ignore
03-13 09:49:15.443 20718 20718 D SV[47545857 MwmActivity]: updateSurface: surface is not valid
03-13 09:49:15.443 20718 20718 I SV[47545857 MwmActivity]: releaseSurfaces: viewRoot = VRI[MwmActivity]@4e8a8ae
03-13 09:49:15.443 20718 20718 D VRI[MwmActivity]@4e8a8ae: applyTransactionOnDraw applyImmediately
03-13 09:49:15.460 20718 20718 D SV[47545857 MwmActivity]: updateSurface: surface is not valid
03-13 09:49:15.460 20718 20718 I SV[47545857 MwmActivity]: releaseSurfaces: viewRoot = VRI[MwmActivity]@4e8a8ae
03-13 09:49:15.460 20718 20718 D VRI[MwmActivity]@4e8a8ae: applyTransactionOnDraw applyImmediately
03-13 09:49:15.477 20718 20718 D SV[47545857 MwmActivity]: updateSurface: surface is not valid
03-13 09:49:15.477 20718 20718 I SV[47545857 MwmActivity]: releaseSurfaces: viewRoot = VRI[MwmActivity]@4e8a8ae
03-13 09:49:15.477 20718 20718 D VRI[MwmActivity]@4e8a8ae: applyTransactionOnDraw applyImmediately
03-13 09:49:15.493 20718 20718 D SV[47545857 MwmActivity]: updateSurface: surface is not valid
03-13 09:49:15.493 20718 20718 I SV[47545857 MwmActivity]: releaseSurfaces: viewRoot = VRI[MwmActivity]@4e8a8ae
03-13 09:49:15.493 20718 20718 D VRI[MwmActivity]@4e8a8ae: applyTransactionOnDraw applyImmediately
03-13 09:49:15.510 20718 20718 D SV[47545857 MwmActivity]: updateSurface: surface is not valid
03-13 09:49:15.510 20718 20718 I SV[47545857 MwmActivity]: releaseSurfaces: viewRoot = VRI[MwmActivity]@4e8a8ae
03-13 09:49:15.510 20718 20718 D VRI[MwmActivity]@4e8a8ae: applyTransactionOnDraw applyImmediately
03-13 09:49:15.526 20718 20718 D SV[47545857 MwmActivity]: updateSurface: surface is not valid
03-13 09:49:15.527 20718 20718 I SV[47545857 MwmActivity]: releaseSurfaces: viewRoot = VRI[MwmActivity]@4e8a8ae
03-13 09:49:15.527 20718 20718 D VRI[MwmActivity]@4e8a8ae: applyTransactionOnDraw applyImmediately
03-13 09:49:15.543 20718 20718 D SV[47545857 MwmActivity]: updateSurface: surface is not valid
03-13 09:49:15.543 20718 20718 I SV[47545857 MwmActivity]: releaseSurfaces: viewRoot = VRI[MwmActivity]@4e8a8ae
03-13 09:49:15.543 20718 20718 D VRI[MwmActivity]@4e8a8ae: applyTransactionOnDraw applyImmediately
03-13 09:49:15.560 20718 20718 D SV[47545857 MwmActivity]: updateSurface: surface is not valid
03-13 09:49:15.560 20718 20718 I SV[47545857 MwmActivity]: releaseSurfaces: viewRoot = VRI[MwmActivity]@4e8a8ae
03-13 09:49:15.560 20718 20718 D VRI[MwmActivity]@4e8a8ae: applyTransactionOnDraw applyImmediately
03-13 09:49:15.569  3003  3130 D PowerManagerService: displayReady: false groupId=0
03-13 09:49:15.570  3003  3130 D DisplayPowerController[0]: animateScreenStateChange: target=ON, mIsEnabled=true
03-13 09:49:15.570  3003  3130 D DisplayPowerController[1]: animateScreenStateChange: target=OFF, mIsEnabled=false
03-13 09:49:15.571  3003  3130 D PowerManagerService: displayReady: true groupId=0
03-13 09:49:15.576 20718 20718 D SV[47545857 MwmActivity]: updateSurface: surface is not valid
03-13 09:49:15.577 20718 20718 I SV[47545857 MwmActivity]: releaseSurfaces: viewRoot = VRI[MwmActivity]@4e8a8ae
03-13 09:49:15.577 20718 20718 D VRI[MwmActivity]@4e8a8ae: applyTransactionOnDraw applyImmediately
03-13 09:49:15.593 20718 20718 D SV[47545857 MwmActivity]: updateSurface: surface is not valid
03-13 09:49:15.593 20718 20718 I SV[47545857 MwmActivity]: releaseSurfaces: viewRoot = VRI[MwmActivity]@4e8a8ae
03-13 09:49:15.593 20718 20718 D VRI[MwmActivity]@4e8a8ae: applyTransactionOnDraw applyImmediately
03-13 09:49:15.610 20718 20718 D SV[47545857 MwmActivity]: updateSurface: surface is not valid
03-13 09:49:15.610 20718 20718 I SV[47545857 MwmActivity]: releaseSurfaces: viewRoot = VRI[MwmActivity]@4e8a8ae
03-13 09:49:15.610 20718 20718 D VRI[MwmActivity]@4e8a8ae: applyTransactionOnDraw applyImmediately
03-13 09:49:15.627 20718 20718 D SV[47545857 MwmActivity]: updateSurface: surface is not valid
03-13 09:49:15.627 20718 20718 I SV[47545857 MwmActivity]: releaseSurfaces: viewRoot = VRI[MwmActivity]@4e8a8ae
03-13 09:49:15.627 20718 20718 D VRI[MwmActivity]@4e8a8ae: applyTransactionOnDraw applyImmediately
03-13 09:49:15.643 20718 20718 D SV[47545857 MwmActivity]: updateSurface: surface is not valid
03-13 09:49:15.644 20718 20718 I SV[47545857 MwmActivity]: releaseSurfaces: viewRoot = VRI[MwmActivity]@4e8a8ae
03-13 09:49:15.644 20718 20718 D VRI[MwmActivity]@4e8a8ae: applyTransactionOnDraw applyImmediately
03-13 09:49:15.660 20718 20718 D SV[47545857 MwmActivity]: updateSurface: surface is not valid
03-13 09:49:15.660 20718 20718 I SV[47545857 MwmActivity]: releaseSurfaces: viewRoot = VRI[MwmActivity]@4e8a8ae
03-13 09:49:15.660 20718 20718 D VRI[MwmActivity]@4e8a8ae: applyTransactionOnDraw applyImmediately
03-13 09:49:15.676 20718 20718 D SV[47545857 MwmActivity]: updateSurface: surface is not valid
03-13 09:49:15.676 20718 20718 I SV[47545857 MwmActivity]: releaseSurfaces: viewRoot = VRI[MwmActivity]@4e8a8ae
03-13 09:49:15.677 20718 20718 D VRI[MwmActivity]@4e8a8ae: applyTransactionOnDraw applyImmediately
03-13 09:49:15.693 20718 20718 D SV[47545857 MwmActivity]: updateSurface: surface is not valid
03-13 09:49:15.693 20718 20718 I SV[47545857 MwmActivity]: releaseSurfaces: viewRoot = VRI[MwmActivity]@4e8a8ae
03-13 09:49:15.693 20718 20718 D VRI[MwmActivity]@4e8a8ae: applyTransactionOnDraw applyImmediately
03-13 09:49:15.710 20718 20718 D SV[47545857 MwmActivity]: updateSurface: surface is not valid
03-13 09:49:15.710 20718 20718 I SV[47545857 MwmActivity]: releaseSurfaces: viewRoot = VRI[MwmActivity]@4e8a8ae
03-13 09:49:15.710 20718 20718 D VRI[MwmActivity]@4e8a8ae: applyTransactionOnDraw applyImmediately
03-13 09:49:15.727 20718 20718 D SV[47545857 MwmActivity]: updateSurface: surface is not valid
03-13 09:49:15.727 20718 20718 I SV[47545857 MwmActivity]: releaseSurfaces: viewRoot = VRI[MwmActivity]@4e8a8ae
03-13 09:49:15.727 20718 20718 D VRI[MwmActivity]@4e8a8ae: applyTransactionOnDraw applyImmediately
03-13 09:49:15.748 20718 20718 D SV[47545857 MwmActivity]: updateSurface: surface is not valid
03-13 09:49:15.748 20718 20718 I SV[47545857 MwmActivity]: releaseSurfaces: viewRoot = VRI[MwmActivity]@4e8a8ae
03-13 09:49:15.748 20718 20718 D VRI[MwmActivity]@4e8a8ae: applyTransactionOnDraw applyImmediately
03-13 09:49:15.759 20718 20718 D SV[47545857 MwmActivity]: updateSurface: surface is not valid
03-13 09:49:15.760 20718 20718 I SV[47545857 MwmActivity]: releaseSurfaces: viewRoot = VRI[MwmActivity]@4e8a8ae
03-13 09:49:15.760 20718 20718 D VRI[MwmActivity]@4e8a8ae: applyTransactionOnDraw applyImmediately
03-13 09:49:15.771  3003  3130 D PowerManagerService: displayReady: false groupId=0
03-13 09:49:15.771  3003  3130 D DisplayPowerController[0]: animateScreenStateChange: target=ON, mIsEnabled=true
03-13 09:49:15.772  3003  3130 D DisplayPowerController[1]: animateScreenStateChange: target=OFF, mIsEnabled=false
03-13 09:49:15.772  3003  3130 D PowerManagerService: displayReady: true groupId=0
03-13 09:49:15.776 20718 20718 D SV[47545857 MwmActivity]: updateSurface: surface is not valid
03-13 09:49:15.776 20718 20718 I SV[47545857 MwmActivity]: releaseSurfaces: viewRoot = VRI[MwmActivity]@4e8a8ae
03-13 09:49:15.776 20718 20718 D VRI[MwmActivity]@4e8a8ae: applyTransactionOnDraw applyImmediately
03-13 09:49:15.793 20718 20718 D SV[47545857 MwmActivity]: updateSurface: surface is not valid
03-13 09:49:15.793 20718 20718 I SV[47545857 MwmActivity]: releaseSurfaces: viewRoot = VRI[MwmActivity]@4e8a8ae
03-13 09:49:15.793 20718 20718 D VRI[MwmActivity]@4e8a8ae: applyTransactionOnDraw applyImmediately
03-13 09:49:15.810 20718 20718 D SV[47545857 MwmActivity]: updateSurface: surface is not valid
03-13 09:49:15.810 20718 20718 I SV[47545857 MwmActivity]: releaseSurfaces: viewRoot = VRI[MwmActivity]@4e8a8ae
03-13 09:49:15.810 20718 20718 D VRI[MwmActivity]@4e8a8ae: applyTransactionOnDraw applyImmediately
03-13 09:49:15.827 20718 20718 D SV[47545857 MwmActivity]: updateSurface: surface is not valid
03-13 09:49:15.827 20718 20718 I SV[47545857 MwmActivity]: releaseSurfaces: viewRoot = VRI[MwmActivity]@4e8a8ae
03-13 09:49:15.827 20718 20718 D VRI[MwmActivity]@4e8a8ae: applyTransactionOnDraw applyImmediately
03-13 09:49:15.843 20718 20718 D SV[47545857 MwmActivity]: updateSurface: surface is not valid
03-13 09:49:15.843 20718 20718 I SV[47545857 MwmActivity]: releaseSurfaces: viewRoot = VRI[MwmActivity]@4e8a8ae
03-13 09:49:15.843 20718 20718 D VRI[MwmActivity]@4e8a8ae: applyTransactionOnDraw applyImmediately
03-13 09:49:15.851  3003  3951 D GnssLocationProvider_ex: SV Count : 34 / 46      (PRN, Constellation, Type, SNR, Used)
03-13 09:49:15.851  3003  3951 D GnssLocationProvider_ex: (1, GPS, L1, 19.2, 1) (2, GPS, L1, 24.0, 1) (4, GPS, L1, 21.6, 0) (7, GPS, L1, 25.7, 1) (8, GPS, L1, 28.3, 1) (9, GPS, L1, 18.3, 1) 
03-13 09:49:15.851  3003  3951 D GnssLocationProvider_ex: (16, GPS, L1, 18.5, 0) (27, GPS, L1, 22.5, 0) (30, GPS, L1, 20.0, 1) (14, GLONASS, L1, 26.4, 1) (6, GLONASS, L1, 21.6, 0) (15, GLONASS, L1, 20.6, 0) 
03-13 09:49:15.851  3003  3951 D GnssLocationProvider_ex: (5, GLONASS, L1, 24.7, 1) (24, GLONASS, L1, 25.0, 1) (44, BEIDOU, L1, 29.3, 1) (34, BEIDOU, L1, 18.2, 0) (26, BEIDOU, L1, 23.9, 1) (25, BEIDOU, L1, 20.0, 0) 
03-13 09:49:15.851  3003  3951 D GnssLocationProvider_ex: (24, BEIDOU, L1, 24.8, 1) (4, GALILEO, L1, 22.4, 1) (6, GALILEO, L1, 13.6, 0) (13, GALILEO, L1, 14.2, 1) (18, GALILEO, L1, 14.8, 0) (21, GALILEO, L1, 26.8, 1) 
03-13 09:49:15.851  3003  3951 D GnssLocationProvider_ex: (23, GALILEO, L1, 25.1, 1) (1, GPS, L5, 16.9, 0) (8, GPS, L5, 30.8, 1) (9, GPS, L5, 24.9, 1) (27, GPS, L5, 23.5, 1) (30, GPS, L5, 20.7, 1) 
03-13 09:49:15.851  3003  3951 D GnssLocationProvider_ex: (4, GALILEO, L5, 21.6, 1) (6, GALILEO, L5, 19.1, 0) (18, GALILEO, L5, 24.3, 1) (19, GALILEO, L5, 17.1, 1) (21, GALILEO, L5, 22.3, 1) (23, GALILEO, L5, 26.0, 1) 
03-13 09:49:15.851  3003  3951 D GnssLocationProvider_ex: (26, GALILEO, L5, 22.0, 1) (24, BEIDOU, L5, 21.8, 1) (25, BEIDOU, L5, 20.8, 1) (34, BEIDOU, L5, 20.8, 0) (44, BEIDOU, L5, 27.8, 1) (24, BEIDOU, L1, 29.6, 1) 
03-13 09:49:15.851  3003  3951 D GnssLocationProvider_ex: (25, BEIDOU, L1, 19.3, 1) (26, BEIDOU, L1, 23.7, 1) (34, BEIDOU, L1, 19.6, 1) (44, BEIDOU, L1, 27.2, 1) 
03-13 09:49:15.852  5490  5568 I GnssEngineManager_FLP: updateSatelliteStatus, top4=29, top6=28, visibleSv=46, usedSv=34, usedL5Sv=13 (usedGps=10, usedGlo=3, usedBds=11, usedGal=10)
03-13 09:49:15.856  3003  3951 D GnssLocationProvider: reportLocation
03-13 09:49:15.858  5490  5568 I GnssEngineManager_FLP: onGpsLocationChanged, provider=gps / isMock=false / speed=0.0 / time=1773409756000 / elapsed=236956405919230
03-13 09:49:15.858  5490  5568 I NewStopController_FLP: isAvailableLastLoc, KeepStationary : false , timeGap : 18 , mStraightFixCount : 0
03-13 09:49:15.858  5490  5568 I NewStopController_FLP: onChangedGlpLocation, isGpsStopped= false, isReportingLL= false, isAvailableLastLoc : true
03-13 09:49:15.859 20718 20718 D SV[47545857 MwmActivity]: updateSurface: surface is not valid
03-13 09:49:15.859 20718 20718 I SV[47545857 MwmActivity]: releaseSurfaces: viewRoot = VRI[MwmActivity]@4e8a8ae
03-13 09:49:15.859 20718 20718 D VRI[MwmActivity]@4e8a8ae: applyTransactionOnDraw applyImmediately
03-13 09:49:15.861 16161 16586 I FusedLocation: (REDACTED) location delivery to %s blocked - too close
03-13 09:49:15.861 16161 16586 I FusedLocation: (REDACTED) location delivery to %s blocked - too close
03-13 09:49:15.863 16161 16586 I FusedLocation: (REDACTED) location delivery to %s blocked - too fast
03-13 09:49:15.863 16161 16586 I FusedLocation: (REDACTED) location delivery to %s blocked - too close
03-13 09:49:15.863 16161 16586 I FusedLocation: (REDACTED) location delivery to %s blocked - too close
03-13 09:49:15.865  3003  3951 D ActivityManager: Received BROADCAST intent 0xb218c3 Key{broadcastIntent pkg=com.samsung.android.mcfds intent=act=com.samsung.android.ce.sensor.sLocation.PASSIVE_INTENT xflg=0x4 pkg=com.samsung.android.mcfds flags=0x2000000 u=0} requestCode=20247613 sent=0 from uid 1000
03-13 09:49:15.866  5490  5568 I GmsPassiveListener_FLP: onGmsLocationChanged, provider=fused / speed=0.057206187 / time=1773409755840 / elapsed=236956405919230
03-13 09:49:15.867 32228 32228 I [CE]_ContextEngineReceiver: onReceive - ContextEngineReceiver onReceive action : com.samsung.android.ce.sensor.sLocation.PASSIVE_INTENT
03-13 09:49:15.867 32228 32228 I [CE]_ContextEngineReceiver: onReceive - SLocation intent : com.samsung.android.ce.sensor.sLocation.PASSIVE_INTENT
03-13 09:49:15.867 32228 32228 I [CE]_i  : OnReceive - [Passive Location] 20247613
03-13 09:49:15.868  3003  3951 D ActivityManager: Received BROADCAST intent 0x5626f03 Key{broadcastIntent pkg=com.samsung.android.mcfds intent=act=com.samsung.android.ce.sensor.LocationProvider.INTENT_MOVE_CONTEXT_PASSIVE_LOCATION xflg=0x4 pkg=com.samsung.android.mcfds flags=0x2000000 u=0} requestCode=2024320 sent=0 from uid 1000
03-13 09:49:15.870  3003  4411 D SLocation: PositionManager - Active handleLocationChanged [G, A : 3.79, T : 1773409756000, ET : 236956405, E : DI, h : 21/26]
03-13 09:49:15.870  3003  4411 D SLocation: PositionManager - receive gps location
03-13 09:49:15.872  4205  4362 D AppOpsPrivacyItemMonitor: showLocationSystemApps  AppOpItem(Op code=1, UID=10468, AttributionTag=null, Package name=com.maps.radar.navigation.android2023, Paused=false)false)false)false)false)false)false)false)false)false)false)
03-13 09:49:15.872  4205  4362 D AppOpsPrivacyItemMonitor: showLocationSystemApps  AppOpItem(Op code=1, UID=1000, AttributionTag=SLocationService, Package name=android, Paused=false)false)false)false)false)false)false)false)false)false)
03-13 09:49:15.872  4205  4362 D AppOpsPrivacyItemMonitor: showLocationSystemApps  AppOpItem(Op code=1, UID=10418, AttributionTag=null, Package name=io.appium.settings, Paused=false)false)false)false)false)false)false)false)false)false)
03-13 09:49:15.872  4205  4362 D AppOpsPrivacyItemMonitor: showLocationSystemApps  AppOpItem(Op code=1, UID=5013, AttributionTag=null, Package name=com.sec.location.nsflp2, Paused=false)false)false)false)false)false)false)false)false)false)
03-13 09:49:15.872  4205  4362 D AppOpsPrivacyItemMonitor: showLocationSystemApps  AppOpItem(Op code=1, UID=10093, AttributionTag=null, Package name=com.samsung.android.mcfds, Paused=false)
03-13 09:49:15.872  3003 21012 I Mocca_VehicleDetectionHelper: (1.1.04.1)GPS: Avg speed: 0.0 Speed: 0.0 LIST: [0.0, 0.0, 0.0, 0.0, 0.0, 0.0, 0.0, 0.0, 0.0, 0.0]
03-13 09:49:15.872  3003 21012 D VehicleSensorHub: vehicleSendToSensorHub status : 2 type : 18
03-13 09:49:15.872  3003 21012 I SensorManager: Get Sensor type = 65586
03-13 09:49:15.872 32228 32228 I [CE]_SpatialContextManager: isNHInternal - ID = 13 label = 1 conf = 0.19985634
03-13 09:49:15.872  3003 21012 D SensorService: setSContextDataLocked ints length 3 , byte length 5
03-13 09:49:15.872  3003 21012 D SensorService: setSContextDataLocked 123c17c1
03-13 09:49:15.872  3003  4411 D SLocation: PositionManager - Passive handleLocationChanged [G, A : 3.79, T : 1773409756000, ET : 236956405, E : DI, h : 21/26]
03-13 09:49:15.872  3003  4411 D SLocation: PositionManager - receive gps location
03-13 09:49:15.872  3003  4411 D SLocation: LocationBuffer - receivedLocation - op[interval(min 60000, max 300000), waitTime 36000000, numOfUpdates 20, minDistance 200.0]dist : 13.420684 diffTime : 6422 filtered Location
03-13 09:49:15.872  3003  4411 D SLocation: BatchManager - received batch location buffered = false
03-13 09:49:15.872  4205  4205 D AiAgentEffect: onPrivacyItemsChanged privacyItems.size = 5
03-13 09:49:15.872  4205  4205 D AiAgentEffect: onPrivacyItemsChanged privacyItems isEmpty or found item is null
03-13 09:49:15.872  3003  4411 D SLocation: DuplicateLocationChecker_BatchManager - gps is duplicated last gps location
03-13 09:49:15.872  3003  4411 D SLocation: PositionManager - Passive handleLocationChanged [F, A : 3.79, T : 1773409755840, ET : 236956405, h : 21/26]
03-13 09:49:15.872  3003  4411 D SLocation: PositionManager - receive fused location
03-13 09:49:15.872  3003  4411 D SLocation: DuplicateLocationChecker_GeofenceLocationFilter - fused is duplicated last fused location
03-13 09:49:15.872  3003  4411 D SLocation: DuplicateLocationChecker_BatchManager - fused is duplicated last gps location
03-13 09:49:15.873  2007  2007 I sensors-hal: inject_sensor_data:407, handle 1502 send inject
03-13 09:49:15.873  2007  2007 I sensors-hal: sendContextData:290, sensor hal 5, (0xc1, 0x17, 0x3c, 0x12)
03-13 09:49:15.873  2007  2007 I sensors-hal: sendContextData:230, activities 5 c1, 1
03-13 09:49:15.873  2007  2007 I sensors-hal: sendUserData:251, Activities cmd 0xc1 0x17
03-13 09:49:15.873  2007  2007 I sensors-hal: create_send_context_data:80, sending create_send_context_data
03-13 09:49:15.873  2007  2007 I sensors-hal: send_context_data:694, activities, 4914309220830019584, 1320970896291267344, msgid:700
03-13 09:49:15.873  2007  3909 I sensors-hal: qsh_conn_resp_cb:930, resp_value = 0 for activities 
03-13 09:49:15.873  3003 21012 W ContextImpl: Calling a method in the system process without a qualified user: android.app.ContextImpl.sendBroadcast:1335 com.samsung.android.mocca.app.vehicle.AdvancedVehicleDetection.reportAdvancedVehicleEvent:185 com.samsung.android.mocca.app.vehicle.AdvancedVehicleDetection.handleLocEvent:277 com.samsung.android.mocca.app.vehicle.AdvancedVehicleDetection.p:0 D.e.h:136 
03-13 09:49:15.875 32228 32228 I [CE]_SpatialContextManager: isNWInternal - ID = 7 label = 2 conf = 0.53059125
03-13 09:49:15.877  4205  4205 W View    : requestLayout() improperly called by com.android.systemui.qs.SecQSGradationDrawableView{a6be148 V.E...... ......ID 0,0-1080,354 #7f0a0a16 app:id/qs_gradation_view} during layout: running second layout pass
