03-13 15:30:01.730  4205  4205 I SubScreenPositionControllerImpl[SUB_STATUS_BAR_NOTI]: updatePosition: skipped(SUB_STATUS_BAR_NOTI) : time diff = 46746
03-13 15:30:01.730  4205  4205 I SubScreenPositionControllerImpl[SUB_STATUS_BAR_BATTERY]: updatePosition: skipped(SUB_STATUS_BAR_BATTERY) : time diff = 46746
03-13 15:30:01.730  4205  4205 I SubScreenPositionControllerImpl[SUB_STATUS_BAR_NOTI]: getRandomFinalPosition() [6,0]
03-13 15:30:01.730  4205  4205 I SubScreenPositionControllerImpl[SUB_STATUS_BAR_BATTERY]: setFinalPositionY(0) Point(-14, 0) -> Point(-14, 0)
03-13 15:30:01.730  4205  4205 I SubScreenPositionControllerImpl[SUB_STATUS_BAR_NOTI]: getRandomFinalPosition() [6,0]
03-13 15:30:01.730  4205  4205 I SubLauncher:SubLauncherStateManager@232606011: setNIODozePosition: Point(6, 0) -> Point(6, 0)
03-13 15:30:01.730  4205  4205 I SubScreenPositionControllerImpl[SUB_STATUS_BAR_BATTERY]: getRandomFinalPosition() [-14,0]
03-13 15:30:01.730  4205  4205 I SubLauncher:SubLauncherStateManager@232606011: setBatteryDozePosition: Point(-14, 0) -> Point(-14, 0)
03-13 15:30:01.730  4205  4205 I SubLauncher:SubLauncherNotificationIndicatorViewController@50422211: onTick
03-13 15:30:01.730  4205  4205 I SubScreenPositionControllerImpl[SUB_NOTI_INDICATOR]: getNextDirection: mHorizontalDirection = LEFT, mVerticalDirection = DOWN
03-13 15:30:01.730  4205  4205 I SubScreenPositionControllerImpl[SUB_NOTI_INDICATOR]: updateCurrentPosition: horizontalDistance = 2, verticalDistance = 3, mHorizontalMoveCount = 3
03-13 15:30:01.730  4205  4205 I SubScreenPositionControllerImpl[SUB_NOTI_INDICATOR]: updateCurrentPosition: mCurPoint = Point(7, 10), mRange = Rect(0, -7 - 14, 7)
03-13 15:30:01.730  4205  4205 I SubScreenPositionControllerImpl[SUB_NOTI_INDICATOR]: setAODFinalPosition() mAODFinalPosition = [7,10], offset[Point(0, 0)]
03-13 15:30:01.730  4205  4205 I SubScreenPositionControllerImpl[SUB_NOTI_INDICATOR]: updatePosition: mCurPoint = Point(7, 10), mRange = Rect(0, -7 - 14, 7), count = 10, interval = 10, offset= Point(0, 0)
03-13 15:30:01.730  4205  4205 I SubScreenPositionControllerImpl[SUB_NOTI_INDICATOR]: getRandomFinalPosition() [7,10]
03-13 15:30:01.730  4205  4205 I ClockNonePaddingTextView: fixFontType: [0] fontType=0, fontVariationSettings='wght' 700, 'RNDN' 20
03-13 15:30:01.730  4205  4205 I ClockNonePaddingTextView: updateTypeface() [VARIABLE] isVariableClockFont=true usePreciseMeasure=false builderFontType=802 originalFontType=802 flipfont=0 fontWeight=0 fixedFontType=0 fixedTypeface=false fixedFontVariationSettings='wght' 700, 'RNDN' 20
03-13 15:30:01.730  4205  4205 I ClockNonePaddingTextView: fixFontType: [3] fontType=0, fontVariationSettings='wght' 700, 'RNDN' 20
03-13 15:30:01.730  4205  4205 I ClockNonePaddingTextView: updateTypeface() [VARIABLE] isVariableClockFont=true usePreciseMeasure=false builderFontType=802 originalFontType=802 flipfont=0 fontWeight=0 fixedFontType=0 fixedTypeface=false fixedFontVariationSettings='wght' 700, 'RNDN' 20
03-13 15:30:01.730  4205  4205 I ClockNonePaddingTextView: fixFontType: [3] fontType=0, fontVariationSettings='wght' 700, 'RNDN' 20
03-13 15:30:01.730  4205  4205 I ClockNonePaddingTextView: updateTypeface() [VARIABLE] isVariableClockFont=true usePreciseMeasure=false builderFontType=802 originalFontType=802 flipfont=0 fontWeight=0 fixedFontType=0 fixedTypeface=false fixedFontVariationSettings='wght' 700, 'RNDN' 20
03-13 15:30:01.730  4205  4205 I ClockNonePaddingTextView: fixFontType: [0] fontType=0, fontVariationSettings='wght' 700, 'RNDN' 20
03-13 15:30:01.730  4205  4205 I ClockNonePaddingTextView: updateTypeface() [VARIABLE] isVariableClockFont=true usePreciseMeasure=false builderFontType=802 originalFontType=802 flipfont=0 fontWeight=0 fixedFontType=0 fixedTypeface=false fixedFontVariationSettings='wght' 700, 'RNDN' 20
03-13 15:30:01.730  4205  4205 I ModuleClockView_SUB_LAUNCHER_1@80: refresh : true
03-13 15:30:01.731  4205  4205 I ModuleClockView_SUB_LAUNCHER_1@80: onTimeChanged : [DateTimeInfo : date = Fri, March 13, hourMin = 3:30, hourMinSec = , hour = 3, minute = 30, amPm  = PM, colon = :, second = , timezone = null, isLeftOfAmPm = false, ttsDate = Friday, March 13], timeInMillis = 1773430201730
03-13 15:30:01.731  4205  4205 I ModuleClockView_SUB_LAUNCHER_1@80: updatePaletteItemTransition : paletteItem = SOLID color : FF4E2A23, animation = false, dozeAmount = 0.0
03-13 15:30:01.731  4205  4205 I DigitalVerticalClockView_SUB_LAUNCHER_1@57: refresh : true
03-13 15:30:01.731  4205  4362 D Tile.MobileDataTile: handleUpdateState : state false
03-13 15:30:01.731  4205  4205 I DigitalVerticalClockView_SUB_LAUNCHER_1@57: onTimeChanged : [DateTimeInfo : date = Fri, March 13, hourMin = 3:30, hourMinSec = , hour = 3, minute = 30, amPm  = PM, colon = :, second = , timezone = null, isLeftOfAmPm = false, ttsDate = Friday, March 13], timeInMillis = 1773430201731
03-13 15:30:01.731  4205  4205 I DigitalVerticalClockView_SUB_LAUNCHER_1@57: updatePaletteItemTransition : paletteItem = SOLID color : FF4E2A23, animation = false, dozeAmount = 0.0
03-13 15:30:01.732  4205  4362 E SecQSPanelResourcePickHelper: need to prepare suitable picker for COVER
03-13 15:30:01.732  4205  4205 I SubLauncher:SubLauncherNowBarController@192055129: isFolderClosed = true
03-13 15:30:01.732  4205  4205 I SubLauncher:SubLauncherNowBarController@192055129: applyViewState true finishedDecoration true isFolderClosed true
03-13 15:30:01.732  4205  4205 I NowBarItemManager: getVisibleMainItemList = aod.o5.s:71 aod.Tw0.B:16 com.samsung.android.app.facewidget.domain.NowBarItemManager.i:6 aod.e11.c:8 com.samsung.android.app.sublauncher.presentation.plugin.controller.nowbar.SubLauncherNowBarController.applyViewState:136 com.samsung.android.app.sublauncher.presentation.plugin.controller.nowbar.SubLauncherNowBarController.access$applyViewState:0 aod.N01.invokeSuspend:21 aod.N01.invoke:15 aod.UK.invokeSuspend:618 aod.UK.f:120 aod.xk.invokeSuspend:34 aod.xk.invoke:12 aod.x5.start:57 aod.rd.K:23 aod.rd.L:12 
03-13 15:30:01.732  4607  4986 D NxpGenExtn: vendor_nfc_handle_event Enter eventCode:11
03-13 15:30:01.732  4205  4362 E SecQSPanelResourcePickHelper: need to prepare suitable picker for COVER
03-13 15:30:01.732  4607  4986 D NxpGenExtn: phNxpExtn_HandleVendorNciMsg Not vendor specific command!!
03-13 15:30:01.732  4607  4986 I NxpGenExtn: phNxpExtn_Write NCI datalen:4
03-13 15:30:01.732  4607  4986 I NxpGenExtn: processExtnWrite Enter dataLen:4
03-13 15:30:01.732  4205  4205 I NowBarItemManager: getVisibleList isScreenTurnedOn = true / aodShowState false shouldControlScreenOff false visibleList size = 1
03-13 15:30:01.732  4205  4205 I NowBarItemManager: visibleList idx=0, , AI_BRIEF_KEY, AI_BRIEF | 7
03-13 15:30:01.732  4607  4986 I NxpPropExtn: phNxpProp_ProcessExtnWrite PropExtensionController Enter dataLen:4
03-13 15:30:01.732  4607  4986 I NxpPropExtn: processExtnWrite Enter
03-13 15:30:01.732  4607  4986 D NxpPropExtn: NciStateMonitor processExtnWrite Enter
03-13 15:30:01.732  4205  4205 I SubLauncher:SubLauncherStateManager@232606011: setNowBarVisible: false -> true
03-13 15:30:01.732  4607  4986 D NxpPropExtn: processExtnWrite Enter current screen state is:1,nciNtf.back():1
03-13 15:30:01.732  4607  4986 D NxpPropExtn: resendRequired, resend required
03-13 15:30:01.732  4607  4986 D NxpGenExtn: write Enter wLength:4
03-13 15:30:01.732  4205  4205 I SubLauncher:SubLauncherClockPositionController@72316410: isThickFontType() fontType=0
03-13 15:30:01.732  4607  4986 D NxpGenExtn: palenQueueWrite Enter wLength:4
03-13 15:30:01.732  4205  4362 D Tile.DndTile: handleUpdateState zen 0  state = QSTile$BooleanState[spec=Dnd,icon=ResourceIcon[resId=0x7f080f7d],nextIcon=null,iconSupplier=null,label=Do not disturb,secondaryLabel=null,contentDescription=null,stateDescription=null,dualLabelContentDescription=null,expandedAccessibilityClassName=null,disabledByPolicy=false,dualTarget=true,isTransient=false,handlesSecondaryClick=false,state=1,sideViewCustomDrawable=null,tileClassName=null,value=false,forceExpandIcon=false]
03-13 15:30:01.732  4205  4362 D Tile.WifiTile: handleUpdateState isTransient=false transientEnabling =false cb.isTransient=false state.state = 2 mStateBeforeClick.value =false enabled =true
03-13 15:30:01.732  4360 20858 I MediaCodec: setCodecState state(0), called in 6, domain 1, 1
03-13 15:30:01.732  4832 14744 I HoneySpace.Memory-Monitor: current state = 1, didTrim = true
03-13 15:30:01.733  4607 20884 D NxpGenExtn: enQueueWriteInternal Enter wLength:4
03-13 15:30:01.733  2053 20868 I QC2CompStore: Setting heap usage to system
03-13 15:30:01.733  2439  2467 I android.hardware.nfc-service.nxp: write
03-13 15:30:01.733  4205  4205 E AbsSettings: refreshInner: refreshedSettingsDBItem key profile_id val = 1124882606
03-13 15:30:01.733  4205  4205 E AbsSettings: refreshInner: refreshedSettingsDBItem key profile_id val = 1124882606
03-13 15:30:01.733  4205  4205 E AbsSettings: refreshInner: refreshedSettingsDBItem key profile_id val = 1124882606
03-13 15:30:01.733  4205  4205 I SubLauncher:SubLauncherAClockPositionDataRepositoryImpl@13878558: getPositionArea() Point(53, 117)
03-13 15:30:01.733  4205  4205 I SubScreenPositionControllerImpl[SUB_CLOCK_AOD]: initPosition: mRange = Rect(-27, -59 - 27, 59), mParams = ViewPositionParams {name = SUB_CLOCK_AOD, width = 53, height = 117, left = 0, top = 0, right = 0, bottom = 0, offset = Point(0, 0), interval = 10, gravity = 17, high = false, baseScreenSizeRate = 1.0, initialBottomMargin = 0}
03-13 15:30:01.733  4205  4205 I SubLauncher:SubLauncherAClockPositionDataRepositoryImpl@13878558: getDozePositionOffset() translation = Point(0, 0), offset = Point(0, 0), scale = 1.0
03-13 15:30:01.733  4205  4205 I SubLauncher:SubLauncherClockPositionController@72316410: init position with 1, isThick=false, scale=1.0, targetScale=1.0
03-13 15:30:01.733  4205  4205 I ModuleClockPositionController[1]: getClockPositionInfo : ClockPositionInfo: id = , x = 276.0, y = 130.0, width = 196, height = 332, type = 2, editable = true, targetView = android.widget.LinearLayout{1069ff3 V.E...... ......ID 0,0-196,332 #7f0a1ff1 app:id/common_time_date_container}
03-13 15:30:01.733  3003  3911 D SensorService: setSContextDataLocked ints length 2 , byte length 4
03-13 15:30:01.733  4205  4205 I ModuleClockView_SUB_LAUNCHER_1@80: setScaleClock: 1.0
03-13 15:30:01.733  3003  3911 D SensorService: setSContextDataLocked 47c1
03-13 15:30:01.733  3003  3911 I SensorService: [EARPROXIMITY] EarProximitySensor2 screen 0
03-13 15:30:01.733  4205  4205 I ModuleClockPositionController[1]: updatePositionData: set value to ModuleClockPositionData(clockType=1, clockGravity=0, clockTopMargin=0, clockHorizontalMargin=0, clockScale=1.0, clockMaxWidth=680)
03-13 15:30:01.733  4205  4362 D Tile.SoundModeTile: handleUpdateState: profile 0, muteAllSound false
03-13 15:30:01.733  4205  4205 I SubLauncher:SubLauncherStateManager@232606011: setClockDozeAmountAnim: aod.NT0@134b97a -> aod.NT0@bfba4aa
03-13 15:30:01.733  4205  4205 I SubScreenPositionControllerImpl[SUB_STATUS_BAR_NOTI]: initPosition: mRange = Rect(0, -11 - 22, 11), mParams = ViewPositionParams {name = SUB_STATUS_BAR_NOTI, width = 21, height = 21, left = 0, top = 0, right = 0, bottom = 0, offset = Point(0, 0), interval = 10, gravity = 8388627, high = false, baseScreenSizeRate = 1.0, initialBottomMargin = 0}
03-13 15:30:01.733  4205  4205 I SubScreenPositionControllerImpl[SUB_STATUS_BAR_BATTERY]: initPosition: mRange = Rect(-22, -11 - 0, 11), mParams = ViewPositionParams {name = SUB_STATUS_BAR_BATTERY, width = 21, height = 21, left = 0, top = 0, right = 0, bottom = 0, offset = Point(0, 0), interval = 10, gravity = 8388629, high = false, baseScreenSizeRate = 1.0, initialBottomMargin = 0}
03-13 15:30:01.733  4205  4205 I SubScreenPositionControllerImpl[SUB_CLOCK_AOD]: initPosition: mRange = Rect(-27, -59 - 27, 59), mParams = ViewPositionParams {name = SUB_CLOCK_AOD, width = 53, height = 117, left = 0, top = 0, right = 0, bottom = 0, offset = Point(0, 0), interval = 10, gravity = 17, high = false, baseScreenSizeRate = 1.0, initialBottomMargin = 0}
03-13 15:30:01.733  4205  4205 I SubScreenPositionControllerImpl[SUB_CLOCK_AOD]: setAODFinalPosition() mAODFinalPosition = [2,-26], offset[Point(0, 0)]
03-13 15:30:01.733  4205  4205 I SubScreenPositionControllerImpl[SUB_CLOCK_AOD]: updatePosition: first update mCurPoint = Point(2, -26), mRange = Rect(-27, -59 - 27, 59), count = 1, interval = 10
03-13 15:30:01.733  4205  4205 I SubScreenPositionControllerImpl[SUB_CLOCK_AOD]: getRandomFinalPosition() [2,-26]
03-13 15:30:01.733  4205  4205 I SubLauncher:SubLauncherStateManager@232606011: setClockDozePosition: Point(11, -33) -> Point(2, -26)
03-13 15:30:01.733  4205  4205 I SubScreenPositionControllerImpl[SUB_STATUS_BAR_NOTI]: initPosition: mRange = Rect(0, -11 - 22, 11), mParams = ViewPositionParams {name = SUB_STATUS_BAR_NOTI, width = 21, height = 21, left = 0, top = 0, right = 0, bottom = 0, offset = Point(0, 0), interval = 10, gravity = 8388627, high = false, baseScreenSizeRate = 1.0, initialBottomMargin = 0}
03-13 15:30:01.733  4205  4205 I SubScreenPositionControllerImpl[SUB_STATUS_BAR_NOTI]: setAODFinalPosition() mAODFinalPosition = [2,7], offset[Point(0, 0)]
03-13 15:30:01.733  4205  4205 I SubScreenPositionControllerImpl[SUB_STATUS_BAR_NOTI]: updatePosition: first update mCurPoint = Point(2, 7), mRange = Rect(0, -11 - 22, 11), count = 1, interval = 10
03-13 15:30:01.733  4205  4205 I SubScreenPositionControllerImpl[SUB_STATUS_BAR_BATTERY]: initPosition: mRange = Rect(-22, -11 - 0, 11), mParams = ViewPositionParams {name = SUB_STATUS_BAR_BATTERY, width = 21, height = 21, left = 0, top = 0, right = 0, bottom = 0, offset = Point(0, 0), interval = 10, gravity = 8388629, high = false, baseScreenSizeRate = 1.0, initialBottomMargin = 0}
03-13 15:30:01.733  4205  4205 I SubScreenPositionControllerImpl[SUB_STATUS_BAR_BATTERY]: setAODFinalPosition() mAODFinalPosition = [-16,-1], offset[Point(0, 0)]
03-13 15:30:01.733  4205  4205 I SubScreenPositionControllerImpl[SUB_STATUS_BAR_BATTERY]: updatePosition: first update mCurPoint = Point(-16, -1), mRange = Rect(-22, -11 - 0, 11), count = 1, interval = 10
03-13 15:30:01.733  4205  4205 I SubScreenPositionControllerImpl[SUB_STATUS_BAR_NOTI]: getRandomFinalPosition() [2,7]
03-13 15:30:01.733  4205  4205 I SubScreenPositionControllerImpl[SUB_STATUS_BAR_BATTERY]: setFinalPositionY(7) Point(-16, -1) -> Point(-16, 7)
03-13 15:30:01.733  4205  4205 I SubScreenPositionControllerImpl[SUB_STATUS_BAR_NOTI]: getRandomFinalPosition() [2,7]
03-13 15:30:01.733  4205  4205 I SubLauncher:SubLauncherStateManager@232606011: setNIODozePosition: Point(6, 0) -> Point(2, 7)
03-13 15:30:01.733  4205  4205 I SubScreenPositionControllerImpl[SUB_STATUS_BAR_BATTERY]: getRandomFinalPosition() [-16,7]
03-13 15:30:01.733  4205  4205 I SubLauncher:SubLauncherStateManager@232606011: setBatteryDozePosition: Point(-14, 0) -> Point(-16, 7)
03-13 15:30:01.733  4205  4205 I SubLauncher:GetClockMovableAreaUseCase@58390511: MovableArea: SkRegion((34,72,714,431)(34,431,621,552)), from=left: Rect(0, 0 - 34, 720), top: Rect(0, 0 - 748, 72), right: Rect(714, 0 - 748, 720), bottom: Rect(0, 552 - 748, 720), shortcut: Rect(621, 431 - 748, 720), nowBar: Rect(0, 575 - 748, 720), 
03-13 15:30:01.733  4205  4205 I SubLauncher:SubLauncherClock@211923914: initMovableArea: SkRegion((34,72,714,431)(34,431,621,552)), rootSize=SubScreenSize(width=748, height=720, widthF=748.0, heightF=720.0, halfWidth=374.0, halfHeight=360.0, cornerRadius=20), isFlexMode=false, isWidgetEnabled=false, isInformative=false, isNowBarVisible=true, nowBarPosition=Point(-16, 16)
03-13 15:30:01.733  2007  2007 I sensors-hal: inject_sensor_data:407, handle 1502 send inject
03-13 15:30:01.733  2007  2007 I sensors-hal: sendContextData:290, sensor hal 4, (0xc1, 0x47, 0x0, 0x0)
03-13 15:30:01.733  2007  2007 I sensors-hal: sendContextData:230, activities 4 c1, 1
03-13 15:30:01.733  2007  2007 I sensors-hal: sendUserData:251, Activities cmd 0xc1 0x47
03-13 15:30:01.733  2007  2007 I sensors-hal: create_send_context_data:80, sending create_send_context_data
03-13 15:30:01.733 16161 27647 I NearbySharing: Screen is locked
03-13 15:30:01.733  2007  2007 I sensors-hal: send_context_data:694, activities, 4914309220830019584, 1320970896291267344, msgid:700
03-13 15:30:01.733  4205  4205 I SubLauncher:SubLauncherFrontScrim@3963240: isFolderClosed it=true, displayState=1
03-13 15:30:01.733 16161 27647 I NearbySharing: Stopping scanning because the screen is locked.
03-13 15:30:01.733  4205  4205 I SubLauncher:SubLauncherStateManager@232606011: setFrontScrimAnimState: 0 -> 1
03-13 15:30:01.733  4205  4205 I SubLauncher:SubLauncherWidget@32662509: dispatchWidgetListening: true
03-13 15:30:01.733  4205  4205 D CoverWidgetDataControllerImpl: startAppWidgetListening tiletype=0
03-13 15:30:01.733  3003  6711 I AppWidgetServiceImpl: startListening() 
03-13 15:30:01.733  3003  6711 I AppWidgetServiceImpl: startListening callbacks : com.android.internal.appwidget.IAppWidgetHost$Stub$Proxy@99e9c4a intervalEnsure:257402299 intervalHostLock:257402299 LhostId:HostId{user:0, app:10053, hostId:1911, pkg:com.android.systemui}
03-13 15:30:01.734  3003  6711 I AppWidgetServiceImpl: startListening() finish
03-13 15:30:01.734  2007  2007 I sensors-hal: sendContextData:114, common_info 4
03-13 15:30:01.734  2007  2007 I sensors-hal: sendUserData:137, CommonInfo 0xc1 0x47 0x0 0x0
03-13 15:30:01.734  2007  2007 I sensors-hal: create_send_context_data:70, sending create_send_context_data
03-13 15:30:01.734  2007  2007 I sensors-hal: send_context_data:694, common_info, 4914309147815575552, 1320970896291267344, msgid:700
03-13 15:30:01.734  2007  2007 I sensors-hal: write_algo_lcd_onoff_state:196, algo_lcd_onoff : 0x0
03-13 15:30:01.734  4205  4362 D SBluetoothTile:  handleUpdateState enabled = false connected = false connecting = false changedState =false bluetoothState = 10 enabledChanging = false state = QSTile$BooleanState[spec=Bluetooth,icon=ResourceIcon[resId=0x7f080f78],nextIcon=null,iconSupplier=null,label=Bluetooth,secondaryLabel=,contentDescription=Bluetooth,stateDescription=null,dualLabelContentDescription=null,expandedAccessibilityClassName=null,disabledByPolicy=false,dualTarget=true,isTransient=false,handlesSecondaryClick=false,state=1,sideViewCustomDrawable=null,tileClassName=null,value=false,forceExpandIcon=false]
03-13 15:30:01.734 16161 27647 I NearbySharing: Stopping Fast Init advertisement because Bluetooth is off.
03-13 15:30:01.734 16161 27647 I NearbySharing: Stopping advertising because Bluetooth is disabled.
03-13 15:30:01.734  4205  4205 I AppWidgetHost: updateAppWidgetView, appWidgetId = 4, v = aod.Dt{50e0153 V.E...... R.....ID 0,0-318,280}
03-13 15:30:01.734  4205  4205 D GWT:HostView: [aodservice] updateAppWidget: rv=android.widget.RemoteViews@bdaa377, width=318 height=280
03-13 15:30:01.734 16161 27647 I NearbySharing: Stopping FastInitiation scanning because the screen is locked.
03-13 15:30:01.734 16161 27647 D BluetoothAdapter: isLeEnabled(): BLE_ON
03-13 15:30:01.734 16161 27647 D BluetoothLeScanner: Stop Scan with callback
03-13 15:30:01.734  2007  3909 I sensors-hal: qsh_conn_resp_cb:930, resp_value = 0 for activities 
03-13 15:30:01.734  2007  3909 I sensors-hal: qsh_conn_resp_cb:930, resp_value = 0 for common_info 
03-13 15:30:01.734  2092  2092 I SSC_DAEMON: handleSensorTestReqMsg:85, Sensor type :20, Msg type:15
03-13 15:30:01.734  2092  2092 I SSC_DAEMON: physicalSensorTestReqMsg:162, 0.algo_id:26, num:1
03-13 15:30:01.734  3003  3910 I CAE     : handleMessage(CaPowerManager.java:240) - SCREEN_OFF
03-13 15:30:01.734  4607 23061 D NxpGenExtn: vendor_nfc_handle_event Enter eventCode:12
03-13 15:30:01.734  4607 23061 D NxpGenExtn: handleVendorNciRspNtf Enter dataLen:4
03-13 15:30:01.734  4607 23061 D NxpPropExtn: phNxpProp_HandleVendorNciRspNtf PropExtensionController Enter dataLen:4
03-13 15:30:01.734  4607 23061 D NxpPropExtn: handleVendorNciRspNtf Enter dataLen:4
03-13 15:30:01.734  4607 23061 D NxpGenExtn: stopWriteRspTimer Enter cmdGid:0, cmdOid:9, rspGid:0, rspOid:9,
03-13 15:30:01.733  6380  6380 I SemMediaResourceHelper: onState
03-13 15:30:01.734  4607 23061 D NxpPropExtn: NciStateMonitor handleVendorNciRspNtf Enter chiptype:14,mScreenState:1,nfcRfState:1
03-13 15:30:01.734  4607 23061 D NxpGenExtn: DefaultEventHandler::handleVendorNciRspNtf Enter dataLen:4
03-13 15:30:01.734  4607 23061 D NxpGenExtn: phNxpExtn_HandleVendorNciRspNtf prop status:81
03-13 15:30:01.734  4607 23061 D NxpGenExtn: NfcExtensionController::handleVendorNciRspNtf Enter dataLen:4
03-13 15:30:01.734  4205  4205 D S.S.N.  : onEntryRemoved parent : -1|android|32|null|1000
03-13 15:30:01.734  4607 23061 D NxpGenExtn: DefaultEventHandler::handleVendorNciRspNtf Enter dataLen:4
03-13 15:30:01.734  4607 23061 D NxpGenExtn: phNxpExtn_HandleVendorNciRspNtf gen status:81
03-13 15:30:01.734  4205  4205 D SubscreenNotificationInfoManager: removeSubscreenNotificationInfoItem entry : com.android.systemui.statusbar.notification.collection.NotificationEntry@23b0458 >>>>> currentThread : Thread[main,5,main]
03-13 15:30:01.734  4205  4205 D S.S.N.  : notifyListAdapterItemRemoved parent - Entry  : -1|android|32|null|1000, index :-1
03-13 15:30:01.734  4205  4205 D S.S.N.  : onEntryRemoved parent - remove List index : -1, group index : -1
03-13 15:30:01.734  4205  4205 E SubscreenSubRoomNotification: updateNotificationState -  action = 1 list size = 0
03-13 15:30:01.734  4205  4205 E SubscreenSubRoomNotification: updateNotificationState - prevHasUnreadNoti = false mHasUnreadNoti = false list size = 0
03-13 15:30:01.734  4205  4205 D S.S.N.  :  DISMISS IMMEDIATELY(entry) - popupViewShowing : false, presentationShowing : false, currentPopupViewEntry : null, currentPresentationEntry : null, key : -1|android|32|null|1000
03-13 15:30:01.735  4205  4205 D InsignificantCoordinator: onEntryRemoved :-1|android|32|null|1000 flags: 0 entrySize:0
03-13 15:30:01.735  4205  4205 D NavigationBarControllerImpl: setNavigationBarShortcut requestClass : com.android.wm.shell.controlpanel.activity.FlexPanelActivity, remoteViews : null, position : 0, priority : 11
03-13 15:30:01.735 24062 24062 I [SAUI]  : PollJobService onStartJob End::1203009
03-13 15:30:01.735  4205  4205 D RemoteViewPack: OnSetRemoteView RemoteViewShortcut(requestClass=com.android.wm.shell.controlpanel.activity.FlexPanelActivity, remoteViews=null, position=0, priority=11)
03-13 15:30:01.735  4205  4205 D NavBarStateManager: NavBarStates(0) isGameMode: false
03-13 15:30:01.735  4607  4986 D libnfc_nci: nfaDeviceManagementCallback: enter; event=0xB
03-13 15:30:01.735  4607  4986 D libnfc_nci: nfaDeviceManagementCallback: NFA_DM_SET_POWER_SUB_STATE_EVT; status=0x0
03-13 15:30:01.735  4205  4205 D RemoteViewPack: OnSetRemoteView RemoteViewShortcut(requestClass=com.android.wm.shell.controlpanel.activity.FlexPanelActivity, remoteViews=null, position=0, priority=11)
03-13 15:30:01.735  4205  4205 D NavBarStateManager: NavBarStates(1) isGameMode: false
03-13 15:30:01.735  2007  3645 I sensors-hal: qsh_conn_event_cb:890, event[0] sensor:Pocket mode  Wakeup, msg_id=715, ts=4942224785804
03-13 15:30:01.735  2092  3859 I SSC_DAEMON: pocketModeOptionDefineEvent:23, 1
03-13 15:30:01.735  4205  4205 D SecTabletHorizontalPanelPositionHelper: foldState: UNFOLD -> FOLD
03-13 15:30:01.735  4205  4205 D SecTabletHorizontalPanelPositionHelper: setHorizontalPanelTranslation(0.0), force : true
03-13 15:30:01.735  2007  3645 E libprotobuf-native: [libprotobuf ERROR external/protobuf/src/google/protobuf/message_lite.cc:133] Can't parse message of type "sns_std_sensor_event" because it is missing required fields: (cannot determine missing fields for lite message)
03-13 15:30:01.735  4205  4205 E SecQSPanelResourcePickHelper: need to prepare suitable picker for COVER
03-13 15:30:01.735  4205  4205 I LockscreenNotificationIconsOnlyController: onNotificationInfoUpdated 0
03-13 15:30:01.735  4205  4205 I AODNotificationManager: subLauncherUpdateNotification() 
03-13 15:30:01.735  4205  4205 D PluginAODManager: onNotificationInfoUpdated() 0
03-13 15:30:01.735  4205  4205 I AODNotificationManager: updateVisibleNotifications: 0
03-13 15:30:01.736  3003  3048 I ActivityManager: Changes in 10086 8 to 10, 128 to 0
03-13 15:30:01.736  4360  4776 I SprWallpaper|FoldInteractive: resetFrame : onSeekReady
03-13 15:30:01.736  4360  4776 I SprWallpaper|FoldInteractive: seekTo: frame[0], time[0]
03-13 15:30:01.737  4205  4362 D DeviceState: isESIM() :0 : false
03-13 15:30:01.737  5393  6882 I bt_shim_scanner: system/main/shim/le_scanning_manager.cc:197 ScanFilterParamSetup: in shim layer, clientIf=1
03-13 15:30:01.737  6103  6103 W ContextImpl: Calling a method in the system process without a qualified user: android.app.ContextImpl.startService:2068 android.content.ContextWrapper.startService:872 android.content.ContextWrapper.startService:872 com.sec.android.diagmonagent.sa.receiver.CFLogReceiver.onReceive:56 android.app.ActivityThread.handleReceiver:5663 
03-13 15:30:01.737  5393  8555 I bt_shim_scanner: system/main/shim/le_scanning_manager.cc:141 Unregister: in shim layer, scannerId=1
03-13 15:30:01.737  5393  5832 W bluetooth: system/gd/hci/le_scanning_manager.cc:697 unregister_scanner: unregister_scanner
03-13 15:30:01.738  4205  4205 D PluginActionManager: stopListening
03-13 15:30:01.738  5393 11775 I bt_shim_scanner: system/main/shim/le_scanning_manager.cc:141 Unregister: in shim layer, scannerId=5
03-13 15:30:01.738  5393  5832 W bluetooth: system/gd/hci/le_scanning_manager.cc:697 unregister_scanner: unregister_scanner
03-13 15:30:01.738  4205  4205 D StackScroller: generateRemoveAnimation -1|android|32|null|1000
03-13 15:30:01.738  4205  4205 D StackScroller: generateRemoveAnimation -1|android|32|null|1000 mIsExpanded false mAnimationsEnabled true
03-13 15:30:01.738  4205  4205 D StackScroller: onViewRemovedInternal remove child without animation -1|android|32|null|1000
03-13 15:30:01.739 16161 27647 I NearbySharing: Stopped scanning for FastInitiation
03-13 15:30:01.739  4205  4205 I View    : setRequestedFrameRate frameRate=-2.0, this=StatusBarIconView(slot='android/0x20' alpha=1.0 icon=StatusBarIcon(icon=Icon(typ=RESOURCE pkg=android id=0x01080bef) visible user=-1 ) visibleState=ICON iconColor=#ffffffff staticDrawableColor=#ffffffff decorColor=#ffffffff animationStartColor=#0 currentSetColor=#ffffffff notification=StatusBarNotification(pkg=android user=UserHandle{-1} id=32 tag=null key=-1|android|32|null|1000: Notification(channel=UsbDevNoti shortcut=null contentView=null vibrate=null sound=null tick defaults=0 flags=ONGOING_EVENT|CAN_COLORIZE color=0x00000000 vis=PUBLIC semFlags=0x0 semPriority=0 semMissedCount=0))), caller=com.android.systemui.statusbar.StatusBarIconView.onAttachedToWindow:6 android.view.View.dispatchAttachedToWindow:24320 android.view.ViewGroup.addTransientView:5172 com.android.systemui.statusbar.phone.NotificationIconContainer.onViewRemoved:108 android.view.ViewGroup.dispatchViewRemoved:5433 
03-13 15:30:01.739  4205  4362 D DeviceState: isEuicc() :1 : true
03-13 15:30:01.739  4205  4362 D Tile.AirplaneModeTile:  handleUpdateState mIsWiFiOnlyDevice false isNoSimState true isPowerOffServiceState true mSetting.getValue() 0 isSatelliteModeOn false isChinaDevice false
03-13 15:30:01.739  4205  4362 D Tile.AirplaneModeTile:  handleUpdateState:  value = false, state = 1
03-13 15:30:01.739 16161 27647 I NearbySharing: Fast Initiation Scanning has stopped
03-13 15:30:01.740 16161 27647 I NearbySharing: Dismissing HUN as there's no device nearby.
03-13 15:30:01.740  4205  4205 I View    : setRequestedFrameRate frameRate=-2.0, this=StatusBarIconView(slot='android/0x20' alpha=1.0 icon=StatusBarIcon(icon=Icon(typ=RESOURCE pkg=android id=0x01080bef) visible user=-1 ) visibleState=ICON iconColor=#fffafaff staticDrawableColor=#fffafaff decorColor=#fffafaff animationStartColor=#0 currentSetColor=#fffafaff notification=StatusBarNotification(pkg=android user=UserHandle{-1} id=32 tag=null key=-1|android|32|null|1000: Notification(channel=UsbDevNoti shortcut=null contentView=null vibrate=null sound=null tick defaults=0 flags=ONGOING_EVENT|CAN_COLORIZE color=0x00000000 vis=PUBLIC semFlags=0x0 semPriority=0 semMissedCount=0))), caller=com.android.systemui.statusbar.StatusBarIconView.onAttachedToWindow:6 android.view.View.dispatchAttachedToWindow:24320 android.view.ViewGroup.addTransientView:5172 com.android.systemui.statusbar.phone.NotificationIconContainer.onViewRemoved:108 android.view.ViewGroup.dispatchViewRemoved:5433 
03-13 15:30:01.740  5393  6882 E ScanManager: [GSIM LOG]: gsimLogHandler, msg: MESSAGE_SCAN_STOP, appName: com.google.android.gms, scannerId: 1, reportDelayMillis=0
03-13 15:30:01.740  4205  4362 D Tile.MobileDataTile: handleUpdateState : state false
03-13 15:30:01.741  4205  4362 E SecQSPanelResourcePickHelper: need to prepare suitable picker for COVER
03-13 15:30:01.741  4205  4362 E SecQSPanelResourcePickHelper: need to prepare suitable picker for COVER
03-13 15:30:01.741  5393  6882 I bt_shim_scanner: system/main/shim/le_scanning_manager.cc:197 ScanFilterParamSetup: in shim layer, clientIf=5
03-13 15:30:01.741  4205  4362 D Tile.DndTile: handleUpdateState zen 0  state = QSTile$BooleanState[spec=Dnd,icon=ResourceIcon[resId=0x7f080f7d],nextIcon=null,iconSupplier=null,label=Do not disturb,secondaryLabel=null,contentDescription=null,stateDescription=null,dualLabelContentDescription=null,expandedAccessibilityClassName=null,disabledByPolicy=false,dualTarget=true,isTransient=false,handlesSecondaryClick=false,state=1,sideViewCustomDrawable=null,tileClassName=null,value=false,forceExpandIcon=false]
03-13 15:30:01.742  4205  4205 I AppIconSolution: return adaptive icon for com.sec.android.daemonapp, isNight = true
03-13 15:30:01.742  5393  6882 I bt_shim_scanner: system/main/shim/le_scanning_manager.cc:197 ScanFilterParamSetup: in shim layer, clientIf=5
03-13 15:30:01.742  4205  4362 D Tile.MobileDataTile: handleUpdateState : state false
03-13 15:30:01.742  4205  4362 E SecQSPanelResourcePickHelper: need to prepare suitable picker for COVER
03-13 15:30:01.742  4205  4362 E SecQSPanelResourcePickHelper: need to prepare suitable picker for COVER
03-13 15:30:01.742  5393  6882 E ScanManager: [GSIM LOG]: gsimLogHandler, msg: MESSAGE_SCAN_STOP, appName: com.google.android.gms, scannerId: 5, reportDelayMillis=0
03-13 15:30:01.743  4205  4362 D Tile.DndTile: handleUpdateState zen 0  state = QSTile$BooleanState[spec=Dnd,icon=ResourceIcon[resId=0x7f080f7d],nextIcon=null,iconSupplier=null,label=Do not disturb,secondaryLabel=null,contentDescription=null,stateDescription=null,dualLabelContentDescription=null,expandedAccessibilityClassName=null,disabledByPolicy=false,dualTarget=true,isTransient=false,handlesSecondaryClick=false,state=1,sideViewCustomDrawable=null,tileClassName=null,value=false,forceExpandIcon=false]
03-13 15:30:01.743  6103  6103 W ContextImpl: Calling a method in the system process without a qualified user: android.app.ContextImpl.startService:2068 android.content.ContextWrapper.startService:872 android.content.ContextWrapper.startService:872 com.sec.android.diagmonagent.sa.receiver.CFLogReceiver.onReceive:56 android.app.ActivityThread.handleReceiver:5663 
03-13 15:30:01.743  4205  4362 D StackScroller: onDisplayChanged for predraw skip to 1
03-13 15:30:01.743  4205  4362 D StackScroller: onDisplayChanged for predraw skip to 1
03-13 15:30:01.743  3003  4405 D WifiDisplayAdapter: isFitToActiveDisplayLocked : false
03-13 15:30:01.743  3003  4405 D WifiDisplayAdapter: isFitToActiveDisplayLocked : false
03-13 15:30:01.743  3003  4405 D WifiDisplayAdapter: isFitToActiveDisplayLocked : false
03-13 15:30:01.745  4205  4205 I AppIconSolution: return adaptive icon for com.android.vending, isNight = true
03-13 15:30:01.746  2053 20868 I QC2Buf  : Reconfig: clearing from 0 bufs. Peak mem=0 MB
03-13 15:30:01.746  2053 20868 I QC2Buf  : Reconfig: clearing from 0 bufs. Peak mem=0 MB
03-13 15:30:01.748  4205  4205 I AppIconSolution: return adaptive icon for com.samsung.android.app.smartcapture, isNight = true
03-13 15:30:01.750  4205  4205 I AppIconSolution: return adaptive icon for com.sygic.aura, isNight = true
03-13 15:30:01.750  4360 20859 I CCodecBufferChannel: [c2.qti.hevc.decoder#83] updating max output delay 18
03-13 15:30:01.750  4205  4205 D S.S.N.  : updateMainListArray allMap - size : 4, isEmpty: true
03-13 15:30:01.750  4205  4205 D S.S.N.  : updateMainListArray allMap - key : 0|com.sec.android.daemonapp|5|null|10222, com.android.systemui.statusbar.notification.collection.NotificationEntry@e59453c
03-13 15:30:01.750  4205  4205 D S.S.N.  : updateMainListArray allMap - key : 0|com.android.vending|0|0|com.android.vending|g:Aggregate_NormalNotificationSection|10260|0|com.android.vending|g:Aggregate_NormalNotificationSection, com.android.systemui.statusbar.notification.collection.NotificationEntry@9b253be
03-13 15:30:01.750  4205  4205 D S.S.N.  : updateMainListArray allMap child : 0|com.android.vending|-49572251|null|10260
03-13 15:30:01.751  4205  4205 I AppIconSolution: return adaptive icon for com.android.vending, isNight = true
03-13 15:30:01.751  4205  4205 D S.S.N.  : updateMainListArray allMap child : 0|com.android.vending|-234430262|null|10260
03-13 15:30:01.752  4205  4205 I AppIconSolution: return adaptive icon for com.android.vending, isNight = true
03-13 15:30:01.752  4205  4205 D S.S.N.  : updateMainListArray allMap - key : 0|com.samsung.android.app.smartcapture|5755|null|10221, com.android.systemui.statusbar.notification.collection.NotificationEntry@1e3936a
03-13 15:30:01.752  4205  4205 D S.S.N.  : updateMainListArray allMap - key : 0|com.sygic.aura|0|null|10286, com.android.systemui.statusbar.notification.collection.NotificationEntry@97b2bc8
03-13 15:30:01.753  4205  4205 I SubLauncher:SubLauncherCapsuleView@123218506: Capsule onFoldClosed true
03-13 15:30:01.753  4205  4205 I LayoutDataBinder: subLauncherAODFrontScrimAnimState : SUB_LAUNCHER_AOD_FRONT_SCRIM_BLACK
03-13 15:30:01.753  4205  4205 D SubLauncher:SubLauncherPageIndicatorPolicyView@76808005: setAvailable: true
03-13 15:30:01.754  4205  4205 D NavBarStateManager: NavBarStates(1) supportLargeCoverScreenNavBar: true
03-13 15:30:01.754  4205  4205 D NavBarView: disableBack=true (isBackDismissIme=false, handlingGestures=false, disabledFlagBack=true, isBottomGesture=false, isImeRenderingNavButtons=false)
03-13 15:30:01.754  4205  4205 D NavBarStateManager: NavBarStates(1) supportLargeCoverScreenNavBar: true
03-13 15:30:01.754  4205  4205 D Navbar.Store: handleEvent(0) OnUpdateSysUiStateFlag(noArguments=true) [Module] SamsungNavigationBarView
03-13 15:30:01.754  4205  4205 D Navbar.Store: --[Band]GESTURE_PACK_UPDATE_SYSTEMUI_STATE_FLAG
03-13 15:30:01.754  4205  4205 D Navbar.Store: --[Band] (afterAction) GESTURE_PACK_UPDATE_SYSTEMUI_STATE_FLAG
03-13 15:30:01.754  4205  4205 D NavBarStateManager: NavBarStates(1) supportLargeCoverScreenNavBar: true
03-13 15:30:01.754  4205  4205 D NavBarView: disableBack=true (isBackDismissIme=false, handlingGestures=false, disabledFlagBack=true, isBottomGesture=false, isImeRenderingNavButtons=false)
03-13 15:30:01.754  4205  4205 D NavBarStateManager: NavBarStates(1) supportLargeCoverScreenNavBar: true
03-13 15:30:01.754  4205  4205 D Navbar.Store: handleEvent(0) OnUpdateSysUiStateFlag(noArguments=true) [Module] SamsungNavigationBarView
03-13 15:30:01.754  4205  4205 D Navbar.Store: --[Band]GESTURE_PACK_UPDATE_SYSTEMUI_STATE_FLAG
03-13 15:30:01.754  4205  4205 D Navbar.Store: --[Band] (afterAction) GESTURE_PACK_UPDATE_SYSTEMUI_STATE_FLAG
03-13 15:30:01.754  4205  4205 D NavigationModeController: getCurrentInteractionMode: mode=0 contextUser=0
03-13 15:30:01.754  4205  4205 D Navbar.Store: handleEvent(1) OnNavBarAttachedToWindow(navigationBarView=com.android.systemui.navigationbar.views.SamsungNavigationBarView{acb5cbe G.E...... ......ID 0,0-0,0 #7f0a0847 app:id/navigation_bar_view}, navbarTransitions=com.android.systemui.navigationbar.views.NavigationBarTransitions@7cc911f) [Module] SamsungNavigationBarView
03-13 15:30:01.754  4205  4205 D Navbar.Store: --[Band]STABLE_LAYOUT_PACK_NAVBAR_ATTACHED_TO_WINDOW
03-13 15:30:01.754  4205  4205 D Navbar.Store: ----apply(1) NavBarStoreAction$ReinflateNavBar
03-13 15:30:01.754  4205  4205 D Navbar.Store: ----handleEvent(1) GetInflateLayoutID(vertical=false) [Module] SamsungNavigationBarInflaterView
03-13 15:30:01.754  4205  4205 D Navbar.Store: ------[Band]STABLE_LAYOUT_PACK_GET_INFLATE_LAYOUT_ID
03-13 15:30:01.754  4205  4205 D NavBarStateManager: NavBarStates(1) getLayoutID(vertical: false): 2131559285
03-13 15:30:01.754  4205  4205 D Navbar.Store: ----handleEvent(1) value= 2131559285
03-13 15:30:01.754  4205  4205 D Navbar.Store: ----handleEvent(1) GetInflateLayoutID(vertical=true) [Module] SamsungNavigationBarInflaterView
03-13 15:30:01.754  4205  4205 D Navbar.Store: ------[Band]STABLE_LAYOUT_PACK_GET_INFLATE_LAYOUT_ID
03-13 15:30:01.754  4205  4205 D NavBarStateManager: NavBarStates(1) getLayoutID(vertical: true): 2131559287
03-13 15:30:01.754  4205  4205 D Navbar.Store: ----handleEvent(1) value= 2131559287
03-13 15:30:01.755  4205  4205 D Navbar.Store: ----handleEvent(1) GetDefaultLayout(noArguments=true) [Module] SamsungNavigationBarInflaterView
03-13 15:30:01.755  4205  4205 D Navbar.Store: ------[Band]STABLE_LAYOUT_PACK_GET_DEFAULT_LAYOUT
03-13 15:30:01.755  4205  4205 D NavBarStateManager: NavBarStates(1) getDefaultLayout: space,home,gap,back,space;;
03-13 15:30:01.755  4205  4205 D Navbar.Store: ----handleEvent(1) value= space,home,gap,back,space;;
03-13 15:30:01.755  4205  4205 D Navbar.Store: ----handleEvent(1) GetInflateButtonWidth(buttonSpec=space, landscape=false) [Module] SamsungNavigationBarInflaterView
03-13 15:30:01.755  4205  4205 D Navbar.Store: ------[Band]STABLE_LAYOUT_PACK_INFLATE_NAVBAR
03-13 15:30:01.755  4205  4205 D NavBarStateManager: NavBarStates(1) getSpaceWidth(land: false): 64
03-13 15:30:01.755  4205  4205 D Navbar.Store: ----handleEvent(1) value= 64
03-13 15:30:01.755  4205  4205 D Navbar.Store: ----handleEvent(1) GetInflateButtonWidth(buttonSpec=home, landscape=false) [Module] SamsungNavigationBarInflaterView
03-13 15:30:01.755  4205  4205 D Navbar.Store: ------[Band]STABLE_LAYOUT_PACK_INFLATE_NAVBAR
03-13 15:30:01.755  4205  4205 D NavBarStateManager: NavBarStates(1) getButtonWidth(land: false): 102
03-13 15:30:01.755  4205  4205 D Navbar.Store: ----handleEvent(1) value= 102
03-13 15:30:01.755  4205  4205 D Navbar.Store: ----handleEvent(1) GetInflateButtonWidth(buttonSpec=gap, landscape=false) [Module] SamsungNavigationBarInflaterView
03-13 15:30:01.755  4205  4205 D Navbar.Store: ------[Band]STABLE_LAYOUT_PACK_INFLATE_NAVBAR
03-13 15:30:01.755  4205  4205 D NavBarStateManager: NavBarStates(1) getButtonDistanceSize(land: false): 17
03-13 15:30:01.755  4205  4205 D Navbar.Store: ----handleEvent(1) value= 17
03-13 15:30:01.755  4205  4205 D Navbar.Store: ----handleEvent(1) GetInflateButtonWidth(buttonSpec=back, landscape=false) [Module] SamsungNavigationBarInflaterView
03-13 15:30:01.755  4205  4205 D Navbar.Store: ------[Band]STABLE_LAYOUT_PACK_INFLATE_NAVBAR
03-13 15:30:01.755  4205  4205 D NavBarStateManager: NavBarStates(1) getButtonWidth(land: false): 102
03-13 15:30:01.755  4205  4205 D Navbar.Store: ----handleEvent(1) value= 102
03-13 15:30:01.755  4205  4205 D Navbar.Store: ----handleEvent(1) GetInflateButtonWidth(buttonSpec=space, landscape=false) [Module] SamsungNavigationBarInflaterView
03-13 15:30:01.755  4205  4205 D Navbar.Store: ------[Band]STABLE_LAYOUT_PACK_INFLATE_NAVBAR
03-13 15:30:01.755  4205  4205 D NavBarStateManager: NavBarStates(1) getSpaceWidth(land: false): 64
03-13 15:30:01.755  4205  4205 D Navbar.Store: ----handleEvent(1) value= 64
03-13 15:30:01.755  2022  2124 I HYPER-HAL: [RequestManager.cpp]acquire(): Acquired ID : 310887554  [2025 / 22909]    HINT :      list : [TID_LOW_LATENCY / 1] [TID / 4392] [TID / 4393] [TID / 4205] [TID / 4394] 
03-13 15:30:01.755  4205  4205 D Navbar.Store: ----handleEvent(1) GetInflateButtonWidth(buttonSpec=space, landscape=true) [Module] SamsungNavigationBarInflaterView
03-13 15:30:01.755  4205  4205 D Navbar.Store: ------[Band]STABLE_LAYOUT_PACK_INFLATE_NAVBAR
03-13 15:30:01.755  4205  4205 D NavBarStateManager: NavBarStates(1) getSpaceWidth(land: true): 64
03-13 15:30:01.755  4205  4205 D Navbar.Store: ----handleEvent(1) value= 64
03-13 15:30:01.755  4205  4205 D Navbar.Store: ----handleEvent(1) GetInflateButtonWidth(buttonSpec=home, landscape=true) [Module] SamsungNavigationBarInflaterView
03-13 15:30:01.755  4205  4205 D Navbar.Store: ------[Band]STABLE_LAYOUT_PACK_INFLATE_NAVBAR
03-13 15:30:01.755  4205  4205 D NavBarStateManager: NavBarStates(1) getButtonWidth(land: true): 102
03-13 15:30:01.755  4205  4205 D Navbar.Store: ----handleEvent(1) value= 102
03-13 15:30:01.755  4205  4205 D Navbar.Store: ----handleEvent(1) GetInflateButtonWidth(buttonSpec=gap, landscape=true) [Module] SamsungNavigationBarInflaterView
03-13 15:30:01.755  4205  4205 D Navbar.Store: ------[Band]STABLE_LAYOUT_PACK_INFLATE_NAVBAR
03-13 15:30:01.755  4205  4205 D NavBarStateManager: NavBarStates(1) getButtonDistanceSize(land: true): 17
03-13 15:30:01.755  4205  4205 D Navbar.Store: ----handleEvent(1) value= 17
03-13 15:30:01.755  4205  4205 D Navbar.Store: ----handleEvent(1) GetInflateButtonWidth(buttonSpec=back, landscape=true) [Module] SamsungNavigationBarInflaterView
03-13 15:30:01.755  4205  4205 D Navbar.Store: ------[Band]STABLE_LAYOUT_PACK_INFLATE_NAVBAR
03-13 15:30:01.755  4205  4205 D NavBarStateManager: NavBarStates(1) getButtonWidth(land: true): 102
03-13 15:30:01.755  4205  4205 D Navbar.Store: ----handleEvent(1) value= 102
03-13 15:30:01.755  4205  4205 D Navbar.Store: ----handleEvent(1) GetInflateButtonWidth(buttonSpec=space, landscape=true) [Module] SamsungNavigationBarInflaterView
03-13 15:30:01.755  4205  4205 D Navbar.Store: ------[Band]STABLE_LAYOUT_PACK_INFLATE_NAVBAR
03-13 15:30:01.755  4205  4205 D NavBarStateManager: NavBarStates(1) getSpaceWidth(land: true): 64
03-13 15:30:01.755  4205  4205 D Navbar.Store: ----handleEvent(1) value= 64
03-13 15:30:01.755  4205  4205 D Navbar.Store: ----handleEvent(1) GetInflateButtonWidth(buttonSpec=space, landscape=false) [Module] SamsungNavigationBarInflaterView
03-13 15:30:01.755  4205  4205 D Navbar.Store: ------[Band]STABLE_LAYOUT_PACK_INFLATE_NAVBAR
03-13 15:30:01.755  4205  4205 D NavBarStateManager: NavBarStates(1) getSpaceWidth(land: false): 64
03-13 15:30:01.755  4205  4205 D Navbar.Store: ----handleEvent(1) value= 64
03-13 15:30:01.755  4205  4205 D Navbar.Store: ----handleEvent(1) GetInflateButtonWidth(buttonSpec=left_remote_view, landscape=false) [Module] SamsungNavigationBarInflaterView
03-13 15:30:01.755  4205  4205 D Navbar.Store: ------[Band]STABLE_LAYOUT_PACK_INFLATE_NAVBAR
03-13 15:30:01.755  4205  4205 D NavBarStateManager: NavBarStates(1) getButtonWidth(land: false): 102
03-13 15:30:01.755  4205  4205 D Navbar.Store: ----handleEvent(1) value= 102
03-13 15:30:01.755  4205  4205 D Navbar.Store: ----handleEvent(1) GetInflateButtonWidth(buttonSpec=gap, landscape=false) [Module] SamsungNavigationBarInflaterView
03-13 15:30:01.755  4205  4205 D Navbar.Store: ------[Band]STABLE_LAYOUT_PACK_INFLATE_NAVBAR
03-13 15:30:01.755  4205  4205 D NavBarStateManager: NavBarStates(1) getButtonDistanceSize(land: false): 17
03-13 15:30:01.755  4205  4205 D Navbar.Store: ----handleEvent(1) value= 17
03-13 15:30:01.755  4205  4205 D Navbar.Store: ----handleEvent(1) GetInflateButtonWidth(buttonSpec=right_remote_view, landscape=false) [Module] SamsungNavigationBarInflaterView
03-13 15:30:01.755  4205  4205 D Navbar.Store: ------[Band]STABLE_LAYOUT_PACK_INFLATE_NAVBAR
03-13 15:30:01.755  4205  4205 D NavBarStateManager: NavBarStates(1) getButtonWidth(land: false): 102
03-13 15:30:01.755  4205  4205 D Navbar.Store: ----handleEvent(1) value= 102
03-13 15:30:01.755  4205  4205 D Navbar.Store: ----handleEvent(1) GetInflateButtonWidth(buttonSpec=space, landscape=false) [Module] SamsungNavigationBarInflaterView
03-13 15:30:01.755  4205  4205 D Navbar.Store: ------[Band]STABLE_LAYOUT_PACK_INFLATE_NAVBAR
03-13 15:30:01.755  4205  4205 D NavBarStateManager: NavBarStates(1) getSpaceWidth(land: false): 64
03-13 15:30:01.755  4205  4205 D Navbar.Store: ----handleEvent(1) value= 64
03-13 15:30:01.755  4205  4205 D Navbar.Store: ----handleEvent(1) GetInflateButtonWidth(buttonSpec=space, landscape=true) [Module] SamsungNavigationBarInflaterView
03-13 15:30:01.755  4205  4205 D Navbar.Store: ------[Band]STABLE_LAYOUT_PACK_INFLATE_NAVBAR
03-13 15:30:01.755  4205  4205 D NavBarStateManager: NavBarStates(1) getSpaceWidth(land: true): 64
03-13 15:30:01.755  4205  4205 D Navbar.Store: ----handleEvent(1) value= 64
03-13 15:30:01.755  4205  4205 D Navbar.Store: ----handleEvent(1) GetInflateButtonWidth(buttonSpec=left_remote_view, landscape=false) [Module] SamsungNavigationBarInflaterView
03-13 15:30:01.755  4205  4205 D Navbar.Store: ------[Band]STABLE_LAYOUT_PACK_INFLATE_NAVBAR
03-13 15:30:01.755  4205  4205 D NavBarStateManager: NavBarStates(1) getButtonWidth(land: false): 102
03-13 15:30:01.755  4205  4205 D Navbar.Store: ----handleEvent(1) value= 102
03-13 15:30:01.755  4205  4205 D Navbar.Store: ----handleEvent(1) GetInflateButtonWidth(buttonSpec=gap, landscape=true) [Module] SamsungNavigationBarInflaterView
03-13 15:30:01.755  4205  4205 D Navbar.Store: ------[Band]STABLE_LAYOUT_PACK_INFLATE_NAVBAR
03-13 15:30:01.755  4205  4205 D NavBarStateManager: NavBarStates(1) getButtonDistanceSize(land: true): 17
03-13 15:30:01.755  4205  4205 D Navbar.Store: ----handleEvent(1) value= 17
03-13 15:30:01.755  4205  4205 D Navbar.Store: ----handleEvent(1) GetInflateButtonWidth(buttonSpec=right_remote_view, landscape=false) [Module] SamsungNavigationBarInflaterView
03-13 15:30:01.755  4205  4205 D Navbar.Store: ------[Band]STABLE_LAYOUT_PACK_INFLATE_NAVBAR
03-13 15:30:01.755  4205  4205 D NavBarStateManager: NavBarStates(1) getButtonWidth(land: false): 102
03-13 15:30:01.755  4205  4205 D Navbar.Store: ----handleEvent(1) value= 102
03-13 15:30:01.755  4205  4205 D Navbar.Store: ----handleEvent(1) GetInflateButtonWidth(buttonSpec=space, landscape=true) [Module] SamsungNavigationBarInflaterView
03-13 15:30:01.755  4205  4205 D Navbar.Store: ------[Band]STABLE_LAYOUT_PACK_INFLATE_NAVBAR
03-13 15:30:01.755  4205  4205 D NavBarStateManager: NavBarStates(1) getSpaceWidth(land: true): 64
03-13 15:30:01.755  4205  4205 D Navbar.Store: ----handleEvent(1) value= 64
03-13 15:30:01.755  4205  4205 D Navbar.Store: ----handleEvent(1) GetNavBarSidePadding(landscape=false) [Module] SamsungNavigationBarInflaterView
03-13 15:30:01.755  4205  4205 D Navbar.Store: ------[Band]STABLE_LAYOUT_PACK_INFLATE_NAVBAR_SIDE_PADDING
03-13 15:30:01.755  4205  4205 D NavBarStateManager: NavBarStates(1) getNavBarSidePadding: 0
03-13 15:30:01.755  4205  4205 D Navbar.Store: ----handleEvent(1) value= 0
03-13 15:30:01.755  4205  4205 D Navbar.Store: ----handleEvent(1) GetNavBarSidePadding(landscape=true) [Module] SamsungNavigationBarInflaterView
03-13 15:30:01.755  4205  4205 D Navbar.Store: ------[Band]STABLE_LAYOUT_PACK_INFLATE_NAVBAR_SIDE_PADDING
03-13 15:30:01.755  4205  4205 D NavBarStateManager: NavBarStates(1) getNavBarSidePadding: 0
03-13 15:30:01.755  4205  4205 D Navbar.Store: ----handleEvent(1) value= 0
03-13 15:30:01.755  4205  4205 D Navbar.Store: ----handleEvent(1) GetNavBarSidePadding(landscape=false) [Module] SamsungNavigationBarInflaterView
03-13 15:30:01.755  4205  4205 D Navbar.Store: ------[Band]STABLE_LAYOUT_PACK_INFLATE_NAVBAR_SIDE_PADDING
03-13 15:30:01.755  4205  4205 D NavBarStateManager: NavBarStates(1) getNavBarSidePadding: 0
03-13 15:30:01.755  4205  4205 D Navbar.Store: ----handleEvent(1) value= 0
03-13 15:30:01.755  4205  4205 D Navbar.Store: ----handleEvent(1) GetNavBarSidePadding(landscape=true) [Module] SamsungNavigationBarInflaterView
03-13 15:30:01.755  4205  4205 D Navbar.Store: ------[Band]STABLE_LAYOUT_PACK_INFLATE_NAVBAR_SIDE_PADDING
03-13 15:30:01.755  4205  4205 D NavBarStateManager: NavBarStates(1) getNavBarSidePadding: 0
03-13 15:30:01.755  4205  4205 D Navbar.Store: ----handleEvent(1) value= 0
03-13 15:30:01.755  4205  4205 D NavBarStateManager: NavBarStates(1) isNavBarHiddenByKnox: false
03-13 15:30:01.755  4205  4205 D NavBarStateManager: NavBarStates(1) canShowGestureHint: true
03-13 15:30:01.755  4205  4205 D AccessibilityGestureHandler: onNavBarAttached
03-13 15:30:01.756  4205  4205 D NavBarStateManager: NavBarStates(1) isLargeCoverScreenSyncEnabled: false
03-13 15:30:01.756  4205  4205 D AccessibilityGestureHandler: a11yButtonState: false, coverScreenNavBarEnabled: false gestureMode: false, isWindowShowing: false, isCoverNavBarVisible: false, isEnabled: false
03-13 15:30:01.756  4205  4205 D NavBarStateManager: NavBarStates(1) isLargeCoverScreenSyncEnabled: false
03-13 15:30:01.756  2105  2922 I SurfaceFlinger: id=66826 createSurf, flag=84004, [Gesture Monitor] edge-swipe#66826
03-13 15:30:01.756  3003  4405 D HintManagerService: SystemUI make new AppHintSession but force pause
03-13 15:30:01.756  3003  6711 D InputTransport: Input channel constructed: '[Gestur', fd=1087
03-13 15:30:01.756  3003  6711 D InputTransport: Input channel constructed: '[Gestur', fd=1236
03-13 15:30:01.756  2022  2124 I HYPER-HAL: [RequestManager.cpp]acquire(): Acquired ID : 310887554  [2025 / 22909]    HINT :      list : [TID_LOW_LATENCY / 0] [TID / 4392] [TID / 4393] [TID / 4205] [TID / 4394] 
03-13 15:30:01.757  3003  6711 D InputTransport: Input channel constructed: '[Gestur', fd=1240
03-13 15:30:01.757  3003  6711 D InputTransport: Input channel destroyed: '[Gestur', fd=1240
03-13 15:30:01.757  4205  4205 D InputTransport: Input channel constructed: '[Gestur', fd=570
