03-13 15:30:49.030  4832 32472 I HoneySpace.ExtraDisplaySource: ExtraDisplayInfo(rotation=0, displayId=1, displaySize=Point(748, 720), displayCutout=DisplayCutout{insets=Rect(0, 0 - 0, 66) waterfall=Insets{left=0, top=0, right=0, bottom=0} boundingRect={Bounds=[Rect(0, 0 - 0, 0), Rect(0, 0 - 0, 0), Rect(0, 0 - 0, 0), Rect(379, 654 - 748, 720)]} cutoutPathParserInfo={CutoutPathParserInfo{displayWidth=748 displayHeight=720 physicalDisplayWidth=748 physicalDisplayHeight=720 density={2.125} cutoutSpec={@bottom @right M 0,0 H -173.6470588235294 V -31.05882352941176 H 0 V 0 Z @dp} rotation={0} scale={1.0} physicalPixelDisplaySizeRatio={1.0}}} sideOverrides={}}, foldState=0)
03-13 15:30:49.030  4832 32472 I HoneySpace.DeviceStateUseCase: changed: THREE_BUTTON, 144, true, false, DisplayInfo(rotation=0, displayId=0, displaySize=Point(1080, 2640), displayCutout=DisplayCutout{insets=Rect(0, 94 - 0, 0) waterfall=Insets{left=0, top=0, right=0, bottom=0} boundingRect={Bounds=[Rect(0, 0 - 0, 0), Rect(505, 0 - 576, 94), Rect(0, 0 - 0, 0), Rect(0, 0 - 0, 0)]} cutoutPathParserInfo={CutoutPathParserInfo{displayWidth=1080 displayHeight=2640 physicalDisplayWidth=1080 physicalDisplayHeight=2640 density={3.0} cutoutSpec={M 0,0 H -11.83333333333333 V 31.33333333333333 H 11.83333333333333 V 0 H 0 Z @dp} rotation={0} scale={1.0} physicalPixelDisplaySizeRatio={1.0}}} sideOverrides={}}, isNavCanMove=true, isTablet=false), ExtraDisplayInfo(rotation=0, displayId=1, displaySize=Point(748, 720), displayCutout=DisplayCutout{insets=Rect(0, 0 - 0, 66) waterfall=Insets{left=0, top=0, right=0, bottom=0} boundingRect={Bounds=[Rect(0, 0 - 0, 0), Rect(0, 0 - 0, 0), Rect(0, 0 - 0, 0), Rect(379, 654 - 748, 720)]} cutoutPathParserInfo={CutoutPathParserInfo{displayWidth=748 displayHeight=720 physicalDisplayWidth=748 physicalDisplayHeight=720 density={2.125} cutoutSpec={@bottom @right M 0,0 H -173.6470588235294 V -31.05882352941176 H 0 V 0 Z @dp} rotation={0} scale={1.0} physicalPixelDisplaySizeRatio={1.0}}} sideOverrides={}}, foldState=0), false
03-13 15:30:49.031  4205  5152 D KeyguardWallpaperColors: setSemWallpaperColors: which = 17, userId = 0, colors = Rect(31, 19 - 716, 48)[1] Rect(261, 150 - 484, 490)[1] Rect(350, 12 - 397, 57)[1] Rect(631, 556 - 711, 637)[1] Rect(42, 652 - 308, 718)[1] Rect(0, 0 - 748, 718)[1] 
03-13 15:30:49.031  4205  5152 D SemWallpaperColorsArea: SemWallpaperColorsArea [1080, 2640] which: 2 rotation: 0 has Base: false
03-13 15:30:49.031  4205  5152 D SemWallpaperColorsArea: SemWallpaperColorsArea which = 2, mDensity : 3.0, 1080x2640,360x880,31,48, 6
03-13 15:30:49.031  4205  5152 I SemWallpaperColorsArea: Final area : Rect(72, 18 - 1008, 93)
03-13 15:30:49.031  4205  5152 I SemWallpaperColorsArea: Final area : Rect(120, 528 - 960, 837)
03-13 15:30:49.031  4205  5152 I SemWallpaperColorsArea: Final area : Rect(120, 1389 - 960, 1449)
03-13 15:30:49.031  4205  5152 I SemWallpaperColorsArea: Final area : Rect(120, 1533 - 960, 2061)
03-13 15:30:49.031  4205  5152 I SemWallpaperColorsArea: Final area : Rect(120, 2361 - 960, 2547)
03-13 15:30:49.031  4205  5152 I SemWallpaperColorsArea: Final area : Rect(0, 0 - 1080, 2640)
03-13 15:30:49.031  4205  5152 D WallpaperEventNotifier: notifyUpdate: [ | | | STATUSBAR BODY_TOP BODY_MID BODY_BOTTOM NAVIBAR BACKGROUND | SHADOW ], isCover = true, colors = Rect(31, 19 - 716, 48)[1] Rect(261, 150 - 484, 490)[1] Rect(350, 12 - 397, 57)[1] Rect(631, 556 - 711, 637)[1] Rect(42, 652 - 308, 718)[1] Rect(0, 0 - 748, 718)[1] 
03-13 15:30:49.031  2053  2420 W QC2Interface: [hvcD_32] Failed to query parameters
03-13 15:30:49.031  2053  2420 I vendor.qti.media.c2@1.0-service: StrictValueWithNoDeps is called old.v.value is 2141391876 me.v.value is 0
03-13 15:30:49.031  2053  2420 I vendor.qti.media.c2@1.0-service: [FRC-IsFilteringEnabled] entry
03-13 15:30:49.031  2053  2420 I vendor.qti.media.c2@1.0-service: [FRC-IsFilteringEnabled] frcReqInfo.value is 0
03-13 15:30:49.031  4360 21895 I CCodec  : [c2.qti.hevc.decoder] config->initialize() : 0
03-13 15:30:49.031  2053 13496 W QC2Interface: [hvcD_32] Failed to query parameters
03-13 15:30:49.031  4360 21895 I CCodecConfig: query failed after returning 18 values (BAD_INDEX)
03-13 15:30:49.031  3003  3661 I InputReader: Reconfiguring input devices, changes=DISPLAY_FOLD
03-13 15:30:49.031  4360 21895 W ColorUtils: expected specified color aspects (0:0:0:0)
03-13 15:30:49.031  4360 21895 I CCodec  : [c2.qti.hevc.decoder] config->queryConfiguration()
03-13 15:30:49.031  4360 21895 I CCodec  : [c2.qti.hevc.decoder] mCallback->onComponentAllocated() IN
03-13 15:30:49.031  4360 21895 I CCodec  : [c2.qti.hevc.decoder] mCallback->onComponentAllocated() OUT
03-13 15:30:49.031  3003  3740 W qdgralloc: getInterlacedFlag: getMetaData returned 3, defaulting to interlaced_flag = 0
03-13 15:30:49.032  3003  3067 D VibratorManagerService: onFoldStateChanged isFolded = true
03-13 15:30:49.032  3003  3915 D PocketModeEvent: LID state : 1
03-13 15:30:49.032  4205  4670 D SemWallpaperColorsArea: SemWallpaperColorsArea [1080, 2640] which: 17 rotation: 0 has Base: false
03-13 15:30:49.032  4205  4670 D SemWallpaperColorsArea: SemWallpaperColorsArea which = 17, mDensity : 2.125, 1080x2640,508x1242,14,31, 9
03-13 15:30:49.032  4205  4670 I SemWallpaperColorsArea: Final area : Rect(46, 19 - 1032, 48)
03-13 15:30:49.032  4205  4670 I SemWallpaperColorsArea: Final area : Rect(376, 561 - 701, 1806)
03-13 15:30:49.032  4205  4670 I SemWallpaperColorsArea: Final area : Rect(505, 46 - 573, 214)
03-13 15:30:49.032  4205  4670 I SemWallpaperColorsArea: Final area : Rect(911, 2046 - 1028, 2341)
03-13 15:30:49.032  4205  4670 I SemWallpaperColorsArea: Final area : Rect(61, 2573 - 446, 2639)
03-13 15:30:49.032  4205  4670 I SemWallpaperColorsArea: Final area : Rect(0, 0 - 1079, 2639)
03-13 15:30:49.032  4832 32185 I HoneySpace.AppGridManager: finderWidthDp : 360.0 density : 3.0 marginDp : 10 appTrayAreaDp : 320 maxBounds : 360.0
03-13 15:30:49.032  4205  4670 D WallpaperManager: onSemWallpaperColorsChanged [version:22, which:17, adaptive dim:0.0/0, darkmode dim:0.25]
03-13 15:30:49.032  4205  4670 D WallpaperManager: 	[SeedColors, [-70198]]
03-13 15:30:49.032  4205  4670 D WallpaperManager: 	[STATUSBAR, Rect(31, 19 - 716, 48):1/ff000000/1.0/0.1, 0.0/0.0/0.0]
03-13 15:30:49.032  4205  4670 D WallpaperManager: 	[BODY_TOP, Rect(261, 150 - 484, 490):1/ff4e4e4e/2.0004/0.30007502, 37.627117/0.23694779/0.9764706]
03-13 15:30:49.032  4205  4670 D WallpaperManager: 	[BODY_MID, Rect(350, 12 - 397, 57):1/ff525252/2.0004/0.30007502, 40.8/0.19607843/1.0]
03-13 15:30:49.032  4205  4670 D WallpaperManager: 	[BODY_BOTTOM, Rect(631, 556 - 711, 637):1/ff343434/3.3315673/0.54966885, 31.8/0.4784689/0.81960785]
03-13 15:30:49.032  4205  4670 D WallpaperManager: 	[NAVIBAR, Rect(42, 652 - 308, 718):1/ff525252/2.0004/0.30007502, 42.352943/0.2007874/0.99607843]
03-13 15:30:49.032  4205  4670 D WallpaperManager: 	[BACKGROUND, Rect(0, 0 - 748, 718):1/ff464646/2.1101708/0.32065704, 34.411766/0.28691983/0.92941177], which=17
03-13 15:30:49.033  3003  3951 D GnssLocationProvider_ex: onLidStateChanged 1
03-13 15:30:49.033  4360  4360 I SprWallpaper|VideoPlayer: configure
03-13 15:30:49.033  3003  3951 D GnssLocationProvider_ex: sendLidState 3
03-13 15:30:49.033  4360 21892 I MediaCodec: MediaCodec will operate in async mode
03-13 15:30:49.033  2007  2007 I sensors-hal: activate:300, com.samsung.sensor.pocket_mode/1692 en=0
03-13 15:30:49.033  2007  2007 I sensors-hal: send_sync_sensor_request:508, send sync request
03-13 15:30:49.033  2007  2007 I sensors-hal: send_sync_sensor_request:518, send_sync_sensor_request before send_request for pocket_mode with SUID low=11039279336981156932 high=1340270623893619472
03-13 15:30:49.033  2007  2007 I sensors-hal: send_sync_sensor_request:537, wait for notification of response
03-13 15:30:49.033  4360  4360 E MediaCodec: Media Quality Service not found.
03-13 15:30:49.033  3003  3951 D GnssLocationProvider_ex: gnssConfigurationUpdateSec
03-13 15:30:49.034  2007  3645 I sensors-hal: qsh_conn_resp_cb:930, resp_value = 0 for pocket_mode 
03-13 15:30:49.034  2007  2007 I sensors-hal: send_sync_sensor_request:543, takes 0 ms to receive the response with 0
03-13 15:30:49.034  2007  2007 I sensors-hal: activate:330, com.samsung.sensor.pocket_mode/1692 en=0 completed
03-13 15:30:49.034  3003  3915 D SensorManager: unregisterListener :: com.samsung.android.gesture.PocketProximityManager$2@728726e
03-13 15:30:49.034  3003  3915 E PocketProximityManager: unregister pocket sensor
03-13 15:30:49.034  5490  5568 I LidStateListener_FLP: onLidStateChanged, whenNanos=76837972121000, lidState=1
03-13 15:30:49.035  2005  2035 I qmi_secgps_clnt: SECGPS: AGNSS Config Message
03-13 15:30:49.035  2105  2922 I VSyncReactor: Current= 120, Period= 120, Distance= 119
03-13 15:30:49.035  2075  2075 E SecVibrator-HAL-AIDL-EXT: V_5_0: setFolderStatus1
03-13 15:30:49.035  2075  2075 E SecVibrator-HAL-AIDL-EXT: V_5_0: FOLDER_CLOSE
03-13 15:30:49.035  2075  2075 E SecVibrator-HAL-AIDL-EXT:  length : 13
03-13 15:30:49.036  2075  2075 E SecVibrator-HAL-AIDL-EXT: V_5_0: ret : 13
03-13 15:30:49.036  2075  2075 E SecVibrator-HAL-AIDL-EXT: V_5_0: setFolderStatus end
03-13 15:30:49.036  3003  3067 D VibratorManagerService: onTableModeChanged. isTableMode=false
03-13 15:30:49.036  3003  3067 I DisplayDeviceRepository: Display device changed render timings: "Built-in Screen", renderFrameRate=120.00001, presentationDeadlineNanos=9333333, appVsyncOffsetNanos=8333333, frameRateOverrides=[]
03-13 15:30:49.036  3003  3065 D WindowManager: DeferredDisplayUpdater: partially applying DisplayInfo(1080 x 2640) immediately
03-13 15:30:49.036  3003  3003 D SGM:GameManager: onDisplayChanged. displyId: 0, state: 2
03-13 15:30:49.037  3003  3003 D AODManagerService: requestReCalToTSP IsSingleTouchMode = falserequestedReCalToTSP = false / previousDisplayState = ON
03-13 15:30:49.037  3003  3065 D SurfaceComposerClient: setCornerRadius ## d93b6ef com.ring.neighborhoods/com.ring.nh.feature.onboarding.flow.OnboardingFlowActivity#66889 cornerRadius=0.000000
03-13 15:30:49.037  3003  3067 D PowerManagerService: [api] goToSleep (uid: 1000 pid: 3003) eventTime = 76838034
03-13 15:30:49.038  3003  3067 W PowerManagerService: !@Screen__Off(d) - 648 :  goToSleep:  (uid: 1000 pid: 3003) (device_folded) groupId=0
03-13 15:30:49.038  2105  2858 D SurfaceFlinger: [input] setFocusedWindow: <null>
03-13 15:30:49.038  3003  3804 D InputDispatcher: Once focus requested (0): <null>
03-13 15:30:49.038  3003  3804 D InputDispatcher: Focus request (0): <null> but waiting because NO_WINDOW
03-13 15:30:49.038  3003  3804 D InputDispatcher: Focus left window (0): d93b6ef com.ring.neighborhoods/com.ring.nh.feature.onboarding.flow.OnboardingFlowActivity
03-13 15:30:49.038  3003  3067 I PowerGroup: Powering off display group due to device_folded (groupId= 0, uid= 1000, millisSinceLastUserActivity=41, lastUserActivityEvent=deviceState)...
03-13 15:30:49.038  3003  3067 D InputManager-JNI: setInteractiveForInternalDisplay(false)
03-13 15:30:49.038  3003  3003 I PhoneWindowManager: Started going to sleep... (groupId=0 why=OFF_BECAUSE_OF_FOLD)
03-13 15:30:49.038  3003  3067 D InputManager-JNI: setInteractive(false)
03-13 15:30:49.038  3003  3067 I PowerManagerService: Going to sleep due to device_folded (uid 1000, screenOffTimeout=600000, activityTimeoutWM=-1, maxDimRatio=0.333, maxDimDur=20000)...
03-13 15:30:49.039 21477 21477 I ImeFocusController: onPreWindowFocus: skipped hasWindowFocus=false mHasImeFocus=true
03-13 15:30:49.039  3003  3067 D PowerManagerService: displayReady: false groupId=0
03-13 15:30:49.039  3003  3067 D PowerManagerService: Setting HAL interactive mode to false
03-13 15:30:49.039  3003  3681 V InputMethodManagerService: IME window vis: 0 active: 0 visible: 0 displayId: 0
03-13 15:30:49.039  3003  3130 D DisplayPowerController[0]: animateScreenStateChange: target=OFF, mIsEnabled=true
03-13 15:30:49.039  3003  3130 D ColorFade: ColorFade start [PREPARE]  : mode=2
03-13 15:30:49.039  4832 17709 I HoneySpace.Memory-Monitor: current state = 2, didTrim = false
03-13 15:30:49.039  4832 17709 I HoneySpace.RefreshRateSource: singleFrameMs 8
03-13 15:30:49.039  3003  3130 D ColorFade: ColorFade start display info.
03-13 15:30:49.039  3003  3130 D ColorFade: ColorFade end display info.
03-13 15:30:49.039  3003  3130 D ColorFade: ColorFade start setColorFadeNightDim
03-13 15:30:49.039  3003  3130 D ColorFade: ColorFade end setColorFadeNightDim
03-13 15:30:49.039  3003  3681 D InputMethodManagerService: isImeSwitcherDisabledPackage : false
03-13 15:30:49.039  4205 23939 I KeyguardService: onStartedGoingToSleep pmSleepReason=13
03-13 15:30:49.039  3003  3681 W InputMethodManagerService: callbackImeWindowStatus: skipped topFocusedDisplayId=1, curTokenDisplayId=0
03-13 15:30:49.039  2105  2921 I SurfaceFlinger: id=66899 createSurf, flag=20004, ColorFade_d0#66899
03-13 15:30:49.039  3003  3681 V InputMethodManagerService: applyImeVisibility state=4
03-13 15:30:49.040  3003  5976 D LiftUpHandler: [LTW] Stopped already.
03-13 15:30:49.040  3003  3067 D DeviceStatePolicy: updateFoldingSensorListenerLw, foldOpen=false, awake=false, isTableModeEnabled=true, forceOff=false, caller=com.android.server.devicestate.DeviceStateManagerService$OverrideRequestScreenObserver.onAwakeStateChanged:16 com.android.server.wm.ActivityTaskManagerService$$ExternalSyntheticLambda7.run:57 android.os.Handler.handleCallback:995 android.os.Handler.dispatchMessage:103 android.os.Looper.loopOnce:273 android.os.Looper.loop:363 android.os.HandlerThread.run:85 com.android.server.ServiceThread.run:49 <bottom of call stack> <bottom of call stack> 
03-13 15:30:49.040  2094  2278 D AudioFlinger: setParameters: filtered dev setParameters keyvalue screen_state=on
03-13 15:30:49.040 21477 21477 I ImeFocusController: onPostWindowFocus: skipped hasWindowFocus=false mHasImeFocus=true
03-13 15:30:49.041  2005  2035 D qmi_secgps_clnt: SECGPS: send a qmi message to secgps_server OK
03-13 15:30:49.041  3003  3687 D SGM:FgCheckThread: onLooperPrepared(), msg: MSG_LCD_ON
03-13 15:30:49.041  4205 23939 D FactoryTest: checkAutomationTestOption() : option=0
03-13 15:30:49.041  4205 23939 D FactoryTest: checkAutomationTestOption() : mode_screenlock=0
03-13 15:30:49.041  3003  3003 I ActivityManager: Changes in 10139 5 to 6, 255 to 239
03-13 15:30:49.041  1992 24238 D AHAL: AudioDevice: SetParameters: 1865: enter
03-13 15:30:49.041  1992 24238 D AHAL: AudioVoice: VoiceSetParameters: 200: Enter
03-13 15:30:49.041  1992 24238 D AHAL: AudioVoice: VoiceSetParameters: 479: Exit ret: 0
03-13 15:30:49.041  1992 24238 D AHAL: hfp: hfp_set_parameters: 444: enter
03-13 15:30:49.041  1992 24238 D AHAL: AudioDevice: SetParameters: 1945:  - screen = on
03-13 15:30:49.041  1992 24238 I PAL: ResourceManager: setParameter: 10683: Screen State:1
03-13 15:30:49.041  1992 24238 D AHAL: AudioDevice: SetParameters: 2798: exit: screen_state=on
03-13 15:30:49.042  4205  4387 D KeyguardTransitionRepository: (Internal) Setting current transition info: TransitionInfo(ownerName=FromGoneTransitionInteractor(Sleep transition triggered), from=GONE, to=DOZING, animated)
03-13 15:30:49.043  2007  2007 I sensors-hal: set_config:64, no need to adjust sample_period_ns due to reporting_mode = 2
03-13 15:30:49.043  2007  2007 I sensors-hal: batch:363, com.samsung.sensor.pocket_mode/1692, period=200000000, max_latency=0 request completed
03-13 15:30:49.043  2007  2007 I sensors-hal: activate:300, com.samsung.sensor.pocket_mode/1692 en=1
03-13 15:30:49.043  2007  2007 I sensors-hal: acquire_qsh_interface:139, acquire_qsh_interface with sensor_id 4 , conn_type 1 
03-13 15:30:49.043  2007  2007 I sensors-hal: acquire_qsh_interface:142, returning _shared_instance[SHARED_ON_CHANGE_WAKEUP].conn - wakeup 
03-13 15:30:49.043  2007  2007 I sensors-hal: acquire_shared_instance:173, re-use existing connection for type 1 
03-13 15:30:49.044 19717 19717 I HBD     : DeX h DeX mode state change in non-main thread 
03-13 15:30:49.044 19717 19717 I HBD     : DeX h DeX mode state change: 3 
03-13 15:30:49.045  2007  2007 I sensors-hal: register_cb:304, suid(low=11039279336981156932,high=1340270623893619472) is new. register callbacks
03-13 15:30:49.045  2007  2007 I sensors-hal: send_sensor_config_request:645, dt=pocket_mode: convert sample_period=200000000 to batch_period=200000
03-13 15:30:49.045  2007  2007 I sensors-hal: send_sync_sensor_request:508, send sync request
03-13 15:30:49.045  2007  2007 I sensors-hal: send_sync_sensor_request:518, send_sync_sensor_request before send_request for pocket_mode with SUID low=11039279336981156932 high=1340270623893619472
03-13 15:30:49.045  2007  2007 I sensors-hal: send_sync_sensor_request:537, wait for notification of response
03-13 15:30:49.046  4360 21892 I MediaCodec: [c2.qti.hevc.decoder] setting surface generation to 4465433
03-13 15:30:49.046  3003  4002 D BackgroundInstallControlService: Package event received: 0
03-13 15:30:49.046  3003  3681 I SurfaceComposerClient: captureLayers:childrenOnly:1, sync:1
03-13 15:30:49.046  3003  3130 D ColorFade: ColorFade End [PREPARE]  : mode=2 , <Time> displayInfo: 0
03-13 15:30:49.046  2007  3645 I sensors-hal: qsh_conn_resp_cb:930, resp_value = 0 for pocket_mode 
03-13 15:30:49.046  3003  3130 W DisplayPowerController[0]: ColorFade: onAnimationStart
03-13 15:30:49.046  3003  3130 W DisplayPowerState: !@ColorFade entry displayId=0
03-13 15:30:49.046  3003  3130 W DisplayPowerController[0]: ColorFade: onAnimationEnd
03-13 15:30:49.046  3003  3130 I DisplayPowerController[0]: BrightnessEvent: brt=0.33333334 (79.0%), nits= 120.631, lux=186.0, reason=automatic, strat=AutomaticBrightnessStrategy, state=ON, stateReason=DEFAULT_POLICY, policy=OFF, flags=, initBrt=0.33333334, rcmdBrt=0.33333334, preBrt=NaN, preLux=170.0, wasShortTermModelActive=false, autoBrightness=true (default), unclampedBrt=0.33333334, hbmMax=1.0, hbmMode=off, thrmMax=1.0, rbcStrength=-1, powerFactor=1.0, physDisp=Built-in Screen(local:4630946564756762243), logicalId=0, slowChange=false, rampSpeed=0.0
03-13 15:30:49.047  3003  3130 D DisplayPowerController[1]: animateScreenStateChange: target=OFF, mIsEnabled=false
03-13 15:30:49.047  3003  3130 I DisplayPowerController[1]: BrightnessEvent: brt=0.0 (0.0%), nits= 1.0, lux=-1.0, reason=screen_off, strat=ScreenOffBrightnessStrategy, state=OFF, stateReason=DEFAULT_POLICY, policy=OFF, flags=, initBrt=0.0, rcmdBrt=NaN, preBrt=NaN, preLux=0.0, wasShortTermModelActive=false, autoBrightness=true (default), unclampedBrt=0.0, hbmMax=1.0, hbmMode=off, thrmMax=1.0, rbcStrength=-1, powerFactor=1.0, physDisp=Built-in Screen(local:4630946638498144900), logicalId=1, slowChange=false, rampSpeed=0.0
03-13 15:30:49.047  3003  3130 D DisplayPowerController[0]: animateScreenStateChange: target=OFF, mIsEnabled=true
03-13 15:30:49.047  3003  3130 I DisplayPowerController[0]: Blocking screen off
03-13 15:30:49.047  3003  3130 D DisplayPowerController[0]: mWindowManagerPolicy.screenTurningOff()
03-13 15:30:49.047  2007  2007 I sensors-hal: send_sync_sensor_request:543, takes 1 ms to receive the response with 0
03-13 15:30:49.047  2007  2007 I sensors-hal: activate:330, com.samsung.sensor.pocket_mode/1692 en=1 completed
03-13 15:30:49.047  3003  3915 D SensorManager: registerListener :: 1692, Pocket mode  Wakeup, 200000, 0, com.samsung.android.gesture.PocketProximityManager$2@728726e
03-13 15:30:49.047  3003  3915 E PocketProximityManager: register pocket sensor
03-13 15:30:49.047  4205  6502 I KeyguardService: onScreenTurningOff
03-13 15:30:49.047  3003  3915 D PocketModeEvent: MSG_TYPE_REGISTER_POCKET_POSITION_SENSOR
03-13 15:30:49.047  4205  4362 D StackScroller: onDisplayChanged for predraw skip to 2
03-13 15:30:49.047  6103  6103 W ContextImpl: Calling a method in the system process without a qualified user: android.app.ContextImpl.startService:2068 android.content.ContextWrapper.startService:872 android.content.ContextWrapper.startService:872 com.sec.android.diagmonagent.sa.receiver.CFLogReceiver.onReceive:56 android.app.ActivityThread.handleReceiver:5663 
03-13 15:30:49.048  4205  4205 E EdgeBackGestureHandler: No resource found for gesture-blocking activities
03-13 15:30:49.048  2007  2007 I sensors-hal: set_config:64, no need to adjust sample_period_ns due to reporting_mode = 2
03-13 15:30:49.048  2007  2007 I sensors-hal: batch:363, com.samsung.sensor.pocket_pos_mode/2622, period=200000000, max_latency=0 request completed
03-13 15:30:49.049  3003  4082 D HdrSolution_HdrDisplayNitMapper: updataTargetNit--------------mLightSensorData: -1.0, scaleRatio: 200.0, target: 1.0->200
03-13 15:30:49.049  4205  4205 D NavigationModeController: getCurrentInteractionMode: mode=0 contextUser=0
03-13 15:30:49.049  2007  2007 I sensors-hal: activate:300, com.samsung.sensor.pocket_pos_mode/2622 en=1
03-13 15:30:49.049  2007  2007 I sensors-hal: acquire_qsh_interface:139, acquire_qsh_interface with sensor_id 3 , conn_type 1 
03-13 15:30:49.049  2007  2007 I sensors-hal: acquire_qsh_interface:142, returning _shared_instance[SHARED_ON_CHANGE_WAKEUP].conn - wakeup 
03-13 15:30:49.049  2007  2007 I sensors-hal: acquire_shared_instance:173, re-use existing connection for type 1 
03-13 15:30:49.049  2007  2007 I sensors-hal: register_cb:304, suid(low=4779840344920564001,high=1320970896291267344) is new. register callbacks
03-13 15:30:49.049  2007  2007 I sensors-hal: send_sensor_config_request:645, dt=pocket_pos_mode: convert sample_period=200000000 to batch_period=200000
03-13 15:30:49.049  2007  2007 I sensors-hal: send_sync_sensor_request:508, send sync request
03-13 15:30:49.049  2007  2007 I sensors-hal: send_sync_sensor_request:518, send_sync_sensor_request before send_request for pocket_pos_mode with SUID low=4779840344920564001 high=1320970896291267344
03-13 15:30:49.049  2007  2007 I sensors-hal: send_sync_sensor_request:537, wait for notification of response
03-13 15:30:49.049  2105  2836 I SurfaceFlinger: Capture layer list: 	 InputMethod$_15873#66897(seamlessTransition:0)
03-13 15:30:49.050  3003  7124 D WifiDisplayAdapter: isFitToActiveDisplayLocked : false
03-13 15:30:49.050  2105  2342 D RenderEngine: [SEC_SF_EFFECTS] drawLayersInternal,1483, Rendering layer ScreenCaptureFillLayer at index 0
03-13 15:30:49.050  2105  2342 D RenderEngine: [SEC_SF_EFFECTS] drawLayersInternal,1483, Rendering layer InputMethod$_15873#66897 at index 1
03-13 15:30:49.050  2007  3645 I sensors-hal: qsh_conn_resp_cb:930, resp_value = 0 for pocket_pos_mode 
03-13 15:30:49.050  4360 21895 I CCodec  : appPid(4360) width(1080) height(2640)
03-13 15:30:49.050  2007  2007 I sensors-hal: send_sync_sensor_request:543, takes 1 ms to receive the response with 0
03-13 15:30:49.050  2007  2007 I sensors-hal: activate:330, com.samsung.sensor.pocket_pos_mode/2622 en=1 completed
03-13 15:30:49.051  4205  4205 I NoBackGesture: Config changed: newConfig={1.0 ?mcc0mnc [en_US] ldltr sw307dp w352dp h308dp 340dpi smll hdr widecg land night -touch -keyb/v/h -nav/h winConfig={ mBounds=Rect(0, 0 - 748, 720) mAppBounds=Rect(0, 0 - 748, 654) mMaxBounds=Rect(0, 0 - 748, 720) mDisplayRotation=ROTATION_0 mWindowingMode=fullscreen mActivityType=undefined mAlwaysOnTop=undefined mRotation=ROTATION_0 mStageConfig=undefined mPopOver=undefined mOverlappingWithCutout=false mFlexPanelMode=off} s.7551 fontWeightAdjustment=0 ff=0 bf=-1 bts=0 cst=1.0 nightDim=0 themeSeq=0} lastReportedConfig={1.0 ?mcc0mnc [en_US] ldltr sw307dp w352dp h308dp 340dpi smll hdr widecg land night -touch -keyb/v/h -nav/h winConfig={ mBounds=Rect(0, 0 - 748, 720) mAppBounds=Rect(0, 0 - 748, 654) mMaxBounds=Rect(0, 0 - 748, 720) mDisplayRotation=ROTATION_0 mWindowingMode=fullscreen mActivityType=undefined mAlwaysOnTop=undefined mRotation=ROTATION_0 mStageConfig=undefined mPopOver=undefined mOverlappingWithCutout=false mFlexPanelMode=off} s.7551 fontWeightAdjustment=0 ff=0 bf=-1 bts=0 cst=1.0 nightDim=0 themeSeq=0}
03-13 15:30:49.051  3003  3915 D SensorManager: registerListener :: 2622, Pocket Position Mode  Wakeup, 200000, 0, com.samsung.android.gesture.PocketSensitivityManager$1@a3d091f
03-13 15:30:49.051  3003  3915 E PocketSensitivityManager: register pocket position sensor
03-13 15:30:49.051  2053  2420 W QC2Interface: [hvcD_32] Failed to query parameters
03-13 15:30:49.051  4205  4205 D Navbar.Store: handleEvent(1) OnNavBarCreated(keyguardStateController=com.android.systemui.statusbar.policy.KeyguardStateControllerImpl@c596bb7, navigationBar=com.android.systemui.navigationbar.views.NavigationBar@6fbbf24) [Module] NavigationBar
03-13 15:30:49.051  4205  4205 D OneHandOpGestureHandler: setDisablePolicy() old=0, new=0
03-13 15:30:49.051  2053  2420 I vendor.qti.media.c2@1.0-service: StrictValueWithNoDeps is called old.v.value is 2141391876 me.v.value is 0
03-13 15:30:49.051  2053  2420 I vendor.qti.media.c2@1.0-service: [FRC-IsFilteringEnabled] entry
03-13 15:30:49.051  2053  2420 I vendor.qti.media.c2@1.0-service: [FRC-IsFilteringEnabled] frcReqInfo.value is 0
03-13 15:30:49.051  4205  4205 D NavBarStateManager: NavBarStates(1) isLargeCoverScreenSyncEnabled: false
03-13 15:30:49.051  4205  4205 D Navbar.NavigationBar: onInit() Cover navbar hidden: sync option is off
03-13 15:30:49.051  4205  4205 D NavBarStateManager: NavBarStates(1) isNavBarHiddenByKnox: false
03-13 15:30:49.052  2105  2105 I SurfaceFlinger: [ColorFade_d0#66899] attach to parent Root
03-13 15:30:49.052  2053  2420 W QC2Interface: [hvcD_32] Failed to query parameters
03-13 15:30:49.052  4205  4205 D NavBarStateManager: NavBarStates(0) canShowKeyboardButtonForRotation(0): true
03-13 15:30:49.052  3003  3130 D DisplayPowerController[0]: animateScreenStateChange: target=OFF, mIsEnabled=true
03-13 15:30:49.052  4360 21895 W Codec2Client: query -- param skipped: index = 1107298332.
03-13 15:30:49.052  4360 21895 W CCodec  : This behavior is subject to change. It is recommended that app developers double check whether the requested max input size is in reasonable range.
03-13 15:30:49.052  2053  2420 W QC2Interface: [hvcD_32] Failed to query parameters
03-13 15:30:49.052  4360 21895 I CCodecConfig: query failed after returning 18 values (BAD_INDEX)
03-13 15:30:49.052  2053  2420 W QC2Interface: [hvcD_32] Failed to query parameters
03-13 15:30:49.053  4360 21895 E .wallpaper.live: Failed to query component interface for required system resources: 6
03-13 15:30:49.053  4205  4205 D NavBarStateManager: NavBarStates(1) supportLargeCoverScreenNavBar: true
03-13 15:30:49.053  4205  4205 D NavBarStateManager: NavBarStates(0) canShowKeyboardButtonForRotation(0): true
03-13 15:30:49.053  3003  4771 D SehCodecSolutionService: updateMediaStatisticsData: (action=1@1986621044;category=2@1986621044;label=1936222261@1986621044)
03-13 15:30:49.053  3003  4771 D CodecSolution_MediaStatisticsData: MediaStatisticsData: action=1@1986621044;category=2@1986621044;label=1936222261@1986621044
03-13 15:30:49.053  3003  4771 D CodecSolution_MediaStatisticsData: Category.valueOf: 2
03-13 15:30:49.053  3003  4771 D CodecSolution_MediaStatisticsData: Action.valueOf: 1
03-13 15:30:49.053  3003  4771 D CodecSolution_MediaStatisticsData: Label.valueOf: 0x73686835
03-13 15:30:49.053  3003  4771 D CodecSolution_MediaStatisticsData: category: VDEC
03-13 15:30:49.053  3003  4771 D CodecSolution_MediaStatisticsData: action: INSTANTIATE
03-13 15:30:49.053  3003  4771 D CodecSolution_MediaStatisticsData: label: SEC_HW_H265
03-13 15:30:49.053  2105  2922 I SurfaceFlinger: id=66900 createSurf, flag=44004, IME-snapshot-surface#66900
03-13 15:30:49.053  4360  4360 I SprWallpaper|VideoPlayer: start: state[1] after prepare
03-13 15:30:49.053  3003  3003 D SehCodecSolutionService: handleMessage : 900
03-13 15:30:49.054  3003  3003 D SehCodecSolutionService: event : VDEC
03-13 15:30:49.054  3003  3003 D CodecSolution_Logging: dma : true, feature: VDEC, extra: SEC_HW_H265, value: -1
03-13 15:30:49.054  3003  3003 D CodecSolution_Logging: insert diagmon log
03-13 15:30:49.054  3003  3003 D CodecSolution_Logging: permission granted
03-13 15:30:49.054  3003  3003 W ContextImpl: Calling a method in the system process without a qualified user: android.app.ContextImpl.sendBroadcast:1335 vendor.samsung.frameworks.codecsolution.Logging.insertDiagmonLog:14 vendor.samsung.frameworks.codecsolution.Logging.insertLog:6 vendor.samsung.frameworks.codecsolution.Logging.insertLog:1 vendor.samsung.frameworks.codecsolution.SehCodecSolutionService$1.handleMessage:24 
03-13 15:30:49.054  4360 21892 I CCodec  : [c2.qti.hevc.decoder] state->set(STARTING)
03-13 15:30:49.054 21477 21477 W WindowOnBackDispatcher: sendCancelIfRunning: isInProgress=false callback=android.view.ImeBackAnimationController@a01ac2f
03-13 15:30:49.054  2053  2420 I vendor.qti.media.c2@1.0-service: [FRC-IsFilteringEnabled] entry
03-13 15:30:49.055  2053  2420 I vendor.qti.media.c2@1.0-service: [FRC-IsFilteringEnabled] frcReqInfo.value is 0
03-13 15:30:49.055  4205  4205 D NavBarStateManager: NavBarStates(1) supportLargeCoverScreenNavBar: true
03-13 15:30:49.055 15873 15873 I GoogleInputMethodService: GoogleInputMethodService.onFinishInputView():1602 onFinishInputView(true)
03-13 15:30:49.055  4205  4205 D NavBarStateManager: NavBarStates(0) canShowKeyboardButtonForRotation(1): true
03-13 15:30:49.055 15873 15873 W TooltipLifecycleManager: TooltipLifecycleManager.dismissTooltips():153 Tooltip with id SUGGESTION_VIEW_EDU_MINI_DIALOG not found in tooltipManager.
03-13 15:30:49.056 15873 15873 I GlobeKeyExtension: GlobeKeyExtension.onDeactivate():153 
03-13 15:30:49.056 15873 15873 W TooltipLifecycleManager: TooltipLifecycleManager.dismissTooltips():153 Tooltip with id spell_check_add_to_dictionary not found in tooltipManager.
03-13 15:30:49.056 15873 15873 I VoiceInputManagerWrapper: VoiceInputManagerWrapper.shutdown():131 shutdown()
03-13 15:30:49.056  2053  2420 I QC2Comp : [hvcD_32] CPU perf resource value pair found: [1082130688, 4095, ]
03-13 15:30:49.056  4205  4205 D NavBarStateManager: NavBarStates(1) supportLargeCoverScreenNavBar: true
03-13 15:30:49.056  4205  4205 D NavBarStateManager: NavBarStates(0) canShowKeyboardButtonForRotation(2): true
03-13 15:30:49.056  3003  3067 D RestrictionPolicy: isScreenCaptureEnabled : ret=true userId=0
03-13 15:30:49.056 15873 15873 I InputBundle: InputBundle.consumeEvent():1041 Skip consuming an event as keyboard status is INACTIVE
03-13 15:30:49.057 21477 21477 W RemoteInputConnectionImpl: requestCursorUpdates on inactive InputConnection
03-13 15:30:49.056  3003  3067 D RestrictionPolicy: isScreenCaptureEnabled : ret=true userId=0
03-13 15:30:49.057  3003  3067 D ScreenCapture: [Capture_TEST] : setIsScreenShotBySystem true
03-13 15:30:49.057  3003  3067 I SurfaceComposerClient: captureLayers:childrenOnly:1, sync:1
03-13 15:30:49.057  2053  2420 I QC2Registry: Build pipelined codec for session
03-13 15:30:49.057  2053  2420 I QC2Registry: Getting stages for pipelined codec
03-13 15:30:49.057  4205  4205 D NavBarStateManager: NavBarStates(1) supportLargeCoverScreenNavBar: true
03-13 15:30:49.057  4205  4205 D NavBarStateManager: NavBarStates(0) canShowKeyboardButtonForRotation(3): true
03-13 15:30:49.058  2053  2420 I QC2Registry: Requested codec is pipelined. Create codec list
03-13 15:30:49.058  2053  2420 I QC2Registry: GetEnabledFilters for c2.qti.hevc.decoder
03-13 15:30:49.058  2053  2420 I QC2Registry: Pipeline Index = a0009102
03-13 15:30:49.058  2053  2420 I QC2Registry: Filter sec2.imageformat.filter can't be pipelined
03-13 15:30:49.058  2053  2420 I QC2Registry: Pipeline Index = a000a103
03-13 15:30:49.058  2053  2420 I QC2Registry: Filter c2.qti.filter.imagetransform can't be pipelined
03-13 15:30:49.058  2053  2420 I QC2Registry: Created 0 filters for pipelined codec c2.qti.hevc.decoder
03-13 15:30:49.058  2053  2420 E QC2Comp : [hvcD_32] configureIntf failed 95
03-13 15:30:49.058 15873 15873 I AndroidIME: AbstractIme.onDeactivate():213 LatinIme.onDeactivate()
03-13 15:30:49.058  3003  3595 V InputMethodManagerService: hide the small icon for the input method
03-13 15:30:49.058  2105  2922 I SurfaceFlinger: Capture layer list: 	 com.ring.neighborhoods/com.ring.nh.feature.onboarding.flow.OnboardingFlowActivity$_21477#66890(seamlessTransition:0)
03-13 15:30:49.058  2105  2922 I SurfaceFlinger: Capture layer list: 	 InputMethod$_15873#66897(seamlessTransition:0)
03-13 15:30:49.058  4205  4205 D NavBarStateManager: NavBarStates(1) supportLargeCoverScreenNavBar: true
03-13 15:30:49.059  2105  2342 D RenderEngine: [SEC_SF_EFFECTS] drawLayersInternal,1483, Rendering layer ScreenCaptureFillLayer at index 0
03-13 15:30:49.059  2105  2342 D RenderEngine: [SEC_SF_EFFECTS] drawLayersInternal,1483, Rendering layer com.ring.neighborhoods/com.ring.nh.feature.onboarding.flow.OnboardingFlowActivity$_21477#66890 at index 1
03-13 15:30:49.059  4205  4205 I WindowManager: WindowManagerGlobal#addView, ty=2019, view=com.android.systemui.navigationbar.views.NavigationBarFrame{d25cebc V.E...... ......I. 0,0-0,0 #7f0a083f app:id/navigation_bar_frame}, caller=android.view.WindowManagerImpl.addView:158 com.android.systemui.navigationbar.views.NavigationBar.onInit:238 com.android.systemui.util.ViewController.init:6 
03-13 15:30:49.059  2105  2342 D RenderEngine: [SEC_SF_EFFECTS] drawLayersInternal,1483, Rendering layer InputMethod$_15873#66897 at index 2
03-13 15:30:49.059  4205  4205 I ViewRootImpl: dVRR is disabled
03-13 15:30:49.059  4205  4394 D NativeCustomFrequencyManager: [NativeCFMS] BpCustomFrequencyManager::BpCustomFrequencyManager()
03-13 15:30:49.060  6103  6103 W ContextImpl: Calling a method in the system process without a qualified user: android.app.ContextImpl.startService:2068 android.content.ContextWrapper.startService:872 android.content.ContextWrapper.startService:872 com.sec.android.diagmonagent.sa.receiver.CFLogReceiver.onReceive:56 android.app.ActivityThread.handleReceiver:5663 
03-13 15:30:49.060  2105  2105 I SurfaceFlinger: RequestedLayer [ColorFade_d0#66899] hidden!! flag  from(1) --> to(0)
03-13 15:30:49.060  2105  2105 I SurfaceFlinger: RequestedLayer [IME-snapshot-surface#66900] hidden!! flag  from(1) --> to(0)
03-13 15:30:49.060  2105  2105 I SurfaceFlinger: RequestedLayer [InputMethod$_15873#66897] hidden!! flag  from(0) --> to(1)
03-13 15:30:49.060  2105  2105 I SurfaceFlinger: [IME-snapshot-surface#66900] attach to parent LayerHierarchy{RequestedLayerState{ActivityRecord{182260881 u0 com.ring.neighborhoods/com.ring.nh.feature.onboarding.flow.OnboardingFlowActivity t777}#66888 parentId=66864 z=1} 4 children}
03-13 15:30:49.061 15873 15873 I PrimesLoggerHolder: FrameMetricServiceImpl.stopAsFuture():213 Measurement not found: OnConfigurationChanged
03-13 15:30:49.061 15873 15873 I GoogleInputMethodService: GoogleInputMethodService.onFinishInput():2114 
03-13 15:30:49.061 15873 15873 I Module  : DeviceLockedStatusModuleProvider$Module.updateDeviceLockedStatus():103 repeatCheckTimes = 0, locked = false
03-13 15:30:49.062 15873 15873 D InputMethodService: unregisterCompatOnBackInvokedCallback : android.inputmethodservice.InputMethodService$$ExternalSyntheticLambda2@67df099
03-13 15:30:49.062 21477 21477 E ImeBackDispatcher: Ime callback not found. Ignoring unregisterReceivedCallback. callbackId: 108916889
03-13 15:30:49.062  2053  2420 I QC2V4l2Codec: [v4lhvcD_32] KPI_L1: init: ms=4
03-13 15:30:49.062  2053 21905 E QC2V4l2Codec: [v4lhvcD_32]  ? is not a supported pixel format!
03-13 15:30:49.063  2105  2105 D SurfaceFlinger: Display 4630946564756762243 HWC layers:
03-13 15:30:49.063  2105  2105 D SurfaceFlinger:   SOLID_COLOR |                        0 | 00000000 | N/A          |    0.0    0.0    0.0    0.0 |    0    0 1080 2640 | ColorFade_d0#66899 (0)
03-13 15:30:49.063  2105  2105 D SurfaceFlinger: 
03-13 15:30:49.064  3003  3067 D RestrictionPolicy: isScreenCaptureEnabled : ret=true userId=0
03-13 15:30:49.064  3003  3067 D RestrictionPolicy: isScreenCaptureEnabled : ret=true userId=0
03-13 15:30:49.064  3003  3067 D DisplayPowerController[0]: [api] WindowManagerPolicy.ScreenOffListener : called onScreenOff()
03-13 15:30:49.064  3003  4771 D CoreBackPreview: Window{d93b6ef u0 com.ring.neighborhoods/com.ring.nh.feature.onboarding.flow.OnboardingFlowActivity}: Setting back callback OnBackInvokedCallbackInfo{mCallback=android.window.IOnBackInvokedCallback$Stub$Proxy@ffcfa22, mPriority=-1, mIsAnimationCallback=false, mOverrideBehavior=0}
03-13 15:30:49.064  3003  3067 D RefreshRateModeManager: onBrightnessChanged: brt=0, lux=11.0
03-13 15:30:49.064  3003  3067 D BBA2    : updateWindowVisible for pid : 15873, visible : 0
03-13 15:30:49.064  3003  3130 I DisplayPowerController[0]: Unblocked screen off after 17 ms
03-13 15:30:49.064  3003  3130 D DisplayPowerController[0]: animateScreenStateChange: target=OFF, mIsEnabled=true
03-13 15:30:49.064  2105  2921 I SurfaceFlinger: id=66901 createSurf, flag=84004, WindowToken{f2bf9e9 type=2019 android.os.BinderProxy@b390cb3}#66901
03-13 15:30:49.064  3003  3806 D InputTransport: Input channel constructed: 'f14966e', fd=1387
03-13 15:30:49.064  3003  3806 D InputTransport: Input channel constructed: 'f14966e', fd=1388
03-13 15:30:49.065  3003  3806 D InputTransport: Input channel constructed: 'f14966e', fd=1377
03-13 15:30:49.065  3003  3806 D InputTransport: Input channel destroyed: 'f14966e', fd=1388
03-13 15:30:49.065  2105  2321 I SurfaceFlinger: id=66902 createSurf, flag=84004, f14966e NavigationBar1#66902
03-13 15:30:49.065  3003  3806 D RestrictionPolicy: isScreenCaptureEnabled : ret=true userId=0
03-13 15:30:49.065  3003  3806 D InsetsSourceProvider: updateVisibility: serverVisible=false, clientVisible=false, source=InsetsSource: {bc530001 mType=navigationBars mFrame=[0,0][0,0] mVisible=false mFlags= mSideHint=NONE mBoundingRects=null}, controlTarget=null, from=com.android.server.wm.InsetsSourceProvider.setClientVisible:8 com.android.server.wm.InsetsSourceProvider.setWindowContainer:160 com.android.server.wm.WindowManagerService.addWindowInner:148 com.android.server.wm.WindowManagerService.addWindow:1842 com.android.server.wm.Session.addToDisplayAsUser:24 android.view.IWindowSession$Stub.onTransact:757 com.android.server.wm.Session.onTransact:1 android.os.Binder.execTransactInternal:1457 android.os.Binder.execTransact:1401 <bottom of call stack> 
03-13 15:30:49.065  3003  3130 D DisplayPowerController[0]: noteDualScreenState: State=OFF, dualScreenPolicy=0
03-13 15:30:49.065  3003  3806 E WindowManager: Display reconfigured outside of a transition: Display{#1 state=OFF size=748x720 ROTATION_0}
03-13 15:30:49.065  3003  3130 D DisplayPowerController[0]: mWindowManagerPolicy.screenTurnedOff()
03-13 15:30:49.065  3003  3130 I PhoneWindowManager: Display0 turned off...
03-13 15:30:49.065  3003  3806 D DisplayManager.PersistentDataStore: saveToXml remembered active display fit status value:false
03-13 15:30:49.066  3003  3806 I WindowManager: [d1] Override config changes=20000c00 {0.0 ?mcc0mnc ?localeList ?layoutDir sw291dp w352dp h291dp 340dpi smll hdr widecg land ?uimode ?night finger -keyb/v/h -nav/h winConfig={ mBounds=Rect(0, 0 - 748, 720) mAppBounds=Rect(0, 0 - 748, 618) mMaxBounds=Rect(0, 0 - 748, 720) mDisplayRotation=ROTATION_0 mWindowingMode=fullscreen mActivityType=undefined mAlwaysOnTop=undefined mRotation=ROTATION_0 mStageConfig=undefined mPopOver=undefined mOverlappingWithCutout=false mFlexPanelMode=off} ?fontWeightAdjustment ff=0 bf=-1 bts=0 cst=1.0 nightDim=-1 themeSeq=0}, callers=com.android.server.wm.DisplayContent.updateDisplayOverrideConfigurationLocked:24 com.android.server.wm.DisplayContent.sendNewConfiguration:133 com.android.server.wm.WindowManagerService.addWindowInner:712 com.android.server.wm.WindowManagerService.addWindow:1842 com.android.server.wm.Session.addToDisplayAsUser:24 
03-13 15:30:49.066  3003  3806 D WindowManager: Transition is created, t=TransitionRecord{367f59c id=-1 type=CHANGE flags=0x0}, caller=com.android.server.wm.Transition.<init>:182 com.android.server.wm.TransitionController.createTransition:17 com.android.server.wm.DisplayContent.requestChangeTransition:5 com.android.server.wm.DisplayContent.performDisplayOverrideConfigUpdate:333 com.android.server.wm.DisplayContent.updateDisplayOverrideConfigurationLocked:24 
03-13 15:30:49.066  3003  3806 D BLASTSyncEngine: SyncGroup is created, id=7814, name=Transition-CHANGE, caller=com.android.server.wm.BLASTSyncEngine$SyncGroup.<init>:52 com.android.server.wm.TransitionController.moveToCollecting:79 com.android.server.wm.TransitionController.createTransition:46 com.android.server.wm.DisplayContent.requestChangeTransition:5 com.android.server.wm.DisplayContent.performDisplayOverrideConfigUpdate:333 com.android.server.wm.DisplayContent.updateDisplayOverrideConfigurationLocked:24 com.android.server.wm.DisplayContent.sendNewConfiguration:133 
03-13 15:30:49.066  3003  3806 W BLASTSyncEngine: setSyncMethod, id=7814, method=0, caller=com.android.server.wm.TransitionController.moveToCollecting:91 com.android.server.wm.TransitionController.createTransition:46 com.android.server.wm.DisplayContent.requestChangeTransition:5 
03-13 15:30:49.066  3003  3806 V WindowManager: Start collecting in Transition: TransitionRecord{367f59c id=7814 type=CHANGE flags=0x0}, caller=com.android.server.wm.TransitionController.createTransition:46 com.android.server.wm.DisplayContent.requestChangeTransition:5 com.android.server.wm.DisplayContent.performDisplayOverrideConfigUpdate:333 com.android.server.wm.DisplayContent.updateDisplayOverrideConfigurationLocked:24 com.android.server.wm.DisplayContent.sendNewConfiguration:133 
03-13 15:30:49.066  3003  3806 V WindowManager: Requesting StartTransition: TransitionRecord{367f59c id=7814 type=CHANGE flags=0x0}, caller=com.android.server.wm.DisplayContent.requestChangeTransition:10 com.android.server.wm.DisplayContent.performDisplayOverrideConfigUpdate:333 com.android.server.wm.DisplayContent.updateDisplayOverrideConfigurationLocked:24 com.android.server.wm.DisplayContent.sendNewConfiguration:133 com.android.server.wm.WindowManagerService.addWindowInner:712 
03-13 15:30:49.066  3003  3003 D SGM:GameManager: onDisplayChanged. displyId: 1, state: 1
03-13 15:30:49.066  3003  3003 V CameraService_worker: onDisplayChanged rotation : 0 current mDeviceState : 6
03-13 15:30:49.066  3003  3806 V WindowManager: Collecting in transition 7814: Display{#1 state=OFF size=748x720 ROTATION_0}, caller=com.android.server.wm.DisplayContent.requestChangeTransition:71 com.android.server.wm.DisplayContent.performDisplayOverrideConfigUpdate:333 com.android.server.wm.DisplayContent.updateDisplayOverrideConfigurationLocked:24 com.android.server.wm.DisplayContent.sendNewConfiguration:133 com.android.server.wm.WindowManagerService.addWindowInner:712 
03-13 15:30:49.066  3003  3806 D WindowManager: prepareSync <SYNC_STATE_WAITING_FOR_DRAW>, mPrepareSyncSeqId=0, win=Window{21b9755 u0 ScreenDecorOverlayCover}
03-13 15:30:49.066  3003  3806 D WindowManager: prepareSync <SYNC_STATE_WAITING_FOR_DRAW>, mPrepareSyncSeqId=0, win=Window{f14966e u0 NavigationBar1}
03-13 15:30:49.066  3003  3806 D WindowManager: prepareSync <SYNC_STATE_WAITING_FOR_DRAW>, mPrepareSyncSeqId=0, win=Window{243e821 u0 SubScreenQuickPanel}
03-13 15:30:49.066  3003  3806 D WindowManager: prepareSync <SYNC_STATE_WAITING_FOR_DRAW>, mPrepareSyncSeqId=0, win=Window{3b7b695 u0 com.android.systemui/com.android.systemui.subscreen.SubHomeActivity}
03-13 15:30:49.066  3003  3806 D WindowManager: prepareSync <SYNC_STATE_WAITING_FOR_DRAW>, mPrepareSyncSeqId=0, win=Window{8bc5e3f u0 com.samsung.android.smartsuggestions/com.samsung.android.smartsuggestions.feature.aisuggestion.ui.onboarding.OnboardingActivity}
03-13 15:30:49.066  3003  3806 V WindowManager: Collecting in transition 7814: WindowToken{8004a5b type=2024 android.os.BinderProxy@d7bba75}, caller=com.android.server.wm.TransitionController$$ExternalSyntheticLambda3.accept:43 com.android.server.wm.WindowContainer$ForAllWindowsConsumerWrapper.apply:5 com.android.server.wm.WindowState.applyInOrderWithImeWindows:22 com.android.server.wm.WindowState.forAllWindows:9 com.android.server.wm.WindowContainer.forAllWindows:2 
03-13 15:30:49.067  3003  3806 I MultiTaskingController: onConfigurationChangedLocked: display#1, configChanges=0x20000c00, scaleW=1.0, scaleH=1.0, prevScreenBounds=Rect(0, 0 - 748, 720), nextScreenBounds=Rect(0, 0 - 748, 720)
03-13 15:30:49.068  3003  3806 D SurfaceComposerClient: setCornerRadius ## d93b6ef com.ring.neighborhoods/com.ring.nh.feature.onboarding.flow.OnboardingFlowActivity#66889 cornerRadius=0.000000
03-13 15:30:49.068  3003  3806 D InsetsSourceProvider: updateVisibility: serverVisible=false, clientVisible=true, source=InsetsSource: {bc530024 mType=systemGestures mFrame=[0,0][0,0] mVisible=false mFlags= mSideHint=NONE mBoundingRects=null}, controlTarget=null, from=com.android.server.wm.InsetsSourceProvider.setServerVisible:6 com.android.server.wm.InsetsSourceProvider.onPostLayout:30 com.android.server.wm.InsetsStateController.onPostLayout:26 com.android.server.wm.RootWindowContainer.applySurfaceChangesTransaction$1:203 com.android.server.wm.RootWindowContainer.performSurfacePlacementNoTrace:86 com.android.server.wm.WindowSurfacePlacer.performSurfacePlacement:166 com.android.server.wm.ActivityTaskManagerService.continueWindowLayout:28 com.android.server.wm.DisplayContent.updateDisplayOverrideConfigurationLocked:78 com.android.server.wm.DisplayContent.sendNewConfiguration:133 com.android.server.wm.WindowManagerService.addWindowInner:712 
03-13 15:30:49.068  4832 32185 I HoneySpace.Memory-Monitor: no default Display - 1
03-13 15:30:49.068  3003  3806 D InsetsSourceProvider: updateVisibility: serverVisible=false, clientVisible=true, source=InsetsSource: {bc530006 mType=tappableElement mFrame=[0,0][0,0] mVisible=false mFlags= mSideHint=NONE mBoundingRects=null}, controlTarget=null, from=com.android.server.wm.InsetsSourceProvider.setServerVisible:6 com.android.server.wm.InsetsSourceProvider.onPostLayout:30 com.android.server.wm.InsetsStateController.onPostLayout:26 com.android.server.wm.RootWindowContainer.applySurfaceChangesTransaction$1:203 com.android.server.wm.RootWindowContainer.performSurfacePlacementNoTrace:86 com.android.server.wm.WindowSurfacePlacer.performSurfacePlacement:166 com.android.server.wm.ActivityTaskManagerService.continueWindowLayout:28 com.android.server.wm.DisplayContent.updateDisplayOverrideConfigurationLocked:78 com.android.server.wm.DisplayContent.sendNewConfiguration:133 com.android.server.wm.WindowManagerService.addWindowInner:712 
03-13 15:30:49.068  2105  2105 I SurfaceFlinger: [WindowToken{f2bf9e9 type=2019 android.os.BinderProxy@b390cb3}#66901] attach to parent LayerHierarchy{RequestedLayerState{Leaf:15:31#64 parentId=54 z=5} 3 children}
03-13 15:30:49.068  2105  2105 I SurfaceFlinger: [f14966e NavigationBar1#66902] attach to parent LayerHierarchy{RequestedLayerState{WindowToken{f2bf9e9 type=2019 android.os.BinderProxy@b390cb3}#66901 parentId=64} 1 children}
03-13 15:30:49.068  3003  3806 D InsetsSourceProvider: updateVisibility: serverVisible=false, clientVisible=true, source=InsetsSource: {bc530005 mType=mandatorySystemGestures mFrame=[0,0][0,0] mVisible=false mFlags= mSideHint=NONE mBoundingRects=null}, controlTarget=null, from=com.android.server.wm.InsetsSourceProvider.setServerVisible:6 com.android.server.wm.InsetsSourceProvider.onPostLayout:30 com.android.server.wm.InsetsStateController.onPostLayout:26 com.android.server.wm.RootWindowContainer.applySurfaceChangesTransaction$1:203 com.android.server.wm.RootWindowContainer.performSurfacePlacementNoTrace:86 com.android.server.wm.WindowSurfacePlacer.performSurfacePlacement:166 com.android.server.wm.ActivityTaskManagerService.continueWindowLayout:28 com.android.server.wm.DisplayContent.updateDisplayOverrideConfigurationLocked:78 com.android.server.wm.DisplayContent.sendNewConfiguration:133 com.android.server.wm.WindowManagerService.addWindowInner:712 
03-13 15:30:49.068  3003  3806 D InsetsSourceProvider: updateVisibility: serverVisible=false, clientVisible=true, source=InsetsSource: {bc530004 mType=systemGestures mFrame=[0,0][0,0] mVisible=false mFlags= mSideHint=NONE mBoundingRects=null}, controlTarget=null, from=com.android.server.wm.InsetsSourceProvider.setServerVisible:6 com.android.server.wm.InsetsSourceProvider.onPostLayout:30 com.android.server.wm.InsetsStateController.onPostLayout:26 com.android.server.wm.RootWindowContainer.applySurfaceChangesTransaction$1:203 com.android.server.wm.RootWindowContainer.performSurfacePlacementNoTrace:86 com.android.server.wm.WindowSurfacePlacer.performSurfacePlacement:166 com.android.server.wm.ActivityTaskManagerService.continueWindowLayout:28 com.android.server.wm.DisplayContent.updateDisplayOverrideConfigurationLocked:78 com.android.server.wm.DisplayContent.sendNewConfiguration:133 com.android.server.wm.WindowManagerService.addWindowInner:712 
03-13 15:30:49.069  3003  3806 D InputTransport: Input channel destroyed: 'f14966e', fd=1377
03-13 15:30:49.069  3003  3068 D SurfaceComposerClient: setCornerRadius ## d93b6ef com.ring.neighborhoods/com.ring.nh.feature.onboarding.flow.OnboardingFlowActivity#66889 cornerRadius=0.000000
03-13 15:30:49.070  3003  3130 D WindowManager: Create SleepToken: tag=Display-off, displayId=0
03-13 15:30:49.070  3003  3130 D ActivityTaskManager: Top Process State changed to PROCESS_STATE_TOP_SLEEPING
03-13 15:30:49.070  4205  4205 D InputTransport: Input channel constructed: 'f14966e', fd=583
