03-11 16:54:53.212 24343 24343 E ThermalEngine: tmd_init_battery_data: Unknown type: 3
03-11 16:54:53.212 24343 24343 E ThermalEngine: tmd_init_battery_data: type 4 
03-11 16:54:53.212 24343 24343 E ThermalEngine: tmd_init_battery_data: Unknown type: 4
03-11 16:54:53.212 24343 24343 E ThermalEngine: Failed to reading /sys/class/leds/lcd-backlight/max_brightness
03-11 16:54:53.212 24343 24343 E ThermalEngine: Switch to /sys/class/backlight/panel0-backlight/max_brightness successfully
03-11 16:54:53.212  2061  2108 E minksocket: MinkIPC_QRTR_Service: client with node 1 port 4c1b went down
03-11 16:54:53.213  2064  2064 E Diag_Lib: diag: Diag_LSM_Init: invoked for pid: 2064 with init_count: 0
03-11 16:54:53.213  2061  2108 E minksocket: MinkIPC_QRTR_Service: client with node 1 port 4c1c went down
03-11 16:54:53.213  2061  2108 E minksocket: MinkIPC_QRTR_Service: client with node 1 port 4c1d went down
03-11 16:54:53.213  2064  2064 E Diag_Lib: diag:failed to connect to diag socket
03-11 16:54:53.213  2064  2064 E Diag_Lib:  Diag_LSM_Init: Failed to open handle to diag driver, error = 13
03-11 16:54:53.213  3163  7933 I DreamManagerService: stopDreamLocked. callers=com.android.server.dreams.DreamManagerService.finishSelfInternal:514 com.android.server.dreams.DreamManagerService.-$$Nest$mfinishSelfInternal:0 com.android.server.dreams.DreamManagerService$BinderService.finishSelf:1092 android.service.dreams.IDreamManager$Stub.onTransact:292 android.os.Binder.execTransactInternal:1520 
03-11 16:54:53.213 24343 24346 E ThermalEngine: verify_tmd_device: Device:sdr0_lte_dsc available. max:255
03-11 16:54:53.213  2064  2064 I sensors-hal: send_sensor_config_request:463, dt=ambient_light_1: convert sample_period=250000000 to batch_period=250000
03-11 16:54:53.213  2064  2064 I sensors-hal: send_sync_sensor_request:341, send sync request
03-11 16:54:53.213  2064  2064 I sensors-hal: send_sync_sensor_request:367, wait for notification of response
03-11 16:54:53.213 24343 24346 E ThermalEngine: verify_tmd_device: Device:sdr1_lte_dsc available. max:255
03-11 16:54:53.214 24343 24346 E ThermalEngine: verify_tmd_device: Device:sdr0_nr_dsc available. max:255
03-11 16:54:53.214  3163  3227 I DreamController: Stopping dream: name=ComponentInfo{com.android.systemui/com.android.systemui.doze.DozeService}, isPreviewMode=false, canDoze=true, userId=0, reason='finished self'(from 'power manager request')
03-11 16:54:53.214 24343 24346 E ThermalEngine: verify_tmd_device: Device:sdr1_nr_dsc available. max:255
03-11 16:54:53.214 24343 24343 E ThermalEngine: parse_cooling_devices: Added cooling device: display-fps with cdev id:31
03-11 16:54:53.214 24343 24343 E ThermalEngine: parse_cooling_devices: Added cooling device: cpu-hotplug3 with cdev id:21
03-11 16:54:53.214  2064 24359 I sensors-hal: ssc_conn_resp_cb:632, resp_value = 0
03-11 16:54:53.214 24343 24343 E ThermalEngine: parse_cooling_devices: Added cooling device: pause-cpu3 with cdev id:11
03-11 16:54:53.214 24343 24343 E ThermalEngine: parse_cooling_devices: Added cooling device: mmw0_dsc_kr with cdev id:58
03-11 16:54:53.214 24343 24343 E ThermalEngine: parse_cooling_devices: Added cooling device: sdr0_lte_dsc_kr with cdev id:48
03-11 16:54:53.214 24343 24343 E ThermalEngine: parse_cooling_devices: Added cooling device: panel0-backlight with cdev id:38
03-11 16:54:53.214  2064  2064 I sensors-hal: send_sync_sensor_request:373, takes 1 ms to receive the response with 0
03-11 16:54:53.214  2064  2064 I sensors-hal: activate:184, com.motorola.sensor.alternate_light/65959 en=1 completed
03-11 16:54:53.214 24343 24343 E ThermalEngine: parse_cooling_devices: Added cooling device: pause-cpu7 with cdev id:8
03-11 16:54:53.214 24343 24343 E ThermalEngine: parse_cooling_devices: Added cooling device: ufs with cdev id:28
03-11 16:54:53.214 24343 24343 E ThermalEngine: parse_cooling_devices: Added cooling device: pa_nr_sdr0_scg_kr with cdev id:56
03-11 16:54:53.215 24343 24343 E ThermalEngine: parse_cooling_devices: Added cooling device: cpu-hotplug0 with cdev id:18
03-11 16:54:53.215 24343 24343 E ThermalEngine: parse_cooling_devices: Added cooling device: pa_nr_sdr0_dsc_kr with cdev id:54
03-11 16:54:53.215 24343 24343 E ThermalEngine: parse_cooling_devices: Added cooling device: modem_vdd with cdev id:44
03-11 16:54:53.215 24343 24343 E ThermalEngine: parse_cooling_devices: Added cooling device: mmw_ific_dsc_kr with cdev id:62
03-11 16:54:53.215 24343 24343 E ThermalEngine: parse_cooling_devices: Added cooling device: pause-cpu5 with cdev id:4
03-11 16:54:53.215 24343 24343 E ThermalEngine: parse_cooling_devices: Added cooling device: cpu-hotplug7 with cdev id:24
03-11 16:54:53.215 24343 24343 E ThermalEngine: parse_cooling_devices: Added cooling device: pa_lte_sdr0_dsc_kr with cdev id:52
03-11 16:54:53.215 24343 24343 E ThermalEngine: parse_cooling_devices: Added cooling device: mmw2_dsc_kr with cdev id:60
03-11 16:54:53.215 24343 24343 E ThermalEngine: parse_cooling_devices: Added cooling device: pause-cpu0 with cdev id:2
03-11 16:54:53.215 24343 24343 E ThermalEngine: parse_cooling_devices: Added cooling device: cpu-hotplug5 with cdev id:22
03-11 16:54:53.215 24343 24343 E ThermalEngine: parse_cooling_devices: Added cooling device: sdr0_nr_dsc_kr with cdev id:50
03-11 16:54:53.215 24343 24343 E ThermalEngine: parse_cooling_devices: Added cooling device: pause-cpu6 with cdev id:12
03-11 16:54:53.215 24343 24343 E ThermalEngine: parse_cooling_devices: Added cooling device: mmw1_dsc_kr with cdev id:59
03-11 16:54:53.215 24343 24343 E ThermalEngine: parse_cooling_devices: Added cooling device: pause-cpu1 with cdev id:0
03-11 16:54:53.215 24343 24343 E ThermalEngine: parse_cooling_devices: Added cooling device: cpu-hotplug2 with cdev id:20
03-11 16:54:53.215 24343 24343 E ThermalEngine: parse_cooling_devices: Added cooling device: sdr1_lte_dsc_kr with cdev id:49
03-11 16:54:53.215 24343 24343 E ThermalEngine: parse_cooling_devices: Added cooling device: panel1-backlight with cdev id:39
03-11 16:54:53.216 24343 24346 E ThermalEngine: verify_tmd_device: Device:pa_lte_sdr0_dsc available. max:255
03-11 16:54:53.216 24343 24343 E ThermalEngine: parse_cooling_devices: Added cooling device: pause-cpu2 with cdev id:9
03-11 16:54:53.216  7545  7545 I FileStationLog: [ FS_h$a ] - [Display] Changed display: 1
03-11 16:54:53.216 24343 24343 E ThermalEngine: parse_cooling_devices: Added cooling device: pa_nr_sdr1_scg_kr with cdev id:57
03-11 16:54:53.216 24343 24343 E ThermalEngine: parse_cooling_devices: Added cooling device: cpu-hotplug1 with cdev id:19
03-11 16:54:53.216  3163  3352 I DisplayPowerController2[1]: 03-11 16:54:53.215 - BrightnessEvent: disp=1, physDisp=local:4630947043778501763, displayState=ON, displayPolicy=OFF, brt=0.3691596, initBrt=0.3691596, rcmdBrt=NaN, preBrt=NaN, lux=NaN, preLux=NaN, brtNits=122.79581, hdrNits=NaN, initNits=122.79581, preNits=NaN, rcmdNits=NaN, hdrBrightness=NaN, brt(%)=48%, brtInt=95, hbmPolicy=normal, hbmMax=0.7660316, hbmMode=off, rbcStrength=-1, thrmMax=1.0, powerFactor=1.0, wasShortTermModelActive=false, flags=invalid_lux , reason=manual, autoBrightness=true, strategy=InvalidBrightnessStrategy, autoBrightnessMode=default
03-11 16:54:53.216 24343 24343 E ThermalEngine: parse_cooling_devices: Added cooling device: pa_nr_sdr1_dsc_kr with cdev id:55
03-11 16:54:53.216 24343 24346 E ThermalEngine: verify_tmd_device: Device:pa_lte_sdr1_dsc available. max:255
03-11 16:54:53.216  3163  3352 I DisplayPowerController2[1]: Blocking screen off
03-11 16:54:53.216  3163  3352 I WindowManager: Display 1 turning off...
03-11 16:54:53.216  3163  3352 I DisplayPowerController2[1]: Unblocked screen off after 0 ms
03-11 16:54:53.216 24343 24346 E ThermalEngine: verify_tmd_device: Device:pa_lte_sdr0_sub1_dsc available. max:255
03-11 16:54:53.216 24343 24343 E ThermalEngine: parse_cooling_devices: Added cooling device: wlan with cdev id:63
03-11 16:54:53.216 24343 24343 E ThermalEngine: parse_cooling_devices: Added cooling device: thermal-cpufreq-0 with cdev id:25
03-11 16:54:53.216 24343 24343 E ThermalEngine: parse_cooling_devices: Added cooling device: pa_lte_sdr1_dsc_kr with cdev id:53
03-11 16:54:53.216 24343 24343 E ThermalEngine: parse_cooling_devices: Added cooling device: wsa with cdev id:43
03-11 16:54:53.216 24343 24346 E ThermalEngine: verify_tmd_device: Device:pa_lte_sdr1_sub1_dsc available. max:255
03-11 16:54:53.216 24343 24343 E ThermalEngine: parse_cooling_devices: Added cooling device: mmw3_dsc_kr with cdev id:61
03-11 16:54:53.216 24343 24343 E ThermalEngine: parse_cooling_devices: Added cooling device: cpu-hotplug6 with cdev id:23
03-11 16:54:53.216 24343 24343 E ThermalEngine: parse_cooling_devices: Added cooling device: sdr1_nr_dsc_kr with cdev id:51
03-11 16:54:53.216 24343 24343 I ThermalEngine: sensors_manager_init: Init
03-11 16:54:53.216 24343 24346 E ThermalEngine: verify_tmd_device: Device:pa_nr_sdr0_dsc available. max:255
03-11 16:54:53.217 24343 24343 E ThermalEngine: Event ID:3 Sampling ID:2
03-11 16:54:53.217  3163  3352 I WindowManager: Display1 turned off...
03-11 16:54:53.217  3163  3352 I DisplayBrightnessStrategySelector: Changing the DisplayBrightnessStrategy from InvalidBrightnessStrategy to ScreenOffBrightnessStrategy for display 1
03-11 16:54:53.218  2064  2064 I sensors-hal: activate:173, com.motorola.sensor.alternate_light/65959 en=0
03-11 16:54:53.218 24343 24346 E ThermalEngine: verify_tmd_device: Device:pa_nr_sdr1_dsc available. max:255
03-11 16:54:53.218  3163  3229 D CLI/SmallCLI: onScreenTurnedOff: 
03-11 16:54:53.218 24343 24346 E ThermalEngine: verify_tmd_device: Device:pa_nr_sdr0_sub1_dsc available. max:255
03-11 16:54:53.219 24343 24346 E ThermalEngine: verify_tmd_device: Device:pa_nr_sdr1_sub1_dsc available. max:255
03-11 16:54:53.219 24343 24346 E ThermalEngine: verify_tmd_device: Device:pa_nr_sdr0_scg_dsc available. max:255
03-11 16:54:53.219  2061  2108 E minksocket: MinkIPC_QRTR_Service: client with node 1 port 4c1e went down
03-11 16:54:53.219  2064  2064 I sensors-hal: activate:184, com.motorola.sensor.alternate_light/65959 en=0 completed
03-11 16:54:53.220  3163  3352 V DisplayPowerController2[1]: Brightness [0.0] reason changing to: 'screen_off', previous reason: 'manual'.
03-11 16:54:53.220  3163  3352 I DisplayPowerController2[1]: 03-11 16:54:53.220 - BrightnessEvent: disp=1, physDisp=local:4630947043778501763, displayState=OFF, displayPolicy=OFF, brt=0.0, initBrt=0.3691596, rcmdBrt=NaN, preBrt=NaN, lux=0.0, preLux=0.0, brtNits=3.3701954, hdrNits=NaN, initNits=122.79581, preNits=NaN, rcmdNits=NaN, hdrBrightness=NaN, brt(%)=0%, brtInt=1, hbmPolicy=normal, hbmMax=0.7660316, hbmMode=off, rbcStrength=-1, thrmMax=1.0, powerFactor=1.0, wasShortTermModelActive=false, flags=, reason=screen_off, autoBrightness=true, strategy=ScreenOffBrightnessStrategy, autoBrightnessMode=default
03-11 16:54:53.220 24343 24346 E ThermalEngine: verify_tmd_device: Device:pa_nr_sdr1_scg_dsc available. max:255
03-11 16:54:53.221 24343 24346 E ThermalEngine: verify_tmd_device: Device:mmw0_dsc available. max:255
03-11 16:54:53.221 24343 24346 E ThermalEngine: verify_tmd_device: Device:mmw0_sub1_dsc available. max:255
03-11 16:54:53.221  2723  5773 E VendorTagDescriptor: lookupTag: Tag name 'support_get_property_2_0' does not exist.
03-11 16:54:53.221 24343 24346 E ThermalEngine: verify_tmd_device: Device:mmw1_dsc available. max:255
03-11 16:54:53.222  7545  7545 I FileStationLog: [ FS_h$a ] - [Display] Ignoring change for non-default/desktop display: 1
03-11 16:54:53.223  3163  5308 D TouchHwAidlService: setCliDisplayState: mCliScreenOff=true
03-11 16:54:53.223 24343 24346 E ThermalEngine: verify_tmd_device: Device:mmw1_sub1_dsc available. max:255
03-11 16:54:53.223  3163  3231 I DisplayDeviceRepository: Display device changed state: "HDMI Screen", OFF
03-11 16:54:53.223 24343 24346 E ThermalEngine: verify_tmd_device: Device:mmw2_dsc available. max:255
03-11 16:54:53.223  3163  5308 D TouchHwAidlService: onTapToWakeSettingsChanged isAmbientDisplayAvailable=1 aodEnable=true singleTapEnable=true doubleTapEnable=true lidState=1 callers=com.motorola.server.display.TouchHwAidlService.setCliDisplayState:554 com.motorola.server.MotoExtHwService$MotoExtHwManagerInternal.setCliDisplayState:454 com.android.server.display.LocalDisplayAdapter$LocalDisplayDevice$1.setDisplayState:1082 
03-11 16:54:53.223  3163  5308 D TouchHwAidlService: enableTapWake mode=33 displayId=0 mGestureStowMode=true
03-11 16:54:53.224  2106  2106 I motorola.hardware.display.touch-service: Setting Gesture to 33
03-11 16:54:53.224  3163  3231 I InputManager-JNI: Viewport [0] to add: local:4630947043778501762, isActive: false
03-11 16:54:53.224  3163  3231 I InputManager-JNI: Viewport [1] to add: local:4630947043778501763, isActive: false
03-11 16:54:53.224  3163  5308 D TouchHwAidlService: setGestureModeHal done mode=33 newMode=33 result=0
03-11 16:54:53.224  3163  5308 D TouchHwAidlService: enableTapWake mode=33 displayId=1 mGestureStowMode=true
03-11 16:54:53.224  3163  5308 D TouchHwAidlService: transfer mode=33 transMode=32 cli=true
03-11 16:54:53.224  2106  2106 I motorola.hardware.display.touch-service: Setting CLI Gesture to 32
03-11 16:54:53.224  3163  5308 D TouchHwAidlService: setCliGestureModeHal done mode=33 newMode=32 result=0
03-11 16:54:53.224  3163  5308 D TouchHwAidlService: enableTapWake mode=49 displayId=-1 mGestureStowMode=true
03-11 16:54:53.224  2106  2106 I motorola.hardware.display.touch-service: Setting Gesture to 49
03-11 16:54:53.224  3163  5308 D TouchHwAidlService: setGestureModeHal done mode=49 newMode=49 result=0
03-11 16:54:53.224  3163  5308 D TouchHwAidlService: transfer mode=49 transMode=48 cli=true
03-11 16:54:53.224  2106  2106 I motorola.hardware.display.touch-service: Setting CLI Gesture to 48
03-11 16:54:53.224  3163  5308 D TouchHwAidlService: setCliGestureModeHal done mode=49 newMode=48 result=0
03-11 16:54:53.225  3163  3229 D ActivityTaskManager: Top Process State changed to PROCESS_STATE_TOP
03-11 16:54:53.225  5625  5625 V DreamService[DozeService]: detach(): Calling onDreamingStopped()
03-11 16:54:53.225  5625  5625 V DreamService[DozeService]: onDreamingStopped()
03-11 16:54:53.225  2300  2300 E Scheduler: trackPendingFrame: Invalid present fence
03-11 16:54:53.225 24343 24346 E ThermalEngine: verify_tmd_device: Device:mmw2_sub1_dsc available. max:255
03-11 16:54:53.225  3163  5308 W ServiceManagerCppClient: Failed to get isDeclared for com.motorola.hardware.display.panel.IDisplayPanel/default: Status(-1, EX_SECURITY): 'SELinux denied.'
03-11 16:54:53.225  3163  5308 D DisplayPanelService: Setting panel dc mode: 0
03-11 16:54:53.225  3163  4285 I InputReader: Reconfiguring input devices, changes=DISPLAY_INFO
03-11 16:54:53.225  3163  4285 I InputReader: Disabling goodix_ts (device 7) because the associated viewport is not active
03-11 16:54:53.225  2090  2090 I DisplayPanel: setDcMode: DC mode = OFF
03-11 16:54:53.225  3163  4285 I InputReader: Disabling zinitix_mt (device 6) because the associated viewport is not active
03-11 16:54:53.225  3163  4285 I InputReader: Device reconfigured: id=6, name='zinitix_mt', size 194x368, orientation Rotation0, mode DISABLED, display id 1
03-11 16:54:53.226  2090  2090 D DisplayPanel: setParam: Success set DC to 0 for Primary display
03-11 16:54:53.226  5625  5669 V WindowManagerShell: Transition requested (#8777): android.os.BinderProxy@225dec5 TransitionRequestInfo { type = WAKE, triggerTask = TaskInfo{userId=0 taskId=1698 displayId=0 isRunning=true baseIntent=Intent { act=android.intent.action.MAIN cat=[android.intent.category.LAUNCHER] flg=0x10200000 cmp=app.organicmaps/.DownloadResourcesActivity } baseActivity=ComponentInfo{app.organicmaps/app.organicmaps.MwmActivity} topActivity=ComponentInfo{app.organicmaps/app.organicmaps.MwmActivity} origActivity=ComponentInfo{app.organicmaps/app.organicmaps.DownloadResourcesActivity} realActivity=ComponentInfo{app.organicmaps/app.organicmaps.SplashActivity} numActivities=1 lastActiveTime=192448652 supportsMultiWindow=true supportsGlobalFreeform=true resizeMode=2 isResizeable=true isAppLocked=false isShowDecorCaptionWindowRequest=false canKillAndRestart=false minWidth=-1 minHeight=-1 defaultMinSize=200 token=WCT{android.window.IWindowContainerToken$Stub$Proxy@55e101a} topActivityType=1 pictureInPictureParams=null shouldDockBigOverlays=false launchIntoPipHostTaskId=-1 lastParentTaskIdBeforePip=-1 displayCutoutSafeInsets=Rect(0, 108 - 0, 0) topActivityInfo=ActivityInfo{10f74b app.organicmaps.MwmActivity} launchCookies=[] positionInParent=Point(0, 0) parentTaskId=-1 isFocused=true isVisible=false isVisibleRequested=false isSleeping=false locusId=null displayAreaFeatureId=1 isTopActivityTransparent=false appCompatTaskInfo=AppCompatTaskInfo { topActivityInSizeCompat=false topActivityEligibleForLetterboxEducation= falseisLetterboxEducationEnabled= false isLetterboxDoubleTapEnabled= false topActivityEligibleForUserAspectRatioButton= false topActivityBoundsLetterboxed= false isFromLetterboxDoubleTap= false topActivityLetterboxVerticalPosition= -1 topActivityLetterboxHorizontalPosition= -1 topActivityLetterboxWidth=1080 topActivityLetterboxHeight=2640 isUserFullscreenOverrideEnabled=false isSystemFullscreenOverrideEnabled=false cameraCompatTaskInfo=CameraCompatTaskInfo { cameraCompatControlState=hidden freeformCameraCompatMode=inactive}}}, pipTask = null, remoteTransition = null, displayChange = null, flags = 4096, debugId = 8777 }
03-11 16:54:53.226  3163  5308 D LocalDisplayAdapter: setDisplayPowerMode mode=0 for display=android.os.BinderProxy@433f576
03-11 16:54:53.226 24343 24346 E ThermalEngine: verify_tmd_device: Device:mmw3_dsc available. max:255
03-11 16:54:53.226  3163  3227 D TouchHwAidlService: updateCliDisplayState: mCliScreenOn=false
03-11 16:54:53.226  2300  2300 D SurfaceFlinger: Setting power mode 0 on display 4630947043778501763
03-11 16:54:53.227 24343 24346 E ThermalEngine: verify_tmd_device: Device:mmw3_sub1_dsc available. max:255
03-11 16:54:53.227 24343 24346 E ThermalEngine: verify_tmd_device: Device:mmw_ific_dsc available. max:255
03-11 16:54:53.227  3163  3352 D BrightnessThermalClamper: Thermal status observer already started
03-11 16:54:53.228 24343 24346 E ThermalEngine: verify_tmd_device: Device:mmw_ific_sub1_dsc available. max:255
03-11 16:54:53.229 24343 24346 E ThermalEngine: verify_tmd_device: Device:wlan available. max:4
03-11 16:54:53.229 24343 24346 E ThermalEngine: devices_manager_add_dev: Device:wlan already exists
03-11 16:54:53.229 24343 24346 E ThermalEngine: verify_tmd_device: Device:wlan_bw available. max:1
03-11 16:54:53.229 24343 24346 E ThermalEngine: verify_tmd_device: Device:modem_bw_backoff available. max:255
03-11 16:54:53.230  2064  2064 I sensors-hal: activate:173, com.motorola.sensor.glance/65658 en=0
03-11 16:54:53.230  2064  2064 I sensors-hal: deactivate:166, deactivate glance 65548
03-11 16:54:53.230  2195  2386 I SDM     : DisplayBase::SetDisplayState: Set state = 0, display 76-0, teardown = 0
03-11 16:54:53.230  2195  2386 I SDM     : DRMPanelFeatureMgr::MarkForNullCommit: Marked 7 for null commit
03-11 16:54:53.231  5625  5962 D KeyguardViewMediator: updateActivityLockScreenState(true, false)
03-11 16:54:53.231  2195  2386 I SDM     : HWDeviceDRM::NullCommit: Null commit succeeded crtc=203
03-11 16:54:53.231 24343 24346 E ThermalEngine: verify_tmd_device: Device:cpr_cold available. max:3
03-11 16:54:53.231 24343 24346 I ThermalEngine: MODEM thermal mitigation available.
03-11 16:54:53.231  2061  2108 E minksocket: MinkIPC_QRTR_Service: client with node 1 port 4c03 went down
03-11 16:54:53.232  2064  2064 I sensors-hal: activate:184, com.motorola.sensor.glance/65658 en=0 completed
03-11 16:54:53.233  7314  7314 D GameMode: onStartedActivityChange: componnent: ComponentInfo{app.organicmaps/app.organicmaps.MwmActivity} entered launcher screen? true
03-11 16:54:53.234  2064  2064 I sensors-hal: activate:173, com.motorola.sensor.ltv/65738 en=0
03-11 16:54:53.235  2061  2108 E minksocket: MinkIPC_QRTR_Service: client with node 1 port 4bfe went down
03-11 16:54:53.235  2064  2064 I sensors-hal: activate:184, com.motorola.sensor.ltv/65738 en=0 completed
03-11 16:54:53.236  3163  3229 V WindowManager: Content Recording: Display 1 state was (2), is now (1), so update recording?
03-11 16:54:53.236  3163  3229 D CLI/Transition: displaygroup 1, state OFF, pendingdisplaygroup 1
03-11 16:54:53.237  3163  3229 W SurfaceControl: Invalid layer stack -1
03-11 16:54:53.237  3163  3229 I DisplayDevice: [1] Layerstack set to -1 for local:4630947043778501763 mDisplayToken=android.os.BinderProxy@433f576 t=Transaction{mNativeObject=-5476376673043392304, mHashCode=0}
03-11 16:54:53.237  7545  7545 I FileStationLog: [ FS_h$a ] - [Display] Changed display: 1
03-11 16:54:53.237  3163  3231 D PanelsService: updateCliDisplayState: mCliScreenState=OFF
03-11 16:54:53.237  3163  4279 I PowerGroup: Waking up power group from Asleep (groupId=0, uid=1000, reason=WAKE_REASON_LID, details=cli: lid state change)...
03-11 16:54:53.238  3163  4279 I PowerManagerService: Waking up from Asleep (uid=1000, reason=WAKE_REASON_LID, details=cli: lid state change)...
03-11 16:54:53.240 23644 23644 I OMcore  : (main) sdk/Framework.cpp:901 Java_app_organicmaps_sdk_Framework_nativePlacePageActivationListener(): Set global map object listener
03-11 16:54:53.241 23644 23644 I Utils   : (main) KeepScreenOn = false window = com.android.internal.policy.PhoneWindow@ef07584
03-11 16:54:53.241 10834 10834 I PkDeviceHelper: PkDeviceHelper.refreshDevices():93 refreshing devices
03-11 16:54:53.244  5625  5625 V DreamService[DozeService]: finish(): mFinished=true activity=null callers=com.android.systemui.doze.DozeMachine$Service$Delegate.finish:3 com.android.systemui.doze.DozeMachine$Service$Delegate.finish:3 com.android.systemui.doze.DozeMachine.transitionTo:557 com.android.systemui.doze.DozeMachine.requestState:10 com.android.systemui.doze.DozeMachine.requestState:2 
03-11 16:54:53.244  3163  3163 I WindowManager: Started waking up... (groupId=0 why=ON_BECAUSE_OF_USER) pmWakeReason=WAKE_REASON_LID
03-11 16:54:53.244  5625  5625 V DreamService[DozeService]: detach(): mActivity=null mActivity.isFinishing()=false
03-11 16:54:53.244  5625  5625 V DreamService[DozeService]: finish(): mFinished=true activity=null callers=android.service.dreams.DreamService.detach:1492 android.service.dreams.DreamService.-$$Nest$mdetach:0 android.service.dreams.DreamService$DreamServiceWrapper.$r8$lambda$1LeV6PgvJQarx7-tBMQHBSWLLCM:0 android.service.dreams.DreamService$DreamServiceWrapper$$ExternalSyntheticLambda1.run:0 android.os.Handler.handleCallback:1001 
03-11 16:54:53.244  5625  5625 V DreamService[DozeService]: onDestroy()
03-11 16:54:53.244  5625  5625 V DreamService[DozeService]: detach(): mActivity=null mActivity.isFinishing()=false
03-11 16:54:53.244  5625  5625 V DreamService[DozeService]: finish(): mFinished=true activity=null callers=android.service.dreams.DreamService.detach:1492 android.service.dreams.DreamService.onDestroy:1385 com.android.systemui.doze.DozeService.onDestroy:8 android.app.ActivityThread.handleStopService:5307 android.app.ActivityThread.-$$Nest$mhandleStopService:0 
03-11 16:54:53.244  3163  3163 I WindowManager: awakenDreams callers=com.android.server.policy.PhoneWindowManager.startedWakingUp:7593 com.android.server.power.Notifier.lambda$handleEarlyInteractiveChange$0:603 com.android.server.power.Notifier.$r8$lambda$JPimfzsYkXWexBDnIhDxNZnALw4:0 com.android.server.power.Notifier$$ExternalSyntheticLambda8.run:0 android.os.Handler.handleCallback:1001 
03-11 16:54:53.244  3163  3163 I DreamManagerService: awaken by com.android.DeviceAsWebcam callingUid=1000 callingPid=3163
03-11 16:54:53.245  3163  3163 V PowerManager: userActivity when=115184309 event=0 flags=0 displayId=0 by (android) callers=android.os.PowerManager.userActivity:1487 com.android.server.dreams.DreamManagerService.requestAwakenInternal:496 com.android.server.dreams.DreamManagerService.-$$Nest$mrequestAwakenInternal:0 
03-11 16:54:53.246  2078  2078 I QTI PowerHAL: Power setMode: 7 to: 1
03-11 16:54:53.246  3163  4279 D PowerManagerService: nativeSetPowerMode ret:true mode:7 enabled:true duration ms: 1
03-11 16:54:53.246  3163  4279 D CLI/Transition_Lid: finished waiting for displaygroup 1 off.
03-11 16:54:53.246  2078  2078 I QTI PowerHAL: Got set_interactive hint
03-11 16:54:53.246  2078  2078 I QTI PowerHAL: Got set_interactive hint on= 1, count= 1625
03-11 16:54:53.246  3163  4279 D CLI/Rotation: Set volume keyswap sysprop for rotation 0 lidState OPEN
03-11 16:54:53.247  3163  3163 W BoostOptController: not supported hint: 118
03-11 16:54:53.249  7545  7545 I FileStationLog: [ FS_h$a ] - [Display] Ignoring change for non-default/desktop display: 1
03-11 16:54:53.252  7314  7314 D GameMode: isScreenUnlocked: false
03-11 16:54:53.252 23644 23644 I Utils   : (main) showOnLockScreen = true window = com.android.internal.policy.PhoneWindow@ef07584
03-11 16:54:53.252  3163  3231 W ServiceManagerCppClient: Failed to get isDeclared for com.motorola.hardware.display.panel.IDisplayPanel/default: Status(-1, EX_SECURITY): 'SELinux denied.'
03-11 16:54:53.252  3163  3231 D DisplayPanelService: Setting panel dc mode: 0
03-11 16:54:53.252  2090  2090 I DisplayPanel: setDcMode: DC mode = OFF
03-11 16:54:53.252 23644 23644 I SensorHelper: (main) rotation = 0
03-11 16:54:53.253  2090  2090 D DisplayPanel: setParam: Success set DC to 0 for Primary display
03-11 16:54:53.256  2926  2926 D fpc_hidl: lid-state=1
03-11 16:54:53.257  3163  4279 D MotoFingerprint: resultCode : 0
03-11 16:54:53.258  5625  5625 D SCliNotificationListener: onNotificationListUpdate: [com.android.systemui.statusbar.notification.collection.GroupEntry@4843b46]
03-11 16:54:53.260  6942 11492 D ForegroundUtils: Foreground UID status: 10243, false; 10246, false; 10292, false; 10363, false; 10394, true; 10404, true; 10416, false; 10584, false; 10618, false; 10635, true; 
03-11 16:54:53.261  3163  7496 V GrammaticalInflectionUtils: AttributionSource: android.content.AttributionSource@a05e819 does not have READ_SYSTEM_GRAMMATICAL_GENDER permission.
03-11 16:54:53.261  3163  7496 V GrammaticalInflectionUtils: AttributionSource: android.content.AttributionSource@a05e819 does not have READ_SYSTEM_GRAMMATICAL_GENDER permission.
03-11 16:54:53.261  2064  2064 I sensors-hal: batch:206, android.sensor.device_orientation/271, period=66667000, max_latency=0
03-11 16:54:53.261  2064  2064 I sensors-hal: set_config:61, no need to adjust sample_period_ns due to reporting_mode = 2
03-11 16:54:53.261  2064  2064 I sensors-hal: batch:215, android.sensor.device_orientation/271, period=66667000, max_latency=0 request completed
03-11 16:54:53.262  2064  2064 I sensors-hal: activate:173, android.sensor.device_orientation/271 en=1
03-11 16:54:53.262  2064  2064 I sensors-hal: get_qmi_debug_flag:239, support_qmi_debug : false
03-11 16:54:53.263  2061  2108 E minksocket: MinkIPC_QRTR_Service: client with node 1 port 4c1f went down
03-11 16:54:53.263  2061  2108 E minksocket: MinkIPC_QRTR_Service: client with node 1 port 4c20 went down
03-11 16:54:53.264  3163  3231 W AccessibilityWindowsPopulator: The displayInfo of this displayId (0) called back from the surface fligner is null
03-11 16:54:53.264  2061  2108 E minksocket: MinkIPC_QRTR_Service: client with node 1 port 4c21 went down
03-11 16:54:53.265  2064  2064 E Diag_Lib: diag: Diag_LSM_Init: invoked for pid: 2064 with init_count: 0
03-11 16:54:53.265  2061  2108 E minksocket: MinkIPC_QRTR_Service: client with node 1 port 4c22 went down
03-11 16:54:53.265  2064  2064 E Diag_Lib: diag:failed to connect to diag socket
03-11 16:54:53.265  2064  2064 E Diag_Lib:  Diag_LSM_Init: Failed to open handle to diag driver, error = 13
03-11 16:54:53.265  2064  2064 I sensors-hal: send_sensor_config_request:463, dt=mot_disprot: convert sample_period=66667000 to batch_period=66667
03-11 16:54:53.265  2064  2064 I sensors-hal: send_sync_sensor_request:341, send sync request
03-11 16:54:53.265  2064  2064 I sensors-hal: send_sync_sensor_request:367, wait for notification of response
03-11 16:54:53.266  2064 24423 I sensors-hal: ssc_conn_resp_cb:632, resp_value = 0
03-11 16:54:53.266  2064 24423 I sensors-hal: handle_indication_realtime:467,  SCHED_FIFO(10) for qmi_cbk
03-11 16:54:53.266  2064 24423 E sensors-hal: handle_sns_client_event:62, mot_disprot_event: now=192449171131668 ts=192448394470640, type=16, status=3
03-11 16:54:53.267  2064  2064 I sensors-hal: send_sync_sensor_request:373, takes 1 ms to receive the response with 0
03-11 16:54:53.267  2064  2064 I sensors-hal: activate:184, android.sensor.device_orientation/271 en=1 completed
03-11 16:54:53.268  2067  5073 D AHAL: AudioDevice: SetParameters: 1564: enter: screen_state=off
03-11 16:54:53.268  2067  5073 D AHAL: AudioVoice: VoiceSetParameters: 87: Enter params: screen_state=off
03-11 16:54:53.269  2067  5073 D AHAL: AudioVoice: VoiceSetParameters: 360: Exit ret: 0
03-11 16:54:53.269  2067  5073 D AHAL: FM: fm_set_parameters: 262: Enter
03-11 16:54:53.269  2067  5073 D AHAL: FM: fm_set_parameters: 320: exit
03-11 16:54:53.269  2067  5073 D AHAL: AudioDevice: SetParameters: 1628:  - screen = off
03-11 16:54:53.269  2067  5073 I PAL: ResourceManager: setParameter: 8311: Screen State:0
03-11 16:54:53.269  2067  5073 D AHAL: AudioDevice: SetParameters: 2361: exit: screen_state=off
03-11 16:54:53.269 28905 19996 I FusedLocation: stationary throttling disengaged [CONTEXT service_id=6 ]
03-11 16:54:53.269  3163  3163 I BrightnessSynchronizer: New Update: {[13289] 0.43404192(f), mUpdatedTypes=0, mConfirmedTypes=0, mTimeUpdated=0, mState=2}
03-11 16:54:53.270  5625  5625 D KeyguardViewMediator: KeyguardViewMediator queue processing message: NOTIFY_STARTED_WAKING_UP
03-11 16:54:53.277  3163  3231 D PanelsService: onAwakeStateChanged.. isAwake=true
03-11 16:54:53.277  3163  3231 D TouchHwAidlService: onAwakeStateChanged.. isAwake=true
03-11 16:54:53.277  3163  3231 D TouchHwAidlService: Unregister stow sensor
03-11 16:54:53.277  2064  2064 I sensors-hal: batch:206, com.motorola.sensor.stowed/65568, period=200000000, max_latency=0
03-11 16:54:53.277  2064  2064 I sensors-hal: set_config:61, no need to adjust sample_period_ns due to reporting_mode = 2
03-11 16:54:53.277  2064  2064 I sensors-hal: batch:215, com.motorola.sensor.stowed/65568, period=200000000, max_latency=0 request completed
03-11 16:54:53.279  2064  4171 D slpi-TMD2712: tmd2712: Prox pdata 5, offset1:69, full: 716, NearBy: 0, Lth:54, Hth:85,off_l 69. off_h 0, th_l 1, th_h 85
03-11 16:54:53.280  7545  7545 I FileStationLog: [ FS_h$a ] - [Display] Changed display: 0
03-11 16:54:53.281  7545  7545 I FileStationLog: [ FS_h ] - [Logic] Retrieved display info: LogicDisplayInfo(width=1080, height=2640, orientation=1, rotation=0, displayId=0)
03-11 16:54:53.281  7545  7545 I FileStationLog: [ FS_h$a ] - [Display] New logical size: 1080x2640
03-11 16:54:53.281  7545  7545 I FileStationLog: [ FS_h$a ] - [Display] Screen width unchanged: 1080
03-11 16:54:53.281  7314  7314 D GameMode: isScreenUnlocked: false
03-11 16:54:53.282  3163  3231 W AlarmManager: Unrecognized alarm listener com.motorola.server.display.TouchHwAidlService$AlarmListenerImpl@de23d8f
03-11 16:54:53.284  3163  3227 D TouchHwAidlService: enableGestureStowMode stowed: false
03-11 16:54:53.284  2106  2106 I motorola.hardware.display.touch-service: Setting stow gesture mode to 0 for panel 1
03-11 16:54:53.284  3163  3227 D TouchHwAidlService: setStowGestureMode for cli stowed=false ret=0
03-11 16:54:53.286 23644 23644 W libc    : Access denied finding property "vendor.display.enable_optimal_refresh_rate"
03-11 16:54:53.286  3163  8251 D CoreBackPreview: Window{e1d6d9e u0 NotificationShade}: Setting back callback OnBackInvokedCallbackInfo{mCallback=android.window.IOnBackInvokedCallback$Stub$Proxy@984ce66, mPriority=0, mIsAnimationCallback=false}
03-11 16:54:53.286 23644 23644 W libc    : Access denied finding property "vendor.gpp.create_frc_extension"
03-11 16:54:53.287  2075  2181 E LocSvc_APIClientBase: onResponseCb:909] ERROR: 5 ID: 612
03-11 16:54:53.287  2064  2064 I sensors-hal: batch:206, android.sensor.accelerometer/11, period=20000000, max_latency=0
03-11 16:54:53.287  2064  2064 I sensors-hal: set_config:57, sample_period_ns is adjusted to 20000000 based on min/max delay_ns
03-11 16:54:53.287  2064  2064 I sensors-hal: send_sensor_config_request:395, resampler is used, set resampler config
03-11 16:54:53.287  2064  2064 I sensors-hal: send_sync_sensor_request:341, send sync request
03-11 16:54:53.287  2064  2064 I sensors-hal: send_sync_sensor_request:367, wait for notification of response
03-11 16:54:53.289  2064  5194 I sensors-hal: ssc_conn_resp_cb:632, resp_value = 0
03-11 16:54:53.289  2064  2064 I sensors-hal: send_sync_sensor_request:373, takes 1 ms to receive the response with 0
03-11 16:54:53.289  2064  2064 I sensors-hal: batch:215, android.sensor.accelerometer/11, period=20000000, max_latency=0 request completed
03-11 16:54:53.289  2075  3713 E LocSvc_ApiV02: reportLocEvent:3882] Loc event report: 0 KlobucharIonoMode_valid:0: leapSec_valid:0: tauC_valid:0 featureStatusReport_valid: 1 featureStatusReport: 58
03-11 16:54:53.290  2075  3713 E LocSvc_ApiV02: reportSystemInfo:4405] system info type: 1, leap second valid: 1 current gps time:valid:1, week: 2409, msec: 334511254,current leap second:valid 1, seconds 18, next gps time: valid 0, week: 0, msec: 0,next leap second: valid 0, seconds 0
03-11 16:54:53.291  2064  2064 I sensors-hal: flush:235, android.sensor.accelerometer/11
03-11 16:54:53.291  2064  2064 I sensors-hal: send_sync_sensor_request:341, send sync request
03-11 16:54:53.291  3163  6562 D GnssCallbackJni: gnssSetCapabilitesCb: 1889u
03-11 16:54:53.291  3163  6562 D GnssCallbackJni: gnssSetSystemInfoCb: yearOfHw=2016
03-11 16:54:53.291  2064  2064 I sensors-hal: send_sync_sensor_request:367, wait for notification of response
03-11 16:54:53.293  3163  6909 D GnssCallbackJni: gnssSetCapabilitiesCb: 25088u
03-11 16:54:53.293  2064  5194 I sensors-hal: ssc_conn_resp_cb:632, resp_value = 0
03-11 16:54:53.293  2064  2064 I sensors-hal: send_sync_sensor_request:373, takes 1 ms to receive the response with 0
03-11 16:54:53.293  2064  2064 I sensors-hal: flush:241, android.sensor.accelerometer/11 completed
03-11 16:54:53.293  7087  8351 D LocationServiceIDLClient: [gnssCapabilitiesCb][1435] [HC] <<= [HS]
03-11 16:54:53.295 28905 24146 I FusedOrientationManager: Registering orientation client. [CONTEXT service_id=6 ]
03-11 16:54:53.298 23644 23644 W libc    : Access denied finding property "vendor.display.enable_optimal_refresh_rate"
03-11 16:54:53.298 23644 23644 W libc    : Access denied finding property "vendor.gpp.create_frc_extension"
03-11 16:54:53.298 23644 23644 I OMcore  : (main) sdk/Framework.cpp:335 AttachSurface(): Attach surface started.
03-11 16:54:53.298 23644 23644 E qdgralloc: GetSize: Unrecognized pixel format: 0x38
03-11 16:54:53.298 23644 23644 E Gralloc4: isSupported(1, 1, 56, 1, ...) failed with 5
03-11 16:54:53.298  2190 20610 E qdgralloc: GetSize: Unrecognized pixel format: 0x38
03-11 16:54:53.298  2190 20610 E DMABUFHEAPS: Unable to allocate from DMA-BUF heap: qcom,system: Invalid argument
03-11 16:54:53.298  2190 20610 E DMABUFHEAPS: No ion heap of name qcom,system exists
03-11 16:54:53.298  2190 20610 E DMABUFHEAPS: No ion heap of name qcom,system exists
03-11 16:54:53.298  2190 20610 E qdgralloc: libdma alloc failed ion_fd -22 size 0 align 4096 heap_name qcom,system flags 0
03-11 16:54:53.298  2190 20610 E qdgralloc: AllocateMem: Failed to allocate buffer - heap name: qcom,system flags: 0x0 ret: -22
03-11 16:54:53.298  2190 20610 E qdgralloc: gralloc failed to allocate err=Invalid argument format 56 size 0 WxH 4x4 usage 2816
03-11 16:54:53.298 23644 23644 E GraphicBufferAllocator: Failed to allocate (4 x 4) layerCount 1 format 56 usage b00: 5
03-11 16:54:53.298 23644 23644 E AHardwareBuffer: GraphicBuffer(w=4, h=4, lc=1) failed (Unknown error -5), handle=0x0
03-11 16:54:53.299 23644 23644 E qdgralloc: GetSize: Unrecognized pixel format: 0x3b
03-11 16:54:53.299 23644 23644 E Gralloc4: isSupported(1, 1, 59, 1, ...) failed with 5
03-11 16:54:53.299  2190 20610 E qdgralloc: GetSize: Unrecognized pixel format: 0x3b
03-11 16:54:53.299  2190 20610 E DMABUFHEAPS: Unable to allocate from DMA-BUF heap: qcom,system: Invalid argument
03-11 16:54:53.299  2190 20610 E DMABUFHEAPS: No ion heap of name qcom,system exists
03-11 16:54:53.299  2190 20610 E DMABUFHEAPS: No ion heap of name qcom,system exists
03-11 16:54:53.299  2190 20610 E qdgralloc: libdma alloc failed ion_fd -22 size 0 align 4096 heap_name qcom,system flags 0
03-11 16:54:53.299  2190 20610 E qdgralloc: AllocateMem: Failed to allocate buffer - heap name: qcom,system flags: 0x0 ret: -22
03-11 16:54:53.299  2190 20610 E qdgralloc: gralloc failed to allocate err=Invalid argument format 59 size 0 WxH 4x4 usage 2816
03-11 16:54:53.299 23644 23644 E GraphicBufferAllocator: Failed to allocate (4 x 4) layerCount 1 format 59 usage b00: 5
03-11 16:54:53.299 23644 23644 E AHardwareBuffer: GraphicBuffer(w=4, h=4, lc=1) failed (Unknown error -5), handle=0x0
03-11 16:54:53.299 23644 23644 E qdgralloc: GetSize: Unrecognized pixel format: 0x38
03-11 16:54:53.299 23644 23644 E Gralloc4: isSupported(1, 1, 56, 1, ...) failed with 5
03-11 16:54:53.299  2190 20610 E qdgralloc: GetSize: Unrecognized pixel format: 0x38
03-11 16:54:53.299  2190 20610 E DMABUFHEAPS: Unable to allocate from DMA-BUF heap: qcom,system: Invalid argument
03-11 16:54:53.299  2190 20610 E DMABUFHEAPS: No ion heap of name qcom,system exists
03-11 16:54:53.299  2190 20610 E DMABUFHEAPS: No ion heap of name qcom,system exists
03-11 16:54:53.299  2190 20610 E qdgralloc: libdma alloc failed ion_fd -22 size 0 align 4096 heap_name qcom,system flags 0
03-11 16:54:53.299  2190 20610 E qdgralloc: AllocateMem: Failed to allocate buffer - heap name: qcom,system flags: 0x0 ret: -22
03-11 16:54:53.299  2190 20610 E qdgralloc: gralloc failed to allocate err=Invalid argument format 56 size 0 WxH 4x4 usage 2816
03-11 16:54:53.299 23644 23644 E GraphicBufferAllocator: Failed to allocate (4 x 4) layerCount 1 format 56 usage b00: 5
03-11 16:54:53.299 23644 23644 E AHardwareBuffer: GraphicBuffer(w=4, h=4, lc=1) failed (Unknown error -5), handle=0x0
03-11 16:54:53.299 23644 23644 E qdgralloc: GetSize: Unrecognized pixel format: 0x3b
03-11 16:54:53.299 23644 23644 E Gralloc4: isSupported(1, 1, 59, 1, ...) failed with 5
03-11 16:54:53.299  2190 20610 E qdgralloc: GetSize: Unrecognized pixel format: 0x3b
03-11 16:54:53.299  2190 20610 E DMABUFHEAPS: Unable to allocate from DMA-BUF heap: qcom,system: Invalid argument
03-11 16:54:53.299  2190 20610 E DMABUFHEAPS: No ion heap of name qcom,system exists
03-11 16:54:53.299  2190 20610 E DMABUFHEAPS: No ion heap of name qcom,system exists
03-11 16:54:53.299  2190 20610 E qdgralloc: libdma alloc failed ion_fd -22 size 0 align 4096 heap_name qcom,system flags 0
03-11 16:54:53.299  2190 20610 E qdgralloc: AllocateMem: Failed to allocate buffer - heap name: qcom,system flags: 0x0 ret: -22
03-11 16:54:53.299  2190 20610 E qdgralloc: gralloc failed to allocate err=Invalid argument format 59 size 0 WxH 4x4 usage 2816
03-11 16:54:53.299 23644 23644 E GraphicBufferAllocator: Failed to allocate (4 x 4) layerCount 1 format 59 usage b00: 5
03-11 16:54:53.299 23644 23644 E AHardwareBuffer: GraphicBuffer(w=4, h=4, lc=1) failed (Unknown error -5), handle=0x0
03-11 16:54:53.301 23644 23644 W qdgralloc: getInterlacedFlag: getMetaData returned -22, defaulting to interlaced_flag = 0
03-11 16:54:53.303 23644 23644 W qdgralloc: getInterlacedFlag: getMetaData returned -22, defaulting to interlaced_flag = 0
03-11 16:54:53.304 23644 23644 W qdgralloc: getInterlacedFlag: getMetaData returned -22, defaulting to interlaced_flag = 0
03-11 16:54:53.306 23644 23644 W qdgralloc: getInterlacedFlag: getMetaData returned -22, defaulting to interlaced_flag = 0
03-11 16:54:53.308 23644 23644 I OMcore  : (main) sdk/Framework.cpp:379 AttachSurface(): Recover surface, viewport size: 1080 2640
03-11 16:54:53.308 23644 23644 I OMcore  : (main) sdk/Framework.cpp:385 AttachSurface(): Attach surface finished.
03-11 16:54:53.308 23644 23644 I OMcore  : (main) sdk/Framework.cpp:413 ResumeSurfaceRendering(): Resume surface rendering.
03-11 16:54:53.308 24343 24343 E ThermalEngine: Unable to change to /sys/devices/soc/
03-11 16:54:53.308 24343 24343 E ThermalEngine: bcl_setup: Unexpected node error
03-11 16:54:53.308 24343 24343 E ThermalEngine: add_tgt_sensor: bcl sensor setup failed failed.
03-11 16:54:53.308 24343 24343 E ThermalEngine: add_tgt_sensors_set_optional: Error adding bcl
03-11 16:54:53.309  3163  6909 W AccessibilityWindowsPopulator: The displayInfo of this displayId (0) called back from the surface fligner is null
03-11 16:54:53.310 24343 24343 E ThermalEngine: sysfs_setup: report: path /sys/class/power_supply/battery/capacity
03-11 16:54:53.310 24343 24343 E ThermalEngine: sysfs_setup: opening /sys/class/power_supply/battery/capacity
03-11 16:54:53.310 24343 24343 E ThermalEngine: sysfs_setup: found sensor cluster0: cluster id = 0
03-11 16:54:53.310 24343 24343 E ThermalEngine: sysfs_setup: found sensor cluster1: cluster id = 1
03-11 16:54:53.310 24343 24343 E ThermalEngine: sysfs_setup: report: path /sys/class/power_supply/battery/charge_rate
03-11 16:54:53.310 24343 24343 E ThermalEngine: sysfs_setup: opening /sys/class/power_supply/battery/charge_rate
03-11 16:54:53.312 24343 24343 E ThermalEngine: sysfs_setup: report: path /proc/loadavg
03-11 16:54:53.312 24343 24343 E ThermalEngine: sysfs_setup: opening /proc/loadavg
03-11 16:54:53.312 24343 24343 E ThermalEngine: sysfs_setup: report: path /proc/stat
03-11 16:54:53.312 24343 24343 E ThermalEngine: sysfs_setup: opening /proc/stat
03-11 16:54:53.313 24343 24343 E ThermalEngine: sysfs_setup: report: path /sys/class/power_supply/battery/capacity
03-11 16:54:53.313 24343 24343 E ThermalEngine: sysfs_setup: opening /sys/class/power_supply/battery/capacity
03-11 16:54:53.313 24343 24343 E ThermalEngine: sysfs_setup: report: path /sys/class/backlight/panel0-backlight/brightness
03-11 16:54:53.313 24343 24343 E ThermalEngine: sysfs_setup: opening /sys/class/backlight/panel0-backlight/brightness
03-11 16:54:53.313 24343 24343 E ThermalEngine: sysfs_setup: report: path /proc/stat
03-11 16:54:53.313 24343 24343 E ThermalEngine: sysfs_setup: opening /proc/stat
03-11 16:54:53.313 24343 24343 E ThermalEngine: sysfs_setup: report: path /sys/class/backlight/panel0-backlight/brightness
03-11 16:54:53.313 24343 24343 E ThermalEngine: sysfs_setup: opening /sys/class/backlight/panel0-backlight/brightness
03-11 16:54:53.313 24343 24343 E ThermalEngine: sysfs_setup: report: path /proc/loadavg
03-11 16:54:53.313 24343 24343 E ThermalEngine: sysfs_setup: opening /proc/loadavg
03-11 16:54:53.313 24343 24343 E ThermalEngine: sysfs_setup: report: path /sys/class/power_supply/wireless/online
03-11 16:54:53.313 24343 24343 E ThermalEngine: sysfs_setup: opening /sys/class/power_supply/wireless/online
03-11 16:54:53.313 24343 24343 E ThermalEngine: No hwmon device found in the kernel for sensor tmp108
03-11 16:54:53.313 24343 24343 E ThermalEngine: add_tgt_sensor: tmp108 sensor setup failed failed.
03-11 16:54:53.313 24343 24343 E ThermalEngine: add_tgt_sensors_set_optional: Error adding tmp108
03-11 16:54:53.313 24343 24343 E ThermalEngine: No hwmon device found in the kernel for sensor msm_tmp108
03-11 16:54:53.313 24343 24343 E ThermalEngine: add_tgt_sensor: msm_tmp108 sensor setup failed failed.
03-11 16:54:53.313 24343 24343 E ThermalEngine: add_tgt_sensors_set_optional: Error adding msm_tmp108
03-11 16:54:53.313 24343 24343 E ThermalEngine: No hwmon device found in the kernel for sensor quiet_tmp108
03-11 16:54:53.313 24343 24343 E ThermalEngine: add_tgt_sensor: quiet_tmp108 sensor setup failed failed.
03-11 16:54:53.313 24343 24343 E ThermalEngine: add_tgt_sensors_set_optional: Error adding quiet_tmp108
03-11 16:54:53.314 24343 24343 I ThermalEngine: Loading config file for virtual sensor
03-11 16:54:53.314 24343 24343 I ThermalEngine: Loading configuration file /vendor/etc/thermal-engine-lynkco.conf
03-11 16:54:53.314 24343 24343 I ThermalEngine: Parsing section global
03-11 16:54:53.314 24343 24343 I ThermalEngine: Created section 'FRONT_TEMP'
03-11 16:54:53.314 24343 24343 I ThermalEngine: Algo Type 'virtual'
03-11 16:54:53.314 24343 24343 I ThermalEngine: Parsing section FRONT_TEMP
03-11 16:54:53.314 24343 24343 I ThermalEngine: Found field 'trip_sensor'
03-11 16:54:53.314 24343 24343 I ThermalEngine: Found field 'thresholds'
03-11 16:54:53.314 24343 24343 I ThermalEngine: Found field 'thresholds_clr'
03-11 16:54:53.314 24343 24343 I ThermalEngine: Found field 'sensors'
03-11 16:54:53.314 24343 24343 I ThermalEngine: Found field 'weights'
03-11 16:54:53.314 24343 24343 I ThermalEngine: Found field 'offsets'
03-11 16:54:53.314 24343 24343 I ThermalEngine: Found field 'sampling'
03-11 16:54:53.314 24343 24343 I ThermalEngine: Found field 'math'
03-11 16:54:53.314 24343 24343 I ThermalEngine: Found field 'sys_temp'
03-11 16:54:53.314 24343 24343 I ThermalEngine: Created section 'BACK_TEMP'
03-11 16:54:53.314 24343 24343 I ThermalEngine: Algo Type 'virtual'
03-11 16:54:53.314 24343 24343 I ThermalEngine: Parsing section BACK_TEMP
03-11 16:54:53.314 24343 24343 I ThermalEngine: Found field 'trip_sensor'
03-11 16:54:53.314 24343 24343 I ThermalEngine: Found field 'thresholds'
03-11 16:54:53.314 24343 24343 I ThermalEngine: Found field 'thresholds_clr'
03-11 16:54:53.314 24343 24343 I ThermalEngine: Found field 'sensors'
03-11 16:54:53.314 24343 24343 I ThermalEngine: Found field 'weights'
03-11 16:54:53.314 24343 24343 I ThermalEngine: Found field 'offsets'
03-11 16:54:53.314 24343 24343 I ThermalEngine: Found field 'sampling'
03-11 16:54:53.314 24343 24343 I ThermalEngine: Found field 'math'
03-11 16:54:53.314 24343 24343 I ThermalEngine: Found field 'sys_temp'
03-11 16:54:53.314 24343 24343 I ThermalEngine: Created section 'FUSE_TEMP'
03-11 16:54:53.314 24343 24343 I ThermalEngine: Algo Type 'virtual'
03-11 16:54:53.314 24343 24343 I ThermalEngine: Parsing section FUSE_TEMP
03-11 16:54:53.314 24343 24343 I ThermalEngine: Found field 'trip_sensor'
03-11 16:54:53.314 24343 24343 I ThermalEngine: Found field 'thresholds'
03-11 16:54:53.314 24343 24343 I ThermalEngine: Found field 'thresholds_clr'
03-11 16:54:53.314 24343 24343 I ThermalEngine: Found field 'sensors'
03-11 16:54:53.314 24343 24343 I ThermalEngine: Found field 'weights'
03-11 16:54:53.314 24343 24343 I ThermalEngine: Found field 'offsets'
03-11 16:54:53.314 24343 24343 I ThermalEngine: Found field 'sampling'
03-11 16:54:53.314 24343 24343 I ThermalEngine: Found field 'math'
03-11 16:54:53.314 24343 24343 I ThermalEngine: Found field 'sys_temp'
03-11 16:54:53.314 24343 24343 I ThermalEngine: Created section 'BCHG_TEMP'
03-11 16:54:53.314 24343 24343 I ThermalEngine: Algo Type 'virtual'
03-11 16:54:53.314 24343 24343 I ThermalEngine: Parsing section BCHG_TEMP
03-11 16:54:53.314 24343 24343 I ThermalEngine: Found field 'trip_sensor'
03-11 16:54:53.314 24343 24343 I ThermalEngine: Found field 'thresholds'
03-11 16:54:53.314 24343 24343 I ThermalEngine: Found field 'thresholds_clr'
03-11 16:54:53.314 24343 24343 I ThermalEngine: Found field 'sensors'
03-11 16:54:53.314 24343 24343 I ThermalEngine: Found field 'weights'
03-11 16:54:53.314 24343 24343 I ThermalEngine: Found field 'offsets'
03-11 16:54:53.314 24343 24343 I ThermalEngine: Found field 'sampling'
03-11 16:54:53.314 24343 24343 I ThermalEngine: Found field 'math'
03-11 16:54:53.314 24343 24343 I ThermalEngine: Created section 'FRONT_MDM'
03-11 16:54:53.314 24343 24343 I ThermalEngine: Algo Type 'virtual'
03-11 16:54:53.314 24343 24343 I ThermalEngine: Parsing section FRONT_MDM
03-11 16:54:53.314 24343 24343 I ThermalEngine: Found field 'sensors'
03-11 16:54:53.314 24343 24343 I ThermalEngine: Found field 'weights'
03-11 16:54:53.314 24343 24343 I ThermalEngine: Found field 'trip_sensor'
03-11 16:54:53.314 24343 24343 I ThermalEngine: Found field 'trip_sensor_logic'
03-11 16:54:53.314 24343 24343 I ThermalEngine: Found field 'thresholds'
03-11 16:54:53.314 24343 24343 I ThermalEngine: Found field 'thresholds_clr'
03-11 16:54:53.314 24343 24343 I ThermalEngine: Found field 'offsets'
03-11 16:54:53.314 24343 24343 I ThermalEngine: Found field 'sampling'
03-11 16:54:53.314 24343 24343 I ThermalEngine: Found field 'math'
03-11 16:54:53.314 24343 24343 I ThermalEngine: Created section 'DETECT-STANDBY'
03-11 16:54:53.314 24343 24343 I ThermalEngine: Algo Type 'virtual'
03-11 16:54:53.314 24343 24343 I ThermalEngine: Parsing section DETECT-STANDBY
03-11 16:54:53.314 24343 24343 I ThermalEngine: Found field 'trip_sensor'
03-11 16:54:53.314 24343 24343 I ThermalEngine: Found field 'thresholds'
03-11 16:54:53.314 24343 24343 I ThermalEngine: Found field 'thresholds_clr'
03-11 16:54:53.314 24343 24343 I ThermalEngine: Found field 'sensors'
03-11 16:54:53.314 24343 24343 I ThermalEngine: Found field 'weights'
03-11 16:54:53.314 24343 24343 I ThermalEngine: Found field 'sampling'
03-11 16:54:53.314 24343 24343 I ThermalEngine: Found field 'math'
03-11 16:54:53.314 24343 24343 I ThermalEngine: Found field 'less_than'
03-11 16:54:53.314 24343 24343 I ThermalEngine: Created section 'DETECT-WLS'
03-11 16:54:53.314 24343 24343 I ThermalEngine: Algo Type 'virtual'
03-11 16:54:53.314 24343 24343 I ThermalEngine: Parsing section DETECT-WLS
03-11 16:54:53.314 24343 24343 I ThermalEngine: Found field 'trip_sensor'
03-11 16:54:53.314 24343 24343 I ThermalEngine: Found field 'thresholds'
03-11 16:54:53.314 24343 24343 I ThermalEngine: Found field 'thresholds_clr'
