03-11 16:54:53.440  3163  3352 V DisplayPowerController2[0]: Brightness [0.43404192] reason changing to: 'manual', previous reason: 'screen_off'.
03-11 16:54:53.440  3163  7496 W PackageManager: Missing required system package: com.joom, but found with extended search.
03-11 16:54:53.440  3163  7496 W PackageManager: Missing required system package: com.instagram.barcelona, but found with extended search.
03-11 16:54:53.440  3163  7496 W PackageManager: Missing required system package: com.instagram.android, but found with extended search.
03-11 16:54:53.440  3163  7496 W PackageManager: Missing required system package: com.instacart.client, but found with extended search.
03-11 16:54:53.440  3163  7496 W PackageManager: Missing required system package: com.inmobi.weather, but found with extended search.
03-11 16:54:53.440  3163  7496 W PackageManager: Missing required system package: com.infraware.office.link, but found with extended search.
03-11 16:54:53.440  3163  7496 W PackageManager: Missing required system package: com.inditex.zara, but found with extended search.
03-11 16:54:53.440  3163  7496 W PackageManager: Missing required system package: com.hollar.android, but found with extended search.
03-11 16:54:53.440  3163  7496 W PackageManager: Missing required system package: com.hm.goe, but found with extended search.
03-11 16:54:53.440  3163  7496 W PackageManager: Missing required system package: com.guardian, but found with extended search.
03-11 16:54:53.440  3163  7496 W PackageManager: Missing required system package: com.grubhub.android, but found with extended search.
03-11 16:54:53.440  3163  7496 W PackageManager: Missing required system package: com.groupon, but found with extended search.
03-11 16:54:53.441  3163  7496 W PackageManager: Missing required system package: com.google.android.apps.fitness, but found with extended search.
03-11 16:54:53.441  3163  7496 W PackageManager: Missing required system package: com.google.android.apps.chromecast.app, but found with extended search.
03-11 16:54:53.441  3163  7496 W PackageManager: Missing required system package: com.google.android.apps.adm, but found with extended search.
03-11 16:54:53.441  3163  7496 W PackageManager: Missing required system package: com.freecash.app2, but found with extended search.
03-11 16:54:53.441  3163  7496 W PackageManager: Missing required system package: com.foxnews.android, but found with extended search.
03-11 16:54:53.441  3163  7496 W PackageManager: Missing required system package: com.flipkart.android, but found with extended search.
03-11 16:54:53.441  3163  7496 W PackageManager: Missing required system package: com.facebook.katana, but found with extended search.
03-11 16:54:53.441  3163  7496 W PackageManager: Missing required system package: com.etsy.android, but found with extended search.
03-11 16:54:53.441  3163  7496 W PackageManager: Missing required system package: com.etrade.mobilepro.activity, but found with extended search.
03-11 16:54:53.441  3163  7496 W PackageManager: Missing required system package: com.emn8.mobilem8.nativeapp.popeyes, but found with extended search.
03-11 16:54:53.441  3163  7496 W PackageManager: Missing required system package: com.emn8.mobilem8.nativeapp.bk, but found with extended search.
03-11 16:54:53.441  3163  7496 W PackageManager: Missing required system package: com.einnovation.temu, but found with extended search.
03-11 16:54:53.441  3163  7496 W PackageManager: Missing required system package: com.ebay.motorsapp, but found with extended search.
03-11 16:54:53.441  3163  7496 W PackageManager: Missing required system package: com.ebay.mobile, but found with extended search.
03-11 16:54:53.441  3163  7496 W PackageManager: Missing required system package: com.dutchbros.loyalty, but found with extended search.
03-11 16:54:53.441  3163  7496 W PackageManager: Missing required system package: com.dunkinbrands.otgo, but found with extended search.
03-11 16:54:53.441  3163  7496 W PackageManager: Missing required system package: com.duckduckgo.mobile.android, but found with extended search.
03-11 16:54:53.441  3163  7496 W PackageManager: Missing required system package: com.doordash.driverapp, but found with extended search.
03-11 16:54:53.441  3163  7496 W PackageManager: Missing required system package: com.dominospizza, but found with extended search.
03-11 16:54:53.441  3163  7496 W PackageManager: Missing required system package: com.divvypay.Divvy, but found with extended search.
03-11 16:54:53.441  3163  7496 W PackageManager: Missing required system package: com.disney.disneystore_goo, but found with extended search.
03-11 16:54:53.441  3163  7496 W PackageManager: Missing required system package: com.dd.doordash, but found with extended search.
03-11 16:54:53.441  3163  7496 W PackageManager: Missing required system package: com.dayspringtech.envelopes, but found with extended search.
03-11 16:54:53.441  3163  7496 W PackageManager: Missing required system package: com.coulombtech, but found with extended search.
03-11 16:54:53.441  3163  7496 W PackageManager: Missing required system package: com.costco.app.android, but found with extended search.
03-11 16:54:53.441 24343 24522 I ThermalEngine: Monitor:ACTIVE:MON-MSM-CPU4:cpu-cluster1=1804800:FUSE_TEMP=40999
03-11 16:54:53.441 24343 24522 I ThermalEngine: ACTION: CPU - Setting CPU[4] to 3
03-11 16:54:53.442 10834 14887 I DeviceStatusMonitor: DeviceStatusMonitor.handleBroadcast():138 onReceive() : Action = android.intent.action.SCREEN_ON
03-11 16:54:53.442 10834 14887 I DeviceStatusMonitor: DeviceStatusMonitor.updateCountryInfo():154 updateCountryInfo(), notifyAnyway = false
03-11 16:54:53.442  3163  7496 W PackageManager: Missing required system package: com.contextlogic.wish, but found with extended search.
03-11 16:54:53.443  3163  3352 I DisplayPowerController2[0]: 03-11 16:54:53.440 - BrightnessEvent: disp=0, physDisp=local:4630947043778501762, displayState=ON, displayPolicy=BRIGHT, brt=0.43404192, initBrt=0.0, rcmdBrt=NaN, preBrt=NaN, lux=NaN, preLux=NaN, brtNits=122.801735, hdrNits=NaN, initNits=3.1465538, preNits=NaN, rcmdNits=NaN, hdrBrightness=NaN, brt(%)=51%, brtInt=111, hbmPolicy=normal, hbmMax=0.85440856, hbmMode=off, rbcStrength=50, thrmMax=1.0, powerFactor=1.0, wasShortTermModelActive=false, flags=invalid_lux , reason=manual, autoBrightness=true, strategy=InvalidBrightnessStrategy, autoBrightnessMode=default
03-11 16:54:53.444  3163  7496 W PackageManager: Missing required system package: com.coinbase.android, but found with extended search.
03-11 16:54:53.445  3163  3229 V WindowManager: Content Recording: Display 1 state was (1), is now (1), so update recording?
03-11 16:54:53.446  3163  3229 D CLI/Transition: displaygroup 1, state OFF, pendingdisplaygroup -1
03-11 16:54:53.446  3163  7496 W PackageManager: Missing required system package: com.cnn.mobile.android.phone, but found with extended search.
03-11 16:54:53.447  3163  7496 W PackageManager: Missing required system package: com.clubhouse.app, but found with extended search.
03-11 16:54:53.447  3163  7496 W PackageManager: Missing required system package: com.citymapper.app.release, but found with extended search.
03-11 16:54:53.447  3163  5305 D PowerManagerService: nativeSetPowerMode ret:false mode:9 enabled:false duration ms: 0
03-11 16:54:53.448  3163  5305 D TouchHwAidlService: setDisplayState: mScreenOff=false
03-11 16:54:53.448  3163  5305 D LocalDisplayAdapter: setDisplayPowerMode mode=2 for display=android.os.BinderProxy@d90d011
03-11 16:54:53.448  3163  7496 W PackageManager: Missing required system package: com.citi.citimobile, but found with extended search.
03-11 16:54:53.448  3163  7496 W PackageManager: Missing required system package: com.chipotle.ordering, but found with extended search.
03-11 16:54:53.448  3163  7496 W PackageManager: Missing required system package: com.chickfila.cfaflagship, but found with extended search.
03-11 16:54:53.448  3163  7496 W PackageManager: Missing required system package: com.checkitt, but found with extended search.
03-11 16:54:53.449  3163  7496 W PackageManager: Missing required system package: com.chase.sig.android, but found with extended search.
03-11 16:54:53.449  3163  7496 W PackageManager: Missing required system package: com.buxfer.app, but found with extended search.
03-11 16:54:53.449  3163  7496 W PackageManager: Missing required system package: com.buffalowildwings.blazinrewards, but found with extended search.
03-11 16:54:53.449  3163  7496 W PackageManager: Missing required system package: com.bp.app.bpme.global.ros, but found with extended search.
03-11 16:54:53.449  3163  7496 W PackageManager: Missing required system package: com.booking, but found with extended search.
03-11 16:54:53.449  3163  7496 W PackageManager: Missing required system package: com.bigbasket.mobileapp, but found with extended search.
03-11 16:54:53.449  2723  5773 E VendorTagDescriptor: lookupTag: Tag name 'support_get_property_2_0' does not exist.
03-11 16:54:53.449  3163  7496 W PackageManager: Missing required system package: com.bhphoto, but found with extended search.
03-11 16:54:53.451  3163  7496 W PackageManager: Missing required system package: com.bestbuy.android, but found with extended search.
03-11 16:54:53.453  7545  7545 I FileStationLog: [ FileStationManager ] - screenIsOn: true, hasWindowShowed: false
03-11 16:54:53.453  7545  7545 I MotoDesktopLog: [ FileStationLog ] - broadcastMessage - cmd : 2008
03-11 16:54:53.454  7545  7545 I FileStationLog: [ FS_h$a ] - [Display] Changed display: 1
03-11 16:54:53.454  3163  7496 W PackageManager: Missing required system package: com.autonavi.minimap, but found with extended search.
03-11 16:54:53.454  3163  7496 W PackageManager: Missing required system package: com.app.tgtg, but found with extended search.
03-11 16:54:53.454  3163  7496 W PackageManager: Missing required system package: com.amazon.mShop.android.shopping, but found with extended search.
03-11 16:54:53.454  3163  7496 W PackageManager: Missing required system package: com.alibaba.aliexpresshd, but found with extended search.
03-11 16:54:53.454  3163  7496 W PackageManager: Missing required system package: com.adidas.app, but found with extended search.
03-11 16:54:53.454  3163  7496 W PackageManager: Missing required system package: com.acorns.early, but found with extended search.
03-11 16:54:53.454  3163  7496 W PackageManager: Missing required system package: com.acorns.android, but found with extended search.
03-11 16:54:53.454  3163  7496 W PackageManager: Missing required system package: com.Splitwise.SplitwiseMobile, but found with extended search.
03-11 16:54:53.454  3163  3352 D BrightnessThermalClamper: Thermal status observer already started
03-11 16:54:53.455  3163  7496 W PackageManager: Missing required system package: app.simple.com, but found with extended search.
03-11 16:54:53.455  3163  3352 D BrightnessThermalClamper: Thermal status observer already started
03-11 16:54:53.455  3163  7496 W PackageManager: Missing required system package: app.organicmaps, but found with extended search.
03-11 16:54:53.455  7545  7545 I FileStationLog: [ FS_h$a ] - [Display] Ignoring change for non-default/desktop display: 1
03-11 16:54:53.456  3163  7496 W PackageManager: Missing required system package: tv.pluto.android, but found with extended search.
03-11 16:54:53.456  3163  7496 W PackageManager: Missing required system package: net.sharewire.parkmobilev2, but found with extended search.
03-11 16:54:53.456  3163  7496 W PackageManager: Missing required system package: digit.android, but found with extended search.
03-11 16:54:53.456  3163  7496 W PackageManager: Missing required system package: com.walmart.android, but found with extended search.
03-11 16:54:53.456  3163  7496 W PackageManager: Missing required system package: com.uniqlo.usa.catalogue, but found with extended search.
03-11 16:54:53.456  3163  7496 W PackageManager: Missing required system package: com.ubercab.eats, but found with extended search.
03-11 16:54:53.456  3163  7496 W PackageManager: Missing required system package: com.tubitv, but found with extended search.
03-11 16:54:53.457  3163  7496 W PackageManager: Missing required system package: com.thetransitapp.droid, but found with extended search.
03-11 16:54:53.457  3163  7496 W PackageManager: Missing required system package: com.thehomedepot, but found with extended search.
03-11 16:54:53.458  3163  7496 W PackageManager: Missing required system package: com.target.ui, but found with extended search.
03-11 16:54:53.458  3163  7496 W PackageManager: Missing required system package: com.starbucks.mobilecard, but found with extended search.
03-11 16:54:53.459  3163  7496 W PackageManager: Missing required system package: com.squareup.cash, but found with extended search.
03-11 16:54:53.459  3163  7496 W PackageManager: Missing required system package: com.snapdeal.main, but found with extended search.
03-11 16:54:53.459  3163  7496 W PackageManager: Missing required system package: com.shopify.arrive, but found with extended search.
03-11 16:54:53.459  3163  7496 W PackageManager: Missing required system package: com.rfi.sams.android, but found with extended search.
03-11 16:54:53.459  3163  7496 W PackageManager: Missing required system package: com.remitly.androidapp, but found with extended search.
03-11 16:54:53.459  3163  7496 W PackageManager: Missing required system package: com.qapital, but found with extended search.
03-11 16:54:53.459  3163  7496 W PackageManager: Missing required system package: com.paypal.android.p2pmobile, but found with extended search.
03-11 16:54:53.459  3163  7496 W PackageManager: Missing required system package: com.overstock, but found with extended search.
03-11 16:54:53.459  3163  7496 W PackageManager: Missing required system package: com.opera.browser, but found with extended search.
03-11 16:54:53.459  3163  7496 W PackageManager: Missing required system package: com.nytimes.android, but found with extended search.
03-11 16:54:53.459  3163  7496 W PackageManager: Missing required system package: com.nordstrom.app, but found with extended search.
03-11 16:54:53.459  3163  7496 W PackageManager: Missing required system package: com.nextdoor, but found with extended search.
03-11 16:54:53.459  3163  7496 W PackageManager: Missing required system package: com.infonow.bofa, but found with extended search.
03-11 16:54:53.459  2064 24502 I sensors-hal: handle_indication_realtime:467,  SCHED_FIFO(10) for qmi_cbk
03-11 16:54:53.460  3163  7496 W PackageManager: Missing required system package: com.here.app.maps, but found with extended search.
03-11 16:54:53.460  3163  7496 W PackageManager: Missing required system package: com.google.android.apps.walletnfcrel, but found with extended search.
03-11 16:54:53.460  3163  7496 W PackageManager: Missing required system package: com.google.android.apps.magazines, but found with extended search.
03-11 16:54:53.460  3163  7496 W PackageManager: Missing required system package: com.google.android.apps.docs.editors.slides, but found with extended search.
03-11 16:54:53.460  3163  7496 W PackageManager: Missing required system package: com.google.android.apps.docs.editors.sheets, but found with extended search.
03-11 16:54:53.460  3163  7496 W PackageManager: Missing required system package: com.google.android.apps.docs.editors.docs, but found with extended search.
03-11 16:54:53.460  3163  7496 W PackageManager: Missing required system package: com.fusionmedia.investing, but found with extended search.
03-11 16:54:53.460  3163  7496 W PackageManager: Missing required system package: com.fidelity.android, but found with extended search.
03-11 16:54:53.460  3163  7496 W PackageManager: Missing required system package: com.expedia.bookings, but found with extended search.
03-11 16:54:53.460  3163  7496 W PackageManager: Missing required system package: com.depop, but found with extended search.
03-11 16:54:53.460  3163  7496 W PackageManager: Missing required system package: com.creditkarma.mobile, but found with extended search.
03-11 16:54:53.460  3163  7496 W PackageManager: Missing required system package: co.tapcart.app.id_CeeweiHh1L, but found with extended search.
03-11 16:54:53.465  2064  4171 D slpi    : ICM201XX fac_cal bias -0.083130, ver 1, modity_time 1737182339, Sat Jan 18 01:38:59 2025
03-11 16:54:53.469  2300  2300 E Scheduler: trackPendingFrame: Invalid present fence
03-11 16:54:53.469  2300  2300 D SurfaceFlinger: setDesiredDisplayModeSpecs[{0, false, PR={p[24.00-120.00]Hz, r[24.00-90.00]Hz}, AR={p[0.00-120.00]Hz, r[0.00-120.00]Hz}}]: by process 3163 uid 1000 for display 4630947043778501762
03-11 16:54:53.470  2300  2300 D SurfaceFlinger: Setting power mode 2 on display 4630947043778501762
03-11 16:54:53.470 24343 24522 I ThermalEngine: Monitor:ACTIVE:MON-CHG-BATT1:battery=5:BCHG_TEMP=41061
03-11 16:54:53.472  2300  2300 I Scheduler: Display 4630947043778501762 is the pacesetter
03-11 16:54:53.472  2300  2300 I Scheduler: promotePacesetterDisplayLocked, mAcceptScrollEvent=1
03-11 16:54:53.472  2300  2300 I Scheduler: promotePacesetterDisplayLocked, mAcceptTouchNotBoostEvent=0
03-11 16:54:53.473  2300  2300 D SurfaceFlinger: Setting desired display mode specs: {0, false, PR={p[24.00-120.00]Hz, r[24.00-90.00]Hz}, AR={p[0.00-120.00]Hz, r[0.00-120.00]Hz}} for display 4630947043778501762
03-11 16:54:53.473  2300  2300 I SurfaceFlinger: Switching to Scheduler preferred mode 4 (90.00 Hz) for display 4630947043778501762
03-11 16:54:53.473  2300  2300 D DisplayModeController: setDesiredMode 4630947043778501762 {mode={fps=90.00 Hz, modePtr={id=4, vsyncRate=90.00 Hz, peakRefreshRate=90.00 Hz}}, emitEvent=true, force=false}
03-11 16:54:53.473  2195  2386 I SDM     : DisplayBase::SetDisplayState: Set state = 1, display 57-0, teardown = 0
03-11 16:54:53.474  2195  2386 I SDM     : HWDeviceDRM::NullCommit: Null commit succeeded crtc=141
03-11 16:54:53.476  3163  4298 I ImeTracker: app.organicmaps:e076c722: onRequestHide at ORIGIN_SERVER reason HIDE_SAME_WINDOW_FOCUSED_WITHOUT_EDITOR fromUser false
03-11 16:54:53.476  3163  4298 I ImeTracker: app.organicmaps:e076c722: onCancelled at PHASE_SERVER_SHOULD_HIDE
03-11 16:54:53.477  3163  7471 W AccessibilityWindowsPopulator: The displayInfo of this displayId (0) called back from the surface fligner is null
03-11 16:54:53.477  6344  6344 V ClockFace: onDataSetChanged: clock update in remote
03-11 16:54:53.479 24343 24522 I ThermalEngine: Monitor:ACTIVE:MON-CHG-BATT0:battery=6:BCHG_TEMP=41060
03-11 16:54:53.480 24343 24522 E ThermalEngine: First running, skip
03-11 16:54:53.481 24343 24522 I ThermalEngine: Monitor:ACTIVE:OVERRIDE-CHG:internal_override=1:DETECT-STANDBY=1
03-11 16:54:53.481 24343 24522 I ThermalEngine: ACTION: override_c - Setting override_c to 1
03-11 16:54:53.482  3163  3229 W WindowManager: All windows drawn on display -1
03-11 16:54:53.484  3163  3229 D WindowManager: finishScreenTurningOn..
03-11 16:54:53.484  3163  3229 D WindowManager: enableScreen mKeyguardDrawnOnce=true awake=true mBootMessageNeedsHiding=false
03-11 16:54:53.485 24343 24521 I ThermalEngine: Thermal-Server: Thermal received msg from  override_c
03-11 16:54:53.486  5625  5625 V KeyguardStatusViewController: onTimeChanged
03-11 16:54:53.486 24343 24546 I Thermal-Lib: Thermal-Lib-Client: Client request sent
03-11 16:54:53.487  5625  5625 I KgdSliceProvider: The weather info has not change, does not need to be updated. mTempF=-999 iconNumber=-999 celsius=true
03-11 16:54:53.488 10834 10834 I GoogleInputMethodService: GoogleInputMethodService.onStartInput():1347 onStartInput(EditorInfo{EditorInfo{packageName=app.organicmaps, inputType=0, inputTypeString=NULL, enableLearning=false, autoCorrection=false, autoComplete=false, imeOptions=0, privateImeOptions=null, actionName=UNSPECIFIED, actionLabel=null, initialSelStart=-1, initialSelEnd=-1, initialCapsMode=0, label=null, fieldId=0, fieldName=null, extras=null, hintText=null, hintLocales=[]}}, false)
03-11 16:54:53.489 10834 10834 I Module  : DeviceLockedStatusModuleProvider$Module.updateDeviceLockedStatus():103 repeatCheckTimes = 1, locked = false
03-11 16:54:53.490  3163  7496 W PackageConfigPersister: App-specific configuration not found for packageName: app.organicmaps and userId: 0
03-11 16:54:53.493 28905 29326 I ActivityScheduler: nextTriggerTime: 192450068, in 671ms, detectorType: 39, FULL_TYPE alarmWindowMillis: 375
03-11 16:54:53.500 24343 24522 I ThermalEngine: Monitor:ACTIVE:MON-CHG-BATT1:battery=3:BCHG_TEMP=41045
03-11 16:54:53.501 28905 29391 I NearbyDiscovery: (REDACTED) FastPairHandler: Received action %s
03-11 16:54:53.502 28905 29391 I NearbyDiscovery: (REDACTED) PureOffloadFastPairScanner: eventType=%s, isInternalReq=%s, isScanning=%s, isScanningAllowed=%s
03-11 16:54:53.503 28905 29391 I NearbyDiscovery: (REDACTED) ApFastPairScanner: isScreenOn=%s, isLocationEnabled=%s, disableLocationRequirement=%s, isDiscoveryScanningEnabled=%s, during24GhzWifiWarmingUpPeriod=%s
03-11 16:54:53.504 28905 29391 D BluetoothAdapter: isLeEnabled(): ON
03-11 16:54:53.504 28905 29391 I NearbyDiscovery: (REDACTED) ApFastPairScanner: eventType=%s, intReq=%s, scanning=%s, scanAllowed=%s, bleEnabled=%s, lockScanRate=%s, startScanningByLowPowerMode=%s
03-11 16:54:53.505 28905 29391 I NearbyDiscovery: (REDACTED) ApFastPairScanner: isScreenOn=%s, isLocationEnabled=%s, disableLocationRequirement=%s, isDiscoveryScanningEnabled=%s, during24GhzWifiWarmingUpPeriod=%s
03-11 16:54:53.505 28905 29391 I NearbyDiscovery: (REDACTED) ApFastPairScanner: Start scanning internally, %s
03-11 16:54:53.506 28905 29391 D BluetoothAdapter: isLeEnabled(): ON
03-11 16:54:53.508  5658  7943 I bt_shim_scanner: system/main/shim/le_scanning_manager.cc:172 RegisterScanner: in shim layer
03-11 16:54:53.509 28905 28918 D BluetoothLeScanner: onScannerRegistered() - status=0 scannerId=1 mScannerId=0
03-11 16:54:53.514 28905 29391 I NearbyDiscovery: (REDACTED) ApFastPairScanner: Start scanning, mode=%s
03-11 16:54:53.514 28905 29391 I NearbyDiscovery: FastPairController: onSystemStateChanged: skip due to flag disabled [CONTEXT service_id=265 ]
03-11 16:54:53.516  5658  6105 I bt_shim_scanner: system/main/shim/le_scanning_manager.cc:282 ScanFilterEnable: in shim layer
03-11 16:54:53.517  5658  6105 I bt_shim_scanner: system/main/shim/le_scanning_manager.cc:258 ScanFilterAdd: in shim layer
03-11 16:54:53.518  2068  6060 I vendor.qti.bluetooth@1.0-ibs_handler: ProcessIbsCmd: Received IBS_WAKE_IND: 0xFD
03-11 16:54:53.518  2068  6060 I vendor.qti.bluetooth@1.0-ibs_handler: ProcessIbsCmd: Writing IBS_WAKE_ACK
03-11 16:54:53.518  5658  6105 I bt_shim_scanner: system/main/shim/le_scanning_manager.cc:220 ScanFilterParamSetup: in shim layer, clientIf=1
03-11 16:54:53.520  5658  6105 I bt_shim_scanner: system/main/shim/le_scanning_manager.cc:258 ScanFilterAdd: in shim layer
03-11 16:54:53.521  5658  6105 I bt_shim_scanner: system/main/shim/le_scanning_manager.cc:220 ScanFilterParamSetup: in shim layer, clientIf=1
03-11 16:54:53.522  5658  6105 I bt_shim_scanner: system/main/shim/le_scanning_manager.cc:185 Scan: in shim layer started
03-11 16:54:53.522  5658  5907 I bluetooth: system/gd/hci/le_scanning_manager.cc:690 stop_scan: Scanning already stopped, return!
03-11 16:54:53.522  5658  5907 I bluetooth: system/gd/hci/le_address_manager.cc:226 register_client: Scheduled address rotation for first client registered
03-11 16:54:53.522  5658  5907 I bluetooth: system/gd/hci/le_address_manager.cc:229 register_client: Client registered
03-11 16:54:53.524  5658  6105 I bt_shim_scanner: system/main/shim/le_scanning_manager.cc:185 Scan: in shim layer stopped
03-11 16:54:53.524  5658  5907 I bluetooth: system/gd/hci/le_address_manager.cc:244 unregister_client: Client unregistered
03-11 16:54:53.524  5658  5907 I bluetooth: system/gd/hci/le_address_manager.cc:248 unregister_client: Cancelled address rotation alarm
03-11 16:54:53.524  5658  6105 W BtGatt.JNI: android/app/jni/com_android_bluetooth_gatt.cpp:1597 gattSetScanParametersNative: gattSetScanParametersNative
03-11 16:54:53.524  5658  6105 I bt_shim_scanner: system/main/shim/le_scanning_manager.cc:363 SetScanParameters: in shim layer, scannerId=1
03-11 16:54:53.524  5658  6105 I bt_shim_scanner: system/main/shim/le_scanning_manager.cc:185 Scan: in shim layer started
03-11 16:54:53.524  5625  5625 I KeyguardTransitionRepository: FINISHED transition: TransitionStep(from=LOCKSCREEN, to=OCCLUDED, value=1.0, transitionState=FINISHED, ownerName=FromLockscreenTransitionInteractor)
03-11 16:54:53.525  5658  5907 I bluetooth: system/gd/hci/le_scanning_manager.cc:690 stop_scan: Scanning already stopped, return!
03-11 16:54:53.525  5658  5907 I bluetooth: system/gd/hci/le_address_manager.cc:226 register_client: Scheduled address rotation for first client registered
03-11 16:54:53.525  5658  5907 I bluetooth: system/gd/hci/le_address_manager.cc:229 register_client: Client registered
03-11 16:54:53.544  5625  5635 I ndroid.systemui: Background concurrent mark compact GC freed 74MB AllocSpace bytes, 13(768KB) LOS objects, 75% free, 24MB/98MB, paused 1.351ms,2.154ms total 160.752ms
03-11 16:54:53.551  2064  4171 D slpi    : tmd2712: Als lux: 153.80, ch0: 2634, ch1: 91, scale: 1.08, atime:50.04, again:1024
03-11 16:54:53.570  2068  6060 I vendor.qti.bluetooth@1.0-ibs_handler: ProcessIbsCmd: Received IBS_SLEEP_IND: 0xFE
03-11 16:54:53.574  5625  5637 W System  : A resource failed to call release. 
03-11 16:54:53.575  5625  5637 W System  : A resource failed to call release. 
03-11 16:54:53.575  5625  5637 W System  : A resource failed to call release. 
03-11 16:54:53.575  5625  5637 W System  : A resource failed to call release. 
03-11 16:54:53.576  5625  5637 W System  : A resource failed to call release. 
03-11 16:54:53.576  5625  5637 W System  : A resource failed to call release. 
03-11 16:54:53.576  5625  5637 W System  : A resource failed to call release. 
03-11 16:54:53.576  5625  5637 W ndroid.systemui: ApkAssets: Deleting an ApkAssets object '<empty> and /data/app/~~0uqLrrlzBtW_VfyL_d3Ccg==/app.organicmaps-NZGytbUfkdDZlFUqYe3_jg==/base.apk' with 1 weak references
03-11 16:54:53.576  5625  5637 W ndroid.systemui: ApkAssets: Deleting an ApkAssets object '<empty> and /data/app/~~0uqLrrlzBtW_VfyL_d3Ccg==/app.organicmaps-NZGytbUfkdDZlFUqYe3_jg==/split_config.arm64_v8a.apk' with 1 weak references
03-11 16:54:53.576  5625  5637 W ndroid.systemui: ApkAssets: Deleting an ApkAssets object '<empty> and /data/app/~~0uqLrrlzBtW_VfyL_d3Ccg==/app.organicmaps-NZGytbUfkdDZlFUqYe3_jg==/split_config.xxhdpi.apk' with 1 weak references
03-11 16:54:53.577  5625  5637 W System  : A resource failed to call release. 
03-11 16:54:53.577  5625  5637 W System  : A resource failed to call release. 
03-11 16:54:53.577  5625  5637 W System  : A resource failed to call release. 
03-11 16:54:53.578  5625  5637 W System  : A resource failed to call release. 
03-11 16:54:53.578  5625  5637 W System  : A resource failed to call release. 
03-11 16:54:53.578  5625  5637 W System  : A resource failed to call release. 
03-11 16:54:53.578  5625  5637 W System  : A resource failed to call release. 
03-11 16:54:53.578  5625  5637 W System  : A resource failed to call release. 
03-11 16:54:53.578  5625  5637 W System  : A resource failed to call release. 
03-11 16:54:53.578  5625  5637 W System  : A resource failed to call HardwareBuffer.close. 
03-11 16:54:53.578  5625  5637 W System  : A resource failed to call HardwareBuffer.close. 
03-11 16:54:53.578  5625  5637 W System  : A resource failed to call release. 
03-11 16:54:53.578  5625  5637 W System  : A resource failed to call release. 
03-11 16:54:53.578  5625  5637 W System  : A resource failed to call HardwareBuffer.close. 
03-11 16:54:53.579  5625  5637 W System  : A resource failed to call HardwareBuffer.close. 
03-11 16:54:53.579  5625  5637 W System  : A resource failed to call release. 
03-11 16:54:53.579  5625  5637 W System  : A resource failed to call release. 
03-11 16:54:53.580  5625  5637 W System  : A resource failed to call release. 
03-11 16:54:53.580  5625  5637 W System  : A resource failed to call release. 
03-11 16:54:53.580  5625  5637 W System  : A resource failed to call release. 
03-11 16:54:53.581  5625  5637 W System  : A resource failed to call release. 
03-11 16:54:53.581  5625  5637 W System  : A resource failed to call release. 
03-11 16:54:53.581  5625  5637 W System  : A resource failed to call release. 
03-11 16:54:53.581  5625  5637 W System  : A resource failed to call release. 
03-11 16:54:53.581  5625  5637 W System  : A resource failed to call release. 
03-11 16:54:53.581  5625  5637 W System  : A resource failed to call release. 
03-11 16:54:53.581  2064  4171 I slpi-MOT_HINGE: Hingeposture  90.0 tent:0 gpio:-1 flip:1 flat:1 b:2.6 2.0 9.2 140.2 40.8 64.5 f:2.5 8.8 -3.1 -728.7 66.5 -48.9
03-11 16:54:53.582  5625  5637 W System  : A resource failed to call release. 
03-11 16:54:53.582  5625  5637 W System  : A resource failed to call release. 
03-11 16:54:53.582  5625  5637 W System  : A resource failed to call release. 
03-11 16:54:53.582  5625  5637 W System  : A resource failed to call release. 
03-11 16:54:53.582  5625  5637 W System  : A resource failed to call release. 
03-11 16:54:53.582  5625  5637 W System  : A resource failed to call release. 
03-11 16:54:53.582  5625  5637 W System  : A resource failed to call HardwareBuffer.close. 
03-11 16:54:53.582  5625  5637 W System  : A resource failed to call HardwareBuffer.close. 
03-11 16:54:53.582  5625  5637 W System  : A resource failed to call release. 
03-11 16:54:53.582  5625  5637 W System  : A resource failed to call release. 
03-11 16:54:53.582  5625  5637 W System  : A resource failed to call HardwareBuffer.close. 
03-11 16:54:53.583  5625  5637 W System  : A resource failed to call HardwareBuffer.close. 
03-11 16:54:53.583  5625  5637 W System  : A resource failed to call release. 
03-11 16:54:53.583  5625  5637 W System  : A resource failed to call release. 
03-11 16:54:53.584  5625  5637 W System  : A resource failed to call release. 
03-11 16:54:53.584  5625  5637 W System  : A resource failed to call release. 
03-11 16:54:53.584  5625  5637 W System  : A resource failed to call release. 
03-11 16:54:53.585  5625  5637 W System  : A resource failed to call release. 
03-11 16:54:53.585  5625  5637 W System  : A resource failed to call release. 
03-11 16:54:53.585  5625  5637 W System  : A resource failed to call release. 
03-11 16:54:53.585  5625  5637 W System  : A resource failed to call release. 
03-11 16:54:53.586  5625  5637 W System  : A resource failed to call release. 
03-11 16:54:53.586  5625  5637 W System  : A resource failed to call release. 
03-11 16:54:53.586  5625  5637 W System  : A resource failed to call release. 
03-11 16:54:53.586  5625  5637 W System  : A resource failed to call release. 
03-11 16:54:53.586  5625  5637 W System  : A resource failed to call release. 
03-11 16:54:53.586  5625  5637 W System  : A resource failed to call release. 
03-11 16:54:53.586  5625  5637 W System  : A resource failed to call HardwareBuffer.close. 
03-11 16:54:53.586  5625  5637 W System  : A resource failed to call HardwareBuffer.close. 
03-11 16:54:53.586  5625  5637 W System  : A resource failed to call release. 
03-11 16:54:53.586  5625  5637 W System  : A resource failed to call release. 
03-11 16:54:53.586  5625  5637 W System  : A resource failed to call HardwareBuffer.close. 
03-11 16:54:53.586  5625  5637 W System  : A resource failed to call HardwareBuffer.close. 
03-11 16:54:53.587  5625  5637 W System  : A resource failed to call release. 
03-11 16:54:53.587  5625  5637 W System  : A resource failed to call release. 
03-11 16:54:53.593  2064  4171 D slpi-TCS3720: ALS_REPORT lux 24.453661, ch0 15.155419-9.867221-4.504616-2.154841, scale 1.1878, fps 90, client 1
03-11 16:54:53.593  2064  4171 D slpi-TCS3720: PRX_OC info Far, Total 0, pdata 0, offset 0 step 0.63, ore 0:0 step 21.00, TH_H 1020, TH_L 0, client 0
03-11 16:54:53.601  2064  4171 D slpi    : tmd2712: Als lux: 97.50, ch0: 1666, ch1: 65, scale: 1.08, atime:50.04, again:1024
03-11 16:54:53.645  2067  5073 D AHAL: AudioDevice: SetParameters: 1564: enter: mic_rotation=0
03-11 16:54:53.646  2067  5073 D AHAL: AudioVoice: VoiceSetParameters: 87: Enter params: mic_rotation=0
03-11 16:54:53.646  2067  5073 D AHAL: AudioVoice: VoiceSetParameters: 360: Exit ret: 0
03-11 16:54:53.646  2067  5073 D AHAL: FM: fm_set_parameters: 262: Enter
03-11 16:54:53.646  2067  5073 D AHAL: FM: fm_set_parameters: 320: exit
03-11 16:54:53.646  2067  5073 I AHAL: AudioDevice: SetParameters: 2223: mic_rotation: 0
03-11 16:54:53.646  2067  5073 D AHAL: AudioDevice: SetParameters: 2361: exit: mic_rotation=0
03-11 16:54:53.651  2064  4171 D slpi    : tmd2712: Als lux: 24.60, ch0: 412, ch1: 34, scale: 1.08, atime:50.04, again:1024
03-11 16:54:53.658  2064  4171 D slpi-TCS3720: ALS_REPORT lux 173.206543, ch0 96.088921-64.780914-33.163483-15.192442, scale 1.1878, fps 90, client 1
03-11 16:54:53.658  2064  4171 D slpi-TCS3720: PRX_OC info Far, Total 0, pdata 0, offset 0 step 0.63, ore 0:0 step 21.00, TH_H 1020, TH_L 0, client 0
03-11 16:54:53.688  2195  2386 I SDM     : PipeAllocSdma2::CalculatePipeNumToDedicate: num_vig: 0, num_dma: 1
03-11 16:54:53.688  2195  2386 I SDM     : DisplayBase::SetDisplayState: active 1-1 state 1-1 pending_power_state_ 0
03-11 16:54:53.689  2300  2300 D SurfaceFlinger: Finished setting power mode 2 on display 4630947043778501762
03-11 16:54:53.690  2300  2300 D RefreshRateSelector: found  TouchBoostRefreshRate: {fps=90.00 Hz, modePtr={id=4, vsyncRate=90.00 Hz, peakRefreshRate=90.00 Hz}}
03-11 16:54:53.690  2300  2300 D RefreshRateSelector: [90:120:0]: mTouchBoostRefreshRateAvailable=1, mScrollBoostRefreshRateAvailable=0, mTouchOnBlankNotBoostRefreshRateAvailable=0
03-11 16:54:53.692  3163  5305 D SurfaceControl: Excessive delay in setPowerMode()
03-11 16:54:53.694  3163  5305 W ServiceManagerCppClient: Failed to get isDeclared for com.motorola.hardware.display.panel.IDisplayPanel/default: Status(-1, EX_SECURITY): 'SELinux denied.'
03-11 16:54:53.694  3163  5305 D DisplayPanelService: Setting panel dc mode: 0
03-11 16:54:53.694  2090  2090 I DisplayPanel: setDcMode: DC mode = OFF
03-11 16:54:53.697  2090  2090 D DisplayPanel: setParam: Success set DC to 0 for Primary display
03-11 16:54:53.698  3163  3352 D BrightnessThermalClamper: Thermal status observer already started
03-11 16:54:53.699  3163  3352 I WindowManager: Display 0 turned on...
03-11 16:54:53.700  3163  3352 W PowerManagerService: Screen on took 463 ms
03-11 16:54:53.701  2300  2300 E Scheduler: trackPendingFrame: Invalid present fence
03-11 16:54:53.701  2064  4171 D slpi    : tmd2712: Als lux: 9.50, ch0: 156, ch1: 19, scale: 1.08, atime:50.04, again:1024
03-11 16:54:53.701  2064 24544 I sensors-hal: handle_indication_realtime:467,  SCHED_FIFO(10) for qmi_cbk
03-11 16:54:53.701  3163  3163 I WindowManager: Finished waking up... (groupId=0 why=ON_BECAUSE_OF_USER) pmWakeReason=WAKE_REASON_LID
03-11 16:54:53.701  2300  2300 I SurfaceFlinger: setDesiredModeSpecsByBrightnessZone Prim done to {0, false, PR={p[24.00-120.00]Hz, r[24.00-90.00]Hz}, AR={p[0.00-120.00]Hz, r[0.00-120.00]Hz}} from {0, false, PR={p[24.00-120.00]Hz, r[24.00-90.00]Hz}, AR={p[0.00-120.00]Hz, r[0.00-120.00]Hz}}, NitUpperLimit=2147483647 inZone=0 due to [0.449104-122.838501]
03-11 16:54:53.702  2300  2300 D SurfaceFlinger: setDesiredDisplayModeSpecs[{0, false, PR={p[24.00-120.00]Hz, r[24.00-90.00]Hz}, AR={p[0.00-120.00]Hz, r[0.00-120.00]Hz}}]: by process 3163 uid 1000 for display 4630947043778501763
03-11 16:54:53.702  2064 24542 I sensors-hal: handle_indication_realtime:467,  SCHED_FIFO(10) for qmi_cbk
03-11 16:54:53.702  3163  3231 W AccessibilityWindowsPopulator: The displayInfo of this displayId (0) called back from the surface fligner is null
03-11 16:54:53.703  3163  3231 W AccessibilityWindowsPopulator: The displayInfo of this displayId (0) called back from the surface fligner is null
03-11 16:54:53.703  3163  3231 I DisplayDeviceRepository: Display device changed: DisplayDeviceInfo{"Built-in Screen": uniqueId="local:4630947043778501762", 1080 x 2640, modeId 3, renderFrameRate 90.0, defaultModeId 1, userPreferredModeId -1, supportedModes [{id=1, width=1080, height=2640, fps=120.00001, vsync=120.00001, synthetic=false, alternativeRefreshRates=[24.000002, 60.000004], supportedHdrTypes=[2, 3, 4]}, {id=2, width=1080, height=2640, fps=144.00002, vsync=144.00002, synthetic=false, alternativeRefreshRates=[], supportedHdrTypes=[2, 3, 4]}, {id=3, width=1080, height=2640, fps=90.0, vsync=90.0, synthetic=false, alternativeRefreshRates=[], supportedHdrTypes=[2, 3, 4]}, {id=4, width=1080, height=2640, fps=60.000004, vsync=60.000004, synthetic=false, alternativeRefreshRates=[24.000002, 120.00001], supportedHdrTypes=[2, 3, 4]}, {id=5, width=1080, height=2640, fps=30.000002, vsync=30.000002, synthetic=false, alternativeRefreshRates=[], supportedHdrTypes=[2, 3, 4]}, {id=6, width=1080, height=2640, fps=24.000002, vsync=24.000002, synthetic=false, alternativeRefreshRates=[60.000004, 120.00001], supportedHdrTypes=[2, 3, 4]}], supportedReadyForModes [], colorMode 0, supportedColorModes [0, 7, 9], hdrCapabilities HdrCapabilities{mSupportedHdrTypes=[2, 3, 4], mMaxLuminance=420.0, mMaxAverageLuminance=210.1615, mMinLuminance=0.323}, allmSupported false, gameContentTypeSupported false, density 420, 397.565 x 435.428 dpi, appVsyncOff 1000000, presDeadline 17111110, cutout DisplayCutout{insets=Rect(0, 108 - 0, 0) waterfall=Insets{left=0, top=0, right=0, bottom=0} boundingRect={Bounds=[Rect(0, 0 - 0, 0), Rect(495, 0 - 585, 108), Rect(0, 0 - 0, 0), Rect(0, 0 - 0, 0)]} cutoutPathParserInfo={CutoutPathParserInfo{displayWidth=1080 displayHeight=2640 physicalDisplayWidth=1080 physicalDisplayHeight=2640 density={2.625} cutoutSpec={M -45,0 L 45,0 L 45,108 L -45,108 Z} rotation={0} scale={1.0} physicalPixelDisplaySizeRatio={1.0}}} sideOverrides={}}, touch INTERNAL, rotation 0, type INTERNAL, address {port=130, model=0x40446dccee101c}, deviceProductInfo DeviceProductInfo{name=, manufacturerPnpId=QCM, productId=1, modelYear=null, manufactureDate=ManufactureDate{week=27, year=2006}, connectionToSinkType=0}, state ON, committedState ON, frameRateOverride , brightnessMinimum 0.0, brightnessMaximum 1.0, brightnessDefault 0.38188976, hdrSdrRatio 1.0, FLAG_ALLOWED_TO_BE_DEFAULT_DISPLAY, FLAG_ROTATES_WITH_CONTENT, FLAG_SECURE, FLAG_SUPPORTS_PROTECTED_BUFFERS, FLAG_TRUSTED, installOrientation 0, displayShape DisplayShape{ spec=-1962366115 displayWidth=1080 displayHeight=2640 physicalPixelDisplaySizeRatio=1.0 rotation=0 offsetX=0 offsetY=0 scale=1.0}}
03-11 16:54:53.705  2300  2300 E Scheduler: trackPendingFrame: Invalid present fence
03-11 16:54:53.706  3163  3352 D BrightnessThermalClamper: Thermal status observer already started
03-11 16:54:53.707  2163  2163 D motorola.hardware.sensorext-service: handle id:13 wxh:1088x2640 uwxuh:1080x2640 size: 11489280 fd:11 fd_meta:12 flags:0x4000228 usage:0x33  format:0x1 layer_count: 1 reserved_size = 0
03-11 16:54:53.708  2300  2300 E Scheduler: trackPendingFrame: Invalid present fence
03-11 16:54:53.708  2195  2386 I SDM     : HWCSession::SetCWBOutputBuffer: CWB config passed by cwb_client : tappoint 1  CWB_ROI : (210.000000 26.000000 274.000000 90.000000) for display [1 0 0]
03-11 16:54:53.708  3163  3231 I DeviceStateManagerService: Cannot notify device state info change when pending state is present.
03-11 16:54:53.708  3163  3231 I DisplayDeviceRepository: Display device changed: DisplayDeviceInfo{"Built-in Screen": uniqueId="local:4630947043778501762", 1080 x 2640, modeId 3, renderFrameRate 90.0, defaultModeId 1, userPreferredModeId -1, supportedModes [{id=1, width=1080, height=2640, fps=120.00001, vsync=120.00001, synthetic=false, alternativeRefreshRates=[24.000002, 60.000004], supportedHdrTypes=[2, 3, 4]}, {id=2, width=1080, height=2640, fps=144.00002, vsync=144.00002, synthetic=false, alternativeRefreshRates=[], supportedHdrTypes=[2, 3, 4]}, {id=3, width=1080, height=2640, fps=90.0, vsync=90.0, synthetic=false, alternativeRefreshRates=[], supportedHdrTypes=[2, 3, 4]}, {id=4, width=1080, height=2640, fps=60.000004, vsync=60.000004, synthetic=false, alternativeRefreshRates=[24.000002, 120.00001], supportedHdrTypes=[2, 3, 4]}, {id=5, width=1080, height=2640, fps=30.000002, vsync=30.000002, synthetic=false, alternativeRefreshRates=[], supportedHdrTypes=[2, 3, 4]}, {id=6, width=1080, height=2640, fps=24.000002, vsync=24.000002, synthetic=false, alternativeRefreshRates=[60.000004, 120.00001], supportedHdrTypes=[2, 3, 4]}], supportedReadyForModes [], colorMode 0, supportedColorModes [0, 7, 9], hdrCapabilities HdrCapabilities{mSupportedHdrTypes=[2, 3, 4], mMaxLuminance=420.0, mMaxAverageLuminance=210.1615, mMinLuminance=0.323}, allmSupported false, gameContentTypeSupported false, density 420, 397.565 x 435.428 dpi, appVsyncOff 1000000, presDeadline 17111110, cutout DisplayCutout{insets=Rect(0, 108 - 0, 0) waterfall=Insets{left=0, top=0, right=0, bottom=0} boundingRect={Bounds=[Rect(0, 0 - 0, 0), Rect(495, 0 - 585, 108), Rect(0, 0 - 0, 0), Rect(0, 0 - 0, 0)]} cutoutPathParserInfo={CutoutPathParserInfo{displayWidth=1080 displayHeight=2640 physicalDisplayWidth=1080 physicalDisplayHeight=2640 density={2.625} cutoutSpec={M -45,0 L 45,0 L 45,108 L -45,108 Z} rotation={0} scale={1.0} physicalPixelDisplaySizeRatio={1.0}}} sideOverrides={}}, touch INTERNAL, rotation 0, type INTERNAL, address {port=130, model=0x40446dccee101c}, deviceProductInfo DeviceProductInfo{name=, manufacturerPnpId=QCM, productId=1, modelYear=null, manufactureDate=ManufactureDate{week=27, year=2006}, connectionToSinkType=0}, state ON, committedState ON, frameRateOverride , brightnessMinimum 0.0, brightnessMaximum 1.0, brightnessDefault 0.38188976, hdrSdrRatio 1.0, FLAG_ALLOWED_TO_BE_DEFAULT_DISPLAY, FLAG_ROTATES_WITH_CONTENT, FLAG_SECURE, FLAG_SUPPORTS_PROTECTED_BUFFERS, FLAG_TRUSTED, installOrientation 0, displayShape DisplayShape{ spec=-1962366115 displayWidth=1080 displayHeight=2640 physicalPixelDisplaySizeRatio=1.0 rotation=0 offsetX=0 offsetY=0 scale=1.0}}
03-11 16:54:53.709  3163  3163 I BrightnessSynchronizer: New Update: {[13290] 0.43404192(f), mUpdatedTypes=0, mConfirmedTypes=0, mTimeUpdated=0, mState=2}
03-11 16:54:53.710  3163  3231 I InputManager-JNI: Viewport [0] to add: local:4630947043778501762, isActive: true
03-11 16:54:53.710  3163  3231 I InputManager-JNI: Viewport [1] to add: local:4630947043778501763, isActive: false
03-11 16:54:53.711  3163  3227 D PowerManagerService: nativeReleaseSuspendBlocker name:PowerManagerService.Broadcasts duration ms: 0
03-11 16:54:53.711  3163  3163 I BrightnessSynchronizer: New Update: {[13291] 0.43404192(f), mUpdatedTypes=0, mConfirmedTypes=0, mTimeUpdated=0, mState=2}
03-11 16:54:53.711  3163  3163 I BrightnessSynchronizer: New Update: {[13292] 0.43404192(f), mUpdatedTypes=0, mConfirmedTypes=0, mTimeUpdated=0, mState=2}
03-11 16:54:53.712  3163  3163 I BrightnessSynchronizer: New Update: {[13293] 0.43404192(f), mUpdatedTypes=0, mConfirmedTypes=0, mTimeUpdated=0, mState=2}
03-11 16:54:53.713  2195 24550 I SDM     : HWCDisplay::SetReadbackBuffer: CWB config from client: tap_point 1, CWB ROI Rect(210.000000 26.000000 274.000000 90.000000), PU_as_CWB_ROI 0, Cwb full rect : (0.000000 0.000000 1080.000000 2640.000000)
03-11 16:54:53.714  3163  4285 I InputReader: Reconfiguring input devices, changes=DISPLAY_INFO
03-11 16:54:53.714  3163  4285 I InputReader: Device reconfigured: id=7, name='goodix_ts', size 1080x2640, orientation Rotation0, mode DIRECT, display id 0
03-11 16:54:53.714  3163  4285 I InputReader: Disabling zinitix_mt (device 6) because the associated viewport is not active
03-11 16:54:53.714  2195 24550 I SDM     : HWCDisplay::SetReadbackBuffer: Successfully configured the output buffer: readback_buffer_queued_ 1, readback_configured_ 0, cwb_client 3
03-11 16:54:53.715  2195 24550 I SDM     : HWCSession::ProcessRequests: Successfully configured CWB buffer.
03-11 16:54:53.715  5625  5669 D ShellSplitScreen: onFinishedWakingUp
03-11 16:54:53.716  3163  3229 D CLI/Transition: displaygroup 0, state ON, pendingdisplaygroup -1
03-11 16:54:53.716  2195 24550 I SDM     : HWCSession::ProcessRequests: Pushing release fence in fenece wait queue.
03-11 16:54:53.716  2195 24550 I SDM     : HWCSession::ProcessRequests: Creating AsyncFenceWaits async thread.
03-11 16:54:53.716  2300  2300 E Scheduler: trackPendingFrame: Invalid present fence
03-11 16:54:53.717  2195 24550 I SDM     : HWCSession::ProcessRequests: Remove current CWB request from the pending request queue.
03-11 16:54:53.717  2195 24550 I SDM     : HWCSession::ProcessRequests: No pending cwb requests found in the queue.
03-11 16:54:53.717  3163  3229 I DisplayDevice: [0] Layerstack set to 0 for local:4630947043778501762 mDisplayToken=android.os.BinderProxy@d90d011 t=Transaction{mNativeObject=-5476376673043675440, mHashCode=0}
03-11 16:54:53.717  3163  3227 D TouchHwAidlService: updateDefaultDisplayState: mScreenOn=true
03-11 16:54:53.718 26976 27604 D MCLOG   : [BrightnessTrigger] onDisplayChanged displayId = 0
03-11 16:54:53.722  3163  3231 D PanelsService: updateDefaultDisplayState: mScreenState=ON
03-11 16:54:53.723  5493  5493 I WallpaperService: engine resumed
03-11 16:54:53.725  2195 24551 I SDM     : HWCSession::NotifyCWBStatus: Notify the client about buffer status 0.
03-11 16:54:53.725  5625  5669 D ShellSplitScreen: onFoldedStateChanged: folded=false
03-11 16:54:53.725  2195 24551 I SDM     : HWCSession::PerformFenceWaits: Remove current release fence from the pending fence wait queue.
03-11 16:54:53.725  2195 24551 I SDM     : HWCSession::PerformFenceWaits: CWB fence queue is empty. No pending release fence to wait on.
03-11 16:54:53.726 26976 27604 D MCLOG   : [BrightnessManager] displayId = 0 brightness = 0.43404192 nit = 122.801735 level = br2
03-11 16:54:53.727  3163  3229 D CLI/SmallCLI: onDeviceLidStateChanged: state=LAPTOP
03-11 16:54:53.728  2300  2300 E Scheduler: trackPendingFrame: Invalid present fence
03-11 16:54:53.730  3163  3227 D TouchHwAidlService: onStateChanged.. state=4
03-11 16:54:53.731 10834 10834 I PkDeviceHelper: PkDeviceHelper.refreshDevices():93 refreshing devices
03-11 16:54:53.732  2067  5073 D AHAL: AudioDevice: SetParameters: 1564: enter: screen_state=on
03-11 16:54:53.732  2067  5073 D AHAL: AudioVoice: VoiceSetParameters: 87: Enter params: screen_state=on
03-11 16:54:53.732  2067  5073 D AHAL: AudioVoice: VoiceSetParameters: 360: Exit ret: 0
03-11 16:54:53.732  2067  5073 D AHAL: FM: fm_set_parameters: 262: Enter
03-11 16:54:53.732  2067  5073 D AHAL: FM: fm_set_parameters: 320: exit
03-11 16:54:53.732  2067  5073 D AHAL: AudioDevice: SetParameters: 1625:  - screen = on
03-11 16:54:53.732  2067  5073 I PAL: ResourceManager: setParameter: 8311: Screen State:1
03-11 16:54:53.732  2067  5073 D AHAL: AudioDevice: SetParameters: 2361: exit: screen_state=on
03-11 16:54:53.732  2163  2163 D SENSOREXT_ALS_COMP: FrontLight: ReportLux 25.47 (24.45-46.25), pre 25.47, dbv 7355, dc 0, fps 90, chPanel 27.41-13.13-9.08-4.84, facCal:lux_s 1.19 cha_s 0.95-0.96-0.89-0.94, RunInfo: DPB 21529-93, TF 21529-0
03-11 16:54:53.733  2067  5073 D AHAL: AudioDevice: SetParameters: 1564: enter: device_folded=off
03-11 16:54:53.733  2067  5073 D AHAL: AudioVoice: VoiceSetParameters: 87: Enter params: device_folded=off
03-11 16:54:53.733  2067  5073 D AHAL: AudioVoice: VoiceSetParameters: 360: Exit ret: 0
03-11 16:54:53.733  2067  5073 D AHAL: FM: fm_set_parameters: 262: Enter
03-11 16:54:53.733  2067  5073 D AHAL: FM: fm_set_parameters: 320: exit
03-11 16:54:53.734  2067  5073 D AHAL: AudioDevice: SetParameters: 2361: exit: device_folded=off
03-11 16:54:53.737  2163  2163 D motorola.hardware.sensorext-service: handle id:13 wxh:1088x2640 uwxuh:1080x2640 size: 11489280 fd:11 fd_meta:12 flags:0x4000228 usage:0x33  format:0x1 layer_count: 1 reserved_size = 0
03-11 16:54:53.738  3163  4279 I CLI/Transition_Device: lid state changed: OPEN -> OPEN, device state changed to LAPTOP
03-11 16:54:53.738  3163  4279 D CLI/Rotation: Set volume keyswap sysprop for rotation 2 lidState OPEN
03-11 16:54:53.738  3163  3352 W BoostOptController: not supported hint: 118
03-11 16:54:53.738  2064  2064 I sensors-hal: flush:235, android.sensor.accelerometer/11
03-11 16:54:53.738  2064  2064 I sensors-hal: send_sync_sensor_request:341, send sync request
03-11 16:54:53.738  2064  2064 I sensors-hal: send_sync_sensor_request:367, wait for notification of response
03-11 16:54:53.739  3163  4279 I WindowManager: updateRotationUnchecked CLI real rotation changed:3, rotation:3
03-11 16:54:53.739  2064  5194 I sensors-hal: ssc_conn_resp_cb:632, resp_value = 0
03-11 16:54:53.739  2064  2064 I sensors-hal: send_sync_sensor_request:373, takes 1 ms to receive the response with 0
03-11 16:54:53.739  2064  2064 I sensors-hal: flush:241, android.sensor.accelerometer/11 completed
03-11 16:54:53.740  2195  2386 I SDM     : HWCSession::SetCWBOutputBuffer: CWB config passed by cwb_client : tappoint 1  CWB_ROI : (210.000000 26.000000 274.000000 90.000000) for display [1 0 0]
03-11 16:54:53.740  3163  4279 I WindowManager: Override config changes=20000000 {1.0 ?mcc0mnc [en_US] ldltr sw111dp w210dp h111dp 280dpi smll land night mot-cli finger -keyb/v/h -nav/h winConfig={ mBounds=Rect(0, 0 - 368, 194) mAppBounds=Rect(0, 0 - 368, 194) mMaxBounds=Rect(0, 0 - 368, 194) mDisplayRotation=ROTATION_270 mWindowingMode=fullscreen mActivityType=undefined mAlwaysOnTop=undefined mRotation=ROTATION_270} ?fontWeightAdjustment ?spn ?gid} for displayId=1
03-11 16:54:53.740  5658  6105 I bt_shim_scanner: system/main/shim/le_scanning_manager.cc:185 Scan: in shim layer stopped
