03-11 16:50:06.150 18733 18733 I ThermalEngine: sampling 5000
03-11 16:50:06.150 18733 18733 I ThermalEngine: sensor BCHG_TEMP
03-11 16:50:06.150 18733 18733 I ThermalEngine: thresholds 41000 42500 43000
03-11 16:50:06.150 18733 18733 I ThermalEngine: thresholds_clr 40000 41000 42000
03-11 16:50:06.150 18733 18733 I ThermalEngine: actions battery battery battery
03-11 16:50:06.150 18733 18733 I ThermalEngine: action_info 5 4 3
03-11 16:50:06.150 18733 18733 I ThermalEngine: override_c -2000
03-11 16:50:06.150 18733 18733 I ThermalEngine: freezing
03-11 16:50:06.150 18733 18733 I ThermalEngine: [MON-CHG-BATT0]
03-11 16:50:06.150 18733 18733 I ThermalEngine: algo_type monitor
03-11 16:50:06.150 18733 18733 I ThermalEngine: sampling 5000
03-11 16:50:06.150 18733 18733 I ThermalEngine: sensor BCHG_TEMP
03-11 16:50:06.150 18733 18733 I ThermalEngine: thresholds 39500
03-11 16:50:06.150 18733 18733 I ThermalEngine: thresholds_clr 38000
03-11 16:50:06.150 18733 18733 I ThermalEngine: actions battery
03-11 16:50:06.150 18733 18733 I ThermalEngine: action_info 6
03-11 16:50:06.150 18733 18733 I ThermalEngine: override_c -1500
03-11 16:50:06.150 18733 18733 I ThermalEngine: freezing
03-11 16:50:06.150 18733 18733 I ThermalEngine: [FREEZE-CHG]
03-11 16:50:06.150 18733 18733 I ThermalEngine: algo_type monitor
03-11 16:50:06.150 18733 18733 I ThermalEngine: sampling 2000
03-11 16:50:06.150 18733 18733 I ThermalEngine: sensor DETECT-WLS
03-11 16:50:06.150 18733 18733 I ThermalEngine: thresholds 1
03-11 16:50:06.150 18733 18733 I ThermalEngine: thresholds_clr 0
03-11 16:50:06.150 18733 18733 I ThermalEngine: actions freeze_rule
03-11 16:50:06.150 18733 18733 I ThermalEngine: action_info 1
03-11 16:50:06.150 18733 18733 I ThermalEngine: [OVERRIDE-CHG]
03-11 16:50:06.150 18733 18733 I ThermalEngine: algo_type monitor
03-11 16:50:06.150 18733 18733 I ThermalEngine: sampling 1000
03-11 16:50:06.150 18733 18733 I ThermalEngine: sensor DETECT-STANDBY
03-11 16:50:06.150 18733 18733 I ThermalEngine: thresholds 1
03-11 16:50:06.150 18733 18733 I ThermalEngine: thresholds_clr 0
03-11 16:50:06.150 18733 18733 I ThermalEngine: actions internal_override
03-11 16:50:06.150 18733 18733 I ThermalEngine: action_info 1
03-11 16:50:06.150 18733 18733 I ThermalEngine: [REPORT-BACK]
03-11 16:50:06.150 18733 18733 I ThermalEngine: algo_type monitor
03-11 16:50:06.150  2061  2108 E minksocket: MinkIPC_QRTR_Service: client with node 1 port 45ea went down
03-11 16:50:06.150  2300  2300 E Scheduler: trackPendingFrame: Invalid present fence
03-11 16:50:06.150 18733 18733 I ThermalEngine: [SS-GPU]
03-11 16:50:06.150 18733 18733 I ThermalEngine: algo_type ss
03-11 16:50:06.150 18733 18733 I ThermalEngine: sampling 2000
03-11 16:50:06.150 18733 18733 I ThermalEngine: sensor FUSE_TEMP
03-11 16:50:06.150 18733 18733 I ThermalEngine: device gpu
03-11 16:50:06.150 18733 18733 I ThermalEngine: set_point 49000
03-11 16:50:06.150 18733 18733 I ThermalEngine: set_point_clr 48000
03-11 16:50:06.150 18733 18733 I ThermalEngine: time_constant 0
03-11 16:50:06.150 18733 18733 I ThermalEngine: [SS-CPU7]
03-11 16:50:06.150 18733 18733 I ThermalEngine: algo_type ss
03-11 16:50:06.150 18733 18733 I ThermalEngine: sampling 2000
03-11 16:50:06.150 18733 18733 I ThermalEngine: sensor FUSE_TEMP
03-11 16:50:06.150 18733 18733 I ThermalEngine: device cpu-cluster2
03-11 16:50:06.150 18733 18733 I ThermalEngine: set_point 38000
03-11 16:50:06.150 18733 18733 I ThermalEngine: set_point_clr 37000
03-11 16:50:06.150 18733 18733 I ThermalEngine: time_constant 0
03-11 16:50:06.150 18733 18733 I ThermalEngine: device_max_limit 2169600
03-11 16:50:06.150 18733 18733 I ThermalEngine: [SS-CPU4]
03-11 16:50:06.150 18733 18733 I ThermalEngine: algo_type ss
03-11 16:50:06.150 18733 18733 I ThermalEngine: sampling 2000
03-11 16:50:06.150 18733 18733 I ThermalEngine: sensor FUSE_TEMP
03-11 16:50:06.150 18733 18733 I ThermalEngine: device cpu-cluster1
03-11 16:50:06.150 18733 18733 I ThermalEngine: set_point 38000
03-11 16:50:06.150 18733 18733 I ThermalEngine: set_point_clr 37000
03-11 16:50:06.150 18733 18733 I ThermalEngine: time_constant 0
03-11 16:50:06.150 18733 18733 I ThermalEngine: device_max_limit 2054400
03-11 16:50:06.150 18733 18929 E ThermalEngine: limits_write_data_to_partition: Error opening lmh_cdsp sysfs
03-11 16:50:06.150 18733 18929 I ThermalEngine: limits_write_data_to_partition: thread exit
03-11 16:50:06.151  3706  3728 I android.hardware.thermal@2.0-service.qti-v2: Sensor Name:GPU0 temp: 48.5. prev severity:0. cur severity:0 New severity:0
03-11 16:50:06.151  3706  3728 I android.hardware.thermal@2.0-service.qti-v2: Sensor Name:GPU1 temp: 47.5. prev severity:0. cur severity:0 New severity:0
03-11 16:50:06.151  3706  3728 I android.hardware.thermal@2.0-service.qti-v2: Sensor Name:nsp0 temp: 48.5. prev severity:0. cur severity:0 New severity:0
03-11 16:50:06.151  3706  3728 I android.hardware.thermal@2.0-service.qti-v2: Sensor Name:nsp1 temp: 48.9. prev severity:0. cur severity:0 New severity:0
03-11 16:50:06.151  3706  3728 I android.hardware.thermal@2.0-service.qti-v2: Sensor Name:nsp2 temp: 49.9. prev severity:0. cur severity:0 New severity:0
03-11 16:50:06.151  3706  3728 I android.hardware.thermal@2.0-service.qti-v2: Sensor Name:CPU0 temp: 59.8. prev severity:0. cur severity:0 New severity:0
03-11 16:50:06.151  3706  3728 I android.hardware.thermal@2.0-service.qti-v2: Sensor Name:CPU1 temp: 63.6. prev severity:0. cur severity:0 New severity:0
03-11 16:50:06.151  3706  3728 I android.hardware.thermal@2.0-service.qti-v2: Sensor Name:CPU2 temp: 62.6. prev severity:0. cur severity:0 New severity:0
03-11 16:50:06.151  3706  3728 I android.hardware.thermal@2.0-service.qti-v2: Sensor Name:CPU3 temp: 62.9. prev severity:0. cur severity:0 New severity:0
03-11 16:50:06.151  3706  3728 I android.hardware.thermal@2.0-service.qti-v2: Sensor Name:CPU4 temp: 63.9. prev severity:1. cur severity:0 New severity:0
03-11 16:50:06.151  3706  3728 I android.hardware.thermal@2.0-service.qti-v2: Sensor Name:CPU5 temp: 64.6. prev severity:1. cur severity:0 New severity:0
03-11 16:50:06.151  3706  3728 I android.hardware.thermal@2.0-service.qti-v2: Sensor Name:CPU6 temp: 66.3. prev severity:1. cur severity:0 New severity:0
03-11 16:50:06.151  3706  3728 I android.hardware.thermal@2.0-service.qti-v2: Sensor Name:CPU7 temp: 55.7. prev severity:0. cur severity:0 New severity:0
03-11 16:50:06.151  3706  3728 I android.hardware.thermal@2.0-service.qti-v2: Sensor Name:nsp0 temp: 48.5. prev severity:0. cur severity:0 New severity:0
03-11 16:50:06.151  3706  3728 I android.hardware.thermal@2.0-service.qti-v2: Sensor Name:nsp1 temp: 48.5. prev severity:0. cur severity:0 New severity:0
03-11 16:50:06.151  3706  3728 I android.hardware.thermal@2.0-service.qti-v2: Sensor Name:nsp2 temp: 49.6. prev severity:0. cur severity:0 New severity:0
03-11 16:50:06.151  3706  3728 I android.hardware.thermal@2.0-service.qti-v2: Sensor Name:GPU0 temp: 48.2. prev severity:0. cur severity:0 New severity:0
03-11 16:50:06.151  3706  3728 I android.hardware.thermal@2.0-service.qti-v2: Sensor Name:GPU1 temp: 47.5. prev severity:0. cur severity:0 New severity:0
03-11 16:50:06.152  2061  2108 E minksocket: MinkIPC_QRTR_Service: client with node 1 port 45eb went down
03-11 16:50:06.153  2064  2064 E Diag_Lib: diag: Diag_LSM_Init: invoked for pid: 2064 with init_count: 0
03-11 16:50:06.153  2061  2108 E minksocket: MinkIPC_QRTR_Service: client with node 1 port 45ec went down
03-11 16:50:06.153  2064  2064 E Diag_Lib: diag:failed to connect to diag socket
03-11 16:50:06.153  2061  2108 E minksocket: MinkIPC_QRTR_Service: client with node 1 port 45ed went down
03-11 16:50:06.153  2064  2064 E Diag_Lib:  Diag_LSM_Init: Failed to open handle to diag driver, error = 13
03-11 16:50:06.153 28905 28905 D BoundBrokerSvc: onRebind: Intent { act=com.google.android.gms.libs.gmscorelogger.service.START dat=chimera-action:/... cmp=com.google.android.gms/.chimera.PersistentDirectBootAwareApiService }
03-11 16:50:06.153  2064  2064 I sensors-hal: set_config:57, sample_period_ns is adjusted to 1000000000 based on min/max delay_ns
03-11 16:50:06.154  2064  2064 I sensors-hal: get_qmi_debug_flag:239, support_qmi_debug : false
03-11 16:50:06.154  2061  2108 E minksocket: MinkIPC_QRTR_Service: client with node 1 port 45ef went down
03-11 16:50:06.154  2300  2300 D SurfaceFlinger: setDesiredDisplayModeSpecs[{0, false, PR={p[24.00-120.00]Hz, r[24.00-120.00]Hz}, AR={p[0.00-120.00]Hz, r[0.00-120.00]Hz}}]: by process 3163 uid 1000 for display 4630947043778501762
03-11 16:50:06.155  2061  2108 E minksocket: MinkIPC_QRTR_Service: client with node 1 port 45f0 went down
03-11 16:50:06.156  2064  2064 E Diag_Lib: diag: Diag_LSM_Init: invoked for pid: 2064 with init_count: 0
03-11 16:50:06.156  2061  2108 E minksocket: MinkIPC_QRTR_Service: client with node 1 port 45f1 went down
03-11 16:50:06.156  2064  2064 E Diag_Lib: diag:failed to connect to diag socket
03-11 16:50:06.156  2064  2064 E Diag_Lib:  Diag_LSM_Init: Failed to open handle to diag driver, error = 13
03-11 16:50:06.156  2064  2064 I sensors-hal: send_sync_sensor_request:341, send sync request
03-11 16:50:06.156  2061  2108 E minksocket: MinkIPC_QRTR_Service: client with node 1 port 45f2 went down
03-11 16:50:06.156  2064  2064 I sensors-hal: send_sync_sensor_request:367, wait for notification of response
03-11 16:50:06.156  2064 18935 I sensors-hal: ssc_conn_resp_cb:632, resp_value = 0
03-11 16:50:06.157  2064  2064 I sensors-hal: send_sync_sensor_request:373, takes 0 ms to receive the response with 0
03-11 16:50:06.157  2064  2064 I sensors-hal: get_qmi_debug_flag:239, support_qmi_debug : false
03-11 16:50:06.157  2064 18931 I sensors-hal: handle_indication_realtime:467,  SCHED_FIFO(10) for qmi_cbk
03-11 16:50:06.158  2061  2108 E minksocket: MinkIPC_QRTR_Service: client with node 1 port 45f4 went down
03-11 16:50:06.158  2064 18935 I sensors-hal: handle_indication_realtime:467,  SCHED_FIFO(10) for qmi_cbk
03-11 16:50:06.159  2061  2108 E minksocket: MinkIPC_QRTR_Service: client with node 1 port 45f5 went down
03-11 16:50:06.159  2061  2108 E minksocket: MinkIPC_QRTR_Service: client with node 1 port 45f6 went down
03-11 16:50:06.159  2064  2064 E Diag_Lib: diag: Diag_LSM_Init: invoked for pid: 2064 with init_count: 0
03-11 16:50:06.159  2061  2108 E minksocket: MinkIPC_QRTR_Service: client with node 1 port 45f7 went down
03-11 16:50:06.159  2064  2064 E Diag_Lib: diag:failed to connect to diag socket
03-11 16:50:06.159  2064  2064 E Diag_Lib:  Diag_LSM_Init: Failed to open handle to diag driver, error = 13
03-11 16:50:06.159  2064  2064 I sensors-hal: send_sensor_config_request:395, resampler is used, set resampler config
03-11 16:50:06.159  2064  2064 I sensors-hal: send_sync_sensor_request:341, send sync request
03-11 16:50:06.159  2064  2064 I sensors-hal: send_sync_sensor_request:367, wait for notification of response
03-11 16:50:06.160 28905 29391 I NearbyDiscovery: (REDACTED) ApFastPairScanner: Start scanning, mode=%s
03-11 16:50:06.160 28905 29391 I NearbyDiscovery: FastPairController: onSystemStateChanged: skip due to flag disabled [CONTEXT service_id=265 ]
03-11 16:50:06.161  5625  5920 D Tile.ScreenshotTile: update state
03-11 16:50:06.161  2064 18937 I sensors-hal: ssc_conn_resp_cb:632, resp_value = 0
03-11 16:50:06.162  2064  2064 I sensors-hal: send_sync_sensor_request:373, takes 2 ms to receive the response with 0
03-11 16:50:06.162  2064  2064 I sensors-hal: activate:184, android.sensor.gyroscope_uncalibrated/161 en=1 completed
03-11 16:50:06.162  2300  2300 E Scheduler: trackPendingFrame: Invalid present fence
03-11 16:50:06.162  2064 18937 I sensors-hal: handle_indication_realtime:467,  SCHED_FIFO(10) for qmi_cbk
03-11 16:50:06.162  2067  2067 D AHAL: AudioDevice: SetParameters: 1564: enter: mic_rotation=270
03-11 16:50:06.162  2067  2067 D AHAL: AudioVoice: VoiceSetParameters: 87: Enter params: mic_rotation=270
03-11 16:50:06.162  2067  2067 D AHAL: AudioVoice: VoiceSetParameters: 360: Exit ret: 0
03-11 16:50:06.162  2067  2067 D AHAL: FM: fm_set_parameters: 262: Enter
03-11 16:50:06.162  2067  2067 D AHAL: FM: fm_set_parameters: 320: exit
03-11 16:50:06.162  2067  2067 I AHAL: AudioDevice: SetParameters: 2223: mic_rotation: 270
03-11 16:50:06.162  2067  2067 D AHAL: AudioDevice: SetParameters: 2361: exit: mic_rotation=270
03-11 16:50:06.163  2064  2064 I sensors-hal: batch:206, android.sensor.gyroscope_uncalibrated/161, period=10000000, max_latency=0
03-11 16:50:06.163  2064  2064 I sensors-hal: set_config:57, sample_period_ns is adjusted to 10000000 based on min/max delay_ns
03-11 16:50:06.163  2064  2064 I sensors-hal: send_sensor_config_request:395, resampler is used, set resampler config
03-11 16:50:06.163  2064  2064 I sensors-hal: send_sync_sensor_request:341, send sync request
03-11 16:50:06.163  2064  2064 I sensors-hal: send_sync_sensor_request:367, wait for notification of response
03-11 16:50:06.163  5658  6105 I bt_shim_scanner: system/main/shim/le_scanning_manager.cc:282 ScanFilterEnable: in shim layer
03-11 16:50:06.164  2064 18937 I sensors-hal: ssc_conn_resp_cb:632, resp_value = 0
03-11 16:50:06.164  2064  2064 I sensors-hal: send_sync_sensor_request:373, takes 0 ms to receive the response with 0
03-11 16:50:06.164  2064  2064 I sensors-hal: batch:215, android.sensor.gyroscope_uncalibrated/161, period=10000000, max_latency=0 request completed
03-11 16:50:06.164  2068  6060 I vendor.qti.bluetooth@1.0-ibs_handler: ProcessIbsCmd: Received IBS_WAKE_IND: 0xFD
03-11 16:50:06.164  2068  6060 I vendor.qti.bluetooth@1.0-ibs_handler: ProcessIbsCmd: Writing IBS_WAKE_ACK
03-11 16:50:06.165  2064  2064 I sensors-hal: batch:206, android.sensor.light/51, period=250000000, max_latency=0
03-11 16:50:06.165  2064  2064 I sensors-hal: set_config:61, no need to adjust sample_period_ns due to reporting_mode = 2
03-11 16:50:06.165  2064  2064 I sensors-hal: batch:215, android.sensor.light/51, period=250000000, max_latency=0 request completed
03-11 16:50:06.166  2064  2064 I sensors-hal: activate:173, android.sensor.light/51 en=1
03-11 16:50:06.166  2064  2064 I sensors-hal: get_qmi_debug_flag:239, support_qmi_debug : false
03-11 16:50:06.167  2061  2108 E minksocket: MinkIPC_QRTR_Service: client with node 1 port 45f9 went down
03-11 16:50:06.167  2061  2108 E minksocket: MinkIPC_QRTR_Service: client with node 1 port 45fa went down
03-11 16:50:06.164  5658  6105 I bt_shim_scanner: system/main/shim/le_scanning_manager.cc:258 ScanFilterAdd: in shim layer
03-11 16:50:06.168 18733 18927 I ThermalEngine: Monitor:ACTIVE:MON-wireless-charge:wireless_current=1250:BCHG_TEMP=39159
03-11 16:50:06.168  2061  2108 E minksocket: MinkIPC_QRTR_Service: client with node 1 port 45fb went down
03-11 16:50:06.168 18733 18927 E ThermalEngine: Mitigation:WirelessCurrent:1250
03-11 16:50:06.169  5658  6105 I bt_shim_scanner: system/main/shim/le_scanning_manager.cc:220 ScanFilterParamSetup: in shim layer, clientIf=1
03-11 16:50:06.169  5658  6105 I bt_shim_scanner: system/main/shim/le_scanning_manager.cc:258 ScanFilterAdd: in shim layer
03-11 16:50:06.169  2064  2064 E Diag_Lib: diag: Diag_LSM_Init: invoked for pid: 2064 with init_count: 0
03-11 16:50:06.170  2061  2108 E minksocket: MinkIPC_QRTR_Service: client with node 1 port 45fc went down
03-11 16:50:06.170  2064  2064 E Diag_Lib: diag:failed to connect to diag socket
03-11 16:50:06.170  2064  2064 E Diag_Lib:  Diag_LSM_Init: Failed to open handle to diag driver, error = 13
03-11 16:50:06.170  2064  2064 I sensors-hal: send_sensor_config_request:463, dt=ambient_light: convert sample_period=250000000 to batch_period=250000
03-11 16:50:06.170  2064  2064 I sensors-hal: send_sync_sensor_request:341, send sync request
03-11 16:50:06.170  2064  2064 I sensors-hal: send_sync_sensor_request:367, wait for notification of response
03-11 16:50:06.171  5658  6105 I bt_shim_scanner: system/main/shim/le_scanning_manager.cc:220 ScanFilterParamSetup: in shim layer, clientIf=1
03-11 16:50:06.171  5658  6105 I bt_shim_scanner: system/main/shim/le_scanning_manager.cc:185 Scan: in shim layer started
03-11 16:50:06.171  5658  5907 I bluetooth: system/gd/hci/le_scanning_manager.cc:690 stop_scan: Scanning already stopped, return!
03-11 16:50:06.171  5658  5907 I bluetooth: system/gd/hci/le_address_manager.cc:226 register_client: Scheduled address rotation for first client registered
03-11 16:50:06.171  5658  5907 I bluetooth: system/gd/hci/le_address_manager.cc:229 register_client: Client registered
03-11 16:50:06.171  5658  6105 I bt_shim_scanner: system/main/shim/le_scanning_manager.cc:185 Scan: in shim layer stopped
03-11 16:50:06.171  5658  5907 I bluetooth: system/gd/hci/le_address_manager.cc:244 unregister_client: Client unregistered
03-11 16:50:06.171  5658  5907 I bluetooth: system/gd/hci/le_address_manager.cc:248 unregister_client: Cancelled address rotation alarm
03-11 16:50:06.171  5658  6105 W BtGatt.JNI: android/app/jni/com_android_bluetooth_gatt.cpp:1597 gattSetScanParametersNative: gattSetScanParametersNative
03-11 16:50:06.171  5658  6105 I bt_shim_scanner: system/main/shim/le_scanning_manager.cc:363 SetScanParameters: in shim layer, scannerId=1
03-11 16:50:06.171  5658  6105 I bt_shim_scanner: system/main/shim/le_scanning_manager.cc:185 Scan: in shim layer started
03-11 16:50:06.171  5658  5907 I bluetooth: system/gd/hci/le_scanning_manager.cc:690 stop_scan: Scanning already stopped, return!
03-11 16:50:06.171  5658  5907 I bluetooth: system/gd/hci/le_address_manager.cc:226 register_client: Scheduled address rotation for first client registered
03-11 16:50:06.171  5658  5907 I bluetooth: system/gd/hci/le_address_manager.cc:229 register_client: Client registered
03-11 16:50:06.175 18733 18928 I ThermalEngine: SS:ACTIVE:SS-CPU7:cpu-cluster2=0:FUSE_TEMP=39088
03-11 16:50:06.175  2064 18939 I sensors-hal: ssc_conn_resp_cb:632, resp_value = 0
03-11 16:50:06.175  2064  2064 I sensors-hal: send_sync_sensor_request:373, takes 5 ms to receive the response with 0
03-11 16:50:06.175  2064  2064 I sensors-hal: activate:184, android.sensor.light/51 en=1 completed
03-11 16:50:06.179  2064  2064 I sensors-hal: batch:206, com.motorola.sensor.alternate_light/65959, period=250000000, max_latency=0
03-11 16:50:06.179  2064  2064 I sensors-hal: set_config:61, no need to adjust sample_period_ns due to reporting_mode = 2
03-11 16:50:06.179  2064  2064 I sensors-hal: batch:215, com.motorola.sensor.alternate_light/65959, period=250000000, max_latency=0 request completed
03-11 16:50:06.180  2064  2064 I sensors-hal: activate:173, com.motorola.sensor.alternate_light/65959 en=1
03-11 16:50:06.180  2064  2064 I sensors-hal: get_qmi_debug_flag:239, support_qmi_debug : false
03-11 16:50:06.181  2061  2108 E minksocket: MinkIPC_QRTR_Service: client with node 1 port 45fe went down
03-11 16:50:06.182  2061  2108 E minksocket: MinkIPC_QRTR_Service: client with node 1 port 45ff went down
03-11 16:50:06.182  3163  3231 W AccessibilityWindowsPopulator: The displayInfo of this displayId (0) called back from the surface fligner is null
03-11 16:50:06.182  2061  2108 E minksocket: MinkIPC_QRTR_Service: client with node 1 port 4600 went down
03-11 16:50:06.183  3163  3229 V WindowManager: Content Recording: Display 1 state was (1), is now (1), so update recording?
03-11 16:50:06.183  3163  3229 D CLI/Transition: displaygroup 1, state OFF, pendingdisplaygroup -1
03-11 16:50:06.183  2064  2064 E Diag_Lib: diag: Diag_LSM_Init: invoked for pid: 2064 with init_count: 0
03-11 16:50:06.183  2064  2064 E Diag_Lib: diag:failed to connect to diag socket
03-11 16:50:06.183  2061  2108 E minksocket: MinkIPC_QRTR_Service: client with node 1 port 4601 went down
03-11 16:50:06.183  2064  2064 E Diag_Lib:  Diag_LSM_Init: Failed to open handle to diag driver, error = 13
03-11 16:50:06.184  2064  2064 I sensors-hal: send_sensor_config_request:463, dt=ambient_light_1: convert sample_period=250000000 to batch_period=250000
03-11 16:50:06.184  2064  2064 I sensors-hal: send_sync_sensor_request:341, send sync request
03-11 16:50:06.184  2064  2064 I sensors-hal: send_sync_sensor_request:367, wait for notification of response
03-11 16:50:06.184  2064 18941 I sensors-hal: ssc_conn_resp_cb:632, resp_value = 0
03-11 16:50:06.184  2064  2064 I sensors-hal: send_sync_sensor_request:373, takes 0 ms to receive the response with 0
03-11 16:50:06.184  2064  2064 I sensors-hal: activate:184, com.motorola.sensor.alternate_light/65959 en=1 completed
03-11 16:50:06.185  2064  2064 I sensors-hal: batch:206, android.sensor.magnetic_field/21, period=200000000, max_latency=0
03-11 16:50:06.185  2064  2064 I sensors-hal: set_config:57, sample_period_ns is adjusted to 200000000 based on min/max delay_ns
03-11 16:50:06.185  2064  2064 I sensors-hal: batch:215, android.sensor.magnetic_field/21, period=200000000, max_latency=0 request completed
03-11 16:50:06.185  2064  2064 I sensors-hal: activate:173, android.sensor.magnetic_field/21 en=1
03-11 16:50:06.186  2064  2064 I sensors-hal: get_qmi_debug_flag:239, support_qmi_debug : false
03-11 16:50:06.186  3163  3352 V DisplayPowerController2[0]: Brightness [0.4239344] reason changing to: 'manual', previous reason: 'screen_off'.
03-11 16:50:06.187 18733 18928 I ThermalEngine: SS:ACTIVE:SS-CPU4:cpu-cluster1=0:FUSE_TEMP=39073
03-11 16:50:06.187  2061  2108 E minksocket: MinkIPC_QRTR_Service: client with node 1 port 4603 went down
03-11 16:50:06.187  2061  2108 E minksocket: MinkIPC_QRTR_Service: client with node 1 port 4604 went down
03-11 16:50:06.188  3163  3352 I DisplayPowerController2[0]: 03-11 16:50:06.186 - BrightnessEvent: disp=0, physDisp=local:4630947043778501762, displayState=ON, displayPolicy=BRIGHT, brt=0.4239344, initBrt=0.0, rcmdBrt=NaN, preBrt=NaN, lux=NaN, preLux=NaN, brtNits=116.86553, hdrNits=NaN, initNits=3.1465538, preNits=NaN, rcmdNits=NaN, hdrBrightness=NaN, brt(%)=50%, brtInt=109, hbmPolicy=normal, hbmMax=0.85440856, hbmMode=off, rbcStrength=50, thrmMax=1.0, powerFactor=1.0, wasShortTermModelActive=false, flags=invalid_lux , reason=manual, autoBrightness=true, strategy=InvalidBrightnessStrategy, autoBrightnessMode=default
03-11 16:50:06.189  2064  2064 E Diag_Lib: diag: Diag_LSM_Init: invoked for pid: 2064 with init_count: 0
03-11 16:50:06.189  2064  2064 E Diag_Lib: diag:failed to connect to diag socket
03-11 16:50:06.189  3163  5305 D PowerManagerService: nativeSetPowerMode ret:false mode:9 enabled:false duration ms: 0
03-11 16:50:06.189  2064  2064 E Diag_Lib:  Diag_LSM_Init: Failed to open handle to diag driver, error = 13
03-11 16:50:06.189  2061  2108 E minksocket: MinkIPC_QRTR_Service: client with node 1 port 4605 went down
03-11 16:50:06.189  2061  2108 E minksocket: MinkIPC_QRTR_Service: client with node 1 port 4606 went down
03-11 16:50:06.189  3163  5305 D TouchHwAidlService: setDisplayState: mScreenOff=false
03-11 16:50:06.189  3163  5305 D LocalDisplayAdapter: setDisplayPowerMode mode=2 for display=android.os.BinderProxy@d90d011
03-11 16:50:06.190  2064  2064 I sensors-hal: get_qmi_debug_flag:239, support_qmi_debug : false
03-11 16:50:06.191  2723  9652 E VendorTagDescriptor: lookupTag: Tag name 'support_get_property_2_0' does not exist.
03-11 16:50:06.191  2061  2108 E minksocket: MinkIPC_QRTR_Service: client with node 1 port 4608 went down
03-11 16:50:06.191  2061  2108 E minksocket: MinkIPC_QRTR_Service: client with node 1 port 4609 went down
03-11 16:50:06.192  7545  7545 I FileStationLog: [ FS_h$a ] - [Display] Changed display: 1
03-11 16:50:06.192  2061  2108 E minksocket: MinkIPC_QRTR_Service: client with node 1 port 460a went down
03-11 16:50:06.193  2064  2064 E Diag_Lib: diag: Diag_LSM_Init: invoked for pid: 2064 with init_count: 0
03-11 16:50:06.193  7545  7545 I FileStationLog: [ FS_h$a ] - [Display] Ignoring change for non-default/desktop display: 1
03-11 16:50:06.193  2064  2064 E Diag_Lib: diag:failed to connect to diag socket
03-11 16:50:06.193  2061  2108 E minksocket: MinkIPC_QRTR_Service: client with node 1 port 460b went down
03-11 16:50:06.193  2064  2064 E Diag_Lib:  Diag_LSM_Init: Failed to open handle to diag driver, error = 13
03-11 16:50:06.193  2064  2064 I sensors-hal: send_sensor_config_request:395, resampler is used, set resampler config
03-11 16:50:06.193  2064  2064 I sensors-hal: send_sync_sensor_request:341, send sync request
03-11 16:50:06.193  2064  2064 I sensors-hal: send_sync_sensor_request:367, wait for notification of response
03-11 16:50:06.197  2064 18946 I sensors-hal: ssc_conn_resp_cb:632, resp_value = 0
03-11 16:50:06.197  2064  2064 I sensors-hal: send_sync_sensor_request:373, takes 3 ms to receive the response with 0
03-11 16:50:06.197  2064  2064 I sensors-hal: activate:294, mag_filter is enabled
03-11 16:50:06.197  2064  2064 I sensors-hal: activate:184, android.sensor.magnetic_field/21 en=1 completed
03-11 16:50:06.197  2064  2064 I sensors-hal: batch:206, android.sensor.magnetic_field/21, period=20000000, max_latency=0
03-11 16:50:06.198  2064  2064 I sensors-hal: set_config:57, sample_period_ns is adjusted to 20000000 based on min/max delay_ns
03-11 16:50:06.198  2064  2064 I sensors-hal: send_sensor_config_request:395, resampler is used, set resampler config
03-11 16:50:06.198  2064  2064 I sensors-hal: send_sync_sensor_request:341, send sync request
03-11 16:50:06.198  2064  2064 I sensors-hal: send_sync_sensor_request:367, wait for notification of response
03-11 16:50:06.198  2064 18946 I sensors-hal: ssc_conn_resp_cb:632, resp_value = 0
03-11 16:50:06.198  2064  2064 I sensors-hal: send_sync_sensor_request:373, takes 0 ms to receive the response with 0
03-11 16:50:06.198  2064  2064 I sensors-hal: batch:215, android.sensor.magnetic_field/21, period=20000000, max_latency=0 request completed
03-11 16:50:06.199  3163  3352 D BrightnessThermalClamper: Thermal status observer already started
03-11 16:50:06.199  3163  3352 D BrightnessThermalClamper: Thermal status observer already started
03-11 16:50:06.201  2300  2300 E Scheduler: trackPendingFrame: Invalid present fence
03-11 16:50:06.201  2064 18943 I sensors-hal: handle_indication_realtime:467,  SCHED_FIFO(10) for qmi_cbk
03-11 16:50:06.202  2067  2067 D AHAL: AudioDevice: SetParameters: 1564: enter: mic_rotation=180
03-11 16:50:06.203  2067  2067 D AHAL: AudioVoice: VoiceSetParameters: 87: Enter params: mic_rotation=180
03-11 16:50:06.203  2067  2067 D AHAL: AudioVoice: VoiceSetParameters: 360: Exit ret: 0
03-11 16:50:06.203  2067  2067 D AHAL: FM: fm_set_parameters: 262: Enter
03-11 16:50:06.203  2067  2067 D AHAL: FM: fm_set_parameters: 320: exit
03-11 16:50:06.203  2067  2067 I AHAL: AudioDevice: SetParameters: 2223: mic_rotation: 180
03-11 16:50:06.203  2067  2067 D AHAL: AudioDevice: SetParameters: 2361: exit: mic_rotation=180
03-11 16:50:06.203  2064 18946 I sensors-hal: handle_indication_realtime:467,  SCHED_FIFO(10) for qmi_cbk
03-11 16:50:06.203  3163  3231 W AccessibilityWindowsPopulator: The displayInfo of this displayId (0) called back from the surface fligner is null
03-11 16:50:06.204  3163  5158 D WifiStaIfaceHidlImpl: getCachedScanData is not implemented by HIDL
03-11 16:50:06.206  3163  3231 I DisplayDeviceRepository: Display device changed state: "Built-in Screen", ON
03-11 16:50:06.206  2300  2300 D SurfaceFlinger: Setting power mode 2 on display 4630947043778501762
03-11 16:50:06.210  3163  3163 I BrightnessSynchronizer: New Update: {[13182] 0.4239344(f), mUpdatedTypes=0, mConfirmedTypes=0, mTimeUpdated=0, mState=2}
03-11 16:50:06.210  2300  2300 I Scheduler: Display 4630947043778501762 is the pacesetter
03-11 16:50:06.210  2300  2300 I Scheduler: promotePacesetterDisplayLocked, mAcceptScrollEvent=1
03-11 16:50:06.210  2300  2300 I Scheduler: promotePacesetterDisplayLocked, mAcceptTouchNotBoostEvent=0
03-11 16:50:06.211  3163  7400 W AccessibilityWindowsPopulator: The displayInfo of this displayId (0) called back from the surface fligner is null
03-11 16:50:06.211  2300  2300 D SurfaceFlinger: Setting desired display mode specs: {0, false, PR={p[24.00-120.00]Hz, r[24.00-120.00]Hz}, AR={p[0.00-120.00]Hz, r[0.00-120.00]Hz}} for display 4630947043778501762
03-11 16:50:06.211  2300  2300 I SurfaceFlinger: Switching to Scheduler preferred mode 4 (90.00 Hz) for display 4630947043778501762
03-11 16:50:06.211  2300  2300 D DisplayModeController: setDesiredMode 4630947043778501762 {mode={fps=90.00 Hz, modePtr={id=4, vsyncRate=90.00 Hz, peakRefreshRate=90.00 Hz}}, emitEvent=true, force=false}
03-11 16:50:06.211  3163  4298 I ImeTracker: app.organicmaps:ad33bd8: onRequestHide at ORIGIN_SERVER reason HIDE_ALWAYS_HIDDEN_STATE fromUser false
03-11 16:50:06.212  3163  4298 I ImeTracker: app.organicmaps:ad33bd8: onCancelled at PHASE_SERVER_SHOULD_HIDE
03-11 16:50:06.212  2195  2392 I SDM     : DisplayBase::SetDisplayState: Set state = 1, display 57-0, teardown = 0
03-11 16:50:06.213  2195  2392 I SDM     : HWDeviceDRM::NullCommit: Null commit succeeded crtc=141
03-11 16:50:06.219  3163  3231 I InputManager-JNI: Viewport [0] to add: local:4630947043778501762, isActive: true
03-11 16:50:06.219  3163  3231 I InputManager-JNI: Viewport [1] to add: local:4630947043778501763, isActive: false
03-11 16:50:06.220  3163  4285 I InputReader: Reconfiguring input devices, changes=DISPLAY_INFO
03-11 16:50:06.220  3163  4285 I InputReader: Device reconfigured: id=7, name='goodix_ts', size 1080x2640, orientation Rotation0, mode DIRECT, display id 0
03-11 16:50:06.220  3163  4285 I InputReader: Disabling zinitix_mt (device 6) because the associated viewport is not active
03-11 16:50:06.220  3163  3232 I DisplayDevice: [0] Layerstack set to 0 for local:4630947043778501762 mDisplayToken=android.os.BinderProxy@d90d011 t=Transaction{mNativeObject=-5476376673043675440, mHashCode=0}
03-11 16:50:06.221  3163  5158 D WifiStaIfaceHidlImpl: getCachedScanData is not implemented by HIDL
03-11 16:50:06.222  2067  2067 D AHAL: AudioDevice: SetParameters: 1564: enter: screen_state=on
03-11 16:50:06.222  2067  2067 D AHAL: AudioVoice: VoiceSetParameters: 87: Enter params: screen_state=on
03-11 16:50:06.222  2067  2067 D AHAL: AudioVoice: VoiceSetParameters: 360: Exit ret: 0
03-11 16:50:06.222  2067  2067 D AHAL: FM: fm_set_parameters: 262: Enter
03-11 16:50:06.222  2067  2067 D AHAL: FM: fm_set_parameters: 320: exit
03-11 16:50:06.222  2067  2067 D AHAL: AudioDevice: SetParameters: 1625:  - screen = on
03-11 16:50:06.222  2067  2067 I PAL: ResourceManager: setParameter: 8311: Screen State:1
03-11 16:50:06.222  2067  2067 D AHAL: AudioDevice: SetParameters: 2361: exit: screen_state=on
03-11 16:50:06.222  3163  3229 W WindowManager: All windows drawn on display -1
03-11 16:50:06.222  3163  3229 D WindowManager: finishScreenTurningOn..
03-11 16:50:06.222  3163  3229 D WindowManager: enableScreen mKeyguardDrawnOnce=true awake=true mBootMessageNeedsHiding=false
03-11 16:50:06.222  3163  3229 D CLI/Transition: displaygroup 0, state ON, pendingdisplaygroup -1
03-11 16:50:06.223  3163  3227 D TouchHwAidlService: updateDefaultDisplayState: mScreenOn=true
03-11 16:50:06.226  5658  6105 I bt_shim_scanner: system/main/shim/le_scanning_manager.cc:185 Scan: in shim layer stopped
03-11 16:50:06.226  5658  5907 I bluetooth: system/gd/hci/le_address_manager.cc:244 unregister_client: Client unregistered
03-11 16:50:06.226  5658  6105 W BtGatt.JNI: android/app/jni/com_android_bluetooth_gatt.cpp:1597 gattSetScanParametersNative: gattSetScanParametersNative
03-11 16:50:06.226  5658  6105 I bt_shim_scanner: system/main/shim/le_scanning_manager.cc:363 SetScanParameters: in shim layer, scannerId=1
03-11 16:50:06.226  5658  5907 I bluetooth: system/gd/hci/le_address_manager.cc:248 unregister_client: Cancelled address rotation alarm
03-11 16:50:06.227 28905 28905 I NearbyDiscovery: (REDACTED) FastPairDisplayObserver: %s -> %s
03-11 16:50:06.227  5625  5625 I KgdSliceProvider: The weather info has not change, does not need to be updated. mTempF=-999 iconNumber=-999 celsius=true
03-11 16:50:06.227  5658  6105 I bt_shim_scanner: system/main/shim/le_scanning_manager.cc:185 Scan: in shim layer started
03-11 16:50:06.228 26976 27604 D MCLOG   : [BrightnessTrigger] onDisplayChanged displayId = 0
03-11 16:50:06.228  5658  5907 I bluetooth: system/gd/hci/le_scanning_manager.cc:690 stop_scan: Scanning already stopped, return!
03-11 16:50:06.228  5658  5907 I bluetooth: system/gd/hci/le_address_manager.cc:226 register_client: Scheduled address rotation for first client registered
03-11 16:50:06.228  5658  5907 I bluetooth: system/gd/hci/le_address_manager.cc:229 register_client: Client registered
03-11 16:50:06.228  7545  7545 I FileStationLog: [ FS_h$a ] - [Display] Changed display: 0
03-11 16:50:06.229  7545  7545 I FileStationLog: [ FS_h ] - [Logic] Retrieved display info: LogicDisplayInfo(width=1080, height=2640, orientation=1, rotation=0, displayId=0)
03-11 16:50:06.229  7545  7545 I FileStationLog: [ FS_h$a ] - [Display] New logical size: 1080x2640
03-11 16:50:06.229  7545  7545 I FileStationLog: [ FS_h$a ] - [Display] Screen width unchanged: 1080
03-11 16:50:06.230 26976 27604 D MCLOG   : [BrightnessManager] displayId = 0 brightness = 0.4239344 nit = 116.86553 level = br2
03-11 16:50:06.232 28905 29391 I NearbyDiscovery: (REDACTED) PureOffloadFastPairScanner: eventType=%s, isInternalReq=%s, isScanning=%s, isScanningAllowed=%s
03-11 16:50:06.233 28905 29391 I NearbyDiscovery: (REDACTED) ApFastPairScanner: isScreenOn=%s, isLocationEnabled=%s, disableLocationRequirement=%s, isDiscoveryScanningEnabled=%s, during24GhzWifiWarmingUpPeriod=%s
03-11 16:50:06.233 28905 29391 D BluetoothAdapter: isLeEnabled(): ON
03-11 16:50:06.233  2064 18834 I sensors-hal: handle_indication_realtime:467,  SCHED_FIFO(10) for qmi_cbk
03-11 16:50:06.233 28905 29391 I NearbyDiscovery: (REDACTED) ApFastPairScanner: eventType=%s, intReq=%s, scanning=%s, scanAllowed=%s, bleEnabled=%s, lockScanRate=%s, startScanningByLowPowerMode=%s
03-11 16:50:06.233  2064  2064 I sensors-hal: batch:206, android.sensor.light/51, period=200000000, max_latency=0
03-11 16:50:06.233  2064  2064 I sensors-hal: set_config:61, no need to adjust sample_period_ns due to reporting_mode = 2
03-11 16:50:06.233  2064  2064 I sensors-hal: send_sensor_config_request:463, dt=ambient_light: convert sample_period=200000000 to batch_period=200000
03-11 16:50:06.233  2064  2064 I sensors-hal: send_sync_sensor_request:341, send sync request
03-11 16:50:06.234  2064  2064 I sensors-hal: send_sync_sensor_request:367, wait for notification of response
03-11 16:50:06.234  2064 18939 I sensors-hal: ssc_conn_resp_cb:632, resp_value = 0
03-11 16:50:06.235  2064 18939 I sensors-hal: handle_indication_realtime:467,  SCHED_FIFO(10) for qmi_cbk
03-11 16:50:06.235  2064  2064 I sensors-hal: send_sync_sensor_request:373, takes 1 ms to receive the response with 0
03-11 16:50:06.235  2064  2064 I sensors-hal: batch:215, android.sensor.light/51, period=200000000, max_latency=0 request completed
03-11 16:50:06.235  2064 18941 I sensors-hal: handle_indication_realtime:467,  SCHED_FIFO(10) for qmi_cbk
03-11 16:50:06.236 10834 10834 I GoogleInputMethodService: GoogleInputMethodService.onCreate():612 
03-11 16:50:06.238  3163  3231 W AccessibilityWindowsPopulator: The displayInfo of this displayId (0) called back from the surface fligner is null
03-11 16:50:06.238  3163  3231 W AccessibilityWindowsPopulator: The displayInfo of this displayId (0) called back from the surface fligner is null
03-11 16:50:06.239  3163  5203 I WifiDataStallService: onCapabilitiesChanged NET_CAPABILITY_VALIDATED=true
03-11 16:50:06.239  3163  5203 I WifiDataStallService: WIFI state:true
03-11 16:50:06.239  3163  5203 I WifiDataStallService: WIFI valid state:true
03-11 16:50:06.239  3163  5203 I WifiDataStallService: on-off:false,mScreenOn:true
03-11 16:50:06.239  3163  3231 D PanelsService: updateDefaultDisplayState: mScreenState=ON
03-11 16:50:06.240  3163  3231 W ServiceManagerCppClient: Failed to get isDeclared for com.motorola.hardware.display.panel.IDisplayPanel/default: Status(-1, EX_SECURITY): 'SELinux denied.'
03-11 16:50:06.240  3163  3231 D DisplayPanelService: Setting panel dc mode: 0
03-11 16:50:06.241  2090  2090 I DisplayPanel: setDcMode: DC mode = OFF
03-11 16:50:06.241  2090  2090 D DisplayPanel: setParam: Success set DC to 0 for Primary display
03-11 16:50:06.241  3163  3163 D WiFiBlocklistController: Wifi onCapabilitiesChanged
03-11 16:50:06.241  3163  3163 D WiFiBlocklistController: Default net onCapabilitiesChanged
03-11 16:50:06.241  3163  3163 D WiFiBlocklistController: updateDefaultNet:141
03-11 16:50:06.241  3163  3163 D WiFiBlocklistController: mayUpdateNotification: shouldShow=false,UidsBlocked=false, net info=net:141,ifName=wlan0,securityType=3,isDefault=true,ssid="MSU-Secure",notificationId=0
03-11 16:50:06.242  2064  4171 D slpi    : ICM201XX fac_cal bias -0.083130, ver 1, modity_time 1737182339, Sat Jan 18 01:38:59 2025
03-11 16:50:06.244  5693  6968 D QCNEJ/NativeHalConnector: -> SND notifyDefaultNetworkChanged(1)
03-11 16:50:06.247  7091 21947 I ModemStats: [DataStallDetectService] onCapabilitiesChanged networkCapabilities=[ Transports: WIFI Capabilities: NOT_METERED&INTERNET&NOT_RESTRICTED&TRUSTED&NOT_VPN&VALIDATED&NOT_ROAMING&FOREGROUND&NOT_CONGESTED&NOT_SUSPENDED&NOT_VCN_MANAGED&NOT_BANDWIDTH_CONSTRAINED LinkUpBandwidth>=49642Kbps LinkDnBandwidth>=93017Kbps TransportInfo: <SSID: <unknown ssid>, BSSID: 02:00:00:00:00:00, MAC: 02:00:00:00:00:00, IP: /10.17.183.17, Security type: 3, Supplicant state: COMPLETED, Wi-Fi standard: 11ax, RSSI: -57, Link speed: 573Mbps, Tx Link speed: 573Mbps, Max Supported Tx Link speed: 573Mbps, Rx Link speed: 275Mbps, Max Supported Rx Link speed: 573Mbps, Frequency: 5220MHz, Net ID: -1, Metered hint: false, score: 60, isUsable: true, CarrierMerged: false, SubscriptionId: -1, IsPrimary: -1, Trusted: true, Restricted: false, Ephemeral: false, OEM paid: false, OEM private: false, OSU AP: false, FQDN: <none>, Provider friendly name: <none>, Requesting package name: <none><none>MLO Information: , Is TID-To-Link negotiation supported by the AP: false, AP MLD Address: <none>, AP MLO Link Id: <none>, AP MLO Affiliated links: <none>, Vendor Data: <none>> SignalStrength: -57 UnderlyingNetworks: Null]
03-11 16:50:06.247  7091 21947 I ModemStats: [DataStallDetectService] onCapabilitiesChanged NET_CAPABILITY_VALIDATED=true
03-11 16:50:06.247  7091 21947 I ModemStats: [DataStallDetectService] onCapabilitiesChanged mDataStallManager.mDataStallInstance=null
03-11 16:50:06.247  7091 21947 I ModemStats: [DataStallDetectService] onCapabilitiesChanged mDataStallSmart5gManager.mDataStallInstance=null
03-11 16:50:06.249  6932  7504 I BugleRcsEngine: Connected state: [1], networkType: [WIFI] [CONTEXT thread_id=54 ]
03-11 16:50:06.249  6932  8142 I BugleRcsEngine: handleMessage processing message:[NOTIFY_UPTIME_IGNORE_STATE_CHANGED] with [non-null]:RcsEngineImpl reference [CONTEXT log_prefix="RcsEngineImpl[DUAL_REG]:[82ee5969-a086]>Handler" thread_id=61 ]
03-11 16:50:06.250  6932  8142 I BugleRcsEngine: Cannot use CS.apk as it's battery optimized [CONTEXT thread_id=61 ]
03-11 16:50:06.250  5802  6607 E PhoneInterfaceManager: getCarrierPrivilegeStatusForUid: Invalid subId
03-11 16:50:06.251 10834 10834 I GoogleInputMethodService: GoogleInputMethodService.onCreate():636 Maybe update OEM display config because of service creation
03-11 16:50:06.251 10834 10834 I DeviceModeModule: DeviceModeModule.calculateAndNotify():224 Device mode 'phone' from display metrics 'DisplayMetrics{density=0.0, width=1080, height=2640, scaledDensity=0.0, xdpi=397.565, ydpi=435.428}' or smallestScreenWidthDp: 411
03-11 16:50:06.251 10834 10834 I WindowMetricsNotification: WindowMetricsNotification.notify():159 pup[bounds=Rect(0, 108 - 1080, 2640), insets=Rect(0, 0 - 0, 0), densityDpi=420, smallestScreenWidthDp=411, displayWidth=1080, displayHeight=2640, xdpi=397.565, ydpi=435.428, isTrustable=true, displayId=0]; DisplayMetrics{density=2.625, width=1080, height=2640, scaledDensity=2.625, xdpi=397.565, ydpi=435.428}
03-11 16:50:06.251 10834 10834 I WindowMetricsHelper: WindowMetricsHelper.predictAndNotify():145 Window metrics predicted.
03-11 16:50:06.252 10834 10834 I InputMethodEntryManager: InputMethodEntryManager.notifyCurrentInputMethodEntryOnContextChanged():545 notifyCurrentInputMethodEntryOnContextChanged()
03-11 16:50:06.252 10834 10834 I InputMethodEntryManager: InputMethodEntryManager.notifyCurrentInputMethodEntryOnContextChanged():566 Notify current input method entry changed on context change
03-11 16:50:06.252 10834 10834 I KeyboardContextProvider: KeyboardContextProvider.setBaseContextAndInvalidKeyboardContextCache():88 setBaseContextAndInvalidKeyboardContextCache(): com.android.inputmethod.latin.LatinIME@a030fb8
03-11 16:50:06.253 10834 10834 E GoogleInputMethodService: GoogleInputMethodService.getAppEditorInfo():1875 App EditorInfo should never be null.
03-11 16:50:06.254 28905 28919 I NullBinder: NullBinder for android.net.action.RECOMMEND_NETWORKS triggering remote TransactionTooLargeException due to Service without Chimera impl, calling uid: 1000, calling pid: 0
03-11 16:50:06.255 10834 10834 I KeyboardThemeProvider: KeyboardThemeProvider.applyKeyboardTheme():27 Apply keyboard theme: theme,!gsf,!pgsans,!pgsf,!use_system_font,BORDER,FLAVOR_DPI=XXHDPI,GOOGLE_ICONS,KEYBOARD_WIDTH_CATEGORY=NORMAL,KEY_BORDER_SHAPE=1,LIGHT_THEME=false,PHYSICAL_DIAGONAL=6.5540767,POPUP,SCREEN_SHORTEST_WIDTH=411,SCREEN_SHORTEST_WIDTH_NO_SCALE=411,SW400DP,XXHDPI,bottom4dp,enable_google_fonts_icons=true,enable_popup_on_keypress=true,keyboard_redesign_google_sans=true,non_linear_scale,noshadow,overlay_builtin_dynamic_color_dark_base.binarypb:gm3-dark-ff0f1417-ff81cfff-a0bba153472d40c3fd5169df1c3927bf,silkpopup
03-11 16:50:06.255 10834 10834 I KeyboardContextProvider: KeyboardContextProvider$KeyboardContextCache.createKeyboardContext():173 createKeyboardContext(): en-US, lew@6c9cbda(com.android.inputmethod.latin.LatinIME@a030fb8), {1.0 ?mcc0mnc [en_US] ldltr sw411dp w411dp h1006dp 420dpi nrml long layoutCompatNeeded port night finger -keyb/v/h -nav/h winConfig={ mBounds=Rect(0, 0 - 1080, 2640) mAppBounds=Rect(0, 0 - 1080, 2640) mMaxBounds=Rect(0, 0 - 1080, 2640) mDisplayRotation=ROTATION_0 mWindowingMode=fullscreen mActivityType=undefined mAlwaysOnTop=undefined mRotation=ROTATION_0} as.2 s.35 fontWeightAdjustment=0 ?spn ?gid}
03-11 16:50:06.255 10834 10834 I GoogleInputMethodService: GoogleInputMethodService.onCurrentInputMethodEntryChanged():2345 onCurrentInputMethodEntryChanged(): imeDefsChanged=false, entryLanguageVariantChanged=true, keyboardContextChanged=true
03-11 16:50:06.255 10834 10834 I GoogleInputMethodService: GoogleInputMethodService.clearInputMethodServiceData():1030 clearInputMethodServiceData for entryChange
03-11 16:50:06.255 10834 10834 I GoogleInputMethodService: GoogleInputMethodService.initializeInputMethodServiceData():854 initializeInputMethodServiceData for mff{languageTag=en-US, variant=qwerty, hasLocalizedResources=true, conditionCacheKey=_android_software_xr_api_spatial=false_app_first_start_timestamp=1696477746690_cache_additional_ime_defs_for_condition_change=false_cache_ime_defs_for_condition_change=false_deprecate_long_press_space_for_ime_picker=false_device=phone_device_size=default_enable_correction_settings_updates=true_enable_flick_symbols=true_enable_more_candidates_view_for_multilingual=false_enable_number_row=false_enable_number_row_in_password=true_enable_pk_simulator=false_enable_pk_simulator_setting=false_enable_preemptive_decode=true_enable_scrub_move=true_enable_secondary_digits=true_enable_secondary_symbols=false_expressions=normal_four_or_more_letter_rows=false_keyboard_mode=normal_language=en-US_layout_9key_split=false_orientation=portrait_physical_keyboard=nokeys_pk_simulator_vk_ready=false_pref_enable_flick_symbols=false_rtl_layout=false_show_comma_key=true_show_period_key=true_show_secondary_digits=true_show_suggestion_strip=true_show_suggestions=true_split_with_duplicate_keys=true_true=true_variant=qwerty_writing_helper_enable_by_word_revert=false, imeDef.stringId=ime_english_united_states, imeDef.className=com.google.android.apps.inputmethod.libs.latin5.LatinIme, imeDef.languageTag=en-US}
03-11 16:50:06.255 10834 10834 E GoogleInputMethodService: GoogleInputMethodService.getAppEditorInfo():1875 App EditorInfo should never be null.
03-11 16:50:06.257 28905 28919 W Binder  : reply too large data on java level: InterfaceDescriptor = null, code = 1
03-11 16:50:06.258 28905 28919 W .gms.persistent: Large reply transaction of 1056768 bytes, interface descriptor , code 1
03-11 16:50:06.258 10834 10834 I KeyboardThemeProvider: KeyboardThemeProvider.applyKeyboardTheme():27 Apply keyboard theme: theme,!gsf,!pgsans,!pgsf,!use_system_font,BORDER,FLAVOR_DPI=XXHDPI,GOOGLE_ICONS,KEYBOARD_WIDTH_CATEGORY=NORMAL,KEY_BORDER_SHAPE=1,LIGHT_THEME=false,PHYSICAL_DIAGONAL=6.5540767,POPUP,SCREEN_SHORTEST_WIDTH=411,SCREEN_SHORTEST_WIDTH_NO_SCALE=411,SW400DP,XXHDPI,bottom4dp,enable_google_fonts_icons=true,enable_popup_on_keypress=true,keyboard_redesign_google_sans=true,non_linear_scale,noshadow,overlay_builtin_dynamic_color_dark_base.binarypb:gm3-dark-ff0f1417-ff81cfff-a0bba153472d40c3fd5169df1c3927bf,silkpopup
03-11 16:50:06.258 10834 10834 I AndroidIME: InputBundleManager.loadActiveInputBundleId():528 loadActiveInputBundleId: und-Latn-x-password, password
03-11 16:50:06.259 10834 10834 I HardKeyTracker: HardKeyTracker.registerKeySequence():170 Register key sequence nul{labelResId=2132020475, callback=cnx@8f16a56, lastModifier=2, keyCodes=[47], actions=[0]}
03-11 16:50:06.259 10834 10834 I HardKeyTracker: HardKeyTracker.registerKeySequence():170 Register key sequence nul{labelResId=0, callback=lkj@fc97ead, lastModifier=0, keyCodes=[204], actions=[0]}
03-11 16:50:06.262 10834 10834 I Module  : DeviceLockedStatusModuleProvider$Module.updateDeviceLockedStatus():103 repeatCheckTimes = 0, locked = false
03-11 16:50:06.263 18733 18927 E ThermalEngine: First running, skip
03-11 16:50:06.263 18733 18927 I ThermalEngine: Monitor:ACTIVE:OVERRIDE-CHG:internal_override=1:DETECT-STANDBY=1
03-11 16:50:06.263 18733 18927 I ThermalEngine: ACTION: override_c - Setting override_c to 1
03-11 16:50:06.263 18733 18926 I ThermalEngine: Thermal-Server: Thermal received msg from  override_c
03-11 16:50:06.263 18733 18950 I Thermal-Lib: Thermal-Lib-Client: Client request sent
03-11 16:50:06.264 10834 10834 I PersonalizeTopBarHandler: PersonalizeTopBarHandler.loadPersonalizedAccessPoints():110 Load remained access points null
03-11 16:50:06.264 10834 14586 I NewS3RecognizerModule: NewS3RecognizerModule.onCreate():21 onCreate [news3]
03-11 16:50:06.264 10834 10834 I UniversalDictationExtension: UniversalDictationExtension.onCreateExtension():66 onCreate [UD]
03-11 16:50:06.264 10834 14586 I KeyboardGroupDefParser: KeyboardGroupDefParser.parseKeyboardGroupDef():86 parseKeyboardGroupDef() 2132213760 -> 0_resource_name_obfuscated : WaitTime = 0 ms : RunTime = 0 ms
03-11 16:50:06.264 10834 14586 I JapaneseMozcExtension: JapaneseMozcExtension.onCreate():44 
03-11 16:50:06.265 10834 10962 I SP      : Registering emoticon_content_description.2022081613, url: https://www.gstatic.com/android/keyboard/emoticon_content_desc/202208161305/superpacks_manifest.json, constraints: W:*:*:*, flags: bg, requested: 2022081613, current: 2022081613
03-11 16:50:06.265 10834 10834 I NetworkInfoNotification: NetworkInfoNotification$Listener.onReceive():107 onNetworkAvailable: networkState = NON_METERED, isAirplaneModeOn = false
03-11 16:50:06.266 10834 14659 I NetworkInfoNotification: NetworkInfoNotification$Listener.onReceive():107 onNetworkAvailable: networkState = NON_METERED, isAirplaneModeOn = false
03-11 16:50:06.266 10834 12057 I ContentCacheModule: ContentCacheModule.onCreate():168 ContentCacheModule is created.
03-11 16:50:06.266 10834 10962 I SP      : Registering emoticon_content_description.2022081613, url: https://www.gstatic.com/android/keyboard/emoticon_content_desc/202208161305/superpacks_manifest.json, constraints: W:*:*:*, flags: bg, requested: 2022081613, current: 2022081613
03-11 16:50:06.267 10834 10996 I InputActionMetricsProcessor: InputActionMetricsProcessor.onAttached():104 Attached to metrics manager.
03-11 16:50:06.267 10834 10996 W MetricsManager: MetricsManager.addProcessorImpl():551 Processor gfj@a3a1c7f already exists.
03-11 16:50:06.268 10834 10834 I Environment: Environment.isPackageInstalled():302 com.bitstrips.imoji is not installed
03-11 16:50:06.268 10834 10962 I SP      : Syncing emoticon_content_description (2022081613) with slices: [7a635888cb828dfa2fc744b7b9b50f04], metadata: false
03-11 16:50:06.269 10834 10834 I AbstractOpenableExtension: AbstractOpenableExtension.createKeyboardGroupManagerListenableFuture():121 Create keyboard group manager listenable future in ezz
03-11 16:50:06.269 10834 10834 I EmojifyExtensionImpl: EmojifyExtensionImpl.onCreate():604 Creating Emojify extension ezf@f4e594d.
03-11 16:50:06.269 10834 10834 I AbstractOpenableExtension: AbstractOpenableExtension.createKeyboardGroupManagerListenableFuture():121 Create keyboard group manager listenable future in hme
03-11 16:50:06.269 10834 14659 I KeyboardGroupDefParser: KeyboardGroupDefParser.parseKeyboardGroupDef():86 parseKeyboardGroupDef() 2132213997 -> 0_resource_name_obfuscated : WaitTime = 0 ms : RunTime = 0 ms
03-11 16:50:06.270 10834 12056 I Environment: Environment.isPackageInstalled():302 com.bitstrips.imoji is not installed
03-11 16:50:06.270 10834 14887 I KeyboardGroupDefParser: KeyboardGroupDefParser.parseKeyboardGroupDef():86 parseKeyboardGroupDef() 2132213998 -> 0_resource_name_obfuscated : WaitTime = 0 ms : RunTime = 1 ms
03-11 16:50:06.271  2068  6060 I vendor.qti.bluetooth@1.0-ibs_handler: ProcessIbsCmd: Received IBS_SLEEP_IND: 0xFE
03-11 16:50:06.274 10834 10834 I AppBase : AppBase.onTrimMemory():427 onTrimMemory(): 40
