03-11 16:50:05.642  3163  4132 E WindowManager: Dream packageName does not match active dream. Package com.motorola.mobiledesktop.core does not match ComponentInfo{com.android.systemui/com.android.systemui.doze.DozeService}
03-11 16:50:05.642  7545  7545 I FileStationLog: [ FS_h$a ] - [Display] Ignoring change for non-default/desktop display: 1
03-11 16:50:05.647  2300  2300 E Scheduler: trackPendingFrame: Invalid present fence
03-11 16:50:05.655  3163  7474 W InputDispatcher: Focused display #1 does not have a focused window.
03-11 16:50:05.656  3163  3231 W AccessibilityWindowsPopulator: The displayInfo of this displayId (0) called back from the surface fligner is null
03-11 16:50:05.656  3163  3231 V WindowManager: Unknown focus tokens, dropping reportFocusChanged
03-11 16:50:05.658  6344  6344 W libc    : Access denied finding property "vendor.display.enable_optimal_refresh_rate"
03-11 16:50:05.658  6344  6344 W libc    : Access denied finding property "vendor.gpp.create_frc_extension"
03-11 16:50:05.663 12395 12395 D BoundBrokerSvc: onBind: Intent { act=com.google.android.gms.measurement.START pkg=com.google.android.gms }
03-11 16:50:05.663 12395 12395 D BoundBrokerSvc: Loading bound service for intent: Intent { act=com.google.android.gms.measurement.START pkg=com.google.android.gms }
03-11 16:50:05.665  2300  2300 E Scheduler: trackPendingFrame: Invalid present fence
03-11 16:50:05.676 12395 18726 D AdvertisingIdClient: AdvertisingIdClient already created.
03-11 16:50:05.676 12395 18726 D AdvertisingIdClient: AdvertisingIdClient is not bounded. Starting to bind it...
03-11 16:50:05.678 12395 18726 D AdvertisingIdClient: AdvertisingIdClient is bounded
03-11 16:50:05.681 12395 18726 I AdvertisingIdClient: shouldSendLog 190727529
03-11 16:50:05.681 12395 18726 I AdvertisingIdClient: GetInfoInternal elapse 4ms
03-11 16:50:05.681  2300  2300 E Scheduler: trackPendingFrame: Invalid present fence
03-11 16:50:05.683  2064  4171 D slpi    : tmd2712: Als lux: 167.20, ch0: 2883, ch1: 55, scale: 1.08, atime:50.04, again:1024
03-11 16:50:05.699  2300  2300 E Scheduler: trackPendingFrame: Invalid present fence
03-11 16:50:05.703  3163  4298 I ImeTracker: com.motorola.launcher.secondarydisplay:88ab6466: onRequestHide at ORIGIN_SERVER reason HIDE_UNSPECIFIED_WINDOW fromUser false
03-11 16:50:05.703  3163  4298 I ImeTracker: com.motorola.launcher.secondarydisplay:88ab6466: onCancelled at PHASE_SERVER_SHOULD_HIDE
03-11 16:50:05.703 17875 17875 D InsetsController: hide(ime(), fromIme=true)
03-11 16:50:05.704 10834 10834 I GoogleInputMethodService: GoogleInputMethodService.onFinishInput():2097 
03-11 16:50:05.704 17875 17875 I ImeTracker: app.organicmaps:289fd468: onRequestHide at ORIGIN_CLIENT reason HIDE_SOFT_INPUT_BY_INSETS_API fromUser false
03-11 16:50:05.705 10834 10834 I Module  : DeviceLockedStatusModuleProvider$Module.updateDeviceLockedStatus():103 repeatCheckTimes = 0, locked = false
03-11 16:50:05.705 17875 17875 I ImeTracker: app.organicmaps:289fd468: onCancelled at PHASE_CLIENT_APPLY_ANIMATION
03-11 16:50:05.705 10834 10834 W SessionManager: SessionManager.endSession():88 Try to end a not begun session [INPUT_SESSION].
03-11 16:50:05.705 10834 10834 I GoogleInputMethodService: GoogleInputMethodService.onDestroy():934 
03-11 16:50:05.705  3163  4298 W InputManager-JNI: Input channel object '59f339d InputMethod (client)' was disposed without first being removed with the input manager!
03-11 16:50:05.705 10834 10834 I GlobeKeyExtension: GlobeKeyExtension.onDestroyExtension():162 
03-11 16:50:05.706 10834 10834 I ModuleManager: ModuleManager$ModuleInitListener.maybeUnloadModuleOnUnavailable():1386 module lvk is unavailable
03-11 16:50:05.706 10834 10834 I HardKeyTracker: HardKeyTracker.unregisterKeySequence():221 Unregister key sequence nul{labelResId=2132020475, callback=cnx@5a680ed, lastModifier=2, keyCodes=[47], actions=[0]}
03-11 16:50:05.706 10834 10834 I ModuleManager: ModuleManager$ModuleInitListener.maybeUnloadModuleOnUnavailable():1386 module eci is unavailable
03-11 16:50:05.706 10834 10834 I ModuleManager: ModuleManager$ModuleInitListener.maybeUnloadModuleOnUnavailable():1386 module hvi is unavailable
03-11 16:50:05.706 10834 10834 I ModuleManager: ModuleManager$ModuleInitListener.maybeUnloadModuleOnUnavailable():1386 module mhz is unavailable
03-11 16:50:05.706 10834 10834 I ModuleManager: ModuleManager$ModuleInitListener.maybeUnloadModuleOnUnavailable():1386 module mia is unavailable
03-11 16:50:05.706 10834 10834 I ModuleManager: ModuleManager$ModuleInitListener.maybeUnloadModuleOnUnavailable():1386 module mib is unavailable
03-11 16:50:05.706 10834 10834 I ModuleManager: ModuleManager$ModuleInitListener.maybeUnloadModuleOnUnavailable():1386 module mic is unavailable
03-11 16:50:05.706 10834 10834 I ModuleManager: ModuleManager$ModuleInitListener.maybeUnloadModuleOnUnavailable():1386 module mie is unavailable
03-11 16:50:05.706 10834 10834 I ModuleManager: ModuleManager$ModuleInitListener.maybeUnloadModuleOnUnavailable():1386 module mii is unavailable
03-11 16:50:05.706 10834 10834 I ModuleManager: ModuleManager$ModuleInitListener.maybeUnloadModuleOnUnavailable():1386 module mtq is unavailable
03-11 16:50:05.706 10834 10834 I HardKeyTracker: HardKeyTracker.unregisterKeySequence():221 Unregister key sequence nul{labelResId=0, callback=lkj@245b70, lastModifier=0, keyCodes=[204], actions=[0]}
03-11 16:50:05.707 10834 10834 I ModuleManager: ModuleManager$ModuleInitListener.maybeUnloadModuleOnUnavailable():1386 module mts is unavailable
03-11 16:50:05.707 10834 10834 I ModuleManager: ModuleManager$ModuleInitListener.maybeUnloadModuleOnUnavailable():1386 module nyc is unavailable
03-11 16:50:05.707 10834 10834 I ModuleManager: ModuleManager$ModuleInitListener.maybeUnloadModuleOnUnavailable():1386 module ljh is unavailable
03-11 16:50:05.707 10834 10834 I ModuleManager: ModuleManager$ModuleInitListener.maybeUnloadModuleOnUnavailable():1386 module ewi is unavailable
03-11 16:50:05.708 10834 10834 I ModuleManager: ModuleManager$ModuleInitListener.maybeUnloadModuleOnUnavailable():1386 module fol is unavailable
03-11 16:50:05.708 10834 10834 I ModuleManager: ModuleManager$ModuleInitListener.maybeUnloadModuleOnUnavailable():1386 module fub is unavailable
03-11 16:50:05.708 10834 10834 I ModuleManager: ModuleManager$ModuleInitListener.maybeUnloadModuleOnUnavailable():1386 module fvu is unavailable
03-11 16:50:05.708 10834 10996 I InputActionMetricsProcessor: InputActionMetricsProcessor.onDetached():109 Detached from metrics manager.
03-11 16:50:05.708 10834 10834 I ModuleManager: ModuleManager$ModuleInitListener.maybeUnloadModuleOnUnavailable():1386 module gfa is unavailable
03-11 16:50:05.708 10834 10834 I ModuleManager: ModuleManager$ModuleInitListener.maybeUnloadModuleOnUnavailable():1386 module ggo is unavailable
03-11 16:50:05.708 10834 10834 I ModuleManager: ModuleManager$ModuleInitListener.maybeUnloadModuleOnUnavailable():1386 module gjm is unavailable
03-11 16:50:05.708 10834 10834 I JapaneseMozcExtension: JapaneseMozcExtension.onDestroy():52 
03-11 16:50:05.709 10834 10834 I ModuleManager: ModuleManager$ModuleInitListener.maybeUnloadModuleOnUnavailable():1386 module gkb is unavailable
03-11 16:50:05.709  3163  4298 I ImeTracker: com.motorola.launcher.secondarydisplay:224aa4f6: onRequestHide at ORIGIN_SERVER reason HIDE_DISPLAY_IME_POLICY_HIDE fromUser false
03-11 16:50:05.709 10834 10834 I ModuleManager: ModuleManager$ModuleInitListener.maybeUnloadModuleOnUnavailable():1386 module gya is unavailable
03-11 16:50:05.709  3163  4298 I ImeTracker: com.motorola.launcher.secondarydisplay:224aa4f6: onCancelled at PHASE_SERVER_SHOULD_HIDE
03-11 16:50:05.709 10834 10834 I ModuleManager: ModuleManager$ModuleInitListener.maybeUnloadModuleOnUnavailable():1386 module IEmojiOrGifExtension is unavailable
03-11 16:50:05.709 10834 10834 I ModuleManager: ModuleManager$ModuleInitListener.maybeUnloadModuleOnUnavailable():1386 module IEmoticonExtension is unavailable
03-11 16:50:05.709 10834 10834 I ModuleManager: ModuleManager$ModuleInitListener.maybeUnloadModuleOnUnavailable():1386 module hlc is unavailable
03-11 16:50:05.709 10834 10834 I ModuleManager: ModuleManager$ModuleInitListener.maybeUnloadModuleOnUnavailable():1386 module hoe is unavailable
03-11 16:50:05.709 10834 10834 I ModuleManager: ModuleManager$ModuleInitListener.maybeUnloadModuleOnUnavailable():1386 module hqs is unavailable
03-11 16:50:05.709 10834 10834 I ModuleManager: ModuleManager$ModuleInitListener.maybeUnloadModuleOnUnavailable():1386 module nwn is unavailable
03-11 16:50:05.709 10834 10834 I ModuleManager: ModuleManager$ModuleInitListener.maybeUnloadModuleOnUnavailable():1386 module iga is unavailable
03-11 16:50:05.709 10834 10834 I UniversalDictationExtension: UniversalDictationExtension.onDestroyExtension():136 onDestroy [UD]
03-11 16:50:05.709 10834 10834 I ModuleManager: ModuleManager$ModuleInitListener.maybeUnloadModuleOnUnavailable():1386 module igb is unavailable
03-11 16:50:05.710 10834 10834 I ModuleManager: ModuleManager$ModuleInitListener.maybeUnloadModuleOnUnavailable():1386 module iiq is unavailable
03-11 16:50:05.710 10834 10834 I NewS3RecognizerModule: NewS3RecognizerModule.onDestroy():28 onDestroy [news3]
03-11 16:50:05.710 10834 10834 I ModuleManager: ModuleManager$ModuleInitListener.maybeUnloadModuleOnUnavailable():1386 module imw is unavailable
03-11 16:50:05.710 10834 10834 I ModuleManager: ModuleManager$ModuleInitListener.maybeUnloadModuleOnUnavailable():1386 module kdw is unavailable
03-11 16:50:05.710 10834 10834 I HardKeyTracker: HardKeyTracker.unregisterKeySequence():221 Unregister key sequence nul{labelResId=2132020470, callback=cth@849b93, lastModifier=2, keyCodes=[48], actions=[0]}
03-11 16:50:05.710 10834 10834 I HardKeyTracker: HardKeyTracker.unregisterKeySequence():221 Unregister key sequence nul{labelResId=2132020465, callback=cth@7d35def, lastModifier=2, keyCodes=[50], actions=[0]}
03-11 16:50:05.710 10834 10834 I HardKeyTracker: HardKeyTracker.unregisterKeySequence():221 Unregister key sequence nul{labelResId=2132020466, callback=cth@68f37d0, lastModifier=2, keyCodes=[56], actions=[0]}
03-11 16:50:05.710 10834 10834 I HardKeyTracker: HardKeyTracker.unregisterKeySequence():221 Unregister key sequence nul{labelResId=2132020466, callback=cth@8dc53c9, lastModifier=0, keyCodes=[317], actions=[0]}
03-11 16:50:05.710 10834 10834 I HardKeyTracker: HardKeyTracker.unregisterKeySequence():221 Unregister key sequence nul{labelResId=2132020468, callback=cth@964e9b8, lastModifier=2, keyCodes=[37], actions=[0]}
03-11 16:50:05.710 10834 10834 I HardKeyTracker: HardKeyTracker.unregisterKeySequence():221 Unregister key sequence nul{labelResId=2132020471, callback=cth@ca1ea0b, lastModifier=2, keyCodes=[32], actions=[0]}
03-11 16:50:05.711 10834 10834 I HardKeyTracker: HardKeyTracker.unregisterKeySequence():221 Unregister key sequence nul{labelResId=2132020468, callback=cth@948a2f6, lastModifier=2, keyCodes=[37], actions=[0]}
03-11 16:50:05.711 10834 10834 I HardKeyTracker: HardKeyTracker.unregisterKeySequence():221 Unregister key sequence nul{labelResId=2132020475, callback=cth@e9cce88, lastModifier=2, keyCodes=[47], actions=[0]}
03-11 16:50:05.711 10834 10834 I HardKeyTracker: HardKeyTracker.unregisterKeySequence():221 Unregister key sequence nul{labelResId=2132020466, callback=cth@bfaca8b, lastModifier=2, keyCodes=[56], actions=[0]}
03-11 16:50:05.711 10834 10834 I HardKeyTracker: HardKeyTracker.unregisterKeySequence():221 Unregister key sequence nul{labelResId=2132020466, callback=cth@600c768, lastModifier=0, keyCodes=[317], actions=[0]}
03-11 16:50:05.711 10834 10834 I HardKeyTracker: HardKeyTracker.unregisterKeySequence():221 Unregister key sequence nul{labelResId=2132020465, callback=cth@5ae964, lastModifier=2, keyCodes=[50], actions=[0]}
03-11 16:50:05.711 10834 10834 I HardKeyTracker: HardKeyTracker.unregisterKeySequence():221 Unregister key sequence nul{labelResId=2132018771, callback=cth@d0a455b, lastModifier=2, keyCodes=[39], actions=[0]}
03-11 16:50:05.711 10834 10834 I HardKeyTracker: HardKeyTracker.unregisterKeySequence():221 Unregister key sequence nul{labelResId=2132020469, callback=cth@7a50536, lastModifier=65536, keyCodes=[76], actions=[0]}
03-11 16:50:05.711 10834 10834 I HardKeyTracker: HardKeyTracker.unregisterKeySequence():221 Unregister key sequence nul{labelResId=2132020470, callback=cth@863ce2a, lastModifier=2, keyCodes=[48], actions=[0]}
03-11 16:50:05.711 10834 10834 I HardKeyTracker: HardKeyTracker.unregisterKeySequence():221 Unregister key sequence nul{labelResId=2132020471, callback=cth@a05b301, lastModifier=2, keyCodes=[32], actions=[0]}
03-11 16:50:05.711 10834 10834 I ModuleManager: ModuleManager$ModuleInitListener.maybeUnloadModuleOnUnavailable():1386 module kgi is unavailable
03-11 16:50:05.712 10834 10834 I ModuleManager: ModuleManager$ModuleInitListener.maybeUnloadModuleOnUnavailable():1386 module lns is unavailable
03-11 16:50:05.712 10834 10834 I ModuleManager: ModuleManager$ModuleInitListener.maybeUnloadModuleOnUnavailable():1386 module IBannerExtension is unavailable
03-11 16:50:05.712 10834 10834 I ModuleManager: ModuleManager$ModuleInitListener.maybeUnloadModuleOnUnavailable():1386 module ohp is unavailable
03-11 16:50:05.712 10834 10834 I ModuleManager: ModuleManager$ModuleInitListener.maybeUnloadModuleOnUnavailable():1386 module oky is unavailable
03-11 16:50:05.712 10834 10834 I ModuleManager: ModuleManager$ModuleInitListener.maybeUnloadModuleOnUnavailable():1386 module ifj is unavailable
03-11 16:50:05.712 10834 10834 I ModuleManager: ModuleManager$ModuleInitListener.maybeUnloadModuleOnUnavailable():1386 module ifn is unavailable
03-11 16:50:05.713  5625  5625 I vol.VolumeDialogImpl: dismissH reason = volume_controller mDialog.isShowing(): false
03-11 16:50:05.714 10834 10834 I ModuleManager: ModuleManager$ModuleInitListener.maybeUnloadModuleOnUnavailable():1386 module nyi is unavailable
03-11 16:50:05.714 10834 10834 W NotificationCenter: NotificationCenter.unregisterListener():480 Listener ktn@ca548a2 was not registered for notification class mev
03-11 16:50:05.714 10834 10834 W NotificationCenter: NotificationCenter.unregisterListener():480 Listener ktm@c6c046d was not registered for notification class men
03-11 16:50:05.714 10834 10834 W NotificationCenter: NotificationCenter.unregisterListener():480 Listener nhv@3ea7484 was not registered for notification class kgz
03-11 16:50:05.714 10834 10834 W NotificationCenter: NotificationCenter.unregisterListener():480 Listener ktc@bdc54f0 was not registered for notification class lhi
03-11 16:50:05.714 10834 10834 W NotificationCenter: NotificationCenter.unregisterListener():480 Listener kdq@72eac0f was not registered for notification class kfo
03-11 16:50:05.714 10834 10834 I HardKeyTracker: HardKeyTracker.unregisterKeySequence():221 Unregister key sequence nul{labelResId=2132020472, callback=null, lastModifier=2, keyCodes=[8], actions=[0]}
03-11 16:50:05.715 10834 10834 I HardKeyTracker: HardKeyTracker.unregisterKeySequence():221 Unregister key sequence nul{labelResId=2132020474, callback=gqg@b259095, lastModifier=2, keyCodes=[62], actions=[0]}
03-11 16:50:05.715 10834 10834 I ModuleManager: ModuleManager$ModuleInitListener.maybeUnloadModuleOnUnavailable():1386 module kdu is unavailable
03-11 16:50:05.715 10834 10834 I ModuleManager: ModuleManager$ModuleInitListener.maybeUnloadModuleOnUnavailable():1386 module olt is unavailable
03-11 16:50:05.716 10834 10834 I ModuleManager: ModuleManager$ModuleInitListener.maybeUnloadModuleOnUnavailable():1386 module hok is unavailable
03-11 16:50:05.718  3163  3231 W AccessibilityWindowsPopulator: The displayInfo of this displayId (0) called back from the surface fligner is null
03-11 16:50:05.718 10834 10834 I ModuleManager: ModuleManager$ModuleInitListener.maybeUnloadModuleOnUnavailable():1386 module ghq is unavailable
03-11 16:50:05.719 10834 10834 I ModuleManager: ModuleManager$ModuleInitListener.maybeUnloadModuleOnUnavailable():1386 module hvu is unavailable
03-11 16:50:05.719 10834 10834 I ModuleManager: ModuleManager$ModuleInitListener.maybeUnloadModuleOnUnavailable():1386 module ecr is unavailable
03-11 16:50:05.720 10834 10834 I ModuleManager: ModuleManager$ModuleInitListener.maybeUnloadModuleOnUnavailable():1386 module esr is unavailable
03-11 16:50:05.720  5493  6013 W HWUI    : Surface doesn't have any previously queued frames, nothing to readback from
03-11 16:50:05.720 10834 10834 I ModuleManager: ModuleManager$ModuleInitListener.maybeUnloadModuleOnUnavailable():1386 module hzz is unavailable
03-11 16:50:05.720 10834 10834 I ModuleManager: ModuleManager$ModuleInitListener.maybeUnloadModuleOnUnavailable():1386 module ifc is unavailable
03-11 16:50:05.720 10834 10834 I ModuleManager: ModuleManager$ModuleInitListener.maybeUnloadModuleOnUnavailable():1386 module ntv is unavailable
03-11 16:50:05.720 10834 10834 I ModuleManager: ModuleManager$ModuleInitListener.maybeUnloadModuleOnUnavailable():1386 module ntw is unavailable
03-11 16:50:05.720 10834 10834 I ModuleManager: ModuleManager$ModuleInitListener.maybeUnloadModuleOnUnavailable():1386 module oav is unavailable
03-11 16:50:05.721 10834 10834 I ModuleManager: ModuleManager$ModuleInitListener.maybeUnloadModuleOnUnavailable():1386 module hzy is unavailable
03-11 16:50:05.721 10834 10834 I ModuleManager: ModuleManager$ModuleInitListener.maybeUnloadModuleOnUnavailable():1386 module ggm is unavailable
03-11 16:50:05.722 10834 10834 I ModuleManager: ModuleManager$ModuleInitListener.maybeUnloadModuleOnUnavailable():1386 module efd is unavailable
03-11 16:50:05.722 10834 10834 I ModuleManager: ModuleManager$ModuleInitListener.maybeUnloadModuleOnUnavailable():1386 module ief is unavailable
03-11 16:50:05.723 10834 10834 I ModuleManager: ModuleManager$ModuleInitListener.maybeUnloadModuleOnUnavailable():1386 module ifb is unavailable
03-11 16:50:05.723 10834 10834 I ModuleManager: ModuleManager$ModuleInitListener.maybeUnloadModuleOnUnavailable():1386 module ITranslateUiExtension is unavailable
03-11 16:50:05.723 10834 10834 I ModuleManager: ModuleManager$ModuleInitListener.maybeUnloadModuleOnUnavailable():1386 module egz is unavailable
03-11 16:50:05.724 10834 10834 W NotificationCenter: NotificationCenter.unregisterListener():480 Listener eei@7040b41 was not registered for notification class ndp
03-11 16:50:05.724 10834 10834 W NotificationCenter: NotificationCenter.unregisterListener():480 Listener efs@2a50cac was not registered for notification class ndp
03-11 16:50:05.724 10834 10834 I ModuleManager: ModuleManager$ModuleInitListener.maybeUnloadModuleOnUnavailable():1386 module ego is unavailable
03-11 16:50:05.725 10834 10834 I ModuleManager: ModuleManager$ModuleInitListener.maybeUnloadModuleOnUnavailable():1386 module ojg is unavailable
03-11 16:50:05.726 10834 10834 I ModuleManager: ModuleManager$ModuleInitListener.maybeUnloadModuleOnUnavailable():1386 module oha is unavailable
03-11 16:50:05.726 10834 10834 I ModuleManager: ModuleManager$ModuleInitListener.maybeUnloadModuleOnUnavailable():1386 module ejs is unavailable
03-11 16:50:05.727 10834 10834 I ModuleManager: ModuleManager$ModuleInitListener.maybeUnloadModuleOnUnavailable():1386 module hvo is unavailable
03-11 16:50:05.728 10834 10834 I ModuleManager: ModuleManager$ModuleInitListener.maybeUnloadModuleOnUnavailable():1386 module eqk is unavailable
03-11 16:50:05.729 10834 10834 I ModuleManager: ModuleManager$ModuleInitListener.maybeUnloadModuleOnUnavailable():1386 module ftq is unavailable
03-11 16:50:05.729 10834 10834 I ModuleManager: ModuleManager$ModuleInitListener.maybeUnloadModuleOnUnavailable():1386 module ftu is unavailable
03-11 16:50:05.731 10834 10834 I ModuleManager: ModuleManager$ModuleInitListener.maybeUnloadModuleOnUnavailable():1386 module evt is unavailable
03-11 16:50:05.731 10834 10834 I ModuleManager: ModuleManager$ModuleInitListener.maybeUnloadModuleOnUnavailable():1386 module eww is unavailable
03-11 16:50:05.732  3163  3227 D PowerManagerService: nativeReleaseSuspendBlocker name:PowerManagerService.Broadcasts duration ms: 0
03-11 16:50:05.738 10834 10834 I ModuleManager: ModuleManager$ModuleInitListener.maybeUnloadModuleOnUnavailable():1386 module lau is unavailable
03-11 16:50:05.740 10834 10834 I ModuleManager: ModuleManager$ModuleInitListener.maybeUnloadModuleOnUnavailable():1386 module evm is unavailable
03-11 16:50:05.741 10834 10834 I EmojifyExtensionImpl: EmojifyExtensionImpl.onDestroy():611 Destroying Emojify extension ezf@65bb8d.
03-11 16:50:05.741 10834 10834 I ModuleManager: ModuleManager$ModuleInitListener.maybeUnloadModuleOnUnavailable():1386 module eyq is unavailable
03-11 16:50:05.741 10834 10834 I AbstractOpenableExtension: AbstractOpenableExtension.maybeDestroyExistingKeyboardGroupManager():534 Destroy existing keyboard group manager in ezz
03-11 16:50:05.741 10834 10834 I ModuleManager: ModuleManager$ModuleInitListener.maybeUnloadModuleOnUnavailable():1386 module IExpressionMomentExtension is unavailable
03-11 16:50:05.741 10834 10834 I ModuleManager: ModuleManager$ModuleInitListener.maybeUnloadModuleOnUnavailable():1386 module IEmojiKitchenBrowseExtension is unavailable
03-11 16:50:05.741 10834 10834 I AbstractOpenableExtension: AbstractOpenableExtension.maybeDestroyExistingKeyboardGroupManager():534 Destroy existing keyboard group manager in hme
03-11 16:50:05.741 10834 10834 I ModuleManager: ModuleManager$ModuleInitListener.maybeUnloadModuleOnUnavailable():1386 module FastAccessBarExtension is unavailable
03-11 16:50:05.741 10834 10834 I ModuleManager: ModuleManager$ModuleInitListener.maybeUnloadModuleOnUnavailable():1386 module hmt is unavailable
03-11 16:50:05.742 10834 10834 I ModuleManager: ModuleManager$ModuleInitListener.maybeUnloadModuleOnUnavailable():1386 module fkk is unavailable
03-11 16:50:05.742 10834 10834 I ModuleManager: ModuleManager$ModuleInitListener.maybeUnloadModuleOnUnavailable():1386 module IGifKeyboardExtension is unavailable
03-11 16:50:05.742 10834 10834 I ModuleManager: ModuleManager$ModuleInitListener.maybeUnloadModuleOnUnavailable():1386 module IStickerExtension is unavailable
03-11 16:50:05.743 10834 10834 I ModuleManager: ModuleManager$ModuleInitListener.maybeUnloadModuleOnUnavailable():1386 module etr is unavailable
03-11 16:50:05.743 10834 10834 I ModuleManager: ModuleManager$ModuleInitListener.maybeUnloadModuleOnUnavailable():1386 module fcx is unavailable
03-11 16:50:05.743 10834 10834 I ModuleManager: ModuleManager$ModuleInitListener.maybeUnloadModuleOnUnavailable():1386 module how is unavailable
03-11 16:50:05.745 10834 10834 I ModuleManager: ModuleManager$ModuleInitListener.maybeUnloadModuleOnUnavailable():1386 module gzb is unavailable
03-11 16:50:05.745  2300  2436 W HWComposer: Ignoring duplicate VSYNC event from HWC for display 4630947043778501763 (t=114896809003000)
03-11 16:50:05.745 10834 10834 I ModuleManager: ModuleManager$ModuleInitListener.maybeUnloadModuleOnUnavailable():1386 module hzw is unavailable
03-11 16:50:05.745 10834 10834 I ModuleManager: ModuleManager$ModuleInitListener.maybeUnloadModuleOnUnavailable():1386 module nhr is unavailable
03-11 16:50:05.746 10834 10834 I ModuleManager: ModuleManager$ModuleInitListener.maybeUnloadModuleOnUnavailable():1386 module hhx is unavailable
03-11 16:50:05.746 10834 10834 I ModuleManager: ModuleManager$ModuleInitListener.maybeUnloadModuleOnUnavailable():1386 module hid is unavailable
03-11 16:50:05.746 10834 10834 I ModuleManager: ModuleManager$ModuleInitListener.maybeUnloadModuleOnUnavailable():1386 module kts is unavailable
03-11 16:50:05.746 10834 10834 I ModuleManager: ModuleManager$ModuleInitListener.maybeUnloadModuleOnUnavailable():1386 module mtm is unavailable
03-11 16:50:05.747 10834 10834 I HardKeyTracker: HardKeyTracker.unregisterKeySequence():221 Unregister key sequence nul{labelResId=0, callback=gqg@e4d5f07, lastModifier=0, keyCodes=[57, 57], actions=[1, 0]}
03-11 16:50:05.747 10834 10834 I HardKeyTracker: HardKeyTracker.unregisterKeySequence():221 Unregister key sequence nul{labelResId=0, callback=gqg@4fc834, lastModifier=0, keyCodes=[58, 58], actions=[1, 0]}
03-11 16:50:05.747 10834 10834 I AbstractOpenableExtension: AbstractOpenableExtension.maybeDestroyExistingKeyboardGroupManager():534 Destroy existing keyboard group manager in hjj
03-11 16:50:05.747 10834 10834 I ModuleManager: ModuleManager$ModuleInitListener.maybeUnloadModuleOnUnavailable():1386 module IEmojiSearchExtension is unavailable
03-11 16:50:05.748 10834 10834 W NotificationCenter: NotificationCenter$NotificationQueue.notifyPendingNotificationsOnExecutor():877 Heavy notify work detected on UI thread: [miy->nhv, miy->nhv, miy->nhv, miy->nhv, miy->nhv, miy->nhv, miy->nhv, miy->nhv, miy->nhv, miy->nhv, miy->nhv, miy->nhv, miy->nhv, miy->nhv, miy->nhv, miy->nhv, miy->nhv, miy->nhv, miy->nhv, miy->nhv, miy->nhv, neg->nef, neg->nef, neg->nef, neg->nef, neg->nef, neg->nef, neg->nef, neg->nef, neg->nef, neg->nef, neg->nef, neg->nef, neg->nef, neg->nef, neg->nef, neg->nef, neg->nef, kgz->nhv, kgz->nhv, kgz->nhv, kgz->nhv, kgz->nhv, kgz->nhv, kgz->nhv, kgz->nhv, kgz->nhv, neg->nef, neg->nef, neg->nef, neg->nef, neg->nef, neg->nef, neg->nef, neg->nef, neg->nef, neg->nef, neg->nef, neg->nef, neg->nef, neg->nef, neg->nef, neg->nef, neg->nef, neg->nef, neg->nef, neg->nef, neg->nef, neg->nef, neg->nef, neg->nef, neg->nef, neg->nef, neg->nef, neg->nef, neg->nef, neg->nef, neg->nef, neg->nef, neg->nef, neg->nef, neg->nef, neg->nef, neg->nef, neg->nef, neg->nef, neg->nef, neg->nef, neg->nef, neg->nef, neg->nef, neg->nef, neg->nef, neg->nef, neg->nef, neg->nef, neg->nef, neg->nef] takes 40ms
03-11 16:50:05.748 10834 10834 I ModuleManager: ModuleManager$ModuleInitListener.maybeUnloadModuleOnUnavailable():1386 module ehz is unavailable
03-11 16:50:05.749 10834 10834 I ExpressiveConceptsPredictionModuleImpl: ExpressiveConceptsPredictionModuleImpl.onDestroy():80 onDestroy()
03-11 16:50:05.749 10834 10834 I ModuleManager: ModuleManager$ModuleInitListener.maybeUnloadModuleOnUnavailable():1386 module hll is unavailable
03-11 16:50:05.750 10834 10834 I ModuleManager: ModuleManager$ModuleInitListener.maybeUnloadModuleOnUnavailable():1386 module eou is unavailable
03-11 16:50:05.750 10834 10834 I ModuleManager: ModuleManager$ModuleInitListener.maybeUnloadModuleOnUnavailable():1386 module fpp is unavailable
03-11 16:50:05.750 10834 10834 I ModuleManager: ModuleManager$ModuleInitListener.maybeUnloadModuleOnUnavailable():1386 module ndq is unavailable
03-11 16:50:05.750 10834 10834 I ModuleManager: ModuleManager$ModuleInitListener.maybeUnloadModuleOnUnavailable():1386 module lgk is unavailable
03-11 16:50:05.750 10834 10834 I ModuleManager: ModuleManager$ModuleInitListener.maybeUnloadModuleOnUnavailable():1386 module lvf is unavailable
03-11 16:50:05.750 10834 10834 I ModuleManager: ModuleManager$ModuleInitListener.maybeUnloadModuleOnUnavailable():1386 module mar is unavailable
03-11 16:50:05.750 10834 10834 I ModuleManager: ModuleManager$ModuleInitListener.maybeUnloadModuleOnUnavailable():1386 module ndj is unavailable
03-11 16:50:05.750 10834 10834 I ModuleManager: ModuleManager$ModuleInitListener.maybeUnloadModuleOnUnavailable():1386 module nuv is unavailable
03-11 16:50:05.750 10834 10834 I ModuleManager: ModuleManager$ModuleInitListener.maybeUnloadModuleOnUnavailable():1386 module okt is unavailable
03-11 16:50:05.751 10834 10834 I ModuleManager: ModuleManager$ModuleInitListener.maybeUnloadModuleOnUnavailable():1386 module lgl is unavailable
03-11 16:50:05.752 10834 10834 I GoogleInputMethodService: GoogleInputMethodService.onDestroy():968 Maybe update OEM display config because of service destruction
03-11 16:50:05.753 10834 10834 I DeviceModeModule: DeviceModeModule.calculateAndNotify():197 Window metrics is not available, fallback to app context.
03-11 16:50:05.753 10834 10834 I DeviceModeModule: DeviceModeModule.calculateAndNotify():224 Device mode 'phone' from display metrics 'DisplayMetrics{density=0.0, width=1080, height=2640, scaledDensity=0.0, xdpi=397.565, ydpi=435.428}' or smallestScreenWidthDp: 411
03-11 16:50:05.754 10834 10834 I GoogleInputMethodService: GoogleInputMethodService.clearInputMethodServiceData():1030 clearInputMethodServiceData for onDestroy
03-11 16:50:05.755 10834 10834 I GoogleInputMethodService: GoogleInputMethodService.discardAllKeyboardViewAndInputView():1262 discardAllKeyboardViewAndInputView()
03-11 16:50:05.757 10834 10834 I InputMethodEntryManager: InputMethodEntryManager.notifyCurrentInputMethodEntryOnContextChanged():545 notifyCurrentInputMethodEntryOnContextChanged()
03-11 16:50:05.757 10834 10834 I InputMethodEntryManager: InputMethodEntryManager.notifyCurrentInputMethodEntryOnContextChanged():566 Notify current input method entry changed on context change
03-11 16:50:05.757 10834 10834 I KeyboardThemeProvider: KeyboardThemeProvider.reset():39 Reset keyboard theme
03-11 16:50:05.757 10834 10834 I KeyboardContextProvider: KeyboardContextProvider.setBaseContextAndInvalidKeyboardContextCache():88 setBaseContextAndInvalidKeyboardContextCache(): null
03-11 16:50:05.759  3163  7474 W WindowManager: Cannot find window which accessibility connection is added to
03-11 16:50:05.760  3163  7474 W WindowManager: Failed looking up window session=Session{aad39a 10834:u0a10310} callers=com.android.server.wm.WindowManagerService.removeClientToken:2330 com.android.server.wm.Session.remove:275 android.view.IWindowSession$Stub.onTransact:734 
03-11 16:50:05.760  3163  7474 W WindowManager: win is null client=android.os.BinderProxy@b1d2274
03-11 16:50:05.761  2300  2436 W HWComposer: Ignoring duplicate VSYNC event from HWC for display 4630947043778501763 (t=114896825543000)
03-11 16:50:05.761 10834 10834 W WindowTokenClientController: Can't find attached WindowTokenClient for android.window.WindowTokenClient@1aefa4f
03-11 16:50:05.762 10834 10834 I AbstractOpenableExtension: AbstractOpenableExtension$3.onSuccess():552 KeyboardGroupManager destroyed in ezz.
03-11 16:50:05.762 10834 10834 I AbstractOpenableExtension: AbstractOpenableExtension$3.onSuccess():552 KeyboardGroupManager destroyed in hme.
03-11 16:50:05.762 10834 10834 I AbstractOpenableExtension: AbstractOpenableExtension$3.onSuccess():552 KeyboardGroupManager destroyed in hjj.
03-11 16:50:05.763 10834 10834 I AppBase : AppBase.onTrimMemory():427 onTrimMemory(): 40
03-11 16:50:05.763 10834 10834 I KeyboardDefCache: MemoryFileCache$1.onTrimMemory():124 clearMemory() for trim memory: 40
03-11 16:50:05.763 10834 10834 I KeyboardDefCache: MemoryFileCache.clearMemory():408 evictAll()
03-11 16:50:05.764 10834 11184 I HWUI    : setGrContext validptr-->nullptr
03-11 16:50:05.777  2300  2436 W HWComposer: Ignoring duplicate VSYNC event from HWC for display 4630947043778501763 (t=114896842096000)
03-11 16:50:05.784  3163  3231 W AccessibilityWindowsPopulator: The displayInfo of this displayId (0) called back from the surface fligner is null
03-11 16:50:05.794  2300  2436 W HWComposer: Ignoring duplicate VSYNC event from HWC for display 4630947043778501763 (t=114896858648000)
03-11 16:50:05.806 17875 17875 I LocationState: (main) Stopping location in the background
03-11 16:50:05.807 17875 17875 I LocationState: (main) 
03-11 16:50:05.810  2300  2436 W HWComposer: Ignoring duplicate VSYNC event from HWC for display 4630947043778501763 (t=114896875193000)
03-11 16:50:05.811  2064  2064 I sensors-hal: activate:173, android.sensor.rotation_vector/111 en=0
03-11 16:50:05.812  2061  2108 E minksocket: MinkIPC_QRTR_Service: client with node 1 port 44d8 went down
03-11 16:50:05.813  2064  2064 I sensors-hal: activate:184, android.sensor.rotation_vector/111 en=0 completed
03-11 16:50:05.827  2300  2436 W HWComposer: Ignoring duplicate VSYNC event from HWC for display 4630947043778501763 (t=114896891743000)
03-11 16:50:05.911  2064  4171 D slpi-MOT_HALL: Flip send data : 0, State: far
03-11 16:50:05.911  2064  4173 I sensors-hal: handle_sns_client_event:365, mot_flip_event: now=192161815515631 hal ts=192161814634606, MOT_FLIP_STATE_OPEN, count=1453.0, cause=0.0, fwreg 1
03-11 16:50:05.911  2064  4171 E slpi    : MOT_GPIO_FLIP kernel state gpio unset
03-11 16:50:05.911  2064  4173 I sensors-hal: sns_device_mode_init:227, sns_device_mode_init Start
03-11 16:50:05.911  2064  4173 I android.hardware.sensors@2.1-service.multihal: vendor/qcom/proprietary/adsprpc/src/fastrpc_apps_user.c:1553: remote_handle64_open: Successfully opened handle 0x1aeb0c10 for '":;./\createstaticpd:sensorspd&_dom=adsp on domain 0
03-11 16:50:05.912  3163  3231 I DeviceStateManagerService: Cannot notify device state info change when pending state is present.
03-11 16:50:05.914  2064  4173 I android.hardware.sensors@2.1-service.multihal: vendor/qcom/proprietary/adsprpc/src/fastrpc_perf.c:273: fastrpc_perf_init: enabled systrace 0x0 and RPC traces (kernel 0, dsp 0) with frequency 1000
03-11 16:50:05.914  2064 18730 I android.hardware.sensors@2.1-service.multihal: vendor/qcom/proprietary/adsprpc/src/listener_android.c:116: listener thread starting
03-11 16:50:05.914  2064 18731 I android.hardware.sensors@2.1-service.multihal: vendor/qcom/proprietary/adsprpc/src/log_config.c:348: file_watcher_thread starting for domain 0
03-11 16:50:05.914  2064 18731 W android.hardware.sensors@2.1-service.multihal: vendor/qcom/proprietary/adsprpc/src/log_config.c:358:file_watcher_thread: Couldn't find file android.hardware.sensors@2.1-service.multihal.farf, errno (No such file or directory)
03-11 16:50:05.914  3163  3227 D TouchHwAidlService: onStateChanged.. state=1
03-11 16:50:05.915  3163  3229 D CLI/SmallCLI: onDeviceLidStateChanged: state=CLOSED
03-11 16:50:05.917  2064 18730 I android.hardware.sensors@2.1-service.multihal: vendor/qcom/proprietary/adsprpc/src/mod_table.c:703: open_mod_table_open_from_static: reverse module apps_std opened with handle 0x450dfe00 (idx 0)
03-11 16:50:05.917  3163  3231 I LogicalDisplayMapper: Requesting Transition to state: 1, from state=0, interactive=false, mBootCompleted=true
03-11 16:50:05.917  2064 18730 I android.hardware.sensors@2.1-service.multihal: vendor/qcom/proprietary/adsprpc/src/apps_std_imp.c:860: Successfully opened file /vendor/dsp/adsp/libsns_device_mode_skel.so
03-11 16:50:05.917  3163  3231 I LogicalDisplayMapper: Applying layout: [{dispId: 0(ON), displayGroupName: , addr: {port=130, model=0x40446dccee101c}, mThermalBrightnessThrottlingMapId: null, mRefreshRateZoneId: null, mLeadDisplayId: -1, mLeadDisplayAddress: null, mThermalRefreshRateThrottlingMapId: null, mPowerThrottlingMapId: null}], Previous layout: [{dispId: 0(ON), displayGroupName: , addr: {port=130, model=0x40446dccee101c}, mThermalBrightnessThrottlingMapId: null, mRefreshRateZoneId: null, mLeadDisplayId: -1, mLeadDisplayAddress: null, mThermalRefreshRateThrottlingMapId: null, mPowerThrottlingMapId: null}]
03-11 16:50:05.918  3163  3231 D CLI/Rotation: Set volume keyswap sysprop for rotation 0 lidState CLOSED
03-11 16:50:05.924  2064  4173 E android.hardware.sensors@2.1-service.multihal: vendor/qcom/proprietary/adsprpc/src/fastrpc_apps_user.c:1491: Error 0x80000406: remote_handle_open_domain: dynamic loading failed for file:///libsns_device_mode_skel.so?sns_device_mode_skel_handle_invoke&_modver=1.0&_dom=adsp on domain 0 (dlerror segment 0 failed hash verification(0x34D8000 B)) (errno Success)
03-11 16:50:05.924  2064  4173 E android.hardware.sensors@2.1-service.multihal: vendor/qcom/proprietary/adsprpc/src/fastrpc_apps_user.c:1550: Error 0x80000406: remote_handle64_open failed for file:///libsns_device_mode_skel.so?sns_device_mode_skel_handle_invoke&_modver=1.0&_dom=adsp (errno Success)
03-11 16:50:05.924  2064  4173 I sensors-hal: sns_device_mode_init:262, sns_device_mode_init End
03-11 16:50:05.925  2064  4173 E sensors-hal: sendDeviceMode:287, mot_flip: one or mode handles unopened: dm 0 rpc 1
03-11 16:50:05.925  2064  4173 E android.hardware.sensors@2.1-service.multihal: vendor/qcom/proprietary/adsprpc/src/fastrpc_apps_user.c:1366: Error 0x80000600: remote_handle_invoke failed for handle 0x0, method 1 on domain 0 (sc 0x1010200) (errno Success)
03-11 16:50:05.925  2064  4173 E android.hardware.sensors@2.1-service.multihal: vendor/qcom/proprietary/adsprpc/src/fastrpc_apps_user.c:1575: Error 0x80000600: remote_handle_close failed for handle 0x0 (dlerr \) (errno Success)
03-11 16:50:05.925  2064  4173 I android.hardware.sensors@2.1-service.multihal: vendor/qcom/proprietary/adsprpc/src/fastrpc_apps_user.c:2737: domain_deinit for domain 0: dev 74
03-11 16:50:05.927  3163  4279 I CLI/Transition_Device: lid state changed: CLOSED -> OPEN, device state changed to CLOSED
03-11 16:50:05.928  2064 18730 E android.hardware.sensors@2.1-service.multihal: vendor/qcom/proprietary/adsprpc/src/fastrpc_apps_user.c:3516: exit_thread current process1 thread exit nErr = 0x8000040d domain 0, handle 0xb400007d1aeb0c10
03-11 16:50:05.928  2064 18731 W android.hardware.sensors@2.1-service.multihal: vendor/qcom/proprietary/adsprpc/src/log_config.c:368:Warning: file_watcher_thread received exit for domain 0, file android.hardware.sensors@2.1-service.multihal.farf
03-11 16:50:05.928  2064 18731 I android.hardware.sensors@2.1-service.multihal: vendor/qcom/proprietary/adsprpc/src/log_config.c:415: file_watcher_thread exiting for domain 0
03-11 16:50:05.929  2064  4173 I android.hardware.sensors@2.1-service.multihal: vendor/qcom/proprietary/adsprpc/src/mod_table.c:789: open_mod_table_close: closed reverse module apps_std with handle 0x450dfe00
03-11 16:50:05.930  3163  4279 D CLI/Transition_Lid: update lid state OPEN
03-11 16:50:05.930  2064  4173 E android.hardware.sensors@2.1-service.multihal: vendor/qcom/proprietary/adsprpc/src/fastrpc_apps_user.c:1614: Error 0x80000600: remote_handle64_close failed for handle 0xb400007d1aeb0c10 remote handle 0x0 (errno Success)
03-11 16:50:05.932  6461  6564 I Capsense_Cal: Sensor GetEvents event_count==1
03-11 16:50:05.932  6461  6564 D Capsense_Cal: SensorThread sensorEvents
03-11 16:50:05.932  6461  6564 D Capsense_Cal: Capsensor hallEventHandler sensorEvents->data[0]==1.000000
03-11 16:50:05.932  6461  6564 D Capsense_Cal: start cal : /sys/class/capsense/capsense1/reset, msg: flip_far
03-11 16:50:05.933  6461  6564 D Capsense_Cal: start cal : /sys/class/capsense/capsense0/reset, msg: flip_far
03-11 16:50:05.936  3163  3227 D TouchHwAidlService: onTapToWakeSettingsChanged isAmbientDisplayAvailable=1 aodEnable=true singleTapEnable=true doubleTapEnable=true lidState=1 callers=com.motorola.server.display.TouchHwAidlService.-$$Nest$monTapToWakeSettingsChanged:0 com.motorola.server.display.TouchHwAidlService$4.onChange:573 android.database.ContentObserver.onChange:184 
03-11 16:50:05.936  3163  4279 W InputDispatcher: Focused display #0 does not have a focused window.
03-11 16:50:05.936  3163  3227 D TouchHwAidlService: enableTapWake mode=33 displayId=0 mGestureStowMode=true
03-11 16:50:05.937  2106  2106 I motorola.hardware.display.touch-service: Setting Gesture to 33
03-11 16:50:05.937  3163  4279 E InputDispatcher: But another display has a focused window
03-11 16:50:05.937  3163  4279 E InputDispatcher:   FocusedWindows:
03-11 16:50:05.937  3163  4279 E InputDispatcher:     displayId=1, name='2b129fe Venus-Home'
03-11 16:50:05.938  3163  3227 D TouchHwAidlService: setGestureModeHal done mode=33 newMode=33 result=0
03-11 16:50:05.938  3163  3231 W AccessibilityWindowsPopulator: The displayInfo of this displayId (0) called back from the surface fligner is null
03-11 16:50:05.938  6344  6344 I WindowController: window interactive state updated to false
03-11 16:50:05.938  3163  3227 D TouchHwAidlService: enableTapWake mode=33 displayId=1 mGestureStowMode=true
03-11 16:50:05.942  3163  3227 D TouchHwAidlService: transfer mode=33 transMode=32 cli=true
03-11 16:50:05.943  2106  2106 I motorola.hardware.display.touch-service: Setting CLI Gesture to 32
03-11 16:50:05.943  3163  3227 D TouchHwAidlService: setCliGestureModeHal done mode=33 newMode=32 result=0
03-11 16:50:05.943  3163  3227 D TouchHwAidlService: enableTapWake mode=49 displayId=-1 mGestureStowMode=true
03-11 16:50:05.943  2106  2106 I motorola.hardware.display.touch-service: Setting Gesture to 49
03-11 16:50:05.945  7314  7314 D GameMode: mCLIStatusReceiver: 1
03-11 16:50:05.946  3163  3227 D TouchHwAidlService: setGestureModeHal done mode=49 newMode=49 result=0
03-11 16:50:05.946  3163  3227 D TouchHwAidlService: transfer mode=49 transMode=48 cli=true
03-11 16:50:05.946  2106  2106 I motorola.hardware.display.touch-service: Setting CLI Gesture to 48
03-11 16:50:05.946  3163  3227 D TouchHwAidlService: setCliGestureModeHal done mode=49 newMode=48 result=0
03-11 16:50:05.946  3163  4279 D CLI/Transition_Lid: started waiting for displaygroup 1 off. needMove:false, wakeForContinuityAtWill:false
03-11 16:50:05.947  3163  4279 I PowerGroup: Sleeping power group (groupId=1, uid=1000, reason=lid_switch)...
03-11 16:50:05.947  3163  4279 D PowerManagerService: ignore setGlobalWakefulnessLocked 0 due to lid state change.
03-11 16:50:05.947  3163  3352 E SensorManager: sensor or listener is null
03-11 16:50:05.947  2067  2067 D AHAL: AudioDevice: SetParameters: 1564: enter: cli_state=open
03-11 16:50:05.947  2061  2108 E minksocket: MinkIPC_QRTR_Service: client with node 1 port 45a6 went down
03-11 16:50:05.947  2067  2067 D AHAL: AudioVoice: VoiceSetParameters: 87: Enter params: cli_state=open
03-11 16:50:05.947  2067  2067 D AHAL: AudioVoice: VoiceSetParameters: 360: Exit ret: 0
03-11 16:50:05.947  2061  2108 E minksocket: MinkIPC_QRTR_Service: client with node 1 port 45a9 went down
03-11 16:50:05.947  2064  2064 I sensors-hal: batch:206, com.motorola.sensor.alternate_light/65959, period=250000000, max_latency=0
03-11 16:50:05.947  2067  2067 D AHAL: FM: fm_set_parameters: 262: Enter
03-11 16:50:05.947  2067  2067 D AHAL: FM: fm_set_parameters: 320: exit
03-11 16:50:05.947  2061  2108 E minksocket: MinkIPC_QRTR_Service: client with node 1 port 45a4 went down
03-11 16:50:05.947  2064  2064 I sensors-hal: set_config:61, no need to adjust sample_period_ns due to reporting_mode = 2
03-11 16:50:05.947  2064  2064 I sensors-hal: batch:215, com.motorola.sensor.alternate_light/65959, period=250000000, max_latency=0 request completed
03-11 16:50:05.947  2067  2067 D AHAL: AudioDevice: SetParameters: 2361: exit: cli_state=open
03-11 16:50:05.947  2061  2108 E minksocket: MinkIPC_QRTR_Service: client with node 1 port 4594 went down
03-11 16:50:05.947  2723  9652 I CameraService: Previous DeviceState : 4 New DeviceState : 0
03-11 16:50:05.948  5625  5625 D SCliNotifPanelController: onLidOpen
03-11 16:50:05.948  5625  5625 V SmallCli_WindowController: state=SmallCli window State {
03-11 16:50:05.948  5625  5625 V SmallCli_WindowController:   mBrightnessVisible: false
03-11 16:50:05.948  5625  5625 V SmallCli_WindowController:   mDynamicPanelVisible: false
03-11 16:50:05.948  5625  5625 V SmallCli_WindowController:   mFlashLightPrompt: false
03-11 16:50:05.948  5625  5625 V SmallCli_WindowController:   mHeadsUpPanelVisible: false
03-11 16:50:05.948  5625  5625 V SmallCli_WindowController:   mKeyguardOccluded: false
03-11 16:50:05.948  5625  5625 V SmallCli_WindowController:   mLidOpen: true
03-11 16:50:05.948  5625  5625 V SmallCli_WindowController:   mNotificationVisible: false
03-11 16:50:05.948  5625  5625 V SmallCli_WindowController:   mPowerMenuVisible: false
03-11 16:50:05.948  5625  5625 V SmallCli_WindowController:   mQsVisible: false
03-11 16:50:05.948  5625  5625 V SmallCli_WindowController:   mVolumeVisible: false
03-11 16:50:05.948  5625  5625 V SmallCli_WindowController: }
03-11 16:50:05.948  2064  2064 I sensors-hal: activate:173, com.motorola.sensor.alternate_light/65959 en=1
03-11 16:50:05.948  7314  7314 D GameMode: exiting game mode
03-11 16:50:05.948  2064  2064 I sensors-hal: get_qmi_debug_flag:239, support_qmi_debug : false
03-11 16:50:05.949  2186  2186 I CamxPrvdr@2.7-legacy: notifyDeviceStateChange: New device state: 0x0
03-11 16:50:05.949  2186  2186 I CamxComm1.0-CamModule: notifyDeviceStateChange: calling notify_device_state_change with state 0
03-11 16:50:05.949  2186  2186 D CamX    : [DEBUG][HAL    ] camxhal3module.cpp:411 NotifyDeviceStateChange() New Device State: 0
03-11 16:50:05.950  3163  7474 W InputManager-JNI: Input channel object '[Gesture Monitor] moto_actions_input_channel (client)' was disposed without first being removed with the input manager!
03-11 16:50:05.950  2061  2108 E minksocket: MinkIPC_QRTR_Service: client with node 1 port 45b4 went down
03-11 16:50:05.952  7314  7314 D GameMode: isFeatureSupported: true
03-11 16:50:05.952  2061  2108 E minksocket: MinkIPC_QRTR_Service: client with node 1 port 45b5 went down
03-11 16:50:05.953  6344  6675 D Surface : Surface::disconnect
03-11 16:50:05.953  6344  6675 D BufferQueueProducer: [Venus-Home#104525(BLAST Consumer)pid:6344](id:18c8000002d4,api:1,p:6344,c:6344) disconnect: api 1
03-11 16:50:05.953  7314  7314 D GameMode: isFeatureSupported: true
03-11 16:50:05.954  7314  7314 D GameMode: reset : false
03-11 16:50:05.955  2061  2108 E minksocket: MinkIPC_QRTR_Service: client with node 1 port 45b6 went down
03-11 16:50:05.955  2064  2064 E Diag_Lib: diag: Diag_LSM_Init: invoked for pid: 2064 with init_count: 0
03-11 16:50:05.955  2064  2064 E Diag_Lib: diag:failed to connect to diag socket
03-11 16:50:05.955  2064  2064 E Diag_Lib:  Diag_LSM_Init: Failed to open handle to diag driver, error = 13
03-11 16:50:05.956  2064  2064 I sensors-hal: send_sensor_config_request:463, dt=ambient_light_1: convert sample_period=250000000 to batch_period=250000
03-11 16:50:05.956  2064  2064 I sensors-hal: send_sync_sensor_request:341, send sync request
03-11 16:50:05.956  2064  2064 I sensors-hal: send_sync_sensor_request:367, wait for notification of response
03-11 16:50:05.956  2061  2108 E minksocket: MinkIPC_QRTR_Service: client with node 1 port 45b7 went down
03-11 16:50:05.956  7314  7314 D GameMode: isFeatureSupported: true
03-11 16:50:05.958  2064 18735 I sensors-hal: ssc_conn_resp_cb:632, resp_value = 0
03-11 16:50:05.958  2064  2064 I sensors-hal: send_sync_sensor_request:373, takes 1 ms to receive the response with 0
03-11 16:50:05.958  2064  2064 I sensors-hal: activate:184, com.motorola.sensor.alternate_light/65959 en=1 completed
03-11 16:50:05.958  3163  3352 I DisplayPowerController2[1]: 03-11 16:50:05.958 - BrightnessEvent: disp=1, physDisp=local:4630947043778501763, displayState=ON, displayPolicy=OFF, brt=0.35884616, initBrt=0.35884616, rcmdBrt=NaN, preBrt=NaN, lux=NaN, preLux=NaN, brtNits=116.80893, hdrNits=NaN, initNits=116.80893, preNits=NaN, rcmdNits=NaN, hdrBrightness=NaN, brt(%)=47%, brtInt=92, hbmPolicy=normal, hbmMax=0.7660316, hbmMode=off, rbcStrength=-1, thrmMax=1.0, powerFactor=1.0, wasShortTermModelActive=false, flags=invalid_lux , reason=manual, autoBrightness=true, strategy=InvalidBrightnessStrategy, autoBrightnessMode=default
03-11 16:50:05.958  3163  3352 I DisplayPowerController2[1]: Blocking screen off
03-11 16:50:05.958  3163  3352 I WindowManager: Display 1 turning off...
03-11 16:50:05.959  3163  3352 I DisplayPowerController2[1]: Unblocked screen off after 0 ms
03-11 16:50:05.959  3163  3352 I WindowManager: Display1 turned off...
03-11 16:50:05.959  3163  3352 I DisplayBrightnessStrategySelector: Changing the DisplayBrightnessStrategy from InvalidBrightnessStrategy to ScreenOffBrightnessStrategy for display 1
03-11 16:50:05.959  3163  3229 D CLI/SmallCLI: onScreenTurnedOff: 
03-11 16:50:05.960 18733 18733 I ThermalEngine: Throttling daemon started
03-11 16:50:05.960 18733 18733 E ThermalEngine: config_info path not found: /sys/module/msm_thermal/config_info
03-11 16:50:05.960  2064  2064 I sensors-hal: activate:173, com.motorola.sensor.alternate_light/65959 en=0
03-11 16:50:05.960 18733 18733 I ThermalEngine: Using device config file '/vendor/etc/thermal-engine-lynkco.conf'
03-11 16:50:05.960  2061  2108 E minksocket: MinkIPC_QRTR_Service: client with node 1 port 45b8 went down
03-11 16:50:05.961  2064  2064 I sensors-hal: activate:184, com.motorola.sensor.alternate_light/65959 en=0 completed
03-11 16:50:05.962  3163  3352 V DisplayPowerController2[1]: Brightness [0.0] reason changing to: 'screen_off', previous reason: 'manual'.
03-11 16:50:05.962  3163  3352 I DisplayPowerController2[1]: 03-11 16:50:05.962 - BrightnessEvent: disp=1, physDisp=local:4630947043778501763, displayState=OFF, displayPolicy=OFF, brt=0.0, initBrt=0.35884616, rcmdBrt=NaN, preBrt=NaN, lux=0.0, preLux=0.0, brtNits=3.3701954, hdrNits=NaN, initNits=116.80893, preNits=NaN, rcmdNits=NaN, hdrBrightness=NaN, brt(%)=0%, brtInt=1, hbmPolicy=normal, hbmMax=0.7660316, hbmMode=off, rbcStrength=-1, thrmMax=1.0, powerFactor=1.0, wasShortTermModelActive=false, flags=, reason=screen_off, autoBrightness=true, strategy=ScreenOffBrightnessStrategy, autoBrightnessMode=default
03-11 16:50:05.963  2723  9652 E VendorTagDescriptor: lookupTag: Tag name 'support_get_property_2_0' does not exist.
03-11 16:50:05.965  3163  3163 I BrightnessSynchronizer: New Update: {[13181] 0.4239344(f), mUpdatedTypes=0, mConfirmedTypes=0, mTimeUpdated=0, mState=2}
03-11 16:50:05.965  3163  5308 D TouchHwAidlService: setCliDisplayState: mCliScreenOff=true
03-11 16:50:05.966  3163  3231 I DisplayDeviceRepository: Display device changed state: "HDMI Screen", OFF
03-11 16:50:05.966  3163  5308 D TouchHwAidlService: onTapToWakeSettingsChanged isAmbientDisplayAvailable=1 aodEnable=true singleTapEnable=true doubleTapEnable=true lidState=1 callers=com.motorola.server.display.TouchHwAidlService.setCliDisplayState:554 com.motorola.server.MotoExtHwService$MotoExtHwManagerInternal.setCliDisplayState:454 com.android.server.display.LocalDisplayAdapter$LocalDisplayDevice$1.setDisplayState:1082 
03-11 16:50:05.966  3163  5308 D TouchHwAidlService: enableTapWake mode=33 displayId=0 mGestureStowMode=true
