03-11 16:51:16.740 20368 20368 D nativeloader: Extending system_exposed_libraries: libbinauralrenderer_wrapper.qti.so:libhoaeffects.qti.so:libjni_helper.motocameradesktop.so:libimgTuner_jni.motoimagetuner.so:libparamupdater_jni.motoparamupdater.so:libupdateprof.qti.so:libdiag_system.qti.so:libqape.qti.so:libqesdk_ndk_platform.qti.so:liblistenjni.qti.so
03-11 16:51:16.744 20368 20368 D nativeloader: Configuring clns-shared-8 for other apk /system/framework/moto-core_services.jar. target_sdk_version=34, uses_libraries=ALL, library_path=/system_ext/priv-app/Personalize/lib/arm64:/system/lib64:/system_ext/lib64, permitted_path=/data:/mnt/expand:/data/user/0/com.motorola.personalize:/system_ext/priv-app/Personalize:/system/lib64:/system_ext/lib64
03-11 16:51:16.744 20368 20368 D nativeloader: Extending system_exposed_libraries: libbinauralrenderer_wrapper.qti.so:libhoaeffects.qti.so:libjni_helper.motocameradesktop.so:libimgTuner_jni.motoimagetuner.so:libparamupdater_jni.motoparamupdater.so:libupdateprof.qti.so:libdiag_system.qti.so:libqape.qti.so:libqesdk_ndk_platform.qti.so:liblistenjni.qti.so
03-11 16:51:16.747 20368 20368 D nativeloader: Configuring clns-shared-9 for other apk /system/framework/moto-settings.jar. target_sdk_version=34, uses_libraries=ALL, library_path=/system_ext/priv-app/Personalize/lib/arm64:/system/lib64:/system_ext/lib64, permitted_path=/data:/mnt/expand:/data/user/0/com.motorola.personalize:/system_ext/priv-app/Personalize:/system/lib64:/system_ext/lib64
03-11 16:51:16.747 20368 20368 D nativeloader: Extending system_exposed_libraries: libbinauralrenderer_wrapper.qti.so:libhoaeffects.qti.so:libjni_helper.motocameradesktop.so:libimgTuner_jni.motoimagetuner.so:libparamupdater_jni.motoparamupdater.so:libupdateprof.qti.so:libdiag_system.qti.so:libqape.qti.so:libqesdk_ndk_platform.qti.so:liblistenjni.qti.so
03-11 16:51:16.748 20368 20368 D ApplicationLoaders: Returning zygote-cached class loader: /system_ext/framework/androidx.window.extensions.jar
03-11 16:51:16.748 20368 20368 D ApplicationLoaders: Returning zygote-cached class loader: /system_ext/framework/androidx.window.sidecar.jar
03-11 16:51:16.817 20368 20368 D nativeloader: Configuring clns-shared-10 for other apk /system_ext/priv-app/Personalize/Personalize.apk. target_sdk_version=34, uses_libraries=, library_path=/system_ext/priv-app/Personalize/lib/arm64:/system/lib64:/system_ext/lib64, permitted_path=/data:/mnt/expand:/data/user/0/com.motorola.personalize:/system_ext/priv-app/Personalize:/system/lib64:/system_ext/lib64
03-11 16:51:16.824  2195  2386 I SDM     : PipeAllocSdma2::CalculatePipeNumToDedicate: num_vig: 0, num_dma: 1
03-11 16:51:16.824  2195  2386 I SDM     : DisplayBase::SetDisplayState: active 1-1 state 1-1 pending_power_state_ 0
03-11 16:51:16.825  2300  2300 W ComposerExtn: DisplayExtnImpl::SetEarlyWakeUpConfig: HWC Display 2 is not registered!
03-11 16:51:16.825  2300  2300 D SurfaceFlinger: Finished setting power mode 2 on display 4630947043778501763
03-11 16:51:16.825  2300  2300 D RefreshRateSelector: [90:120:0]: mTouchBoostRefreshRateAvailable=0, mScrollBoostRefreshRateAvailable=0, mTouchOnBlankNotBoostRefreshRateAvailable=0
03-11 16:51:16.825  3163  5308 D SurfaceControl: Excessive delay in setPowerMode()
03-11 16:51:16.826  3163  5308 W ServiceManagerCppClient: Failed to get isDeclared for com.motorola.hardware.display.panel.IDisplayPanel/default: Status(-1, EX_SECURITY): 'SELinux denied.'
03-11 16:51:16.826  3163  5308 D DisplayPanelService: Setting panel dc mode: 0
03-11 16:51:16.826  2090  2090 I DisplayPanel: setDcMode: DC mode = OFF
03-11 16:51:16.826  2090  2090 D DisplayPanel: setParam: Success set DC to 0 for Primary display
03-11 16:51:16.828  3163  3229 V WindowManager: Content Recording: Display 1 state was (2), is now (2), so update recording?
03-11 16:51:16.828  3163  3229 D CLI/Transition: displaygroup 1, state ON, pendingdisplaygroup -1
03-11 16:51:16.828  2300  2300 I BpBinder: onLastStrongRef automatically unlinking death recipients: 
03-11 16:51:16.828  3163  3231 D DisplayManagerService: Ignore redundant display event 1/2 to 10276/6616
03-11 16:51:16.829  3163  3231 D DisplayManagerService: Ignore redundant display event 1/2 to 10416/12833
03-11 16:51:16.829  3163  3231 D DisplayManagerService: Ignore redundant display event 1/2 to 10584/22044
03-11 16:51:16.830  3163  8301 E WindowManager: Dream packageName does not match active dream. Package com.motorola.motocare does not match ComponentInfo{com.android.systemui/com.android.systemui.doze.DozeService}
03-11 16:51:16.830  3163  7474 E WindowManager: Dream packageName does not match active dream. Package com.dolby.daxservice does not match ComponentInfo{com.android.systemui/com.android.systemui.doze.DozeService}
03-11 16:51:16.830  3163  4132 E WindowManager: Dream packageName does not match active dream. Package com.google.android.inputmethod.latin does not match ComponentInfo{com.android.systemui/com.android.systemui.doze.DozeService}
03-11 16:51:16.831  3163  7933 E WindowManager: Dream packageName does not match active dream. Package com.google.android.ext.services does not match ComponentInfo{com.android.systemui/com.android.systemui.doze.DozeService}
03-11 16:51:16.831  3163  5843 E WindowManager: Dream packageName does not match active dream. Package io.appium.settings does not match ComponentInfo{com.android.systemui/com.android.systemui.doze.DozeService}
03-11 16:51:16.831  3163  6974 E WindowManager: Dream packageName does not match active dream. Package com.google.android.gsf does not match ComponentInfo{com.android.systemui/com.android.systemui.doze.DozeService}
03-11 16:51:16.831  3163  6974 E WindowManager: Dream packageName does not match active dream. Package com.google.android.gms does not match ComponentInfo{com.android.systemui/com.android.systemui.doze.DozeService}
03-11 16:51:16.832  3163  7400 E WindowManager: Dream packageName does not match active dream. Package com.motorola.livewallpaper3.prebuilt.vanilla_reflection does not match ComponentInfo{com.android.systemui/com.android.systemui.doze.DozeService}
03-11 16:51:16.832  3163  3352 D BrightnessThermalClamper: Thermal status observer already started
03-11 16:51:16.833  3163  3352 I WindowManager: Display 1 turned on...
03-11 16:51:16.833  3163  3229 D CLI/SmallCLI: onScreenTurnedOn: 
03-11 16:51:16.833  3163  3352 D BrightnessThermalClamper: Thermal status observer already started
03-11 16:51:16.833  3163  3163 I BrightnessSynchronizer: New Update: {[13203] 0.42506403(f), mUpdatedTypes=0, mConfirmedTypes=0, mTimeUpdated=0, mState=2}
03-11 16:51:16.833  3163  3352 D PowerManagerService: handleSandman ignore 0
03-11 16:51:16.834  2300  2300 E Scheduler: trackPendingFrame: Invalid present fence
03-11 16:51:16.834  3163  3231 W AccessibilityWindowsPopulator: The displayInfo of this displayId (0) called back from the surface fligner is null
03-11 16:51:16.836  3163  5528 E WindowManager: Dream packageName does not match active dream. Package com.motorola.launcher3 does not match ComponentInfo{com.android.systemui/com.android.systemui.doze.DozeService}
03-11 16:51:16.836 20368 20368 V GraphicsEnvironment: Currently set values for:
03-11 16:51:16.836  3163  7402 E WindowManager: Dream packageName does not match active dream. Package app.organicmaps does not match ComponentInfo{com.android.systemui/com.android.systemui.doze.DozeService}
03-11 16:51:16.836 20368 20368 V GraphicsEnvironment:   angle_gl_driver_selection_pkgs=[]
03-11 16:51:16.836 20368 20368 V GraphicsEnvironment:   angle_gl_driver_selection_values=[]
03-11 16:51:16.836 20368 20368 V GraphicsEnvironment: Global.Settings values are invalid: number of packages: 0, number of values: 0
03-11 16:51:16.836  3163  7400 E WindowManager: Dream packageName does not match active dream. Package com.motorola.mobiledesktop does not match ComponentInfo{com.android.systemui/com.android.systemui.doze.DozeService}
03-11 16:51:16.836  3163  4131 E WindowManager: Dream packageName does not match active dream. Package com.motorola.mobiledesktop.core does not match ComponentInfo{com.android.systemui/com.android.systemui.doze.DozeService}
03-11 16:51:16.837  6344  6344 I WindowController: window interactive state updated to true
03-11 16:51:16.840  7545  7545 I FileStationLog: [ FS_h$a ] - [Display] Changed display: 1
03-11 16:51:16.840  3163  5528 E WindowManager: Dream packageName does not match active dream. Package com.motorola.mobiledesktop.core does not match ComponentInfo{com.android.systemui/com.android.systemui.doze.DozeService}
03-11 16:51:16.841  7545  7545 I FileStationLog: [ FS_h$a ] - [Display] Ignoring change for non-default/desktop display: 1
03-11 16:51:16.846  2300  2300 E Scheduler: trackPendingFrame: Invalid present fence
03-11 16:51:16.852  3163  6380 W InputDispatcher: Focused display #1 does not have a focused window.
03-11 16:51:16.853  3163  3231 W AccessibilityWindowsPopulator: The displayInfo of this displayId (0) called back from the surface fligner is null
03-11 16:51:16.853  3163  3231 V WindowManager: Unknown focus tokens, dropping reportFocusChanged
03-11 16:51:16.855  6344  6344 W libc    : Access denied finding property "vendor.display.enable_optimal_refresh_rate"
03-11 16:51:16.855  6344  6344 W libc    : Access denied finding property "vendor.gpp.create_frc_extension"
03-11 16:51:16.859  2300  2300 E Scheduler: trackPendingFrame: Invalid present fence
03-11 16:51:16.867 20368 20368 E Styles  : getprop ro.boot.hardware.color=[tofu]
03-11 16:51:16.867 20368 20368 I PERSONALIZE.MotoApp: Personalize started, version: 01.0.3.093, flavor = release, ROW? = true
03-11 16:51:16.875  5493  6013 W HWUI    : Surface doesn't have any previously queued frames, nothing to readback from
03-11 16:51:16.878  2300  2300 E Scheduler: trackPendingFrame: Invalid present fence
03-11 16:51:16.882  3163  3227 D PowerManagerService: nativeReleaseSuspendBlocker name:PowerManagerService.Broadcasts duration ms: 0
03-11 16:51:16.895  2300  2300 E Scheduler: trackPendingFrame: Invalid present fence
03-11 16:51:16.895 20368 20368 D LockScreen_Utils: loadClockFaceStyleFromStorage: old selected font name is invalid: 
03-11 16:51:16.895 20368 20368 D LockScreen_Utils: loadClockFaceStyleFromStorage: old selected font name is invalid: 
03-11 16:51:16.896 20368 20368 D LockScreen_Utils: loadClockFaceStyleFromStorage: old selected font name is invalid: 
03-11 16:51:16.896 20368 20368 E LockScreen_Utils: loadClockFaceStyleFromStorage: cost 2
03-11 16:51:16.899 20368 20368 D Styles  : Launcher Home App Count = 2
03-11 16:51:16.899 20368 20368 D Styles  : isMotoLauncherDefaultHome: {com.motorola.launcher3/com.android.launcher3.CustomizationPanelLauncher}
03-11 16:51:16.899  3163  4298 I ImeTracker: com.motorola.launcher.secondarydisplay:c6cf2733: onRequestHide at ORIGIN_SERVER reason HIDE_UNSPECIFIED_WINDOW fromUser false
03-11 16:51:16.900  3163  4298 I ImeTracker: com.motorola.launcher.secondarydisplay:c6cf2733: onCancelled at PHASE_SERVER_SHOULD_HIDE
03-11 16:51:16.900 19630 19630 D InsetsController: hide(ime(), fromIme=true)
03-11 16:51:16.900 10834 10834 I GoogleInputMethodService: GoogleInputMethodService.onFinishInput():2097 
03-11 16:51:16.901 10834 10834 I Module  : DeviceLockedStatusModuleProvider$Module.updateDeviceLockedStatus():103 repeatCheckTimes = 0, locked = false
03-11 16:51:16.901 10834 10834 W SessionManager: SessionManager.endSession():88 Try to end a not begun session [INPUT_SESSION].
03-11 16:51:16.901 10834 10834 I GoogleInputMethodService: GoogleInputMethodService.onDestroy():934 
03-11 16:51:16.901 10834 10834 I GlobeKeyExtension: GlobeKeyExtension.onDestroyExtension():162 
03-11 16:51:16.901 10834 10834 I ModuleManager: ModuleManager$ModuleInitListener.maybeUnloadModuleOnUnavailable():1386 module lvk is unavailable
03-11 16:51:16.902 10834 10834 I HardKeyTracker: HardKeyTracker.unregisterKeySequence():221 Unregister key sequence nul{labelResId=2132020475, callback=cnx@8f16a56, lastModifier=2, keyCodes=[47], actions=[0]}
03-11 16:51:16.902 10834 10834 I ModuleManager: ModuleManager$ModuleInitListener.maybeUnloadModuleOnUnavailable():1386 module eci is unavailable
03-11 16:51:16.902 10834 10834 I ModuleManager: ModuleManager$ModuleInitListener.maybeUnloadModuleOnUnavailable():1386 module hvi is unavailable
03-11 16:51:16.902 10834 10834 I ModuleManager: ModuleManager$ModuleInitListener.maybeUnloadModuleOnUnavailable():1386 module mhz is unavailable
03-11 16:51:16.902 10834 10834 I ModuleManager: ModuleManager$ModuleInitListener.maybeUnloadModuleOnUnavailable():1386 module mia is unavailable
03-11 16:51:16.902 10834 10834 I ModuleManager: ModuleManager$ModuleInitListener.maybeUnloadModuleOnUnavailable():1386 module mib is unavailable
03-11 16:51:16.902 10834 10834 I ModuleManager: ModuleManager$ModuleInitListener.maybeUnloadModuleOnUnavailable():1386 module mic is unavailable
03-11 16:51:16.902  3163  4298 W InputManager-JNI: Input channel object '30bfdfa InputMethod (client)' was disposed without first being removed with the input manager!
03-11 16:51:16.902 10834 10834 I ModuleManager: ModuleManager$ModuleInitListener.maybeUnloadModuleOnUnavailable():1386 module mie is unavailable
03-11 16:51:16.902 10834 10834 I ModuleManager: ModuleManager$ModuleInitListener.maybeUnloadModuleOnUnavailable():1386 module mii is unavailable
03-11 16:51:16.902 10834 10834 I ModuleManager: ModuleManager$ModuleInitListener.maybeUnloadModuleOnUnavailable():1386 module mtq is unavailable
03-11 16:51:16.902 10834 10834 I HardKeyTracker: HardKeyTracker.unregisterKeySequence():221 Unregister key sequence nul{labelResId=0, callback=lkj@fc97ead, lastModifier=0, keyCodes=[204], actions=[0]}
03-11 16:51:16.902 10834 10834 I ModuleManager: ModuleManager$ModuleInitListener.maybeUnloadModuleOnUnavailable():1386 module mts is unavailable
03-11 16:51:16.902 10834 10834 I ModuleManager: ModuleManager$ModuleInitListener.maybeUnloadModuleOnUnavailable():1386 module nyc is unavailable
03-11 16:51:16.902 10834 10834 I ModuleManager: ModuleManager$ModuleInitListener.maybeUnloadModuleOnUnavailable():1386 module ljh is unavailable
03-11 16:51:16.903 10834 10834 I ModuleManager: ModuleManager$ModuleInitListener.maybeUnloadModuleOnUnavailable():1386 module ewi is unavailable
03-11 16:51:16.903 10834 10834 I ModuleManager: ModuleManager$ModuleInitListener.maybeUnloadModuleOnUnavailable():1386 module fol is unavailable
03-11 16:51:16.903 10834 10834 I ModuleManager: ModuleManager$ModuleInitListener.maybeUnloadModuleOnUnavailable():1386 module fub is unavailable
03-11 16:51:16.903 10834 10834 I ModuleManager: ModuleManager$ModuleInitListener.maybeUnloadModuleOnUnavailable():1386 module fvu is unavailable
03-11 16:51:16.903 10834 10834 I ModuleManager: ModuleManager$ModuleInitListener.maybeUnloadModuleOnUnavailable():1386 module gfa is unavailable
03-11 16:51:16.903 10834 10834 I ModuleManager: ModuleManager$ModuleInitListener.maybeUnloadModuleOnUnavailable():1386 module ggo is unavailable
03-11 16:51:16.903 10834 10996 I InputActionMetricsProcessor: InputActionMetricsProcessor.onDetached():109 Detached from metrics manager.
03-11 16:51:16.904 10834 10834 I ModuleManager: ModuleManager$ModuleInitListener.maybeUnloadModuleOnUnavailable():1386 module gjm is unavailable
03-11 16:51:16.904 19630 19630 I ImeTracker: app.organicmaps:6a579d10: onRequestHide at ORIGIN_CLIENT reason HIDE_SOFT_INPUT_BY_INSETS_API fromUser false
03-11 16:51:16.904 10834 10834 I JapaneseMozcExtension: JapaneseMozcExtension.onDestroy():52 
03-11 16:51:16.904 10834 10834 I ModuleManager: ModuleManager$ModuleInitListener.maybeUnloadModuleOnUnavailable():1386 module gkb is unavailable
03-11 16:51:16.904 10834 10834 I ModuleManager: ModuleManager$ModuleInitListener.maybeUnloadModuleOnUnavailable():1386 module gya is unavailable
03-11 16:51:16.904 10834 10834 I ModuleManager: ModuleManager$ModuleInitListener.maybeUnloadModuleOnUnavailable():1386 module IEmojiOrGifExtension is unavailable
03-11 16:51:16.904 10834 10834 I ModuleManager: ModuleManager$ModuleInitListener.maybeUnloadModuleOnUnavailable():1386 module IEmoticonExtension is unavailable
03-11 16:51:16.904 10834 10834 I ModuleManager: ModuleManager$ModuleInitListener.maybeUnloadModuleOnUnavailable():1386 module hlc is unavailable
03-11 16:51:16.904 10834 10834 I ModuleManager: ModuleManager$ModuleInitListener.maybeUnloadModuleOnUnavailable():1386 module hoe is unavailable
03-11 16:51:16.904 10834 10834 I ModuleManager: ModuleManager$ModuleInitListener.maybeUnloadModuleOnUnavailable():1386 module hqs is unavailable
03-11 16:51:16.905 19630 19630 I ImeTracker: app.organicmaps:6a579d10: onCancelled at PHASE_CLIENT_APPLY_ANIMATION
03-11 16:51:16.905 10834 10834 I ModuleManager: ModuleManager$ModuleInitListener.maybeUnloadModuleOnUnavailable():1386 module nwn is unavailable
03-11 16:51:16.905 10834 10834 I ModuleManager: ModuleManager$ModuleInitListener.maybeUnloadModuleOnUnavailable():1386 module iga is unavailable
03-11 16:51:16.905 10834 10834 I UniversalDictationExtension: UniversalDictationExtension.onDestroyExtension():136 onDestroy [UD]
03-11 16:51:16.906 10834 10834 I ModuleManager: ModuleManager$ModuleInitListener.maybeUnloadModuleOnUnavailable():1386 module igb is unavailable
03-11 16:51:16.906 10834 10834 I ModuleManager: ModuleManager$ModuleInitListener.maybeUnloadModuleOnUnavailable():1386 module iiq is unavailable
03-11 16:51:16.906 10834 10834 I NewS3RecognizerModule: NewS3RecognizerModule.onDestroy():28 onDestroy [news3]
03-11 16:51:16.906 10834 10834 I ModuleManager: ModuleManager$ModuleInitListener.maybeUnloadModuleOnUnavailable():1386 module imw is unavailable
03-11 16:51:16.906 10834 10834 I ModuleManager: ModuleManager$ModuleInitListener.maybeUnloadModuleOnUnavailable():1386 module kdw is unavailable
03-11 16:51:16.906  3163  4298 I ImeTracker: com.motorola.launcher.secondarydisplay:e597d72c: onRequestHide at ORIGIN_SERVER reason HIDE_DISPLAY_IME_POLICY_HIDE fromUser false
03-11 16:51:16.906  3163  4298 I ImeTracker: com.motorola.launcher.secondarydisplay:e597d72c: onCancelled at PHASE_SERVER_SHOULD_HIDE
03-11 16:51:16.906 10834 10834 I HardKeyTracker: HardKeyTracker.unregisterKeySequence():221 Unregister key sequence nul{labelResId=2132020470, callback=cth@39ba624, lastModifier=2, keyCodes=[48], actions=[0]}
03-11 16:51:16.906  2064  4171 D slpi-TMD2712: tmd2712: Prox pdata 7, offset1:69, full: 724, NearBy: 0, Lth:54, Hth:85,off_l 69. off_h 0, th_l 1, th_h 85
03-11 16:51:16.907 10834 10834 I HardKeyTracker: HardKeyTracker.unregisterKeySequence():221 Unregister key sequence nul{labelResId=2132020466, callback=cth@a0461b6, lastModifier=2, keyCodes=[56], actions=[0]}
03-11 16:51:16.908 10834 10834 I HardKeyTracker: HardKeyTracker.unregisterKeySequence():221 Unregister key sequence nul{labelResId=2132020466, callback=cth@2673eb7, lastModifier=0, keyCodes=[317], actions=[0]}
03-11 16:51:16.908 10834 10834 I HardKeyTracker: HardKeyTracker.unregisterKeySequence():221 Unregister key sequence nul{labelResId=2132020465, callback=cth@efd20ea, lastModifier=2, keyCodes=[50], actions=[0]}
03-11 16:51:16.908 10834 10834 I HardKeyTracker: HardKeyTracker.unregisterKeySequence():221 Unregister key sequence nul{labelResId=2132020468, callback=cth@b6ce342, lastModifier=2, keyCodes=[37], actions=[0]}
03-11 16:51:16.908 10834 10834 I HardKeyTracker: HardKeyTracker.unregisterKeySequence():221 Unregister key sequence nul{labelResId=2132020471, callback=cth@8263945, lastModifier=2, keyCodes=[32], actions=[0]}
03-11 16:51:16.908 10834 10834 I HardKeyTracker: HardKeyTracker.unregisterKeySequence():221 Unregister key sequence nul{labelResId=2132020469, callback=cth@c97d3f7, lastModifier=65536, keyCodes=[76], actions=[0]}
03-11 16:51:16.908 10834 10834 I HardKeyTracker: HardKeyTracker.unregisterKeySequence():221 Unregister key sequence nul{labelResId=2132020466, callback=cth@9bc2b1a, lastModifier=2, keyCodes=[56], actions=[0]}
03-11 16:51:16.908 10834 10834 I HardKeyTracker: HardKeyTracker.unregisterKeySequence():221 Unregister key sequence nul{labelResId=2132020466, callback=cth@a5c764b, lastModifier=0, keyCodes=[317], actions=[0]}
03-11 16:51:16.908 10834 10834 I HardKeyTracker: HardKeyTracker.unregisterKeySequence():221 Unregister key sequence nul{labelResId=2132020475, callback=cth@8aaa465, lastModifier=2, keyCodes=[47], actions=[0]}
03-11 16:51:16.908 10834 10834 I HardKeyTracker: HardKeyTracker.unregisterKeySequence():221 Unregister key sequence nul{labelResId=2132018771, callback=cth@140411b, lastModifier=2, keyCodes=[39], actions=[0]}
03-11 16:51:16.908 10834 10834 I HardKeyTracker: HardKeyTracker.unregisterKeySequence():221 Unregister key sequence nul{labelResId=2132020468, callback=cth@7ff0090, lastModifier=2, keyCodes=[37], actions=[0]}
03-11 16:51:16.908 10834 10834 I HardKeyTracker: HardKeyTracker.unregisterKeySequence():221 Unregister key sequence nul{labelResId=2132020465, callback=cth@66a4551, lastModifier=2, keyCodes=[50], actions=[0]}
03-11 16:51:16.908 10834 10834 I HardKeyTracker: HardKeyTracker.unregisterKeySequence():221 Unregister key sequence nul{labelResId=2132020470, callback=cth@91f4d89, lastModifier=2, keyCodes=[48], actions=[0]}
03-11 16:51:16.909 10834 10834 I HardKeyTracker: HardKeyTracker.unregisterKeySequence():221 Unregister key sequence nul{labelResId=2132020471, callback=cth@1a715cb, lastModifier=2, keyCodes=[32], actions=[0]}
03-11 16:51:16.909 10834 10834 I ModuleManager: ModuleManager$ModuleInitListener.maybeUnloadModuleOnUnavailable():1386 module kgi is unavailable
03-11 16:51:16.909 10834 10834 I ModuleManager: ModuleManager$ModuleInitListener.maybeUnloadModuleOnUnavailable():1386 module lns is unavailable
03-11 16:51:16.909 10834 10834 I ModuleManager: ModuleManager$ModuleInitListener.maybeUnloadModuleOnUnavailable():1386 module IBannerExtension is unavailable
03-11 16:51:16.909 10834 10834 I ModuleManager: ModuleManager$ModuleInitListener.maybeUnloadModuleOnUnavailable():1386 module ohp is unavailable
03-11 16:51:16.909 10834 10834 I ModuleManager: ModuleManager$ModuleInitListener.maybeUnloadModuleOnUnavailable():1386 module oky is unavailable
03-11 16:51:16.909 10834 10834 I ModuleManager: ModuleManager$ModuleInitListener.maybeUnloadModuleOnUnavailable():1386 module ifj is unavailable
03-11 16:51:16.909 10834 10834 I ModuleManager: ModuleManager$ModuleInitListener.maybeUnloadModuleOnUnavailable():1386 module ifn is unavailable
03-11 16:51:16.910 10834 10834 I ModuleManager: ModuleManager$ModuleInitListener.maybeUnloadModuleOnUnavailable():1386 module nyi is unavailable
03-11 16:51:16.911 10834 10834 W NotificationCenter: NotificationCenter.unregisterListener():480 Listener ktn@ded5362 was not registered for notification class mev
03-11 16:51:16.911 10834 10834 W NotificationCenter: NotificationCenter.unregisterListener():480 Listener ktm@476822d was not registered for notification class men
03-11 16:51:16.911 10834 10834 W NotificationCenter: NotificationCenter.unregisterListener():480 Listener nhv@13d5144 was not registered for notification class kgz
03-11 16:51:16.911 10834 10834 W NotificationCenter: NotificationCenter.unregisterListener():480 Listener ktc@6603db0 was not registered for notification class lhi
03-11 16:51:16.911 20368 20368 I CheckInWorker: initWorker when Device is unlock? = true
03-11 16:51:16.911 10834 10834 W NotificationCenter: NotificationCenter.unregisterListener():480 Listener kdq@f6d46a9 was not registered for notification class kfo
03-11 16:51:16.911 10834 10834 I HardKeyTracker: HardKeyTracker.unregisterKeySequence():221 Unregister key sequence nul{labelResId=2132020472, callback=null, lastModifier=2, keyCodes=[8], actions=[0]}
03-11 16:51:16.911 10834 10834 I HardKeyTracker: HardKeyTracker.unregisterKeySequence():221 Unregister key sequence nul{labelResId=2132020474, callback=gqg@eb2f655, lastModifier=2, keyCodes=[62], actions=[0]}
03-11 16:51:16.911 10834 10834 I ModuleManager: ModuleManager$ModuleInitListener.maybeUnloadModuleOnUnavailable():1386 module kdu is unavailable
03-11 16:51:16.911 10834 10834 I ModuleManager: ModuleManager$ModuleInitListener.maybeUnloadModuleOnUnavailable():1386 module olt is unavailable
03-11 16:51:16.912 10834 10834 I ModuleManager: ModuleManager$ModuleInitListener.maybeUnloadModuleOnUnavailable():1386 module hok is unavailable
03-11 16:51:16.913 10834 10834 I ModuleManager: ModuleManager$ModuleInitListener.maybeUnloadModuleOnUnavailable():1386 module ghq is unavailable
03-11 16:51:16.914  3163  3231 W AccessibilityWindowsPopulator: The displayInfo of this displayId (0) called back from the surface fligner is null
03-11 16:51:16.917 10834 10834 I ModuleManager: ModuleManager$ModuleInitListener.maybeUnloadModuleOnUnavailable():1386 module hvu is unavailable
03-11 16:51:16.918  2064  4171 D slpi-TMD2712: tmd2712: Prox pdata 6, offset1:69, full: 720, NearBy: 0, Lth:54, Hth:85,off_l 69. off_h 0, th_l 1, th_h 85
03-11 16:51:16.918 10834 10834 I ModuleManager: ModuleManager$ModuleInitListener.maybeUnloadModuleOnUnavailable():1386 module ecr is unavailable
03-11 16:51:16.918  2064 20346 I sensors-hal: handle_indication_realtime:467,  SCHED_FIFO(10) for qmi_cbk
03-11 16:51:16.919 10834 10834 I ModuleManager: ModuleManager$ModuleInitListener.maybeUnloadModuleOnUnavailable():1386 module esr is unavailable
03-11 16:51:16.919 10834 10834 I ModuleManager: ModuleManager$ModuleInitListener.maybeUnloadModuleOnUnavailable():1386 module hzz is unavailable
03-11 16:51:16.919 10834 10834 I ModuleManager: ModuleManager$ModuleInitListener.maybeUnloadModuleOnUnavailable():1386 module ifc is unavailable
03-11 16:51:16.919 10834 10834 I ModuleManager: ModuleManager$ModuleInitListener.maybeUnloadModuleOnUnavailable():1386 module ntv is unavailable
03-11 16:51:16.919 10834 10834 I ModuleManager: ModuleManager$ModuleInitListener.maybeUnloadModuleOnUnavailable():1386 module ntw is unavailable
03-11 16:51:16.919 10834 10834 I ModuleManager: ModuleManager$ModuleInitListener.maybeUnloadModuleOnUnavailable():1386 module oav is unavailable
03-11 16:51:16.920 10834 10834 I ModuleManager: ModuleManager$ModuleInitListener.maybeUnloadModuleOnUnavailable():1386 module hzy is unavailable
03-11 16:51:16.920 10834 10834 I ModuleManager: ModuleManager$ModuleInitListener.maybeUnloadModuleOnUnavailable():1386 module ggm is unavailable
03-11 16:51:16.921 10834 10834 I ModuleManager: ModuleManager$ModuleInitListener.maybeUnloadModuleOnUnavailable():1386 module efd is unavailable
03-11 16:51:16.921  5493  6013 W HWUI    : Surface doesn't have any previously queued frames, nothing to readback from
03-11 16:51:16.921 10834 10834 I ModuleManager: ModuleManager$ModuleInitListener.maybeUnloadModuleOnUnavailable():1386 module ief is unavailable
03-11 16:51:16.921 10834 10834 I ModuleManager: ModuleManager$ModuleInitListener.maybeUnloadModuleOnUnavailable():1386 module ifb is unavailable
03-11 16:51:16.921 10834 10834 I ModuleManager: ModuleManager$ModuleInitListener.maybeUnloadModuleOnUnavailable():1386 module ITranslateUiExtension is unavailable
03-11 16:51:16.921 10834 10834 I ModuleManager: ModuleManager$ModuleInitListener.maybeUnloadModuleOnUnavailable():1386 module egz is unavailable
03-11 16:51:16.923 10834 10834 W NotificationCenter: NotificationCenter.unregisterListener():480 Listener eei@1f88a27 was not registered for notification class ndp
03-11 16:51:16.923 10834 10834 W NotificationCenter: NotificationCenter.unregisterListener():480 Listener efs@826d16c was not registered for notification class ndp
03-11 16:51:16.924 10834 10834 I ModuleManager: ModuleManager$ModuleInitListener.maybeUnloadModuleOnUnavailable():1386 module ego is unavailable
03-11 16:51:16.926 10834 10834 I ModuleManager: ModuleManager$ModuleInitListener.maybeUnloadModuleOnUnavailable():1386 module ojg is unavailable
03-11 16:51:16.927 10834 10834 I ModuleManager: ModuleManager$ModuleInitListener.maybeUnloadModuleOnUnavailable():1386 module oha is unavailable
03-11 16:51:16.929 10834 10834 I ModuleManager: ModuleManager$ModuleInitListener.maybeUnloadModuleOnUnavailable():1386 module ejs is unavailable
03-11 16:51:16.929 10834 10834 I ModuleManager: ModuleManager$ModuleInitListener.maybeUnloadModuleOnUnavailable():1386 module hvo is unavailable
03-11 16:51:16.930 10834 10834 I ModuleManager: ModuleManager$ModuleInitListener.maybeUnloadModuleOnUnavailable():1386 module eqk is unavailable
03-11 16:51:16.932 10834 10834 I ModuleManager: ModuleManager$ModuleInitListener.maybeUnloadModuleOnUnavailable():1386 module ftq is unavailable
03-11 16:51:16.932 10834 10834 I ModuleManager: ModuleManager$ModuleInitListener.maybeUnloadModuleOnUnavailable():1386 module ftu is unavailable
03-11 16:51:16.934 10834 10834 I ModuleManager: ModuleManager$ModuleInitListener.maybeUnloadModuleOnUnavailable():1386 module evt is unavailable
03-11 16:51:16.934 10834 10834 I ModuleManager: ModuleManager$ModuleInitListener.maybeUnloadModuleOnUnavailable():1386 module eww is unavailable
03-11 16:51:16.937 20368 20368 I Typeface: updateThemeFont new=Rookery-Regular;old=sans-serif;new=Rookery-Stacked;old=
03-11 16:51:16.938  3163  7402 I ActivityManager: Flag disabled. Ignoring finishAttachApplication from uid: 10383. pid: 20368
03-11 16:51:16.943 10834 10834 I ModuleManager: ModuleManager$ModuleInitListener.maybeUnloadModuleOnUnavailable():1386 module lau is unavailable
03-11 16:51:16.945 10834 10834 I ModuleManager: ModuleManager$ModuleInitListener.maybeUnloadModuleOnUnavailable():1386 module evm is unavailable
03-11 16:51:16.945  3163  7402 I ActivityManager: Killing 14850:com.motorola.moto/u0a247 (adj 999, setSvc -10000): empty #31
03-11 16:51:16.946  5625 24671 I Channel.Remote: [de8362611079428da312381e6bb8b50c|com.motorola.personalize] ヾ(@^▽^@)ノ Remote channel service now is online 
03-11 16:51:16.948 10834 10834 I EmojifyExtensionImpl: EmojifyExtensionImpl.onDestroy():611 Destroying Emojify extension ezf@f4e594d.
03-11 16:51:16.948 10834 10834 I ModuleManager: ModuleManager$ModuleInitListener.maybeUnloadModuleOnUnavailable():1386 module eyq is unavailable
03-11 16:51:16.948 10834 10834 I AbstractOpenableExtension: AbstractOpenableExtension.maybeDestroyExistingKeyboardGroupManager():534 Destroy existing keyboard group manager in ezz
03-11 16:51:16.948 10834 10834 I ModuleManager: ModuleManager$ModuleInitListener.maybeUnloadModuleOnUnavailable():1386 module IExpressionMomentExtension is unavailable
03-11 16:51:16.948 10834 10834 I ModuleManager: ModuleManager$ModuleInitListener.maybeUnloadModuleOnUnavailable():1386 module IEmojiKitchenBrowseExtension is unavailable
03-11 16:51:16.948 10834 10834 I AbstractOpenableExtension: AbstractOpenableExtension.maybeDestroyExistingKeyboardGroupManager():534 Destroy existing keyboard group manager in hme
03-11 16:51:16.948 10834 10834 I ModuleManager: ModuleManager$ModuleInitListener.maybeUnloadModuleOnUnavailable():1386 module FastAccessBarExtension is unavailable
03-11 16:51:16.949 10834 10834 I ModuleManager: ModuleManager$ModuleInitListener.maybeUnloadModuleOnUnavailable():1386 module hmt is unavailable
03-11 16:51:16.949 10834 10834 I ModuleManager: ModuleManager$ModuleInitListener.maybeUnloadModuleOnUnavailable():1386 module fkk is unavailable
03-11 16:51:16.950 10834 10834 I ModuleManager: ModuleManager$ModuleInitListener.maybeUnloadModuleOnUnavailable():1386 module IGifKeyboardExtension is unavailable
03-11 16:51:16.950 10834 10834 I ModuleManager: ModuleManager$ModuleInitListener.maybeUnloadModuleOnUnavailable():1386 module IStickerExtension is unavailable
03-11 16:51:16.951 10834 10834 I ModuleManager: ModuleManager$ModuleInitListener.maybeUnloadModuleOnUnavailable():1386 module etr is unavailable
03-11 16:51:16.952 10834 10834 I ModuleManager: ModuleManager$ModuleInitListener.maybeUnloadModuleOnUnavailable():1386 module fcx is unavailable
03-11 16:51:16.952 10834 10834 I ModuleManager: ModuleManager$ModuleInitListener.maybeUnloadModuleOnUnavailable():1386 module how is unavailable
03-11 16:51:16.952 10834 10834 I ModuleManager: ModuleManager$ModuleInitListener.maybeUnloadModuleOnUnavailable():1386 module gzb is unavailable
03-11 16:51:16.953 10834 10834 I ModuleManager: ModuleManager$ModuleInitListener.maybeUnloadModuleOnUnavailable():1386 module hzw is unavailable
03-11 16:51:16.953 10834 10834 I ModuleManager: ModuleManager$ModuleInitListener.maybeUnloadModuleOnUnavailable():1386 module nhr is unavailable
03-11 16:51:16.954 10834 10834 I ModuleManager: ModuleManager$ModuleInitListener.maybeUnloadModuleOnUnavailable():1386 module hhx is unavailable
03-11 16:51:16.954 10834 10834 I ModuleManager: ModuleManager$ModuleInitListener.maybeUnloadModuleOnUnavailable():1386 module hid is unavailable
03-11 16:51:16.954 10834 10834 I ModuleManager: ModuleManager$ModuleInitListener.maybeUnloadModuleOnUnavailable():1386 module kts is unavailable
03-11 16:51:16.954 10834 10834 I ModuleManager: ModuleManager$ModuleInitListener.maybeUnloadModuleOnUnavailable():1386 module mtm is unavailable
03-11 16:51:16.955 10834 10834 I HardKeyTracker: HardKeyTracker.unregisterKeySequence():221 Unregister key sequence nul{labelResId=0, callback=gqg@5b132c4, lastModifier=0, keyCodes=[57, 57], actions=[1, 0]}
03-11 16:51:16.955 10834 10834 I HardKeyTracker: HardKeyTracker.unregisterKeySequence():221 Unregister key sequence nul{labelResId=0, callback=gqg@18285ad, lastModifier=0, keyCodes=[58, 58], actions=[1, 0]}
03-11 16:51:16.955 10834 10834 I AbstractOpenableExtension: AbstractOpenableExtension.maybeDestroyExistingKeyboardGroupManager():534 Destroy existing keyboard group manager in hjj
03-11 16:51:16.955 10834 10834 I ModuleManager: ModuleManager$ModuleInitListener.maybeUnloadModuleOnUnavailable():1386 module IEmojiSearchExtension is unavailable
03-11 16:51:16.956 10834 10834 W NotificationCenter: NotificationCenter$NotificationQueue.notifyPendingNotificationsOnExecutor():877 Heavy notify work detected on UI thread: [miy->nhv, miy->nhv, miy->nhv, miy->nhv, miy->nhv, miy->nhv, miy->nhv, miy->nhv, miy->nhv, miy->nhv, miy->nhv, miy->nhv, miy->nhv, miy->nhv, miy->nhv, miy->nhv, miy->nhv, miy->nhv, miy->nhv, miy->nhv, miy->nhv, neg->nef, neg->nef, neg->nef, neg->nef, neg->nef, neg->nef, neg->nef, neg->nef, neg->nef, neg->nef, neg->nef, neg->nef, neg->nef, neg->nef, neg->nef, neg->nef, neg->nef, kgz->nhv, kgz->nhv, kgz->nhv, kgz->nhv, kgz->nhv, kgz->nhv, kgz->nhv, kgz->nhv, kgz->nhv, neg->nef, neg->nef, neg->nef, neg->nef, neg->nef, neg->nef, neg->nef, neg->nef, neg->nef, neg->nef, neg->nef, neg->nef, neg->nef, neg->nef, neg->nef, neg->nef, neg->nef, neg->nef, neg->nef, neg->nef, neg->nef, neg->nef, neg->nef, neg->nef, neg->nef, neg->nef, neg->nef, neg->nef, neg->nef, neg->nef, neg->nef, neg->nef, neg->nef, neg->nef, neg->nef, neg->nef, neg->nef, neg->nef, neg->nef, neg->nef, neg->nef, neg->nef, neg->nef, neg->nef, neg->nef, neg->nef, neg->nef, neg->nef, neg->nef, neg->nef, neg->nef] takes 53ms
03-11 16:51:16.956 10834 10834 I ModuleManager: ModuleManager$ModuleInitListener.maybeUnloadModuleOnUnavailable():1386 module ehz is unavailable
03-11 16:51:16.956 10834 10834 I ExpressiveConceptsPredictionModuleImpl: ExpressiveConceptsPredictionModuleImpl.onDestroy():80 onDestroy()
03-11 16:51:16.956 10834 10834 I ModuleManager: ModuleManager$ModuleInitListener.maybeUnloadModuleOnUnavailable():1386 module hll is unavailable
03-11 16:51:16.957 10834 10834 I ModuleManager: ModuleManager$ModuleInitListener.maybeUnloadModuleOnUnavailable():1386 module eou is unavailable
03-11 16:51:16.957 10834 10834 I ModuleManager: ModuleManager$ModuleInitListener.maybeUnloadModuleOnUnavailable():1386 module fpp is unavailable
03-11 16:51:16.957 10834 10834 I ModuleManager: ModuleManager$ModuleInitListener.maybeUnloadModuleOnUnavailable():1386 module ndq is unavailable
03-11 16:51:16.957 10834 10834 I ModuleManager: ModuleManager$ModuleInitListener.maybeUnloadModuleOnUnavailable():1386 module lgk is unavailable
03-11 16:51:16.957 10834 10834 I ModuleManager: ModuleManager$ModuleInitListener.maybeUnloadModuleOnUnavailable():1386 module lvf is unavailable
03-11 16:51:16.957 10834 10834 I ModuleManager: ModuleManager$ModuleInitListener.maybeUnloadModuleOnUnavailable():1386 module mar is unavailable
03-11 16:51:16.957 10834 10834 I ModuleManager: ModuleManager$ModuleInitListener.maybeUnloadModuleOnUnavailable():1386 module ndj is unavailable
03-11 16:51:16.958 10834 10834 I ModuleManager: ModuleManager$ModuleInitListener.maybeUnloadModuleOnUnavailable():1386 module nuv is unavailable
03-11 16:51:16.958 10834 10834 I ModuleManager: ModuleManager$ModuleInitListener.maybeUnloadModuleOnUnavailable():1386 module okt is unavailable
03-11 16:51:16.958 10834 10834 I ModuleManager: ModuleManager$ModuleInitListener.maybeUnloadModuleOnUnavailable():1386 module lgl is unavailable
03-11 16:51:16.960 10834 10834 I GoogleInputMethodService: GoogleInputMethodService.onDestroy():968 Maybe update OEM display config because of service destruction
03-11 16:51:16.962 10834 10834 I DeviceModeModule: DeviceModeModule.calculateAndNotify():197 Window metrics is not available, fallback to app context.
03-11 16:51:16.962 10834 10834 I DeviceModeModule: DeviceModeModule.calculateAndNotify():224 Device mode 'phone' from display metrics 'DisplayMetrics{density=0.0, width=1080, height=2640, scaledDensity=0.0, xdpi=397.565, ydpi=435.428}' or smallestScreenWidthDp: 411
03-11 16:51:16.963 10834 10834 I GoogleInputMethodService: GoogleInputMethodService.clearInputMethodServiceData():1030 clearInputMethodServiceData for onDestroy
03-11 16:51:16.964 10834 10834 I GoogleInputMethodService: GoogleInputMethodService.discardAllKeyboardViewAndInputView():1262 discardAllKeyboardViewAndInputView()
03-11 16:51:16.965  3163  7402 D CompatChangeReporter: Compat change id reported: 161145287; UID 10383; state: ENABLED
03-11 16:51:16.973  5625 20426 I Channel.Remote: [binder:5625_E] [de8362611079428da312381e6bb8b50c|com.motorola.personalize][808] received remote channel service seq:808 results
03-11 16:51:16.973 10834 10834 I InputMethodEntryManager: InputMethodEntryManager.notifyCurrentInputMethodEntryOnContextChanged():545 notifyCurrentInputMethodEntryOnContextChanged()
03-11 16:51:16.973 10834 10834 I InputMethodEntryManager: InputMethodEntryManager.notifyCurrentInputMethodEntryOnContextChanged():566 Notify current input method entry changed on context change
03-11 16:51:16.975  5625  5625 I Typeface: mototime=Rookery-Stacked;moto_time;5625
03-11 16:51:16.976 10834 10834 I KeyboardThemeProvider: KeyboardThemeProvider.reset():39 Reset keyboard theme
03-11 16:51:16.977 10834 10834 I KeyboardContextProvider: KeyboardContextProvider.setBaseContextAndInvalidKeyboardContextCache():88 setBaseContextAndInvalidKeyboardContextCache(): null
03-11 16:51:16.979  3163  3231 W AccessibilityWindowsPopulator: The displayInfo of this displayId (0) called back from the surface fligner is null
03-11 16:51:16.980  5625  5625 I Typeface: mototime=Rookery-Stacked;moto_time;5625
03-11 16:51:16.981  5625  5625 D LockScreen_Plugin: notifyAttributesChanged: pluginCallback = com.android.systemui.shared.plugins.MotoLsClockFacePlugin$PluginCallback@db2e267, data = Bundle[{clock_face_time=moto_time, clock_face_color=-1}]
03-11 16:51:16.981  5625  5625 V MotoLsClockFacePlugin: onClockFaceColorChange: 0xffffffff
03-11 16:51:16.981  5625  5625 V MotoLsClockFacePlugin: onClockFontChanged
03-11 16:51:16.981  3163  7402 W WindowManager: Cannot find window which accessibility connection is added to
03-11 16:51:16.984  3163  7402 I ActivityManager: appDiedLocked: app=ProcessRecord{32c272f 14850:com.motorola.moto/u0a247} thread=android.os.BinderProxy@fe2d364 fromBinderDied=true isKilledByAm=true reason=null
03-11 16:51:16.985  3163  7402 D RestartModeController: markWaitRestartAppIsSuicided null processName=com.motorola.moto
03-11 16:51:16.986  1905  1905 I Zygote  : Process 14850 exited due to signal 9 (Killed)
03-11 16:51:16.986  3163  3229 D DisplayManagerService: Drop pending events for gone uid 10247
03-11 16:51:16.986  3163  6380 W WindowManager: Failed looking up window session=Session{aad39a 10834:u0a10310} callers=com.android.server.wm.WindowManagerService.removeClientToken:2330 com.android.server.wm.Session.remove:275 android.view.IWindowSession$Stub.onTransact:734 
03-11 16:51:16.986  3163  6380 W WindowManager: win is null client=android.os.BinderProxy@8015825
03-11 16:51:16.987  6942  6983 D ForegroundUtils: UID: 10247 deleted.
03-11 16:51:16.988  3163  3329 I libprocessgroup: Removed cgroup /sys/fs/cgroup/uid_10247/pid_14850
03-11 16:51:16.988  3163  3329 W libprocessgroup: RemoveCgroup: /dev/memcg/apps/uid_10247/pid_14850 does not exist.
03-11 16:51:16.988  3163  7402 D ActivityTaskManager: handleAppDied: uid=10247,diedCount=1,lastDiedTime=102236523,forceStopUids=false
03-11 16:51:16.989 10834 10834 W WindowTokenClientController: Can't find attached WindowTokenClient for android.window.WindowTokenClient@1c4887a
03-11 16:51:16.989 10834 10834 I AbstractOpenableExtension: AbstractOpenableExtension$3.onSuccess():552 KeyboardGroupManager destroyed in ezz.
03-11 16:51:16.989 10834 10834 I AbstractOpenableExtension: AbstractOpenableExtension$3.onSuccess():552 KeyboardGroupManager destroyed in hme.
03-11 16:51:16.989 10834 10834 I AbstractOpenableExtension: AbstractOpenableExtension$3.onSuccess():552 KeyboardGroupManager destroyed in hjj.
03-11 16:51:16.992  5625  5625 I vol.VolumeDialogImpl: dismissH reason = screen_off mDialog.isShowing(): false
03-11 16:51:16.999 10834 10834 I AppBase : AppBase.onTrimMemory():427 onTrimMemory(): 40
03-11 16:51:17.000 10834 10834 I KeyboardDefCache: MemoryFileCache$1.onTrimMemory():124 clearMemory() for trim memory: 40
03-11 16:51:17.000 10834 10834 I KeyboardDefCache: MemoryFileCache.clearMemory():408 evictAll()
03-11 16:51:17.000  2064  4171 D slpi    : tmd2712: Als lux: 196.70, ch0: 3397, ch1: 56, scale: 1.08, atime:50.04, again:1024
03-11 16:51:17.001 10834 11184 I HWUI    : setGrContext validptr-->nullptr
03-11 16:51:17.086 19630 19630 I LocationState: (main) Stopping location in the background
03-11 16:51:17.086 19630 19630 I LocationState: (main) 
03-11 16:51:17.091  2064  2064 I sensors-hal: activate:173, android.sensor.rotation_vector/111 en=0
03-11 16:51:17.092  2061  2108 E minksocket: MinkIPC_QRTR_Service: client with node 1 port 46d5 went down
03-11 16:51:17.092  2064  2064 I sensors-hal: activate:184, android.sensor.rotation_vector/111 en=0 completed
03-11 16:51:17.301  2064  4171 D slpi    : tmd2712: Als lux: 218.80, ch0: 3780, ch1: 59, scale: 1.08, atime:50.04, again:1024
03-11 16:51:17.305  5625  5625 I KeyguardTransitionRepository: FINISHED transition: TransitionStep(from=GONE, to=DOZING, value=1.0, transitionState=FINISHED, ownerName=FromGoneTransitionInteractor(Sleep transition triggered))
03-11 16:51:17.340  3163  7400 W WallpaperManagerService: getWallpaperWithFeature wallpaper not existed, ; which = 2
03-11 16:51:17.350 10834 10847 W SP      : File ref is being finalized but wasn't closed, file: 7a635888cb828dfa2fc744b7b9b50f04[621]
03-11 16:51:17.353 10834 10847 W SP      : File ref is being finalized but wasn't closed, file: 2020031023_en[1501]
03-11 16:51:17.353 10834 10847 W SP      : File ref is being finalized but wasn't closed, file: 2020031023_en[1501]
03-11 16:51:17.353 10834 10847 W SP      : File ref is being finalized but wasn't closed, file: 2020031023_en[1501]
03-11 16:51:17.353 10834 10847 W SP      : File ref is being finalized but wasn't closed, file: 2020031023_en[1501]
03-11 16:51:17.354 10834 10847 W SP      : File ref is being finalized but wasn't closed, file: 7a635888cb828dfa2fc744b7b9b50f04[621]
03-11 16:51:17.357 10834 10847 W SP      : File ref is being finalized but wasn't closed, file: 2020031023_en[1501]
03-11 16:51:17.357 10834 10847 W SP      : File ref is being finalized but wasn't closed, file: 2020031023_en[1501]
03-11 16:51:17.358 10834 10847 W SP      : File ref is being finalized but wasn't closed, file: 2020031023_en[1501]
03-11 16:51:17.358 10834 10847 W SP      : File ref is being finalized but wasn't closed, file: 2020031023_en[1501]
03-11 16:51:17.362  2064  4171 D slpi-MOT_HALL: Flip send data : 0, State: far
03-11 16:51:17.362  2064  4173 I sensors-hal: handle_sns_client_event:365, mot_flip_event: now=192233267113104 hal ts=192233266495208, MOT_FLIP_STATE_OPEN, count=1455.0, cause=0.0, fwreg 1
03-11 16:51:17.362  2064  4171 E slpi    : MOT_GPIO_FLIP kernel state gpio unset
03-11 16:51:17.362  2064  4173 I sensors-hal: sns_device_mode_init:227, sns_device_mode_init Start
03-11 16:51:17.363  2064  4173 I android.hardware.sensors@2.1-service.multihal: vendor/qcom/proprietary/adsprpc/src/fastrpc_apps_user.c:1553: remote_handle64_open: Successfully opened handle 0x1aead710 for '":;./\createstaticpd:sensorspd&_dom=adsp on domain 0
03-11 16:51:17.363  3163  3231 I DeviceStateManagerService: Cannot notify device state info change when pending state is present.
03-11 16:51:17.364  3163  3227 D TouchHwAidlService: onStateChanged.. state=1
03-11 16:51:17.365  3163  3229 D CLI/SmallCLI: onDeviceLidStateChanged: state=CLOSED
03-11 16:51:17.365  2064  4173 I android.hardware.sensors@2.1-service.multihal: vendor/qcom/proprietary/adsprpc/src/fastrpc_perf.c:273: fastrpc_perf_init: enabled systrace 0x0 and RPC traces (kernel 0, dsp 0) with frequency 1000
03-11 16:51:17.365  2064 20411 I android.hardware.sensors@2.1-service.multihal: vendor/qcom/proprietary/adsprpc/src/log_config.c:348: file_watcher_thread starting for domain 0
03-11 16:51:17.365  2064 20411 W android.hardware.sensors@2.1-service.multihal: vendor/qcom/proprietary/adsprpc/src/log_config.c:358:file_watcher_thread: Couldn't find file android.hardware.sensors@2.1-service.multihal.farf, errno (No such file or directory)
03-11 16:51:17.365  2064 20410 I android.hardware.sensors@2.1-service.multihal: vendor/qcom/proprietary/adsprpc/src/listener_android.c:116: listener thread starting
03-11 16:51:17.367  2064 20410 I android.hardware.sensors@2.1-service.multihal: vendor/qcom/proprietary/adsprpc/src/mod_table.c:703: open_mod_table_open_from_static: reverse module apps_std opened with handle 0x450dfe00 (idx 0)
03-11 16:51:17.367  3163  3231 I LogicalDisplayMapper: Requesting Transition to state: 1, from state=0, interactive=false, mBootCompleted=true
03-11 16:51:17.368  3163  3231 I LogicalDisplayMapper: Applying layout: [{dispId: 0(ON), displayGroupName: , addr: {port=130, model=0x40446dccee101c}, mThermalBrightnessThrottlingMapId: null, mRefreshRateZoneId: null, mLeadDisplayId: -1, mLeadDisplayAddress: null, mThermalRefreshRateThrottlingMapId: null, mPowerThrottlingMapId: null}], Previous layout: [{dispId: 0(ON), displayGroupName: , addr: {port=130, model=0x40446dccee101c}, mThermalBrightnessThrottlingMapId: null, mRefreshRateZoneId: null, mLeadDisplayId: -1, mLeadDisplayAddress: null, mThermalRefreshRateThrottlingMapId: null, mPowerThrottlingMapId: null}]
03-11 16:51:17.368  2064 20410 I android.hardware.sensors@2.1-service.multihal: vendor/qcom/proprietary/adsprpc/src/apps_std_imp.c:860: Successfully opened file /vendor/dsp/adsp/libsns_device_mode_skel.so
03-11 16:51:17.368  3163  3231 D CLI/Rotation: Set volume keyswap sysprop for rotation 0 lidState CLOSED
03-11 16:51:17.375  2064  4173 E android.hardware.sensors@2.1-service.multihal: vendor/qcom/proprietary/adsprpc/src/fastrpc_apps_user.c:1491: Error 0x80000406: remote_handle_open_domain: dynamic loading failed for file:///libsns_device_mode_skel.so?sns_device_mode_skel_handle_invoke&_modver=1.0&_dom=adsp on domain 0 (dlerror segment 0 failed hash verification(0x34DC000 B)) (errno Success)
03-11 16:51:17.375  2064  4173 E android.hardware.sensors@2.1-service.multihal: vendor/qcom/proprietary/adsprpc/src/fastrpc_apps_user.c:1550: Error 0x80000406: remote_handle64_open failed for file:///libsns_device_mode_skel.so?sns_device_mode_skel_handle_invoke&_modver=1.0&_dom=adsp (errno Success)
03-11 16:51:17.375  2064  4173 I sensors-hal: sns_device_mode_init:262, sns_device_mode_init End
03-11 16:51:17.375  2064  4173 E sensors-hal: sendDeviceMode:287, mot_flip: one or mode handles unopened: dm 0 rpc 1
03-11 16:51:17.376  2064  4173 E android.hardware.sensors@2.1-service.multihal: vendor/qcom/proprietary/adsprpc/src/fastrpc_apps_user.c:1366: Error 0x80000600: remote_handle_invoke failed for handle 0x0, method 1 on domain 0 (sc 0x1010200) (errno Success)
03-11 16:51:17.376  3163  4279 I CLI/Transition_Device: lid state changed: CLOSED -> OPEN, device state changed to CLOSED
03-11 16:51:17.376  2064  4173 E android.hardware.sensors@2.1-service.multihal: vendor/qcom/proprietary/adsprpc/src/fastrpc_apps_user.c:1575: Error 0x80000600: remote_handle_close failed for handle 0x0 (dlerr \) (errno Success)
03-11 16:51:17.376  2064  4173 I android.hardware.sensors@2.1-service.multihal: vendor/qcom/proprietary/adsprpc/src/fastrpc_apps_user.c:2737: domain_deinit for domain 0: dev 74
03-11 16:51:17.376  3163  4279 D CLI/Transition_Lid: update lid state OPEN
03-11 16:51:17.378  2064 20410 E android.hardware.sensors@2.1-service.multihal: vendor/qcom/proprietary/adsprpc/src/fastrpc_apps_user.c:3516: exit_thread current process1 thread exit nErr = 0x8000040d domain 0, handle 0xb400007d1aead710
03-11 16:51:17.378  2064 20411 W android.hardware.sensors@2.1-service.multihal: vendor/qcom/proprietary/adsprpc/src/log_config.c:368:Warning: file_watcher_thread received exit for domain 0, file android.hardware.sensors@2.1-service.multihal.farf
03-11 16:51:17.378  2064 20411 I android.hardware.sensors@2.1-service.multihal: vendor/qcom/proprietary/adsprpc/src/log_config.c:415: file_watcher_thread exiting for domain 0
03-11 16:51:17.379  3163  3227 V WindowManager: Sent Transition (#8745) createdAt=03-11 16:51:17.378 via request=TransitionRequestInfo { type = SLEEP, triggerTask = null, pipTask = null, remoteTransition = null, displayChange = null, flags = 0, debugId = 8745 }
