03-12 21:37:17.911  4205  4205 D AiAgentEffect: onPrivacyItemsChanged privacyItems isEmpty or found item is null
03-12 21:37:17.912 32228 32228 I [CE]_ContextEngineReceiver: onReceive - ContextEngineReceiver onReceive action : com.samsung.android.ce.sensor.sLocation.PASSIVE_INTENT
03-12 21:37:17.912 32228 32228 I [CE]_ContextEngineReceiver: onReceive - SLocation intent : com.samsung.android.ce.sensor.sLocation.PASSIVE_INTENT
03-12 21:37:17.912 32228 32228 I [CE]_i  : OnReceive - [Passive Location] 20247613
03-12 21:37:17.914 32228 32228 I [CE]_SpatialContextManager: isNHInternal - ID = 13 label = 1 conf = 0.19985634
03-12 21:37:17.914 32228 32228 I [CE]_SpatialContextManager: isNWInternal - ID = 7 label = 2 conf = 0.47339362
03-12 21:37:17.916 32228 32228 I [CE]_ContextEngineReceiver: onReceive - ContextEngineReceiver onReceive action : com.samsung.android.ce.sensor.LocationProvider.INTENT_MOVE_CONTEXT_PASSIVE_LOCATION
03-12 21:37:17.916 32228 32228 I [CE]_ContextEngineReceiver: onReceive - ActivityDataManager intent : com.samsung.android.ce.sensor.LocationProvider.INTENT_MOVE_CONTEXT_PASSIVE_LOCATION
03-12 21:37:17.917 32228 32228 I [CE]_MovingContextProvider: Save - Time: 1773365838000, Value: 6826.84
03-12 21:37:17.919 32228 32228 I [CE]_ContextEngineReceiver: onReceive - ContextEngineReceiver onReceive action : com.samsung.android.mocca.ACTION_ADVANCED_VEHICLE_EVENT
03-12 21:37:17.919 32228 32228 I [CE]_ContextEngineReceiver: onReceive - ActivityDataManager intent : com.samsung.android.mocca.ACTION_ADVANCED_VEHICLE_EVENT
03-12 21:37:17.919 32228 32228 I [CE]_MovingContextProvider: onReceive - Advanced Vehicle Context received: 18, 2
03-12 21:37:17.919 32228 32228 I [CE]_CarContextProvider: onReceive - Advanced Vehicle Context received: 18, 2
03-12 21:37:17.924  4205  4205 W View    : requestLayout() improperly called by com.android.systemui.qs.SecQSGradationDrawableView{a6be148 V.E...... ......ID 0,0-1080,354 #7f0a0a16 app:id/qs_gradation_view} during layout: running second layout pass
03-12 21:37:17.925  4205  4205 W View    : requestLayout() improperly called by android.widget.FrameLayout{4430be1 V.E...... ......I. 0,0-1080,2640 #2} during layout: running second layout pass
03-12 21:37:17.925  4205  4205 W View    : requestLayout() improperly called by android.widget.FrameLayout{f30cd06 V.E...... ......ID 0,166-1080,2496 #7f0a0a14 app:id/qs_frame} during layout: running second layout pass
03-12 21:37:17.926  4205  4205 W RefactorFlag: New code path expects SceneContainerFlag to be enabled.
03-12 21:37:17.928  2105  2321 I VSyncReactor: Current= 120, Period= 120, Distance= 1
03-12 21:37:17.936  2105  2321 I VSyncReactor: Current= 120, Period= 120, Distance= 120
03-12 21:37:18.070  8154  8344 D SplunkRNRum: Reading file content for ingest: /data/user/0/com.buffalowildwings.blazinrewards/files/spans/1773365836204000000.spans
03-12 21:37:18.121  8154  8344 D SplunkRNRum: File content /data/user/0/com.buffalowildwings.blazinrewards/files/spans/1773365836204000000.spans successfully uploaded
03-12 21:37:18.123  3003  3631 D ActivityManager: freezing 8664 com.samsung.cmh
03-12 21:37:18.127  3003  3631 I UMR     : B|Compact com.samsung.cmh(8664)
03-12 21:37:18.131  3003  3941 D InetDiagMessage: Destroyed 0 sockets, proto=IPPROTO_TCP, family=AF_INET, states=14
03-12 21:37:18.134  3003  3941 D InetDiagMessage: Destroyed 0 sockets, proto=IPPROTO_TCP, family=AF_INET6, states=14
03-12 21:37:18.134  3003  3941 D InetDiagMessage: Destroyed live tcp sockets for uids={5004} in 6ms
03-12 21:37:18.196  3003  3631 I UMR     : E|Compact d_rss=-10872KB
03-12 21:37:18.446  2007  8941 I sensors-hal: handle_sns_client_event:341, [1158] mag_sample_cal(magcal_available:1): ts=193039004468104 ns; cal = [-3.693604, -47.810776, -31.389679], uncal = [-277.773590, 81.429214, -361.569672], bias = [-274.079987, 129.239990, -330.179993], status=3
03-12 21:37:18.449  2007  8938 I sensors-hal: handle_sns_client_event:455, [0][2620] gyro_sample_uncal [-0.111,-0.525,-0.035] [-0.002,-0.005, 0.003] 193039007702322
03-12 21:37:18.510  2097  2125 E HeatmapThread: ECT Thread time in milliseconds: 1773365838
03-12 21:37:18.517  2097  2125 D HeatmapThread: !@ batteryplugType : 2
03-12 21:37:18.517  2097  2125 D HeatmapThread: !@ batteryLevel : 89  batteryTemperature : 309 
03-12 21:37:18.517  2097  2125 D HeatmapThread: !@ Heatmap currtime: 29556097
03-12 21:37:18.517  2097  2125 D HeatmapThread: !@ Heatmap prevtime: 29556072
03-12 21:37:18.517  2097  2125 D HeatmapThread: !@ Heatmap plugstarttime: 29556072
03-12 21:37:18.518  2097  2125 D HeatmapThread: !@ Heatmap prevv_dsoh_update_time: 29555957
03-12 21:37:18.518  2097  2125 E HeatmapThread: !@ CAM New BSOH: 100
03-12 21:37:18.532  4419  4867 D IpClient/wlan0: addressUpdated: 2601:85:ca02:f280:6446:daff:fe17:20b4/64 on ifindex 45 flags 0x00000100 scope 0
03-12 21:37:18.533  4419  4867 D IpClient/wlan0: addressUpdated: 2601:85:ca02:f280:7097:5f9d:9d2d:6a29/64 on ifindex 45 flags 0x00000001 scope 0
03-12 21:37:18.533  4419  4867 W AlarmManager: Unrecognized alarm listener com.android.networkstack.android.net.ip.IpClientLinkObserver$Dhcp6PdPreferredPrefixAlarmListener@c6017d4
03-12 21:37:18.534  4419  4867 D ApfFilter: (wlan0): Ignoring RA RA fe80::c294:35ff:fe71:84fd -> ff02::1 180s 2601:85:ca02:f280::/64 7200s/7200s DNS 180s 2601:85:ca02:f280:c294:35ff:fe71:84fd 2001:558:feed::1 2001:558:feed::2 RIO 180s ::/0  which matches RA fe80::c294:35ff:fe71:84fd -> ff02::1 180s 2601:85:ca02:f280::/64 7200s/7200s DNS 180s 2601:85:ca02:f280:c294:35ff:fe71:84fd 2001:558:feed::1 2001:558:feed::2 RIO 180s ::/0 
03-12 21:37:18.534  3003  4047 D SilentRoamingManager: updatePnoNetworkList SSIDs { "MSU-Secure", "44winxton", "AngiPhone", "Verizon_MMT4L9", "OnePlus 10T 5G"  }
03-12 21:37:18.536  4111  4111 I wpa_sslib: cmd: GETNCHOMODE
03-12 21:37:18.537  4111  4111 I wpa_sslib: Response: GETNCHOMODE 0
03-12 21:37:18.537  3003  4047 I SemWifiIntelligentConnectionManager: SF: 84:ff / 5785 / -56 / 812 / -1(15) | 84:fe / 2437 / -51 / 196 / -1(80) | 2 / F
03-12 21:37:18.537  4511  4511 I EPDG -- SIM0 [EpdgIntfCont]: sendInterfaceMessage, not mobile, ignore
03-12 21:37:18.537  4511  4511 I EPDG -- SIM0 [EpdgIntfCont]: sendInterfaceMessage, not mobile, ignore
03-12 21:37:18.537  4511  4511 I EPDG -- SIM1 [EpdgIntfCont]: sendInterfaceMessage, not mobile, ignore
03-12 21:37:18.538  4511  4511 I EPDG -- SIM1 [EpdgIntfCont]: sendInterfaceMessage, not mobile, ignore
03-12 21:37:18.540  3003  4047 I SemWifiIntelligentConnectionManager: HD: 84:ff / 5785 / -60 / 631 / 812 / 812 / 4376 | 55% | 0% | U | IWHcondFalse / F / TPass / CPass / SelectionTimeGap :1773365837 s  | F / F | F / 0 / 0 / F / F / F / T
03-12 21:37:18.632  3003  4405 D SemContextService: lock : requestToUpdate
03-12 21:37:18.633  3003  4405 W CAE     : setCAProperty(ContextAwareService.java:509) - [setProperty 01] Mutex is locked for CH_LOC_TRIGGER
03-12 21:37:18.633  3003  3911 D SensorService: setSContextDataLocked ints length 2 , byte length 4
03-12 21:37:18.633  3003  3911 D SensorService: setSContextDataLocked 3db8
03-12 21:37:18.634  2007  2007 I sensors-hal: inject_sensor_data:407, handle 1502 send inject
03-12 21:37:18.634  2007  2007 I sensors-hal: sendContextData:290, sensor hal 4, (0xb8, 0x3d, 0x0, 0x0)
03-12 21:37:18.634  2007  2007 I sensors-hal: sendContextData:131, change_location_trigger 4,184
03-12 21:37:18.634  2007  2007 I sensors-hal: sendUserData:118, change_location_trigger h 184 m 61 s 0
03-12 21:37:18.634  2007  2007 I sensors-hal: create_send_context_data:66, change_location_trigger create_send_context_data
03-12 21:37:18.634  2007  2007 I sensors-hal: send_context_data:694, change_location_trigger, -244018566922240, 1320970896291267344, msgid:700
03-12 21:37:18.635  2007  3909 I sensors-hal: qsh_conn_resp_cb:930, resp_value = 0 for change_location_trigger 
03-12 21:37:18.635  3003  4405 W CAE     : setCAProperty(ContextAwareService.java:515) - [setProperty 02] Mutex is unlocked for CH_LOC_TRIGGER
03-12 21:37:18.635  3003  4405 D SemContextService:     .requestToUpdate() : service = Location Change Trigger
03-12 21:37:18.635  3003  4405 D SemContextService: unlock : requestToUpdate
03-12 21:37:18.635  3003  4405 D SemContextManager:   .requestToUpdate : listener = com.android.server.location.nsflp.NSLocationMonitor$5@d8278d1, service=Location Change Trigger
03-12 21:37:18.636  5490  7699 I NewStopController_FLP: StateChecker, check stationary message
03-12 21:37:18.697  2007  3909 I sensors-hal: qsh_conn_event_cb:890, event[0] sensor:change_location_trigger  Wakeup, msg_id=1025, ts=3706454444088
03-12 21:37:18.697  2007  3909 I sensors-hal: handle_sns_client_event:85, change_location_trigger_event: msgid:1025
03-12 21:37:18.697  2007  3909 I sensors-hal: handle_sns_client_event:108, change_location_trigger_event: 255, 255
03-12 21:37:18.701  3003  3907 D CAE     : onGetSensorHubData(SensorHubParserProvider.java:92) - onGetSensorHubData Event [event buffer len :15], AP_WAKEUP
03-12 21:37:18.702  3003  3907 I CAE     : parse(SensorHubParserProvider.java:188) - buffer size = 15
03-12 21:37:18.702  3003  3907 I CAE     : parse(SensorHubParserProvider.java:199) - 1, 1, 61, -1, 0, 2, 1, 0, 0, 0, 1, 0, 0, 0, 0,
03-12 21:37:18.702  3003  3907 D CAE     : display(ContextProvider.java:375) - ================= CH_LOC_TRIGGER =================
03-12 21:37:18.702  3003  3907 I CAE     : display(ContextProvider.java:391) - duration=[1], property=[1], result=[2], reserved=[0]
03-12 21:37:18.704  3003  3904 D SemContextService: Service.updateContext() : service = Location Change Trigger
03-12 21:37:18.704  3003  3952 D SemContextManager: onSemContextChanged() : event = Location Change Trigger
03-12 21:37:18.704  3003  3952 D NSLocationMonitor: onSemContextChanged, activity : 1 result : 2 movement : 1
03-12 21:37:18.727  3003  4405 I ActivityManager: Changes in 10405 6 to 10, 128 to 0
03-12 21:37:18.733  3003  4002 D BackgroundInstallControlService: Package event received: 0
03-12 21:37:18.734  3003  4405 I ActivityManager: Changes in 10405 10 to 6, 0 to 128
03-12 21:37:18.734  3003  4002 D BackgroundInstallControlService: Package event received: 0
03-12 21:37:18.734  3003  4002 D BackgroundInstallControlService: Package event received: 0
03-12 21:37:18.737  3003  4002 D BackgroundInstallControlService: Package event received: 0
03-12 21:37:18.817  4205  4362 D Tile.SecDeviceControlsTile: handleUpdateState appName = SmartThings
03-12 21:37:18.817  4205  4205 I HotspotTile: onDataSaverChanged: false
03-12 21:37:18.818  4205  4205 I HotspotTile: onHotspotChanged: false
03-12 21:37:18.819  4205  4362 I HotspotTile: handleUpdateState
03-12 21:37:18.820  4205  4362 I HotspotTile: handleUpdateState
03-12 21:37:18.823  4205  4362 I HotspotTile: handleUpdateState
03-12 21:37:18.838  3003  7743 D SemWifiUsabilityStatsMonitor: onWifiUsabilityStats - seqNum 7946, isSameBssidAndFreq true
03-12 21:37:18.839  3003  4029 I SemWifiLinkQualityMonitor: Link stat: 5865 / 103 / 1.00 (2) / 288 / -62.0 || 100.0 : 288.00 / 0.5 : 1.00 / 0.55 : 0.02 / G (G) || 357184ff5785: 0.101 / 79.157 / N || N N / 0 0 / Y 2.0 / Y X 0 / 34519523 0 || Invalid
03-12 21:37:18.840  3003  4030 D InsDataManager: onOutageCountUpdate() - Outage Data: 0, LQ : Y. Outage Triggered: false
03-12 21:37:18.840  3003  4030 D InsDataManager: Trying to save initial normal data.
03-12 21:37:18.841  3003  4030 D SensorCollector: syncMappedBuffers: 0, 0, 42
03-12 21:37:18.841  3003  4030 D InsDataManager: trimBuffers start.
03-12 21:37:18.841  3003  4030 D InsDataManager: trimBuffers - pathBuffer size: 83
03-12 21:37:18.841  3003  4030 D InsDataManager: trimBuffers - nsmBuffer size: 25
03-12 21:37:18.842  3003  4047 D SGM:GameManager: identifyGamePackage. com.buffalowildwings.blazinrewards, mCurrentUserId: 0, callingMethodInfo: com.samsung.android.game.SemGameManager.isGamePackage(SemGameManager.java:106)
03-12 21:37:18.842  3003  4047 D SGM:SemGameManager: isGamePackage(), pkgName=com.buffalowildwings.blazinrewards, ret=false
03-12 21:37:18.842  3003  4030 D InsDataManager: Too short for collecting additional normal data
03-12 21:37:18.842  3003  4030 D SemInsManager: {"bssid": "357184ff5785","rssi": -62.0,"latency": 0.101064830884338,"outage_count": 0,"lq_callback_triggered": true,"outage_log": "Link stat: 5865 / 103 / 1.00 (2) / 288 / -62.0 || 100.0 : 288.00 / 0.5 : 1.00 / 0.55 : 0.02 / G (G) || 357184ff5785: 0.101 / 79.157 / N || N N / 0 0 / Y 2.0 / Y X 0 / 34519523 0 || Invalid""Magnetic Sensor Events size": "0""Pressure Sensor Events size": "0"}
03-12 21:37:18.860  3003  4047 D SilentRoamingManager: updatePnoNetworkList SSIDs { "MSU-Secure", "44winxton", "AngiPhone", "Verizon_MMT4L9", "OnePlus 10T 5G"  }
03-12 21:37:18.865  4111  4111 I wpa_sslib: cmd: GETNCHOMODE
03-12 21:37:18.865  4111  4111 I wpa_sslib: Response: GETNCHOMODE 0
03-12 21:37:18.867  3003  4047 I SemWifiIntelligentConnectionManager: SF: 84:ff / 5785 / -55 / 857 / -1(15) | 84:fe / 2437 / -63 / 133 / -1(80) | 2 / P
03-12 21:37:18.870  3003  4047 I SemWifiIntelligentConnectionManager: HD: 84:ff / 5785 / -62 / 541 / 857 / 857 / 4379 | 55% | 0% | U | IWHcondFalse / F / TPass / CPass / SelectionTimeGap :1773365837 s  | F / F | F / 0 / 0 / F / F / F / T
03-12 21:37:18.894  3003  3951 D GnssLocationProvider_ex: SV Count : 28 / 33      (PRN, Constellation, Type, SNR, Used)
03-12 21:37:18.895  3003  3951 D GnssLocationProvider_ex: (5, GPS, L1, 24.5, 1) (13, GPS, L1, 34.5, 1) (15, GPS, L1, 35.6, 1) (18, GPS, L1, 29.8, 1) (21, GPS, L1, 25.4, 0) (23, GPS, L1, 28.6, 1) 
03-12 21:37:18.895  3003  3951 D GnssLocationProvider_ex: (29, GPS, L1, 27.0, 1) (6, GLONASS, L1, 31.1, 0) (22, GLONASS, L1, 35.4, 1) (23, GLONASS, L1, 19.9, 0) (21, GLONASS, L1, 28.1, 1) (7, GLONASS, L1, 24.2, 1) 
03-12 21:37:18.895  3003  3951 D GnssLocationProvider_ex: (8, GLONASS, L1, 21.8, 0) (35, BEIDOU, L1, 27.3, 1) (32, BEIDOU, L1, 18.7, 1) (30, BEIDOU, L1, 24.4, 1) (29, BEIDOU, L1, 21.2, 1) (20, BEIDOU, L1, 25.8, 1) 
03-12 21:37:18.895  3003  3951 D GnssLocationProvider_ex: (19, BEIDOU, L1, 36.3, 1) (3, GALILEO, L1, 29.1, 1) (8, GALILEO, L1, 23.6, 1) (13, GALILEO, L1, 26.5, 1) (15, GALILEO, L1, 38.8, 1) (34, GALILEO, L1, 27.9, 1) 
03-12 21:37:18.895  3003  3951 D GnssLocationProvider_ex: (18, GPS, L5, 28.0, 1) (3, GALILEO, L5, 29.1, 1) (19, BEIDOU, L5, 22.8, 0) (20, BEIDOU, L5, 25.6, 1) (35, BEIDOU, L5, 23.7, 1) (19, BEIDOU, L1, 33.5, 1) 
03-12 21:37:18.895  3003  3951 D GnssLocationProvider_ex: (20, BEIDOU, L1, 31.4, 1) (30, BEIDOU, L1, 25.2, 1) (35, BEIDOU, L1, 26.7, 1) 
03-12 21:37:18.898  3003  3951 D GnssLocationProvider: reportLocation
03-12 21:37:18.901  5490  5568 I GnssEngineManager_FLP: updateSatelliteStatus, top4=36, top6=35, visibleSv=33, usedSv=28, usedL5Sv=4 (usedGps=7, usedGlo=3, usedBds=12, usedGal=6)
03-12 21:37:18.906  5490  5568 I GnssEngineManager_FLP: onGpsLocationChanged, provider=gps / isMock=false / speed=0.0 / time=1773365839000 / elapsed=193039450106174
03-12 21:37:18.906  5490  5568 I NewStopController_FLP: isAvailableLastLoc, KeepStationary : false , timeGap : 22 , mStraightFixCount : 0
03-12 21:37:18.907  5490  5568 I NewStopController_FLP: onChangedGlpLocation, isGpsStopped= false, isReportingLL= false, isAvailableLastLoc : true
03-12 21:37:18.909  3003 21012 I Mocca_VehicleDetectionHelper: (1.1.04.1)GPS: Avg speed: 0.0 Speed: 0.0 LIST: [0.0, 0.0, 0.0]
03-12 21:37:18.909  3003 21012 D VehicleSensorHub: vehicleSendToSensorHub status : 2 type : 18
03-12 21:37:18.909  3003 21012 I SensorManager: Get Sensor type = 65586
03-12 21:37:18.909  3003 21012 D SensorService: setSContextDataLocked ints length 3 , byte length 5
03-12 21:37:18.909  3003 21012 D SensorService: setSContextDataLocked 123c17c1
03-12 21:37:18.910  3003  4411 D SLocation: PositionManager - Active handleLocationChanged [G, A : 3.81, T : 1773365839000, ET : 193039450, E : SH, h : 21/26]
03-12 21:37:18.910  2007  2007 I sensors-hal: inject_sensor_data:407, handle 1502 send inject
03-12 21:37:18.910  2007  2007 I sensors-hal: sendContextData:290, sensor hal 5, (0xc1, 0x17, 0x3c, 0x12)
03-12 21:37:18.910  2007  2007 I sensors-hal: sendContextData:230, activities 5 c1, 1
03-12 21:37:18.910  2007  2007 I sensors-hal: sendUserData:251, Activities cmd 0xc1 0x17
03-12 21:37:18.910  2007  2007 I sensors-hal: create_send_context_data:80, sending create_send_context_data
03-12 21:37:18.910  2007  2007 I sensors-hal: send_context_data:694, activities, 4914309220830019584, 1320970896291267344, msgid:700
03-12 21:37:18.910  3003  4411 D SLocation: PositionManager - receive gps location
03-12 21:37:18.911  3003 21012 W ContextImpl: Calling a method in the system process without a qualified user: android.app.ContextImpl.sendBroadcast:1335 com.samsung.android.mocca.app.vehicle.AdvancedVehicleDetection.reportAdvancedVehicleEvent:185 com.samsung.android.mocca.app.vehicle.AdvancedVehicleDetection.handleLocEvent:277 com.samsung.android.mocca.app.vehicle.AdvancedVehicleDetection.p:0 D.e.h:136 
03-12 21:37:18.911  2007  3909 I sensors-hal: qsh_conn_resp_cb:930, resp_value = 0 for activities 
03-12 21:37:18.911 16161 16586 I FusedLocation: (REDACTED) location delivery to %s blocked - too fast
03-12 21:37:18.912 16161 16586 I FusedLocation: (REDACTED) location delivery to %s blocked - too close
03-12 21:37:18.913 16161 16586 I FusedLocation: (REDACTED) location delivery to %s blocked - too close
03-12 21:37:18.913 16161 16586 I FusedLocation: (REDACTED) location delivery to %s blocked - too fast
03-12 21:37:18.914 32228 32228 I [CE]_ContextEngineReceiver: onReceive - ContextEngineReceiver onReceive action : com.samsung.android.mocca.ACTION_ADVANCED_VEHICLE_EVENT
03-12 21:37:18.914 32228 32228 I [CE]_ContextEngineReceiver: onReceive - ActivityDataManager intent : com.samsung.android.mocca.ACTION_ADVANCED_VEHICLE_EVENT
03-12 21:37:18.914 32228 32228 I [CE]_MovingContextProvider: onReceive - Advanced Vehicle Context received: 18, 2
03-12 21:37:18.914 32228 32228 I [CE]_CarContextProvider: onReceive - Advanced Vehicle Context received: 18, 2
03-12 21:37:18.914  3003  4411 D SLocation: PositionManager - Passive handleLocationChanged [G, A : 3.81, T : 1773365839000, ET : 193039450, E : SH, h : 21/26]
03-12 21:37:18.915  3003  4411 D SLocation: PositionManager - receive gps location
03-12 21:37:18.915  3003  4411 D SLocation: LocationBuffer - receivedLocation - op[interval(min 60000, max 300000), waitTime 36000000, numOfUpdates 20, minDistance 200.0]dist : 0.0698601 diffTime : 1999 filtered Location
03-12 21:37:18.915  3003  4411 D SLocation: BatchManager - received batch location buffered = false
03-12 21:37:18.915  3003  4411 D SLocation: DuplicateLocationChecker_BatchManager - gps is duplicated last gps location
03-12 21:37:18.916 16161 16586 I FusedLocation: (REDACTED) location delivery to %s blocked - too close
03-12 21:37:18.917  5490  5568 I GmsPassiveListener_FLP: onGmsLocationChanged, provider=fused / speed=0.17232579 / time=1773365838885 / elapsed=193039450106174
03-12 21:37:18.921  3003  4411 D SLocation: PositionManager - Passive handleLocationChanged [F, A : 3.85, T : 1773365838885, ET : 193039450, h : 21/26]
03-12 21:37:18.921  3003  4411 D SLocation: PositionManager - receive fused location
03-12 21:37:18.921  3003  4411 D SLocation: DuplicateLocationChecker_GeofenceLocationFilter - fused is duplicated last fused location
03-12 21:37:18.921  3003  4411 D SLocation: LocationBuffer - receivedLocation - op[interval(min 60000, max 300000), waitTime 36000000, numOfUpdates 20, minDistance 200.0]dist : 0.06767234 diffTime : 1999 filtered Location
03-12 21:37:18.921  3003  4411 D SLocation: BatchManager - received batch location buffered = false
03-12 21:37:18.949  1171  1171 D io_stats: !@   8,0 r 2596679 89110192 w 2093362 54658404 d 233092 60317352 f 82912 230801 iot 918588 0 th 0 0 0 pt 0 inp 0 0 34519.633
03-12 21:37:18.949  1171  1171 D io_stats: !@ Read_top(KB): .android.carkey(24621) 20
03-12 21:37:18.949  1171  1171 D io_stats: !@ Write_top(KB): kworker/u16:4(21321) 2840 sung.android.ce(32228) 28 system_server(3003) 16
03-12 21:37:18.952  2105  2321 I VSyncReactor: Current= 120, Period= 120, Distance= 1
03-12 21:37:18.961  2105  2321 I VSyncReactor: Current= 120, Period= 120, Distance= 120
03-12 21:37:18.962  4111  4111 I wpa_supplicant: Heartbeat 6515
03-12 21:37:19.164  2007 12669 I sensors-hal: handle_sns_client_event:94, folding_angle ts=193039729426385 ns value 168/0 (0/0/2/2 0.105/7.341/6.834 0.124/5.700/7.982 22 0)
03-12 21:37:19.164  2007  3645 I sensors-hal: handle_sns_client_event:182, lid_angle_fusion ts=193039729427166 ns value 3/168/3 168/3  -1/-1     0/    0/    0 (0/0/2/2 0.105/7.341/6.834 0.124/5.700/7.982 22)
03-12 21:37:19.351  2007  8927 I sensors-hal: handle_sns_client_event:375, [0][2724] accel_sample [ 0.263,  8.284,  5.257] 193039910481124
03-12 21:37:19.404  2007  3645 I sensors-hal: handle_sns_client_event:182, lid_angle_fusion ts=193039969430812 ns value 3/158/3 158/3  -1/-1     0/    0/    0 (0/0/2/2 -0.249/8.217/5.575 -0.167/5.709/8.069 5)
03-12 21:37:19.436  2007  8929 I sensors-hal: handle_sns_std_sensor_event:158, [300] Pressure 983.699, cal 0.047, sw_offset 0.000 (lsb(bit) 0xbe 0x10 0x60)
03-12 21:37:19.444  2007 12669 I sensors-hal: handle_sns_client_event:94, folding_angle ts=193040009426385 ns value 157/0 (0/0/2/2 -0.761/8.059/5.934 -0.249/5.513/7.633 3 0)
03-12 21:37:19.511  2097  2125 E HeatmapThread: ECT Thread time in milliseconds: 1773365839
03-12 21:37:19.518  2097  2125 D HeatmapThread: !@ batteryplugType : 2
03-12 21:37:19.518  2097  2125 D HeatmapThread: !@ batteryLevel : 89  batteryTemperature : 309 
03-12 21:37:19.518  2097  2125 D HeatmapThread: !@ Heatmap currtime: 29556097
03-12 21:37:19.518  2097  2125 D HeatmapThread: !@ Heatmap prevtime: 29556072
03-12 21:37:19.518  2097  2125 D HeatmapThread: !@ Heatmap plugstarttime: 29556072
03-12 21:37:19.518  2097  2125 D HeatmapThread: !@ Heatmap prevv_dsoh_update_time: 29555957
03-12 21:37:19.518  2097  2125 E HeatmapThread: !@ CAM New BSOH: 100
03-12 21:37:19.564  2007  3645 I sensors-hal: handle_sns_client_event:206, lid_angle_fusion submit_sensors_hal_event 2/150/3 150/3
03-12 21:37:19.566  3003  4027 I SemWifiServiceDetector: Service det. suspended: T / T / 32187
03-12 21:37:19.569  3003  3003 D DeviceStatePolicy: notifyDeviceStateChangedIfNeeded: newState=2, lastState=3, caller=com.android.server.policy.FlexibleDeviceStatePolicy.adjustState:57 com.android.server.policy.FlexibleDeviceStateProvider.notifyDeviceStateChangedIfNeeded:90 com.android.server.policy.FlexibleDeviceStateProvider.onSensorChanged:21 
03-12 21:37:19.569  3003  3003 D DeviceStateManagerService: onStateChanged identifier = 2
03-12 21:37:19.570  3003  3003 I DeviceStateManagerService: Cannot notify device state info change when pending state is present.
03-12 21:37:19.571  3003  3067 D DeviceStateManagerService: Committing state: DeviceState{identifier=2, name='HALF_OPENED', app_accessible=true, cancel_when_requester_not_on_top=false}
03-12 21:37:19.575  3003  3067 D DeviceStateManagerGlobal: handleDeviceStateInfoChanged state=DeviceState{identifier=2, name='HALF_OPENED', app_accessible=true, cancel_when_requester_not_on_top=false}, baseState=DeviceState{identifier=2, name='HALF_OPENED', app_accessible=true, cancel_when_requester_not_on_top=false}
03-12 21:37:19.576  3003  3647 I CameraService_worker: Fold state changed, DeviceState{identifier=2, name='HALF_OPENED', app_accessible=true, cancel_when_requester_not_on_top=false}
03-12 21:37:19.576  3003  3647 V CameraService_worker: Same device state has coming. skip
03-12 21:37:19.577  4360  4360 I SprWallpaper|FoldInteractive: onDeviceStateChanged: newState[2]
03-12 21:37:19.577  4832 22597 I HoneySpace.ExtraDisplaySource: onStateChanged, state = 2
03-12 21:37:19.577  4832 26495 I HoneySpace.ExtraDisplaySource: onStateChanged, state = 2
03-12 21:37:19.578  6272  6411 D DeviceStateManagerGlobal: handleDeviceStateInfoChanged state=DeviceState{identifier=2, name='HALF_OPENED', app_accessible=true, cancel_when_requester_not_on_top=false}, baseState=DeviceState{identifier=2, name='HALF_OPENED', app_accessible=true, cancel_when_requester_not_on_top=false}
03-12 21:37:19.578  3003  3003 I Telecom : SamsungFoldStateManagerAdapterImpl : DeviceStateCallback - onDeviceStateChanged : DeviceState{identifier=2, name='HALF_OPENED', app_accessible=true, cancel_when_requester_not_on_top=false}
03-12 21:37:19.579  4832 22597 I HoneySpace.ExtraDisplaySource: ExtraDisplayInfo(rotation=0, displayId=1, displaySize=Point(748, 720), displayCutout=DisplayCutout{insets=Rect(0, 0 - 0, 66) waterfall=Insets{left=0, top=0, right=0, bottom=0} boundingRect={Bounds=[Rect(0, 0 - 0, 0), Rect(0, 0 - 0, 0), Rect(0, 0 - 0, 0), Rect(379, 654 - 748, 720)]} cutoutPathParserInfo={CutoutPathParserInfo{displayWidth=748 displayHeight=720 physicalDisplayWidth=748 physicalDisplayHeight=720 density={2.125} cutoutSpec={@bottom @right M 0,0 H -173.6470588235294 V -31.05882352941176 H 0 V 0 Z @dp} rotation={0} scale={1.0} physicalPixelDisplaySizeRatio={1.0}}} sideOverrides={}}, foldState=2)
03-12 21:37:19.579  4832 22597 I HoneySpace.DeviceStateUseCase: changed: THREE_BUTTON, 144, true, false, DisplayInfo(rotation=0, displayId=0, displaySize=Point(1080, 2640), displayCutout=DisplayCutout{insets=Rect(0, 94 - 0, 0) waterfall=Insets{left=0, top=0, right=0, bottom=0} boundingRect={Bounds=[Rect(0, 0 - 0, 0), Rect(505, 0 - 576, 94), Rect(0, 0 - 0, 0), Rect(0, 0 - 0, 0)]} cutoutPathParserInfo={CutoutPathParserInfo{displayWidth=1080 displayHeight=2640 physicalDisplayWidth=1080 physicalDisplayHeight=2640 density={3.0} cutoutSpec={M 0,0 H -11.83333333333333 V 31.33333333333333 H 11.83333333333333 V 0 H 0 Z @dp} rotation={0} scale={1.0} physicalPixelDisplaySizeRatio={1.0}}} sideOverrides={}}, isNavCanMove=true, isTablet=false), ExtraDisplayInfo(rotation=0, displayId=1, displaySize=Point(748, 720), displayCutout=DisplayCutout{insets=Rect(0, 0 - 0, 66) waterfall=Insets{left=0, top=0, right=0, bottom=0} boundingRect={Bounds=[Rect(0, 0 - 0, 0), Rect(0, 0 - 0, 0), Rect(0, 0 - 0, 0), Rect(379, 654 - 748, 720)]} cutoutPathParserInfo={CutoutPathParserInfo{displayWidth=748 displayHeight=720 physicalDisplayWidth=748 physicalDisplayHeight=720 density={2.125} cutoutSpec={@bottom @right M 0,0 H -173.6470588235294 V -31.05882352941176 H 0 V 0 Z @dp} rotation={0} scale={1.0} physicalPixelDisplaySizeRatio={1.0}}} sideOverrides={}}, foldState=2), false
03-12 21:37:19.579  8154  8277 D DeviceStateManagerGlobal: handleDeviceStateInfoChanged state=DeviceState{identifier=2, name='HALF_OPENED', app_accessible=true, cancel_when_requester_not_on_top=false}, baseState=DeviceState{identifier=2, name='HALF_OPENED', app_accessible=true, cancel_when_requester_not_on_top=false}
03-12 21:37:19.579  4832 26495 I HoneySpace.ExtraDisplaySource: ExtraDisplayInfo(rotation=0, displayId=1, displaySize=Point(748, 720), displayCutout=DisplayCutout{insets=Rect(0, 0 - 0, 66) waterfall=Insets{left=0, top=0, right=0, bottom=0} boundingRect={Bounds=[Rect(0, 0 - 0, 0), Rect(0, 0 - 0, 0), Rect(0, 0 - 0, 0), Rect(379, 654 - 748, 720)]} cutoutPathParserInfo={CutoutPathParserInfo{displayWidth=748 displayHeight=720 physicalDisplayWidth=748 physicalDisplayHeight=720 density={2.125} cutoutSpec={@bottom @right M 0,0 H -173.6470588235294 V -31.05882352941176 H 0 V 0 Z @dp} rotation={0} scale={1.0} physicalPixelDisplaySizeRatio={1.0}}} sideOverrides={}}, foldState=2)
03-12 21:37:19.580  4205  6502 D DeviceStateManagerGlobal: handleDeviceStateInfoChanged state=DeviceState{identifier=2, name='HALF_OPENED', app_accessible=true, cancel_when_requester_not_on_top=false}, baseState=DeviceState{identifier=2, name='HALF_OPENED', app_accessible=true, cancel_when_requester_not_on_top=false}
03-12 21:37:19.580 22866 26418 D DeviceStateManagerGlobal: handleDeviceStateInfoChanged state=DeviceState{identifier=2, name='HALF_OPENED', app_accessible=true, cancel_when_requester_not_on_top=false}, baseState=DeviceState{identifier=2, name='HALF_OPENED', app_accessible=true, cancel_when_requester_not_on_top=false}
03-12 21:37:19.580  3003  3067 D WindowManager: onStateChanged, state=2
03-12 21:37:19.581  4832  4896 I HoneySpace.TopTaskSource: FoldState updated(2). updateRunningTasks
03-12 21:37:19.581  3003  3067 I LogicalDisplayMapper: Requesting Transition to state: 2, from state=3, interactive=true, mBootCompleted=true, wakeDevice=false, sleepDevice=false
03-12 21:37:19.581  3003  3067 I LogicalDisplayMapper: Applying layout: [{dispId: 0(ON), displayGroupName: , addr: {port=131, model=0x40446d5d66246e}, mThermalBrightnessThrottlingMapId: null, mRefreshRateZoneId: null, mLeadDisplayId: -1, mLeadDisplayAddress: null, mThermalRefreshRateThrottlingMapId: null, mPowerThrottlingMapId: null}, {dispId: 1(OFF), displayGroupName: , addr: {port=132, model=0x40446d6e9178a2}, mThermalBrightnessThrottlingMapId: null, mRefreshRateZoneId: null, mLeadDisplayId: -1, mLeadDisplayAddress: null, mThermalRefreshRateThrottlingMapId: null, mPowerThrottlingMapId: null}], Previous layout: [{dispId: 0(ON), displayGroupName: , addr: {port=131, model=0x40446d5d66246e}, mThermalBrightnessThrottlingMapId: null, mRefreshRateZoneId: null, mLeadDisplayId: -1, mLeadDisplayAddress: null, mThermalRefreshRateThrottlingMapId: null, mPowerThrottlingMapId: null}, {dispId: 1(OFF), displayGroupName: , addr: {port=132, model=0x40446d6e9178a2}, mThermalBrightnessThrottlingMapId: null, mRefreshRateZoneId: null, mLeadDisplayId: -1, mLeadDisplayAddress: null, mThermalRefreshRateThrottlingMapId: null, mPowerThrottlingMapId: null}]
03-12 21:37:19.581  3003  3067 D LogicalDisplayMapper: applyLayoutLocked[0], oldDisplay=0, newDisplay=0, displayLayout={dispId: 0(ON), displayGroupName: , addr: {port=131, model=0x40446d5d66246e}, mThermalBrightnessThrottlingMapId: null, mRefreshRateZoneId: null, mLeadDisplayId: -1, mLeadDisplayAddress: null, mThermalRefreshRateThrottlingMapId: null, mPowerThrottlingMapId: null}
03-12 21:37:19.581  3003  3067 D LogicalDisplayMapper: applyLayoutLocked[1], oldDisplay=1, newDisplay=1, displayLayout={dispId: 1(OFF), displayGroupName: , addr: {port=132, model=0x40446d6e9178a2}, mThermalBrightnessThrottlingMapId: null, mRefreshRateZoneId: null, mLeadDisplayId: -1, mLeadDisplayAddress: null, mThermalRefreshRateThrottlingMapId: null, mPowerThrottlingMapId: null}
03-12 21:37:19.581  3003  3067 D VibratorManagerService: onTableModeChanged. isTableMode=true
03-12 21:37:19.585  4184  4194 D DeviceStateManagerGlobal: handleDeviceStateInfoChanged state=DeviceState{identifier=2, name='HALF_OPENED', app_accessible=true, cancel_when_requester_not_on_top=false}, baseState=DeviceState{identifier=2, name='HALF_OPENED', app_accessible=true, cancel_when_requester_not_on_top=false}
03-12 21:37:19.585  4205  4205 D FlexPanelStartController: OnDeviceStateChanged: mIsTableMode=false, isTableMode=true
03-12 21:37:19.586  4205  4205 D FlexPanelStartController: onFoldStateTableModeChanged: isTableMode=true
03-12 21:37:19.586  5338  5338 I FoldStateManager: onTableModeChanged: true
03-12 21:37:19.586  5338  5338 I FoldStateManager: updateTableMode: isTableMode = true
03-12 21:37:19.590  4205  4205 I KeyguardUpdateMonitor: onTableModeChanged. mIsTableMode = false, isTableMode = true
03-12 21:37:19.590  4205  4205 I SubScreenManager:  onDeviceStateChanged DeviceState{identifier=2, name='HALF_OPENED', app_accessible=true, cancel_when_requester_not_on_top=false}
03-12 21:37:19.590  4205  4205 I SubScreenManager: onDeviceStateChanged() 
03-12 21:37:19.590  4205  4205 I SubLauncher:SubLauncherStateManager@232606011: setTentMode: 3 -> 2 
03-12 21:37:19.590  4205  4205 I FoldStateManager: onTableModeChanged: true
03-12 21:37:19.590  4205  4205 I FoldStateManager: updateTableMode: isTableMode = true
03-12 21:37:19.604  2007  3645 I sensors-hal: handle_sns_client_event:182, lid_angle_fusion ts=193040169431072 ns value 2/147/3 147/3  -1/-1     0/    0/    0 (0/0/2/2 0.134/9.188/3.135 0.081/6.264/7.624 6)
03-12 21:37:19.604  3003  3067 D InputManager: mFoldingAngleListener: state changed, angle = 147.0, state = 1
03-12 21:37:19.638  3003  4405 D SemContextService: lock : requestToUpdate
03-12 21:37:19.639  3003  4405 W CAE     : setCAProperty(ContextAwareService.java:509) - [setProperty 01] Mutex is locked for CH_LOC_TRIGGER
03-12 21:37:19.639  3003  3911 D SensorService: setSContextDataLocked ints length 2 , byte length 4
03-12 21:37:19.640  3003  3911 D SensorService: setSContextDataLocked 3db8
03-12 21:37:19.640  2007  2007 I sensors-hal: inject_sensor_data:407, handle 1502 send inject
03-12 21:37:19.640  2007  2007 I sensors-hal: sendContextData:290, sensor hal 4, (0xb8, 0x3d, 0x0, 0x0)
03-12 21:37:19.640  2007  2007 I sensors-hal: sendContextData:131, change_location_trigger 4,184
03-12 21:37:19.641  2007  2007 I sensors-hal: sendUserData:118, change_location_trigger h 184 m 61 s 0
03-12 21:37:19.641  2007  2007 I sensors-hal: create_send_context_data:66, change_location_trigger create_send_context_data
03-12 21:37:19.641  2007  2007 I sensors-hal: send_context_data:694, change_location_trigger, -244018566922240, 1320970896291267344, msgid:700
03-12 21:37:19.641  2007  3909 I sensors-hal: qsh_conn_resp_cb:930, resp_value = 0 for change_location_trigger 
03-12 21:37:19.642  3003  4405 W CAE     : setCAProperty(ContextAwareService.java:515) - [setProperty 02] Mutex is unlocked for CH_LOC_TRIGGER
03-12 21:37:19.642  3003  4405 D SemContextService:     .requestToUpdate() : service = Location Change Trigger
03-12 21:37:19.642  3003  4405 D SemContextService: unlock : requestToUpdate
03-12 21:37:19.642  3003  4405 D SemContextManager:   .requestToUpdate : listener = com.android.server.location.nsflp.NSLocationMonitor$5@d8278d1, service=Location Change Trigger
03-12 21:37:19.642  5490  7699 I NewStopController_FLP: StateChecker, check stationary message
03-12 21:37:19.644  2007 12669 I sensors-hal: handle_sns_client_event:94, folding_angle ts=193040209457062 ns value 144/0 (0/0/2/2 0.163/9.251/2.000 0.373/5.867/8.049 8 0)
03-12 21:37:19.680  4832 22597 I HoneySpace.DeviceStateUseCase: update: DeviceState(naviMode=THREE_BUTTON, navigationBarHeight=144, hint=true, transparentHint=false, rotation=0, displayId=0, displaySize=Point(1080, 2640), displayCutout=DisplayCutout{insets=Rect(0, 94 - 0, 0) waterfall=Insets{left=0, top=0, right=0, bottom=0} boundingRect={Bounds=[Rect(0, 0 - 0, 0), Rect(505, 0 - 576, 94), Rect(0, 0 - 0, 0), Rect(0, 0 - 0, 0)]} cutoutPathParserInfo={CutoutPathParserInfo{displayWidth=1080 displayHeight=2640 physicalDisplayWidth=1080 physicalDisplayHeight=2640 density={3.0} cutoutSpec={M 0,0 H -11.83333333333333 V 31.33333333333333 H 11.83333333333333 V 0 H 0 Z @dp} rotation={0} scale={1.0} physicalPixelDisplaySizeRatio={1.0}}} sideOverrides={}}, isNavCanMove=true, isTablet=false, extraDisplayInfo=ExtraDisplayInfo(rotation=0, displayId=1, displaySize=Point(748, 720), displayCutout=DisplayCutout{insets=Rect(0, 0 - 0, 66) waterfall=Insets{left=0, top=0, right=0, bottom=0} boundingRect={Bounds=[Rect(0, 0 - 0, 0), Rect(0, 0 - 0, 0), Rect(0, 0 - 0, 0), Rect(379, 654 - 748, 720)]} cutoutPathParserInfo={CutoutPathParserInfo{displayWidth=748 displayHeight=720 physicalDisplayWidth=748 physicalDisplayHeight=720 density={2.125} cutoutSpec={@bottom @right M 0,0 H -173.6470588235294 V -31.05882352941176 H 0 V 0 Z @dp} rotation={0} scale={1.0} physicalPixelDisplaySizeRatio={1.0}}} sideOverrides={}}, foldState=2), enableOverlayWindow=false)
03-12 21:37:19.681  4832  4832 I HoneySpace.GestureInputHandler: deviceState changed DeviceState(naviMode=THREE_BUTTON, navigationBarHeight=144, hint=true, transparentHint=false, rotation=0, displayId=0, displaySize=Point(1080, 2640), displayCutout=DisplayCutout{insets=Rect(0, 94 - 0, 0) waterfall=Insets{left=0, top=0, right=0, bottom=0} boundingRect={Bounds=[Rect(0, 0 - 0, 0), Rect(505, 0 - 576, 94), Rect(0, 0 - 0, 0), Rect(0, 0 - 0, 0)]} cutoutPathParserInfo={CutoutPathParserInfo{displayWidth=1080 displayHeight=2640 physicalDisplayWidth=1080 physicalDisplayHeight=2640 density={3.0} cutoutSpec={M 0,0 H -11.83333333333333 V 31.33333333333333 H 11.83333333333333 V 0 H 0 Z @dp} rotation={0} scale={1.0} physicalPixelDisplaySizeRatio={1.0}}} sideOverrides={}}, isNavCanMove=true, isTablet=false, extraDisplayInfo=ExtraDisplayInfo(rotation=0, displayId=1, displaySize=Point(748, 720), displayCutout=DisplayCutout{insets=Rect(0, 0 - 0, 66) waterfall=Insets{left=0, top=0, right=0, bottom=0} boundingRect={Bounds=[Rect(0, 0 - 0, 0), Rect(0, 0 - 0, 0), Rect(0, 0 - 0, 0), Rect(379, 654 - 748, 720)]} cutoutPathParserInfo={CutoutPathParserInfo{displayWidth=748 displayHeight=720 physicalDisplayWidth=748 physicalDisplayHeight=720 density={2.125} cutoutSpec={@bottom @right M 0,0 H -173.6470588235294 V -31.05882352941176 H 0 V 0 Z @dp} rotation={0} scale={1.0} physicalPixelDisplaySizeRatio={1.0}}} sideOverrides={}}, foldState=2), enableOverlayWindow=false)
03-12 21:37:19.681  4832  4832 I HoneySpace.RegionManagerImpl: changeTouchRegion() called with: com.honeyspace.gesture.region.NoGestureTouchRegion@27df124 to DeviceState(naviMode=THREE_BUTTON, navigationBarHeight=144, hint=true, transparentHint=false, rotation=0, displayId=0, displaySize=Point(1080, 2640), displayCutout=DisplayCutout{insets=Rect(0, 94 - 0, 0) waterfall=Insets{left=0, top=0, right=0, bottom=0} boundingRect={Bounds=[Rect(0, 0 - 0, 0), Rect(505, 0 - 576, 94), Rect(0, 0 - 0, 0), Rect(0, 0 - 0, 0)]} cutoutPathParserInfo={CutoutPathParserInfo{displayWidth=1080 displayHeight=2640 physicalDisplayWidth=1080 physicalDisplayHeight=2640 density={3.0} cutoutSpec={M 0,0 H -11.83333333333333 V 31.33333333333333 H 11.83333333333333 V 0 H 0 Z @dp} rotation={0} scale={1.0} physicalPixelDisplaySizeRatio={1.0}}} sideOverrides={}}, isNavCanMove=true, isTablet=false, extraDisplayInfo=ExtraDisplayInfo(rotation=0, displayId=1, displaySize=Point(748, 720), displayCutout=DisplayCutout{insets=Rect(0, 0 - 0, 66) waterfall=Insets{left=0, top=0, right=0, bottom=0} boundingRect={Bounds=[Rect(0, 0 - 0, 0), Rect(0, 0 - 0, 0), Rect(0, 0 - 0, 0), Rect(379, 654 - 748, 720)]} cutoutPathParserInfo={CutoutPathParserInfo{displayWidth=748 displayHeight=720 physicalDisplayWidth=748 physicalDisplayHeight=720 density={2.125} cutoutSpec={@bottom @right M 0,0 H -173.6470588235294 V -31.05882352941176 H 0 V 0 Z @dp} rotation={0} scale={1.0} physicalPixelDisplaySizeRatio={1.0}}} sideOverrides={}}, foldState=2), enableOverlayWindow=false)
03-12 21:37:19.682  3003  4405 D TspStateManager: holeName: HomeGesture, direction: 0, startY: 0, endY: 0
03-12 21:37:19.683  4832  4832 I DeadZoneHole: resetDeadZoneHole
03-12 21:37:19.683  4832  4832 I HoneySpace.RegionManagerImpl: resetSwipeRegion. RectF(0.0, 0.0, 0.0, 0.0), RectF(0.0, 0.0, 0.0, 0.0)
03-12 21:37:19.691  2007  3909 I sensors-hal: qsh_conn_event_cb:890, event[0] sensor:change_location_trigger  Wakeup, msg_id=1025, ts=3706473554868
03-12 21:37:19.691  2007  3909 I sensors-hal: handle_sns_client_event:85, change_location_trigger_event: msgid:1025
03-12 21:37:19.691  2007  3909 I sensors-hal: handle_sns_client_event:108, change_location_trigger_event: 255, 255
03-12 21:37:19.694  3003  3907 D CAE     : onGetSensorHubData(SensorHubParserProvider.java:92) - onGetSensorHubData Event [event buffer len :15], AP_WAKEUP
03-12 21:37:19.694  3003  3907 I CAE     : parse(SensorHubParserProvider.java:188) - buffer size = 15
03-12 21:37:19.695  3003  3907 I CAE     : parse(SensorHubParserProvider.java:199) - 1, 1, 61, -1, 0, 2, 1, 0, 0, 0, 1, 0, 0, 0, 0,
03-12 21:37:19.695  3003  3907 D CAE     : display(ContextProvider.java:375) - ================= CH_LOC_TRIGGER =================
03-12 21:37:19.696  3003  3907 I CAE     : display(ContextProvider.java:391) - duration=[1], property=[1], result=[2], reserved=[0]
03-12 21:37:19.696  3003  3904 D SemContextService: Service.updateContext() : service = Location Change Trigger
03-12 21:37:19.697  3003  3952 D SemContextManager: onSemContextChanged() : event = Location Change Trigger
03-12 21:37:19.697  3003  3952 D NSLocationMonitor: onSemContextChanged, activity : 1 result : 2 movement : 1
03-12 21:37:19.724  2007  3645 I sensors-hal: handle_sns_client_event:182, lid_angle_fusion ts=193040289440395 ns value 2/137/3 137/3  -1/-1     0/    0/    0 (0/0/2/2 0.211/9.193/1.431 0.464/5.767/7.810 13)
03-12 21:37:19.764  2007 12669 I sensors-hal: handle_sns_client_event:94, folding_angle ts=193040329439562 ns value 132/0 (0/0/2/2 0.780/9.442/3.336 0.110/6.451/7.159 15 0)
03-12 21:37:19.804  2007  3645 I sensors-hal: handle_sns_client_event:182, lid_angle_fusion ts=193040369442531 ns value 2/123/3 123/3  -1/-1     0/    0/    0 (0/0/2/2 0.211/8.495/-2.522 0.325/5.757/8.571 17)
03-12 21:37:19.844  2007 12669 I sensors-hal: handle_sns_client_event:94, folding_angle ts=193040409439614 ns value 115/0 (0/0/2/2 1.120/10.203/-1.364 0.297/5.240/8.116 20 0)
03-12 21:37:19.884  2007  3645 I sensors-hal: handle_sns_client_event:182, lid_angle_fusion ts=193040449433885 ns value 2/110/3 110/3  -1/-1     0/    0/    0 (0/0/2/2 0.287/9.322/-2.020 0.072/5.556/8.131 22)
03-12 21:37:19.895  3003  3951 D GnssLocationProvider_ex: SV Count : 30 / 35      (PRN, Constellation, Type, SNR, Used)
03-12 21:37:19.896  3003  3951 D GnssLocationProvider_ex: (5, GPS, L1, 24.5, 1) (13, GPS, L1, 35.2, 1) (15, GPS, L1, 31.4, 1) (18, GPS, L1, 29.7, 1) (21, GPS, L1, 25.4, 1) (23, GPS, L1, 28.7, 1) 
03-12 21:37:19.896  3003  3951 D GnssLocationProvider_ex: (29, GPS, L1, 26.5, 1) (6, GLONASS, L1, 31.4, 0) (22, GLONASS, L1, 34.2, 1) (23, GLONASS, L1, 19.9, 0) (21, GLONASS, L1, 25.5, 1) (7, GLONASS, L1, 21.8, 1) 
03-12 21:37:19.896  3003  3951 D GnssLocationProvider_ex: (8, GLONASS, L1, 22.9, 0) (35, BEIDOU, L1, 24.2, 1) (32, BEIDOU, L1, 18.7, 1) (30, BEIDOU, L1, 24.4, 1) (29, BEIDOU, L1, 21.2, 0) (20, BEIDOU, L1, 26.2, 1) 
03-12 21:37:19.896  3003  3951 D GnssLocationProvider_ex: (19, BEIDOU, L1, 36.5, 1) (3, GALILEO, L1, 25.0, 1) (8, GALILEO, L1, 23.6, 1) (13, GALILEO, L1, 24.5, 1) (15, GALILEO, L1, 38.3, 1) (34, GALILEO, L1, 31.3, 1) 
03-12 21:37:19.896  3003  3951 D GnssLocationProvider_ex: (18, GPS, L5, 28.1, 1) (3, GALILEO, L5, 29.3, 1) (15, GALILEO, L5, 19.9, 1) (19, BEIDOU, L5, 24.7, 1) (20, BEIDOU, L5, 29.4, 1) (35, BEIDOU, L5, 23.7, 1) 
03-12 21:37:19.896  3003  3951 D GnssLocationProvider_ex: (19, BEIDOU, L1, 34.3, 1) (20, BEIDOU, L1, 28.9, 1) (29, BEIDOU, L1, 20.9, 0) (30, BEIDOU, L1, 25.0, 1) (35, BEIDOU, L1, 26.2, 1) 
03-12 21:37:19.896  5490  5568 I GnssEngineManager_FLP: updateSatelliteStatus, top4=35, top6=34, visibleSv=35, usedSv=30, usedL5Sv=6 (usedGps=8, usedGlo=3, usedBds=12, usedGal=7)
03-12 21:37:19.901  3003  3951 D GnssLocationProvider: reportLocation
03-12 21:37:19.904  5490  5568 I GnssEngineManager_FLP: onGpsLocationChanged, provider=gps / isMock=false / speed=0.0 / time=1773365840000 / elapsed=193040450174664
03-12 21:37:19.905  5490  5568 I NewStopController_FLP: isAvailableLastLoc, KeepStationary : false , timeGap : 21 , mStraightFixCount : 0
03-12 21:37:19.906  5490  5568 I NewStopController_FLP: onChangedGlpLocation, isGpsStopped= false, isReportingLL= false, isAvailableLastLoc : true
03-12 21:37:19.913  3003 21012 I Mocca_VehicleDetectionHelper: (1.1.04.1)GPS: Avg speed: 0.0 Speed: 0.0 LIST: [0.0, 0.0, 0.0, 0.0]
03-12 21:37:19.913 16161 16586 I FusedLocation: (REDACTED) location delivery to %s blocked - too fast
03-12 21:37:19.913  3003 21012 D VehicleSensorHub: vehicleSendToSensorHub status : 2 type : 18
03-12 21:37:19.913  3003 21012 I SensorManager: Get Sensor type = 65586
03-12 21:37:19.913  3003 21012 D SensorService: setSContextDataLocked ints length 3 , byte length 5
03-12 21:37:19.913  3003 21012 D SensorService: setSContextDataLocked 123c17c1
03-12 21:37:19.913 16161 16586 I FusedLocation: (REDACTED) location delivery to %s blocked - too close
03-12 21:37:19.914  2007  2007 I sensors-hal: inject_sensor_data:407, handle 1502 send inject
03-12 21:37:19.914 16161 16586 I FusedLocation: (REDACTED) location delivery to %s blocked - too close
03-12 21:37:19.914  2007  2007 I sensors-hal: sendContextData:290, sensor hal 5, (0xc1, 0x17, 0x3c, 0x12)
03-12 21:37:19.914  2007  2007 I sensors-hal: sendContextData:230, activities 5 c1, 1
03-12 21:37:19.914  3003  4411 D SLocation: PositionManager - Active handleLocationChanged [G, A : 3.79, T : 1773365840000, ET : 193040450, E : SH, h : 21/26]
03-12 21:37:19.914  2007  2007 I sensors-hal: sendUserData:251, Activities cmd 0xc1 0x17
03-12 21:37:19.914  2007  2007 I sensors-hal: create_send_context_data:80, sending create_send_context_data
03-12 21:37:19.914 16161 16586 I FusedLocation: (REDACTED) location delivery to %s blocked - too fast
03-12 21:37:19.914  2007  2007 I sensors-hal: send_context_data:694, activities, 4914309220830019584, 1320970896291267344, msgid:700
03-12 21:37:19.914  3003  4411 D SLocation: PositionManager - receive gps location
03-12 21:37:19.914  3003 21012 W ContextImpl: Calling a method in the system process without a qualified user: android.app.ContextImpl.sendBroadcast:1335 com.samsung.android.mocca.app.vehicle.AdvancedVehicleDetection.reportAdvancedVehicleEvent:185 com.samsung.android.mocca.app.vehicle.AdvancedVehicleDetection.handleLocEvent:277 com.samsung.android.mocca.app.vehicle.AdvancedVehicleDetection.p:0 D.e.h:136 
03-12 21:37:19.914 16161 16586 I FusedLocation: (REDACTED) location delivery to %s blocked - too close
03-12 21:37:19.914  2007  3909 I sensors-hal: qsh_conn_resp_cb:930, resp_value = 0 for activities 
03-12 21:37:19.921  3003  4411 D SLocation: PositionManager - Passive handleLocationChanged [G, A : 3.79, T : 1773365840000, ET : 193040450, E : SH, h : 21/26]
03-12 21:37:19.922 32228 32228 I [CE]_ContextEngineReceiver: onReceive - ContextEngineReceiver onReceive action : com.samsung.android.mocca.ACTION_ADVANCED_VEHICLE_EVENT
03-12 21:37:19.922  3003  4411 D SLocation: PositionManager - receive gps location
03-12 21:37:19.922  5490  5568 I GmsPassiveListener_FLP: onGmsLocationChanged, provider=fused / speed=0.209215 / time=1773365839884 / elapsed=193040450174664
03-12 21:37:19.922 32228 32228 I [CE]_ContextEngineReceiver: onReceive - ActivityDataManager intent : com.samsung.android.mocca.ACTION_ADVANCED_VEHICLE_EVENT
03-12 21:37:19.922  3003  4411 D SLocation: LocationBuffer - receivedLocation - op[interval(min 60000, max 300000), waitTime 36000000, numOfUpdates 20, minDistance 200.0]dist : 0.118655175 diffTime : 2999 filtered Location
03-12 21:37:19.922 32228 32228 I [CE]_MovingContextProvider: onReceive - Advanced Vehicle Context received: 18, 2
03-12 21:37:19.922  3003  4411 D SLocation: BatchManager - received batch location buffered = false
03-12 21:37:19.922 32228 32228 I [CE]_CarContextProvider: onReceive - Advanced Vehicle Context received: 18, 2
03-12 21:37:19.922  3003  4411 D SLocation: PositionManager - Passive handleLocationChanged [F, A : 3.83, T : 1773365839884, ET : 193040450, h : 21/26]
03-12 21:37:19.922  3003  4411 D SLocation: PositionManager - receive fused location
03-12 21:37:19.922  3003  4411 D SLocation: DuplicateLocationChecker_BatchManager - gps is duplicated last gps location
03-12 21:37:19.922  3003  4411 D SLocation: DuplicateLocationChecker_GeofenceLocationFilter - fused is duplicated last fused location
03-12 21:37:19.923  3003  4411 D SLocation: LocationBuffer - receivedLocation - op[interval(min 60000, max 300000), waitTime 36000000, numOfUpdates 20, minDistance 200.0]dist : 0.1241156 diffTime : 2999 filtered Location
03-12 21:37:19.923  3003  4411 D SLocation: BatchManager - received batch location buffered = false
03-12 21:37:19.924  2007 12669 I sensors-hal: handle_sns_client_event:94, folding_angle ts=193040489445239 ns value 103/0 (0/0/2/2 -0.167/9.031/-1.814 0.129/4.800/8.279 24 0)
03-12 21:37:19.942  2007  7400 I sensors-hal: get_flicker_als_data:183, [SSC_LIGHT] flicker lux: 2 (195, 10, dw: 0)
03-12 21:37:19.945  2105  2105 D DisplayModeController: setDesiredMode 4630946564756762243 {mode={fps=24.00 Hz, modePtr={id=5, vsyncRate=24.00 Hz, peakRefreshRate=24.00 Hz}}, emitEvent=true, force=false}
03-12 21:37:19.946  2105  2105 I LayerHistory: com.buffalowildwings.blazinrewards/com.idpwhitelabel.MainActivity$_8154#13038 is infrequent
03-12 21:37:19.946  2105  2105 I SurfaceFlinger: All layers Min - choose 24.00 Hz
03-12 21:37:19.946  2105  2105 I HWComposer: [4630946564756762243] ActiveConfigToHWC, ID : 7
03-12 21:37:19.947  2040  2779 I SDM     : HWDeviceDRM::SetDisplaySwitchMode: [DispConfigs] check hs_mode 3
03-12 21:37:19.947  2040  2779 W SDM     : HWDeviceDRM::GetSupportedBitClkRate: Requested rate not supported: 954000000
03-12 21:37:19.947  2040  2779 W SDM     : HWDeviceDRM::GetSupportedBitClkRate: Requested rate not supported: 954000000
03-12 21:37:19.947  2040  2779 I SDM     : HWDeviceDRM::SetDisplaySwitchMode: [DispConfigs] Set mode index:8 1080x2640x24xcmdPHS, hs_mode(3), found_mode(1)
03-12 21:37:19.948  2040  2779 I SDM     : HWDeviceDRM::UpdateMixerAttributes: Mixer WxH 1080x2640-1 for Peripheral
03-12 21:37:19.948  2040  2779 I SDM     : HWCDisplay::SubmitDisplayConfig: Active configuration changed from config 0 to 7
03-12 21:37:19.949  2105  2105 I SurfaceFlinger: finalizeDisplayModeChange 4630946564756762243
03-12 21:37:19.951  2105  2321 I VSyncReactor: Current= 120, Period= 24, hwcPeriod= 24
03-12 21:37:19.951  3003  3067 D LocalDisplayAdapter: updateActiveModeLocked for d=4630946564756762243, mActiveModeId=6, mActiveSfDisplayMode=DisplayMode{id=5, width=1080, height=2640, xDpi=428.625, yDpi=424.405, peakRefreshRate=24.000002, vsyncRate=24.000002, appVsyncOffsetNanos=41666666, presentationDeadlineNanos=42666666, supportedHdrTypes=[4, 2, 3], group=1080}
