03-12 21:32:55.541  3003  3130 D MdnieScenarioControlService: Vision Booster Index : 0
03-12 21:32:55.542  6239  6239 I SSS     : [ChatRoomComponentManager] onConfigurationChanged: {1.0 ?mcc0mnc [en_US] ldltr sw291dp w352dp h291dp 340dpi smll hdr widecg land night finger -keyb/v/h -nav/h winConfig={ mBounds=Rect(0, 0 - 748, 720) mAppBounds=Rect(0, 0 - 748, 618) mMaxBounds=Rect(0, 0 - 748, 720) mDisplayRotation=ROTATION_0 mWindowingMode=fullscreen mActivityType=undefined mAlwaysOnTop=undefined mRotation=ROTATION_0 mStageConfig=undefined mPopOver=off mOverlappingWithCutout=false mFlexPanelMode=off} s.3767 fontWeightAdjustment=0 ff=0 bf=-1 bts=0 cst=1.0 nightDim=0 themeSeq=0}
03-12 21:32:55.542 16158 16158 D BoundBrokerSvc: onBind: Intent { act=com.google.android.gms.measurement.START xflg=0x4 pkg=com.google.android.gms }
03-12 21:32:55.542  5915  5959 V OsAgent : broadcastSystemEvent - 7
03-12 21:32:55.542  2022  2124 I HYPER-HAL: [RequestManager.cpp]releaseLocked(): Released ID : 20540874
03-12 21:32:55.542  5915  5959 V OsAgent : broadcastSystemEvent - 7
03-12 21:32:55.543  3003  4771 V WindowManager: Starting Transition 1553, caller=com.android.server.wm.WindowOrganizerController.startTransition:47 com.android.server.wm.WindowOrganizerController.startTransition:1 android.window.IWindowOrganizerController$Stub.onTransact:259 
03-12 21:32:55.543  4205  4205 D InputTransport: Input channel constructed: '1f0edfe', fd=499
03-12 21:32:55.543 16161 31334 I FusedLocation: (REDACTED) stationary throttling engaged @%s
03-12 21:32:55.544  4205  4205 I InsetsController: onStateChanged: host=NavigationBar1, from=android.view.ViewRootImpl.onInsetsStateChanged:3026, state=InsetsState: {mDisplayFrame=Rect(0, 0 - 748, 720), mDisplayCutout=DisplayCutout{insets=Rect(0, 0 - 0, 66) waterfall=Insets{left=0, top=0, right=0, bottom=0} boundingRect={Bounds=[Rect(0, 0 - 0, 0), Rect(0, 0 - 0, 0), Rect(0, 0 - 0, 0), Rect(379, 654 - 748, 720)]} cutoutPathParserInfo={CutoutPathParserInfo{displayWidth=748 displayHeight=720 physicalDisplayWidth=748 physicalDisplayHeight=720 density={2.125} cutoutSpec={@bottom @right M 0,0 H -173.6470588235294 V -31.05882352941176 H 0 V 0 Z @dp} rotation={0} scale={1.0} physicalPixelDisplaySizeRatio={1.0}}} sideOverrides={}}, mRoundedCorners=RoundedCorners{[RoundedCorner{position=TopLeft, radius=49, center=Point(49, 49)}, RoundedCorner{position=TopRight, radius=49, center=Point(699, 49)}, RoundedCorner{position=BottomRight, radius=49, center=Point(699, 671)}, RoundedCorner{position=BottomLeft, radius=49, center=Point(49, 671)}]}  mRoundedCornerFrame=Rect(0, 0 - 0, 0), mPrivacyIndicatorBounds=PrivacyIndicatorBounds {static bounds=null rotation=0}, mDisplayShape=DisplayShape{ spec=1406003047 displayWidth=748 displayHeight=720 physicalPixelDisplaySizeRatio=1.0 rotation=0 offsetX=0 offsetY=0 scale=1.0}, mSources= { InsetsSource: {ee380004 mType=systemGestures mFrame=[0,0][0,0] mVisible=false mFlags= mSideHint=NONE mBoundingRects=null}, InsetsSource: {ee380005 mType=mandatorySystemGestures mFrame=[0,0][0,0] mVisible=false mFlags= mSideHint=NONE mBoundingRects=null}, InsetsSource: {ee380024 mType=systemGestures mFrame=[0,0][0,0] mVisible=false mFlags= mSideHint=NONE mBoundingRects=null}, InsetsSource: {67 mType=displayCutout mFrame=[0,654][748,720] mVisible=true mFlags= mSideHint=BOTTOM mBoundingRects=null} }
03-12 21:32:55.544  2007  2007 I sensors-hal: set_config:64, no need to adjust sample_period_ns due to reporting_mode = 2
03-12 21:32:55.544  2007  2007 I sensors-hal: create_sensor_config_request:85, auto_rotation: type 2
03-12 21:32:55.544  3003  3130 I SemMdnieManagerService: DDI setHighBrightnessMode id(0) lux : -1, index : 0
03-12 21:32:55.544  3003  3130 D AutomaticBrightnessController: setLightSensorEnabled: false
03-12 21:32:55.544  2007  2007 I sensors-hal: send_sensor_config_request:645, dt=auto_rotation: convert sample_period=200000000 to batch_period=200000
03-12 21:32:55.544  2007  2007 I sensors-hal: send_sync_sensor_request:508, send sync request
03-12 21:32:55.544  2007  2007 I sensors-hal: send_sync_sensor_request:518, send_sync_sensor_request before send_request for auto_rotation with SUID low=8603657889541918976 high=1320970896291267344
03-12 21:32:55.544  2007  2007 I sensors-hal: send_sync_sensor_request:537, wait for notification of response
03-12 21:32:55.544  4205  4205 I VRI[NavigationBar1]@7723213: synced displayState. AttachInfo displayState=1
03-12 21:32:55.545  3003  5506 D FreecessHandler: freeze com.google.android.apps.tachyon(10268) result : 51
03-12 21:32:55.545  3003  5506 D FreecessHandler: stop trying to freeze com.google.android.apps.tachyon
03-12 21:32:55.545  3003  5506 I NSLocationMonitor: getGPSUsingApps() called
03-12 21:32:55.545  2007 12669 I sensors-hal: qsh_conn_resp_cb:930, resp_value = 0 for auto_rotation 
03-12 21:32:55.545  5490 20244 I NSLocationManager_FLP: getGPSUsingApps, No change
03-12 21:32:55.545  3003  3806 D BLASTSyncEngine: SyncGroup 1553: Set ready true, caller=com.android.server.wm.BLASTSyncEngine.setReady:32 com.android.server.wm.Transition.applyReady:54 com.android.server.wm.Transition.setReady:72 com.android.server.wm.TransitionController.setReady:6 com.android.server.wm.DisplayContent.executeAppTransition:4 com.android.server.wm.TaskFragment.resumeTopActivity:550 
03-12 21:32:55.546  4205  4267 V ShellDragAndDrop: Display changed: 1
03-12 21:32:55.546  3003  3806 D BLASTSyncEngine: SyncGroup 1553:  Unfinished container: WindowToken{8004a5b type=2024 android.os.BinderProxy@d7bba75} mSyncState=2
03-12 21:32:55.546  4360 31413 I MediaCodec: setCodecState state(0), called in 6, domain 1, 1
03-12 21:32:55.546  2007  2007 I sensors-hal: send_sync_sensor_request:543, takes 2 ms to receive the response with 0
03-12 21:32:55.546  2007  2007 I sensors-hal: batch:363, android.sensor.device_orientation/271, period=200000000, max_latency=0 request completed
03-12 21:32:55.547 30369 30369 I ImeFocusController: onPreWindowFocus: skipped hasWindowFocus=false mHasImeFocus=true
03-12 21:32:55.547  2053 31424 I QC2CompStore: Setting heap usage to system
03-12 21:32:55.547  2007  2007 I sensors-hal: activate:300, com.samsung.sensor.device_common_info/2132 en=0
03-12 21:32:55.547  2007  2007 I sensors-hal: send_sync_sensor_request:508, send sync request
03-12 21:32:55.547  2007  2007 I sensors-hal: send_sync_sensor_request:518, send_sync_sensor_request before send_request for device_common_info with SUID low=3766530206566995508 high=1320970896291267344
03-12 21:32:55.547  2007  2007 I sensors-hal: send_sync_sensor_request:537, wait for notification of response
03-12 21:32:55.547 30369 30369 I ImeFocusController: onPostWindowFocus: skipped hasWindowFocus=false mHasImeFocus=true
03-12 21:32:55.548  4360  4776 I SprWallpaper|FoldInteractive: resetFrame : onSeekReady
03-12 21:32:55.548  4360  4776 I SprWallpaper|FoldInteractive: seekTo: frame[0], time[0]
03-12 21:32:55.548  2007  3645 I sensors-hal: qsh_conn_resp_cb:930, resp_value = 0 for device_common_info 
03-12 21:32:55.549  2007  2007 I sensors-hal: send_sync_sensor_request:543, takes 1 ms to receive the response with 0
03-12 21:32:55.549  2007  2007 I sensors-hal: activate:330, com.samsung.sensor.device_common_info/2132 en=0 completed
03-12 21:32:55.549  3003  3067 I ActivityManager: Changes in 99108 3 to 12, 184 to 128
03-12 21:32:55.549  3003  3067 I ActivityManager: Changes in 99072 3 to 10, 184 to 0
03-12 21:32:55.549  3003  3067 I ActivityManager: Changes in 10463 2 to 12, 255 to 128
03-12 21:32:55.549  3003  3067 I ActivityManager: Changes in 10291 3 to 12, 184 to 128
03-12 21:32:55.549  3003  3067 I ActivityManager: Changes in 10114 3 to 10, 184 to 0
03-12 21:32:55.549  3003  3067 W ProcessStats: Tracking association SourceState{c20940 com.buffalowildwings.blazinrewards/10463 Top #214905} whose proc state 1 is better than process ProcessState{88740e3 com.samsung.android.cameraxservice/1000 pkg=com.samsung.android.cameraxservice} proc state 2 (0 skipped)
03-12 21:32:55.549  2007  2007 I sensors-hal: activate:300, com.samsung.sensor.auto_brightness/1651 en=0
03-12 21:32:55.549  2007  2007 I sensors-hal: enable_flicker_als:213, [SSC_LIGHT] flicker_als disable
03-12 21:32:55.551 30369 30369 D ConnectivityManager: StackLog: [android.net.ConnectivityManager.unregisterNetworkCallback(ConnectivityManager.java:5579)] [m140.fjs.e(:com.google.android.gms.policy_maps_core_dynamite@254515607@254515602025.843324832.843324832:20)] [com.google.maps.api.android.lib6.impl.i.onTrimMemory(:com.google.android.gms.policy_maps_core_dynamite@254515607@254515602025.843324832.843324832:54)] [android.content.ComponentCallbacksController.lambda$dispatchTrimMemory$1(ComponentCallbacksController.java:109)] [android.content.ComponentCallbacksController$$ExternalSyntheticLambda1.accept(D8$$SyntheticClass:0)] [android.content.ComponentCallbacksController.forAllComponentCallbacks(ComponentCallbacksController.java:124)] [android.content.ComponentCallbacksController.dispatchTrimMemory(ComponentCallbacksController.java:107)] [android.app.Application.onTrimMemory(Application.java:308)] [android.app.ActivityThread.handleTrimMemory(ActivityThread.java:8308)] [android.app.ActivityThread.-$$Nest$mhandleTrimMemory(Unknown Source:0)] [android.app.ActivityThread$ApplicationThread.$r8$lambda$G6hCvS-Qza2XVRHE5EG8OQS6lcg(Unknown Source:0)] [android.app.ActivityThread$ApplicationThread$$ExternalSyntheticLambda2.accept(D8$$SyntheticClass:0)] [com.android.internal.util.function.pooled.PooledLambdaImpl.doInvoke(PooledLambdaImpl.java:281)] [com.android.internal.util.function.pooled.PooledLambdaImpl.invoke(PooledLambdaImpl.java:204)] [com.android.internal.util.function.pooled.OmniFunction.run(OmniFunction.java:87)] [android.view.Choreographer$CallbackRecord.run(Choreographer.java:1901)] [android.view.Choreographer$CallbackRecord.run(Choreographer.java:1910)] [android.view.Choreographer.doCallbacks(Choreographer.java:1367)] [android.view.Choreographer.doFrame(Choreographer.java:1294)] [android.view.Choreographer$FrameDisplayEventReceiver.run(Choreographer.java:1870)]
03-12 21:32:55.552 16158 16158 D BoundBrokerSvc: Loading bound service for intent: Intent { act=com.google.android.gms.measurement.START xflg=0x4 pkg=com.google.android.gms }
03-12 21:32:55.552  6380  6380 I SemMediaResourceHelper: onState
03-12 21:32:55.553  3003  7293 I NSLocationProviderHelper: updateRemoveInfo, uid=10259
03-12 21:32:55.553  3003  6708 I ActivityManager: Changes in 99072 10 to 12, 0 to 128
03-12 21:32:55.554  3003  6708 I ActivityManager: Changes in 10114 10 to 12, 0 to 128
03-12 21:32:55.554  3003  7293 D LocationManagerService: gps provider removed registration from 10259/com.google.android.gms[fused_location_provider]/313FF713
03-12 21:32:55.554  3003  3003 D SGM:GameManager: onDisplayChanged. displyId: 1, state: 1
03-12 21:32:55.554  3003  3003 V CameraService_worker: onDisplayChanged rotation : 0 current mDeviceState : 6
03-12 21:32:55.554  2105  2105 I SurfaceFlinger: RequestedLayer [WindowToken{b8bb5b9 type=2019 android.os.BinderProxy@c6f5003}#12713] hidden!! flag  from(1) --> to(0)
03-12 21:32:55.554  2105  2105 I SurfaceFlinger: RequestedLayer [1f0edfe NavigationBar1#12714] hidden!! flag  from(1) --> to(0)
03-12 21:32:55.554  2105  2105 I SurfaceFlinger: [Display 1 name="Built-in Screen"#66] setFrameRateCategory: High
03-12 21:32:55.554  2105  2105 I SurfaceFlinger: [Display 0 name="Built-in Screen"#50] setFrameRateCategory: High
03-12 21:32:55.554  2105  2105 I SurfaceFlinger: [WindowToken{b8bb5b9 type=2019 android.os.BinderProxy@c6f5003}#12713] attach to parent LayerHierarchy{RequestedLayerState{Leaf:15:31#64 parentId=54 z=5} 3 children}
03-12 21:32:55.554 30369 30514 D HWUI    : CacheManager::trimMemory(20)
03-12 21:32:55.555  2105  2105 I SurfaceFlinger: [1f0edfe NavigationBar1#12714] attach to parent LayerHierarchy{RequestedLayerState{WindowToken{b8bb5b9 type=2019 android.os.BinderProxy@c6f5003}#12713 parentId=64 z=1} 1 children}
03-12 21:32:55.555  3003  6692 D WifiDisplayAdapter: isFitToActiveDisplayLocked : false
03-12 21:32:55.556  3003  3068 D BLASTSyncEngine: SyncGroup 1553:  Unfinished container: WindowToken{8004a5b type=2024 android.os.BinderProxy@d7bba75} mSyncState=2
03-12 21:32:55.556  4832 26496 I HoneySpace.Memory-Monitor: no default Display - 1
03-12 21:32:55.556  2007  2007 I sensors-hal: send_sync_sensor_request:508, send sync request
03-12 21:32:55.556  2007  2007 I sensors-hal: send_sync_sensor_request:518, send_sync_sensor_request before send_request for auto_brightness with SUID low=2816411781185423377 high=5518030540294228002
03-12 21:32:55.556  2007  2007 I sensors-hal: send_sync_sensor_request:537, wait for notification of response
03-12 21:32:55.556  2105  2105 D DisplayModeController: setDesiredMode 4630946564756762243 {mode={fps=120.00 Hz, modePtr={id=0, vsyncRate=120.00 Hz, peakRefreshRate=120.00 Hz}}, emitEvent=true, force=false}
03-12 21:32:55.556  3003  3067 D SGM:FgCheckThread: notePauseComponent(), received pkgName: com.buffalowildwings.blazinrewards, userId: 0
03-12 21:32:55.557  2007 29663 I sensors-hal: qsh_conn_resp_cb:930, resp_value = 0 for auto_brightness 
03-12 21:32:55.557  2105  2105 I LayerHistory: com.sec.android.app.launcher/com.samsung.app.honeyspace.edge.edgepanel.app.CocktailBarService$_4832#12637 voted ExplicitCategory with category: High
03-12 21:32:55.557  2105  2105 I LayerHistory: NavigationBar0$_4205#130 voted ExplicitCategory with category: High
03-12 21:32:55.557  2105  2105 I LayerHistory: StatusBar$_4205#132 voted ExplicitCategory with category: High
03-12 21:32:55.557  2105  2105 I LayerHistory: com.buffalowildwings.blazinrewards/com.idpwhitelabel.MainActivity$_30369#12671 voted ExplicitCategory with category: High
03-12 21:32:55.557  2105  2105 I SurfaceFlinger: All layers Category Highscored - choose 120.00 Hz
03-12 21:32:55.557  4205  4205 I VRI[NavigationBar1]@7723213: setView = com.android.systemui.navigationbar.views.NavigationBarFrame@a37d902 IsHRR=false mFlingFrameRateChange=0 TM=true
03-12 21:32:55.557  2105  2105 I HWComposer: [4630946564756762243] ActiveConfigToHWC, ID : 0
03-12 21:32:55.557  4205  4205 D NavBarStateManager: NavBarStates(1) supportLargeCoverScreenNavBar: true
03-12 21:32:55.558  3003  3067 E ModeChangeObserver: Changed display not found
03-12 21:32:55.558  2040  2779 I SDM     : HWDeviceDRM::SetDisplaySwitchMode: [DispConfigs] check hs_mode 3
03-12 21:32:55.558  2040  2779 W SDM     : HWDeviceDRM::GetSupportedBitClkRate: Requested rate not supported: 951000000
03-12 21:32:55.558  2040  2779 I SDM     : HWDeviceDRM::SetDisplaySwitchMode: [DispConfigs] Set mode index:0 1080x2640x120xcmdHS, hs_mode(3), found_mode(0)
03-12 21:32:55.558  2040  2779 I SDM     : HWDeviceDRM::UpdateMixerAttributes: Mixer WxH 1080x2640-1 for Peripheral
03-12 21:32:55.558  5490  5568 E RequestManager_FLP: [LocationManager] Location remove 313FF713 from com.google.android.gms
03-12 21:32:55.558  5490  5568 I LocationRequestData_FLP: Remove in requestInfoList, 313FF713 / ListSize[gps]=1
03-12 21:32:55.558  2040  2779 I SDM     : HWCDisplay::SubmitDisplayConfig: Active configuration changed from config 2 to 0
03-12 21:32:55.558 29180 29180 I HBD     : DeX h DeX mode state change in non-main thread 
03-12 21:32:55.558 29180 29180 I HBD     : DeX h DeX mode state change: 3 
03-12 21:32:55.558  4607  4607 D NfcService: handleMessage: MSG_APPLY_SCREEN_STATEOFF_UNLOCKED
03-12 21:32:55.558  4607  4607 D [NFC_SE]SamsungExtension: onLogEventNotified() item:[mCommandApdus: [mResponseApdus: , mCallingApi= 0, mAction= 518, mCallingPId = 0, mRfFieldOnTime= null
03-12 21:32:55.558  4607  4607 D [NFC_SE]NfcOemLogHelper: reportLogEvent = [mCommandApdus: [mResponseApdus: , mCallingApi= 0, mAction= 518, mCallingPId = 0, mRfFieldOnTime= null
03-12 21:32:55.558  4607  4607 D [NFC_SE]NfcOemLogHelper: try to send FLD_ERROR
03-12 21:32:55.558  4607  4607 D [NFC_SE]NfcOemLogHelper: RF Field is disabled
03-12 21:32:55.561  3003  3991 I CocktailBarManagerServiceContainer: handleMessage: entry what = 6
03-12 21:32:55.561  3003  4002 D BackgroundInstallControlService: Package event received: 0
03-12 21:32:55.562  2007  2007 I sensors-hal: send_sync_sensor_request:543, takes 5 ms to receive the response with 0
03-12 21:32:55.562  2007  2007 I sensors-hal: ~worker:65, worker(0xb400007a0f4d58f0) send sig to tid= 29662
03-12 21:32:55.562  2007  2007 I sensors-hal: ~worker:74, worker(0xb400007a0f4d58f0) is destroyed, remaining task = 0, tid= 29662
03-12 21:32:55.562  2007  2007 I sensors-hal: ~qsh_qmi:58, ~qsh_qmi
03-12 21:32:55.562  2007  2007 I sensors-hal: deactivate:274, [SSC_LIGHT] auto_brightness deactivate!
03-12 21:32:55.562  2007  2007 I sensors-hal: activate:330, com.samsung.sensor.auto_brightness/1651 en=0 completed
03-12 21:32:55.562  4607  4607 D libnfc_nci: nfcManager_doSetScreenState: state = 1 prevScreenState= 8, discovry_param = 1
03-12 21:32:55.562  3003  5506 D FreecessHandler: freeze com.google.android.gm(10275) result : 51
03-12 21:32:55.563  3003  5506 D FreecessHandler: stop trying to freeze com.google.android.gm
03-12 21:32:55.563  3003  5506 I NSLocationMonitor: getGPSUsingApps() called
03-12 21:32:55.563  3003  3065 D SensorManager: unregisterListener :: com.android.server.wm.WindowOrientationListener$OrientationSensorJudge@783320e
03-12 21:32:55.563  2007  2007 I sensors-hal: set_config:60, sample_period_ns is adjusted to 10000000 based on min/max delay_ns
03-12 21:32:55.563  2007  2007 I sensors-hal: batch:363, android.sensor.accelerometer/11, period=10000000, max_latency=0 request completed
03-12 21:32:55.563  4607  4986 D NxpGenExtn: vendor_nfc_handle_event Enter eventCode:11
03-12 21:32:55.563  5490 20244 I NSLocationManager_FLP: getGPSUsingApps, No change
03-12 21:32:55.563  4607  4986 D NxpGenExtn: phNxpExtn_HandleVendorNciMsg Not vendor specific command!!
03-12 21:32:55.563  4607  4986 I NxpGenExtn: phNxpExtn_Write NCI datalen:7
03-12 21:32:55.563  4607  4986 I NxpGenExtn: processExtnWrite Enter dataLen:7
03-12 21:32:55.563  4607  4986 I NxpPropExtn: phNxpProp_ProcessExtnWrite PropExtensionController Enter dataLen:7
03-12 21:32:55.563  4607  4986 I NxpPropExtn: processExtnWrite Enter
03-12 21:32:55.563  4607  4986 D NxpPropExtn: NciStateMonitor processExtnWrite Enter
03-12 21:32:55.563  4607  4986 D NxpPropExtn: resendRequired, resend required
03-12 21:32:55.563  4607  4986 D NxpGenExtn: write Enter wLength:7
03-12 21:32:55.563  4607  4986 D NxpGenExtn: palenQueueWrite Enter wLength:7
03-12 21:32:55.563  2452 11702 I CameraService: onUidStateChanged: uid=10463, procState is changed. (2 -> 12)
03-12 21:32:55.563  1985  2158 I minksocket: MinkIPC MESSAGE: ( 1985:2158 ) MinkIPC_QRTR_Service:351 minkipc = 0xb400006d4d3f6550 sock = 13, client with node 1 port 63f1 went down
03-12 21:32:55.564  1985  2180 I minksocket: MinkIPC MESSAGE: ( 1985:2180 ) MinkIPC_QRTR_Service:351 minkipc = 0xb400006d4d3f7730 sock = 33, client with node 1 port 63f1 went down
03-12 21:32:55.564  3003  3067 I DisplayDeviceRepository: Display device changed render timings: "Built-in Screen", renderFrameRate=60.000004, presentationDeadlineNanos=17666666, appVsyncOffsetNanos=16666666, frameRateOverrides=[{uid=10053 frameRateHz=120.00001}, {uid=10149 frameRateHz=120.00001}, {uid=10463 frameRateHz=120.00001}]
03-12 21:32:55.564  2452  2748 I CameraService: onUidStateChanged: uid=10259, procState is changed. (3 -> 4)
03-12 21:32:55.564  3003  3065 D WindowManager: DeferredDisplayUpdater: applying DisplayInfo(748 x 720) immediately
03-12 21:32:55.564  5915  5959 V OsAgent : broadcastSystemEvent - 7
03-12 21:32:55.564  5915  5959 V OsAgent : broadcastSystemEvent - 7
03-12 21:32:55.564  5915  5959 V OsAgent : broadcastSystemEvent - 7
03-12 21:32:55.564  5915  5959 V OsAgent : broadcastSystemEvent - 7
03-12 21:32:55.564  5915  5959 V OsAgent : broadcastSystemEvent - 7
03-12 21:32:55.564  2452  2748 I CameraService: onUidStateChanged: uid=10053, procState is changed. (0 -> 1)
03-12 21:32:55.564  3003  3065 V WindowManager: Content Recording: Display 1 state was (1), is now (1), so update recording?
03-12 21:32:55.564  3003  3065 D BLASTSyncEngine: SyncGroup 1553:  Unfinished container: WindowToken{8004a5b type=2024 android.os.BinderProxy@d7bba75} mSyncState=2
03-12 21:32:55.564 29180 29217 I HBD     : KeyboardSettingsProvider isAliveIme : false 
03-12 21:32:55.564  3003  3064 D HintManagerService: Sent cleanup message for uid 10463
03-12 21:32:55.565 29180 29217 I HBD     : c HoneyVoice CoverVoiceIconQueryCommand: false ikbonbo: false, invin: true
03-12 21:32:55.565 29180 29217 I HBD     : c CoverVoiceIconQueryCommand: cover_voice_icon = false 
03-12 21:32:55.565  2022  2124 I HYPER-HAL: [RequestManager.cpp]acquire(): Acquired ID : 19714034  [2025 / 4253]    HINT :      list : [TID_LOW_LATENCY / 0] [TID / 30547] [TID / 30548] [TID / 30369] [TID / 30514] 
03-12 21:32:55.565  4832 26496 I HoneySpace.Memory-Monitor: current state = 2, didTrim = false
03-12 21:32:55.565  3003  3068 D BLASTSyncEngine: SyncGroup 1553:  Unfinished container: WindowToken{8004a5b type=2024 android.os.BinderProxy@d7bba75} mSyncState=2
03-12 21:32:55.565  4205  4205 D NavBarStateManager: multiModalForLargeCover : false
03-12 21:32:55.565  4205  4205 D NavBarView: disableBack=true (isBackDismissIme=false, handlingGestures=false, disabledFlagBack=true, isBottomGesture=false, isImeRenderingNavButtons=false)
03-12 21:32:55.565  4205  4205 D NavBarStateManager: NavBarStates(1) supportLargeCoverScreenNavBar: true
03-12 21:32:55.565  4205  4205 D Navbar.Store: handleEvent(0) OnUpdateSysUiStateFlag(noArguments=true) [Module] SamsungNavigationBarView
03-12 21:32:55.565  4205  4205 D Navbar.Store: --[Band]GESTURE_PACK_UPDATE_SYSTEMUI_STATE_FLAG
03-12 21:32:55.565  4205  4205 D Navbar.Store: --[Band] (afterAction) GESTURE_PACK_UPDATE_SYSTEMUI_STATE_FLAG
03-12 21:32:55.566  3003  3130 D SensorManager: unregisterListener :: com.android.server.display.AutomaticBrightnessController$3@1ff6ff3
03-12 21:32:55.566  3003  3130 D AutomaticBrightnessController: setProximitySensorEnabled::unregisterListener
03-12 21:32:55.566  4205  4205 D Navbar.Store: handleEvent(0) OnNavBarUpdateA11YService(clickable=false, longClickable=false) [Module] NavigationBar
03-12 21:32:55.566  4205  4205 D Navbar.Store: --[Band]SETUPWIZARD_PACK_UPDATE_A11Y_SERVICE
03-12 21:32:55.566  4205  4205 D Navbar.Store: handleEvent(0) OnButtonOrderChanged(noArguments=true) [Module] NavigationBar
03-12 21:32:55.566  4205  4205 D Navbar.Store: --[Band]CONFIG_PACK_KEY_ORDER_CHANGED
03-12 21:32:55.566  4205  4205 D Navbar.Store: ----apply(0) NavBarStoreAction$ReinflateNavBar
03-12 21:32:55.566  4205  4362 D StackScroller: onDisplayChanged for predraw skip to 2
03-12 21:32:55.566  4205  4205 D Navbar.Store: ----handleEvent(0) GetInflateLayoutID(vertical=false) [Module] SamsungNavigationBarInflaterView
03-12 21:32:55.566  3003  4931 D WifiDisplayAdapter: isFitToActiveDisplayLocked : false
03-12 21:32:55.566  4205  4205 D Navbar.Store: ------[Band]STABLE_LAYOUT_PACK_GET_INFLATE_LAYOUT_ID
03-12 21:32:55.566  4205  4205 D NavBarStateManager: NavBarStates(0) getLayoutID(vertical: false): 2131559285
03-12 21:32:55.566  4205  4205 D Navbar.Store: ----handleEvent(0) value= 2131559285
03-12 21:32:55.566  4832  4895 I HoneySpace.TaskbarEventTracker: invokeEvent() called with: event = SystemUiStateChanged(stateFlags=268566912)
03-12 21:32:55.567  4205  4205 D Navbar.Store: ----handleEvent(0) GetInflateLayoutID(vertical=true) [Module] SamsungNavigationBarInflaterView
03-12 21:32:55.567  4205  4205 D Navbar.Store: ------[Band]STABLE_LAYOUT_PACK_GET_INFLATE_LAYOUT_ID
03-12 21:32:55.567  4205  4205 D NavBarStateManager: NavBarStates(0) getLayoutID(vertical: true): 2131559287
03-12 21:32:55.567  4205  4205 D Navbar.Store: ----handleEvent(0) value= 2131559287
03-12 21:32:55.567  4205  4205 D Navbar.Store: ----handleEvent(0) GetDefaultLayout(noArguments=true) [Module] SamsungNavigationBarInflaterView
03-12 21:32:55.567  4205  4205 D Navbar.Store: ------[Band]STABLE_LAYOUT_PACK_GET_DEFAULT_LAYOUT
03-12 21:32:55.567  4205  4205 D NavBarStateManager: NavBarStates(0) getDefaultLayout: left,recent;home;back,right
03-12 21:32:55.567  4205  4205 D Navbar.Store: ----handleEvent(0) value= left,recent;home;back,right
03-12 21:32:55.567  4832 26494 I HoneySpace.SystemUiRepository: systemUiFlags: overview_disabled|home_disabled|allow_gesture|awake
03-12 21:32:55.567  4832 26494 I HoneySpace.SystemUiRepository: systemUiFlags: overview_disabled|home_disabled|allow_gesture|back_disabled|awake
03-12 21:32:55.567  4205  4205 D Navbar.Store: ----handleEvent(0) GetInflateButtonWidth(buttonSpec=left, landscape=false) [Module] SamsungNavigationBarInflaterView
03-12 21:32:55.567  4205  4205 D Navbar.Store: ------[Band]STABLE_LAYOUT_PACK_INFLATE_NAVBAR
03-12 21:32:55.567  4205  4205 D NavBarStateManager: NavBarStates(0) getSpaceWidth(land: false): 118
03-12 21:32:55.567  4205  4205 D Navbar.Store: ----handleEvent(0) value= 118
03-12 21:32:55.568  4205  4205 D Navbar.Store: ----handleEvent(0) GetInflateButtonWidth(buttonSpec=recent, landscape=false) [Module] SamsungNavigationBarInflaterView
03-12 21:32:55.568  4205  4205 D Navbar.Store: ------[Band]STABLE_LAYOUT_PACK_INFLATE_NAVBAR
03-12 21:32:55.568  4205  4205 D NavBarStateManager: NavBarStates(0) getButtonWidth(land: false): 239
03-12 21:32:55.568  4205  4205 D Navbar.Store: ----handleEvent(0) value= 239
03-12 21:32:55.568  4205  4205 D Navbar.Store: ----handleEvent(0) GetInflateButtonWidth(buttonSpec=left, landscape=true) [Module] SamsungNavigationBarInflaterView
03-12 21:32:55.568  4205  4205 D Navbar.Store: ------[Band]STABLE_LAYOUT_PACK_INFLATE_NAVBAR
03-12 21:32:55.568  4205  4205 D NavBarStateManager: NavBarStates(0) getSpaceWidth(land: true): 118
03-12 21:32:55.568  4205  4205 D Navbar.Store: ----handleEvent(0) value= 118
03-12 21:32:55.568  4205  4205 D Navbar.Store: ----handleEvent(0) GetInflateButtonWidth(buttonSpec=recent, landscape=true) [Module] SamsungNavigationBarInflaterView
03-12 21:32:55.568  4205  4205 D Navbar.Store: ------[Band]STABLE_LAYOUT_PACK_INFLATE_NAVBAR
03-12 21:32:55.568  4205  4205 D NavBarStateManager: NavBarStates(0) getButtonWidth(land: true): 239
03-12 21:32:55.568  4205  4205 D Navbar.Store: ----handleEvent(0) value= 239
03-12 21:32:55.568  2007  2007 I SensorsGrip: TouchLight::enable: 0 1
03-12 21:32:55.569  4205  4205 D Navbar.Store: ----handleEvent(0) GetInflateButtonWidth(buttonSpec=home, landscape=false) [Module] SamsungNavigationBarInflaterView
03-12 21:32:55.569  4205  4205 D Navbar.Store: ------[Band]STABLE_LAYOUT_PACK_INFLATE_NAVBAR
03-12 21:32:55.569  4205  4205 D NavBarStateManager: NavBarStates(0) getButtonWidth(land: false): 239
03-12 21:32:55.569  4205  4205 D Navbar.Store: ----handleEvent(0) value= 239
03-12 21:32:55.569  2022  2124 I HYPER-HAL: [RequestManager.cpp]acquire(): Acquired ID : 2112570  [2025 / 30]    HINT :      list : [UCLAMP_MIN_BOOST / 50] [TID / 4392] [TID / 4393] [TID / 4205] [TID / 4394] 
03-12 21:32:55.569  4205  4205 D Navbar.Store: ----handleEvent(0) GetInflateButtonWidth(buttonSpec=home, landscape=true) [Module] SamsungNavigationBarInflaterView
03-12 21:32:55.569  4205  4205 D Navbar.Store: ------[Band]STABLE_LAYOUT_PACK_INFLATE_NAVBAR
03-12 21:32:55.569  4205  4205 D NavBarStateManager: NavBarStates(0) getButtonWidth(land: true): 239
03-12 21:32:55.569  4205  4205 D Navbar.Store: ----handleEvent(0) value= 239
03-12 21:32:55.569  4205  4205 D Navbar.Store: ----handleEvent(0) GetInflateButtonWidth(buttonSpec=back, landscape=false) [Module] SamsungNavigationBarInflaterView
03-12 21:32:55.569  4205  4205 D Navbar.Store: ------[Band]STABLE_LAYOUT_PACK_INFLATE_NAVBAR
03-12 21:32:55.569  4205  4205 D NavBarStateManager: NavBarStates(0) getButtonWidth(land: false): 239
03-12 21:32:55.569  4205  4205 D Navbar.Store: ----handleEvent(0) value= 239
03-12 21:32:55.569  3003  3130 D SensorManager: unregisterListener :: com.android.server.display.AutomaticBrightnessController$3@ce52465
03-12 21:32:55.569  3003  3130 I DisplayBrightnessStrategySelector: Changing the DisplayBrightnessStrategy from AutomaticBrightnessStrategy to ScreenOffBrightnessStrategy for display 0
03-12 21:32:55.569  4832 22597 I HoneySpace.SystemUiRepository: systemUiFlags: overview_disabled|home_disabled|navbar_hidden|allow_gesture|back_disabled|awake
03-12 21:32:55.569  3003  3130 W DisplayPowerController[0]: Animating brightness: target=0(0.00), rate=0.000, rateAtHbm=0.000, reason=screen_off[0]
03-12 21:32:55.569  4205  4205 D Navbar.Store: ----handleEvent(0) GetInflateButtonWidth(buttonSpec=right, landscape=false) [Module] SamsungNavigationBarInflaterView
03-12 21:32:55.569  4205  4205 D Navbar.Store: ------[Band]STABLE_LAYOUT_PACK_INFLATE_NAVBAR
03-12 21:32:55.569  4205  4205 D NavBarStateManager: NavBarStates(0) getSpaceWidth(land: false): 118
03-12 21:32:55.569  4205  4205 D Navbar.Store: ----handleEvent(0) value= 118
03-12 21:32:55.570  4607 31431 D NxpGenExtn: enQueueWriteInternal Enter wLength:7
03-12 21:32:55.570  4205  4205 D Navbar.Store: ----handleEvent(0) GetInflateButtonWidth(buttonSpec=back, landscape=true) [Module] SamsungNavigationBarInflaterView
03-12 21:32:55.570  4205  4205 D Navbar.Store: ------[Band]STABLE_LAYOUT_PACK_INFLATE_NAVBAR
03-12 21:32:55.570  4205  4205 D NavBarStateManager: NavBarStates(0) getButtonWidth(land: true): 239
03-12 21:32:55.570  4205  4205 D Navbar.Store: ----handleEvent(0) value= 239
03-12 21:32:55.570  4832  4895 I HoneySpace.TaskbarEventTracker: invokeEvent() called with: event = SystemUiStateChanged(stateFlags=272761216)
03-12 21:32:55.570  2439  2467 I android.hardware.nfc-service.nxp: write
03-12 21:32:55.570  2022  2124 I HYPER-HAL: [RequestManager.cpp]acquire(): Acquired ID : 2112570  [2025 / 30]    HINT :      list : [UCLAMP_MIN_BOOST / 100] [TID / 4392] [TID / 4393] [TID / 4205] [TID / 4394] 
03-12 21:32:55.570  4205  4205 D Navbar.Store: ----handleEvent(0) GetInflateButtonWidth(buttonSpec=right, landscape=true) [Module] SamsungNavigationBarInflaterView
03-12 21:32:55.570  4205  4205 D Navbar.Store: ------[Band]STABLE_LAYOUT_PACK_INFLATE_NAVBAR
03-12 21:32:55.570  4205  4205 D NavBarStateManager: NavBarStates(0) getSpaceWidth(land: true): 118
03-12 21:32:55.570  4205  4205 D Navbar.Store: ----handleEvent(0) value= 118
03-12 21:32:55.570  4205  4205 D Navbar.Store: ----handleEvent(0) GetInflateButtonWidth(buttonSpec=left_remote_view, landscape=false) [Module] SamsungNavigationBarInflaterView
03-12 21:32:55.570  4205  4205 D Navbar.Store: ------[Band]STABLE_LAYOUT_PACK_INFLATE_NAVBAR
03-12 21:32:55.570  4205  4205 D NavBarStateManager: NavBarStates(0) getSpaceWidth(land: false): 118
03-12 21:32:55.570  4205  4205 D Navbar.Store: ----handleEvent(0) value= 118
03-12 21:32:55.570  4832  4895 I HoneySpace.TaskbarEventTracker: invokeEvent() called with: event = SystemUiStateChanged(stateFlags=272761218)
03-12 21:32:55.570  4205  4205 D Navbar.Store: ----handleEvent(0) GetInflateButtonWidth(buttonSpec=right_remote_view, landscape=false) [Module] SamsungNavigationBarInflaterView
03-12 21:32:55.570  4205  4205 D Navbar.Store: ------[Band]STABLE_LAYOUT_PACK_INFLATE_NAVBAR
03-12 21:32:55.571  4205  4205 D NavBarStateManager: NavBarStates(0) getSpaceWidth(land: false): 118
03-12 21:32:55.571  4205  4205 D Navbar.Store: ----handleEvent(0) value= 118
03-12 21:32:55.571  3003  3130 D DisplayPowerController[0]: saveBrightnessInfo: brt:0.105882354 adjBrt:0.0 min:0.0 max:1.0 hbm:0 tp:1.0 throttler:0 isAnimating:false
03-12 21:32:55.571 16161 16586 D SensorManager: unregisterListener
03-12 21:32:55.571  3003  3130 V DisplayPowerController[0]: Brightness [0.0] reason changing to: 'screen_off', previous reason: 'automatic'.
03-12 21:32:55.571  2022  2124 I HYPER-HAL: [RequestManager.cpp]acquire(): Acquired ID : 2112570  [2025 / 30]    HINT :      list : [UCLAMP_MIN_BOOST / 150] [TID / 4392] [TID / 4393] [TID / 4205] [TID / 4394] 
03-12 21:32:55.571  4205  4205 D Navbar.Store: ----handleEvent(0) GetInflateButtonWidth(buttonSpec=left_remote_view, landscape=true) [Module] SamsungNavigationBarInflaterView
03-12 21:32:55.571  2022  2124 I HYPER-HAL: [RequestManager.cpp]acquire(): Acquired ID : 2112570  [2025 / 30]    HINT :      list : [UCLAMP_MIN_BOOST / 200] [TID / 4392] [TID / 4393] [TID / 4205] [TID / 4394] 
03-12 21:32:55.571  4205  4205 D Navbar.Store: ------[Band]STABLE_LAYOUT_PACK_INFLATE_NAVBAR
03-12 21:32:55.571  3003  3130 I DisplayPowerController[0]: BrightnessEvent: brt=0.0 (0.0%), nits= 1.0, lux=-1.0, reason=screen_off, strat=ScreenOffBrightnessStrategy, state=OFF, stateReason=DEFAULT_POLICY, policy=OFF, flags=, initBrt=0.105882354, rcmdBrt=NaN, preBrt=NaN, preLux=0.0, wasShortTermModelActive=false, autoBrightness=true (default), unclampedBrt=0.0, hbmMax=1.0, hbmMode=off, thrmMax=1.0, rbcStrength=-1, powerFactor=1.0, physDisp=Built-in Screen(local:4630946564756762243), logicalId=0, slowChange=false, rampSpeed=0.0
03-12 21:32:55.571  4205  4205 D NavBarStateManager: NavBarStates(0) getSpaceWidth(land: true): 118
03-12 21:32:55.571  2022  2124 I HYPER-HAL: [RequestManager.cpp]acquire(): Acquired ID : 2112570  [2025 / 30]    HINT :      list : [UCLAMP_MIN_BOOST / 250] [TID / 4392] [TID / 4393] [TID / 4205] [TID / 4394] 
03-12 21:32:55.571  4205  4205 D Navbar.Store: ----handleEvent(0) value= 118
03-12 21:32:55.571  2022  2124 I HYPER-HAL: [RequestManager.cpp]acquire(): Acquired ID : 2112570  [2025 / 30]    HINT :      list : [UCLAMP_MIN_BOOST / 300] [TID / 4392] [TID / 4393] [TID / 4205] [TID / 4394] 
03-12 21:32:55.571  2022  2124 I HYPER-HAL: [RequestManager.cpp]acquire(): Acquired ID : 2112570  [2025 / 30]    HINT :      list : [UCLAMP_MIN_BOOST / 350] [TID / 4392] [TID / 4393] [TID / 4205] [TID / 4394] 
03-12 21:32:55.571  2022  2124 I HYPER-HAL: [RequestManager.cpp]acquire(): Acquired ID : 2112570  [2025 / 30]    HINT :      list : [UCLAMP_MIN_BOOST / 400] [TID / 4392] [TID / 4393] [TID / 4205] [TID / 4394] 
03-12 21:32:55.571  2105  2836 I VSyncReactor: Current= 60, Period= 120, hwcPeriod= 120
03-12 21:32:55.571  4205  4205 D Navbar.Store: ----handleEvent(0) GetInflateButtonWidth(buttonSpec=right_remote_view, landscape=true) [Module] SamsungNavigationBarInflaterView
03-12 21:32:55.571  4205  4205 D Navbar.Store: ------[Band]STABLE_LAYOUT_PACK_INFLATE_NAVBAR
03-12 21:32:55.571  4205  4205 D NavBarStateManager: NavBarStates(0) getSpaceWidth(land: true): 118
03-12 21:32:55.571  4205  4205 D Navbar.Store: ----handleEvent(0) value= 118
03-12 21:32:55.571  4205  4205 D Navbar.Store: ----handleEvent(0) GetNavBarSidePadding(landscape=false) [Module] SamsungNavigationBarInflaterView
03-12 21:32:55.571  4205  4205 D Navbar.Store: ------[Band]STABLE_LAYOUT_PACK_INFLATE_NAVBAR_SIDE_PADDING
03-12 21:32:55.571  4205  4205 D NavBarStateManager: NavBarStates(0) getNavBarSidePadding: 0
03-12 21:32:55.571  4205  4205 D Navbar.Store: ----handleEvent(0) value= 0
03-12 21:32:55.571  4205  4205 D Navbar.Store: ----handleEvent(0) GetNavBarSidePadding(landscape=true) [Module] SamsungNavigationBarInflaterView
03-12 21:32:55.571  4205  4205 D Navbar.Store: ------[Band]STABLE_LAYOUT_PACK_INFLATE_NAVBAR_SIDE_PADDING
03-12 21:32:55.571  4205  4205 D NavBarStateManager: NavBarStates(0) getNavBarSidePadding: 0
03-12 21:32:55.571  4205  4205 D Navbar.Store: ----handleEvent(0) value= 0
03-12 21:32:55.571  4205  4205 D Navbar.Store: ----handleEvent(0) GetNavBarSidePadding(landscape=false) [Module] SamsungNavigationBarInflaterView
03-12 21:32:55.571  4205  4205 D Navbar.Store: ------[Band]STABLE_LAYOUT_PACK_INFLATE_NAVBAR_SIDE_PADDING
03-12 21:32:55.571  4205  4205 D NavBarStateManager: NavBarStates(0) getNavBarSidePadding: 0
03-12 21:32:55.571  4205  4205 D Navbar.Store: ----handleEvent(0) value= 0
03-12 21:32:55.571  4205  4205 D Navbar.Store: ----handleEvent(0) GetNavBarSidePadding(landscape=true) [Module] SamsungNavigationBarInflaterView
03-12 21:32:55.571  4205  4205 D Navbar.Store: ------[Band]STABLE_LAYOUT_PACK_INFLATE_NAVBAR_SIDE_PADDING
03-12 21:32:55.571  4205  4205 D NavBarStateManager: NavBarStates(0) getNavBarSidePadding: 0
03-12 21:32:55.571  4205  4205 D Navbar.Store: ----handleEvent(0) value= 0
03-12 21:32:55.571  3003  3130 D BrightnessThermalClamper: Thermal status observer already started
03-12 21:32:55.571  2053 31424 I QC2Buf  : Reconfig: clearing from 0 bufs. Peak mem=0 MB
03-12 21:32:55.571  3003  4082 D DisplayManagerService: !@display_state requestDisplayStateInternal: ON -> OFF displayId=0
03-12 21:32:55.571  2053 31424 I QC2Buf  : Reconfig: clearing from 0 bufs. Peak mem=0 MB
03-12 21:32:55.571  3003  4082 D SemInputDeviceManagerService: setDisplayState[1] EARLY: ON(2) -> OFF(1)
03-12 21:32:55.572  3003  4082 D LocalDisplayAdapter: notifyStateChangeStart: com.samsung.android.hardware.secinputdev.external.DisplayStateListenerWrapper$1@444e177 took 1 ms
03-12 21:32:55.572  3003  3678 D SemInputMotionEventDispatcher: unregisterMotionEventListener: com.samsung.android.hardware.secinputdev.taas.ExternalApi$5@7af94ab
03-12 21:32:55.572  3003  3678 D InputTransport: Input channel destroyed: '[Gestur', fd=1206
03-12 21:32:55.572  3003  4082 D LocalDisplayAdapter: notifyStateChangeStart: com.android.server.biometrics.SemBiometricDisplayStateMonitor@e8de626 took 0 ms
03-12 21:32:55.572  3003  3678 I SemInputMotionEventDispatcher: unregisterInputEventReceiver: dispose InputEventReceiver
03-12 21:32:55.572  3003  4082 D LocalDisplayAdapter: notifyStateChangeStart: com.android.server.display.mode.RefreshRateModeManager$1@d4f0f0f took 0 ms
03-12 21:32:55.572  3003  4082 D LocalDisplayAdapter: surface lcd : 0(-1.000), 0(-1.000), main +
03-12 21:32:55.572  3003  3678 D InputTransport: Input channel destroyed: '[Gestur', fd=1186
03-12 21:32:55.572  3003  3067 I DisplayDeviceRepository: Display device changed state: "Built-in Screen", OFF
03-12 21:32:55.572  3003  3067 I LogicalDisplayMapper: Set isInTransition on display 0: false
03-12 21:32:55.572  3003  3067 I LogicalDisplayMapper: Set isInTransition on display 1: false
03-12 21:32:55.572  2105  2105 I SurfaceFlinger: setDisplayBrightness(4630946564756762243): displayBrightness: -1.000000, displayBrightnessNits: 1.000000, sdrWhitePointNits: 1.000000 , dimmingRatio: 1.000000
03-12 21:32:55.572  3003  3067 I LogicalDisplayMapper: Applying layout: [{dispId: 0(OFF), displayGroupName: , addr: {port=131, model=0x40446d5d66246e}, mThermalBrightnessThrottlingMapId: null, mRefreshRateZoneId: null, mLeadDisplayId: -1, mLeadDisplayAddress: null, mThermalRefreshRateThrottlingMapId: null, mPowerThrottlingMapId: null}, {dispId: 1(ON), displayGroupName: , addr: {port=132, model=0x40446d6e9178a2}, mThermalBrightnessThrottlingMapId: null, mRefreshRateZoneId: null, mLeadDisplayId: -1, mLeadDisplayAddress: null, mThermalRefreshRateThrottlingMapId: null, mPowerThrottlingMapId: null}], Previous layout: [{dispId: 0(ON), displayGroupName: , addr: {port=131, model=0x40446d5d66246e}, mThermalBrightnessThrottlingMapId: null, mRefreshRateZoneId: null, mLeadDisplayId: -1, mLeadDisplayAddress: null, mThermalRefreshRateThrottlingMapId: null, mPowerThrottlingMapId: null}, {dispId: 1(OFF), displayGroupName: , addr: {port=132, model=0x40446d6e9178a2}, mThermalBrightnessThrottlingMapId: null, mRefreshRateZoneId: null, mLeadDisplayId: -1, mLeadDisplayAddress: null, mThermalRefreshRateThrottlingMapId: null, mPowerThrottlingMapId: null}]
03-12 21:32:55.572  3003  3067 D LogicalDisplayMapper: applyLayoutLocked[0], oldDisplay=0, newDisplay=0, displayLayout={dispId: 0(OFF), displayGroupName: , addr: {port=131, model=0x40446d5d66246e}, mThermalBrightnessThrottlingMapId: null, mRefreshRateZoneId: null, mLeadDisplayId: -1, mLeadDisplayAddress: null, mThermalRefreshRateThrottlingMapId: null, mPowerThrottlingMapId: null}
03-12 21:32:55.572  3003  3067 I LogicalDisplayMapper: SetEnabled on display 0: false
03-12 21:32:55.572  3003  3067 D LogicalDisplayMapper: applyLayoutLocked[1], oldDisplay=1, newDisplay=1, displayLayout={dispId: 1(ON), displayGroupName: , addr: {port=132, model=0x40446d6e9178a2}, mThermalBrightnessThrottlingMapId: null, mRefreshRateZoneId: null, mLeadDisplayId: -1, mLeadDisplayAddress: null, mThermalRefreshRateThrottlingMapId: null, mPowerThrottlingMapId: null}
03-12 21:32:55.572  3003  3067 I LogicalDisplayMapper: SetEnabled on display 1: true
03-12 21:32:55.572  3003  3678 D InputTransport: Input channel destroyed: '[Gestur', fd=1193
03-12 21:32:55.572  3003  3678 I SemInputMotionEventDispatcher: unregisterInputEventReceiver: dispose InputMonitor
03-12 21:32:55.572  3003  4082 D LocalDisplayAdapter: surface lcd : 0(-1.000), 0(-1.000), main -
03-12 21:32:55.572  3003  4082 W LocalDisplayAdapter: !@display_state - 981 : ON -> OFF (MAIN)
03-12 21:32:55.572  3003  3130 D DisplayPowerController[1]: onDisplayChanged: mIsEnabled=true mIsInTransition=false mDualScreenPolicy=1 mDisplayDevice=com.android.server.display.LocalDisplayAdapter$LocalDisplayDevice@267658d
03-12 21:32:55.572  3003  3130 D DisplayPowerController[1]: animateScreenStateChange: target=OFF, mIsEnabled=true
03-12 21:32:55.572  2105  2105 D SurfaceFlinger: Setting power mode 0 on physical display 4630946564756762243 (skipComposer: 0)
03-12 21:32:55.573  3003  3130 D DisplayPowerController[0]: onDisplayChanged: mIsEnabled=false mIsInTransition=false mDualScreenPolicy=1 mDisplayDevice=com.android.server.display.LocalDisplayAdapter$LocalDisplayDevice@a261cbf
03-12 21:32:55.573  3003  3130 D DisplayPowerController[0]: animateScreenStateChange: target=OFF, mIsEnabled=false
03-12 21:32:55.573  3003  3994 D SemInputDevice:TSP: ActivateTask: 1,0 [03-12 21:32:55.571]
03-12 21:32:55.573  3003  3130 D BrightnessThermalClamper: Thermal status observer already started
03-12 21:32:55.573  3003  3130 D BrightnessThermalClamper: Thermal status observer already started
03-12 21:32:55.573  2007  2007 I sensors-hal: activate:300, com.samsung.sensor.light_seamless/1782 en=0
03-12 21:32:55.573  2007  2007 I sensors-hal: send_sync_sensor_request:508, send sync request
03-12 21:32:55.573  2007  2007 I sensors-hal: send_sync_sensor_request:518, send_sync_sensor_request before send_request for light_seamless with SUID low=11039298318857557060 high=1340270623893619472
03-12 21:32:55.573  2040  2779 I SDM     : DisplayBuiltIn::SetPanelBrightness: Setting brightness to level 0 (-100.000000 percent) primary(1) display(68)
03-12 21:32:55.573  2105  2105 D SurfaceFlinger: setPhysicalDisplayPowerMode: Optimizing thread scheduling: optimizeForPower
03-12 21:32:55.573  2007  2007 I sensors-hal: send_sync_sensor_request:537, wait for notification of response
03-12 21:32:55.574  2007  3645 I sensors-hal: qsh_conn_resp_cb:930, resp_value = 0 for light_seamless 
03-12 21:32:55.574  2040  2780 I SDM     : HWCDisplay::SetPowerMode: display = 0, mode = OFF
03-12 21:32:55.574  2040  2780 I SDM     : DisplayBase::SetDisplayState: Set state = 0, display 68-0, teardown = 0
03-12 21:32:55.574  2007  2007 I sensors-hal: send_sync_sensor_request:543, takes 0 ms to receive the response with 0
03-12 21:32:55.574  2040  2780 I SDM     : DRMPanelFeatureMgr::MarkForNullCommit: Marked 7 for null commit
03-12 21:32:55.574  2007  2007 I sensors-hal: activate:330, com.samsung.sensor.light_seamless/1782 en=0 completed
03-12 21:32:55.574  2040  2780 I SDM     : HWDeviceDRM::PowerOff: Display:68 Setting Fingerprint Indisplay Layer property = 0
03-12 21:32:55.574  3003  3067 D SensorManager: unregisterListener :: com.android.server.display.mode.DisplayModeDirector$BrightnessObserver$LightSensorEventListener@b4fe971
03-12 21:32:55.574  3003  3067 D BrightnessSynchronizer: onDisplayChanged() : displayId=0
03-12 21:32:55.574  3003  3067 D BrightnessSynchronizer: updateScreenBrightness: displayId=0 type=2 mPreferredSettingValue=0.105882354(27) currentBrightnessInt=27 currentBrightnessIntFromFloat=27(0.105882354)
03-12 21:32:55.574  3003  3067 I InputManager-JNI: Viewport [0] to add: local:4630946564756762243, isActive: false
03-12 21:32:55.574  3003  3067 D InputManager-JNI: Viewport [0] type:1, displayId=0, uniqueId=local:4630946564756762243, orientation=0, logicalFrame=[0, 0][1080, 2640], physicalFrame=[0, 0][1080, 2640], deviceSize=[1080, 2640]
03-12 21:32:55.574  3003  3067 I InputManager-JNI: Viewport [1] to add: local:4630946638498144900, isActive: false
03-12 21:32:55.574  3003  3067 D InputManager-JNI: Viewport [1] type:1, displayId=1, uniqueId=local:4630946638498144900, orientation=0, logicalFrame=[0, 0][748, 720], physicalFrame=[0, 0][748, 720], deviceSize=[748, 720]
03-12 21:32:55.574 16161 31334 I FusedOrientationManager: Unregistering orientation client. [CONTEXT service_id=6 ]
03-12 21:32:55.575  3003  3661 I InputReader: Reconfiguring input devices, changes=DISPLAY_INFO
03-12 21:32:55.576  3003  3661 I InputReader: support feature by TSP : 0x321
03-12 21:32:55.576  3003  3661 I InputReader: support feature by TSP : 0x321
03-12 21:32:55.576  3003  3067 D PointerChoreographer: setDefaultMouseDisplayId: 0 -> 1
03-12 21:32:55.576  3003  3067 D MouseCursorController: loadResourcesLocked for display 1
03-12 21:32:55.577  3003  3067 I InputManager-JNI: notifyPointerDisplayIdChanged: pointer displayId set to: 1
03-12 21:32:55.577  3003  3067 D InputManager: notifyDisplayIdChangedByUser: 1
03-12 21:32:55.577  3003  3661 I InputReader: Reconfiguring input devices, changes=DISPLAY_INFO
03-12 21:32:55.577  3003  3661 I InputReader: support feature by TSP : 0x321
03-12 21:32:55.577  3003  3661 I InputReader: support feature by TSP : 0x321
03-12 21:32:55.578  3003  3661 W InputReader: Rotary Encoder device configuration file didn't specify resolution!
03-12 21:32:55.578  3003  3661 W InputReader: Rotary Encoder device configuration file didn't specify scaling factor,default to 1.000000!
03-12 21:32:55.578  3003  3661 I InputReader: Rotary Encoder device configuration file didn't specify min log rotation.
03-12 21:32:55.579  4205  4205 D NavBarView: disableBack=false (isBackDismissIme=false, handlingGestures=false, disabledFlagBack=false, isBottomGesture=false, isImeRenderingNavButtons=false)
03-12 21:32:55.579  3003  3910 I CAE     : handleMessage(CaPowerManager.java:226) - AP_SLEEP
03-12 21:32:55.579  4205  4205 D Navbar.Store: ----handleEvent(0) OnUpdateSysUiStateFlag(noArguments=true) [Module] SamsungNavigationBarView
03-12 21:32:55.579  4205  4205 D Navbar.Store: ------[Band]GESTURE_PACK_UPDATE_SYSTEMUI_STATE_FLAG
03-12 21:32:55.579  4205  4205 D Navbar.Store: ------[Band] (afterAction) GESTURE_PACK_UPDATE_SYSTEMUI_STATE_FLAG
03-12 21:32:55.579  4205  4205 D Navbar.Store: handleEvent(0) OnConfigChanged(newConfig={1.0 ?mcc0mnc [en_US] ldltr sw360dp w360dp h880dp 480dpi nrml long hdr widecg port night finger -keyb/v/h -nav/h winConfig={ mBounds=Rect(0, 0 - 1080, 2640) mAppBounds=Rect(0, 0 - 1080, 2640) mMaxBounds=Rect(0, 0 - 1080, 2640) mDisplayRotation=ROTATION_0 mWindowingMode=fullscreen mActivityType=undefined mAlwaysOnTop=undefined mRotation=ROTATION_0 mStageConfig=undefined mPopOver=undefined mOverlappingWithCutout=false mFlexPanelMode=off} s.3531 fontWeightAdjustment=0 ff=0 bf=-1 bts=0 cst=1.0 nightDim=0 themeSeq=0}) [Module] NavigationBarControllerImpl
03-12 21:32:55.579  4205  4205 D Navbar.Store: --[Band]CONFIG_PACK_CONFIG_CHANGED
03-12 21:32:55.579  4205  4205 D Navbar.Store: handleEvent(0) OnNavBarConfigChanged(canMove=true, supportPhoneLayoutProvider=true, imeDownButtonForAllRotation=false, navigationMode=0) [Module] NavigationBarControllerImpl
03-12 21:32:55.579  4205  4205 D Navbar.Store: --[Band]STABLE_LAYOUT_PACK_NAVBAR_CONFIG_CHANGED
03-12 21:32:55.579  4205  4205 D NavBarStateManager: NavBarStates(0) supportLargeCoverScreenNavBar: false
03-12 21:32:55.579  4205  4205 D Navbar.Store: --updateLayoutProvider() layoutProviderContainer = com.android.systemui.navigationbar.layout.LayoutProviderContainerImpl@1dbf89d
03-12 21:32:55.579  4205  4205 D NavBarStateManager: NavBarStates(0) supportLargeCoverScreenNavBar: false
03-12 21:32:55.579  4205  4205 D Navbar.Store: --[Band] (afterAction) STABLE_LAYOUT_PACK_NAVBAR_CONFIG_CHANGED
03-12 21:32:55.579  4205  4205 D Navbar.Store: handleEvent(1) OnConfigChanged(newConfig={1.0 ?mcc0mnc [en_US] ldltr sw360dp w360dp h880dp 480dpi nrml long hdr widecg port night finger -keyb/v/h -nav/h winConfig={ mBounds=Rect(0, 0 - 1080, 2640) mAppBounds=Rect(0, 0 - 1080, 2640) mMaxBounds=Rect(0, 0 - 1080, 2640) mDisplayRotation=ROTATION_0 mWindowingMode=fullscreen mActivityType=undefined mAlwaysOnTop=undefined mRotation=ROTATION_0 mStageConfig=undefined mPopOver=undefined mOverlappingWithCutout=false mFlexPanelMode=off} s.3531 fontWeightAdjustment=0 ff=0 bf=-1 bts=0 cst=1.0 nightDim=0 themeSeq=0}) [Module] NavigationBarControllerImpl
03-12 21:32:55.579  3003  3067 D RefreshRateModeManager: onBrightnessChanged: brt=0, lux=-1.0
03-12 21:32:55.579  3003  3067 D RefreshRateModeManager: set fix=0, brightness=0, lux=-1.0, mIsWirelessCharging=false
03-12 21:32:55.579  4205  4881 I VRI[ScreenDecorOverlayCover]@cddcdb0: onDisplayChanged oldDisplayState=1 newDisplayState=1
03-12 21:32:55.579  4205  4267 I VRI[ShellDropTarget]@a0b4a8f: onDisplayChanged oldDisplayState=2 newDisplayState=1
03-12 21:32:55.579  3003  3067 D RefreshRateModeManager: setPassiveMode=false, brightness=0, lux=-1.0, PassiveModeToken=false
03-12 21:32:55.579  3003  3067 I RefreshRateModeManager: Schedule to change HFRmode=REFRESH_RATE_MODE_SEAMLESS, mDisplayToken=android.os.BinderProxy@7f742aa
03-12 21:32:55.579  3003  3067 I RefreshRateModeManager:     -1:
03-12 21:32:55.579  3003  3067 I RefreshRateModeManager:       PRIORITY_REFRESH_RATE_MODE -> CombinedVote{ mVotes=[PhysicalVote{ RefreshRateVote{  mMinRefreshRate=10.0, mMaxRefreshRate=120.0 } }, DisableRefreshRateSwitchingVote{ mDisableRefreshRateSwitching=false }] }
03-12 21:32:55.579  3003  3067 I RefreshRateModeManager:     0:
