03-12 22:09:55.608  4205  4205 I ModuleClockPositionController[1]: getClockPositionInfo : ClockPositionInfo: id = , x = 265.0, y = 130.0, width = 217, height = 332, type = 2, editable = true, targetView = android.widget.LinearLayout{1069ff3 V.E...... ......ID 0,0-217,332 #7f0a1ff1 app:id/common_time_date_container}
03-12 22:09:55.608  4205  4205 I ModuleClockView_SUB_LAUNCHER_1@80: setScaleClock: 1.0
03-12 22:09:55.608  4205  4205 I ModuleClockPositionController[1]: updatePositionData: set value to ModuleClockPositionData(clockType=1, clockGravity=0, clockTopMargin=0, clockHorizontalMargin=0, clockScale=1.0, clockMaxWidth=680)
03-12 22:09:55.609  4205  4205 I SubLauncher:SubLauncherStateManager@232606011: setClockDozeAmountAnim: aod.NT0@b4f8f06 -> aod.NT0@4fab1f
03-12 22:09:55.609  4205  4205 I SubScreenPositionControllerImpl[SUB_STATUS_BAR_NOTI]: initPosition: mRange = Rect(0, -11 - 22, 11), mParams = ViewPositionParams {name = SUB_STATUS_BAR_NOTI, width = 21, height = 21, left = 0, top = 0, right = 0, bottom = 0, offset = Point(0, 0), interval = 10, gravity = 8388627, high = false, baseScreenSizeRate = 1.0, initialBottomMargin = 0}
03-12 22:09:55.609  4205  4205 I SubScreenPositionControllerImpl[SUB_STATUS_BAR_BATTERY]: initPosition: mRange = Rect(-22, -11 - 0, 11), mParams = ViewPositionParams {name = SUB_STATUS_BAR_BATTERY, width = 21, height = 21, left = 0, top = 0, right = 0, bottom = 0, offset = Point(0, 0), interval = 10, gravity = 8388629, high = false, baseScreenSizeRate = 1.0, initialBottomMargin = 0}
03-12 22:09:55.609  4205  4205 I SubScreenPositionControllerImpl[SUB_CLOCK_AOD]: initPosition: mRange = Rect(-27, -59 - 27, 59), mParams = ViewPositionParams {name = SUB_CLOCK_AOD, width = 53, height = 117, left = 0, top = 0, right = 0, bottom = 0, offset = Point(0, 0), interval = 10, gravity = 17, high = false, baseScreenSizeRate = 1.0, initialBottomMargin = 0}
03-12 22:09:55.609  4205  4205 I SubScreenPositionControllerImpl[SUB_CLOCK_AOD]: setAODFinalPosition() mAODFinalPosition = [-15,-10], offset[Point(0, 0)]
03-12 22:09:55.609  4205  4205 I SubScreenPositionControllerImpl[SUB_CLOCK_AOD]: updatePosition: first update mCurPoint = Point(-15, -10), mRange = Rect(-27, -59 - 27, 59), count = 1, interval = 10
03-12 22:09:55.609  4205  4205 I SubScreenPositionControllerImpl[SUB_CLOCK_AOD]: getRandomFinalPosition() [-15,-10]
03-12 22:09:55.609  4205  4205 I SubLauncher:SubLauncherStateManager@232606011: setClockDozePosition: Point(-24, 38) -> Point(-15, -10)
03-12 22:09:55.609  4205  4362 E SecQSPanelResourcePickHelper: need to prepare suitable picker for COVER
03-12 22:09:55.609  4205  4205 I SubScreenPositionControllerImpl[SUB_STATUS_BAR_NOTI]: initPosition: mRange = Rect(0, -11 - 22, 11), mParams = ViewPositionParams {name = SUB_STATUS_BAR_NOTI, width = 21, height = 21, left = 0, top = 0, right = 0, bottom = 0, offset = Point(0, 0), interval = 10, gravity = 8388627, high = false, baseScreenSizeRate = 1.0, initialBottomMargin = 0}
03-12 22:09:55.609  4205  4205 I SubScreenPositionControllerImpl[SUB_STATUS_BAR_NOTI]: setAODFinalPosition() mAODFinalPosition = [1,0], offset[Point(0, 0)]
03-12 22:09:55.609  4205  4205 I SubScreenPositionControllerImpl[SUB_STATUS_BAR_NOTI]: updatePosition: first update mCurPoint = Point(1, 0), mRange = Rect(0, -11 - 22, 11), count = 1, interval = 10
03-12 22:09:55.609  4205  4205 I SubScreenPositionControllerImpl[SUB_STATUS_BAR_BATTERY]: initPosition: mRange = Rect(-22, -11 - 0, 11), mParams = ViewPositionParams {name = SUB_STATUS_BAR_BATTERY, width = 21, height = 21, left = 0, top = 0, right = 0, bottom = 0, offset = Point(0, 0), interval = 10, gravity = 8388629, high = false, baseScreenSizeRate = 1.0, initialBottomMargin = 0}
03-12 22:09:55.609  4205  4205 I SubScreenPositionControllerImpl[SUB_STATUS_BAR_BATTERY]: setAODFinalPosition() mAODFinalPosition = [-17,9], offset[Point(0, 0)]
03-12 22:09:55.609  4205  4205 I SubScreenPositionControllerImpl[SUB_STATUS_BAR_BATTERY]: updatePosition: first update mCurPoint = Point(-17, 9), mRange = Rect(-22, -11 - 0, 11), count = 1, interval = 10
03-12 22:09:55.609  4205  4205 I SubScreenPositionControllerImpl[SUB_STATUS_BAR_NOTI]: getRandomFinalPosition() [1,0]
03-12 22:09:55.609  4205  4205 I SubScreenPositionControllerImpl[SUB_STATUS_BAR_BATTERY]: setFinalPositionY(0) Point(-17, 9) -> Point(-17, 0)
03-12 22:09:55.609  4205  4205 I SubScreenPositionControllerImpl[SUB_STATUS_BAR_NOTI]: getRandomFinalPosition() [1,0]
03-12 22:09:55.609  4205  4205 I SubLauncher:SubLauncherStateManager@232606011: setNIODozePosition: Point(15, -8) -> Point(1, 0)
03-12 22:09:55.609  4205  4205 I SubScreenPositionControllerImpl[SUB_STATUS_BAR_BATTERY]: getRandomFinalPosition() [-17,0]
03-12 22:09:55.609  4205  4205 I SubLauncher:SubLauncherStateManager@232606011: setBatteryDozePosition: Point(-9, -8) -> Point(-17, 0)
03-12 22:09:55.609  4205  4205 I SubLauncher:GetClockMovableAreaUseCase@58390511: MovableArea: SkRegion((34,72,714,431)(34,431,621,552)), from=left: Rect(0, 0 - 34, 720), top: Rect(0, 0 - 748, 72), right: Rect(714, 0 - 748, 720), bottom: Rect(0, 552 - 748, 720), shortcut: Rect(621, 431 - 748, 720), 
03-12 22:09:55.609  4205  4205 I SubLauncher:SubLauncherClock@211923914: initMovableArea: SkRegion((34,72,714,431)(34,431,621,552)), rootSize=SubScreenSize(width=748, height=720, widthF=748.0, heightF=720.0, halfWidth=374.0, halfHeight=360.0, cornerRadius=20), isFlexMode=false, isWidgetEnabled=false, isInformative=false, isNowBarVisible=false, nowBarPosition=Point(1, -4)
03-12 22:09:55.609  4205  4205 I SubLauncherNowBarCardStackView: sub refreshAllViews itemList size  -> 0
03-12 22:09:55.609  4205  4205 I SubLauncherNowBarCardStackView: refreshAllViews topcard -> , AI_BRIEF_KEY, AI_BRIEF | 7
03-12 22:09:55.609  4205  4205 I SubLauncherNowBarCardStackView: refreshAllViews prev = 1 / new = 0  (idx=0 , AI_BRIEF_KEY, AI_BRIEF | 7)  ==> 
03-12 22:09:55.609  4205  4362 E SecQSPanelResourcePickHelper: need to prepare suitable picker for COVER
03-12 22:09:55.609  4205  4205 D SecVolume.VolumePanelStore: dispatch [ACTION_DISMISS_REQUESTED with [STATE_FOLDER_STATE_CHANGED], currentAction={isFromOutside : true}, currentState={activeStream=3(vol=0), stream=-1(vol=null) } isMediaDefaultEnabled : true, isVoiceCapable : true, isCaptionComponentEnabled : true, isFolded : true, isHasVibrator : true, isSetupWizardComplete : true, timeOutControls : 0, pinDevice : 0, earProtectLevel : 909, ringerModeInternal : 0, timeOutControlsText : 0, activeStream : 3, timeOut : 3000, cutoutHeight : 0, systemTimeNow : 13420931}
03-12 22:09:55.609  4205  4205 D SecVolume.VolumePanelStore:   > New State : [STATE_NO_DISPATCH]
03-12 22:09:55.609  4205  4362 D Tile.DndTile: handleUpdateState zen 0  state = QSTile$BooleanState[spec=Dnd,icon=ResourceIcon[resId=0x7f080f7d],nextIcon=null,iconSupplier=null,label=Do not disturb,secondaryLabel=null,contentDescription=null,stateDescription=null,dualLabelContentDescription=null,expandedAccessibilityClassName=null,disabledByPolicy=false,dualTarget=true,isTransient=false,handlesSecondaryClick=false,state=1,sideViewCustomDrawable=null,tileClassName=null,value=false,forceExpandIcon=false]
03-12 22:09:55.609  4205  4205 D KeyguardPunchHoleVIView: startVI() - return, face recognition is stopped
03-12 22:09:55.609  4205  4205 D KeyguardPunchHoleVIView_Bouncer: startVI() - return, face recognition is stopped
03-12 22:09:55.609  4205  4205 I SubLauncher:SubLauncherStateManager@232606011: setNotiCountText: 0 -> 7
03-12 22:09:55.609  4205  4205 I SubLauncher:SubLauncherNotificationIconsOnlyController: clockView or notiCount is changed set notiCount=7
03-12 22:09:55.609  4205  4205 I SubLauncher:SubLauncherBio@50942405: updateBiometricState : 2
03-12 22:09:55.610  4205  4205 I LockscreenNotificationIconsOnlyController: onNotificationInfoUpdated 7
03-12 22:09:55.610  4205  4205 I AODNotificationManager: subLauncherUpdateNotification() 
03-12 22:09:55.611  4205  4205 D PluginAODManager: onNotificationInfoUpdated() 7
03-12 22:09:55.611  4205  4205 I PluginAODManager: onNotificationInfoUpdated : can not find -1|android|32|null|1000
03-12 22:09:55.611  4205  4205 D PluginAODManager: onNotificationInfoUpdated() -1|com.android.systemui|2131364006|charging_state|10053
03-12 22:09:55.611  4205  4205 D PluginAODManager: onNotificationInfoUpdated() 0|com.google.android.googlequicksearchbox|0|1391480565::a:snotification:[0x394,wx.f,NOTIFICATION]|10261
03-12 22:09:55.611  4205  4205 D PluginAODManager: onNotificationInfoUpdated() 0|com.sec.android.daemonapp|5|null|10222
03-12 22:09:55.611  4205  4205 D PluginAODManager: onNotificationInfoUpdated() 0|com.android.vending|0|0|com.android.vending|g:Aggregate_NormalNotificationSection|10260|0|com.android.vending|g:Aggregate_NormalNotificationSection
03-12 22:09:55.611  4205  4205 D PluginAODManager: onNotificationInfoUpdated() 0|com.samsung.android.app.smartcapture|5755|null|10221
03-12 22:09:55.611  4205  4205 D PluginAODManager: onNotificationInfoUpdated() 0|com.sygic.aura|0|null|10286
03-12 22:09:55.611  4205  4205 I AODNotificationManager: updateVisibleNotifications: 6
03-12 22:09:55.611  4205  4205 I VRI[NavigationBar1]@a7fd2ae: handleResized, frames=ClientWindowFrames{frame=[0,654][748,720] display=[0,0][748,720] parentFrame=[0,0][0,0]} displayId=1 dragResizing=false compatScale=1.0 frameChanged=false attachedFrameChanged=false configChanged=false displayChanged=false compatScaleChanged=false dragResizingChanged=false
03-12 22:09:55.611  4205  4205 I VRI[ScreenDecorOverlayCover]@cddcdb0: Resizing android.view.ViewRootImpl@9f0cc40: frame = [0,0][748,720] reportDraw = true forceLayout = false syncSeqId = -1
03-12 22:09:55.611  4205  4205 I VRI[NavigationBar1]@a7fd2ae: handleResized, frames=ClientWindowFrames{frame=[0,654][748,720] display=[0,0][748,720] parentFrame=[0,0][0,0]} displayId=1 dragResizing=false compatScale=1.0 frameChanged=false attachedFrameChanged=false configChanged=true displayChanged=false compatScaleChanged=false dragResizingChanged=false
03-12 22:09:55.611  4205  4205 I VRI[NavigationBar1]@a7fd2ae: performConfigurationChange setNightDimText nightDimLevel=0
03-12 22:09:55.611  4205  4205 I VRI[NavigationBar1]@a7fd2ae: handleResized mSyncSeqId = 0
03-12 22:09:55.611  4205  4205 I VRI[ScreenDecorOverlayCover]@cddcdb0: Resizing android.view.ViewRootImpl@9f0cc40: frame = [0,0][748,720] reportDraw = true forceLayout = false syncSeqId = -1
03-12 22:09:55.611  4205  4205 D PluginAODManager: requestVisibleNotifications()
03-12 22:09:55.611  4205  4205 I AODNotificationManager: setTagId() 2131365301
03-12 22:09:55.611  4205  4205 I LockscreenNotificationManager: refreshLockScreenNotifications: AOD_REQUEST_NOTIFICATIONS
03-12 22:09:55.611  4205  4394 I VRI[ScreenDecorOverlayCover]@cddcdb0: Received frameCommittedCallback lastAttemptedDrawFrameNum=531 didProduceBuffer=true
03-12 22:09:55.611  4205  4881 D VRI[ScreenDecorOverlayCover]@cddcdb0: reportDrawFinished seqId=0
03-12 22:09:55.612  3003  6708 D WindowManager: finishDrawingWindow: Window{21b9755 u0 ScreenDecorOverlayCover} mDrawState=DRAW_PENDING seqId=0
03-12 22:09:55.612  4205  4881 I InsetsController: onStateChanged: host=ScreenDecorOverlayCover, from=android.view.ViewRootImpl.onInsetsStateChanged:3026, state=InsetsState: {mDisplayFrame=Rect(0, 0 - 748, 720), mDisplayCutout=DisplayCutout{insets=Rect(0, 0 - 0, 66) waterfall=Insets{left=0, top=0, right=0, bottom=0} boundingRect={Bounds=[Rect(0, 0 - 0, 0), Rect(0, 0 - 0, 0), Rect(0, 0 - 0, 0), Rect(379, 654 - 748, 720)]} cutoutPathParserInfo={CutoutPathParserInfo{displayWidth=748 displayHeight=720 physicalDisplayWidth=748 physicalDisplayHeight=720 density={2.125} cutoutSpec={@bottom @right M 0,0 H -173.6470588235294 V -31.05882352941176 H 0 V 0 Z @dp} rotation={0} scale={1.0} physicalPixelDisplaySizeRatio={1.0}}} sideOverrides={}}, mRoundedCorners=RoundedCorners{[RoundedCorner{position=TopLeft, radius=49, center=Point(49, 49)}, RoundedCorner{position=TopRight, radius=49, center=Point(699, 49)}, RoundedCorner{position=BottomRight, radius=49, center=Point(699, 671)}, RoundedCorner{position=BottomLeft, radius=49, center=Point(49, 671)}]}  mRoundedCornerFrame=Rect(0, 0 - 0, 0), mPrivacyIndicatorBounds=PrivacyIndicatorBounds {static bounds=null rotation=0}, mDisplayShape=DisplayShape{ spec=1406003047 displayWidth=748 displayHeight=720 physicalPixelDisplaySizeRatio=1.0 rotation=0 offsetX=0 offsetY=0 scale=1.0}, mSources= { InsetsSource: {67 mType=displayCutout mFrame=[0,654][748,720] mVisible=true mFlags= mSideHint=BOTTOM mBoundingRects=null}, InsetsSource: {18440004 mType=systemGestures mFrame=[0,0][0,0] mVisible=true mFlags= mSideHint=NONE mBoundingRects=null}, InsetsSource: {18440005 mType=mandatorySystemGestures mFrame=[0,618][748,720] mVisible=true mFlags= mSideHint=BOTTOM mBoundingRects=null}, InsetsSource: {18440024 mType=systemGestures mFrame=[0,0][0,0] mVisible=true mFlags= mSideHint=NONE mBoundingRects=null} }
03-12 22:09:55.612  4205  4205 D PluginActionManager: stopListening
03-12 22:09:55.612  4205  4205 D StackScroller: generateRemoveAnimation -1|android|32|null|1000
03-12 22:09:55.612  4205  4205 D StackScroller: generateRemoveAnimation -1|android|32|null|1000 mIsExpanded false mAnimationsEnabled false
03-12 22:09:55.612  4205  4205 D StackScroller: onViewRemovedInternal remove child without animation -1|android|32|null|1000
03-12 22:09:55.612  4205  4881 I VRI[ScreenDecorOverlayCover]@cddcdb0: handleResized, frames=ClientWindowFrames{frame=[0,0][748,720] display=[0,0][748,720] parentFrame=[0,0][0,0]} displayId=1 dragResizing=false compatScale=1.0 frameChanged=false attachedFrameChanged=false configChanged=false displayChanged=false compatScaleChanged=false dragResizingChanged=false
03-12 22:09:55.612  4205  4881 I VRI[ScreenDecorOverlayCover]@cddcdb0: handleResized mSyncSeqId = 0
03-12 22:09:55.612  4205  4881 D VRI[ScreenDecorOverlayCover]@cddcdb0: reportNextDraw android.view.ViewRootImpl.handleResized:2983 android.view.ViewRootImpl.-$$Nest$mhandleResized:0 android.view.ViewRootImpl$ViewRootHandler.handleMessageImpl:8341 android.view.ViewRootImpl$ViewRootHandler.handleMessage:8301 android.os.Handler.dispatchMessage:110 
03-12 22:09:55.612  4205  4881 I InsetsController: onStateChanged: host=ScreenDecorOverlayCover, from=android.view.ViewRootImpl.onInsetsStateChanged:3026, state=InsetsState: {mDisplayFrame=Rect(0, 0 - 748, 720), mDisplayCutout=DisplayCutout{insets=Rect(0, 0 - 0, 66) waterfall=Insets{left=0, top=0, right=0, bottom=0} boundingRect={Bounds=[Rect(0, 0 - 0, 0), Rect(0, 0 - 0, 0), Rect(0, 0 - 0, 0), Rect(379, 654 - 748, 720)]} cutoutPathParserInfo={CutoutPathParserInfo{displayWidth=748 displayHeight=720 physicalDisplayWidth=748 physicalDisplayHeight=720 density={2.125} cutoutSpec={@bottom @right M 0,0 H -173.6470588235294 V -31.05882352941176 H 0 V 0 Z @dp} rotation={0} scale={1.0} physicalPixelDisplaySizeRatio={1.0}}} sideOverrides={}}, mRoundedCorners=RoundedCorners{[RoundedCorner{position=TopLeft, radius=49, center=Point(49, 49)}, RoundedCorner{position=TopRight, radius=49, center=Point(699, 49)}, RoundedCorner{position=BottomRight, radius=49, center=Point(699, 671)}, RoundedCorner{position=BottomLeft, radius=49, center=Point(49, 671)}]}  mRoundedCornerFrame=Rect(0, 0 - 0, 0), mPrivacyIndicatorBounds=PrivacyIndicatorBounds {static bounds=null rotation=0}, mDisplayShape=DisplayShape{ spec=1406003047 displayWidth=748 displayHeight=720 physicalPixelDisplaySizeRatio=1.0 rotation=0 offsetX=0 offsetY=0 scale=1.0}, mSources= { InsetsSource: {67 mType=displayCutout mFrame=[0,654][748,720] mVisible=true mFlags= mSideHint=BOTTOM mBoundingRects=null}, InsetsSource: {18440004 mType=systemGestures mFrame=[0,0][0,0] mVisible=true mFlags= mSideHint=NONE mBoundingRects=null}, InsetsSource: {18440005 mType=mandatorySystemGestures mFrame=[0,654][748,720] mVisible=true mFlags= mSideHint=BOTTOM mBoundingRects=null}, InsetsSource: {18440024 mType=systemGestures mFrame=[0,0][0,0] mVisible=true mFlags= mSideHint=NONE mBoundingRects=null} }
03-12 22:09:55.612  4205  4881 I VRI[ScreenDecorOverlayCover]@cddcdb0: handleResized, frames=ClientWindowFrames{frame=[0,0][748,720] display=[0,0][748,720] parentFrame=[0,0][0,0]} displayId=1 dragResizing=false compatScale=1.0 frameChanged=false attachedFrameChanged=false configChanged=false displayChanged=false compatScaleChanged=false dragResizingChanged=false
03-12 22:09:55.612  4205  4881 I VRI[ScreenDecorOverlayCover]@cddcdb0: handleResized mSyncSeqId = 0
03-12 22:09:55.612  4205  4881 D VRI[ScreenDecorOverlayCover]@cddcdb0: reportNextDraw android.view.ViewRootImpl.handleResized:2983 android.view.ViewRootImpl.-$$Nest$mhandleResized:0 android.view.ViewRootImpl$ViewRootHandler.handleMessageImpl:8341 android.view.ViewRootImpl$ViewRootHandler.handleMessage:8301 android.os.Handler.dispatchMessage:110 
03-12 22:09:55.612  4205  4881 I VRI[ScreenDecorOverlayCover]@cddcdb0: handleResized, frames=ClientWindowFrames{frame=[0,0][748,720] display=[0,0][748,720] parentFrame=[0,0][0,0]} displayId=1 dragResizing=false compatScale=1.0 frameChanged=false attachedFrameChanged=false configChanged=true displayChanged=false compatScaleChanged=false dragResizingChanged=false
03-12 22:09:55.612  4205  4881 I VRI[ScreenDecorOverlayCover]@cddcdb0: performConfigurationChange setNightDimText nightDimLevel=0
03-12 22:09:55.613  4205  4881 I VRI[ScreenDecorOverlayCover]@cddcdb0: handleResized mSyncSeqId = 0
03-12 22:09:55.613  4205  4881 D VRI[ScreenDecorOverlayCover]@cddcdb0: reportNextDraw android.view.ViewRootImpl.handleResized:2983 android.view.ViewRootImpl.-$$Nest$mhandleResized:0 android.view.ViewRootImpl$ViewRootHandler.handleMessageImpl:8341 android.view.ViewRootImpl$ViewRootHandler.handleMessage:8301 android.os.Handler.dispatchMessage:110 
03-12 22:09:55.613  3003  3068 V WindowManager: performShowLocked: mDrawState=HAS_DRAWN in Window{21b9755 u0 ScreenDecorOverlayCover}
03-12 22:09:55.613  3003  3068 V WindowManager: SyncGroup 1982: Finished!
03-12 22:09:55.613  3003  3068 D WindowManagerServiceExt: updateTaskbarTargetIfNeeded: reset
03-12 22:09:55.613  3003  3068 D ChangeTransitionController: onTransactionReady: TransitionRecord{36eb185 id=1982 type=CHANGE flags=0x400 c=[
03-12 22:09:55.613  3003  3068 D ChangeTransitionController:    ChangeInfo{8fd9fec container=DefaultTaskDisplayArea_d0@29010794 flags=0x0}
03-12 22:09:55.613  3003  3068 D ChangeTransitionController:    ChangeInfo{73f2fb5 container=Task{6900d04 #199 type=standard A=10458:com.coulombtech} flags=0x0}
03-12 22:09:55.613  3003  3068 D ChangeTransitionController:    ChangeInfo{16ea64a container=ActivityRecord{141517702 u0 com.coulombtech/com.cp.ui.activity.map.MapActivity t199} flags=0x0}
03-12 22:09:55.613  3003  3068 D ChangeTransitionController:    ChangeInfo{a0389bb container=Display{#1 state=OFF size=748x720 ROTATION_0} flags=0x0}
03-12 22:09:55.613  3003  3068 D ChangeTransitionController:    ChangeInfo{91aced8 container=Display{#0 state=OFF size=1080x2640 ROTATION_0} flags=0x0}
03-12 22:09:55.613  3003  3068 D ChangeTransitionController: ]
03-12 22:09:55.613  3003  3068 D ChangeTransitionController: }
03-12 22:09:55.613  3003  3068 V WindowManager: Start calculating TransitionInfo based on participants: {ActivityRecord{141517702 u0 com.coulombtech/com.cp.ui.activity.map.MapActivity t199}, Display{#1 state=OFF size=748x720 ROTATION_0}}
03-12 22:09:55.614  3003  3068 V WindowManager:   Final targets: [ChangeInfo{a0389bb container=Display{#1 state=OFF size=748x720 ROTATION_0} flags=0x0}, ChangeInfo{73f2fb5 container=Task{6900d04 #199 type=standard A=10458:com.coulombtech} flags=0x10}, ChangeInfo{8fd9fec container=DefaultTaskDisplayArea_d0@29010794 flags=0x10}]
03-12 22:09:55.614  2105  2324 I SurfaceFlinger: id=16215 createSurf, flag=84004, Transition Root: Display 1 name="Built-in Screen"#16215
03-12 22:09:55.615  2105  2324 I SurfaceFlinger: id=16216 createSurf, flag=84004, Transition Root: DefaultTaskDisplayArea_d0#16216
03-12 22:09:55.616  3003  3068 D SurfaceComposerClient: setCornerRadius ## DefaultTaskDisplayArea_d0#11 cornerRadius=0.000000
03-12 22:09:55.616  3003  3068 D SurfaceComposerClient: setCornerRadius ## Task=199#16161 cornerRadius=0.000000
03-12 22:09:55.617  3003  3068 D SurfaceComposerClient: setCornerRadius ## WindowedMagnification:0:31#54 cornerRadius=0.000000
03-12 22:09:55.617  3003  3068 V WindowManager: Calling onTransitionReady: {id=1982 t=CHANGE f=0x400 trk=0 r=[1@Point(0, 0),0@Point(0, 0)] c=[
03-12 22:09:55.617  3003  3068 V WindowManager:         {WCT{RemoteToken{fd3d56f Display{#1 state=OFF size=748x720 ROTATION_0}}} m=CHANGE f=IS_DISPLAY leash=Surface(name=WindowedMagnification:0:31)/@0x8532ee4 sb=Rect(0, 0 - 748, 720) eb=Rect(0, 0 - 748, 720) epz=Point(1080, 2640) d=1 inset=Rect(0, 0 - 0, 0)},
03-12 22:09:55.617  3003  3068 V WindowManager:         {WCT{RemoteToken{b1ec65 Task{6900d04 #199 type=standard A=10458:com.coulombtech}}} m=TO_BACK f=NONE p=WCT{RemoteToken{4951334 DefaultTaskDisplayArea_d0@29010794}} leash=Surface(name=Task=199)/@0x703ec2e sb=Rect(0, 0 - 1080, 2640) eb=Rect(0, 0 - 1080, 2640) epz=Point(1080, 2640) d=0 taskParent=-1 inset=Rect(0, 94 - 0, 144)},
03-12 22:09:55.617  3003  3068 V WindowManager:         {WCT{RemoteToken{4951334 DefaultTaskDisplayArea_d0@29010794}} m=TO_BACK f=FLAG_IS_TASK_DISPLAY_AREA leash=Surface(name=DefaultTaskDisplayArea_d0)/@0xc11688 sb=Rect(0, 0 - 1080, 2640) eb=Rect(0, 0 - 1080, 2640) epz=Point(1080, 2640) d=0 inset=Rect(0, 0 - 0, 0)}
03-12 22:09:55.617  3003  3068 V WindowManager:     ]}
03-12 22:09:55.617  4205  4205 I AppIconSolution: return adaptive icon for com.android.systemui, isNight = true
03-12 22:09:55.619  3003  3068 D PowerManagerService: [api] setPowerBoost(L) boost:0, durationMs:0, caller (uid: 1000 pid: 3003) <- m() in com.android.server.display.DisplayManagerService$BinderService$$ExternalSyntheticOutline0:1
03-12 22:09:55.619  4205  4205 I AppIconSolution: return adaptive icon for com.google.android.googlequicksearchbox, isNight = true
03-12 22:09:55.619  4205 14457 V WindowManagerShell: onTransitionReady(transaction=12897786877960)
03-12 22:09:55.619  4205  4267 V WindowManagerShell: onTransitionReady (#1982) android.os.BinderProxy@b80cb9d: {id=1982 t=CHANGE f=0x400 trk=0 r=[1@Point(0, 0),0@Point(0, 0)] c=[
03-12 22:09:55.619  4205  4267 V WindowManagerShell:         {m=CHANGE f=IS_DISPLAY leash=Surface(name=WindowedMagnification:0:31)/@0x93f9a0f sb=Rect(0, 0 - 748, 720) eb=Rect(0, 0 - 748, 720) epz=Point(1080, 2640) d=1 inset=Rect(0, 0 - 0, 0)},
03-12 22:09:55.619  4205  4267 V WindowManagerShell:         {m=TO_BACK f=NONE p=WCT{android.window.IWindowContainerToken$Stub$Proxy@5773cd2} leash=Surface(name=Task=199)/@0x79f5a9c sb=Rect(0, 0 - 1080, 2640) eb=Rect(0, 0 - 1080, 2640) epz=Point(1080, 2640) d=0 taskParent=-1 inset=Rect(0, 94 - 0, 144)},
03-12 22:09:55.619  4205  4267 V WindowManagerShell:         {m=TO_BACK f=FLAG_IS_TASK_DISPLAY_AREA leash=Surface(name=DefaultTaskDisplayArea_d0)/@0xd1d4ca5 sb=Rect(0, 0 - 1080, 2640) eb=Rect(0, 0 - 1080, 2640) epz=Point(1080, 2640) d=0 inset=Rect(0, 0 - 0, 0)}
03-12 22:09:55.619  4205  4267 V WindowManagerShell:     ]}
03-12 22:09:55.619  3003  3064 V WindowManager: Sent Transition (#1982) createdAt=03-12 22:09:55.457 via request=TransitionRequestInfo { type = CHANGE, triggerTask = null, pipChange = null, remoteTransition = null, displayChange = null, flags = 0, debugId = 1982 }
03-12 22:09:55.619  4205  4267 V ShellDesktopMode: DesktopModeLogger: taskInfo map after processing changes 0
03-12 22:09:55.619  3003  3064 V WindowManager:     startWCT=WindowContainerTransaction { changes= {} hops= [] errorCallbackToken=null taskFragmentOrganizer=null }
03-12 22:09:55.619  3003  3064 V WindowManager:     info={id=1982 t=CHANGE f=0x400 trk=0 r=[1@Point(0, 0),0@Point(0, 0)] c=[
03-12 22:09:55.619  3003  3064 V WindowManager:         {WCT{RemoteToken{fd3d56f Display{#1 state=OFF size=748x720 ROTATION_0}}} m=CHANGE f=IS_DISPLAY leash=Surface(name=WindowedMagnification:0:31)/@0x8532ee4 sb=Rect(0, 0 - 748, 720) eb=Rect(0, 0 - 748, 720) epz=Point(1080, 2640) d=1 inset=Rect(0, 0 - 0, 0)},
03-12 22:09:55.619  3003  3064 V WindowManager:         {WCT{RemoteToken{b1ec65 Task{6900d04 #199 type=standard A=10458:com.coulombtech}}} m=TO_BACK f=NONE p=WCT{RemoteToken{4951334 DefaultTaskDisplayArea_d0@29010794}} leash=Surface(name=Task=199)/@0x703ec2e sb=Rect(0, 0 - 1080, 2640) eb=Rect(0, 0 - 1080, 2640) epz=Point(1080, 2640) d=0 taskParent=-1 inset=Rect(0, 94 - 0, 144)},
03-12 22:09:55.619  3003  3064 V WindowManager:         {WCT{RemoteToken{4951334 DefaultTaskDisplayArea_d0@29010794}} m=TO_BACK f=FLAG_IS_TASK_DISPLAY_AREA leash=Surface(name=DefaultTaskDisplayArea_d0)/@0xc11688 sb=Rect(0, 0 - 1080, 2640) eb=Rect(0, 0 - 1080, 2640) epz=Point(1080, 2640) d=0 inset=Rect(0, 0 - 0, 0)}
03-12 22:09:55.619  3003  3064 V WindowManager:     ]}
03-12 22:09:55.619  4205  4267 I SurfaceControlRegistry: hide, t=FinishTransaction_SyncId<1982> sc=DefaultTaskDisplayArea_d0, caller=android.view.SurfaceControl$Transaction.hide:3583 com.android.wm.shell.transition.Transitions.dispatchReady:1263 com.android.wm.shell.transition.Transitions.onTransitionReady:251 com.android.wm.shell.transition.Transitions$TransitionPlayerImpl$$ExternalSyntheticLambda0.run:13 android.os.Handler.handleCallback:995 android.os.Handler.dispatchMessage:103 
03-12 22:09:55.619  4205  4267 V WindowManagerShell: Playing animation for (#1982) android.os.BinderProxy@b80cb9d@0
03-12 22:09:55.620  4205  4267 I SurfaceControlRegistry: show, t=StartTransaction_SyncId<1982> sc=Transition Root: Display 1 name="Built-in Screen", caller=android.view.SurfaceControl$Transaction.show:3557 com.android.wm.shell.transition.Transitions.playTransition:79 com.android.wm.shell.transition.Transitions.processReadyQueue:239 com.android.wm.shell.transition.Transitions.dispatchReady:1352 com.android.wm.shell.transition.Transitions.onTransitionReady:251 com.android.wm.shell.transition.Transitions$TransitionPlayerImpl$$ExternalSyntheticLambda0.run:13 
03-12 22:09:55.620  4205  4267 I SurfaceControlRegistry: show, t=StartTransaction_SyncId<1982> sc=Transition Root: DefaultTaskDisplayArea_d0, caller=android.view.SurfaceControl$Transaction.show:3557 com.android.wm.shell.transition.Transitions.playTransition:79 com.android.wm.shell.transition.Transitions.processReadyQueue:239 com.android.wm.shell.transition.Transitions.dispatchReady:1352 com.android.wm.shell.transition.Transitions.onTransitionReady:251 com.android.wm.shell.transition.Transitions$TransitionPlayerImpl$$ExternalSyntheticLambda0.run:13 
03-12 22:09:55.620  4205  4267 V ShellRecents: RecentsTransitionHandler.startAnimation: no controller found
03-12 22:09:55.620  4205  4267 V ShellDesktopMode: DesktopMixedTransitionHandler: No pending desktop transition
03-12 22:09:55.620  4205  4267 V WindowManagerShell: start default transition animation, info = {id=1982 t=CHANGE f=0x400 trk=0 r=[1@Point(0, 0),0@Point(0, 0)] c=[{m=CHANGE f=IS_DISPLAY leash=Surface(name=WindowedMagnification:0:31)/@0x93f9a0f sb=Rect(0, 0 - 748, 720) eb=Rect(0, 0 - 748, 720) epz=Point(1080, 2640) d=1 inset=Rect(0, 0 - 0, 0)},{m=TO_BACK f=NONE p=WCT{android.window.IWindowContainerToken$Stub$Proxy@5773cd2} leash=Surface(name=Task=199)/@0x79f5a9c sb=Rect(0, 0 - 1080, 2640) eb=Rect(0, 0 - 1080, 2640) epz=Point(1080, 2640) d=0 taskParent=-1 inset=Rect(0, 94 - 0, 144)},{m=TO_BACK f=FLAG_IS_TASK_DISPLAY_AREA leash=Surface(name=DefaultTaskDisplayArea_d0)/@0xd1d4ca5 sb=Rect(0, 0 - 1080, 2640) eb=Rect(0, 0 - 1080, 2640) epz=Point(1080, 2640) d=0 inset=Rect(0, 0 - 0, 0)}]}
03-12 22:09:55.620  4205  4205 I AppIconSolution: return adaptive icon for com.sec.android.daemonapp, isNight = true
03-12 22:09:55.620  4205  4267 I SurfaceControlRegistry: apply, t=StartTransaction_SyncId<1982>, caller=android.view.SurfaceControl$Transaction.apply:3459 android.view.SurfaceControl$Transaction.apply:3447 android.view.SurfaceControl$Transaction.apply:3397 com.android.wm.shell.transition.DefaultTransitionHandler.startAnimation:3439 com.android.wm.shell.transition.Transitions.dispatchTransition:90 com.android.wm.shell.transition.Transitions.playTransition:774 
03-12 22:09:55.620  4205  4267 I SurfaceComposerClient: apply DisplayState::eFlagsChanged(index:0) flags(1)
03-12 22:09:55.620  4205  4362 D SubScreenPackageChecker: SubHome Component
03-12 22:09:55.620  4205  4267 V WindowManagerShell: Transition animation finished (aborted=false), notifying core (#1982) android.os.BinderProxy@b80cb9d@0
03-12 22:09:55.620  4205  4267 I SurfaceControlRegistry: apply, t=FinishTransaction_SyncId<1982>, caller=android.view.SurfaceControl$Transaction.apply:3459 android.view.SurfaceControl$Transaction.apply:3447 android.view.SurfaceControl$Transaction.apply:3397 com.android.wm.shell.transition.Transitions.onFinish:315 com.android.wm.shell.transition.Transitions$$ExternalSyntheticLambda7.onTransitionFinished:12 com.android.wm.shell.transition.DefaultTransitionHandler.startAnimation:3443 
03-12 22:09:55.621  2007 12669 I sensors-hal: handle_sns_client_event:97, folding_angle device_mode(0 -> 1), book_mode(0 -> 0)
03-12 22:09:55.621  2007 12669 I sensors-hal: handle_sns_client_event:107, folding_angle skip same angle   0/  0
03-12 22:09:55.621  4205  4205 I AppIconSolution: return adaptive icon for com.android.vending, isNight = true
03-12 22:09:55.621  3003  7292 V WindowManager: Finish Transition: TransitionRecord{36eb185 id=1982 type=CHANGE flags=0x400 c=[
03-12 22:09:55.621  3003  7292 V WindowManager:    ChangeInfo{8fd9fec container=DefaultTaskDisplayArea_d0@29010794 flags=0x10}
03-12 22:09:55.621  3003  7292 V WindowManager:    ChangeInfo{73f2fb5 container=Task{6900d04 #199 type=standard A=10458:com.coulombtech} flags=0x10}
03-12 22:09:55.621  3003  7292 V WindowManager:    ChangeInfo{16ea64a container=ActivityRecord{141517702 u0 com.coulombtech/com.cp.ui.activity.map.MapActivity t199} flags=0x0}
03-12 22:09:55.621  3003  7292 V WindowManager:    ChangeInfo{a0389bb container=Display{#1 state=OFF size=748x720 ROTATION_0} flags=0x0}
03-12 22:09:55.621  3003  7292 V WindowManager:    ChangeInfo{91aced8 container=Display{#0 state=OFF size=1080x2640 ROTATION_0} flags=0x0}
03-12 22:09:55.621  3003  7292 V WindowManager: ]
03-12 22:09:55.621  3003  7292 V WindowManager: }, caller=com.android.server.wm.WindowOrganizerController.finishTransitionInner:31 com.android.server.wm.WindowOrganizerController.finishAllTransitions:60 android.window.IWindowOrganizerController$Stub.onTransact:283 
03-12 22:09:55.621  3003  3064 V WindowManager: Finish Transition (#1982): created at 03-12 22:09:55.457 collect-started=0.151ms request-sent=0.24ms started=6.177ms ready=44.765ms sent=160.045ms finished=163.82ms
03-12 22:09:55.621  3003  7292 V WindowManager: Setting visibility of Window{77dbee9 u0 com.coulombtech/com.cp.ui.activity.map.MapActivity}: false, caller=com.android.server.wm.WindowContainer.sendAppVisibilityToClients:19 com.android.server.wm.WindowToken.setClientVisible:48 com.android.server.wm.ActivityRecord.commitVisibility:186 com.android.server.wm.TransitionController.finishTransition:846 com.android.server.wm.WindowOrganizerController.finishTransitionInner:31 
03-12 22:09:55.622 17352 17352 I VRI[MapActivity]@8aac775: handleAppVisibility mAppVisible = true visible = false
03-12 22:09:55.622  3003  7292 D ChangeTransitionController: onTransitionFinished: TransitionRecord{36eb185 id=1982 type=CHANGE flags=0x400 c=[
03-12 22:09:55.622  3003  7292 D ChangeTransitionController:    ChangeInfo{8fd9fec container=DefaultTaskDisplayArea_d0@29010794 flags=0x10}
03-12 22:09:55.622  3003  7292 D ChangeTransitionController:    ChangeInfo{73f2fb5 container=Task{6900d04 #199 type=standard A=10458:com.coulombtech} flags=0x10}
03-12 22:09:55.622  3003  7292 D ChangeTransitionController:    ChangeInfo{16ea64a container=ActivityRecord{141517702 u0 com.coulombtech/com.cp.ui.activity.map.MapActivity t199} flags=0x0}
03-12 22:09:55.622  3003  7292 D ChangeTransitionController:    ChangeInfo{a0389bb container=Display{#1 state=OFF size=748x720 ROTATION_0} flags=0x0}
03-12 22:09:55.622  3003  7292 D ChangeTransitionController:    ChangeInfo{91aced8 container=Display{#0 state=OFF size=1080x2640 ROTATION_0} flags=0x0}
03-12 22:09:55.622  3003  7292 D ChangeTransitionController: ]
03-12 22:09:55.622  3003  7292 D ChangeTransitionController: }
03-12 22:09:55.622 17352 17352 D VRI[MapActivity]@8aac775: visibilityChanged oldVisibility=true newVisibility=false
03-12 22:09:55.622  3003  7292 V WindowManager: Computed rotation=ROTATION_0 (0) for display id=0 based on lastOrientation=SCREEN_ORIENTATION_PORTRAIT (1) and oldRotation=ROTATION_0 (0), caller=com.android.server.wm.WindowManagerService.updateRotationUnchecked:72 com.android.server.wm.TransitionController.finishTransition:2551 com.android.server.wm.WindowOrganizerController.finishTransitionInner:31 com.android.server.wm.WindowOrganizerController.finishAllTransitions:60 android.window.IWindowOrganizerController$Stub.onTransact:283 com.android.server.wm.WindowOrganizerController.onTransact:1 
03-12 22:09:55.622  3003  7292 I WindowManager: getCoverScreenRotation 0, sensor= 0, isFlat=false, isDual=false
03-12 22:09:55.622  3003  7292 V WindowManager: Computed rotation=ROTATION_0 (0) for display id=1 based on lastOrientation=SCREEN_ORIENTATION_NOSENSOR (5) and oldRotation=ROTATION_0 (0), caller=com.android.server.wm.WindowManagerService.updateRotationUnchecked:72 com.android.server.wm.TransitionController.finishTransition:2551 com.android.server.wm.WindowOrganizerController.finishTransitionInner:31 com.android.server.wm.WindowOrganizerController.finishAllTransitions:60 android.window.IWindowOrganizerController$Stub.onTransact:283 com.android.server.wm.WindowOrganizerController.onTransact:1 
03-12 22:09:55.622  4205  4205 I AppIconSolution: return adaptive icon for com.samsung.android.app.smartcapture, isNight = true
03-12 22:09:55.622  4205  4267 V WindowManagerShell: Track 0 became idle
03-12 22:09:55.622  4205  4267 V WindowManagerShell: All active transition animations finished
03-12 22:09:55.622  4205  4267 V WindowManagerShell:  animated by com.android.wm.shell.transition.DefaultTransitionHandler@cdf379
03-12 22:09:55.622  4205  4267 V WindowManagerShell: Track 0 became idle
03-12 22:09:55.622  4205  4267 V WindowManagerShell: All active transition animations finished
03-12 22:09:55.623  4205  4205 I AppIconSolution: return adaptive icon for com.sygic.aura, isNight = true
03-12 22:09:55.624  4205  4205 D S.S.N.  : update - updateMainListArray parent Group child remove Item: 0|com.android.vending|0|0|com.android.vending|g:Aggregate_NormalNotificationSection|10260|0|com.android.vending|g:Aggregate_NormalNotificationSection
03-12 22:09:55.624  4205  4205 D S.S.N.  : update - updateMainListArray parent Group child already exists 0|com.android.vending|0|0|com.android.vending|g:Aggregate_NormalNotificationSection|10260|0|com.android.vending|g:Aggregate_NormalNotificationSection
03-12 22:09:55.626  3003  7292 I WindowManager: Relayout Window{2747bef u0 NavigationBar1}: viewVisibility=8 req=748x66 ty=2019 d1
03-12 22:09:55.626  3003  7292 E WindowManager: win=Window{2747bef u0 NavigationBar1} destroySurfaces: appStopped=true cleanupOnResume=false win.mWindowRemovalAllowed=false win.mRemoveOnExit=false win.mViewVisibility=8 caller=com.android.server.wm.WindowManagerService.tryStartExitingAnimation:134 com.android.server.wm.WindowManagerService.relayoutWindow:1147 com.android.server.wm.Session.relayout:27 android.view.IWindowSession$Stub.onTransact:829 com.android.server.wm.Session.onTransact:1 android.os.Binder.execTransactInternal:1457 android.os.Binder.execTransact:1401 
03-12 22:09:55.627  3003  7292 D InsetsSourceProvider: updateVisibility: serverVisible=false, clientVisible=true, source=InsetsSource: {18440024 mType=systemGestures mFrame=[0,0][0,0] mVisible=false mFlags= mSideHint=NONE mBoundingRects=null}, controlTarget=null, from=com.android.server.wm.InsetsSourceProvider.setServerVisible:6 com.android.server.wm.InsetsSourceProvider.onPostLayout:30 com.android.server.wm.InsetsStateController.onPostLayout:26 com.android.server.wm.RootWindowContainer.applySurfaceChangesTransaction$1:203 com.android.server.wm.RootWindowContainer.performSurfacePlacementNoTrace:86 com.android.server.wm.WindowSurfacePlacer.performSurfacePlacement:166 com.android.server.wm.WindowManagerService.relayoutWindow:1207 com.android.server.wm.Session.relayout:27 android.view.IWindowSession$Stub.onTransact:829 com.android.server.wm.Session.onTransact:1 
03-12 22:09:55.627  3003  7292 D InsetsSourceProvider: updateVisibility: serverVisible=false, clientVisible=true, source=InsetsSource: {18440006 mType=tappableElement mFrame=[0,0][0,0] mVisible=false mFlags= mSideHint=NONE mBoundingRects=null}, controlTarget=null, from=com.android.server.wm.InsetsSourceProvider.setServerVisible:6 com.android.server.wm.InsetsSourceProvider.onPostLayout:30 com.android.server.wm.InsetsStateController.onPostLayout:26 com.android.server.wm.RootWindowContainer.applySurfaceChangesTransaction$1:203 com.android.server.wm.RootWindowContainer.performSurfacePlacementNoTrace:86 com.android.server.wm.WindowSurfacePlacer.performSurfacePlacement:166 com.android.server.wm.WindowManagerService.relayoutWindow:1207 com.android.server.wm.Session.relayout:27 android.view.IWindowSession$Stub.onTransact:829 com.android.server.wm.Session.onTransact:1 
03-12 22:09:55.627  3003  7292 D InsetsSourceProvider: updateVisibility: serverVisible=false, clientVisible=true, source=InsetsSource: {18440005 mType=mandatorySystemGestures mFrame=[0,0][0,0] mVisible=false mFlags= mSideHint=NONE mBoundingRects=null}, controlTarget=null, from=com.android.server.wm.InsetsSourceProvider.setServerVisible:6 com.android.server.wm.InsetsSourceProvider.onPostLayout:30 com.android.server.wm.InsetsStateController.onPostLayout:26 com.android.server.wm.RootWindowContainer.applySurfaceChangesTransaction$1:203 com.android.server.wm.RootWindowContainer.performSurfacePlacementNoTrace:86 com.android.server.wm.WindowSurfacePlacer.performSurfacePlacement:166 com.android.server.wm.WindowManagerService.relayoutWindow:1207 com.android.server.wm.Session.relayout:27 android.view.IWindowSession$Stub.onTransact:829 com.android.server.wm.Session.onTransact:1 
03-12 22:09:55.628  3003  7292 D InsetsSourceProvider: updateVisibility: serverVisible=false, clientVisible=true, source=InsetsSource: {18440004 mType=systemGestures mFrame=[0,0][0,0] mVisible=false mFlags= mSideHint=NONE mBoundingRects=null}, controlTarget=null, from=com.android.server.wm.InsetsSourceProvider.setServerVisible:6 com.android.server.wm.InsetsSourceProvider.onPostLayout:30 com.android.server.wm.InsetsStateController.onPostLayout:26 com.android.server.wm.RootWindowContainer.applySurfaceChangesTransaction$1:203 com.android.server.wm.RootWindowContainer.performSurfacePlacementNoTrace:86 com.android.server.wm.WindowSurfacePlacer.performSurfacePlacement:166 com.android.server.wm.WindowManagerService.relayoutWindow:1207 com.android.server.wm.Session.relayout:27 android.view.IWindowSession$Stub.onTransact:829 com.android.server.wm.Session.onTransact:1 
03-12 22:09:55.636  3003  7292 I WindowManager: Relayout hash=2747bef, pid=4205, syncId=-1: mAttrs={(0,0)(fillx66) gr=BOTTOM CENTER_VERTICAL sim={adjust=pan} layoutInDisplayCutoutMode=always ty=NAVIGATION_BAR fmt=TRANSLUCENT
03-12 22:09:55.636  3003  7292 I WindowManager:   fl=20040028
03-12 22:09:55.636  3003  7292 I WindowManager:   pfl=31000000
03-12 22:09:55.636  3003  7292 I WindowManager:   bhv=1
03-12 22:09:55.636  3003  7292 I WindowManager:   providedInsets:
03-12 22:09:55.636  3003  7292 I WindowManager:     InsetsFrameProvider: {id=#18440001, index=0, type=navigationBars, source=FRAME, flags=[], insetsSize=Insets{left=0, top=0, right=0, bottom=66}, insetsSizeOverrides=[TypedInsetsSize: {windowType=INPUT_METHOD, insetsSize=null}]}
03-12 22:09:55.636  3003  7292 I WindowManager:     InsetsFrameProvider: {id=#18440006, index=0, type=tappableElement, source=FRAME, flags=[]}
03-12 22:09:55.636  3003  7292 I WindowManager:     InsetsFrameProvider: {id=#18440005, index=0, type=mandatorySystemGestures, source=FRAME, flags=[]}
03-12 22:09:55.636  3003  7292 I WindowManager:     InsetsFrameProvider: {id=#18440004, index=0, type=systemGestures, source=DISPLAY, flags=[], insetsSize=Insets{left=0, top=0, right=0, bottom=0}, mMinimalInsetsSizeInDisplayCutoutSafe=Insets{left=0, top=0, right=0, bottom=0}}
03-12 22:09:55.636  3003  7292 I WindowManager:     InsetsFrameProvider: {id=#18440024, index=1, type=systemGestures, source=DISPLAY, flags=[], insetsSize=Insets{left=0, top=0, right=0, bottom=0}, mMinimalInsetsSizeInDisplayCutoutSafe=Insets{left=0, top=0, right=0, bottom=0}}
03-12 22:09:55.636  3003  7292 I WindowManager:   frameRateBoostOnTouch=true
03-12 22:09:55.636  3003  7292 I WindowManager:   dvrrWindowFrameRateHint=true
03-12 22:09:55.636  3003  7292 I WindowManager:   paramsForRotation:
03-12 22:09:55.636  3003  7292 I WindowManager:     ROTATION_0={(0,0)(fillx66) gr=BOTTOM CENTER_VERTICAL layoutInDisplayCutoutMode=always ty=NAVIGATION_BAR fmt=TRANSLUCENT
03-12 22:09:55.636  3003  7292 I WindowManager:       fl=20040028
03-12 22:09:55.636  3003  7292 I WindowManager:       pfl=31000000
03-12 22:09:55.636  3003  7292 I WindowManager:       bhv=1
03-12 22:09:55.636  3003  7292 I WindowManager:       providedInsets:
03-12 22:09:55.636  3003  7292 I WindowManager:         InsetsFrameProvider: {id=#18440001, index=0, type=navigationBars, source=FRAME, flags=[], insetsSize=Insets{left=0, top=0, right=0, bottom=66}, insetsSizeOverrides=[TypedInsetsSize: {windowType=INPUT_METHOD, insetsSize=null}]}
03-12 22:09:55.636  3003  7292 I WindowManager:         InsetsFrameProvider: {id=#18440006, index=0, type=tappableElement, source=FRAME, flags=[]}
03-12 22:09:55.636  3003  7292 I WindowManager:         InsetsFrameProvider: {id=#18440005, index=0, type=mandatorySystemGestures, source=FRAME, flags=[]}
03-12 22:09:55.636  3003  7292 I WindowManager:         InsetsFrameProvider: {id=#18440004, index=0, type=systemGestures, source=DISPLAY, flags=[], insetsSize=Insets{left=0, top=0, right=0, bottom=0}, mMinimalInsetsSizeInDisplayCutoutSafe=Insets{left=0, top=0, right=0, bottom=0}}
03-12 22:09:55.636  3003  7292 I WindowManager:         InsetsFrameProvider: {id=#18440024, index=1, type=systemGestures, source=DISPLAY, flags=[], insetsSize=Insets{left=0, top=0, right=0, bottom=0}, mMinimalInsetsSizeInDisplayCutoutSafe=Insets{left=0, top=0, right=0, bottom=0}}
03-12 22:09:55.636  3003  7292 I WindowManager:       frameRateBoostOnTouch=true
03-12 22:09:55.636  3003  7292 I WindowManager:       dvrrWindowFrameRateHint=true naviIconColor=0}
03-12 22:09:55.636  3003  7292 I WindowManager:     ROTATION_90={(0,0)(66xfill) gr=RIGHT CENTER_HORIZONTAL layoutInDisplayCutoutMode=always ty=NAVIGATION_BAR fmt=TRANSLUCENT
03-12 22:09:55.636  3003  7292 I WindowManager:       fl=20040028
03-12 22:09:55.636  3003  7292 I WindowManager:       pfl=31000000
03-12 22:09:55.636  3003  7292 I WindowManager:       bhv=1
03-12 22:09:55.636  3003  7292 I WindowManager:       providedInsets:
03-12 22:09:55.636  3003  7292 I WindowManager:         InsetsFrameProvider: {id=#18440001, index=0, type=navigationBars, source=FRAME, flags=[], insetsSizeOverrides=[TypedInsetsSize: {windowType=INPUT_METHOD, insetsSize=null}]}
03-12 22:09:55.636  3003  7292 I WindowManager:         InsetsFrameProvider: {id=#18440006, index=0, type=tappableElement, source=FRAME, flags=[]}
03-12 22:09:55.636  3003  7292 I WindowManager:         InsetsFrameProvider: {id=#18440005, index=0, type=mandatorySystemGestures, source=FRAME, flags=[]}
03-12 22:09:55.636  3003  7292 I WindowManager:         InsetsFrameProvider: {id=#18440004, index=0, type=systemGestures, source=DISPLAY, flags=[], insetsSize=Insets{left=0, top=0, right=0, bottom=0}, mMinimalInsetsSizeInDisplayCutoutSafe=Insets{left=0, top=0, right=0, bottom=0}}
03-12 22:09:55.636  3003  7292 I WindowManager:         InsetsFrameProvider: {id=#18440024, index=1, type=systemGestures, source=DISPLAY, flags=[], insetsSize=Insets{left=0, top=0, right=0, bottom=0}, mMinimalInsetsSizeInDisplayCutoutSafe=Insets{left=0, top=0, right=0, bottom=0}}
03-12 22:09:55.636  3003  7292 I WindowManager:       frameRateBoostOnTouch=true
03-12 22:09:55.636  3003  7292 I WindowManager:       dvrrWindowFrameRateHint=true naviIconColor=0}
03-12 22:09:55.636  3003  7292 I WindowManager:     ROTATION_180={(0,0)(fillx66) gr=TOP CENTER_VERTICAL layoutInDisplayCutoutMode=always ty=NAVIGATION_BAR fmt=TRANSLUCENT
03-12 22:09:55.636  3003  7292 I WindowManager:       fl=20040028
03-12 22:09:55.636  3003  7292 I WindowManager:       pfl=31000000
03-12 22:09:55.636  3003  7292 I WindowManager:       bhv=1
03-12 22:09:55.636  3003  7292 I WindowManager:       providedInsets:
03-12 22:09:55.636  3003  7292 I WindowManager:         InsetsFrameProvider: {id=#18440001, index=0, type=navigationBars, source=FRAME, flags=[], insetsSize=Insets{left=0, top=0, right=0, bottom=66}, insetsSizeOverrides=[TypedInsetsSize: {windowType=INPUT_METHOD, insetsSize=null}]}
03-12 22:09:55.636  3003  7292 I WindowManager:         InsetsFrameProvider: {id=#18440006, index=0, type=tappableElement, source=FRAME, flags=[]}
03-12 22:09:55.636  3003  7292 I WindowManager:         InsetsFrameProvider: {id=#18440005, index=0, type=mandatorySystemGestures, source=FRAME, flags=[]}
03-12 22:09:55.636  3003  7292 I WindowManager:         InsetsFrameProvider: {id=#18440004, index=0, type=systemGestures, source=DISPLAY, flags=[], insetsSize=Insets{left=0, top=0, right=0, bottom=0}, mMinimalInsetsSizeInDisplayCutoutSafe=Insets{left=0, top=0, right=0, bottom=0}}
03-12 22:09:55.636  3003  7292 I WindowManager:         InsetsFrameProvider: {id=#18440024, index=1, type=systemGestures, source=DISPLAY, flags=[], insetsSize=Insets{left=0, top=0, right=0, bottom=0}, mMinimalInsetsSizeInDisplayCutoutSafe=Insets{left=0, top=0, right=0, bottom=0}}
03-12 22:09:55.636  3003  7292 I WindowManager:       frameRateBoostOnTouch=true
03-12 22:09:55.636  3003  7292 I WindowManager:       dvrrWindowFrameRateHint=true naviIconColor=0}
03-12 22:09:55.636  3003  7292 I WindowManager:     ROTATION_270={(0,0)(66xfill) gr=LEFT CENTER_HORIZONTAL layoutInDisplayCutoutMode=always ty=NAVIGATION_BAR fmt=TRANSLUCENT
03-12 22:09:55.636  3003  7292 I WindowManager:       fl=20040028
03-12 22:09:55.636  3003  7292 I WindowManager:       pfl=31000000
03-12 22:09:55.636  3003  7292 I WindowManager:       bhv=1
03-12 22:09:55.636  3003  7292 I WindowManager:       providedInsets:
03-12 22:09:55.636  3003  7292 I WindowManager:         InsetsFrameProvider: {id=#18440001, index=0, type=navigationBars, source=FRAME, flags=[], insetsSizeOverrides=[TypedInsetsSize: {windowType=INPUT_METHOD, insetsSize=null}]}
03-12 22:09:55.636  3003  7292 I WindowManager:         InsetsFrameProvider: {id=#18440006, index=0, type=tappableElement, source=FRAME, flags=[]}
03-12 22:09:55.636  3003  7292 I WindowManager:         InsetsFrameProvider: {id=#18440005, index=0, type=mandatorySystemGestures, source=FRAME, flags=[]}
03-12 22:09:55.636  3003  7292 I WindowManager:         InsetsFrameProvider: {id=#18440004, index=0, type=systemGestures, source=DISPLAY, flags=[], insetsSize=Insets{left=0, top=0, right=0, bottom=0}, mMinimalInsetsSizeInDisplayCutoutSafe=Insets{left=0, top=0, right=0, bottom=0}}
03-12 22:09:55.636  3003  7292 I WindowManager:         InsetsFrameProvider: {id=#18440024, index=1, type=systemGestures, source=DISPLAY, flags=[], insetsSize=Insets{left=0, top=0, right=0, bottom=0}, mMinimalInsetsSizeInDisplayCutoutSafe=Insets{left=0, top=0, right=0, bottom=0}}
03-12 22:09:55.636  3003  7292 I WindowManager:       frameRateBoostOnTouch=true
03-12 22:09:55.636  3003  7292 I WindowManager:       dvrrWindowFrameRateHint=true naviIconColor=0} naviIconColor=0}
03-12 22:09:55.637  4205  4205 I InsetsController: onStateChanged: host=NavigationBar1, from=android.view.ViewRootImpl.onInsetsStateChanged:3026, state=InsetsState: {mDisplayFrame=Rect(0, 0 - 748, 720), mDisplayCutout=DisplayCutout{insets=Rect(0, 0 - 0, 66) waterfall=Insets{left=0, top=0, right=0, bottom=0} boundingRect={Bounds=[Rect(0, 0 - 0, 0), Rect(0, 0 - 0, 0), Rect(0, 0 - 0, 0), Rect(379, 654 - 748, 720)]} cutoutPathParserInfo={CutoutPathParserInfo{displayWidth=748 displayHeight=720 physicalDisplayWidth=748 physicalDisplayHeight=720 density={2.125} cutoutSpec={@bottom @right M 0,0 H -173.6470588235294 V -31.05882352941176 H 0 V 0 Z @dp} rotation={0} scale={1.0} physicalPixelDisplaySizeRatio={1.0}}} sideOverrides={}}, mRoundedCorners=RoundedCorners{[RoundedCorner{position=TopLeft, radius=49, center=Point(49, 49)}, RoundedCorner{position=TopRight, radius=49, center=Point(699, 49)}, RoundedCorner{position=BottomRight, radius=49, center=Point(699, 671)}, RoundedCorner{position=BottomLeft, radius=49, center=Point(49, 671)}]}  mRoundedCornerFrame=Rect(0, 0 - 0, 0), mPrivacyIndicatorBounds=PrivacyIndicatorBounds {static bounds=null rotation=0}, mDisplayShape=DisplayShape{ spec=1406003047 displayWidth=748 displayHeight=720 physicalPixelDisplaySizeRatio=1.0 rotation=0 offsetX=0 offsetY=0 scale=1.0}, mSources= { InsetsSource: {67 mType=displayCutout mFrame=[0,654][748,720] mVisible=true mFlags= mSideHint=BOTTOM mBoundingRects=null}, InsetsSource: {18440004 mType=systemGestures mFrame=[0,0][0,0] mVisible=false mFlags= mSideHint=NONE mBoundingRects=null}, InsetsSource: {18440005 mType=mandatorySystemGestures mFrame=[0,0][0,0] mVisible=false mFlags= mSideHint=NONE mBoundingRects=null}, InsetsSource: {18440024 mType=systemGestures mFrame=[0,0][0,0] mVisible=false mFlags= mSideHint=NONE mBoundingRects=null} }
