03-12 22:09:11.213  3003  3130 D DisplayPowerController[1]: onDisplayChanged: mIsEnabled=false mIsInTransition=true mDualScreenPolicy=1 mDisplayDevice=com.android.server.display.LocalDisplayAdapter$LocalDisplayDevice@267658d
03-12 22:09:11.214  3003  3130 D DisplayPowerController[1]: noteDualScreenState: State=OFF, dualScreenPolicy=1
03-12 22:09:11.214  2007  2007 I sensors-hal: send_sync_sensor_request:537, wait for notification of response
03-12 22:09:11.214  3003  3130 D DisplayPowerController[1]: animateScreenStateChange: target=OFF, mIsEnabled=false
03-12 22:09:11.214  2007  3645 I sensors-hal: qsh_conn_resp_cb:930, resp_value = 0 for lid_angle_fusion 
03-12 22:09:11.214  3003  3130 D DisplayPowerController[0]: onDisplayChanged: mIsEnabled=true mIsInTransition=true mDualScreenPolicy=1 mDisplayDevice=com.android.server.display.LocalDisplayAdapter$LocalDisplayDevice@a261cbf
03-12 22:09:11.214 22866 32230 D DeviceStateManagerGlobal: handleDeviceStateInfoChanged state=DeviceState{identifier=0, name='CLOSED', app_accessible=false, cancel_when_requester_not_on_top=false}, baseState=DeviceState{identifier=0, name='CLOSED', app_accessible=false, cancel_when_requester_not_on_top=false}
03-12 22:09:11.214  3003  3130 D DisplayPowerController[0]: animateScreenStateChange: target=OFF, mIsEnabled=true
03-12 22:09:11.214  2007  2007 I sensors-hal: send_sync_sensor_request:543, takes 0 ms to receive the response with 0
03-12 22:09:11.214  3003  3130 D ColorFade: ColorFade start [PREPARE]  : mode=2
03-12 22:09:11.214  2007  2007 I sensors-hal: activate:330, com.samsung.sensor.folding_state/2592 en=0 completed
03-12 22:09:11.214  1992  3117 V sec_audio_hw: sec_dev_set_parameters : l_hw_folder_state=0
03-12 22:09:11.214  1992  3117 D AHAL: AudioDevice: SetParameters: 1865: enter
03-12 22:09:11.214  1992  3117 D AHAL: AudioVoice: VoiceSetParameters: 200: Enter
03-12 22:09:11.214  1992  3117 D AHAL: AudioVoice: VoiceSetParameters: 479: Exit ret: 0
03-12 22:09:11.214  1992  3117 D AHAL: SecAudioDevice: SetFolderState: 1258: Folding(Flip) state changed, fold close, flex off
03-12 22:09:11.214  1992  3117 D AHAL: hfp: hfp_set_parameters: 444: enter
03-12 22:09:11.215  1992  3117 D AHAL: AudioDevice: SetParameters: 2798: exit: l_hw_folder_state=0
03-12 22:09:11.215 29180 29180 I HBD     : h getDefaultInputRange : UNKNOWN 
03-12 22:09:11.215 29180 29180 I HBD     : a currentState : 4 
03-12 22:09:11.215  3003  3661 D SensorManager: unregisterListener :: com.android.server.policy.FlexibleDeviceStateProvider@9bf61fe
03-12 22:09:11.215  3003  3661 D DeviceStatePolicy: unregisterFoldingSensorListenerLocked success!
03-12 22:09:11.215 29180 29180 I HBD     : g isCoverDisplay : true, cached selected json info : SelectedLanguageInfo(languageVersion=4.2, currentLanguageOrder=0, selectedLanguageList=[SelectedLanguage(id=65537, isUsed=true, engName=English, inputType=qwerty, activeOptionList=[auto_replace, auto_spacing, writing_assistant, prediction], bilingualId=-1)]) 
03-12 22:09:11.215  4360 16158 I CCodec  : state->set(ALLOCATING)
03-12 22:09:11.215  3003  3065 D SensorService: setSContextDataLocked ints length 2 , byte length 4
03-12 22:09:11.215  3003  3065 D SensorService: setSContextDataLocked 30047c1
03-12 22:09:11.215 29180 29180 I HBD     : g isCoverDisplay : true, cached selected json info : SelectedLanguageInfo(languageVersion=4.2, currentLanguageOrder=0, selectedLanguageList=[SelectedLanguage(id=65537, isUsed=true, engName=English, inputType=qwerty, activeOptionList=[auto_replace, auto_spacing, writing_assistant, prediction], bilingualId=-1)]) 
03-12 22:09:11.215  4360 16159 I CCodec  : allocate(c2.qti.hevc.decoder)
03-12 22:09:11.215 29180 29180 I HBD     : g updateSelectedLanguageCache is succeeded. English 
03-12 22:09:11.215  2007  2007 I sensors-hal: inject_sensor_data:407, handle 1502 send inject
03-12 22:09:11.215  2007  2007 I sensors-hal: sendContextData:290, sensor hal 4, (0xc1, 0x47, 0x0, 0x3)
03-12 22:09:11.215  2007  2007 I sensors-hal: sendContextData:230, activities 4 c1, 1
03-12 22:09:11.215  2007  2007 I sensors-hal: sendUserData:251, Activities cmd 0xc1 0x47
03-12 22:09:11.215  2007  2007 I sensors-hal: create_send_context_data:80, sending create_send_context_data
03-12 22:09:11.215  2007  2007 I sensors-hal: send_context_data:694, activities, 4914309220830019584, 1320970896291267344, msgid:700
03-12 22:09:11.215  2007  2007 I sensors-hal: sendContextData:114, common_info 4
03-12 22:09:11.215  2007  2007 I sensors-hal: sendUserData:137, CommonInfo 0xc1 0x47 0x0 0x3
03-12 22:09:11.215  2007  2007 I sensors-hal: create_send_context_data:70, sending create_send_context_data
03-12 22:09:11.215  2007  2007 I sensors-hal: send_context_data:694, common_info, 4914309147815575552, 1320970896291267344, msgid:700
03-12 22:09:11.215  2007  2007 I sensors-hal: write_algo_lcd_onoff_state:196, algo_lcd_onoff : 0x3
03-12 22:09:11.216  4832 29075 I FoldStateManager: close by fold: true
03-12 22:09:11.216  2105  2922 I SurfaceFlinger: Capture layer list: 	 com.coulombtech/com.cp.ui.activity.map.MapActivity$_14740#16102(seamlessTransition:0)
03-12 22:09:11.216  2007  3909 I sensors-hal: qsh_conn_resp_cb:930, resp_value = 0 for activities 
03-12 22:09:11.216  2007  3909 I sensors-hal: qsh_conn_resp_cb:930, resp_value = 0 for common_info 
03-12 22:09:11.217  2105  2342 D RenderEngine: [SEC_SF_EFFECTS] drawLayersInternal,1483, Rendering layer ScreenCaptureFillLayer at index 0
03-12 22:09:11.217  2105  2342 D RenderEngine: [SEC_SF_EFFECTS] drawLayersInternal,1483, Rendering layer com.coulombtech/com.cp.ui.activity.map.MapActivity$_14740#16102 at index 1
03-12 22:09:11.217  4205  4205 D KeyguardViewMediator: handleMessage 1003
03-12 22:09:11.217  4205  4205 D KeyguardFoldController: handleFoldMessage: isOpened=false, showing=false
03-12 22:09:11.217  4205  4205 D KeyguardViewMediator: adjustStatusBarLocked: no need to update flags=0x0 / showHomeOverLock=true
03-12 22:09:11.217  4205  4205 D DisplayLifecycle: dispatchFolderStateChanged true -> false
03-12 22:09:11.217  4205  4205 D Keyguard.AODTouchModeManager: onFolderStateChanged: isOpened=false
03-12 22:09:11.217 29180 29180 I HBD     : h writeToFile path : /data/user/0/com.samsung.android.honeyboard/files/fold_selected.json 
03-12 22:09:11.217  4205  4205 D Keyguard.AODTouchModeManager: setTouchNodePath: isOpened=false
03-12 22:09:11.217  4205  4205 I PluginAODManager: onFolderStateChanged isOpened : false
03-12 22:09:11.217 29180 29180 I HBD     : h writeToFile json : {"version":"4.2","currentLanguageOrder":0,"front_selected":[{"activeOptionList":["auto_replace","auto_spacing","writing_assistant","prediction"],"bilingualId":-1,"engName":"English","id":65537,"inputType":"qwerty","isUsed":true}]} 
03-12 22:09:11.217  4205  4205 I PluginAODManager: setStartedByFolderClosed: true
03-12 22:09:11.217  4205  4205 V SubLauncher:SubLauncherPluginImpl@102487053: onDozeAmountChanged: 0.0
03-12 22:09:11.217  4205  4205 I ResourceUtils: initDisplayValues LogicalHeight 2640 LogicalWidth = 1080 DisplayDeviceType = -1, sIsLandscape = false
03-12 22:09:11.217  4205  4205 I DisplayValues: initValues currentWidth 1080 currentHeight = 2640
03-12 22:09:11.217  4205  4205 D FaceWidgetPagesController: onFolderStateChanged() isFolderOpened = false
03-12 22:09:11.217  4205  4205 I AODDataSettings[8.0.6]:AODDataManager: onFolderStateChanged=false
03-12 22:09:11.217  4205  4205 I AODDataSettings[8.0.6]:AODDataManager: changeDisplay=DisplayImpl(type=SingleDisplay, orientation=Portrait, aodState=LockScreenOnly)
03-12 22:09:11.217  4205  4205 I AODDataSettings[8.0.6]:AODDataManager: getCurrentSize() from windowConfig = 1080.0x2640.0
03-12 22:09:11.217  4205  4205 I DataStoreState: setDisplay : DisplayImpl(type=SingleDisplay, orientation=Portrait, aodState=LockScreenOnly)
03-12 22:09:11.217  4205  4205 I DataStoreState: setRootSize : 1080.0x2640.0
03-12 22:09:11.217  4205  4205 I ComplicationWidgetPluginController:   onFoldStateChanged  0.0
03-12 22:09:11.217  3003  3003 D NotificationReminder: removeFromNotificationList record android
03-12 22:09:11.217  4205  4205 I KeyguardNIOStatusBarController: initPosition()
03-12 22:09:11.217  4205  4205 I KeyguardNIOStatusBarController: updateIconAreaMargins() isDozing=false darkAmount=0.0 force=true currentFinalX=41 currentFinalY=59
03-12 22:09:11.217  4205  4205 I FaceWidgetWindowManager: removeAllViews
03-12 22:09:11.217  4205  4205 I ViewPositionControllerManager: refresh : []
03-12 22:09:11.217  4205  4205 I ViewPositionControllerManager: updatePosition: []
03-12 22:09:11.217  4205  4205 I FaceWidgetViewModel: onFolderStateChanged elapsed, for 0 ms
03-12 22:09:11.217  4205  4205 D KeyguardViewMediator: KeyguardViewMediator queue processing message: 
03-12 22:09:11.217  4205  4205 D FlexPanelStartController: OnDeviceStateChanged: mIsTableMode=true, isTableMode=false
03-12 22:09:11.217  4205  4205 D FlexPanelStartController: onFoldStateTableModeChanged: isTableMode=false
03-12 22:09:11.217  4205  4205 D FlexPanelStartController: not support state, mMwEnabled=true, mIsTableMode=false, mDesktopMode=false, mFlexModePanelEnabled=true, mIsImeShowing=false, mIsQuickPanelShowing=false, mIsTaskBarAppsEnabled=false, mIsGlobalActionVisible=false, mOnRecentsAnimation=false, isSupportRotation=true, mIsKeyguardVisible=false
03-12 22:09:11.218  3003  3130 D ColorFade: ColorFade start display info.
03-12 22:09:11.218  3003  3130 D ColorFade: ColorFade end display info.
03-12 22:09:11.218  3003  3130 D ColorFade: ColorFade start setColorFadeNightDim
03-12 22:09:11.218  3003  3130 D ColorFade: ColorFade end setColorFadeNightDim
03-12 22:09:11.218  4205  4205 D SecQsUiDisplayModeInteractor: onDeviceStateChanged from false -> to true, identifier = 0
03-12 22:09:11.218  4832  4832 I HoneySpace.NotificationListener: onNotificationRemoved sbn : StatusBarNotification(pkg=android user=UserHandle{-1} id=32 tag=null key=-1|android|32|null|1000: Notification(channel=UsbDevNoti shortcut=null contentView=null vibrate=null sound=null tick defaults=0 flags=ONGOING_EVENT|CAN_COLORIZE color=0x00000000 vis=PUBLIC semFlags=0x0 semPriority=0 semMissedCount=0)), reason : 8
03-12 22:09:11.218  4205  5096 D DymLock|BaseLockContainer: updatePanelWallpaper: Panel is not necessary. dls_state = 2
03-12 22:09:11.218  4205  4205 D SecQsUiDisplayModeInteractor: updateUiDisplayModeAtFoldStateChanged COVER
03-12 22:09:11.218  4205  5096 I PluginLockMediatorImpl: setScreenTypeChanged() type: 1
03-12 22:09:11.218  4205  5096 I PluginLockWallpaper: setScreenTypeChanged() type: 1
03-12 22:09:11.218  4205  5096 I PluginHomeWallpaper: setScreenTypeChanged() type: 1
03-12 22:09:11.218  4205  5096 I PluginLockManagerImpl: PluginLock:onFolderStateChanged, will be switched, newState: null
03-12 22:09:11.218  4205  4205 D SecFgsManagerController: foldStateChange foldState = UNFOLD > FOLD
03-12 22:09:11.218  4205  4205 D SecFgsManagerController: foldStateChange isDirty = false
03-12 22:09:11.218  2105  2321 I SurfaceFlinger: id=16122 createSurf, flag=20004, ColorFade_d0#16122
03-12 22:09:11.218  4205  5096 D PluginLockInstanceState: isRecentInstance() true, com.samsung.android.dynamiclock:2
03-12 22:09:11.218  4205  5096 I PluginLockManagerImpl: PluginLock:onFolderStateChanged, instance maintained
03-12 22:09:11.218  4205  4205 D LockscreenNotificationManager:  FOLD STATE - FOLD 
03-12 22:09:11.218  4205  5096 D PluginLockManagerImpl: updateEnabledState getPluginLockValue = 10011
03-12 22:09:11.218  4205  5096 D PluginLockManagerImpl: isEnabledFromSettingHelper, screen:1, value:10011
03-12 22:09:11.218  4832  7615 I HoneySpace.NotificationListener: onNotificationRemoved android: -1|android|32|null|1000: 0
03-12 22:09:11.218  4205  5096 D PluginLockInstancePolicy: isEnable() value:10011, ret:true
03-12 22:09:11.218  4205  5096 D PluginLockManagerImpl: updateEnabledState() isDynamicMode = true, isEnabledFromSetting = true
03-12 22:09:11.218  4205  5096 D PluginLockMediatorImpl: setEnabled: true, com.android.systemui.pluginlock.PluginLockMediatorImpl@c944c4c
03-12 22:09:11.218  4205  5096 I PluginLockManagerImpl: onFolderStateChanged, new: com.samsung.android.dynamiclock:2
03-12 22:09:11.218  4205  5096 I DymLock|DynamicLockManager: onFolderStateChanged() false , true
03-12 22:09:11.218  4205  5096 I DymLock|BaseLockContainer: onFolderStateChanged screen[1] enabled[true]
03-12 22:09:11.218  4205  5096 I DymLock|BaseLockStateContainer: subscribe folder change : com.samsung.android.dynamiclock.plugin.views.dls.DynamicLockContainer{b8feb8d I.E...... ......I. 0,0-1080,2640}
03-12 22:09:11.218  4205  5096 I DymLock|ActionBus: subscribe : com.samsung.android.dynamiclock.plugin.views.dls.DynamicLockContainer{b8feb8d I.E...... ......I. 0,0-1080,2640}
03-12 22:09:11.218  4205  5096 I DymLock|ActionBus: subscribe : com.samsung.android.dynamiclock.plugin.stores.LockContainerStore@7ae7fb4
03-12 22:09:11.218  4205  5096 I DymLock|ActionBus: subscribe : com.samsung.android.dynamiclock.plugin.stores.WallpaperStore@96d67dd
03-12 22:09:11.219  4205  5096 I DymLock|ActionBus: subscribe : com.samsung.android.dynamiclock.plugin.stores.LockStarStore@b28bf52
03-12 22:09:11.219  4205  5096 D DymLock|BaseLockContainer: updatePanelWallpaper: Panel is not necessary. dls_state = 2
03-12 22:09:11.219  4205  5096 I KeyguardWallpaperController: onFolderStateChanged: isOpened = false
03-12 22:09:11.219  4205  5096 I KeyguardWallpaperController: onFolderStateChanged: which = 18, previous which = 6
03-12 22:09:11.219  4205  4205 D S.S.N.  : updateSamsungAccount() : No Change
03-12 22:09:11.219  4205  4205 D S.S.N.  : isRDUMode: false isSALoggedIn: true isChildAccount: false isAiInfoConfirmed: true isSuggestionResponsesEnabled: false isPreventOnlineProcessing: falseisAiCoreFeaturesEnabled: false
03-12 22:09:11.219  4205  4205 D S.S.N.  :  FOLD STATE common- FOLD 
03-12 22:09:11.219  4205  4205 D S.S.N.  :  FOLD STATE parent- FOLD 
03-12 22:09:11.219  4205  4205 E SubscreenSubRoomNotification: initData
03-12 22:09:11.219  4205  4205 D S.S.N.  :  clearMainList
03-12 22:09:11.220  4205  4205 D SubscreenNotificationListCoordinator: onAfterRenderList() isSubScreen = false, pluginLockMode = 0, doNotShowOnCover = false
03-12 22:09:11.220  3003  6708 I ActivityManager: Changes in 10202 19 to 5, 0 to 144
03-12 22:09:11.220  4205  4205 E SubscreenNotificationInfoManager: setShownGroup : false
03-12 22:09:11.220  4205  4205 D SrPromptProcessor: call releaseSmartReply
03-12 22:09:11.220  4205  4205 I KeyguardUpdateMonitor: onFoldStateChanged isFolded = true
03-12 22:09:11.220  4205  4205 I KeyguardUpdateMonitor: onTableModeChanged. mIsTableMode = true, isTableMode = false
03-12 22:09:11.221  4205  4205 D Navbar.Store: handleEvent(0) OnFoldStateChanged(folded=true) [Module] NavBarStoreImpl
03-12 22:09:11.221  4205  4205 D Navbar.Store: --[Band]COVER_SCREEN_PACK_FOLD_STATE_CHANGED
03-12 22:09:11.221  2071  2129 I sysinput:aidl: onReportInformation:93, 1, cmd@set_fold_state,1:0
03-12 22:09:11.221  4205  4205 D NavBarStateManager: NavBarStates(1) supportLargeCoverScreenNavBar: true
03-12 22:09:11.222  2071  2129 I sysinput:Touch1: operator():237, OK
03-12 22:09:11.222  4205  4205 D LayoutProviderContainerImpl: getCoverDisplayContext, cover display=Display id 1: DisplayInfo{"Built-in Screen", displayId 1, displayGroupId 0, FLAG_SECURE, FLAG_SUPPORTS_PROTECTED_BUFFERS, FLAG_PRESENTATION, FLAG_CAN_SHOW_WITH_INSECURE_KEYGUARD, FLAG_SHOULD_SHOW_SYSTEM_DECORATIONS, FLAG_TRUSTED, FLAG_ALLOWS_CONTENT_MODE_SWITCH, real 748 x 720, largest app 748 x 748, smallest app 654 x 654, appVsyncOff 16666666, presDeadline 17666666, mode 8, renderFrameRate 60.000004, hasArrSupport false, frameRateCategoryRate FrameRateCategoryRate {normal=60.0, high=90.0}, supportedRefreshRates [60.000004], defaultMode 8, REFRESH_RATE_MODE_SEAMLESS, userPreferredModeId -1, supportedModes [{id=8, width=748, height=720, fps=60.000004, vsync=60.000004, synthetic=false, alternativeRefreshRates=[], supportedHdrTypes=[2, 3, 4]}], appsSupportedModes [{id=8, width=748, height=720, fps=60.000004, vsync=60.000004, synthetic=false, alternativeRefreshRates=[], supportedHdrTypes=[2, 3, 4]}], hdrCapabilities HdrCapabilities{mSupportedHdrTypes=[2, 3, 4], mMaxLuminance=450.0, mMaxAverageLuminance=225.00024, mMinLuminance=5.0E-4}, isForceSdr false, userDisabledHdrTypes [], minimalPostProcessingSupported false, rotation 0, state OFF, committedState OFF}, DisplayMetrics{density=2.125, width=748, height=654, scaledDensity=2.125, xdpi=306.438, ydpi=309.966}, isValid=true
03-12 22:09:11.222  4205  4205 D Navbar.Store: --updateLayoutProvider() layoutProviderContainer = com.android.systemui.navigationbar.layout.LayoutProviderContainerImpl@1dbf89d
03-12 22:09:11.222  4205  4205 D NavBarStateManager: NavBarStates(1) supportLargeCoverScreenNavBar: true
03-12 22:09:11.222  4205  4205 D LayoutProviderContainerImpl: getCoverDisplayContext, cover display=Display id 1: DisplayInfo{"Built-in Screen", displayId 1, displayGroupId 0, FLAG_SECURE, FLAG_SUPPORTS_PROTECTED_BUFFERS, FLAG_PRESENTATION, FLAG_CAN_SHOW_WITH_INSECURE_KEYGUARD, FLAG_SHOULD_SHOW_SYSTEM_DECORATIONS, FLAG_TRUSTED, FLAG_ALLOWS_CONTENT_MODE_SWITCH, real 748 x 720, largest app 748 x 748, smallest app 654 x 654, appVsyncOff 16666666, presDeadline 17666666, mode 8, renderFrameRate 60.000004, hasArrSupport false, frameRateCategoryRate FrameRateCategoryRate {normal=60.0, high=90.0}, supportedRefreshRates [60.000004], defaultMode 8, REFRESH_RATE_MODE_SEAMLESS, userPreferredModeId -1, supportedModes [{id=8, width=748, height=720, fps=60.000004, vsync=60.000004, synthetic=false, alternativeRefreshRates=[], supportedHdrTypes=[2, 3, 4]}], appsSupportedModes [{id=8, width=748, height=720, fps=60.000004, vsync=60.000004, synthetic=false, alternativeRefreshRates=[], supportedHdrTypes=[2, 3, 4]}], hdrCapabilities HdrCapabilities{mSupportedHdrTypes=[2, 3, 4], mMaxLuminance=450.0, mMaxAverageLuminance=225.00024, mMinLuminance=5.0E-4}, isForceSdr false, userDisabledHdrTypes [], minimalPostProcessingSupported false, rotation 0, state OFF, committedState OFF}, DisplayMetrics{density=2.125, width=748, height=654, scaledDensity=2.125, xdpi=306.438, ydpi=309.966}, isValid=true
03-12 22:09:11.222  2092  2092 I SSC_DAEMON: handleSensorTestReqMsg:85, Sensor type :20, Msg type:14
03-12 22:09:11.222  2092  2092 I factory.ssc: vendor/qcom/proprietary/adsprpc/src/fastrpc_apps_user.c:1684: remote_handle64_open: opened handle 0xb400006d90c31bd0 (remote 0x0) for '":;./\createstaticpd:sensorspd&_dom=adsp on domain 0 (spawn time 0 us, load time 0 us), num handles 1
03-12 22:09:11.222  4205  4205 D Navbar.Store: --updateLayoutProvider() layoutProviderContainer = com.android.systemui.navigationbar.layout.LayoutProviderContainerImpl@1dbf89d
03-12 22:09:11.222  4205  4205 D NavBarStateManager: NavBarStates(1) supportLargeCoverScreenNavBar: true
03-12 22:09:11.222  4205  4205 D LayoutProviderContainerImpl: getCoverDisplayContext, cover display=Display id 1: DisplayInfo{"Built-in Screen", displayId 1, displayGroupId 0, FLAG_SECURE, FLAG_SUPPORTS_PROTECTED_BUFFERS, FLAG_PRESENTATION, FLAG_CAN_SHOW_WITH_INSECURE_KEYGUARD, FLAG_SHOULD_SHOW_SYSTEM_DECORATIONS, FLAG_TRUSTED, FLAG_ALLOWS_CONTENT_MODE_SWITCH, real 748 x 720, largest app 748 x 748, smallest app 654 x 654, appVsyncOff 16666666, presDeadline 17666666, mode 8, renderFrameRate 60.000004, hasArrSupport false, frameRateCategoryRate FrameRateCategoryRate {normal=60.0, high=90.0}, supportedRefreshRates [60.000004], defaultMode 8, REFRESH_RATE_MODE_SEAMLESS, userPreferredModeId -1, supportedModes [{id=8, width=748, height=720, fps=60.000004, vsync=60.000004, synthetic=false, alternativeRefreshRates=[], supportedHdrTypes=[2, 3, 4]}], appsSupportedModes [{id=8, width=748, height=720, fps=60.000004, vsync=60.000004, synthetic=false, alternativeRefreshRates=[], supportedHdrTypes=[2, 3, 4]}], hdrCapabilities HdrCapabilities{mSupportedHdrTypes=[2, 3, 4], mMaxLuminance=450.0, mMaxAverageLuminance=225.00024, mMinLuminance=5.0E-4}, isForceSdr false, userDisabledHdrTypes [], minimalPostProcessingSupported false, rotation 0, state OFF, committedState OFF}, DisplayMetrics{density=2.125, width=748, height=654, scaledDensity=2.125, xdpi=306.438, ydpi=309.966}, isValid=true
03-12 22:09:11.223  4205 24794 D S.S.N.  : needToShowWritingAssistFTU(): isFirstEntering = 0, writingAssistSetting = true
03-12 22:09:11.223  7048  7048 D NLService: Successfully marked the removed notification identified by 32
03-12 22:09:11.224  3003  3130 D ColorFade: ColorFade End [PREPARE]  : mode=2 , <Time> displayInfo: 0
03-12 22:09:11.224  3003  3130 W DisplayPowerController[0]: ColorFade: onAnimationStart
03-12 22:09:11.224  3003  3130 W DisplayPowerState: !@ColorFade entry displayId=0
03-12 22:09:11.224  3003  3130 W DisplayPowerController[0]: ColorFade: onAnimationEnd
03-12 22:09:11.225  3003  3130 D BrightnessThermalClamper: Thermal status observer already started
03-12 22:09:11.225  3003  3130 D BrightnessThermalClamper: Thermal status observer already started
03-12 22:09:11.225  3003  3130 D DisplayPowerController[0]: animateScreenStateChange: target=OFF, mIsEnabled=true
03-12 22:09:11.225  3003  3130 I DisplayPowerController[0]: Blocking screen off
03-12 22:09:11.225  3003  3130 D DisplayPowerController[0]: mWindowManagerPolicy.screenTurningOff()
03-12 22:09:11.225  4360 16159 I CCodec  : setting up 'default' as default (vendor) store
03-12 22:09:11.225  2053 13496 I QC2CompStore: addIdToList add Id[142] to list
03-12 22:09:11.225  3003  3067 D RestrictionPolicy: isScreenCaptureEnabled : ret=true userId=0
03-12 22:09:11.225  2007  3909 I sensors-hal: qsh_conn_event_cb:890, event[0] sensor:common_info  Wakeup, msg_id=1025, ts=3743174997399
03-12 22:09:11.225  3003  3067 D RestrictionPolicy: isScreenCaptureEnabled : ret=true userId=0
03-12 22:09:11.225  2007  3909 I sensors-hal: handle_sns_client_event:82, common_info_event: msgid:1025
03-12 22:09:11.225  2007  3909 I sensors-hal: handle_sns_client_event:90, common_info: 1019
03-12 22:09:11.225  4205  4205 D NavigationModeController: getCurrentInteractionMode: mode=0 contextUser=0
03-12 22:09:11.225  4205  4205 D Navbar.Store: handleEvent(1) GetInflateLayoutID(vertical=false) [Module] SamsungNavigationBarInflaterView
03-12 22:09:11.225  4205  4205 D Navbar.Store: --[Band]STABLE_LAYOUT_PACK_GET_INFLATE_LAYOUT_ID
03-12 22:09:11.225  4205  4205 D NavBarStateManager: NavBarStates(1) getLayoutID(vertical: false): 2131559285
03-12 22:09:11.225  4205  4205 D Navbar.Store: handleEvent(1) value= 2131559285
03-12 22:09:11.225  4205  4367 I KeyguardService: onScreenTurningOff
03-12 22:09:11.225  4205  4205 D Navbar.Store: handleEvent(1) GetInflateLayoutID(vertical=true) [Module] SamsungNavigationBarInflaterView
03-12 22:09:11.226  4205  4205 D Navbar.Store: --[Band]STABLE_LAYOUT_PACK_GET_INFLATE_LAYOUT_ID
03-12 22:09:11.226  4205  4205 D NavBarStateManager: NavBarStates(1) getLayoutID(vertical: true): 2131559287
03-12 22:09:11.226  4205  4205 D Navbar.Store: handleEvent(1) value= 2131559287
03-12 22:09:11.226  4205  4205 D Navbar.Store: handleEvent(1) GetDefaultLayout(noArguments=true) [Module] SamsungNavigationBarInflaterView
03-12 22:09:11.226  4205  4205 D Navbar.Store: --[Band]STABLE_LAYOUT_PACK_GET_DEFAULT_LAYOUT
03-12 22:09:11.226  4205  4205 D NavBarStateManager: NavBarStates(1) getDefaultLayout: space,home,gap,back,space;;
03-12 22:09:11.226  4205  4205 D Navbar.Store: handleEvent(1) value= space,home,gap,back,space;;
03-12 22:09:11.226  1274  2375 I sscrpcd : vendor/qcom/proprietary/adsprpc/src/apps_std_imp.c:1012: Successfully opened file /mnt/vendor/persist/sensors/registry/fstempfile
03-12 22:09:11.226  2053 13496 I vendor.qti.media.c2@1.0-service: missing struct descriptor #Param::CoreIndex(--002) for field mastering of struct #Param::CoreIndex(--180a)
03-12 22:09:11.226  4205  4205 D Navbar.Store: handleEvent(1) GetInflateButtonWidth(buttonSpec=space, landscape=false) [Module] SamsungNavigationBarInflaterView
03-12 22:09:11.226  4205  4205 D Navbar.Store: --[Band]STABLE_LAYOUT_PACK_INFLATE_NAVBAR
03-12 22:09:11.226  2053 13496 I vendor.qti.media.c2@1.0-service: missing struct descriptor #Param::CoreIndex(-V8002) for field portConfigs of struct #Param::CoreIndex(FV19100)
03-12 22:09:11.226  4205  4205 D NavBarStateManager: NavBarStates(1) getSpaceWidth(land: false): 64
03-12 22:09:11.226  4205  4205 D Navbar.Store: handleEvent(1) value= 64
03-12 22:09:11.226  2053 13496 I vendor.qti.media.c2@1.0-service: missing struct descriptor #Param::CoreIndex(-V8002) for field portConfigs of struct #Param::CoreIndex(FV1a100)
03-12 22:09:11.226  2053 13496 I vendor.qti.media.c2@1.0-service: missing struct descriptor #Param::CoreIndex(-V8002) for field portConfigs of struct #Param::CoreIndex(FV19100)
03-12 22:09:11.226  2053 13496 I vendor.qti.media.c2@1.0-service: missing struct descriptor #Param::CoreIndex(-V8002) for field portConfigs of struct #Param::CoreIndex(FV1a100)
03-12 22:09:11.226  3003  3067 D WindowManager: Changing focus from Window{5348639 u0 com.coulombtech/com.cp.ui.activity.map.MapActivity} to null displayId=0 Callers=com.android.server.wm.RootWindowContainer.onChildPositionChanged:8 com.android.server.wm.WindowContainer.positionChildAt:69 com.android.server.wm.RootWindowContainer.positionChildAt:8 com.android.server.wm.WindowManagerServiceExt.moveDisplayToTop:37 
03-12 22:09:11.226  3003  4082 D HdrSolution_HdrDisplayNitMapper: updataTargetNit--------------mLightSensorData: -1.0, scaleRatio: 200.0, target: 1.0->200
03-12 22:09:11.226  4205  4205 D Navbar.Store: handleEvent(1) GetInflateButtonWidth(buttonSpec=home, landscape=false) [Module] SamsungNavigationBarInflaterView
03-12 22:09:11.226  4205  4205 D Navbar.Store: --[Band]STABLE_LAYOUT_PACK_INFLATE_NAVBAR
03-12 22:09:11.226  4205  4205 D NavBarStateManager: NavBarStates(1) getButtonWidth(land: false): 102
03-12 22:09:11.226  4205  4205 D Navbar.Store: handleEvent(1) value= 102
03-12 22:09:11.226  2053 13496 I QC2Comp : [cmphvcD_142] KPI_L1: init: ms=0
03-12 22:09:11.226  2053 13496 I QC2Comp : [c2.qti.hevc.decoder] KPI_L1: Create: ms=1
03-12 22:09:11.226  2053 13496 I QC2CompStore: Created component(c2.qti.hevc.decoder) id(142) sStore[0xb400006dc7a29970]
03-12 22:09:11.226  3003  3067 D InputDispatcher: Focused display: 0 -> 1
03-12 22:09:11.226  3003  3067 W InputDispatcher: Focused display #1 does not have a focused window.
03-12 22:09:11.226  3003  3067 E InputDispatcher: But another display has a focused window
03-12 22:09:11.226  3003  3067 E InputDispatcher:   FocusedWindows:
03-12 22:09:11.226  3003  3067 E InputDispatcher:     displayId=0, name='5348639 com.coulombtech/com.cp.ui.activity.map.MapActivity'
03-12 22:09:11.226  3003  3067 V SystemKeyManager: updateFocusedWindow() is called, 
03-12 22:09:11.226  2053 13496 I vendor.qti.media.c2@1.0-service: missing struct descriptor #Param::CoreIndex(--002) for field mastering of struct #Param::CoreIndex(--180a)
03-12 22:09:11.226  4205  4205 D Navbar.Store: handleEvent(1) GetInflateButtonWidth(buttonSpec=gap, landscape=false) [Module] SamsungNavigationBarInflaterView
03-12 22:09:11.226  2053 13496 I vendor.qti.media.c2@1.0-service: missing struct descriptor #Param::CoreIndex(--002) for field mastering of struct #Param::CoreIndex(--180a)
03-12 22:09:11.226  4205  4205 D Navbar.Store: --[Band]STABLE_LAYOUT_PACK_INFLATE_NAVBAR
03-12 22:09:11.226  4205  4205 D NavBarStateManager: NavBarStates(1) getButtonDistanceSize(land: false): 17
03-12 22:09:11.226  4205  4205 D Navbar.Store: handleEvent(1) value= 17
03-12 22:09:11.226  2053 13496 I vendor.qti.media.c2@1.0-service: VendorExternalAIFRCRequestSetter set to 0 0
03-12 22:09:11.226  3003  3067 D ActivityTaskManager: scheduleTopResumedActivityChanged, onTop=false, r=ActivityRecord{22544900 u0 com.coulombtech/com.cp.ui.activity.map.MapActivity t198}, caller=com.android.server.wm.ActivityTaskSupervisor.scheduleTopResumedActivityStateLossIfNeeded:19 com.android.server.wm.ActivityTaskSupervisor.updateTopResumedActivityIfNeeded:20 com.android.server.wm.RootWindowContainer.onChildPositionChanged:16 com.android.server.wm.WindowContainer.positionChildAt:69 com.android.server.wm.RootWindowContainer.positionChildAt:8 com.android.server.wm.WindowManagerServiceExt.moveDisplayToTop:37 
03-12 22:09:11.226  2053 13496 I vendor.qti.media.c2@1.0-service: StrictValueWithNoDeps is called old.v.value is 2141391876 me.v.value is 2141391876
03-12 22:09:11.226  2053 13496 I vendor.qti.media.c2@1.0-service: StrictValueWithNoDeps is called old.v.value is 30 me.v.value is 30
03-12 22:09:11.227  4205  4205 D Navbar.Store: handleEvent(1) GetInflateButtonWidth(buttonSpec=back, landscape=false) [Module] SamsungNavigationBarInflaterView
03-12 22:09:11.227  2053 13496 I vendor.qti.media.c2@1.0-service: missing struct descriptor #Param::CoreIndex(--002) for field mastering of struct #Param::CoreIndex(--180a)
03-12 22:09:11.227  4205  4205 D Navbar.Store: --[Band]STABLE_LAYOUT_PACK_INFLATE_NAVBAR
03-12 22:09:11.227  2053 13496 I vendor.qti.media.c2@1.0-service: missing struct descriptor #Param::CoreIndex(--002) for field mastering of struct #Param::CoreIndex(--180a)
03-12 22:09:11.227  4205  4205 D NavBarStateManager: NavBarStates(1) getButtonWidth(land: false): 102
03-12 22:09:11.227  4205  4205 D Navbar.Store: handleEvent(1) value= 102
03-12 22:09:11.227  2053 13496 I vendor.qti.media.c2@1.0-service: C2StreamVendorRenderEngineHDRToneMapRequestInfoset to 0
03-12 22:09:11.227  2053 13496 W QC2Interface: [hvcD_142] Failed to query parameters
03-12 22:09:11.227  4205  4205 D Navbar.Store: handleEvent(1) GetInflateButtonWidth(buttonSpec=space, landscape=false) [Module] SamsungNavigationBarInflaterView
03-12 22:09:11.227  2053 13496 I vendor.qti.media.c2@1.0-service: StrictValueWithNoDeps is called old.v.value is 2141391876 me.v.value is 0
03-12 22:09:11.227  4205  4205 D Navbar.Store: --[Band]STABLE_LAYOUT_PACK_INFLATE_NAVBAR
03-12 22:09:11.227  2053 13496 I vendor.qti.media.c2@1.0-service: StrictValueWithNoDeps is called old.v.value is 30 me.v.value is 1
03-12 22:09:11.227  4205  4205 D NavBarStateManager: NavBarStates(1) getSpaceWidth(land: false): 64
03-12 22:09:11.227  4205  4205 D Navbar.Store: handleEvent(1) value= 64
03-12 22:09:11.227  2053 13496 I vendor.qti.media.c2@1.0-service: [FRC-IsFilteringEnabled] entry
03-12 22:09:11.227  2053 13496 I vendor.qti.media.c2@1.0-service: [FRC-IsFilteringEnabled] frcReqInfo.value is 0
03-12 22:09:11.227  4205  4205 D Navbar.Store: handleEvent(1) GetInflateButtonWidth(buttonSpec=space, landscape=true) [Module] SamsungNavigationBarInflaterView
03-12 22:09:11.227  4205  4205 D Navbar.Store: --[Band]STABLE_LAYOUT_PACK_INFLATE_NAVBAR
03-12 22:09:11.227  4205  4205 D NavBarStateManager: NavBarStates(1) getSpaceWidth(land: true): 64
03-12 22:09:11.227  4205  4205 D Navbar.Store: handleEvent(1) value= 64
03-12 22:09:11.227  4205  4205 D Navbar.Store: handleEvent(1) GetInflateButtonWidth(buttonSpec=home, landscape=true) [Module] SamsungNavigationBarInflaterView
03-12 22:09:11.227  4205  4205 D Navbar.Store: --[Band]STABLE_LAYOUT_PACK_INFLATE_NAVBAR
03-12 22:09:11.227  4205  4205 D NavBarStateManager: NavBarStates(1) getButtonWidth(land: true): 102
03-12 22:09:11.227  4205  4205 D Navbar.Store: handleEvent(1) value= 102
03-12 22:09:11.227  4205  4205 D Navbar.Store: handleEvent(1) GetInflateButtonWidth(buttonSpec=gap, landscape=true) [Module] SamsungNavigationBarInflaterView
03-12 22:09:11.227  4205  4205 D Navbar.Store: --[Band]STABLE_LAYOUT_PACK_INFLATE_NAVBAR
03-12 22:09:11.227  4205  4205 D NavBarStateManager: NavBarStates(1) getButtonDistanceSize(land: true): 17
03-12 22:09:11.227  4205  4205 D Navbar.Store: handleEvent(1) value= 17
03-12 22:09:11.227  2105  2105 I SurfaceFlinger: [ColorFade_d0#16122] attach to parent Root
03-12 22:09:11.227  4205  4205 D Navbar.Store: handleEvent(1) GetInflateButtonWidth(buttonSpec=back, landscape=true) [Module] SamsungNavigationBarInflaterView
03-12 22:09:11.227  4205  4205 D Navbar.Store: --[Band]STABLE_LAYOUT_PACK_INFLATE_NAVBAR
03-12 22:09:11.227  4205  4205 D NavBarStateManager: NavBarStates(1) getButtonWidth(land: true): 102
03-12 22:09:11.227  4205  4205 D Navbar.Store: handleEvent(1) value= 102
03-12 22:09:11.227  4205  4205 D Navbar.Store: handleEvent(1) GetInflateButtonWidth(buttonSpec=space, landscape=true) [Module] SamsungNavigationBarInflaterView
03-12 22:09:11.227  4205  4205 D Navbar.Store: --[Band]STABLE_LAYOUT_PACK_INFLATE_NAVBAR
03-12 22:09:11.227  4205  4205 D NavBarStateManager: NavBarStates(1) getSpaceWidth(land: true): 64
03-12 22:09:11.227  4205  4205 D Navbar.Store: handleEvent(1) value= 64
03-12 22:09:11.228  4205  4205 D Navbar.Store: handleEvent(1) GetInflateButtonWidth(buttonSpec=space, landscape=false) [Module] SamsungNavigationBarInflaterView
03-12 22:09:11.228  4205  4205 D Navbar.Store: --[Band]STABLE_LAYOUT_PACK_INFLATE_NAVBAR
03-12 22:09:11.228  4205  4205 D NavBarStateManager: NavBarStates(1) getSpaceWidth(land: false): 64
03-12 22:09:11.228  4205  4205 D Navbar.Store: handleEvent(1) value= 64
03-12 22:09:11.228  4205  4205 D Navbar.Store: handleEvent(1) GetInflateButtonWidth(buttonSpec=left_remote_view, landscape=false) [Module] SamsungNavigationBarInflaterView
03-12 22:09:11.228  3003  3067 D WALLPAPER_SVC:SubDisplayMode: onDisplayFoldChanged: displayId = 0, folded = true 
03-12 22:09:11.228  4205  4205 D Navbar.Store: --[Band]STABLE_LAYOUT_PACK_INFLATE_NAVBAR
03-12 22:09:11.228  3003  3067 D WALLPAPER_SVC:WallpaperManagerService: updateDisplayData 
03-12 22:09:11.228  4205  4205 D NavBarStateManager: NavBarStates(1) getButtonWidth(land: false): 102
03-12 22:09:11.228  4205  4205 D Navbar.Store: handleEvent(1) value= 102
03-12 22:09:11.228  4205  4205 D Navbar.Store: handleEvent(1) GetInflateButtonWidth(buttonSpec=gap, landscape=false) [Module] SamsungNavigationBarInflaterView
03-12 22:09:11.228  3003  3067 E WallpaperManagerService: getHighlightFilterState : which=17, filterState=0, unsupported mode
03-12 22:09:11.228  4205  4205 D Navbar.Store: --[Band]STABLE_LAYOUT_PACK_INFLATE_NAVBAR
03-12 22:09:11.228  3003  3067 D WALLPAPER_SVC:LegibilityColor: setWhiteBgSettings which: 17, userId : 0, homeBodyColor : null 
03-12 22:09:11.228  3003  3067 D WALLPAPER_SVC:LegibilityColor: Cover wallpaper, ignore SemWallpaperColors 
03-12 22:09:11.228  4360 16159 I CCodec  : Created component [c2.qti.hevc.decoder] for [c2.qti.hevc.decoder]
03-12 22:09:11.228  4205  4205 D NavBarStateManager: NavBarStates(1) getButtonDistanceSize(land: false): 17
03-12 22:09:11.228  4205  4205 D Navbar.Store: handleEvent(1) value= 17
03-12 22:09:11.228  4360 16159 I CCodec  : [c2.qti.hevc.decoder] state->set(ALLOCATED)
03-12 22:09:11.228  2053  6835 W QC2Interface: [hvcD_142] Failed to query parameters
03-12 22:09:11.228  4832 29074 I HoneySpace.ExtraDisplaySource: ExtraDisplayInfo(rotation=0, displayId=1, displaySize=Point(748, 720), displayCutout=DisplayCutout{insets=Rect(0, 0 - 0, 66) waterfall=Insets{left=0, top=0, right=0, bottom=0} boundingRect={Bounds=[Rect(0, 0 - 0, 0), Rect(0, 0 - 0, 0), Rect(0, 0 - 0, 0), Rect(379, 654 - 748, 720)]} cutoutPathParserInfo={CutoutPathParserInfo{displayWidth=748 displayHeight=720 physicalDisplayWidth=748 physicalDisplayHeight=720 density={2.125} cutoutSpec={@bottom @right M 0,0 H -173.6470588235294 V -31.05882352941176 H 0 V 0 Z @dp} rotation={0} scale={1.0} physicalPixelDisplaySizeRatio={1.0}}} sideOverrides={}}, foldState=0)
03-12 22:09:11.228  4205 25262 D SemWallpaperColorsArea: SemWallpaperColorsArea [1080, 2640] which: 17 rotation: 0 has Base: false
03-12 22:09:11.228  4205 25262 D SemWallpaperColorsArea: SemWallpaperColorsArea which = 17, mDensity : 2.125, 1080x2640,508x1242,14,31, 9
03-12 22:09:11.228  4205 25262 I SemWallpaperColorsArea: Final area : Rect(46, 19 - 1032, 48)
03-12 22:09:11.228  4205 25262 I SemWallpaperColorsArea: Final area : Rect(376, 561 - 701, 1806)
03-12 22:09:11.228  4205 25262 I SemWallpaperColorsArea: Final area : Rect(505, 46 - 573, 214)
03-12 22:09:11.228  4205 25262 I SemWallpaperColorsArea: Final area : Rect(911, 2046 - 1028, 2341)
03-12 22:09:11.228  4205 25262 I SemWallpaperColorsArea: Final area : Rect(61, 2573 - 446, 2639)
03-12 22:09:11.228  4205 25262 I SemWallpaperColorsArea: Final area : Rect(0, 0 - 1079, 2639)
03-12 22:09:11.228  4832 29074 I HoneySpace.DeviceStateUseCase: changed: THREE_BUTTON, 144, true, false, DisplayInfo(rotation=0, displayId=0, displaySize=Point(1080, 2640), displayCutout=DisplayCutout{insets=Rect(0, 94 - 0, 0) waterfall=Insets{left=0, top=0, right=0, bottom=0} boundingRect={Bounds=[Rect(0, 0 - 0, 0), Rect(505, 0 - 576, 94), Rect(0, 0 - 0, 0), Rect(0, 0 - 0, 0)]} cutoutPathParserInfo={CutoutPathParserInfo{displayWidth=1080 displayHeight=2640 physicalDisplayWidth=1080 physicalDisplayHeight=2640 density={3.0} cutoutSpec={M 0,0 H -11.83333333333333 V 31.33333333333333 H 11.83333333333333 V 0 H 0 Z @dp} rotation={0} scale={1.0} physicalPixelDisplaySizeRatio={1.0}}} sideOverrides={}}, isNavCanMove=true, isTablet=false), ExtraDisplayInfo(rotation=0, displayId=1, displaySize=Point(748, 720), displayCutout=DisplayCutout{insets=Rect(0, 0 - 0, 66) waterfall=Insets{left=0, top=0, right=0, bottom=0} boundingRect={Bounds=[Rect(0, 0 - 0, 0), Rect(0, 0 - 0, 0), Rect(0, 0 - 0, 0), Rect(379, 654 - 748, 720)]} cutoutPathParserInfo={CutoutPathParserInfo{displayWidth=748 displayHeight=720 physicalDisplayWidth=748 physicalDisplayHeight=720 density={2.125} cutoutSpec={@bottom @right M 0,0 H -173.6470588235294 V -31.05882352941176 H 0 V 0 Z @dp} rotation={0} scale={1.0} physicalPixelDisplaySizeRatio={1.0}}} sideOverrides={}}, foldState=0), false
03-12 22:09:11.228  4205 25262 I KeyguardWallpaperController: set system color which = 17, opacity = 0.25
03-12 22:09:11.228  4205 25262 D SystemWallpaperColors: setColor: which = 17
03-12 22:09:11.229  4205 25262 I SystemWallpaperColors: setColor : put color for which 17, color = [version:22, which:17, adaptive dim:0.0/0, darkmode dim:0.25]
03-12 22:09:11.229  4205 25262 I SystemWallpaperColors: 	[SeedColors, [-70198]]
03-12 22:09:11.229  4205 25262 I SystemWallpaperColors: 	[STATUSBAR, Rect(31, 19 - 716, 48):1/ff000000/1.0/0.1, 0.0/0.0/0.0]
03-12 22:09:11.229  4205 25262 I SystemWallpaperColors: 	[BODY_TOP, Rect(261, 150 - 484, 490):1/ff4e4e4e/2.0004/0.30007502, 37.627117/0.23694779/0.9764706]
03-12 22:09:11.229  4205 25262 I SystemWallpaperColors: 	[BODY_MID, Rect(350, 12 - 397, 57):1/ff525252/2.0004/0.30007502, 40.8/0.19607843/1.0]
03-12 22:09:11.229  4205 25262 I SystemWallpaperColors: 	[BODY_BOTTOM, Rect(631, 556 - 711, 637):1/ff343434/3.3315673/0.54966885, 31.8/0.4784689/0.81960785]
03-12 22:09:11.229  4205 25262 I SystemWallpaperColors: 	[NAVIBAR, Rect(42, 652 - 308, 718):1/ff525252/2.0004/0.30007502, 42.352943/0.2007874/0.99607843]
03-12 22:09:11.229  4205 25262 I SystemWallpaperColors: 	[BACKGROUND, Rect(0, 0 - 748, 718):1/ff464646/2.1101708/0.32065704, 34.411766/0.28691983/0.92941177]
03-12 22:09:11.229  4205 25262 I KeyguardWallpaperController: onSemWallpaperColorsChanged: which = 17, userId = 0, colors = Rect(31, 19 - 716, 48)[1] Rect(261, 150 - 484, 490)[1] Rect(350, 12 - 397, 57)[1] Rect(631, 556 - 711, 637)[1] Rect(42, 652 - 308, 718)[1] Rect(0, 0 - 748, 718)[1] 
03-12 22:09:11.229  3003  3067 D WALLPAPER_SVC:WallpaperManagerService: notifySemColorListeners: 17, 0, 0 
03-12 22:09:11.229  3003  3067 D InputManager: onDisplayFoldChanged: folded = true
03-12 22:09:11.229  4205  4205 D Navbar.Store: handleEvent(1) GetInflateButtonWidth(buttonSpec=right_remote_view, landscape=false) [Module] SamsungNavigationBarInflaterView
03-12 22:09:11.229  4205  4205 D Navbar.Store: --[Band]STABLE_LAYOUT_PACK_INFLATE_NAVBAR
03-12 22:09:11.229  4205  4205 D NavBarStateManager: NavBarStates(1) getButtonWidth(land: false): 102
03-12 22:09:11.229  4205  4205 D Navbar.Store: handleEvent(1) value= 102
03-12 22:09:11.229  4205  4367 D SemWallpaperColorsArea: SemWallpaperColorsArea [1080, 2640] which: 17 rotation: 0 has Base: false
03-12 22:09:11.229  4205  4367 D SemWallpaperColorsArea: SemWallpaperColorsArea which = 17, mDensity : 2.125, 1080x2640,508x1242,14,31, 9
03-12 22:09:11.229  4205  4367 I SemWallpaperColorsArea: Final area : Rect(46, 19 - 1032, 48)
03-12 22:09:11.229  4205  4367 I SemWallpaperColorsArea: Final area : Rect(376, 561 - 701, 1806)
03-12 22:09:11.229  4205  4367 I SemWallpaperColorsArea: Final area : Rect(505, 46 - 573, 214)
03-12 22:09:11.229  4205  4367 I SemWallpaperColorsArea: Final area : Rect(911, 2046 - 1028, 2341)
03-12 22:09:11.229  4205  4367 I SemWallpaperColorsArea: Final area : Rect(61, 2573 - 446, 2639)
03-12 22:09:11.229  4205  4367 I SemWallpaperColorsArea: Final area : Rect(0, 0 - 1079, 2639)
03-12 22:09:11.229  4832 29075 I HoneySpace.AppGridManager: finderWidthDp : 360.0 density : 3.0 marginDp : 10 appTrayAreaDp : 320 maxBounds : 360.0
03-12 22:09:11.229  4205  5152 D KeyguardWallpaperColors: setSemWallpaperColors: which = 17, userId = 0, colors = Rect(31, 19 - 716, 48)[1] Rect(261, 150 - 484, 490)[1] Rect(350, 12 - 397, 57)[1] Rect(631, 556 - 711, 637)[1] Rect(42, 652 - 308, 718)[1] Rect(0, 0 - 748, 718)[1] 
03-12 22:09:11.229  4205  4367 D WallpaperManager: onSemWallpaperColorsChanged [version:22, which:17, adaptive dim:0.0/0, darkmode dim:0.25]
03-12 22:09:11.229  4205  4367 D WallpaperManager: 	[SeedColors, [-70198]]
03-12 22:09:11.229  4205  4367 D WallpaperManager: 	[STATUSBAR, Rect(31, 19 - 716, 48):1/ff000000/1.0/0.1, 0.0/0.0/0.0]
03-12 22:09:11.229  4205  4367 D WallpaperManager: 	[BODY_TOP, Rect(261, 150 - 484, 490):1/ff4e4e4e/2.0004/0.30007502, 37.627117/0.23694779/0.9764706]
03-12 22:09:11.229  4205  4367 D WallpaperManager: 	[BODY_MID, Rect(350, 12 - 397, 57):1/ff525252/2.0004/0.30007502, 40.8/0.19607843/1.0]
03-12 22:09:11.229  4205  4367 D WallpaperManager: 	[BODY_BOTTOM, Rect(631, 556 - 711, 637):1/ff343434/3.3315673/0.54966885, 31.8/0.4784689/0.81960785]
03-12 22:09:11.229  4205  4367 D WallpaperManager: 	[NAVIBAR, Rect(42, 652 - 308, 718):1/ff525252/2.0004/0.30007502, 42.352943/0.2007874/0.99607843]
03-12 22:09:11.229  4205  4367 D WallpaperManager: 	[BACKGROUND, Rect(0, 0 - 748, 718):1/ff464646/2.1101708/0.32065704, 34.411766/0.28691983/0.92941177], which=17
03-12 22:09:11.229  4205  5152 D SemWallpaperColorsArea: SemWallpaperColorsArea [1080, 2640] which: 2 rotation: 0 has Base: false
03-12 22:09:11.229  4832 13511 I HoneySpace.ExtraDisplaySource: ExtraDisplayInfo(rotation=0, displayId=1, displaySize=Point(748, 720), displayCutout=DisplayCutout{insets=Rect(0, 0 - 0, 66) waterfall=Insets{left=0, top=0, right=0, bottom=0} boundingRect={Bounds=[Rect(0, 0 - 0, 0), Rect(0, 0 - 0, 0), Rect(0, 0 - 0, 0), Rect(379, 654 - 748, 720)]} cutoutPathParserInfo={CutoutPathParserInfo{displayWidth=748 displayHeight=720 physicalDisplayWidth=748 physicalDisplayHeight=720 density={2.125} cutoutSpec={@bottom @right M 0,0 H -173.6470588235294 V -31.05882352941176 H 0 V 0 Z @dp} rotation={0} scale={1.0} physicalPixelDisplaySizeRatio={1.0}}} sideOverrides={}}, foldState=0)
03-12 22:09:11.229  4205  5152 D SemWallpaperColorsArea: SemWallpaperColorsArea which = 2, mDensity : 3.0, 1080x2640,360x880,31,48, 6
03-12 22:09:11.229  4205  5152 I SemWallpaperColorsArea: Final area : Rect(72, 18 - 1008, 93)
03-12 22:09:11.229  4205  5152 I SemWallpaperColorsArea: Final area : Rect(120, 528 - 960, 837)
03-12 22:09:11.229  4205  5152 I SemWallpaperColorsArea: Final area : Rect(120, 1389 - 960, 1449)
03-12 22:09:11.229  4205  5152 I SemWallpaperColorsArea: Final area : Rect(120, 1533 - 960, 2061)
03-12 22:09:11.229  4205  5152 I SemWallpaperColorsArea: Final area : Rect(120, 2361 - 960, 2547)
03-12 22:09:11.229  4205  5152 I SemWallpaperColorsArea: Final area : Rect(0, 0 - 1080, 2640)
03-12 22:09:11.229  4205  5152 D WallpaperEventNotifier: notifyUpdate: [ | | | STATUSBAR BODY_TOP BODY_MID BODY_BOTTOM NAVIBAR BACKGROUND | SHADOW ], isCover = true, colors = Rect(31, 19 - 716, 48)[1] Rect(261, 150 - 484, 490)[1] Rect(350, 12 - 397, 57)[1] Rect(631, 556 - 711, 637)[1] Rect(42, 652 - 308, 718)[1] Rect(0, 0 - 748, 718)[1] 
03-12 22:09:11.229  4205  4205 D Navbar.Store: handleEvent(1) GetInflateButtonWidth(buttonSpec=space, landscape=false) [Module] SamsungNavigationBarInflaterView
03-12 22:09:11.229  4205  4205 D Navbar.Store: --[Band]STABLE_LAYOUT_PACK_INFLATE_NAVBAR
03-12 22:09:11.229  4205  4205 D NavBarStateManager: NavBarStates(1) getSpaceWidth(land: false): 64
03-12 22:09:11.229  4205  4205 D Navbar.Store: handleEvent(1) value= 64
03-12 22:09:11.229  3003  3994 D SysinputHAL_AIDL: setProperty(TSP(1)): CMD, set_fold_state,1 ret=0
03-12 22:09:11.229  4205  4205 D Navbar.Store: handleEvent(1) GetInflateButtonWidth(buttonSpec=space, landscape=true) [Module] SamsungNavigationBarInflaterView
03-12 22:09:11.229  4205  4205 D Navbar.Store: --[Band]STABLE_LAYOUT_PACK_INFLATE_NAVBAR
03-12 22:09:11.229  4205  4205 D NavBarStateManager: NavBarStates(1) getSpaceWidth(land: true): 64
03-12 22:09:11.229  4205  4205 D Navbar.Store: handleEvent(1) value= 64
03-12 22:09:11.229  4205  4205 D Navbar.Store: handleEvent(1) GetInflateButtonWidth(buttonSpec=left_remote_view, landscape=false) [Module] SamsungNavigationBarInflaterView
03-12 22:09:11.229 29180 29180 I HBD     : h writeToFile complete 
03-12 22:09:11.229  4205  4205 D Navbar.Store: --[Band]STABLE_LAYOUT_PACK_INFLATE_NAVBAR
03-12 22:09:11.229  4205  4205 D NavBarStateManager: NavBarStates(1) getButtonWidth(land: false): 102
03-12 22:09:11.229  4205  4205 D Navbar.Store: handleEvent(1) value= 102
03-12 22:09:11.229  3003  3064 I NotificationManager: android: notify(32, null, Notification(channel=UsbDevNoti shortcut=null contentView=null vibrate=null sound=null tick defaults=0 flags=ONGOING_EVENT color=0x00000000 vis=PUBLIC semFlags=0x0 semPriority=0 semMissedCount=0)) as user
03-12 22:09:11.229  4205  4205 D Navbar.Store: handleEvent(1) GetInflateButtonWidth(buttonSpec=gap, landscape=true) [Module] SamsungNavigationBarInflaterView
03-12 22:09:11.229  4205  4205 D Navbar.Store: --[Band]STABLE_LAYOUT_PACK_INFLATE_NAVBAR
03-12 22:09:11.229  4205  4205 D NavBarStateManager: NavBarStates(1) getButtonDistanceSize(land: true): 17
03-12 22:09:11.229  4205  4205 D Navbar.Store: handleEvent(1) value= 17
03-12 22:09:11.229  4205  4205 D Navbar.Store: handleEvent(1) GetInflateButtonWidth(buttonSpec=right_remote_view, landscape=false) [Module] SamsungNavigationBarInflaterView
03-12 22:09:11.229  4205  4205 D Navbar.Store: --[Band]STABLE_LAYOUT_PACK_INFLATE_NAVBAR
03-12 22:09:11.229  4205  4205 D NavBarStateManager: NavBarStates(1) getButtonWidth(land: false): 102
03-12 22:09:11.229  4205  4205 D Navbar.Store: handleEvent(1) value= 102
03-12 22:09:11.229  4205  4205 D Navbar.Store: handleEvent(1) GetInflateButtonWidth(buttonSpec=space, landscape=true) [Module] SamsungNavigationBarInflaterView
03-12 22:09:11.230  4205  4205 D Navbar.Store: --[Band]STABLE_LAYOUT_PACK_INFLATE_NAVBAR
03-12 22:09:11.230  4205  4205 D NavBarStateManager: NavBarStates(1) getSpaceWidth(land: true): 64
03-12 22:09:11.230  4205  4205 D Navbar.Store: handleEvent(1) value= 64
03-12 22:09:11.230 29180 29180 I HBD     : a [UpdatePolicy] [post] a: 17 cl: 65537 kit: [0/0] vt: 0 ir: 1 
03-12 22:09:11.230  4205  4205 D Navbar.Store: handleEvent(1) GetNavBarSidePadding(landscape=false) [Module] SamsungNavigationBarInflaterView
03-12 22:09:11.230 29180 29180 I HBD     : b isFlipCoverDisplayMode - true 
03-12 22:09:11.230  4205  4205 D Navbar.Store: --[Band]STABLE_LAYOUT_PACK_INFLATE_NAVBAR_SIDE_PADDING
03-12 22:09:11.230  4205  4205 D NavBarStateManager: NavBarStates(1) getNavBarSidePadding: 0
03-12 22:09:11.230  4205  4205 D Navbar.Store: handleEvent(1) value= 0
03-12 22:09:11.230  4205  4205 D Navbar.Store: handleEvent(1) GetNavBarSidePadding(landscape=true) [Module] SamsungNavigationBarInflaterView
03-12 22:09:11.230  4205  4205 D Navbar.Store: --[Band]STABLE_LAYOUT_PACK_INFLATE_NAVBAR_SIDE_PADDING
03-12 22:09:11.230  4205  4205 D NavBarStateManager: NavBarStates(1) getNavBarSidePadding: 0
03-12 22:09:11.230  4205  4205 D Navbar.Store: handleEvent(1) value= 0
03-12 22:09:11.230  4205  4205 D Navbar.Store: handleEvent(1) GetNavBarSidePadding(landscape=false) [Module] SamsungNavigationBarInflaterView
03-12 22:09:11.230  4205  4205 D Navbar.Store: --[Band]STABLE_LAYOUT_PACK_INFLATE_NAVBAR_SIDE_PADDING
03-12 22:09:11.230  4205  4205 D NavBarStateManager: NavBarStates(1) getNavBarSidePadding: 0
03-12 22:09:11.230  4205  4205 D Navbar.Store: handleEvent(1) value= 0
03-12 22:09:11.230  4205  4205 D Navbar.Store: handleEvent(1) GetNavBarSidePadding(landscape=true) [Module] SamsungNavigationBarInflaterView
03-12 22:09:11.230  4205  4205 D Navbar.Store: --[Band]STABLE_LAYOUT_PACK_INFLATE_NAVBAR_SIDE_PADDING
03-12 22:09:11.230  4205  4205 D NavBarStateManager: NavBarStates(1) getNavBarSidePadding: 0
03-12 22:09:11.230  4832  4896 I HoneySpace.TopTaskSource: FoldState updated(0). updateRunningTasks
03-12 22:09:11.230  3003  3067 D VibratorManagerService: onFoldStateChanged isFolded = true
03-12 22:09:11.230 29180 16166 I HBD     : h Write selected lang for DE  
03-12 22:09:11.230 29180 16166 I HBD     : h writeToFile path : /data/user_de/0/com.samsung.android.honeyboard/files/fold_selected.json 
03-12 22:09:11.230 29180 16166 I HBD     : h writeToFile json : {"version":"4.2","currentLanguageOrder":0,"front_selected":[{"activeOptionList":["auto_replace","auto_spacing","writing_assistant","prediction"],"bilingualId":-1,"engName":"English","id":65537,"inputType":"qwerty","isUsed":true}]} 
03-12 22:09:11.230  3003  4002 D BackgroundInstallControlService: Package event received: 0
03-12 22:09:11.230  3003  3661 I InputReader: Reconfiguring input devices, changes=DISPLAY_FOLD
03-12 22:09:11.231  3003  3064 W PermissionService: getPermissionFlags: Unknown user -1
03-12 22:09:11.231  3003  3064 W PermissionService: getPermissionFlags: Unknown user -1
