03-12 22:09:11.333  4205  4205 I SubLauncher:SubLauncherClockController@19943652: onStartedWakingUp: isSuspendPending = true, isFolderClosed = true
03-12 22:09:11.333  4205  4205 I SubLauncher:SubLauncherHome@253272580: onCoverScreenOn: true
03-12 22:09:11.333  4205  4205 I SubLauncher:SubLauncherHome@253272580: restorePage
03-12 22:09:11.333  4205  4205 I SubLauncher:SubLauncherSeamlessAOD@129222420: onStartedWakingUpOnCover
03-12 22:09:11.333  4205  4205 I SubLauncher:SubLauncherStateManager@232606011: setAODVisibleState: INVISIBLE -> INITIALIZED
03-12 22:09:11.333  4205  4205 I SubLauncher:BouncerViewController@120397705: set fontColor with isBlackWallpaper
03-12 22:09:11.333  4205  4205 I SubLauncher:SubLauncherClockController@19943652: observe: suspendState false
03-12 22:09:11.333  4205  4205 I AODAlarmTimer_SUB_CLOCK_TICK: setAlarm: expiration = 03/12/2026 22:10
03-12 22:09:11.334  4832 29073 I HoneySpace.DeviceStateUseCase: update: DeviceState(naviMode=THREE_BUTTON, navigationBarHeight=144, hint=true, transparentHint=false, rotation=0, displayId=0, displaySize=Point(1080, 2640), displayCutout=DisplayCutout{insets=Rect(0, 94 - 0, 0) waterfall=Insets{left=0, top=0, right=0, bottom=0} boundingRect={Bounds=[Rect(0, 0 - 0, 0), Rect(505, 0 - 576, 94), Rect(0, 0 - 0, 0), Rect(0, 0 - 0, 0)]} cutoutPathParserInfo={CutoutPathParserInfo{displayWidth=1080 displayHeight=2640 physicalDisplayWidth=1080 physicalDisplayHeight=2640 density={3.0} cutoutSpec={M 0,0 H -11.83333333333333 V 31.33333333333333 H 11.83333333333333 V 0 H 0 Z @dp} rotation={0} scale={1.0} physicalPixelDisplaySizeRatio={1.0}}} sideOverrides={}}, isNavCanMove=true, isTablet=false, extraDisplayInfo=ExtraDisplayInfo(rotation=0, displayId=1, displaySize=Point(748, 720), displayCutout=DisplayCutout{insets=Rect(0, 0 - 0, 66) waterfall=Insets{left=0, top=0, right=0, bottom=0} boundingRect={Bounds=[Rect(0, 0 - 0, 0), Rect(0, 0 - 0, 0), Rect(0, 0 - 0, 0), Rect(379, 654 - 748, 720)]} cutoutPathParserInfo={CutoutPathParserInfo{displayWidth=748 displayHeight=720 physicalDisplayWidth=748 physicalDisplayHeight=720 density={2.125} cutoutSpec={@bottom @right M 0,0 H -173.6470588235294 V -31.05882352941176 H 0 V 0 Z @dp} rotation={0} scale={1.0} physicalPixelDisplaySizeRatio={1.0}}} sideOverrides={}}, foldState=0), enableOverlayWindow=false)
03-12 22:09:11.334  2053 16186 W QC2V4l2Decoder: [v4lhvcD_142] Stopping buffer allocation as codec stopped
03-12 22:09:11.334  2053 16186 W QC2V4l2Decoder: [v4lhvcD_142] Stopping buffer allocation as codec stopped
03-12 22:09:11.334  2053 16186 W QC2V4l2Decoder: [v4lhvcD_142] Stopping buffer allocation as codec stopped
03-12 22:09:11.334  2053 16186 W QC2V4l2Decoder: [v4lhvcD_142] Stopping buffer allocation as codec stopped
03-12 22:09:11.334  2053 16186 W QC2V4l2Decoder: [v4lhvcD_142] Stopping buffer allocation as codec stopped
03-12 22:09:11.334  2053 16186 W QC2V4l2Decoder: [v4lhvcD_142] Stopping buffer allocation as codec stopped
03-12 22:09:11.334  2053 16186 W QC2V4l2Decoder: [v4lhvcD_142] Stopping buffer allocation as codec stopped
03-12 22:09:11.334  2053 16186 W QC2V4l2Decoder: [v4lhvcD_142] Stopping buffer allocation as codec stopped
03-12 22:09:11.334  2053 16186 W QC2V4l2Decoder: [v4lhvcD_142] Stopping buffer allocation as codec stopped
03-12 22:09:11.334  4832  4832 I HoneySpace.GestureInputHandler: deviceState changed DeviceState(naviMode=THREE_BUTTON, navigationBarHeight=144, hint=true, transparentHint=false, rotation=0, displayId=0, displaySize=Point(1080, 2640), displayCutout=DisplayCutout{insets=Rect(0, 94 - 0, 0) waterfall=Insets{left=0, top=0, right=0, bottom=0} boundingRect={Bounds=[Rect(0, 0 - 0, 0), Rect(505, 0 - 576, 94), Rect(0, 0 - 0, 0), Rect(0, 0 - 0, 0)]} cutoutPathParserInfo={CutoutPathParserInfo{displayWidth=1080 displayHeight=2640 physicalDisplayWidth=1080 physicalDisplayHeight=2640 density={3.0} cutoutSpec={M 0,0 H -11.83333333333333 V 31.33333333333333 H 11.83333333333333 V 0 H 0 Z @dp} rotation={0} scale={1.0} physicalPixelDisplaySizeRatio={1.0}}} sideOverrides={}}, isNavCanMove=true, isTablet=false, extraDisplayInfo=ExtraDisplayInfo(rotation=0, displayId=1, displaySize=Point(748, 720), displayCutout=DisplayCutout{insets=Rect(0, 0 - 0, 66) waterfall=Insets{left=0, top=0, right=0, bottom=0} boundingRect={Bounds=[Rect(0, 0 - 0, 0), Rect(0, 0 - 0, 0), Rect(0, 0 - 0, 0), Rect(379, 654 - 748, 720)]} cutoutPathParserInfo={CutoutPathParserInfo{displayWidth=748 displayHeight=720 physicalDisplayWidth=748 physicalDisplayHeight=720 density={2.125} cutoutSpec={@bottom @right M 0,0 H -173.6470588235294 V -31.05882352941176 H 0 V 0 Z @dp} rotation={0} scale={1.0} physicalPixelDisplaySizeRatio={1.0}}} sideOverrides={}}, foldState=0), enableOverlayWindow=false)
03-12 22:09:11.334  4832  4832 I HoneySpace.RegionManagerImpl: changeTouchRegion() called with: com.honeyspace.gesture.region.NoGestureTouchRegion@ba9b646 to DeviceState(naviMode=THREE_BUTTON, navigationBarHeight=144, hint=true, transparentHint=false, rotation=0, displayId=0, displaySize=Point(1080, 2640), displayCutout=DisplayCutout{insets=Rect(0, 94 - 0, 0) waterfall=Insets{left=0, top=0, right=0, bottom=0} boundingRect={Bounds=[Rect(0, 0 - 0, 0), Rect(505, 0 - 576, 94), Rect(0, 0 - 0, 0), Rect(0, 0 - 0, 0)]} cutoutPathParserInfo={CutoutPathParserInfo{displayWidth=1080 displayHeight=2640 physicalDisplayWidth=1080 physicalDisplayHeight=2640 density={3.0} cutoutSpec={M 0,0 H -11.83333333333333 V 31.33333333333333 H 11.83333333333333 V 0 H 0 Z @dp} rotation={0} scale={1.0} physicalPixelDisplaySizeRatio={1.0}}} sideOverrides={}}, isNavCanMove=true, isTablet=false, extraDisplayInfo=ExtraDisplayInfo(rotation=0, displayId=1, displaySize=Point(748, 720), displayCutout=DisplayCutout{insets=Rect(0, 0 - 0, 66) waterfall=Insets{left=0, top=0, right=0, bottom=0} boundingRect={Bounds=[Rect(0, 0 - 0, 0), Rect(0, 0 - 0, 0), Rect(0, 0 - 0, 0), Rect(379, 654 - 748, 720)]} cutoutPathParserInfo={CutoutPathParserInfo{displayWidth=748 displayHeight=720 physicalDisplayWidth=748 physicalDisplayHeight=720 density={2.125} cutoutSpec={@bottom @right M 0,0 H -173.6470588235294 V -31.05882352941176 H 0 V 0 Z @dp} rotation={0} scale={1.0} physicalPixelDisplaySizeRatio={1.0}}} sideOverrides={}}, foldState=0), enableOverlayWindow=false)
03-12 22:09:11.334  4832  4832 I HoneySpace.RegionManagerImpl: resetSwipeRegion. RectF(0.0, 642.0, 748.0, 720.0), RectF(0.0, 0.0, 0.0, 0.0)
03-12 22:09:11.335  4205  4362 D DeviceState: isESIM() :0 : false
03-12 22:09:11.335  4205  4205 I ModuleClockView_SUB_LAUNCHER_1@80: suspend : mSuspend = true, enable = false
03-12 22:09:11.335  4205  4205 I ModuleClockView_SUB_LAUNCHER_1@80: onSuspendStateChanged: to false
03-12 22:09:11.335  6103  6103 W ContextImpl: Calling a method in the system process without a qualified user: android.app.ContextImpl.startService:2068 android.content.ContextWrapper.startService:872 android.content.ContextWrapper.startService:872 com.sec.android.diagmonagent.sa.receiver.CFLogReceiver.onReceive:56 android.app.ActivityThread.handleReceiver:5663 
03-12 22:09:11.335  5393  6882 I bt_shim_scanner: system/main/shim/le_scanning_manager.cc:197 ScanFilterParamSetup: in shim layer, clientIf=5
03-12 22:09:11.335  5393  8555 I bt_shim_scanner: system/main/shim/le_scanning_manager.cc:141 Unregister: in shim layer, scannerId=5
03-12 22:09:11.335  5393  5832 W bluetooth: system/gd/hci/le_scanning_manager.cc:697 unregister_scanner: unregister_scanner
03-12 22:09:11.336  4205  4205 I ModuleClockView_SUB_LAUNCHER_1@80: onTimeChanged : [DateTimeInfo : date = Thu, March 12, hourMin = 10:09, hourMinSec = , hour = 10, minute = 09, amPm  = PM, colon = :, second = , timezone = null, isLeftOfAmPm = false, ttsDate = Thursday, March 12], timeInMillis = 1773367751336
03-12 22:09:11.336  4205  4205 I ModuleClockView_SUB_LAUNCHER_1@80: updatePaletteItemTransition : paletteItem = SOLID color : FF4E2A23, animation = false, dozeAmount = 0.0
03-12 22:09:11.336  4205  4205 I DigitalVerticalClockView_SUB_LAUNCHER_1@57: suspend : mSuspend = true, enable = false
03-12 22:09:11.336  4205  4205 I DigitalVerticalClockView_SUB_LAUNCHER_1@57: onSuspendStateChanged: to false
03-12 22:09:11.336  5393  6882 E ScanManager: [GSIM LOG]: gsimLogHandler, msg: MESSAGE_SCAN_STOP, appName: com.google.android.gms, scannerId: 5, reportDelayMillis=0
03-12 22:09:11.337  4205  4362 D DeviceState: isEuicc() :1 : true
03-12 22:09:11.337  4205  4362 D Tile.AirplaneModeTile:  handleUpdateState mIsWiFiOnlyDevice false isNoSimState true isPowerOffServiceState true mSetting.getValue() 0 isSatelliteModeOn false isChinaDevice false
03-12 22:09:11.337  4205  4362 D Tile.AirplaneModeTile:  handleUpdateState:  value = false, state = 1
03-12 22:09:11.337 16161 16085 I NetworkScheduler: (REDACTED) Error inserting %s
03-12 22:09:11.337 16161 18289 I NearbySharing: Stopped scanning for FastInitiation
03-12 22:09:11.338  4205  4205 I DigitalVerticalClockView_SUB_LAUNCHER_1@57: onTimeChanged : [DateTimeInfo : date = Thu, March 12, hourMin = 10:09, hourMinSec = , hour = 10, minute = 09, amPm  = PM, colon = :, second = , timezone = null, isLeftOfAmPm = false, ttsDate = Thursday, March 12], timeInMillis = 1773367751336
03-12 22:09:11.338  4205  4205 I DigitalVerticalClockView_SUB_LAUNCHER_1@57: updatePaletteItemTransition : paletteItem = SOLID color : FF4E2A23, animation = false, dozeAmount = 0.0
03-12 22:09:11.338  2053  2958 I QC2V4l2Codec: [v4lhvcD_142] KPI_L1: stop: ms=5
03-12 22:09:11.338  4205  4205 I SubLauncher:SubLauncherStateManager@232606011: setGraphicClockStatusBarFontColorType: NONE -> NONE
03-12 22:09:11.339  4205  4205 I NotificationIconsOnlyContainer: updateIconColor() : B3000000, 
03-12 22:09:11.339  4205  4205 D PluginAODManager: requestVisibleNotifications()
03-12 22:09:11.339  4205  4205 I AODNotificationManager: setTagId() 2131365301
03-12 22:09:11.339  4205  4205 I LockscreenNotificationManager: refreshLockScreenNotifications: AOD_REQUEST_NOTIFICATIONS
03-12 22:09:11.339  4205  4205 I SubLauncher:SubLauncherStateManager@232606011: setNotiCountText: 6 -> 
03-12 22:09:11.339  4205  4205 I SubLauncher:SubLauncherNotificationIconsOnlyController: clockView or notiCount is changed set notiCount=
03-12 22:09:11.339  4205  4205 I SubLauncher:SubLauncherClockStatusBarController@43446542: batteryVisible:8 isFolderClosed:true batteryVisibility:8 isInformativeClock:false showInformativeAODBattery:false isDozing:false isChargingVIProcessing:false curIsChargingVIProcessing:false
03-12 22:09:11.339  4205  4205 I SubLauncher:SubLauncherClockStatusBarController@43446542: updateBatteryVisibility curIsChargingVIProcessing:false isChargingVIProcessing:false isCharging:true batteryVisible:8
03-12 22:09:11.339  4205  4362 D Tile.MobileDataTile: handleUpdateState : state false
03-12 22:09:11.339  4205  4205 I SubLauncher:SubLauncherClockController@19943652: onTick()
03-12 22:09:11.339  4205  4205 I ModuleClockView_SUB_LAUNCHER_1@80: refresh : true
03-12 22:09:11.339  4205  4205 I ModuleClockView_SUB_LAUNCHER_1@80: onTimeChanged : [DateTimeInfo : date = Thu, March 12, hourMin = 10:09, hourMinSec = , hour = 10, minute = 09, amPm  = PM, colon = :, second = , timezone = null, isLeftOfAmPm = false, ttsDate = Thursday, March 12], timeInMillis = 1773367751339
03-12 22:09:11.339  4205  4205 I ModuleClockView_SUB_LAUNCHER_1@80: updatePaletteItemTransition : paletteItem = SOLID color : FF4E2A23, animation = false, dozeAmount = 0.0
03-12 22:09:11.339  4205  4205 I DigitalVerticalClockView_SUB_LAUNCHER_1@57: refresh : true
03-12 22:09:11.339 16161 18289 I NearbySharing: Fast Initiation Scanning has stopped
03-12 22:09:11.339  4205  4362 E SecQSPanelResourcePickHelper: need to prepare suitable picker for COVER
03-12 22:09:11.340  4205  4205 I DigitalVerticalClockView_SUB_LAUNCHER_1@57: onTimeChanged : [DateTimeInfo : date = Thu, March 12, hourMin = 10:09, hourMinSec = , hour = 10, minute = 09, amPm  = PM, colon = :, second = , timezone = null, isLeftOfAmPm = false, ttsDate = Thursday, March 12], timeInMillis = 1773367751339
03-12 22:09:11.340  4205  4205 I DigitalVerticalClockView_SUB_LAUNCHER_1@57: updatePaletteItemTransition : paletteItem = SOLID color : FF4E2A23, animation = false, dozeAmount = 0.0
03-12 22:09:11.340  4205  4205 I SubScreenPositionControllerImpl[SUB_CLOCK_AOD]: updatePosition: skipped(SUB_CLOCK_AOD) : time diff = 41169
03-12 22:09:11.340  4205  4205 I SubScreenPositionControllerImpl[SUB_CLOCK_AOD]: getRandomFinalPosition() [-25,40]
03-12 22:09:11.340  4205  4205 I SubLauncher:SubLauncherStateManager@232606011: setClockDozePosition: Point(-25, 40) -> Point(-25, 40)
03-12 22:09:11.340  4205  4205 I SubScreenPositionControllerImpl[SUB_STATUS_BAR_NOTI]: updatePosition: skipped(SUB_STATUS_BAR_NOTI) : time diff = 41169
03-12 22:09:11.340  4205  4205 I SubScreenPositionControllerImpl[SUB_STATUS_BAR_BATTERY]: updatePosition: skipped(SUB_STATUS_BAR_BATTERY) : time diff = 41169
03-12 22:09:11.340  4205  4205 I SubScreenPositionControllerImpl[SUB_STATUS_BAR_NOTI]: getRandomFinalPosition() [10,-4]
03-12 22:09:11.340  4205  4205 I SubScreenPositionControllerImpl[SUB_STATUS_BAR_BATTERY]: setFinalPositionY(-4) Point(-19, -4) -> Point(-19, -4)
03-12 22:09:11.340  4205  4205 I SubScreenPositionControllerImpl[SUB_STATUS_BAR_NOTI]: getRandomFinalPosition() [10,-4]
03-12 22:09:11.340  4205  4205 I SubLauncher:SubLauncherStateManager@232606011: setNIODozePosition: Point(10, -4) -> Point(10, -4)
03-12 22:09:11.340  4205  4205 I SubScreenPositionControllerImpl[SUB_STATUS_BAR_BATTERY]: getRandomFinalPosition() [-19,-4]
03-12 22:09:11.340  4205  4205 I SubLauncher:SubLauncherStateManager@232606011: setBatteryDozePosition: Point(-19, -4) -> Point(-19, -4)
03-12 22:09:11.340  4205  4205 I SubLauncher:SubLauncherNotificationIndicatorViewController@50422211: onTick
03-12 22:09:11.340  4205  4205 I SubScreenPositionControllerImpl[SUB_NOTI_INDICATOR]: updatePosition: skipped(SUB_NOTI_INDICATOR) : time diff = 42752
03-12 22:09:11.340  4205  4205 I SubScreenPositionControllerImpl[SUB_NOTI_INDICATOR]: getRandomFinalPosition() [8,1]
03-12 22:09:11.340  4205  4205 I ClockNonePaddingTextView: fixFontType: [1] fontType=0, fontVariationSettings='wght' 700, 'RNDN' 20
03-12 22:09:11.340  4205  4362 E SecQSPanelResourcePickHelper: need to prepare suitable picker for COVER
03-12 22:09:11.340  4205  4205 I ClockNonePaddingTextView: updateTypeface() [VARIABLE] isVariableClockFont=true usePreciseMeasure=false builderFontType=802 originalFontType=802 flipfont=0 fontWeight=0 fixedFontType=0 fixedTypeface=false fixedFontVariationSettings='wght' 700, 'RNDN' 20
03-12 22:09:11.340 16161 18289 I NearbySharing: Dismissing HUN as there's no device nearby.
03-12 22:09:11.340  4205  4205 I ClockNonePaddingTextView: fixFontType: [0] fontType=0, fontVariationSettings='wght' 700, 'RNDN' 20
03-12 22:09:11.340  4205  4205 I ClockNonePaddingTextView: updateTypeface() [VARIABLE] isVariableClockFont=true usePreciseMeasure=false builderFontType=802 originalFontType=802 flipfont=0 fontWeight=0 fixedFontType=0 fixedTypeface=false fixedFontVariationSettings='wght' 700, 'RNDN' 20
03-12 22:09:11.340  4205  4205 I ClockNonePaddingTextView: fixFontType: [0] fontType=0, fontVariationSettings='wght' 700, 'RNDN' 20
03-12 22:09:11.340  4205  4205 I ClockNonePaddingTextView: updateTypeface() [VARIABLE] isVariableClockFont=true usePreciseMeasure=false builderFontType=802 originalFontType=802 flipfont=0 fontWeight=0 fixedFontType=0 fixedTypeface=false fixedFontVariationSettings='wght' 700, 'RNDN' 20
03-12 22:09:11.340  4205  4205 I ClockNonePaddingTextView: fixFontType: [9] fontType=0, fontVariationSettings='wght' 700, 'RNDN' 20
03-12 22:09:11.340  4205  4205 I ClockNonePaddingTextView: updateTypeface() [VARIABLE] isVariableClockFont=true usePreciseMeasure=false builderFontType=802 originalFontType=802 flipfont=0 fontWeight=0 fixedFontType=0 fixedTypeface=false fixedFontVariationSettings='wght' 700, 'RNDN' 20
03-12 22:09:11.340  4205  4205 I ModuleClockView_SUB_LAUNCHER_1@80: refresh : true
03-12 22:09:11.340  4205  4205 I ModuleClockView_SUB_LAUNCHER_1@80: onTimeChanged : [DateTimeInfo : date = Thu, March 12, hourMin = 10:09, hourMinSec = , hour = 10, minute = 09, amPm  = PM, colon = :, second = , timezone = null, isLeftOfAmPm = false, ttsDate = Thursday, March 12], timeInMillis = 1773367751340
03-12 22:09:11.340  4205  4205 I ModuleClockView_SUB_LAUNCHER_1@80: updatePaletteItemTransition : paletteItem = SOLID color : FF4E2A23, animation = false, dozeAmount = 0.0
03-12 22:09:11.340  4205  4205 I DigitalVerticalClockView_SUB_LAUNCHER_1@57: refresh : true
03-12 22:09:11.340  4205  4362 D Tile.DndTile: handleUpdateState zen 0  state = QSTile$BooleanState[spec=Dnd,icon=ResourceIcon[resId=0x7f080f7d],nextIcon=null,iconSupplier=null,label=Do not disturb,secondaryLabel=null,contentDescription=null,stateDescription=null,dualLabelContentDescription=null,expandedAccessibilityClassName=null,disabledByPolicy=false,dualTarget=true,isTransient=false,handlesSecondaryClick=false,state=1,sideViewCustomDrawable=null,tileClassName=null,value=false,forceExpandIcon=false]
03-12 22:09:11.340  4205  4362 D Tile.WifiTile: handleUpdateState isTransient=false transientEnabling =false cb.isTransient=false state.state = 2 mStateBeforeClick.value =false enabled =true
03-12 22:09:11.340  4205  4205 I DigitalVerticalClockView_SUB_LAUNCHER_1@57: onTimeChanged : [DateTimeInfo : date = Thu, March 12, hourMin = 10:09, hourMinSec = , hour = 10, minute = 09, amPm  = PM, colon = :, second = , timezone = null, isLeftOfAmPm = false, ttsDate = Thursday, March 12], timeInMillis = 1773367751340
03-12 22:09:11.340  4205  4205 I DigitalVerticalClockView_SUB_LAUNCHER_1@57: updatePaletteItemTransition : paletteItem = SOLID color : FF4E2A23, animation = false, dozeAmount = 0.0
03-12 22:09:11.341  4205  4205 I SubLauncher:SubLauncherNowBarController@192055129: isFolderClosed = true
03-12 22:09:11.341  4205  4205 I SubLauncher:SubLauncherNowBarController@192055129: applyViewState true finishedDecoration true isFolderClosed true
03-12 22:09:11.341  4205  4362 D Tile.SoundModeTile: handleUpdateState: profile 0, muteAllSound false
03-12 22:09:11.341  4205  4205 I NowBarItemManager: getVisibleMainItemList = aod.o5.s:71 aod.Tw0.B:16 com.samsung.android.app.facewidget.domain.NowBarItemManager.i:6 aod.e11.c:8 com.samsung.android.app.sublauncher.presentation.plugin.controller.nowbar.SubLauncherNowBarController.applyViewState:136 com.samsung.android.app.sublauncher.presentation.plugin.controller.nowbar.SubLauncherNowBarController.access$applyViewState:0 aod.N01.invokeSuspend:21 aod.N01.invoke:15 aod.UK.invokeSuspend:618 aod.UK.f:120 aod.xk.invokeSuspend:34 aod.xk.invoke:12 aod.x5.start:57 aod.rd.K:23 aod.rd.L:12 
03-12 22:09:11.341  4205  4205 I NowBarItemManager: getVisibleList isScreenTurnedOn = true / aodShowState false shouldControlScreenOff false visibleList size = 1
03-12 22:09:11.341  4205  4205 I NowBarItemManager: visibleList idx=0, , AI_BRIEF_KEY, AI_BRIEF | 7
03-12 22:09:11.341  4205  4205 I SubLauncher:SubLauncherStateManager@232606011: setNowBarVisible: false -> true
03-12 22:09:11.341  4205  4362 D SBluetoothTile:  handleUpdateState enabled = false connected = false connecting = false changedState =false bluetoothState = 10 enabledChanging = false state = QSTile$BooleanState[spec=Bluetooth,icon=ResourceIcon[resId=0x7f080f78],nextIcon=null,iconSupplier=null,label=Bluetooth,secondaryLabel=,contentDescription=Bluetooth,stateDescription=null,dualLabelContentDescription=null,expandedAccessibilityClassName=null,disabledByPolicy=false,dualTarget=true,isTransient=false,handlesSecondaryClick=false,state=1,sideViewCustomDrawable=null,tileClassName=null,value=false,forceExpandIcon=false]
03-12 22:09:11.341  4205  4205 I SubLauncher:SubLauncherClockPositionController@72316410: isThickFontType() fontType=0
03-12 22:09:11.342  4205  4362 D DeviceState: isESIM() :0 : false
03-12 22:09:11.342  4205  4205 E AbsSettings: refreshInner: refreshedSettingsDBItem key profile_id val = 1124882606
03-12 22:09:11.342  4205  4205 E AbsSettings: refreshInner: refreshedSettingsDBItem key profile_id val = 1124882606
03-12 22:09:11.342  4205  4205 E AbsSettings: refreshInner: refreshedSettingsDBItem key profile_id val = 1124882606
03-12 22:09:11.342  4205  4205 I SubLauncher:SubLauncherAClockPositionDataRepositoryImpl@13878558: getPositionArea() Point(53, 117)
03-12 22:09:11.342  4205  4205 I SubScreenPositionControllerImpl[SUB_CLOCK_AOD]: initPosition: mRange = Rect(-27, -59 - 27, 59), mParams = ViewPositionParams {name = SUB_CLOCK_AOD, width = 53, height = 117, left = 0, top = 0, right = 0, bottom = 0, offset = Point(0, 0), interval = 10, gravity = 17, high = false, baseScreenSizeRate = 1.0, initialBottomMargin = 0}
03-12 22:09:11.342  4205  4205 I SubLauncher:SubLauncherAClockPositionDataRepositoryImpl@13878558: getDozePositionOffset() translation = Point(0, 0), offset = Point(0, 0), scale = 1.0
03-12 22:09:11.342  4205  4205 I SubLauncher:SubLauncherClockPositionController@72316410: init position with 1, isThick=false, scale=1.0, targetScale=1.0
03-12 22:09:11.342  4205  4205 I ModuleClockPositionController[1]: getClockPositionInfo : ClockPositionInfo: id = , x = 265.0, y = 130.0, width = 217, height = 332, type = 2, editable = true, targetView = android.widget.LinearLayout{1069ff3 V.E...... ......ID 0,0-217,332 #7f0a1ff1 app:id/common_time_date_container}
03-12 22:09:11.342  4205  4205 I ModuleClockView_SUB_LAUNCHER_1@80: setScaleClock: 1.0
03-12 22:09:11.342  4205  4205 I ModuleClockPositionController[1]: updatePositionData: set value to ModuleClockPositionData(clockType=1, clockGravity=0, clockTopMargin=0, clockHorizontalMargin=0, clockScale=1.0, clockMaxWidth=680)
03-12 22:09:11.342  4205  4205 I SubLauncher:SubLauncherStateManager@232606011: setClockDozeAmountAnim: aod.NT0@473b953 -> aod.NT0@77b3410
03-12 22:09:11.342  4205  4205 I SubScreenPositionControllerImpl[SUB_STATUS_BAR_NOTI]: initPosition: mRange = Rect(0, -11 - 22, 11), mParams = ViewPositionParams {name = SUB_STATUS_BAR_NOTI, width = 21, height = 21, left = 0, top = 0, right = 0, bottom = 0, offset = Point(0, 0), interval = 10, gravity = 8388627, high = false, baseScreenSizeRate = 1.0, initialBottomMargin = 0}
03-12 22:09:11.342  4205  4205 I SubScreenPositionControllerImpl[SUB_STATUS_BAR_BATTERY]: initPosition: mRange = Rect(-22, -11 - 0, 11), mParams = ViewPositionParams {name = SUB_STATUS_BAR_BATTERY, width = 21, height = 21, left = 0, top = 0, right = 0, bottom = 0, offset = Point(0, 0), interval = 10, gravity = 8388629, high = false, baseScreenSizeRate = 1.0, initialBottomMargin = 0}
03-12 22:09:11.342  4205  4205 I SubScreenPositionControllerImpl[SUB_CLOCK_AOD]: initPosition: mRange = Rect(-27, -59 - 27, 59), mParams = ViewPositionParams {name = SUB_CLOCK_AOD, width = 53, height = 117, left = 0, top = 0, right = 0, bottom = 0, offset = Point(0, 0), interval = 10, gravity = 17, high = false, baseScreenSizeRate = 1.0, initialBottomMargin = 0}
03-12 22:09:11.342  4205  4205 I SubScreenPositionControllerImpl[SUB_CLOCK_AOD]: setAODFinalPosition() mAODFinalPosition = [15,22], offset[Point(0, 0)]
03-12 22:09:11.342  4205  4205 I SubScreenPositionControllerImpl[SUB_CLOCK_AOD]: updatePosition: first update mCurPoint = Point(15, 22), mRange = Rect(-27, -59 - 27, 59), count = 1, interval = 10
03-12 22:09:11.342  4205  4205 I SubScreenPositionControllerImpl[SUB_CLOCK_AOD]: getRandomFinalPosition() [15,22]
03-12 22:09:11.342  4205  4205 I SubLauncher:SubLauncherStateManager@232606011: setClockDozePosition: Point(-25, 40) -> Point(15, 22)
03-12 22:09:11.342  4205  4205 I SubScreenPositionControllerImpl[SUB_STATUS_BAR_NOTI]: initPosition: mRange = Rect(0, -11 - 22, 11), mParams = ViewPositionParams {name = SUB_STATUS_BAR_NOTI, width = 21, height = 21, left = 0, top = 0, right = 0, bottom = 0, offset = Point(0, 0), interval = 10, gravity = 8388627, high = false, baseScreenSizeRate = 1.0, initialBottomMargin = 0}
03-12 22:09:11.342  4205  4205 I SubScreenPositionControllerImpl[SUB_STATUS_BAR_NOTI]: setAODFinalPosition() mAODFinalPosition = [2,-2], offset[Point(0, 0)]
03-12 22:09:11.342  4205  4205 I SubScreenPositionControllerImpl[SUB_STATUS_BAR_NOTI]: updatePosition: first update mCurPoint = Point(2, -2), mRange = Rect(0, -11 - 22, 11), count = 1, interval = 10
03-12 22:09:11.342  4205  4205 I SubScreenPositionControllerImpl[SUB_STATUS_BAR_BATTERY]: initPosition: mRange = Rect(-22, -11 - 0, 11), mParams = ViewPositionParams {name = SUB_STATUS_BAR_BATTERY, width = 21, height = 21, left = 0, top = 0, right = 0, bottom = 0, offset = Point(0, 0), interval = 10, gravity = 8388629, high = false, baseScreenSizeRate = 1.0, initialBottomMargin = 0}
03-12 22:09:11.342  4205  4205 I SubScreenPositionControllerImpl[SUB_STATUS_BAR_BATTERY]: setAODFinalPosition() mAODFinalPosition = [-14,-9], offset[Point(0, 0)]
03-12 22:09:11.342  4205  4205 I SubScreenPositionControllerImpl[SUB_STATUS_BAR_BATTERY]: updatePosition: first update mCurPoint = Point(-14, -9), mRange = Rect(-22, -11 - 0, 11), count = 1, interval = 10
03-12 22:09:11.342  4205  4205 I SubScreenPositionControllerImpl[SUB_STATUS_BAR_NOTI]: getRandomFinalPosition() [2,-2]
03-12 22:09:11.342  4205  4205 I SubScreenPositionControllerImpl[SUB_STATUS_BAR_BATTERY]: setFinalPositionY(-2) Point(-14, -9) -> Point(-14, -2)
03-12 22:09:11.342  4205  4205 I SubScreenPositionControllerImpl[SUB_STATUS_BAR_NOTI]: getRandomFinalPosition() [2,-2]
03-12 22:09:11.342  4205  4362 D DeviceState: isEuicc() :1 : true
03-12 22:09:11.343  4205  4205 I SubLauncher:SubLauncherStateManager@232606011: setNIODozePosition: Point(10, -4) -> Point(2, -2)
03-12 22:09:11.343  4205  4362 D Tile.AirplaneModeTile:  handleUpdateState mIsWiFiOnlyDevice false isNoSimState true isPowerOffServiceState true mSetting.getValue() 0 isSatelliteModeOn false isChinaDevice false
03-12 22:09:11.343  4205  4205 I SubScreenPositionControllerImpl[SUB_STATUS_BAR_BATTERY]: getRandomFinalPosition() [-14,-2]
03-12 22:09:11.343  4205  4205 I SubLauncher:SubLauncherStateManager@232606011: setBatteryDozePosition: Point(-19, -4) -> Point(-14, -2)
03-12 22:09:11.343  4205  4362 D Tile.AirplaneModeTile:  handleUpdateState:  value = false, state = 1
03-12 22:09:11.343  4205  4205 I SubLauncher:GetClockMovableAreaUseCase@58390511: MovableArea: SkRegion((34,72,714,431)(34,431,621,552)), from=left: Rect(0, 0 - 34, 720), top: Rect(0, 0 - 748, 72), right: Rect(714, 0 - 748, 720), bottom: Rect(0, 552 - 748, 720), shortcut: Rect(621, 431 - 748, 720), nowBar: Rect(0, 552 - 748, 720), 
03-12 22:09:11.343  4205  4205 I SubLauncher:SubLauncherClock@211923914: initMovableArea: SkRegion((34,72,714,431)(34,431,621,552)), rootSize=SubScreenSize(width=748, height=720, widthF=748.0, heightF=720.0, halfWidth=374.0, halfHeight=360.0, cornerRadius=20), isFlexMode=false, isWidgetEnabled=false, isInformative=false, isNowBarVisible=true, nowBarPosition=Point(4, -7)
03-12 22:09:11.343  4205  4205 I SubLauncher:SubLauncherFrontScrim@3963240: isFolderClosed it=true, displayState=1
03-12 22:09:11.343  4205  4205 I SubLauncher:SubLauncherStateManager@232606011: setFrontScrimAnimState: 0 -> 1
03-12 22:09:11.343  4205  4205 I SubLauncher:SubLauncherWidget@32662509: dispatchWidgetListening: true
03-12 22:09:11.343  4205  4205 D CoverWidgetDataControllerImpl: startAppWidgetListening tiletype=0
03-12 22:09:11.343  2022  2124 I HYPER-HAL: [RequestManager.cpp]acquire(): Acquired ID : 28164239  [2025 / 5479]    HINT :      list : [TID_LOW_LATENCY / 1] [TID / 4392] [TID / 4393] [TID / 4205] [TID / 4394] 
03-12 22:09:11.343  3003  6500 I AppWidgetServiceImpl: startListening() 
03-12 22:09:11.343  3003  6500 I AppWidgetServiceImpl: startListening callbacks : com.android.internal.appwidget.IAppWidgetHost$Stub$Proxy@ea57f68 intervalEnsure:194951909 intervalHostLock:194951909 LhostId:HostId{user:0, app:10053, hostId:1911, pkg:com.android.systemui}
03-12 22:09:11.343  3003  6500 I AppWidgetServiceImpl: startListening() finish
03-12 22:09:11.343  4205  4205 I AppWidgetHost: updateAppWidgetView, appWidgetId = 4, v = aod.Dt{50e0153 V.E...... R.....ID 0,0-318,280}
03-12 22:09:11.343  4205  4205 D GWT:HostView: [aodservice] updateAppWidget: rv=android.widget.RemoteViews@566301a, width=318 height=280
03-12 22:09:11.344  4205  4362 D Tile.MobileDataTile: handleUpdateState : state false
03-12 22:09:11.344  4205  4362 E SecQSPanelResourcePickHelper: need to prepare suitable picker for COVER
03-12 22:09:11.344  3003  4923 D HintManagerService: SystemUI make new AppHintSession but force pause
03-12 22:09:11.344  4205  4362 E SecQSPanelResourcePickHelper: need to prepare suitable picker for COVER
03-12 22:09:11.344  4205  4205 D SecTabletHorizontalPanelPositionHelper: foldState: UNFOLD -> FOLD
03-12 22:09:11.344  4205  4205 D SecTabletHorizontalPanelPositionHelper: setHorizontalPanelTranslation(0.0), force : true
03-12 22:09:11.344  4205  4205 E SecQSPanelResourcePickHelper: need to prepare suitable picker for COVER
03-12 22:09:11.344  4205  4205 I LockscreenNotificationIconsOnlyController: onNotificationInfoUpdated 0
03-12 22:09:11.345  4205  4362 D Tile.DndTile: handleUpdateState zen 0  state = QSTile$BooleanState[spec=Dnd,icon=ResourceIcon[resId=0x7f080f7d],nextIcon=null,iconSupplier=null,label=Do not disturb,secondaryLabel=null,contentDescription=null,stateDescription=null,dualLabelContentDescription=null,expandedAccessibilityClassName=null,disabledByPolicy=false,dualTarget=true,isTransient=false,handlesSecondaryClick=false,state=1,sideViewCustomDrawable=null,tileClassName=null,value=false,forceExpandIcon=false]
03-12 22:09:11.345  4205  4205 I AODNotificationManager: subLauncherUpdateNotification() 
03-12 22:09:11.345  2022  2124 I HYPER-HAL: [RequestManager.cpp]acquire(): Acquired ID : 28164239  [2025 / 5479]    HINT :      list : [TID_LOW_LATENCY / 0] [TID / 4392] [TID / 4393] [TID / 4205] [TID / 4394] 
03-12 22:09:11.345  4205  4205 D PluginAODManager: onNotificationInfoUpdated() 0
03-12 22:09:11.345  4205  4205 I AODNotificationManager: updateVisibleNotifications: 0
03-12 22:09:11.345  4205  4205 D KeyguardTouchAnimator: screenPowerState it=SCREEN_OFF dozeUiState=false
03-12 22:09:11.345  4205  5143 I DymLock|LockContainerStore: do action : change_folder_state
03-12 22:09:11.345  4205  5143 I DymLock|BaseLockStateContainer: onLockContainerStoreChangeEvent action[folder_change_event]
03-12 22:09:11.345  4205  5143 W DymLock|BaseLockStateContainer: onLockContainerStoreChangeEvent : not dls state
03-12 22:09:11.346  2053  2958 I QC2V4l2Codec: [v4lhvcD_142] KPI_L1: release: ms=8
03-12 22:09:11.346  4205  4362 D Tile.MobileDataTile: handleUpdateState : state false
03-12 22:09:11.346  2053  2958 I QC2V4l2Codec: [v4lhvcD_142] KPI_L1: stop: ms=0
03-12 22:09:11.346  4205  4362 E SecQSPanelResourcePickHelper: need to prepare suitable picker for COVER
03-12 22:09:11.347  4205  4205 I Kumiho-Kumiho: getPackageName: com.samsung.android.app.routines
03-12 22:09:11.347  2053  2958 I QC2V4l2Codec: [v4lhvcD_142] KPI_L1: release: ms=0
03-12 22:09:11.347  4205  4205 I AppIconSolution: start to load, pkg=android, bg=192-192, dr=144-144, forDefault=true, density=0
03-12 22:09:11.347  4205  4362 E SecQSPanelResourcePickHelper: need to prepare suitable picker for COVER
03-12 22:09:11.347  4205  4205 I AppIconSolution: getIconScale, pkg=android, size=144, iconScale=IconScale[alpha=6, scale=0.72, isCrop=false]
03-12 22:09:11.347  4205  4205 I Kumiho-Kumiho: getPackageName: com.samsung.android.app.routines
03-12 22:09:11.347  4205  4205 I Kumiho-Kumiho: getPackageName: com.samsung.android.app.routines
03-12 22:09:11.347  4205  4362 D Tile.DndTile: handleUpdateState zen 0  state = QSTile$BooleanState[spec=Dnd,icon=ResourceIcon[resId=0x7f080f7d],nextIcon=null,iconSupplier=null,label=Do not disturb,secondaryLabel=null,contentDescription=null,stateDescription=null,dualLabelContentDescription=null,expandedAccessibilityClassName=null,disabledByPolicy=false,dualTarget=true,isTransient=false,handlesSecondaryClick=false,state=1,sideViewCustomDrawable=null,tileClassName=null,value=false,forceExpandIcon=false]
03-12 22:09:11.347  4205  4205 I AppIconSolution: default container[Contain], pkg=android, bg=184-184, dr=144-144, isNight = true
03-12 22:09:11.348  2053  2958 D BufferPoolAccessor2.0: Destruction - bufferpool2 0xb400006f37a57d18 cached: 0/0M, 0/0% in use; allocs: 14, 0% recycled; transfers: 0, 0% unfetched
03-12 22:09:11.349  2053  2958 I QC2Comp : [hvcD_142] NOTE: Release returning: 0 (OK=0)
03-12 22:09:11.350  2053  2958 I QC2Comp : [hvcD_142] KPI_L1: release: ms=18
03-12 22:09:11.350  2053  2958 I FRCFilterPlugin: release entry
03-12 22:09:11.350  2053  2958 I FRCFilterPlugin: shutDownMpp entry
03-12 22:09:11.350  2053  2958 I FRCFilterPlugin: shutDownMpp exit
03-12 22:09:11.350  2053  2958 I FRCFilterPlugin: cleanUpResources entry
03-12 22:09:11.350  2053  2958 I FRCFilterPlugin: cleanUpResources exit
03-12 22:09:11.350  2053  2958 I FRCFilterPlugin: release exit
03-12 22:09:11.350  4360 16212 I CCodec  : [c2.qti.hevc.decoder] state->set(RELEASED)
03-12 22:09:11.351  4360 16159 I Codec2Client: Component destructing
03-12 22:09:11.351  4205  4205 I AppIconSolution: return adaptive icon for com.android.systemui, isNight = true
03-12 22:09:11.351  4360 16159 I hw-BpHwBinder: onLastStrongRef automatically unlinking death recipients
03-12 22:09:11.351  2053  2958 I hw-BpHwBinder: onLastStrongRef automatically unlinking death recipients
03-12 22:09:11.351  2053  2958 I vendor.qti.media.c2@1.0-service: HDRToneMappingFilter DTOR
03-12 22:09:11.351  2053  2958 I vendor.qti.media.c2@1.0-service: AIFRCFilter DTOR
03-12 22:09:11.351  2053  2958 I QC2CompStore: Deleting component(c2.qti.hevc.decoder) id(142)
03-12 22:09:11.351  4360 16158 I MediaCodec: Codec shutdown complete
03-12 22:09:11.351  2496  1167 I ResourceManagerService: removeResourceInfo pid 4360, removed 2851200 (width 1080 height 2640), remained hw codec count 0
03-12 22:09:11.351  2053  2958 I QC2CompStore: removeIdFromList remove Id[142] from list
03-12 22:09:11.352  2053  2958 I StatsHandler: [hvcD_142] Stats: Pending(0) i/p-done(0) Works: Q: 2/Done 3|Work-Rate: Q(15.8/s Avg=15.8/s) Done(23.745/s Avg=23.745/s)| Stream: 30.00fps 0.0Kbps
03-12 22:09:11.352  2053  2958 I StatsHandler: [hvcD_142] Mem-usage:  [In-1D: 2 bufs 16.000 MB] [1D-1213: 14 bufs 0.219 MB] [2D-1214: 13 bufs 76.426 MB] | Total: 92.645 MB
03-12 22:09:11.352  2053  2958 I QC2Comp : [c2.qti.hevc.decoder] KPI_L1: Total component latency: ms=126
03-12 22:09:11.352  6380  6380 I SemMediaResourceHelper: onRemove
03-12 22:09:11.352  4360  4776 I CCodecBufferChannel: CCodecBufferChannel destructing c2.qti.hevc.decoder#96
03-12 22:09:11.353  4360 16158 I CCodec  : state->set(ALLOCATING)
03-12 22:09:11.353  4360 16159 I CCodec  : allocate(c2.qti.hevc.decoder)
03-12 22:09:11.354  4360 16159 I CCodec  : setting up 'default' as default (vendor) store
03-12 22:09:11.354  2053  2958 I QC2CompStore: addIdToList add Id[143] to list
03-12 22:09:11.354  4205  4205 I AppIconSolution: return adaptive icon for com.google.android.googlequicksearchbox, isNight = true
03-12 22:09:11.355  2053  2958 I vendor.qti.media.c2@1.0-service: missing struct descriptor #Param::CoreIndex(--002) for field mastering of struct #Param::CoreIndex(--180a)
03-12 22:09:11.355  2053  2958 I vendor.qti.media.c2@1.0-service: missing struct descriptor #Param::CoreIndex(-V8002) for field portConfigs of struct #Param::CoreIndex(FV19100)
03-12 22:09:11.355  2053  2958 I vendor.qti.media.c2@1.0-service: missing struct descriptor #Param::CoreIndex(-V8002) for field portConfigs of struct #Param::CoreIndex(FV1a100)
03-12 22:09:11.355  2053  2958 I vendor.qti.media.c2@1.0-service: missing struct descriptor #Param::CoreIndex(-V8002) for field portConfigs of struct #Param::CoreIndex(FV19100)
03-12 22:09:11.355  2053  2958 I vendor.qti.media.c2@1.0-service: missing struct descriptor #Param::CoreIndex(-V8002) for field portConfigs of struct #Param::CoreIndex(FV1a100)
03-12 22:09:11.355  2053  2958 I QC2Comp : [cmphvcD_143] KPI_L1: init: ms=0
03-12 22:09:11.355  2053  2958 I QC2Comp : [c2.qti.hevc.decoder] KPI_L1: Create: ms=1
03-12 22:09:11.355  2053  2958 I QC2CompStore: Created component(c2.qti.hevc.decoder) id(143) sStore[0xb400006dc7a29970]
03-12 22:09:11.355  2053  2958 I vendor.qti.media.c2@1.0-service: missing struct descriptor #Param::CoreIndex(--002) for field mastering of struct #Param::CoreIndex(--180a)
03-12 22:09:11.355  2053  2958 I vendor.qti.media.c2@1.0-service: missing struct descriptor #Param::CoreIndex(--002) for field mastering of struct #Param::CoreIndex(--180a)
03-12 22:09:11.355  2053  2958 I vendor.qti.media.c2@1.0-service: VendorExternalAIFRCRequestSetter set to 0 0
03-12 22:09:11.355  2053  2958 I vendor.qti.media.c2@1.0-service: StrictValueWithNoDeps is called old.v.value is 2141391876 me.v.value is 2141391876
03-12 22:09:11.355  2053  2958 I vendor.qti.media.c2@1.0-service: StrictValueWithNoDeps is called old.v.value is 30 me.v.value is 30
03-12 22:09:11.355  2053  2958 I vendor.qti.media.c2@1.0-service: missing struct descriptor #Param::CoreIndex(--002) for field mastering of struct #Param::CoreIndex(--180a)
03-12 22:09:11.356  2053  2958 I vendor.qti.media.c2@1.0-service: missing struct descriptor #Param::CoreIndex(--002) for field mastering of struct #Param::CoreIndex(--180a)
03-12 22:09:11.356  2053  2958 I vendor.qti.media.c2@1.0-service: C2StreamVendorRenderEngineHDRToneMapRequestInfoset to 0
03-12 22:09:11.356  2053  2958 W QC2Interface: [hvcD_143] Failed to query parameters
03-12 22:09:11.356  2053  2958 I vendor.qti.media.c2@1.0-service: StrictValueWithNoDeps is called old.v.value is 2141391876 me.v.value is 0
03-12 22:09:11.356  2053  2958 I vendor.qti.media.c2@1.0-service: StrictValueWithNoDeps is called old.v.value is 30 me.v.value is 1
03-12 22:09:11.356  2053  2958 I vendor.qti.media.c2@1.0-service: [FRC-IsFilteringEnabled] entry
03-12 22:09:11.356  2053  2958 I vendor.qti.media.c2@1.0-service: [FRC-IsFilteringEnabled] frcReqInfo.value is 0
03-12 22:09:11.356  4360 16159 I CCodec  : Created component [c2.qti.hevc.decoder] for [c2.qti.hevc.decoder]
03-12 22:09:11.356  4360 16159 I CCodec  : [c2.qti.hevc.decoder] state->set(ALLOCATED)
03-12 22:09:11.356  2053 13496 W QC2Interface: [hvcD_143] Failed to query parameters
03-12 22:09:11.357  4205  4205 I AppIconSolution: return adaptive icon for com.sec.android.daemonapp, isNight = true
03-12 22:09:11.360  4205  4205 I AppIconSolution: return adaptive icon for com.android.vending, isNight = true
03-12 22:09:11.360  3003  4086 D NetdEventListenerService: DNS Requested by 110, 10364(com.adidas.app), 4(FAIL), isBlocked=true, 0ms
03-12 22:09:11.362  4205  4205 I AppIconSolution: return adaptive icon for com.samsung.android.app.smartcapture, isNight = true
03-12 22:09:11.363  2053  2420 W QC2Interface: [hvcD_143] Failed to query parameters
03-12 22:09:11.363  2053  2420 I vendor.qti.media.c2@1.0-service: StrictValueWithNoDeps is called old.v.value is 2141391876 me.v.value is 0
03-12 22:09:11.363  2053  2420 I vendor.qti.media.c2@1.0-service: [FRC-IsFilteringEnabled] entry
03-12 22:09:11.363  2053  2420 I vendor.qti.media.c2@1.0-service: [FRC-IsFilteringEnabled] frcReqInfo.value is 0
03-12 22:09:11.363  4360 16159 I CCodec  : [c2.qti.hevc.decoder] config->initialize() : 0
03-12 22:09:11.363  2053 13496 W QC2Interface: [hvcD_143] Failed to query parameters
03-12 22:09:11.363  4360 16159 I CCodecConfig: query failed after returning 18 values (BAD_INDEX)
03-12 22:09:11.364  4360 16159 W ColorUtils: expected specified color aspects (0:0:0:0)
03-12 22:09:11.364  4360 16159 I CCodec  : [c2.qti.hevc.decoder] config->queryConfiguration()
03-12 22:09:11.364  4360 16159 I CCodec  : [c2.qti.hevc.decoder] mCallback->onComponentAllocated() IN
03-12 22:09:11.364  4360 16159 I CCodec  : [c2.qti.hevc.decoder] mCallback->onComponentAllocated() OUT
03-12 22:09:11.364  4205  4205 I AppIconSolution: return adaptive icon for com.sygic.aura, isNight = true
03-12 22:09:11.365  4360 16158 I CCodec  : [c2.qti.hevc.decoder] state->set(RELEASING)
03-12 22:09:11.365  4360 16229 I CCodec  : [release][3409] surface -> component
03-12 22:09:11.365  2053  2420 W QC2PerfCtrlUtil: QC2PerfLock Empty resource value pair
03-12 22:09:11.365  2053  2420 W QC2Comp : [hvcD_143] Handling stop: Codec is already gone!
03-12 22:09:11.365  4360  4360 I SprWallpaper|FoldInteractive: resetFrame : completed=true, elapsed=156
03-12 22:09:11.365  4205  4205 D S.S.N.  : updateMainListArray allMap - size : 7, isEmpty: true
03-12 22:09:11.365  4205  4205 D S.S.N.  : updateMainListArray allMap - key : -1|android|32|null|1000, com.android.systemui.statusbar.notification.collection.NotificationEntry@ffd6831
03-12 22:09:11.365  4205  4205 D S.S.N.  : updateMainListArray allMap - key : -1|com.android.systemui|2131364006|charging_state|10053, com.android.systemui.statusbar.notification.collection.NotificationEntry@a265f04
03-12 22:09:11.365  4205  4205 D S.S.N.  : updateMainListArray allMap - key : 0|com.google.android.googlequicksearchbox|0|1391480565::a:snotification:[0x394,wx.f,NOTIFICATION]|10261, com.android.systemui.statusbar.notification.collection.NotificationEntry@5ec826b
03-12 22:09:11.365  4205  4205 D S.S.N.  : updateMainListArray allMap - key : 0|com.sec.android.daemonapp|5|null|10222, com.android.systemui.statusbar.notification.collection.NotificationEntry@bc8e7bd
03-12 22:09:11.365  4205  4205 D S.S.N.  : updateMainListArray allMap - key : 0|com.android.vending|0|0|com.android.vending|g:Aggregate_NormalNotificationSection|10260|0|com.android.vending|g:Aggregate_NormalNotificationSection, com.android.systemui.statusbar.notification.collection.NotificationEntry@9b253be
03-12 22:09:11.365  4205  4205 D S.S.N.  : updateMainListArray allMap child : 0|com.android.vending|-234430262|null|10260
03-12 22:09:11.365  4360  4360 I SprWallpaper|LayoutController_AnimalHeart: onFoldStateChanged: isFolded = true preload = true
03-12 22:09:11.365  4205  4205 I AppIconSolution: return adaptive icon for com.android.vending, isNight = true
03-12 22:09:11.366  4360  4360 I SprWallpaper|Physics: createNotchBox : 373.99997 , 668.7 - 392.69998 , 69.299995
03-12 22:09:11.366  4360  4360 I SprWallpaper|LayoutController_AnimalHeart: unfreezeLayout
03-12 22:09:11.366  2053  2420 I QC2Comp : [hvcD_143] NOTE: Release returning: 0 (OK=0)
03-12 22:09:11.366  4360  4360 I SprWallpaper|AnimationController: startAnimation : rsc_bear_52
03-12 22:09:11.366  4360  4360 I SprWallpaper|AnimationController: startAnimation : rsc_heart_07
03-12 22:09:11.366  4360  4360 I SprWallpaper|AnimationController: startAnimation : rsc_dog
03-12 22:09:11.366  4360  4360 I SprWallpaper|AnimationController: startAnimation : rsc_dog
03-12 22:09:11.366  4360  4360 I SprWallpaper|AnimationController: startAnimation : rsc_dog
03-12 22:09:11.366  4360  4360 I SprWallpaper|AnimationController: startAnimation : rsc_bear
03-12 22:09:11.366  4360  4360 I SprWallpaper|AnimationController: startAnimation : rsc_bear_30
03-12 22:09:11.366  4360  4360 I SprWallpaper|AnimationController: startAnimation : rsc_dog
03-12 22:09:11.366  2053  2420 I QC2Comp : [hvcD_143] KPI_L1: release: ms=0
03-12 22:09:11.366  4360  4360 I SprWallpaper|AnimationController: startAnimation : rsc_dog_54
03-12 22:09:11.366  2053  2420 I FRCFilterPlugin: release entry
03-12 22:09:11.366  4360  4360 I SprWallpaper|AnimationController: startAnimation : rsc_re_bear_52
03-12 22:09:11.366  2053  2420 I FRCFilterPlugin: shutDownMpp entry
03-12 22:09:11.366  2053  2420 I FRCFilterPlugin: shutDownMpp exit
03-12 22:09:11.366  2053  2420 I FRCFilterPlugin: cleanUpResources entry
03-12 22:09:11.366  2053  2420 I FRCFilterPlugin: cleanUpResources exit
03-12 22:09:11.366  4360  4360 I SprWallpaper|AnimationController: startAnimation : rsc_bear
03-12 22:09:11.366  2053  2420 I FRCFilterPlugin: release exit
03-12 22:09:11.366  4360 16229 I CCodec  : [c2.qti.hevc.decoder] state->set(RELEASED)
03-12 22:09:11.366  4360 16229 I Codec2Client: Component destructing
03-12 22:09:11.366  4205  4205 D S.S.N.  : updateMainListArray allMap child : 0|com.android.vending|-49572251|null|10260
03-12 22:09:11.366  4360 16229 I hw-BpHwBinder: onLastStrongRef automatically unlinking death recipients
03-12 22:09:11.366  4205  4205 I AppIconSolution: return adaptive icon for com.android.vending, isNight = true
03-12 22:09:11.366  4360  4360 I SprWallpaper|FoldInteractive: unregisterSensor: mIsSensorRegistered[false]
03-12 22:09:11.366  2053 13496 I hw-BpHwBinder: onLastStrongRef automatically unlinking death recipients
03-12 22:09:11.366  2053 13496 I QC2CompStore: Deleting component(c2.qti.hevc.decoder) id(143)
03-12 22:09:11.366  4360 16158 I MediaCodec: Codec shutdown complete
03-12 22:09:11.367  4360 16158 I CCodecBufferChannel: CCodecBufferChannel destructing c2.qti.hevc.decoder#336
03-12 22:09:11.367  4205  4205 D S.S.N.  : updateMainListArray allMap - key : 0|com.samsung.android.app.smartcapture|5755|null|10221, com.android.systemui.statusbar.notification.collection.NotificationEntry@1e3936a
03-12 22:09:11.367  4205  4205 D S.S.N.  : updateMainListArray allMap - key : 0|com.sygic.aura|0|null|10286, com.android.systemui.statusbar.notification.collection.NotificationEntry@97b2bc8
03-12 22:09:11.368  4205  4205 I SubLauncher:SubLauncherCapsuleView@123218506: Capsule onFoldClosed true
03-12 22:09:11.368  2053 13496 I QC2CompStore: removeIdFromList remove Id[143] from list
03-12 22:09:11.368  2053 13496 I QC2Comp : [c2.qti.hevc.decoder] KPI_L1: Total component latency: ms=13
03-12 22:09:11.368  4205  4205 I LayoutDataBinder: subLauncherAODFrontScrimAnimState : SUB_LAUNCHER_AOD_FRONT_SCRIM_BLACK
03-12 22:09:11.368  4205  4205 D SubLauncher:SubLauncherPageIndicatorPolicyView@76808005: setAvailable: true
03-12 22:09:11.368  2053 13496 I vendor.qti.media.c2@1.0-service: HDRToneMappingFilter DTOR
03-12 22:09:11.368  2053 13496 I vendor.qti.media.c2@1.0-service: AIFRCFilter DTOR
03-12 22:09:11.369  4205  4205 D NavBarStateManager: NavBarStates(0) canUseNavBarBackgroundFrame: false
03-12 22:09:11.369  2022  2124 I HYPER-HAL: [RequestManager.cpp]acquire(): Acquired ID : 28179252  [2025 / 5481]    HINT :      list : [TID_LOW_LATENCY / 1] [TID / 4392] [TID / 4393] [TID / 4205] [TID / 4394] 
03-12 22:09:11.370  3003  6500 D HintManagerService: SystemUI make new AppHintSession but force pause
03-12 22:09:11.370  4205  4205 D NavBarStateManager: NavBarStates(1) supportLargeCoverScreenNavBar: true
03-12 22:09:11.370  4205  4205 D NavBarView: disableBack=true (isBackDismissIme=false, handlingGestures=false, disabledFlagBack=true, isBottomGesture=false, isImeRenderingNavButtons=false)
03-12 22:09:11.370  4205  4205 D NavBarStateManager: NavBarStates(1) supportLargeCoverScreenNavBar: true
03-12 22:09:11.370  4205  4205 D Navbar.Store: handleEvent(0) OnUpdateSysUiStateFlag(noArguments=true) [Module] SamsungNavigationBarView
03-12 22:09:11.370  4205  4205 D Navbar.Store: --[Band]GESTURE_PACK_UPDATE_SYSTEMUI_STATE_FLAG
03-12 22:09:11.370  4205  4205 D Navbar.Store: --[Band] (afterAction) GESTURE_PACK_UPDATE_SYSTEMUI_STATE_FLAG
03-12 22:09:11.370  4205  4205 D NavBarStateManager: NavBarStates(1) supportLargeCoverScreenNavBar: true
03-12 22:09:11.370  4205  4205 D NavBarView: disableBack=true (isBackDismissIme=false, handlingGestures=false, disabledFlagBack=true, isBottomGesture=false, isImeRenderingNavButtons=false)
03-12 22:09:11.370  4205  4205 D NavBarStateManager: NavBarStates(1) supportLargeCoverScreenNavBar: true
03-12 22:09:11.370  4205  4205 D Navbar.Store: handleEvent(0) OnUpdateSysUiStateFlag(noArguments=true) [Module] SamsungNavigationBarView
03-12 22:09:11.370  4205  4205 D Navbar.Store: --[Band]GESTURE_PACK_UPDATE_SYSTEMUI_STATE_FLAG
03-12 22:09:11.370  4205  4205 D Navbar.Store: --[Band] (afterAction) GESTURE_PACK_UPDATE_SYSTEMUI_STATE_FLAG
03-12 22:09:11.370  4205  4205 D NavigationModeController: getCurrentInteractionMode: mode=0 contextUser=0
03-12 22:09:11.370  4205  4205 D Navbar.Store: handleEvent(1) OnNavBarAttachedToWindow(navigationBarView=com.android.systemui.navigationbar.views.SamsungNavigationBarView{c39adc1 G.E...... ......ID 0,0-0,0 #7f0a0847 app:id/navigation_bar_view}, navbarTransitions=com.android.systemui.navigationbar.views.NavigationBarTransitions@bc5f966) [Module] SamsungNavigationBarView
03-12 22:09:11.370  4205  4205 D Navbar.Store: --[Band]STABLE_LAYOUT_PACK_NAVBAR_ATTACHED_TO_WINDOW
03-12 22:09:11.370  4205  4205 D Navbar.Store: ----apply(1) NavBarStoreAction$ReinflateNavBar
03-12 22:09:11.370  4205  4205 D Navbar.Store: ----handleEvent(1) GetInflateLayoutID(vertical=false) [Module] SamsungNavigationBarInflaterView
03-12 22:09:11.370  4205  4205 D Navbar.Store: ------[Band]STABLE_LAYOUT_PACK_GET_INFLATE_LAYOUT_ID
03-12 22:09:11.370  4205  4205 D NavBarStateManager: NavBarStates(1) getLayoutID(vertical: false): 2131559285
03-12 22:09:11.370  4205  4205 D Navbar.Store: ----handleEvent(1) value= 2131559285
03-12 22:09:11.370  4205  4205 D Navbar.Store: ----handleEvent(1) GetInflateLayoutID(vertical=true) [Module] SamsungNavigationBarInflaterView
03-12 22:09:11.370  4205  4205 D Navbar.Store: ------[Band]STABLE_LAYOUT_PACK_GET_INFLATE_LAYOUT_ID
03-12 22:09:11.370  4205  4205 D NavBarStateManager: NavBarStates(1) getLayoutID(vertical: true): 2131559287
03-12 22:09:11.370  4205  4205 D Navbar.Store: ----handleEvent(1) value= 2131559287
03-12 22:09:11.370  4205  4205 D Navbar.Store: ----handleEvent(1) GetDefaultLayout(noArguments=true) [Module] SamsungNavigationBarInflaterView
03-12 22:09:11.370  4205  4205 D Navbar.Store: ------[Band]STABLE_LAYOUT_PACK_GET_DEFAULT_LAYOUT
03-12 22:09:11.370  4205  4205 D NavBarStateManager: NavBarStates(1) getDefaultLayout: space,home,gap,back,space;;
03-12 22:09:11.370  4205  4205 D Navbar.Store: ----handleEvent(1) value= space,home,gap,back,space;;
