03-12 21:55:43.496  4205  4205 D Navbar.NavigationBar: onInit() Cover navbar hidden: sync option is off
03-12 21:55:43.496  4205  4205 D NavBarStateManager: NavBarStates(1) isNavBarHiddenByKnox: false
03-12 21:55:43.496  2496  1219 I ResourceManagerService: getMediaResourceInfo (PID : 4360, clientID : -5476376666658862480, non-secure-codec/hw-video-codec:[]:1, 1080x2640 (fps:120) - sw codec : no, encoder : no componentName = c2.qti.hevc.decoder bitrate = 17000000)
03-12 21:55:43.496  3003  3067 D VibratorManagerService: onTableModeChanged. isTableMode=false
03-12 21:55:43.496  2496  1219 W ResourceManagerServiceUtils: Ignoring request to add new resource entry with value <= 0
03-12 21:55:43.496  4205  4205 D NavBarStateManager: NavBarStates(0) canShowKeyboardButtonForRotation(0): true
03-12 21:55:43.496  3003  3067 D PowerManagerService: [api] goToSleep (uid: 1000 pid: 3003) eventTime = 35624181
03-12 21:55:43.496  3003  3067 W PowerManagerService: !@Screen__Off(d) - 174 :  goToSleep:  (uid: 1000 pid: 3003) (device_folded) groupId=0
03-12 21:55:43.496  6380  6380 I SemMediaResourceHelper: onAdd
03-12 21:55:43.497  4205  4205 D NavBarStateManager: NavBarStates(1) supportLargeCoverScreenNavBar: true
03-12 21:55:43.497  4205  4205 D NavBarStateManager: NavBarStates(0) canShowKeyboardButtonForRotation(0): true
03-12 21:55:43.497  3003  3067 I PowerGroup: Powering off display group due to device_folded (groupId= 0, uid= 1000, millisSinceLastUserActivity=49, lastUserActivityEvent=deviceState)...
03-12 21:55:43.497  3003  3067 D InputManager-JNI: setInteractiveForInternalDisplay(false)
03-12 21:55:43.497  2105  2105 D SurfaceFlinger: Display 4630946564756762243 HWC layers:
03-12 21:55:43.497  2105  2105 D SurfaceFlinger:   SOLID_COLOR |                        0 | 00000000 | N/A          |    0.0    0.0    0.0    0.0 |    0    0 1080 2640 | ColorFade_d0#14948 (0)
03-12 21:55:43.497  2105  2105 D SurfaceFlinger: 
03-12 21:55:43.497  2105  2858 D SurfaceFlinger: [input] setFocusedWindow: <null>
03-12 21:55:43.497  3003  3067 D InputManager-JNI: setInteractive(false)
03-12 21:55:43.498  3003  4598 D InputDispatcher: Once focus requested (0): <null>
03-12 21:55:43.498  3003  4598 D InputDispatcher: Focus request (0): <null> but waiting because NO_WINDOW
03-12 21:55:43.498  3003  4598 D InputDispatcher: Focus left window (0): ca0ff7f com.squareup.cash/com.squareup.cash.ui.MainActivity
03-12 21:55:43.498  3003  3067 I PowerManagerService: Going to sleep due to device_folded (uid 1000, screenOffTimeout=600000, activityTimeoutWM=-1, maxDimRatio=0.333, maxDimDur=20000)...
03-12 21:55:43.498  2053 24047 I QC2CompStore: Setting heap usage to system
03-12 21:55:43.498  3003  3067 D PowerManagerService: displayReady: false groupId=0
03-12 21:55:43.498  3003  3067 D PowerManagerService: Setting HAL interactive mode to false
03-12 21:55:43.498  3003  3130 D DisplayPowerController[0]: animateScreenStateChange: target=OFF, mIsEnabled=true
03-12 21:55:43.498  4205  4205 D NavBarStateManager: NavBarStates(1) supportLargeCoverScreenNavBar: true
03-12 21:55:43.498  3003  3130 I DisplayPowerController[0]: BrightnessEvent: brt=0.054901958 (41.0%), nits= 12.47, lux=3.0, reason=automatic, strat=AutomaticBrightnessStrategy, state=ON, stateReason=DEFAULT_POLICY, policy=OFF, flags=, initBrt=0.054901958, rcmdBrt=0.054901958, preBrt=NaN, preLux=NaN, wasShortTermModelActive=false, autoBrightness=true (default), unclampedBrt=0.054901958, hbmMax=1.0, hbmMode=off, thrmMax=1.0, rbcStrength=-1, powerFactor=1.0, physDisp=Built-in Screen(local:4630946564756762243), logicalId=0, slowChange=false, rampSpeed=0.0
03-12 21:55:43.498  4205  4205 D NavBarStateManager: NavBarStates(0) canShowKeyboardButtonForRotation(1): true
03-12 21:55:43.498  3003  3130 D DisplayPowerController[1]: animateScreenStateChange: target=OFF, mIsEnabled=false
03-12 21:55:43.498  2022  2124 I HYPER-HAL: [RequestManager.cpp]releaseLocked(): Released ID : 20540874
03-12 21:55:43.498  3003  3130 I DisplayPowerController[1]: BrightnessEvent: brt=0.0 (0.0%), nits= 1.0, lux=-1.0, reason=screen_off, strat=ScreenOffBrightnessStrategy, state=OFF, stateReason=DEFAULT_POLICY, policy=OFF, flags=, initBrt=0.0, rcmdBrt=NaN, preBrt=NaN, preLux=0.0, wasShortTermModelActive=false, autoBrightness=true (default), unclampedBrt=0.0, hbmMax=1.0, hbmMode=off, thrmMax=1.0, rbcStrength=-1, powerFactor=1.0, physDisp=Built-in Screen(local:4630946638498144900), logicalId=1, slowChange=false, rampSpeed=0.0
03-12 21:55:43.499  3003  3681 V InputMethodManagerService: IME window vis: 0 active: 0 visible: 0 displayId: 0
03-12 21:55:43.499  3003  3681 D InputMethodManagerService: isImeSwitcherDisabledPackage : false
03-12 21:55:43.499 23505 23505 I ImeFocusController: onPreWindowFocus: skipped hasWindowFocus=false mHasImeFocus=true
03-12 21:55:43.499  4205  4205 D NavBarStateManager: NavBarStates(1) supportLargeCoverScreenNavBar: true
03-12 21:55:43.499  3003  3067 D RestrictionPolicy: isScreenCaptureEnabled : ret=true userId=0
03-12 21:55:43.499  4205  4205 D NavBarStateManager: NavBarStates(0) canShowKeyboardButtonForRotation(2): true
03-12 21:55:43.499  3003  3067 D RestrictionPolicy: isScreenCaptureEnabled : ret=true userId=0
03-12 21:55:43.499  3003  3681 W InputMethodManagerService: callbackImeWindowStatus: skipped topFocusedDisplayId=1, curTokenDisplayId=0
03-12 21:55:43.499  3003  3067 D ScreenCapture: [Capture_TEST] : setIsScreenShotBySystem true
03-12 21:55:43.499  3003  3681 V InputMethodManagerService: applyImeVisibility state=4
03-12 21:55:43.499  3003  3067 I SurfaceComposerClient: captureLayers:childrenOnly:1, sync:1
03-12 21:55:43.499  3003  3915 D PocketModeEvent: LID state : 1
03-12 21:55:43.500 23505 23505 I ImeFocusController: onPostWindowFocus: skipped hasWindowFocus=false mHasImeFocus=true
03-12 21:55:43.500  3003  3003 I PhoneWindowManager: Started going to sleep... (groupId=0 why=OFF_BECAUSE_OF_FOLD)
03-12 21:55:43.500  4205  4205 D NavBarStateManager: NavBarStates(1) supportLargeCoverScreenNavBar: true
03-12 21:55:43.500  3003  3951 D GnssLocationProvider_ex: onLidStateChanged 1
03-12 21:55:43.500  4205  4240 I KeyguardService: onStartedGoingToSleep pmSleepReason=13
03-12 21:55:43.500  3003  3951 D GnssLocationProvider_ex: sendLidState 3
03-12 21:55:43.500  4205  4205 D NavBarStateManager: NavBarStates(0) canShowKeyboardButtonForRotation(3): true
03-12 21:55:43.501  5490  5568 I LidStateListener_FLP: onLidStateChanged, whenNanos=35624128446000, lidState=1
03-12 21:55:43.501  2105  2324 I SurfaceFlinger: Capture layer list: 	 com.squareup.cash/com.squareup.cash.ui.MainActivity$_23505#14941(seamlessTransition:0)
03-12 21:55:43.501  2105  2324 I SurfaceFlinger: Capture layer list: 	 InputMethod$_15873#14946(seamlessTransition:0)
03-12 21:55:43.501  4205  4205 D NavBarStateManager: NavBarStates(1) supportLargeCoverScreenNavBar: true
03-12 21:55:43.501  4205  4205 I WindowManager: WindowManagerGlobal#addView, ty=2019, view=com.android.systemui.navigationbar.views.NavigationBarFrame{46bbd35 V.E...... ......I. 0,0-0,0 #7f0a083f app:id/navigation_bar_frame}, caller=android.view.WindowManagerImpl.addView:158 com.android.systemui.navigationbar.views.NavigationBar.onInit:238 com.android.systemui.util.ViewController.init:6 
03-12 21:55:43.501  2105  2342 D RenderEngine: [SEC_SF_EFFECTS] drawLayersInternal,1483, Rendering layer ScreenCaptureFillLayer at index 0
03-12 21:55:43.501  2105  2342 D RenderEngine: [SEC_SF_EFFECTS] drawLayersInternal,1483, Rendering layer com.squareup.cash/com.squareup.cash.ui.MainActivity$_23505#14941 at index 1
03-12 21:55:43.501  2105  2342 D RenderEngine: [SEC_SF_EFFECTS] drawLayersInternal,1483, Rendering layer InputMethod$_15873#14946 at index 2
03-12 21:55:43.502  4205  4205 I ViewRootImpl: dVRR is disabled
03-12 21:55:43.502  4360 24033 I MediaCodec: setCodecState state(0), called in 6, domain 1, 1
03-12 21:55:43.502  4205  4394 D NativeCustomFrequencyManager: [NativeCFMS] BpCustomFrequencyManager::BpCustomFrequencyManager()
03-12 21:55:43.502  2007  2007 I sensors-hal: activate:300, com.samsung.sensor.pocket_mode/1692 en=0
03-12 21:55:43.502  2007  2007 I sensors-hal: send_sync_sensor_request:508, send sync request
03-12 21:55:43.502  2007  2007 I sensors-hal: send_sync_sensor_request:518, send_sync_sensor_request before send_request for pocket_mode with SUID low=11039279336981156932 high=1340270623893619472
03-12 21:55:43.502  2007  2007 I sensors-hal: send_sync_sensor_request:537, wait for notification of response
03-12 21:55:43.502  2007  3645 I sensors-hal: qsh_conn_resp_cb:930, resp_value = 0 for pocket_mode 
03-12 21:55:43.503  2007  2007 I sensors-hal: send_sync_sensor_request:543, takes 0 ms to receive the response with 0
03-12 21:55:43.503  2007  2007 I sensors-hal: activate:330, com.samsung.sensor.pocket_mode/1692 en=0 completed
03-12 21:55:43.503  3003  3915 D SensorManager: unregisterListener :: com.samsung.android.gesture.PocketProximityManager$2@728726e
03-12 21:55:43.503  3003  3915 E PocketProximityManager: unregister pocket sensor
03-12 21:55:43.503  2007  2007 I sensors-hal: set_config:64, no need to adjust sample_period_ns due to reporting_mode = 2
03-12 21:55:43.503  2007  2007 I sensors-hal: batch:363, com.samsung.sensor.pocket_mode/1692, period=200000000, max_latency=0 request completed
03-12 21:55:43.503  2007  2007 I sensors-hal: activate:300, com.samsung.sensor.pocket_mode/1692 en=1
03-12 21:55:43.504  2007  2007 I sensors-hal: acquire_qsh_interface:139, acquire_qsh_interface with sensor_id 4 , conn_type 1 
03-12 21:55:43.504  2007  2007 I sensors-hal: acquire_qsh_interface:142, returning _shared_instance[SHARED_ON_CHANGE_WAKEUP].conn - wakeup 
03-12 21:55:43.504  2007  2007 I sensors-hal: acquire_shared_instance:173, re-use existing connection for type 1 
03-12 21:55:43.504  2007  2007 I sensors-hal: register_cb:304, suid(low=11039279336981156932,high=1340270623893619472) is new. register callbacks
03-12 21:55:43.504  2007  2007 I sensors-hal: send_sensor_config_request:645, dt=pocket_mode: convert sample_period=200000000 to batch_period=200000
03-12 21:55:43.504  2007  2007 I sensors-hal: send_sync_sensor_request:508, send sync request
03-12 21:55:43.504  2007  2007 I sensors-hal: send_sync_sensor_request:518, send_sync_sensor_request before send_request for pocket_mode with SUID low=11039279336981156932 high=1340270623893619472
03-12 21:55:43.504  2007  2007 I sensors-hal: send_sync_sensor_request:537, wait for notification of response
03-12 21:55:43.504  2007  3645 I sensors-hal: qsh_conn_resp_cb:930, resp_value = 0 for pocket_mode 
03-12 21:55:43.504  2007  2007 I sensors-hal: send_sync_sensor_request:543, takes 0 ms to receive the response with 0
03-12 21:55:43.504  2007  2007 I sensors-hal: activate:330, com.samsung.sensor.pocket_mode/1692 en=1 completed
03-12 21:55:43.504  4205  4240 D FactoryTest: checkAutomationTestOption() : option=0
03-12 21:55:43.504  4205  4240 D FactoryTest: checkAutomationTestOption() : mode_screenlock=0
03-12 21:55:43.504  3003  3915 D SensorManager: registerListener :: 1692, Pocket mode  Wakeup, 200000, 0, com.samsung.android.gesture.PocketProximityManager$2@728726e
03-12 21:55:43.504  3003  3915 E PocketProximityManager: register pocket sensor
03-12 21:55:43.504  3003  3915 D PocketModeEvent: MSG_TYPE_REGISTER_POCKET_POSITION_SENSOR
03-12 21:55:43.504  3003  3067 D RestrictionPolicy: isScreenCaptureEnabled : ret=true userId=0
03-12 21:55:43.504  3003  3067 D RestrictionPolicy: isScreenCaptureEnabled : ret=true userId=0
03-12 21:55:43.504  3003  3067 D DisplayPowerController[0]: [api] WindowManagerPolicy.ScreenOffListener : called onScreenOff()
03-12 21:55:43.505  3003  3130 I DisplayPowerController[0]: Unblocked screen off after 34 ms
03-12 21:55:43.505  3003  3130 D DisplayPowerController[0]: animateScreenStateChange: target=OFF, mIsEnabled=true
03-12 21:55:43.505  2007  2007 I sensors-hal: set_config:64, no need to adjust sample_period_ns due to reporting_mode = 2
03-12 21:55:43.505  2007  2007 I sensors-hal: batch:363, com.samsung.sensor.pocket_pos_mode/2622, period=200000000, max_latency=0 request completed
03-12 21:55:43.505  2007  2007 I sensors-hal: activate:300, com.samsung.sensor.pocket_pos_mode/2622 en=1
03-12 21:55:43.505  2007  2007 I sensors-hal: acquire_qsh_interface:139, acquire_qsh_interface with sensor_id 3 , conn_type 1 
03-12 21:55:43.505  2007  2007 I sensors-hal: acquire_qsh_interface:142, returning _shared_instance[SHARED_ON_CHANGE_WAKEUP].conn - wakeup 
03-12 21:55:43.505  2007  2007 I sensors-hal: acquire_shared_instance:173, re-use existing connection for type 1 
03-12 21:55:43.505  2007  2007 I sensors-hal: register_cb:304, suid(low=4779840344920564001,high=1320970896291267344) is new. register callbacks
03-12 21:55:43.505  2007  2007 I sensors-hal: send_sensor_config_request:645, dt=pocket_pos_mode: convert sample_period=200000000 to batch_period=200000
03-12 21:55:43.505  2007  2007 I sensors-hal: send_sync_sensor_request:508, send sync request
03-12 21:55:43.505  2007  2007 I sensors-hal: send_sync_sensor_request:518, send_sync_sensor_request before send_request for pocket_pos_mode with SUID low=4779840344920564001 high=1320970896291267344
03-12 21:55:43.505  2007  2007 I sensors-hal: send_sync_sensor_request:537, wait for notification of response
03-12 21:55:43.505  3003  3130 D DisplayPowerController[0]: mWindowManagerPolicy.screenTurnedOff()
03-12 21:55:43.505  3003  3130 I PhoneWindowManager: Display0 turned off...
03-12 21:55:43.505  2007  3645 I sensors-hal: qsh_conn_resp_cb:930, resp_value = 0 for pocket_pos_mode 
03-12 21:55:43.506  2007  2007 I sensors-hal: send_sync_sensor_request:543, takes 0 ms to receive the response with 0
03-12 21:55:43.506  2007  2007 I sensors-hal: activate:330, com.samsung.sensor.pocket_pos_mode/2622 en=1 completed
03-12 21:55:43.506  3003  3915 D SensorManager: registerListener :: 2622, Pocket Position Mode  Wakeup, 200000, 0, com.samsung.android.gesture.PocketSensitivityManager$1@a3d091f
03-12 21:55:43.506  3003  3915 E PocketSensitivityManager: register pocket position sensor
03-12 21:55:43.507  3003  6500 D HintManagerService: SystemUI make new AppHintSession but force pause
03-12 21:55:43.507  2022  2124 I HYPER-HAL: [RequestManager.cpp]acquire(): Acquired ID : 25100129  [2025 / 5059]    HINT :      list : [TID_LOW_LATENCY / 1] [TID / 4392] [TID / 4393] [TID / 4205] [TID / 4394] 
03-12 21:55:43.507  4205  4421 D KeyguardTransitionRepository: (Internal) Setting current transition info: TransitionInfo(ownerName=FromGoneTransitionInteractor(Sleep transition triggered), from=GONE, to=DOZING, animated)
03-12 21:55:43.508  3003  4002 D BackgroundInstallControlService: Package event received: 0
03-12 21:55:43.508  3003  3681 I SurfaceComposerClient: captureLayers:childrenOnly:1, sync:1
03-12 21:55:43.508  2022  2124 I HYPER-HAL: [RequestManager.cpp]acquire(): Acquired ID : 25100129  [2025 / 5059]    HINT :      list : [TID_LOW_LATENCY / 0] [TID / 4392] [TID / 4393] [TID / 4205] [TID / 4394] 
03-12 21:55:43.509  3003  3951 D GnssLocationProvider_ex: gnssConfigurationUpdateSec
03-12 21:55:43.509  6103  6103 W ContextImpl: Calling a method in the system process without a qualified user: android.app.ContextImpl.startService:2068 android.content.ContextWrapper.startService:872 android.content.ContextWrapper.startService:872 com.sec.android.diagmonagent.sa.receiver.CFLogReceiver.onReceive:56 android.app.ActivityThread.handleReceiver:5663 
03-12 21:55:43.509  4360  4776 I SprWallpaper|FoldInteractive: resetFrame : onSeekReady
03-12 21:55:43.509  4360  4776 I SprWallpaper|FoldInteractive: seekTo: frame[0], time[0]
03-12 21:55:43.509  2005  2005 I qmi_secgps_clnt: SECGPS: AGNSS Config Message
03-12 21:55:43.509  2105  2324 I SurfaceFlinger: Capture layer list: 	 InputMethod$_15873#14946(seamlessTransition:0)
03-12 21:55:43.510  2005  2005 D qmi_secgps_clnt: SECGPS: send a qmi message to secgps_server OK
03-12 21:55:43.510  2097  2125 E HeatmapThread: ECT Thread time in milliseconds: 1773366943
03-12 21:55:43.510  2105  2342 D RenderEngine: [SEC_SF_EFFECTS] drawLayersInternal,1483, Rendering layer ScreenCaptureFillLayer at index 0
03-12 21:55:43.510  2105  2342 D RenderEngine: [SEC_SF_EFFECTS] drawLayersInternal,1483, Rendering layer InputMethod$_15873#14946 at index 1
03-12 21:55:43.511  6380  6380 I SemMediaResourceHelper: onState
03-12 21:55:43.514  2105  2324 I SurfaceFlinger: id=14949 createSurf, flag=44004, IME-snapshot-surface#14949
03-12 21:55:43.514  2053 24047 I QC2Buf  : Reconfig: clearing from 0 bufs. Peak mem=0 MB
03-12 21:55:43.514  2053 24047 I QC2Buf  : Reconfig: clearing from 0 bufs. Peak mem=0 MB
03-12 21:55:43.514 23505 23505 I View    : setRequestedFrameRate frameRate=NaN, this=androidx.compose.ui.platform.AndroidComposeView{e22a2e7 VFED..... .F...... 0,0-1080,2640 aid=1073741830}, caller=android.view.ViewGroup.setRequestedFrameRate:9952 androidx.compose.ui.platform.Api35Impl.setRequestedFrameRate:0 androidx.compose.ui.platform.AndroidComposeView.dispatchDraw:95 android.view.View.draw:26345 android.view.View.updateDisplayListIfDirty:25175 
03-12 21:55:43.514 23505 23505 I View    : setRequestedFrameRate frameRate=NaN, this=android.view.View{eab7314 V.ED..... ........ 0,0-0,0}, caller=androidx.compose.ui.platform.Api35Impl.setRequestedFrameRate:0 androidx.compose.ui.platform.AndroidComposeView.dispatchDraw:104 android.view.View.draw:26345 android.view.View.updateDisplayListIfDirty:25175 android.view.ViewGroup.recreateChildDisplayList:4794 
03-12 21:55:43.515  2105  2836 I SurfaceFlinger: id=14950 createSurf, flag=84004, WindowToken{189bef2 type=2019 android.os.BinderProxy@c2f4e54}#14950
03-12 21:55:43.516  3003  3594 D InputTransport: Input channel constructed: '1003943', fd=1210
03-12 21:55:43.516  3003  3594 D InputTransport: Input channel constructed: '1003943', fd=1226
03-12 21:55:43.516  3003  3594 D InputTransport: Input channel constructed: '1003943', fd=1271
03-12 21:55:43.516  3003  3594 D InputTransport: Input channel destroyed: '1003943', fd=1226
03-12 21:55:43.517  3003  3003 I ActivityManager: Changes in 10139 5 to 6, 255 to 239
03-12 21:55:43.517  2105  2836 I SurfaceFlinger: id=14951 createSurf, flag=84004, 1003943 NavigationBar1#14951
03-12 21:55:43.517  3003  3594 D RestrictionPolicy: isScreenCaptureEnabled : ret=true userId=0
03-12 21:55:43.517  3003  3594 D InsetsSourceProvider: updateVisibility: serverVisible=false, clientVisible=false, source=InsetsSource: {27270001 mType=navigationBars mFrame=[0,0][0,0] mVisible=false mFlags= mSideHint=NONE mBoundingRects=null}, controlTarget=null, from=com.android.server.wm.InsetsSourceProvider.setClientVisible:8 com.android.server.wm.InsetsSourceProvider.setWindowContainer:160 com.android.server.wm.WindowManagerService.addWindowInner:148 com.android.server.wm.WindowManagerService.addWindow:1842 com.android.server.wm.Session.addToDisplayAsUser:24 android.view.IWindowSession$Stub.onTransact:757 com.android.server.wm.Session.onTransact:1 android.os.Binder.execTransactInternal:1457 android.os.Binder.execTransact:1401 <bottom of call stack> 
03-12 21:55:43.518  3003  3594 E WindowManager: Display reconfigured outside of a transition: Display{#1 state=OFF size=748x720 ROTATION_0}
03-12 21:55:43.518  2097  2125 D HeatmapThread: !@ batteryplugType : 2
03-12 21:55:43.518  2097  2125 D HeatmapThread: !@ batteryLevel : 89  batteryTemperature : 349 
03-12 21:55:43.518  2097  2125 D HeatmapThread: !@ Heatmap currtime: 29556115
03-12 21:55:43.518  2097  2125 D HeatmapThread: !@ Heatmap prevtime: 29556102
03-12 21:55:43.518  2097  2125 D HeatmapThread: !@ Heatmap plugstarttime: 29556072
03-12 21:55:43.518  2097  2125 D HeatmapThread: !@ Heatmap prevv_dsoh_update_time: 29555957
03-12 21:55:43.518  2097  2125 E HeatmapThread: !@ CAM New BSOH: 100
03-12 21:55:43.519  3003  3594 I WindowManager: [d1] Override config changes=20000c00 {0.0 ?mcc0mnc ?localeList ?layoutDir sw291dp w352dp h291dp 340dpi smll hdr widecg land ?uimode ?night finger -keyb/v/h -nav/h winConfig={ mBounds=Rect(0, 0 - 748, 720) mAppBounds=Rect(0, 0 - 748, 618) mMaxBounds=Rect(0, 0 - 748, 720) mDisplayRotation=ROTATION_0 mWindowingMode=fullscreen mActivityType=undefined mAlwaysOnTop=undefined mRotation=ROTATION_0 mStageConfig=undefined mPopOver=undefined mOverlappingWithCutout=false mFlexPanelMode=off} ?fontWeightAdjustment ff=0 bf=-1 bts=0 cst=1.0 nightDim=-1 themeSeq=0}, callers=com.android.server.wm.DisplayContent.updateDisplayOverrideConfigurationLocked:24 com.android.server.wm.DisplayContent.sendNewConfiguration:133 com.android.server.wm.WindowManagerService.addWindowInner:712 com.android.server.wm.WindowManagerService.addWindow:1842 com.android.server.wm.Session.addToDisplayAsUser:24 
03-12 21:55:43.519  3003 21180 D PerProcessNandswap$NandswapHandler: nandswap start for non-activity com.skms.android.agent:remote(pid 24655) action:6 adj:100 type:2
03-12 21:55:43.519  3003  3594 D WindowManager: Transition is created, t=TransitionRecord{21e3a4a id=-1 type=CHANGE flags=0x0}, caller=com.android.server.wm.Transition.<init>:182 com.android.server.wm.TransitionController.createTransition:17 com.android.server.wm.DisplayContent.requestChangeTransition:5 com.android.server.wm.DisplayContent.performDisplayOverrideConfigUpdate:333 com.android.server.wm.DisplayContent.updateDisplayOverrideConfigurationLocked:24 
03-12 21:55:43.519  3003  3594 D BLASTSyncEngine: SyncGroup is created, id=1807, name=Transition-CHANGE, caller=com.android.server.wm.BLASTSyncEngine$SyncGroup.<init>:52 com.android.server.wm.TransitionController.moveToCollecting:79 com.android.server.wm.TransitionController.createTransition:46 com.android.server.wm.DisplayContent.requestChangeTransition:5 com.android.server.wm.DisplayContent.performDisplayOverrideConfigUpdate:333 com.android.server.wm.DisplayContent.updateDisplayOverrideConfigurationLocked:24 com.android.server.wm.DisplayContent.sendNewConfiguration:133 
03-12 21:55:43.519  3003  3594 W BLASTSyncEngine: setSyncMethod, id=1807, method=0, caller=com.android.server.wm.TransitionController.moveToCollecting:91 com.android.server.wm.TransitionController.createTransition:46 com.android.server.wm.DisplayContent.requestChangeTransition:5 
03-12 21:55:43.520  3003  3594 V WindowManager: Start collecting in Transition: TransitionRecord{21e3a4a id=1807 type=CHANGE flags=0x0}, caller=com.android.server.wm.TransitionController.createTransition:46 com.android.server.wm.DisplayContent.requestChangeTransition:5 com.android.server.wm.DisplayContent.performDisplayOverrideConfigUpdate:333 com.android.server.wm.DisplayContent.updateDisplayOverrideConfigurationLocked:24 com.android.server.wm.DisplayContent.sendNewConfiguration:133 
03-12 21:55:43.520  3003  3594 V WindowManager: Requesting StartTransition: TransitionRecord{21e3a4a id=1807 type=CHANGE flags=0x0}, caller=com.android.server.wm.DisplayContent.requestChangeTransition:10 com.android.server.wm.DisplayContent.performDisplayOverrideConfigUpdate:333 com.android.server.wm.DisplayContent.updateDisplayOverrideConfigurationLocked:24 com.android.server.wm.DisplayContent.sendNewConfiguration:133 com.android.server.wm.WindowManagerService.addWindowInner:712 
03-12 21:55:43.520  3003  3594 V WindowManager: Collecting in transition 1807: Display{#1 state=OFF size=748x720 ROTATION_0}, caller=com.android.server.wm.DisplayContent.requestChangeTransition:71 com.android.server.wm.DisplayContent.performDisplayOverrideConfigUpdate:333 com.android.server.wm.DisplayContent.updateDisplayOverrideConfigurationLocked:24 com.android.server.wm.DisplayContent.sendNewConfiguration:133 com.android.server.wm.WindowManagerService.addWindowInner:712 
03-12 21:55:43.520  3003  3594 D WindowManager: prepareSync <SYNC_STATE_WAITING_FOR_DRAW>, mPrepareSyncSeqId=0, win=Window{21b9755 u0 ScreenDecorOverlayCover}
03-12 21:55:43.520  4205  4267 V WindowManagerShell: Transition requested (#1807): android.os.BinderProxy@968933b TransitionRequestInfo { type = CHANGE, triggerTask = null, pipChange = null, remoteTransition = null, displayChange = null, flags = 0, debugId = 1807 }
03-12 21:55:43.520  3003  3594 D WindowManager: prepareSync <SYNC_STATE_WAITING_FOR_DRAW>, mPrepareSyncSeqId=0, win=Window{1003943 u0 NavigationBar1}
03-12 21:55:43.520  3003  3594 D WindowManager: prepareSync <SYNC_STATE_WAITING_FOR_DRAW>, mPrepareSyncSeqId=0, win=Window{243e821 u0 SubScreenQuickPanel}
03-12 21:55:43.520  3003  3594 D WindowManager: prepareSync <SYNC_STATE_WAITING_FOR_DRAW>, mPrepareSyncSeqId=0, win=Window{3b7b695 u0 com.android.systemui/com.android.systemui.subscreen.SubHomeActivity}
03-12 21:55:43.520  3003  3594 D WindowManager: prepareSync <SYNC_STATE_WAITING_FOR_DRAW>, mPrepareSyncSeqId=0, win=Window{8bc5e3f u0 com.samsung.android.smartsuggestions/com.samsung.android.smartsuggestions.feature.aisuggestion.ui.onboarding.OnboardingActivity}
03-12 21:55:43.520  4205  4267 D ShellDesktopMode: handleRequest: TransitionRequestInfo {type=6, tid=null, debugId=1807}
03-12 21:55:43.520  4205  4267 V ShellDesktopMode: DesktopTasksController: skipping handleRequest reason=transition type not handled (6)
03-12 21:55:43.521  3003  3594 V WindowManager: Collecting in transition 1807: WindowToken{8004a5b type=2024 android.os.BinderProxy@d7bba75}, caller=com.android.server.wm.TransitionController$$ExternalSyntheticLambda3.accept:43 com.android.server.wm.WindowContainer$ForAllWindowsConsumerWrapper.apply:5 com.android.server.wm.WindowState.applyInOrderWithImeWindows:22 com.android.server.wm.WindowState.forAllWindows:9 com.android.server.wm.WindowContainer.forAllWindows:2 
03-12 21:55:43.522  4360 24034 I CCodecBufferChannel: [c2.qti.hevc.decoder#290] updating max output delay 18
03-12 21:55:43.523  3003  3594 I MultiTaskingController: onConfigurationChangedLocked: display#1, configChanges=0x20000c00, scaleW=1.0, scaleH=1.0, prevScreenBounds=Rect(0, 0 - 748, 720), nextScreenBounds=Rect(0, 0 - 748, 720)
03-12 21:55:43.523  3003 21180 D PerProcessNandswapNative: enable WriteBooster
03-12 21:55:43.526  3003  3594 D SurfaceComposerClient: setCornerRadius ## ca0ff7f com.squareup.cash/com.squareup.cash.ui.MainActivity#14940 cornerRadius=0.000000
03-12 21:55:43.526  3003  3594 D InsetsSourceProvider: updateVisibility: serverVisible=false, clientVisible=true, source=InsetsSource: {27270024 mType=systemGestures mFrame=[0,0][0,0] mVisible=false mFlags= mSideHint=NONE mBoundingRects=null}, controlTarget=null, from=com.android.server.wm.InsetsSourceProvider.setServerVisible:6 com.android.server.wm.InsetsSourceProvider.onPostLayout:30 com.android.server.wm.InsetsStateController.onPostLayout:26 com.android.server.wm.RootWindowContainer.applySurfaceChangesTransaction$1:203 com.android.server.wm.RootWindowContainer.performSurfacePlacementNoTrace:86 com.android.server.wm.WindowSurfacePlacer.performSurfacePlacement:166 com.android.server.wm.ActivityTaskManagerService.continueWindowLayout:28 com.android.server.wm.DisplayContent.updateDisplayOverrideConfigurationLocked:78 com.android.server.wm.DisplayContent.sendNewConfiguration:133 com.android.server.wm.WindowManagerService.addWindowInner:712 
03-12 21:55:43.526  3003  3594 D InsetsSourceProvider: updateVisibility: serverVisible=false, clientVisible=true, source=InsetsSource: {27270006 mType=tappableElement mFrame=[0,0][0,0] mVisible=false mFlags= mSideHint=NONE mBoundingRects=null}, controlTarget=null, from=com.android.server.wm.InsetsSourceProvider.setServerVisible:6 com.android.server.wm.InsetsSourceProvider.onPostLayout:30 com.android.server.wm.InsetsStateController.onPostLayout:26 com.android.server.wm.RootWindowContainer.applySurfaceChangesTransaction$1:203 com.android.server.wm.RootWindowContainer.performSurfacePlacementNoTrace:86 com.android.server.wm.WindowSurfacePlacer.performSurfacePlacement:166 com.android.server.wm.ActivityTaskManagerService.continueWindowLayout:28 com.android.server.wm.DisplayContent.updateDisplayOverrideConfigurationLocked:78 com.android.server.wm.DisplayContent.sendNewConfiguration:133 com.android.server.wm.WindowManagerService.addWindowInner:712 
03-12 21:55:43.526  3003  3594 D InsetsSourceProvider: updateVisibility: serverVisible=false, clientVisible=true, source=InsetsSource: {27270005 mType=mandatorySystemGestures mFrame=[0,0][0,0] mVisible=false mFlags= mSideHint=NONE mBoundingRects=null}, controlTarget=null, from=com.android.server.wm.InsetsSourceProvider.setServerVisible:6 com.android.server.wm.InsetsSourceProvider.onPostLayout:30 com.android.server.wm.InsetsStateController.onPostLayout:26 com.android.server.wm.RootWindowContainer.applySurfaceChangesTransaction$1:203 com.android.server.wm.RootWindowContainer.performSurfacePlacementNoTrace:86 com.android.server.wm.WindowSurfacePlacer.performSurfacePlacement:166 com.android.server.wm.ActivityTaskManagerService.continueWindowLayout:28 com.android.server.wm.DisplayContent.updateDisplayOverrideConfigurationLocked:78 com.android.server.wm.DisplayContent.sendNewConfiguration:133 com.android.server.wm.WindowManagerService.addWindowInner:712 
03-12 21:55:43.527  3003  3594 D InsetsSourceProvider: updateVisibility: serverVisible=false, clientVisible=true, source=InsetsSource: {27270004 mType=systemGestures mFrame=[0,0][0,0] mVisible=false mFlags= mSideHint=NONE mBoundingRects=null}, controlTarget=null, from=com.android.server.wm.InsetsSourceProvider.setServerVisible:6 com.android.server.wm.InsetsSourceProvider.onPostLayout:30 com.android.server.wm.InsetsStateController.onPostLayout:26 com.android.server.wm.RootWindowContainer.applySurfaceChangesTransaction$1:203 com.android.server.wm.RootWindowContainer.performSurfacePlacementNoTrace:86 com.android.server.wm.WindowSurfacePlacer.performSurfacePlacement:166 com.android.server.wm.ActivityTaskManagerService.continueWindowLayout:28 com.android.server.wm.DisplayContent.updateDisplayOverrideConfigurationLocked:78 com.android.server.wm.DisplayContent.sendNewConfiguration:133 com.android.server.wm.WindowManagerService.addWindowInner:712 
03-12 21:55:43.529  2105  2105 I SurfaceFlinger: [IME-snapshot-surface#14949] attach to parent LayerHierarchy{RequestedLayerState{ActivityRecord{41558308 u0 com.squareup.cash/.ui.MainActivity t182}#14933 parentId=14932} 4 children}
03-12 21:55:43.529  2105  2105 I SurfaceFlinger: [WindowToken{189bef2 type=2019 android.os.BinderProxy@c2f4e54}#14950] attach to parent LayerHierarchy{RequestedLayerState{Leaf:15:31#64 parentId=54 z=5} 3 children}
03-12 21:55:43.529  3003 21180 D PerProcessNandswap$NandswapHandler: nandswap end for non-activity com.skms.android.agent:remote(pid 24655) ret:18409021440 adj:100
03-12 21:55:43.529  2105  2105 I SurfaceFlinger: [1003943 NavigationBar1#14951] attach to parent LayerHierarchy{RequestedLayerState{WindowToken{189bef2 type=2019 android.os.BinderProxy@c2f4e54}#14950 parentId=64} 1 children}
03-12 21:55:43.530  2105  2105 I RefreshRateSelector: Can't find idle refresh rate by policy with the same mode group as the current mode {id=2, hwcId=2, resolution=1080x2640, vsyncRate=60.00 Hz, dpi=428.62x424.40, group=1080, vrrConfig=N/A, supportedHdrTypes=INVALID} (idle : 24 fps)
03-12 21:55:43.530  6239  6239 I SSS     : [ChatRoomComponentManager] onConfigurationChanged: {1.0 ?mcc0mnc [en_US] ldltr sw291dp w352dp h291dp 340dpi smll hdr widecg land night finger -keyb/v/h -nav/h winConfig={ mBounds=Rect(0, 0 - 748, 720) mAppBounds=Rect(0, 0 - 748, 618) mMaxBounds=Rect(0, 0 - 748, 720) mDisplayRotation=ROTATION_0 mWindowingMode=fullscreen mActivityType=undefined mAlwaysOnTop=undefined mRotation=ROTATION_0 mStageConfig=undefined mPopOver=off mOverlappingWithCutout=false mFlexPanelMode=off} s.3972 fontWeightAdjustment=0 ff=0 bf=-1 bts=0 cst=1.0 nightDim=0 themeSeq=0}
03-12 21:55:43.531  3003  3130 D WindowManager: Create SleepToken: tag=Display-off, displayId=0
03-12 21:55:43.531  3003  3130 D ActivityTaskManager: Top Process State changed to PROCESS_STATE_TOP_SLEEPING
03-12 21:55:43.531  3003  3594 D InputTransport: Input channel destroyed: '1003943', fd=1271
03-12 21:55:43.532  4205  4205 D InputTransport: Input channel constructed: '1003943', fd=585
03-12 21:55:43.532  4205  4205 I InsetsController: onStateChanged: host=NavigationBar1, from=android.view.ViewRootImpl.onInsetsStateChanged:3026, state=InsetsState: {mDisplayFrame=Rect(0, 0 - 748, 720), mDisplayCutout=DisplayCutout{insets=Rect(0, 0 - 0, 66) waterfall=Insets{left=0, top=0, right=0, bottom=0} boundingRect={Bounds=[Rect(0, 0 - 0, 0), Rect(0, 0 - 0, 0), Rect(0, 0 - 0, 0), Rect(379, 654 - 748, 720)]} cutoutPathParserInfo={CutoutPathParserInfo{displayWidth=748 displayHeight=720 physicalDisplayWidth=748 physicalDisplayHeight=720 density={2.125} cutoutSpec={@bottom @right M 0,0 H -173.6470588235294 V -31.05882352941176 H 0 V 0 Z @dp} rotation={0} scale={1.0} physicalPixelDisplaySizeRatio={1.0}}} sideOverrides={}}, mRoundedCorners=RoundedCorners{[RoundedCorner{position=TopLeft, radius=49, center=Point(49, 49)}, RoundedCorner{position=TopRight, radius=49, center=Point(699, 49)}, RoundedCorner{position=BottomRight, radius=49, center=Point(699, 671)}, RoundedCorner{position=BottomLeft, radius=49, center=Point(49, 671)}]}  mRoundedCornerFrame=Rect(0, 0 - 0, 0), mPrivacyIndicatorBounds=PrivacyIndicatorBounds {static bounds=null rotation=0}, mDisplayShape=DisplayShape{ spec=1406003047 displayWidth=748 displayHeight=720 physicalPixelDisplaySizeRatio=1.0 rotation=0 offsetX=0 offsetY=0 scale=1.0}, mSources= { InsetsSource: {67 mType=displayCutout mFrame=[0,654][748,720] mVisible=true mFlags= mSideHint=BOTTOM mBoundingRects=null}, InsetsSource: {27270004 mType=systemGestures mFrame=[0,0][0,0] mVisible=false mFlags= mSideHint=NONE mBoundingRects=null}, InsetsSource: {27270005 mType=mandatorySystemGestures mFrame=[0,0][0,0] mVisible=false mFlags= mSideHint=NONE mBoundingRects=null}, InsetsSource: {27270024 mType=systemGestures mFrame=[0,0][0,0] mVisible=false mFlags= mSideHint=NONE mBoundingRects=null} }
03-12 21:55:43.533  2053 24051 I QC2V4L2PollThread: [v4lhvcD_66] KPI_L1: Reconfig: ms=18
03-12 21:55:43.533  4205  4205 I VRI[NavigationBar1]@183e5ca: synced displayState. AttachInfo displayState=1
03-12 21:55:43.535  4205  4367 I KeyguardService: onScreenTurnedOff
03-12 21:55:43.535  3003  3068 D SurfaceComposerClient: setCornerRadius ## ca0ff7f com.squareup.cash/com.squareup.cash.ui.MainActivity#14940 cornerRadius=0.000000
03-12 21:55:43.536  3003  4063 D WifiConnectivityMonitor: start WCM Poll.
03-12 21:55:43.536  3003  6500 V WindowManager: Starting Transition 1807, caller=com.android.server.wm.WindowOrganizerController.startTransition:47 com.android.server.wm.WindowOrganizerController.startTransition:1 android.window.IWindowOrganizerController$Stub.onTransact:259 
03-12 21:55:43.536 23505 23505 W WindowOnBackDispatcher: sendCancelIfRunning: isInProgress=false callback=android.view.ImeBackAnimationController@d860f4b
03-12 21:55:43.536  3003  6500 D BLASTSyncEngine: SyncGroup 1807: Set ready true, caller=com.android.server.wm.BLASTSyncEngine.setReady:32 com.android.server.wm.Transition.applyReady:54 com.android.server.wm.Transition.setReady:72 com.android.server.wm.Transition.applyDisplayChangeIfNeeded:95 com.android.server.wm.WindowOrganizerController.applyTransaction:36 com.android.server.wm.WindowOrganizerController.startTransition:48 
03-12 21:55:43.536  3003  6500 D SurfaceComposerClient: setCornerRadius ## ca0ff7f com.squareup.cash/com.squareup.cash.ui.MainActivity#14940 cornerRadius=0.000000
03-12 21:55:43.536  3003  6500 D BLASTSyncEngine: SyncGroup 1807:  Unfinished container: WindowToken{8004a5b type=2024 android.os.BinderProxy@d7bba75} mSyncState=2
03-12 21:55:43.537  3003  3067 D DeviceStatePolicy: updateFoldingSensorListenerLw, foldOpen=false, awake=false, isTableModeEnabled=true, forceOff=false, caller=com.android.server.devicestate.DeviceStateManagerService$OverrideRequestScreenObserver.onAwakeStateChanged:16 com.android.server.wm.ActivityTaskManagerService$$ExternalSyntheticLambda7.run:57 android.os.Handler.handleCallback:995 android.os.Handler.dispatchMessage:103 android.os.Looper.loopOnce:273 android.os.Looper.loop:363 android.os.HandlerThread.run:85 com.android.server.ServiceThread.run:49 <bottom of call stack> <bottom of call stack> 
03-12 21:55:43.537 15873 15873 I GoogleInputMethodService: GoogleInputMethodService.onFinishInputView():1602 onFinishInputView(true)
03-12 21:55:43.538  3003  3003 D SGM:GameManager: onDisplayChanged. displyId: 1, state: 1
03-12 21:55:43.538  3003  3003 V CameraService_worker: onDisplayChanged rotation : 0 current mDeviceState : 6
03-12 21:55:43.539 15873 15873 W TooltipLifecycleManager: TooltipLifecycleManager.dismissTooltips():153 Tooltip with id SUGGESTION_VIEW_EDU_MINI_DIALOG not found in tooltipManager.
03-12 21:55:43.539 15873 15873 I GlobeKeyExtension: GlobeKeyExtension.onDeactivate():153 
03-12 21:55:43.540 15873 15873 W TooltipLifecycleManager: TooltipLifecycleManager.dismissTooltips():153 Tooltip with id spell_check_add_to_dictionary not found in tooltipManager.
03-12 21:55:43.540 15873 15873 I VoiceInputManagerWrapper: VoiceInputManagerWrapper.shutdown():131 shutdown()
03-12 21:55:43.540  3003  4966 V InputMethodManagerService: hide the small icon for the input method
03-12 21:55:43.541 29180 29180 I HBD     : DeX h DeX mode state change in non-main thread 
03-12 21:55:43.541 15873 15873 I PrimesLoggerHolder: FrameMetricServiceImpl.stopAsFuture():213 Measurement not found: OnConfigurationChanged
03-12 21:55:43.541 29180 29180 I HBD     : DeX h DeX mode state change: 3 
03-12 21:55:43.541 15873 15873 I GoogleInputMethodService: GoogleInputMethodService.onFinishInput():2114 
03-12 21:55:43.542 15873 15873 I Module  : DeviceLockedStatusModuleProvider$Module.updateDeviceLockedStatus():103 repeatCheckTimes = 0, locked = false
03-12 21:55:43.542 15873 15873 D InputMethodService: unregisterCompatOnBackInvokedCallback : android.inputmethodservice.InputMethodService$$ExternalSyntheticLambda2@a7ae0e2
03-12 21:55:43.543  4205  4267 V ShellDragAndDrop: Display changed: 1
03-12 21:55:43.543  4360 24033 I MediaCodec: setCodecState state(1), called in 6, domain 1, 1
03-12 21:55:43.544  2105  2342 W qdgralloc: getInterlacedFlag: getMetaData returned 3, defaulting to interlaced_flag = 0
03-12 21:55:43.544  4360  4776 I SprWallpaper|FoldInteractive: resetFrame : onSeekComplete
03-12 21:55:43.544  4360  4776 I SprWallpaper|FoldInteractive: resetFrame : before release. elapsed=96
03-12 21:55:43.544  4360  4776 I SprWallpaper|VideoPlayer: release : needReset = true
03-12 21:55:43.544  4607  4607 D NfcService: handleMessage: MSG_APPLY_SCREEN_STATEOFF_UNLOCKED
03-12 21:55:43.544  4607  4607 D [NFC_SE]SamsungExtension: onLogEventNotified() item:[mCommandApdus: [mResponseApdus: , mCallingApi= 0, mAction= 518, mCallingPId = 0, mRfFieldOnTime= null
03-12 21:55:43.544  4607  4607 D [NFC_SE]NfcOemLogHelper: reportLogEvent = [mCommandApdus: [mResponseApdus: , mCallingApi= 0, mAction= 518, mCallingPId = 0, mRfFieldOnTime= null
03-12 21:55:43.544  4607  4607 D [NFC_SE]NfcOemLogHelper: try to send FLD_ERROR
03-12 21:55:43.544  4607  4607 D [NFC_SE]NfcOemLogHelper: RF Field is disabled
03-12 21:55:43.545  4360 24033 I CCodec  : [c2.qti.hevc.decoder] state->set(RELEASING)
03-12 21:55:43.545  6380  6380 I SemMediaResourceHelper: onState
03-12 21:55:43.545  2105  2105 I SurfaceFlinger: [Display 1 name="Built-in Screen"#66] setFrameRateCategory: High
03-12 21:55:43.546  2105  2105 I BpBinder: onLastStrongRef automatically unlinking death recipients: 
03-12 21:55:43.546  2105  2342 W qdgralloc: getInterlacedFlag: getMetaData returned 3, defaulting to interlaced_flag = 0
03-12 21:55:43.546  3003  6828 V WindowManager: Collecting in transition 1807: ActivityRecord{41558308 u0 com.squareup.cash/.ui.MainActivity t182}, caller=com.android.server.wm.TransitionController.collect:7 com.android.server.wm.ActivityRecord.setVisibility:132 com.android.server.wm.ActivityRecord.makeInvisible:32 com.android.server.wm.EnsureActivitiesVisibleHelper.process:542 com.android.server.wm.TaskFragment.updateActivityVisibilities:12 
03-12 21:55:43.546  3003  6828 D WindowManager: prepareSync <SYNC_STATE_WAITING_FOR_DRAW>, mPrepareSyncSeqId=0, win=Window{ca0ff7f u0 com.squareup.cash/com.squareup.cash.ui.MainActivity}
03-12 21:55:43.547  4607  4607 D libnfc_nci: nfcManager_doSetScreenState: state = 1 prevScreenState= 8, discovry_param = 1
03-12 21:55:43.547  4607  4986 D NxpGenExtn: vendor_nfc_handle_event Enter eventCode:11
03-12 21:55:43.547  4607  4986 D NxpGenExtn: phNxpExtn_HandleVendorNciMsg Not vendor specific command!!
03-12 21:55:43.547  4607  4986 I NxpGenExtn: phNxpExtn_Write NCI datalen:7
03-12 21:55:43.547  4607  4986 I NxpGenExtn: processExtnWrite Enter dataLen:7
03-12 21:55:43.547  4607  4986 I NxpPropExtn: phNxpProp_ProcessExtnWrite PropExtensionController Enter dataLen:7
03-12 21:55:43.547  4607  4986 I NxpPropExtn: processExtnWrite Enter
03-12 21:55:43.547  4607  4986 D NxpPropExtn: NciStateMonitor processExtnWrite Enter
03-12 21:55:43.547  4607  4986 D NxpPropExtn: resendRequired, resend required
03-12 21:55:43.547  4607  4986 D NxpGenExtn: write Enter wLength:7
03-12 21:55:43.547  4607  4986 D NxpGenExtn: palenQueueWrite Enter wLength:7
03-12 21:55:43.547  3003  6828 D BLASTSyncEngine: SyncGroup 1807:  Unfinished container: WindowToken{8004a5b type=2024 android.os.BinderProxy@d7bba75} mSyncState=2
03-12 21:55:43.547  4360 24056 I CCodec  : [release][3409] surface -> component
03-12 21:55:43.547  2053 13496 D C2BqBuffer: configuring null producer: igbp_information(0)
03-12 21:55:43.548  4607 24058 D NxpGenExtn: enQueueWriteInternal Enter wLength:7
03-12 21:55:43.548  2439  2439 I android.hardware.nfc-service.nxp: write
03-12 21:55:43.549  3003  4405 D WifiDisplayAdapter: isFitToActiveDisplayLocked : false
03-12 21:55:43.549 23505 23505 W RemoteInputConnectionImpl: requestCursorUpdates on inactive InputConnection
03-12 21:55:43.549 23505 23505 E ImeBackDispatcher: Ime callback not found. Ignoring unregisterReceivedCallback. callbackId: 175825122
03-12 21:55:43.550 23505 23629 D WM-Processor: Processor cancelling 277442f8-cb4b-4f84-ae36-99fc43275427
03-12 21:55:43.550 23505 23629 D WM-Processor: WorkerWrapper could not be found for 277442f8-cb4b-4f84-ae36-99fc43275427
03-12 21:55:43.550  3003  4931 D CoreBackPreview: Window{ca0ff7f u0 com.squareup.cash/com.squareup.cash.ui.MainActivity}: Setting back callback OnBackInvokedCallbackInfo{mCallback=android.window.IOnBackInvokedCallback$Stub$Proxy@291f933, mPriority=0, mIsAnimationCallback=false, mOverrideBehavior=0}
03-12 21:55:43.550  4832 26496 I HoneySpace.Memory-Monitor: no default Display - 1
03-12 21:55:43.551 15873 15873 I KeyboardModeUtils: KeyboardModeUtils.getKeyboardBottomOffset():435 inch: 0.000000 ydpi: 424.404999 adjustKeyboardBottomByDisplaySize: false currentDensityDpi: 480 defaultDensityDpi: 480 keyboardBottomToScreenPx: 0 keyboardBottomToNavBarPx: -144 navBarHeight: 144
03-12 21:55:43.551 15873 15873 I BaseKeyboardSizeHelper: BaseKeyboardSizeHelper.calculateMaxKeyboardBodyHeight():73 leave 291 height for app when ime window height:2402, header height:132 and isFullscreenMode:false, so the max keyboard body height is:1979
03-12 21:55:43.551 15873 15873 I BaseKeyboardSizeHelper: BaseKeyboardSizeHelper.calculateMaxKeyboardBodyHeight():73 leave 291 height for app when ime window height:2402, header height:132 and isFullscreenMode:false, so the max keyboard body height is:1979
03-12 21:55:43.552  3003  3065 D WindowManager: DeferredDisplayUpdater: applying DisplayInfo(748 x 720) immediately
03-12 21:55:43.552  3003  3065 V WindowManager: Content Recording: Display 1 state was (1), is now (1), so update recording?
03-12 21:55:43.552  9332  9332 D BoundBrokerSvc: onBind: Intent { act=com.google.android.gms.measurement.START xflg=0x4 pkg=com.google.android.gms }
03-12 21:55:43.552  9332  9332 D BoundBrokerSvc: Loading bound service for intent: Intent { act=com.google.android.gms.measurement.START xflg=0x4 pkg=com.google.android.gms }
03-12 21:55:43.552  3003  3065 D BLASTSyncEngine: SyncGroup 1807:  Unfinished container: WindowToken{8004a5b type=2024 android.os.BinderProxy@d7bba75} mSyncState=2
03-12 21:55:43.554 23505 23629 D WM-GreedyScheduler: Cancelling work ID 277442f8-cb4b-4f84-ae36-99fc43275427
03-12 21:55:43.554  2053 24049 W QC2V4l2Decoder: [v4lhvcD_66] Stopping buffer allocation as codec stopped
03-12 21:55:43.555  2053 24049 W QC2V4l2Decoder: [v4lhvcD_66] Stopping buffer allocation as codec stopped
03-12 21:55:43.555  2053 24049 W QC2V4l2Decoder: [v4lhvcD_66] Stopping buffer allocation as codec stopped
03-12 21:55:43.555  2053 24049 W QC2V4l2Decoder: [v4lhvcD_66] Stopping buffer allocation as codec stopped
03-12 21:55:43.555  2053 24049 W QC2V4l2Decoder: [v4lhvcD_66] Stopping buffer allocation as codec stopped
03-12 21:55:43.555  2053 24049 W QC2V4l2Decoder: [v4lhvcD_66] Stopping buffer allocation as codec stopped
03-12 21:55:43.555  2053 24049 W QC2V4l2Decoder: [v4lhvcD_66] Stopping buffer allocation as codec stopped
03-12 21:55:43.555  2053 24049 W QC2V4l2Decoder: [v4lhvcD_66] Stopping buffer allocation as codec stopped
03-12 21:55:43.555  2053 24047 W QC2V4l2Codec: [v4lhvcD_66] Queue outputs not allowed after stop
03-12 21:55:43.555  2053 13496 I QC2V4l2Codec: [v4lhvcD_66] KPI_L1: stop: ms=6
03-12 21:55:43.556  3003  3068 D BLASTSyncEngine: SyncGroup 1807:  Unfinished container: WindowToken{8004a5b type=2024 android.os.BinderProxy@d7bba75} mSyncState=2
03-12 21:55:43.556  3003  4002 D BackgroundInstallControlService: Package event received: 0
03-12 21:55:43.558 23505 23629 W JobInfo : Requested important-while-foreground flag for job2 is ignored and takes no effect
03-12 21:55:43.558 23505 23629 D WM-SystemJobScheduler: Scheduling work ID a51652d1-aeaa-4c8a-b631-24ef245b952bJob ID 2
03-12 21:55:43.559  3003  3130 D AutomaticBrightnessController: sendAmbientLux(-1.0)
03-12 21:55:43.559  3003  3130 D MdnieScenarioControlService: getVisionBoosterIndex() mAutoBrightnessMode : true , mReduceBrightColorsActivatedEnabled : false , lux : -1
03-12 21:55:43.559  3003  3130 D MdnieScenarioControlService: Vision Booster Index : 0
03-12 21:55:43.559  4205  4205 I VRI[NavigationBar1]@183e5ca: setView = com.android.systemui.navigationbar.views.NavigationBarFrame@46bbd35 IsHRR=false mFlingFrameRateChange=0 TM=true
03-12 21:55:43.559  4205  4205 D NavBarStateManager: NavBarStates(1) supportLargeCoverScreenNavBar: true
03-12 21:55:43.559  2007  2007 I sensors-hal: set_config:64, no need to adjust sample_period_ns due to reporting_mode = 2
03-12 21:55:43.560  2007  2007 I sensors-hal: create_sensor_config_request:85, auto_rotation: type 2
03-12 21:55:43.560  2007  2007 I sensors-hal: send_sensor_config_request:645, dt=auto_rotation: convert sample_period=200000000 to batch_period=200000
03-12 21:55:43.560  2007  2007 I sensors-hal: send_sync_sensor_request:508, send sync request
03-12 21:55:43.560  2007  2007 I sensors-hal: send_sync_sensor_request:518, send_sync_sensor_request before send_request for auto_rotation with SUID low=8603657889541918976 high=1320970896291267344
03-12 21:55:43.560  2007  2007 I sensors-hal: send_sync_sensor_request:537, wait for notification of response
03-12 21:55:43.560  3003  3067 I ActivityManager: Changes in 10291 3 to 12, 184 to 128
03-12 21:55:43.560  3003  3067 I ActivityManager: Changes in 10175 2 to 12, 255 to 128
03-12 21:55:43.560  3003  3067 I ActivityManager: Changes in 10114 3 to 12, 184 to 128
03-12 21:55:43.561  3003  3067 W ProcessStats: Tracking association SourceState{72c5208 com.squareup.cash/10175 Top #231504} whose proc state 1 is better than process ProcessState{86a670e com.google.android.adservices.api/10291 pkg=com.google.android.adservices.api} proc state 2 (167 skipped)
03-12 21:55:43.561  2007 12669 I sensors-hal: qsh_conn_resp_cb:930, resp_value = 0 for auto_rotation 
03-12 21:55:43.561  2007  2007 I sensors-hal: send_sync_sensor_request:543, takes 1 ms to receive the response with 0
03-12 21:55:43.561  2007  2007 I sensors-hal: batch:363, android.sensor.device_orientation/271, period=200000000, max_latency=0 request completed
03-12 21:55:43.562  2053 13496 I QC2V4l2Codec: [v4lhvcD_66] KPI_L1: release: ms=6
03-12 21:55:43.562  2007  2007 I sensors-hal: activate:300, com.samsung.sensor.device_common_info/2132 en=0
03-12 21:55:43.562  2007  2007 I sensors-hal: send_sync_sensor_request:508, send sync request
03-12 21:55:43.562  2007  2007 I sensors-hal: send_sync_sensor_request:518, send_sync_sensor_request before send_request for device_common_info with SUID low=3766530206566995508 high=1320970896291267344
03-12 21:55:43.562  2007  2007 I sensors-hal: send_sync_sensor_request:537, wait for notification of response
03-12 21:55:43.562  2053 13496 I QC2V4l2Codec: [v4lhvcD_66] KPI_L1: stop: ms=0
03-12 21:55:43.562  2053 13496 I QC2V4l2Codec: [v4lhvcD_66] KPI_L1: release: ms=0
03-12 21:55:43.562  3003  3067 D SGM:FgCheckThread: notePauseComponent(), received pkgName: com.squareup.cash, userId: 0
03-12 21:55:43.562  2007  3645 I sensors-hal: qsh_conn_resp_cb:930, resp_value = 0 for device_common_info 
03-12 21:55:43.562  2105  2105 I SurfaceFlinger: [Display 0 name="Built-in Screen"#50] setFrameRateCategory: High
03-12 21:55:43.562  2105  2105 I SurfaceFlinger: RequestedLayer [IME-snapshot-surface#14949] hidden!! flag  from(1) --> to(0)
03-12 21:55:43.562  2105  2105 I SurfaceFlinger: RequestedLayer [WindowToken{189bef2 type=2019 android.os.BinderProxy@c2f4e54}#14950] hidden!! flag  from(1) --> to(0)
03-12 21:55:43.562  2105  2105 I SurfaceFlinger: RequestedLayer [1003943 NavigationBar1#14951] hidden!! flag  from(1) --> to(0)
03-12 21:55:43.562  2007  2007 I sensors-hal: send_sync_sensor_request:543, takes 0 ms to receive the response with 0
03-12 21:55:43.562  2007  2007 I sensors-hal: activate:330, com.samsung.sensor.device_common_info/2132 en=0 completed
