03-12 21:51:48.542  4832  4832 I HoneySpace.NotificationListener: onNotificationRemoved sbn : StatusBarNotification(pkg=android user=UserHandle{-1} id=32 tag=null key=-1|android|32|null|1000: Notification(channel=UsbDevNoti shortcut=null contentView=null vibrate=null sound=null tick defaults=0 flags=ONGOING_EVENT|CAN_COLORIZE color=0x00000000 vis=PUBLIC semFlags=0x0 semPriority=0 semMissedCount=0)), reason : 8
03-12 21:51:48.542  4832  7615 I HoneySpace.NotificationListener: onNotificationRemoved android: -1|android|32|null|1000: 0
03-12 21:51:48.543  2092 15326 D factory.ssc: vendor/qcom/proprietary/adsprpc/src/fastrpc_apps_user.c:4332: exit_thread: nErr:0x8000040d, dom:0, h:0xb400006d90c31bd0
03-12 21:51:48.544  2071  2128 I sysinput:aidl: onReportInformation:93, 2, cmd@set_always_lpm,0:0
03-12 21:51:48.544  4832 16672 I HoneySpace.AppGridManager: finderWidthDp : 360.0 density : 3.0 marginDp : 10 appTrayAreaDp : 320 maxBounds : 360.0
03-12 21:51:48.544  3003  7124 D KNOX_MDM_SettingsProvider: isChangeAllowed() : name = enabled_input_methods
03-12 21:51:48.544  3003  7124 D KNOX_MDM_SettingsProvider: edmUri: content://com.sec.knox.provider/RestrictionPolicy3
03-12 21:51:48.544  3003  7124 D KNOX_MDM_SettingsProvider: projectionArgs: isSettingsChangesAllowed
03-12 21:51:48.544  3003  7124 D KNOX_MDM_SettingsProvider: selectionArgs: false
03-12 21:51:48.544  3003  7124 D KNOX_MDM_SettingsProvider: selectionArgs: 10202
03-12 21:51:48.544  3003  7124 D SecContentProvider: query(), uri = 17 selection = isSettingsChangesAllowed
03-12 21:51:48.544  3003  7124 D SecContentProvider: called from android.uid.honeyboard:10202
03-12 21:51:48.544  3003  7124 D RestrictionPolicy: isSettingsChangesAllowedAsUser, userId 0 : true
03-12 21:51:48.544  3003  7124 D KNOX_MDM_SettingsProvider: ret = 1
03-12 21:51:48.544  2071  2128 I sysinput:Touch2: operator():237, OK
03-12 21:51:48.544  4205  4205 D SubscreenNotificationListCoordinator: onAfterRenderList() isSubScreen = false, pluginLockMode = 0, doNotShowOnCover = false
03-12 21:51:48.544  4205  4205 E SubscreenNotificationInfoManager: setShownGroup : false
03-12 21:51:48.545 29180 15340 I HBD     : h Write selected lang for DE  
03-12 21:51:48.545  4205  4205 D SrPromptProcessor: call releaseSmartReply
03-12 21:51:48.545  2075  2075 E SecVibrator-HAL-AIDL-EXT: V_5_0: setFolderStatus1
03-12 21:51:48.545  4205  4205 I KeyguardUpdateMonitor: onFoldStateChanged isFolded = true
03-12 21:51:48.545  2075  2075 E SecVibrator-HAL-AIDL-EXT: V_5_0: FOLDER_CLOSE
03-12 21:51:48.545  2075  2075 E SecVibrator-HAL-AIDL-EXT:  length : 13
03-12 21:51:48.545  4205  4205 I KeyguardUpdateMonitor: onTableModeChanged. mIsTableMode = true, isTableMode = false
03-12 21:51:48.545  2075  2075 E SecVibrator-HAL-AIDL-EXT: V_5_0: ret : 13
03-12 21:51:48.545  4205  4205 D Navbar.Store: handleEvent(0) OnFoldStateChanged(folded=true) [Module] NavBarStoreImpl
03-12 21:51:48.545  2075  2075 E SecVibrator-HAL-AIDL-EXT: V_5_0: setFolderStatus end
03-12 21:51:48.545  4205  4205 D Navbar.Store: --[Band]COVER_SCREEN_PACK_FOLD_STATE_CHANGED
03-12 21:51:48.545  3003  3067 D VibratorManagerService: onTableModeChanged. isTableMode=false
03-12 21:51:48.545 29180 15340 I HBD     : h writeToFile path : /data/user_de/0/com.samsung.android.honeyboard/files/fold_selected.json 
03-12 21:51:48.545 29180 15340 I HBD     : h writeToFile json : {"version":"4.2","currentLanguageOrder":0,"front_selected":[{"activeOptionList":["auto_replace","auto_spacing","writing_assistant","prediction"],"bilingualId":-1,"engName":"English","id":65537,"inputType":"qwerty","isUsed":true}]} 
03-12 21:51:48.545  3003  3951 D GnssLocationProvider_ex: onLidStateChanged 1
03-12 21:51:48.545  3003  3951 D GnssLocationProvider_ex: sendLidState 3
03-12 21:51:48.545  3003  3067 D PowerManagerService: [api] goToSleep (uid: 1000 pid: 3003) eventTime = 35389230
03-12 21:51:48.546  5490  5568 I LidStateListener_FLP: onLidStateChanged, whenNanos=35389188150000, lidState=1
03-12 21:51:48.546  3003  7124 D KNOX_MDM_SettingsProvider: isChangeAllowed() : name = default_input_method
03-12 21:51:48.546  3003  7124 D KNOX_MDM_SettingsProvider: edmUri: content://com.sec.knox.provider/RestrictionPolicy3
03-12 21:51:48.546  3003  7124 D KNOX_MDM_SettingsProvider: projectionArgs: isSettingsChangesAllowed
03-12 21:51:48.546  3003  7124 D KNOX_MDM_SettingsProvider: selectionArgs: false
03-12 21:51:48.546  3003  7124 D KNOX_MDM_SettingsProvider: selectionArgs: 10202
03-12 21:51:48.546  3003  7124 D SecContentProvider: query(), uri = 17 selection = isSettingsChangesAllowed
03-12 21:51:48.546  3003  7124 D SecContentProvider: called from android.uid.honeyboard:10202
03-12 21:51:48.546  3003  7124 D RestrictionPolicy: isSettingsChangesAllowedAsUser, userId 0 : true
03-12 21:51:48.546  3003  7124 D KNOX_MDM_SettingsProvider: ret = 1
03-12 21:51:48.546  3003  3915 D PocketModeEvent: LID state : 1
03-12 21:51:48.547  3003  4002 D BackgroundInstallControlService: Package event received: 0
03-12 21:51:48.547  2092 15328 W factory.ssc: vendor/qcom/proprietary/adsprpc/src/log_config.c:396:Warning: file_watcher_thread received exit for domain 0, file factory.ssc.farf
03-12 21:51:48.547  2092 15328 I factory.ssc: vendor/qcom/proprietary/adsprpc/src/log_config.c:448: file_watcher_thread exiting for domain 0
03-12 21:51:48.547 29180 29208 I HBD     : p updated Sub Types. English 
03-12 21:51:48.547  3003  3993 D SysinputHAL_AIDL: setProperty(TSP_SUB(2)): CMD, set_always_lpm,0 ret=0
03-12 21:51:48.547  3003  3993 D SemInputDevice:TSP_SUB: SetPropertyTask: CMD,set_fold_state,1 [03-12 21:51:48.510]
03-12 21:51:48.547  3003  3130 D PowerManagerService: onStateChanged: mDualScreenPolicy=1
03-12 21:51:48.548  2007  2007 I sensors-hal: activate:300, com.samsung.sensor.pocket_mode/1692 en=0
03-12 21:51:48.548  3003  3951 D GnssLocationProvider_ex: gnssConfigurationUpdateSec
03-12 21:51:48.548  2007  2007 I sensors-hal: send_sync_sensor_request:508, send sync request
03-12 21:51:48.548  2007  2007 I sensors-hal: send_sync_sensor_request:518, send_sync_sensor_request before send_request for pocket_mode with SUID low=11039279336981156932 high=1340270623893619472
03-12 21:51:48.548  2007  2007 I sensors-hal: send_sync_sensor_request:537, wait for notification of response
03-12 21:51:48.548  3003  3064 W PermissionService: getPermissionFlags: Unknown user -1
03-12 21:51:48.548  4205  4205 D NavBarStateManager: NavBarStates(1) supportLargeCoverScreenNavBar: true
03-12 21:51:48.548  3003  3064 W PermissionService: getPermissionFlags: Unknown user -1
03-12 21:51:48.548  2007  3645 I sensors-hal: qsh_conn_resp_cb:930, resp_value = 0 for pocket_mode 
03-12 21:51:48.548  3003  3130 D PowerManagerService: Setting HAL interactive mode to true
03-12 21:51:48.548  3003  3130 D PowerManagerService: setHalInteractiveModeLocked called by dual screen policy change
03-12 21:51:48.548  4205  4205 D LayoutProviderContainerImpl: getCoverDisplayContext, cover display=Display id 1: DisplayInfo{"Built-in Screen", displayId 1, displayGroupId 0, FLAG_SECURE, FLAG_SUPPORTS_PROTECTED_BUFFERS, FLAG_PRESENTATION, FLAG_CAN_SHOW_WITH_INSECURE_KEYGUARD, FLAG_SHOULD_SHOW_SYSTEM_DECORATIONS, FLAG_TRUSTED, FLAG_ALLOWS_CONTENT_MODE_SWITCH, real 748 x 720, largest app 748 x 748, smallest app 654 x 654, appVsyncOff 16666666, presDeadline 17666666, mode 8, renderFrameRate 60.000004, hasArrSupport false, frameRateCategoryRate FrameRateCategoryRate {normal=60.0, high=90.0}, supportedRefreshRates [60.000004], defaultMode 8, REFRESH_RATE_MODE_SEAMLESS, userPreferredModeId -1, supportedModes [{id=8, width=748, height=720, fps=60.000004, vsync=60.000004, synthetic=false, alternativeRefreshRates=[], supportedHdrTypes=[2, 3, 4]}], appsSupportedModes [{id=8, width=748, height=720, fps=60.000004, vsync=60.000004, synthetic=false, alternativeRefreshRates=[], supportedHdrTypes=[2, 3, 4]}], hdrCapabilities HdrCapabilities{mSupportedHdrTypes=[2, 3, 4], mMaxLuminance=450.0, mMaxAverageLuminance=225.00024, mMinLuminance=5.0E-4}, isForceSdr false, userDisabledHdrTypes [], minimalPostProcessingSupported false, rotation 0, state OFF, committedState OFF}, DisplayMetrics{density=2.125, width=748, height=654, scaledDensity=2.125, xdpi=306.438, ydpi=309.966}, isValid=true
03-12 21:51:48.549  3003  4002 D BackgroundInstallControlService: Package event received: 0
03-12 21:51:48.549  3003  4002 D BackgroundInstallControlService: Package event received: 0
03-12 21:51:48.549  3003  3067 W PowerManagerService: !@Screen__Off(d) - 168 :  goToSleep:  (uid: 1000 pid: 3003) (device_folded) groupId=0
03-12 21:51:48.549  2007  2007 I sensors-hal: send_sync_sensor_request:543, takes 0 ms to receive the response with 0
03-12 21:51:48.549  3003  3740 W qdgralloc: getInterlacedFlag: getMetaData returned 3, defaulting to interlaced_flag = 0
03-12 21:51:48.549  2007  2007 I sensors-hal: activate:330, com.samsung.sensor.pocket_mode/1692 en=0 completed
03-12 21:51:48.549  4205  4205 D Navbar.Store: --updateLayoutProvider() layoutProviderContainer = com.android.systemui.navigationbar.layout.LayoutProviderContainerImpl@1dbf89d
03-12 21:51:48.549  4205  4205 D NavBarStateManager: NavBarStates(1) supportLargeCoverScreenNavBar: true
03-12 21:51:48.549  2071  2129 I sysinput:aidl: onReportInformation:93, 1, cmd@set_fold_state,1:0
03-12 21:51:48.549  3003  3067 D PowerManagerService: displayReady: false groupId=0
03-12 21:51:48.549  4205  4205 D LayoutProviderContainerImpl: getCoverDisplayContext, cover display=Display id 1: DisplayInfo{"Built-in Screen", displayId 1, displayGroupId 0, FLAG_SECURE, FLAG_SUPPORTS_PROTECTED_BUFFERS, FLAG_PRESENTATION, FLAG_CAN_SHOW_WITH_INSECURE_KEYGUARD, FLAG_SHOULD_SHOW_SYSTEM_DECORATIONS, FLAG_TRUSTED, FLAG_ALLOWS_CONTENT_MODE_SWITCH, real 748 x 720, largest app 748 x 748, smallest app 654 x 654, appVsyncOff 16666666, presDeadline 17666666, mode 8, renderFrameRate 60.000004, hasArrSupport false, frameRateCategoryRate FrameRateCategoryRate {normal=60.0, high=90.0}, supportedRefreshRates [60.000004], defaultMode 8, REFRESH_RATE_MODE_SEAMLESS, userPreferredModeId -1, supportedModes [{id=8, width=748, height=720, fps=60.000004, vsync=60.000004, synthetic=false, alternativeRefreshRates=[], supportedHdrTypes=[2, 3, 4]}], appsSupportedModes [{id=8, width=748, height=720, fps=60.000004, vsync=60.000004, synthetic=false, alternativeRefreshRates=[], supportedHdrTypes=[2, 3, 4]}], hdrCapabilities HdrCapabilities{mSupportedHdrTypes=[2, 3, 4], mMaxLuminance=450.0, mMaxAverageLuminance=225.00024, mMinLuminance=5.0E-4}, isForceSdr false, userDisabledHdrTypes [], minimalPostProcessingSupported false, rotation 0, state OFF, committedState OFF}, DisplayMetrics{density=2.125, width=748, height=654, scaledDensity=2.125, xdpi=306.438, ydpi=309.966}, isValid=true
03-12 21:51:48.549  3003  3067 D PowerManagerService: [api] BrightnessLimitRunnable done (complete immediately)
03-12 21:51:48.549  3003  3067 I PowerGroup: Powering off display group due to device_folded (groupId= 0, uid= 1000, millisSinceLastUserActivity=-2, lastUserActivityEvent=deviceState)...
03-12 21:51:48.549  3003  3915 D SensorManager: unregisterListener :: com.samsung.android.gesture.PocketProximityManager$2@728726e
03-12 21:51:48.549  3003  3915 E PocketProximityManager: unregister pocket sensor
03-12 21:51:48.549  3003  3067 D InputManager-JNI: setInteractiveForInternalDisplay(false)
03-12 21:51:48.549  3003  3067 D InputManager-JNI: setInteractive(false)
03-12 21:51:48.549  3003  3003 I PhoneWindowManager: Started going to sleep... (groupId=0 why=OFF_BECAUSE_OF_FOLD)
03-12 21:51:48.549  4205  4205 D Navbar.Store: --updateLayoutProvider() layoutProviderContainer = com.android.systemui.navigationbar.layout.LayoutProviderContainerImpl@1dbf89d
03-12 21:51:48.549  3003  3067 I PowerManagerService: Going to sleep due to device_folded (uid 1000, screenOffTimeout=600000, activityTimeoutWM=-1, maxDimRatio=0.333, maxDimDur=20000)...
03-12 21:51:48.549  4205  4205 D NavBarStateManager: NavBarStates(1) supportLargeCoverScreenNavBar: true
03-12 21:51:48.549  2005  2005 I qmi_secgps_clnt: SECGPS: AGNSS Config Message
03-12 21:51:48.550  2071  2129 I sysinput:Touch1: operator():237, OK
03-12 21:51:48.550  3003  3994 D SysinputHAL_AIDL: setProperty(TSP(1)): CMD, set_fold_state,1 ret=0
03-12 21:51:48.550  2071  2128 I sysinput:aidl: onReportInformation:93, 2, cmd@set_fold_state,1:0
03-12 21:51:48.550  3003  3067 D PowerManagerService: Setting HAL interactive mode to false
03-12 21:51:48.550  4205  4205 D LayoutProviderContainerImpl: getCoverDisplayContext, cover display=Display id 1: DisplayInfo{"Built-in Screen", displayId 1, displayGroupId 0, FLAG_SECURE, FLAG_SUPPORTS_PROTECTED_BUFFERS, FLAG_PRESENTATION, FLAG_CAN_SHOW_WITH_INSECURE_KEYGUARD, FLAG_SHOULD_SHOW_SYSTEM_DECORATIONS, FLAG_TRUSTED, FLAG_ALLOWS_CONTENT_MODE_SWITCH, real 748 x 720, largest app 748 x 748, smallest app 654 x 654, appVsyncOff 16666666, presDeadline 17666666, mode 8, renderFrameRate 60.000004, hasArrSupport false, frameRateCategoryRate FrameRateCategoryRate {normal=60.0, high=90.0}, supportedRefreshRates [60.000004], defaultMode 8, REFRESH_RATE_MODE_SEAMLESS, userPreferredModeId -1, supportedModes [{id=8, width=748, height=720, fps=60.000004, vsync=60.000004, synthetic=false, alternativeRefreshRates=[], supportedHdrTypes=[2, 3, 4]}], appsSupportedModes [{id=8, width=748, height=720, fps=60.000004, vsync=60.000004, synthetic=false, alternativeRefreshRates=[], supportedHdrTypes=[2, 3, 4]}], hdrCapabilities HdrCapabilities{mSupportedHdrTypes=[2, 3, 4], mMaxLuminance=450.0, mMaxAverageLuminance=225.00024, mMinLuminance=5.0E-4}, isForceSdr false, userDisabledHdrTypes [], minimalPostProcessingSupported false, rotation 0, state OFF, committedState OFF}, DisplayMetrics{density=2.125, width=748, height=654, scaledDensity=2.125, xdpi=306.438, ydpi=309.966}, isValid=true
03-12 21:51:48.550  3003  3681 V InputMethodManagerService: IME window vis: 0 active: 0 visible: 0 displayId: 0
03-12 21:51:48.550  3003  3681 D InputMethodManagerService: isImeSwitcherDisabledPackage : false
03-12 21:51:48.550  3003  3993 D SysinputHAL_AIDL: setProperty(TSP_SUB(2)): CMD, set_fold_state,1 ret=0
03-12 21:51:48.550  3003  3130 D DisplayPowerController[1]: onDisplayChanged: mIsEnabled=false mIsInTransition=true mDualScreenPolicy=1 mDisplayDevice=com.android.server.display.LocalDisplayAdapter$LocalDisplayDevice@267658d
03-12 21:51:48.550  3003  3130 D DisplayPowerController[1]: noteDualScreenState: State=OFF, dualScreenPolicy=1
03-12 21:51:48.551  4205  4670 I KeyguardService: onStartedGoingToSleep pmSleepReason=13
03-12 21:51:48.551  3003  3130 D DisplayPowerController[1]: animateScreenStateChange: target=OFF, mIsEnabled=false
03-12 21:51:48.551  3003  3130 I DisplayPowerController[1]: BrightnessEvent: brt=0.0 (0.0%), nits= 1.0, lux=-1.0, reason=screen_off, strat=ScreenOffBrightnessStrategy, state=OFF, stateReason=DEFAULT_POLICY, policy=OFF, flags=, initBrt=0.0, rcmdBrt=NaN, preBrt=NaN, preLux=0.0, wasShortTermModelActive=false, autoBrightness=true (default), unclampedBrt=0.0, hbmMax=1.0, hbmMode=off, thrmMax=1.0, rbcStrength=-1, powerFactor=1.0, physDisp=Built-in Screen(local:4630946638498144900), logicalId=1, slowChange=false, rampSpeed=0.0
03-12 21:51:48.551  3003  4866 I ActivityManager: Changes in 10405 19 to 6, 0 to 128
03-12 21:51:48.552  3003  3130 D DisplayPowerController[0]: onDisplayChanged: mIsEnabled=true mIsInTransition=true mDualScreenPolicy=1 mDisplayDevice=com.android.server.display.LocalDisplayAdapter$LocalDisplayDevice@a261cbf
03-12 21:51:48.552  2005  2005 D qmi_secgps_clnt: SECGPS: send a qmi message to secgps_server OK
03-12 21:51:48.552  3003  3130 D DisplayPowerController[0]: animateScreenStateChange: target=OFF, mIsEnabled=true
03-12 21:51:48.553  3003  3130 D ColorFade: ColorFade start [PREPARE]  : mode=2
03-12 21:51:48.553  3003  3064 D UsbDeviceManager: notifyAsUser: id=0 title=USB for charging phone
03-12 21:51:48.553  2071  2128 I sysinput:Touch2: operator():237, OK
03-12 21:51:48.554  3003  3130 D ColorFade: ColorFade start display info.
03-12 21:51:48.554  3003  3130 D ColorFade: ColorFade end display info.
03-12 21:51:48.554  3003  3130 D ColorFade: ColorFade start setColorFadeNightDim
03-12 21:51:48.554  2007  2007 I sensors-hal: set_config:64, no need to adjust sample_period_ns due to reporting_mode = 2
03-12 21:51:48.554  3003  3130 D ColorFade: ColorFade end setColorFadeNightDim
03-12 21:51:48.554  2007  2007 I sensors-hal: batch:363, com.samsung.sensor.pocket_mode/1692, period=200000000, max_latency=0 request completed
03-12 21:51:48.554 29180 15340 I HBD     : h writeToFile complete 
03-12 21:51:48.554  2105  2836 I SurfaceFlinger: id=14589 createSurf, flag=20004, ColorFade_d0#14589
03-12 21:51:48.554  2092  2092 I factory.ssc: vendor/qcom/proprietary/adsprpc/src/mod_table.c:792: open_mod_table_close: closed reverse module apps_std with handle 0xc17f4dd8
03-12 21:51:48.554  3003  3681 W InputMethodManagerService: callbackImeWindowStatus: skipped topFocusedDisplayId=1, curTokenDisplayId=0
03-12 21:51:48.555  3003  3681 V InputMethodManagerService: applyImeVisibility state=4
03-12 21:51:48.555  3003  3681 I SurfaceComposerClient: captureLayers:childrenOnly:1, sync:1
03-12 21:51:48.555  4205  4205 D NavigationModeController: getCurrentInteractionMode: mode=0 contextUser=0
03-12 21:51:48.555  4205  4205 D Navbar.Store: handleEvent(1) GetInflateLayoutID(vertical=false) [Module] SamsungNavigationBarInflaterView
03-12 21:51:48.555  4205  4205 D Navbar.Store: --[Band]STABLE_LAYOUT_PACK_GET_INFLATE_LAYOUT_ID
03-12 21:51:48.555  4205  4205 D NavBarStateManager: NavBarStates(1) getLayoutID(vertical: false): 2131559285
03-12 21:51:48.555  4205  4205 D Navbar.Store: handleEvent(1) value= 2131559285
03-12 21:51:48.555 29180 15341 I HBD     : a InputMethodSubtype is set as local:en_US 
03-12 21:51:48.555  4205  4205 D Navbar.Store: handleEvent(1) GetInflateLayoutID(vertical=true) [Module] SamsungNavigationBarInflaterView
03-12 21:51:48.555  4205  4205 D Navbar.Store: --[Band]STABLE_LAYOUT_PACK_GET_INFLATE_LAYOUT_ID
03-12 21:51:48.555  4205  4205 D NavBarStateManager: NavBarStates(1) getLayoutID(vertical: true): 2131559287
03-12 21:51:48.555  4205  4205 D Navbar.Store: handleEvent(1) value= 2131559287
03-12 21:51:48.556  4205  4205 D Navbar.Store: handleEvent(1) GetDefaultLayout(noArguments=true) [Module] SamsungNavigationBarInflaterView
03-12 21:51:48.556  4205  4205 D Navbar.Store: --[Band]STABLE_LAYOUT_PACK_GET_DEFAULT_LAYOUT
03-12 21:51:48.556  4205  4205 D NavBarStateManager: NavBarStates(1) getDefaultLayout: space,home,gap,back,space;;
03-12 21:51:48.556  4205  4205 D Navbar.Store: handleEvent(1) value= space,home,gap,back,space;;
03-12 21:51:48.556  4205  4205 D Navbar.Store: handleEvent(1) GetInflateButtonWidth(buttonSpec=space, landscape=false) [Module] SamsungNavigationBarInflaterView
03-12 21:51:48.556  4205  4205 D Navbar.Store: --[Band]STABLE_LAYOUT_PACK_INFLATE_NAVBAR
03-12 21:51:48.556  4205  4205 D NavBarStateManager: NavBarStates(1) getSpaceWidth(land: false): 64
03-12 21:51:48.556  4205  4205 D Navbar.Store: handleEvent(1) value= 64
03-12 21:51:48.556  4205  4205 D Navbar.Store: handleEvent(1) GetInflateButtonWidth(buttonSpec=home, landscape=false) [Module] SamsungNavigationBarInflaterView
03-12 21:51:48.556  4205  4205 D Navbar.Store: --[Band]STABLE_LAYOUT_PACK_INFLATE_NAVBAR
03-12 21:51:48.556  4205  4205 D NavBarStateManager: NavBarStates(1) getButtonWidth(land: false): 102
03-12 21:51:48.556  3003  3003 I ActivityManager: Changes in 10139 5 to 6, 255 to 239
03-12 21:51:48.556  4205  4205 D Navbar.Store: handleEvent(1) value= 102
03-12 21:51:48.556  4205  4205 D Navbar.Store: handleEvent(1) GetInflateButtonWidth(buttonSpec=gap, landscape=false) [Module] SamsungNavigationBarInflaterView
03-12 21:51:48.556  4205  4205 D Navbar.Store: --[Band]STABLE_LAYOUT_PACK_INFLATE_NAVBAR
03-12 21:51:48.556  4205  4205 D NavBarStateManager: NavBarStates(1) getButtonDistanceSize(land: false): 17
03-12 21:51:48.556  4205  4205 D Navbar.Store: handleEvent(1) value= 17
03-12 21:51:48.557  4205  4205 D Navbar.Store: handleEvent(1) GetInflateButtonWidth(buttonSpec=back, landscape=false) [Module] SamsungNavigationBarInflaterView
03-12 21:51:48.557  4205  4205 D Navbar.Store: --[Band]STABLE_LAYOUT_PACK_INFLATE_NAVBAR
03-12 21:51:48.557  4205  4205 D NavBarStateManager: NavBarStates(1) getButtonWidth(land: false): 102
03-12 21:51:48.557  4205  4205 D Navbar.Store: handleEvent(1) value= 102
03-12 21:51:48.557  4205  4205 D Navbar.Store: handleEvent(1) GetInflateButtonWidth(buttonSpec=space, landscape=false) [Module] SamsungNavigationBarInflaterView
03-12 21:51:48.557  4205  4205 D Navbar.Store: --[Band]STABLE_LAYOUT_PACK_INFLATE_NAVBAR
03-12 21:51:48.557  4205  4205 D NavBarStateManager: NavBarStates(1) getSpaceWidth(land: false): 64
03-12 21:51:48.557  4205  4205 D Navbar.Store: handleEvent(1) value= 64
03-12 21:51:48.557  4205  4205 D Navbar.Store: handleEvent(1) GetInflateButtonWidth(buttonSpec=space, landscape=true) [Module] SamsungNavigationBarInflaterView
03-12 21:51:48.557  4205  4205 D Navbar.Store: --[Band]STABLE_LAYOUT_PACK_INFLATE_NAVBAR
03-12 21:51:48.557  4205  4205 D NavBarStateManager: NavBarStates(1) getSpaceWidth(land: true): 64
03-12 21:51:48.557  4205  4205 D Navbar.Store: handleEvent(1) value= 64
03-12 21:51:48.557  4205  4205 D Navbar.Store: handleEvent(1) GetInflateButtonWidth(buttonSpec=home, landscape=true) [Module] SamsungNavigationBarInflaterView
03-12 21:51:48.557  4205  4205 D Navbar.Store: --[Band]STABLE_LAYOUT_PACK_INFLATE_NAVBAR
03-12 21:51:48.557  4205  4205 D NavBarStateManager: NavBarStates(1) getButtonWidth(land: true): 102
03-12 21:51:48.557  4205  4205 D Navbar.Store: handleEvent(1) value= 102
03-12 21:51:48.557  4205  4205 D Navbar.Store: handleEvent(1) GetInflateButtonWidth(buttonSpec=gap, landscape=true) [Module] SamsungNavigationBarInflaterView
03-12 21:51:48.557  4205  4205 D Navbar.Store: --[Band]STABLE_LAYOUT_PACK_INFLATE_NAVBAR
03-12 21:51:48.557  4205  4205 D NavBarStateManager: NavBarStates(1) getButtonDistanceSize(land: true): 17
03-12 21:51:48.557  3003  3067 D DeviceStatePolicy: updateFoldingSensorListenerLw, foldOpen=false, awake=false, isTableModeEnabled=true, forceOff=false, caller=com.android.server.devicestate.DeviceStateManagerService$OverrideRequestScreenObserver.onAwakeStateChanged:16 com.android.server.wm.ActivityTaskManagerService$$ExternalSyntheticLambda7.run:57 android.os.Handler.handleCallback:995 android.os.Handler.dispatchMessage:103 android.os.Looper.loopOnce:273 android.os.Looper.loop:363 android.os.HandlerThread.run:85 com.android.server.ServiceThread.run:49 <bottom of call stack> <bottom of call stack> 
03-12 21:51:48.557  4205  4205 D Navbar.Store: handleEvent(1) value= 17
03-12 21:51:48.557  4205  4205 D Navbar.Store: handleEvent(1) GetInflateButtonWidth(buttonSpec=back, landscape=true) [Module] SamsungNavigationBarInflaterView
03-12 21:51:48.557  4205  4205 D Navbar.Store: --[Band]STABLE_LAYOUT_PACK_INFLATE_NAVBAR
03-12 21:51:48.557  4205  4205 D NavBarStateManager: NavBarStates(1) getButtonWidth(land: true): 102
03-12 21:51:48.557  4205  4205 D Navbar.Store: handleEvent(1) value= 102
03-12 21:51:48.557  4205  4205 D Navbar.Store: handleEvent(1) GetInflateButtonWidth(buttonSpec=space, landscape=true) [Module] SamsungNavigationBarInflaterView
03-12 21:51:48.558  4205  4205 D Navbar.Store: --[Band]STABLE_LAYOUT_PACK_INFLATE_NAVBAR
03-12 21:51:48.558  4205  4205 D NavBarStateManager: NavBarStates(1) getSpaceWidth(land: true): 64
03-12 21:51:48.558  4205  4205 D Navbar.Store: handleEvent(1) value= 64
03-12 21:51:48.558  4205  4205 D Navbar.Store: handleEvent(1) GetInflateButtonWidth(buttonSpec=space, landscape=false) [Module] SamsungNavigationBarInflaterView
03-12 21:51:48.558  4205  4670 D FactoryTest: checkAutomationTestOption() : option=0
03-12 21:51:48.558  4360  4360 I SprWallpaper|VideoPlayer: configure
03-12 21:51:48.558  4205  4670 D FactoryTest: checkAutomationTestOption() : mode_screenlock=0
03-12 21:51:48.558  4205  4205 D Navbar.Store: --[Band]STABLE_LAYOUT_PACK_INFLATE_NAVBAR
03-12 21:51:48.558  3003  3130 D ColorFade: ColorFade End [PREPARE]  : mode=2 , <Time> displayInfo: 0
03-12 21:51:48.558  4205  4205 D NavBarStateManager: NavBarStates(1) getSpaceWidth(land: false): 64
03-12 21:51:48.558  4205  4205 D Navbar.Store: handleEvent(1) value= 64
03-12 21:51:48.558  3003  3130 W DisplayPowerController[0]: ColorFade: onAnimationStart
03-12 21:51:48.558  3003  3130 W DisplayPowerState: !@ColorFade entry displayId=0
03-12 21:51:48.558  3003  3130 W DisplayPowerController[0]: ColorFade: onAnimationEnd
03-12 21:51:48.558  4205  4205 D Navbar.Store: handleEvent(1) GetInflateButtonWidth(buttonSpec=left_remote_view, landscape=false) [Module] SamsungNavigationBarInflaterView
03-12 21:51:48.558  4205  4205 D Navbar.Store: --[Band]STABLE_LAYOUT_PACK_INFLATE_NAVBAR
03-12 21:51:48.558  4205  4205 D NavBarStateManager: NavBarStates(1) getButtonWidth(land: false): 102
03-12 21:51:48.558  4205  4205 D Navbar.Store: handleEvent(1) value= 102
03-12 21:51:48.558  3003  3130 I DisplayPowerController[0]: BrightnessEvent: brt=0.0039215684 (11.0%), nits= 1.371, lux=0.0, reason=automatic, strat=AutomaticBrightnessStrategy, state=ON, stateReason=DEFAULT_POLICY, policy=OFF, flags=, initBrt=0.0039215684, rcmdBrt=0.0039215684, preBrt=NaN, preLux=5.0, wasShortTermModelActive=false, autoBrightness=true (default), unclampedBrt=0.0039215684, hbmMax=1.0, hbmMode=off, thrmMax=1.0, rbcStrength=-1, powerFactor=1.0, physDisp=Built-in Screen(local:4630946564756762243), logicalId=0, slowChange=false, rampSpeed=0.0
03-12 21:51:48.558  4205  4205 D Navbar.Store: handleEvent(1) GetInflateButtonWidth(buttonSpec=gap, landscape=false) [Module] SamsungNavigationBarInflaterView
03-12 21:51:48.558  4205  4205 D Navbar.Store: --[Band]STABLE_LAYOUT_PACK_INFLATE_NAVBAR
03-12 21:51:48.558  4205  4205 D NavBarStateManager: NavBarStates(1) getButtonDistanceSize(land: false): 17
03-12 21:51:48.558  4205  4205 D Navbar.Store: handleEvent(1) value= 17
03-12 21:51:48.559  3003  3130 D DisplayPowerController[0]: animateScreenStateChange: target=OFF, mIsEnabled=true
03-12 21:51:48.559  3003  3130 I DisplayPowerController[0]: Blocking screen off
03-12 21:51:48.559  3003  3130 D DisplayPowerController[0]: mWindowManagerPolicy.screenTurningOff()
03-12 21:51:48.559  4205  4205 D Navbar.Store: handleEvent(1) GetInflateButtonWidth(buttonSpec=right_remote_view, landscape=false) [Module] SamsungNavigationBarInflaterView
03-12 21:51:48.559  4205  4205 D Navbar.Store: --[Band]STABLE_LAYOUT_PACK_INFLATE_NAVBAR
03-12 21:51:48.559  4205  4670 I KeyguardService: onScreenTurningOff
03-12 21:51:48.559  3003  3130 D DisplayPowerController[1]: animateScreenStateChange: target=OFF, mIsEnabled=false
03-12 21:51:48.559  4205  4205 D NavBarStateManager: NavBarStates(1) getButtonWidth(land: false): 102
03-12 21:51:48.559  4205  4205 D Navbar.Store: handleEvent(1) value= 102
03-12 21:51:48.559  3003  3130 D BrightnessThermalClamper: Thermal status observer already started
03-12 21:51:48.559  3003  3130 D BrightnessThermalClamper: Thermal status observer already started
03-12 21:51:48.559  4205  4205 D Navbar.Store: handleEvent(1) GetInflateButtonWidth(buttonSpec=space, landscape=false) [Module] SamsungNavigationBarInflaterView
03-12 21:51:48.559  4205  4205 D Navbar.Store: --[Band]STABLE_LAYOUT_PACK_INFLATE_NAVBAR
03-12 21:51:48.559  4205  4205 D NavBarStateManager: NavBarStates(1) getSpaceWidth(land: false): 64
03-12 21:51:48.559  4205  4205 D Navbar.Store: handleEvent(1) value= 64
03-12 21:51:48.559  3003  3130 D DisplayPowerController[0]: animateScreenStateChange: target=OFF, mIsEnabled=true
03-12 21:51:48.559  4205  4205 D Navbar.Store: handleEvent(1) GetInflateButtonWidth(buttonSpec=space, landscape=true) [Module] SamsungNavigationBarInflaterView
03-12 21:51:48.559  2105  2105 I SurfaceFlinger: [ColorFade_d0#14589] attach to parent Root
03-12 21:51:48.559  4205  4205 D Navbar.Store: --[Band]STABLE_LAYOUT_PACK_INFLATE_NAVBAR
03-12 21:51:48.559  4205  4205 D NavBarStateManager: NavBarStates(1) getSpaceWidth(land: true): 64
03-12 21:51:48.559  4205  4205 D Navbar.Store: handleEvent(1) value= 64
03-12 21:51:48.559  4205  4205 D Navbar.Store: handleEvent(1) GetInflateButtonWidth(buttonSpec=left_remote_view, landscape=false) [Module] SamsungNavigationBarInflaterView
03-12 21:51:48.559  4205  4205 D Navbar.Store: --[Band]STABLE_LAYOUT_PACK_INFLATE_NAVBAR
03-12 21:51:48.559  4205  4205 D NavBarStateManager: NavBarStates(1) getButtonWidth(land: false): 102
03-12 21:51:48.559  4360 15324 I MediaCodec: MediaCodec will operate in async mode
03-12 21:51:48.559  4205  4205 D Navbar.Store: handleEvent(1) value= 102
03-12 21:51:48.559  4205  4205 D Navbar.Store: handleEvent(1) GetInflateButtonWidth(buttonSpec=gap, landscape=true) [Module] SamsungNavigationBarInflaterView
03-12 21:51:48.559  4205  4205 D Navbar.Store: --[Band]STABLE_LAYOUT_PACK_INFLATE_NAVBAR
03-12 21:51:48.559  4205  4205 D NavBarStateManager: NavBarStates(1) getButtonDistanceSize(land: true): 17
03-12 21:51:48.559  4205  4205 D Navbar.Store: handleEvent(1) value= 17
03-12 21:51:48.559  4205  4205 D Navbar.Store: handleEvent(1) GetInflateButtonWidth(buttonSpec=right_remote_view, landscape=false) [Module] SamsungNavigationBarInflaterView
03-12 21:51:48.559  4205  4205 D Navbar.Store: --[Band]STABLE_LAYOUT_PACK_INFLATE_NAVBAR
03-12 21:51:48.560  4205  4205 D NavBarStateManager: NavBarStates(1) getButtonWidth(land: false): 102
03-12 21:51:48.560  4205  4205 D Navbar.Store: handleEvent(1) value= 102
03-12 21:51:48.560  4205  4205 D Navbar.Store: handleEvent(1) GetInflateButtonWidth(buttonSpec=space, landscape=true) [Module] SamsungNavigationBarInflaterView
03-12 21:51:48.560  4205  4205 D Navbar.Store: --[Band]STABLE_LAYOUT_PACK_INFLATE_NAVBAR
03-12 21:51:48.560  4205  4205 D NavBarStateManager: NavBarStates(1) getSpaceWidth(land: true): 64
03-12 21:51:48.560  4205  4205 D Navbar.Store: handleEvent(1) value= 64
03-12 21:51:48.560  4205  4205 D Navbar.Store: handleEvent(1) GetNavBarSidePadding(landscape=false) [Module] SamsungNavigationBarInflaterView
03-12 21:51:48.560  4205  4205 D Navbar.Store: --[Band]STABLE_LAYOUT_PACK_INFLATE_NAVBAR_SIDE_PADDING
03-12 21:51:48.560  4205  4205 D NavBarStateManager: NavBarStates(1) getNavBarSidePadding: 0
03-12 21:51:48.560  4205  4205 D Navbar.Store: handleEvent(1) value= 0
03-12 21:51:48.560  4205  4205 D Navbar.Store: handleEvent(1) GetNavBarSidePadding(landscape=true) [Module] SamsungNavigationBarInflaterView
03-12 21:51:48.560  4205  4205 D Navbar.Store: --[Band]STABLE_LAYOUT_PACK_INFLATE_NAVBAR_SIDE_PADDING
03-12 21:51:48.560  4205  4205 D NavBarStateManager: NavBarStates(1) getNavBarSidePadding: 0
03-12 21:51:48.560  4205  4205 D Navbar.Store: handleEvent(1) value= 0
03-12 21:51:48.560  4205  4205 D Navbar.Store: handleEvent(1) GetNavBarSidePadding(landscape=false) [Module] SamsungNavigationBarInflaterView
03-12 21:51:48.560  4205  4205 D Navbar.Store: --[Band]STABLE_LAYOUT_PACK_INFLATE_NAVBAR_SIDE_PADDING
03-12 21:51:48.560  4205  4205 D NavBarStateManager: NavBarStates(1) getNavBarSidePadding: 0
03-12 21:51:48.560  4205  4205 D Navbar.Store: handleEvent(1) value= 0
03-12 21:51:48.560  4205  4205 D Navbar.Store: handleEvent(1) GetNavBarSidePadding(landscape=true) [Module] SamsungNavigationBarInflaterView
03-12 21:51:48.560  4205  4205 D Navbar.Store: --[Band]STABLE_LAYOUT_PACK_INFLATE_NAVBAR_SIDE_PADDING
03-12 21:51:48.560  4205  4205 D NavBarStateManager: NavBarStates(1) getNavBarSidePadding: 0
03-12 21:51:48.560  4205  4205 D Navbar.Store: handleEvent(1) value= 0
03-12 21:51:48.560  2092  2092 I factory.ssc: vendor/qcom/proprietary/adsprpc/src/fastrpc_apps_user.c:3408: close_device_node: closed dev 16 on domain 0
03-12 21:51:48.560  2092  2092 I factory.ssc: vendor/qcom/proprietary/adsprpc/src/fastrpc_apps_user.c:3237: domain_deinit: closed device 16 on domain 0 (kill time 5559 us)
03-12 21:51:48.560  2092  2092 I factory.ssc: vendor/qcom/proprietary/adsprpc/src/fastrpc_apps_user.c:1758: remote_handle64_close: closed handle 0xb400006d90c31bd0 remote handle 0x0, num of open handles: 0
03-12 21:51:48.560  2092  2092 I SSC_DAEMON: handleSensorTestReqMsg:85, Sensor type :15, Msg type:15
03-12 21:51:48.560  2092  2092 I SSC_DAEMON: physicalSensorTestReqMsg:130, s:15, m:15
03-12 21:51:48.560  3003  3130 D DisplayPowerController[0]: animateScreenStateChange: target=OFF, mIsEnabled=true
03-12 21:51:48.560  4360  4360 E MediaCodec: Media Quality Service not found.
03-12 21:51:48.561  4360 15324 I MediaCodec: [c2.qti.hevc.decoder] setting surface generation to 4465076
03-12 21:51:48.561  4205  4420 D KeyguardTransitionRepository: (Internal) Setting current transition info: TransitionInfo(ownerName=FromGoneTransitionInteractor(Sleep transition triggered), from=GONE, to=DOZING, animated)
03-12 21:51:48.561  2007  3645 I sensors-hal: qsh_conn_event_cb:890, event[0] sensor:Device Common Info  Wakeup, msg_id=1025, ts=3723155746522
03-12 21:51:48.561  2007  3645 I sensors-hal: handle_sns_client_event:65, device_common_info_event: t:3, f:0, s:1, h:1
03-12 21:51:48.561  4360 15325 I CCodec  : appPid(4360) width(1080) height(2640)
03-12 21:51:48.563  2053  2053 W QC2Interface: [hvcD_30] Failed to query parameters
03-12 21:51:48.564  2053  2053 I vendor.qti.media.c2@1.0-service: StrictValueWithNoDeps is called old.v.value is 2141391876 me.v.value is 0
03-12 21:51:48.564  2053  2053 I vendor.qti.media.c2@1.0-service: StrictValueWithNoDeps is called old.v.value is 1 me.v.value is 120
03-12 21:51:48.564  2053  2053 I vendor.qti.media.c2@1.0-service: [FRC-IsFilteringEnabled] entry
03-12 21:51:48.564  2053  2053 I vendor.qti.media.c2@1.0-service: [FRC-IsFilteringEnabled] frcReqInfo.value is 0
03-12 21:51:48.564  2105  2858 D SurfaceFlinger: [input] setFocusedWindow: <null>
03-12 21:51:48.564  3003  5013 D InputDispatcher: Focus left window (0): bc944e2 com.squareup.cash/com.squareup.cash.ui.MainActivity
03-12 21:51:48.564  3003  6828 D InputDispatcher: Once focus requested (0): <null>
03-12 21:51:48.566  2053  2956 W QC2Interface: [hvcD_30] Failed to query parameters
03-12 21:51:48.566 14882 14882 I ImeFocusController: onPreWindowFocus: skipped hasWindowFocus=false mHasImeFocus=true
03-12 21:51:48.566  4360 15325 W Codec2Client: query -- param skipped: index = 1107298332.
03-12 21:51:48.566  4360 15325 W CCodec  : This behavior is subject to change. It is recommended that app developers double check whether the requested max input size is in reasonable range.
03-12 21:51:48.566  2053  2053 W QC2Interface: [hvcD_30] Failed to query parameters
03-12 21:51:48.566  4360 15325 I CCodecConfig: query failed after returning 18 values (BAD_INDEX)
03-12 21:51:48.567 14882 14882 I ImeFocusController: onPostWindowFocus: skipped hasWindowFocus=false mHasImeFocus=true
03-12 21:51:48.567  2053  2956 W QC2Interface: [hvcD_30] Failed to query parameters
03-12 21:51:48.567  4360 15325 E .wallpaper.live: Failed to query component interface for required system resources: 6
03-12 21:51:48.567  4360  4360 I SprWallpaper|VideoPlayer: start: state[1] after prepare
03-12 21:51:48.568  2007  2007 I sensors-hal: activate:300, com.samsung.sensor.pocket_mode/1692 en=1
03-12 21:51:48.568  3003  6828 D SehCodecSolutionService: updateMediaStatisticsData: (action=1@1986621044;category=2@1986621044;label=1936222261@1986621044)
03-12 21:51:48.568  3003  6828 D CodecSolution_MediaStatisticsData: MediaStatisticsData: action=1@1986621044;category=2@1986621044;label=1936222261@1986621044
03-12 21:51:48.568  3003  6828 D CodecSolution_MediaStatisticsData: Category.valueOf: 2
03-12 21:51:48.568  3003  6828 D CodecSolution_MediaStatisticsData: Action.valueOf: 1
03-12 21:51:48.568  2007  2007 I sensors-hal: acquire_qsh_interface:139, acquire_qsh_interface with sensor_id 4 , conn_type 1 
03-12 21:51:48.568  2007  2007 I sensors-hal: acquire_qsh_interface:142, returning _shared_instance[SHARED_ON_CHANGE_WAKEUP].conn - wakeup 
03-12 21:51:48.569  2007  2007 I sensors-hal: acquire_shared_instance:173, re-use existing connection for type 1 
03-12 21:51:48.569  3003  6828 D CodecSolution_MediaStatisticsData: Label.valueOf: 0x73686835
03-12 21:51:48.569  2007  2007 I sensors-hal: register_cb:304, suid(low=11039279336981156932,high=1340270623893619472) is new. register callbacks
03-12 21:51:48.569  3003  6828 D CodecSolution_MediaStatisticsData: category: VDEC
03-12 21:51:48.569  3003  6828 D CodecSolution_MediaStatisticsData: action: INSTANTIATE
03-12 21:51:48.569  3003  6828 D CodecSolution_MediaStatisticsData: label: SEC_HW_H265
03-12 21:51:48.569  2007  2007 I sensors-hal: send_sensor_config_request:645, dt=pocket_mode: convert sample_period=200000000 to batch_period=200000
03-12 21:51:48.569  2007  2007 I sensors-hal: send_sync_sensor_request:508, send sync request
03-12 21:51:48.569  2007  2007 I sensors-hal: send_sync_sensor_request:518, send_sync_sensor_request before send_request for pocket_mode with SUID low=11039279336981156932 high=1340270623893619472
03-12 21:51:48.569  2007  2007 I sensors-hal: send_sync_sensor_request:537, wait for notification of response
03-12 21:51:48.569  4360 15324 I CCodec  : [c2.qti.hevc.decoder] state->set(STARTING)
03-12 21:51:48.569  2007  3645 I sensors-hal: qsh_conn_resp_cb:930, resp_value = 0 for pocket_mode 
03-12 21:51:48.569  2053  2956 I vendor.qti.media.c2@1.0-service: [FRC-IsFilteringEnabled] entry
03-12 21:51:48.569  2053  2956 I vendor.qti.media.c2@1.0-service: [FRC-IsFilteringEnabled] frcReqInfo.value is 0
03-12 21:51:48.569  2092  3859 I SSC_DAEMON: virtualOpticFlipStateEvent:29, fstate: 1
03-12 21:51:48.570  2007  2007 I sensors-hal: send_sync_sensor_request:543, takes 0 ms to receive the response with 0
03-12 21:51:48.570  2007  2007 I sensors-hal: activate:330, com.samsung.sensor.pocket_mode/1692 en=1 completed
03-12 21:51:48.570  2053  2956 I QC2Comp : [hvcD_30] CPU perf resource value pair found: [1082130688, 4095, ]
03-12 21:51:48.570  2105  2921 I SurfaceFlinger: Capture layer list: 	 InputMethod$_15873#14587(seamlessTransition:0)
03-12 21:51:48.571  6103  6103 W ContextImpl: Calling a method in the system process without a qualified user: android.app.ContextImpl.startService:2068 android.content.ContextWrapper.startService:872 android.content.ContextWrapper.startService:872 com.sec.android.diagmonagent.sa.receiver.CFLogReceiver.onReceive:56 android.app.ActivityThread.handleReceiver:5663 
03-12 21:51:48.571  2105  2342 D RenderEngine: [SEC_SF_EFFECTS] drawLayersInternal,1483, Rendering layer ScreenCaptureFillLayer at index 0
03-12 21:51:48.571  2105  2342 D RenderEngine: [SEC_SF_EFFECTS] drawLayersInternal,1483, Rendering layer InputMethod$_15873#14587 at index 1
03-12 21:51:48.571  3003  3915 D SensorManager: registerListener :: 1692, Pocket mode  Wakeup, 200000, 0, com.samsung.android.gesture.PocketProximityManager$2@728726e
03-12 21:51:48.571  3003  3915 E PocketProximityManager: register pocket sensor
03-12 21:51:48.571  3003  3915 D PocketModeEvent: MSG_TYPE_REGISTER_POCKET_POSITION_SENSOR
03-12 21:51:48.571  3003  4002 D BackgroundInstallControlService: Package event received: 0
03-12 21:51:48.572  2007  2007 I sensors-hal: set_config:64, no need to adjust sample_period_ns due to reporting_mode = 2
03-12 21:51:48.572  2007  2007 I sensors-hal: batch:363, com.samsung.sensor.pocket_pos_mode/2622, period=200000000, max_latency=0 request completed
03-12 21:51:48.572  2053  2956 I QC2Registry: Build pipelined codec for session
03-12 21:51:48.572  2053  2956 I QC2Registry: Getting stages for pipelined codec
03-12 21:51:48.572  2007  2007 I sensors-hal: activate:300, com.samsung.sensor.pocket_pos_mode/2622 en=1
03-12 21:51:48.572  2007  2007 I sensors-hal: acquire_qsh_interface:139, acquire_qsh_interface with sensor_id 3 , conn_type 1 
03-12 21:51:48.572  2007  2007 I sensors-hal: acquire_qsh_interface:142, returning _shared_instance[SHARED_ON_CHANGE_WAKEUP].conn - wakeup 
03-12 21:51:48.572  2007  2007 I sensors-hal: acquire_shared_instance:173, re-use existing connection for type 1 
03-12 21:51:48.572  2007  2007 I sensors-hal: register_cb:304, suid(low=4779840344920564001,high=1320970896291267344) is new. register callbacks
03-12 21:51:48.572  2007  2007 I sensors-hal: send_sensor_config_request:645, dt=pocket_pos_mode: convert sample_period=200000000 to batch_period=200000
03-12 21:51:48.572  2007  2007 I sensors-hal: send_sync_sensor_request:508, send sync request
03-12 21:51:48.572  2007  2007 I sensors-hal: send_sync_sensor_request:518, send_sync_sensor_request before send_request for pocket_pos_mode with SUID low=4779840344920564001 high=1320970896291267344
03-12 21:51:48.572  2007  2007 I sensors-hal: send_sync_sensor_request:537, wait for notification of response
03-12 21:51:48.572  3003  4082 D HdrSolution_HdrDisplayNitMapper: updataTargetNit--------------mLightSensorData: -1.0, scaleRatio: 200.0, target: 1.0->200
03-12 21:51:48.573  2053  2956 I QC2Registry: Requested codec is pipelined. Create codec list
03-12 21:51:48.573  2053  2956 I QC2Registry: GetEnabledFilters for c2.qti.hevc.decoder
03-12 21:51:48.573  2053  2956 I QC2Registry: Pipeline Index = a0009102
03-12 21:51:48.573  2053  2956 I QC2Registry: Filter sec2.imageformat.filter can't be pipelined
03-12 21:51:48.573  2053  2956 I QC2Registry: Pipeline Index = a000a103
03-12 21:51:48.573  2053  2956 I QC2Registry: Filter c2.qti.filter.imagetransform can't be pipelined
03-12 21:51:48.573  2053  2956 I QC2Registry: Created 0 filters for pipelined codec c2.qti.hevc.decoder
03-12 21:51:48.573  2053  2956 E QC2Comp : [hvcD_30] configureIntf failed 95
03-12 21:51:48.573  2007  3645 I sensors-hal: qsh_conn_resp_cb:930, resp_value = 0 for pocket_pos_mode 
03-12 21:51:48.573  2007  2007 I sensors-hal: send_sync_sensor_request:543, takes 0 ms to receive the response with 0
03-12 21:51:48.573  2007  2007 I sensors-hal: activate:330, com.samsung.sensor.pocket_pos_mode/2622 en=1 completed
03-12 21:51:48.573  3003  3915 D SensorManager: registerListener :: 2622, Pocket Position Mode  Wakeup, 200000, 0, com.samsung.android.gesture.PocketSensitivityManager$1@a3d091f
03-12 21:51:48.573  3003  3915 E PocketSensitivityManager: register pocket position sensor
03-12 21:51:48.574  2105  2836 I SurfaceFlinger: id=14590 createSurf, flag=44004, IME-snapshot-surface#14590
03-12 21:51:48.575  2105  2105 I SurfaceFlinger: RequestedLayer [ColorFade_d0#14589] hidden!! flag  from(1) --> to(0)
03-12 21:51:48.576  2105  2105 I SurfaceFlinger: [IME-snapshot-surface#14590] attach to parent LayerHierarchy{RequestedLayerState{ActivityRecord{6421832 u0 com.squareup.cash/.ui.MainActivity t176}#14574 parentId=14573} 4 children}
03-12 21:51:48.576  4205  4205 E EdgeBackGestureHandler: No resource found for gesture-blocking activities
03-12 21:51:48.576  3003  3067 D RestrictionPolicy: isScreenCaptureEnabled : ret=true userId=0
03-12 21:51:48.576  3003  3067 D RestrictionPolicy: isScreenCaptureEnabled : ret=true userId=0
03-12 21:51:48.577  3003  3067 D ScreenCapture: [Capture_TEST] : setIsScreenShotBySystem true
03-12 21:51:48.577  3003  3067 I SurfaceComposerClient: captureLayers:childrenOnly:1, sync:1
03-12 21:51:48.577  4205  4205 D NavigationModeController: getCurrentInteractionMode: mode=0 contextUser=0
03-12 21:51:48.578  2105  2105 D SurfaceFlinger: Display 4630946564756762243 HWC layers:
03-12 21:51:48.578  2105  2105 D SurfaceFlinger:   SOLID_COLOR |                        0 | 00000000 | N/A          |    0.0    0.0    0.0    0.0 |    0    0 1080 2640 | ColorFade_d0#14589 (0)
03-12 21:51:48.578  2105  2105 D SurfaceFlinger: 
03-12 21:51:48.579  4205  4205 I NoBackGesture: Config changed: newConfig={1.0 ?mcc0mnc [en_US] ldltr sw307dp w352dp h308dp 340dpi smll hdr widecg land night -touch -keyb/v/h -nav/h winConfig={ mBounds=Rect(0, 0 - 748, 720) mAppBounds=Rect(0, 0 - 748, 654) mMaxBounds=Rect(0, 0 - 748, 720) mDisplayRotation=ROTATION_0 mWindowingMode=fullscreen mActivityType=undefined mAlwaysOnTop=undefined mRotation=ROTATION_0 mStageConfig=undefined mPopOver=undefined mOverlappingWithCutout=false mFlexPanelMode=off} s.3531 fontWeightAdjustment=0 ff=0 bf=-1 bts=0 cst=1.0 nightDim=0 themeSeq=0} lastReportedConfig={1.0 ?mcc0mnc [en_US] ldltr sw307dp w352dp h308dp 340dpi smll hdr widecg land night -touch -keyb/v/h -nav/h winConfig={ mBounds=Rect(0, 0 - 748, 720) mAppBounds=Rect(0, 0 - 748, 654) mMaxBounds=Rect(0, 0 - 748, 720) mDisplayRotation=ROTATION_0 mWindowingMode=fullscreen mActivityType=undefined mAlwaysOnTop=undefined mRotation=ROTATION_0 mStageConfig=undefined mPopOver=undefined mOverlappingWithCutout=false mFlexPanelMode=off} s.3531 fontWeightAdjustment=0 ff=0 bf=-1 bts=0 cst=1.0 nightDim=0 themeSeq=0}
03-12 21:51:48.579  2053  2956 I QC2V4l2Codec: [v4lhvcD_30] KPI_L1: init: ms=6
03-12 21:51:48.579  4205  4205 D Navbar.Store: handleEvent(1) OnNavBarCreated(keyguardStateController=com.android.systemui.statusbar.policy.KeyguardStateControllerImpl@c596bb7, navigationBar=com.android.systemui.navigationbar.views.NavigationBar@780131e) [Module] NavigationBar
03-12 21:51:48.579  4205  4205 D OneHandOpGestureHandler: setDisablePolicy() old=0, new=0
03-12 21:51:48.579  2053 15345 E QC2V4l2Codec: [v4lhvcD_30]  ? is not a supported pixel format!
03-12 21:51:48.579  4205  4205 D NavBarStateManager: NavBarStates(1) isLargeCoverScreenSyncEnabled: false
03-12 21:51:48.579  4205  4205 D Navbar.NavigationBar: onInit() Cover navbar hidden: sync option is off
03-12 21:51:48.579  4205  4205 D NavBarStateManager: NavBarStates(1) isNavBarHiddenByKnox: false
03-12 21:51:48.579 14882 14882 I View    : setRequestedFrameRate frameRate=NaN, this=androidx.compose.ui.platform.AndroidComposeView{cea4dd4 VFED..... .F...... 0,0-1080,2640 aid=1073741830}, caller=android.view.ViewGroup.setRequestedFrameRate:9952 androidx.compose.ui.platform.Api35Impl.setRequestedFrameRate:0 androidx.compose.ui.platform.AndroidComposeView.dispatchDraw:95 android.view.View.draw:26345 android.view.View.updateDisplayListIfDirty:25175 
03-12 21:51:48.579 14882 14882 I View    : setRequestedFrameRate frameRate=NaN, this=android.view.View{d0d7b6f V.ED..... ........ 0,0-0,0}, caller=androidx.compose.ui.platform.Api35Impl.setRequestedFrameRate:0 androidx.compose.ui.platform.AndroidComposeView.dispatchDraw:104 android.view.View.draw:26345 android.view.View.updateDisplayListIfDirty:25175 android.view.ViewGroup.recreateChildDisplayList:4794 
03-12 21:51:48.580  4205  4205 D NavBarStateManager: NavBarStates(0) canShowKeyboardButtonForRotation(0): true
03-12 21:51:48.581  2105  2921 I SurfaceFlinger: Capture layer list: 	 com.squareup.cash/com.squareup.cash.ui.MainActivity$_14882#14582(seamlessTransition:0)
03-12 21:51:48.581  2105  2921 I SurfaceFlinger: Capture layer list: 	 InputMethod$_15873#14587(seamlessTransition:0)
03-12 21:51:48.581  4205  4205 D NavBarStateManager: NavBarStates(1) supportLargeCoverScreenNavBar: true
03-12 21:51:48.581  4205  4205 D NavBarStateManager: NavBarStates(0) canShowKeyboardButtonForRotation(0): true
03-12 21:51:48.581  2105  2342 D RenderEngine: [SEC_SF_EFFECTS] drawLayersInternal,1483, Rendering layer ScreenCaptureFillLayer at index 0
03-12 21:51:48.581  2105  2342 D RenderEngine: [SEC_SF_EFFECTS] drawLayersInternal,1483, Rendering layer com.squareup.cash/com.squareup.cash.ui.MainActivity$_14882#14582 at index 1
03-12 21:51:48.582  4205  4205 D NavBarStateManager: NavBarStates(1) supportLargeCoverScreenNavBar: true
03-12 21:51:48.582  2105  2342 D RenderEngine: [SEC_SF_EFFECTS] drawLayersInternal,1483, Rendering layer InputMethod$_15873#14587 at index 2
03-12 21:51:48.582  4205  4205 D NavBarStateManager: NavBarStates(0) canShowKeyboardButtonForRotation(1): true
03-12 21:51:48.582  4205  4205 D NavBarStateManager: NavBarStates(1) supportLargeCoverScreenNavBar: true
03-12 21:51:48.583  4205  4205 D NavBarStateManager: NavBarStates(0) canShowKeyboardButtonForRotation(2): true
03-12 21:51:48.583  4205  4205 D NavBarStateManager: NavBarStates(1) supportLargeCoverScreenNavBar: true
03-12 21:51:48.583  4205  4205 D NavBarStateManager: NavBarStates(0) canShowKeyboardButtonForRotation(3): true
03-12 21:51:48.584  4205  4205 D NavBarStateManager: NavBarStates(1) supportLargeCoverScreenNavBar: true
03-12 21:51:48.584  4205  4205 I WindowManager: WindowManagerGlobal#addView, ty=2019, view=com.android.systemui.navigationbar.views.NavigationBarFrame{82d67f6 V.E...... ......I. 0,0-0,0 #7f0a083f app:id/navigation_bar_frame}, caller=android.view.WindowManagerImpl.addView:158 com.android.systemui.navigationbar.views.NavigationBar.onInit:238 com.android.systemui.util.ViewController.init:6 
03-12 21:51:48.585  4205  4205 I ViewRootImpl: dVRR is disabled
03-12 21:51:48.585  2053  2956 I QC2V4l2Codec: [v4lhvcD_30] KPI_L1: start: ms=5
03-12 21:51:48.585  2053  2956 W QC2Interface: [hvcD_30] Failed to query parameters
03-12 21:51:48.585  4205  4394 D NativeCustomFrequencyManager: [NativeCFMS] BpCustomFrequencyManager::BpCustomFrequencyManager()
03-12 21:51:48.585  2053  2956 I QC2Comp : [hvcD_30] KPI_L1: start: ms=15
03-12 21:51:48.585  2053  2956 W QC2Interface: [hvcD_30] Failed to query parameters
03-12 21:51:48.586  4360 15325 W Codec2Client: query -- param skipped: index = 1342179345.
03-12 21:51:48.586  4360 15325 W Codec2Client: query -- param skipped: index = 2415921170.
03-12 21:51:48.586  4360 15325 W Codec2Client: query -- param skipped: index = 1610614798.
03-12 21:51:48.586  3003  3067 D RestrictionPolicy: isScreenCaptureEnabled : ret=true userId=0
03-12 21:51:48.586  3003  3067 D RestrictionPolicy: isScreenCaptureEnabled : ret=true userId=0
03-12 21:51:48.586  3003  3067 D DisplayPowerController[0]: [api] WindowManagerPolicy.ScreenOffListener : called onScreenOff()
03-12 21:51:48.586  2053  2956 W QC2Interface: [hvcD_30] Failed to query parameters
