03-12 21:57:38.274  2007  2007 I sensors-hal: send_sync_sensor_request:543, takes 1 ms to receive the response with 0
03-12 21:57:38.274  2007  2007 I sensors-hal: activate:330, com.samsung.sensor.pocket_mode/1692 en=1 completed
03-12 21:57:38.275  2105  2105 I SurfaceFlinger: [IME-snapshot-surface#15129] attach to parent LayerHierarchy{RequestedLayerState{ActivityRecord{151351451 u0 com.squareup.cash/.ui.MainActivity t185}#15113 parentId=15112} 4 children}
03-12 21:57:38.275  2007  3645 I sensors-hal: qsh_conn_event_cb:890, event[0] sensor:Light seamless  Wakeup, msg_id=1025, ts=3729870358461
03-12 21:57:38.275  2007  3645 I sensors-hal: handle_sns_client_event:46, light_seamless ts=194258840821146 ns, 0,0,2147483647, M:0,0, S:0,0
03-12 21:57:38.277  3003  3915 D SensorManager: registerListener :: 1692, Pocket mode  Wakeup, 200000, 0, com.samsung.android.gesture.PocketProximityManager$2@728726e
03-12 21:57:38.277  3003  3915 E PocketProximityManager: register pocket sensor
03-12 21:57:38.277  3003  3915 D PocketModeEvent: MSG_TYPE_REGISTER_POCKET_POSITION_SENSOR
03-12 21:57:38.278  2007  2007 I sensors-hal: set_config:64, no need to adjust sample_period_ns due to reporting_mode = 2
03-12 21:57:38.278  2007  2007 I sensors-hal: create_sensor_config_request:85, auto_rotation: type 2
03-12 21:57:38.278  2007  2007 I sensors-hal: send_sensor_config_request:645, dt=auto_rotation: convert sample_period=200000000 to batch_period=200000
03-12 21:57:38.278  2007  2007 I sensors-hal: send_sync_sensor_request:508, send sync request
03-12 21:57:38.278  2007  2007 I sensors-hal: send_sync_sensor_request:518, send_sync_sensor_request before send_request for auto_rotation with SUID low=8603657889541918976 high=1320970896291267344
03-12 21:57:38.278  2007  2007 I sensors-hal: send_sync_sensor_request:537, wait for notification of response
03-12 21:57:38.278  3003  3067 I ActivityManager: Changes in 10291 3 to 12, 184 to 128
03-12 21:57:38.278  3003  3067 I ActivityManager: Changes in 10175 2 to 12, 255 to 128
03-12 21:57:38.278  3003  3067 I ActivityManager: Changes in 10114 3 to 12, 184 to 128
03-12 21:57:38.278  3003  3067 W ProcessStats: Tracking association SourceState{2f727ce com.samsung.android.carkey/10114 Top #233128} whose proc state 1 is better than process ProcessState{3699a58 com.skms.android.agent:remote/1000 pkg=com.skms.android.agent} proc state 2 (131 skipped)
03-12 21:57:38.278  2007 12669 I sensors-hal: qsh_conn_resp_cb:930, resp_value = 0 for auto_rotation 
03-12 21:57:38.278  4205  4487 I KeyguardService: onScreenTurnedOff
03-12 21:57:38.280  2007  2007 I sensors-hal: send_sync_sensor_request:543, takes 1 ms to receive the response with 0
03-12 21:57:38.280  2007  2007 I sensors-hal: batch:363, android.sensor.device_orientation/271, period=200000000, max_latency=0 request completed
03-12 21:57:38.280  3003  3067 D SGM:FgCheckThread: notePauseComponent(), received pkgName: com.squareup.cash, userId: 0
03-12 21:57:38.280  4205  4205 E EdgeBackGestureHandler: No resource found for gesture-blocking activities
03-12 21:57:38.280  2007  2007 I sensors-hal: activate:300, com.samsung.sensor.device_common_info/2132 en=0
03-12 21:57:38.280  2007  2007 I sensors-hal: send_sync_sensor_request:508, send sync request
03-12 21:57:38.280  2007  2007 I sensors-hal: send_sync_sensor_request:518, send_sync_sensor_request before send_request for device_common_info with SUID low=3766530206566995508 high=1320970896291267344
03-12 21:57:38.280  2007  2007 I sensors-hal: send_sync_sensor_request:537, wait for notification of response
03-12 21:57:38.280  3003  4002 D BackgroundInstallControlService: Package event received: 0
03-12 21:57:38.280  2053  2958 I QC2V4l2Codec: [v4lhvcD_84] KPI_L1: start: ms=9
03-12 21:57:38.280  2053  2958 W QC2Interface: [hvcD_84] Failed to query parameters
03-12 21:57:38.280  4205  4205 D NavigationModeController: getCurrentInteractionMode: mode=0 contextUser=0
03-12 21:57:38.281  3003  3130 I SemMdnieManagerService: DDI setHighBrightnessMode id(0) lux : -1, index : 0
03-12 21:57:38.281  3003  3130 D AutomaticBrightnessController: setLightSensorEnabled: false
03-12 21:57:38.281  4205  4205 I NoBackGesture: Config changed: newConfig={1.0 ?mcc0mnc [en_US] ldltr sw307dp w352dp h308dp 340dpi smll hdr widecg land night -touch -keyb/v/h -nav/h winConfig={ mBounds=Rect(0, 0 - 748, 720) mAppBounds=Rect(0, 0 - 748, 654) mMaxBounds=Rect(0, 0 - 748, 720) mDisplayRotation=ROTATION_0 mWindowingMode=fullscreen mActivityType=undefined mAlwaysOnTop=undefined mRotation=ROTATION_0 mStageConfig=undefined mPopOver=undefined mOverlappingWithCutout=false mFlexPanelMode=off} s.3531 fontWeightAdjustment=0 ff=0 bf=-1 bts=0 cst=1.0 nightDim=0 themeSeq=0} lastReportedConfig={1.0 ?mcc0mnc [en_US] ldltr sw307dp w352dp h308dp 340dpi smll hdr widecg land night -touch -keyb/v/h -nav/h winConfig={ mBounds=Rect(0, 0 - 748, 720) mAppBounds=Rect(0, 0 - 748, 654) mMaxBounds=Rect(0, 0 - 748, 720) mDisplayRotation=ROTATION_0 mWindowingMode=fullscreen mActivityType=undefined mAlwaysOnTop=undefined mRotation=ROTATION_0 mStageConfig=undefined mPopOver=undefined mOverlappingWithCutout=false mFlexPanelMode=off} s.3531 fontWeightAdjustment=0 ff=0 bf=-1 bts=0 cst=1.0 nightDim=0 themeSeq=0}
03-12 21:57:38.281  4205  4205 D Navbar.Store: handleEvent(1) OnNavBarCreated(keyguardStateController=com.android.systemui.statusbar.policy.KeyguardStateControllerImpl@c596bb7, navigationBar=com.android.systemui.navigationbar.views.NavigationBar@79800c4) [Module] NavigationBar
03-12 21:57:38.281  4205  4205 D OneHandOpGestureHandler: setDisablePolicy() old=0, new=0
03-12 21:57:38.281  4205  4205 D NavBarStateManager: NavBarStates(1) isLargeCoverScreenSyncEnabled: false
03-12 21:57:38.281  4205  4205 D Navbar.NavigationBar: onInit() Cover navbar hidden: sync option is off
03-12 21:57:38.281  4205  4205 D NavBarStateManager: NavBarStates(1) isNavBarHiddenByKnox: false
03-12 21:57:38.282  4205  4205 D NavBarStateManager: NavBarStates(0) canShowKeyboardButtonForRotation(0): true
03-12 21:57:38.282  3003  4002 D BackgroundInstallControlService: Package event received: 0
03-12 21:57:38.282  2053  2958 I QC2Comp : [hvcD_84] KPI_L1: start: ms=18
03-12 21:57:38.282  2053  2420 W QC2Interface: [hvcD_84] Failed to query parameters
03-12 21:57:38.282  4360 28129 W Codec2Client: query -- param skipped: index = 1342179345.
03-12 21:57:38.282  4205  4205 D NavBarStateManager: NavBarStates(1) supportLargeCoverScreenNavBar: true
03-12 21:57:38.282  4360 28129 W Codec2Client: query -- param skipped: index = 2415921170.
03-12 21:57:38.282  4360 28129 W Codec2Client: query -- param skipped: index = 1610614798.
03-12 21:57:38.282  4205  4205 D NavBarStateManager: NavBarStates(0) canShowKeyboardButtonForRotation(0): true
03-12 21:57:38.283  2053  2420 W QC2Interface: [hvcD_84] Failed to query parameters
03-12 21:57:38.283  4205  4205 D NavBarStateManager: NavBarStates(1) supportLargeCoverScreenNavBar: true
03-12 21:57:38.283  4205  4205 D NavBarStateManager: NavBarStates(0) canShowKeyboardButtonForRotation(1): true
03-12 21:57:38.283  4205  4205 D NavBarStateManager: NavBarStates(1) supportLargeCoverScreenNavBar: true
03-12 21:57:38.283  4205  4205 D NavBarStateManager: NavBarStates(0) canShowKeyboardButtonForRotation(2): true
03-12 21:57:38.283  4360 28129 I CCodecBufferChannel: [c2.qti.hevc.decoder#212] start: max output delay 11
03-12 21:57:38.283  2053  2420 W QC2Interface: [hvcD_84] Failed to query parameters
03-12 21:57:38.283  4205  4205 D NavBarStateManager: NavBarStates(1) supportLargeCoverScreenNavBar: true
03-12 21:57:38.283  4205  4205 D NavBarStateManager: NavBarStates(0) canShowKeyboardButtonForRotation(3): true
03-12 21:57:38.283  2053  2420 W QC2Interface: [hvcD_84] Failed to query parameters
03-12 21:57:38.283  4205  4205 D NavBarStateManager: NavBarStates(1) supportLargeCoverScreenNavBar: true
03-12 21:57:38.284  4205  4205 I WindowManager: WindowManagerGlobal#addView, ty=2019, view=com.android.systemui.navigationbar.views.NavigationBarFrame{594a45c V.E...... ......I. 0,0-0,0 #7f0a083f app:id/navigation_bar_frame}, caller=android.view.WindowManagerImpl.addView:158 com.android.systemui.navigationbar.views.NavigationBar.onInit:238 com.android.systemui.util.ViewController.init:6 
03-12 21:57:38.284  4360 28129 I CCodecBufferChannel: [c2.qti.hevc.decoder#212] Created output block pool with allocatorID 18 => poolID 1156 - OK
03-12 21:57:38.284  4205  4205 I ViewRootImpl: dVRR is disabled
03-12 21:57:38.284  9332  9332 D BoundBrokerSvc: onBind: Intent { act=com.google.android.gms.measurement.START xflg=0x4 pkg=com.google.android.gms }
03-12 21:57:38.284  9332  9332 D BoundBrokerSvc: Loading bound service for intent: Intent { act=com.google.android.gms.measurement.START xflg=0x4 pkg=com.google.android.gms }
03-12 21:57:38.284  2053 28143 I QC2Buf  : use shared ref tracker
03-12 21:57:38.284  2053 28143 I QC2Buf  : Reconfig: clearing from 0 bufs. Peak mem=0 MB
03-12 21:57:38.284  2053 28143 I QC2Buf  : Reconfig: clearing from 0 bufs. Peak mem=0 MB
03-12 21:57:38.284  4205  4394 D NativeCustomFrequencyManager: [NativeCFMS] BpCustomFrequencyManager::BpCustomFrequencyManager()
03-12 21:57:38.284  2053  2958 W QC2Interface: [hvcD_84] Few parameters failed to configure
03-12 21:57:38.285  2053  2420 D C2BqBuffer: local generation change 4465103 , bqId: 18726057410560 migrated buffers # 0
03-12 21:57:38.285  4360 28129 I CCodec  : [c2.qti.hevc.decoder] state->set(RUNNING)
03-12 21:57:38.285  2053  2958 I QC2CompStore: Setting heap usage to system
03-12 21:57:38.286  2092  3859 I SSC_DAEMON: virtualOpticFlipStateEvent:29, fstate: 1
03-12 21:57:38.286  4360 28129 I CCodecBufferChannel: [c2.qti.hevc.decoder#212] 10 initial input buffers available
03-12 21:57:38.286  2053  2958 W QC2Interface: [hvcD_84] Failed to query parameters
03-12 21:57:38.286  2496 10924 I ResourceManagerService: addMediaInfo pid 4360 (width 1080 height 2640), allocated hw codec count 1
03-12 21:57:38.286  2496 10924 I ResourceManagerService: getMediaResourceInfo (PID : 4360, clientID : -5476376666658766720, non-secure-codec/hw-video-codec:[]:1, 1080x2640 (fps:120) - sw codec : no, encoder : no componentName = c2.qti.hevc.decoder bitrate = 17000000)
03-12 21:57:38.287  2496 10924 W ResourceManagerServiceUtils: Ignoring request to add new resource entry with value <= 0
03-12 21:57:38.287  6380  6380 I SemMediaResourceHelper: onAdd
03-12 21:57:38.288  2007  3645 I sensors-hal: qsh_conn_resp_cb:930, resp_value = 0 for device_common_info 
03-12 21:57:38.288  4360 28121 I MediaCodec: setCodecState state(0), called in 6, domain 1, 1
03-12 21:57:38.288  2053 28143 I QC2CompStore: Setting heap usage to system
03-12 21:57:38.288  6380  6380 I SemMediaResourceHelper: onState
03-12 21:57:38.289  2022  2124 I HYPER-HAL: [RequestManager.cpp]releaseLocked(): Released ID : 20540874
03-12 21:57:38.289  3003  3661 D InputReader: Key_int_cancel(4): value=1 when=35738.974133
03-12 21:57:38.289  3003  3661 I InputReader: Touch events were canceled by KEY_INT_CANCEL
03-12 21:57:38.289  3003  3661 D InputReader: Key_int_cancel(4): value=0 when=35738.974207
03-12 21:57:38.289  3003  3661 D InputReader: Btn_touch(4): value=0 when=35738.974302
03-12 21:57:38.289  2007  2007 I sensors-hal: send_sync_sensor_request:543, takes 8 ms to receive the response with 0
03-12 21:57:38.289  2007  3262 I SensorsGrip: TouchLight: event = 20 (255)
03-12 21:57:38.289  2007  3262 I SensorsGrip: TouchLight: report event 1
03-12 21:57:38.289  2007  2007 I sensors-hal: activate:330, com.samsung.sensor.device_common_info/2132 en=0 completed
03-12 21:57:38.289  3003  3065 D SensorManager: unregisterListener :: com.android.server.wm.WindowOrientationListener$OrientationSensorJudge@783320e
03-12 21:57:38.290  2022  2124 I HYPER-HAL: [RequestManager.cpp]releaseLocked(): Released ID : 20547285
03-12 21:57:38.290  2022  2124 I HYPER-HAL: [RequestManager.cpp]releaseLocked(): Released ID : 20553697
03-12 21:57:38.290  2452 11702 I CameraService: onUidStateChanged: uid=10053, procState is changed. (0 -> 1)
03-12 21:57:38.289  4360  4776 I SprWallpaper|FoldInteractive: resetFrame : onSeekReady
03-12 21:57:38.290  5915  5959 V OsAgent : broadcastSystemEvent - 7
03-12 21:57:38.290  4360  4776 I SprWallpaper|FoldInteractive: seekTo: frame[0], time[0]
03-12 21:57:38.290  5915  5959 V OsAgent : broadcastSystemEvent - 7
03-12 21:57:38.290  5915  5959 V OsAgent : broadcastSystemEvent - 7
03-12 21:57:38.290  3003  3064 D HintManagerService: Sent cleanup message for uid 10175
03-12 21:57:38.292  2007  2007 I sensors-hal: activate:300, com.samsung.sensor.auto_brightness/1651 en=0
03-12 21:57:38.292  2007  2007 I sensors-hal: enable_flicker_als:213, [SSC_LIGHT] flicker_als disable
03-12 21:57:38.292  6103  6103 W ContextImpl: Calling a method in the system process without a qualified user: android.app.ContextImpl.startService:2068 android.content.ContextWrapper.startService:872 android.content.ContextWrapper.startService:872 com.sec.android.diagmonagent.sa.receiver.CFLogReceiver.onReceive:56 android.app.ActivityThread.handleReceiver:5663 
03-12 21:57:38.293  2007  2007 I sensors-hal: send_sync_sensor_request:508, send sync request
03-12 21:57:38.293  2007  2007 I sensors-hal: send_sync_sensor_request:518, send_sync_sensor_request before send_request for auto_brightness with SUID low=2816411781185423377 high=5518030540294228002
03-12 21:57:38.293  2007  2007 I sensors-hal: send_sync_sensor_request:537, wait for notification of response
03-12 21:57:38.293  2022  2124 I HYPER-HAL: [RequestManager.cpp]acquire(): Acquired ID : 25569950  [2025 / 5125]    HINT :      list : [TID_LOW_LATENCY / 1] [TID / 4392] [TID / 4393] [TID / 4205] [TID / 4394] 
03-12 21:57:38.294  2007 27004 I sensors-hal: qsh_conn_resp_cb:930, resp_value = 0 for auto_brightness 
03-12 21:57:38.294  2007  2007 I sensors-hal: send_sync_sensor_request:543, takes 0 ms to receive the response with 0
03-12 21:57:38.294  2007  2007 I sensors-hal: ~worker:65, worker(0xb400007a0f4d9fd0) send sig to tid= 27002
03-12 21:57:38.294  2007  2007 I sensors-hal: ~worker:74, worker(0xb400007a0f4d9fd0) is destroyed, remaining task = 0, tid= 27002
03-12 21:57:38.294  2007  2007 I sensors-hal: ~qsh_qmi:58, ~qsh_qmi
03-12 21:57:38.294  2007  2007 I sensors-hal: deactivate:274, [SSC_LIGHT] auto_brightness deactivate!
03-12 21:57:38.294  2007  2007 I sensors-hal: activate:330, com.samsung.sensor.auto_brightness/1651 en=0 completed
03-12 21:57:38.295  2007  2007 I sensors-hal: set_config:64, no need to adjust sample_period_ns due to reporting_mode = 2
03-12 21:57:38.295  2007  2007 I sensors-hal: batch:363, com.samsung.sensor.pocket_pos_mode/2622, period=200000000, max_latency=0 request completed
03-12 21:57:38.295  3003  6500 D HintManagerService: SystemUI make new AppHintSession but force pause
03-12 21:57:38.295  2007  2007 I sensors-hal: activate:300, com.samsung.sensor.pocket_pos_mode/2622 en=1
03-12 21:57:38.295  2007  2007 I sensors-hal: acquire_qsh_interface:139, acquire_qsh_interface with sensor_id 3 , conn_type 1 
03-12 21:57:38.295  2007  2007 I sensors-hal: acquire_qsh_interface:142, returning _shared_instance[SHARED_ON_CHANGE_WAKEUP].conn - wakeup 
03-12 21:57:38.295  2007  2007 I sensors-hal: acquire_shared_instance:173, re-use existing connection for type 1 
03-12 21:57:38.295  2007  2007 I sensors-hal: register_cb:304, suid(low=4779840344920564001,high=1320970896291267344) is new. register callbacks
03-12 21:57:38.295  2007  2007 I sensors-hal: send_sensor_config_request:645, dt=pocket_pos_mode: convert sample_period=200000000 to batch_period=200000
03-12 21:57:38.295  2007  2007 I sensors-hal: send_sync_sensor_request:508, send sync request
03-12 21:57:38.295  2007  2007 I sensors-hal: send_sync_sensor_request:518, send_sync_sensor_request before send_request for pocket_pos_mode with SUID low=4779840344920564001 high=1320970896291267344
03-12 21:57:38.295  2007  2007 I sensors-hal: send_sync_sensor_request:537, wait for notification of response
03-12 21:57:38.295  1985  2180 I minksocket: MinkIPC MESSAGE: ( 1985:2180 ) MinkIPC_QRTR_Service:351 minkipc = 0xb400006d4d3f7730 sock = 33, client with node 1 port 6c52 went down
03-12 21:57:38.295  1985  2158 I minksocket: MinkIPC MESSAGE: ( 1985:2158 ) MinkIPC_QRTR_Service:351 minkipc = 0xb400006d4d3f6550 sock = 13, client with node 1 port 6c52 went down
03-12 21:57:38.295  2022  2124 I HYPER-HAL: [RequestManager.cpp]acquire(): Acquired ID : 25527059  [2025 / 5119]    HINT :      list : [TID_LOW_LATENCY / 0] [TID / 27796] [TID / 27797] [TID / 27598] [TID / 27717] 
03-12 21:57:38.296  2007  3645 I sensors-hal: qsh_conn_resp_cb:930, resp_value = 0 for pocket_pos_mode 
03-12 21:57:38.296  2022  2124 I HYPER-HAL: [RequestManager.cpp]acquire(): Acquired ID : 25569950  [2025 / 5125]    HINT :      list : [TID_LOW_LATENCY / 0] [TID / 4392] [TID / 4393] [TID / 4205] [TID / 4394] 
03-12 21:57:38.296  2007  2007 I sensors-hal: send_sync_sensor_request:543, takes 0 ms to receive the response with 0
03-12 21:57:38.296  2007  2007 I sensors-hal: activate:330, com.samsung.sensor.pocket_pos_mode/2622 en=1 completed
03-12 21:57:38.296  3003  3915 D SensorManager: registerListener :: 2622, Pocket Position Mode  Wakeup, 200000, 0, com.samsung.android.gesture.PocketSensitivityManager$1@a3d091f
03-12 21:57:38.296  3003  3915 E PocketSensitivityManager: register pocket position sensor
03-12 21:57:38.296  3003  3130 D SensorManager: unregisterListener :: com.android.server.display.AutomaticBrightnessController$3@1ff6ff3
03-12 21:57:38.296  3003  3130 D AutomaticBrightnessController: setProximitySensorEnabled::unregisterListener
03-12 21:57:38.296  2007  2007 I SensorsGrip: TouchLight::enable: 0 1
03-12 21:57:38.296  3003  3130 D SensorManager: unregisterListener :: com.android.server.display.AutomaticBrightnessController$3@ce52465
03-12 21:57:38.296  3003  3130 I DisplayBrightnessStrategySelector: Changing the DisplayBrightnessStrategy from AutomaticBrightnessStrategy to ScreenOffBrightnessStrategy for display 0
03-12 21:57:38.297  3003  3130 W DisplayPowerController[0]: Animating brightness: target=0(0.00), rate=0.000, rateAtHbm=0.000, reason=screen_off[0]
03-12 21:57:38.297  3003  3130 D DisplayPowerController[0]: saveBrightnessInfo: brt:0.039215688 adjBrt:0.0 min:0.0 max:1.0 hbm:0 tp:1.0 throttler:0 isAnimating:false
03-12 21:57:38.297  3003  3130 V DisplayPowerController[0]: Brightness [0.0] reason changing to: 'screen_off', previous reason: 'automatic'.
03-12 21:57:38.297  3003  3130 I DisplayPowerController[0]: BrightnessEvent: brt=0.0 (0.0%), nits= 1.0, lux=-1.0, reason=screen_off, strat=ScreenOffBrightnessStrategy, state=OFF, stateReason=DEFAULT_POLICY, policy=OFF, flags=, initBrt=0.039215688, rcmdBrt=NaN, preBrt=NaN, preLux=0.0, wasShortTermModelActive=false, autoBrightness=true (default), unclampedBrt=0.0, hbmMax=1.0, hbmMode=off, thrmMax=1.0, rbcStrength=-1, powerFactor=1.0, physDisp=Built-in Screen(local:4630946564756762243), logicalId=0, slowChange=false, rampSpeed=0.0
03-12 21:57:38.298  3003  4082 D DisplayManagerService: !@display_state requestDisplayStateInternal: ON -> OFF displayId=0
03-12 21:57:38.298  2053 28143 I QC2Buf  : Reconfig: clearing from 0 bufs. Peak mem=0 MB
03-12 21:57:38.298  2053 28143 I QC2Buf  : Reconfig: clearing from 0 bufs. Peak mem=0 MB
03-12 21:57:38.298  3003  4082 D SemInputDeviceManagerService: setDisplayState[1] EARLY: ON(2) -> OFF(1)
03-12 21:57:38.298  3003  3678 D SemInputMotionEventDispatcher: unregisterMotionEventListener: com.samsung.android.hardware.secinputdev.taas.ExternalApi$5@7af94ab
03-12 21:57:38.298  3003  3994 D SemInputDevice:TSP: ActivateTask: 1,0 [03-12 21:57:38.298]
03-12 21:57:38.298  3003  4082 D LocalDisplayAdapter: notifyStateChangeStart: com.samsung.android.hardware.secinputdev.external.DisplayStateListenerWrapper$1@444e177 took 0 ms
03-12 21:57:38.298  3003  4082 D LocalDisplayAdapter: notifyStateChangeStart: com.android.server.biometrics.SemBiometricDisplayStateMonitor@e8de626 took 0 ms
03-12 21:57:38.298  3003  4082 D LocalDisplayAdapter: notifyStateChangeStart: com.android.server.display.mode.RefreshRateModeManager$1@d4f0f0f took 0 ms
03-12 21:57:38.298  3003  4082 D LocalDisplayAdapter: surface lcd : 0(-1.000), 0(-1.000), main +
03-12 21:57:38.298  3003  3678 D InputTransport: Input channel destroyed: '[Gestur', fd=1249
03-12 21:57:38.298  3003  3678 I SemInputMotionEventDispatcher: unregisterInputEventReceiver: dispose InputEventReceiver
03-12 21:57:38.299  2105  2105 I SurfaceFlinger: setDisplayBrightness(4630946564756762243): displayBrightness: -1.000000, displayBrightnessNits: 1.000000, sdrWhitePointNits: 1.000000 , dimmingRatio: 1.000000
03-12 21:57:38.299  3003  4082 D LocalDisplayAdapter: surface lcd : 0(-1.000), 0(-1.000), main -
03-12 21:57:38.299  3003  4082 W LocalDisplayAdapter: !@display_state - 1037 : ON -> OFF (MAIN)
03-12 21:57:38.299  3003  3678 D InputTransport: Input channel destroyed: '[Gestur', fd=1179
03-12 21:57:38.299  2105  2105 D SurfaceFlinger: Setting power mode 0 on physical display 4630946564756762243 (skipComposer: 0)
03-12 21:57:38.299  3003  4931 V WindowManager: Setting visibility of Window{2f1ea95 u0 com.squareup.cash/com.squareup.cash.ui.MainActivity}: false, caller=com.android.server.wm.WindowContainer.sendAppVisibilityToClients:19 com.android.server.wm.WindowToken.setClientVisible:48 com.android.server.wm.ActivityRecord.commitVisibility:186 com.android.server.wm.ActivityRecord.setVisibility:623 com.android.server.wm.ActivityRecord.makeInvisible:32 
03-12 21:57:38.300  2040  2779 I SDM     : DisplayBuiltIn::SetPanelBrightness: Setting brightness to level 0 (-100.000000 percent) primary(1) display(68)
03-12 21:57:38.300  2105  2105 D SurfaceFlinger: setPhysicalDisplayPowerMode: Optimizing thread scheduling: optimizeForPower
03-12 21:57:38.301  3003  3678 D InputTransport: Input channel destroyed: '[Gestur', fd=1241
03-12 21:57:38.301  2040  2779 I SDM     : HWCDisplay::SetPowerMode: display = 0, mode = OFF
03-12 21:57:38.301  3003  3678 I SemInputMotionEventDispatcher: unregisterInputEventReceiver: dispose InputMonitor
03-12 21:57:38.301  2040  2779 I SDM     : DisplayBase::SetDisplayState: Set state = 0, display 68-0, teardown = 0
03-12 21:57:38.301  2040  2779 I SDM     : DRMPanelFeatureMgr::MarkForNullCommit: Marked 7 for null commit
03-12 21:57:38.301  2040  2779 I SDM     : HWDeviceDRM::PowerOff: Display:68 Setting Fingerprint Indisplay Layer property = 0
03-12 21:57:38.301 27598 27598 W WindowOnBackDispatcher: sendCancelIfRunning: isInProgress=false callback=android.view.ImeBackAnimationController@7e3af2f
03-12 21:57:38.301  2040  2779 I SDM     : HWDeviceDRM::NullCommit: Null commit succeeded crtc=208
03-12 21:57:38.301  2040  2779 I SDM     : DisplayBase::SetDisplayState: wait for retire_fence_...
03-12 21:57:38.301  2040  2779 I SDM     : DisplayBase::WaitForCompletion: Wait for cached retire fence to be in steady state
03-12 21:57:38.301  2092  2092 I SSC_DAEMON: handleSensorTestReqMsg:85, Sensor type :4, Msg type:11
03-12 21:57:38.302  2105  2836 I SurfaceFlinger: id=15130 createSurf, flag=84004, WindowToken{d876100 type=2019 android.os.BinderProxy@b67d232}#15130
03-12 21:57:38.302  2092  2092 I SSC_DAEMON: physicalSensorTestReqMsg:130, s:4, m:11
03-12 21:57:38.302  3003  6828 D InputTransport: Input channel constructed: '8327d39', fd=1179
03-12 21:57:38.302  3003  6828 D InputTransport: Input channel constructed: '8327d39', fd=1197
03-12 21:57:38.302 27598 27717 D HWUI    : CacheManager::trimMemory(20)
03-12 21:57:38.302  3003  6828 D InputTransport: Input channel constructed: '8327d39', fd=1206
03-12 21:57:38.302  3003  6828 D InputTransport: Input channel destroyed: '8327d39', fd=1197
03-12 21:57:38.302 15873 15873 I GoogleInputMethodService: GoogleInputMethodService.onFinishInputView():1602 onFinishInputView(true)
03-12 21:57:38.302  2105  2921 I SurfaceFlinger: id=15131 createSurf, flag=84004, 8327d39 NavigationBar1#15131
03-12 21:57:38.302  2040  2318 I SDM     : HWPeripheralDRM::SetPanelBrightnessWork: active_ is false
03-12 21:57:38.302  3003  6828 D RestrictionPolicy: isScreenCaptureEnabled : ret=true userId=0
03-12 21:57:38.302  3003  3991 I CocktailBarManagerServiceContainer: handleMessage: entry what = 6
03-12 21:57:38.303  3003  6828 D InsetsSourceProvider: updateVisibility: serverVisible=false, clientVisible=false, source=InsetsSource: {a2730001 mType=navigationBars mFrame=[0,0][0,0] mVisible=false mFlags= mSideHint=NONE mBoundingRects=null}, controlTarget=null, from=com.android.server.wm.InsetsSourceProvider.setClientVisible:8 com.android.server.wm.InsetsSourceProvider.setWindowContainer:160 com.android.server.wm.WindowManagerService.addWindowInner:148 com.android.server.wm.WindowManagerService.addWindow:1842 com.android.server.wm.Session.addToDisplayAsUser:24 android.view.IWindowSession$Stub.onTransact:757 com.android.server.wm.Session.onTransact:1 android.os.Binder.execTransactInternal:1457 android.os.Binder.execTransact:1401 <bottom of call stack> 
03-12 21:57:38.303 27598 27598 I VRI[MainActivity]@6718006: handleAppVisibility mAppVisible = true visible = false
03-12 21:57:38.303 27598 27598 D VRI[MainActivity]@6718006: visibilityChanged oldVisibility=true newVisibility=false
03-12 21:57:38.303  3003  6828 E WindowManager: Display reconfigured outside of a transition: Display{#1 state=OFF size=748x720 ROTATION_0}
03-12 21:57:38.303  3003  6828 D DisplayManager.PersistentDataStore: saveToXml remembered active display fit status value:false
03-12 21:57:38.303  3003  3130 D BrightnessThermalClamper: Thermal status observer already started
03-12 21:57:38.303  3003  6828 I WindowManager: [d1] Override config changes=20000c00 {0.0 ?mcc0mnc ?localeList ?layoutDir sw291dp w352dp h291dp 340dpi smll hdr widecg land ?uimode ?night finger -keyb/v/h -nav/h winConfig={ mBounds=Rect(0, 0 - 748, 720) mAppBounds=Rect(0, 0 - 748, 618) mMaxBounds=Rect(0, 0 - 748, 720) mDisplayRotation=ROTATION_0 mWindowingMode=fullscreen mActivityType=undefined mAlwaysOnTop=undefined mRotation=ROTATION_0 mStageConfig=undefined mPopOver=undefined mOverlappingWithCutout=false mFlexPanelMode=off} ?fontWeightAdjustment ff=0 bf=-1 bts=0 cst=1.0 nightDim=-1 themeSeq=0}, callers=com.android.server.wm.DisplayContent.updateDisplayOverrideConfigurationLocked:24 com.android.server.wm.DisplayContent.sendNewConfiguration:133 com.android.server.wm.WindowManagerService.addWindowInner:712 com.android.server.wm.WindowManagerService.addWindow:1842 com.android.server.wm.Session.addToDisplayAsUser:24 
03-12 21:57:38.304  2092  3859 I SSC_DAEMON: light_event_log:172, light_msg(4/11): br 0 (lux 0,idx 0) - -1,-1,5
03-12 21:57:38.304  3003  6828 D WindowManager: Transition is created, t=TransitionRecord{ff7bcdf id=-1 type=CHANGE flags=0x0}, caller=com.android.server.wm.Transition.<init>:182 com.android.server.wm.TransitionController.createTransition:17 com.android.server.wm.DisplayContent.requestChangeTransition:5 com.android.server.wm.DisplayContent.performDisplayOverrideConfigUpdate:333 com.android.server.wm.DisplayContent.updateDisplayOverrideConfigurationLocked:24 
03-12 21:57:38.304  3003  6828 D BLASTSyncEngine: SyncGroup is created, id=1830, name=Transition-CHANGE, caller=com.android.server.wm.BLASTSyncEngine$SyncGroup.<init>:52 com.android.server.wm.TransitionController.moveToCollecting:79 com.android.server.wm.TransitionController.createTransition:46 com.android.server.wm.DisplayContent.requestChangeTransition:5 com.android.server.wm.DisplayContent.performDisplayOverrideConfigUpdate:333 com.android.server.wm.DisplayContent.updateDisplayOverrideConfigurationLocked:24 com.android.server.wm.DisplayContent.sendNewConfiguration:133 
03-12 21:57:38.304  3003  6828 W BLASTSyncEngine: setSyncMethod, id=1830, method=0, caller=com.android.server.wm.TransitionController.moveToCollecting:91 com.android.server.wm.TransitionController.createTransition:46 com.android.server.wm.DisplayContent.requestChangeTransition:5 
03-12 21:57:38.304  3003  6828 V WindowManager: Start collecting in Transition: TransitionRecord{ff7bcdf id=1830 type=CHANGE flags=0x0}, caller=com.android.server.wm.TransitionController.createTransition:46 com.android.server.wm.DisplayContent.requestChangeTransition:5 com.android.server.wm.DisplayContent.performDisplayOverrideConfigUpdate:333 com.android.server.wm.DisplayContent.updateDisplayOverrideConfigurationLocked:24 com.android.server.wm.DisplayContent.sendNewConfiguration:133 
03-12 21:57:38.304  3003  6828 V WindowManager: Requesting StartTransition: TransitionRecord{ff7bcdf id=1830 type=CHANGE flags=0x0}, caller=com.android.server.wm.DisplayContent.requestChangeTransition:10 com.android.server.wm.DisplayContent.performDisplayOverrideConfigUpdate:333 com.android.server.wm.DisplayContent.updateDisplayOverrideConfigurationLocked:24 com.android.server.wm.DisplayContent.sendNewConfiguration:133 com.android.server.wm.WindowManagerService.addWindowInner:712 
03-12 21:57:38.304  3003  6828 V WindowManager: Collecting in transition 1830: Display{#1 state=OFF size=748x720 ROTATION_0}, caller=com.android.server.wm.DisplayContent.requestChangeTransition:71 com.android.server.wm.DisplayContent.performDisplayOverrideConfigUpdate:333 com.android.server.wm.DisplayContent.updateDisplayOverrideConfigurationLocked:24 com.android.server.wm.DisplayContent.sendNewConfiguration:133 com.android.server.wm.WindowManagerService.addWindowInner:712 
03-12 21:57:38.304  3003  6828 D WindowManager: prepareSync <SYNC_STATE_WAITING_FOR_DRAW>, mPrepareSyncSeqId=0, win=Window{21b9755 u0 ScreenDecorOverlayCover}
03-12 21:57:38.304  3003  6828 D WindowManager: prepareSync <SYNC_STATE_WAITING_FOR_DRAW>, mPrepareSyncSeqId=0, win=Window{8327d39 u0 NavigationBar1}
03-12 21:57:38.304  3003  6828 D WindowManager: prepareSync <SYNC_STATE_WAITING_FOR_DRAW>, mPrepareSyncSeqId=0, win=Window{243e821 u0 SubScreenQuickPanel}
03-12 21:57:38.304  3003  6828 D WindowManager: prepareSync <SYNC_STATE_WAITING_FOR_DRAW>, mPrepareSyncSeqId=0, win=Window{3b7b695 u0 com.android.systemui/com.android.systemui.subscreen.SubHomeActivity}
03-12 21:57:38.304  3003  6828 D WindowManager: prepareSync <SYNC_STATE_WAITING_FOR_DRAW>, mPrepareSyncSeqId=0, win=Window{8bc5e3f u0 com.samsung.android.smartsuggestions/com.samsung.android.smartsuggestions.feature.aisuggestion.ui.onboarding.OnboardingActivity}
03-12 21:57:38.304  3003  6828 V WindowManager: Collecting in transition 1830: WindowToken{8004a5b type=2024 android.os.BinderProxy@d7bba75}, caller=com.android.server.wm.TransitionController$$ExternalSyntheticLambda3.accept:43 com.android.server.wm.WindowContainer$ForAllWindowsConsumerWrapper.apply:5 com.android.server.wm.WindowState.applyInOrderWithImeWindows:22 com.android.server.wm.WindowState.forAllWindows:9 com.android.server.wm.WindowContainer.forAllWindows:2 
03-12 21:57:38.304  4360 28129 I CCodecBufferChannel: [c2.qti.hevc.decoder#212] updating max output delay 17
03-12 21:57:38.305 27598 27670 D WM-Processor: Processor cancelling bf7a61f1-78ba-453c-ae33-71517252dc3c
03-12 21:57:38.305 27598 27670 D WM-Processor: WorkerWrapper could not be found for bf7a61f1-78ba-453c-ae33-71517252dc3c
03-12 21:57:38.305  4205  4267 V WindowManagerShell: Transition requested (#1830): android.os.BinderProxy@2ead83a TransitionRequestInfo { type = CHANGE, triggerTask = null, pipChange = null, remoteTransition = null, displayChange = null, flags = 0, debugId = 1830 }
03-12 21:57:38.305  4205  4267 D ShellDesktopMode: handleRequest: TransitionRequestInfo {type=6, tid=null, debugId=1830}
03-12 21:57:38.305  4205  4267 V ShellDesktopMode: DesktopTasksController: skipping handleRequest reason=transition type not handled (6)
03-12 21:57:38.305  3003  6828 I MultiTaskingController: onConfigurationChangedLocked: display#1, configChanges=0x20000c00, scaleW=1.0, scaleH=1.0, prevScreenBounds=Rect(0, 0 - 748, 720), nextScreenBounds=Rect(0, 0 - 748, 720)
03-12 21:57:38.306  3003  6828 D InsetsSourceProvider: updateVisibility: serverVisible=false, clientVisible=true, source=InsetsSource: {a2730024 mType=systemGestures mFrame=[0,0][0,0] mVisible=false mFlags= mSideHint=NONE mBoundingRects=null}, controlTarget=null, from=com.android.server.wm.InsetsSourceProvider.setServerVisible:6 com.android.server.wm.InsetsSourceProvider.onPostLayout:30 com.android.server.wm.InsetsStateController.onPostLayout:26 com.android.server.wm.RootWindowContainer.applySurfaceChangesTransaction$1:203 com.android.server.wm.RootWindowContainer.performSurfacePlacementNoTrace:86 com.android.server.wm.WindowSurfacePlacer.performSurfacePlacement:166 com.android.server.wm.ActivityTaskManagerService.continueWindowLayout:28 com.android.server.wm.DisplayContent.updateDisplayOverrideConfigurationLocked:78 com.android.server.wm.DisplayContent.sendNewConfiguration:133 com.android.server.wm.WindowManagerService.addWindowInner:712 
03-12 21:57:38.306  3003  6828 D InsetsSourceProvider: updateVisibility: serverVisible=false, clientVisible=true, source=InsetsSource: {a2730006 mType=tappableElement mFrame=[0,0][0,0] mVisible=false mFlags= mSideHint=NONE mBoundingRects=null}, controlTarget=null, from=com.android.server.wm.InsetsSourceProvider.setServerVisible:6 com.android.server.wm.InsetsSourceProvider.onPostLayout:30 com.android.server.wm.InsetsStateController.onPostLayout:26 com.android.server.wm.RootWindowContainer.applySurfaceChangesTransaction$1:203 com.android.server.wm.RootWindowContainer.performSurfacePlacementNoTrace:86 com.android.server.wm.WindowSurfacePlacer.performSurfacePlacement:166 com.android.server.wm.ActivityTaskManagerService.continueWindowLayout:28 com.android.server.wm.DisplayContent.updateDisplayOverrideConfigurationLocked:78 com.android.server.wm.DisplayContent.sendNewConfiguration:133 com.android.server.wm.WindowManagerService.addWindowInner:712 
03-12 21:57:38.306  3003  6828 D InsetsSourceProvider: updateVisibility: serverVisible=false, clientVisible=true, source=InsetsSource: {a2730005 mType=mandatorySystemGestures mFrame=[0,0][0,0] mVisible=false mFlags= mSideHint=NONE mBoundingRects=null}, controlTarget=null, from=com.android.server.wm.InsetsSourceProvider.setServerVisible:6 com.android.server.wm.InsetsSourceProvider.onPostLayout:30 com.android.server.wm.InsetsStateController.onPostLayout:26 com.android.server.wm.RootWindowContainer.applySurfaceChangesTransaction$1:203 com.android.server.wm.RootWindowContainer.performSurfacePlacementNoTrace:86 com.android.server.wm.WindowSurfacePlacer.performSurfacePlacement:166 com.android.server.wm.ActivityTaskManagerService.continueWindowLayout:28 com.android.server.wm.DisplayContent.updateDisplayOverrideConfigurationLocked:78 com.android.server.wm.DisplayContent.sendNewConfiguration:133 com.android.server.wm.WindowManagerService.addWindowInner:712 
03-12 21:57:38.306  3003  6828 D InsetsSourceProvider: updateVisibility: serverVisible=false, clientVisible=true, source=InsetsSource: {a2730004 mType=systemGestures mFrame=[0,0][0,0] mVisible=false mFlags= mSideHint=NONE mBoundingRects=null}, controlTarget=null, from=com.android.server.wm.InsetsSourceProvider.setServerVisible:6 com.android.server.wm.InsetsSourceProvider.onPostLayout:30 com.android.server.wm.InsetsStateController.onPostLayout:26 com.android.server.wm.RootWindowContainer.applySurfaceChangesTransaction$1:203 com.android.server.wm.RootWindowContainer.performSurfacePlacementNoTrace:86 com.android.server.wm.WindowSurfacePlacer.performSurfacePlacement:166 com.android.server.wm.ActivityTaskManagerService.continueWindowLayout:28 com.android.server.wm.DisplayContent.updateDisplayOverrideConfigurationLocked:78 com.android.server.wm.DisplayContent.sendNewConfiguration:133 com.android.server.wm.WindowManagerService.addWindowInner:712 
03-12 21:57:38.306  3003  6828 W SurfaceControl: Invalid layer stack -1
03-12 21:57:38.306  3003  6828 I DisplayDevice: [0] Layerstack set to -1 for local:4630946564756762243
03-12 21:57:38.307 15873 15873 W TooltipLifecycleManager: TooltipLifecycleManager.dismissTooltips():153 Tooltip with id SUGGESTION_VIEW_EDU_MINI_DIALOG not found in tooltipManager.
03-12 21:57:38.307 15873 15873 I GlobeKeyExtension: GlobeKeyExtension.onDeactivate():153 
03-12 21:57:38.307  3003  6828 D InputTransport: Input channel destroyed: '8327d39', fd=1206
03-12 21:57:38.307 15873 15873 W TooltipLifecycleManager: TooltipLifecycleManager.dismissTooltips():153 Tooltip with id spell_check_add_to_dictionary not found in tooltipManager.
03-12 21:57:38.307  2092  2092 I SSC_DAEMON: handleSensorTestReqMsg:85, Sensor type :4, Msg type:15
03-12 21:57:38.307  2092  2092 I SSC_DAEMON: physicalSensorTestReqMsg:130, s:4, m:15
03-12 21:57:38.307  4205  4205 D InputTransport: Input channel constructed: '8327d39', fd=563
03-12 21:57:38.308 15873 15873 I VoiceInputManagerWrapper: VoiceInputManagerWrapper.shutdown():131 shutdown()
03-12 21:57:38.308  3003  3068 I SurfaceComposerClient: apply DisplayState::eLayerStackChanged(index:0) layerStack(-1)
03-12 21:57:38.308  4205  4205 I InsetsController: onStateChanged: host=NavigationBar1, from=android.view.ViewRootImpl.onInsetsStateChanged:3026, state=InsetsState: {mDisplayFrame=Rect(0, 0 - 748, 720), mDisplayCutout=DisplayCutout{insets=Rect(0, 0 - 0, 66) waterfall=Insets{left=0, top=0, right=0, bottom=0} boundingRect={Bounds=[Rect(0, 0 - 0, 0), Rect(0, 0 - 0, 0), Rect(0, 0 - 0, 0), Rect(379, 654 - 748, 720)]} cutoutPathParserInfo={CutoutPathParserInfo{displayWidth=748 displayHeight=720 physicalDisplayWidth=748 physicalDisplayHeight=720 density={2.125} cutoutSpec={@bottom @right M 0,0 H -173.6470588235294 V -31.05882352941176 H 0 V 0 Z @dp} rotation={0} scale={1.0} physicalPixelDisplaySizeRatio={1.0}}} sideOverrides={}}, mRoundedCorners=RoundedCorners{[RoundedCorner{position=TopLeft, radius=49, center=Point(49, 49)}, RoundedCorner{position=TopRight, radius=49, center=Point(699, 49)}, RoundedCorner{position=BottomRight, radius=49, center=Point(699, 671)}, RoundedCorner{position=BottomLeft, radius=49, center=Point(49, 671)}]}  mRoundedCornerFrame=Rect(0, 0 - 0, 0), mPrivacyIndicatorBounds=PrivacyIndicatorBounds {static bounds=null rotation=0}, mDisplayShape=DisplayShape{ spec=1406003047 displayWidth=748 displayHeight=720 physicalPixelDisplaySizeRatio=1.0 rotation=0 offsetX=0 offsetY=0 scale=1.0}, mSources= { InsetsSource: {a2730004 mType=systemGestures mFrame=[0,0][0,0] mVisible=false mFlags= mSideHint=NONE mBoundingRects=null}, InsetsSource: {a2730005 mType=mandatorySystemGestures mFrame=[0,0][0,0] mVisible=false mFlags= mSideHint=NONE mBoundingRects=null}, InsetsSource: {a2730024 mType=systemGestures mFrame=[0,0][0,0] mVisible=false mFlags= mSideHint=NONE mBoundingRects=null}, InsetsSource: {67 mType=displayCutout mFrame=[0,654][748,720] mVisible=true mFlags= mSideHint=BOTTOM mBoundingRects=null} }
03-12 21:57:38.308  3003  7124 V InputMethodManagerService: hide the small icon for the input method
03-12 21:57:38.308  4205  4205 I VRI[NavigationBar1]@5863365: synced displayState. AttachInfo displayState=1
03-12 21:57:38.308  3003  4931 D CoreBackPreview: Window{2f1ea95 u0 com.squareup.cash/com.squareup.cash.ui.MainActivity}: Setting back callback OnBackInvokedCallbackInfo{mCallback=android.window.IOnBackInvokedCallback$Stub$Proxy@feb6056, mPriority=0, mIsAnimationCallback=false, mOverrideBehavior=0}
03-12 21:57:38.309  3003  6500 V WindowManager: Starting Transition 1830, caller=com.android.server.wm.WindowOrganizerController.startTransition:47 com.android.server.wm.WindowOrganizerController.startTransition:1 android.window.IWindowOrganizerController$Stub.onTransact:259 
03-12 21:57:38.309  3003  6500 D BLASTSyncEngine: SyncGroup 1830: Set ready true, caller=com.android.server.wm.BLASTSyncEngine.setReady:32 com.android.server.wm.Transition.applyReady:54 com.android.server.wm.Transition.setReady:72 com.android.server.wm.Transition.applyDisplayChangeIfNeeded:95 com.android.server.wm.WindowOrganizerController.applyTransaction:36 com.android.server.wm.WindowOrganizerController.startTransition:48 
03-12 21:57:38.309 15873 15873 I PrimesLoggerHolder: FrameMetricServiceImpl.stopAsFuture():213 Measurement not found: OnConfigurationChanged
03-12 21:57:38.309  3003  6500 D BLASTSyncEngine: SyncGroup 1830:  Unfinished container: WindowToken{8004a5b type=2024 android.os.BinderProxy@d7bba75} mSyncState=2
03-12 21:57:38.309 15873 15873 I GoogleInputMethodService: GoogleInputMethodService.onFinishInput():2114 
03-12 21:57:38.310 15873 15873 I Module  : DeviceLockedStatusModuleProvider$Module.updateDeviceLockedStatus():103 repeatCheckTimes = 0, locked = false
03-12 21:57:38.310 15873 15873 D InputMethodService: unregisterCompatOnBackInvokedCallback : android.inputmethodservice.InputMethodService$$ExternalSyntheticLambda2@a7ae0e2
03-12 21:57:38.310  3003  3067 I DisplayDeviceRepository: Display device changed state: "Built-in Screen", OFF
03-12 21:57:38.310  3003  3067 I LogicalDisplayMapper: Set isInTransition on display 0: false
03-12 21:57:38.310  3003  3067 I LogicalDisplayMapper: Set isInTransition on display 1: false
03-12 21:57:38.310  3003  3067 I LogicalDisplayMapper: Applying layout: [{dispId: 0(OFF), displayGroupName: , addr: {port=131, model=0x40446d5d66246e}, mThermalBrightnessThrottlingMapId: null, mRefreshRateZoneId: null, mLeadDisplayId: -1, mLeadDisplayAddress: null, mThermalRefreshRateThrottlingMapId: null, mPowerThrottlingMapId: null}, {dispId: 1(ON), displayGroupName: , addr: {port=132, model=0x40446d6e9178a2}, mThermalBrightnessThrottlingMapId: null, mRefreshRateZoneId: null, mLeadDisplayId: -1, mLeadDisplayAddress: null, mThermalRefreshRateThrottlingMapId: null, mPowerThrottlingMapId: null}], Previous layout: [{dispId: 0(ON), displayGroupName: , addr: {port=131, model=0x40446d5d66246e}, mThermalBrightnessThrottlingMapId: null, mRefreshRateZoneId: null, mLeadDisplayId: -1, mLeadDisplayAddress: null, mThermalRefreshRateThrottlingMapId: null, mPowerThrottlingMapId: null}, {dispId: 1(OFF), displayGroupName: , addr: {port=132, model=0x40446d6e9178a2}, mThermalBrightnessThrottlingMapId: null, mRefreshRateZoneId: null, mLeadDisplayId: -1, mLeadDisplayAddress: null, mThermalRefreshRateThrottlingMapId: null, mPowerThrottlingMapId: null}]
03-12 21:57:38.310  3003  3067 D LogicalDisplayMapper: applyLayoutLocked[0], oldDisplay=0, newDisplay=0, displayLayout={dispId: 0(OFF), displayGroupName: , addr: {port=131, model=0x40446d5d66246e}, mThermalBrightnessThrottlingMapId: null, mRefreshRateZoneId: null, mLeadDisplayId: -1, mLeadDisplayAddress: null, mThermalRefreshRateThrottlingMapId: null, mPowerThrottlingMapId: null}
03-12 21:57:38.310  3003  3067 I LogicalDisplayMapper: SetEnabled on display 0: false
03-12 21:57:38.310  3003  3067 D LogicalDisplayMapper: applyLayoutLocked[1], oldDisplay=1, newDisplay=1, displayLayout={dispId: 1(ON), displayGroupName: , addr: {port=132, model=0x40446d6e9178a2}, mThermalBrightnessThrottlingMapId: null, mRefreshRateZoneId: null, mLeadDisplayId: -1, mLeadDisplayAddress: null, mThermalRefreshRateThrottlingMapId: null, mPowerThrottlingMapId: null}
03-12 21:57:38.310  3003  3067 I LogicalDisplayMapper: SetEnabled on display 1: true
03-12 21:57:38.311  3003  3067 I InputManager-JNI: Viewport [0] to add: local:4630946564756762243, isActive: false
03-12 21:57:38.311  3003  3067 D InputManager-JNI: Viewport [0] type:1, displayId=0, uniqueId=local:4630946564756762243, orientation=0, logicalFrame=[0, 0][1080, 2640], physicalFrame=[0, 0][1080, 2640], deviceSize=[1080, 2640]
03-12 21:57:38.311  3003  3067 I InputManager-JNI: Viewport [1] to add: local:4630946638498144900, isActive: false
03-12 21:57:38.311  3003  3067 D InputManager-JNI: Viewport [1] type:1, displayId=1, uniqueId=local:4630946638498144900, orientation=0, logicalFrame=[0, 0][748, 720], physicalFrame=[0, 0][748, 720], deviceSize=[748, 720]
03-12 21:57:38.311  3003  3130 D DisplayPowerController[1]: onDisplayChanged: mIsEnabled=true mIsInTransition=false mDualScreenPolicy=1 mDisplayDevice=com.android.server.display.LocalDisplayAdapter$LocalDisplayDevice@267658d
03-12 21:57:38.311  3003  3130 D DisplayPowerController[1]: animateScreenStateChange: target=OFF, mIsEnabled=true
03-12 21:57:38.311  3003  3130 D DisplayPowerController[0]: onDisplayChanged: mIsEnabled=false mIsInTransition=false mDualScreenPolicy=1 mDisplayDevice=com.android.server.display.LocalDisplayAdapter$LocalDisplayDevice@a261cbf
03-12 21:57:38.311  3003  3130 D DisplayPowerController[0]: animateScreenStateChange: target=OFF, mIsEnabled=false
03-12 21:57:38.311  3003  3130 D BrightnessThermalClamper: Thermal status observer already started
03-12 21:57:38.311  3003  3130 D BrightnessThermalClamper: Thermal status observer already started
03-12 21:57:38.311  4205  4205 I VRI[NavigationBar1]@5863365: setView = com.android.systemui.navigationbar.views.NavigationBarFrame@594a45c IsHRR=false mFlingFrameRateChange=0 TM=true
03-12 21:57:38.311  2092  3859 I SSC_DAEMON: light_event_log:196, light_msg(4/15): panel off (idx 0) - 0,-1,-1,0
03-12 21:57:38.311  4205  4205 D NavBarStateManager: NavBarStates(1) supportLargeCoverScreenNavBar: true
03-12 21:57:38.312 29180 29562 I HBD     : KeyboardSettingsProvider isAliveIme : false 
03-12 21:57:38.312 29180 29562 I HBD     : c HoneyVoice CoverVoiceIconQueryCommand: false ikbonbo: false, invin: true
03-12 21:57:38.312 29180 29562 I HBD     : c CoverVoiceIconQueryCommand: cover_voice_icon = false 
03-12 21:57:38.312  3003  3661 I InputReader: Reconfiguring input devices, changes=DISPLAY_INFO
03-12 21:57:38.313  3003  3661 I InputReader: support feature by TSP : 0x321
03-12 21:57:38.313  3003  3661 I InputReader: support feature by TSP : 0x321
03-12 21:57:38.313  4205  4205 D NavBarStateManager: multiModalForLargeCover : false
03-12 21:57:38.313  4205  4205 D NavBarView: disableBack=true (isBackDismissIme=false, handlingGestures=false, disabledFlagBack=true, isBottomGesture=false, isImeRenderingNavButtons=false)
03-12 21:57:38.313  4205  4205 D NavBarStateManager: NavBarStates(1) supportLargeCoverScreenNavBar: true
03-12 21:57:38.313  4205  4205 D Navbar.Store: handleEvent(0) OnUpdateSysUiStateFlag(noArguments=true) [Module] SamsungNavigationBarView
03-12 21:57:38.313  4205  4205 D Navbar.Store: --[Band]GESTURE_PACK_UPDATE_SYSTEMUI_STATE_FLAG
03-12 21:57:38.313  4205  4205 D Navbar.Store: --[Band] (afterAction) GESTURE_PACK_UPDATE_SYSTEMUI_STATE_FLAG
03-12 21:57:38.313  4205  4205 D Navbar.Store: handleEvent(0) OnNavBarUpdateA11YService(clickable=false, longClickable=false) [Module] NavigationBar
03-12 21:57:38.313  4205  4205 D Navbar.Store: --[Band]SETUPWIZARD_PACK_UPDATE_A11Y_SERVICE
03-12 21:57:38.313  4205  4205 D Navbar.Store: handleEvent(0) OnButtonOrderChanged(noArguments=true) [Module] NavigationBar
03-12 21:57:38.313  4205  4205 D Navbar.Store: --[Band]CONFIG_PACK_KEY_ORDER_CHANGED
03-12 21:57:38.313  4205  4205 D Navbar.Store: ----apply(0) NavBarStoreAction$ReinflateNavBar
03-12 21:57:38.313  4205  4205 D Navbar.Store: ----handleEvent(0) GetInflateLayoutID(vertical=false) [Module] SamsungNavigationBarInflaterView
03-12 21:57:38.313  4205  4205 D Navbar.Store: ------[Band]STABLE_LAYOUT_PACK_GET_INFLATE_LAYOUT_ID
03-12 21:57:38.313  4205  4205 D NavBarStateManager: NavBarStates(0) getLayoutID(vertical: false): 2131559285
03-12 21:57:38.313  4205  4205 D Navbar.Store: ----handleEvent(0) value= 2131559285
03-12 21:57:38.313  4205  4267 V ShellDragAndDrop: Display changed: 1
03-12 21:57:38.313  3003  3067 D PointerChoreographer: setDefaultMouseDisplayId: 0 -> 1
03-12 21:57:38.314  4205  4205 D Navbar.Store: ----handleEvent(0) GetInflateLayoutID(vertical=true) [Module] SamsungNavigationBarInflaterView
03-12 21:57:38.314  4205  4205 D Navbar.Store: ------[Band]STABLE_LAYOUT_PACK_GET_INFLATE_LAYOUT_ID
03-12 21:57:38.314  4205  4205 D NavBarStateManager: NavBarStates(0) getLayoutID(vertical: true): 2131559287
03-12 21:57:38.314  4205  4205 D Navbar.Store: ----handleEvent(0) value= 2131559287
03-12 21:57:38.314  4205  4205 D Navbar.Store: ----handleEvent(0) GetDefaultLayout(noArguments=true) [Module] SamsungNavigationBarInflaterView
03-12 21:57:38.314  4205  4205 D Navbar.Store: ------[Band]STABLE_LAYOUT_PACK_GET_DEFAULT_LAYOUT
03-12 21:57:38.314  4205  4205 D NavBarStateManager: NavBarStates(0) getDefaultLayout: left,recent;home;back,right
03-12 21:57:38.314  4205  4205 D Navbar.Store: ----handleEvent(0) value= left,recent;home;back,right
03-12 21:57:38.314  4205  4205 D Navbar.Store: ----handleEvent(0) GetInflateButtonWidth(buttonSpec=left, landscape=false) [Module] SamsungNavigationBarInflaterView
03-12 21:57:38.314  4205  4205 D Navbar.Store: ------[Band]STABLE_LAYOUT_PACK_INFLATE_NAVBAR
03-12 21:57:38.314  4832 26496 I HoneySpace.SystemUiRepository: systemUiFlags: overview_disabled|home_disabled|allow_gesture|ime_visible|awake|back_dismiss_ime
03-12 21:57:38.314  4205  4205 D NavBarStateManager: NavBarStates(0) getSpaceWidth(land: false): 118
03-12 21:57:38.314  4205  4205 D Navbar.Store: ----handleEvent(0) value= 118
03-12 21:57:38.314  6239  6239 I SSS     : [ChatRoomComponentManager] onConfigurationChanged: {1.0 ?mcc0mnc [en_US] ldltr sw291dp w352dp h291dp 340dpi smll hdr widecg land night finger -keyb/v/h -nav/h winConfig={ mBounds=Rect(0, 0 - 748, 720) mAppBounds=Rect(0, 0 - 748, 618) mMaxBounds=Rect(0, 0 - 748, 720) mDisplayRotation=ROTATION_0 mWindowingMode=fullscreen mActivityType=undefined mAlwaysOnTop=undefined mRotation=ROTATION_0 mStageConfig=undefined mPopOver=off mOverlappingWithCutout=false mFlexPanelMode=off} s.3987 fontWeightAdjustment=0 ff=0 bf=-1 bts=0 cst=1.0 nightDim=0 themeSeq=0}
03-12 21:57:38.314  4832 26496 I HoneySpace.SystemUiRepository: systemUiFlags: overview_disabled|home_disabled|allow_gesture|ime_visible|back_disabled|awake|back_dismiss_ime
03-12 21:57:38.314  4832  4895 I HoneySpace.TaskbarEventTracker: invokeEvent() called with: event = SystemUiStateChanged(stateFlags=68988305792)
