--------- beginning of main
03-12 21:51:45.108  2007 12669 I sensors-hal: handle_sns_client_event:159, auto_rotation_event_2 event,0, duration,22, ts,193905673003259, ts_diff,899877
03-12 21:51:45.108  2007 12669 I sensors-hal: handle_sns_client_event:170, auto_rotation_debug_2 acc,0.268,6.394,8.968, ar,0, h_ic,0,0, s,2, ver,14, pedo,1,e,1,i,3
03-12 21:51:45.109  4205  4205 D AppController: AppControlSensorListener.onSensorChanged, Rotation: 0
--------- beginning of system
03-12 21:51:45.109  3003  3003 D WindowOrientationListener: onSensorChanged device orientation: 0
03-12 21:51:45.110  3003  3003 I WindowManager: getCoverScreenRotation 0, sensor= 0, isFlat=false, isDual=false
03-12 21:51:45.111  3003  3003 V WindowManager: Computed rotation=ROTATION_0 (0) for display id=1 based on lastOrientation=SCREEN_ORIENTATION_NOSENSOR (5) and oldRotation=ROTATION_0 (0), caller=com.android.server.wm.WindowManagerService.updateRotationUnchecked:72 com.android.server.wm.DisplayRotation$OrientationListener.onProposedRotationChanged:335 com.android.server.wm.WindowOrientationListener$OrientationSensorJudge.finalizeRotation:26 com.android.server.wm.WindowOrientationListener$OrientationSensorJudge.onSensorChanged:401 android.hardware.SystemSensorManager$SensorEventQueue.dispatchSensorEvent:1142 android.os.MessageQueue.nativePollOnce:-2 
03-12 21:51:45.111  3003  3003 V WindowManager: Computed rotation=ROTATION_0 (0) for display id=0 based on lastOrientation=SCREEN_ORIENTATION_PORTRAIT (1) and oldRotation=ROTATION_0 (0), caller=com.android.server.wm.WindowManagerService.updateRotationUnchecked:72 com.android.server.wm.DisplayRotation$OrientationListener.onProposedRotationChanged:335 com.android.server.wm.WindowOrientationListener$OrientationSensorJudge.finalizeRotation:26 com.android.server.wm.WindowOrientationListener$OrientationSensorJudge.onSensorChanged:401 android.hardware.SystemSensorManager$SensorEventQueue.dispatchSensorEvent:1142 android.os.MessageQueue.nativePollOnce:-2 
03-12 21:51:45.198 14724 14769 I appium  : channel read: GET /session/94f96882-61a7-48ce-9dd2-2f6ccbd6297d/source
03-12 21:51:45.202 14724 14769 I appium  : Source command
03-12 21:51:45.205 14724 14769 I appium  : Waiting up to 10000ms for the device to idle
03-12 21:51:45.217  3003  3130 D PowerManagerService: displayReady: false groupId=0
03-12 21:51:45.218  3003  3130 D DisplayPowerController[0]: animateScreenStateChange: target=ON, mIsEnabled=true
03-12 21:51:45.218  3003  3130 D DisplayPowerController[1]: animateScreenStateChange: target=OFF, mIsEnabled=false
03-12 21:51:45.219  3003  3130 D PowerManagerService: displayReady: true groupId=0
03-12 21:51:45.247 14882 14882 I View    : setRequestedFrameRate frameRate=NaN, this=androidx.compose.ui.platform.AndroidComposeView{b261305 VFED..... ........ 0,0-1080,2640 aid=1073741827}, caller=android.view.ViewGroup.setRequestedFrameRate:9952 androidx.compose.ui.platform.Api35Impl.setRequestedFrameRate:0 androidx.compose.ui.platform.AndroidComposeView.dispatchDraw:95 android.view.View.draw:26345 android.view.View.updateDisplayListIfDirty:25175 
03-12 21:51:45.247 14882 14882 I View    : setRequestedFrameRate frameRate=NaN, this=android.view.View{133907c V.ED..... ........ 0,0-0,0}, caller=androidx.compose.ui.platform.Api35Impl.setRequestedFrameRate:0 androidx.compose.ui.platform.AndroidComposeView.dispatchDraw:104 android.view.View.draw:26345 android.view.View.updateDisplayListIfDirty:25175 android.view.View.draw:26072 
03-12 21:51:45.263 14882 14882 I View    : setRequestedFrameRate frameRate=NaN, this=androidx.compose.ui.platform.AndroidComposeView{cea4dd4 VFED..... .F...... 0,0-1080,2640 aid=1073741830}, caller=android.view.ViewGroup.setRequestedFrameRate:9952 androidx.compose.ui.platform.Api35Impl.setRequestedFrameRate:0 androidx.compose.ui.platform.AndroidComposeView.dispatchDraw:95 android.view.View.draw:26345 android.view.View.updateDisplayListIfDirty:25175 
03-12 21:51:45.263 14882 14882 I View    : setRequestedFrameRate frameRate=NaN, this=android.view.View{d0d7b6f V.ED..... ........ 0,0-0,0}, caller=androidx.compose.ui.platform.Api35Impl.setRequestedFrameRate:0 androidx.compose.ui.platform.AndroidComposeView.dispatchDraw:104 android.view.View.draw:26345 android.view.View.updateDisplayListIfDirty:25175 android.view.View.draw:26072 
03-12 21:51:45.323 14724 14769 I appium  : AppiumResponse: {"sessionId":"94f96882-61a7-48ce-9dd2-2f6ccbd6297d","value":"<?xml version='1.0' encoding='UTF-8' standalone='yes' ?>\r\n<hierarchy index=\"0\" class=\"hierarchy\" rotation=\"0\" width=\"1080\" height=\"2640\">\r\n  <android.widget.FrameLayout index=\"0\" package=\"com.squareup.cash\" class=\"androi…
03-12 21:51:45.336 14724 14769 I appium  : channel read: GET /session/94f96882-61a7-48ce-9dd2-2f6ccbd6297d/screenshot
03-12 21:51:45.337 14724 14769 I appium  : CaptureScreenshot command
03-12 21:51:45.338 14724 14769 I tomator2.server: hiddenapi: Accessing hidden method Landroid/view/Display;->getAddress()Landroid/view/DisplayAddress; (runtime_flags=0, domain=platform, api=blocked) from Lio/appium/uiautomator2/utils/ReflectionUtils; (domain=app, TargetSdkVersion=34) using reflection: allowed
03-12 21:51:45.338 14724 14769 I tomator2.server: hiddenapi: Accessing hidden method Landroid/view/DisplayAddress$Physical;->getPhysicalDisplayId()J (runtime_flags=0, domain=platform, api=blocked) from Lio/appium/uiautomator2/utils/ReflectionUtils; (domain=app, TargetSdkVersion=34) using reflection: allowed
03-12 21:51:45.372  2007 12669 I sensors-hal: handle_sns_client_event:197, auto_rotation_debug_2 mode,255, type,1,1 acc,0.225,6.528,6.614, ar,0, h_ic,0,0, s,2, ver,14, pedo,1,e,1,i,3
03-12 21:51:45.418  3003  3130 D PowerManagerService: displayReady: false groupId=0
03-12 21:51:45.418  3003  3130 D DisplayPowerController[0]: animateScreenStateChange: target=ON, mIsEnabled=true
03-12 21:51:45.418  3003  3130 D DisplayPowerController[1]: animateScreenStateChange: target=OFF, mIsEnabled=false
03-12 21:51:45.419  3003  3130 D PowerManagerService: displayReady: true groupId=0
03-12 21:51:45.448 14882 14882 I View    : setRequestedFrameRate frameRate=NaN, this=androidx.compose.ui.platform.AndroidComposeView{cea4dd4 VFED..... .F...... 0,0-1080,2640 aid=1073741830}, caller=android.view.ViewGroup.setRequestedFrameRate:9952 androidx.compose.ui.platform.Api35Impl.setRequestedFrameRate:0 androidx.compose.ui.platform.AndroidComposeView.dispatchDraw:95 android.view.View.draw:26345 android.view.View.updateDisplayListIfDirty:25175 
03-12 21:51:45.448 14882 14882 I View    : setRequestedFrameRate frameRate=NaN, this=android.view.View{d0d7b6f V.ED..... ........ 0,0-0,0}, caller=androidx.compose.ui.platform.Api35Impl.setRequestedFrameRate:0 androidx.compose.ui.platform.AndroidComposeView.dispatchDraw:104 android.view.View.draw:26345 android.view.View.updateDisplayListIfDirty:25175 android.view.ViewGroup.recreateChildDisplayList:4794 
03-12 21:51:45.481 15305 15305 W screencap: Thread Pool max thread count is 0. Cannot cache binder as linkToDeath cannot be implemented. serviceName: SurfaceFlingerAIDL
03-12 21:51:45.482 15305 15305 W BpBinder: Linking to death on android.gui.ISurfaceComposer but there are no threads (yet?) listening to incoming transactions. See ProcessState::startThreadPool and ProcessState::setThreadPoolMaxThreadCount. Generally you should setup the binder threadpool before other initialization steps.
03-12 21:51:45.482 15305 15305 W screencap: Thread Pool max thread count is 0. Cannot cache binder as linkToDeath cannot be implemented. serviceName: edmnativehelper
03-12 21:51:45.484  3003  5013 I EDMNativeHelperService: isScreenCaptureEnabled
03-12 21:51:45.484  3003  5013 D RestrictionPolicy: isScreenCaptureEnabled : ret=true userId=0
03-12 21:51:45.484 15305 15305 W ProcessState: Extra binder thread started, but 0 threads requested. Do not use *startThreadPool when zero threads are requested.
03-12 21:51:45.484 15305 15305 I SurfaceComposerClient: captureDisplay:Display-4630946564756762243
03-12 21:51:45.495  2105  2836 I SurfaceFlinger: Capture layer list: 	 com.squareup.cash/com.squareup.cash.ui.MainActivity$_14882#14582(seamlessTransition:0)
03-12 21:51:45.495  2105  2836 I SurfaceFlinger: Capture layer list: 	 InputMethod$_15873#14587(seamlessTransition:0)
03-12 21:51:45.495  2105  2836 I SurfaceFlinger: Capture layer list: 	 StatusBar$_4205#132(seamlessTransition:0)
03-12 21:51:45.495  2105  2836 I SurfaceFlinger: Capture layer list: 	 com.sec.android.app.launcher/com.samsung.app.honeyspace.edge.edgepanel.app.CocktailBarService$_4832#14521(seamlessTransition:0)
03-12 21:51:45.495  2105  2836 I SurfaceFlinger: Capture layer list: 	 NavigationBar0$_4205#130(seamlessTransition:0)
03-12 21:51:45.496  2105  2836 E HwcComposer: getLuts failed Status(-129, EX_TRANSACTION_FAILED): 'UNKNOWN_TRANSACTION: '
03-12 21:51:45.496  2105  2342 D RenderEngine: [SEC_SF_EFFECTS] drawLayersInternal,1483, Rendering layer ScreenCaptureFillLayer at index 0
03-12 21:51:45.496  2105  2342 D RenderEngine: [SEC_SF_EFFECTS] drawLayersInternal,1483, Rendering layer com.squareup.cash/com.squareup.cash.ui.MainActivity$_14882#14582 at index 1
03-12 21:51:45.497  2105  2342 D RenderEngine: [SEC_SF_EFFECTS] drawLayersInternal,1483, Rendering layer InputMethod$_15873#14587 at index 2
03-12 21:51:45.497  2105  2342 D RenderEngine: [SEC_SF_EFFECTS] drawLayersInternal,1483, Rendering layer StatusBar$_4205#132 at index 3
03-12 21:51:45.497  2105  2342 D RenderEngine: [SEC_SF_EFFECTS] drawLayersInternal,1483, Rendering layer com.sec.android.app.launcher/com.samsung.app.honeyspace.edge.edgepanel.app.CocktailBarService$_4832#14521 at index 4
03-12 21:51:45.497  2105  2342 D RenderEngine: [SEC_SF_EFFECTS] drawLayersInternal,1483, Rendering layer NavigationBar0$_4205#130 at index 5
03-12 21:51:45.498  3003  5013 I ActivityManager: Changes in 10405 6 to 10, 128 to 0
03-12 21:51:45.503  3003  5013 I ActivityManager: Changes in 10405 10 to 6, 0 to 128
03-12 21:51:45.505  3003  4002 D BackgroundInstallControlService: Package event received: 0
03-12 21:51:45.505  3003  4002 D BackgroundInstallControlService: Package event received: 0
03-12 21:51:45.505  3003  4002 D BackgroundInstallControlService: Package event received: 0
03-12 21:51:45.510  2097  2125 E HeatmapThread: ECT Thread time in milliseconds: 1773366705
03-12 21:51:45.515  2097  2125 D HeatmapThread: !@ batteryplugType : 2
03-12 21:51:45.516  2097  2125 D HeatmapThread: !@ batteryLevel : 88  batteryTemperature : 348 
03-12 21:51:45.516  2097  2125 D HeatmapThread: !@ Heatmap currtime: 29556111
03-12 21:51:45.516  2097  2125 D HeatmapThread: !@ Heatmap prevtime: 29556102
03-12 21:51:45.517  2097  2125 D HeatmapThread: !@ Heatmap plugstarttime: 29556072
03-12 21:51:45.517  2097  2125 D HeatmapThread: !@ Heatmap prevv_dsoh_update_time: 29555957
03-12 21:51:45.518  2097  2125 E HeatmapThread: !@ CAM New BSOH: 100
03-12 21:51:45.545 15305 15312 I AdrenoUtils: <ReadGpuID:357>: Reading chip ID through GSL
03-12 21:51:45.546 15305 15305 W qdgralloc: Failed to load libubwcp.so
03-12 21:51:45.620  3003  3130 D PowerManagerService: displayReady: false groupId=0
03-12 21:51:45.620  3003  3130 D DisplayPowerController[0]: animateScreenStateChange: target=ON, mIsEnabled=true
03-12 21:51:45.622  3003  3130 D DisplayPowerController[1]: animateScreenStateChange: target=OFF, mIsEnabled=false
03-12 21:51:45.622  3003  3130 D PowerManagerService: displayReady: true groupId=0
03-12 21:51:45.656  1171  1171 D io_stats: !@   8,0 r 2652712 90525220 w 2330789 59571224 d 243693 65279004 f 93135 256669 iot 976332 0 th 0 0 0 pt 0 inp 0 0 35386.341
03-12 21:51:45.820  3003  3130 D PowerManagerService: displayReady: false groupId=0
03-12 21:51:45.820  3003  3130 D DisplayPowerController[0]: animateScreenStateChange: target=ON, mIsEnabled=true
03-12 21:51:45.821  3003  3130 D DisplayPowerController[1]: animateScreenStateChange: target=OFF, mIsEnabled=false
03-12 21:51:45.821  3003  3130 D PowerManagerService: displayReady: true groupId=0
03-12 21:51:45.864 14724 14769 I appium  : AppiumResponse: {"sessionId":"94f96882-61a7-48ce-9dd2-2f6ccbd6297d","value":"iVBORw0KGgoAAAANSUhEUgAABDgAAApQCAYAAABYiJrlAAAAAXNSR0IArs4c6QAAAARzQklUCAgICHwIZIgAACAASURBVHic7N15WJRVwz/w78zAsMkmi2zivu+CJpq44E5piVKmGZqWr/5KrXzSKNd66nGrtB61MlGxQM0dcwt3UlNcUHBBRWUXRPZlmDm/P3y5X8YBHASE0e/nus5V3nPm3OcecLznO2eRARAgIiIiIiI…
03-12 21:51:45.950 14882 14882 I View    : setRequestedFrameRate frameRate=NaN, this=androidx.compose.ui.platform.AndroidComposeView{cea4dd4 VFED..... .F...... 0,0-1080,2640 aid=1073741830}, caller=android.view.ViewGroup.setRequestedFrameRate:9952 androidx.compose.ui.platform.Api35Impl.setRequestedFrameRate:0 androidx.compose.ui.platform.AndroidComposeView.dispatchDraw:95 android.view.View.draw:26345 android.view.View.updateDisplayListIfDirty:25175 
03-12 21:51:45.951 14882 14882 I View    : setRequestedFrameRate frameRate=NaN, this=android.view.View{d0d7b6f V.ED..... ........ 0,0-0,0}, caller=androidx.compose.ui.platform.Api35Impl.setRequestedFrameRate:0 androidx.compose.ui.platform.AndroidComposeView.dispatchDraw:104 android.view.View.draw:26345 android.view.View.updateDisplayListIfDirty:25175 android.view.ViewGroup.recreateChildDisplayList:4794 
03-12 21:51:45.972 16161 16161 D BoundBrokerSvc: onUnbind: Intent { act=com.google.android.gms.play.integrity.api.service.IntegrityApiDisplayListenerApiService.START dat=chimera-action:/... xflg=0x4 cmp=com.google.android.gms/.chimera.PersistentApiServiceNoInstantApps }
03-12 21:51:46.021  3003  3130 D PowerManagerService: displayReady: false groupId=0
03-12 21:51:46.021  3003  3130 D DisplayPowerController[0]: animateScreenStateChange: target=ON, mIsEnabled=true
03-12 21:51:46.022  3003  3130 D DisplayPowerController[1]: animateScreenStateChange: target=OFF, mIsEnabled=false
03-12 21:51:46.022  3003  3130 D PowerManagerService: displayReady: true groupId=0
03-12 21:51:46.222  3003  3130 D PowerManagerService: displayReady: false groupId=0
03-12 21:51:46.223  3003  3130 D DisplayPowerController[0]: animateScreenStateChange: target=ON, mIsEnabled=true
03-12 21:51:46.223  3003  3130 D DisplayPowerController[1]: animateScreenStateChange: target=OFF, mIsEnabled=false
03-12 21:51:46.224  3003  3130 D PowerManagerService: displayReady: true groupId=0
03-12 21:51:46.423  3003  3130 D PowerManagerService: displayReady: false groupId=0
03-12 21:51:46.423  3003  3130 D DisplayPowerController[0]: animateScreenStateChange: target=ON, mIsEnabled=true
03-12 21:51:46.424  3003  3130 D DisplayPowerController[1]: animateScreenStateChange: target=OFF, mIsEnabled=false
03-12 21:51:46.425  3003  3130 D PowerManagerService: displayReady: true groupId=0
03-12 21:51:46.466 14882 14882 I View    : setRequestedFrameRate frameRate=NaN, this=androidx.compose.ui.platform.AndroidComposeView{cea4dd4 VFED..... .F...... 0,0-1080,2640 aid=1073741830}, caller=android.view.ViewGroup.setRequestedFrameRate:9952 androidx.compose.ui.platform.Api35Impl.setRequestedFrameRate:0 androidx.compose.ui.platform.AndroidComposeView.dispatchDraw:95 android.view.View.draw:26345 android.view.View.updateDisplayListIfDirty:25175 
03-12 21:51:46.467 14882 14882 I View    : setRequestedFrameRate frameRate=NaN, this=android.view.View{d0d7b6f V.ED..... ........ 0,0-0,0}, caller=androidx.compose.ui.platform.Api35Impl.setRequestedFrameRate:0 androidx.compose.ui.platform.AndroidComposeView.dispatchDraw:104 android.view.View.draw:26345 android.view.View.updateDisplayListIfDirty:25175 android.view.ViewGroup.recreateChildDisplayList:4794 
03-12 21:51:46.510  2097  2125 E HeatmapThread: ECT Thread time in milliseconds: 1773366706
03-12 21:51:46.517  2097  2125 D HeatmapThread: !@ batteryplugType : 2
03-12 21:51:46.518  2097  2125 D HeatmapThread: !@ batteryLevel : 88  batteryTemperature : 348 
03-12 21:51:46.518  2097  2125 D HeatmapThread: !@ Heatmap currtime: 29556111
03-12 21:51:46.518  2097  2125 D HeatmapThread: !@ Heatmap prevtime: 29556102
03-12 21:51:46.518  2097  2125 D HeatmapThread: !@ Heatmap plugstarttime: 29556072
03-12 21:51:46.518  2097  2125 D HeatmapThread: !@ Heatmap prevv_dsoh_update_time: 29555957
03-12 21:51:46.518  2097  2125 E HeatmapThread: !@ CAM New BSOH: 100
03-12 21:51:46.571  3003 21180 D PerProcessNandswap$NandswapHandler: nandswap start for non-activity com.adidas.app(pid 15167) action:14 adj:935 type:1
03-12 21:51:46.624  3003  3130 D PowerManagerService: displayReady: false groupId=0
03-12 21:51:46.626  3003  3130 D DisplayPowerController[0]: animateScreenStateChange: target=ON, mIsEnabled=true
03-12 21:51:46.626  3003  3130 D DisplayPowerController[1]: animateScreenStateChange: target=OFF, mIsEnabled=false
03-12 21:51:46.627  3003  3130 D PowerManagerService: displayReady: true groupId=0
03-12 21:51:46.826  3003  3130 D PowerManagerService: displayReady: false groupId=0
03-12 21:51:46.826  3003  3130 D DisplayPowerController[0]: animateScreenStateChange: target=ON, mIsEnabled=true
03-12 21:51:46.827  3003  3130 D DisplayPowerController[1]: animateScreenStateChange: target=OFF, mIsEnabled=false
03-12 21:51:46.827  3003  3130 D PowerManagerService: displayReady: true groupId=0
03-12 21:51:46.838  3003  7743 D SemWifiUsabilityStatsMonitor: onWifiUsabilityStats - seqNum 8216, isSameBssidAndFreq true
03-12 21:51:46.841  3003  4030 D InsDataManager: onOutageCountUpdate() - Outage Data: 0, LQ : Y. Outage Triggered: false
03-12 21:51:46.841  3003  4030 D InsDataManager: Trying to save initial normal data.
03-12 21:51:46.841  3003  4030 D SensorCollector: syncMappedBuffers: 0, 0, 42
03-12 21:51:46.841  3003  4030 D InsDataManager: trimBuffers start.
03-12 21:51:46.841  3003  4030 D InsDataManager: trimBuffers - pathBuffer size: 83
03-12 21:51:46.841  3003  4030 D InsDataManager: trimBuffers - nsmBuffer size: 26
03-12 21:51:46.841  3003  4030 D InsDataManager: Too short for collecting additional normal data
03-12 21:51:46.841  3003  4030 D SemInsManager: {"bssid": "357184ff5785","rssi": -61.0,"latency": 0.0,"outage_count": 0,"lq_callback_triggered": true,"outage_log": "Unreliable statistics: -61.0 / 0 / 104 / 0 / 0 || 357184ff5785: 0.000 / 0.000 / @ || N N / 0 0 / Y 2.0 / Y X 0 / 35387524 0 || Invalid""Magnetic Sensor Events size": "0""Pressure Sensor Events size": "0"}
03-12 21:51:46.842  3003  4047 D SGM:GameManager: identifyGamePackage. com.squareup.cash, mCurrentUserId: 0, callingMethodInfo: com.samsung.android.game.SemGameManager.isGamePackage(SemGameManager.java:106)
03-12 21:51:46.842  3003  4047 D SGM:SemGameManager: isGamePackage(), pkgName=com.squareup.cash, ret=false
03-12 21:51:46.845  2022 15129 I HYPER-HAL: [RequestManager.cpp]releaseLocked(): Released ID : 4567772
03-12 21:51:46.964 14882 14882 I View    : setRequestedFrameRate frameRate=NaN, this=androidx.compose.ui.platform.AndroidComposeView{cea4dd4 VFED..... .F...... 0,0-1080,2640 aid=1073741830}, caller=android.view.ViewGroup.setRequestedFrameRate:9952 androidx.compose.ui.platform.Api35Impl.setRequestedFrameRate:0 androidx.compose.ui.platform.AndroidComposeView.dispatchDraw:95 android.view.View.draw:26345 android.view.View.updateDisplayListIfDirty:25175 
03-12 21:51:46.964 14882 14882 I View    : setRequestedFrameRate frameRate=NaN, this=android.view.View{d0d7b6f V.ED..... ........ 0,0-0,0}, caller=androidx.compose.ui.platform.Api35Impl.setRequestedFrameRate:0 androidx.compose.ui.platform.AndroidComposeView.dispatchDraw:104 android.view.View.draw:26345 android.view.View.updateDisplayListIfDirty:25175 android.view.ViewGroup.recreateChildDisplayList:4794 
03-12 21:51:47.011  3003  5013 I ActivityManager: Changes in 10405 6 to 10, 128 to 0
03-12 21:51:47.021  3003  4002 D BackgroundInstallControlService: Package event received: 0
03-12 21:51:47.022  3003  5013 I ActivityManager: Changes in 10405 19 to 6, 0 to 128
03-12 21:51:47.024  3003  4002 D BackgroundInstallControlService: Package event received: 0
03-12 21:51:47.024  3003  4002 D BackgroundInstallControlService: Package event received: 0
03-12 21:51:47.027  3003  3130 D PowerManagerService: displayReady: false groupId=0
03-12 21:51:47.027  3003  3130 D DisplayPowerController[0]: animateScreenStateChange: target=ON, mIsEnabled=true
03-12 21:51:47.027  3003  3130 D DisplayPowerController[1]: animateScreenStateChange: target=OFF, mIsEnabled=false
03-12 21:51:47.028  3003  3130 D PowerManagerService: displayReady: true groupId=0
03-12 21:51:47.076  3003 21180 D PerProcessNandswap$NandswapHandler: nandswap end for non-activity com.adidas.app(pid 15167) ret:46983229440 adj:935
03-12 21:51:47.079  3003 21180 D PerProcessNandswap$NandswapHandler: nandswap start for non-activity com.google.android.webview:sandboxed_process0:org.chromium.content.app.SandboxedProcessService0:0(pid 15478) action:14 adj:935 type:1
03-12 21:51:47.101  9332  9332 D BoundBrokerSvc: onUnbind: Intent { act=com.google.android.gms.inappreach.service.START dat=chimera-action:/... xflg=0x4 cmp=com.google.android.gms/.chimera.GmsApiService }
03-12 21:51:47.109  3003 21180 D PerProcessNandswap$NandswapHandler: nandswap end for non-activity com.google.android.webview:sandboxed_process0:org.chromium.content.app.SandboxedProcessService0:0(pid 15478) ret:43758215168 adj:935
03-12 21:51:47.205  9332  9332 D BoundBrokerSvc: onUnbind: Intent { act=com.google.firebase.dynamiclinks.service.START xflg=0x4 pkg=com.google.android.gms }
03-12 21:51:47.228  3003  3130 D PowerManagerService: displayReady: false groupId=0
03-12 21:51:47.228  3003  3130 D DisplayPowerController[0]: animateScreenStateChange: target=ON, mIsEnabled=true
03-12 21:51:47.229  3003  3130 D DisplayPowerController[1]: animateScreenStateChange: target=OFF, mIsEnabled=false
03-12 21:51:47.229  3003  3130 D PowerManagerService: displayReady: true groupId=0
03-12 21:51:47.341 16161 16161 D BoundBrokerSvc: onUnbind: Intent { act=com.google.android.gms.libs.gmscorelogger.service.START dat=chimera-action:/... xflg=0x4 cmp=com.google.android.gms/.chimera.PersistentDirectBootAwareApiService }
03-12 21:51:47.421  3003  3631 D ActivityManager: freezing 22149 com.samsung.android.dqagent
03-12 21:51:47.428  3003  3130 D PowerManagerService: displayReady: false groupId=0
03-12 21:51:47.428  3003  3130 D DisplayPowerController[0]: animateScreenStateChange: target=ON, mIsEnabled=true
03-12 21:51:47.429  3003  3130 D DisplayPowerController[1]: animateScreenStateChange: target=OFF, mIsEnabled=false
03-12 21:51:47.429  3003  3130 D PowerManagerService: displayReady: true groupId=0
03-12 21:51:47.433 20399 20508 E Datadog : [_dd.sdk_core.default]: Unable to execute the request; we will retry later.
03-12 21:51:47.434 20399 20508 E Datadog : 
03-12 21:51:47.434 20399 20508 W Datadog : [_dd.sdk_core.default]: Batch 9168e4b4-4590-4dec-8a91-c6953845c907 [1877 bytes] (Logs Request) failed because of a network error; we will retry later.
03-12 21:51:47.434  3003  4086 D NetdEventListenerService: DNS Requested by 110, 10411(com.foxnews.android), 4(FAIL), isBlocked=true, 0ms
03-12 21:51:47.465 14882 14882 I View    : setRequestedFrameRate frameRate=NaN, this=androidx.compose.ui.platform.AndroidComposeView{cea4dd4 VFED..... .F...... 0,0-1080,2640 aid=1073741830}, caller=android.view.ViewGroup.setRequestedFrameRate:9952 androidx.compose.ui.platform.Api35Impl.setRequestedFrameRate:0 androidx.compose.ui.platform.AndroidComposeView.dispatchDraw:95 android.view.View.draw:26345 android.view.View.updateDisplayListIfDirty:25175 
03-12 21:51:47.466 14882 14882 I View    : setRequestedFrameRate frameRate=NaN, this=android.view.View{d0d7b6f V.ED..... ........ 0,0-0,0}, caller=androidx.compose.ui.platform.Api35Impl.setRequestedFrameRate:0 androidx.compose.ui.platform.AndroidComposeView.dispatchDraw:104 android.view.View.draw:26345 android.view.View.updateDisplayListIfDirty:25175 android.view.ViewGroup.recreateChildDisplayList:4794 
03-12 21:51:47.510  2097  2125 E HeatmapThread: ECT Thread time in milliseconds: 1773366707
03-12 21:51:47.518  2097  2125 D HeatmapThread: !@ batteryplugType : 2
03-12 21:51:47.518  2097  2125 D HeatmapThread: !@ batteryLevel : 88  batteryTemperature : 348 
03-12 21:51:47.518  2097  2125 D HeatmapThread: !@ Heatmap currtime: 29556111
03-12 21:51:47.518  2097  2125 D HeatmapThread: !@ Heatmap prevtime: 29556102
03-12 21:51:47.519  2097  2125 D HeatmapThread: !@ Heatmap plugstarttime: 29556072
03-12 21:51:47.519  2097  2125 D HeatmapThread: !@ Heatmap prevv_dsoh_update_time: 29555957
03-12 21:51:47.519  2097  2125 E HeatmapThread: !@ CAM New BSOH: 100
03-12 21:51:47.534  2007 11976 I sensors-hal: handle_sns_std_sensor_event:409, [SSC_LIGHT] P: 6(6),c:0,b:0,m:13,cl:0,l:6,s:4,l0:544,l1:0,s0:409,s1:0,acl:1,opr:0.13,f(r):97,u(bl):111,if:0,wi:0,si:2,po:124(N:0)
03-12 21:51:47.629  3003  3130 D PowerManagerService: displayReady: false groupId=0
03-12 21:51:47.630  3003  3130 D DisplayPowerController[0]: animateScreenStateChange: target=ON, mIsEnabled=true
03-12 21:51:47.631  3003  3130 D DisplayPowerController[1]: animateScreenStateChange: target=OFF, mIsEnabled=false
03-12 21:51:47.632  3003  3130 D PowerManagerService: displayReady: true groupId=0
03-12 21:51:47.659  1171  1171 D io_stats: !@   8,0 r 2652712 90525220 w 2330801 59571888 d 243693 65279004 f 93135 256669 iot 976340 0 th 0 0 0 pt 0 inp 0 0 35388.344
03-12 21:51:47.660  1171  1171 D io_stats: !@ Write_top(KB): kworker/u16:2(21315) 664 kworker/u16:7(21334) 4
03-12 21:51:47.674  3003  4058 D WifiConnectivityMonitor: Stop WCM Poll. cnt : 9
03-12 21:51:47.674  3003  4058 I WifiConnectivityMonitor: LinkQualityMonitorCallback was not registered yet
03-12 21:51:47.780  2059  2086 E BatteryDump: !@new_battery_dump : 4227,323,475,550,88,346,315,374,304,0,361,368,304,Charging,NO_CHARGING,Normal,Good,USB,1,Normal,0,0,11399,0x0,0x10000,0x0,0,0,0000,0000,00000000,4229,4282,83,240,10,0,881,990,0,
03-12 21:51:47.786  2072  2072 I seh_thermal_service: getTemperaturesWithType SehTemperatureType: 3
03-12 21:51:47.787  2059  2059 I sehhealth-service: updateLrpSysfs: write: 360
03-12 21:51:47.830  3003  3130 D PowerManagerService: displayReady: false groupId=0
03-12 21:51:47.831  3003  3130 D DisplayPowerController[0]: animateScreenStateChange: target=ON, mIsEnabled=true
03-12 21:51:47.832  3003  3130 D DisplayPowerController[1]: animateScreenStateChange: target=OFF, mIsEnabled=false
03-12 21:51:47.832  3003  3130 D PowerManagerService: displayReady: true groupId=0
03-12 21:51:47.965 14882 14882 I View    : setRequestedFrameRate frameRate=NaN, this=androidx.compose.ui.platform.AndroidComposeView{cea4dd4 VFED..... .F...... 0,0-1080,2640 aid=1073741830}, caller=android.view.ViewGroup.setRequestedFrameRate:9952 androidx.compose.ui.platform.Api35Impl.setRequestedFrameRate:0 androidx.compose.ui.platform.AndroidComposeView.dispatchDraw:95 android.view.View.draw:26345 android.view.View.updateDisplayListIfDirty:25175 
03-12 21:51:47.966 14882 14882 I View    : setRequestedFrameRate frameRate=NaN, this=android.view.View{d0d7b6f V.ED..... ........ 0,0-0,0}, caller=androidx.compose.ui.platform.Api35Impl.setRequestedFrameRate:0 androidx.compose.ui.platform.AndroidComposeView.dispatchDraw:104 android.view.View.draw:26345 android.view.View.updateDisplayListIfDirty:25175 android.view.ViewGroup.recreateChildDisplayList:4794 
03-12 21:51:48.019  2007 12669 I sensors-hal: handle_sns_client_event:94, folding_angle ts=193908584944405 ns value 160/0 (0/0/2/2 0.890/5.527/9.480 1.373/4.800/6.920 0 0)
03-12 21:51:48.019  2007  3645 I sensors-hal: handle_sns_client_event:182, lid_angle_fusion ts=193908584945447 ns value 3/160/3 160/3  -1/-1     0/    0/    0 (0/0/2/2 0.890/5.527/9.480 1.373/4.800/6.920 0)
03-12 21:51:48.030  3003  3130 D PowerManagerService: displayReady: false groupId=0
03-12 21:51:48.031  3003  3130 D DisplayPowerController[0]: animateScreenStateChange: target=ON, mIsEnabled=true
03-12 21:51:48.032  3003  3130 D DisplayPowerController[1]: animateScreenStateChange: target=OFF, mIsEnabled=false
03-12 21:51:48.032  3003  3130 D PowerManagerService: displayReady: true groupId=0
03-12 21:51:48.059  2007 12669 I sensors-hal: handle_sns_client_event:94, folding_angle ts=193908624940603 ns value 144/0 (0/0/2/2 2.532/5.202/6.236 2.082/4.896/7.183 2 0)
03-12 21:51:48.059  2007  3645 I sensors-hal: handle_sns_client_event:182, lid_angle_fusion ts=193908624941124 ns value 2/144/3 144/3  -1/-1     0/    0/    0 (0/0/2/2 2.532/5.202/6.236 2.082/4.896/7.183 2)
03-12 21:51:48.059  2007  3645 I sensors-hal: handle_sns_client_event:206, lid_angle_fusion submit_sensors_hal_event 2/144/3 144/3
03-12 21:51:48.060  3003  3067 D InputManager: mFoldingAngleListener: state changed, angle = 144.0, state = 1
03-12 21:51:48.065  3003  3003 D DeviceStatePolicy: notifyDeviceStateChangedIfNeeded: newState=2, lastState=3, caller=com.android.server.policy.FlexibleDeviceStatePolicy.adjustState:57 com.android.server.policy.FlexibleDeviceStateProvider.notifyDeviceStateChangedIfNeeded:90 com.android.server.policy.FlexibleDeviceStateProvider.onSensorChanged:21 
03-12 21:51:48.065  3003  3003 D DeviceStateManagerService: onStateChanged identifier = 2
03-12 21:51:48.065  3003  3003 I DeviceStateManagerService: Cannot notify device state info change when pending state is present.
03-12 21:51:48.066  3003  3067 D DeviceStateManagerService: Committing state: DeviceState{identifier=2, name='HALF_OPENED', app_accessible=true, cancel_when_requester_not_on_top=false}
03-12 21:51:48.069  3003  3067 D DeviceStateManagerGlobal: handleDeviceStateInfoChanged state=DeviceState{identifier=2, name='HALF_OPENED', app_accessible=true, cancel_when_requester_not_on_top=false}, baseState=DeviceState{identifier=2, name='HALF_OPENED', app_accessible=true, cancel_when_requester_not_on_top=false}
03-12 21:51:48.070  3003  3003 I Telecom : SamsungFoldStateManagerAdapterImpl : DeviceStateCallback - onDeviceStateChanged : DeviceState{identifier=2, name='HALF_OPENED', app_accessible=true, cancel_when_requester_not_on_top=false}
03-12 21:51:48.071  4184  7946 D DeviceStateManagerGlobal: handleDeviceStateInfoChanged state=DeviceState{identifier=2, name='HALF_OPENED', app_accessible=true, cancel_when_requester_not_on_top=false}, baseState=DeviceState{identifier=2, name='HALF_OPENED', app_accessible=true, cancel_when_requester_not_on_top=false}
03-12 21:51:48.073  4205  4670 D DeviceStateManagerGlobal: handleDeviceStateInfoChanged state=DeviceState{identifier=2, name='HALF_OPENED', app_accessible=true, cancel_when_requester_not_on_top=false}, baseState=DeviceState{identifier=2, name='HALF_OPENED', app_accessible=true, cancel_when_requester_not_on_top=false}
03-12 21:51:48.073  4205  4205 D FlexPanelStartController: OnDeviceStateChanged: mIsTableMode=false, isTableMode=true
03-12 21:51:48.073  4205  4205 D FlexPanelStartController: onFoldStateTableModeChanged: isTableMode=true
03-12 21:51:48.073  4205  4205 D FlexPanelStartController: not support state, mMwEnabled=true, mIsTableMode=true, mDesktopMode=false, mFlexModePanelEnabled=true, mIsImeShowing=true, mIsQuickPanelShowing=false, mIsTaskBarAppsEnabled=false, mIsGlobalActionVisible=false, mOnRecentsAnimation=false, isSupportRotation=true, mIsKeyguardVisible=false
03-12 21:51:48.074  4360  4360 I SprWallpaper|FoldInteractive: onDeviceStateChanged: newState[2]
03-12 21:51:48.074  3003  3647 I CameraService_worker: Fold state changed, DeviceState{identifier=2, name='HALF_OPENED', app_accessible=true, cancel_when_requester_not_on_top=false}
03-12 21:51:48.075  3003  3647 V CameraService_worker: Same device state has coming. skip
03-12 21:51:48.076  5338  5338 I FoldStateManager: onTableModeChanged: true
03-12 21:51:48.076  5338  5338 I FoldStateManager: updateTableMode: isTableMode = true
03-12 21:51:48.076  4205  4205 I KeyguardUpdateMonitor: onTableModeChanged. mIsTableMode = false, isTableMode = true
03-12 21:51:48.076  4205  4205 I SubScreenManager:  onDeviceStateChanged DeviceState{identifier=2, name='HALF_OPENED', app_accessible=true, cancel_when_requester_not_on_top=false}
03-12 21:51:48.076  4205  4205 I SubScreenManager: onDeviceStateChanged() 
03-12 21:51:48.076  4205  4205 I SubLauncher:SubLauncherStateManager@232606011: setTentMode: 3 -> 2 
03-12 21:51:48.077  4205  4205 I FoldStateManager: onTableModeChanged: true
03-12 21:51:48.077  4205  4205 I FoldStateManager: updateTableMode: isTableMode = true
03-12 21:51:48.077  4832 26496 I HoneySpace.ExtraDisplaySource: onStateChanged, state = 2
03-12 21:51:48.077  4832 16672 I HoneySpace.ExtraDisplaySource: onStateChanged, state = 2
03-12 21:51:48.079  4832 16672 I HoneySpace.ExtraDisplaySource: ExtraDisplayInfo(rotation=0, displayId=1, displaySize=Point(748, 720), displayCutout=DisplayCutout{insets=Rect(0, 0 - 0, 66) waterfall=Insets{left=0, top=0, right=0, bottom=0} boundingRect={Bounds=[Rect(0, 0 - 0, 0), Rect(0, 0 - 0, 0), Rect(0, 0 - 0, 0), Rect(379, 654 - 748, 720)]} cutoutPathParserInfo={CutoutPathParserInfo{displayWidth=748 displayHeight=720 physicalDisplayWidth=748 physicalDisplayHeight=720 density={2.125} cutoutSpec={@bottom @right M 0,0 H -173.6470588235294 V -31.05882352941176 H 0 V 0 Z @dp} rotation={0} scale={1.0} physicalPixelDisplaySizeRatio={1.0}}} sideOverrides={}}, foldState=2)
03-12 21:51:48.079 15167 16729 D DeviceStateManagerGlobal: handleDeviceStateInfoChanged state=DeviceState{identifier=2, name='HALF_OPENED', app_accessible=true, cancel_when_requester_not_on_top=false}, baseState=DeviceState{identifier=2, name='HALF_OPENED', app_accessible=true, cancel_when_requester_not_on_top=false}
03-12 21:51:48.080  3003  3067 D WindowManager: onStateChanged, state=2
03-12 21:51:48.080  4832 16672 I HoneySpace.DeviceStateUseCase: changed: THREE_BUTTON, 144, true, false, DisplayInfo(rotation=0, displayId=0, displaySize=Point(1080, 2640), displayCutout=DisplayCutout{insets=Rect(0, 94 - 0, 0) waterfall=Insets{left=0, top=0, right=0, bottom=0} boundingRect={Bounds=[Rect(0, 0 - 0, 0), Rect(505, 0 - 576, 94), Rect(0, 0 - 0, 0), Rect(0, 0 - 0, 0)]} cutoutPathParserInfo={CutoutPathParserInfo{displayWidth=1080 displayHeight=2640 physicalDisplayWidth=1080 physicalDisplayHeight=2640 density={3.0} cutoutSpec={M 0,0 H -11.83333333333333 V 31.33333333333333 H 11.83333333333333 V 0 H 0 Z @dp} rotation={0} scale={1.0} physicalPixelDisplaySizeRatio={1.0}}} sideOverrides={}}, isNavCanMove=true, isTablet=false), ExtraDisplayInfo(rotation=0, displayId=1, displaySize=Point(748, 720), displayCutout=DisplayCutout{insets=Rect(0, 0 - 0, 66) waterfall=Insets{left=0, top=0, right=0, bottom=0} boundingRect={Bounds=[Rect(0, 0 - 0, 0), Rect(0, 0 - 0, 0), Rect(0, 0 - 0, 0), Rect(379, 654 - 748, 720)]} cutoutPathParserInfo={CutoutPathParserInfo{displayWidth=748 displayHeight=720 physicalDisplayWidth=748 physicalDisplayHeight=720 density={2.125} cutoutSpec={@bottom @right M 0,0 H -173.6470588235294 V -31.05882352941176 H 0 V 0 Z @dp} rotation={0} scale={1.0} physicalPixelDisplaySizeRatio={1.0}}} sideOverrides={}}, foldState=2), false
03-12 21:51:48.080  3003  3067 I LogicalDisplayMapper: Requesting Transition to state: 2, from state=3, interactive=true, mBootCompleted=true, wakeDevice=false, sleepDevice=false
03-12 21:51:48.080  3003  3067 I LogicalDisplayMapper: Applying layout: [{dispId: 0(ON), displayGroupName: , addr: {port=131, model=0x40446d5d66246e}, mThermalBrightnessThrottlingMapId: null, mRefreshRateZoneId: null, mLeadDisplayId: -1, mLeadDisplayAddress: null, mThermalRefreshRateThrottlingMapId: null, mPowerThrottlingMapId: null}, {dispId: 1(OFF), displayGroupName: , addr: {port=132, model=0x40446d6e9178a2}, mThermalBrightnessThrottlingMapId: null, mRefreshRateZoneId: null, mLeadDisplayId: -1, mLeadDisplayAddress: null, mThermalRefreshRateThrottlingMapId: null, mPowerThrottlingMapId: null}], Previous layout: [{dispId: 0(ON), displayGroupName: , addr: {port=131, model=0x40446d5d66246e}, mThermalBrightnessThrottlingMapId: null, mRefreshRateZoneId: null, mLeadDisplayId: -1, mLeadDisplayAddress: null, mThermalRefreshRateThrottlingMapId: null, mPowerThrottlingMapId: null}, {dispId: 1(OFF), displayGroupName: , addr: {port=132, model=0x40446d6e9178a2}, mThermalBrightnessThrottlingMapId: null, mRefreshRateZoneId: null, mLeadDisplayId: -1, mLeadDisplayAddress: null, mThermalRefreshRateThrottlingMapId: null, mPowerThrottlingMapId: null}]
03-12 21:51:48.080  3003  3067 D LogicalDisplayMapper: applyLayoutLocked[0], oldDisplay=0, newDisplay=0, displayLayout={dispId: 0(ON), displayGroupName: , addr: {port=131, model=0x40446d5d66246e}, mThermalBrightnessThrottlingMapId: null, mRefreshRateZoneId: null, mLeadDisplayId: -1, mLeadDisplayAddress: null, mThermalRefreshRateThrottlingMapId: null, mPowerThrottlingMapId: null}
03-12 21:51:48.080  3003  3067 D LogicalDisplayMapper: applyLayoutLocked[1], oldDisplay=1, newDisplay=1, displayLayout={dispId: 1(OFF), displayGroupName: , addr: {port=132, model=0x40446d6e9178a2}, mThermalBrightnessThrottlingMapId: null, mRefreshRateZoneId: null, mLeadDisplayId: -1, mLeadDisplayAddress: null, mThermalRefreshRateThrottlingMapId: null, mPowerThrottlingMapId: null}
03-12 21:51:48.081  3003  3067 D VibratorManagerService: onTableModeChanged. isTableMode=true
03-12 21:51:48.081  4832 26496 I HoneySpace.ExtraDisplaySource: ExtraDisplayInfo(rotation=0, displayId=1, displaySize=Point(748, 720), displayCutout=DisplayCutout{insets=Rect(0, 0 - 0, 66) waterfall=Insets{left=0, top=0, right=0, bottom=0} boundingRect={Bounds=[Rect(0, 0 - 0, 0), Rect(0, 0 - 0, 0), Rect(0, 0 - 0, 0), Rect(379, 654 - 748, 720)]} cutoutPathParserInfo={CutoutPathParserInfo{displayWidth=748 displayHeight=720 physicalDisplayWidth=748 physicalDisplayHeight=720 density={2.125} cutoutSpec={@bottom @right M 0,0 H -173.6470588235294 V -31.05882352941176 H 0 V 0 Z @dp} rotation={0} scale={1.0} physicalPixelDisplaySizeRatio={1.0}}} sideOverrides={}}, foldState=2)
03-12 21:51:48.081  6272  6411 D DeviceStateManagerGlobal: handleDeviceStateInfoChanged state=DeviceState{identifier=2, name='HALF_OPENED', app_accessible=true, cancel_when_requester_not_on_top=false}, baseState=DeviceState{identifier=2, name='HALF_OPENED', app_accessible=true, cancel_when_requester_not_on_top=false}
03-12 21:51:48.082  4832  4896 I HoneySpace.TopTaskSource: FoldState updated(2). updateRunningTasks
03-12 21:51:48.082  4205  4205 D NavigationBarControllerImpl: setNavigationBarShortcut requestClass : com.android.wm.shell.controlpanel.activity.FlexPanelActivity, remoteViews : null, position : 0, priority : 11
03-12 21:51:48.082 22866 26222 D DeviceStateManagerGlobal: handleDeviceStateInfoChanged state=DeviceState{identifier=2, name='HALF_OPENED', app_accessible=true, cancel_when_requester_not_on_top=false}, baseState=DeviceState{identifier=2, name='HALF_OPENED', app_accessible=true, cancel_when_requester_not_on_top=false}
03-12 21:51:48.082  4205  4205 D RemoteViewPack: OnSetRemoteView RemoteViewShortcut(requestClass=com.android.wm.shell.controlpanel.activity.FlexPanelActivity, remoteViews=null, position=0, priority=11)
03-12 21:51:48.083  4205  4205 D NavBarStateManager: NavBarStates(0) isGameMode: false
03-12 21:51:48.099  2007  3645 I sensors-hal: handle_sns_client_event:182, lid_angle_fusion ts=193908664938780 ns value 2/129/3 129/3  -1/-1     0/    0/    0 (0/0/2/2 2.895/6.456/6.274 2.331/3.833/9.270 5)
03-12 21:51:48.099  2007 12669 I sensors-hal: handle_sns_client_event:94, folding_angle ts=193908664940082 ns value 129/0 (0/0/2/2 2.895/6.456/6.274 2.331/3.833/9.270 5 0)
03-12 21:51:48.139  2007 12669 I sensors-hal: handle_sns_client_event:94, folding_angle ts=193908704936176 ns value 111/0 (0/0/2/2 0.823/11.476/-0.823 2.163/2.067/10.122 7 0)
03-12 21:51:48.139  2007  3645 I sensors-hal: handle_sns_client_event:182, lid_angle_fusion ts=193908704936176 ns value 2/111/3 111/3  -1/-1     0/    0/    0 (0/0/2/2 0.823/11.476/-0.823 2.163/2.067/10.122 7)
03-12 21:51:48.179  2007 12669 I sensors-hal: handle_sns_client_event:94, folding_angle ts=193908744939561 ns value 100/0 (0/0/2/2 3.254/8.954/2.565 2.302/2.819/11.189 9 0)
03-12 21:51:48.179  2007  3645 I sensors-hal: handle_sns_client_event:182, lid_angle_fusion ts=193908744939041 ns value 2/100/3 100/3  -1/-1     0/    0/    0 (0/0/2/2 3.254/8.954/2.565 2.302/2.819/11.189 9)
03-12 21:51:48.181  4832 22599 I HoneySpace.DeviceStateUseCase: update: DeviceState(naviMode=THREE_BUTTON, navigationBarHeight=144, hint=true, transparentHint=false, rotation=0, displayId=0, displaySize=Point(1080, 2640), displayCutout=DisplayCutout{insets=Rect(0, 94 - 0, 0) waterfall=Insets{left=0, top=0, right=0, bottom=0} boundingRect={Bounds=[Rect(0, 0 - 0, 0), Rect(505, 0 - 576, 94), Rect(0, 0 - 0, 0), Rect(0, 0 - 0, 0)]} cutoutPathParserInfo={CutoutPathParserInfo{displayWidth=1080 displayHeight=2640 physicalDisplayWidth=1080 physicalDisplayHeight=2640 density={3.0} cutoutSpec={M 0,0 H -11.83333333333333 V 31.33333333333333 H 11.83333333333333 V 0 H 0 Z @dp} rotation={0} scale={1.0} physicalPixelDisplaySizeRatio={1.0}}} sideOverrides={}}, isNavCanMove=true, isTablet=false, extraDisplayInfo=ExtraDisplayInfo(rotation=0, displayId=1, displaySize=Point(748, 720), displayCutout=DisplayCutout{insets=Rect(0, 0 - 0, 66) waterfall=Insets{left=0, top=0, right=0, bottom=0} boundingRect={Bounds=[Rect(0, 0 - 0, 0), Rect(0, 0 - 0, 0), Rect(0, 0 - 0, 0), Rect(379, 654 - 748, 720)]} cutoutPathParserInfo={CutoutPathParserInfo{displayWidth=748 displayHeight=720 physicalDisplayWidth=748 physicalDisplayHeight=720 density={2.125} cutoutSpec={@bottom @right M 0,0 H -173.6470588235294 V -31.05882352941176 H 0 V 0 Z @dp} rotation={0} scale={1.0} physicalPixelDisplaySizeRatio={1.0}}} sideOverrides={}}, foldState=2), enableOverlayWindow=false)
03-12 21:51:48.183  4832  4832 I HoneySpace.GestureInputHandler: deviceState changed DeviceState(naviMode=THREE_BUTTON, navigationBarHeight=144, hint=true, transparentHint=false, rotation=0, displayId=0, displaySize=Point(1080, 2640), displayCutout=DisplayCutout{insets=Rect(0, 94 - 0, 0) waterfall=Insets{left=0, top=0, right=0, bottom=0} boundingRect={Bounds=[Rect(0, 0 - 0, 0), Rect(505, 0 - 576, 94), Rect(0, 0 - 0, 0), Rect(0, 0 - 0, 0)]} cutoutPathParserInfo={CutoutPathParserInfo{displayWidth=1080 displayHeight=2640 physicalDisplayWidth=1080 physicalDisplayHeight=2640 density={3.0} cutoutSpec={M 0,0 H -11.83333333333333 V 31.33333333333333 H 11.83333333333333 V 0 H 0 Z @dp} rotation={0} scale={1.0} physicalPixelDisplaySizeRatio={1.0}}} sideOverrides={}}, isNavCanMove=true, isTablet=false, extraDisplayInfo=ExtraDisplayInfo(rotation=0, displayId=1, displaySize=Point(748, 720), displayCutout=DisplayCutout{insets=Rect(0, 0 - 0, 66) waterfall=Insets{left=0, top=0, right=0, bottom=0} boundingRect={Bounds=[Rect(0, 0 - 0, 0), Rect(0, 0 - 0, 0), Rect(0, 0 - 0, 0), Rect(379, 654 - 748, 720)]} cutoutPathParserInfo={CutoutPathParserInfo{displayWidth=748 displayHeight=720 physicalDisplayWidth=748 physicalDisplayHeight=720 density={2.125} cutoutSpec={@bottom @right M 0,0 H -173.6470588235294 V -31.05882352941176 H 0 V 0 Z @dp} rotation={0} scale={1.0} physicalPixelDisplaySizeRatio={1.0}}} sideOverrides={}}, foldState=2), enableOverlayWindow=false)
03-12 21:51:48.183  4832  4832 I HoneySpace.RegionManagerImpl: changeTouchRegion() called with: com.honeyspace.gesture.region.NoGestureTouchRegion@c6984d9 to DeviceState(naviMode=THREE_BUTTON, navigationBarHeight=144, hint=true, transparentHint=false, rotation=0, displayId=0, displaySize=Point(1080, 2640), displayCutout=DisplayCutout{insets=Rect(0, 94 - 0, 0) waterfall=Insets{left=0, top=0, right=0, bottom=0} boundingRect={Bounds=[Rect(0, 0 - 0, 0), Rect(505, 0 - 576, 94), Rect(0, 0 - 0, 0), Rect(0, 0 - 0, 0)]} cutoutPathParserInfo={CutoutPathParserInfo{displayWidth=1080 displayHeight=2640 physicalDisplayWidth=1080 physicalDisplayHeight=2640 density={3.0} cutoutSpec={M 0,0 H -11.83333333333333 V 31.33333333333333 H 11.83333333333333 V 0 H 0 Z @dp} rotation={0} scale={1.0} physicalPixelDisplaySizeRatio={1.0}}} sideOverrides={}}, isNavCanMove=true, isTablet=false, extraDisplayInfo=ExtraDisplayInfo(rotation=0, displayId=1, displaySize=Point(748, 720), displayCutout=DisplayCutout{insets=Rect(0, 0 - 0, 66) waterfall=Insets{left=0, top=0, right=0, bottom=0} boundingRect={Bounds=[Rect(0, 0 - 0, 0), Rect(0, 0 - 0, 0), Rect(0, 0 - 0, 0), Rect(379, 654 - 748, 720)]} cutoutPathParserInfo={CutoutPathParserInfo{displayWidth=748 displayHeight=720 physicalDisplayWidth=748 physicalDisplayHeight=720 density={2.125} cutoutSpec={@bottom @right M 0,0 H -173.6470588235294 V -31.05882352941176 H 0 V 0 Z @dp} rotation={0} scale={1.0} physicalPixelDisplaySizeRatio={1.0}}} sideOverrides={}}, foldState=2), enableOverlayWindow=false)
03-12 21:51:48.184  3003  5013 D TspStateManager: holeName: HomeGesture, direction: 0, startY: 0, endY: 0
03-12 21:51:48.185  4832  4832 I DeadZoneHole: resetDeadZoneHole
03-12 21:51:48.185  4832  4832 I HoneySpace.RegionManagerImpl: resetSwipeRegion. RectF(0.0, 0.0, 0.0, 0.0), RectF(0.0, 0.0, 0.0, 0.0)
03-12 21:51:48.220  2007  3645 I sensors-hal: handle_sns_client_event:182, lid_angle_fusion ts=193908784929405 ns value 2/ 82/3  82/3  -1/-1     0/    0/    0 (0/0/2/2 1.216/8.791/0.301 1.359/1.589/9.844 12)
03-12 21:51:48.220  2007 12669 I sensors-hal: handle_sns_client_event:94, folding_angle ts=193908784933572 ns value  82/0 (0/0/2/2 1.216/8.791/0.301 1.359/1.589/9.844 12 0)
03-12 21:51:48.230  3003  3130 D PowerManagerService: displayReady: false groupId=0
03-12 21:51:48.231  3003  3130 D DisplayPowerController[0]: animateScreenStateChange: target=ON, mIsEnabled=true
03-12 21:51:48.232  3003  3130 D DisplayPowerController[1]: animateScreenStateChange: target=OFF, mIsEnabled=false
03-12 21:51:48.232  3003  3130 D PowerManagerService: displayReady: true groupId=0
03-12 21:51:48.259  2007 12669 I sensors-hal: handle_sns_client_event:94, folding_angle ts=193908824963103 ns value  66/0 (0/0/2/2 1.450/6.389/-4.676 2.029/0.995/9.763 25 0)
03-12 21:51:48.259  2007  3645 I sensors-hal: handle_sns_client_event:182, lid_angle_fusion ts=193908824933416 ns value 1/ 66/3  66/3  -1/-1     0/    0/    0 (0/0/2/2 1.450/6.389/-4.676 2.029/0.995/9.763 25)
03-12 21:51:48.260  2007  3645 I sensors-hal: handle_sns_client_event:206, lid_angle_fusion submit_sensors_hal_event 1/ 66/3  66/3
03-12 21:51:48.263  3003  3003 D DeviceStatePolicy: notifyDeviceStateChangedIfNeeded: newState=1, lastState=2, caller=com.android.server.policy.FlexibleDeviceStatePolicy.adjustState:57 com.android.server.policy.FlexibleDeviceStateProvider.notifyDeviceStateChangedIfNeeded:90 com.android.server.policy.FlexibleDeviceStateProvider.onSensorChanged:21 
03-12 21:51:48.263  3003  3003 D SemInputDeviceManager: setProperty: TSP_SUB(2) CMD,ALWAYS_LOW_POWER_MODE,1
03-12 21:51:48.265  3003  3993 D SemInputDevice:TSP_SUB: SetPropertyTask: CMD,set_always_lpm,1 [03-12 21:51:48.263]
03-12 21:51:48.267  2071  2128 I sysinput:aidl: onReportInformation:93, 2, cmd@set_always_lpm,1:0
03-12 21:51:48.269  3003  3993 D SysinputHAL_AIDL: setProperty(TSP_SUB(2)): CMD, set_always_lpm,1 ret=0
03-12 21:51:48.269  2071  2128 I sysinput:Touch2: operator():237, OK
03-12 21:51:48.295  4184  4797 D SatelliteController: isInCarrierRoamingNbIotNtn: satellite is disabled
03-12 21:51:48.340  2007  3645 I sensors-hal: handle_sns_client_event:182, lid_angle_fusion ts=193908904940447 ns value 1/ 38/3  38/3  -1/-1     0/    0/    0 (0/0/2/2 1.019/3.829/-9.145 1.718/0.321/9.782 20)
03-12 21:51:48.340  2007 12669 I sensors-hal: handle_sns_client_event:94, folding_angle ts=193908904940968 ns value  38/0 (0/0/2/2 1.019/3.829/-9.145 1.718/0.321/9.782 20 0)
03-12 21:51:48.379  2007 12669 I sensors-hal: handle_sns_client_event:94, folding_angle ts=193908944935395 ns value  26/0 (0/0/2/2 0.756/2.527/-10.418 0.938/0.751/9.672 18 0)
03-12 21:51:48.379  2007  3645 I sensors-hal: handle_sns_client_event:182, lid_angle_fusion ts=193908944936697 ns value 1/ 26/3  26/3  -1/-1     0/    0/    0 (0/0/2/2 0.756/2.527/-10.418 0.938/0.751/9.672 18)
03-12 21:51:48.419  2007  3645 I sensors-hal: handle_sns_client_event:182, lid_angle_fusion ts=193908984938624 ns value 1/ 16/3  16/3  -1/-1     0/    0/    0 (0/0/2/2 2.039/-0.024/-10.265 1.321/0.952/10.012 15)
03-12 21:51:48.421  3003  3067 D InputManager: mFoldingAngleListener: state changed, angle = 16.0, state = 0
03-12 21:51:48.431  3003  3130 D PowerManagerService: displayReady: false groupId=0
03-12 21:51:48.431  3003  3130 D DisplayPowerController[0]: animateScreenStateChange: target=ON, mIsEnabled=true
03-12 21:51:48.432  3003  3130 D DisplayPowerController[1]: animateScreenStateChange: target=OFF, mIsEnabled=false
03-12 21:51:48.433  3003  3130 D PowerManagerService: displayReady: true groupId=0
03-12 21:51:48.459  2007 12669 I sensors-hal: handle_sns_client_event:94, folding_angle ts=193909024939718 ns value   4/0 (0/0/2/2 0.904/-1.340/-7.959 1.847/0.613/9.155 13 0)
03-12 21:51:48.459  2007  3645 I sensors-hal: handle_sns_client_event:182, lid_angle_fusion ts=193909024940238 ns value 0/  4/3   4/3  -1/-1     0/    0/    0 (0/0/2/2 0.904/-1.340/-7.959 1.847/0.613/9.155 13)
03-12 21:51:48.459  2007  3645 I sensors-hal: handle_sns_client_event:206, lid_angle_fusion submit_sensors_hal_event 0/  4/3   4/3
03-12 21:51:48.463 14882 14882 I View    : setRequestedFrameRate frameRate=NaN, this=androidx.compose.ui.platform.AndroidComposeView{cea4dd4 VFED..... .F...... 0,0-1080,2640 aid=1073741830}, caller=android.view.ViewGroup.setRequestedFrameRate:9952 androidx.compose.ui.platform.Api35Impl.setRequestedFrameRate:0 androidx.compose.ui.platform.AndroidComposeView.dispatchDraw:95 android.view.View.draw:26345 android.view.View.updateDisplayListIfDirty:25175 
03-12 21:51:48.463  3003  3003 E FlexibleDeviceStateProvider: No declared device states match any of the required conditions.
03-12 21:51:48.463  3003  3003 I FlexibleDeviceStateProvider: LidSwitch mIsLidOpen: true
03-12 21:51:48.463  3003  3003 I FlexibleDeviceStateProvider: Sensor values:
