03-12 21:53:45.979  4832  4832 I HoneySpace.GestureInputHandler: deviceState changed DeviceState(naviMode=THREE_BUTTON, navigationBarHeight=144, hint=true, transparentHint=false, rotation=0, displayId=0, displaySize=Point(1080, 2640), displayCutout=DisplayCutout{insets=Rect(0, 94 - 0, 0) waterfall=Insets{left=0, top=0, right=0, bottom=0} boundingRect={Bounds=[Rect(0, 0 - 0, 0), Rect(505, 0 - 576, 94), Rect(0, 0 - 0, 0), Rect(0, 0 - 0, 0)]} cutoutPathParserInfo={CutoutPathParserInfo{displayWidth=1080 displayHeight=2640 physicalDisplayWidth=1080 physicalDisplayHeight=2640 density={3.0} cutoutSpec={M 0,0 H -11.83333333333333 V 31.33333333333333 H 11.83333333333333 V 0 H 0 Z @dp} rotation={0} scale={1.0} physicalPixelDisplaySizeRatio={1.0}}} sideOverrides={}}, isNavCanMove=true, isTablet=false, extraDisplayInfo=ExtraDisplayInfo(rotation=0, displayId=1, displaySize=Point(748, 720), displayCutout=DisplayCutout{insets=Rect(0, 0 - 0, 66) waterfall=Insets{left=0, top=0, right=0, bottom=0} boundingRect={Bounds=[Rect(0, 0 - 0, 0), Rect(0, 0 - 0, 0), Rect(0, 0 - 0, 0), Rect(379, 654 - 748, 720)]} cutoutPathParserInfo={CutoutPathParserInfo{displayWidth=748 displayHeight=720 physicalDisplayWidth=748 physicalDisplayHeight=720 density={2.125} cutoutSpec={@bottom @right M 0,0 H -173.6470588235294 V -31.05882352941176 H 0 V 0 Z @dp} rotation={0} scale={1.0} physicalPixelDisplaySizeRatio={1.0}}} sideOverrides={}}, foldState=2), enableOverlayWindow=false)
03-12 21:53:45.979  4832  4832 I HoneySpace.RegionManagerImpl: changeTouchRegion() called with: com.honeyspace.gesture.region.NoGestureTouchRegion@a807685 to DeviceState(naviMode=THREE_BUTTON, navigationBarHeight=144, hint=true, transparentHint=false, rotation=0, displayId=0, displaySize=Point(1080, 2640), displayCutout=DisplayCutout{insets=Rect(0, 94 - 0, 0) waterfall=Insets{left=0, top=0, right=0, bottom=0} boundingRect={Bounds=[Rect(0, 0 - 0, 0), Rect(505, 0 - 576, 94), Rect(0, 0 - 0, 0), Rect(0, 0 - 0, 0)]} cutoutPathParserInfo={CutoutPathParserInfo{displayWidth=1080 displayHeight=2640 physicalDisplayWidth=1080 physicalDisplayHeight=2640 density={3.0} cutoutSpec={M 0,0 H -11.83333333333333 V 31.33333333333333 H 11.83333333333333 V 0 H 0 Z @dp} rotation={0} scale={1.0} physicalPixelDisplaySizeRatio={1.0}}} sideOverrides={}}, isNavCanMove=true, isTablet=false, extraDisplayInfo=ExtraDisplayInfo(rotation=0, displayId=1, displaySize=Point(748, 720), displayCutout=DisplayCutout{insets=Rect(0, 0 - 0, 66) waterfall=Insets{left=0, top=0, right=0, bottom=0} boundingRect={Bounds=[Rect(0, 0 - 0, 0), Rect(0, 0 - 0, 0), Rect(0, 0 - 0, 0), Rect(379, 654 - 748, 720)]} cutoutPathParserInfo={CutoutPathParserInfo{displayWidth=748 displayHeight=720 physicalDisplayWidth=748 physicalDisplayHeight=720 density={2.125} cutoutSpec={@bottom @right M 0,0 H -173.6470588235294 V -31.05882352941176 H 0 V 0 Z @dp} rotation={0} scale={1.0} physicalPixelDisplaySizeRatio={1.0}}} sideOverrides={}}, foldState=2), enableOverlayWindow=false)
03-12 21:53:45.980  3003  4598 D TspStateManager: holeName: HomeGesture, direction: 0, startY: 0, endY: 0
03-12 21:53:45.981  4832  4832 I DeadZoneHole: resetDeadZoneHole
03-12 21:53:45.981  4832  4832 I HoneySpace.RegionManagerImpl: resetSwipeRegion. RectF(0.0, 0.0, 0.0, 0.0), RectF(0.0, 0.0, 0.0, 0.0)
03-12 21:53:46.014  2007 12669 I sensors-hal: handle_sns_client_event:94, folding_angle ts=194026579493111 ns value  75/0 (0/0/1/1 0.134/3.623/-8.471 0.368/6.389/6.073 24 0)
03-12 21:53:46.014  2007  3645 I sensors-hal: handle_sns_client_event:182, lid_angle_fusion ts=194026579487902 ns value 2/ 75/3  75/3  -1/-1     0/    0/    0 (0/0/1/1 0.134/3.623/-8.471 0.368/6.389/6.073 24)
03-12 21:53:46.058  2007 12669 I sensors-hal: handle_sns_client_event:94, folding_angle ts=194026619490507 ns value  63/0 (0/0/1/1 0.005/1.048/-11.347 -0.148/6.236/6.437 22 0)
03-12 21:53:46.058  2007  3645 I sensors-hal: handle_sns_client_event:182, lid_angle_fusion ts=194026619490767 ns value 1/ 63/3  63/3  -1/-1     0/    0/    0 (0/0/1/1 0.005/1.048/-11.347 -0.148/6.236/6.437 22)
03-12 21:53:46.058  2007  3645 I sensors-hal: handle_sns_client_event:206, lid_angle_fusion submit_sensors_hal_event 1/ 63/3  63/3
03-12 21:53:46.062  3003  3003 D DeviceStatePolicy: notifyDeviceStateChangedIfNeeded: newState=1, lastState=2, caller=com.android.server.policy.FlexibleDeviceStatePolicy.adjustState:57 com.android.server.policy.FlexibleDeviceStateProvider.notifyDeviceStateChangedIfNeeded:90 com.android.server.policy.FlexibleDeviceStateProvider.onSensorChanged:21 
03-12 21:53:46.062  3003  3003 D SemInputDeviceManager: setProperty: TSP_SUB(2) CMD,ALWAYS_LOW_POWER_MODE,1
03-12 21:53:46.063  3003  3993 D SemInputDevice:TSP_SUB: SetPropertyTask: CMD,set_always_lpm,1 [03-12 21:53:46.062]
03-12 21:53:46.066  2071  2128 I sysinput:aidl: onReportInformation:93, 2, cmd@set_always_lpm,1:0
03-12 21:53:46.067  3003  3993 D SysinputHAL_AIDL: setProperty(TSP_SUB(2)): CMD, set_always_lpm,1 ret=0
03-12 21:53:46.068  2071  2128 I sysinput:Touch2: operator():237, OK
03-12 21:53:46.128 19096 19096 I View    : setRequestedFrameRate frameRate=NaN, this=androidx.compose.ui.platform.AndroidComposeView{9887340 VFED..... .F...... 0,0-1080,2640 aid=1073741830}, caller=android.view.ViewGroup.setRequestedFrameRate:9952 androidx.compose.ui.platform.Api35Impl.setRequestedFrameRate:0 androidx.compose.ui.platform.AndroidComposeView.dispatchDraw:95 android.view.View.draw:26345 android.view.View.updateDisplayListIfDirty:25175 
03-12 21:53:46.129 19096 19096 I View    : setRequestedFrameRate frameRate=NaN, this=android.view.View{b205f8b V.ED..... ........ 0,0-0,0}, caller=androidx.compose.ui.platform.Api35Impl.setRequestedFrameRate:0 androidx.compose.ui.platform.AndroidComposeView.dispatchDraw:104 android.view.View.draw:26345 android.view.View.updateDisplayListIfDirty:25175 android.view.ViewGroup.recreateChildDisplayList:4794 
03-12 21:53:46.214  2007 12669 I sensors-hal: handle_sns_client_event:94, folding_angle ts=194026779485663 ns value  50/0 (0/0/1/1 1.359/1.153/-10.189 0.220/6.322/8.705 12 0)
03-12 21:53:46.214  2007  3645 I sensors-hal: handle_sns_client_event:182, lid_angle_fusion ts=194026779485923 ns value 1/ 50/3  50/3  -1/-1     0/    0/    0 (0/0/1/1 1.359/1.153/-10.189 0.220/6.322/8.705 12)
03-12 21:53:46.272  2007 12669 I sensors-hal: handle_sns_client_event:159, auto_rotation_event_2 event,255, duration,1481, ts,194026837320402, ts_diff,594511
03-12 21:53:46.272  2007 12669 I sensors-hal: handle_sns_client_event:170, auto_rotation_debug_2 acc,0.995,-1.579,-11.184, ar,0, h_ic,0,0, s,2, ver,14, pedo,1,e,1,i,3
03-12 21:53:46.273  3003  3003 D WindowOrientationListener: onSensorChanged device orientation: -1
03-12 21:53:46.273  3003  3003 I WindowManager: getCoverScreenRotation 0, sensor= 0, isFlat=false, isDual=false
03-12 21:53:46.274  3003  3003 V WindowManager: Computed rotation=ROTATION_0 (0) for display id=1 based on lastOrientation=SCREEN_ORIENTATION_NOSENSOR (5) and oldRotation=ROTATION_0 (0), caller=com.android.server.wm.WindowManagerService.updateRotationUnchecked:72 com.android.server.wm.DisplayRotation$OrientationListener.onProposedRotationChanged:335 com.android.server.wm.WindowOrientationListener$OrientationSensorJudge.finalizeRotation:26 com.android.server.wm.WindowOrientationListener$OrientationSensorJudge.onSensorChanged:401 android.hardware.SystemSensorManager$SensorEventQueue.dispatchSensorEvent:1142 android.os.MessageQueue.nativePollOnce:-2 
03-12 21:53:46.274  3003  3003 V WindowManager: Computed rotation=ROTATION_0 (0) for display id=0 based on lastOrientation=SCREEN_ORIENTATION_PORTRAIT (1) and oldRotation=ROTATION_0 (0), caller=com.android.server.wm.WindowManagerService.updateRotationUnchecked:72 com.android.server.wm.DisplayRotation$OrientationListener.onProposedRotationChanged:335 com.android.server.wm.WindowOrientationListener$OrientationSensorJudge.finalizeRotation:26 com.android.server.wm.WindowOrientationListener$OrientationSensorJudge.onSensorChanged:401 android.hardware.SystemSensorManager$SensorEventQueue.dispatchSensorEvent:1142 android.os.MessageQueue.nativePollOnce:-2 
03-12 21:53:46.276  4205  4205 D AppController: AppControlSensorListener.onSensorChanged, Rotation: -1
03-12 21:53:46.294  2007 12669 I sensors-hal: handle_sns_client_event:94, folding_angle ts=194026859490975 ns value  37/0 (0/0/1/1 0.962/-1.407/-10.897 0.421/7.021/7.408 7 0)
03-12 21:53:46.294  2007  3645 I sensors-hal: handle_sns_client_event:182, lid_angle_fusion ts=194026859485507 ns value 1/ 37/3  37/3  -1/-1     0/    0/    0 (0/0/1/1 0.962/-1.407/-10.897 0.421/7.021/7.408 7)
03-12 21:53:46.454  2007 12669 I sensors-hal: handle_sns_client_event:94, folding_angle ts=194027019486340 ns value  24/0 (0/0/1/1 0.550/-3.063/-9.141 0.474/6.298/7.624 1 0)
03-12 21:53:46.454  2007  3645 I sensors-hal: handle_sns_client_event:182, lid_angle_fusion ts=194027019485038 ns value 1/ 24/3  24/3  -1/-1     0/    0/    0 (0/0/1/1 0.550/-3.063/-9.141 0.474/6.298/7.624 1)
03-12 21:53:46.495  3003  3067 D InputManager: mFoldingAngleListener: state changed, angle = 17.0, state = 0
03-12 21:53:46.512  2097  2125 E HeatmapThread: ECT Thread time in milliseconds: 1773366826
03-12 21:53:46.518  2097  2125 D HeatmapThread: !@ batteryplugType : 2
03-12 21:53:46.519  2097  2125 D HeatmapThread: !@ batteryLevel : 89  batteryTemperature : 346 
03-12 21:53:46.520  2097  2125 D HeatmapThread: !@ Heatmap currtime: 29556113
03-12 21:53:46.520  2097  2125 D HeatmapThread: !@ Heatmap prevtime: 29556102
03-12 21:53:46.520  2097  2125 D HeatmapThread: !@ Heatmap plugstarttime: 29556072
03-12 21:53:46.520  2097  2125 D HeatmapThread: !@ Heatmap prevv_dsoh_update_time: 29555957
03-12 21:53:46.520  2097  2125 E HeatmapThread: !@ CAM New BSOH: 100
03-12 21:53:46.534  2007 12669 I sensors-hal: handle_sns_client_event:94, folding_angle ts=194027099482382 ns value  12/0 (0/0/1/1 -0.067/-4.566/-8.327 0.124/5.862/7.647 6 0)
03-12 21:53:46.534  2007  3645 I sensors-hal: handle_sns_client_event:182, lid_angle_fusion ts=194027099481340 ns value 1/ 12/3  12/3  -1/-1     0/    0/    0 (0/0/1/1 -0.067/-4.566/-8.327 0.124/5.862/7.647 6)
03-12 21:53:46.614  2007  3645 I sensors-hal: handle_sns_client_event:182, lid_angle_fusion ts=194027179486236 ns value 0/  1/3   1/3  -1/-1     0/    0/    0 (0/0/1/1 0.694/-4.881/-1.464 -1.819/7.145/7.475 10)
03-12 21:53:46.614  2007  3645 I sensors-hal: handle_sns_client_event:206, lid_angle_fusion submit_sensors_hal_event 0/  1/3   1/3
03-12 21:53:46.614  2007 12669 I sensors-hal: handle_sns_client_event:94, folding_angle ts=194027179485454 ns value   1/0 (0/0/1/1 0.694/-4.881/-1.464 -1.819/7.145/7.475 10 0)
03-12 21:53:46.619  3003  3003 E FlexibleDeviceStateProvider: No declared device states match any of the required conditions.
03-12 21:53:46.619  3003  3003 I FlexibleDeviceStateProvider: LidSwitch mIsLidOpen: true
03-12 21:53:46.619  3003  3003 I FlexibleDeviceStateProvider: Sensor values:
03-12 21:53:46.619  3003  3003 I FlexibleDeviceStateProvider: lid_angle_fusion  Wakeup : [0.0, 1.0, 1.0]
03-12 21:53:46.619  3003  3003 I FlexibleDeviceStateProvider: isScreenOn: false
03-12 21:53:46.620  3003  3003 D DeviceStatePolicy: notifyDeviceStateChangedIfNeeded: newState=-1, lastState=2, caller=com.android.server.policy.FlexibleDeviceStatePolicy.adjustState:57 com.android.server.policy.FlexibleDeviceStateProvider.notifyDeviceStateChangedIfNeeded:90 com.android.server.policy.FlexibleDeviceStateProvider.onSensorChanged:21 
03-12 21:53:46.623  3003  3661 D InputReader: Input event [EV_SW](9): code=0x0, value=1, when=35507.308203
03-12 21:53:46.624 19096 19096 I View    : setRequestedFrameRate frameRate=NaN, this=androidx.compose.ui.platform.AndroidComposeView{9887340 VFED..... .F...... 0,0-1080,2640 aid=1073741830}, caller=android.view.ViewGroup.setRequestedFrameRate:9952 androidx.compose.ui.platform.Api35Impl.setRequestedFrameRate:0 androidx.compose.ui.platform.AndroidComposeView.dispatchDraw:95 android.view.View.draw:26345 android.view.View.updateDisplayListIfDirty:25175 
03-12 21:53:46.625  3003  3661 D InputReader: processSwitch() : elapsed time = 1ms, switchCode=0
03-12 21:53:46.625 19096 19096 I View    : setRequestedFrameRate frameRate=NaN, this=android.view.View{b205f8b V.ED..... ........ 0,0-0,0}, caller=androidx.compose.ui.platform.Api35Impl.setRequestedFrameRate:0 androidx.compose.ui.platform.AndroidComposeView.dispatchDraw:104 android.view.View.draw:26345 android.view.View.updateDisplayListIfDirty:25175 android.view.ViewGroup.recreateChildDisplayList:4794 
03-12 21:53:46.625  3003  3661 D InputManager: notifySwitch: values=1, mask=1
03-12 21:53:46.626  3003  3661 D DeviceStatePolicy: notifyDeviceStateChangedIfNeeded: newState=0, lastState=2, caller=com.android.server.policy.FlexibleDeviceStatePolicy.adjustState:57 com.android.server.policy.FlexibleDeviceStateProvider.notifyDeviceStateChangedIfNeeded:90 com.android.server.policy.FlexibleDeviceStateProvider.notifyLidSwitchChanged:40 
03-12 21:53:46.626  3003  3661 D SemInputDeviceManager: setProperty: TSP_SUB(2) CMD,ALWAYS_LOW_POWER_MODE,0
03-12 21:53:46.628  3003  3661 D DeviceStateManagerService: onStateChanged identifier = 0
03-12 21:53:46.628  3003  3661 W OverrideRequestController: Attempted to cancel a null OverrideRequest
03-12 21:53:46.628  3003  3661 I DeviceStateManagerService: Cannot notify device state info change when pending state is present.
03-12 21:53:46.628  3003  3661 D DeviceStatePolicy: updateFoldingSensorListenerLw, foldOpen=false, awake=true, isTableModeEnabled=true, forceOff=false, caller=com.android.server.policy.FlexibleDeviceStateProvider.notifyDeviceStateChangedIfNeeded:146 com.android.server.policy.FlexibleDeviceStateProvider.notifyLidSwitchChanged:40 com.android.server.input.InputManagerService.notifySwitch:103 <bottom of call stack> <bottom of call stack> <bottom of call stack> <bottom of call stack> <bottom of call stack> <bottom of call stack> <bottom of call stack> 
03-12 21:53:46.629  3003  3067 D DeviceStateManagerService: Committing state: DeviceState{identifier=0, name='CLOSED', app_accessible=false, cancel_when_requester_not_on_top=false}
03-12 21:53:46.630  3003  3993 D SemInputDevice:TSP_SUB: SetPropertyTask: CMD,set_always_lpm,0 [03-12 21:53:46.626]
03-12 21:53:46.631  2007  2007 I sensors-hal: activate:300, com.samsung.sensor.folding_state/2592 en=0
03-12 21:53:46.632  3003  3067 D DeviceStateManagerGlobal: handleDeviceStateInfoChanged state=DeviceState{identifier=0, name='CLOSED', app_accessible=false, cancel_when_requester_not_on_top=false}, baseState=DeviceState{identifier=0, name='CLOSED', app_accessible=false, cancel_when_requester_not_on_top=false}
03-12 21:53:46.633  3003  3647 I CameraService_worker: Fold state changed, DeviceState{identifier=0, name='CLOSED', app_accessible=false, cancel_when_requester_not_on_top=false}
03-12 21:53:46.633  3003  3064 D UsbDeviceManager: Device folded, update USB noti
03-12 21:53:46.633  3003  3647 I CameraService_worker: NotifyDeviceStateChange 0x6, sync(false)
03-12 21:53:46.633  3003  3003 D NotificationService: mFoldState = false, isFolded = true
03-12 21:53:46.634  3003  3676 I SemInputDeviceManagerService: onFoldStateChanged: folded
03-12 21:53:46.634  3003  3003 D SemDisplaySolutionManagerService: uid : 1000 , pid : 3003 , name : extra_brightness_off
03-12 21:53:46.634  4205  4240 D DeviceStateManagerGlobal: handleDeviceStateInfoChanged state=DeviceState{identifier=0, name='CLOSED', app_accessible=false, cancel_when_requester_not_on_top=false}, baseState=DeviceState{identifier=0, name='CLOSED', app_accessible=false, cancel_when_requester_not_on_top=false}
03-12 21:53:46.634  3003  3676 I SemInputCommandService: setPropertyAllTouch: FOLD_STATE,1 retDefault=1 retExtra=1
03-12 21:53:46.634  2094 22530 D AudioFlinger: setParameters: filtered dev setParameters keyvalue l_hw_folder_state=0
03-12 21:53:46.635  3003  3676 I SemInputCommandService: setPropertyAllTouchAndSpen: FOLD_STATE,1 retTouch=1 retSpen=-2
03-12 21:53:46.635  4184  5032 D DeviceStateManagerGlobal: handleDeviceStateInfoChanged state=DeviceState{identifier=0, name='CLOSED', app_accessible=false, cancel_when_requester_not_on_top=false}, baseState=DeviceState{identifier=0, name='CLOSED', app_accessible=false, cancel_when_requester_not_on_top=false}
03-12 21:53:46.635  3003  3994 D SemInputDevice:TSP: SetPropertyTask: CMD,set_fold_state,1 [03-12 21:53:46.634]
03-12 21:53:46.636  6272  6411 D DeviceStateManagerGlobal: handleDeviceStateInfoChanged state=DeviceState{identifier=0, name='CLOSED', app_accessible=false, cancel_when_requester_not_on_top=false}, baseState=DeviceState{identifier=0, name='CLOSED', app_accessible=false, cancel_when_requester_not_on_top=false}
03-12 21:53:46.636  3003  3064 D UsbDeviceManager: handleMessage -> MSG_USB_NOTI_UPDATE: isForce=1
03-12 21:53:46.636  4360  4360 I SprWallpaper|FoldInteractive: onDeviceStateChanged: newState[0]
03-12 21:53:46.637  4360  4360 I SprWallpaper|fold_Choreographer: stop
03-12 21:53:46.637  4360  4360 I SprWallpaper|fold_Choreographer: pause
03-12 21:53:46.637  4360  4360 I SprWallpaper|FoldInteractive: resetFrame current[429]
03-12 21:53:46.637  4360  4360 I SprWallpaper|FoldInteractive: seekTo: frame[0], time[0]
03-12 21:53:46.637  4360  4360 I SprWallpaper|FoldInteractive: resetFrame: seek to head forcefully
03-12 21:53:46.637  4360  4360 I SprWallpaper|VideoPlayer: start: state[3]
03-12 21:53:46.637  4360  4360 I SprWallpaper|VideoPlayer: prepare: state[3]
03-12 21:53:46.637  4360  4360 I SprWallpaper|VideoPlayer: createVideoDecoder
03-12 21:53:46.637  4205  5096 D KeyguardFoldController: changeFoldState: foldState=0, changed=true
03-12 21:53:46.637  3003  3067 D WindowManager: onStateChanged, state=0
03-12 21:53:46.637  4205  5096 I PluginLockManagerImpl: PluginLock:onFolderStateChanged, opened: false, mScreenType: 1
03-12 21:53:46.637  4205  5096 I PluginLockManagerImpl: PluginLock:onFolderStateChanged, old: com.samsung.android.dynamiclock:2
03-12 21:53:46.637  4205  5096 I DymLock|DynamicLockManager: onFolderStateChanged() false , false
03-12 21:53:46.637  4205  5096 I DymLock|BaseLockContainer: onFolderStateChanged screen[1] enabled[false]
03-12 21:53:46.637  4205  5096 I DymLock|BaseLockStateContainer: unsubscribe folder change : com.samsung.android.dynamiclock.plugin.views.dls.DynamicLockContainer{b8feb8d I.E...... ......I. 0,0-1080,2640}
03-12 21:53:46.637  3003  3067 I LogicalDisplayMapper: Set isInTransition on display 0: true
03-12 21:53:46.637  4205  5096 I DymLock|ActionBus: unsubscribe : com.samsung.android.dynamiclock.plugin.views.dls.DynamicLockContainer{b8feb8d I.E...... ......I. 0,0-1080,2640}
03-12 21:53:46.637  3003  3067 I LogicalDisplayMapper: Set isInTransition on display 1: true
03-12 21:53:46.637  4205  5096 I DymLock|ActionBus: unsubscribe : com.samsung.android.dynamiclock.plugin.stores.LockContainerStore@7ae7fb4
03-12 21:53:46.637  3003  3067 I LogicalDisplayMapper: Requesting Transition to state: 0, from state=2, interactive=true, mBootCompleted=true, wakeDevice=false, sleepDevice=true
03-12 21:53:46.637  4205  5096 I DymLock|ActionBus: unsubscribe : com.samsung.android.dynamiclock.plugin.stores.WallpaperStore@96d67dd
03-12 21:53:46.637  4205  5096 I DymLock|ActionBus: unsubscribe : com.samsung.android.dynamiclock.plugin.stores.LockStarStore@b28bf52
03-12 21:53:46.637  3003  3067 D DisplayManagerService: handleLogicalDisplayDeviceStateTransitionLocked: displayId=1
03-12 21:53:46.639  2058  3323 I CamComm1.0-CamModule: notifyDeviceStateChange: calling notify_device_state_change with state 6
03-12 21:53:46.639  3003  3067 D DisplayManagerService: handleLogicalDisplayDeviceStateTransitionLocked: displayId=0
03-12 21:53:46.639  2058  3323 I CHI     : [SS_INFO]: [CHI         ]: chxextensionmodule.cpp: SecModifySettings: 21458: [SWITCH_DBG] Folding State 1 
03-12 21:53:46.639  2058  3323 I CHI     : [SS_LOW ]: [CHI         ]: chxextensionmodule.cpp: SecModifySettings: 21461: [SWITCH_DBG] Foding state State 1, m_pOverrideCameraOpen : 0 
03-12 21:53:46.639  3003  3067 D RestrictionPolicy: isScreenCaptureEnabled : ret=true userId=0
03-12 21:53:46.639  3003  3067 D RestrictionPolicy: isScreenCaptureEnabled : ret=true userId=0
03-12 21:53:46.639  2452 12680 I CameraProviderManager: notifyDeviceStateChange Af available modes has been replaced
03-12 21:53:46.639  2452 12680 I CameraProviderManager: notifyDeviceStateChange Af available modes has been replaced
03-12 21:53:46.640  3003  3067 D ScreenCapture: [Capture_TEST] : setIsScreenShotBySystem true
03-12 21:53:46.640  3003  3067 I SurfaceComposerClient: captureLayers:childrenOnly:1, sync:1
03-12 21:53:46.640 29180 29180 I HBD     : h getDefaultInputRange : UNKNOWN 
03-12 21:53:46.640 29180 29180 I HBD     : a currentState : 4 
03-12 21:53:46.640  3003  3130 D PowerManagerService: onStateChanged: mDualScreenPolicy=1
03-12 21:53:46.641 29180 29180 I HBD     : g isCoverDisplay : true, cached selected json info : SelectedLanguageInfo(languageVersion=4.2, currentLanguageOrder=0, selectedLanguageList=[SelectedLanguage(id=65537, isUsed=true, engName=English, inputType=qwerty, activeOptionList=[auto_replace, auto_spacing, writing_assistant, prediction], bilingualId=-1)]) 
03-12 21:53:46.641 29180 29180 I HBD     : g isCoverDisplay : true, cached selected json info : SelectedLanguageInfo(languageVersion=4.2, currentLanguageOrder=0, selectedLanguageList=[SelectedLanguage(id=65537, isUsed=true, engName=English, inputType=qwerty, activeOptionList=[auto_replace, auto_spacing, writing_assistant, prediction], bilingualId=-1)]) 
03-12 21:53:46.641 29180 29180 I HBD     : g updateSelectedLanguageCache is succeeded. English 
03-12 21:53:46.641  4205  5096 D DymLock|BaseLockContainer: updatePanelWallpaper: Panel is not necessary. dls_state = 2
03-12 21:53:46.641  4205  5096 I PluginLockMediatorImpl: setScreenTypeChanged() type: 1
03-12 21:53:46.641  4205  5096 I PluginLockWallpaper: setScreenTypeChanged() type: 1
03-12 21:53:46.641  4205  5096 I PluginHomeWallpaper: setScreenTypeChanged() type: 1
03-12 21:53:46.641  4205  5096 I PluginLockManagerImpl: PluginLock:onFolderStateChanged, will be switched, newState: null
03-12 21:53:46.641  3003  3130 D PowerManagerService: Setting HAL interactive mode to true
03-12 21:53:46.641  3003  3130 D PowerManagerService: setHalInteractiveModeLocked called by dual screen policy change
03-12 21:53:46.642  4205  5096 D PluginLockInstanceState: isRecentInstance() true, com.samsung.android.dynamiclock:2
03-12 21:53:46.642  4205  5096 I PluginLockManagerImpl: PluginLock:onFolderStateChanged, instance maintained
03-12 21:53:46.642  4205  5096 D PluginLockManagerImpl: updateEnabledState getPluginLockValue = 10011
03-12 21:53:46.642  4205  5096 D PluginLockManagerImpl: isEnabledFromSettingHelper, screen:1, value:10011
03-12 21:53:46.642  4205  5096 D PluginLockInstancePolicy: isEnable() value:10011, ret:true
03-12 21:53:46.642  4205  5096 D PluginLockManagerImpl: updateEnabledState() isDynamicMode = true, isEnabledFromSetting = true
03-12 21:53:46.642  4205  5096 D PluginLockMediatorImpl: setEnabled: true, com.android.systemui.pluginlock.PluginLockMediatorImpl@c944c4c
03-12 21:53:46.642  4205  5096 I PluginLockManagerImpl: onFolderStateChanged, new: com.samsung.android.dynamiclock:2
03-12 21:53:46.642  4205  5096 I DymLock|DynamicLockManager: onFolderStateChanged() false , true
03-12 21:53:46.642  4205  5096 I DymLock|BaseLockContainer: onFolderStateChanged screen[1] enabled[true]
03-12 21:53:46.642  4205  5096 I DymLock|BaseLockStateContainer: subscribe folder change : com.samsung.android.dynamiclock.plugin.views.dls.DynamicLockContainer{b8feb8d I.E...... ......I. 0,0-1080,2640}
03-12 21:53:46.642  4205  5096 I DymLock|ActionBus: subscribe : com.samsung.android.dynamiclock.plugin.views.dls.DynamicLockContainer{b8feb8d I.E...... ......I. 0,0-1080,2640}
03-12 21:53:46.642  4205  5096 I DymLock|ActionBus: subscribe : com.samsung.android.dynamiclock.plugin.stores.LockContainerStore@7ae7fb4
03-12 21:53:46.642  4205  5096 I DymLock|ActionBus: subscribe : com.samsung.android.dynamiclock.plugin.stores.WallpaperStore@96d67dd
03-12 21:53:46.642  4205  5096 I DymLock|ActionBus: subscribe : com.samsung.android.dynamiclock.plugin.stores.LockStarStore@b28bf52
03-12 21:53:46.642  4205  5096 D DymLock|BaseLockContainer: updatePanelWallpaper: Panel is not necessary. dls_state = 2
03-12 21:53:46.642  4205  5096 I KeyguardWallpaperController: onFolderStateChanged: isOpened = false
03-12 21:53:46.642  4205  5096 I KeyguardWallpaperController: onFolderStateChanged: which = 18, previous which = 6
03-12 21:53:46.642  3003  3065 D SensorManager: set parameter active screen = 1, 50350017
03-12 21:53:46.642  3003  3130 D DisplayPowerController[1]: onDisplayChanged: mIsEnabled=false mIsInTransition=true mDualScreenPolicy=1 mDisplayDevice=com.android.server.display.LocalDisplayAdapter$LocalDisplayDevice@267658d
03-12 21:53:46.642  3003  3130 D DisplayPowerController[1]: noteDualScreenState: State=OFF, dualScreenPolicy=1
03-12 21:53:46.642  6276  6276 I EnvironmentAdaptiveDisplayService: setDeviceFolded: true
03-12 21:53:46.642  3003  3130 D DisplayPowerController[1]: animateScreenStateChange: target=OFF, mIsEnabled=false
03-12 21:53:46.642  3003  3003 D SemDisplaySolutionManagerService: where : application what : DEFAULT setScreenBrightnessScaleFactor(1.0) , mBrightnessCompensation : 1.0 , PMS value : 1.0
03-12 21:53:46.643  3003  3003 D PowerManagerService: [api] setScreenBrightnessScaleFactor: scaleFactor: 1.0 (uid: 1000 pid: 3003)
03-12 21:53:46.643  3003  3130 D DisplayPowerController[0]: onDisplayChanged: mIsEnabled=true mIsInTransition=true mDualScreenPolicy=1 mDisplayDevice=com.android.server.display.LocalDisplayAdapter$LocalDisplayDevice@a261cbf
03-12 21:53:46.643  3003  3003 D SemDisplaySolutionManagerService: Normal Mode setMultipleScreenBrightness , application, DEFAULT, 1.0
03-12 21:53:46.643  3003  3130 D DisplayPowerController[0]: animateScreenStateChange: target=OFF, mIsEnabled=true
03-12 21:53:46.643  3003  3130 D ColorFade: ColorFade start [PREPARE]  : mode=2
03-12 21:53:46.643  3003  3003 I Telecom : SamsungFoldStateManagerAdapterImpl : DeviceStateCallback - onDeviceStateChanged : DeviceState{identifier=0, name='CLOSED', app_accessible=false, cancel_when_requester_not_on_top=false}
03-12 21:53:46.643  3003  3003 I Telecom : SamsungFoldStateManagerAdapterImpl : onStateChanged - folded : true / info : SamsungFoldStateInfo { SupportFoldableTypeFlip : true / SupportLargeCoverScreen : true / Orientation : VERTICAL / IsFolded : true
03-12 21:53:46.643  3003  3003 I Telecom : SamsungFoldStateManagerListener : onFolderStateChanged : false -> true
03-12 21:53:46.643  3003  3003 I Telecom : SamsungFoldStateManagerListener : checkAudioAutoSwitch, skipAudioAutoSwitch
03-12 21:53:46.643  3003  3003 I Telecom : SamsungFolderAngleRegistrar : mIsFoldingAngleAvailable is false
03-12 21:53:46.643 29180 29180 I HBD     : h writeToFile path : /data/user/0/com.samsung.android.honeyboard/files/fold_selected.json 
03-12 21:53:46.643 29180 29180 I HBD     : h writeToFile json : {"version":"4.2","currentLanguageOrder":0,"front_selected":[{"activeOptionList":["auto_replace","auto_spacing","writing_assistant","prediction"],"bilingualId":-1,"engName":"English","id":65537,"inputType":"qwerty","isUsed":true}]} 
03-12 21:53:46.643  2007  2007 I sensors-hal: send_sync_sensor_request:508, send sync request
03-12 21:53:46.643  2007  2007 I sensors-hal: send_sync_sensor_request:518, send_sync_sensor_request before send_request for lid_angle_fusion with SUID low=8603657889549748343 high=1320970896290190866
03-12 21:53:46.644  2007  2007 I sensors-hal: send_sync_sensor_request:537, wait for notification of response
03-12 21:53:46.644 22866 22884 D DeviceStateManagerGlobal: handleDeviceStateInfoChanged state=DeviceState{identifier=0, name='CLOSED', app_accessible=false, cancel_when_requester_not_on_top=false}, baseState=DeviceState{identifier=0, name='CLOSED', app_accessible=false, cancel_when_requester_not_on_top=false}
03-12 21:53:46.644 15167 16729 D DeviceStateManagerGlobal: handleDeviceStateInfoChanged state=DeviceState{identifier=0, name='CLOSED', app_accessible=false, cancel_when_requester_not_on_top=false}, baseState=DeviceState{identifier=0, name='CLOSED', app_accessible=false, cancel_when_requester_not_on_top=false}
03-12 21:53:46.644  5338  5338 I FoldStateManager: onFoldStateChanged: true
03-12 21:53:46.644  5338  5338 I FoldStateManager: updateFoldState: isFolded = true
03-12 21:53:46.644  5338  5338 I FoldStateManager: onTableModeChanged: false
03-12 21:53:46.644  5338  5338 I FoldStateManager: updateTableMode: isTableMode = false
03-12 21:53:46.643  3003  3130 D ColorFade: ColorFade start display info.
03-12 21:53:46.645  3003  3130 D ColorFade: ColorFade end display info.
03-12 21:53:46.645  3003  3130 D ColorFade: ColorFade start setColorFadeNightDim
03-12 21:53:46.645  2007  3645 I sensors-hal: qsh_conn_resp_cb:930, resp_value = 0 for lid_angle_fusion 
03-12 21:53:46.645  3003  3130 D ColorFade: ColorFade end setColorFadeNightDim
03-12 21:53:46.645  2105  2324 I SurfaceFlinger: id=14765 createSurf, flag=20004, ColorFade_d0#14765
03-12 21:53:46.646  6239  6239 I SSS     : [ChatTranslationSystemConfigEditor] onFoldStateChanged: true
03-12 21:53:46.646  4205  4205 D KeyguardViewMediator: handleMessage 1003
03-12 21:53:46.646  4205  4205 D KeyguardFoldController: handleFoldMessage: isOpened=false, showing=false
03-12 21:53:46.646  4205  4205 D KeyguardViewMediator: adjustStatusBarLocked: no need to update flags=0x0 / showHomeOverLock=true
03-12 21:53:46.646  4205  4205 D DisplayLifecycle: dispatchFolderStateChanged true -> false
03-12 21:53:46.646  3003  3130 D ColorFade: ColorFade End [PREPARE]  : mode=2 , <Time> displayInfo: 0
03-12 21:53:46.646  4205  4205 D Keyguard.AODTouchModeManager: onFolderStateChanged: isOpened=false
03-12 21:53:46.646  4205  4205 D Keyguard.AODTouchModeManager: setTouchNodePath: isOpened=false
03-12 21:53:46.646  4205  4205 I PluginAODManager: onFolderStateChanged isOpened : false
03-12 21:53:46.646  4205  4205 I PluginAODManager: setStartedByFolderClosed: true
03-12 21:53:46.646  4205  4205 V SubLauncher:SubLauncherPluginImpl@102487053: onDozeAmountChanged: 0.0
03-12 21:53:46.646  4205  4205 I ResourceUtils: initDisplayValues LogicalHeight 2640 LogicalWidth = 1080 DisplayDeviceType = -1, sIsLandscape = false
03-12 21:53:46.646  4205  4205 I DisplayValues: initValues currentWidth 1080 currentHeight = 2640
03-12 21:53:46.646  4205  4205 D FaceWidgetPagesController: onFolderStateChanged() isFolderOpened = false
03-12 21:53:46.647  2071  2128 I sysinput:aidl: onReportInformation:93, 2, cmd@set_always_lpm,0:0
03-12 21:53:46.647  1992  3117 V sec_audio_hw: sec_dev_set_parameters : l_hw_folder_state=0
03-12 21:53:46.647  1992  3117 D AHAL: AudioDevice: SetParameters: 1865: enter
03-12 21:53:46.647  1992  3117 D AHAL: AudioVoice: VoiceSetParameters: 200: Enter
03-12 21:53:46.647  1992  3117 D AHAL: AudioVoice: VoiceSetParameters: 479: Exit ret: 0
03-12 21:53:46.647  1992  3117 D AHAL: SecAudioDevice: SetFolderState: 1258: Folding(Flip) state changed, fold close, flex off
03-12 21:53:46.647  4205  4205 I AODDataSettings[8.0.6]:AODDataManager: onFolderStateChanged=false
03-12 21:53:46.647  4205  4205 I AODDataSettings[8.0.6]:AODDataManager: changeDisplay=DisplayImpl(type=SingleDisplay, orientation=Portrait, aodState=LockScreenOnly)
03-12 21:53:46.647  4205  4205 I AODDataSettings[8.0.6]:AODDataManager: getCurrentSize() from windowConfig = 1080.0x2640.0
03-12 21:53:46.647  4205  4205 I DataStoreState: setDisplay : DisplayImpl(type=SingleDisplay, orientation=Portrait, aodState=LockScreenOnly)
03-12 21:53:46.647  4205  4205 I DataStoreState: setRootSize : 1080.0x2640.0
03-12 21:53:46.647  4205  4205 I ComplicationWidgetPluginController:   onFoldStateChanged  0.0
03-12 21:53:46.647  1992  3117 D AHAL: hfp: hfp_set_parameters: 444: enter
03-12 21:53:46.647  1992  3117 D AHAL: AudioDevice: SetParameters: 2798: exit: l_hw_folder_state=0
03-12 21:53:46.647  2007  2007 I sensors-hal: send_sync_sensor_request:543, takes 3 ms to receive the response with 0
03-12 21:53:46.647  4205  4205 I KeyguardNIOStatusBarController: initPosition()
03-12 21:53:46.647  2007  2007 I sensors-hal: activate:330, com.samsung.sensor.folding_state/2592 en=0 completed
03-12 21:53:46.647  4205  4205 I KeyguardNIOStatusBarController: updateIconAreaMargins() isDozing=false darkAmount=0.0 force=true currentFinalX=82 currentFinalY=23
03-12 21:53:46.647  4205  4205 I FaceWidgetWindowManager: removeAllViews
03-12 21:53:46.647  4205  4205 I ViewPositionControllerManager: refresh : []
03-12 21:53:46.647  4205  4205 I ViewPositionControllerManager: updatePosition: []
03-12 21:53:46.647  4205  4205 I FaceWidgetViewModel: onFolderStateChanged elapsed, for 1 ms
03-12 21:53:46.647  4205  4205 D KeyguardViewMediator: KeyguardViewMediator queue processing message: 
03-12 21:53:46.647  4205  4205 D FlexPanelStartController: OnDeviceStateChanged: mIsTableMode=true, isTableMode=false
03-12 21:53:46.647  4205  4205 D FlexPanelStartController: onFoldStateTableModeChanged: isTableMode=false
03-12 21:53:46.647  4205  4205 D FlexPanelStartController: not support state, mMwEnabled=true, mIsTableMode=false, mDesktopMode=false, mFlexModePanelEnabled=true, mIsImeShowing=true, mIsQuickPanelShowing=false, mIsTaskBarAppsEnabled=false, mIsGlobalActionVisible=false, mOnRecentsAnimation=false, isSupportRotation=true, mIsKeyguardVisible=false
03-12 21:53:46.647  3003  3065 D SensorService: setSContextDataLocked ints length 2 , byte length 4
03-12 21:53:46.647  3003  3065 D SensorService: setSContextDataLocked 30047c1
03-12 21:53:46.647  3003  3130 W DisplayPowerController[0]: ColorFade: onAnimationStart
03-12 21:53:46.647  3003  3130 W DisplayPowerState: !@ColorFade entry displayId=0
03-12 21:53:46.647  6272  6272 I SysHelperService: onFoldStateChanged, ACTION_SHUTDOWN, isFolded = true
03-12 21:53:46.647  6272  6272 D SYS_EVENT: [qc debug] send event 32 notification to client
03-12 21:53:46.647  6272  6272 D SYS_EVENT_AIDL: send event 32 notification to client
03-12 21:53:46.647  2071  2128 I sysinput:Touch2: operator():237, OK
03-12 21:53:46.648  3003  3130 W DisplayPowerController[0]: ColorFade: onAnimationEnd
03-12 21:53:46.648  3003  3993 D SysinputHAL_AIDL: setProperty(TSP_SUB(2)): CMD, set_always_lpm,0 ret=0
03-12 21:53:46.648  3003  3993 D SemInputDevice:TSP_SUB: SetPropertyTask: CMD,set_fold_state,1 [03-12 21:53:46.634]
03-12 21:53:46.648  3003  3130 D BrightnessThermalClamper: Thermal status observer already started
03-12 21:53:46.648  4832  7776 I HoneySpace.ExtraDisplaySource: onStateChanged, state = 0
03-12 21:53:46.648  3003  3130 D BrightnessThermalClamper: Thermal status observer already started
03-12 21:53:46.648  4832 13511 I HoneySpace.ExtraDisplaySource: onStateChanged, state = 0
03-12 21:53:46.648  3003  3130 D DisplayPowerController[0]: animateScreenStateChange: target=OFF, mIsEnabled=true
03-12 21:53:46.648  3003  3130 I DisplayPowerController[0]: Blocking screen off
03-12 21:53:46.648  3003  3130 D DisplayPowerController[0]: mWindowManagerPolicy.screenTurningOff()
03-12 21:53:46.648  4832 16672 I FoldStateManager: close by fold: true
03-12 21:53:46.648  4205  4205 D SecQsUiDisplayModeInteractor: onDeviceStateChanged from false -> to true, identifier = 0
03-12 21:53:46.648  4205  4205 D SecQsUiDisplayModeInteractor: updateUiDisplayModeAtFoldStateChanged COVER
03-12 21:53:46.648  4205  4205 D SecFgsManagerController: foldStateChange foldState = UNFOLD > FOLD
03-12 21:53:46.648  4205  4205 D SecFgsManagerController: foldStateChange isDirty = false
03-12 21:53:46.648  4205  4205 D LockscreenNotificationManager:  FOLD STATE - FOLD 
03-12 21:53:46.648  4205  4239 I KeyguardService: onScreenTurningOff
03-12 21:53:46.648  4832 15854 I HoneySpace.DesktopTaskDividerManagerImpl: fold: true, noExternal: true
03-12 21:53:46.648  4832 15854 I HoneySpace.DesktopTaskDividerManagerImpl: _isTaskSplittable, true
03-12 21:53:46.648  3003  4082 D HdrSolution_HdrDisplayNitMapper: updataTargetNit--------------mLightSensorData: -1.0, scaleRatio: 200.0, target: 1.0->200
03-12 21:53:46.649  4205  4205 D S.S.N.  : updateSamsungAccount() : No Change
03-12 21:53:46.649  4205  4205 D S.S.N.  : isRDUMode: false isSALoggedIn: true isChildAccount: false isAiInfoConfirmed: true isSuggestionResponsesEnabled: false isPreventOnlineProcessing: falseisAiCoreFeaturesEnabled: false
03-12 21:53:46.649  4205  4205 D S.S.N.  :  FOLD STATE common- FOLD 
03-12 21:53:46.649  4205  4205 D S.S.N.  :  FOLD STATE parent- FOLD 
03-12 21:53:46.649  4205  4205 E SubscreenSubRoomNotification: initData
03-12 21:53:46.649  4205  4205 D S.S.N.  :  clearMainList
03-12 21:53:46.649  2071  2128 I sysinput:aidl: onReportInformation:93, 2, cmd@set_fold_state,1:0
03-12 21:53:46.649  4360 19564 I CCodec  : state->set(ALLOCATING)
03-12 21:53:46.649  4360 19566 I CCodec  : allocate(c2.qti.hevc.decoder)
03-12 21:53:46.649  2071  2128 I sysinput:Touch2: operator():237, OK
03-12 21:53:46.649  3003  3993 D SysinputHAL_AIDL: setProperty(TSP_SUB(2)): CMD, set_fold_state,1 ret=0
03-12 21:53:46.649  4205  4267 D ShellSplitScreen: onFoldedStateChanged: folded=true
03-12 21:53:46.650  3003  6692 I ActivityManager: Changes in 10202 19 to 5, 0 to 144
03-12 21:53:46.650  4205  4205 D SubscreenNotificationListCoordinator: onAfterRenderList() isSubScreen = false, pluginLockMode = 0, doNotShowOnCover = false
03-12 21:53:46.650  2007  2007 I sensors-hal: inject_sensor_data:407, handle 1502 send inject
03-12 21:53:46.650  2007  2007 I sensors-hal: sendContextData:290, sensor hal 4, (0xc1, 0x47, 0x0, 0x3)
03-12 21:53:46.650  2007  2007 I sensors-hal: sendContextData:230, activities 4 c1, 1
03-12 21:53:46.650  2007  2007 I sensors-hal: sendUserData:251, Activities cmd 0xc1 0x47
03-12 21:53:46.650  2007  2007 I sensors-hal: create_send_context_data:80, sending create_send_context_data
03-12 21:53:46.650  2071  2129 I sysinput:aidl: onReportInformation:93, 1, cmd@set_fold_state,1:0
03-12 21:53:46.650  2007  2007 I sensors-hal: send_context_data:694, activities, 4914309220830019584, 1320970896291267344, msgid:700
03-12 21:53:46.650  2007  2007 I sensors-hal: sendContextData:114, common_info 4
03-12 21:53:46.650  2007  2007 I sensors-hal: sendUserData:137, CommonInfo 0xc1 0x47 0x0 0x3
03-12 21:53:46.650  2007  2007 I sensors-hal: create_send_context_data:70, sending create_send_context_data
03-12 21:53:46.650  2007  2007 I sensors-hal: send_context_data:694, common_info, 4914309147815575552, 1320970896291267344, msgid:700
03-12 21:53:46.650  2007  2007 I sensors-hal: write_algo_lcd_onoff_state:196, algo_lcd_onoff : 0x3
03-12 21:53:46.650  2071  2129 I sysinput:Touch1: operator():237, OK
03-12 21:53:46.650  4205  4205 E SubscreenNotificationInfoManager: setShownGroup : false
03-12 21:53:46.650  4205  4205 D SrPromptProcessor: call releaseSmartReply
03-12 21:53:46.650  4205  4205 I KeyguardUpdateMonitor: onFoldStateChanged isFolded = true
03-12 21:53:46.650  4205  4205 I KeyguardUpdateMonitor: onTableModeChanged. mIsTableMode = true, isTableMode = false
03-12 21:53:46.650  4205  4205 D Navbar.Store: handleEvent(0) OnFoldStateChanged(folded=true) [Module] NavBarStoreImpl
03-12 21:53:46.650  4205  4205 D Navbar.Store: --[Band]COVER_SCREEN_PACK_FOLD_STATE_CHANGED
03-12 21:53:46.650  3003  3661 D SensorManager: unregisterListener :: com.android.server.policy.FlexibleDeviceStateProvider@9bf61fe
03-12 21:53:46.650  2007  3909 I sensors-hal: qsh_conn_resp_cb:930, resp_value = 0 for activities 
03-12 21:53:46.650  2007  3909 I sensors-hal: qsh_conn_resp_cb:930, resp_value = 0 for common_info 
03-12 21:53:46.651  3003  3661 D DeviceStatePolicy: unregisterFoldingSensorListenerLocked success!
03-12 21:53:46.652  4205  4205 D NavBarStateManager: NavBarStates(1) supportLargeCoverScreenNavBar: true
03-12 21:53:46.652  4205  4205 D LayoutProviderContainerImpl: getCoverDisplayContext, cover display=Display id 1: DisplayInfo{"Built-in Screen", displayId 1, displayGroupId 0, FLAG_SECURE, FLAG_SUPPORTS_PROTECTED_BUFFERS, FLAG_PRESENTATION, FLAG_CAN_SHOW_WITH_INSECURE_KEYGUARD, FLAG_SHOULD_SHOW_SYSTEM_DECORATIONS, FLAG_TRUSTED, FLAG_ALLOWS_CONTENT_MODE_SWITCH, real 748 x 720, largest app 748 x 748, smallest app 654 x 654, appVsyncOff 16666666, presDeadline 17666666, mode 8, renderFrameRate 60.000004, hasArrSupport false, frameRateCategoryRate FrameRateCategoryRate {normal=60.0, high=90.0}, supportedRefreshRates [60.000004], defaultMode 8, REFRESH_RATE_MODE_SEAMLESS, userPreferredModeId -1, supportedModes [{id=8, width=748, height=720, fps=60.000004, vsync=60.000004, synthetic=false, alternativeRefreshRates=[], supportedHdrTypes=[2, 3, 4]}], appsSupportedModes [{id=8, width=748, height=720, fps=60.000004, vsync=60.000004, synthetic=false, alternativeRefreshRates=[], supportedHdrTypes=[2, 3, 4]}], hdrCapabilities HdrCapabilities{mSupportedHdrTypes=[2, 3, 4], mMaxLuminance=450.0, mMaxAverageLuminance=225.00024, mMinLuminance=5.0E-4}, isForceSdr false, userDisabledHdrTypes [], minimalPostProcessingSupported false, rotation 0, state OFF, committedState OFF}, DisplayMetrics{density=2.125, width=748, height=654, scaledDensity=2.125, xdpi=306.438, ydpi=309.966}, isValid=true
03-12 21:53:46.652  4205  4205 D Navbar.Store: --updateLayoutProvider() layoutProviderContainer = com.android.systemui.navigationbar.layout.LayoutProviderContainerImpl@1dbf89d
03-12 21:53:46.652  4205  4205 D NavBarStateManager: NavBarStates(1) supportLargeCoverScreenNavBar: true
03-12 21:53:46.652  4205  4205 D LayoutProviderContainerImpl: getCoverDisplayContext, cover display=Display id 1: DisplayInfo{"Built-in Screen", displayId 1, displayGroupId 0, FLAG_SECURE, FLAG_SUPPORTS_PROTECTED_BUFFERS, FLAG_PRESENTATION, FLAG_CAN_SHOW_WITH_INSECURE_KEYGUARD, FLAG_SHOULD_SHOW_SYSTEM_DECORATIONS, FLAG_TRUSTED, FLAG_ALLOWS_CONTENT_MODE_SWITCH, real 748 x 720, largest app 748 x 748, smallest app 654 x 654, appVsyncOff 16666666, presDeadline 17666666, mode 8, renderFrameRate 60.000004, hasArrSupport false, frameRateCategoryRate FrameRateCategoryRate {normal=60.0, high=90.0}, supportedRefreshRates [60.000004], defaultMode 8, REFRESH_RATE_MODE_SEAMLESS, userPreferredModeId -1, supportedModes [{id=8, width=748, height=720, fps=60.000004, vsync=60.000004, synthetic=false, alternativeRefreshRates=[], supportedHdrTypes=[2, 3, 4]}], appsSupportedModes [{id=8, width=748, height=720, fps=60.000004, vsync=60.000004, synthetic=false, alternativeRefreshRates=[], supportedHdrTypes=[2, 3, 4]}], hdrCapabilities HdrCapabilities{mSupportedHdrTypes=[2, 3, 4], mMaxLuminance=450.0, mMaxAverageLuminance=225.00024, mMinLuminance=5.0E-4}, isForceSdr false, userDisabledHdrTypes [], minimalPostProcessingSupported false, rotation 0, state OFF, committedState OFF}, DisplayMetrics{density=2.125, width=748, height=654, scaledDensity=2.125, xdpi=306.438, ydpi=309.966}, isValid=true
03-12 21:53:46.652  4360 19566 I CCodec  : setting up 'default' as default (vendor) store
03-12 21:53:46.653  4205  4205 D Navbar.Store: --updateLayoutProvider() layoutProviderContainer = com.android.systemui.navigationbar.layout.LayoutProviderContainerImpl@1dbf89d
03-12 21:53:46.653  4205  4205 D NavBarStateManager: NavBarStates(1) supportLargeCoverScreenNavBar: true
03-12 21:53:46.652  2053  2950 I QC2CompStore: addIdToList add Id[48] to list
03-12 21:53:46.653  3003  3064 D UsbDeviceManager: updateUsbNotification(true): mConnected=true mHostConnected=false mSourcePower=false mSinkPower=true mUsbCharging=true
03-12 21:53:46.653  3003  3064 D UsbDeviceManager: FLIP FOLDED
03-12 21:53:46.653  4205  4205 D LayoutProviderContainerImpl: getCoverDisplayContext, cover display=Display id 1: DisplayInfo{"Built-in Screen", displayId 1, displayGroupId 0, FLAG_SECURE, FLAG_SUPPORTS_PROTECTED_BUFFERS, FLAG_PRESENTATION, FLAG_CAN_SHOW_WITH_INSECURE_KEYGUARD, FLAG_SHOULD_SHOW_SYSTEM_DECORATIONS, FLAG_TRUSTED, FLAG_ALLOWS_CONTENT_MODE_SWITCH, real 748 x 720, largest app 748 x 748, smallest app 654 x 654, appVsyncOff 16666666, presDeadline 17666666, mode 8, renderFrameRate 60.000004, hasArrSupport false, frameRateCategoryRate FrameRateCategoryRate {normal=60.0, high=90.0}, supportedRefreshRates [60.000004], defaultMode 8, REFRESH_RATE_MODE_SEAMLESS, userPreferredModeId -1, supportedModes [{id=8, width=748, height=720, fps=60.000004, vsync=60.000004, synthetic=false, alternativeRefreshRates=[], supportedHdrTypes=[2, 3, 4]}], appsSupportedModes [{id=8, width=748, height=720, fps=60.000004, vsync=60.000004, synthetic=false, alternativeRefreshRates=[], supportedHdrTypes=[2, 3, 4]}], hdrCapabilities HdrCapabilities{mSupportedHdrTypes=[2, 3, 4], mMaxLuminance=450.0, mMaxAverageLuminance=225.00024, mMinLuminance=5.0E-4}, isForceSdr false, userDisabledHdrTypes [], minimalPostProcessingSupported false, rotation 0, state OFF, committedState OFF}, DisplayMetrics{density=2.125, width=748, height=654, scaledDensity=2.125, xdpi=306.438, ydpi=309.966}, isValid=true
03-12 21:53:46.653  3003  3064 D DexObserverFW: isDexModeOn() : false
03-12 21:53:46.653  3003  3064 D DexObserverFW: isSemiDexModeOn() : false
03-12 21:53:46.653  3003  3994 D SysinputHAL_AIDL: setProperty(TSP(1)): CMD, set_fold_state,1 ret=0
03-12 21:53:46.653  2053  2950 I vendor.qti.media.c2@1.0-service: missing struct descriptor #Param::CoreIndex(--002) for field mastering of struct #Param::CoreIndex(--180a)
03-12 21:53:46.654  2053  2950 I vendor.qti.media.c2@1.0-service: missing struct descriptor #Param::CoreIndex(-V8002) for field portConfigs of struct #Param::CoreIndex(FV19100)
03-12 21:53:46.654  2053  2950 I vendor.qti.media.c2@1.0-service: missing struct descriptor #Param::CoreIndex(-V8002) for field portConfigs of struct #Param::CoreIndex(FV1a100)
03-12 21:53:46.654  2053  2950 I vendor.qti.media.c2@1.0-service: missing struct descriptor #Param::CoreIndex(-V8002) for field portConfigs of struct #Param::CoreIndex(FV19100)
03-12 21:53:46.654  3003  3064 D UsbDeviceManager: cancelAsUser: id=32
03-12 21:53:46.654  2053  2950 I vendor.qti.media.c2@1.0-service: missing struct descriptor #Param::CoreIndex(-V8002) for field portConfigs of struct #Param::CoreIndex(FV1a100)
03-12 21:53:46.654  3003  3003 D EdgeLightingManager: hideForNotification : packageName = android
03-12 21:53:46.654  2053  2950 I QC2Comp : [cmphvcD_48] KPI_L1: init: ms=0
03-12 21:53:46.654  2053  2950 I QC2Comp : [c2.qti.hevc.decoder] KPI_L1: Create: ms=1
03-12 21:53:46.654  2053  2950 I QC2CompStore: Created component(c2.qti.hevc.decoder) id(48) sStore[0xb400006dc7a29970]
03-12 21:53:46.654  3003  3003 D EdgeLightingPolicyManager:NotificationGroup: remove : sbn : StatusBarNotification(pkg=android user=UserHandle{-1} id=32 tag=null key=-1|android|32|null|1000: Notification(channel=UsbDevNoti shortcut=null contentView=null vibrate=null sound=null tick defaults=0 flags=ONGOING_EVENT|CAN_COLORIZE color=0x00000000 vis=PUBLIC semFlags=0x0 semPriority=0 semMissedCount=0))
03-12 21:53:46.654  3003  3003 D EdgeLightingPolicyManager.NotificationGroup: group notification count : 1
03-12 21:53:46.654  3003  3003 D EdgeLightingManager: hideForNotification : isInteractive is true
03-12 21:53:46.654  2053  2950 I vendor.qti.media.c2@1.0-service: missing struct descriptor #Param::CoreIndex(--002) for field mastering of struct #Param::CoreIndex(--180a)
03-12 21:53:46.654  2053  2950 I vendor.qti.media.c2@1.0-service: missing struct descriptor #Param::CoreIndex(--002) for field mastering of struct #Param::CoreIndex(--180a)
03-12 21:53:46.654  2053  2950 I vendor.qti.media.c2@1.0-service: VendorExternalAIFRCRequestSetter set to 0 0
03-12 21:53:46.654  2053  2950 I vendor.qti.media.c2@1.0-service: StrictValueWithNoDeps is called old.v.value is 2141391876 me.v.value is 2141391876
03-12 21:53:46.654  2053  2950 I vendor.qti.media.c2@1.0-service: StrictValueWithNoDeps is called old.v.value is 30 me.v.value is 30
03-12 21:53:46.654  2053  2950 I vendor.qti.media.c2@1.0-service: missing struct descriptor #Param::CoreIndex(--002) for field mastering of struct #Param::CoreIndex(--180a)
03-12 21:53:46.654  2053  2950 I vendor.qti.media.c2@1.0-service: missing struct descriptor #Param::CoreIndex(--002) for field mastering of struct #Param::CoreIndex(--180a)
03-12 21:53:46.654  2053  2950 I vendor.qti.media.c2@1.0-service: C2StreamVendorRenderEngineHDRToneMapRequestInfoset to 0
03-12 21:53:46.654  2053  2950 W QC2Interface: [hvcD_48] Failed to query parameters
03-12 21:53:46.654  2053  2950 I vendor.qti.media.c2@1.0-service: StrictValueWithNoDeps is called old.v.value is 2141391876 me.v.value is 0
03-12 21:53:46.654  2053  2950 I vendor.qti.media.c2@1.0-service: StrictValueWithNoDeps is called old.v.value is 30 me.v.value is 1
03-12 21:53:46.654  2053  2950 I vendor.qti.media.c2@1.0-service: [FRC-IsFilteringEnabled] entry
03-12 21:53:46.654  2053  2950 I vendor.qti.media.c2@1.0-service: [FRC-IsFilteringEnabled] frcReqInfo.value is 0
03-12 21:53:46.655  2105  2105 I SurfaceFlinger: [ColorFade_d0#14765] attach to parent Root
03-12 21:53:46.655  4360 19566 I CCodec  : Created component [c2.qti.hevc.decoder] for [c2.qti.hevc.decoder]
03-12 21:53:46.655  4360 19566 I CCodec  : [c2.qti.hevc.decoder] state->set(ALLOCATED)
03-12 21:53:46.655  2053  2950 W QC2Interface: [hvcD_48] Failed to query parameters
03-12 21:53:46.656  4205  4205 D NavigationModeController: getCurrentInteractionMode: mode=0 contextUser=0
03-12 21:53:46.656  4205  4205 D Navbar.Store: handleEvent(1) GetInflateLayoutID(vertical=false) [Module] SamsungNavigationBarInflaterView
03-12 21:53:46.656  4205  4205 D Navbar.Store: --[Band]STABLE_LAYOUT_PACK_GET_INFLATE_LAYOUT_ID
03-12 21:53:46.656  4205  4205 D NavBarStateManager: NavBarStates(1) getLayoutID(vertical: false): 2131559285
