03-12 21:57:01.691  2439  2439 I android.hardware.nfc-service.nxp: write
03-12 21:57:01.691  3003  3067 D InputManager: notifyDisplayIdChangedByUser: 1
03-12 21:57:01.691  4832  4895 I HoneySpace.TaskbarEventTracker: invokeEvent() called with: event = SystemUiStateChanged(stateFlags=272761218)
03-12 21:57:01.692  4205  4205 I Dialog  : mIsDeviceDefault = false, mIsSamsungBasicInteraction = false, isMetaDataInActivity = false
03-12 21:57:01.692  3003  3068 W SurfaceControl: Invalid layer stack -1
03-12 21:57:01.692  3003  3068 I DisplayDevice: [0] Layerstack set to -1 for local:4630946564756762243
03-12 21:57:01.692  3003  3068 D BLASTSyncEngine: SyncGroup 1822:  Unfinished container: WindowToken{8004a5b type=2024 android.os.BinderProxy@d7bba75} mSyncState=2
03-12 21:57:01.693  4205  4205 I DecorView: setWindowBackground: isPopOver=false color=0 d=android.graphics.drawable.ColorDrawable@f2c7b41
03-12 21:57:01.693  3003  3003 D SGM:GameManager: onDisplayChanged. displyId: 0, state: 1
03-12 21:57:01.693  2094  2277 D AudioFlinger: setParameters: filtered dev setParameters keyvalue screen_state=off
03-12 21:57:01.693  3003  3687 D SGM:FgCheckThread: onLooperPrepared(), msg: MSG_LCD_OFF
03-12 21:57:01.693  3003  3687 D SGM:FgCheckThread: sendFocusOutConditionally() - mPrevNotiPkg: (unknown), userId: 0
03-12 21:57:01.693  3003  3003 I SemMdnieManagerService: DisplayListener onDisplayChanged. mAlwaysOnDisplayEnabled : false , mDisplayOn : true , mDisplayState : 1 , mWorkBlueFilter : true , mNightModeBlock : true
03-12 21:57:01.693  3003  3003 D EyeComfortSolutionService: mBlueLightFilterAdaptiveModeEnabled: true , mBlueLightFilterScheduledTime: false
03-12 21:57:01.693  3003  3910 I CAE     : handleMessage(CaPowerManager.java:226) - AP_SLEEP
03-12 21:57:01.694  4205  4205 D SubFullLayoutVolumePanelView: SubFullLayoutVolumePanelView: bind
03-12 21:57:01.694  3003  3910 I CAE     : updateApPowerStatus(SensorHubParserProvider.java:461) - AP_SLEEP
03-12 21:57:01.694  4205  4205 D SecVolume.VolumePanelStore: subscribe : observer count=4, observer=com.android.systemui.volume.view.subscreen.full.SubFullLayoutVolumePanelWindow@f064b1f
03-12 21:57:01.694  4205  4205 D SecVolume.VolumePanelStore: subscribe : observer count=5, observer=com.android.systemui.volume.view.subscreen.full.SubFullLayoutVolumePanelView{98b9e6c V.E...... ......I. 0,0-0,0 #7f0a0f4e app:id/volume_panel_view_root}
03-12 21:57:01.694  3003  3910 I CAE     : getContextType(FreeFallDetection.java:25) - FFD getContextType
03-12 21:57:01.694  4205  4205 I SubScreenManager:  onDeviceStateChanged DeviceState{identifier=0, name='CLOSED', app_accessible=false, cancel_when_requester_not_on_top=false}
03-12 21:57:01.694  4205  4205 I SubScreenManager: requestDualState false
03-12 21:57:01.694  4205  4267 I VRI[ShellDropTarget]@a0b4a8f: onDisplayChanged oldDisplayState=2 newDisplayState=1
03-12 21:57:01.694  3003  5976 D LiftUpHandler: [LTW]  Settings Lift to wake: enable = 0
03-12 21:57:01.694  3003  5976 D LiftUpHandler: [LTW] Running already.
03-12 21:57:01.694  3003  3911 D SensorService: setSContextDataLocked ints length 2 , byte length 4
03-12 21:57:01.694  3003  3911 D SensorService: setSContextDataLocked d20db4
03-12 21:57:01.694  2007  2007 I sensors-hal: inject_sensor_data:407, handle 1502 send inject
03-12 21:57:01.694  2007  2007 I sensors-hal: sendContextData:290, sensor hal 4, (0xb4, 0xd, 0xd2, 0x0)
03-12 21:57:01.694  2007  2007 I sensors-hal: sendContextData:230, activities 4 b4, 1
03-12 21:57:01.694  2007  2007 I sensors-hal: sendUserData:251, Activities cmd 0xb4 0xd
03-12 21:57:01.694  2007  2007 I sensors-hal: sendUserData:258, Activities LCD off
03-12 21:57:01.694  2007  2007 I sensors-hal: create_send_context_data:80, sending create_send_context_data
03-12 21:57:01.694  2007  2007 I sensors-hal: send_context_data:694, activities, 4914309220830019584, 1320970896291267344, msgid:700
03-12 21:57:01.694  2007  2007 I sensors-hal: sendContextData:114, common_info 4
03-12 21:57:01.694  4205  4267 I VRI[View root of ReusableWindowDecorViewHost#0]@15d66b2: onDisplayChanged oldDisplayState=2 newDisplayState=1
03-12 21:57:01.694  2007  2007 I sensors-hal: sendUserData:135, CommonInfo 0xb4 0xd 0xd2 0x0, 13853090613181843488
03-12 21:57:01.694  2007  2007 I sensors-hal: create_send_context_data:70, sending create_send_context_data
03-12 21:57:01.694  2007  2007 I sensors-hal: send_context_data:694, common_info, 4914309147815575552, 1320970896291267344, msgid:700
03-12 21:57:01.694  4205  4267 I VRI[View root of ReusableWindowDecorViewHost#1]@d4195f3: onDisplayChanged oldDisplayState=2 newDisplayState=1
03-12 21:57:01.694  3003  6500 I DeviceStateManagerService: cancelRequestInternal pid:4205, ignore
03-12 21:57:01.694  4205  4362 D StackScroller: onDisplayChanged for predraw skip to 1
03-12 21:57:01.694  2092  2092 I SSC_DAEMON: handleSensorTestReqMsg:85, Sensor type :4, Msg type:15
03-12 21:57:01.694  4205  4205 I SubScreenManager: onDeviceStateChanged() 
03-12 21:57:01.694  4205  4205 I SubLauncher:SubLauncherStateManager@232606011: setTentMode: 2 -> 0 
03-12 21:57:01.694  2092  2092 I SSC_DAEMON: physicalSensorTestReqMsg:130, s:4, m:15
03-12 21:57:01.694  4205  4362 D StackScroller: onDisplayChanged for predraw skip to 1
03-12 21:57:01.694  4205  4205 I FoldStateManager: onFoldStateChanged: true
03-12 21:57:01.694  4205  4205 I FoldStateManager: updateFoldState: isFolded = true
03-12 21:57:01.694  4205  4205 I FoldStateManager: onTableModeChanged: false
03-12 21:57:01.694  4205  4205 I FoldStateManager: updateTableMode: isTableMode = false
03-12 21:57:01.694  4205  4205 D SubscreenQsPanelControllerBase: onFolderStateChangedfalse
03-12 21:57:01.694  4205  4205 D SubscreenQsPanelControllerBase: setTiles 
03-12 21:57:01.694  4205  4205 D SubscreenQsPanelControllerBase: adding Tilespec : Wifi
03-12 21:57:01.695  3003  4931 D WifiDisplayAdapter: isFitToActiveDisplayLocked : false
03-12 21:57:01.695  4205  4205 E SecQSPanelResourcePickHelper: need to prepare suitable picker for COVER
03-12 21:57:01.695  4205  4205 E SecQSPanelResourcePickHelper: need to prepare suitable picker for COVER
03-12 21:57:01.695  4205  4205 E SecQSPanelResourcePickHelper: need to prepare suitable picker for COVER
03-12 21:57:01.695  4205  4205 E SecQSPanelResourcePickHelper: need to prepare suitable picker for COVER
03-12 21:57:01.695  4205  4205 E SecQSPanelResourcePickHelper: need to prepare suitable picker for COVER
03-12 21:57:01.695  4205  4205 D SubRoomQsTileBaseView: updateSubscreenTileStroke
03-12 21:57:01.695  4205  4205 D SubscreenQsPanelControllerBase: addTile tile.getTileSpec():  record: com.android.systemui.qs.QSPanelControllerBase$TileRecord@e3f8c35 mSubscreenRecords.size(): 1
03-12 21:57:01.695  4205  4205 D SubscreenQsPanelControllerBase: adding Tilespec : SoundMode
03-12 21:57:01.695  4205  4205 E SecQSPanelResourcePickHelper: need to prepare suitable picker for COVER
03-12 21:57:01.695 26374 26374 I VRI[MainActivity]@cadfa3a: onDisplayChanged oldDisplayState=2 newDisplayState=1
03-12 21:57:01.695  4205  4205 E SecQSPanelResourcePickHelper: need to prepare suitable picker for COVER
03-12 21:57:01.695  4205  4205 E SecQSPanelResourcePickHelper: need to prepare suitable picker for COVER
03-12 21:57:01.695  4205  4205 E SecQSPanelResourcePickHelper: need to prepare suitable picker for COVER
03-12 21:57:01.695  4205  4205 E SecQSPanelResourcePickHelper: need to prepare suitable picker for COVER
03-12 21:57:01.695  4205  4205 D SubRoomQsTileBaseView: updateSubscreenTileStroke
03-12 21:57:01.695  4205  4205 D SubscreenQsPanelControllerBase: addTile tile.getTileSpec():  record: com.android.systemui.qs.QSPanelControllerBase$TileRecord@3c508ca mSubscreenRecords.size(): 2
03-12 21:57:01.695  4205  4205 D SubscreenQsPanelControllerBase: adding Tilespec : Bluetooth
03-12 21:57:01.695  4205  4205 E SecQSPanelResourcePickHelper: need to prepare suitable picker for COVER
03-12 21:57:01.695  4205  4205 E SecQSPanelResourcePickHelper: need to prepare suitable picker for COVER
03-12 21:57:01.695  4205  4205 E SecQSPanelResourcePickHelper: need to prepare suitable picker for COVER
03-12 21:57:01.695  4205  4205 E SecQSPanelResourcePickHelper: need to prepare suitable picker for COVER
03-12 21:57:01.695  4205  4205 E SecQSPanelResourcePickHelper: need to prepare suitable picker for COVER
03-12 21:57:01.695  4205  4205 D SubRoomQsTileBaseView: updateSubscreenTileStroke
03-12 21:57:01.695  4205  4205 D SubscreenQsPanelControllerBase: addTile tile.getTileSpec():  record: com.android.systemui.qs.QSPanelControllerBase$TileRecord@9ce7a3b mSubscreenRecords.size(): 3
03-12 21:57:01.695  4205  4205 D SubscreenQsPanelControllerBase: adding Tilespec : AirplaneMode
03-12 21:57:01.695  4205  4205 E SecQSPanelResourcePickHelper: need to prepare suitable picker for COVER
03-12 21:57:01.695  4205  4205 E SecQSPanelResourcePickHelper: need to prepare suitable picker for COVER
03-12 21:57:01.695  4205  4205 E SecQSPanelResourcePickHelper: need to prepare suitable picker for COVER
03-12 21:57:01.695  4205  4205 E SecQSPanelResourcePickHelper: need to prepare suitable picker for COVER
03-12 21:57:01.695  4205  4205 E SecQSPanelResourcePickHelper: need to prepare suitable picker for COVER
03-12 21:57:01.695  4205  4205 D SubRoomQsTileBaseView: updateSubscreenTileStroke
03-12 21:57:01.695  4205  4205 D SubscreenQsPanelControllerBase: addTile tile.getTileSpec():  record: com.android.systemui.qs.QSPanelControllerBase$TileRecord@aca3558 mSubscreenRecords.size(): 4
03-12 21:57:01.695  4205  4205 D SubscreenQsPanelControllerBase: adding Tilespec : Flashlight
03-12 21:57:01.695  4205  4205 E SecQSPanelResourcePickHelper: need to prepare suitable picker for COVER
03-12 21:57:01.695  4205  4205 E SecQSPanelResourcePickHelper: need to prepare suitable picker for COVER
03-12 21:57:01.695  4205  4205 E SecQSPanelResourcePickHelper: need to prepare suitable picker for COVER
03-12 21:57:01.695  4205  4205 E SecQSPanelResourcePickHelper: need to prepare suitable picker for COVER
03-12 21:57:01.695  4205  4205 E SecQSPanelResourcePickHelper: need to prepare suitable picker for COVER
03-12 21:57:01.695  4205  4205 D SubRoomQsTileBaseView: updateSubscreenTileStroke
03-12 21:57:01.695  4205  4205 D SubscreenQsPanelControllerBase: addTile tile.getTileSpec():  record: com.android.systemui.qs.QSPanelControllerBase$TileRecord@e69b6b1 mSubscreenRecords.size(): 5
03-12 21:57:01.695  4205  4205 D SubscreenQsPanelControllerBase: adding Tilespec : MobileData
03-12 21:57:01.695  4205  4205 E SecQSPanelResourcePickHelper: need to prepare suitable picker for COVER
03-12 21:57:01.695  4205  4205 E SecQSPanelResourcePickHelper: need to prepare suitable picker for COVER
03-12 21:57:01.695  4205  4205 E SecQSPanelResourcePickHelper: need to prepare suitable picker for COVER
03-12 21:57:01.695  4205  4205 E SecQSPanelResourcePickHelper: need to prepare suitable picker for COVER
03-12 21:57:01.695  4205  4205 E SecQSPanelResourcePickHelper: need to prepare suitable picker for COVER
03-12 21:57:01.695  4205  4205 D SubRoomQsTileBaseView: updateSubscreenTileStroke
03-12 21:57:01.695  4205  4205 D SubscreenQsPanelControllerBase: addTile tile.getTileSpec():  record: com.android.systemui.qs.QSPanelControllerBase$TileRecord@692e796 mSubscreenRecords.size(): 6
03-12 21:57:01.695  4205  4205 D SubscreenQsPanelControllerBase: adding Tilespec : custom(com.samsung.android.app.smartcapture/com.samsung.android.app.screenrecorder.view.RecordScreenTile)
03-12 21:57:01.695  4205  4205 E SecQSPanelResourcePickHelper: need to prepare suitable picker for COVER
03-12 21:57:01.695  4205  4205 E SecQSPanelResourcePickHelper: need to prepare suitable picker for COVER
03-12 21:57:01.695  4205  4205 E SecQSPanelResourcePickHelper: need to prepare suitable picker for COVER
03-12 21:57:01.695  4205  4205 E SecQSPanelResourcePickHelper: need to prepare suitable picker for COVER
03-12 21:57:01.695  2007  3909 I sensors-hal: qsh_conn_resp_cb:930, resp_value = 0 for activities 
03-12 21:57:01.695  4205  4205 E SecQSPanelResourcePickHelper: need to prepare suitable picker for COVER
03-12 21:57:01.695  4205  4205 D SubRoomQsTileBaseView: updateSubscreenTileStroke
03-12 21:57:01.695  4205  4205 D SubscreenQsPanelControllerBase: addTile tile.getTileSpec():  record: com.android.systemui.qs.QSPanelControllerBase$TileRecord@3207f17 mSubscreenRecords.size(): 7
03-12 21:57:01.695  4205  4205 D SubscreenQsPanelControllerBase: adding Tilespec : custom(com.samsung.android.app.routines/.LifestyleModeTile)
03-12 21:57:01.695  4205  4205 E SecQSPanelResourcePickHelper: need to prepare suitable picker for COVER
03-12 21:57:01.695 15873 15873 I VRI[InputMethod]@ee95d13: onDisplayChanged oldDisplayState=2 newDisplayState=1
03-12 21:57:01.695  2007  3909 I sensors-hal: qsh_conn_resp_cb:930, resp_value = 0 for common_info 
03-12 21:57:01.695  4205  4362 D Tile.WifiTile: handleUpdateState isTransient=false transientEnabling =false cb.isTransient=false state.state = 2 mStateBeforeClick.value =false enabled =true
03-12 21:57:01.695  4205  4205 E SecQSPanelResourcePickHelper: need to prepare suitable picker for COVER
03-12 21:57:01.695  4205  4205 E SecQSPanelResourcePickHelper: need to prepare suitable picker for COVER
03-12 21:57:01.695  4205  4205 E SecQSPanelResourcePickHelper: need to prepare suitable picker for COVER
03-12 21:57:01.695  4205  4205 E SecQSPanelResourcePickHelper: need to prepare suitable picker for COVER
03-12 21:57:01.695  4205  4205 D SubRoomQsTileBaseView: updateSubscreenTileStroke
03-12 21:57:01.695  4205  4205 D SubscreenQsPanelControllerBase: addTile tile.getTileSpec():  record: com.android.systemui.qs.QSPanelControllerBase$TileRecord@88de722 mSubscreenRecords.size(): 8
03-12 21:57:01.695  4205  4205 D SubscreenQsPanelControllerBase: adding Tilespec : Dnd
03-12 21:57:01.695  4205  4205 E SecQSPanelResourcePickHelper: need to prepare suitable picker for COVER
03-12 21:57:01.695  4205  4205 E SecQSPanelResourcePickHelper: need to prepare suitable picker for COVER
03-12 21:57:01.695  4205  4205 E SecQSPanelResourcePickHelper: need to prepare suitable picker for COVER
03-12 21:57:01.695  4205  4205 E SecQSPanelResourcePickHelper: need to prepare suitable picker for COVER
03-12 21:57:01.696  4205  4205 E SecQSPanelResourcePickHelper: need to prepare suitable picker for COVER
03-12 21:57:01.696  4205  4205 D SubRoomQsTileBaseView: updateSubscreenTileStroke
03-12 21:57:01.696  4205  4205 D SubscreenQsPanelControllerBase: addTile tile.getTileSpec():  record: com.android.systemui.qs.QSPanelControllerBase$TileRecord@723f5b3 mSubscreenRecords.size(): 9
03-12 21:57:01.696  4205  4205 D SubscreenQsPanelControllerBase: setTiles 
03-12 21:57:01.696  4205  4205 D SubscreenQsPanelControllerBase: adding Tilespec : Wifi
03-12 21:57:01.696  4205  4205 E SecQSPanelResourcePickHelper: need to prepare suitable picker for COVER
03-12 21:57:01.696  4205  4205 E SecQSPanelResourcePickHelper: need to prepare suitable picker for COVER
03-12 21:57:01.696  4205  4205 E SecQSPanelResourcePickHelper: need to prepare suitable picker for COVER
03-12 21:57:01.696  4205  4205 E SecQSPanelResourcePickHelper: need to prepare suitable picker for COVER
03-12 21:57:01.696  4205  4205 E SecQSPanelResourcePickHelper: need to prepare suitable picker for COVER
03-12 21:57:01.696  4205  4205 D SubRoomQsTileBaseView: updateSubscreenTileStroke
03-12 21:57:01.696  4205  4205 D SubscreenQsPanelControllerBase: addTile tile.getTileSpec():  record: com.android.systemui.qs.QSPanelControllerBase$TileRecord@a9e5770 mSubscreenRecords.size(): 1
03-12 21:57:01.696  4205  4205 D SubscreenQsPanelControllerBase: adding Tilespec : SoundMode
03-12 21:57:01.696  4205  4205 E SecQSPanelResourcePickHelper: need to prepare suitable picker for COVER
03-12 21:57:01.696  4205  4205 E SecQSPanelResourcePickHelper: need to prepare suitable picker for COVER
03-12 21:57:01.696  4205  4205 E SecQSPanelResourcePickHelper: need to prepare suitable picker for COVER
03-12 21:57:01.696  4205  4205 E SecQSPanelResourcePickHelper: need to prepare suitable picker for COVER
03-12 21:57:01.696  4205  4205 E SecQSPanelResourcePickHelper: need to prepare suitable picker for COVER
03-12 21:57:01.696  4205  4205 D SubRoomQsTileBaseView: updateSubscreenTileStroke
03-12 21:57:01.696  4205  4205 D SubscreenQsPanelControllerBase: addTile tile.getTileSpec():  record: com.android.systemui.qs.QSPanelControllerBase$TileRecord@4af8ae9 mSubscreenRecords.size(): 2
03-12 21:57:01.696  4205  4205 D SubscreenQsPanelControllerBase: adding Tilespec : Bluetooth
03-12 21:57:01.696  4205  4205 E SecQSPanelResourcePickHelper: need to prepare suitable picker for COVER
03-12 21:57:01.696  4205  4205 E SecQSPanelResourcePickHelper: need to prepare suitable picker for COVER
03-12 21:57:01.696  4205  4205 E SecQSPanelResourcePickHelper: need to prepare suitable picker for COVER
03-12 21:57:01.696  4205  4205 E SecQSPanelResourcePickHelper: need to prepare suitable picker for COVER
03-12 21:57:01.696  4205  4881 I VRI[ScreenDecorOverlayCover]@cddcdb0: onDisplayChanged oldDisplayState=1 newDisplayState=1
03-12 21:57:01.696  4205  4205 E SecQSPanelResourcePickHelper: need to prepare suitable picker for COVER
03-12 21:57:01.696  4205  4205 D SubRoomQsTileBaseView: updateSubscreenTileStroke
03-12 21:57:01.696  4205  4205 D SubscreenQsPanelControllerBase: addTile tile.getTileSpec():  record: com.android.systemui.qs.QSPanelControllerBase$TileRecord@447536e mSubscreenRecords.size(): 3
03-12 21:57:01.696  4205  4205 D SubscreenQsPanelControllerBase: adding Tilespec : AirplaneMode
03-12 21:57:01.696  4205  4205 E SecQSPanelResourcePickHelper: need to prepare suitable picker for COVER
03-12 21:57:01.696 15873 15873 I PkDeviceHelper: PkDeviceHelper.refreshDevices():87 refreshing devices
03-12 21:57:01.696  4205  4205 E SecQSPanelResourcePickHelper: need to prepare suitable picker for COVER
03-12 21:57:01.696  4205  4205 E SecQSPanelResourcePickHelper: need to prepare suitable picker for COVER
03-12 21:57:01.696  4205  4205 E SecQSPanelResourcePickHelper: need to prepare suitable picker for COVER
03-12 21:57:01.696  4205  4205 E SecQSPanelResourcePickHelper: need to prepare suitable picker for COVER
03-12 21:57:01.696  4205  4205 D SubRoomQsTileBaseView: updateSubscreenTileStroke
03-12 21:57:01.696  4205  4362 D Tile.SoundModeTile: handleUpdateState: profile 0, muteAllSound false
03-12 21:57:01.696  3003  4564 D WifiDisplayAdapter: isFitToActiveDisplayLocked : false
03-12 21:57:01.696  4205  4205 D SubscreenQsPanelControllerBase: addTile tile.getTileSpec():  record: com.android.systemui.qs.QSPanelControllerBase$TileRecord@2de3a0f mSubscreenRecords.size(): 4
03-12 21:57:01.696  4205  4205 D SubscreenQsPanelControllerBase: adding Tilespec : Flashlight
03-12 21:57:01.696  4205  4205 E SecQSPanelResourcePickHelper: need to prepare suitable picker for COVER
03-12 21:57:01.696  4205  4205 E SecQSPanelResourcePickHelper: need to prepare suitable picker for COVER
03-12 21:57:01.696  4205  4205 E SecQSPanelResourcePickHelper: need to prepare suitable picker for COVER
03-12 21:57:01.696  4205  4205 E SecQSPanelResourcePickHelper: need to prepare suitable picker for COVER
03-12 21:57:01.696  4205  4205 E SecQSPanelResourcePickHelper: need to prepare suitable picker for COVER
03-12 21:57:01.696  4205  4205 D SubRoomQsTileBaseView: updateSubscreenTileStroke
03-12 21:57:01.696  4205  4205 D SubscreenQsPanelControllerBase: addTile tile.getTileSpec():  record: com.android.systemui.qs.QSPanelControllerBase$TileRecord@b6ceca5 mSubscreenRecords.size(): 5
03-12 21:57:01.696  4205  4205 D SubscreenQsPanelControllerBase: adding Tilespec : MobileData
03-12 21:57:01.696  4205  4205 E SecQSPanelResourcePickHelper: need to prepare suitable picker for COVER
03-12 21:57:01.696  3003  4564 D WifiDisplayAdapter: isFitToActiveDisplayLocked : false
03-12 21:57:01.696  4205  4205 E SecQSPanelResourcePickHelper: need to prepare suitable picker for COVER
03-12 21:57:01.696  4205  4205 E SecQSPanelResourcePickHelper: need to prepare suitable picker for COVER
03-12 21:57:01.696  4205  4205 E SecQSPanelResourcePickHelper: need to prepare suitable picker for COVER
03-12 21:57:01.696  4205  4205 E SecQSPanelResourcePickHelper: need to prepare suitable picker for COVER
03-12 21:57:01.696  4205  4205 D SubRoomQsTileBaseView: updateSubscreenTileStroke
03-12 21:57:01.696  4205  4205 D SubscreenQsPanelControllerBase: addTile tile.getTileSpec():  record: com.android.systemui.qs.QSPanelControllerBase$TileRecord@a19387a mSubscreenRecords.size(): 6
03-12 21:57:01.696  4205  4205 D SubscreenQsPanelControllerBase: adding Tilespec : custom(com.samsung.android.app.smartcapture/com.samsung.android.app.screenrecorder.view.RecordScreenTile)
03-12 21:57:01.696  4205  4205 E SecQSPanelResourcePickHelper: need to prepare suitable picker for COVER
03-12 21:57:01.696  4205  4205 E SecQSPanelResourcePickHelper: need to prepare suitable picker for COVER
03-12 21:57:01.696  4205  4205 E SecQSPanelResourcePickHelper: need to prepare suitable picker for COVER
03-12 21:57:01.696  4205  4205 E SecQSPanelResourcePickHelper: need to prepare suitable picker for COVER
03-12 21:57:01.696  4205  4205 E SecQSPanelResourcePickHelper: need to prepare suitable picker for COVER
03-12 21:57:01.696  4205  4205 D SubRoomQsTileBaseView: updateSubscreenTileStroke
03-12 21:57:01.696  4205  4205 D SubscreenQsPanelControllerBase: addTile tile.getTileSpec():  record: com.android.systemui.qs.QSPanelControllerBase$TileRecord@44e682b mSubscreenRecords.size(): 7
03-12 21:57:01.696  4205  4205 D SubscreenQsPanelControllerBase: adding Tilespec : custom(com.samsung.android.app.routines/.LifestyleModeTile)
03-12 21:57:01.696  4205  4205 E SecQSPanelResourcePickHelper: need to prepare suitable picker for COVER
03-12 21:57:01.696  4205  4205 E SecQSPanelResourcePickHelper: need to prepare suitable picker for COVER
03-12 21:57:01.696  4205  4205 E SecQSPanelResourcePickHelper: need to prepare suitable picker for COVER
03-12 21:57:01.696  4205  4205 E SecQSPanelResourcePickHelper: need to prepare suitable picker for COVER
03-12 21:57:01.696  4205  4205 E SecQSPanelResourcePickHelper: need to prepare suitable picker for COVER
03-12 21:57:01.696  4205  4205 D SubRoomQsTileBaseView: updateSubscreenTileStroke
03-12 21:57:01.696  4205  4205 D SubscreenQsPanelControllerBase: addTile tile.getTileSpec():  record: com.android.systemui.qs.QSPanelControllerBase$TileRecord@561a488 mSubscreenRecords.size(): 8
03-12 21:57:01.696  4205  4205 D SubscreenQsPanelControllerBase: adding Tilespec : Dnd
03-12 21:57:01.696  4205  4205 E SecQSPanelResourcePickHelper: need to prepare suitable picker for COVER
03-12 21:57:01.696  1992 29060 D AHAL: AudioDevice: SetParameters: 1865: enter
03-12 21:57:01.696  1992 29060 D AHAL: AudioVoice: VoiceSetParameters: 200: Enter
03-12 21:57:01.696  4205  4205 E SecQSPanelResourcePickHelper: need to prepare suitable picker for COVER
03-12 21:57:01.696  4205  4205 E SecQSPanelResourcePickHelper: need to prepare suitable picker for COVER
03-12 21:57:01.696  1992 29060 D AHAL: AudioVoice: VoiceSetParameters: 479: Exit ret: 0
03-12 21:57:01.696  4205  4205 E SecQSPanelResourcePickHelper: need to prepare suitable picker for COVER
03-12 21:57:01.696  1992 29060 D AHAL: hfp: hfp_set_parameters: 444: enter
03-12 21:57:01.696  4205  4205 E SecQSPanelResourcePickHelper: need to prepare suitable picker for COVER
03-12 21:57:01.696  1992 29060 D AHAL: AudioDevice: SetParameters: 1948:  - screen = off
03-12 21:57:01.696  4205  4205 D SubRoomQsTileBaseView: updateSubscreenTileStroke
03-12 21:57:01.696  1992 29060 I PAL: ResourceManager: setParameter: 10683: Screen State:0
03-12 21:57:01.696  4205  4205 D SubscreenQsPanelControllerBase: addTile tile.getTileSpec():  record: com.android.systemui.qs.QSPanelControllerBase$TileRecord@3e4ae21 mSubscreenRecords.size(): 9
03-12 21:57:01.696  1992 29060 D AHAL: AudioDevice: SetParameters: 2798: exit: screen_state=off
03-12 21:57:01.696  4205  4205 D SubscreenQsPanelControllerBase: setListeningtrue
03-12 21:57:01.696  4205  4205 D SubscreenQsPanelControllerBase: refreshAllTiles
03-12 21:57:01.696  4205  4205 D SubscreenPagedTileLayout: setTilePageHeight pageHeight: 438
03-12 21:57:01.696  4205  4205 D SubscreenTileLayout: updateResources columns: 4 mMaxCellHeight: 100 mMaxAllowedRows: 3 mCellWidth: 111
03-12 21:57:01.697  4205  4205 D AppController: isFolderOpened = false
03-12 21:57:01.697  4205  4205 D AppController: folderClosed : unregist SensorManager 
03-12 21:57:01.697  3003  3003 I SemMdnieManagerService: DDI setNightDimOffMode : false, index : 0, str : (0 0)
03-12 21:57:01.697  3003  3003 D SGM:GameManager: onDisplayChanged. displyId: 1, state: 1
03-12 21:57:01.697  3003  3003 V CameraService_worker: onDisplayChanged rotation : 0 current mDeviceState : 6
03-12 21:57:01.697  3003  3003 D SGM:GameManager: onDisplayChanged. displyId: 0, state: 1
03-12 21:57:01.697  3003  3687 D SGM:FgCheckThread: onLooperPrepared(), msg: MSG_LCD_OFF
03-12 21:57:01.697  2092  3859 I SSC_DAEMON: light_event_log:185, light_msg(4/15): lcd off - 0,-1,-1,0
03-12 21:57:01.698  4832 31919 I HoneySpace.SystemUiRepository: assistantAvailable = false
03-12 21:57:01.698 29180 29180 I HBD     : DeX h DeX mode state change in non-main thread 
03-12 21:57:01.698 29180 29180 I HBD     : DeX h DeX mode state change: 3 
03-12 21:57:01.698 29180 29180 I HBD     : DeX h DeX mode state change in non-main thread 
03-12 21:57:01.698 29180 29180 I HBD     : DeX h DeX mode state change: 3 
03-12 21:57:01.698 29180 29180 I HBD     : DeX h DeX mode state change in non-main thread 
03-12 21:57:01.698 29180 29180 I HBD     : DeX h DeX mode state change: 3 
03-12 21:57:01.698 21078 21078 I VRI[0 fl=}]@9b28af7: onDisplayChanged oldDisplayState=2 newDisplayState=1
03-12 21:57:01.698  3003  3068 I SurfaceComposerClient: apply DisplayState::eLayerStackChanged(index:0) layerStack(-1)
03-12 21:57:01.699  3003  3068 I SurfaceComposerClient: apply DisplayState::eFlagsChanged(index:0) flags(0)
03-12 21:57:01.699  4205  4362 D SBluetoothTile:  handleUpdateState enabled = false connected = false connecting = false changedState =false bluetoothState = 10 enabledChanging = false state = QSTile$BooleanState[spec=Bluetooth,icon=ResourceIcon[resId=0x7f080f78],nextIcon=null,iconSupplier=null,label=Bluetooth,secondaryLabel=,contentDescription=Bluetooth,stateDescription=null,dualLabelContentDescription=null,expandedAccessibilityClassName=null,disabledByPolicy=false,dualTarget=true,isTransient=false,handlesSecondaryClick=false,state=1,sideViewCustomDrawable=null,tileClassName=null,value=false,forceExpandIcon=false]
03-12 21:57:01.699  2092  2092 I SSC_DAEMON: handleSensorTestReqMsg:85, Sensor type :20, Msg type:15
03-12 21:57:01.699  2092  2092 I SSC_DAEMON: physicalSensorTestReqMsg:162, 0.algo_id:26, num:1
03-12 21:57:01.699  2092  2092 I SSC_DAEMON: handleSensorTestReqMsg:85, Sensor type :4, Msg type:11
03-12 21:57:01.699  2092  2092 I SSC_DAEMON: physicalSensorTestReqMsg:130, s:4, m:11
03-12 21:57:01.699  3003  3065 D WindowManager: DeferredDisplayUpdater: partially applying DisplayInfo(1080 x 2640) immediately
03-12 21:57:01.700  2007  2007 I sensors-hal: activate:300, android.sensor.device_orientation/271 en=0
03-12 21:57:01.700  2007  2007 I sensors-hal: deactivate:283, auto_rotation: 1, type 2
03-12 21:57:01.700  2007  2007 I sensors-hal: send_sync_sensor_request:508, send sync request
03-12 21:57:01.700  2007  2007 I sensors-hal: send_sync_sensor_request:518, send_sync_sensor_request before send_request for auto_rotation with SUID low=8603657889541918976 high=1320970896291267344
03-12 21:57:01.700  2007  2007 I sensors-hal: send_sync_sensor_request:537, wait for notification of response
03-12 21:57:01.700  6239  6239 I VRI[OnboardingActivity]@7b65a5f: onDisplayChanged oldDisplayState=1 newDisplayState=1
03-12 21:57:01.700  2007 12669 I sensors-hal: qsh_conn_resp_cb:930, resp_value = 0 for auto_rotation 
03-12 21:57:01.700  2007  3645 I sensors-hal: qsh_conn_event_cb:857, SCHED_FIFO(10) for qmi_cbk
03-12 21:57:01.700  2007  3645 I sensors-hal: qsh_conn_event_cb:890, event[0] sensor:Pocket mode  Wakeup, msg_id=715, ts=3729168115671
03-12 21:57:01.700  4832 15854 I HoneySpace.Memory-Monitor: current state = 1, didTrim = false
03-12 21:57:01.700  4832 15854 I HoneySpace.Memory-Monitor: onDisplayStateChanged lastChangedDisplayState = 1
03-12 21:57:01.700  2007  3645 E libprotobuf-native: [libprotobuf ERROR external/protobuf/src/google/protobuf/message_lite.cc:133] Can't parse message of type "sns_std_sensor_event" because it is missing required fields: (cannot determine missing fields for lite message)
03-12 21:57:01.700  2007  2007 I sensors-hal: send_sync_sensor_request:543, takes 0 ms to receive the response with 0
03-12 21:57:01.700  2007  2007 I sensors-hal: activate:330, android.sensor.device_orientation/271 en=0 completed
03-12 21:57:01.701  4832  7776 I HoneySpace.Memory-Monitor: no default Display - 1
03-12 21:57:01.701  2007  2007 I sensors-hal: activate:300, com.samsung.sensor.light_seamless/1782 en=0
03-12 21:57:01.701  2007  2007 I sensors-hal: send_sync_sensor_request:508, send sync request
03-12 21:57:01.701  2007  2007 I sensors-hal: send_sync_sensor_request:518, send_sync_sensor_request before send_request for light_seamless with SUID low=11039298318857557060 high=1340270623893619472
03-12 21:57:01.701  2007  2007 I sensors-hal: send_sync_sensor_request:537, wait for notification of response
03-12 21:57:01.701  2092  3859 I SSC_DAEMON: pocketModeOptionDefineEvent:23, 2
03-12 21:57:01.701  4832  6719 I HoneySpace.Memory-Monitor: cleanMemory count=1, needTrim=true, delayTime=30000
03-12 21:57:01.701  2007  3645 I sensors-hal: qsh_conn_resp_cb:930, resp_value = 0 for light_seamless 
03-12 21:57:01.701  4832 31919 I HoneySpace.Memory-Monitor: current state = 1, didTrim = true
03-12 21:57:01.701  2007  2007 I sensors-hal: send_sync_sensor_request:543, takes 0 ms to receive the response with 0
03-12 21:57:01.701  2007  2007 I sensors-hal: activate:330, com.samsung.sensor.light_seamless/1782 en=0 completed
03-12 21:57:01.701  4832  4832 I VRI[RecentsTransitionOverlay]@4784a59: onDisplayChanged oldDisplayState=2 newDisplayState=1
03-12 21:57:01.701  4832  4832 I VRI[LauncherActivity]@f209089: onDisplayChanged oldDisplayState=2 newDisplayState=1
03-12 21:57:01.701  3003  3067 D SensorManager: unregisterListener :: com.android.server.display.mode.DisplayModeDirector$BrightnessObserver$LightSensorEventListener@b4fe971
03-12 21:57:01.701  3003  3911 D SensorService: setSContextDataLocked ints length 3 , byte length 5
03-12 21:57:01.702  3003  3911 D SensorService: setSContextDataLocked 39010ec1
03-12 21:57:01.702  3003  3065 D BLASTSyncEngine: SyncGroup 1822:  Unfinished container: WindowToken{8004a5b type=2024 android.os.BinderProxy@d7bba75} mSyncState=2
03-12 21:57:01.702  2007  2007 I sensors-hal: inject_sensor_data:407, handle 1502 send inject
03-12 21:57:01.702  2007  2007 I sensors-hal: sendContextData:290, sensor hal 5, (0xc1, 0xe, 0x1, 0x39)
03-12 21:57:01.702  2007  2007 I sensors-hal: sendContextData:230, activities 5 c1, 1
03-12 21:57:01.702  2007  2007 I sensors-hal: sendUserData:251, Activities cmd 0xc1 0xe
03-12 21:57:01.702  2007  2007 I sensors-hal: sendUserData:265, Activities system time h 1 m 57 s 1
03-12 21:57:01.702  2007  2007 I sensors-hal: create_send_context_data:80, sending create_send_context_data
03-12 21:57:01.702  2007  2007 I sensors-hal: send_context_data:694, activities, 4914309220830019584, 1320970896291267344, msgid:700
03-12 21:57:01.702  2007  2007 I sensors-hal: sendContextData:114, common_info 5
03-12 21:57:01.702  2007  2007 I sensors-hal: sendUserData:137, CommonInfo 0xc1 0xe 0x1 0x39
03-12 21:57:01.702  2007  2007 I sensors-hal: create_send_context_data:70, sending create_send_context_data
03-12 21:57:01.702  2007  2007 I sensors-hal: send_context_data:694, common_info, 4914309147815575552, 1320970896291267344, msgid:700
03-12 21:57:01.702  3003  3067 D RefreshRateModeManager: onBrightnessChanged: brt=0, lux=-1.0
03-12 21:57:01.702  3003  3067 D RefreshRateModeManager: set fix=0, brightness=0, lux=-1.0, mIsWirelessCharging=false
03-12 21:57:01.702  2007  3909 I sensors-hal: qsh_conn_resp_cb:930, resp_value = 0 for activities 
03-12 21:57:01.702  3003  3067 D RefreshRateModeManager: setPassiveMode=false, brightness=0, lux=-1.0, PassiveModeToken=false
03-12 21:57:01.703  4205  4205 D SensorManager: unregisterListener
03-12 21:57:01.703  4205  4205 D KeyguardEditModeController: onFolderStateChangedfalse
03-12 21:57:01.703  3003  3067 I RefreshRateModeManager: Schedule to change HFRmode=REFRESH_RATE_MODE_SEAMLESS, mDisplayToken=android.os.BinderProxy@7f742aa
03-12 21:57:01.703  3003  3067 I RefreshRateModeManager:     -1:
03-12 21:57:01.703  3003  3067 I RefreshRateModeManager:       PRIORITY_REFRESH_RATE_MODE -> CombinedVote{ mVotes=[PhysicalVote{ RefreshRateVote{  mMinRefreshRate=10.0, mMaxRefreshRate=120.0 } }, DisableRefreshRateSwitchingVote{ mDisableRefreshRateSwitching=false }] }
03-12 21:57:01.703  3003  3067 I RefreshRateModeManager:     0:
03-12 21:57:01.703  3003  3067 I RefreshRateModeManager:       PRIORITY_USER_SETTING_PEAK_RENDER_FRAME_RATE -> RenderVote{ RefreshRateVote{  mMinRefreshRate=0.0, mMaxRefreshRate=120.0 } }
03-12 21:57:01.703  3003  3067 I RefreshRateModeManager:       PRIORITY_USER_SETTING_PEAK_REFRESH_RATE -> CombinedVote{ mVotes=[PhysicalVote{ RefreshRateVote{  mMinRefreshRate=0.0, mMaxRefreshRate=120.0 } }, DisableRefreshRateSwitchingVote{ mDisableRefreshRateSwitching=false }] }
03-12 21:57:01.703  3003  3067 I RefreshRateModeManager:       PRIORITY_APP_REQUEST_RENDER_FRAME_RATE_RANGE -> RenderVote{ RefreshRateVote{  mMinRefreshRate=60.0, mMaxRefreshRate=Infinity } }
03-12 21:57:01.703  3003  3067 I RefreshRateModeManager:       PRIORITY_USER_SETTING_MIN_RENDER_FRAME_RATE -> RenderVote{ RefreshRateVote{  mMinRefreshRate=0.0, mMaxRefreshRate=Infinity } }
03-12 21:57:01.703  3003  3067 I RefreshRateModeManager:     1:
03-12 21:57:01.703  3003  3067 I RefreshRateModeManager:       PRIORITY_USER_SETTING_PEAK_RENDER_FRAME_RATE -> RenderVote{ RefreshRateVote{  mMinRefreshRate=0.0, mMaxRefreshRate=120.0 } }
03-12 21:57:01.703  3003  3067 I RefreshRateModeManager:       PRIORITY_USER_SETTING_PEAK_REFRESH_RATE -> CombinedVote{ mVotes=[PhysicalVote{ RefreshRateVote{  mMinRefreshRate=0.0, mMaxRefreshRate=120.0 } }, DisableRefreshRateSwitchingVote{ mDisableRefreshRateSwitching=false }] }
03-12 21:57:01.703  3003  3067 I RefreshRateModeManager:       PRIORITY_USER_SETTING_MIN_RENDER_FRAME_RATE -> RenderVote{ RefreshRateVote{  mMinRefreshRate=0.0, mMaxRefreshRate=Infinity } }
03-12 21:57:01.703  3003  3067 I RefreshRateModeManager: 
03-12 21:57:01.703  3003  3067 I RefreshRateModeManager:  mModeSwitchingType: SWITCHING_TYPE_WITHIN_GROUPS mAlwaysRespectAppRequest: false
03-12 21:57:01.703  3003  3067 I RefreshRateModeManager:  Current Mode mReportedRefreshRateMode(toSurfaceFlinger)=REFRESH_RATE_MODE_SEAMLESS, mRefreshRateMode(fromSettings)=REFRESH_RATE_MODE_SEAMLESS
03-12 21:57:01.703  3003  3067 I RefreshRateModeManager:  BrightnessState mPassive=false, PassiveModeToken=false, mLfd=0, mBrightness=0, mAmbientLux=-1.0, mIsWirelessCharing=false
03-12 21:57:01.703  4205  4205 D KeyguardEditModeController: cancel() true
03-12 21:57:01.703  4205  4205 D SubScreenManager: onFolderStateChanged() opened = false
03-12 21:57:01.703  2092  3859 I SSC_DAEMON: light_event_log:172, light_msg(4/11): br 0 (lux 0,idx 0) - -1,-1,0
03-12 21:57:01.703  4205  4205 I SubLauncher:SubLauncherPluginImpl@102487053: onFolderStateChanged: isFolderOpened=false
03-12 21:57:01.703  4205  4205 I SubLauncher:SubLauncherStateManager@232606011: setFoldClosed: false -> true
03-12 21:57:01.703  2007  3909 I sensors-hal: qsh_conn_resp_cb:930, resp_value = 0 for common_info 
03-12 21:57:01.703  3003  3067 D SurfaceControl: notifyHFRmode, displayToken=android.os.BinderProxy@7f742aa, hfrMode=REFRESH_RATE_MODE_SEAMLESS
03-12 21:57:01.703  4205  4205 I SubLauncher:SubLauncherClockController@19943652: onStartedWakingUp: isSuspendPending = true, isFolderClosed = true
03-12 21:57:01.703  2105  2324 I SurfaceFlinger: [4630946564756762243] HFR mode : 1
03-12 21:57:01.703  4205  4205 I SubLauncher:SubLauncherHome@253272580: onCoverScreenOn: true
03-12 21:57:01.703  4205  4205 I SubLauncher:SubLauncherHome@253272580: restorePage
03-12 21:57:01.703  4205  4205 I SubLauncher:SubLauncherSeamlessAOD@129222420: onStartedWakingUpOnCover
03-12 21:57:01.703  4832  4832 I VRI[CocktailBarService]@5e29200: onDisplayChanged oldDisplayState=2 newDisplayState=1
03-12 21:57:01.703  4205  4205 I SubLauncher:SubLauncherStateManager@232606011: setAODVisibleState: INVISIBLE -> INITIALIZED
03-12 21:57:01.703  4205  4205 I SubLauncher:BouncerViewController@120397705: set fontColor with isBlackWallpaper
03-12 21:57:01.703  4205  4205 I SubLauncher:SubLauncherClockController@19943652: observe: suspendState false
03-12 21:57:01.703  4205  4205 I AODAlarmTimer_SUB_CLOCK_TICK: setAlarm: expiration = 03/12/2026 21:58
03-12 21:57:01.703  2094  2277 D AudioFlinger: setParameters: filtered dev setParameters keyvalue screen_state=off
03-12 21:57:01.704  3003  3065 D WindowManager: DeferredDisplayUpdater: applying DisplayInfo(748 x 720) immediately
03-12 21:57:01.704  2092  2092 I SSC_DAEMON: handleSensorTestReqMsg:85, Sensor type :4, Msg type:15
03-12 21:57:01.704  2092  2092 I SSC_DAEMON: physicalSensorTestReqMsg:130, s:4, m:15
03-12 21:57:01.704  1992 29060 D AHAL: AudioDevice: SetParameters: 1865: enter
03-12 21:57:01.704  1992 29060 D AHAL: AudioVoice: VoiceSetParameters: 200: Enter
03-12 21:57:01.704  1992 29060 D AHAL: AudioVoice: VoiceSetParameters: 479: Exit ret: 0
03-12 21:57:01.704  1992 29060 D AHAL: hfp: hfp_set_parameters: 444: enter
03-12 21:57:01.704  1992 29060 D AHAL: AudioDevice: SetParameters: 1948:  - screen = off
03-12 21:57:01.704  1992 29060 I PAL: ResourceManager: setParameter: 10683: Screen State:0
03-12 21:57:01.704  1992 29060 D AHAL: AudioDevice: SetParameters: 2798: exit: screen_state=off
03-12 21:57:01.704  3003  3065 V WindowManager: Content Recording: Display 1 state was (1), is now (1), so update recording?
03-12 21:57:01.704 16161 16161 I NearbyDiscovery: (REDACTED) FastPairDisplayObserver: %s -> %s
03-12 21:57:01.704 16161 17325 I NearbyDiscovery: (REDACTED) PureOffloadFastPairScanner: eventType=%s, isInternalReq=%s, isScanning=%s, isScanningAllowed=%s
03-12 21:57:01.705  3003  3065 D BLASTSyncEngine: SyncGroup 1822:  Unfinished container: WindowToken{8004a5b type=2024 android.os.BinderProxy@d7bba75} mSyncState=2
03-12 21:57:01.705  2092  3859 I SSC_DAEMON: light_event_log:196, light_msg(4/15): panel off (idx 0) - 0,-1,-1,0
03-12 21:57:01.706  4205  4205 I ModuleClockView_SUB_LAUNCHER_1@80: suspend : mSuspend = true, enable = false
03-12 21:57:01.706  4205  4205 I ModuleClockView_SUB_LAUNCHER_1@80: onSuspendStateChanged: to false
03-12 21:57:01.706  5393  6882 I ScanManager: handleScreenOff()
03-12 21:57:01.706  4205  4205 I ModuleClockView_SUB_LAUNCHER_1@80: onTimeChanged : [DateTimeInfo : date = Thu, March 12, hourMin = 9:57, hourMinSec = , hour = 9, minute = 57, amPm  = PM, colon = :, second = , timezone = null, isLeftOfAmPm = false, ttsDate = Thursday, March 12], timeInMillis = 1773367021706
03-12 21:57:01.706  4205  4205 I ModuleClockView_SUB_LAUNCHER_1@80: updatePaletteItemTransition : paletteItem = SOLID color : FF4E2A23, animation = false, dozeAmount = 0.0
03-12 21:57:01.706  5393  6882 I bt_shim_scanner: system/main/shim/le_scanning_manager.cc:151 Scan: in shim layer stopped
03-12 21:57:01.706  5393  5832 W bluetooth: system/gd/hci/le_scanning_manager.cc:716 scan: address_manager_registered_
03-12 21:57:01.706  5393  5832 W bluetooth: system/gd/hci/le_scanning_manager.cc:768 stop_scan: stop_scan
03-12 21:57:01.706  5393  5832 I bluetooth: system/gd/hci/le_address_manager.cc:278 unregister_client: Client unregistered
03-12 21:57:01.706  5393  5832 I bluetooth: system/gd/hci/le_address_manager.cc:293 unregister_client: Cancelled address rotation alarm
03-12 21:57:01.706  4205  4205 I DigitalVerticalClockView_SUB_LAUNCHER_1@57: suspend : mSuspend = true, enable = false
03-12 21:57:01.706  1993  1993 D vendor.qti.bluetooth@1.1-ibs_handler: SerialClockVote: vote for UART CLK ON
03-12 21:57:01.706  4205  4205 I DigitalVerticalClockView_SUB_LAUNCHER_1@57: onSuspendStateChanged: to false
03-12 21:57:01.706 16161 17325 I NearbyDiscovery: (REDACTED) ApFastPairScanner: isScreenOn=%s, isLocationEnabled=%s, disableLocationRequirement=%s, isDiscoveryScanningEnabled=%s, during24GhzWifiWarmingUpPeriod=%s
03-12 21:57:01.707  5393  6882 W ScanManager: There is no scan radio to stop
03-12 21:57:01.707  5393  6882 I bt_shim_scanner: system/main/shim/le_scanning_manager.cc:335 SetScanParameters: in shim layer, scannerId1m=3, scannerIdCoded=0
03-12 21:57:01.707  5393  6882 W bt_shim_scanner: system/main/shim/le_scanning_manager.cc:365 SetScanParameters: Set scan params scan_int_1m : 3120, scan_win_1m : 160, Duty : 5.13% | scan_int_coded : 0, scan_win_coded : 0, Duty : nan%
03-12 21:57:01.707  5393  6882 I bt_shim_scanner: system/main/shim/le_scanning_manager.cc:151 Scan: in shim layer started
03-12 21:57:01.707  4607  4680 D NxpGenExtn: vendor_nfc_handle_event Enter eventCode:12
03-12 21:57:01.707  1993  1993 D vendor.qti.bluetooth@1.1-wake_lock: Acquire wakelock is acquired 
03-12 21:57:01.707  1993  1993 I vendor.qti.bluetooth@1.1-ibs_handler: DeviceWakeUp: Writing IBS_WAKE_IND
03-12 21:57:01.707  4607  4680 D NxpGenExtn: handleVendorNciRspNtf Enter dataLen:5
03-12 21:57:01.707  4607  4680 D NxpPropExtn: phNxpProp_HandleVendorNciRspNtf PropExtensionController Enter dataLen:5
03-12 21:57:01.707  4607  4680 D NxpPropExtn: handleVendorNciRspNtf Enter dataLen:5
03-12 21:57:01.707  4607  4680 D NxpGenExtn: stopWriteRspTimer Enter cmdGid:0, cmdOid:2, rspGid:0, rspOid:2,
03-12 21:57:01.707  4607  4680 D NxpGenExtn: DefaultEventHandler::handleVendorNciRspNtf Enter dataLen:5
03-12 21:57:01.707  4607  4680 D NxpGenExtn: phNxpExtn_HandleVendorNciRspNtf prop status:81
03-12 21:57:01.707  4607  4680 D NxpGenExtn: NfcExtensionController::handleVendorNciRspNtf Enter dataLen:5
03-12 21:57:01.707  4607  4680 D NxpGenExtn: DefaultEventHandler::handleVendorNciRspNtf Enter dataLen:5
03-12 21:57:01.707  4607  4680 D NxpGenExtn: phNxpExtn_HandleVendorNciRspNtf gen status:81
03-12 21:57:01.708  4607  4986 D libnfc_nci: nfaDeviceManagementCallback: enter; event=0x2
03-12 21:57:01.708  4607  4986 D libnfc_nci: nfaDeviceManagementCallback: NFA_DM_SET_CONFIG_EVT
03-12 21:57:01.708  4607  4986 D NxpGenExtn: vendor_nfc_handle_event Enter eventCode:11
03-12 21:57:01.708  4607  4986 D NxpGenExtn: phNxpExtn_HandleVendorNciMsg Not vendor specific command!!
03-12 21:57:01.708  4607  4986 I NxpGenExtn: phNxpExtn_Write NCI datalen:4
03-12 21:57:01.708  4607  4986 I NxpGenExtn: processExtnWrite Enter dataLen:4
03-12 21:57:01.708  4607  4986 I NxpPropExtn: phNxpProp_ProcessExtnWrite PropExtensionController Enter dataLen:4
03-12 21:57:01.708  4607  4986 I NxpPropExtn: processExtnWrite Enter
03-12 21:57:01.708  4607  4986 D NxpPropExtn: NciStateMonitor processExtnWrite Enter
03-12 21:57:01.708  4607  4986 D NxpPropExtn: processExtnWrite Enter current screen state is:1,nciNtf.back():1
03-12 21:57:01.708  4607  4986 D NxpPropExtn: resendRequired, resend required
03-12 21:57:01.708  4607  4986 D NxpGenExtn: write Enter wLength:4
03-12 21:57:01.708  4205  4205 I DigitalVerticalClockView_SUB_LAUNCHER_1@57: onTimeChanged : [DateTimeInfo : date = Thu, March 12, hourMin = 9:57, hourMinSec = , hour = 9, minute = 57, amPm  = PM, colon = :, second = , timezone = null, isLeftOfAmPm = false, ttsDate = Thursday, March 12], timeInMillis = 1773367021707
03-12 21:57:01.708  4205  4205 I DigitalVerticalClockView_SUB_LAUNCHER_1@57: updatePaletteItemTransition : paletteItem = SOLID color : FF4E2A23, animation = false, dozeAmount = 0.0
03-12 21:57:01.708 16161 17325 D BluetoothAdapter: isLeEnabled(): BLE_ON
03-12 21:57:01.708 16161 17325 I NearbyDiscovery: (REDACTED) ApFastPairScanner: eventType=%s, intReq=%s, scanning=%s, scanAllowed=%s, bleEnabled=%s, lockScanRate=%s, startScanningByLowPowerMode=%s
03-12 21:57:01.708  4607  4986 D NxpGenExtn: palenQueueWrite Enter wLength:4
03-12 21:57:01.708  4832  4832 I VRI[RecentsActivity]@5bc9119: onDisplayChanged oldDisplayState=2 newDisplayState=1
03-12 21:57:01.709  4607 26890 D NxpGenExtn: enQueueWriteInternal Enter wLength:4
03-12 21:57:01.709 16161 17325 I NearbyDiscovery: (REDACTED) ApFastPairScanner: Stopping scan, %s
03-12 21:57:01.709 16161 17325 D BluetoothAdapter: isLeEnabled(): BLE_ON
03-12 21:57:01.709  3003  3911 D SensorService: setSContextDataLocked ints length 2 , byte length 4
03-12 21:57:01.709 16161 17325 D BluetoothLeScanner: Stop Scan with callback
03-12 21:57:01.709  3003  3911 D SensorService: setSContextDataLocked 47c1
03-12 21:57:01.709  3003  3911 I SensorService: [EARPROXIMITY] EarProximitySensor2 screen 0
03-12 21:57:01.709  4205  4205 I SubLauncher:SubLauncherStateManager@232606011: setGraphicClockStatusBarFontColorType: NONE -> NONE
03-12 21:57:01.709  2439  2439 I android.hardware.nfc-service.nxp: write
03-12 21:57:01.709  4205  4205 I NotificationIconsOnlyContainer: updateIconColor() : B3000000, 
03-12 21:57:01.709  4205  4205 D PluginAODManager: requestVisibleNotifications()
03-12 21:57:01.709  4205  4205 I AODNotificationManager: setTagId() 2131365301
03-12 21:57:01.709  4205  4205 I LockscreenNotificationManager: refreshLockScreenNotifications: AOD_REQUEST_NOTIFICATIONS
03-12 21:57:01.709  4205  4205 I SubLauncher:SubLauncherStateManager@232606011: setNotiCountText: 6 -> 
03-12 21:57:01.709 16161 18289 I NearbySharing: Screen is locked
03-12 21:57:01.709  4205  4205 I SubLauncher:SubLauncherNotificationIconsOnlyController: clockView or notiCount is changed set notiCount=
03-12 21:57:01.709 16161 18289 I NearbySharing: Stopping scanning because the screen is locked.
03-12 21:57:01.709  4205  4205 I SubLauncher:SubLauncherClockStatusBarController@43446542: batteryVisible:8 isFolderClosed:true batteryVisibility:8 isInformativeClock:false showInformativeAODBattery:false isDozing:false isChargingVIProcessing:false curIsChargingVIProcessing:false
03-12 21:57:01.709  4205  4205 I SubLauncher:SubLauncherClockStatusBarController@43446542: updateBatteryVisibility curIsChargingVIProcessing:false isChargingVIProcessing:false isCharging:true batteryVisible:8
03-12 21:57:01.709  4205  4205 I SubLauncher:SubLauncherClockController@19943652: onTick()
03-12 21:57:01.709  4205  4205 I ModuleClockView_SUB_LAUNCHER_1@80: refresh : true
03-12 21:57:01.709  4205  4205 I ModuleClockView_SUB_LAUNCHER_1@80: onTimeChanged : [DateTimeInfo : date = Thu, March 12, hourMin = 9:57, hourMinSec = , hour = 9, minute = 57, amPm  = PM, colon = :, second = , timezone = null, isLeftOfAmPm = false, ttsDate = Thursday, March 12], timeInMillis = 1773367021709
03-12 21:57:01.709  4205  4205 I ModuleClockView_SUB_LAUNCHER_1@80: updatePaletteItemTransition : paletteItem = SOLID color : FF4E2A23, animation = false, dozeAmount = 0.0
03-12 21:57:01.709  4205  4205 I DigitalVerticalClockView_SUB_LAUNCHER_1@57: refresh : true
03-12 21:57:01.709  2007  2007 I sensors-hal: inject_sensor_data:407, handle 1502 send inject
03-12 21:57:01.709  2007  2007 I sensors-hal: sendContextData:290, sensor hal 4, (0xc1, 0x47, 0x0, 0x0)
03-12 21:57:01.709  2007  2007 I sensors-hal: sendContextData:230, activities 4 c1, 1
03-12 21:57:01.709  2007  2007 I sensors-hal: sendUserData:251, Activities cmd 0xc1 0x47
03-12 21:57:01.709  2007  2007 I sensors-hal: create_send_context_data:80, sending create_send_context_data
03-12 21:57:01.709  2007  2007 I sensors-hal: send_context_data:694, activities, 4914309220830019584, 1320970896291267344, msgid:700
03-12 21:57:01.710  2007  2007 I sensors-hal: sendContextData:114, common_info 4
03-12 21:57:01.710  2007  2007 I sensors-hal: sendUserData:137, CommonInfo 0xc1 0x47 0x0 0x0
03-12 21:57:01.710  2007  2007 I sensors-hal: create_send_context_data:70, sending create_send_context_data
03-12 21:57:01.710  2007  2007 I sensors-hal: send_context_data:694, common_info, 4914309147815575552, 1320970896291267344, msgid:700
03-12 21:57:01.710  2007  2007 I sensors-hal: write_algo_lcd_onoff_state:196, algo_lcd_onoff : 0x0
03-12 21:57:01.710  2092  2092 I SSC_DAEMON: handleSensorTestReqMsg:85, Sensor type :20, Msg type:15
03-12 21:57:01.710  2092  2092 I SSC_DAEMON: physicalSensorTestReqMsg:162, 0.algo_id:26, num:1
03-12 21:57:01.710  4205  4362 D DeviceState: isESIM() :0 : false
03-12 21:57:01.710  4205  4205 I DigitalVerticalClockView_SUB_LAUNCHER_1@57: onTimeChanged : [DateTimeInfo : date = Thu, March 12, hourMin = 9:57, hourMinSec = , hour = 9, minute = 57, amPm  = PM, colon = :, second = , timezone = null, isLeftOfAmPm = false, ttsDate = Thursday, March 12], timeInMillis = 1773367021709
03-12 21:57:01.710  2007  3909 I sensors-hal: qsh_conn_resp_cb:930, resp_value = 0 for activities 
03-12 21:57:01.710  2053 26872 I QC2Buf  : Reconfig: clearing from 0 bufs. Peak mem=0 MB
03-12 21:57:01.710  4205  4205 I DigitalVerticalClockView_SUB_LAUNCHER_1@57: updatePaletteItemTransition : paletteItem = SOLID color : FF4E2A23, animation = false, dozeAmount = 0.0
03-12 21:57:01.710  2053 26872 I QC2Buf  : Reconfig: clearing from 0 bufs. Peak mem=0 MB
03-12 21:57:01.710  2007  3909 I sensors-hal: qsh_conn_resp_cb:930, resp_value = 0 for common_info 
03-12 21:57:01.710  4205  4205 I SubScreenPositionControllerImpl[SUB_CLOCK_AOD]: updatePosition: skipped(SUB_CLOCK_AOD) : time diff = 39693
03-12 21:57:01.710  4205  4205 I SubScreenPositionControllerImpl[SUB_CLOCK_AOD]: getRandomFinalPosition() [8,16]
