03-09 22:58:12.266 16907 16907 I ThermalEngine: Parsing section MON-MSM-CPU0
03-09 22:58:12.266 16907 16907 I ThermalEngine: Found field 'sampling'
03-09 22:58:12.266 16907 16907 I ThermalEngine: Found field 'sensor'
03-09 22:58:12.266 16907 16907 I ThermalEngine: Found field 'thresholds'
03-09 22:58:12.266 16907 16907 I ThermalEngine: Found field 'thresholds_clr'
03-09 22:58:12.266 16907 16907 I ThermalEngine: Found field 'actions'
03-09 22:58:12.266 16907 16907 I ThermalEngine: Found field 'action_info'
03-09 22:58:12.266 16907 16907 I ThermalEngine: Created section 'SS-CPU4'
03-09 22:58:12.266 16907 16907 I ThermalEngine: Algo Type 'ss'
03-09 22:58:12.266 16907 16907 I ThermalEngine: Parsing section SS-CPU4
03-09 22:58:12.266 16907 16907 I ThermalEngine: Found field 'sampling'
03-09 22:58:12.266 16907 16907 I ThermalEngine: Found field 'sensor'
03-09 22:58:12.266 16907 16907 I ThermalEngine: Found field 'set_point'
03-09 22:58:12.266 16907 16907 I ThermalEngine: Found field 'set_point_clr'
03-09 22:58:12.266 16907 16907 I ThermalEngine: Found field 'device'
03-09 22:58:12.266 16907 16907 I ThermalEngine: Found field 'device_max_limit'
03-09 22:58:12.266 16907 16907 I ThermalEngine: Created section 'MON-MSM-CPU4'
03-09 22:58:12.266 16907 16907 I ThermalEngine: Algo Type 'monitor'
03-09 22:58:12.266 16907 16907 I ThermalEngine: Parsing section MON-MSM-CPU4
03-09 22:58:12.266 16907 16907 I ThermalEngine: Found field 'sampling'
03-09 22:58:12.266 16907 16907 I ThermalEngine: Found field 'sensor'
03-09 22:58:12.266 16907 16907 I ThermalEngine: Found field 'thresholds'
03-09 22:58:12.266 16907 16907 I ThermalEngine: Found field 'thresholds_clr'
03-09 22:58:12.266 16907 16907 I ThermalEngine: Found field 'actions'
03-09 22:58:12.266 16907 16907 I ThermalEngine: Found field 'action_info'
03-09 22:58:12.266 16907 16907 I ThermalEngine: Created section 'SS-CPU7'
03-09 22:58:12.266 16907 16907 I ThermalEngine: Algo Type 'ss'
03-09 22:58:12.266 16907 16907 I ThermalEngine: Parsing section SS-CPU7
03-09 22:58:12.266 16907 16907 I ThermalEngine: Found field 'sampling'
03-09 22:58:12.266 16907 16907 I ThermalEngine: Found field 'sensor'
03-09 22:58:12.266 16907 16907 I ThermalEngine: Found field 'set_point'
03-09 22:58:12.266 16907 16907 I ThermalEngine: Found field 'set_point_clr'
03-09 22:58:12.266 16907 16907 I ThermalEngine: Found field 'device'
03-09 22:58:12.266 16907 16907 I ThermalEngine: Found field 'device_max_limit'
03-09 22:58:12.266 16907 16907 I ThermalEngine: Created section 'MON-MSM-CPU7'
03-09 22:58:12.266 16907 16907 I ThermalEngine: Algo Type 'monitor'
03-09 22:58:12.266 16907 16907 I ThermalEngine: Parsing section MON-MSM-CPU7
03-09 22:58:12.266 16907 16907 I ThermalEngine: Found field 'sampling'
03-09 22:58:12.266 16907 16907 I ThermalEngine: Found field 'sensor'
03-09 22:58:12.266  2064 17083 I sensors-hal: ssc_conn_resp_cb:632, resp_value = 0
03-09 22:58:12.266 16907 16907 I ThermalEngine: Found field 'thresholds'
03-09 22:58:12.266 16907 16907 I ThermalEngine: Found field 'thresholds_clr'
03-09 22:58:12.266 16907 16907 I ThermalEngine: Found field 'actions'
03-09 22:58:12.266 16907 16907 I ThermalEngine: Found field 'action_info'
03-09 22:58:12.266 16907 16907 I ThermalEngine: Created section 'MON-MSM-GPU'
03-09 22:58:12.266 16907 16907 I ThermalEngine: Algo Type 'monitor'
03-09 22:58:12.266 16907 16907 I ThermalEngine: Parsing section MON-MSM-GPU
03-09 22:58:12.266 16907 16907 I ThermalEngine: Found field 'sampling'
03-09 22:58:12.266 16907 16907 I ThermalEngine: Found field 'sensor'
03-09 22:58:12.266 16907 16907 I ThermalEngine: Found field 'thresholds'
03-09 22:58:12.266 16907 16907 I ThermalEngine: Found field 'thresholds_clr'
03-09 22:58:12.266 16907 16907 I ThermalEngine: Found field 'actions'
03-09 22:58:12.266 16907 16907 I ThermalEngine: Found field 'action_info'
03-09 22:58:12.266  7545  7545 I FileStationLog: [ FS_h$a ] - [Display] Changed display: 0
03-09 22:58:12.266  2064  2064 I sensors-hal: send_sync_sensor_request:373, takes 0 ms to receive the response with 0
03-09 22:58:12.266 16907 16907 I ThermalEngine: Created section 'MON-SOFTDEV'
03-09 22:58:12.266 16907 16907 I ThermalEngine: Algo Type 'monitor'
03-09 22:58:12.266 16907 16907 I ThermalEngine: Parsing section MON-SOFTDEV
03-09 22:58:12.266 16907 16907 I ThermalEngine: Found field 'sampling'
03-09 22:58:12.266 16907 16907 I ThermalEngine: Found field 'sensor'
03-09 22:58:12.266 16907 16907 I ThermalEngine: Found field 'thresholds'
03-09 22:58:12.266 16907 16907 I ThermalEngine: Found field 'thresholds_clr'
03-09 22:58:12.266 16907 16907 I ThermalEngine: Found field 'actions'
03-09 22:58:12.266 16907 16907 I ThermalEngine: Found field 'action_info'
03-09 22:58:12.266  2064  2064 I sensors-hal: activate:184, com.motorola.sensor.ltv/65738 en=1 completed
03-09 22:58:12.266 16907 16907 I ThermalEngine: Created section 'MON-MDM-FR1-1'
03-09 22:58:12.266 16907 16907 I ThermalEngine: Algo Type 'monitor'
03-09 22:58:12.266 16907 16907 I ThermalEngine: Parsing section MON-MDM-FR1-1
03-09 22:58:12.266 16907 16907 I ThermalEngine: Found field 'sampling'
03-09 22:58:12.266 16907 16907 I ThermalEngine: Found field 'sensor'
03-09 22:58:12.266 16907 16907 I ThermalEngine: Found field 'thresholds'
03-09 22:58:12.266 16907 16907 I ThermalEngine: Found field 'thresholds_clr'
03-09 22:58:12.266 16907 16907 I ThermalEngine: Found field 'actions'
03-09 22:58:12.266 16907 16907 I ThermalEngine: Found field 'action_info'
03-09 22:58:12.266 16907 16907 I ThermalEngine: Created section 'MON-MDM-FR1-2'
03-09 22:58:12.266 16907 16907 I ThermalEngine: Algo Type 'monitor'
03-09 22:58:12.266 16907 16907 I ThermalEngine: Parsing section MON-MDM-FR1-2
03-09 22:58:12.266 16907 16907 I ThermalEngine: Found field 'sampling'
03-09 22:58:12.266 16907 16907 I ThermalEngine: Found field 'sensor'
03-09 22:58:12.266 16907 16907 I ThermalEngine: Found field 'thresholds'
03-09 22:58:12.266 16907 16907 I ThermalEngine: Found field 'thresholds_clr'
03-09 22:58:12.266 16907 16907 I ThermalEngine: Found field 'actions'
03-09 22:58:12.266 16907 16907 I ThermalEngine: Found field 'action_info'
03-09 22:58:12.266 16907 16907 I ThermalEngine: Created section 'MON-wireless-charge'
03-09 22:58:12.266 16907 16907 I ThermalEngine: Algo Type 'monitor'
03-09 22:58:12.266 16907 16907 I ThermalEngine: Parsing section MON-wireless-charge
03-09 22:58:12.266  2064  4171 I slpi    : MOT_LTV started with registry parameters (rcv_reg_items=0x1fff)
03-09 22:58:12.266 16907 16907 I ThermalEngine: Found field 'sampling'
03-09 22:58:12.266 16907 16907 I ThermalEngine: Found field 'sensor'
03-09 22:58:12.266 16907 16907 I ThermalEngine: Found field 'thresholds'
03-09 22:58:12.266 16907 16907 I ThermalEngine: Found field 'thresholds_clr'
03-09 22:58:12.267 16907 16907 I ThermalEngine: Found field 'actions'
03-09 22:58:12.267 16907 16907 I ThermalEngine: Found field 'action_info'
03-09 22:58:12.267 16907 16907 I ThermalEngine: [MON-wireless-charge]
03-09 22:58:12.267 16907 16907 I ThermalEngine: algo_type monitor
03-09 22:58:12.267 16907 16907 I ThermalEngine: sampling 2000
03-09 22:58:12.267 16907 16907 I ThermalEngine: sensor BCHG_TEMP
03-09 22:58:12.267 16907 16907 I ThermalEngine: thresholds 39000 41000 43000 44000 48000
03-09 22:58:12.267 16907 16907 I ThermalEngine: thresholds_clr 18000 39000 41000 43000 45000
03-09 22:58:12.267 16907 16907 I ThermalEngine: actions wireless_current wireless_current wireless_current wireless_current wireless_current
03-09 22:58:12.267 16907 16907 I ThermalEngine: action_info 1250 1000 800 500 100
03-09 22:58:12.267 16907 16907 I ThermalEngine: [MON-MDM-FR1-2]
03-09 22:58:12.267 16907 16907 I ThermalEngine: algo_type monitor
03-09 22:58:12.267 16907 16907 I ThermalEngine: sampling 5000
03-09 22:58:12.267 16907 16907 I ThermalEngine: sensor FRONT_MDM
03-09 22:58:12.267 16907 16907 I ThermalEngine: thresholds 46000 48000 50000 55000
03-09 22:58:12.267 16907 16907 I ThermalEngine: thresholds_clr 40000 46000 48000 50000
03-09 22:58:12.267 16907 16907 I ThermalEngine: actions modem_nr_scg_dsc modem_nr_scg_dsc+modem_lte_dsc modem_nr_scg_dsc+modem_lte_dsc modem_nr_scg_dsc
03-09 22:58:12.267 16907 16907 I ThermalEngine: action_info 7 8+9 9+10 10
03-09 22:58:12.267 16907 16907 I ThermalEngine: [MON-MDM-FR1-1]
03-09 22:58:12.267 16907 16907 I ThermalEngine: algo_type monitor
03-09 22:58:12.267 16907 16907 I ThermalEngine: sampling 5000
03-09 22:58:12.267 16907 16907 I ThermalEngine: sensor FRONT_MDM
03-09 22:58:12.267 16907 16907 I ThermalEngine: thresholds 46000 48000 50000 55000
03-09 22:58:12.267 16907 16907 I ThermalEngine: thresholds_clr 40000 46000 48000 50000
03-09 22:58:12.267 16907 16907 I ThermalEngine: actions modem_nr_dsc modem_nr_dsc modem_nr_dsc modem_nr_dsc
03-09 22:58:12.267 16907 16907 I ThermalEngine: action_info 7 8 9 10
03-09 22:58:12.267 16907 16907 I ThermalEngine: [MON-SOFTDEV]
03-09 22:58:12.267 16907 16907 I ThermalEngine: algo_type monitor
03-09 22:58:12.267 16907 16907 I ThermalEngine: sampling 2000
03-09 22:58:12.267 16907 16907 I ThermalEngine: sensor FUSE_TEMP
03-09 22:58:12.267 16907 16907 I ThermalEngine: thresholds 42000
03-09 22:58:12.267 16907 16907 I ThermalEngine: thresholds_clr 40000
03-09 22:58:12.267 16907 16907 I ThermalEngine: actions SoftDev
03-09 22:58:12.267 16907 16907 I ThermalEngine: action_info 1
03-09 22:58:12.267 16907 16907 I ThermalEngine: [MON-MSM-GPU]
03-09 22:58:12.267 16907 16907 I ThermalEngine: algo_type monitor
03-09 22:58:12.267 16907 16907 I ThermalEngine: sampling 2000
03-09 22:58:12.267 16907 16907 I ThermalEngine: sensor FUSE_TEMP
03-09 22:58:12.267 16907 16907 I ThermalEngine: thresholds 43000 46000 50000
03-09 22:58:12.267 16907 16907 I ThermalEngine: thresholds_clr 42000 43000 46000
03-09 22:58:12.267 16907 16907 I ThermalEngine: actions gpu gpu gpu
03-09 22:58:12.267 16907 16907 I ThermalEngine: action_info 443000000 285000000 230000000
03-09 22:58:12.267 16907 16907 I ThermalEngine: [MON-MSM-CPU7]
03-09 22:58:12.267 16907 16907 I ThermalEngine: algo_type monitor
03-09 22:58:12.267 16907 16907 I ThermalEngine: sampling 2000
03-09 22:58:12.267 16907 16907 I ThermalEngine: sensor FUSE_TEMP
03-09 22:58:12.267  2064  4171 E slpi    : MOT_GPIO_FLIP kernel state gpio unset
03-09 22:58:12.267 16907 16907 I ThermalEngine: thresholds 40000 42000 44000 45000 47000
03-09 22:58:12.267 16907 16907 I ThermalEngine: thresholds_clr 39000 40000 42000 44000 45000
03-09 22:58:12.267 16907 16907 I ThermalEngine: actions cpu-cluster2 cpu-cluster2 cpu-cluster2 cpu-cluster2 cpu-cluster2
03-09 22:58:12.267 16907 16907 I ThermalEngine: action_info 1977600 1766400 1401600 1286400 940800
03-09 22:58:12.267 16907 16907 I ThermalEngine: [MON-MSM-CPU4]
03-09 22:58:12.267 16907 16907 I ThermalEngine: algo_type monitor
03-09 22:58:12.267 16907 16907 I ThermalEngine: sampling 2000
03-09 22:58:12.267 16907 16907 I ThermalEngine: sensor FUSE_TEMP
03-09 22:58:12.267 16907 16907 I ThermalEngine: thresholds 40000 42000 44000 47000
03-09 22:58:12.267 16907 16907 I ThermalEngine: thresholds_clr 39000 40000 42000 45000
03-09 22:58:12.267 16907 16907 I ThermalEngine: actions cpu-cluster1 cpu-cluster1 cpu-cluster1 cpu-cluster1
03-09 22:58:12.267 16907 16907 I ThermalEngine: action_info 1804800 1651200 1555200 1382400
03-09 22:58:12.267 16907 16907 I ThermalEngine: [MON-MSM-CPU0]
03-09 22:58:12.267 16907 16907 I ThermalEngine: algo_type monitor
03-09 22:58:12.267 16907 16907 I ThermalEngine: sampling 2000
03-09 22:58:12.267 16907 16907 I ThermalEngine: sensor FUSE_TEMP
03-09 22:58:12.267 16907 16907 I ThermalEngine: thresholds 40000 42000 44000 47000
03-09 22:58:12.267 16907 16907 I ThermalEngine: thresholds_clr 39000 40000 42000 45000
03-09 22:58:12.267 16907 16907 I ThermalEngine: actions cpu-cluster0 cpu-cluster0 cpu-cluster0 hotplug_0+hotplug_1+hotplug_2+hotplug_3
03-09 22:58:12.267 16907 16907 I ThermalEngine: action_info 1363200 1228800 1094400 1+1+1+1
03-09 22:58:12.267 16907 16907 I ThermalEngine: [MON-CHG-BATT-SAFETY]
03-09 22:58:12.267 16907 16907 I ThermalEngine: algo_type monitor
03-09 22:58:12.267 16907 16907 I ThermalEngine: sampling 5000
03-09 22:58:12.267 16907 16907 I ThermalEngine: sensor BCHG_TEMP
03-09 22:58:12.267 16907 16907 I ThermalEngine: thresholds 46000 48000
03-09 22:58:12.267 16907 16907 I ThermalEngine: thresholds_clr 44000 46000
03-09 22:58:12.267 16907 16907 I ThermalEngine: actions battery battery
03-09 22:58:12.267 16907 16907 I ThermalEngine: action_info 2 1
03-09 22:58:12.267 16907 16907 I ThermalEngine: freezing
03-09 22:58:12.267 16907 16907 I ThermalEngine: [MON-CHG-BATT1]
03-09 22:58:12.267 16907 16907 I ThermalEngine: algo_type monitor
03-09 22:58:12.267 16907 16907 I ThermalEngine: sampling 5000
03-09 22:58:12.267 16907 16907 I ThermalEngine: sensor BCHG_TEMP
03-09 22:58:12.267 16907 16907 I ThermalEngine: thresholds 44000
03-09 22:58:12.267 16907 16907 I ThermalEngine: thresholds_clr 43000
03-09 22:58:12.267 16907 16907 I ThermalEngine: actions battery
03-09 22:58:12.267 16907 16907 I ThermalEngine: action_info 3
03-09 22:58:12.267 16907 16907 I ThermalEngine: override_c 1000
03-09 22:58:12.267 16907 16907 I ThermalEngine: freezing
03-09 22:58:12.267 16907 16907 I ThermalEngine: [MON-CHG-BATT0]
03-09 22:58:12.267 16907 16907 I ThermalEngine: algo_type monitor
03-09 22:58:12.267 16907 16907 I ThermalEngine: sampling 5000
03-09 22:58:12.267 16907 16907 I ThermalEngine: sensor BCHG_TEMP
03-09 22:58:12.267 16907 16907 I ThermalEngine: thresholds 40000 42000 43500
03-09 22:58:12.267 16907 16907 I ThermalEngine: thresholds_clr 39000 41000 42500
03-09 22:58:12.267 16907 16907 I ThermalEngine: actions battery battery battery
03-09 22:58:12.267 16907 16907 I ThermalEngine: action_info 6 5 4
03-09 22:58:12.267 16907 16907 I ThermalEngine: freezing
03-09 22:58:12.267 16907 16907 I ThermalEngine: [FREEZE-CHG]
03-09 22:58:12.267 16907 16907 I ThermalEngine: algo_type monitor
03-09 22:58:12.267 16907 16907 I ThermalEngine: sampling 2000
03-09 22:58:12.267 16907 16907 I ThermalEngine: sensor DETECT-WLS
03-09 22:58:12.267 16907 16907 I ThermalEngine: thresholds 1
03-09 22:58:12.267 16907 16907 I ThermalEngine: thresholds_clr 0
03-09 22:58:12.267 16907 16907 I ThermalEngine: actions freeze_rule
03-09 22:58:12.267 16907 16907 I ThermalEngine: action_info 1
03-09 22:58:12.267 16907 16907 I ThermalEngine: [OVERRIDE-CHG]
03-09 22:58:12.267 16907 16907 I ThermalEngine: algo_type monitor
03-09 22:58:12.267 16907 16907 I ThermalEngine: sampling 1000
03-09 22:58:12.267 16907 16907 I ThermalEngine: sensor DETECT-STANDBY
03-09 22:58:12.267 16907 16907 I ThermalEngine: thresholds 1
03-09 22:58:12.267 16907 16907 I ThermalEngine: thresholds_clr 0
03-09 22:58:12.267 16907 16907 I ThermalEngine: actions internal_override
03-09 22:58:12.267 16907 16907 I ThermalEngine: action_info 1
03-09 22:58:12.267 16907 16907 I ThermalEngine: [MONITOR-CAMERA]
03-09 22:58:12.267 16907 16907 I ThermalEngine: algo_type monitor
03-09 22:58:12.267 16907 16907 I ThermalEngine: sampling 2000
03-09 22:58:12.267 16907 16907 I ThermalEngine: sensor BCAM_TEMP
03-09 22:58:12.267 16907 16907 I ThermalEngine: thresholds 42000 44000 48000
03-09 22:58:12.267 16907 16907 I ThermalEngine: thresholds_clr 40000 42000 44000
03-09 22:58:12.267 16907 16907 I ThermalEngine: actions camera camera camera
03-09 22:58:12.267 16907 16907 I ThermalEngine: action_info 1 2 3
03-09 22:58:12.267 16907 16907 I ThermalEngine: [REPORT-BACK]
03-09 22:58:12.267 16907 16907 I ThermalEngine: algo_type monitor
03-09 22:58:12.267 16907 16907 I ThermalEngine: sampling 300000
03-09 22:58:12.267 16907 16907 I ThermalEngine: sensor BACK_TEMP
03-09 22:58:12.267 16907 16907 I ThermalEngine: thresholds 42000
03-09 22:58:12.267 16907 16907 I ThermalEngine: thresholds_clr 40000
03-09 22:58:12.267 16907 16907 I ThermalEngine: actions report
03-09 22:58:12.267 16907 16907 I ThermalEngine: action_info 1
03-09 22:58:12.267 16907 16907 I ThermalEngine: [REPORT-FRONT]
03-09 22:58:12.267 16907 16907 I ThermalEngine: algo_type monitor
03-09 22:58:12.267 16907 16907 I ThermalEngine: sampling 300000
03-09 22:58:12.267 16907 16907 I ThermalEngine: sensor FRONT_TEMP
03-09 22:58:12.267 16907 16907 I ThermalEngine: thresholds 42000
03-09 22:58:12.267 16907 16907 I ThermalEngine: thresholds_clr 40000
03-09 22:58:12.267 16907 16907 I ThermalEngine: actions report
03-09 22:58:12.267 16907 16907 I ThermalEngine: action_info 1
03-09 22:58:12.267 16907 16907 I ThermalEngine: [MM-TJ-MONITOR-SHUTDOWN]
03-09 22:58:12.267 16907 16907 I ThermalEngine: #algo_type monitor
03-09 22:58:12.267 16907 16907 I ThermalEngine: sampling 10
03-09 22:58:12.267 16907 16907 I ThermalEngine: sensor VIRTUAL-MM-TJ-SHUTDOWN
03-09 22:58:12.267 16907 16907 I ThermalEngine: thresholds 115000
03-09 22:58:12.267 16907 16907 I ThermalEngine: thresholds_clr 114999
03-09 22:58:12.267 16907 16907 I ThermalEngine: actions shutdown
03-09 22:58:12.267 16907 16907 I ThermalEngine: action_info 0
03-09 22:58:12.267 16907 16907 I ThermalEngine: [MDM-TJ-MONITOR-SHUTDOWN]
03-09 22:58:12.267 16907 16907 I ThermalEngine: #algo_type monitor
03-09 22:58:12.267 16907 16907 I ThermalEngine: sampling 10
03-09 22:58:12.267 16907 16907 I ThermalEngine: sensor VIRTUAL-MDM-TJ-SHUTDOWN
03-09 22:58:12.267 16907 16907 I ThermalEngine: thresholds_clr 114999
03-09 22:58:12.267 16907 16907 I ThermalEngine: actions shutdown
03-09 22:58:12.267  7545  7545 I FileStationLog: [ FS_h ] - [Logic] Retrieved display info: LogicDisplayInfo(width=1080, height=2640, orientation=1, rotation=0, displayId=0)
03-09 22:58:12.268  7545  7545 I FileStationLog: [ FS_h$a ] - [Display] New logical size: 1080x2640
03-09 22:58:12.268  7545  7545 I FileStationLog: [ FS_h$a ] - [Display] Screen width unchanged: 1080
03-09 22:58:12.268  2064  2064 I sensors-hal: batch:206, com.motorola.sensor.glance/65658, period=1000000, max_latency=0
03-09 22:58:12.268  2064  2064 I sensors-hal: set_config:57, sample_period_ns is adjusted to 0 based on min/max delay_ns
03-09 22:58:12.268  2064  2064 I sensors-hal: batch:215, com.motorola.sensor.glance/65658, period=1000000, max_latency=0 request completed
03-09 22:58:12.268  5625  5962 D KeyguardViewMediator: updateActivityLockScreenState(false, true)
03-09 22:58:12.269  2064  2064 I sensors-hal: activate:173, com.motorola.sensor.glance/65658 en=1
03-09 22:58:12.269  2064  2064 I sensors-hal: activate:154, activate glance 65548
03-09 22:58:12.269  2064  2064 I sensors-hal: get_qmi_debug_flag:239, support_qmi_debug : false
03-09 22:58:12.270  2061  2108 E minksocket: MinkIPC_QRTR_Service: client with node 1 port 5b99 went down
03-09 22:58:12.270  2061  2108 E minksocket: MinkIPC_QRTR_Service: client with node 1 port 5b9a went down
03-09 22:58:12.271  3163  3352 D PowerManagerService: handleSandman ignore 0
03-09 22:58:12.271  2064  2064 E Diag_Lib: diag: Diag_LSM_Init: invoked for pid: 2064 with init_count: 0
03-09 22:58:12.271  2064  2064 E Diag_Lib: diag:failed to connect to diag socket
03-09 22:58:12.272  2064  2064 E Diag_Lib:  Diag_LSM_Init: Failed to open handle to diag driver, error = 13
03-09 22:58:12.272  2064  2064 I sensors-hal: create_sensor_config_request:143, sending MOT_GLANCE_MSGID_MOT_GLANCE_CONFIG, 0x17
03-09 22:58:12.272  2064  2064 I sensors-hal: send_sync_sensor_request:341, send sync request
03-09 22:58:12.272  2061  2108 E minksocket: MinkIPC_QRTR_Service: client with node 1 port 5b9b went down
03-09 22:58:12.272  2061  2108 E minksocket: MinkIPC_QRTR_Service: client with node 1 port 5b9c went down
03-09 22:58:12.272  2064  2064 I sensors-hal: send_sync_sensor_request:367, wait for notification of response
03-09 22:58:12.275  2064 17092 I sensors-hal: ssc_conn_resp_cb:632, resp_value = 0
03-09 22:58:12.275  2064  2064 I sensors-hal: send_sync_sensor_request:373, takes 3 ms to receive the response with 0
03-09 22:58:12.275  2064  2064 I sensors-hal: activate:184, com.motorola.sensor.glance/65658 en=1 completed
03-09 22:58:12.277  3163  3352 D PowerManagerService: handleSandman ignore 0
03-09 22:58:12.283  3163  6380 I DreamManagerService: startDozing by com.android.systemui callingUid=10394 callingPid=5625
03-09 22:58:12.283  3163  6380 D DreamManagerService: Dream requested to start dozing: android.os.Binder@17243e4, screenState=1, screenBrightness=-1, reason=UNKNOWN
03-09 22:58:12.284  3163  6380 D PowerManagerService: nativeSetAutoSuspend enable:false duration ms: 1
03-09 22:58:12.284  3163  6380 D PowerManagerService: nativeAcquireSuspendBlocker name:PowerManagerService.Display duration ms: 0
03-09 22:58:12.284  3163  3352 D PowerManagerService: handleSandman ignore 0
03-09 22:58:12.285  3163  3352 I DisplayPowerController2[1]: 03-09 22:58:12.285 - BrightnessEvent: disp=1, physDisp=local:4630947043778501763, displayState=OFF, displayPolicy=DOZE, brt=0.0, initBrt=0.0, rcmdBrt=NaN, preBrt=NaN, lux=0.0, preLux=0.0, brtNits=3.3701954, hdrNits=NaN, initNits=3.3701954, preNits=NaN, rcmdNits=NaN, hdrBrightness=NaN, brt(%)=0%, brtInt=1, hbmPolicy=normal, hbmMax=0.7660316, hbmMode=off, rbcStrength=-1, thrmMax=1.0, powerFactor=1.0, wasShortTermModelActive=false, flags=, reason=screen_off, autoBrightness=true, strategy=ScreenOffBrightnessStrategy, autoBrightnessMode=default
03-09 22:58:12.285  3163  3163 I WindowManager: Finished going to sleep... (groupId=0 why=OFF_BECAUSE_OF_USER) notifySleepToKeyguard=true lidState=0 pmSleepReason=lid_switch
03-09 22:58:12.286  2064  2064 I sensors-hal: activate:173, android.sensor.device_orientation/271 en=0
03-09 22:58:12.286  3163  3352 D PowerManagerService: nativeAcquireSuspendBlocker name:PowerManagerService.Broadcasts duration ms: 1
03-09 22:58:12.286  3163  3352 D PowerManagerService: nativeSetAutoSuspend enable:true duration ms: 0
03-09 22:58:12.286  3163  3352 D PowerManagerService: nativeReleaseSuspendBlocker name:PowerManagerService.Display duration ms: 0
03-09 22:58:12.286  3163  3352 D PowerManagerService: handleSandman ignore 0
03-09 22:58:12.286  2061  2108 E minksocket: MinkIPC_QRTR_Service: client with node 1 port 5b3a went down
03-09 22:58:12.287  2064  2064 I sensors-hal: activate:184, android.sensor.device_orientation/271 en=0 completed
03-09 22:58:12.288  5625  5956 D CounterUpPreferencesStatusValue: startTracking: previous = 202 current = 203 tag = Count of how many cli AD is triggered
03-09 22:58:12.288  3163  6380 I DreamController: mDreamingStartedCallback sendResult
03-09 22:58:12.289  3163  3352 D PowerManagerService: handleSandman ignore 0
03-09 22:58:12.289  5625  6609 D KeyguardViewMediator: USER_LOCKED intent sent
03-09 22:58:12.289  5625  5625 D SCliNotificationListener: onNotificationListUpdate: [com.android.systemui.statusbar.notification.collection.GroupEntry@119dc0d]
03-09 22:58:12.289  5625  6286 D SCliNotifPanelController: onNotificationEntryRemove: -1|com.android.systemui|1201|fully_charged_and_plugged|10394
03-09 22:58:12.289  5625  6286 D SCliNotifPanelController: onNotificationGroupRemove: com.android.systemui_u-1
03-09 22:58:12.289  5625  6286 D SCliNotifPanelController: onNotificationEntryRemove: 0|com.google.android.googlequicksearchbox|0|-1929155362::a:snotification:[0x394,wx.f,NOTIFICATION]|10292
03-09 22:58:12.289  5625  6286 D SCliNotifPanelController: onNotificationGroupRemove: com.google.android.googlequicksearchbox_u0
03-09 22:58:12.292  6942  6942 D NfcService: MSG_APPLY_SCREEN_STATE 1
03-09 22:58:12.294  6942  6942 D libnfc_nci: nfcManager_doSetScreenState: state = 1 prevScreenState= 8, discovry_param = 1
03-09 22:58:12.294  3163  3352 D PowerManagerService: handleSandman ignore 0
03-09 22:58:12.295  3163  8301 E WindowManager: Dream packageName does not match active dream. Package com.motorola.mobiledesktop.core does not match ComponentInfo{com.android.systemui/com.android.systemui.doze.DozeService}
03-09 22:58:12.295  2582  8068 D NxpTml  : PN54X - Write requested.....
03-09 22:58:12.295  2582  8068 D NxpTml  : PN54X - Invoking I2C Write.....
03-09 22:58:12.297  2582  8068 D NxpTml  : Write errno : 6b
03-09 22:58:12.297  2582  8068 D NxpTml  : PN54X - Error in I2C Write.....
03-09 22:58:12.297  2582  8068 D NxpTml  : PN54X - Posting Fresh Write message.....
03-09 22:58:12.297  2582  8068 D NxpTml  : PN54X - Tml Writer Thread Running................
03-09 22:58:12.297  2582  8070 D NxpHal  : write error status = 0x1ff
03-09 22:58:12.297  2582  2582 D NxpHal  : write_unlocked failed - PN54X Maybe in Standby Mode - Retry
03-09 22:58:12.299  5625  5625 W libc    : Access denied finding property "vendor.display.enable_optimal_refresh_rate"
03-09 22:58:12.299  5625  5625 W libc    : Access denied finding property "vendor.gpp.create_frc_extension"
03-09 22:58:12.299  2064  2064 I sensors-hal: batch:206, android.sensor.accelerometer/11, period=20000000, max_latency=200000000
03-09 22:58:12.299  2064  2064 I sensors-hal: set_config:57, sample_period_ns is adjusted to 20000000 based on min/max delay_ns
03-09 22:58:12.299  2064  2064 I sensors-hal: batch:215, android.sensor.accelerometer/11, period=20000000, max_latency=200000000 request completed
03-09 22:58:12.300  3163  3163 I PowerManagerService: onFlip(): Face up.
03-09 22:58:12.307  2582  8068 D NxpTml  : PN54X - Write requested.....
03-09 22:58:12.307  2582  8068 D NxpTml  : PN54X - Invoking I2C Write.....
03-09 22:58:12.307  5689  5689 E DPMJ    : |SERVICE| sendScreenState state  falseand int value 0
03-09 22:58:12.307  5625  5625 W View    : requestLayout() improperly called by com.android.keyguard.CarrierText{fc2afe4 V.ED..... ..S...ID 42,0-495,108 #7f0a04a7 app:id/keyguard_carrier_text} during layout: running second layout pass
03-09 22:58:12.307  5625  5625 W View    : requestLayout() improperly called by com.android.systemui.util.AutoMarqueeTextView{fcb050b VFED..C.. ..S...ID 205,0-571,126 #7f0a0686 app:id/no_carrier_text} during layout: running second layout pass
03-09 22:58:12.308  2582  8068 I NxpNciX : len =   7 > 20020401020100
03-09 22:58:12.308  2582  8068 D NxpTml  : PN54X - I2C Write successful.....
03-09 22:58:12.308  2582  8068 D NxpTml  : PN54X - Posting Fresh Write message.....
03-09 22:58:12.308  2582  8068 D NxpTml  : PN54X - Tml Writer Thread Running................
03-09 22:58:12.308  2582  8070 D NxpHal  : write successful status = 0x0
03-09 22:58:12.308  6978  6978 I Smart5G : [Smart5GService] receive action: android.intent.action.SCREEN_OFF
03-09 22:58:12.309  2582  8059 D NxpTml  : PN54X - I2C Read successful.....
03-09 22:58:12.309  2582  8059 I NxpNciR : len =   5 > 4002020000
03-09 22:58:12.309  2582  8059 D NxpTml  : PN54X - Posting read message.....
03-09 22:58:12.309  2582  8070 D NxpHal  : read successful status = 0x0
03-09 22:58:12.309  2582  8070 D NxpHal  : phNxpNciHal_print_res_status: response status =STATUS_OK
03-09 22:58:12.309  2582  8059 D NxpTml  : PN54X - Read requested.....
03-09 22:58:12.309  2582  8059 D NxpTml  : PN54X - Invoking I2C Read.....
03-09 22:58:12.309  6942  8007 D libnfc_nci: nfaDeviceManagementCallback: enter; event=0x2
03-09 22:58:12.309  6942  8007 D libnfc_nci: nfaDeviceManagementCallback: NFA_DM_SET_CONFIG_EVT
03-09 22:58:12.310  2582  8068 D NxpTml  : PN54X - Write requested.....
03-09 22:58:12.310  2582  8068 D NxpTml  : PN54X - Invoking I2C Write.....
03-09 22:58:12.310  2582  8068 I NxpNciX : len =   4 > 20090101
03-09 22:58:12.310  2582  8068 D NxpTml  : PN54X - I2C Write successful.....
03-09 22:58:12.310  2582  8068 D NxpTml  : PN54X - Posting Fresh Write message.....
03-09 22:58:12.310  2582  8068 D NxpTml  : PN54X - Tml Writer Thread Running................
03-09 22:58:12.310  2582  8070 D NxpHal  : write successful status = 0x0
03-09 22:58:12.311  2582  8059 D NxpTml  : PN54X - I2C Read successful.....
03-09 22:58:12.311  2582  8059 I NxpNciR : len =   4 > 40090100
03-09 22:58:12.311  2582  8059 D NxpTml  : PN54X - Posting read message.....
03-09 22:58:12.311  2582  8070 D NxpHal  : read successful status = 0x0
03-09 22:58:12.312  2582  8059 D NxpTml  : PN54X - Read requested.....
03-09 22:58:12.312  2582  8059 D NxpTml  : PN54X - Invoking I2C Read.....
03-09 22:58:12.312  6942  8007 D libnfc_nci: nfaDeviceManagementCallback: enter; event=0xB
03-09 22:58:12.312  6942  8007 D libnfc_nci: nfaDeviceManagementCallback: NFA_DM_SET_POWER_SUB_STATE_EVT; status=0x0
03-09 22:58:12.313  3163  3352 D PowerManagerService: handleSandman ignore 0
03-09 22:58:12.315  3163  5215 I MR2ServiceImpl: Updating composite discovery preference | preference: RouteDiscoveryRequest{ preferredFeatures={}, activeScan=false }, active routers: []
03-09 22:58:12.315  3163  3163 D MotoFaceProvider: Receive screen off intent
03-09 22:58:12.320  2300  2300 D SurfaceFlinger: setDesiredDisplayModeSpecs[{0, false, PR={p[24.00-120.00]Hz, r[24.00-60.00]Hz}, AR={p[0.00-120.00]Hz, r[0.00-60.00]Hz}}]: by process 3163 uid 1000 for display 4630947043778501762
03-09 22:58:12.321  5625  5941 E FromGoneTransitionInteractor: Ignoring startTransition: This interactor asked to transition from GONE -> LOCKSCREEN, but we last transitioned to DOZING, not GONE. This should never happen - check currentTransitionInfoInternal or use filterRelevantKeyguardState before starting transitions.
03-09 22:58:12.321  5625  5941 E FromGoneTransitionInteractor: This transition would not have been ignored prior to ag/26681239, since we are FINISHED in GONE (but have since started another transition). If ignoring this transition has caused a regression, fix it by ensuring that transitions are exclusively started from the most recently started state.
03-09 22:58:12.321  3163  3231 D CLI/Keyguard: [onKeyguardLockedStateChanged] isKeyguardLocked=true
03-09 22:58:12.322  3163  3163 D TrustManagerService: refreshDeviceLockedForUser(userId=0, unlockedUser=-10000), secure=false, showingKeyguard=true, trusted=false, biometricAuthenticated=false, currentUserIsUnlocked=false, deviceLocked=false
03-09 22:58:12.322  6942  6942 D NfcService: MSG_APPLY_SCREEN_STATE 2
03-09 22:58:12.323  5625  5625 V PowerManager: wakeUp time=28382311 reason=WAKE_REASON_GESTURE details=com.android.systemui:SWIPE_UP_ON_AD by (com.android.systemui) callers=com.android.systemui.power.data.repository.PowerRepositoryImpl.wakeUp:26 com.android.systemui.power.domain.interactor.PowerInteractor.wakeUpIfDozing:51 com.android.systemui.statusbar.phone.StatusBarKeyguardViewManager.onPanelExpansionChanged$1:144 
03-09 22:58:12.323  5625  5962 D KeyguardViewMediator: updateActivityLockScreenState(true, true)
03-09 22:58:12.323  6942  6942 D libnfc_nci: nfcManager_doSetScreenState: state = 2 prevScreenState= 1, discovry_param = 1
03-09 22:58:12.324  2582  8068 D NxpTml  : PN54X - Write requested.....
03-09 22:58:12.324  2582  8068 D NxpTml  : PN54X - Invoking I2C Write.....
03-09 22:58:12.324  3163  3352 D PowerManagerService: handleSandman ignore 0
03-09 22:58:12.324  2582  8068 I NxpNciX : len =   4 > 20090103
03-09 22:58:12.324  2582  8068 D NxpTml  : PN54X - I2C Write successful.....
03-09 22:58:12.324  2582  8068 D NxpTml  : PN54X - Posting Fresh Write message.....
03-09 22:58:12.324  2582  8068 D NxpTml  : PN54X - Tml Writer Thread Running................
03-09 22:58:12.324  2582  8070 D NxpHal  : write successful status = 0x0
03-09 22:58:12.324  3163  3231 D PanelsService: onKeyguardStateChanged.. isShowing=true
03-09 22:58:12.324  3163  3231 D TouchHwAidlService: onKeyguardStateChanged.. isShowing=true
03-09 22:58:12.324  3163  7024 I PowerGroup: Waking up power group from Dozing (groupId=1, uid=10394, reason=WAKE_REASON_GESTURE, details=com.android.systemui:SWIPE_UP_ON_AD)...
03-09 22:58:12.325  3163  7024 I PowerManagerService: Waking up from Dozing (uid=10394, reason=WAKE_REASON_GESTURE, details=com.android.systemui:SWIPE_UP_ON_AD)...
03-09 22:58:12.325  3163  3231 W ServiceManagerCppClient: Failed to get isDeclared for com.motorola.hardware.display.panel.IDisplayPanel/default: Status(-1, EX_SECURITY): 'SELinux denied.'
03-09 22:58:12.325  3163  3231 D DisplayPanelService: Setting panel dc mode: 0
03-09 22:58:12.325  3163  3163 I WindowManager: Started waking up... (groupId=1 why=ON_BECAUSE_OF_USER) pmWakeReason=WAKE_REASON_GESTURE
03-09 22:58:12.325  2090  2090 I DisplayPanel: setDcMode: DC mode = OFF
03-09 22:58:12.325  2090  2090 D DisplayPanel: setParam: Success set DC to 0 for Primary display
03-09 22:58:12.325  2582  8059 D NxpTml  : PN54X - I2C Read successful.....
03-09 22:58:12.325  2582  8059 I NxpNciR : len =   4 > 40090100
03-09 22:58:12.325  2582  8059 D NxpTml  : PN54X - Posting read message.....
03-09 22:58:12.325  2582  8070 D NxpHal  : read successful status = 0x0
03-09 22:58:12.326  3163  3352 I WindowManager: Display 1 turning on...
03-09 22:58:12.326  6942  8007 D libnfc_nci: nfaDeviceManagementCallback: enter; event=0xB
03-09 22:58:12.326  6942  8007 D libnfc_nci: nfaDeviceManagementCallback: NFA_DM_SET_POWER_SUB_STATE_EVT; status=0x0
03-09 22:58:12.326  2582  8059 D NxpTml  : PN54X - Read requested.....
03-09 22:58:12.326  2582  8059 D NxpTml  : PN54X - Invoking I2C Read.....
03-09 22:58:12.327  3163  7024 D PowerManagerService: nativeSetAutoSuspend enable:false duration ms: 1
03-09 22:58:12.327  3163  3163 I WindowManager: awakenDreams callers=com.android.server.policy.PhoneWindowManager.startedWakingUp:7593 com.android.server.power.Notifier.lambda$handleEarlyInteractiveChange$0:603 com.android.server.power.Notifier.$r8$lambda$JPimfzsYkXWexBDnIhDxNZnALw4:0 com.android.server.power.Notifier$$ExternalSyntheticLambda8.run:0 android.os.Handler.handleCallback:1001 
03-09 22:58:12.327  2582  8068 D NxpTml  : PN54X - Write requested.....
03-09 22:58:12.327  2582  8068 D NxpTml  : PN54X - Invoking I2C Write.....
03-09 22:58:12.327  3163  3229 W WindowManager: All windows drawn on display 1
03-09 22:58:12.327  3163  7024 D PowerManagerService: nativeAcquireSuspendBlocker name:PowerManagerService.Display duration ms: 1
03-09 22:58:12.327  3163  3352 I DisplayBrightnessStrategySelector: Changing the DisplayBrightnessStrategy from ScreenOffBrightnessStrategy to InvalidBrightnessStrategy for display 1
03-09 22:58:12.327  2582  8068 I NxpNciX : len =   7 > 20020401020100
03-09 22:58:12.327  2582  8068 D NxpTml  : PN54X - I2C Write successful.....
03-09 22:58:12.327  2582  8068 D NxpTml  : PN54X - Posting Fresh Write message.....
03-09 22:58:12.327  2582  8068 D NxpTml  : PN54X - Tml Writer Thread Running................
03-09 22:58:12.328  3163  7024 D PowerManagerService: nativeSetPowerMode ret:true mode:7 enabled:true duration ms: 0
03-09 22:58:12.328  2582  8070 D NxpHal  : write successful status = 0x0
03-09 22:58:12.328  2078  2078 I QTI PowerHAL: Power setMode: 7 to: 1
03-09 22:58:12.328  2582  8059 D NxpTml  : PN54X - I2C Read successful.....
03-09 22:58:12.328  2582  8059 I NxpNciR : len =   5 > 4002020000
03-09 22:58:12.328  2582  8059 D NxpTml  : PN54X - Posting read message.....
03-09 22:58:12.328  2582  8070 D NxpHal  : read successful status = 0x0
03-09 22:58:12.328  2582  8070 D NxpHal  : phNxpNciHal_print_res_status: response status =STATUS_OK
03-09 22:58:12.329  2078  2078 I QTI PowerHAL: Got set_interactive hint
03-09 22:58:12.329  2078  2078 I QTI PowerHAL: Got set_interactive hint on= 1, count= 381
03-09 22:58:12.329  3163  3352 E SensorManager: sensor or listener is null
03-09 22:58:12.329  2582  8059 D NxpTml  : PN54X - Read requested.....
03-09 22:58:12.329  2582  8059 D NxpTml  : PN54X - Invoking I2C Read.....
03-09 22:58:12.329  6942  8007 D libnfc_nci: nfaDeviceManagementCallback: enter; event=0x2
03-09 22:58:12.329  6942  8007 D libnfc_nci: nfaDeviceManagementCallback: NFA_DM_SET_CONFIG_EVT
03-09 22:58:12.331  2064  2064 I sensors-hal: batch:206, com.motorola.sensor.alternate_light/65959, period=250000000, max_latency=0
03-09 22:58:12.331  2064  2064 I sensors-hal: set_config:61, no need to adjust sample_period_ns due to reporting_mode = 2
03-09 22:58:12.331  2064  2064 I sensors-hal: batch:215, com.motorola.sensor.alternate_light/65959, period=250000000, max_latency=0 request completed
03-09 22:58:12.331  2064  2064 I sensors-hal: activate:173, com.motorola.sensor.alternate_light/65959 en=1
03-09 22:58:12.332  3163  3163 I DreamManagerService: awaken by com.android.dynsystem callingUid=1000 callingPid=3163
03-09 22:58:12.332  3163  3163 V PowerManager: userActivity when=28382320 event=0 flags=0 displayId=0 by (android) callers=android.os.PowerManager.userActivity:1487 com.android.server.dreams.DreamManagerService.requestAwakenInternal:496 com.android.server.dreams.DreamManagerService.-$$Nest$mrequestAwakenInternal:0 
03-09 22:58:12.332  2064  2064 I sensors-hal: get_qmi_debug_flag:239, support_qmi_debug : false
03-09 22:58:12.332  3163  3163 W BoostOptController: not supported hint: 118
03-09 22:58:12.332  3163  3163 I DreamManagerService: Gently waking up from dream.
03-09 22:58:12.332  3163  3163 I DreamManagerService: stopDreamLocked. callers=com.android.server.dreams.DreamManagerService.stopDreamInternal:542 com.android.server.dreams.DreamManagerService.requestAwakenInternal:497 com.android.server.dreams.DreamManagerService.-$$Nest$mrequestAwakenInternal:0 com.android.server.dreams.DreamManagerService$BinderService.awaken:1072 com.android.server.policy.PhoneWindowManager.awakenDreams:4323 
03-09 22:58:12.333  3163  3231 D PanelsService: onAwakeStateChanged.. isAwake=true
03-09 22:58:12.333  3163  3231 D TouchHwAidlService: onAwakeStateChanged.. isAwake=true
03-09 22:58:12.333  3163  3231 D TouchHwAidlService: Unregister stow sensor
03-09 22:58:12.336  2061  2108 E minksocket: MinkIPC_QRTR_Service: client with node 1 port 5b9e went down
03-09 22:58:12.336  5625  5625 D KeyguardViewMediator: KeyguardViewMediator queue processing message: SHOW
03-09 22:58:12.336  3163  8301 W UserManagerService: Requested status bar icon for non-badged user 0
03-09 22:58:12.336  5993  7698 I ActivityScheduler: nextTriggerTime: 41581486, in 133246ms, detectorType: 39, FULL_TYPE alarmWindowMillis: 22500
03-09 22:58:12.336  5625  5962 V PowerManager: userActivity when=28382324 event=0 flags=0 displayId=1 by (com.android.systemui) callers=com.android.systemui.keyguard.KeyguardViewMediator$$ExternalSyntheticLambda0.run:63 java.util.concurrent.ThreadPoolExecutor.runWorker:1145 java.util.concurrent.ThreadPoolExecutor$Worker.run:644 
03-09 22:58:12.336  3163  8251 W BoostOptController: not supported hint: 118
03-09 22:58:12.337  5993  8761 I NearbyDiscovery: (REDACTED) FastPairHandler: Received action %s
03-09 22:58:12.337  5993  8761 I NearbyDiscovery: (REDACTED) PureOffloadFastPairScanner: eventType=%s, isInternalReq=%s, isScanning=%s, isScanningAllowed=%s
03-09 22:58:12.337  5993  7698 I ActivityScheduler: nextTriggerTime: 41581486, in 133244ms, detectorType: 39, FULL_TYPE alarmWindowMillis: 22500
03-09 22:58:12.338  3163  8301 I DreamManagerService: startDozing by com.android.systemui callingUid=10394 callingPid=5625
03-09 22:58:12.338  3163  8301 D DreamManagerService: Dream requested to start dozing: android.os.Binder@17243e4, screenState=2, screenBrightness=-1, reason=DREAM_MANAGER_LID_SWITCH
03-09 22:58:12.338  5625  5625 D KeyguardViewMediator: KeyguardViewMediator queue processing message: NOTIFY_FINISHED_GOING_TO_SLEEP
03-09 22:58:12.338  5993  8761 I NearbyDiscovery: (REDACTED) ApFastPairScanner: isScreenOn=%s, isLocationEnabled=%s, disableLocationRequirement=%s, isDiscoveryScanningEnabled=%s, during24GhzWifiWarmingUpPeriod=%s
03-09 22:58:12.339  2061  2108 E minksocket: MinkIPC_QRTR_Service: client with node 1 port 5b9f went down
03-09 22:58:12.339  5993  8761 D BluetoothAdapter: isLeEnabled(): ON
03-09 22:58:12.339  5993  8761 I NearbyDiscovery: (REDACTED) ApFastPairScanner: eventType=%s, intReq=%s, scanning=%s, scanAllowed=%s, bleEnabled=%s, lockScanRate=%s, startScanningByLowPowerMode=%s
03-09 22:58:12.340  5993  8761 I NearbyDiscovery: ApFastPairScanner: Skipping stop, already stopped scanning [CONTEXT service_id=265 ]
03-09 22:58:12.340  5993  8761 I NearbyDiscovery: FastPairController: onSystemStateChanged: skip due to flag disabled [CONTEXT service_id=265 ]
03-09 22:58:12.341  3163  7024 D CoreBackPreview: Window{e1d6d9e u0 NotificationShade}: Setting back callback OnBackInvokedCallbackInfo{mCallback=android.window.IOnBackInvokedCallback$Stub$Proxy@760e449, mPriority=0, mIsAnimationCallback=false}
03-09 22:58:12.343 16907 17087 E ThermalEngine: First running, skip
03-09 22:58:12.343 16907 17087 I ThermalEngine: Monitor:ACTIVE:OVERRIDE-CHG:internal_override=1:DETECT-STANDBY=1
03-09 22:58:12.344  2064  2064 E Diag_Lib: diag: Diag_LSM_Init: invoked for pid: 2064 with init_count: 0
03-09 22:58:12.344  2061  2108 E minksocket: MinkIPC_QRTR_Service: client with node 1 port 5ba0 went down
03-09 22:58:12.344 16907 17087 I ThermalEngine: ACTION: override_c - Setting override_c to 1
03-09 22:58:12.344  2061  2108 E minksocket: MinkIPC_QRTR_Service: client with node 1 port 5ba1 went down
03-09 22:58:12.344  2064  2064 E Diag_Lib: diag:failed to connect to diag socket
03-09 22:58:12.344  2064  2064 E Diag_Lib:  Diag_LSM_Init: Failed to open handle to diag driver, error = 13
03-09 22:58:12.344  2064  2064 I sensors-hal: send_sensor_config_request:463, dt=ambient_light_1: convert sample_period=250000000 to batch_period=250000
03-09 22:58:12.344  2064  2064 I sensors-hal: send_sync_sensor_request:341, send sync request
03-09 22:58:12.344 16907 17086 I ThermalEngine: Thermal-Server: Thermal received msg from  override_c
03-09 22:58:12.344  2064  2064 I sensors-hal: send_sync_sensor_request:367, wait for notification of response
03-09 22:58:12.344 16907 17099 I Thermal-Lib: Thermal-Lib-Client: Client request sent
03-09 22:58:12.346  2064 17097 I sensors-hal: ssc_conn_resp_cb:632, resp_value = 0
03-09 22:58:12.346  2064  2064 I sensors-hal: send_sync_sensor_request:373, takes 2 ms to receive the response with 0
03-09 22:58:12.346  2064  2064 I sensors-hal: activate:184, com.motorola.sensor.alternate_light/65959 en=1 completed
03-09 22:58:12.347 11449 11449 I OverviewComponentObserver: updateOverviewTargets: mIsHomeDisabled=true, isDefaultHomeNull=false, mIsDefaultHome=true
03-09 22:58:12.347  5625  5625 D SCliNotificationListener: onNotificationListUpdate: [com.android.systemui.statusbar.notification.collection.GroupEntry@119dc0d]
03-09 22:58:12.348  5493  6013 W HWUI    : Surface doesn't have any previously queued frames, nothing to readback from
03-09 22:58:12.348  2064  2064 I sensors-hal: batch:206, android.sensor.device_orientation/271, period=66667000, max_latency=0
03-09 22:58:12.348  2064  2064 I sensors-hal: set_config:61, no need to adjust sample_period_ns due to reporting_mode = 2
03-09 22:58:12.348  2064  2064 I sensors-hal: batch:215, android.sensor.device_orientation/271, period=66667000, max_latency=0 request completed
03-09 22:58:12.348 10834  4832 I DeviceStatusMonitor: DeviceStatusMonitor.handleBroadcast():138 onReceive() : Action = android.intent.action.SCREEN_OFF
03-09 22:58:12.348  2064  2064 I sensors-hal: activate:173, android.sensor.device_orientation/271 en=1
03-09 22:58:12.349 10834  4832 I DeviceStatusMonitor: DeviceStatusMonitor.updateCountryInfo():154 updateCountryInfo(), notifyAnyway = false
03-09 22:58:12.349  2064  2064 I sensors-hal: get_qmi_debug_flag:239, support_qmi_debug : false
03-09 22:58:12.349  3163  3352 V DisplayPowerController2[1]: Brightness [0.112442866] reason changing to: 'manual', previous reason: 'screen_off'.
03-09 22:58:12.350  3163  3352 I DisplayPowerController2[1]: 03-09 22:58:12.349 - BrightnessEvent: disp=1, physDisp=local:4630947043778501763, displayState=ON, displayPolicy=BRIGHT, brt=0.112442866, initBrt=0.0, rcmdBrt=NaN, preBrt=NaN, lux=NaN, preLux=NaN, brtNits=19.347271, hdrNits=NaN, initNits=3.3701954, preNits=NaN, rcmdNits=NaN, hdrBrightness=NaN, brt(%)=15%, brtInt=30, hbmPolicy=normal, hbmMax=0.7660316, hbmMode=off, rbcStrength=-1, thrmMax=1.0, powerFactor=1.0, wasShortTermModelActive=false, flags=invalid_lux , reason=manual, autoBrightness=true, strategy=InvalidBrightnessStrategy, autoBrightnessMode=default
03-09 22:58:12.350  2300  2300 I BpBinder: onLastStrongRef automatically unlinking death recipients: 
03-09 22:58:12.350  2723  5773 E VendorTagDescriptor: lookupTag: Tag name 'support_get_property_2_0' does not exist.
03-09 22:58:12.351  3163  5308 D PowerManagerService: nativeSetPowerMode ret:false mode:9 enabled:false duration ms: 0
03-09 22:58:12.351  3163  5308 D TouchHwAidlService: setCliDisplayState: mCliScreenOff=false
03-09 22:58:12.351  3163  5308 D LocalDisplayAdapter: setDisplayPowerMode mode=2 for display=android.os.BinderProxy@433f576
03-09 22:58:12.351  2061  2108 E minksocket: MinkIPC_QRTR_Service: client with node 1 port 5ba3 went down
03-09 22:58:12.351  2061  2108 E minksocket: MinkIPC_QRTR_Service: client with node 1 port 5ba4 went down
03-09 22:58:12.351 10834 10834 I Module  : DeviceLockedStatusModuleProvider$Module.updateDeviceLockedStatus():103 repeatCheckTimes = 0, locked = false
03-09 22:58:12.352 10834 10834 I InputBundle: InputBundle.consumeEvent():1029 Skip consuming an event as imeStatus is INACTIVE
03-09 22:58:12.352  2061  2108 E minksocket: MinkIPC_QRTR_Service: client with node 1 port 5ba5 went down
03-09 22:58:12.352  2064  2064 E Diag_Lib: diag: Diag_LSM_Init: invoked for pid: 2064 with init_count: 0
03-09 22:58:12.352  2061  2108 E minksocket: MinkIPC_QRTR_Service: client with node 1 port 5ba6 went down
03-09 22:58:12.352  2064  2064 E Diag_Lib: diag:failed to connect to diag socket
03-09 22:58:12.353  2064  2064 E Diag_Lib:  Diag_LSM_Init: Failed to open handle to diag driver, error = 13
03-09 22:58:12.353  2064  2064 I sensors-hal: send_sensor_config_request:463, dt=mot_disprot: convert sample_period=66667000 to batch_period=66667
03-09 22:58:12.353  2064  2064 I sensors-hal: send_sync_sensor_request:341, send sync request
03-09 22:58:12.353  2064  2064 I sensors-hal: send_sync_sensor_request:367, wait for notification of response
03-09 22:58:12.355  2064 17101 I sensors-hal: ssc_conn_resp_cb:632, resp_value = 0
03-09 22:58:12.355  2300  2300 D SurfaceFlinger: Setting power mode 2 on display 4630947043778501763
03-09 22:58:12.355  2064  2064 I sensors-hal: send_sync_sensor_request:373, takes 2 ms to receive the response with 0
03-09 22:58:12.356  2064  2064 I sensors-hal: activate:184, android.sensor.device_orientation/271 en=1 completed
03-09 22:58:12.356  2064 17101 I sensors-hal: handle_indication_realtime:467,  SCHED_FIFO(10) for qmi_cbk
03-09 22:58:12.356  2064 17101 E sensors-hal: handle_sns_client_event:62, mot_disprot_event: now=41448261017008 ts=41347520812685, type=0, status=3
03-09 22:58:12.357  2064  2064 I sensors-hal: batch:206, com.motorola.sensor.stowed/65568, period=200000000, max_latency=0
03-09 22:58:12.357  2064  2064 I sensors-hal: set_config:61, no need to adjust sample_period_ns due to reporting_mode = 2
03-09 22:58:12.357  2064  2064 I sensors-hal: batch:215, com.motorola.sensor.stowed/65568, period=200000000, max_latency=0 request completed
03-09 22:58:12.357  2064  2064 I sensors-hal: flush:235, android.sensor.accelerometer/11
03-09 22:58:12.357  3163  3229 W BoostOptController: not supported hint: 118
03-09 22:58:12.357  2064  2064 I sensors-hal: send_sync_sensor_request:341, send sync request
03-09 22:58:12.357  2064  2064 I sensors-hal: send_sync_sensor_request:367, wait for notification of response
03-09 22:58:12.358  2064  5194 I sensors-hal: ssc_conn_resp_cb:632, resp_value = 0
03-09 22:58:12.358  2064  2064 I sensors-hal: send_sync_sensor_request:373, takes 0 ms to receive the response with 0
03-09 22:58:12.358  2064  2064 I sensors-hal: flush:241, android.sensor.accelerometer/11 completed
03-09 22:58:12.358  5625  5625 I vol.VolumeDialogImpl: mDialog.dismiss() reason: screen_off from: com.android.systemui.volume.VolumeDialogImpl$10.onScreenOff:4 displayId: 0 mShowing: false mIsAnimatingDismiss: true
03-09 22:58:12.358  5625  5625 D vol.VolumeDialogImpl: dismissH: skipping dismiss because isAnimatingDismiss is true and showingStateInconsistent is false
03-09 22:58:12.359  2064  2064 I sensors-hal: activate:173, com.motorola.sensor.tap/65988 en=0
03-09 22:58:12.359  3163  3229 D CLI/Rotation: Set volume keyswap sysprop for rotation 0 lidState CLOSED
03-09 22:58:12.359  5625  5625 I Channel.Remote: [de8362611079428da312381e6bb8b50c|com.motorola.personalize] Keep channel connection alive true by 4
03-09 22:58:12.359  2064  2064 I sensors-hal: activate:184, com.motorola.sensor.tap/65988 en=0 completed
03-09 22:58:12.360  5625  5625 V DreamService[DozeService]: wakeUp(): fromSystem=true, mWaking=false, mFinished=false callers=android.service.dreams.DreamService.-$$Nest$mwakeUp:0 android.service.dreams.DreamService$DreamServiceWrapper.lambda$wakeUp$1:1794 android.service.dreams.DreamService$DreamServiceWrapper.$r8$lambda$SFP-NasoKFNaaOvKHyJqrl_aPt8:0 android.service.dreams.DreamService$DreamServiceWrapper$$ExternalSyntheticLambda3.run:0 android.os.Handler.handleCallback:1001 
03-09 22:58:12.360  5625  5625 V DreamService[DozeService]: finish(): mFinished=false activity=null callers=android.service.dreams.DreamService.onWakeUp:1197 android.service.dreams.DreamService.wakeUp:1360 android.service.dreams.DreamService.-$$Nest$mwakeUp:0 android.service.dreams.DreamService$DreamServiceWrapper.lambda$wakeUp$1:1794 android.service.dreams.DreamService$DreamServiceWrapper.$r8$lambda$SFP-NasoKFNaaOvKHyJqrl_aPt8:0 
03-09 22:58:12.360  2061  2108 E minksocket: MinkIPC_QRTR_Service: client with node 1 port 5b3f went down
03-09 22:58:12.360  3163  7474 I DreamManagerService: finishSelf by com.android.systemui callingUid=10394 callingPid=5625
03-09 22:58:12.360  3163  7474 D DreamManagerService: Dream finished: android.os.Binder@17243e4, immediate=true
03-09 22:58:12.360  3163  7474 I DreamManagerService: Leaving dreamland.
03-09 22:58:12.360  2300  2300 I Scheduler: Display 4630947043778501763 is the pacesetter
03-09 22:58:12.360  2300  2300 I Scheduler: promotePacesetterDisplayLocked, mAcceptScrollEvent=1
