03-09 23:50:12.521  5658  5907 I bluetooth: system/gd/hci/le_address_manager.cc:229 register_client: Client registered
03-09 23:50:12.522  5658  6105 I bt_shim_scanner: system/main/shim/le_scanning_manager.cc:185 Scan: in shim layer stopped
03-09 23:50:12.522  5658  6105 W BtGatt.JNI: android/app/jni/com_android_bluetooth_gatt.cpp:1597 gattSetScanParametersNative: gattSetScanParametersNative
03-09 23:50:12.522  5658  5907 I bluetooth: system/gd/hci/le_address_manager.cc:244 unregister_client: Client unregistered
03-09 23:50:12.522  5658  5907 I bluetooth: system/gd/hci/le_address_manager.cc:248 unregister_client: Cancelled address rotation alarm
03-09 23:50:12.522  5658  6105 I bt_shim_scanner: system/main/shim/le_scanning_manager.cc:363 SetScanParameters: in shim layer, scannerId=1
03-09 23:50:12.522  5658  6105 I bt_shim_scanner: system/main/shim/le_scanning_manager.cc:185 Scan: in shim layer started
03-09 23:50:12.522  5658  5907 I bluetooth: system/gd/hci/le_scanning_manager.cc:690 stop_scan: Scanning already stopped, return!
03-09 23:50:12.522  5658  5907 I bluetooth: system/gd/hci/le_address_manager.cc:226 register_client: Scheduled address rotation for first client registered
03-09 23:50:12.522  5658  5907 I bluetooth: system/gd/hci/le_address_manager.cc:229 register_client: Client registered
03-09 23:50:12.548  2214  2254 W ANDR-PERF-LM: MetaMeter: handleSecondaryAsync() 151: LightningLaunches MetaMeterThread start(). No MeterMgr Available to handle this Secondary/Data Async. !!!! 
03-09 23:50:12.564  2064  4171 I slpi-mot_tap : Using product index 4, gyro 0
03-09 23:50:12.570  2068  6060 I vendor.qti.bluetooth@1.0-ibs_handler: ProcessIbsCmd: Received IBS_SLEEP_IND: 0xFE
03-09 23:50:12.574  2064  4171 D slpi    : tmd2712: Als lux: 3.90, ch0: 67, ch1: 3, scale: 1.08, atime:50.04, again:1024
03-09 23:50:12.604  6942  6942 D NfcService: MSG_APPLY_SCREEN_STATE 4
03-09 23:50:12.605  6942  6942 D libnfc_nci: nfcManager_doSetScreenState: state = 4 prevScreenState= 2, discovry_param = 1
03-09 23:50:12.605  2582  8068 D NxpTml  : PN54X - Write requested.....
03-09 23:50:12.605  2582  8068 D NxpTml  : PN54X - Invoking I2C Write.....
03-09 23:50:12.606  2064  2064 I sensors-hal: flush:235, android.sensor.accelerometer/11
03-09 23:50:12.606  2064  2064 I sensors-hal: send_sync_sensor_request:341, send sync request
03-09 23:50:12.606  2064  2064 I sensors-hal: send_sync_sensor_request:367, wait for notification of response
03-09 23:50:12.607  2582  8068 I NxpNciX : len =   4 > 20090102
03-09 23:50:12.607  2582  8068 D NxpTml  : PN54X - I2C Write successful.....
03-09 23:50:12.607  2582  8068 D NxpTml  : PN54X - Posting Fresh Write message.....
03-09 23:50:12.607  2582  8068 D NxpTml  : PN54X - Tml Writer Thread Running................
03-09 23:50:12.607  2582  8070 D NxpHal  : write successful status = 0x0
03-09 23:50:12.608  2582  8059 D NxpTml  : PN54X - I2C Read successful.....
03-09 23:50:12.608  2582  8059 I NxpNciR : len =   4 > 40090100
03-09 23:50:12.608  2582  8059 D NxpTml  : PN54X - Posting read message.....
03-09 23:50:12.608  2582  8070 D NxpHal  : read successful status = 0x0
03-09 23:50:12.608  2064  5194 I sensors-hal: ssc_conn_resp_cb:632, resp_value = 0
03-09 23:50:12.608  6942  8007 D libnfc_nci: nfaDeviceManagementCallback: enter; event=0xB
03-09 23:50:12.608  6942  8007 D libnfc_nci: nfaDeviceManagementCallback: NFA_DM_SET_POWER_SUB_STATE_EVT; status=0x0
03-09 23:50:12.608  2064  2064 I sensors-hal: send_sync_sensor_request:373, takes 1 ms to receive the response with 0
03-09 23:50:12.608  2064  2064 I sensors-hal: flush:241, android.sensor.accelerometer/11 completed
03-09 23:50:12.608  2582  8059 D NxpTml  : PN54X - Read requested.....
03-09 23:50:12.609  2582  8059 D NxpTml  : PN54X - Invoking I2C Read.....
03-09 23:50:12.609  2582  8068 D NxpTml  : PN54X - Write requested.....
03-09 23:50:12.609  2582  8068 D NxpTml  : PN54X - Invoking I2C Write.....
03-09 23:50:12.610  7150  8001 D WeatherApi: isOWeather: true
03-09 23:50:12.610  2582  8068 I NxpNciX : len =   7 > 20020401020100
03-09 23:50:12.610  2582  8068 D NxpTml  : PN54X - I2C Write successful.....
03-09 23:50:12.610  2582  8068 D NxpTml  : PN54X - Posting Fresh Write message.....
03-09 23:50:12.610  2582  8068 D NxpTml  : PN54X - Tml Writer Thread Running................
03-09 23:50:12.610  2582  8070 D NxpHal  : write successful status = 0x0
03-09 23:50:12.610  2582  8059 D NxpTml  : PN54X - I2C Read successful.....
03-09 23:50:12.610  2582  8059 I NxpNciR : len =   5 > 4002020000
03-09 23:50:12.610  2582  8059 D NxpTml  : PN54X - Posting read message.....
03-09 23:50:12.611  2582  8070 D NxpHal  : read successful status = 0x0
03-09 23:50:12.611  2582  8070 D NxpHal  : phNxpNciHal_print_res_status: response status =STATUS_OK
03-09 23:50:12.616  6942  8007 D libnfc_nci: nfaDeviceManagementCallback: enter; event=0x2
03-09 23:50:12.616  6942  8007 D libnfc_nci: nfaDeviceManagementCallback: NFA_DM_SET_CONFIG_EVT
03-09 23:50:12.616  2582  8059 D NxpTml  : PN54X - Read requested.....
03-09 23:50:12.616  2582  8059 D NxpTml  : PN54X - Invoking I2C Read.....
03-09 23:50:12.622  6978  6978 I Smart5G : [Smart5GService] receive action: android.intent.action.SCREEN_ON
03-09 23:50:12.624  5689  5689 E DPMJ    : |SERVICE| sendScreenState state  trueand int value 1
03-09 23:50:12.627  3163  5215 I MR2ServiceImpl: Updating composite discovery preference | preference: RouteDiscoveryRequest{ preferredFeatures={}, activeScan=false }, active routers: []
03-09 23:50:12.630 19666 19761 I WM-WorkerWrapper: Worker result SUCCESS for Work [ id=e4cd2da9-0ddf-4b54-8095-eba758ea2391, tags={ com.duckduckgo.malicioussiteprotection.impl.MaliciousSiteProtectionHashPrefixesUpdateWorker, MALICIOUS_SITE_PROTECTION_HASH_PREFIXES_UPDATE_WORKER_SCAM_TAG } ]
03-09 23:50:12.633  7314  7314 D GameMode: isScreenUnlocked: false
03-09 23:50:12.640 10834 20259 I DeviceStatusMonitor: DeviceStatusMonitor.handleBroadcast():138 onReceive() : Action = android.intent.action.SCREEN_ON
03-09 23:50:12.641 10834 20259 I DeviceStatusMonitor: DeviceStatusMonitor.updateCountryInfo():154 updateCountryInfo(), notifyAnyway = false
03-09 23:50:12.641  5993  8761 I NearbyDiscovery: (REDACTED) FastPairHandler: Received action %s
03-09 23:50:12.642  5993  8761 I NearbyDiscovery: (REDACTED) PureOffloadFastPairScanner: eventType=%s, isInternalReq=%s, isScanning=%s, isScanningAllowed=%s
03-09 23:50:12.642  5993  8761 I NearbyDiscovery: (REDACTED) ApFastPairScanner: isScreenOn=%s, isLocationEnabled=%s, disableLocationRequirement=%s, isDiscoveryScanningEnabled=%s, during24GhzWifiWarmingUpPeriod=%s
03-09 23:50:12.642  5993  8761 D BluetoothAdapter: isLeEnabled(): ON
03-09 23:50:12.642  5993  8761 I NearbyDiscovery: (REDACTED) ApFastPairScanner: eventType=%s, intReq=%s, scanning=%s, scanAllowed=%s, bleEnabled=%s, lockScanRate=%s, startScanningByLowPowerMode=%s
03-09 23:50:12.642  5993  8761 I NearbyDiscovery: FastPairController: onSystemStateChanged: skip due to flag disabled [CONTEXT service_id=265 ]
03-09 23:50:12.642  7545  7545 I FileStationLog: [ FileStationManager ] - screenIsOn: true, hasWindowShowed: false
03-09 23:50:12.642  7545  7545 I MotoDesktopLog: [ FileStationLog ] - broadcastMessage - cmd : 2008
03-09 23:50:12.651  3163  5158 D WifiStaIfaceHidlImpl: getCachedScanData is not implemented by HIDL
03-09 23:50:12.652  6344  6344 V ClockFace: onDataSetChanged: clock update in remote
03-09 23:50:12.658  3163  5528 W PackageManager: Missing required system package: wsj.reader_sp, but found with extended search.
03-09 23:50:12.658  3163  5528 W PackageManager: Missing required system package: whitecastle.ordering, but found with extended search.
03-09 23:50:12.658  3163  5528 W PackageManager: Missing required system package: sp0n.citizen, but found with extended search.
03-09 23:50:12.658  3163  5528 W PackageManager: Missing required system package: org.rajman.neshan.traffic.tehran.navigator, but found with extended search.
03-09 23:50:12.658  3163  5528 W PackageManager: Missing required system package: org.me.mobiexpensifyg, but found with extended search.
03-09 23:50:12.658  3163  5528 W PackageManager: Missing required system package: org.kiva.lending, but found with extended search.
03-09 23:50:12.658  3163  5528 W PackageManager: Missing required system package: onxmaps.offroad, but found with extended search.
03-09 23:50:12.658  3163  5528 W PackageManager: Missing required system package: onxmaps.hunt, but found with extended search.
03-09 23:50:12.658  3163  5528 W PackageManager: Missing required system package: mnn.Android, but found with extended search.
03-09 23:50:12.658  3163  5528 W PackageManager: Missing required system package: io.appium.settings, but found with extended search.
03-09 23:50:12.659  3163  5528 W PackageManager: Missing required system package: gplx.simple.budgetapp, but found with extended search.
03-09 23:50:12.660  3163  5528 W PackageManager: Missing required system package: de.zalando.mobile, but found with extended search.
03-09 23:50:12.660  3163  5528 W PackageManager: Missing required system package: ctrip.english, but found with extended search.
03-09 23:50:12.660  3163  5528 W PackageManager: Missing required system package: crumbl.cookies, but found with extended search.
03-09 23:50:12.660  3163  5528 W PackageManager: Missing required system package: com.zzkko, but found with extended search.
03-09 23:50:12.661  3163  5528 W PackageManager: Missing required system package: com.zhiliaoapp.musically, but found with extended search.
03-09 23:50:12.661  3163  5528 W PackageManager: Missing required system package: com.zellepay.zelle, but found with extended search.
03-09 23:50:12.661  3163  5528 W PackageManager: Missing required system package: com.zappos.android, but found with extended search.
03-09 23:50:12.661  3163  5528 W PackageManager: Missing required system package: com.yum.pizzahut, but found with extended search.
03-09 23:50:12.661  3163  5528 W PackageManager: Missing required system package: com.youneedabudget.evergreen.app, but found with extended search.
03-09 23:50:12.661  3163  5528 W PackageManager: Missing required system package: com.yelp.android, but found with extended search.
03-09 23:50:12.661  3163  5528 W PackageManager: Missing required system package: com.whatsapp, but found with extended search.
03-09 23:50:12.661  3163  5528 W PackageManager: Missing required system package: com.whatnot_mobile, but found with extended search.
03-09 23:50:12.661  3163  5528 W PackageManager: Missing required system package: com.wendys.nutritiontool, but found with extended search.
03-09 23:50:12.661  3163  5528 W PackageManager: Missing required system package: com.wealthsimple.trade, but found with extended search.
03-09 23:50:12.661  3163  5528 W PackageManager: Missing required system package: com.wealthfront, but found with extended search.
03-09 23:50:12.661  3163  5528 W PackageManager: Missing required system package: com.waze, but found with extended search.
03-09 23:50:12.661  3163  5528 W PackageManager: Missing required system package: com.wayfair.wayfair, but found with extended search.
03-09 23:50:12.661  3163  5528 W PackageManager: Missing required system package: com.wallpaper.edge.aura, but found with extended search.
03-09 23:50:12.661  3163  5528 W PackageManager: Missing required system package: com.venmo, but found with extended search.
03-09 23:50:12.662  3163  5528 W PackageManager: Missing required system package: com.usatoday.android.news, but found with extended search.
03-09 23:50:12.662  3163  5528 W PackageManager: Missing required system package: com.ulta, but found with extended search.
03-09 23:50:12.662  3163  5528 W PackageManager: Missing required system package: com.twitter.android, but found with extended search.
03-09 23:50:12.662  3163  5528 W PackageManager: Missing required system package: com.truefinance, but found with extended search.
03-09 23:50:12.662  2064 28336 E sensors-hal: handle_sns_client_event:62, mot_disprot_event: now=44568566812380 ts=44568556816400, type=0, status=3
03-09 23:50:12.662  3163  5528 W PackageManager: Missing required system package: com.truebill, but found with extended search.
03-09 23:50:12.663  3163  5528 W PackageManager: Missing required system package: com.trivago, but found with extended search.
03-09 23:50:12.663  3163  3229 W BoostOptController: not supported hint: 118
03-09 23:50:12.663  3163  5528 W PackageManager: Missing required system package: com.tripadvisor.tripadvisor, but found with extended search.
03-09 23:50:12.663  3163  5528 W PackageManager: Missing required system package: com.tranzmate, but found with extended search.
03-09 23:50:12.663  3163  5528 W PackageManager: Missing required system package: com.tradestation.MobileTrading, but found with extended search.
03-09 23:50:12.663  3163  5528 W PackageManager: Missing required system package: com.tiktok.lite.go, but found with extended search.
03-09 23:50:12.663  3163  5528 W PackageManager: Missing required system package: com.thredup.android, but found with extended search.
03-09 23:50:12.663  3163  5528 W PackageManager: Missing required system package: com.thirdframestudios.android.expensoor, but found with extended search.
03-09 23:50:12.663  3163  5528 W PackageManager: Missing required system package: com.teulys.metropolis, but found with extended search.
03-09 23:50:12.663  3163  5528 W PackageManager: Missing required system package: com.tdbank, but found with extended search.
03-09 23:50:12.663  3163  5528 W PackageManager: Missing required system package: com.tacobell.ordering, but found with extended search.
03-09 23:50:12.663  3163  5528 W PackageManager: Missing required system package: com.sygic.aura, but found with extended search.
03-09 23:50:12.663  3163  5528 W PackageManager: Missing required system package: com.subway.mobile.subwayapp03, but found with extended search.
03-09 23:50:12.663  3163  5528 W PackageManager: Missing required system package: com.substack.app, but found with extended search.
03-09 23:50:12.663  3163  5528 W PackageManager: Missing required system package: com.step.step, but found with extended search.
03-09 23:50:12.663  3163  3229 W BoostOptController: not supported hint: 118
03-09 23:50:12.663  3163  5528 W PackageManager: Missing required system package: com.stash.stashinvest, but found with extended search.
03-09 23:50:12.664  3163  5528 W PackageManager: Missing required system package: com.staplesconnect.app.twa, but found with extended search.
03-09 23:50:12.664  3163  5528 W PackageManager: Missing required system package: com.spothero.spothero, but found with extended search.
03-09 23:50:12.664  3163  5528 W PackageManager: Missing required system package: com.sportsdirect.sdusapp, but found with extended search.
03-09 23:50:12.664  3163  5528 W PackageManager: Missing required system package: com.sofi.mobile, but found with extended search.
03-09 23:50:12.664  3163  5528 W PackageManager: Missing required system package: com.shell.sitibv.motorist.america, but found with extended search.
03-09 23:50:12.664  3163  5528 W PackageManager: Missing required system package: com.shakeshack.android, but found with extended search.
03-09 23:50:12.664  3163  5528 W PackageManager: Missing required system package: com.sephora, but found with extended search.
03-09 23:50:12.664  3163  5528 W PackageManager: Missing required system package: com.romwe, but found with extended search.
03-09 23:50:12.664  3163  5528 W PackageManager: Missing required system package: com.rome2rio.www.rome2rio, but found with extended search.
03-09 23:50:12.664  3163  5528 W PackageManager: Missing required system package: com.robinhood.android, but found with extended search.
03-09 23:50:12.664  3163  5528 W PackageManager: Missing required system package: com.ring.neighborhoods, but found with extended search.
03-09 23:50:12.664  3163  5528 W PackageManager: Missing required system package: com.revolut.revolut, but found with extended search.
03-09 23:50:12.664  3163  5528 W PackageManager: Missing required system package: com.reddit.frontpage, but found with extended search.
03-09 23:50:12.664  3163  5528 W PackageManager: Missing required system package: com.recime.app, but found with extended search.
03-09 23:50:12.664  3163  5528 W PackageManager: Missing required system package: com.realbyteapps.moneymanagerfree, but found with extended search.
03-09 23:50:12.664  3163  5528 W PackageManager: Missing required system package: com.rarewire.forever21, but found with extended search.
03-09 23:50:12.664  3163  5528 W PackageManager: Missing required system package: com.q2e.firsttradeunionbank3351.mobile.production, but found with extended search.
03-09 23:50:12.664  3163  5528 W PackageManager: Missing required system package: com.poshmark.app, but found with extended search.
03-09 23:50:12.665  3163  5528 W PackageManager: Missing required system package: com.poqstudio.app.platform.boohoo, but found with extended search.
03-09 23:50:12.665  3163  5528 W PackageManager: Missing required system package: com.podcast.podcasts, but found with extended search.
03-09 23:50:12.665  3163  5158 D WifiStaIfaceHidlImpl: getCachedScanData is not implemented by HIDL
03-09 23:50:12.665  3163  5528 W PackageManager: Missing required system package: com.phonepe.app, but found with extended search.
03-09 23:50:12.665  3163  5528 W PackageManager: Missing required system package: com.personalcapital.pcapandroid, but found with extended search.
03-09 23:50:12.665  3163  5528 W PackageManager: Missing required system package: com.peacocktv.peacockandroid, but found with extended search.
03-09 23:50:12.666  3163  5528 W PackageManager: Missing required system package: com.payoneer.android, but found with extended search.
03-09 23:50:12.666  3163  5528 W PackageManager: Missing required system package: com.particlenews.newsbreak, but found with extended search.
03-09 23:50:12.666  3163  5528 W PackageManager: Missing required system package: com.parkwhiz.driverApp, but found with extended search.
03-09 23:50:12.666  3163  5528 W PackageManager: Missing required system package: com.opentable, but found with extended search.
03-09 23:50:12.666  3163  5528 W PackageManager: Missing required system package: com.openai.chatgpt, but found with extended search.
03-09 23:50:12.666  3163  5528 W PackageManager: Missing required system package: com.onedebit.chime, but found with extended search.
03-09 23:50:12.666  3163  5528 W PackageManager: Missing required system package: com.olo.dairyqueen.production, but found with extended search.
03-09 23:50:12.666  3163  5528 W PackageManager: Missing required system package: com.nike.omega, but found with extended search.
03-09 23:50:12.666  3163  5528 W PackageManager: Missing required system package: com.newsbreak.crimeradar, but found with extended search.
03-09 23:50:12.666  3163  5528 W PackageManager: Missing required system package: com.newleaf.app.android.victor, but found with extended search.
03-09 23:50:12.666  3163  5528 W PackageManager: Missing required system package: com.newegg.app, but found with extended search.
03-09 23:50:12.666  3163  5528 W PackageManager: Missing required system package: com.myklarnamobile, but found with extended search.
03-09 23:50:12.666  3163  5528 W PackageManager: Missing required system package: com.mta.mobileapp, but found with extended search.
03-09 23:50:12.666  3163  5528 W PackageManager: Missing required system package: com.moneylion, but found with extended search.
03-09 23:50:12.667  3163  5528 W PackageManager: Missing required system package: com.mobilecreditcards, but found with extended search.
03-09 23:50:12.667  3163  5528 W PackageManager: Missing required system package: com.mobilaurus.wingstopandroid, but found with extended search.
03-09 23:50:12.667  3163  5528 W PackageManager: Missing required system package: com.microsoft.copilot, but found with extended search.
03-09 23:50:12.667  3163  5528 W PackageManager: Missing required system package: com.meesho.supply, but found with extended search.
03-09 23:50:12.667  3163  5528 W PackageManager: Missing required system package: com.mcdonalds.app, but found with extended search.
03-09 23:50:12.667  3163  5528 W PackageManager: Missing required system package: com.maps.radar.navigation.android2023, but found with extended search.
03-09 23:50:12.667  3163  5528 W PackageManager: Missing required system package: com.macys.android, but found with extended search.
03-09 23:50:12.667  3163  5528 W PackageManager: Missing required system package: com.m1finance.android, but found with extended search.
03-09 23:50:12.668  3163  5528 W PackageManager: Missing required system package: com.lowes.android, but found with extended search.
03-09 23:50:12.668  3163  5528 W PackageManager: Missing required system package: com.littlecaesars, but found with extended search.
03-09 23:50:12.668  3163  5528 W PackageManager: Missing required system package: com.linkedin.android, but found with extended search.
03-09 23:50:12.668  3163  5528 W PackageManager: Missing required system package: com.lemon.lvoverseas, but found with extended search.
03-09 23:50:12.668  3163  5528 W PackageManager: Missing required system package: com.kohls.mcommerce.opal, but found with extended search.
03-09 23:50:12.668  3163  5528 W PackageManager: Missing required system package: com.kinpos.wallytech, but found with extended search.
03-09 23:50:12.668  3163  5528 W PackageManager: Missing required system package: com.kfc.us.mobile, but found with extended search.
03-09 23:50:12.668  3163  5528 W PackageManager: Missing required system package: com.joom, but found with extended search.
03-09 23:50:12.668  3163  5528 W PackageManager: Missing required system package: com.instagram.barcelona, but found with extended search.
03-09 23:50:12.668  3163  5528 W PackageManager: Missing required system package: com.instagram.android, but found with extended search.
03-09 23:50:12.668  3163  5528 W PackageManager: Missing required system package: com.instacart.client, but found with extended search.
03-09 23:50:12.668  3163  5528 W PackageManager: Missing required system package: com.inmobi.weather, but found with extended search.
03-09 23:50:12.668  3163  5528 W PackageManager: Missing required system package: com.infraware.office.link, but found with extended search.
03-09 23:50:12.668  3163  5528 W PackageManager: Missing required system package: com.inditex.zara, but found with extended search.
03-09 23:50:12.668  3163  5528 W PackageManager: Missing required system package: com.hollar.android, but found with extended search.
03-09 23:50:12.668  3163  5528 W PackageManager: Missing required system package: com.hm.goe, but found with extended search.
03-09 23:50:12.668  3163  5528 W PackageManager: Missing required system package: com.guardian, but found with extended search.
03-09 23:50:12.668  3163  5528 W PackageManager: Missing required system package: com.grubhub.android, but found with extended search.
03-09 23:50:12.668  3163  5528 W PackageManager: Missing required system package: com.groupon, but found with extended search.
03-09 23:50:12.668  3163  5528 W PackageManager: Missing required system package: com.google.android.apps.fitness, but found with extended search.
03-09 23:50:12.668  3163  5528 W PackageManager: Missing required system package: com.google.android.apps.chromecast.app, but found with extended search.
03-09 23:50:12.668  3163  5528 W PackageManager: Missing required system package: com.google.android.apps.adm, but found with extended search.
03-09 23:50:12.668  3163  5528 W PackageManager: Missing required system package: com.freecash.app2, but found with extended search.
03-09 23:50:12.668  3163  5528 W PackageManager: Missing required system package: com.foxnews.android, but found with extended search.
03-09 23:50:12.669  3163  5528 W PackageManager: Missing required system package: com.flipkart.android, but found with extended search.
03-09 23:50:12.669  3163  5528 W PackageManager: Missing required system package: com.facebook.katana, but found with extended search.
03-09 23:50:12.669  3163  5528 W PackageManager: Missing required system package: com.etsy.android, but found with extended search.
03-09 23:50:12.669  3163  5528 W PackageManager: Missing required system package: com.etrade.mobilepro.activity, but found with extended search.
03-09 23:50:12.669  3163  5528 W PackageManager: Missing required system package: com.emn8.mobilem8.nativeapp.popeyes, but found with extended search.
03-09 23:50:12.669  3163  5528 W PackageManager: Missing required system package: com.emn8.mobilem8.nativeapp.bk, but found with extended search.
03-09 23:50:12.669  3163  5528 W PackageManager: Missing required system package: com.einnovation.temu, but found with extended search.
03-09 23:50:12.669  3163  5528 W PackageManager: Missing required system package: com.ebay.motorsapp, but found with extended search.
03-09 23:50:12.669  3163  5528 W PackageManager: Missing required system package: com.ebay.mobile, but found with extended search.
03-09 23:50:12.669  3163  5528 W PackageManager: Missing required system package: com.dutchbros.loyalty, but found with extended search.
03-09 23:50:12.669  3163  5528 W PackageManager: Missing required system package: com.dunkinbrands.otgo, but found with extended search.
03-09 23:50:12.669  3163  5528 W PackageManager: Missing required system package: com.duckduckgo.mobile.android, but found with extended search.
03-09 23:50:12.669  3163  5528 W PackageManager: Missing required system package: com.doordash.driverapp, but found with extended search.
03-09 23:50:12.669  3163  5528 W PackageManager: Missing required system package: com.dominospizza, but found with extended search.
03-09 23:50:12.669  3163  5528 W PackageManager: Missing required system package: com.divvypay.Divvy, but found with extended search.
03-09 23:50:12.669  3163  5528 W PackageManager: Missing required system package: com.disney.disneystore_goo, but found with extended search.
03-09 23:50:12.669  3163  5528 W PackageManager: Missing required system package: com.dd.doordash, but found with extended search.
03-09 23:50:12.669  3163  5528 W PackageManager: Missing required system package: com.dayspringtech.envelopes, but found with extended search.
03-09 23:50:12.669  3163  5528 W PackageManager: Missing required system package: com.coulombtech, but found with extended search.
03-09 23:50:12.669  3163  5528 W PackageManager: Missing required system package: com.costco.app.android, but found with extended search.
03-09 23:50:12.669  3163  5528 W PackageManager: Missing required system package: com.contextlogic.wish, but found with extended search.
03-09 23:50:12.669  3163  5528 W PackageManager: Missing required system package: com.coinbase.android, but found with extended search.
03-09 23:50:12.669  3163  5528 W PackageManager: Missing required system package: com.cnn.mobile.android.phone, but found with extended search.
03-09 23:50:12.669  3163  5528 W PackageManager: Missing required system package: com.clubhouse.app, but found with extended search.
03-09 23:50:12.669  3163  5528 W PackageManager: Missing required system package: com.citymapper.app.release, but found with extended search.
03-09 23:50:12.670  3163  5528 W PackageManager: Missing required system package: com.citi.citimobile, but found with extended search.
03-09 23:50:12.670  3163  5528 W PackageManager: Missing required system package: com.chipotle.ordering, but found with extended search.
03-09 23:50:12.670  3163  5528 W PackageManager: Missing required system package: com.chickfila.cfaflagship, but found with extended search.
03-09 23:50:12.670  3163  5528 W PackageManager: Missing required system package: com.checkitt, but found with extended search.
03-09 23:50:12.670  3163  5528 W PackageManager: Missing required system package: com.chase.sig.android, but found with extended search.
03-09 23:50:12.670  3163  5528 W PackageManager: Missing required system package: com.buxfer.app, but found with extended search.
03-09 23:50:12.670  3163  5528 W PackageManager: Missing required system package: com.buffalowildwings.blazinrewards, but found with extended search.
03-09 23:50:12.670  3163  5528 W PackageManager: Missing required system package: com.bp.app.bpme.global.ros, but found with extended search.
03-09 23:50:12.670  3163  5528 W PackageManager: Missing required system package: com.booking, but found with extended search.
03-09 23:50:12.670  3163  5528 W PackageManager: Missing required system package: com.bigbasket.mobileapp, but found with extended search.
03-09 23:50:12.670  3163  5528 W PackageManager: Missing required system package: com.bhphoto, but found with extended search.
03-09 23:50:12.670  3163  5528 W PackageManager: Missing required system package: com.bestbuy.android, but found with extended search.
03-09 23:50:12.670  3163  5528 W PackageManager: Missing required system package: com.app.tgtg, but found with extended search.
03-09 23:50:12.670  3163  5528 W PackageManager: Missing required system package: com.amazon.mShop.android.shopping, but found with extended search.
03-09 23:50:12.670  3163  5528 W PackageManager: Missing required system package: com.alibaba.aliexpresshd, but found with extended search.
03-09 23:50:12.670  3163  5528 W PackageManager: Missing required system package: com.adidas.app, but found with extended search.
03-09 23:50:12.670  3163  5528 W PackageManager: Missing required system package: com.acorns.early, but found with extended search.
03-09 23:50:12.670  3163  5528 W PackageManager: Missing required system package: com.acorns.android, but found with extended search.
03-09 23:50:12.670  3163  5528 W PackageManager: Missing required system package: com.Splitwise.SplitwiseMobile, but found with extended search.
03-09 23:50:12.670  3163  5528 W PackageManager: Missing required system package: app.simple.com, but found with extended search.
03-09 23:50:12.670  3163  5528 W PackageManager: Missing required system package: app.organicmaps, but found with extended search.
03-09 23:50:12.670  3163  5528 W PackageManager: Missing required system package: tv.pluto.android, but found with extended search.
03-09 23:50:12.671  3163  5528 W PackageManager: Missing required system package: net.sharewire.parkmobilev2, but found with extended search.
03-09 23:50:12.671  3163  5528 W PackageManager: Missing required system package: digit.android, but found with extended search.
03-09 23:50:12.671  3163  5528 W PackageManager: Missing required system package: com.walmart.android, but found with extended search.
03-09 23:50:12.671  3163  5528 W PackageManager: Missing required system package: com.uniqlo.usa.catalogue, but found with extended search.
03-09 23:50:12.671  3163  5528 W PackageManager: Missing required system package: com.ubercab.eats, but found with extended search.
03-09 23:50:12.671  3163  5528 W PackageManager: Missing required system package: com.tubitv, but found with extended search.
03-09 23:50:12.671  3163  5528 W PackageManager: Missing required system package: com.thetransitapp.droid, but found with extended search.
03-09 23:50:12.671  3163  5528 W PackageManager: Missing required system package: com.thehomedepot, but found with extended search.
03-09 23:50:12.671  3163  5528 W PackageManager: Missing required system package: com.target.ui, but found with extended search.
03-09 23:50:12.671  3163  5528 W PackageManager: Missing required system package: com.starbucks.mobilecard, but found with extended search.
03-09 23:50:12.671  3163  5528 W PackageManager: Missing required system package: com.squareup.cash, but found with extended search.
03-09 23:50:12.671  3163  5528 W PackageManager: Missing required system package: com.snapdeal.main, but found with extended search.
03-09 23:50:12.671  3163  5528 W PackageManager: Missing required system package: com.shopify.arrive, but found with extended search.
03-09 23:50:12.671  3163  5528 W PackageManager: Missing required system package: com.rfi.sams.android, but found with extended search.
03-09 23:50:12.671  3163  5528 W PackageManager: Missing required system package: com.remitly.androidapp, but found with extended search.
03-09 23:50:12.671  3163  5528 W PackageManager: Missing required system package: com.qapital, but found with extended search.
03-09 23:50:12.671  3163  5528 W PackageManager: Missing required system package: com.paypal.android.p2pmobile, but found with extended search.
03-09 23:50:12.671  3163  5528 W PackageManager: Missing required system package: com.overstock, but found with extended search.
03-09 23:50:12.671  3163  5528 W PackageManager: Missing required system package: com.opera.browser, but found with extended search.
03-09 23:50:12.671  3163  5528 W PackageManager: Missing required system package: com.nytimes.android, but found with extended search.
03-09 23:50:12.672  3163  5528 W PackageManager: Missing required system package: com.nordstrom.app, but found with extended search.
03-09 23:50:12.672  3163  5528 W PackageManager: Missing required system package: com.nextdoor, but found with extended search.
03-09 23:50:12.672  3163  5528 W PackageManager: Missing required system package: com.infonow.bofa, but found with extended search.
03-09 23:50:12.672  3163  5528 W PackageManager: Missing required system package: com.here.app.maps, but found with extended search.
03-09 23:50:12.672  3163  5528 W PackageManager: Missing required system package: com.google.android.apps.walletnfcrel, but found with extended search.
03-09 23:50:12.672  3163  5528 W PackageManager: Missing required system package: com.google.android.apps.magazines, but found with extended search.
03-09 23:50:12.672  3163  5528 W PackageManager: Missing required system package: com.google.android.apps.docs.editors.slides, but found with extended search.
03-09 23:50:12.672  3163  5528 W PackageManager: Missing required system package: com.google.android.apps.docs.editors.sheets, but found with extended search.
03-09 23:50:12.672  3163  5528 W PackageManager: Missing required system package: com.google.android.apps.docs.editors.docs, but found with extended search.
03-09 23:50:12.672  3163  5528 W PackageManager: Missing required system package: com.fusionmedia.investing, but found with extended search.
03-09 23:50:12.672  3163  5528 W PackageManager: Missing required system package: com.fidelity.android, but found with extended search.
03-09 23:50:12.672  3163  5528 W PackageManager: Missing required system package: com.expedia.bookings, but found with extended search.
03-09 23:50:12.672  3163  5528 W PackageManager: Missing required system package: com.depop, but found with extended search.
03-09 23:50:12.672  3163  5528 W PackageManager: Missing required system package: com.creditkarma.mobile, but found with extended search.
03-09 23:50:12.672  3163  5528 W PackageManager: Missing required system package: co.tapcart.app.id_CeeweiHh1L, but found with extended search.
03-09 23:50:12.684  3163  5203 I WifiDataStallService: onCapabilitiesChanged NET_CAPABILITY_VALIDATED=true
03-09 23:50:12.684  3163  5203 I WifiDataStallService: WIFI state:true
03-09 23:50:12.684  3163  5203 I WifiDataStallService: WIFI valid state:true
03-09 23:50:12.684  3163  5203 I WifiDataStallService: on-off:false,mScreenOn:true
03-09 23:50:12.697 19666 19759 I WM-WorkerWrapper: Worker result SUCCESS for Work [ id=c2614cee-355e-4102-89d2-e69a6a767f61, tags={ com.duckduckgo.malicioussiteprotection.impl.MaliciousSiteProtectionHashPrefixesUpdateWorker, MALICIOUS_SITE_PROTECTION_HASH_PREFIXES_UPDATE_WORKER_TAG } ]
03-09 23:50:12.704  3163  3163 D WiFiBlocklistController: Wifi onCapabilitiesChanged
03-09 23:50:12.704  3163  3163 D WiFiBlocklistController: Default net onCapabilitiesChanged
03-09 23:50:12.704  3163  3163 D WiFiBlocklistController: updateDefaultNet:135
03-09 23:50:12.705  3163  3163 D WiFiBlocklistController: mayUpdateNotification: shouldShow=false,UidsBlocked=false, net info=net:135,ifName=wlan0,securityType=2,isDefault=true,ssid="micasa",notificationId=0
03-09 23:50:12.706 27550 27611 I Braze v36.0.0 .x: Updating offline feed for user with id: 
03-09 23:50:12.707  5693  6968 D QCNEJ/NativeHalConnector: -> SND notifyDefaultNetworkChanged(1)
03-09 23:50:12.709  6932  8142 I BugleRcsEngine: handleMessage processing message:[NOTIFY_UPTIME_IGNORE_STATE_CHANGED] with [non-null]:RcsEngineImpl reference [CONTEXT log_prefix="RcsEngineImpl[DUAL_REG]:[82ee5969-a086]>Handler" thread_id=61 ]
03-09 23:50:12.710  6932  7504 I BugleRcsEngine: Connected state: [1], networkType: [WIFI] [CONTEXT thread_id=54 ]
03-09 23:50:12.711  6932  8142 I BugleRcsEngine: Cannot use CS.apk as it's battery optimized [CONTEXT thread_id=61 ]
03-09 23:50:12.711  5802  6792 E PhoneInterfaceManager: getCarrierPrivilegeStatusForUid: Invalid subId
03-09 23:50:12.712  2195  2586 I SDM     : PipeAllocSdma2::CalculatePipeNumToDedicate: num_vig: 0, num_dma: 1
03-09 23:50:12.712  2195  2586 I SDM     : DisplayBase::SetDisplayState: active 1-1 state 1-1 pending_power_state_ 0
03-09 23:50:12.712 27550 27611 I Braze v36.0.0 .d: Event was published, but no subscribers were found. Saving event for later publishing to a matching subscriber. Event class: class com.braze.events.FeedUpdatedEvent this com.braze.events.d@cb6457c
03-09 23:50:12.713  2300  2300 D SurfaceFlinger: Finished setting power mode 2 on display 4630947043778501762
03-09 23:50:12.713  2300  2300 D RefreshRateSelector: found  TouchBoostRefreshRate: {fps=90.00 Hz, modePtr={id=4, vsyncRate=90.00 Hz, peakRefreshRate=90.00 Hz}}
03-09 23:50:12.713  2300  2300 D RefreshRateSelector: found  ScrollBoostRefreshRate: {fps=120.00 Hz, modePtr={id=0, vsyncRate=120.00 Hz, peakRefreshRate=120.00 Hz}}
03-09 23:50:12.713  2300  2300 D RefreshRateSelector: [90:120:0]: mTouchBoostRefreshRateAvailable=1, mScrollBoostRefreshRateAvailable=1, mTouchOnBlankNotBoostRefreshRateAvailable=0
03-09 23:50:12.713  3163  5305 D SurfaceControl: Excessive delay in setPowerMode()
03-09 23:50:12.713 27550 27611 I Braze v36.0.0 .BrazeGeofenceManager: Max number to register newly set to 20 via server config.
03-09 23:50:12.714 27550 27611 I Braze v36.0.0 .i: Min time since last geofence request reset via server configuration: 86400.
03-09 23:50:12.714 27550 27611 I Braze v36.0.0 .i: Min time since last geofence report reset via server configuration: 0.
03-09 23:50:12.714  3163  5305 W ServiceManagerCppClient: Failed to get isDeclared for com.motorola.hardware.display.panel.IDisplayPanel/default: Status(-1, EX_SECURITY): 'SELinux denied.'
03-09 23:50:12.714  3163  5305 D DisplayPanelService: Setting panel dc mode: 0
03-09 23:50:12.714  2090  2090 I DisplayPanel: setDcMode: DC mode = OFF
03-09 23:50:12.715  2090  2090 D DisplayPanel: setParam: Success set DC to 0 for Primary display
03-09 23:50:12.722  2064  4171 D slpi-TCS3720: ALS_REPORT lux 2.874580, ch0 1.606983-1.234733-0.567128-0.222540, scale 1.1878, fps 90, client 1
03-09 23:50:12.722  2078  2078 I QTI PowerHAL: Power setMode: 6 to: 1
03-09 23:50:12.722  2064  4171 D slpi-TCS3720: PRX_OC info Far, Total 0, pdata 0, offset 0 step 0.63, ore 0:0 step 21.00, TH_H 1020, TH_L 0, client 0
03-09 23:50:12.722  2078  2078 E QTI PowerHAL: Failed to acquire lock for hint_id: 10A5.
03-09 23:50:12.723  2163  2163 D SENSOREXT_ALS_COMP: FrontLight: no calculate, ReportLux 2.87, dbv 0
03-09 23:50:12.723  3163  3229 D CLI/Transition: displaygroup 0, state ON, pendingdisplaygroup -1
03-09 23:50:12.726 26976 27604 D MCLOG   : [BrightnessTrigger] onDisplayChanged displayId = 0
03-09 23:50:12.726  2067 14471 D AHAL: AudioDevice: SetParameters: 1564: enter: screen_state=on
03-09 23:50:12.726  2067 14471 D AHAL: AudioVoice: VoiceSetParameters: 87: Enter params: screen_state=on
03-09 23:50:12.726  2067 14471 D AHAL: AudioVoice: VoiceSetParameters: 360: Exit ret: 0
03-09 23:50:12.726  2067 14471 D AHAL: FM: fm_set_parameters: 262: Enter
03-09 23:50:12.726  2067 14471 D AHAL: FM: fm_set_parameters: 320: exit
03-09 23:50:12.726  2067 14471 D AHAL: AudioDevice: SetParameters: 1625:  - screen = on
03-09 23:50:12.726  2067 14471 I PAL: ResourceManager: setParameter: 8311: Screen State:1
03-09 23:50:12.726  2067 14471 D AHAL: AudioDevice: SetParameters: 2361: exit: screen_state=on
03-09 23:50:12.727  3163  3352 D BrightnessThermalClamper: Thermal status observer already started
03-09 23:50:12.729  3163  3352 V DisplayPowerController2[0]: Brightness [0.12402854] reason changing to: 'automatic', previous reason: 'manual'.
03-09 23:50:12.730  3163  3352 I DisplayPowerController2[0]: 03-09 23:50:12.729 - BrightnessEvent: disp=0, physDisp=local:4630947043778501762, displayState=ON, displayPolicy=BRIGHT, brt=0.12402854, initBrt=0.09818126, rcmdBrt=0.12402854, preBrt=NaN, lux=2.875, preLux=NaN, brtNits=12.915491, hdrNits=NaN, initNits=9.484422, preNits=NaN, rcmdNits=12.915491, hdrBrightness=NaN, brt(%)=15%, brtInt=33, hbmPolicy=normal, hbmMax=0.85440856, hbmMode=off, rbcStrength=50, thrmMax=1.0, powerFactor=1.0, wasShortTermModelActive=false, flags=, reason=automatic, autoBrightness=true, strategy=InvalidBrightnessStrategy, autoBrightnessMode=default
03-09 23:50:12.731  2300  2300 E Scheduler: trackPendingFrame: Invalid present fence
03-09 23:50:12.731  3163  3352 D BrightnessThermalClamper: Thermal status observer already started
03-09 23:50:12.732  2078  2078 I QTI PowerHAL: Power setMode: 6 to: 0
03-09 23:50:12.732  2300  4967 I SurfaceFlinger: mBrightnessDiming=1, isCli=0, mBrightnessDimingCnt=0
03-09 23:50:12.733 26976 27604 D MCLOG   : [BrightnessManager] displayId = 0 brightness = 0.12402854 nit = 12.915491 level = br1
03-09 23:50:12.736  5993  9263 I NullBinder: NullBinder for android.net.action.RECOMMEND_NETWORKS triggering remote TransactionTooLargeException due to Service without Chimera impl, calling uid: 1000, calling pid: 0
03-09 23:50:12.736  5993  9263 W Binder  : reply too large data on java level: InterfaceDescriptor = null, code = 1
03-09 23:50:12.737  5993  9263 W .gms.persistent: Large reply transaction of 1056768 bytes, interface descriptor , code 1
03-09 23:50:12.738  3163  3352 D BrightnessThermalClamper: Thermal status observer already started
03-09 23:50:12.742  7545  7545 I FileStationLog: [ FS_h$a ] - [Display] Changed display: 0
03-09 23:50:12.742  7545  7545 I FileStationLog: [ FS_h ] - [Logic] Retrieved display info: LogicDisplayInfo(width=1080, height=2640, orientation=1, rotation=0, displayId=0)
03-09 23:50:12.742  7545  7545 I FileStationLog: [ FS_h$a ] - [Display] New logical size: 1080x2640
03-09 23:50:12.742  7545  7545 I FileStationLog: [ FS_h$a ] - [Display] Screen width unchanged: 1080
03-09 23:50:12.742  3163  3163 I BrightnessSynchronizer: New Update: {[3947] 0.12402854(f), mUpdatedTypes=1, mConfirmedTypes=0, mTimeUpdated=0, mState=2}
03-09 23:50:12.743  3163  3163 I BrightnessSynchronizer: [3947] New Update 0.12402854(f) set brightness values:  33(i)
03-09 23:50:12.743  3163  3163 I BrightnessSynchronizer: New PendingUpdate: {[3948] 0.12402854(f), mUpdatedTypes=0, mConfirmedTypes=0, mTimeUpdated=0, mState=1}, prev=null
03-09 23:50:12.746  2078  2078 I QTI PowerHAL: Power setMode: 6 to: 1
03-09 23:50:12.746  3163  3163 I BrightnessSynchronizer: Swallowing update of 33(i) by update: {[3947] 0.12402854(f), mUpdatedTypes=1, mConfirmedTypes=1, mTimeUpdated=31502731, mState=2}
03-09 23:50:12.746  3163  3163 I BrightnessSynchronizer: Completed Update: {[3947] 0.12402854(f), mUpdatedTypes=1, mConfirmedTypes=1, mTimeUpdated=31502731, mState=3}
03-09 23:50:12.746  3163  3163 I BrightnessSynchronizer: New Update: {[3948] 0.12402854(f), mUpdatedTypes=0, mConfirmedTypes=0, mTimeUpdated=0, mState=2}
03-09 23:50:12.746  2078  2078 E QTI PowerHAL: Failed to acquire lock for hint_id: 10A5.
03-09 23:50:12.757  3163  3163 I BrightnessSynchronizer: New Update: {[3949] 0.12402854(f), mUpdatedTypes=0, mConfirmedTypes=0, mTimeUpdated=0, mState=2}
03-09 23:50:12.761  7091 21947 I ModemStats: [DataStallDetectService] onCapabilitiesChanged networkCapabilities=[ Transports: WIFI Capabilities: NOT_METERED&INTERNET&NOT_RESTRICTED&TRUSTED&NOT_VPN&VALIDATED&NOT_ROAMING&FOREGROUND&NOT_CONGESTED&NOT_SUSPENDED&NOT_VCN_MANAGED&NOT_BANDWIDTH_CONSTRAINED LinkUpBandwidth>=5852Kbps LinkDnBandwidth>=74975Kbps TransportInfo: <SSID: <unknown ssid>, BSSID: 02:00:00:00:00:00, MAC: 02:00:00:00:00:00, IP: /10.0.0.248, Security type: 2, Supplicant state: COMPLETED, Wi-Fi standard: 11ax, RSSI: -62, Link speed: 576Mbps, Tx Link speed: 576Mbps, Max Supported Tx Link speed: 1200Mbps, Rx Link speed: 432Mbps, Max Supported Rx Link speed: 1200Mbps, Frequency: 5785MHz, Net ID: -1, Metered hint: false, score: 60, isUsable: true, CarrierMerged: false, SubscriptionId: -1, IsPrimary: -1, Trusted: true, Restricted: false, Ephemeral: false, OEM paid: false, OEM private: false, OSU AP: false, FQDN: <none>, Provider friendly name: <none>, Requesting package name: <none><none>MLO Information: , Is TID-To-Link negotiation supported by the AP: false, AP MLD Address: <none>, AP MLO Link Id: <none>, AP MLO Affiliated links: <none>, Vendor Data: <none>> SignalStrength: -62 UnderlyingNetworks: Null]
03-09 23:50:12.761  7091 21947 I ModemStats: [DataStallDetectService] onCapabilitiesChanged NET_CAPABILITY_VALIDATED=true
03-09 23:50:12.761  7091 21947 I ModemStats: [DataStallDetectService] onCapabilitiesChanged mDataStallManager.mDataStallInstance=null
03-09 23:50:12.761  7091 21947 I ModemStats: [DataStallDetectService] onCapabilitiesChanged mDataStallSmart5gManager.mDataStallInstance=null
03-09 23:50:12.761  3163  3163 I BrightnessSynchronizer: New Update: {[3950] 0.12402854(f), mUpdatedTypes=0, mConfirmedTypes=0, mTimeUpdated=0, mState=2}
03-09 23:50:12.770  5625  5625 V KeyguardStatusViewController: onTimeChanged
03-09 23:50:12.785  2064  4171 D slpi-TCS3720: ALS_REPORT lux 3.561904, ch0 2.034430-1.516806-0.702158-0.298530, scale 1.1878, fps 90, client 1
03-09 23:50:12.785  2064  4171 D slpi-TCS3720: PRX_OC info Far, Total 0, pdata 0, offset 0 step 0.63, ore 0:0 step 21.00, TH_H 1020, TH_L 0, client 0
03-09 23:50:12.788  2078  2078 I QTI PowerHAL: Power setMode: 6 to: 0
03-09 23:50:12.793  5625  5625 I vol.VolumeDialogImpl: dismissH reason = posture_changed mDialog.isShowing(): false
03-09 23:50:12.793  3163  3352 I WindowManager: Display 0 turned on...
03-09 23:50:12.794  5493  5493 I WallpaperService: engine resumed
03-09 23:50:12.797  3163  3163 I BrightnessSynchronizer: New Update: {[3951] 0.12402854(f), mUpdatedTypes=0, mConfirmedTypes=0, mTimeUpdated=0, mState=2}
03-09 23:50:12.797  3163  3352 W PowerManagerService: Screen on took 579 ms
03-09 23:50:12.798  3163  3163 I BrightnessSynchronizer: New Update: {[3952] 0.12402854(f), mUpdatedTypes=0, mConfirmedTypes=0, mTimeUpdated=0, mState=2}
03-09 23:50:12.798  2300  2446 I SurfaceFlinger: mBrightnessDiming=0, isCli=0, mBrightnessDimingCnt=0
03-09 23:50:12.798  3163  3163 I WindowManager: Finished waking up... (groupId=0 why=ON_BECAUSE_OF_USER) pmWakeReason=WAKE_REASON_LID
03-09 23:50:12.799  3163  3231 D DisplayManagerService: Ignore redundant display event 0/4 to 10416/12048
03-09 23:50:12.799  5625  5669 D ShellSplitScreen: onFinishedWakingUp
03-09 23:50:12.800  3163  3163 I BrightnessSynchronizer: New Update: {[3953] 0.12402854(f), mUpdatedTypes=0, mConfirmedTypes=0, mTimeUpdated=0, mState=2}
03-09 23:50:12.802  2064  2064 I sensors-hal: batch:206, android.sensor.accelerometer/11, period=20000000, max_latency=0
03-09 23:50:12.802  2064  2064 I sensors-hal: set_config:57, sample_period_ns is adjusted to 20000000 based on min/max delay_ns
03-09 23:50:12.802  2064  2064 I sensors-hal: send_sensor_config_request:395, resampler is used, set resampler config
03-09 23:50:12.802  2064  2064 I sensors-hal: send_sync_sensor_request:341, send sync request
03-09 23:50:12.802  2064  2064 I sensors-hal: send_sync_sensor_request:367, wait for notification of response
03-09 23:50:12.804  2064  5194 I sensors-hal: ssc_conn_resp_cb:632, resp_value = 0
03-09 23:50:12.805  2064  2064 I sensors-hal: send_sync_sensor_request:373, takes 2 ms to receive the response with 0
03-09 23:50:12.805  2064  2064 I sensors-hal: batch:215, android.sensor.accelerometer/11, period=20000000, max_latency=0 request completed
03-09 23:50:12.805  2064  2064 I sensors-hal: flush:235, android.sensor.accelerometer/11
03-09 23:50:12.805  2064  2064 I sensors-hal: send_sync_sensor_request:341, send sync request
03-09 23:50:12.805  2064  2064 I sensors-hal: send_sync_sensor_request:367, wait for notification of response
03-09 23:50:12.806  2064  5194 I sensors-hal: ssc_conn_resp_cb:632, resp_value = 0
03-09 23:50:12.806  2064  2064 I sensors-hal: send_sync_sensor_request:373, takes 0 ms to receive the response with 0
03-09 23:50:12.806  2064  2064 I sensors-hal: flush:241, android.sensor.accelerometer/11 completed
03-09 23:50:12.807  2163  2163 D motorola.hardware.sensorext-service: handle id:13 wxh:1088x2640 uwxuh:1080x2640 size: 11489280 fd:11 fd_meta:12 flags:0x4000228 usage:0x33  format:0x1 layer_count: 1 reserved_size = 0
03-09 23:50:12.813  2195  2392 I SDM     : HWCSession::SetCWBOutputBuffer: CWB config passed by cwb_client : tappoint 1  CWB_ROI : (210.000000 26.000000 274.000000 90.000000) for display [1 0 0]
03-09 23:50:12.813  2064  2064 I sensors-hal: batch:206, android.sensor.magnetic_field/21, period=20000000, max_latency=0
03-09 23:50:12.813  2064  2064 I sensors-hal: set_config:57, sample_period_ns is adjusted to 20000000 based on min/max delay_ns
03-09 23:50:12.813  2064  2064 I sensors-hal: batch:215, android.sensor.magnetic_field/21, period=20000000, max_latency=0 request completed
