03-10 20:33:12.083  2195 17537 I SDM     : HWCSession::PerformFenceWaits: CWB fence queue is empty. No pending release fence to wait on.
03-10 20:33:12.084 10834 10834 I AppBase : AppBase.onTrimMemory():427 onTrimMemory(): 40
03-10 20:33:12.085 10834 10834 I KeyboardDefCache: MemoryFileCache$1.onTrimMemory():124 clearMemory() for trim memory: 40
03-10 20:33:12.085 10834 10834 I KeyboardDefCache: MemoryFileCache.clearMemory():408 evictAll()
03-10 20:33:12.087 16744 16744 D InsetsController: hide(ime(), fromIme=true)
03-10 20:33:12.087 16744 16744 I ImeTracker: com.substack.app:94cb8e05: onRequestHide at ORIGIN_CLIENT reason HIDE_SOFT_INPUT_BY_INSETS_API fromUser false
03-10 20:33:12.088 16744 16744 I ImeTracker: com.substack.app:94cb8e05: onCancelled at PHASE_CLIENT_APPLY_ANIMATION
03-10 20:33:12.094 10834 10834 I GoogleInputMethodService: GoogleInputMethodService.onCreate():612 
03-10 20:33:12.095  2163  2163 D SENSOREXT_ALS_COMP: FrontLight: ReportLux 7.74 (8.30-0.56), pre 7.49, dbv 2555, dc 0, fps 90, chPanel 0.14-0.21-0.13-0.04, facCal:lux_s 1.19 cha_s 1.02-1.01-1.06-1.17, RunInfo: DPB 16810-58, TF 16810-0
03-10 20:33:12.100 10834 10834 I GoogleInputMethodService: GoogleInputMethodService.onCreate():636 Maybe update OEM display config because of service creation
03-10 20:33:12.100 10834 10834 I DeviceModeModule: DeviceModeModule.calculateAndNotify():224 Device mode 'phone' from display metrics 'DisplayMetrics{density=0.0, width=1080, height=2640, scaledDensity=0.0, xdpi=397.565, ydpi=435.428}' or smallestScreenWidthDp: 411
03-10 20:33:12.100 10834 10834 I WindowMetricsNotification: WindowMetricsNotification.notify():159 pup[bounds=Rect(0, 108 - 1080, 2640), insets=Rect(0, 0 - 0, 0), densityDpi=420, smallestScreenWidthDp=411, displayWidth=1080, displayHeight=2640, xdpi=397.565, ydpi=435.428, isTrustable=true, displayId=0]; DisplayMetrics{density=2.625, width=1080, height=2640, scaledDensity=2.625, xdpi=397.565, ydpi=435.428}
03-10 20:33:12.100 10834 10834 I WindowMetricsHelper: WindowMetricsHelper.predictAndNotify():145 Window metrics predicted.
03-10 20:33:12.101 10834 10834 I InputMethodEntryManager: InputMethodEntryManager.notifyCurrentInputMethodEntryOnContextChanged():545 notifyCurrentInputMethodEntryOnContextChanged()
03-10 20:33:12.101 10834 10834 I InputMethodEntryManager: InputMethodEntryManager.notifyCurrentInputMethodEntryOnContextChanged():566 Notify current input method entry changed on context change
03-10 20:33:12.101 10834 10834 I KeyboardContextProvider: KeyboardContextProvider.setBaseContextAndInvalidKeyboardContextCache():88 setBaseContextAndInvalidKeyboardContextCache(): com.android.inputmethod.latin.LatinIME@3077b84
03-10 20:33:12.102  5625  5625 I KeyguardTransitionRepository: FINISHED transition: TransitionStep(from=LOCKSCREEN, to=GONE, value=1.0, transitionState=FINISHED, ownerName=FromLockscreenTransitionInteractor)
03-10 20:33:12.103 10834 10834 E GoogleInputMethodService: GoogleInputMethodService.getAppEditorInfo():1875 App EditorInfo should never be null.
03-10 20:33:12.104  5625  5939 D ResourceTrimmer: Sending TRIM_MEMORY_UI_HIDDEN.
03-10 20:33:12.105 10834 10834 I KeyboardThemeProvider: KeyboardThemeProvider.applyKeyboardTheme():27 Apply keyboard theme: theme,!gsf,!pgsans,!pgsf,!use_system_font,BORDER,FLAVOR_DPI=XXHDPI,GOOGLE_ICONS,KEYBOARD_WIDTH_CATEGORY=NORMAL,KEY_BORDER_SHAPE=1,LIGHT_THEME=false,PHYSICAL_DIAGONAL=6.5540767,POPUP,SCREEN_SHORTEST_WIDTH=411,SCREEN_SHORTEST_WIDTH_NO_SCALE=411,SW400DP,XXHDPI,bottom4dp,enable_google_fonts_icons=true,enable_popup_on_keypress=true,keyboard_redesign_google_sans=true,non_linear_scale,noshadow,overlay_builtin_dynamic_color_dark_base.binarypb:gm3-dark-ff0f1417-ff81cfff-a0bba153472d40c3fd5169df1c3927bf,silkpopup
03-10 20:33:12.105 10834 10834 I KeyboardContextProvider: KeyboardContextProvider$KeyboardContextCache.createKeyboardContext():173 createKeyboardContext(): en-US, lew@ebbbac6(com.android.inputmethod.latin.LatinIME@3077b84), {1.0 ?mcc0mnc [en_US] ldltr sw411dp w411dp h1006dp 420dpi nrml long layoutCompatNeeded port night finger -keyb/v/h -nav/h winConfig={ mBounds=Rect(0, 0 - 1080, 2640) mAppBounds=Rect(0, 0 - 1080, 2640) mMaxBounds=Rect(0, 0 - 1080, 2640) mDisplayRotation=ROTATION_0 mWindowingMode=fullscreen mActivityType=undefined mAlwaysOnTop=undefined mRotation=ROTATION_0} as.2 s.35 fontWeightAdjustment=0 ?spn ?gid}
03-10 20:33:12.105 10834 10834 I GoogleInputMethodService: GoogleInputMethodService.onCurrentInputMethodEntryChanged():2345 onCurrentInputMethodEntryChanged(): imeDefsChanged=false, entryLanguageVariantChanged=true, keyboardContextChanged=true
03-10 20:33:12.105 10834 10834 I GoogleInputMethodService: GoogleInputMethodService.clearInputMethodServiceData():1030 clearInputMethodServiceData for entryChange
03-10 20:33:12.106 10834 10834 I GoogleInputMethodService: GoogleInputMethodService.initializeInputMethodServiceData():854 initializeInputMethodServiceData for mff{languageTag=en-US, variant=qwerty, hasLocalizedResources=true, conditionCacheKey=_android_software_xr_api_spatial=false_app_first_start_timestamp=1696477746690_cache_additional_ime_defs_for_condition_change=false_cache_ime_defs_for_condition_change=false_deprecate_long_press_space_for_ime_picker=false_device=phone_device_size=default_enable_correction_settings_updates=true_enable_flick_symbols=true_enable_more_candidates_view_for_multilingual=false_enable_number_row=false_enable_number_row_in_password=true_enable_pk_simulator=false_enable_pk_simulator_setting=false_enable_preemptive_decode=true_enable_scrub_move=true_enable_secondary_digits=true_enable_secondary_symbols=false_expressions=normal_four_or_more_letter_rows=false_keyboard_mode=normal_language=en-US_layout_9key_split=false_orientation=portrait_physical_keyboard=nokeys_pk_simulator_vk_ready=false_pref_enable_flick_symbols=false_rtl_layout=false_show_comma_key=true_show_period_key=true_show_secondary_digits=true_show_suggestion_strip=true_show_suggestions=true_split_with_duplicate_keys=true_true=true_variant=qwerty_writing_helper_enable_by_word_revert=false, imeDef.stringId=ime_english_united_states, imeDef.className=com.google.android.apps.inputmethod.libs.latin5.LatinIme, imeDef.languageTag=en-US}
03-10 20:33:12.106 10834 10834 E GoogleInputMethodService: GoogleInputMethodService.getAppEditorInfo():1875 App EditorInfo should never be null.
03-10 20:33:12.107 10834 10834 I KeyboardThemeProvider: KeyboardThemeProvider.applyKeyboardTheme():27 Apply keyboard theme: theme,!gsf,!pgsans,!pgsf,!use_system_font,BORDER,FLAVOR_DPI=XXHDPI,GOOGLE_ICONS,KEYBOARD_WIDTH_CATEGORY=NORMAL,KEY_BORDER_SHAPE=1,LIGHT_THEME=false,PHYSICAL_DIAGONAL=6.5540767,POPUP,SCREEN_SHORTEST_WIDTH=411,SCREEN_SHORTEST_WIDTH_NO_SCALE=411,SW400DP,XXHDPI,bottom4dp,enable_google_fonts_icons=true,enable_popup_on_keypress=true,keyboard_redesign_google_sans=true,non_linear_scale,noshadow,overlay_builtin_dynamic_color_dark_base.binarypb:gm3-dark-ff0f1417-ff81cfff-a0bba153472d40c3fd5169df1c3927bf,silkpopup
03-10 20:33:12.108 10834 10834 I AndroidIME: InputBundleManager.loadActiveInputBundleId():528 loadActiveInputBundleId: und-Latn-x-password, password
03-10 20:33:12.109 10834 10834 I HardKeyTracker: HardKeyTracker.registerKeySequence():170 Register key sequence nul{labelResId=2132020475, callback=cnx@39fb84d, lastModifier=2, keyCodes=[47], actions=[0]}
03-10 20:33:12.109 10834 10834 I HardKeyTracker: HardKeyTracker.registerKeySequence():170 Register key sequence nul{labelResId=0, callback=lkj@83c8c49, lastModifier=0, keyCodes=[204], actions=[0]}
03-10 20:33:12.111 10834 10834 I Module  : DeviceLockedStatusModuleProvider$Module.updateDeviceLockedStatus():103 repeatCheckTimes = 0, locked = false
03-10 20:33:12.112 10834 10834 I PersonalizeTopBarHandler: PersonalizeTopBarHandler.loadPersonalizedAccessPoints():110 Load remained access points null
03-10 20:33:12.112 10834 12799 I KeyboardGroupDefParser: KeyboardGroupDefParser.parseKeyboardGroupDef():86 parseKeyboardGroupDef() 2132213760 -> 0_resource_name_obfuscated : WaitTime = 0 ms : RunTime = 0 ms
03-10 20:33:12.112 10834 12799 I JapaneseMozcExtension: JapaneseMozcExtension.onCreate():44 
03-10 20:33:12.112 10834 10834 I UniversalDictationExtension: UniversalDictationExtension.onCreateExtension():66 onCreate [UD]
03-10 20:33:12.114 10834 10834 I NetworkInfoNotification: NetworkInfoNotification$Listener.onReceive():107 onNetworkAvailable: networkState = NON_METERED, isAirplaneModeOn = false
03-10 20:33:12.114 10834 12816 I NewS3RecognizerModule: NewS3RecognizerModule.onCreate():21 onCreate [news3]
03-10 20:33:12.114 10834 10962 I SP      : Registering emoticon_content_description.2022081613, url: https://www.gstatic.com/android/keyboard/emoticon_content_desc/202208161305/superpacks_manifest.json, constraints: W:*:*:*, flags: bg, requested: 2022081613, current: 2022081613
03-10 20:33:12.115 10834 23388 I ContentCacheModule: ContentCacheModule.onCreate():168 ContentCacheModule is created.
03-10 20:33:12.116 10834 12799 I NetworkInfoNotification: NetworkInfoNotification$Listener.onReceive():107 onNetworkAvailable: networkState = NON_METERED, isAirplaneModeOn = false
03-10 20:33:12.117 10834 10962 I SP      : Syncing emoticon_content_description (2022081613) with slices: [7a635888cb828dfa2fc744b7b9b50f04], metadata: false
03-10 20:33:12.117 10834 10996 I InputActionMetricsProcessor: InputActionMetricsProcessor.onAttached():104 Attached to metrics manager.
03-10 20:33:12.117 10834 10996 W MetricsManager: MetricsManager.addProcessorImpl():551 Processor gfj@df25cbe already exists.
03-10 20:33:12.123 10834 10834 I Environment: Environment.isPackageInstalled():302 com.bitstrips.imoji is not installed
03-10 20:33:12.124 10834 10834 I AbstractOpenableExtension: AbstractOpenableExtension.createKeyboardGroupManagerListenableFuture():121 Create keyboard group manager listenable future in ezz
03-10 20:33:12.124 10834 10834 I EmojifyExtensionImpl: EmojifyExtensionImpl.onCreate():604 Creating Emojify extension ezf@32360e9.
03-10 20:33:12.125 10834 10834 I AbstractOpenableExtension: AbstractOpenableExtension.createKeyboardGroupManagerListenableFuture():121 Create keyboard group manager listenable future in hme
03-10 20:33:12.125 10834 12816 I KeyboardGroupDefParser: KeyboardGroupDefParser.parseKeyboardGroupDef():86 parseKeyboardGroupDef() 2132213998 -> 0_resource_name_obfuscated : WaitTime = 0 ms : RunTime = 0 ms
03-10 20:33:12.126 10834 23388 I Environment: Environment.isPackageInstalled():302 com.bitstrips.imoji is not installed
03-10 20:33:12.126 10834 12814 I KeyboardGroupDefParser: KeyboardGroupDefParser.parseKeyboardGroupDef():86 parseKeyboardGroupDef() 2132213997 -> 0_resource_name_obfuscated : WaitTime = 1 ms : RunTime = 1 ms
03-10 20:33:12.131 10834 13037 I DeviceStatusMonitor: DeviceStatusMonitor.handleBroadcast():138 onReceive() : Action = android.intent.action.SCREEN_ON
03-10 20:33:12.131 10834 13037 I DeviceStatusMonitor: DeviceStatusMonitor.updateCountryInfo():154 updateCountryInfo(), notifyAnyway = false
03-10 20:33:12.133 10834 10834 I HardKeyTracker: HardKeyTracker.registerKeySequence():170 Register key sequence nul{labelResId=2132020472, callback=null, lastModifier=2, keyCodes=[8], actions=[0]}
03-10 20:33:12.133 10834 10834 I HardKeyTracker: HardKeyTracker.registerKeySequence():170 Register key sequence nul{labelResId=2132020474, callback=gqg@f22f4df, lastModifier=2, keyCodes=[62], actions=[0]}
03-10 20:33:12.134 10834 10834 I ClipboardDataHandler: ClipboardDataHandler.updateScreenshotsContentObserver():311 Disable the feature of handling screenshots in the clipboard.
03-10 20:33:12.134 10834 10834 W NotificationCenter: NotificationCenter.unregisterListener():480 Listener efs@a530cde was not registered for notification class ndp
03-10 20:33:12.137 10834 10962 I SP      : Registering emoticon_content_description.2022081613, url: https://www.gstatic.com/android/keyboard/emoticon_content_desc/202208161305/superpacks_manifest.json, constraints: W:*:*:*, flags: bg, requested: 2022081613, current: 2022081613
03-10 20:33:12.138 10834 10962 I SP      : Registering dynamic_art.20221021, url: https://www.gstatic.com/android/keyboard/dynamic_art/20221021184232/manifest.json, constraints: *:*:*:*, flags: *, requested: 20221021, current: 20221021
03-10 20:33:12.138 10834 10996 I ContentCacheModule: ContentCacheModule.loadKeywordMappingsAsync():278 Loaded 1867 keyword --> image mappings and 873 keyword --> timestamp mappings
03-10 20:33:12.139 10834 10834 I AbstractOpenableExtension: AbstractOpenableExtension.createKeyboardGroupManagerListenableFuture():121 Create keyboard group manager listenable future in hjj
03-10 20:33:12.140 10834 12817 I KeyboardGroupDefParser: KeyboardGroupDefParser.parseKeyboardGroupDef():86 parseKeyboardGroupDef() 2132213990 -> 0_resource_name_obfuscated : WaitTime = 0 ms : RunTime = 2 ms
03-10 20:33:12.140 10834 10834 I HardKeyTracker: HardKeyTracker.registerKeySequence():170 Register key sequence nul{labelResId=2132018771, callback=cth@2c11831, lastModifier=2, keyCodes=[39], actions=[0]}
03-10 20:33:12.140 10834 10834 I HardKeyTracker: HardKeyTracker.registerKeySequence():170 Register key sequence nul{labelResId=2132020469, callback=cth@e9e7c97, lastModifier=65536, keyCodes=[76], actions=[0]}
03-10 20:33:12.140 10834 10834 I PkDeviceHelper: PkDeviceHelper.refreshDevices():93 refreshing devices
03-10 20:33:12.141 10834 10834 I AccessPointsListHolderController: AccessPointsListHolderController.removeAccessPoint():581 The access point share is not added
03-10 20:33:12.141 10834 10834 I HardKeyTracker: HardKeyTracker.unregisterKeySequence():221 Unregister key sequence nul{labelResId=2132020469, callback=cth@e9e7c97, lastModifier=65536, keyCodes=[76], actions=[0]}
03-10 20:33:12.141 10834 10834 I HardKeyTracker: HardKeyTracker.registerKeySequence():170 Register key sequence nul{labelResId=2132020469, callback=cth@64c22a2, lastModifier=65536, keyCodes=[76], actions=[0]}
03-10 20:33:12.141 10834 10834 I HardKeyTracker: HardKeyTracker.registerKeySequence():170 Register key sequence nul{labelResId=2132020468, callback=cth@c444b33, lastModifier=2, keyCodes=[37], actions=[0]}
03-10 20:33:12.141 10834 10834 I AccessPointsListHolderController: AccessPointsListHolderController.removeAccessPoint():581 The access point textediting is not added
03-10 20:33:12.141 10834 10834 I AccessPointsListHolderController: AccessPointsListHolderController.removeAccessPoint():581 The access point settings is not added
03-10 20:33:12.141 10834 10834 I AccessPointsListHolderController: AccessPointsListHolderController.removeAccessPoint():581 The access point theme_setting is not added
03-10 20:33:12.141 10834 10834 I HardKeyTracker: HardKeyTracker.registerKeySequence():170 Register key sequence nul{labelResId=2132020470, callback=cth@d619c69, lastModifier=2, keyCodes=[48], actions=[0]}
03-10 20:33:12.141 10834 10834 I HardKeyTracker: HardKeyTracker.registerKeySequence():170 Register key sequence nul{labelResId=2132020465, callback=cth@26dc6ee, lastModifier=2, keyCodes=[50], actions=[0]}
03-10 20:33:12.141 10834 10834 I HardKeyTracker: HardKeyTracker.registerKeySequence():170 Register key sequence nul{labelResId=2132020465, callback=cth@56e678f, lastModifier=2, keyCodes=[50], actions=[0]}
03-10 20:33:12.141 10834 10834 I HardKeyTracker: HardKeyTracker.registerKeySequence():170 Register key sequence nul{labelResId=2132020470, callback=cth@b29da1c, lastModifier=2, keyCodes=[48], actions=[0]}
03-10 20:33:12.141 10834 10834 I HardKeyTracker: HardKeyTracker.registerKeySequence():170 Register key sequence nul{labelResId=2132020466, callback=cth@2f363fa, lastModifier=2, keyCodes=[56], actions=[0]}
03-10 20:33:12.141 10834 10834 I HardKeyTracker: HardKeyTracker.registerKeySequence():170 Register key sequence nul{labelResId=2132020466, callback=cth@773edab, lastModifier=0, keyCodes=[317], actions=[0]}
03-10 20:33:12.141 10834 12799 I KeyboardGroupDefParser: KeyboardGroupDefParser.parseKeyboardGroupDef():86 parseKeyboardGroupDef() 2132213995 -> 0_resource_name_obfuscated : WaitTime = 1 ms : RunTime = 1 ms
03-10 20:33:12.141 10834 10834 I AccessPointsListHolderController: AccessPointsListHolderController.removeAccessPoint():581 The access point split is not added
03-10 20:33:12.141 10834 10962 I SP      : Syncing dynamic_art (20221021) with slices: [41a013de12bb1d63367cf56d14febd9b, 9fbd8f766281732075d152fa48b82975, affe22790ef2882a534a603c38f3ead0], metadata: false
03-10 20:33:12.141 10834 10834 I AccessPointsListHolderController: AccessPointsListHolderController.removeAccessPoint():581 The access point keyboard_resize is not added
03-10 20:33:12.142 10834 12817 I KeyboardGroupDefParser: KeyboardGroupDefParser.parseKeyboardGroupDef():86 parseKeyboardGroupDef() 2132213994 -> 0_resource_name_obfuscated : WaitTime = 0 ms : RunTime = 2 ms
03-10 20:33:12.144 10834 10962 I SP      : Sync for emoticon_content_description succeeded in 27 ms: no changes
03-10 20:33:12.144 10834 10962 I SP      : GC for 'emoticon_content_description' (10) with ttl of 0 ms took 0 ms (0/0/0)
03-10 20:33:12.145 10834 10834 I GoogleInputMethodService: GoogleInputMethodService$GoogleInputMethodImpl.attachToken():2701 
03-10 20:33:12.161 10834 10834 I SystemSubtypesReportModule: SystemSubtypesReportModule$1.onBindService():97 
03-10 20:33:12.161 10834 10834 I SystemSubtypesReportModule: SystemSubtypesReportModule$1.onBindService():103 Start listening current entry
03-10 20:33:12.161 10834 10834 I SystemSubtypesReportModule: SystemSubtypesReportModule$3.onSetCurrentInputMethodSubtype():184 en_US
03-10 20:33:12.161 10834 10834 I SystemSubtypesReportModule: SystemSubtypesReportModule$3.onSetCurrentInputMethodSubtype():205 switchEntry(en-US)
03-10 20:33:12.172 10834 10962 I SP      : Syncing emoticon_content_description (2022081613) with slices: [7a635888cb828dfa2fc744b7b9b50f04], metadata: false
03-10 20:33:12.173 10834 10917 E InputMethodWrapper: startInput must be called after bindInput.
03-10 20:33:12.183 10834 10834 I GoogleInputMethodService: GoogleInputMethodService.onStartInput():1347 onStartInput(EditorInfo{EditorInfo{packageName=com.substack.app, inputType=0, inputTypeString=NULL, enableLearning=false, autoCorrection=false, autoComplete=false, imeOptions=0, privateImeOptions=null, actionName=UNSPECIFIED, actionLabel=null, initialSelStart=-1, initialSelEnd=-1, initialCapsMode=0, label=null, fieldId=0, fieldName=null, extras=null, hintText=null, hintLocales=[]}}, false)
03-10 20:33:12.184 10834 10834 I HardKeyTracker: HardKeyTracker.registerKeySequence():170 Register key sequence nul{labelResId=0, callback=gqg@f929e68, lastModifier=0, keyCodes=[57, 57], actions=[1, 0]}
03-10 20:33:12.184 10834 10834 I HardKeyTracker: HardKeyTracker.registerKeySequence():170 Register key sequence nul{labelResId=0, callback=gqg@a215281, lastModifier=0, keyCodes=[58, 58], actions=[1, 0]}
03-10 20:33:12.185 10834 10834 I Module  : DeviceLockedStatusModuleProvider$Module.updateDeviceLockedStatus():103 repeatCheckTimes = 1, locked = false
03-10 20:33:12.186  3163  7933 W PackageConfigPersister: App-specific configuration not found for packageName: com.substack.app and userId: 0
03-10 20:33:12.195  5625  5922 D Surface : Surface::disconnect
03-10 20:33:12.195  5625  5922 D BufferQueueProducer: [NotificationShade#79753(BLAST Consumer)pid:5625](id:15f900000de9,api:1,p:5625,c:5625) disconnect: api 1
03-10 20:33:12.196 10834 10962 I SP      : Sync for dynamic_art succeeded in 55 ms: no changes
03-10 20:33:12.196 10834 10962 I SP      : GC for 'dynamic_art' (10) with ttl of 0 ms took 0 ms (0/0/0)
03-10 20:33:12.196 10834 10962 I SP      : Sync for emoticon_content_description succeeded in 53 ms: no changes
03-10 20:33:12.197  5493  5493 I WallpaperService: engine paused
03-10 20:33:12.197 10834 10962 I SP      : GC for 'emoticon_content_description' (10) with ttl of 0 ms took 0 ms (0/0/0)
03-10 20:33:12.197  2064  2064 I sensors-hal: batch:206, android.sensor.accelerometer/11, period=200000000, max_latency=0
03-10 20:33:12.197  2064  2064 I sensors-hal: set_config:57, sample_period_ns is adjusted to 200000000 based on min/max delay_ns
03-10 20:33:12.197  2064  2064 I sensors-hal: send_sensor_config_request:395, resampler is used, set resampler config
03-10 20:33:12.197  2064  2064 I sensors-hal: send_sync_sensor_request:341, send sync request
03-10 20:33:12.198  2064  2064 I sensors-hal: send_sync_sensor_request:367, wait for notification of response
03-10 20:33:12.199  2064  5194 I sensors-hal: ssc_conn_resp_cb:632, resp_value = 0
03-10 20:33:12.200  2064  2064 I sensors-hal: send_sync_sensor_request:373, takes 2 ms to receive the response with 0
03-10 20:33:12.200  2064  2064 I sensors-hal: batch:215, android.sensor.accelerometer/11, period=200000000, max_latency=0 request completed
03-10 20:33:12.201  2064  2064 I sensors-hal: activate:173, android.sensor.magnetic_field/21 en=0
03-10 20:33:12.202  2061  2108 E minksocket: MinkIPC_QRTR_Service: client with node 1 port 6646 went down
03-10 20:33:12.203  2064  2064 I sensors-hal: activate:184, android.sensor.magnetic_field/21 en=0 completed
03-10 20:33:12.203  2061  2108 E minksocket: MinkIPC_QRTR_Service: client with node 1 port 6641 went down
03-10 20:33:12.206  5493  5493 I AndroidInput: sensor listener tear down
03-10 20:33:12.206  5493  5971 D Surface : Surface::disconnect
03-10 20:33:12.206  5493  5971 D BufferQueueProducer: [Wallpaper BBQ wrapper#89(BLAST Consumer)pid:5493](id:157500000000,api:1,p:5493,c:5493) disconnect: api 1
03-10 20:33:12.210  2064  2064 I sensors-hal: activate:173, android.sensor.hinge_angle/362 en=0
03-10 20:33:12.212  2061  2108 E minksocket: MinkIPC_QRTR_Service: client with node 1 port 664b went down
03-10 20:33:12.213  2064  2064 I sensors-hal: activate:184, android.sensor.hinge_angle/362 en=0 completed
03-10 20:33:12.215  3163  3231 I DisplayDeviceRepository: Display device changed: DisplayDeviceInfo{"Built-in Screen": uniqueId="local:4630947043778501762", 1080 x 2640, modeId 1, renderFrameRate 120.00001, defaultModeId 1, userPreferredModeId -1, supportedModes [{id=1, width=1080, height=2640, fps=120.00001, vsync=120.00001, synthetic=false, alternativeRefreshRates=[24.000002, 60.000004], supportedHdrTypes=[2, 3, 4]}, {id=2, width=1080, height=2640, fps=144.00002, vsync=144.00002, synthetic=false, alternativeRefreshRates=[], supportedHdrTypes=[2, 3, 4]}, {id=3, width=1080, height=2640, fps=90.0, vsync=90.0, synthetic=false, alternativeRefreshRates=[], supportedHdrTypes=[2, 3, 4]}, {id=4, width=1080, height=2640, fps=60.000004, vsync=60.000004, synthetic=false, alternativeRefreshRates=[24.000002, 120.00001], supportedHdrTypes=[2, 3, 4]}, {id=5, width=1080, height=2640, fps=30.000002, vsync=30.000002, synthetic=false, alternativeRefreshRates=[], supportedHdrTypes=[2, 3, 4]}, {id=6, width=1080, height=2640, fps=24.000002, vsync=24.000002, synthetic=false, alternativeRefreshRates=[60.000004, 120.00001], supportedHdrTypes=[2, 3, 4]}], supportedReadyForModes [], colorMode 0, supportedColorModes [0, 7, 9], hdrCapabilities HdrCapabilities{mSupportedHdrTypes=[2, 3, 4], mMaxLuminance=420.0, mMaxAverageLuminance=210.1615, mMinLuminance=0.323}, allmSupported false, gameContentTypeSupported false, density 420, 397.565 x 435.428 dpi, appVsyncOff 1000000, presDeadline 13333332, cutout DisplayCutout{insets=Rect(0, 108 - 0, 0) waterfall=Insets{left=0, top=0, right=0, bottom=0} boundingRect={Bounds=[Rect(0, 0 - 0, 0), Rect(495, 0 - 585, 108), Rect(0, 0 - 0, 0), Rect(0, 0 - 0, 0)]} cutoutPathParserInfo={CutoutPathParserInfo{displayWidth=1080 displayHeight=2640 physicalDisplayWidth=1080 physicalDisplayHeight=2640 density={2.625} cutoutSpec={M -45,0 L 45,0 L 45,108 L -45,108 Z} rotation={0} scale={1.0} physicalPixelDisplaySizeRatio={1.0}}} sideOverrides={}}, touch INTERNAL, rotation 0, type INTERNAL, address {port=130, model=0x40446dccee101c}, deviceProductInfo DeviceProductInfo{name=, manufacturerPnpId=QCM, productId=1, modelYear=null, manufactureDate=ManufactureDate{week=27, year=2006}, connectionToSinkType=0}, state ON, committedState ON, frameRateOverride , brightnessMinimum 0.0, brightnessMaximum 1.0, brightnessDefault 0.38188976, hdrSdrRatio 1.0, FLAG_ALLOWED_TO_BE_DEFAULT_DISPLAY, FLAG_ROTATES_WITH_CONTENT, FLAG_SECURE, FLAG_SUPPORTS_PROTECTED_BUFFERS, FLAG_TRUSTED, installOrientation 0, displayShape DisplayShape{ spec=-1962366115 displayWidth=1080 displayHeight=2640 physicalPixelDisplaySizeRatio=1.0 rotation=0 offsetX=0 offsetY=0 scale=1.0}}
03-10 20:33:12.218  5625  5920 D ControlsListingControllerImpl: Unsubscribing callback
03-10 20:33:12.220  5625  5920 D ControlsListingControllerImpl: Unsubscribing callback
03-10 20:33:12.223  5625  5920 D ControlsListingControllerImpl: Unsubscribing callback
03-10 20:33:12.227  5625  5635 I ndroid.systemui: NativeAlloc concurrent mark compact GC freed 60MB AllocSpace bytes, 9(436KB) LOS objects, 75% free, 25MB/100MB, paused 508us,1.887ms total 141.500ms
03-10 20:33:12.250  5625  5637 W System  : A resource failed to call release. 
03-10 20:33:12.251  5625  5637 W System  : A resource failed to call release. 
03-10 20:33:12.251  5625  5637 W System  : A resource failed to call release. 
03-10 20:33:12.251  5625  5637 W System  : A resource failed to call release. 
03-10 20:33:12.251  5625  5637 W System  : A resource failed to call release. 
03-10 20:33:12.252  5625  5637 W System  : A resource failed to call release. 
03-10 20:33:12.252  5625  5637 W System  : A resource failed to call release. 
03-10 20:33:12.252  5625  5637 W System  : A resource failed to call release. 
03-10 20:33:12.252  5625  5637 W ndroid.systemui: ApkAssets: Deleting an ApkAssets object '<empty> and /data/app/~~E0u3X5c2KGOUSrK3uo3X_g==/com.substack.app-U-8bRCD0TSmCSw2YsS6wCQ==/base.apk' with 1 weak references
03-10 20:33:12.252  5625  5637 W ndroid.systemui: ApkAssets: Deleting an ApkAssets object '<empty> and /data/app/~~E0u3X5c2KGOUSrK3uo3X_g==/com.substack.app-U-8bRCD0TSmCSw2YsS6wCQ==/split_config.arm64_v8a.apk' with 1 weak references
03-10 20:33:12.253  5625  5637 W ndroid.systemui: ApkAssets: Deleting an ApkAssets object '<empty> and /data/app/~~E0u3X5c2KGOUSrK3uo3X_g==/com.substack.app-U-8bRCD0TSmCSw2YsS6wCQ==/split_config.en.apk' with 1 weak references
03-10 20:33:12.253  5625  5637 W ndroid.systemui: ApkAssets: Deleting an ApkAssets object '<empty> and /data/app/~~E0u3X5c2KGOUSrK3uo3X_g==/com.substack.app-U-8bRCD0TSmCSw2YsS6wCQ==/split_config.xxhdpi.apk' with 1 weak references
03-10 20:33:12.253  5625  5637 W System  : A resource failed to call release. 
03-10 20:33:12.253  5625  5637 W System  : A resource failed to call release. 
03-10 20:33:12.253  5625  5637 W System  : A resource failed to call release. 
03-10 20:33:12.253  5625  5637 W System  : A resource failed to call release. 
03-10 20:33:12.253  5625  5637 W System  : A resource failed to call release. 
03-10 20:33:12.253  5625  5637 W System  : A resource failed to call release. 
03-10 20:33:12.253  5625  5637 W System  : A resource failed to call release. 
03-10 20:33:12.253  5625  5637 W System  : A resource failed to call release. 
03-10 20:33:12.253  5625  5637 W System  : A resource failed to call release. 
03-10 20:33:12.253  5625  5637 W System  : A resource failed to call release. 
03-10 20:33:12.253  5625  5637 W System  : A resource failed to call release. 
03-10 20:33:12.253  5625  5637 W System  : A resource failed to call release. 
03-10 20:33:12.253  5625  5637 W System  : A resource failed to call release. 
03-10 20:33:12.253  5625  5637 W System  : A resource failed to call release. 
03-10 20:33:12.254  5625  5637 W System  : A resource failed to call release. 
03-10 20:33:12.255  5625  5637 W System  : A resource failed to call release. 
03-10 20:33:12.255  5625  5637 W System  : A resource failed to call release. 
03-10 20:33:12.255  5625  5637 W System  : A resource failed to call release. 
03-10 20:33:12.255  5625  5637 W System  : A resource failed to call release. 
03-10 20:33:12.256  5625  5637 W System  : A resource failed to call release. 
03-10 20:33:12.256  5625  5637 W System  : A resource failed to call release. 
03-10 20:33:12.256  5625  5637 W System  : A resource failed to call release. 
03-10 20:33:12.257  5625  5637 W System  : A resource failed to call release. 
03-10 20:33:12.257  5625  5637 W System  : A resource failed to call release. 
03-10 20:33:12.257  5625  5637 W System  : A resource failed to call release. 
03-10 20:33:12.257  5625  5637 W System  : A resource failed to call release. 
03-10 20:33:12.257  5625  5637 W System  : A resource failed to call release. 
03-10 20:33:12.257  5625  5637 W System  : A resource failed to call release. 
03-10 20:33:12.257  5625  5637 W System  : A resource failed to call release. 
03-10 20:33:12.257  5625  5637 W System  : A resource failed to call release. 
03-10 20:33:12.257  5625  5637 W System  : A resource failed to call release. 
03-10 20:33:12.257  5625  5637 W System  : A resource failed to call release. 
03-10 20:33:12.257  5625  5637 W System  : A resource failed to call release. 
03-10 20:33:12.257  5625  5637 W System  : A resource failed to call release. 
03-10 20:33:12.257  5625  5637 W System  : A resource failed to call release. 
03-10 20:33:12.257  5625  5637 W System  : A resource failed to call release. 
03-10 20:33:12.257  5625  5637 W System  : A resource failed to call release. 
03-10 20:33:12.258  5625  5637 W System  : A resource failed to call release. 
03-10 20:33:12.258  5625  5637 W System  : A resource failed to call release. 
03-10 20:33:12.258  5625  5637 W System  : A resource failed to call release. 
03-10 20:33:12.259  5625  5637 W System  : A resource failed to call release. 
03-10 20:33:12.259  5625  5637 W System  : A resource failed to call release. 
03-10 20:33:12.259  5625  5637 W System  : A resource failed to call release. 
03-10 20:33:12.259  5625  5637 W System  : A resource failed to call release. 
03-10 20:33:12.259  5625  5637 W System  : A resource failed to call release. 
03-10 20:33:12.259  5625  5637 W System  : A resource failed to call release. 
03-10 20:33:12.259  5625  5637 W System  : A resource failed to call release. 
03-10 20:33:12.259  5625  5637 W System  : A resource failed to call release. 
03-10 20:33:12.259  5625  5637 W System  : A resource failed to call release. 
03-10 20:33:12.259  5625  5637 W System  : A resource failed to call release. 
03-10 20:33:12.259  5625  5637 W System  : A resource failed to call release. 
03-10 20:33:12.259  5625  5637 W System  : A resource failed to call release. 
03-10 20:33:12.259  5625  5637 W System  : A resource failed to call release. 
03-10 20:33:12.259  5625  5637 W System  : A resource failed to call release. 
03-10 20:33:12.259  5625  5637 W System  : A resource failed to call release. 
03-10 20:33:12.259  5625  5637 W System  : A resource failed to call release. 
03-10 20:33:12.259  5625  5637 W System  : A resource failed to call release. 
03-10 20:33:12.259  5625  5637 W System  : A resource failed to call release. 
03-10 20:33:12.260  5625  5637 W System  : A resource failed to call release. 
03-10 20:33:12.260  5625  5637 W System  : A resource failed to call release. 
03-10 20:33:12.260  5625  5637 W System  : A resource failed to call release. 
03-10 20:33:12.260  5625  5637 W System  : A resource failed to call release. 
03-10 20:33:12.261  5625  5637 W System  : A resource failed to call release. 
03-10 20:33:12.261  5625  5637 W System  : A resource failed to call release. 
03-10 20:33:12.261  5625  5637 W System  : A resource failed to call release. 
03-10 20:33:12.261  5625  5637 W System  : A resource failed to call release. 
03-10 20:33:12.261  5625  5637 W System  : A resource failed to call release. 
03-10 20:33:12.261  5625  5637 W System  : A resource failed to call release. 
03-10 20:33:12.261  5625  5637 W System  : A resource failed to call release. 
03-10 20:33:12.261  5625  5637 W System  : A resource failed to call release. 
03-10 20:33:12.261  5625  5637 W System  : A resource failed to call release. 
03-10 20:33:12.261  5625  5637 W System  : A resource failed to call release. 
03-10 20:33:12.262  5625  5637 W System  : A resource failed to call release. 
03-10 20:33:12.262  5625  5637 W System  : A resource failed to call release. 
03-10 20:33:12.262  5625  5637 W System  : A resource failed to call release. 
03-10 20:33:12.262  5625  5637 W System  : A resource failed to call release. 
03-10 20:33:12.262  5625  5637 W System  : A resource failed to call release. 
03-10 20:33:12.262  5625  5637 W System  : A resource failed to call release. 
03-10 20:33:12.262  5625  5637 W System  : A resource failed to call release. 
03-10 20:33:12.262  5625  5637 W System  : A resource failed to call release. 
03-10 20:33:12.262  5625  5637 W System  : A resource failed to call release. 
03-10 20:33:12.262  5625  5637 W System  : A resource failed to call release. 
03-10 20:33:12.330  2163  2163 D motorola.hardware.sensorext-service: handle id:13 wxh:1088x2640 uwxuh:1080x2640 size: 11489280 fd:11 fd_meta:12 flags:0x4000228 usage:0x33  format:0x1 layer_count: 1 reserved_size = 0
03-10 20:33:12.331  2195  2386 I SDM     : HWCSession::SetCWBOutputBuffer: CWB config passed by cwb_client : tappoint 1  CWB_ROI : (210.000000 26.000000 274.000000 90.000000) for display [1 0 0]
03-10 20:33:12.331  2195 17540 I SDM     : HWCDisplay::SetReadbackBuffer: CWB config from client: tap_point 1, CWB ROI Rect(210.000000 26.000000 274.000000 90.000000), PU_as_CWB_ROI 0, Cwb full rect : (0.000000 0.000000 1080.000000 2640.000000)
03-10 20:33:12.331  2195 17540 I SDM     : HWCDisplay::SetReadbackBuffer: Successfully configured the output buffer: readback_buffer_queued_ 1, readback_configured_ 0, cwb_client 3
03-10 20:33:12.331  2195 17540 I SDM     : HWCSession::ProcessRequests: Successfully configured CWB buffer.
03-10 20:33:12.332  2064  4171 D slpi-TCS3720: ALS_REPORT lux 11.994744, ch0 6.860790-4.140614-2.182092-1.058423, scale 1.1878, fps 90, client 1
03-10 20:33:12.332  2064  4171 D slpi-TCS3720: PRX_OC info Far, Total 0, pdata 0, offset 0 step 0.63, ore 0:0 step 21.00, TH_H 1020, TH_L 0, client 0
03-10 20:33:12.334  2195 17540 I SDM     : HWCSession::ProcessRequests: Pushing release fence in fenece wait queue.
03-10 20:33:12.335  2195 17540 I SDM     : HWCSession::ProcessRequests: Creating AsyncFenceWaits async thread.
03-10 20:33:12.335  2195 17540 I SDM     : HWCSession::ProcessRequests: Remove current CWB request from the pending request queue.
03-10 20:33:12.335  2195 17540 I SDM     : HWCSession::ProcessRequests: No pending cwb requests found in the queue.
03-10 20:33:12.340  2195  2269 I SDM     : HWDeviceDRM::SetupConcurrentWriteback: Tear down the Concurrent Writeback topology
03-10 20:33:12.349  2195 17542 I SDM     : HWCSession::NotifyCWBStatus: Notify the client about buffer status 0.
03-10 20:33:12.350  2195 17542 I SDM     : HWCSession::PerformFenceWaits: Remove current release fence from the pending fence wait queue.
03-10 20:33:12.350  2195 17542 I SDM     : HWCSession::PerformFenceWaits: CWB fence queue is empty. No pending release fence to wait on.
03-10 20:33:12.359  2163  2163 D SENSOREXT_ALS_COMP: FrontLight: ReportLux 7.18 (11.99-4.82), pre 7.74, dbv 2555, dc 0, fps 90, chPanel 2.27-0.91-0.81-0.44, facCal:lux_s 1.19 cha_s 1.02-1.01-1.06-1.17, RunInfo: DPB 16811-58, TF 16811-0
03-10 20:33:12.526  7545  8717 I MotoDesktopLog: [ R4ConnectivityManager ] - cancelWfdPowerSavingAlarm
03-10 20:33:12.530  5993  8761 I NearbyDiscovery: (REDACTED) FastPairHandler: Received action %s
03-10 20:33:12.530  7314  7314 D GameMode: exiting game mode
03-10 20:33:12.530  5993  8761 I NearbyDiscovery: FastPairController: onSystemStateChanged: skip due to flag disabled [CONTEXT service_id=265 ]
03-10 20:33:12.531  7545  7545 I FileStationLog: [ FileStationManager ] - onUserPresent(). hasWindowShowed: false, isMotoWindowType(): true
03-10 20:33:12.531  7314  7314 D GameMode: isFeatureSupported: true
03-10 20:33:12.531  7314  7314 D GameMode: isFeatureSupported: true
03-10 20:33:12.532  7314  7314 D GameMode: reset : false
03-10 20:33:12.533  3163  7400 W ContentProviderHelper: Permission Denial: opening provider com.android.providers.calendar.CalendarProvider2 from ProcessRecord{3e653cf 7150:com.motorola.timeweatherwidget/u0a322} (pid=7150, uid=10322) requires android.permission.READ_CALENDAR or android.permission.WRITE_CALENDAR
03-10 20:33:12.533  5993 26948 I NearbySharing: Screen is unlocked
03-10 20:33:12.533  5993 26948 I NearbySharing: Uwb feature is off.
03-10 20:33:12.533  5993 26948 I NearbySharing: Uwb feature is off.
03-10 20:33:12.534  7314  7314 D GameMode: isFeatureSupported: true
03-10 20:33:12.535  5993 26948 I NearbySharing: Stopping scanning because Nearby Sharing is disabled.
03-10 20:33:12.538  3163  6987 D ActivityManager: unfreezing ProcessRecord{76b59bd 29063:com.android.providers.calendar/u0a147}, reason = oom_uncached, adj = 0, adjType = ext-provider, adjSource = null
03-10 20:33:12.538  5993 26948 I NearbySharing: Stopping Fast Init advertisement because we're not scanning in the foreground.
03-10 20:33:12.538  3163  6987 D ActivityManager: sync unfroze 29063 com.android.providers.calendar for 7
03-10 20:33:12.539  3163  8301 W PackageManager: Missing required system package: com.whatsapp, but found with extended search.
03-10 20:33:12.539  5993 26948 I NearbySharing: Stopping advertising because Nearby Sharing is disabled.
03-10 20:33:12.541  3163  6987 E ActivityManager: Resetting option setPendingIntentBackgroundActivityStartMode(1) to SYSTEM_DEFINED from the options provided by the pending intent creator (com.motorola.timeweatherwidget) because this option is meant for the pending intent sender
03-10 20:33:12.542  3163  7471 W PackageManager: Missing required system package: com.facebook.katana, but found with extended search.
03-10 20:33:12.545  3163  7400 W PackageManager: Missing required system package: com.instagram.android, but found with extended search.
03-10 20:33:12.546  5993 26948 I NearbySharing: Stopping FastInitiation scanning because visibility is hidden.
03-10 20:33:12.547  5993 26948 I NearbySharing: Fast Initiation Scanning has stopped
03-10 20:33:12.547  5993 26948 I NearbySharing: Dismissing HUN as there's no device nearby.
03-10 20:33:12.549  5705  5705 D GameModeDetector: notifyGameModeStatusValue, value=false
03-10 20:33:12.549  5705  5705 D DaxService: sendGameModeIntent, state=false
03-10 20:33:12.550  3163  6987 W PackageManager: Missing required system package: com.instagram.barcelona, but found with extended search.
03-10 20:33:12.554  7836  7876 D DolbyDaxUI: getDeviceType, active device is 0x2
03-10 20:33:12.555  5993 17306 I NearbyMediums: ModuleInitializer handles incoming intent android.intent.action.USER_PRESENT
03-10 20:33:12.556  7836  7876 D DolbyDaxUI: getDeviceType, active device is 0x2
03-10 20:33:12.557  7150  7828 D AdaptWidgetUtil: width--->197
03-10 20:33:12.557  7150  7828 D AdaptWidgetUtil: isSmallWidget: 517,690,minWidth=931.875
03-10 20:33:12.558  7150  7828 D AdaptWidgetUtil: width--->197
03-10 20:33:12.559  2067 14471 D DlbDapEffectContext: DapEffectContext[0xb400007ca4048450] getDapParameter() outval size = 12, ret = 0
03-10 20:33:12.559  5993  5993 I RCNIntentOperation: RCN is disabled on this network.
03-10 20:33:12.560  2067 14471 D DlbDapEffectContext: DapEffectContext[0xb400007ca4048450] getDapParameter() outval size = 12, ret = 0
03-10 20:33:12.560  5705 23492 D DolbyAudioEffectHelper: getDolbyStatus enabled=true profile=0
03-10 20:33:12.560  5705 23492 D DolbyProvider: true, profile=0
03-10 20:33:12.564  3163  7414 E ActivityManager: Resetting option setPendingIntentBackgroundActivityStartMode(1) to SYSTEM_DEFINED from the options provided by the pending intent creator (com.motorola.timeweatherwidget) because this option is meant for the pending intent sender
03-10 20:33:12.564  7150  7828 D WeatherApi: isOWeather: true
03-10 20:33:12.564  7150  7828 D WeatherApi: isOWeather: true
03-10 20:33:12.564  7150  7828 D WeatherApi: isOWeatherUniversal: false
03-10 20:33:12.566  3163  7414 D BiometricService: canAuthenticate: User=0, Caller=0, Authenticators=255
03-10 20:33:12.566  3163  7414 D BiometricService/PreAuthInfo: Package: com.google.android.gms Sensor ID: 1008 Modality: 8 Status: 4
03-10 20:33:12.567  3163  7414 D BiometricService/PreAuthInfo: Package: com.google.android.gms Sensor ID: 0 Modality: 2 Status: 7
03-10 20:33:12.567  3163  7414 D BiometricService/PreAuthInfo: getCanAuthenticateInternal Modality: 2 AuthenticatorStatus: 7
03-10 20:33:12.567  3163  7414 D AuthService: canAuthenticate, userId: 0, callingUserId: 0, authenticators: 255, result: 11
03-10 20:33:12.567  3163  6987 E ActivityManager: Resetting option setPendingIntentBackgroundActivityStartMode(1) to SYSTEM_DEFINED from the options provided by the pending intent creator (com.motorola.timeweatherwidget) because this option is meant for the pending intent sender
03-10 20:33:12.568  3163  7414 E ActivityManager: Resetting option setPendingIntentBackgroundActivityStartMode(1) to SYSTEM_DEFINED from the options provided by the pending intent creator (com.motorola.timeweatherwidget) because this option is meant for the pending intent sender
03-10 20:33:12.568  3163  6987 D BiometricService: canAuthenticate: User=0, Caller=0, Authenticators=65536
03-10 20:33:12.569  3163  6987 E BiometricService: Non-biometric, non-credential bits found. Authenticators: 65536
03-10 20:33:12.570  3163  6987 D BiometricService: canAuthenticate: User=0, Caller=0, Authenticators=15
03-10 20:33:12.570  3163  6987 D BiometricService/PreAuthInfo: Package: com.google.android.gms Sensor ID: 1008 Modality: 8 Status: 4
03-10 20:33:12.571  3163  6987 D BiometricService/PreAuthInfo: Package: com.google.android.gms Sensor ID: 0 Modality: 2 Status: 7
03-10 20:33:12.571  3163  6987 D BiometricService/PreAuthInfo: getCanAuthenticateInternal Modality: 2 AuthenticatorStatus: 7
03-10 20:33:12.571  3163  6987 D AuthService: canAuthenticate, userId: 0, callingUserId: 0, authenticators: 15, result: 11
03-10 20:33:12.573  3163  7933 E ActivityManager: Resetting option setPendingIntentBackgroundActivityStartMode(1) to SYSTEM_DEFINED from the options provided by the pending intent creator (com.motorola.timeweatherwidget) because this option is meant for the pending intent sender
03-10 20:33:12.574  7150  7828 D WeatherApi: isOWeather: true
03-10 20:33:12.574  7150  7828 D WeatherApi: isOWeather: true
03-10 20:33:12.574  7150  7828 D WeatherApi: isOWeatherUniversal: false
03-10 20:33:12.574 23146 17552 I PersonalSafety: ConnectivityProtectionLockingIntentOperation: cancelled task [CONTEXT service_id=310 ]
03-10 20:33:12.576  3163  6987 E ActivityManager: Resetting option setPendingIntentBackgroundActivityStartMode(1) to SYSTEM_DEFINED from the options provided by the pending intent creator (com.motorola.timeweatherwidget) because this option is meant for the pending intent sender
03-10 20:33:12.576  3163  7445 E ActivityManager: Resetting option setPendingIntentBackgroundActivityStartMode(1) to SYSTEM_DEFINED from the options provided by the pending intent creator (com.motorola.timeweatherwidget) because this option is meant for the pending intent sender
03-10 20:33:12.580  3163  5205 D AppWidgetServiceImpl: Trying to notify widget update for package com.motorola.timeweatherwidget with widget id: 2
03-10 20:33:12.609  2163  2163 D motorola.hardware.sensorext-service: handle id:13 wxh:1088x2640 uwxuh:1080x2640 size: 11489280 fd:11 fd_meta:12 flags:0x4000228 usage:0x33  format:0x1 layer_count: 1 reserved_size = 0
03-10 20:33:12.610  2064  4171 D slpi-TCS3720: ALS_REPORT lux 13.134785, ch0 7.623701-4.577028-2.392740-1.194118, scale 1.1878, fps 90, client 1
03-10 20:33:12.610  2064  4171 D slpi-TCS3720: PRX_OC info Far, Total 0, pdata 0, offset 0 step 0.63, ore 0:0 step 21.00, TH_H 1020, TH_L 0, client 0
03-10 20:33:12.610  2195  2392 I SDM     : HWCSession::SetCWBOutputBuffer: CWB config passed by cwb_client : tappoint 1  CWB_ROI : (210.000000 26.000000 274.000000 90.000000) for display [1 0 0]
03-10 20:33:12.611  2195 17555 I SDM     : HWCDisplay::SetReadbackBuffer: CWB config from client: tap_point 1, CWB ROI Rect(210.000000 26.000000 274.000000 90.000000), PU_as_CWB_ROI 0, Cwb full rect : (0.000000 0.000000 1080.000000 2640.000000)
03-10 20:33:12.611  2195 17555 I SDM     : HWCDisplay::SetReadbackBuffer: Successfully configured the output buffer: readback_buffer_queued_ 1, readback_configured_ 0, cwb_client 3
03-10 20:33:12.611  2195 17555 I SDM     : HWCSession::ProcessRequests: Successfully configured CWB buffer.
03-10 20:33:12.617  2195 17555 I SDM     : HWCSession::ProcessRequests: Pushing release fence in fenece wait queue.
03-10 20:33:12.617  2195 17555 I SDM     : HWCSession::ProcessRequests: Creating AsyncFenceWaits async thread.
03-10 20:33:12.618  2195 17555 I SDM     : HWCSession::ProcessRequests: Remove current CWB request from the pending request queue.
03-10 20:33:12.618  2195 17555 I SDM     : HWCSession::ProcessRequests: No pending cwb requests found in the queue.
03-10 20:33:12.620 10834 11019 I DownloadManager: DownloadManager.downloadInternal():419 Download for emoji_kitchen_data scheduled with params mwm[allowMetered=false, requireCharging=false, foreground=false, immediately=false, priority=300]
03-10 20:33:12.620 10834 11019 E MDDTaskScheduler: MDDTaskScheduler.scheduleDownload():191 work Data {charging : false, mdd_task_tag : download, network : false} scheduled
03-10 20:33:12.623  2195  2269 I SDM     : HWDeviceDRM::SetupConcurrentWriteback: Tear down the Concurrent Writeback topology
03-10 20:33:12.629 10834 23388 I EmojiKitchenDataCleanupWorker: EmojiKitchenDataCleanupWorker.enqueueWork():174 Scheduling emoji kitchen data cleanup work.
03-10 20:33:12.629 10834 23388 I EmojiKitchenDataMddDownloader: EmojiKitchenDataMddDownloader.initInBackgroundAndAddCallback():241 Successfully initialize emoji kitchen dabatase: true
03-10 20:33:12.633  2195 17556 I SDM     : HWCSession::NotifyCWBStatus: Notify the client about buffer status 0.
03-10 20:33:12.633  2195 17556 I SDM     : HWCSession::PerformFenceWaits: Remove current release fence from the pending fence wait queue.
03-10 20:33:12.633  2195 17556 I SDM     : HWCSession::PerformFenceWaits: CWB fence queue is empty. No pending release fence to wait on.
03-10 20:33:12.641 10834 23388 I EmojiKitchenDataCleanupWorker: EmojiKitchenDataCleanupWorker.enqueueWork():182 Successfully enqueued emoji kitchen data cleanup work.
03-10 20:33:12.643 10834 10834 I MDDTaskScheduler: MDDTaskScheduler$Worker.startWorkInner():53 work mdd_download_work started
03-10 20:33:12.643 10834 10834 I DownloadManager: DownloadManager.startDownload():503 start download of emoji_kitchen_data
03-10 20:33:12.643  2163  2163 D SENSOREXT_ALS_COMP: FrontLight: ReportLux 8.21 (13.13-4.93), pre 7.18, dbv 2555, dc 0, fps 90, chPanel 2.29-0.91-0.82-0.44, facCal:lux_s 1.19 cha_s 1.02-1.01-1.06-1.17, RunInfo: DPB 16812-58, TF 16812-0
03-10 20:33:12.644 10834 11019 I DownloadManager: DownloadManager$4.onSuccess():572 download for emoji_kitchen_data is finished with files # pyf@7373c173
03-10 20:33:12.646  3163  7933 D ConnectivityService: requestNetwork for uid/pid:10310/10834 activeRequest: null callbackRequest: 17588 [NetworkRequest [ REQUEST id=17589, [ Capabilities: INTERNET&NOT_RESTRICTED&TRUSTED&NOT_VCN_MANAGED&NOT_BANDWIDTH_CONSTRAINED Uid: 10310 RequestorUid: 10310 RequestorPkg: com.google.android.inputmethod.latin UnderlyingNetworks: Null] ]] callback flags: 0 order: 2147483647 isUidTracked: false declaredMethods: ALL
03-10 20:33:12.647  3163  5158 D WifiNetworkFactory: got request NetworkRequest [ REQUEST id=17589, [ Capabilities: INTERNET&NOT_RESTRICTED&TRUSTED&NOT_VCN_MANAGED&NOT_BANDWIDTH_CONSTRAINED Uid: 10310 RequestorUid: 10310 RequestorPkg: com.google.android.inputmethod.latin UnderlyingNetworks: Null] ]
03-10 20:33:12.647 10834 23386 I WM-WorkerWrapper: Worker result SUCCESS for Work [ id=e6fe4da0-a267-45ac-a68f-c086d5aa6cae, tags={ com.google.android.libraries.inputmethod.mdd.MDDTaskScheduler$Worker,mdd_download_task_unmetered_battery } ]
03-10 20:33:12.647  3163  5158 D UntrustedWifiNetworkFactory: got request NetworkRequest [ REQUEST id=17589, [ Capabilities: INTERNET&NOT_RESTRICTED&TRUSTED&NOT_VCN_MANAGED&NOT_BANDWIDTH_CONSTRAINED Uid: 10310 RequestorUid: 10310 RequestorPkg: com.google.android.inputmethod.latin UnderlyingNetworks: Null] ]
03-10 20:33:12.647  3163  5158 D OemPaidWifiNetworkFactory: got request NetworkRequest [ REQUEST id=17589, [ Capabilities: INTERNET&NOT_RESTRICTED&TRUSTED&NOT_VCN_MANAGED&NOT_BANDWIDTH_CONSTRAINED Uid: 10310 RequestorUid: 10310 RequestorPkg: com.google.android.inputmethod.latin UnderlyingNetworks: Null] ]
03-10 20:33:12.647  3163  5158 D MultiInternetWifiNetworkFactory: got request NetworkRequest [ REQUEST id=17589, [ Capabilities: INTERNET&NOT_RESTRICTED&TRUSTED&NOT_VCN_MANAGED&NOT_BANDWIDTH_CONSTRAINED Uid: 10310 RequestorUid: 10310 RequestorPkg: com.google.android.inputmethod.latin UnderlyingNetworks: Null] ]
03-10 20:33:12.648  3163  5168 D ConnectivityService: NetReassign [17589 : null → 136] [c 0] [a 0] [i 1]
03-10 20:33:12.694 17318 17498 I ThermalEngine: ACTION: CPU - Setting CPU[7] to 1
03-10 20:33:12.700 17318 17498 I ThermalEngine: ACTION: CPU - Setting CPU[4] to 1
03-10 20:33:13.520  2300  2300 I Scheduler: notifyScrollEvent state=0
03-10 20:33:13.621 17318 17496 I ThermalEngine: Thermal-Server: Adding thermal event listener on fd 120
03-10 20:33:13.621 17318 17496 I ThermalEngine: Thermal-Server: Adding thermal event listener on fd 121
03-10 20:33:13.622  3084  3373 I Thermal-Lib: Thermal-Lib-Client: Client received msg wlan 0
03-10 20:33:13.622  3084  3373 I Thermal-Lib: Thermal-Lib-Client: Client received msg camera 0
