03-09 21:42:15.587  9513  9513 I ThermalEngine: thresholds_clr 40000
03-09 21:42:15.587  9513  9513 I ThermalEngine: actions SoftDev
03-09 21:42:15.587  9513  9513 I ThermalEngine: action_info 1
03-09 21:42:15.587  9513  9513 I ThermalEngine: [MON-MSM-GPU]
03-09 21:42:15.587  9513  9513 I ThermalEngine: algo_type monitor
03-09 21:42:15.587  9513  9513 I ThermalEngine: sampling 2000
03-09 21:42:15.587  9513  9513 I ThermalEngine: sensor FUSE_TEMP
03-09 21:42:15.587  9513  9513 I ThermalEngine: thresholds 43000 46000 50000
03-09 21:42:15.587  9513  9513 I ThermalEngine: thresholds_clr 42000 43000 46000
03-09 21:42:15.587  9513  9513 I ThermalEngine: actions gpu gpu gpu
03-09 21:42:15.587  9513  9513 I ThermalEngine: action_info 443000000 285000000 230000000
03-09 21:42:15.587  9513  9513 I ThermalEngine: [MON-MSM-CPU7]
03-09 21:42:15.587  9513  9513 I ThermalEngine: algo_type monitor
03-09 21:42:15.587  9513  9513 I ThermalEngine: sampling 2000
03-09 21:42:15.587  9513  9513 I ThermalEngine: sensor FUSE_TEMP
03-09 21:42:15.587  9513  9513 I ThermalEngine: thresholds 40000 42000 44000 45000 47000
03-09 21:42:15.587  9513  9513 I ThermalEngine: thresholds_clr 39000 40000 42000 44000 45000
03-09 21:42:15.587  9513  9513 I ThermalEngine: actions cpu-cluster2 cpu-cluster2 cpu-cluster2 cpu-cluster2 cpu-cluster2
03-09 21:42:15.587  9513  9513 I ThermalEngine: action_info 1977600 1766400 1401600 1286400 940800
03-09 21:42:15.587  9513  9513 I ThermalEngine: [MON-MSM-CPU4]
03-09 21:42:15.587  9513  9513 I ThermalEngine: algo_type monitor
03-09 21:42:15.587  9513  9513 I ThermalEngine: sampling 2000
03-09 21:42:15.587  9513  9513 I ThermalEngine: sensor FUSE_TEMP
03-09 21:42:15.588  9513  9513 I ThermalEngine: thresholds 40000 42000 44000 47000
03-09 21:42:15.588  9513  9513 I ThermalEngine: thresholds_clr 39000 40000 42000 45000
03-09 21:42:15.588  9513  9513 I ThermalEngine: actions cpu-cluster1 cpu-cluster1 cpu-cluster1 cpu-cluster1
03-09 21:42:15.588  9513  9513 I ThermalEngine: action_info 1804800 1651200 1555200 1382400
03-09 21:42:15.588  9513  9513 I ThermalEngine: [MON-MSM-CPU0]
03-09 21:42:15.588  9513  9513 I ThermalEngine: algo_type monitor
03-09 21:42:15.588  9513  9513 I ThermalEngine: sampling 2000
03-09 21:42:15.588  9513  9513 I ThermalEngine: sensor FUSE_TEMP
03-09 21:42:15.588  9513  9513 I ThermalEngine: thresholds 40000 42000 44000 47000
03-09 21:42:15.588  9513  9513 I ThermalEngine: thresholds_clr 39000 40000 42000 45000
03-09 21:42:15.588  9513  9513 I ThermalEngine: actions cpu-cluster0 cpu-cluster0 cpu-cluster0 hotplug_0+hotplug_1+hotplug_2+hotplug_3
03-09 21:42:15.588  9513  9513 I ThermalEngine: action_info 1363200 1228800 1094400 1+1+1+1
03-09 21:42:15.588  9513  9513 I ThermalEngine: [MON-CHG-BATT-SAFETY]
03-09 21:42:15.588  9513  9513 I ThermalEngine: algo_type monitor
03-09 21:42:15.588  9513  9513 I ThermalEngine: sampling 5000
03-09 21:42:15.588  9513  9513 I ThermalEngine: sensor BCHG_TEMP
03-09 21:42:15.588  9513  9513 I ThermalEngine: thresholds 46000 48000
03-09 21:42:15.588  9513  9513 I ThermalEngine: thresholds_clr 44000 46000
03-09 21:42:15.588  9513  9513 I ThermalEngine: actions battery battery
03-09 21:42:15.588  9513  9513 I ThermalEngine: action_info 2 1
03-09 21:42:15.588  9513  9513 I ThermalEngine: freezing
03-09 21:42:15.588  2067 11748 D AHAL: AudioDevice: SetParameters: 1564: enter: screen_state=off
03-09 21:42:15.588  9513  9513 I ThermalEngine: [MON-CHG-BATT1]
03-09 21:42:15.588  9513  9513 I ThermalEngine: algo_type monitor
03-09 21:42:15.588  9513  9513 I ThermalEngine: sampling 5000
03-09 21:42:15.588  9513  9513 I ThermalEngine: sensor BCHG_TEMP
03-09 21:42:15.588  9513  9513 I ThermalEngine: thresholds 44000
03-09 21:42:15.588  9513  9513 I ThermalEngine: thresholds_clr 43000
03-09 21:42:15.588  9513  9513 I ThermalEngine: actions battery
03-09 21:42:15.588  9513  9513 I ThermalEngine: action_info 3
03-09 21:42:15.588  2067 11748 D AHAL: AudioVoice: VoiceSetParameters: 87: Enter params: screen_state=off
03-09 21:42:15.588  9513  9513 I ThermalEngine: override_c 1000
03-09 21:42:15.588  9513  9513 I ThermalEngine: freezing
03-09 21:42:15.588  2067 11748 D AHAL: AudioVoice: VoiceSetParameters: 360: Exit ret: 0
03-09 21:42:15.588  9513  9513 I ThermalEngine: [MON-CHG-BATT0]
03-09 21:42:15.588  9513  9513 I ThermalEngine: algo_type monitor
03-09 21:42:15.588  9513  9513 I ThermalEngine: sampling 5000
03-09 21:42:15.588  9513  9513 I ThermalEngine: sensor BCHG_TEMP
03-09 21:42:15.588  2067 11748 D AHAL: FM: fm_set_parameters: 262: Enter
03-09 21:42:15.588  9513  9513 I ThermalEngine: thresholds 40000 42000 43500
03-09 21:42:15.588  9513  9513 I ThermalEngine: thresholds_clr 39000 41000 42500
03-09 21:42:15.588  2067 11748 D AHAL: FM: fm_set_parameters: 320: exit
03-09 21:42:15.588  9513  9513 I ThermalEngine: actions battery battery battery
03-09 21:42:15.588  9513  9513 I ThermalEngine: action_info 6 5 4
03-09 21:42:15.588  9513  9513 I ThermalEngine: freezing
03-09 21:42:15.588  9513  9513 I ThermalEngine: [FREEZE-CHG]
03-09 21:42:15.588  9513  9513 I ThermalEngine: algo_type monitor
03-09 21:42:15.588  2067 11748 D AHAL: AudioDevice: SetParameters: 1628:  - screen = off
03-09 21:42:15.588  9513  9513 I ThermalEngine: sampling 2000
03-09 21:42:15.588  9513  9513 I ThermalEngine: sensor DETECT-WLS
03-09 21:42:15.588  9513  9513 I ThermalEngine: thresholds 1
03-09 21:42:15.588  9513  9513 I ThermalEngine: thresholds_clr 0
03-09 21:42:15.588  2067 11748 I PAL: ResourceManager: setParameter: 8311: Screen State:0
03-09 21:42:15.588  9513  9513 I ThermalEngine: actions freeze_rule
03-09 21:42:15.588  9513  9513 I ThermalEngine: action_info 1
03-09 21:42:15.588  9513  9513 I ThermalEngine: [OVERRIDE-CHG]
03-09 21:42:15.588  9513  9513 I ThermalEngine: algo_type monitor
03-09 21:42:15.588  9513  9513 I ThermalEngine: sampling 1000
03-09 21:42:15.588  9513  9513 I ThermalEngine: sensor DETECT-STANDBY
03-09 21:42:15.588  2067 11748 D AHAL: AudioDevice: SetParameters: 2361: exit: screen_state=off
03-09 21:42:15.588  9513  9513 I ThermalEngine: thresholds 1
03-09 21:42:15.588  9513  9513 I ThermalEngine: thresholds_clr 0
03-09 21:42:15.588  9513  9513 I ThermalEngine: actions internal_override
03-09 21:42:15.588  9513  9513 I ThermalEngine: action_info 1
03-09 21:42:15.588  9513  9513 I ThermalEngine: [MONITOR-CAMERA]
03-09 21:42:15.588  9513  9513 I ThermalEngine: algo_type monitor
03-09 21:42:15.588  9513  9513 I ThermalEngine: sampling 2000
03-09 21:42:15.588  9513  9513 I ThermalEngine: sensor BCAM_TEMP
03-09 21:42:15.588  9513  9513 I ThermalEngine: thresholds 42000 44000 48000
03-09 21:42:15.588  9513  9513 I ThermalEngine: thresholds_clr 40000 42000 44000
03-09 21:42:15.588  9513  9513 I ThermalEngine: actions camera camera camera
03-09 21:42:15.588  9513  9513 I ThermalEngine: action_info 1 2 3
03-09 21:42:15.588  9513  9513 I ThermalEngine: [REPORT-BACK]
03-09 21:42:15.588  9513  9513 I ThermalEngine: algo_type monitor
03-09 21:42:15.588  9513  9513 I ThermalEngine: sampling 300000
03-09 21:42:15.588  9513  9513 I ThermalEngine: sensor BACK_TEMP
03-09 21:42:15.588  9513  9513 I ThermalEngine: thresholds 42000
03-09 21:42:15.588  9513  9513 I ThermalEngine: thresholds_clr 40000
03-09 21:42:15.588  9513  9513 I ThermalEngine: actions report
03-09 21:42:15.588  9513  9513 I ThermalEngine: action_info 1
03-09 21:42:15.588  9513  9513 I ThermalEngine: [REPORT-FRONT]
03-09 21:42:15.588  9513  9513 I ThermalEngine: algo_type monitor
03-09 21:42:15.588  9513  9513 I ThermalEngine: sampling 300000
03-09 21:42:15.588  9513  9513 I ThermalEngine: sensor FRONT_TEMP
03-09 21:42:15.588  9513  9513 I ThermalEngine: thresholds 42000
03-09 21:42:15.588  9513  9513 I ThermalEngine: thresholds_clr 40000
03-09 21:42:15.588  9513  9513 I ThermalEngine: actions report
03-09 21:42:15.588  9513  9513 I ThermalEngine: action_info 1
03-09 21:42:15.588  9513  9513 I ThermalEngine: [MM-TJ-MONITOR-SHUTDOWN]
03-09 21:42:15.588  9513  9513 I ThermalEngine: #algo_type monitor
03-09 21:42:15.588  9513  9513 I ThermalEngine: sampling 10
03-09 21:42:15.588  9513  9513 I ThermalEngine: sensor VIRTUAL-MM-TJ-SHUTDOWN
03-09 21:42:15.588  9513  9513 I ThermalEngine: thresholds 115000
03-09 21:42:15.588  9513  9513 I ThermalEngine: thresholds_clr 114999
03-09 21:42:15.588  9513  9513 I ThermalEngine: actions shutdown
03-09 21:42:15.588  9513  9513 I ThermalEngine: action_info 0
03-09 21:42:15.588  9513  9513 I ThermalEngine: [MDM-TJ-MONITOR-SHUTDOWN]
03-09 21:42:15.588  3163  3163 I BrightnessSynchronizer: New Update: {[2269] 0.21341726(f), mUpdatedTypes=0, mConfirmedTypes=0, mTimeUpdated=0, mState=2}
03-09 21:42:15.588  9513  9513 I ThermalEngine: #algo_type monitor
03-09 21:42:15.588  9513  9513 I ThermalEngine: sampling 10
03-09 21:42:15.588  9513  9513 I ThermalEngine: sensor VIRTUAL-MDM-TJ-SHUTDOWN
03-09 21:42:15.588  9513  9513 I ThermalEngine: thresholds 115000
03-09 21:42:15.588  9513  9513 I ThermalEngine: thresholds_clr 114999
03-09 21:42:15.588  9513  9513 I ThermalEngine: actions shutdown
03-09 21:42:15.588  9513  9513 I ThermalEngine: action_info 0
03-09 21:42:15.588  9133  9133 D VRI[MainActivity]: visibilityChanged oldVisibility=true newVisibility=false
03-09 21:42:15.589 26976 27604 D MCLOG   : [BrightnessTrigger] onDisplayChanged displayId = 0
03-09 21:42:15.589  3163  3352 D PowerManagerService: nativeSetPowerMode ret:true mode:7 enabled:false duration ms: 6
03-09 21:42:15.589  3163  3352 D BrightnessThermalClamper: Thermal status observer already started
03-09 21:42:15.590  3163  3352 I DreamManagerService: Entering dreamland. callers=com.android.server.dreams.DreamManagerService.startDreamInternal:531 com.android.server.dreams.DreamManagerService.-$$Nest$mstartDreamInternal:0 com.android.server.dreams.DreamManagerService$LocalService.startDream:1246 com.android.server.power.PowerManagerService.handleSandman:4199 com.android.server.power.PowerManagerService.-$$Nest$mhandleSandman:0 
03-09 21:42:15.594  3163  3352 D PowerManagerService: nativeReleaseSuspendBlocker name:PowerManagerService.Display duration ms: 4
03-09 21:42:15.594  3163  3352 D PowerManagerService: nativeSetAutoSuspend enable:true duration ms: 0
03-09 21:42:15.594  3163  3352 I PowerManagerService: Dozing... groupId=1
03-09 21:42:15.594  3163  3352 D PowerManagerService: handleSandman ignore 0
03-09 21:42:15.595  3163  3227 I DreamController: Starting dream: name=ComponentInfo{com.android.systemui/com.android.systemui.doze.DozeService}, isPreviewMode=false, canDoze=true, userId=0, reason='power manager request', mCurrentDreamStartTime=36842460, isFirstTimeDream=false
03-09 21:42:15.600 26976 27604 D MCLOG   : [BrightnessManager] displayId = 0 brightness = 0.21341726 nit = 33.697834 level = br1
03-09 21:42:15.610  5625  5625 I vol.VolumeDialogImpl: mDialog.dismiss() reason: volume_controller from: com.android.systemui.volume.VolumeDialogImpl$10.onDismissRequested:3 displayId: 0 mShowing: false mIsAnimatingDismiss: false
03-09 21:42:15.611  5625  5625 V DreamService[DozeService]: onCreate()
03-09 21:42:15.613  5625  5625 I MotoDozeSensor: Tap to wake up enable: true
03-09 21:42:15.613  5625  5625 D DozeTriggers: shouldregisterTapSensor:  zeroTapEnabled=false
03-09 21:42:15.613  3163  7479 E WindowManager: Dream packageName does not match active dream. Package com.motorola.mobiledesktop does not match ComponentInfo{com.android.systemui/com.android.systemui.doze.DozeService}
03-09 21:42:15.614  3163  7479 E WindowManager: Dream packageName does not match active dream. Package com.motorola.mobiledesktop does not match ComponentInfo{com.android.systemui/com.android.systemui.doze.DozeService}
03-09 21:42:15.614  5625  5625 E MotoDozeSensorTypeBuilder: This sensor type(25) is not supported.
03-09 21:42:15.614  5625  5625 E MotoDozeSensorTypeBuilder: This sensor type(65596) is not supported.
03-09 21:42:15.614  5625  5625 V DreamService[DozeService]: onBind() intent = Intent { act=android.service.dreams.DreamService flg=0x800000 cmp=com.android.systemui/.doze.DozeService (has extras) }
03-09 21:42:15.615  3163  3163 I DreamController: onServiceConnected: name=ComponentInfo{com.android.systemui/com.android.systemui.doze.DozeService}, service=android.os.BinderProxy@3f09480
03-09 21:42:15.615  7545  7545 I FileStationLog: [ FS_h$a ] - [Display] Changed display: 0
03-09 21:42:15.615  3163  3227 I DreamController: onServiceConnected to attach: name=ComponentInfo{com.android.systemui/com.android.systemui.doze.DozeService}
03-09 21:42:15.616  7545  7545 I FileStationLog: [ FS_h ] - [Logic] Retrieved display info: LogicDisplayInfo(width=1080, height=2640, orientation=1, rotation=0, displayId=0)
03-09 21:42:15.616  5625 10961 I DreamService: DreamServiceWrapper attach: dreamToken=android.os.BinderProxy@de8873f, canDoze=true
03-09 21:42:15.616  7545  7545 I FileStationLog: [ FS_h$a ] - [Display] New logical size: 1080x2640
03-09 21:42:15.616  7545  7545 I FileStationLog: [ FS_h$a ] - [Display] Screen width unchanged: 1080
03-09 21:42:15.616  5625  5625 I DreamService[DozeService]: attach() called: dreamToken=android.os.BinderProxy@de8873f, canDoze=true mWindow=null mWindowless=true
03-09 21:42:15.616  5625  5625 V DreamService[DozeService]: onDreamingStarted()
03-09 21:42:15.616  3163  3352 D PowerManagerService: handleSandman ignore 0
03-09 21:42:15.617  3163  3352 D PowerManagerService: handleSandman ignore 0
03-09 21:42:15.617  5625  5625 D SbStateController: setState: requested state KEYGUARD!= upcomingState: SHADE. This usually means the status bar state transition was interrupted before the upcoming state could be applied.
03-09 21:42:15.618  2064  2064 I sensors-hal: batch:206, com.motorola.sensor.ltv/65738, period=1000000, max_latency=0
03-09 21:42:15.618  2064  2064 I sensors-hal: set_config:57, sample_period_ns is adjusted to 0 based on min/max delay_ns
03-09 21:42:15.618  2064  2064 I sensors-hal: batch:215, com.motorola.sensor.ltv/65738, period=1000000, max_latency=0 request completed
03-09 21:42:15.618  2064  2064 I sensors-hal: activate:173, com.motorola.sensor.ltv/65738 en=1
03-09 21:42:15.619  2064  2064 I sensors-hal: get_qmi_debug_flag:239, support_qmi_debug : false
03-09 21:42:15.619  2061  2108 E minksocket: MinkIPC_QRTR_Service: client with node 1 port 6b03 went down
03-09 21:42:15.620  5625  5962 D KeyguardViewMediator: updateActivityLockScreenState(false, true)
03-09 21:42:15.620  2061  2108 E minksocket: MinkIPC_QRTR_Service: client with node 1 port 6b04 went down
03-09 21:42:15.620  2061  2108 E minksocket: MinkIPC_QRTR_Service: client with node 1 port 6b05 went down
03-09 21:42:15.620  2064  2064 E Diag_Lib: diag: Diag_LSM_Init: invoked for pid: 2064 with init_count: 0
03-09 21:42:15.621  2064  2064 E Diag_Lib: diag:failed to connect to diag socket
03-09 21:42:15.621  2064  2064 E Diag_Lib:  Diag_LSM_Init: Failed to open handle to diag driver, error = 13
03-09 21:42:15.621  2061  2108 E minksocket: MinkIPC_QRTR_Service: client with node 1 port 6b06 went down
03-09 21:42:15.621  2064  2064 I sensors-hal: send_sync_sensor_request:341, send sync request
03-09 21:42:15.621  2064  2064 I sensors-hal: send_sync_sensor_request:367, wait for notification of response
03-09 21:42:15.622  2064  4171 I slpi    : MOT_LTV started with registry parameters (rcv_reg_items=0x1fff)
03-09 21:42:15.622  3163  3352 D PowerManagerService: handleSandman ignore 0
03-09 21:42:15.623  2064  4171 E slpi    : MOT_GPIO_FLIP kernel state gpio unset
03-09 21:42:15.623  2064  9713 I sensors-hal: ssc_conn_resp_cb:632, resp_value = 0
03-09 21:42:15.624  2064  2064 I sensors-hal: send_sync_sensor_request:373, takes 2 ms to receive the response with 0
03-09 21:42:15.624  2064  2064 I sensors-hal: activate:184, com.motorola.sensor.ltv/65738 en=1 completed
03-09 21:42:15.624  3163  7454 E WindowManager: Dream packageName does not match active dream. Package com.motorola.mobiledesktop.core does not match ComponentInfo{com.android.systemui/com.android.systemui.doze.DozeService}
03-09 21:42:15.626  2064  2064 I sensors-hal: batch:206, com.motorola.sensor.glance/65658, period=1000000, max_latency=0
03-09 21:42:15.626  2064  2064 I sensors-hal: set_config:57, sample_period_ns is adjusted to 0 based on min/max delay_ns
03-09 21:42:15.626  2064  2064 I sensors-hal: batch:215, com.motorola.sensor.glance/65658, period=1000000, max_latency=0 request completed
03-09 21:42:15.626  2064  2064 I sensors-hal: activate:173, com.motorola.sensor.glance/65658 en=1
03-09 21:42:15.626  2064  2064 I sensors-hal: activate:154, activate glance 65548
03-09 21:42:15.627  2064  2064 I sensors-hal: get_qmi_debug_flag:239, support_qmi_debug : false
03-09 21:42:15.628  2061  2108 E minksocket: MinkIPC_QRTR_Service: client with node 1 port 6b08 went down
03-09 21:42:15.628  2061  2108 E minksocket: MinkIPC_QRTR_Service: client with node 1 port 6b09 went down
03-09 21:42:15.628  2061  2108 E minksocket: MinkIPC_QRTR_Service: client with node 1 port 6b0a went down
03-09 21:42:15.628  2064  2064 E Diag_Lib: diag: Diag_LSM_Init: invoked for pid: 2064 with init_count: 0
03-09 21:42:15.629  2064  2064 E Diag_Lib: diag:failed to connect to diag socket
03-09 21:42:15.629  2064  2064 E Diag_Lib:  Diag_LSM_Init: Failed to open handle to diag driver, error = 13
03-09 21:42:15.629  2061  2108 E minksocket: MinkIPC_QRTR_Service: client with node 1 port 6b0b went down
03-09 21:42:15.629  2064  2064 I sensors-hal: create_sensor_config_request:143, sending MOT_GLANCE_MSGID_MOT_GLANCE_CONFIG, 0x17
03-09 21:42:15.629  2064  2064 I sensors-hal: send_sync_sensor_request:341, send sync request
03-09 21:42:15.629  2064  2064 I sensors-hal: send_sync_sensor_request:367, wait for notification of response
03-09 21:42:15.629  3163  3352 D PowerManagerService: handleSandman ignore 0
03-09 21:42:15.632  2064  9715 I sensors-hal: ssc_conn_resp_cb:632, resp_value = 0
03-09 21:42:15.632  2064  2064 I sensors-hal: send_sync_sensor_request:373, takes 2 ms to receive the response with 0
03-09 21:42:15.632  2064  2064 I sensors-hal: activate:184, com.motorola.sensor.glance/65658 en=1 completed
03-09 21:42:15.634  3163  5528 I DreamManagerService: startDozing by com.android.systemui callingUid=10394 callingPid=5625
03-09 21:42:15.634  3163  5528 D DreamManagerService: Dream requested to start dozing: android.os.Binder@99d8257, screenState=1, screenBrightness=-1, reason=UNKNOWN
03-09 21:42:15.636  3163  5528 D PowerManagerService: nativeSetAutoSuspend enable:false duration ms: 1
03-09 21:42:15.636  3163  5528 D PowerManagerService: nativeAcquireSuspendBlocker name:PowerManagerService.Display duration ms: 1
03-09 21:42:15.637  3163  3352 D PowerManagerService: handleSandman ignore 0
03-09 21:42:15.637  3163  3352 I DisplayPowerController2[1]: 03-09 21:42:15.637 - BrightnessEvent: disp=1, physDisp=local:4630947043778501763, displayState=OFF, displayPolicy=DOZE, brt=0.0, initBrt=0.0, rcmdBrt=NaN, preBrt=NaN, lux=0.0, preLux=0.0, brtNits=3.3701954, hdrNits=NaN, initNits=3.3701954, preNits=NaN, rcmdNits=NaN, hdrBrightness=NaN, brt(%)=0%, brtInt=1, hbmPolicy=normal, hbmMax=0.7660316, hbmMode=off, rbcStrength=-1, thrmMax=1.0, powerFactor=1.0, wasShortTermModelActive=false, flags=, reason=screen_off, autoBrightness=true, strategy=ScreenOffBrightnessStrategy, autoBrightnessMode=default
03-09 21:42:15.638  3163  3163 I WindowManager: Finished going to sleep... (groupId=0 why=OFF_BECAUSE_OF_USER) notifySleepToKeyguard=true lidState=0 pmSleepReason=lid_switch
03-09 21:42:15.638  2064  2064 I sensors-hal: activate:173, android.sensor.device_orientation/271 en=0
03-09 21:42:15.639  3163  3352 D PowerManagerService: nativeAcquireSuspendBlocker name:PowerManagerService.Broadcasts duration ms: 1
03-09 21:42:15.639  2061  2108 E minksocket: MinkIPC_QRTR_Service: client with node 1 port 6a9a went down
03-09 21:42:15.640  2064  2064 I sensors-hal: activate:184, android.sensor.device_orientation/271 en=0 completed
03-09 21:42:15.641  3163  3352 D PowerManagerService: nativeSetAutoSuspend enable:true duration ms: 2
03-09 21:42:15.641  3163  3352 D PowerManagerService: nativeReleaseSuspendBlocker name:PowerManagerService.Display duration ms: 0
03-09 21:42:15.641  3163  3352 D PowerManagerService: handleSandman ignore 0
03-09 21:42:15.641  2300  2300 E Scheduler: trackPendingFrame: Invalid present fence
03-09 21:42:15.642  5625  5956 D CounterUpPreferencesStatusValue: startTracking: previous = 145 current = 146 tag = Count of how many cli AD is triggered
03-09 21:42:15.642  3163  5528 I DreamController: mDreamingStartedCallback sendResult
03-09 21:42:15.644  5625  5625 D SCliNotificationListener: onNotificationListUpdate: [com.android.systemui.statusbar.notification.collection.GroupEntry@55232bd]
03-09 21:42:15.644  5625  6286 D SCliNotifPanelController: onNotificationEntryRemove: -1|com.android.systemui|1201|fully_charged_and_plugged|10394
03-09 21:42:15.644  5625  6286 D SCliNotifPanelController: onNotificationGroupRemove: com.android.systemui_u-1
03-09 21:42:15.644  5625  6286 D SCliNotifPanelController: onNotificationEntryRemove: 0|com.google.android.googlequicksearchbox|0|-1929155362::a:snotification:[0x394,wx.f,NOTIFICATION]|10292
03-09 21:42:15.644  5625  6286 D SCliNotifPanelController: onNotificationGroupRemove: com.google.android.googlequicksearchbox_u0
03-09 21:42:15.644  5625  6286 D SCliNotifPanelController: onNotificationEntryRemove: 0|com.android.vending|-234430262|null|10276
03-09 21:42:15.644  5625  6286 D SCliNotifPanelController: onNotificationGroupRemove: com.android.vending_u0
03-09 21:42:15.650  6942  6942 D NfcService: MSG_APPLY_SCREEN_STATE 1
03-09 21:42:15.651  5625 10961 D KeyguardViewMediator: USER_LOCKED intent sent
03-09 21:42:15.651  3163  3352 D PowerManagerService: handleSandman ignore 0
03-09 21:42:15.653  3163  3352 D PowerManagerService: handleSandman ignore 0
03-09 21:42:15.654  2300  2300 E Scheduler: trackPendingFrame: Invalid present fence
03-09 21:42:15.654  6942  6942 D libnfc_nci: nfcManager_doSetScreenState: state = 1 prevScreenState= 8, discovry_param = 1
03-09 21:42:15.654  2582  8068 D NxpTml  : PN54X - Write requested.....
03-09 21:42:15.654  2582  8068 D NxpTml  : PN54X - Invoking I2C Write.....
03-09 21:42:15.654  2064  2064 I sensors-hal: batch:206, android.sensor.accelerometer/11, period=20000000, max_latency=66667000
03-09 21:42:15.654  2064  2064 I sensors-hal: set_config:57, sample_period_ns is adjusted to 20000000 based on min/max delay_ns
03-09 21:42:15.654  2064  2064 I sensors-hal: batch:215, android.sensor.accelerometer/11, period=20000000, max_latency=66667000 request completed
03-09 21:42:15.654  3163  3163 I PowerManagerService: onFlip(): Face up.
03-09 21:42:15.656  2582  8068 D NxpTml  : Write errno : 6b
03-09 21:42:15.656  2582  8068 D NxpTml  : PN54X - Error in I2C Write.....
03-09 21:42:15.656  2582  8068 D NxpTml  : PN54X - Posting Fresh Write message.....
03-09 21:42:15.656  2582  8068 D NxpTml  : PN54X - Tml Writer Thread Running................
03-09 21:42:15.656  2582  8070 D NxpHal  : write error status = 0x1ff
03-09 21:42:15.656  2582  2582 D NxpHal  : write_unlocked failed - PN54X Maybe in Standby Mode - Retry
03-09 21:42:15.657  6978  6978 I Smart5G : [Smart5GService] receive action: android.intent.action.SCREEN_OFF
03-09 21:42:15.658  5689  5689 E DPMJ    : |SERVICE| sendScreenState state  falseand int value 0
03-09 21:42:15.662  9513  9703 E ThermalEngine: First running, skip
03-09 21:42:15.662  9513  9703 I ThermalEngine: Monitor:ACTIVE:OVERRIDE-CHG:internal_override=1:DETECT-STANDBY=1
03-09 21:42:15.663  9513  9703 I ThermalEngine: ACTION: override_c - Setting override_c to 1
03-09 21:42:15.663  9513  9702 I ThermalEngine: Thermal-Server: Thermal received msg from  override_c
03-09 21:42:15.663  9513  9717 I Thermal-Lib: Thermal-Lib-Client: Client request sent
03-09 21:42:15.663  5625  5625 W libc    : Access denied finding property "vendor.display.enable_optimal_refresh_rate"
03-09 21:42:15.663  5625  5625 W libc    : Access denied finding property "vendor.gpp.create_frc_extension"
03-09 21:42:15.666  2582  8068 D NxpTml  : PN54X - Write requested.....
03-09 21:42:15.666  2582  8068 D NxpTml  : PN54X - Invoking I2C Write.....
03-09 21:42:15.666  2582  8068 I NxpNciX : len =   7 > 20020401020100
03-09 21:42:15.666  2582  8068 D NxpTml  : PN54X - I2C Write successful.....
03-09 21:42:15.667  2582  8068 D NxpTml  : PN54X - Posting Fresh Write message.....
03-09 21:42:15.667  2582  8068 D NxpTml  : PN54X - Tml Writer Thread Running................
03-09 21:42:15.667  2582  8070 D NxpHal  : write successful status = 0x0
03-09 21:42:15.667  2582  8059 D NxpTml  : PN54X - I2C Read successful.....
03-09 21:42:15.667  2582  8059 I NxpNciR : len =   5 > 4002020000
03-09 21:42:15.667  2582  8059 D NxpTml  : PN54X - Posting read message.....
03-09 21:42:15.668  2582  8070 D NxpHal  : read successful status = 0x0
03-09 21:42:15.668  2582  8070 D NxpHal  : phNxpNciHal_print_res_status: response status =STATUS_OK
03-09 21:42:15.668  6942  8007 D libnfc_nci: nfaDeviceManagementCallback: enter; event=0x2
03-09 21:42:15.668  6942  8007 D libnfc_nci: nfaDeviceManagementCallback: NFA_DM_SET_CONFIG_EVT
03-09 21:42:15.668  2582  8059 D NxpTml  : PN54X - Read requested.....
03-09 21:42:15.668  2582  8059 D NxpTml  : PN54X - Invoking I2C Read.....
03-09 21:42:15.669  2582  8068 D NxpTml  : PN54X - Write requested.....
03-09 21:42:15.669  2582  8068 D NxpTml  : PN54X - Invoking I2C Write.....
03-09 21:42:15.669  2582  8068 I NxpNciX : len =   4 > 20090101
03-09 21:42:15.669  2582  8068 D NxpTml  : PN54X - I2C Write successful.....
03-09 21:42:15.669  2582  8068 D NxpTml  : PN54X - Posting Fresh Write message.....
03-09 21:42:15.669  2582  8068 D NxpTml  : PN54X - Tml Writer Thread Running................
03-09 21:42:15.669  2582  8070 D NxpHal  : write successful status = 0x0
03-09 21:42:15.669  3163  7000 W PackageManager: Missing required system package: com.openai.chatgpt, but found with extended search.
03-09 21:42:15.670  2582  8059 D NxpTml  : PN54X - I2C Read successful.....
03-09 21:42:15.670  2582  8059 I NxpNciR : len =   4 > 40090100
03-09 21:42:15.670  2582  8059 D NxpTml  : PN54X - Posting read message.....
03-09 21:42:15.670  2582  8070 D NxpHal  : read successful status = 0x0
03-09 21:42:15.673  2582  8059 D NxpTml  : PN54X - Read requested.....
03-09 21:42:15.673  3163  5215 I MR2ServiceImpl: Updating composite discovery preference | preference: RouteDiscoveryRequest{ preferredFeatures={}, activeScan=false }, active routers: []
03-09 21:42:15.673  2582  8059 D NxpTml  : PN54X - Invoking I2C Read.....
03-09 21:42:15.673  6942  8007 D libnfc_nci: nfaDeviceManagementCallback: enter; event=0xB
03-09 21:42:15.673  6942  8007 D libnfc_nci: nfaDeviceManagementCallback: NFA_DM_SET_POWER_SUB_STATE_EVT; status=0x0
03-09 21:42:15.673  5625  5625 W View    : requestLayout() improperly called by com.android.keyguard.CarrierText{fc2afe4 V.ED..... ..S...ID 42,0-495,108 #7f0a04a7 app:id/keyguard_carrier_text} during layout: running second layout pass
03-09 21:42:15.673  5625  5625 W View    : requestLayout() improperly called by com.android.systemui.util.AutoMarqueeTextView{fcb050b VFED..C.. ..S...ID 205,0-571,126 #7f0a0686 app:id/no_carrier_text} during layout: running second layout pass
03-09 21:42:15.674  3163  3163 D MotoFaceProvider: Receive screen off intent
03-09 21:42:15.674  3163  3352 D PowerManagerService: handleSandman ignore 0
03-09 21:42:15.678  3163  3352 D PowerManagerService: handleSandman ignore 0
03-09 21:42:15.680  9133  9238 D Surface : Surface::disconnect
03-09 21:42:15.680  9133  9238 D BufferQueueProducer: [com.openai.chatgpt/com.openai.chatgpt.MainActivity#12325(BLAST Consumer)pid:9133](id:23ad00000000,api:1,p:9133,c:9133) disconnect: api 1
03-09 21:42:15.681  3163  3352 D PowerManagerService: handleSandman ignore 0
03-09 21:42:15.684  5493  6013 W HWUI    : Surface doesn't have any previously queued frames, nothing to readback from
03-09 21:42:15.686  5625  5928 E FromGoneTransitionInteractor: Ignoring startTransition: This interactor asked to transition from GONE -> LOCKSCREEN, but we last transitioned to DOZING, not GONE. This should never happen - check currentTransitionInfoInternal or use filterRelevantKeyguardState before starting transitions.
03-09 21:42:15.686  5625  5928 E FromGoneTransitionInteractor: This transition would not have been ignored prior to ag/26681239, since we are FINISHED in GONE (but have since started another transition). If ignoring this transition has caused a regression, fix it by ensuring that transitions are exclusively started from the most recently started state.
03-09 21:42:15.688  5625  5625 V PowerManager: wakeUp time=23825676 reason=WAKE_REASON_GESTURE details=com.android.systemui:SWIPE_UP_ON_AD by (com.android.systemui) callers=com.android.systemui.power.data.repository.PowerRepositoryImpl.wakeUp:26 com.android.systemui.power.domain.interactor.PowerInteractor.wakeUpIfDozing:51 com.android.systemui.statusbar.phone.StatusBarKeyguardViewManager.onPanelExpansionChanged$1:144 
03-09 21:42:15.689  3163  3163 D TrustManagerService: refreshDeviceLockedForUser(userId=0, unlockedUser=-10000), secure=false, showingKeyguard=true, trusted=false, biometricAuthenticated=false, currentUserIsUnlocked=false, deviceLocked=false
03-09 21:42:15.690  5625  5962 D KeyguardViewMediator: updateActivityLockScreenState(true, true)
03-09 21:42:15.693  3163  6016 I PowerGroup: Waking up power group from Dozing (groupId=1, uid=10394, reason=WAKE_REASON_GESTURE, details=com.android.systemui:SWIPE_UP_ON_AD)...
03-09 21:42:15.694  3163  6016 I PowerManagerService: Waking up from Dozing (uid=10394, reason=WAKE_REASON_GESTURE, details=com.android.systemui:SWIPE_UP_ON_AD)...
03-09 21:42:15.697  2300  2300 E Scheduler: trackPendingFrame: Invalid present fence
03-09 21:42:15.697  3163  6016 D PowerManagerService: nativeSetAutoSuspend enable:false duration ms: 2
03-09 21:42:15.698  3163  6016 D PowerManagerService: nativeAcquireSuspendBlocker name:PowerManagerService.Display duration ms: 1
03-09 21:42:15.698  5993  7698 I ActivityScheduler: nextTriggerTime: 37082744, in 191146ms, detectorType: 39, FULL_TYPE alarmWindowMillis: 30000
03-09 21:42:15.698  2078  2078 I QTI PowerHAL: Power setMode: 7 to: 1
03-09 21:42:15.698  3163  6016 D PowerManagerService: nativeSetPowerMode ret:true mode:7 enabled:true duration ms: 1
03-09 21:42:15.699  2078  2078 I QTI PowerHAL: Got set_interactive hint
03-09 21:42:15.699  2078  2078 I QTI PowerHAL: Got set_interactive hint on= 1, count= 255
03-09 21:42:15.701  3163  3352 D PowerManagerService: handleSandman ignore 0
03-09 21:42:15.701  3163  3352 I PowerManagerService: handleSandman stop dream, groupId=1
03-09 21:42:15.701  3163  3352 I DreamManagerService: Gently waking up from dream.
03-09 21:42:15.701  3163  3352 I DreamManagerService: stopDreamLocked. callers=com.android.server.dreams.DreamManagerService.stopDreamInternal:542 com.android.server.dreams.DreamManagerService.-$$Nest$mstopDreamInternal:0 com.android.server.dreams.DreamManagerService$LocalService.stopDream:1251 com.android.server.power.PowerManagerService.handleSandman:4360 com.android.server.power.PowerManagerService.-$$Nest$mhandleSandman:0 
03-09 21:42:15.702  3163  3352 I WindowManager: Display 1 turning on...
03-09 21:42:15.705  3163  3163 I WindowManager: Started waking up... (groupId=1 why=ON_BECAUSE_OF_USER) pmWakeReason=WAKE_REASON_GESTURE
03-09 21:42:15.705  3163  3163 I WindowManager: awakenDreams callers=com.android.server.policy.PhoneWindowManager.startedWakingUp:7593 com.android.server.power.Notifier.lambda$handleEarlyInteractiveChange$0:603 com.android.server.power.Notifier.$r8$lambda$JPimfzsYkXWexBDnIhDxNZnALw4:0 com.android.server.power.Notifier$$ExternalSyntheticLambda8.run:0 android.os.Handler.handleCallback:1001 
03-09 21:42:15.705  3163  3163 I DreamManagerService: awaken by com.android.dynsystem callingUid=1000 callingPid=3163
03-09 21:42:15.705  3163  3163 V PowerManager: userActivity when=23825693 event=0 flags=0 displayId=0 by (android) callers=android.os.PowerManager.userActivity:1487 com.android.server.dreams.DreamManagerService.requestAwakenInternal:496 com.android.server.dreams.DreamManagerService.-$$Nest$mrequestAwakenInternal:0 
03-09 21:42:15.705  3163  3163 W BoostOptController: not supported hint: 118
03-09 21:42:15.708  5993  7698 I ActivityScheduler: nextTriggerTime: 37022744, in 131132ms, detectorType: 39, FULL_TYPE alarmWindowMillis: 22500
03-09 21:42:15.709  3163  4132 W UserManagerService: Requested status bar icon for non-badged user 0
03-09 21:42:15.709  5625  5962 V PowerManager: userActivity when=23825698 event=0 flags=0 displayId=1 by (com.android.systemui) callers=com.android.systemui.keyguard.KeyguardViewMediator$$ExternalSyntheticLambda0.run:63 java.util.concurrent.ThreadPoolExecutor.runWorker:1145 java.util.concurrent.ThreadPoolExecutor$Worker.run:644 
03-09 21:42:15.710  3163  6016 W BoostOptController: not supported hint: 118
03-09 21:42:15.710  5625  5625 D KeyguardViewMediator: KeyguardViewMediator queue processing message: SHOW
03-09 21:42:15.710  3163  6016 I DreamManagerService: startDozing by com.android.systemui callingUid=10394 callingPid=5625
03-09 21:42:15.710  3163  6016 D DreamManagerService: Dream requested to start dozing: android.os.Binder@99d8257, screenState=2, screenBrightness=-1, reason=DREAM_MANAGER_LID_SWITCH
03-09 21:42:15.711  5625  5625 D KeyguardViewMediator: KeyguardViewMediator queue processing message: NOTIFY_FINISHED_GOING_TO_SLEEP
03-09 21:42:15.712  2064  2064 I sensors-hal: batch:206, android.sensor.accelerometer/11, period=20000000, max_latency=200000000
03-09 21:42:15.712  2064  2064 I sensors-hal: set_config:57, sample_period_ns is adjusted to 20000000 based on min/max delay_ns
03-09 21:42:15.712  2064  2064 I sensors-hal: send_sensor_config_request:395, resampler is used, set resampler config
03-09 21:42:15.712  2064  2064 I sensors-hal: send_sync_sensor_request:341, send sync request
03-09 21:42:15.712  2064  2064 I sensors-hal: send_sync_sensor_request:367, wait for notification of response
03-09 21:42:15.713  2064  5194 I sensors-hal: ssc_conn_resp_cb:632, resp_value = 0
03-09 21:42:15.713  2064  2064 I sensors-hal: send_sync_sensor_request:373, takes 0 ms to receive the response with 0
03-09 21:42:15.713  2064  2064 I sensors-hal: batch:215, android.sensor.accelerometer/11, period=20000000, max_latency=200000000 request completed
03-09 21:42:15.713  7314  7314 D GameMode: onStartedActivityChange: componnent: ComponentInfo{com.openai.chatgpt/com.openai.chatgpt.MainActivity} entered launcher screen? false
03-09 21:42:15.714  3163  4132 D CoreBackPreview: Window{e1d6d9e u0 NotificationShade}: Setting back callback OnBackInvokedCallbackInfo{mCallback=android.window.IOnBackInvokedCallback$Stub$Proxy@d8decf3, mPriority=0, mIsAnimationCallback=false}
03-09 21:42:15.718  5625  5625 I vol.VolumeDialogImpl: mDialog.dismiss() reason: screen_off from: com.android.systemui.volume.VolumeDialogImpl$10.onScreenOff:4 displayId: 0 mShowing: false mIsAnimatingDismiss: true
03-09 21:42:15.718  5625  5625 D vol.VolumeDialogImpl: dismissH: skipping dismiss because isAnimatingDismiss is true and showingStateInconsistent is false
03-09 21:42:15.721  5625  5625 D SCliNotificationListener: onNotificationListUpdate: [com.android.systemui.statusbar.notification.collection.GroupEntry@55232bd]
03-09 21:42:15.730  7314  7314 D GameMode: isScreenUnlocked: false
03-09 21:42:15.731  5993  8761 I NearbyDiscovery: (REDACTED) FastPairHandler: Received action %s
03-09 21:42:15.731  5993  8761 I NearbyDiscovery: (REDACTED) PureOffloadFastPairScanner: eventType=%s, isInternalReq=%s, isScanning=%s, isScanningAllowed=%s
03-09 21:42:15.732  5993  8761 I NearbyDiscovery: (REDACTED) ApFastPairScanner: isScreenOn=%s, isLocationEnabled=%s, disableLocationRequirement=%s, isDiscoveryScanningEnabled=%s, during24GhzWifiWarmingUpPeriod=%s
03-09 21:42:15.732  5993  8761 D BluetoothAdapter: isLeEnabled(): ON
03-09 21:42:15.733  5993  8761 I NearbyDiscovery: (REDACTED) ApFastPairScanner: eventType=%s, intReq=%s, scanning=%s, scanAllowed=%s, bleEnabled=%s, lockScanRate=%s, startScanningByLowPowerMode=%s
03-09 21:42:15.733  5993  8761 I NearbyDiscovery: ApFastPairScanner: Skipping stop, already stopped scanning [CONTEXT service_id=265 ]
03-09 21:42:15.733  5993  8761 I NearbyDiscovery: FastPairController: onSystemStateChanged: skip due to flag disabled [CONTEXT service_id=265 ]
03-09 21:42:15.734  3163  5528 W AccessibilityWindowsPopulator: The displayInfo of this displayId (0) called back from the surface fligner is null
03-09 21:42:15.735  5625  5625 I Channel.Remote: [de8362611079428da312381e6bb8b50c|com.motorola.personalize] Keep channel connection alive true by 4
03-09 21:42:15.736  5625  5625 D KeyguardViewMediator: KeyguardViewMediator queue processing message: NOTIFY_STARTED_WAKING_UP
03-09 21:42:15.742  5625  5962 D KeyguardViewMediator: updateActivityLockScreenState(true, false)
03-09 21:42:15.743  3163  3352 I DisplayBrightnessStrategySelector: Changing the DisplayBrightnessStrategy from ScreenOffBrightnessStrategy to InvalidBrightnessStrategy for display 1
03-09 21:42:15.743  5493  6013 W HWUI    : Surface doesn't have any previously queued frames, nothing to readback from
03-09 21:42:15.743  3163  3352 E SensorManager: sensor or listener is null
03-09 21:42:15.744  3163  3229 W WindowManager: All windows drawn on display 1
03-09 21:42:15.744  2064  2064 I sensors-hal: batch:206, com.motorola.sensor.alternate_light/65959, period=250000000, max_latency=0
03-09 21:42:15.744  2064  2064 I sensors-hal: set_config:61, no need to adjust sample_period_ns due to reporting_mode = 2
03-09 21:42:15.744  2064  2064 I sensors-hal: batch:215, com.motorola.sensor.alternate_light/65959, period=250000000, max_latency=0 request completed
03-09 21:42:15.744  2300  2300 E Scheduler: trackPendingFrame: Invalid present fence
03-09 21:42:15.745  2064  2064 I sensors-hal: activate:173, com.motorola.sensor.alternate_light/65959 en=1
03-09 21:42:15.747 11449 11449 I OverviewComponentObserver: updateOverviewTargets: mIsHomeDisabled=true, isDefaultHomeNull=false, mIsDefaultHome=true
03-09 21:42:15.748  2064  2064 I sensors-hal: get_qmi_debug_flag:239, support_qmi_debug : false
03-09 21:42:15.749  2300  2300 D SurfaceFlinger: setDesiredDisplayModeSpecs[{0, false, PR={p[24.00-120.00]Hz, r[24.00-60.00]Hz}, AR={p[0.00-120.00]Hz, r[0.00-60.00]Hz}}]: by process 3163 uid 1000 for display 4630947043778501762
03-09 21:42:15.749  2061  2108 E minksocket: MinkIPC_QRTR_Service: client with node 1 port 6b0d went down
03-09 21:42:15.749  2061  2108 E minksocket: MinkIPC_QRTR_Service: client with node 1 port 6b0e went down
03-09 21:42:15.750  5625  5625 V DreamService[DozeService]: finish(): mFinished=false activity=null callers=com.android.systemui.doze.DozeMachine$Service$Delegate.finish:3 com.android.systemui.doze.DozeMachine$Service$Delegate.finish:3 com.android.systemui.doze.DozeMachine.transitionTo:557 com.android.systemui.doze.DozeMachine.transitionTo:659 com.android.systemui.doze.DozeMachine.requestState:10 
03-09 21:42:15.751  2064  2064 E Diag_Lib: diag: Diag_LSM_Init: invoked for pid: 2064 with init_count: 0
03-09 21:42:15.751  2061  2108 E minksocket: MinkIPC_QRTR_Service: client with node 1 port 6b0f went down
03-09 21:42:15.751  2064  2064 E Diag_Lib: diag:failed to connect to diag socket
03-09 21:42:15.751  2064  2064 E Diag_Lib:  Diag_LSM_Init: Failed to open handle to diag driver, error = 13
03-09 21:42:15.751  2061  2108 E minksocket: MinkIPC_QRTR_Service: client with node 1 port 6b10 went down
03-09 21:42:15.751  2064  2064 I sensors-hal: send_sensor_config_request:463, dt=ambient_light_1: convert sample_period=250000000 to batch_period=250000
03-09 21:42:15.751  2064  2064 I sensors-hal: send_sync_sensor_request:341, send sync request
03-09 21:42:15.751  2064  2064 I sensors-hal: send_sync_sensor_request:367, wait for notification of response
03-09 21:42:15.751  3163  7000 I DreamManagerService: finishSelf by com.android.systemui callingUid=10394 callingPid=5625
03-09 21:42:15.751  3163  7000 D DreamManagerService: Dream finished: android.os.Binder@99d8257, immediate=true
03-09 21:42:15.751  3163  7000 I DreamManagerService: Leaving dreamland.
03-09 21:42:15.752  3163  7000 I DreamManagerService: stopDreamLocked. callers=com.android.server.dreams.DreamManagerService.finishSelfInternal:514 com.android.server.dreams.DreamManagerService.-$$Nest$mfinishSelfInternal:0 com.android.server.dreams.DreamManagerService$BinderService.finishSelf:1092 android.service.dreams.IDreamManager$Stub.onTransact:292 android.os.Binder.execTransactInternal:1520 
03-09 21:42:15.752  7545  7545 I FileStationLog: [ FileStationManager ] - screenIsOn: false, hasWindowShowed: false
03-09 21:42:15.752  7545  7545 I MotoDesktopLog: [ FileStationLog ] - broadcastMessage - cmd : 2008
03-09 21:42:15.753  3163  3231 D CLI/Keyguard: [onKeyguardLockedStateChanged] isKeyguardLocked=true
03-09 21:42:15.753  3163  3227 I DreamController: Stopping dream: name=ComponentInfo{com.android.systemui/com.android.systemui.doze.DozeService}, isPreviewMode=false, canDoze=true, userId=0, reason='finished self'(from 'power manager request')
03-09 21:42:15.754  3163  3231 D PanelsService: onKeyguardStateChanged.. isShowing=true
03-09 21:42:15.754  3163  3231 D TouchHwAidlService: onKeyguardStateChanged.. isShowing=true
03-09 21:42:15.754  6942  6942 D NfcService: MSG_APPLY_SCREEN_STATE 4
03-09 21:42:15.754  3163  3231 W AccessibilityWindowsPopulator: The displayInfo of this displayId (0) called back from the surface fligner is null
03-09 21:42:15.754  3163  3231 D PanelsService: onAwakeStateChanged.. isAwake=true
03-09 21:42:15.754  3163  3231 D TouchHwAidlService: onAwakeStateChanged.. isAwake=true
03-09 21:42:15.754  3163  3231 D TouchHwAidlService: Unregister stow sensor
03-09 21:42:15.755  6942  6942 D libnfc_nci: nfcManager_doSetScreenState: state = 4 prevScreenState= 1, discovry_param = 1
03-09 21:42:15.755  2582  8068 D NxpTml  : PN54X - Write requested.....
03-09 21:42:15.755  2582  8068 D NxpTml  : PN54X - Invoking I2C Write.....
03-09 21:42:15.756  2582  8068 I NxpNciX : len =   4 > 20090102
03-09 21:42:15.756  2582  8068 D NxpTml  : PN54X - I2C Write successful.....
03-09 21:42:15.756  2582  8068 D NxpTml  : PN54X - Posting Fresh Write message.....
03-09 21:42:15.756  2582  8068 D NxpTml  : PN54X - Tml Writer Thread Running................
03-09 21:42:15.756  2582  8070 D NxpHal  : write successful status = 0x0
03-09 21:42:15.756  2582  8059 D NxpTml  : PN54X - I2C Read successful.....
03-09 21:42:15.756  2582  8059 I NxpNciR : len =   4 > 40090100
03-09 21:42:15.756  2582  8059 D NxpTml  : PN54X - Posting read message.....
03-09 21:42:15.756 10834  6431 I DeviceStatusMonitor: DeviceStatusMonitor.handleBroadcast():138 onReceive() : Action = android.intent.action.SCREEN_OFF
03-09 21:42:15.756  2582  8070 D NxpHal  : read successful status = 0x0
03-09 21:42:15.756  2582  8059 D NxpTml  : PN54X - Read requested.....
03-09 21:42:15.756  2582  8059 D NxpTml  : PN54X - Invoking I2C Read.....
03-09 21:42:15.756  2064  9722 I sensors-hal: ssc_conn_resp_cb:632, resp_value = 0
03-09 21:42:15.757  6942  8007 D libnfc_nci: nfaDeviceManagementCallback: enter; event=0xB
03-09 21:42:15.757  2064  2064 I sensors-hal: send_sync_sensor_request:373, takes 5 ms to receive the response with 0
03-09 21:42:15.757  6942  8007 D libnfc_nci: nfaDeviceManagementCallback: NFA_DM_SET_POWER_SUB_STATE_EVT; status=0x0
03-09 21:42:15.757  2064  2064 I sensors-hal: activate:184, com.motorola.sensor.alternate_light/65959 en=1 completed
03-09 21:42:15.757 10834  6431 I DeviceStatusMonitor: DeviceStatusMonitor.updateCountryInfo():154 updateCountryInfo(), notifyAnyway = false
03-09 21:42:15.757  2582  8068 D NxpTml  : PN54X - Write requested.....
03-09 21:42:15.757  2582  8068 D NxpTml  : PN54X - Invoking I2C Write.....
03-09 21:42:15.757  2582  8068 I NxpNciX : len =   7 > 20020401020100
03-09 21:42:15.757  2582  8068 D NxpTml  : PN54X - I2C Write successful.....
03-09 21:42:15.757  2582  8068 D NxpTml  : PN54X - Posting Fresh Write message.....
03-09 21:42:15.757  2582  8068 D NxpTml  : PN54X - Tml Writer Thread Running................
03-09 21:42:15.757  2582  8070 D NxpHal  : write successful status = 0x0
03-09 21:42:15.757 10834 10834 I InputBundle: InputBundle.consumeEvent():1029 Skip consuming an event as imeStatus is INACTIVE
03-09 21:42:15.758  2582  8059 D NxpTml  : PN54X - I2C Read successful.....
03-09 21:42:15.758  2582  8059 I NxpNciR : len =   5 > 4002020000
03-09 21:42:15.758  2582  8059 D NxpTml  : PN54X - Posting read message.....
03-09 21:42:15.758  2582  8070 D NxpHal  : read successful status = 0x0
03-09 21:42:15.758  2582  8070 D NxpHal  : phNxpNciHal_print_res_status: response status =STATUS_OK
03-09 21:42:15.758  2064  2064 I sensors-hal: activate:173, com.motorola.sensor.glance/65658 en=0
03-09 21:42:15.758  2064  2064 I sensors-hal: deactivate:166, deactivate glance 65548
03-09 21:42:15.758  2582  8059 D NxpTml  : PN54X - Read requested.....
03-09 21:42:15.758  2582  8059 D NxpTml  : PN54X - Invoking I2C Read.....
03-09 21:42:15.758  3163  3352 V DisplayPowerController2[1]: Brightness [0.1671606] reason changing to: 'manual', previous reason: 'screen_off'.
03-09 21:42:15.758 10834 10834 I Module  : DeviceLockedStatusModuleProvider$Module.updateDeviceLockedStatus():103 repeatCheckTimes = 0, locked = false
03-09 21:42:15.759  3163  3352 I DisplayPowerController2[1]: 03-09 21:42:15.758 - BrightnessEvent: disp=1, physDisp=local:4630947043778501763, displayState=ON, displayPolicy=BRIGHT, brt=0.1671606, initBrt=0.0, rcmdBrt=NaN, preBrt=NaN, lux=NaN, preLux=NaN, brtNits=34.323467, hdrNits=NaN, initNits=3.3701954, preNits=NaN, rcmdNits=NaN, hdrBrightness=NaN, brt(%)=22%, brtInt=43, hbmPolicy=normal, hbmMax=0.7660316, hbmMode=off, rbcStrength=-1, thrmMax=1.0, powerFactor=1.0, wasShortTermModelActive=false, flags=invalid_lux , reason=manual, autoBrightness=true, strategy=InvalidBrightnessStrategy, autoBrightnessMode=default
03-09 21:42:15.759  2061  2108 E minksocket: MinkIPC_QRTR_Service: client with node 1 port 6b0c went down
03-09 21:42:15.759  2064  2064 I sensors-hal: activate:184, com.motorola.sensor.glance/65658 en=0 completed
03-09 21:42:15.759  3163  5308 D PowerManagerService: nativeSetPowerMode ret:false mode:9 enabled:false duration ms: 0
03-09 21:42:15.759  3163  5308 D TouchHwAidlService: setCliDisplayState: mCliScreenOff=false
03-09 21:42:15.759  3163  5308 D LocalDisplayAdapter: setDisplayPowerMode mode=2 for display=android.os.BinderProxy@433f576
03-09 21:42:15.760  2723  2723 E VendorTagDescriptor: lookupTag: Tag name 'support_get_property_2_0' does not exist.
03-09 21:42:15.760  2300  2300 E Scheduler: trackPendingFrame: Invalid present fence
03-09 21:42:15.760  6942  8007 D libnfc_nci: nfaDeviceManagementCallback: enter; event=0x2
03-09 21:42:15.760  6942  8007 D libnfc_nci: nfaDeviceManagementCallback: NFA_DM_SET_CONFIG_EVT
03-09 21:42:15.762  2064  2064 I sensors-hal: batch:206, android.sensor.device_orientation/271, period=66667000, max_latency=0
03-09 21:42:15.763  2064  2064 I sensors-hal: set_config:61, no need to adjust sample_period_ns due to reporting_mode = 2
03-09 21:42:15.763  2064  2064 I sensors-hal: batch:215, android.sensor.device_orientation/271, period=66667000, max_latency=0 request completed
03-09 21:42:15.763  2064  2064 I sensors-hal: activate:173, android.sensor.device_orientation/271 en=1
03-09 21:42:15.765  2300  2300 D SurfaceFlinger: Setting power mode 2 on display 4630947043778501763
03-09 21:42:15.766  2064  2064 I sensors-hal: get_qmi_debug_flag:239, support_qmi_debug : false
03-09 21:42:15.767  2061  2108 E minksocket: MinkIPC_QRTR_Service: client with node 1 port 6b12 went down
03-09 21:42:15.768  2061  2108 E minksocket: MinkIPC_QRTR_Service: client with node 1 port 6b13 went down
03-09 21:42:15.769  5625  5625 V DreamService[DozeService]: wakeUp(): fromSystem=true, mWaking=false, mFinished=true callers=android.service.dreams.DreamService.-$$Nest$mwakeUp:0 android.service.dreams.DreamService$DreamServiceWrapper.lambda$wakeUp$1:1794 android.service.dreams.DreamService$DreamServiceWrapper.$r8$lambda$SFP-NasoKFNaaOvKHyJqrl_aPt8:0 android.service.dreams.DreamService$DreamServiceWrapper$$ExternalSyntheticLambda3.run:0 android.os.Handler.handleCallback:1001 
03-09 21:42:15.768  2300  2300 I Scheduler: Display 4630947043778501763 is the pacesetter
03-09 21:42:15.769  2300  2300 I Scheduler: promotePacesetterDisplayLocked, mAcceptScrollEvent=1
03-09 21:42:15.769  2300  2300 I Scheduler: promotePacesetterDisplayLocked, mAcceptTouchNotBoostEvent=0
03-09 21:42:15.769  2064  2064 E Diag_Lib: diag: Diag_LSM_Init: invoked for pid: 2064 with init_count: 0
03-09 21:42:15.770  2061  2108 E minksocket: MinkIPC_QRTR_Service: client with node 1 port 6b14 went down
03-09 21:42:15.770  2061  2108 E minksocket: MinkIPC_QRTR_Service: client with node 1 port 6b15 went down
03-09 21:42:15.770  2064  2064 E Diag_Lib: diag:failed to connect to diag socket
03-09 21:42:15.770  2064  2064 E Diag_Lib:  Diag_LSM_Init: Failed to open handle to diag driver, error = 13
03-09 21:42:15.770  2064  2064 I sensors-hal: send_sensor_config_request:463, dt=mot_disprot: convert sample_period=66667000 to batch_period=66667
03-09 21:42:15.770  2064  2064 I sensors-hal: send_sync_sensor_request:341, send sync request
03-09 21:42:15.770  2064  2064 I sensors-hal: send_sync_sensor_request:367, wait for notification of response
03-09 21:42:15.771  2064  9724 I sensors-hal: ssc_conn_resp_cb:632, resp_value = 0
03-09 21:42:15.771  2064  2064 I sensors-hal: send_sync_sensor_request:373, takes 0 ms to receive the response with 0
