03-09 21:43:17.344  3163  3227 D TouchHwAidlService: transfer mode=33 transMode=32 cli=true
03-09 21:43:17.344  2106  2106 I motorola.hardware.display.touch-service: Setting CLI Gesture to 32
03-09 21:43:17.344  3163  3227 D TouchHwAidlService: setCliGestureModeHal done mode=33 newMode=32 result=0
03-09 21:43:17.344  3163  3227 D TouchHwAidlService: enableTapWake mode=49 displayId=-1 mGestureStowMode=true
03-09 21:43:17.345  2106  2106 I motorola.hardware.display.touch-service: Setting Gesture to 49
03-09 21:43:17.345  3163  3227 D TouchHwAidlService: setGestureModeHal done mode=49 newMode=49 result=0
03-09 21:43:17.345  3163  3227 D TouchHwAidlService: transfer mode=49 transMode=48 cli=true
03-09 21:43:17.345  2106  2106 I motorola.hardware.display.touch-service: Setting CLI Gesture to 48
03-09 21:43:17.345  3163  3227 D TouchHwAidlService: setCliGestureModeHal done mode=49 newMode=48 result=0
03-09 21:43:17.346  3163  3227 D TouchHwAidlService: Unregister stow sensor
03-09 21:43:17.346  3163  3227 W AlarmManager: Unrecognized alarm listener com.motorola.server.display.TouchHwAidlService$AlarmListenerImpl@de23d8f
03-09 21:43:17.346  3163  3227 D TouchHwAidlService: Unregister stow sensor
03-09 21:43:17.346  3163  3227 W AlarmManager: Unrecognized alarm listener com.motorola.server.display.TouchHwAidlService$AlarmListenerImpl@de23d8f
03-09 21:43:17.346  3163  3227 D TouchHwAidlService: Unregister stow sensor
03-09 21:43:17.346  3163  3227 W AlarmManager: Unrecognized alarm listener com.motorola.server.display.TouchHwAidlService$AlarmListenerImpl@de23d8f
03-09 21:43:17.346  3163  3227 D TouchHwAidlService: enableGestureStowMode stowed: false
03-09 21:43:17.346  2106  2106 I motorola.hardware.display.touch-service: Setting stow gesture mode to 0 for panel 1
03-09 21:43:17.346  7314  7314 D GameMode: isFeatureSupported: true
03-09 21:43:17.346  2067  2174 D AHAL: AudioDevice: SetParameters: 1564: enter: cli_state=open
03-09 21:43:17.346  2067  2174 D AHAL: AudioVoice: VoiceSetParameters: 87: Enter params: cli_state=open
03-09 21:43:17.346  2067  2174 D AHAL: AudioVoice: VoiceSetParameters: 360: Exit ret: 0
03-09 21:43:17.346  2067  2174 D AHAL: FM: fm_set_parameters: 262: Enter
03-09 21:43:17.346  2067  2174 D AHAL: FM: fm_set_parameters: 320: exit
03-09 21:43:17.346  2067  2174 D AHAL: AudioDevice: SetParameters: 2361: exit: cli_state=open
03-09 21:43:17.346 10834 10834 I KeyboardDefCache: MemoryFileCache$1.onTrimMemory():124 clearMemory() for trim memory: 40
03-09 21:43:17.346  7314  7314 D GameMode: isFeatureSupported: true
03-09 21:43:17.346 10834 10834 I KeyboardDefCache: MemoryFileCache.clearMemory():408 evictAll()
03-09 21:43:17.347  7314  7314 D GameMode: reset : false
03-09 21:43:17.347  3163  3227 D TouchHwAidlService: setStowGestureMode for cli stowed=false ret=0
03-09 21:43:17.347  5625  5625 D SCliNotifPanelController: onLidOpen
03-09 21:43:17.347  3163  3227 D TouchHwAidlService: enableGestureStowMode stowed: false
03-09 21:43:17.347  3163  5853 W InputManager-JNI: Input channel object '[Gesture Monitor] moto_actions_input_channel (client)' was disposed without first being removed with the input manager!
03-09 21:43:17.347  5625  5625 V SmallCli_WindowController: state=SmallCli window State {
03-09 21:43:17.347  5625  5625 V SmallCli_WindowController:   mBrightnessVisible: false
03-09 21:43:17.347  5625  5625 V SmallCli_WindowController:   mDynamicPanelVisible: false
03-09 21:43:17.347  5625  5625 V SmallCli_WindowController:   mFlashLightPrompt: false
03-09 21:43:17.347  5625  5625 V SmallCli_WindowController:   mHeadsUpPanelVisible: false
03-09 21:43:17.347  5625  5625 V SmallCli_WindowController:   mKeyguardOccluded: false
03-09 21:43:17.347  5625  5625 V SmallCli_WindowController:   mLidOpen: true
03-09 21:43:17.347  5625  5625 V SmallCli_WindowController:   mNotificationVisible: false
03-09 21:43:17.347  5625  5625 V SmallCli_WindowController:   mPowerMenuVisible: false
03-09 21:43:17.347  5625  5625 V SmallCli_WindowController:   mQsVisible: false
03-09 21:43:17.347  5625  5625 V SmallCli_WindowController:   mVolumeVisible: false
03-09 21:43:17.347  5625  5625 V SmallCli_WindowController: }
03-09 21:43:17.348  2106  2106 I motorola.hardware.display.touch-service: Setting stow gesture mode to 0 for panel 1
03-09 21:43:17.348  3163  3227 D TouchHwAidlService: setStowGestureMode for cli stowed=false ret=0
03-09 21:43:17.348  3163  3227 D TouchHwAidlService: enableGestureStowMode stowed: false
03-09 21:43:17.348  2106  2106 I motorola.hardware.display.touch-service: Setting stow gesture mode to 0 for panel 1
03-09 21:43:17.348  3163  3227 D TouchHwAidlService: setStowGestureMode for cli stowed=false ret=0
03-09 21:43:17.348  2723  9652 I CameraService: Previous DeviceState : 4 New DeviceState : 0
03-09 21:43:17.348  2186  2186 I CamxPrvdr@2.7-legacy: notifyDeviceStateChange: New device state: 0x0
03-09 21:43:17.348  2186  2186 I CamxComm1.0-CamModule: notifyDeviceStateChange: calling notify_device_state_change with state 0
03-09 21:43:17.348  2186  2186 D CamX    : [DEBUG][HAL    ] camxhal3module.cpp:411 NotifyDeviceStateChange() New Device State: 0
03-09 21:43:17.349  2061  2108 E minksocket: MinkIPC_QRTR_Service: client with node 1 port 6b74 went down
03-09 21:43:17.349  2061  2108 E minksocket: MinkIPC_QRTR_Service: client with node 1 port 6b73 went down
03-09 21:43:17.349  2061  2108 E minksocket: MinkIPC_QRTR_Service: client with node 1 port 6b6c went down
03-09 21:43:17.349  2061  2108 E minksocket: MinkIPC_QRTR_Service: client with node 1 port 6b5f went down
03-09 21:43:17.349 10834 11184 I HWUI    : setGrContext validptr-->nullptr
03-09 21:43:17.350  7314  7314 D GameMode: isFeatureSupported: true
03-09 21:43:17.353  5625  5669 V WindowManagerShell: Transition requested (#1016): android.os.BinderProxy@d8df4fb TransitionRequestInfo { type = SLEEP, triggerTask = null, pipTask = null, remoteTransition = null, displayChange = null, flags = 0, debugId = 1016 }
03-09 21:43:17.353  3163  3227 V WindowManager: Sent Transition (#1016) createdAt=03-09 21:43:17.352 via request=TransitionRequestInfo { type = SLEEP, triggerTask = null, pipTask = null, remoteTransition = null, displayChange = null, flags = 0, debugId = 1016 }
03-09 21:43:17.353  3163  3227 V WindowManager:     startWCT=null
03-09 21:43:17.353  3163  3227 V WindowManager:     info={id=1016 t=SLEEP f=0x40 trk=0 r=[] c=[]}
03-09 21:43:17.353  5625  6284 V WindowManagerShell: onTransitionReady(transaction=13584981626001)
03-09 21:43:17.353  3163  6909 W Transition: Transition already started id=1016 state=2
03-09 21:43:17.354  5625  5669 V WindowManagerShell: onTransitionReady (#1016) android.os.BinderProxy@d8df4fb: {id=1016 t=SLEEP f=0x40 trk=0 r=[] c=[]}
03-09 21:43:17.354  5625  5669 V WindowManagerShell: No transition roots in (#1016) android.os.BinderProxy@d8df4fb@0 so abort
03-09 21:43:17.354  5625  5669 V WindowManagerShell: Transition animation finished (aborted=true), notifying core (#1016) android.os.BinderProxy@d8df4fb@0
03-09 21:43:17.356  5625  5669 V WindowManagerShell: Track 0 became idle
03-09 21:43:17.356  5625  5669 V WindowManagerShell: All active transition animations finished
03-09 21:43:17.357  5705  5705 D GameModeDetector: notifyGameModeStatusValue, value=false
03-09 21:43:17.357  5705  5705 D DaxService: sendGameModeIntent, state=false
03-09 21:43:17.358  3163  3251 D ActivityManager: unfreezing ProcessRecord{2b3cc60 14753:com.motorola.dolby.dolbyui/u0a182}, reason = unfreezeTemporarily, adj = 925, adjType = cch-empty, adjSource = null
03-09 21:43:17.358  3163  3227 V WindowManager: Finish Transition (#1016): created at 03-09 21:43:17.352 collect-started=0.053ms request-sent=0.106ms started=0.285ms ready=0.281ms sent=0.388ms finished=3.145ms
03-09 21:43:17.358  3163  3251 D ActivityManager: sync unfroze 14753 com.motorola.dolby.dolbyui for 3
03-09 21:43:17.361  6344  6675 D Surface : Surface::disconnect
03-09 21:43:17.362  6344  6675 D BufferQueueProducer: [Venus-Home#12418(BLAST Consumer)pid:6344](id:18c80000007c,api:1,p:6344,c:6344) disconnect: api 1
03-09 21:43:17.363  3163  6987 W UserManagerService: Requested status bar icon for non-badged user 0
03-09 21:43:17.363 10867 10867 I ThermalEngine: Throttling daemon started
03-09 21:43:17.363 10867 10867 E ThermalEngine: config_info path not found: /sys/module/msm_thermal/config_info
03-09 21:43:17.364 10867 10867 I ThermalEngine: Using device config file '/vendor/etc/thermal-engine-lynkco.conf'
03-09 21:43:17.364  3163  4279 D CLI/Transition_Lid: started waiting for displaygroup 1 off. needMove:false, wakeForContinuityAtWill:false
03-09 21:43:17.364  3163  4279 I PowerGroup: Sleeping power group (groupId=1, uid=1000, reason=lid_switch)...
03-09 21:43:17.364  3163  4279 D PowerManagerService: ignore setGlobalWakefulnessLocked 0 due to lid state change.
03-09 21:43:17.365  3163  3163 I WindowManager: Started going to sleep... (groupId=1 why=OFF_BECAUSE_OF_USER) notifySleepToKeyguard=false lidState=1 pmSleepReason=lid_switch
03-09 21:43:17.368  3163  3352 I DisplayPowerController2[1]: 03-09 21:43:17.367 - BrightnessEvent: disp=1, physDisp=local:4630947043778501763, displayState=ON, displayPolicy=OFF, brt=0.052357756, initBrt=0.052357756, rcmdBrt=0.052357756, preBrt=NaN, lux=3.0, preLux=NaN, brtNits=8.381493, hdrNits=NaN, initNits=8.381493, preNits=NaN, rcmdNits=8.381493, hdrBrightness=NaN, brt(%)=7%, brtInt=14, hbmPolicy=normal, hbmMax=0.7660316, hbmMode=off, rbcStrength=-1, thrmMax=1.0, powerFactor=1.0, wasShortTermModelActive=false, flags=, reason=automatic, autoBrightness=true, strategy=InvalidBrightnessStrategy, autoBrightnessMode=default
03-09 21:43:17.368  3163  3352 I DisplayPowerController2[1]: Blocking screen off
03-09 21:43:17.368  3163  3352 I WindowManager: Display 1 turning off...
03-09 21:43:17.368  3163  3352 I DisplayPowerController2[1]: Unblocked screen off after 0 ms
03-09 21:43:17.369  3163  3352 I WindowManager: Display1 turned off...
03-09 21:43:17.369  3163  3352 I DisplayBrightnessStrategySelector: Changing the DisplayBrightnessStrategy from InvalidBrightnessStrategy to ScreenOffBrightnessStrategy for display 1
03-09 21:43:17.369  3163  3229 D CLI/SmallCLI: onScreenTurnedOff: 
03-09 21:43:17.369  2064  2064 I sensors-hal: activate:173, com.motorola.sensor.alternate_light/65959 en=0
03-09 21:43:17.370  2061  2108 E minksocket: MinkIPC_QRTR_Service: client with node 1 port 6b83 went down
03-09 21:43:17.372  2064  2064 I sensors-hal: activate:184, com.motorola.sensor.alternate_light/65959 en=0 completed
03-09 21:43:17.372  3163  3352 V DisplayPowerController2[1]: Brightness [0.0] reason changing to: 'screen_off', previous reason: 'automatic'.
03-09 21:43:17.373  3163  3352 I DisplayPowerController2[1]: 03-09 21:43:17.372 - BrightnessEvent: disp=1, physDisp=local:4630947043778501763, displayState=OFF, displayPolicy=OFF, brt=0.0, initBrt=0.052357756, rcmdBrt=NaN, preBrt=NaN, lux=0.0, preLux=0.0, brtNits=3.3701954, hdrNits=NaN, initNits=8.381493, preNits=NaN, rcmdNits=NaN, hdrBrightness=NaN, brt(%)=0%, brtInt=1, hbmPolicy=normal, hbmMax=0.7660316, hbmMode=off, rbcStrength=-1, thrmMax=1.0, powerFactor=1.0, wasShortTermModelActive=false, flags=, reason=screen_off, autoBrightness=true, strategy=ScreenOffBrightnessStrategy, autoBrightnessMode=default
03-09 21:43:17.373  3163  5308 D TouchHwAidlService: setCliDisplayState: mCliScreenOff=true
03-09 21:43:17.373  3163  3231 D DisplayManagerService: Ignore redundant display event 1/4 to 10416/12048
03-09 21:43:17.373  3163  3163 I BrightnessSynchronizer: New Update: {[2295] 0.09153404(f), mUpdatedTypes=0, mConfirmedTypes=0, mTimeUpdated=0, mState=2}
03-09 21:43:17.373  3163  5308 D TouchHwAidlService: onTapToWakeSettingsChanged isAmbientDisplayAvailable=1 aodEnable=true singleTapEnable=true doubleTapEnable=true lidState=1 callers=com.motorola.server.display.TouchHwAidlService.setCliDisplayState:554 com.motorola.server.MotoExtHwService$MotoExtHwManagerInternal.setCliDisplayState:454 com.android.server.display.LocalDisplayAdapter$LocalDisplayDevice$1.setDisplayState:1082 
03-09 21:43:17.373  3163  5308 D TouchHwAidlService: enableTapWake mode=33 displayId=0 mGestureStowMode=true
03-09 21:43:17.374  3163  3231 I DisplayDeviceRepository: Display device changed state: "HDMI Screen", OFF
03-09 21:43:17.374  2106  2106 I motorola.hardware.display.touch-service: Setting Gesture to 33
03-09 21:43:17.374 14753 14786 D DolbyDaxUI: getDeviceType, active device is 0x2
03-09 21:43:17.374  3163  5308 D TouchHwAidlService: setGestureModeHal done mode=33 newMode=33 result=0
03-09 21:43:17.374  3163  5308 D TouchHwAidlService: enableTapWake mode=33 displayId=1 mGestureStowMode=true
03-09 21:43:17.374  3163  5308 D TouchHwAidlService: transfer mode=33 transMode=32 cli=true
03-09 21:43:17.374  2106  2106 I motorola.hardware.display.touch-service: Setting CLI Gesture to 32
03-09 21:43:17.374  3163  3227 D TouchHwAidlService: Unregister stow sensor
03-09 21:43:17.374  3163  3227 W AlarmManager: Unrecognized alarm listener com.motorola.server.display.TouchHwAidlService$AlarmListenerImpl@de23d8f
03-09 21:43:17.374  3163  3227 D TouchHwAidlService: enableGestureStowMode stowed: false
03-09 21:43:17.374  2106  2106 I motorola.hardware.display.touch-service: Setting stow gesture mode to 0 for panel 1
03-09 21:43:17.374  3163  5308 D TouchHwAidlService: setCliGestureModeHal done mode=33 newMode=32 result=0
03-09 21:43:17.374  3163  5308 D TouchHwAidlService: enableTapWake mode=49 displayId=-1 mGestureStowMode=true
03-09 21:43:17.374  2106  2106 I motorola.hardware.display.touch-service: Setting Gesture to 49
03-09 21:43:17.374  3163  3352 D BrightnessThermalClamper: Thermal status observer already started
03-09 21:43:17.374  3163  3231 I InputManager-JNI: Viewport [0] to add: local:4630947043778501762, isActive: false
03-09 21:43:17.374  3163  5308 D TouchHwAidlService: setGestureModeHal done mode=49 newMode=49 result=0
03-09 21:43:17.375  3163  3231 I InputManager-JNI: Viewport [1] to add: local:4630947043778501763, isActive: false
03-09 21:43:17.375  3163  5308 D TouchHwAidlService: transfer mode=49 transMode=48 cli=true
03-09 21:43:17.375  3163  3227 D TouchHwAidlService: setStowGestureMode for cli stowed=false ret=0
03-09 21:43:17.375  3163  3227 D TouchHwAidlService: Unregister stow sensor
03-09 21:43:17.375  2106  2106 I motorola.hardware.display.touch-service: Setting CLI Gesture to 48
03-09 21:43:17.375  3163  3227 W AlarmManager: Unrecognized alarm listener com.motorola.server.display.TouchHwAidlService$AlarmListenerImpl@de23d8f
03-09 21:43:17.375  3163  3227 D TouchHwAidlService: enableGestureStowMode stowed: false
03-09 21:43:17.375  2106  2106 I motorola.hardware.display.touch-service: Setting stow gesture mode to 0 for panel 1
03-09 21:43:17.375  3163  5308 D TouchHwAidlService: setCliGestureModeHal done mode=49 newMode=48 result=0
03-09 21:43:17.375 14753 14786 D DolbyDaxUI: getDeviceType, active device is 0x2
03-09 21:43:17.376  3163  3229 D ActivityTaskManager: Top Process State changed to PROCESS_STATE_TOP
03-09 21:43:17.376  3163  3229 V WindowManager: Content Recording: Display 1 state was (2), is now (1), so update recording?
03-09 21:43:17.376  3163  3229 D CLI/Transition: displaygroup 1, state OFF, pendingdisplaygroup 1
03-09 21:43:17.377  3163  3229 W SurfaceControl: Invalid layer stack -1
03-09 21:43:17.377  3163  4279 I PowerGroup: Waking up power group from Asleep (groupId=0, uid=1000, reason=WAKE_REASON_LID, details=cli: lid state change)...
03-09 21:43:17.377  3163  3229 I DisplayDevice: [1] Layerstack set to -1 for local:4630947043778501763 mDisplayToken=android.os.BinderProxy@433f576 t=Transaction{mNativeObject=-5476376673043392304, mHashCode=0}
03-09 21:43:17.377  3163  3231 D PanelsService: updateCliDisplayState: mCliScreenState=OFF
03-09 21:43:17.377  5625  5669 V WindowManagerShell: Transition requested (#1017): android.os.BinderProxy@b37f918 TransitionRequestInfo { type = WAKE, triggerTask = null, pipTask = null, remoteTransition = null, displayChange = null, flags = 0, debugId = 1017 }
03-09 21:43:17.380  3163  4279 W BoostOptController: not supported hint: 118
03-09 21:43:17.382  3163  4285 I InputReader: Reconfiguring input devices, changes=DISPLAY_INFO
03-09 21:43:17.382  3163  4285 I InputReader: Disabling goodix_ts (device 7) because the associated viewport is not active
03-09 21:43:17.382  3163  4285 I InputReader: Disabling zinitix_mt (device 6) because the associated viewport is not active
03-09 21:43:17.382  3163  4285 I InputReader: Device reconfigured: id=6, name='zinitix_mt', size 194x368, orientation Rotation0, mode DISABLED, display id 1
03-09 21:43:17.383  3163  4279 D CLI/Transition_Lid: finished waiting for displaygroup 1 off.
03-09 21:43:17.383  3163  4279 D CLI/Rotation: Set volume keyswap sysprop for rotation 0 lidState OPEN
03-09 21:43:17.383 10867 10867 I ThermalEngine: devices_manager_init: Init
03-09 21:43:17.383 10867 10867 I ThermalEngine: Number of gpus :1
03-09 21:43:17.383 10867 10867 I ThermalEngine: Number of cpus :8
03-09 21:43:17.384  2067  2174 D DlbDapEffectContext: DapEffectContext[0xb400007ca4048450] getDapParameter() outval size = 12, ret = 0
03-09 21:43:17.384 10867 10867 E ThermalEngine: tmd_add_cpufreq_dev_data: Invalid or no boost freqs
03-09 21:43:17.384  2067  2174 D DlbDapEffectContext: DapEffectContext[0xb400007ca4048450] getDapParameter() outval size = 12, ret = 0
03-09 21:43:17.384  5705  5758 D DolbyAudioEffectHelper: getDolbyStatus enabled=true profile=0
03-09 21:43:17.384  5705  5758 D DolbyProvider: true, profile=0
03-09 21:43:17.386 10867 10867 E ThermalEngine: tmd_add_cpufreq_dev_data: Invalid or no boost freqs
03-09 21:43:17.386  3163  5308 W ServiceManagerCppClient: Failed to get isDeclared for com.motorola.hardware.display.panel.IDisplayPanel/default: Status(-1, EX_SECURITY): 'SELinux denied.'
03-09 21:43:17.386  3163  5308 D DisplayPanelService: Setting panel dc mode: 0
03-09 21:43:17.387  2090  2090 I DisplayPanel: setDcMode: DC mode = OFF
03-09 21:43:17.387  2090  2090 D DisplayPanel: setParam: Success set DC to 0 for Primary display
03-09 21:43:17.387  3163  5308 D LocalDisplayAdapter: setDisplayPowerMode mode=0 for display=android.os.BinderProxy@433f576
03-09 21:43:17.388 10867 10867 E ThermalEngine: tmd_add_cpufreq_dev_data: Invalid or no boost freqs
03-09 21:43:17.388  3163  3227 D TouchHwAidlService: setStowGestureMode for cli stowed=false ret=0
03-09 21:43:17.388  3163  3227 D TouchHwAidlService: Unregister stow sensor
03-09 21:43:17.388  3163  3227 W AlarmManager: Unrecognized alarm listener com.motorola.server.display.TouchHwAidlService$AlarmListenerImpl@de23d8f
03-09 21:43:17.388  3163  3227 D TouchHwAidlService: updateCliDisplayState: mCliScreenOn=false
03-09 21:43:17.388  3163  3227 D TouchHwAidlService: enableGestureStowMode stowed: false
03-09 21:43:17.388  2106  2106 I motorola.hardware.display.touch-service: Setting stow gesture mode to 0 for panel 1
03-09 21:43:17.388  3163  3227 D TouchHwAidlService: setStowGestureMode for cli stowed=false ret=0
03-09 21:43:17.389  2300  2300 E Scheduler: trackPendingFrame: Invalid present fence
03-09 21:43:17.389  6942  6983 D ForegroundUtils: Foreground UID status: 10240, true; 10246, false; 10292, true; 10363, false; 10394, true; 10404, true; 10408, true; 10416, false; 10606, true; 10618, false; 
03-09 21:43:17.390  2300  2300 D SurfaceFlinger: Setting power mode 0 on display 4630947043778501763
03-09 21:43:17.394  2061  2108 E minksocket: MinkIPC_QRTR_Service: client with node 1 port 6b94 went down
03-09 21:43:17.395  2061  2108 E minksocket: MinkIPC_QRTR_Service: client with node 1 port 6b95 went down
03-09 21:43:17.395  7545  7545 I FileStationLog: [ FS_h$a ] - [Display] Changed display: 1
03-09 21:43:17.395 10867 10867 E ThermalEngine: devices_manager_reg_clnt: Invalid dev cdsp_sw.
03-09 21:43:17.395  2061  2108 E minksocket: MinkIPC_QRTR_Service: client with node 1 port 6b96 went down
03-09 21:43:17.396  2061  2108 E minksocket: MinkIPC_QRTR_Service: client with node 1 port 6b97 went down
03-09 21:43:17.396  2061  2108 E minksocket: MinkIPC_QRTR_Service: client with node 1 port 6b98 went down
03-09 21:43:17.396  2061  2108 E minksocket: MinkIPC_QRTR_Service: client with node 1 port 6b99 went down
03-09 21:43:17.397  2061  2108 E minksocket: MinkIPC_QRTR_Service: client with node 1 port 6b9a went down
03-09 21:43:17.397  2061  2108 E minksocket: MinkIPC_QRTR_Service: client with node 1 port 6b9b went down
03-09 21:43:17.398  2061  2108 E minksocket: MinkIPC_QRTR_Service: client with node 1 port 6b9c went down
03-09 21:43:17.398  2061  2108 E minksocket: MinkIPC_QRTR_Service: client with node 1 port 6b9d went down
03-09 21:43:17.398  2061  2108 E minksocket: MinkIPC_QRTR_Service: client with node 1 port 6b9e went down
03-09 21:43:17.398  2061  2108 E minksocket: MinkIPC_QRTR_Service: client with node 1 port 6ba0 went down
03-09 21:43:17.398  3163  7454 W AccessibilityWindowsPopulator: The displayInfo of this displayId (0) called back from the surface fligner is null
03-09 21:43:17.399 10867 10871 E ThermalEngine: verify_tmd_device: Device:cpuv_restriction_cold available. max:1
03-09 21:43:17.399  2926  2926 D fpc_hidl: lid-state=1
03-09 21:43:17.399  3163  4279 D MotoFingerprint: resultCode : 0
03-09 21:43:17.399  2061  2108 E minksocket: MinkIPC_QRTR_Service: client with node 1 port 6ba1 went down
03-09 21:43:17.399 10867 10871 E ThermalEngine: verify_tmd_device: Device:cdsp_hw available. max:1
03-09 21:43:17.400 10867 10871 E ThermalEngine: verify_tmd_device: Device:cdsp_sw available. max:6
03-09 21:43:17.400 10867 10871 I ThermalEngine: CDSP thermal mitigation available.
03-09 21:43:17.400  3163  3231 W ServiceManagerCppClient: Failed to get isDeclared for com.motorola.hardware.display.panel.IDisplayPanel/default: Status(-1, EX_SECURITY): 'SELinux denied.'
03-09 21:43:17.400  3163  3231 D DisplayPanelService: Setting panel dc mode: 0
03-09 21:43:17.400  2090  2090 I DisplayPanel: setDcMode: DC mode = OFF
03-09 21:43:17.400  2090  2090 D DisplayPanel: setParam: Success set DC to 0 for Primary display
03-09 21:43:17.401  2061  2108 E minksocket: MinkIPC_QRTR_Service: client with node 1 port 6ba2 went down
03-09 21:43:17.401  2061  2108 E minksocket: MinkIPC_QRTR_Service: client with node 1 port 6ba3 went down
03-09 21:43:17.401  2061  2108 E minksocket: MinkIPC_QRTR_Service: client with node 1 port 6ba4 went down
03-09 21:43:17.401  2061  2108 E minksocket: MinkIPC_QRTR_Service: client with node 1 port 6ba6 went down
03-09 21:43:17.401  2061  2108 E minksocket: MinkIPC_QRTR_Service: client with node 1 port 6ba7 went down
03-09 21:43:17.401  2195  2586 I SDM     : DisplayBase::SetDisplayState: Set state = 0, display 76-0, teardown = 0
03-09 21:43:17.401  2195  2586 I SDM     : DRMPanelFeatureMgr::MarkForNullCommit: Marked 7 for null commit
03-09 21:43:17.402  3163  3231 D DisplayManagerService: Ignore redundant display event 1/2 to 10310/10834
03-09 21:43:17.402  3163  3231 D DisplayManagerService: Ignore redundant display event 1/2 to 10416/12048
03-09 21:43:17.402  2195  2586 I SDM     : HWDeviceDRM::NullCommit: Null commit succeeded crtc=203
03-09 21:43:17.403 10867 10870 E ThermalEngine: verify_tmd_device: Device:cpuv_restriction_cold available. max:1
03-09 21:43:17.403 10867 10870 E ThermalEngine: devices_manager_add_dev: Device:cpuv_restriction_cold already exists
03-09 21:43:17.403 10867 10870 I ThermalEngine: ADSP thermal mitigation available.
03-09 21:43:17.403  2067  2174 D AHAL: AudioDevice: SetParameters: 1564: enter: screen_state=off
03-09 21:43:17.403  2067  2174 D AHAL: AudioVoice: VoiceSetParameters: 87: Enter params: screen_state=off
03-09 21:43:17.403  2067  2174 D AHAL: AudioVoice: VoiceSetParameters: 360: Exit ret: 0
03-09 21:43:17.403  2067  2174 D AHAL: FM: fm_set_parameters: 262: Enter
03-09 21:43:17.403  2067  2174 D AHAL: FM: fm_set_parameters: 320: exit
03-09 21:43:17.403  2067  2174 D AHAL: AudioDevice: SetParameters: 1628:  - screen = off
03-09 21:43:17.403  2067  2174 I PAL: ResourceManager: setParameter: 8311: Screen State:0
03-09 21:43:17.403  2067  2174 D AHAL: AudioDevice: SetParameters: 2361: exit: screen_state=off
03-09 21:43:17.404 10867 10868 E ThermalEngine: verify_tmd_device: Device:cpuv_restriction_cold available. max:1
03-09 21:43:17.404 10867 10868 E ThermalEngine: devices_manager_add_dev: Device:cpuv_restriction_cold already exists
03-09 21:43:17.404 10867 10868 E ThermalEngine: verify_tmd_device: Device:modem_lte_dsc available. max:255
03-09 21:43:17.405 10867 10868 E ThermalEngine: verify_tmd_device: Device:modem_lte_sub1_dsc available. max:255
03-09 21:43:17.405  7545  7545 I FileStationLog: [ FS_h$a ] - [Display] Ignoring change for non-default/desktop display: 1
03-09 21:43:17.406 10867 10868 E ThermalEngine: verify_tmd_device: Device:modem_nr_dsc available. max:255
03-09 21:43:17.406 10867 10868 E ThermalEngine: verify_tmd_device: Device:modem_nr_sub1_dsc available. max:255
03-09 21:43:17.407 10867 10867 I ThermalEngine: Found /system/bin/installd, file: 2737
03-09 21:43:17.407 10867 10867 E ThermalEngine: tmd_init_battery_data: type 0 
03-09 21:43:17.407 10867 10867 E ThermalEngine: tmd_init_battery_data: Unknown type: 0
03-09 21:43:17.407 10867 10867 E ThermalEngine: tmd_init_battery_data: type 1 
03-09 21:43:17.407 10867 10868 E ThermalEngine: verify_tmd_device: Device:modem_nr_scg_dsc available. max:255
03-09 21:43:17.407 10867 10868 E ThermalEngine: verify_tmd_device: Device:modem_nr_scg_sub1_dsc available. max:255
03-09 21:43:17.407 10867 10868 E ThermalEngine: verify_tmd_device: Device:sdr0_lte_dsc available. max:255
03-09 21:43:17.408  3163  3163 I WindowManager: Started waking up... (groupId=0 why=ON_BECAUSE_OF_USER) pmWakeReason=WAKE_REASON_LID
03-09 21:43:17.409 10867 10867 E ThermalEngine: tmd_init_battery_data: type 2 
03-09 21:43:17.409  7545  7545 I FileStationLog: [ FS_h$a ] - [Display] Changed display: 0
03-09 21:43:17.409 10867 10868 E ThermalEngine: verify_tmd_device: Device:sdr1_lte_dsc available. max:255
03-09 21:43:17.409  7545  7545 I FileStationLog: [ FS_h ] - [Logic] Retrieved display info: LogicDisplayInfo(width=1080, height=2640, orientation=1, rotation=0, displayId=0)
03-09 21:43:17.409  7545  7545 I FileStationLog: [ FS_h$a ] - [Display] New logical size: 1080x2640
03-09 21:43:17.409  7545  7545 I FileStationLog: [ FS_h$a ] - [Display] Screen width unchanged: 1080
03-09 21:43:17.409  3163  3163 I WindowManager: awakenDreams callers=com.android.server.policy.PhoneWindowManager.startedWakingUp:7593 com.android.server.power.Notifier.lambda$handleEarlyInteractiveChange$0:603 com.android.server.power.Notifier.$r8$lambda$JPimfzsYkXWexBDnIhDxNZnALw4:0 com.android.server.power.Notifier$$ExternalSyntheticLambda8.run:0 android.os.Handler.handleCallback:1001 
03-09 21:43:17.409 10867 10868 E ThermalEngine: verify_tmd_device: Device:sdr0_nr_dsc available. max:255
03-09 21:43:17.409  3163  3163 I DreamManagerService: awaken by com.android.dynsystem callingUid=1000 callingPid=3163
03-09 21:43:17.410  3163  3163 V PowerManager: userActivity when=23887398 event=0 flags=0 displayId=0 by (android) callers=android.os.PowerManager.userActivity:1487 com.android.server.dreams.DreamManagerService.requestAwakenInternal:496 com.android.server.dreams.DreamManagerService.-$$Nest$mrequestAwakenInternal:0 
03-09 21:43:17.410  3163  3163 W BoostOptController: not supported hint: 118
03-09 21:43:17.410 10867 10868 E ThermalEngine: verify_tmd_device: Device:sdr1_nr_dsc available. max:255
03-09 21:43:17.411 10867 10868 E ThermalEngine: verify_tmd_device: Device:pa_lte_sdr0_dsc available. max:255
03-09 21:43:17.412 10867 10868 E ThermalEngine: verify_tmd_device: Device:pa_lte_sdr1_dsc available. max:255
03-09 21:43:17.412 10867 10868 E ThermalEngine: verify_tmd_device: Device:pa_lte_sdr0_sub1_dsc available. max:255
03-09 21:43:17.412  5658  6105 I bt_shim_scanner: system/main/shim/le_scanning_manager.cc:185 Scan: in shim layer stopped
03-09 21:43:17.412  5658  5907 I bluetooth: system/gd/hci/le_address_manager.cc:244 unregister_client: Client unregistered
03-09 21:43:17.412  5658  6105 W BtGatt.JNI: android/app/jni/com_android_bluetooth_gatt.cpp:1597 gattSetScanParametersNative: gattSetScanParametersNative
03-09 21:43:17.412  5658  6105 I bt_shim_scanner: system/main/shim/le_scanning_manager.cc:363 SetScanParameters: in shim layer, scannerId=1
03-09 21:43:17.412  5658  5907 I bluetooth: system/gd/hci/le_address_manager.cc:248 unregister_client: Cancelled address rotation alarm
03-09 21:43:17.412  5658  6105 I bt_shim_scanner: system/main/shim/le_scanning_manager.cc:185 Scan: in shim layer started
03-09 21:43:17.413  5658  5907 I bluetooth: system/gd/hci/le_scanning_manager.cc:690 stop_scan: Scanning already stopped, return!
03-09 21:43:17.413  5658  5907 I bluetooth: system/gd/hci/le_address_manager.cc:226 register_client: Scheduled address rotation for first client registered
03-09 21:43:17.413  5658  5907 I bluetooth: system/gd/hci/le_address_manager.cc:229 register_client: Client registered
03-09 21:43:17.413  2068  6060 I vendor.qti.bluetooth@1.0-ibs_handler: ProcessIbsCmd: Received IBS_WAKE_IND: 0xFD
03-09 21:43:17.413  2068  6060 I vendor.qti.bluetooth@1.0-ibs_handler: ProcessIbsCmd: Writing IBS_WAKE_ACK
03-09 21:43:17.414 10867 10868 E ThermalEngine: verify_tmd_device: Device:pa_lte_sdr1_sub1_dsc available. max:255
03-09 21:43:17.414 10867 10868 E ThermalEngine: verify_tmd_device: Device:pa_nr_sdr0_dsc available. max:255
03-09 21:43:17.414 10867 10868 E ThermalEngine: verify_tmd_device: Device:pa_nr_sdr1_dsc available. max:255
03-09 21:43:17.416 10867 10868 E ThermalEngine: verify_tmd_device: Device:pa_nr_sdr0_sub1_dsc available. max:255
03-09 21:43:17.416 10867 10868 E ThermalEngine: verify_tmd_device: Device:pa_nr_sdr1_sub1_dsc available. max:255
03-09 21:43:17.416 10867 10868 E ThermalEngine: verify_tmd_device: Device:pa_nr_sdr0_scg_dsc available. max:255
03-09 21:43:17.417 10867 10868 E ThermalEngine: verify_tmd_device: Device:pa_nr_sdr1_scg_dsc available. max:255
03-09 21:43:17.418 10867 10868 E ThermalEngine: verify_tmd_device: Device:mmw0_dsc available. max:255
03-09 21:43:17.419 10867 10868 E ThermalEngine: verify_tmd_device: Device:mmw0_sub1_dsc available. max:255
03-09 21:43:17.419 10867 10868 E ThermalEngine: verify_tmd_device: Device:mmw1_dsc available. max:255
03-09 21:43:17.419 10867 10867 E ThermalEngine: tmd_init_battery_data: type 3 
03-09 21:43:17.419 10867 10868 E ThermalEngine: verify_tmd_device: Device:mmw1_sub1_dsc available. max:255
03-09 21:43:17.419 10867 10867 E ThermalEngine: tmd_init_battery_data: Unknown type: 3
03-09 21:43:17.419 10867 10867 E ThermalEngine: tmd_init_battery_data: type 4 
03-09 21:43:17.419 10867 10867 E ThermalEngine: tmd_init_battery_data: Unknown type: 4
03-09 21:43:17.419 10867 10867 E ThermalEngine: Failed to reading /sys/class/leds/lcd-backlight/max_brightness
03-09 21:43:17.419 10867 10867 E ThermalEngine: Switch to /sys/class/backlight/panel0-backlight/max_brightness successfully
03-09 21:43:17.419 10867 10868 E ThermalEngine: verify_tmd_device: Device:mmw2_dsc available. max:255
03-09 21:43:17.421 10867 10868 E ThermalEngine: verify_tmd_device: Device:mmw2_sub1_dsc available. max:255
03-09 21:43:17.421 10867 10868 E ThermalEngine: verify_tmd_device: Device:mmw3_dsc available. max:255
03-09 21:43:17.421 10867 10867 E ThermalEngine: parse_cooling_devices: Added cooling device: display-fps with cdev id:31
03-09 21:43:17.421 10867 10867 E ThermalEngine: parse_cooling_devices: Added cooling device: cpu-hotplug3 with cdev id:21
03-09 21:43:17.421 10867 10867 E ThermalEngine: parse_cooling_devices: Added cooling device: pause-cpu3 with cdev id:11
03-09 21:43:17.421 10867 10867 E ThermalEngine: parse_cooling_devices: Added cooling device: mmw0_dsc_kr with cdev id:58
03-09 21:43:17.421 10867 10867 E ThermalEngine: parse_cooling_devices: Added cooling device: sdr0_lte_dsc_kr with cdev id:48
03-09 21:43:17.421 10867 10867 E ThermalEngine: parse_cooling_devices: Added cooling device: panel0-backlight with cdev id:38
03-09 21:43:17.421 10867 10867 E ThermalEngine: parse_cooling_devices: Added cooling device: pause-cpu7 with cdev id:8
03-09 21:43:17.421  5625  5625 D KeyguardViewMediator: KeyguardViewMediator queue processing message: NOTIFY_STARTED_WAKING_UP
03-09 21:43:17.421 10867 10867 E ThermalEngine: parse_cooling_devices: Added cooling device: ufs with cdev id:28
03-09 21:43:17.421 10867 10868 E ThermalEngine: verify_tmd_device: Device:mmw3_sub1_dsc available. max:255
03-09 21:43:17.421 10867 10867 E ThermalEngine: parse_cooling_devices: Added cooling device: pa_nr_sdr0_scg_kr with cdev id:56
03-09 21:43:17.422 10867 10867 E ThermalEngine: parse_cooling_devices: Added cooling device: cpu-hotplug0 with cdev id:18
03-09 21:43:17.422 10867 10867 E ThermalEngine: parse_cooling_devices: Added cooling device: pa_nr_sdr0_dsc_kr with cdev id:54
03-09 21:43:17.422 10867 10867 E ThermalEngine: parse_cooling_devices: Added cooling device: modem_vdd with cdev id:44
03-09 21:43:17.422 10867 10867 E ThermalEngine: parse_cooling_devices: Added cooling device: mmw_ific_dsc_kr with cdev id:62
03-09 21:43:17.422 10867 10868 E ThermalEngine: verify_tmd_device: Device:mmw_ific_dsc available. max:255
03-09 21:43:17.422 10867 10867 E ThermalEngine: parse_cooling_devices: Added cooling device: pause-cpu5 with cdev id:4
03-09 21:43:17.422 10867 10867 E ThermalEngine: parse_cooling_devices: Added cooling device: cpu-hotplug7 with cdev id:24
03-09 21:43:17.422 10867 10867 E ThermalEngine: parse_cooling_devices: Added cooling device: pa_lte_sdr0_dsc_kr with cdev id:52
03-09 21:43:17.422 10867 10867 E ThermalEngine: parse_cooling_devices: Added cooling device: mmw2_dsc_kr with cdev id:60
03-09 21:43:17.422 10867 10867 E ThermalEngine: parse_cooling_devices: Added cooling device: pause-cpu0 with cdev id:2
03-09 21:43:17.422 10867 10867 E ThermalEngine: parse_cooling_devices: Added cooling device: cpu-hotplug5 with cdev id:22
03-09 21:43:17.422 10867 10867 E ThermalEngine: parse_cooling_devices: Added cooling device: sdr0_nr_dsc_kr with cdev id:50
03-09 21:43:17.422 10867 10867 E ThermalEngine: parse_cooling_devices: Added cooling device: pause-cpu6 with cdev id:12
03-09 21:43:17.422 10867 10867 E ThermalEngine: parse_cooling_devices: Added cooling device: mmw1_dsc_kr with cdev id:59
03-09 21:43:17.422 10867 10867 E ThermalEngine: parse_cooling_devices: Added cooling device: pause-cpu1 with cdev id:0
03-09 21:43:17.422 10867 10867 E ThermalEngine: parse_cooling_devices: Added cooling device: cpu-hotplug2 with cdev id:20
03-09 21:43:17.422 10867 10867 E ThermalEngine: parse_cooling_devices: Added cooling device: sdr1_lte_dsc_kr with cdev id:49
03-09 21:43:17.422 10867 10867 E ThermalEngine: parse_cooling_devices: Added cooling device: panel1-backlight with cdev id:39
03-09 21:43:17.423 10867 10867 E ThermalEngine: parse_cooling_devices: Added cooling device: pause-cpu2 with cdev id:9
03-09 21:43:17.423 10867 10867 E ThermalEngine: parse_cooling_devices: Added cooling device: pa_nr_sdr1_scg_kr with cdev id:57
03-09 21:43:17.423 10867 10867 E ThermalEngine: parse_cooling_devices: Added cooling device: cpu-hotplug1 with cdev id:19
03-09 21:43:17.423 10867 10867 E ThermalEngine: parse_cooling_devices: Added cooling device: pa_nr_sdr1_dsc_kr with cdev id:55
03-09 21:43:17.423 10867 10867 E ThermalEngine: parse_cooling_devices: Added cooling device: wlan with cdev id:63
03-09 21:43:17.423 10867 10867 E ThermalEngine: parse_cooling_devices: Added cooling device: thermal-cpufreq-0 with cdev id:25
03-09 21:43:17.423 10867 10867 E ThermalEngine: parse_cooling_devices: Added cooling device: pa_lte_sdr1_dsc_kr with cdev id:53
03-09 21:43:17.423 10867 10867 E ThermalEngine: parse_cooling_devices: Added cooling device: wsa with cdev id:43
03-09 21:43:17.423 10867 10867 E ThermalEngine: parse_cooling_devices: Added cooling device: mmw3_dsc_kr with cdev id:61
03-09 21:43:17.423 10867 10867 E ThermalEngine: parse_cooling_devices: Added cooling device: cpu-hotplug6 with cdev id:23
03-09 21:43:17.423 10867 10867 E ThermalEngine: parse_cooling_devices: Added cooling device: sdr1_nr_dsc_kr with cdev id:51
03-09 21:43:17.423 10867 10867 I ThermalEngine: sensors_manager_init: Init
03-09 21:43:17.423 10867 10868 E ThermalEngine: verify_tmd_device: Device:mmw_ific_sub1_dsc available. max:255
03-09 21:43:17.423 10867 10867 E ThermalEngine: Event ID:3 Sampling ID:2
03-09 21:43:17.423 10867 10868 E ThermalEngine: verify_tmd_device: Device:wlan available. max:4
03-09 21:43:17.423 10867 10868 E ThermalEngine: devices_manager_add_dev: Device:wlan already exists
03-09 21:43:17.424 10867 10868 E ThermalEngine: verify_tmd_device: Device:wlan_bw available. max:1
03-09 21:43:17.424 10867 10868 E ThermalEngine: verify_tmd_device: Device:modem_bw_backoff available. max:255
03-09 21:43:17.426 10867 10868 E ThermalEngine: verify_tmd_device: Device:cpr_cold available. max:3
03-09 21:43:17.426 10867 10868 I ThermalEngine: MODEM thermal mitigation available.
03-09 21:43:17.436  3163  3231 W AccessibilityWindowsPopulator: The displayInfo of this displayId (0) called back from the surface fligner is null
03-09 21:43:17.455  2068  6060 I vendor.qti.bluetooth@1.0-ibs_handler: ProcessIbsCmd: Received IBS_SLEEP_IND: 0xFE
03-09 21:43:17.474  5993  5993 D BoundBrokerSvc: onRebind: Intent { act=com.google.android.gms.libs.gmscorelogger.service.START dat=chimera-action:/... cmp=com.google.android.gms/.chimera.PersistentDirectBootAwareApiService }
03-09 21:43:17.508 10867 10867 E ThermalEngine: Unable to change to /sys/devices/soc/
03-09 21:43:17.508 10867 10867 E ThermalEngine: bcl_setup: Unexpected node error
03-09 21:43:17.508 10867 10867 E ThermalEngine: add_tgt_sensor: bcl sensor setup failed failed.
03-09 21:43:17.508 10867 10867 E ThermalEngine: add_tgt_sensors_set_optional: Error adding bcl
03-09 21:43:17.510 10867 10867 E ThermalEngine: sysfs_setup: report: path /sys/class/power_supply/battery/capacity
03-09 21:43:17.510 10867 10867 E ThermalEngine: sysfs_setup: opening /sys/class/power_supply/battery/capacity
03-09 21:43:17.510 10867 10867 E ThermalEngine: sysfs_setup: found sensor cluster0: cluster id = 0
03-09 21:43:17.510 10867 10867 E ThermalEngine: sysfs_setup: found sensor cluster1: cluster id = 1
03-09 21:43:17.510 10867 10867 E ThermalEngine: sysfs_setup: report: path /sys/class/power_supply/battery/charge_rate
03-09 21:43:17.511 10867 10867 E ThermalEngine: sysfs_setup: opening /sys/class/power_supply/battery/charge_rate
03-09 21:43:17.512 10867 10867 E ThermalEngine: sysfs_setup: report: path /proc/loadavg
03-09 21:43:17.512 10867 10867 E ThermalEngine: sysfs_setup: opening /proc/loadavg
03-09 21:43:17.512 10867 10867 E ThermalEngine: sysfs_setup: report: path /proc/stat
03-09 21:43:17.512 10867 10867 E ThermalEngine: sysfs_setup: opening /proc/stat
03-09 21:43:17.512 10867 10867 E ThermalEngine: sysfs_setup: report: path /sys/class/power_supply/battery/capacity
03-09 21:43:17.512 10867 10867 E ThermalEngine: sysfs_setup: opening /sys/class/power_supply/battery/capacity
03-09 21:43:17.512 10867 10867 E ThermalEngine: sysfs_setup: report: path /sys/class/backlight/panel0-backlight/brightness
03-09 21:43:17.512 10867 10867 E ThermalEngine: sysfs_setup: opening /sys/class/backlight/panel0-backlight/brightness
03-09 21:43:17.513 10867 10867 E ThermalEngine: sysfs_setup: report: path /proc/stat
03-09 21:43:17.513 10867 10867 E ThermalEngine: sysfs_setup: opening /proc/stat
03-09 21:43:17.513 10867 10867 E ThermalEngine: sysfs_setup: report: path /sys/class/backlight/panel0-backlight/brightness
03-09 21:43:17.513 10867 10867 E ThermalEngine: sysfs_setup: opening /sys/class/backlight/panel0-backlight/brightness
03-09 21:43:17.513 10867 10867 E ThermalEngine: sysfs_setup: report: path /proc/loadavg
03-09 21:43:17.513 10867 10867 E ThermalEngine: sysfs_setup: opening /proc/loadavg
03-09 21:43:17.513 10867 10867 E ThermalEngine: sysfs_setup: report: path /sys/class/power_supply/wireless/online
03-09 21:43:17.513 10867 10867 E ThermalEngine: sysfs_setup: opening /sys/class/power_supply/wireless/online
03-09 21:43:17.513 10867 10867 E ThermalEngine: No hwmon device found in the kernel for sensor tmp108
03-09 21:43:17.513 10867 10867 E ThermalEngine: add_tgt_sensor: tmp108 sensor setup failed failed.
03-09 21:43:17.513 10867 10867 E ThermalEngine: add_tgt_sensors_set_optional: Error adding tmp108
03-09 21:43:17.513 10867 10867 E ThermalEngine: No hwmon device found in the kernel for sensor msm_tmp108
03-09 21:43:17.513 10867 10867 E ThermalEngine: add_tgt_sensor: msm_tmp108 sensor setup failed failed.
03-09 21:43:17.513 10867 10867 E ThermalEngine: add_tgt_sensors_set_optional: Error adding msm_tmp108
03-09 21:43:17.513 10867 10867 E ThermalEngine: No hwmon device found in the kernel for sensor quiet_tmp108
03-09 21:43:17.513 10867 10867 E ThermalEngine: add_tgt_sensor: quiet_tmp108 sensor setup failed failed.
03-09 21:43:17.513 10867 10867 E ThermalEngine: add_tgt_sensors_set_optional: Error adding quiet_tmp108
03-09 21:43:17.514 10867 10867 I ThermalEngine: Loading config file for virtual sensor
03-09 21:43:17.514 10867 10867 I ThermalEngine: Loading configuration file /vendor/etc/thermal-engine-lynkco.conf
03-09 21:43:17.514 10867 10867 I ThermalEngine: Parsing section global
03-09 21:43:17.514 10867 10867 I ThermalEngine: Created section 'FRONT_TEMP'
03-09 21:43:17.514 10867 10867 I ThermalEngine: Algo Type 'virtual'
03-09 21:43:17.514 10867 10867 I ThermalEngine: Parsing section FRONT_TEMP
03-09 21:43:17.514 10867 10867 I ThermalEngine: Found field 'trip_sensor'
03-09 21:43:17.514 10867 10867 I ThermalEngine: Found field 'thresholds'
03-09 21:43:17.514 10867 10867 I ThermalEngine: Found field 'thresholds_clr'
03-09 21:43:17.514 10867 10867 I ThermalEngine: Found field 'sensors'
03-09 21:43:17.514 10867 10867 I ThermalEngine: Found field 'weights'
03-09 21:43:17.514 10867 10867 I ThermalEngine: Found field 'offsets'
03-09 21:43:17.514 10867 10867 I ThermalEngine: Found field 'sampling'
03-09 21:43:17.514 10867 10867 I ThermalEngine: Found field 'math'
03-09 21:43:17.514 10867 10867 I ThermalEngine: Found field 'sys_temp'
03-09 21:43:17.514 10867 10867 I ThermalEngine: Created section 'BACK_TEMP'
03-09 21:43:17.514 10867 10867 I ThermalEngine: Algo Type 'virtual'
03-09 21:43:17.514 10867 10867 I ThermalEngine: Parsing section BACK_TEMP
03-09 21:43:17.514 10867 10867 I ThermalEngine: Found field 'trip_sensor'
03-09 21:43:17.514 10867 10867 I ThermalEngine: Found field 'thresholds'
03-09 21:43:17.514 10867 10867 I ThermalEngine: Found field 'thresholds_clr'
03-09 21:43:17.514 10867 10867 I ThermalEngine: Found field 'sensors'
03-09 21:43:17.514 10867 10867 I ThermalEngine: Found field 'weights'
03-09 21:43:17.514 10867 10867 I ThermalEngine: Found field 'offsets'
03-09 21:43:17.514 10867 10867 I ThermalEngine: Found field 'sampling'
03-09 21:43:17.514 10867 10867 I ThermalEngine: Found field 'math'
03-09 21:43:17.514 10867 10867 I ThermalEngine: Found field 'sys_temp'
03-09 21:43:17.514 10867 10867 I ThermalEngine: Created section 'FUSE_TEMP'
03-09 21:43:17.514 10867 10867 I ThermalEngine: Algo Type 'virtual'
03-09 21:43:17.514 10867 10867 I ThermalEngine: Parsing section FUSE_TEMP
03-09 21:43:17.514 10867 10867 I ThermalEngine: Found field 'trip_sensor'
03-09 21:43:17.514 10867 10867 I ThermalEngine: Found field 'thresholds'
03-09 21:43:17.514 10867 10867 I ThermalEngine: Found field 'thresholds_clr'
03-09 21:43:17.514 10867 10867 I ThermalEngine: Found field 'sensors'
03-09 21:43:17.514 10867 10867 I ThermalEngine: Found field 'weights'
03-09 21:43:17.514 10867 10867 I ThermalEngine: Found field 'offsets'
03-09 21:43:17.514 10867 10867 I ThermalEngine: Found field 'sampling'
03-09 21:43:17.514 10867 10867 I ThermalEngine: Found field 'math'
03-09 21:43:17.514 10867 10867 I ThermalEngine: Found field 'sys_temp'
03-09 21:43:17.514 10867 10867 I ThermalEngine: Created section 'BCHG_TEMP'
03-09 21:43:17.514 10867 10867 I ThermalEngine: Algo Type 'virtual'
03-09 21:43:17.514 10867 10867 I ThermalEngine: Parsing section BCHG_TEMP
03-09 21:43:17.514 10867 10867 I ThermalEngine: Found field 'trip_sensor'
03-09 21:43:17.514 10867 10867 I ThermalEngine: Found field 'thresholds'
03-09 21:43:17.514 10867 10867 I ThermalEngine: Found field 'thresholds_clr'
03-09 21:43:17.514 10867 10867 I ThermalEngine: Found field 'sensors'
03-09 21:43:17.514 10867 10867 I ThermalEngine: Found field 'weights'
03-09 21:43:17.514 10867 10867 I ThermalEngine: Found field 'offsets'
03-09 21:43:17.514 10867 10867 I ThermalEngine: Found field 'sampling'
03-09 21:43:17.514 10867 10867 I ThermalEngine: Found field 'math'
03-09 21:43:17.514 10867 10867 I ThermalEngine: Created section 'FRONT_MDM'
03-09 21:43:17.514 10867 10867 I ThermalEngine: Algo Type 'virtual'
03-09 21:43:17.514 10867 10867 I ThermalEngine: Parsing section FRONT_MDM
03-09 21:43:17.514 10867 10867 I ThermalEngine: Found field 'sensors'
03-09 21:43:17.514 10867 10867 I ThermalEngine: Found field 'weights'
03-09 21:43:17.514 10867 10867 I ThermalEngine: Found field 'trip_sensor'
03-09 21:43:17.514 10867 10867 I ThermalEngine: Found field 'trip_sensor_logic'
03-09 21:43:17.514 10867 10867 I ThermalEngine: Found field 'thresholds'
03-09 21:43:17.514 10867 10867 I ThermalEngine: Found field 'thresholds_clr'
03-09 21:43:17.514 10867 10867 I ThermalEngine: Found field 'offsets'
03-09 21:43:17.514 10867 10867 I ThermalEngine: Found field 'sampling'
03-09 21:43:17.514 10867 10867 I ThermalEngine: Found field 'math'
03-09 21:43:17.514 10867 10867 I ThermalEngine: Created section 'DETECT-STANDBY'
03-09 21:43:17.514 10867 10867 I ThermalEngine: Algo Type 'virtual'
03-09 21:43:17.514 10867 10867 I ThermalEngine: Parsing section DETECT-STANDBY
03-09 21:43:17.514 10867 10867 I ThermalEngine: Found field 'trip_sensor'
03-09 21:43:17.514 10867 10867 I ThermalEngine: Found field 'thresholds'
03-09 21:43:17.514 10867 10867 I ThermalEngine: Found field 'thresholds_clr'
03-09 21:43:17.514 10867 10867 I ThermalEngine: Found field 'sensors'
03-09 21:43:17.514 10867 10867 I ThermalEngine: Found field 'weights'
03-09 21:43:17.514 10867 10867 I ThermalEngine: Found field 'sampling'
03-09 21:43:17.514 10867 10867 I ThermalEngine: Found field 'math'
03-09 21:43:17.514 10867 10867 I ThermalEngine: Found field 'less_than'
03-09 21:43:17.514 10867 10867 I ThermalEngine: Created section 'DETECT-WLS'
03-09 21:43:17.514 10867 10867 I ThermalEngine: Algo Type 'virtual'
03-09 21:43:17.515 10867 10867 I ThermalEngine: Parsing section DETECT-WLS
03-09 21:43:17.515 10867 10867 I ThermalEngine: Found field 'trip_sensor'
03-09 21:43:17.515 10867 10867 I ThermalEngine: Found field 'thresholds'
03-09 21:43:17.515 10867 10867 I ThermalEngine: Found field 'thresholds_clr'
03-09 21:43:17.515 10867 10867 I ThermalEngine: Found field 'sensors'
03-09 21:43:17.515 10867 10867 I ThermalEngine: Found field 'sampling'
03-09 21:43:17.515 10867 10867 I ThermalEngine: Found field 'math'
03-09 21:43:17.515 10867 10867 I ThermalEngine: [VIRTUAL-FAIL-SAFE-TJ]
03-09 21:43:17.515 10867 10867 I ThermalEngine: #algo_type virtual
03-09 21:43:17.515 10867 10867 I ThermalEngine: sensors nspss-0 nspss-1 nspss-2 gpuss-0 gpuss-1 camera-0 camera-1 mdmss-0 mdmss-1 mdmss-2 mdmss-3 video
03-09 21:43:17.515 10867 10867 I ThermalEngine: weights
03-09 21:43:17.515 10867 10867 I ThermalEngine: trip_sensor nspss-0 nspss-1 nspss-2 gpuss-0 gpuss-1 camera-0 camera-1 mdmss-0 mdmss-1 mdmss-2 mdmss-3 video
03-09 21:43:17.515 10867 10867 I ThermalEngine: trip_sensor_logic || || || || || || || || || || ||
03-09 21:43:17.515 10867 10867 I ThermalEngine: thresholds 100000 100000 100000 100000 100000 100000 100000 100000 100000 100000 100000 100000
03-09 21:43:17.515 10867 10867 I ThermalEngine: thresholds_clr 90000 90000 90000 90000 90000 90000 90000 90000 90000 90000 90000 90000
03-09 21:43:17.515 10867 10867 I ThermalEngine: offsets
03-09 21:43:17.515 10867 10867 I ThermalEngine: sampling 10
03-09 21:43:17.515 10867 10867 I ThermalEngine: math 2
03-09 21:43:17.515 10867 10867 I ThermalEngine: ambient_value
03-09 21:43:17.515 10867 10867 I ThermalEngine: rise_value
03-09 21:43:17.515 10867 10867 I ThermalEngine: [VIRTUAL-CPU-GOLD-TJ-SHUTDOWN]
03-09 21:43:17.515 10867 10867 I ThermalEngine: #algo_type virtual
03-09 21:43:17.515 10867 10867 I ThermalEngine: sensors cpu-1-0 cpu-1-1 cpu-1-2 cpu-1-3 cpu-1-4 cpu-1-5 cpu-1-6 cpu-1-7
03-09 21:43:17.515 10867 10867 I ThermalEngine: weights
03-09 21:43:17.515 10867 10867 I ThermalEngine: trip_sensor cpu-1-0 cpu-1-1 cpu-1-2 cpu-1-3 cpu-1-4 cpu-1-5 cpu-1-6 cpu-1-7
03-09 21:43:17.515 10867 10867 I ThermalEngine: trip_sensor_logic || || || || || || ||
03-09 21:43:17.515 10867 10867 I ThermalEngine: thresholds 115000 115000 115000 115000 115000 115000 115000 115000
03-09 21:43:17.515 10867 10867 I ThermalEngine: thresholds_clr 100000 100000 100000 100000 100000 100000 100000 100000
03-09 21:43:17.515 10867 10867 I ThermalEngine: offsets
03-09 21:43:17.515 10867 10867 I ThermalEngine: sampling 10
03-09 21:43:17.515 10867 10867 I ThermalEngine: math 2
03-09 21:43:17.515 10867 10867 I ThermalEngine: ambient_value
03-09 21:43:17.515 10867 10867 I ThermalEngine: rise_value
03-09 21:43:17.515 10867 10867 I ThermalEngine: [VIRTUAL-CPU-TJ-SHUTDOWN]
03-09 21:43:17.515 10867 10867 I ThermalEngine: #algo_type virtual
03-09 21:43:17.515 10867 10867 I ThermalEngine: sensors cpu-0-0 cpu-0-1 cpu-0-2 cpu-0-3 cpuss-0 cpuss-1
03-09 21:43:17.515 10867 10867 I ThermalEngine: weights
03-09 21:43:17.515 10867 10867 I ThermalEngine: trip_sensor cpu-0-0 cpu-0-1 cpu-0-2 cpu-0-3 cpuss-0 cpuss-1
03-09 21:43:17.515 10867 10867 I ThermalEngine: trip_sensor_logic || || || || ||
03-09 21:43:17.515 10867 10867 I ThermalEngine: thresholds 115000 115000 115000 115000 115000 115000
