03-13 01:02:58.283  4205  4205 D KeyguardClockPositionManager: clockItem changed - 1080.0x2640.0, item = ClockItemImpl(id=clock:0:SingleDisplay:Portrait:LockScreenOnly:, width=DirectionDimensionImpl(value=0.0, type=WRAP_CONTENT, isHorizontal=true), height=DirectionDimensionImpl(value=0.0, type=WRAP_CONTENT, isHorizontal=false), x=RelativeAreaDimensionXImpl(value=0.0, type=PERCENT, locatedAt=Center, left=DirectionDimensionImpl(value=0.06759259, type=PERCENT, isHorizontal=true), right=DirectionDimensionImpl(value=0.9324074, type=PERCENT, isHorizontal=true)), y=RelativeAreaDimensionYImpl(value=1.171632, type=PERCENT, locatedAt=Bottom, top=DirectionDimensionImpl(value=0.10037879, type=PERCENT, isHorizontal=false), bottom=DirectionDimensionImpl(value=0.6852273, type=PERCENT, isHorizontal=false)), scaleX=1.0, scaleY=1.0, isEnabled=true, clockType=1, font=FontImpl(presetFontIndex=0, fontPath=null, fontWeight=700, fontRoundedCorners=20, fontHeights=[], fontStretchEnabled=false), color=ClockPresetColorImpl(presetIndex=0), isShowWeather=false, isShowDateFirst=false, isDefaultPosition=true, cityClockList=, themeClock=ThemeClockImpl(themeName=, trialThemeName=null), showNotiBelowClock=true)
03-13 01:02:58.283  4205  4205 E AbsSettings: refreshInner: refreshedSettingsDBItem key enabled_complication_widgets_id_list val = 
03-13 01:02:58.283  4205  4205 I KeyguardClockPositionManager: getClockMovableArea: ClockMovableAreaFactor(hasWidget=false, hasNotification=false, widgetAlignType=Default, rotation=0, isMainScreen=false, showNotiCardBelowClock=true, orientation=1)
03-13 01:02:58.283  4205  4205 I KeyguardClockProvider: updateClockScale: scale=1.0
03-13 01:02:58.283  4205  4205 I FaceWidgetClockRoamManager: shouldShowDualClock() isRoamingClockEnabled=true, isEasyModeEnabled=false, mIsNetworkRoaming=false
03-13 01:02:58.283  4205  4205 I DigitalVerticalClockView_LOCK_SCREEN_1@292: forceRefresh : false millis : [2026-03-13 01:02:58]
03-13 01:02:58.285  4205  4205 I DigitalVerticalClockView_LOCK_SCREEN_1@292: onTimeChanged : [DateTimeInfo : date = Fri, March 13, hourMin = 01:02, hourMinSec = , hour = 01, minute = 02, amPm  = AM, colon = :, second = , timezone = null, isLeftOfAmPm = false, ttsDate = Friday, March 13], timeInMillis = 1773378178283
03-13 01:02:58.285  4205  4205 I DigitalVerticalClockView_LOCK_SCREEN_1@292: updatePaletteItemTransition : paletteItem = SOLID color : FFFAFAFF, animation = false, dozeAmount = 0.0
03-13 01:02:58.285  4205  4205 I KeyguardClockProvider: measuredClockSize: (334.0, 540.0) 
03-13 01:02:58.285  4205  4205 I DisplayValues: initValues currentWidth 1080 currentHeight = 2640
03-13 01:02:58.285  4205  4205 I AodData[8.0.6]:DefaultGetImpl@231886450: request data show_noti_below_clock
03-13 01:02:58.285  4205  4205 D AodData[8.0.6]:ProfileDataMediator@56225404: getProfile ()
03-13 01:02:58.286  4205  4205 D AodData[8.0.6]:ProfileDataMediator@56225404: Return stored value (0)  null
03-13 01:02:58.286  4205  4205 D AodData[8.0.6]:ProfileDataMediator@56225404: Return default profile (0)
03-13 01:02:58.286  4205  4205 D AodData[8.0.6]:AodDataProvider@150579380: call: primary result - aod-get, show_noti_below_clock, [result]
03-13 01:02:58.286  4205  4205 I AODDataSettings[8.0.6]:AODDataManager: showNotiCardBelowClock changed to true
03-13 01:02:58.286  4205  4205 I AODDataSettings[8.0.6]:AODDataManager: set last notified widget data: ComplicationWidgetsImpl(id=complication_widget:0:SingleDisplay:Portrait:AodOnly:, width=DirectionDimensionImpl(value=0.0, type=WRAP_CONTENT, isHorizontal=true), height=DirectionDimensionImpl(value=0.0, type=WRAP_CONTENT, isHorizontal=false), x=DefaultDimensionImpl(value=0.0, type=PX, isHorizontal=true), y=DirectionDimensionImpl(value=0.0, type=PX, isHorizontal=false), isEnabled=true, widgets=[], widgetListRawData=)
03-13 01:02:58.286  4205  4205 I DataStoreState: setRootSize : 1080.0x2640.0
03-13 01:02:58.286  4205  4205 I FaceWidgetClockRoamManager: shouldShowDualClock() isRoamingClockEnabled=true, isEasyModeEnabled=false, mIsNetworkRoaming=false
03-13 01:02:58.286  4205  4205 I AODThemeSettingsHelper: getAODSelectedThemeClock = 0
03-13 01:02:58.286  4205  4205 I FaceWidgetViewModel: updateIsAODThemeClock: false
03-13 01:02:58.286  4205  4205 D FaceWidgetMusicPageShownManager: mCurrentMediaData is NULL
03-13 01:02:58.286  4205  4205 D FaceWidgetMusicPageShownManager: updateMusicPageShownState() show = false, reattach = false, reason = sleep
03-13 01:02:58.286  4205  4205 D FaceWidgetMusicPageShownManager: skip to show media panel
03-13 01:02:58.286  4205  4205 D DozeServiceHost: updateDozing dozing = false / dozingRequested = false / state = SHADE mode = 0
03-13 01:02:58.286  4205  4205 D LockscreenNotificationIconsOnlyController: mWakefulnessObserver onStartedGoingToSleep 
03-13 01:02:58.286  4205  4205 D S.S.N.  :  onStartedGoingToSleep
03-13 01:02:58.286  4205  4205 I CentralSurfaces: updateRevealEffect: wakingUp=false wakingUpFromPowerButton=false sleepingFromPowerButton=false wakingUpFromDoubleTap=false sleepingFromDoubleTap=false
03-13 01:02:58.286  4205  4205 D QuickPanelLog: NPVC | setTouchAndAnimationDisabled: false -> true
03-13 01:02:58.286  4205  4205 D QuickPanelLog:  - com.android.systemui.shade.NotificationPanelViewController.setTouchAndAnimationDisabled:30
03-13 01:02:58.286  4205  4205 D QuickPanelLog:  - com.android.systemui.statusbar.phone.CentralSurfacesImpl.updateNotificationPanelTouchState:91
03-13 01:02:58.286  4205  4205 D QuickPanelLog:  - com.android.systemui.statusbar.phone.CentralSurfacesImpl$9.onStartedGoingToSleep:17
03-13 01:02:58.286  4205  4205 D QuickPanelLog:  - com.android.systemui.keyguard.WakefulnessLifecycle$$ExternalSyntheticLambda0.accept:8
03-13 01:02:58.286  4205  4205 D QuickPanelLog:  - com.android.systemui.keyguard.SecLifecycle.dispatch:170
03-13 01:02:58.286  4205  4205 D QuickPanelLog:  - com.android.systemui.keyguard.KeyguardLifecyclesDispatcher$KeyguardLifecycleHandler.handleMessage:145
03-13 01:02:58.286  4205  4205 D QuickPanelLog:  - android.os.Handler.dispatchMessage:110
03-13 01:02:58.286  4205  4205 D QuickPanelLog:  - android.os.Looper.loopOnce:273
03-13 01:02:58.286  4205  4205 D QuickPanelLog:  - android.os.Looper.loop:363
03-13 01:02:58.286  4205  4205 D QuickPanelLog:  - android.app.ActivityThread.main:10060
03-13 01:02:58.287  4205  4205 D KeyguardEditModeController: onStartedGoingToSleep
03-13 01:02:58.287  4205  4205 D KeyguardEditModeAnimatorController: startCancelAnimation
03-13 01:02:58.287  4205  4205 D KeyguardEditModeAnimatorController: startCancelAnimation : is not keyguard state
03-13 01:02:58.287  4205  4205 D KeyguardEditModeAnimatorController: resetViews
03-13 01:02:58.287  4205  4205 D KeyguardEditModeController: cancel() true
03-13 01:02:58.287  4205  4205 I SubLauncher:SubLauncherPluginImpl@102487053: onStartedGoingToSleep
03-13 01:02:58.287  4205  4205 I SubLauncher:SubLauncherStateManager@232606011: setScreenOff: screenOn=true -> false
03-13 01:02:58.287  4205  4205 I SubLauncher:SubLauncherSeamlessAOD@129222420: onStartedGoingToSleepOnCover
03-13 01:02:58.287  4205  4205 D PluginAODManager: shouldControlScreenOff() : false
03-13 01:02:58.287  4205  4205 I SubLauncher:SubLauncherStateManager@232606011: setAODVisibleState: INITIALIZED -> INVISIBLE
03-13 01:02:58.287  4205  4205 I SubLauncher:SubScreenCallbackRepositoryImpl@195824573: setAODVisibleState: state=INVISIBLE
03-13 01:02:58.287  4205  4205 D KeyguardWallpaperController: setAODVisibleState: state=0
03-13 01:02:58.287  4832 28751 I HoneySpace.SystemUiRepository: systemUiFlags: overview_disabled|home_disabled|navbar_hidden|allow_gesture|back_disabled|wakefulness_transition
03-13 01:02:58.288  4360  4360 I SprWallpaper|LayoutController_AnimalHeart: onCommand: action = android.wallpaper.aodstate x = 0 displayState = OFF
03-13 01:02:58.288  4205  4205 I SubLauncher:SubLauncherNowBarController@192055129: isExpandedCardState false -> false
03-13 01:02:58.288  4205  4205 I SubLauncher:SubLauncherStateManager@232606011: setNowBarCardClicked: false -> false
03-13 01:02:58.288  4205  4205 I SubLauncher:SubLauncherNowBarExternalViewCardView@119826242: closeSettingViewIfNeeded isSettingViewOpened false noAnimation false
03-13 01:02:58.288  4205  4205 I SubLauncher:SubLauncherNowBarController@192055129: onSettingViewVisibilityChanged visible = false / isExpandedCardState = false
03-13 01:02:58.288  4205  4205 I SubLauncher:SubLauncherStateManager@232606011: setNowBarSettingsViewVisibility: false -> false
03-13 01:02:58.288  4205  4205 I SubLauncher:SubLauncherNowBarController@192055129: updateExpandedClickPanelVisibility expanded false isTopCardSettingViewOpened = false
03-13 01:02:58.288  4205  4205 I SubLauncher:SubLauncherNowBarCardStackView@249169805: updateCardVisibilityBySettingView isExpandedCardState = false  / settingViewOpened false isExpandVIStarted false
03-13 01:02:58.288  4205  4205 I SubLauncherNowBarCardStackView: startAiCardEffect needToHide = true
03-13 01:02:58.288  4205  4205 I NowBarGuidingEffect: hide effectLeftShortCut null effectNowBarCenterView null effectRightShortCut null centerCardView null
03-13 01:02:58.288  4205  4205 I SubLauncher:SubLauncherNowBarCardStackView@249169805: updateVisibilityForExpandedDepthOrder false
03-13 01:02:58.288  4205  4205 I SubLauncher:SubLauncherNowBarController@192055129: focusIndex 1 defaultIndex 1 
03-13 01:02:58.288  4205  4205 I SubLauncher:SubLauncherNowBarViewModel@69805067: needToStartStandAloneChargingVI chargingVICardItem = null screenOn = false isActivityResumed = false isDefaultPage = true isAODShowState = false isFolderClosed = true
03-13 01:02:58.288  4205  4205 I SubLauncher:SubLauncherNowBarViewModel@69805067: startStandAloneChargingVINowBar start = false
03-13 01:02:58.288  4205  4205 I SubLauncher:SubLauncherNowBarViewModel@69805067: detachNowBarFromTopWindow null
03-13 01:02:58.288  4205  4205 D SubscreenFlashLightController: onStartedGoingToSleep 13
03-13 01:02:58.288  4205  4205 I KeyguardTransitionRepository: STARTED transition: TransitionStep(from=GONE, to=DOZING, value=0.0, transitionState=STARTED, ownerName=FromGoneTransitionInteractor(Sleep transition triggered))
03-13 01:02:58.288  4832  4895 I HoneySpace.TaskbarEventTracker: invokeEvent() called with: event = SystemUiStateChanged(stateFlags=541196674)
03-13 01:02:58.289  4205  4205 D NavBarStateManager: NavBarStates(0) supportLargeCoverScreenNavBar: false
03-13 01:02:58.289  4205  4205 D NavigationBar: setImeWindowStatus displayId=0 vis=0 backDisposition=0 showImeSwitcher=false isImeVisible=false
03-13 01:02:58.289  4205  4205 D Navbar.Store: handleEvent(0) OnNavBarIconHintChanged(iconHint=0) [Module] NavigationBar
03-13 01:02:58.289  4205  4205 D Navbar.Store: --[Band]SETUPWIZARD_PACK_SET_NAVBAR_ICON_HINT
03-13 01:02:58.289  4205  4205 D Navbar.Store: --[Band]VIS_PACK_REEVAULATE_NAVBAR
03-13 01:02:58.289  4205  4205 D Navbar.Store: ----apply(0) NavBarStoreAction$ReevaluateNavBar
03-13 01:02:58.289  3003  3594 I BiometricContextProvider: onDisplayStateChanged: DISPLAY_STATE_NO_UI
03-13 01:02:58.289  4205  4205 D NavBarView: disableBack=false (isBackDismissIme=false, handlingGestures=false, disabledFlagBack=false, isBottomGesture=false, isImeRenderingNavButtons=false)
03-13 01:02:58.289  4205  4205 D Navbar.Store: handleEvent(0) OnUpdateSysUiStateFlag(noArguments=true) [Module] SamsungNavigationBarView
03-13 01:02:58.289  4205  4205 D Navbar.Store: --[Band]GESTURE_PACK_UPDATE_SYSTEMUI_STATE_FLAG
03-13 01:02:58.289  4205  4205 D Navbar.Store: --[Band] (afterAction) GESTURE_PACK_UPDATE_SYSTEMUI_STATE_FLAG
03-13 01:02:58.289  4205  4205 D NavBarStateManager: NavBarStates(0) supportLargeCoverScreenNavBar: false
03-13 01:02:58.290  4205  4205 D SecLifecycle: screenState=0
03-13 01:02:58.290  4205  4394 D HWUI    : HWUI - treat SMPTE_170M as sRGB
03-13 01:02:58.290  4205  4205 D DisplayLifecycle: updateDisplay id = 1
03-13 01:02:58.290  3003  7293 D WifiDisplayAdapter: isFitToActiveDisplayLocked : false
03-13 01:02:58.290  4832 28746 I HoneySpace.SystemUiRepository: systemUiFlags: overview_disabled|home_disabled|allow_gesture|back_disabled|wakefulness_transition
03-13 01:02:58.290  4205  4205 D DisplayLifecycle: updateSmartViewFitToActiveDisplay : false
03-13 01:02:58.290  4205  4205 D DisplayLifecycle: updateCacheVariables id = 1, display = Display id 1: DisplayInfo{"Built-in Screen", displayId 1, displayGroupId 0, FLAG_SECURE, FLAG_SUPPORTS_PROTECTED_BUFFERS, FLAG_PRESENTATION, FLAG_CAN_SHOW_WITH_INSECURE_KEYGUARD, FLAG_SHOULD_SHOW_SYSTEM_DECORATIONS, FLAG_TRUSTED, FLAG_ALLOWS_CONTENT_MODE_SWITCH, real 748 x 720, largest app 748 x 748, smallest app 618 x 552, appVsyncOff 16666666, presDeadline 17666666, mode 8, renderFrameRate 60.000004, hasArrSupport false, frameRateCategoryRate FrameRateCategoryRate {normal=60.0, high=90.0}, supportedRefreshRates [60.000004], defaultMode 8, REFRESH_RATE_MODE_SEAMLESS, userPreferredModeId -1, supportedModes [{id=8, width=748, height=720, fps=60.000004, vsync=60.000004, synthetic=false, alternativeRefreshRates=[], supportedHdrTypes=[2, 3, 4]}], appsSupportedModes [{id=8, width=748, height=720, fps=60.000004, vsync=60.000004, synthetic=false, alternativeRefreshRates=[], supportedHdrTypes=[2, 3, 4]}], hdrCapabilities HdrCapabilities{mSupportedHdrTypes=[2, 3, 4], mMaxLuminance=450.0, mMaxAverageLuminance=225.00024, mMinLuminance=5.0E-4}, isForceSdr false, userDisabledHdrTypes [], minimalPostProcessingSupported false, rotation 0, state OFF, committedState OFF}, DisplayMetrics{density=2.125, width=748, height=618, scaledDensity=2.125, xdpi=306.438, ydpi=309.966}, isValid=true, size = Point(748, 618), realSize = Point(748, 720), rotation = 0
03-13 01:02:58.290  4205  4205 I Keyguard.AODTouchModeManager: onDisplayChanged newDisplayState=1, currentDisplayState=2, displayId=1
03-13 01:02:58.291  4205  4205 D SubscreenBrightnessController: info.brightness:0.13333334
03-13 01:02:58.291  4205  4205 I SubLauncher:SubLauncherStateManager@232606011: setCoverScreenRotation: 0 -> 0
03-13 01:02:58.291  4205  4205 I VRI[ScreenDecorOverlayCover]@cddcdb0: Resizing android.view.ViewRootImpl@9f0cc40: frame = [0,0][748,720] reportDraw = true forceLayout = false syncSeqId = -1
03-13 01:02:58.291  4205  4205 D DisplayLifecycle: updateDisplay id = 0
03-13 01:02:58.291  4832  4895 I HoneySpace.TaskbarEventTracker: invokeEvent() called with: event = SystemUiStateChanged(stateFlags=541196672)
03-13 01:02:58.291  4205  4881 I VRI[ScreenDecorOverlayCover]@cddcdb0: handleResized, frames=ClientWindowFrames{frame=[0,0][748,720] display=[0,0][748,720] parentFrame=[0,0][0,0]} displayId=1 dragResizing=false compatScale=1.0 frameChanged=false attachedFrameChanged=false configChanged=true displayChanged=false compatScaleChanged=false dragResizingChanged=false
03-13 01:02:58.291  4205  4881 I VRI[ScreenDecorOverlayCover]@cddcdb0: performConfigurationChange setNightDimText nightDimLevel=0
03-13 01:02:58.291  4832 28747 I HoneySpace.SystemUiRepository: systemUiFlags: allow_gesture|back_disabled|wakefulness_transition
03-13 01:02:58.291  4832  4895 I HoneySpace.TaskbarEventTracker: invokeEvent() called with: event = SystemUiStateChanged(stateFlags=541196288)
03-13 01:02:58.291  4832 28747 I HoneySpace.SystemUiRepository: systemUiFlags: allow_gesture|wakefulness_transition
03-13 01:02:58.291  4205  4205 D SubscreenBrightnessController: info.brightness:0.13333334
03-13 01:02:58.291  4205  4205 D PluginAODManager: requestVisibleNotifications()
03-13 01:02:58.291  4205  4205 I AODNotificationManager: setTagId() 2131365301
03-13 01:02:58.291  4205  4205 I LockscreenNotificationManager: refreshLockScreenNotifications: AOD_REQUEST_NOTIFICATIONS
03-13 01:02:58.291  4205  4205 D Navbar.Store: handleEvent(1) OnRotationChanged(rotation=0) [Module] NavigationBar
03-13 01:02:58.292  4832  4895 I HoneySpace.TaskbarEventTracker: invokeEvent() called with: event = SystemUiStateChanged(stateFlags=537001984)
03-13 01:02:58.292  4205  4205 D NavBarStateManager: NavBarStates(1) supportLargeCoverScreenNavBar: true
03-13 01:02:58.292  4205  4205 D NavBarView: disableBack=true (isBackDismissIme=false, handlingGestures=false, disabledFlagBack=true, isBottomGesture=false, isImeRenderingNavButtons=false)
03-13 01:02:58.292  4205  4205 D NavBarStateManager: NavBarStates(1) supportLargeCoverScreenNavBar: true
03-13 01:02:58.292  4205  4205 D Navbar.Store: handleEvent(0) OnUpdateSysUiStateFlag(noArguments=true) [Module] SamsungNavigationBarView
03-13 01:02:58.292  4205  4205 D Navbar.Store: --[Band]GESTURE_PACK_UPDATE_SYSTEMUI_STATE_FLAG
03-13 01:02:58.292  4205  4205 D Navbar.Store: --[Band] (afterAction) GESTURE_PACK_UPDATE_SYSTEMUI_STATE_FLAG
03-13 01:02:58.292  4205  4881 I VRI[ScreenDecorOverlayCover]@cddcdb0: handleResized mSyncSeqId = 0
03-13 01:02:58.292  4205  4881 D VRI[ScreenDecorOverlayCover]@cddcdb0: reportNextDraw android.view.ViewRootImpl.handleResized:2983 android.view.ViewRootImpl.-$$Nest$mhandleResized:0 android.view.ViewRootImpl$ViewRootHandler.handleMessageImpl:8341 android.view.ViewRootImpl$ViewRootHandler.handleMessage:8301 android.os.Handler.dispatchMessage:110 
03-13 01:02:58.292  4205  4205 D Navbar.Store: handleEvent(0) OnNavBarUpdateA11YService(clickable=false, longClickable=false) [Module] NavigationBar
03-13 01:02:58.292  4205  4205 D Navbar.Store: --[Band]SETUPWIZARD_PACK_UPDATE_A11Y_SERVICE
03-13 01:02:58.292  4205  4205 D NavBarStateManager: NavBarStates(1) supportLargeCoverScreenNavBar: true
03-13 01:02:58.292  4205  4205 D NavBarStateManager: NavBarStates(1) supportLargeCoverScreenNavBar: true
03-13 01:02:58.292  4205  4205 D NavBarStateManager: NavBarStates(1) canShowKeyboardButtonForRotation(0): true
03-13 01:02:58.293  4832 28751 I HoneySpace.SystemUiRepository: systemUiFlags: navbar_hidden|allow_gesture|wakefulness_transition
03-13 01:02:58.293  4205  4205 D NavBarStateManager: NavBarStates(1) supportLargeCoverScreenNavBar: true
03-13 01:02:58.293  4205  4205 D NavBarStateManager: NavBarStates(1) supportLargeCoverScreenNavBar: true
03-13 01:02:58.293  4205  4205 D NavBarStateManager: NavBarStates(1) supportLargeCoverScreenNavBar: true
03-13 01:02:58.293  4205  4205 D NavBarStateManager: NavBarStates(1) canShowKeyboardButtonForRotation(0): true
03-13 01:02:58.294  4205  4205 D NavBarStateManager: NavBarStates(1) supportLargeCoverScreenNavBar: true
03-13 01:02:58.294  4205  4205 D NavBarStateManager: NavBarStates(1) supportLargeCoverScreenNavBar: true
03-13 01:02:58.294  4205  4205 D NavBarStateManager: NavBarStates(1) supportLargeCoverScreenNavBar: true
03-13 01:02:58.294  4205  4205 D NavBarStateManager: NavBarStates(1) canShowKeyboardButtonForRotation(1): true
03-13 01:02:58.293  4832  4895 I HoneySpace.TaskbarEventTracker: invokeEvent() called with: event = SystemUiStateChanged(stateFlags=537001986)
03-13 01:02:58.294  4832 28751 I HoneySpace.SystemUiRepository: systemUiFlags: overview_disabled|home_disabled|navbar_hidden|allow_gesture|wakefulness_transition
03-13 01:02:58.294  4205  4205 D NavBarStateManager: NavBarStates(1) supportLargeCoverScreenNavBar: true
03-13 01:02:58.294  4205  4205 D NavBarStateManager: NavBarStates(1) supportLargeCoverScreenNavBar: true
03-13 01:02:58.294  4205  4205 D NavBarStateManager: NavBarStates(1) supportLargeCoverScreenNavBar: true
03-13 01:02:58.294  4205  4205 D NavBarStateManager: NavBarStates(1) canShowKeyboardButtonForRotation(2): true
03-13 01:02:58.294  4205  4205 D NavBarStateManager: NavBarStates(1) supportLargeCoverScreenNavBar: true
03-13 01:02:58.294  4205  4205 D NavBarStateManager: NavBarStates(1) supportLargeCoverScreenNavBar: true
03-13 01:02:58.294  4205  4205 D NavBarStateManager: NavBarStates(1) supportLargeCoverScreenNavBar: true
03-13 01:02:58.294  4205  4205 D NavBarStateManager: NavBarStates(1) canShowKeyboardButtonForRotation(3): true
03-13 01:02:58.295  4832 28751 I HoneySpace.SystemUiRepository: systemUiFlags: overview_disabled|home_disabled|navbar_hidden|allow_gesture|back_disabled|wakefulness_transition
03-13 01:02:58.295  4832  4895 I HoneySpace.TaskbarEventTracker: invokeEvent() called with: event = SystemUiStateChanged(stateFlags=537002370)
03-13 01:02:58.295  4205  4205 D NavBarStateManager: NavBarStates(1) supportLargeCoverScreenNavBar: true
03-13 01:02:58.295  4205  4205 D DisplayLifecycle: updateDisplay id = 0
03-13 01:02:58.295  4832  4895 I HoneySpace.TaskbarEventTracker: invokeEvent() called with: event = SystemUiStateChanged(stateFlags=541196674)
03-13 01:02:58.295  4205  4205 D SubscreenBrightnessController: info.brightness:0.13333334
03-13 01:02:58.295  4205  4205 D DisplayLifecycle: updateDisplay id = 1
03-13 01:02:58.295  4205  4205 I SubLauncher:SubLauncherStateManager@232606011: setCoverScreenRotation: 0 -> 0
03-13 01:02:58.295  4205  4205 D DisplayLifecycle: updateDisplay id = 0
03-13 01:02:58.295  4205  4205 I VRI[SubScreenQuickPanel]@3c0eab9: onDisplayChanged oldDisplayState=1 newDisplayState=1
03-13 01:02:58.295  4205  4205 I VRI[SubHomeActivity]@a6f71e9: onDisplayChanged oldDisplayState=1 newDisplayState=1
03-13 01:02:58.295  4205  4205 I VRI[SubLauncherWindow]@35f78c4: onDisplayChanged oldDisplayState=1 newDisplayState=1
03-13 01:02:58.295  4205  4205 I VRI[NavigationBar1]@6431e1c: onDisplayChanged oldDisplayState=1 newDisplayState=1
03-13 01:02:58.295  4205  4205 I VRI[LockscreenShortcutBlur]@703200c: onDisplayChanged oldDisplayState=2 newDisplayState=1
03-13 01:02:58.295  4205  4205 I VRI[NavigationBar0]@f26899a: onDisplayChanged oldDisplayState=2 newDisplayState=1
03-13 01:02:58.295  4205  4205 I VRI[NotificationShade]@d7ba77c: onDisplayChanged oldDisplayState=2 newDisplayState=1
03-13 01:02:58.295  4205  4205 I VRI[StatusBar]@b731380: onDisplayChanged oldDisplayState=2 newDisplayState=1
03-13 01:02:58.295  4205  4205 I VRI[Bouncer]@d67040f: onDisplayChanged oldDisplayState=2 newDisplayState=1
03-13 01:02:58.295  4205  4205 I SubLauncher:BouncerViewController@120397705: get fontColorType from Wallpaper Rect(31, 19 - 716, 48)[1] Rect(261, 150 - 484, 490)[1] Rect(350, 12 - 397, 57)[1] Rect(631, 556 - 711, 637)[1] Rect(42, 652 - 308, 718)[1] Rect(0, 0 - 748, 718)[1] 
03-13 01:02:58.296  4205  4205 I SubLauncher:SubLauncherStateManager@232606011: setNotiCountText:  -> 0
03-13 01:02:58.296  4205  4205 I SubLauncher:SubLauncherNotificationIconsOnlyController: clockView or notiCount is changed set notiCount=0
03-13 01:02:58.296  4205  4205 D SubRoomQsTileBaseView: updateSubscreenTileStroke
03-13 01:02:58.296  4205  4205 D SubRoomQsTileBaseView: updateSubscreenTileStroke
03-13 01:02:58.296  4205  4205 D SubRoomQsTileBaseView: updateSubscreenTileStroke
03-13 01:02:58.296  4205  4205 I LockscreenNotificationIconsOnlyController: onNotificationInfoUpdated 5
03-13 01:02:58.297  4205  4205 I AODNotificationManager: subLauncherUpdateNotification() 
03-13 01:02:58.297  4205  4205 D PluginAODManager: onNotificationInfoUpdated() 5
03-13 01:02:58.297  4205  4205 D PluginAODManager: onNotificationInfoUpdated() -1|android|32|null|1000
03-13 01:02:58.297  4205  4205 D PluginAODManager: onNotificationInfoUpdated() 0|com.sec.android.daemonapp|5|null|10222
03-13 01:02:58.297  4205  4205 D PluginAODManager: onNotificationInfoUpdated() 0|com.android.vending|0|0|com.android.vending|g:Aggregate_NormalNotificationSection|10260|0|com.android.vending|g:Aggregate_NormalNotificationSection
03-13 01:02:58.297  4205  4205 D PluginAODManager: onNotificationInfoUpdated() 0|com.samsung.android.app.smartcapture|5755|null|10221
03-13 01:02:58.297  4205  4205 D PluginAODManager: onNotificationInfoUpdated() 0|com.sygic.aura|0|null|10286
03-13 01:02:58.297  4205  4205 I AODNotificationManager: updateVisibleNotifications: 5
03-13 01:02:58.297  4205  4205 D SubRoomQsTileBaseView: updateSubscreenTileStroke
03-13 01:02:58.297  4205  4205 D SubRoomQsTileBaseView: updateSubscreenTileStroke
03-13 01:02:58.297  4205  4205 D SubRoomQsTileBaseView: updateSubscreenTileStroke
03-13 01:02:58.297  4205  4205 D ModuleClockPositionController[1]: updateClockPosition: ModuleClockPosition(x=276, y=130, scale=1.0, gravity=49, pivotX=98, pivotY=0)
03-13 01:02:58.299  4205  4205 I Kumiho-Kumiho: getPackageName: com.samsung.android.app.routines
03-13 01:02:58.299  4205  4205 I AppIconSolution: start to load, pkg=android, bg=192-192, dr=144-144, forDefault=true, density=0
03-13 01:02:58.299  4205  4205 I AppIconSolution: getIconScale, pkg=android, size=144, iconScale=IconScale[alpha=6, scale=0.72, isCrop=false]
03-13 01:02:58.299  4205  4205 I Kumiho-Kumiho: getPackageName: com.samsung.android.app.routines
03-13 01:02:58.299  4205  4205 I Kumiho-Kumiho: getPackageName: com.samsung.android.app.routines
03-13 01:02:58.299  4205  4205 I AppIconSolution: default container[Contain], pkg=android, bg=184-184, dr=144-144, isNight = true
03-13 01:02:58.300  4205  4205 I AppIconSolution: return adaptive icon for com.sec.android.daemonapp, isNight = true
03-13 01:02:58.301  4205  4205 I AppIconSolution: return adaptive icon for com.android.vending, isNight = true
03-13 01:02:58.302  4205  4205 I AppIconSolution: return adaptive icon for com.samsung.android.app.smartcapture, isNight = true
03-13 01:02:58.303  4205  4205 I AppIconSolution: return adaptive icon for com.sygic.aura, isNight = true
03-13 01:02:58.304  4205  4205 D S.S.N.  : update - updateMainListArray parent Group child remove Item: 0|com.android.vending|0|0|com.android.vending|g:Aggregate_NormalNotificationSection|10260|0|com.android.vending|g:Aggregate_NormalNotificationSection
03-13 01:02:58.304  4205  4205 D S.S.N.  : update - updateMainListArray parent Group child already exists 0|com.android.vending|0|0|com.android.vending|g:Aggregate_NormalNotificationSection|10260|0|com.android.vending|g:Aggregate_NormalNotificationSection
03-13 01:02:58.304  3003  4415 I WindowManager: Relayout Window{162e25 u0 NavigationBar1}: viewVisibility=0 req=748x66 ty=2019 d1
03-13 01:02:58.305  3003  4415 D BLASTSyncEngine: SyncGroup 3446:  Unfinished container: WindowToken{8004a5b type=2024 android.os.BinderProxy@d7bba75} mSyncState=2
03-13 01:02:58.305  3003  3130 D BrightnessThermalClamper: Thermal status observer already started
03-13 01:02:58.305  3003  4415 I WindowManager: [d1] Override config changes=20000c00 {0.0 ?mcc0mnc ?localeList ?layoutDir sw308dp w352dp h308dp 340dpi smll hdr widecg land ?uimode ?night finger -keyb/v/h -nav/h winConfig={ mBounds=Rect(0, 0 - 748, 720) mAppBounds=Rect(0, 0 - 748, 654) mMaxBounds=Rect(0, 0 - 748, 720) mDisplayRotation=ROTATION_0 mWindowingMode=fullscreen mActivityType=undefined mAlwaysOnTop=undefined mRotation=ROTATION_0 mStageConfig=undefined mPopOver=undefined mOverlappingWithCutout=false mFlexPanelMode=off} ?fontWeightAdjustment ff=0 bf=-1 bts=0 cst=1.0 nightDim=-1 themeSeq=0}, callers=com.android.server.wm.DisplayContent.updateDisplayOverrideConfigurationLocked:24 com.android.server.wm.DisplayContent.sendNewConfiguration:133 com.android.server.wm.WindowManagerService.relayoutWindow:1685 com.android.server.wm.Session.relayout:27 android.view.IWindowSession$Stub.onTransact:829 
03-13 01:02:58.305  3003  4415 V WindowManager: Collecting in transition 3446: WindowToken{8004a5b type=2024 android.os.BinderProxy@d7bba75}, caller=com.android.server.wm.TransitionController$$ExternalSyntheticLambda3.accept:43 com.android.server.wm.WindowContainer$ForAllWindowsConsumerWrapper.apply:5 com.android.server.wm.WindowState.applyInOrderWithImeWindows:22 com.android.server.wm.WindowState.forAllWindows:9 com.android.server.wm.WindowContainer.forAllWindows:2 
03-13 01:02:58.305  3003  4415 I MultiTaskingController: onConfigurationChangedLocked: display#1, configChanges=0x20000c00, scaleW=1.0, scaleH=1.0, prevScreenBounds=Rect(0, 0 - 748, 720), nextScreenBounds=Rect(0, 0 - 748, 720)
03-13 01:02:58.306  3003  4415 D BLASTSyncEngine: SyncGroup 3446:  Unfinished container: WindowToken{8004a5b type=2024 android.os.BinderProxy@d7bba75} mSyncState=2
03-13 01:02:58.307  4205  4267 V ShellDragAndDrop: Display changed: 1
03-13 01:02:58.307  6239  6239 I SSS     : [ChatRoomComponentManager] onConfigurationChanged: {1.0 ?mcc0mnc [en_US] ldltr sw308dp w352dp h308dp 340dpi smll hdr widecg land night finger -keyb/v/h -nav/h winConfig={ mBounds=Rect(0, 0 - 748, 720) mAppBounds=Rect(0, 0 - 748, 654) mMaxBounds=Rect(0, 0 - 748, 720) mDisplayRotation=ROTATION_0 mWindowingMode=fullscreen mActivityType=undefined mAlwaysOnTop=undefined mRotation=ROTATION_0 mStageConfig=undefined mPopOver=off mOverlappingWithCutout=false mFlexPanelMode=off} s.5273 fontWeightAdjustment=0 ff=0 bf=-1 bts=0 cst=1.0 nightDim=0 themeSeq=0}
03-13 01:02:58.307  3003  4415 I WindowManager: Relayout hash=162e25, pid=4205, syncId=-1: mAttrs={(0,0)(fillx66) gr=BOTTOM CENTER_VERTICAL sim={adjust=pan} layoutInDisplayCutoutMode=always ty=NAVIGATION_BAR fmt=TRANSLUCENT
03-13 01:02:58.307  3003  4415 I WindowManager:   fl=20040028
03-13 01:02:58.307  3003  4415 I WindowManager:   pfl=31000000
03-13 01:02:58.307  3003  4415 I WindowManager:   bhv=1
03-13 01:02:58.307  3003  4415 I WindowManager:   providedInsets:
03-13 01:02:58.307  3003  4415 I WindowManager:     InsetsFrameProvider: {id=#61ec0001, index=0, type=navigationBars, source=FRAME, flags=[], insetsSize=Insets{left=0, top=0, right=0, bottom=66}, insetsSizeOverrides=[TypedInsetsSize: {windowType=INPUT_METHOD, insetsSize=null}]}
03-13 01:02:58.307  3003  4415 I WindowManager:     InsetsFrameProvider: {id=#61ec0006, index=0, type=tappableElement, source=FRAME, flags=[]}
03-13 01:02:58.307  3003  4415 I WindowManager:     InsetsFrameProvider: {id=#61ec0005, index=0, type=mandatorySystemGestures, source=FRAME, flags=[]}
03-13 01:02:58.307  3003  4415 I WindowManager:     InsetsFrameProvider: {id=#61ec0004, index=0, type=systemGestures, source=DISPLAY, flags=[], insetsSize=Insets{left=0, top=0, right=0, bottom=0}, mMinimalInsetsSizeInDisplayCutoutSafe=Insets{left=0, top=0, right=0, bottom=0}}
03-13 01:02:58.307  3003  4415 I WindowManager:     InsetsFrameProvider: {id=#61ec0024, index=1, type=systemGestures, source=DISPLAY, flags=[], insetsSize=Insets{left=0, top=0, right=0, bottom=0}, mMinimalInsetsSizeInDisplayCutoutSafe=Insets{left=0, top=0, right=0, bottom=0}}
03-13 01:02:58.307  3003  4415 I WindowManager:   frameRateBoostOnTouch=true
03-13 01:02:58.307  3003  4415 I WindowManager:   dvrrWindowFrameRateHint=true
03-13 01:02:58.307  3003  4415 I WindowManager:   paramsForRotation:
03-13 01:02:58.307  3003  4415 I WindowManager:     ROTATION_0={(0,0)(fillx66) gr=BOTTOM CENTER_VERTICAL layoutInDisplayCutoutMode=always ty=NAVIGATION_BAR fmt=TRANSLUCENT
03-13 01:02:58.307  3003  4415 I WindowManager:       fl=20040028
03-13 01:02:58.307  3003  4415 I WindowManager:       pfl=31000000
03-13 01:02:58.307  3003  4415 I WindowManager:       bhv=1
03-13 01:02:58.307  3003  4415 I WindowManager:       providedInsets:
03-13 01:02:58.307  3003  4415 I WindowManager:         InsetsFrameProvider: {id=#61ec0001, index=0, type=navigationBars, source=FRAME, flags=[], insetsSize=Insets{left=0, top=0, right=0, bottom=66}, insetsSizeOverrides=[TypedInsetsSize: {windowType=INPUT_METHOD, insetsSize=null}]}
03-13 01:02:58.307  3003  4415 I WindowManager:         InsetsFrameProvider: {id=#61ec0006, index=0, type=tappableElement, source=FRAME, flags=[]}
03-13 01:02:58.307  3003  4415 I WindowManager:         InsetsFrameProvider: {id=#61ec0005, index=0, type=mandatorySystemGestures, source=FRAME, flags=[]}
03-13 01:02:58.307  3003  4415 I WindowManager:         InsetsFrameProvider: {id=#61ec0004, index=0, type=systemGestures, source=DISPLAY, flags=[], insetsSize=Insets{left=0, top=0, right=0, bottom=0}, mMinimalInsetsSizeInDisplayCutoutSafe=Insets{left=0, top=0, right=0, bottom=0}}
03-13 01:02:58.307  3003  4415 I WindowManager:         InsetsFrameProvider: {id=#61ec0024, index=1, type=systemGestures, source=DISPLAY, flags=[], insetsSize=Insets{left=0, top=0, right=0, bottom=0}, mMinimalInsetsSizeInDisplayCutoutSafe=Insets{left=0, top=0, right=0, bottom=0}}
03-13 01:02:58.307  3003  4415 I WindowManager:       frameRateBoostOnTouch=true
03-13 01:02:58.307  3003  4415 I WindowManager:       dvrrWindowFrameRateHint=true naviIconColor=0}
03-13 01:02:58.307  3003  4415 I WindowManager:     ROTATION_90={(0,0)(66xfill) gr=RIGHT CENTER_HORIZONTAL layoutInDisplayCutoutMode=always ty=NAVIGATION_BAR fmt=TRANSLUCENT
03-13 01:02:58.307  3003  4415 I WindowManager:       fl=20040028
03-13 01:02:58.307  3003  4415 I WindowManager:       pfl=31000000
03-13 01:02:58.307  3003  4415 I WindowManager:       bhv=1
03-13 01:02:58.307  3003  4415 I WindowManager:       providedInsets:
03-13 01:02:58.307  3003  4415 I WindowManager:         InsetsFrameProvider: {id=#61ec0001, index=0, type=navigationBars, source=FRAME, flags=[], insetsSizeOverrides=[TypedInsetsSize: {windowType=INPUT_METHOD, insetsSize=null}]}
03-13 01:02:58.307  3003  4415 I WindowManager:         InsetsFrameProvider: {id=#61ec0006, index=0, type=tappableElement, source=FRAME, flags=[]}
03-13 01:02:58.307  3003  4415 I WindowManager:         InsetsFrameProvider: {id=#61ec0005, index=0, type=mandatorySystemGestures, source=FRAME, flags=[]}
03-13 01:02:58.307  3003  4415 I WindowManager:         InsetsFrameProvider: {id=#61ec0004, index=0, type=systemGestures, source=DISPLAY, flags=[], insetsSize=Insets{left=0, top=0, right=0, bottom=0}, mMinimalInsetsSizeInDisplayCutoutSafe=Insets{left=0, top=0, right=0, bottom=0}}
03-13 01:02:58.307  3003  4415 I WindowManager:         InsetsFrameProvider: {id=#61ec0024, index=1, type=systemGestures, source=DISPLAY, flags=[], insetsSize=Insets{left=0, top=0, right=0, bottom=0}, mMinimalInsetsSizeInDisplayCutoutSafe=Insets{left=0, top=0, right=0, bottom=0}}
03-13 01:02:58.307  3003  4415 I WindowManager:       frameRateBoostOnTouch=true
03-13 01:02:58.307  3003  4415 I WindowManager:       dvrrWindowFrameRateHint=true naviIconColor=0}
03-13 01:02:58.307  3003  4415 I WindowManager:     ROTATION_180={(0,0)(fillx66) gr=TOP CENTER_VERTICAL layoutInDisplayCutoutMode=always ty=NAVIGATION_BAR fmt=TRANSLUCENT
03-13 01:02:58.307  3003  4415 I WindowManager:       fl=20040028
03-13 01:02:58.307  3003  4415 I WindowManager:       pfl=31000000
03-13 01:02:58.307  3003  4415 I WindowManager:       bhv=1
03-13 01:02:58.307  3003  4415 I WindowManager:       providedInsets:
03-13 01:02:58.307  3003  4415 I WindowManager:         InsetsFrameProvider: {id=#61ec0001, index=0, type=navigationBars, source=FRAME, flags=[], insetsSize=Insets{left=0, top=0, right=0, bottom=66}, insetsSizeOverrides=[TypedInsetsSize: {windowType=INPUT_METHOD, insetsSize=null}]}
03-13 01:02:58.307  3003  4415 I WindowManager:         InsetsFrameProvider: {id=#61ec0006, index=0, type=tappableElement, source=FRAME, flags=[]}
03-13 01:02:58.307  3003  4415 I WindowManager:         InsetsFrameProvider: {id=#61ec0005, index=0, type=mandatorySystemGestures, source=FRAME, flags=[]}
03-13 01:02:58.307  3003  4415 I WindowManager:         InsetsFrameProvider: {id=#61ec0004, index=0, type=systemGestures, source=DISPLAY, flags=[], insetsSize=Insets{left=0, top=0, right=0, bottom=0}, mMinimalInsetsSizeInDisplayCutoutSafe=Insets{left=0, top=0, right=0, bottom=0}}
03-13 01:02:58.307  3003  4415 I WindowManager:         InsetsFrameProvider: {id=#61ec0024, index=1, type=systemGestures, source=DISPLAY, flags=[], insetsSize=Insets{left=0, top=0, right=0, bottom=0}, mMinimalInsetsSizeInDisplayCutoutSafe=Insets{left=0, top=0, right=0, bottom=0}}
03-13 01:02:58.307  3003  4415 I WindowManager:       frameRateBoostOnTouch=true
03-13 01:02:58.307  3003  4415 I WindowManager:       dvrrWindowFrameRateHint=true naviIconColor=0}
03-13 01:02:58.307  3003  4415 I WindowManager:     ROTATION_270={(0,0)(66xfill) gr=LEFT CENTER_HORIZONTAL layoutInDisplayCutoutMode=always ty=NAVIGATION_BAR fmt=TRANSLUCENT
03-13 01:02:58.307  3003  4415 I WindowManager:       fl=20040028
03-13 01:02:58.307  3003  4415 I WindowManager:       pfl=31000000
03-13 01:02:58.307  3003  4415 I WindowManager:       bhv=1
03-13 01:02:58.307  3003  4415 I WindowManager:       providedInsets:
03-13 01:02:58.307  3003  4415 I WindowManager:         InsetsFrameProvider: {id=#61ec0001, index=0, type=navigationBars, source=FRAME, flags=[], insetsSizeOverrides=[TypedInsetsSize: {windowType=INPUT_METHOD, insetsSize=null}]}
03-13 01:02:58.307  3003  4415 I WindowManager:         InsetsFrameProvider: {id=#61ec0006, index=0, type=tappableElement, source=FRAME, flags=[]}
03-13 01:02:58.307  3003  4415 I WindowManager:         InsetsFrameProvider: {id=#61ec0005, index=0, type=mandatorySystemGestures, source=FRAME, flags=[]}
03-13 01:02:58.307  3003  4415 I WindowManager:         InsetsFrameProvider: {id=#61ec0004, index=0, type=systemGestures, source=DISPLAY, flags=[], insetsSize=Insets{left=0, top=0, right=0, bottom=0}, mMinimalInsetsSizeInDisplayCutoutSafe=Insets{left=0, top=0, right=0, bottom=0}}
03-13 01:02:58.307  3003  4415 I WindowManager:         InsetsFrameProvider: {id=#61ec0024, index=1, type=systemGestures, source=DISPLAY, flags=[], insetsSize=Insets{left=0, top=0, right=0, bottom=0}, mMinimalInsetsSizeInDisplayCutoutSafe=Insets{left=0, top=0, right=0, bottom=0}}
03-13 01:02:58.307  3003  4415 I WindowManager:       frameRateBoostOnTouch=true
03-13 01:02:58.307  3003  4415 I WindowManager:       dvrrWindowFrameRateHint=true naviIconColor=0} naviIconColor=0}
03-13 01:02:58.307  4205  4362 D SubScreenPackageChecker: SubHome Component
03-13 01:02:58.308  4205  4205 I InsetsController: onStateChanged: host=NavigationBar1, from=android.view.ViewRootImpl.onInsetsStateChanged:3026, state=InsetsState: {mDisplayFrame=Rect(0, 0 - 748, 720), mDisplayCutout=DisplayCutout{insets=Rect(0, 0 - 0, 66) waterfall=Insets{left=0, top=0, right=0, bottom=0} boundingRect={Bounds=[Rect(0, 0 - 0, 0), Rect(0, 0 - 0, 0), Rect(0, 0 - 0, 0), Rect(379, 654 - 748, 720)]} cutoutPathParserInfo={CutoutPathParserInfo{displayWidth=748 displayHeight=720 physicalDisplayWidth=748 physicalDisplayHeight=720 density={2.125} cutoutSpec={@bottom @right M 0,0 H -173.6470588235294 V -31.05882352941176 H 0 V 0 Z @dp} rotation={0} scale={1.0} physicalPixelDisplaySizeRatio={1.0}}} sideOverrides={}}, mRoundedCorners=RoundedCorners{[RoundedCorner{position=TopLeft, radius=49, center=Point(49, 49)}, RoundedCorner{position=TopRight, radius=49, center=Point(699, 49)}, RoundedCorner{position=BottomRight, radius=49, center=Point(699, 671)}, RoundedCorner{position=BottomLeft, radius=49, center=Point(49, 671)}]}  mRoundedCornerFrame=Rect(0, 0 - 0, 0), mPrivacyIndicatorBounds=PrivacyIndicatorBounds {static bounds=null rotation=0}, mDisplayShape=DisplayShape{ spec=1406003047 displayWidth=748 displayHeight=720 physicalPixelDisplaySizeRatio=1.0 rotation=0 offsetX=0 offsetY=0 scale=1.0}, mSources= { InsetsSource: {67 mType=displayCutout mFrame=[0,654][748,720] mVisible=true mFlags= mSideHint=BOTTOM mBoundingRects=null}, InsetsSource: {61ec0004 mType=systemGestures mFrame=[0,0][0,0] mVisible=true mFlags= mSideHint=NONE mBoundingRects=null}, InsetsSource: {61ec0005 mType=mandatorySystemGestures mFrame=[0,654][748,720] mVisible=true mFlags= mSideHint=BOTTOM mBoundingRects=null}, InsetsSource: {61ec0024 mType=systemGestures mFrame=[0,0][0,0] mVisible=true mFlags= mSideHint=NONE mBoundingRects=null} }
03-13 01:02:58.308  4205  4205 I BLASTBufferQueue_Java: update, w= 748 h= 66 mName = VRI[NavigationBar1]@6431e1c mNativeObject= 0xb400006fbfe50630 sc.mNativeObject= 0xb4000071ef923c50 format= -3 caller= android.view.ViewRootImpl.updateBlastSurfaceIfNeeded:3574 android.view.ViewRootImpl.relayoutWindow:11685 android.view.ViewRootImpl.performTraversals:4804 android.view.ViewRootImpl.doTraversal:3924 android.view.ViewRootImpl$TraversalRunnable.run:12903 android.view.Choreographer$CallbackRecord.run:1901 
03-13 01:02:58.308  4205  4205 I VRI[NavigationBar1]@6431e1c: Relayout returned: old=(0,618,748,720) new=(0,654,748,720) relayoutAsync=false req=(748,66)0 dur=4 res=0x1 s={true 0xb40000707fe6e9f0} ch=false seqId=0
03-13 01:02:58.309  4205  4205 D NavBarStateManager: NavBarStates(1) supportLargeCoverScreenNavBar: true
03-13 01:02:58.309  4205  4205 D Navbar.Store: handleEvent(1) GetNavBarLargeCoverScreenPadding(rotation=0) [Module] SamsungNavigationBarView
03-13 01:02:58.309  4205  4205 D Navbar.Store: --[Band]COVER_SCREEN_PACK_GET_NAVBAR_PADDING
03-13 01:02:58.309  4205  4205 D CoverScreenPack: get cover screen padding, kit.displayId=1, resources={1.0 ?mcc0mnc [en_US] ldltr sw307dp w352dp h308dp 340dpi smll hdr widecg land night -touch -keyb/v/h -nav/h winConfig={ mBounds=Rect(0, 0 - 748, 720) mAppBounds=Rect(0, 0 - 748, 654) mMaxBounds=Rect(0, 0 - 748, 720) mDisplayRotation=ROTATION_0 mWindowingMode=fullscreen mActivityType=undefined mAlwaysOnTop=undefined mRotation=ROTATION_0 mStageConfig=undefined mPopOver=undefined mOverlappingWithCutout=false mFlexPanelMode=off} s.4990 fontWeightAdjustment=0 ff=0 bf=-1 bts=0 cst=1.0 nightDim=0 themeSeq=0}
03-13 01:02:58.309  4205  4205 D Navbar.Store: handleEvent(1) value= Rect(0, 0 - 399, 0)
03-13 01:02:58.309  4205  4205 D VRI[NavigationBar1]@6431e1c: mThreadedRenderer.updateSurface() mSurface={isValid=true 0xb40000707fe6e9f0}
03-13 01:02:58.309  4205  4205 D VRI[NavigationBar1]@6431e1c: reportNextDraw android.view.ViewRootImpl.performTraversals:5443 android.view.ViewRootImpl.doTraversal:3924 android.view.ViewRootImpl$TraversalRunnable.run:12903 android.view.Choreographer$CallbackRecord.run:1901 android.view.Choreographer$CallbackRecord.run:1910 
03-13 01:02:58.309  4205  4205 D VRI[NavigationBar1]@6431e1c: Setup new sync=wmsSync-VRI[NavigationBar1]@6431e1c#42
03-13 01:02:58.309  4205  4205 I VRI[NavigationBar1]@6431e1c: Creating new active sync group VRI[NavigationBar1]@6431e1c#43
03-13 01:02:58.309  4205  4205 D VRI[NavigationBar1]@6431e1c: registerCallbacksForSync syncBuffer=false
03-13 01:02:58.309  4205  4393 D VRI[NavigationBar1]@6431e1c: Received frameDrawingCallback syncResult=0 frameNum=2.
03-13 01:02:58.310  4205  4393 I VRI[NavigationBar1]@6431e1c: mWNT: t=0xb4000071ffb2ef90 mBlastBufferQueue=0xb400006fbfe50630 fn= 2 HdrRenderState mRenderHdrSdrRatio=1.0 caller= android.view.ViewRootImpl$12.onFrameDraw:15441 android.view.ThreadedRenderer$1.onFrameDraw:718 <bottom of call stack> 
03-13 01:02:58.310  4205  4393 I VRI[NavigationBar1]@6431e1c: Setting up sync and frameCommitCallback
03-13 01:02:58.310  4205  4394 W qdgralloc: getInterlacedFlag: getMetaData returned 3, defaulting to interlaced_flag = 0
03-13 01:02:58.311  4205  4394 I VRI[NavigationBar1]@6431e1c: Received frameCommittedCallback lastAttemptedDrawFrameNum=2 didProduceBuffer=true
03-13 01:02:58.311  4205  4205 D VRI[NavigationBar1]@6431e1c: reportDrawFinished seqId=0
03-13 01:02:58.311  3003  4415 D WindowManager: finishDrawingWindow: Window{162e25 u0 NavigationBar1} mDrawState=READY_TO_SHOW seqId=0
03-13 01:02:58.311  4205  4205 D BackPanelController: updateArrowState: GONE -> GONE
03-13 01:02:58.311  3003  4415 I WindowManager: Relayout Window{cbb002d u0 EdgeBackGestureHandler1}: viewVisibility=8 req=223x570 ty=2024 d1
03-13 01:02:58.311  2022  2124 I HYPER-HAL: [RequestManager.cpp]acquire(): Acquired ID : 2112570  [2025 / 30]    HINT :      list : [UCLAMP_MIN_BOOST / 0] [TID / 4392] [TID / 4393] [TID / 4205] [TID / 4394] 
03-13 01:02:58.312  3003  4415 D BLASTSyncEngine: SyncGroup 3446:  Unfinished container: WindowToken{8004a5b type=2024 android.os.BinderProxy@d7bba75} mSyncState=2
03-13 01:02:58.312  3003  4415 I WindowManager: Relayout hash=cbb002d, pid=4205, syncId=-1: mAttrs={(0,0)(223x570) sim={adjust=pan} ty=NAVIGATION_BAR_PANEL fmt=TRANSLUCENT
03-13 01:02:58.312  3003  4415 I WindowManager:   fl=1000118
03-13 01:02:58.312  3003  4415 I WindowManager:   pfl=30200010
03-13 01:02:58.312  3003  4415 I WindowManager:   bhv=1
03-13 01:02:58.312  3003  4415 I WindowManager:   frameRateBoostOnTouch=true
03-13 01:02:58.312  3003  4415 I WindowManager:   dvrrWindowFrameRateHint=true naviIconColor=0}
03-13 01:02:58.312  3003  3068 D BLASTSyncEngine: SyncGroup 3446:  Unfinished container: WindowToken{8004a5b type=2024 android.os.BinderProxy@d7bba75} mSyncState=2
03-13 01:02:58.312  4205  4205 I InsetsController: onStateChanged: host=EdgeBackGestureHandler1, from=android.view.ViewRootImpl.onInsetsStateChanged:3026, state=InsetsState: {mDisplayFrame=Rect(0, 0 - 748, 720), mDisplayCutout=DisplayCutout{insets=Rect(0, 0 - 0, 66) waterfall=Insets{left=0, top=0, right=0, bottom=0} boundingRect={Bounds=[Rect(0, 0 - 0, 0), Rect(0, 0 - 0, 0), Rect(0, 0 - 0, 0), Rect(379, 654 - 748, 720)]} cutoutPathParserInfo={CutoutPathParserInfo{displayWidth=748 displayHeight=720 physicalDisplayWidth=748 physicalDisplayHeight=720 density={2.125} cutoutSpec={@bottom @right M 0,0 H -173.6470588235294 V -31.05882352941176 H 0 V 0 Z @dp} rotation={0} scale={1.0} physicalPixelDisplaySizeRatio={1.0}}} sideOverrides={}}, mRoundedCorners=RoundedCorners{[RoundedCorner{position=TopLeft, radius=49, center=Point(49, 49)}, RoundedCorner{position=TopRight, radius=49, center=Point(699, 49)}, RoundedCorner{position=BottomRight, radius=49, center=Point(699, 671)}, RoundedCorner{position=BottomLeft, radius=49, center=Point(49, 671)}]}  mRoundedCornerFrame=Rect(0, 0 - 0, 0), mPrivacyIndicatorBounds=PrivacyIndicatorBounds {static bounds=null rotation=0}, mDisplayShape=DisplayShape{ spec=1406003047 displayWidth=748 displayHeight=720 physicalPixelDisplaySizeRatio=1.0 rotation=0 offsetX=0 offsetY=0 scale=1.0}, mSources= { InsetsSource: {67 mType=displayCutout mFrame=[0,654][748,720] mVisible=true mFlags= mSideHint=BOTTOM mBoundingRects=null}, InsetsSource: {61ec0004 mType=systemGestures mFrame=[0,0][0,0] mVisible=true mFlags= mSideHint=NONE mBoundingRects=null}, InsetsSource: {61ec0005 mType=mandatorySystemGestures mFrame=[0,654][748,720] mVisible=true mFlags= mSideHint=BOTTOM mBoundingRects=null}, InsetsSource: {61ec0024 mType=systemGestures mFrame=[0,0][0,0] mVisible=true mFlags= mSideHint=NONE mBoundingRects=null} }
03-13 01:02:58.312  4205  4205 I VRI[EdgeBackGestureHandler1]@439d69e: Relayout returned: old=(262,75,485,645) new=(262,75,485,645) relayoutAsync=false req=(223,570)8 dur=1 res=0x0 s={false 0x0} ch=false seqId=0
03-13 01:02:58.312  3003  3003 I Telecom : SamsungTelecomServiceImpl : isInManagedCall - callingPackage : android / callingUser : UserHandle{0} / hasCrossUserAccess : true
03-13 01:02:58.312  4205  4205 D VRI[EdgeBackGestureHandler1]@439d69e: Not drawing due to not visible. Reason=View.GONE
03-13 01:02:58.313  4205  4205 D VRI[NavigationBar0]@f26899a: Not drawing due to screen off
03-13 01:02:58.313  4205  4205 D VRI[StatusBar]@b731380: Not drawing due to screen off
03-13 01:02:58.313  4205  4205 D Navbar.Store: handleEvent(1) OnUpdateNavBarVisibility(visibility=8) [Module] NavigationBarFrame
03-13 01:02:58.313  4205  4205 D Navbar.Store: --[Band]VIS_PACK_UPDATE_NAVBAR_VISIBILITY
03-13 01:02:58.313  4205  4205 D Navbar.Store: ----apply(1) NavBarStoreAction$UpdateNavBarGoneStateFlag
03-13 01:02:58.313  4832 20663 I HoneySpace.SystemUiRepository: systemUiFlags: overview_disabled|home_disabled|navbar_hidden|allow_gesture|back_disabled|wakefulness_transition|navbar_gone
03-13 01:02:58.313  4205  4394 D HWUI    : HWUI - treat SMPTE_170M as sRGB
03-13 01:02:58.313  4832  4895 I HoneySpace.TaskbarEventTracker: invokeEvent() called with: event = SystemUiStateChanged(stateFlags=1100052824450)
03-13 01:02:58.313  4205  4205 D SecQSCommonTileView: handleStateChanged state.spec = MobileData, parent = LabelTileView{@6212bab, #7f0a0df0, app:id/tile_label V, label = @6212bab, #7f0a0df0, app:id/tile_label V, iconFrame = @8afe208 V, icon = @3f1dda1 V, common = @b089bc6}, labelContainer = @336d9fa, #7f0a0661, app:id/label_group V, label = @6212bab, #7f0a0df0, app:id/tile_label V, iconFrame = @8afe208 V, icon = @3f1dda1 V, common = @b089bc6
03-13 01:02:58.313  4205  4205 D SubRoomQsTileBaseView: updateSubscreenTileStroke
03-13 01:02:58.313  4205  4205 D SubRoomQsTileBaseView: updateSubscreenTileStroke
03-13 01:02:58.313  4205  4205 D SecQSCommonTileView: handleStateChanged state.spec = custom(com.samsung.android.app.smartcapture/com.samsung.android.app.screenrecorder.view.RecordScreenTile), parent = LabelTileView{@ec91b50, #7f0a0df0, app:id/tile_label V, label = @ec91b50, #7f0a0df0, app:id/tile_label V, iconFrame = @1d33149 V, icon = @7666a4e V, common = @153376f}, labelContainer = @ab1dd13, #7f0a0661, app:id/label_group V, label = @ec91b50, #7f0a0df0, app:id/tile_label V, iconFrame = @1d33149 V, icon = @7666a4e V, common = @153376f
03-13 01:02:58.313  4205  4205 D SubRoomQsTileBaseView: updateSubscreenTileStroke
03-13 01:02:58.313  4205  4205 D SubRoomQsTileBaseView: updateSubscreenTileStroke
03-13 01:02:58.313  4205  4205 D SecQSCommonTileView: handleStateChanged state.spec = custom(com.samsung.android.app.routines/.LifestyleModeTile), parent = LargeTileView{@a164517, #7f0a0df0, app:id/tile_label V, label = @a164517, #7f0a0df0, app:id/tile_label V, iconFrame = @b529d04 V, icon = @31c42ed V, common = @fbae522}, labelContainer = @349f69f, #7f0a0661, app:id/label_group V, label = @a164517, #7f0a0df0, app:id/tile_label V, iconFrame = @b529d04 V, icon = @31c42ed V, common = @fbae522
03-13 01:02:58.314  4205  4205 D SubRoomQsTileBaseView: updateSubscreenTileStroke
03-13 01:02:58.314  4205  4205 D SubRoomQsTileBaseView: updateSubscreenTileStroke
03-13 01:02:58.314  4205  4205 D SecQSCommonTileView: handleStateChanged state.spec = Dnd, parent = LabelTileView{@81c3103, #7f0a0df0, app:id/tile_label V, label = @81c3103, #7f0a0df0, app:id/tile_label V, iconFrame = @641f880 V, icon = @6cdfeb9 V, common = @56802fe}, labelContainer = @5bfbdb2, #7f0a0661, app:id/label_group V, label = @81c3103, #7f0a0df0, app:id/tile_label V, iconFrame = @641f880 V, icon = @6cdfeb9 V, common = @56802fe
03-13 01:02:58.314  4205  4205 D SubRoomQsTileBaseView: updateSubscreenTileStroke
