--------- beginning of main
03-09 21:45:53.334 14676 14683 I .openai.chatgpt: Background concurrent mark compact GC freed 39MB AllocSpace bytes, 333(8128KB) LOS objects, 75% free, 18MB/73MB, paused 1.026ms,5.527ms total 164.757ms
03-09 21:45:53.337 14676 14684 I BpBinder: onLastStrongRef automatically unlinking death recipients: 
03-09 21:45:53.355 14623 14658 I appium  : channel read: GET /session/ca1f9818-2226-4ddf-b4a2-6a1c217cd885/source
03-09 21:45:53.356 14623 14658 I appium  : Source command
03-09 21:45:53.357 14623 14658 I appium  : Waiting up to 10000ms for the device to idle
03-09 21:45:53.433 14676 14682 I .openai.chatgpt: Compiler allocated 4161KB to compile h7.i a5.h0.m(int)
03-09 21:45:53.532 14623 14658 D CompatChangeReporter: Compat change id reported: 247079863; UID 10620; state: ENABLED
03-09 21:45:53.546  3163  5158 D WifiStaIfaceHidlImpl: getCachedScanData is not implemented by HIDL
03-09 21:45:53.652 14623 14658 I appium  : AppiumResponse: {"sessionId":"ca1f9818-2226-4ddf-b4a2-6a1c217cd885","value":"<?xml version='1.0' encoding='UTF-8' standalone='yes' ?>\r\n<hierarchy index=\"0\" class=\"hierarchy\" rotation=\"0\" width=\"1080\" height=\"2640\">\r\n  <android.widget.FrameLayout index=\"0\" package=\"com.openai.chatgpt\" class=\"andro…
03-09 21:45:53.671 14623 14658 I appium  : channel read: GET /session/ca1f9818-2226-4ddf-b4a2-6a1c217cd885/screenshot
03-09 21:45:53.672 14623 14658 I appium  : CaptureScreenshot command
03-09 21:45:53.674 14623 14658 W tomator2.server: Accessing hidden method Landroid/view/Display;->getAddress()Landroid/view/DisplayAddress; (blocked, reflection, allowed)
03-09 21:45:53.674 14623 14658 W tomator2.server: Accessing hidden method Landroid/view/DisplayAddress$Physical;->getPhysicalDisplayId()J (blocked, reflection, allowed)
03-09 21:45:53.822 15031 15031 W BpBinder: Linking to death on android.gui.ISurfaceComposer but there are no threads (yet?) listening to incoming transactions. See ProcessState::startThreadPool and ProcessState::setThreadPoolMaxThreadCount. Generally you should setup the binder threadpool before other initialization steps.
03-09 21:45:53.822 15031 15031 W ProcessState: Extra binder thread started, but 0 threads requested. Do not use *startThreadPool when zero threads are requested.
03-09 21:45:54.297 14623 14658 I appium  : AppiumResponse: {"sessionId":"ca1f9818-2226-4ddf-b4a2-6a1c217cd885","value":"iVBORw0KGgoAAAANSUhEUgAABDgAAApQCAYAAABYiJrlAAAAAXNSR0IArs4c6QAAAARzQklUCAgICHwIZIgAACAASURBVHic7N13eFR12jfw75nJJJOE9EBCAgGCoSQIIYCQhQhI00UQV8WCBVEERBBkRUW6yqOuviAoqyurKEUWqSogZSnCAvIABgwgvaX3QsrMZOZ+/8iTswxJIIRMTga+n+u6rwtmTrnPnElyzn1+RQE…
03-09 21:45:55.082  2064  4171 D slpi    : tmd2712: Als lux: 2.70, ch0: 45, ch1: 3, scale: 1.08, atime:50.04, again:1024
03-09 21:45:55.101  2163  2163 D motorola.hardware.sensorext-service: handle id:13 wxh:1088x2640 uwxuh:1080x2640 size: 11489280 fd:11 fd_meta:12 flags:0x4000228 usage:0x33  format:0x1 layer_count: 1 reserved_size = 0
03-09 21:45:55.102  2064  4171 D slpi-TCS3720: ALS_REPORT lux 11.447498, ch0 6.801271-2.937813-1.895828-1.177835, scale 1.1878, fps 90, client 1
03-09 21:45:55.102  2195  2586 I SDM     : HWCSession::SetCWBOutputBuffer: CWB config passed by cwb_client : tappoint 1  CWB_ROI : (210.000000 26.000000 274.000000 90.000000) for display [1 0 0]
03-09 21:45:55.102  2064  4171 D slpi-TCS3720: PRX_OC info Far, Total 0, pdata 0, offset 0 step 0.63, ore 0:0 step 21.00, TH_H 1020, TH_L 0, client 0
03-09 21:45:55.107  2195 15043 I SDM     : HWCDisplay::SetReadbackBuffer: CWB config from client: tap_point 1, CWB ROI Rect(210.000000 26.000000 274.000000 90.000000), PU_as_CWB_ROI 0, Cwb full rect : (0.000000 0.000000 1080.000000 2640.000000)
03-09 21:45:55.107  2195 15043 I SDM     : HWCDisplay::SetReadbackBuffer: Successfully configured the output buffer: readback_buffer_queued_ 1, readback_configured_ 0, cwb_client 3
03-09 21:45:55.107  2195 15043 I SDM     : HWCSession::ProcessRequests: Successfully configured CWB buffer.
03-09 21:45:55.114  2195 15043 I SDM     : HWCSession::ProcessRequests: Pushing release fence in fenece wait queue.
03-09 21:45:55.114  2195 15043 I SDM     : HWCSession::ProcessRequests: Creating AsyncFenceWaits async thread.
03-09 21:45:55.115  2195 15043 I SDM     : HWCSession::ProcessRequests: Remove current CWB request from the pending request queue.
03-09 21:45:55.115  2195 15043 I SDM     : HWCSession::ProcessRequests: No pending cwb requests found in the queue.
03-09 21:45:55.120  2195  2269 I SDM     : HWDeviceDRM::SetupConcurrentWriteback: Tear down the Concurrent Writeback topology
03-09 21:45:55.129  2195 15052 I SDM     : HWCSession::NotifyCWBStatus: Notify the client about buffer status 0.
03-09 21:45:55.129  2195 15052 I SDM     : HWCSession::PerformFenceWaits: Remove current release fence from the pending fence wait queue.
03-09 21:45:55.129  2195 15052 I SDM     : HWCSession::PerformFenceWaits: CWB fence queue is empty. No pending release fence to wait on.
03-09 21:45:55.140  2163  2163 D SENSOREXT_ALS_COMP: FrontLight: ReportLux 3.66 (11.45-7.78), pre 8.91, dbv 3791, dc 0, fps 90, chPanel 5.02-2.44-1.42-0.89, facCal:lux_s 1.19 cha_s 0.95-0.93-0.96-1.02, RunInfo: DPB 3403-16, TF 3403-0
03-09 21:45:55.233  2064  4171 D slpi    : tmd2712: Als lux: 4.80, ch0: 82, ch1: 3, scale: 1.08, atime:50.04, again:1024
03-09 21:45:55.236 14676 14682 W .openai.chatgpt: Missing inline cache for java.lang.Object a30.u0.invokeSuspend(java.lang.Object)
03-09 21:45:55.257  3706  3714 I android.hardware.thermal@2.0-service.qti-v2: Sensor Name:skin1 temp: 35.144. prev severity:3. cur severity:0 New severity:0
--------- beginning of system
03-09 21:45:55.435  3163  4238 D ActivityManager: freezing 7218 com.google.android.gms, reason = oom_cached
03-09 21:45:55.444  3163  4238 D ActivityManager: freezing 8588 com.google.android.gms.unstable, reason = oom_cached
03-09 21:45:55.483  2064  4171 D slpi    : tmd2712: Als lux: 2.50, ch0: 42, ch1: 2, scale: 1.08, atime:50.04, again:1024
03-09 21:45:55.561  2064  4171 I slpi-MOT_HINGE: Hingeposture   0.0 tent:0 gpio:-1 flip:1 flat:1 b:-0.5 4.0 8.9 -14.4 16.7 -35.2 f:-0.6 -4.1 -8.9 -13.6 -15.6 35.0
03-09 21:45:55.566  3163  3231 I DeviceStateManagerService: Cannot notify device state info change when pending state is present.
03-09 21:45:55.568  3163  3229 D CLI/SmallCLI: onDeviceLidStateChanged: state=CLOSED
03-09 21:45:55.570  5625  5669 D ShellSplitScreen: onFoldedStateChanged: folded=true
03-09 21:45:55.570  2067  2175 D AHAL: AudioDevice: SetParameters: 1564: enter: device_folded=on
03-09 21:45:55.570  2067  2175 D AHAL: AudioVoice: VoiceSetParameters: 87: Enter params: device_folded=on
03-09 21:45:55.570  2067  2175 D AHAL: AudioVoice: VoiceSetParameters: 360: Exit ret: 0
03-09 21:45:55.570  2067  2175 D AHAL: FM: fm_set_parameters: 262: Enter
03-09 21:45:55.570  2067  2175 D AHAL: FM: fm_set_parameters: 320: exit
03-09 21:45:55.570  2067  2175 D AHAL: AudioDevice: SetParameters: 2361: exit: device_folded=on
03-09 21:45:55.572  3163  3227 D TouchHwAidlService: onStateChanged.. state=1
03-09 21:45:55.572  2064  4171 D slpi-MOT_HALL: Flip send data : 2, State: North near
03-09 21:45:55.573  2064  4171 E slpi    : MOT_GPIO_FLIP kernel state gpio unset
03-09 21:45:55.573  2064  4173 I sensors-hal: handle_sns_client_event:365, mot_flip_event: now=37111477549704 hal ts=37111476141636, MOT_FLIP_STATE_CLOSED, count=236.0, cause=0.0, fwreg 1
03-09 21:45:55.573  5625  5625 I vol.VolumeDialogImpl: mDialog.dismiss() reason: posture_changed from: com.android.systemui.volume.VolumeDialogImpl$H.handleMessage:111 displayId: 0 mShowing: false mIsAnimatingDismiss: false
03-09 21:45:55.573  2064  4173 I sensors-hal: sns_device_mode_init:227, sns_device_mode_init Start
03-09 21:45:55.573  2064  4173 I android.hardware.sensors@2.1-service.multihal: vendor/qcom/proprietary/adsprpc/src/fastrpc_apps_user.c:1553: remote_handle64_open: Successfully opened handle 0x1aeb0c50 for '":;./\createstaticpd:sensorspd&_dom=adsp on domain 0
03-09 21:45:55.575  2064 15058 I android.hardware.sensors@2.1-service.multihal: vendor/qcom/proprietary/adsprpc/src/listener_android.c:116: listener thread starting
03-09 21:45:55.575  2064  4173 I android.hardware.sensors@2.1-service.multihal: vendor/qcom/proprietary/adsprpc/src/fastrpc_perf.c:273: fastrpc_perf_init: enabled systrace 0x0 and RPC traces (kernel 0, dsp 0) with frequency 1000
03-09 21:45:55.575  2064 15059 I android.hardware.sensors@2.1-service.multihal: vendor/qcom/proprietary/adsprpc/src/log_config.c:348: file_watcher_thread starting for domain 0
03-09 21:45:55.576  2064 15059 W android.hardware.sensors@2.1-service.multihal: vendor/qcom/proprietary/adsprpc/src/log_config.c:358:file_watcher_thread: Couldn't find file android.hardware.sensors@2.1-service.multihal.farf, errno (No such file or directory)
03-09 21:45:55.576  3163  3352 W BoostOptController: not supported hint: 118
03-09 21:45:55.576  3163  3231 I LogicalDisplayMapper: Requesting Transition to state: 1, from state=5, interactive=true, mBootCompleted=true
03-09 21:45:55.577  3163  3231 I LogicalDisplayMapper: Applying layout: [{dispId: 0(ON), displayGroupName: , addr: {port=130, model=0x40446dccee101c}, mThermalBrightnessThrottlingMapId: null, mRefreshRateZoneId: null, mLeadDisplayId: -1, mLeadDisplayAddress: null, mThermalRefreshRateThrottlingMapId: null, mPowerThrottlingMapId: null}], Previous layout: [{dispId: 0(ON), displayGroupName: , addr: {port=130, model=0x40446dccee101c}, mThermalBrightnessThrottlingMapId: null, mRefreshRateZoneId: null, mLeadDisplayId: -1, mLeadDisplayAddress: null, mThermalRefreshRateThrottlingMapId: null, mPowerThrottlingMapId: null}]
03-09 21:45:55.577  3163  3231 W OverrideRequestController: Attempted to cancel a null OverrideRequest
03-09 21:45:55.577  3163  3231 I DeviceStateManagerService: Cannot notify device state info change when pending state is present.
03-09 21:45:55.577  2064 15058 I android.hardware.sensors@2.1-service.multihal: vendor/qcom/proprietary/adsprpc/src/mod_table.c:703: open_mod_table_open_from_static: reverse module apps_std opened with handle 0x450dfe00 (idx 0)
03-09 21:45:55.578  2064 15058 I android.hardware.sensors@2.1-service.multihal: vendor/qcom/proprietary/adsprpc/src/apps_std_imp.c:860: Successfully opened file /vendor/dsp/adsp/libsns_device_mode_skel.so
03-09 21:45:55.582  2064  4173 E android.hardware.sensors@2.1-service.multihal: vendor/qcom/proprietary/adsprpc/src/fastrpc_apps_user.c:1491: Error 0x80000406: remote_handle_open_domain: dynamic loading failed for file:///libsns_device_mode_skel.so?sns_device_mode_skel_handle_invoke&_modver=1.0&_dom=adsp on domain 0 (dlerror segment 0 failed hash verification(0x34DA000 B)) (errno Success)
03-09 21:45:55.583  2064  4173 E android.hardware.sensors@2.1-service.multihal: vendor/qcom/proprietary/adsprpc/src/fastrpc_apps_user.c:1550: Error 0x80000406: remote_handle64_open failed for file:///libsns_device_mode_skel.so?sns_device_mode_skel_handle_invoke&_modver=1.0&_dom=adsp (errno Success)
03-09 21:45:55.583  2064  4173 I sensors-hal: sns_device_mode_init:262, sns_device_mode_init End
03-09 21:45:55.583  2064  4173 E sensors-hal: sendDeviceMode:287, mot_flip: one or mode handles unopened: dm 0 rpc 1
03-09 21:45:55.583  2064  4173 E android.hardware.sensors@2.1-service.multihal: vendor/qcom/proprietary/adsprpc/src/fastrpc_apps_user.c:1366: Error 0x80000600: remote_handle_invoke failed for handle 0x0, method 1 on domain 0 (sc 0x1010200) (errno Success)
03-09 21:45:55.583  2064  4173 E android.hardware.sensors@2.1-service.multihal: vendor/qcom/proprietary/adsprpc/src/fastrpc_apps_user.c:1575: Error 0x80000600: remote_handle_close failed for handle 0x0 (dlerr \) (errno Success)
03-09 21:45:55.583  2064  4173 I android.hardware.sensors@2.1-service.multihal: vendor/qcom/proprietary/adsprpc/src/fastrpc_apps_user.c:2737: domain_deinit for domain 0: dev 80
03-09 21:45:55.584  2064 15058 E android.hardware.sensors@2.1-service.multihal: vendor/qcom/proprietary/adsprpc/src/fastrpc_apps_user.c:3516: exit_thread current process1 thread exit nErr = 0x8000040d domain 0, handle 0xb400007d1aeb0c50
03-09 21:45:55.585  2064 15059 W android.hardware.sensors@2.1-service.multihal: vendor/qcom/proprietary/adsprpc/src/log_config.c:368:Warning: file_watcher_thread received exit for domain 0, file android.hardware.sensors@2.1-service.multihal.farf
03-09 21:45:55.585  2064 15059 I android.hardware.sensors@2.1-service.multihal: vendor/qcom/proprietary/adsprpc/src/log_config.c:415: file_watcher_thread exiting for domain 0
03-09 21:45:55.585  2064  4173 I android.hardware.sensors@2.1-service.multihal: vendor/qcom/proprietary/adsprpc/src/mod_table.c:789: open_mod_table_close: closed reverse module apps_std with handle 0x450dfe00
03-09 21:45:55.586  2064  4173 E android.hardware.sensors@2.1-service.multihal: vendor/qcom/proprietary/adsprpc/src/fastrpc_apps_user.c:1614: Error 0x80000600: remote_handle64_close failed for handle 0xb400007d1aeb0c50 remote handle 0x0 (errno Success)
03-09 21:45:55.589  6461  6564 I Capsense_Cal: Sensor GetEvents event_count==1
03-09 21:45:55.589  6461  6564 D Capsense_Cal: SensorThread sensorEvents
03-09 21:45:55.589  6461  6564 D Capsense_Cal: Capsensor hallEventHandler sensorEvents->data[0]==2.000000
03-09 21:45:55.589  6461  6564 D Capsense_Cal: start cal : /sys/class/capsense/capsense1/reset, msg: flip_near
03-09 21:45:55.591  6461  6564 D Capsense_Cal: start cal : /sys/class/capsense/capsense0/reset, msg: flip_near
03-09 21:45:55.594  3163  4279 I CLI/Transition_Device: lid state changed: OPEN -> OPEN, device state changed to CLOSED
03-09 21:45:55.595  3163  4279 D CLI/Rotation: Set volume keyswap sysprop for rotation 0 lidState OPEN
03-09 21:45:55.602  3163  4279 I WindowManager: updateRotationUnchecked CLI real rotation changed:1, rotation:1
03-09 21:45:55.604  3163  3352 D BrightnessThermalClamper: Thermal status observer already started
03-09 21:45:55.604  3163  4279 I WindowManager: Override config changes=20000000 {1.0 ?mcc0mnc [en_US] ldltr sw111dp w210dp h111dp 280dpi smll land night mot-cli finger -keyb/v/h -nav/h winConfig={ mBounds=Rect(0, 0 - 368, 194) mAppBounds=Rect(0, 0 - 368, 194) mMaxBounds=Rect(0, 0 - 368, 194) mDisplayRotation=ROTATION_90 mWindowingMode=fullscreen mActivityType=undefined mAlwaysOnTop=undefined mRotation=ROTATION_90} ?fontWeightAdjustment ?spn ?gid} for displayId=1
03-09 21:45:55.609  3163  4279 E WindowManager: Display reconfigured outside of a transition: Display{#0 state=ON size=1080x2640 ROTATION_0}
03-09 21:45:55.611  3163  3227 D TouchHwAidlService: onStateChanged.. state=0
03-09 21:45:55.612  3163  3229 D CLI/SmallCLI: onDeviceLidStateChanged: state=CLOSED_HALL
03-09 21:45:55.613  3163  3231 I InputManager-JNI: Viewport [0] to add: local:4630947043778501762, isActive: true
03-09 21:45:55.613  3163  3231 I InputManager-JNI: Viewport [1] to add: local:4630947043778501763, isActive: false
03-09 21:45:55.614  3163  3229 V WindowManager: Content Recording: Display 1 state was (1), is now (1), so update recording?
03-09 21:45:55.614  3163  3229 D CLI/Transition: displaygroup 1, state OFF, pendingdisplaygroup -1
03-09 21:45:55.616  3163  3352 W BoostOptController: not supported hint: 118
03-09 21:45:55.621  3163  3231 I LogicalDisplayMapper: Requesting Transition to state: 0, from state=1, interactive=true, mBootCompleted=true
03-09 21:45:55.622  3163  3352 D BrightnessThermalClamper: Thermal status observer already started
03-09 21:45:55.622  3163  3231 I LogicalDisplayMapper: Applying layout: [{dispId: 0(ON), displayGroupName: , addr: {port=130, model=0x40446dccee101c}, mThermalBrightnessThrottlingMapId: null, mRefreshRateZoneId: null, mLeadDisplayId: -1, mLeadDisplayAddress: null, mThermalRefreshRateThrottlingMapId: null, mPowerThrottlingMapId: null}], Previous layout: [{dispId: 0(ON), displayGroupName: , addr: {port=130, model=0x40446dccee101c}, mThermalBrightnessThrottlingMapId: null, mRefreshRateZoneId: null, mLeadDisplayId: -1, mLeadDisplayAddress: null, mThermalRefreshRateThrottlingMapId: null, mPowerThrottlingMapId: null}]
03-09 21:45:55.622  3163  4285 I InputReader: Reconfiguring input devices, changes=DISPLAY_INFO
03-09 21:45:55.622  3163  4285 I InputReader: Disabling zinitix_mt (device 6) because the associated viewport is not active
03-09 21:45:55.622  3163  4285 I InputReader: Device reconfigured: id=6, name='zinitix_mt', size 194x368, orientation Rotation0, mode DISABLED, display id 1
03-09 21:45:55.622  2067  2175 D AHAL: AudioDevice: SetParameters: 1564: enter: screen_state=on
03-09 21:45:55.622  2067  2175 D AHAL: AudioVoice: VoiceSetParameters: 87: Enter params: screen_state=on
03-09 21:45:55.622  2067  2175 D AHAL: AudioVoice: VoiceSetParameters: 360: Exit ret: 0
03-09 21:45:55.622  2067  2175 D AHAL: FM: fm_set_parameters: 262: Enter
03-09 21:45:55.622  2067  2175 D AHAL: FM: fm_set_parameters: 320: exit
03-09 21:45:55.622  2067  2175 D AHAL: AudioDevice: SetParameters: 1625:  - screen = on
03-09 21:45:55.622  2067  2175 I PAL: ResourceManager: setParameter: 8311: Screen State:1
03-09 21:45:55.622  2067  2175 D AHAL: AudioDevice: SetParameters: 2361: exit: screen_state=on
03-09 21:45:55.626  7545  7545 I FileStationLog: [ FS_h$a ] - [Display] Changed display: 1
03-09 21:45:55.629  3163  4279 I CLI/Transition_Device: lid state changed: OPEN -> CLOSED, device state changed to CLOSED_HALL
03-09 21:45:55.634  3163  4279 D CLI/Transition_Lid: update lid state CLOSED
03-09 21:45:55.634 10834 10834 I PkDeviceHelper: PkDeviceHelper.refreshDevices():93 refreshing devices
03-09 21:45:55.638  7545  7545 I FileStationLog: [ FS_h$a ] - [Display] Ignoring change for non-default/desktop display: 1
03-09 21:45:55.639  7545  7545 I FileStationLog: [ FS_h$a ] - [Display] Changed display: 0
03-09 21:45:55.639  7545  7545 I FileStationLog: [ FS_h ] - [Logic] Retrieved display info: LogicDisplayInfo(width=1080, height=2640, orientation=1, rotation=0, displayId=0)
03-09 21:45:55.639  7545  7545 I FileStationLog: [ FS_h$a ] - [Display] New logical size: 1080x2640
03-09 21:45:55.639  7545  7545 I FileStationLog: [ FS_h$a ] - [Display] Screen width unchanged: 1080
03-09 21:45:55.644  5625  5625 D SCliNotifPanelController: onLidClosed
03-09 21:45:55.645  5625  5625 V SmallCli_WindowController: state=SmallCli window State {
03-09 21:45:55.645  5625  5625 V SmallCli_WindowController:   mBrightnessVisible: false
03-09 21:45:55.645  5625  5625 V SmallCli_WindowController:   mDynamicPanelVisible: false
03-09 21:45:55.645  5625  5625 V SmallCli_WindowController:   mFlashLightPrompt: false
03-09 21:45:55.645  5625  5625 V SmallCli_WindowController:   mHeadsUpPanelVisible: false
03-09 21:45:55.645  5625  5625 V SmallCli_WindowController:   mKeyguardOccluded: false
03-09 21:45:55.645  5625  5625 V SmallCli_WindowController:   mLidOpen: false
03-09 21:45:55.645  5625  5625 V SmallCli_WindowController:   mNotificationVisible: false
03-09 21:45:55.645  5625  5625 V SmallCli_WindowController:   mPowerMenuVisible: false
03-09 21:45:55.645  5625  5625 V SmallCli_WindowController:   mQsVisible: false
03-09 21:45:55.645  5625  5625 V SmallCli_WindowController:   mVolumeVisible: false
03-09 21:45:55.645  5625  5625 V SmallCli_WindowController: }
03-09 21:45:55.647  5625  5669 I DisplayController: CLI display config changed. dpi:280, fontScale:1.0
03-09 21:45:55.647  5625  5669 V ShellDragAndDrop: Display changed: 1
03-09 21:45:55.650  2067  2175 D AHAL: AudioDevice: SetParameters: 1564: enter: cli_state=close
03-09 21:45:55.650  2067  2175 D AHAL: AudioVoice: VoiceSetParameters: 87: Enter params: cli_state=close
03-09 21:45:55.650  2067  2175 D AHAL: AudioVoice: VoiceSetParameters: 360: Exit ret: 0
03-09 21:45:55.650  2067  2175 D AHAL: FM: fm_set_parameters: 262: Enter
03-09 21:45:55.650  2067  2175 D AHAL: FM: fm_set_parameters: 320: exit
03-09 21:45:55.651  2067  2175 D AHAL: AudioDevice: SetParameters: 2361: exit: cli_state=close
03-09 21:45:55.653  3163  4279 I PowerGroup: Sleeping power group (groupId=0, uid=1000, reason=lid_switch)...
03-09 21:45:55.653  3163  4279 I PowerManagerService: Sleeping (uid 1000)...
03-09 21:45:55.656  3163  4279 D PowerManagerService: nativeReleaseSuspendBlocker name:PowerManagerService.WakeLocks duration ms: 1
03-09 21:45:55.656  3163  4279 D CLI/Transition_Lid: Doze cli display for lid close
03-09 21:45:55.656  3163  4279 I PowerManagerService: Dozing display group (groupId=1, now=24045644)...
03-09 21:45:55.656  2723 16663 I CameraService: Previous DeviceState : 0 New DeviceState : 4
03-09 21:45:55.656  3163  4279 I PowerManagerService: Going to sleep due to application (uid 1000, screenOffTimeout=1800000, activityTimeoutWM=-1, maxDimRatio=0.20000005, maxDimDur=7000)...
03-09 21:45:55.657 10834 10834 I GoogleInputMethodService: GoogleInputMethodService.onFinishInput():2097 
03-09 21:45:55.657  3163  3352 I DisplayPowerController2[0]: 03-09 21:45:55.657 - BrightnessEvent: disp=0, physDisp=local:4630947043778501762, displayState=ON, displayPolicy=OFF, brt=0.21046811, initBrt=0.21046811, rcmdBrt=0.21046811, preBrt=0.09684515, lux=10.125, preLux=1.86, brtNits=32.82399, hdrNits=NaN, initNits=32.82399, preNits=9.305697, rcmdNits=32.82399, hdrBrightness=NaN, brt(%)=25%, brtInt=54, hbmPolicy=normal, hbmMax=0.85440856, hbmMode=off, rbcStrength=50, thrmMax=1.0, powerFactor=1.0, wasShortTermModelActive=false, flags=, reason=automatic, autoBrightness=true, strategy=InvalidBrightnessStrategy, autoBrightnessMode=default
03-09 21:45:55.658  3163  3352 I DisplayPowerController2[0]: Blocking screen off
03-09 21:45:55.658  3163  3352 I WindowManager: Display 0 turning off...
03-09 21:45:55.658  3163  3352 I DisplayPowerController2[0]: Unblocked screen off after 0 ms
03-09 21:45:55.658 10834 10834 I Module  : DeviceLockedStatusModuleProvider$Module.updateDeviceLockedStatus():103 repeatCheckTimes = 0, locked = false
03-09 21:45:55.658  7314  7314 D GameMode: mCLIStatusReceiver: 0
03-09 21:45:55.659  3163  3352 I WindowManager: Display0 turned off...
03-09 21:45:55.659  2186  2186 I CamxPrvdr@2.7-legacy: notifyDeviceStateChange: New device state: 0x4
03-09 21:45:55.659  2186  2186 I CamxComm1.0-CamModule: notifyDeviceStateChange: calling notify_device_state_change with state 4
03-09 21:45:55.659  2186  2186 D CamX    : [DEBUG][HAL    ] camxhal3module.cpp:411 NotifyDeviceStateChange() New Device State: 4
03-09 21:45:55.664  2064  2064 I sensors-hal: batch:206, com.motorola.sensor.stowed/65568, period=200000000, max_latency=0
03-09 21:45:55.664  3163  3163 I WindowManager: Started going to sleep... (groupId=0 why=OFF_BECAUSE_OF_USER) notifySleepToKeyguard=true lidState=0 pmSleepReason=lid_switch
03-09 21:45:55.665  2064  2064 I sensors-hal: set_config:61, no need to adjust sample_period_ns due to reporting_mode = 2
03-09 21:45:55.665  2064  2064 I sensors-hal: batch:215, com.motorola.sensor.stowed/65568, period=200000000, max_latency=0 request completed
03-09 21:45:55.669  3163  3227 D TouchHwAidlService: onTapToWakeSettingsChanged isAmbientDisplayAvailable=1 aodEnable=true singleTapEnable=true doubleTapEnable=true lidState=0 callers=com.motorola.server.display.TouchHwAidlService.-$$Nest$monTapToWakeSettingsChanged:0 com.motorola.server.display.TouchHwAidlService$4.onChange:573 android.database.ContentObserver.onChange:184 
03-09 21:45:55.670  3163  3227 D TouchHwAidlService: enableTapWake mode=33 displayId=0 mGestureStowMode=true
03-09 21:45:55.671  3163  3227 D TouchHwAidlService: transfer mode=33 transMode=32 cli=false
03-09 21:45:55.673  2106  2106 I motorola.hardware.display.touch-service: Setting Gesture to 32
03-09 21:45:55.673  3163  3231 D PanelsService: onAwakeStateChanged.. isAwake=false
03-09 21:45:55.674  3163  3231 D TouchHwAidlService: onAwakeStateChanged.. isAwake=false
03-09 21:45:55.674  5625  5928 D KeyguardTransitionRepository: (Internal) Setting current transition info: TransitionInfo(ownerName=FromGoneTransitionInteractor(Sleep transition triggered), from=GONE, to=DOZING, animated)
03-09 21:45:55.675  3163  3352 D ActivityTaskManager: Top Process State changed to PROCESS_STATE_TOP_SLEEPING
03-09 21:45:55.676  3163  3231 D TouchHwAidlService: Register stow sensor:true
03-09 21:45:55.677  3163  3227 D TouchHwAidlService: setGestureModeHal done mode=33 newMode=32 result=0
03-09 21:45:55.677  3163  3227 D TouchHwAidlService: enableTapWake mode=33 displayId=1 mGestureStowMode=true
03-09 21:45:55.677  2106  2106 I motorola.hardware.display.touch-service: Setting CLI Gesture to 33
03-09 21:45:55.678  3163  3352 D PowerManagerService: nativeAcquireSuspendBlocker name:PowerManagerService.WakeLocks duration ms: 3
03-09 21:45:55.678  3163  3352 D ActivityTrigger: ActivityTrigger activityPauseTrigger 
03-09 21:45:55.679  2214  2254 W ANDR-PERF-LM: MetaMeter: handleSecondaryAsync() 151: ProComp MetaMeterThread start(). No MeterMgr Available to handle this Secondary/Data Async. !!!! 
03-09 21:45:55.679  3163  3227 D TouchHwAidlService: setCliGestureModeHal done mode=33 newMode=33 result=0
03-09 21:45:55.680  3163  3227 D TouchHwAidlService: enableTapWake mode=49 displayId=-1 mGestureStowMode=true
03-09 21:45:55.683  5625  5625 V TrustManager: clearAllBiometricRecognized unlockedUser=-10000 source=FINGERPRINT callers=com.android.keyguard.KeyguardUpdateMonitor.clearFingerprintRecognized:16 com.android.keyguard.KeyguardUpdateMonitor$14.handleMessage:941 android.os.Handler.dispatchMessage:112 android.os.Looper.loopOnce:268 android.os.Looper.loop:384 
03-09 21:45:55.684  3163  3227 D TouchHwAidlService: transfer mode=49 transMode=48 cli=false
03-09 21:45:55.684  3163  4279 E WindowManager: Display reconfigured outside of a transition: Display{#0 state=ON size=1080x2640 ROTATION_0}
03-09 21:45:55.684  2106  2106 I motorola.hardware.display.touch-service: Setting Gesture to 48
03-09 21:45:55.685  3163  3227 D TouchHwAidlService: setGestureModeHal done mode=49 newMode=48 result=0
03-09 21:45:55.685  2106  2106 I motorola.hardware.display.touch-service: Setting CLI Gesture to 49
03-09 21:45:55.685  3163  4279 D CLI/Rotation: Set volume keyswap sysprop for rotation 0 lidState CLOSED
03-09 21:45:55.686  3163  3227 D TouchHwAidlService: setCliGestureModeHal done mode=49 newMode=49 result=0
03-09 21:45:55.686  5625  5625 D KeyguardViewMediator: KeyguardViewMediator queue processing message: NOTIFY_STARTED_GOING_TO_SLEEP
03-09 21:45:55.692  5625  5625 I KeyguardTransitionRepository: STARTED transition: TransitionStep(from=GONE, to=DOZING, value=0.0, transitionState=STARTED, ownerName=FromGoneTransitionInteractor(Sleep transition triggered))
03-09 21:45:55.694  2926  2926 D fpc_hidl: lid-state=0
03-09 21:45:55.694  3163  4279 D MotoFingerprint: resultCode : 0
03-09 21:45:55.694  5625  5625 D CentralSurfaces: !shouldBeKeyguard mStatusBarStateController.isKeyguardRequested() false keyguardForDozing false wakeAndUnlocking false isWakingAndOccluded false
03-09 21:45:55.694  5625  5625 D CentralSurfaces: hideKeyguardImpl false
03-09 21:45:55.696  3163  3352 I DisplayBrightnessStrategySelector: Changing the DisplayBrightnessStrategy from InvalidBrightnessStrategy to ScreenOffBrightnessStrategy for display 0
03-09 21:45:55.696  5625  5625 I vol.VolumeDialogImpl: mDialog.dismiss() reason: volume_controller from: com.android.systemui.volume.VolumeDialogImpl$10.onDismissRequested:3 displayId: 0 mShowing: false mIsAnimatingDismiss: true
03-09 21:45:55.696  5625  5625 D vol.VolumeDialogImpl: dismissH: skipping dismiss because isAnimatingDismiss is true and showingStateInconsistent is false
03-09 21:45:55.697  2064  2064 I sensors-hal: batch:206, android.sensor.light/51, period=200000000, max_latency=0
03-09 21:45:55.697  2064  2064 I sensors-hal: set_config:61, no need to adjust sample_period_ns due to reporting_mode = 2
03-09 21:45:55.697  2064  2064 I sensors-hal: batch:215, android.sensor.light/51, period=200000000, max_latency=0 request completed
03-09 21:45:55.702  3065  3276 E Thermal-Lib: Thermal-Lib-Client:do_listen: recv failed
03-09 21:45:55.702  3084  3373 E Thermal-Lib: Thermal-Lib-Client:do_listen: recv failed
03-09 21:45:55.703  3065  3276 E Thermal-Lib: Thermal-Lib-Client:do_listen: recv failed
03-09 21:45:55.703  3084  3373 E Thermal-Lib: Thermal-Lib-Client:do_listen: recv failed
03-09 21:45:55.704  2064  2064 I sensors-hal: batch:206, android.sensor.device_orientation/271, period=66667000, max_latency=0
03-09 21:45:55.704  2064  2064 I sensors-hal: set_config:61, no need to adjust sample_period_ns due to reporting_mode = 2
03-09 21:45:55.704  2064  2064 I sensors-hal: batch:215, android.sensor.device_orientation/271, period=66667000, max_latency=0 request completed
03-09 21:45:55.705  2061  2108 E minksocket: MinkIPC_QRTR_Service: client with node 1 port 6d26 went down
03-09 21:45:55.705  2061  2108 E minksocket: MinkIPC_QRTR_Service: client with node 1 port 6d20 went down
03-09 21:45:55.705  2061  2108 E minksocket: MinkIPC_QRTR_Service: client with node 1 port 6d11 went down
03-09 21:45:55.705  2061  2108 E minksocket: MinkIPC_QRTR_Service: client with node 1 port 6d23 went down
03-09 21:45:55.711  2064  2064 I sensors-hal: activate:173, com.motorola.sensor.alternate_light/65959 en=0
03-09 21:45:55.711  3163  3163 D TrustManagerService: refreshDeviceLockedForUser(userId=-1, unlockedUser=-10000), secure=false, showingKeyguard=false, trusted=false, biometricAuthenticated=false, currentUserIsUnlocked=false, deviceLocked=false
03-09 21:45:55.714  6942  6983 D ForegroundUtils: Foreground UID status: 10240, true; 10246, false; 10292, true; 10363, false; 10394, true; 10404, true; 10408, true; 10416, false; 10606, false; 10618, false; 
03-09 21:45:55.715  2064  2064 I sensors-hal: activate:184, com.motorola.sensor.alternate_light/65959 en=0 completed
03-09 21:45:55.715  2061  2108 E minksocket: MinkIPC_QRTR_Service: client with node 1 port 6d30 went down
03-09 21:45:55.721  3163  3352 V DisplayPowerController2[0]: Brightness [0.0] reason changing to: 'screen_off', previous reason: 'automatic'.
03-09 21:45:55.721  3163  3352 I DisplayPowerController2[0]: 03-09 21:45:55.721 - BrightnessEvent: disp=0, physDisp=local:4630947043778501762, displayState=OFF, displayPolicy=OFF, brt=0.0, initBrt=0.21046811, rcmdBrt=NaN, preBrt=NaN, lux=0.0, preLux=0.0, brtNits=3.1465538, hdrNits=NaN, initNits=32.82399, preNits=NaN, rcmdNits=NaN, hdrBrightness=NaN, brt(%)=0%, brtInt=1, hbmPolicy=normal, hbmMax=0.85440856, hbmMode=off, rbcStrength=50, thrmMax=1.0, powerFactor=1.0, wasShortTermModelActive=false, flags=, reason=screen_off, autoBrightness=true, strategy=ScreenOffBrightnessStrategy, autoBrightnessMode=default
03-09 21:45:55.721  3163  5305 D TouchHwAidlService: setDisplayState: mScreenOff=true
03-09 21:45:55.722  3163  3231 I DisplayDeviceRepository: Display device changed state: "Built-in Screen", OFF
03-09 21:45:55.722  3163  5305 D TouchHwAidlService: onTapToWakeSettingsChanged isAmbientDisplayAvailable=1 aodEnable=true singleTapEnable=true doubleTapEnable=true lidState=0 callers=com.motorola.server.display.TouchHwAidlService.setDisplayState:538 com.motorola.server.MotoExtHwService$MotoExtHwManagerInternal.setDisplayState:446 com.android.server.display.LocalDisplayAdapter$LocalDisplayDevice$1.setDisplayState:1080 
03-09 21:45:55.722  3163  5305 D TouchHwAidlService: enableTapWake mode=33 displayId=0 mGestureStowMode=true
03-09 21:45:55.722  3163  5305 D TouchHwAidlService: transfer mode=33 transMode=32 cli=false
03-09 21:45:55.722 25176 25289 I ForwardSyncCache: reclaimMemory: Clearing caches
03-09 21:45:55.722  2106  2106 I motorola.hardware.display.touch-service: Setting Gesture to 32
03-09 21:45:55.722  3163  5305 D TouchHwAidlService: setGestureModeHal done mode=33 newMode=32 result=0
03-09 21:45:55.722  3163  5305 D TouchHwAidlService: enableTapWake mode=33 displayId=1 mGestureStowMode=true
03-09 21:45:55.723  2106  2106 I motorola.hardware.display.touch-service: Setting CLI Gesture to 33
03-09 21:45:55.723  3163  3231 I InputManager-JNI: Viewport [0] to add: local:4630947043778501762, isActive: false
03-09 21:45:55.723  3163  5305 D TouchHwAidlService: setCliGestureModeHal done mode=33 newMode=33 result=0
03-09 21:45:55.723  3163  3231 I InputManager-JNI: Viewport [1] to add: local:4630947043778501763, isActive: false
03-09 21:45:55.723  3163  5305 D TouchHwAidlService: enableTapWake mode=49 displayId=-1 mGestureStowMode=true
03-09 21:45:55.723  3163  5305 D TouchHwAidlService: transfer mode=49 transMode=48 cli=false
03-09 21:45:55.723  2106  2106 I motorola.hardware.display.touch-service: Setting Gesture to 48
03-09 21:45:55.723  3163  5305 D TouchHwAidlService: setGestureModeHal done mode=49 newMode=48 result=0
03-09 21:45:55.723  2106  2106 I motorola.hardware.display.touch-service: Setting CLI Gesture to 49
03-09 21:45:55.724  3163  5305 D TouchHwAidlService: setCliGestureModeHal done mode=49 newMode=49 result=0
03-09 21:45:55.724  3163  3227 D TouchHwAidlService: updateDefaultDisplayState: mScreenOn=false
03-09 21:45:55.724  3163  3229 D CLI/Transition: displaygroup 0, state OFF, pendingdisplaygroup -1
03-09 21:45:55.725  3163  3231 D DisplayManagerService: Ignore redundant display event 0/2 to 10416/12048
03-09 21:45:55.725  3163  3229 W SurfaceControl: Invalid layer stack -1
03-09 21:45:55.725  3163  4285 I InputReader: Reconfiguring input devices, changes=DISPLAY_INFO
03-09 21:45:55.725  3163  3229 I DisplayDevice: [0] Layerstack set to -1 for local:4630947043778501762 mDisplayToken=android.os.BinderProxy@d90d011 t=Transaction{mNativeObject=-5476376673043675440, mHashCode=0}
03-09 21:45:55.725  3163  4285 I InputReader: Disabling goodix_ts (device 7) because the associated viewport is not active
03-09 21:45:55.725  3163  4285 I InputReader: Device reconfigured: id=7, name='goodix_ts', size 17281x42241, orientation Rotation0, mode DISABLED, display id 0
03-09 21:45:55.725  3163  5305 W ServiceManagerCppClient: Failed to get isDeclared for com.motorola.hardware.display.panel.IDisplayPanel/default: Status(-1, EX_SECURITY): 'SELinux denied.'
03-09 21:45:55.725  3163  5305 D DisplayPanelService: Setting panel dc mode: 0
03-09 21:45:55.725  2090  2090 I DisplayPanel: setDcMode: DC mode = OFF
03-09 21:45:55.726  2067  2175 D AHAL: AudioDevice: SetParameters: 1564: enter: screen_state=off
03-09 21:45:55.726  2067  2175 D AHAL: AudioVoice: VoiceSetParameters: 87: Enter params: screen_state=off
03-09 21:45:55.726  3163  3231 D PanelsService: updateDefaultDisplayState: mScreenState=OFF
03-09 21:45:55.726  2067  2175 D AHAL: AudioVoice: VoiceSetParameters: 360: Exit ret: 0
03-09 21:45:55.726  2067  2175 D AHAL: FM: fm_set_parameters: 262: Enter
03-09 21:45:55.726  2067  2175 D AHAL: FM: fm_set_parameters: 320: exit
03-09 21:45:55.726  2067  2175 D AHAL: AudioDevice: SetParameters: 1628:  - screen = off
03-09 21:45:55.726  2067  2175 I PAL: ResourceManager: setParameter: 8311: Screen State:0
03-09 21:45:55.726  2067  2175 D AHAL: AudioDevice: SetParameters: 2361: exit: screen_state=off
03-09 21:45:55.726  2090  2090 D DisplayPanel: setParam: Success set DC to 0 for Primary display
03-09 21:45:55.726 25176 25289 W Bugle   : TextClassifierLibManagerImpl: Reclaiming memory at level: 40
03-09 21:45:55.727  3163  5305 D LocalDisplayAdapter: setDisplayPowerMode mode=0 for display=android.os.BinderProxy@d90d011
03-09 21:45:55.728 26976 27604 D MCLOG   : [BrightnessTrigger] onDisplayChanged displayId = 0
03-09 21:45:55.728  3163  3231 W ServiceManagerCppClient: Failed to get isDeclared for com.motorola.hardware.display.panel.IDisplayPanel/default: Status(-1, EX_SECURITY): 'SELinux denied.'
03-09 21:45:55.728  3163  3231 D DisplayPanelService: Setting panel dc mode: 0
03-09 21:45:55.728  2090  2090 I DisplayPanel: setDcMode: DC mode = OFF
03-09 21:45:55.728  2300  2300 D SurfaceFlinger: Setting power mode 0 on display 4630947043778501762
03-09 21:45:55.728  2090  2090 D DisplayPanel: setParam: Success set DC to 0 for Primary display
03-09 21:45:55.730  5993  5993 I NearbyDiscovery: (REDACTED) FastPairDisplayObserver: %s -> %s
03-09 21:45:55.730  3163  7414 W InputManager-JNI: Input channel object '[Gesture Monitor] moto_actions_input_channel (client)' was disposed without first being removed with the input manager!
03-09 21:45:55.730 26976 27604 D MCLOG   : [BrightnessManager] displayId = 0 brightness = 0.21046811 nit = 32.82399 level = br1
03-09 21:45:55.731  5658  6105 I bt_shim_scanner: system/main/shim/le_scanning_manager.cc:185 Scan: in shim layer stopped
03-09 21:45:55.731  5658  5907 I bluetooth: system/gd/hci/le_address_manager.cc:244 unregister_client: Client unregistered
03-09 21:45:55.731  5658  6105 W BtGatt.JNI: android/app/jni/com_android_bluetooth_gatt.cpp:1597 gattSetScanParametersNative: gattSetScanParametersNative
03-09 21:45:55.731  5658  6105 I bt_shim_scanner: system/main/shim/le_scanning_manager.cc:363 SetScanParameters: in shim layer, scannerId=1
03-09 21:45:55.731  5658  6105 I bt_shim_scanner: system/main/shim/le_scanning_manager.cc:185 Scan: in shim layer started
03-09 21:45:55.731  5658  5907 I bluetooth: system/gd/hci/le_address_manager.cc:248 unregister_client: Cancelled address rotation alarm
03-09 21:45:55.731  5993  8761 I NearbyDiscovery: (REDACTED) PureOffloadFastPairScanner: eventType=%s, isInternalReq=%s, isScanning=%s, isScanningAllowed=%s
03-09 21:45:55.732  2068  2068 D vendor.qti.bluetooth@1.0-ibs_handler: SerialClockVote: vote for UART CLK ON
03-09 21:45:55.732  3163  3352 D BrightnessThermalClamper: Thermal status observer already started
03-09 21:45:55.732  3163  3163 I BrightnessSynchronizer: New Update: {[2368] 0.21046811(f), mUpdatedTypes=0, mConfirmedTypes=0, mTimeUpdated=0, mState=2}
03-09 21:45:55.733  2068  2068 D vendor.qti.bluetooth@1.0-wake_lock: Acquire wakelock is acquired 
03-09 21:45:55.733  2068  2068 I vendor.qti.bluetooth@1.0-ibs_handler: DeviceWakeUp: Writing IBS_WAKE_IND
03-09 21:45:55.733  5993  8761 I NearbyDiscovery: (REDACTED) ApFastPairScanner: isScreenOn=%s, isLocationEnabled=%s, disableLocationRequirement=%s, isDiscoveryScanningEnabled=%s, during24GhzWifiWarmingUpPeriod=%s
03-09 21:45:55.733  5993  8761 D BluetoothAdapter: isLeEnabled(): ON
03-09 21:45:55.733  5993  8761 I NearbyDiscovery: (REDACTED) ApFastPairScanner: eventType=%s, intReq=%s, scanning=%s, scanAllowed=%s, bleEnabled=%s, lockScanRate=%s, startScanningByLowPowerMode=%s
03-09 21:45:55.733  5993  8761 I NearbyDiscovery: (REDACTED) ApFastPairScanner: Stopping scan, %s
03-09 21:45:55.733  5993  8761 D BluetoothAdapter: isLeEnabled(): ON
03-09 21:45:55.734  3163  4285 I InputReader: Disabling zinitix_mt (device 6) because the associated viewport is not active
03-09 21:45:55.738  5658  6105 I bt_shim_scanner: system/main/shim/le_scanning_manager.cc:185 Scan: in shim layer stopped
03-09 21:45:55.738  5658  6105 I bt_shim_scanner: system/main/shim/le_scanning_manager.cc:220 ScanFilterParamSetup: in shim layer, clientIf=1
03-09 21:45:55.738  5658  6105 I bt_shim_scanner: system/main/shim/le_scanning_manager.cc:220 ScanFilterParamSetup: in shim layer, clientIf=1
03-09 21:45:55.739  2068  6060 I vendor.qti.bluetooth@1.0-ibs_handler: ProcessIbsCmd: Received IBS_WAKE_ACK: 0xFC
03-09 21:45:55.739  2068  6060 I vendor.qti.bluetooth@1.0-ibs_handler: ProcessIbsCmd: Signal wack_cond_
03-09 21:45:55.739  2068  2068 D vendor.qti.bluetooth@1.0-ibs_handler: DeviceWakeUp: Unblocked from waiting for FC, pthread_cond_timedwait ret = 0
03-09 21:45:55.739  5658  5907 I bluetooth: system/gd/hci/le_scanning_manager.cc:690 stop_scan: Scanning already stopped, return!
03-09 21:45:55.739  5658  5907 I bluetooth: system/gd/hci/le_address_manager.cc:226 register_client: Scheduled address rotation for first client registered
03-09 21:45:55.739  5658  5907 I bluetooth: system/gd/hci/le_address_manager.cc:229 register_client: Client registered
03-09 21:45:55.739  5658  5907 I bluetooth: system/gd/hci/le_address_manager.cc:244 unregister_client: Client unregistered
03-09 21:45:55.739  5658  5907 I bluetooth: system/gd/hci/le_address_manager.cc:248 unregister_client: Cancelled address rotation alarm
03-09 21:45:55.739  2068  6060 I vendor.qti.bluetooth@1.0-ibs_handler: ProcessIbsCmd: Received IBS_WAKE_IND: 0xFD
03-09 21:45:55.739  2068  6060 I vendor.qti.bluetooth@1.0-ibs_handler: ProcessIbsCmd: Writing IBS_WAKE_ACK
03-09 21:45:55.742  5658  7943 I bt_shim_scanner: system/main/shim/le_scanning_manager.cc:179 Unregister: in shim layer, scannerId=1
03-09 21:45:55.747 15062 15062 I ThermalEngine: Throttling daemon started
03-09 21:45:55.747 15062 15062 E ThermalEngine: config_info path not found: /sys/module/msm_thermal/config_info
03-09 21:45:55.747  5625  5920 D Tile.ScreenshotTile: update state
03-09 21:45:55.748 15062 15062 I ThermalEngine: Using device config file '/vendor/etc/thermal-engine-lynkco-cli.conf'
03-09 21:45:55.755 10834 10834 I PkDeviceHelper: PkDeviceHelper.refreshDevices():93 refreshing devices
03-09 21:45:55.758  5993 10107 I NearbySharing: Screen is locked
03-09 21:45:55.765  7545  7545 I FileStationLog: [ FS_h$a ] - [Display] Changed display: 0
03-09 21:45:55.765  5993 10107 I NearbySharing: Stopping scanning because the screen is locked.
03-09 21:45:55.771  5993 10107 I NearbySharing: Stopping Fast Init advertisement because we're not scanning in the foreground.
03-09 21:45:55.776  5993 10107 I NearbySharing: Stopping advertising because Nearby Sharing is disabled.
03-09 21:45:55.776  5993 10107 I NearbySharing: Stopping FastInitiation scanning because the screen is locked.
03-09 21:45:55.777  5993 10107 I NearbySharing: Fast Initiation Scanning has stopped
03-09 21:45:55.777  5993 10107 I NearbySharing: Dismissing HUN as there's no device nearby.
03-09 21:45:55.794  2068  6060 I vendor.qti.bluetooth@1.0-ibs_handler: ProcessIbsCmd: Received IBS_SLEEP_IND: 0xFE
03-09 21:45:55.805 15062 15062 I ThermalEngine: devices_manager_init: Init
03-09 21:45:55.805 15062 15062 I ThermalEngine: Number of gpus :1
03-09 21:45:55.805 15062 15062 I ThermalEngine: Number of cpus :8
03-09 21:45:55.806  2061  2108 E minksocket: MinkIPC_QRTR_Service: client with node 1 port 6d55 went down
03-09 21:45:55.808  2061  2108 E minksocket: MinkIPC_QRTR_Service: client with node 1 port 6d56 went down
03-09 21:45:55.809 15062 15062 E ThermalEngine: tmd_add_cpufreq_dev_data: Invalid or no boost freqs
03-09 21:45:55.810  2061  2108 E minksocket: MinkIPC_QRTR_Service: client with node 1 port 6d57 went down
03-09 21:45:55.811  3163  5235 E MotoSxfService: ModeUsage or ActivityState is null.
03-09 21:45:55.811  2061  2108 E minksocket: MinkIPC_QRTR_Service: client with node 1 port 6d58 went down
03-09 21:45:55.812  2061  2108 E minksocket: MinkIPC_QRTR_Service: client with node 1 port 6d59 went down
03-09 21:45:55.813  2061  2108 E minksocket: MinkIPC_QRTR_Service: client with node 1 port 6d5b went down
03-09 21:45:55.814  2061  2108 E minksocket: MinkIPC_QRTR_Service: client with node 1 port 6d5c went down
03-09 21:45:55.814 15062 15062 E ThermalEngine: tmd_add_cpufreq_dev_data: Invalid or no boost freqs
03-09 21:45:55.816  2061  2108 E minksocket: MinkIPC_QRTR_Service: client with node 1 port 6d5d went down
03-09 21:45:55.816 15062 15064 E ThermalEngine: verify_tmd_device: Device:cpuv_restriction_cold available. max:1
03-09 21:45:55.816 15062 15064 E ThermalEngine: verify_tmd_device: Device:modem_lte_dsc available. max:255
03-09 21:45:55.817 15062 15064 E ThermalEngine: verify_tmd_device: Device:modem_lte_sub1_dsc available. max:255
03-09 21:45:55.817 15062 15062 E ThermalEngine: tmd_add_cpufreq_dev_data: Invalid or no boost freqs
03-09 21:45:55.818  2061  2108 E minksocket: MinkIPC_QRTR_Service: client with node 1 port 6d5e went down
03-09 21:45:55.819 15062 15064 E ThermalEngine: verify_tmd_device: Device:modem_nr_dsc available. max:255
03-09 21:45:55.819 15062 15064 E ThermalEngine: verify_tmd_device: Device:modem_nr_sub1_dsc available. max:255
03-09 21:45:55.819 15062 15064 E ThermalEngine: verify_tmd_device: Device:modem_nr_scg_dsc available. max:255
03-09 21:45:55.821 15062 15064 E ThermalEngine: verify_tmd_device: Device:modem_nr_scg_sub1_dsc available. max:255
03-09 21:45:55.821 15062 15064 E ThermalEngine: verify_tmd_device: Device:sdr0_lte_dsc available. max:255
03-09 21:45:55.822 15062 15064 E ThermalEngine: verify_tmd_device: Device:sdr1_lte_dsc available. max:255
03-09 21:45:55.823 15062 15064 E ThermalEngine: verify_tmd_device: Device:sdr0_nr_dsc available. max:255
03-09 21:45:55.824 15062 15064 E ThermalEngine: verify_tmd_device: Device:sdr1_nr_dsc available. max:255
03-09 21:45:55.824  2061  2108 E minksocket: MinkIPC_QRTR_Service: client with node 1 port 6d5f went down
03-09 21:45:55.824 15062 15064 E ThermalEngine: verify_tmd_device: Device:pa_lte_sdr0_dsc available. max:255
03-09 21:45:55.826 15062 15064 E ThermalEngine: verify_tmd_device: Device:pa_lte_sdr1_dsc available. max:255
03-09 21:45:55.826 15062 15064 E ThermalEngine: verify_tmd_device: Device:pa_lte_sdr0_sub1_dsc available. max:255
03-09 21:45:55.826  2061  2108 E minksocket: MinkIPC_QRTR_Service: client with node 1 port 6d60 went down
03-09 21:45:55.826 15062 15064 E ThermalEngine: verify_tmd_device: Device:pa_lte_sdr1_sub1_dsc available. max:255
03-09 21:45:55.828 15062 15062 E ThermalEngine: devices_manager_reg_clnt: Invalid dev cdsp_sw.
03-09 21:45:55.828 15062 15064 E ThermalEngine: verify_tmd_device: Device:pa_nr_sdr0_dsc available. max:255
03-09 21:45:55.828 15062 15064 E ThermalEngine: verify_tmd_device: Device:pa_nr_sdr1_dsc available. max:255
03-09 21:45:55.828  2061  2108 E minksocket: MinkIPC_QRTR_Service: client with node 1 port 6d61 went down
03-09 21:45:55.829 15062 15064 E ThermalEngine: verify_tmd_device: Device:pa_nr_sdr0_sub1_dsc available. max:255
03-09 21:45:55.830  2061  2108 E minksocket: MinkIPC_QRTR_Service: client with node 1 port 6d62 went down
03-09 21:45:55.831 15062 15064 E ThermalEngine: verify_tmd_device: Device:pa_nr_sdr1_sub1_dsc available. max:255
03-09 21:45:55.831 15062 15064 E ThermalEngine: verify_tmd_device: Device:pa_nr_sdr0_scg_dsc available. max:255
03-09 21:45:55.826 15062 15062 W thermal-engine-: type=1400 audit(0.0:269074): avc:  denied  { read } for  scontext=u:r:vendor_thermal-engine:s0 tcontext=u:r:init:s0 tclass=file permissive=0
03-09 21:45:55.826 15062 15062 W thermal-engine-: type=1400 audit(0.0:269075): avc:  denied  { read } for  scontext=u:r:vendor_thermal-engine:s0 tcontext=u:r:kernel:s0 tclass=file permissive=0
03-09 21:45:55.826 15062 15062 W thermal-engine-: type=1400 audit(0.0:269076): avc:  denied  { read } for  scontext=u:r:vendor_thermal-engine:s0 tcontext=u:r:kernel:s0 tclass=file permissive=0
03-09 21:45:55.831 15062 15064 E ThermalEngine: verify_tmd_device: Device:pa_nr_sdr1_scg_dsc available. max:255
03-09 21:45:55.832  2061  2108 E minksocket: MinkIPC_QRTR_Service: client with node 1 port 6d63 went down
03-09 21:45:55.833 15062 15064 E ThermalEngine: verify_tmd_device: Device:mmw0_dsc available. max:255
03-09 21:45:55.833 15062 15064 E ThermalEngine: verify_tmd_device: Device:mmw0_sub1_dsc available. max:255
03-09 21:45:55.826 15062 15062 W thermal-engine-: type=1400 audit(0.0:269077): avc:  denied  { read } for  scontext=u:r:vendor_thermal-engine:s0 tcontext=u:r:kernel:s0 tclass=file permissive=0
03-09 21:45:55.826 15062 15062 W thermal-engine-: type=1400 audit(0.0:269078): avc:  denied  { read } for  scontext=u:r:vendor_thermal-engine:s0 tcontext=u:r:kernel:s0 tclass=file permissive=0
03-09 21:45:55.826 15062 15062 W thermal-engine-: type=1400 audit(0.0:269079): avc:  denied  { read } for  scontext=u:r:vendor_thermal-engine:s0 tcontext=u:r:kernel:s0 tclass=file permissive=0
03-09 21:45:55.826 15062 15062 W thermal-engine-: type=1400 audit(0.0:269080): avc:  denied  { read } for  scontext=u:r:vendor_thermal-engine:s0 tcontext=u:r:kernel:s0 tclass=file permissive=0
03-09 21:45:55.834 15062 15064 E ThermalEngine: verify_tmd_device: Device:mmw1_dsc available. max:255
03-09 21:45:55.834  2061  2108 E minksocket: MinkIPC_QRTR_Service: client with node 1 port 6d64 went down
03-09 21:45:55.835 15062 15064 E ThermalEngine: verify_tmd_device: Device:mmw1_sub1_dsc available. max:255
03-09 21:45:55.836 15062 15064 E ThermalEngine: verify_tmd_device: Device:mmw2_dsc available. max:255
03-09 21:45:55.837  7545  7545 I FileStationLog: [ FS_h ] - [Logic] Retrieved display info: LogicDisplayInfo(width=1080, height=2640, orientation=1, rotation=0, displayId=0)
03-09 21:45:55.838 15062 15064 E ThermalEngine: verify_tmd_device: Device:mmw2_sub1_dsc available. max:255
03-09 21:45:55.838  2061  2108 E minksocket: MinkIPC_QRTR_Service: client with node 1 port 6d65 went down
03-09 21:45:55.838 15062 15064 E ThermalEngine: verify_tmd_device: Device:mmw3_dsc available. max:255
03-09 21:45:55.838 15062 15064 E ThermalEngine: verify_tmd_device: Device:mmw3_sub1_dsc available. max:255
03-09 21:45:55.840  2061  2108 E minksocket: MinkIPC_QRTR_Service: client with node 1 port 6d66 went down
03-09 21:45:55.840 15062 15064 E ThermalEngine: verify_tmd_device: Device:mmw_ific_dsc available. max:255
03-09 21:45:55.840 15062 15067 E ThermalEngine: verify_tmd_device: Device:cpuv_restriction_cold available. max:1
03-09 21:45:55.840 15062 15067 E ThermalEngine: devices_manager_add_dev: Device:cpuv_restriction_cold already exists
03-09 21:45:55.840 15062 15064 E ThermalEngine: verify_tmd_device: Device:mmw_ific_sub1_dsc available. max:255
03-09 21:45:55.840 15062 15064 E ThermalEngine: verify_tmd_device: Device:wlan available. max:4
03-09 21:45:55.841 15062 15067 E ThermalEngine: verify_tmd_device: Device:cdsp_hw available. max:1
03-09 21:45:55.841  2061  2108 E minksocket: MinkIPC_QRTR_Service: client with node 1 port 6d68 went down
03-09 21:45:55.841 15062 15067 E ThermalEngine: verify_tmd_device: Device:cdsp_sw available. max:6
03-09 21:45:55.841 15062 15066 E ThermalEngine: verify_tmd_device: Device:cpuv_restriction_cold available. max:1
