03-10 01:33:40.897  3163  4129 W PackageManager: Missing required system package: com.tacobell.ordering, but found with extended search.
03-10 01:33:40.897  3163  4129 W PackageManager: Missing required system package: com.sygic.aura, but found with extended search.
03-10 01:33:40.897  3163  4129 W PackageManager: Missing required system package: com.subway.mobile.subwayapp03, but found with extended search.
03-10 01:33:40.897  3163  4129 W PackageManager: Missing required system package: com.substack.app, but found with extended search.
03-10 01:33:40.897  3163  4129 W PackageManager: Missing required system package: com.step.step, but found with extended search.
03-10 01:33:40.897  3163  4129 W PackageManager: Missing required system package: com.stash.stashinvest, but found with extended search.
03-10 01:33:40.897  3163  4129 W PackageManager: Missing required system package: com.staplesconnect.app.twa, but found with extended search.
03-10 01:33:40.897  3163  4129 W PackageManager: Missing required system package: com.spothero.spothero, but found with extended search.
03-10 01:33:40.897  3163  4129 W PackageManager: Missing required system package: com.sportsdirect.sdusapp, but found with extended search.
03-10 01:33:40.897  3163  4129 W PackageManager: Missing required system package: com.sofi.mobile, but found with extended search.
03-10 01:33:40.898  3163  4129 W PackageManager: Missing required system package: com.shell.sitibv.motorist.america, but found with extended search.
03-10 01:33:40.898  3163  4129 W PackageManager: Missing required system package: com.shakeshack.android, but found with extended search.
03-10 01:33:40.898  3163  4129 W PackageManager: Missing required system package: com.sephora, but found with extended search.
03-10 01:33:40.898  3163  4129 W PackageManager: Missing required system package: com.romwe, but found with extended search.
03-10 01:33:40.898  3163  4129 W PackageManager: Missing required system package: com.rome2rio.www.rome2rio, but found with extended search.
03-10 01:33:40.898  3163  4129 W PackageManager: Missing required system package: com.robinhood.android, but found with extended search.
03-10 01:33:40.898  3163  4129 W PackageManager: Missing required system package: com.ring.neighborhoods, but found with extended search.
03-10 01:33:40.898  3163  4129 W PackageManager: Missing required system package: com.revolut.revolut, but found with extended search.
03-10 01:33:40.898  3163  4129 W PackageManager: Missing required system package: com.reddit.frontpage, but found with extended search.
03-10 01:33:40.898  3163  4129 W PackageManager: Missing required system package: com.recime.app, but found with extended search.
03-10 01:33:40.898  3163  4129 W PackageManager: Missing required system package: com.realbyteapps.moneymanagerfree, but found with extended search.
03-10 01:33:40.898  3163  4129 W PackageManager: Missing required system package: com.rarewire.forever21, but found with extended search.
03-10 01:33:40.898  3163  4129 W PackageManager: Missing required system package: com.q2e.firsttradeunionbank3351.mobile.production, but found with extended search.
03-10 01:33:40.898  3163  4129 W PackageManager: Missing required system package: com.poshmark.app, but found with extended search.
03-10 01:33:40.898  3163  4129 W PackageManager: Missing required system package: com.poqstudio.app.platform.boohoo, but found with extended search.
03-10 01:33:40.899  3163  4129 W PackageManager: Missing required system package: com.podcast.podcasts, but found with extended search.
03-10 01:33:40.899  3163  4129 W PackageManager: Missing required system package: com.phonepe.app, but found with extended search.
03-10 01:33:40.899  3163  4129 W PackageManager: Missing required system package: com.personalcapital.pcapandroid, but found with extended search.
03-10 01:33:40.899  3163  4129 W PackageManager: Missing required system package: com.peacocktv.peacockandroid, but found with extended search.
03-10 01:33:40.899  3163  4129 W PackageManager: Missing required system package: com.payoneer.android, but found with extended search.
03-10 01:33:40.899  3163  4129 W PackageManager: Missing required system package: com.particlenews.newsbreak, but found with extended search.
03-10 01:33:40.899  3163  4129 W PackageManager: Missing required system package: com.parkwhiz.driverApp, but found with extended search.
03-10 01:33:40.899  3163  4129 W PackageManager: Missing required system package: com.opentable, but found with extended search.
03-10 01:33:40.899  3163  4129 W PackageManager: Missing required system package: com.openai.chatgpt, but found with extended search.
03-10 01:33:40.900  3163  4129 W PackageManager: Missing required system package: com.onedebit.chime, but found with extended search.
03-10 01:33:40.900  3163  4129 W PackageManager: Missing required system package: com.olo.dairyqueen.production, but found with extended search.
03-10 01:33:40.900  3163  4129 W PackageManager: Missing required system package: com.nike.omega, but found with extended search.
03-10 01:33:40.900  3163  4129 W PackageManager: Missing required system package: com.newsbreak.crimeradar, but found with extended search.
03-10 01:33:40.900  3163  4129 W PackageManager: Missing required system package: com.newleaf.app.android.victor, but found with extended search.
03-10 01:33:40.900  3163  4129 W PackageManager: Missing required system package: com.newegg.app, but found with extended search.
03-10 01:33:40.900  3163  4129 W PackageManager: Missing required system package: com.myklarnamobile, but found with extended search.
03-10 01:33:40.900  3163  4129 W PackageManager: Missing required system package: com.mta.mobileapp, but found with extended search.
03-10 01:33:40.900  3163  4129 W PackageManager: Missing required system package: com.moneylion, but found with extended search.
03-10 01:33:40.900  3163  4129 W PackageManager: Missing required system package: com.mobilecreditcards, but found with extended search.
03-10 01:33:40.900  3163  4129 W PackageManager: Missing required system package: com.mobilaurus.wingstopandroid, but found with extended search.
03-10 01:33:40.900  3163  4129 W PackageManager: Missing required system package: com.microsoft.copilot, but found with extended search.
03-10 01:33:40.900  3163  4129 W PackageManager: Missing required system package: com.meesho.supply, but found with extended search.
03-10 01:33:40.900  3163  4129 W PackageManager: Missing required system package: com.mcdonalds.app, but found with extended search.
03-10 01:33:40.900  3163  4129 W PackageManager: Missing required system package: com.maps.radar.navigation.android2023, but found with extended search.
03-10 01:33:40.900  3163  4129 W PackageManager: Missing required system package: com.macys.android, but found with extended search.
03-10 01:33:40.900  3163  4129 W PackageManager: Missing required system package: com.m1finance.android, but found with extended search.
03-10 01:33:40.900  3163  4129 W PackageManager: Missing required system package: com.lowes.android, but found with extended search.
03-10 01:33:40.900  3163  4129 W PackageManager: Missing required system package: com.littlecaesars, but found with extended search.
03-10 01:33:40.900  3163  4129 W PackageManager: Missing required system package: com.linkedin.android, but found with extended search.
03-10 01:33:40.900  3163  4129 W PackageManager: Missing required system package: com.lemon.lvoverseas, but found with extended search.
03-10 01:33:40.900  3163  4129 W PackageManager: Missing required system package: com.kohls.mcommerce.opal, but found with extended search.
03-10 01:33:40.900  3163  4129 W PackageManager: Missing required system package: com.kinpos.wallytech, but found with extended search.
03-10 01:33:40.900  3163  4129 W PackageManager: Missing required system package: com.kfc.us.mobile, but found with extended search.
03-10 01:33:40.900  3163  4129 W PackageManager: Missing required system package: com.joom, but found with extended search.
03-10 01:33:40.900  3163  4129 W PackageManager: Missing required system package: com.instagram.barcelona, but found with extended search.
03-10 01:33:40.900  3163  4129 W PackageManager: Missing required system package: com.instagram.android, but found with extended search.
03-10 01:33:40.901  3163  4129 W PackageManager: Missing required system package: com.instacart.client, but found with extended search.
03-10 01:33:40.901  3163  4129 W PackageManager: Missing required system package: com.inmobi.weather, but found with extended search.
03-10 01:33:40.901  3163  4129 W PackageManager: Missing required system package: com.infraware.office.link, but found with extended search.
03-10 01:33:40.901  3163  4129 W PackageManager: Missing required system package: com.inditex.zara, but found with extended search.
03-10 01:33:40.901  3163  4129 W PackageManager: Missing required system package: com.hollar.android, but found with extended search.
03-10 01:33:40.901  3163  4129 W PackageManager: Missing required system package: com.hm.goe, but found with extended search.
03-10 01:33:40.901  3163  4129 W PackageManager: Missing required system package: com.guardian, but found with extended search.
03-10 01:33:40.901  3163  4129 W PackageManager: Missing required system package: com.grubhub.android, but found with extended search.
03-10 01:33:40.901  3163  4129 W PackageManager: Missing required system package: com.groupon, but found with extended search.
03-10 01:33:40.901  3163  4129 W PackageManager: Missing required system package: com.google.android.apps.fitness, but found with extended search.
03-10 01:33:40.901  3163  4129 W PackageManager: Missing required system package: com.google.android.apps.chromecast.app, but found with extended search.
03-10 01:33:40.901  3163  4129 W PackageManager: Missing required system package: com.google.android.apps.adm, but found with extended search.
03-10 01:33:40.901  3163  4129 W PackageManager: Missing required system package: com.freecash.app2, but found with extended search.
03-10 01:33:40.901  3163  4129 W PackageManager: Missing required system package: com.foxnews.android, but found with extended search.
03-10 01:33:40.901  3163  4129 W PackageManager: Missing required system package: com.flipkart.android, but found with extended search.
03-10 01:33:40.901  3163  4129 W PackageManager: Missing required system package: com.facebook.katana, but found with extended search.
03-10 01:33:40.901  3163  4129 W PackageManager: Missing required system package: com.etsy.android, but found with extended search.
03-10 01:33:40.901  3163  4129 W PackageManager: Missing required system package: com.etrade.mobilepro.activity, but found with extended search.
03-10 01:33:40.901  3163  4129 W PackageManager: Missing required system package: com.emn8.mobilem8.nativeapp.popeyes, but found with extended search.
03-10 01:33:40.901  3163  4129 W PackageManager: Missing required system package: com.emn8.mobilem8.nativeapp.bk, but found with extended search.
03-10 01:33:40.901  3163  4129 W PackageManager: Missing required system package: com.einnovation.temu, but found with extended search.
03-10 01:33:40.901  3163  4129 W PackageManager: Missing required system package: com.ebay.motorsapp, but found with extended search.
03-10 01:33:40.901  3163  4129 W PackageManager: Missing required system package: com.ebay.mobile, but found with extended search.
03-10 01:33:40.901  3163  4129 W PackageManager: Missing required system package: com.dutchbros.loyalty, but found with extended search.
03-10 01:33:40.901  3163  4129 W PackageManager: Missing required system package: com.dunkinbrands.otgo, but found with extended search.
03-10 01:33:40.902  3163  4129 W PackageManager: Missing required system package: com.duckduckgo.mobile.android, but found with extended search.
03-10 01:33:40.902  3163  4129 W PackageManager: Missing required system package: com.doordash.driverapp, but found with extended search.
03-10 01:33:40.902  3163  4129 W PackageManager: Missing required system package: com.dominospizza, but found with extended search.
03-10 01:33:40.902  3163  4129 W PackageManager: Missing required system package: com.divvypay.Divvy, but found with extended search.
03-10 01:33:40.902  3163  4129 W PackageManager: Missing required system package: com.disney.disneystore_goo, but found with extended search.
03-10 01:33:40.902  3163  4129 W PackageManager: Missing required system package: com.dd.doordash, but found with extended search.
03-10 01:33:40.902  3163  4129 W PackageManager: Missing required system package: com.dayspringtech.envelopes, but found with extended search.
03-10 01:33:40.902  3163  4129 W PackageManager: Missing required system package: com.coulombtech, but found with extended search.
03-10 01:33:40.902  3163  4129 W PackageManager: Missing required system package: com.costco.app.android, but found with extended search.
03-10 01:33:40.902  3163  4129 W PackageManager: Missing required system package: com.contextlogic.wish, but found with extended search.
03-10 01:33:40.902  3163  4129 W PackageManager: Missing required system package: com.coinbase.android, but found with extended search.
03-10 01:33:40.902  3163  4129 W PackageManager: Missing required system package: com.cnn.mobile.android.phone, but found with extended search.
03-10 01:33:40.902  3163  4129 W PackageManager: Missing required system package: com.clubhouse.app, but found with extended search.
03-10 01:33:40.902  3163  4129 W PackageManager: Missing required system package: com.citymapper.app.release, but found with extended search.
03-10 01:33:40.902  3163  4129 W PackageManager: Missing required system package: com.citi.citimobile, but found with extended search.
03-10 01:33:40.902  3163  4129 W PackageManager: Missing required system package: com.chipotle.ordering, but found with extended search.
03-10 01:33:40.902  3163  4129 W PackageManager: Missing required system package: com.chickfila.cfaflagship, but found with extended search.
03-10 01:33:40.902  3163  4129 W PackageManager: Missing required system package: com.checkitt, but found with extended search.
03-10 01:33:40.903  3163  4129 W PackageManager: Missing required system package: com.chase.sig.android, but found with extended search.
03-10 01:33:40.903  3163  4129 W PackageManager: Missing required system package: com.buxfer.app, but found with extended search.
03-10 01:33:40.903  3163  4129 W PackageManager: Missing required system package: com.buffalowildwings.blazinrewards, but found with extended search.
03-10 01:33:40.903  3163  4129 W PackageManager: Missing required system package: com.bp.app.bpme.global.ros, but found with extended search.
03-10 01:33:40.903  3163  4129 W PackageManager: Missing required system package: com.booking, but found with extended search.
03-10 01:33:40.903  3163  4129 W PackageManager: Missing required system package: com.bigbasket.mobileapp, but found with extended search.
03-10 01:33:40.903  3163  4129 W PackageManager: Missing required system package: com.bhphoto, but found with extended search.
03-10 01:33:40.903  3163  4129 W PackageManager: Missing required system package: com.bestbuy.android, but found with extended search.
03-10 01:33:40.903  3163  4129 W PackageManager: Missing required system package: com.app.tgtg, but found with extended search.
03-10 01:33:40.903  3163  4129 W PackageManager: Missing required system package: com.amazon.mShop.android.shopping, but found with extended search.
03-10 01:33:40.903  3163  4129 W PackageManager: Missing required system package: com.alibaba.aliexpresshd, but found with extended search.
03-10 01:33:40.903  3163  4129 W PackageManager: Missing required system package: com.adidas.app, but found with extended search.
03-10 01:33:40.904  3163  4129 W PackageManager: Missing required system package: com.acorns.early, but found with extended search.
03-10 01:33:40.904  3163  4129 W PackageManager: Missing required system package: com.acorns.android, but found with extended search.
03-10 01:33:40.904  3163  4129 W PackageManager: Missing required system package: com.Splitwise.SplitwiseMobile, but found with extended search.
03-10 01:33:40.904  3163  4129 W PackageManager: Missing required system package: app.simple.com, but found with extended search.
03-10 01:33:40.904  3163  4129 W PackageManager: Missing required system package: app.organicmaps, but found with extended search.
03-10 01:33:40.904  3163  4129 W PackageManager: Missing required system package: tv.pluto.android, but found with extended search.
03-10 01:33:40.904  3163  4129 W PackageManager: Missing required system package: net.sharewire.parkmobilev2, but found with extended search.
03-10 01:33:40.904  3163  4129 W PackageManager: Missing required system package: digit.android, but found with extended search.
03-10 01:33:40.904  3163  4129 W PackageManager: Missing required system package: com.walmart.android, but found with extended search.
03-10 01:33:40.904  3163  4129 W PackageManager: Missing required system package: com.uniqlo.usa.catalogue, but found with extended search.
03-10 01:33:40.904  3163  4129 W PackageManager: Missing required system package: com.ubercab.eats, but found with extended search.
03-10 01:33:40.904  3163  4129 W PackageManager: Missing required system package: com.tubitv, but found with extended search.
03-10 01:33:40.904  3163  4129 W PackageManager: Missing required system package: com.thetransitapp.droid, but found with extended search.
03-10 01:33:40.904  3163  4129 W PackageManager: Missing required system package: com.thehomedepot, but found with extended search.
03-10 01:33:40.904  3163  4129 W PackageManager: Missing required system package: com.target.ui, but found with extended search.
03-10 01:33:40.904  5625  5625 I KgdSliceProvider: The weather info has not change, does not need to be updated. mTempF=-999 iconNumber=-999 celsius=true
03-10 01:33:40.904  3163  4129 W PackageManager: Missing required system package: com.starbucks.mobilecard, but found with extended search.
03-10 01:33:40.904  3163  4129 W PackageManager: Missing required system package: com.squareup.cash, but found with extended search.
03-10 01:33:40.904  3163  4129 W PackageManager: Missing required system package: com.snapdeal.main, but found with extended search.
03-10 01:33:40.904  3163  4129 W PackageManager: Missing required system package: com.shopify.arrive, but found with extended search.
03-10 01:33:40.904  3163  4129 W PackageManager: Missing required system package: com.rfi.sams.android, but found with extended search.
03-10 01:33:40.904  3163  4129 W PackageManager: Missing required system package: com.remitly.androidapp, but found with extended search.
03-10 01:33:40.904  3163  4129 W PackageManager: Missing required system package: com.qapital, but found with extended search.
03-10 01:33:40.904  3163  4129 W PackageManager: Missing required system package: com.paypal.android.p2pmobile, but found with extended search.
03-10 01:33:40.904  3163  4129 W PackageManager: Missing required system package: com.overstock, but found with extended search.
03-10 01:33:40.904  3163  4129 W PackageManager: Missing required system package: com.opera.browser, but found with extended search.
03-10 01:33:40.905  3163  4129 W PackageManager: Missing required system package: com.nytimes.android, but found with extended search.
03-10 01:33:40.905  3163  4129 W PackageManager: Missing required system package: com.nordstrom.app, but found with extended search.
03-10 01:33:40.905  3163  4129 W PackageManager: Missing required system package: com.nextdoor, but found with extended search.
03-10 01:33:40.905  3163  4129 W PackageManager: Missing required system package: com.infonow.bofa, but found with extended search.
03-10 01:33:40.905  3163  4129 W PackageManager: Missing required system package: com.here.app.maps, but found with extended search.
03-10 01:33:40.905  3163  4129 W PackageManager: Missing required system package: com.google.android.apps.walletnfcrel, but found with extended search.
03-10 01:33:40.905  3163  4129 W PackageManager: Missing required system package: com.google.android.apps.magazines, but found with extended search.
03-10 01:33:40.905  3163  4129 W PackageManager: Missing required system package: com.google.android.apps.docs.editors.slides, but found with extended search.
03-10 01:33:40.905  3163  4129 W PackageManager: Missing required system package: com.google.android.apps.docs.editors.sheets, but found with extended search.
03-10 01:33:40.905  3163  4129 W PackageManager: Missing required system package: com.google.android.apps.docs.editors.docs, but found with extended search.
03-10 01:33:40.905  3163  4129 W PackageManager: Missing required system package: com.fusionmedia.investing, but found with extended search.
03-10 01:33:40.905  3163  4129 W PackageManager: Missing required system package: com.fidelity.android, but found with extended search.
03-10 01:33:40.905  3163  4129 W PackageManager: Missing required system package: com.expedia.bookings, but found with extended search.
03-10 01:33:40.905  3163  4129 W PackageManager: Missing required system package: com.depop, but found with extended search.
03-10 01:33:40.905  3163  4129 W PackageManager: Missing required system package: com.creditkarma.mobile, but found with extended search.
03-10 01:33:40.905  3163  4129 W PackageManager: Missing required system package: co.tapcart.app.id_CeeweiHh1L, but found with extended search.
03-10 01:33:40.914  9634  9829 E ThermalEngine: First running, skip
03-10 01:33:40.914  9634  9829 I ThermalEngine: Monitor:ACTIVE:OVERRIDE-CHG:internal_override=1:DETECT-STANDBY=1
03-10 01:33:40.915  9634  9829 I ThermalEngine: ACTION: override_c - Setting override_c to 1
03-10 01:33:40.915  9634  9828 I ThermalEngine: Thermal-Server: Thermal received msg from  override_c
03-10 01:33:40.915  9634  9834 I Thermal-Lib: Thermal-Lib-Client: Client request sent
03-10 01:33:40.922  2068  6060 I vendor.qti.bluetooth@1.0-ibs_handler: ProcessIbsCmd: Received IBS_SLEEP_IND: 0xFE
03-10 01:33:40.991  2195  2386 I SDM     : PipeAllocSdma2::CalculatePipeNumToDedicate: num_vig: 0, num_dma: 1
03-10 01:33:40.991  2195  2386 I SDM     : DisplayBase::SetDisplayState: active 1-1 state 1-1 pending_power_state_ 0
03-10 01:33:40.992  2300  2300 D SurfaceFlinger: Finished setting power mode 2 on display 4630947043778501762
03-10 01:33:40.992  2300  2300 D RefreshRateSelector: found  TouchBoostRefreshRate: {fps=90.00 Hz, modePtr={id=4, vsyncRate=90.00 Hz, peakRefreshRate=90.00 Hz}}
03-10 01:33:40.992  2300  2300 D RefreshRateSelector: found  ScrollBoostRefreshRate: {fps=120.00 Hz, modePtr={id=0, vsyncRate=120.00 Hz, peakRefreshRate=120.00 Hz}}
03-10 01:33:40.992  2300  2300 D RefreshRateSelector: [90:120:0]: mTouchBoostRefreshRateAvailable=1, mScrollBoostRefreshRateAvailable=1, mTouchOnBlankNotBoostRefreshRateAvailable=0
03-10 01:33:40.993  2300  2300 I SurfaceFlinger: doPolicyValidationAndCorrection for Prim to {0, false, PR={p[60.00-120.00]Hz, r[24.00-120.00]Hz}, AR={p[0.00-120.00]Hz, r[0.00-120.00]Hz}} 
03-10 01:33:40.993  2300  2300 I SurfaceFlinger: setDesiredModeSpecsByBrightnessZone Prim brightness[0.131663 10.671278] sys[p(24~120) r(24~120)] zone[60~120] -> target[p(60~120) r(24~120)], cur[p(60~120) r(24~120)] upperLimit[30~30], intersection=1, brightnessTrigger=0
03-10 01:33:40.993  2300  2300 I SurfaceFlinger: setDesiredModeSpecsByBrightnessZone Prim done to {0, false, PR={p[60.00-120.00]Hz, r[24.00-120.00]Hz}, AR={p[0.00-120.00]Hz, r[0.00-120.00]Hz}} from {0, false, PR={p[60.00-120.00]Hz, r[24.00-120.00]Hz}, AR={p[0.00-120.00]Hz, r[0.00-120.00]Hz}}, NitUpperLimit=30 inZone=1 due to [0.131663-10.671278]
03-10 01:33:40.993  3163  5305 D SurfaceControl: Excessive delay in setPowerMode()
03-10 01:33:41.002  3163  5305 W ServiceManagerCppClient: Failed to get isDeclared for com.motorola.hardware.display.panel.IDisplayPanel/default: Status(-1, EX_SECURITY): 'SELinux denied.'
03-10 01:33:41.002  3163  5305 D DisplayPanelService: Setting panel dc mode: 0
03-10 01:33:41.002  2090  2090 I DisplayPanel: setDcMode: DC mode = OFF
03-10 01:33:41.003  2090  2090 D DisplayPanel: setParam: Success set DC to 0 for Primary display
03-10 01:33:41.009  2078  2078 I QTI PowerHAL: Power setMode: 6 to: 1
03-10 01:33:41.009  2078  2078 E QTI PowerHAL: Failed to acquire lock for hint_id: 10A5.
03-10 01:33:41.015  2078  2078 I QTI PowerHAL: Power setMode: 6 to: 0
03-10 01:33:41.016  3163  3352 D BrightnessThermalClamper: Thermal status observer already started
03-10 01:33:41.016  3163  3352 D BrightnessThermalClamper: Thermal status observer already started
03-10 01:33:41.016  3163  3352 D BrightnessThermalClamper: Thermal status observer already started
03-10 01:33:41.016  3163  3352 I WindowManager: Display 0 turned on...
03-10 01:33:41.016  3163  3352 W PowerManagerService: Screen on took 473 ms
03-10 01:33:41.018  3163  3229 D CLI/Transition: displaygroup 0, state ON, pendingdisplaygroup -1
03-10 01:33:41.019  2078  2078 I QTI PowerHAL: Power setMode: 6 to: 1
03-10 01:33:41.019  2078  2078 E QTI PowerHAL: Failed to acquire lock for hint_id: 10A5.
03-10 01:33:41.022  5493  5493 I WallpaperService: engine resumed
03-10 01:33:41.024  2067  2067 D AHAL: AudioDevice: SetParameters: 1564: enter: screen_state=on
03-10 01:33:41.024  2067  2067 D AHAL: AudioVoice: VoiceSetParameters: 87: Enter params: screen_state=on
03-10 01:33:41.024  2067  2067 D AHAL: AudioVoice: VoiceSetParameters: 360: Exit ret: 0
03-10 01:33:41.024  2067  2067 D AHAL: FM: fm_set_parameters: 262: Enter
03-10 01:33:41.024  2067  2067 D AHAL: FM: fm_set_parameters: 320: exit
03-10 01:33:41.024  2067  2067 D AHAL: AudioDevice: SetParameters: 1625:  - screen = on
03-10 01:33:41.024  2067  2067 I PAL: ResourceManager: setParameter: 8311: Screen State:1
03-10 01:33:41.024  2067  2067 D AHAL: AudioDevice: SetParameters: 2361: exit: screen_state=on
03-10 01:33:41.024 26976 27604 D MCLOG   : [BrightnessTrigger] onDisplayChanged displayId = 0
03-10 01:33:41.026  3163  3163 I WindowManager: Finished waking up... (groupId=0 why=ON_BECAUSE_OF_USER) pmWakeReason=WAKE_REASON_LID
03-10 01:33:41.027  3163  3163 I BrightnessSynchronizer: New Update: {[4695] 0.108510524(f), mUpdatedTypes=0, mConfirmedTypes=0, mTimeUpdated=0, mState=2}
03-10 01:33:41.027  3163  3163 I BrightnessSynchronizer: New Update: {[4696] 0.108510524(f), mUpdatedTypes=0, mConfirmedTypes=0, mTimeUpdated=0, mState=2}
03-10 01:33:41.027  3163  3163 I BrightnessSynchronizer: New Update: {[4697] 0.108510524(f), mUpdatedTypes=0, mConfirmedTypes=0, mTimeUpdated=0, mState=2}
03-10 01:33:41.028  2064  2064 I sensors-hal: flush:235, android.sensor.accelerometer/11
03-10 01:33:41.029  2064  2064 I sensors-hal: send_sync_sensor_request:341, send sync request
03-10 01:33:41.029  2064  2064 I sensors-hal: send_sync_sensor_request:367, wait for notification of response
03-10 01:33:41.029 26976 27604 D MCLOG   : [BrightnessManager] displayId = 0 brightness = 0.108510524 nit = 10.726076 level = br1
03-10 01:33:41.030  7545  7545 I FileStationLog: [ FS_h$a ] - [Display] Changed display: 0
03-10 01:33:41.030  2064  5194 I sensors-hal: ssc_conn_resp_cb:632, resp_value = 0
03-10 01:33:41.030  7545  7545 I FileStationLog: [ FS_h ] - [Logic] Retrieved display info: LogicDisplayInfo(width=1080, height=2640, orientation=1, rotation=0, displayId=0)
03-10 01:33:41.030  2064  2064 I sensors-hal: send_sync_sensor_request:373, takes 1 ms to receive the response with 0
03-10 01:33:41.030  2064  2064 I sensors-hal: flush:241, android.sensor.accelerometer/11 completed
03-10 01:33:41.031  7545  7545 I FileStationLog: [ FS_h$a ] - [Display] New logical size: 1080x2640
03-10 01:33:41.031  7545  7545 I FileStationLog: [ FS_h$a ] - [Display] Screen width unchanged: 1080
03-10 01:33:41.036  2064  2064 I sensors-hal: batch:206, android.sensor.magnetic_field/21, period=20000000, max_latency=0
03-10 01:33:41.036  2064  2064 I sensors-hal: set_config:57, sample_period_ns is adjusted to 20000000 based on min/max delay_ns
03-10 01:33:41.036  2064  2064 I sensors-hal: batch:215, android.sensor.magnetic_field/21, period=20000000, max_latency=0 request completed
03-10 01:33:41.037  2064  2064 I sensors-hal: activate:173, android.sensor.magnetic_field/21 en=1
03-10 01:33:41.040  2064  2064 I sensors-hal: get_qmi_debug_flag:239, support_qmi_debug : false
03-10 01:33:41.041  2061  2108 E minksocket: MinkIPC_QRTR_Service: client with node 1 port 57bf went down
03-10 01:33:41.041  2061  2108 E minksocket: MinkIPC_QRTR_Service: client with node 1 port 57c0 went down
03-10 01:33:41.042  2061  2108 E minksocket: MinkIPC_QRTR_Service: client with node 1 port 57c1 went down
03-10 01:33:41.043  2064  2064 E Diag_Lib: diag: Diag_LSM_Init: invoked for pid: 2064 with init_count: 0
03-10 01:33:41.043  2064  2064 E Diag_Lib: diag:failed to connect to diag socket
03-10 01:33:41.043  2064  2064 E Diag_Lib:  Diag_LSM_Init: Failed to open handle to diag driver, error = 13
03-10 01:33:41.043  2061  2108 E minksocket: MinkIPC_QRTR_Service: client with node 1 port 57c2 went down
03-10 01:33:41.043  2064  2064 I sensors-hal: get_qmi_debug_flag:239, support_qmi_debug : false
03-10 01:33:41.045  2061  2108 E minksocket: MinkIPC_QRTR_Service: client with node 1 port 57c4 went down
03-10 01:33:41.046  2061  2108 E minksocket: MinkIPC_QRTR_Service: client with node 1 port 57c5 went down
03-10 01:33:41.047  2061  2108 E minksocket: MinkIPC_QRTR_Service: client with node 1 port 57c6 went down
03-10 01:33:41.047  2064  2064 E Diag_Lib: diag: Diag_LSM_Init: invoked for pid: 2064 with init_count: 0
03-10 01:33:41.047  2064  2064 E Diag_Lib: diag:failed to connect to diag socket
03-10 01:33:41.047  2064  2064 E Diag_Lib:  Diag_LSM_Init: Failed to open handle to diag driver, error = 13
03-10 01:33:41.048  2064  2064 I sensors-hal: send_sensor_config_request:395, resampler is used, set resampler config
03-10 01:33:41.048  2064  2064 I sensors-hal: send_sync_sensor_request:341, send sync request
03-10 01:33:41.048  2061  2108 E minksocket: MinkIPC_QRTR_Service: client with node 1 port 57c7 went down
03-10 01:33:41.049  2064  2064 I sensors-hal: send_sync_sensor_request:367, wait for notification of response
03-10 01:33:41.049  5625  5669 D ShellSplitScreen: onFinishedWakingUp
03-10 01:33:41.051  2064  9843 I sensors-hal: ssc_conn_resp_cb:632, resp_value = 0
03-10 01:33:41.052  2064  9843 I sensors-hal: handle_indication_realtime:467,  SCHED_FIFO(10) for qmi_cbk
03-10 01:33:41.052  2064  2064 I sensors-hal: send_sync_sensor_request:373, takes 2 ms to receive the response with 0
03-10 01:33:41.052  2064  2064 I sensors-hal: activate:294, mag_filter is enabled
03-10 01:33:41.052  2064  2064 I sensors-hal: activate:184, android.sensor.magnetic_field/21 en=1 completed
03-10 01:33:41.052  5493  5493 I AndroidInput: sensor listener setup
03-10 01:33:41.053  5493  5971 I AndroidGraphics: Unable to get safe area insets
03-10 01:33:41.053  5493  5971 I AndroidGraphics: resumed
03-10 01:33:41.062  2064  2064 I sensors-hal: batch:206, android.sensor.hinge_angle/362, period=200000000, max_latency=0
03-10 01:33:41.062  2064  2064 I sensors-hal: set_config:61, no need to adjust sample_period_ns due to reporting_mode = 2
03-10 01:33:41.062  2064  2064 I sensors-hal: batch:215, android.sensor.hinge_angle/362, period=200000000, max_latency=0 request completed
03-10 01:33:41.063  2064  2064 I sensors-hal: activate:173, android.sensor.hinge_angle/362 en=1
03-10 01:33:41.063  2064  2064 I sensors-hal: get_qmi_debug_flag:239, support_qmi_debug : false
03-10 01:33:41.064  2061  2108 E minksocket: MinkIPC_QRTR_Service: client with node 1 port 57c9 went down
03-10 01:33:41.064  2061  2108 E minksocket: MinkIPC_QRTR_Service: client with node 1 port 57ca went down
03-10 01:33:41.066  2061  2108 E minksocket: MinkIPC_QRTR_Service: client with node 1 port 57cb went down
03-10 01:33:41.066  2061  2108 E minksocket: MinkIPC_QRTR_Service: client with node 1 port 57cc went down
03-10 01:33:41.066  2064  2064 E Diag_Lib: diag: Diag_LSM_Init: invoked for pid: 2064 with init_count: 0
03-10 01:33:41.067  2064  2064 E Diag_Lib: diag:failed to connect to diag socket
03-10 01:33:41.067  2064  2064 E Diag_Lib:  Diag_LSM_Init: Failed to open handle to diag driver, error = 13
03-10 01:33:41.067  2064  2064 I sensors-hal: send_sensor_config_request:463, dt=mot_hinge: convert sample_period=200000000 to batch_period=200000
03-10 01:33:41.067  2064  2064 I sensors-hal: send_sync_sensor_request:341, send sync request
03-10 01:33:41.068  2064  2064 I sensors-hal: send_sync_sensor_request:367, wait for notification of response
03-10 01:33:41.069  2064  9845 I sensors-hal: ssc_conn_resp_cb:632, resp_value = 0
03-10 01:33:41.075  2064  9840 I sensors-hal: handle_indication_realtime:467,  SCHED_FIFO(10) for qmi_cbk
03-10 01:33:41.076  3163  3231 I DisplayDeviceRepository: Display device changed: DisplayDeviceInfo{"Built-in Screen": uniqueId="local:4630947043778501762", 1080 x 2640, modeId 1, renderFrameRate 120.00001, defaultModeId 1, userPreferredModeId -1, supportedModes [{id=1, width=1080, height=2640, fps=120.00001, vsync=120.00001, synthetic=false, alternativeRefreshRates=[24.000002, 60.000004], supportedHdrTypes=[2, 3, 4]}, {id=2, width=1080, height=2640, fps=144.00002, vsync=144.00002, synthetic=false, alternativeRefreshRates=[], supportedHdrTypes=[2, 3, 4]}, {id=3, width=1080, height=2640, fps=90.0, vsync=90.0, synthetic=false, alternativeRefreshRates=[], supportedHdrTypes=[2, 3, 4]}, {id=4, width=1080, height=2640, fps=60.000004, vsync=60.000004, synthetic=false, alternativeRefreshRates=[24.000002, 120.00001], supportedHdrTypes=[2, 3, 4]}, {id=5, width=1080, height=2640, fps=30.000002, vsync=30.000002, synthetic=false, alternativeRefreshRates=[], supportedHdrTypes=[2, 3, 4]}, {id=6, width=1080, height=2640, fps=24.000002, vsync=24.000002, synthetic=false, alternativeRefreshRates=[60.000004, 120.00001], supportedHdrTypes=[2, 3, 4]}], supportedReadyForModes [], colorMode 0, supportedColorModes [0, 7, 9], hdrCapabilities HdrCapabilities{mSupportedHdrTypes=[2, 3, 4], mMaxLuminance=420.0, mMaxAverageLuminance=210.1615, mMinLuminance=0.323}, allmSupported false, gameContentTypeSupported false, density 420, 397.565 x 435.428 dpi, appVsyncOff 1000000, presDeadline 13333332, cutout DisplayCutout{insets=Rect(0, 108 - 0, 0) waterfall=Insets{left=0, top=0, right=0, bottom=0} boundingRect={Bounds=[Rect(0, 0 - 0, 0), Rect(495, 0 - 585, 108), Rect(0, 0 - 0, 0), Rect(0, 0 - 0, 0)]} cutoutPathParserInfo={CutoutPathParserInfo{displayWidth=1080 displayHeight=2640 physicalDisplayWidth=1080 physicalDisplayHeight=2640 density={2.625} cutoutSpec={M -45,0 L 45,0 L 45,108 L -45,108 Z} rotation={0} scale={1.0} physicalPixelDisplaySizeRatio={1.0}}} sideOverrides={}}, touch INTERNAL, rotation 0, type INTERNAL, address {port=130, model=0x40446dccee101c}, deviceProductInfo DeviceProductInfo{name=, manufacturerPnpId=QCM, productId=1, modelYear=null, manufactureDate=ManufactureDate{week=27, year=2006}, connectionToSinkType=0}, state ON, committedState ON, frameRateOverride {uid=10254 frameRateHz=120.00001} , brightnessMinimum 0.0, brightnessMaximum 1.0, brightnessDefault 0.38188976, hdrSdrRatio 1.0, FLAG_ALLOWED_TO_BE_DEFAULT_DISPLAY, FLAG_ROTATES_WITH_CONTENT, FLAG_SECURE, FLAG_SUPPORTS_PROTECTED_BUFFERS, FLAG_TRUSTED, installOrientation 0, displayShape DisplayShape{ spec=-1962366115 displayWidth=1080 displayHeight=2640 physicalPixelDisplaySizeRatio=1.0 rotation=0 offsetX=0 offsetY=0 scale=1.0}}
03-10 01:33:41.079  2064  2064 I sensors-hal: send_sync_sensor_request:373, takes 10 ms to receive the response with 0
03-10 01:33:41.079  2064  2064 I sensors-hal: activate:184, android.sensor.hinge_angle/362 en=1 completed
03-10 01:33:41.123  2064  9845 I sensors-hal: handle_indication_realtime:467,  SCHED_FIFO(10) for qmi_cbk
03-10 01:33:41.125  2163  2163 D motorola.hardware.sensorext-service: handle id:13 wxh:1088x2640 uwxuh:1080x2640 size: 11489280 fd:11 fd_meta:12 flags:0x4000228 usage:0x33  format:0x1 layer_count: 1 reserved_size = 0
03-10 01:33:41.125  2064  4171 D slpi-TCS3720: ALS_REPORT lux 13.565016, ch0 5.643378-2.889914-2.430548-0.993289, scale 1.1878, fps 90, client 1
03-10 01:33:41.126  2064  4171 D slpi-TCS3720: PRX_OC info Far, Total 0, pdata 0, offset 0 step 0.63, ore 0:0 step 21.00, TH_H 1020, TH_L 0, client 0
03-10 01:33:41.126  2195  2386 I SDM     : HWCSession::SetCWBOutputBuffer: CWB config passed by cwb_client : tappoint 1  CWB_ROI : (210.000000 26.000000 274.000000 90.000000) for display [1 0 0]
03-10 01:33:41.140  3163  3465 I AppsFilter: interaction: PackageSetting{6d3fe75 io.appium.uiautomator2.server.test/10619} -> PackageSetting{1a28611 com.checkitt/10656} BLOCKED
03-10 01:33:41.140  3163  3465 I AppsFilter: interaction: PackageSetting{7ebd67b com.oem.euiccpartnerapp/10302} -> PackageSetting{1a28611 com.checkitt/10656} BLOCKED
03-10 01:33:41.140  3163  3465 I AppsFilter: interaction: PackageSetting{8e5fc98 io.appium.settings/10618} -> PackageSetting{1a28611 com.checkitt/10656} BLOCKED
03-10 01:33:41.143  2195  9846 I SDM     : HWCDisplay::SetReadbackBuffer: CWB config from client: tap_point 1, CWB ROI Rect(210.000000 26.000000 274.000000 90.000000), PU_as_CWB_ROI 0, Cwb full rect : (0.000000 0.000000 1080.000000 2640.000000)
03-10 01:33:41.143  2195  9846 I SDM     : HWCDisplay::SetReadbackBuffer: Successfully configured the output buffer: readback_buffer_queued_ 1, readback_configured_ 0, cwb_client 3
03-10 01:33:41.143  2195  9846 I SDM     : HWCSession::ProcessRequests: Successfully configured CWB buffer.
03-10 01:33:41.146  3163  4299 W PackageManager: Missing required system package: io.appium.settings, but found with extended search.
03-10 01:33:41.146  3163  4299 W PackageManager: Missing required system package: io.appium.settings, but found with extended search.
03-10 01:33:41.146  3163  4299 W PackageManager: Missing required system package: io.appium.settings, but found with extended search.
03-10 01:33:41.148  5802  5802 D CarrierSvcBindHelper: onPackageModified: com.checkitt
03-10 01:33:41.149  3163  8251 W PackageManager: Missing required system package: com.opera.browser, but found with extended search.
03-10 01:33:41.149  3163  8251 W PackageManager: Missing required system package: com.openai.chatgpt, but found with extended search.
03-10 01:33:41.149  3163  8251 W PackageManager: Missing required system package: com.duckduckgo.mobile.android, but found with extended search.
03-10 01:33:41.149  3163  8251 W PackageManager: Missing required system package: com.duckduckgo.mobile.android, but found with extended search.
03-10 01:33:41.149  3163  8251 W PackageManager: Missing required system package: com.alibaba.aliexpresshd, but found with extended search.
03-10 01:33:41.149  3163  3249 W PackageManager: Missing required system package: com.wallpaper.edge.aura, but found with extended search.
03-10 01:33:41.149  3163  5205 W PackageManager: Missing required system package: com.checkitt, but found with extended search.
03-10 01:33:41.149  3163  3249 W PackageManager: Missing required system package: com.myklarnamobile, but found with extended search.
03-10 01:33:41.149  3163  5205 D AppWidgetServiceImpl: Trying to notify widget providers changed
03-10 01:33:41.150  3163  5221 D ShortcutService: received package broadcast intent: Intent { act=android.intent.action.PACKAGE_CHANGED dat=package: flg=0x45000010 (has extras) }
03-10 01:33:41.150  3163  5221 D ShortcutService: changing package: com.checkitt userId0
03-10 01:33:41.150  3163  5221 D ShortcutService: handlePackageChanged: com.checkitt user=0
03-10 01:33:41.150  3163  5221 D ShortcutService: rescanPackageIfNeeded 0@com.checkitt, forceRescan=true , isNewApp=true
03-10 01:33:41.150  3163  5221 W PackageManager: Missing required system package: com.checkitt, but found with extended search.
03-10 01:33:41.151  2195  9846 I SDM     : HWCSession::ProcessRequests: Pushing release fence in fenece wait queue.
03-10 01:33:41.151  2195  9846 I SDM     : HWCSession::ProcessRequests: Creating AsyncFenceWaits async thread.
03-10 01:33:41.151  2195  9846 I SDM     : HWCSession::ProcessRequests: Remove current CWB request from the pending request queue.
03-10 01:33:41.151  2195  9846 I SDM     : HWCSession::ProcessRequests: No pending cwb requests found in the queue.
03-10 01:33:41.151  3163  7400 W UserManagerService: Do not support app clone feature.
03-10 01:33:41.151  5802  5802 D CarrierSvcBindHelper: No carrier app for: 0
03-10 01:33:41.151  5802  5802 D CarrierSvcBindHelper: No carrier app for: 1
03-10 01:33:41.157  3163  4129 W PackageManager: Missing required system package: com.realbyteapps.moneymanagerfree, but found with extended search.
03-10 01:33:41.158  3163  3163 I TrafficStatsCollector: Receive intent: android.intent.action.PACKAGE_CHANGED
03-10 01:33:41.158  3163  3163 I TrafficStatsCollector: Not com.tmobile.echolocate.system, pkgName=com.checkitt
03-10 01:33:41.158  2195  2269 I SDM     : HWDeviceDRM::SetupConcurrentWriteback: Tear down the Concurrent Writeback topology
03-10 01:33:41.158  3163  5422 D ActivityManager: unfreezing ProcessRecord{5c0015a 12048:com.google.android.permissioncontroller/u0a416}, reason = unfreezeTemporarily, adj = 935, adjType = cch-empty, adjSource = null
03-10 01:33:41.158  3163  5221 D ShortcutService: Package com.checkitt has 0 manifest shortcut(s), and 0 share target(s)
03-10 01:33:41.159  3163  5422 D ActivityManager: sync unfroze 12048 com.google.android.permissioncontroller for 27
03-10 01:33:41.162  3163  4129 W PackageManager: Missing required system package: com.realbyteapps.moneymanagerfree, but found with extended search.
03-10 01:33:41.165  3163  8251 W PackageManager: Missing required system package: com.paypal.android.p2pmobile, but found with extended search.
03-10 01:33:41.165  3163  8251 W PackageManager: Missing required system package: com.paypal.android.p2pmobile, but found with extended search.
03-10 01:33:41.165  3163  8251 W PackageManager: Missing required system package: com.paypal.android.p2pmobile, but found with extended search.
03-10 01:33:41.165  3163  8251 W PackageManager: Missing required system package: com.snapdeal.main, but found with extended search.
03-10 01:33:41.165  3163  8251 W PackageManager: Missing required system package: com.lowes.android, but found with extended search.
03-10 01:33:41.165  3163  8251 W PackageManager: Missing required system package: com.chase.sig.android, but found with extended search.
03-10 01:33:41.165  3163  8251 W PackageManager: Missing required system package: com.bigbasket.mobileapp, but found with extended search.
03-10 01:33:41.165  2195  9847 I SDM     : HWCSession::NotifyCWBStatus: Notify the client about buffer status 0.
03-10 01:33:41.165  2195  9847 I SDM     : HWCSession::PerformFenceWaits: Remove current release fence from the pending fence wait queue.
03-10 01:33:41.165  2195  9847 I SDM     : HWCSession::PerformFenceWaits: CWB fence queue is empty. No pending release fence to wait on.
03-10 01:33:41.166  6942  6942 W RegisteredComponentCache: Unable to load component info ResolveInfo{67c1390 com.bigbasket.mobileapp/in.juspay.hypernfc.NfcActivity m=0x108000 userHandle=UserHandle{0}}
03-10 01:33:41.166  6942  6942 W RegisteredComponentCache: org.xmlpull.v1.XmlPullParserException: No android.nfc.action.TECH_DISCOVERED meta-data
03-10 01:33:41.166  6942  6942 W RegisteredComponentCache: 	at com.android.nfc.RegisteredComponentCache.parseComponentInfo(RegisteredComponentCache.java:223)
03-10 01:33:41.166  6942  6942 W RegisteredComponentCache: 	at com.android.nfc.RegisteredComponentCache.generateComponentsList(RegisteredComponentCache.java:187)
03-10 01:33:41.166  6942  6942 W RegisteredComponentCache: 	at com.android.nfc.RegisteredComponentCache$1.onReceive(RegisteredComponentCache.java:75)
03-10 01:33:41.166  6942  6942 W RegisteredComponentCache: 	at android.app.LoadedApk$ReceiverDispatcher$Args.lambda$getRunnable$0(LoadedApk.java:1832)
03-10 01:33:41.166  6942  6942 W RegisteredComponentCache: 	at android.app.LoadedApk$ReceiverDispatcher$Args.$r8$lambda$mcNAAl1SQ4MyJPyDg8TJ2x2h0Rk(Unknown Source:0)
03-10 01:33:41.166  6942  6942 W RegisteredComponentCache: 	at android.app.LoadedApk$ReceiverDispatcher$Args$$ExternalSyntheticLambda0.run(D8$$SyntheticClass:0)
03-10 01:33:41.166  6942  6942 W RegisteredComponentCache: 	at android.os.Handler.handleCallback(Handler.java:1001)
03-10 01:33:41.166  6942  6942 W RegisteredComponentCache: 	at android.os.Handler.dispatchMessage(Handler.java:105)
03-10 01:33:41.166  6942  6942 W RegisteredComponentCache: 	at android.os.Looper.loopOnce(Looper.java:268)
03-10 01:33:41.166  6942  6942 W RegisteredComponentCache: 	at android.os.Looper.loop(Looper.java:384)
03-10 01:33:41.166  6942  6942 W RegisteredComponentCache: 	at android.app.ActivityThread.main(ActivityThread.java:8921)
03-10 01:33:41.166  6942  6942 W RegisteredComponentCache: 	at java.lang.reflect.Method.invoke(Native Method)
03-10 01:33:41.166  6942  6942 W RegisteredComponentCache: 	at com.android.internal.os.RuntimeInit$MethodAndArgsCaller.run(RuntimeInit.java:580)
03-10 01:33:41.166  6942  6942 W RegisteredComponentCache: 	at com.android.internal.os.ZygoteInit.main(ZygoteInit.java:907)
03-10 01:33:41.167  6942  6942 W RegisteredComponentCache: Unable to load component info ResolveInfo{b34139a com.snapdeal.main/in.juspay.hypernfc.NfcActivity m=0x108000 userHandle=UserHandle{0}}
03-10 01:33:41.167  6942  6942 W RegisteredComponentCache: org.xmlpull.v1.XmlPullParserException: No android.nfc.action.TECH_DISCOVERED meta-data
03-10 01:33:41.167  6942  6942 W RegisteredComponentCache: 	at com.android.nfc.RegisteredComponentCache.parseComponentInfo(RegisteredComponentCache.java:223)
03-10 01:33:41.167  6942  6942 W RegisteredComponentCache: 	at com.android.nfc.RegisteredComponentCache.generateComponentsList(RegisteredComponentCache.java:187)
03-10 01:33:41.167  6942  6942 W RegisteredComponentCache: 	at com.android.nfc.RegisteredComponentCache$1.onReceive(RegisteredComponentCache.java:75)
03-10 01:33:41.167  6942  6942 W RegisteredComponentCache: 	at android.app.LoadedApk$ReceiverDispatcher$Args.lambda$getRunnable$0(LoadedApk.java:1832)
03-10 01:33:41.167  6942  6942 W RegisteredComponentCache: 	at android.app.LoadedApk$ReceiverDispatcher$Args.$r8$lambda$mcNAAl1SQ4MyJPyDg8TJ2x2h0Rk(Unknown Source:0)
03-10 01:33:41.167  6942  6942 W RegisteredComponentCache: 	at android.app.LoadedApk$ReceiverDispatcher$Args$$ExternalSyntheticLambda0.run(D8$$SyntheticClass:0)
03-10 01:33:41.167  6942  6942 W RegisteredComponentCache: 	at android.os.Handler.handleCallback(Handler.java:1001)
03-10 01:33:41.167  6942  6942 W RegisteredComponentCache: 	at android.os.Handler.dispatchMessage(Handler.java:105)
03-10 01:33:41.167  6942  6942 W RegisteredComponentCache: 	at android.os.Looper.loopOnce(Looper.java:268)
03-10 01:33:41.167  6942  6942 W RegisteredComponentCache: 	at android.os.Looper.loop(Looper.java:384)
03-10 01:33:41.167  6942  6942 W RegisteredComponentCache: 	at android.app.ActivityThread.main(ActivityThread.java:8921)
03-10 01:33:41.167  6942  6942 W RegisteredComponentCache: 	at java.lang.reflect.Method.invoke(Native Method)
03-10 01:33:41.167  6942  6942 W RegisteredComponentCache: 	at com.android.internal.os.RuntimeInit$MethodAndArgsCaller.run(RuntimeInit.java:580)
03-10 01:33:41.167  6942  6942 W RegisteredComponentCache: 	at com.android.internal.os.ZygoteInit.main(ZygoteInit.java:907)
03-10 01:33:41.167  6942  6942 I RegisteredComponentCache: New Components => 
03-10 01:33:41.167  6942  6942 I RegisteredComponentCache: ComponentInfo: ResolveInfo{9c380c0 com.chase.sig.android/com.chase.android.challenge.tapacard.ui.TapACardActivity m=0x108000 userHandle=UserHandle{0}}, techs: android.nfc.tech.IsoDep, 
03-10 01:33:41.167  6942  6942 I RegisteredComponentCache: ComponentInfo: ResolveInfo{df881f9 com.lowes.android/.aux_wallet.nfc.CardScanActivity m=0x108000 userHandle=UserHandle{0}}, techs: android.nfc.tech.IsoDep, 
03-10 01:33:41.167  6942  6942 I RegisteredComponentCache: ComponentInfo: ResolveInfo{9ff653e com.google.android.tag/com.android.apps.tag.TagViewer m=0x108000 userHandle=UserHandle{0}}, techs: android.nfc.tech.Ndef, 
03-10 01:33:41.167  6942  6942 I RegisteredComponentCache: ComponentInfo: ResolveInfo{e8b2f9f com.paypal.android.p2pmobile/com.paypal.android.pdsdk.ui.receive.PayDropReceiveActivity$EntryPoint m=0x108000 userHandle=UserHandle{0}}, techs: android.nfc.tech.IsoDep, 
03-10 01:33:41.167  6942  6942 I RegisteredComponentCache: ComponentInfo: ResolveInfo{dbfe8ec com.paypal.android.p2pmobile/com.paypal.android.pdsdk.ui.send.PayDropSendingStatusActivity$EntryPoint m=0x108000 userHandle=UserHandle{0}}, techs: android.nfc.tech.IsoDep, 
03-10 01:33:41.167  6942  6942 I RegisteredComponentCache: ComponentInfo: ResolveInfo{63644b5 com.paypal.android.p2pmobile/com.paypal.android.pdsdk.ui.send.enteramount.PayDropEnterAmountActivity$EntryPoint m=0x108000 userHandle=UserHandle{0}}, techs: android.nfc.tech.IsoDep, 
03-10 01:33:41.167  6942  6942 I RegisteredComponentCache: Removed Components => 
03-10 01:33:41.167  6942  6942 I RegisteredComponentCache: ComponentInfo: ResolveInfo{b7cccb6 com.chase.sig.android/com.chase.android.challenge.tapacard.ui.TapACardActivity m=0x108000 userHandle=UserHandle{0}}, techs: android.nfc.tech.IsoDep, 
03-10 01:33:41.167  6942  6942 I RegisteredComponentCache: ComponentInfo: ResolveInfo{546cdb7 com.lowes.android/.aux_wallet.nfc.CardScanActivity m=0x108000 userHandle=UserHandle{0}}, techs: android.nfc.tech.IsoDep, 
