03-10 01:29:02.021  7893   513 D downloader2: Download complete, running queued downloads: https://www.gstatic.com/mdi-serving/rubidium-adservices-adtech-enrollment/11167/b5d1a96edb6a1f0a4859f71195a3dae118baacfc
03-10 01:29:02.021  7893   513 I downloader2: Exceeded max concurrent downloads, not running another queued request
03-10 01:29:02.021  7893   514 D downloader2: Queued download completed, running queued downloads: https://www.gstatic.com/mdi-serving/rubidium-adservices-adtech-enrollment/11167/b5d1a96edb6a1f0a4859f71195a3dae118baacfc
03-10 01:29:02.021  7893   514 D downloader2: Connectivity satisfied; running request. uri=https://www.gstatic.com/mdi-serving/rubidium-adservices-topics-classifier/1986/9e98784bcdb26a3eb2ab3f65ee811f43177c761f
03-10 01:29:02.021  7893  1354 D ErrorCodeSampler: Logging error code: 17 for the sample interval 10000: false
03-10 01:29:02.021  7893   514 I downloader2: Exceeded max concurrent downloads, not running another queued request
03-10 01:29:02.034  7893  1354 D downloader2: Got URL response, starting to read response body. uri=https://www.gstatic.com/mdi-serving/rubidium-adservices-ui-ota-strings/4265/91ac5d17ab9f2445a3462f98f5249a73e9b0e235
03-10 01:29:02.041  7893  8649 D downloader2: New request enqueued, running queue: https://www.gstatic.com/mdi-serving/rubidium-adservices-adtech-enrollment/11167/b5d1a96edb6a1f0a4859f71195a3dae118baacfc
03-10 01:29:02.042  7893  8649 I downloader2: Exceeded max concurrent downloads, not running another queued request
03-10 01:29:02.043  7893  1370 D downloader2: Got URL response, starting to read response body. uri=https://www.gstatic.com/mdi-serving/rubidium-adservices-topics-classifier/1986/9e98784bcdb26a3eb2ab3f65ee811f43177c761f
03-10 01:29:02.048  7893   513 D downloader2: Response body written. bytesWritten=267, uri=https://www.gstatic.com/mdi-serving/rubidium-adservices-ui-ota-strings/4265/91ac5d17ab9f2445a3462f98f5249a73e9b0e235
03-10 01:29:02.050  7893  1355 D downloader2: Queued download completed, running queued downloads: https://www.gstatic.com/mdi-serving/rubidium-adservices-ui-ota-strings/4265/91ac5d17ab9f2445a3462f98f5249a73e9b0e235
03-10 01:29:02.050  7893  1355 D downloader2: Connectivity satisfied; running request. uri=https://www.gstatic.com/mdi-serving/rubidium-adservices-adtech-enrollment/11167/b5d1a96edb6a1f0a4859f71195a3dae118baacfc
03-10 01:29:02.050  7893  1355 I downloader2: Exceeded max concurrent downloads, not running another queued request
03-10 01:29:02.051  7893   513 D downloader2: Download complete, running queued downloads: https://www.gstatic.com/mdi-serving/rubidium-adservices-ui-ota-strings/4265/91ac5d17ab9f2445a3462f98f5249a73e9b0e235
03-10 01:29:02.051  7893   513 I downloader2: Exceeded max concurrent downloads, not running another queued request
03-10 01:29:02.057  3163  7023 W UserManagerService: Do not support app clone feature.
03-10 01:29:02.059  3163  7023 W PackageManager: Missing required system package: com.whatsapp, but found with extended search.
03-10 01:29:02.059  3163  7023 W PackageManager: Missing required system package: com.whatsapp, but found with extended search.
03-10 01:29:02.060  3163  7023 W PackageManager: Missing required system package: com.thirdframestudios.android.expensoor, but found with extended search.
03-10 01:29:02.060  2064  4171 I slpi-mot_tap : Using product index 4, gyro 0
03-10 01:29:02.060  3163  7023 W PackageManager: Missing required system package: com.squareup.cash, but found with extended search.
03-10 01:29:02.060  3163  7023 W PackageManager: Missing required system package: com.realbyteapps.moneymanagerfree, but found with extended search.
03-10 01:29:02.060  3163  7023 W PackageManager: Missing required system package: com.realbyteapps.moneymanagerfree, but found with extended search.
03-10 01:29:02.060  3163  7023 W PackageManager: Missing required system package: com.opera.browser, but found with extended search.
03-10 01:29:02.060  3163  7023 W PackageManager: Missing required system package: com.opera.browser, but found with extended search.
03-10 01:29:02.060  3163  7023 W PackageManager: Missing required system package: com.opera.browser, but found with extended search.
03-10 01:29:02.060  3163  7023 W PackageManager: Missing required system package: com.google.android.apps.docs.editors.slides, but found with extended search.
03-10 01:29:02.060  3163  7023 W PackageManager: Missing required system package: com.google.android.apps.docs.editors.sheets, but found with extended search.
03-10 01:29:02.060  3163  7023 W PackageManager: Missing required system package: com.google.android.apps.docs.editors.docs, but found with extended search.
03-10 01:29:02.060  3163  7023 W PackageManager: Missing required system package: com.duckduckgo.mobile.android, but found with extended search.
03-10 01:29:02.068  7893  1355 D downloader2: Response body written. bytesWritten=1233, uri=https://www.gstatic.com/mdi-serving/rubidium-adservices-topics-classifier/1986/9e98784bcdb26a3eb2ab3f65ee811f43177c761f
03-10 01:29:02.069  7893  1355 D downloader2: Download complete, running queued downloads: https://www.gstatic.com/mdi-serving/rubidium-adservices-topics-classifier/1986/9e98784bcdb26a3eb2ab3f65ee811f43177c761f
03-10 01:29:02.069  7893  1355 I downloader2: Exceeded max concurrent downloads, not running another queued request
03-10 01:29:02.070  7893  1355 D downloader2: Queued download completed, running queued downloads: https://www.gstatic.com/mdi-serving/rubidium-adservices-topics-classifier/1986/9e98784bcdb26a3eb2ab3f65ee811f43177c761f
03-10 01:29:02.082  7893  1355 D downloader2: Got URL response, starting to read response body. uri=https://www.gstatic.com/mdi-serving/rubidium-adservices-adtech-enrollment/11167/b5d1a96edb6a1f0a4859f71195a3dae118baacfc
03-10 01:29:02.089  7893  9786 D downloader2: New request enqueued, running queue: https://www.gstatic.com/mdi-serving/rubidium-adservices-ui-ota-strings/4265/91ac5d17ab9f2445a3462f98f5249a73e9b0e235
03-10 01:29:02.090  7893  9786 D downloader2: Connectivity satisfied; running request. uri=https://www.gstatic.com/mdi-serving/rubidium-adservices-ui-ota-strings/4265/91ac5d17ab9f2445a3462f98f5249a73e9b0e235
03-10 01:29:02.090  7893  9786 I downloader2: Exceeded max concurrent downloads, not running another queued request
03-10 01:29:02.092  7893  1370 D downloader2: Response body written. bytesWritten=286, uri=https://www.gstatic.com/mdi-serving/rubidium-adservices-adtech-enrollment/11167/b5d1a96edb6a1f0a4859f71195a3dae118baacfc
03-10 01:29:02.094  2163  2163 D motorola.hardware.sensorext-service: handle id:13 wxh:1088x2640 uwxuh:1080x2640 size: 11489280 fd:11 fd_meta:12 flags:0x4000228 usage:0x33  format:0x1 layer_count: 1 reserved_size = 0
03-10 01:29:02.095  7893  1370 D downloader2: Download complete, running queued downloads: https://www.gstatic.com/mdi-serving/rubidium-adservices-adtech-enrollment/11167/b5d1a96edb6a1f0a4859f71195a3dae118baacfc
03-10 01:29:02.095  7893  1370 I downloader2: Exceeded max concurrent downloads, not running another queued request
03-10 01:29:02.095  2195  2392 I SDM     : HWCSession::SetCWBOutputBuffer: CWB config passed by cwb_client : tappoint 1  CWB_ROI : (210.000000 26.000000 274.000000 90.000000) for display [1 0 0]
03-10 01:29:02.096  7893  1370 D downloader2: Queued download completed, running queued downloads: https://www.gstatic.com/mdi-serving/rubidium-adservices-adtech-enrollment/11167/b5d1a96edb6a1f0a4859f71195a3dae118baacfc
03-10 01:29:02.098  7893  8652 D downloader2: New request enqueued, running queue: https://www.gstatic.com/mdi-serving/rubidium-adservices-topics-classifier/1986/9e98784bcdb26a3eb2ab3f65ee811f43177c761f
03-10 01:29:02.098  7893  8652 D downloader2: Connectivity satisfied; running request. uri=https://www.gstatic.com/mdi-serving/rubidium-adservices-topics-classifier/1986/9e98784bcdb26a3eb2ab3f65ee811f43177c761f
03-10 01:29:02.098  7893  8652 I downloader2: Exceeded max concurrent downloads, not running another queued request
03-10 01:29:02.103  2195  1413 I SDM     : HWCDisplay::SetReadbackBuffer: CWB config from client: tap_point 1, CWB ROI Rect(210.000000 26.000000 274.000000 90.000000), PU_as_CWB_ROI 0, Cwb full rect : (0.000000 0.000000 1080.000000 2640.000000)
03-10 01:29:02.104  2195  1413 I SDM     : HWCDisplay::SetReadbackBuffer: Successfully configured the output buffer: readback_buffer_queued_ 1, readback_configured_ 0, cwb_client 3
03-10 01:29:02.104  2195  1413 I SDM     : HWCSession::ProcessRequests: Successfully configured CWB buffer.
03-10 01:29:02.109  7893  1355 D downloader2: Got URL response, starting to read response body. uri=https://www.gstatic.com/mdi-serving/rubidium-adservices-ui-ota-strings/4265/91ac5d17ab9f2445a3462f98f5249a73e9b0e235
03-10 01:29:02.110  2195  1413 I SDM     : HWCSession::ProcessRequests: Pushing release fence in fenece wait queue.
03-10 01:29:02.110  2195  1413 I SDM     : HWCSession::ProcessRequests: Creating AsyncFenceWaits async thread.
03-10 01:29:02.110  2195  1413 I SDM     : HWCSession::ProcessRequests: Remove current CWB request from the pending request queue.
03-10 01:29:02.110  2195  1413 I SDM     : HWCSession::ProcessRequests: No pending cwb requests found in the queue.
03-10 01:29:02.112  7893  9786 D downloader2: New request enqueued, running queue: https://www.gstatic.com/mdi-serving/rubidium-adservices-adtech-enrollment/11167/b5d1a96edb6a1f0a4859f71195a3dae118baacfc
03-10 01:29:02.112  7893  9786 I downloader2: Exceeded max concurrent downloads, not running another queued request
03-10 01:29:02.121  2195  2269 I SDM     : HWDeviceDRM::SetupConcurrentWriteback: Tear down the Concurrent Writeback topology
03-10 01:29:02.122  7893   513 D downloader2: Got URL response, starting to read response body. uri=https://www.gstatic.com/mdi-serving/rubidium-adservices-topics-classifier/1986/9e98784bcdb26a3eb2ab3f65ee811f43177c761f
03-10 01:29:02.124  7893  1370 D downloader2: Response body written. bytesWritten=267, uri=https://www.gstatic.com/mdi-serving/rubidium-adservices-ui-ota-strings/4265/91ac5d17ab9f2445a3462f98f5249a73e9b0e235
03-10 01:29:02.125  7893  1370 D downloader2: Download complete, running queued downloads: https://www.gstatic.com/mdi-serving/rubidium-adservices-ui-ota-strings/4265/91ac5d17ab9f2445a3462f98f5249a73e9b0e235
03-10 01:29:02.125  7893  1370 I downloader2: Exceeded max concurrent downloads, not running another queued request
03-10 01:29:02.125  7893   514 D downloader2: Queued download completed, running queued downloads: https://www.gstatic.com/mdi-serving/rubidium-adservices-ui-ota-strings/4265/91ac5d17ab9f2445a3462f98f5249a73e9b0e235
03-10 01:29:02.125  7893   514 D downloader2: Connectivity satisfied; running request. uri=https://www.gstatic.com/mdi-serving/rubidium-adservices-adtech-enrollment/11167/b5d1a96edb6a1f0a4859f71195a3dae118baacfc
03-10 01:29:02.126  7893   514 I downloader2: Exceeded max concurrent downloads, not running another queued request
03-10 01:29:02.128  2195  1415 I SDM     : HWCSession::NotifyCWBStatus: Notify the client about buffer status 0.
03-10 01:29:02.129  2195  1415 I SDM     : HWCSession::PerformFenceWaits: Remove current release fence from the pending fence wait queue.
03-10 01:29:02.129  2195  1415 I SDM     : HWCSession::PerformFenceWaits: CWB fence queue is empty. No pending release fence to wait on.
03-10 01:29:02.136 11449 11470 I PackageUpdatedTask: Packages updated: [com.checkitt], mOp: 2, mUser: UserHandle{0}
03-10 01:29:02.137 11449 11470 D PackageUpdatedTask: Package updated: mOp=UPDATE packages=[com.checkitt]
03-10 01:29:02.137 11449 11470 I SQLiteCacheHelper: SqliteCacheHelper---->delete whereClause = componentName LIKE ? AND profileId = ?, whereArgs = com.checkitt/%;0;
03-10 01:29:02.138  2163  2163 D SENSOREXT_ALS_COMP: FrontLight: ReportLux 2.57 (17.18-14.61), pre 0.36, dbv 2002, dc 0, fps 90, chPanel 5.58-3.06-2.43-0.86, facCal:lux_s 1.19 cha_s 1.05-1.05-1.10-1.23, RunInfo: DPB 7325-27, TF 7325-0
03-10 01:29:02.138  2163  2163 D motorola.hardware.sensorext-service: handle id:13 wxh:1088x2640 uwxuh:1080x2640 size: 11489280 fd:11 fd_meta:12 flags:0x4000228 usage:0x33  format:0x1 layer_count: 1 reserved_size = 0
03-10 01:29:02.139  2195  2386 I SDM     : HWCSession::SetCWBOutputBuffer: CWB config passed by cwb_client : tappoint 1  CWB_ROI : (210.000000 26.000000 274.000000 90.000000) for display [1 0 0]
03-10 01:29:02.140  2195  1416 I SDM     : HWCDisplay::SetReadbackBuffer: CWB config from client: tap_point 1, CWB ROI Rect(210.000000 26.000000 274.000000 90.000000), PU_as_CWB_ROI 0, Cwb full rect : (0.000000 0.000000 1080.000000 2640.000000)
03-10 01:29:02.140  2195  1416 I SDM     : HWCDisplay::SetReadbackBuffer: Successfully configured the output buffer: readback_buffer_queued_ 1, readback_configured_ 0, cwb_client 3
03-10 01:29:02.140  2195  1416 I SDM     : HWCSession::ProcessRequests: Successfully configured CWB buffer.
03-10 01:29:02.142  3163  7496 W PackageManager: Missing required system package: com.checkitt, but found with extended search.
03-10 01:29:02.144  7893  1355 D downloader2: Got URL response, starting to read response body. uri=https://www.gstatic.com/mdi-serving/rubidium-adservices-adtech-enrollment/11167/b5d1a96edb6a1f0a4859f71195a3dae118baacfc
03-10 01:29:02.144  3163  7496 E PersistenceController: SettingNotFoundException: sv_custom_ai_icon_enabled
03-10 01:29:02.146  7893  9785 D downloader2: New request enqueued, running queue: https://www.gstatic.com/mdi-serving/rubidium-adservices-ui-ota-strings/4265/91ac5d17ab9f2445a3462f98f5249a73e9b0e235
03-10 01:29:02.146  7893  9785 I downloader2: Exceeded max concurrent downloads, not running another queued request
03-10 01:29:02.147  2195  1416 I SDM     : HWCSession::ProcessRequests: Pushing release fence in fenece wait queue.
03-10 01:29:02.147  2195  1416 I SDM     : HWCSession::ProcessRequests: Creating AsyncFenceWaits async thread.
03-10 01:29:02.147  2195  1416 I SDM     : HWCSession::ProcessRequests: Remove current CWB request from the pending request queue.
03-10 01:29:02.147  2195  1416 I SDM     : HWCSession::ProcessRequests: No pending cwb requests found in the queue.
03-10 01:29:02.154  2195  2269 I SDM     : HWDeviceDRM::SetupConcurrentWriteback: Tear down the Concurrent Writeback topology
03-10 01:29:02.155  7893  1354 D downloader2: Response body written. bytesWritten=1233, uri=https://www.gstatic.com/mdi-serving/rubidium-adservices-topics-classifier/1986/9e98784bcdb26a3eb2ab3f65ee811f43177c761f
03-10 01:29:02.156  7893  1354 D downloader2: Download complete, running queued downloads: https://www.gstatic.com/mdi-serving/rubidium-adservices-topics-classifier/1986/9e98784bcdb26a3eb2ab3f65ee811f43177c761f
03-10 01:29:02.156  7893  1370 D downloader2: Queued download completed, running queued downloads: https://www.gstatic.com/mdi-serving/rubidium-adservices-topics-classifier/1986/9e98784bcdb26a3eb2ab3f65ee811f43177c761f
03-10 01:29:02.156  7893  1354 D downloader2: Connectivity satisfied; running request. uri=https://www.gstatic.com/mdi-serving/rubidium-adservices-ui-ota-strings/4265/91ac5d17ab9f2445a3462f98f5249a73e9b0e235
03-10 01:29:02.156  7893  1354 I downloader2: Exceeded max concurrent downloads, not running another queued request
03-10 01:29:02.156  7893  1370 I downloader2: Exceeded max concurrent downloads, not running another queued request
03-10 01:29:02.157  3163  7496 W PackageManager: Missing required system package: com.checkitt, but found with extended search.
03-10 01:29:02.158  7893  1370 D downloader2: Response body written. bytesWritten=286, uri=https://www.gstatic.com/mdi-serving/rubidium-adservices-adtech-enrollment/11167/b5d1a96edb6a1f0a4859f71195a3dae118baacfc
03-10 01:29:02.161  7893  1370 D downloader2: Download complete, running queued downloads: https://www.gstatic.com/mdi-serving/rubidium-adservices-adtech-enrollment/11167/b5d1a96edb6a1f0a4859f71195a3dae118baacfc
03-10 01:29:02.161  7893  1364 D downloader2: Queued download completed, running queued downloads: https://www.gstatic.com/mdi-serving/rubidium-adservices-adtech-enrollment/11167/b5d1a96edb6a1f0a4859f71195a3dae118baacfc
03-10 01:29:02.162  2195  1417 I SDM     : HWCSession::NotifyCWBStatus: Notify the client about buffer status 0.
03-10 01:29:02.162  2195  1417 I SDM     : HWCSession::PerformFenceWaits: Remove current release fence from the pending fence wait queue.
03-10 01:29:02.162  2195  1417 I SDM     : HWCSession::PerformFenceWaits: CWB fence queue is empty. No pending release fence to wait on.
03-10 01:29:02.164  3163  7496 E PersistenceController: SettingNotFoundException: sv_custom_ai_icon_enabled
03-10 01:29:02.167  2163  2163 D SENSOREXT_ALS_COMP: FrontLight: ReportLux 4.56 (19.29-14.72), pre 2.57, dbv 2002, dc 0, fps 90, chPanel 5.74-3.18-2.47-0.90, facCal:lux_s 1.19 cha_s 1.05-1.05-1.10-1.23, RunInfo: DPB 7326-27, TF 7326-0
03-10 01:29:02.175  7893  1355 D downloader2: Got URL response, starting to read response body. uri=https://www.gstatic.com/mdi-serving/rubidium-adservices-ui-ota-strings/4265/91ac5d17ab9f2445a3462f98f5249a73e9b0e235
03-10 01:29:02.177  5643 13675 D ApfFilter: (wlan0): Ignoring RA RA fe80::c294:35ff:fe71:84fd -> ff02::1 180s 2601:85:ca02:f280::/64 7200s/7200s DNS 180s 2601:85:ca02:f280:c294:35ff:fe71:84fd 2001:558:feed::1 2001:558:feed::2 RIO 180s ::/0  which matches RA fe80::c294:35ff:fe71:84fd -> ff02::1 180s 2601:85:ca02:f280::/64 7200s/7200s DNS 180s 2601:85:ca02:f280:c294:35ff:fe71:84fd 2001:558:feed::1 2001:558:feed::2 RIO 180s ::/0 
03-10 01:29:02.181  7893  8649 D downloader2: New request enqueued, running queue: https://www.gstatic.com/mdi-serving/rubidium-adservices-topics-classifier/1986/9e98784bcdb26a3eb2ab3f65ee811f43177c761f
03-10 01:29:02.181  7893  8649 D downloader2: Connectivity satisfied; running request. uri=https://www.gstatic.com/mdi-serving/rubidium-adservices-topics-classifier/1986/9e98784bcdb26a3eb2ab3f65ee811f43177c761f
03-10 01:29:02.184  3163  3203 W PackageManager: Missing required system package: com.checkitt, but found with extended search.
03-10 01:29:02.185  7893  8649 I downloader2: Exceeded max concurrent downloads, not running another queued request
03-10 01:29:02.186 11449 11449 D StatsLog: LAUNCHER_ALLAPPS_COUNT
03-10 01:29:02.188  7893  9784 D downloader2: New request enqueued, running queue: https://www.gstatic.com/mdi-serving/rubidium-adservices-adtech-enrollment/11167/b5d1a96edb6a1f0a4859f71195a3dae118baacfc
03-10 01:29:02.188  7893  9784 I downloader2: Exceeded max concurrent downloads, not running another queued request
03-10 01:29:02.192  7893  1364 D downloader2: Response body written. bytesWritten=267, uri=https://www.gstatic.com/mdi-serving/rubidium-adservices-ui-ota-strings/4265/91ac5d17ab9f2445a3462f98f5249a73e9b0e235
03-10 01:29:02.193  7893  1354 D downloader2: Queued download completed, running queued downloads: https://www.gstatic.com/mdi-serving/rubidium-adservices-ui-ota-strings/4265/91ac5d17ab9f2445a3462f98f5249a73e9b0e235
03-10 01:29:02.194  7893  1354 D downloader2: Connectivity satisfied; running request. uri=https://www.gstatic.com/mdi-serving/rubidium-adservices-adtech-enrollment/11167/b5d1a96edb6a1f0a4859f71195a3dae118baacfc
03-10 01:29:02.194  7893  1354 I downloader2: Exceeded max concurrent downloads, not running another queued request
03-10 01:29:02.194  7893  1364 D downloader2: Download complete, running queued downloads: https://www.gstatic.com/mdi-serving/rubidium-adservices-ui-ota-strings/4265/91ac5d17ab9f2445a3462f98f5249a73e9b0e235
03-10 01:29:02.195  7893  1364 I downloader2: Exceeded max concurrent downloads, not running another queued request
03-10 01:29:02.201  7893  9785 D downloader2: New request enqueued, running queue: https://www.gstatic.com/mdi-serving/rubidium-adservices-ui-ota-strings/4265/91ac5d17ab9f2445a3462f98f5249a73e9b0e235
03-10 01:29:02.201  7893  9785 I downloader2: Exceeded max concurrent downloads, not running another queued request
03-10 01:29:02.207  7893   513 D downloader2: Got URL response, starting to read response body. uri=https://www.gstatic.com/mdi-serving/rubidium-adservices-topics-classifier/1986/9e98784bcdb26a3eb2ab3f65ee811f43177c761f
03-10 01:29:02.213  7893  1370 D downloader2: Response body written. bytesWritten=1233, uri=https://www.gstatic.com/mdi-serving/rubidium-adservices-topics-classifier/1986/9e98784bcdb26a3eb2ab3f65ee811f43177c761f
03-10 01:29:02.214  7893  1355 D downloader2: Queued download completed, running queued downloads: https://www.gstatic.com/mdi-serving/rubidium-adservices-topics-classifier/1986/9e98784bcdb26a3eb2ab3f65ee811f43177c761f
03-10 01:29:02.214  7893  1355 D downloader2: Connectivity satisfied; running request. uri=https://www.gstatic.com/mdi-serving/rubidium-adservices-ui-ota-strings/4265/91ac5d17ab9f2445a3462f98f5249a73e9b0e235
03-10 01:29:02.215  7893  1355 I downloader2: Exceeded max concurrent downloads, not running another queued request
03-10 01:29:02.216  7893  1370 D downloader2: Download complete, running queued downloads: https://www.gstatic.com/mdi-serving/rubidium-adservices-topics-classifier/1986/9e98784bcdb26a3eb2ab3f65ee811f43177c761f
03-10 01:29:02.216  7893  1370 I downloader2: Exceeded max concurrent downloads, not running another queued request
03-10 01:29:02.216  7893  1364 D downloader2: Got URL response, starting to read response body. uri=https://www.gstatic.com/mdi-serving/rubidium-adservices-adtech-enrollment/11167/b5d1a96edb6a1f0a4859f71195a3dae118baacfc
03-10 01:29:02.221  7893  9783 D downloader2: New request enqueued, running queue: https://www.gstatic.com/mdi-serving/rubidium-adservices-topics-classifier/1986/9e98784bcdb26a3eb2ab3f65ee811f43177c761f
03-10 01:29:02.221  7893  9783 I downloader2: Exceeded max concurrent downloads, not running another queued request
03-10 01:29:02.229  7893  1354 D downloader2: Response body written. bytesWritten=286, uri=https://www.gstatic.com/mdi-serving/rubidium-adservices-adtech-enrollment/11167/b5d1a96edb6a1f0a4859f71195a3dae118baacfc
03-10 01:29:02.229  7893  1355 D ErrorCodeSampler: Logging error code: 17 for the sample interval 10000: false
03-10 01:29:02.230  7893  1354 D downloader2: Download complete, running queued downloads: https://www.gstatic.com/mdi-serving/rubidium-adservices-adtech-enrollment/11167/b5d1a96edb6a1f0a4859f71195a3dae118baacfc
03-10 01:29:02.230  7893  1354 D downloader2: Connectivity satisfied; running request. uri=https://www.gstatic.com/mdi-serving/rubidium-adservices-topics-classifier/1986/9e98784bcdb26a3eb2ab3f65ee811f43177c761f
03-10 01:29:02.230  7893  1354 I downloader2: Exceeded max concurrent downloads, not running another queued request
03-10 01:29:02.231  7893  1370 D downloader2: Queued download completed, running queued downloads: https://www.gstatic.com/mdi-serving/rubidium-adservices-adtech-enrollment/11167/b5d1a96edb6a1f0a4859f71195a3dae118baacfc
03-10 01:29:02.231  7893  1370 I downloader2: Exceeded max concurrent downloads, not running another queued request
03-10 01:29:02.238  7893   514 D downloader2: Got URL response, starting to read response body. uri=https://www.gstatic.com/mdi-serving/rubidium-adservices-ui-ota-strings/4265/91ac5d17ab9f2445a3462f98f5249a73e9b0e235
03-10 01:29:02.251  7893   513 D downloader2: Got URL response, starting to read response body. uri=https://www.gstatic.com/mdi-serving/rubidium-adservices-topics-classifier/1986/9e98784bcdb26a3eb2ab3f65ee811f43177c761f
03-10 01:29:02.251  7893  1370 D downloader2: Response body written. bytesWritten=267, uri=https://www.gstatic.com/mdi-serving/rubidium-adservices-ui-ota-strings/4265/91ac5d17ab9f2445a3462f98f5249a73e9b0e235
03-10 01:29:02.251  7893  1370 D downloader2: Download complete, running queued downloads: https://www.gstatic.com/mdi-serving/rubidium-adservices-ui-ota-strings/4265/91ac5d17ab9f2445a3462f98f5249a73e9b0e235
03-10 01:29:02.251  7893  1370 I downloader2: Exceeded max concurrent downloads, not running another queued request
03-10 01:29:02.251  7893  1370 D downloader2: Queued download completed, running queued downloads: https://www.gstatic.com/mdi-serving/rubidium-adservices-ui-ota-strings/4265/91ac5d17ab9f2445a3462f98f5249a73e9b0e235
03-10 01:29:02.261  7893  1370 D downloader2: Response body written. bytesWritten=1233, uri=https://www.gstatic.com/mdi-serving/rubidium-adservices-topics-classifier/1986/9e98784bcdb26a3eb2ab3f65ee811f43177c761f
03-10 01:29:02.262  7893  1370 D downloader2: Download complete, running queued downloads: https://www.gstatic.com/mdi-serving/rubidium-adservices-topics-classifier/1986/9e98784bcdb26a3eb2ab3f65ee811f43177c761f
03-10 01:29:02.262  7893  1370 D downloader2: Queued download completed, running queued downloads: https://www.gstatic.com/mdi-serving/rubidium-adservices-topics-classifier/1986/9e98784bcdb26a3eb2ab3f65ee811f43177c761f
03-10 01:29:02.266  7893  8381 W .adservices.api: ApkAssets: Deleting an ApkAssets object '<empty> and /data/app/~~6m103tbMbycSJ7dKErc6og==/com.checkitt-BSjZghftqHaN9U570CH4tg==/base.apk' with 1 weak references
03-10 01:29:02.271  7893  1354 D ErrorCodeSampler: Logging error code: 17 for the sample interval 10000: false
03-10 01:29:02.295  5625  5962 V PowerManager: userActivity when=37432283 event=0 flags=0 displayId=0 by (com.android.systemui) callers=android.os.PowerManager.userActivity:1487 com.android.systemui.keyguard.KeyguardViewMediator$$ExternalSyntheticLambda0.run:79 java.util.concurrent.ThreadPoolExecutor.runWorker:1145 
03-10 01:29:02.296  3163  3203 W BoostOptController: not supported hint: 118
03-10 01:29:02.322  5625  5625 I FalsingManager: Gesture start time: 37432281079000
03-10 01:29:02.341  3163  3249 W PackageManager: Missing required system package: com.whatsapp, but found with extended search.
03-10 01:29:02.341  3163  3249 W PackageManager: Missing required system package: com.tiktok.lite.go, but found with extended search.
03-10 01:29:02.341  3163  3249 W PackageManager: Missing required system package: com.thirdframestudios.android.expensoor, but found with extended search.
03-10 01:29:02.342  3163  3249 W PackageManager: Missing required system package: com.revolut.revolut, but found with extended search.
03-10 01:29:02.342  3163  3249 W PackageManager: Missing required system package: com.revolut.revolut, but found with extended search.
03-10 01:29:02.342  3163  3249 W PackageManager: Missing required system package: com.particlenews.newsbreak, but found with extended search.
03-10 01:29:02.342  3163  3249 W PackageManager: Missing required system package: com.opera.browser, but found with extended search.
03-10 01:29:02.342  3163  3249 W PackageManager: Missing required system package: com.lemon.lvoverseas, but found with extended search.
03-10 01:29:02.342  3163  3249 W PackageManager: Missing required system package: com.lemon.lvoverseas, but found with extended search.
03-10 01:29:02.342  3163  3249 W PackageManager: Missing required system package: com.lemon.lvoverseas, but found with extended search.
03-10 01:29:02.342  3163  3249 W PackageManager: Missing required system package: com.google.android.apps.magazines, but found with extended search.
03-10 01:29:02.342  3163  3249 W PackageManager: Missing required system package: com.google.android.apps.docs.editors.slides, but found with extended search.
03-10 01:29:02.342  3163  3249 W PackageManager: Missing required system package: com.google.android.apps.docs.editors.sheets, but found with extended search.
03-10 01:29:02.342  3163  3249 W PackageManager: Missing required system package: com.google.android.apps.docs.editors.docs, but found with extended search.
03-10 01:29:02.343  3163  3249 W PackageManager: Missing required system package: com.expedia.bookings, but found with extended search.
03-10 01:29:02.343  3163  3249 W PackageManager: Missing required system package: com.alibaba.aliexpresshd, but found with extended search.
03-10 01:29:02.379  5993 18903 W QAWalletSvc: No wallet cards to return. [CONTEXT service_id=79 ]
03-10 01:29:02.400  2300  2300 I Scheduler: notifyScrollEvent state=1
03-10 01:29:02.416  3163  3229 W BoostOptController: not supported hint: 118
03-10 01:29:02.417  5625  5625 I FalsingManager: Gesture duration, Proximity duration: 122696000, 0
03-10 01:29:02.418  5625  5625 I FalsingManager: Skipped falsing. interactionType=4
03-10 01:29:02.418  5625  5625 I FalsingManager: Skipped falsing. interactionType=4
03-10 01:29:02.428  5625  5625 I FalsingManager: {belief=0.0015044126030674398 confidence=1.0}
03-10 01:29:02.434  5625  5625 D KeyguardViewMediator: keyguardGoingAway requested for userId: 0
03-10 01:29:02.434  5625  5939 D KeyguardTransitionRepository: (Internal) Setting current transition info: TransitionInfo(ownerName=FromLockscreenTransitionInteractor, from=LOCKSCREEN, to=GONE, animated)
03-10 01:29:02.435  5625  5669 V WindowManagerShell: Transition requested (#2159): android.os.BinderProxy@7ce29d6 TransitionRequestInfo { type = TO_BACK, triggerTask = null, pipTask = null, remoteTransition = null, displayChange = null, flags = 262, debugId = 2159 }
03-10 01:29:02.441  7314  7314 D GameMode: onStartedActivityChange: componnent: ComponentInfo{com.checkitt/vc.ucic.uciccore.MainNavigationActivity} entered launcher screen? true
03-10 01:29:02.442  7314  7314 D GameMode: isScreenUnlocked: false
03-10 01:29:02.444  7314  7314 D GameMode: isScreenUnlocked: false
03-10 01:29:02.450  2300  2300 I BpBinder: onLastStrongRef automatically unlinking death recipients: 
03-10 01:29:02.451  7314  7314 D GameMode: isScreenUnlocked: false
03-10 01:29:02.452  3163  3231 I DisplayDeviceRepository: Display device changed: DisplayDeviceInfo{"Built-in Screen": uniqueId="local:4630947043778501762", 1080 x 2640, modeId 3, renderFrameRate 90.0, defaultModeId 1, userPreferredModeId -1, supportedModes [{id=1, width=1080, height=2640, fps=120.00001, vsync=120.00001, synthetic=false, alternativeRefreshRates=[24.000002, 60.000004], supportedHdrTypes=[2, 3, 4]}, {id=2, width=1080, height=2640, fps=144.00002, vsync=144.00002, synthetic=false, alternativeRefreshRates=[], supportedHdrTypes=[2, 3, 4]}, {id=3, width=1080, height=2640, fps=90.0, vsync=90.0, synthetic=false, alternativeRefreshRates=[], supportedHdrTypes=[2, 3, 4]}, {id=4, width=1080, height=2640, fps=60.000004, vsync=60.000004, synthetic=false, alternativeRefreshRates=[24.000002, 120.00001], supportedHdrTypes=[2, 3, 4]}, {id=5, width=1080, height=2640, fps=30.000002, vsync=30.000002, synthetic=false, alternativeRefreshRates=[], supportedHdrTypes=[2, 3, 4]}, {id=6, width=1080, height=2640, fps=24.000002, vsync=24.000002, synthetic=false, alternativeRefreshRates=[60.000004, 120.00001], supportedHdrTypes=[2, 3, 4]}], supportedReadyForModes [], colorMode 0, supportedColorModes [0, 7, 9], hdrCapabilities HdrCapabilities{mSupportedHdrTypes=[2, 3, 4], mMaxLuminance=420.0, mMaxAverageLuminance=210.1615, mMinLuminance=0.323}, allmSupported false, gameContentTypeSupported false, density 420, 397.565 x 435.428 dpi, appVsyncOff 1000000, presDeadline 17111110, cutout DisplayCutout{insets=Rect(0, 108 - 0, 0) waterfall=Insets{left=0, top=0, right=0, bottom=0} boundingRect={Bounds=[Rect(0, 0 - 0, 0), Rect(495, 0 - 585, 108), Rect(0, 0 - 0, 0), Rect(0, 0 - 0, 0)]} cutoutPathParserInfo={CutoutPathParserInfo{displayWidth=1080 displayHeight=2640 physicalDisplayWidth=1080 physicalDisplayHeight=2640 density={2.625} cutoutSpec={M -45,0 L 45,0 L 45,108 L -45,108 Z} rotation={0} scale={1.0} physicalPixelDisplaySizeRatio={1.0}}} sideOverrides={}}, touch INTERNAL, rotation 0, type INTERNAL, address {port=130, model=0x40446dccee101c}, deviceProductInfo DeviceProductInfo{name=, manufacturerPnpId=QCM, productId=1, modelYear=null, manufactureDate=ManufactureDate{week=27, year=2006}, connectionToSinkType=0}, state ON, committedState ON, frameRateOverride , brightnessMinimum 0.0, brightnessMaximum 1.0, brightnessDefault 0.38188976, hdrSdrRatio 1.0, FLAG_ALLOWED_TO_BE_DEFAULT_DISPLAY, FLAG_ROTATES_WITH_CONTENT, FLAG_SECURE, FLAG_SUPPORTS_PROTECTED_BUFFERS, FLAG_TRUSTED, installOrientation 0, displayShape DisplayShape{ spec=-1962366115 displayWidth=1080 displayHeight=2640 physicalPixelDisplaySizeRatio=1.0 rotation=0 offsetX=0 offsetY=0 scale=1.0}}
03-10 01:29:02.454  5625  5625 I KeyguardTransitionRepository: STARTED transition: TransitionStep(from=LOCKSCREEN, to=GONE, value=0.0, transitionState=STARTED, ownerName=FromLockscreenTransitionInteractor)
03-10 01:29:02.458  3163  3249 W MotoBatteryCareService: uid: 10656 pkgName:com.checkitt come to foreground
03-10 01:29:02.459  2064  2064 I sensors-hal: batch:206, android.sensor.light/51, period=200000000, max_latency=0
03-10 01:29:02.459  2064  2064 I sensors-hal: set_config:61, no need to adjust sample_period_ns due to reporting_mode = 2
03-10 01:29:02.459  2064  2064 I sensors-hal: send_sensor_config_request:463, dt=ambient_light: convert sample_period=200000000 to batch_period=200000
03-10 01:29:02.459  2064  2064 I sensors-hal: send_sync_sensor_request:341, send sync request
03-10 01:29:02.459  2064  2064 I sensors-hal: send_sync_sensor_request:367, wait for notification of response
03-10 01:29:02.460  2064  1343 I sensors-hal: ssc_conn_resp_cb:632, resp_value = 0
03-10 01:29:02.461 32450 32450 E [Purchases] - ERROR: Error connecting to billing client to display in-app messages: PurchasesError(code=UnknownError, underlyingErrorMessage=BillingWrapper is not attached to a listener, message='Unknown error. Check the underlying error for more details.')
03-10 01:29:02.461  2064  2064 I sensors-hal: send_sync_sensor_request:373, takes 2 ms to receive the response with 0
03-10 01:29:02.461  2064  2064 I sensors-hal: batch:215, android.sensor.light/51, period=200000000, max_latency=0 request completed
03-10 01:29:02.464  2078  2078 I QTI PowerHAL: Power setMode: 6 to: 0
03-10 01:29:02.469  5625  5806 V SnapshotDrawerUtils: Drawing snapshot surface sizeMismatch=false
03-10 01:29:02.469  3163  7023 D CoreBackPreview: Window{6979494 u0 com.checkitt/vc.ucic.uciccore.MainNavigationActivity}: Setting back callback OnBackInvokedCallbackInfo{mCallback=android.window.IOnBackInvokedCallback$Stub$Proxy@22ecf34, mPriority=0, mIsAnimationCallback=true}
03-10 01:29:02.470 32450 32450 D [Purchases] - DEBUG: ℹ️ App foregrounded
03-10 01:29:02.474 32450   466 D [Purchases] - DEBUG: ℹ️ Checking if cache is stale AppInBackground false
03-10 01:29:02.475 32450   466 D [Purchases] - DEBUG: ℹ️ Checking if cache is stale AppInBackground false
03-10 01:29:02.476 32450   466 D [Purchases] - DEBUG: ℹ️ Updating pending purchase queue
03-10 01:29:02.478 32450 32450 I FIAM.Headless: went foreground
03-10 01:29:02.478 32450 32450 I FIAM.Display: Binding to activity: vc.ucic.uciccore.MainNavigationActivity
03-10 01:29:02.478 32450 32450 I FIAM.Headless: Setting display event component
03-10 01:29:02.479 32450   467 D [Purchases] - DEBUG: ℹ️ Querying purchases
03-10 01:29:02.479 32450 32478 D SessionLifecycleClient: Sending lifecycle 1 to service
03-10 01:29:02.479 32450 32507 I FIAM.Headless: Forcing fetch from service rather than cache. Test Device: false | App Fresh Install: true
03-10 01:29:02.479 32450 32701 D SessionLifecycleService: Activity foregrounding at 37432467.
03-10 01:29:02.480 32450   466 D [Purchases] - DEBUG: ℹ️ No subscriber attributes to synchronize.
03-10 01:29:02.481  2064  2064 I sensors-hal: flush:235, android.sensor.accelerometer/11
03-10 01:29:02.481  2064  2064 I sensors-hal: send_sync_sensor_request:341, send sync request
03-10 01:29:02.482  2064  2064 I sensors-hal: send_sync_sensor_request:367, wait for notification of response
03-10 01:29:02.483  2064  5194 I sensors-hal: ssc_conn_resp_cb:632, resp_value = 0
03-10 01:29:02.483  2064  2064 I sensors-hal: send_sync_sensor_request:373, takes 1 ms to receive the response with 0
03-10 01:29:02.483  2064  2064 I sensors-hal: flush:241, android.sensor.accelerometer/11 completed
03-10 01:29:02.487  5625  5640 V WindowManagerShell: onTransitionReady(transaction=13584981707661)
03-10 01:29:02.488  5625  5669 V WindowManagerShell: onTransitionReady (#2159) android.os.BinderProxy@7ce29d6: {id=2159 t=TO_BACK f=0x106 trk=0 r=[0@Point(0, 0)] c=[{WCT{android.window.IWindowContainerToken$Stub$Proxy@fc587b0} m=TO_FRONT f=NONE p=WCT{android.window.IWindowContainerToken$Stub$Proxy@8929629} pTaskId=-1 leash=Surface(name=Task=930)/@0xffee42d sb=Rect(0, 0 - 1080, 2640) eb=Rect(0, 0 - 1080, 2640) d=0 taskParent=-1},{WCT{android.window.IWindowContainerToken$Stub$Proxy@ce09dae} m=TO_FRONT f=NONE leash=Surface(name=DefaultTaskDisplayArea)/@0xdb0d62 sb=Rect(0, 0 - 1080, 2640) eb=Rect(0, 0 - 1080, 2640) d=0}]}
03-10 01:29:02.488  5625  5669 V WindowManagerShell: Playing animation for (#2159) android.os.BinderProxy@7ce29d6@0
03-10 01:29:02.488  5625  5669 V WindowManagerShell:  try handler com.android.wm.shell.transition.DefaultMixedHandler@3a635b8
03-10 01:29:02.488  5625  5669 V WindowManagerShell:  try handler com.android.wm.shell.keyguard.KeyguardTransitionHandler@6731f91
03-10 01:29:02.489  5625  5669 V WindowManagerShell: start keyguard going-away transition, info = {id=2159 t=TO_BACK f=0x106 trk=0 r=[0@Point(0, 0)] c=[{WCT{android.window.IWindowContainerToken$Stub$Proxy@fc587b0} m=TO_FRONT f=NONE p=WCT{android.window.IWindowContainerToken$Stub$Proxy@8929629} pTaskId=-1 leash=Surface(name=Task=930)/@0xffee42d sb=Rect(0, 0 - 1080, 2640) eb=Rect(0, 0 - 1080, 2640) d=0 taskParent=-1},{WCT{android.window.IWindowContainerToken$Stub$Proxy@ce09dae} m=TO_FRONT f=NONE leash=Surface(name=DefaultTaskDisplayArea)/@0xdb0d62 sb=Rect(0, 0 - 1080, 2640) eb=Rect(0, 0 - 1080, 2640) d=0}]}
03-10 01:29:02.489  5625  5669 D KeyguardService: Starts IRemoteAnimationRunner: info={id=2159 t=TO_BACK f=0x106 trk=0 r=[0@Point(0, 0)] c=[{WCT{android.window.IWindowContainerToken$Stub$Proxy@fc587b0} m=TO_FRONT f=NONE p=WCT{android.window.IWindowContainerToken$Stub$Proxy@8929629} pTaskId=-1 leash=Surface(name=Task=930)/@0xffee42d sb=Rect(0, 0 - 1080, 2640) eb=Rect(0, 0 - 1080, 2640) d=0 taskParent=-1},{WCT{android.window.IWindowContainerToken$Stub$Proxy@ce09dae} m=TO_FRONT f=NONE leash=Surface(name=DefaultTaskDisplayArea)/@0xdb0d62 sb=Rect(0, 0 - 1080, 2640) eb=Rect(0, 0 - 1080, 2640) d=0}]}
03-10 01:29:02.495  2064  2064 I sensors-hal: flush:235, android.sensor.accelerometer/11
03-10 01:29:02.495  2064  2064 I sensors-hal: send_sync_sensor_request:341, send sync request
03-10 01:29:02.495  2064  2064 I sensors-hal: send_sync_sensor_request:367, wait for notification of response
03-10 01:29:02.495 32450 32742 I FIAM.Headless: Fetching campaigns from service.
03-10 01:29:02.494  3163  3227 V WindowManager: Sent Transition (#2159) createdAt=03-10 01:29:02.434 via request=TransitionRequestInfo { type = TO_BACK, triggerTask = null, pipTask = null, remoteTransition = null, displayChange = null, flags = 262, debugId = 2159 }
03-10 01:29:02.496  3163  3227 V WindowManager:     startWCT=WindowContainerTransaction { changes = {} hops = [] errorCallbackToken=null taskFragmentOrganizer=null }
03-10 01:29:02.496  3163  3227 V WindowManager:     info={id=2159 t=TO_BACK f=0x106 trk=0 r=[0@Point(0, 0)] c=[
03-10 01:29:02.496  3163  3227 V WindowManager:         {WCT{RemoteToken{cb3cfd4 Task{3578774 #930 type=standard A=10656:com.checkitt}}} m=TO_FRONT f=NONE p=WCT{RemoteToken{c670090 DefaultTaskDisplayArea@237120851(displayId=0)}} pTaskId=-1 leash=Surface(name=Task=930)/@0x60327e6 sb=Rect(0, 0 - 1080, 2640) eb=Rect(0, 0 - 1080, 2640) d=0 taskParent=-1},
03-10 01:29:02.496  3163  3227 V WindowManager:         {WCT{RemoteToken{c670090 DefaultTaskDisplayArea@237120851(displayId=0)}} m=TO_FRONT f=NONE leash=Surface(name=DefaultTaskDisplayArea)/@0xc3cff23 sb=Rect(0, 0 - 1080, 2640) eb=Rect(0, 0 - 1080, 2640) d=0}
03-10 01:29:02.496  3163  3227 V WindowManager:     ]}
03-10 01:29:02.496  2064  5194 I sensors-hal: ssc_conn_resp_cb:632, resp_value = 0
03-10 01:29:02.496  2064  2064 I sensors-hal: send_sync_sensor_request:373, takes 1 ms to receive the response with 0
03-10 01:29:02.496  2064  2064 I sensors-hal: flush:241, android.sensor.accelerometer/11 completed
03-10 01:29:02.499  5625  5669 D KeyguardViewMediator: Exit Animation Start: 
03-10 01:29:02.499  5625  5669 V WindowManagerShell:  animated by com.android.wm.shell.keyguard.KeyguardTransitionHandler@6731f91
03-10 01:29:02.499  5625  5625 D KeyguardViewMediator: handleStartKeyguardExitAnimation startTime=0 fadeoutDuration=0
03-10 01:29:02.499  5625  5625 D KeyguardUnlock: playCannedUnlockAnimation
03-10 01:29:02.499  5625  5625 D KeyguardUnlock: playCannedUnlockAnimation, surfaceBehindEntryAnimator#start
03-10 01:29:02.508  3163  7402 W UserManagerService: Requested status bar icon for non-badged user 0
03-10 01:29:02.516  2064  2064 I sensors-hal: batch:206, android.sensor.accelerometer/12, period=20000000, max_latency=0
03-10 01:29:02.516  2064  2064 I sensors-hal: set_config:57, sample_period_ns is adjusted to 20000000 based on min/max delay_ns
03-10 01:29:02.516  2064  2064 I sensors-hal: batch:215, android.sensor.accelerometer/12, period=20000000, max_latency=0 request completed
03-10 01:29:02.516  2064  2064 I sensors-hal: activate:173, android.sensor.accelerometer/12 en=1
03-10 01:29:02.517  2064  2064 I sensors-hal: get_qmi_debug_flag:239, support_qmi_debug : false
03-10 01:29:02.517  2061  2108 E minksocket: MinkIPC_QRTR_Service: client with node 1 port 53c0 went down
03-10 01:29:02.517  2061  2108 E minksocket: MinkIPC_QRTR_Service: client with node 1 port 53c1 went down
03-10 01:29:02.519  2064  2064 E Diag_Lib: diag: Diag_LSM_Init: invoked for pid: 2064 with init_count: 0
03-10 01:29:02.519  2061  2108 E minksocket: MinkIPC_QRTR_Service: client with node 1 port 53c2 went down
03-10 01:29:02.519  2061  2108 E minksocket: MinkIPC_QRTR_Service: client with node 1 port 53c3 went down
03-10 01:29:02.519  2064  2064 E Diag_Lib: diag:failed to connect to diag socket
03-10 01:29:02.519  2064  2064 E Diag_Lib:  Diag_LSM_Init: Failed to open handle to diag driver, error = 13
03-10 01:29:02.520  2064  2064 I sensors-hal: get_qmi_debug_flag:239, support_qmi_debug : false
03-10 01:29:02.521  2061  2108 E minksocket: MinkIPC_QRTR_Service: client with node 1 port 53c5 went down
03-10 01:29:02.522  2064  1426 I sensors-hal: handle_indication_realtime:467,  SCHED_FIFO(10) for qmi_cbk
03-10 01:29:02.525  2061  2108 E minksocket: MinkIPC_QRTR_Service: client with node 1 port 53c6 went down
03-10 01:29:02.525 32450 32530 W GoogleTagManager: UniversalAnalyticsTag has been decommissioned.
03-10 01:29:02.522 32450 32450 W com.checkitt: type=1400 audit(0.0:624078): avc:  denied  { read } for  name="u:object_r:vendor_display_prop:s0" dev="tmpfs" ino=519 scontext=u:r:untrusted_app:s0:c144,c258,c512,c768 tcontext=u:object_r:vendor_display_prop:s0 tclass=file permissive=0 app=com.checkitt
03-10 01:29:02.527 32450 32450 W libc    : Access denied finding property "vendor.display.enable_optimal_refresh_rate"
03-10 01:29:02.531 32450 32450 W libc    : Access denied finding property "vendor.gpp.create_frc_extension"
03-10 01:29:02.532  2061  2108 E minksocket: MinkIPC_QRTR_Service: client with node 1 port 53c7 went down
03-10 01:29:02.533  2064  2064 E Diag_Lib: diag: Diag_LSM_Init: invoked for pid: 2064 with init_count: 0
03-10 01:29:02.533  2064  2064 E Diag_Lib: diag:failed to connect to diag socket
03-10 01:29:02.533  2064  2064 E Diag_Lib:  Diag_LSM_Init: Failed to open handle to diag driver, error = 13
03-10 01:29:02.533  2061  2108 E minksocket: MinkIPC_QRTR_Service: client with node 1 port 53c8 went down
03-10 01:29:02.533  2064  2064 I sensors-hal: send_sensor_config_request:395, resampler is used, set resampler config
03-10 01:29:02.533  2064  2064 I sensors-hal: send_sync_sensor_request:341, send sync request
03-10 01:29:02.534  2064  2064 I sensors-hal: send_sync_sensor_request:367, wait for notification of response
03-10 01:29:02.535  2064  1429 I sensors-hal: ssc_conn_resp_cb:632, resp_value = 0
03-10 01:29:02.536  2064  2064 I sensors-hal: send_sync_sensor_request:373, takes 1 ms to receive the response with 0
03-10 01:29:02.536  2064  2064 I sensors-hal: activate:184, android.sensor.accelerometer/12 en=1 completed
03-10 01:29:02.536  5625  5625 D KeyguardViewMediator: KeyguardViewMediator queue processing message: START_KEYGUARD_EXIT_ANIM
03-10 01:29:02.537  2064  1429 I sensors-hal: handle_indication_realtime:467,  SCHED_FIFO(10) for qmi_cbk
03-10 01:29:02.540  5625  5625 D SCliNotificationListener: onNotificationListUpdate: [com.android.systemui.statusbar.notification.collection.NotificationEntry@790fd94]
03-10 01:29:02.541  3163  5235 E MotoSxfService: ModeUsage or ActivityState is null.
03-10 01:29:02.548  2064  2064 I sensors-hal: batch:206, android.sensor.accelerometer/13, period=20000000, max_latency=0
03-10 01:29:02.548  2064  2064 I sensors-hal: set_config:57, sample_period_ns is adjusted to 20000000 based on min/max delay_ns
03-10 01:29:02.548  2064  2064 I sensors-hal: send_sensor_config_request:395, resampler is used, set resampler config
03-10 01:29:02.548  2064  2064 I sensors-hal: send_sync_sensor_request:341, send sync request
03-10 01:29:02.548  2064  2064 I sensors-hal: send_sync_sensor_request:367, wait for notification of response
03-10 01:29:02.549  2064  5199 I sensors-hal: ssc_conn_resp_cb:632, resp_value = 0
03-10 01:29:02.549  2064  2064 I sensors-hal: send_sync_sensor_request:373, takes 0 ms to receive the response with 0
03-10 01:29:02.550  2064  2064 I sensors-hal: batch:215, android.sensor.accelerometer/13, period=20000000, max_latency=0 request completed
03-10 01:29:02.550  2064  2064 I sensors-hal: flush:235, android.sensor.accelerometer/13
03-10 01:29:02.550  2064  2064 I sensors-hal: send_sync_sensor_request:341, send sync request
03-10 01:29:02.550  2064  2064 I sensors-hal: send_sync_sensor_request:367, wait for notification of response
03-10 01:29:02.551  2064  5199 I sensors-hal: ssc_conn_resp_cb:632, resp_value = 0
03-10 01:29:02.551  2064  2064 I sensors-hal: send_sync_sensor_request:373, takes 0 ms to receive the response with 0
03-10 01:29:02.551  2064  2064 I sensors-hal: flush:241, android.sensor.accelerometer/13 completed
03-10 01:29:02.552  2064  2064 I sensors-hal: flush:235, android.sensor.magnetic_field/21
03-10 01:29:02.552  2064  2064 I sensors-hal: send_sync_sensor_request:341, send sync request
03-10 01:29:02.552  2064  2064 I sensors-hal: send_sync_sensor_request:367, wait for notification of response
03-10 01:29:02.553  2064  1391 I sensors-hal: ssc_conn_resp_cb:632, resp_value = 0
03-10 01:29:02.553  2064  2064 I sensors-hal: send_sync_sensor_request:373, takes 0 ms to receive the response with 0
03-10 01:29:02.553  2064  2064 I sensors-hal: flush:241, android.sensor.magnetic_field/21 completed
03-10 01:29:02.555  2064  2064 I sensors-hal: batch:206, android.sensor.magnetic_field/22, period=20000000, max_latency=0
03-10 01:29:02.555  2064  2064 I sensors-hal: set_config:57, sample_period_ns is adjusted to 20000000 based on min/max delay_ns
03-10 01:29:02.555  2064  2064 I sensors-hal: batch:215, android.sensor.magnetic_field/22, period=20000000, max_latency=0 request completed
03-10 01:29:02.556  2064  2064 I sensors-hal: activate:173, android.sensor.magnetic_field/22 en=1
03-10 01:29:02.556  2064  2064 I sensors-hal: get_qmi_debug_flag:239, support_qmi_debug : false
03-10 01:29:02.556  5625  5625 W WindowOnBackDispatcher: sendCancelIfRunning: isInProgress=false callback=com.android.systemui.back.domain.interactor.BackActionInteractor$callback$2@ea6953b
03-10 01:29:02.559  2064  4171 D slpi-TCS3720: ALS_REPORT lux 20.578474, ch0 8.868165-4.742014-3.710637-1.530643, scale 1.1878, fps 90, client 1
03-10 01:29:02.559  2064  4171 D slpi-TCS3720: PRX_OC info Far, Total 0, pdata 0, offset 0 step 0.63, ore 0:0 step 21.00, TH_H 1020, TH_L 0, client 0
03-10 01:29:02.560  2163  2163 D motorola.hardware.sensorext-service: handle id:13 wxh:1088x2640 uwxuh:1080x2640 size: 11489280 fd:11 fd_meta:12 flags:0x4000228 usage:0x33  format:0x1 layer_count: 1 reserved_size = 0
03-10 01:29:02.561  2195  2386 I SDM     : HWCSession::SetCWBOutputBuffer: CWB config passed by cwb_client : tappoint 1  CWB_ROI : (210.000000 26.000000 274.000000 90.000000) for display [1 0 0]
03-10 01:29:02.561  2061  2108 E minksocket: MinkIPC_QRTR_Service: client with node 1 port 53ca went down
03-10 01:29:02.561  2061  2108 E minksocket: MinkIPC_QRTR_Service: client with node 1 port 53cb went down
03-10 01:29:02.562  2061  2108 E minksocket: MinkIPC_QRTR_Service: client with node 1 port 53cc went down
03-10 01:29:02.562  2064  2064 E Diag_Lib: diag: Diag_LSM_Init: invoked for pid: 2064 with init_count: 0
03-10 01:29:02.562  3163  5843 D CoreBackPreview: Window{e1d6d9e u0 NotificationShade}: Setting back callback null
03-10 01:29:02.562  2064  2064 E Diag_Lib: diag:failed to connect to diag socket
03-10 01:29:02.562  2064  2064 E Diag_Lib:  Diag_LSM_Init: Failed to open handle to diag driver, error = 13
03-10 01:29:02.563  2064  2064 I sensors-hal: get_qmi_debug_flag:239, support_qmi_debug : false
03-10 01:29:02.566  2061  2108 E minksocket: MinkIPC_QRTR_Service: client with node 1 port 53cd went down
03-10 01:29:02.567  2064  1433 I sensors-hal: handle_indication_realtime:467,  SCHED_FIFO(10) for qmi_cbk
03-10 01:29:02.569  2061  2108 E minksocket: MinkIPC_QRTR_Service: client with node 1 port 53cf went down
03-10 01:29:02.569  2061  2108 E minksocket: MinkIPC_QRTR_Service: client with node 1 port 53d0 went down
03-10 01:29:02.571  2061  2108 E minksocket: MinkIPC_QRTR_Service: client with node 1 port 53d1 went down
03-10 01:29:02.571  2064  2064 E Diag_Lib: diag: Diag_LSM_Init: invoked for pid: 2064 with init_count: 0
03-10 01:29:02.572  2064  2064 E Diag_Lib: diag:failed to connect to diag socket
03-10 01:29:02.572  2061  2108 E minksocket: MinkIPC_QRTR_Service: client with node 1 port 53d2 went down
