03-09 22:47:08.444  1685  1685 I ThermalEngine: algo_type monitor
03-09 22:47:08.444  1685  1685 I ThermalEngine: sampling 2000
03-09 22:47:08.444  1685  1685 I ThermalEngine: sensor FUSE_TEMP
03-09 22:47:08.444  1685  1685 I ThermalEngine: thresholds 42000 45000 48000
03-09 22:47:08.444  1685  1685 I ThermalEngine: thresholds_clr 39000 42000 45000
03-09 22:47:08.444  1685  1685 I ThermalEngine: actions cpu-cluster0 cpu-cluster0 cpu-cluster0
03-09 22:47:08.444  1685  1685 I ThermalEngine: action_info 1363200 1228800 1094400
03-09 22:47:08.444  1685  1685 I ThermalEngine: [MON-CHG-BATT-SAFETY]
03-09 22:47:08.444  1685  1685 I ThermalEngine: algo_type monitor
03-09 22:47:08.444  1685  1685 I ThermalEngine: sampling 5000
03-09 22:47:08.444  1685  1685 I ThermalEngine: sensor BCHG_TEMP
03-09 22:47:08.444  1685  1685 I ThermalEngine: thresholds 45000 48000
03-09 22:47:08.444  1685  1685 I ThermalEngine: thresholds_clr 43000 46000
03-09 22:47:08.444  1685  1685 I ThermalEngine: actions battery battery
03-09 22:47:08.444  1685  1685 I ThermalEngine: action_info 2 1
03-09 22:47:08.444  1685  1685 I ThermalEngine: freezing
03-09 22:47:08.444  1685  1685 I ThermalEngine: [MON-CHG-BATT1]
03-09 22:47:08.444  1685  1685 I ThermalEngine: algo_type monitor
03-09 22:47:08.444  1685  1685 I ThermalEngine: sampling 5000
03-09 22:47:08.444  1685  1685 I ThermalEngine: sensor BCHG_TEMP
03-09 22:47:08.444  1685  1685 I ThermalEngine: thresholds 41000 42500 43000
03-09 22:47:08.444  1685  1685 I ThermalEngine: thresholds_clr 40000 41000 42000
03-09 22:47:08.444  1685  1685 I ThermalEngine: actions battery battery battery
03-09 22:47:08.444  1685  1685 I ThermalEngine: action_info 5 4 3
03-09 22:47:08.444  1685  1685 I ThermalEngine: override_c -2000
03-09 22:47:08.444  1685  1685 I ThermalEngine: freezing
03-09 22:47:08.444  1685  1685 I ThermalEngine: [MON-CHG-BATT0]
03-09 22:47:08.444  1685  1685 I ThermalEngine: algo_type monitor
03-09 22:47:08.444  1685  1685 I ThermalEngine: sampling 5000
03-09 22:47:08.444  1685  1685 I ThermalEngine: sensor BCHG_TEMP
03-09 22:47:08.444  1685  1685 I ThermalEngine: thresholds 39500
03-09 22:47:08.444  1685  1685 I ThermalEngine: thresholds_clr 38000
03-09 22:47:08.444  1685  1685 I ThermalEngine: actions battery
03-09 22:47:08.444  1685  1685 I ThermalEngine: action_info 6
03-09 22:47:08.444  1685  1685 I ThermalEngine: override_c -1500
03-09 22:47:08.444  1685  1685 I ThermalEngine: freezing
03-09 22:47:08.444  1685  1685 I ThermalEngine: [FREEZE-CHG]
03-09 22:47:08.444  1685  1685 I ThermalEngine: algo_type monitor
03-09 22:47:08.444  1685  1685 I ThermalEngine: sampling 2000
03-09 22:47:08.444  1685  1685 I ThermalEngine: sensor DETECT-WLS
03-09 22:47:08.444  1685  1685 I ThermalEngine: thresholds 1
03-09 22:47:08.444  1685  1685 I ThermalEngine: thresholds_clr 0
03-09 22:47:08.444  1685  1685 I ThermalEngine: actions freeze_rule
03-09 22:47:08.444  1685  1685 I ThermalEngine: action_info 1
03-09 22:47:08.444  1685  1685 I ThermalEngine: [OVERRIDE-CHG]
03-09 22:47:08.444  1685  1685 I ThermalEngine: algo_type monitor
03-09 22:47:08.444  1685  1685 I ThermalEngine: sampling 1000
03-09 22:47:08.444  1685  1685 I ThermalEngine: sensor DETECT-STANDBY
03-09 22:47:08.444  1685  1685 I ThermalEngine: thresholds 1
03-09 22:47:08.444  1685  1685 I ThermalEngine: thresholds_clr 0
03-09 22:47:08.444  1685  1685 I ThermalEngine: actions internal_override
03-09 22:47:08.444  1685  1685 I ThermalEngine: action_info 1
03-09 22:47:08.444  1685  1685 I ThermalEngine: [REPORT-BACK]
03-09 22:47:08.444  1685  1685 I ThermalEngine: algo_type monitor
03-09 22:47:08.444  1685  1685 I ThermalEngine: sampling 300000
03-09 22:47:08.444  1685  1685 I ThermalEngine: sensor BACK_TEMP
03-09 22:47:08.444  1685  1685 I ThermalEngine: thresholds 42000
03-09 22:47:08.444  1685  1685 I ThermalEngine: thresholds_clr 40000
03-09 22:47:08.444  1685  1685 I ThermalEngine: actions report
03-09 22:47:08.444  1685  1685 I ThermalEngine: action_info 1
03-09 22:47:08.444  1685  1685 I ThermalEngine: [REPORT-FRONT]
03-09 22:47:08.444  1685  1685 I ThermalEngine: algo_type monitor
03-09 22:47:08.444  1685  1685 I ThermalEngine: sampling 300000
03-09 22:47:08.444  1685  1685 I ThermalEngine: sensor FRONT_TEMP
03-09 22:47:08.444  1685  1685 I ThermalEngine: thresholds 42000
03-09 22:47:08.444  1685  1685 I ThermalEngine: thresholds_clr 40000
03-09 22:47:08.444  1685  1685 I ThermalEngine: actions report
03-09 22:47:08.444  1685  1685 I ThermalEngine: action_info 1
03-09 22:47:08.444  1685  1685 I ThermalEngine: [MM-TJ-MONITOR-SHUTDOWN]
03-09 22:47:08.444  1685  1685 I ThermalEngine: #algo_type monitor
03-09 22:47:08.444  1685  1685 I ThermalEngine: sampling 10
03-09 22:47:08.444  1685  1685 I ThermalEngine: sensor VIRTUAL-MM-TJ-SHUTDOWN
03-09 22:47:08.444  1685  1685 I ThermalEngine: thresholds 115000
03-09 22:47:08.444  1685  1685 I ThermalEngine: thresholds_clr 114999
03-09 22:47:08.444  1685  1685 I ThermalEngine: actions shutdown
03-09 22:47:08.444  1685  1685 I ThermalEngine: action_info 0
03-09 22:47:08.444  1685  1685 I ThermalEngine: [MDM-TJ-MONITOR-SHUTDOWN]
03-09 22:47:08.444  1685  1685 I ThermalEngine: #algo_type monitor
03-09 22:47:08.444  1685  1685 I ThermalEngine: sampling 10
03-09 22:47:08.444  1685  1685 I ThermalEngine: sensor VIRTUAL-MDM-TJ-SHUTDOWN
03-09 22:47:08.444  1685  1685 I ThermalEngine: thresholds 115000
03-09 22:47:08.444  1685  1685 I ThermalEngine: thresholds_clr 114999
03-09 22:47:08.444  1685  1685 I ThermalEngine: actions shutdown
03-09 22:47:08.444  1685  1685 I ThermalEngine: action_info 0
03-09 22:47:08.444  1685  1685 I ThermalEngine: [NSP-TJ-MONITOR-SHUTDOWN]
03-09 22:47:08.444  1685  1685 I ThermalEngine: #algo_type monitor
03-09 22:47:08.444  1685  1685 I ThermalEngine: sampling 10
03-09 22:47:08.444  1685  1685 I ThermalEngine: sensor VIRTUAL-NSP-TJ-SHUTDOWN
03-09 22:47:08.444  1685  1685 I ThermalEngine: thresholds 115000
03-09 22:47:08.444  1685  1685 I ThermalEngine: thresholds_clr 114999
03-09 22:47:08.444  1685  1685 I ThermalEngine: actions shutdown
03-09 22:47:08.444  1685  1685 I ThermalEngine: action_info 0
03-09 22:47:08.444  1685  1685 I ThermalEngine: [CPU-TJ-MONITOR-SHUTDOWN]
03-09 22:47:08.444  1685  1685 I ThermalEngine: #algo_type monitor
03-09 22:47:08.444  1685  1685 I ThermalEngine: sampling 10
03-09 22:47:08.444  1685  1685 I ThermalEngine: sensor VIRTUAL-CPU-TJ-SHUTDOWN
03-09 22:47:08.444  1685  1685 I ThermalEngine: thresholds 115000
03-09 22:47:08.444  1685  1685 I ThermalEngine: thresholds_clr 114999
03-09 22:47:08.444  1685  1685 I ThermalEngine: actions shutdown
03-09 22:47:08.444  1685  1685 I ThermalEngine: action_info 0
03-09 22:47:08.444  1685  1685 I ThermalEngine: [CPU-GOLD-TJ-MONITOR-SHUTDOWN]
03-09 22:47:08.444  1685  1685 I ThermalEngine: #algo_type monitor
03-09 22:47:08.444  1685  1685 I ThermalEngine: sampling 10
03-09 22:47:08.444  1685  1685 I ThermalEngine: sensor VIRTUAL-CPU-GOLD-TJ-SHUTDOWN
03-09 22:47:08.444  1685  1685 I ThermalEngine: thresholds 115000
03-09 22:47:08.444  1685  1685 I ThermalEngine: thresholds_clr 114999
03-09 22:47:08.444  1685  1685 I ThermalEngine: actions shutdown
03-09 22:47:08.444  1685  1685 I ThermalEngine: action_info 0
03-09 22:47:08.444  1685  1685 I ThermalEngine: [PMIC-ALARM-MONITOR-SHUTDOWN]
03-09 22:47:08.444  1685  1685 I ThermalEngine: #algo_type monitor
03-09 22:47:08.444  1685  1685 I ThermalEngine: sampling 10
03-09 22:47:08.444  1685  1685 I ThermalEngine: sensor VIRTUAL-PMIC-ALARM-SHUTDOWN
03-09 22:47:08.444  1685  1685 I ThermalEngine: thresholds 115000
03-09 22:47:08.444  1685  1685 I ThermalEngine: thresholds_clr 114999
03-09 22:47:08.444  1685  1685 I ThermalEngine: actions shutdown
03-09 22:47:08.444  1685  1685 I ThermalEngine: action_info 0
03-09 22:47:08.444  1685  1685 I ThermalEngine: [FAIL-SAFE-MONITOR]
03-09 22:47:08.444  1685  1685 I ThermalEngine: #algo_type monitor
03-09 22:47:08.444  1685  1685 I ThermalEngine: sampling 1
03-09 22:47:08.444  1685  1685 I ThermalEngine: sensor VIRTUAL-FAIL-SAFE-TJ
03-09 22:47:08.444  1685  1685 I ThermalEngine: thresholds 100000
03-09 22:47:08.444  1685  1685 I ThermalEngine: thresholds_clr 2
03-09 22:47:08.444  1685  1685 I ThermalEngine: actions camera+camcorder
03-09 22:47:08.444  1685  1685 I ThermalEngine: action_info 10+10
03-09 22:47:08.444  1685  1685 I ThermalEngine: [NSPSS-2-CAMERA-EXIT-MONITOR]
03-09 22:47:08.444  1685  1685 I ThermalEngine: #algo_type monitor
03-09 22:47:08.444  1685  1685 I ThermalEngine: sampling 10
03-09 22:47:08.444  1685  1685 I ThermalEngine: sensor nspss-2
03-09 22:47:08.444  1685  1685 I ThermalEngine: thresholds 100000
03-09 22:47:08.444  1685  1685 I ThermalEngine: thresholds_clr 95000
03-09 22:47:08.444  1685  1685 I ThermalEngine: actions camera
03-09 22:47:08.444  1685  1685 I ThermalEngine: action_info 10
03-09 22:47:08.444  1685  1685 I ThermalEngine: [NSPSS-1-CAMERA-EXIT-MONITOR]
03-09 22:47:08.444  1685  1685 I ThermalEngine: #algo_type monitor
03-09 22:47:08.444  1685  1685 I ThermalEngine: sampling 10
03-09 22:47:08.444  1685  1685 I ThermalEngine: sensor nspss-1
03-09 22:47:08.444  1685  1685 I ThermalEngine: thresholds 100000
03-09 22:47:08.444  1685  1685 I ThermalEngine: thresholds_clr 95000
03-09 22:47:08.444  1685  1685 I ThermalEngine: actions camera
03-09 22:47:08.444  1685  1685 I ThermalEngine: action_info 10
03-09 22:47:08.444  1685  1685 I ThermalEngine: [NSPSS-0-CAMERA-EXIT-MONITOR]
03-09 22:47:08.444  1685  1685 I ThermalEngine: #algo_type monitor
03-09 22:47:08.444  1685  1685 I ThermalEngine: sampling 10
03-09 22:47:08.444  1685  1685 I ThermalEngine: sensor nspss-0
03-09 22:47:08.444  1685  1685 I ThermalEngine: thresholds 100000
03-09 22:47:08.444  1685  1685 I ThermalEngine: thresholds_clr 95000
03-09 22:47:08.444  1685  1685 I ThermalEngine: actions camera
03-09 22:47:08.444  1685  1685 I ThermalEngine: action_info 10
03-09 22:47:08.445  1685  1685 I ThermalEngine: [SS-GPU]
03-09 22:47:08.445  1685  1685 I ThermalEngine: algo_type ss
03-09 22:47:08.445  1685  1685 I ThermalEngine: sampling 2000
03-09 22:47:08.445  1685  1685 I ThermalEngine: sensor FUSE_TEMP
03-09 22:47:08.445  1685  1685 I ThermalEngine: device gpu
03-09 22:47:08.445  1685  1685 I ThermalEngine: set_point 49000
03-09 22:47:08.445  1685  1685 I ThermalEngine: set_point_clr 48000
03-09 22:47:08.445  1685  1685 I ThermalEngine: time_constant 0
03-09 22:47:08.445  1685  1685 I ThermalEngine: [SS-CPU7]
03-09 22:47:08.445  1685  1685 I ThermalEngine: algo_type ss
03-09 22:47:08.445  1685  1685 I ThermalEngine: sampling 2000
03-09 22:47:08.445  1685  1685 I ThermalEngine: sensor FUSE_TEMP
03-09 22:47:08.445  1685  1685 I ThermalEngine: device cpu-cluster2
03-09 22:47:08.445  1685  1685 I ThermalEngine: set_point 38000
03-09 22:47:08.445  1685  1685 I ThermalEngine: set_point_clr 37000
03-09 22:47:08.445  1685  1685 I ThermalEngine: time_constant 0
03-09 22:47:08.445  1685  1685 I ThermalEngine: device_max_limit 2169600
03-09 22:47:08.445  1685  1685 I ThermalEngine: [SS-CPU4]
03-09 22:47:08.445  1685  1685 I ThermalEngine: algo_type ss
03-09 22:47:08.445  1685  1685 I ThermalEngine: sampling 2000
03-09 22:47:08.445  1685  1685 I ThermalEngine: sensor FUSE_TEMP
03-09 22:47:08.445  1685  1685 I ThermalEngine: device cpu-cluster1
03-09 22:47:08.445  1685  1685 I ThermalEngine: set_point 38000
03-09 22:47:08.445  1685  1685 I ThermalEngine: set_point_clr 37000
03-09 22:47:08.445  1685  1685 I ThermalEngine: time_constant 0
03-09 22:47:08.445  1685  1685 I ThermalEngine: device_max_limit 2054400
03-09 22:47:08.445  1685  1881 E ThermalEngine: limits_write_data_to_partition: Error opening lmh_cdsp sysfs
03-09 22:47:08.445  1685  1881 I ThermalEngine: limits_write_data_to_partition: thread exit
03-09 22:47:08.446  3706  3728 I android.hardware.thermal@2.0-service.qti-v2: Sensor Name:GPU0 temp: 39. prev severity:0. cur severity:0 New severity:0
03-09 22:47:08.446  3706  3728 I android.hardware.thermal@2.0-service.qti-v2: Sensor Name:GPU1 temp: 37.9. prev severity:0. cur severity:0 New severity:0
03-09 22:47:08.446  3706  3728 I android.hardware.thermal@2.0-service.qti-v2: Sensor Name:nsp0 temp: 40. prev severity:0. cur severity:0 New severity:0
03-09 22:47:08.446  3706  3728 I android.hardware.thermal@2.0-service.qti-v2: Sensor Name:nsp1 temp: 40.3. prev severity:0. cur severity:0 New severity:0
03-09 22:47:08.446  3706  3728 I android.hardware.thermal@2.0-service.qti-v2: Sensor Name:nsp2 temp: 41.4. prev severity:0. cur severity:0 New severity:0
03-09 22:47:08.446  3706  3728 I android.hardware.thermal@2.0-service.qti-v2: Sensor Name:CPU0 temp: 50.6. prev severity:0. cur severity:0 New severity:0
03-09 22:47:08.446  3706  3728 I android.hardware.thermal@2.0-service.qti-v2: Sensor Name:CPU1 temp: 54. prev severity:0. cur severity:0 New severity:0
03-09 22:47:08.446  3706  3728 I android.hardware.thermal@2.0-service.qti-v2: Sensor Name:CPU2 temp: 53. prev severity:0. cur severity:0 New severity:0
03-09 22:47:08.446  3706  3728 I android.hardware.thermal@2.0-service.qti-v2: Sensor Name:CPU3 temp: 54. prev severity:0. cur severity:0 New severity:0
03-09 22:47:08.446  3706  3728 I android.hardware.thermal@2.0-service.qti-v2: Sensor Name:CPU4 temp: 56.8. prev severity:0. cur severity:0 New severity:0
03-09 22:47:08.446  3706  3728 I android.hardware.thermal@2.0-service.qti-v2: Sensor Name:CPU5 temp: 56.8. prev severity:0. cur severity:0 New severity:0
03-09 22:47:08.446  3706  3728 I android.hardware.thermal@2.0-service.qti-v2: Sensor Name:CPU6 temp: 58.5. prev severity:0. cur severity:0 New severity:0
03-09 22:47:08.446  3706  3728 I android.hardware.thermal@2.0-service.qti-v2: Sensor Name:CPU7 temp: 45.8. prev severity:0. cur severity:0 New severity:0
03-09 22:47:08.446  3706  3728 I android.hardware.thermal@2.0-service.qti-v2: Sensor Name:nsp0 temp: 40. prev severity:0. cur severity:0 New severity:0
03-09 22:47:08.446  3706  3728 I android.hardware.thermal@2.0-service.qti-v2: Sensor Name:nsp1 temp: 40.3. prev severity:0. cur severity:0 New severity:0
03-09 22:47:08.446  3706  3728 I android.hardware.thermal@2.0-service.qti-v2: Sensor Name:nsp2 temp: 41.4. prev severity:0. cur severity:0 New severity:0
03-09 22:47:08.446  3706  3728 I android.hardware.thermal@2.0-service.qti-v2: Sensor Name:GPU0 temp: 39. prev severity:0. cur severity:0 New severity:0
03-09 22:47:08.446  3706  3728 I android.hardware.thermal@2.0-service.qti-v2: Sensor Name:GPU1 temp: 38.3. prev severity:0. cur severity:0 New severity:0
03-09 22:47:08.450  3163  5158 D WifiStaIfaceHidlImpl: getCachedScanData is not implemented by HIDL
03-09 22:47:08.460  3163  5203 I WifiDataStallService: onCapabilitiesChanged NET_CAPABILITY_VALIDATED=true
03-09 22:47:08.460  3163  5203 I WifiDataStallService: WIFI state:true
03-09 22:47:08.460  3163  5203 I WifiDataStallService: WIFI valid state:true
03-09 22:47:08.460  3163  5203 I WifiDataStallService: on-off:false,mScreenOn:true
03-09 22:47:08.463  3163  3163 D WiFiBlocklistController: Wifi onCapabilitiesChanged
03-09 22:47:08.463  3163  3163 D WiFiBlocklistController: Default net onCapabilitiesChanged
03-09 22:47:08.463  3163  3163 D WiFiBlocklistController: updateDefaultNet:135
03-09 22:47:08.463  3163  3163 D WiFiBlocklistController: mayUpdateNotification: shouldShow=false,UidsBlocked=false, net info=net:135,ifName=wlan0,securityType=2,isDefault=true,ssid="micasa",notificationId=0
03-09 22:47:08.465  6932  7504 I BugleRcsEngine: Connected state: [1], networkType: [WIFI] [CONTEXT thread_id=54 ]
03-09 22:47:08.465  6932  8142 I BugleRcsEngine: handleMessage processing message:[NOTIFY_UPTIME_IGNORE_STATE_CHANGED] with [non-null]:RcsEngineImpl reference [CONTEXT log_prefix="RcsEngineImpl[DUAL_REG]:[82ee5969-a086]>Handler" thread_id=61 ]
03-09 22:47:08.466  5693  6968 D QCNEJ/NativeHalConnector: -> SND notifyDefaultNetworkChanged(1)
03-09 22:47:08.467  6932  8142 I BugleRcsEngine: Cannot use CS.apk as it's battery optimized [CONTEXT thread_id=61 ]
03-09 22:47:08.467  5802  7501 E PhoneInterfaceManager: getCarrierPrivilegeStatusForUid: Invalid subId
03-09 22:47:08.470  5993  6986 I NullBinder: NullBinder for android.net.action.RECOMMEND_NETWORKS triggering remote TransactionTooLargeException due to Service without Chimera impl, calling uid: 1000, calling pid: 0
03-09 22:47:08.470  5993  6986 W Binder  : reply too large data on java level: InterfaceDescriptor = null, code = 1
03-09 22:47:08.470  5993  6986 W .gms.persistent: Large reply transaction of 1056768 bytes, interface descriptor , code 1
03-09 22:47:08.472  2068  6060 I vendor.qti.bluetooth@1.0-ibs_handler: ProcessIbsCmd: Received IBS_SLEEP_IND: 0xFE
03-09 22:47:08.472  7091 21947 I ModemStats: [DataStallDetectService] onCapabilitiesChanged networkCapabilities=[ Transports: WIFI Capabilities: NOT_METERED&INTERNET&NOT_RESTRICTED&TRUSTED&NOT_VPN&VALIDATED&NOT_ROAMING&FOREGROUND&NOT_CONGESTED&NOT_SUSPENDED&NOT_VCN_MANAGED&NOT_BANDWIDTH_CONSTRAINED LinkUpBandwidth>=5852Kbps LinkDnBandwidth>=77930Kbps TransportInfo: <SSID: <unknown ssid>, BSSID: 02:00:00:00:00:00, MAC: 02:00:00:00:00:00, IP: /10.0.0.248, Security type: 2, Supplicant state: COMPLETED, Wi-Fi standard: 11ax, RSSI: -63, Link speed: 626Mbps, Tx Link speed: 626Mbps, Max Supported Tx Link speed: 1200Mbps, Rx Link speed: 576Mbps, Max Supported Rx Link speed: 1200Mbps, Frequency: 5785MHz, Net ID: -1, Metered hint: false, score: 60, isUsable: true, CarrierMerged: false, SubscriptionId: -1, IsPrimary: -1, Trusted: true, Restricted: false, Ephemeral: false, OEM paid: false, OEM private: false, OSU AP: false, FQDN: <none>, Provider friendly name: <none>, Requesting package name: <none><none>MLO Information: , Is TID-To-Link negotiation supported by the AP: false, AP MLD Address: <none>, AP MLO Link Id: <none>, AP MLO Affiliated links: <none>, Vendor Data: <none>> SignalStrength: -63 UnderlyingNetworks: Null]
03-09 22:47:08.472  7091 21947 I ModemStats: [DataStallDetectService] onCapabilitiesChanged NET_CAPABILITY_VALIDATED=true
03-09 22:47:08.472  7091 21947 I ModemStats: [DataStallDetectService] onCapabilitiesChanged mDataStallManager.mDataStallInstance=null
03-09 22:47:08.472  7091 21947 I ModemStats: [DataStallDetectService] onCapabilitiesChanged mDataStallSmart5gManager.mDataStallInstance=null
03-09 22:47:08.522  3163  3227 D PowerManagerService: nativeReleaseSuspendBlocker name:PowerManagerService.Broadcasts duration ms: 0
03-09 22:47:08.544  1685  1879 E ThermalEngine: First running, skip
03-09 22:47:08.545  1685  1879 I ThermalEngine: Monitor:ACTIVE:OVERRIDE-CHG:internal_override=1:DETECT-STANDBY=1
03-09 22:47:08.545  1685  1879 I ThermalEngine: ACTION: override_c - Setting override_c to 1
03-09 22:47:08.546  1685  1877 I ThermalEngine: Thermal-Server: Thermal received msg from  override_c
03-09 22:47:08.546  1685  1890 I Thermal-Lib: Thermal-Lib-Client: Client request sent
03-09 22:47:08.573  5625  5625 I KeyguardTransitionRepository: FINISHED transition: TransitionStep(from=DOZING, to=LOCKSCREEN, value=1.0, transitionState=FINISHED, ownerName=FromDozingTransitionInteractor)
03-09 22:47:08.621  2195  2586 I SDM     : DisplayBase::SetDisplayState: active 0-0 state 0-0 pending_power_state_ 0
03-09 22:47:08.624  2300  2300 W ComposerExtn: DisplayExtnImpl::SetEarlyWakeUpConfig: HWC Display 2 is not registered!
03-09 22:47:08.624  2214  2254 W ANDR-PERF-LM: FeatureState: readState() 151: warning: appName is NULL, returning default State
03-09 22:47:08.625  2214  2254 W ANDR-PERF-LM: FeatureState: readState() 151: warning: appName is NULL, returning default State
03-09 22:47:08.625  2214  2254 W ANDR-PERF-LM: FeatureState: readState() 151: warning: appName is NULL, returning default State
03-09 22:47:08.626  2300  2300 D SurfaceFlinger: Finished setting power mode 0 on display 4630947043778501763
03-09 22:47:08.626  3163  5308 D SurfaceControl: Excessive delay in setPowerMode()
03-09 22:47:08.627  3163  5308 D PowerManagerService: nativeSetPowerMode ret:false mode:9 enabled:true duration ms: 0
03-09 22:47:08.636  3163  3352 I WindowManager: Display 0 turning on...
03-09 22:47:08.639  3163  3229 V WindowManager: Content Recording: Display 1 state was (1), is now (1), so update recording?
03-09 22:47:08.639  3163  3229 D CLI/Transition: displaygroup 1, state OFF, pendingdisplaygroup -1
03-09 22:47:08.642  2300  2300 E Scheduler: trackPendingFrame: Invalid present fence
03-09 22:47:08.646  2300  2300 E Scheduler: trackPendingFrame: Invalid present fence
03-09 22:47:08.648  7545  7545 I FileStationLog: [ FS_h$a ] - [Display] Changed display: 1
03-09 22:47:08.650  7545  7545 I FileStationLog: [ FS_h$a ] - [Display] Ignoring change for non-default/desktop display: 1
03-09 22:47:08.652  3163  3352 I DisplayBrightnessStrategySelector: Changing the DisplayBrightnessStrategy from ScreenOffBrightnessStrategy to InvalidBrightnessStrategy for display 0
03-09 22:47:08.653  3163  7479 D WindowManager: mKeyguardDelegate.ShowListener.onDrawn.
03-09 22:47:08.653  3163  3229 W WindowManager: Setting mKeyguardDrawComplete
03-09 22:47:08.656  2064  2064 I sensors-hal: batch:206, android.sensor.light/51, period=250000000, max_latency=0
03-09 22:47:08.656  2064  2064 I sensors-hal: set_config:61, no need to adjust sample_period_ns due to reporting_mode = 2
03-09 22:47:08.656  2064  2064 I sensors-hal: batch:215, android.sensor.light/51, period=250000000, max_latency=0 request completed
03-09 22:47:08.656  2064  2064 I sensors-hal: activate:173, android.sensor.light/51 en=1
03-09 22:47:08.656  2064  2064 I sensors-hal: get_qmi_debug_flag:239, support_qmi_debug : false
03-09 22:47:08.657  2061  2108 E minksocket: MinkIPC_QRTR_Service: client with node 1 port 5742 went down
03-09 22:47:08.657  2061  2108 E minksocket: MinkIPC_QRTR_Service: client with node 1 port 5743 went down
03-09 22:47:08.658  2064  2064 E Diag_Lib: diag: Diag_LSM_Init: invoked for pid: 2064 with init_count: 0
03-09 22:47:08.659  2061  2108 E minksocket: MinkIPC_QRTR_Service: client with node 1 port 5744 went down
03-09 22:47:08.659  2061  2108 E minksocket: MinkIPC_QRTR_Service: client with node 1 port 5745 went down
03-09 22:47:08.659  2064  2064 E Diag_Lib: diag:failed to connect to diag socket
03-09 22:47:08.659  2064  2064 E Diag_Lib:  Diag_LSM_Init: Failed to open handle to diag driver, error = 13
03-09 22:47:08.659  2064  2064 I sensors-hal: send_sensor_config_request:463, dt=ambient_light: convert sample_period=250000000 to batch_period=250000
03-09 22:47:08.659  2064  2064 I sensors-hal: send_sync_sensor_request:341, send sync request
03-09 22:47:08.659  2064  2064 I sensors-hal: send_sync_sensor_request:367, wait for notification of response
03-09 22:47:08.661  2064  1896 I sensors-hal: ssc_conn_resp_cb:632, resp_value = 0
03-09 22:47:08.661  2064  2064 I sensors-hal: send_sync_sensor_request:373, takes 2 ms to receive the response with 0
03-09 22:47:08.661  2064  2064 I sensors-hal: activate:184, android.sensor.light/51 en=1 completed
03-09 22:47:08.662  2064  2064 I sensors-hal: batch:206, com.motorola.sensor.alternate_light/65959, period=250000000, max_latency=0
03-09 22:47:08.662  2064  2064 I sensors-hal: set_config:61, no need to adjust sample_period_ns due to reporting_mode = 2
03-09 22:47:08.662  2064  2064 I sensors-hal: batch:215, com.motorola.sensor.alternate_light/65959, period=250000000, max_latency=0 request completed
03-09 22:47:08.663  2064  2064 I sensors-hal: activate:173, com.motorola.sensor.alternate_light/65959 en=1
03-09 22:47:08.663  2064  2064 I sensors-hal: get_qmi_debug_flag:239, support_qmi_debug : false
03-09 22:47:08.664  2061  2108 E minksocket: MinkIPC_QRTR_Service: client with node 1 port 5747 went down
03-09 22:47:08.664  2061  2108 E minksocket: MinkIPC_QRTR_Service: client with node 1 port 5748 went down
03-09 22:47:08.665  2300  2300 E Scheduler: trackPendingFrame: Invalid present fence
03-09 22:47:08.665  2061  2108 E minksocket: MinkIPC_QRTR_Service: client with node 1 port 5749 went down
03-09 22:47:08.665  2064  2064 E Diag_Lib: diag: Diag_LSM_Init: invoked for pid: 2064 with init_count: 0
03-09 22:47:08.665  2064  2064 E Diag_Lib: diag:failed to connect to diag socket
03-09 22:47:08.665  2064  2064 E Diag_Lib:  Diag_LSM_Init: Failed to open handle to diag driver, error = 13
03-09 22:47:08.666  2064  2064 I sensors-hal: send_sensor_config_request:463, dt=ambient_light_1: convert sample_period=250000000 to batch_period=250000
03-09 22:47:08.666  2064  2064 I sensors-hal: send_sync_sensor_request:341, send sync request
03-09 22:47:08.666  2064  2064 I sensors-hal: send_sync_sensor_request:367, wait for notification of response
03-09 22:47:08.666  2061  2108 E minksocket: MinkIPC_QRTR_Service: client with node 1 port 574a went down
03-09 22:47:08.667  2064  1898 I sensors-hal: ssc_conn_resp_cb:632, resp_value = 0
03-09 22:47:08.667  2064  2064 I sensors-hal: send_sync_sensor_request:373, takes 0 ms to receive the response with 0
03-09 22:47:08.667  2064  2064 I sensors-hal: activate:184, com.motorola.sensor.alternate_light/65959 en=1 completed
03-09 22:47:08.669  3163  3352 V DisplayPowerController2[0]: Brightness [0.17400743] reason changing to: 'manual', previous reason: 'screen_off'.
03-09 22:47:08.670  3163  3352 I DisplayPowerController2[0]: 03-09 22:47:08.669 - BrightnessEvent: disp=0, physDisp=local:4630947043778501762, displayState=ON, displayPolicy=BRIGHT, brt=0.17400743, initBrt=0.0, rcmdBrt=NaN, preBrt=NaN, lux=NaN, preLux=NaN, brtNits=22.706642, hdrNits=NaN, initNits=3.1465538, preNits=NaN, rcmdNits=NaN, hdrBrightness=NaN, brt(%)=20%, brtInt=45, hbmPolicy=normal, hbmMax=0.85440856, hbmMode=off, rbcStrength=50, thrmMax=1.0, powerFactor=1.0, wasShortTermModelActive=false, flags=invalid_lux , reason=manual, autoBrightness=true, strategy=InvalidBrightnessStrategy, autoBrightnessMode=default
03-09 22:47:08.670  3163  5305 D PowerManagerService: nativeSetPowerMode ret:false mode:9 enabled:false duration ms: 0
03-09 22:47:08.670  3163  5305 D TouchHwAidlService: setDisplayState: mScreenOff=false
03-09 22:47:08.671  3163  5305 D LocalDisplayAdapter: setDisplayPowerMode mode=2 for display=android.os.BinderProxy@d90d011
03-09 22:47:08.671  2723 10837 E VendorTagDescriptor: lookupTag: Tag name 'support_get_property_2_0' does not exist.
03-09 22:47:08.671  3163  3231 I DisplayDeviceRepository: Display device changed state: "Built-in Screen", ON
03-09 22:47:08.672  2300  2300 D SurfaceFlinger: Setting power mode 2 on display 4630947043778501762
03-09 22:47:08.673  3163  3231 I InputManager-JNI: Viewport [0] to add: local:4630947043778501762, isActive: true
03-09 22:47:08.673  3163  3231 I InputManager-JNI: Viewport [1] to add: local:4630947043778501763, isActive: false
03-09 22:47:08.674  3163  4285 I InputReader: Reconfiguring input devices, changes=DISPLAY_INFO
03-09 22:47:08.674  3163  4285 I InputReader: Device reconfigured: id=7, name='goodix_ts', size 1080x2640, orientation Rotation0, mode DIRECT, display id 0
03-09 22:47:08.674  3163  4285 I InputReader: Disabling zinitix_mt (device 6) because the associated viewport is not active
03-09 22:47:08.675  3163  3229 D CLI/Transition: displaygroup 0, state ON, pendingdisplaygroup -1
03-09 22:47:08.675  3163  3229 I DisplayDevice: [0] Layerstack set to 0 for local:4630947043778501762 mDisplayToken=android.os.BinderProxy@d90d011 t=Transaction{mNativeObject=-5476376673043675440, mHashCode=0}
03-09 22:47:08.676  2067  8157 D AHAL: AudioDevice: SetParameters: 1564: enter: screen_state=on
03-09 22:47:08.676  2067  8157 D AHAL: AudioVoice: VoiceSetParameters: 87: Enter params: screen_state=on
03-09 22:47:08.676  2067  8157 D AHAL: AudioVoice: VoiceSetParameters: 360: Exit ret: 0
03-09 22:47:08.676  2067  8157 D AHAL: FM: fm_set_parameters: 262: Enter
03-09 22:47:08.676  2067  8157 D AHAL: FM: fm_set_parameters: 320: exit
03-09 22:47:08.676  2067  8157 D AHAL: AudioDevice: SetParameters: 1625:  - screen = on
03-09 22:47:08.676  2067  8157 I PAL: ResourceManager: setParameter: 8311: Screen State:1
03-09 22:47:08.676  2067  8157 D AHAL: AudioDevice: SetParameters: 2361: exit: screen_state=on
03-09 22:47:08.677  3163  3227 D TouchHwAidlService: updateDefaultDisplayState: mScreenOn=true
03-09 22:47:08.677  5993  5993 I NearbyDiscovery: (REDACTED) FastPairDisplayObserver: %s -> %s
03-09 22:47:08.677 26976 27604 D MCLOG   : [BrightnessTrigger] onDisplayChanged displayId = 0
03-09 22:47:08.679  3163  3352 D BrightnessThermalClamper: Thermal status observer already started
03-09 22:47:08.679  3163  3352 D BrightnessThermalClamper: Thermal status observer already started
03-09 22:47:08.680 26976 27604 D MCLOG   : [BrightnessManager] displayId = 0 brightness = 0.17400743 nit = 22.706642 level = br1
03-09 22:47:08.680  5993  8761 I NearbyDiscovery: (REDACTED) PureOffloadFastPairScanner: eventType=%s, isInternalReq=%s, isScanning=%s, isScanningAllowed=%s
03-09 22:47:08.680  3163  3231 D PanelsService: updateDefaultDisplayState: mScreenState=ON
03-09 22:47:08.680  2300  2300 I Scheduler: Display 4630947043778501762 is the pacesetter
03-09 22:47:08.681  2300  2300 I Scheduler: promotePacesetterDisplayLocked, mAcceptScrollEvent=1
03-09 22:47:08.681  5993  8761 I NearbyDiscovery: (REDACTED) ApFastPairScanner: isScreenOn=%s, isLocationEnabled=%s, disableLocationRequirement=%s, isDiscoveryScanningEnabled=%s, during24GhzWifiWarmingUpPeriod=%s
03-09 22:47:08.681  2300  2300 I Scheduler: promotePacesetterDisplayLocked, mAcceptTouchNotBoostEvent=0
03-09 22:47:08.681  5993  8761 D BluetoothAdapter: isLeEnabled(): ON
03-09 22:47:08.681  2064  2064 I sensors-hal: batch:206, android.sensor.light/51, period=200000000, max_latency=0
03-09 22:47:08.681  5993  8761 I NearbyDiscovery: (REDACTED) ApFastPairScanner: eventType=%s, intReq=%s, scanning=%s, scanAllowed=%s, bleEnabled=%s, lockScanRate=%s, startScanningByLowPowerMode=%s
03-09 22:47:08.681  2064  2064 I sensors-hal: set_config:61, no need to adjust sample_period_ns due to reporting_mode = 2
03-09 22:47:08.681  2064  2064 I sensors-hal: send_sensor_config_request:463, dt=ambient_light: convert sample_period=200000000 to batch_period=200000
03-09 22:47:08.681  2064  2064 I sensors-hal: send_sync_sensor_request:341, send sync request
03-09 22:47:08.681  2064  2064 I sensors-hal: send_sync_sensor_request:367, wait for notification of response
03-09 22:47:08.682  5658  6105 I bt_shim_scanner: system/main/shim/le_scanning_manager.cc:185 Scan: in shim layer stopped
03-09 22:47:08.682  2064  1896 I sensors-hal: ssc_conn_resp_cb:632, resp_value = 0
03-09 22:47:08.682  2064  1896 I sensors-hal: handle_indication_realtime:467,  SCHED_FIFO(10) for qmi_cbk
03-09 22:47:08.682  2064  1898 I sensors-hal: handle_indication_realtime:467,  SCHED_FIFO(10) for qmi_cbk
03-09 22:47:08.682  7545  7545 I FileStationLog: [ FS_h$a ] - [Display] Changed display: 0
03-09 22:47:08.683  5658  5907 I bluetooth: system/gd/hci/le_address_manager.cc:244 unregister_client: Client unregistered
03-09 22:47:08.683  5658  5907 I bluetooth: system/gd/hci/le_address_manager.cc:248 unregister_client: Cancelled address rotation alarm
03-09 22:47:08.683  5658  6105 W BtGatt.JNI: android/app/jni/com_android_bluetooth_gatt.cpp:1597 gattSetScanParametersNative: gattSetScanParametersNative
03-09 22:47:08.683  2064  2064 I sensors-hal: send_sync_sensor_request:373, takes 1 ms to receive the response with 0
03-09 22:47:08.683  5658  6105 I bt_shim_scanner: system/main/shim/le_scanning_manager.cc:363 SetScanParameters: in shim layer, scannerId=1
03-09 22:47:08.683  2064  2064 I sensors-hal: batch:215, android.sensor.light/51, period=200000000, max_latency=0 request completed
03-09 22:47:08.683  5658  6105 I bt_shim_scanner: system/main/shim/le_scanning_manager.cc:185 Scan: in shim layer started
03-09 22:47:08.683  5658  5907 I bluetooth: system/gd/hci/le_scanning_manager.cc:690 stop_scan: Scanning already stopped, return!
03-09 22:47:08.683  5658  5907 I bluetooth: system/gd/hci/le_address_manager.cc:226 register_client: Scheduled address rotation for first client registered
03-09 22:47:08.683  5658  5907 I bluetooth: system/gd/hci/le_address_manager.cc:229 register_client: Client registered
03-09 22:47:08.683  3163  3231 W AccessibilityWindowsPopulator: The displayInfo of this displayId (0) called back from the surface fligner is null
03-09 22:47:08.683  7545  7545 I FileStationLog: [ FS_h ] - [Logic] Retrieved display info: LogicDisplayInfo(width=1080, height=2640, orientation=1, rotation=0, displayId=0)
03-09 22:47:08.684  7545  7545 I FileStationLog: [ FS_h$a ] - [Display] New logical size: 1080x2640
03-09 22:47:08.684  7545  7545 I FileStationLog: [ FS_h$a ] - [Display] Screen width unchanged: 1080
03-09 22:47:08.684  3163  3163 I BrightnessSynchronizer: New Update: {[3136] 0.17400743(f), mUpdatedTypes=0, mConfirmedTypes=0, mTimeUpdated=0, mState=2}
03-09 22:47:08.684  2068  6060 I vendor.qti.bluetooth@1.0-ibs_handler: ProcessIbsCmd: Received IBS_WAKE_IND: 0xFD
03-09 22:47:08.684  2068  6060 I vendor.qti.bluetooth@1.0-ibs_handler: ProcessIbsCmd: Writing IBS_WAKE_ACK
03-09 22:47:08.684  3163  3231 W ServiceManagerCppClient: Failed to get isDeclared for com.motorola.hardware.display.panel.IDisplayPanel/default: Status(-1, EX_SECURITY): 'SELinux denied.'
03-09 22:47:08.684  3163  3231 D DisplayPanelService: Setting panel dc mode: 0
03-09 22:47:08.684  2090  2090 I DisplayPanel: setDcMode: DC mode = OFF
03-09 22:47:08.684  2090  2090 D DisplayPanel: setParam: Success set DC to 0 for Primary display
03-09 22:47:08.685  2300  2300 D SurfaceFlinger: Setting desired display mode specs: {0, false, PR={p[60.00-120.00]Hz, r[24.00-120.00]Hz}, AR={p[0.00-120.00]Hz, r[0.00-120.00]Hz}} for display 4630947043778501762
03-09 22:47:08.685  2300  2300 I SurfaceFlinger: Switching to Scheduler preferred mode 0 (120.00 Hz) for display 4630947043778501762
03-09 22:47:08.685  2300  2300 D DisplayModeController: setDesiredMode 4630947043778501762 {mode={fps=120.00 Hz, modePtr={id=0, vsyncRate=120.00 Hz, peakRefreshRate=120.00 Hz}}, emitEvent=true, force=false}
03-09 22:47:08.686  2195  2586 I SDM     : DisplayBase::SetDisplayState: Set state = 1, display 57-0, teardown = 0
03-09 22:47:08.686  2195  2586 I SDM     : HWDeviceDRM::NullCommit: Null commit succeeded crtc=141
03-09 22:47:08.704 10834 10834 I PkDeviceHelper: PkDeviceHelper.refreshDevices():93 refreshing devices
03-09 22:47:08.726  2068  6060 I vendor.qti.bluetooth@1.0-ibs_handler: ProcessIbsCmd: Received IBS_SLEEP_IND: 0xFE
03-09 22:47:08.728  5625  5625 I KgdSliceProvider: The weather info has not change, does not need to be updated. mTempF=-999 iconNumber=-999 celsius=true
03-09 22:47:08.729  3163  3229 W WindowManager: All windows drawn on display -1
03-09 22:47:08.730  3163  3229 D WindowManager: finishScreenTurningOn..
03-09 22:47:08.730  3163  3229 D WindowManager: enableScreen mKeyguardDrawnOnce=true awake=true mBootMessageNeedsHiding=false
03-09 22:47:08.731  3163  3229 W BoostOptController: not supported hint: 118
03-09 22:47:08.731  3163  3229 D CLI/Rotation: Set volume keyswap sysprop for rotation 0 lidState OPEN
03-09 22:47:08.774  2064  4171 D slpi    : tmd2712: Als lux: 2.30, ch0: 39, ch1: 3, scale: 1.08, atime:50.04, again:1024
03-09 22:47:08.844  2064  4171 I slpi-MOT_HINGE: Hingeposture 180.0 tent:0 gpio:-1 flip:1 flat:1 b:1.0 8.9 4.1 72.1 -17.4 -31.3 f:0.8 9.4 -2.4 -451.8 -29.9 -20.1
03-09 22:47:08.849  3163  3231 I DeviceStateManagerService: Cannot notify device state info change when pending state is present.
03-09 22:47:08.851  3163  3227 D TouchHwAidlService: onStateChanged.. state=5
03-09 22:47:08.852  3163  3229 D CLI/SmallCLI: onDeviceLidStateChanged: state=OPEN
03-09 22:47:08.852  5625  5669 D ShellSplitScreen: onFoldedStateChanged: folded=false
03-09 22:47:08.853  2067  8157 D AHAL: AudioDevice: SetParameters: 1564: enter: device_folded=off
03-09 22:47:08.853  2067  8157 D AHAL: AudioVoice: VoiceSetParameters: 87: Enter params: device_folded=off
03-09 22:47:08.854  3163  3231 I LogicalDisplayMapper: Requesting Transition to state: 5, from state=1, interactive=true, mBootCompleted=true
03-09 22:47:08.854  3163  3231 I LogicalDisplayMapper: Applying layout: [{dispId: 0(ON), displayGroupName: , addr: {port=130, model=0x40446dccee101c}, mThermalBrightnessThrottlingMapId: null, mRefreshRateZoneId: null, mLeadDisplayId: -1, mLeadDisplayAddress: null, mThermalRefreshRateThrottlingMapId: null, mPowerThrottlingMapId: null}], Previous layout: [{dispId: 0(ON), displayGroupName: , addr: {port=130, model=0x40446dccee101c}, mThermalBrightnessThrottlingMapId: null, mRefreshRateZoneId: null, mLeadDisplayId: -1, mLeadDisplayAddress: null, mThermalRefreshRateThrottlingMapId: null, mPowerThrottlingMapId: null}]
03-09 22:47:08.854  2067  8157 D AHAL: AudioVoice: VoiceSetParameters: 360: Exit ret: 0
03-09 22:47:08.855  2067  8157 D AHAL: FM: fm_set_parameters: 262: Enter
03-09 22:47:08.855  2067  8157 D AHAL: FM: fm_set_parameters: 320: exit
03-09 22:47:08.855  2067  8157 D AHAL: AudioDevice: SetParameters: 2361: exit: device_folded=off
03-09 22:47:08.862  3163  4279 I CLI/Transition_Device: lid state changed: OPEN -> OPEN, device state changed to OPEN
03-09 22:47:08.863  3163  4279 D CLI/Rotation: Set volume keyswap sysprop for rotation 2 lidState OPEN
03-09 22:47:08.866  3163  4279 I WindowManager: updateRotationUnchecked CLI real rotation changed:3, rotation:3
03-09 22:47:08.882  3163  3231 I WindowManager: Override config changes=20000000 {1.0 ?mcc0mnc [en_US] ldltr sw111dp w210dp h111dp 280dpi smll land night mot-cli finger -keyb/v/h -nav/h winConfig={ mBounds=Rect(0, 0 - 368, 194) mAppBounds=Rect(0, 0 - 368, 194) mMaxBounds=Rect(0, 0 - 368, 194) mDisplayRotation=ROTATION_270 mWindowingMode=fullscreen mActivityType=undefined mAlwaysOnTop=undefined mRotation=ROTATION_270} ?fontWeightAdjustment ?spn ?gid} for displayId=1
03-09 22:47:08.885  3163  3231 I InputManager-JNI: Viewport [0] to add: local:4630947043778501762, isActive: true
03-09 22:47:08.886  3163  3231 I InputManager-JNI: Viewport [1] to add: local:4630947043778501763, isActive: false
03-09 22:47:08.887  3163  4285 I InputReader: Reconfiguring input devices, changes=DISPLAY_INFO
03-09 22:47:08.887  3163  4285 I InputReader: Disabling zinitix_mt (device 6) because the associated viewport is not active
03-09 22:47:08.887  3163  4285 I InputReader: Device reconfigured: id=6, name='zinitix_mt', size 194x368, orientation Rotation0, mode DISABLED, display id 1
03-09 22:47:08.889  3163  3229 V WindowManager: Content Recording: Display 1 state was (1), is now (1), so update recording?
03-09 22:47:08.892  3163  3229 D CLI/Transition: displaygroup 1, state OFF, pendingdisplaygroup -1
03-09 22:47:08.897  5625  5669 I DisplayController: CLI display config changed. dpi:280, fontScale:1.0
03-09 22:47:08.898 10834 10834 I PkDeviceHelper: PkDeviceHelper.refreshDevices():93 refreshing devices
03-09 22:47:08.898  5625  5669 V ShellDragAndDrop: Display changed: 1
03-09 22:47:08.899  7545  7545 I FileStationLog: [ FS_h$a ] - [Display] Changed display: 1
03-09 22:47:08.900  7545  7545 I FileStationLog: [ FS_h$a ] - [Display] Ignoring change for non-default/desktop display: 1
03-09 22:47:08.908  2195  2586 I SDM     : PipeAllocSdma2::CalculatePipeNumToDedicate: num_vig: 0, num_dma: 1
03-09 22:47:08.908  2195  2586 I SDM     : DisplayBase::SetDisplayState: active 1-1 state 1-1 pending_power_state_ 0
03-09 22:47:08.909  2300  2300 D SurfaceFlinger: Finished setting power mode 2 on display 4630947043778501762
03-09 22:47:08.909  2300  2300 D RefreshRateSelector: found  TouchBoostRefreshRate: {fps=90.00 Hz, modePtr={id=4, vsyncRate=90.00 Hz, peakRefreshRate=90.00 Hz}}
03-09 22:47:08.909  2300  2300 D RefreshRateSelector: found  ScrollBoostRefreshRate: {fps=120.00 Hz, modePtr={id=0, vsyncRate=120.00 Hz, peakRefreshRate=120.00 Hz}}
03-09 22:47:08.909  2300  2300 D RefreshRateSelector: [90:120:0]: mTouchBoostRefreshRateAvailable=1, mScrollBoostRefreshRateAvailable=1, mTouchOnBlankNotBoostRefreshRateAvailable=0
03-09 22:47:08.910  3163  5305 D SurfaceControl: Excessive delay in setPowerMode()
03-09 22:47:08.912  3163  5305 W ServiceManagerCppClient: Failed to get isDeclared for com.motorola.hardware.display.panel.IDisplayPanel/default: Status(-1, EX_SECURITY): 'SELinux denied.'
03-09 22:47:08.912  3163  5305 D DisplayPanelService: Setting panel dc mode: 0
03-09 22:47:08.913  2300  2300 I BpBinder: onLastStrongRef automatically unlinking death recipients: 
03-09 22:47:08.913  2090  2090 I DisplayPanel: setDcMode: DC mode = OFF
03-09 22:47:08.914  2090  2090 D DisplayPanel: setParam: Success set DC to 0 for Primary display
03-09 22:47:08.915  3163  3352 D BrightnessThermalClamper: Thermal status observer already started
03-09 22:47:08.917  2300  2300 E Scheduler: trackPendingFrame: Invalid present fence
03-09 22:47:08.917  3163  3352 W BoostOptController: not supported hint: 118
03-09 22:47:08.918  3163  3229 D CLI/Transition: displaygroup 0, state ON, pendingdisplaygroup -1
03-09 22:47:08.918  2067  8157 D AHAL: AudioDevice: SetParameters: 1564: enter: screen_state=on
03-09 22:47:08.918  2067  8157 D AHAL: AudioVoice: VoiceSetParameters: 87: Enter params: screen_state=on
03-09 22:47:08.918  2067  8157 D AHAL: AudioVoice: VoiceSetParameters: 360: Exit ret: 0
03-09 22:47:08.918  2067  8157 D AHAL: FM: fm_set_parameters: 262: Enter
03-09 22:47:08.918  2067  8157 D AHAL: FM: fm_set_parameters: 320: exit
03-09 22:47:08.918  2067  8157 D AHAL: AudioDevice: SetParameters: 1625:  - screen = on
03-09 22:47:08.918  2067  8157 I PAL: ResourceManager: setParameter: 8311: Screen State:1
03-09 22:47:08.918  2067  8157 D AHAL: AudioDevice: SetParameters: 2361: exit: screen_state=on
03-09 22:47:08.920  3163  3352 D BrightnessThermalClamper: Thermal status observer already started
03-09 22:47:08.921  3163  3352 D BrightnessThermalClamper: Thermal status observer already started
03-09 22:47:08.921  3163  3352 D BrightnessThermalClamper: Thermal status observer already started
03-09 22:47:08.921  3163  3352 D BrightnessThermalClamper: Thermal status observer already started
03-09 22:47:08.921  3163  3352 I WindowManager: Display 0 turned on...
03-09 22:47:08.923  5493  5493 I WallpaperService: engine resumed
03-09 22:47:08.923  3163  3163 I BrightnessSynchronizer: New Update: {[3137] 0.17400743(f), mUpdatedTypes=0, mConfirmedTypes=0, mTimeUpdated=0, mState=2}
03-09 22:47:08.925  3163  3352 W PowerManagerService: Screen on took 552 ms
03-09 22:47:08.926  3163  3163 I BrightnessSynchronizer: New Update: {[3138] 0.17400743(f), mUpdatedTypes=0, mConfirmedTypes=0, mTimeUpdated=0, mState=2}
03-09 22:47:08.926 26976 27604 D MCLOG   : [BrightnessTrigger] onDisplayChanged displayId = 0
03-09 22:47:08.926  3163  3163 I BrightnessSynchronizer: New Update: {[3139] 0.17400743(f), mUpdatedTypes=0, mConfirmedTypes=0, mTimeUpdated=0, mState=2}
03-09 22:47:08.926  7545  7545 I FileStationLog: [ FS_h$a ] - [Display] Changed display: 0
03-09 22:47:08.926  3163  3163 I WindowManager: Finished waking up... (groupId=0 why=ON_BECAUSE_OF_USER) pmWakeReason=WAKE_REASON_LID
03-09 22:47:08.926  7545  7545 I FileStationLog: [ FS_h ] - [Logic] Retrieved display info: LogicDisplayInfo(width=1080, height=2640, orientation=1, rotation=0, displayId=0)
03-09 22:47:08.926  7545  7545 I FileStationLog: [ FS_h$a ] - [Display] New logical size: 1080x2640
03-09 22:47:08.926  7545  7545 I FileStationLog: [ FS_h$a ] - [Display] Screen width unchanged: 1080
03-09 22:47:08.927 26976 27604 D MCLOG   : [BrightnessManager] displayId = 0 brightness = 0.17400743 nit = 22.706642 level = br1
03-09 22:47:08.928  2064  2064 I sensors-hal: batch:206, android.sensor.accelerometer/11, period=20000000, max_latency=0
03-09 22:47:08.928  2064  2064 I sensors-hal: set_config:57, sample_period_ns is adjusted to 20000000 based on min/max delay_ns
03-09 22:47:08.928  2064  2064 I sensors-hal: send_sensor_config_request:395, resampler is used, set resampler config
03-09 22:47:08.928  2064  2064 I sensors-hal: send_sync_sensor_request:341, send sync request
03-09 22:47:08.928  2064  2064 I sensors-hal: send_sync_sensor_request:367, wait for notification of response
03-09 22:47:08.930  2064  5194 I sensors-hal: ssc_conn_resp_cb:632, resp_value = 0
03-09 22:47:08.930  2064  2064 I sensors-hal: send_sync_sensor_request:373, takes 1 ms to receive the response with 0
03-09 22:47:08.930  2064  2064 I sensors-hal: batch:215, android.sensor.accelerometer/11, period=20000000, max_latency=0 request completed
03-09 22:47:08.930  2064  2064 I sensors-hal: flush:235, android.sensor.accelerometer/11
03-09 22:47:08.930  2064  2064 I sensors-hal: send_sync_sensor_request:341, send sync request
03-09 22:47:08.930  2064  2064 I sensors-hal: send_sync_sensor_request:367, wait for notification of response
03-09 22:47:08.931  2064  5194 I sensors-hal: ssc_conn_resp_cb:632, resp_value = 0
03-09 22:47:08.931  2064  2064 I sensors-hal: send_sync_sensor_request:373, takes 0 ms to receive the response with 0
03-09 22:47:08.931  2064  2064 I sensors-hal: flush:241, android.sensor.accelerometer/11 completed
03-09 22:47:08.932  2064  2064 I sensors-hal: batch:206, android.sensor.magnetic_field/21, period=20000000, max_latency=0
03-09 22:47:08.932  2064  2064 I sensors-hal: set_config:57, sample_period_ns is adjusted to 20000000 based on min/max delay_ns
03-09 22:47:08.932  2064  2064 I sensors-hal: batch:215, android.sensor.magnetic_field/21, period=20000000, max_latency=0 request completed
03-09 22:47:08.932  2064  2064 I sensors-hal: activate:173, android.sensor.magnetic_field/21 en=1
03-09 22:47:08.932  2064  2064 I sensors-hal: get_qmi_debug_flag:239, support_qmi_debug : false
03-09 22:47:08.933  2061  2108 E minksocket: MinkIPC_QRTR_Service: client with node 1 port 574c went down
03-09 22:47:08.933  2061  2108 E minksocket: MinkIPC_QRTR_Service: client with node 1 port 574d went down
03-09 22:47:08.933  2061  2108 E minksocket: MinkIPC_QRTR_Service: client with node 1 port 574e went down
03-09 22:47:08.933  2061  2108 E minksocket: MinkIPC_QRTR_Service: client with node 1 port 574f went down
03-09 22:47:08.934  2064  2064 E Diag_Lib: diag: Diag_LSM_Init: invoked for pid: 2064 with init_count: 0
03-09 22:47:08.935  2064  2064 E Diag_Lib: diag:failed to connect to diag socket
03-09 22:47:08.935  2064  2064 E Diag_Lib:  Diag_LSM_Init: Failed to open handle to diag driver, error = 13
03-09 22:47:08.935  2064  2064 I sensors-hal: get_qmi_debug_flag:239, support_qmi_debug : false
03-09 22:47:08.936  2061  2108 E minksocket: MinkIPC_QRTR_Service: client with node 1 port 5751 went down
03-09 22:47:08.936  2061  2108 E minksocket: MinkIPC_QRTR_Service: client with node 1 port 5752 went down
03-09 22:47:08.937  2061  2108 E minksocket: MinkIPC_QRTR_Service: client with node 1 port 5753 went down
03-09 22:47:08.937  2064  2064 E Diag_Lib: diag: Diag_LSM_Init: invoked for pid: 2064 with init_count: 0
03-09 22:47:08.937  2061  2108 E minksocket: MinkIPC_QRTR_Service: client with node 1 port 5754 went down
03-09 22:47:08.937  2064  2064 E Diag_Lib: diag:failed to connect to diag socket
03-09 22:47:08.937  2064  2064 E Diag_Lib:  Diag_LSM_Init: Failed to open handle to diag driver, error = 13
03-09 22:47:08.937  2064  1911 I sensors-hal: handle_indication_realtime:467,  SCHED_FIFO(10) for qmi_cbk
03-09 22:47:08.938  2064  2064 I sensors-hal: send_sensor_config_request:395, resampler is used, set resampler config
03-09 22:47:08.938  2064  2064 I sensors-hal: send_sync_sensor_request:341, send sync request
03-09 22:47:08.938  2064  2064 I sensors-hal: send_sync_sensor_request:367, wait for notification of response
03-09 22:47:08.939  2064  1916 I sensors-hal: ssc_conn_resp_cb:632, resp_value = 0
03-09 22:47:08.939  5625  5669 D ShellSplitScreen: onFinishedWakingUp
03-09 22:47:08.939  2064  2064 I sensors-hal: send_sync_sensor_request:373, takes 1 ms to receive the response with 0
03-09 22:47:08.939  2064  2064 I sensors-hal: activate:294, mag_filter is enabled
03-09 22:47:08.939  2064  2064 I sensors-hal: activate:184, android.sensor.magnetic_field/21 en=1 completed
03-09 22:47:08.940  5493  5493 I AndroidInput: sensor listener setup
03-09 22:47:08.940  5493  5971 I AndroidGraphics: Unable to get safe area insets
03-09 22:47:08.941  5493  5971 I AndroidGraphics: resumed
03-09 22:47:08.942  2064  2064 I sensors-hal: batch:206, android.sensor.hinge_angle/362, period=200000000, max_latency=0
03-09 22:47:08.942  2064  2064 I sensors-hal: set_config:61, no need to adjust sample_period_ns due to reporting_mode = 2
03-09 22:47:08.942  2064  2064 I sensors-hal: batch:215, android.sensor.hinge_angle/362, period=200000000, max_latency=0 request completed
03-09 22:47:08.943  2064  1916 I sensors-hal: handle_indication_realtime:467,  SCHED_FIFO(10) for qmi_cbk
03-09 22:47:08.944  2064  2064 I sensors-hal: activate:173, android.sensor.hinge_angle/362 en=1
03-09 22:47:08.944  2064  2064 I sensors-hal: get_qmi_debug_flag:239, support_qmi_debug : false
03-09 22:47:08.946  2061  2108 E minksocket: MinkIPC_QRTR_Service: client with node 1 port 5756 went down
03-09 22:47:08.947  2061  2108 E minksocket: MinkIPC_QRTR_Service: client with node 1 port 5757 went down
03-09 22:47:08.948  5625  5625 I vol.VolumeDialogImpl: mDialog.dismiss() reason: posture_changed from: com.android.systemui.volume.VolumeDialogImpl$H.handleMessage:111 displayId: 0 mShowing: false mIsAnimatingDismiss: false
03-09 22:47:08.948  2061  2108 E minksocket: MinkIPC_QRTR_Service: client with node 1 port 5758 went down
03-09 22:47:08.948  2064  2064 E Diag_Lib: diag: Diag_LSM_Init: invoked for pid: 2064 with init_count: 0
03-09 22:47:08.948  2064  2064 E Diag_Lib: diag:failed to connect to diag socket
03-09 22:47:08.948  2064  2064 E Diag_Lib:  Diag_LSM_Init: Failed to open handle to diag driver, error = 13
