03-09 21:24:06.402  5993  8761 I NearbyDiscovery: (REDACTED) ApFastPairScanner: isScreenOn=%s, isLocationEnabled=%s, disableLocationRequirement=%s, isDiscoveryScanningEnabled=%s, during24GhzWifiWarmingUpPeriod=%s
03-09 21:24:06.404  5993  8761 D BluetoothAdapter: isLeEnabled(): ON
03-09 21:24:06.405  5625  5625 I vol.VolumeDialogImpl: mDialog.dismiss() reason: screen_off from: com.android.systemui.volume.VolumeDialogImpl$10.onScreenOff:4 displayId: 0 mShowing: false mIsAnimatingDismiss: true
03-09 21:24:06.405  5993  8761 I NearbyDiscovery: (REDACTED) ApFastPairScanner: eventType=%s, intReq=%s, scanning=%s, scanAllowed=%s, bleEnabled=%s, lockScanRate=%s, startScanningByLowPowerMode=%s
03-09 21:24:06.405  5625  5625 D vol.VolumeDialogImpl: dismissH: skipping dismiss because isAnimatingDismiss is true and showingStateInconsistent is false
03-09 21:24:06.405  5993  8761 I NearbyDiscovery: ApFastPairScanner: Skipping stop, already stopped scanning [CONTEXT service_id=265 ]
03-09 21:24:06.405  5993  8761 I NearbyDiscovery: FastPairController: onSystemStateChanged: skip due to flag disabled [CONTEXT service_id=265 ]
03-09 21:24:06.405  5625  5928 D KeyguardTransitionRepository: (Internal) Setting current transition info: TransitionInfo(ownerName=FromDozingTransitionInteractor, from=DOZING, to=LOCKSCREEN, animated)
03-09 21:24:06.406  3163  7454 D SystemServerTiming: getUserSwitchability-0
03-09 21:24:06.406  3163  7454 D SystemServerTiming: TM.isInCall
03-09 21:24:06.406  5625  6252 I Channel.Remote: [binder:5625_5] [de8362611079428da312381e6bb8b50c|com.motorola.personalize][118] received remote channel service seq:118 results
03-09 21:24:06.406  5625  5625 D SCliNotificationListener: onNotificationListUpdate: [com.android.systemui.statusbar.notification.collection.GroupEntry@d88fb6e]
03-09 21:24:06.407  3163  7454 D SystemServerTiming: hasUserRestriction-DISALLOW_USER_SWITCH
03-09 21:24:06.407  3163  7454 D SystemServerTiming: getInt-ALLOW_USER_SWITCHING_WHEN_SYSTEM_USER_LOCKED
03-09 21:24:06.407  3163  7454 D SystemServerTiming: isUserUnlocked-USER_SYSTEM
03-09 21:24:06.410  2064  2064 I sensors-hal: flush:235, android.sensor.accelerometer/11
03-09 21:24:06.410  2064  2064 I sensors-hal: send_sync_sensor_request:341, send sync request
03-09 21:24:06.411  2064  2064 I sensors-hal: send_sync_sensor_request:367, wait for notification of response
03-09 21:24:06.411  2064  5194 I sensors-hal: ssc_conn_resp_cb:632, resp_value = 0
03-09 21:24:06.411  2064  2064 I sensors-hal: send_sync_sensor_request:373, takes 0 ms to receive the response with 0
03-09 21:24:06.411  2064  2064 I sensors-hal: flush:241, android.sensor.accelerometer/11 completed
03-09 21:24:06.411  5625  5625 V DreamService[DozeService]: onDestroy()
03-09 21:24:06.411  5625  5625 V DreamService[DozeService]: detach(): Calling onDreamingStopped()
03-09 21:24:06.411  5625  5625 V DreamService[DozeService]: onDreamingStopped()
03-09 21:24:06.411  5625  5625 V DreamService[DozeService]: detach(): mActivity=null mActivity.isFinishing()=false
03-09 21:24:06.411  5625  5625 V DreamService[DozeService]: finish(): mFinished=true activity=null callers=android.service.dreams.DreamService.detach:1492 android.service.dreams.DreamService.onDestroy:1385 com.android.systemui.doze.DozeService.onDestroy:8 android.app.ActivityThread.handleStopService:5307 android.app.ActivityThread.-$$Nest$mhandleStopService:0 
03-09 21:24:06.413  5625  5625 I KeyguardTransitionRepository: Transition still active: TransitionStep(from=GONE, to=DOZING, value=0.5123258, transitionState=RUNNING, ownerName=FromGoneTransitionInteractor(Sleep transition triggered)), canceling
03-09 21:24:06.413  5625  5625 I KeyguardTransitionRepository: CANCELED transition: TransitionStep(from=GONE, to=DOZING, value=0.5123258, transitionState=CANCELED, ownerName=FromGoneTransitionInteractor(Sleep transition triggered))
03-09 21:24:06.414  5625  5625 I KeyguardTransitionRepository: STARTED transition: TransitionStep(from=DOZING, to=LOCKSCREEN, value=0.5123258, transitionState=STARTED, ownerName=FromDozingTransitionInteractor)
03-09 21:24:06.415 11449 11449 D StateManager: goToState - fromState: Normal, toState: Normal, partial trace:
03-09 21:24:06.415 11449 11449 D StateManager: 	at com.android.launcher3.Launcher.onScreenOnChanged(Launcher.java:3017)
03-09 21:24:06.415 11449 11449 D StateManager: 	at com.android.launcher3.Launcher$$ExternalSyntheticLambda25.onScreenOnChanged(D8$$SyntheticClass:0)
03-09 21:24:06.415 11449 11449 D StateManager: 	at com.android.launcher3.util.ScreenOnTracker.lambda$dispatchScreenOnChanged$0(ScreenOnTracker.java:67)
03-09 21:24:06.419 15429 16144 I BatteryCare: [SmartBackground] [DGMC::AccelerateSmartCleanReceiver] action received: android.intent.action.SCREEN_OFF
03-09 21:24:06.425  5625  5625 I Typeface: mototime=Rookery-Stacked;moto_time;5625
03-09 21:24:06.427  2064  4171 D slpi-TMD2712: tmd2712: Prox pdata 4, offset1:72, full: 742, NearBy: 0, Lth:54, Hth:85,off_l 72. off_h 0, th_l 1, th_h 85
03-09 21:24:06.429  5625  5625 I Typeface: mototime=Rookery-Stacked;moto_time;5625
03-09 21:24:06.429  5625  5625 D LockScreen_Plugin: notifyAttributesChanged: pluginCallback = com.android.systemui.shared.plugins.MotoLsClockFacePlugin$PluginCallback@db2e267, data = Bundle[{clock_face_time=moto_time, clock_face_color=-1}]
03-09 21:24:06.429  5625  5625 V MotoLsClockFacePlugin: onClockFaceColorChange: 0xffffffff
03-09 21:24:06.429  5625  5625 V MotoLsClockFacePlugin: onClockFontChanged
03-09 21:24:06.430  3163  4131 D SystemServerTiming: getUserSwitchability-0
03-09 21:24:06.431  3163  4131 D SystemServerTiming: TM.isInCall
03-09 21:24:06.431  3163  5528 D SystemServerTiming: getUserSwitchability-0
03-09 21:24:06.431  3163  5528 D SystemServerTiming: TM.isInCall
03-09 21:24:06.431  3163  4131 D SystemServerTiming: hasUserRestriction-DISALLOW_USER_SWITCH
03-09 21:24:06.431  3163  4131 D SystemServerTiming: getInt-ALLOW_USER_SWITCHING_WHEN_SYSTEM_USER_LOCKED
03-09 21:24:06.431  3163  5528 D SystemServerTiming: hasUserRestriction-DISALLOW_USER_SWITCH
03-09 21:24:06.431  3163  5528 D SystemServerTiming: getInt-ALLOW_USER_SWITCHING_WHEN_SYSTEM_USER_LOCKED
03-09 21:24:06.431  3163  5528 D SystemServerTiming: isUserUnlocked-USER_SYSTEM
03-09 21:24:06.431  3163  4131 D SystemServerTiming: isUserUnlocked-USER_SYSTEM
03-09 21:24:06.433  2064 20587 I sensors-hal: handle_indication_realtime:467,  SCHED_FIFO(10) for qmi_cbk
03-09 21:24:06.447  5625  5625 D BiometricsRepositoryImpl: currentUser authFlags changed, new value: AuthenticationFlags(userId=0, flag=0)
03-09 21:24:06.447  5625  5625 D BiometricsRepositoryImpl: currentUser authFlags changed, new value: AuthenticationFlags(userId=0, flag=0)
03-09 21:24:06.447  7893  6474 W adservices: Skip logging because Cobalt logger is null
03-09 21:24:06.448  5625  5625 D BiometricsRepositoryImpl: currentUser authFlags changed, new value: AuthenticationFlags(userId=0, flag=0)
03-09 21:24:06.448  5625  5625 D BiometricsRepositoryImpl: currentUser authFlags changed, new value: AuthenticationFlags(userId=0, flag=0)
03-09 21:24:06.449  7893  6473 W adservices: Skip logging because Cobalt is disabled.
03-09 21:24:06.453  5625  5625 D BiometricsRepositoryImpl: currentUser authFlags changed, new value: AuthenticationFlags(userId=0, flag=0)
03-09 21:24:06.453  5625  5920 D ControlsListingControllerImpl: Subscribing callback, service count: 1
03-09 21:24:06.453  5625  5625 D BiometricsRepositoryImpl: currentUser authFlags changed, new value: AuthenticationFlags(userId=0, flag=0)
03-09 21:24:06.453  5625  5920 D ControlsListingControllerImpl: Subscribing callback, service count: 1
03-09 21:24:06.455  7893  6474 W adservices: Skip logging because Cobalt is disabled.
03-09 21:24:06.455  7893  6473 W adservices: Skip logging because Cobalt logger is null
03-09 21:24:06.456  5625  5920 D ControlsListingControllerImpl: Subscribing callback, service count: 1
03-09 21:24:06.467  3163  5528 W AppOps  : Noting op not finished: uid 10240 pkg com.google.android.gms code 113 startTime of in progress event=1773105845951
03-09 21:24:06.470  3163  4131 W AppOps  : Noting op not finished: uid 10240 pkg com.google.android.gms code 113 startTime of in progress event=1773105845951
03-09 21:24:06.473  3163  4131 W AppOps  : Noting op not finished: uid 10240 pkg com.google.android.gms code 113 startTime of in progress event=1773105845951
03-09 21:24:06.477  3163  7402 W AppOps  : Noting op not finished: uid 10240 pkg com.google.android.gms code 113 startTime of in progress event=1773105845951
03-09 21:24:06.480  3163  5528 W AppOps  : Noting op not finished: uid 10240 pkg com.google.android.gms code 79 startTime of in progress event=1773105845951
03-09 21:24:06.483  5993  7698 I ActivityScheduler: nextTriggerTime: 35982387, in 179999ms, detectorType: 39, FULL_TYPE alarmWindowMillis: 22500
03-09 21:24:06.491  5993 19678 W QAWalletSvc: No wallet cards to return. [CONTEXT service_id=79 ]
03-09 21:24:06.491  5993 14742 W QAWalletSvc: No wallet cards to return. [CONTEXT service_id=79 ]
03-09 21:24:06.492  5625  5920 E QuickAccessWalletKeyguardQuickAffordanceConfig: Wallet card retrieval error, message: "Unable to load your payment info"
03-09 21:24:06.492  5625  5920 E QuickAccessWalletKeyguardQuickAffordanceConfig: Wallet card retrieval error, message: "Unable to load your payment info"
03-09 21:24:06.492  5993 19676 W QAWalletSvc: No wallet cards to return. [CONTEXT service_id=79 ]
03-09 21:24:06.493  5625  5920 E QuickAccessWalletKeyguardQuickAffordanceConfig: Wallet card retrieval error, message: "Unable to load your payment info"
03-09 21:24:06.526  2195  2392 I SDM     : PipeAllocSdma2::CalculatePipeNumToDedicate: num_vig: 0, num_dma: 1
03-09 21:24:06.527  2195  2392 I SDM     : DisplayBase::SetDisplayState: active 1-1 state 1-1 pending_power_state_ 0
03-09 21:24:06.527  2300  2300 W ComposerExtn: DisplayExtnImpl::SetEarlyWakeUpConfig: HWC Display 2 is not registered!
03-09 21:24:06.527  2300  2300 D SurfaceFlinger: Finished setting power mode 2 on display 4630947043778501763
03-09 21:24:06.527  2300  2300 D RefreshRateSelector: [90:120:0]: mTouchBoostRefreshRateAvailable=0, mScrollBoostRefreshRateAvailable=0, mTouchOnBlankNotBoostRefreshRateAvailable=0
03-09 21:24:06.528  3163  5308 D SurfaceControl: Excessive delay in setPowerMode()
03-09 21:24:06.529  3163  5308 W ServiceManagerCppClient: Failed to get isDeclared for com.motorola.hardware.display.panel.IDisplayPanel/default: Status(-1, EX_SECURITY): 'SELinux denied.'
03-09 21:24:06.529  3163  5308 D DisplayPanelService: Setting panel dc mode: 0
03-09 21:24:06.529  2090  2090 I DisplayPanel: setDcMode: DC mode = OFF
03-09 21:24:06.529  2090  2090 D DisplayPanel: setParam: Success set DC to 0 for Primary display
03-09 21:24:06.531  2300  2300 I BpBinder: onLastStrongRef automatically unlinking death recipients: 
03-09 21:24:06.533  2300  2300 D SurfaceFlinger: setDesiredDisplayModeSpecs[{0, false, PR={p[24.00-120.00]Hz, r[24.00-120.00]Hz}, AR={p[0.00-120.00]Hz, r[0.00-120.00]Hz}}]: by process 3163 uid 1000 for display 4630947043778501762
03-09 21:24:06.534  3163  3231 W AccessibilityWindowsPopulator: The displayInfo of this displayId (0) called back from the surface fligner is null
03-09 21:24:06.537  3163  3229 V WindowManager: Content Recording: Display 1 state was (2), is now (2), so update recording?
03-09 21:24:06.537  3163  3229 D CLI/Transition: displaygroup 1, state ON, pendingdisplaygroup -1
03-09 21:24:06.538  3163  3231 D DisplayManagerService: Ignore redundant display event 1/2 to 10303/11760
03-09 21:24:06.539  2300  2300 E Scheduler: trackPendingFrame: Invalid present fence
03-09 21:24:06.541  5625  5625 I vol.VolumeDialogImpl: dismissH reason = volume_controller mDialog.isShowing(): false
03-09 21:24:06.542  3163  3352 D BrightnessThermalClamper: Thermal status observer already started
03-09 21:24:06.543  3163  3352 I WindowManager: Display 1 turned on...
03-09 21:24:06.543  3163  3229 D CLI/SmallCLI: onScreenTurnedOn: 
03-09 21:24:06.543  3163  3352 D BrightnessThermalClamper: Thermal status observer already started
03-09 21:24:06.543  3163  3352 W PowerManagerService: Screen on took 223 ms
03-09 21:24:06.544  7545  7545 I FileStationLog: [ FS_h$a ] - [Display] Changed display: 1
03-09 21:24:06.546  7545  7545 I FileStationLog: [ FS_h$a ] - [Display] Ignoring change for non-default/desktop display: 1
03-09 21:24:06.547  6344  6344 I WindowController: window interactive state updated to true
03-09 21:24:06.547  3163  3163 I BrightnessSynchronizer: New Update: {[2047] 0.12023617(f), mUpdatedTypes=0, mConfirmedTypes=0, mTimeUpdated=0, mState=2}
03-09 21:24:06.547  3163  3163 I WindowManager: Finished waking up... (groupId=1 why=ON_BECAUSE_OF_USER) pmWakeReason=WAKE_REASON_GESTURE
03-09 21:24:06.550  2064  2064 I sensors-hal: flush:235, android.sensor.accelerometer/11
03-09 21:24:06.550  2064  2064 I sensors-hal: send_sync_sensor_request:341, send sync request
03-09 21:24:06.550  2064  2064 I sensors-hal: send_sync_sensor_request:367, wait for notification of response
03-09 21:24:06.552  2064  5194 I sensors-hal: ssc_conn_resp_cb:632, resp_value = 0
03-09 21:24:06.552  2064  2064 I sensors-hal: send_sync_sensor_request:373, takes 1 ms to receive the response with 0
03-09 21:24:06.552  2064  2064 I sensors-hal: flush:241, android.sensor.accelerometer/11 completed
03-09 21:24:06.553  7150  8001 D WeatherApi: isOWeather: true
03-09 21:24:06.554  3163  3352 V DisplayPowerController2[1]: Brightness [0.0670451] reason changing to: 'automatic', previous reason: 'manual'.
03-09 21:24:06.555  3163  3352 I DisplayPowerController2[1]: 03-09 21:24:06.554 - BrightnessEvent: disp=1, physDisp=local:4630947043778501763, displayState=ON, displayPolicy=BRIGHT, brt=0.0670451, initBrt=0.07396577, rcmdBrt=0.0670451, preBrt=NaN, lux=4.3, preLux=NaN, brtNits=10.623099, hdrNits=NaN, initNits=12.287148, preNits=NaN, rcmdNits=10.623099, hdrBrightness=NaN, brt(%)=9%, brtInt=18, hbmPolicy=normal, hbmMax=0.7660316, hbmMode=off, rbcStrength=-1, thrmMax=1.0, powerFactor=1.0, wasShortTermModelActive=false, flags=, reason=automatic, autoBrightness=true, strategy=InvalidBrightnessStrategy, autoBrightnessMode=default
03-09 21:24:06.555  2300  2300 E Scheduler: trackPendingFrame: Invalid present fence
03-09 21:24:06.556  2300  2449 I SurfaceFlinger: mBrightnessDiming=1, isCli=1, mBrightnessDimingCnt=0
03-09 21:24:06.556  3163  5158 D WifiStaIfaceHidlImpl: getCachedScanData is not implemented by HIDL
03-09 21:24:06.558  5625  5669 D ShellSplitScreen: onFinishedWakingUp
03-09 21:24:06.558  3163  3163 I BrightnessSynchronizer: New Update: {[2048] 0.107428506(f), mUpdatedTypes=1, mConfirmedTypes=0, mTimeUpdated=0, mState=2}
03-09 21:24:06.558  3163  3163 I BrightnessSynchronizer: [2048] New Update 0.107428506(f) set brightness values:  28(i)
03-09 21:24:06.559  3163  3163 I BrightnessSynchronizer: Swallowing update of 28(i) by update: {[2048] 0.107428506(f), mUpdatedTypes=1, mConfirmedTypes=1, mTimeUpdated=22736546, mState=2}
03-09 21:24:06.559  3163  3163 I BrightnessSynchronizer: Completed Update: {[2048] 0.107428506(f), mUpdatedTypes=1, mConfirmedTypes=1, mTimeUpdated=22736546, mState=3}
03-09 21:24:06.560  5689  5689 E DPMJ    : |SERVICE| sendScreenState state  trueand int value 1
03-09 21:24:06.561  6978  6978 I Smart5G : [Smart5GService] receive action: android.intent.action.SCREEN_ON
03-09 21:24:06.562  3163  5215 I MR2ServiceImpl: Updating composite discovery preference | preference: RouteDiscoveryRequest{ preferredFeatures={}, activeScan=false }, active routers: []
03-09 21:24:06.562  3163  3231 D DisplayManagerService: Ignore redundant display event 1/4 to 10303/11760
03-09 21:24:06.562  3163  3163 I BrightnessSynchronizer: New Update: {[2049] 0.107428506(f), mUpdatedTypes=0, mConfirmedTypes=0, mTimeUpdated=0, mState=2}
03-09 21:24:06.566  3163  3163 I BrightnessSynchronizer: New Update: {[2050] 0.107428506(f), mUpdatedTypes=0, mConfirmedTypes=0, mTimeUpdated=0, mState=2}
03-09 21:24:06.566  7314  7314 D GameMode: isScreenUnlocked: false
03-09 21:24:06.570 10834 15161 I DeviceStatusMonitor: DeviceStatusMonitor.handleBroadcast():138 onReceive() : Action = android.intent.action.SCREEN_ON
03-09 21:24:06.570 10834 15161 I DeviceStatusMonitor: DeviceStatusMonitor.updateCountryInfo():154 updateCountryInfo(), notifyAnyway = false
03-09 21:24:06.570  3163  7402 W InputDispatcher: Focused display #1 does not have a focused window.
03-09 21:24:06.571  3163  3231 W AccessibilityWindowsPopulator: The displayInfo of this displayId (0) called back from the surface fligner is null
03-09 21:24:06.571  3163  3231 V WindowManager: Unknown focus tokens, dropping reportFocusChanged
03-09 21:24:06.573  7545  7545 I FileStationLog: [ FileStationManager ] - screenIsOn: true, hasWindowShowed: false
03-09 21:24:06.573  7545  7545 I MotoDesktopLog: [ FileStationLog ] - broadcastMessage - cmd : 2008
03-09 21:24:06.573  2064  4171 D slpi-MOT_HALL: Flip send data : 0, State: far
03-09 21:24:06.573  2064  4171 E slpi    : MOT_GPIO_FLIP kernel state gpio unset
03-09 21:24:06.573  2064  4173 I sensors-hal: handle_sns_client_event:365, mot_flip_event: now=35802477956558 hal ts=35802477243693, MOT_FLIP_STATE_OPEN, count=199.0, cause=0.0, fwreg 1
03-09 21:24:06.573  2064  4173 I sensors-hal: sns_device_mode_init:227, sns_device_mode_init Start
03-09 21:24:06.573  2064  4173 I android.hardware.sensors@2.1-service.multihal: vendor/qcom/proprietary/adsprpc/src/fastrpc_apps_user.c:1553: remote_handle64_open: Successfully opened handle 0x1aeab950 for '":;./\createstaticpd:sensorspd&_dom=adsp on domain 0
03-09 21:24:06.573  3163  3231 I DeviceStateManagerService: Cannot notify device state info change when pending state is present.
03-09 21:24:06.574  3163  3227 D TouchHwAidlService: onStateChanged.. state=1
03-09 21:24:06.575  2064  4173 I android.hardware.sensors@2.1-service.multihal: vendor/qcom/proprietary/adsprpc/src/fastrpc_perf.c:273: fastrpc_perf_init: enabled systrace 0x0 and RPC traces (kernel 0, dsp 0) with frequency 1000
03-09 21:24:06.575  2064 20603 I android.hardware.sensors@2.1-service.multihal: vendor/qcom/proprietary/adsprpc/src/log_config.c:348: file_watcher_thread starting for domain 0
03-09 21:24:06.575  2064 20601 I android.hardware.sensors@2.1-service.multihal: vendor/qcom/proprietary/adsprpc/src/listener_android.c:116: listener thread starting
03-09 21:24:06.575  2064 20603 W android.hardware.sensors@2.1-service.multihal: vendor/qcom/proprietary/adsprpc/src/log_config.c:358:file_watcher_thread: Couldn't find file android.hardware.sensors@2.1-service.multihal.farf, errno (No such file or directory)
03-09 21:24:06.575  3163  3231 I LogicalDisplayMapper: Requesting Transition to state: 1, from state=0, interactive=true, mBootCompleted=true
03-09 21:24:06.575  3163  3231 I LogicalDisplayMapper: Applying layout: [{dispId: 0(ON), displayGroupName: , addr: {port=130, model=0x40446dccee101c}, mThermalBrightnessThrottlingMapId: null, mRefreshRateZoneId: null, mLeadDisplayId: -1, mLeadDisplayAddress: null, mThermalRefreshRateThrottlingMapId: null, mPowerThrottlingMapId: null}], Previous layout: [{dispId: 0(ON), displayGroupName: , addr: {port=130, model=0x40446dccee101c}, mThermalBrightnessThrottlingMapId: null, mRefreshRateZoneId: null, mLeadDisplayId: -1, mLeadDisplayAddress: null, mThermalRefreshRateThrottlingMapId: null, mPowerThrottlingMapId: null}]
03-09 21:24:06.575  3163  3231 D CLI/Rotation: Set volume keyswap sysprop for rotation 0 lidState CLOSED
03-09 21:24:06.577  2064 20601 I android.hardware.sensors@2.1-service.multihal: vendor/qcom/proprietary/adsprpc/src/mod_table.c:703: open_mod_table_open_from_static: reverse module apps_std opened with handle 0x450dfe00 (idx 0)
03-09 21:24:06.577  2064 20601 I android.hardware.sensors@2.1-service.multihal: vendor/qcom/proprietary/adsprpc/src/apps_std_imp.c:860: Successfully opened file /vendor/dsp/adsp/libsns_device_mode_skel.so
03-09 21:24:06.579  3163  3231 W AccessibilityWindowsPopulator: The displayInfo of this displayId (0) called back from the surface fligner is null
03-09 21:24:06.579  3163  3229 D CLI/SmallCLI: onDeviceLidStateChanged: state=CLOSED
03-09 21:24:06.580  2064  2064 I sensors-hal: batch:206, com.motorola.sensor.tap/65988, period=66667000, max_latency=0
03-09 21:24:06.580  2064  2064 I sensors-hal: set_config:57, sample_period_ns is adjusted to 0 based on min/max delay_ns
03-09 21:24:06.580  2064  2064 I sensors-hal: batch:215, com.motorola.sensor.tap/65988, period=66667000, max_latency=0 request completed
03-09 21:24:06.580  3163  5158 D WifiStaIfaceHidlImpl: getCachedScanData is not implemented by HIDL
03-09 21:24:06.580  6344  6344 W libc    : Access denied finding property "vendor.display.enable_optimal_refresh_rate"
03-09 21:24:06.580  2300  2300 E Scheduler: trackPendingFrame: Invalid present fence
03-09 21:24:06.580  6344  6344 W libc    : Access denied finding property "vendor.gpp.create_frc_extension"
03-09 21:24:06.580  3163  3352 W BoostOptController: not supported hint: 118
03-09 21:24:06.581  2300  2639 I SurfaceFlinger: mBrightnessDiming=0, isCli=1, mBrightnessDimingCnt=0
03-09 21:24:06.583  2064  4173 E android.hardware.sensors@2.1-service.multihal: vendor/qcom/proprietary/adsprpc/src/fastrpc_apps_user.c:1491: Error 0x80000406: remote_handle_open_domain: dynamic loading failed for file:///libsns_device_mode_skel.so?sns_device_mode_skel_handle_invoke&_modver=1.0&_dom=adsp on domain 0 (dlerror segment 0 failed hash verification(0x34DA000 B)) (errno Success)
03-09 21:24:06.583  2064  4173 E android.hardware.sensors@2.1-service.multihal: vendor/qcom/proprietary/adsprpc/src/fastrpc_apps_user.c:1550: Error 0x80000406: remote_handle64_open failed for file:///libsns_device_mode_skel.so?sns_device_mode_skel_handle_invoke&_modver=1.0&_dom=adsp (errno Success)
03-09 21:24:06.583  2064  4173 I sensors-hal: sns_device_mode_init:262, sns_device_mode_init End
03-09 21:24:06.583  2064  4173 E sensors-hal: sendDeviceMode:287, mot_flip: one or mode handles unopened: dm 0 rpc 1
03-09 21:24:06.583  2064  2064 I sensors-hal: activate:173, com.motorola.sensor.tap/65988 en=1
03-09 21:24:06.583  2064  4173 E android.hardware.sensors@2.1-service.multihal: vendor/qcom/proprietary/adsprpc/src/fastrpc_apps_user.c:1366: Error 0x80000600: remote_handle_invoke failed for handle 0x0, method 1 on domain 0 (sc 0x1010200) (errno Success)
03-09 21:24:06.583  2064  2064 I sensors-hal: get_qmi_debug_flag:239, support_qmi_debug : false
03-09 21:24:06.583  2064  4173 E android.hardware.sensors@2.1-service.multihal: vendor/qcom/proprietary/adsprpc/src/fastrpc_apps_user.c:1575: Error 0x80000600: remote_handle_close failed for handle 0x0 (dlerr \) (errno Success)
03-09 21:24:06.583  2064  4173 I android.hardware.sensors@2.1-service.multihal: vendor/qcom/proprietary/adsprpc/src/fastrpc_apps_user.c:2737: domain_deinit for domain 0: dev 68
03-09 21:24:06.585  2064 20601 E android.hardware.sensors@2.1-service.multihal: vendor/qcom/proprietary/adsprpc/src/fastrpc_apps_user.c:3516: exit_thread current process1 thread exit nErr = 0x8000040d domain 0, handle 0xb400007d1aeaa890
03-09 21:24:06.586  2061  2108 E minksocket: MinkIPC_QRTR_Service: client with node 1 port 648f went down
03-09 21:24:06.586  2064 20603 W android.hardware.sensors@2.1-service.multihal: vendor/qcom/proprietary/adsprpc/src/log_config.c:368:Warning: file_watcher_thread received exit for domain 0, file android.hardware.sensors@2.1-service.multihal.farf
03-09 21:24:06.586  2064 20603 I android.hardware.sensors@2.1-service.multihal: vendor/qcom/proprietary/adsprpc/src/log_config.c:415: file_watcher_thread exiting for domain 0
03-09 21:24:06.586  2064  4173 I android.hardware.sensors@2.1-service.multihal: vendor/qcom/proprietary/adsprpc/src/mod_table.c:789: open_mod_table_close: closed reverse module apps_std with handle 0x450dfe00
03-09 21:24:06.587  5993  7698 I ActivityScheduler: nextTriggerTime: 35982387, in 179896ms, detectorType: 39, FULL_TYPE alarmWindowMillis: 22500
03-09 21:24:06.587  3163  3163 I BrightnessSynchronizer: New Update: {[2051] 0.107428506(f), mUpdatedTypes=0, mConfirmedTypes=0, mTimeUpdated=0, mState=2}
03-09 21:24:06.588  2064  4173 E android.hardware.sensors@2.1-service.multihal: vendor/qcom/proprietary/adsprpc/src/fastrpc_apps_user.c:1614: Error 0x80000600: remote_handle64_close failed for handle 0xb400007d1aeab950 remote handle 0x0 (errno Success)
03-09 21:24:06.589  2061  2108 E minksocket: MinkIPC_QRTR_Service: client with node 1 port 6490 went down
03-09 21:24:06.589  3163  4279 I CLI/Transition_Device: lid state changed: CLOSED -> OPEN, device state changed to CLOSED
03-09 21:24:06.589  3163  4279 D CLI/Transition_Lid: update lid state OPEN
03-09 21:24:06.590  2064  2064 E Diag_Lib: diag: Diag_LSM_Init: invoked for pid: 2064 with init_count: 0
03-09 21:24:06.590  2064  2064 E Diag_Lib: diag:failed to connect to diag socket
03-09 21:24:06.590  2064  2064 E Diag_Lib:  Diag_LSM_Init: Failed to open handle to diag driver, error = 13
03-09 21:24:06.590  2061  2108 E minksocket: MinkIPC_QRTR_Service: client with node 1 port 6491 went down
03-09 21:24:06.590  2061  2108 E minksocket: MinkIPC_QRTR_Service: client with node 1 port 6492 went down
03-09 21:24:06.590  2064  2064 I sensors-hal: send_sync_sensor_request:341, send sync request
03-09 21:24:06.591  2064  2064 I sensors-hal: send_sync_sensor_request:367, wait for notification of response
03-09 21:24:06.592  3163  5158 D WifiStaIfaceHidlImpl: getCachedScanData is not implemented by HIDL
03-09 21:24:06.593  2064  4171 I slpi-MOT_HINGE: Hingeposture   0.0 tent:0 gpio:-1 flip:1 flat:1 b:0.1 7.5 6.3 41.8 6.4 30.4 f:0.0 -7.0 -6.8 -247.9 -8.1 -36.5
03-09 21:24:06.593  2064 20606 I sensors-hal: ssc_conn_resp_cb:632, resp_value = 0
03-09 21:24:06.593  2064  2064 I sensors-hal: send_sync_sensor_request:373, takes 2 ms to receive the response with 0
03-09 21:24:06.593  2064  2064 I sensors-hal: activate:184, com.motorola.sensor.tap/65988 en=1 completed
03-09 21:24:06.595  6461  6564 I Capsense_Cal: Sensor GetEvents event_count==1
03-09 21:24:06.595  6461  6564 D Capsense_Cal: SensorThread sensorEvents
03-09 21:24:06.595  6461  6564 D Capsense_Cal: Capsensor hallEventHandler sensorEvents->data[0]==1.000000
03-09 21:24:06.595  6461  6564 D Capsense_Cal: start cal : /sys/class/capsense/capsense1/reset, msg: flip_far
03-09 21:24:06.596  5993  8761 I NearbyDiscovery: (REDACTED) FastPairHandler: Received action %s
03-09 21:24:06.596  2300  2300 E Scheduler: trackPendingFrame: Invalid present fence
03-09 21:24:06.596  5993  8761 I NearbyDiscovery: (REDACTED) PureOffloadFastPairScanner: eventType=%s, isInternalReq=%s, isScanning=%s, isScanningAllowed=%s
03-09 21:24:06.597  5993  8761 I NearbyDiscovery: (REDACTED) ApFastPairScanner: isScreenOn=%s, isLocationEnabled=%s, disableLocationRequirement=%s, isDiscoveryScanningEnabled=%s, during24GhzWifiWarmingUpPeriod=%s
03-09 21:24:06.597  5993  8761 D BluetoothAdapter: isLeEnabled(): ON
03-09 21:24:06.597  6461  6564 D Capsense_Cal: start cal : /sys/class/capsense/capsense0/reset, msg: flip_far
03-09 21:24:06.597  5993  8761 I NearbyDiscovery: (REDACTED) ApFastPairScanner: eventType=%s, intReq=%s, scanning=%s, scanAllowed=%s, bleEnabled=%s, lockScanRate=%s, startScanningByLowPowerMode=%s
03-09 21:24:06.597  5625  5625 V KeyguardStatusViewController: onTimeChanged
03-09 21:24:06.598  5993  8761 I NearbyDiscovery: (REDACTED) ApFastPairScanner: isScreenOn=%s, isLocationEnabled=%s, disableLocationRequirement=%s, isDiscoveryScanningEnabled=%s, during24GhzWifiWarmingUpPeriod=%s
03-09 21:24:06.600  3163  4279 W InputDispatcher: Focused display #0 does not have a focused window.
03-09 21:24:06.601  3163  3231 W AccessibilityWindowsPopulator: The displayInfo of this displayId (0) called back from the surface fligner is null
03-09 21:24:06.603  3163  3231 V WindowManager: Unknown focus tokens, dropping reportFocusChanged
03-09 21:24:06.605  6344  6344 V ClockFace: onDataSetChanged: clock update in remote
03-09 21:24:06.605  6344  6344 I WindowController: window interactive state updated to false
03-09 21:24:06.606  2067  8157 D AHAL: AudioDevice: SetParameters: 1564: enter: cli_state=open
03-09 21:24:06.606  2067  8157 D AHAL: AudioVoice: VoiceSetParameters: 87: Enter params: cli_state=open
03-09 21:24:06.606  2067  8157 D AHAL: AudioVoice: VoiceSetParameters: 360: Exit ret: 0
03-09 21:24:06.606  2067  8157 D AHAL: FM: fm_set_parameters: 262: Enter
03-09 21:24:06.606  2067  8157 D AHAL: FM: fm_set_parameters: 320: exit
03-09 21:24:06.606  2067  8157 D AHAL: AudioDevice: SetParameters: 2361: exit: cli_state=open
03-09 21:24:06.607  3163  5203 I WifiDataStallService: onCapabilitiesChanged NET_CAPABILITY_VALIDATED=true
03-09 21:24:06.608  3163  5203 I WifiDataStallService: WIFI state:true
03-09 21:24:06.608  7314  7314 D GameMode: mCLIStatusReceiver: 1
03-09 21:24:06.608  3163  5203 I WifiDataStallService: WIFI valid state:true
03-09 21:24:06.608  3163  5203 I WifiDataStallService: on-off:false,mScreenOn:true
03-09 21:24:06.608  7314  7314 D GameMode: exiting game mode
03-09 21:24:06.609  3163  3227 D TouchHwAidlService: onTapToWakeSettingsChanged isAmbientDisplayAvailable=1 aodEnable=true singleTapEnable=true doubleTapEnable=true lidState=1 callers=com.motorola.server.display.TouchHwAidlService.-$$Nest$monTapToWakeSettingsChanged:0 com.motorola.server.display.TouchHwAidlService$4.onChange:573 android.database.ContentObserver.onChange:184 
03-09 21:24:06.609  3163  3227 D TouchHwAidlService: enableTapWake mode=33 displayId=0 mGestureStowMode=true
03-09 21:24:06.609  2106  2106 I motorola.hardware.display.touch-service: Setting Gesture to 33
03-09 21:24:06.609  3163  3227 D TouchHwAidlService: setGestureModeHal done mode=33 newMode=33 result=0
03-09 21:24:06.609  3163  3227 D TouchHwAidlService: enableTapWake mode=33 displayId=1 mGestureStowMode=true
03-09 21:24:06.609  3163  3227 D TouchHwAidlService: transfer mode=33 transMode=32 cli=true
03-09 21:24:06.610  2106  2106 I motorola.hardware.display.touch-service: Setting CLI Gesture to 32
03-09 21:24:06.610  3163  3227 D TouchHwAidlService: setCliGestureModeHal done mode=33 newMode=32 result=0
03-09 21:24:06.610  3163  3227 D TouchHwAidlService: enableTapWake mode=49 displayId=-1 mGestureStowMode=true
03-09 21:24:06.610  2106  2106 I motorola.hardware.display.touch-service: Setting Gesture to 49
03-09 21:24:06.610  3163  3227 D TouchHwAidlService: setGestureModeHal done mode=49 newMode=49 result=0
03-09 21:24:06.610  3163  3227 D TouchHwAidlService: transfer mode=49 transMode=48 cli=true
03-09 21:24:06.610  2106  2106 I motorola.hardware.display.touch-service: Setting CLI Gesture to 48
03-09 21:24:06.611  3163  3227 D TouchHwAidlService: setCliGestureModeHal done mode=49 newMode=48 result=0
03-09 21:24:06.611  3163  3227 D TouchHwAidlService: Unregister stow sensor
03-09 21:24:06.611  3163  3227 W AlarmManager: Unrecognized alarm listener com.motorola.server.display.TouchHwAidlService$AlarmListenerImpl@de23d8f
03-09 21:24:06.611  3163  3227 D TouchHwAidlService: Unregister stow sensor
03-09 21:24:06.611  3163  3227 W AlarmManager: Unrecognized alarm listener com.motorola.server.display.TouchHwAidlService$AlarmListenerImpl@de23d8f
03-09 21:24:06.611  3163  3227 D TouchHwAidlService: Unregister stow sensor
03-09 21:24:06.611  3163  3227 W AlarmManager: Unrecognized alarm listener com.motorola.server.display.TouchHwAidlService$AlarmListenerImpl@de23d8f
03-09 21:24:06.611  3163  3227 D TouchHwAidlService: enableGestureStowMode stowed: false
03-09 21:24:06.611  2106  2106 I motorola.hardware.display.touch-service: Setting stow gesture mode to 0 for panel 1
03-09 21:24:06.611  3163  3203 W InputManager-JNI: Input channel object '[Gesture Monitor] moto_actions_input_channel (client)' was disposed without first being removed with the input manager!
03-09 21:24:06.611  7314  7314 D GameMode: isFeatureSupported: true
03-09 21:24:06.612  3163  3227 D TouchHwAidlService: setStowGestureMode for cli stowed=false ret=0
03-09 21:24:06.612  3163  3227 D TouchHwAidlService: enableGestureStowMode stowed: false
03-09 21:24:06.612  7314  7314 D GameMode: isFeatureSupported: true
03-09 21:24:06.612  2106  2106 I motorola.hardware.display.touch-service: Setting stow gesture mode to 0 for panel 1
03-09 21:24:06.612  7314  7314 D GameMode: reset : false
03-09 21:24:06.613  5693  6968 D QCNEJ/NativeHalConnector: -> SND notifyDefaultNetworkChanged(1)
03-09 21:24:06.613  2300  2300 E Scheduler: trackPendingFrame: Invalid present fence
03-09 21:24:06.614  6932  7504 I BugleRcsEngine: Connected state: [1], networkType: [WIFI] [CONTEXT thread_id=54 ]
03-09 21:24:06.614  6932  8142 I BugleRcsEngine: handleMessage processing message:[NOTIFY_UPTIME_IGNORE_STATE_CHANGED] with [non-null]:RcsEngineImpl reference [CONTEXT log_prefix="RcsEngineImpl[DUAL_REG]:[82ee5969-a086]>Handler" thread_id=61 ]
03-09 21:24:06.614  3163  3227 D TouchHwAidlService: setStowGestureMode for cli stowed=false ret=0
03-09 21:24:06.614  3163  3227 D TouchHwAidlService: enableGestureStowMode stowed: false
03-09 21:24:06.614  2106  2106 I motorola.hardware.display.touch-service: Setting stow gesture mode to 0 for panel 1
03-09 21:24:06.615  7314  7314 D GameMode: isFeatureSupported: true
03-09 21:24:06.615  3163  3227 D TouchHwAidlService: setStowGestureMode for cli stowed=false ret=0
03-09 21:24:06.615  2723  3159 I CameraService: Previous DeviceState : 4 New DeviceState : 0
03-09 21:24:06.616  3163  3163 D WiFiBlocklistController: Wifi onCapabilitiesChanged
03-09 21:24:06.616  3163  3163 D WiFiBlocklistController: Default net onCapabilitiesChanged
03-09 21:24:06.616  3163  3163 D WiFiBlocklistController: updateDefaultNet:135
03-09 21:24:06.616  3163  3163 D WiFiBlocklistController: mayUpdateNotification: shouldShow=false,UidsBlocked=false, net info=net:135,ifName=wlan0,securityType=2,isDefault=true,ssid="micasa",notificationId=0
03-09 21:24:06.616  6932  8142 I BugleRcsEngine: Cannot use CS.apk as it's battery optimized [CONTEXT thread_id=61 ]
03-09 21:24:06.616  2186  2186 I CamxPrvdr@2.7-legacy: notifyDeviceStateChange: New device state: 0x0
03-09 21:24:06.616  2186  2186 I CamxComm1.0-CamModule: notifyDeviceStateChange: calling notify_device_state_change with state 0
03-09 21:24:06.616  2186  2186 D CamX    : [DEBUG][HAL    ] camxhal3module.cpp:411 NotifyDeviceStateChange() New Device State: 0
03-09 21:24:06.617  5993  9263 I NullBinder: NullBinder for android.net.action.RECOMMEND_NETWORKS triggering remote TransactionTooLargeException due to Service without Chimera impl, calling uid: 1000, calling pid: 0
03-09 21:24:06.617  5993  9263 W Binder  : reply too large data on java level: InterfaceDescriptor = null, code = 1
03-09 21:24:06.617  5993  9263 W .gms.persistent: Large reply transaction of 1056768 bytes, interface descriptor , code 1
03-09 21:24:06.617  3163  4279 D CLI/Transition_Lid: started waiting for displaygroup 1 off. needMove:false, wakeForContinuityAtWill:false
03-09 21:24:06.618  3163  4279 I PowerGroup: Sleeping power group (groupId=1, uid=1000, reason=lid_switch)...
03-09 21:24:06.618  3163  4279 D PowerManagerService: ignore setGlobalWakefulnessLocked 0 due to lid state change.
03-09 21:24:06.618  3163  3163 I WindowManager: Started going to sleep... (groupId=1 why=OFF_BECAUSE_OF_USER) notifySleepToKeyguard=false lidState=1 pmSleepReason=lid_switch
03-09 21:24:06.618  5802  5818 E PhoneInterfaceManager: getCarrierPrivilegeStatusForUid: Invalid subId
03-09 21:24:06.621  2061  2108 E minksocket: MinkIPC_QRTR_Service: client with node 1 port 647a went down
03-09 21:24:06.621  2061  2108 E minksocket: MinkIPC_QRTR_Service: client with node 1 port 646e went down
03-09 21:24:06.621  2061  2108 E minksocket: MinkIPC_QRTR_Service: client with node 1 port 6463 went down
03-09 21:24:06.621  2061  2108 E minksocket: MinkIPC_QRTR_Service: client with node 1 port 6474 went down
03-09 21:24:06.621  5625  5625 D SCliNotifPanelController: onLidOpen
03-09 21:24:06.621  5625  5625 V SmallCli_WindowController: state=SmallCli window State {
03-09 21:24:06.621  5625  5625 V SmallCli_WindowController:   mBrightnessVisible: false
03-09 21:24:06.621  5625  5625 V SmallCli_WindowController:   mDynamicPanelVisible: false
03-09 21:24:06.621  5625  5625 V SmallCli_WindowController:   mFlashLightPrompt: false
03-09 21:24:06.621  5625  5625 V SmallCli_WindowController:   mHeadsUpPanelVisible: false
03-09 21:24:06.621  5625  5625 V SmallCli_WindowController:   mKeyguardOccluded: false
03-09 21:24:06.621  5625  5625 V SmallCli_WindowController:   mLidOpen: true
03-09 21:24:06.621  5625  5625 V SmallCli_WindowController:   mNotificationVisible: false
03-09 21:24:06.621  5625  5625 V SmallCli_WindowController:   mPowerMenuVisible: false
03-09 21:24:06.621  5625  5625 V SmallCli_WindowController:   mQsVisible: false
03-09 21:24:06.621  5625  5625 V SmallCli_WindowController:   mVolumeVisible: false
03-09 21:24:06.621  5625  5625 V SmallCli_WindowController: }
03-09 21:24:06.622  7091 21947 I ModemStats: [DataStallDetectService] onCapabilitiesChanged networkCapabilities=[ Transports: WIFI Capabilities: NOT_METERED&INTERNET&NOT_RESTRICTED&TRUSTED&NOT_VPN&VALIDATED&NOT_ROAMING&FOREGROUND&NOT_CONGESTED&NOT_SUSPENDED&NOT_VCN_MANAGED&NOT_BANDWIDTH_CONSTRAINED LinkUpBandwidth>=5852Kbps LinkDnBandwidth>=77930Kbps TransportInfo: <SSID: <unknown ssid>, BSSID: 02:00:00:00:00:00, MAC: 02:00:00:00:00:00, IP: /10.0.0.248, Security type: 2, Supplicant state: COMPLETED, Wi-Fi standard: 11ax, RSSI: -66, Link speed: 432Mbps, Tx Link speed: 432Mbps, Max Supported Tx Link speed: 1200Mbps, Rx Link speed: 288Mbps, Max Supported Rx Link speed: 1200Mbps, Frequency: 5785MHz, Net ID: -1, Metered hint: false, score: 60, isUsable: true, CarrierMerged: false, SubscriptionId: -1, IsPrimary: -1, Trusted: true, Restricted: false, Ephemeral: false, OEM paid: false, OEM private: false, OSU AP: false, FQDN: <none>, Provider friendly name: <none>, Requesting package name: <none><none>MLO Information: , Is TID-To-Link negotiation supported by the AP: false, AP MLD Address: <none>, AP MLO Link Id: <none>, AP MLO Affiliated links: <none>, Vendor Data: <none>> SignalStrength: -66 UnderlyingNetworks: Null]
03-09 21:24:06.622  7091 21947 I ModemStats: [DataStallDetectService] onCapabilitiesChanged NET_CAPABILITY_VALIDATED=true
03-09 21:24:06.622  7091 21947 I ModemStats: [DataStallDetectService] onCapabilitiesChanged mDataStallManager.mDataStallInstance=null
03-09 21:24:06.622  7091 21947 I ModemStats: [DataStallDetectService] onCapabilitiesChanged mDataStallSmart5gManager.mDataStallInstance=null
03-09 21:24:06.624  3163  3352 I DisplayPowerController2[1]: 03-09 21:24:06.623 - BrightnessEvent: disp=1, physDisp=local:4630947043778501763, displayState=ON, displayPolicy=OFF, brt=0.0670451, initBrt=0.0670451, rcmdBrt=0.0670451, preBrt=NaN, lux=4.3, preLux=NaN, brtNits=10.623099, hdrNits=NaN, initNits=10.623099, preNits=NaN, rcmdNits=10.623099, hdrBrightness=NaN, brt(%)=9%, brtInt=18, hbmPolicy=normal, hbmMax=0.7660316, hbmMode=off, rbcStrength=-1, thrmMax=1.0, powerFactor=1.0, wasShortTermModelActive=false, flags=, reason=automatic, autoBrightness=true, strategy=InvalidBrightnessStrategy, autoBrightnessMode=default
03-09 21:24:06.624  3163  3352 I DisplayPowerController2[1]: Blocking screen off
03-09 21:24:06.624  3163  3352 I WindowManager: Display 1 turning off...
03-09 21:24:06.625  3163  3352 I DisplayPowerController2[1]: Unblocked screen off after 0 ms
03-09 21:24:06.625 15429 16144 I BatteryCare: [SmartBackground] [DGMC::AccelerateSmartCleanReceiver] action received: android.intent.action.SCREEN_ON
03-09 21:24:06.628 15429 16144 W BatteryCare: [SmartBackground] [DGMC::AccelerateSmartCleanReceiver] Enter disableMidNightByScreen, isEnableBySleepMode = false
03-09 21:24:06.628 15429 16144 I BatteryCare: [SmartBackground] [DGMC::AccelerateSmartCleanReceiver] disableMidNightByScreen isSleepMode or isEnableBySleepMode return
03-09 21:24:06.631  3163  3352 I WindowManager: Display1 turned off...
03-09 21:24:06.631  3163  3352 I DisplayBrightnessStrategySelector: Changing the DisplayBrightnessStrategy from InvalidBrightnessStrategy to ScreenOffBrightnessStrategy for display 1
03-09 21:24:06.631  3163  3229 D CLI/SmallCLI: onScreenTurnedOff: 
03-09 21:24:06.632  2064  2064 I sensors-hal: activate:173, com.motorola.sensor.alternate_light/65959 en=0
03-09 21:24:06.632  2300  2300 E Scheduler: trackPendingFrame: Invalid present fence
03-09 21:24:06.633  6344  6675 D Surface : Surface::disconnect
03-09 21:24:06.633  6344  6675 D BufferQueueProducer: [Venus-Home#10966(BLAST Consumer)pid:6344](id:18c80000006e,api:1,p:6344,c:6344) disconnect: api 1
03-09 21:24:06.634  2061  2108 E minksocket: MinkIPC_QRTR_Service: client with node 1 port 6489 went down
03-09 21:24:06.636  5705  5705 D GameModeDetector: notifyGameModeStatusValue, value=false
03-09 21:24:06.636  5705  5705 D DaxService: sendGameModeIntent, state=false
03-09 21:24:06.638  5993  8761 I NearbyDiscovery: (REDACTED) ApFastPairScanner: Start scanning internally, %s
03-09 21:24:06.638  5993  8761 D BluetoothAdapter: isLeEnabled(): ON
03-09 21:24:06.640  3163  3251 D ActivityManager: unfreezing ProcessRecord{2b3cc60 14753:com.motorola.dolby.dolbyui/u0a182}, reason = unfreezeTemporarily, adj = 925, adjType = cch-empty, adjSource = null
03-09 21:24:06.641  5658  5667 I bt_shim_scanner: system/main/shim/le_scanning_manager.cc:172 RegisterScanner: in shim layer
03-09 21:24:06.641  5993  9263 D BluetoothLeScanner: onScannerRegistered() - status=0 scannerId=1 mScannerId=0
03-09 21:24:06.642  2064  2064 I sensors-hal: activate:184, com.motorola.sensor.alternate_light/65959 en=0 completed
03-09 21:24:06.643  3163  3352 V DisplayPowerController2[1]: Brightness [0.0] reason changing to: 'screen_off', previous reason: 'automatic'.
03-09 21:24:06.644  3163  3352 I DisplayPowerController2[1]: 03-09 21:24:06.643 - BrightnessEvent: disp=1, physDisp=local:4630947043778501763, displayState=OFF, displayPolicy=OFF, brt=0.0, initBrt=0.0670451, rcmdBrt=NaN, preBrt=NaN, lux=0.0, preLux=0.0, brtNits=3.3701954, hdrNits=NaN, initNits=10.623099, preNits=NaN, rcmdNits=NaN, hdrBrightness=NaN, brt(%)=0%, brtInt=1, hbmPolicy=normal, hbmMax=0.7660316, hbmMode=off, rbcStrength=-1, thrmMax=1.0, powerFactor=1.0, wasShortTermModelActive=false, flags=, reason=screen_off, autoBrightness=true, strategy=ScreenOffBrightnessStrategy, autoBrightnessMode=default
03-09 21:24:06.645  3163  5308 D TouchHwAidlService: setCliDisplayState: mCliScreenOff=true
03-09 21:24:06.645  3163  5308 D TouchHwAidlService: onTapToWakeSettingsChanged isAmbientDisplayAvailable=1 aodEnable=true singleTapEnable=true doubleTapEnable=true lidState=1 callers=com.motorola.server.display.TouchHwAidlService.setCliDisplayState:554 com.motorola.server.MotoExtHwService$MotoExtHwManagerInternal.setCliDisplayState:454 com.android.server.display.LocalDisplayAdapter$LocalDisplayDevice$1.setDisplayState:1082 
03-09 21:24:06.645  3163  5308 D TouchHwAidlService: enableTapWake mode=33 displayId=0 mGestureStowMode=true
03-09 21:24:06.645  2106  2106 I motorola.hardware.display.touch-service: Setting Gesture to 33
03-09 21:24:06.645  3163  5308 D TouchHwAidlService: setGestureModeHal done mode=33 newMode=33 result=0
03-09 21:24:06.645  3163  5308 D TouchHwAidlService: enableTapWake mode=33 displayId=1 mGestureStowMode=true
03-09 21:24:06.645  3163  5308 D TouchHwAidlService: transfer mode=33 transMode=32 cli=true
03-09 21:24:06.645  2106  2106 I motorola.hardware.display.touch-service: Setting CLI Gesture to 32
03-09 21:24:06.646  3163  3227 D TouchHwAidlService: Unregister stow sensor
03-09 21:24:06.646  3163  3227 W AlarmManager: Unrecognized alarm listener com.motorola.server.display.TouchHwAidlService$AlarmListenerImpl@de23d8f
03-09 21:24:06.646  3163  3227 D TouchHwAidlService: enableGestureStowMode stowed: false
03-09 21:24:06.646  2106  2106 I motorola.hardware.display.touch-service: Setting stow gesture mode to 0 for panel 1
03-09 21:24:06.646  3163  3227 D TouchHwAidlService: setStowGestureMode for cli stowed=false ret=0
03-09 21:24:06.646  3163  5308 D TouchHwAidlService: setCliGestureModeHal done mode=33 newMode=32 result=0
03-09 21:24:06.646  3163  5308 D TouchHwAidlService: enableTapWake mode=49 displayId=-1 mGestureStowMode=true
03-09 21:24:06.646  2106  2106 I motorola.hardware.display.touch-service: Setting Gesture to 49
03-09 21:24:06.646  3163  3227 D TouchHwAidlService: Unregister stow sensor
03-09 21:24:06.646  3163  3227 W AlarmManager: Unrecognized alarm listener com.motorola.server.display.TouchHwAidlService$AlarmListenerImpl@de23d8f
03-09 21:24:06.646  3163  3227 D TouchHwAidlService: enableGestureStowMode stowed: false
03-09 21:24:06.646  2106  2106 I motorola.hardware.display.touch-service: Setting stow gesture mode to 0 for panel 1
03-09 21:24:06.646  3163  3227 D TouchHwAidlService: setStowGestureMode for cli stowed=false ret=0
03-09 21:24:06.646  3163  5308 D TouchHwAidlService: setGestureModeHal done mode=49 newMode=49 result=0
03-09 21:24:06.646  3163  5308 D TouchHwAidlService: transfer mode=49 transMode=48 cli=true
03-09 21:24:06.646  2106  2106 I motorola.hardware.display.touch-service: Setting CLI Gesture to 48
03-09 21:24:06.646  3163  5308 D TouchHwAidlService: setCliGestureModeHal done mode=49 newMode=48 result=0
03-09 21:24:06.647  3163  3227 D TouchHwAidlService: Unregister stow sensor
03-09 21:24:06.647  3163  3227 W AlarmManager: Unrecognized alarm listener com.motorola.server.display.TouchHwAidlService$AlarmListenerImpl@de23d8f
03-09 21:24:06.647  3163  3227 D TouchHwAidlService: enableGestureStowMode stowed: false
03-09 21:24:06.647  2106  2106 I motorola.hardware.display.touch-service: Setting stow gesture mode to 0 for panel 1
03-09 21:24:06.647  3163  3227 D TouchHwAidlService: setStowGestureMode for cli stowed=false ret=0
03-09 21:24:06.647  3163  5308 W ServiceManagerCppClient: Failed to get isDeclared for com.motorola.hardware.display.panel.IDisplayPanel/default: Status(-1, EX_SECURITY): 'SELinux denied.'
03-09 21:24:06.647  3163  5308 D DisplayPanelService: Setting panel dc mode: 0
03-09 21:24:06.647  2090  2090 I DisplayPanel: setDcMode: DC mode = OFF
03-09 21:24:06.647  2090  2090 D DisplayPanel: setParam: Success set DC to 0 for Primary display
03-09 21:24:06.648  3163  5308 D LocalDisplayAdapter: setDisplayPowerMode mode=0 for display=android.os.BinderProxy@433f576
03-09 21:24:06.648  2300  2300 D SurfaceFlinger: Setting power mode 0 on display 4630947043778501763
03-09 21:24:06.649  3163  3251 D ActivityManager: sync unfroze 14753 com.motorola.dolby.dolbyui for 3
03-09 21:24:06.649  3163  6987 W AccessibilityWindowsPopulator: The displayInfo of this displayId (0) called back from the surface fligner is null
03-09 21:24:06.649  2195  2392 I SDM     : DisplayBase::SetDisplayState: Set state = 0, display 76-0, teardown = 0
03-09 21:24:06.649  2195  2392 I SDM     : DRMPanelFeatureMgr::MarkForNullCommit: Marked 7 for null commit
03-09 21:24:06.650  2195  2392 I SDM     : HWDeviceDRM::NullCommit: Null commit succeeded crtc=203
03-09 21:24:06.650  3163  3231 D DisplayManagerService: Ignore redundant display event 1/4 to 10303/11760
03-09 21:24:06.650  3163  3231 I DisplayDeviceRepository: Display device changed state: "HDMI Screen", OFF
03-09 21:24:06.651  3163  3352 D BrightnessThermalClamper: Thermal status observer already started
03-09 21:24:06.652  3163  4131 W PackageManager: Missing required system package: wsj.reader_sp, but found with extended search.
03-09 21:24:06.652  3163  3231 I InputManager-JNI: Viewport [0] to add: local:4630947043778501762, isActive: false
03-09 21:24:06.652  3163  3231 I InputManager-JNI: Viewport [1] to add: local:4630947043778501763, isActive: false
03-09 21:24:06.652  3163  4131 W PackageManager: Missing required system package: whitecastle.ordering, but found with extended search.
03-09 21:24:06.652  3163  4131 W PackageManager: Missing required system package: sp0n.citizen, but found with extended search.
03-09 21:24:06.652  3163  4131 W PackageManager: Missing required system package: org.rajman.neshan.traffic.tehran.navigator, but found with extended search.
03-09 21:24:06.652  3163  3227 D TouchHwAidlService: updateCliDisplayState: mCliScreenOn=false
03-09 21:24:06.652  3163  4131 W PackageManager: Missing required system package: org.me.mobiexpensifyg, but found with extended search.
03-09 21:24:06.652  3163  4131 W PackageManager: Missing required system package: org.kiva.lending, but found with extended search.
03-09 21:24:06.652  3163  4131 W PackageManager: Missing required system package: onxmaps.offroad, but found with extended search.
03-09 21:24:06.652  3163  4131 W PackageManager: Missing required system package: onxmaps.hunt, but found with extended search.
03-09 21:24:06.652  3163  4131 W PackageManager: Missing required system package: mnn.Android, but found with extended search.
03-09 21:24:06.652  3163  3229 D ActivityTaskManager: Top Process State changed to PROCESS_STATE_TOP
03-09 21:24:06.653  3163  3229 V WindowManager: Content Recording: Display 1 state was (2), is now (1), so update recording?
03-09 21:24:06.653  3163  3229 D CLI/Transition: displaygroup 1, state OFF, pendingdisplaygroup 1
03-09 21:24:06.653  3163  3229 W SurfaceControl: Invalid layer stack -1
03-09 21:24:06.653  3163  3229 I DisplayDevice: [1] Layerstack set to -1 for local:4630947043778501763 mDisplayToken=android.os.BinderProxy@433f576 t=Transaction{mNativeObject=-5476376673043392304, mHashCode=0}
03-09 21:24:06.653  5625  5669 V WindowManagerShell: Transition requested (#887): android.os.BinderProxy@117331e TransitionRequestInfo { type = WAKE, triggerTask = null, pipTask = null, remoteTransition = null, displayChange = null, flags = 0, debugId = 887 }
