03-12 00:08:16.954  3163  3185 W system_server: ApkAssets: Deleting an ApkAssets object '<empty> and /data/app/~~B5NvRb5Oitz3fXwk96kG-Q==/com.zhiliaoapp.musically-odZSW1aoFAlneyDuOFnpMg==/split_df_music_dsp.apk' with 1 weak references
03-12 00:08:16.954  3163  3185 W system_server: ApkAssets: Deleting an ApkAssets object '<empty> and /data/app/~~B5NvRb5Oitz3fXwk96kG-Q==/com.zhiliaoapp.musically-odZSW1aoFAlneyDuOFnpMg==/split_df_music_dsp.config.arm64_v8a.apk' with 1 weak references
03-12 00:08:16.954  3163  3185 W system_server: ApkAssets: Deleting an ApkAssets object '<empty> and /data/app/~~B5NvRb5Oitz3fXwk96kG-Q==/com.zhiliaoapp.musically-odZSW1aoFAlneyDuOFnpMg==/split_df_music_dsp.config.en.apk' with 1 weak references
03-12 00:08:16.954  3163  3185 W system_server: ApkAssets: Deleting an ApkAssets object '<empty> and /data/app/~~B5NvRb5Oitz3fXwk96kG-Q==/com.zhiliaoapp.musically-odZSW1aoFAlneyDuOFnpMg==/split_df_music_dsp.config.xxhdpi.apk' with 1 weak references
03-12 00:08:16.954  3163  3185 W system_server: ApkAssets: Deleting an ApkAssets object '<empty> and /data/app/~~B5NvRb5Oitz3fXwk96kG-Q==/com.zhiliaoapp.musically-odZSW1aoFAlneyDuOFnpMg==/split_df_pipo_bnpl.apk' with 1 weak references
03-12 00:08:16.954  3163  3185 W system_server: ApkAssets: Deleting an ApkAssets object '<empty> and /data/app/~~B5NvRb5Oitz3fXwk96kG-Q==/com.zhiliaoapp.musically-odZSW1aoFAlneyDuOFnpMg==/split_df_pipo_bnpl.config.arm64_v8a.apk' with 1 weak references
03-12 00:08:16.954  3163  3185 W system_server: ApkAssets: Deleting an ApkAssets object '<empty> and /data/app/~~B5NvRb5Oitz3fXwk96kG-Q==/com.zhiliaoapp.musically-odZSW1aoFAlneyDuOFnpMg==/split_df_pipo_bnpl.config.xxhdpi.apk' with 1 weak references
03-12 00:08:16.954  3163  3185 W system_server: ApkAssets: Deleting an ApkAssets object '<empty> and /data/app/~~B5NvRb5Oitz3fXwk96kG-Q==/com.zhiliaoapp.musically-odZSW1aoFAlneyDuOFnpMg==/split_df_pipo_external_payments.apk' with 1 weak references
03-12 00:08:16.955  3163  3185 W system_server: ApkAssets: Deleting an ApkAssets object '<empty> and /data/app/~~B5NvRb5Oitz3fXwk96kG-Q==/com.zhiliaoapp.musically-odZSW1aoFAlneyDuOFnpMg==/split_df_pipo_external_payments.config.arm64_v8a.apk' with 1 weak references
03-12 00:08:16.955  3163  3185 W system_server: ApkAssets: Deleting an ApkAssets object '<empty> and /data/app/~~B5NvRb5Oitz3fXwk96kG-Q==/com.zhiliaoapp.musically-odZSW1aoFAlneyDuOFnpMg==/split_df_pitaya.apk' with 1 weak references
03-12 00:08:16.955  3163  3185 W system_server: ApkAssets: Deleting an ApkAssets object '<empty> and /data/app/~~B5NvRb5Oitz3fXwk96kG-Q==/com.zhiliaoapp.musically-odZSW1aoFAlneyDuOFnpMg==/split_df_pitaya.config.arm64_v8a.apk' with 1 weak references
03-12 00:08:16.955  3163  3185 W system_server: ApkAssets: Deleting an ApkAssets object '<empty> and /data/app/~~B5NvRb5Oitz3fXwk96kG-Q==/com.zhiliaoapp.musically-odZSW1aoFAlneyDuOFnpMg==/split_df_placeholder.apk' with 1 weak references
03-12 00:08:16.955  3163  3185 W system_server: ApkAssets: Deleting an ApkAssets object '<empty> and /data/app/~~B5NvRb5Oitz3fXwk96kG-Q==/com.zhiliaoapp.musically-odZSW1aoFAlneyDuOFnpMg==/split_df_search_adblock.apk' with 1 weak references
03-12 00:08:16.955  3163  3185 W system_server: ApkAssets: Deleting an ApkAssets object '<empty> and /data/app/~~B5NvRb5Oitz3fXwk96kG-Q==/com.zhiliaoapp.musically-odZSW1aoFAlneyDuOFnpMg==/split_df_ship.apk' with 1 weak references
03-12 00:08:16.955  3163  3185 W system_server: ApkAssets: Deleting an ApkAssets object '<empty> and /data/app/~~B5NvRb5Oitz3fXwk96kG-Q==/com.zhiliaoapp.musically-odZSW1aoFAlneyDuOFnpMg==/split_df_ship.config.arm64_v8a.apk' with 1 weak references
03-12 00:08:16.955  3163  3185 W system_server: ApkAssets: Deleting an ApkAssets object '<empty> and /data/app/~~B5NvRb5Oitz3fXwk96kG-Q==/com.zhiliaoapp.musically-odZSW1aoFAlneyDuOFnpMg==/split_df_ship.config.en.apk' with 1 weak references
03-12 00:08:16.955  3163  3185 W system_server: ApkAssets: Deleting an ApkAssets object '<empty> and /data/app/~~B5NvRb5Oitz3fXwk96kG-Q==/com.zhiliaoapp.musically-odZSW1aoFAlneyDuOFnpMg==/split_df_tiktok_font.apk' with 1 weak references
03-12 00:08:16.955  3163  3185 W system_server: ApkAssets: Deleting an ApkAssets object '<empty> and /data/app/~~B5NvRb5Oitz3fXwk96kG-Q==/com.zhiliaoapp.musically-odZSW1aoFAlneyDuOFnpMg==/split_df_vmsdk.apk' with 1 weak references
03-12 00:08:16.955  3163  3185 W system_server: ApkAssets: Deleting an ApkAssets object '<empty> and /data/app/~~B5NvRb5Oitz3fXwk96kG-Q==/com.zhiliaoapp.musically-odZSW1aoFAlneyDuOFnpMg==/split_df_vmsdk.config.arm64_v8a.apk' with 1 weak references
03-12 00:08:16.955  3163  3185 W system_server: ApkAssets: Deleting an ApkAssets object '<empty> and /data/app/~~Kad7IjQBHObZ1D8LxEMSxA==/org.rajman.neshan.traffic.tehran.navigator-xBamZYQz67Exi8uz0LVBGA==/base.apk' with 1 weak references
03-12 00:08:16.956  3163  3185 W system_server: ApkAssets: Deleting an ApkAssets object '<empty> and /data/app/~~Kad7IjQBHObZ1D8LxEMSxA==/org.rajman.neshan.traffic.tehran.navigator-xBamZYQz67Exi8uz0LVBGA==/split_config.arm64_v8a.apk' with 1 weak references
03-12 00:08:16.956  3163  3185 W system_server: ApkAssets: Deleting an ApkAssets object '<empty> and /data/app/~~Kad7IjQBHObZ1D8LxEMSxA==/org.rajman.neshan.traffic.tehran.navigator-xBamZYQz67Exi8uz0LVBGA==/split_config.xxhdpi.apk' with 1 weak references
03-12 00:08:16.956  3163  3185 W system_server: ApkAssets: Deleting an ApkAssets object '<empty> and /data/app/~~Y1B4mLlv36Wo5S7IdcNUjw==/com.google.android.apps.docs-IaCDxOwUHMfie8KXet_7pA==/base.apk' with 1 weak references
03-12 00:08:16.956  3163  3185 W system_server: ApkAssets: Deleting an ApkAssets object '<empty> and /data/app/~~Y1B4mLlv36Wo5S7IdcNUjw==/com.google.android.apps.docs-IaCDxOwUHMfie8KXet_7pA==/split_config.arm64_v8a.apk' with 1 weak references
03-12 00:08:16.956  3163  3185 W system_server: ApkAssets: Deleting an ApkAssets object '<empty> and /data/app/~~Y1B4mLlv36Wo5S7IdcNUjw==/com.google.android.apps.docs-IaCDxOwUHMfie8KXet_7pA==/split_config.en.apk' with 1 weak references
03-12 00:08:16.957  3163  3185 W system_server: ApkAssets: Deleting an ApkAssets object '<empty> and /data/app/~~Y1B4mLlv36Wo5S7IdcNUjw==/com.google.android.apps.docs-IaCDxOwUHMfie8KXet_7pA==/split_config.xxhdpi.apk' with 1 weak references
03-12 00:08:16.957  3163  3185 W system_server: ApkAssets: Deleting an ApkAssets object '<empty> and /data/app/~~k_VEhQdnw4LTF2EOI_0nmg==/com.google.android.calendar-wbxr-qU9cdUX7SFf1Y77YA==/base.apk' with 1 weak references
03-12 00:08:16.957  3163  3185 W system_server: ApkAssets: Deleting an ApkAssets object '<empty> and /data/app/~~k_VEhQdnw4LTF2EOI_0nmg==/com.google.android.calendar-wbxr-qU9cdUX7SFf1Y77YA==/split_config.arm64_v8a.apk' with 1 weak references
03-12 00:08:16.957  3163  3185 W system_server: ApkAssets: Deleting an ApkAssets object '<empty> and /data/app/~~k_VEhQdnw4LTF2EOI_0nmg==/com.google.android.calendar-wbxr-qU9cdUX7SFf1Y77YA==/split_config.en.apk' with 1 weak references
03-12 00:08:16.957  3163  3185 W system_server: ApkAssets: Deleting an ApkAssets object '<empty> and /data/app/~~k_VEhQdnw4LTF2EOI_0nmg==/com.google.android.calendar-wbxr-qU9cdUX7SFf1Y77YA==/split_config.xxhdpi.apk' with 1 weak references
03-12 00:08:16.958  3163  3185 W system_server: ApkAssets: Deleting an ApkAssets object '<empty> and /data/app/~~3bXsU8iBOWzY57ognBKkMA==/com.google.android.videos-0eSWOSXbjWGnvcaf00LPxQ==/base.apk' with 1 weak references
03-12 00:08:16.958  3163  3185 W system_server: ApkAssets: Deleting an ApkAssets object '<empty> and /data/app/~~3bXsU8iBOWzY57ognBKkMA==/com.google.android.videos-0eSWOSXbjWGnvcaf00LPxQ==/split_config.arm64_v8a.apk' with 1 weak references
03-12 00:08:16.958  3163  3185 W system_server: ApkAssets: Deleting an ApkAssets object '<empty> and /data/app/~~3bXsU8iBOWzY57ognBKkMA==/com.google.android.videos-0eSWOSXbjWGnvcaf00LPxQ==/split_config.en.apk' with 1 weak references
03-12 00:08:16.958  3163  3185 W system_server: ApkAssets: Deleting an ApkAssets object '<empty> and /data/app/~~3bXsU8iBOWzY57ognBKkMA==/com.google.android.videos-0eSWOSXbjWGnvcaf00LPxQ==/split_config.xxhdpi.apk' with 1 weak references
03-12 00:08:16.959  3163  3185 W system_server: ApkAssets: Deleting an ApkAssets object '<empty> and /data/app/~~R3YpF78LlfKpAjmeAwD_hA==/com.google.android.apps.docs.editors.docs-dq7HV5gVOBV0ngzMwFBIbQ==/base.apk' with 1 weak references
03-12 00:08:16.959  3163  3185 W system_server: ApkAssets: Deleting an ApkAssets object '<empty> and /data/app/~~R3YpF78LlfKpAjmeAwD_hA==/com.google.android.apps.docs.editors.docs-dq7HV5gVOBV0ngzMwFBIbQ==/split_config.arm64_v8a.apk' with 1 weak references
03-12 00:08:16.959  3163  3185 W system_server: ApkAssets: Deleting an ApkAssets object '<empty> and /data/app/~~R3YpF78LlfKpAjmeAwD_hA==/com.google.android.apps.docs.editors.docs-dq7HV5gVOBV0ngzMwFBIbQ==/split_config.en.apk' with 1 weak references
03-12 00:08:16.959  3163  3185 W system_server: ApkAssets: Deleting an ApkAssets object '<empty> and /data/app/~~R3YpF78LlfKpAjmeAwD_hA==/com.google.android.apps.docs.editors.docs-dq7HV5gVOBV0ngzMwFBIbQ==/split_config.xxhdpi.apk' with 1 weak references
03-12 00:08:16.960  3163  3185 W system_server: ApkAssets: Deleting an ApkAssets object '<empty> and /data/app/~~fu37WIOHykOQ0PXvmrpRfg==/com.google.android.apps.docs.editors.sheets-CtE_NfrD_T-Ms4FAaHKWkA==/base.apk' with 1 weak references
03-12 00:08:16.960  3163  3185 W system_server: ApkAssets: Deleting an ApkAssets object '<empty> and /data/app/~~fu37WIOHykOQ0PXvmrpRfg==/com.google.android.apps.docs.editors.sheets-CtE_NfrD_T-Ms4FAaHKWkA==/split_config.arm64_v8a.apk' with 1 weak references
03-12 00:08:16.960  3163  3185 W system_server: ApkAssets: Deleting an ApkAssets object '<empty> and /data/app/~~fu37WIOHykOQ0PXvmrpRfg==/com.google.android.apps.docs.editors.sheets-CtE_NfrD_T-Ms4FAaHKWkA==/split_config.en.apk' with 1 weak references
03-12 00:08:16.960  3163  3185 W system_server: ApkAssets: Deleting an ApkAssets object '<empty> and /data/app/~~fu37WIOHykOQ0PXvmrpRfg==/com.google.android.apps.docs.editors.sheets-CtE_NfrD_T-Ms4FAaHKWkA==/split_config.xxhdpi.apk' with 1 weak references
03-12 00:08:16.961  3163  3185 W system_server: ApkAssets: Deleting an ApkAssets object '<empty> and /data/app/~~7FNy4Gsr4V6UBSMsgk_oJw==/com.google.android.apps.docs.editors.slides-SuaHQpVvTT6kmJWQ2UH5jg==/base.apk' with 1 weak references
03-12 00:08:16.961  3163  3185 W system_server: ApkAssets: Deleting an ApkAssets object '<empty> and /data/app/~~7FNy4Gsr4V6UBSMsgk_oJw==/com.google.android.apps.docs.editors.slides-SuaHQpVvTT6kmJWQ2UH5jg==/split_config.arm64_v8a.apk' with 1 weak references
03-12 00:08:16.961  3163  3185 W system_server: ApkAssets: Deleting an ApkAssets object '<empty> and /data/app/~~7FNy4Gsr4V6UBSMsgk_oJw==/com.google.android.apps.docs.editors.slides-SuaHQpVvTT6kmJWQ2UH5jg==/split_config.en.apk' with 1 weak references
03-12 00:08:16.961  3163  3185 W system_server: ApkAssets: Deleting an ApkAssets object '<empty> and /data/app/~~7FNy4Gsr4V6UBSMsgk_oJw==/com.google.android.apps.docs.editors.slides-SuaHQpVvTT6kmJWQ2UH5jg==/split_config.xxhdpi.apk' with 1 weak references
03-12 00:08:16.962  3163  3185 W system_server: ApkAssets: Deleting an ApkAssets object '<empty> and /data/app/~~ihhpdKAUGYgFicZfh81seA==/com.google.android.apps.magazines-7a2WXt4lfpKq-vw3ESU-LQ==/base.apk' with 1 weak references
03-12 00:08:16.962  3163  3185 W system_server: ApkAssets: Deleting an ApkAssets object '<empty> and /data/app/~~ihhpdKAUGYgFicZfh81seA==/com.google.android.apps.magazines-7a2WXt4lfpKq-vw3ESU-LQ==/split_config.arm64_v8a.apk' with 1 weak references
03-12 00:08:16.962  3163  3185 W system_server: ApkAssets: Deleting an ApkAssets object '<empty> and /data/app/~~ihhpdKAUGYgFicZfh81seA==/com.google.android.apps.magazines-7a2WXt4lfpKq-vw3ESU-LQ==/split_config.en.apk' with 1 weak references
03-12 00:08:16.962  3163  3185 W system_server: ApkAssets: Deleting an ApkAssets object '<empty> and /data/app/~~ihhpdKAUGYgFicZfh81seA==/com.google.android.apps.magazines-7a2WXt4lfpKq-vw3ESU-LQ==/split_config.xxhdpi.apk' with 1 weak references
03-12 00:08:16.963  3163  3185 W system_server: ApkAssets: Deleting an ApkAssets object '<empty> and /system_ext/priv-app/SystemUI/SystemUI.apk' with 1 weak references
03-12 00:08:16.964  3163  3185 W system_server: ApkAssets: Deleting an ApkAssets object '/vendor/overlay/SystemUI__auto_generated_rro_vendor.apk' with 1 weak references
03-12 00:08:16.964  3163  3185 W system_server: ApkAssets: Deleting an ApkAssets object '/product/overlay/SystemUI__lynkco_g__auto_generated_rro_product.apk' with 1 weak references
03-12 00:08:16.965  3163  3185 W system_server: ApkAssets: Deleting an ApkAssets object '<empty> and /system_ext/app/AccessibilityMenu/AccessibilityMenu.apk' with 1 weak references
03-12 00:08:16.965  3163  3185 W system_server: ApkAssets: Deleting an ApkAssets object '/product/overlay/AccessibilityMenu__lynkco_g__auto_generated_rro_product.apk' with 1 weak references
03-12 00:08:16.965  3163  3185 W system_server: ApkAssets: Deleting an ApkAssets object '<empty> and /data/app/~~uWGbRlFtroq_7447dZm7dw==/com.google.android.accessibility.switchaccess-xA0UPigBNxEMZ7HOoPGTZA==/base.apk' with 1 weak references
03-12 00:08:16.966  3163  3185 W system_server: ApkAssets: Deleting an ApkAssets object '<empty> and /data/app/~~uWGbRlFtroq_7447dZm7dw==/com.google.android.accessibility.switchaccess-xA0UPigBNxEMZ7HOoPGTZA==/split_config.arm64_v8a.apk' with 1 weak references
03-12 00:08:16.966  3163  3185 W system_server: ApkAssets: Deleting an ApkAssets object '<empty> and /data/app/~~a61RY6Qx18jBMI_fV4ljFg==/com.google.android.marvin.talkback-Ati-iDwnNtkdm0_NcUbqgA==/base.apk' with 1 weak references
03-12 00:08:16.967  3163  3185 W system_server: ApkAssets: Deleting an ApkAssets object '<empty> and /data/app/~~a61RY6Qx18jBMI_fV4ljFg==/com.google.android.marvin.talkback-Ati-iDwnNtkdm0_NcUbqgA==/split_config.arm64_v8a.apk' with 1 weak references
03-12 00:08:16.967  3163  3185 W system_server: ApkAssets: Deleting an ApkAssets object '<empty> and /data/app/~~1asQlHe4ss6Dq6F67EJdXA==/com.motorola.spaces-Pi47YxvN27lYXfiiacp76Q==/base.apk' with 1 weak references
03-12 00:08:16.968  3163  3185 W system_server: ApkAssets: Deleting an ApkAssets object '<empty> and /data/app/~~1asQlHe4ss6Dq6F67EJdXA==/com.motorola.spaces-Pi47YxvN27lYXfiiacp76Q==/split_config.arm64_v8a.apk' with 1 weak references
03-12 00:08:16.968  3163  3185 W system_server: ApkAssets: Deleting an ApkAssets object '<empty> and /data/app/~~1asQlHe4ss6Dq6F67EJdXA==/com.motorola.spaces-Pi47YxvN27lYXfiiacp76Q==/split_config.en.apk' with 1 weak references
03-12 00:08:16.968  3163  3185 W system_server: ApkAssets: Deleting an ApkAssets object '<empty> and /data/app/~~1asQlHe4ss6Dq6F67EJdXA==/com.motorola.spaces-Pi47YxvN27lYXfiiacp76Q==/split_config.xxhdpi.apk' with 1 weak references
03-12 00:08:16.968  3163  3185 W system_server: ApkAssets: Deleting an ApkAssets object '<empty> and /data/app/~~0LW9L7PNrlbEFVAaeJIPEw==/com.wallpaper.edge.aura-TB7mU8vxd5gCRYp9Rio69Q==/base.apk' with 1 weak references
03-12 00:08:16.969  3163  3185 W system_server: ApkAssets: Deleting an ApkAssets object '<empty> and /data/app/~~0LW9L7PNrlbEFVAaeJIPEw==/com.wallpaper.edge.aura-TB7mU8vxd5gCRYp9Rio69Q==/split_config.arm64_v8a.apk' with 1 weak references
03-12 00:08:16.969  3163  3185 W system_server: ApkAssets: Deleting an ApkAssets object '<empty> and /data/app/~~0LW9L7PNrlbEFVAaeJIPEw==/com.wallpaper.edge.aura-TB7mU8vxd5gCRYp9Rio69Q==/split_config.en.apk' with 1 weak references
03-12 00:08:16.969  3163  3185 W system_server: ApkAssets: Deleting an ApkAssets object '<empty> and /data/app/~~0LW9L7PNrlbEFVAaeJIPEw==/com.wallpaper.edge.aura-TB7mU8vxd5gCRYp9Rio69Q==/split_config.xxhdpi.apk' with 1 weak references
03-12 00:08:17.130  2064  4171 D slpi    : tmd2712: Als lux: 2.30, ch0: 38, ch1: 4, scale: 1.08, atime:50.04, again:1024
03-12 00:08:17.348  3163  5158 D WifiStaIfaceHidlImpl: getCachedScanData is not implemented by HIDL
03-12 00:08:17.352  2064 18277 E sensors-hal: handle_sns_client_event:62, mot_disprot_event: now=218453256814795 ts=218453217662977, type=0, status=3
03-12 00:08:17.490  2068  6063 I vendor.qti.bluetooth@1.0-ibs_handler: DeviceSleep: TX Awake, Sending SLEEP_IND
03-12 00:08:17.490  2068  6063 D vendor.qti.bluetooth@1.0-ibs_handler: SerialClockVote: vote for UART CLK OFF
03-12 00:08:17.630  2064  4171 D slpi    : tmd2712: Als lux: 4.40, ch0: 75, ch1: 5, scale: 1.08, atime:50.04, again:1024
03-12 00:08:17.640  2068  5913 D vendor.qti.bluetooth@1.0-wake_lock: Release wakelock is released 
03-12 00:08:17.830  2064  4171 D slpi    : tmd2712: Als lux: 6.70, ch0: 115, ch1: 5, scale: 1.08, atime:50.04, again:1024
03-12 00:08:17.968  5625 18470 D PowerUI : can't show warning due to - plugged: true status unknown: false
03-12 00:08:17.969  3163  3163 V UiModeManager: updateLocked: null action, mDockState=0, category=null
03-12 00:08:17.969  3163  3163 D UiModeManager: updateConfigurationLocked: mDockState=0; mCarMode=false; mNightMode=com.android.server.UiModeManagerService$1@410d4bd; mNightModeCustomType=-1; uiMode=33
03-12 00:08:17.972  5727  5727 D QtiCarrierConfigHelper: WARNING, no carrier configs on phone Id: 0
03-12 00:08:17.972  5727  5727 D QtiCarrierConfigHelper: WARNING, no carrier configs on phone Id: 1
03-12 00:08:18.280  2064  4171 D slpi    : tmd2712: Als lux: 9.10, ch0: 156, ch1: 4, scale: 1.08, atime:50.04, again:1024
03-12 00:08:18.453  3706  3714 I android.hardware.thermal@2.0-service.qti-v2: Sensor Name:skin1 temp: 34.177. prev severity:3. cur severity:0 New severity:0
03-12 00:08:18.530  2064  4171 D slpi    : tmd2712: Als lux: 5.80, ch0: 99, ch1: 5, scale: 1.08, atime:50.04, again:1024
03-12 00:08:18.580  2064  4171 D slpi    : tmd2712: Als lux: 3.40, ch0: 57, ch1: 4, scale: 1.08, atime:50.04, again:1024
03-12 00:08:18.680  2064  4171 D slpi    : tmd2712: Als lux: 0.30, ch0: 4, ch1: 1, scale: 1.08, atime:50.04, again:1024
03-12 00:08:18.747  2064  4171 D slpi-MOT_HALL: Flip send data : 2, State: North near
03-12 00:08:18.747  2064  4171 E slpi    : MOT_GPIO_FLIP kernel state gpio unset
03-12 00:08:18.748  2064  4171 I slpi-MOT_HINGE: Hingeposture   0.0 tent:0 gpio:-1 flip:2 flat:1 b:0.8 5.2 8.3 3.8 -78.7 -15.7 f:0.9 -1.6 -9.6 402.7 67.6 48.7
03-12 00:08:18.748  2064  4173 I sensors-hal: handle_sns_client_event:365, mot_flip_event: now=218454652669222 hal ts=218454651482404, MOT_FLIP_STATE_CLOSED, count=1606.0, cause=0.0, fwreg 1
03-12 00:08:18.748  2064  4173 I sensors-hal: sns_device_mode_init:227, sns_device_mode_init Start
03-12 00:08:18.748  2064  4173 I android.hardware.sensors@2.1-service.multihal: vendor/qcom/proprietary/adsprpc/src/fastrpc_apps_user.c:1553: remote_handle64_open: Successfully opened handle 0x1aeafa50 for '":;./\createstaticpd:sensorspd&_dom=adsp on domain 0
03-12 00:08:18.749  3163  3231 W OverrideRequestController: Attempted to cancel a null OverrideRequest
03-12 00:08:18.749  3163  3231 I DeviceStateManagerService: Cannot notify device state info change when pending state is present.
03-12 00:08:18.751  2064  4173 I android.hardware.sensors@2.1-service.multihal: vendor/qcom/proprietary/adsprpc/src/fastrpc_perf.c:273: fastrpc_perf_init: enabled systrace 0x0 and RPC traces (kernel 0, dsp 0) with frequency 1000
03-12 00:08:18.751  2064 19365 I android.hardware.sensors@2.1-service.multihal: vendor/qcom/proprietary/adsprpc/src/listener_android.c:116: listener thread starting
03-12 00:08:18.751  2064 19366 I android.hardware.sensors@2.1-service.multihal: vendor/qcom/proprietary/adsprpc/src/log_config.c:348: file_watcher_thread starting for domain 0
03-12 00:08:18.751  2064 19366 W android.hardware.sensors@2.1-service.multihal: vendor/qcom/proprietary/adsprpc/src/log_config.c:358:file_watcher_thread: Couldn't find file android.hardware.sensors@2.1-service.multihal.farf, errno (No such file or directory)
03-12 00:08:18.753  2064 19365 I android.hardware.sensors@2.1-service.multihal: vendor/qcom/proprietary/adsprpc/src/mod_table.c:703: open_mod_table_open_from_static: reverse module apps_std opened with handle 0x450dfe00 (idx 0)
03-12 00:08:18.753  2064 19365 I android.hardware.sensors@2.1-service.multihal: vendor/qcom/proprietary/adsprpc/src/apps_std_imp.c:860: Successfully opened file /vendor/dsp/adsp/libsns_device_mode_skel.so
03-12 00:08:18.757  2163  2163 D motorola.hardware.sensorext-service: handle id:13 wxh:1088x2640 uwxuh:1080x2640 size: 11489280 fd:11 fd_meta:12 flags:0x4000228 usage:0x33  format:0x1 layer_count: 1 reserved_size = 0
03-12 00:08:18.757  2064  4171 D slpi-TCS3720: ALS_REPORT lux 28.062513, ch0 12.634025-6.508960-5.395817-2.969012, scale 1.1878, fps 90, client 1
03-12 00:08:18.757  2064  4171 D slpi-TCS3720: PRX_OC info Far, Total 0, pdata 0, offset 0 step 0.63, ore 0:0 step 21.00, TH_H 1020, TH_L 0, client 0
03-12 00:08:18.758  2064  4173 E android.hardware.sensors@2.1-service.multihal: vendor/qcom/proprietary/adsprpc/src/fastrpc_apps_user.c:1491: Error 0x80000406: remote_handle_open_domain: dynamic loading failed for file:///libsns_device_mode_skel.so?sns_device_mode_skel_handle_invoke&_modver=1.0&_dom=adsp on domain 0 (dlerror segment 0 failed hash verification(0x34F4000 B)) (errno Success)
03-12 00:08:18.758  2064  4173 E android.hardware.sensors@2.1-service.multihal: vendor/qcom/proprietary/adsprpc/src/fastrpc_apps_user.c:1550: Error 0x80000406: remote_handle64_open failed for file:///libsns_device_mode_skel.so?sns_device_mode_skel_handle_invoke&_modver=1.0&_dom=adsp (errno Success)
03-12 00:08:18.758  2064  4173 I sensors-hal: sns_device_mode_init:262, sns_device_mode_init End
03-12 00:08:18.758  2064  4173 E sensors-hal: sendDeviceMode:287, mot_flip: one or mode handles unopened: dm 0 rpc 1
03-12 00:08:18.758  2064  4173 E android.hardware.sensors@2.1-service.multihal: vendor/qcom/proprietary/adsprpc/src/fastrpc_apps_user.c:1366: Error 0x80000600: remote_handle_invoke failed for handle 0x0, method 1 on domain 0 (sc 0x1010200) (errno Success)
03-12 00:08:18.758  2064  4173 E android.hardware.sensors@2.1-service.multihal: vendor/qcom/proprietary/adsprpc/src/fastrpc_apps_user.c:1575: Error 0x80000600: remote_handle_close failed for handle 0x0 (dlerr \) (errno Success)
03-12 00:08:18.759  2064  4173 I android.hardware.sensors@2.1-service.multihal: vendor/qcom/proprietary/adsprpc/src/fastrpc_apps_user.c:2737: domain_deinit for domain 0: dev 80
03-12 00:08:18.759  2195  2586 I SDM     : HWCSession::SetCWBOutputBuffer: CWB config passed by cwb_client : tappoint 1  CWB_ROI : (210.000000 26.000000 274.000000 90.000000) for display [1 0 0]
03-12 00:08:18.760  2064 19365 E android.hardware.sensors@2.1-service.multihal: vendor/qcom/proprietary/adsprpc/src/fastrpc_apps_user.c:3516: exit_thread current process1 thread exit nErr = 0x8000040d domain 0, handle 0xb400007d1aeafa50
03-12 00:08:18.760  2064 19366 W android.hardware.sensors@2.1-service.multihal: vendor/qcom/proprietary/adsprpc/src/log_config.c:368:Warning: file_watcher_thread received exit for domain 0, file android.hardware.sensors@2.1-service.multihal.farf
03-12 00:08:18.760  2064 19366 I android.hardware.sensors@2.1-service.multihal: vendor/qcom/proprietary/adsprpc/src/log_config.c:415: file_watcher_thread exiting for domain 0
03-12 00:08:18.760  2064  4173 I android.hardware.sensors@2.1-service.multihal: vendor/qcom/proprietary/adsprpc/src/mod_table.c:789: open_mod_table_close: closed reverse module apps_std with handle 0x450dfe00
03-12 00:08:18.761  2064  4173 E android.hardware.sensors@2.1-service.multihal: vendor/qcom/proprietary/adsprpc/src/fastrpc_apps_user.c:1614: Error 0x80000600: remote_handle64_close failed for handle 0xb400007d1aeafa50 remote handle 0x0 (errno Success)
03-12 00:08:18.763  6461  6564 I Capsense_Cal: Sensor GetEvents event_count==1
03-12 00:08:18.763  6461  6564 D Capsense_Cal: SensorThread sensorEvents
03-12 00:08:18.763  6461  6564 D Capsense_Cal: Capsensor hallEventHandler sensorEvents->data[0]==2.000000
03-12 00:08:18.763  6461  6564 D Capsense_Cal: start cal : /sys/class/capsense/capsense1/reset, msg: flip_near
03-12 00:08:18.765  6461  6564 D Capsense_Cal: start cal : /sys/class/capsense/capsense0/reset, msg: flip_near
03-12 00:08:18.768  2195 19367 I SDM     : HWCDisplay::SetReadbackBuffer: CWB config from client: tap_point 1, CWB ROI Rect(210.000000 26.000000 274.000000 90.000000), PU_as_CWB_ROI 0, Cwb full rect : (0.000000 0.000000 1080.000000 2640.000000)
03-12 00:08:18.768  2195 19367 I SDM     : HWCDisplay::SetReadbackBuffer: Successfully configured the output buffer: readback_buffer_queued_ 1, readback_configured_ 0, cwb_client 3
03-12 00:08:18.768  2195 19367 I SDM     : HWCSession::ProcessRequests: Successfully configured CWB buffer.
03-12 00:08:18.771  3163  3352 W BoostOptController: not supported hint: 118
03-12 00:08:18.771  3163  3229 D CLI/SmallCLI: onDeviceLidStateChanged: state=CLOSED_HALL
03-12 00:08:18.771  2300  2597 I Scheduler: applyPolicy: UpdateRefreshRate 60 to 120 of group 3: [touch=1:1 touchBoost=1 scroll=0:0 idle=1:0] for display 4630947043778501762
03-12 00:08:18.771  2300  2597 D DisplayModeController: setDesiredMode 4630947043778501762 {mode={fps=120.00 Hz, modePtr={id=0, vsyncRate=120.00 Hz, peakRefreshRate=120.00 Hz}}, emitEvent=true, force=false}
03-12 00:08:18.772  3163  3231 I LogicalDisplayMapper: Requesting Transition to state: 0, from state=5, interactive=true, mBootCompleted=true
03-12 00:08:18.772  3163  3231 I LogicalDisplayMapper: Applying layout: [{dispId: 0(ON), displayGroupName: , addr: {port=130, model=0x40446dccee101c}, mThermalBrightnessThrottlingMapId: null, mRefreshRateZoneId: null, mLeadDisplayId: -1, mLeadDisplayAddress: null, mThermalRefreshRateThrottlingMapId: null, mPowerThrottlingMapId: null}], Previous layout: [{dispId: 0(ON), displayGroupName: , addr: {port=130, model=0x40446dccee101c}, mThermalBrightnessThrottlingMapId: null, mRefreshRateZoneId: null, mLeadDisplayId: -1, mLeadDisplayAddress: null, mThermalRefreshRateThrottlingMapId: null, mPowerThrottlingMapId: null}]
03-12 00:08:18.773  2195 19367 I SDM     : HWCSession::ProcessRequests: Pushing release fence in fenece wait queue.
03-12 00:08:18.773  2195 19367 I SDM     : HWCSession::ProcessRequests: Creating AsyncFenceWaits async thread.
03-12 00:08:18.773  2195 19367 I SDM     : HWCSession::ProcessRequests: Remove current CWB request from the pending request queue.
03-12 00:08:18.773  2195 19367 I SDM     : HWCSession::ProcessRequests: No pending cwb requests found in the queue.
03-12 00:08:18.775  5625  5625 I vol.VolumeDialogImpl: mDialog.dismiss() reason: posture_changed from: com.android.systemui.volume.VolumeDialogImpl$H.handleMessage:111 displayId: 0 mShowing: false mIsAnimatingDismiss: false
03-12 00:08:18.775  5625  5669 D ShellSplitScreen: onFoldedStateChanged: folded=true
03-12 00:08:18.777  2067  2174 D AHAL: AudioDevice: SetParameters: 1564: enter: device_folded=on
03-12 00:08:18.777  2067  2174 D AHAL: AudioVoice: VoiceSetParameters: 87: Enter params: device_folded=on
03-12 00:08:18.777  2067  2174 D AHAL: AudioVoice: VoiceSetParameters: 360: Exit ret: 0
03-12 00:08:18.777  2067  2174 D AHAL: FM: fm_set_parameters: 262: Enter
03-12 00:08:18.777  2067  2174 D AHAL: FM: fm_set_parameters: 320: exit
03-12 00:08:18.777  2067  2174 D AHAL: AudioDevice: SetParameters: 2361: exit: device_folded=on
03-12 00:08:18.777  3163  3227 D TouchHwAidlService: onStateChanged.. state=0
03-12 00:08:18.779  3163  4279 I CLI/Transition_Device: lid state changed: OPEN -> CLOSED, device state changed to CLOSED_HALL
03-12 00:08:18.779  3163  4279 D CLI/Transition_Lid: update lid state CLOSED
03-12 00:08:18.785  3163  3227 D TouchHwAidlService: onTapToWakeSettingsChanged isAmbientDisplayAvailable=1 aodEnable=true singleTapEnable=true doubleTapEnable=true lidState=0 callers=com.motorola.server.display.TouchHwAidlService.-$$Nest$monTapToWakeSettingsChanged:0 com.motorola.server.display.TouchHwAidlService$4.onChange:573 android.database.ContentObserver.onChange:184 
03-12 00:08:18.785  3163  3227 D TouchHwAidlService: enableTapWake mode=33 displayId=0 mGestureStowMode=true
03-12 00:08:18.785  3163  3227 D TouchHwAidlService: transfer mode=33 transMode=32 cli=false
03-12 00:08:18.785  2106  2106 I motorola.hardware.display.touch-service: Setting Gesture to 32
03-12 00:08:18.786  2067  2174 D AHAL: AudioDevice: SetParameters: 1564: enter: cli_state=close
03-12 00:08:18.786  2067  2174 D AHAL: AudioVoice: VoiceSetParameters: 87: Enter params: cli_state=close
03-12 00:08:18.786  2067  2174 D AHAL: AudioVoice: VoiceSetParameters: 360: Exit ret: 0
03-12 00:08:18.786  2067  2174 D AHAL: FM: fm_set_parameters: 262: Enter
03-12 00:08:18.786  2067  2174 D AHAL: FM: fm_set_parameters: 320: exit
03-12 00:08:18.786  2067  2174 D AHAL: AudioDevice: SetParameters: 2361: exit: cli_state=close
03-12 00:08:18.786  7314  7314 D GameMode: mCLIStatusReceiver: 0
03-12 00:08:18.786  3163  3227 D TouchHwAidlService: setGestureModeHal done mode=33 newMode=32 result=0
03-12 00:08:18.786  3163  3227 D TouchHwAidlService: enableTapWake mode=33 displayId=1 mGestureStowMode=true
03-12 00:08:18.786  2106  2106 I motorola.hardware.display.touch-service: Setting CLI Gesture to 33
03-12 00:08:18.787  5625  5625 D SCliNotifPanelController: onLidClosed
03-12 00:08:18.787  5625  5625 V SmallCli_WindowController: state=SmallCli window State {
03-12 00:08:18.787  5625  5625 V SmallCli_WindowController:   mBrightnessVisible: false
03-12 00:08:18.787  5625  5625 V SmallCli_WindowController:   mDynamicPanelVisible: false
03-12 00:08:18.787  5625  5625 V SmallCli_WindowController:   mFlashLightPrompt: false
03-12 00:08:18.787  5625  5625 V SmallCli_WindowController:   mHeadsUpPanelVisible: false
03-12 00:08:18.787  5625  5625 V SmallCli_WindowController:   mKeyguardOccluded: false
03-12 00:08:18.787  5625  5625 V SmallCli_WindowController:   mLidOpen: false
03-12 00:08:18.787  5625  5625 V SmallCli_WindowController:   mNotificationVisible: false
03-12 00:08:18.787  5625  5625 V SmallCli_WindowController:   mPowerMenuVisible: false
03-12 00:08:18.787  5625  5625 V SmallCli_WindowController:   mQsVisible: false
03-12 00:08:18.787  5625  5625 V SmallCli_WindowController:   mVolumeVisible: false
03-12 00:08:18.787  5625  5625 V SmallCli_WindowController: }
03-12 00:08:18.787  3163  3227 D TouchHwAidlService: setCliGestureModeHal done mode=33 newMode=33 result=0
03-12 00:08:18.787  3163  3227 D TouchHwAidlService: enableTapWake mode=49 displayId=-1 mGestureStowMode=true
03-12 00:08:18.787  3163  3227 D TouchHwAidlService: transfer mode=49 transMode=48 cli=false
03-12 00:08:18.787  2106  2106 I motorola.hardware.display.touch-service: Setting Gesture to 48
03-12 00:08:18.787  3163  3227 D TouchHwAidlService: setGestureModeHal done mode=49 newMode=48 result=0
03-12 00:08:18.787  2106  2106 I motorola.hardware.display.touch-service: Setting CLI Gesture to 49
03-12 00:08:18.787  2723 16663 I CameraService: Previous DeviceState : 0 New DeviceState : 4
03-12 00:08:18.787  3163  3227 D TouchHwAidlService: setCliGestureModeHal done mode=49 newMode=49 result=0
03-12 00:08:18.788  3163  3227 D TouchHwAidlService: Unregister stow sensor
03-12 00:08:18.788  3163  3227 W AlarmManager: Unrecognized alarm listener com.motorola.server.display.TouchHwAidlService$AlarmListenerImpl@de23d8f
03-12 00:08:18.788  3163  3227 D TouchHwAidlService: Unregister stow sensor
03-12 00:08:18.788  3163  3227 W AlarmManager: Unrecognized alarm listener com.motorola.server.display.TouchHwAidlService$AlarmListenerImpl@de23d8f
03-12 00:08:18.788  3163  3227 D TouchHwAidlService: Unregister stow sensor
03-12 00:08:18.788  3163  3227 W AlarmManager: Unrecognized alarm listener com.motorola.server.display.TouchHwAidlService$AlarmListenerImpl@de23d8f
03-12 00:08:18.788  3163  3227 D TouchHwAidlService: enableGestureStowMode stowed: false
03-12 00:08:18.788  2106  2106 I motorola.hardware.display.touch-service: Setting stow gesture mode to 0 for panel 1
03-12 00:08:18.790  3163  3227 D TouchHwAidlService: setStowGestureMode for cli stowed=false ret=0
03-12 00:08:18.790  3163  3227 D TouchHwAidlService: enableGestureStowMode stowed: false
03-12 00:08:18.791  2106  2106 I motorola.hardware.display.touch-service: Setting stow gesture mode to 0 for panel 1
03-12 00:08:18.791  2186  3522 I CamxPrvdr@2.7-legacy: notifyDeviceStateChange: New device state: 0x4
03-12 00:08:18.791  2186  3522 I CamxComm1.0-CamModule: notifyDeviceStateChange: calling notify_device_state_change with state 4
03-12 00:08:18.791  2186  3522 D CamX    : [DEBUG][HAL    ] camxhal3module.cpp:411 NotifyDeviceStateChange() New Device State: 4
03-12 00:08:18.791  3163  3227 D TouchHwAidlService: setStowGestureMode for cli stowed=false ret=0
03-12 00:08:18.791  3163  3227 D TouchHwAidlService: enableGestureStowMode stowed: false
03-12 00:08:18.791  2106  2106 I motorola.hardware.display.touch-service: Setting stow gesture mode to 0 for panel 1
03-12 00:08:18.791  3163  3227 D TouchHwAidlService: setStowGestureMode for cli stowed=false ret=0
03-12 00:08:18.792  3163  3202 W InputManager-JNI: Input channel object '[Gesture Monitor] moto_actions_input_channel (client)' was disposed without first being removed with the input manager!
03-12 00:08:18.792  2300  2300 I SurfaceFlinger: initiateDisplayModeChanges changing active mode from 5(60.00 Hz:3) to 0(120.00 Hz:3) for display 4630947043778501762
03-12 00:08:18.792  2300  2300 I SurfaceFlinger: initiateDisplayModeChanges active mode changed to 0(120.00 Hz) for display 4630947043778501762. mBrightnessDimingCnt=0
03-12 00:08:18.793  2195  2586 W SDM     : HWDeviceDRM::GetSupportedBitClkRate: Requested rate not supported: 0
03-12 00:08:18.793  2195  2586 I SDM     : HWDeviceDRM::UpdateMixerAttributes: Mixer WxH 1080x2640-0 for Peripheral
03-12 00:08:18.794  2195 19369 I SDM     : HWCSession::NotifyCWBStatus: Notify the client about buffer status 0.
03-12 00:08:18.794  2195 19369 I SDM     : HWCSession::PerformFenceWaits: Remove current release fence from the pending fence wait queue.
03-12 00:08:18.794  2195 19369 I SDM     : HWCSession::PerformFenceWaits: CWB fence queue is empty. No pending release fence to wait on.
03-12 00:08:18.794  2195  2586 I SDM     : HWCDisplay::SubmitDisplayConfig: Active configuration changed from config 5 to 0
03-12 00:08:18.795  2195  2269 I SDM     : HWDeviceDRM::SetupConcurrentWriteback: Tear down the Concurrent Writeback topology
03-12 00:08:18.799  3065  3276 E Thermal-Lib: Thermal-Lib-Client:do_listen: recv failed
03-12 00:08:18.799  3084  3373 E Thermal-Lib: Thermal-Lib-Client:do_listen: recv failed
03-12 00:08:18.800  3065  3276 E Thermal-Lib: Thermal-Lib-Client:do_listen: recv failed
03-12 00:08:18.800  3084  3373 E Thermal-Lib: Thermal-Lib-Client:do_listen: recv failed
03-12 00:08:18.801  2061  2108 E minksocket: MinkIPC_QRTR_Service: client with node 1 port 4c1a went down
03-12 00:08:18.801  2061  2108 E minksocket: MinkIPC_QRTR_Service: client with node 1 port 4c0e went down
03-12 00:08:18.801  2061  2108 E minksocket: MinkIPC_QRTR_Service: client with node 1 port 4c10 went down
03-12 00:08:18.801  2061  2108 E minksocket: MinkIPC_QRTR_Service: client with node 1 port 4bff went down
03-12 00:08:18.808  3163  4279 I PowerGroup: Sleeping power group (groupId=0, uid=1000, reason=lid_switch)...
03-12 00:08:18.808  3163  3163 I WindowManager: Started going to sleep... (groupId=0 why=OFF_BECAUSE_OF_USER) notifySleepToKeyguard=true lidState=0 pmSleepReason=lid_switch
03-12 00:08:18.808  3163  4279 I PowerManagerService: Sleeping (uid 1000)...
03-12 00:08:18.809  2163  2163 D SENSOREXT_ALS_COMP: FrontLight: ReportLux 18.54 (28.06-9.52), pre 3.51, dbv 2987, dc 0, fps 90, chPanel 3.70-1.90-1.71-0.66, facCal:lux_s 1.19 cha_s 1.00-0.98-1.02-1.12, RunInfo: DPB 23407-165, TF 23407-0
03-12 00:08:18.809  3163  3231 D PanelsService: onAwakeStateChanged.. isAwake=false
03-12 00:08:18.809  3163  3231 D TouchHwAidlService: onAwakeStateChanged.. isAwake=false
03-12 00:08:18.810  2300  2300 I SurfaceFlinger: initiateDisplayModeChanges changing active mode from 0(120.00 Hz:3) to 0(120.00 Hz:3) for display 4630947043778501762
03-12 00:08:18.810  3163  3231 D TouchHwAidlService: Register stow sensor:true
03-12 00:08:18.810  3163  4279 D PowerManagerService: nativeReleaseSuspendBlocker name:PowerManagerService.WakeLocks duration ms: 0
03-12 00:08:18.810  3163  4279 D CLI/Transition_Lid: Doze cli display for lid close
03-12 00:08:18.810  3163  4279 I PowerManagerService: Dozing display group (groupId=1, now=125590601)...
03-12 00:08:18.810  3163  4279 I PowerManagerService: Going to sleep due to application (uid 1000, screenOffTimeout=1800000, activityTimeoutWM=-1, maxDimRatio=0.20000005, maxDimDur=7000)...
03-12 00:08:18.812 10834 10834 I GoogleInputMethodService: GoogleInputMethodService.onFinishInput():2097 
03-12 00:08:18.814  3163  4279 E WindowManager: Display reconfigured outside of a transition: Display{#0 state=ON size=1080x2640 ROTATION_0}
03-12 00:08:18.815 10834 10834 I Module  : DeviceLockedStatusModuleProvider$Module.updateDeviceLockedStatus():103 repeatCheckTimes = 0, locked = false
03-12 00:08:18.815  3163  4279 D CLI/Rotation: Set volume keyswap sysprop for rotation 0 lidState CLOSED
03-12 00:08:18.818  3163  3352 I DisplayPowerController2[0]: 03-12 00:08:18.818 - BrightnessEvent: disp=0, physDisp=local:4630947043778501762, displayState=ON, displayPolicy=OFF, brt=0.16006273, initBrt=0.16006273, rcmdBrt=0.16006273, preBrt=0.0033210698, lux=5.1355524, preLux=0.3, brtNits=19.489681, hdrNits=NaN, initNits=19.489681, preNits=3.305766, rcmdNits=19.489681, hdrBrightness=NaN, brt(%)=19%, brtInt=42, hbmPolicy=normal, hbmMax=0.85440856, hbmMode=off, rbcStrength=50, thrmMax=1.0, powerFactor=1.0, wasShortTermModelActive=false, flags=, reason=automatic, autoBrightness=true, strategy=InvalidBrightnessStrategy, autoBrightnessMode=default
03-12 00:08:18.819  3163  3352 I DisplayPowerController2[0]: Blocking screen off
03-12 00:08:18.819  3163  3352 I WindowManager: Display 0 turning off...
03-12 00:08:18.819  3163  3352 I DisplayPowerController2[0]: Unblocked screen off after 0 ms
03-12 00:08:18.819  5625  5939 D KeyguardTransitionRepository: (Internal) Setting current transition info: TransitionInfo(ownerName=FromGoneTransitionInteractor(Sleep transition triggered), from=GONE, to=DOZING, animated)
03-12 00:08:18.820  5625  5625 V TrustManager: clearAllBiometricRecognized unlockedUser=-10000 source=FINGERPRINT callers=com.android.keyguard.KeyguardUpdateMonitor.clearFingerprintRecognized:16 com.android.keyguard.KeyguardUpdateMonitor$14.handleMessage:941 android.os.Handler.dispatchMessage:112 android.os.Looper.loopOnce:268 android.os.Looper.loop:384 
03-12 00:08:18.820  3163  3163 D TrustManagerService: refreshDeviceLockedForUser(userId=-1, unlockedUser=-10000), secure=false, showingKeyguard=false, trusted=false, biometricAuthenticated=false, currentUserIsUnlocked=false, deviceLocked=false
03-12 00:08:18.821  5625  5625 D KeyguardViewMediator: KeyguardViewMediator queue processing message: NOTIFY_STARTED_GOING_TO_SLEEP
03-12 00:08:18.822  3163  3352 I WindowManager: Display0 turned off...
03-12 00:08:18.822 19374 19374 I ThermalEngine: Throttling daemon started
03-12 00:08:18.822 19374 19374 E ThermalEngine: config_info path not found: /sys/module/msm_thermal/config_info
03-12 00:08:18.822  3163  4279 I WindowManager: updateRotationUnchecked CLI real rotation changed:1, rotation:1
03-12 00:08:18.822 19374 19374 I ThermalEngine: Using device config file '/vendor/etc/thermal-engine-lynkco-cli.conf'
03-12 00:08:18.825  3163  4279 I WindowManager: Override config changes=20000000 {1.0 ?mcc0mnc [en_US] ldltr sw111dp w210dp h111dp 280dpi smll land night mot-cli finger -keyb/v/h -nav/h winConfig={ mBounds=Rect(0, 0 - 368, 194) mAppBounds=Rect(0, 0 - 368, 194) mMaxBounds=Rect(0, 0 - 368, 194) mDisplayRotation=ROTATION_90 mWindowingMode=fullscreen mActivityType=undefined mAlwaysOnTop=undefined mRotation=ROTATION_90} ?fontWeightAdjustment ?spn ?gid} for displayId=1
03-12 00:08:18.827  3163  3249 D addPss  : tracker=ProcessState{faac63c com.mobilaurus.wingstopandroid/10633 pkg=com.mobilaurus.wingstopandroid}
03-12 00:08:18.831 27151 27184 I ForwardSyncCache: reclaimMemory: Clearing caches
03-12 00:08:18.831  3163  3249 D addPss  : tracker=ProcessState{acb64ee io.appium.uiautomator2.server/10620 pkg=io.appium.uiautomator2.server}
03-12 00:08:18.832 27151 27184 W Bugle   : TextClassifierLibManagerImpl: Reclaiming memory at level: 40
03-12 00:08:18.833  3163  3231 I InputManager-JNI: Viewport [0] to add: local:4630947043778501762, isActive: true
03-12 00:08:18.833  3163  3231 I InputManager-JNI: Viewport [1] to add: local:4630947043778501763, isActive: false
03-12 00:08:18.834  3163  3231 D DisplayManagerService: Ignore redundant display event 0/2 to 10276/18586
03-12 00:08:18.834  3163  3231 D DisplayManagerService: Ignore redundant display event 0/2 to 10416/20010
03-12 00:08:18.834  3163  3231 D DisplayManagerService: Ignore redundant display event 0/2 to 10303/24871
03-12 00:08:18.835  3163  3352 D ActivityTaskManager: Top Process State changed to PROCESS_STATE_TOP_SLEEPING
03-12 00:08:18.839  3163  3352 D PowerManagerService: nativeAcquireSuspendBlocker name:PowerManagerService.WakeLocks duration ms: 1
03-12 00:08:18.839  3163  4285 I InputReader: Reconfiguring input devices, changes=DISPLAY_INFO
03-12 00:08:18.839  3163  4285 I InputReader: Disabling zinitix_mt (device 6) because the associated viewport is not active
03-12 00:08:18.839  3163  4285 I InputReader: Device reconfigured: id=6, name='zinitix_mt', size 194x368, orientation Rotation0, mode DISABLED, display id 1
03-12 00:08:18.840  3163  3352 D ActivityTrigger: ActivityTrigger activityPauseTrigger 
03-12 00:08:18.841  3163  3249 D addPss  : tracker=ProcessState{70438c8 com.motorola.cli.settings/10349 pkg=com.motorola.cli.settings}
03-12 00:08:18.842  5625  5625 I KeyguardTransitionRepository: STARTED transition: TransitionStep(from=GONE, to=DOZING, value=0.0, transitionState=STARTED, ownerName=FromGoneTransitionInteractor(Sleep transition triggered))
03-12 00:08:18.842  2926  2926 D fpc_hidl: lid-state=0
03-12 00:08:18.842  3163  4279 D MotoFingerprint: resultCode : 0
03-12 00:08:18.845  3163  3249 D addPss  : tracker=ProcessState{98462d2 com.android.settings/1000 pkg=com.android.settings}
03-12 00:08:18.847  3163  3249 D addPss  : tracker=ProcessState{bf9230c com.motorola.coresettingsext/10350 pkg=com.motorola.coresettingsext}
03-12 00:08:18.851  3163  3229 V WindowManager: Content Recording: Display 1 state was (1), is now (1), so update recording?
03-12 00:08:18.851  3163  3229 D CLI/Transition: displaygroup 1, state OFF, pendingdisplaygroup -1
03-12 00:08:18.854 19374 19374 I ThermalEngine: devices_manager_init: Init
03-12 00:08:18.854 19374 19374 I ThermalEngine: Number of gpus :1
03-12 00:08:18.854 19374 19374 I ThermalEngine: Number of cpus :8
03-12 00:08:18.854 18939 18965 D SessionLifecycleClient: Sending lifecycle 2 to service
03-12 00:08:18.854 18939 19073 D SessionLifecycleService: Activity backgrounding at 125590645
03-12 00:08:18.855  5625  5669 I DisplayController: CLI display config changed. dpi:280, fontScale:1.0
03-12 00:08:18.855  5625  5669 V ShellDragAndDrop: Display changed: 1
03-12 00:08:18.857 19374 19374 E ThermalEngine: tmd_add_cpufreq_dev_data: Invalid or no boost freqs
03-12 00:08:18.858 10834 10834 I PkDeviceHelper: PkDeviceHelper.refreshDevices():93 refreshing devices
03-12 00:08:18.860 19374 19374 E ThermalEngine: tmd_add_cpufreq_dev_data: Invalid or no boost freqs
03-12 00:08:18.860  2061  2108 E minksocket: MinkIPC_QRTR_Service: client with node 1 port 4c44 went down
03-12 00:08:18.861  2061  2108 E minksocket: MinkIPC_QRTR_Service: client with node 1 port 4c45 went down
03-12 00:08:18.861  2061  2108 E minksocket: MinkIPC_QRTR_Service: client with node 1 port 4c46 went down
03-12 00:08:18.862  2061  2108 E minksocket: MinkIPC_QRTR_Service: client with node 1 port 4c47 went down
03-12 00:08:18.863  2061  2108 E minksocket: MinkIPC_QRTR_Service: client with node 1 port 4c48 went down
03-12 00:08:18.864  5625  5625 I vol.VolumeDialogImpl: mDialog.dismiss() reason: volume_controller from: com.android.systemui.volume.VolumeDialogImpl$10.onDismissRequested:3 displayId: 0 mShowing: false mIsAnimatingDismiss: true
03-12 00:08:18.864  5625  5625 D vol.VolumeDialogImpl: dismissH: skipping dismiss because isAnimatingDismiss is true and showingStateInconsistent is false
03-12 00:08:18.865  2061  2108 E minksocket: MinkIPC_QRTR_Service: client with node 1 port 4c49 went down
03-12 00:08:18.865 19374 19374 E ThermalEngine: tmd_add_cpufreq_dev_data: Invalid or no boost freqs
03-12 00:08:18.866  5625  5625 D CentralSurfaces: !shouldBeKeyguard mStatusBarStateController.isKeyguardRequested() false keyguardForDozing false wakeAndUnlocking false isWakingAndOccluded false
03-12 00:08:18.866  5625  5625 D CentralSurfaces: hideKeyguardImpl false
03-12 00:08:18.871  2061  2108 E minksocket: MinkIPC_QRTR_Service: client with node 1 port 4c4a went down
03-12 00:08:18.872  3163  3231 W ProcessStats: Tracking association SourceState{fbd9e3c com.mobilaurus.wingstopandroid/10633 Top #566260} whose proc state 1 is better than process ProcessState{208a3e7 com.google.android.gms.persistent/10240 pkg=com.google.android.gms} proc state 2 (23 skipped)
03-12 00:08:18.874  2061  2108 E minksocket: MinkIPC_QRTR_Service: client with node 1 port 4c4b went down
03-12 00:08:18.877 19374 19374 E ThermalEngine: devices_manager_reg_clnt: Invalid dev cdsp_sw.
03-12 00:08:18.877  2061  2108 E minksocket: MinkIPC_QRTR_Service: client with node 1 port 4c4c went down
03-12 00:08:18.878  6942 24678 D ForegroundUtils: Foreground UID status: 10240, true; 10243, false; 10246, false; 10292, false; 10363, false; 10394, true; 10404, true; 10416, false; 10618, false; 10633, false; 
03-12 00:08:18.876 19374 19374 W thermal-engine-: type=1400 audit(0.0:1981630): avc:  denied  { read } for  scontext=u:r:vendor_thermal-engine:s0 tcontext=u:r:kernel:s0 tclass=file permissive=0
03-12 00:08:18.880  2061  2108 E minksocket: MinkIPC_QRTR_Service: client with node 1 port 4c4d went down
03-12 00:08:18.876 19374 19374 W thermal-engine-: type=1400 audit(0.0:1981631): avc:  denied  { read } for  scontext=u:r:vendor_thermal-engine:s0 tcontext=u:r:kernel:s0 tclass=file permissive=0
03-12 00:08:18.876 19374 19374 W thermal-engine-: type=1400 audit(0.0:1981632): avc:  denied  { read } for  scontext=u:r:vendor_thermal-engine:s0 tcontext=u:r:kernel:s0 tclass=file permissive=0
03-12 00:08:18.882  2061  2108 E minksocket: MinkIPC_QRTR_Service: client with node 1 port 4c4e went down
03-12 00:08:18.883 19374 19376 E ThermalEngine: verify_tmd_device: Device:cpuv_restriction_cold available. max:1
03-12 00:08:18.884 19374 19376 E ThermalEngine: verify_tmd_device: Device:modem_lte_dsc available. max:255
03-12 00:08:18.884 19374 19376 E ThermalEngine: verify_tmd_device: Device:modem_lte_sub1_dsc available. max:255
03-12 00:08:18.885 19374 19376 E ThermalEngine: verify_tmd_device: Device:modem_nr_dsc available. max:255
03-12 00:08:18.885 19374 19376 E ThermalEngine: verify_tmd_device: Device:modem_nr_sub1_dsc available. max:255
03-12 00:08:18.885 19374 19376 E ThermalEngine: verify_tmd_device: Device:modem_nr_scg_dsc available. max:255
03-12 00:08:18.886 19374 19376 E ThermalEngine: verify_tmd_device: Device:modem_nr_scg_sub1_dsc available. max:255
03-12 00:08:18.886 19374 19376 E ThermalEngine: verify_tmd_device: Device:sdr0_lte_dsc available. max:255
03-12 00:08:18.886 19374 19376 E ThermalEngine: verify_tmd_device: Device:sdr1_lte_dsc available. max:255
03-12 00:08:18.886  2061  2108 E minksocket: MinkIPC_QRTR_Service: client with node 1 port 4c4f went down
03-12 00:08:18.887 19374 19376 E ThermalEngine: verify_tmd_device: Device:sdr0_nr_dsc available. max:255
03-12 00:08:18.887 19374 19376 E ThermalEngine: verify_tmd_device: Device:sdr1_nr_dsc available. max:255
03-12 00:08:18.887 19374 19376 E ThermalEngine: verify_tmd_device: Device:pa_lte_sdr0_dsc available. max:255
03-12 00:08:18.887 19374 19376 E ThermalEngine: verify_tmd_device: Device:pa_lte_sdr1_dsc available. max:255
03-12 00:08:18.888 19374 19376 E ThermalEngine: verify_tmd_device: Device:pa_lte_sdr0_sub1_dsc available. max:255
03-12 00:08:18.888 19374 19376 E ThermalEngine: verify_tmd_device: Device:pa_lte_sdr1_sub1_dsc available. max:255
03-12 00:08:18.888 19374 19376 E ThermalEngine: verify_tmd_device: Device:pa_nr_sdr0_dsc available. max:255
03-12 00:08:18.889  2061  2108 E minksocket: MinkIPC_QRTR_Service: client with node 1 port 4c51 went down
03-12 00:08:18.889 19374 19376 E ThermalEngine: verify_tmd_device: Device:pa_nr_sdr1_dsc available. max:255
03-12 00:08:18.889  3163  4188 W PackageManager: Missing required system package: com.mobilaurus.wingstopandroid, but found with extended search.
03-12 00:08:18.889 19374 19376 E ThermalEngine: verify_tmd_device: Device:pa_nr_sdr0_sub1_dsc available. max:255
03-12 00:08:18.876 19374 19374 W thermal-engine-: type=1400 audit(0.0:1981633): avc:  denied  { read } for  scontext=u:r:vendor_thermal-engine:s0 tcontext=u:r:kernel:s0 tclass=file permissive=0
03-12 00:08:18.891  2061  2108 E minksocket: MinkIPC_QRTR_Service: client with node 1 port 4c52 went down
03-12 00:08:18.891 19374 19376 E ThermalEngine: verify_tmd_device: Device:pa_nr_sdr1_sub1_dsc available. max:255
03-12 00:08:18.891 19374 19376 E ThermalEngine: verify_tmd_device: Device:pa_nr_sdr0_scg_dsc available. max:255
03-12 00:08:18.892 19374 19376 E ThermalEngine: verify_tmd_device: Device:pa_nr_sdr1_scg_dsc available. max:255
03-12 00:08:18.876 19374 19374 W thermal-engine-: type=1400 audit(0.0:1981634): avc:  denied  { read } for  scontext=u:r:vendor_thermal-engine:s0 tcontext=u:r:kernel:s0 tclass=file permissive=0
