--------- beginning of main
03-13 14:30:21.573  2007 21544 I sensors-hal: handle_sns_std_sensor_event:409, [SSC_LIGHT] P: 204(204),c:26,b:85,m:13,cl:6,l:201,s:204,l0:16864,l1:64,s0:16145,s1:0,acl:1,opr:0.60,f(r):97,u(bl):110,if:0,wi:4,si:12,po:0(N:0)
03-13 14:30:21.596 22031 22058 I appium  : channel read: GET /session/0dc2025a-6c74-4fa2-a9e4-7ff2d388fee9/source
03-13 14:30:21.599 22031 22058 I appium  : Source command
03-13 14:30:21.601 22031 22058 I appium  : Waiting up to 10000ms for the device to idle
03-13 14:30:21.766 22031 22058 I appium  : AppiumResponse: {"sessionId":"0dc2025a-6c74-4fa2-a9e4-7ff2d388fee9","value":"<?xml version='1.0' encoding='UTF-8' standalone='yes' ?>\r\n<hierarchy index=\"0\" class=\"hierarchy\" rotation=\"0\" width=\"1080\" height=\"2640\">\r\n  <android.widget.FrameLayout index=\"0\" package=\"com.parkwhiz.driverApp\" class=\"aâ€¦
03-13 14:30:21.783 22031 22058 I appium  : channel read: GET /session/0dc2025a-6c74-4fa2-a9e4-7ff2d388fee9/screenshot
03-13 14:30:21.783 22031 22058 I appium  : CaptureScreenshot command
03-13 14:30:21.784 22031 22058 I tomator2.server: hiddenapi: Accessing hidden method Landroid/view/Display;->getAddress()Landroid/view/DisplayAddress; (runtime_flags=0, domain=platform, api=blocked) from Lio/appium/uiautomator2/utils/ReflectionUtils; (domain=app, TargetSdkVersion=34) using reflection: allowed
03-13 14:30:21.784 22031 22058 I tomator2.server: hiddenapi: Accessing hidden method Landroid/view/DisplayAddress$Physical;->getPhysicalDisplayId()J (runtime_flags=0, domain=platform, api=blocked) from Lio/appium/uiautomator2/utils/ReflectionUtils; (domain=app, TargetSdkVersion=34) using reflection: allowed
03-13 14:30:21.893 22750 22750 W screencap: Thread Pool max thread count is 0. Cannot cache binder as linkToDeath cannot be implemented. serviceName: SurfaceFlingerAIDL
03-13 14:30:21.894 22750 22750 W BpBinder: Linking to death on android.gui.ISurfaceComposer but there are no threads (yet?) listening to incoming transactions. See ProcessState::startThreadPool and ProcessState::setThreadPoolMaxThreadCount. Generally you should setup the binder threadpool before other initialization steps.
03-13 14:30:21.895 22750 22750 W screencap: Thread Pool max thread count is 0. Cannot cache binder as linkToDeath cannot be implemented. serviceName: edmnativehelper
03-13 14:30:21.895  3003  4923 I EDMNativeHelperService: isScreenCaptureEnabled
--------- beginning of system
03-13 14:30:21.896  3003  4923 D RestrictionPolicy: isScreenCaptureEnabled : ret=true userId=0
03-13 14:30:21.896 22750 22750 W ProcessState: Extra binder thread started, but 0 threads requested. Do not use *startThreadPool when zero threads are requested.
03-13 14:30:21.896 22750 22750 I SurfaceComposerClient: captureDisplay:Display-4630946564756762243
03-13 14:30:21.900  2105  2921 I SurfaceFlinger: Capture layer list: 	 com.parkwhiz.driverApp/com.parkwhiz.driverApp.main.MainActivity$_22100#61307(seamlessTransition:0)
03-13 14:30:21.900  2105  2921 I SurfaceFlinger: Capture layer list: 	 InputMethod$_15873#61317(seamlessTransition:0)
03-13 14:30:21.900  2105  2921 I SurfaceFlinger: Capture layer list: 	 StatusBar$_4205#132(seamlessTransition:0)
03-13 14:30:21.900  2105  2921 I SurfaceFlinger: Capture layer list: 	 com.sec.android.app.launcher/com.samsung.app.honeyspace.edge.edgepanel.app.CocktailBarService$_4832#61257(seamlessTransition:0)
03-13 14:30:21.900  2105  2921 I SurfaceFlinger: Capture layer list: 	 NavigationBar0$_4205#130(seamlessTransition:0)
03-13 14:30:21.901  2105  2921 E HwcComposer: getLuts failed Status(-129, EX_TRANSACTION_FAILED): 'UNKNOWN_TRANSACTION: '
03-13 14:30:21.901  2105  2342 D RenderEngine: [SEC_SF_EFFECTS] drawLayersInternal,1483, Rendering layer ScreenCaptureFillLayer at index 0
03-13 14:30:21.901  2105  2342 D RenderEngine: [SEC_SF_EFFECTS] drawLayersInternal,1483, Rendering layer com.parkwhiz.driverApp/com.parkwhiz.driverApp.main.MainActivity$_22100#61307 at index 1
03-13 14:30:21.901  2105  2342 D RenderEngine: [SEC_SF_EFFECTS] drawLayersInternal,1483, Rendering layer InputMethod$_15873#61317 at index 2
03-13 14:30:21.902  2105  2342 D RenderEngine: [SEC_SF_EFFECTS] drawLayersInternal,1483, Rendering layer StatusBar$_4205#132 at index 3
03-13 14:30:21.902  2105  2342 D RenderEngine: [SEC_SF_EFFECTS] drawLayersInternal,1483, Rendering layer com.sec.android.app.launcher/com.samsung.app.honeyspace.edge.edgepanel.app.CocktailBarService$_4832#61257 at index 4
03-13 14:30:21.902  2105  2342 D RenderEngine: [SEC_SF_EFFECTS] drawLayersInternal,1483, Rendering layer NavigationBar0$_4205#130 at index 5
03-13 14:30:21.935  3003  4923 I ActivityManager: Changes in 10405 6 to 10, 128 to 0
03-13 14:30:21.944  3003  4002 D BackgroundInstallControlService: Package event received: 0
03-13 14:30:21.944  3003  4002 D BackgroundInstallControlService: Package event received: 0
03-13 14:30:21.945  3003  4923 I ActivityManager: Changes in 10405 10 to 6, 0 to 128
03-13 14:30:21.946  3003  4002 D BackgroundInstallControlService: Package event received: 0
03-13 14:30:21.946  3003  4002 D BackgroundInstallControlService: Package event received: 0
03-13 14:30:21.970 22750 22756 I AdrenoUtils: <ReadGpuID:357>: Reading chip ID through GSL
03-13 14:30:21.972 22750 22750 W qdgralloc: Failed to load libubwcp.so
03-13 14:30:22.189 22031 22058 I appium  : AppiumResponse: {"sessionId":"0dc2025a-6c74-4fa2-a9e4-7ff2d388fee9","value":"iVBORw0KGgoAAAANSUhEUgAABDgAAApQCAYAAABYiJrlAAAAAXNSR0IArs4c6QAAAARzQklUCAgICHwIZIgAACAASURBVHic7N13eFPl+wbw+2Q03XtvSls6gVIoZS8RUREVla+KIiriFkUUF8rPjaK4t6i4RVEZsmTv1dLS0kH33nskaZLfH6GhaVLa0kXk/lyXl3BycvKmLek593ne5xWmzF2oARERERERERGRCRMN9ACâ€¦
03-13 14:30:22.198  2097  2125 E HeatmapThread: ECT Thread time in milliseconds: 1773426622
03-13 14:30:22.203 16536 16536 I wpa_supplicant: Heartbeat 1538
03-13 14:30:22.204  2097  2125 D HeatmapThread: !@ batteryplugType : 2
03-13 14:30:22.205  2097  2125 D HeatmapThread: !@ batteryLevel : 100  batteryTemperature : 316 
03-13 14:30:22.205  2097  2125 D HeatmapThread: !@ Heatmap currtime: 29557110
03-13 14:30:22.205  2097  2125 D HeatmapThread: !@ Heatmap prevtime: 29557102
03-13 14:30:22.205  2097  2125 D HeatmapThread: !@ Heatmap plugstarttime: 29556997
03-13 14:30:22.205  2097  2125 D HeatmapThread: !@ Heatmap prevv_dsoh_update_time: 29557085
03-13 14:30:22.205  2097  2125 E HeatmapThread: !@ CAM New BSOH: 100
03-13 14:30:22.205  2097  2125 E HeatmapThread: !@ CAM is Working
03-13 14:30:22.488 22535 22535 I CMHApplication: [#CMH#] Block to verify, Change Trim Memory Level: 40 
03-13 14:30:22.514  3003  4027 I SemWifiServiceDetector: Service det. suspended: T / T / 14493
03-13 14:30:22.516 22535 22540 W com.samsung.cmh: userfaultfd: MOVE ioctl seems unsupported: Connection timed out
03-13 14:30:22.526 22535 22542 I CMHFileObserver: [#CMH#] CMHFileObserver object is GC 
03-13 14:30:22.816  6380  6380 I SDHMS:LOAD: type: LoadsFreqs, value: 9:0:0:748031:2630400:672000:771839:2572800:499200:231:231:231
03-13 14:30:23.198  2097  2125 E HeatmapThread: ECT Thread time in milliseconds: 1773426623
03-13 14:30:23.207  2097  2125 D HeatmapThread: !@ batteryplugType : 2
03-13 14:30:23.207  2097  2125 D HeatmapThread: !@ batteryLevel : 100  batteryTemperature : 316 
03-13 14:30:23.207  2097  2125 D HeatmapThread: !@ Heatmap currtime: 29557110
03-13 14:30:23.207  2097  2125 D HeatmapThread: !@ Heatmap prevtime: 29557102
03-13 14:30:23.207  2097  2125 D HeatmapThread: !@ Heatmap plugstarttime: 29556997
03-13 14:30:23.208  2097  2125 D HeatmapThread: !@ Heatmap prevv_dsoh_update_time: 29557085
03-13 14:30:23.208  2097  2125 E HeatmapThread: !@ CAM New BSOH: 100
03-13 14:30:23.208  2097  2125 E HeatmapThread: !@ CAM is Working
03-13 14:30:23.428  1171  1171 D io_stats: !@   8,0 r 4157503 128739364 w 5091468 103131108 d 431721 114768824 f 216265 492906 iot 2085408 0 th 0 0 0 pt 0 inp 0 0 73212.424
03-13 14:30:23.457  3003  4923 I ActivityManager: Changes in 10405 6 to 10, 128 to 0
03-13 14:30:23.461  3003  4923 I ActivityManager: Changes in 10405 10 to 6, 0 to 128
03-13 14:30:23.464  3003  4002 D BackgroundInstallControlService: Package event received: 0
03-13 14:30:23.465  3003  4002 D BackgroundInstallControlService: Package event received: 0
03-13 14:30:23.465  3003  4002 D BackgroundInstallControlService: Package event received: 0
03-13 14:30:23.465  3003  4002 D BackgroundInstallControlService: Package event received: 0
03-13 14:30:24.199  2097  2125 E HeatmapThread: ECT Thread time in milliseconds: 1773426624
03-13 14:30:24.209  2097  2125 D HeatmapThread: !@ batteryplugType : 2
03-13 14:30:24.209  2097  2125 D HeatmapThread: !@ batteryLevel : 100  batteryTemperature : 316 
03-13 14:30:24.209  2097  2125 D HeatmapThread: !@ Heatmap currtime: 29557110
03-13 14:30:24.210  2097  2125 D HeatmapThread: !@ Heatmap prevtime: 29557102
03-13 14:30:24.210  2097  2125 D HeatmapThread: !@ Heatmap plugstarttime: 29556997
03-13 14:30:24.210  2097  2125 D HeatmapThread: !@ Heatmap prevv_dsoh_update_time: 29557085
03-13 14:30:24.210  2097  2125 E HeatmapThread: !@ CAM New BSOH: 100
03-13 14:30:24.211  2097  2125 E HeatmapThread: !@ CAM is Working
03-13 14:30:24.220  1821  2136 I AiAiStatsd: No op: the most recent atoms from the date 2026-03-12 have been uploaded.
03-13 14:30:24.321  3003  7743 D SemWifiUsabilityStatsMonitor: onWifiUsabilityStats - seqNum 19112, isSameBssidAndFreq true
03-13 14:30:24.324  3003  4030 D InsDataManager: onOutageCountUpdate() - Outage Data: 0, LQ : Y. Outage Triggered: false
03-13 14:30:24.325  3003  4030 D InsDataManager: Trying to save initial normal data.
03-13 14:30:24.325  3003  4030 D SensorCollector: syncMappedBuffers: 0, 0, 99
03-13 14:30:24.325  3003  4030 D InsDataManager: trimBuffers start.
03-13 14:30:24.325  3003  4030 D InsDataManager: trimBuffers - nsmBuffer size: 26
03-13 14:30:24.325  4205  4362 D Tile.WifiTile: handleUpdateState isTransient=false transientEnabling =false cb.isTransient=false state.state = 2 mStateBeforeClick.value =false enabled =true
03-13 14:30:24.327  3003  4030 D InsDataManager: Too short for collecting additional normal data
03-13 14:30:24.328  3003  4030 D SemInsManager: {"bssid": "1cf112895765","rssi": -58.0,"latency": 0.0,"outage_count": 0,"lq_callback_triggered": true,"outage_log": "Unreliable statistics: -58.0 / 0 / 0 / 0 / 0 || 1cf112895765: 0.000 / 0.000 / @ || N N / 0 0 / Y 2.0 / Y X 0 / 73213317 0 || Invalid""Magnetic Sensor Events size": "0""Pressure Sensor Events size": "0"}
03-13 14:30:24.330  3003  4047 D SGM:GameManager: identifyGamePackage. com.parkwhiz.driverApp, mCurrentUserId: 0, callingMethodInfo: com.samsung.android.game.SemGameManager.isGamePackage(SemGameManager.java:106)
03-13 14:30:24.330  3003  4047 D SGM:SemGameManager: isGamePackage(), pkgName=com.parkwhiz.driverApp, ret=false
03-13 14:30:24.453  2007 21544 I sensors-hal: handle_sns_std_sensor_event:409, [SSC_LIGHT] P: 222(222),c:26,b:85,m:13,cl:6,l:219,s:223,l0:18400,l1:64,s0:17708,s1:0,acl:1,opr:0.60,f(r):97,u(bl):110,if:0,wi:4,si:12,po:0(N:0)
03-13 14:30:24.976  3003  4415 I ActivityManager: Changes in 10405 6 to 10, 128 to 0
03-13 14:30:24.986  3003  4002 D BackgroundInstallControlService: Package event received: 0
03-13 14:30:24.987  3003  4415 I ActivityManager: Changes in 10405 10 to 6, 0 to 128
03-13 14:30:24.990  3003  4002 D BackgroundInstallControlService: Package event received: 0
03-13 14:30:24.992  3003  4002 D BackgroundInstallControlService: Package event received: 0
03-13 14:30:24.992  3003  4002 D BackgroundInstallControlService: Package event received: 0
03-13 14:30:25.008  2007 12669 I sensors-hal: handle_sns_client_event:197, auto_rotation_debug_2 mode,255, type,1,0 acc,0.043,5.250,8.322, ar,0, h_ic,0,0, s,2, ver,14, pedo,1,e,1,i,3
03-13 14:30:25.200  2097  2125 E HeatmapThread: ECT Thread time in milliseconds: 1773426625
03-13 14:30:25.208  2097  2125 D HeatmapThread: !@ batteryplugType : 2
03-13 14:30:25.208  2097  2125 D HeatmapThread: !@ batteryLevel : 100  batteryTemperature : 316 
03-13 14:30:25.209  2097  2125 D HeatmapThread: !@ Heatmap currtime: 29557110
03-13 14:30:25.209  2097  2125 D HeatmapThread: !@ Heatmap prevtime: 29557102
03-13 14:30:25.209  2097  2125 D HeatmapThread: !@ Heatmap plugstarttime: 29556997
03-13 14:30:25.209  2097  2125 D HeatmapThread: !@ Heatmap prevv_dsoh_update_time: 29557085
03-13 14:30:25.209  2097  2125 E HeatmapThread: !@ CAM New BSOH: 100
03-13 14:30:25.210  2097  2125 E HeatmapThread: !@ CAM is Working
03-13 14:30:25.309  1992  3074 V sec_audio_hw: sec_dev_get_parameters : g_hw_speaker_amp_temp_rcv
03-13 14:30:25.310  1992  3074 D AHAL: FM: fm_get_parameters: 299: enter
03-13 14:30:25.310  1992  3074 D AHAL: FM: fm_get_parameters: 306: exit
03-13 14:30:25.311  1992  3074 I PAL: ResourceManager: getActiveStream_l: 6180: no active streams found for device 3 ret -2
03-13 14:30:25.311  1992  3074 D AHAL: SecAudioDevice: SecGetParameters: 953: temperature for rcv = 0
03-13 14:30:25.311  2072  2993 I vendor.samsung.hardware.thermal-service: key: g_hw_speaker_amp_temp_rcv, value: 0
03-13 14:30:25.311  1992  3074 V sec_audio_hw: sec_dev_get_parameters : g_hw_speaker_amp_temp_spk
03-13 14:30:25.311  1992  3074 D AHAL: FM: fm_get_parameters: 299: enter
03-13 14:30:25.311  1992  3074 D AHAL: FM: fm_get_parameters: 306: exit
03-13 14:30:25.311  1992  3074 I PAL: ResourceManager: getActiveStream_l: 6180: no active streams found for device 3 ret -2
03-13 14:30:25.311  1992  3074 D AHAL: SecAudioDevice: SecGetParameters: 967: temperature for spk = 0
03-13 14:30:25.312  2072  2993 I vendor.samsung.hardware.thermal-service: key: g_hw_speaker_amp_temp_spk, value: 0
03-13 14:30:25.315  6380  7375 I SDHMS:x : SIOP:: AP:350 BAT:316 USB:277 CHG:349 PA:348 CP:350 WIFI:343 BLK:0 SUBBAT:272 LRPTHM:339 SKIN:338 SKINF:338 SKINB:330 LRP2:338 LRF2:338 LRB2:330 AP2:337 CHG2:337 MEM2:338 WIFI2:338 RCV2:338 SPK2:279 UPSPK:344 DNSPK:277 VAP:365 VWIFI:353 AMB2:244 AVGCUR:108 AVGSYS:229 POWER:474
03-13 14:30:25.325  3003  3003 D SemWifiP2pGoPowerSave: GopsReceiver : received : com.samsung.intent.action.CHECK_SIOP_LEVEL
03-13 14:30:25.325  2007  2007 I sensors-hal: set_config:64, no need to adjust sample_period_ns due to reporting_mode = 2
03-13 14:30:25.325  2007  2007 I sensors-hal: batch:363, android.sensor.light/51, period=200000000, max_latency=0 request completed
03-13 14:30:25.325  3003  3003 I SemWifiP2pGoPowerSave: siop_level = -2
03-13 14:30:25.325  2007  2007 I sensors-hal: activate:300, android.sensor.light/51 en=1
03-13 14:30:25.325  2007  2007 I sensors-hal: acquire_qsh_interface:139, acquire_qsh_interface with sensor_id 38 , conn_type 0 
03-13 14:30:25.325  2007  2007 I sensors-hal: acquire_qsh_interface:145, returning _shared_instance[SHARED_ON_CHANGE_NO_WAKEUP].conn - non-wakeup
03-13 14:30:25.325  2007  2007 I sensors-hal: acquire_shared_instance:173, re-use existing connection for type 0 
03-13 14:30:25.325  2007  2007 I sensors-hal: register_cb:304, suid(low=3126886101930230801,high=5733643688185482530) is new. register callbacks
03-13 14:30:25.325  2007  2007 I sensors-hal: send_sensor_config_request:645, dt=ambient_light_v: convert sample_period=200000000 to batch_period=200000
03-13 14:30:25.325  2007  2007 I sensors-hal: send_sync_sensor_request:508, send sync request
03-13 14:30:25.325  2007  2007 I sensors-hal: send_sync_sensor_request:518, send_sync_sensor_request before send_request for ambient_light_v with SUID low=3126886101930230801 high=5733643688185482530
03-13 14:30:25.326  2007  2007 I sensors-hal: send_sync_sensor_request:537, wait for notification of response
03-13 14:30:25.327  2007 12669 I sensors-hal: qsh_conn_resp_cb:930, resp_value = 0 for ambient_light_v 
03-13 14:30:25.327  2007  2007 I sensors-hal: send_sync_sensor_request:543, takes 1 ms to receive the response with 0
03-13 14:30:25.327  2007  2007 I sensors-hal: activate:330, android.sensor.light/51 en=1 completed
03-13 14:30:25.329  2007  2007 D SensorsFlicker: Als_common::setDelay, handle : 1 time : 10000000ns
03-13 14:30:25.330  2007  2007 D SensorsFlicker: Als_common::enable, handle : 1, mode : 1, en : 1
03-13 14:30:25.332  2007 22769 D SensorsFlicker: Als_common::sendCommand, send enable command
03-13 14:30:25.332  3003  6500 D SemContextService: lock : registerCallback
03-13 14:30:25.332  3003  6500 W CAE     : registerCallback(ContextAwareService.java:188) - [regi 01] Mutex is locked for TEST_FLAT_MOTION
03-13 14:30:25.333  3003  6500 W CAE     : registerCallback(ContextAwareService.java:195) - [regi 04]  com.samsung.android.contextaware.ContextAwareManager$CaListenerDelegate@6ac99f4
03-13 14:30:25.333  3003  6500 W CAE     : getListener(ListenerListManager.java:127) - [getListener1]  com.samsung.android.contextaware.ContextAwareManager$CaListenerDelegate@6ac99f4
03-13 14:30:25.333  3003  6500 W CAE     : getListener(ListenerListManager.java:128) - [getListener2]  com.samsung.android.contextaware.manager.ContextAwareService$Listener@9375fc7
03-13 14:30:25.333  3003  6500 V CAE     : start(ContextProvider.java:128)
03-13 14:30:25.333  3003  6500 V CAE     : clear(TestFlatMotionRunner.java:126)
03-13 14:30:25.333  3003  6500 V CAE     : enable(TestFlatMotionRunner.java:102)
03-13 14:30:25.335  3003  3911 D SensorService: setSContextDataLocked ints length 2 , byte length 4
03-13 14:30:25.335  3003  3911 D SensorService: setSContextDataLocked 17b1
03-13 14:30:25.335  2007  2007 I sensors-hal: inject_sensor_data:407, handle 1502 send inject
03-13 14:30:25.335  2007  2007 I sensors-hal: sendContextData:290, sensor hal 4, (0xb1, 0x17, 0x0, 0x0)
03-13 14:30:25.336  2007  2007 I sensors-hal: sendContextData:349, enable:177, handle:8, algo:25231360
03-13 14:30:25.337  2007  2007 I sensors-hal: is_restrict_mode:147, mode:normal
03-13 14:30:25.337  2007  2007 I sensors-hal: sendContextData:108, device_position 4
03-13 14:30:25.337  2007  2007 I sensors-hal: acquire_qsh_interface:139, acquire_qsh_interface with sensor_id 56 , conn_type 2 
03-13 14:30:25.337  2007  2007 I sensors-hal: acquire_qsh_interface:149, returning _shared_instance[SHARED_SENSORHUBS].conn
03-13 14:30:25.337  2007  2007 I sensors-hal: acquire_shared_instance:173, re-use existing connection for type 2 
03-13 14:30:25.337  2007  2007 I sensors-hal: register_cb:304, suid(low=11077485164857655296,high=1320970896291267344) is new. register callbacks
03-13 14:30:25.338  2007  2007 I sensors-hal: create_sensor_config_request:48, device_position create_sensor_config_request
03-13 14:30:25.338  2007  2007 I sensors-hal: send_sensor_config_request:645, dt=device_position: convert sample_period=0 to batch_period=0
03-13 14:30:25.338  2007  2007 I sensors-hal: send_sync_sensor_request:508, send sync request
03-13 14:30:25.338  2007  2007 I sensors-hal: send_sync_sensor_request:518, send_sync_sensor_request before send_request for device_position with SUID low=11077485164857655296 high=1320970896291267344
03-13 14:30:25.338  2007  2007 I sensors-hal: send_sync_sensor_request:537, wait for notification of response
03-13 14:30:25.339  2007  3909 I sensors-hal: qsh_conn_resp_cb:930, resp_value = 0 for device_position 
03-13 14:30:25.339  2007  2007 I sensors-hal: send_sync_sensor_request:543, takes 1 ms to receive the response with 0
03-13 14:30:25.340  3003  6500 D CAE     : getFaultDetectionResult(TestFlatMotionRunner.java:139) - true
03-13 14:30:25.340  3003  6500 I CAE     : notifyCmdProcessResultObserver(ContextProvider.java:627) - CheckResult = 0, Cause = Success
03-13 14:30:25.343  3003  6500 D CAE     : doCommendProcess(ContextAwareService.java:396) - complete notify the operation result.
03-13 14:30:25.343  3003  6500 I CAE     : displayUsedCountForService(ContextAwareService.java:460) - totalCnt = 1, serviceCount = 1, subCollectionCount = 0
03-13 14:30:25.343  3003  6500 D CAE     : showListenerList(ContextAwareService.java:325) - ===== Context Aware Service List =====
03-13 14:30:25.343  3003  6500 I CAE     : showListenerList(ContextAwareService.java:334) - Listener : com.samsung.android.contextaware.manager.ContextAwareService$Listener@9375fc7, Service : ACTIVITY_TRACKER_CURRENT_INFO(1)
03-13 14:30:25.343  3003  6500 I CAE     : showListenerList(ContextAwareService.java:334) - Listener : com.samsung.android.contextaware.manager.ContextAwareService$Listener@9375fc7, Service : ACTIVITY_TRACKER_INTERRUPT(1)
03-13 14:30:25.343  3003  6500 I CAE     : showListenerList(ContextAwareService.java:334) - Listener : com.samsung.android.contextaware.manager.ContextAwareService$Listener@9375fc7, Service : ACTIVITY_TRACKER_BATCH(1)
03-13 14:30:25.343  3003  6500 I CAE     : showListenerList(ContextAwareService.java:334) - Listener : com.samsung.android.contextaware.manager.ContextAwareService$Listener@9375fc7, Service : PEDOMETER(1)
03-13 14:30:25.343  3003  6500 I CAE     : showListenerList(ContextAwareService.java:334) - Listener : com.samsung.android.contextaware.manager.ContextAwareService$Listener@9375fc7, Service : SLOCATION_RUNNER(1)
03-13 14:30:25.343  3003  6500 I CAE     : showListenerList(ContextAwareService.java:334) - Listener : com.samsung.android.contextaware.manager.ContextAwareService$Listener@9375fc7, Service : CH_LOC_TRIGGER(1)
03-13 14:30:25.343  3003  6500 I CAE     : showListenerList(ContextAwareService.java:334) - Listener : com.samsung.android.contextaware.manager.ContextAwareService$Listener@9375fc7, Service : FREE_FALL_DETECTION(1)
03-13 14:30:25.343  3003  6500 I CAE     : showListenerList(ContextAwareService.java:334) - Listener : com.samsung.android.contextaware.manager.ContextAwareService$Listener@9375fc7, Service : TEST_FLAT_MOTION(1)
03-13 14:30:25.343  3003  6500 I CAE     : showListenerList(ContextAwareService.java:334) - Listener : com.samsung.android.contextaware.manager.ContextAwareService$Listener@9375fc7, Service : PEDOMETER_CURRENT_INFO(1)
03-13 14:30:25.343  3003  6500 W CAE     : registerCallback(ContextAwareService.java:209) - [regi 02] Mutex is unlocked for TEST_FLAT_MOTION
03-13 14:30:25.343  3003  6500 E SemContext.CaeProvider: setAttribute() : attribute is null!
03-13 14:30:25.344  3003  6500 D SemContextService: 	.registerCallback : 8, client= com.sec.android.sdhms
03-13 14:30:25.344  3003  6500 D SemContextService: unlock : registerCallback
03-13 14:30:25.345  3003  6500 E SensorService: BigData:Pakage) 5 already enabled. 
03-13 14:30:25.413  2007 12669 I sensors-hal: qsh_conn_event_cb:857, SCHED_FIFO(10) for qmi_cbk
03-13 14:30:25.413  2007 12669 I sensors-hal: handle_sns_std_sensor_event:131, [SSC_LIGHT] A: 214(214),c:26,b:85,m:13,cl:6,l:210,s:215,l0:17648,l1:64,s0:17057,s1:0,acl:1,opr:0.60,f(r):97,u(bl):110,if:0,wi:4,si:12,po:0(N:0)
03-13 14:30:25.419  2007  3264 D SensorsFlicker: Als_common::readEvents, enabled : 1, data : 2.000000, 0.000000, 0.000000, 0.000000, 19.580000, 0.000000, 8.000000
03-13 14:30:25.421  2007  2007 D SensorsFlicker: Als_common::setDelay, handle : 1 time : 10000000ns
03-13 14:30:25.423  2007  2007 D SensorsFlicker: Als_common::enable, handle : 1, mode : 1, en : 0
03-13 14:30:25.424  2007 22771 D SensorsFlicker: Als_common::sendCommand, send disable command
03-13 14:30:25.430  1171  1171 D io_stats: !@   8,0 r 4157517 128739508 w 5091468 103131108 d 431721 114768824 f 216265 492906 iot 2085416 0 th 0 0 0 pt 0 inp 0 0 73214.426
03-13 14:30:25.431  1171  1171 D io_stats: !@ Read_top(KB): ogle.android.as(1821) 144
03-13 14:30:25.431  1171  1171 D io_stats: !@ Write_top(KB): kworker/u16:5(21541) 4
03-13 14:30:25.481  2007  3909 I sensors-hal: qsh_conn_event_cb:857, SCHED_FIFO(10) for qmi_cbk
03-13 14:30:25.482  2007  3909 I sensors-hal: qsh_conn_event_cb:890, event[0] sensor:device_position  Wakeup, msg_id=1025, ts=4873560715641
03-13 14:30:25.482  2007  3909 I sensors-hal: handle_sns_client_event:78, device_position_event: msgid:1025
03-13 14:30:25.482  2007  3909 I sensors-hal: handle_sns_client_event:97, device_position_event: 3
03-13 14:30:25.488  3003  3907 D CAE     : onGetSensorHubData(SensorHubParserProvider.java:92) - onGetSensorHubData Event [event buffer len :4], AP_WAKEUP
03-13 14:30:25.488  3003  3907 I CAE     : parse(SensorHubParserProvider.java:188) - buffer size = 4
03-13 14:30:25.488  3003  3907 I CAE     : parse(SensorHubParserProvider.java:199) - 1, 1, 23, 3,
03-13 14:30:25.489  3003  3907 D CAE     : display(ContextProvider.java:375) - ================= TEST_FLAT_MOTION =================
03-13 14:30:25.489  3003  3907 I CAE     : display(ContextProvider.java:391) - Action=[3]
03-13 14:30:25.490  3003  3904 D SemContextService: Service.updateContext() : service = Device Position
03-13 14:30:25.491  3003  4415 D SemContextService: lock : unregisterCallback
03-13 14:30:25.492  3003  4415 D SemContextService: Service.removeListenerLocked() : listener = com.samsung.android.hardware.context.SemContextService$Listener@701e1bc, service = Device Position, used = 0
03-13 14:30:25.492  3003  4415 W CAE     : unregisterCallback(ContextAwareService.java:230) - [unregi 01] Mutex is locked for TEST_FLAT_MOTION
03-13 14:30:25.492  3003  4415 W CAE     : getListener(ListenerListManager.java:127) - [getListener1]  com.samsung.android.contextaware.ContextAwareManager$CaListenerDelegate@6ac99f4
03-13 14:30:25.492  3003  4415 W CAE     : getListener(ListenerListManager.java:128) - [getListener2]  com.samsung.android.contextaware.manager.ContextAwareService$Listener@9375fc7
03-13 14:30:25.492  3003  4415 V CAE     : stop(ContextProvider.java:155)
03-13 14:30:25.493  3003  4415 V CAE     : clear(TestFlatMotionRunner.java:126)
03-13 14:30:25.493  3003  4415 V CAE     : disable(TestFlatMotionRunner.java:115)
03-13 14:30:25.493  3003  3911 D SensorService: setSContextDataLocked ints length 2 , byte length 4
03-13 14:30:25.493  3003  3911 D SensorService: setSContextDataLocked 17b2
03-13 14:30:25.494  2007  2007 I sensors-hal: inject_sensor_data:407, handle 1502 send inject
03-13 14:30:25.494  2007  2007 I sensors-hal: sendContextData:290, sensor hal 4, (0xb2, 0x17, 0x0, 0x0)
03-13 14:30:25.494  2007  2007 I sensors-hal: sendContextData:349, enable:178, handle:8, algo:25231616
03-13 14:30:25.494  2007  2007 I sensors-hal: sendContextData:108, device_position 4
03-13 14:30:25.494  2007  2007 I sensors-hal: send_sync_sensor_request:508, send sync request
03-13 14:30:25.494  2007  2007 I sensors-hal: send_sync_sensor_request:518, send_sync_sensor_request before send_request for device_position with SUID low=11077485164857655296 high=1320970896291267344
03-13 14:30:25.494  2007  2007 I sensors-hal: send_sync_sensor_request:537, wait for notification of response
03-13 14:30:25.495  2007  3909 I sensors-hal: qsh_conn_resp_cb:930, resp_value = 0 for device_position 
03-13 14:30:25.495  2007  2007 I sensors-hal: send_sync_sensor_request:543, takes 0 ms to receive the response with 0
03-13 14:30:25.496  3003  4415 D CAE     : getFaultDetectionResult(TestFlatMotionRunner.java:139) - true
03-13 14:30:25.496  3003  4415 I CAE     : notifyCmdProcessResultObserver(ContextProvider.java:627) - CheckResult = 0, Cause = Success
03-13 14:30:25.498  3003  4415 D CAE     : doCommendProcess(ContextAwareService.java:396) - complete notify the operation result.
03-13 14:30:25.499  3003  4415 I CAE     : displayUsedCountForService(ContextAwareService.java:460) - totalCnt = 0, serviceCount = 0, subCollectionCount = 0
03-13 14:30:25.499  3003  4415 D CAE     : showListenerList(ContextAwareService.java:325) - ===== Context Aware Service List =====
03-13 14:30:25.499  3003  4415 I CAE     : showListenerList(ContextAwareService.java:334) - Listener : com.samsung.android.contextaware.manager.ContextAwareService$Listener@9375fc7, Service : ACTIVITY_TRACKER_CURRENT_INFO(1)
03-13 14:30:25.499  3003  4415 I CAE     : showListenerList(ContextAwareService.java:334) - Listener : com.samsung.android.contextaware.manager.ContextAwareService$Listener@9375fc7, Service : ACTIVITY_TRACKER_INTERRUPT(1)
03-13 14:30:25.499  3003  4415 I CAE     : showListenerList(ContextAwareService.java:334) - Listener : com.samsung.android.contextaware.manager.ContextAwareService$Listener@9375fc7, Service : ACTIVITY_TRACKER_BATCH(1)
03-13 14:30:25.499  3003  4415 I CAE     : showListenerList(ContextAwareService.java:334) - Listener : com.samsung.android.contextaware.manager.ContextAwareService$Listener@9375fc7, Service : PEDOMETER(1)
03-13 14:30:25.499  3003  4415 I CAE     : showListenerList(ContextAwareService.java:334) - Listener : com.samsung.android.contextaware.manager.ContextAwareService$Listener@9375fc7, Service : SLOCATION_RUNNER(1)
03-13 14:30:25.500  3003  4415 I CAE     : showListenerList(ContextAwareService.java:334) - Listener : com.samsung.android.contextaware.manager.ContextAwareService$Listener@9375fc7, Service : CH_LOC_TRIGGER(1)
03-13 14:30:25.500  3003  4415 I CAE     : showListenerList(ContextAwareService.java:334) - Listener : com.samsung.android.contextaware.manager.ContextAwareService$Listener@9375fc7, Service : FREE_FALL_DETECTION(1)
03-13 14:30:25.500  3003  4415 I CAE     : showListenerList(ContextAwareService.java:334) - Listener : com.samsung.android.contextaware.manager.ContextAwareService$Listener@9375fc7, Service : PEDOMETER_CURRENT_INFO(1)
03-13 14:30:25.500  3003  4415 W CAE     : unregisterCallback(ContextAwareService.java:251) - [unregi 02] Mutex is unlocked for TEST_FLAT_MOTION
03-13 14:30:25.500  3003  4415 D SemContextService: 	.unregisterCallback : 8, client= com.sec.android.sdhms
03-13 14:30:25.500  3003  4415 D SemContextService: unlock : unregisterCallback
03-13 14:30:25.573  2007 12669 I sensors-hal: handle_sns_std_sensor_event:131, [SSC_LIGHT] A: 213(213),c:26,b:85,m:13,cl:6,l:207,s:213,l0:17376,l1:64,s0:16861,s1:0,acl:1,opr:0.60,f(r):97,u(bl):110,if:0,wi:4,si:12,po:0(N:0)
03-13 14:30:25.574  2007  2007 I sensors-hal: set_config:64, no need to adjust sample_period_ns due to reporting_mode = 2
03-13 14:30:25.575  2007  2007 I sensors-hal: batch:363, android.sensor.light/51, period=200000000, max_latency=0 request completed
03-13 14:30:25.578  3003  4415 E SensorService: BigData:Pakage) 5 already disabled. 
03-13 14:30:25.580  2007  2007 I sensors-hal: activate:300, android.sensor.light/51 en=0
03-13 14:30:25.580  2007  2007 I sensors-hal: send_sync_sensor_request:508, send sync request
03-13 14:30:25.580  2007  2007 I sensors-hal: send_sync_sensor_request:518, send_sync_sensor_request before send_request for ambient_light_v with SUID low=3126886101930230801 high=5733643688185482530
03-13 14:30:25.580  2007  2007 I sensors-hal: send_sync_sensor_request:537, wait for notification of response
03-13 14:30:25.581  2007 12669 I sensors-hal: qsh_conn_resp_cb:930, resp_value = 0 for ambient_light_v 
03-13 14:30:25.582  2007  2007 I sensors-hal: send_sync_sensor_request:543, takes 1 ms to receive the response with 0
03-13 14:30:25.582  2007  2007 I sensors-hal: activate:330, android.sensor.light/51 en=0 completed
03-13 14:30:25.655  2007  3645 I sensors-hal: handle_sns_client_event:182, lid_angle_fusion ts=253826220483533 ns value 2/140/3 140/3  -1/-1     0/    0/    0 (0/0/2/2 0.196/5.776/8.011 -0.005/0.100/9.705 1)
03-13 14:30:25.695  2007 12669 I sensors-hal: handle_sns_client_event:94, folding_angle ts=253826260457856 ns value 135/0 (0/0/2/2 0.187/6.872/7.954 0.096/-0.268/9.830 4 0)
03-13 14:30:25.735  2007  3645 I sensors-hal: handle_sns_client_event:182, lid_angle_fusion ts=253826300467387 ns value 2/129/3 129/3  -1/-1     0/    0/    0 (0/0/2/2 0.053/7.178/6.724 0.048/-0.196/9.835 6)
03-13 14:30:25.761  3003  3097 D BatteryExternalStatsWorker: update stats : procstate-change (10)
03-13 14:30:25.761  3003  3097 D BatteryExternalStatsWorker: Fetch WiFi data
03-13 14:30:25.761  3003  3097 D BatteryExternalStatsWorker: Update Rail Energy data
03-13 14:30:25.775  2007 12669 I sensors-hal: handle_sns_client_event:94, folding_angle ts=253826340453012 ns value 118/0 (0/0/2/2 0.239/7.939/5.599 0.048/-0.220/9.839 8 0)
03-13 14:30:25.775  2007  3645 I sensors-hal: handle_sns_client_event:182, lid_angle_fusion ts=253826340450147 ns value 2/118/3 118/3  -1/-1     0/    0/    0 (0/0/2/2 0.239/7.939/5.599 0.048/-0.220/9.839 8)
03-13 14:30:25.794  3003  3097 D BatteryExternalStatsWorker: mStats lock released
03-13 14:30:25.813  3003  3097 D BatteryExternalStatsWorker: Update wifi state
03-13 14:30:25.814  3003  3097 D BatteryExternalStatsWorker: done updateExternalStatsLocked
03-13 14:30:25.855  2007 12669 I sensors-hal: handle_sns_client_event:94, folding_angle ts=253826420454783 ns value 101/0 (0/0/2/2 -0.077/8.557/2.838 -0.029/-0.191/9.839 28 0)
03-13 14:30:25.855  2007  3645 I sensors-hal: handle_sns_client_event:182, lid_angle_fusion ts=253826420454522 ns value 2/101/3 101/3  -1/-1     0/    0/    0 (0/0/2/2 -0.077/8.557/2.838 -0.029/-0.191/9.839 28)
03-13 14:30:25.892  2007 21544 I sensors-hal: handle_sns_std_sensor_event:409, [SSC_LIGHT] P: 149(149),c:26,b:85,m:13,cl:6,l:95,s:119,l0:8352,l1:32,s0:9440,s1:0,acl:1,opr:0.60,f(r):97,u(bl):110,if:0,wi:2,si:12,po:0(N:0)
03-13 14:30:25.895  2007 12669 I sensors-hal: handle_sns_client_event:94, folding_angle ts=253826460482491 ns value  88/0 (0/0/2/2 -0.378/8.538/0.967 0.019/-0.234/9.839 15 0)
03-13 14:30:25.895  2007  3645 I sensors-hal: handle_sns_client_event:182, lid_angle_fusion ts=253826460482231 ns value 2/ 88/3  88/3  -1/-1     0/    0/    0 (0/0/2/2 -0.378/8.538/0.967 0.019/-0.234/9.839 15)
03-13 14:30:25.961  3003  3080 E Watchdog: !@Sync: 2439 heap(MB): 182 / 193 FD: 1377 [2026-03-13 14:30:25.960]
03-13 14:30:25.975  2007 12669 I sensors-hal: handle_sns_client_event:94, folding_angle ts=253826540484574 ns value  69/0 (0/0/2/2 0.010/8.236/-3.680 -0.105/-0.278/9.844 21 0)
03-13 14:30:25.975  2007  3645 I sensors-hal: handle_sns_client_event:182, lid_angle_fusion ts=253826540490043 ns value 1/ 69/3  69/3  -1/-1     0/    0/    0 (0/0/2/2 0.010/8.236/-3.680 -0.105/-0.278/9.844 21)
03-13 14:30:25.975  2007  3645 I sensors-hal: handle_sns_client_event:206, lid_angle_fusion submit_sensors_hal_event 1/ 69/3  69/3
03-13 14:30:25.980  3003  3003 D DeviceStatePolicy: notifyDeviceStateChangedIfNeeded: newState=1, lastState=2, caller=com.android.server.policy.FlexibleDeviceStatePolicy.adjustState:57 com.android.server.policy.FlexibleDeviceStateProvider.notifyDeviceStateChangedIfNeeded:90 com.android.server.policy.FlexibleDeviceStateProvider.onSensorChanged:21 
03-13 14:30:25.980  3003  3003 D SemInputDeviceManager: setProperty: TSP_SUB(2) CMD,ALWAYS_LOW_POWER_MODE,1
03-13 14:30:25.981  3003  3993 D SemInputDevice:TSP_SUB: SetPropertyTask: CMD,set_always_lpm,1 [03-13 14:30:25.980]
03-13 14:30:25.984  2071  2128 I sysinput:aidl: onReportInformation:93, 2, cmd@set_always_lpm,1:0
03-13 14:30:25.985  3003  3993 D SysinputHAL_AIDL: setProperty(TSP_SUB(2)): CMD, set_always_lpm,1 ret=0
03-13 14:30:25.986  2071  2128 I sysinput:Touch2: operator():237, OK
03-13 14:30:26.015  2007 12669 I sensors-hal: handle_sns_client_event:94, folding_angle ts=253826580450564 ns value  57/0 (0/0/2/2 -0.062/7.657/-5.728 0.081/-0.196/9.839 19 0)
03-13 14:30:26.015  2007  3645 I sensors-hal: handle_sns_client_event:182, lid_angle_fusion ts=253826580451345 ns value 1/ 57/3  57/3  -1/-1     0/    0/    0 (0/0/2/2 -0.062/7.657/-5.728 0.081/-0.196/9.839 19)
03-13 14:30:26.053  2007  3645 I sensors-hal: qsh_conn_event_cb:890, event[0] sensor:Light seamless  Wakeup, msg_id=1025, ts=4873571683351
03-13 14:30:26.053  2007  3645 I sensors-hal: handle_sns_client_event:46, light_seamless ts=253826618135668 ns, 43,50,2147483647, M:0,0, S:0,0
03-13 14:30:26.056  3003  3067 D RefreshRateModeManager: onBrightnessChanged: brt=86, lux=43.0
03-13 14:30:26.057  2007 21544 I sensors-hal: get_flicker_als_data:183, [SSC_LIGHT] flicker lux: 5 (395, 22, dw: 48)
03-13 14:30:26.057  2007 21544 I sensors-hal: handle_sns_std_sensor_event:409, [SSC_LIGHT] P: 43(43),c:26,b:85,m:13,cl:6,l:20,s:24,l0:2080,l1:0,s0:1953,s1:0,acl:1,opr:0.60,f(r):97,u(bl):110,if:0,wi:0,si:8,po:0(N:0)
03-13 14:30:26.095  2007  3645 I sensors-hal: handle_sns_client_event:182, lid_angle_fusion ts=253826660447856 ns value 1/ 45/3  45/3  -1/-1     0/    0/    0 (0/0/2/2 -0.010/6.642/-8.341 0.211/-0.144/9.863 14)
03-13 14:30:26.095  2007 12669 I sensors-hal: handle_sns_client_event:94, folding_angle ts=253826660448637 ns value  45/0 (0/0/2/2 -0.010/6.642/-8.341 0.211/-0.144/9.863 14 0)
03-13 14:30:26.198  2097  2125 E HeatmapThread: ECT Thread time in milliseconds: 1773426626
03-13 14:30:26.207  2097  2125 D HeatmapThread: !@ batteryplugType : 2
03-13 14:30:26.208  2097  2125 D HeatmapThread: !@ batteryLevel : 100  batteryTemperature : 316 
03-13 14:30:26.208  2097  2125 D HeatmapThread: !@ Heatmap currtime: 29557110
03-13 14:30:26.208  2097  2125 D HeatmapThread: !@ Heatmap prevtime: 29557102
03-13 14:30:26.209  2097  2125 D HeatmapThread: !@ Heatmap plugstarttime: 29556997
03-13 14:30:26.209  2097  2125 D HeatmapThread: !@ Heatmap prevv_dsoh_update_time: 29557085
03-13 14:30:26.210  2097  2125 E HeatmapThread: !@ CAM New BSOH: 100
03-13 14:30:26.210  2097  2125 E HeatmapThread: !@ CAM is Working
03-13 14:30:26.215  2007 21544 I sensors-hal: get_flicker_als_data:183, [SSC_LIGHT] flicker lux: 8 (599, 27, dw: 48)
03-13 14:30:26.215  2007 21544 I sensors-hal: handle_sns_std_sensor_event:409, [SSC_LIGHT] P: 13(13),c:26,b:85,m:13,cl:6,l:14,s:10,l0:1648,l1:0,s0:911,s1:0,acl:1,opr:0.60,f(r):97,u(bl):110,if:0,wi:0,si:8,po:0(N:0)
03-13 14:30:26.374  2007 21544 I sensors-hal: get_flicker_als_data:183, [SSC_LIGHT] flicker lux: 29 (2106, 57, dw: 48)
03-13 14:30:26.375  2007 21544 I sensors-hal: handle_sns_std_sensor_event:409, [SSC_LIGHT] P: 16(16),c:26,b:85,m:13,cl:6,l:16,s:13,l0:1840,l1:0,s0:1106,s1:0,acl:1,opr:0.60,f(r):97,u(bl):110,if:0,wi:0,si:8,po:0(N:0)
03-13 14:30:26.499  3003  4415 I ActivityManager: Changes in 10405 6 to 10, 128 to 0
03-13 14:30:26.510  3003  4002 D BackgroundInstallControlService: Package event received: 0
03-13 14:30:26.512  3003  4415 I ActivityManager: Changes in 10405 10 to 6, 0 to 128
03-13 14:30:26.514  3003  4002 D BackgroundInstallControlService: Package event received: 0
03-13 14:30:26.514  3003  4002 D BackgroundInstallControlService: Package event received: 0
03-13 14:30:26.515  3003  4002 D BackgroundInstallControlService: Package event received: 0
03-13 14:30:26.655  2007 12669 I sensors-hal: handle_sns_client_event:94, folding_angle ts=253827220451658 ns value  30/0 (0/0/2/2 -0.263/3.800/-7.418 0.110/-0.172/9.863 18 0)
03-13 14:30:26.656  2007  3645 I sensors-hal: handle_sns_client_event:182, lid_angle_fusion ts=253827220454262 ns value 1/ 30/3  30/3  -1/-1     0/    0/    0 (0/0/2/2 -0.263/3.800/-7.418 0.110/-0.172/9.863 18)
03-13 14:30:26.696  2007 21544 I sensors-hal: get_flicker_als_data:183, [SSC_LIGHT] flicker lux: 47 (3415, 75, dw: 48)
03-13 14:30:26.697  2007 21544 I sensors-hal: handle_sns_std_sensor_event:409, [SSC_LIGHT] P: 12(12),c:26,b:85,m:13,cl:6,l:11,s:9,l0:1392,l1:0,s0:846,s1:0,acl:1,opr:0.60,f(r):97,u(bl):110,if:0,wi:0,si:8,po:0(N:0)
03-13 14:30:26.733  2007 12669 I sensors-hal: handle_sns_client_event:159, auto_rotation_event_2 event,255, duration,0, ts,253827297469574, ts_diff,2114725
03-13 14:30:26.733  2007 12669 I sensors-hal: handle_sns_client_event:170, auto_rotation_debug_2 acc,0.359,3.513,-9.322, ar,0, h_ic,0,0, s,2, ver,14, pedo,1,e,1,i,3
03-13 14:30:26.735  3003  3003 D WindowOrientationListener: onSensorChanged device orientation: -1
03-13 14:30:26.735  2007  3645 I sensors-hal: handle_sns_client_event:182, lid_angle_fusion ts=253827300449001 ns value 1/ 19/3  19/3  -1/-1     0/    0/    0 (0/0/2/2 -0.081/3.254/-9.236 0.727/-0.747/9.830 23)
03-13 14:30:26.735  2007 12669 I sensors-hal: handle_sns_client_event:94, folding_angle ts=253827300450304 ns value  19/0 (0/0/2/2 -0.081/3.254/-9.236 0.727/-0.747/9.830 23 0)
03-13 14:30:26.735  3003  3003 I WindowManager: getCoverScreenRotation 0, sensor= 0, isFlat=false, isDual=false
03-13 14:30:26.736  3003  3003 V WindowManager: Computed rotation=ROTATION_0 (0) for display id=1 based on lastOrientation=SCREEN_ORIENTATION_NOSENSOR (5) and oldRotation=ROTATION_0 (0), caller=com.android.server.wm.WindowManagerService.updateRotationUnchecked:72 com.android.server.wm.DisplayRotation$OrientationListener.onProposedRotationChanged:335 com.android.server.wm.WindowOrientationListener$OrientationSensorJudge.finalizeRotation:26 com.android.server.wm.WindowOrientationListener$OrientationSensorJudge.onSensorChanged:401 android.hardware.SystemSensorManager$SensorEventQueue.dispatchSensorEvent:1142 android.os.MessageQueue.nativePollOnce:-2 
03-13 14:30:26.737  3003  3003 V WindowManager: Computed rotation=ROTATION_0 (0) for display id=0 based on lastOrientation=SCREEN_ORIENTATION_PORTRAIT (1) and oldRotation=ROTATION_0 (0), caller=com.android.server.wm.WindowManagerService.updateRotationUnchecked:72 com.android.server.wm.DisplayRotation$OrientationListener.onProposedRotationChanged:335 com.android.server.wm.WindowOrientationListener$OrientationSensorJudge.finalizeRotation:26 com.android.server.wm.WindowOrientationListener$OrientationSensorJudge.onSensorChanged:401 android.hardware.SystemSensorManager$SensorEventQueue.dispatchSensorEvent:1142 android.os.MessageQueue.nativePollOnce:-2 
03-13 14:30:26.737  3003  3067 D InputManager: mFoldingAngleListener: state changed, angle = 19.0, state = 0
03-13 14:30:26.738  4205  4205 D AppController: AppControlSensorListener.onSensorChanged, Rotation: -1
03-13 14:30:26.857  2007  3645 I sensors-hal: handle_sns_client_event:182, lid_angle_fusion ts=253827420485876 ns value 1/  7/3   7/3  -1/-1     0/    0/    0 (0/0/2/2 0.010/1.397/-9.930 0.038/-0.220/9.830 12)
03-13 14:30:26.858  2007 12669 I sensors-hal: handle_sns_client_event:94, folding_angle ts=253827420485876 ns value   7/0 (0/0/2/2 0.010/1.397/-9.930 0.038/-0.220/9.830 12 0)
03-13 14:30:26.860  2007 21544 I sensors-hal: get_flicker_als_data:183, [SSC_LIGHT] flicker lux: 50 (3567, 83, dw: 48)
03-13 14:30:26.895  2007  3645 I sensors-hal: handle_sns_client_event:206, lid_angle_fusion submit_sensors_hal_event 0/  5/3   5/3
03-13 14:30:26.898  3003  3003 E FlexibleDeviceStateProvider: No declared device states match any of the required conditions.
03-13 14:30:26.898  3003  3003 I FlexibleDeviceStateProvider: LidSwitch mIsLidOpen: true
03-13 14:30:26.898  3003  3003 I FlexibleDeviceStateProvider: Sensor values:
03-13 14:30:26.898  3003  3003 I FlexibleDeviceStateProvider: lid_angle_fusion  Wakeup : [0.0, 5.0, 5.0]
03-13 14:30:26.898  3003  3003 I FlexibleDeviceStateProvider: isScreenOn: false
03-13 14:30:26.898  3003  3003 D DeviceStatePolicy: notifyDeviceStateChangedIfNeeded: newState=-1, lastState=2, caller=com.android.server.policy.FlexibleDeviceStatePolicy.adjustState:57 com.android.server.policy.FlexibleDeviceStateProvider.notifyDeviceStateChangedIfNeeded:90 com.android.server.policy.FlexibleDeviceStateProvider.onSensorChanged:21 
03-13 14:30:26.944  3003  3661 D InputReader: Input event [EV_SW](9): code=0x0, value=1, when=73215.940221
03-13 14:30:26.945  3003  3661 D InputReader: processSwitch() : elapsed time = 1ms, switchCode=0
03-13 14:30:26.946  3003  3661 D InputManager: notifySwitch: values=1, mask=1
03-13 14:30:26.946  3003  3661 D DeviceStatePolicy: notifyDeviceStateChangedIfNeeded: newState=0, lastState=2, caller=com.android.server.policy.FlexibleDeviceStatePolicy.adjustState:57 com.android.server.policy.FlexibleDeviceStateProvider.notifyDeviceStateChangedIfNeeded:90 com.android.server.policy.FlexibleDeviceStateProvider.notifyLidSwitchChanged:40 
03-13 14:30:26.947  3003  3661 D SemInputDeviceManager: setProperty: TSP_SUB(2) CMD,ALWAYS_LOW_POWER_MODE,0
03-13 14:30:26.948  3003  3661 D DeviceStateManagerService: onStateChanged identifier = 0
03-13 14:30:26.949  3003  3993 D SemInputDevice:TSP_SUB: SetPropertyTask: CMD,set_always_lpm,0 [03-13 14:30:26.947]
03-13 14:30:26.949  3003  3661 W OverrideRequestController: Attempted to cancel a null OverrideRequest
03-13 14:30:26.949  3003  3661 I DeviceStateManagerService: Cannot notify device state info change when pending state is present.
03-13 14:30:26.949  3003  3661 D DeviceStatePolicy: updateFoldingSensorListenerLw, foldOpen=false, awake=true, isTableModeEnabled=true, forceOff=false, caller=com.android.server.policy.FlexibleDeviceStateProvider.notifyDeviceStateChangedIfNeeded:146 com.android.server.policy.FlexibleDeviceStateProvider.notifyLidSwitchChanged:40 com.android.server.input.InputManagerService.notifySwitch:103 <bottom of call stack> <bottom of call stack> <bottom of call stack> <bottom of call stack> <bottom of call stack> <bottom of call stack> <bottom of call stack> 
03-13 14:30:26.950  3003  3067 D DeviceStateManagerService: Committing state: DeviceState{identifier=0, name='CLOSED', app_accessible=false, cancel_when_requester_not_on_top=false}
03-13 14:30:26.950  2092  2092 I SSC_DAEMON: handleSensorTestReqMsg:85, Sensor type :20, Msg type:14
03-13 14:30:26.950  2092  2092 I factory.ssc: vendor/qcom/proprietary/adsprpc/src/fastrpc_apps_user.c:1684: remote_handle64_open: opened handle 0xb400006d90c31bd0 (remote 0x0) for '":;./\createstaticpd:sensorspd&_dom=adsp on domain 0 (spawn time 0 us, load time 0 us), num handles 1
03-13 14:30:26.952  2071  2128 I sysinput:aidl: onReportInformation:93, 2, cmd@set_always_lpm,0:0
03-13 14:30:26.953  2007  2007 I sensors-hal: activate:300, com.samsung.sensor.folding_state/2592 en=0
03-13 14:30:26.953  3003  3993 D SysinputHAL_AIDL: setProperty(TSP_SUB(2)): CMD, set_always_lpm,0 ret=0
03-13 14:30:26.954  2071  2128 I sysinput:Touch2: operator():237, OK
03-13 14:30:26.954  2007  2007 I sensors-hal: send_sync_sensor_request:508, send sync request
03-13 14:30:26.954  2007  2007 I sensors-hal: send_sync_sensor_request:518, send_sync_sensor_request before send_request for lid_angle_fusion with SUID low=8603657889549748343 high=1320970896290190866
03-13 14:30:26.954  2007  2007 I sensors-hal: send_sync_sensor_request:537, wait for notification of response
03-13 14:30:26.956  2092  2092 I factory.ssc: vendor/qcom/proprietary/adsprpc/src/fastrpc_perf.c:278: fastrpc_perf_init: enabled systrace 0x0 and RPC traces (kernel 0, dsp 0) with frequency 1000
03-13 14:30:26.956  2007  3645 I sensors-hal: qsh_conn_resp_cb:930, resp_value = 0 for lid_angle_fusion 
03-13 14:30:26.956  3003  3067 D DeviceStateManagerGlobal: handleDeviceStateInfoChanged state=DeviceState{identifier=0, name='CLOSED', app_accessible=false, cancel_when_requester_not_on_top=false}, baseState=DeviceState{identifier=0, name='CLOSED', app_accessible=false, cancel_when_requester_not_on_top=false}
03-13 14:30:26.956  2007  2007 I sensors-hal: send_sync_sensor_request:543, takes 1 ms to receive the response with 0
03-13 14:30:26.956  2007  2007 I sensors-hal: activate:330, com.samsung.sensor.folding_state/2592 en=0 completed
03-13 14:30:26.957  3003  3661 D SensorManager: unregisterListener :: com.android.server.policy.FlexibleDeviceStateProvider@9bf61fe
03-13 14:30:26.957  3003  3661 D DeviceStatePolicy: unregisterFoldingSensorListenerLocked success!
03-13 14:30:26.958  3003  3064 D UsbDeviceManager: Device folded, update USB noti
03-13 14:30:26.958  4205 25262 D DeviceStateManagerGlobal: handleDeviceStateInfoChanged state=DeviceState{identifier=0, name='CLOSED', app_accessible=false, cancel_when_requester_not_on_top=false}, baseState=DeviceState{identifier=0, name='CLOSED', app_accessible=false, cancel_when_requester_not_on_top=false}
03-13 14:30:26.958  2094  8548 D AudioFlinger: setParameters: filtered dev setParameters keyvalue l_hw_folder_state=0
03-13 14:30:26.958  2092 22775 I factory.ssc: vendor/qcom/proprietary/adsprpc/src/listener_android.c:116: listener thread starting
03-13 14:30:26.958  4205  4267 D ShellSplitScreen: onFoldedStateChanged: folded=true
03-13 14:30:26.959  1992  3074 V sec_audio_hw: sec_dev_set_parameters : l_hw_folder_state=0
03-13 14:30:26.959  1992  3074 D AHAL: AudioDevice: SetParameters: 1865: enter
03-13 14:30:26.959  4205  5096 D KeyguardFoldController: changeFoldState: foldState=0, changed=true
03-13 14:30:26.959  1992  3074 D AHAL: AudioVoice: VoiceSetParameters: 200: Enter
03-13 14:30:26.959  1992  3074 D AHAL: AudioVoice: VoiceSetParameters: 479: Exit ret: 0
03-13 14:30:26.959  1992  3074 D AHAL: SecAudioDevice: SetFolderState: 1258: Folding(Flip) state changed, fold close, flex off
03-13 14:30:26.959  1992  3074 D AHAL: hfp: hfp_set_parameters: 444: enter
03-13 14:30:26.959  4205  5096 I PluginLockManagerImpl: PluginLock:onFolderStateChanged, opened: false, mScreenType: 1
03-13 14:30:26.959  1992  3074 D AHAL: AudioDevice: SetParameters: 2798: exit: l_hw_folder_state=0
03-13 14:30:26.959  4205  5096 I PluginLockManagerImpl: PluginLock:onFolderStateChanged, old: com.samsung.android.dynamiclock:2
03-13 14:30:26.959  4205  5096 I DymLock|DynamicLockManager: onFolderStateChanged() false , false
03-13 14:30:26.959  4205  5096 I DymLock|BaseLockContainer: onFolderStateChanged screen[1] enabled[false]
03-13 14:30:26.959  2092 22776 I factory.ssc: vendor/qcom/proprietary/adsprpc/src/log_config.c:362: file_watcher_thread starting for domain 0
03-13 14:30:26.959  4205  5096 I DymLock|BaseLockStateContainer: unsubscribe folder change : com.samsung.android.dynamiclock.plugin.views.dls.DynamicLockContainer{b8feb8d I.E...... ......I. 0,0-1080,2640}
03-13 14:30:26.959  4205  5096 I DymLock|ActionBus: unsubscribe : com.samsung.android.dynamiclock.plugin.views.dls.DynamicLockContainer{b8feb8d I.E...... ......I. 0,0-1080,2640}
03-13 14:30:26.959  4205  5096 I DymLock|ActionBus: unsubscribe : com.samsung.android.dynamiclock.plugin.stores.LockContainerStore@7ae7fb4
03-13 14:30:26.959  4184  4350 D DeviceStateManagerGlobal: handleDeviceStateInfoChanged state=DeviceState{identifier=0, name='CLOSED', app_accessible=false, cancel_when_requester_not_on_top=false}, baseState=DeviceState{identifier=0, name='CLOSED', app_accessible=false, cancel_when_requester_not_on_top=false}
