--------- beginning of main
03-12 23:45:03.298 24615 24664 I appium  : channel read: GET /session/562f9de5-cf9f-4463-870e-97177b43f1ce/source
03-12 23:45:03.300 24615 24664 I appium  : Source command
03-12 23:45:03.302 24615 24664 I appium  : Waiting up to 10000ms for the device to idle
03-12 23:45:03.343 24615 24664 D CompatChangeReporter: Compat change id reported: 247079863; UID 10393; state: ENABLED
03-12 23:45:03.361 24615 24664 I appium  : AppiumResponse: {"sessionId":"562f9de5-cf9f-4463-870e-97177b43f1ce","value":"<?xml version='1.0' encoding='UTF-8' standalone='yes' ?>\r\n<hierarchy index=\"0\" class=\"hierarchy\" rotation=\"0\" width=\"1080\" height=\"2640\">\r\n  <android.widget.FrameLayout index=\"0\" package=\"com.clubhouse.app\" class=\"androi…
03-12 23:45:03.370 24615 24664 I appium  : channel read: GET /session/562f9de5-cf9f-4463-870e-97177b43f1ce/screenshot
03-12 23:45:03.371 24615 24664 I appium  : CaptureScreenshot command
03-12 23:45:03.372 24615 24664 I tomator2.server: hiddenapi: Accessing hidden method Landroid/view/Display;->getAddress()Landroid/view/DisplayAddress; (runtime_flags=0, domain=platform, api=blocked) from Lio/appium/uiautomator2/utils/ReflectionUtils; (domain=app, TargetSdkVersion=34) using reflection: allowed
03-12 23:45:03.373 24615 24664 I tomator2.server: hiddenapi: Accessing hidden method Landroid/view/DisplayAddress$Physical;->getPhysicalDisplayId()J (runtime_flags=0, domain=platform, api=blocked) from Lio/appium/uiautomator2/utils/ReflectionUtils; (domain=app, TargetSdkVersion=34) using reflection: allowed
03-12 23:45:03.464 25068 25068 W screencap: Thread Pool max thread count is 0. Cannot cache binder as linkToDeath cannot be implemented. serviceName: SurfaceFlingerAIDL
03-12 23:45:03.464 25068 25068 W BpBinder: Linking to death on android.gui.ISurfaceComposer but there are no threads (yet?) listening to incoming transactions. See ProcessState::startThreadPool and ProcessState::setThreadPoolMaxThreadCount. Generally you should setup the binder threadpool before other initialization steps.
03-12 23:45:03.465 25068 25068 W screencap: Thread Pool max thread count is 0. Cannot cache binder as linkToDeath cannot be implemented. serviceName: edmnativehelper
03-12 23:45:03.465  3003  4866 I EDMNativeHelperService: isScreenCaptureEnabled
--------- beginning of system
03-12 23:45:03.465  3003  4866 D RestrictionPolicy: isScreenCaptureEnabled : ret=true userId=0
03-12 23:45:03.466 25068 25068 W ProcessState: Extra binder thread started, but 0 threads requested. Do not use *startThreadPool when zero threads are requested.
03-12 23:45:03.466 25068 25068 I SurfaceComposerClient: captureDisplay:Display-4630946564756762243
03-12 23:45:03.469  2105  2321 I SurfaceFlinger: Capture layer list: 	 com.clubhouse.app/com.clubhouse.android.ui.ClubhouseActivity$_24714#21911(seamlessTransition:0)
03-12 23:45:03.469  2105  2321 I SurfaceFlinger: Capture layer list: 	 InputMethod$_15873#21916(seamlessTransition:0)
03-12 23:45:03.469  2105  2321 I SurfaceFlinger: Capture layer list: 	 StatusBar$_4205#132(seamlessTransition:0)
03-12 23:45:03.469  2105  2321 I SurfaceFlinger: Capture layer list: 	 com.sec.android.app.launcher/com.samsung.app.honeyspace.edge.edgepanel.app.CocktailBarService$_4832#21878(seamlessTransition:0)
03-12 23:45:03.469  2105  2321 I SurfaceFlinger: Capture layer list: 	 NavigationBar0$_4205#130(seamlessTransition:0)
03-12 23:45:03.469  2105  2321 E HwcComposer: getLuts failed Status(-129, EX_TRANSACTION_FAILED): 'UNKNOWN_TRANSACTION: '
03-12 23:45:03.470  2105  2342 D RenderEngine: [SEC_SF_EFFECTS] drawLayersInternal,1483, Rendering layer ScreenCaptureFillLayer at index 0
03-12 23:45:03.470  2105  2342 D RenderEngine: [SEC_SF_EFFECTS] drawLayersInternal,1483, Rendering layer com.clubhouse.app/com.clubhouse.android.ui.ClubhouseActivity$_24714#21911 at index 1
03-12 23:45:03.470  2105  2342 D RenderEngine: [SEC_SF_EFFECTS] drawLayersInternal,1483, Rendering layer InputMethod$_15873#21916 at index 2
03-12 23:45:03.470  2105  2342 D RenderEngine: [SEC_SF_EFFECTS] drawLayersInternal,1483, Rendering layer StatusBar$_4205#132 at index 3
03-12 23:45:03.470  2105  2342 D RenderEngine: [SEC_SF_EFFECTS] drawLayersInternal,1483, Rendering layer com.sec.android.app.launcher/com.samsung.app.honeyspace.edge.edgepanel.app.CocktailBarService$_4832#21878 at index 4
03-12 23:45:03.470  2105  2342 D RenderEngine: [SEC_SF_EFFECTS] drawLayersInternal,1483, Rendering layer NavigationBar0$_4205#130 at index 5
03-12 23:45:03.492  1171  1171 D io_stats: !@   8,0 r 2750526 92593808 w 2669044 64190192 d 270122 71437576 f 107265 286999 iot 1126196 0 th 0 0 0 pt 0 inp 0 0 42184.177
03-12 23:45:03.494  2007 23932 I sensors-hal: handle_sns_std_sensor_event:409, [SSC_LIGHT] P: 3(3),c:2,b:14,m:13,cl:0,l:3,s:3,l0:384,l1:0,s0:316,s1:0,acl:1,opr:0.16,f(r):97,u(bl):111,if:0,wi:0,si:1,po:124(N:0)
03-12 23:45:03.501 25068 25073 I AdrenoUtils: <ReadGpuID:357>: Reading chip ID through GSL
03-12 23:45:03.502 25068 25068 W qdgralloc: Failed to load libubwcp.so
03-12 23:45:03.509  4419  4867 D IpClient/wlan0: addressUpdated: 2601:85:ca02:f280:6446:daff:fe17:20b4/64 on ifindex 45 flags 0x00000100 scope 0
03-12 23:45:03.509  4419  4867 D IpClient/wlan0: addressUpdated: 2601:85:ca02:f280:7097:5f9d:9d2d:6a29/64 on ifindex 45 flags 0x00000001 scope 0
03-12 23:45:03.509  4419  4867 W AlarmManager: Unrecognized alarm listener com.android.networkstack.android.net.ip.IpClientLinkObserver$Dhcp6PdPreferredPrefixAlarmListener@c6017d4
03-12 23:45:03.510  4419  4867 D ApfFilter: (wlan0): Ignoring RA RA fe80::c294:35ff:fe71:84fd -> ff02::1 180s 2601:85:ca02:f280::/64 7200s/7200s DNS 180s 2601:85:ca02:f280:c294:35ff:fe71:84fd 2001:558:feed::1 2001:558:feed::2 RIO 180s ::/0  which matches RA fe80::c294:35ff:fe71:84fd -> ff02::1 180s 2601:85:ca02:f280::/64 7200s/7200s DNS 180s 2601:85:ca02:f280:c294:35ff:fe71:84fd 2001:558:feed::1 2001:558:feed::2 RIO 180s ::/0 
03-12 23:45:03.510  2097  2125 E HeatmapThread: ECT Thread time in milliseconds: 1773373503
03-12 23:45:03.515  4511  4511 I EPDG -- SIM0 [EpdgIntfCont]: sendInterfaceMessage, not mobile, ignore
03-12 23:45:03.516  4511  4511 I EPDG -- SIM0 [EpdgIntfCont]: sendInterfaceMessage, not mobile, ignore
03-12 23:45:03.516  4511  4511 I EPDG -- SIM1 [EpdgIntfCont]: sendInterfaceMessage, not mobile, ignore
03-12 23:45:03.516  4511  4511 I EPDG -- SIM1 [EpdgIntfCont]: sendInterfaceMessage, not mobile, ignore
03-12 23:45:03.519  2097  2125 D HeatmapThread: !@ batteryplugType : 2
03-12 23:45:03.520  2097  2125 D HeatmapThread: !@ batteryLevel : 97  batteryTemperature : 346 
03-12 23:45:03.520  2097  2125 D HeatmapThread: !@ Heatmap currtime: 29556225
03-12 23:45:03.521  2097  2125 D HeatmapThread: !@ Heatmap prevtime: 29556222
03-12 23:45:03.521  2097  2125 D HeatmapThread: !@ Heatmap plugstarttime: 29556072
03-12 23:45:03.522  2097  2125 D HeatmapThread: !@ Heatmap prevv_dsoh_update_time: 29556222
03-12 23:45:03.522  2097  2125 E HeatmapThread: !@ CAM New BSOH: 100
03-12 23:45:03.522  2097  2125 E HeatmapThread: !@ CAM is Working
03-12 23:45:03.697 24615 24664 I appium  : AppiumResponse: {"sessionId":"562f9de5-cf9f-4463-870e-97177b43f1ce","value":"iVBORw0KGgoAAAANSUhEUgAABDgAAApQCAYAAABYiJrlAAAAAXNSR0IArs4c6QAAAARzQklUCAgICHwIZIgAACAASURBVHic7N13XJXl/8fx9zmHjQKKDAcqoLj3rBxp0zK10rS+ZdM0te1uL600c/ZrmDbcWlbacKeVq9TMrYhbAREBkSFn/P4gTxwBZSne+no+Ht/HN+5z7utcB5Bzn/e5rs/HVK16hEMAAAAAAAAGZi7…
03-12 23:45:04.080  2007 12669 I sensors-hal: handle_sns_client_event:197, auto_rotation_debug_2 mode,255, type,1,0 acc,-0.474,5.838,7.858, ar,0, h_ic,0,0, s,2, ver,14, pedo,1,e,1,i,3
03-12 23:45:04.235  3003  7743 D SemWifiUsabilityStatsMonitor: onWifiUsabilityStats - seqNum 10372, isSameBssidAndFreq true
03-12 23:45:04.237  3003  4030 D InsDataManager: onOutageCountUpdate() - Outage Data: 0, LQ : Y. Outage Triggered: false
03-12 23:45:04.238  3003  4030 D InsDataManager: Trying to save initial normal data.
03-12 23:45:04.239  3003  4030 D SensorCollector: syncMappedBuffers: 0, 0, 81
03-12 23:45:04.239  3003  4030 D InsDataManager: trimBuffers start.
03-12 23:45:04.239  4205  4362 D Tile.WifiTile: handleUpdateState isTransient=false transientEnabling =false cb.isTransient=false state.state = 2 mStateBeforeClick.value =false enabled =true
03-12 23:45:04.239  3003  4030 D InsDataManager: trimBuffers - pathBuffer size: 78
03-12 23:45:04.239  3003  4030 D InsDataManager: trimBuffers - nsmBuffer size: 24
03-12 23:45:04.239  3003  4030 D InsDataManager: Too short for collecting additional normal data
03-12 23:45:04.240  3003  4030 D SemInsManager: {"bssid": "357184ff5785","rssi": -55.0,"latency": 0.0,"outage_count": 0,"lq_callback_triggered": true,"outage_log": "Unreliable statistics: -55.0 / 0 / 0 / 0 / 0 || 357184ff5785: 0.000 / 0.000 / @ || N N / 0 0 / Y 2.0 / Y X 0 / 42184920 0 || Invalid""Magnetic Sensor Events size": "0""Pressure Sensor Events size": "0"}
03-12 23:45:04.242  3003  4047 D SGM:GameManager: identifyGamePackage. com.clubhouse.app, mCurrentUserId: 0, callingMethodInfo: com.samsung.android.game.SemGameManager.isGamePackage(SemGameManager.java:106)
03-12 23:45:04.242  3003  4047 D SGM:SemGameManager: isGamePackage(), pkgName=com.clubhouse.app, ret=false
03-12 23:45:04.510  2097  2125 E HeatmapThread: ECT Thread time in milliseconds: 1773373504
03-12 23:45:04.518  2097  2125 D HeatmapThread: !@ batteryplugType : 2
03-12 23:45:04.518  2097  2125 D HeatmapThread: !@ batteryLevel : 97  batteryTemperature : 346 
03-12 23:45:04.518  2097  2125 D HeatmapThread: !@ Heatmap currtime: 29556225
03-12 23:45:04.518  2097  2125 D HeatmapThread: !@ Heatmap prevtime: 29556222
03-12 23:45:04.518  2097  2125 D HeatmapThread: !@ Heatmap plugstarttime: 29556072
03-12 23:45:04.518  2097  2125 D HeatmapThread: !@ Heatmap prevv_dsoh_update_time: 29556222
03-12 23:45:04.519  2097  2125 E HeatmapThread: !@ CAM New BSOH: 100
03-12 23:45:04.519  2097  2125 E HeatmapThread: !@ CAM is Working
03-12 23:45:05.082  4184  4797 D SatelliteController: isInCarrierRoamingNbIotNtn: satellite is disabled
03-12 23:45:05.090  4205  4389 D MobileSignalTransitionManager: updateSignalTransition
03-12 23:45:05.266  3003  4866 D NetdEventListenerService: CSC Feature value: true
03-12 23:45:05.267  3003  4086 D NetdEventListenerService: DNS Requested by 110, 10364(com.adidas.app), 4(FAIL), isBlocked=true, 0ms
03-12 23:45:05.439  2007  3645 I sensors-hal: handle_sns_client_event:182, lid_angle_fusion ts=200706004999618 ns value 3/167/3 167/3  -1/-1     0/    0/    0 (0/0/1/1 -0.967/6.695/8.691 -0.900/5.168/7.834 26)
03-12 23:45:05.440  2007 12669 I sensors-hal: handle_sns_client_event:94, folding_angle ts=200706005000920 ns value 167/0 (0/0/1/1 -0.967/6.695/8.691 -0.900/5.168/7.834 26 0)
03-12 23:45:05.494  1171  1171 D io_stats: !@   8,0 r 2750526 92593808 w 2669048 64190208 d 270122 71437576 f 107265 286999 iot 1126204 0 th 0 0 0 pt 0 inp 0 0 42186.178
03-12 23:45:05.495  1171  1171 D io_stats: !@ Write_top(KB): com.adidas.app(15167) 20 vendor.samsung.(2059) 8 droid.daemonapp(7076) 4
03-12 23:45:05.510  2097  2125 E HeatmapThread: ECT Thread time in milliseconds: 1773373505
03-12 23:45:05.518  2097  2125 D HeatmapThread: !@ batteryplugType : 2
03-12 23:45:05.518  2097  2125 D HeatmapThread: !@ batteryLevel : 97  batteryTemperature : 346 
03-12 23:45:05.518  2097  2125 D HeatmapThread: !@ Heatmap currtime: 29556225
03-12 23:45:05.518  2097  2125 D HeatmapThread: !@ Heatmap prevtime: 29556222
03-12 23:45:05.518  2097  2125 D HeatmapThread: !@ Heatmap plugstarttime: 29556072
03-12 23:45:05.518  2097  2125 D HeatmapThread: !@ Heatmap prevv_dsoh_update_time: 29556222
03-12 23:45:05.519  2097  2125 E HeatmapThread: !@ CAM New BSOH: 100
03-12 23:45:05.519  2097  2125 E HeatmapThread: !@ CAM is Working
03-12 23:45:05.520  2007 12669 I sensors-hal: handle_sns_client_event:94, folding_angle ts=200706085009774 ns value 152/0 (0/0/1/1 -0.828/8.633/3.106 -1.019/5.451/8.786 22 0)
03-12 23:45:05.520  2007  3645 I sensors-hal: handle_sns_client_event:182, lid_angle_fusion ts=200706085007951 ns value 3/152/3 152/3  -1/-1     0/    0/    0 (0/0/1/1 -0.828/8.633/3.106 -1.019/5.451/8.786 22)
03-12 23:45:05.559  2007  3645 I sensors-hal: handle_sns_client_event:206, lid_angle_fusion submit_sensors_hal_event 2/146/3 146/3
03-12 23:45:05.560  3003  3067 D InputManager: mFoldingAngleListener: state changed, angle = 146.0, state = 1
03-12 23:45:05.565  3003  3003 D DeviceStatePolicy: notifyDeviceStateChangedIfNeeded: newState=2, lastState=3, caller=com.android.server.policy.FlexibleDeviceStatePolicy.adjustState:57 com.android.server.policy.FlexibleDeviceStateProvider.notifyDeviceStateChangedIfNeeded:90 com.android.server.policy.FlexibleDeviceStateProvider.onSensorChanged:21 
03-12 23:45:05.565  3003  3003 D DeviceStateManagerService: onStateChanged identifier = 2
03-12 23:45:05.565  3003  3003 I DeviceStateManagerService: Cannot notify device state info change when pending state is present.
03-12 23:45:05.565  3003  3067 D DeviceStateManagerService: Committing state: DeviceState{identifier=2, name='HALF_OPENED', app_accessible=true, cancel_when_requester_not_on_top=false}
03-12 23:45:05.568  3003  3067 D DeviceStateManagerGlobal: handleDeviceStateInfoChanged state=DeviceState{identifier=2, name='HALF_OPENED', app_accessible=true, cancel_when_requester_not_on_top=false}, baseState=DeviceState{identifier=2, name='HALF_OPENED', app_accessible=true, cancel_when_requester_not_on_top=false}
03-12 23:45:05.569  3003  3003 I Telecom : SamsungFoldStateManagerAdapterImpl : DeviceStateCallback - onDeviceStateChanged : DeviceState{identifier=2, name='HALF_OPENED', app_accessible=true, cancel_when_requester_not_on_top=false}
03-12 23:45:05.569  3003  3647 I CameraService_worker: Fold state changed, DeviceState{identifier=2, name='HALF_OPENED', app_accessible=true, cancel_when_requester_not_on_top=false}
03-12 23:45:05.570  4184  6555 D DeviceStateManagerGlobal: handleDeviceStateInfoChanged state=DeviceState{identifier=2, name='HALF_OPENED', app_accessible=true, cancel_when_requester_not_on_top=false}, baseState=DeviceState{identifier=2, name='HALF_OPENED', app_accessible=true, cancel_when_requester_not_on_top=false}
03-12 23:45:05.570  3003  3647 V CameraService_worker: Same device state has coming. skip
03-12 23:45:05.571  4360  4360 I SprWallpaper|FoldInteractive: onDeviceStateChanged: newState[2]
03-12 23:45:05.571  4832 30854 I HoneySpace.ExtraDisplaySource: onStateChanged, state = 2
03-12 23:45:05.572  4832 21844 I HoneySpace.ExtraDisplaySource: onStateChanged, state = 2
03-12 23:45:05.572  4205  4239 D DeviceStateManagerGlobal: handleDeviceStateInfoChanged state=DeviceState{identifier=2, name='HALF_OPENED', app_accessible=true, cancel_when_requester_not_on_top=false}, baseState=DeviceState{identifier=2, name='HALF_OPENED', app_accessible=true, cancel_when_requester_not_on_top=false}
03-12 23:45:05.573  5338  5338 I FoldStateManager: onTableModeChanged: true
03-12 23:45:05.574  5338  5338 I FoldStateManager: updateTableMode: isTableMode = true
03-12 23:45:05.574  6272  6411 D DeviceStateManagerGlobal: handleDeviceStateInfoChanged state=DeviceState{identifier=2, name='HALF_OPENED', app_accessible=true, cancel_when_requester_not_on_top=false}, baseState=DeviceState{identifier=2, name='HALF_OPENED', app_accessible=true, cancel_when_requester_not_on_top=false}
03-12 23:45:05.576  4832 21844 I HoneySpace.ExtraDisplaySource: ExtraDisplayInfo(rotation=0, displayId=1, displaySize=Point(748, 720), displayCutout=DisplayCutout{insets=Rect(0, 0 - 0, 66) waterfall=Insets{left=0, top=0, right=0, bottom=0} boundingRect={Bounds=[Rect(0, 0 - 0, 0), Rect(0, 0 - 0, 0), Rect(0, 0 - 0, 0), Rect(379, 654 - 748, 720)]} cutoutPathParserInfo={CutoutPathParserInfo{displayWidth=748 displayHeight=720 physicalDisplayWidth=748 physicalDisplayHeight=720 density={2.125} cutoutSpec={@bottom @right M 0,0 H -173.6470588235294 V -31.05882352941176 H 0 V 0 Z @dp} rotation={0} scale={1.0} physicalPixelDisplaySizeRatio={1.0}}} sideOverrides={}}, foldState=2)
03-12 23:45:05.576  4832 30854 I HoneySpace.ExtraDisplaySource: ExtraDisplayInfo(rotation=0, displayId=1, displaySize=Point(748, 720), displayCutout=DisplayCutout{insets=Rect(0, 0 - 0, 66) waterfall=Insets{left=0, top=0, right=0, bottom=0} boundingRect={Bounds=[Rect(0, 0 - 0, 0), Rect(0, 0 - 0, 0), Rect(0, 0 - 0, 0), Rect(379, 654 - 748, 720)]} cutoutPathParserInfo={CutoutPathParserInfo{displayWidth=748 displayHeight=720 physicalDisplayWidth=748 physicalDisplayHeight=720 density={2.125} cutoutSpec={@bottom @right M 0,0 H -173.6470588235294 V -31.05882352941176 H 0 V 0 Z @dp} rotation={0} scale={1.0} physicalPixelDisplaySizeRatio={1.0}}} sideOverrides={}}, foldState=2)
03-12 23:45:05.576  4832 21844 I HoneySpace.DeviceStateUseCase: changed: THREE_BUTTON, 144, true, false, DisplayInfo(rotation=0, displayId=0, displaySize=Point(1080, 2640), displayCutout=DisplayCutout{insets=Rect(0, 94 - 0, 0) waterfall=Insets{left=0, top=0, right=0, bottom=0} boundingRect={Bounds=[Rect(0, 0 - 0, 0), Rect(505, 0 - 576, 94), Rect(0, 0 - 0, 0), Rect(0, 0 - 0, 0)]} cutoutPathParserInfo={CutoutPathParserInfo{displayWidth=1080 displayHeight=2640 physicalDisplayWidth=1080 physicalDisplayHeight=2640 density={3.0} cutoutSpec={M 0,0 H -11.83333333333333 V 31.33333333333333 H 11.83333333333333 V 0 H 0 Z @dp} rotation={0} scale={1.0} physicalPixelDisplaySizeRatio={1.0}}} sideOverrides={}}, isNavCanMove=true, isTablet=false), ExtraDisplayInfo(rotation=0, displayId=1, displaySize=Point(748, 720), displayCutout=DisplayCutout{insets=Rect(0, 0 - 0, 66) waterfall=Insets{left=0, top=0, right=0, bottom=0} boundingRect={Bounds=[Rect(0, 0 - 0, 0), Rect(0, 0 - 0, 0), Rect(0, 0 - 0, 0), Rect(379, 654 - 748, 720)]} cutoutPathParserInfo={CutoutPathParserInfo{displayWidth=748 displayHeight=720 physicalDisplayWidth=748 physicalDisplayHeight=720 density={2.125} cutoutSpec={@bottom @right M 0,0 H -173.6470588235294 V -31.05882352941176 H 0 V 0 Z @dp} rotation={0} scale={1.0} physicalPixelDisplaySizeRatio={1.0}}} sideOverrides={}}, foldState=2), false
03-12 23:45:05.577  4832  4896 I HoneySpace.TopTaskSource: FoldState updated(2). updateRunningTasks
03-12 23:45:05.578  4205  4205 D FlexPanelStartController: OnDeviceStateChanged: mIsTableMode=false, isTableMode=true
03-12 23:45:05.579  4205  4205 D FlexPanelStartController: onFoldStateTableModeChanged: isTableMode=true
03-12 23:45:05.579  4205  4205 D FlexPanelStartController: not support state, mMwEnabled=true, mIsTableMode=true, mDesktopMode=false, mFlexModePanelEnabled=true, mIsImeShowing=true, mIsQuickPanelShowing=false, mIsTaskBarAppsEnabled=false, mIsGlobalActionVisible=false, mOnRecentsAnimation=false, isSupportRotation=true, mIsKeyguardVisible=false
03-12 23:45:05.580  4205  4205 I KeyguardUpdateMonitor: onTableModeChanged. mIsTableMode = false, isTableMode = true
03-12 23:45:05.580 15167 24760 D DeviceStateManagerGlobal: handleDeviceStateInfoChanged state=DeviceState{identifier=2, name='HALF_OPENED', app_accessible=true, cancel_when_requester_not_on_top=false}, baseState=DeviceState{identifier=2, name='HALF_OPENED', app_accessible=true, cancel_when_requester_not_on_top=false}
03-12 23:45:05.580 22866 22884 D DeviceStateManagerGlobal: handleDeviceStateInfoChanged state=DeviceState{identifier=2, name='HALF_OPENED', app_accessible=true, cancel_when_requester_not_on_top=false}, baseState=DeviceState{identifier=2, name='HALF_OPENED', app_accessible=true, cancel_when_requester_not_on_top=false}
03-12 23:45:05.581  3003  3067 D WindowManager: onStateChanged, state=2
03-12 23:45:05.581  3003  3067 I LogicalDisplayMapper: Requesting Transition to state: 2, from state=3, interactive=true, mBootCompleted=true, wakeDevice=false, sleepDevice=false
03-12 23:45:05.581  3003  3067 I LogicalDisplayMapper: Applying layout: [{dispId: 0(ON), displayGroupName: , addr: {port=131, model=0x40446d5d66246e}, mThermalBrightnessThrottlingMapId: null, mRefreshRateZoneId: null, mLeadDisplayId: -1, mLeadDisplayAddress: null, mThermalRefreshRateThrottlingMapId: null, mPowerThrottlingMapId: null}, {dispId: 1(OFF), displayGroupName: , addr: {port=132, model=0x40446d6e9178a2}, mThermalBrightnessThrottlingMapId: null, mRefreshRateZoneId: null, mLeadDisplayId: -1, mLeadDisplayAddress: null, mThermalRefreshRateThrottlingMapId: null, mPowerThrottlingMapId: null}], Previous layout: [{dispId: 0(ON), displayGroupName: , addr: {port=131, model=0x40446d5d66246e}, mThermalBrightnessThrottlingMapId: null, mRefreshRateZoneId: null, mLeadDisplayId: -1, mLeadDisplayAddress: null, mThermalRefreshRateThrottlingMapId: null, mPowerThrottlingMapId: null}, {dispId: 1(OFF), displayGroupName: , addr: {port=132, model=0x40446d6e9178a2}, mThermalBrightnessThrottlingMapId: null, mRefreshRateZoneId: null, mLeadDisplayId: -1, mLeadDisplayAddress: null, mThermalRefreshRateThrottlingMapId: null, mPowerThrottlingMapId: null}]
03-12 23:45:05.581  3003  3067 D LogicalDisplayMapper: applyLayoutLocked[0], oldDisplay=0, newDisplay=0, displayLayout={dispId: 0(ON), displayGroupName: , addr: {port=131, model=0x40446d5d66246e}, mThermalBrightnessThrottlingMapId: null, mRefreshRateZoneId: null, mLeadDisplayId: -1, mLeadDisplayAddress: null, mThermalRefreshRateThrottlingMapId: null, mPowerThrottlingMapId: null}
03-12 23:45:05.581  3003  3067 D LogicalDisplayMapper: applyLayoutLocked[1], oldDisplay=1, newDisplay=1, displayLayout={dispId: 1(OFF), displayGroupName: , addr: {port=132, model=0x40446d6e9178a2}, mThermalBrightnessThrottlingMapId: null, mRefreshRateZoneId: null, mLeadDisplayId: -1, mLeadDisplayAddress: null, mThermalRefreshRateThrottlingMapId: null, mPowerThrottlingMapId: null}
03-12 23:45:05.582  3003  3067 D VibratorManagerService: onTableModeChanged. isTableMode=true
03-12 23:45:05.582  4205  4205 I SubScreenManager:  onDeviceStateChanged DeviceState{identifier=2, name='HALF_OPENED', app_accessible=true, cancel_when_requester_not_on_top=false}
03-12 23:45:05.582  4205  4205 I SubScreenManager: onDeviceStateChanged() 
03-12 23:45:05.582  4205  4205 I SubLauncher:SubLauncherStateManager@232606011: setTentMode: 3 -> 2 
03-12 23:45:05.582  4205  4205 I FoldStateManager: onTableModeChanged: true
03-12 23:45:05.582  4205  4205 I FoldStateManager: updateTableMode: isTableMode = true
03-12 23:45:05.583  4205  4205 D NavigationBarControllerImpl: setNavigationBarShortcut requestClass : com.android.wm.shell.controlpanel.activity.FlexPanelActivity, remoteViews : null, position : 0, priority : 11
03-12 23:45:05.583  4205  4205 D RemoteViewPack: OnSetRemoteView RemoteViewShortcut(requestClass=com.android.wm.shell.controlpanel.activity.FlexPanelActivity, remoteViews=null, position=0, priority=11)
03-12 23:45:05.583  4205  4205 D NavBarStateManager: NavBarStates(0) isGameMode: false
03-12 23:45:05.599  2007 12669 I sensors-hal: handle_sns_client_event:94, folding_angle ts=200706164999201 ns value 137/0 (0/0/1/1 -1.752/7.853/2.067 -0.957/5.250/7.451 17 0)
03-12 23:45:05.599  2007  3645 I sensors-hal: handle_sns_client_event:182, lid_angle_fusion ts=200706165001024 ns value 2/137/3 137/3  -1/-1     0/    0/    0 (0/0/1/1 -1.752/7.853/2.067 -0.957/5.250/7.451 17)
03-12 23:45:05.639  2007 12669 I sensors-hal: handle_sns_client_event:94, folding_angle ts=200706205002586 ns value 120/0 (0/0/1/1 -1.388/8.236/1.335 -0.780/4.613/8.346 15 0)
03-12 23:45:05.639  2007  3645 I sensors-hal: handle_sns_client_event:182, lid_angle_fusion ts=200706205003107 ns value 2/120/3 120/3  -1/-1     0/    0/    0 (0/0/1/1 -1.388/8.236/1.335 -0.780/4.613/8.346 15)
03-12 23:45:05.678  4832  2378 I HoneySpace.DeviceStateUseCase: update: DeviceState(naviMode=THREE_BUTTON, navigationBarHeight=144, hint=true, transparentHint=false, rotation=0, displayId=0, displaySize=Point(1080, 2640), displayCutout=DisplayCutout{insets=Rect(0, 94 - 0, 0) waterfall=Insets{left=0, top=0, right=0, bottom=0} boundingRect={Bounds=[Rect(0, 0 - 0, 0), Rect(505, 0 - 576, 94), Rect(0, 0 - 0, 0), Rect(0, 0 - 0, 0)]} cutoutPathParserInfo={CutoutPathParserInfo{displayWidth=1080 displayHeight=2640 physicalDisplayWidth=1080 physicalDisplayHeight=2640 density={3.0} cutoutSpec={M 0,0 H -11.83333333333333 V 31.33333333333333 H 11.83333333333333 V 0 H 0 Z @dp} rotation={0} scale={1.0} physicalPixelDisplaySizeRatio={1.0}}} sideOverrides={}}, isNavCanMove=true, isTablet=false, extraDisplayInfo=ExtraDisplayInfo(rotation=0, displayId=1, displaySize=Point(748, 720), displayCutout=DisplayCutout{insets=Rect(0, 0 - 0, 66) waterfall=Insets{left=0, top=0, right=0, bottom=0} boundingRect={Bounds=[Rect(0, 0 - 0, 0), Rect(0, 0 - 0, 0), Rect(0, 0 - 0, 0), Rect(379, 654 - 748, 720)]} cutoutPathParserInfo={CutoutPathParserInfo{displayWidth=748 displayHeight=720 physicalDisplayWidth=748 physicalDisplayHeight=720 density={2.125} cutoutSpec={@bottom @right M 0,0 H -173.6470588235294 V -31.05882352941176 H 0 V 0 Z @dp} rotation={0} scale={1.0} physicalPixelDisplaySizeRatio={1.0}}} sideOverrides={}}, foldState=2), enableOverlayWindow=false)
03-12 23:45:05.679  4832  4832 I HoneySpace.GestureInputHandler: deviceState changed DeviceState(naviMode=THREE_BUTTON, navigationBarHeight=144, hint=true, transparentHint=false, rotation=0, displayId=0, displaySize=Point(1080, 2640), displayCutout=DisplayCutout{insets=Rect(0, 94 - 0, 0) waterfall=Insets{left=0, top=0, right=0, bottom=0} boundingRect={Bounds=[Rect(0, 0 - 0, 0), Rect(505, 0 - 576, 94), Rect(0, 0 - 0, 0), Rect(0, 0 - 0, 0)]} cutoutPathParserInfo={CutoutPathParserInfo{displayWidth=1080 displayHeight=2640 physicalDisplayWidth=1080 physicalDisplayHeight=2640 density={3.0} cutoutSpec={M 0,0 H -11.83333333333333 V 31.33333333333333 H 11.83333333333333 V 0 H 0 Z @dp} rotation={0} scale={1.0} physicalPixelDisplaySizeRatio={1.0}}} sideOverrides={}}, isNavCanMove=true, isTablet=false, extraDisplayInfo=ExtraDisplayInfo(rotation=0, displayId=1, displaySize=Point(748, 720), displayCutout=DisplayCutout{insets=Rect(0, 0 - 0, 66) waterfall=Insets{left=0, top=0, right=0, bottom=0} boundingRect={Bounds=[Rect(0, 0 - 0, 0), Rect(0, 0 - 0, 0), Rect(0, 0 - 0, 0), Rect(379, 654 - 748, 720)]} cutoutPathParserInfo={CutoutPathParserInfo{displayWidth=748 displayHeight=720 physicalDisplayWidth=748 physicalDisplayHeight=720 density={2.125} cutoutSpec={@bottom @right M 0,0 H -173.6470588235294 V -31.05882352941176 H 0 V 0 Z @dp} rotation={0} scale={1.0} physicalPixelDisplaySizeRatio={1.0}}} sideOverrides={}}, foldState=2), enableOverlayWindow=false)
03-12 23:45:05.679  4832  4832 I HoneySpace.RegionManagerImpl: changeTouchRegion() called with: com.honeyspace.gesture.region.NoGestureTouchRegion@5c57ffb to DeviceState(naviMode=THREE_BUTTON, navigationBarHeight=144, hint=true, transparentHint=false, rotation=0, displayId=0, displaySize=Point(1080, 2640), displayCutout=DisplayCutout{insets=Rect(0, 94 - 0, 0) waterfall=Insets{left=0, top=0, right=0, bottom=0} boundingRect={Bounds=[Rect(0, 0 - 0, 0), Rect(505, 0 - 576, 94), Rect(0, 0 - 0, 0), Rect(0, 0 - 0, 0)]} cutoutPathParserInfo={CutoutPathParserInfo{displayWidth=1080 displayHeight=2640 physicalDisplayWidth=1080 physicalDisplayHeight=2640 density={3.0} cutoutSpec={M 0,0 H -11.83333333333333 V 31.33333333333333 H 11.83333333333333 V 0 H 0 Z @dp} rotation={0} scale={1.0} physicalPixelDisplaySizeRatio={1.0}}} sideOverrides={}}, isNavCanMove=true, isTablet=false, extraDisplayInfo=ExtraDisplayInfo(rotation=0, displayId=1, displaySize=Point(748, 720), displayCutout=DisplayCutout{insets=Rect(0, 0 - 0, 66) waterfall=Insets{left=0, top=0, right=0, bottom=0} boundingRect={Bounds=[Rect(0, 0 - 0, 0), Rect(0, 0 - 0, 0), Rect(0, 0 - 0, 0), Rect(379, 654 - 748, 720)]} cutoutPathParserInfo={CutoutPathParserInfo{displayWidth=748 displayHeight=720 physicalDisplayWidth=748 physicalDisplayHeight=720 density={2.125} cutoutSpec={@bottom @right M 0,0 H -173.6470588235294 V -31.05882352941176 H 0 V 0 Z @dp} rotation={0} scale={1.0} physicalPixelDisplaySizeRatio={1.0}}} sideOverrides={}}, foldState=2), enableOverlayWindow=false)
03-12 23:45:05.679  2007  3645 I sensors-hal: handle_sns_client_event:182, lid_angle_fusion ts=200706244996076 ns value 2/110/3 110/3  -1/-1     0/    0/    0 (0/0/1/1 -1.608/7.131/-3.943 -0.818/4.700/8.614 12)
03-12 23:45:05.680  3003  4866 D TspStateManager: holeName: HomeGesture, direction: 0, startY: 0, endY: 0
03-12 23:45:05.680  4832  4832 I DeadZoneHole: resetDeadZoneHole
03-12 23:45:05.680  4832  4832 I HoneySpace.RegionManagerImpl: resetSwipeRegion. RectF(0.0, 0.0, 0.0, 0.0), RectF(0.0, 0.0, 0.0, 0.0)
03-12 23:45:05.719  2007 12669 I sensors-hal: handle_sns_client_event:94, folding_angle ts=200706284996024 ns value  91/0 (0/0/1/1 -0.885/7.126/-5.436 -2.503/2.015/7.341 10 0)
03-12 23:45:05.719  2007  3645 I sensors-hal: handle_sns_client_event:182, lid_angle_fusion ts=200706284995243 ns value 2/ 91/3  91/3  -1/-1     0/    0/    0 (0/0/1/1 -0.885/7.126/-5.436 -2.503/2.015/7.341 10)
03-12 23:45:05.731  8214  8272 D Parsely : Network unreachable. Not flushing.
03-12 23:45:05.799  2007 12669 I sensors-hal: handle_sns_client_event:94, folding_angle ts=200706364973732 ns value  76/0 (0/0/1/1 1.670/6.628/-8.858 0.823/4.518/9.198 5 0)
03-12 23:45:05.799  2007  3645 I sensors-hal: handle_sns_client_event:182, lid_angle_fusion ts=200706364978159 ns value 2/ 76/3  76/3  -1/-1     0/    0/    0 (0/0/1/1 1.670/6.628/-8.858 0.823/4.518/9.198 5)
03-12 23:45:05.839  2007  3645 I sensors-hal: handle_sns_client_event:206, lid_angle_fusion submit_sensors_hal_event 1/ 70/3  70/3
03-12 23:45:05.843  3003  3003 D DeviceStatePolicy: notifyDeviceStateChangedIfNeeded: newState=1, lastState=2, caller=com.android.server.policy.FlexibleDeviceStatePolicy.adjustState:57 com.android.server.policy.FlexibleDeviceStateProvider.notifyDeviceStateChangedIfNeeded:90 com.android.server.policy.FlexibleDeviceStateProvider.onSensorChanged:21 
03-12 23:45:05.844  3003  3003 D SemInputDeviceManager: setProperty: TSP_SUB(2) CMD,ALWAYS_LOW_POWER_MODE,1
03-12 23:45:05.845  3003  3993 D SemInputDevice:TSP_SUB: SetPropertyTask: CMD,set_always_lpm,1 [03-12 23:45:05.844]
03-12 23:45:05.847  2071  2128 I sysinput:aidl: onReportInformation:93, 2, cmd@set_always_lpm,1:0
03-12 23:45:05.848  3003  3993 D SysinputHAL_AIDL: setProperty(TSP_SUB(2)): CMD, set_always_lpm,1 ret=0
03-12 23:45:05.848  2071  2128 I sysinput:Touch2: operator():237, OK
03-12 23:45:05.920  1992  1992 V sec_audio_hw: sec_dev_get_parameters : g_hw_speaker_amp_temp_rcv
03-12 23:45:05.920  1992  1992 D AHAL: FM: fm_get_parameters: 299: enter
03-12 23:45:05.921  1992  1992 D AHAL: FM: fm_get_parameters: 306: exit
03-12 23:45:05.921  1992  1992 I PAL: ResourceManager: getActiveStream_l: 6180: no active streams found for device 3 ret -2
03-12 23:45:05.921  1992  1992 D AHAL: SecAudioDevice: SecGetParameters: 953: temperature for rcv = 0
03-12 23:45:05.921  2072  2993 I vendor.samsung.hardware.thermal-service: key: g_hw_speaker_amp_temp_rcv, value: 0
03-12 23:45:05.922  1992  1992 V sec_audio_hw: sec_dev_get_parameters : g_hw_speaker_amp_temp_spk
03-12 23:45:05.922  1992  1992 D AHAL: FM: fm_get_parameters: 299: enter
03-12 23:45:05.922  1992  1992 D AHAL: FM: fm_get_parameters: 306: exit
03-12 23:45:05.922  1992  1992 I PAL: ResourceManager: getActiveStream_l: 6180: no active streams found for device 3 ret -2
03-12 23:45:05.922  1992  1992 D AHAL: SecAudioDevice: SecGetParameters: 967: temperature for spk = 0
03-12 23:45:05.922  2072  2993 I vendor.samsung.hardware.thermal-service: key: g_hw_speaker_amp_temp_spk, value: 0
03-12 23:45:05.926  6380  7375 I SDHMS:x : SIOP:: AP:362 BAT:346 USB:330 CHG:362 PA:363 CP:359 WIFI:355 BLK:0 SUBBAT:329 LRPTHM:348 SKIN:350 SKINF:350 SKINB:336 LRP2:350 LRF2:350 LRB2:336 AP2:350 CHG2:348 MEM2:349 WIFI2:349 RCV2:348 SPK2:329 UPSPK:350 DNSPK:330 VAP:368 VWIFI:359 AMB2:304 AVGCUR:226 AVGSYS:199 POWER:973
03-12 23:45:06.067  3003  3661 D InputReader: Btn_touch(4): value=1 when=42186.752294
03-12 23:45:06.068  3003  3661 I InputReader: Touch event's action is 0x0 (id=9, t=0) [pCnt=1, s=1.155 2.156 3.157 ] when=42186.752294
03-12 23:45:06.068  3003  3661 I InputReader: Touch event's action (MT) is 0x105 (id=9, t=0) [pCnt=2, s=1.155 2.156 3.157 ] when=42186.752294
03-12 23:45:06.068  3003  3661 I InputReader: Touch event's action (MT) is 0x205 (id=9, t=0) [pCnt=3, s=1.155 2.156 3.157 ] when=42186.752294
03-12 23:45:06.069  3003  3658 I InputDispatcher: No new touched window at (241.6, 101.6) in display 1
03-12 23:45:06.069  3003  3658 I InputDispatcher: Dropping event because there is no touchable window at (241.603, 101.602) on display 1: MotionEvent
03-12 23:45:06.069  3003  3658 D PowerManagerService: [api] userActivityFromNative : touch displayId=1 eventTime=42186752
03-12 23:45:06.070  3003  3658 D PowerManagerService: UserActivityStateListenerState: 1
03-12 23:45:06.070  3003  3658 I InputDispatcher: No new touched window at (590.0, 126.6) in display 1
03-12 23:45:06.070  2105  2812 D DisplayModeController: setDesiredMode 4630946564756762243 {mode={fps=120.00 Hz, modePtr={id=0, vsyncRate=120.00 Hz, peakRefreshRate=120.00 Hz}}, emitEvent=true, force=false}
03-12 23:45:06.070  3003  3658 I InputDispatcher: Dropping event because there is no touchable window at (590.036, 126.562) on display 1: MotionEvent
03-12 23:45:06.070  3003  3658 I InputDispatcher: No new touched window at (555.9, 63.1) in display 1
03-12 23:45:06.070  3003  3658 I InputDispatcher: Dropping event because there is no touchable window at (555.887, 63.1055) on display 1: MotionEvent
03-12 23:45:06.072  2105  2105 I LayerHistory: StatusBar$_4205#132 voted NoVote (0.00 Hz)
03-12 23:45:06.072  2105  2105 I LayerHistory: com.clubhouse.app/com.clubhouse.android.ui.ClubhouseActivity$_24714#21911 Max (can't resolve refresh rate)
03-12 23:45:06.072  2105  2105 I SurfaceFlinger: Touch Boost - choose 120.00 Hz
03-12 23:45:06.073  2105  2105 I HWComposer: [4630946564756762243] ActiveConfigToHWC, ID : 0
03-12 23:45:06.074  2040  2780 I SDM     : HWDeviceDRM::SetDisplaySwitchMode: [DispConfigs] check hs_mode 3
03-12 23:45:06.074  2040  2780 W SDM     : HWDeviceDRM::GetSupportedBitClkRate: Requested rate not supported: 951000000
03-12 23:45:06.074  2040  2780 I SDM     : HWDeviceDRM::SetDisplaySwitchMode: [DispConfigs] Set mode index:0 1080x2640x120xcmdHS, hs_mode(3), found_mode(0)
03-12 23:45:06.075  2040  2780 I SDM     : HWDeviceDRM::UpdateMixerAttributes: Mixer WxH 1080x2640-1 for Peripheral
03-12 23:45:06.075  2040  2780 I SDM     : HWCDisplay::SubmitDisplayConfig: Active configuration changed from config 2 to 0
03-12 23:45:06.075  3003  3661 I InputReader: Touch event's action (MT) is 0x106 (id=9, t=0) [pCnt=3, s=1.155 3.157 ] when=42186.760383
03-12 23:45:06.076  6380  6380 I SemDvfsHyPerManager: acquire hyper - TATouchBoost/6380@30, type = -999
03-12 23:45:06.078  6380  6380 I SemDvfsHyPerManager: acquire hyper - TA_TOUCH_SHARE/6380@31, type = -999
03-12 23:45:06.079  2105  2105 I SurfaceFlinger: finalizeDisplayModeChange 4630946564756762243
03-12 23:45:06.080  2007 12669 I sensors-hal: handle_sns_client_event:94, folding_angle ts=200706644995191 ns value  64/0 (0/0/1/1 0.230/3.656/-9.677 4.690/5.235/9.217 31 0)
03-12 23:45:06.080  2007  3645 I sensors-hal: handle_sns_client_event:182, lid_angle_fusion ts=200706644996232 ns value 1/ 64/3  64/3  -1/-1     0/    0/    0 (0/0/1/1 0.230/3.656/-9.677 4.690/5.235/9.217 31)
03-12 23:45:06.080  2022  2124 I HYPER-HAL: [RequestManager.cpp]acquire(): Acquired ID : 20547285  [6380 / 30]    HINT :      list : [TABoost / 1] [TIMEOUT / 1500] 
03-12 23:45:06.081  2022  2124 I HYPER-HAL: [RequestManager.cpp]acquire(): Acquired ID : 20553697  [6380 / 31]    HINT : TA_TOUCH_SHARE    list : [TIMEOUT / 1500] 
03-12 23:45:06.082  3003  3067 D LocalDisplayAdapter: updateActiveModeLocked for d=4630946564756762243, mActiveModeId=1, mActiveSfDisplayMode=DisplayMode{id=0, width=1080, height=2640, xDpi=428.625, yDpi=424.405, peakRefreshRate=120.00001, vsyncRate=120.00001, appVsyncOffsetNanos=8333333, presentationDeadlineNanos=9333333, supportedHdrTypes=[4, 2, 3], group=1080}
03-12 23:45:06.083  3003  3067 I DisplayDeviceRepository: Display device changed render timings: "Built-in Screen", renderFrameRate=120.00001, presentationDeadlineNanos=9333333, appVsyncOffsetNanos=8333333, frameRateOverrides=[]
03-12 23:45:06.084  3003  3065 D WindowManager: DeferredDisplayUpdater: partially applying DisplayInfo(1080 x 2640) immediately
03-12 23:45:06.084  3003  3003 D SGM:GameManager: onDisplayChanged. displyId: 0, state: 2
03-12 23:45:06.084  3003  3687 D SGM:FgCheckThread: onLooperPrepared(), msg: MSG_LCD_ON
03-12 23:45:06.085  3003  3003 D AODManagerService: requestReCalToTSP IsSingleTouchMode = falserequestedReCalToTSP = false / previousDisplayState = ON
03-12 23:45:06.086  2105  2321 I VSyncReactor: Current= 60, Period= 120, hwcPeriod= 120
03-12 23:45:06.086  3003  3065 D SurfaceComposerClient: setCornerRadius ## b8475b1 com.clubhouse.app/com.clubhouse.android.ui.ClubhouseActivity#21910 cornerRadius=0.000000
03-12 23:45:06.088  3003  5976 D LiftUpHandler: [LTW] Stopped already.
03-12 23:45:06.092  2094 21110 D AudioFlinger: setParameters: filtered dev setParameters keyvalue screen_state=on
03-12 23:45:06.092  1992  1992 D AHAL: AudioDevice: SetParameters: 1865: enter
03-12 23:45:06.092  1992  1992 D AHAL: AudioVoice: VoiceSetParameters: 200: Enter
03-12 23:45:06.092  1992  1992 D AHAL: AudioVoice: VoiceSetParameters: 479: Exit ret: 0
03-12 23:45:06.092  1992  1992 D AHAL: hfp: hfp_set_parameters: 444: enter
03-12 23:45:06.092  1992  1992 D AHAL: AudioDevice: SetParameters: 1945:  - screen = on
03-12 23:45:06.092  1992  1992 I PAL: ResourceManager: setParameter: 10683: Screen State:1
03-12 23:45:06.092  1992  1992 D AHAL: AudioDevice: SetParameters: 2798: exit: screen_state=on
03-12 23:45:06.093  4205  4205 D DisplayLifecycle: updateDisplay id = 0
03-12 23:45:06.093  4205  4362 D StackScroller: onDisplayChanged for predraw skip to 2
03-12 23:45:06.096  3003  4931 D WifiDisplayAdapter: isFitToActiveDisplayLocked : false
03-12 23:45:06.096  4832  2378 I HoneySpace.RefreshRateSource: singleFrameMs 8
03-12 23:45:06.097  3003  3661 D InputReader: Key_int_cancel(4): value=1 when=42186.782142
03-12 23:45:06.097  3003  3661 I InputReader: Touch event's action is 0x3 (id=9, t=0) [pCnt=2, s=1.155 3.157 ] when=42186.782142
03-12 23:45:06.097  3003  3661 I InputReader: Touch events were canceled by KEY_INT_CANCEL
03-12 23:45:06.097  3003  3661 D InputReader: Key_int_cancel(4): value=0 when=42186.782261
03-12 23:45:06.097  3003  3661 D InputReader: Btn_touch(4): value=0 when=42186.782486
03-12 23:45:06.098  4832  2378 I HoneySpace.Memory-Monitor: current state = 2, didTrim = false
03-12 23:45:06.159  2007  3645 I sensors-hal: handle_sns_client_event:182, lid_angle_fusion ts=200706724999513 ns value 1/ 47/3  47/3  -1/-1     0/    0/    0 (0/0/1/1 -1.297/1.019/-9.456 0.507/3.599/8.389 26)
03-12 23:45:06.160  2007 12669 I sensors-hal: handle_sns_client_event:94, folding_angle ts=200706725000555 ns value  47/0 (0/0/1/1 -1.297/1.019/-9.456 0.507/3.599/8.389 26 0)
03-12 23:45:06.239  2007 12669 I sensors-hal: handle_sns_client_event:94, folding_angle ts=200706804998680 ns value  36/0 (0/0/1/1 4.321/4.518/-9.442 2.780/1.905/10.428 21 0)
03-12 23:45:06.239  2007  3645 I sensors-hal: handle_sns_client_event:182, lid_angle_fusion ts=200706804998159 ns value 1/ 36/3  36/3  -1/-1     0/    0/    0 (0/0/1/1 4.321/4.518/-9.442 2.780/1.905/10.428 21)
03-12 23:45:06.263  2447  2447 I CNSS    : /sys/wifi/max_chipset_log_size doesn't exist
03-12 23:45:06.279  2007 12669 I sensors-hal: handle_sns_client_event:94, folding_angle ts=200706844998784 ns value  24/0 (0/0/1/1 2.374/2.713/-9.772 2.905/2.168/10.552 19 0)
03-12 23:45:06.280  2007  3645 I sensors-hal: handle_sns_client_event:182, lid_angle_fusion ts=200706844999566 ns value 1/ 24/3  24/3  -1/-1     0/    0/    0 (0/0/1/1 2.374/2.713/-9.772 2.905/2.168/10.552 19)
03-12 23:45:06.280  3003  3631 D ActivityManager: freezing 26839 com.samsung.android.authfw
03-12 23:45:06.291  3003  3941 D InetDiagMessage: Destroyed 0 sockets, proto=IPPROTO_TCP, family=AF_INET, states=14
03-12 23:45:06.295  3003  3941 D InetDiagMessage: Destroyed 0 sockets, proto=IPPROTO_TCP, family=AF_INET6, states=14
03-12 23:45:06.295  3003  3941 D InetDiagMessage: Destroyed live tcp sockets for uids={5278} in 11ms
03-12 23:45:06.320  3003  3067 D InputManager: mFoldingAngleListener: state changed, angle = 15.0, state = 0
03-12 23:45:06.330  9332  9332 D BoundBrokerSvc: onUnbind: Intent { act=com.google.firebase.dynamiclinks.service.START xflg=0x4 pkg=com.google.android.gms }
03-12 23:45:06.357  2007 12669 I sensors-hal: handle_sns_client_event:159, auto_rotation_event_2 event,255, duration,243, ts,200706922793107, ts_diff,547591
03-12 23:45:06.357  2007 12669 I sensors-hal: handle_sns_client_event:170, auto_rotation_debug_2 acc,0.062,-0.914,-10.270, ar,0, h_ic,0,0, s,2, ver,14, pedo,1,e,1,i,3
03-12 23:45:06.358  3003  3003 D WindowOrientationListener: onSensorChanged device orientation: -1
03-12 23:45:06.359  3003  3003 I WindowManager: getCoverScreenRotation 0, sensor= 0, isFlat=false, isDual=false
03-12 23:45:06.359  2007 12669 I sensors-hal: handle_sns_client_event:94, folding_angle ts=200706924997378 ns value   8/0 (0/0/1/1 0.081/-0.708/-10.964 0.330/1.077/9.308 14 0)
03-12 23:45:06.359  2007  3645 I sensors-hal: handle_sns_client_event:182, lid_angle_fusion ts=200706924997378 ns value 1/  8/3   8/3  -1/-1     0/    0/    0 (0/0/1/1 0.081/-0.708/-10.964 0.330/1.077/9.308 14)
03-12 23:45:06.360  3003  3003 V WindowManager: Computed rotation=ROTATION_0 (0) for display id=1 based on lastOrientation=SCREEN_ORIENTATION_NOSENSOR (5) and oldRotation=ROTATION_0 (0), caller=com.android.server.wm.WindowManagerService.updateRotationUnchecked:72 com.android.server.wm.DisplayRotation$OrientationListener.onProposedRotationChanged:335 com.android.server.wm.WindowOrientationListener$OrientationSensorJudge.finalizeRotation:26 com.android.server.wm.WindowOrientationListener$OrientationSensorJudge.onSensorChanged:401 android.hardware.SystemSensorManager$SensorEventQueue.dispatchSensorEvent:1142 android.os.MessageQueue.nativePollOnce:-2 
03-12 23:45:06.360  4205  4205 D AppController: AppControlSensorListener.onSensorChanged, Rotation: -1
03-12 23:45:06.360  3003  3003 V WindowManager: Computed rotation=ROTATION_0 (0) for display id=0 based on lastOrientation=SCREEN_ORIENTATION_UNSPECIFIED (-1) and oldRotation=ROTATION_0 (0), caller=com.android.server.wm.WindowManagerService.updateRotationUnchecked:72 com.android.server.wm.DisplayRotation$OrientationListener.onProposedRotationChanged:335 com.android.server.wm.WindowOrientationListener$OrientationSensorJudge.finalizeRotation:26 com.android.server.wm.WindowOrientationListener$OrientationSensorJudge.onSensorChanged:401 android.hardware.SystemSensorManager$SensorEventQueue.dispatchSensorEvent:1142 android.os.MessageQueue.nativePollOnce:-2 
03-12 23:45:06.399  2007  3645 I sensors-hal: handle_sns_client_event:206, lid_angle_fusion submit_sensors_hal_event 0/  2/3   2/3
03-12 23:45:06.403  3003  3003 E FlexibleDeviceStateProvider: No declared device states match any of the required conditions.
03-12 23:45:06.403  3003  3003 I FlexibleDeviceStateProvider: LidSwitch mIsLidOpen: true
03-12 23:45:06.403  3003  3003 I FlexibleDeviceStateProvider: Sensor values:
03-12 23:45:06.403  3003  3003 I FlexibleDeviceStateProvider: lid_angle_fusion  Wakeup : [0.0, 2.0, 2.0]
03-12 23:45:06.403  3003  3003 I FlexibleDeviceStateProvider: isScreenOn: false
03-12 23:45:06.404  3003  3003 D DeviceStatePolicy: notifyDeviceStateChangedIfNeeded: newState=-1, lastState=2, caller=com.android.server.policy.FlexibleDeviceStatePolicy.adjustState:57 com.android.server.policy.FlexibleDeviceStateProvider.notifyDeviceStateChangedIfNeeded:90 com.android.server.policy.FlexibleDeviceStateProvider.onSensorChanged:21 
03-12 23:45:06.415  3003  3661 D InputReader: Input event [EV_SW](9): code=0x0, value=1, when=42187.100178
03-12 23:45:06.416  3003  3661 D InputReader: processSwitch() : elapsed time = 0ms, switchCode=0
03-12 23:45:06.417  3003  3661 D InputManager: notifySwitch: values=1, mask=1
03-12 23:45:06.417  3003  3661 D DeviceStatePolicy: notifyDeviceStateChangedIfNeeded: newState=0, lastState=2, caller=com.android.server.policy.FlexibleDeviceStatePolicy.adjustState:57 com.android.server.policy.FlexibleDeviceStateProvider.notifyDeviceStateChangedIfNeeded:90 com.android.server.policy.FlexibleDeviceStateProvider.notifyLidSwitchChanged:40 
03-12 23:45:06.417  3003  3661 D SemInputDeviceManager: setProperty: TSP_SUB(2) CMD,ALWAYS_LOW_POWER_MODE,0
03-12 23:45:06.418  3003  3661 D DeviceStateManagerService: onStateChanged identifier = 0
03-12 23:45:06.418  3003  3661 W OverrideRequestController: Attempted to cancel a null OverrideRequest
03-12 23:45:06.418  3003  3661 I DeviceStateManagerService: Cannot notify device state info change when pending state is present.
03-12 23:45:06.418  3003  3661 D DeviceStatePolicy: updateFoldingSensorListenerLw, foldOpen=false, awake=true, isTableModeEnabled=true, forceOff=false, caller=com.android.server.policy.FlexibleDeviceStateProvider.notifyDeviceStateChangedIfNeeded:146 com.android.server.policy.FlexibleDeviceStateProvider.notifyLidSwitchChanged:40 com.android.server.input.InputManagerService.notifySwitch:103 <bottom of call stack> <bottom of call stack> <bottom of call stack> <bottom of call stack> <bottom of call stack> <bottom of call stack> <bottom of call stack> 
03-12 23:45:06.418  3003  3067 D DeviceStateManagerService: Committing state: DeviceState{identifier=0, name='CLOSED', app_accessible=false, cancel_when_requester_not_on_top=false}
03-12 23:45:06.419  3003  3993 D SemInputDevice:TSP_SUB: SetPropertyTask: CMD,set_always_lpm,0 [03-12 23:45:06.417]
03-12 23:45:06.420  2007  2007 I sensors-hal: activate:300, com.samsung.sensor.folding_state/2592 en=0
03-12 23:45:06.420  3003  3067 D DeviceStateManagerGlobal: handleDeviceStateInfoChanged state=DeviceState{identifier=0, name='CLOSED', app_accessible=false, cancel_when_requester_not_on_top=false}, baseState=DeviceState{identifier=0, name='CLOSED', app_accessible=false, cancel_when_requester_not_on_top=false}
03-12 23:45:06.421  3003  3003 D NotificationService: mFoldState = false, isFolded = true
03-12 23:45:06.421  3003  3676 I SemInputDeviceManagerService: onFoldStateChanged: folded
03-12 23:45:06.421  3003  3003 D SemDisplaySolutionManagerService: uid : 1000 , pid : 3003 , name : extra_brightness_off
03-12 23:45:06.421  3003  3676 I SemInputCommandService: setPropertyAllTouch: FOLD_STATE,1 retDefault=1 retExtra=1
03-12 23:45:06.421  3003  3003 D SemDisplaySolutionManagerService: where : application what : DEFAULT setScreenBrightnessScaleFactor(1.0) , mBrightnessCompensation : 1.0 , PMS value : 1.0
03-12 23:45:06.421  3003  3003 D PowerManagerService: [api] setScreenBrightnessScaleFactor: scaleFactor: 1.0 (uid: 1000 pid: 3003)
03-12 23:45:06.421  3003  3676 I SemInputCommandService: setPropertyAllTouchAndSpen: FOLD_STATE,1 retTouch=1 retSpen=-2
03-12 23:45:06.422  3003  3994 D SemInputDevice:TSP: SetPropertyTask: CMD,set_fold_state,1 [03-12 23:45:06.421]
03-12 23:45:06.422  3003  3064 D UsbDeviceManager: Device folded, update USB noti
03-12 23:45:06.422  2094 21110 D AudioFlinger: setParameters: filtered dev setParameters keyvalue l_hw_folder_state=0
03-12 23:45:06.422  3003  3003 D SemDisplaySolutionManagerService: Normal Mode setMultipleScreenBrightness , application, DEFAULT, 1.0
03-12 23:45:06.422  3003  3003 I Telecom : SamsungFoldStateManagerAdapterImpl : DeviceStateCallback - onDeviceStateChanged : DeviceState{identifier=0, name='CLOSED', app_accessible=false, cancel_when_requester_not_on_top=false}
03-12 23:45:06.422  3003  3003 I Telecom : SamsungFoldStateManagerAdapterImpl : onStateChanged - folded : true / info : SamsungFoldStateInfo { SupportFoldableTypeFlip : true / SupportLargeCoverScreen : true / Orientation : VERTICAL / IsFolded : true
03-12 23:45:06.422  3003  3003 I Telecom : SamsungFoldStateManagerListener : onFolderStateChanged : false -> true
03-12 23:45:06.422  3003  3003 I Telecom : SamsungFoldStateManagerListener : checkAudioAutoSwitch, skipAudioAutoSwitch
03-12 23:45:06.422  3003  3003 I Telecom : SamsungFolderAngleRegistrar : mIsFoldingAngleAvailable is false
03-12 23:45:06.422  4205  4670 D DeviceStateManagerGlobal: handleDeviceStateInfoChanged state=DeviceState{identifier=0, name='CLOSED', app_accessible=false, cancel_when_requester_not_on_top=false}, baseState=DeviceState{identifier=0, name='CLOSED', app_accessible=false, cancel_when_requester_not_on_top=false}
03-12 23:45:06.422  3003  3064 D UsbDeviceManager: handleMessage -> MSG_USB_NOTI_UPDATE: isForce=1
03-12 23:45:06.422  3003  3064 D UsbDeviceManager: updateUsbNotification(true): mConnected=true mHostConnected=false mSourcePower=false mSinkPower=true mUsbCharging=true
03-12 23:45:06.423  1992  1992 V sec_audio_hw: sec_dev_set_parameters : l_hw_folder_state=0
03-12 23:45:06.423  1992  1992 D AHAL: AudioDevice: SetParameters: 1865: enter
03-12 23:45:06.423  1992  1992 D AHAL: AudioVoice: VoiceSetParameters: 200: Enter
03-12 23:45:06.423  1992  1992 D AHAL: AudioVoice: VoiceSetParameters: 479: Exit ret: 0
03-12 23:45:06.423  4360  4360 I SprWallpaper|FoldInteractive: onDeviceStateChanged: newState[0]
03-12 23:45:06.423  1992  1992 D AHAL: SecAudioDevice: SetFolderState: 1258: Folding(Flip) state changed, fold close, flex off
03-12 23:45:06.423  1992  1992 D AHAL: hfp: hfp_set_parameters: 444: enter
03-12 23:45:06.423  4360  4360 I SprWallpaper|fold_Choreographer: stop
03-12 23:45:06.423  4360  4360 I SprWallpaper|fold_Choreographer: pause
03-12 23:45:06.423  4360  4360 I SprWallpaper|FoldInteractive: resetFrame current[429]
03-12 23:45:06.423  2071  2129 I sysinput:aidl: onReportInformation:93, 1, cmd@set_fold_state,1:0
