03-12 23:45:47.077  4205  4205 D Navbar.Store: ----handleEvent(0) value= 118
03-12 23:45:47.077  4205  4205 D Navbar.Store: ----handleEvent(0) GetInflateButtonWidth(buttonSpec=left_remote_view, landscape=true) [Module] SamsungNavigationBarInflaterView
03-12 23:45:47.077  4205  4205 D Navbar.Store: ------[Band]STABLE_LAYOUT_PACK_INFLATE_NAVBAR
03-12 23:45:47.077  4205  4205 D NavBarStateManager: NavBarStates(0) getSpaceWidth(land: true): 118
03-12 23:45:47.077  4205  4205 D Navbar.Store: ----handleEvent(0) value= 118
03-12 23:45:47.077  2053 13496 I QC2Comp : [hvcD_530] KPI_L1: start: ms=16
03-12 23:45:47.077  4832  4895 I HoneySpace.TaskbarEventTracker: invokeEvent() called with: event = SystemUiStateChanged(stateFlags=68992500096)
03-12 23:45:47.077  4205  4205 D Navbar.Store: ----handleEvent(0) GetInflateButtonWidth(buttonSpec=right_remote_view, landscape=true) [Module] SamsungNavigationBarInflaterView
03-12 23:45:47.077  4205  4205 D Navbar.Store: ------[Band]STABLE_LAYOUT_PACK_INFLATE_NAVBAR
03-12 23:45:47.077  4832  2333 I HoneySpace.SystemUiRepository: systemUiFlags: overview_disabled|home_disabled|navbar_hidden|allow_gesture|back_disabled|awake
03-12 23:45:47.077  4205  4205 D NavBarStateManager: NavBarStates(0) getSpaceWidth(land: true): 118
03-12 23:45:47.077  4205  4205 D Navbar.Store: ----handleEvent(0) value= 118
03-12 23:45:47.077  4205  4205 D Navbar.Store: ----handleEvent(0) GetNavBarSidePadding(landscape=false) [Module] SamsungNavigationBarInflaterView
03-12 23:45:47.077  2007  3645 I sensors-hal: qsh_conn_resp_cb:930, resp_value = 0 for light_seamless 
03-12 23:45:47.077  4205  4205 D Navbar.Store: ------[Band]STABLE_LAYOUT_PACK_INFLATE_NAVBAR_SIDE_PADDING
03-12 23:45:47.077  4205  4205 D NavBarStateManager: NavBarStates(0) getNavBarSidePadding: 0
03-12 23:45:47.077  4205  4205 D Navbar.Store: ----handleEvent(0) value= 0
03-12 23:45:47.077  4205  4205 D Navbar.Store: ----handleEvent(0) GetNavBarSidePadding(landscape=true) [Module] SamsungNavigationBarInflaterView
03-12 23:45:47.077  4205  4205 D Navbar.Store: ------[Band]STABLE_LAYOUT_PACK_INFLATE_NAVBAR_SIDE_PADDING
03-12 23:45:47.077  4205  4205 D NavBarStateManager: NavBarStates(0) getNavBarSidePadding: 0
03-12 23:45:47.077  4205  4205 D Navbar.Store: ----handleEvent(0) value= 0
03-12 23:45:47.077  4205  4205 D Navbar.Store: ----handleEvent(0) GetNavBarSidePadding(landscape=false) [Module] SamsungNavigationBarInflaterView
03-12 23:45:47.077  2007  2007 I sensors-hal: send_sync_sensor_request:543, takes 0 ms to receive the response with 0
03-12 23:45:47.077  4205  4205 D Navbar.Store: ------[Band]STABLE_LAYOUT_PACK_INFLATE_NAVBAR_SIDE_PADDING
03-12 23:45:47.077  4205  4205 D NavBarStateManager: NavBarStates(0) getNavBarSidePadding: 0
03-12 23:45:47.077  4205  4205 D Navbar.Store: ----handleEvent(0) value= 0
03-12 23:45:47.077  2007  2007 I sensors-hal: activate:330, com.samsung.sensor.light_seamless/1782 en=0 completed
03-12 23:45:47.077  4205  4205 D Navbar.Store: ----handleEvent(0) GetNavBarSidePadding(landscape=true) [Module] SamsungNavigationBarInflaterView
03-12 23:45:47.077  4205  4205 D Navbar.Store: ------[Band]STABLE_LAYOUT_PACK_INFLATE_NAVBAR_SIDE_PADDING
03-12 23:45:47.077  4205  4205 D NavBarStateManager: NavBarStates(0) getNavBarSidePadding: 0
03-12 23:45:47.077  4205  4205 D Navbar.Store: ----handleEvent(0) value= 0
03-12 23:45:47.078  3003  3067 D SensorManager: unregisterListener :: com.android.server.display.mode.DisplayModeDirector$BrightnessObserver$LightSensorEventListener@b4fe971
03-12 23:45:47.078  3003  3067 D BrightnessSynchronizer: onDisplayChanged() : displayId=0
03-12 23:45:47.078  2053  2053 W QC2Interface: [hvcD_530] Failed to query parameters
03-12 23:45:47.078  3003  3067 D BrightnessSynchronizer: updateScreenBrightness: displayId=0 type=2 mPreferredSettingValue=0.105882354(27) currentBrightnessInt=27 currentBrightnessIntFromFloat=27(0.105882354)
03-12 23:45:47.078  3003  3067 I InputManager-JNI: Viewport [0] to add: local:4630946564756762243, isActive: false
03-12 23:45:47.078  3003  3067 D InputManager-JNI: Viewport [0] type:1, displayId=0, uniqueId=local:4630946564756762243, orientation=0, logicalFrame=[0, 0][1080, 2640], physicalFrame=[0, 0][1080, 2640], deviceSize=[1080, 2640]
03-12 23:45:47.078  3003  3067 I InputManager-JNI: Viewport [1] to add: local:4630946638498144900, isActive: false
03-12 23:45:47.078  3003  3067 D InputManager-JNI: Viewport [1] type:1, displayId=1, uniqueId=local:4630946638498144900, orientation=0, logicalFrame=[0, 0][748, 720], physicalFrame=[0, 0][748, 720], deviceSize=[748, 720]
03-12 23:45:47.078  4360 26296 W Codec2Client: query -- param skipped: index = 1342179345.
03-12 23:45:47.078  4360 26296 W Codec2Client: query -- param skipped: index = 2415921170.
03-12 23:45:47.078  4360 26296 W Codec2Client: query -- param skipped: index = 1610614798.
03-12 23:45:47.078  2053 13496 W QC2Interface: [hvcD_530] Failed to query parameters
03-12 23:45:47.078  3003  3661 I InputReader: Reconfiguring input devices, changes=DISPLAY_INFO
03-12 23:45:47.078  3003  3661 I InputReader: support feature by TSP : 0x321
03-12 23:45:47.078  3003  3661 I InputReader: support feature by TSP : 0x321
03-12 23:45:47.078  3003  3067 D PointerChoreographer: setDefaultMouseDisplayId: 0 -> 1
03-12 23:45:47.079  3003  3067 D MouseCursorController: loadResourcesLocked for display 1
03-12 23:45:47.079  4360 26296 I CCodecBufferChannel: [c2.qti.hevc.decoder#71] start: max output delay 11
03-12 23:45:47.079  2053 13496 W QC2Interface: [hvcD_530] Failed to query parameters
03-12 23:45:47.079  2053 13496 W QC2Interface: [hvcD_530] Failed to query parameters
03-12 23:45:47.079  2022  2124 I HYPER-HAL: [RequestManager.cpp]acquire(): Acquired ID : 2112570  [2025 / 30]    HINT :      list : [UCLAMP_MIN_BOOST / 50] [TID / 4392] [TID / 4393] [TID / 4205] [TID / 4394] 
03-12 23:45:47.079  2022  2124 I HYPER-HAL: [RequestManager.cpp]acquire(): Acquired ID : 2112570  [2025 / 30]    HINT :      list : [UCLAMP_MIN_BOOST / 100] [TID / 4392] [TID / 4393] [TID / 4205] [TID / 4394] 
03-12 23:45:47.079  2022  2124 I HYPER-HAL: [RequestManager.cpp]acquire(): Acquired ID : 2112570  [2025 / 30]    HINT :      list : [UCLAMP_MIN_BOOST / 150] [TID / 4392] [TID / 4393] [TID / 4205] [TID / 4394] 
03-12 23:45:47.079  2022  2124 I HYPER-HAL: [RequestManager.cpp]acquire(): Acquired ID : 2112570  [2025 / 30]    HINT :      list : [UCLAMP_MIN_BOOST / 200] [TID / 4392] [TID / 4393] [TID / 4205] [TID / 4394] 
03-12 23:45:47.079  2022  2124 I HYPER-HAL: [RequestManager.cpp]acquire(): Acquired ID : 2112570  [2025 / 30]    HINT :      list : [UCLAMP_MIN_BOOST / 250] [TID / 4392] [TID / 4393] [TID / 4205] [TID / 4394] 
03-12 23:45:47.079  2022  2124 I HYPER-HAL: [RequestManager.cpp]acquire(): Acquired ID : 2112570  [2025 / 30]    HINT :      list : [UCLAMP_MIN_BOOST / 300] [TID / 4392] [TID / 4393] [TID / 4205] [TID / 4394] 
03-12 23:45:47.079  2022  2124 I HYPER-HAL: [RequestManager.cpp]acquire(): Acquired ID : 2112570  [2025 / 30]    HINT :      list : [UCLAMP_MIN_BOOST / 350] [TID / 4392] [TID / 4393] [TID / 4205] [TID / 4394] 
03-12 23:45:47.079  2022  2124 I HYPER-HAL: [RequestManager.cpp]acquire(): Acquired ID : 2112570  [2025 / 30]    HINT :      list : [UCLAMP_MIN_BOOST / 400] [TID / 4392] [TID / 4393] [TID / 4205] [TID / 4394] 
03-12 23:45:47.079  4360 26296 I CCodecBufferChannel: [c2.qti.hevc.decoder#71] Created output block pool with allocatorID 18 => poolID 1602 - OK
03-12 23:45:47.080  2053 26306 I QC2Buf  : use shared ref tracker
03-12 23:45:47.080  2053 26306 I QC2Buf  : Reconfig: clearing from 0 bufs. Peak mem=0 MB
03-12 23:45:47.080  2053 26306 I QC2Buf  : Reconfig: clearing from 0 bufs. Peak mem=0 MB
03-12 23:45:47.080  6103  6103 W ContextImpl: Calling a method in the system process without a qualified user: android.app.ContextImpl.startService:2068 android.content.ContextWrapper.startService:872 android.content.ContextWrapper.startService:872 com.sec.android.diagmonagent.sa.receiver.CFLogReceiver.onReceive:56 android.app.ActivityThread.handleReceiver:5663 
03-12 23:45:47.080  3003  3067 I InputManager-JNI: notifyPointerDisplayIdChanged: pointer displayId set to: 1
03-12 23:45:47.081  3003  3067 D InputManager: notifyDisplayIdChangedByUser: 1
03-12 23:45:47.081  3003  3067 E Looper  : Error adding epoll events for fd 1285 while rebuilding epoll set: Bad file descriptor
03-12 23:45:47.081  3003  3067 E Looper  : Error adding epoll events for fd 1258 while rebuilding epoll set: Bad file descriptor
03-12 23:45:47.081  3003  3067 E Looper  : Error adding epoll events for fd 1250 while rebuilding epoll set: Bad file descriptor
03-12 23:45:47.081  3003  3067 E Looper  : Error adding epoll events for fd 1271 while rebuilding epoll set: Bad file descriptor
03-12 23:45:47.081  3003  3067 E Looper  : Error adding epoll events for fd 1325 while rebuilding epoll set: Bad file descriptor
03-12 23:45:47.081  3003  3067 E Looper  : Error adding epoll events for fd 1260 while rebuilding epoll set: Operation not permitted
03-12 23:45:47.081  3003  3067 E Looper  : Error adding epoll events for fd 1305 while rebuilding epoll set: Operation not permitted
03-12 23:45:47.081  3003  3067 E Looper  : Error adding epoll events for fd 1375 while rebuilding epoll set: Bad file descriptor
03-12 23:45:47.081  3003  3067 E Looper  : Error adding epoll events for fd 1330 while rebuilding epoll set: Operation not permitted
03-12 23:45:47.081  3003  3067 E Looper  : Error adding epoll events for fd 1384 while rebuilding epoll set: Bad file descriptor
03-12 23:45:47.081  3003  3067 E Looper  : Error adding epoll events for fd 1208 while rebuilding epoll set: Operation not permitted
03-12 23:45:47.081  3003  3067 E Looper  : Error adding epoll events for fd 1276 while rebuilding epoll set: Operation not permitted
03-12 23:45:47.081  3003  3661 I InputReader: Reconfiguring input devices, changes=DISPLAY_INFO
03-12 23:45:47.081  3003  3661 I InputReader: support feature by TSP : 0x321
03-12 23:45:47.081  3003  3661 I InputReader: support feature by TSP : 0x321
03-12 23:45:47.081  3003  3661 W InputReader: Rotary Encoder device configuration file didn't specify resolution!
03-12 23:45:47.081  3003  3661 W InputReader: Rotary Encoder device configuration file didn't specify scaling factor,default to 1.000000!
03-12 23:45:47.081  3003  3661 I InputReader: Rotary Encoder device configuration file didn't specify min log rotation.
03-12 23:45:47.082  2092  2092 I SSC_DAEMON: handleSensorTestReqMsg:85, Sensor type :4, Msg type:15
03-12 23:45:47.082  2092  2092 I SSC_DAEMON: physicalSensorTestReqMsg:130, s:4, m:15
03-12 23:45:47.083  2053  6835 W QC2Interface: [hvcD_530] Few parameters failed to configure
03-12 23:45:47.083  3003  3068 W SurfaceControl: Invalid layer stack -1
03-12 23:45:47.083  3003  3068 I DisplayDevice: [0] Layerstack set to -1 for local:4630946564756762243
03-12 23:45:47.083  3003  3068 D BLASTSyncEngine: SyncGroup 2651:  Unfinished container: WindowToken{8004a5b type=2024 android.os.BinderProxy@d7bba75} mSyncState=2
03-12 23:45:47.083  2053  6835 D C2BqBuffer: local generation change 4465326 , bqId: 18726057410560 migrated buffers # 0
03-12 23:45:47.083  4360 26296 I CCodec  : [c2.qti.hevc.decoder] state->set(RUNNING)
03-12 23:45:47.083  2053  6835 I QC2CompStore: Setting heap usage to system
03-12 23:45:47.084  4360 26296 I CCodecBufferChannel: [c2.qti.hevc.decoder#71] 10 initial input buffers available
03-12 23:45:47.084  3003  3065 D WindowManager: DeferredDisplayUpdater: partially applying DisplayInfo(1080 x 2640) immediately
03-12 23:45:47.084  2053  6835 W QC2Interface: [hvcD_530] Failed to query parameters
03-12 23:45:47.084  3003  3065 D BLASTSyncEngine: SyncGroup 2651:  Unfinished container: WindowToken{8004a5b type=2024 android.os.BinderProxy@d7bba75} mSyncState=2
03-12 23:45:47.084  3003  3003 D SGM:GameManager: onDisplayChanged. displyId: 0, state: 1
03-12 23:45:47.084  3003  3003 I SemMdnieManagerService: DisplayListener onDisplayChanged. mAlwaysOnDisplayEnabled : false , mDisplayOn : true , mDisplayState : 1 , mWorkBlueFilter : true , mNightModeBlock : true
03-12 23:45:47.084  3003  3003 D EyeComfortSolutionService: mBlueLightFilterAdaptiveModeEnabled: true , mBlueLightFilterScheduledTime: false
03-12 23:45:47.085  2092  3859 I SSC_DAEMON: light_event_log:196, light_msg(4/15): panel off (idx 0) - 0,-1,-1,0
03-12 23:45:47.085  2496  1108 I ResourceManagerService: addMediaInfo pid 4360 (width 1080 height 2640), allocated hw codec count 1
03-12 23:45:47.085  2496  1108 I ResourceManagerService: getMediaResourceInfo (PID : 4360, clientID : -5476376666658715168, non-secure-codec/hw-video-codec:[]:1, 1080x2640 (fps:120) - sw codec : no, encoder : no componentName = c2.qti.hevc.decoder bitrate = 17000000)
03-12 23:45:47.085  3003  3003 I SemMdnieManagerService: DDI setNightDimOffMode : false, index : 0, str : (0 0)
03-12 23:45:47.085  3003  3687 D SGM:FgCheckThread: onLooperPrepared(), msg: MSG_LCD_OFF
03-12 23:45:47.085  3003  3687 D SGM:FgCheckThread: sendFocusOutConditionally() - mPrevNotiPkg: (unknown), userId: 0
03-12 23:45:47.085  2496  2496 W ResourceManagerServiceUtils: Ignoring request to add new resource entry with value <= 0
03-12 23:45:47.085  4205  4205 D NavBarView: disableBack=false (isBackDismissIme=true, handlingGestures=false, disabledFlagBack=false, isBottomGesture=false, isImeRenderingNavButtons=false)
03-12 23:45:47.086  3003  3910 I CAE     : handleMessage(CaPowerManager.java:226) - AP_SLEEP
03-12 23:45:47.086  3003  3065 D WindowManager: DeferredDisplayUpdater: applying DisplayInfo(748 x 720) immediately
03-12 23:45:47.086  3003  3910 I CAE     : updateApPowerStatus(SensorHubParserProvider.java:461) - AP_SLEEP
03-12 23:45:47.086  4205  4205 D NavBarStateManager: NavBarStates(0) canShowKeyboardButtonForRotation(0): true
03-12 23:45:47.086  3003  3065 V WindowManager: Content Recording: Display 1 state was (1), is now (1), so update recording?
03-12 23:45:47.086  4205  4205 D Navbar.Store: ----handleEvent(0) OnUpdateSysUiStateFlag(noArguments=true) [Module] SamsungNavigationBarView
03-12 23:45:47.086  4205  4205 D Navbar.Store: ------[Band]GESTURE_PACK_UPDATE_SYSTEMUI_STATE_FLAG
03-12 23:45:47.086  4205  4205 D Navbar.Store: ------[Band] (afterAction) GESTURE_PACK_UPDATE_SYSTEMUI_STATE_FLAG
03-12 23:45:47.086  3003  3910 I CAE     : getContextType(FreeFallDetection.java:25) - FFD getContextType
03-12 23:45:47.086  3003  3065 D BLASTSyncEngine: SyncGroup 2651:  Unfinished container: WindowToken{8004a5b type=2024 android.os.BinderProxy@d7bba75} mSyncState=2
03-12 23:45:47.086  3003  3003 D SGM:GameManager: onDisplayChanged. displyId: 1, state: 1
03-12 23:45:47.086  3003  3003 V CameraService_worker: onDisplayChanged rotation : 0 current mDeviceState : 6
03-12 23:45:47.086  4205  4205 D Navbar.Store: handleEvent(0) OnConfigChanged(newConfig={1.0 ?mcc0mnc [en_US] ldltr sw360dp w360dp h880dp 480dpi nrml long hdr widecg port night finger -keyb/v/h -nav/h winConfig={ mBounds=Rect(0, 0 - 1080, 2640) mAppBounds=Rect(0, 0 - 1080, 2640) mMaxBounds=Rect(0, 0 - 1080, 2640) mDisplayRotation=ROTATION_0 mWindowingMode=fullscreen mActivityType=undefined mAlwaysOnTop=undefined mRotation=ROTATION_0 mStageConfig=undefined mPopOver=undefined mOverlappingWithCutout=false mFlexPanelMode=off} s.3531 fontWeightAdjustment=0 ff=0 bf=-1 bts=0 cst=1.0 nightDim=0 themeSeq=0}) [Module] NavigationBarControllerImpl
03-12 23:45:47.086  4205  4205 D Navbar.Store: --[Band]CONFIG_PACK_CONFIG_CHANGED
03-12 23:45:47.086  2094  2278 D AudioFlinger: setParameters: filtered dev setParameters keyvalue screen_state=off
03-12 23:45:47.086  3003  3003 D SGM:GameManager: onDisplayChanged. displyId: 0, state: 1
03-12 23:45:47.086  3003  3687 D SGM:FgCheckThread: onLooperPrepared(), msg: MSG_LCD_OFF
03-12 23:45:47.086  4205  4205 D Navbar.Store: handleEvent(0) OnNavBarConfigChanged(canMove=true, supportPhoneLayoutProvider=true, imeDownButtonForAllRotation=false, navigationMode=0) [Module] NavigationBarControllerImpl
03-12 23:45:47.086  4205  4205 D Navbar.Store: --[Band]STABLE_LAYOUT_PACK_NAVBAR_CONFIG_CHANGED
03-12 23:45:47.086  4205  4205 D NavBarStateManager: NavBarStates(0) supportLargeCoverScreenNavBar: false
03-12 23:45:47.086  4205  4205 D Navbar.Store: --updateLayoutProvider() layoutProviderContainer = com.android.systemui.navigationbar.layout.LayoutProviderContainerImpl@1dbf89d
03-12 23:45:47.086  4205  4205 D NavBarStateManager: NavBarStates(0) supportLargeCoverScreenNavBar: false
03-12 23:45:47.086  4205  4205 D Navbar.Store: --[Band] (afterAction) STABLE_LAYOUT_PACK_NAVBAR_CONFIG_CHANGED
03-12 23:45:47.086  4205  4205 D Navbar.Store: handleEvent(1) OnConfigChanged(newConfig={1.0 ?mcc0mnc [en_US] ldltr sw360dp w360dp h880dp 480dpi nrml long hdr widecg port night finger -keyb/v/h -nav/h winConfig={ mBounds=Rect(0, 0 - 1080, 2640) mAppBounds=Rect(0, 0 - 1080, 2640) mMaxBounds=Rect(0, 0 - 1080, 2640) mDisplayRotation=ROTATION_0 mWindowingMode=fullscreen mActivityType=undefined mAlwaysOnTop=undefined mRotation=ROTATION_0 mStageConfig=undefined mPopOver=undefined mOverlappingWithCutout=false mFlexPanelMode=off} s.3531 fontWeightAdjustment=0 ff=0 bf=-1 bts=0 cst=1.0 nightDim=0 themeSeq=0}) [Module] NavigationBarControllerImpl
03-12 23:45:47.086  4205  4205 D Navbar.Store: handleEvent(1) OnNavBarConfigChanged(canMove=true, supportPhoneLayoutProvider=true, imeDownButtonForAllRotation=false, navigationMode=0) [Module] NavigationBarControllerImpl
03-12 23:45:47.086  4205  4205 D Navbar.Store: --[Band]STABLE_LAYOUT_PACK_NAVBAR_CONFIG_CHANGED
03-12 23:45:47.086  4205  4205 D NavBarStateManager: NavBarStates(1) supportLargeCoverScreenNavBar: true
03-12 23:45:47.087  3003  3067 D RefreshRateModeManager: onBrightnessChanged: brt=0, lux=-1.0
03-12 23:45:47.087  3003  3067 D RefreshRateModeManager: set fix=0, brightness=0, lux=-1.0, mIsWirelessCharging=false
03-12 23:45:47.087 15873 15873 I VRI[InputMethod]@ee95d13: onDisplayChanged oldDisplayState=2 newDisplayState=1
03-12 23:45:47.087  3003  3067 D RefreshRateModeManager: setPassiveMode=false, brightness=0, lux=-1.0, PassiveModeToken=false
03-12 23:45:47.087  3003  3067 I RefreshRateModeManager: Schedule to change HFRmode=REFRESH_RATE_MODE_SEAMLESS, mDisplayToken=android.os.BinderProxy@7f742aa
03-12 23:45:47.087  3003  3067 I RefreshRateModeManager:     -1:
03-12 23:45:47.087  3003  3067 I RefreshRateModeManager:       PRIORITY_REFRESH_RATE_MODE -> CombinedVote{ mVotes=[PhysicalVote{ RefreshRateVote{  mMinRefreshRate=10.0, mMaxRefreshRate=120.0 } }, DisableRefreshRateSwitchingVote{ mDisableRefreshRateSwitching=false }] }
03-12 23:45:47.087  3003  3067 I RefreshRateModeManager:     0:
03-12 23:45:47.087  3003  3067 I RefreshRateModeManager:       PRIORITY_USER_SETTING_PEAK_RENDER_FRAME_RATE -> RenderVote{ RefreshRateVote{  mMinRefreshRate=0.0, mMaxRefreshRate=120.0 } }
03-12 23:45:47.087  3003  3067 I RefreshRateModeManager:       PRIORITY_USER_SETTING_PEAK_REFRESH_RATE -> CombinedVote{ mVotes=[PhysicalVote{ RefreshRateVote{  mMinRefreshRate=0.0, mMaxRefreshRate=120.0 } }, DisableRefreshRateSwitchingVote{ mDisableRefreshRateSwitching=false }] }
03-12 23:45:47.087  3003  3067 I RefreshRateModeManager:       PRIORITY_APP_REQUEST_RENDER_FRAME_RATE_RANGE -> RenderVote{ RefreshRateVote{  mMinRefreshRate=60.0, mMaxRefreshRate=Infinity } }
03-12 23:45:47.087  3003  3067 I RefreshRateModeManager:       PRIORITY_USER_SETTING_MIN_RENDER_FRAME_RATE -> RenderVote{ RefreshRateVote{  mMinRefreshRate=0.0, mMaxRefreshRate=Infinity } }
03-12 23:45:47.087  3003  3067 I RefreshRateModeManager:     1:
03-12 23:45:47.087  3003  3067 I RefreshRateModeManager:       PRIORITY_USER_SETTING_PEAK_RENDER_FRAME_RATE -> RenderVote{ RefreshRateVote{  mMinRefreshRate=0.0, mMaxRefreshRate=120.0 } }
03-12 23:45:47.087  3003  3067 I RefreshRateModeManager:       PRIORITY_USER_SETTING_PEAK_REFRESH_RATE -> CombinedVote{ mVotes=[PhysicalVote{ RefreshRateVote{  mMinRefreshRate=0.0, mMaxRefreshRate=120.0 } }, DisableRefreshRateSwitchingVote{ mDisableRefreshRateSwitching=false }] }
03-12 23:45:47.087  3003  3067 I RefreshRateModeManager:       PRIORITY_USER_SETTING_MIN_RENDER_FRAME_RATE -> RenderVote{ RefreshRateVote{  mMinRefreshRate=0.0, mMaxRefreshRate=Infinity } }
03-12 23:45:47.087  3003  3067 I RefreshRateModeManager: 
03-12 23:45:47.087  3003  3067 I RefreshRateModeManager:  mModeSwitchingType: SWITCHING_TYPE_WITHIN_GROUPS mAlwaysRespectAppRequest: false
03-12 23:45:47.087  3003  3067 I RefreshRateModeManager:  Current Mode mReportedRefreshRateMode(toSurfaceFlinger)=REFRESH_RATE_MODE_SEAMLESS, mRefreshRateMode(fromSettings)=REFRESH_RATE_MODE_SEAMLESS
03-12 23:45:47.087  3003  3067 I RefreshRateModeManager:  BrightnessState mPassive=false, PassiveModeToken=false, mLfd=0, mBrightness=0, mAmbientLux=-1.0, mIsWirelessCharing=false
03-12 23:45:47.087  6380  6380 I SemMediaResourceHelper: onAdd
03-12 23:45:47.087  1992  1992 D AHAL: AudioDevice: SetParameters: 1865: enter
03-12 23:45:47.087  1992  1992 D AHAL: AudioVoice: VoiceSetParameters: 200: Enter
03-12 23:45:47.087  1992  1992 D AHAL: AudioVoice: VoiceSetParameters: 479: Exit ret: 0
03-12 23:45:47.087  1992  1992 D AHAL: hfp: hfp_set_parameters: 444: enter
03-12 23:45:47.087  1992  1992 D AHAL: AudioDevice: SetParameters: 1948:  - screen = off
03-12 23:45:47.087  1992  1992 I PAL: ResourceManager: setParameter: 10683: Screen State:0
03-12 23:45:47.087  1992  1992 D AHAL: AudioDevice: SetParameters: 2798: exit: screen_state=off
03-12 23:45:47.088  4832  4895 I HoneySpace.TaskbarEventTracker: invokeEvent() called with: event = SystemUiStateChanged(stateFlags=272761218)
03-12 23:45:47.088 29180 29180 I HBD     : DeX h DeX mode state change in non-main thread 
03-12 23:45:47.088 29180 29180 I HBD     : DeX h DeX mode state change: 3 
03-12 23:45:47.088 29180 29180 I HBD     : DeX h DeX mode state change in non-main thread 
03-12 23:45:47.088 29180 29180 I HBD     : DeX h DeX mode state change: 3 
03-12 23:45:47.088 29180 29180 I HBD     : DeX h DeX mode state change in non-main thread 
03-12 23:45:47.088 29180 29180 I HBD     : DeX h DeX mode state change: 3 
03-12 23:45:47.088 25809 25809 I VRI[ClubhouseActivity]@9456a5f: onDisplayChanged oldDisplayState=2 newDisplayState=1
03-12 23:45:47.088  3003  3067 D SurfaceControl: notifyHFRmode, displayToken=android.os.BinderProxy@7f742aa, hfrMode=REFRESH_RATE_MODE_SEAMLESS
03-12 23:45:47.089  2105  2324 I SurfaceFlinger: [4630946564756762243] HFR mode : 1
03-12 23:45:47.090  4832 21841 I HoneySpace.SystemUiRepository: assistantAvailable = false
03-12 23:45:47.090  4205  4205 D LayoutProviderContainerImpl: getCoverDisplayContext, cover display=Display id 1: DisplayInfo{"Built-in Screen", displayId 1, displayGroupId 0, FLAG_SECURE, FLAG_SUPPORTS_PROTECTED_BUFFERS, FLAG_PRESENTATION, FLAG_CAN_SHOW_WITH_INSECURE_KEYGUARD, FLAG_SHOULD_SHOW_SYSTEM_DECORATIONS, FLAG_TRUSTED, FLAG_ALLOWS_CONTENT_MODE_SWITCH, real 748 x 720, largest app 748 x 748, smallest app 618 x 552, appVsyncOff 16666666, presDeadline 17666666, mode 8, renderFrameRate 60.000004, hasArrSupport false, frameRateCategoryRate FrameRateCategoryRate {normal=60.0, high=90.0}, supportedRefreshRates [60.000004], defaultMode 8, REFRESH_RATE_MODE_SEAMLESS, userPreferredModeId -1, supportedModes [{id=8, width=748, height=720, fps=60.000004, vsync=60.000004, synthetic=false, alternativeRefreshRates=[], supportedHdrTypes=[2, 3, 4]}], appsSupportedModes [{id=8, width=748, height=720, fps=60.000004, vsync=60.000004, synthetic=false, alternativeRefreshRates=[], supportedHdrTypes=[2, 3, 4]}], hdrCapabilities HdrCapabilities{mSupportedHdrTypes=[2, 3, 4], mMaxLuminance=450.0, mMaxAverageLuminance=225.00024, mMinLuminance=5.0E-4}, isForceSdr false, userDisabledHdrTypes [], minimalPostProcessingSupported false, rotation 0, state OFF, committedState OFF}, DisplayMetrics{density=2.125, width=748, height=618, scaledDensity=2.125, xdpi=306.438, ydpi=309.966}, isValid=true
03-12 23:45:47.090  4205  4205 D Navbar.Store: --updateLayoutProvider() layoutProviderContainer = com.android.systemui.navigationbar.layout.LayoutProviderContainerImpl@1dbf89d
03-12 23:45:47.090  4205  4205 D NavBarStateManager: NavBarStates(1) supportLargeCoverScreenNavBar: true
03-12 23:45:47.090  3003  3911 D SensorService: setSContextDataLocked ints length 2 , byte length 4
03-12 23:45:47.090  3003  3911 D SensorService: setSContextDataLocked d20db4
03-12 23:45:47.090  3003  5976 D LiftUpHandler: [LTW]  Settings Lift to wake: enable = 0
03-12 23:45:47.090  3003  5976 D LiftUpHandler: [LTW] Running already.
03-12 23:45:47.090  2007  2007 I sensors-hal: inject_sensor_data:407, handle 1502 send inject
03-12 23:45:47.090  2007  2007 I sensors-hal: sendContextData:290, sensor hal 4, (0xb4, 0xd, 0xd2, 0x0)
03-12 23:45:47.090  2007  2007 I sensors-hal: sendContextData:230, activities 4 b4, 1
03-12 23:45:47.090  2007  2007 I sensors-hal: sendUserData:251, Activities cmd 0xb4 0xd
03-12 23:45:47.090  2007  2007 I sensors-hal: sendUserData:258, Activities LCD off
03-12 23:45:47.090  2007  2007 I sensors-hal: create_send_context_data:80, sending create_send_context_data
03-12 23:45:47.090  2007  2007 I sensors-hal: send_context_data:694, activities, 4914309220830019584, 1320970896291267344, msgid:700
03-12 23:45:47.090  2007  2007 I sensors-hal: sendContextData:114, common_info 4
03-12 23:45:47.090  2007  2007 I sensors-hal: sendUserData:135, CommonInfo 0xb4 0xd 0xd2 0x0, 13835076214672361504
03-12 23:45:47.090  2007  2007 I sensors-hal: create_send_context_data:70, sending create_send_context_data
03-12 23:45:47.090  2007  2007 I sensors-hal: send_context_data:694, common_info, 4914309147815575552, 1320970896291267344, msgid:700
03-12 23:45:47.091  4205  4205 D LayoutProviderContainerImpl: getCoverDisplayContext, cover display=Display id 1: DisplayInfo{"Built-in Screen", displayId 1, displayGroupId 0, FLAG_SECURE, FLAG_SUPPORTS_PROTECTED_BUFFERS, FLAG_PRESENTATION, FLAG_CAN_SHOW_WITH_INSECURE_KEYGUARD, FLAG_SHOULD_SHOW_SYSTEM_DECORATIONS, FLAG_TRUSTED, FLAG_ALLOWS_CONTENT_MODE_SWITCH, real 748 x 720, largest app 748 x 748, smallest app 618 x 552, appVsyncOff 16666666, presDeadline 17666666, mode 8, renderFrameRate 60.000004, hasArrSupport false, frameRateCategoryRate FrameRateCategoryRate {normal=60.0, high=90.0}, supportedRefreshRates [60.000004], defaultMode 8, REFRESH_RATE_MODE_SEAMLESS, userPreferredModeId -1, supportedModes [{id=8, width=748, height=720, fps=60.000004, vsync=60.000004, synthetic=false, alternativeRefreshRates=[], supportedHdrTypes=[2, 3, 4]}], appsSupportedModes [{id=8, width=748, height=720, fps=60.000004, vsync=60.000004, synthetic=false, alternativeRefreshRates=[], supportedHdrTypes=[2, 3, 4]}], hdrCapabilities HdrCapabilities{mSupportedHdrTypes=[2, 3, 4], mMaxLuminance=450.0, mMaxAverageLuminance=225.00024, mMinLuminance=5.0E-4}, isForceSdr false, userDisabledHdrTypes [], minimalPostProcessingSupported false, rotation 0, state OFF, committedState OFF}, DisplayMetrics{density=2.125, width=748, height=618, scaledDensity=2.125, xdpi=306.438, ydpi=309.966}, isValid=true
03-12 23:45:47.091  2092  2092 I SSC_DAEMON: handleSensorTestReqMsg:85, Sensor type :4, Msg type:15
03-12 23:45:47.091  2092  2092 I SSC_DAEMON: physicalSensorTestReqMsg:130, s:4, m:15
03-12 23:45:47.091  4205  4205 D Navbar.Store: --[Band] (afterAction) STABLE_LAYOUT_PACK_NAVBAR_CONFIG_CHANGED
03-12 23:45:47.091  2022  2124 I HYPER-HAL: [RequestManager.cpp]releaseLocked(): Released ID : 20540874
03-12 23:45:47.091  2007  3909 I sensors-hal: qsh_conn_resp_cb:930, resp_value = 0 for activities 
03-12 23:45:47.091  2007  3909 I sensors-hal: qsh_conn_resp_cb:930, resp_value = 0 for common_info 
03-12 23:45:47.091 21078 21078 I VRI[0 fl=}]@9b28af7: onDisplayChanged oldDisplayState=2 newDisplayState=1
03-12 23:45:47.091  2094  2278 D AudioFlinger: setParameters: filtered dev setParameters keyvalue screen_state=off
03-12 23:45:47.091  1992  1992 D AHAL: AudioDevice: SetParameters: 1865: enter
03-12 23:45:47.091  1992  1992 D AHAL: AudioVoice: VoiceSetParameters: 200: Enter
03-12 23:45:47.091  1992  1992 D AHAL: AudioVoice: VoiceSetParameters: 479: Exit ret: 0
03-12 23:45:47.091  1992  1992 D AHAL: hfp: hfp_set_parameters: 444: enter
03-12 23:45:47.091  1992  1992 D AHAL: AudioDevice: SetParameters: 1948:  - screen = off
03-12 23:45:47.091  1992  1992 I PAL: ResourceManager: setParameter: 10683: Screen State:0
03-12 23:45:47.091  1992  1992 D AHAL: AudioDevice: SetParameters: 2798: exit: screen_state=off
03-12 23:45:47.092  4205  4205 I SubScreenManager:  onDeviceStateChanged DeviceState{identifier=0, name='CLOSED', app_accessible=false, cancel_when_requester_not_on_top=false}
03-12 23:45:47.092  4205  4205 I SubScreenManager: requestDualState false
03-12 23:45:47.092 16161 16161 I NearbyDiscovery: (REDACTED) FastPairDisplayObserver: %s -> %s
03-12 23:45:47.092  3003  4405 I DeviceStateManagerService: cancelRequestInternal pid:4205, ignore
03-12 23:45:47.092  4205  4205 I SubScreenManager: onDeviceStateChanged() 
03-12 23:45:47.092  4205  4205 I SubLauncher:SubLauncherStateManager@232606011: setTentMode: 2 -> 0 
03-12 23:45:47.092  4205  4205 I FoldStateManager: onFoldStateChanged: true
03-12 23:45:47.092  4205  4205 I FoldStateManager: updateFoldState: isFolded = true
03-12 23:45:47.092  4205  4205 I FoldStateManager: onTableModeChanged: false
03-12 23:45:47.092  4205  4205 I FoldStateManager: updateTableMode: isTableMode = false
03-12 23:45:47.092  4205  4881 I VRI[ScreenDecorOverlayCover]@cddcdb0: onDisplayChanged oldDisplayState=1 newDisplayState=1
03-12 23:45:47.092  4205  4205 D SecVolume.VolumePanelStore: dispatch [ACTION_FOLDER_STATE_CHANGED with [STATE_FOLDER_STATE_CHANGED], currentAction={isFromOutside : true, isFolded : true}, currentState={activeStream=3(vol=0), stream=-1(vol=null) } isMediaDefaultEnabled : true, isVoiceCapable : true, isCaptionComponentEnabled : true, isHasVibrator : true, isSetupWizardComplete : true, timeOutControls : 0, pinDevice : 0, earProtectLevel : 909, ringerModeInternal : 0, timeOutControlsText : 0, activeStream : 3, timeOut : 3000, cutoutHeight : 0, systemTimeNow : 13420931}
03-12 23:45:47.092  4205  4267 I VRI[ShellDropTarget]@a0b4a8f: onDisplayChanged oldDisplayState=2 newDisplayState=1
03-12 23:45:47.092  4205  4205 D SecVolume.VolumePanelStore:   > New State : [STATE_FOLDER_STATE_CHANGED]
03-12 23:45:47.092  3003  3068 I SurfaceComposerClient: apply DisplayState::eLayerStackChanged(index:0) layerStack(-1)
03-12 23:45:47.092  3003  3068 I SurfaceComposerClient: apply DisplayState::eFlagsChanged(index:0) flags(0)
03-12 23:45:47.092 16161 17325 I NearbyDiscovery: (REDACTED) PureOffloadFastPairScanner: eventType=%s, isInternalReq=%s, isScanning=%s, isScanningAllowed=%s
03-12 23:45:47.092  5393  6882 I ScanManager: handleScreenOff()
03-12 23:45:47.093  2092  3859 I SSC_DAEMON: light_event_log:185, light_msg(4/15): lcd off - 0,-1,-1,0
03-12 23:45:47.093  4205  4267 I VRI[View root of ReusableWindowDecorViewHost#0]@15d66b2: onDisplayChanged oldDisplayState=2 newDisplayState=1
03-12 23:45:47.093  5393  6882 I bt_shim_scanner: system/main/shim/le_scanning_manager.cc:151 Scan: in shim layer stopped
03-12 23:45:47.093  4205  4267 I VRI[View root of ReusableWindowDecorViewHost#1]@d4195f3: onDisplayChanged oldDisplayState=2 newDisplayState=1
03-12 23:45:47.093  5393  5832 W bluetooth: system/gd/hci/le_scanning_manager.cc:716 scan: address_manager_registered_
03-12 23:45:47.093  5393  6882 W ScanManager: There is no scan radio to stop
03-12 23:45:47.093  5393  5832 W bluetooth: system/gd/hci/le_scanning_manager.cc:768 stop_scan: stop_scan
03-12 23:45:47.093  5393  6882 I bt_shim_scanner: system/main/shim/le_scanning_manager.cc:335 SetScanParameters: in shim layer, scannerId1m=3, scannerIdCoded=0
03-12 23:45:47.093  5393  6882 W bt_shim_scanner: system/main/shim/le_scanning_manager.cc:365 SetScanParameters: Set scan params scan_int_1m : 3120, scan_win_1m : 160, Duty : 5.13% | scan_int_coded : 0, scan_win_coded : 0, Duty : nan%
03-12 23:45:47.093  5393  5832 I bluetooth: system/gd/hci/le_address_manager.cc:278 unregister_client: Client unregistered
03-12 23:45:47.093  5393  6882 I bt_shim_scanner: system/main/shim/le_scanning_manager.cc:151 Scan: in shim layer started
03-12 23:45:47.093  5393  5832 I bluetooth: system/gd/hci/le_address_manager.cc:293 unregister_client: Cancelled address rotation alarm
03-12 23:45:47.093  2092  2092 I SSC_DAEMON: handleSensorTestReqMsg:85, Sensor type :20, Msg type:15
03-12 23:45:47.093  2092  2092 I SSC_DAEMON: physicalSensorTestReqMsg:162, 0.algo_id:26, num:1
03-12 23:45:47.093  4205  4205 I Dialog  : mIsDeviceDefault = false, mIsSamsungBasicInteraction = false, isMetaDataInActivity = false
03-12 23:45:47.093  4205  4362 D StackScroller: onDisplayChanged for predraw skip to 1
03-12 23:45:47.093  4205  4362 D StackScroller: onDisplayChanged for predraw skip to 1
03-12 23:45:47.093  1993  1993 D vendor.qti.bluetooth@1.1-ibs_handler: SerialClockVote: vote for UART CLK ON
03-12 23:45:47.093  3003  5013 D WifiDisplayAdapter: isFitToActiveDisplayLocked : false
03-12 23:45:47.093 16161 28983 I NearbySharing: Screen is locked
03-12 23:45:47.093 16161 28983 I NearbySharing: Stopping scanning because the screen is locked.
03-12 23:45:47.093  3003  5013 D WifiDisplayAdapter: isFitToActiveDisplayLocked : false
03-12 23:45:47.094  3003  5013 D WifiDisplayAdapter: isFitToActiveDisplayLocked : false
03-12 23:45:47.094  4205  4205 I DecorView: setWindowBackground: isPopOver=false color=0 d=android.graphics.drawable.ColorDrawable@ee00969
03-12 23:45:47.094  2007  3645 I sensors-hal: qsh_conn_event_cb:857, SCHED_FIFO(10) for qmi_cbk
03-12 23:45:47.094  2007  3645 I sensors-hal: qsh_conn_event_cb:890, event[0] sensor:Pocket mode  Wakeup, msg_id=715, ts=3854455682142
03-12 23:45:47.094  2007  3645 E libprotobuf-native: [libprotobuf ERROR external/protobuf/src/google/protobuf/message_lite.cc:133] Can't parse message of type "sns_std_sensor_event" because it is missing required fields: (cannot determine missing fields for lite message)
03-12 23:45:47.094 16161 17325 I NearbyDiscovery: (REDACTED) ApFastPairScanner: isScreenOn=%s, isLocationEnabled=%s, disableLocationRequirement=%s, isDiscoveryScanningEnabled=%s, during24GhzWifiWarmingUpPeriod=%s
03-12 23:45:47.094  1993  1993 D vendor.qti.bluetooth@1.1-wake_lock: Acquire wakelock is acquired 
03-12 23:45:47.094  4205  4205 D SubFullLayoutVolumePanelView: SubFullLayoutVolumePanelView: bind
03-12 23:45:47.094  1993  1993 I vendor.qti.bluetooth@1.1-ibs_handler: DeviceWakeUp: Writing IBS_WAKE_IND
03-12 23:45:47.094  4205  4205 D SecVolume.VolumePanelStore: subscribe : observer count=4, observer=com.android.systemui.volume.view.subscreen.full.SubFullLayoutVolumePanelWindow@8b00e87
03-12 23:45:47.094  4205  4205 D SecVolume.VolumePanelStore: subscribe : observer count=5, observer=com.android.systemui.volume.view.subscreen.full.SubFullLayoutVolumePanelView{acd81b4 V.E...... ......I. 0,0-0,0 #7f0a0f4e app:id/volume_panel_view_root}
03-12 23:45:47.094 16161 28983 I NearbySharing: Stopping Fast Init advertisement because Bluetooth is off.
03-12 23:45:47.094 16161 28983 I NearbySharing: Stopping advertising because Bluetooth is disabled.
03-12 23:45:47.094 16161 28983 I NearbySharing: Stopping FastInitiation scanning because the screen is locked.
03-12 23:45:47.094 16161 28983 D BluetoothAdapter: isLeEnabled(): BLE_ON
03-12 23:45:47.094  4205  4205 D NavigationBarControllerImpl: setNavigationBarShortcut requestClass : com.android.wm.shell.controlpanel.activity.FlexPanelActivity, remoteViews : null, position : 0, priority : 11
03-12 23:45:47.095 16161 28983 D BluetoothLeScanner: Stop Scan with callback
03-12 23:45:47.095  4205  4205 D RemoteViewPack: OnSetRemoteView RemoteViewShortcut(requestClass=com.android.wm.shell.controlpanel.activity.FlexPanelActivity, remoteViews=null, position=0, priority=11)
03-12 23:45:47.095  4205  4205 D NavBarStateManager: NavBarStates(0) isGameMode: false
03-12 23:45:47.095  4205  4205 D RemoteViewPack: OnSetRemoteView RemoteViewShortcut(requestClass=com.android.wm.shell.controlpanel.activity.FlexPanelActivity, remoteViews=null, position=0, priority=11)
03-12 23:45:47.095  4205  4205 D NavBarStateManager: NavBarStates(1) isGameMode: false
03-12 23:45:47.095  4205  4205 D SubscreenQsPanelControllerBase: onFolderStateChangedfalse
03-12 23:45:47.095  4205  4205 D SubscreenQsPanelControllerBase: setTiles 
03-12 23:45:47.095  4205  4205 D SubscreenQsPanelControllerBase: adding Tilespec : Wifi
03-12 23:45:47.095  4205  4205 E SecQSPanelResourcePickHelper: need to prepare suitable picker for COVER
03-12 23:45:47.095  4205  4205 E SecQSPanelResourcePickHelper: need to prepare suitable picker for COVER
03-12 23:45:47.095  4205  4205 E SecQSPanelResourcePickHelper: need to prepare suitable picker for COVER
03-12 23:45:47.095  4205  4205 E SecQSPanelResourcePickHelper: need to prepare suitable picker for COVER
03-12 23:45:47.095  2053 26306 I QC2CompStore: Setting heap usage to system
03-12 23:45:47.095  4205  4205 E SecQSPanelResourcePickHelper: need to prepare suitable picker for COVER
03-12 23:45:47.095  4205  4205 D SubRoomQsTileBaseView: updateSubscreenTileStroke
03-12 23:45:47.095  4205  4205 D SubscreenQsPanelControllerBase: addTile tile.getTileSpec():  record: com.android.systemui.qs.QSPanelControllerBase$TileRecord@c3d41dd mSubscreenRecords.size(): 1
03-12 23:45:47.095  4205  4205 D SubscreenQsPanelControllerBase: adding Tilespec : SoundMode
03-12 23:45:47.095  4205  4205 E SecQSPanelResourcePickHelper: need to prepare suitable picker for COVER
03-12 23:45:47.095  4205  4205 E SecQSPanelResourcePickHelper: need to prepare suitable picker for COVER
03-12 23:45:47.095  4205  4205 E SecQSPanelResourcePickHelper: need to prepare suitable picker for COVER
03-12 23:45:47.095  4360 26295 I MediaCodec: setCodecState state(0), called in 6, domain 1, 1
03-12 23:45:47.095  4205  7690 I DymLock|LockContainerStore: do action : change_folder_state
03-12 23:45:47.095  4205  7690 I DymLock|BaseLockStateContainer: onLockContainerStoreChangeEvent action[folder_change_event]
03-12 23:45:47.095  4205  7690 W DymLock|BaseLockStateContainer: onLockContainerStoreChangeEvent : not dls state
03-12 23:45:47.095  4205  4205 E SecQSPanelResourcePickHelper: need to prepare suitable picker for COVER
03-12 23:45:47.095  4205  4362 D Tile.WifiTile: handleUpdateState isTransient=false transientEnabling =false cb.isTransient=false state.state = 2 mStateBeforeClick.value =false enabled =true
03-12 23:45:47.095  4205  4205 E SecQSPanelResourcePickHelper: need to prepare suitable picker for COVER
03-12 23:45:47.095  4205  4205 D SubRoomQsTileBaseView: updateSubscreenTileStroke
03-12 23:45:47.095  4205  4205 D SubscreenQsPanelControllerBase: addTile tile.getTileSpec():  record: com.android.systemui.qs.QSPanelControllerBase$TileRecord@a750c23 mSubscreenRecords.size(): 2
03-12 23:45:47.095  4205  4205 D SubscreenQsPanelControllerBase: adding Tilespec : Bluetooth
03-12 23:45:47.095  4205  4205 E SecQSPanelResourcePickHelper: need to prepare suitable picker for COVER
03-12 23:45:47.095  4205  4205 E SecQSPanelResourcePickHelper: need to prepare suitable picker for COVER
03-12 23:45:47.095  4205  4205 E SecQSPanelResourcePickHelper: need to prepare suitable picker for COVER
03-12 23:45:47.095  4205  4205 E SecQSPanelResourcePickHelper: need to prepare suitable picker for COVER
03-12 23:45:47.095  4205  4205 E SecQSPanelResourcePickHelper: need to prepare suitable picker for COVER
03-12 23:45:47.095  4205  4205 D SubRoomQsTileBaseView: updateSubscreenTileStroke
03-12 23:45:47.095  4205  4205 D SubscreenQsPanelControllerBase: addTile tile.getTileSpec():  record: com.android.systemui.qs.QSPanelControllerBase$TileRecord@b511ed9 mSubscreenRecords.size(): 3
03-12 23:45:47.095  4205  4205 D SubscreenQsPanelControllerBase: adding Tilespec : AirplaneMode
03-12 23:45:47.095  4205  4205 E SecQSPanelResourcePickHelper: need to prepare suitable picker for COVER
03-12 23:45:47.095  4205  4205 E SecQSPanelResourcePickHelper: need to prepare suitable picker for COVER
03-12 23:45:47.095  4205  4205 E SecQSPanelResourcePickHelper: need to prepare suitable picker for COVER
03-12 23:45:47.095  4205  4205 E SecQSPanelResourcePickHelper: need to prepare suitable picker for COVER
03-12 23:45:47.095  4205  4205 E SecQSPanelResourcePickHelper: need to prepare suitable picker for COVER
03-12 23:45:47.095  4205  4205 D SubRoomQsTileBaseView: updateSubscreenTileStroke
03-12 23:45:47.095  4205  4205 D SubscreenQsPanelControllerBase: addTile tile.getTileSpec():  record: com.android.systemui.qs.QSPanelControllerBase$TileRecord@dc6709e mSubscreenRecords.size(): 4
03-12 23:45:47.095  4205  4205 D SubscreenQsPanelControllerBase: adding Tilespec : Flashlight
03-12 23:45:47.095  4205  4205 E SecQSPanelResourcePickHelper: need to prepare suitable picker for COVER
03-12 23:45:47.095  4205  4205 E SecQSPanelResourcePickHelper: need to prepare suitable picker for COVER
03-12 23:45:47.095  4205  4205 E SecQSPanelResourcePickHelper: need to prepare suitable picker for COVER
03-12 23:45:47.095  4205  4205 E SecQSPanelResourcePickHelper: need to prepare suitable picker for COVER
03-12 23:45:47.095  4205  4205 E SecQSPanelResourcePickHelper: need to prepare suitable picker for COVER
03-12 23:45:47.095  4205  4205 D SubRoomQsTileBaseView: updateSubscreenTileStroke
03-12 23:45:47.095  4205  4205 D SubscreenQsPanelControllerBase: addTile tile.getTileSpec():  record: com.android.systemui.qs.QSPanelControllerBase$TileRecord@c02477f mSubscreenRecords.size(): 5
03-12 23:45:47.095  4205  4205 D SubscreenQsPanelControllerBase: adding Tilespec : MobileData
03-12 23:45:47.095  4205  4205 E SecQSPanelResourcePickHelper: need to prepare suitable picker for COVER
03-12 23:45:47.096  4205  4205 E SecQSPanelResourcePickHelper: need to prepare suitable picker for COVER
03-12 23:45:47.096  4205  4205 E SecQSPanelResourcePickHelper: need to prepare suitable picker for COVER
03-12 23:45:47.096  4205  4205 E SecQSPanelResourcePickHelper: need to prepare suitable picker for COVER
03-12 23:45:47.096  4205  4205 E SecQSPanelResourcePickHelper: need to prepare suitable picker for COVER
03-12 23:45:47.096  4205  4205 D SubRoomQsTileBaseView: updateSubscreenTileStroke
03-12 23:45:47.096  4205  4205 D SubscreenQsPanelControllerBase: addTile tile.getTileSpec():  record: com.android.systemui.qs.QSPanelControllerBase$TileRecord@9fb534c mSubscreenRecords.size(): 6
03-12 23:45:47.096  4205  4205 D SubscreenQsPanelControllerBase: adding Tilespec : custom(com.samsung.android.app.smartcapture/com.samsung.android.app.screenrecorder.view.RecordScreenTile)
03-12 23:45:47.096  4205  4362 D Tile.SoundModeTile: handleUpdateState: profile 0, muteAllSound false
03-12 23:45:47.096  4205  4205 E SecQSPanelResourcePickHelper: need to prepare suitable picker for COVER
03-12 23:45:47.096  4205  4205 E SecQSPanelResourcePickHelper: need to prepare suitable picker for COVER
03-12 23:45:47.096  4205  4205 E SecQSPanelResourcePickHelper: need to prepare suitable picker for COVER
03-12 23:45:47.096  4205  4205 E SecQSPanelResourcePickHelper: need to prepare suitable picker for COVER
03-12 23:45:47.096  4205  4205 E SecQSPanelResourcePickHelper: need to prepare suitable picker for COVER
03-12 23:45:47.096  4205  4205 D SubRoomQsTileBaseView: updateSubscreenTileStroke
03-12 23:45:47.096  4205  4205 D SubscreenQsPanelControllerBase: addTile tile.getTileSpec():  record: com.android.systemui.qs.QSPanelControllerBase$TileRecord@a24f8aa mSubscreenRecords.size(): 7
03-12 23:45:47.096  4205  4205 D SubscreenQsPanelControllerBase: adding Tilespec : custom(com.samsung.android.app.routines/.LifestyleModeTile)
03-12 23:45:47.096  4205  4205 E SecQSPanelResourcePickHelper: need to prepare suitable picker for COVER
03-12 23:45:47.096  4205  4205 E SecQSPanelResourcePickHelper: need to prepare suitable picker for COVER
03-12 23:45:47.096  4205  4205 E SecQSPanelResourcePickHelper: need to prepare suitable picker for COVER
03-12 23:45:47.096  4205  4205 E SecQSPanelResourcePickHelper: need to prepare suitable picker for COVER
03-12 23:45:47.096  4205  4205 E SecQSPanelResourcePickHelper: need to prepare suitable picker for COVER
03-12 23:45:47.096  4205  4205 D SubRoomQsTileBaseView: updateSubscreenTileStroke
03-12 23:45:47.096  4205  4205 D SubscreenQsPanelControllerBase: addTile tile.getTileSpec():  record: com.android.systemui.qs.QSPanelControllerBase$TileRecord@2fddc9b mSubscreenRecords.size(): 8
03-12 23:45:47.096  4205  4205 D SubscreenQsPanelControllerBase: adding Tilespec : Dnd
03-12 23:45:47.096  4205  4205 E SecQSPanelResourcePickHelper: need to prepare suitable picker for COVER
03-12 23:45:47.096  4205  4205 E SecQSPanelResourcePickHelper: need to prepare suitable picker for COVER
03-12 23:45:47.096  4205  4205 E SecQSPanelResourcePickHelper: need to prepare suitable picker for COVER
03-12 23:45:47.096  2092  3859 I SSC_DAEMON: pocketModeOptionDefineEvent:23, 2
03-12 23:45:47.096  4205  4362 D SBluetoothTile:  handleUpdateState enabled = false connected = false connecting = false changedState =false bluetoothState = 10 enabledChanging = false state = QSTile$BooleanState[spec=Bluetooth,icon=ResourceIcon[resId=0x7f080f78],nextIcon=null,iconSupplier=null,label=Bluetooth,secondaryLabel=,contentDescription=Bluetooth,stateDescription=null,dualLabelContentDescription=null,expandedAccessibilityClassName=null,disabledByPolicy=false,dualTarget=true,isTransient=false,handlesSecondaryClick=false,state=1,sideViewCustomDrawable=null,tileClassName=null,value=false,forceExpandIcon=false]
03-12 23:45:47.096  4205  4205 E SecQSPanelResourcePickHelper: need to prepare suitable picker for COVER
03-12 23:45:47.096  4832  2333 I HoneySpace.Memory-Monitor: current state = 1, didTrim = false
03-12 23:45:47.096  4832  2333 I HoneySpace.Memory-Monitor: onDisplayStateChanged lastChangedDisplayState = 1
03-12 23:45:47.096  4205  4205 E SecQSPanelResourcePickHelper: need to prepare suitable picker for COVER
03-12 23:45:47.096  4205  4205 D SubRoomQsTileBaseView: updateSubscreenTileStroke
03-12 23:45:47.096  4205  4205 D SubscreenQsPanelControllerBase: addTile tile.getTileSpec():  record: com.android.systemui.qs.QSPanelControllerBase$TileRecord@4c6d011 mSubscreenRecords.size(): 9
03-12 23:45:47.096  4205  4205 D SubscreenQsPanelControllerBase: setTiles 
03-12 23:45:47.096  4205  4205 D SubscreenQsPanelControllerBase: adding Tilespec : Wifi
03-12 23:45:47.096  4205  4205 E SecQSPanelResourcePickHelper: need to prepare suitable picker for COVER
03-12 23:45:47.096  4832  2333 I HoneySpace.Memory-Monitor: no default Display - 1
03-12 23:45:47.096  4205  4205 E SecQSPanelResourcePickHelper: need to prepare suitable picker for COVER
03-12 23:45:47.096  4832  2333 I HoneySpace.Memory-Monitor: current state = 1, didTrim = true
03-12 23:45:47.096  4205  4205 E SecQSPanelResourcePickHelper: need to prepare suitable picker for COVER
03-12 23:45:47.096  4205  4205 E SecQSPanelResourcePickHelper: need to prepare suitable picker for COVER
03-12 23:45:47.096  4205  4205 E SecQSPanelResourcePickHelper: need to prepare suitable picker for COVER
03-12 23:45:47.096  4205  4205 D SubRoomQsTileBaseView: updateSubscreenTileStroke
03-12 23:45:47.096  4205  4205 D SubscreenQsPanelControllerBase: addTile tile.getTileSpec():  record: com.android.systemui.qs.QSPanelControllerBase$TileRecord@a31f576 mSubscreenRecords.size(): 1
03-12 23:45:47.096  4205  4205 D SubscreenQsPanelControllerBase: adding Tilespec : SoundMode
03-12 23:45:47.096  4205  4205 E SecQSPanelResourcePickHelper: need to prepare suitable picker for COVER
03-12 23:45:47.096  4205  4205 E SecQSPanelResourcePickHelper: need to prepare suitable picker for COVER
03-12 23:45:47.096  4205  4205 E SecQSPanelResourcePickHelper: need to prepare suitable picker for COVER
03-12 23:45:47.096  4205  4205 E SecQSPanelResourcePickHelper: need to prepare suitable picker for COVER
03-12 23:45:47.096  4205  4205 E SecQSPanelResourcePickHelper: need to prepare suitable picker for COVER
03-12 23:45:47.096  4205  4205 D SubRoomQsTileBaseView: updateSubscreenTileStroke
03-12 23:45:47.096  4205  4205 D SubscreenQsPanelControllerBase: addTile tile.getTileSpec():  record: com.android.systemui.qs.QSPanelControllerBase$TileRecord@f53a777 mSubscreenRecords.size(): 2
03-12 23:45:47.096  4205  4205 D SubscreenQsPanelControllerBase: adding Tilespec : Bluetooth
03-12 23:45:47.096  4205  4205 E SecQSPanelResourcePickHelper: need to prepare suitable picker for COVER
03-12 23:45:47.096  4832  4832 I VRI[RecentsTransitionOverlay]@4784a59: onDisplayChanged oldDisplayState=2 newDisplayState=1
03-12 23:45:47.096  4205  4205 E SecQSPanelResourcePickHelper: need to prepare suitable picker for COVER
03-12 23:45:47.096  4205  4205 E SecQSPanelResourcePickHelper: need to prepare suitable picker for COVER
03-12 23:45:47.096  4205  4205 E SecQSPanelResourcePickHelper: need to prepare suitable picker for COVER
03-12 23:45:47.096  4205  4205 E SecQSPanelResourcePickHelper: need to prepare suitable picker for COVER
03-12 23:45:47.096  4205  4205 D SubRoomQsTileBaseView: updateSubscreenTileStroke
03-12 23:45:47.096  4205  4205 D SubscreenQsPanelControllerBase: addTile tile.getTileSpec():  record: com.android.systemui.qs.QSPanelControllerBase$TileRecord@aebfe4 mSubscreenRecords.size(): 3
03-12 23:45:47.096  4205  4205 D SubscreenQsPanelControllerBase: adding Tilespec : AirplaneMode
03-12 23:45:47.096  4205  4205 E SecQSPanelResourcePickHelper: need to prepare suitable picker for COVER
03-12 23:45:47.096  4205  4205 E SecQSPanelResourcePickHelper: need to prepare suitable picker for COVER
03-12 23:45:47.096  4205  4205 E SecQSPanelResourcePickHelper: need to prepare suitable picker for COVER
