03-12 23:41:16.584  2092  2092 I SSC_DAEMON: physicalSensorTestReqMsg:162, 0.algo_id:26, num:1
03-12 23:41:16.584  4360  4776 I SprWallpaper|FoldInteractive: resetFrame : onSeekComplete
03-12 23:41:16.584  4360  4776 I SprWallpaper|FoldInteractive: resetFrame : before release. elapsed=124
03-12 23:41:16.584  4360  4776 I SprWallpaper|VideoPlayer: release : needReset = true
03-12 23:41:16.584  4360 17883 I CCodec  : [c2.qti.hevc.decoder] state->set(RELEASING)
03-12 23:41:16.585  2007  3645 I sensors-hal: qsh_conn_event_cb:857, SCHED_FIFO(10) for qmi_cbk
03-12 23:41:16.585  4360 17916 I CCodec  : [release][3409] surface -> component
03-12 23:41:16.585  2007  3645 I sensors-hal: qsh_conn_event_cb:890, event[0] sensor:Pocket mode  Wakeup, msg_id=715, ts=3849261910744
03-12 23:41:16.585  2007  3645 E libprotobuf-native: [libprotobuf ERROR external/protobuf/src/google/protobuf/message_lite.cc:133] Can't parse message of type "sns_std_sensor_event" because it is missing required fields: (cannot determine missing fields for lite message)
03-12 23:41:16.586  2007  2007 I sensors-hal: activate:300, com.samsung.sensor.light_seamless/1782 en=0
03-12 23:41:16.586  2007  2007 I sensors-hal: send_sync_sensor_request:508, send sync request
03-12 23:41:16.586  2007  2007 I sensors-hal: send_sync_sensor_request:518, send_sync_sensor_request before send_request for light_seamless with SUID low=11039298318857557060 high=1340270623893619472
03-12 23:41:16.586  2007  2007 I sensors-hal: send_sync_sensor_request:537, wait for notification of response
03-12 23:41:16.586  2022  2124 I HYPER-HAL: [RequestManager.cpp]releaseLocked(): Released ID : 20540874
03-12 23:41:16.586  2007  3645 I sensors-hal: qsh_conn_resp_cb:930, resp_value = 0 for light_seamless 
03-12 23:41:16.586  2007 12669 I sensors-hal: handle_sns_client_event:142, auto_rotation_event same event skip, type:2
03-12 23:41:16.587  2007 12669 I sensors-hal: handle_sns_client_event:159, auto_rotation_event_2 event,0, duration,508, ts,200477152525488, ts_diff,247277
03-12 23:41:16.587  2007 12669 I sensors-hal: handle_sns_client_event:170, auto_rotation_debug_2 acc,-3.230,9.236,1.431, ar,0, h_ic,0,0, s,2, ver,14, pedo,1,e,1,i,3
03-12 23:41:16.587  5393  6882 I bt_shim_scanner: system/main/shim/le_scanning_manager.cc:197 ScanFilterParamSetup: in shim layer, clientIf=1
03-12 23:41:16.587  2007  2007 I sensors-hal: send_sync_sensor_request:543, takes 1 ms to receive the response with 0
03-12 23:41:16.587  2007  2007 I sensors-hal: activate:330, com.samsung.sensor.light_seamless/1782 en=0 completed
03-12 23:41:16.587  2092  3859 I SSC_DAEMON: pocketModeOptionDefineEvent:23, 2
03-12 23:41:16.588  2007  2007 I sensors-hal: activate:300, android.sensor.device_orientation/271 en=0
03-12 23:41:16.588  2007  2007 I sensors-hal: deactivate:283, auto_rotation: 1, type 2
03-12 23:41:16.588  2007  2007 I sensors-hal: send_sync_sensor_request:508, send sync request
03-12 23:41:16.588  2007  2007 I sensors-hal: send_sync_sensor_request:518, send_sync_sensor_request before send_request for auto_rotation with SUID low=8603657889541918976 high=1320970896291267344
03-12 23:41:16.588  4184  4797 D SatelliteController: handleCmdUpdateNtnSignalStrengthReporting: ignore request, satellite is disabled
03-12 23:41:16.588  2007  2007 I sensors-hal: send_sync_sensor_request:537, wait for notification of response
03-12 23:41:16.588  2007 12669 I sensors-hal: qsh_conn_resp_cb:930, resp_value = 0 for auto_rotation 
03-12 23:41:16.588  2007  2007 I sensors-hal: send_sync_sensor_request:543, takes 0 ms to receive the response with 0
03-12 23:41:16.588  2007  2007 I sensors-hal: activate:330, android.sensor.device_orientation/271 en=0 completed
03-12 23:41:16.588  2053 17895 I QC2CompStore: Setting heap usage to system
03-12 23:41:16.588  1993  1993 D vendor.qti.bluetooth@1.1-wake_lock: Acquire wakelock is acquired 
03-12 23:41:16.588  1993  1993 I vendor.qti.bluetooth@1.1-ibs_handler: DeviceWakeUp: Writing IBS_WAKE_IND
03-12 23:41:16.589  5393  6882 E ScanManager: [GSIM LOG]: gsimLogHandler, msg: MESSAGE_SCAN_STOP, appName: com.google.android.gms, scannerId: 1, reportDelayMillis=0
03-12 23:41:16.589  6103  6103 W ContextImpl: Calling a method in the system process without a qualified user: android.app.ContextImpl.startService:2068 android.content.ContextWrapper.startService:872 android.content.ContextWrapper.startService:872 com.sec.android.diagmonagent.sa.receiver.CFLogReceiver.onReceive:56 android.app.ActivityThread.handleReceiver:5663 
03-12 23:41:16.589  5393  5404 I bt_shim_scanner: system/main/shim/le_scanning_manager.cc:141 Unregister: in shim layer, scannerId=5
03-12 23:41:16.589  4205  4205 D SensorManager: unregisterListener
03-12 23:41:16.589  4205  4205 D KeyguardEditModeController: onFolderStateChangedfalse
03-12 23:41:16.589  4205  4205 D KeyguardEditModeController: cancel() true
03-12 23:41:16.589  4205  4205 D SubScreenManager: onFolderStateChanged() opened = false
03-12 23:41:16.589  4205  4205 I SubLauncher:SubLauncherPluginImpl@102487053: onFolderStateChanged: isFolderOpened=false
03-12 23:41:16.589  4205  4205 I SubLauncher:SubLauncherStateManager@232606011: setFoldClosed: false -> true
03-12 23:41:16.589  4205  4205 I SubLauncher:SubLauncherClockController@19943652: onStartedWakingUp: isSuspendPending = true, isFolderClosed = true
03-12 23:41:16.589  4205  4205 I SubLauncher:SubLauncherHome@253272580: onCoverScreenOn: true
03-12 23:41:16.589  4205  4205 I SubLauncher:SubLauncherHome@253272580: restorePage
03-12 23:41:16.589  4205  4205 I SubLauncher:SubLauncherSeamlessAOD@129222420: onStartedWakingUpOnCover
03-12 23:41:16.589  4205  4205 I SubLauncher:SubLauncherStateManager@232606011: setAODVisibleState: INVISIBLE -> INITIALIZED
03-12 23:41:16.589  4205  4205 I SubLauncher:BouncerViewController@120397705: set fontColor with isBlackWallpaper
03-12 23:41:16.590  4205  4205 I SubLauncher:SubLauncherClockController@19943652: observe: suspendState false
03-12 23:41:16.590  4205  4205 I AODAlarmTimer_SUB_CLOCK_TICK: setAlarm: expiration = 03/12/2026 23:42
03-12 23:41:16.590  5393  6882 I bt_shim_scanner: system/main/shim/le_scanning_manager.cc:197 ScanFilterParamSetup: in shim layer, clientIf=5
03-12 23:41:16.590  3003  3911 D SensorService: setSContextDataLocked ints length 3 , byte length 5
03-12 23:41:16.590  3003  3911 D SensorService: setSContextDataLocked 29030ec1
03-12 23:41:16.591  2007  2007 I sensors-hal: inject_sensor_data:407, handle 1502 send inject
03-12 23:41:16.591  2007  2007 I sensors-hal: sendContextData:290, sensor hal 5, (0xc1, 0xe, 0x3, 0x29)
03-12 23:41:16.591  2007  2007 I sensors-hal: sendContextData:230, activities 5 c1, 1
03-12 23:41:16.591  2007  2007 I sensors-hal: sendUserData:251, Activities cmd 0xc1 0xe
03-12 23:41:16.591  2007  2007 I sensors-hal: sendUserData:265, Activities system time h 3 m 41 s 16
03-12 23:41:16.591  2007  2007 I sensors-hal: create_send_context_data:80, sending create_send_context_data
03-12 23:41:16.591  2007  2007 I sensors-hal: send_context_data:694, activities, 4914309220830019584, 1320970896291267344, msgid:700
03-12 23:41:16.591  2007  2007 I sensors-hal: sendContextData:114, common_info 5
03-12 23:41:16.591  2007  2007 I sensors-hal: sendUserData:137, CommonInfo 0xc1 0xe 0x3 0x29
03-12 23:41:16.591  2007  2007 I sensors-hal: create_send_context_data:70, sending create_send_context_data
03-12 23:41:16.591  2007  2007 I sensors-hal: send_context_data:694, common_info, 4914309147815575552, 1320970896291267344, msgid:700
03-12 23:41:16.591  4205  4205 I ModuleClockView_SUB_LAUNCHER_1@80: suspend : mSuspend = true, enable = false
03-12 23:41:16.591  4205  4205 I ModuleClockView_SUB_LAUNCHER_1@80: onSuspendStateChanged: to false
03-12 23:41:16.591  2007  3909 I sensors-hal: qsh_conn_resp_cb:930, resp_value = 0 for activities 
03-12 23:41:16.591 16161  5236 I NearbySharing: Stopped scanning for FastInitiation
03-12 23:41:16.591  3003  3067 D SensorManager: unregisterListener :: com.android.server.display.mode.DisplayModeDirector$BrightnessObserver$LightSensorEventListener@b4fe971
03-12 23:41:16.591  2007  3909 I sensors-hal: qsh_conn_resp_cb:930, resp_value = 0 for common_info 
03-12 23:41:16.592  6103  6103 W ContextImpl: Calling a method in the system process without a qualified user: android.app.ContextImpl.startService:2068 android.content.ContextWrapper.startService:872 android.content.ContextWrapper.startService:872 com.sec.android.diagmonagent.sa.receiver.CFLogReceiver.onReceive:56 android.app.ActivityThread.handleReceiver:5663 
03-12 23:41:16.592  4205  4205 I ModuleClockView_SUB_LAUNCHER_1@80: onTimeChanged : [DateTimeInfo : date = Thu, March 12, hourMin = 11:41, hourMinSec = , hour = 11, minute = 41, amPm  = PM, colon = :, second = , timezone = null, isLeftOfAmPm = false, ttsDate = Thursday, March 12], timeInMillis = 1773373276592
03-12 23:41:16.592  4205  4205 I ModuleClockView_SUB_LAUNCHER_1@80: updatePaletteItemTransition : paletteItem = SOLID color : FF4E2A23, animation = false, dozeAmount = 0.0
03-12 23:41:16.592 16161  5236 I NearbySharing: Fast Initiation Scanning has stopped
03-12 23:41:16.592 16161  5236 I NearbySharing: Dismissing HUN as there's no device nearby.
03-12 23:41:16.592  4205  4205 I DigitalVerticalClockView_SUB_LAUNCHER_1@57: suspend : mSuspend = true, enable = false
03-12 23:41:16.592  4205  4205 I DigitalVerticalClockView_SUB_LAUNCHER_1@57: onSuspendStateChanged: to false
03-12 23:41:16.593  4205  4362 D DeviceState: isESIM() :0 : false
03-12 23:41:16.593  5393  6882 I bt_shim_scanner: system/main/shim/le_scanning_manager.cc:197 ScanFilterParamSetup: in shim layer, clientIf=5
03-12 23:41:16.593  2071  2129 I sysinput:aidl: onReportInformation:93, 1, enabled@1,0:0
03-12 23:41:16.593  2071  2129 I sysinput:Touch1: operator():132, 1,0 OK
03-12 23:41:16.594  4205  4205 I DigitalVerticalClockView_SUB_LAUNCHER_1@57: onTimeChanged : [DateTimeInfo : date = Thu, March 12, hourMin = 11:41, hourMinSec = , hour = 11, minute = 41, amPm  = PM, colon = :, second = , timezone = null, isLeftOfAmPm = false, ttsDate = Thursday, March 12], timeInMillis = 1773373276592
03-12 23:41:16.594  4205  4205 I DigitalVerticalClockView_SUB_LAUNCHER_1@57: updatePaletteItemTransition : paletteItem = SOLID color : FF4E2A23, animation = false, dozeAmount = 0.0
03-12 23:41:16.594  5393  6882 E ScanManager: [GSIM LOG]: gsimLogHandler, msg: MESSAGE_SCAN_STOP, appName: com.google.android.gms, scannerId: 5, reportDelayMillis=0
03-12 23:41:16.594 15873 15873 I PkDeviceHelper: PkDeviceHelper.refreshDevices():87 refreshing devices
03-12 23:41:16.594  4205  4205 I SubLauncher:SubLauncherStateManager@232606011: setGraphicClockStatusBarFontColorType: NONE -> NONE
03-12 23:41:16.594  3003  3067 D RefreshRateModeManager: onBrightnessChanged: brt=0, lux=-1.0
03-12 23:41:16.594  3003  3067 D RefreshRateModeManager: set fix=0, brightness=0, lux=-1.0, mIsWirelessCharging=false
03-12 23:41:16.594  4205  4205 I NotificationIconsOnlyContainer: updateIconColor() : B3000000, 
03-12 23:41:16.594  3003  3067 D RefreshRateModeManager: setPassiveMode=false, brightness=0, lux=-1.0, PassiveModeToken=false
03-12 23:41:16.594  4205  4205 D PluginAODManager: requestVisibleNotifications()
03-12 23:41:16.595  4205  4205 I AODNotificationManager: setTagId() 2131365301
03-12 23:41:16.595  4205  4205 I LockscreenNotificationManager: refreshLockScreenNotifications: AOD_REQUEST_NOTIFICATIONS
03-12 23:41:16.595  3003  3067 I RefreshRateModeManager: Schedule to change HFRmode=REFRESH_RATE_MODE_SEAMLESS, mDisplayToken=android.os.BinderProxy@7f742aa
03-12 23:41:16.595  3003  3067 I RefreshRateModeManager:     -1:
03-12 23:41:16.595  3003  3067 I RefreshRateModeManager:       PRIORITY_REFRESH_RATE_MODE -> CombinedVote{ mVotes=[PhysicalVote{ RefreshRateVote{  mMinRefreshRate=10.0, mMaxRefreshRate=120.0 } }, DisableRefreshRateSwitchingVote{ mDisableRefreshRateSwitching=false }] }
03-12 23:41:16.595  3003  3067 I RefreshRateModeManager:     0:
03-12 23:41:16.595  3003  3067 I RefreshRateModeManager:       PRIORITY_USER_SETTING_PEAK_RENDER_FRAME_RATE -> RenderVote{ RefreshRateVote{  mMinRefreshRate=0.0, mMaxRefreshRate=120.0 } }
03-12 23:41:16.595  3003  3067 I RefreshRateModeManager:       PRIORITY_USER_SETTING_PEAK_REFRESH_RATE -> CombinedVote{ mVotes=[PhysicalVote{ RefreshRateVote{  mMinRefreshRate=0.0, mMaxRefreshRate=120.0 } }, DisableRefreshRateSwitchingVote{ mDisableRefreshRateSwitching=false }] }
03-12 23:41:16.595  3003  3067 I RefreshRateModeManager:       PRIORITY_APP_REQUEST_RENDER_FRAME_RATE_RANGE -> RenderVote{ RefreshRateVote{  mMinRefreshRate=60.0, mMaxRefreshRate=Infinity } }
03-12 23:41:16.595  3003  3067 I RefreshRateModeManager:       PRIORITY_USER_SETTING_MIN_RENDER_FRAME_RATE -> RenderVote{ RefreshRateVote{  mMinRefreshRate=0.0, mMaxRefreshRate=Infinity } }
03-12 23:41:16.595  3003  3067 I RefreshRateModeManager:     1:
03-12 23:41:16.595  3003  3067 I RefreshRateModeManager:       PRIORITY_USER_SETTING_PEAK_RENDER_FRAME_RATE -> RenderVote{ RefreshRateVote{  mMinRefreshRate=0.0, mMaxRefreshRate=120.0 } }
03-12 23:41:16.595  3003  3067 I RefreshRateModeManager:       PRIORITY_USER_SETTING_PEAK_REFRESH_RATE -> CombinedVote{ mVotes=[PhysicalVote{ RefreshRateVote{  mMinRefreshRate=0.0, mMaxRefreshRate=120.0 } }, DisableRefreshRateSwitchingVote{ mDisableRefreshRateSwitching=false }] }
03-12 23:41:16.595  3003  3067 I RefreshRateModeManager:       PRIORITY_USER_SETTING_MIN_RENDER_FRAME_RATE -> RenderVote{ RefreshRateVote{  mMinRefreshRate=0.0, mMaxRefreshRate=Infinity } }
03-12 23:41:16.595  3003  3067 I RefreshRateModeManager: 
03-12 23:41:16.595  3003  3067 I RefreshRateModeManager:  mModeSwitchingType: SWITCHING_TYPE_WITHIN_GROUPS mAlwaysRespectAppRequest: false
03-12 23:41:16.595  3003  3067 I RefreshRateModeManager:  Current Mode mReportedRefreshRateMode(toSurfaceFlinger)=REFRESH_RATE_MODE_SEAMLESS, mRefreshRateMode(fromSettings)=REFRESH_RATE_MODE_SEAMLESS
03-12 23:41:16.595  3003  3067 I RefreshRateModeManager:  BrightnessState mPassive=false, PassiveModeToken=false, mLfd=0, mBrightness=0, mAmbientLux=-1.0, mIsWirelessCharing=false
03-12 23:41:16.595  4205  4205 I SubLauncher:SubLauncherStateManager@232606011: setNotiCountText: 6 -> 
03-12 23:41:16.595  4205  4205 I SubLauncher:SubLauncherNotificationIconsOnlyController: clockView or notiCount is changed set notiCount=
03-12 23:41:16.595  4205  4205 I SubLauncher:SubLauncherClockStatusBarController@43446542: batteryVisible:8 isFolderClosed:true batteryVisibility:8 isInformativeClock:false showInformativeAODBattery:false isDozing:false isChargingVIProcessing:false curIsChargingVIProcessing:false
03-12 23:41:16.595  4205  4205 I SubLauncher:SubLauncherClockStatusBarController@43446542: updateBatteryVisibility curIsChargingVIProcessing:false isChargingVIProcessing:false isCharging:true batteryVisible:8
03-12 23:41:16.595  4205  4205 I SubLauncher:SubLauncherClockController@19943652: onTick()
03-12 23:41:16.595  4205  4205 I ModuleClockView_SUB_LAUNCHER_1@80: refresh : true
03-12 23:41:16.595  4205  4205 I ModuleClockView_SUB_LAUNCHER_1@80: onTimeChanged : [DateTimeInfo : date = Thu, March 12, hourMin = 11:41, hourMinSec = , hour = 11, minute = 41, amPm  = PM, colon = :, second = , timezone = null, isLeftOfAmPm = false, ttsDate = Thursday, March 12], timeInMillis = 1773373276595
03-12 23:41:16.595  4205  4205 I ModuleClockView_SUB_LAUNCHER_1@80: updatePaletteItemTransition : paletteItem = SOLID color : FF4E2A23, animation = false, dozeAmount = 0.0
03-12 23:41:16.595  4205  4205 I DigitalVerticalClockView_SUB_LAUNCHER_1@57: refresh : true
03-12 23:41:16.595  3003  3067 D SurfaceControl: notifyHFRmode, displayToken=android.os.BinderProxy@7f742aa, hfrMode=REFRESH_RATE_MODE_SEAMLESS
03-12 23:41:16.595  2105  2324 I SurfaceFlinger: [4630946564756762243] HFR mode : 1
03-12 23:41:16.596  4205  4205 I DigitalVerticalClockView_SUB_LAUNCHER_1@57: onTimeChanged : [DateTimeInfo : date = Thu, March 12, hourMin = 11:41, hourMinSec = , hour = 11, minute = 41, amPm  = PM, colon = :, second = , timezone = null, isLeftOfAmPm = false, ttsDate = Thursday, March 12], timeInMillis = 1773373276595
03-12 23:41:16.596  4205  4205 I DigitalVerticalClockView_SUB_LAUNCHER_1@57: updatePaletteItemTransition : paletteItem = SOLID color : FF4E2A23, animation = false, dozeAmount = 0.0
03-12 23:41:16.596  4205  4205 I SubScreenPositionControllerImpl[SUB_CLOCK_AOD]: updatePosition: skipped(SUB_CLOCK_AOD) : time diff = 38333
03-12 23:41:16.596  4205  4205 I SubScreenPositionControllerImpl[SUB_CLOCK_AOD]: getRandomFinalPosition() [-2,22]
03-12 23:41:16.596  4205  4205 I SubLauncher:SubLauncherStateManager@232606011: setClockDozePosition: Point(-2, 22) -> Point(-2, 22)
03-12 23:41:16.596  4205  4205 I SubScreenPositionControllerImpl[SUB_STATUS_BAR_NOTI]: updatePosition: skipped(SUB_STATUS_BAR_NOTI) : time diff = 38333
03-12 23:41:16.596  4205  4205 I SubScreenPositionControllerImpl[SUB_STATUS_BAR_BATTERY]: updatePosition: skipped(SUB_STATUS_BAR_BATTERY) : time diff = 38333
03-12 23:41:16.596  4205  4205 I SubScreenPositionControllerImpl[SUB_STATUS_BAR_NOTI]: getRandomFinalPosition() [21,4]
03-12 23:41:16.596  4205  4205 I SubScreenPositionControllerImpl[SUB_STATUS_BAR_BATTERY]: setFinalPositionY(4) Point(-12, 4) -> Point(-12, 4)
03-12 23:41:16.596  4205  4205 I SubScreenPositionControllerImpl[SUB_STATUS_BAR_NOTI]: getRandomFinalPosition() [21,4]
03-12 23:41:16.596  4205  4205 I SubLauncher:SubLauncherStateManager@232606011: setNIODozePosition: Point(21, 4) -> Point(21, 4)
03-12 23:41:16.596  4205  4205 I SubScreenPositionControllerImpl[SUB_STATUS_BAR_BATTERY]: getRandomFinalPosition() [-12,4]
03-12 23:41:16.596  4205  4205 I SubLauncher:SubLauncherStateManager@232606011: setBatteryDozePosition: Point(-12, 4) -> Point(-12, 4)
03-12 23:41:16.596  4205  4205 I SubLauncher:SubLauncherNotificationIndicatorViewController@50422211: onTick
03-12 23:41:16.596  4205  4205 I SubScreenPositionControllerImpl[SUB_NOTI_INDICATOR]: updatePosition: skipped(SUB_NOTI_INDICATOR) : time diff = 39748
03-12 23:41:16.596  4205  4205 I SubScreenPositionControllerImpl[SUB_NOTI_INDICATOR]: getRandomFinalPosition() [7,10]
03-12 23:41:16.596  1993  6685 I vendor.qti.bluetooth@1.1-ibs_handler: ProcessIbsCmd: Received IBS_WAKE_ACK: 0xFC
03-12 23:41:16.596  1993  6685 I vendor.qti.bluetooth@1.1-ibs_handler: ProcessIbsCmd: Signal wack_cond_
03-12 23:41:16.596  4205  4205 I ClockNonePaddingTextView: fixFontType: [1] fontType=0, fontVariationSettings='wght' 700, 'RNDN' 20
03-12 23:41:16.596  1993  1993 D vendor.qti.bluetooth@1.1-ibs_handler: DeviceWakeUp: Unblocked from waiting for FC, pthread_cond_timedwait ret = 0
03-12 23:41:16.596  4205  4205 I ClockNonePaddingTextView: updateTypeface() [VARIABLE] isVariableClockFont=true usePreciseMeasure=false builderFontType=802 originalFontType=802 flipfont=0 fontWeight=0 fixedFontType=0 fixedTypeface=false fixedFontVariationSettings='wght' 700, 'RNDN' 20
03-12 23:41:16.596  4205  4205 I ClockNonePaddingTextView: fixFontType: [1] fontType=0, fontVariationSettings='wght' 700, 'RNDN' 20
03-12 23:41:16.596  5393  5832 I bluetooth: system/gd/hci/le_scanning_manager.cc:765 stop_scan: Scanning already stopped, return!
03-12 23:41:16.596  4205  4205 I ClockNonePaddingTextView: updateTypeface() [VARIABLE] isVariableClockFont=true usePreciseMeasure=false builderFontType=802 originalFontType=802 flipfont=0 fontWeight=0 fixedFontType=0 fixedTypeface=false fixedFontVariationSettings='wght' 700, 'RNDN' 20
03-12 23:41:16.596  5393  5832 W bluetooth: system/gd/hci/le_scanning_manager.cc:732 start_scan: start_scan
03-12 23:41:16.596  5393  5832 W bluetooth: system/gd/hci/le_scanning_manager.cc:735 start_scan: Register address manager
03-12 23:41:16.596  4205  4205 I ClockNonePaddingTextView: fixFontType: [4] fontType=0, fontVariationSettings='wght' 700, 'RNDN' 20
03-12 23:41:16.596  5393  5832 W bluetooth: system/gd/hci/le_scanning_manager.cc:697 unregister_scanner: unregister_scanner
03-12 23:41:16.596  5393  5832 I bluetooth: system/gd/hci/le_address_manager.cc:581 GetNextPrivateAddressIntervalRange: client=LeAddressManager, nonwake=7m50s, wake=14m29s
03-12 23:41:16.596  5393  5832 I bluetooth: system/gd/hci/le_address_manager.cc:259 register_client: Scheduled address rotation for first client registered
03-12 23:41:16.596  5393  5832 I bluetooth: system/gd/hci/le_address_manager.cc:263 register_client: Client registered
03-12 23:41:16.596  5393  5832 W bluetooth: system/gd/hci/le_scanning_manager.cc:697 unregister_scanner: unregister_scanner
03-12 23:41:16.596  4205  4205 I ClockNonePaddingTextView: updateTypeface() [VARIABLE] isVariableClockFont=true usePreciseMeasure=false builderFontType=802 originalFontType=802 flipfont=0 fontWeight=0 fixedFontType=0 fixedTypeface=false fixedFontVariationSettings='wght' 700, 'RNDN' 20
03-12 23:41:16.596  4205  4205 I ClockNonePaddingTextView: fixFontType: [1] fontType=0, fontVariationSettings='wght' 700, 'RNDN' 20
03-12 23:41:16.596  3003  3911 D SensorService: setSContextDataLocked ints length 2 , byte length 4
03-12 23:41:16.596  3003  3911 D SensorService: setSContextDataLocked 47c1
03-12 23:41:16.596  3003  3911 I SensorService: [EARPROXIMITY] EarProximitySensor2 screen 0
03-12 23:41:16.596  4205  4205 I ClockNonePaddingTextView: updateTypeface() [VARIABLE] isVariableClockFont=true usePreciseMeasure=false builderFontType=802 originalFontType=802 flipfont=0 fontWeight=0 fixedFontType=0 fixedTypeface=false fixedFontVariationSettings='wght' 700, 'RNDN' 20
03-12 23:41:16.596  4205  4205 I ModuleClockView_SUB_LAUNCHER_1@80: refresh : true
03-12 23:41:16.596  4205  4205 I ModuleClockView_SUB_LAUNCHER_1@80: onTimeChanged : [DateTimeInfo : date = Thu, March 12, hourMin = 11:41, hourMinSec = , hour = 11, minute = 41, amPm  = PM, colon = :, second = , timezone = null, isLeftOfAmPm = false, ttsDate = Thursday, March 12], timeInMillis = 1773373276596
03-12 23:41:16.596  4205  4205 I ModuleClockView_SUB_LAUNCHER_1@80: updatePaletteItemTransition : paletteItem = SOLID color : FF4E2A23, animation = false, dozeAmount = 0.0
03-12 23:41:16.597  4205  4205 I DigitalVerticalClockView_SUB_LAUNCHER_1@57: refresh : true
03-12 23:41:16.597  4205  4362 D DeviceState: isEuicc() :1 : true
03-12 23:41:16.597  4205  4362 D Tile.AirplaneModeTile:  handleUpdateState mIsWiFiOnlyDevice false isNoSimState true isPowerOffServiceState true mSetting.getValue() 0 isSatelliteModeOn false isChinaDevice false
03-12 23:41:16.597  4205  4362 D Tile.AirplaneModeTile:  handleUpdateState:  value = false, state = 1
03-12 23:41:16.597  4205  4205 I DigitalVerticalClockView_SUB_LAUNCHER_1@57: onTimeChanged : [DateTimeInfo : date = Thu, March 12, hourMin = 11:41, hourMinSec = , hour = 11, minute = 41, amPm  = PM, colon = :, second = , timezone = null, isLeftOfAmPm = false, ttsDate = Thursday, March 12], timeInMillis = 1773373276597
03-12 23:41:16.597  4205  4205 I DigitalVerticalClockView_SUB_LAUNCHER_1@57: updatePaletteItemTransition : paletteItem = SOLID color : FF4E2A23, animation = false, dozeAmount = 0.0
03-12 23:41:16.597  1993  6685 I vendor.qti.bluetooth@1.1-ibs_handler: ProcessIbsCmd: Received IBS_WAKE_IND: 0xFD
03-12 23:41:16.597  1993  6685 I vendor.qti.bluetooth@1.1-ibs_handler: ProcessIbsCmd: Writing IBS_WAKE_ACK
03-12 23:41:16.598  4205  4205 I SubLauncher:SubLauncherNowBarController@192055129: isFolderClosed = true
03-12 23:41:16.598  4205  4205 I SubLauncher:SubLauncherNowBarController@192055129: applyViewState true finishedDecoration true isFolderClosed true
03-12 23:41:16.598  4205  4205 I NowBarItemManager: getVisibleMainItemList = aod.o5.s:71 aod.Tw0.B:16 com.samsung.android.app.facewidget.domain.NowBarItemManager.i:6 aod.e11.c:8 com.samsung.android.app.sublauncher.presentation.plugin.controller.nowbar.SubLauncherNowBarController.applyViewState:136 com.samsung.android.app.sublauncher.presentation.plugin.controller.nowbar.SubLauncherNowBarController.access$applyViewState:0 aod.N01.invokeSuspend:21 aod.N01.invoke:15 aod.UK.invokeSuspend:618 aod.UK.f:120 aod.xk.invokeSuspend:34 aod.xk.invoke:12 aod.x5.start:57 aod.rd.K:23 aod.rd.L:12 
03-12 23:41:16.598  4205  4205 I NowBarItemManager: getVisibleList isScreenTurnedOn = true / aodShowState false shouldControlScreenOff false visibleList size = 1
03-12 23:41:16.598  4205  4205 I NowBarItemManager: visibleList idx=0, , AI_BRIEF_KEY, AI_BRIEF | 7
03-12 23:41:16.598  4205  4205 I SubLauncher:SubLauncherStateManager@232606011: setNowBarVisible: false -> true
03-12 23:41:16.598  4205  4362 D Tile.MobileDataTile: handleUpdateState : state false
03-12 23:41:16.598  4205  4205 I SubLauncher:SubLauncherClockPositionController@72316410: isThickFontType() fontType=0
03-12 23:41:16.598  4205  4362 E SecQSPanelResourcePickHelper: need to prepare suitable picker for COVER
03-12 23:41:16.598  4205  4362 E SecQSPanelResourcePickHelper: need to prepare suitable picker for COVER
03-12 23:41:16.599  2007  2007 I sensors-hal: inject_sensor_data:407, handle 1502 send inject
03-12 23:41:16.599  4205  4362 D Tile.DndTile: handleUpdateState zen 0  state = QSTile$BooleanState[spec=Dnd,icon=ResourceIcon[resId=0x7f080f7d],nextIcon=null,iconSupplier=null,label=Do not disturb,secondaryLabel=null,contentDescription=null,stateDescription=null,dualLabelContentDescription=null,expandedAccessibilityClassName=null,disabledByPolicy=false,dualTarget=true,isTransient=false,handlesSecondaryClick=false,state=1,sideViewCustomDrawable=null,tileClassName=null,value=false,forceExpandIcon=false]
03-12 23:41:16.599  2007  2007 I sensors-hal: sendContextData:290, sensor hal 4, (0xc1, 0x47, 0x0, 0x0)
03-12 23:41:16.599  2007  2007 I sensors-hal: sendContextData:230, activities 4 c1, 1
03-12 23:41:16.599  2007  2007 I sensors-hal: sendUserData:251, Activities cmd 0xc1 0x47
03-12 23:41:16.599  2007  2007 I sensors-hal: create_send_context_data:80, sending create_send_context_data
03-12 23:41:16.599  2007  2007 I sensors-hal: send_context_data:694, activities, 4914309220830019584, 1320970896291267344, msgid:700
03-12 23:41:16.599  2007  2007 I sensors-hal: sendContextData:114, common_info 4
03-12 23:41:16.599  2007  2007 I sensors-hal: sendUserData:137, CommonInfo 0xc1 0x47 0x0 0x0
03-12 23:41:16.599  2007  2007 I sensors-hal: create_send_context_data:70, sending create_send_context_data
03-12 23:41:16.599  2007  2007 I sensors-hal: send_context_data:694, common_info, 4914309147815575552, 1320970896291267344, msgid:700
03-12 23:41:16.599  2007  2007 I sensors-hal: write_algo_lcd_onoff_state:196, algo_lcd_onoff : 0x0
03-12 23:41:16.600  2007  3909 I sensors-hal: qsh_conn_resp_cb:930, resp_value = 0 for activities 
03-12 23:41:16.600  2007  3909 I sensors-hal: qsh_conn_resp_cb:930, resp_value = 0 for common_info 
03-12 23:41:16.600  4205  4362 D Tile.MobileDataTile: handleUpdateState : state false
03-12 23:41:16.600  2053  2950 D C2BqBuffer: configuring null producer: igbp_information(0)
03-12 23:41:16.600  4205  4362 E SecQSPanelResourcePickHelper: need to prepare suitable picker for COVER
03-12 23:41:16.600  4205  4362 E SecQSPanelResourcePickHelper: need to prepare suitable picker for COVER
03-12 23:41:16.600  2092  2092 I SSC_DAEMON: handleSensorTestReqMsg:85, Sensor type :20, Msg type:15
03-12 23:41:16.600  2092  2092 I SSC_DAEMON: physicalSensorTestReqMsg:162, 0.algo_id:26, num:1
03-12 23:41:16.600  4205  4362 D Tile.DndTile: handleUpdateState zen 0  state = QSTile$BooleanState[spec=Dnd,icon=ResourceIcon[resId=0x7f080f7d],nextIcon=null,iconSupplier=null,label=Do not disturb,secondaryLabel=null,contentDescription=null,stateDescription=null,dualLabelContentDescription=null,expandedAccessibilityClassName=null,disabledByPolicy=false,dualTarget=true,isTransient=false,handlesSecondaryClick=false,state=1,sideViewCustomDrawable=null,tileClassName=null,value=false,forceExpandIcon=false]
03-12 23:41:16.600  4205  4205 E AbsSettings: refreshInner: refreshedSettingsDBItem key profile_id val = 1124882606
03-12 23:41:16.600  3003  3994 D SysinputHAL_AIDL: activate(TSP(1)),1,0 ret=0
03-12 23:41:16.600  4205  4205 E AbsSettings: refreshInner: refreshedSettingsDBItem key profile_id val = 1124882606
03-12 23:41:16.601  4205  4205 E AbsSettings: refreshInner: refreshedSettingsDBItem key profile_id val = 1124882606
03-12 23:41:16.601  4205  4205 I SubLauncher:SubLauncherAClockPositionDataRepositoryImpl@13878558: getPositionArea() Point(53, 117)
03-12 23:41:16.601  4205  4205 I SubScreenPositionControllerImpl[SUB_CLOCK_AOD]: initPosition: mRange = Rect(-27, -59 - 27, 59), mParams = ViewPositionParams {name = SUB_CLOCK_AOD, width = 53, height = 117, left = 0, top = 0, right = 0, bottom = 0, offset = Point(0, 0), interval = 10, gravity = 17, high = false, baseScreenSizeRate = 1.0, initialBottomMargin = 0}
03-12 23:41:16.601  4205  4205 I SubLauncher:SubLauncherAClockPositionDataRepositoryImpl@13878558: getDozePositionOffset() translation = Point(0, 0), offset = Point(0, 0), scale = 1.0
03-12 23:41:16.601  4205  4205 I SubLauncher:SubLauncherClockPositionController@72316410: init position with 1, isThick=false, scale=1.0, targetScale=1.0
03-12 23:41:16.601  4205  4205 I ModuleClockPositionController[1]: getClockPositionInfo : ClockPositionInfo: id = , x = 265.0, y = 130.0, width = 217, height = 332, type = 2, editable = true, targetView = android.widget.LinearLayout{1069ff3 V.E...... ......ID 0,0-217,332 #7f0a1ff1 app:id/common_time_date_container}
03-12 23:41:16.601  4205  4205 I ModuleClockView_SUB_LAUNCHER_1@80: setScaleClock: 1.0
03-12 23:41:16.601  4205  4205 I ModuleClockPositionController[1]: updatePositionData: set value to ModuleClockPositionData(clockType=1, clockGravity=0, clockTopMargin=0, clockHorizontalMargin=0, clockScale=1.0, clockMaxWidth=680)
03-12 23:41:16.601  4205  4205 I SubLauncher:SubLauncherStateManager@232606011: setClockDozeAmountAnim: aod.NT0@267ff90 -> aod.NT0@492d964
03-12 23:41:16.601  2007  3645 I sensors-hal: qsh_conn_event_cb:890, event[0] sensor:Pocket mode  Wakeup, msg_id=715, ts=3849262212835
03-12 23:41:16.601  4205  4205 I SubScreenPositionControllerImpl[SUB_STATUS_BAR_NOTI]: initPosition: mRange = Rect(0, -11 - 22, 11), mParams = ViewPositionParams {name = SUB_STATUS_BAR_NOTI, width = 21, height = 21, left = 0, top = 0, right = 0, bottom = 0, offset = Point(0, 0), interval = 10, gravity = 8388627, high = false, baseScreenSizeRate = 1.0, initialBottomMargin = 0}
03-12 23:41:16.601  4205  4205 I SubScreenPositionControllerImpl[SUB_STATUS_BAR_BATTERY]: initPosition: mRange = Rect(-22, -11 - 0, 11), mParams = ViewPositionParams {name = SUB_STATUS_BAR_BATTERY, width = 21, height = 21, left = 0, top = 0, right = 0, bottom = 0, offset = Point(0, 0), interval = 10, gravity = 8388629, high = false, baseScreenSizeRate = 1.0, initialBottomMargin = 0}
03-12 23:41:16.601  4205  4205 I SubScreenPositionControllerImpl[SUB_CLOCK_AOD]: initPosition: mRange = Rect(-27, -59 - 27, 59), mParams = ViewPositionParams {name = SUB_CLOCK_AOD, width = 53, height = 117, left = 0, top = 0, right = 0, bottom = 0, offset = Point(0, 0), interval = 10, gravity = 17, high = false, baseScreenSizeRate = 1.0, initialBottomMargin = 0}
03-12 23:41:16.601  4205  4205 I SubScreenPositionControllerImpl[SUB_CLOCK_AOD]: setAODFinalPosition() mAODFinalPosition = [-11,40], offset[Point(0, 0)]
03-12 23:41:16.601  4205  4205 I SubScreenPositionControllerImpl[SUB_CLOCK_AOD]: updatePosition: first update mCurPoint = Point(-11, 40), mRange = Rect(-27, -59 - 27, 59), count = 1, interval = 10
03-12 23:41:16.601  4205  4205 I SubScreenPositionControllerImpl[SUB_CLOCK_AOD]: getRandomFinalPosition() [-11,40]
03-12 23:41:16.601  4205  4205 I SubLauncher:SubLauncherStateManager@232606011: setClockDozePosition: Point(-2, 22) -> Point(-11, 40)
03-12 23:41:16.601  4205  4205 I SubScreenPositionControllerImpl[SUB_STATUS_BAR_NOTI]: initPosition: mRange = Rect(0, -11 - 22, 11), mParams = ViewPositionParams {name = SUB_STATUS_BAR_NOTI, width = 21, height = 21, left = 0, top = 0, right = 0, bottom = 0, offset = Point(0, 0), interval = 10, gravity = 8388627, high = false, baseScreenSizeRate = 1.0, initialBottomMargin = 0}
03-12 23:41:16.601  4205  4205 I SubScreenPositionControllerImpl[SUB_STATUS_BAR_NOTI]: setAODFinalPosition() mAODFinalPosition = [1,-7], offset[Point(0, 0)]
03-12 23:41:16.601  4205  4205 I SubScreenPositionControllerImpl[SUB_STATUS_BAR_NOTI]: updatePosition: first update mCurPoint = Point(1, -7), mRange = Rect(0, -11 - 22, 11), count = 1, interval = 10
03-12 23:41:16.601  4205  4205 I SubScreenPositionControllerImpl[SUB_STATUS_BAR_BATTERY]: initPosition: mRange = Rect(-22, -11 - 0, 11), mParams = ViewPositionParams {name = SUB_STATUS_BAR_BATTERY, width = 21, height = 21, left = 0, top = 0, right = 0, bottom = 0, offset = Point(0, 0), interval = 10, gravity = 8388629, high = false, baseScreenSizeRate = 1.0, initialBottomMargin = 0}
03-12 23:41:16.601  4205  4205 I SubScreenPositionControllerImpl[SUB_STATUS_BAR_BATTERY]: setAODFinalPosition() mAODFinalPosition = [-17,-2], offset[Point(0, 0)]
03-12 23:41:16.601  4205  4205 I SubScreenPositionControllerImpl[SUB_STATUS_BAR_BATTERY]: updatePosition: first update mCurPoint = Point(-17, -2), mRange = Rect(-22, -11 - 0, 11), count = 1, interval = 10
03-12 23:41:16.601  4205  4205 I SubScreenPositionControllerImpl[SUB_STATUS_BAR_NOTI]: getRandomFinalPosition() [1,-7]
03-12 23:41:16.601  4205  4205 I SubScreenPositionControllerImpl[SUB_STATUS_BAR_BATTERY]: setFinalPositionY(-7) Point(-17, -2) -> Point(-17, -7)
03-12 23:41:16.601  4205  4205 I SubScreenPositionControllerImpl[SUB_STATUS_BAR_NOTI]: getRandomFinalPosition() [1,-7]
03-12 23:41:16.601  4205  4205 I SubLauncher:SubLauncherStateManager@232606011: setNIODozePosition: Point(21, 4) -> Point(1, -7)
03-12 23:41:16.601  4205  4205 I SubScreenPositionControllerImpl[SUB_STATUS_BAR_BATTERY]: getRandomFinalPosition() [-17,-7]
03-12 23:41:16.601  4205  4205 I SubLauncher:SubLauncherStateManager@232606011: setBatteryDozePosition: Point(-12, 4) -> Point(-17, -7)
03-12 23:41:16.601  2007  3645 E libprotobuf-native: [libprotobuf ERROR external/protobuf/src/google/protobuf/message_lite.cc:133] Can't parse message of type "sns_std_sensor_event" because it is missing required fields: (cannot determine missing fields for lite message)
03-12 23:41:16.601  4205  4205 I SubLauncher:GetClockMovableAreaUseCase@58390511: MovableArea: SkRegion((34,72,714,431)(34,431,621,552)), from=left: Rect(0, 0 - 34, 720), top: Rect(0, 0 - 748, 72), right: Rect(714, 0 - 748, 720), bottom: Rect(0, 552 - 748, 720), shortcut: Rect(621, 431 - 748, 720), nowBar: Rect(0, 565 - 748, 720), 
03-12 23:41:16.601  4205  4205 I SubLauncher:SubLauncherClock@211923914: initMovableArea: SkRegion((34,72,714,431)(34,431,621,552)), rootSize=SubScreenSize(width=748, height=720, widthF=748.0, heightF=720.0, halfWidth=374.0, halfHeight=360.0, cornerRadius=20), isFlexMode=false, isWidgetEnabled=false, isInformative=false, isNowBarVisible=true, nowBarPosition=Point(7, 6)
03-12 23:41:16.601  4205  4205 I SubLauncher:SubLauncherFrontScrim@3963240: isFolderClosed it=true, displayState=1
03-12 23:41:16.601  4205  4205 I SubLauncher:SubLauncherStateManager@232606011: setFrontScrimAnimState: 0 -> 1
03-12 23:41:16.601  3003  3910 I CAE     : handleMessage(CaPowerManager.java:240) - SCREEN_OFF
03-12 23:41:16.601  2092  3859 I SSC_DAEMON: pocketModeOptionDefineEvent:23, 1
03-12 23:41:16.601  4205  4205 I SubLauncher:SubLauncherWidget@32662509: dispatchWidgetListening: true
03-12 23:41:16.601  4205  4205 D CoverWidgetDataControllerImpl: startAppWidgetListening tiletype=0
03-12 23:41:16.602  3003  4927 I AppWidgetServiceImpl: startListening() 
03-12 23:41:16.602  3003  4927 I AppWidgetServiceImpl: startListening callbacks : com.android.internal.appwidget.IAppWidgetHost$Stub$Proxy@1dbeeed intervalEnsure:200477167 intervalHostLock:200477167 LhostId:HostId{user:0, app:10053, hostId:1911, pkg:com.android.systemui}
03-12 23:41:16.602  3003  4927 I AppWidgetServiceImpl: startListening() finish
03-12 23:41:16.602  4205  4205 I AppWidgetHost: updateAppWidgetView, appWidgetId = 4, v = aod.Dt{50e0153 V.E...... R.....ID 0,0-318,280}
03-12 23:41:16.602  4205  4205 D GWT:HostView: [aodservice] updateAppWidget: rv=android.widget.RemoteViews@514b93, width=318 height=280
03-12 23:41:16.603  4832 13707 I HoneySpace.DeviceStateUseCase: update: DeviceState(naviMode=THREE_BUTTON, navigationBarHeight=144, hint=true, transparentHint=false, rotation=0, displayId=0, displaySize=Point(1080, 2640), displayCutout=DisplayCutout{insets=Rect(0, 94 - 0, 0) waterfall=Insets{left=0, top=0, right=0, bottom=0} boundingRect={Bounds=[Rect(0, 0 - 0, 0), Rect(505, 0 - 576, 94), Rect(0, 0 - 0, 0), Rect(0, 0 - 0, 0)]} cutoutPathParserInfo={CutoutPathParserInfo{displayWidth=1080 displayHeight=2640 physicalDisplayWidth=1080 physicalDisplayHeight=2640 density={3.0} cutoutSpec={M 0,0 H -11.83333333333333 V 31.33333333333333 H 11.83333333333333 V 0 H 0 Z @dp} rotation={0} scale={1.0} physicalPixelDisplaySizeRatio={1.0}}} sideOverrides={}}, isNavCanMove=true, isTablet=false, extraDisplayInfo=ExtraDisplayInfo(rotation=0, displayId=1, displaySize=Point(748, 720), displayCutout=DisplayCutout{insets=Rect(0, 0 - 0, 66) waterfall=Insets{left=0, top=0, right=0, bottom=0} boundingRect={Bounds=[Rect(0, 0 - 0, 0), Rect(0, 0 - 0, 0), Rect(0, 0 - 0, 0), Rect(379, 654 - 748, 720)]} cutoutPathParserInfo={CutoutPathParserInfo{displayWidth=748 displayHeight=720 physicalDisplayWidth=748 physicalDisplayHeight=720 density={2.125} cutoutSpec={@bottom @right M 0,0 H -173.6470588235294 V -31.05882352941176 H 0 V 0 Z @dp} rotation={0} scale={1.0} physicalPixelDisplaySizeRatio={1.0}}} sideOverrides={}}, foldState=0), enableOverlayWindow=false)
03-12 23:41:16.603  4832  4832 I HoneySpace.GestureInputHandler: deviceState changed DeviceState(naviMode=THREE_BUTTON, navigationBarHeight=144, hint=true, transparentHint=false, rotation=0, displayId=0, displaySize=Point(1080, 2640), displayCutout=DisplayCutout{insets=Rect(0, 94 - 0, 0) waterfall=Insets{left=0, top=0, right=0, bottom=0} boundingRect={Bounds=[Rect(0, 0 - 0, 0), Rect(505, 0 - 576, 94), Rect(0, 0 - 0, 0), Rect(0, 0 - 0, 0)]} cutoutPathParserInfo={CutoutPathParserInfo{displayWidth=1080 displayHeight=2640 physicalDisplayWidth=1080 physicalDisplayHeight=2640 density={3.0} cutoutSpec={M 0,0 H -11.83333333333333 V 31.33333333333333 H 11.83333333333333 V 0 H 0 Z @dp} rotation={0} scale={1.0} physicalPixelDisplaySizeRatio={1.0}}} sideOverrides={}}, isNavCanMove=true, isTablet=false, extraDisplayInfo=ExtraDisplayInfo(rotation=0, displayId=1, displaySize=Point(748, 720), displayCutout=DisplayCutout{insets=Rect(0, 0 - 0, 66) waterfall=Insets{left=0, top=0, right=0, bottom=0} boundingRect={Bounds=[Rect(0, 0 - 0, 0), Rect(0, 0 - 0, 0), Rect(0, 0 - 0, 0), Rect(379, 654 - 748, 720)]} cutoutPathParserInfo={CutoutPathParserInfo{displayWidth=748 displayHeight=720 physicalDisplayWidth=748 physicalDisplayHeight=720 density={2.125} cutoutSpec={@bottom @right M 0,0 H -173.6470588235294 V -31.05882352941176 H 0 V 0 Z @dp} rotation={0} scale={1.0} physicalPixelDisplaySizeRatio={1.0}}} sideOverrides={}}, foldState=0), enableOverlayWindow=false)
03-12 23:41:16.603  4205  4205 D SecTabletHorizontalPanelPositionHelper: foldState: UNFOLD -> FOLD
03-12 23:41:16.603  4832  4832 I HoneySpace.RegionManagerImpl: changeTouchRegion() called with: com.honeyspace.gesture.region.NoGestureTouchRegion@5d1539c to DeviceState(naviMode=THREE_BUTTON, navigationBarHeight=144, hint=true, transparentHint=false, rotation=0, displayId=0, displaySize=Point(1080, 2640), displayCutout=DisplayCutout{insets=Rect(0, 94 - 0, 0) waterfall=Insets{left=0, top=0, right=0, bottom=0} boundingRect={Bounds=[Rect(0, 0 - 0, 0), Rect(505, 0 - 576, 94), Rect(0, 0 - 0, 0), Rect(0, 0 - 0, 0)]} cutoutPathParserInfo={CutoutPathParserInfo{displayWidth=1080 displayHeight=2640 physicalDisplayWidth=1080 physicalDisplayHeight=2640 density={3.0} cutoutSpec={M 0,0 H -11.83333333333333 V 31.33333333333333 H 11.83333333333333 V 0 H 0 Z @dp} rotation={0} scale={1.0} physicalPixelDisplaySizeRatio={1.0}}} sideOverrides={}}, isNavCanMove=true, isTablet=false, extraDisplayInfo=ExtraDisplayInfo(rotation=0, displayId=1, displaySize=Point(748, 720), displayCutout=DisplayCutout{insets=Rect(0, 0 - 0, 66) waterfall=Insets{left=0, top=0, right=0, bottom=0} boundingRect={Bounds=[Rect(0, 0 - 0, 0), Rect(0, 0 - 0, 0), Rect(0, 0 - 0, 0), Rect(379, 654 - 748, 720)]} cutoutPathParserInfo={CutoutPathParserInfo{displayWidth=748 displayHeight=720 physicalDisplayWidth=748 physicalDisplayHeight=720 density={2.125} cutoutSpec={@bottom @right M 0,0 H -173.6470588235294 V -31.05882352941176 H 0 V 0 Z @dp} rotation={0} scale={1.0} physicalPixelDisplaySizeRatio={1.0}}} sideOverrides={}}, foldState=0), enableOverlayWindow=false)
03-12 23:41:16.603  4205  4205 D SecTabletHorizontalPanelPositionHelper: setHorizontalPanelTranslation(0.0), force : true
03-12 23:41:16.603  4832  4832 I HoneySpace.RegionManagerImpl: resetSwipeRegion. RectF(0.0, 642.0, 748.0, 720.0), RectF(0.0, 0.0, 0.0, 0.0)
03-12 23:41:16.603  4205  4205 E SecQSPanelResourcePickHelper: need to prepare suitable picker for COVER
03-12 23:41:16.603  4205  4205 I LockscreenNotificationIconsOnlyController: onNotificationInfoUpdated 0
03-12 23:41:16.603  4205  4205 I AODNotificationManager: subLauncherUpdateNotification() 
03-12 23:41:16.603  4205  4205 D PluginAODManager: onNotificationInfoUpdated() 0
03-12 23:41:16.603  4205  4205 I AODNotificationManager: updateVisibleNotifications: 0
03-12 23:41:16.604  4205  7690 I DymLock|LockContainerStore: do action : change_folder_state
03-12 23:41:16.604  4205  7690 I DymLock|BaseLockStateContainer: onLockContainerStoreChangeEvent action[folder_change_event]
03-12 23:41:16.604  4205  7690 W DymLock|BaseLockStateContainer: onLockContainerStoreChangeEvent : not dls state
03-12 23:41:16.605  2053 17896 W QC2V4l2Decoder: [v4lhvcD_488] Stopping buffer allocation as codec stopped
03-12 23:41:16.605  2053 17896 W QC2V4l2Decoder: [v4lhvcD_488] Stopping buffer allocation as codec stopped
03-12 23:41:16.605  2053 17896 W QC2V4l2Decoder: [v4lhvcD_488] Stopping buffer allocation as codec stopped
03-12 23:41:16.605  2053 17896 W QC2V4l2Decoder: [v4lhvcD_488] Stopping buffer allocation as codec stopped
03-12 23:41:16.605  2053 17896 W QC2V4l2Decoder: [v4lhvcD_488] Stopping buffer allocation as codec stopped
03-12 23:41:16.605  2053 17896 W QC2V4l2Decoder: [v4lhvcD_488] Stopping buffer allocation as codec stopped
03-12 23:41:16.605  2053 17896 W QC2V4l2Decoder: [v4lhvcD_488] Stopping buffer allocation as codec stopped
03-12 23:41:16.605  2053 17896 W QC2V4l2Decoder: [v4lhvcD_488] Stopping buffer allocation as codec stopped
03-12 23:41:16.605  2053 17896 W QC2V4l2Decoder: [v4lhvcD_488] Stopping buffer allocation as codec stopped
03-12 23:41:16.605  2053 17896 W QC2V4l2Decoder: [v4lhvcD_488] Stopping buffer allocation as codec stopped
03-12 23:41:16.606  2053  2950 I QC2V4l2Codec: [v4lhvcD_488] KPI_L1: stop: ms=3
03-12 23:41:16.607  4205  4205 I Kumiho-Kumiho: getPackageName: com.samsung.android.app.routines
03-12 23:41:16.607  4205  4205 I AppIconSolution: start to load, pkg=android, bg=192-192, dr=144-144, forDefault=true, density=0
03-12 23:41:16.607  4205  4205 I AppIconSolution: getIconScale, pkg=android, size=144, iconScale=IconScale[alpha=6, scale=0.72, isCrop=false]
03-12 23:41:16.608  4205  4205 I Kumiho-Kumiho: getPackageName: com.samsung.android.app.routines
03-12 23:41:16.608  4205  4205 I Kumiho-Kumiho: getPackageName: com.samsung.android.app.routines
03-12 23:41:16.608  4205  4205 I AppIconSolution: default container[Contain], pkg=android, bg=184-184, dr=144-144, isNight = true
03-12 23:41:16.611  2053  2950 I QC2V4l2Codec: [v4lhvcD_488] KPI_L1: release: ms=5
03-12 23:41:16.611  2053  2950 I QC2V4l2Codec: [v4lhvcD_488] KPI_L1: stop: ms=0
03-12 23:41:16.612  2053  2950 I QC2V4l2Codec: [v4lhvcD_488] KPI_L1: release: ms=0
03-12 23:41:16.613  4205  4205 I AppIconSolution: return adaptive icon for com.android.systemui, isNight = true
03-12 23:41:16.614  2053  2950 D BufferPoolAccessor2.0: Destruction - bufferpool2 0xb400006f37a4a858 cached: 0/0M, 0/0% in use; allocs: 14, 0% recycled; transfers: 0, 0% unfetched
03-12 23:41:16.614  2053  2950 I QC2Comp : [hvcD_488] NOTE: Release returning: 0 (OK=0)
03-12 23:41:16.614  2053  2950 I QC2Comp : [hvcD_488] KPI_L1: release: ms=12
03-12 23:41:16.614  2053  2950 I FRCFilterPlugin: release entry
03-12 23:41:16.614  2053  2950 I FRCFilterPlugin: shutDownMpp entry
03-12 23:41:16.614  2053  2950 I FRCFilterPlugin: shutDownMpp exit
03-12 23:41:16.614  2053  2950 I FRCFilterPlugin: cleanUpResources entry
03-12 23:41:16.614  2053  2950 I FRCFilterPlugin: cleanUpResources exit
03-12 23:41:16.614  2053  2950 I FRCFilterPlugin: release exit
03-12 23:41:16.614  4360 17916 I CCodec  : [c2.qti.hevc.decoder] state->set(RELEASED)
03-12 23:41:16.615  4360 17883 I MediaCodec: Codec shutdown complete
03-12 23:41:16.615  2496  2496 I ResourceManagerService: removeResourceInfo pid 4360, removed 2851200 (width 1080 height 2640), remained hw codec count 0
03-12 23:41:16.616  4360 17916 I Codec2Client: Component destructing
03-12 23:41:16.616  4360 17916 I hw-BpHwBinder: onLastStrongRef automatically unlinking death recipients
03-12 23:41:16.616  2053  2950 I hw-BpHwBinder: onLastStrongRef automatically unlinking death recipients
03-12 23:41:16.616  2053  2950 I vendor.qti.media.c2@1.0-service: HDRToneMappingFilter DTOR
03-12 23:41:16.616  2053  2950 I vendor.qti.media.c2@1.0-service: AIFRCFilter DTOR
03-12 23:41:16.616  2053  2950 I QC2CompStore: Deleting component(c2.qti.hevc.decoder) id(488)
03-12 23:41:16.617  4360  4776 I CCodecBufferChannel: CCodecBufferChannel destructing c2.qti.hevc.decoder#209
03-12 23:41:16.617  4360 17883 I CCodec  : state->set(ALLOCATING)
03-12 23:41:16.617  6380  6380 I SemMediaResourceHelper: onRemove
03-12 23:41:16.617  2053  2950 I QC2CompStore: removeIdFromList remove Id[488] from list
03-12 23:41:16.617  4360 17884 I CCodec  : allocate(c2.qti.hevc.decoder)
03-12 23:41:16.617  2053  2950 I StatsHandler: [hvcD_488] Stats: Pending(0) i/p-done(0) Works: Q: 2/Done 3|Work-Rate: Q(13.9/s Avg=13.9/s) Done(20.923/s Avg=20.923/s)| Stream: 30.00fps 0.0Kbps
03-12 23:41:16.617  2053  2950 I StatsHandler: [hvcD_488] Mem-usage:  [In-1D: 2 bufs 16.000 MB] [1D-1559: 14 bufs 0.219 MB] [2D-1560: 14 bufs 82.305 MB] | Total: 98.523 MB
03-12 23:41:16.617  2053  2950 I QC2Comp : [c2.qti.hevc.decoder] KPI_L1: Total component latency: ms=143
03-12 23:41:16.618  4360 17884 I CCodec  : setting up 'default' as default (vendor) store
03-12 23:41:16.618  2053  2958 I QC2CompStore: addIdToList add Id[489] to list
03-12 23:41:16.618  4205  4205 I AppIconSolution: return adaptive icon for com.google.android.googlequicksearchbox, isNight = true
03-12 23:41:16.619  2053  2958 I vendor.qti.media.c2@1.0-service: missing struct descriptor #Param::CoreIndex(--002) for field mastering of struct #Param::CoreIndex(--180a)
03-12 23:41:16.619  2053  2958 I vendor.qti.media.c2@1.0-service: missing struct descriptor #Param::CoreIndex(-V8002) for field portConfigs of struct #Param::CoreIndex(FV19100)
03-12 23:41:16.619  2053  2958 I vendor.qti.media.c2@1.0-service: missing struct descriptor #Param::CoreIndex(-V8002) for field portConfigs of struct #Param::CoreIndex(FV1a100)
03-12 23:41:16.619  2053  2958 I vendor.qti.media.c2@1.0-service: missing struct descriptor #Param::CoreIndex(-V8002) for field portConfigs of struct #Param::CoreIndex(FV19100)
03-12 23:41:16.619  2053  2958 I vendor.qti.media.c2@1.0-service: missing struct descriptor #Param::CoreIndex(-V8002) for field portConfigs of struct #Param::CoreIndex(FV1a100)
03-12 23:41:16.619  2053  2958 I QC2Comp : [cmphvcD_489] KPI_L1: init: ms=0
03-12 23:41:16.619  2053  2958 I QC2Comp : [c2.qti.hevc.decoder] KPI_L1: Create: ms=0
03-12 23:41:16.619  2053  2958 I QC2CompStore: Created component(c2.qti.hevc.decoder) id(489) sStore[0xb400006dc7a29970]
03-12 23:41:16.619  2053  2958 I vendor.qti.media.c2@1.0-service: missing struct descriptor #Param::CoreIndex(--002) for field mastering of struct #Param::CoreIndex(--180a)
03-12 23:41:16.619  2053  2958 I vendor.qti.media.c2@1.0-service: missing struct descriptor #Param::CoreIndex(--002) for field mastering of struct #Param::CoreIndex(--180a)
03-12 23:41:16.619  2053  2958 I vendor.qti.media.c2@1.0-service: VendorExternalAIFRCRequestSetter set to 0 0
03-12 23:41:16.619  2053  2958 I vendor.qti.media.c2@1.0-service: StrictValueWithNoDeps is called old.v.value is 2141391876 me.v.value is 2141391876
03-12 23:41:16.619  2053  2958 I vendor.qti.media.c2@1.0-service: StrictValueWithNoDeps is called old.v.value is 30 me.v.value is 30
03-12 23:41:16.619  2053  2958 I vendor.qti.media.c2@1.0-service: missing struct descriptor #Param::CoreIndex(--002) for field mastering of struct #Param::CoreIndex(--180a)
03-12 23:41:16.619  2053  2958 I vendor.qti.media.c2@1.0-service: missing struct descriptor #Param::CoreIndex(--002) for field mastering of struct #Param::CoreIndex(--180a)
03-12 23:41:16.619  2053  2958 I vendor.qti.media.c2@1.0-service: C2StreamVendorRenderEngineHDRToneMapRequestInfoset to 0
03-12 23:41:16.620  2053  2958 W QC2Interface: [hvcD_489] Failed to query parameters
03-12 23:41:16.620  2053  2958 I vendor.qti.media.c2@1.0-service: StrictValueWithNoDeps is called old.v.value is 2141391876 me.v.value is 0
03-12 23:41:16.620  2053  2958 I vendor.qti.media.c2@1.0-service: StrictValueWithNoDeps is called old.v.value is 30 me.v.value is 1
03-12 23:41:16.620  2053  2958 I vendor.qti.media.c2@1.0-service: [FRC-IsFilteringEnabled] entry
03-12 23:41:16.620  2053  2958 I vendor.qti.media.c2@1.0-service: [FRC-IsFilteringEnabled] frcReqInfo.value is 0
03-12 23:41:16.621  4360 17884 I CCodec  : Created component [c2.qti.hevc.decoder] for [c2.qti.hevc.decoder]
