03-09 21:23:18.085 19379 19379 I ThermalEngine: Parsing section MON-CHG-BATT-SAFETY
03-09 21:23:18.085 19379 19379 I ThermalEngine: Found field 'sampling'
03-09 21:23:18.085 19379 19379 I ThermalEngine: Found field 'sensor'
03-09 21:23:18.085 19379 19379 I ThermalEngine: Found field 'thresholds'
03-09 21:23:18.085 19379 19379 I ThermalEngine: Found field 'thresholds_clr'
03-09 21:23:18.085 19379 19379 I ThermalEngine: Found field 'actions'
03-09 21:23:18.085 19379 19379 I ThermalEngine: Found field 'action_info'
03-09 21:23:18.085 19379 19379 I ThermalEngine: Found field 'freezing'
03-09 21:23:18.085 19379 19379 I ThermalEngine: Created section 'MON-MSM-CPU0'
03-09 21:23:18.085 19379 19379 I ThermalEngine: Algo Type 'monitor'
03-09 21:23:18.085 19379 19379 I ThermalEngine: Parsing section MON-MSM-CPU0
03-09 21:23:18.085 19379 19379 I ThermalEngine: Found field 'sampling'
03-09 21:23:18.085 19379 19379 I ThermalEngine: Found field 'sensor'
03-09 21:23:18.085 19379 19379 I ThermalEngine: Found field 'thresholds'
03-09 21:23:18.085 19379 19379 I ThermalEngine: Found field 'thresholds_clr'
03-09 21:23:18.085 19379 19379 I ThermalEngine: Found field 'actions'
03-09 21:23:18.085 19379 19379 I ThermalEngine: Found field 'action_info'
03-09 21:23:18.085 19379 19379 I ThermalEngine: Created section 'SS-CPU4'
03-09 21:23:18.085 19379 19379 I ThermalEngine: Algo Type 'ss'
03-09 21:23:18.085 19379 19379 I ThermalEngine: Parsing section SS-CPU4
03-09 21:23:18.085 19379 19379 I ThermalEngine: Found field 'sampling'
03-09 21:23:18.085 19379 19379 I ThermalEngine: Found field 'sensor'
03-09 21:23:18.085 19379 19379 I ThermalEngine: Found field 'set_point'
03-09 21:23:18.085 19379 19379 I ThermalEngine: Found field 'set_point_clr'
03-09 21:23:18.085 19379 19379 I ThermalEngine: Found field 'device'
03-09 21:23:18.085 19379 19379 I ThermalEngine: Found field 'device_max_limit'
03-09 21:23:18.085 19379 19379 I ThermalEngine: Created section 'MON-MSM-CPU4'
03-09 21:23:18.085 19379 19379 I ThermalEngine: Algo Type 'monitor'
03-09 21:23:18.085 19379 19379 I ThermalEngine: Parsing section MON-MSM-CPU4
03-09 21:23:18.085 19379 19379 I ThermalEngine: Found field 'sampling'
03-09 21:23:18.085 19379 19379 I ThermalEngine: Found field 'sensor'
03-09 21:23:18.085 19379 19379 I ThermalEngine: Found field 'thresholds'
03-09 21:23:18.086 19379 19379 I ThermalEngine: Found field 'thresholds_clr'
03-09 21:23:18.086 19379 19379 I ThermalEngine: Found field 'actions'
03-09 21:23:18.086 19379 19379 I ThermalEngine: Found field 'action_info'
03-09 21:23:18.086 19379 19379 I ThermalEngine: Created section 'SS-CPU7'
03-09 21:23:18.086 19379 19379 I ThermalEngine: Algo Type 'ss'
03-09 21:23:18.086 19379 19379 I ThermalEngine: Parsing section SS-CPU7
03-09 21:23:18.086 19379 19379 I ThermalEngine: Found field 'sampling'
03-09 21:23:18.086 19379 19379 I ThermalEngine: Found field 'sensor'
03-09 21:23:18.086 19379 19379 I ThermalEngine: Found field 'set_point'
03-09 21:23:18.086 19379 19379 I ThermalEngine: Found field 'set_point_clr'
03-09 21:23:18.086 19379 19379 I ThermalEngine: Found field 'device'
03-09 21:23:18.086 19379 19379 I ThermalEngine: Found field 'device_max_limit'
03-09 21:23:18.086 19379 19379 I ThermalEngine: Created section 'MON-MSM-CPU7'
03-09 21:23:18.086 19379 19379 I ThermalEngine: Algo Type 'monitor'
03-09 21:23:18.086 19379 19379 I ThermalEngine: Parsing section MON-MSM-CPU7
03-09 21:23:18.086 19379 19379 I ThermalEngine: Found field 'sampling'
03-09 21:23:18.086 19379 19379 I ThermalEngine: Found field 'sensor'
03-09 21:23:18.086 19379 19379 I ThermalEngine: Found field 'thresholds'
03-09 21:23:18.086 19379 19379 I ThermalEngine: Found field 'thresholds_clr'
03-09 21:23:18.086 19379 19379 I ThermalEngine: Found field 'actions'
03-09 21:23:18.086 19379 19379 I ThermalEngine: Found field 'action_info'
03-09 21:23:18.086 19379 19379 I ThermalEngine: Created section 'PAUSE-CPU7'
03-09 21:23:18.086 19379 19379 I ThermalEngine: Algo Type 'monitor'
03-09 21:23:18.086 19379 19379 I ThermalEngine: Parsing section PAUSE-CPU7
03-09 21:23:18.086 19379 19379 I ThermalEngine: Found field 'sampling'
03-09 21:23:18.086 19379 19379 I ThermalEngine: Found field 'sensor'
03-09 21:23:18.086 19379 19379 I ThermalEngine: Found field 'thresholds'
03-09 21:23:18.086 19379 19379 I ThermalEngine: Found field 'thresholds_clr'
03-09 21:23:18.086 19379 19379 I ThermalEngine: Found field 'actions'
03-09 21:23:18.086 19379 19379 I ThermalEngine: Found field 'action_info'
03-09 21:23:18.086 19379 19379 I ThermalEngine: Created section 'SS-GPU'
03-09 21:23:18.086 19379 19379 I ThermalEngine: Algo Type 'ss'
03-09 21:23:18.086 19379 19379 I ThermalEngine: Parsing section SS-GPU
03-09 21:23:18.086 19379 19379 I ThermalEngine: Found field 'sampling'
03-09 21:23:18.086 19379 19379 I ThermalEngine: Found field 'sensor'
03-09 21:23:18.086 19379 19379 I ThermalEngine: Found field 'set_point'
03-09 21:23:18.086 19379 19379 I ThermalEngine: Found field 'set_point_clr'
03-09 21:23:18.086 19379 19379 I ThermalEngine: Found field 'device'
03-09 21:23:18.086  2195  2392 I SDM     : DisplayBase::SetDisplayState: active 0-0 state 0-0 pending_power_state_ 0
03-09 21:23:18.086 19379 19379 I ThermalEngine: Created section 'MON-SAFETY'
03-09 21:23:18.086 19379 19379 I ThermalEngine: Algo Type 'monitor'
03-09 21:23:18.086 19379 19379 I ThermalEngine: Parsing section MON-SAFETY
03-09 21:23:18.086 19379 19379 I ThermalEngine: Found field 'sampling'
03-09 21:23:18.086 19379 19379 I ThermalEngine: Found field 'sensor'
03-09 21:23:18.086 19379 19379 I ThermalEngine: Found field 'thresholds'
03-09 21:23:18.086 19379 19379 I ThermalEngine: Found field 'thresholds_clr'
03-09 21:23:18.086 19379 19379 I ThermalEngine: Found field 'actions'
03-09 21:23:18.086 19379 19379 I ThermalEngine: Found field 'action_info'
03-09 21:23:18.086 19379 19379 I ThermalEngine: Created section 'MON-SOFTDEV'
03-09 21:23:18.086 19379 19379 I ThermalEngine: Algo Type 'monitor'
03-09 21:23:18.086 19379 19379 I ThermalEngine: Parsing section MON-SOFTDEV
03-09 21:23:18.086 19379 19379 I ThermalEngine: Found field 'sampling'
03-09 21:23:18.086 19379 19379 I ThermalEngine: Found field 'sensor'
03-09 21:23:18.086 19379 19379 I ThermalEngine: Found field 'thresholds'
03-09 21:23:18.086 19379 19379 I ThermalEngine: Found field 'thresholds_clr'
03-09 21:23:18.086 19379 19379 I ThermalEngine: Found field 'actions'
03-09 21:23:18.086 19379 19379 I ThermalEngine: Found field 'action_info'
03-09 21:23:18.086 19379 19379 I ThermalEngine: Created section 'MON-MDM-FR1-1'
03-09 21:23:18.086 19379 19379 I ThermalEngine: Algo Type 'monitor'
03-09 21:23:18.086 19379 19379 I ThermalEngine: Parsing section MON-MDM-FR1-1
03-09 21:23:18.086 19379 19379 I ThermalEngine: Found field 'sampling'
03-09 21:23:18.086 19379 19379 I ThermalEngine: Found field 'sensor'
03-09 21:23:18.086 19379 19379 I ThermalEngine: Found field 'thresholds'
03-09 21:23:18.086 19379 19379 I ThermalEngine: Found field 'thresholds_clr'
03-09 21:23:18.086 19379 19379 I ThermalEngine: Found field 'actions'
03-09 21:23:18.086 19379 19379 I ThermalEngine: Found field 'action_info'
03-09 21:23:18.086 19379 19379 I ThermalEngine: Created section 'MON-MDM-FR1-2'
03-09 21:23:18.086 19379 19379 I ThermalEngine: Algo Type 'monitor'
03-09 21:23:18.086 19379 19379 I ThermalEngine: Parsing section MON-MDM-FR1-2
03-09 21:23:18.086 19379 19379 I ThermalEngine: Found field 'sampling'
03-09 21:23:18.086 19379 19379 I ThermalEngine: Found field 'sensor'
03-09 21:23:18.086 19379 19379 I ThermalEngine: Found field 'thresholds'
03-09 21:23:18.086 19379 19379 I ThermalEngine: Found field 'thresholds_clr'
03-09 21:23:18.086 19379 19379 I ThermalEngine: Found field 'actions'
03-09 21:23:18.086 19379 19379 I ThermalEngine: Found field 'action_info'
03-09 21:23:18.086 19379 19379 I ThermalEngine: Created section 'MON-wireless-charge'
03-09 21:23:18.086 19379 19379 I ThermalEngine: Algo Type 'monitor'
03-09 21:23:18.086 19379 19379 I ThermalEngine: Parsing section MON-wireless-charge
03-09 21:23:18.086 19379 19379 I ThermalEngine: Found field 'sampling'
03-09 21:23:18.086 19379 19379 I ThermalEngine: Found field 'sensor'
03-09 21:23:18.086 19379 19379 I ThermalEngine: Found field 'thresholds'
03-09 21:23:18.086 19379 19379 I ThermalEngine: Found field 'thresholds_clr'
03-09 21:23:18.086 19379 19379 I ThermalEngine: Found field 'actions'
03-09 21:23:18.086 19379 19379 I ThermalEngine: Found field 'action_info'
03-09 21:23:18.086 19379 19379 I ThermalEngine: Created section 'MON-wlan'
03-09 21:23:18.086 19379 19379 I ThermalEngine: Algo Type 'monitor'
03-09 21:23:18.086 19379 19379 I ThermalEngine: Parsing section MON-wlan
03-09 21:23:18.086 19379 19379 I ThermalEngine: Found field 'sampling'
03-09 21:23:18.086 19379 19379 I ThermalEngine: Found field 'sensor'
03-09 21:23:18.086 19379 19379 I ThermalEngine: Found field 'thresholds'
03-09 21:23:18.086 19379 19379 I ThermalEngine: Found field 'thresholds_clr'
03-09 21:23:18.086 19379 19379 I ThermalEngine: Found field 'actions'
03-09 21:23:18.086 19379 19379 I ThermalEngine: Found field 'action_info'
03-09 21:23:18.086 19379 19379 I ThermalEngine: [MON-wlan]
03-09 21:23:18.086 19379 19379 I ThermalEngine: algo_type monitor
03-09 21:23:18.086 19379 19379 I ThermalEngine: sampling 5000
03-09 21:23:18.086 19379 19379 I ThermalEngine: sensor FUSE_TEMP
03-09 21:23:18.086 19379 19379 I ThermalEngine: thresholds 40000 41000 42000 43000 44000 45000
03-09 21:23:18.086 19379 19379 I ThermalEngine: thresholds_clr 39000 40000 41000 42000 43000 44000
03-09 21:23:18.086 19379 19379 I ThermalEngine: actions wlan-cutback wlan-cutback wlan-cutback wlan-cutback wlan-cutback wlan-cutback
03-09 21:23:18.086 19379 19379 I ThermalEngine: action_info 0 1 2 3 4 5
03-09 21:23:18.086 19379 19379 I ThermalEngine: [MON-wireless-charge]
03-09 21:23:18.086 19379 19379 I ThermalEngine: algo_type monitor
03-09 21:23:18.086 19379 19379 I ThermalEngine: sampling 2000
03-09 21:23:18.086 19379 19379 I ThermalEngine: sensor BCHG_TEMP
03-09 21:23:18.086 19379 19379 I ThermalEngine: thresholds 39000 41000 43000 44000 48000
03-09 21:23:18.086 19379 19379 I ThermalEngine: thresholds_clr 18000 39000 41000 43000 45000
03-09 21:23:18.086 19379 19379 I ThermalEngine: actions wireless_current wireless_current wireless_current wireless_current wireless_current
03-09 21:23:18.086 19379 19379 I ThermalEngine: action_info 1250 1000 800 500 100
03-09 21:23:18.086 19379 19379 I ThermalEngine: [MON-MDM-FR1-2]
03-09 21:23:18.086 19379 19379 I ThermalEngine: algo_type monitor
03-09 21:23:18.086 19379 19379 I ThermalEngine: sampling 5000
03-09 21:23:18.086 19379 19379 I ThermalEngine: sensor FRONT_MDM
03-09 21:23:18.086 19379 19379 I ThermalEngine: thresholds 46000 48000 50000 55000
03-09 21:23:18.086 19379 19379 I ThermalEngine: thresholds_clr 40000 46000 48000 50000
03-09 21:23:18.086 19379 19379 I ThermalEngine: actions modem_nr_scg_dsc modem_nr_scg_dsc+modem_lte_dsc modem_nr_scg_dsc+modem_lte_dsc modem_nr_scg_dsc
03-09 21:23:18.086 19379 19379 I ThermalEngine: action_info 7 8+9 9+10 10
03-09 21:23:18.086 19379 19379 I ThermalEngine: [MON-MDM-FR1-1]
03-09 21:23:18.086 19379 19379 I ThermalEngine: algo_type monitor
03-09 21:23:18.086 19379 19379 I ThermalEngine: sampling 5000
03-09 21:23:18.086 19379 19379 I ThermalEngine: sensor FRONT_MDM
03-09 21:23:18.086 19379 19379 I ThermalEngine: thresholds 46000 48000 50000 55000
03-09 21:23:18.086 19379 19379 I ThermalEngine: thresholds_clr 40000 46000 48000 50000
03-09 21:23:18.086 19379 19379 I ThermalEngine: actions modem_nr_dsc modem_nr_dsc modem_nr_dsc modem_nr_dsc
03-09 21:23:18.086 19379 19379 I ThermalEngine: action_info 7 8 9 10
03-09 21:23:18.086 19379 19379 I ThermalEngine: [MON-SOFTDEV]
03-09 21:23:18.086 19379 19379 I ThermalEngine: algo_type monitor
03-09 21:23:18.086 19379 19379 I ThermalEngine: sampling 2000
03-09 21:23:18.086 19379 19379 I ThermalEngine: sensor FUSE_TEMP
03-09 21:23:18.086 19379 19379 I ThermalEngine: thresholds 42000
03-09 21:23:18.086 19379 19379 I ThermalEngine: thresholds_clr 40000
03-09 21:23:18.086 19379 19379 I ThermalEngine: actions SoftDev
03-09 21:23:18.086 19379 19379 I ThermalEngine: action_info 1
03-09 21:23:18.086 19379 19379 I ThermalEngine: [MON-SAFETY]
03-09 21:23:18.086 19379 19379 I ThermalEngine: algo_type monitor
03-09 21:23:18.086 19379 19379 I ThermalEngine: sampling 2000
03-09 21:23:18.086 19379 19379 I ThermalEngine: sensor FUSE_TEMP
03-09 21:23:18.086 19379 19379 I ThermalEngine: thresholds 68000
03-09 21:23:18.086 19379 19379 I ThermalEngine: thresholds_clr 67000
03-09 21:23:18.086 19379 19379 I ThermalEngine: actions shutdown
03-09 21:23:18.086 19379 19379 I ThermalEngine: action_info 100
03-09 21:23:18.086 19379 19379 I ThermalEngine: [PAUSE-CPU7]
03-09 21:23:18.086 19379 19379 I ThermalEngine: algo_type monitor
03-09 21:23:18.086 19379 19379 I ThermalEngine: sampling 2000
03-09 21:23:18.086 19379 19379 I ThermalEngine: sensor FUSE_TEMP
03-09 21:23:18.086 19379 19379 I ThermalEngine: thresholds 43000
03-09 21:23:18.086 19379 19379 I ThermalEngine: thresholds_clr 42000
03-09 21:23:18.086 19379 19379 I ThermalEngine: actions hotplug_7
03-09 21:23:18.086 19379 19379 I ThermalEngine: action_info 1
03-09 21:23:18.086 19379 19379 I ThermalEngine: [MON-MSM-CPU7]
03-09 21:23:18.086 19379 19379 I ThermalEngine: algo_type monitor
03-09 21:23:18.086 19379 19379 I ThermalEngine: sampling 2000
03-09 21:23:18.086 19379 19379 I ThermalEngine: sensor FUSE_TEMP
03-09 21:23:18.086 19379 19379 I ThermalEngine: thresholds 40000 41000 42000
03-09 21:23:18.086 19379 19379 I ThermalEngine: thresholds_clr 38000 40000 41000
03-09 21:23:18.086 19379 19379 I ThermalEngine: actions cpu-cluster2 cpu-cluster2 cpu-cluster2
03-09 21:23:18.086 19379 19379 I ThermalEngine: action_info 1977600 1766400 1286400
03-09 21:23:18.086 19379 19379 I ThermalEngine: [MON-MSM-CPU4]
03-09 21:23:18.086 19379 19379 I ThermalEngine: algo_type monitor
03-09 21:23:18.086 19379 19379 I ThermalEngine: sampling 2000
03-09 21:23:18.086 19379 19379 I ThermalEngine: sensor FUSE_TEMP
03-09 21:23:18.086 19379 19379 I ThermalEngine: thresholds 40000 42000 44000 48000
03-09 21:23:18.086 19379 19379 I ThermalEngine: thresholds_clr 38000 40000 42000 46000
03-09 21:23:18.086 19379 19379 I ThermalEngine: actions cpu-cluster1 cpu-cluster1 cpu-cluster1 cpu-cluster1
03-09 21:23:18.086 19379 19379 I ThermalEngine: action_info 1804800 1651200 1555200 1382400
03-09 21:23:18.086 19379 19379 I ThermalEngine: [MON-MSM-CPU0]
03-09 21:23:18.086 19379 19379 I ThermalEngine: algo_type monitor
03-09 21:23:18.086 19379 19379 I ThermalEngine: sampling 2000
03-09 21:23:18.086 19379 19379 I ThermalEngine: sensor FUSE_TEMP
03-09 21:23:18.086 19379 19379 I ThermalEngine: thresholds 42000 45000 48000
03-09 21:23:18.086 19379 19379 I ThermalEngine: thresholds_clr 39000 42000 45000
03-09 21:23:18.086 19379 19379 I ThermalEngine: actions cpu-cluster0 cpu-cluster0 cpu-cluster0
03-09 21:23:18.086 19379 19379 I ThermalEngine: action_info 1363200 1228800 1094400
03-09 21:23:18.086 19379 19379 I ThermalEngine: [MON-CHG-BATT-SAFETY]
03-09 21:23:18.086 19379 19379 I ThermalEngine: algo_type monitor
03-09 21:23:18.086 19379 19379 I ThermalEngine: sampling 5000
03-09 21:23:18.086 19379 19379 I ThermalEngine: sensor BCHG_TEMP
03-09 21:23:18.086 19379 19379 I ThermalEngine: thresholds 45000 48000
03-09 21:23:18.086 19379 19379 I ThermalEngine: thresholds_clr 43000 46000
03-09 21:23:18.086 19379 19379 I ThermalEngine: actions battery battery
03-09 21:23:18.086 19379 19379 I ThermalEngine: action_info 2 1
03-09 21:23:18.086 19379 19379 I ThermalEngine: freezing
03-09 21:23:18.086 19379 19379 I ThermalEngine: [MON-CHG-BATT1]
03-09 21:23:18.086 19379 19379 I ThermalEngine: algo_type monitor
03-09 21:23:18.086 19379 19379 I ThermalEngine: sampling 5000
03-09 21:23:18.086 19379 19379 I ThermalEngine: sensor BCHG_TEMP
03-09 21:23:18.086 19379 19379 I ThermalEngine: thresholds 41000 42500 43000
03-09 21:23:18.086 19379 19379 I ThermalEngine: thresholds_clr 40000 41000 42000
03-09 21:23:18.086 19379 19379 I ThermalEngine: actions battery battery battery
03-09 21:23:18.086 19379 19379 I ThermalEngine: action_info 5 4 3
03-09 21:23:18.086 19379 19379 I ThermalEngine: override_c -2000
03-09 21:23:18.086 19379 19379 I ThermalEngine: freezing
03-09 21:23:18.086 19379 19379 I ThermalEngine: [MON-CHG-BATT0]
03-09 21:23:18.086 19379 19379 I ThermalEngine: algo_type monitor
03-09 21:23:18.086 19379 19379 I ThermalEngine: sampling 5000
03-09 21:23:18.086 19379 19379 I ThermalEngine: sensor BCHG_TEMP
03-09 21:23:18.086 19379 19379 I ThermalEngine: thresholds 39500
03-09 21:23:18.086 19379 19379 I ThermalEngine: thresholds_clr 38000
03-09 21:23:18.086 19379 19379 I ThermalEngine: actions battery
03-09 21:23:18.086 19379 19379 I ThermalEngine: action_info 6
03-09 21:23:18.086 19379 19379 I ThermalEngine: override_c -1500
03-09 21:23:18.086 19379 19379 I ThermalEngine: freezing
03-09 21:23:18.086 19379 19379 I ThermalEngine: [FREEZE-CHG]
03-09 21:23:18.086 19379 19379 I ThermalEngine: algo_type monitor
03-09 21:23:18.086 19379 19379 I ThermalEngine: sampling 2000
03-09 21:23:18.086 19379 19379 I ThermalEngine: sensor DETECT-WLS
03-09 21:23:18.086 19379 19379 I ThermalEngine: thresholds 1
03-09 21:23:18.086 19379 19379 I ThermalEngine: thresholds_clr 0
03-09 21:23:18.086 19379 19379 I ThermalEngine: actions freeze_rule
03-09 21:23:18.086 19379 19379 I ThermalEngine: action_info 1
03-09 21:23:18.086 19379 19379 I ThermalEngine: [OVERRIDE-CHG]
03-09 21:23:18.086 19379 19379 I ThermalEngine: algo_type monitor
03-09 21:23:18.086 19379 19379 I ThermalEngine: sampling 1000
03-09 21:23:18.086 19379 19379 I ThermalEngine: sensor DETECT-STANDBY
03-09 21:23:18.086 19379 19379 I ThermalEngine: thresholds 1
03-09 21:23:18.086 19379 19379 I ThermalEngine: thresholds_clr 0
03-09 21:23:18.086 19379 19379 I ThermalEngine: actions internal_override
03-09 21:23:18.086 19379 19379 I ThermalEngine: action_info 1
03-09 21:23:18.086 19379 19379 I ThermalEngine: [REPORT-BACK]
03-09 21:23:18.086 19379 19379 I ThermalEngine: algo_type monitor
03-09 21:23:18.086 19379 19379 I ThermalEngine: sampling 300000
03-09 21:23:18.086 19379 19379 I ThermalEngine: sensor BACK_TEMP
03-09 21:23:18.086 19379 19379 I ThermalEngine: thresholds 42000
03-09 21:23:18.086 19379 19379 I ThermalEngine: thresholds_clr 40000
03-09 21:23:18.087 19379 19379 I ThermalEngine: [SS-GPU]
03-09 21:23:18.087 19379 19379 I ThermalEngine: algo_type ss
03-09 21:23:18.087 19379 19379 I ThermalEngine: sampling 2000
03-09 21:23:18.087 19379 19379 I ThermalEngine: sensor FUSE_TEMP
03-09 21:23:18.087 19379 19379 I ThermalEngine: device gpu
03-09 21:23:18.087 19379 19379 I ThermalEngine: set_point 49000
03-09 21:23:18.087 19379 19379 I ThermalEngine: set_point_clr 48000
03-09 21:23:18.087 19379 19379 I ThermalEngine: time_constant 0
03-09 21:23:18.087 19379 19379 I ThermalEngine: [SS-CPU7]
03-09 21:23:18.087 19379 19379 I ThermalEngine: algo_type ss
03-09 21:23:18.087 19379 19379 I ThermalEngine: sampling 2000
03-09 21:23:18.087 19379 19379 I ThermalEngine: sensor FUSE_TEMP
03-09 21:23:18.087 19379 19379 I ThermalEngine: device cpu-cluster2
03-09 21:23:18.087 19379 19379 I ThermalEngine: set_point 38000
03-09 21:23:18.087 19379 19379 I ThermalEngine: set_point_clr 37000
03-09 21:23:18.087 19379 19379 I ThermalEngine: time_constant 0
03-09 21:23:18.087 19379 19379 I ThermalEngine: device_max_limit 2169600
03-09 21:23:18.087 19379 19379 I ThermalEngine: [SS-CPU4]
03-09 21:23:18.087 19379 19379 I ThermalEngine: algo_type ss
03-09 21:23:18.087 19379 19379 I ThermalEngine: sampling 2000
03-09 21:23:18.087 19379 19379 I ThermalEngine: sensor FUSE_TEMP
03-09 21:23:18.087 19379 19379 I ThermalEngine: device cpu-cluster1
03-09 21:23:18.087 19379 19379 I ThermalEngine: set_point 38000
03-09 21:23:18.087 19379 19379 I ThermalEngine: set_point_clr 37000
03-09 21:23:18.087 19379 19379 I ThermalEngine: time_constant 0
03-09 21:23:18.087 19379 19379 I ThermalEngine: device_max_limit 2054400
03-09 21:23:18.087  2300  2300 W ComposerExtn: DisplayExtnImpl::SetEarlyWakeUpConfig: HWC Display 2 is not registered!
03-09 21:23:18.087  2300  2300 D SurfaceFlinger: Finished setting power mode 0 on display 4630947043778501763
03-09 21:23:18.088  2214  2254 W ANDR-PERF-LM: FeatureState: readState() 151: warning: appName is NULL, returning default State
03-09 21:23:18.088  2214  2254 W ANDR-PERF-LM: FeatureState: readState() 151: warning: appName is NULL, returning default State
03-09 21:23:18.088  2214  2254 W ANDR-PERF-LM: FeatureState: readState() 151: warning: appName is NULL, returning default State
03-09 21:23:18.091 19379 19549 E ThermalEngine: limits_write_data_to_partition: Error opening lmh_cdsp sysfs
03-09 21:23:18.091 19379 19549 I ThermalEngine: limits_write_data_to_partition: thread exit
03-09 21:23:18.096  3163  5308 D SurfaceControl: Excessive delay in setPowerMode()
03-09 21:23:18.097  3163  5308 D PowerManagerService: nativeSetPowerMode ret:false mode:9 enabled:true duration ms: 0
03-09 21:23:18.100  3163  3229 V WindowManager: Content Recording: Display 1 state was (1), is now (1), so update recording?
03-09 21:23:18.100  3163  3229 D CLI/Transition: displaygroup 1, state OFF, pendingdisplaygroup -1
03-09 21:23:18.103  3163  3352 I WindowManager: Display 0 turning on...
03-09 21:23:18.108  3163  3352 I DisplayBrightnessStrategySelector: Changing the DisplayBrightnessStrategy from ScreenOffBrightnessStrategy to InvalidBrightnessStrategy for display 0
03-09 21:23:18.108  2064  2064 I sensors-hal: batch:206, android.sensor.light/51, period=250000000, max_latency=0
03-09 21:23:18.108  2064  2064 I sensors-hal: set_config:61, no need to adjust sample_period_ns due to reporting_mode = 2
03-09 21:23:18.108  2064  2064 I sensors-hal: batch:215, android.sensor.light/51, period=250000000, max_latency=0 request completed
03-09 21:23:18.108  2300  2300 E Scheduler: trackPendingFrame: Invalid present fence
03-09 21:23:18.109  2064  2064 I sensors-hal: activate:173, android.sensor.light/51 en=1
03-09 21:23:18.109  2064  2064 I sensors-hal: get_qmi_debug_flag:239, support_qmi_debug : false
03-09 21:23:18.110  7545  7545 I FileStationLog: [ FS_h$a ] - [Display] Changed display: 1
03-09 21:23:18.110  2061  2108 E minksocket: MinkIPC_QRTR_Service: client with node 1 port 63d7 went down
03-09 21:23:18.111  7545  7545 I FileStationLog: [ FS_h$a ] - [Display] Ignoring change for non-default/desktop display: 1
03-09 21:23:18.113  2061  2108 E minksocket: MinkIPC_QRTR_Service: client with node 1 port 63d8 went down
03-09 21:23:18.113  2061  2108 E minksocket: MinkIPC_QRTR_Service: client with node 1 port 63d9 went down
03-09 21:23:18.113  3163  7471 D WindowManager: mKeyguardDelegate.ShowListener.onDrawn.
03-09 21:23:18.113  2064  2064 E Diag_Lib: diag: Diag_LSM_Init: invoked for pid: 2064 with init_count: 0
03-09 21:23:18.113  3163  3229 W WindowManager: Setting mKeyguardDrawComplete
03-09 21:23:18.113  2061  2108 E minksocket: MinkIPC_QRTR_Service: client with node 1 port 63da went down
03-09 21:23:18.113  2064  2064 E Diag_Lib: diag:failed to connect to diag socket
03-09 21:23:18.113  2064  2064 E Diag_Lib:  Diag_LSM_Init: Failed to open handle to diag driver, error = 13
03-09 21:23:18.113  2064  2064 I sensors-hal: send_sensor_config_request:463, dt=ambient_light: convert sample_period=250000000 to batch_period=250000
03-09 21:23:18.113  2064  2064 I sensors-hal: send_sync_sensor_request:341, send sync request
03-09 21:23:18.113  2064  2064 I sensors-hal: send_sync_sensor_request:367, wait for notification of response
03-09 21:23:18.116  2064 19554 I sensors-hal: ssc_conn_resp_cb:632, resp_value = 0
03-09 21:23:18.116  2064  2064 I sensors-hal: send_sync_sensor_request:373, takes 3 ms to receive the response with 0
03-09 21:23:18.116  2064  2064 I sensors-hal: activate:184, android.sensor.light/51 en=1 completed
03-09 21:23:18.119  2064  2064 I sensors-hal: batch:206, com.motorola.sensor.alternate_light/65959, period=250000000, max_latency=0
03-09 21:23:18.119  2064  2064 I sensors-hal: set_config:61, no need to adjust sample_period_ns due to reporting_mode = 2
03-09 21:23:18.119  2064  2064 I sensors-hal: batch:215, com.motorola.sensor.alternate_light/65959, period=250000000, max_latency=0 request completed
03-09 21:23:18.120  2064  2064 I sensors-hal: activate:173, com.motorola.sensor.alternate_light/65959 en=1
03-09 21:23:18.121  2064  2064 I sensors-hal: get_qmi_debug_flag:239, support_qmi_debug : false
03-09 21:23:18.122  2061  2108 E minksocket: MinkIPC_QRTR_Service: client with node 1 port 63dc went down
03-09 21:23:18.122  2061  2108 E minksocket: MinkIPC_QRTR_Service: client with node 1 port 63dd went down
03-09 21:23:18.122  2061  2108 E minksocket: MinkIPC_QRTR_Service: client with node 1 port 63de went down
03-09 21:23:18.122  2064  2064 E Diag_Lib: diag: Diag_LSM_Init: invoked for pid: 2064 with init_count: 0
03-09 21:23:18.123  2064  2064 E Diag_Lib: diag:failed to connect to diag socket
03-09 21:23:18.123  2064  2064 E Diag_Lib:  Diag_LSM_Init: Failed to open handle to diag driver, error = 13
03-09 21:23:18.123  2064  2064 I sensors-hal: send_sensor_config_request:463, dt=ambient_light_1: convert sample_period=250000000 to batch_period=250000
03-09 21:23:18.123  2064  2064 I sensors-hal: send_sync_sensor_request:341, send sync request
03-09 21:23:18.123  2061  2108 E minksocket: MinkIPC_QRTR_Service: client with node 1 port 63df went down
03-09 21:23:18.123  2064  2064 I sensors-hal: send_sync_sensor_request:367, wait for notification of response
03-09 21:23:18.127  2064 19559 I sensors-hal: ssc_conn_resp_cb:632, resp_value = 0
03-09 21:23:18.127  2064  2064 I sensors-hal: send_sync_sensor_request:373, takes 4 ms to receive the response with 0
03-09 21:23:18.127  2064  2064 I sensors-hal: activate:184, com.motorola.sensor.alternate_light/65959 en=1 completed
03-09 21:23:18.128  3163  3352 V DisplayPowerController2[0]: Brightness [0.09709966] reason changing to: 'manual', previous reason: 'screen_off'.
03-09 21:23:18.128  3163  3352 I DisplayPowerController2[0]: 03-09 21:23:18.128 - BrightnessEvent: disp=0, physDisp=local:4630947043778501762, displayState=ON, displayPolicy=BRIGHT, brt=0.09709966, initBrt=0.0, rcmdBrt=NaN, preBrt=NaN, lux=NaN, preLux=NaN, brtNits=9.339912, hdrNits=NaN, initNits=3.1465538, preNits=NaN, rcmdNits=NaN, hdrBrightness=NaN, brt(%)=11%, brtInt=26, hbmPolicy=normal, hbmMax=0.85440856, hbmMode=off, rbcStrength=50, thrmMax=1.0, powerFactor=1.0, wasShortTermModelActive=false, flags=invalid_lux , reason=manual, autoBrightness=true, strategy=InvalidBrightnessStrategy, autoBrightnessMode=default
03-09 21:23:18.129  3163  5305 D PowerManagerService: nativeSetPowerMode ret:false mode:9 enabled:false duration ms: 0
03-09 21:23:18.129  2723 10837 E VendorTagDescriptor: lookupTag: Tag name 'support_get_property_2_0' does not exist.
03-09 21:23:18.129  3163  5305 D TouchHwAidlService: setDisplayState: mScreenOff=false
03-09 21:23:18.129  3163  5305 D LocalDisplayAdapter: setDisplayPowerMode mode=2 for display=android.os.BinderProxy@d90d011
03-09 21:23:18.129  2300  2300 D SurfaceFlinger: Setting power mode 2 on display 4630947043778501762
03-09 21:23:18.129  3163  3231 I DisplayDeviceRepository: Display device changed state: "Built-in Screen", ON
03-09 21:23:18.129  2064 19559 I sensors-hal: handle_indication_realtime:467,  SCHED_FIFO(10) for qmi_cbk
03-09 21:23:18.130  3163  3231 I InputManager-JNI: Viewport [0] to add: local:4630947043778501762, isActive: true
03-09 21:23:18.130  3163  3231 I InputManager-JNI: Viewport [1] to add: local:4630947043778501763, isActive: false
03-09 21:23:18.131  3163  3352 D BrightnessThermalClamper: Thermal status observer already started
03-09 21:23:18.131  3163  3352 D BrightnessThermalClamper: Thermal status observer already started
03-09 21:23:18.131  3163  4285 I InputReader: Reconfiguring input devices, changes=DISPLAY_INFO
03-09 21:23:18.132  3163  4285 I InputReader: Device reconfigured: id=7, name='goodix_ts', size 1080x2640, orientation Rotation0, mode DIRECT, display id 0
03-09 21:23:18.132  2067  8157 D AHAL: AudioDevice: SetParameters: 1564: enter: screen_state=on
03-09 21:23:18.132  2067  8157 D AHAL: AudioVoice: VoiceSetParameters: 87: Enter params: screen_state=on
03-09 21:23:18.132  2067  8157 D AHAL: AudioVoice: VoiceSetParameters: 360: Exit ret: 0
03-09 21:23:18.132  2067  8157 D AHAL: FM: fm_set_parameters: 262: Enter
03-09 21:23:18.132  2067  8157 D AHAL: FM: fm_set_parameters: 320: exit
03-09 21:23:18.132  2067  8157 D AHAL: AudioDevice: SetParameters: 1625:  - screen = on
03-09 21:23:18.132  2067  8157 I PAL: ResourceManager: setParameter: 8311: Screen State:1
03-09 21:23:18.132  2067  8157 D AHAL: AudioDevice: SetParameters: 2361: exit: screen_state=on
03-09 21:23:18.132  3163  4285 I InputReader: Disabling zinitix_mt (device 6) because the associated viewport is not active
03-09 21:23:18.132  3163  3229 D CLI/Transition: displaygroup 0, state ON, pendingdisplaygroup -1
03-09 21:23:18.132  3163  3229 I DisplayDevice: [0] Layerstack set to 0 for local:4630947043778501762 mDisplayToken=android.os.BinderProxy@d90d011 t=Transaction{mNativeObject=-5476376673043675440, mHashCode=0}
03-09 21:23:18.133  5993  5993 I NearbyDiscovery: (REDACTED) FastPairDisplayObserver: %s -> %s
03-09 21:23:18.133  3163  3231 D PanelsService: updateDefaultDisplayState: mScreenState=ON
03-09 21:23:18.134  3163  3231 W ServiceManagerCppClient: Failed to get isDeclared for com.motorola.hardware.display.panel.IDisplayPanel/default: Status(-1, EX_SECURITY): 'SELinux denied.'
03-09 21:23:18.134  3163  3231 D DisplayPanelService: Setting panel dc mode: 0
03-09 21:23:18.134  2090  2090 I DisplayPanel: setDcMode: DC mode = OFF
03-09 21:23:18.134  2090  2090 D DisplayPanel: setParam: Success set DC to 0 for Primary display
03-09 21:23:18.135  3163  3163 I BrightnessSynchronizer: New Update: {[2036] 0.09709966(f), mUpdatedTypes=0, mConfirmedTypes=0, mTimeUpdated=0, mState=2}
03-09 21:23:18.135  5993  8761 I NearbyDiscovery: (REDACTED) PureOffloadFastPairScanner: eventType=%s, isInternalReq=%s, isScanning=%s, isScanningAllowed=%s
03-09 21:23:18.136  5993  8761 I NearbyDiscovery: (REDACTED) ApFastPairScanner: isScreenOn=%s, isLocationEnabled=%s, disableLocationRequirement=%s, isDiscoveryScanningEnabled=%s, during24GhzWifiWarmingUpPeriod=%s
03-09 21:23:18.136  5993  8761 D BluetoothAdapter: isLeEnabled(): ON
03-09 21:23:18.136  5993  8761 I NearbyDiscovery: (REDACTED) ApFastPairScanner: eventType=%s, intReq=%s, scanning=%s, scanAllowed=%s, bleEnabled=%s, lockScanRate=%s, startScanningByLowPowerMode=%s
03-09 21:23:18.136  7545  7545 I FileStationLog: [ FS_h$a ] - [Display] Changed display: 0
03-09 21:23:18.136  7545  7545 I FileStationLog: [ FS_h ] - [Logic] Retrieved display info: LogicDisplayInfo(width=1080, height=2640, orientation=1, rotation=0, displayId=0)
03-09 21:23:18.136  7545  7545 I FileStationLog: [ FS_h$a ] - [Display] New logical size: 1080x2640
03-09 21:23:18.136  7545  7545 I FileStationLog: [ FS_h$a ] - [Display] Screen width unchanged: 1080
03-09 21:23:18.136  3163  3227 D TouchHwAidlService: updateDefaultDisplayState: mScreenOn=true
03-09 21:23:18.137  2064 19554 I sensors-hal: handle_indication_realtime:467,  SCHED_FIFO(10) for qmi_cbk
03-09 21:23:18.137 26976 27604 D MCLOG   : [BrightnessTrigger] onDisplayChanged displayId = 0
03-09 21:23:18.138  5658  6105 I bt_shim_scanner: system/main/shim/le_scanning_manager.cc:185 Scan: in shim layer stopped
03-09 21:23:18.138  5658  5907 I bluetooth: system/gd/hci/le_address_manager.cc:244 unregister_client: Client unregistered
03-09 21:23:18.138  5658  5907 I bluetooth: system/gd/hci/le_address_manager.cc:248 unregister_client: Cancelled address rotation alarm
03-09 21:23:18.138  5658  6105 W BtGatt.JNI: android/app/jni/com_android_bluetooth_gatt.cpp:1597 gattSetScanParametersNative: gattSetScanParametersNative
03-09 21:23:18.138  5658  6105 I bt_shim_scanner: system/main/shim/le_scanning_manager.cc:363 SetScanParameters: in shim layer, scannerId=1
03-09 21:23:18.138  5658  6105 I bt_shim_scanner: system/main/shim/le_scanning_manager.cc:185 Scan: in shim layer started
03-09 21:23:18.138  5658  5907 I bluetooth: system/gd/hci/le_scanning_manager.cc:690 stop_scan: Scanning already stopped, return!
03-09 21:23:18.138  5658  5907 I bluetooth: system/gd/hci/le_address_manager.cc:226 register_client: Scheduled address rotation for first client registered
03-09 21:23:18.138  5658  5907 I bluetooth: system/gd/hci/le_address_manager.cc:229 register_client: Client registered
03-09 21:23:18.139  2068  6060 I vendor.qti.bluetooth@1.0-ibs_handler: ProcessIbsCmd: Received IBS_WAKE_IND: 0xFD
03-09 21:23:18.139  2068  6060 I vendor.qti.bluetooth@1.0-ibs_handler: ProcessIbsCmd: Writing IBS_WAKE_ACK
03-09 21:23:18.139  2300  2300 I Scheduler: Display 4630947043778501762 is the pacesetter
03-09 21:23:18.139  2300  2300 I Scheduler: promotePacesetterDisplayLocked, mAcceptScrollEvent=1
03-09 21:23:18.139  2300  2300 I Scheduler: promotePacesetterDisplayLocked, mAcceptTouchNotBoostEvent=0
03-09 21:23:18.140  2300  2300 D SurfaceFlinger: Setting desired display mode specs: {0, false, PR={p[60.00-120.00]Hz, r[24.00-60.00]Hz}, AR={p[0.00-120.00]Hz, r[0.00-120.00]Hz}} for display 4630947043778501762
03-09 21:23:18.140  2300  2300 I SurfaceFlinger: Switching to Scheduler preferred mode 5 (60.00 Hz) for display 4630947043778501762
03-09 21:23:18.140  2300  2300 D DisplayModeController: setDesiredMode 4630947043778501762 {mode={fps=60.00 Hz, modePtr={id=5, vsyncRate=60.00 Hz, peakRefreshRate=60.00 Hz}}, emitEvent=true, force=false}
03-09 21:23:18.140  2195  2392 I SDM     : DisplayBase::SetDisplayState: Set state = 1, display 57-0, teardown = 0
03-09 21:23:18.140  2195  2392 I SDM     : HWDeviceDRM::NullCommit: Null commit succeeded crtc=141
03-09 21:23:18.141  2064  2064 I sensors-hal: batch:206, android.sensor.light/51, period=200000000, max_latency=0
03-09 21:23:18.141  2064  2064 I sensors-hal: set_config:61, no need to adjust sample_period_ns due to reporting_mode = 2
03-09 21:23:18.141  2064  2064 I sensors-hal: send_sensor_config_request:463, dt=ambient_light: convert sample_period=200000000 to batch_period=200000
03-09 21:23:18.141  2064  2064 I sensors-hal: send_sync_sensor_request:341, send sync request
03-09 21:23:18.141  2064  2064 I sensors-hal: send_sync_sensor_request:367, wait for notification of response
03-09 21:23:18.142 26976 27604 D MCLOG   : [BrightnessManager] displayId = 0 brightness = 0.09709966 nit = 9.339912 level = br1
03-09 21:23:18.142  3163  3229 W WindowManager: All windows drawn on display -1
03-09 21:23:18.143  3163  3229 D WindowManager: finishScreenTurningOn..
03-09 21:23:18.143  3163  3229 D WindowManager: enableScreen mKeyguardDrawnOnce=true awake=true mBootMessageNeedsHiding=false
03-09 21:23:18.143  5625  5625 I KgdSliceProvider: The weather info has not change, does not need to be updated. mTempF=-999 iconNumber=-999 celsius=true
03-09 21:23:18.143  2064 19554 I sensors-hal: ssc_conn_resp_cb:632, resp_value = 0
03-09 21:23:18.143  2064  2064 I sensors-hal: send_sync_sensor_request:373, takes 1 ms to receive the response with 0
03-09 21:23:18.143  2064  2064 I sensors-hal: batch:215, android.sensor.light/51, period=200000000, max_latency=0 request completed
03-09 21:23:18.144  3163  3229 W BoostOptController: not supported hint: 118
03-09 21:23:18.145  3163  3229 D CLI/Rotation: Set volume keyswap sysprop for rotation 0 lidState OPEN
03-09 21:23:18.149  5993  5993 D BoundBrokerSvc: onRebind: Intent { act=com.google.android.gms.libs.gmscorelogger.service.START dat=chimera-action:/... cmp=com.google.android.gms/.chimera.PersistentDirectBootAwareApiService }
03-09 21:23:18.154  3163  3231 W AccessibilityWindowsPopulator: The displayInfo of this displayId (0) called back from the surface fligner is null
03-09 21:23:18.178  3163  3465 I AppsFilter: interaction: PackageSetting{6d3fe75 io.appium.uiautomator2.server.test/10619} -> PackageSetting{262f36c com.squareup.cash/10453} BLOCKED
03-09 21:23:18.178  3163  3465 I AppsFilter: interaction: PackageSetting{7ebd67b com.oem.euiccpartnerapp/10302} -> PackageSetting{262f36c com.squareup.cash/10453} BLOCKED
03-09 21:23:18.178  3163  3465 I AppsFilter: interaction: PackageSetting{8e5fc98 io.appium.settings/10618} -> PackageSetting{262f36c com.squareup.cash/10453} BLOCKED
03-09 21:23:18.181  3163  4299 W PackageManager: Missing required system package: io.appium.settings, but found with extended search.
03-09 21:23:18.181  3163  4299 W PackageManager: Missing required system package: io.appium.settings, but found with extended search.
03-09 21:23:18.181  3163  4299 W PackageManager: Missing required system package: io.appium.settings, but found with extended search.
03-09 21:23:18.181 19379 19547 E ThermalEngine: First running, skip
03-09 21:23:18.181 19379 19547 I ThermalEngine: Monitor:ACTIVE:OVERRIDE-CHG:internal_override=1:DETECT-STANDBY=1
03-09 21:23:18.182  3163  3249 W PackageManager: Missing required system package: com.wallpaper.edge.aura, but found with extended search.
03-09 21:23:18.182 19379 19547 I ThermalEngine: ACTION: override_c - Setting override_c to 1
03-09 21:23:18.182  3163  3249 W PackageManager: Missing required system package: com.myklarnamobile, but found with extended search.
03-09 21:23:18.182 19379 19546 I ThermalEngine: Thermal-Server: Thermal received msg from  override_c
03-09 21:23:18.182  2068  6060 I vendor.qti.bluetooth@1.0-ibs_handler: ProcessIbsCmd: Received IBS_SLEEP_IND: 0xFE
03-09 21:23:18.182 19379 19562 I Thermal-Lib: Thermal-Lib-Client: Client request sent
03-09 21:23:18.184  3163  7479 W PackageManager: Missing required system package: com.opera.browser, but found with extended search.
03-09 21:23:18.184  3163  7479 W PackageManager: Missing required system package: com.openai.chatgpt, but found with extended search.
03-09 21:23:18.185  3163  7479 W PackageManager: Missing required system package: com.duckduckgo.mobile.android, but found with extended search.
03-09 21:23:18.185  3163  7479 W PackageManager: Missing required system package: com.duckduckgo.mobile.android, but found with extended search.
03-09 21:23:18.186  3163  7479 W PackageManager: Missing required system package: com.alibaba.aliexpresshd, but found with extended search.
03-09 21:23:18.188  5802  5802 D CarrierSvcBindHelper: onPackageModified: com.squareup.cash
03-09 21:23:18.189  5802  6047 D EuiccConnector: handleMessage: E msg.what=1
03-09 21:23:18.189  5802  6047 D EuiccConnector: processMsg: ConnectedState
03-09 21:23:18.189  3163  5221 D ShortcutService: received package broadcast intent: Intent { act=android.intent.action.PACKAGE_CHANGED dat=package: flg=0x45000010 (has extras) }
03-09 21:23:18.189  3163  5221 D ShortcutService: changing package: com.squareup.cash userId0
03-09 21:23:18.189  5802  6047 D EuiccConnector: processMsg: DisconnectedState
03-09 21:23:18.190  3163  5221 D ShortcutService: handlePackageChanged: com.squareup.cash user=0
03-09 21:23:18.190  3163  5221 D ShortcutService: rescanPackageIfNeeded 0@com.squareup.cash, forceRescan=true , isNewApp=false
03-09 21:23:18.191  5802  6047 D EuiccConnector: handleMessage: X
03-09 21:23:18.193  3163  3249 W AccessibilitySecurityPolicy: Skipping accessibility service com.myklarnamobile/io.cobrowse.CobrowseAccessibilityService: it does not require the permission android.permission.BIND_ACCESSIBILITY_SERVICE
03-09 21:23:18.198  3163  3163 I TrafficStatsCollector: Receive intent: android.intent.action.PACKAGE_CHANGED
03-09 21:23:18.198  3163  3163 I TrafficStatsCollector: Not com.tmobile.echolocate.system, pkgName=com.squareup.cash
03-09 21:23:18.199  3163  5221 W PackageManager: Missing required system package: com.squareup.cash, but found with extended search.
03-09 21:23:18.199  5802  5802 D CarrierSvcBindHelper: No carrier app for: 0
03-09 21:23:18.199  5802  5802 D CarrierSvcBindHelper: No carrier app for: 1
03-09 21:23:18.199  3163  5221 D ShortcutService: Package com.squareup.cash has 0 manifest shortcut(s), and 0 share target(s)
03-09 21:23:18.199  3163  5221 D ShortcutService: Package com.squareup.cash updated, version 5400007 -> 5400007
03-09 21:23:18.200  3163  3202 W PackageManager: Missing required system package: com.paypal.android.p2pmobile, but found with extended search.
03-09 21:23:18.201  3163  3202 W PackageManager: Missing required system package: com.paypal.android.p2pmobile, but found with extended search.
03-09 21:23:18.201  3163  7479 W PackageManager: Missing required system package: com.realbyteapps.moneymanagerfree, but found with extended search.
03-09 21:23:18.201  3163  3202 W PackageManager: Missing required system package: com.paypal.android.p2pmobile, but found with extended search.
03-09 21:23:18.201  3163  3202 W PackageManager: Missing required system package: com.snapdeal.main, but found with extended search.
03-09 21:23:18.201  3163  3202 W PackageManager: Missing required system package: com.lowes.android, but found with extended search.
03-09 21:23:18.202  3163  3202 W PackageManager: Missing required system package: com.chase.sig.android, but found with extended search.
03-09 21:23:18.202  3163  7451 W PackageManager: Missing required system package: com.realbyteapps.moneymanagerfree, but found with extended search.
03-09 21:23:18.202  3163  3202 W PackageManager: Missing required system package: com.bigbasket.mobileapp, but found with extended search.
03-09 21:23:18.203  3163  3249 W MagnificationConnectionManager: requestConnection duplicated request: connect=false, mConnectionState=DISCONNECTED
03-09 21:23:18.205  3163  7451 W PackageManager: Missing required system package: com.whatsapp, but found with extended search.
03-09 21:23:18.205  3163  5221 D ShortcutService: Package com.squareup.cash: publishing manifest shortcuts
03-09 21:23:18.208  5802  5802 E SmsApplication: com.google.android.apps.messaging lost android:read_cell_broadcasts:  (fixing)
03-09 21:23:18.209  3163  7479 W AppOpService: Ignored setUidMode call for runtime permission app op: uid = 10244, code = READ_CELL_BROADCASTS, mode = allow, callingUid = 1001, oldMode = allow
03-09 21:23:18.208 12048 23589 I PermissionControllerServiceImpl: Updating user sensitive for uid 10453
03-09 21:23:18.209  7314  7314 D MFL     : inside onPackageChanged 
03-09 21:23:18.210 11449 11470 I PackageUpdatedTask: Packages updated: [com.squareup.cash], mOp: 2, mUser: UserHandle{0}
03-09 21:23:18.210  6344  6641 I SQLiteCacheHelper: SqliteCacheHelper---->delete whereClause = componentName LIKE ? AND profileId = ?, whereArgs = com.squareup.cash/%;0;
03-09 21:23:18.210 11449 11470 D PackageUpdatedTask: Package updated: mOp=UPDATE packages=[com.squareup.cash]
03-09 21:23:18.210  6942  6942 W RegisteredComponentCache: Unable to load component info ResolveInfo{fd0f21c com.bigbasket.mobileapp/in.juspay.hypernfc.NfcActivity m=0x108000 userHandle=UserHandle{0}}
03-09 21:23:18.210  6942  6942 W RegisteredComponentCache: org.xmlpull.v1.XmlPullParserException: No android.nfc.action.TECH_DISCOVERED meta-data
03-09 21:23:18.210  6942  6942 W RegisteredComponentCache: 	at com.android.nfc.RegisteredComponentCache.parseComponentInfo(RegisteredComponentCache.java:223)
03-09 21:23:18.210  6942  6942 W RegisteredComponentCache: 	at com.android.nfc.RegisteredComponentCache.generateComponentsList(RegisteredComponentCache.java:187)
03-09 21:23:18.210  6942  6942 W RegisteredComponentCache: 	at com.android.nfc.RegisteredComponentCache$1.onReceive(RegisteredComponentCache.java:75)
03-09 21:23:18.210  6942  6942 W RegisteredComponentCache: 	at android.app.LoadedApk$ReceiverDispatcher$Args.lambda$getRunnable$0(LoadedApk.java:1832)
03-09 21:23:18.210  6942  6942 W RegisteredComponentCache: 	at android.app.LoadedApk$ReceiverDispatcher$Args.$r8$lambda$mcNAAl1SQ4MyJPyDg8TJ2x2h0Rk(Unknown Source:0)
03-09 21:23:18.210  6942  6942 W RegisteredComponentCache: 	at android.app.LoadedApk$ReceiverDispatcher$Args$$ExternalSyntheticLambda0.run(D8$$SyntheticClass:0)
03-09 21:23:18.210  6942  6942 W RegisteredComponentCache: 	at android.os.Handler.handleCallback(Handler.java:1001)
03-09 21:23:18.210  6942  6942 W RegisteredComponentCache: 	at android.os.Handler.dispatchMessage(Handler.java:105)
03-09 21:23:18.210  6942  6942 W RegisteredComponentCache: 	at android.os.Looper.loopOnce(Looper.java:268)
03-09 21:23:18.210  6942  6942 W RegisteredComponentCache: 	at android.os.Looper.loop(Looper.java:384)
03-09 21:23:18.210  6942  6942 W RegisteredComponentCache: 	at android.app.ActivityThread.main(ActivityThread.java:8921)
03-09 21:23:18.210  6942  6942 W RegisteredComponentCache: 	at java.lang.reflect.Method.invoke(Native Method)
03-09 21:23:18.210  6942  6942 W RegisteredComponentCache: 	at com.android.internal.os.RuntimeInit$MethodAndArgsCaller.run(RuntimeInit.java:580)
03-09 21:23:18.210  6942  6942 W RegisteredComponentCache: 	at com.android.internal.os.ZygoteInit.main(ZygoteInit.java:907)
03-09 21:23:18.210 11449 11470 I SQLiteCacheHelper: SqliteCacheHelper---->delete whereClause = componentName LIKE ? AND profileId = ?, whereArgs = com.squareup.cash/%;0;
03-09 21:23:18.213  5802  5802 E SmsApplication: isSystemPackage NameNotFoundException:com.motorola.cn.devicemigration
03-09 21:23:18.213  3163  3249 W PackageManager: Missing required system package: org.rajman.neshan.traffic.tehran.navigator, but found with extended search.
03-09 21:23:18.214  3163  3249 W PackageManager: Missing required system package: com.zhiliaoapp.musically, but found with extended search.
03-09 21:23:18.214  3163  7451 W AppOpService: Ignored setUidMode call for runtime permission app op: uid = 1001, code = READ_SMS, mode = allow, callingUid = 1001, oldMode = allow
03-09 21:23:18.214  3163  3249 W PackageManager: Missing required system package: com.zappos.android, but found with extended search.
03-09 21:23:18.214  3163  3249 W PackageManager: Missing required system package: com.whatsapp, but found with extended search.
03-09 21:23:18.214  3163  3249 W PackageManager: Missing required system package: com.twitter.android, but found with extended search.
03-09 21:23:18.214  3163  3249 W PackageManager: Missing required system package: com.tripadvisor.tripadvisor, but found with extended search.
03-09 21:23:18.214  3163  3249 W PackageManager: Missing required system package: com.tiktok.lite.go, but found with extended search.
03-09 21:23:18.214  3163  7451 W PackageManager: Missing required system package: com.squareup.cash, but found with extended search.
03-09 21:23:18.214  3163  3249 W PackageManager: Missing required system package: com.thirdframestudios.android.expensoor, but found with extended search.
03-09 21:23:18.215  3163  3249 W PackageManager: Missing required system package: com.spothero.spothero, but found with extended search.
03-09 21:23:18.215  3163  3249 W PackageManager: Missing required system package: com.revolut.revolut, but found with extended search.
03-09 21:23:18.215  3163  3249 W PackageManager: Missing required system package: com.reddit.frontpage, but found with extended search.
03-09 21:23:18.215  3163  3202 E PersistenceController: SettingNotFoundException: sv_custom_ai_icon_enabled
03-09 21:23:18.216  3163  3249 W PackageManager: Missing required system package: com.particlenews.newsbreak, but found with extended search.
03-09 21:23:18.216  3163  3249 W PackageManager: Missing required system package: com.opera.browser, but found with extended search.
03-09 21:23:18.216  3163  3249 W PackageManager: Missing required system package: com.opentable, but found with extended search.
03-09 21:23:18.216  3163  3249 W PackageManager: Missing required system package: com.nike.omega, but found with extended search.
03-09 21:23:18.216  3163  3249 W PackageManager: Missing required system package: com.mcdonalds.app, but found with extended search.
03-09 21:23:18.217  3163  3249 W PackageManager: Missing required system package: com.lemon.lvoverseas, but found with extended search.
03-09 21:23:18.218  3163  7451 W AppOpService: Ignored setUidMode call for runtime permission app op: uid = 1001, code = RECEIVE_SMS, mode = allow, callingUid = 1001, oldMode = allow
03-09 21:23:18.218  2064  4171 I slpi-MOT_HINGE: Hingeposture 110.0 tent:0 gpio:-1 flip:1 flat:1 b:2.1 9.1 3.1 39.7 37.6 0.3 f:2.0 5.9 -7.5 -308.8 14.6 -38.3
03-09 21:23:18.218  3163  3202 W AppOpService: Ignored setUidMode call for runtime permission app op: uid = 1001, code = RECEIVE_WAP_PUSH, mode = allow, callingUid = 1001, oldMode = allow
03-09 21:23:18.218  3163  3249 W PackageManager: Missing required system package: com.lemon.lvoverseas, but found with extended search.
03-09 21:23:18.218  3163  3202 W AppOpService: Ignored setUidMode call for runtime permission app op: uid = 1001, code = SEND_SMS, mode = allow, callingUid = 1001, oldMode = allow
03-09 21:23:18.218  3163  3249 W PackageManager: Missing required system package: com.lemon.lvoverseas, but found with extended search.
03-09 21:23:18.218  5625  5920 D Tile.ScreenshotTile: update state
03-09 21:23:18.218  3163  3202 W AppOpService: Ignored setUidMode call for runtime permission app op: uid = 1001, code = READ_CELL_BROADCASTS, mode = allow, callingUid = 1001, oldMode = allow
03-09 21:23:18.219  3163  3249 W PackageManager: Missing required system package: com.instagram.barcelona, but found with extended search.
03-09 21:23:18.219  3163  3249 W PackageManager: Missing required system package: com.instagram.android, but found with extended search.
03-09 21:23:18.219  3163  3249 W PackageManager: Missing required system package: com.facebook.katana, but found with extended search.
03-09 21:23:18.219  3163  3202 W PackageManager: Missing required system package: com.whatsapp, but found with extended search.
