03-09 21:20:40.836  3163  3185 W system_server: ApkAssets: Deleting an ApkAssets object '<empty> and /data/app/~~lrq2RvgkJOoEZf3skW_ldw==/com.chickfila.cfaflagship-7Mai2qZGzRnUDs_OGHMNOg==/split_config.xxhdpi.apk' with 1 weak references
03-09 21:20:40.836  3163  3185 W system_server: ApkAssets: Deleting an ApkAssets object '<empty> and /data/app/~~Wyxn9NG2Zmahd4O8TPDyRQ==/com.depop-iCdoCHFmCfnozqKk5xn6Ag==/base.apk' with 1 weak references
03-09 21:20:40.836  3163  3185 W system_server: ApkAssets: Deleting an ApkAssets object '<empty> and /data/app/~~Wyxn9NG2Zmahd4O8TPDyRQ==/com.depop-iCdoCHFmCfnozqKk5xn6Ag==/split_config.arm64_v8a.apk' with 1 weak references
03-09 21:20:40.836  3163  3185 W system_server: ApkAssets: Deleting an ApkAssets object '<empty> and /data/app/~~Wyxn9NG2Zmahd4O8TPDyRQ==/com.depop-iCdoCHFmCfnozqKk5xn6Ag==/split_config.en.apk' with 1 weak references
03-09 21:20:40.836  3163  3185 W system_server: ApkAssets: Deleting an ApkAssets object '<empty> and /data/app/~~Wyxn9NG2Zmahd4O8TPDyRQ==/com.depop-iCdoCHFmCfnozqKk5xn6Ag==/split_config.xxhdpi.apk' with 1 weak references
03-09 21:20:40.836  3163  3185 W system_server: ApkAssets: Deleting an ApkAssets object '<empty> and /data/app/~~OVVIMpaqStL7s_cMbnwrVw==/com.expedia.bookings-cf5r21Q8n48rWa1AfCU8Iw==/base.apk' with 1 weak references
03-09 21:20:40.836  3163  3185 W system_server: ApkAssets: Deleting an ApkAssets object '<empty> and /data/app/~~OVVIMpaqStL7s_cMbnwrVw==/com.expedia.bookings-cf5r21Q8n48rWa1AfCU8Iw==/split_config.arm64_v8a.apk' with 1 weak references
03-09 21:20:40.836  3163  3185 W system_server: ApkAssets: Deleting an ApkAssets object '<empty> and /data/app/~~OVVIMpaqStL7s_cMbnwrVw==/com.expedia.bookings-cf5r21Q8n48rWa1AfCU8Iw==/split_config.xxhdpi.apk' with 1 weak references
03-09 21:20:40.836  3163  3185 W system_server: ApkAssets: Deleting an ApkAssets object '<empty> and /data/app/~~a7IR0xZIjyZURVpIzTLipw==/com.facebook.katana-GTvcbiko37ipjTwfUlmK8g==/base.apk' with 1 weak references
03-09 21:20:40.837  3163  3185 W system_server: ApkAssets: Deleting an ApkAssets object '<empty> and /data/app/~~a7IR0xZIjyZURVpIzTLipw==/com.facebook.katana-GTvcbiko37ipjTwfUlmK8g==/split_heliumcore.apk' with 1 weak references
03-09 21:20:40.837  3163  3185 W system_server: ApkAssets: Deleting an ApkAssets object '<empty> and /data/app/~~a7IR0xZIjyZURVpIzTLipw==/com.facebook.katana-GTvcbiko37ipjTwfUlmK8g==/split_heliumiab.apk' with 1 weak references
03-09 21:20:40.837  3163  3185 W system_server: ApkAssets: Deleting an ApkAssets object '<empty> and /data/app/~~a7IR0xZIjyZURVpIzTLipw==/com.facebook.katana-GTvcbiko37ipjTwfUlmK8g==/split_pytorch.apk' with 1 weak references
03-09 21:20:40.837  3163  3185 W system_server: ApkAssets: Deleting an ApkAssets object '<empty> and /data/app/~~PdraRHyIIxL0WWYl8DnVpg==/com.instagram.android-yv9_sBZm9xNxBm56RlnXOA==/base.apk' with 1 weak references
03-09 21:20:40.837  3163  3185 W system_server: ApkAssets: Deleting an ApkAssets object '<empty> and /data/app/~~PdraRHyIIxL0WWYl8DnVpg==/com.instagram.android-yv9_sBZm9xNxBm56RlnXOA==/split_executorch.apk' with 1 weak references
03-09 21:20:40.837  3163  3185 W system_server: ApkAssets: Deleting an ApkAssets object '<empty> and /data/app/~~PdraRHyIIxL0WWYl8DnVpg==/com.instagram.android-yv9_sBZm9xNxBm56RlnXOA==/split_heliumcore.apk' with 1 weak references
03-09 21:20:40.837  3163  3185 W system_server: ApkAssets: Deleting an ApkAssets object '<empty> and /data/app/~~PdraRHyIIxL0WWYl8DnVpg==/com.instagram.android-yv9_sBZm9xNxBm56RlnXOA==/split_heliumiab.apk' with 1 weak references
03-09 21:20:40.837  3163  3185 W system_server: ApkAssets: Deleting an ApkAssets object '<empty> and /data/app/~~PdraRHyIIxL0WWYl8DnVpg==/com.instagram.android-yv9_sBZm9xNxBm56RlnXOA==/split_pytorch.apk' with 1 weak references
03-09 21:20:40.837  3163  3185 W system_server: ApkAssets: Deleting an ApkAssets object '<empty> and /data/app/~~OOR1hkd4YzhWR46dF3pDHA==/com.instagram.barcelona-Rrcll-4tjMoy20IA0HgV3g==/base.apk' with 1 weak references
03-09 21:20:40.837  3163  3185 W system_server: ApkAssets: Deleting an ApkAssets object '<empty> and /data/app/~~9TwJQzj6_tJYXMDMSSTEcA==/com.mcdonalds.app-2ouU5vOWrcG7_fbQNcQ5bw==/base.apk' with 1 weak references
03-09 21:20:40.838  3163  3185 W system_server: ApkAssets: Deleting an ApkAssets object '<empty> and /data/app/~~9TwJQzj6_tJYXMDMSSTEcA==/com.mcdonalds.app-2ouU5vOWrcG7_fbQNcQ5bw==/split_config.arm64_v8a.apk' with 1 weak references
03-09 21:20:40.838  3163  3185 W system_server: ApkAssets: Deleting an ApkAssets object '<empty> and /data/app/~~9TwJQzj6_tJYXMDMSSTEcA==/com.mcdonalds.app-2ouU5vOWrcG7_fbQNcQ5bw==/split_config.en.apk' with 1 weak references
03-09 21:20:40.838  3163  3185 W system_server: ApkAssets: Deleting an ApkAssets object '<empty> and /data/app/~~9TwJQzj6_tJYXMDMSSTEcA==/com.mcdonalds.app-2ouU5vOWrcG7_fbQNcQ5bw==/split_config.xxhdpi.apk' with 1 weak references
03-09 21:20:40.838  3163  3185 W system_server: ApkAssets: Deleting an ApkAssets object '<empty> and /data/app/~~M4ovXH2NiCp5cjF1vGvE2Q==/com.nike.omega-9WyEgsk_XHjS8aY3RIdUnQ==/base.apk' with 1 weak references
03-09 21:20:40.838  3163  3185 W system_server: ApkAssets: Deleting an ApkAssets object '<empty> and /data/app/~~Qj5mL28boUubg1GNIYv_5w==/com.opentable-brizENyq1HOPMRNeBzRJqA==/base.apk' with 1 weak references
03-09 21:20:40.838  3163  3185 W system_server: ApkAssets: Deleting an ApkAssets object '<empty> and /data/app/~~Qj5mL28boUubg1GNIYv_5w==/com.opentable-brizENyq1HOPMRNeBzRJqA==/split_config.arm64_v8a.apk' with 1 weak references
03-09 21:20:40.838  3163  3185 W system_server: ApkAssets: Deleting an ApkAssets object '<empty> and /data/app/~~Qj5mL28boUubg1GNIYv_5w==/com.opentable-brizENyq1HOPMRNeBzRJqA==/split_config.en.apk' with 1 weak references
03-09 21:20:40.839  3163  3185 W system_server: ApkAssets: Deleting an ApkAssets object '<empty> and /data/app/~~Qj5mL28boUubg1GNIYv_5w==/com.opentable-brizENyq1HOPMRNeBzRJqA==/split_config.xxhdpi.apk' with 1 weak references
03-09 21:20:40.839  3163  3185 W system_server: ApkAssets: Deleting an ApkAssets object '<empty> and /data/app/~~Iug2q9nTeR1wdAU2iml81Q==/com.opera.browser-vMfVfiqc3baYqNwADiSq1Q==/base.apk' with 1 weak references
03-09 21:20:40.839  3163  3185 W system_server: ApkAssets: Deleting an ApkAssets object '<empty> and /data/app/~~Iug2q9nTeR1wdAU2iml81Q==/com.opera.browser-vMfVfiqc3baYqNwADiSq1Q==/split_config.arm64_v8a.apk' with 1 weak references
03-09 21:20:40.839  3163  3185 W system_server: ApkAssets: Deleting an ApkAssets object '<empty> and /data/app/~~Iug2q9nTeR1wdAU2iml81Q==/com.opera.browser-vMfVfiqc3baYqNwADiSq1Q==/split_config.en.apk' with 1 weak references
03-09 21:20:40.839  3163  3185 W system_server: ApkAssets: Deleting an ApkAssets object '<empty> and /data/app/~~Iug2q9nTeR1wdAU2iml81Q==/com.opera.browser-vMfVfiqc3baYqNwADiSq1Q==/split_config.xxhdpi.apk' with 1 weak references
03-09 21:20:40.839  3163  3185 W system_server: ApkAssets: Deleting an ApkAssets object '<empty> and /data/app/~~D6ZwBgaoeo7wyHtuidX0cw==/com.particlenews.newsbreak-ucR9L6QQaXbAdPuIT32jQw==/base.apk' with 1 weak references
03-09 21:20:40.839  3163  3185 W system_server: ApkAssets: Deleting an ApkAssets object '<empty> and /data/app/~~D6ZwBgaoeo7wyHtuidX0cw==/com.particlenews.newsbreak-ucR9L6QQaXbAdPuIT32jQw==/split_config.arm64_v8a.apk' with 1 weak references
03-09 21:20:40.839  3163  3185 W system_server: ApkAssets: Deleting an ApkAssets object '<empty> and /data/app/~~D6ZwBgaoeo7wyHtuidX0cw==/com.particlenews.newsbreak-ucR9L6QQaXbAdPuIT32jQw==/split_config.xxhdpi.apk' with 1 weak references
03-09 21:20:40.839  3163  3185 W system_server: ApkAssets: Deleting an ApkAssets object '<empty> and /data/app/~~zxsfUze_LcZ2XQhoGc9yJA==/com.reddit.frontpage-leFQl_k4AQfGpQvPGB-rRQ==/base.apk' with 1 weak references
03-09 21:20:40.839  3163  3185 W system_server: ApkAssets: Deleting an ApkAssets object '<empty> and /data/app/~~zxsfUze_LcZ2XQhoGc9yJA==/com.reddit.frontpage-leFQl_k4AQfGpQvPGB-rRQ==/split_config.arm64_v8a.apk' with 1 weak references
03-09 21:20:40.839  3163  3185 W system_server: ApkAssets: Deleting an ApkAssets object '<empty> and /data/app/~~zxsfUze_LcZ2XQhoGc9yJA==/com.reddit.frontpage-leFQl_k4AQfGpQvPGB-rRQ==/split_config.en.apk' with 1 weak references
03-09 21:20:40.840  3163  3185 W system_server: ApkAssets: Deleting an ApkAssets object '<empty> and /data/app/~~zxsfUze_LcZ2XQhoGc9yJA==/com.reddit.frontpage-leFQl_k4AQfGpQvPGB-rRQ==/split_config.xxhdpi.apk' with 1 weak references
03-09 21:20:40.840  3163  3185 W system_server: ApkAssets: Deleting an ApkAssets object '<empty> and /data/app/~~9cquJl0xeMBAhXc48fFb6A==/com.spothero.spothero-UhTYnfY2RN6S1u0AA_1Btg==/base.apk' with 1 weak references
03-09 21:20:40.840  3163  3185 W system_server: ApkAssets: Deleting an ApkAssets object '<empty> and /data/app/~~--62CHfW8p3JuLakhFgsSw==/com.thirdframestudios.android.expensoor-AGQQHPGx6Blq9KySFpI96g==/base.apk' with 1 weak references
03-09 21:20:40.840  3163  3185 W system_server: ApkAssets: Deleting an ApkAssets object '<empty> and /data/app/~~--62CHfW8p3JuLakhFgsSw==/com.thirdframestudios.android.expensoor-AGQQHPGx6Blq9KySFpI96g==/split_config.xxhdpi.apk' with 1 weak references
03-09 21:20:40.840  3163  3185 W system_server: ApkAssets: Deleting an ApkAssets object '<empty> and /data/app/~~Zf71nOh2tZq1e-K_jP1dVg==/com.tiktok.lite.go-fUnmhrYWZZw6nb_Cyqdj6w==/base.apk' with 1 weak references
03-09 21:20:40.840  3163  3185 W system_server: ApkAssets: Deleting an ApkAssets object '<empty> and /data/app/~~Zf71nOh2tZq1e-K_jP1dVg==/com.tiktok.lite.go-fUnmhrYWZZw6nb_Cyqdj6w==/split_config.arm64_v8a.apk' with 1 weak references
03-09 21:20:40.840  3163  3185 W system_server: ApkAssets: Deleting an ApkAssets object '<empty> and /data/app/~~Zf71nOh2tZq1e-K_jP1dVg==/com.tiktok.lite.go-fUnmhrYWZZw6nb_Cyqdj6w==/split_config.en.apk' with 1 weak references
03-09 21:20:40.840  3163  3185 W system_server: ApkAssets: Deleting an ApkAssets object '<empty> and /data/app/~~Zf71nOh2tZq1e-K_jP1dVg==/com.tiktok.lite.go-fUnmhrYWZZw6nb_Cyqdj6w==/split_config.xxhdpi.apk' with 1 weak references
03-09 21:20:40.841  3163  3185 W system_server: ApkAssets: Deleting an ApkAssets object '<empty> and /data/app/~~Zf71nOh2tZq1e-K_jP1dVg==/com.tiktok.lite.go-fUnmhrYWZZw6nb_Cyqdj6w==/split_df_client_ai.apk' with 1 weak references
03-09 21:20:40.841  3163  3185 W system_server: ApkAssets: Deleting an ApkAssets object '<empty> and /data/app/~~Zf71nOh2tZq1e-K_jP1dVg==/com.tiktok.lite.go-fUnmhrYWZZw6nb_Cyqdj6w==/split_df_client_ai.config.arm64_v8a.apk' with 1 weak references
03-09 21:20:40.841  3163  3185 W system_server: ApkAssets: Deleting an ApkAssets object '<empty> and /data/app/~~Zf71nOh2tZq1e-K_jP1dVg==/com.tiktok.lite.go-fUnmhrYWZZw6nb_Cyqdj6w==/split_df_commonmonitor.apk' with 1 weak references
03-09 21:20:40.841  3163  3185 W system_server: ApkAssets: Deleting an ApkAssets object '<empty> and /data/app/~~Zf71nOh2tZq1e-K_jP1dVg==/com.tiktok.lite.go-fUnmhrYWZZw6nb_Cyqdj6w==/split_df_edit_effects.apk' with 1 weak references
03-09 21:20:40.841  3163  3185 W system_server: ApkAssets: Deleting an ApkAssets object '<empty> and /data/app/~~Zf71nOh2tZq1e-K_jP1dVg==/com.tiktok.lite.go-fUnmhrYWZZw6nb_Cyqdj6w==/split_df_edit_filter.apk' with 1 weak references
03-09 21:20:40.841  3163  3185 W system_server: ApkAssets: Deleting an ApkAssets object '<empty> and /data/app/~~Zf71nOh2tZq1e-K_jP1dVg==/com.tiktok.lite.go-fUnmhrYWZZw6nb_Cyqdj6w==/split_df_edit_sticker.apk' with 1 weak references
03-09 21:20:40.841  3163  3185 W system_server: ApkAssets: Deleting an ApkAssets object '<empty> and /data/app/~~Zf71nOh2tZq1e-K_jP1dVg==/com.tiktok.lite.go-fUnmhrYWZZw6nb_Cyqdj6w==/split_df_editor.apk' with 1 weak references
03-09 21:20:40.841  3163  3185 W system_server: ApkAssets: Deleting an ApkAssets object '<empty> and /data/app/~~Zf71nOh2tZq1e-K_jP1dVg==/com.tiktok.lite.go-fUnmhrYWZZw6nb_Cyqdj6w==/split_df_editor.config.arm64_v8a.apk' with 1 weak references
03-09 21:20:40.841  3163  3185 W system_server: ApkAssets: Deleting an ApkAssets object '<empty> and /data/app/~~Zf71nOh2tZq1e-K_jP1dVg==/com.tiktok.lite.go-fUnmhrYWZZw6nb_Cyqdj6w==/split_df_fusing.apk' with 1 weak references
03-09 21:20:40.841  3163  3185 W system_server: ApkAssets: Deleting an ApkAssets object '<empty> and /data/app/~~Zf71nOh2tZq1e-K_jP1dVg==/com.tiktok.lite.go-fUnmhrYWZZw6nb_Cyqdj6w==/split_df_lottie.apk' with 1 weak references
03-09 21:20:40.841  3163  3185 W system_server: ApkAssets: Deleting an ApkAssets object '<empty> and /data/app/~~Zf71nOh2tZq1e-K_jP1dVg==/com.tiktok.lite.go-fUnmhrYWZZw6nb_Cyqdj6w==/split_df_plugin_01.apk' with 1 weak references
03-09 21:20:40.841  3163  3185 W system_server: ApkAssets: Deleting an ApkAssets object '<empty> and /data/app/~~Zf71nOh2tZq1e-K_jP1dVg==/com.tiktok.lite.go-fUnmhrYWZZw6nb_Cyqdj6w==/split_df_plugin_01.config.arm64_v8a.apk' with 1 weak references
03-09 21:20:40.841  3163  3185 W system_server: ApkAssets: Deleting an ApkAssets object '<empty> and /data/app/~~Zf71nOh2tZq1e-K_jP1dVg==/com.tiktok.lite.go-fUnmhrYWZZw6nb_Cyqdj6w==/split_df_record_prop.apk' with 1 weak references
03-09 21:20:40.841  3163  3185 W system_server: ApkAssets: Deleting an ApkAssets object '<empty> and /data/app/~~Zf71nOh2tZq1e-K_jP1dVg==/com.tiktok.lite.go-fUnmhrYWZZw6nb_Cyqdj6w==/split_post_video.apk' with 1 weak references
03-09 21:20:40.841  3163  3185 W system_server: ApkAssets: Deleting an ApkAssets object '<empty> and /data/app/~~Z97Niyu1uC-XwffHVCGdFQ==/com.tripadvisor.tripadvisor-qAB0lYftb6j7vJk0bI7E7Q==/base.apk' with 1 weak references
03-09 21:20:40.841  3163  3185 W system_server: ApkAssets: Deleting an ApkAssets object '<empty> and /data/app/~~Z97Niyu1uC-XwffHVCGdFQ==/com.tripadvisor.tripadvisor-qAB0lYftb6j7vJk0bI7E7Q==/split_config.arm64_v8a.apk' with 1 weak references
03-09 21:20:40.841  3163  3185 W system_server: ApkAssets: Deleting an ApkAssets object '<empty> and /data/app/~~Z97Niyu1uC-XwffHVCGdFQ==/com.tripadvisor.tripadvisor-qAB0lYftb6j7vJk0bI7E7Q==/split_config.xxhdpi.apk' with 1 weak references
03-09 21:20:40.842  3163  3185 W system_server: ApkAssets: Deleting an ApkAssets object '<empty> and /data/app/~~u5jA1pACuKD9KRMd7__5ag==/com.twitter.android-dSM-xN7FPp-f9SIzDVaSVQ==/base.apk' with 1 weak references
03-09 21:20:40.842  3163  3185 W system_server: ApkAssets: Deleting an ApkAssets object '<empty> and /data/app/~~u5jA1pACuKD9KRMd7__5ag==/com.twitter.android-dSM-xN7FPp-f9SIzDVaSVQ==/split_config.arm64_v8a.apk' with 1 weak references
03-09 21:20:40.842  3163  3185 W system_server: ApkAssets: Deleting an ApkAssets object '<empty> and /data/app/~~u5jA1pACuKD9KRMd7__5ag==/com.twitter.android-dSM-xN7FPp-f9SIzDVaSVQ==/split_config.en.apk' with 1 weak references
03-09 21:20:40.842  3163  3185 W system_server: ApkAssets: Deleting an ApkAssets object '<empty> and /data/app/~~u5jA1pACuKD9KRMd7__5ag==/com.twitter.android-dSM-xN7FPp-f9SIzDVaSVQ==/split_config.xxhdpi.apk' with 1 weak references
03-09 21:20:40.842  3163  3185 W system_server: ApkAssets: Deleting an ApkAssets object '<empty> and /data/app/~~3_ADhpM_rFcy8awryRDUmw==/com.whatsapp-hUyYRGsmBSK8nxOG56iwyA==/base.apk' with 1 weak references
03-09 21:20:40.843  3163  3185 W system_server: ApkAssets: Deleting an ApkAssets object '<empty> and /data/app/~~3_ADhpM_rFcy8awryRDUmw==/com.whatsapp-hUyYRGsmBSK8nxOG56iwyA==/split_config.arm64_v8a.apk' with 1 weak references
03-09 21:20:40.843  3163  3185 W system_server: ApkAssets: Deleting an ApkAssets object '<empty> and /data/app/~~3_ADhpM_rFcy8awryRDUmw==/com.whatsapp-hUyYRGsmBSK8nxOG56iwyA==/split_config.xxhdpi.apk' with 1 weak references
03-09 21:20:40.843  3163  3185 W system_server: ApkAssets: Deleting an ApkAssets object '<empty> and /data/app/~~4M9pYcD1blUyB3s632xE9g==/com.zappos.android-rBkb004E5wY_9G9JMsIJbA==/base.apk' with 1 weak references
03-09 21:20:40.843  3163  3185 W system_server: ApkAssets: Deleting an ApkAssets object '<empty> and /data/app/~~4M9pYcD1blUyB3s632xE9g==/com.zappos.android-rBkb004E5wY_9G9JMsIJbA==/split_config.arm64_v8a.apk' with 1 weak references
03-09 21:20:40.843  3163  3185 W system_server: ApkAssets: Deleting an ApkAssets object '<empty> and /data/app/~~4M9pYcD1blUyB3s632xE9g==/com.zappos.android-rBkb004E5wY_9G9JMsIJbA==/split_config.xxhdpi.apk' with 1 weak references
03-09 21:20:40.843  3163  3185 W system_server: ApkAssets: Deleting an ApkAssets object '<empty> and /data/app/~~B5NvRb5Oitz3fXwk96kG-Q==/com.zhiliaoapp.musically-odZSW1aoFAlneyDuOFnpMg==/base.apk' with 1 weak references
03-09 21:20:40.843  3163  3185 W system_server: ApkAssets: Deleting an ApkAssets object '<empty> and /data/app/~~B5NvRb5Oitz3fXwk96kG-Q==/com.zhiliaoapp.musically-odZSW1aoFAlneyDuOFnpMg==/split_config.arm64_v8a.apk' with 1 weak references
03-09 21:20:40.843  3163  3185 W system_server: ApkAssets: Deleting an ApkAssets object '<empty> and /data/app/~~B5NvRb5Oitz3fXwk96kG-Q==/com.zhiliaoapp.musically-odZSW1aoFAlneyDuOFnpMg==/split_config.en.apk' with 1 weak references
03-09 21:20:40.843  3163  3185 W system_server: ApkAssets: Deleting an ApkAssets object '<empty> and /data/app/~~B5NvRb5Oitz3fXwk96kG-Q==/com.zhiliaoapp.musically-odZSW1aoFAlneyDuOFnpMg==/split_config.xxhdpi.apk' with 1 weak references
03-09 21:20:40.843  3163  3185 W system_server: ApkAssets: Deleting an ApkAssets object '<empty> and /data/app/~~B5NvRb5Oitz3fXwk96kG-Q==/com.zhiliaoapp.musically-odZSW1aoFAlneyDuOFnpMg==/split_df_ccdc_impl_ocr.apk' with 1 weak references
03-09 21:20:40.844  3163  3185 W system_server: ApkAssets: Deleting an ApkAssets object '<empty> and /data/app/~~B5NvRb5Oitz3fXwk96kG-Q==/com.zhiliaoapp.musically-odZSW1aoFAlneyDuOFnpMg==/split_df_ccdc_impl_ocr.config.arm64_v8a.apk' with 1 weak references
03-09 21:20:40.844  3163  3185 W system_server: ApkAssets: Deleting an ApkAssets object '<empty> and /data/app/~~B5NvRb5Oitz3fXwk96kG-Q==/com.zhiliaoapp.musically-odZSW1aoFAlneyDuOFnpMg==/split_df_ccdc_impl_ocr.config.xxhdpi.apk' with 1 weak references
03-09 21:20:40.844  3163  3185 W system_server: ApkAssets: Deleting an ApkAssets object '<empty> and /data/app/~~B5NvRb5Oitz3fXwk96kG-Q==/com.zhiliaoapp.musically-odZSW1aoFAlneyDuOFnpMg==/split_df_kids_mode.apk' with 1 weak references
03-09 21:20:40.844  3163  3185 W system_server: ApkAssets: Deleting an ApkAssets object '<empty> and /data/app/~~B5NvRb5Oitz3fXwk96kG-Q==/com.zhiliaoapp.musically-odZSW1aoFAlneyDuOFnpMg==/split_df_location.apk' with 1 weak references
03-09 21:20:40.844  3163  3185 W system_server: ApkAssets: Deleting an ApkAssets object '<empty> and /data/app/~~B5NvRb5Oitz3fXwk96kG-Q==/com.zhiliaoapp.musically-odZSW1aoFAlneyDuOFnpMg==/split_df_location.config.arm64_v8a.apk' with 1 weak references
03-09 21:20:40.844  3163  3185 W system_server: ApkAssets: Deleting an ApkAssets object '<empty> and /data/app/~~B5NvRb5Oitz3fXwk96kG-Q==/com.zhiliaoapp.musically-odZSW1aoFAlneyDuOFnpMg==/split_df_music_dsp.apk' with 1 weak references
03-09 21:20:40.844  3163  3185 W system_server: ApkAssets: Deleting an ApkAssets object '<empty> and /data/app/~~B5NvRb5Oitz3fXwk96kG-Q==/com.zhiliaoapp.musically-odZSW1aoFAlneyDuOFnpMg==/split_df_music_dsp.config.arm64_v8a.apk' with 1 weak references
03-09 21:20:40.844  3163  3185 W system_server: ApkAssets: Deleting an ApkAssets object '<empty> and /data/app/~~B5NvRb5Oitz3fXwk96kG-Q==/com.zhiliaoapp.musically-odZSW1aoFAlneyDuOFnpMg==/split_df_music_dsp.config.en.apk' with 1 weak references
03-09 21:20:40.844  3163  3185 W system_server: ApkAssets: Deleting an ApkAssets object '<empty> and /data/app/~~B5NvRb5Oitz3fXwk96kG-Q==/com.zhiliaoapp.musically-odZSW1aoFAlneyDuOFnpMg==/split_df_music_dsp.config.xxhdpi.apk' with 1 weak references
03-09 21:20:40.844  3163  3185 W system_server: ApkAssets: Deleting an ApkAssets object '<empty> and /data/app/~~B5NvRb5Oitz3fXwk96kG-Q==/com.zhiliaoapp.musically-odZSW1aoFAlneyDuOFnpMg==/split_df_pipo_bnpl.apk' with 1 weak references
03-09 21:20:40.844  3163  3185 W system_server: ApkAssets: Deleting an ApkAssets object '<empty> and /data/app/~~B5NvRb5Oitz3fXwk96kG-Q==/com.zhiliaoapp.musically-odZSW1aoFAlneyDuOFnpMg==/split_df_pipo_bnpl.config.arm64_v8a.apk' with 1 weak references
03-09 21:20:40.844  3163  3185 W system_server: ApkAssets: Deleting an ApkAssets object '<empty> and /data/app/~~B5NvRb5Oitz3fXwk96kG-Q==/com.zhiliaoapp.musically-odZSW1aoFAlneyDuOFnpMg==/split_df_pipo_bnpl.config.xxhdpi.apk' with 1 weak references
03-09 21:20:40.844  3163  3185 W system_server: ApkAssets: Deleting an ApkAssets object '<empty> and /data/app/~~B5NvRb5Oitz3fXwk96kG-Q==/com.zhiliaoapp.musically-odZSW1aoFAlneyDuOFnpMg==/split_df_pipo_external_payments.apk' with 1 weak references
03-09 21:20:40.844  3163  3185 W system_server: ApkAssets: Deleting an ApkAssets object '<empty> and /data/app/~~B5NvRb5Oitz3fXwk96kG-Q==/com.zhiliaoapp.musically-odZSW1aoFAlneyDuOFnpMg==/split_df_pipo_external_payments.config.arm64_v8a.apk' with 1 weak references
03-09 21:20:40.844  3163  3185 W system_server: ApkAssets: Deleting an ApkAssets object '<empty> and /data/app/~~B5NvRb5Oitz3fXwk96kG-Q==/com.zhiliaoapp.musically-odZSW1aoFAlneyDuOFnpMg==/split_df_pitaya.apk' with 1 weak references
03-09 21:20:40.844  3163  3185 W system_server: ApkAssets: Deleting an ApkAssets object '<empty> and /data/app/~~B5NvRb5Oitz3fXwk96kG-Q==/com.zhiliaoapp.musically-odZSW1aoFAlneyDuOFnpMg==/split_df_pitaya.config.arm64_v8a.apk' with 1 weak references
03-09 21:20:40.844  3163  3185 W system_server: ApkAssets: Deleting an ApkAssets object '<empty> and /data/app/~~B5NvRb5Oitz3fXwk96kG-Q==/com.zhiliaoapp.musically-odZSW1aoFAlneyDuOFnpMg==/split_df_placeholder.apk' with 1 weak references
03-09 21:20:40.844  3163  3185 W system_server: ApkAssets: Deleting an ApkAssets object '<empty> and /data/app/~~B5NvRb5Oitz3fXwk96kG-Q==/com.zhiliaoapp.musically-odZSW1aoFAlneyDuOFnpMg==/split_df_search_adblock.apk' with 1 weak references
03-09 21:20:40.844  3163  3185 W system_server: ApkAssets: Deleting an ApkAssets object '<empty> and /data/app/~~B5NvRb5Oitz3fXwk96kG-Q==/com.zhiliaoapp.musically-odZSW1aoFAlneyDuOFnpMg==/split_df_ship.apk' with 1 weak references
03-09 21:20:40.844  3163  3185 W system_server: ApkAssets: Deleting an ApkAssets object '<empty> and /data/app/~~B5NvRb5Oitz3fXwk96kG-Q==/com.zhiliaoapp.musically-odZSW1aoFAlneyDuOFnpMg==/split_df_ship.config.arm64_v8a.apk' with 1 weak references
03-09 21:20:40.844  3163  3185 W system_server: ApkAssets: Deleting an ApkAssets object '<empty> and /data/app/~~B5NvRb5Oitz3fXwk96kG-Q==/com.zhiliaoapp.musically-odZSW1aoFAlneyDuOFnpMg==/split_df_ship.config.en.apk' with 1 weak references
03-09 21:20:40.844  3163  3185 W system_server: ApkAssets: Deleting an ApkAssets object '<empty> and /data/app/~~B5NvRb5Oitz3fXwk96kG-Q==/com.zhiliaoapp.musically-odZSW1aoFAlneyDuOFnpMg==/split_df_tiktok_font.apk' with 1 weak references
03-09 21:20:40.844  3163  3185 W system_server: ApkAssets: Deleting an ApkAssets object '<empty> and /data/app/~~B5NvRb5Oitz3fXwk96kG-Q==/com.zhiliaoapp.musically-odZSW1aoFAlneyDuOFnpMg==/split_df_vmsdk.apk' with 1 weak references
03-09 21:20:40.844  3163  3185 W system_server: ApkAssets: Deleting an ApkAssets object '<empty> and /data/app/~~B5NvRb5Oitz3fXwk96kG-Q==/com.zhiliaoapp.musically-odZSW1aoFAlneyDuOFnpMg==/split_df_vmsdk.config.arm64_v8a.apk' with 1 weak references
03-09 21:20:40.844  3163  3185 W system_server: ApkAssets: Deleting an ApkAssets object '<empty> and /data/app/~~Kad7IjQBHObZ1D8LxEMSxA==/org.rajman.neshan.traffic.tehran.navigator-xBamZYQz67Exi8uz0LVBGA==/base.apk' with 1 weak references
03-09 21:20:40.845  3163  3185 W system_server: ApkAssets: Deleting an ApkAssets object '<empty> and /data/app/~~Kad7IjQBHObZ1D8LxEMSxA==/org.rajman.neshan.traffic.tehran.navigator-xBamZYQz67Exi8uz0LVBGA==/split_config.arm64_v8a.apk' with 1 weak references
03-09 21:20:40.845  3163  3185 W system_server: ApkAssets: Deleting an ApkAssets object '<empty> and /data/app/~~Kad7IjQBHObZ1D8LxEMSxA==/org.rajman.neshan.traffic.tehran.navigator-xBamZYQz67Exi8uz0LVBGA==/split_config.xxhdpi.apk' with 1 weak references
03-09 21:20:40.845  3163  3185 W system_server: ApkAssets: Deleting an ApkAssets object '<empty> and /data/app/~~Y1B4mLlv36Wo5S7IdcNUjw==/com.google.android.apps.docs-IaCDxOwUHMfie8KXet_7pA==/base.apk' with 1 weak references
03-09 21:20:40.845  3163  3185 W system_server: ApkAssets: Deleting an ApkAssets object '<empty> and /data/app/~~Y1B4mLlv36Wo5S7IdcNUjw==/com.google.android.apps.docs-IaCDxOwUHMfie8KXet_7pA==/split_config.arm64_v8a.apk' with 1 weak references
03-09 21:20:40.845  3163  3185 W system_server: ApkAssets: Deleting an ApkAssets object '<empty> and /data/app/~~Y1B4mLlv36Wo5S7IdcNUjw==/com.google.android.apps.docs-IaCDxOwUHMfie8KXet_7pA==/split_config.en.apk' with 1 weak references
03-09 21:20:40.845  3163  3185 W system_server: ApkAssets: Deleting an ApkAssets object '<empty> and /data/app/~~Y1B4mLlv36Wo5S7IdcNUjw==/com.google.android.apps.docs-IaCDxOwUHMfie8KXet_7pA==/split_config.xxhdpi.apk' with 1 weak references
03-09 21:20:40.845  3163  3185 W system_server: ApkAssets: Deleting an ApkAssets object '<empty> and /data/app/~~k_VEhQdnw4LTF2EOI_0nmg==/com.google.android.calendar-wbxr-qU9cdUX7SFf1Y77YA==/base.apk' with 1 weak references
03-09 21:20:40.845  3163  3185 W system_server: ApkAssets: Deleting an ApkAssets object '<empty> and /data/app/~~k_VEhQdnw4LTF2EOI_0nmg==/com.google.android.calendar-wbxr-qU9cdUX7SFf1Y77YA==/split_config.arm64_v8a.apk' with 1 weak references
03-09 21:20:40.845  3163  3185 W system_server: ApkAssets: Deleting an ApkAssets object '<empty> and /data/app/~~k_VEhQdnw4LTF2EOI_0nmg==/com.google.android.calendar-wbxr-qU9cdUX7SFf1Y77YA==/split_config.en.apk' with 1 weak references
03-09 21:20:40.846  3163  3185 W system_server: ApkAssets: Deleting an ApkAssets object '<empty> and /data/app/~~k_VEhQdnw4LTF2EOI_0nmg==/com.google.android.calendar-wbxr-qU9cdUX7SFf1Y77YA==/split_config.xxhdpi.apk' with 1 weak references
03-09 21:20:40.846  3163  3185 W system_server: ApkAssets: Deleting an ApkAssets object '<empty> and /data/app/~~3bXsU8iBOWzY57ognBKkMA==/com.google.android.videos-0eSWOSXbjWGnvcaf00LPxQ==/base.apk' with 1 weak references
03-09 21:20:40.846  3163  3185 W system_server: ApkAssets: Deleting an ApkAssets object '<empty> and /data/app/~~3bXsU8iBOWzY57ognBKkMA==/com.google.android.videos-0eSWOSXbjWGnvcaf00LPxQ==/split_config.arm64_v8a.apk' with 1 weak references
03-09 21:20:40.846  3163  3185 W system_server: ApkAssets: Deleting an ApkAssets object '<empty> and /data/app/~~3bXsU8iBOWzY57ognBKkMA==/com.google.android.videos-0eSWOSXbjWGnvcaf00LPxQ==/split_config.en.apk' with 1 weak references
03-09 21:20:40.846  3163  3185 W system_server: ApkAssets: Deleting an ApkAssets object '<empty> and /data/app/~~3bXsU8iBOWzY57ognBKkMA==/com.google.android.videos-0eSWOSXbjWGnvcaf00LPxQ==/split_config.xxhdpi.apk' with 1 weak references
03-09 21:20:40.846  3163  3185 W system_server: ApkAssets: Deleting an ApkAssets object '<empty> and /data/app/~~R3YpF78LlfKpAjmeAwD_hA==/com.google.android.apps.docs.editors.docs-dq7HV5gVOBV0ngzMwFBIbQ==/base.apk' with 1 weak references
03-09 21:20:40.846  3163  3185 W system_server: ApkAssets: Deleting an ApkAssets object '<empty> and /data/app/~~R3YpF78LlfKpAjmeAwD_hA==/com.google.android.apps.docs.editors.docs-dq7HV5gVOBV0ngzMwFBIbQ==/split_config.arm64_v8a.apk' with 1 weak references
03-09 21:20:40.846  3163  3185 W system_server: ApkAssets: Deleting an ApkAssets object '<empty> and /data/app/~~R3YpF78LlfKpAjmeAwD_hA==/com.google.android.apps.docs.editors.docs-dq7HV5gVOBV0ngzMwFBIbQ==/split_config.en.apk' with 1 weak references
03-09 21:20:40.846  3163  3185 W system_server: ApkAssets: Deleting an ApkAssets object '<empty> and /data/app/~~R3YpF78LlfKpAjmeAwD_hA==/com.google.android.apps.docs.editors.docs-dq7HV5gVOBV0ngzMwFBIbQ==/split_config.xxhdpi.apk' with 1 weak references
03-09 21:20:40.847  3163  3185 W system_server: ApkAssets: Deleting an ApkAssets object '<empty> and /data/app/~~fu37WIOHykOQ0PXvmrpRfg==/com.google.android.apps.docs.editors.sheets-CtE_NfrD_T-Ms4FAaHKWkA==/base.apk' with 1 weak references
03-09 21:20:40.847  3163  3185 W system_server: ApkAssets: Deleting an ApkAssets object '<empty> and /data/app/~~fu37WIOHykOQ0PXvmrpRfg==/com.google.android.apps.docs.editors.sheets-CtE_NfrD_T-Ms4FAaHKWkA==/split_config.arm64_v8a.apk' with 1 weak references
03-09 21:20:40.847  3163  3185 W system_server: ApkAssets: Deleting an ApkAssets object '<empty> and /data/app/~~fu37WIOHykOQ0PXvmrpRfg==/com.google.android.apps.docs.editors.sheets-CtE_NfrD_T-Ms4FAaHKWkA==/split_config.en.apk' with 1 weak references
03-09 21:20:40.847  3163  3185 W system_server: ApkAssets: Deleting an ApkAssets object '<empty> and /data/app/~~fu37WIOHykOQ0PXvmrpRfg==/com.google.android.apps.docs.editors.sheets-CtE_NfrD_T-Ms4FAaHKWkA==/split_config.xxhdpi.apk' with 1 weak references
03-09 21:20:40.847  3163  3185 W system_server: ApkAssets: Deleting an ApkAssets object '<empty> and /data/app/~~7FNy4Gsr4V6UBSMsgk_oJw==/com.google.android.apps.docs.editors.slides-SuaHQpVvTT6kmJWQ2UH5jg==/base.apk' with 1 weak references
03-09 21:20:40.847  3163  3185 W system_server: ApkAssets: Deleting an ApkAssets object '<empty> and /data/app/~~7FNy4Gsr4V6UBSMsgk_oJw==/com.google.android.apps.docs.editors.slides-SuaHQpVvTT6kmJWQ2UH5jg==/split_config.arm64_v8a.apk' with 1 weak references
03-09 21:20:40.847  3163  3185 W system_server: ApkAssets: Deleting an ApkAssets object '<empty> and /data/app/~~7FNy4Gsr4V6UBSMsgk_oJw==/com.google.android.apps.docs.editors.slides-SuaHQpVvTT6kmJWQ2UH5jg==/split_config.en.apk' with 1 weak references
03-09 21:20:40.847  3163  3185 W system_server: ApkAssets: Deleting an ApkAssets object '<empty> and /data/app/~~7FNy4Gsr4V6UBSMsgk_oJw==/com.google.android.apps.docs.editors.slides-SuaHQpVvTT6kmJWQ2UH5jg==/split_config.xxhdpi.apk' with 1 weak references
03-09 21:20:40.848  3163  3185 W system_server: ApkAssets: Deleting an ApkAssets object '<empty> and /data/app/~~ihhpdKAUGYgFicZfh81seA==/com.google.android.apps.magazines-7a2WXt4lfpKq-vw3ESU-LQ==/base.apk' with 1 weak references
03-09 21:20:40.848  3163  3185 W system_server: ApkAssets: Deleting an ApkAssets object '<empty> and /data/app/~~ihhpdKAUGYgFicZfh81seA==/com.google.android.apps.magazines-7a2WXt4lfpKq-vw3ESU-LQ==/split_config.arm64_v8a.apk' with 1 weak references
03-09 21:20:40.848  3163  3185 W system_server: ApkAssets: Deleting an ApkAssets object '<empty> and /data/app/~~ihhpdKAUGYgFicZfh81seA==/com.google.android.apps.magazines-7a2WXt4lfpKq-vw3ESU-LQ==/split_config.en.apk' with 1 weak references
03-09 21:20:40.848  3163  3185 W system_server: ApkAssets: Deleting an ApkAssets object '<empty> and /data/app/~~ihhpdKAUGYgFicZfh81seA==/com.google.android.apps.magazines-7a2WXt4lfpKq-vw3ESU-LQ==/split_config.xxhdpi.apk' with 1 weak references
03-09 21:20:40.848  3163  3185 W system_server: ApkAssets: Deleting an ApkAssets object '<empty> and /system_ext/priv-app/SystemUI/SystemUI.apk' with 1 weak references
03-09 21:20:40.848  3163  3185 W system_server: ApkAssets: Deleting an ApkAssets object '/vendor/overlay/SystemUI__auto_generated_rro_vendor.apk' with 1 weak references
03-09 21:20:40.849  3163  3185 W system_server: ApkAssets: Deleting an ApkAssets object '/product/overlay/SystemUI__lynkco_g__auto_generated_rro_product.apk' with 1 weak references
03-09 21:20:40.849  3163  3185 W system_server: ApkAssets: Deleting an ApkAssets object '<empty> and /system_ext/app/AccessibilityMenu/AccessibilityMenu.apk' with 1 weak references
03-09 21:20:40.849  3163  3185 W system_server: ApkAssets: Deleting an ApkAssets object '/product/overlay/AccessibilityMenu__lynkco_g__auto_generated_rro_product.apk' with 1 weak references
03-09 21:20:40.849  3163  3185 W system_server: ApkAssets: Deleting an ApkAssets object '<empty> and /data/app/~~uWGbRlFtroq_7447dZm7dw==/com.google.android.accessibility.switchaccess-xA0UPigBNxEMZ7HOoPGTZA==/base.apk' with 1 weak references
03-09 21:20:40.849  3163  3185 W system_server: ApkAssets: Deleting an ApkAssets object '<empty> and /data/app/~~uWGbRlFtroq_7447dZm7dw==/com.google.android.accessibility.switchaccess-xA0UPigBNxEMZ7HOoPGTZA==/split_config.arm64_v8a.apk' with 1 weak references
03-09 21:20:40.850  3163  3185 W system_server: ApkAssets: Deleting an ApkAssets object '<empty> and /data/app/~~a61RY6Qx18jBMI_fV4ljFg==/com.google.android.marvin.talkback-Ati-iDwnNtkdm0_NcUbqgA==/base.apk' with 1 weak references
03-09 21:20:40.850  3163  3185 W system_server: ApkAssets: Deleting an ApkAssets object '<empty> and /data/app/~~a61RY6Qx18jBMI_fV4ljFg==/com.google.android.marvin.talkback-Ati-iDwnNtkdm0_NcUbqgA==/split_config.arm64_v8a.apk' with 1 weak references
03-09 21:20:40.850  3163  3185 W system_server: ApkAssets: Deleting an ApkAssets object '<empty> and /data/app/~~1asQlHe4ss6Dq6F67EJdXA==/com.motorola.spaces-Pi47YxvN27lYXfiiacp76Q==/base.apk' with 1 weak references
03-09 21:20:40.851  3163  3185 W system_server: ApkAssets: Deleting an ApkAssets object '<empty> and /data/app/~~1asQlHe4ss6Dq6F67EJdXA==/com.motorola.spaces-Pi47YxvN27lYXfiiacp76Q==/split_config.arm64_v8a.apk' with 1 weak references
03-09 21:20:40.851  3163  3185 W system_server: ApkAssets: Deleting an ApkAssets object '<empty> and /data/app/~~1asQlHe4ss6Dq6F67EJdXA==/com.motorola.spaces-Pi47YxvN27lYXfiiacp76Q==/split_config.en.apk' with 1 weak references
03-09 21:20:40.851  3163  3185 W system_server: ApkAssets: Deleting an ApkAssets object '<empty> and /data/app/~~1asQlHe4ss6Dq6F67EJdXA==/com.motorola.spaces-Pi47YxvN27lYXfiiacp76Q==/split_config.xxhdpi.apk' with 1 weak references
03-09 21:20:40.851  3163  3185 W system_server: ApkAssets: Deleting an ApkAssets object '<empty> and /data/app/~~0LW9L7PNrlbEFVAaeJIPEw==/com.wallpaper.edge.aura-TB7mU8vxd5gCRYp9Rio69Q==/base.apk' with 1 weak references
03-09 21:20:40.851  3163  3185 W system_server: ApkAssets: Deleting an ApkAssets object '<empty> and /data/app/~~0LW9L7PNrlbEFVAaeJIPEw==/com.wallpaper.edge.aura-TB7mU8vxd5gCRYp9Rio69Q==/split_config.arm64_v8a.apk' with 1 weak references
03-09 21:20:40.851  3163  3185 W system_server: ApkAssets: Deleting an ApkAssets object '<empty> and /data/app/~~0LW9L7PNrlbEFVAaeJIPEw==/com.wallpaper.edge.aura-TB7mU8vxd5gCRYp9Rio69Q==/split_config.en.apk' with 1 weak references
03-09 21:20:40.851  3163  3185 W system_server: ApkAssets: Deleting an ApkAssets object '<empty> and /data/app/~~0LW9L7PNrlbEFVAaeJIPEw==/com.wallpaper.edge.aura-TB7mU8vxd5gCRYp9Rio69Q==/split_config.xxhdpi.apk' with 1 weak references
03-09 21:20:40.852  3163  3185 W System  : A resource failed to call HardwareBuffer.close. 
03-09 21:20:40.853  3163  3185 W System  : A resource failed to call release. 
03-09 21:20:40.853  3163  3185 W System  : A resource failed to call HardwareBuffer.close. 
03-09 21:20:40.854  3163  3185 W System  : A resource failed to call release. 
03-09 21:20:40.855  3163  3185 W system_server: ApkAssets: Deleting an ApkAssets object '<empty> and /data/app/~~Pkll9iWpOufiF5Vroq3i2Q==/com.google.android.googlequicksearchbox-8QqLMWcu0NE38rJpLBTqsw==/base.apk' with 1 weak references
03-09 21:20:40.855  3163  3185 W system_server: ApkAssets: Deleting an ApkAssets object '<empty> and /data/app/~~Pkll9iWpOufiF5Vroq3i2Q==/com.google.android.googlequicksearchbox-8QqLMWcu0NE38rJpLBTqsw==/split_config.xxhdpi.apk' with 1 weak references
03-09 21:20:40.856  3163  3185 W system_server: ApkAssets: Deleting an ApkAssets object '<empty> and /data/app/~~Pkll9iWpOufiF5Vroq3i2Q==/com.google.android.googlequicksearchbox-8QqLMWcu0NE38rJpLBTqsw==/split_lens_ondevice_engine_play_ml_module.apk' with 1 weak references
03-09 21:20:40.857  3163  3185 W System  : A resource failed to call HardwareBuffer.close. 
03-09 21:20:40.977  5993  5993 D BoundBrokerSvc: onRebind: Intent { act=com.google.android.gms.libs.gmscorelogger.service.START dat=chimera-action:/... cmp=com.google.android.gms/.chimera.PersistentDirectBootAwareApiService }
03-09 21:20:41.005 14226 14226 I ImeTracker: com.squareup.cash:ad3f25bf: onRequestHide at ORIGIN_CLIENT reason HIDE_SOFT_INPUT_ON_ANIMATION_STATE_CHANGED fromUser false
03-09 21:20:41.006  3163  4298 I ImeTracker: com.squareup.cash:ad3f25bf: onCancelled at PHASE_SERVER_SHOULD_HIDE
03-09 21:20:41.007  5625  5669 V WindowManagerShell: Transition requested (#872): android.os.BinderProxy@186c8a TransitionRequestInfo { type = SLEEP, triggerTask = null, pipTask = null, remoteTransition = null, displayChange = null, flags = 0, debugId = 872 }
03-09 21:20:41.008 14226 14226 I ImeTracker: com.squareup.cash:338eff7c: onHidden
03-09 21:20:41.009  3163  3227 V WindowManager: Sent Transition (#872) createdAt=03-09 21:20:41.006 via request=TransitionRequestInfo { type = SLEEP, triggerTask = null, pipTask = null, remoteTransition = null, displayChange = null, flags = 0, debugId = 872 }
03-09 21:20:41.009  3163  3227 V WindowManager:     startWCT=null
03-09 21:20:41.009  5625 10961 V WindowManagerShell: onTransitionReady(transaction=13584981617236)
03-09 21:20:41.009  3163  3227 V WindowManager:     info={id=872 t=SLEEP f=0x40 trk=0 r=[] c=[]}
03-09 21:20:41.009  3163  8251 W Transition: Transition already started id=872 state=2
03-09 21:20:41.010  5625  5669 V WindowManagerShell: onTransitionReady (#872) android.os.BinderProxy@186c8a: {id=872 t=SLEEP f=0x40 trk=0 r=[] c=[]}
03-09 21:20:41.010  5625  5669 V WindowManagerShell: No transition roots in (#872) android.os.BinderProxy@186c8a@0 so abort
03-09 21:20:41.010  5625  5669 V WindowManagerShell: Transition animation finished (aborted=true), notifying core (#872) android.os.BinderProxy@186c8a@0
03-09 21:20:41.012  3163  3227 V WindowManager: Finish Transition (#872): created at 03-09 21:20:41.006 collect-started=0.12ms request-sent=0.353ms started=0.768ms ready=0.761ms sent=0.981ms finished=4.66ms
03-09 21:20:41.012  5625  5669 V WindowManagerShell: Track 0 became idle
03-09 21:20:41.012  5625  5669 V WindowManagerShell: All active transition animations finished
03-09 21:20:41.013  3163  5853 W UserManagerService: Requested status bar icon for non-badged user 0
03-09 21:20:41.017 10834 10847 W SP      : File ref is being finalized but wasn't closed, file: 7a635888cb828dfa2fc744b7b9b50f04[76]
03-09 21:20:41.021 10834 10847 W SP      : File ref is being finalized but wasn't closed, file: 2020031023_en[205]
03-09 21:20:41.021 10834 10847 W SP      : File ref is being finalized but wasn't closed, file: 2020031023_en[205]
03-09 21:20:41.021 10834 10847 W SP      : File ref is being finalized but wasn't closed, file: 2020031023_en[205]
03-09 21:20:41.021 10834 10847 W SP      : File ref is being finalized but wasn't closed, file: 2020031023_en[205]
03-09 21:20:41.058  3163  3231 W AccessibilityWindowsPopulator: The displayInfo of this displayId (0) called back from the surface fligner is null
03-09 21:20:41.063 14043 14043 I AidlLazyServiceRegistrar: Process has 0 (of 1 available) client(s) in use after notification artd has clients: 0
03-09 21:20:41.064 14043 14043 I AidlLazyServiceRegistrar: Trying to shut down the service. No clients in use for any service in process.
03-09 21:20:41.064 14043 14043 I AidlLazyServiceRegistrar: Unregistered all clients and exiting
03-09 21:20:41.137  3163  3465 I AppsFilter: interaction: PackageSetting{6d3fe75 io.appium.uiautomator2.server.test/10619} -> PackageSetting{73768e8 com.squareup.cash/10453} BLOCKED
03-09 21:20:41.139  3163  3465 I AppsFilter: interaction: PackageSetting{7ebd67b com.oem.euiccpartnerapp/10302} -> PackageSetting{73768e8 com.squareup.cash/10453} BLOCKED
03-09 21:20:41.140  3163  3465 I AppsFilter: interaction: PackageSetting{8e5fc98 io.appium.settings/10618} -> PackageSetting{73768e8 com.squareup.cash/10453} BLOCKED
03-09 21:20:41.151  3163  4299 W PackageManager: Missing required system package: io.appium.settings, but found with extended search.
03-09 21:20:41.151  3163  4299 W PackageManager: Missing required system package: io.appium.settings, but found with extended search.
03-09 21:20:41.151  3163  4299 W PackageManager: Missing required system package: io.appium.settings, but found with extended search.
03-09 21:20:41.155  3163  3249 W PackageManager: Missing required system package: org.rajman.neshan.traffic.tehran.navigator, but found with extended search.
03-09 21:20:41.156  3163  3249 W PackageManager: Missing required system package: com.zhiliaoapp.musically, but found with extended search.
03-09 21:20:41.157  3163  3249 W PackageManager: Missing required system package: com.zappos.android, but found with extended search.
03-09 21:20:41.157  3163  3249 W PackageManager: Missing required system package: com.whatsapp, but found with extended search.
03-09 21:20:41.159  3163  7000 W PackageManager: Missing required system package: com.opera.browser, but found with extended search.
03-09 21:20:41.160  3163  7000 W PackageManager: Missing required system package: com.openai.chatgpt, but found with extended search.
03-09 21:20:41.161  3163  7000 W PackageManager: Missing required system package: com.duckduckgo.mobile.android, but found with extended search.
03-09 21:20:41.161  3163  7000 W PackageManager: Missing required system package: com.duckduckgo.mobile.android, but found with extended search.
03-09 21:20:41.162  5802  5802 D CarrierSvcBindHelper: onPackageModified: com.squareup.cash
03-09 21:20:41.162  5802  5802 D CarrierSvcBindHelper: No carrier app for: 0
03-09 21:20:41.163  5802  5802 D CarrierSvcBindHelper: No carrier app for: 1
03-09 21:20:41.164  3163  7000 W PackageManager: Missing required system package: com.alibaba.aliexpresshd, but found with extended search.
03-09 21:20:41.165  5802  6047 D EuiccConnector: handleMessage: E msg.what=1
03-09 21:20:41.167  5802  6047 D EuiccConnector: processMsg: ConnectedState
03-09 21:20:41.167  5802  6047 D EuiccConnector: processMsg: DisconnectedState
03-09 21:20:41.165  3163  5221 D ShortcutService: received package broadcast intent: Intent { act=android.intent.action.PACKAGE_CHANGED dat=package: flg=0x45000010 (has extras) }
03-09 21:20:41.169  3163  5221 D ShortcutService: changing package: com.squareup.cash userId0
03-09 21:20:41.169  5802  6047 D EuiccConnector: handleMessage: X
03-09 21:20:41.169  3163  5221 D ShortcutService: handlePackageChanged: com.squareup.cash user=0
03-09 21:20:41.169  3163  5221 D ShortcutService: rescanPackageIfNeeded 0@com.squareup.cash, forceRescan=true , isNewApp=false
03-09 21:20:41.169  3163  3249 W PackageManager: Missing required system package: com.twitter.android, but found with extended search.
03-09 21:20:41.169  3163  6987 W PackageManager: Missing required system package: com.paypal.android.p2pmobile, but found with extended search.
03-09 21:20:41.169  3163  8301 W PackageManager: Missing required system package: com.realbyteapps.moneymanagerfree, but found with extended search.
03-09 21:20:41.169  3163  6987 W PackageManager: Missing required system package: com.paypal.android.p2pmobile, but found with extended search.
03-09 21:20:41.169  3163  3249 W PackageManager: Missing required system package: com.tripadvisor.tripadvisor, but found with extended search.
03-09 21:20:41.170  3163  6987 W PackageManager: Missing required system package: com.paypal.android.p2pmobile, but found with extended search.
03-09 21:20:41.170  3163  6987 W PackageManager: Missing required system package: com.snapdeal.main, but found with extended search.
03-09 21:20:41.170  3163  3249 W PackageManager: Missing required system package: com.tiktok.lite.go, but found with extended search.
03-09 21:20:41.170  3163  6987 W PackageManager: Missing required system package: com.lowes.android, but found with extended search.
03-09 21:20:41.170  3163  6987 W PackageManager: Missing required system package: com.chase.sig.android, but found with extended search.
03-09 21:20:41.170  3163  6987 W PackageManager: Missing required system package: com.bigbasket.mobileapp, but found with extended search.
03-09 21:20:41.170  3163  3249 W PackageManager: Missing required system package: com.thirdframestudios.android.expensoor, but found with extended search.
03-09 21:20:41.171  3163  3249 W PackageManager: Missing required system package: com.spothero.spothero, but found with extended search.
03-09 21:20:41.171  3163  8301 W PackageManager: Missing required system package: com.realbyteapps.moneymanagerfree, but found with extended search.
03-09 21:20:41.171  3163  3249 W PackageManager: Missing required system package: com.revolut.revolut, but found with extended search.
03-09 21:20:41.172  6942  6942 W RegisteredComponentCache: Unable to load component info ResolveInfo{e881e62 com.bigbasket.mobileapp/in.juspay.hypernfc.NfcActivity m=0x108000 userHandle=UserHandle{0}}
03-09 21:20:41.172  6942  6942 W RegisteredComponentCache: org.xmlpull.v1.XmlPullParserException: No android.nfc.action.TECH_DISCOVERED meta-data
03-09 21:20:41.172  6942  6942 W RegisteredComponentCache: 	at com.android.nfc.RegisteredComponentCache.parseComponentInfo(RegisteredComponentCache.java:223)
03-09 21:20:41.172  6942  6942 W RegisteredComponentCache: 	at com.android.nfc.RegisteredComponentCache.generateComponentsList(RegisteredComponentCache.java:187)
03-09 21:20:41.172  6942  6942 W RegisteredComponentCache: 	at com.android.nfc.RegisteredComponentCache$1.onReceive(RegisteredComponentCache.java:75)
03-09 21:20:41.172  6942  6942 W RegisteredComponentCache: 	at android.app.LoadedApk$ReceiverDispatcher$Args.lambda$getRunnable$0(LoadedApk.java:1832)
03-09 21:20:41.172  6942  6942 W RegisteredComponentCache: 	at android.app.LoadedApk$ReceiverDispatcher$Args.$r8$lambda$mcNAAl1SQ4MyJPyDg8TJ2x2h0Rk(Unknown Source:0)
03-09 21:20:41.172  6942  6942 W RegisteredComponentCache: 	at android.app.LoadedApk$ReceiverDispatcher$Args$$ExternalSyntheticLambda0.run(D8$$SyntheticClass:0)
03-09 21:20:41.172  6942  6942 W RegisteredComponentCache: 	at android.os.Handler.handleCallback(Handler.java:1001)
03-09 21:20:41.172  6942  6942 W RegisteredComponentCache: 	at android.os.Handler.dispatchMessage(Handler.java:105)
03-09 21:20:41.172  6942  6942 W RegisteredComponentCache: 	at android.os.Looper.loopOnce(Looper.java:268)
03-09 21:20:41.172  6942  6942 W RegisteredComponentCache: 	at android.os.Looper.loop(Looper.java:384)
03-09 21:20:41.172  6942  6942 W RegisteredComponentCache: 	at android.app.ActivityThread.main(ActivityThread.java:8921)
03-09 21:20:41.172  6942  6942 W RegisteredComponentCache: 	at java.lang.reflect.Method.invoke(Native Method)
03-09 21:20:41.172  6942  6942 W RegisteredComponentCache: 	at com.android.internal.os.RuntimeInit$MethodAndArgsCaller.run(RuntimeInit.java:580)
03-09 21:20:41.172  6942  6942 W RegisteredComponentCache: 	at com.android.internal.os.ZygoteInit.main(ZygoteInit.java:907)
03-09 21:20:41.172  3163  3249 W PackageManager: Missing required system package: com.reddit.frontpage, but found with extended search.
03-09 21:20:41.173  3163  3249 W PackageManager: Missing required system package: com.particlenews.newsbreak, but found with extended search.
03-09 21:20:41.173  3163  3249 W PackageManager: Missing required system package: com.opera.browser, but found with extended search.
03-09 21:20:41.174  3163  3163 I TrafficStatsCollector: Receive intent: android.intent.action.PACKAGE_CHANGED
03-09 21:20:41.174  3163  3163 I TrafficStatsCollector: Not com.tmobile.echolocate.system, pkgName=com.squareup.cash
03-09 21:20:41.174  3163  3249 W PackageManager: Missing required system package: com.opentable, but found with extended search.
03-09 21:20:41.175  3163  3249 W PackageManager: Missing required system package: com.nike.omega, but found with extended search.
03-09 21:20:41.175  6942  6942 W RegisteredComponentCache: Unable to load component info ResolveInfo{90ff7dc com.snapdeal.main/in.juspay.hypernfc.NfcActivity m=0x108000 userHandle=UserHandle{0}}
03-09 21:20:41.175  6942  6942 W RegisteredComponentCache: org.xmlpull.v1.XmlPullParserException: No android.nfc.action.TECH_DISCOVERED meta-data
03-09 21:20:41.175  6942  6942 W RegisteredComponentCache: 	at com.android.nfc.RegisteredComponentCache.parseComponentInfo(RegisteredComponentCache.java:223)
03-09 21:20:41.175  6942  6942 W RegisteredComponentCache: 	at com.android.nfc.RegisteredComponentCache.generateComponentsList(RegisteredComponentCache.java:187)
03-09 21:20:41.175  6942  6942 W RegisteredComponentCache: 	at com.android.nfc.RegisteredComponentCache$1.onReceive(RegisteredComponentCache.java:75)
03-09 21:20:41.175  6942  6942 W RegisteredComponentCache: 	at android.app.LoadedApk$ReceiverDispatcher$Args.lambda$getRunnable$0(LoadedApk.java:1832)
03-09 21:20:41.175  6942  6942 W RegisteredComponentCache: 	at android.app.LoadedApk$ReceiverDispatcher$Args.$r8$lambda$mcNAAl1SQ4MyJPyDg8TJ2x2h0Rk(Unknown Source:0)
03-09 21:20:41.175  6942  6942 W RegisteredComponentCache: 	at android.app.LoadedApk$ReceiverDispatcher$Args$$ExternalSyntheticLambda0.run(D8$$SyntheticClass:0)
03-09 21:20:41.175  6942  6942 W RegisteredComponentCache: 	at android.os.Handler.handleCallback(Handler.java:1001)
03-09 21:20:41.175  6942  6942 W RegisteredComponentCache: 	at android.os.Handler.dispatchMessage(Handler.java:105)
03-09 21:20:41.175  6942  6942 W RegisteredComponentCache: 	at android.os.Looper.loopOnce(Looper.java:268)
03-09 21:20:41.175  6942  6942 W RegisteredComponentCache: 	at android.os.Looper.loop(Looper.java:384)
03-09 21:20:41.175  6942  6942 W RegisteredComponentCache: 	at android.app.ActivityThread.main(ActivityThread.java:8921)
03-09 21:20:41.175  6942  6942 W RegisteredComponentCache: 	at java.lang.reflect.Method.invoke(Native Method)
03-09 21:20:41.175  6942  6942 W RegisteredComponentCache: 	at com.android.internal.os.RuntimeInit$MethodAndArgsCaller.run(RuntimeInit.java:580)
03-09 21:20:41.175  6942  6942 W RegisteredComponentCache: 	at com.android.internal.os.ZygoteInit.main(ZygoteInit.java:907)
