03-10 16:20:18.483  5625  5625 V DreamService[DozeService]: finish(): mFinished=false activity=null callers=android.service.dreams.DreamService.onWakeUp:1197 android.service.dreams.DreamService.wakeUp:1360 android.service.dreams.DreamService.-$$Nest$mwakeUp:0 android.service.dreams.DreamService$DreamServiceWrapper.lambda$wakeUp$1:1794 android.service.dreams.DreamService$DreamServiceWrapper.$r8$lambda$SFP-NasoKFNaaOvKHyJqrl_aPt8:0 
03-10 16:20:18.483  2195  2586 I SDM     : DisplayBase::SetDisplayState: Set state = 1, display 76-0, teardown = 0
03-10 16:20:18.483  3163  7496 I DreamManagerService: finishSelf by com.android.systemui callingUid=10394 callingPid=5625
03-10 16:20:18.483  3163  7496 D DreamManagerService: Dream finished: android.os.Binder@a6f6e76, immediate=true
03-10 16:20:18.483  3163  7496 I DreamManagerService: Leaving dreamland.
03-10 16:20:18.483  2195  2586 I SDM     : HWDeviceDRM::NullCommit: Null commit succeeded crtc=203
03-10 16:20:18.484  3163  7496 I DreamManagerService: stopDreamLocked. callers=com.android.server.dreams.DreamManagerService.finishSelfInternal:514 com.android.server.dreams.DreamManagerService.-$$Nest$mfinishSelfInternal:0 com.android.server.dreams.DreamManagerService$BinderService.finishSelf:1092 android.service.dreams.IDreamManager$Stub.onTransact:292 android.os.Binder.execTransactInternal:1520 
03-10 16:20:18.484  3163  3227 I DreamController: Stopping dream: name=ComponentInfo{com.android.systemui/com.android.systemui.doze.DozeService}, isPreviewMode=false, canDoze=true, userId=0, reason='finished self'(from 'request awaken')
03-10 16:20:18.484  5625  5625 I Channel.Remote: [de8362611079428da312381e6bb8b50c|com.motorola.personalize] Keep channel connection alive true by 4
03-10 16:20:18.491  5993  8761 I NearbyDiscovery: (REDACTED) FastPairHandler: Received action %s
03-10 16:20:18.491  5993  8761 I NearbyDiscovery: (REDACTED) PureOffloadFastPairScanner: eventType=%s, isInternalReq=%s, isScanning=%s, isScanningAllowed=%s
03-10 16:20:18.492  5493  6013 W HWUI    : Surface doesn't have any previously queued frames, nothing to readback from
03-10 16:20:18.496  5625  5625 D KeyguardViewMediator: KeyguardViewMediator queue processing message: NOTIFY_STARTED_WAKING_UP
03-10 16:20:18.498  3163  3231 W AccessibilityWindowsPopulator: The displayInfo of this displayId (0) called back from the surface fligner is null
03-10 16:20:18.498  5993  8761 I NearbyDiscovery: (REDACTED) ApFastPairScanner: isScreenOn=%s, isLocationEnabled=%s, disableLocationRequirement=%s, isDiscoveryScanningEnabled=%s, during24GhzWifiWarmingUpPeriod=%s
03-10 16:20:18.499  5993  8761 D BluetoothAdapter: isLeEnabled(): ON
03-10 16:20:18.500  5993  8761 I NearbyDiscovery: (REDACTED) ApFastPairScanner: eventType=%s, intReq=%s, scanning=%s, scanAllowed=%s, bleEnabled=%s, lockScanRate=%s, startScanningByLowPowerMode=%s
03-10 16:20:18.502  3163  8251 D CoreBackPreview: Window{e1d6d9e u0 NotificationShade}: Setting back callback OnBackInvokedCallbackInfo{mCallback=android.window.IOnBackInvokedCallback$Stub$Proxy@3b29ab9, mPriority=0, mIsAnimationCallback=false}
03-10 16:20:18.503  5993  8761 I NearbyDiscovery: ApFastPairScanner: Skipping stop, already stopped scanning [CONTEXT service_id=265 ]
03-10 16:20:18.504  5993  8761 I NearbyDiscovery: FastPairController: onSystemStateChanged: skip due to flag disabled [CONTEXT service_id=265 ]
03-10 16:20:18.506  5625  5625 V DreamService[DozeService]: finish(): mFinished=true activity=null callers=com.android.systemui.doze.DozeMachine$Service$Delegate.finish:3 com.android.systemui.doze.DozeMachine$Service$Delegate.finish:3 com.android.systemui.doze.DozeMachine.transitionTo:557 com.android.systemui.doze.DozeMachine.transitionTo:659 com.android.systemui.doze.DozeMachine.requestState:10 
03-10 16:20:18.507 10834 25759 I DeviceStatusMonitor: DeviceStatusMonitor.handleBroadcast():138 onReceive() : Action = android.intent.action.SCREEN_OFF
03-10 16:20:18.507 10834 25759 I DeviceStatusMonitor: DeviceStatusMonitor.updateCountryInfo():154 updateCountryInfo(), notifyAnyway = false
03-10 16:20:18.507 10834 10834 I InputBundle: InputBundle.consumeEvent():1029 Skip consuming an event as imeStatus is INACTIVE
03-10 16:20:18.510  2064  2064 I sensors-hal: activate:173, com.motorola.sensor.glance/65658 en=0
03-10 16:20:18.510  2064  2064 I sensors-hal: deactivate:166, deactivate glance 65548
03-10 16:20:18.511  2064  2064 I sensors-hal: activate:184, com.motorola.sensor.glance/65658 en=0 completed
03-10 16:20:18.511  2061  2108 E minksocket: MinkIPC_QRTR_Service: client with node 1 port 60f1 went down
03-10 16:20:18.511  2064  6371 I sensors-hal: handle_indication_realtime:467,  SCHED_FIFO(10) for qmi_cbk
03-10 16:20:18.511  2064  6371 E sensors-hal: handle_sns_client_event:62, mot_disprot_event: now=103974416158657 ts=103923303626902, type=16, status=3
03-10 16:20:18.512  5625  5962 D KeyguardViewMediator: updateActivityLockScreenState(true, false)
03-10 16:20:18.512 10834 10834 I Module  : DeviceLockedStatusModuleProvider$Module.updateDeviceLockedStatus():103 repeatCheckTimes = 0, locked = false
03-10 16:20:18.513  7545  7545 I FileStationLog: [ FileStationManager ] - screenIsOn: false, hasWindowShowed: false
03-10 16:20:18.514  7545  7545 I MotoDesktopLog: [ FileStationLog ] - broadcastMessage - cmd : 2008
03-10 16:20:18.514  2064  2064 I sensors-hal: activate:173, com.motorola.sensor.ltv/65738 en=0
03-10 16:20:18.514  2061  2108 E minksocket: MinkIPC_QRTR_Service: client with node 1 port 60ec went down
03-10 16:20:18.514  2064  2064 I sensors-hal: activate:184, com.motorola.sensor.ltv/65738 en=0 completed
03-10 16:20:18.516  2064  2064 I sensors-hal: activate:173, com.motorola.sensor.tap/65988 en=0
03-10 16:20:18.517  2064  2064 I sensors-hal: activate:184, com.motorola.sensor.tap/65988 en=0 completed
03-10 16:20:18.518  5625  5939 D KeyguardTransitionRepository: (Internal) Setting current transition info: TransitionInfo(ownerName=FromDozingTransitionInteractor, from=DOZING, to=LOCKSCREEN, animated)
03-10 16:20:18.519  2061  2108 E minksocket: MinkIPC_QRTR_Service: client with node 1 port 608e went down
03-10 16:20:18.520  5625  5625 I vol.VolumeDialogImpl: mDialog.dismiss() reason: screen_off from: com.android.systemui.volume.VolumeDialogImpl$10.onScreenOff:4 displayId: 0 mShowing: false mIsAnimatingDismiss: false
03-10 16:20:18.522  3163  6380 D SystemServerTiming: getUserSwitchability-0
03-10 16:20:18.522  3163  6380 D SystemServerTiming: TM.isInCall
03-10 16:20:18.522  3163  6380 D SystemServerTiming: hasUserRestriction-DISALLOW_USER_SWITCH
03-10 16:20:18.522  3163  6380 D SystemServerTiming: getInt-ALLOW_USER_SWITCHING_WHEN_SYSTEM_USER_LOCKED
03-10 16:20:18.522  3163  6380 D SystemServerTiming: isUserUnlocked-USER_SYSTEM
03-10 16:20:18.523  5625  5625 D SCliNotificationListener: onNotificationListUpdate: [com.android.systemui.statusbar.notification.collection.GroupEntry@bb50e45]
03-10 16:20:18.526  5625  5625 V DreamService[DozeService]: detach(): Calling onDreamingStopped()
03-10 16:20:18.526  5625  5625 V DreamService[DozeService]: onDreamingStopped()
03-10 16:20:18.527  5625  5625 V DreamService[DozeService]: detach(): mActivity=null mActivity.isFinishing()=false
03-10 16:20:18.527  5625  5625 V DreamService[DozeService]: finish(): mFinished=true activity=null callers=android.service.dreams.DreamService.detach:1492 android.service.dreams.DreamService.-$$Nest$mdetach:0 android.service.dreams.DreamService$DreamServiceWrapper.$r8$lambda$1LeV6PgvJQarx7-tBMQHBSWLLCM:0 android.service.dreams.DreamService$DreamServiceWrapper$$ExternalSyntheticLambda1.run:0 android.os.Handler.handleCallback:1001 
03-10 16:20:18.528  5625  5625 V DreamService[DozeService]: onDestroy()
03-10 16:20:18.528  5625  5625 V DreamService[DozeService]: detach(): mActivity=null mActivity.isFinishing()=false
03-10 16:20:18.528  5625  5625 V DreamService[DozeService]: finish(): mFinished=true activity=null callers=android.service.dreams.DreamService.detach:1492 android.service.dreams.DreamService.onDestroy:1385 com.android.systemui.doze.DozeService.onDestroy:8 android.app.ActivityThread.handleStopService:5307 android.app.ActivityThread.-$$Nest$mhandleStopService:0 
03-10 16:20:18.529  3163  8301 D CompatChangeReporter: Compat change id reported: 311208629; UID 10263; state: ENABLED
03-10 16:20:18.530  5625  5625 I KeyguardTransitionRepository: Transition still active: TransitionStep(from=GONE, to=DOZING, value=0.43944266, transitionState=RUNNING, ownerName=FromGoneTransitionInteractor(Sleep transition triggered)), canceling
03-10 16:20:18.530  5625  5625 I KeyguardTransitionRepository: CANCELED transition: TransitionStep(from=GONE, to=DOZING, value=0.43944266, transitionState=CANCELED, ownerName=FromGoneTransitionInteractor(Sleep transition triggered))
03-10 16:20:18.530  5625  5625 I KeyguardTransitionRepository: STARTED transition: TransitionStep(from=DOZING, to=LOCKSCREEN, value=0.43944266, transitionState=STARTED, ownerName=FromDozingTransitionInteractor)
03-10 16:20:18.533  5625  5639 I Channel.Remote: [binder:5625_1] [de8362611079428da312381e6bb8b50c|com.motorola.personalize][498] received remote channel service seq:498 results
03-10 16:20:18.534  3163  5158 D WifiStaIfaceHidlImpl: getCachedScanData is not implemented by HIDL
03-10 16:20:18.535 11449 11449 D StateManager: goToState - fromState: Normal, toState: Normal, partial trace:
03-10 16:20:18.535 11449 11449 D StateManager: 	at com.android.launcher3.Launcher.onScreenOnChanged(Launcher.java:3017)
03-10 16:20:18.535 11449 11449 D StateManager: 	at com.android.launcher3.Launcher$$ExternalSyntheticLambda25.onScreenOnChanged(D8$$SyntheticClass:0)
03-10 16:20:18.535 11449 11449 D StateManager: 	at com.android.launcher3.util.ScreenOnTracker.lambda$dispatchScreenOnChanged$0(ScreenOnTracker.java:67)
03-10 16:20:18.539  3163  7023 D ConnectivityService: requestNetwork for uid/pid:10263/4807 activeRequest: null callbackRequest: 14399 [NetworkRequest [ REQUEST id=14400, [ Capabilities: INTERNET&NOT_RESTRICTED&TRUSTED&NOT_VCN_MANAGED&NOT_BANDWIDTH_CONSTRAINED Uid: 10263 RequestorUid: 10263 RequestorPkg: com.starbucks.mobilecard UnderlyingNetworks: Null] ]] callback flags: 0 order: 2147483647 isUidTracked: false declaredMethods: ALL
03-10 16:20:18.540  3163  5158 D WifiNetworkFactory: got request NetworkRequest [ REQUEST id=14400, [ Capabilities: INTERNET&NOT_RESTRICTED&TRUSTED&NOT_VCN_MANAGED&NOT_BANDWIDTH_CONSTRAINED Uid: 10263 RequestorUid: 10263 RequestorPkg: com.starbucks.mobilecard UnderlyingNetworks: Null] ]
03-10 16:20:18.540  3163  5158 D UntrustedWifiNetworkFactory: got request NetworkRequest [ REQUEST id=14400, [ Capabilities: INTERNET&NOT_RESTRICTED&TRUSTED&NOT_VCN_MANAGED&NOT_BANDWIDTH_CONSTRAINED Uid: 10263 RequestorUid: 10263 RequestorPkg: com.starbucks.mobilecard UnderlyingNetworks: Null] ]
03-10 16:20:18.541  7876 15030 I BatteryCare: [SmartBackground] [DGMC::AccelerateSmartCleanReceiver] action received: android.intent.action.SCREEN_OFF
03-10 16:20:18.541  3163  5168 D ConnectivityService: NetReassign [14400 : null → 136] [c 0] [a 0] [i 2]
03-10 16:20:18.543  3163  6974 D SystemServerTiming: getUserSwitchability-0
03-10 16:20:18.544  3163  6974 D SystemServerTiming: TM.isInCall
03-10 16:20:18.544  3163  6974 D SystemServerTiming: hasUserRestriction-DISALLOW_USER_SWITCH
03-10 16:20:18.544  3163  6974 D SystemServerTiming: getInt-ALLOW_USER_SWITCHING_WHEN_SYSTEM_USER_LOCKED
03-10 16:20:18.544  3163  6974 D SystemServerTiming: isUserUnlocked-USER_SYSTEM
03-10 16:20:18.544  5625  5625 I Typeface: mototime=Rookery-Stacked;moto_time;5625
03-10 16:20:18.545  3163  5158 D OemPaidWifiNetworkFactory: got request NetworkRequest [ REQUEST id=14400, [ Capabilities: INTERNET&NOT_RESTRICTED&TRUSTED&NOT_VCN_MANAGED&NOT_BANDWIDTH_CONSTRAINED Uid: 10263 RequestorUid: 10263 RequestorPkg: com.starbucks.mobilecard UnderlyingNetworks: Null] ]
03-10 16:20:18.545  3163  5158 D MultiInternetWifiNetworkFactory: got request NetworkRequest [ REQUEST id=14400, [ Capabilities: INTERNET&NOT_RESTRICTED&TRUSTED&NOT_VCN_MANAGED&NOT_BANDWIDTH_CONSTRAINED Uid: 10263 RequestorUid: 10263 RequestorPkg: com.starbucks.mobilecard UnderlyingNetworks: Null] ]
03-10 16:20:18.547  3163  6974 D SystemServerTiming: getUserSwitchability-0
03-10 16:20:18.547  3163  6974 D SystemServerTiming: TM.isInCall
03-10 16:20:18.547  3163  6974 D SystemServerTiming: hasUserRestriction-DISALLOW_USER_SWITCH
03-10 16:20:18.547  3163  6974 D SystemServerTiming: getInt-ALLOW_USER_SWITCHING_WHEN_SYSTEM_USER_LOCKED
03-10 16:20:18.547  3163  6974 D SystemServerTiming: isUserUnlocked-USER_SYSTEM
03-10 16:20:18.549  5625  5625 I Typeface: mototime=Rookery-Stacked;moto_time;5625
03-10 16:20:18.549  5625  5625 D LockScreen_Plugin: notifyAttributesChanged: pluginCallback = com.android.systemui.shared.plugins.MotoLsClockFacePlugin$PluginCallback@db2e267, data = Bundle[{clock_face_time=moto_time, clock_face_color=-1}]
03-10 16:20:18.549  5625  5625 V MotoLsClockFacePlugin: onClockFaceColorChange: 0xffffffff
03-10 16:20:18.549  5625  5625 V MotoLsClockFacePlugin: onClockFontChanged
03-10 16:20:18.557  3706  3714 I android.hardware.thermal@2.0-service.qti-v2: Sensor Name:skin1 temp: 36.604. prev severity:3. cur severity:0 New severity:0
03-10 16:20:18.567  5625  5625 D BiometricsRepositoryImpl: currentUser authFlags changed, new value: AuthenticationFlags(userId=0, flag=0)
03-10 16:20:18.567  5625  5625 D BiometricsRepositoryImpl: currentUser authFlags changed, new value: AuthenticationFlags(userId=0, flag=0)
03-10 16:20:18.568  5625  5625 D BiometricsRepositoryImpl: currentUser authFlags changed, new value: AuthenticationFlags(userId=0, flag=0)
03-10 16:20:18.568  5625  5625 D BiometricsRepositoryImpl: currentUser authFlags changed, new value: AuthenticationFlags(userId=0, flag=0)
03-10 16:20:18.569  5625  5625 D BiometricsRepositoryImpl: currentUser authFlags changed, new value: AuthenticationFlags(userId=0, flag=0)
03-10 16:20:18.569  5625  5625 D BiometricsRepositoryImpl: currentUser authFlags changed, new value: AuthenticationFlags(userId=0, flag=0)
03-10 16:20:18.575  5625  5920 D ControlsListingControllerImpl: Subscribing callback, service count: 1
03-10 16:20:18.579  5625  5920 D ControlsListingControllerImpl: Subscribing callback, service count: 1
03-10 16:20:18.580  5625  5920 D ControlsListingControllerImpl: Subscribing callback, service count: 1
03-10 16:20:18.607  5993 19817 W QAWalletSvc: No wallet cards to return. [CONTEXT service_id=79 ]
03-10 16:20:18.608  5993 24248 W QAWalletSvc: No wallet cards to return. [CONTEXT service_id=79 ]
03-10 16:20:18.608  5993 23375 W QAWalletSvc: No wallet cards to return. [CONTEXT service_id=79 ]
03-10 16:20:18.609  5625  5920 E QuickAccessWalletKeyguardQuickAffordanceConfig: Wallet card retrieval error, message: "Unable to load your payment info"
03-10 16:20:18.609  5625  5920 E QuickAccessWalletKeyguardQuickAffordanceConfig: Wallet card retrieval error, message: "Unable to load your payment info"
03-10 16:20:18.609  5625  5920 E QuickAccessWalletKeyguardQuickAffordanceConfig: Wallet card retrieval error, message: "Unable to load your payment info"
03-10 16:20:18.647  2064  4171 D slpi-TMD2712: tmd2712: Prox pdata 8, offset1:70, full: 738, NearBy: 0, Lth:54, Hth:85,off_l 70. off_h 0, th_l 1, th_h 85
03-10 16:20:18.653  2064  6368 I sensors-hal: handle_indication_realtime:467,  SCHED_FIFO(10) for qmi_cbk
03-10 16:20:18.656  2195  2586 I SDM     : PipeAllocSdma2::CalculatePipeNumToDedicate: num_vig: 0, num_dma: 1
03-10 16:20:18.656  2195  2586 I SDM     : DisplayBase::SetDisplayState: active 1-1 state 1-1 pending_power_state_ 0
03-10 16:20:18.657  2300  2300 W ComposerExtn: DisplayExtnImpl::SetEarlyWakeUpConfig: HWC Display 2 is not registered!
03-10 16:20:18.657  2300  2300 D SurfaceFlinger: Finished setting power mode 2 on display 4630947043778501763
03-10 16:20:18.657  2300  2300 D RefreshRateSelector: [90:120:0]: mTouchBoostRefreshRateAvailable=0, mScrollBoostRefreshRateAvailable=0, mTouchOnBlankNotBoostRefreshRateAvailable=0
03-10 16:20:18.658  3163  5308 D SurfaceControl: Excessive delay in setPowerMode()
03-10 16:20:18.660  3163  5308 W ServiceManagerCppClient: Failed to get isDeclared for com.motorola.hardware.display.panel.IDisplayPanel/default: Status(-1, EX_SECURITY): 'SELinux denied.'
03-10 16:20:18.660  3163  5308 D DisplayPanelService: Setting panel dc mode: 0
03-10 16:20:18.660  2090  2090 I DisplayPanel: setDcMode: DC mode = OFF
03-10 16:20:18.661  2090  2090 D DisplayPanel: setParam: Success set DC to 0 for Primary display
03-10 16:20:18.661  2300  2300 I BpBinder: onLastStrongRef automatically unlinking death recipients: 
03-10 16:20:18.662  2300  2300 D SurfaceFlinger: setDesiredDisplayModeSpecs[{0, false, PR={p[24.00-120.00]Hz, r[24.00-120.00]Hz}, AR={p[0.00-120.00]Hz, r[0.00-120.00]Hz}}]: by process 3163 uid 1000 for display 4630947043778501762
03-10 16:20:18.664  3163  3163 I BrightnessSynchronizer: New Update: {[8373] 0.31212866(f), mUpdatedTypes=0, mConfirmedTypes=0, mTimeUpdated=0, mState=2}
03-10 16:20:18.665  3163  3352 I WindowManager: Display 1 turned on...
03-10 16:20:18.665  3163  3229 V WindowManager: Content Recording: Display 1 state was (2), is now (2), so update recording?
03-10 16:20:18.665  3163  3229 D CLI/Transition: displaygroup 1, state ON, pendingdisplaygroup -1
03-10 16:20:18.665  3163  3352 W PowerManagerService: Screen on took 234 ms
03-10 16:20:18.665  3163  3352 D BrightnessThermalClamper: Thermal status observer already started
03-10 16:20:18.666  3163  3229 D CLI/SmallCLI: onScreenTurnedOn: 
03-10 16:20:18.667  6344  6344 I WindowController: window interactive state updated to true
03-10 16:20:18.668  7545  7545 I FileStationLog: [ FS_h$a ] - [Display] Changed display: 1
03-10 16:20:18.672  7545  7545 I FileStationLog: [ FS_h$a ] - [Display] Ignoring change for non-default/desktop display: 1
03-10 16:20:18.672  3163  3163 I WindowManager: Finished waking up... (groupId=1 why=ON_BECAUSE_OF_USER) pmWakeReason=WAKE_REASON_GESTURE
03-10 16:20:18.675  2300  2300 E Scheduler: trackPendingFrame: Invalid present fence
03-10 16:20:18.676  5625  5669 D ShellSplitScreen: onFinishedWakingUp
03-10 16:20:18.684  3163  8301 W InputDispatcher: Focused display #1 does not have a focused window.
03-10 16:20:18.685  3163  3231 W AccessibilityWindowsPopulator: The displayInfo of this displayId (0) called back from the surface fligner is null
03-10 16:20:18.685  3163  3231 V WindowManager: Unknown focus tokens, dropping reportFocusChanged
03-10 16:20:18.687  6344  6344 W libc    : Access denied finding property "vendor.display.enable_optimal_refresh_rate"
03-10 16:20:18.687  6344  6344 W libc    : Access denied finding property "vendor.gpp.create_frc_extension"
03-10 16:20:18.693  2300  2300 E Scheduler: trackPendingFrame: Invalid present fence
03-10 16:20:18.695  6942  6942 D NfcService: MSG_APPLY_SCREEN_STATE 4
03-10 16:20:18.696  6942  6942 D libnfc_nci: nfcManager_doSetScreenState: state = 4 prevScreenState= 2, discovry_param = 1
03-10 16:20:18.697  2582  8068 D NxpTml  : PN54X - Write requested.....
03-10 16:20:18.697  2582  8068 D NxpTml  : PN54X - Invoking I2C Write.....
03-10 16:20:18.697  2582  8068 I NxpNciX : len =   4 > 20090102
03-10 16:20:18.697  2582  8068 D NxpTml  : PN54X - I2C Write successful.....
03-10 16:20:18.697  2582  8068 D NxpTml  : PN54X - Posting Fresh Write message.....
03-10 16:20:18.697  2582  8068 D NxpTml  : PN54X - Tml Writer Thread Running................
03-10 16:20:18.697  2582  8070 D NxpHal  : write successful status = 0x0
03-10 16:20:18.697  2582  8059 D NxpTml  : PN54X - I2C Read successful.....
03-10 16:20:18.698  2582  8059 I NxpNciR : len =   4 > 40090100
03-10 16:20:18.698  2582  8059 D NxpTml  : PN54X - Posting read message.....
03-10 16:20:18.698  2582  8070 D NxpHal  : read successful status = 0x0
03-10 16:20:18.698  2064  2064 I sensors-hal: flush:235, android.sensor.accelerometer/11
03-10 16:20:18.698  2064  2064 I sensors-hal: send_sync_sensor_request:341, send sync request
03-10 16:20:18.698  2064  2064 I sensors-hal: send_sync_sensor_request:367, wait for notification of response
03-10 16:20:18.699  6942  8007 D libnfc_nci: nfaDeviceManagementCallback: enter; event=0xB
03-10 16:20:18.699  6942  8007 D libnfc_nci: nfaDeviceManagementCallback: NFA_DM_SET_POWER_SUB_STATE_EVT; status=0x0
03-10 16:20:18.699  2582  8059 D NxpTml  : PN54X - Read requested.....
03-10 16:20:18.699  2582  8059 D NxpTml  : PN54X - Invoking I2C Read.....
03-10 16:20:18.699  2582  8068 D NxpTml  : PN54X - Write requested.....
03-10 16:20:18.699  2582  8068 D NxpTml  : PN54X - Invoking I2C Write.....
03-10 16:20:18.700  2582  8068 I NxpNciX : len =   7 > 20020401020100
03-10 16:20:18.700  2582  8068 D NxpTml  : PN54X - I2C Write successful.....
03-10 16:20:18.700  2582  8068 D NxpTml  : PN54X - Posting Fresh Write message.....
03-10 16:20:18.700  2582  8068 D NxpTml  : PN54X - Tml Writer Thread Running................
03-10 16:20:18.700  2582  8070 D NxpHal  : write successful status = 0x0
03-10 16:20:18.700  2064  5194 I sensors-hal: ssc_conn_resp_cb:632, resp_value = 0
03-10 16:20:18.700  2582  8059 D NxpTml  : PN54X - I2C Read successful.....
03-10 16:20:18.700  2582  8059 I NxpNciR : len =   5 > 4002020000
03-10 16:20:18.700  2582  8059 D NxpTml  : PN54X - Posting read message.....
03-10 16:20:18.700  2582  8070 D NxpHal  : read successful status = 0x0
03-10 16:20:18.700  2582  8070 D NxpHal  : phNxpNciHal_print_res_status: response status =STATUS_OK
03-10 16:20:18.700  2582  8059 D NxpTml  : PN54X - Read requested.....
03-10 16:20:18.700  2582  8059 D NxpTml  : PN54X - Invoking I2C Read.....
03-10 16:20:18.700  2064  2064 I sensors-hal: send_sync_sensor_request:373, takes 2 ms to receive the response with 0
03-10 16:20:18.700  2064  2064 I sensors-hal: flush:241, android.sensor.accelerometer/11 completed
03-10 16:20:18.701  7150  8001 D WeatherApi: isOWeather: true
03-10 16:20:18.701  6942  8007 D libnfc_nci: nfaDeviceManagementCallback: enter; event=0x2
03-10 16:20:18.701  6942  8007 D libnfc_nci: nfaDeviceManagementCallback: NFA_DM_SET_CONFIG_EVT
03-10 16:20:18.710  6978  6978 I Smart5G : [Smart5GService] receive action: android.intent.action.SCREEN_ON
03-10 16:20:18.710  2300  2300 E Scheduler: trackPendingFrame: Invalid present fence
03-10 16:20:18.711  5689  5689 E DPMJ    : |SERVICE| sendScreenState state  trueand int value 1
03-10 16:20:18.713  3163  5215 I MR2ServiceImpl: Updating composite discovery preference | preference: RouteDiscoveryRequest{ preferredFeatures={}, activeScan=false }, active routers: []
03-10 16:20:18.714  7314  7314 D GameMode: isScreenUnlocked: false
03-10 16:20:18.718  7545  7545 I FileStationLog: [ FileStationManager ] - screenIsOn: true, hasWindowShowed: false
03-10 16:20:18.718  7545  7545 I MotoDesktopLog: [ FileStationLog ] - broadcastMessage - cmd : 2008
03-10 16:20:18.720 10834 26023 I DeviceStatusMonitor: DeviceStatusMonitor.handleBroadcast():138 onReceive() : Action = android.intent.action.SCREEN_ON
03-10 16:20:18.720 10834 26023 I DeviceStatusMonitor: DeviceStatusMonitor.updateCountryInfo():154 updateCountryInfo(), notifyAnyway = false
03-10 16:20:18.721  2064  2064 I sensors-hal: batch:206, com.motorola.sensor.tap/65988, period=66667000, max_latency=0
03-10 16:20:18.721  2064  2064 I sensors-hal: set_config:57, sample_period_ns is adjusted to 0 based on min/max delay_ns
03-10 16:20:18.721  2064  2064 I sensors-hal: batch:215, com.motorola.sensor.tap/65988, period=66667000, max_latency=0 request completed
03-10 16:20:18.721  2064  2064 I sensors-hal: activate:173, com.motorola.sensor.tap/65988 en=1
03-10 16:20:18.722  2064  2064 I sensors-hal: get_qmi_debug_flag:239, support_qmi_debug : false
03-10 16:20:18.722  2061  2108 E minksocket: MinkIPC_QRTR_Service: client with node 1 port 60fc went down
03-10 16:20:18.723  2061  2108 E minksocket: MinkIPC_QRTR_Service: client with node 1 port 60fd went down
03-10 16:20:18.724  5993  8761 I NearbyDiscovery: (REDACTED) FastPairHandler: Received action %s
03-10 16:20:18.724  2064  2064 E Diag_Lib: diag: Diag_LSM_Init: invoked for pid: 2064 with init_count: 0
03-10 16:20:18.725  2061  2108 E minksocket: MinkIPC_QRTR_Service: client with node 1 port 60fe went down
03-10 16:20:18.725  2061  2108 E minksocket: MinkIPC_QRTR_Service: client with node 1 port 60ff went down
03-10 16:20:18.725  2064  2064 E Diag_Lib: diag:failed to connect to diag socket
03-10 16:20:18.725  2064  2064 E Diag_Lib:  Diag_LSM_Init: Failed to open handle to diag driver, error = 13
03-10 16:20:18.725  2064  2064 I sensors-hal: send_sync_sensor_request:341, send sync request
03-10 16:20:18.725  2064  2064 I sensors-hal: send_sync_sensor_request:367, wait for notification of response
03-10 16:20:18.725  5993  8761 I NearbyDiscovery: (REDACTED) PureOffloadFastPairScanner: eventType=%s, isInternalReq=%s, isScanning=%s, isScanningAllowed=%s
03-10 16:20:18.725  5993  8761 I NearbyDiscovery: (REDACTED) ApFastPairScanner: isScreenOn=%s, isLocationEnabled=%s, disableLocationRequirement=%s, isDiscoveryScanningEnabled=%s, during24GhzWifiWarmingUpPeriod=%s
03-10 16:20:18.725  5993  8761 D BluetoothAdapter: isLeEnabled(): ON
03-10 16:20:18.725  5993  8761 I NearbyDiscovery: (REDACTED) ApFastPairScanner: eventType=%s, intReq=%s, scanning=%s, scanAllowed=%s, bleEnabled=%s, lockScanRate=%s, startScanningByLowPowerMode=%s
03-10 16:20:18.726  5993  8761 I NearbyDiscovery: (REDACTED) ApFastPairScanner: isScreenOn=%s, isLocationEnabled=%s, disableLocationRequirement=%s, isDiscoveryScanningEnabled=%s, during24GhzWifiWarmingUpPeriod=%s
03-10 16:20:18.726  5993  8761 I NearbyDiscovery: (REDACTED) ApFastPairScanner: Start scanning internally, %s
03-10 16:20:18.726  5993  8761 D BluetoothAdapter: isLeEnabled(): ON
03-10 16:20:18.727  2064  4171 I slpi-MOT_HINGE: Hingeposture   0.0 tent:0 gpio:-1 flip:2 flat:1 b:0.2 3.7 9.1 -10.9 -3.5 3.9 f:0.4 -4.0 -8.9 -11.5 3.9 -4.0
03-10 16:20:18.727  2064  6395 I sensors-hal: ssc_conn_resp_cb:632, resp_value = 0
03-10 16:20:18.727  2064  2064 I sensors-hal: send_sync_sensor_request:373, takes 1 ms to receive the response with 0
03-10 16:20:18.727  2064  2064 I sensors-hal: activate:184, com.motorola.sensor.tap/65988 en=1 completed
03-10 16:20:18.729  5658 28836 I bt_shim_scanner: system/main/shim/le_scanning_manager.cc:172 RegisterScanner: in shim layer
03-10 16:20:18.729  2300  2300 E Scheduler: trackPendingFrame: Invalid present fence
03-10 16:20:18.730  5993  8031 D BluetoothLeScanner: onScannerRegistered() - status=0 scannerId=1 mScannerId=0
03-10 16:20:18.735  7876 15030 I BatteryCare: [SmartBackground] [DGMC::AccelerateSmartCleanReceiver] action received: android.intent.action.SCREEN_ON
03-10 16:20:18.735  3163  5158 D WifiStaIfaceHidlImpl: getCachedScanData is not implemented by HIDL
03-10 16:20:18.735  3163  7023 W PackageManager: Missing required system package: wsj.reader_sp, but found with extended search.
03-10 16:20:18.735  3163  7023 W PackageManager: Missing required system package: whitecastle.ordering, but found with extended search.
03-10 16:20:18.735  3163  7023 W PackageManager: Missing required system package: sp0n.citizen, but found with extended search.
03-10 16:20:18.735  3163  7023 W PackageManager: Missing required system package: org.rajman.neshan.traffic.tehran.navigator, but found with extended search.
03-10 16:20:18.736  3163  7023 W PackageManager: Missing required system package: org.me.mobiexpensifyg, but found with extended search.
03-10 16:20:18.736  3163  7023 W PackageManager: Missing required system package: org.kiva.lending, but found with extended search.
03-10 16:20:18.736  3163  7023 W PackageManager: Missing required system package: onxmaps.offroad, but found with extended search.
03-10 16:20:18.736  3163  7023 W PackageManager: Missing required system package: onxmaps.hunt, but found with extended search.
03-10 16:20:18.736  3163  7023 W PackageManager: Missing required system package: mnn.Android, but found with extended search.
03-10 16:20:18.736  3163  7023 W PackageManager: Missing required system package: io.appium.settings, but found with extended search.
03-10 16:20:18.736  3163  7023 W PackageManager: Missing required system package: gplx.simple.budgetapp, but found with extended search.
03-10 16:20:18.736  3163  7023 W PackageManager: Missing required system package: de.zalando.mobile, but found with extended search.
03-10 16:20:18.736  3163  7023 W PackageManager: Missing required system package: ctrip.english, but found with extended search.
03-10 16:20:18.736  3163  7023 W PackageManager: Missing required system package: crumbl.cookies, but found with extended search.
03-10 16:20:18.736  3163  4298 I ImeTracker: com.motorola.launcher.secondarydisplay:35b3653d: onRequestHide at ORIGIN_SERVER reason HIDE_UNSPECIFIED_WINDOW fromUser false
03-10 16:20:18.736  7876 15030 W BatteryCare: [SmartBackground] [DGMC::AccelerateSmartCleanReceiver] Enter disableMidNightByScreen, isEnableBySleepMode = false
03-10 16:20:18.736  7876 15030 I BatteryCare: [SmartBackground] [DGMC::AccelerateSmartCleanReceiver] disableMidNightByScreen isSleepMode or isEnableBySleepMode return
03-10 16:20:18.736  3163  4298 I ImeTracker: com.motorola.launcher.secondarydisplay:35b3653d: onCancelled at PHASE_SERVER_SHOULD_HIDE
03-10 16:20:18.737  3163  7023 W PackageManager: Missing required system package: com.zzkko, but found with extended search.
03-10 16:20:18.737  4807  4807 D InsetsController: hide(ime(), fromIme=true)
03-10 16:20:18.737  3163  7023 W PackageManager: Missing required system package: com.zhiliaoapp.musically, but found with extended search.
03-10 16:20:18.737  3163  7023 W PackageManager: Missing required system package: com.zellepay.zelle, but found with extended search.
03-10 16:20:18.737  3163  7023 W PackageManager: Missing required system package: com.zappos.android, but found with extended search.
03-10 16:20:18.737  3163  7023 W PackageManager: Missing required system package: com.yum.pizzahut, but found with extended search.
03-10 16:20:18.737  3163  7023 W PackageManager: Missing required system package: com.youneedabudget.evergreen.app, but found with extended search.
03-10 16:20:18.737  3163  7023 W PackageManager: Missing required system package: com.yelp.android, but found with extended search.
03-10 16:20:18.737  3163  7023 W PackageManager: Missing required system package: com.whatsapp, but found with extended search.
03-10 16:20:18.737  3163  7023 W PackageManager: Missing required system package: com.whatnot_mobile, but found with extended search.
03-10 16:20:18.737  3163  7023 W PackageManager: Missing required system package: com.wendys.nutritiontool, but found with extended search.
03-10 16:20:18.737  3163  7023 W PackageManager: Missing required system package: com.wealthsimple.trade, but found with extended search.
03-10 16:20:18.737  3163  7023 W PackageManager: Missing required system package: com.wealthfront, but found with extended search.
03-10 16:20:18.737  3163  7023 W PackageManager: Missing required system package: com.waze, but found with extended search.
03-10 16:20:18.737  3163  7023 W PackageManager: Missing required system package: com.wayfair.wayfair, but found with extended search.
03-10 16:20:18.738  3163  7023 W PackageManager: Missing required system package: com.wallpaper.edge.aura, but found with extended search.
03-10 16:20:18.738  3163  7023 W PackageManager: Missing required system package: com.venmo, but found with extended search.
03-10 16:20:18.738  3163  7023 W PackageManager: Missing required system package: com.usatoday.android.news, but found with extended search.
03-10 16:20:18.738  3163  7023 W PackageManager: Missing required system package: com.ulta, but found with extended search.
03-10 16:20:18.738  3163  7023 W PackageManager: Missing required system package: com.twitter.android, but found with extended search.
03-10 16:20:18.738  3163  7023 W PackageManager: Missing required system package: com.truefinance, but found with extended search.
03-10 16:20:18.738  3163  7023 W PackageManager: Missing required system package: com.truebill, but found with extended search.
03-10 16:20:18.738  3163  7023 W PackageManager: Missing required system package: com.trivago, but found with extended search.
03-10 16:20:18.738  3163  7023 W PackageManager: Missing required system package: com.tripadvisor.tripadvisor, but found with extended search.
03-10 16:20:18.738  3163  7023 W PackageManager: Missing required system package: com.tranzmate, but found with extended search.
03-10 16:20:18.738  3163  7023 W PackageManager: Missing required system package: com.tradestation.MobileTrading, but found with extended search.
03-10 16:20:18.738  3163  7023 W PackageManager: Missing required system package: com.tiktok.lite.go, but found with extended search.
03-10 16:20:18.738  3163  7023 W PackageManager: Missing required system package: com.thredup.android, but found with extended search.
03-10 16:20:18.738  4807  4807 I ImeTracker: com.starbucks.mobilecard:663c2f0f: onRequestHide at ORIGIN_CLIENT reason HIDE_SOFT_INPUT_BY_INSETS_API fromUser false
03-10 16:20:18.738  3163  7023 W PackageManager: Missing required system package: com.thirdframestudios.android.expensoor, but found with extended search.
03-10 16:20:18.738  3163  7023 W PackageManager: Missing required system package: com.teulys.metropolis, but found with extended search.
03-10 16:20:18.738  3163  7023 W PackageManager: Missing required system package: com.tdbank, but found with extended search.
03-10 16:20:18.738  3163  7023 W PackageManager: Missing required system package: com.tacobell.ordering, but found with extended search.
03-10 16:20:18.738  3163  7023 W PackageManager: Missing required system package: com.sygic.aura, but found with extended search.
03-10 16:20:18.738  3163  7023 W PackageManager: Missing required system package: com.subway.mobile.subwayapp03, but found with extended search.
03-10 16:20:18.738  3163  7023 W PackageManager: Missing required system package: com.substack.app, but found with extended search.
03-10 16:20:18.739  4807  4807 I ImeTracker: com.starbucks.mobilecard:663c2f0f: onCancelled at PHASE_CLIENT_APPLY_ANIMATION
03-10 16:20:18.739  3163  7023 W PackageManager: Missing required system package: com.step.step, but found with extended search.
03-10 16:20:18.739  3163  7023 W PackageManager: Missing required system package: com.stash.stashinvest, but found with extended search.
03-10 16:20:18.739  5658  6105 I bt_shim_scanner: system/main/shim/le_scanning_manager.cc:282 ScanFilterEnable: in shim layer
03-10 16:20:18.739  3163  7023 W PackageManager: Missing required system package: com.staplesconnect.app.twa, but found with extended search.
03-10 16:20:18.740 10834 10834 I GoogleInputMethodService: GoogleInputMethodService.onFinishInput():2097 
03-10 16:20:18.740  2068  6060 I vendor.qti.bluetooth@1.0-ibs_handler: ProcessIbsCmd: Received IBS_WAKE_IND: 0xFD
03-10 16:20:18.740  2068  6060 I vendor.qti.bluetooth@1.0-ibs_handler: ProcessIbsCmd: Writing IBS_WAKE_ACK
03-10 16:20:18.740  5658  6105 I bt_shim_scanner: system/main/shim/le_scanning_manager.cc:258 ScanFilterAdd: in shim layer
03-10 16:20:18.741  3163  5158 D WifiStaIfaceHidlImpl: getCachedScanData is not implemented by HIDL
03-10 16:20:18.741 10834 10834 I Module  : DeviceLockedStatusModuleProvider$Module.updateDeviceLockedStatus():103 repeatCheckTimes = 0, locked = false
03-10 16:20:18.741  2064  4171 D slpi    : tmd2712: Als lux: 39.20, ch0: 1273, ch1: 508, scale: 1.08, atime:50.04, again:1024
03-10 16:20:18.741  6344  6344 V ClockFace: onDataSetChanged: clock update in remote
03-10 16:20:18.742  5658  6105 I bt_shim_scanner: system/main/shim/le_scanning_manager.cc:220 ScanFilterParamSetup: in shim layer, clientIf=1
03-10 16:20:18.742  3163  7023 W PackageManager: Missing required system package: com.spothero.spothero, but found with extended search.
03-10 16:20:18.742  5658  6105 I bt_shim_scanner: system/main/shim/le_scanning_manager.cc:258 ScanFilterAdd: in shim layer
03-10 16:20:18.742  3163  7023 W PackageManager: Missing required system package: com.sportsdirect.sdusapp, but found with extended search.
03-10 16:20:18.742  3163  7023 W PackageManager: Missing required system package: com.sofi.mobile, but found with extended search.
03-10 16:20:18.742  3163  7023 W PackageManager: Missing required system package: com.shell.sitibv.motorist.america, but found with extended search.
03-10 16:20:18.742  3163  7023 W PackageManager: Missing required system package: com.shakeshack.android, but found with extended search.
03-10 16:20:18.742  3163  7023 W PackageManager: Missing required system package: com.sephora, but found with extended search.
03-10 16:20:18.743  3163  7023 W PackageManager: Missing required system package: com.romwe, but found with extended search.
03-10 16:20:18.743  3163  7023 W PackageManager: Missing required system package: com.rome2rio.www.rome2rio, but found with extended search.
03-10 16:20:18.743  3163  7023 W PackageManager: Missing required system package: com.robinhood.android, but found with extended search.
03-10 16:20:18.743  3163  7023 W PackageManager: Missing required system package: com.ring.neighborhoods, but found with extended search.
03-10 16:20:18.743  3163  7023 W PackageManager: Missing required system package: com.revolut.revolut, but found with extended search.
03-10 16:20:18.743  3163  7023 W PackageManager: Missing required system package: com.reddit.frontpage, but found with extended search.
03-10 16:20:18.743  3163  7023 W PackageManager: Missing required system package: com.recime.app, but found with extended search.
03-10 16:20:18.743  3163  7023 W PackageManager: Missing required system package: com.realbyteapps.moneymanagerfree, but found with extended search.
03-10 16:20:18.743  3163  7023 W PackageManager: Missing required system package: com.rarewire.forever21, but found with extended search.
03-10 16:20:18.743  3163  7023 W PackageManager: Missing required system package: com.q2e.firsttradeunionbank3351.mobile.production, but found with extended search.
03-10 16:20:18.743  3163  7023 W PackageManager: Missing required system package: com.poshmark.app, but found with extended search.
03-10 16:20:18.743  3163  7023 W PackageManager: Missing required system package: com.poqstudio.app.platform.boohoo, but found with extended search.
03-10 16:20:18.743  3163  7023 W PackageManager: Missing required system package: com.podcast.podcasts, but found with extended search.
03-10 16:20:18.743  3163  7023 W PackageManager: Missing required system package: com.phonepe.app, but found with extended search.
03-10 16:20:18.743  3163  7023 W PackageManager: Missing required system package: com.personalcapital.pcapandroid, but found with extended search.
03-10 16:20:18.743  3163  7023 W PackageManager: Missing required system package: com.peacocktv.peacockandroid, but found with extended search.
03-10 16:20:18.743  3163  7023 W PackageManager: Missing required system package: com.payoneer.android, but found with extended search.
03-10 16:20:18.743  3163  7023 W PackageManager: Missing required system package: com.particlenews.newsbreak, but found with extended search.
03-10 16:20:18.743  3163  7023 W PackageManager: Missing required system package: com.parkwhiz.driverApp, but found with extended search.
03-10 16:20:18.743  3163  7023 W PackageManager: Missing required system package: com.opentable, but found with extended search.
03-10 16:20:18.743  3163  7023 W PackageManager: Missing required system package: com.openai.chatgpt, but found with extended search.
03-10 16:20:18.743  3163  4298 W InputManager-JNI: Input channel object '173d95d InputMethod (client)' was disposed without first being removed with the input manager!
03-10 16:20:18.743  3163  7023 W PackageManager: Missing required system package: com.onedebit.chime, but found with extended search.
03-10 16:20:18.743  3163  7023 W PackageManager: Missing required system package: com.olo.dairyqueen.production, but found with extended search.
03-10 16:20:18.744  3163  7023 W PackageManager: Missing required system package: com.nike.omega, but found with extended search.
03-10 16:20:18.744  3163  7023 W PackageManager: Missing required system package: com.newsbreak.crimeradar, but found with extended search.
03-10 16:20:18.744  3163  3352 V DisplayPowerController2[1]: Brightness [0.32212234] reason changing to: 'automatic', previous reason: 'manual'.
03-10 16:20:18.744  3163  7023 W PackageManager: Missing required system package: com.newleaf.app.android.victor, but found with extended search.
03-10 16:20:18.744  3163  7023 W PackageManager: Missing required system package: com.newegg.app, but found with extended search.
03-10 16:20:18.744  3163  7023 W PackageManager: Missing required system package: com.myklarnamobile, but found with extended search.
03-10 16:20:18.744  3163  7023 W PackageManager: Missing required system package: com.mta.mobileapp, but found with extended search.
03-10 16:20:18.744  3163  7023 W PackageManager: Missing required system package: com.moneylion, but found with extended search.
03-10 16:20:18.744  3163  7023 W PackageManager: Missing required system package: com.mobilecreditcards, but found with extended search.
03-10 16:20:18.744  3163  7023 W PackageManager: Missing required system package: com.mobilaurus.wingstopandroid, but found with extended search.
03-10 16:20:18.744  3163  7023 W PackageManager: Missing required system package: com.microsoft.copilot, but found with extended search.
03-10 16:20:18.744 10834 10834 W SessionManager: SessionManager.endSession():88 Try to end a not begun session [INPUT_SESSION].
03-10 16:20:18.744  3163  7023 W PackageManager: Missing required system package: com.meesho.supply, but found with extended search.
03-10 16:20:18.744  3163  3352 I DisplayPowerController2[1]: 03-10 16:20:18.744 - BrightnessEvent: disp=1, physDisp=local:4630947043778501763, displayState=ON, displayPolicy=BRIGHT, brt=0.32212234, initBrt=0.25950933, rcmdBrt=0.32212234, preBrt=NaN, lux=39.2, preLux=NaN, brtNits=94.25549, hdrNits=NaN, initNits=66.383026, preNits=NaN, rcmdNits=94.25549, hdrBrightness=NaN, brt(%)=42%, brtInt=83, hbmPolicy=normal, hbmMax=0.7660316, hbmMode=off, rbcStrength=-1, thrmMax=1.0, powerFactor=1.0, wasShortTermModelActive=false, flags=, reason=automatic, autoBrightness=true, strategy=InvalidBrightnessStrategy, autoBrightnessMode=default
03-10 16:20:18.744 10834 10834 I GoogleInputMethodService: GoogleInputMethodService.onDestroy():934 
03-10 16:20:18.744  3163  7023 W PackageManager: Missing required system package: com.mcdonalds.app, but found with extended search.
03-10 16:20:18.745  3163  7023 W PackageManager: Missing required system package: com.maps.radar.navigation.android2023, but found with extended search.
03-10 16:20:18.745  3163  7023 W PackageManager: Missing required system package: com.macys.android, but found with extended search.
03-10 16:20:18.745  3163  7023 W PackageManager: Missing required system package: com.m1finance.android, but found with extended search.
03-10 16:20:18.745  3163  7023 W PackageManager: Missing required system package: com.lowes.android, but found with extended search.
03-10 16:20:18.745  3163  7023 W PackageManager: Missing required system package: com.littlecaesars, but found with extended search.
03-10 16:20:18.745  3163  7023 W PackageManager: Missing required system package: com.linkedin.android, but found with extended search.
03-10 16:20:18.745  3163  7023 W PackageManager: Missing required system package: com.lemon.lvoverseas, but found with extended search.
03-10 16:20:18.745  3163  7023 W PackageManager: Missing required system package: com.kohls.mcommerce.opal, but found with extended search.
03-10 16:20:18.745  5658  6105 I bt_shim_scanner: system/main/shim/le_scanning_manager.cc:220 ScanFilterParamSetup: in shim layer, clientIf=1
03-10 16:20:18.745  3163  7023 W PackageManager: Missing required system package: com.kinpos.wallytech, but found with extended search.
03-10 16:20:18.745  2300  4967 I SurfaceFlinger: mBrightnessDiming=1, isCli=1, mBrightnessDimingCnt=0
03-10 16:20:18.745  5658  6105 I bt_shim_scanner: system/main/shim/le_scanning_manager.cc:185 Scan: in shim layer started
03-10 16:20:18.745  5658  5907 I bluetooth: system/gd/hci/le_scanning_manager.cc:690 stop_scan: Scanning already stopped, return!
03-10 16:20:18.745  5658  5907 I bluetooth: system/gd/hci/le_address_manager.cc:226 register_client: Scheduled address rotation for first client registered
03-10 16:20:18.745  5658  5907 I bluetooth: system/gd/hci/le_address_manager.cc:229 register_client: Client registered
03-10 16:20:18.745  3163  7023 W PackageManager: Missing required system package: com.kfc.us.mobile, but found with extended search.
03-10 16:20:18.746  3163  7023 W PackageManager: Missing required system package: com.joom, but found with extended search.
03-10 16:20:18.746  5658  6105 I bt_shim_scanner: system/main/shim/le_scanning_manager.cc:185 Scan: in shim layer stopped
03-10 16:20:18.746  3163  7023 W PackageManager: Missing required system package: com.instagram.barcelona, but found with extended search.
03-10 16:20:18.746  5658  5907 I bluetooth: system/gd/hci/le_address_manager.cc:244 unregister_client: Client unregistered
03-10 16:20:18.746  5658  6105 W BtGatt.JNI: android/app/jni/com_android_bluetooth_gatt.cpp:1597 gattSetScanParametersNative: gattSetScanParametersNative
03-10 16:20:18.746  5658  6105 I bt_shim_scanner: system/main/shim/le_scanning_manager.cc:363 SetScanParameters: in shim layer, scannerId=1
03-10 16:20:18.746 10834 10834 I GlobeKeyExtension: GlobeKeyExtension.onDestroyExtension():162 
03-10 16:20:18.746  5658  5907 I bluetooth: system/gd/hci/le_address_manager.cc:248 unregister_client: Cancelled address rotation alarm
03-10 16:20:18.746  3163  7023 W PackageManager: Missing required system package: com.instagram.android, but found with extended search.
03-10 16:20:18.746 10834 10834 I ModuleManager: ModuleManager$ModuleInitListener.maybeUnloadModuleOnUnavailable():1386 module lvk is unavailable
03-10 16:20:18.746  3163  7023 W PackageManager: Missing required system package: com.instacart.client, but found with extended search.
03-10 16:20:18.746 10834 10834 I HardKeyTracker: HardKeyTracker.unregisterKeySequence():221 Unregister key sequence nul{labelResId=2132020475, callback=cnx@e04e6bd, lastModifier=2, keyCodes=[47], actions=[0]}
03-10 16:20:18.746  3163  7023 W PackageManager: Missing required system package: com.inmobi.weather, but found with extended search.
03-10 16:20:18.746 10834 10834 I ModuleManager: ModuleManager$ModuleInitListener.maybeUnloadModuleOnUnavailable():1386 module eci is unavailable
03-10 16:20:18.746 10834 10834 I ModuleManager: ModuleManager$ModuleInitListener.maybeUnloadModuleOnUnavailable():1386 module hvi is unavailable
03-10 16:20:18.746  3163  7023 W PackageManager: Missing required system package: com.infraware.office.link, but found with extended search.
03-10 16:20:18.746  3163  7023 W PackageManager: Missing required system package: com.inditex.zara, but found with extended search.
03-10 16:20:18.746 10834 10834 I ModuleManager: ModuleManager$ModuleInitListener.maybeUnloadModuleOnUnavailable():1386 module mhz is unavailable
03-10 16:20:18.746  3163  7023 W PackageManager: Missing required system package: com.hollar.android, but found with extended search.
03-10 16:20:18.746 10834 10834 I ModuleManager: ModuleManager$ModuleInitListener.maybeUnloadModuleOnUnavailable():1386 module mia is unavailable
03-10 16:20:18.746 10834 10834 I ModuleManager: ModuleManager$ModuleInitListener.maybeUnloadModuleOnUnavailable():1386 module mib is unavailable
03-10 16:20:18.746 10834 10834 I ModuleManager: ModuleManager$ModuleInitListener.maybeUnloadModuleOnUnavailable():1386 module mic is unavailable
03-10 16:20:18.746 10834 10834 I ModuleManager: ModuleManager$ModuleInitListener.maybeUnloadModuleOnUnavailable():1386 module mie is unavailable
03-10 16:20:18.747 10834 10834 I ModuleManager: ModuleManager$ModuleInitListener.maybeUnloadModuleOnUnavailable():1386 module mii is unavailable
03-10 16:20:18.747 10834 10834 I ModuleManager: ModuleManager$ModuleInitListener.maybeUnloadModuleOnUnavailable():1386 module mtq is unavailable
03-10 16:20:18.747  3163  4298 I ImeTracker: com.motorola.launcher.secondarydisplay:6b1193a6: onRequestHide at ORIGIN_SERVER reason HIDE_DISPLAY_IME_POLICY_HIDE fromUser false
03-10 16:20:18.747 10834 10834 I HardKeyTracker: HardKeyTracker.unregisterKeySequence():221 Unregister key sequence nul{labelResId=0, callback=lkj@4371780, lastModifier=0, keyCodes=[204], actions=[0]}
03-10 16:20:18.747  3163  7023 W PackageManager: Missing required system package: com.hm.goe, but found with extended search.
03-10 16:20:18.747  3163  4298 I ImeTracker: com.motorola.launcher.secondarydisplay:6b1193a6: onCancelled at PHASE_SERVER_SHOULD_HIDE
03-10 16:20:18.747 10834 10834 I ModuleManager: ModuleManager$ModuleInitListener.maybeUnloadModuleOnUnavailable():1386 module mts is unavailable
03-10 16:20:18.747  3163  7023 W PackageManager: Missing required system package: com.guardian, but found with extended search.
03-10 16:20:18.747  5658  6105 I bt_shim_scanner: system/main/shim/le_scanning_manager.cc:185 Scan: in shim layer started
03-10 16:20:18.747 10834 10834 I ModuleManager: ModuleManager$ModuleInitListener.maybeUnloadModuleOnUnavailable():1386 module nyc is unavailable
03-10 16:20:18.747  3163  7023 W PackageManager: Missing required system package: com.grubhub.android, but found with extended search.
03-10 16:20:18.747  3163  7023 W PackageManager: Missing required system package: com.groupon, but found with extended search.
