03-12 00:37:06.949 10834 10673 I ContentCacheModule: ContentCacheModule.onCreate():168 ContentCacheModule is created.
03-12 00:37:06.949 10834 10834 I NetworkInfoNotification: NetworkInfoNotification$Listener.onReceive():107 onNetworkAvailable: networkState = NON_METERED, isAirplaneModeOn = false
03-12 00:37:06.950 10834 10962 I SP      : Syncing emoticon_content_description (2022081613) with slices: [7a635888cb828dfa2fc744b7b9b50f04], metadata: false
03-12 00:37:06.952 10834 10834 I Environment: Environment.isPackageInstalled():302 com.bitstrips.imoji is not installed
03-12 00:37:06.952 10834 10834 I AbstractOpenableExtension: AbstractOpenableExtension.createKeyboardGroupManagerListenableFuture():121 Create keyboard group manager listenable future in ezz
03-12 00:37:06.952 10834 10834 I EmojifyExtensionImpl: EmojifyExtensionImpl.onCreate():604 Creating Emojify extension ezf@a209053.
03-12 00:37:06.952 10834 10834 I AbstractOpenableExtension: AbstractOpenableExtension.createKeyboardGroupManagerListenableFuture():121 Create keyboard group manager listenable future in hme
03-12 00:37:06.953 10834 24079 I KeyboardGroupDefParser: KeyboardGroupDefParser.parseKeyboardGroupDef():86 parseKeyboardGroupDef() 2132213997 -> 0_resource_name_obfuscated : WaitTime = 0 ms : RunTime = 1 ms
03-12 00:37:06.954 10834  2971 I KeyboardGroupDefParser: KeyboardGroupDefParser.parseKeyboardGroupDef():86 parseKeyboardGroupDef() 2132213998 -> 0_resource_name_obfuscated : WaitTime = 0 ms : RunTime = 1 ms
03-12 00:37:06.954 10834  9439 I Environment: Environment.isPackageInstalled():302 com.bitstrips.imoji is not installed
03-12 00:37:06.956 10834  2945 I DeviceStatusMonitor: DeviceStatusMonitor.handleBroadcast():138 onReceive() : Action = android.intent.action.SCREEN_ON
03-12 00:37:06.956 10834 10834 I AppBase : AppBase.onTrimMemory():427 onTrimMemory(): 40
03-12 00:37:06.956 10834  2945 I DeviceStatusMonitor: DeviceStatusMonitor.updateCountryInfo():154 updateCountryInfo(), notifyAnyway = false
03-12 00:37:06.956 10834 10834 I KeyboardDefCache: MemoryFileCache$1.onTrimMemory():124 clearMemory() for trim memory: 40
03-12 00:37:06.956 10834 10834 I KeyboardDefCache: MemoryFileCache.clearMemory():408 evictAll()
03-12 00:37:06.956 10834 10834 I GoogleInputMethodService: GoogleInputMethodService.onTrimMemory():2797 onTrimMemory(): 40
03-12 00:37:06.960 10834 10834 I HardKeyTracker: HardKeyTracker.registerKeySequence():170 Register key sequence nul{labelResId=2132020472, callback=null, lastModifier=2, keyCodes=[8], actions=[0]}
03-12 00:37:06.961 10834 10834 I HardKeyTracker: HardKeyTracker.registerKeySequence():170 Register key sequence nul{labelResId=2132020474, callback=gqg@fc28c38, lastModifier=2, keyCodes=[62], actions=[0]}
03-12 00:37:06.962 10834 10834 I ClipboardDataHandler: ClipboardDataHandler.updateScreenshotsContentObserver():311 Disable the feature of handling screenshots in the clipboard.
03-12 00:37:06.962 10834 10834 W NotificationCenter: NotificationCenter.unregisterListener():480 Listener efs@42a487b was not registered for notification class ndp
03-12 00:37:06.963 10834 10962 I SP      : Syncing emoticon_content_description (2022081613) with slices: [7a635888cb828dfa2fc744b7b9b50f04], metadata: false
03-12 00:37:06.963 10834 10962 I SP      : Registering dynamic_art.20221021, url: https://www.gstatic.com/android/keyboard/dynamic_art/20221021184232/manifest.json, constraints: *:*:*:*, flags: *, requested: 20221021, current: 20221021
03-12 00:37:06.964 10834 10834 I ExtensionManager: ExtensionManager.updateExtensionWrappersMap():230 The same notification is already processed
03-12 00:37:06.964 10834  2970 I KeyboardGroupDefParser: KeyboardGroupDefParser.parseKeyboardGroupDef():86 parseKeyboardGroupDef() 2132213990 -> 0_resource_name_obfuscated : WaitTime = 0 ms : RunTime = 1 ms
03-12 00:37:06.965 10834 10834 I AbstractOpenableExtension: AbstractOpenableExtension.createKeyboardGroupManagerListenableFuture():121 Create keyboard group manager listenable future in hjj
03-12 00:37:06.965 10834  3476 I KeyboardGroupDefParser: KeyboardGroupDefParser.parseKeyboardGroupDef():86 parseKeyboardGroupDef() 2132213994 -> 0_resource_name_obfuscated : WaitTime = 0 ms : RunTime = 1 ms
03-12 00:37:06.965 10834  3476 I KeyboardGroupDefParser: KeyboardGroupDefParser.parseKeyboardGroupDef():86 parseKeyboardGroupDef() 2132213995 -> 0_resource_name_obfuscated : WaitTime = 0 ms : RunTime = 0 ms
03-12 00:37:06.966 10834 10834 I HardKeyTracker: HardKeyTracker.registerKeySequence():170 Register key sequence nul{labelResId=2132018771, callback=cth@32be737, lastModifier=2, keyCodes=[39], actions=[0]}
03-12 00:37:06.966 10834 10834 I HardKeyTracker: HardKeyTracker.registerKeySequence():170 Register key sequence nul{labelResId=2132020469, callback=cth@5ae64a4, lastModifier=65536, keyCodes=[76], actions=[0]}
03-12 00:37:06.966 10834 10834 I PkDeviceHelper: PkDeviceHelper.refreshDevices():93 refreshing devices
03-12 00:37:06.966 10834 10834 I AccessPointsListHolderController: AccessPointsListHolderController.removeAccessPoint():581 The access point share is not added
03-12 00:37:06.966 10834 10834 I HardKeyTracker: HardKeyTracker.unregisterKeySequence():221 Unregister key sequence nul{labelResId=2132020469, callback=cth@5ae64a4, lastModifier=65536, keyCodes=[76], actions=[0]}
03-12 00:37:06.966 10834 10834 I HardKeyTracker: HardKeyTracker.registerKeySequence():170 Register key sequence nul{labelResId=2132020469, callback=cth@8b605c2, lastModifier=65536, keyCodes=[76], actions=[0]}
03-12 00:37:06.966 10834 10834 I HardKeyTracker: HardKeyTracker.registerKeySequence():170 Register key sequence nul{labelResId=2132020468, callback=cth@14dbfd3, lastModifier=2, keyCodes=[37], actions=[0]}
03-12 00:37:06.966 10834 10834 I AccessPointsListHolderController: AccessPointsListHolderController.removeAccessPoint():581 The access point textediting is not added
03-12 00:37:06.966 10834 10834 I AccessPointsListHolderController: AccessPointsListHolderController.removeAccessPoint():581 The access point settings is not added
03-12 00:37:06.966 10834 10834 I AccessPointsListHolderController: AccessPointsListHolderController.removeAccessPoint():581 The access point theme_setting is not added
03-12 00:37:06.967 10834 10834 I HardKeyTracker: HardKeyTracker.registerKeySequence():170 Register key sequence nul{labelResId=2132020470, callback=cth@baab209, lastModifier=2, keyCodes=[48], actions=[0]}
03-12 00:37:06.967 10834 10834 I HardKeyTracker: HardKeyTracker.registerKeySequence():170 Register key sequence nul{labelResId=2132020465, callback=cth@5e2bc0e, lastModifier=2, keyCodes=[50], actions=[0]}
03-12 00:37:06.967 10834 10834 I HardKeyTracker: HardKeyTracker.registerKeySequence():170 Register key sequence nul{labelResId=2132020465, callback=cth@7aa862f, lastModifier=2, keyCodes=[50], actions=[0]}
03-12 00:37:06.967 10834 10834 I HardKeyTracker: HardKeyTracker.registerKeySequence():170 Register key sequence nul{labelResId=2132020470, callback=cth@fd7a43c, lastModifier=2, keyCodes=[48], actions=[0]}
03-12 00:37:06.967 10834 10834 I HardKeyTracker: HardKeyTracker.registerKeySequence():170 Register key sequence nul{labelResId=2132020466, callback=cth@54365c5, lastModifier=2, keyCodes=[56], actions=[0]}
03-12 00:37:06.967 10834 10834 I HardKeyTracker: HardKeyTracker.registerKeySequence():170 Register key sequence nul{labelResId=2132020466, callback=cth@2128b1a, lastModifier=0, keyCodes=[317], actions=[0]}
03-12 00:37:06.967 10834 10834 I AccessPointsListHolderController: AccessPointsListHolderController.removeAccessPoint():581 The access point split is not added
03-12 00:37:06.967 10834 10834 I AccessPointsListHolderController: AccessPointsListHolderController.removeAccessPoint():581 The access point keyboard_resize is not added
03-12 00:37:06.968 10834 10996 I ContentCacheModule: ContentCacheModule.loadKeywordMappingsAsync():278 Loaded 1867 keyword --> image mappings and 873 keyword --> timestamp mappings
03-12 00:37:06.968 10834 10834 I GoogleInputMethodService: GoogleInputMethodService$GoogleInputMethodImpl.attachToken():2701 
03-12 00:37:06.973 10834 10962 I SP      : GC for 'emoticon_content_description' (10) with ttl of 0 ms took 0 ms (0/0/0)
03-12 00:37:06.973 10834 10962 I AbstractSyncResultCallback: AbstractSyncResultCallback.onFailure():38 onFailure(): emoticon_content_description.sync cancelled; expected if new request supersedes pending one.
03-12 00:37:06.973 10834 10962 I SP      : Syncing dynamic_art (20221021) with slices: [41a013de12bb1d63367cf56d14febd9b, 9fbd8f766281732075d152fa48b82975, affe22790ef2882a534a603c38f3ead0], metadata: false
03-12 00:37:06.981 10834 10834 I SystemSubtypesReportModule: SystemSubtypesReportModule$1.onBindService():97 
03-12 00:37:06.981 10834 10834 I SystemSubtypesReportModule: SystemSubtypesReportModule$1.onBindService():103 Start listening current entry
03-12 00:37:06.981 10834 10834 I SystemSubtypesReportModule: SystemSubtypesReportModule$3.onSetCurrentInputMethodSubtype():184 en_US
03-12 00:37:06.981 10834 10834 I SystemSubtypesReportModule: SystemSubtypesReportModule$3.onSetCurrentInputMethodSubtype():205 switchEntry(en-US)
03-12 00:37:06.985 10834 12777 E InputMethodWrapper: startInput must be called after bindInput.
03-12 00:37:06.988 10834 10834 I GoogleInputMethodService: GoogleInputMethodService.onStartInput():1347 onStartInput(EditorInfo{EditorInfo{packageName=com.instacart.client, inputType=0, inputTypeString=NULL, enableLearning=false, autoCorrection=false, autoComplete=false, imeOptions=0, privateImeOptions=null, actionName=UNSPECIFIED, actionLabel=null, initialSelStart=-1, initialSelEnd=-1, initialCapsMode=0, label=null, fieldId=0, fieldName=null, extras=null, hintText=null, hintLocales=[]}}, false)
03-12 00:37:06.989 10834 10834 I Module  : DeviceLockedStatusModuleProvider$Module.updateDeviceLockedStatus():103 repeatCheckTimes = 1, locked = false
03-12 00:37:06.989 10834 10834 I HardKeyTracker: HardKeyTracker.registerKeySequence():170 Register key sequence nul{labelResId=0, callback=gqg@f0d9e7a, lastModifier=0, keyCodes=[57, 57], actions=[1, 0]}
03-12 00:37:06.989 10834 10834 I HardKeyTracker: HardKeyTracker.registerKeySequence():170 Register key sequence nul{labelResId=0, callback=gqg@b71d62b, lastModifier=0, keyCodes=[58, 58], actions=[1, 0]}
03-12 00:37:06.989  3163  4129 W PackageConfigPersister: App-specific configuration not found for packageName: com.instacart.client and userId: 0
03-12 00:37:06.992 10834 10962 I SP      : Sync for emoticon_content_description succeeded in 31 ms: no changes
03-12 00:37:06.993 10834 10962 I SP      : GC for 'emoticon_content_description' (10) with ttl of 0 ms took 0 ms (0/0/0)
03-12 00:37:06.998 10834 10962 I SP      : Sync for dynamic_art succeeded in 25 ms: no changes
03-12 00:37:06.998 10834 10962 I SP      : GC for 'dynamic_art' (10) with ttl of 0 ms took 0 ms (0/0/0)
03-12 00:37:07.007  5625  5922 D Surface : Surface::disconnect
03-12 00:37:07.007  5625  5922 D BufferQueueProducer: [NotificationShade#115793(BLAST Consumer)pid:5625](id:15f9000013f4,api:1,p:5625,c:5625) disconnect: api 1
03-12 00:37:07.009  5493  5493 I WallpaperService: engine paused
03-12 00:37:07.010  2064  2064 I sensors-hal: batch:206, android.sensor.accelerometer/11, period=66667000, max_latency=0
03-12 00:37:07.010  2064  2064 I sensors-hal: set_config:57, sample_period_ns is adjusted to 66667000 based on min/max delay_ns
03-12 00:37:07.010  2064  2064 I sensors-hal: send_sensor_config_request:395, resampler is used, set resampler config
03-12 00:37:07.010  2064  2064 I sensors-hal: send_sync_sensor_request:341, send sync request
03-12 00:37:07.010  2064  2064 I sensors-hal: send_sync_sensor_request:367, wait for notification of response
03-12 00:37:07.011  2064  5194 I sensors-hal: ssc_conn_resp_cb:632, resp_value = 0
03-12 00:37:07.012  2064  2064 I sensors-hal: send_sync_sensor_request:373, takes 0 ms to receive the response with 0
03-12 00:37:07.012  2064  2064 I sensors-hal: batch:215, android.sensor.accelerometer/11, period=66667000, max_latency=0 request completed
03-12 00:37:07.012  3163  3163 W AccessibilityManagerService:  wait for adding window timeout: 23981
03-12 00:37:07.013  2064  2064 I sensors-hal: activate:173, android.sensor.magnetic_field/21 en=0
03-12 00:37:07.014  2061  2108 E minksocket: MinkIPC_QRTR_Service: client with node 1 port 6789 went down
03-12 00:37:07.014  5625  5920 D ControlsListingControllerImpl: Unsubscribing callback
03-12 00:37:07.015  2064  2064 I sensors-hal: activate:184, android.sensor.magnetic_field/21 en=0 completed
03-12 00:37:07.015  5625  5920 D ControlsListingControllerImpl: Unsubscribing callback
03-12 00:37:07.015  5493  5493 I AndroidInput: sensor listener tear down
03-12 00:37:07.016  5493  5971 D Surface : Surface::disconnect
03-12 00:37:07.016  5493  5971 D BufferQueueProducer: [Wallpaper BBQ wrapper#89(BLAST Consumer)pid:5493](id:157500000000,api:1,p:5493,c:5493) disconnect: api 1
03-12 00:37:07.016  2061  2108 E minksocket: MinkIPC_QRTR_Service: client with node 1 port 6784 went down
03-12 00:37:07.018  2064  2064 I sensors-hal: activate:173, android.sensor.hinge_angle/362 en=0
03-12 00:37:07.019  5625  5920 D ControlsListingControllerImpl: Unsubscribing callback
03-12 00:37:07.019  2064  2064 I sensors-hal: activate:184, android.sensor.hinge_angle/362 en=0 completed
03-12 00:37:07.019  2061  2108 E minksocket: MinkIPC_QRTR_Service: client with node 1 port 678e went down
03-12 00:37:07.024  3163  3231 I DisplayDeviceRepository: Display device changed: DisplayDeviceInfo{"Built-in Screen": uniqueId="local:4630947043778501762", 1080 x 2640, modeId 3, renderFrameRate 90.0, defaultModeId 1, userPreferredModeId -1, supportedModes [{id=1, width=1080, height=2640, fps=120.00001, vsync=120.00001, synthetic=false, alternativeRefreshRates=[24.000002, 60.000004], supportedHdrTypes=[2, 3, 4]}, {id=2, width=1080, height=2640, fps=144.00002, vsync=144.00002, synthetic=false, alternativeRefreshRates=[], supportedHdrTypes=[2, 3, 4]}, {id=3, width=1080, height=2640, fps=90.0, vsync=90.0, synthetic=false, alternativeRefreshRates=[], supportedHdrTypes=[2, 3, 4]}, {id=4, width=1080, height=2640, fps=60.000004, vsync=60.000004, synthetic=false, alternativeRefreshRates=[24.000002, 120.00001], supportedHdrTypes=[2, 3, 4]}, {id=5, width=1080, height=2640, fps=30.000002, vsync=30.000002, synthetic=false, alternativeRefreshRates=[], supportedHdrTypes=[2, 3, 4]}, {id=6, width=1080, height=2640, fps=24.000002, vsync=24.000002, synthetic=false, alternativeRefreshRates=[60.000004, 120.00001], supportedHdrTypes=[2, 3, 4]}], supportedReadyForModes [], colorMode 0, supportedColorModes [0, 7, 9], hdrCapabilities HdrCapabilities{mSupportedHdrTypes=[2, 3, 4], mMaxLuminance=420.0, mMaxAverageLuminance=210.1615, mMinLuminance=0.323}, allmSupported false, gameContentTypeSupported false, density 420, 397.565 x 435.428 dpi, appVsyncOff 1000000, presDeadline 17111110, cutout DisplayCutout{insets=Rect(0, 108 - 0, 0) waterfall=Insets{left=0, top=0, right=0, bottom=0} boundingRect={Bounds=[Rect(0, 0 - 0, 0), Rect(495, 0 - 585, 108), Rect(0, 0 - 0, 0), Rect(0, 0 - 0, 0)]} cutoutPathParserInfo={CutoutPathParserInfo{displayWidth=1080 displayHeight=2640 physicalDisplayWidth=1080 physicalDisplayHeight=2640 density={2.625} cutoutSpec={M -45,0 L 45,0 L 45,108 L -45,108 Z} rotation={0} scale={1.0} physicalPixelDisplaySizeRatio={1.0}}} sideOverrides={}}, touch INTERNAL, rotation 0, type INTERNAL, address {port=130, model=0x40446dccee101c}, deviceProductInfo DeviceProductInfo{name=, manufacturerPnpId=QCM, productId=1, modelYear=null, manufactureDate=ManufactureDate{week=27, year=2006}, connectionToSinkType=0}, state ON, committedState ON, frameRateOverride {uid=10254 frameRateHz=45.0} , brightnessMinimum 0.0, brightnessMaximum 1.0, brightnessDefault 0.38188976, hdrSdrRatio 1.0, FLAG_ALLOWED_TO_BE_DEFAULT_DISPLAY, FLAG_ROTATES_WITH_CONTENT, FLAG_SECURE, FLAG_SUPPORTS_PROTECTED_BUFFERS, FLAG_TRUSTED, installOrientation 0, displayShape DisplayShape{ spec=-1962366115 displayWidth=1080 displayHeight=2640 physicalPixelDisplaySizeRatio=1.0 rotation=0 offsetX=0 offsetY=0 scale=1.0}}
03-12 00:37:07.034  3163  3231 I DisplayDeviceRepository: Display device changed: DisplayDeviceInfo{"Built-in Screen": uniqueId="local:4630947043778501762", 1080 x 2640, modeId 3, renderFrameRate 90.0, defaultModeId 1, userPreferredModeId -1, supportedModes [{id=1, width=1080, height=2640, fps=120.00001, vsync=120.00001, synthetic=false, alternativeRefreshRates=[24.000002, 60.000004], supportedHdrTypes=[2, 3, 4]}, {id=2, width=1080, height=2640, fps=144.00002, vsync=144.00002, synthetic=false, alternativeRefreshRates=[], supportedHdrTypes=[2, 3, 4]}, {id=3, width=1080, height=2640, fps=90.0, vsync=90.0, synthetic=false, alternativeRefreshRates=[], supportedHdrTypes=[2, 3, 4]}, {id=4, width=1080, height=2640, fps=60.000004, vsync=60.000004, synthetic=false, alternativeRefreshRates=[24.000002, 120.00001], supportedHdrTypes=[2, 3, 4]}, {id=5, width=1080, height=2640, fps=30.000002, vsync=30.000002, synthetic=false, alternativeRefreshRates=[], supportedHdrTypes=[2, 3, 4]}, {id=6, width=1080, height=2640, fps=24.000002, vsync=24.000002, synthetic=false, alternativeRefreshRates=[60.000004, 120.00001], supportedHdrTypes=[2, 3, 4]}], supportedReadyForModes [], colorMode 0, supportedColorModes [0, 7, 9], hdrCapabilities HdrCapabilities{mSupportedHdrTypes=[2, 3, 4], mMaxLuminance=420.0, mMaxAverageLuminance=210.1615, mMinLuminance=0.323}, allmSupported false, gameContentTypeSupported false, density 420, 397.565 x 435.428 dpi, appVsyncOff 1000000, presDeadline 17111110, cutout DisplayCutout{insets=Rect(0, 108 - 0, 0) waterfall=Insets{left=0, top=0, right=0, bottom=0} boundingRect={Bounds=[Rect(0, 0 - 0, 0), Rect(495, 0 - 585, 108), Rect(0, 0 - 0, 0), Rect(0, 0 - 0, 0)]} cutoutPathParserInfo={CutoutPathParserInfo{displayWidth=1080 displayHeight=2640 physicalDisplayWidth=1080 physicalDisplayHeight=2640 density={2.625} cutoutSpec={M -45,0 L 45,0 L 45,108 L -45,108 Z} rotation={0} scale={1.0} physicalPixelDisplaySizeRatio={1.0}}} sideOverrides={}}, touch INTERNAL, rotation 0, type INTERNAL, address {port=130, model=0x40446dccee101c}, deviceProductInfo DeviceProductInfo{name=, manufacturerPnpId=QCM, productId=1, modelYear=null, manufactureDate=ManufactureDate{week=27, year=2006}, connectionToSinkType=0}, state ON, committedState ON, frameRateOverride , brightnessMinimum 0.0, brightnessMaximum 1.0, brightnessDefault 0.38188976, hdrSdrRatio 1.0, FLAG_ALLOWED_TO_BE_DEFAULT_DISPLAY, FLAG_ROTATES_WITH_CONTENT, FLAG_SECURE, FLAG_SUPPORTS_PROTECTED_BUFFERS, FLAG_TRUSTED, installOrientation 0, displayShape DisplayShape{ spec=-1962366115 displayWidth=1080 displayHeight=2640 physicalPixelDisplaySizeRatio=1.0 rotation=0 offsetX=0 offsetY=0 scale=1.0}}
03-12 00:37:07.176  5643 20593 D ApfFilter: (wlan1): Ignoring RA RA fe80::c294:35ff:fe71:84fd -> ff02::1 180s 2601:85:ca02:f280::/64 7200s/7200s DNS 180s 2601:85:ca02:f280:c294:35ff:fe71:84fd 2001:558:feed::1 2001:558:feed::2 RIO 180s ::/0  which matches RA fe80::c294:35ff:fe71:84fd -> ff02::1 180s 2601:85:ca02:f280::/64 7200s/7200s DNS 180s 2601:85:ca02:f280:c294:35ff:fe71:84fd 2001:558:feed::1 2001:558:feed::2 RIO 180s ::/0 
03-12 00:37:07.334  2163  2163 D motorola.hardware.sensorext-service: handle id:13 wxh:1088x2640 uwxuh:1080x2640 size: 11489280 fd:11 fd_meta:12 flags:0x4000228 usage:0x33  format:0x1 layer_count: 1 reserved_size = 0
03-12 00:37:07.335  2195  2392 I SDM     : HWCSession::SetCWBOutputBuffer: CWB config passed by cwb_client : tappoint 1  CWB_ROI : (210.000000 26.000000 274.000000 90.000000) for display [1 0 0]
03-12 00:37:07.335  2064  4171 D slpi-TCS3720: ALS_REPORT lux 12.817797, ch0 4.853413-2.389634-2.290117-0.868450, scale 1.1878, fps 90, client 1
03-12 00:37:07.335  2064  4171 D slpi-TCS3720: PRX_OC info Far, Total 0, pdata 0, offset 0 step 0.63, ore 0:0 step 21.00, TH_H 1020, TH_L 0, client 0
03-12 00:37:07.336  2195  3479 I SDM     : HWCDisplay::SetReadbackBuffer: CWB config from client: tap_point 1, CWB ROI Rect(210.000000 26.000000 274.000000 90.000000), PU_as_CWB_ROI 0, Cwb full rect : (0.000000 0.000000 1080.000000 2640.000000)
03-12 00:37:07.336  2195  3479 I SDM     : HWCDisplay::SetReadbackBuffer: Successfully configured the output buffer: readback_buffer_queued_ 1, readback_configured_ 0, cwb_client 3
03-12 00:37:07.336  2195  3479 I SDM     : HWCSession::ProcessRequests: Successfully configured CWB buffer.
03-12 00:37:07.342  7314  7314 D GameMode: exiting game mode
03-12 00:37:07.343  7314  7314 D GameMode: isFeatureSupported: true
03-12 00:37:07.343  7314  7314 D GameMode: isFeatureSupported: true
03-12 00:37:07.344  7314  7314 D GameMode: reset : false
03-12 00:37:07.345  7545  8717 I MotoDesktopLog: [ R4ConnectivityManager ] - cancelWfdPowerSavingAlarm
03-12 00:37:07.347  7314  7314 D GameMode: isFeatureSupported: true
03-12 00:37:07.348  7545  7545 I FileStationLog: [ FileStationManager ] - onUserPresent(). hasWindowShowed: false, isMotoWindowType(): true
03-12 00:37:07.349  2195  3479 I SDM     : HWCSession::ProcessRequests: Pushing release fence in fenece wait queue.
03-12 00:37:07.349  2195  3479 I SDM     : HWCSession::ProcessRequests: Creating AsyncFenceWaits async thread.
03-12 00:37:07.349  2195  3479 I SDM     : HWCSession::ProcessRequests: Remove current CWB request from the pending request queue.
03-12 00:37:07.349  2195  3479 I SDM     : HWCSession::ProcessRequests: No pending cwb requests found in the queue.
03-12 00:37:07.353 28905  9711 I NearbySharing: Screen is unlocked
03-12 00:37:07.353 28905  9711 I NearbySharing: Uwb feature is off.
03-12 00:37:07.353 28905  9711 I NearbySharing: Uwb feature is off.
03-12 00:37:07.354 28905  9711 I NearbySharing: Stopping scanning because Nearby Sharing is disabled.
03-12 00:37:07.355 28905 29391 I NearbyDiscovery: (REDACTED) FastPairHandler: Received action %s
03-12 00:37:07.355 28905 29391 I NearbyDiscovery: FastPairController: onSystemStateChanged: skip due to flag disabled [CONTEXT service_id=265 ]
03-12 00:37:07.355 28905  9711 I NearbySharing: Stopping Fast Init advertisement because we're not scanning in the foreground.
03-12 00:37:07.355  3163  6380 W ContentProviderHelper: Permission Denial: opening provider com.android.providers.calendar.CalendarProvider2 from ProcessRecord{7af58fc 28967:com.motorola.timeweatherwidget/u0a322} (pid=28967, uid=10322) requires android.permission.READ_CALENDAR or android.permission.WRITE_CALENDAR
03-12 00:37:07.355 28905  9711 I NearbySharing: Stopping advertising because Nearby Sharing is disabled.
03-12 00:37:07.357  3163  6380 D ActivityManager: unfreezing ProcessRecord{ab8d6b 9565:com.android.providers.calendar/u0a147}, reason = oom_uncached, adj = 0, adjType = ext-provider, adjSource = null
03-12 00:37:07.357  3163  6380 D ActivityManager: sync unfroze 9565 com.android.providers.calendar for 7
03-12 00:37:07.362  5705  5705 D GameModeDetector: notifyGameModeStatusValue, value=false
03-12 00:37:07.362  5705  5705 D DaxService: sendGameModeIntent, state=false
03-12 00:37:07.362  3163  6909 E ActivityManager: Resetting option setPendingIntentBackgroundActivityStartMode(1) to SYSTEM_DEFINED from the options provided by the pending intent creator (com.motorola.timeweatherwidget) because this option is meant for the pending intent sender
03-12 00:37:07.365 22811 23094 D DolbyDaxUI: getDeviceType, active device is 0x2
03-12 00:37:07.365 22811 23094 D DolbyDaxUI: getDeviceType, active device is 0x2
03-12 00:37:07.366 28905  9711 I NearbySharing: Stopping FastInitiation scanning because visibility is hidden.
03-12 00:37:07.366  2195  3480 I SDM     : HWCSession::NotifyCWBStatus: Notify the client about buffer status 0.
03-12 00:37:07.366 28905  9711 I NearbySharing: Fast Initiation Scanning has stopped
03-12 00:37:07.366  2195  3480 I SDM     : HWCSession::PerformFenceWaits: Remove current release fence from the pending fence wait queue.
03-12 00:37:07.366 28905  9711 I NearbySharing: Dismissing HUN as there's no device nearby.
03-12 00:37:07.366  2195  3480 I SDM     : HWCSession::PerformFenceWaits: CWB fence queue is empty. No pending release fence to wait on.
03-12 00:37:07.368  2067  2174 D DlbDapEffectContext: DapEffectContext[0xb400007ca4048450] getDapParameter() outval size = 12, ret = 0
03-12 00:37:07.368  2067  2174 D DlbDapEffectContext: DapEffectContext[0xb400007ca4048450] getDapParameter() outval size = 12, ret = 0
03-12 00:37:07.369  5705 11630 D DolbyAudioEffectHelper: getDolbyStatus enabled=true profile=0
03-12 00:37:07.369  5705 11630 D DolbyProvider: true, profile=0
03-12 00:37:07.369 28967 29002 D AdaptWidgetUtil: width--->197
03-12 00:37:07.369 28967 29002 D AdaptWidgetUtil: isSmallWidget: 517,690,minWidth=931.875
03-12 00:37:07.370 28967 29002 D AdaptWidgetUtil: width--->197
03-12 00:37:07.376  3163  6380 E ActivityManager: Resetting option setPendingIntentBackgroundActivityStartMode(1) to SYSTEM_DEFINED from the options provided by the pending intent creator (com.motorola.timeweatherwidget) because this option is meant for the pending intent sender
03-12 00:37:07.376 28967 29002 D WeatherApi: isOWeather: true
03-12 00:37:07.376 28967 29002 D WeatherApi: isOWeather: true
03-12 00:37:07.376 28967 29002 D WeatherApi: isOWeatherUniversal: false
03-12 00:37:07.378  2163  2163 D SENSOREXT_ALS_COMP: FrontLight: ReportLux 0.50 (12.82-12.84), pre 0.29, dbv 1194, dc 0, fps 90, chPanel 5.13-2.55-2.17-0.95, facCal:lux_s 1.19 cha_s 1.05-1.05-1.10-1.23, RunInfo: DPB 23752-165, TF 23752-0
03-12 00:37:07.378  3163  5843 E ActivityManager: Resetting option setPendingIntentBackgroundActivityStartMode(1) to SYSTEM_DEFINED from the options provided by the pending intent creator (com.motorola.timeweatherwidget) because this option is meant for the pending intent sender
03-12 00:37:07.378 28905  3483 I NearbyMediums: ModuleInitializer handles incoming intent android.intent.action.USER_PRESENT
03-12 00:37:07.379  3163  5843 E ActivityManager: Resetting option setPendingIntentBackgroundActivityStartMode(1) to SYSTEM_DEFINED from the options provided by the pending intent creator (com.motorola.timeweatherwidget) because this option is meant for the pending intent sender
03-12 00:37:07.382  3163  6380 E ActivityManager: Resetting option setPendingIntentBackgroundActivityStartMode(1) to SYSTEM_DEFINED from the options provided by the pending intent creator (com.motorola.timeweatherwidget) because this option is meant for the pending intent sender
03-12 00:37:07.383 28967 29002 D WeatherApi: isOWeather: true
03-12 00:37:07.383 28967 29002 D WeatherApi: isOWeather: true
03-12 00:37:07.383 28967 29002 D WeatherApi: isOWeatherUniversal: false
03-12 00:37:07.384  3163  5843 E ActivityManager: Resetting option setPendingIntentBackgroundActivityStartMode(1) to SYSTEM_DEFINED from the options provided by the pending intent creator (com.motorola.timeweatherwidget) because this option is meant for the pending intent sender
03-12 00:37:07.385  3163  5843 E ActivityManager: Resetting option setPendingIntentBackgroundActivityStartMode(1) to SYSTEM_DEFINED from the options provided by the pending intent creator (com.motorola.timeweatherwidget) because this option is meant for the pending intent sender
03-12 00:37:07.388  3163  5205 D AppWidgetServiceImpl: Trying to notify widget update for package com.motorola.timeweatherwidget with widget id: 2
03-12 00:37:07.391 12395  3489 I PersonalSafety: ConnectivityProtectionLockingIntentOperation: cancelled task [CONTEXT service_id=310 ]
03-12 00:37:07.392  3163  6380 D BiometricService: canAuthenticate: User=0, Caller=0, Authenticators=255
03-12 00:37:07.392  3163  6380 D BiometricService/PreAuthInfo: Package: com.google.android.gms Sensor ID: 1008 Modality: 8 Status: 4
03-12 00:37:07.392  3163  6380 D BiometricService/PreAuthInfo: Package: com.google.android.gms Sensor ID: 0 Modality: 2 Status: 7
03-12 00:37:07.392 28905 28905 I RCNIntentOperation: RCN is disabled on this network.
03-12 00:37:07.393  3163  6380 D BiometricService/PreAuthInfo: getCanAuthenticateInternal Modality: 2 AuthenticatorStatus: 7
03-12 00:37:07.393  3163  6380 D AuthService: canAuthenticate, userId: 0, callingUserId: 0, authenticators: 255, result: 11
03-12 00:37:07.394  3163  5843 D BiometricService: canAuthenticate: User=0, Caller=0, Authenticators=65536
03-12 00:37:07.394  3163  5843 E BiometricService: Non-biometric, non-credential bits found. Authenticators: 65536
03-12 00:37:07.395  3163  5843 D BiometricService: canAuthenticate: User=0, Caller=0, Authenticators=15
03-12 00:37:07.395  3163  5843 D BiometricService/PreAuthInfo: Package: com.google.android.gms Sensor ID: 1008 Modality: 8 Status: 4
03-12 00:37:07.395  3163  5843 D BiometricService/PreAuthInfo: Package: com.google.android.gms Sensor ID: 0 Modality: 2 Status: 7
03-12 00:37:07.395  3163  5843 D BiometricService/PreAuthInfo: getCanAuthenticateInternal Modality: 2 AuthenticatorStatus: 7
03-12 00:37:07.395  3163  5843 D AuthService: canAuthenticate, userId: 0, callingUserId: 0, authenticators: 15, result: 11
03-12 00:37:07.453 10834 11019 I DownloadManager: DownloadManager.downloadInternal():419 Download for emoji_kitchen_data scheduled with params mwm[allowMetered=false, requireCharging=false, foreground=false, immediately=false, priority=300]
03-12 00:37:07.453 10834 11019 E MDDTaskScheduler: MDDTaskScheduler.scheduleDownload():191 work Data {charging : false, mdd_task_tag : download, network : false} scheduled
03-12 00:37:07.462 10834 10674 I EmojiKitchenDataCleanupWorker: EmojiKitchenDataCleanupWorker.enqueueWork():174 Scheduling emoji kitchen data cleanup work.
03-12 00:37:07.462 10834 10674 I EmojiKitchenDataMddDownloader: EmojiKitchenDataMddDownloader.initInBackgroundAndAddCallback():241 Successfully initialize emoji kitchen dabatase: true
03-12 00:37:07.469 10834 10674 I EmojiKitchenDataCleanupWorker: EmojiKitchenDataCleanupWorker.enqueueWork():182 Successfully enqueued emoji kitchen data cleanup work.
03-12 00:37:07.471 10834 10834 I MDDTaskScheduler: MDDTaskScheduler$Worker.startWorkInner():53 work mdd_download_work started
03-12 00:37:07.471 10834 10834 I DownloadManager: DownloadManager.startDownload():503 start download of emoji_kitchen_data
03-12 00:37:07.472 10834 11019 I DownloadManager: DownloadManager$4.onSuccess():572 download for emoji_kitchen_data is finished with files # pyf@7373c173
03-12 00:37:07.473  3163  6380 D ConnectivityService: requestNetwork for uid/pid:10310/10834 activeRequest: null callbackRequest: 24654 [NetworkRequest [ REQUEST id=24655, [ Capabilities: INTERNET&NOT_RESTRICTED&TRUSTED&NOT_VCN_MANAGED&NOT_BANDWIDTH_CONSTRAINED Uid: 10310 RequestorUid: 10310 RequestorPkg: com.google.android.inputmethod.latin UnderlyingNetworks: Null] ]] callback flags: 0 order: 2147483647 isUidTracked: false declaredMethods: ALL
03-12 00:37:07.475  3163  5158 D WifiNetworkFactory: got request NetworkRequest [ REQUEST id=24655, [ Capabilities: INTERNET&NOT_RESTRICTED&TRUSTED&NOT_VCN_MANAGED&NOT_BANDWIDTH_CONSTRAINED Uid: 10310 RequestorUid: 10310 RequestorPkg: com.google.android.inputmethod.latin UnderlyingNetworks: Null] ]
03-12 00:37:07.475 10834  9439 I WM-WorkerWrapper: Worker result SUCCESS for Work [ id=37eb9f26-c5d8-4642-b432-dc7f03f456e7, tags={ com.google.android.libraries.inputmethod.mdd.MDDTaskScheduler$Worker,mdd_download_task_unmetered_battery } ]
03-12 00:37:07.475  3163  5158 D UntrustedWifiNetworkFactory: got request NetworkRequest [ REQUEST id=24655, [ Capabilities: INTERNET&NOT_RESTRICTED&TRUSTED&NOT_VCN_MANAGED&NOT_BANDWIDTH_CONSTRAINED Uid: 10310 RequestorUid: 10310 RequestorPkg: com.google.android.inputmethod.latin UnderlyingNetworks: Null] ]
03-12 00:37:07.475  3163  5158 D OemPaidWifiNetworkFactory: got request NetworkRequest [ REQUEST id=24655, [ Capabilities: INTERNET&NOT_RESTRICTED&TRUSTED&NOT_VCN_MANAGED&NOT_BANDWIDTH_CONSTRAINED Uid: 10310 RequestorUid: 10310 RequestorPkg: com.google.android.inputmethod.latin UnderlyingNetworks: Null] ]
03-12 00:37:07.475  3163  5168 D ConnectivityService: NetReassign [24655 : null → 146] [c 0] [a 0] [i 1]
03-12 00:37:07.475  3163  5158 D MultiInternetWifiNetworkFactory: got request NetworkRequest [ REQUEST id=24655, [ Capabilities: INTERNET&NOT_RESTRICTED&TRUSTED&NOT_VCN_MANAGED&NOT_BANDWIDTH_CONSTRAINED Uid: 10310 RequestorUid: 10310 RequestorPkg: com.google.android.inputmethod.latin UnderlyingNetworks: Null] ]
03-12 00:37:07.709 31923 32129 W RealtimeClientManager: Channel state: MqttChannelState{mConnectionState=CONNECTING, mDisconnectionReason=null, mLastConnectionMs=220139123, mLastDisconnectMs=220182613}
03-12 00:37:07.835  2064  4171 D slpi    : tmd2712: Als lux: 4.10, ch0: 70, ch1: 3, scale: 1.08, atime:50.04, again:1024
03-12 00:37:08.042  2067  2174 D AHAL: AudioDevice: SetParameters: 1564: enter: mic_rotation=0
03-12 00:37:08.042  2067  2174 D AHAL: AudioVoice: VoiceSetParameters: 87: Enter params: mic_rotation=0
03-12 00:37:08.042  2067  2174 D AHAL: AudioVoice: VoiceSetParameters: 360: Exit ret: 0
03-12 00:37:08.042  2067  2174 D AHAL: FM: fm_set_parameters: 262: Enter
03-12 00:37:08.042  2067  2174 D AHAL: FM: fm_set_parameters: 320: exit
03-12 00:37:08.042  2067  2174 I AHAL: AudioDevice: SetParameters: 2223: mic_rotation: 0
03-12 00:37:08.042  2067  2174 D AHAL: AudioDevice: SetParameters: 2361: exit: mic_rotation=0
03-12 00:37:08.137  2195  2269 I SDM     : HWDeviceDRM::SetupConcurrentWriteback: Tear down the Concurrent Writeback topology
03-12 00:37:08.454  3706  3714 I android.hardware.thermal@2.0-service.qti-v2: Sensor Name:skin1 temp: 37.026. prev severity:3. cur severity:0 New severity:0
03-12 00:37:08.691  3163  5158 D WifiStaIfaceHidlImpl: getCachedScanData is not implemented by HIDL
03-12 00:37:09.052  2978  3418 I ThermalEngine: Thermal-Server: Adding thermal event listener on fd 120
03-12 00:37:09.052  2978  3418 I ThermalEngine: Thermal-Server: Adding thermal event listener on fd 121
03-12 00:37:09.052  3065  3276 I Thermal-Lib: Thermal-Lib-Client: Client received msg wlan 0
03-12 00:37:09.052  3084  3373 I Thermal-Lib: Thermal-Lib-Client: Client received msg wlan 0
03-12 00:37:09.052  3084  3373 I Thermal-Lib: Thermal-Lib-Client: Client received msg camera 0
03-12 00:37:09.052  3084  3373 E Thermal-Lib: Thermal-Lib-Client: No Callback registered for camera
03-12 00:37:09.052  3065  3276 I Thermal-Lib: Thermal-Lib-Client: Client received msg camera 0
03-12 00:37:09.052  3084  3373 I Thermal-Lib: Thermal-Lib-Client: Client received msg camcorder 0
03-12 00:37:09.052  3065  3276 E Thermal-Lib: Thermal-Lib-Client: No Callback registered for camera
03-12 00:37:09.052  3084  3373 E Thermal-Lib: Thermal-Lib-Client: No Callback registered for camcorder
03-12 00:37:09.052  3065  3276 I Thermal-Lib: Thermal-Lib-Client: Client received msg camcorder 0
03-12 00:37:09.052  3065  3276 E Thermal-Lib: Thermal-Lib-Client: No Callback registered for camcorder
03-12 00:37:09.091  2300  2300 I Scheduler: notifyScrollEvent state=0
03-12 00:37:09.261 32620 32620 I AidlLazyServiceRegistrar: Process has 0 (of 1 available) client(s) in use after notification artd has clients: 0
03-12 00:37:09.261 32620 32620 I AidlLazyServiceRegistrar: Trying to shut down the service. No clients in use for any service in process.
03-12 00:37:09.262 32620 32620 I AidlLazyServiceRegistrar: Unregistered all clients and exiting
03-12 00:37:09.827 31923 32143 E msys    : E[N mns]_OnDiskCacheGetData(632)=>Start post callback cache refresh DNS resolution
03-12 00:37:09.840 31923 32143 E msys    : E[N mns]_LogError(228)=>Failed to resolve using system DNS resolver, getaddrinfo(): No address associated with hostname
03-12 00:37:09.840 31923 32143 E msys    : E[N mns]_OnDiskCacheGetData(632)=>Start post callback cache refresh DNS resolution
03-12 00:37:09.842 31923 32143 E msys    : E[N mns]_LogError(228)=>Failed to resolve using system DNS resolver, getaddrinfo(): No address associated with hostname
03-12 00:37:10.585  3163  5168 D InetDiagMessage: Destroyed 0 sockets, proto=IPPROTO_TCP, family=AF_INET, states=14
03-12 00:37:10.586  3163  5168 D InetDiagMessage: Destroyed 0 sockets, proto=IPPROTO_TCP, family=AF_INET6, states=14
03-12 00:37:10.586  3163  5168 D InetDiagMessage: Destroyed live tcp sockets for uids={10424} in 2ms
03-12 00:37:10.587  3163  5168 D InetDiagMessage: Destroyed 0 sockets, proto=IPPROTO_TCP, family=AF_INET, states=14
03-12 00:37:10.588  3163  5168 D InetDiagMessage: Destroyed 0 sockets, proto=IPPROTO_TCP, family=AF_INET6, states=14
03-12 00:37:10.588  3163  5168 D InetDiagMessage: Destroyed live tcp sockets for uids={20424} in 3ms
03-12 00:37:10.655 28905  9711 I FusedLocation: (REDACTED) location delivery to %s blocked - too close
03-12 00:37:10.656 28905  9711 I FusedLocation: (REDACTED) location delivery to %s blocked - too close
03-12 00:37:10.657 28905  9711 I FusedLocation: (REDACTED) location delivery to %s blocked - too close
03-12 00:37:10.658 28905  9711 I FusedLocation: (REDACTED) location delivery to %s blocked - too close
03-12 00:37:10.658  7505  7505 D LocationTracker: Got a location update from Play Services
03-12 00:37:10.786  2978  3419 I ThermalEngine: ACTION: override_c - Setting override_c to 0
03-12 00:37:10.786  2978  3419 I ThermalEngine: Monitor:INACTIVE:OVERRIDE-CHG:internal_override=1:DETECT-STANDBY=0
03-12 00:37:10.787  2978  3418 I ThermalEngine: Thermal-Server: Thermal received msg from  override_c
03-12 00:37:10.787  2978  3517 I Thermal-Lib: Thermal-Lib-Client: Client request sent
03-12 00:37:10.886 31923 32143 E msys    : E[N mns]_OnDiskCacheGetData(632)=>Start post callback cache refresh DNS resolution
03-12 00:37:10.899 31923 32143 E msys    : E[N mns]_LogError(228)=>Failed to resolve using system DNS resolver, getaddrinfo(): No address associated with hostname
03-12 00:37:11.648 31923 32143 E msys    : E[N mns]_OnDiskCacheGetData(632)=>Start post callback cache refresh DNS resolution
03-12 00:37:11.660 31923 32143 E msys    : E[N mns]_LogError(228)=>Failed to resolve using system DNS resolver, getaddrinfo(): No address associated with hostname
03-12 00:37:11.685  2064  4171 D slpi    : tmd2712: Als lux: 2.10, ch0: 35, ch1: 3, scale: 1.08, atime:50.04, again:1024
03-12 00:37:11.730  3163  5158 D WifiStaIfaceHidlImpl: getCachedScanData is not implemented by HIDL
03-12 00:37:13.224  5643 20593 D ApfFilter: (wlan1): Ignoring RA RA fe80::c294:35ff:fe71:84fd -> ff02::1 180s 2601:85:ca02:f280::/64 7200s/7200s DNS 180s 2601:85:ca02:f280:c294:35ff:fe71:84fd 2001:558:feed::1 2001:558:feed::2 RIO 180s ::/0  which matches RA fe80::c294:35ff:fe71:84fd -> ff02::1 180s 2601:85:ca02:f280::/64 7200s/7200s DNS 180s 2601:85:ca02:f280:c294:35ff:fe71:84fd 2001:558:feed::1 2001:558:feed::2 RIO 180s ::/0 
03-12 00:37:13.453  3706  3714 I android.hardware.thermal@2.0-service.qti-v2: Sensor Name:skin1 temp: 36.731. prev severity:3. cur severity:0 New severity:0
03-12 00:37:13.531 12395 12395 D BoundBrokerSvc: onUnbind: Intent { act=com.google.android.gms.safebrowsing.SafeBrowsingService.START dat=chimera-action:/... cmp=com.google.android.gms/.chimera.GmsBoundBrokerService }
03-12 00:37:14.101  3163  4238 D ActivityManager: freezing 31923 com.instagram.android, reason = oom_cached
03-12 00:37:14.107  3163  4238 D ActivityManager: freezing 22085 com.dti.motorola, reason = oom_cached
03-12 00:37:14.110  3163  4238 D ActivityManager: freezing 22372 com.digitalturbine.ignite.suspend.DataUsageRecorderService, reason = oom_cached
03-12 00:37:14.112  3163  4238 D ActivityManager: freezing 22080 com.inmobi.installer, reason = oom_cached
03-12 00:37:14.115  3163  5168 D InetDiagMessage: Destroyed 2 sockets, proto=IPPROTO_TCP, family=AF_INET, states=14
03-12 00:37:14.117  3163  5168 D InetDiagMessage: Destroyed 2 sockets, proto=IPPROTO_TCP, family=AF_INET6, states=14
03-12 00:37:14.117  3163  5168 D InetDiagMessage: Destroyed live tcp sockets for uids={10608} in 3ms
03-12 00:37:14.519  3163  5168 D InetDiagMessage: Destroyed 0 sockets, proto=IPPROTO_TCP, family=AF_INET, states=14
03-12 00:37:14.520  3163  5168 D InetDiagMessage: Destroyed 0 sockets, proto=IPPROTO_TCP, family=AF_INET6, states=14
03-12 00:37:14.520  3163  5168 D InetDiagMessage: Destroyed live tcp sockets for uids={10261} in 2ms
03-12 00:37:14.521  3163  5168 D InetDiagMessage: Destroyed 0 sockets, proto=IPPROTO_TCP, family=AF_INET, states=14
03-12 00:37:14.522  3163  5168 D InetDiagMessage: Destroyed 0 sockets, proto=IPPROTO_TCP, family=AF_INET6, states=14
03-12 00:37:14.522  3163  5168 D InetDiagMessage: Destroyed live tcp sockets for uids={10237} in 2ms
03-12 00:37:14.748  3163  5158 D WifiStaIfaceHidlImpl: getCachedScanData is not implemented by HIDL
03-12 00:37:15.655 28905  9711 I NearbyPresence: (REDACTED) %s verified [==] new request %s equals to the old request
03-12 00:37:16.528 12395 12395 D BoundBrokerSvc: onUnbind: Intent { act=com.google.android.gms.measurement.START pkg=com.google.android.gms }
03-12 00:37:17.082 32731   343 I appium  : channel read: GET /session/f1e62675-a1f7-47f1-b8c2-c5df56c9e74f/screenshot
03-12 00:37:17.083 32731   343 I appium  : CaptureScreenshot command
03-12 00:37:17.166  3529  3529 W BpBinder: Linking to death on android.gui.ISurfaceComposer but there are no threads (yet?) listening to incoming transactions. See ProcessState::startThreadPool and ProcessState::setThreadPoolMaxThreadCount. Generally you should setup the binder threadpool before other initialization steps.
03-12 00:37:17.166  3529  3529 W ProcessState: Extra binder thread started, but 0 threads requested. Do not use *startThreadPool when zero threads are requested.
03-12 00:37:17.369  3163  4238 D ActivityManager: freezing 9565 com.android.providers.calendar, reason = oom_cached
03-12 00:37:17.373  3163  4238 D ActivityManager: freezing 22811 com.motorola.dolby.dolbyui, reason = oom_cached
03-12 00:37:17.377  3163  5168 D InetDiagMessage: Destroyed 0 sockets, proto=IPPROTO_TCP, family=AF_INET, states=14
03-12 00:37:17.377  3163  5168 D InetDiagMessage: Destroyed 0 sockets, proto=IPPROTO_TCP, family=AF_INET6, states=14
03-12 00:37:17.378  3163  5168 D InetDiagMessage: Destroyed live tcp sockets for uids={10147} in 2ms
03-12 00:37:17.378  3163  5168 D InetDiagMessage: Destroyed 0 sockets, proto=IPPROTO_TCP, family=AF_INET, states=14
03-12 00:37:17.379  3163  5168 D InetDiagMessage: Destroyed 0 sockets, proto=IPPROTO_TCP, family=AF_INET6, states=14
03-12 00:37:17.379  3163  5168 D InetDiagMessage: Destroyed live tcp sockets for uids={10182} in 1ms
03-12 00:37:17.380 32731   343 I appium  : AppiumResponse: {"sessionId":"f1e62675-a1f7-47f1-b8c2-c5df56c9e74f","value":"iVBORw0KGgoAAAANSUhEUgAABDgAAApQCAYAAABYiJrlAAAAAXNSR0IArs4c6QAAAARzQklUCAgICHwIZIgAACAASURBVHic7N15WFT33T7+exaWYdgEZFFBFERBNjUi4C7RqDE2i6lLFhOTGBOjSZumSZ/uyfdpm6amSdqaxKZpqzGJSTTuuygYEVRkEcSFVRZBYNhngJk55/eHvzkPIwyCrKP367pyXQ7nzDlnBjJzzn3…
