--------- beginning of system
03-13 14:12:57.130  3003  4931 I ActivityManager: Changes in 10405 6 to 10, 128 to 0
--------- beginning of main
03-13 14:12:57.140  2105  2321 I VSyncReactor: Current= 120, Period= 120, Distance= 1
03-13 14:12:57.140 31562 31590 I appium  : channel read: GET /session/572da7a1-d9b4-4bb4-8aee-aec11113864f/source
03-13 14:12:57.141 31562 31590 I appium  : Source command
03-13 14:12:57.141  3003  4002 D BackgroundInstallControlService: Package event received: 0
03-13 14:12:57.143  3003  4002 D BackgroundInstallControlService: Package event received: 0
03-13 14:12:57.144 31562 31590 I appium  : Waiting up to 10000ms for the device to idle
03-13 14:12:57.144  3003  3806 I ActivityManager: Changes in 10405 10 to 6, 0 to 128
03-13 14:12:57.145  3003  4002 D BackgroundInstallControlService: Package event received: 0
03-13 14:12:57.145  3003  4002 D BackgroundInstallControlService: Package event received: 0
03-13 14:12:57.148  2105  2321 I VSyncReactor: Current= 120, Period= 120, Distance= 120
03-13 14:12:57.198  2097  2125 E HeatmapThread: ECT Thread time in milliseconds: 1773425577
03-13 14:12:57.204  2097  2125 D HeatmapThread: !@ batteryplugType : 2
03-13 14:12:57.204  2097  2125 D HeatmapThread: !@ batteryLevel : 100  batteryTemperature : 306 
03-13 14:12:57.205  2097  2125 D HeatmapThread: !@ Heatmap currtime: 29557092
03-13 14:12:57.205  2097  2125 D HeatmapThread: !@ Heatmap prevtime: 29557072
03-13 14:12:57.205  2097  2125 D HeatmapThread: !@ Heatmap plugstarttime: 29556997
03-13 14:12:57.205  2097  2125 D HeatmapThread: !@ Heatmap prevv_dsoh_update_time: 29557085
03-13 14:12:57.205  2097  2125 E HeatmapThread: !@ CAM New BSOH: 100
03-13 14:12:57.205  2097  2125 E HeatmapThread: !@ CAM is Working
03-13 14:12:57.259 31562 31590 D CompatChangeReporter: Compat change id reported: 247079863; UID 10393; state: ENABLED
03-13 14:12:57.325 31562 31590 I appium  : AppiumResponse: {"sessionId":"572da7a1-d9b4-4bb4-8aee-aec11113864f","value":"<?xml version='1.0' encoding='UTF-8' standalone='yes' ?>\r\n<hierarchy index=\"0\" class=\"hierarchy\" rotation=\"0\" width=\"1080\" height=\"2640\">\r\n  <android.widget.FrameLayout index=\"0\" package=\"com.opentable\" class=\"android.wi…
03-13 14:12:57.338 31562 31590 I appium  : channel read: GET /session/572da7a1-d9b4-4bb4-8aee-aec11113864f/screenshot
03-13 14:12:57.339 31562 31590 I appium  : CaptureScreenshot command
03-13 14:12:57.340 31562 31590 I tomator2.server: hiddenapi: Accessing hidden method Landroid/view/Display;->getAddress()Landroid/view/DisplayAddress; (runtime_flags=0, domain=platform, api=blocked) from Lio/appium/uiautomator2/utils/ReflectionUtils; (domain=app, TargetSdkVersion=34) using reflection: allowed
03-13 14:12:57.340 31562 31590 I tomator2.server: hiddenapi: Accessing hidden method Landroid/view/DisplayAddress$Physical;->getPhysicalDisplayId()J (runtime_flags=0, domain=platform, api=blocked) from Lio/appium/uiautomator2/utils/ReflectionUtils; (domain=app, TargetSdkVersion=34) using reflection: allowed
03-13 14:12:57.431 32379 32379 W screencap: Thread Pool max thread count is 0. Cannot cache binder as linkToDeath cannot be implemented. serviceName: SurfaceFlingerAIDL
03-13 14:12:57.431 32379 32379 W BpBinder: Linking to death on android.gui.ISurfaceComposer but there are no threads (yet?) listening to incoming transactions. See ProcessState::startThreadPool and ProcessState::setThreadPoolMaxThreadCount. Generally you should setup the binder threadpool before other initialization steps.
03-13 14:12:57.432 32379 32379 W screencap: Thread Pool max thread count is 0. Cannot cache binder as linkToDeath cannot be implemented. serviceName: edmnativehelper
03-13 14:12:57.432  3003  3806 I EDMNativeHelperService: isScreenCaptureEnabled
03-13 14:12:57.432  3003  3806 D RestrictionPolicy: isScreenCaptureEnabled : ret=true userId=0
03-13 14:12:57.432 32379 32379 W ProcessState: Extra binder thread started, but 0 threads requested. Do not use *startThreadPool when zero threads are requested.
03-13 14:12:57.432 32379 32379 I SurfaceComposerClient: captureDisplay:Display-4630946564756762243
03-13 14:12:57.435  2105  2321 I SurfaceFlinger: Capture layer list: 	 com.opentable/com.opentable.restaurant.NewRestaurantProfileActivity$_31646#59546(seamlessTransition:0)
03-13 14:12:57.435  2105  2321 I SurfaceFlinger: Capture layer list: 	 StatusBar$_4205#132(seamlessTransition:0)
03-13 14:12:57.435  2105  2321 I SurfaceFlinger: Capture layer list: 	 com.sec.android.app.launcher/com.samsung.app.honeyspace.edge.edgepanel.app.CocktailBarService$_4832#59420(seamlessTransition:0)
03-13 14:12:57.435  2105  2321 I SurfaceFlinger: Capture layer list: 	 NavigationBar0$_4205#130(seamlessTransition:0)
03-13 14:12:57.436  2105  2321 E HwcComposer: getLuts failed Status(-129, EX_TRANSACTION_FAILED): 'UNKNOWN_TRANSACTION: '
03-13 14:12:57.436  2105  2342 D RenderEngine: [SEC_SF_EFFECTS] drawLayersInternal,1483, Rendering layer ScreenCaptureFillLayer at index 0
03-13 14:12:57.436  2105  2342 D RenderEngine: [SEC_SF_EFFECTS] drawLayersInternal,1483, Rendering layer com.opentable/com.opentable.restaurant.NewRestaurantProfileActivity$_31646#59546 at index 1
03-13 14:12:57.436  2105  2342 D RenderEngine: [SEC_SF_EFFECTS] drawLayersInternal,1483, Rendering layer StatusBar$_4205#132 at index 2
03-13 14:12:57.437  2105  2342 D RenderEngine: [SEC_SF_EFFECTS] drawLayersInternal,1483, Rendering layer com.sec.android.app.launcher/com.samsung.app.honeyspace.edge.edgepanel.app.CocktailBarService$_4832#59420 at index 3
03-13 14:12:57.437  2105  2342 D RenderEngine: [SEC_SF_EFFECTS] drawLayersInternal,1483, Rendering layer NavigationBar0$_4205#130 at index 4
03-13 14:12:57.484 32379 32384 I AdrenoUtils: <ReadGpuID:357>: Reading chip ID through GSL
03-13 14:12:57.486 32379 32379 W qdgralloc: Failed to load libubwcp.so
03-13 14:12:57.503  2447  2447 I CNSS    : /sys/wifi/max_chipset_log_size doesn't exist
03-13 14:12:57.840  3003  4086 D NetdEventListenerService: DNS Requested by 115, 10441(com.opentable), SUCCESS, 4ms
03-13 14:12:57.997 31562 31590 I appium  : AppiumResponse: {"sessionId":"572da7a1-d9b4-4bb4-8aee-aec11113864f","value":"iVBORw0KGgoAAAANSUhEUgAABDgAAApQCAYAAABYiJrlAAAAAXNSR0IArs4c6QAAAARzQklUCAgICHwIZIgAACAASURBVHicTLznjiVJluf3M+3uV0SkrM6q7tkRnAWWaoEFQYJPwtfhK3I5WGB6h9PT3dVVqUJc5cIkPxyL6MlCILMyI+716252zl8dU//X//kfGjRUa9RaUUphjMEHh/ED1YxcInz5/kCLN+53gcNoGJ1…
03-13 14:12:58.137  4832  6719 I id.app.launcher: Explicit concurrent mark compact GC freed 3366KB AllocSpace bytes, 2(104KB) LOS objects, 66% free, 19MB/57MB, paused 491us,1.285ms total 79.533ms
03-13 14:12:58.143  4832 24202 I HoneySpace.Memory-Monitor: trimMemory 20
03-13 14:12:58.199  2097  2125 E HeatmapThread: ECT Thread time in milliseconds: 1773425578
03-13 14:12:58.205  2097  2125 D HeatmapThread: !@ batteryplugType : 2
03-13 14:12:58.206  2097  2125 D HeatmapThread: !@ batteryLevel : 100  batteryTemperature : 306 
03-13 14:12:58.207  2097  2125 D HeatmapThread: !@ Heatmap currtime: 29557092
03-13 14:12:58.207  2097  2125 D HeatmapThread: !@ Heatmap prevtime: 29557072
03-13 14:12:58.207  2097  2125 D HeatmapThread: !@ Heatmap plugstarttime: 29556997
03-13 14:12:58.208  2097  2125 D HeatmapThread: !@ Heatmap prevv_dsoh_update_time: 29557085
03-13 14:12:58.208  2097  2125 E HeatmapThread: !@ CAM New BSOH: 100
03-13 14:12:58.209  2097  2125 E HeatmapThread: !@ CAM is Working
03-13 14:12:58.444  1171  1171 D io_stats: !@   8,0 r 4138853 128297172 w 5059490 102673300 d 426468 114282852 f 214437 489731 iot 2065864 0 th 0 0 0 pt 0 inp 0 0 72167.440
03-13 14:12:58.647  2007 31067 I sensors-hal: handle_sns_std_sensor_event:409, [SSC_LIGHT] P: 193(193),c:43,b:83,m:13,cl:10,l:189,s:193,l0:16176,l1:48,s0:15299,s1:0,acl:1,opr:0.69,f(r):97,u(bl):111,if:0,wi:3,si:12,po:0(N:0)
03-13 14:12:58.657  3003  4564 I ActivityManager: Changes in 10405 6 to 10, 128 to 0
03-13 14:12:58.667  3003  4564 I ActivityManager: Changes in 10405 10 to 6, 0 to 128
03-13 14:12:58.668  3003  4002 D BackgroundInstallControlService: Package event received: 0
03-13 14:12:58.669  3003  4002 D BackgroundInstallControlService: Package event received: 0
03-13 14:12:58.670  3003  4002 D BackgroundInstallControlService: Package event received: 0
03-13 14:12:58.670  3003  4002 D BackgroundInstallControlService: Package event received: 0
03-13 14:12:58.671  2105  2321 I VSyncReactor: Current= 120, Period= 120, Distance= 1
03-13 14:12:58.679  2105  2321 I VSyncReactor: Current= 120, Period= 120, Distance= 120
03-13 14:12:59.200  2097  2125 E HeatmapThread: ECT Thread time in milliseconds: 1773425579
03-13 14:12:59.209  2097  2125 D HeatmapThread: !@ batteryplugType : 2
03-13 14:12:59.209  2097  2125 D HeatmapThread: !@ batteryLevel : 100  batteryTemperature : 306 
03-13 14:12:59.209  2097  2125 D HeatmapThread: !@ Heatmap currtime: 29557092
03-13 14:12:59.209  2097  2125 D HeatmapThread: !@ Heatmap prevtime: 29557072
03-13 14:12:59.209  2097  2125 D HeatmapThread: !@ Heatmap plugstarttime: 29556997
03-13 14:12:59.209  2097  2125 D HeatmapThread: !@ Heatmap prevv_dsoh_update_time: 29557085
03-13 14:12:59.210  2097  2125 E HeatmapThread: !@ CAM New BSOH: 100
03-13 14:12:59.210  2097  2125 E HeatmapThread: !@ CAM is Working
03-13 14:12:59.429  2072  2072 I seh_thermal_service: getTemperaturesWithType SehTemperatureType: 3
03-13 14:12:59.429  2059  2059 I sehhealth-service: updateLrpSysfs: write: 331
03-13 14:12:59.430  2059  2086 E BatteryDump: !@new_battery_dump : 4395,131,475,550,100,306,274,347,268,0,332,340,268,Full,NO_CHARGING,Additional,Good,USB,1,Normal,0,0,11284,0x0,0x10000,0x0,0,0,0000,0000,00000000,4395,4367,135,-4,10,0,989,970,0,
03-13 14:12:59.527  3003  7743 D SemWifiUsabilityStatsMonitor: onWifiUsabilityStats - seqNum 18787, isSameBssidAndFreq true
03-13 14:12:59.528  3003  4029 I SemWifiLinkQualityMonitor: Link stat: 416 / 2 / 1.00 (17) / 286 / -60.0 || 100.0 : 286.00 / 0.5 : 1.00 / 0.55 : 0.00 / G (G) || 1cf112895765: 0.100 / 79.745 / N || N N / 0 0 / Y 2.0 / Y X 0 / 72168523 0 || Invalid
03-13 14:12:59.530  3003  4030 D InsDataManager: onOutageCountUpdate() - Outage Data: 0, LQ : Y. Outage Triggered: false
03-13 14:12:59.531  3003  4030 D InsDataManager: Trying to save initial normal data.
03-13 14:12:59.531  4205  4362 D Tile.WifiTile: handleUpdateState isTransient=false transientEnabling =false cb.isTransient=false state.state = 2 mStateBeforeClick.value =false enabled =true
03-13 14:12:59.531  3003  4030 D SensorCollector: syncMappedBuffers: 0, 0, 99
03-13 14:12:59.531  3003  4030 D InsDataManager: trimBuffers start.
03-13 14:12:59.531  3003  4030 D InsDataManager: trimBuffers - nsmBuffer size: 26
03-13 14:12:59.531  3003  4030 D InsDataManager: Too short for collecting additional normal data
03-13 14:12:59.532  3003  4030 D SemInsManager: {"bssid": "1cf112895765","rssi": -60.0,"latency": 0.10031985405898448,"outage_count": 0,"lq_callback_triggered": true,"outage_log": "Link stat: 416 / 2 / 1.00 (17) / 286 / -60.0 || 100.0 : 286.00 / 0.5 : 1.00 / 0.55 : 0.00 / G (G) || 1cf112895765: 0.100 / 79.745 / N || N N / 0 0 / Y 2.0 / Y X 0 / 72168523 0 || Invalid""Magnetic Sensor Events size": "0""Pressure Sensor Events size": "0"}
03-13 14:12:59.533  3003  4047 D SGM:GameManager: identifyGamePackage. com.opentable, mCurrentUserId: 0, callingMethodInfo: com.samsung.android.game.SemGameManager.isGamePackage(SemGameManager.java:106)
03-13 14:12:59.533  3003  4047 D SGM:SemGameManager: isGamePackage(), pkgName=com.opentable, ret=false
03-13 14:12:59.685  3003  4027 I SemWifiServiceDetector: Service det. resumed: T / T / 14493
03-13 14:12:59.782  1992  1992 V sec_audio_hw: sec_dev_get_parameters : g_hw_speaker_amp_temp_rcv
03-13 14:12:59.782  1992  1992 D AHAL: FM: fm_get_parameters: 299: enter
03-13 14:12:59.783  1992  1992 D AHAL: FM: fm_get_parameters: 306: exit
03-13 14:12:59.783  1992  1992 I PAL: ResourceManager: getActiveStream_l: 6180: no active streams found for device 3 ret -2
03-13 14:12:59.783  1992  1992 D AHAL: SecAudioDevice: SecGetParameters: 953: temperature for rcv = 0
03-13 14:12:59.784  2072  2993 I vendor.samsung.hardware.thermal-service: key: g_hw_speaker_amp_temp_rcv, value: 0
03-13 14:12:59.784  1992  1992 V sec_audio_hw: sec_dev_get_parameters : g_hw_speaker_amp_temp_spk
03-13 14:12:59.784  1992  1992 D AHAL: FM: fm_get_parameters: 299: enter
03-13 14:12:59.784  1992  1992 D AHAL: FM: fm_get_parameters: 306: exit
03-13 14:12:59.784  1992  1992 I PAL: ResourceManager: getActiveStream_l: 6180: no active streams found for device 3 ret -2
03-13 14:12:59.784  1992  1992 D AHAL: SecAudioDevice: SecGetParameters: 967: temperature for spk = 0
03-13 14:12:59.784  2072  2993 I vendor.samsung.hardware.thermal-service: key: g_hw_speaker_amp_temp_spk, value: 0
03-13 14:12:59.788  6380  7375 I SDHMS:x : SIOP:: AP:347 BAT:306 USB:274 CHG:347 PA:352 CP:344 WIFI:338 BLK:0 SUBBAT:268 LRPTHM:332 SKIN:330 SKINF:330 SKINB:322 LRP2:330 LRF2:330 LRB2:322 AP2:330 CHG2:329 MEM2:330 WIFI2:330 RCV2:331 SPK2:275 UPSPK:332 DNSPK:275 VAP:351 VWIFI:340 AMB2:248 AVGCUR:28 AVGSYS:190 POWER:122
03-13 14:13:00.008  3003  3003 I EyeComfortSolutionService: action  :  android.intent.action.TIME_TICK
03-13 14:13:00.010  4205  4205 D ClockFaceEvents: onTimeTick. callers : com.android.keyguard.ClockEventController$keyguardUpdateMonitorCallback$1.refreshTime:19
03-13 14:13:00.010  4205  4205 D ClockFaceEvents: com.android.keyguard.ClockEventController$keyguardUpdateMonitorCallback$1.onTimeChanged:1
03-13 14:13:00.010  4205  4205 D ClockFaceEvents: com.android.keyguard.KeyguardUpdateMonitor$16.handleMessage:732
03-13 14:13:00.011  4205  4205 D ClockFaceEvents: onTimeTick. callers : com.android.keyguard.ClockEventController$keyguardUpdateMonitorCallback$1.refreshTime:38
03-13 14:13:00.011  4205  4205 D ClockFaceEvents: com.android.keyguard.ClockEventController$keyguardUpdateMonitorCallback$1.onTimeChanged:1
03-13 14:13:00.011  4205  4205 D ClockFaceEvents: com.android.keyguard.KeyguardUpdateMonitor$16.handleMessage:732
03-13 14:13:00.012  4205  4205 D FaceWidgetPagesController: onTimeChanged()
03-13 14:13:00.012  4205  4841 I DateTimeView: updateAll - getTimeFormat
03-13 14:13:00.015  4205  4841 D QSClockBellTower: onReceive(android.intent.action.TIME_TICK) mTimeZoneString:America/New_York
03-13 14:13:00.018  4205  4205 D QSClockBellTower: He is ready to ring the bell. (((QSClockBellSound - TimeText:2:13, TimeContentDescription:2:13 PM, DateText:Fri, March 13, ShortDateText:Fri, Mar 13, Demo:false)))
03-13 14:13:00.020  4205  4205 D QSClock : StatusBar clock=2:13 notifyTimeChanged(QSClockBellSound - TimeText:2:13, TimeContentDescription:2:13 PM, DateText:Fri, March 13, ShortDateText:Fri, Mar 13, Demo:false) clockVisibleByPolicy=true, clockVisibleByUser=true, visible=true, parent=android.widget.LinearLayout{878a042 V.E...... ......ID 0,0-77,74 #7f0a069b app:id/left_clock_container} caller=com.android.systemui.statusbar.phone.fragment.CollapsedStatusBarFragment.animateShow:52 com.android.systemui.statusbar.phone.fragment.CollapsedStatusBarFragment.updateStatusBarVisibilitiesInner:230 com.android.systemui.statusbar.phone.fragment.CollapsedStatusBarFragment$$ExternalSyntheticLambda1.run:6 android.os.Handler.handleCallback:995 android.os.Handler.dispatchMessage:103  
03-13 14:13:00.021  4205  4205 D QSClockBellTower: Everyone heard the bell. run(currentTime:1773425580017, getTime():Fri Mar 13 14:13:00 EDT 2026, getTimeZone():libcore.util.ZoneInfo[mDstSavings=3600000,mUseDst=true,mDelegate=[id="America/New_York",mRawOffset=-18000000,mEarliestRawOffset=-17762000,transitions=360]])
03-13 14:13:00.024  4205  4205 W RefactorFlag: New code path expects SceneContainerFlag to be enabled.
03-13 14:13:00.027  2105  2321 I VSyncReactor: Current= 120, Period= 120, Distance= 1
03-13 14:13:00.035  2105  2321 I VSyncReactor: Current= 120, Period= 120, Distance= 120
03-13 14:13:00.181  3003  4931 I ActivityManager: Changes in 10405 6 to 10, 128 to 0
03-13 14:13:00.191  3003  4748 I ActivityManager: Changes in 10405 10 to 6, 0 to 128
03-13 14:13:00.193  3003  4002 D BackgroundInstallControlService: Package event received: 0
03-13 14:13:00.194  3003  4002 D BackgroundInstallControlService: Package event received: 0
03-13 14:13:00.194  3003  4002 D BackgroundInstallControlService: Package event received: 0
03-13 14:13:00.194  3003  4002 D BackgroundInstallControlService: Package event received: 0
03-13 14:13:00.198  2097  2125 E HeatmapThread: ECT Thread time in milliseconds: 1773425580
03-13 14:13:00.202  2097  2125 D HeatmapThread: !@ batteryplugType : 2
03-13 14:13:00.202  2097  2125 D HeatmapThread: !@ batteryLevel : 100  batteryTemperature : 306 
03-13 14:13:00.202  2097  2125 D HeatmapThread: !@ Heatmap currtime: 29557093
03-13 14:13:00.202  2097  2125 D HeatmapThread: !@ Heatmap prevtime: 29557072
03-13 14:13:00.203  2097  2125 D HeatmapThread: !@ Heatmap plugstarttime: 29556997
03-13 14:13:00.203  2097  2125 D HeatmapThread: !@ Heatmap prevv_dsoh_update_time: 29557085
03-13 14:13:00.203  2097  2125 E HeatmapThread: !@ CAM New BSOH: 100
03-13 14:13:00.203  2097  2125 E HeatmapThread: !@ CAM is Working
03-13 14:13:00.446  1171  1171 D io_stats: !@   8,0 r 4138853 128297172 w 5059492 102673308 d 426468 114282852 f 214437 489731 iot 2065872 0 th 0 0 0 pt 0 inp 0 0 72169.442
03-13 14:13:00.446  1171  1171 D io_stats: !@ Write_top(KB): com.opentable(31646) 16 vendor.samsung.(2059) 8
03-13 14:13:00.729  2007  3645 I sensors-hal: handle_sns_client_event:182, lid_angle_fusion ts=252781293538882 ns value 2/112/3 112/3  -1/-1     0/    0/    0 (0/0/2/2 0.397/8.222/14.046 -0.230/-0.627/9.854 15)
03-13 14:13:00.768  2007 12669 I sensors-hal: handle_sns_client_event:94, folding_angle ts=252781333496643 ns value  85/0 (0/0/2/2 1.732/6.073/-3.996 0.254/-0.196/9.858 13 0)
03-13 14:13:00.768  2007  3645 I sensors-hal: handle_sns_client_event:182, lid_angle_fusion ts=252781333496382 ns value 2/ 85/3  85/3  -1/-1     0/    0/    0 (0/0/2/2 1.732/6.073/-3.996 0.254/-0.196/9.858 13)
03-13 14:13:00.808  2007  3645 I sensors-hal: handle_sns_client_event:182, lid_angle_fusion ts=252781373526747 ns value 1/ 67/3  67/3  -1/-1     0/    0/    0 (0/0/2/2 -0.005/6.020/-4.398 0.000/-0.287/9.873 10)
03-13 14:13:00.808  2007  3645 I sensors-hal: handle_sns_client_event:206, lid_angle_fusion submit_sensors_hal_event 1/ 67/3  67/3
03-13 14:13:00.808  2007 12669 I sensors-hal: handle_sns_client_event:94, folding_angle ts=252781373524143 ns value  67/0 (0/0/2/2 -0.005/6.020/-4.398 0.000/-0.287/9.873 10 0)
03-13 14:13:00.814  3003  3003 D DeviceStatePolicy: notifyDeviceStateChangedIfNeeded: newState=1, lastState=2, caller=com.android.server.policy.FlexibleDeviceStatePolicy.adjustState:57 com.android.server.policy.FlexibleDeviceStateProvider.notifyDeviceStateChangedIfNeeded:90 com.android.server.policy.FlexibleDeviceStateProvider.onSensorChanged:21 
03-13 14:13:00.814  3003  3003 D SemInputDeviceManager: setProperty: TSP_SUB(2) CMD,ALWAYS_LOW_POWER_MODE,1
03-13 14:13:00.816  3003  3993 D SemInputDevice:TSP_SUB: SetPropertyTask: CMD,set_always_lpm,1 [03-13 14:13:00.815]
03-13 14:13:00.818  2071  2128 I sysinput:aidl: onReportInformation:93, 2, cmd@set_always_lpm,1:0
03-13 14:13:00.820  3003  3993 D SysinputHAL_AIDL: setProperty(TSP_SUB(2)): CMD, set_always_lpm,1 ret=0
03-13 14:13:00.820  2071  2128 I sysinput:Touch2: operator():237, OK
03-13 14:13:00.848  2007 12669 I sensors-hal: handle_sns_client_event:94, folding_angle ts=252781413487580 ns value  50/0 (0/0/2/2 -0.086/6.106/-6.633 -0.005/-0.110/9.854 8 0)
03-13 14:13:00.848  2007  3645 I sensors-hal: handle_sns_client_event:182, lid_angle_fusion ts=252781413484455 ns value 1/ 50/3  50/3  -1/-1     0/    0/    0 (0/0/2/2 -0.086/6.106/-6.633 -0.005/-0.110/9.854 8)
03-13 14:13:00.886  2007 31067 I sensors-hal: handle_sns_std_sensor_event:409, [SSC_LIGHT] P: 70(70),c:43,b:83,m:13,cl:10,l:59,s:54,l0:5472,l1:0,s0:4361,s1:0,acl:1,opr:0.69,f(r):97,u(bl):111,if:0,wi:0,si:4,po:0(N:0)
03-13 14:13:00.888  2007  3645 I sensors-hal: handle_sns_client_event:182, lid_angle_fusion ts=252781453519559 ns value 1/ 39/3  39/3  -1/-1     0/    0/    0 (0/0/2/2 -0.354/5.365/-8.428 0.024/-0.110/9.806 6)
03-13 14:13:00.888  2007 12669 I sensors-hal: handle_sns_client_event:94, folding_angle ts=252781453523986 ns value  39/0 (0/0/2/2 -0.354/5.365/-8.428 0.024/-0.110/9.806 6 0)
03-13 14:13:00.968  2007 12669 I sensors-hal: handle_sns_client_event:94, folding_angle ts=252781533523986 ns value  19/0 (0/0/2/2 0.172/2.254/-8.394 -0.211/0.780/9.820 1 0)
03-13 14:13:00.968  2007  3645 I sensors-hal: handle_sns_client_event:182, lid_angle_fusion ts=252781533521643 ns value 1/ 19/3  19/3  -1/-1     0/    0/    0 (0/0/2/2 0.172/2.254/-8.394 -0.211/0.780/9.820 1)
03-13 14:13:00.969  3003  3067 D InputManager: mFoldingAngleListener: state changed, angle = 19.0, state = 0
03-13 14:13:01.048  2007 12669 I sensors-hal: handle_sns_client_event:94, folding_angle ts=252781613520913 ns value   7/0 (0/0/2/2 0.086/0.517/-11.835 -0.019/0.077/9.863 3 0)
03-13 14:13:01.048  2007  3645 I sensors-hal: handle_sns_client_event:182, lid_angle_fusion ts=252781613519351 ns value 1/  7/3   7/3  -1/-1     0/    0/    0 (0/0/2/2 0.086/0.517/-11.835 -0.019/0.077/9.863 3)
03-13 14:13:01.088  2007  3645 I sensors-hal: handle_sns_client_event:206, lid_angle_fusion submit_sensors_hal_event 0/  0/3   0/3
03-13 14:13:01.091  3003  3003 E FlexibleDeviceStateProvider: No declared device states match any of the required conditions.
03-13 14:13:01.091  3003  3003 I FlexibleDeviceStateProvider: LidSwitch mIsLidOpen: true
03-13 14:13:01.091  3003  3003 I FlexibleDeviceStateProvider: Sensor values:
03-13 14:13:01.091  3003  3003 I FlexibleDeviceStateProvider: lid_angle_fusion  Wakeup : [0.0, 0.0, 0.0]
03-13 14:13:01.091  3003  3003 I FlexibleDeviceStateProvider: isScreenOn: false
03-13 14:13:01.092  3003  3003 D DeviceStatePolicy: notifyDeviceStateChangedIfNeeded: newState=-1, lastState=2, caller=com.android.server.policy.FlexibleDeviceStatePolicy.adjustState:57 com.android.server.policy.FlexibleDeviceStateProvider.notifyDeviceStateChangedIfNeeded:90 com.android.server.policy.FlexibleDeviceStateProvider.onSensorChanged:21 
03-13 14:13:01.113  3003  3661 D InputReader: Input event [EV_SW](9): code=0x0, value=1, when=72170.108176
03-13 14:13:01.114  3003  3661 D InputReader: processSwitch() : elapsed time = 0ms, switchCode=0
03-13 14:13:01.114  3003  3661 D InputManager: notifySwitch: values=1, mask=1
03-13 14:13:01.114  3003  3661 D DeviceStatePolicy: notifyDeviceStateChangedIfNeeded: newState=0, lastState=2, caller=com.android.server.policy.FlexibleDeviceStatePolicy.adjustState:57 com.android.server.policy.FlexibleDeviceStateProvider.notifyDeviceStateChangedIfNeeded:90 com.android.server.policy.FlexibleDeviceStateProvider.notifyLidSwitchChanged:40 
03-13 14:13:01.114  3003  3661 D SemInputDeviceManager: setProperty: TSP_SUB(2) CMD,ALWAYS_LOW_POWER_MODE,0
03-13 14:13:01.115  3003  3661 D DeviceStateManagerService: onStateChanged identifier = 0
03-13 14:13:01.115  3003  3661 W OverrideRequestController: Attempted to cancel a null OverrideRequest
03-13 14:13:01.115  3003  3661 I DeviceStateManagerService: Cannot notify device state info change when pending state is present.
03-13 14:13:01.115  3003  3661 D DeviceStatePolicy: updateFoldingSensorListenerLw, foldOpen=false, awake=true, isTableModeEnabled=true, forceOff=false, caller=com.android.server.policy.FlexibleDeviceStateProvider.notifyDeviceStateChangedIfNeeded:146 com.android.server.policy.FlexibleDeviceStateProvider.notifyLidSwitchChanged:40 com.android.server.input.InputManagerService.notifySwitch:103 <bottom of call stack> <bottom of call stack> <bottom of call stack> <bottom of call stack> <bottom of call stack> <bottom of call stack> <bottom of call stack> 
03-13 14:13:01.115  3003  3067 D DeviceStateManagerService: Committing state: DeviceState{identifier=0, name='CLOSED', app_accessible=false, cancel_when_requester_not_on_top=false}
03-13 14:13:01.116  2007  2007 I sensors-hal: activate:300, com.samsung.sensor.folding_state/2592 en=0
03-13 14:13:01.116  2007  2007 I sensors-hal: send_sync_sensor_request:508, send sync request
03-13 14:13:01.116  2007  2007 I sensors-hal: send_sync_sensor_request:518, send_sync_sensor_request before send_request for lid_angle_fusion with SUID low=8603657889549748343 high=1320970896290190866
03-13 14:13:01.117  2007  2007 I sensors-hal: send_sync_sensor_request:537, wait for notification of response
03-13 14:13:01.117  3003  3993 D SemInputDevice:TSP_SUB: SetPropertyTask: CMD,set_always_lpm,0 [03-13 14:13:01.114]
03-13 14:13:01.117  2007  3645 I sensors-hal: qsh_conn_resp_cb:930, resp_value = 0 for lid_angle_fusion 
03-13 14:13:01.117  2007  2007 I sensors-hal: send_sync_sensor_request:543, takes 0 ms to receive the response with 0
03-13 14:13:01.118  2007  2007 I sensors-hal: activate:330, com.samsung.sensor.folding_state/2592 en=0 completed
03-13 14:13:01.118  3003  3661 D SensorManager: unregisterListener :: com.android.server.policy.FlexibleDeviceStateProvider@9bf61fe
03-13 14:13:01.118 27562 27562 D BoundBrokerSvc: onUnbind: Intent { act=com.google.android.gms.measurement.START xflg=0x4 pkg=com.google.android.gms }
03-13 14:13:01.118  3003  3661 D DeviceStatePolicy: unregisterFoldingSensorListenerLocked success!
03-13 14:13:01.118  2071  2128 I sysinput:aidl: onReportInformation:93, 2, cmd@set_always_lpm,0:0
03-13 14:13:01.120  3003  3993 D SysinputHAL_AIDL: setProperty(TSP_SUB(2)): CMD, set_always_lpm,0 ret=0
03-13 14:13:01.120  2071  2128 I sysinput:Touch2: operator():237, OK
03-13 14:13:01.122  3003  4748 I ActivityManager: Changes in 99332 3 to 10, 184 to 0
03-13 14:13:01.122  3003  4748 I ActivityManager: Changes in 10114 3 to 10, 184 to 0
03-13 14:13:01.124  2092  2092 I SSC_DAEMON: handleSensorTestReqMsg:85, Sensor type :20, Msg type:14
03-13 14:13:01.124  2092  2092 I factory.ssc: vendor/qcom/proprietary/adsprpc/src/fastrpc_apps_user.c:1684: remote_handle64_open: opened handle 0xb400006d90c31bd0 (remote 0x0) for '":;./\createstaticpd:sensorspd&_dom=adsp on domain 0 (spawn time 0 us, load time 0 us), num handles 1
03-13 14:13:01.125  5915  5959 V OsAgent : broadcastSystemEvent - 7
03-13 14:13:01.125  5915  5959 V OsAgent : broadcastSystemEvent - 7
03-13 14:13:01.127  3003  3915 D PocketModeEvent: LID state : 1
03-13 14:13:01.127  3003  3951 D GnssLocationProvider_ex: onLidStateChanged 1
03-13 14:13:01.128  3003  3951 D GnssLocationProvider_ex: sendLidState 3
03-13 14:13:01.128  2007  2007 I sensors-hal: activate:300, com.samsung.sensor.pocket_mode/1692 en=0
03-13 14:13:01.128  5490  5568 I LidStateListener_FLP: onLidStateChanged, whenNanos=72170108176000, lidState=1
03-13 14:13:01.129  3003  3951 D GnssLocationProvider_ex: gnssConfigurationUpdateSec
03-13 14:13:01.129  3003  3067 D DeviceStateManagerGlobal: handleDeviceStateInfoChanged state=DeviceState{identifier=0, name='CLOSED', app_accessible=false, cancel_when_requester_not_on_top=false}, baseState=DeviceState{identifier=0, name='CLOSED', app_accessible=false, cancel_when_requester_not_on_top=false}
03-13 14:13:01.129  2005  2035 I qmi_secgps_clnt: SECGPS: AGNSS Config Message
03-13 14:13:01.131  3003  3003 D NotificationService: mFoldState = false, isFolded = true
03-13 14:13:01.131  3003  3003 D SemDisplaySolutionManagerService: uid : 1000 , pid : 3003 , name : extra_brightness_off
03-13 14:13:01.131  2094 21110 D AudioFlinger: setParameters: filtered dev setParameters keyvalue l_hw_folder_state=0
03-13 14:13:01.131  4184  4193 D DeviceStateManagerGlobal: handleDeviceStateInfoChanged state=DeviceState{identifier=0, name='CLOSED', app_accessible=false, cancel_when_requester_not_on_top=false}, baseState=DeviceState{identifier=0, name='CLOSED', app_accessible=false, cancel_when_requester_not_on_top=false}
03-13 14:13:01.131  3003  3003 D SemDisplaySolutionManagerService: where : application what : DEFAULT setScreenBrightnessScaleFactor(1.0) , mBrightnessCompensation : 1.0 , PMS value : 1.0
03-13 14:13:01.131  3003  3003 D PowerManagerService: [api] setScreenBrightnessScaleFactor: scaleFactor: 1.0 (uid: 1000 pid: 3003)
03-13 14:13:01.132  1992  1992 V sec_audio_hw: sec_dev_set_parameters : l_hw_folder_state=0
03-13 14:13:01.132  1992  1992 D AHAL: AudioDevice: SetParameters: 1865: enter
03-13 14:13:01.132  1992  1992 D AHAL: AudioVoice: VoiceSetParameters: 200: Enter
03-13 14:13:01.132  1992  1992 D AHAL: AudioVoice: VoiceSetParameters: 479: Exit ret: 0
03-13 14:13:01.132  1992  1992 D AHAL: SecAudioDevice: SetFolderState: 1258: Folding(Flip) state changed, fold close, flex off
03-13 14:13:01.132  1992  1992 D AHAL: hfp: hfp_set_parameters: 444: enter
03-13 14:13:01.132  1992  1992 D AHAL: AudioDevice: SetParameters: 2798: exit: l_hw_folder_state=0
03-13 14:13:01.132  3003  3003 D SemDisplaySolutionManagerService: Normal Mode setMultipleScreenBrightness , application, DEFAULT, 1.0
03-13 14:13:01.132  4205 25262 D DeviceStateManagerGlobal: handleDeviceStateInfoChanged state=DeviceState{identifier=0, name='CLOSED', app_accessible=false, cancel_when_requester_not_on_top=false}, baseState=DeviceState{identifier=0, name='CLOSED', app_accessible=false, cancel_when_requester_not_on_top=false}
03-13 14:13:01.133  4271  5159 D DeviceStateManagerGlobal: handleDeviceStateInfoChanged state=DeviceState{identifier=0, name='CLOSED', app_accessible=false, cancel_when_requester_not_on_top=false}, baseState=DeviceState{identifier=0, name='CLOSED', app_accessible=false, cancel_when_requester_not_on_top=false}
03-13 14:13:01.133  4205  4205 D FlexPanelStartController: OnDeviceStateChanged: mIsTableMode=true, isTableMode=false
03-13 14:13:01.133  4205  4205 D FlexPanelStartController: onFoldStateTableModeChanged: isTableMode=false
03-13 14:13:01.133  4205  5096 D KeyguardFoldController: changeFoldState: foldState=0, changed=true
03-13 14:13:01.133  4205  5096 I PluginLockManagerImpl: PluginLock:onFolderStateChanged, opened: false, mScreenType: 1
03-13 14:13:01.133  4205  5096 I PluginLockManagerImpl: PluginLock:onFolderStateChanged, old: com.samsung.android.dynamiclock:2
03-13 14:13:01.133  4205  5096 I DymLock|DynamicLockManager: onFolderStateChanged() false , false
03-13 14:13:01.133  4205  5096 I DymLock|BaseLockContainer: onFolderStateChanged screen[1] enabled[false]
03-13 14:13:01.133  4205  5096 I DymLock|BaseLockStateContainer: unsubscribe folder change : com.samsung.android.dynamiclock.plugin.views.dls.DynamicLockContainer{b8feb8d I.E...... ......I. 0,0-1080,2640}
03-13 14:13:01.133  4205  5096 I DymLock|ActionBus: unsubscribe : com.samsung.android.dynamiclock.plugin.views.dls.DynamicLockContainer{b8feb8d I.E...... ......I. 0,0-1080,2640}
03-13 14:13:01.134  4205  5096 I DymLock|ActionBus: unsubscribe : com.samsung.android.dynamiclock.plugin.stores.LockContainerStore@7ae7fb4
03-13 14:13:01.134  4205  5096 I DymLock|ActionBus: unsubscribe : com.samsung.android.dynamiclock.plugin.stores.WallpaperStore@96d67dd
03-13 14:13:01.134  4205  5096 I DymLock|ActionBus: unsubscribe : com.samsung.android.dynamiclock.plugin.stores.LockStarStore@b28bf52
03-13 14:13:01.134  4205  5096 D DymLock|BaseLockContainer: updatePanelWallpaper: Panel is not necessary. dls_state = 2
03-13 14:13:01.134  4205  5096 I PluginLockMediatorImpl: setScreenTypeChanged() type: 1
03-13 14:13:01.134  4205  5096 I PluginLockWallpaper: setScreenTypeChanged() type: 1
03-13 14:13:01.134  4205  5096 I PluginHomeWallpaper: setScreenTypeChanged() type: 1
03-13 14:13:01.134  4205  5096 I PluginLockManagerImpl: PluginLock:onFolderStateChanged, will be switched, newState: null
03-13 14:13:01.134  4205  5096 D PluginLockInstanceState: isRecentInstance() true, com.samsung.android.dynamiclock:2
03-13 14:13:01.134  4205  5096 I PluginLockManagerImpl: PluginLock:onFolderStateChanged, instance maintained
03-13 14:13:01.134  4205  5096 D PluginLockManagerImpl: updateEnabledState getPluginLockValue = 10011
03-13 14:13:01.134  4205  5096 D PluginLockManagerImpl: isEnabledFromSettingHelper, screen:1, value:10011
03-13 14:13:01.134  4205  5096 D PluginLockInstancePolicy: isEnable() value:10011, ret:true
03-13 14:13:01.134  4205  5096 D PluginLockManagerImpl: updateEnabledState() isDynamicMode = true, isEnabledFromSetting = true
03-13 14:13:01.134  4205  5096 D PluginLockMediatorImpl: setEnabled: true, com.android.systemui.pluginlock.PluginLockMediatorImpl@c944c4c
03-13 14:13:01.134  4205  5096 I PluginLockManagerImpl: onFolderStateChanged, new: com.samsung.android.dynamiclock:2
03-13 14:13:01.134  4205  5096 I DymLock|DynamicLockManager: onFolderStateChanged() false , true
03-13 14:13:01.134  4205  5096 I DymLock|BaseLockContainer: onFolderStateChanged screen[1] enabled[true]
03-13 14:13:01.134  4205  5096 I DymLock|BaseLockStateContainer: subscribe folder change : com.samsung.android.dynamiclock.plugin.views.dls.DynamicLockContainer{b8feb8d I.E...... ......I. 0,0-1080,2640}
03-13 14:13:01.134  4205  5096 I DymLock|ActionBus: subscribe : com.samsung.android.dynamiclock.plugin.views.dls.DynamicLockContainer{b8feb8d I.E...... ......I. 0,0-1080,2640}
03-13 14:13:01.134  4205  5096 I DymLock|ActionBus: subscribe : com.samsung.android.dynamiclock.plugin.stores.LockContainerStore@7ae7fb4
03-13 14:13:01.134  4205  5096 I DymLock|ActionBus: subscribe : com.samsung.android.dynamiclock.plugin.stores.WallpaperStore@96d67dd
03-13 14:13:01.134  4205  5096 I DymLock|ActionBus: subscribe : com.samsung.android.dynamiclock.plugin.stores.LockStarStore@b28bf52
03-13 14:13:01.134  4205  5096 D DymLock|BaseLockContainer: updatePanelWallpaper: Panel is not necessary. dls_state = 2
03-13 14:13:01.134  4205  5096 I KeyguardWallpaperController: onFolderStateChanged: isOpened = false
03-13 14:13:01.134  4205  5096 I KeyguardWallpaperController: onFolderStateChanged: which = 18, previous which = 6
03-13 14:13:01.134  3003  3676 I SemInputDeviceManagerService: onFoldStateChanged: folded
03-13 14:13:01.134  4205  4267 D ShellSplitScreen: onFoldedStateChanged: folded=true
03-13 14:13:01.134  4832 24202 I HoneySpace.DesktopTaskDividerManagerImpl: fold: true, noExternal: true
03-13 14:13:01.134  4832 24202 I HoneySpace.DesktopTaskDividerManagerImpl: _isTaskSplittable, true
03-13 14:13:01.134  4832 24202 I HoneySpace.ExtraDisplaySource: onStateChanged, state = 0
03-13 14:13:01.134  3003  3647 I CameraService_worker: Fold state changed, DeviceState{identifier=0, name='CLOSED', app_accessible=false, cancel_when_requester_not_on_top=false}
03-13 14:13:01.135  4832 23427 I HoneySpace.ExtraDisplaySource: onStateChanged, state = 0
03-13 14:13:01.135  4832 19996 I FoldStateManager: close by fold: true
03-13 14:13:01.135  3003  3676 I SemInputCommandService: setPropertyAllTouch: FOLD_STATE,1 retDefault=1 retExtra=1
03-13 14:13:01.135  3003  3676 I SemInputCommandService: setPropertyAllTouchAndSpen: FOLD_STATE,1 retTouch=1 retSpen=-2
03-13 14:13:01.135  3003  3647 I CameraService_worker: NotifyDeviceStateChange 0x6, sync(false)
03-13 14:13:01.135  6239  6239 I SSS     : [ChatTranslationSystemConfigEditor] onFoldStateChanged: true
03-13 14:13:01.136  5338  5338 I FoldStateManager: onFoldStateChanged: true
03-13 14:13:01.136  4360  4360 I SprWallpaper|FoldInteractive: onDeviceStateChanged: newState[0]
03-13 14:13:01.136  5338  5338 I FoldStateManager: updateFoldState: isFolded = true
03-13 14:13:01.136  4360  4360 I SprWallpaper|fold_Choreographer: stop
03-13 14:13:01.136  5338  5338 I FoldStateManager: onTableModeChanged: false
03-13 14:13:01.136  4360  4360 I SprWallpaper|fold_Choreographer: pause
03-13 14:13:01.136  5338  5338 I FoldStateManager: updateTableMode: isTableMode = false
03-13 14:13:01.136  4360  4360 I SprWallpaper|FoldInteractive: resetFrame current[429]
03-13 14:13:01.136  4360  4360 I SprWallpaper|FoldInteractive: seekTo: frame[0], time[0]
03-13 14:13:01.136  4360  4360 I SprWallpaper|FoldInteractive: resetFrame: seek to head forcefully
03-13 14:13:01.136  4360  4360 I SprWallpaper|VideoPlayer: start: state[3]
03-13 14:13:01.136  4360  4360 I SprWallpaper|VideoPlayer: prepare: state[3]
03-13 14:13:01.136  4360  4360 I SprWallpaper|VideoPlayer: createVideoDecoder
03-13 14:13:01.136  4205  4205 D FlexPanelStartController: not support state, mMwEnabled=true, mIsTableMode=false, mDesktopMode=false, mFlexModePanelEnabled=true, mIsImeShowing=false, mIsQuickPanelShowing=false, mIsTaskBarAppsEnabled=false, mIsGlobalActionVisible=false, mOnRecentsAnimation=false, isSupportRotation=true, mIsKeyguardVisible=false
03-13 14:13:01.136  4832 19996 I HoneySpace.AppGridManager: finderWidthDp : 360.0 density : 3.0 marginDp : 10 appTrayAreaDp : 320 maxBounds : 360.0
03-13 14:13:01.137  2092  2092 I factory.ssc: vendor/qcom/proprietary/adsprpc/src/fastrpc_perf.c:278: fastrpc_perf_init: enabled systrace 0x0 and RPC traces (kernel 0, dsp 0) with frequency 1000
03-13 14:13:01.137  3003  3064 D UsbDeviceManager: Device folded, update USB noti
03-13 14:13:01.137  2092 32395 I factory.ssc: vendor/qcom/proprietary/adsprpc/src/log_config.c:362: file_watcher_thread starting for domain 0
03-13 14:13:01.137  2092 32395 W factory.ssc: vendor/qcom/proprietary/adsprpc/src/log_config.c:382:file_watcher_thread: Couldn't find file factory.ssc.farf, errno (No such file or directory) at ;/vendor/lib64/rfs/dsp;/vendor/lib/rfsa/adsp;/vendor/lib/rfsa/dsp;/vendor/dsp;
03-13 14:13:01.137  2092 32394 I factory.ssc: vendor/qcom/proprietary/adsprpc/src/listener_android.c:116: listener thread starting
03-13 14:13:01.138  3003  3993 D SemInputDevice:TSP_SUB: SetPropertyTask: CMD,set_fold_state,1 [03-13 14:13:01.134]
03-13 14:13:01.138  3003  3064 D UsbDeviceManager: handleMessage -> MSG_USB_NOTI_UPDATE: isForce=1
03-13 14:13:01.138  3003  3003 I Telecom : SamsungFoldStateManagerAdapterImpl : DeviceStateCallback - onDeviceStateChanged : DeviceState{identifier=0, name='CLOSED', app_accessible=false, cancel_when_requester_not_on_top=false}
03-13 14:13:01.138  3003  3003 I Telecom : SamsungFoldStateManagerAdapterImpl : onStateChanged - folded : true / info : SamsungFoldStateInfo { SupportFoldableTypeFlip : true / SupportLargeCoverScreen : true / Orientation : VERTICAL / IsFolded : true
03-13 14:13:01.138  3003  3064 D UsbDeviceManager: updateUsbNotification(true): mConnected=true mHostConnected=false mSourcePower=false mSinkPower=true mUsbCharging=true
03-13 14:13:01.138  4832 24202 I HoneySpace.ExtraDisplaySource: ExtraDisplayInfo(rotation=0, displayId=1, displaySize=Point(748, 720), displayCutout=DisplayCutout{insets=Rect(0, 0 - 0, 66) waterfall=Insets{left=0, top=0, right=0, bottom=0} boundingRect={Bounds=[Rect(0, 0 - 0, 0), Rect(0, 0 - 0, 0), Rect(0, 0 - 0, 0), Rect(379, 654 - 748, 720)]} cutoutPathParserInfo={CutoutPathParserInfo{displayWidth=748 displayHeight=720 physicalDisplayWidth=748 physicalDisplayHeight=720 density={2.125} cutoutSpec={@bottom @right M 0,0 H -173.6470588235294 V -31.05882352941176 H 0 V 0 Z @dp} rotation={0} scale={1.0} physicalPixelDisplaySizeRatio={1.0}}} sideOverrides={}}, foldState=0)
03-13 14:13:01.138  3003  3003 I Telecom : SamsungFoldStateManagerListener : onFolderStateChanged : false -> true
03-13 14:13:01.138  3003  3003 I Telecom : SamsungFoldStateManagerListener : checkAudioAutoSwitch, skipAudioAutoSwitch
03-13 14:13:01.138  3003  3003 I Telecom : SamsungFolderAngleRegistrar : mIsFoldingAngleAvailable is false
03-13 14:13:01.139  4832 24202 I HoneySpace.DeviceStateUseCase: changed: THREE_BUTTON, 144, true, false, DisplayInfo(rotation=0, displayId=0, displaySize=Point(1080, 2640), displayCutout=DisplayCutout{insets=Rect(0, 94 - 0, 0) waterfall=Insets{left=0, top=0, right=0, bottom=0} boundingRect={Bounds=[Rect(0, 0 - 0, 0), Rect(505, 0 - 576, 94), Rect(0, 0 - 0, 0), Rect(0, 0 - 0, 0)]} cutoutPathParserInfo={CutoutPathParserInfo{displayWidth=1080 displayHeight=2640 physicalDisplayWidth=1080 physicalDisplayHeight=2640 density={3.0} cutoutSpec={M 0,0 H -11.83333333333333 V 31.33333333333333 H 11.83333333333333 V 0 H 0 Z @dp} rotation={0} scale={1.0} physicalPixelDisplaySizeRatio={1.0}}} sideOverrides={}}, isNavCanMove=true, isTablet=false), ExtraDisplayInfo(rotation=0, displayId=1, displaySize=Point(748, 720), displayCutout=DisplayCutout{insets=Rect(0, 0 - 0, 66) waterfall=Insets{left=0, top=0, right=0, bottom=0} boundingRect={Bounds=[Rect(0, 0 - 0, 0), Rect(0, 0 - 0, 0), Rect(0, 0 - 0, 0), Rect(379, 654 - 748, 720)]} cutoutPathParserInfo={CutoutPathParserInfo{displayWidth=748 displayHeight=720 physicalDisplayWidth=748 physicalDisplayHeight=720 density={2.125} cutoutSpec={@bottom @right M 0,0 H -173.6470588235294 V -31.05882352941176 H 0 V 0 Z @dp} rotation={0} scale={1.0} physicalPixelDisplaySizeRatio={1.0}}} sideOverrides={}}, foldState=0), false
03-13 14:13:01.139  3003  3064 D UsbDeviceManager: FLIP FOLDED
03-13 14:13:01.139  2092 32394 I factory.ssc: vendor/qcom/proprietary/adsprpc/src/mod_table.c:701: open_mod_table_open_from_static: reverse module apps_std opened with handle 0xc17f4dd8 (idx 0)
03-13 14:13:01.139  3003  3994 D SemInputDevice:TSP: SetPropertyTask: CMD,set_fold_state,1 [03-13 14:13:01.135]
03-13 14:13:01.139  3003  3064 D DexObserverFW: isDexModeOn() : false
03-13 14:13:01.139  4205  4205 D KeyguardViewMediator: handleMessage 1003
03-13 14:13:01.139  4205  4205 D KeyguardFoldController: handleFoldMessage: isOpened=false, showing=false
03-13 14:13:01.139  2092 32394 D factory.ssc: vendor/qcom/proprietary/adsprpc/src/apps_std_imp.c:380: apps_std_fopen_fd: done for ./libsns_device_mode_skel.so with fopen:73us, read:0us, rpc_alloc:0us, mmap:0us
03-13 14:13:01.139  2092 32394 D factory.ssc: vendor/qcom/proprietary/adsprpc/src/apps_std_imp.c:380: apps_std_fopen_fd: done for ./libsns_device_mode_skel.so with fopen:3us, read:0us, rpc_alloc:0us, mmap:0us
03-13 14:13:01.139  4205  4205 D KeyguardViewMediator: adjustStatusBarLocked: no need to update flags=0x0 / showHomeOverLock=true
03-13 14:13:01.139  2092 32394 D factory.ssc: vendor/qcom/proprietary/adsprpc/src/apps_std_imp.c:380: apps_std_fopen_fd: done for /vendor/lib64/rfs/dsp/adsp/./libsns_device_mode_skel.so with fopen:6us, read:0us, rpc_alloc:0us, mmap:0us
03-13 14:13:01.139  2092 32394 D factory.ssc: vendor/qcom/proprietary/adsprpc/src/apps_std_imp.c:380: apps_std_fopen_fd: done for /vendor/lib64/rfs/dsp/./libsns_device_mode_skel.so with fopen:4us, read:0us, rpc_alloc:0us, mmap:0us
03-13 14:13:01.139  4205  4205 D DisplayLifecycle: dispatchFolderStateChanged true -> false
03-13 14:13:01.139  2092 32394 D factory.ssc: vendor/qcom/proprietary/adsprpc/src/apps_std_imp.c:380: apps_std_fopen_fd: done for /vendor/lib/rfsa/adsp/adsp/./libsns_device_mode_skel.so with fopen:4us, read:0us, rpc_alloc:0us, mmap:0us
03-13 14:13:01.139  2092 32394 D factory.ssc: vendor/qcom/proprietary/adsprpc/src/apps_std_imp.c:380: apps_std_fopen_fd: done for /vendor/lib/rfsa/adsp/./libsns_device_mode_skel.so with fopen:3us, read:0us, rpc_alloc:0us, mmap:0us
03-13 14:13:01.139  2092 32394 D factory.ssc: vendor/qcom/proprietary/adsprpc/src/apps_std_imp.c:380: apps_std_fopen_fd: done for /vendor/lib/rfsa/dsp/adsp/./libsns_device_mode_skel.so with fopen:5us, read:0us, rpc_alloc:0us, mmap:0us
03-13 14:13:01.139  2092 32394 D factory.ssc: vendor/qcom/proprietary/adsprpc/src/apps_std_imp.c:380: apps_std_fopen_fd: done for /vendor/lib/rfsa/dsp/./libsns_device_mode_skel.so with fopen:2us, read:0us, rpc_alloc:0us, mmap:0us
03-13 14:13:01.139  4205  4205 D Keyguard.AODTouchModeManager: onFolderStateChanged: isOpened=false
03-13 14:13:01.139  4205  4205 D Keyguard.AODTouchModeManager: setTouchNodePath: isOpened=false
03-13 14:13:01.139  4205  4205 I PluginAODManager: onFolderStateChanged isOpened : false
03-13 14:13:01.139  4205  4205 I PluginAODManager: setStartedByFolderClosed: true
03-13 14:13:01.139  4205  4205 V SubLauncher:SubLauncherPluginImpl@102487053: onDozeAmountChanged: 0.0
03-13 14:13:01.140  4205  4205 I ResourceUtils: initDisplayValues LogicalHeight 2640 LogicalWidth = 1080 DisplayDeviceType = -1, sIsLandscape = false
03-13 14:13:01.140  4205  4205 I DisplayValues: initValues currentWidth 1080 currentHeight = 2640
03-13 14:13:01.140  4205  4205 D FaceWidgetPagesController: onFolderStateChanged() isFolderOpened = false
03-13 14:13:01.140  4205  4205 I AODDataSettings[8.0.6]:AODDataManager: onFolderStateChanged=false
03-13 14:13:01.140  4205  4205 I AODDataSettings[8.0.6]:AODDataManager: changeDisplay=DisplayImpl(type=SingleDisplay, orientation=Portrait, aodState=LockScreenOnly)
03-13 14:13:01.140  4205  4205 I AODDataSettings[8.0.6]:AODDataManager: getCurrentSize() from windowConfig = 1080.0x2640.0
03-13 14:13:01.140  4360 32396 I CCodec  : state->set(ALLOCATING)
03-13 14:13:01.140  4205  4205 I DataStoreState: setDisplay : DisplayImpl(type=SingleDisplay, orientation=Portrait, aodState=LockScreenOnly)
03-13 14:13:01.140  4360 32398 I CCodec  : allocate(c2.qti.hevc.decoder)
03-13 14:13:01.140  4205  4205 I DataStoreState: setRootSize : 1080.0x2640.0
03-13 14:13:01.140  4205  4205 I ComplicationWidgetPluginController:   onFoldStateChanged  0.0
03-13 14:13:01.140  2071  2128 I sysinput:aidl: onReportInformation:93, 2, cmd@set_fold_state,1:0
03-13 14:13:01.140  4205  4205 I KeyguardNIOStatusBarController: initPosition()
03-13 14:13:01.140  4205  4205 I KeyguardNIOStatusBarController: updateIconAreaMargins() isDozing=false darkAmount=0.0 force=true currentFinalX=190 currentFinalY=35
03-13 14:13:01.140  2092 32394 D factory.ssc: vendor/qcom/proprietary/adsprpc/src/apps_std_imp.c:380: apps_std_fopen_fd: done for /vendor/dsp/adsp/./libsns_device_mode_skel.so with fopen:39us, read:18us, rpc_alloc:113us, mmap:851us
03-13 14:13:01.140  2092 32394 I factory.ssc: vendor/qcom/proprietary/adsprpc/src/apps_std_imp.c:1122: Successfully opened file /vendor/dsp/adsp/./libsns_device_mode_skel.so
03-13 14:13:01.140  4205  4205 I FaceWidgetWindowManager: removeAllViews
03-13 14:13:01.140  4205  4205 I ViewPositionControllerManager: refresh : []
03-13 14:13:01.140  4205  4205 I ViewPositionControllerManager: updatePosition: []
03-13 14:13:01.140  4205  4205 I FaceWidgetViewModel: onFolderStateChanged elapsed, for 0 ms
03-13 14:13:01.140  2071  2129 I sysinput:aidl: onReportInformation:93, 1, cmd@set_fold_state,1:0
03-13 14:13:01.140  4205  4205 D KeyguardViewMediator: KeyguardViewMediator queue processing message: 
03-13 14:13:01.141  4205  4205 D SecQsUiDisplayModeInteractor: onDeviceStateChanged from false -> to true, identifier = 0
03-13 14:13:01.141  4205  4205 D SecQsUiDisplayModeInteractor: updateUiDisplayModeAtFoldStateChanged COVER
03-13 14:13:01.141  4205  4205 D SecFgsManagerController: foldStateChange foldState = UNFOLD > FOLD
03-13 14:13:01.141  4205  4205 D SecFgsManagerController: foldStateChange isDirty = false
03-13 14:13:01.141  4832 23427 I HoneySpace.ExtraDisplaySource: ExtraDisplayInfo(rotation=0, displayId=1, displaySize=Point(748, 720), displayCutout=DisplayCutout{insets=Rect(0, 0 - 0, 66) waterfall=Insets{left=0, top=0, right=0, bottom=0} boundingRect={Bounds=[Rect(0, 0 - 0, 0), Rect(0, 0 - 0, 0), Rect(0, 0 - 0, 0), Rect(379, 654 - 748, 720)]} cutoutPathParserInfo={CutoutPathParserInfo{displayWidth=748 displayHeight=720 physicalDisplayWidth=748 physicalDisplayHeight=720 density={2.125} cutoutSpec={@bottom @right M 0,0 H -173.6470588235294 V -31.05882352941176 H 0 V 0 Z @dp} rotation={0} scale={1.0} physicalPixelDisplaySizeRatio={1.0}}} sideOverrides={}}, foldState=0)
03-13 14:13:01.141  2071  2128 I sysinput:Touch2: operator():237, OK
03-13 14:13:01.141  4205  4205 D LockscreenNotificationManager:  FOLD STATE - FOLD 
03-13 14:13:01.141  2058  3323 I CamComm1.0-CamModule: notifyDeviceStateChange: calling notify_device_state_change with state 6
03-13 14:13:01.141  2058  3323 I CHI     : [SS_INFO]: [CHI         ]: chxextensionmodule.cpp: SecModifySettings: 21458: [SWITCH_DBG] Folding State 1 
03-13 14:13:01.141  2058  3323 I CHI     : [SS_LOW ]: [CHI         ]: chxextensionmodule.cpp: SecModifySettings: 21461: [SWITCH_DBG] Foding state State 1, m_pOverrideCameraOpen : 0 
03-13 14:13:01.141  4832  4896 I HoneySpace.TopTaskSource: FoldState updated(0). updateRunningTasks
03-13 14:13:01.141  2452  2748 I CameraProviderManager: notifyDeviceStateChange Af available modes has been replaced
03-13 14:13:01.141  2005  2035 D qmi_secgps_clnt: SECGPS: send a qmi message to secgps_server OK
03-13 14:13:01.141  2452  2748 I CameraProviderManager: notifyDeviceStateChange Af available modes has been replaced
03-13 14:13:01.141  2071  2129 I sysinput:Touch1: operator():237, OK
03-13 14:13:01.141  2007  2007 I sensors-hal: send_sync_sensor_request:508, send sync request
03-13 14:13:01.141  2007  2007 I sensors-hal: send_sync_sensor_request:518, send_sync_sensor_request before send_request for pocket_mode with SUID low=11039279336981156932 high=1340270623893619472
03-13 14:13:01.141  4205  4205 D S.S.N.  : updateSamsungAccount() : No Change
03-13 14:13:01.141  2007  2007 I sensors-hal: send_sync_sensor_request:537, wait for notification of response
03-13 14:13:01.141  4205  4205 D S.S.N.  : isRDUMode: false isSALoggedIn: true isChildAccount: false isAiInfoConfirmed: true isSuggestionResponsesEnabled: false isPreventOnlineProcessing: falseisAiCoreFeaturesEnabled: false
03-13 14:13:01.141  4205  4205 D S.S.N.  :  FOLD STATE common- FOLD 
03-13 14:13:01.141  4205  4205 D S.S.N.  :  FOLD STATE parent- FOLD 
03-13 14:13:01.141  4205  4205 E SubscreenSubRoomNotification: initData
03-13 14:13:01.141  4205  4205 D S.S.N.  :  clearMainList
03-13 14:13:01.142  2007  3645 I sensors-hal: qsh_conn_resp_cb:930, resp_value = 0 for pocket_mode 
03-13 14:13:01.142  2105  2321 I VSyncReactor: Current= 120, Period= 120, Distance= 1
03-13 14:13:01.143  4205  4205 D SubscreenNotificationListCoordinator: onAfterRenderList() isSubScreen = false, pluginLockMode = 0, doNotShowOnCover = false
03-13 14:13:01.143  4205  4205 E SubscreenNotificationInfoManager: setShownGroup : false
