03-09 23:47:02.278 22405 22405 I ImeTracker: com.dutchbros.loyalty:658473bf: onHidden
03-09 23:47:02.283  5625  5625 I vol.VolumeDialogImpl: mDialog.dismiss() reason: posture_changed from: com.android.systemui.volume.VolumeDialogImpl$H.handleMessage:111 displayId: 0 mShowing: false mIsAnimatingDismiss: false
03-09 23:47:02.283  2064  4171 D slpi    : tmd2712: Als lux: 4.60, ch0: 79, ch1: 3, scale: 1.08, atime:50.04, again:1024
03-09 23:47:02.284  3163  3231 I InputManager-JNI: Viewport [0] to add: local:4630947043778501762, isActive: true
03-09 23:47:02.284  3163  3231 I InputManager-JNI: Viewport [1] to add: local:4630947043778501763, isActive: false
03-09 23:47:02.285  3163  4285 I InputReader: Reconfiguring input devices, changes=DISPLAY_INFO
03-09 23:47:02.285  3163  4285 I InputReader: Disabling zinitix_mt (device 6) because the associated viewport is not active
03-09 23:47:02.285  3163  4285 I InputReader: Device reconfigured: id=6, name='zinitix_mt', size 194x368, orientation Rotation0, mode DISABLED, display id 1
03-09 23:47:02.288  2068  6060 I vendor.qti.bluetooth@1.0-ibs_handler: ProcessIbsCmd: Received IBS_SLEEP_IND: 0xFE
03-09 23:47:02.290  3163  3231 I WindowManager: Override config changes=20000000 {1.0 ?mcc0mnc [en_US] ldltr sw111dp w210dp h111dp 280dpi smll land night mot-cli finger -keyb/v/h -nav/h winConfig={ mBounds=Rect(0, 0 - 368, 194) mAppBounds=Rect(0, 0 - 368, 194) mMaxBounds=Rect(0, 0 - 368, 194) mDisplayRotation=ROTATION_270 mWindowingMode=fullscreen mActivityType=undefined mAlwaysOnTop=undefined mRotation=ROTATION_270} ?fontWeightAdjustment ?spn ?gid} for displayId=1
03-09 23:47:02.311  3163  3229 V WindowManager: Content Recording: Display 1 state was (1), is now (1), so update recording?
03-09 23:47:02.311  3163  3229 D CLI/Transition: displaygroup 1, state OFF, pendingdisplaygroup -1
03-09 23:47:02.317  5625  5669 I DisplayController: CLI display config changed. dpi:280, fontScale:1.0
03-09 23:47:02.317  5625  5669 V ShellDragAndDrop: Display changed: 1
03-09 23:47:02.320  2064  2064 I sensors-hal: batch:206, android.sensor.light/51, period=200000000, max_latency=0
03-09 23:47:02.320  2064  2064 I sensors-hal: set_config:61, no need to adjust sample_period_ns due to reporting_mode = 2
03-09 23:47:02.320  2064  2064 I sensors-hal: send_sensor_config_request:463, dt=ambient_light: convert sample_period=200000000 to batch_period=200000
03-09 23:47:02.320  2064  2064 I sensors-hal: send_sync_sensor_request:341, send sync request
03-09 23:47:02.320  2064  2064 I sensors-hal: send_sync_sensor_request:367, wait for notification of response
03-09 23:47:02.320  7545  7545 I FileStationLog: [ FS_h$a ] - [Display] Changed display: 1
03-09 23:47:02.322  2064 23280 I sensors-hal: ssc_conn_resp_cb:632, resp_value = 0
03-09 23:47:02.322  7545  7545 I FileStationLog: [ FS_h$a ] - [Display] Ignoring change for non-default/desktop display: 1
03-09 23:47:02.322  2064 23280 I sensors-hal: handle_indication_realtime:467,  SCHED_FIFO(10) for qmi_cbk
03-09 23:47:02.322  2064  2064 I sensors-hal: send_sync_sensor_request:373, takes 2 ms to receive the response with 0
03-09 23:47:02.322  2064  2064 I sensors-hal: batch:215, android.sensor.light/51, period=200000000, max_latency=0 request completed
03-09 23:47:02.322  2064 23287 I sensors-hal: handle_indication_realtime:467,  SCHED_FIFO(10) for qmi_cbk
03-09 23:47:02.383  2064  4171 D slpi    : tmd2712: Als lux: 8.90, ch0: 153, ch1: 3, scale: 1.08, atime:50.04, again:1024
03-09 23:47:02.417  2195  2586 I SDM     : PipeAllocSdma2::CalculatePipeNumToDedicate: num_vig: 0, num_dma: 1
03-09 23:47:02.418  2195  2586 I SDM     : DisplayBase::SetDisplayState: active 1-1 state 1-1 pending_power_state_ 0
03-09 23:47:02.418  2300  2300 D SurfaceFlinger: Finished setting power mode 2 on display 4630947043778501762
03-09 23:47:02.418  2300  2300 D RefreshRateSelector: found  TouchBoostRefreshRate: {fps=90.00 Hz, modePtr={id=4, vsyncRate=90.00 Hz, peakRefreshRate=90.00 Hz}}
03-09 23:47:02.418  2300  2300 D RefreshRateSelector: found  ScrollBoostRefreshRate: {fps=120.00 Hz, modePtr={id=0, vsyncRate=120.00 Hz, peakRefreshRate=120.00 Hz}}
03-09 23:47:02.418  2300  2300 D RefreshRateSelector: [90:120:0]: mTouchBoostRefreshRateAvailable=1, mScrollBoostRefreshRateAvailable=1, mTouchOnBlankNotBoostRefreshRateAvailable=0
03-09 23:47:02.420  3163  5305 D SurfaceControl: Excessive delay in setPowerMode()
03-09 23:47:02.420  3163  5305 W ServiceManagerCppClient: Failed to get isDeclared for com.motorola.hardware.display.panel.IDisplayPanel/default: Status(-1, EX_SECURITY): 'SELinux denied.'
03-09 23:47:02.420  3163  5305 D DisplayPanelService: Setting panel dc mode: 0
03-09 23:47:02.421  2090  2090 I DisplayPanel: setDcMode: DC mode = OFF
03-09 23:47:02.421  2090  2090 D DisplayPanel: setParam: Success set DC to 0 for Primary display
03-09 23:47:02.422  2300  2300 I BpBinder: onLastStrongRef automatically unlinking death recipients: 
03-09 23:47:02.424  3163  3352 D BrightnessThermalClamper: Thermal status observer already started
03-09 23:47:02.424  3163  3229 D CLI/Transition: displaygroup 0, state ON, pendingdisplaygroup -1
03-09 23:47:02.424  3163  3352 W BoostOptController: not supported hint: 118
03-09 23:47:02.426  2300  2300 E Scheduler: trackPendingFrame: Invalid present fence
03-09 23:47:02.426  2067 14471 D AHAL: AudioDevice: SetParameters: 1564: enter: screen_state=on
03-09 23:47:02.426  2067 14471 D AHAL: AudioVoice: VoiceSetParameters: 87: Enter params: screen_state=on
03-09 23:47:02.426  2067 14471 D AHAL: AudioVoice: VoiceSetParameters: 360: Exit ret: 0
03-09 23:47:02.426  2067 14471 D AHAL: FM: fm_set_parameters: 262: Enter
03-09 23:47:02.426  2067 14471 D AHAL: FM: fm_set_parameters: 320: exit
03-09 23:47:02.426  2067 14471 D AHAL: AudioDevice: SetParameters: 1625:  - screen = on
03-09 23:47:02.426  2067 14471 I PAL: ResourceManager: setParameter: 8311: Screen State:1
03-09 23:47:02.426  2067 14471 D AHAL: AudioDevice: SetParameters: 2361: exit: screen_state=on
03-09 23:47:02.426 26976 27604 D MCLOG   : [BrightnessTrigger] onDisplayChanged displayId = 0
03-09 23:47:02.426  3163  3352 D BrightnessThermalClamper: Thermal status observer already started
03-09 23:47:02.428  3163  3163 I BrightnessSynchronizer: New Update: {[3882] 0.14697814(f), mUpdatedTypes=0, mConfirmedTypes=0, mTimeUpdated=0, mState=2}
03-09 23:47:02.430  7545  7545 I FileStationLog: [ FS_h$a ] - [Display] Changed display: 0
03-09 23:47:02.430  7545  7545 I FileStationLog: [ FS_h ] - [Logic] Retrieved display info: LogicDisplayInfo(width=1080, height=2640, orientation=1, rotation=0, displayId=0)
03-09 23:47:02.431  7545  7545 I FileStationLog: [ FS_h$a ] - [Display] New logical size: 1080x2640
03-09 23:47:02.431  7545  7545 I FileStationLog: [ FS_h$a ] - [Display] Screen width unchanged: 1080
03-09 23:47:02.433  3163  3352 D BrightnessThermalClamper: Thermal status observer already started
03-09 23:47:02.433  3163  3352 D BrightnessThermalClamper: Thermal status observer already started
03-09 23:47:02.433  3163  3352 D BrightnessThermalClamper: Thermal status observer already started
03-09 23:47:02.433  2064  4171 D slpi    : tmd2712: Als lux: 6.60, ch0: 114, ch1: 3, scale: 1.08, atime:50.04, again:1024
03-09 23:47:02.434  3163  3163 I BrightnessSynchronizer: New Update: {[3883] 0.14697814(f), mUpdatedTypes=0, mConfirmedTypes=0, mTimeUpdated=0, mState=2}
03-09 23:47:02.435 26976 27604 D MCLOG   : [BrightnessManager] displayId = 0 brightness = 0.14697814 nit = 16.880436 level = br1
03-09 23:47:02.435  3163  3352 I WindowManager: Display 0 turned on...
03-09 23:47:02.436  3163  3352 W PowerManagerService: Screen on took 473 ms
03-09 23:47:02.436  5493  5493 I WallpaperService: engine resumed
03-09 23:47:02.437  3163  3163 I BrightnessSynchronizer: New Update: {[3884] 0.14697814(f), mUpdatedTypes=0, mConfirmedTypes=0, mTimeUpdated=0, mState=2}
03-09 23:47:02.437  3163  3163 I WindowManager: Finished waking up... (groupId=0 why=ON_BECAUSE_OF_USER) pmWakeReason=WAKE_REASON_LID
03-09 23:47:02.438  2064  2064 I sensors-hal: batch:206, android.sensor.accelerometer/11, period=20000000, max_latency=0
03-09 23:47:02.438  2064  2064 I sensors-hal: set_config:57, sample_period_ns is adjusted to 20000000 based on min/max delay_ns
03-09 23:47:02.438  2064  2064 I sensors-hal: send_sensor_config_request:395, resampler is used, set resampler config
03-09 23:47:02.438  2064  2064 I sensors-hal: send_sync_sensor_request:341, send sync request
03-09 23:47:02.438  2064  2064 I sensors-hal: send_sync_sensor_request:367, wait for notification of response
03-09 23:47:02.440  2064  5194 I sensors-hal: ssc_conn_resp_cb:632, resp_value = 0
03-09 23:47:02.440  2064  2064 I sensors-hal: send_sync_sensor_request:373, takes 2 ms to receive the response with 0
03-09 23:47:02.440  2064  2064 I sensors-hal: batch:215, android.sensor.accelerometer/11, period=20000000, max_latency=0 request completed
03-09 23:47:02.440  2064  2064 I sensors-hal: flush:235, android.sensor.accelerometer/11
03-09 23:47:02.441  2064  2064 I sensors-hal: send_sync_sensor_request:341, send sync request
03-09 23:47:02.441  2064  2064 I sensors-hal: send_sync_sensor_request:367, wait for notification of response
03-09 23:47:02.441  2064  5194 I sensors-hal: ssc_conn_resp_cb:632, resp_value = 0
03-09 23:47:02.441  2064  2064 I sensors-hal: send_sync_sensor_request:373, takes 0 ms to receive the response with 0
03-09 23:47:02.441  2064  2064 I sensors-hal: flush:241, android.sensor.accelerometer/11 completed
03-09 23:47:02.444  2064  2064 I sensors-hal: batch:206, android.sensor.magnetic_field/21, period=20000000, max_latency=0
03-09 23:47:02.444  2064  2064 I sensors-hal: set_config:57, sample_period_ns is adjusted to 20000000 based on min/max delay_ns
03-09 23:47:02.444  2064  2064 I sensors-hal: batch:215, android.sensor.magnetic_field/21, period=20000000, max_latency=0 request completed
03-09 23:47:02.444  2064  2064 I sensors-hal: activate:173, android.sensor.magnetic_field/21 en=1
03-09 23:47:02.445  2064  2064 I sensors-hal: get_qmi_debug_flag:239, support_qmi_debug : false
03-09 23:47:02.445  2061  2108 E minksocket: MinkIPC_QRTR_Service: client with node 1 port 6cdb went down
03-09 23:47:02.445  2061  2108 E minksocket: MinkIPC_QRTR_Service: client with node 1 port 6cdc went down
03-09 23:47:02.448  2061  2108 E minksocket: MinkIPC_QRTR_Service: client with node 1 port 6cdd went down
03-09 23:47:02.448  2064  2064 E Diag_Lib: diag: Diag_LSM_Init: invoked for pid: 2064 with init_count: 0
03-09 23:47:02.449  2064  2064 E Diag_Lib: diag:failed to connect to diag socket
03-09 23:47:02.449  2064  2064 E Diag_Lib:  Diag_LSM_Init: Failed to open handle to diag driver, error = 13
03-09 23:47:02.449  2061  2108 E minksocket: MinkIPC_QRTR_Service: client with node 1 port 6cde went down
03-09 23:47:02.450  2064  2064 I sensors-hal: get_qmi_debug_flag:239, support_qmi_debug : false
03-09 23:47:02.451  2061  2108 E minksocket: MinkIPC_QRTR_Service: client with node 1 port 6ce0 went down
03-09 23:47:02.451  2061  2108 E minksocket: MinkIPC_QRTR_Service: client with node 1 port 6ce1 went down
03-09 23:47:02.454  2061  2108 E minksocket: MinkIPC_QRTR_Service: client with node 1 port 6ce2 went down
03-09 23:47:02.454  2064  2064 E Diag_Lib: diag: Diag_LSM_Init: invoked for pid: 2064 with init_count: 0
03-09 23:47:02.454  2064  2064 E Diag_Lib: diag:failed to connect to diag socket
03-09 23:47:02.454  2064  2064 E Diag_Lib:  Diag_LSM_Init: Failed to open handle to diag driver, error = 13
03-09 23:47:02.454  2064  2064 I sensors-hal: send_sensor_config_request:395, resampler is used, set resampler config
03-09 23:47:02.454  2064  2064 I sensors-hal: send_sync_sensor_request:341, send sync request
03-09 23:47:02.454  2061  2108 E minksocket: MinkIPC_QRTR_Service: client with node 1 port 6ce3 went down
03-09 23:47:02.454  2064  2064 I sensors-hal: send_sync_sensor_request:367, wait for notification of response
03-09 23:47:02.455  2064 23300 I sensors-hal: handle_indication_realtime:467,  SCHED_FIFO(10) for qmi_cbk
03-09 23:47:02.455  2064 23303 I sensors-hal: ssc_conn_resp_cb:632, resp_value = 0
03-09 23:47:02.456  2064  2064 I sensors-hal: send_sync_sensor_request:373, takes 1 ms to receive the response with 0
03-09 23:47:02.456  2064  2064 I sensors-hal: activate:294, mag_filter is enabled
03-09 23:47:02.456  2064  2064 I sensors-hal: activate:184, android.sensor.magnetic_field/21 en=1 completed
03-09 23:47:02.456  5493  5493 I AndroidInput: sensor listener setup
03-09 23:47:02.456  5493  5971 I AndroidGraphics: Unable to get safe area insets
03-09 23:47:02.457  5493  5971 I AndroidGraphics: resumed
03-09 23:47:02.457  5625  5669 D ShellSplitScreen: onFinishedWakingUp
03-09 23:47:02.458  2064 23303 I sensors-hal: handle_indication_realtime:467,  SCHED_FIFO(10) for qmi_cbk
03-09 23:47:02.459  2064  2064 I sensors-hal: batch:206, android.sensor.hinge_angle/362, period=200000000, max_latency=0
03-09 23:47:02.459  2064  2064 I sensors-hal: set_config:61, no need to adjust sample_period_ns due to reporting_mode = 2
03-09 23:47:02.459  2064  2064 I sensors-hal: batch:215, android.sensor.hinge_angle/362, period=200000000, max_latency=0 request completed
03-09 23:47:02.460  2064  2064 I sensors-hal: activate:173, android.sensor.hinge_angle/362 en=1
03-09 23:47:02.460  2064  2064 I sensors-hal: get_qmi_debug_flag:239, support_qmi_debug : false
03-09 23:47:02.461  2061  2108 E minksocket: MinkIPC_QRTR_Service: client with node 1 port 6ce5 went down
03-09 23:47:02.462  2061  2108 E minksocket: MinkIPC_QRTR_Service: client with node 1 port 6ce6 went down
03-09 23:47:02.463  2064  2064 E Diag_Lib: diag: Diag_LSM_Init: invoked for pid: 2064 with init_count: 0
03-09 23:47:02.463  2064  2064 E Diag_Lib: diag:failed to connect to diag socket
03-09 23:47:02.463  2064  2064 E Diag_Lib:  Diag_LSM_Init: Failed to open handle to diag driver, error = 13
03-09 23:47:02.463  2061  2108 E minksocket: MinkIPC_QRTR_Service: client with node 1 port 6ce7 went down
03-09 23:47:02.464  2064  2064 I sensors-hal: send_sensor_config_request:463, dt=mot_hinge: convert sample_period=200000000 to batch_period=200000
03-09 23:47:02.464  2064  2064 I sensors-hal: send_sync_sensor_request:341, send sync request
03-09 23:47:02.464  2064  2064 I sensors-hal: send_sync_sensor_request:367, wait for notification of response
03-09 23:47:02.464  2061  2108 E minksocket: MinkIPC_QRTR_Service: client with node 1 port 6ce8 went down
03-09 23:47:02.468  2064 23306 I sensors-hal: ssc_conn_resp_cb:632, resp_value = 0
03-09 23:47:02.469  2064  2064 I sensors-hal: send_sync_sensor_request:373, takes 4 ms to receive the response with 0
03-09 23:47:02.469  2064  2064 I sensors-hal: activate:184, android.sensor.hinge_angle/362 en=1 completed
03-09 23:47:02.474  3163  3231 I DisplayDeviceRepository: Display device changed: DisplayDeviceInfo{"Built-in Screen": uniqueId="local:4630947043778501762", 1080 x 2640, modeId 1, renderFrameRate 120.00001, defaultModeId 1, userPreferredModeId -1, supportedModes [{id=1, width=1080, height=2640, fps=120.00001, vsync=120.00001, synthetic=false, alternativeRefreshRates=[24.000002, 60.000004], supportedHdrTypes=[2, 3, 4]}, {id=2, width=1080, height=2640, fps=144.00002, vsync=144.00002, synthetic=false, alternativeRefreshRates=[], supportedHdrTypes=[2, 3, 4]}, {id=3, width=1080, height=2640, fps=90.0, vsync=90.0, synthetic=false, alternativeRefreshRates=[], supportedHdrTypes=[2, 3, 4]}, {id=4, width=1080, height=2640, fps=60.000004, vsync=60.000004, synthetic=false, alternativeRefreshRates=[24.000002, 120.00001], supportedHdrTypes=[2, 3, 4]}, {id=5, width=1080, height=2640, fps=30.000002, vsync=30.000002, synthetic=false, alternativeRefreshRates=[], supportedHdrTypes=[2, 3, 4]}, {id=6, width=1080, height=2640, fps=24.000002, vsync=24.000002, synthetic=false, alternativeRefreshRates=[60.000004, 120.00001], supportedHdrTypes=[2, 3, 4]}], supportedReadyForModes [], colorMode 0, supportedColorModes [0, 7, 9], hdrCapabilities HdrCapabilities{mSupportedHdrTypes=[2, 3, 4], mMaxLuminance=420.0, mMaxAverageLuminance=210.1615, mMinLuminance=0.323}, allmSupported false, gameContentTypeSupported false, density 420, 397.565 x 435.428 dpi, appVsyncOff 1000000, presDeadline 13333332, cutout DisplayCutout{insets=Rect(0, 108 - 0, 0) waterfall=Insets{left=0, top=0, right=0, bottom=0} boundingRect={Bounds=[Rect(0, 0 - 0, 0), Rect(495, 0 - 585, 108), Rect(0, 0 - 0, 0), Rect(0, 0 - 0, 0)]} cutoutPathParserInfo={CutoutPathParserInfo{displayWidth=1080 displayHeight=2640 physicalDisplayWidth=1080 physicalDisplayHeight=2640 density={2.625} cutoutSpec={M -45,0 L 45,0 L 45,108 L -45,108 Z} rotation={0} scale={1.0} physicalPixelDisplaySizeRatio={1.0}}} sideOverrides={}}, touch INTERNAL, rotation 0, type INTERNAL, address {port=130, model=0x40446dccee101c}, deviceProductInfo DeviceProductInfo{name=, manufacturerPnpId=QCM, productId=1, modelYear=null, manufactureDate=ManufactureDate{week=27, year=2006}, connectionToSinkType=0}, state ON, committedState ON, frameRateOverride {uid=10254 frameRateHz=120.00001} , brightnessMinimum 0.0, brightnessMaximum 1.0, brightnessDefault 0.38188976, hdrSdrRatio 1.0, FLAG_ALLOWED_TO_BE_DEFAULT_DISPLAY, FLAG_ROTATES_WITH_CONTENT, FLAG_SECURE, FLAG_SUPPORTS_PROTECTED_BUFFERS, FLAG_TRUSTED, installOrientation 0, displayShape DisplayShape{ spec=-1962366115 displayWidth=1080 displayHeight=2640 physicalPixelDisplaySizeRatio=1.0 rotation=0 offsetX=0 offsetY=0 scale=1.0}}
03-09 23:47:02.474  2214  2254 W ANDR-PERF-LM: MetaMeter: handleSecondaryAsync() 151: LightningLaunches MetaMeterThread start(). No MeterMgr Available to handle this Secondary/Data Async. !!!! 
03-09 23:47:02.491 22405 22544 I Braze v36.0.0 .b: Storing local triggered action asset at local path /data/user/0/com.dutchbros.loyalty/cache/ab_triggers/487421032.jpg for remote path https://braze-images.com/appboy/communication/assets/image_assets/images/682cb92393cdd2006687c33a/original.jpg?1747761443
03-09 23:47:02.528 22405 22544 I Braze v36.0.0 .b: Storing local triggered action asset at local path /data/user/0/com.dutchbros.loyalty/cache/ab_triggers/530315467.png for remote path https://braze-images.com/appboy/communication/assets/image_assets/images/682cc710a86c560066bbd51e/original.png?1747765007
03-09 23:47:02.537 10834 10847 W SP      : File ref is being finalized but wasn't closed, file: 7a635888cb828dfa2fc744b7b9b50f04[152]
03-09 23:47:02.542 10834 10847 W SP      : File ref is being finalized but wasn't closed, file: 2020031023_en[461]
03-09 23:47:02.542 10834 10847 W SP      : File ref is being finalized but wasn't closed, file: 2020031023_en[461]
03-09 23:47:02.542 10834 10847 W SP      : File ref is being finalized but wasn't closed, file: 2020031023_en[461]
03-09 23:47:02.542 10834 10847 W SP      : File ref is being finalized but wasn't closed, file: 2020031023_en[461]
03-09 23:47:02.547  2064 23306 I sensors-hal: handle_indication_realtime:467,  SCHED_FIFO(10) for qmi_cbk
03-09 23:47:02.548  2163  2163 D motorola.hardware.sensorext-service: handle id:13 wxh:1088x2640 uwxuh:1080x2640 size: 11489280 fd:11 fd_meta:12 flags:0x4000228 usage:0x33  format:0x1 layer_count: 1 reserved_size = 0
03-09 23:47:02.549  2064  4171 D slpi-TCS3720: ALS_REPORT lux 22.856546, ch0 9.993594-5.258260-4.126531-1.774894, scale 1.1878, fps 90, client 1
03-09 23:47:02.549  2064  4171 D slpi-TCS3720: PRX_OC info Far, Total 0, pdata 0, offset 0 step 0.63, ore 0:0 step 21.00, TH_H 1020, TH_L 0, client 0
03-09 23:47:02.549  2195  2392 I SDM     : HWCSession::SetCWBOutputBuffer: CWB config passed by cwb_client : tappoint 1  CWB_ROI : (210.000000 26.000000 274.000000 90.000000) for display [1 0 0]
03-09 23:47:02.552  2195 23307 I SDM     : HWCDisplay::SetReadbackBuffer: CWB config from client: tap_point 1, CWB ROI Rect(210.000000 26.000000 274.000000 90.000000), PU_as_CWB_ROI 0, Cwb full rect : (0.000000 0.000000 1080.000000 2640.000000)
03-09 23:47:02.552  2195 23307 I SDM     : HWCDisplay::SetReadbackBuffer: Successfully configured the output buffer: readback_buffer_queued_ 1, readback_configured_ 0, cwb_client 3
03-09 23:47:02.552  2195 23307 I SDM     : HWCSession::ProcessRequests: Successfully configured CWB buffer.
03-09 23:47:02.559  2195 23307 I SDM     : HWCSession::ProcessRequests: Pushing release fence in fenece wait queue.
03-09 23:47:02.560  2195 23307 I SDM     : HWCSession::ProcessRequests: Creating AsyncFenceWaits async thread.
03-09 23:47:02.560  2195 23307 I SDM     : HWCSession::ProcessRequests: Remove current CWB request from the pending request queue.
03-09 23:47:02.560  2195 23307 I SDM     : HWCSession::ProcessRequests: No pending cwb requests found in the queue.
03-09 23:47:02.562 22405 22544 I Braze v36.0.0 .b: Storing local triggered action asset at local path /data/user/0/com.dutchbros.loyalty/cache/ab_triggers/786270581.png for remote path https://braze-images.com/appboy/communication/assets/image_assets/images/682ccbcbbcf366006694efb2/original.png?1747766219
03-09 23:47:02.566  2195  2269 I SDM     : HWDeviceDRM::SetupConcurrentWriteback: Tear down the Concurrent Writeback topology
03-09 23:47:02.575  2195 23308 I SDM     : HWCSession::NotifyCWBStatus: Notify the client about buffer status 0.
03-09 23:47:02.576  2195 23308 I SDM     : HWCSession::PerformFenceWaits: Remove current release fence from the pending fence wait queue.
03-09 23:47:02.576  2195 23308 I SDM     : HWCSession::PerformFenceWaits: CWB fence queue is empty. No pending release fence to wait on.
03-09 23:47:02.585  2163  2163 D SENSOREXT_ALS_COMP: FrontLight: ReportLux 2.63 (22.86-20.22), pre 0.10, dbv 2778, dc 0, fps 90, chPanel 9.13-5.09-3.60-1.51, facCal:lux_s 1.19 cha_s 1.01-1.00-1.04-1.14, RunInfo: DPB 5710-18, TF 5710-0
03-09 23:47:02.586 22405 22544 I Braze v36.0.0 .b: Storing local triggered action asset at local path /data/user/0/com.dutchbros.loyalty/cache/ab_triggers/852994633.png for remote path https://braze-images.com/appboy/communication/assets/image_assets/images/682cc7100afb610065f4a609/original.png?1747765007
03-09 23:47:02.590  3163  3352 V DisplayPowerController2[0]: Brightness [0.12674406] reason changing to: 'automatic', previous reason: 'manual'.
03-09 23:47:02.592  3163  3352 I DisplayPowerController2[0]: 03-09 23:47:02.590 - BrightnessEvent: disp=0, physDisp=local:4630947043778501762, displayState=ON, displayPolicy=BRIGHT, brt=0.12674406, initBrt=0.14697814, rcmdBrt=0.12674406, preBrt=NaN, lux=3.0, preLux=NaN, brtNits=13.359319, hdrNits=NaN, initNits=16.880436, preNits=NaN, rcmdNits=13.359319, hdrBrightness=NaN, brt(%)=15%, brtInt=33, hbmPolicy=normal, hbmMax=0.85440856, hbmMode=off, rbcStrength=50, thrmMax=1.0, powerFactor=1.0, wasShortTermModelActive=false, flags=, reason=automatic, autoBrightness=true, strategy=InvalidBrightnessStrategy, autoBrightnessMode=default
03-09 23:47:02.594  2300  2446 I SurfaceFlinger: mBrightnessDiming=1, isCli=0, mBrightnessDimingCnt=0
03-09 23:47:02.597  3163  3163 I BrightnessSynchronizer: New Update: {[3885] 0.12674406(f), mUpdatedTypes=1, mConfirmedTypes=0, mTimeUpdated=0, mState=2}
03-09 23:47:02.598  3163  3163 I BrightnessSynchronizer: [3885] New Update 0.12674406(f) set brightness values:  33(i)
03-09 23:47:02.600  3163  3163 I BrightnessSynchronizer: New PendingUpdate: {[3886] 0.12674406(f), mUpdatedTypes=0, mConfirmedTypes=0, mTimeUpdated=0, mState=1}, prev=null
03-09 23:47:02.604  3163  3163 I BrightnessSynchronizer: Swallowing update of 33(i) by update: {[3885] 0.12674406(f), mUpdatedTypes=1, mConfirmedTypes=1, mTimeUpdated=31312586, mState=2}
03-09 23:47:02.604  3163  3163 I BrightnessSynchronizer: Completed Update: {[3885] 0.12674406(f), mUpdatedTypes=1, mConfirmedTypes=1, mTimeUpdated=31312586, mState=3}
03-09 23:47:02.604  3163  3163 I BrightnessSynchronizer: New Update: {[3886] 0.12674406(f), mUpdatedTypes=0, mConfirmedTypes=0, mTimeUpdated=0, mState=2}
03-09 23:47:02.611  5625  5625 I vol.VolumeDialogImpl: dismissH reason = posture_changed mDialog.isShowing(): false
03-09 23:47:02.619 22405 22544 I Braze v36.0.0 .b: Storing local triggered action asset at local path /data/user/0/com.dutchbros.loyalty/cache/ab_triggers/563488837.png for remote path https://braze-images.com/appboy/communication/assets/image_assets/images/682cc71062b01400650a78de/original.png?1747765007
03-09 23:47:02.627  2300  2446 I SurfaceFlinger: mBrightnessDiming=0, isCli=0, mBrightnessDimingCnt=0
03-09 23:47:02.628  3163  3163 I BrightnessSynchronizer: New Update: {[3887] 0.12674406(f), mUpdatedTypes=0, mConfirmedTypes=0, mTimeUpdated=0, mState=2}
03-09 23:47:02.634  2064  4171 D slpi    : tmd2712: Als lux: 9.70, ch0: 167, ch1: 3, scale: 1.08, atime:50.04, again:1024
03-09 23:47:02.640  5643 13675 D ApfFilter: (wlan0): Ignoring RA RA fe80::c294:35ff:fe71:84fd -> ff02::1 180s 2601:85:ca02:f280::/64 7200s/7200s DNS 180s 2601:85:ca02:f280:c294:35ff:fe71:84fd 2001:558:feed::1 2001:558:feed::2 RIO 180s ::/0  which matches RA fe80::c294:35ff:fe71:84fd -> ff02::1 180s 2601:85:ca02:f280::/64 7200s/7200s DNS 180s 2601:85:ca02:f280:c294:35ff:fe71:84fd 2001:558:feed::1 2001:558:feed::2 RIO 180s ::/0 
03-09 23:47:02.650 22405 22544 I Braze v36.0.0 .b: Storing local triggered action asset at local path /data/user/0/com.dutchbros.loyalty/cache/ab_triggers/356430831.png for remote path https://braze-images.com/appboy/communication/assets/image_assets/images/6849c984d0459700665451d1/original.png?1749666180
03-09 23:47:02.876 22405 22544 I Braze v36.0.0 .b: Storing local triggered action asset at local path /data/user/0/com.dutchbros.loyalty/cache/ab_triggers/630930938.png for remote path https://braze-images.com/appboy/communication/assets/image_assets/images/6926275e86d31a0062d106af/original.png?1764108125
03-09 23:47:02.955 22405 22544 I Braze v36.0.0 .b: Storing local triggered action asset at local path /data/user/0/com.dutchbros.loyalty/cache/ab_triggers/1069297772.jpg for remote path https://braze-images.com/appboy/communication/assets/image_assets/images/697136e96efc0f00643787c7/original.jpg?1769027304
03-09 23:47:03.007 22405 22544 I Braze v36.0.0 .b: Storing local triggered action asset at local path /data/user/0/com.dutchbros.loyalty/cache/ab_triggers/443706083.jpg for remote path https://braze-images.com/appboy/communication/assets/image_assets/images/697145d454f9640063c61fab/original.jpg?1769031123
03-09 23:47:03.061 22405 22544 I Braze v36.0.0 .b: Storing local triggered action asset at local path /data/user/0/com.dutchbros.loyalty/cache/ab_triggers/607186649.jpg for remote path https://braze-images.com/appboy/communication/assets/image_assets/images/697145d406426b00630f8666/original.jpg?1769031123
03-09 23:47:03.064  2214  2254 W ANDR-PERF-LM: MetaMeter: handleSecondaryAsync() 151: LightningLaunches MetaMeterThread start(). No MeterMgr Available to handle this Secondary/Data Async. !!!! 
03-09 23:47:03.100 22405 22544 I Braze v36.0.0 .b: Storing local triggered action asset at local path /data/user/0/com.dutchbros.loyalty/cache/ab_triggers/920482220.jpg for remote path https://braze-images.com/appboy/communication/assets/image_assets/images/69712f820a9cf10063296a79/original.jpg?1769025410
03-09 23:47:03.133  2064  4171 D slpi    : tmd2712: Als lux: 7.70, ch0: 133, ch1: 3, scale: 1.08, atime:50.04, again:1024
03-09 23:47:03.158 22405 22544 I Braze v36.0.0 .b: Storing local triggered action asset at local path /data/user/0/com.dutchbros.loyalty/cache/ab_triggers/920123500.jpg for remote path https://braze-images.com/appboy/communication/assets/image_assets/images/69712f830f08a4007588384a/original.jpg?1769025410
03-09 23:47:03.205  2064  4171 I slpi-MOT_HINGE: Hingeposture 180.0 tent:0 gpio:-1 flip:1 flat:1 b:1.5 7.4 6.3 173.4 36.1 54.0 f:1.2 8.8 3.9 -636.8 51.5 40.5
03-09 23:47:03.211  3163  3231 I DeviceStateManagerService: Cannot notify device state info change when pending state is present.
03-09 23:47:03.215  3163  3231 I LogicalDisplayMapper: Requesting Transition to state: 5, from state=4, interactive=true, mBootCompleted=true
03-09 23:47:03.215  3163  3231 I LogicalDisplayMapper: Applying layout: [{dispId: 0(ON), displayGroupName: , addr: {port=130, model=0x40446dccee101c}, mThermalBrightnessThrottlingMapId: null, mRefreshRateZoneId: null, mLeadDisplayId: -1, mLeadDisplayAddress: null, mThermalRefreshRateThrottlingMapId: null, mPowerThrottlingMapId: null}], Previous layout: [{dispId: 0(ON), displayGroupName: , addr: {port=130, model=0x40446dccee101c}, mThermalBrightnessThrottlingMapId: null, mRefreshRateZoneId: null, mLeadDisplayId: -1, mLeadDisplayAddress: null, mThermalRefreshRateThrottlingMapId: null, mPowerThrottlingMapId: null}]
03-09 23:47:03.216  3163  3352 W BoostOptController: not supported hint: 118
03-09 23:47:03.216  3163  3229 D CLI/SmallCLI: onDeviceLidStateChanged: state=OPEN
03-09 23:47:03.216  3163  3227 D TouchHwAidlService: onStateChanged.. state=5
03-09 23:47:03.225  3163  4279 I CLI/Transition_Device: lid state changed: OPEN -> OPEN, device state changed to OPEN
03-09 23:47:03.230  3163  3352 D BrightnessThermalClamper: Thermal status observer already started
03-09 23:47:03.233  2064  4171 D slpi    : tmd2712: Als lux: 4.50, ch0: 77, ch1: 4, scale: 1.08, atime:50.04, again:1024
03-09 23:47:03.238 22405 22544 I Braze v36.0.0 .b: Storing local triggered action asset at local path /data/user/0/com.dutchbros.loyalty/cache/ab_triggers/947872924.jpg for remote path https://braze-images.com/appboy/communication/assets/image_assets/images/69712cf59c3a7f00635e5c15/original.jpg?1769024756
03-09 23:47:03.241  5625  5625 I vol.VolumeDialogImpl: mDialog.dismiss() reason: posture_changed from: com.android.systemui.volume.VolumeDialogImpl$H.handleMessage:111 displayId: 0 mShowing: false mIsAnimatingDismiss: false
03-09 23:47:03.248  2068  6063 I vendor.qti.bluetooth@1.0-ibs_handler: DeviceSleep: TX Awake, Sending SLEEP_IND
03-09 23:47:03.248  2068  6063 D vendor.qti.bluetooth@1.0-ibs_handler: SerialClockVote: vote for UART CLK OFF
03-09 23:47:03.289 22405 22544 I Braze v36.0.0 .b: Storing local triggered action asset at local path /data/user/0/com.dutchbros.loyalty/cache/ab_triggers/267900512.jpg for remote path https://braze-images.com/appboy/communication/assets/image_assets/images/69712de1aa37170063ebbead/original.jpg?1769024993
03-09 23:47:03.304 22405 22448 I FA      : Application backgrounded at: timestamp_millis: 1773114421304
03-09 23:47:03.344 22405 22544 I Braze v36.0.0 .b: Storing local triggered action asset at local path /data/user/0/com.dutchbros.loyalty/cache/ab_triggers/46585009.jpg for remote path https://braze-images.com/appboy/communication/assets/image_assets/images/697a72f31588980064439792/original.jpg?1769632499
03-09 23:47:03.380 22405 22544 I Braze v36.0.0 .b: Storing local triggered action asset at local path /data/user/0/com.dutchbros.loyalty/cache/ab_triggers/432114331.png for remote path https://braze-images.com/appboy/communication/assets/image_assets/images/697a71cb4ab5a30063838ac3/original.png?1769632203
03-09 23:47:03.398  2068  5913 D vendor.qti.bluetooth@1.0-wake_lock: Release wakelock is released 
03-09 23:47:03.406 22405 22544 I Braze v36.0.0 .b: Storing local triggered action asset at local path /data/user/0/com.dutchbros.loyalty/cache/ab_triggers/950564374.png for remote path https://braze-images.com/appboy/communication/assets/image_assets/images/697a720bba565500634128fb/original.png?1769632267
03-09 23:47:03.430 22405 22544 I Braze v36.0.0 .b: Storing local triggered action asset at local path /data/user/0/com.dutchbros.loyalty/cache/ab_triggers/379139250.png for remote path https://braze-images.com/appboy/communication/assets/image_assets/images/697a74839e2c780063092502/original.png?1769632898
03-09 23:47:03.456 22405 22544 I Braze v36.0.0 .b: Storing local triggered action asset at local path /data/user/0/com.dutchbros.loyalty/cache/ab_triggers/358512058.png for remote path https://braze-images.com/appboy/communication/assets/image_assets/images/698119898f1f3000643ce1b2/original.png?1770068360
03-09 23:47:03.480  2064  4171 I slpi-mot_tap : Using product index 4, gyro 0
03-09 23:47:03.496  5625  5962 V PowerManager: userActivity when=31313484 event=0 flags=0 displayId=0 by (com.android.systemui) callers=android.os.PowerManager.userActivity:1487 com.android.systemui.keyguard.KeyguardViewMediator$$ExternalSyntheticLambda0.run:79 java.util.concurrent.ThreadPoolExecutor.runWorker:1145 
03-09 23:47:03.498  3163  7023 W BoostOptController: not supported hint: 118
03-09 23:47:03.499 22405 22544 I Braze v36.0.0 .b: Storing local triggered action asset at local path /data/user/0/com.dutchbros.loyalty/cache/ab_triggers/60917988.png for remote path https://braze-images.com/appboy/communication/assets/image_assets/images/697bb735e2514d0063998558/original.png?1769715509
03-09 23:47:03.504  5625  5625 I FalsingManager: Gesture start time: 31313479577000
03-09 23:47:03.515 22405 22544 I Braze v36.0.0 .d: Event was published, but no subscribers were found. But not saving event for publishing later. Event class: class com.braze.events.NoMatchingTriggerEvent com.braze.events.d@9cf28ab
03-09 23:47:03.546  5625  5625 I vol.VolumeDialogImpl: dismissH reason = posture_changed mDialog.isShowing(): false
03-09 23:47:03.594  5625  5625 I FalsingManager: Gesture duration, Proximity duration: 101935000, 0
03-09 23:47:03.595  2300  2300 I Scheduler: notifyScrollEvent state=1
03-09 23:47:03.595  3163  3229 W BoostOptController: not supported hint: 118
03-09 23:47:03.600  5625  5625 I FalsingManager: {belief=0.8494363210458147 confidence=1.0}
03-09 23:47:03.664  2214  2254 W ANDR-PERF-LM: MetaMeter: handleSecondaryAsync() 151: LightningLaunches MetaMeterThread start(). No MeterMgr Available to handle this Secondary/Data Async. !!!! 
03-09 23:47:03.934  2064  4171 D slpi    : tmd2712: Als lux: 6.60, ch0: 112, ch1: 5, scale: 1.08, atime:50.04, again:1024
03-09 23:47:03.963 26976 26984 W System  : A resource failed to call close. 
03-09 23:47:03.963 26976 26984 W System  : A resource failed to call close. 
03-09 23:47:03.964 26976 26984 W System  : A resource failed to call close. 
03-09 23:47:03.966 26976 26984 W System  : A resource failed to call close. 
03-09 23:47:03.968 26976 26984 W System  : A resource failed to call close. 
03-09 23:47:03.968 26976 26984 W System  : A resource failed to call close. 
03-09 23:47:03.969 26976 26984 W System  : A resource failed to call close. 
03-09 23:47:03.971 26976 26984 W System  : A resource failed to call close. 
03-09 23:47:03.972 26976 26984 W System  : A resource failed to call close. 
03-09 23:47:03.972 26976 26984 W System  : A resource failed to call close. 
03-09 23:47:03.975 26976 26984 W System  : A resource failed to call close. 
03-09 23:47:03.976 26976 26984 W System  : A resource failed to call close. 
03-09 23:47:03.979 26976 26984 W System  : A resource failed to call close. 
03-09 23:47:03.979 26976 26984 W System  : A resource failed to call close. 
03-09 23:47:03.981 26976 26984 W System  : A resource failed to call close. 
03-09 23:47:04.009  5727  5777 I QImsService: VtDataUsageProvider : onSetAlert:2097152
03-09 23:47:04.009  5727  5727 I QImsService: ImsServiceClassTracker : updateAlertQuota:newQuota=2097152,Remaining=2097152
03-09 23:47:04.221  2163  2163 D motorola.hardware.sensorext-service: handle id:13 wxh:1088x2640 uwxuh:1080x2640 size: 11489280 fd:11 fd_meta:12 flags:0x4000228 usage:0x33  format:0x1 layer_count: 1 reserved_size = 0
03-09 23:47:04.221  2214  2254 W ANDR-PERF-LM: MetaMeter: handleSecondaryAsync() 151: LightningLaunches MetaMeterThread start(). No MeterMgr Available to handle this Secondary/Data Async. !!!! 
03-09 23:47:04.222  2195  2586 I SDM     : HWCSession::SetCWBOutputBuffer: CWB config passed by cwb_client : tappoint 1  CWB_ROI : (210.000000 26.000000 274.000000 90.000000) for display [1 0 0]
03-09 23:47:04.222  2064  4171 D slpi-TCS3720: ALS_REPORT lux 25.263784, ch0 11.697971-6.956018-4.682856-1.992006, scale 1.1878, fps 90, client 1
03-09 23:47:04.222  2064  4171 D slpi-TCS3720: PRX_OC info Far, Total 0, pdata 0, offset 0 step 0.63, ore 0:0 step 21.00, TH_H 1020, TH_L 0, client 0
03-09 23:47:04.224  2195 23317 I SDM     : HWCDisplay::SetReadbackBuffer: CWB config from client: tap_point 1, CWB ROI Rect(210.000000 26.000000 274.000000 90.000000), PU_as_CWB_ROI 0, Cwb full rect : (0.000000 0.000000 1080.000000 2640.000000)
03-09 23:47:04.225  2195 23317 I SDM     : HWCDisplay::SetReadbackBuffer: Successfully configured the output buffer: readback_buffer_queued_ 1, readback_configured_ 0, cwb_client 3
03-09 23:47:04.225  2195 23317 I SDM     : HWCSession::ProcessRequests: Successfully configured CWB buffer.
03-09 23:47:04.230  2195 23317 I SDM     : HWCSession::ProcessRequests: Pushing release fence in fenece wait queue.
03-09 23:47:04.230  2195 23317 I SDM     : HWCSession::ProcessRequests: Creating AsyncFenceWaits async thread.
03-09 23:47:04.230  2195 23317 I SDM     : HWCSession::ProcessRequests: Remove current CWB request from the pending request queue.
03-09 23:47:04.230  2195 23317 I SDM     : HWCSession::ProcessRequests: No pending cwb requests found in the queue.
03-09 23:47:04.236  2195  2269 I SDM     : HWDeviceDRM::SetupConcurrentWriteback: Tear down the Concurrent Writeback topology
03-09 23:47:04.245  2195 23318 I SDM     : HWCSession::NotifyCWBStatus: Notify the client about buffer status 0.
03-09 23:47:04.246  2195 23318 I SDM     : HWCSession::PerformFenceWaits: Remove current release fence from the pending fence wait queue.
03-09 23:47:04.246  2195 23318 I SDM     : HWCSession::PerformFenceWaits: CWB fence queue is empty. No pending release fence to wait on.
03-09 23:47:04.256  2163  2163 D SENSOREXT_ALS_COMP: FrontLight: ReportLux 6.72 (25.26-18.55), pre 2.63, dbv 2456, dc 0, fps 90, chPanel 7.95-4.42-3.22-1.29, facCal:lux_s 1.19 cha_s 1.03-1.02-1.07-1.18, RunInfo: DPB 5711-18, TF 5711-0
03-09 23:47:04.305  5625  5962 V PowerManager: userActivity when=31314294 event=0 flags=0 displayId=0 by (com.android.systemui) callers=android.os.PowerManager.userActivity:1487 com.android.systemui.keyguard.KeyguardViewMediator$$ExternalSyntheticLambda0.run:79 java.util.concurrent.ThreadPoolExecutor.runWorker:1145 
03-09 23:47:04.306  3163  5528 W BoostOptController: not supported hint: 118
03-09 23:47:04.331  5625  5625 I FalsingManager: Gesture start time: 31314291962000
03-09 23:47:04.350  5993 22661 W QAWalletSvc: No wallet cards to return. [CONTEXT service_id=79 ]
03-09 23:47:04.373  2300  2300 I Scheduler: notifyScrollEvent state=1
03-09 23:47:04.373  5625  5625 D KeyguardViewMediator: keyguardGoingAway requested for userId: 0
03-09 23:47:04.374  5625  5940 D KeyguardTransitionRepository: (Internal) Setting current transition info: TransitionInfo(ownerName=FromLockscreenTransitionInteractor, from=LOCKSCREEN, to=GONE, animated)
03-09 23:47:04.374  3163  3229 W BoostOptController: not supported hint: 118
03-09 23:47:04.377  7314  7314 D GameMode: onStartedActivityChange: componnent: ComponentInfo{com.dutchbros.loyalty/com.dutchbros.loyalty.dutch_bros_forge.MainActivity} entered launcher screen? true
03-09 23:47:04.377  3163  3231 I DisplayDeviceRepository: Display device changed: DisplayDeviceInfo{"Built-in Screen": uniqueId="local:4630947043778501762", 1080 x 2640, modeId 1, renderFrameRate 120.00001, defaultModeId 1, userPreferredModeId -1, supportedModes [{id=1, width=1080, height=2640, fps=120.00001, vsync=120.00001, synthetic=false, alternativeRefreshRates=[24.000002, 60.000004], supportedHdrTypes=[2, 3, 4]}, {id=2, width=1080, height=2640, fps=144.00002, vsync=144.00002, synthetic=false, alternativeRefreshRates=[], supportedHdrTypes=[2, 3, 4]}, {id=3, width=1080, height=2640, fps=90.0, vsync=90.0, synthetic=false, alternativeRefreshRates=[], supportedHdrTypes=[2, 3, 4]}, {id=4, width=1080, height=2640, fps=60.000004, vsync=60.000004, synthetic=false, alternativeRefreshRates=[24.000002, 120.00001], supportedHdrTypes=[2, 3, 4]}, {id=5, width=1080, height=2640, fps=30.000002, vsync=30.000002, synthetic=false, alternativeRefreshRates=[], supportedHdrTypes=[2, 3, 4]}, {id=6, width=1080, height=2640, fps=24.000002, vsync=24.000002, synthetic=false, alternativeRefreshRates=[60.000004, 120.00001], supportedHdrTypes=[2, 3, 4]}], supportedReadyForModes [], colorMode 0, supportedColorModes [0, 7, 9], hdrCapabilities HdrCapabilities{mSupportedHdrTypes=[2, 3, 4], mMaxLuminance=420.0, mMaxAverageLuminance=210.1615, mMinLuminance=0.323}, allmSupported false, gameContentTypeSupported false, density 420, 397.565 x 435.428 dpi, appVsyncOff 1000000, presDeadline 13333332, cutout DisplayCutout{insets=Rect(0, 108 - 0, 0) waterfall=Insets{left=0, top=0, right=0, bottom=0} boundingRect={Bounds=[Rect(0, 0 - 0, 0), Rect(495, 0 - 585, 108), Rect(0, 0 - 0, 0), Rect(0, 0 - 0, 0)]} cutoutPathParserInfo={CutoutPathParserInfo{displayWidth=1080 displayHeight=2640 physicalDisplayWidth=1080 physicalDisplayHeight=2640 density={2.625} cutoutSpec={M -45,0 L 45,0 L 45,108 L -45,108 Z} rotation={0} scale={1.0} physicalPixelDisplaySizeRatio={1.0}}} sideOverrides={}}, touch INTERNAL, rotation 0, type INTERNAL, address {port=130, model=0x40446dccee101c}, deviceProductInfo DeviceProductInfo{name=, manufacturerPnpId=QCM, productId=1, modelYear=null, manufactureDate=ManufactureDate{week=27, year=2006}, connectionToSinkType=0}, state ON, committedState ON, frameRateOverride , brightnessMinimum 0.0, brightnessMaximum 1.0, brightnessDefault 0.38188976, hdrSdrRatio 1.0, FLAG_ALLOWED_TO_BE_DEFAULT_DISPLAY, FLAG_ROTATES_WITH_CONTENT, FLAG_SECURE, FLAG_SUPPORTS_PROTECTED_BUFFERS, FLAG_TRUSTED, installOrientation 0, displayShape DisplayShape{ spec=-1962366115 displayWidth=1080 displayHeight=2640 physicalPixelDisplaySizeRatio=1.0 rotation=0 offsetX=0 offsetY=0 scale=1.0}}
03-09 23:47:04.377  7314  7314 D GameMode: isScreenUnlocked: false
03-09 23:47:04.378  7314  7314 D GameMode: isScreenUnlocked: false
03-09 23:47:04.378  3163  3249 W MotoBatteryCareService: uid: 10628 pkgName:com.dutchbros.loyalty come to foreground
03-09 23:47:04.384  5625  5625 I FalsingManager: Gesture duration, Proximity duration: 69102000, 0
03-09 23:47:04.384  5625  5625 I FalsingManager: Skipped falsing. interactionType=4
03-09 23:47:04.385  5625  5625 I FalsingManager: Skipped falsing. interactionType=4
03-09 23:47:04.388  5625  5625 I KeyguardTransitionRepository: STARTED transition: TransitionStep(from=LOCKSCREEN, to=GONE, value=0.0, transitionState=STARTED, ownerName=FromLockscreenTransitionInteractor)
03-09 23:47:04.390  7314  7314 D GameMode: isScreenUnlocked: false
03-09 23:47:04.390 22405 22468 I Braze v36.0.0 .m: Completed the openSession call. Starting or continuing session 5ad89e1d-1894-4ea3-a5fb-c47554f91c2d
03-09 23:47:04.394  5625  5806 V SnapshotDrawerUtils: Drawing snapshot surface sizeMismatch=false
03-09 23:47:04.398 22405 22465 D AdvertisingIdClient: AdvertisingIdClient already created.
03-09 23:47:04.398 22405 22465 D AdvertisingIdClient: AdvertisingIdClient is not bounded. Starting to bind it...
03-09 23:47:04.403  3163  3227 V WindowManager: Sent Transition (#1677) createdAt=03-09 23:47:01.959 via request=TransitionRequestInfo { type = WAKE, triggerTask = null, pipTask = null, remoteTransition = null, displayChange = null, flags = 0, debugId = 1677 }
03-09 23:47:04.403  5625  6608 V WindowManagerShell: onTransitionReady(transaction=13584981676550)
03-09 23:47:04.403  3163  3227 V WindowManager:     startWCT=WindowContainerTransaction { changes = {} hops = [] errorCallbackToken=null taskFragmentOrganizer=null }
03-09 23:47:04.403  5625  5669 V WindowManagerShell: onTransitionReady (#1677) android.os.BinderProxy@6fdd450: {id=1677 t=WAKE f=0x500 trk=0 r=[0@Point(0, 0),1@Point(0, 0)] c=[{WCT{android.window.IWindowContainerToken$Stub$Proxy@3e25937} m=TO_FRONT f=NONE p=WCT{android.window.IWindowContainerToken$Stub$Proxy@618eea4} pTaskId=-1 leash=Surface(name=Task=863)/@0xb63cd6a sb=Rect(0, 0 - 1080, 2640) eb=Rect(0, 0 - 1080, 2640) d=0 taskParent=-1},{WCT{android.window.IWindowContainerToken$Stub$Proxy@82bc40d} m=TO_FRONT f=NONE leash=Surface(name=DefaultTaskDisplayArea)/@0xc10f25b sb=Rect(0, 0 - 1080, 2640) eb=Rect(0, 0 - 1080, 2640) d=0},{WCT{android.window.IWindowContainerToken$Stub$Proxy@f6c9fc2} m=CHANGE f=IS_DISPLAY leash=Surface(name=WindowedMagnification:0:31)/@0xa711af8 sb=Rect(0, 0 - 368, 194) eb=Rect(0, 0 - 368, 194) d=1 r=1->3:-1}]}
03-09 23:47:04.404  5625  5669 V WindowManagerShell: Playing animation for (#1677) android.os.BinderProxy@6fdd450@0
03-09 23:47:04.404  5625  5669 V WindowManagerShell:  try handler com.android.wm.shell.transition.DefaultMixedHandler@3a635b8
03-09 23:47:04.404  5625  5669 V WindowManagerShell:  try handler com.android.wm.shell.keyguard.KeyguardTransitionHandler@6731f91
03-09 23:47:04.405  5625  5669 V WindowManagerShell: start keyguard going-away transition, info = {id=1677 t=WAKE f=0x500 trk=0 r=[0@Point(0, 0),1@Point(0, 0)] c=[{WCT{android.window.IWindowContainerToken$Stub$Proxy@3e25937} m=TO_FRONT f=NONE p=WCT{android.window.IWindowContainerToken$Stub$Proxy@618eea4} pTaskId=-1 leash=Surface(name=Task=863)/@0xb63cd6a sb=Rect(0, 0 - 1080, 2640) eb=Rect(0, 0 - 1080, 2640) d=0 taskParent=-1},{WCT{android.window.IWindowContainerToken$Stub$Proxy@82bc40d} m=TO_FRONT f=NONE leash=Surface(name=DefaultTaskDisplayArea)/@0xc10f25b sb=Rect(0, 0 - 1080, 2640) eb=Rect(0, 0 - 1080, 2640) d=0},{WCT{android.window.IWindowContainerToken$Stub$Proxy@f6c9fc2} m=CHANGE f=IS_DISPLAY leash=Surface(name=WindowedMagnification:0:31)/@0xa711af8 sb=Rect(0, 0 - 368, 194) eb=Rect(0, 0 - 368, 194) d=1 r=1->3:-1}]}
03-09 23:47:04.405  5625  5669 D KeyguardService: Starts IRemoteAnimationRunner: info={id=1677 t=WAKE f=0x500 trk=0 r=[0@Point(0, 0),1@Point(0, 0)] c=[{WCT{android.window.IWindowContainerToken$Stub$Proxy@3e25937} m=TO_FRONT f=NONE p=WCT{android.window.IWindowContainerToken$Stub$Proxy@618eea4} pTaskId=-1 leash=Surface(name=Task=863)/@0xb63cd6a sb=Rect(0, 0 - 1080, 2640) eb=Rect(0, 0 - 1080, 2640) d=0 taskParent=-1},{WCT{android.window.IWindowContainerToken$Stub$Proxy@82bc40d} m=TO_FRONT f=NONE leash=Surface(name=DefaultTaskDisplayArea)/@0xc10f25b sb=Rect(0, 0 - 1080, 2640) eb=Rect(0, 0 - 1080, 2640) d=0},{WCT{android.window.IWindowContainerToken$Stub$Proxy@f6c9fc2} m=CHANGE f=IS_DISPLAY leash=Surface(name=WindowedMagnification:0:31)/@0xa711af8 sb=Rect(0, 0 - 368, 194) eb=Rect(0, 0 - 368, 194) d=1 r=1->3:-1}]}
03-09 23:47:04.406  3163  3227 V WindowManager:     info={id=1677 t=WAKE f=0x500 trk=0 r=[0@Point(0, 0),1@Point(0, 0)] c=[
03-09 23:47:04.406  3163  3227 V WindowManager:         {WCT{RemoteToken{55aaa1e Task{4e59f79 #863 type=standard A=10628:com.dutchbros.loyalty}}} m=TO_FRONT f=NONE p=WCT{RemoteToken{c670090 DefaultTaskDisplayArea@237120851(displayId=0)}} pTaskId=-1 leash=Surface(name=Task=863)/@0x7b742a0 sb=Rect(0, 0 - 1080, 2640) eb=Rect(0, 0 - 1080, 2640) d=0 taskParent=-1},
03-09 23:47:04.406  3163  3227 V WindowManager:         {WCT{RemoteToken{c670090 DefaultTaskDisplayArea@237120851(displayId=0)}} m=TO_FRONT f=NONE leash=Surface(name=DefaultTaskDisplayArea)/@0xc3cff23 sb=Rect(0, 0 - 1080, 2640) eb=Rect(0, 0 - 1080, 2640) d=0},
03-09 23:47:04.406  3163  3227 V WindowManager:         {WCT{RemoteToken{fd63f36 Display{#1 state=OFF size=368x194 ROTATION_270}}} m=CHANGE f=IS_DISPLAY leash=Surface(name=WindowedMagnification:0:31)/@0x9c54d8f sb=Rect(0, 0 - 368, 194) eb=Rect(0, 0 - 368, 194) d=1 r=1->3:-1}
03-09 23:47:04.406  3163  3227 V WindowManager:     ]}
03-09 23:47:04.407  5625  5669 D KeyguardViewMediator: Exit Animation Start: 
03-09 23:47:04.407  5625  5669 V WindowManagerShell:  animated by com.android.wm.shell.keyguard.KeyguardTransitionHandler@6731f91
03-09 23:47:04.408  3163  7023 W UserManagerService: Requested status bar icon for non-badged user 0
03-09 23:47:04.408 22405 22713 W libc    : Access denied finding property "vendor.display.enable_optimal_refresh_rate"
03-09 23:47:04.408 22405 22713 W libc    : Access denied finding property "vendor.gpp.create_frc_extension"
03-09 23:47:04.406 22405 22405 W GL-Map  : type=1400 audit(0.0:509490): avc:  denied  { read } for  name="u:object_r:vendor_display_prop:s0" dev="tmpfs" ino=519 scontext=u:r:untrusted_app:s0:c116,c258,c512,c768 tcontext=u:object_r:vendor_display_prop:s0 tclass=file permissive=0 app=com.dutchbros.loyalty
03-09 23:47:04.412  5625  5625 I FalsingManager: {belief=0.016631667847168276 confidence=0.575005}
03-09 23:47:04.412  5625  5625 D KeyguardViewMediator: handleStartKeyguardExitAnimation startTime=0 fadeoutDuration=0
03-09 23:47:04.414  5625  5625 D KeyguardUnlock: playCannedUnlockAnimation
03-09 23:47:04.414  5625  5625 D KeyguardUnlock: playCannedUnlockAnimation, surfaceBehindEntryAnimator#start
03-09 23:47:04.416  3163  5168 D ConnectivityService: NetReassign [no changes] [c 1] [a 0] [i 8]
03-09 23:47:04.425  5625  5625 D KeyguardViewMediator: KeyguardViewMediator queue processing message: START_KEYGUARD_EXIT_ANIM
03-09 23:47:04.427  5625  5625 D SCliNotificationListener: onNotificationListUpdate: [com.android.systemui.statusbar.notification.collection.NotificationEntry@790fd94]
03-09 23:47:04.436 22405 22405 W libc    : Access denied finding property "vendor.display.enable_optimal_refresh_rate"
03-09 23:47:04.436 22405 22405 W libc    : Access denied finding property "vendor.gpp.create_frc_extension"
03-09 23:47:04.434 22405 22405 W tchbros.loyalty: type=1400 audit(0.0:509491): avc:  denied  { read } for  name="u:object_r:vendor_display_prop:s0" dev="tmpfs" ino=519 scontext=u:r:untrusted_app:s0:c116,c258,c512,c768 tcontext=u:object_r:vendor_display_prop:s0 tclass=file permissive=0 app=com.dutchbros.loyalty
03-09 23:47:04.442 22405 22405 W libc    : Access denied finding property "vendor.display.enable_optimal_refresh_rate"
03-09 23:47:04.443 22405 22405 W libc    : Access denied finding property "vendor.gpp.create_frc_extension"
