03-11 11:12:08.256  2064  2064 I sensors-hal: batch:215, android.sensor.orientation/31, period=66667000, max_latency=0 request completed
03-11 11:12:08.257  2064  2064 I sensors-hal: activate:173, android.sensor.orientation/31 en=1
03-11 11:12:08.257  2064  2064 I sensors-hal: get_qmi_debug_flag:239, support_qmi_debug : false
03-11 11:12:08.260  2061  2108 E minksocket: MinkIPC_QRTR_Service: client with node 1 port 6946 went down
03-11 11:12:08.261  2061  2108 E minksocket: MinkIPC_QRTR_Service: client with node 1 port 6947 went down
03-11 11:12:08.263  2061  2108 E minksocket: MinkIPC_QRTR_Service: client with node 1 port 6948 went down
03-11 11:12:08.264  2064  2064 E Diag_Lib: diag: Diag_LSM_Init: invoked for pid: 2064 with init_count: 0
03-11 11:12:08.264  2064  2064 E Diag_Lib: diag:failed to connect to diag socket
03-11 11:12:08.265  2064  2064 E Diag_Lib:  Diag_LSM_Init: Failed to open handle to diag driver, error = 13
03-11 11:12:08.265  2064  2064 I sensors-hal: send_sync_sensor_request:341, send sync request
03-11 11:12:08.265  2064  2064 I sensors-hal: send_sync_sensor_request:367, wait for notification of response
03-11 11:12:08.265  2061  2108 E minksocket: MinkIPC_QRTR_Service: client with node 1 port 6949 went down
03-11 11:12:08.267  2064 25999 I sensors-hal: ssc_conn_resp_cb:632, resp_value = 0
03-11 11:12:08.267  2064  2064 I sensors-hal: send_sync_sensor_request:373, takes 1 ms to receive the response with 0
03-11 11:12:08.267  2064  2064 I sensors-hal: activate:184, android.sensor.orientation/31 en=1 completed
03-11 11:12:08.267  5625  5625 W WindowOnBackDispatcher: sendCancelIfRunning: isInProgress=false callback=com.android.systemui.back.domain.interactor.BackActionInteractor$callback$2@ea6953b
03-11 11:12:08.268  2064  2064 I sensors-hal: flush:235, android.sensor.accelerometer/11
03-11 11:12:08.268  2064  2064 I sensors-hal: send_sync_sensor_request:341, send sync request
03-11 11:12:08.268  2064  2064 I sensors-hal: send_sync_sensor_request:367, wait for notification of response
03-11 11:12:08.268  3163  6987 D CoreBackPreview: Window{e1d6d9e u0 NotificationShade}: Setting back callback null
03-11 11:12:08.269  2064  5194 I sensors-hal: ssc_conn_resp_cb:632, resp_value = 0
03-11 11:12:08.269  2064  2064 I sensors-hal: send_sync_sensor_request:373, takes 0 ms to receive the response with 0
03-11 11:12:08.269  2064  2064 I sensors-hal: flush:241, android.sensor.accelerometer/11 completed
03-11 11:12:08.270  2064  2064 I sensors-hal: batch:206, android.sensor.game_rotation_vector/151, period=100000000, max_latency=0
03-11 11:12:08.270  2064  2064 I sensors-hal: set_config:57, sample_period_ns is adjusted to 100000000 based on min/max delay_ns
03-11 11:12:08.270  2064  2064 I sensors-hal: batch:215, android.sensor.game_rotation_vector/151, period=100000000, max_latency=0 request completed
03-11 11:12:08.270  2064  2064 I sensors-hal: activate:173, android.sensor.game_rotation_vector/151 en=1
03-11 11:12:08.270  2064  2064 I sensors-hal: get_qmi_debug_flag:239, support_qmi_debug : false
03-11 11:12:08.272  2061  2108 E minksocket: MinkIPC_QRTR_Service: client with node 1 port 694b went down
03-11 11:12:08.273  3163  5216 I WifiService: startScan uid=10098
03-11 11:12:08.273  3163  5216 W WifiService: Permission violation - startScan not allowed for uid=10098, packageName=com.autonavi.minimap, reason=java.lang.SecurityException: UID 10098 has no location permission
03-11 11:12:08.273  3163  5235 E MotoSxfService: ModeUsage or ActivityState is null.
03-11 11:12:08.275  2061  2108 E minksocket: MinkIPC_QRTR_Service: client with node 1 port 694c went down
03-11 11:12:08.280  2061  2108 E minksocket: MinkIPC_QRTR_Service: client with node 1 port 694d went down
03-11 11:12:08.281  3163  7451 W UserManagerService: Requested status bar icon for non-badged user 0
03-11 11:12:08.282  2064  2064 E Diag_Lib: diag: Diag_LSM_Init: invoked for pid: 2064 with init_count: 0
03-11 11:12:08.282  2064  2064 E Diag_Lib: diag:failed to connect to diag socket
03-11 11:12:08.282  2064  2064 E Diag_Lib:  Diag_LSM_Init: Failed to open handle to diag driver, error = 13
03-11 11:12:08.282  2064  2064 I sensors-hal: send_sync_sensor_request:341, send sync request
03-11 11:12:08.282  2064  2064 I sensors-hal: send_sync_sensor_request:367, wait for notification of response
03-11 11:12:08.284  2061  2108 E minksocket: MinkIPC_QRTR_Service: client with node 1 port 694e went down
03-11 11:12:08.287  2064 26001 I sensors-hal: ssc_conn_resp_cb:632, resp_value = 0
03-11 11:12:08.287  2064  2064 I sensors-hal: send_sync_sensor_request:373, takes 4 ms to receive the response with 0
03-11 11:12:08.287  2064  2064 I sensors-hal: activate:184, android.sensor.game_rotation_vector/151 en=1 completed
03-11 11:12:08.289  2064  2064 I sensors-hal: batch:206, android.sensor.gyroscope_uncalibrated/161, period=20000000, max_latency=0
03-11 11:12:08.289  2064  2064 I sensors-hal: set_config:57, sample_period_ns is adjusted to 20000000 based on min/max delay_ns
03-11 11:12:08.289  2064  2064 I sensors-hal: batch:215, android.sensor.gyroscope_uncalibrated/161, period=20000000, max_latency=0 request completed
03-11 11:12:08.292  2064  2064 I sensors-hal: activate:173, android.sensor.gyroscope_uncalibrated/161 en=1
03-11 11:12:08.292  2064  2064 I sensors-hal: get_qmi_debug_flag:239, support_qmi_debug : false
03-11 11:12:08.293  2061  2108 E minksocket: MinkIPC_QRTR_Service: client with node 1 port 6950 went down
03-11 11:12:08.293  2061  2108 E minksocket: MinkIPC_QRTR_Service: client with node 1 port 6951 went down
03-11 11:12:08.294  2061  2108 E minksocket: MinkIPC_QRTR_Service: client with node 1 port 6952 went down
03-11 11:12:08.296  2061  2108 E minksocket: MinkIPC_QRTR_Service: client with node 1 port 6953 went down
03-11 11:12:08.296  2064  2064 E Diag_Lib: diag: Diag_LSM_Init: invoked for pid: 2064 with init_count: 0
03-11 11:12:08.296  2064  2064 E Diag_Lib: diag:failed to connect to diag socket
03-11 11:12:08.296  2064  2064 E Diag_Lib:  Diag_LSM_Init: Failed to open handle to diag driver, error = 13
03-11 11:12:08.298  2064  2064 I sensors-hal: set_config:57, sample_period_ns is adjusted to 1000000000 based on min/max delay_ns
03-11 11:12:08.299  2064  2064 I sensors-hal: get_qmi_debug_flag:239, support_qmi_debug : false
03-11 11:12:08.300  2061  2108 E minksocket: MinkIPC_QRTR_Service: client with node 1 port 6955 went down
03-11 11:12:08.300  2061  2108 E minksocket: MinkIPC_QRTR_Service: client with node 1 port 6956 went down
03-11 11:12:08.300  2064 26003 I sensors-hal: handle_indication_realtime:467,  SCHED_FIFO(10) for qmi_cbk
03-11 11:12:08.301  2061  2108 E minksocket: MinkIPC_QRTR_Service: client with node 1 port 6957 went down
03-11 11:12:08.302  2064  2064 E Diag_Lib: diag: Diag_LSM_Init: invoked for pid: 2064 with init_count: 0
03-11 11:12:08.302  2064  2064 E Diag_Lib: diag:failed to connect to diag socket
03-11 11:12:08.302  2064  2064 E Diag_Lib:  Diag_LSM_Init: Failed to open handle to diag driver, error = 13
03-11 11:12:08.302  2061  2108 E minksocket: MinkIPC_QRTR_Service: client with node 1 port 6958 went down
03-11 11:12:08.302  2064  2064 I sensors-hal: send_sync_sensor_request:341, send sync request
03-11 11:12:08.302  2064  2064 I sensors-hal: send_sync_sensor_request:367, wait for notification of response
03-11 11:12:08.304 24728 24728 W libc    : Access denied finding property "vendor.display.enable_optimal_refresh_rate"
03-11 11:12:08.304 24728 24728 W libc    : Access denied finding property "vendor.gpp.create_frc_extension"
03-11 11:12:08.301 24728 24728 W utonavi.minimap: type=1400 audit(0.0:1559644): avc:  denied  { read } for  name="u:object_r:vendor_display_prop:s0" dev="tmpfs" ino=519 scontext=u:r:untrusted_app:s0:c98,c256,c512,c768 tcontext=u:object_r:vendor_display_prop:s0 tclass=file permissive=0 app=com.autonavi.minimap
03-11 11:12:08.304  2064 26007 I sensors-hal: ssc_conn_resp_cb:632, resp_value = 0
03-11 11:12:08.304  2064  2064 I sensors-hal: send_sync_sensor_request:373, takes 2 ms to receive the response with 0
03-11 11:12:08.305  2064  2064 I sensors-hal: get_qmi_debug_flag:239, support_qmi_debug : false
03-11 11:12:08.305  2064 26007 I sensors-hal: handle_indication_realtime:467,  SCHED_FIFO(10) for qmi_cbk
03-11 11:12:08.305  2061  2108 E minksocket: MinkIPC_QRTR_Service: client with node 1 port 695a went down
03-11 11:12:08.306  2061  2108 E minksocket: MinkIPC_QRTR_Service: client with node 1 port 695b went down
03-11 11:12:08.301 24728 24728 W utonavi.minimap: type=1400 audit(0.0:1559645): avc:  denied  { read } for  name="u:object_r:vendor_display_prop:s0" dev="tmpfs" ino=519 scontext=u:r:untrusted_app:s0:c98,c256,c512,c768 tcontext=u:object_r:vendor_display_prop:s0 tclass=file permissive=0 app=com.autonavi.minimap
03-11 11:12:08.306  2064  2064 E Diag_Lib: diag: Diag_LSM_Init: invoked for pid: 2064 with init_count: 0
03-11 11:12:08.307 24728 24728 W libc    : Access denied finding property "vendor.display.enable_optimal_refresh_rate"
03-11 11:12:08.307  2064  2064 E Diag_Lib: diag:failed to connect to diag socket
03-11 11:12:08.307 24728 24728 W libc    : Access denied finding property "vendor.gpp.create_frc_extension"
03-11 11:12:08.307  2064  2064 E Diag_Lib:  Diag_LSM_Init: Failed to open handle to diag driver, error = 13
03-11 11:12:08.307  2061  2108 E minksocket: MinkIPC_QRTR_Service: client with node 1 port 695c went down
03-11 11:12:08.307  2064  2064 I sensors-hal: send_sensor_config_request:395, resampler is used, set resampler config
03-11 11:12:08.307  2064  2064 I sensors-hal: send_sync_sensor_request:341, send sync request
03-11 11:12:08.307  2061  2108 E minksocket: MinkIPC_QRTR_Service: client with node 1 port 695d went down
03-11 11:12:08.307  2064  2064 I sensors-hal: send_sync_sensor_request:367, wait for notification of response
03-11 11:12:08.309  2064 26009 I sensors-hal: ssc_conn_resp_cb:632, resp_value = 0
03-11 11:12:08.309  2064  2064 I sensors-hal: send_sync_sensor_request:373, takes 1 ms to receive the response with 0
03-11 11:12:08.309  2064  2064 I sensors-hal: activate:184, android.sensor.gyroscope_uncalibrated/161 en=1 completed
03-11 11:12:08.310  2064 26009 I sensors-hal: handle_indication_realtime:467,  SCHED_FIFO(10) for qmi_cbk
03-11 11:12:08.310  2064  2064 I sensors-hal: batch:206, android.sensor.magnetic_field_uncalibrated/141, period=20000000, max_latency=0
03-11 11:12:08.310  2064  2064 I sensors-hal: set_config:57, sample_period_ns is adjusted to 20000000 based on min/max delay_ns
03-11 11:12:08.310  2064  2064 I sensors-hal: batch:215, android.sensor.magnetic_field_uncalibrated/141, period=20000000, max_latency=0 request completed
03-11 11:12:08.310  2064  2064 I sensors-hal: activate:173, android.sensor.magnetic_field_uncalibrated/141 en=1
03-11 11:12:08.310  2064  2064 I sensors-hal: get_qmi_debug_flag:239, support_qmi_debug : false
03-11 11:12:08.311  2061  2108 E minksocket: MinkIPC_QRTR_Service: client with node 1 port 695f went down
03-11 11:12:08.312  2061  2108 E minksocket: MinkIPC_QRTR_Service: client with node 1 port 6960 went down
03-11 11:12:08.313  2061  2108 E minksocket: MinkIPC_QRTR_Service: client with node 1 port 6961 went down
03-11 11:12:08.314  2064  2064 E Diag_Lib: diag: Diag_LSM_Init: invoked for pid: 2064 with init_count: 0
03-11 11:12:08.314  2064  2064 E Diag_Lib: diag:failed to connect to diag socket
03-11 11:12:08.314  2064  2064 E Diag_Lib:  Diag_LSM_Init: Failed to open handle to diag driver, error = 13
03-11 11:12:08.316  2061  2108 E minksocket: MinkIPC_QRTR_Service: client with node 1 port 6962 went down
03-11 11:12:08.317  2064 26011 I sensors-hal: handle_indication_realtime:467,  SCHED_FIFO(10) for qmi_cbk
03-11 11:12:08.317  2064  2064 I sensors-hal: get_qmi_debug_flag:239, support_qmi_debug : false
03-11 11:12:08.318  2061  2108 E minksocket: MinkIPC_QRTR_Service: client with node 1 port 6964 went down
03-11 11:12:08.318  2061  2108 E minksocket: MinkIPC_QRTR_Service: client with node 1 port 6965 went down
03-11 11:12:08.322  2064  2064 E Diag_Lib: diag: Diag_LSM_Init: invoked for pid: 2064 with init_count: 0
03-11 11:12:08.322  2061  2108 E minksocket: MinkIPC_QRTR_Service: client with node 1 port 6966 went down
03-11 11:12:08.322  2061  2108 E minksocket: MinkIPC_QRTR_Service: client with node 1 port 6967 went down
03-11 11:12:08.322  2064  2064 E Diag_Lib: diag:failed to connect to diag socket
03-11 11:12:08.322  2064  2064 E Diag_Lib:  Diag_LSM_Init: Failed to open handle to diag driver, error = 13
03-11 11:12:08.323  2064  2064 I sensors-hal: send_sensor_config_request:395, resampler is used, set resampler config
03-11 11:12:08.323  2064  2064 I sensors-hal: send_sync_sensor_request:341, send sync request
03-11 11:12:08.323  2064  2064 I sensors-hal: send_sync_sensor_request:367, wait for notification of response
03-11 11:12:08.325  2064 26014 I sensors-hal: ssc_conn_resp_cb:632, resp_value = 0
03-11 11:12:08.325  2064  2064 I sensors-hal: send_sync_sensor_request:373, takes 2 ms to receive the response with 0
03-11 11:12:08.325  2064  2064 I sensors-hal: activate:294, mag_filter is enabled
03-11 11:12:08.325  2064  2064 I sensors-hal: activate:184, android.sensor.magnetic_field_uncalibrated/141 en=1 completed
03-11 11:12:08.325  2064 26014 I sensors-hal: handle_indication_realtime:467,  SCHED_FIFO(10) for qmi_cbk
03-11 11:12:08.365  2078  2078 I QTI PowerHAL: Power setMode: 6 to: 1
03-11 11:12:08.367  2078  2078 E QTI PowerHAL: Failed to acquire lock for hint_id: 10A5.
03-11 11:12:08.392  2064 25999 I sensors-hal: handle_indication_realtime:467,  SCHED_FIFO(10) for qmi_cbk
03-11 11:12:08.396  3163  3249 W MotoBatteryCareService: uid: 10098 pkgName:com.autonavi.minimap come to foreground
03-11 11:12:08.405 24728 25116 E _nativeStartService: environment 
03-11 11:12:08.411  2064 26001 I sensors-hal: handle_indication_realtime:467,  SCHED_FIFO(10) for qmi_cbk
03-11 11:12:08.414  5625  5922 D Surface : Surface::disconnect
03-11 11:12:08.415  5625  5922 D BufferQueueProducer: [Splash Screen com.autonavi.minimap#92388(BLAST Consumer)pid:5625](id:15f900000fd9,api:1,p:5625,c:5625) disconnect: api 1
03-11 11:12:08.422  5625  5806 W WindowOnBackDispatcher: sendCancelIfRunning: isInProgress=false callback=android.view.ViewRootImpl$$ExternalSyntheticLambda11@af4eac7
03-11 11:12:08.422  3163  5843 D CoreBackPreview: Window{b03ae4 u0 Splash Screen com.autonavi.minimap EXITING}: Setting back callback null
03-11 11:12:08.424 24728 24830 E _nativeStartService: environment 
03-11 11:12:08.425  3163  5216 W InputManager-JNI: Input channel object 'b03ae4 Splash Screen com.autonavi.minimap (client)' was disposed without first being removed with the input manager!
03-11 11:12:08.431  3163  3233 W BoostOptController: not supported hint: 118
03-11 11:12:08.520  5625  5625 D KeyguardUnlock: surfaceBehindEntryAnimator#onAnimationEnd
03-11 11:12:08.520  5625  5625 D KeyguardViewMediator: exitKeyguardAndFinishSurfaceBehindRemoteAnimation
03-11 11:12:08.533  3163  3231 D CLI/Keyguard: [onKeyguardLockedStateChanged] isKeyguardLocked=false
03-11 11:12:08.533  5625  5625 I KeyguardViewMediator: Send broadcast: com.motorola.KEYGUARD_UNLOCKED_SUCCESS mUnlockType=0
03-11 11:12:08.534  5625  5625 D KeyguardViewMediator: onKeyguardExitRemoteAnimationFinished#hideKeyguardViewAfterRemoteAnimation
03-11 11:12:08.534  6942  6942 D NfcService: MSG_APPLY_SCREEN_STATE 8
03-11 11:12:08.535  5625  5944 E FromLockscreenTransitionInteractor: Ignoring startTransition: This interactor asked to transition from LOCKSCREEN -> GONE, but we last transitioned to GONE, not LOCKSCREEN. This should never happen - check currentTransitionInfoInternal or use filterRelevantKeyguardState before starting transitions.
03-11 11:12:08.535  5625  5944 E FromLockscreenTransitionInteractor: This transition would not have been ignored prior to ag/26681239, since we are FINISHED in LOCKSCREEN (but have since started another transition). If ignoring this transition has caused a regression, fix it by ensuring that transitions are exclusively started from the most recently started state.
03-11 11:12:08.536  3163  3163 D TrustManagerService: refreshDeviceLockedForUser(userId=0, unlockedUser=-10000), secure=false, showingKeyguard=false, trusted=false, biometricAuthenticated=false, currentUserIsUnlocked=false, deviceLocked=false
03-11 11:12:08.536  5625  5962 D KeyguardViewMediator: updateActivityLockScreenState(false, false)
03-11 11:12:08.537  2064  2064 I sensors-hal: batch:206, com.motorola.sensor.stowed/65568, period=200000000, max_latency=0
03-11 11:12:08.537  2064  2064 I sensors-hal: set_config:61, no need to adjust sample_period_ns due to reporting_mode = 2
03-11 11:12:08.537  2064  2064 I sensors-hal: batch:215, com.motorola.sensor.stowed/65568, period=200000000, max_latency=0 request completed
03-11 11:12:08.538  6942  6942 D NfcService: applyRouting enter
03-11 11:12:08.538  3163  3231 D PanelsService: onKeyguardStateChanged.. isShowing=false
03-11 11:12:08.538  3163  3231 D TouchHwAidlService: onKeyguardStateChanged.. isShowing=false
03-11 11:12:08.538  6942  6942 D NfcService: Discovery configuration equal, not updating.
03-11 11:12:08.539  6942  6942 D libnfc_nci: nfcManager_doSetScreenState: state = 8 prevScreenState= 4, discovry_param = 1
03-11 11:12:08.539  3163  3231 W ServiceManagerCppClient: Failed to get isDeclared for com.motorola.hardware.display.panel.IDisplayPanel/default: Status(-1, EX_SECURITY): 'SELinux denied.'
03-11 11:12:08.539  3163  3231 D DisplayPanelService: Setting panel dc mode: 0
03-11 11:12:08.539  2090  2090 I DisplayPanel: setDcMode: DC mode = OFF
03-11 11:12:08.539  2090  2090 D DisplayPanel: setParam: Success set DC to 0 for Primary display
03-11 11:12:08.539  2078  2078 I QTI PowerHAL: Power setMode: 6 to: 0
03-11 11:12:08.540  2582  8068 D NxpTml  : PN54X - Write requested.....
03-11 11:12:08.540  2582  8068 D NxpTml  : PN54X - Invoking I2C Write.....
03-11 11:12:08.541  3163  6987 W PackageManager: Missing required system package: com.zhiliaoapp.musically, but found with extended search.
03-11 11:12:08.541  3163  6987 W PackageManager: Missing required system package: com.truefinance, but found with extended search.
03-11 11:12:08.541  3163  6987 W PackageManager: Missing required system package: com.instagram.android, but found with extended search.
03-11 11:12:08.541  3163  6987 W PackageManager: Missing required system package: com.alibaba.aliexpresshd, but found with extended search.
03-11 11:12:08.541  3163  6987 W PackageManager: Missing required system package: com.alibaba.aliexpresshd, but found with extended search.
03-11 11:12:08.541  3163  6987 W PackageManager: Missing required system package: ctrip.english, but found with extended search.
03-11 11:12:08.544  2582  8068 D NxpTml  : Write errno : 6b
03-11 11:12:08.544  2582  8068 D NxpTml  : PN54X - Error in I2C Write.....
03-11 11:12:08.544  2582  8068 D NxpTml  : PN54X - Posting Fresh Write message.....
03-11 11:12:08.544  2582  8068 D NxpTml  : PN54X - Tml Writer Thread Running................
03-11 11:12:08.544  2582  8070 D NxpHal  : write error status = 0x1ff
03-11 11:12:08.544  2582  2582 D NxpHal  : write_unlocked failed - PN54X Maybe in Standby Mode - Retry
03-11 11:12:08.545  5625  5625 D CentralSurfaces: !shouldBeKeyguard mStatusBarStateController.isKeyguardRequested() false keyguardForDozing false wakeAndUnlocking false isWakingAndOccluded false
03-11 11:12:08.545  5625  5625 D CentralSurfaces: hideKeyguardImpl false
03-11 11:12:08.545  5625  5625 D SbStateController: setState: requested state SHADE!= upcomingState: KEYGUARD. This usually means the status bar state transition was interrupted before the upcoming state could be applied.
03-11 11:12:08.547 11449 11449 I OverviewComponentObserver: updateOverviewTargets: mIsHomeDisabled=false, isDefaultHomeNull=false, mIsDefaultHome=true
03-11 11:12:08.549  2064  4171 D slpi    : tmd2712: Als lux: 99.60, ch0: 3081, ch1: 1130, scale: 1.08, atime:50.04, again:1024
03-11 11:12:08.550  3163  6987 W UserManagerService: Requested status bar icon for non-badged user 0
03-11 11:12:08.552  3706  3714 I android.hardware.thermal@2.0-service.qti-v2: Sensor Name:skin1 temp: 35.048. prev severity:3. cur severity:0 New severity:0
03-11 11:12:08.555  2582  8068 D NxpTml  : PN54X - Write requested.....
03-11 11:12:08.555  2582  8068 D NxpTml  : PN54X - Invoking I2C Write.....
03-11 11:12:08.556  2582  8068 I NxpNciX : len =   4 > 20090100
03-11 11:12:08.556  2582  8068 D NxpTml  : PN54X - I2C Write successful.....
03-11 11:12:08.556  2582  8068 D NxpTml  : PN54X - Posting Fresh Write message.....
03-11 11:12:08.556  2582  8068 D NxpTml  : PN54X - Tml Writer Thread Running................
03-11 11:12:08.556  2582  8070 D NxpHal  : write successful status = 0x0
03-11 11:12:08.558  2582  8059 D NxpTml  : PN54X - I2C Read successful.....
03-11 11:12:08.558  2582  8059 I NxpNciR : len =   4 > 40090100
03-11 11:12:08.558  2582  8059 D NxpTml  : PN54X - Posting read message.....
03-11 11:12:08.558  2582  8070 D NxpHal  : read successful status = 0x0
03-11 11:12:08.561  7540 15541 I BatteryCare: [SmartBackground] [DGMC::AccelerateSmartCleanReceiver] action received: android.intent.action.USER_PRESENT
03-11 11:12:08.561  7540 15541 I BatteryCare: [SmartBackground] [DGMC::AccelerateSmartCleanReceiver] user present
03-11 11:12:08.561  6942  8007 D libnfc_nci: nfaDeviceManagementCallback: enter; event=0xB
03-11 11:12:08.561  6942  8007 D libnfc_nci: nfaDeviceManagementCallback: NFA_DM_SET_POWER_SUB_STATE_EVT; status=0x0
03-11 11:12:08.561  7540 15541 W BatteryCare: [SmartBackground] [DGMC::AccelerateSmartCleanReceiver] Enter disableMidNightByScreen, isEnableBySleepMode = false
03-11 11:12:08.561  7540 15541 I BatteryCare: [SmartBackground] [DGMC::AccelerateSmartCleanReceiver] disableMidNightByScreen isSleepMode or isEnableBySleepMode return
03-11 11:12:08.562  2582  8068 D NxpTml  : PN54X - Write requested.....
03-11 11:12:08.562  2582  8068 D NxpTml  : PN54X - Invoking I2C Write.....
03-11 11:12:08.563  2582  8059 D NxpTml  : PN54X - Read requested.....
03-11 11:12:08.563  2582  8068 I NxpNciX : len =   7 > 20020401020101
03-11 11:12:08.563  2582  8059 D NxpTml  : PN54X - Invoking I2C Read.....
03-11 11:12:08.563  2582  8068 D NxpTml  : PN54X - I2C Write successful.....
03-11 11:12:08.563  2582  8068 D NxpTml  : PN54X - Posting Fresh Write message.....
03-11 11:12:08.563  2582  8068 D NxpTml  : PN54X - Tml Writer Thread Running................
03-11 11:12:08.563  2582  8070 D NxpHal  : write successful status = 0x0
03-11 11:12:08.564  2582  8059 D NxpTml  : PN54X - I2C Read successful.....
03-11 11:12:08.564  2582  8059 I NxpNciR : len =   5 > 4002020000
03-11 11:12:08.564  2582  8059 D NxpTml  : PN54X - Posting read message.....
03-11 11:12:08.564  2582  8070 D NxpHal  : read successful status = 0x0
03-11 11:12:08.564  2582  8070 D NxpHal  : phNxpNciHal_print_res_status: response status =STATUS_OK
03-11 11:12:08.565  6942  8007 D libnfc_nci: nfaDeviceManagementCallback: enter; event=0x2
03-11 11:12:08.565  6942  8007 D libnfc_nci: nfaDeviceManagementCallback: NFA_DM_SET_CONFIG_EVT
03-11 11:12:08.565  2582  8059 D NxpTml  : PN54X - Read requested.....
03-11 11:12:08.565  2582  8059 D NxpTml  : PN54X - Invoking I2C Read.....
03-11 11:12:08.567  5625  5625 D KeyguardService: Finish IRemoteAnimationRunner.
03-11 11:12:08.568  5625  5669 V WindowManagerShell: Transition animation finished (aborted=false), notifying core (#7760) android.os.BinderProxy@c102165@0
03-11 11:12:08.568  5625  5625 D SCliNotificationListener: onNotificationListUpdate: [com.android.systemui.statusbar.notification.collection.GroupEntry@8a4448f, com.android.systemui.statusbar.notification.collection.NotificationEntry@7423045, com.android.systemui.statusbar.notification.collection.NotificationEntry@3d737db]
03-11 11:12:08.572  3163  3227 V WindowManager: Finish Transition (#7760): created at 03-11 11:12:08.165 collect-started=0.02ms request-sent=0.2ms started=6.996ms ready=6.986ms sent=60.868ms finished=406.684ms
03-11 11:12:08.573  3163  3352 I DisplayPowerController2[0]: 03-11 11:12:08.572 - BrightnessEvent: disp=0, physDisp=local:4630947043778501762, displayState=ON, displayPolicy=BRIGHT, brt=0.39291894, initBrt=0.37369847, rcmdBrt=0.39291894, preBrt=0.37369847, lux=65.89521, preLux=43.2, brtNits=99.8638, hdrNits=NaN, initNits=90.55131, preNits=90.55131, rcmdNits=99.8638, hdrBrightness=NaN, brt(%)=46%, brtInt=101, hbmPolicy=normal, hbmMax=0.85440856, hbmMode=off, rbcStrength=50, thrmMax=1.0, powerFactor=1.0, wasShortTermModelActive=false, flags=, reason=automatic, autoBrightness=true, strategy=InvalidBrightnessStrategy, autoBrightnessMode=default
03-11 11:12:08.573  2300  2639 I SurfaceFlinger: mBrightnessDiming=1, isCli=0, mBrightnessDimingCnt=0
03-11 11:12:08.575  3163  5843 W PackageManager: Missing required system package: com.whatsapp, but found with extended search.
03-11 11:12:08.575  5625  9199 D KeyguardService: setOccluded(false)
03-11 11:12:08.575  5625  9199 D KeyguardViewMediator: setOccluded(false)
03-11 11:12:08.575  5625  5669 V WindowManagerShell: Track 0 became idle
03-11 11:12:08.575  5625  5669 V WindowManagerShell: All active transition animations finished
03-11 11:12:08.576  3163  3163 I BrightnessSynchronizer: New Update: {[11216] 0.39291894(f), mUpdatedTypes=1, mConfirmedTypes=0, mTimeUpdated=0, mState=2}
03-11 11:12:08.576  3163  3163 I BrightnessSynchronizer: [11216] New Update 0.39291894(f) set brightness values:  101(i)
03-11 11:12:08.578  3163  3163 I BrightnessSynchronizer: Swallowing update of 101(i) by update: {[11216] 0.39291894(f), mUpdatedTypes=1, mConfirmedTypes=1, mTimeUpdated=99245269, mState=2}
03-11 11:12:08.578  3163  3163 I BrightnessSynchronizer: Completed Update: {[11216] 0.39291894(f), mUpdatedTypes=1, mConfirmedTypes=1, mTimeUpdated=99245269, mState=3}
03-11 11:12:08.582  3163  7451 W PackageManager: Missing required system package: com.facebook.katana, but found with extended search.
03-11 11:12:08.585 24728 25070 E XcdnEngine-N: xcdn_task[110]===write chunk_index 0, from 2 result 179200 crc 34 ip: 

03-11 11:12:08.589  3163  3163 I BrightnessSynchronizer: New Update: {[11217] 0.39291894(f), mUpdatedTypes=0, mConfirmedTypes=0, mTimeUpdated=0, mState=2}
03-11 11:12:08.593  3163  7414 W PackageManager: Missing required system package: com.instagram.android, but found with extended search.
03-11 11:12:08.602  3163  6987 W PackageManager: Missing required system package: com.instagram.barcelona, but found with extended search.
03-11 11:12:08.604  3163  3231 I DisplayDeviceRepository: Display device changed: DisplayDeviceInfo{"Built-in Screen": uniqueId="local:4630947043778501762", 1080 x 2640, modeId 3, renderFrameRate 90.0, defaultModeId 1, userPreferredModeId -1, supportedModes [{id=1, width=1080, height=2640, fps=120.00001, vsync=120.00001, synthetic=false, alternativeRefreshRates=[24.000002, 60.000004], supportedHdrTypes=[2, 3, 4]}, {id=2, width=1080, height=2640, fps=144.00002, vsync=144.00002, synthetic=false, alternativeRefreshRates=[], supportedHdrTypes=[2, 3, 4]}, {id=3, width=1080, height=2640, fps=90.0, vsync=90.0, synthetic=false, alternativeRefreshRates=[], supportedHdrTypes=[2, 3, 4]}, {id=4, width=1080, height=2640, fps=60.000004, vsync=60.000004, synthetic=false, alternativeRefreshRates=[24.000002, 120.00001], supportedHdrTypes=[2, 3, 4]}, {id=5, width=1080, height=2640, fps=30.000002, vsync=30.000002, synthetic=false, alternativeRefreshRates=[], supportedHdrTypes=[2, 3, 4]}, {id=6, width=1080, height=2640, fps=24.000002, vsync=24.000002, synthetic=false, alternativeRefreshRates=[60.000004, 120.00001], supportedHdrTypes=[2, 3, 4]}], supportedReadyForModes [], colorMode 0, supportedColorModes [0, 7, 9], hdrCapabilities HdrCapabilities{mSupportedHdrTypes=[2, 3, 4], mMaxLuminance=420.0, mMaxAverageLuminance=210.1615, mMinLuminance=0.323}, allmSupported false, gameContentTypeSupported false, density 420, 397.565 x 435.428 dpi, appVsyncOff 1000000, presDeadline 17111110, cutout DisplayCutout{insets=Rect(0, 108 - 0, 0) waterfall=Insets{left=0, top=0, right=0, bottom=0} boundingRect={Bounds=[Rect(0, 0 - 0, 0), Rect(495, 0 - 585, 108), Rect(0, 0 - 0, 0), Rect(0, 0 - 0, 0)]} cutoutPathParserInfo={CutoutPathParserInfo{displayWidth=1080 displayHeight=2640 physicalDisplayWidth=1080 physicalDisplayHeight=2640 density={2.625} cutoutSpec={M -45,0 L 45,0 L 45,108 L -45,108 Z} rotation={0} scale={1.0} physicalPixelDisplaySizeRatio={1.0}}} sideOverrides={}}, touch INTERNAL, rotation 0, type INTERNAL, address {port=130, model=0x40446dccee101c}, deviceProductInfo DeviceProductInfo{name=, manufacturerPnpId=QCM, productId=1, modelYear=null, manufactureDate=ManufactureDate{week=27, year=2006}, connectionToSinkType=0}, state ON, committedState ON, frameRateOverride {uid=10254 frameRateHz=90.0} , brightnessMinimum 0.0, brightnessMaximum 1.0, brightnessDefault 0.38188976, hdrSdrRatio 1.0, FLAG_ALLOWED_TO_BE_DEFAULT_DISPLAY, FLAG_ROTATES_WITH_CONTENT, FLAG_SECURE, FLAG_SUPPORTS_PROTECTED_BUFFERS, FLAG_TRUSTED, installOrientation 0, displayShape DisplayShape{ spec=-1962366115 displayWidth=1080 displayHeight=2640 physicalPixelDisplaySizeRatio=1.0 rotation=0 offsetX=0 offsetY=0 scale=1.0}}
03-11 11:12:08.608  5625  6286 W PackageManager: Failure retrieving resources for com.android.systemui: Drawable com.android.systemui:drawable/android15_patch_adaptive with resource ID #0x7f0806a1
03-11 11:12:08.616  5625  5920 D Tile.ScreenshotTile: update state
03-11 11:12:08.617  3163  7414 D FingerprintProvider/defaultHIDL: Starting watchdog for fingerprint
03-11 11:12:08.618  5625  6286 W PackageManager: Failure retrieving resources for com.android.systemui: Drawable com.android.systemui:drawable/android15_patch_adaptive with resource ID #0x7f0806a1
03-11 11:12:08.622  2163  2163 D motorola.hardware.sensorext-service: handle id:13 wxh:1088x2640 uwxuh:1080x2640 size: 11489280 fd:11 fd_meta:12 flags:0x4000228 usage:0x33  format:0x1 layer_count: 1 reserved_size = 0
03-11 11:12:08.623  2064  4171 D slpi-TCS3720: ALS_REPORT lux 191.019394, ch0 96.316170-57.649261-36.722885-18.861641, scale 1.1878, fps 90, client 1
03-11 11:12:08.623  2064  4171 D slpi-TCS3720: PRX_OC info Far, Total 0, pdata 0, offset 0 step 0.63, ore 0:0 step 21.00, TH_H 1020, TH_L 0, client 0
03-11 11:12:08.623  2195  2386 I SDM     : HWCSession::SetCWBOutputBuffer: CWB config passed by cwb_client : tappoint 1  CWB_ROI : (210.000000 26.000000 274.000000 90.000000) for display [1 0 0]
03-11 11:12:08.630  2195 26025 I SDM     : HWCDisplay::SetReadbackBuffer: CWB config from client: tap_point 1, CWB ROI Rect(210.000000 26.000000 274.000000 90.000000), PU_as_CWB_ROI 0, Cwb full rect : (0.000000 0.000000 1080.000000 2640.000000)
03-11 11:12:08.630  2195 26025 I SDM     : HWCDisplay::SetReadbackBuffer: Successfully configured the output buffer: readback_buffer_queued_ 1, readback_configured_ 0, cwb_client 3
03-11 11:12:08.630  2195 26025 I SDM     : HWCSession::ProcessRequests: Successfully configured CWB buffer.
03-11 11:12:08.634  3163  4298 I ImeTracker: com.autonavi.minimap:6be7c3c6: onRequestHide at ORIGIN_SERVER reason HIDE_SAME_WINDOW_FOCUSED_WITHOUT_EDITOR fromUser false
03-11 11:12:08.634  3163  4298 I ImeTracker: com.autonavi.minimap:6be7c3c6: onCancelled at PHASE_SERVER_SHOULD_HIDE
03-11 11:12:08.638 10834 10834 I GoogleInputMethodService: GoogleInputMethodService.onStartInput():1347 onStartInput(EditorInfo{EditorInfo{packageName=com.autonavi.minimap, inputType=0, inputTypeString=NULL, enableLearning=false, autoCorrection=false, autoComplete=false, imeOptions=0, privateImeOptions=null, actionName=UNSPECIFIED, actionLabel=null, initialSelStart=-1, initialSelEnd=-1, initialCapsMode=0, label=null, fieldId=0, fieldName=null, extras=null, hintText=null, hintLocales=[]}}, false)
03-11 11:12:08.639 10834 10834 I Module  : DeviceLockedStatusModuleProvider$Module.updateDeviceLockedStatus():103 repeatCheckTimes = 1, locked = false
03-11 11:12:08.640  3163  5216 W PackageConfigPersister: App-specific configuration not found for packageName: com.autonavi.minimap and userId: 0
03-11 11:12:08.642  2195 26025 I SDM     : HWCSession::ProcessRequests: Pushing release fence in fenece wait queue.
03-11 11:12:08.642  2195 26025 I SDM     : HWCSession::ProcessRequests: Creating AsyncFenceWaits async thread.
03-11 11:12:08.643  2195 26025 I SDM     : HWCSession::ProcessRequests: Remove current CWB request from the pending request queue.
03-11 11:12:08.643  2195 26025 I SDM     : HWCSession::ProcessRequests: No pending cwb requests found in the queue.
03-11 11:12:08.649  2064  4171 D slpi    : tmd2712: Als lux: 112.90, ch0: 3458, ch1: 1246, scale: 1.08, atime:50.04, again:1024
03-11 11:12:08.650  2195  2269 I SDM     : HWDeviceDRM::SetupConcurrentWriteback: Tear down the Concurrent Writeback topology
03-11 11:12:08.654  5625  5625 I Channel.Remote: [de8362611079428da312381e6bb8b50c|com.motorola.personalize] Keep channel connection alive false by 4
03-11 11:12:08.656  3163  7451 W UserManagerService: Requested status bar icon for non-badged user 0
03-11 11:12:08.658  3163  7414 W UserManagerService: Requested status bar icon for non-badged user 0
03-11 11:12:08.660  3163  7414 D SystemServerTiming: getUserSwitchability-0
03-11 11:12:08.660  3163  7414 D SystemServerTiming: TM.isInCall
03-11 11:12:08.660  2195 26028 I SDM     : HWCSession::NotifyCWBStatus: Notify the client about buffer status 0.
03-11 11:12:08.660  3163  7414 D SystemServerTiming: hasUserRestriction-DISALLOW_USER_SWITCH
03-11 11:12:08.660  3163  7414 D SystemServerTiming: getInt-ALLOW_USER_SWITCHING_WHEN_SYSTEM_USER_LOCKED
03-11 11:12:08.660  3163  7414 D SystemServerTiming: isUserUnlocked-USER_SYSTEM
03-11 11:12:08.660  2195 26028 I SDM     : HWCSession::PerformFenceWaits: Remove current release fence from the pending fence wait queue.
03-11 11:12:08.660  2195 26028 I SDM     : HWCSession::PerformFenceWaits: CWB fence queue is empty. No pending release fence to wait on.
03-11 11:12:08.660  3163  7400 W UserManagerService: Requested status bar icon for non-badged user 0
03-11 11:12:08.661  5625  5625 I KeyguardTransitionRepository: FINISHED transition: TransitionStep(from=LOCKSCREEN, to=GONE, value=1.0, transitionState=FINISHED, ownerName=FromLockscreenTransitionInteractor)
03-11 11:12:08.661  5625  5942 D ResourceTrimmer: Sending TRIM_MEMORY_UI_HIDDEN.
03-11 11:12:08.669  5625  5625 D KeyguardViewMediator: handleSetOccluded(false)
03-11 11:12:08.669  5625  5625 D KeyguardViewMediator: KeyguardViewMediator queue processing message: SET_OCCLUDED
03-11 11:12:08.673  2163  2163 D SENSOREXT_ALS_COMP: FrontLight: ReportLux 74.30 (191.02-116.71), pre 71.48, dbv 6506, dc 0, fps 90, chPanel 61.04-34.74-24.01-10.71, facCal:lux_s 1.19 cha_s 0.95-0.95-0.90-0.95, RunInfo: DPB 19055-70, TF 19055-0
03-11 11:12:08.712  3163  3163 W AccessibilityManagerService:  wait for adding window timeout: 19005
03-11 11:12:08.717  2300  4967 I SurfaceFlinger: mBrightnessDiming=0, isCli=0, mBrightnessDimingCnt=0
03-11 11:12:08.718  3163  3163 I BrightnessSynchronizer: New Update: {[11218] 0.39291894(f), mUpdatedTypes=0, mConfirmedTypes=0, mTimeUpdated=0, mState=2}
03-11 11:12:08.746  2068  6063 I vendor.qti.bluetooth@1.0-ibs_handler: DeviceSleep: TX Awake, Sending SLEEP_IND
03-11 11:12:08.747  2068  6063 D vendor.qti.bluetooth@1.0-ibs_handler: SerialClockVote: vote for UART CLK OFF
03-11 11:12:08.753 24728 25070 E XcdnEngine-N: xcdn_task[110]===write chunk_index 1, from 2 result 179200 crc 34 ip: 

03-11 11:12:08.768  5625  5922 D Surface : Surface::disconnect
03-11 11:12:08.768  5625  5922 D BufferQueueProducer: [NotificationShade#92382(BLAST Consumer)pid:5625](id:15f900000fd8,api:1,p:5625,c:5625) disconnect: api 1
03-11 11:12:08.770  5493  5493 I WallpaperService: engine paused
03-11 11:12:08.771  2064  2064 I sensors-hal: batch:206, android.sensor.accelerometer/11, period=20000000, max_latency=0
03-11 11:12:08.772  2064  2064 I sensors-hal: set_config:57, sample_period_ns is adjusted to 20000000 based on min/max delay_ns
03-11 11:12:08.772  2064  2064 I sensors-hal: batch:215, android.sensor.accelerometer/11, period=20000000, max_latency=0 request completed
03-11 11:12:08.773  2064  2064 I sensors-hal: batch:206, android.sensor.magnetic_field/21, period=200000000, max_latency=0
03-11 11:12:08.773  2064  2064 I sensors-hal: set_config:57, sample_period_ns is adjusted to 200000000 based on min/max delay_ns
03-11 11:12:08.773  2064  2064 I sensors-hal: send_sensor_config_request:395, resampler is used, set resampler config
03-11 11:12:08.773  2064  2064 I sensors-hal: send_sync_sensor_request:341, send sync request
03-11 11:12:08.773  2064  2064 I sensors-hal: send_sync_sensor_request:367, wait for notification of response
03-11 11:12:08.774  2064 25297 I sensors-hal: ssc_conn_resp_cb:632, resp_value = 0
03-11 11:12:08.774  2064  2064 I sensors-hal: send_sync_sensor_request:373, takes 1 ms to receive the response with 0
03-11 11:12:08.774  2064  2064 I sensors-hal: batch:215, android.sensor.magnetic_field/21, period=200000000, max_latency=0 request completed
03-11 11:12:08.776  5493  5493 I AndroidInput: sensor listener tear down
03-11 11:12:08.776  5493  5971 D Surface : Surface::disconnect
03-11 11:12:08.776  5493  5971 D BufferQueueProducer: [Wallpaper BBQ wrapper#89(BLAST Consumer)pid:5493](id:157500000000,api:1,p:5493,c:5493) disconnect: api 1
03-11 11:12:08.783  2064  2064 I sensors-hal: activate:173, android.sensor.hinge_angle/362 en=0
03-11 11:12:08.783  2061  2108 E minksocket: MinkIPC_QRTR_Service: client with node 1 port 6945 went down
03-11 11:12:08.784  2064  2064 I sensors-hal: activate:184, android.sensor.hinge_angle/362 en=0 completed
03-11 11:12:08.784  3163  3231 I DisplayDeviceRepository: Display device changed: DisplayDeviceInfo{"Built-in Screen": uniqueId="local:4630947043778501762", 1080 x 2640, modeId 3, renderFrameRate 90.0, defaultModeId 1, userPreferredModeId -1, supportedModes [{id=1, width=1080, height=2640, fps=120.00001, vsync=120.00001, synthetic=false, alternativeRefreshRates=[24.000002, 60.000004], supportedHdrTypes=[2, 3, 4]}, {id=2, width=1080, height=2640, fps=144.00002, vsync=144.00002, synthetic=false, alternativeRefreshRates=[], supportedHdrTypes=[2, 3, 4]}, {id=3, width=1080, height=2640, fps=90.0, vsync=90.0, synthetic=false, alternativeRefreshRates=[], supportedHdrTypes=[2, 3, 4]}, {id=4, width=1080, height=2640, fps=60.000004, vsync=60.000004, synthetic=false, alternativeRefreshRates=[24.000002, 120.00001], supportedHdrTypes=[2, 3, 4]}, {id=5, width=1080, height=2640, fps=30.000002, vsync=30.000002, synthetic=false, alternativeRefreshRates=[], supportedHdrTypes=[2, 3, 4]}, {id=6, width=1080, height=2640, fps=24.000002, vsync=24.000002, synthetic=false, alternativeRefreshRates=[60.000004, 120.00001], supportedHdrTypes=[2, 3, 4]}], supportedReadyForModes [], colorMode 0, supportedColorModes [0, 7, 9], hdrCapabilities HdrCapabilities{mSupportedHdrTypes=[2, 3, 4], mMaxLuminance=420.0, mMaxAverageLuminance=210.1615, mMinLuminance=0.323}, allmSupported false, gameContentTypeSupported false, density 420, 397.565 x 435.428 dpi, appVsyncOff 1000000, presDeadline 17111110, cutout DisplayCutout{insets=Rect(0, 108 - 0, 0) waterfall=Insets{left=0, top=0, right=0, bottom=0} boundingRect={Bounds=[Rect(0, 0 - 0, 0), Rect(495, 0 - 585, 108), Rect(0, 0 - 0, 0), Rect(0, 0 - 0, 0)]} cutoutPathParserInfo={CutoutPathParserInfo{displayWidth=1080 displayHeight=2640 physicalDisplayWidth=1080 physicalDisplayHeight=2640 density={2.625} cutoutSpec={M -45,0 L 45,0 L 45,108 L -45,108 Z} rotation={0} scale={1.0} physicalPixelDisplaySizeRatio={1.0}}} sideOverrides={}}, touch INTERNAL, rotation 0, type INTERNAL, address {port=130, model=0x40446dccee101c}, deviceProductInfo DeviceProductInfo{name=, manufacturerPnpId=QCM, productId=1, modelYear=null, manufactureDate=ManufactureDate{week=27, year=2006}, connectionToSinkType=0}, state ON, committedState ON, frameRateOverride {uid=10254 frameRateHz=45.0} , brightnessMinimum 0.0, brightnessMaximum 1.0, brightnessDefault 0.38188976, hdrSdrRatio 1.0, FLAG_ALLOWED_TO_BE_DEFAULT_DISPLAY, FLAG_ROTATES_WITH_CONTENT, FLAG_SECURE, FLAG_SUPPORTS_PROTECTED_BUFFERS, FLAG_TRUSTED, installOrientation 0, displayShape DisplayShape{ spec=-1962366115 displayWidth=1080 displayHeight=2640 physicalPixelDisplaySizeRatio=1.0 rotation=0 offsetX=0 offsetY=0 scale=1.0}}
03-11 11:12:08.795  3163  3231 I DisplayDeviceRepository: Display device changed: DisplayDeviceInfo{"Built-in Screen": uniqueId="local:4630947043778501762", 1080 x 2640, modeId 3, renderFrameRate 90.0, defaultModeId 1, userPreferredModeId -1, supportedModes [{id=1, width=1080, height=2640, fps=120.00001, vsync=120.00001, synthetic=false, alternativeRefreshRates=[24.000002, 60.000004], supportedHdrTypes=[2, 3, 4]}, {id=2, width=1080, height=2640, fps=144.00002, vsync=144.00002, synthetic=false, alternativeRefreshRates=[], supportedHdrTypes=[2, 3, 4]}, {id=3, width=1080, height=2640, fps=90.0, vsync=90.0, synthetic=false, alternativeRefreshRates=[], supportedHdrTypes=[2, 3, 4]}, {id=4, width=1080, height=2640, fps=60.000004, vsync=60.000004, synthetic=false, alternativeRefreshRates=[24.000002, 120.00001], supportedHdrTypes=[2, 3, 4]}, {id=5, width=1080, height=2640, fps=30.000002, vsync=30.000002, synthetic=false, alternativeRefreshRates=[], supportedHdrTypes=[2, 3, 4]}, {id=6, width=1080, height=2640, fps=24.000002, vsync=24.000002, synthetic=false, alternativeRefreshRates=[60.000004, 120.00001], supportedHdrTypes=[2, 3, 4]}], supportedReadyForModes [], colorMode 0, supportedColorModes [0, 7, 9], hdrCapabilities HdrCapabilities{mSupportedHdrTypes=[2, 3, 4], mMaxLuminance=420.0, mMaxAverageLuminance=210.1615, mMinLuminance=0.323}, allmSupported false, gameContentTypeSupported false, density 420, 397.565 x 435.428 dpi, appVsyncOff 1000000, presDeadline 17111110, cutout DisplayCutout{insets=Rect(0, 108 - 0, 0) waterfall=Insets{left=0, top=0, right=0, bottom=0} boundingRect={Bounds=[Rect(0, 0 - 0, 0), Rect(495, 0 - 585, 108), Rect(0, 0 - 0, 0), Rect(0, 0 - 0, 0)]} cutoutPathParserInfo={CutoutPathParserInfo{displayWidth=1080 displayHeight=2640 physicalDisplayWidth=1080 physicalDisplayHeight=2640 density={2.625} cutoutSpec={M -45,0 L 45,0 L 45,108 L -45,108 Z} rotation={0} scale={1.0} physicalPixelDisplaySizeRatio={1.0}}} sideOverrides={}}, touch INTERNAL, rotation 0, type INTERNAL, address {port=130, model=0x40446dccee101c}, deviceProductInfo DeviceProductInfo{name=, manufacturerPnpId=QCM, productId=1, modelYear=null, manufactureDate=ManufactureDate{week=27, year=2006}, connectionToSinkType=0}, state ON, committedState ON, frameRateOverride , brightnessMinimum 0.0, brightnessMaximum 1.0, brightnessDefault 0.38188976, hdrSdrRatio 1.0, FLAG_ALLOWED_TO_BE_DEFAULT_DISPLAY, FLAG_ROTATES_WITH_CONTENT, FLAG_SECURE, FLAG_SUPPORTS_PROTECTED_BUFFERS, FLAG_TRUSTED, installOrientation 0, displayShape DisplayShape{ spec=-1962366115 displayWidth=1080 displayHeight=2640 physicalPixelDisplaySizeRatio=1.0 rotation=0 offsetX=0 offsetY=0 scale=1.0}}
03-11 11:12:08.795  5625  5920 D ControlsListingControllerImpl: Unsubscribing callback
03-11 11:12:08.799  5625  5920 D ControlsListingControllerImpl: Unsubscribing callback
03-11 11:12:08.804  5625  5920 D ControlsListingControllerImpl: Unsubscribing callback
03-11 11:12:08.850 24728 25070 E XcdnEngine-N: xcdn_task[110]===write chunk_index 2, from 2 result 179200 crc 21 ip: 

03-11 11:12:08.891  5625  6677 D PowerUI : can't show warning due to - plugged: true status unknown: false
03-11 11:12:08.894  3163  3163 V UiModeManager: updateLocked: null action, mDockState=0, category=null
03-11 11:12:08.894  3163  3163 D UiModeManager: updateConfigurationLocked: mDockState=0; mCarMode=false; mNightMode=com.android.server.UiModeManagerService$1@410d4bd; mNightModeCustomType=-1; uiMode=33
03-11 11:12:08.896  5727  5727 D QtiCarrierConfigHelper: WARNING, no carrier configs on phone Id: 0
03-11 11:12:08.896  5727  5727 D QtiCarrierConfigHelper: WARNING, no carrier configs on phone Id: 1
03-11 11:12:08.897  2068  5913 D vendor.qti.bluetooth@1.0-wake_lock: Release wakelock is released 
03-11 11:12:08.900  2163  2163 D motorola.hardware.sensorext-service: handle id:13 wxh:1088x2640 uwxuh:1080x2640 size: 11489280 fd:11 fd_meta:12 flags:0x4000228 usage:0x33  format:0x1 layer_count: 1 reserved_size = 0
03-11 11:12:08.901  2195  2392 I SDM     : HWCSession::SetCWBOutputBuffer: CWB config passed by cwb_client : tappoint 1  CWB_ROI : (210.000000 26.000000 274.000000 90.000000) for display [1 0 0]
03-11 11:12:08.901  2064  4171 D slpi-TCS3720: ALS_REPORT lux 230.116699, ch0 106.834610-67.245056-45.327026-21.944639, scale 1.1878, fps 90, client 1
03-11 11:12:08.901  2195 26031 I SDM     : HWCDisplay::SetReadbackBuffer: CWB config from client: tap_point 1, CWB ROI Rect(210.000000 26.000000 274.000000 90.000000), PU_as_CWB_ROI 0, Cwb full rect : (0.000000 0.000000 1080.000000 2640.000000)
03-11 11:12:08.902  2195 26031 I SDM     : HWCDisplay::SetReadbackBuffer: Successfully configured the output buffer: readback_buffer_queued_ 1, readback_configured_ 0, cwb_client 3
03-11 11:12:08.902  2195 26031 I SDM     : HWCSession::ProcessRequests: Successfully configured CWB buffer.
03-11 11:12:08.902  2064  4171 D slpi-TCS3720: PRX_OC info Far, Total 0, pdata 0, offset 0 step 0.63, ore 0:0 step 21.00, TH_H 1020, TH_L 0, client 0
03-11 11:12:08.908  2195 26031 I SDM     : HWCSession::ProcessRequests: Pushing release fence in fenece wait queue.
03-11 11:12:08.908  2195 26031 I SDM     : HWCSession::ProcessRequests: Creating AsyncFenceWaits async thread.
03-11 11:12:08.909  2195 26031 I SDM     : HWCSession::ProcessRequests: Remove current CWB request from the pending request queue.
03-11 11:12:08.909  2195 26031 I SDM     : HWCSession::ProcessRequests: No pending cwb requests found in the queue.
03-11 11:12:08.917  2195  2269 I SDM     : HWDeviceDRM::SetupConcurrentWriteback: Tear down the Concurrent Writeback topology
03-11 11:12:08.927  2195 26032 I SDM     : HWCSession::NotifyCWBStatus: Notify the client about buffer status 0.
03-11 11:12:08.928  2195 26032 I SDM     : HWCSession::PerformFenceWaits: Remove current release fence from the pending fence wait queue.
03-11 11:12:08.928  2195 26032 I SDM     : HWCSession::PerformFenceWaits: CWB fence queue is empty. No pending release fence to wait on.
03-11 11:12:08.942  2163  2163 D SENSOREXT_ALS_COMP: FrontLight: ReportLux 133.71 (230.12-96.40), pre 74.30, dbv 6700, dc 0, fps 90, chPanel 48.76-28.58-20.05-8.53, facCal:lux_s 1.19 cha_s 0.95-0.96-0.89-0.95, RunInfo: DPB 19056-70, TF 19056-0
03-11 11:12:08.949  2064  4171 D slpi    : tmd2712: Als lux: 98.30, ch0: 3097, ch1: 1174, scale: 1.08, atime:50.04, again:1024
03-11 11:12:08.962  5625 18470 D PowerUI : can't show warning due to - plugged: true status unknown: false
03-11 11:12:08.963  3163  3163 V UiModeManager: updateLocked: null action, mDockState=0, category=null
03-11 11:12:08.963  3163  3163 D UiModeManager: updateConfigurationLocked: mDockState=0; mCarMode=false; mNightMode=com.android.server.UiModeManagerService$1@410d4bd; mNightModeCustomType=-1; uiMode=33
03-11 11:12:08.964  5727  5727 D QtiCarrierConfigHelper: WARNING, no carrier configs on phone Id: 0
03-11 11:12:08.964  5727  5727 D QtiCarrierConfigHelper: WARNING, no carrier configs on phone Id: 1
03-11 11:12:09.006 24728 25070 E XcdnEngine-N: xcdn_task[110]===write chunk_index 3, from 2 result 179200 crc 228 ip: 

03-11 11:12:09.035 24728 25070 E XcdnEngine-N: xcdn_task[110]===write chunk_index 4, from 2 result 179200 crc 241 ip: 

03-11 11:12:09.044  7545  8717 I MotoDesktopLog: [ R4ConnectivityManager ] - cancelWfdPowerSavingAlarm
03-11 11:12:09.044  7314  7314 D GameMode: exiting game mode
03-11 11:12:09.048  5993  8761 I NearbyDiscovery: (REDACTED) FastPairHandler: Received action %s
03-11 11:12:09.049  5993  8761 I NearbyDiscovery: FastPairController: onSystemStateChanged: skip due to flag disabled [CONTEXT service_id=265 ]
03-11 11:12:09.049  2064  4171 D slpi    : tmd2712: Als lux: 80.50, ch0: 2628, ch1: 1059, scale: 1.08, atime:50.04, again:1024
03-11 11:12:09.050  7314  7314 D GameMode: isFeatureSupported: true
03-11 11:12:09.050  7314  7314 D GameMode: isFeatureSupported: true
03-11 11:12:09.051  7314  7314 D GameMode: reset : false
03-11 11:12:09.054  5993 23223 I NearbySharing: Screen is unlocked
03-11 11:12:09.054  5993 23223 I NearbySharing: Uwb feature is off.
03-11 11:12:09.054  5993 23223 I NearbySharing: Uwb feature is off.
03-11 11:12:09.055  5993 23223 I NearbySharing: Stopping scanning because Nearby Sharing is disabled.
03-11 11:12:09.055  7545  7545 I FileStationLog: [ FileStationManager ] - onUserPresent(). hasWindowShowed: false, isMotoWindowType(): true
03-11 11:12:09.055  5993 23223 I NearbySharing: Stopping Fast Init advertisement because we're not scanning in the foreground.
03-11 11:12:09.056  5993 23223 I NearbySharing: Stopping advertising because Nearby Sharing is disabled.
03-11 11:12:09.058  3163  7414 W ContentProviderHelper: Permission Denial: opening provider com.android.providers.calendar.CalendarProvider2 from ProcessRecord{3e653cf 7150:com.motorola.timeweatherwidget/u0a322} (pid=7150, uid=10322) requires android.permission.READ_CALENDAR or android.permission.WRITE_CALENDAR
03-11 11:12:09.060  7314  7314 D GameMode: isFeatureSupported: true
03-11 11:12:09.062  3163  7451 D ActivityManager: unfreezing ProcessRecord{782c31e 19410:com.android.providers.calendar/u0a147}, reason = oom_uncached, adj = 0, adjType = ext-provider, adjSource = null
03-11 11:12:09.063  3163  7451 D ActivityManager: sync unfroze 19410 com.android.providers.calendar for 7
03-11 11:12:09.070  5993 23223 I NearbySharing: Stopping FastInitiation scanning because visibility is hidden.
