03-10 15:10:29.091 23276 23276 I ThermalEngine: sensors msm-therm cam-therm quiet-therm mchg-therm
03-10 15:10:29.091 23276 23276 I ThermalEngine: weights 22 26 39 13
03-10 15:10:29.091 23276 23276 I ThermalEngine: trip_sensor msm-therm
03-10 15:10:29.091 23276 23276 I ThermalEngine: thresholds -18000
03-10 15:10:29.091 23276 23276 I ThermalEngine: thresholds_clr -20000
03-10 15:10:29.091 23276 23276 I ThermalEngine: offsets -2000 0 0 0
03-10 15:10:29.091 23276 23276 I ThermalEngine: sampling 5000
03-10 15:10:29.091 23276 23276 I ThermalEngine: math 0
03-10 15:10:29.091 23276 23276 I ThermalEngine: sys_temp
03-10 15:10:29.091 23276 23276 I ThermalEngine: ambient_value
03-10 15:10:29.091 23276 23276 I ThermalEngine: rise_value
03-10 15:10:29.091 23276 23276 I ThermalEngine: [FUSE_TEMP]
03-10 15:10:29.091 23276 23276 I ThermalEngine: algo_type virtual
03-10 15:10:29.091 23276 23276 I ThermalEngine: sensors msm-therm cam-therm quiet-therm mchg-therm
03-10 15:10:29.091 23276 23276 I ThermalEngine: weights 20 32 39 9
03-10 15:10:29.091 23276 23276 I ThermalEngine: trip_sensor msm-therm
03-10 15:10:29.091 23276 23276 I ThermalEngine: thresholds -18000
03-10 15:10:29.091 23276 23276 I ThermalEngine: thresholds_clr -20000
03-10 15:10:29.091 23276 23276 I ThermalEngine: offsets 0 0 0 0
03-10 15:10:29.091 23276 23276 I ThermalEngine: sampling 2000
03-10 15:10:29.091 23276 23276 I ThermalEngine: math 0
03-10 15:10:29.091 23276 23276 I ThermalEngine: sys_temp
03-10 15:10:29.091 23276 23276 I ThermalEngine: ambient_value
03-10 15:10:29.091 23276 23276 I ThermalEngine: rise_value
03-10 15:10:29.091 23276 23276 I ThermalEngine: [BCHG_TEMP]
03-10 15:10:29.091 23276 23276 I ThermalEngine: algo_type virtual
03-10 15:10:29.091 23276 23276 I ThermalEngine: sensors msm-therm cam-therm quiet-therm mchg-therm
03-10 15:10:29.091 23276 23276 I ThermalEngine: weights 22 26 39 13
03-10 15:10:29.091 23276 23276 I ThermalEngine: trip_sensor msm-therm
03-10 15:10:29.091 23276 23276 I ThermalEngine: thresholds -18000
03-10 15:10:29.091 23276 23276 I ThermalEngine: thresholds_clr -20000
03-10 15:10:29.091 23276 23276 I ThermalEngine: offsets 0 0 0 0
03-10 15:10:29.091 23276 23276 I ThermalEngine: sampling 2000
03-10 15:10:29.091 23276 23276 I ThermalEngine: math 0
03-10 15:10:29.091 23276 23276 I ThermalEngine: ambient_value
03-10 15:10:29.091 23276 23276 I ThermalEngine: rise_value
03-10 15:10:29.091 23276 23276 I ThermalEngine: [FRONT_MDM]
03-10 15:10:29.091 23276 23276 I ThermalEngine: algo_type virtual
03-10 15:10:29.091 23276 23276 I ThermalEngine: sensors msm-therm cam-therm quiet-therm mchg-therm
03-10 15:10:29.137 23276 23276 W te-monitor: type=1400 audit(0.0:1096036): avc:  denied  { getattr } for  path="/proc/2737/cmdline" dev="proc" ino=10421440 scontext=u:r:vendor_thermal-engine:s0 tcontext=u:r:installd:s0 tclass=file permissive=0
03-10 15:10:29.091 23276 23276 I ThermalEngine: weights 20 32 39 9
03-10 15:10:29.091 23276 23276 I ThermalEngine: trip_sensor mdmss-0 mdmss-1 mdmss-2 mdmss-3
03-10 15:10:29.091 23276 23276 I ThermalEngine: trip_sensor_logic || || ||
03-10 15:10:29.091 23276 23276 I ThermalEngine: thresholds 65000 65000 65000 65000
03-10 15:10:29.091 23276 23276 I ThermalEngine: thresholds_clr 40000 40000 40000 40000
03-10 15:10:29.091 23276 23276 I ThermalEngine: offsets 1000 0 0 0
03-10 15:10:29.091 23276 23276 I ThermalEngine: sampling 2000
03-10 15:10:29.091 23276 23276 I ThermalEngine: math 0
03-10 15:10:29.091 23276 23276 I ThermalEngine: ambient_value
03-10 15:10:29.091 23276 23276 I ThermalEngine: rise_value
03-10 15:10:29.091 23276 23276 I ThermalEngine: [DETECT-STANDBY]
03-10 15:10:29.091 23276 23276 I ThermalEngine: algo_type virtual
03-10 15:10:29.091 23276 23276 I ThermalEngine: sensors cpu_utilization lcd_brightness_value
03-10 15:10:29.091 23276 23276 I ThermalEngine: weights 12 50
03-10 15:10:29.091 23276 23276 I ThermalEngine: trip_sensor msm-therm
03-10 15:10:29.091 23276 23276 I ThermalEngine: thresholds -18000
03-10 15:10:29.091 23276 23276 I ThermalEngine: thresholds_clr -20000
03-10 15:10:29.091 23276 23276 I ThermalEngine: offsets
03-10 15:10:29.091 23276 23276 I ThermalEngine: sampling 5000
03-10 15:10:29.091 23276 23276 I ThermalEngine: math 7
03-10 15:10:29.091 23276 23276 I ThermalEngine: less_than
03-10 15:10:29.091 23276 23276 I ThermalEngine: ambient_value
03-10 15:10:29.091 23276 23276 I ThermalEngine: rise_value
03-10 15:10:29.091 23276 23276 I ThermalEngine: [DETECT-WLS]
03-10 15:10:29.091 23276 23276 I ThermalEngine: algo_type virtual
03-10 15:10:29.091 23276 23276 I ThermalEngine: sensors wireless_online
03-10 15:10:29.091 23276 23276 I ThermalEngine: weights
03-10 15:10:29.091 23276 23276 I ThermalEngine: trip_sensor msm-therm
03-10 15:10:29.091 23276 23276 I ThermalEngine: thresholds -18000
03-10 15:10:29.091 23276 23276 I ThermalEngine: thresholds_clr -20000
03-10 15:10:29.091 23276 23276 I ThermalEngine: offsets
03-10 15:10:29.091 23276 23276 I ThermalEngine: sampling 5000
03-10 15:10:29.091 23276 23276 I ThermalEngine: math 3
03-10 15:10:29.091 23276 23276 I ThermalEngine: ambient_value
03-10 15:10:29.091 23276 23276 I ThermalEngine: rise_value
03-10 15:10:29.093 10834 23431 I DeviceStatusMonitor: DeviceStatusMonitor.handleBroadcast():138 onReceive() : Action = android.intent.action.SCREEN_ON
03-10 15:10:29.093 10834 23431 I DeviceStatusMonitor: DeviceStatusMonitor.updateCountryInfo():154 updateCountryInfo(), notifyAnyway = false
03-10 15:10:29.093  3163  3163 I BrightnessSynchronizer: New Update: {[7646] 0.40820882(f), mUpdatedTypes=0, mConfirmedTypes=0, mTimeUpdated=0, mState=2}
03-10 15:10:29.094  3163  5308 D TouchHwAidlService: setCliDisplayState: mCliScreenOff=true
03-10 15:10:29.095  3163  5308 D TouchHwAidlService: onTapToWakeSettingsChanged isAmbientDisplayAvailable=1 aodEnable=true singleTapEnable=true doubleTapEnable=true lidState=1 callers=com.motorola.server.display.TouchHwAidlService.setCliDisplayState:554 com.motorola.server.MotoExtHwService$MotoExtHwManagerInternal.setCliDisplayState:454 com.android.server.display.LocalDisplayAdapter$LocalDisplayDevice$1.setDisplayState:1082 
03-10 15:10:29.095  3163  5308 D TouchHwAidlService: enableTapWake mode=33 displayId=0 mGestureStowMode=true
03-10 15:10:29.095  2106  2106 I motorola.hardware.display.touch-service: Setting Gesture to 33
03-10 15:10:29.095  3163  3231 I DisplayDeviceRepository: Display device changed state: "HDMI Screen", OFF
03-10 15:10:29.096  3163  5308 D TouchHwAidlService: setGestureModeHal done mode=33 newMode=33 result=0
03-10 15:10:29.096  2300  2300 E Scheduler: trackPendingFrame: Invalid present fence
03-10 15:10:29.096  3163  5308 D TouchHwAidlService: enableTapWake mode=33 displayId=1 mGestureStowMode=true
03-10 15:10:29.096  3163  5308 D TouchHwAidlService: transfer mode=33 transMode=32 cli=true
03-10 15:10:29.096  2106  2106 I motorola.hardware.display.touch-service: Setting CLI Gesture to 32
03-10 15:10:29.096  3163  5308 D TouchHwAidlService: setCliGestureModeHal done mode=33 newMode=32 result=0
03-10 15:10:29.096  3163  5308 D TouchHwAidlService: enableTapWake mode=49 displayId=-1 mGestureStowMode=true
03-10 15:10:29.096  3163  3227 D TouchHwAidlService: Unregister stow sensor
03-10 15:10:29.097  2106  2106 I motorola.hardware.display.touch-service: Setting Gesture to 49
03-10 15:10:29.097  3163  3227 W AlarmManager: Unrecognized alarm listener com.motorola.server.display.TouchHwAidlService$AlarmListenerImpl@de23d8f
03-10 15:10:29.097  3163  3227 D TouchHwAidlService: Unregister stow sensor
03-10 15:10:29.097  3163  3227 W AlarmManager: Unrecognized alarm listener com.motorola.server.display.TouchHwAidlService$AlarmListenerImpl@de23d8f
03-10 15:10:29.097  3163  3227 D TouchHwAidlService: enableGestureStowMode stowed: false
03-10 15:10:29.097  3163  5308 D TouchHwAidlService: setGestureModeHal done mode=49 newMode=49 result=0
03-10 15:10:29.097  3163  5308 D TouchHwAidlService: transfer mode=49 transMode=48 cli=true
03-10 15:10:29.097  2106  2106 I motorola.hardware.display.touch-service: Setting stow gesture mode to 0 for panel 1
03-10 15:10:29.097  2106  2106 I motorola.hardware.display.touch-service: Setting CLI Gesture to 48
03-10 15:10:29.097  3163  5308 D TouchHwAidlService: setCliGestureModeHal done mode=49 newMode=48 result=0
03-10 15:10:29.098  3163  5308 W ServiceManagerCppClient: Failed to get isDeclared for com.motorola.hardware.display.panel.IDisplayPanel/default: Status(-1, EX_SECURITY): 'SELinux denied.'
03-10 15:10:29.098  3163  5308 D DisplayPanelService: Setting panel dc mode: 0
03-10 15:10:29.098  2090  2090 I DisplayPanel: setDcMode: DC mode = OFF
03-10 15:10:29.099  2090  2090 D DisplayPanel: setParam: Success set DC to 0 for Primary display
03-10 15:10:29.100  3163  5308 D LocalDisplayAdapter: setDisplayPowerMode mode=0 for display=android.os.BinderProxy@433f576
03-10 15:10:29.100  2300  2300 D SurfaceFlinger: Setting power mode 0 on display 4630947043778501763
03-10 15:10:29.100  3163  3227 D TouchHwAidlService: setStowGestureMode for cli stowed=false ret=0
03-10 15:10:29.100  3163  3227 D TouchHwAidlService: enableGestureStowMode stowed: false
03-10 15:10:29.100  2106  2106 I motorola.hardware.display.touch-service: Setting stow gesture mode to 0 for panel 1
03-10 15:10:29.101  3163  3227 D TouchHwAidlService: setStowGestureMode for cli stowed=false ret=0
03-10 15:10:29.101  2195  2392 I SDM     : DisplayBase::SetDisplayState: Set state = 0, display 76-0, teardown = 0
03-10 15:10:29.101  3163  3227 D TouchHwAidlService: Unregister stow sensor
03-10 15:10:29.102  7545  7545 I FileStationLog: [ FileStationManager ] - screenIsOn: true, hasWindowShowed: false
03-10 15:10:29.102  2195  2392 I SDM     : DRMPanelFeatureMgr::MarkForNullCommit: Marked 7 for null commit
03-10 15:10:29.102  7545  7545 I MotoDesktopLog: [ FileStationLog ] - broadcastMessage - cmd : 2008
03-10 15:10:29.102  2195  2392 I SDM     : HWDeviceDRM::NullCommit: Null commit succeeded crtc=203
03-10 15:10:29.103  3163  3227 W AlarmManager: Unrecognized alarm listener com.motorola.server.display.TouchHwAidlService$AlarmListenerImpl@de23d8f
03-10 15:10:29.103  3163  3227 D TouchHwAidlService: enableGestureStowMode stowed: false
03-10 15:10:29.103  2106  2106 I motorola.hardware.display.touch-service: Setting stow gesture mode to 0 for panel 1
03-10 15:10:29.104  3163  3227 D TouchHwAidlService: setStowGestureMode for cli stowed=false ret=0
03-10 15:10:29.107  3706  3728 I android.hardware.thermal@2.0-service.qti-v2: Sensor Name:GPU0 temp: 57.1. prev severity:0. cur severity:0 New severity:0
03-10 15:10:29.108  3706  3728 I android.hardware.thermal@2.0-service.qti-v2: Sensor Name:GPU1 temp: 56.4. prev severity:0. cur severity:0 New severity:0
03-10 15:10:29.108  3706  3728 I android.hardware.thermal@2.0-service.qti-v2: Sensor Name:nsp0 temp: 57.1. prev severity:0. cur severity:0 New severity:0
03-10 15:10:29.108  3706  3728 I android.hardware.thermal@2.0-service.qti-v2: Sensor Name:nsp1 temp: 57.1. prev severity:0. cur severity:0 New severity:0
03-10 15:10:29.108  3706  3728 I android.hardware.thermal@2.0-service.qti-v2: Sensor Name:nsp2 temp: 58.1. prev severity:0. cur severity:0 New severity:0
03-10 15:10:29.108  3706  3728 I android.hardware.thermal@2.0-service.qti-v2: Sensor Name:CPU0 temp: 66. prev severity:0. cur severity:0 New severity:0
03-10 15:10:29.108  3706  3728 I android.hardware.thermal@2.0-service.qti-v2: Sensor Name:CPU1 temp: 67.7. prev severity:0. cur severity:0 New severity:0
03-10 15:10:29.108  3706  3728 I android.hardware.thermal@2.0-service.qti-v2: Sensor Name:CPU2 temp: 66. prev severity:0. cur severity:0 New severity:0
03-10 15:10:29.108  3706  3728 I android.hardware.thermal@2.0-service.qti-v2: Sensor Name:CPU3 temp: 67.4. prev severity:0. cur severity:0 New severity:0
03-10 15:10:29.109  3163  3231 I InputManager-JNI: Viewport [0] to add: local:4630947043778501762, isActive: false
03-10 15:10:29.109  3163  3231 I InputManager-JNI: Viewport [1] to add: local:4630947043778501763, isActive: false
03-10 15:10:29.110  3706  3728 I android.hardware.thermal@2.0-service.qti-v2: Sensor Name:CPU4 temp: 67. prev severity:0. cur severity:0 New severity:0
03-10 15:10:29.110  3163  3352 D BrightnessThermalClamper: Thermal status observer already started
03-10 15:10:29.113 23276 23276 I ThermalEngine: Loading configuration file /vendor/etc/thermal-engine-lynkco.conf
03-10 15:10:29.113 23276 23276 I ThermalEngine: Parsing section global
03-10 15:10:29.113 23276 23276 I ThermalEngine: Created section 'REPORT-FRONT'
03-10 15:10:29.113 23276 23276 I ThermalEngine: Algo Type 'monitor'
03-10 15:10:29.113 23276 23276 I ThermalEngine: Parsing section REPORT-FRONT
03-10 15:10:29.113 23276 23276 I ThermalEngine: Found field 'sampling'
03-10 15:10:29.113 23276 23276 I ThermalEngine: Found field 'sensor'
03-10 15:10:29.113 23276 23276 I ThermalEngine: Found field 'thresholds'
03-10 15:10:29.113 23276 23276 I ThermalEngine: Found field 'thresholds_clr'
03-10 15:10:29.113 23276 23276 I ThermalEngine: Found field 'actions'
03-10 15:10:29.113 23276 23276 I ThermalEngine: Found field 'action_info'
03-10 15:10:29.113 23276 23276 I ThermalEngine: Created section 'REPORT-BACK'
03-10 15:10:29.113 23276 23276 I ThermalEngine: Algo Type 'monitor'
03-10 15:10:29.113 23276 23276 I ThermalEngine: Parsing section REPORT-BACK
03-10 15:10:29.113 23276 23276 I ThermalEngine: Found field 'sampling'
03-10 15:10:29.113 23276 23276 I ThermalEngine: Found field 'sensor'
03-10 15:10:29.113 23276 23276 I ThermalEngine: Found field 'thresholds'
03-10 15:10:29.113 23276 23276 I ThermalEngine: Found field 'thresholds_clr'
03-10 15:10:29.113 23276 23276 I ThermalEngine: Found field 'actions'
03-10 15:10:29.113 23276 23276 I ThermalEngine: Found field 'action_info'
03-10 15:10:29.113 23276 23276 I ThermalEngine: Created section 'OVERRIDE-CHG'
03-10 15:10:29.113 23276 23276 I ThermalEngine: Algo Type 'monitor'
03-10 15:10:29.113 23276 23276 I ThermalEngine: Parsing section OVERRIDE-CHG
03-10 15:10:29.113 23276 23276 I ThermalEngine: Found field 'sampling'
03-10 15:10:29.113 23276 23276 I ThermalEngine: Found field 'sensor'
03-10 15:10:29.113 23276 23276 I ThermalEngine: Found field 'thresholds'
03-10 15:10:29.113 23276 23276 I ThermalEngine: Found field 'thresholds_clr'
03-10 15:10:29.113 23276 23276 I ThermalEngine: Found field 'actions'
03-10 15:10:29.114 23276 23276 I ThermalEngine: Found field 'action_info'
03-10 15:10:29.114 23276 23276 I ThermalEngine: Created section 'FREEZE-CHG'
03-10 15:10:29.114 23276 23276 I ThermalEngine: Algo Type 'monitor'
03-10 15:10:29.114 23276 23276 I ThermalEngine: Parsing section FREEZE-CHG
03-10 15:10:29.114 23276 23276 I ThermalEngine: Found field 'sampling'
03-10 15:10:29.114 23276 23276 I ThermalEngine: Found field 'sensor'
03-10 15:10:29.114 23276 23276 I ThermalEngine: Found field 'thresholds'
03-10 15:10:29.114 23276 23276 I ThermalEngine: Found field 'thresholds_clr'
03-10 15:10:29.114 23276 23276 I ThermalEngine: Found field 'actions'
03-10 15:10:29.114 23276 23276 I ThermalEngine: Found field 'action_info'
03-10 15:10:29.114 23276 23276 I ThermalEngine: Created section 'MON-CHG-BATT0'
03-10 15:10:29.114 23276 23276 I ThermalEngine: Algo Type 'monitor'
03-10 15:10:29.114 23276 23276 I ThermalEngine: Parsing section MON-CHG-BATT0
03-10 15:10:29.114 23276 23276 I ThermalEngine: Found field 'sampling'
03-10 15:10:29.114 23276 23276 I ThermalEngine: Found field 'sensor'
03-10 15:10:29.114 23276 23276 I ThermalEngine: Found field 'thresholds'
03-10 15:10:29.114 23276 23276 I ThermalEngine: Found field 'thresholds_clr'
03-10 15:10:29.114 23276 23276 I ThermalEngine: Found field 'actions'
03-10 15:10:29.114 23276 23276 I ThermalEngine: Found field 'action_info'
03-10 15:10:29.114 23276 23276 I ThermalEngine: Found field 'override_c'
03-10 15:10:29.114 23276 23276 I ThermalEngine: Found field 'freezing'
03-10 15:10:29.114 23276 23276 I ThermalEngine: Created section 'MON-CHG-BATT1'
03-10 15:10:29.114 23276 23276 I ThermalEngine: Algo Type 'monitor'
03-10 15:10:29.114 23276 23276 I ThermalEngine: Parsing section MON-CHG-BATT1
03-10 15:10:29.114 23276 23276 I ThermalEngine: Found field 'sampling'
03-10 15:10:29.114 23276 23276 I ThermalEngine: Found field 'sensor'
03-10 15:10:29.114 23276 23276 I ThermalEngine: Found field 'thresholds'
03-10 15:10:29.114 23276 23276 I ThermalEngine: Found field 'thresholds_clr'
03-10 15:10:29.114 23276 23276 I ThermalEngine: Found field 'actions'
03-10 15:10:29.114 23276 23276 I ThermalEngine: Found field 'action_info'
03-10 15:10:29.114 23276 23276 I ThermalEngine: Found field 'override_c'
03-10 15:10:29.114 23276 23276 I ThermalEngine: Found field 'freezing'
03-10 15:10:29.114 23276 23276 I ThermalEngine: Created section 'MON-CHG-BATT-SAFETY'
03-10 15:10:29.114 23276 23276 I ThermalEngine: Algo Type 'monitor'
03-10 15:10:29.114 23276 23276 I ThermalEngine: Parsing section MON-CHG-BATT-SAFETY
03-10 15:10:29.114 23276 23276 I ThermalEngine: Found field 'sampling'
03-10 15:10:29.114 23276 23276 I ThermalEngine: Found field 'sensor'
03-10 15:10:29.114 23276 23276 I ThermalEngine: Found field 'thresholds'
03-10 15:10:29.114 23276 23276 I ThermalEngine: Found field 'thresholds_clr'
03-10 15:10:29.114 23276 23276 I ThermalEngine: Found field 'actions'
03-10 15:10:29.114 23276 23276 I ThermalEngine: Found field 'action_info'
03-10 15:10:29.114 23276 23276 I ThermalEngine: Found field 'freezing'
03-10 15:10:29.114 23276 23276 I ThermalEngine: Created section 'MON-MSM-CPU0'
03-10 15:10:29.114 23276 23276 I ThermalEngine: Algo Type 'monitor'
03-10 15:10:29.114 23276 23276 I ThermalEngine: Parsing section MON-MSM-CPU0
03-10 15:10:29.114 23276 23276 I ThermalEngine: Found field 'sampling'
03-10 15:10:29.114 23276 23276 I ThermalEngine: Found field 'sensor'
03-10 15:10:29.114 23276 23276 I ThermalEngine: Found field 'thresholds'
03-10 15:10:29.114 23276 23276 I ThermalEngine: Found field 'thresholds_clr'
03-10 15:10:29.114 23276 23276 I ThermalEngine: Found field 'actions'
03-10 15:10:29.114 23276 23276 I ThermalEngine: Found field 'action_info'
03-10 15:10:29.114 23276 23276 I ThermalEngine: Created section 'SS-CPU4'
03-10 15:10:29.114 23276 23276 I ThermalEngine: Algo Type 'ss'
03-10 15:10:29.114 23276 23276 I ThermalEngine: Parsing section SS-CPU4
03-10 15:10:29.114 23276 23276 I ThermalEngine: Found field 'sampling'
03-10 15:10:29.114 23276 23276 I ThermalEngine: Found field 'sensor'
03-10 15:10:29.114 23276 23276 I ThermalEngine: Found field 'set_point'
03-10 15:10:29.114 23276 23276 I ThermalEngine: Found field 'set_point_clr'
03-10 15:10:29.114 23276 23276 I ThermalEngine: Found field 'device'
03-10 15:10:29.114 23276 23276 I ThermalEngine: Found field 'device_max_limit'
03-10 15:10:29.114 23276 23276 I ThermalEngine: Created section 'MON-MSM-CPU4'
03-10 15:10:29.114 23276 23276 I ThermalEngine: Algo Type 'monitor'
03-10 15:10:29.114 23276 23276 I ThermalEngine: Parsing section MON-MSM-CPU4
03-10 15:10:29.114 23276 23276 I ThermalEngine: Found field 'sampling'
03-10 15:10:29.114 23276 23276 I ThermalEngine: Found field 'sensor'
03-10 15:10:29.114 23276 23276 I ThermalEngine: Found field 'thresholds'
03-10 15:10:29.114 23276 23276 I ThermalEngine: Found field 'thresholds_clr'
03-10 15:10:29.114 23276 23276 I ThermalEngine: Found field 'actions'
03-10 15:10:29.114 23276 23276 I ThermalEngine: Found field 'action_info'
03-10 15:10:29.114 23276 23276 I ThermalEngine: Created section 'SS-CPU7'
03-10 15:10:29.114 23276 23276 I ThermalEngine: Algo Type 'ss'
03-10 15:10:29.114 23276 23276 I ThermalEngine: Parsing section SS-CPU7
03-10 15:10:29.114 23276 23276 I ThermalEngine: Found field 'sampling'
03-10 15:10:29.114 23276 23276 I ThermalEngine: Found field 'sensor'
03-10 15:10:29.114 23276 23276 I ThermalEngine: Found field 'set_point'
03-10 15:10:29.114 23276 23276 I ThermalEngine: Found field 'set_point_clr'
03-10 15:10:29.114 23276 23276 I ThermalEngine: Found field 'device'
03-10 15:10:29.114 23276 23276 I ThermalEngine: Found field 'device_max_limit'
03-10 15:10:29.114 23276 23276 I ThermalEngine: Created section 'MON-MSM-CPU7'
03-10 15:10:29.114 23276 23276 I ThermalEngine: Algo Type 'monitor'
03-10 15:10:29.114 23276 23276 I ThermalEngine: Parsing section MON-MSM-CPU7
03-10 15:10:29.114 23276 23276 I ThermalEngine: Found field 'sampling'
03-10 15:10:29.114 23276 23276 I ThermalEngine: Found field 'sensor'
03-10 15:10:29.114 23276 23276 I ThermalEngine: Found field 'thresholds'
03-10 15:10:29.114 23276 23276 I ThermalEngine: Found field 'thresholds_clr'
03-10 15:10:29.114 23276 23276 I ThermalEngine: Found field 'actions'
03-10 15:10:29.114 23276 23276 I ThermalEngine: Found field 'action_info'
03-10 15:10:29.114 23276 23276 I ThermalEngine: Created section 'PAUSE-CPU7'
03-10 15:10:29.114 23276 23276 I ThermalEngine: Algo Type 'monitor'
03-10 15:10:29.114 23276 23276 I ThermalEngine: Parsing section PAUSE-CPU7
03-10 15:10:29.114 23276 23276 I ThermalEngine: Found field 'sampling'
03-10 15:10:29.114 23276 23276 I ThermalEngine: Found field 'sensor'
03-10 15:10:29.114 23276 23276 I ThermalEngine: Found field 'thresholds'
03-10 15:10:29.114 23276 23276 I ThermalEngine: Found field 'thresholds_clr'
03-10 15:10:29.114 23276 23276 I ThermalEngine: Found field 'actions'
03-10 15:10:29.114 23276 23276 I ThermalEngine: Found field 'action_info'
03-10 15:10:29.114 23276 23276 I ThermalEngine: Created section 'SS-GPU'
03-10 15:10:29.114 23276 23276 I ThermalEngine: Algo Type 'ss'
03-10 15:10:29.114 23276 23276 I ThermalEngine: Parsing section SS-GPU
03-10 15:10:29.114 23276 23276 I ThermalEngine: Found field 'sampling'
03-10 15:10:29.114 23276 23276 I ThermalEngine: Found field 'sensor'
03-10 15:10:29.114 23276 23276 I ThermalEngine: Found field 'set_point'
03-10 15:10:29.114 23276 23276 I ThermalEngine: Found field 'set_point_clr'
03-10 15:10:29.114 23276 23276 I ThermalEngine: Found field 'device'
03-10 15:10:29.114 23276 23276 I ThermalEngine: Created section 'MON-SAFETY'
03-10 15:10:29.114 23276 23276 I ThermalEngine: Algo Type 'monitor'
03-10 15:10:29.114 23276 23276 I ThermalEngine: Parsing section MON-SAFETY
03-10 15:10:29.114 23276 23276 I ThermalEngine: Found field 'sampling'
03-10 15:10:29.114 23276 23276 I ThermalEngine: Found field 'sensor'
03-10 15:10:29.114 23276 23276 I ThermalEngine: Found field 'thresholds'
03-10 15:10:29.114 23276 23276 I ThermalEngine: Found field 'thresholds_clr'
03-10 15:10:29.114 23276 23276 I ThermalEngine: Found field 'actions'
03-10 15:10:29.114 23276 23276 I ThermalEngine: Found field 'action_info'
03-10 15:10:29.114 23276 23276 I ThermalEngine: Created section 'MON-SOFTDEV'
03-10 15:10:29.114 23276 23276 I ThermalEngine: Algo Type 'monitor'
03-10 15:10:29.114 23276 23276 I ThermalEngine: Parsing section MON-SOFTDEV
03-10 15:10:29.114 23276 23276 I ThermalEngine: Found field 'sampling'
03-10 15:10:29.114 23276 23276 I ThermalEngine: Found field 'sensor'
03-10 15:10:29.114 23276 23276 I ThermalEngine: Found field 'thresholds'
03-10 15:10:29.114 23276 23276 I ThermalEngine: Found field 'thresholds_clr'
03-10 15:10:29.114 23276 23276 I ThermalEngine: Found field 'actions'
03-10 15:10:29.114 23276 23276 I ThermalEngine: Found field 'action_info'
03-10 15:10:29.114 23276 23276 I ThermalEngine: Created section 'MON-MDM-FR1-1'
03-10 15:10:29.114 23276 23276 I ThermalEngine: Algo Type 'monitor'
03-10 15:10:29.114 23276 23276 I ThermalEngine: Parsing section MON-MDM-FR1-1
03-10 15:10:29.114 23276 23276 I ThermalEngine: Found field 'sampling'
03-10 15:10:29.114 23276 23276 I ThermalEngine: Found field 'sensor'
03-10 15:10:29.114 23276 23276 I ThermalEngine: Found field 'thresholds'
03-10 15:10:29.114 23276 23276 I ThermalEngine: Found field 'thresholds_clr'
03-10 15:10:29.114 23276 23276 I ThermalEngine: Found field 'actions'
03-10 15:10:29.114 23276 23276 I ThermalEngine: Found field 'action_info'
03-10 15:10:29.115 23276 23276 I ThermalEngine: Created section 'MON-MDM-FR1-2'
03-10 15:10:29.115 23276 23276 I ThermalEngine: Algo Type 'monitor'
03-10 15:10:29.115 23276 23276 I ThermalEngine: Parsing section MON-MDM-FR1-2
03-10 15:10:29.115 23276 23276 I ThermalEngine: Found field 'sampling'
03-10 15:10:29.115 23276 23276 I ThermalEngine: Found field 'sensor'
03-10 15:10:29.115 23276 23276 I ThermalEngine: Found field 'thresholds'
03-10 15:10:29.115 23276 23276 I ThermalEngine: Found field 'thresholds_clr'
03-10 15:10:29.115 23276 23276 I ThermalEngine: Found field 'actions'
03-10 15:10:29.115 23276 23276 I ThermalEngine: Found field 'action_info'
03-10 15:10:29.115 23276 23276 I ThermalEngine: Created section 'MON-wireless-charge'
03-10 15:10:29.115 23276 23276 I ThermalEngine: Algo Type 'monitor'
03-10 15:10:29.115 23276 23276 I ThermalEngine: Parsing section MON-wireless-charge
03-10 15:10:29.115 23276 23276 I ThermalEngine: Found field 'sampling'
03-10 15:10:29.115 23276 23276 I ThermalEngine: Found field 'sensor'
03-10 15:10:29.115 23276 23276 I ThermalEngine: Found field 'thresholds'
03-10 15:10:29.115 23276 23276 I ThermalEngine: Found field 'thresholds_clr'
03-10 15:10:29.115 23276 23276 I ThermalEngine: Found field 'actions'
03-10 15:10:29.115 23276 23276 I ThermalEngine: Found field 'action_info'
03-10 15:10:29.115 23276 23276 I ThermalEngine: Created section 'MON-wlan'
03-10 15:10:29.115 23276 23276 I ThermalEngine: Algo Type 'monitor'
03-10 15:10:29.115 23276 23276 I ThermalEngine: Parsing section MON-wlan
03-10 15:10:29.115 23276 23276 I ThermalEngine: Found field 'sampling'
03-10 15:10:29.115 23276 23276 I ThermalEngine: Found field 'sensor'
03-10 15:10:29.115 23276 23276 I ThermalEngine: Found field 'thresholds'
03-10 15:10:29.115 23276 23276 I ThermalEngine: Found field 'thresholds_clr'
03-10 15:10:29.115 23276 23276 I ThermalEngine: Found field 'actions'
03-10 15:10:29.115 23276 23276 I ThermalEngine: Found field 'action_info'
03-10 15:10:29.115 23276 23276 I ThermalEngine: [MON-wlan]
03-10 15:10:29.115 23276 23276 I ThermalEngine: algo_type monitor
03-10 15:10:29.115 23276 23276 I ThermalEngine: sampling 5000
03-10 15:10:29.115 23276 23276 I ThermalEngine: sensor FUSE_TEMP
03-10 15:10:29.115 23276 23276 I ThermalEngine: thresholds 40000 41000 42000 43000 44000 45000
03-10 15:10:29.115 23276 23276 I ThermalEngine: thresholds_clr 39000 40000 41000 42000 43000 44000
03-10 15:10:29.115 23276 23276 I ThermalEngine: actions wlan-cutback wlan-cutback wlan-cutback wlan-cutback wlan-cutback wlan-cutback
03-10 15:10:29.115 23276 23276 I ThermalEngine: action_info 0 1 2 3 4 5
03-10 15:10:29.115 23276 23276 I ThermalEngine: [MON-wireless-charge]
03-10 15:10:29.115 23276 23276 I ThermalEngine: algo_type monitor
03-10 15:10:29.115 23276 23276 I ThermalEngine: sampling 2000
03-10 15:10:29.115 23276 23276 I ThermalEngine: sensor BCHG_TEMP
03-10 15:10:29.115 23276 23276 I ThermalEngine: thresholds 39000 41000 43000 44000 48000
03-10 15:10:29.115 23276 23276 I ThermalEngine: thresholds_clr 18000 39000 41000 43000 45000
03-10 15:10:29.115 23276 23276 I ThermalEngine: actions wireless_current wireless_current wireless_current wireless_current wireless_current
03-10 15:10:29.115 23276 23276 I ThermalEngine: action_info 1250 1000 800 500 100
03-10 15:10:29.115 23276 23276 I ThermalEngine: [MON-MDM-FR1-2]
03-10 15:10:29.115 23276 23276 I ThermalEngine: algo_type monitor
03-10 15:10:29.115 23276 23276 I ThermalEngine: sampling 5000
03-10 15:10:29.115 23276 23276 I ThermalEngine: sensor FRONT_MDM
03-10 15:10:29.115 23276 23276 I ThermalEngine: thresholds 46000 48000 50000 55000
03-10 15:10:29.115 23276 23276 I ThermalEngine: thresholds_clr 40000 46000 48000 50000
03-10 15:10:29.115 23276 23276 I ThermalEngine: actions modem_nr_scg_dsc modem_nr_scg_dsc+modem_lte_dsc modem_nr_scg_dsc+modem_lte_dsc modem_nr_scg_dsc
03-10 15:10:29.115 23276 23276 I ThermalEngine: action_info 7 8+9 9+10 10
03-10 15:10:29.115 23276 23276 I ThermalEngine: [MON-MDM-FR1-1]
03-10 15:10:29.115 23276 23276 I ThermalEngine: algo_type monitor
03-10 15:10:29.117  3706  3728 I android.hardware.thermal@2.0-service.qti-v2: Sensor Name:CPU5 temp: 67.4. prev severity:0. cur severity:0 New severity:0
03-10 15:10:29.117  3706  3728 I android.hardware.thermal@2.0-service.qti-v2: Sensor Name:CPU6 temp: 68.7. prev severity:0. cur severity:0 New severity:0
03-10 15:10:29.117  3706  3728 I android.hardware.thermal@2.0-service.qti-v2: Sensor Name:CPU7 temp: 62.6. prev severity:0. cur severity:0 New severity:0
03-10 15:10:29.117  3706  3728 I android.hardware.thermal@2.0-service.qti-v2: Sensor Name:nsp0 temp: 57.1. prev severity:0. cur severity:0 New severity:0
03-10 15:10:29.117  3706  3728 I android.hardware.thermal@2.0-service.qti-v2: Sensor Name:nsp1 temp: 57.1. prev severity:0. cur severity:0 New severity:0
03-10 15:10:29.117  3706  3728 I android.hardware.thermal@2.0-service.qti-v2: Sensor Name:nsp2 temp: 57.8. prev severity:0. cur severity:0 New severity:0
03-10 15:10:29.117  3706  3728 I android.hardware.thermal@2.0-service.qti-v2: Sensor Name:GPU0 temp: 57.4. prev severity:0. cur severity:0 New severity:0
03-10 15:10:29.117  3706  3728 I android.hardware.thermal@2.0-service.qti-v2: Sensor Name:GPU1 temp: 56.8. prev severity:0. cur severity:0 New severity:0
03-10 15:10:29.119  3163  3229 D ActivityTaskManager: Top Process State changed to PROCESS_STATE_TOP
03-10 15:10:29.120  5625  5669 V WindowManagerShell: Transition requested (#4524): android.os.BinderProxy@7f69c TransitionRequestInfo { type = WAKE, triggerTask = null, pipTask = null, remoteTransition = null, displayChange = null, flags = 0, debugId = 4524 }
03-10 15:10:29.120  3163  3229 V WindowManager: Content Recording: Display 1 state was (2), is now (1), so update recording?
03-10 15:10:29.120  3163  3229 D CLI/Transition: displaygroup 1, state OFF, pendingdisplaygroup 1
03-10 15:10:29.120  3163  3229 W SurfaceControl: Invalid layer stack -1
03-10 15:10:29.120  3163  3229 I DisplayDevice: [1] Layerstack set to -1 for local:4630947043778501763 mDisplayToken=android.os.BinderProxy@433f576 t=Transaction{mNativeObject=-5476376673043392304, mHashCode=0}
03-10 15:10:29.122  3163  4279 I PowerGroup: Waking up power group from Asleep (groupId=0, uid=1000, reason=WAKE_REASON_LID, details=cli: lid state change)...
03-10 15:10:29.122  3163  4279 W BoostOptController: not supported hint: 118
03-10 15:10:29.123  3163  4285 I InputReader: Reconfiguring input devices, changes=DISPLAY_INFO
03-10 15:10:29.123  3163  4285 I InputReader: Disabling goodix_ts (device 7) because the associated viewport is not active
03-10 15:10:29.123  3163  4285 I InputReader: Disabling zinitix_mt (device 6) because the associated viewport is not active
03-10 15:10:29.123  3163  4285 I InputReader: Device reconfigured: id=6, name='zinitix_mt', size 194x368, orientation Rotation0, mode DISABLED, display id 1
03-10 15:10:29.123  3163  4279 D CLI/Transition_Lid: finished waiting for displaygroup 1 off.
03-10 15:10:29.123  3163  4279 D CLI/Rotation: Set volume keyswap sysprop for rotation 0 lidState OPEN
03-10 15:10:29.126  3163  3227 D TouchHwAidlService: updateCliDisplayState: mCliScreenOn=false
03-10 15:10:29.127  3163  3163 I WindowManager: Started waking up... (groupId=0 why=ON_BECAUSE_OF_USER) pmWakeReason=WAKE_REASON_LID
03-10 15:10:29.127  3163  3231 D PanelsService: updateCliDisplayState: mCliScreenState=OFF
03-10 15:10:29.131 23276 23449 I ThermalEngine: Monitor:ACTIVE:MON-wireless-charge:wireless_current=1000:BCHG_TEMP=42884
03-10 15:10:29.132  3163  3163 I WindowManager: awakenDreams callers=com.android.server.policy.PhoneWindowManager.startedWakingUp:7593 com.android.server.power.Notifier.lambda$handleEarlyInteractiveChange$0:603 com.android.server.power.Notifier.$r8$lambda$JPimfzsYkXWexBDnIhDxNZnALw4:0 com.android.server.power.Notifier$$ExternalSyntheticLambda8.run:0 android.os.Handler.handleCallback:1001 
03-10 15:10:29.132  3163  3163 I DreamManagerService: awaken by com.android.dynsystem callingUid=1000 callingPid=3163
03-10 15:10:29.132  3163  3163 V PowerManager: userActivity when=62735819 event=0 flags=0 displayId=0 by (android) callers=android.os.PowerManager.userActivity:1487 com.android.server.dreams.DreamManagerService.requestAwakenInternal:496 com.android.server.dreams.DreamManagerService.-$$Nest$mrequestAwakenInternal:0 
03-10 15:10:29.133  3163  3163 W BoostOptController: not supported hint: 118
03-10 15:10:29.133 23276 23449 E ThermalEngine: Mitigation:WirelessCurrent:1000
03-10 15:10:29.134 22300 22755 D BufferPoolAccessor2.0: bufferpool2 0xb400006ec302ec18 : 6(18800640 size) total buffers - 4(12533760 size) used buffers - 1479/1485 (recycle/alloc) - 6/1482 (fetch/transfer)
03-10 15:10:29.135  6942  6972 D ForegroundUtils: Foreground UID status: 10240, true; 10246, false; 10292, true; 10363, false; 10394, true; 10404, true; 10408, true; 10416, false; 10618, false; 10626, true; 
03-10 15:10:29.137  3163  3231 W ServiceManagerCppClient: Failed to get isDeclared for com.motorola.hardware.display.panel.IDisplayPanel/default: Status(-1, EX_SECURITY): 'SELinux denied.'
03-10 15:10:29.137  3163  3231 D DisplayPanelService: Setting panel dc mode: 0
03-10 15:10:29.137  2090  2090 I DisplayPanel: setDcMode: DC mode = OFF
03-10 15:10:29.137  2090  2090 D DisplayPanel: setParam: Success set DC to 0 for Primary display
03-10 15:10:29.142 23276 23449 I ThermalEngine: Monitor:ACTIVE:MON-SOFTDEV:SoftDev=1:FUSE_TEMP=42735
03-10 15:10:29.142  7545  7545 I FileStationLog: [ FS_h$a ] - [Display] Changed display: 1
03-10 15:10:29.143 23276 23449 E ThermalEngine: ACTION: SoftDev - Setting SoftDev mitigation to 1
03-10 15:10:29.146 10834 10834 I PkDeviceHelper: PkDeviceHelper.refreshDevices():93 refreshing devices
03-10 15:10:29.147  5993  8761 I NearbyDiscovery: (REDACTED) FastPairHandler: Received action %s
03-10 15:10:29.148  5993  8761 I NearbyDiscovery: (REDACTED) PureOffloadFastPairScanner: eventType=%s, isInternalReq=%s, isScanning=%s, isScanningAllowed=%s
03-10 15:10:29.148 23276 23450 I ThermalEngine: SS:ACTIVE:SS-CPU7:cpu-cluster2=0:FUSE_TEMP=42729
03-10 15:10:29.153  7545  7545 I FileStationLog: [ FS_h$a ] - [Display] Ignoring change for non-default/desktop display: 1
03-10 15:10:29.154 23276 23450 I ThermalEngine: SS:ACTIVE:SS-CPU4:cpu-cluster1=0:FUSE_TEMP=42731
03-10 15:10:29.157  5993  8761 I NearbyDiscovery: (REDACTED) ApFastPairScanner: isScreenOn=%s, isLocationEnabled=%s, disableLocationRequirement=%s, isDiscoveryScanningEnabled=%s, during24GhzWifiWarmingUpPeriod=%s
03-10 15:10:29.158  6344  6344 V ClockFace: onDataSetChanged: clock update in remote
03-10 15:10:29.158  3163  4188 W PackageManager: Missing required system package: com.recime.app, but found with extended search.
03-10 15:10:29.160  5993  8761 D BluetoothAdapter: isLeEnabled(): ON
03-10 15:10:29.168  5993  8761 I NearbyDiscovery: (REDACTED) ApFastPairScanner: eventType=%s, intReq=%s, scanning=%s, scanAllowed=%s, bleEnabled=%s, lockScanRate=%s, startScanningByLowPowerMode=%s
03-10 15:10:29.168  5993  8761 I NearbyDiscovery: (REDACTED) ApFastPairScanner: isScreenOn=%s, isLocationEnabled=%s, disableLocationRequirement=%s, isDiscoveryScanningEnabled=%s, during24GhzWifiWarmingUpPeriod=%s
03-10 15:10:29.169  5993  8761 I NearbyDiscovery: (REDACTED) ApFastPairScanner: Start scanning internally, %s
03-10 15:10:29.169  5993  8761 D BluetoothAdapter: isLeEnabled(): ON
03-10 15:10:29.171  7876 15030 I BatteryCare: [SmartBackground] [DGMC::AccelerateSmartCleanReceiver] action received: android.intent.action.SCREEN_ON
03-10 15:10:29.173 23276 23449 I ThermalEngine: Monitor:ACTIVE:MON-MSM-CPU7:cpu-cluster2=1286400:FUSE_TEMP=42740
03-10 15:10:29.173 23276 23449 I ThermalEngine: ACTION: CPU - Setting CPU[7] to 7
03-10 15:10:29.176  7876 15030 W BatteryCare: [SmartBackground] [DGMC::AccelerateSmartCleanReceiver] Enter disableMidNightByScreen, isEnableBySleepMode = false
03-10 15:10:29.176  7876 15030 I BatteryCare: [SmartBackground] [DGMC::AccelerateSmartCleanReceiver] disableMidNightByScreen isSleepMode or isEnableBySleepMode return
03-10 15:10:29.179 22300 22304 I com.recime.app: Background concurrent mark compact GC freed 49MB AllocSpace bytes, 216(6580KB) LOS objects, 75% free, 20MB/83MB, paused 46.176ms,85.067ms total 1.448s
03-10 15:10:29.175  5658 28836 I bt_shim_scanner: system/main/shim/le_scanning_manager.cc:172 RegisterScanner: in shim layer
03-10 15:10:29.187  5993  8135 D BluetoothLeScanner: onScannerRegistered() - status=0 scannerId=1 mScannerId=0
03-10 15:10:29.188 23276 23449 I ThermalEngine: Monitor:ACTIVE:MON-MSM-CPU4:cpu-cluster1=1651200:FUSE_TEMP=42767
03-10 15:10:29.189 23276 23449 I ThermalEngine: ACTION: CPU - Setting CPU[4] to 4
03-10 15:10:29.191  2068  5913 D vendor.qti.bluetooth@1.0-wake_lock: Release wakelock is released 
03-10 15:10:29.196 23146 14200 D AdvertisingIdClient: AdvertisingIdClient already created.
03-10 15:10:29.196  5658  6105 I bt_shim_scanner: system/main/shim/le_scanning_manager.cc:282 ScanFilterEnable: in shim layer
03-10 15:10:29.197 23276 23449 I ThermalEngine: Monitor:ACTIVE:MON-MSM-CPU0:cpu-cluster0=1363200:FUSE_TEMP=42753
03-10 15:10:29.197 23276 23449 I ThermalEngine: ACTION: CPU - Setting CPU[0] to 3
03-10 15:10:29.197  2068  2068 D vendor.qti.bluetooth@1.0-ibs_handler: SerialClockVote: vote for UART CLK ON
03-10 15:10:29.197  2068  2068 D vendor.qti.bluetooth@1.0-wake_lock: Acquire wakelock is acquired 
03-10 15:10:29.197  2068  2068 I vendor.qti.bluetooth@1.0-ibs_handler: DeviceWakeUp: Writing IBS_WAKE_IND
03-10 15:10:29.201  5658  6105 I bt_shim_scanner: system/main/shim/le_scanning_manager.cc:258 ScanFilterAdd: in shim layer
03-10 15:10:29.201  5993  8761 I NearbyDiscovery: (REDACTED) ApFastPairScanner: Start scanning, mode=%s
03-10 15:10:29.202  5993  8761 I NearbyDiscovery: FastPairController: onSystemStateChanged: skip due to flag disabled [CONTEXT service_id=265 ]
03-10 15:10:29.203 23146 14200 I AdvertisingIdClient: shouldSendLog 98163193
03-10 15:10:29.203 23146 14200 I AdvertisingIdClient: GetInfoInternal elapse 7ms
03-10 15:10:29.203  2068  6060 I vendor.qti.bluetooth@1.0-ibs_handler: ProcessIbsCmd: Received IBS_WAKE_ACK: 0xFC
03-10 15:10:29.203  2068  6060 I vendor.qti.bluetooth@1.0-ibs_handler: ProcessIbsCmd: Signal wack_cond_
03-10 15:10:29.203  2068  2068 D vendor.qti.bluetooth@1.0-ibs_handler: DeviceWakeUp: Unblocked from waiting for FC, pthread_cond_timedwait ret = 0
03-10 15:10:29.203  5658  6105 I bt_shim_scanner: system/main/shim/le_scanning_manager.cc:220 ScanFilterParamSetup: in shim layer, clientIf=1
03-10 15:10:29.204  5658  6105 I bt_shim_scanner: system/main/shim/le_scanning_manager.cc:258 ScanFilterAdd: in shim layer
03-10 15:10:29.204  5658  6105 I bt_shim_scanner: system/main/shim/le_scanning_manager.cc:220 ScanFilterParamSetup: in shim layer, clientIf=1
03-10 15:10:29.204  2068  6060 I vendor.qti.bluetooth@1.0-ibs_handler: ProcessIbsCmd: Received IBS_WAKE_IND: 0xFD
03-10 15:10:29.204  2068  6060 I vendor.qti.bluetooth@1.0-ibs_handler: ProcessIbsCmd: Writing IBS_WAKE_ACK
03-10 15:10:29.209 23276 23449 I ThermalEngine: Monitor:ACTIVE:MON-CHG-BATT1:battery=4:BCHG_TEMP=42864
03-10 15:10:29.211  2064  4171 I slpi-MOT_HINGE: Hingeposture 110.0 tent:0 gpio:-1 flip:1 flat:1 b:-1.3 8.9 3.8 181.4 213.0 -86.5 f:-1.1 3.9 -8.9 -378.1 -61.1 -221.7
03-10 15:10:29.218 23276 23449 I ThermalEngine: Monitor:ACTIVE:MON-CHG-BATT0:battery=6:BCHG_TEMP=42882
03-10 15:10:29.219 23276 23449 E ThermalEngine: First running, skip
03-10 15:10:29.219 23276 23449 I ThermalEngine: Monitor:ACTIVE:OVERRIDE-CHG:internal_override=1:DETECT-STANDBY=1
03-10 15:10:29.220 23276 23449 I ThermalEngine: ACTION: override_c - Setting override_c to 1
03-10 15:10:29.205  5658  6105 I bt_shim_scanner: system/main/shim/le_scanning_manager.cc:185 Scan: in shim layer started
03-10 15:10:29.220  5658  5907 I bluetooth: system/gd/hci/le_scanning_manager.cc:690 stop_scan: Scanning already stopped, return!
03-10 15:10:29.220  5658  5907 I bluetooth: system/gd/hci/le_address_manager.cc:226 register_client: Scheduled address rotation for first client registered
03-10 15:10:29.220  5658  5907 I bluetooth: system/gd/hci/le_address_manager.cc:229 register_client: Client registered
03-10 15:10:29.222  5658  6105 I bt_shim_scanner: system/main/shim/le_scanning_manager.cc:185 Scan: in shim layer stopped
03-10 15:10:29.222  5658  5907 I bluetooth: system/gd/hci/le_address_manager.cc:244 unregister_client: Client unregistered
03-10 15:10:29.222  5658  5907 I bluetooth: system/gd/hci/le_address_manager.cc:248 unregister_client: Cancelled address rotation alarm
03-10 15:10:29.225  5658  6105 W BtGatt.JNI: android/app/jni/com_android_bluetooth_gatt.cpp:1597 gattSetScanParametersNative: gattSetScanParametersNative
03-10 15:10:29.225  5658  6105 I bt_shim_scanner: system/main/shim/le_scanning_manager.cc:363 SetScanParameters: in shim layer, scannerId=1
03-10 15:10:29.226  5658  6105 I bt_shim_scanner: system/main/shim/le_scanning_manager.cc:185 Scan: in shim layer started
03-10 15:10:29.227  5658  5907 I bluetooth: system/gd/hci/le_scanning_manager.cc:690 stop_scan: Scanning already stopped, return!
03-10 15:10:29.227 23276 23448 I ThermalEngine: Thermal-Server: Thermal received msg from  override_c
03-10 15:10:29.227 23276 23454 I Thermal-Lib: Thermal-Lib-Client: Client request sent
03-10 15:10:29.227  5658  5907 I bluetooth: system/gd/hci/le_address_manager.cc:226 register_client: Scheduled address rotation for first client registered
03-10 15:10:29.227  5658  5907 I bluetooth: system/gd/hci/le_address_manager.cc:229 register_client: Client registered
03-10 15:10:29.240 23276 23449 I ThermalEngine: Monitor:ACTIVE:MON-CHG-BATT1:battery=3:BCHG_TEMP=42872
03-10 15:10:29.246  2195  2392 I SDM     : DisplayBase::SetDisplayState: active 0-0 state 0-0 pending_power_state_ 0
03-10 15:10:29.247  2214  2254 W ANDR-PERF-LM: FeatureState: readState() 151: warning: appName is NULL, returning default State
03-10 15:10:29.247  2214  2254 W ANDR-PERF-LM: FeatureState: readState() 151: warning: appName is NULL, returning default State
03-10 15:10:29.247  2214  2254 W ANDR-PERF-LM: FeatureState: readState() 151: warning: appName is NULL, returning default State
03-10 15:10:29.248  5993 23432 I NetworkScheduler: (REDACTED) Error inserting %s
03-10 15:10:29.251  2300  2300 W ComposerExtn: DisplayExtnImpl::SetEarlyWakeUpConfig: HWC Display 2 is not registered!
03-10 15:10:29.251  2300  2300 D SurfaceFlinger: Finished setting power mode 0 on display 4630947043778501763
03-10 15:10:29.265  3163  5308 D SurfaceControl: Excessive delay in setPowerMode()
03-10 15:10:29.266  3163  5308 D PowerManagerService: nativeSetPowerMode ret:false mode:9 enabled:true duration ms: 0
03-10 15:10:29.270  2068  6060 I vendor.qti.bluetooth@1.0-ibs_handler: ProcessIbsCmd: Received IBS_SLEEP_IND: 0xFE
03-10 15:10:29.293  3163  6909 W PackageManager: Missing required system package: wsj.reader_sp, but found with extended search.
03-10 15:10:29.293  3163  6909 W PackageManager: Missing required system package: whitecastle.ordering, but found with extended search.
03-10 15:10:29.293  3163  6909 W PackageManager: Missing required system package: sp0n.citizen, but found with extended search.
03-10 15:10:29.293  3163  6909 W PackageManager: Missing required system package: org.rajman.neshan.traffic.tehran.navigator, but found with extended search.
03-10 15:10:29.293  3163  6909 W PackageManager: Missing required system package: org.me.mobiexpensifyg, but found with extended search.
03-10 15:10:29.293  3163  6909 W PackageManager: Missing required system package: org.kiva.lending, but found with extended search.
03-10 15:10:29.293  3163  6909 W PackageManager: Missing required system package: onxmaps.offroad, but found with extended search.
03-10 15:10:29.293  3163  6909 W PackageManager: Missing required system package: onxmaps.hunt, but found with extended search.
03-10 15:10:29.293  3163  6909 W PackageManager: Missing required system package: mnn.Android, but found with extended search.
03-10 15:10:29.294  3163  3352 I WindowManager: Display 0 turning on...
03-10 15:10:29.298  3163  3231 D DisplayManagerService: Ignore redundant display event 1/2 to 10416/11416
03-10 15:10:29.309  3163  3229 V WindowManager: Content Recording: Display 1 state was (1), is now (1), so update recording?
03-10 15:10:29.309  3163  3229 D CLI/Transition: displaygroup 1, state OFF, pendingdisplaygroup -1
03-10 15:10:29.309  3163  3231 D DisplayManagerService: Ignore redundant display event 1/2 to 10416/11416
03-10 15:10:29.309  7545  7545 I FileStationLog: [ FS_h$a ] - [Display] Changed display: 1
03-10 15:10:29.310  2926  2926 D fpc_hidl: lid-state=1
03-10 15:10:29.311  3163  3352 I DisplayBrightnessStrategySelector: Changing the DisplayBrightnessStrategy from ScreenOffBrightnessStrategy to InvalidBrightnessStrategy for display 0
03-10 15:10:29.311  2064  2064 I sensors-hal: batch:206, android.sensor.light/51, period=250000000, max_latency=0
03-10 15:10:29.311  2064  2064 I sensors-hal: set_config:61, no need to adjust sample_period_ns due to reporting_mode = 2
03-10 15:10:29.311  2064  2064 I sensors-hal: batch:215, android.sensor.light/51, period=250000000, max_latency=0 request completed
03-10 15:10:29.312  3163  4279 D MotoFingerprint: resultCode : 0
03-10 15:10:29.312  2064  2064 I sensors-hal: activate:173, android.sensor.light/51 en=1
03-10 15:10:29.312  2064  2064 I sensors-hal: get_qmi_debug_flag:239, support_qmi_debug : false
03-10 15:10:29.312  3163  6909 W PackageManager: Missing required system package: io.appium.settings, but found with extended search.
03-10 15:10:29.313  3163  6909 W PackageManager: Missing required system package: gplx.simple.budgetapp, but found with extended search.
03-10 15:10:29.313  3163  6909 W PackageManager: Missing required system package: de.zalando.mobile, but found with extended search.
03-10 15:10:29.313  3163  6909 W PackageManager: Missing required system package: ctrip.english, but found with extended search.
03-10 15:10:29.313  3163  6909 W PackageManager: Missing required system package: crumbl.cookies, but found with extended search.
03-10 15:10:29.313  3163  6909 W PackageManager: Missing required system package: com.zzkko, but found with extended search.
03-10 15:10:29.313  3163  6909 W PackageManager: Missing required system package: com.zhiliaoapp.musically, but found with extended search.
03-10 15:10:29.313  3163  6909 W PackageManager: Missing required system package: com.zellepay.zelle, but found with extended search.
03-10 15:10:29.313  3163  6909 W PackageManager: Missing required system package: com.zappos.android, but found with extended search.
03-10 15:10:29.313  3163  6909 W PackageManager: Missing required system package: com.yum.pizzahut, but found with extended search.
03-10 15:10:29.313  3163  6909 W PackageManager: Missing required system package: com.youneedabudget.evergreen.app, but found with extended search.
03-10 15:10:29.313  3163  4131 D WindowManager: mKeyguardDelegate.ShowListener.onDrawn.
03-10 15:10:29.314  2061  2108 E minksocket: MinkIPC_QRTR_Service: client with node 1 port 78de went down
03-10 15:10:29.314  2061  2108 E minksocket: MinkIPC_QRTR_Service: client with node 1 port 78df went down
03-10 15:10:29.314  2067 14471 D AHAL: AudioDevice: SetParameters: 1564: enter: screen_state=off
03-10 15:10:29.314  2067 14471 D AHAL: AudioVoice: VoiceSetParameters: 87: Enter params: screen_state=off
03-10 15:10:29.314  2067 14471 D AHAL: AudioVoice: VoiceSetParameters: 360: Exit ret: 0
03-10 15:10:29.314  2067 14471 D AHAL: FM: fm_set_parameters: 262: Enter
03-10 15:10:29.314  2067 14471 D AHAL: FM: fm_set_parameters: 320: exit
03-10 15:10:29.314  2067 14471 D AHAL: AudioDevice: SetParameters: 1628:  - screen = off
03-10 15:10:29.315  2067 14471 I PAL: ResourceManager: setParameter: 8311: Screen State:0
03-10 15:10:29.315  3163  3229 W WindowManager: Setting mKeyguardDrawComplete
03-10 15:10:29.315  2067 14471 D AHAL: AudioDevice: SetParameters: 2361: exit: screen_state=off
03-10 15:10:29.315  2064  2064 E Diag_Lib: diag: Diag_LSM_Init: invoked for pid: 2064 with init_count: 0
03-10 15:10:29.315  2061  2108 E minksocket: MinkIPC_QRTR_Service: client with node 1 port 78e0 went down
03-10 15:10:29.315  2061  2108 E minksocket: MinkIPC_QRTR_Service: client with node 1 port 78e1 went down
03-10 15:10:29.315  2064  2064 E Diag_Lib: diag:failed to connect to diag socket
03-10 15:10:29.315  2064  2064 E Diag_Lib:  Diag_LSM_Init: Failed to open handle to diag driver, error = 13
03-10 15:10:29.315  2064  2064 I sensors-hal: send_sensor_config_request:463, dt=ambient_light: convert sample_period=250000000 to batch_period=250000
03-10 15:10:29.315  2064  2064 I sensors-hal: send_sync_sensor_request:341, send sync request
03-10 15:10:29.315  3163  6909 W PackageManager: Missing required system package: com.yelp.android, but found with extended search.
03-10 15:10:29.315  2064  2064 I sensors-hal: send_sync_sensor_request:367, wait for notification of response
03-10 15:10:29.315  3163  6909 W PackageManager: Missing required system package: com.whatsapp, but found with extended search.
03-10 15:10:29.315  3163  6909 W PackageManager: Missing required system package: com.whatnot_mobile, but found with extended search.
03-10 15:10:29.316  3163  6909 W PackageManager: Missing required system package: com.wendys.nutritiontool, but found with extended search.
03-10 15:10:29.316  3163  6909 W PackageManager: Missing required system package: com.wealthsimple.trade, but found with extended search.
03-10 15:10:29.316  3163  6909 W PackageManager: Missing required system package: com.wealthfront, but found with extended search.
03-10 15:10:29.316  3163  6909 W PackageManager: Missing required system package: com.waze, but found with extended search.
03-10 15:10:29.316  3163  6909 W PackageManager: Missing required system package: com.wayfair.wayfair, but found with extended search.
