03-10 16:59:54.299  2163  2163 D motorola.hardware.sensorext-service: handle id:13 wxh:1088x2640 uwxuh:1080x2640 size: 11489280 fd:11 fd_meta:12 flags:0x4000228 usage:0x33  format:0x1 layer_count: 1 reserved_size = 0
03-10 16:59:54.299  2195  2586 I SDM     : HWCSession::SetCWBOutputBuffer: CWB config passed by cwb_client : tappoint 1  CWB_ROI : (210.000000 26.000000 274.000000 90.000000) for display [1 0 0]
03-10 16:59:54.300  2064  4171 D slpi-TCS3720: ALS_REPORT lux 110.801781, ch0 52.489368-29.287657-21.556263-11.794632, scale 1.1878, fps 90, client 1
03-10 16:59:54.300  2064  4171 D slpi-TCS3720: PRX_OC info Far, Total 0, pdata 0, offset 0 step 0.63, ore 0:0 step 21.00, TH_H 1020, TH_L 0, client 0
03-10 16:59:54.300  2186  2186 I CamxPrvdr@2.7-legacy: notifyDeviceStateChange: New device state: 0x4
03-10 16:59:54.300  2186  2186 I CamxComm1.0-CamModule: notifyDeviceStateChange: calling notify_device_state_change with state 4
03-10 16:59:54.300  2186  2186 D CamX    : [DEBUG][HAL    ] camxhal3module.cpp:411 NotifyDeviceStateChange() New Device State: 4
03-10 16:59:54.302  3163  4279 I PowerGroup: Sleeping power group (groupId=0, uid=1000, reason=lid_switch)...
03-10 16:59:54.302  3163  3163 I WindowManager: Started going to sleep... (groupId=0 why=OFF_BECAUSE_OF_USER) notifySleepToKeyguard=true lidState=0 pmSleepReason=lid_switch
03-10 16:59:54.302  3163  4279 I PowerManagerService: Sleeping (uid 1000)...
03-10 16:59:54.303  2195 10088 I SDM     : HWCDisplay::SetReadbackBuffer: CWB config from client: tap_point 1, CWB ROI Rect(210.000000 26.000000 274.000000 90.000000), PU_as_CWB_ROI 0, Cwb full rect : (0.000000 0.000000 1080.000000 2640.000000)
03-10 16:59:54.303  2195 10088 I SDM     : HWCDisplay::SetReadbackBuffer: Successfully configured the output buffer: readback_buffer_queued_ 1, readback_configured_ 0, cwb_client 3
03-10 16:59:54.304  2195 10088 I SDM     : HWCSession::ProcessRequests: Successfully configured CWB buffer.
03-10 16:59:54.304  3163  3231 D PanelsService: onAwakeStateChanged.. isAwake=false
03-10 16:59:54.304  3163  3231 D TouchHwAidlService: onAwakeStateChanged.. isAwake=false
03-10 16:59:54.304 10834 10834 I GoogleInputMethodService: GoogleInputMethodService.onFinishInput():2097 
03-10 16:59:54.304 10834 10834 I Module  : DeviceLockedStatusModuleProvider$Module.updateDeviceLockedStatus():103 repeatCheckTimes = 0, locked = false
03-10 16:59:54.307  5625  5943 D KeyguardTransitionRepository: (Internal) Setting current transition info: TransitionInfo(ownerName=FromGoneTransitionInteractor(Sleep transition triggered), from=GONE, to=DOZING, animated)
03-10 16:59:54.307  5625  5625 V TrustManager: clearAllBiometricRecognized unlockedUser=-10000 source=FINGERPRINT callers=com.android.keyguard.KeyguardUpdateMonitor.clearFingerprintRecognized:16 com.android.keyguard.KeyguardUpdateMonitor$14.handleMessage:941 android.os.Handler.dispatchMessage:112 android.os.Looper.loopOnce:268 android.os.Looper.loop:384 
03-10 16:59:54.308  3163  3231 D TouchHwAidlService: Register stow sensor:true
03-10 16:59:54.308  7314  7314 D GameMode: mCLIStatusReceiver: 0
03-10 16:59:54.308  3163  4279 D PowerManagerService: nativeReleaseSuspendBlocker name:PowerManagerService.WakeLocks duration ms: 2
03-10 16:59:54.309  3163  4279 D CLI/Transition_Lid: Doze cli display for lid close
03-10 16:59:54.309  3163  4279 I PowerManagerService: Dozing display group (groupId=1, now=69300995)...
03-10 16:59:54.309  3163  4279 I PowerManagerService: Going to sleep due to application (uid 1000, screenOffTimeout=1800000, activityTimeoutWM=-1, maxDimRatio=0.20000005, maxDimDur=7000)...
03-10 16:59:54.309  5625  5625 D KeyguardViewMediator: KeyguardViewMediator queue processing message: NOTIFY_STARTED_GOING_TO_SLEEP
03-10 16:59:54.310  3163  4279 E WindowManager: Display reconfigured outside of a transition: Display{#0 state=ON size=1080x2640 ROTATION_0}
03-10 16:59:54.311  3163  4279 D CLI/Rotation: Set volume keyswap sysprop for rotation 0 lidState CLOSED
03-10 16:59:54.313  3163  3352 I DisplayPowerController2[0]: 03-10 16:59:54.312 - BrightnessEvent: disp=0, physDisp=local:4630947043778501762, displayState=ON, displayPolicy=OFF, brt=0.27614477, initBrt=0.27614477, rcmdBrt=0.27614477, preBrt=0.17853455, lux=16.533806, preLux=7.5, brtNits=53.91898, hdrNits=NaN, initNits=53.91898, preNits=23.869862, rcmdNits=53.91898, hdrBrightness=NaN, brt(%)=32%, brtInt=71, hbmPolicy=normal, hbmMax=0.85440856, hbmMode=off, rbcStrength=50, thrmMax=1.0, powerFactor=1.0, wasShortTermModelActive=false, flags=, reason=automatic, autoBrightness=true, strategy=InvalidBrightnessStrategy, autoBrightnessMode=default
03-10 16:59:54.313  3163  3352 I DisplayPowerController2[0]: Blocking screen off
03-10 16:59:54.313  3163  3352 I WindowManager: Display 0 turning off...
03-10 16:59:54.313  3163  3352 I DisplayPowerController2[0]: Unblocked screen off after 0 ms
03-10 16:59:54.314  2195 10088 I SDM     : HWCSession::ProcessRequests: Pushing release fence in fenece wait queue.
03-10 16:59:54.314  2195 10088 I SDM     : HWCSession::ProcessRequests: Creating AsyncFenceWaits async thread.
03-10 16:59:54.314  2195 10088 I SDM     : HWCSession::ProcessRequests: Remove current CWB request from the pending request queue.
03-10 16:59:54.314  2195 10088 I SDM     : HWCSession::ProcessRequests: No pending cwb requests found in the queue.
03-10 16:59:54.314  3065  3276 E Thermal-Lib: Thermal-Lib-Client:do_listen: recv failed
03-10 16:59:54.314  3084  3373 E Thermal-Lib: Thermal-Lib-Client:do_listen: recv failed
03-10 16:59:54.315  3163  3163 D TrustManagerService: refreshDeviceLockedForUser(userId=-1, unlockedUser=-10000), secure=false, showingKeyguard=false, trusted=false, biometricAuthenticated=false, currentUserIsUnlocked=false, deviceLocked=false
03-10 16:59:54.315  3065  3276 E Thermal-Lib: Thermal-Lib-Client:do_listen: recv failed
03-10 16:59:54.315  3084  3373 E Thermal-Lib: Thermal-Lib-Client:do_listen: recv failed
03-10 16:59:54.316  5625  5625 I KeyguardTransitionRepository: STARTED transition: TransitionStep(from=GONE, to=DOZING, value=0.0, transitionState=STARTED, ownerName=FromGoneTransitionInteractor(Sleep transition triggered))
03-10 16:59:54.317  2061  2108 E minksocket: MinkIPC_QRTR_Service: client with node 1 port 6826 went down
03-10 16:59:54.317  2061  2108 E minksocket: MinkIPC_QRTR_Service: client with node 1 port 6820 went down
03-10 16:59:54.317  2061  2108 E minksocket: MinkIPC_QRTR_Service: client with node 1 port 6829 went down
03-10 16:59:54.317  2061  2108 E minksocket: MinkIPC_QRTR_Service: client with node 1 port 6814 went down
03-10 16:59:54.321  2926  2926 D fpc_hidl: lid-state=0
03-10 16:59:54.322  3163  4279 D MotoFingerprint: resultCode : 0
03-10 16:59:54.324  3163  3352 I WindowManager: Display0 turned off...
03-10 16:59:54.326  2064  2064 I sensors-hal: batch:206, com.motorola.sensor.stowed/65568, period=200000000, max_latency=0
03-10 16:59:54.326  2064  2064 I sensors-hal: set_config:61, no need to adjust sample_period_ns due to reporting_mode = 2
03-10 16:59:54.326  2064  2064 I sensors-hal: batch:215, com.motorola.sensor.stowed/65568, period=200000000, max_latency=0 request completed
03-10 16:59:54.326  5625  5625 I vol.VolumeDialogImpl: mDialog.dismiss() reason: volume_controller from: com.android.systemui.volume.VolumeDialogImpl$10.onDismissRequested:3 displayId: 0 mShowing: false mIsAnimatingDismiss: true
03-10 16:59:54.326  5625  5625 D vol.VolumeDialogImpl: dismissH: skipping dismiss because isAnimatingDismiss is true and showingStateInconsistent is false
03-10 16:59:54.326  2195 10090 I SDM     : HWCSession::NotifyCWBStatus: Notify the client about buffer status 0.
03-10 16:59:54.327  2195 10090 I SDM     : HWCSession::PerformFenceWaits: Remove current release fence from the pending fence wait queue.
03-10 16:59:54.327  2195 10090 I SDM     : HWCSession::PerformFenceWaits: CWB fence queue is empty. No pending release fence to wait on.
03-10 16:59:54.336  3163  3352 D ActivityTaskManager: Top Process State changed to PROCESS_STATE_TOP_SLEEPING
03-10 16:59:54.338  2195  2269 I SDM     : HWDeviceDRM::SetupConcurrentWriteback: Tear down the Concurrent Writeback topology
03-10 16:59:54.338  3163  3352 D PowerManagerService: nativeAcquireSuspendBlocker name:PowerManagerService.WakeLocks duration ms: 2
03-10 16:59:54.338 10091 10091 I ThermalEngine: Throttling daemon started
03-10 16:59:54.338 10091 10091 E ThermalEngine: config_info path not found: /sys/module/msm_thermal/config_info
03-10 16:59:54.338  3163  3352 D ActivityTrigger: ActivityTrigger activityPauseTrigger 
03-10 16:59:54.338 10091 10091 I ThermalEngine: Using device config file '/vendor/etc/thermal-engine-lynkco-cli.conf'
03-10 16:59:54.340  2214  2254 W ANDR-PERF-LM: MetaMeter: handleSecondaryAsync() 151: ProComp MetaMeterThread start(). No MeterMgr Available to handle this Secondary/Data Async. !!!! 
03-10 16:59:54.343  9070  9100 D SessionLifecycleClient: Sending lifecycle 2 to service
03-10 16:59:54.344  3163  3231 W ProcessStats: Tracking association SourceState{4756c9c com.dunkinbrands.otgo/10314 Top #327738} whose proc state 1 is better than process ProcessState{2016f6f com.google.android.adservices.api/10408 pkg=com.google.android.adservices.api} proc state 2 (1 skipped)
03-10 16:59:54.347  9070  9349 D SessionLifecycleService: Activity backgrounding at 69301031
03-10 16:59:54.348  3163  3336 D KernelCpuUidUserSysTimeReader: Removing uids 99458-99458
03-10 16:59:54.355  2163  2163 D SENSOREXT_ALS_COMP: FrontLight: ReportLux 55.00 (110.80-55.80), pre 12.09, dbv 4838, dc 0, fps 90, chPanel 28.61-17.42-11.44-4.82, facCal:lux_s 1.19 cha_s 0.92-0.89-0.90-0.94, RunInfo: DPB 13972-48, TF 13972-0
03-10 16:59:54.355  3163  3352 I DisplayBrightnessStrategySelector: Changing the DisplayBrightnessStrategy from InvalidBrightnessStrategy to ScreenOffBrightnessStrategy for display 0
03-10 16:59:54.356  6942  6970 D ForegroundUtils: Foreground UID status: 10240, true; 10246, false; 10292, true; 10314, false; 10363, false; 10394, true; 10404, true; 10408, false; 10416, false; 10618, false; 
03-10 16:59:54.360  5625  5625 D CentralSurfaces: !shouldBeKeyguard mStatusBarStateController.isKeyguardRequested() false keyguardForDozing false wakeAndUnlocking false isWakingAndOccluded false
03-10 16:59:54.360  5625  5625 D CentralSurfaces: hideKeyguardImpl false
03-10 16:59:54.361  2064  2064 I sensors-hal: batch:206, android.sensor.light/51, period=200000000, max_latency=0
03-10 16:59:54.361  2064  2064 I sensors-hal: set_config:61, no need to adjust sample_period_ns due to reporting_mode = 2
03-10 16:59:54.362  2064  2064 I sensors-hal: batch:215, android.sensor.light/51, period=200000000, max_latency=0 request completed
03-10 16:59:54.363  2064  2064 I sensors-hal: activate:173, com.motorola.sensor.alternate_light/65959 en=0
03-10 16:59:54.363  2064  2064 I sensors-hal: activate:184, com.motorola.sensor.alternate_light/65959 en=0 completed
03-10 16:59:54.363  9070  9070 D VRI[MenuCustomizeActivity]: visibilityChanged oldVisibility=true newVisibility=false
03-10 16:59:54.364  2061  2108 E minksocket: MinkIPC_QRTR_Service: client with node 1 port 6833 went down
03-10 16:59:54.364  2064  2064 I sensors-hal: batch:206, android.sensor.device_orientation/271, period=66667000, max_latency=0
03-10 16:59:54.364  2064  2064 I sensors-hal: set_config:61, no need to adjust sample_period_ns due to reporting_mode = 2
03-10 16:59:54.364  2064  2064 I sensors-hal: batch:215, android.sensor.device_orientation/271, period=66667000, max_latency=0 request completed
03-10 16:59:54.366  3163  3352 V DisplayPowerController2[0]: Brightness [0.0] reason changing to: 'screen_off', previous reason: 'automatic'.
03-10 16:59:54.366  3163  3352 I DisplayPowerController2[0]: 03-10 16:59:54.366 - BrightnessEvent: disp=0, physDisp=local:4630947043778501762, displayState=OFF, displayPolicy=OFF, brt=0.0, initBrt=0.27614477, rcmdBrt=NaN, preBrt=NaN, lux=0.0, preLux=0.0, brtNits=3.1465538, hdrNits=NaN, initNits=53.91898, preNits=NaN, rcmdNits=NaN, hdrBrightness=NaN, brt(%)=0%, brtInt=1, hbmPolicy=normal, hbmMax=0.85440856, hbmMode=off, rbcStrength=50, thrmMax=1.0, powerFactor=1.0, wasShortTermModelActive=false, flags=, reason=screen_off, autoBrightness=true, strategy=ScreenOffBrightnessStrategy, autoBrightnessMode=default
03-10 16:59:54.367  2163  2163 D SENSOREXT_ALS_COMP: FrontLight: no calculate, ReportLux 37.14, dbv 0
03-10 16:59:54.367  2064  4171 D slpi-TCS3720: ALS_REPORT lux 37.144711, ch0 17.828314-9.787389-7.297046-4.206553, scale 1.1878, fps 90, client 1
03-10 16:59:54.367  2064  4171 D slpi-TCS3720: PRX_OC info Far, Total 0, pdata 0, offset 0 step 0.63, ore 0:0 step 21.00, TH_H 1020, TH_L 0, client 0
03-10 16:59:54.367  3163  3163 I BrightnessSynchronizer: New Update: {[8582] 0.27614477(f), mUpdatedTypes=0, mConfirmedTypes=0, mTimeUpdated=0, mState=2}
03-10 16:59:54.370  3163  5305 D TouchHwAidlService: setDisplayState: mScreenOff=true
03-10 16:59:54.371  3163  5305 D TouchHwAidlService: onTapToWakeSettingsChanged isAmbientDisplayAvailable=1 aodEnable=true singleTapEnable=true doubleTapEnable=true lidState=0 callers=com.motorola.server.display.TouchHwAidlService.setDisplayState:538 com.motorola.server.MotoExtHwService$MotoExtHwManagerInternal.setDisplayState:446 com.android.server.display.LocalDisplayAdapter$LocalDisplayDevice$1.setDisplayState:1080 
03-10 16:59:54.371  3163  5305 D TouchHwAidlService: enableTapWake mode=33 displayId=0 mGestureStowMode=true
03-10 16:59:54.371  3163  5305 D TouchHwAidlService: transfer mode=33 transMode=32 cli=false
03-10 16:59:54.371  3163  3231 I DisplayDeviceRepository: Display device changed state: "Built-in Screen", OFF
03-10 16:59:54.371  3163  4188 W PackageManager: Missing required system package: com.dunkinbrands.otgo, but found with extended search.
03-10 16:59:54.371  2106  2106 I motorola.hardware.display.touch-service: Setting Gesture to 32
03-10 16:59:54.372  3163  3231 I InputManager-JNI: Viewport [0] to add: local:4630947043778501762, isActive: false
03-10 16:59:54.372  3163  3231 I InputManager-JNI: Viewport [1] to add: local:4630947043778501763, isActive: false
03-10 16:59:54.372  3163  3352 D BrightnessThermalClamper: Thermal status observer already started
03-10 16:59:54.373  3163  3229 D CLI/Transition: displaygroup 0, state OFF, pendingdisplaygroup -1
03-10 16:59:54.373  3163  3227 D TouchHwAidlService: updateDefaultDisplayState: mScreenOn=false
03-10 16:59:54.373  3163  3229 W SurfaceControl: Invalid layer stack -1
03-10 16:59:54.373  3163  3229 I DisplayDevice: [0] Layerstack set to -1 for local:4630947043778501762 mDisplayToken=android.os.BinderProxy@d90d011 t=Transaction{mNativeObject=-5476376673043675440, mHashCode=0}
03-10 16:59:54.374  3163  4285 I InputReader: Reconfiguring input devices, changes=DISPLAY_INFO
03-10 16:59:54.374  3163  4285 I InputReader: Disabling goodix_ts (device 7) because the associated viewport is not active
03-10 16:59:54.374  3163  4285 I InputReader: Device reconfigured: id=7, name='goodix_ts', size 17281x42241, orientation Rotation0, mode DISABLED, display id 0
03-10 16:59:54.374  3163  4285 I InputReader: Disabling zinitix_mt (device 6) because the associated viewport is not active
03-10 16:59:54.374  3163  5305 D TouchHwAidlService: setGestureModeHal done mode=33 newMode=32 result=0
03-10 16:59:54.374  3163  5305 D TouchHwAidlService: enableTapWake mode=33 displayId=1 mGestureStowMode=true
03-10 16:59:54.376  2106  2106 I motorola.hardware.display.touch-service: Setting CLI Gesture to 33
03-10 16:59:54.378  2067 14471 D AHAL: AudioDevice: SetParameters: 1564: enter: screen_state=off
03-10 16:59:54.378  2067 14471 D AHAL: AudioVoice: VoiceSetParameters: 87: Enter params: screen_state=off
03-10 16:59:54.378  2067 14471 D AHAL: AudioVoice: VoiceSetParameters: 360: Exit ret: 0
03-10 16:59:54.378  2067 14471 D AHAL: FM: fm_set_parameters: 262: Enter
03-10 16:59:54.378  2067 14471 D AHAL: FM: fm_set_parameters: 320: exit
03-10 16:59:54.378  2067 14471 D AHAL: AudioDevice: SetParameters: 1628:  - screen = off
03-10 16:59:54.378  2067 14471 I PAL: ResourceManager: setParameter: 8311: Screen State:0
03-10 16:59:54.378  2067 14471 D AHAL: AudioDevice: SetParameters: 2361: exit: screen_state=off
03-10 16:59:54.379  5993  5993 I NearbyDiscovery: (REDACTED) FastPairDisplayObserver: %s -> %s
03-10 16:59:54.379  3163  5305 D TouchHwAidlService: setCliGestureModeHal done mode=33 newMode=33 result=0
03-10 16:59:54.379  3163  5305 D TouchHwAidlService: enableTapWake mode=49 displayId=-1 mGestureStowMode=true
03-10 16:59:54.379  3163  5305 D TouchHwAidlService: transfer mode=49 transMode=48 cli=false
03-10 16:59:54.379  9070  9231 D Surface : Surface::disconnect
03-10 16:59:54.379  2106  2106 I motorola.hardware.display.touch-service: Setting Gesture to 48
03-10 16:59:54.379  9070  9231 D BufferQueueProducer: [com.dunkinbrands.otgo/com.cardfree.android.dunkindonuts.activities.MenuCustomizeActivity#63749(BLAST Consumer)pid:9070](id:236e0000000c,api:1,p:9070,c:9070) disconnect: api 1
03-10 16:59:54.379  5993  8761 I NearbyDiscovery: (REDACTED) PureOffloadFastPairScanner: eventType=%s, isInternalReq=%s, isScanning=%s, isScanningAllowed=%s
03-10 16:59:54.381  3163  5305 D TouchHwAidlService: setGestureModeHal done mode=49 newMode=48 result=0
03-10 16:59:54.381  2106  2106 I motorola.hardware.display.touch-service: Setting CLI Gesture to 49
03-10 16:59:54.381  3163  5305 D TouchHwAidlService: setCliGestureModeHal done mode=49 newMode=49 result=0
03-10 16:59:54.381  3163  3231 D PanelsService: updateDefaultDisplayState: mScreenState=OFF
03-10 16:59:54.382  3163  5305 W ServiceManagerCppClient: Failed to get isDeclared for com.motorola.hardware.display.panel.IDisplayPanel/default: Status(-1, EX_SECURITY): 'SELinux denied.'
03-10 16:59:54.382  3163  5305 D DisplayPanelService: Setting panel dc mode: 0
03-10 16:59:54.382  2090  2090 I DisplayPanel: setDcMode: DC mode = OFF
03-10 16:59:54.383  2090  2090 D DisplayPanel: setParam: Success set DC to 0 for Primary display
03-10 16:59:54.383  3163  5305 D LocalDisplayAdapter: setDisplayPowerMode mode=0 for display=android.os.BinderProxy@d90d011
03-10 16:59:54.384  5993  8761 I NearbyDiscovery: (REDACTED) ApFastPairScanner: isScreenOn=%s, isLocationEnabled=%s, disableLocationRequirement=%s, isDiscoveryScanningEnabled=%s, during24GhzWifiWarmingUpPeriod=%s
03-10 16:59:54.388  3163  3231 W ServiceManagerCppClient: Failed to get isDeclared for com.motorola.hardware.display.panel.IDisplayPanel/default: Status(-1, EX_SECURITY): 'SELinux denied.'
03-10 16:59:54.388  3163  3231 D DisplayPanelService: Setting panel dc mode: 0
03-10 16:59:54.389  2090  2090 I DisplayPanel: setDcMode: DC mode = OFF
03-10 16:59:54.389 10091 10091 I ThermalEngine: devices_manager_init: Init
03-10 16:59:54.389 10834 10834 I PkDeviceHelper: PkDeviceHelper.refreshDevices():93 refreshing devices
03-10 16:59:54.389 10091 10091 I ThermalEngine: Number of gpus :1
03-10 16:59:54.390 10091 10091 I ThermalEngine: Number of cpus :8
03-10 16:59:54.390  5658  6105 I bt_shim_scanner: system/main/shim/le_scanning_manager.cc:185 Scan: in shim layer stopped
03-10 16:59:54.390  5658  5907 I bluetooth: system/gd/hci/le_address_manager.cc:244 unregister_client: Client unregistered
03-10 16:59:54.390  5658  5907 I bluetooth: system/gd/hci/le_address_manager.cc:248 unregister_client: Cancelled address rotation alarm
03-10 16:59:54.390  2068  2068 D vendor.qti.bluetooth@1.0-ibs_handler: SerialClockVote: vote for UART CLK ON
03-10 16:59:54.391  2068  2068 D vendor.qti.bluetooth@1.0-wake_lock: Acquire wakelock is acquired 
03-10 16:59:54.391  2068  2068 I vendor.qti.bluetooth@1.0-ibs_handler: DeviceWakeUp: Writing IBS_WAKE_IND
03-10 16:59:54.392  2090  2090 D DisplayPanel: setParam: Success set DC to 0 for Primary display
03-10 16:59:54.392  2300  2300 D SurfaceFlinger: Setting power mode 0 on display 4630947043778501762
03-10 16:59:54.393  2061  2108 E minksocket: MinkIPC_QRTR_Service: client with node 1 port 687b went down
03-10 16:59:54.394 26976 27604 D MCLOG   : [BrightnessTrigger] onDisplayChanged displayId = 0
03-10 16:59:54.394 10091 10091 E ThermalEngine: tmd_add_cpufreq_dev_data: Invalid or no boost freqs
03-10 16:59:54.394  2061  2108 E minksocket: MinkIPC_QRTR_Service: client with node 1 port 687c went down
03-10 16:59:54.396  5993  9927 I NearbySharing: Screen is locked
03-10 16:59:54.396  2061  2108 E minksocket: MinkIPC_QRTR_Service: client with node 1 port 687d went down
03-10 16:59:54.396  2061  2108 E minksocket: MinkIPC_QRTR_Service: client with node 1 port 687e went down
03-10 16:59:54.396  2061  2108 E minksocket: MinkIPC_QRTR_Service: client with node 1 port 687f went down
03-10 16:59:54.396  5993  9927 I NearbySharing: Stopping scanning because the screen is locked.
03-10 16:59:54.396  2061  2108 E minksocket: MinkIPC_QRTR_Service: client with node 1 port 6880 went down
03-10 16:59:54.396  2195  2586 I SDM     : DisplayBase::SetDisplayState: Set state = 0, display 57-0, teardown = 0
03-10 16:59:54.397 26976 27604 D MCLOG   : [BrightnessManager] displayId = 0 brightness = 0.27614477 nit = 53.91898 level = br1
03-10 16:59:54.397  2195  2586 I SDM     : DRMPanelFeatureMgr::MarkForNullCommit: Marked 7 for null commit
03-10 16:59:54.397  5625  5920 D Tile.ScreenshotTile: update state
03-10 16:59:54.397  2068  6060 I vendor.qti.bluetooth@1.0-ibs_handler: ProcessIbsCmd: Received IBS_WAKE_ACK: 0xFC
03-10 16:59:54.397  2068  6060 I vendor.qti.bluetooth@1.0-ibs_handler: ProcessIbsCmd: Signal wack_cond_
03-10 16:59:54.398  2195  2586 I SDM     : HWDeviceDRM::NullCommit: Null commit succeeded crtc=141
03-10 16:59:54.399  2061  2108 E minksocket: MinkIPC_QRTR_Service: client with node 1 port 6881 went down
03-10 16:59:54.399  5993  9927 I NearbySharing: Stopping Fast Init advertisement because we're not scanning in the foreground.
03-10 16:59:54.400 10091 10096 E ThermalEngine: verify_tmd_device: Device:cpuv_restriction_cold available. max:1
03-10 16:59:54.400 10091 10091 E ThermalEngine: tmd_add_cpufreq_dev_data: Invalid or no boost freqs
03-10 16:59:54.400 10091 10096 E ThermalEngine: verify_tmd_device: Device:cdsp_hw available. max:1
03-10 16:59:54.400  2061  2108 E minksocket: MinkIPC_QRTR_Service: client with node 1 port 6882 went down
03-10 16:59:54.401 10091 10096 E ThermalEngine: verify_tmd_device: Device:cdsp_sw available. max:6
03-10 16:59:54.401 10091 10096 I ThermalEngine: CDSP thermal mitigation available.
03-10 16:59:54.401  2068  2068 D vendor.qti.bluetooth@1.0-ibs_handler: DeviceWakeUp: Unblocked from waiting for FC, pthread_cond_timedwait ret = 0
03-10 16:59:54.402  2068  6060 I vendor.qti.bluetooth@1.0-ibs_handler: ProcessIbsCmd: Received IBS_WAKE_IND: 0xFD
03-10 16:59:54.402  2068  6060 I vendor.qti.bluetooth@1.0-ibs_handler: ProcessIbsCmd: Writing IBS_WAKE_ACK
03-10 16:59:54.403 10091 10091 E ThermalEngine: tmd_add_cpufreq_dev_data: Invalid or no boost freqs
03-10 16:59:54.401  5993  9927 I NearbySharing: Stopping advertising because Nearby Sharing is disabled.
03-10 16:59:54.403  2061  2108 E minksocket: MinkIPC_QRTR_Service: client with node 1 port 6884 went down
03-10 16:59:54.404  5993  9927 I NearbySharing: Stopping FastInitiation scanning because the screen is locked.
03-10 16:59:54.405  2061  2108 E minksocket: MinkIPC_QRTR_Service: client with node 1 port 6885 went down
03-10 16:59:54.406  2064  2064 I sensors-hal: activate:173, android.sensor.light/51 en=0
03-10 16:59:54.407  5993  8761 D BluetoothAdapter: isLeEnabled(): ON
03-10 16:59:54.407  2061  2108 E minksocket: MinkIPC_QRTR_Service: client with node 1 port 6886 went down
03-10 16:59:54.407  5993  8761 I NearbyDiscovery: (REDACTED) ApFastPairScanner: eventType=%s, intReq=%s, scanning=%s, scanAllowed=%s, bleEnabled=%s, lockScanRate=%s, startScanningByLowPowerMode=%s
03-10 16:59:54.407  5993  8761 I NearbyDiscovery: (REDACTED) ApFastPairScanner: Stopping scan, %s
03-10 16:59:54.407  5993  8761 D BluetoothAdapter: isLeEnabled(): ON
03-10 16:59:54.408  2064  2064 I sensors-hal: activate:184, android.sensor.light/51 en=0 completed
03-10 16:59:54.409  2061  2108 E minksocket: MinkIPC_QRTR_Service: client with node 1 port 682e went down
03-10 16:59:54.411  2061  2108 E minksocket: MinkIPC_QRTR_Service: client with node 1 port 6887 went down
03-10 16:59:54.405 10091 10091 W thermal-engine-: type=1400 audit(0.0:1242161): avc:  denied  { read } for  scontext=u:r:vendor_thermal-engine:s0 tcontext=u:r:init:s0 tclass=file permissive=0
03-10 16:59:54.405 10091 10091 W thermal-engine-: type=1400 audit(0.0:1242162): avc:  denied  { read } for  scontext=u:r:vendor_thermal-engine:s0 tcontext=u:r:kernel:s0 tclass=file permissive=0
03-10 16:59:54.405 10091 10091 W thermal-engine-: type=1400 audit(0.0:1242163): avc:  denied  { read } for  scontext=u:r:vendor_thermal-engine:s0 tcontext=u:r:kernel:s0 tclass=file permissive=0
03-10 16:59:54.405 10091 10091 W thermal-engine-: type=1400 audit(0.0:1242164): avc:  denied  { read } for  scontext=u:r:vendor_thermal-engine:s0 tcontext=u:r:kernel:s0 tclass=file permissive=0
03-10 16:59:54.405 10091 10091 W thermal-engine-: type=1400 audit(0.0:1242165): avc:  denied  { read } for  scontext=u:r:vendor_thermal-engine:s0 tcontext=u:r:kernel:s0 tclass=file permissive=0
03-10 16:59:54.413  2061  2108 E minksocket: MinkIPC_QRTR_Service: client with node 1 port 6888 went down
03-10 16:59:54.412  7545  7545 I FileStationLog: [ FS_h$a ] - [Display] Changed display: 0
03-10 16:59:54.414  5658  6105 W BtGatt.JNI: android/app/jni/com_android_bluetooth_gatt.cpp:1597 gattSetScanParametersNative: gattSetScanParametersNative
03-10 16:59:54.414  5658  6105 I bt_shim_scanner: system/main/shim/le_scanning_manager.cc:363 SetScanParameters: in shim layer, scannerId=1
03-10 16:59:54.414  5658  6105 I bt_shim_scanner: system/main/shim/le_scanning_manager.cc:185 Scan: in shim layer started
03-10 16:59:54.414  5658  5907 I bluetooth: system/gd/hci/le_scanning_manager.cc:690 stop_scan: Scanning already stopped, return!
03-10 16:59:54.414  5658  5907 I bluetooth: system/gd/hci/le_address_manager.cc:226 register_client: Scheduled address rotation for first client registered
03-10 16:59:54.414  5658  5907 I bluetooth: system/gd/hci/le_address_manager.cc:229 register_client: Client registered
03-10 16:59:54.414  5993  9927 I NearbySharing: Fast Initiation Scanning has stopped
03-10 16:59:54.415  2061  2108 E minksocket: MinkIPC_QRTR_Service: client with node 1 port 6889 went down
03-10 16:59:54.415  5993  9927 I NearbySharing: Dismissing HUN as there's no device nearby.
03-10 16:59:54.416  2061  2108 E minksocket: MinkIPC_QRTR_Service: client with node 1 port 688a went down
03-10 16:59:54.417  7545  7545 I FileStationLog: [ FS_h ] - [Logic] Retrieved display info: LogicDisplayInfo(width=1080, height=2640, orientation=1, rotation=0, displayId=0)
03-10 16:59:54.417  7545  7545 I FileStationLog: [ FS_h$a ] - [Display] New logical size: 1080x2640
03-10 16:59:54.417  7545  7545 I FileStationLog: [ FS_h$a ] - [Display] Screen width unchanged: 1080
03-10 16:59:54.418 10091 10095 E ThermalEngine: verify_tmd_device: Device:cpuv_restriction_cold available. max:1
03-10 16:59:54.418 10091 10095 E ThermalEngine: devices_manager_add_dev: Device:cpuv_restriction_cold already exists
03-10 16:59:54.418 10091 10095 I ThermalEngine: ADSP thermal mitigation available.
03-10 16:59:54.418  2061  2108 E minksocket: MinkIPC_QRTR_Service: client with node 1 port 688b went down
03-10 16:59:54.419 23146 23146 D BoundBrokerSvc: onBind: Intent { act=com.google.android.gms.measurement.START pkg=com.google.android.gms }
03-10 16:59:54.420 23146 23146 D BoundBrokerSvc: Loading bound service for intent: Intent { act=com.google.android.gms.measurement.START pkg=com.google.android.gms }
03-10 16:59:54.421  2061  2108 E minksocket: MinkIPC_QRTR_Service: client with node 1 port 688d went down
03-10 16:59:54.423  2061  2108 E minksocket: MinkIPC_QRTR_Service: client with node 1 port 688e went down
03-10 16:59:54.423  5658  6105 I bt_shim_scanner: system/main/shim/le_scanning_manager.cc:185 Scan: in shim layer stopped
03-10 16:59:54.423  5658  5907 I bluetooth: system/gd/hci/le_address_manager.cc:244 unregister_client: Client unregistered
03-10 16:59:54.423  5658  5907 I bluetooth: system/gd/hci/le_address_manager.cc:248 unregister_client: Cancelled address rotation alarm
03-10 16:59:54.423  5658  6105 I bt_shim_scanner: system/main/shim/le_scanning_manager.cc:220 ScanFilterParamSetup: in shim layer, clientIf=1
03-10 16:59:54.424  5658  6105 I bt_shim_scanner: system/main/shim/le_scanning_manager.cc:220 ScanFilterParamSetup: in shim layer, clientIf=1
03-10 16:59:54.425  5658 28836 I bt_shim_scanner: system/main/shim/le_scanning_manager.cc:179 Unregister: in shim layer, scannerId=1
03-10 16:59:54.425 10091 10093 E ThermalEngine: verify_tmd_device: Device:cpuv_restriction_cold available. max:1
03-10 16:59:54.425 10091 10093 E ThermalEngine: devices_manager_add_dev: Device:cpuv_restriction_cold already exists
03-10 16:59:54.426 10091 10093 E ThermalEngine: verify_tmd_device: Device:modem_lte_dsc available. max:255
03-10 16:59:54.428 10091 10093 E ThermalEngine: verify_tmd_device: Device:modem_lte_sub1_dsc available. max:255
03-10 16:59:54.428 10091 10093 E ThermalEngine: verify_tmd_device: Device:modem_nr_dsc available. max:255
03-10 16:59:54.428 10091 10093 E ThermalEngine: verify_tmd_device: Device:modem_nr_sub1_dsc available. max:255
03-10 16:59:54.430 10091 10093 E ThermalEngine: verify_tmd_device: Device:modem_nr_scg_dsc available. max:255
03-10 16:59:54.431 10091 10093 E ThermalEngine: verify_tmd_device: Device:modem_nr_scg_sub1_dsc available. max:255
03-10 16:59:54.431  9070  9070 D Apptentive: [Main Queue] [FEEDBACK] Activity info callback for null unregistered
03-10 16:59:54.432 10091 10091 I ThermalEngine: Found /system/bin/installd, file: 2737
03-10 16:59:54.432 10091 10091 E ThermalEngine: tmd_init_battery_data: type 0 
03-10 16:59:54.432 10091 10091 E ThermalEngine: tmd_init_battery_data: Unknown type: 0
03-10 16:59:54.432 10091 10091 E ThermalEngine: tmd_init_battery_data: type 1 
03-10 16:59:54.432 10091 10093 E ThermalEngine: verify_tmd_device: Device:sdr0_lte_dsc available. max:255
03-10 16:59:54.433 10091 10093 E ThermalEngine: verify_tmd_device: Device:sdr1_lte_dsc available. max:255
03-10 16:59:54.433 10091 10091 E ThermalEngine: tmd_init_battery_data: type 2 
03-10 16:59:54.434  9070  9070 I CACHE   : putInCache(boosted_tracker_popup)
03-10 16:59:54.435 10091 10093 E ThermalEngine: verify_tmd_device: Device:sdr0_nr_dsc available. max:255
03-10 16:59:54.435 10091 10093 E ThermalEngine: verify_tmd_device: Device:sdr1_nr_dsc available. max:255
03-10 16:59:54.436 10091 10093 E ThermalEngine: verify_tmd_device: Device:pa_lte_sdr0_dsc available. max:255
03-10 16:59:54.437 10091 10093 E ThermalEngine: verify_tmd_device: Device:pa_lte_sdr1_dsc available. max:255
03-10 16:59:54.438 10091 10093 E ThermalEngine: verify_tmd_device: Device:pa_lte_sdr0_sub1_dsc available. max:255
03-10 16:59:54.438 10091 10093 E ThermalEngine: verify_tmd_device: Device:pa_lte_sdr1_sub1_dsc available. max:255
03-10 16:59:54.440 10091 10093 E ThermalEngine: verify_tmd_device: Device:pa_nr_sdr0_dsc available. max:255
03-10 16:59:54.440 10091 10093 E ThermalEngine: verify_tmd_device: Device:pa_nr_sdr1_dsc available. max:255
03-10 16:59:54.442 10091 10093 E ThermalEngine: verify_tmd_device: Device:pa_nr_sdr0_sub1_dsc available. max:255
03-10 16:59:54.442 10091 10093 E ThermalEngine: verify_tmd_device: Device:pa_nr_sdr1_sub1_dsc available. max:255
03-10 16:59:54.443 10091 10091 E ThermalEngine: tmd_init_battery_data: type 3 
03-10 16:59:54.444 10091 10091 E ThermalEngine: tmd_init_battery_data: Unknown type: 3
03-10 16:59:54.444 10091 10091 E ThermalEngine: tmd_init_battery_data: type 4 
03-10 16:59:54.444 10091 10091 E ThermalEngine: tmd_init_battery_data: Unknown type: 4
03-10 16:59:54.444 10091 10091 E ThermalEngine: Failed to reading /sys/class/leds/lcd-backlight/max_brightness
03-10 16:59:54.444 10091 10091 E ThermalEngine: Switch to /sys/class/backlight/panel0-backlight/max_brightness successfully
03-10 16:59:54.444 10091 10093 E ThermalEngine: verify_tmd_device: Device:pa_nr_sdr0_scg_dsc available. max:255
03-10 16:59:54.445 10091 10093 E ThermalEngine: verify_tmd_device: Device:pa_nr_sdr1_scg_dsc available. max:255
03-10 16:59:54.445 10091 10093 E ThermalEngine: verify_tmd_device: Device:mmw0_dsc available. max:255
03-10 16:59:54.447 10091 10093 E ThermalEngine: verify_tmd_device: Device:mmw0_sub1_dsc available. max:255
03-10 16:59:54.447 10091 10093 E ThermalEngine: verify_tmd_device: Device:mmw1_dsc available. max:255
03-10 16:59:54.448 10091 10091 E ThermalEngine: parse_cooling_devices: Added cooling device: display-fps with cdev id:31
03-10 16:59:54.448 10091 10091 E ThermalEngine: parse_cooling_devices: Added cooling device: cpu-hotplug3 with cdev id:21
03-10 16:59:54.448 10091 10091 E ThermalEngine: parse_cooling_devices: Added cooling device: pause-cpu3 with cdev id:11
03-10 16:59:54.448 10091 10091 E ThermalEngine: parse_cooling_devices: Added cooling device: mmw0_dsc_kr with cdev id:58
03-10 16:59:54.448 10091 10091 E ThermalEngine: parse_cooling_devices: Added cooling device: sdr0_lte_dsc_kr with cdev id:48
03-10 16:59:54.449 10091 10091 E ThermalEngine: parse_cooling_devices: Added cooling device: panel0-backlight with cdev id:38
03-10 16:59:54.449 10091 10091 E ThermalEngine: parse_cooling_devices: Added cooling device: pause-cpu7 with cdev id:8
03-10 16:59:54.449 10091 10091 E ThermalEngine: parse_cooling_devices: Added cooling device: ufs with cdev id:28
03-10 16:59:54.449 10091 10091 E ThermalEngine: parse_cooling_devices: Added cooling device: pa_nr_sdr0_scg_kr with cdev id:56
03-10 16:59:54.449 10091 10093 E ThermalEngine: verify_tmd_device: Device:mmw1_sub1_dsc available. max:255
03-10 16:59:54.449 10091 10091 E ThermalEngine: parse_cooling_devices: Added cooling device: cpu-hotplug0 with cdev id:18
03-10 16:59:54.449 10091 10091 E ThermalEngine: parse_cooling_devices: Added cooling device: pa_nr_sdr0_dsc_kr with cdev id:54
03-10 16:59:54.449 10091 10093 E ThermalEngine: verify_tmd_device: Device:mmw2_dsc available. max:255
03-10 16:59:54.450 10091 10091 E ThermalEngine: parse_cooling_devices: Added cooling device: modem_vdd with cdev id:44
03-10 16:59:54.450 10091 10091 E ThermalEngine: parse_cooling_devices: Added cooling device: mmw_ific_dsc_kr with cdev id:62
03-10 16:59:54.450 10091 10091 E ThermalEngine: parse_cooling_devices: Added cooling device: pause-cpu5 with cdev id:4
03-10 16:59:54.450 10091 10091 E ThermalEngine: parse_cooling_devices: Added cooling device: cpu-hotplug7 with cdev id:24
03-10 16:59:54.450 10091 10091 E ThermalEngine: parse_cooling_devices: Added cooling device: pa_lte_sdr0_dsc_kr with cdev id:52
03-10 16:59:54.450 10091 10091 E ThermalEngine: parse_cooling_devices: Added cooling device: mmw2_dsc_kr with cdev id:60
03-10 16:59:54.451 10091 10091 E ThermalEngine: parse_cooling_devices: Added cooling device: pause-cpu0 with cdev id:2
03-10 16:59:54.451 10091 10091 E ThermalEngine: parse_cooling_devices: Added cooling device: cpu-hotplug5 with cdev id:22
03-10 16:59:54.451 10091 10093 E ThermalEngine: verify_tmd_device: Device:mmw2_sub1_dsc available. max:255
03-10 16:59:54.451 10091 10091 E ThermalEngine: parse_cooling_devices: Added cooling device: sdr0_nr_dsc_kr with cdev id:50
03-10 16:59:54.451 10091 10091 E ThermalEngine: parse_cooling_devices: Added cooling device: pause-cpu6 with cdev id:12
03-10 16:59:54.451 10091 10091 E ThermalEngine: parse_cooling_devices: Added cooling device: mmw1_dsc_kr with cdev id:59
03-10 16:59:54.451 10091 10093 E ThermalEngine: verify_tmd_device: Device:mmw3_dsc available. max:255
03-10 16:59:54.451 10091 10091 E ThermalEngine: parse_cooling_devices: Added cooling device: pause-cpu1 with cdev id:0
03-10 16:59:54.452 10091 10091 E ThermalEngine: parse_cooling_devices: Added cooling device: cpu-hotplug2 with cdev id:20
03-10 16:59:54.452 10091 10091 E ThermalEngine: parse_cooling_devices: Added cooling device: sdr1_lte_dsc_kr with cdev id:49
03-10 16:59:54.452 10091 10091 E ThermalEngine: parse_cooling_devices: Added cooling device: panel1-backlight with cdev id:39
03-10 16:59:54.452 10091 10093 E ThermalEngine: verify_tmd_device: Device:mmw3_sub1_dsc available. max:255
03-10 16:59:54.452 10091 10091 E ThermalEngine: parse_cooling_devices: Added cooling device: pause-cpu2 with cdev id:9
03-10 16:59:54.452 10091 10091 E ThermalEngine: parse_cooling_devices: Added cooling device: pa_nr_sdr1_scg_kr with cdev id:57
03-10 16:59:54.452 10091 10091 E ThermalEngine: parse_cooling_devices: Added cooling device: cpu-hotplug1 with cdev id:19
03-10 16:59:54.453 10091 10091 E ThermalEngine: parse_cooling_devices: Added cooling device: pa_nr_sdr1_dsc_kr with cdev id:55
03-10 16:59:54.453 10091 10091 E ThermalEngine: parse_cooling_devices: Added cooling device: wlan with cdev id:63
03-10 16:59:54.453 10091 10091 E ThermalEngine: parse_cooling_devices: Added cooling device: thermal-cpufreq-0 with cdev id:25
03-10 16:59:54.453 10091 10091 E ThermalEngine: parse_cooling_devices: Added cooling device: pa_lte_sdr1_dsc_kr with cdev id:53
03-10 16:59:54.454 10091 10091 E ThermalEngine: parse_cooling_devices: Added cooling device: wsa with cdev id:43
03-10 16:59:54.454 10091 10091 E ThermalEngine: parse_cooling_devices: Added cooling device: mmw3_dsc_kr with cdev id:61
03-10 16:59:54.454 10091 10091 E ThermalEngine: parse_cooling_devices: Added cooling device: cpu-hotplug6 with cdev id:23
03-10 16:59:54.454 10091 10093 E ThermalEngine: verify_tmd_device: Device:mmw_ific_dsc available. max:255
03-10 16:59:54.454 10091 10091 E ThermalEngine: parse_cooling_devices: Added cooling device: sdr1_nr_dsc_kr with cdev id:51
03-10 16:59:54.454 10091 10091 I ThermalEngine: sensors_manager_init: Init
03-10 16:59:54.454 10091 10093 E ThermalEngine: verify_tmd_device: Device:mmw_ific_sub1_dsc available. max:255
03-10 16:59:54.454 10091 10091 E ThermalEngine: Event ID:3 Sampling ID:2
03-10 16:59:54.455 10091 10093 E ThermalEngine: verify_tmd_device: Device:wlan available. max:4
03-10 16:59:54.455 10091 10093 E ThermalEngine: devices_manager_add_dev: Device:wlan already exists
03-10 16:59:54.455  3163  5235 E MotoSxfService: ModeUsage or ActivityState is null.
03-10 16:59:54.456 10091 10093 E ThermalEngine: verify_tmd_device: Device:wlan_bw available. max:1
03-10 16:59:54.457 10091 10093 E ThermalEngine: verify_tmd_device: Device:modem_bw_backoff available. max:255
03-10 16:59:54.459 10091 10093 E ThermalEngine: verify_tmd_device: Device:cpr_cold available. max:3
03-10 16:59:54.459 10091 10093 I ThermalEngine: MODEM thermal mitigation available.
03-10 16:59:54.462  7314  7314 D GameMode: onStartedActivityChange: componnent: ComponentInfo{com.dunkinbrands.otgo/com.cardfree.android.dunkindonuts.activities.MenuCustomizeActivity} entered launcher screen? false
03-10 16:59:54.467  2068  6060 I vendor.qti.bluetooth@1.0-ibs_handler: ProcessIbsCmd: Received IBS_SLEEP_IND: 0xFE
03-10 16:59:54.475 23146 26930 D AdvertisingIdClient: AdvertisingIdClient already created.
03-10 16:59:54.477 23146 26930 I AdvertisingIdClient: shouldSendLog 105419426
03-10 16:59:54.477 23146 26930 I AdvertisingIdClient: GetInfoInternal elapse 1ms
03-10 16:59:54.484  9070  9104 I TRuntime.CctTransportBackend: Making request to: https://firebaselogging-pa.googleapis.com/v1/firelog/legacy/batchlog
03-10 16:59:54.491  5993  9420 I NetworkScheduler: (REDACTED) Error inserting %s
03-10 16:59:54.539 10091 10091 E ThermalEngine: Unable to change to /sys/devices/soc/
03-10 16:59:54.539 10091 10091 E ThermalEngine: bcl_setup: Unexpected node error
03-10 16:59:54.539 10091 10091 E ThermalEngine: add_tgt_sensor: bcl sensor setup failed failed.
03-10 16:59:54.539 10091 10091 E ThermalEngine: add_tgt_sensors_set_optional: Error adding bcl
03-10 16:59:54.540  2195  2586 I SDM     : DisplayBase::SetDisplayState: active 0-0 state 0-0 pending_power_state_ 0
03-10 16:59:54.541 10091 10091 E ThermalEngine: sysfs_setup: report: path /sys/class/power_supply/battery/capacity
03-10 16:59:54.541 10091 10091 E ThermalEngine: sysfs_setup: opening /sys/class/power_supply/battery/capacity
03-10 16:59:54.541 10091 10091 E ThermalEngine: sysfs_setup: found sensor cluster0: cluster id = 0
03-10 16:59:54.541 10091 10091 E ThermalEngine: sysfs_setup: found sensor cluster1: cluster id = 1
03-10 16:59:54.541 10091 10091 E ThermalEngine: sysfs_setup: report: path /sys/class/power_supply/battery/charge_rate
03-10 16:59:54.541 10091 10091 E ThermalEngine: sysfs_setup: opening /sys/class/power_supply/battery/charge_rate
03-10 16:59:54.541  2214  2254 W ANDR-PERF-LM: FeatureState: readState() 151: warning: appName is NULL, returning default State
03-10 16:59:54.542  2214  2254 W ANDR-PERF-LM: FeatureState: readState() 151: warning: appName is NULL, returning default State
03-10 16:59:54.542  2214  2254 W ANDR-PERF-LM: FeatureState: readState() 151: warning: appName is NULL, returning default State
03-10 16:59:54.542  2300  2300 D SurfaceFlinger: Finished setting power mode 0 on display 4630947043778501762
03-10 16:59:54.543 10091 10091 E ThermalEngine: sysfs_setup: report: path /proc/loadavg
03-10 16:59:54.543 10091 10091 E ThermalEngine: sysfs_setup: opening /proc/loadavg
03-10 16:59:54.543 10091 10091 E ThermalEngine: sysfs_setup: report: path /proc/stat
03-10 16:59:54.543 10091 10091 E ThermalEngine: sysfs_setup: opening /proc/stat
03-10 16:59:54.543 10091 10091 E ThermalEngine: sysfs_setup: report: path /sys/class/power_supply/battery/capacity
03-10 16:59:54.543 10091 10091 E ThermalEngine: sysfs_setup: opening /sys/class/power_supply/battery/capacity
03-10 16:59:54.543  3163  5305 D SurfaceControl: Excessive delay in setPowerMode()
03-10 16:59:54.543 10091 10091 E ThermalEngine: sysfs_setup: report: path /sys/class/backlight/panel0-backlight/brightness
03-10 16:59:54.543 10091 10091 E ThermalEngine: sysfs_setup: opening /sys/class/backlight/panel0-backlight/brightness
03-10 16:59:54.543 10091 10091 E ThermalEngine: sysfs_setup: report: path /proc/stat
03-10 16:59:54.543 10091 10091 E ThermalEngine: sysfs_setup: opening /proc/stat
03-10 16:59:54.543 10091 10091 E ThermalEngine: sysfs_setup: report: path /sys/class/backlight/panel0-backlight/brightness
03-10 16:59:54.543  3163  5305 D PowerManagerService: nativeSetPowerMode ret:false mode:9 enabled:true duration ms: 0
03-10 16:59:54.543 10091 10091 E ThermalEngine: sysfs_setup: opening /sys/class/backlight/panel0-backlight/brightness
03-10 16:59:54.543 10091 10091 E ThermalEngine: sysfs_setup: report: path /proc/loadavg
03-10 16:59:54.543 10091 10091 E ThermalEngine: sysfs_setup: opening /proc/loadavg
03-10 16:59:54.543 10091 10091 E ThermalEngine: sysfs_setup: report: path /sys/class/power_supply/wireless/online
03-10 16:59:54.543 10091 10091 E ThermalEngine: sysfs_setup: opening /sys/class/power_supply/wireless/online
03-10 16:59:54.544 10091 10091 E ThermalEngine: No hwmon device found in the kernel for sensor tmp108
03-10 16:59:54.544 10091 10091 E ThermalEngine: add_tgt_sensor: tmp108 sensor setup failed failed.
03-10 16:59:54.544 10091 10091 E ThermalEngine: add_tgt_sensors_set_optional: Error adding tmp108
03-10 16:59:54.544 10091 10091 E ThermalEngine: No hwmon device found in the kernel for sensor msm_tmp108
03-10 16:59:54.544 10091 10091 E ThermalEngine: add_tgt_sensor: msm_tmp108 sensor setup failed failed.
03-10 16:59:54.544 10091 10091 E ThermalEngine: add_tgt_sensors_set_optional: Error adding msm_tmp108
03-10 16:59:54.544 10091 10091 E ThermalEngine: No hwmon device found in the kernel for sensor quiet_tmp108
03-10 16:59:54.544 10091 10091 E ThermalEngine: add_tgt_sensor: quiet_tmp108 sensor setup failed failed.
03-10 16:59:54.544 10091 10091 E ThermalEngine: add_tgt_sensors_set_optional: Error adding quiet_tmp108
03-10 16:59:54.544 10091 10091 I ThermalEngine: Loading config file for virtual sensor
03-10 16:59:54.544 10091 10091 I ThermalEngine: Loading configuration file /vendor/etc/thermal-engine-lynkco-cli.conf
03-10 16:59:54.544 10091 10091 I ThermalEngine: Parsing section global
03-10 16:59:54.544 10091 10091 I ThermalEngine: Created section 'FRONT_TEMP'
03-10 16:59:54.544 10091 10091 I ThermalEngine: Algo Type 'virtual'
03-10 16:59:54.544 10091 10091 I ThermalEngine: Parsing section FRONT_TEMP
03-10 16:59:54.544 10091 10091 I ThermalEngine: Found field 'trip_sensor'
03-10 16:59:54.544 10091 10091 I ThermalEngine: Found field 'thresholds'
03-10 16:59:54.544 10091 10091 I ThermalEngine: Found field 'thresholds_clr'
03-10 16:59:54.544 10091 10091 I ThermalEngine: Found field 'sensors'
03-10 16:59:54.544 10091 10091 I ThermalEngine: Found field 'weights'
03-10 16:59:54.544 10091 10091 I ThermalEngine: Found field 'offsets'
03-10 16:59:54.544 10091 10091 I ThermalEngine: Found field 'sampling'
03-10 16:59:54.544 10091 10091 I ThermalEngine: Found field 'math'
03-10 16:59:54.544 10091 10091 I ThermalEngine: Found field 'sys_temp'
03-10 16:59:54.544 10091 10091 I ThermalEngine: Created section 'BACK_TEMP'
03-10 16:59:54.544 10091 10091 I ThermalEngine: Algo Type 'virtual'
03-10 16:59:54.544 10091 10091 I ThermalEngine: Parsing section BACK_TEMP
03-10 16:59:54.544 10091 10091 I ThermalEngine: Found field 'trip_sensor'
03-10 16:59:54.544 10091 10091 I ThermalEngine: Found field 'thresholds'
03-10 16:59:54.544 10091 10091 I ThermalEngine: Found field 'thresholds_clr'
03-10 16:59:54.544 10091 10091 I ThermalEngine: Found field 'sensors'
03-10 16:59:54.544 10091 10091 I ThermalEngine: Found field 'weights'
03-10 16:59:54.544 10091 10091 I ThermalEngine: Found field 'offsets'
03-10 16:59:54.544 10091 10091 I ThermalEngine: Found field 'sampling'
03-10 16:59:54.544 10091 10091 I ThermalEngine: Found field 'math'
03-10 16:59:54.544 10091 10091 I ThermalEngine: Found field 'sys_temp'
03-10 16:59:54.544 10091 10091 I ThermalEngine: Created section 'FUSE_TEMP'
03-10 16:59:54.544 10091 10091 I ThermalEngine: Algo Type 'virtual'
03-10 16:59:54.545 10091 10091 I ThermalEngine: Parsing section FUSE_TEMP
03-10 16:59:54.545 10091 10091 I ThermalEngine: Found field 'trip_sensor'
03-10 16:59:54.545 10091 10091 I ThermalEngine: Found field 'thresholds'
03-10 16:59:54.545 10091 10091 I ThermalEngine: Found field 'thresholds_clr'
03-10 16:59:54.545 10091 10091 I ThermalEngine: Found field 'sensors'
03-10 16:59:54.545 10091 10091 I ThermalEngine: Found field 'weights'
03-10 16:59:54.545 10091 10091 I ThermalEngine: Found field 'offsets'
03-10 16:59:54.545 10091 10091 I ThermalEngine: Found field 'sampling'
03-10 16:59:54.545 10091 10091 I ThermalEngine: Found field 'math'
03-10 16:59:54.545 10091 10091 I ThermalEngine: Found field 'sys_temp'
03-10 16:59:54.545 10091 10091 I ThermalEngine: Created section 'BCHG_TEMP'
03-10 16:59:54.545 10091 10091 I ThermalEngine: Algo Type 'virtual'
03-10 16:59:54.545 10091 10091 I ThermalEngine: Parsing section BCHG_TEMP
03-10 16:59:54.545 10091 10091 I ThermalEngine: Found field 'trip_sensor'
03-10 16:59:54.545 10091 10091 I ThermalEngine: Found field 'thresholds'
03-10 16:59:54.545 10091 10091 I ThermalEngine: Found field 'thresholds_clr'
03-10 16:59:54.545 10091 10091 I ThermalEngine: Found field 'sensors'
03-10 16:59:54.545 10091 10091 I ThermalEngine: Found field 'weights'
03-10 16:59:54.545 10091 10091 I ThermalEngine: Found field 'offsets'
03-10 16:59:54.545 10091 10091 I ThermalEngine: Found field 'sampling'
03-10 16:59:54.545 10091 10091 I ThermalEngine: Found field 'math'
03-10 16:59:54.545 10091 10091 I ThermalEngine: Created section 'FRONT_MDM'
03-10 16:59:54.545 10091 10091 I ThermalEngine: Algo Type 'virtual'
03-10 16:59:54.545 10091 10091 I ThermalEngine: Parsing section FRONT_MDM
03-10 16:59:54.545 10091 10091 I ThermalEngine: Found field 'sensors'
03-10 16:59:54.545 10091 10091 I ThermalEngine: Found field 'weights'
03-10 16:59:54.545 10091 10091 I ThermalEngine: Found field 'trip_sensor'
03-10 16:59:54.545 10091 10091 I ThermalEngine: Found field 'trip_sensor_logic'
03-10 16:59:54.545 10091 10091 I ThermalEngine: Found field 'thresholds'
03-10 16:59:54.545 10091 10091 I ThermalEngine: Found field 'thresholds_clr'
03-10 16:59:54.545 10091 10091 I ThermalEngine: Found field 'offsets'
03-10 16:59:54.545 10091 10091 I ThermalEngine: Found field 'sampling'
03-10 16:59:54.545 10091 10091 I ThermalEngine: Found field 'math'
03-10 16:59:54.545 10091 10091 I ThermalEngine: Created section 'BCAM_TEMP'
03-10 16:59:54.545 10091 10091 I ThermalEngine: Algo Type 'virtual'
03-10 16:59:54.545 10091 10091 I ThermalEngine: Parsing section BCAM_TEMP
03-10 16:59:54.545 10091 10091 I ThermalEngine: Found field 'trip_sensor'
03-10 16:59:54.545 10091 10091 I ThermalEngine: Found field 'thresholds'
03-10 16:59:54.545 10091 10091 I ThermalEngine: Found field 'thresholds_clr'
03-10 16:59:54.545 10091 10091 I ThermalEngine: Found field 'sensors'
03-10 16:59:54.545 10091 10091 I ThermalEngine: Found field 'weights'
03-10 16:59:54.545 10091 10091 I ThermalEngine: Found field 'offsets'
03-10 16:59:54.545 10091 10091 I ThermalEngine: Found field 'sampling'
03-10 16:59:54.545 10091 10091 I ThermalEngine: Found field 'math'
03-10 16:59:54.545 10091 10091 I ThermalEngine: Created section 'DETECT-STANDBY'
03-10 16:59:54.545 10091 10091 I ThermalEngine: Algo Type 'virtual'
03-10 16:59:54.545 10091 10091 I ThermalEngine: Parsing section DETECT-STANDBY
03-10 16:59:54.545 10091 10091 I ThermalEngine: Found field 'trip_sensor'
03-10 16:59:54.545 10091 10091 I ThermalEngine: Found field 'thresholds'
03-10 16:59:54.545 10091 10091 I ThermalEngine: Found field 'thresholds_clr'
03-10 16:59:54.545 10091 10091 I ThermalEngine: Found field 'sensors'
03-10 16:59:54.545 10091 10091 I ThermalEngine: Found field 'weights'
03-10 16:59:54.545 10091 10091 I ThermalEngine: Found field 'sampling'
