03-10 16:59:54.927  9070  9070 I ImeTracker: com.dunkinbrands.otgo:5250a7fb: onRequestHide at ORIGIN_CLIENT reason HIDE_SOFT_INPUT_BY_INSETS_API fromUser false
03-10 16:59:54.927 10834 10834 W SessionManager: SessionManager.endSession():88 Try to end a not begun session [INPUT_SESSION].
03-10 16:59:54.927 10834 10834 I GoogleInputMethodService: GoogleInputMethodService.onDestroy():934 
03-10 16:59:54.928 10834 10834 I GlobeKeyExtension: GlobeKeyExtension.onDestroyExtension():162 
03-10 16:59:54.928 10834 10834 I ModuleManager: ModuleManager$ModuleInitListener.maybeUnloadModuleOnUnavailable():1386 module lvk is unavailable
03-10 16:59:54.928  9070  9070 I ImeTracker: com.dunkinbrands.otgo:5250a7fb: onCancelled at PHASE_CLIENT_APPLY_ANIMATION
03-10 16:59:54.928 10834 10834 I HardKeyTracker: HardKeyTracker.unregisterKeySequence():221 Unregister key sequence nul{labelResId=2132020475, callback=cnx@afc944, lastModifier=2, keyCodes=[47], actions=[0]}
03-10 16:59:54.928 10834 10834 I ModuleManager: ModuleManager$ModuleInitListener.maybeUnloadModuleOnUnavailable():1386 module eci is unavailable
03-10 16:59:54.928 10834 10834 I ModuleManager: ModuleManager$ModuleInitListener.maybeUnloadModuleOnUnavailable():1386 module hvi is unavailable
03-10 16:59:54.928 10834 10834 I ModuleManager: ModuleManager$ModuleInitListener.maybeUnloadModuleOnUnavailable():1386 module mhz is unavailable
03-10 16:59:54.928 10834 10834 I ModuleManager: ModuleManager$ModuleInitListener.maybeUnloadModuleOnUnavailable():1386 module mia is unavailable
03-10 16:59:54.928 10834 10834 I ModuleManager: ModuleManager$ModuleInitListener.maybeUnloadModuleOnUnavailable():1386 module mib is unavailable
03-10 16:59:54.928 10834 10834 I ModuleManager: ModuleManager$ModuleInitListener.maybeUnloadModuleOnUnavailable():1386 module mic is unavailable
03-10 16:59:54.928 10834 10834 I ModuleManager: ModuleManager$ModuleInitListener.maybeUnloadModuleOnUnavailable():1386 module mie is unavailable
03-10 16:59:54.928 10834 10834 I ModuleManager: ModuleManager$ModuleInitListener.maybeUnloadModuleOnUnavailable():1386 module mii is unavailable
03-10 16:59:54.928 10834 10834 I ModuleManager: ModuleManager$ModuleInitListener.maybeUnloadModuleOnUnavailable():1386 module mtq is unavailable
03-10 16:59:54.928 10834 10834 I HardKeyTracker: HardKeyTracker.unregisterKeySequence():221 Unregister key sequence nul{labelResId=0, callback=lkj@14f64f3, lastModifier=0, keyCodes=[204], actions=[0]}
03-10 16:59:54.928 10834 10834 I ModuleManager: ModuleManager$ModuleInitListener.maybeUnloadModuleOnUnavailable():1386 module mts is unavailable
03-10 16:59:54.928 10834 10834 I ModuleManager: ModuleManager$ModuleInitListener.maybeUnloadModuleOnUnavailable():1386 module nyc is unavailable
03-10 16:59:54.929 10834 10834 I ModuleManager: ModuleManager$ModuleInitListener.maybeUnloadModuleOnUnavailable():1386 module ljh is unavailable
03-10 16:59:54.929 10834 10834 I ModuleManager: ModuleManager$ModuleInitListener.maybeUnloadModuleOnUnavailable():1386 module ewi is unavailable
03-10 16:59:54.929 10834 10834 I ModuleManager: ModuleManager$ModuleInitListener.maybeUnloadModuleOnUnavailable():1386 module fol is unavailable
03-10 16:59:54.929 10834 10834 I ModuleManager: ModuleManager$ModuleInitListener.maybeUnloadModuleOnUnavailable():1386 module fub is unavailable
03-10 16:59:54.929 10834 10834 I ModuleManager: ModuleManager$ModuleInitListener.maybeUnloadModuleOnUnavailable():1386 module fvu is unavailable
03-10 16:59:54.929 10834 10834 I ModuleManager: ModuleManager$ModuleInitListener.maybeUnloadModuleOnUnavailable():1386 module gfa is unavailable
03-10 16:59:54.929 10834 10834 I ModuleManager: ModuleManager$ModuleInitListener.maybeUnloadModuleOnUnavailable():1386 module ggo is unavailable
03-10 16:59:54.929 10834 10834 I ModuleManager: ModuleManager$ModuleInitListener.maybeUnloadModuleOnUnavailable():1386 module gjm is unavailable
03-10 16:59:54.929 10834 10834 I JapaneseMozcExtension: JapaneseMozcExtension.onDestroy():52 
03-10 16:59:54.929 10834 10834 I ModuleManager: ModuleManager$ModuleInitListener.maybeUnloadModuleOnUnavailable():1386 module gkb is unavailable
03-10 16:59:54.929 10834 10834 I ModuleManager: ModuleManager$ModuleInitListener.maybeUnloadModuleOnUnavailable():1386 module gya is unavailable
03-10 16:59:54.929 10834 10834 I ModuleManager: ModuleManager$ModuleInitListener.maybeUnloadModuleOnUnavailable():1386 module IEmojiOrGifExtension is unavailable
03-10 16:59:54.929 10834 10834 I ModuleManager: ModuleManager$ModuleInitListener.maybeUnloadModuleOnUnavailable():1386 module IEmoticonExtension is unavailable
03-10 16:59:54.929 10834 10834 I ModuleManager: ModuleManager$ModuleInitListener.maybeUnloadModuleOnUnavailable():1386 module hlc is unavailable
03-10 16:59:54.929 10834 10834 I ModuleManager: ModuleManager$ModuleInitListener.maybeUnloadModuleOnUnavailable():1386 module hoe is unavailable
03-10 16:59:54.929 10834 10834 I ModuleManager: ModuleManager$ModuleInitListener.maybeUnloadModuleOnUnavailable():1386 module hqs is unavailable
03-10 16:59:54.929 10834 10834 I ModuleManager: ModuleManager$ModuleInitListener.maybeUnloadModuleOnUnavailable():1386 module nwn is unavailable
03-10 16:59:54.929  3163  4298 W InputManager-JNI: Input channel object 'b7a786b InputMethod (client)' was disposed without first being removed with the input manager!
03-10 16:59:54.930 10834 10834 I ModuleManager: ModuleManager$ModuleInitListener.maybeUnloadModuleOnUnavailable():1386 module iga is unavailable
03-10 16:59:54.930 10834 10834 I UniversalDictationExtension: UniversalDictationExtension.onDestroyExtension():136 onDestroy [UD]
03-10 16:59:54.930 10834 10834 I ModuleManager: ModuleManager$ModuleInitListener.maybeUnloadModuleOnUnavailable():1386 module igb is unavailable
03-10 16:59:54.930 10834 10834 I ModuleManager: ModuleManager$ModuleInitListener.maybeUnloadModuleOnUnavailable():1386 module iiq is unavailable
03-10 16:59:54.930 10834 10834 I NewS3RecognizerModule: NewS3RecognizerModule.onDestroy():28 onDestroy [news3]
03-10 16:59:54.930 10834 10834 I ModuleManager: ModuleManager$ModuleInitListener.maybeUnloadModuleOnUnavailable():1386 module imw is unavailable
03-10 16:59:54.930 10834 10834 I ModuleManager: ModuleManager$ModuleInitListener.maybeUnloadModuleOnUnavailable():1386 module kdw is unavailable
03-10 16:59:54.930 10834 10834 I HardKeyTracker: HardKeyTracker.unregisterKeySequence():221 Unregister key sequence nul{labelResId=2132020466, callback=cth@c3b4be4, lastModifier=2, keyCodes=[56], actions=[0]}
03-10 16:59:54.930 10834 10834 I HardKeyTracker: HardKeyTracker.unregisterKeySequence():221 Unregister key sequence nul{labelResId=2132020466, callback=cth@cb6f84d, lastModifier=0, keyCodes=[317], actions=[0]}
03-10 16:59:54.930 10834 10834 I HardKeyTracker: HardKeyTracker.unregisterKeySequence():221 Unregister key sequence nul{labelResId=2132020465, callback=cth@a44ac11, lastModifier=2, keyCodes=[50], actions=[0]}
03-10 16:59:54.930 10834 10834 I HardKeyTracker: HardKeyTracker.unregisterKeySequence():221 Unregister key sequence nul{labelResId=2132020470, callback=cth@9cc2438, lastModifier=2, keyCodes=[48], actions=[0]}
03-10 16:59:54.930 10834 10834 I HardKeyTracker: HardKeyTracker.unregisterKeySequence():221 Unregister key sequence nul{labelResId=2132020468, callback=cth@2f0e4aa, lastModifier=2, keyCodes=[37], actions=[0]}
03-10 16:59:54.930 10834 10834 I HardKeyTracker: HardKeyTracker.unregisterKeySequence():221 Unregister key sequence nul{labelResId=2132020470, callback=cth@e4ae377, lastModifier=2, keyCodes=[48], actions=[0]}
03-10 16:59:54.930 10834 10834 I HardKeyTracker: HardKeyTracker.unregisterKeySequence():221 Unregister key sequence nul{labelResId=2132020465, callback=cth@1d0a176, lastModifier=2, keyCodes=[50], actions=[0]}
03-10 16:59:54.930 10834 10834 I HardKeyTracker: HardKeyTracker.unregisterKeySequence():221 Unregister key sequence nul{labelResId=2132018771, callback=cth@36b9c9e, lastModifier=2, keyCodes=[39], actions=[0]}
03-10 16:59:54.930 10834 10834 I HardKeyTracker: HardKeyTracker.unregisterKeySequence():221 Unregister key sequence nul{labelResId=2132020469, callback=cth@243eb95, lastModifier=65536, keyCodes=[76], actions=[0]}
03-10 16:59:54.930 10834 10834 I ModuleManager: ModuleManager$ModuleInitListener.maybeUnloadModuleOnUnavailable():1386 module kgi is unavailable
03-10 16:59:54.932 10834 10996 I InputActionMetricsProcessor: InputActionMetricsProcessor.onDetached():109 Detached from metrics manager.
03-10 16:59:54.932 10834 10834 I ModuleManager: ModuleManager$ModuleInitListener.maybeUnloadModuleOnUnavailable():1386 module lns is unavailable
03-10 16:59:54.932 10834 10834 I ModuleManager: ModuleManager$ModuleInitListener.maybeUnloadModuleOnUnavailable():1386 module IBannerExtension is unavailable
03-10 16:59:54.932 10834 10834 I ModuleManager: ModuleManager$ModuleInitListener.maybeUnloadModuleOnUnavailable():1386 module ohp is unavailable
03-10 16:59:54.934 10834 10834 I ModuleManager: ModuleManager$ModuleInitListener.maybeUnloadModuleOnUnavailable():1386 module oky is unavailable
03-10 16:59:54.934 10834 10834 I ModuleManager: ModuleManager$ModuleInitListener.maybeUnloadModuleOnUnavailable():1386 module ifj is unavailable
03-10 16:59:54.934 10834 10834 I ModuleManager: ModuleManager$ModuleInitListener.maybeUnloadModuleOnUnavailable():1386 module ifn is unavailable
03-10 16:59:54.936 10834 10834 I ModuleManager: ModuleManager$ModuleInitListener.maybeUnloadModuleOnUnavailable():1386 module nyi is unavailable
03-10 16:59:54.936 10834 10834 W NotificationCenter: NotificationCenter.unregisterListener():480 Listener ktn@3dd25df was not registered for notification class mev
03-10 16:59:54.936 10834 10834 W NotificationCenter: NotificationCenter.unregisterListener():480 Listener ktm@4a24c7e was not registered for notification class men
03-10 16:59:54.936 10834 10834 W NotificationCenter: NotificationCenter.unregisterListener():480 Listener nhv@7c57e39 was not registered for notification class kgz
03-10 16:59:54.936 10834 10834 W NotificationCenter: NotificationCenter.unregisterListener():480 Listener ktc@776c4f5 was not registered for notification class lhi
03-10 16:59:54.937 10834 10834 W NotificationCenter: NotificationCenter.unregisterListener():480 Listener kdq@983dea9 was not registered for notification class kfo
03-10 16:59:54.937 10834 10834 I HardKeyTracker: HardKeyTracker.unregisterKeySequence():221 Unregister key sequence nul{labelResId=2132020472, callback=null, lastModifier=2, keyCodes=[8], actions=[0]}
03-10 16:59:54.937 10834 10834 I HardKeyTracker: HardKeyTracker.unregisterKeySequence():221 Unregister key sequence nul{labelResId=2132020474, callback=gqg@15dd806, lastModifier=2, keyCodes=[62], actions=[0]}
03-10 16:59:54.937 10834 10834 I ModuleManager: ModuleManager$ModuleInitListener.maybeUnloadModuleOnUnavailable():1386 module kdu is unavailable
03-10 16:59:54.937 10834 10834 I ModuleManager: ModuleManager$ModuleInitListener.maybeUnloadModuleOnUnavailable():1386 module olt is unavailable
03-10 16:59:54.939  3163  4298 I ImeTracker: com.motorola.launcher.secondarydisplay:84f19844: onRequestHide at ORIGIN_SERVER reason HIDE_DISPLAY_IME_POLICY_HIDE fromUser false
03-10 16:59:54.939 10834 10834 I ModuleManager: ModuleManager$ModuleInitListener.maybeUnloadModuleOnUnavailable():1386 module hok is unavailable
03-10 16:59:54.939  3163  4298 I ImeTracker: com.motorola.launcher.secondarydisplay:84f19844: onCancelled at PHASE_SERVER_SHOULD_HIDE
03-10 16:59:54.940 10834 10834 I ModuleManager: ModuleManager$ModuleInitListener.maybeUnloadModuleOnUnavailable():1386 module ghq is unavailable
03-10 16:59:54.941 10834 10834 I ModuleManager: ModuleManager$ModuleInitListener.maybeUnloadModuleOnUnavailable():1386 module hvu is unavailable
03-10 16:59:54.942 10834 10834 I ModuleManager: ModuleManager$ModuleInitListener.maybeUnloadModuleOnUnavailable():1386 module ecr is unavailable
03-10 16:59:54.942 10834 10834 I ModuleManager: ModuleManager$ModuleInitListener.maybeUnloadModuleOnUnavailable():1386 module esr is unavailable
03-10 16:59:54.942 10834 10834 I ModuleManager: ModuleManager$ModuleInitListener.maybeUnloadModuleOnUnavailable():1386 module hzz is unavailable
03-10 16:59:54.942 10834 10834 I ModuleManager: ModuleManager$ModuleInitListener.maybeUnloadModuleOnUnavailable():1386 module ifc is unavailable
03-10 16:59:54.942 10834 10834 I ModuleManager: ModuleManager$ModuleInitListener.maybeUnloadModuleOnUnavailable():1386 module ntv is unavailable
03-10 16:59:54.942 10834 10834 I ModuleManager: ModuleManager$ModuleInitListener.maybeUnloadModuleOnUnavailable():1386 module ntw is unavailable
03-10 16:59:54.942 10834 10834 I ModuleManager: ModuleManager$ModuleInitListener.maybeUnloadModuleOnUnavailable():1386 module oav is unavailable
03-10 16:59:54.943 10834 10834 I ModuleManager: ModuleManager$ModuleInitListener.maybeUnloadModuleOnUnavailable():1386 module hzy is unavailable
03-10 16:59:54.943  9070  9158 D Apptimize: Apptimize: *** background ***
03-10 16:59:54.943  9070  9158 D Apptimize: Apptimize: updateDownloadPeriod:86400000 setPace: true
03-10 16:59:54.943 10834 10834 I ModuleManager: ModuleManager$ModuleInitListener.maybeUnloadModuleOnUnavailable():1386 module ggm is unavailable
03-10 16:59:54.944 10834 10834 I ModuleManager: ModuleManager$ModuleInitListener.maybeUnloadModuleOnUnavailable():1386 module efd is unavailable
03-10 16:59:54.944 10834 10834 I ModuleManager: ModuleManager$ModuleInitListener.maybeUnloadModuleOnUnavailable():1386 module ief is unavailable
03-10 16:59:54.944 10834 10834 I ModuleManager: ModuleManager$ModuleInitListener.maybeUnloadModuleOnUnavailable():1386 module ifb is unavailable
03-10 16:59:54.944 10834 10834 I ModuleManager: ModuleManager$ModuleInitListener.maybeUnloadModuleOnUnavailable():1386 module ITranslateUiExtension is unavailable
03-10 16:59:54.944 10834 10834 I ModuleManager: ModuleManager$ModuleInitListener.maybeUnloadModuleOnUnavailable():1386 module egz is unavailable
03-10 16:59:54.946 10834 10834 W NotificationCenter: NotificationCenter.unregisterListener():480 Listener eei@7d613cf was not registered for notification class ndp
03-10 16:59:54.946 10834 10834 W NotificationCenter: NotificationCenter.unregisterListener():480 Listener efs@1bf6ca7 was not registered for notification class ndp
03-10 16:59:54.946 10834 10834 I ModuleManager: ModuleManager$ModuleInitListener.maybeUnloadModuleOnUnavailable():1386 module ego is unavailable
03-10 16:59:54.947 10834 10834 I ModuleManager: ModuleManager$ModuleInitListener.maybeUnloadModuleOnUnavailable():1386 module ojg is unavailable
03-10 16:59:54.948 10834 10834 I ModuleManager: ModuleManager$ModuleInitListener.maybeUnloadModuleOnUnavailable():1386 module oha is unavailable
03-10 16:59:54.949 10834 10834 I ModuleManager: ModuleManager$ModuleInitListener.maybeUnloadModuleOnUnavailable():1386 module ejs is unavailable
03-10 16:59:54.949 10834 10834 I ModuleManager: ModuleManager$ModuleInitListener.maybeUnloadModuleOnUnavailable():1386 module hvo is unavailable
03-10 16:59:54.951 10834 10834 I ModuleManager: ModuleManager$ModuleInitListener.maybeUnloadModuleOnUnavailable():1386 module eqk is unavailable
03-10 16:59:54.952 10834 10834 I ModuleManager: ModuleManager$ModuleInitListener.maybeUnloadModuleOnUnavailable():1386 module ftq is unavailable
03-10 16:59:54.952 10834 10834 I ModuleManager: ModuleManager$ModuleInitListener.maybeUnloadModuleOnUnavailable():1386 module ftu is unavailable
03-10 16:59:54.954 10834 10834 I ModuleManager: ModuleManager$ModuleInitListener.maybeUnloadModuleOnUnavailable():1386 module evt is unavailable
03-10 16:59:54.954 10834 10834 I ModuleManager: ModuleManager$ModuleInitListener.maybeUnloadModuleOnUnavailable():1386 module eww is unavailable
03-10 16:59:54.961 10834 10834 I ModuleManager: ModuleManager$ModuleInitListener.maybeUnloadModuleOnUnavailable():1386 module lau is unavailable
03-10 16:59:54.962 10834 10834 I ModuleManager: ModuleManager$ModuleInitListener.maybeUnloadModuleOnUnavailable():1386 module evm is unavailable
03-10 16:59:54.962 10834 10834 I EmojifyExtensionImpl: EmojifyExtensionImpl.onDestroy():611 Destroying Emojify extension ezf@404bbf6.
03-10 16:59:54.963 10834 10834 I ModuleManager: ModuleManager$ModuleInitListener.maybeUnloadModuleOnUnavailable():1386 module eyq is unavailable
03-10 16:59:54.963 10834 10834 I AbstractOpenableExtension: AbstractOpenableExtension.maybeDestroyExistingKeyboardGroupManager():534 Destroy existing keyboard group manager in ezz
03-10 16:59:54.963 10834 10834 I ModuleManager: ModuleManager$ModuleInitListener.maybeUnloadModuleOnUnavailable():1386 module IExpressionMomentExtension is unavailable
03-10 16:59:54.963 10834 10834 I ModuleManager: ModuleManager$ModuleInitListener.maybeUnloadModuleOnUnavailable():1386 module IEmojiKitchenBrowseExtension is unavailable
03-10 16:59:54.963 10834 10834 I AbstractOpenableExtension: AbstractOpenableExtension.maybeDestroyExistingKeyboardGroupManager():534 Destroy existing keyboard group manager in hme
03-10 16:59:54.963 10834 10834 I ModuleManager: ModuleManager$ModuleInitListener.maybeUnloadModuleOnUnavailable():1386 module FastAccessBarExtension is unavailable
03-10 16:59:54.964 10834 10834 I ModuleManager: ModuleManager$ModuleInitListener.maybeUnloadModuleOnUnavailable():1386 module hmt is unavailable
03-10 16:59:54.964 10834 10834 I ModuleManager: ModuleManager$ModuleInitListener.maybeUnloadModuleOnUnavailable():1386 module fkk is unavailable
03-10 16:59:54.964 10834 10834 I ModuleManager: ModuleManager$ModuleInitListener.maybeUnloadModuleOnUnavailable():1386 module IGifKeyboardExtension is unavailable
03-10 16:59:54.964 10834 10834 I ModuleManager: ModuleManager$ModuleInitListener.maybeUnloadModuleOnUnavailable():1386 module IStickerExtension is unavailable
03-10 16:59:54.965 10834 10834 I ModuleManager: ModuleManager$ModuleInitListener.maybeUnloadModuleOnUnavailable():1386 module etr is unavailable
03-10 16:59:54.966 10834 10834 I ModuleManager: ModuleManager$ModuleInitListener.maybeUnloadModuleOnUnavailable():1386 module fcx is unavailable
03-10 16:59:54.966 10834 10834 I ModuleManager: ModuleManager$ModuleInitListener.maybeUnloadModuleOnUnavailable():1386 module how is unavailable
03-10 16:59:54.967 10834 10834 I ModuleManager: ModuleManager$ModuleInitListener.maybeUnloadModuleOnUnavailable():1386 module gzb is unavailable
03-10 16:59:54.968 10834 10834 I ModuleManager: ModuleManager$ModuleInitListener.maybeUnloadModuleOnUnavailable():1386 module hzw is unavailable
03-10 16:59:54.968 10834 10834 I ModuleManager: ModuleManager$ModuleInitListener.maybeUnloadModuleOnUnavailable():1386 module nhr is unavailable
03-10 16:59:54.969 10834 10834 I ModuleManager: ModuleManager$ModuleInitListener.maybeUnloadModuleOnUnavailable():1386 module hhx is unavailable
03-10 16:59:54.969 10834 10834 I ModuleManager: ModuleManager$ModuleInitListener.maybeUnloadModuleOnUnavailable():1386 module hid is unavailable
03-10 16:59:54.969 10834 10834 I ModuleManager: ModuleManager$ModuleInitListener.maybeUnloadModuleOnUnavailable():1386 module kts is unavailable
03-10 16:59:54.969 10834 10834 I ModuleManager: ModuleManager$ModuleInitListener.maybeUnloadModuleOnUnavailable():1386 module mtm is unavailable
03-10 16:59:54.970 10834 10834 I HardKeyTracker: HardKeyTracker.unregisterKeySequence():221 Unregister key sequence nul{labelResId=0, callback=gqg@49aa12d, lastModifier=0, keyCodes=[57, 57], actions=[1, 0]}
03-10 16:59:54.970 10834 10834 I HardKeyTracker: HardKeyTracker.unregisterKeySequence():221 Unregister key sequence nul{labelResId=0, callback=gqg@8c08662, lastModifier=0, keyCodes=[58, 58], actions=[1, 0]}
03-10 16:59:54.970 10834 10834 I AbstractOpenableExtension: AbstractOpenableExtension.maybeDestroyExistingKeyboardGroupManager():534 Destroy existing keyboard group manager in hjj
03-10 16:59:54.970 10834 10834 I ModuleManager: ModuleManager$ModuleInitListener.maybeUnloadModuleOnUnavailable():1386 module IEmojiSearchExtension is unavailable
03-10 16:59:54.971  2064  4171 D slpi    : tmd2712: Als lux: 38.80, ch0: 1354, ch1: 602, scale: 1.08, atime:50.04, again:1024
03-10 16:59:54.971 10834 10834 W NotificationCenter: NotificationCenter$NotificationQueue.notifyPendingNotificationsOnExecutor():877 Heavy notify work detected on UI thread: [miy->nhv, miy->nhv, miy->nhv, miy->nhv, miy->nhv, miy->nhv, miy->nhv, miy->nhv, miy->nhv, miy->nhv, miy->nhv, miy->nhv, miy->nhv, miy->nhv, miy->nhv, miy->nhv, miy->nhv, miy->nhv, miy->nhv, miy->nhv, miy->nhv, neg->nef, neg->nef, neg->nef, neg->nef, neg->nef, neg->nef, neg->nef, neg->nef, neg->nef, neg->nef, neg->nef, neg->nef, neg->nef, neg->nef, neg->nef, neg->nef, kgz->nhv, kgz->nhv, kgz->nhv, kgz->nhv, kgz->nhv, kgz->nhv, kgz->nhv, kgz->nhv, kgz->nhv, neg->nef, neg->nef, neg->nef, neg->nef, neg->nef, neg->nef, neg->nef, neg->nef, neg->nef, neg->nef, neg->nef, neg->nef, neg->nef, neg->nef, neg->nef, neg->nef, neg->nef, neg->nef, neg->nef, neg->nef, neg->nef, neg->nef, neg->nef, neg->nef, neg->nef, neg->nef, neg->nef, neg->nef, neg->nef, neg->nef, neg->nef, neg->nef, neg->nef, neg->nef, neg->nef, neg->nef, neg->nef, neg->nef, neg->nef, neg->nef, neg->nef, neg->nef, neg->nef, neg->nef, neg->nef, neg->nef, neg->nef, neg->nef, neg->nef, neg->nef, neg->nef] takes 42ms
03-10 16:59:54.971 10834 10834 I GoogleInputMethodService: GoogleInputMethodService.onDestroy():968 Maybe update OEM display config because of service destruction
03-10 16:59:54.972 10834 10834 I DeviceModeModule: DeviceModeModule.calculateAndNotify():197 Window metrics is not available, fallback to app context.
03-10 16:59:54.973 10834 10834 I DeviceModeModule: DeviceModeModule.calculateAndNotify():224 Device mode 'phone' from display metrics 'DisplayMetrics{density=0.0, width=1080, height=2640, scaledDensity=0.0, xdpi=397.565, ydpi=435.428}' or smallestScreenWidthDp: 411
03-10 16:59:54.973 10834 10834 I GoogleInputMethodService: GoogleInputMethodService.clearInputMethodServiceData():1030 clearInputMethodServiceData for onDestroy
03-10 16:59:54.973  3163  3352 V DisplayPowerController2[1]: Brightness [0.32127005] reason changing to: 'automatic', previous reason: 'manual'.
03-10 16:59:54.973 10834 10834 I GoogleInputMethodService: GoogleInputMethodService.discardAllKeyboardViewAndInputView():1262 discardAllKeyboardViewAndInputView()
03-10 16:59:54.973 10834 10834 I InputMethodEntryManager: InputMethodEntryManager.notifyCurrentInputMethodEntryOnContextChanged():545 notifyCurrentInputMethodEntryOnContextChanged()
03-10 16:59:54.973 10834 10834 I InputMethodEntryManager: InputMethodEntryManager.notifyCurrentInputMethodEntryOnContextChanged():566 Notify current input method entry changed on context change
03-10 16:59:54.973  3163  3352 I DisplayPowerController2[1]: 03-10 16:59:54.973 - BrightnessEvent: disp=1, physDisp=local:4630947043778501763, displayState=ON, displayPolicy=BRIGHT, brt=0.32127005, initBrt=0.2282251, rcmdBrt=0.32127005, preBrt=NaN, lux=38.8, preLux=NaN, brtNits=93.83322, hdrNits=NaN, initNits=54.526253, preNits=NaN, rcmdNits=93.83322, hdrBrightness=NaN, brt(%)=42%, brtInt=83, hbmPolicy=normal, hbmMax=0.7660316, hbmMode=off, rbcStrength=-1, thrmMax=1.0, powerFactor=1.0, wasShortTermModelActive=false, flags=, reason=automatic, autoBrightness=true, strategy=InvalidBrightnessStrategy, autoBrightnessMode=default
03-10 16:59:54.974 10834 10834 I KeyboardThemeProvider: KeyboardThemeProvider.reset():39 Reset keyboard theme
03-10 16:59:54.974  2300  4965 I SurfaceFlinger: mBrightnessDiming=1, isCli=1, mBrightnessDimingCnt=0
03-10 16:59:54.974 10834 10834 I KeyboardContextProvider: KeyboardContextProvider.setBaseContextAndInvalidKeyboardContextCache():88 setBaseContextAndInvalidKeyboardContextCache(): null
03-10 16:59:54.976  3163  7479 W WindowManager: Cannot find window which accessibility connection is added to
03-10 16:59:54.976  3163  3163 I BrightnessSynchronizer: New Update: {[8586] 0.38077816(f), mUpdatedTypes=1, mConfirmedTypes=0, mTimeUpdated=0, mState=2}
03-10 16:59:54.976  3163  3163 I BrightnessSynchronizer: [8586] New Update 0.38077816(f) set brightness values:  98(i)
03-10 16:59:54.976  3163  3163 I BrightnessSynchronizer: New PendingUpdate: {[8587] 0.38077816(f), mUpdatedTypes=0, mConfirmedTypes=0, mTimeUpdated=0, mState=1}, prev=null
03-10 16:59:54.976  3163  3163 I BrightnessSynchronizer: Swallowing update of 98(i) by update: {[8586] 0.38077816(f), mUpdatedTypes=1, mConfirmedTypes=1, mTimeUpdated=69301663, mState=2}
03-10 16:59:54.976  3163  3163 I BrightnessSynchronizer: Completed Update: {[8586] 0.38077816(f), mUpdatedTypes=1, mConfirmedTypes=1, mTimeUpdated=69301663, mState=3}
03-10 16:59:54.977  3163  7479 W WindowManager: Failed looking up window session=Session{aad39a 10834:u0a10310} callers=com.android.server.wm.WindowManagerService.removeClientToken:2330 com.android.server.wm.Session.remove:275 android.view.IWindowSession$Stub.onTransact:734 
03-10 16:59:54.977  3163  7479 W WindowManager: win is null client=android.os.BinderProxy@fa661ba
03-10 16:59:54.977  3163  3163 I BrightnessSynchronizer: New Update: {[8587] 0.38077816(f), mUpdatedTypes=0, mConfirmedTypes=0, mTimeUpdated=0, mState=2}
03-10 16:59:54.978 10834 10834 W WindowTokenClientController: Can't find attached WindowTokenClient for android.window.WindowTokenClient@897d41c
03-10 16:59:54.979 10834 10834 I AbstractOpenableExtension: AbstractOpenableExtension$3.onSuccess():552 KeyboardGroupManager destroyed in ezz.
03-10 16:59:54.979 10834 10834 I AbstractOpenableExtension: AbstractOpenableExtension$3.onSuccess():552 KeyboardGroupManager destroyed in hme.
03-10 16:59:54.979 10834 10834 I AbstractOpenableExtension: AbstractOpenableExtension$3.onSuccess():552 KeyboardGroupManager destroyed in hjj.
03-10 16:59:54.984  3163  3227 D PowerManagerService: nativeReleaseSuspendBlocker name:PowerManagerService.Broadcasts duration ms: 0
03-10 16:59:55.006  3163  3231 W AccessibilityWindowsPopulator: The displayInfo of this displayId (0) called back from the surface fligner is null
03-10 16:59:55.017  5625  5625 I KeyguardTransitionRepository: FINISHED transition: TransitionStep(from=DOZING, to=LOCKSCREEN, value=1.0, transitionState=FINISHED, ownerName=FromDozingTransitionInteractor)
03-10 16:59:55.044  9070  9329 D Apptentive: [SDK Queue] [LIFE CYCLE OBSERVER] App is in background
03-10 16:59:55.044  9070  9329 I Apptentive: [SDK Queue] [EVENT] Engaged event: com.apptentive#app#exit
03-10 16:59:55.044  9070  9329 D Apptentive: [SDK Queue] [EVENT] Engaged event interaction ID: null
03-10 16:59:55.044  9070  9329 V Apptentive: [SDK Queue] [EVENT] Recording event: com.apptentive#app#exit
03-10 16:59:55.044  9070  9329 D Apptentive: [SDK Queue] [CONVERSATION] Setting conversation file from roster
03-10 16:59:55.044  9070  9329 D Apptentive: [SDK Queue] [CONVERSATION] Using conversation file: conversations/0eb0ccbd-445f-4c39-bbd3-93b8610a296e
03-10 16:59:55.044  9070  9329 D Apptentive: [SDK Queue] [CONVERSATION] Saving conversation roster: <REDACTED>
03-10 16:59:55.052  9070  9329 V Apptentive: [SDK Queue] [CONVERSATION] Conversation data saved (took 5 ms)
03-10 16:59:55.052  9070  9329 D Apptentive: [SDK Queue] [CONVERSATION] Conversation saved successfully
03-10 16:59:55.052  9070  9329 V Apptentive: [SDK Queue] [CONVERSATION] 
03-10 16:59:55.052  9070  9329 V Apptentive: -------------------- CONVERSATION STATE CHANGE START --------------------
03-10 16:59:55.052  9070  9329 V Apptentive: [SDK Queue] [CONVERSATION] Conversation(localIdentifier="74f6f7b1-988d-4e4c-ade9-07eb680146ed", conversationToken="<REDACTED>", conversationID="69b086170f0d875e892cfa0e")
03-10 16:59:55.053  9070  9329 V Apptentive: [SDK Queue] [DEVICE] Device {"board":"lynkco","bootloader_version":"MBM-3.0-lynkco-36ab776a002-251224-V1TVS35H.41-24-3-16-e55b1","brand":"motorola","build_id":"V1TVS35H.41-24-3-16","build_type":"user","carrier":"","cpu":"arm64-v8a","current_carrier":"","custom_data":"<REDACTED>","device":"lynkco","integration_config":{},"locale_country_code":"","locale_language_code":"en_us","locale_raw":"en_us","manufacturer":"motorola","model":"motorola razr 2023","network_type":"UNKNOWN","os_api_level":35,"os_build":"e55b1-5895dd","os_name":"Android","os_version":"15","product":"lynkco_gu","radio_version":"M7450_DE305_34.1529.01.96.139R","utc_offset":-18000,"uuid":"c189278a-aff3-4722-8e7a-2aec01f7b8bd"}
03-10 16:59:55.053  9070  9329 V Apptentive: [SDK Queue] [PERSON] Person {"custom_data":"<REDACTED>","id":"69b086170f0d875e892cfa0c","m_particle_id":"<REDACTED>"}
03-10 16:59:55.053  9070  9329 V Apptentive: [SDK Queue] [SDK] SDK {"distribution":"mParticle","distribution_version":"5.73.2","platform":"Android","version":"6.9.1"}
03-10 16:59:55.053  9070  9329 V Apptentive: [SDK Queue] [APP_RELEASE] AppRelease(type=android, identifier=com.dunkinbrands.otgo, versionCode=111210, versionName=11.21.0.381, targetSdkVersion=35, minSdkVersion=30, debug=false, inheritStyle=true, overrideStyle=false, appStore=Google, customAppStoreURL=null)
03-10 16:59:55.053  9070  9329 V Apptentive: [SDK Queue] [CONFIGURATION] Configuration(expiry=1.773205144173E9, messageCenter=MessageCenter(fgPoll=10.0, bgPoll=300.0))
03-10 16:59:55.053  9070  9329 V Apptentive: [SDK Queue] [RANDOM_SAMPLING] RandomSampling(percents={})
03-10 16:59:55.053  9070  9329 V Apptentive: [SDK Queue] [ENGAGEMENT DATA] EngagementData(events=EngagementRecords(records={com.apptentive#app#launch=EngagementRecord(totalInvokes=1, versionCodeLookup={111210=1}, versionNameLookup={11.21.0.381=1}, lastInvoked=1.773176343753E9), local#app#view-home-applaunch=EngagementRecord(totalInvokes=1, versionCodeLookup={111210=1}, versionNameLookup={11.21.0.381=1}, lastInvoked=1.773176343764E9), local#app#Apptimize experiment=EngagementRecord(totalInvokes=5, versionCodeLookup={111210=5}, versionNameLookup={11.21.0.381=5}, lastInvoked=1.773176376331E9), local#app#view-home=EngagementRecord(totalInvokes=2, versionCodeLookup={111210=2}, versionNameLookup={11.21.0.381=2}, lastInvoked=1.773176356565E9), local#app#view-in-app-takeover=EngagementRecord(totalInvokes=1, versionCodeLookup={111210=1}, versionNameLookup={11.21.0.381=1}, lastInvoked=1.773176352378E9), local#app#navigation-close=EngagementRecord(totalInvokes=1, versionCodeLookup={111210=1}, versionNameLookup={11.21.0.381=1}, lastInvoked=1.773176356522E9), local#app#other-in-app-takeover-cta=EngagementRecord(totalInvokes=1, versionCodeLookup={111210=1}, versionNameLookup={11.21.0.381=1}, lastInvoked=1.773176356534E9), local#app#view-locations=EngagementRecord(totalInvokes=1, versionCodeLookup={111210=1}, versionNameLookup={11.21.0.381=1}, lastInvoked=1.773176365392E9), local#app#navigation-location-destination=EngagementRecord(totalInvokes=1, versionCodeLookup={111210=1}, versionNameLookup={11.21.0.381=1}, lastInvoked=1.7731763758140001E9), local#app#view-menu=EngagementRecord(totalInvokes=3, versionCodeLookup={111210=3}, versionNameLookup={11.21.0.381=3}, lastInvoked=1.773176379357E9), local#app#navigation-mainmenu-featuredcategory=EngagementRecord(totalInvokes=1, versionCodeLookup={111210=1}, versionNameLookup={11.21.0.381=1}, lastInvoked=1.773176379232E9), local#app#other-add-product-upsell=EngagementRecord(totalInvokes=1, versionCodeLookup={111210=1}, versionNameLookup={11.21.0.381=1}, lastInvoked=1.773176382653E9), local#app#eCommerce - click - Item=EngagementRecord(totalInvokes=1, versionCodeLookup={111210=1}, versionNameLookup={11.21.0.381=1}, lastInvoked=1.773176382684E9), local#app#eCommerce - view_detail - Item=EngagementRecord(totalInvokes=1, versionCodeLookup={111210=1}, versionNameLookup={11.21.0.381=1}, lastInvoked=1.773176383799E9), com.apptentive#app#exit=EngagementRecord(totalInvokes=1, versionCodeLookup={111210=1}, versionNameLookup={11.21.0.381=1}, lastInvoked=1.7731763950440001E9)}), interactions=EngagementRecords(records={}), interactionResponses={}, versionHistory=VersionHistory(items=[VersionHistoryItem(timestamp=1.773176343711E9, versionCode=111210, versionName=11.21.0.381)], timeSource=o.ActivityViewModelLazyKtviewModels4@29addad))
03-10 16:59:55.053  9070  9329 V Apptentive: [SDK Queue] [CONVERSATION] 
03-10 16:59:55.053  9070  9329 V Apptentive: -------------------- CONVERSATION STATE CHANGE END --------------------
03-10 16:59:55.053  9070  9329 V Apptentive: [SDK Queue] [CRITERIA] Cached invocations for event: com.apptentive#app#show_message_center
03-10 16:59:55.054  9070  9329 I Apptentive: [SDK Queue] [INTERACTIONS] Criteria evaluated => true
03-10 16:59:55.054  9070  9329 D Apptentive: [SDK Queue] [INTERACTIONS] Criteria evaluation details:
03-10 16:59:55.054  9070  9329 V Apptentive: [SDK Queue] [PAYLOADS] Adding Payload to queue: EventPayload {"label":"com.apptentive#app#exit","client_created_at":1.7731763950540001E9,"client_created_at_utc_offset":-14400,"session_id":"fc08f0a8-5c0d-41de-8f95-5d0ce81ac62c","nonce":"7d2b1797-1917-4e8b-bc7d-8f4379ef8892"}
03-10 16:59:55.059  9070  9329 V Apptentive: [SDK Queue] [PAYLOADS] Saving payload body to: /data/user/0/com.dunkinbrands.otgo/databases/payloads.db
03-10 16:59:55.061  9070  9121 D WM-SystemJobScheduler: Scheduling work ID 3e8a4195-96ac-4142-ae96-17f44dddb0b2Job ID 1
03-10 16:59:55.063  9070  9329 V Apptentive: [SDK Queue] [PAYLOADS] Enqueue payload (1):
03-10 16:59:55.063  9070  9329 V Apptentive: -------------------------------------------------------------------------------------------------------------------------------------------------------------------------------------------------------------------------------------------------------------------------------------------------------------------------------------------
03-10 16:59:55.063  9070  9329 V Apptentive: nonce-36s | type-5s | tag-50s | token-5s | data-223s
03-10 16:59:55.063  9070  9329 V Apptentive: 7d2b1797-1917-4e8b-bc7d-8f4379ef8892-36s | Event-5s | conversations/0eb0ccbd-445f-4c39-bbd3-93b8610a296e-50s | JWT-5s | {"event":{"label":"com.apptentive#app#exit","client_created_at":1.7731763950540001E9,"client_created_at_utc_offset":-14400,"session_id":"fc08f0a8-5c0d-41de-8f95-5d0ce81ac62c","nonce":"7d2b1797-1917-4e8b-bc7d-8f4379ef8892"}}-223s
03-10 16:59:55.063  9070  9329 V Apptentive: -------------------------------------------------------------------------------------------------------------------------------------------------------------------------------------------------------------------------------------------------------------------------------------------------------------------------------------------
03-10 16:59:55.065  9070  9329 V Apptentive: [SDK Queue] [PAYLOADS] Start sending payload: PayloadData(nonce=7d2b1797-1917-4e8b-bc7d-8f4379ef8892, type=Event, tag=conversations/0eb0ccbd-445f-4c39-bbd3-93b8610a296e, token=eyJhbGciOiJIUzUxMiJ9.eyJ0eXBlIjoiYW5vbiIsImlzcyI6ImFwcHRlbnRpdmUiLCJzdWIiOiI2OWIwODYxNzBmMGQ4NzVlODkyY2ZhMGUiLCJhcHBfaWQiOiI1OGU2Y2EzMjRiY2YyNzM5M2UwMDAwMDEiLCJpYXQiOjE3NzMxNzYzNDN9.62yuzR-yqeB9IxVKTYIn5LW16uGCVQgwcVMFQwQi3aDa83vxELUHXA3CPo9UUHY4qwlWcSbo3zfu5mcCd926wQ, conversationId = 69b086170f0d875e892cfa0e, isEncrypted=false, mediaType=application/json;charset=UTF-8, dataFilePath=, data=223 bytes)
03-10 16:59:55.065  9070  9329 V Apptentive: [SDK Queue] [CRITERIA] No invocations for event: com.apptentive#app#exit
03-10 16:59:55.065  9070  9329 D Apptentive: [SDK Queue] [INTERACTIONS] Interaction NOT Engaged => No invocations found or criteria evaluated false for event: 'exit'
03-10 16:59:55.065  9070  9329 D Apptentive: [SDK Queue] [MESSAGE CENTER] App is in the background, stop polling
03-10 16:59:55.065  9070  9329 D Apptentive: [SDK Queue] [MESSAGE CENTER] Stop polling messages
03-10 16:59:55.066  9070  9329 D Apptentive: [SDK Queue] [MESSAGE CENTER] Setting message file from roster: ConversationRoster(activeConversation=ConversationMetaData(state=apptentive.com.android.feedback.conversation.ConversationState$Anonymous@b9d5dbf, path=conversations/0eb0ccbd-445f-4c39-bbd3-93b8610a296e), loggedOut=[])
03-10 16:59:55.068  9070  9430 D Apptentive: [Network (thread-4)] [NETWORK] --> POST https://api.apptentive.com/conversations/69b086170f0d875e892cfa0e/events
03-10 16:59:55.068  9070  9430 V Apptentive: [Network (thread-4)] [NETWORK] Headers:
03-10 16:59:55.068  9070  9430 V Apptentive: <REDACTED>
03-10 16:59:55.068  9070  9329 V Apptentive: [SDK Queue] [CONVERSATION] Messages saved (took 2 ms)
03-10 16:59:55.068  9070  9430 V Apptentive: [Network (thread-4)] [NETWORK] Content-Type: application/json;charset=UTF-8
03-10 16:59:55.068  9070  9430 V Apptentive: [Network (thread-4)] [NETWORK] Request Body: <REDACTED>
03-10 16:59:55.071  3163  6975 D CompatChangeReporter: Compat change id reported: 311402873; UID 10314; state: ENABLED
03-10 16:59:55.071  3163  7479 D CompatChangeReporter: Compat change id reported: 323349338; UID 10314; state: ENABLED
03-10 16:59:55.071  3163  7479 W JobInfo : Job 'com.dunkinbrands.otgo/com.salesforce.marketingcloud.MCService#3000' has a deadline with no functional constraints. The deadline won't improve job execution latency. Consider removing the deadline.
03-10 16:59:55.077  9070  9121 D WM-SystemJobScheduler: Scheduling work ID 41004ab2-cef8-4871-8310-c9079b8b3e2cJob ID 2
03-10 16:59:55.090  3163  7479 W PackageManager: Missing required system package: com.dunkinbrands.otgo, but found with extended search.
03-10 16:59:55.098  3163  7479 W JobInfo : Job 'com.dunkinbrands.otgo/com.salesforce.marketingcloud.MCService#3000' has a deadline with no functional constraints. The deadline won't improve job execution latency. Consider removing the deadline.
03-10 16:59:55.117  2300  4965 I SurfaceFlinger: mBrightnessDiming=0, isCli=1, mBrightnessDimingCnt=0
03-10 16:59:55.122  3163  3163 I BrightnessSynchronizer: New Update: {[8588] 0.38077816(f), mUpdatedTypes=0, mConfirmedTypes=0, mTimeUpdated=0, mState=2}
03-10 16:59:55.123  9070  9430 D Apptentive: [Network (thread-4)] [NETWORK] <-- 201 Created (0.055 sec)
03-10 16:59:55.123  9070  9430 V Apptentive: [Network (thread-4)] [NETWORK] Response Body: <REDACTED>
03-10 16:59:55.124  9070  9329 V Apptentive: [SDK Queue] [PAYLOADS] Payload send finished
03-10 16:59:55.130  9070  9329 V Apptentive: [SDK Queue] [PAYLOADS] Delete payload and associated files (0)
03-10 16:59:55.130  9070  9329 D Apptentive: [SDK Queue] [PAYLOADS] Payload of type 'Event' successfully sent
03-10 16:59:55.132  9070  9329 D Apptentive: [SDK Queue] [PAYLOADS] Unable to send payload: payload queue is empty
03-10 16:59:55.237  3163  3183 I system_server: Background concurrent mark compact GC freed 93MB AllocSpace bytes, 141(5320KB) LOS objects, 49% free, 98MB/194MB, paused 1.248ms,6.463ms total 406.241ms
03-10 16:59:55.243  3163  3184 I BpBinder: onLastStrongRef automatically unlinking death recipients: 
03-10 16:59:55.256  3163  3185 W system_server: ApkAssets: Deleting an ApkAssets object '<empty> and /data/app/~~oh18E6OPe75t2j1pIlTLCA==/com.google.android.gms-WmJzXfiTA3epqGUme2kT3Q==/base.apk' with 1 weak references
03-10 16:59:55.256  3163  3185 W system_server: ApkAssets: Deleting an ApkAssets object '<empty> and /data/app/~~oh18E6OPe75t2j1pIlTLCA==/com.google.android.gms-WmJzXfiTA3epqGUme2kT3Q==/split_CronetDynamite_installtime.apk' with 1 weak references
03-10 16:59:55.256  3163  3185 W system_server: ApkAssets: Deleting an ApkAssets object '<empty> and /data/app/~~oh18E6OPe75t2j1pIlTLCA==/com.google.android.gms-WmJzXfiTA3epqGUme2kT3Q==/split_DynamiteLoader_installtime.apk' with 1 weak references
03-10 16:59:55.256  3163  3185 W system_server: ApkAssets: Deleting an ApkAssets object '<empty> and /data/app/~~oh18E6OPe75t2j1pIlTLCA==/com.google.android.gms-WmJzXfiTA3epqGUme2kT3Q==/split_DynamiteModulesA_installtime.apk' with 1 weak references
03-10 16:59:55.256  3163  3185 W system_server: ApkAssets: Deleting an ApkAssets object '<empty> and /data/app/~~oh18E6OPe75t2j1pIlTLCA==/com.google.android.gms-WmJzXfiTA3epqGUme2kT3Q==/split_DynamiteModulesC_installtime.apk' with 1 weak references
03-10 16:59:55.256  3163  3185 W system_server: ApkAssets: Deleting an ApkAssets object '<empty> and /data/app/~~oh18E6OPe75t2j1pIlTLCA==/com.google.android.gms-WmJzXfiTA3epqGUme2kT3Q==/split_GoogleCertificates_installtime.apk' with 1 weak references
03-10 16:59:55.256  3163  3185 W system_server: ApkAssets: Deleting an ApkAssets object '<empty> and /data/app/~~oh18E6OPe75t2j1pIlTLCA==/com.google.android.gms-WmJzXfiTA3epqGUme2kT3Q==/split_MapsDynamite_installtime.apk' with 1 weak references
03-10 16:59:55.256  3163  3185 W system_server: ApkAssets: Deleting an ApkAssets object '<empty> and /data/app/~~oh18E6OPe75t2j1pIlTLCA==/com.google.android.gms-WmJzXfiTA3epqGUme2kT3Q==/split_MeasurementDynamite_installtime.apk' with 1 weak references
03-10 16:59:55.257  3163  3185 W system_server: ApkAssets: Deleting an ApkAssets object '<empty> and /data/app/~~oh18E6OPe75t2j1pIlTLCA==/com.google.android.gms-WmJzXfiTA3epqGUme2kT3Q==/split_config.en.apk' with 1 weak references
03-10 16:59:55.257  3163  3185 W system_server: ApkAssets: Deleting an ApkAssets object '<empty> and /data/app/~~oh18E6OPe75t2j1pIlTLCA==/com.google.android.gms-WmJzXfiTA3epqGUme2kT3Q==/split_config.xxhdpi.apk' with 1 weak references
03-10 16:59:55.257  3163  3185 W system_server: ApkAssets: Deleting an ApkAssets object '<empty> and /data/app/~~iGEBk7bJwQa3wR9pAAYTvQ==/com.google.android.inputmethod.latin-ioH-_yGpeWmbQvQM-XgGHA==/base.apk' with 1 weak references
03-10 16:59:55.257  3163  3185 W system_server: ApkAssets: Deleting an ApkAssets object '<empty> and /data/app/~~iGEBk7bJwQa3wR9pAAYTvQ==/com.google.android.inputmethod.latin-ioH-_yGpeWmbQvQM-XgGHA==/split_brella_feature_split.apk' with 1 weak references
03-10 16:59:55.257  3163  3185 W system_server: ApkAssets: Deleting an ApkAssets object '<empty> and /data/app/~~iGEBk7bJwQa3wR9pAAYTvQ==/com.google.android.inputmethod.latin-ioH-_yGpeWmbQvQM-XgGHA==/split_config.xxhdpi.apk' with 1 weak references
03-10 16:59:55.257  3163  3185 W system_server: ApkAssets: Deleting an ApkAssets object '<empty> and /data/app/~~iGEBk7bJwQa3wR9pAAYTvQ==/com.google.android.inputmethod.latin-ioH-_yGpeWmbQvQM-XgGHA==/split_dictation_feature_split.apk' with 1 weak references
03-10 16:59:55.257  3163  3185 W system_server: ApkAssets: Deleting an ApkAssets object '<empty> and /data/app/~~iGEBk7bJwQa3wR9pAAYTvQ==/com.google.android.inputmethod.latin-ioH-_yGpeWmbQvQM-XgGHA==/split_tenoranimation_feature_split.apk' with 1 weak references
03-10 16:59:55.257  3163  3185 W system_server: ApkAssets: Deleting an ApkAssets object '<empty> and /data/app/~~f83RRyd2odkEq3iwODDfFA==/com.google.android.tts-7ugC9DcJJIjhqqLFuNLAQg==/base.apk' with 1 weak references
03-10 16:59:55.258  3163  3185 W system_server: ApkAssets: Deleting an ApkAssets object '<empty> and /data/app/~~f83RRyd2odkEq3iwODDfFA==/com.google.android.tts-7ugC9DcJJIjhqqLFuNLAQg==/split_config.arm64_v8a.apk' with 1 weak references
03-10 16:59:55.258  3163  3185 W system_server: ApkAssets: Deleting an ApkAssets object '<empty> and /data/app/~~f83RRyd2odkEq3iwODDfFA==/com.google.android.tts-7ugC9DcJJIjhqqLFuNLAQg==/split_config.en.apk' with 1 weak references
03-10 16:59:55.258  3163  3185 W system_server: ApkAssets: Deleting an ApkAssets object '<empty> and /data/app/~~f83RRyd2odkEq3iwODDfFA==/com.google.android.tts-7ugC9DcJJIjhqqLFuNLAQg==/split_config.xxhdpi.apk' with 1 weak references
03-10 16:59:55.258  3163  3185 W system_server: ApkAssets: Deleting an ApkAssets object '<empty> and /data/app/~~vblSUOIFmJMcd2iQozsMEw==/io.appium.settings-y_bUEUiCIapHWGJ1bK5L4w==/base.apk' with 1 weak references
03-10 16:59:55.258  3163  3185 W System  : A resource failed to call release. 
03-10 16:59:55.258  3163  3185 W System  : A resource failed to call HardwareBuffer.close. 
03-10 16:59:55.258  3163  3185 W System  : A resource failed to call release. 
03-10 16:59:55.259  3163  3185 W system_server: ApkAssets: Deleting an ApkAssets object '<empty> and /system/priv-app/InputDevices/InputDevices.apk' with 1 weak references
03-10 16:59:55.259  3163  3185 W system_server: ApkAssets: Deleting an ApkAssets object '<empty> and /system_ext/priv-app/SystemUI/SystemUI.apk' with 1 weak references
03-10 16:59:55.260  3163  3185 W system_server: ApkAssets: Deleting an ApkAssets object '/vendor/overlay/SystemUI__auto_generated_rro_vendor.apk' with 1 weak references
03-10 16:59:55.260  3163  3185 W system_server: ApkAssets: Deleting an ApkAssets object '/product/overlay/SystemUI__lynkco_g__auto_generated_rro_product.apk' with 1 weak references
03-10 16:59:55.260  3163  3185 W system_server: ApkAssets: Deleting an ApkAssets object '<empty> and /system_ext/app/AccessibilityMenu/AccessibilityMenu.apk' with 1 weak references
03-10 16:59:55.260  3163  3185 W system_server: ApkAssets: Deleting an ApkAssets object '/product/overlay/AccessibilityMenu__lynkco_g__auto_generated_rro_product.apk' with 1 weak references
03-10 16:59:55.260  3163  3185 W system_server: ApkAssets: Deleting an ApkAssets object '<empty> and /data/app/~~uWGbRlFtroq_7447dZm7dw==/com.google.android.accessibility.switchaccess-xA0UPigBNxEMZ7HOoPGTZA==/base.apk' with 1 weak references
03-10 16:59:55.260  3163  3185 W system_server: ApkAssets: Deleting an ApkAssets object '<empty> and /data/app/~~uWGbRlFtroq_7447dZm7dw==/com.google.android.accessibility.switchaccess-xA0UPigBNxEMZ7HOoPGTZA==/split_config.arm64_v8a.apk' with 1 weak references
03-10 16:59:55.261  3163  3185 W system_server: ApkAssets: Deleting an ApkAssets object '<empty> and /data/app/~~a61RY6Qx18jBMI_fV4ljFg==/com.google.android.marvin.talkback-Ati-iDwnNtkdm0_NcUbqgA==/base.apk' with 1 weak references
03-10 16:59:55.261  3163  3185 W system_server: ApkAssets: Deleting an ApkAssets object '<empty> and /data/app/~~a61RY6Qx18jBMI_fV4ljFg==/com.google.android.marvin.talkback-Ati-iDwnNtkdm0_NcUbqgA==/split_config.arm64_v8a.apk' with 1 weak references
03-10 16:59:55.261  3163  3185 W system_server: ApkAssets: Deleting an ApkAssets object '<empty> and /data/app/~~1asQlHe4ss6Dq6F67EJdXA==/com.motorola.spaces-Pi47YxvN27lYXfiiacp76Q==/base.apk' with 1 weak references
03-10 16:59:55.261  3163  3185 W system_server: ApkAssets: Deleting an ApkAssets object '<empty> and /data/app/~~1asQlHe4ss6Dq6F67EJdXA==/com.motorola.spaces-Pi47YxvN27lYXfiiacp76Q==/split_config.arm64_v8a.apk' with 1 weak references
03-10 16:59:55.261  3163  3185 W system_server: ApkAssets: Deleting an ApkAssets object '<empty> and /data/app/~~1asQlHe4ss6Dq6F67EJdXA==/com.motorola.spaces-Pi47YxvN27lYXfiiacp76Q==/split_config.en.apk' with 1 weak references
03-10 16:59:55.261  3163  3185 W system_server: ApkAssets: Deleting an ApkAssets object '<empty> and /data/app/~~1asQlHe4ss6Dq6F67EJdXA==/com.motorola.spaces-Pi47YxvN27lYXfiiacp76Q==/split_config.xxhdpi.apk' with 1 weak references
03-10 16:59:55.261  3163  3185 W system_server: ApkAssets: Deleting an ApkAssets object '<empty> and /data/app/~~0LW9L7PNrlbEFVAaeJIPEw==/com.wallpaper.edge.aura-TB7mU8vxd5gCRYp9Rio69Q==/base.apk' with 1 weak references
03-10 16:59:55.261  3163  3185 W system_server: ApkAssets: Deleting an ApkAssets object '<empty> and /data/app/~~0LW9L7PNrlbEFVAaeJIPEw==/com.wallpaper.edge.aura-TB7mU8vxd5gCRYp9Rio69Q==/split_config.arm64_v8a.apk' with 1 weak references
03-10 16:59:55.262  3163  3185 W system_server: ApkAssets: Deleting an ApkAssets object '<empty> and /data/app/~~0LW9L7PNrlbEFVAaeJIPEw==/com.wallpaper.edge.aura-TB7mU8vxd5gCRYp9Rio69Q==/split_config.en.apk' with 1 weak references
03-10 16:59:55.262  3163  3185 W system_server: ApkAssets: Deleting an ApkAssets object '<empty> and /data/app/~~0LW9L7PNrlbEFVAaeJIPEw==/com.wallpaper.edge.aura-TB7mU8vxd5gCRYp9Rio69Q==/split_config.xxhdpi.apk' with 1 weak references
03-10 16:59:55.262  3163  3185 W system_server: ApkAssets: Deleting an ApkAssets object '<empty> and /data/app/~~Pkll9iWpOufiF5Vroq3i2Q==/com.google.android.googlequicksearchbox-8QqLMWcu0NE38rJpLBTqsw==/base.apk' with 1 weak references
03-10 16:59:55.262  3163  3185 W system_server: ApkAssets: Deleting an ApkAssets object '<empty> and /data/app/~~Pkll9iWpOufiF5Vroq3i2Q==/com.google.android.googlequicksearchbox-8QqLMWcu0NE38rJpLBTqsw==/split_config.xxhdpi.apk' with 1 weak references
03-10 16:59:55.262  3163  3185 W system_server: ApkAssets: Deleting an ApkAssets object '<empty> and /data/app/~~Pkll9iWpOufiF5Vroq3i2Q==/com.google.android.googlequicksearchbox-8QqLMWcu0NE38rJpLBTqsw==/split_lens_ondevice_engine_play_ml_module.apk' with 1 weak references
03-10 16:59:55.262  3163  3185 W system_server: ApkAssets: Deleting an ApkAssets object '<empty> and /data/app/~~jSqslJWznRR1wmSG1LaV4g==/com.revolut.revolut-OBy8tCD4FpS6mrp0_DIheQ==/base.apk' with 1 weak references
03-10 16:59:55.262  3163  3185 W system_server: ApkAssets: Deleting an ApkAssets object '<empty> and /data/app/~~jSqslJWznRR1wmSG1LaV4g==/com.revolut.revolut-OBy8tCD4FpS6mrp0_DIheQ==/split_config.arm64_v8a.apk' with 1 weak references
03-10 16:59:55.262  3163  3185 W system_server: ApkAssets: Deleting an ApkAssets object '<empty> and /data/app/~~jSqslJWznRR1wmSG1LaV4g==/com.revolut.revolut-OBy8tCD4FpS6mrp0_DIheQ==/split_config.en.apk' with 1 weak references
03-10 16:59:55.262  3163  3185 W system_server: ApkAssets: Deleting an ApkAssets object '<empty> and /data/app/~~jSqslJWznRR1wmSG1LaV4g==/com.revolut.revolut-OBy8tCD4FpS6mrp0_DIheQ==/split_config.xxhdpi.apk' with 1 weak references
03-10 16:59:55.262  3163  3185 W system_server: ApkAssets: Deleting an ApkAssets object '<empty> and /data/app/~~jSqslJWznRR1wmSG1LaV4g==/com.revolut.revolut-OBy8tCD4FpS6mrp0_DIheQ==/split_feature_apm_multibanco_sdk_impl.apk' with 1 weak references
03-10 16:59:55.263  3163  3185 W system_server: ApkAssets: Deleting an ApkAssets object '<empty> and /data/app/~~jSqslJWznRR1wmSG1LaV4g==/com.revolut.revolut-OBy8tCD4FpS6mrp0_DIheQ==/split_feature_apm_multibanco_sdk_impl.config.arm64_v8a.apk' with 1 weak references
