--------- beginning of main
03-12 00:10:46.063 23609 23639 I appium  : channel read: GET /session/e6f079d7-6ca4-48fc-b99d-01674ede3691/source
03-12 00:10:46.064 23609 23639 I appium  : Source command
03-12 00:10:46.065 23609 23639 I appium  : Waiting up to 10000ms for the device to idle
03-12 00:10:46.142 23655 23659 W wsj.reader_sp: Missing inline cache for android.text.SpannableString androidx.compose.ui.text.platform.AndroidAccessibilitySpannableString_androidKt.toAccessibilitySpannableString(androidx.compose.ui.text.AnnotatedString, androidx.compose.ui.unit.Density, androidx.compose.ui.text.font.FontFamily$Resolver, androidx.compose.ui.text.platform.URLSpanCache)
03-12 00:10:46.167 23609 23639 D CompatChangeReporter: Compat change id reported: 247079863; UID 10620; state: ENABLED
03-12 00:10:46.227  3163  5158 D WifiStaIfaceHidlImpl: getCachedScanData is not implemented by HIDL
03-12 00:10:46.249 23609 23639 I appium  : AppiumResponse: {"sessionId":"e6f079d7-6ca4-48fc-b99d-01674ede3691","value":"<?xml version='1.0' encoding='UTF-8' standalone='yes' ?>\r\n<hierarchy index=\"0\" class=\"hierarchy\" rotation=\"0\" width=\"1080\" height=\"2640\">\r\n  <android.widget.FrameLayout index=\"0\" package=\"wsj.reader_sp\" class=\"android.wi…
03-12 00:10:46.261 23609 23639 I appium  : channel read: GET /session/e6f079d7-6ca4-48fc-b99d-01674ede3691/screenshot
03-12 00:10:46.262 23609 23639 I appium  : CaptureScreenshot command
03-12 00:10:46.263 23609 23639 W tomator2.server: Accessing hidden method Landroid/view/Display;->getAddress()Landroid/view/DisplayAddress; (blocked, reflection, allowed)
03-12 00:10:46.263 23609 23639 W tomator2.server: Accessing hidden method Landroid/view/DisplayAddress$Physical;->getPhysicalDisplayId()J (blocked, reflection, allowed)
03-12 00:10:46.350 24299 24299 W BpBinder: Linking to death on android.gui.ISurfaceComposer but there are no threads (yet?) listening to incoming transactions. See ProcessState::startThreadPool and ProcessState::setThreadPoolMaxThreadCount. Generally you should setup the binder threadpool before other initialization steps.
03-12 00:10:46.350 24299 24299 W ProcessState: Extra binder thread started, but 0 threads requested. Do not use *startThreadPool when zero threads are requested.
03-12 00:10:46.949 23609 23639 I appium  : AppiumResponse: {"sessionId":"e6f079d7-6ca4-48fc-b99d-01674ede3691","value":"iVBORw0KGgoAAAANSUhEUgAABDgAAApQCAYAAABYiJrlAAAAAXNSR0IArs4c6QAAAARzQklUCAgICHwIZIgAACAASURBVHic7N13fBR1/sfx9ybBFEIJBAgKUkR679IUBSz48yh6FkRUTkHPgoLllPPkPD3bHZZTDoU7EUWJYDvgVBTuQCmGKqASOIoiIknoJYEk+/sjO8tsr8nuJK/n48GD3dnZme8m2d2Z93y/n6+t9KT…
--------- beginning of system
03-12 00:10:47.498  1362 23570 I keystore2: system/security/keystore2/watchdog/src/lib.rs:319 - Watchdog thread idle -> terminating. Have a great day.
03-12 00:10:47.634  5643 20593 D ApfFilter: (wlan1): Ignoring RA RA fe80::c294:35ff:fe71:84fd -> ff02::1 180s 2601:85:ca02:f280::/64 7200s/7200s DNS 180s 2601:85:ca02:f280:c294:35ff:fe71:84fd 2001:558:feed::1 2001:558:feed::2 RIO 180s ::/0  which matches RA fe80::c294:35ff:fe71:84fd -> ff02::1 180s 2601:85:ca02:f280::/64 7200s/7200s DNS 180s 2601:85:ca02:f280:c294:35ff:fe71:84fd 2001:558:feed::1 2001:558:feed::2 RIO 180s ::/0 
03-12 00:10:47.645 23655 23719 D Parsely : Enqueuing heartbeat event.
03-12 00:10:47.645 23655 23697 D Parsely : Event added to buffer
03-12 00:10:47.984  5727  8099 I QImsService: VtDataUsageProvider : onSetAlert:2097152
03-12 00:10:47.984  5727  5727 I QImsService: ImsServiceClassTracker : updateAlertQuota:newQuota=2097152,Remaining=2097152
03-12 00:10:48.305 22982 23167 I ThermalEngine: SS:INACTIVE:SS-CPU7:cpu-cluster2=0:FUSE_TEMP=36910
03-12 00:10:48.320 22982 23167 I ThermalEngine: SS:INACTIVE:SS-CPU4:cpu-cluster1=0:FUSE_TEMP=36908
03-12 00:10:48.454  3706  3714 I android.hardware.thermal@2.0-service.qti-v2: Sensor Name:skin1 temp: 36.908. prev severity:3. cur severity:0 New severity:0
03-12 00:10:48.508 23655 23722 D Parsely : Persisting 1 events
03-12 00:10:48.818 12395 12395 D BoundBrokerSvc: onUnbind: Intent { act=com.google.android.gms.safebrowsing.SafeBrowsingService.START dat=chimera-action:/... cmp=com.google.android.gms/.chimera.GmsBoundBrokerService }
03-12 00:10:48.928 12395 12395 D BoundBrokerSvc: onUnbind: Intent { act=com.google.android.gms.ads.identifier.service.EVENT_ATTESTATION dat=chimera-action:/... cmp=com.google.android.gms/.chimera.GmsBoundBrokerService }
03-12 00:10:49.267  3163  5158 D WifiStaIfaceHidlImpl: getCachedScanData is not implemented by HIDL
03-12 00:10:49.661  2064  4171 D slpi    : tmd2712: Als lux: 0.00, ch0: 2, ch1: 1, scale: 1.08, atime:50.04, again:1024
03-12 00:10:49.771  2064  4171 I slpi-MOT_HINGE: Hingeposture   0.0 tent:0 gpio:-1 flip:1 flat:1 b:-1.5 2.3 9.4 34.7 -6.8 22.9 f:-1.7 -2.5 -9.3 34.2 6.9 -23.1
03-12 00:10:49.777  3163  3231 I DeviceStateManagerService: Cannot notify device state info change when pending state is present.
03-12 00:10:49.780  2064  4171 D slpi-MOT_HALL: Flip send data : 2, State: North near
03-12 00:10:49.780  2064  4171 E slpi    : MOT_GPIO_FLIP kernel state gpio unset
03-12 00:10:49.780  2064  4173 I sensors-hal: handle_sns_client_event:365, mot_flip_event: now=218605684837029 hal ts=218605683573502, MOT_FLIP_STATE_CLOSED, count=1612.0, cause=0.0, fwreg 1
03-12 00:10:49.780  3163  3229 D CLI/SmallCLI: onDeviceLidStateChanged: state=CLOSED
03-12 00:10:49.780  2064  4173 I sensors-hal: sns_device_mode_init:227, sns_device_mode_init Start
03-12 00:10:49.780  2064  4173 I android.hardware.sensors@2.1-service.multihal: vendor/qcom/proprietary/adsprpc/src/fastrpc_apps_user.c:1553: remote_handle64_open: Successfully opened handle 0x1aeb5d50 for '":;./\createstaticpd:sensorspd&_dom=adsp on domain 0
03-12 00:10:49.781  2067  3269 D AHAL: AudioDevice: SetParameters: 1564: enter: device_folded=on
03-12 00:10:49.781  2067  3269 D AHAL: AudioVoice: VoiceSetParameters: 87: Enter params: device_folded=on
03-12 00:10:49.781  2067  3269 D AHAL: AudioVoice: VoiceSetParameters: 360: Exit ret: 0
03-12 00:10:49.781  2067  3269 D AHAL: FM: fm_set_parameters: 262: Enter
03-12 00:10:49.781  2067  3269 D AHAL: FM: fm_set_parameters: 320: exit
03-12 00:10:49.781  2067  3269 D AHAL: AudioDevice: SetParameters: 2361: exit: device_folded=on
03-12 00:10:49.783  2064 24309 I android.hardware.sensors@2.1-service.multihal: vendor/qcom/proprietary/adsprpc/src/listener_android.c:116: listener thread starting
03-12 00:10:49.783  2064  4173 I android.hardware.sensors@2.1-service.multihal: vendor/qcom/proprietary/adsprpc/src/fastrpc_perf.c:273: fastrpc_perf_init: enabled systrace 0x0 and RPC traces (kernel 0, dsp 0) with frequency 1000
03-12 00:10:49.783  2064 24310 I android.hardware.sensors@2.1-service.multihal: vendor/qcom/proprietary/adsprpc/src/log_config.c:348: file_watcher_thread starting for domain 0
03-12 00:10:49.783  2064 24310 W android.hardware.sensors@2.1-service.multihal: vendor/qcom/proprietary/adsprpc/src/log_config.c:358:file_watcher_thread: Couldn't find file android.hardware.sensors@2.1-service.multihal.farf, errno (No such file or directory)
03-12 00:10:49.783  3163  3352 W BoostOptController: not supported hint: 118
03-12 00:10:49.784  3163  3227 D TouchHwAidlService: onStateChanged.. state=1
03-12 00:10:49.785  2064 24309 I android.hardware.sensors@2.1-service.multihal: vendor/qcom/proprietary/adsprpc/src/mod_table.c:703: open_mod_table_open_from_static: reverse module apps_std opened with handle 0x450dfe00 (idx 0)
03-12 00:10:49.786  2064 24309 I android.hardware.sensors@2.1-service.multihal: vendor/qcom/proprietary/adsprpc/src/apps_std_imp.c:860: Successfully opened file /vendor/dsp/adsp/libsns_device_mode_skel.so
03-12 00:10:49.786  5625  5669 D ShellSplitScreen: onFoldedStateChanged: folded=true
03-12 00:10:49.787  5625  5625 I vol.VolumeDialogImpl: mDialog.dismiss() reason: posture_changed from: com.android.systemui.volume.VolumeDialogImpl$H.handleMessage:111 displayId: 0 mShowing: false mIsAnimatingDismiss: false
03-12 00:10:49.789  2064  4173 E android.hardware.sensors@2.1-service.multihal: vendor/qcom/proprietary/adsprpc/src/fastrpc_apps_user.c:1491: Error 0x80000406: remote_handle_open_domain: dynamic loading failed for file:///libsns_device_mode_skel.so?sns_device_mode_skel_handle_invoke&_modver=1.0&_dom=adsp on domain 0 (dlerror segment 0 failed hash verification(0x34F0000 B)) (errno Success)
03-12 00:10:49.789  2064  4173 E android.hardware.sensors@2.1-service.multihal: vendor/qcom/proprietary/adsprpc/src/fastrpc_apps_user.c:1550: Error 0x80000406: remote_handle64_open failed for file:///libsns_device_mode_skel.so?sns_device_mode_skel_handle_invoke&_modver=1.0&_dom=adsp (errno Success)
03-12 00:10:49.789  2064  4173 I sensors-hal: sns_device_mode_init:262, sns_device_mode_init End
03-12 00:10:49.789  2064  4173 E sensors-hal: sendDeviceMode:287, mot_flip: one or mode handles unopened: dm 0 rpc 1
03-12 00:10:49.790  3163  3231 I LogicalDisplayMapper: Requesting Transition to state: 1, from state=5, interactive=true, mBootCompleted=true
03-12 00:10:49.790  3163  3231 I LogicalDisplayMapper: Applying layout: [{dispId: 0(ON), displayGroupName: , addr: {port=130, model=0x40446dccee101c}, mThermalBrightnessThrottlingMapId: null, mRefreshRateZoneId: null, mLeadDisplayId: -1, mLeadDisplayAddress: null, mThermalRefreshRateThrottlingMapId: null, mPowerThrottlingMapId: null}], Previous layout: [{dispId: 0(ON), displayGroupName: , addr: {port=130, model=0x40446dccee101c}, mThermalBrightnessThrottlingMapId: null, mRefreshRateZoneId: null, mLeadDisplayId: -1, mLeadDisplayAddress: null, mThermalRefreshRateThrottlingMapId: null, mPowerThrottlingMapId: null}]
03-12 00:10:49.790  3163  3231 W OverrideRequestController: Attempted to cancel a null OverrideRequest
03-12 00:10:49.790  3163  3231 I DeviceStateManagerService: Cannot notify device state info change when pending state is present.
03-12 00:10:49.790  2064  4173 E android.hardware.sensors@2.1-service.multihal: vendor/qcom/proprietary/adsprpc/src/fastrpc_apps_user.c:1366: Error 0x80000600: remote_handle_invoke failed for handle 0x0, method 1 on domain 0 (sc 0x1010200) (errno Success)
03-12 00:10:49.790  2064  4173 E android.hardware.sensors@2.1-service.multihal: vendor/qcom/proprietary/adsprpc/src/fastrpc_apps_user.c:1575: Error 0x80000600: remote_handle_close failed for handle 0x0 (dlerr \) (errno Success)
03-12 00:10:49.790  2064  4173 I android.hardware.sensors@2.1-service.multihal: vendor/qcom/proprietary/adsprpc/src/fastrpc_apps_user.c:2737: domain_deinit for domain 0: dev 77
03-12 00:10:49.791  2064 24309 E android.hardware.sensors@2.1-service.multihal: vendor/qcom/proprietary/adsprpc/src/fastrpc_apps_user.c:3516: exit_thread current process1 thread exit nErr = 0x8000040d domain 0, handle 0xb400007d1aeb5d50
03-12 00:10:49.792  2064 24310 W android.hardware.sensors@2.1-service.multihal: vendor/qcom/proprietary/adsprpc/src/log_config.c:368:Warning: file_watcher_thread received exit for domain 0, file android.hardware.sensors@2.1-service.multihal.farf
03-12 00:10:49.792  2064 24310 I android.hardware.sensors@2.1-service.multihal: vendor/qcom/proprietary/adsprpc/src/log_config.c:415: file_watcher_thread exiting for domain 0
03-12 00:10:49.792  2064  4173 I android.hardware.sensors@2.1-service.multihal: vendor/qcom/proprietary/adsprpc/src/mod_table.c:789: open_mod_table_close: closed reverse module apps_std with handle 0x450dfe00
03-12 00:10:49.793  2064  4173 E android.hardware.sensors@2.1-service.multihal: vendor/qcom/proprietary/adsprpc/src/fastrpc_apps_user.c:1614: Error 0x80000600: remote_handle64_close failed for handle 0xb400007d1aeb5d50 remote handle 0x0 (errno Success)
03-12 00:10:49.797  6461  6564 I Capsense_Cal: Sensor GetEvents event_count==1
03-12 00:10:49.797  6461  6564 D Capsense_Cal: SensorThread sensorEvents
03-12 00:10:49.797  6461  6564 D Capsense_Cal: Capsensor hallEventHandler sensorEvents->data[0]==2.000000
03-12 00:10:49.797  6461  6564 D Capsense_Cal: start cal : /sys/class/capsense/capsense1/reset, msg: flip_near
03-12 00:10:49.803  3163  4279 I CLI/Transition_Device: lid state changed: OPEN -> OPEN, device state changed to CLOSED
03-12 00:10:49.804  6461  6564 D Capsense_Cal: start cal : /sys/class/capsense/capsense0/reset, msg: flip_near
03-12 00:10:49.805  3163  4279 D CLI/Rotation: Set volume keyswap sysprop for rotation 0 lidState OPEN
03-12 00:10:49.811  3163  4279 I WindowManager: updateRotationUnchecked CLI real rotation changed:1, rotation:1
03-12 00:10:49.813  3163  3352 D BrightnessThermalClamper: Thermal status observer already started
03-12 00:10:49.813  3163  4279 I WindowManager: Override config changes=20000000 {1.0 ?mcc0mnc [en_US] ldltr sw111dp w210dp h111dp 280dpi smll land night mot-cli finger -keyb/v/h -nav/h winConfig={ mBounds=Rect(0, 0 - 368, 194) mAppBounds=Rect(0, 0 - 368, 194) mMaxBounds=Rect(0, 0 - 368, 194) mDisplayRotation=ROTATION_90 mWindowingMode=fullscreen mActivityType=undefined mAlwaysOnTop=undefined mRotation=ROTATION_90} ?fontWeightAdjustment ?spn ?gid} for displayId=1
03-12 00:10:49.817  3163  4279 E WindowManager: Display reconfigured outside of a transition: Display{#0 state=ON size=1080x2640 ROTATION_0}
03-12 00:10:49.817  3163  3352 W BoostOptController: not supported hint: 118
03-12 00:10:49.817  3163  3227 D TouchHwAidlService: onStateChanged.. state=0
03-12 00:10:49.819  3163  3231 I InputManager-JNI: Viewport [0] to add: local:4630947043778501762, isActive: true
03-12 00:10:49.819  3163  3231 I InputManager-JNI: Viewport [1] to add: local:4630947043778501763, isActive: false
03-12 00:10:49.820  3163  3229 V WindowManager: Content Recording: Display 1 state was (1), is now (1), so update recording?
03-12 00:10:49.820  3163  3229 D CLI/Transition: displaygroup 1, state OFF, pendingdisplaygroup -1
03-12 00:10:49.822  3163  4285 I InputReader: Reconfiguring input devices, changes=DISPLAY_INFO
03-12 00:10:49.822  3163  4285 I InputReader: Disabling zinitix_mt (device 6) because the associated viewport is not active
03-12 00:10:49.822  3163  4285 I InputReader: Device reconfigured: id=6, name='zinitix_mt', size 194x368, orientation Rotation0, mode DISABLED, display id 1
03-12 00:10:49.824  3163  3231 I LogicalDisplayMapper: Requesting Transition to state: 0, from state=1, interactive=true, mBootCompleted=true
03-12 00:10:49.824  3163  3231 I LogicalDisplayMapper: Applying layout: [{dispId: 0(ON), displayGroupName: , addr: {port=130, model=0x40446dccee101c}, mThermalBrightnessThrottlingMapId: null, mRefreshRateZoneId: null, mLeadDisplayId: -1, mLeadDisplayAddress: null, mThermalRefreshRateThrottlingMapId: null, mPowerThrottlingMapId: null}], Previous layout: [{dispId: 0(ON), displayGroupName: , addr: {port=130, model=0x40446dccee101c}, mThermalBrightnessThrottlingMapId: null, mRefreshRateZoneId: null, mLeadDisplayId: -1, mLeadDisplayAddress: null, mThermalRefreshRateThrottlingMapId: null, mPowerThrottlingMapId: null}]
03-12 00:10:49.826  3163  3229 D CLI/SmallCLI: onDeviceLidStateChanged: state=CLOSED_HALL
03-12 00:10:49.826 10834 10834 I PkDeviceHelper: PkDeviceHelper.refreshDevices():93 refreshing devices
03-12 00:10:49.829  7545  7545 I FileStationLog: [ FS_h$a ] - [Display] Changed display: 1
03-12 00:10:49.830  7545  7545 I FileStationLog: [ FS_h$a ] - [Display] Ignoring change for non-default/desktop display: 1
03-12 00:10:49.832  3163  4279 I CLI/Transition_Device: lid state changed: OPEN -> CLOSED, device state changed to CLOSED_HALL
03-12 00:10:49.834  5625  5669 I DisplayController: CLI display config changed. dpi:280, fontScale:1.0
03-12 00:10:49.834  5625  5669 V ShellDragAndDrop: Display changed: 1
03-12 00:10:49.834  3163  4279 D CLI/Transition_Lid: update lid state CLOSED
03-12 00:10:49.841  3163  3227 D TouchHwAidlService: onTapToWakeSettingsChanged isAmbientDisplayAvailable=1 aodEnable=true singleTapEnable=true doubleTapEnable=true lidState=0 callers=com.motorola.server.display.TouchHwAidlService.-$$Nest$monTapToWakeSettingsChanged:0 com.motorola.server.display.TouchHwAidlService$4.onChange:573 android.database.ContentObserver.onChange:184 
03-12 00:10:49.841  3163  3227 D TouchHwAidlService: enableTapWake mode=33 displayId=0 mGestureStowMode=true
03-12 00:10:49.841  3163  3227 D TouchHwAidlService: transfer mode=33 transMode=32 cli=false
03-12 00:10:49.841  2106  2106 I motorola.hardware.display.touch-service: Setting Gesture to 32
03-12 00:10:49.841  3163  3227 D TouchHwAidlService: setGestureModeHal done mode=33 newMode=32 result=0
03-12 00:10:49.841  3163  3227 D TouchHwAidlService: enableTapWake mode=33 displayId=1 mGestureStowMode=true
03-12 00:10:49.842  2106  2106 I motorola.hardware.display.touch-service: Setting CLI Gesture to 33
03-12 00:10:49.842  3163  3227 D TouchHwAidlService: setCliGestureModeHal done mode=33 newMode=33 result=0
03-12 00:10:49.842  3163  3227 D TouchHwAidlService: enableTapWake mode=49 displayId=-1 mGestureStowMode=true
03-12 00:10:49.842  3163  3227 D TouchHwAidlService: transfer mode=49 transMode=48 cli=false
03-12 00:10:49.842  2106  2106 I motorola.hardware.display.touch-service: Setting Gesture to 48
03-12 00:10:49.842  3163  3227 D TouchHwAidlService: setGestureModeHal done mode=49 newMode=48 result=0
03-12 00:10:49.842  2106  2106 I motorola.hardware.display.touch-service: Setting CLI Gesture to 49
03-12 00:10:49.843  3163  3227 D TouchHwAidlService: setCliGestureModeHal done mode=49 newMode=49 result=0
03-12 00:10:49.843  3163  3227 D TouchHwAidlService: Unregister stow sensor
03-12 00:10:49.843  3163  3227 W AlarmManager: Unrecognized alarm listener com.motorola.server.display.TouchHwAidlService$AlarmListenerImpl@de23d8f
03-12 00:10:49.843  3163  3227 D TouchHwAidlService: Unregister stow sensor
03-12 00:10:49.843  3163  3227 W AlarmManager: Unrecognized alarm listener com.motorola.server.display.TouchHwAidlService$AlarmListenerImpl@de23d8f
03-12 00:10:49.843  3163  3227 D TouchHwAidlService: Unregister stow sensor
03-12 00:10:49.843  3163  3227 W AlarmManager: Unrecognized alarm listener com.motorola.server.display.TouchHwAidlService$AlarmListenerImpl@de23d8f
03-12 00:10:49.843  3163  3227 D TouchHwAidlService: enableGestureStowMode stowed: false
03-12 00:10:49.843  2106  2106 I motorola.hardware.display.touch-service: Setting stow gesture mode to 0 for panel 1
03-12 00:10:49.844  2067  3269 D AHAL: AudioDevice: SetParameters: 1564: enter: cli_state=close
03-12 00:10:49.844  2067  3269 D AHAL: AudioVoice: VoiceSetParameters: 87: Enter params: cli_state=close
03-12 00:10:49.844  2067  3269 D AHAL: AudioVoice: VoiceSetParameters: 360: Exit ret: 0
03-12 00:10:49.844  2067  3269 D AHAL: FM: fm_set_parameters: 262: Enter
03-12 00:10:49.844  2067  3269 D AHAL: FM: fm_set_parameters: 320: exit
03-12 00:10:49.844  2067  3269 D AHAL: AudioDevice: SetParameters: 2361: exit: cli_state=close
03-12 00:10:49.844  2723  5773 I CameraService: Previous DeviceState : 0 New DeviceState : 4
03-12 00:10:49.845  2186  3522 I CamxPrvdr@2.7-legacy: notifyDeviceStateChange: New device state: 0x4
03-12 00:10:49.845  5625  5625 D SCliNotifPanelController: onLidClosed
03-12 00:10:49.845  2186  3522 I CamxComm1.0-CamModule: notifyDeviceStateChange: calling notify_device_state_change with state 4
03-12 00:10:49.845  2186  3522 D CamX    : [DEBUG][HAL    ] camxhal3module.cpp:411 NotifyDeviceStateChange() New Device State: 4
03-12 00:10:49.845  5625  5625 V SmallCli_WindowController: state=SmallCli window State {
03-12 00:10:49.845  5625  5625 V SmallCli_WindowController:   mBrightnessVisible: false
03-12 00:10:49.845  5625  5625 V SmallCli_WindowController:   mDynamicPanelVisible: false
03-12 00:10:49.845  5625  5625 V SmallCli_WindowController:   mFlashLightPrompt: false
03-12 00:10:49.845  5625  5625 V SmallCli_WindowController:   mHeadsUpPanelVisible: false
03-12 00:10:49.845  5625  5625 V SmallCli_WindowController:   mKeyguardOccluded: false
03-12 00:10:49.845  5625  5625 V SmallCli_WindowController:   mLidOpen: false
03-12 00:10:49.845  5625  5625 V SmallCli_WindowController:   mNotificationVisible: false
03-12 00:10:49.845  5625  5625 V SmallCli_WindowController:   mPowerMenuVisible: false
03-12 00:10:49.845  5625  5625 V SmallCli_WindowController:   mQsVisible: false
03-12 00:10:49.845  5625  5625 V SmallCli_WindowController:   mVolumeVisible: false
03-12 00:10:49.845  5625  5625 V SmallCli_WindowController: }
03-12 00:10:49.845  3163  3227 D TouchHwAidlService: setStowGestureMode for cli stowed=false ret=0
03-12 00:10:49.845  3163  3227 D TouchHwAidlService: enableGestureStowMode stowed: false
03-12 00:10:49.845  2106  2106 I motorola.hardware.display.touch-service: Setting stow gesture mode to 0 for panel 1
03-12 00:10:49.845  3163  3227 D TouchHwAidlService: setStowGestureMode for cli stowed=false ret=0
03-12 00:10:49.845  3163  3227 D TouchHwAidlService: enableGestureStowMode stowed: false
03-12 00:10:49.845  2106  2106 I motorola.hardware.display.touch-service: Setting stow gesture mode to 0 for panel 1
03-12 00:10:49.846  7314  7314 D GameMode: mCLIStatusReceiver: 0
03-12 00:10:49.846  3163  3227 D TouchHwAidlService: setStowGestureMode for cli stowed=false ret=0
03-12 00:10:49.850  3163  5528 W InputManager-JNI: Input channel object '[Gesture Monitor] moto_actions_input_channel (client)' was disposed without first being removed with the input manager!
03-12 00:10:49.857  3084  3373 E Thermal-Lib: Thermal-Lib-Client:do_listen: recv failed
03-12 00:10:49.858  3065  3276 E Thermal-Lib: Thermal-Lib-Client:do_listen: recv failed
03-12 00:10:49.858  3163  4279 I PowerGroup: Sleeping power group (groupId=0, uid=1000, reason=lid_switch)...
03-12 00:10:49.858  3163  3163 I WindowManager: Started going to sleep... (groupId=0 why=OFF_BECAUSE_OF_USER) notifySleepToKeyguard=true lidState=0 pmSleepReason=lid_switch
03-12 00:10:49.858  3163  4279 I PowerManagerService: Sleeping (uid 1000)...
03-12 00:10:49.859  3163  3231 D PanelsService: onAwakeStateChanged.. isAwake=false
03-12 00:10:49.859 10834 10834 I GoogleInputMethodService: GoogleInputMethodService.onFinishInput():2097 
03-12 00:10:49.859  3163  3231 D TouchHwAidlService: onAwakeStateChanged.. isAwake=false
03-12 00:10:49.861  2061  2108 E minksocket: MinkIPC_QRTR_Service: client with node 1 port 4da4 went down
03-12 00:10:49.861  2061  2108 E minksocket: MinkIPC_QRTR_Service: client with node 1 port 4d99 went down
03-12 00:10:49.861  2061  2108 E minksocket: MinkIPC_QRTR_Service: client with node 1 port 4d92 went down
03-12 00:10:49.861  2061  2108 E minksocket: MinkIPC_QRTR_Service: client with node 1 port 4d9e went down
03-12 00:10:49.862  3163  3231 D TouchHwAidlService: Register stow sensor:true
03-12 00:10:49.863  3163  4279 D CLI/Transition_Lid: Doze cli display for lid close
03-12 00:10:49.863  3163  4279 I PowerManagerService: Dozing display group (groupId=1, now=125741654)...
03-12 00:10:49.863  3163  4279 I PowerManagerService: Going to sleep due to application (uid 1000, screenOffTimeout=1800000, activityTimeoutWM=-1, maxDimRatio=0.20000005, maxDimDur=7000)...
03-12 00:10:49.866 10834 10834 I Module  : DeviceLockedStatusModuleProvider$Module.updateDeviceLockedStatus():103 repeatCheckTimes = 0, locked = false
03-12 00:10:49.868  3163  4279 E WindowManager: Display reconfigured outside of a transition: Display{#0 state=ON size=1080x2640 ROTATION_0}
03-12 00:10:49.869  3163  4279 D CLI/Rotation: Set volume keyswap sysprop for rotation 0 lidState CLOSED
03-12 00:10:49.869  3163  3352 I DisplayPowerController2[0]: 03-12 00:10:49.868 - BrightnessEvent: disp=0, physDisp=local:4630947043778501762, displayState=ON, displayPolicy=OFF, brt=0.07940082, initBrt=0.07940082, rcmdBrt=0.07940082, preBrt=0.15559652, lux=1.398566, preLux=4.719524, brtNits=7.1345897, hdrNits=NaN, initNits=7.1345897, preNits=18.560438, rcmdNits=7.1345897, hdrBrightness=NaN, brt(%)=9%, brtInt=21, hbmPolicy=normal, hbmMax=0.85440856, hbmMode=off, rbcStrength=50, thrmMax=1.0, powerFactor=1.0, wasShortTermModelActive=false, flags=, reason=automatic, autoBrightness=true, strategy=InvalidBrightnessStrategy, autoBrightnessMode=default
03-12 00:10:49.869  3163  3249 D addPss  : tracker=ProcessState{12b3c34 wsj.reader_sp/10658 pkg=wsj.reader_sp}
03-12 00:10:49.869  3163  3352 I DisplayPowerController2[0]: Blocking screen off
03-12 00:10:49.869  3163  3352 I WindowManager: Display 0 turning off...
03-12 00:10:49.870  3163  3352 I DisplayPowerController2[0]: Unblocked screen off after 0 ms
03-12 00:10:49.870  3163  3249 D addPss  : tracker=ProcessState{c3954aa com.google.android.webview:sandboxed_process0:org.chromium.content.app.SandboxedProcessService0:0/10658 pkg=wsj.reader_sp}
03-12 00:10:49.869  5625  5625 V TrustManager: clearAllBiometricRecognized unlockedUser=-10000 source=FINGERPRINT callers=com.android.keyguard.KeyguardUpdateMonitor.clearFingerprintRecognized:16 com.android.keyguard.KeyguardUpdateMonitor$14.handleMessage:941 android.os.Handler.dispatchMessage:112 android.os.Looper.loopOnce:268 android.os.Looper.loop:384 
03-12 00:10:49.870  5625  5941 D KeyguardTransitionRepository: (Internal) Setting current transition info: TransitionInfo(ownerName=FromGoneTransitionInteractor(Sleep transition triggered), from=GONE, to=DOZING, animated)
03-12 00:10:49.870  3163  3163 D TrustManagerService: refreshDeviceLockedForUser(userId=-1, unlockedUser=-10000), secure=false, showingKeyguard=false, trusted=false, biometricAuthenticated=false, currentUserIsUnlocked=false, deviceLocked=false
03-12 00:10:49.870  3163  3249 D addPss  : tracker=ProcessState{acb64ee io.appium.uiautomator2.server/10620 pkg=io.appium.uiautomator2.server}
03-12 00:10:49.871  5625  5625 D KeyguardViewMediator: KeyguardViewMediator queue processing message: NOTIFY_STARTED_GOING_TO_SLEEP
03-12 00:10:49.874  5625  5625 I KeyguardTransitionRepository: STARTED transition: TransitionStep(from=GONE, to=DOZING, value=0.0, transitionState=STARTED, ownerName=FromGoneTransitionInteractor(Sleep transition triggered))
03-12 00:10:49.879  3163  3352 I WindowManager: Display0 turned off...
03-12 00:10:49.879  2926  2926 D fpc_hidl: lid-state=0
03-12 00:10:49.879  3163  4279 D MotoFingerprint: resultCode : 0
03-12 00:10:49.884  5625  5625 I vol.VolumeDialogImpl: mDialog.dismiss() reason: volume_controller from: com.android.systemui.volume.VolumeDialogImpl$10.onDismissRequested:3 displayId: 0 mShowing: false mIsAnimatingDismiss: true
03-12 00:10:49.884  5625  5625 D vol.VolumeDialogImpl: dismissH: skipping dismiss because isAnimatingDismiss is true and showingStateInconsistent is false
03-12 00:10:49.889 24314 24314 I ThermalEngine: Throttling daemon started
03-12 00:10:49.889 24314 24314 E ThermalEngine: config_info path not found: /sys/module/msm_thermal/config_info
03-12 00:10:49.889 24314 24314 I ThermalEngine: Using device config file '/vendor/etc/thermal-engine-lynkco-cli.conf'
03-12 00:10:49.895  3163  3352 D ActivityTaskManager: Top Process State changed to PROCESS_STATE_TOP_SLEEPING
03-12 00:10:49.895  3163  3352 D ActivityTrigger: ActivityTrigger activityPauseTrigger 
03-12 00:10:49.899  2214  2254 W ANDR-PERF-LM: MetaMeter: handleSecondaryAsync() 151: ProComp MetaMeterThread start(). No MeterMgr Available to handle this Secondary/Data Async. !!!! 
03-12 00:10:49.900 27151 27216 I ForwardSyncCache: reclaimMemory: Clearing caches
03-12 00:10:49.902 23655 23655 D Parsely : Enqueuing heartbeat event.
03-12 00:10:49.902  3163  3352 I DisplayBrightnessStrategySelector: Changing the DisplayBrightnessStrategy from InvalidBrightnessStrategy to ScreenOffBrightnessStrategy for display 0
03-12 00:10:49.902 23655 23655 D Parsely : Engagement session has been stopped
03-12 00:10:49.903 23655 23722 D Parsely : Event added to buffer
03-12 00:10:49.904 23655 23677 D SessionLifecycleClient: Sending lifecycle 2 to service
03-12 00:10:49.907 23655 23874 D SessionLifecycleService: Activity backgrounding at 125741695
03-12 00:10:49.911  2064  2064 I sensors-hal: batch:206, android.sensor.device_orientation/271, period=66667000, max_latency=0
03-12 00:10:49.911  2064  2064 I sensors-hal: set_config:61, no need to adjust sample_period_ns due to reporting_mode = 2
03-12 00:10:49.911  2064  2064 I sensors-hal: batch:215, android.sensor.device_orientation/271, period=66667000, max_latency=0 request completed
03-12 00:10:49.912  3163  3231 W ProcessStats: Tracking association SourceState{1bfc2b wsj.reader_sp/10658 Top #567443} whose proc state 1 is better than process ProcessState{c3954aa com.google.android.webview:sandboxed_process0:org.chromium.content.app.SandboxedProcessService0:0/10658 pkg=wsj.reader_sp} proc state 2 (8 skipped)
03-12 00:10:49.915  5625  5625 D CentralSurfaces: !shouldBeKeyguard mStatusBarStateController.isKeyguardRequested() false keyguardForDozing false wakeAndUnlocking false isWakingAndOccluded false
03-12 00:10:49.915  5625  5625 D CentralSurfaces: hideKeyguardImpl false
03-12 00:10:49.920  2064  2064 I sensors-hal: batch:206, android.sensor.light/51, period=200000000, max_latency=0
03-12 00:10:49.920  2064  2064 I sensors-hal: set_config:61, no need to adjust sample_period_ns due to reporting_mode = 2
03-12 00:10:49.920  2064  2064 I sensors-hal: batch:215, android.sensor.light/51, period=200000000, max_latency=0 request completed
03-12 00:10:49.921  2064  2064 I sensors-hal: activate:173, com.motorola.sensor.alternate_light/65959 en=0
03-12 00:10:49.921  2061  2108 E minksocket: MinkIPC_QRTR_Service: client with node 1 port 4db1 went down
03-12 00:10:49.922  6942  6972 D ForegroundUtils: Foreground UID status: 10240, true; 10243, false; 10246, false; 10292, false; 10363, false; 10394, true; 10404, true; 10416, false; 10618, false; 10658, false; 
03-12 00:10:49.923 24314 24314 I ThermalEngine: devices_manager_init: Init
03-12 00:10:49.924 24314 24314 I ThermalEngine: Number of gpus :1
03-12 00:10:49.924 24314 24314 I ThermalEngine: Number of cpus :8
03-12 00:10:49.925  2061  2108 E minksocket: MinkIPC_QRTR_Service: client with node 1 port 4e67 went down
03-12 00:10:49.926  2064  2064 I sensors-hal: activate:184, com.motorola.sensor.alternate_light/65959 en=0 completed
03-12 00:10:49.926  2061  2108 E minksocket: MinkIPC_QRTR_Service: client with node 1 port 4e68 went down
03-12 00:10:49.926 24314 24314 E ThermalEngine: tmd_add_cpufreq_dev_data: Invalid or no boost freqs
03-12 00:10:49.927  2061  2108 E minksocket: MinkIPC_QRTR_Service: client with node 1 port 4e69 went down
03-12 00:10:49.927  3163  3352 V DisplayPowerController2[0]: Brightness [0.0] reason changing to: 'screen_off', previous reason: 'automatic'.
03-12 00:10:49.927 27151 27216 W Bugle   : TextClassifierLibManagerImpl: Reclaiming memory at level: 40
03-12 00:10:49.928  2061  2108 E minksocket: MinkIPC_QRTR_Service: client with node 1 port 4e6a went down
03-12 00:10:49.928  2061  2108 E minksocket: MinkIPC_QRTR_Service: client with node 1 port 4e6b went down
03-12 00:10:49.928  2061  2108 E minksocket: MinkIPC_QRTR_Service: client with node 1 port 4e6c went down
03-12 00:10:49.929  2061  2108 E minksocket: MinkIPC_QRTR_Service: client with node 1 port 4e6d went down
03-12 00:10:49.929  3163  3352 I DisplayPowerController2[0]: 03-12 00:10:49.927 - BrightnessEvent: disp=0, physDisp=local:4630947043778501762, displayState=OFF, displayPolicy=OFF, brt=0.0, initBrt=0.07940082, rcmdBrt=NaN, preBrt=NaN, lux=0.0, preLux=0.0, brtNits=3.1465538, hdrNits=NaN, initNits=7.1345897, preNits=NaN, rcmdNits=NaN, hdrBrightness=NaN, brt(%)=0%, brtInt=1, hbmPolicy=normal, hbmMax=0.85440856, hbmMode=off, rbcStrength=50, thrmMax=1.0, powerFactor=1.0, wasShortTermModelActive=false, flags=, reason=screen_off, autoBrightness=true, strategy=ScreenOffBrightnessStrategy, autoBrightnessMode=default
03-12 00:10:49.929  3163  5305 D TouchHwAidlService: setDisplayState: mScreenOff=true
03-12 00:10:49.930  2061  2108 E minksocket: MinkIPC_QRTR_Service: client with node 1 port 4e6e went down
03-12 00:10:49.930  3163  5305 D TouchHwAidlService: onTapToWakeSettingsChanged isAmbientDisplayAvailable=1 aodEnable=true singleTapEnable=true doubleTapEnable=true lidState=0 callers=com.motorola.server.display.TouchHwAidlService.setDisplayState:538 com.motorola.server.MotoExtHwService$MotoExtHwManagerInternal.setDisplayState:446 com.android.server.display.LocalDisplayAdapter$LocalDisplayDevice$1.setDisplayState:1080 
03-12 00:10:49.930  3163  5305 D TouchHwAidlService: enableTapWake mode=33 displayId=0 mGestureStowMode=true
03-12 00:10:49.930  3163  5305 D TouchHwAidlService: transfer mode=33 transMode=32 cli=false
03-12 00:10:49.930  3163  3231 I DisplayDeviceRepository: Display device changed state: "Built-in Screen", OFF
03-12 00:10:49.930  2106  2106 I motorola.hardware.display.touch-service: Setting Gesture to 32
03-12 00:10:49.931  2061  2108 E minksocket: MinkIPC_QRTR_Service: client with node 1 port 4e6f went down
03-12 00:10:49.932  3163  3231 I InputManager-JNI: Viewport [0] to add: local:4630947043778501762, isActive: false
03-12 00:10:49.932  3163  3231 I InputManager-JNI: Viewport [1] to add: local:4630947043778501763, isActive: false
03-12 00:10:49.933  2061  2108 E minksocket: MinkIPC_QRTR_Service: client with node 1 port 4e71 went down
03-12 00:10:49.933  3163  3229 D CLI/Transition: displaygroup 0, state OFF, pendingdisplaygroup -1
03-12 00:10:49.933 24314 24317 E ThermalEngine: verify_tmd_device: Device:cpuv_restriction_cold available. max:1
03-12 00:10:49.934 24314 24317 E ThermalEngine: verify_tmd_device: Device:modem_lte_dsc available. max:255
03-12 00:10:49.934  2061  2108 E minksocket: MinkIPC_QRTR_Service: client with node 1 port 4e72 went down
03-12 00:10:49.934  3163  3229 W SurfaceControl: Invalid layer stack -1
03-12 00:10:49.934  2064  2064 I sensors-hal: activate:173, android.sensor.light/51 en=0
03-12 00:10:49.934  3163  3229 I DisplayDevice: [0] Layerstack set to -1 for local:4630947043778501762 mDisplayToken=android.os.BinderProxy@d90d011 t=Transaction{mNativeObject=-5476376673043675440, mHashCode=0}
03-12 00:10:49.934 24314 24317 E ThermalEngine: verify_tmd_device: Device:modem_lte_sub1_dsc available. max:255
03-12 00:10:49.934 24314 24317 E ThermalEngine: verify_tmd_device: Device:modem_nr_dsc available. max:255
03-12 00:10:49.935  2061  2108 E minksocket: MinkIPC_QRTR_Service: client with node 1 port 4dac went down
03-12 00:10:49.952 24314 24314 W thermal-engine-: type=1400 audit(0.0:1987805): avc:  denied  { read } for  scontext=u:r:vendor_thermal-engine:s0 tcontext=u:r:init:s0 tclass=file permissive=0
03-12 00:10:49.952 24314 24314 W thermal-engine-: type=1400 audit(0.0:1987806): avc:  denied  { read } for  scontext=u:r:vendor_thermal-engine:s0 tcontext=u:r:kernel:s0 tclass=file permissive=0
03-12 00:10:49.952 24314 24314 W thermal-engine-: type=1400 audit(0.0:1987807): avc:  denied  { read } for  scontext=u:r:vendor_thermal-engine:s0 tcontext=u:r:kernel:s0 tclass=file permissive=0
03-12 00:10:49.952 24314 24314 W thermal-engine-: type=1400 audit(0.0:1987808): avc:  denied  { read } for  scontext=u:r:vendor_thermal-engine:s0 tcontext=u:r:kernel:s0 tclass=file permissive=0
03-12 00:10:49.952 24314 24314 W thermal-engine-: type=1400 audit(0.0:1987809): avc:  denied  { read } for  scontext=u:r:vendor_thermal-engine:s0 tcontext=u:r:kernel:s0 tclass=file permissive=0
03-12 00:10:49.935  3163  3231 D PanelsService: updateDefaultDisplayState: mScreenState=OFF
03-12 00:10:49.935 24314 24317 E ThermalEngine: verify_tmd_device: Device:modem_nr_sub1_dsc available. max:255
03-12 00:10:49.935 24314 24317 E ThermalEngine: verify_tmd_device: Device:modem_nr_scg_dsc available. max:255
03-12 00:10:49.936 24314 24317 E ThermalEngine: verify_tmd_device: Device:modem_nr_scg_sub1_dsc available. max:255
03-12 00:10:49.936  3163  3227 D TouchHwAidlService: updateDefaultDisplayState: mScreenOn=false
03-12 00:10:49.936  2064  2064 I sensors-hal: activate:184, android.sensor.light/51 en=0 completed
03-12 00:10:49.936  3163  4285 I InputReader: Reconfiguring input devices, changes=DISPLAY_INFO
03-12 00:10:49.936  3163  4285 I InputReader: Disabling goodix_ts (device 7) because the associated viewport is not active
03-12 00:10:49.936  3163  4285 I InputReader: Device reconfigured: id=7, name='goodix_ts', size 17281x42241, orientation Rotation0, mode DISABLED, display id 0
03-12 00:10:49.937  3163  3231 W ServiceManagerCppClient: Failed to get isDeclared for com.motorola.hardware.display.panel.IDisplayPanel/default: Status(-1, EX_SECURITY): 'SELinux denied.'
03-12 00:10:49.937  3163  3231 D DisplayPanelService: Setting panel dc mode: 0
03-12 00:10:49.937  2067  3269 D AHAL: AudioDevice: SetParameters: 1564: enter: screen_state=off
03-12 00:10:49.937  2067  3269 D AHAL: AudioVoice: VoiceSetParameters: 87: Enter params: screen_state=off
03-12 00:10:49.937  2067  3269 D AHAL: AudioVoice: VoiceSetParameters: 360: Exit ret: 0
03-12 00:10:49.937  2061  2108 E minksocket: MinkIPC_QRTR_Service: client with node 1 port 4e73 went down
03-12 00:10:49.937  2067  3269 D AHAL: FM: fm_set_parameters: 262: Enter
03-12 00:10:49.937  2067  3269 D AHAL: FM: fm_set_parameters: 320: exit
03-12 00:10:49.937  2067  3269 D AHAL: AudioDevice: SetParameters: 1628:  - screen = off
03-12 00:10:49.937  2067  3269 I PAL: ResourceManager: setParameter: 8311: Screen State:0
03-12 00:10:49.937  2067  3269 D AHAL: AudioDevice: SetParameters: 2361: exit: screen_state=off
03-12 00:10:49.937  2090  2090 I DisplayPanel: setDcMode: DC mode = OFF
03-12 00:10:49.938  2090  2090 D DisplayPanel: setParam: Success set DC to 0 for Primary display
03-12 00:10:49.938  2061  2108 E minksocket: MinkIPC_QRTR_Service: client with node 1 port 4e74 went down
03-12 00:10:49.939  3163  4285 I InputReader: Disabling zinitix_mt (device 6) because the associated viewport is not active
03-12 00:10:49.939  2061  2108 E minksocket: MinkIPC_QRTR_Service: client with node 1 port 4e75 went down
03-12 00:10:49.939 24314 24317 E ThermalEngine: verify_tmd_device: Device:sdr0_lte_dsc available. max:255
03-12 00:10:49.940  3163  3352 D BrightnessThermalClamper: Thermal status observer already started
03-12 00:10:49.940 26976 27604 D MCLOG   : [BrightnessTrigger] onDisplayChanged displayId = 0
03-12 00:10:49.940  2061  2108 E minksocket: MinkIPC_QRTR_Service: client with node 1 port 4e76 went down
03-12 00:10:49.940 24314 24317 E ThermalEngine: verify_tmd_device: Device:sdr1_lte_dsc available. max:255
03-12 00:10:49.941 24314 24317 E ThermalEngine: verify_tmd_device: Device:sdr0_nr_dsc available. max:255
03-12 00:10:49.941  2061  2108 E minksocket: MinkIPC_QRTR_Service: client with node 1 port 4e77 went down
03-12 00:10:49.942 24314 24314 E ThermalEngine: tmd_add_cpufreq_dev_data: Invalid or no boost freqs
03-12 00:10:49.943  3163  5305 D TouchHwAidlService: setGestureModeHal done mode=33 newMode=32 result=0
03-12 00:10:49.943 24314 24317 E ThermalEngine: verify_tmd_device: Device:sdr1_nr_dsc available. max:255
03-12 00:10:49.943  3163  5305 D TouchHwAidlService: enableTapWake mode=33 displayId=1 mGestureStowMode=true
03-12 00:10:49.943  2106  2106 I motorola.hardware.display.touch-service: Setting CLI Gesture to 33
03-12 00:10:49.943 24314 24317 E ThermalEngine: verify_tmd_device: Device:pa_lte_sdr0_dsc available. max:255
03-12 00:10:49.943 24314 24317 E ThermalEngine: verify_tmd_device: Device:pa_lte_sdr1_dsc available. max:255
03-12 00:10:49.943  3163  5305 D TouchHwAidlService: setCliGestureModeHal done mode=33 newMode=33 result=0
03-12 00:10:49.943 24314 24317 E ThermalEngine: verify_tmd_device: Device:pa_lte_sdr0_sub1_dsc available. max:255
03-12 00:10:49.943  3163  5305 D TouchHwAidlService: enableTapWake mode=49 displayId=-1 mGestureStowMode=true
03-12 00:10:49.943  3163  5305 D TouchHwAidlService: transfer mode=49 transMode=48 cli=false
03-12 00:10:49.944  2106  2106 I motorola.hardware.display.touch-service: Setting Gesture to 48
03-12 00:10:49.944  3163  3163 I BrightnessSynchronizer: New Update: {[14710] 0.07940082(f), mUpdatedTypes=0, mConfirmedTypes=0, mTimeUpdated=0, mState=2}
03-12 00:10:49.944  3163  5305 D TouchHwAidlService: setGestureModeHal done mode=49 newMode=48 result=0
03-12 00:10:49.944 28905 28905 I NearbyDiscovery: (REDACTED) FastPairDisplayObserver: %s -> %s
03-12 00:10:49.944  2106  2106 I motorola.hardware.display.touch-service: Setting CLI Gesture to 49
03-12 00:10:49.944  3163  5305 D TouchHwAidlService: setCliGestureModeHal done mode=49 newMode=49 result=0
03-12 00:10:49.945  3163  5305 W ServiceManagerCppClient: Failed to get isDeclared for com.motorola.hardware.display.panel.IDisplayPanel/default: Status(-1, EX_SECURITY): 'SELinux denied.'
03-12 00:10:49.945  3163  5305 D DisplayPanelService: Setting panel dc mode: 0
03-12 00:10:49.945 24314 24317 E ThermalEngine: verify_tmd_device: Device:pa_lte_sdr1_sub1_dsc available. max:255
03-12 00:10:49.945 24314 24317 E ThermalEngine: verify_tmd_device: Device:pa_nr_sdr0_dsc available. max:255
03-12 00:10:49.945 28905 29391 I NearbyDiscovery: (REDACTED) PureOffloadFastPairScanner: eventType=%s, isInternalReq=%s, isScanning=%s, isScanningAllowed=%s
03-12 00:10:49.946 10834 10834 I PkDeviceHelper: PkDeviceHelper.refreshDevices():93 refreshing devices
03-12 00:10:49.946 24314 24317 E ThermalEngine: verify_tmd_device: Device:pa_nr_sdr1_dsc available. max:255
03-12 00:10:49.946 24314 24314 E ThermalEngine: tmd_add_cpufreq_dev_data: Invalid or no boost freqs
03-12 00:10:49.946  2090  2090 I DisplayPanel: setDcMode: DC mode = OFF
03-12 00:10:49.946 24314 24317 E ThermalEngine: verify_tmd_device: Device:pa_nr_sdr0_sub1_dsc available. max:255
03-12 00:10:49.946 26976 27604 D MCLOG   : [BrightnessManager] displayId = 0 brightness = 0.07940082 nit = 7.1345897 level = br1
03-12 00:10:49.946  2090  2090 D DisplayPanel: setParam: Success set DC to 0 for Primary display
03-12 00:10:49.947 12395 12395 D BoundBrokerSvc: onBind: Intent { act=com.google.android.gms.measurement.START pkg=com.google.android.gms }
03-12 00:10:49.947 12395 12395 D BoundBrokerSvc: Loading bound service for intent: Intent { act=com.google.android.gms.measurement.START pkg=com.google.android.gms }
03-12 00:10:49.947  3163  5305 D LocalDisplayAdapter: setDisplayPowerMode mode=0 for display=android.os.BinderProxy@d90d011
03-12 00:10:49.947 28905 29391 I NearbyDiscovery: (REDACTED) ApFastPairScanner: isScreenOn=%s, isLocationEnabled=%s, disableLocationRequirement=%s, isDiscoveryScanningEnabled=%s, during24GhzWifiWarmingUpPeriod=%s
03-12 00:10:49.947 28905 29391 D BluetoothAdapter: isLeEnabled(): ON
03-12 00:10:49.947 28905 29391 I NearbyDiscovery: (REDACTED) ApFastPairScanner: eventType=%s, intReq=%s, scanning=%s, scanAllowed=%s, bleEnabled=%s, lockScanRate=%s, startScanningByLowPowerMode=%s
03-12 00:10:49.948 28905 29391 I NearbyDiscovery: (REDACTED) ApFastPairScanner: Stopping scan, %s
03-12 00:10:49.948 28905 29391 D BluetoothAdapter: isLeEnabled(): ON
03-12 00:10:49.950  2061  2108 E minksocket: MinkIPC_QRTR_Service: client with node 1 port 4e78 went down
03-12 00:10:49.951 24314 24319 E ThermalEngine: verify_tmd_device: Device:cpuv_restriction_cold available. max:1
03-12 00:10:49.951 24314 24319 E ThermalEngine: devices_manager_add_dev: Device:cpuv_restriction_cold already exists
03-12 00:10:49.951 24314 24319 I ThermalEngine: ADSP thermal mitigation available.
03-12 00:10:49.951  2061  2108 E minksocket: MinkIPC_QRTR_Service: client with node 1 port 4e7a went down
03-12 00:10:49.951 28905 27796 I NearbySharing: Screen is locked
03-12 00:10:49.951 28905 27796 I NearbySharing: Stopping scanning because the screen is locked.
03-12 00:10:49.952  2300  2300 D SurfaceFlinger: Setting power mode 0 on display 4630947043778501762
03-12 00:10:49.953 24314 24317 E ThermalEngine: verify_tmd_device: Device:pa_nr_sdr1_sub1_dsc available. max:255
03-12 00:10:49.953 28905 27796 I NearbySharing: Stopping Fast Init advertisement because we're not scanning in the foreground.
03-12 00:10:49.953 24314 24317 E ThermalEngine: verify_tmd_device: Device:pa_nr_sdr0_scg_dsc available. max:255
03-12 00:10:49.953 24314 24314 E ThermalEngine: devices_manager_reg_clnt: Invalid dev cdsp_sw.
03-12 00:10:49.954 24314 24317 E ThermalEngine: verify_tmd_device: Device:pa_nr_sdr1_scg_dsc available. max:255
03-12 00:10:49.954 24314 24317 E ThermalEngine: verify_tmd_device: Device:mmw0_dsc available. max:255
03-12 00:10:49.956 28905 27796 I NearbySharing: Stopping advertising because Nearby Sharing is disabled.
03-12 00:10:49.956 28905 27796 I NearbySharing: Stopping FastInitiation scanning because the screen is locked.
03-12 00:10:49.956 24314 24317 E ThermalEngine: verify_tmd_device: Device:mmw0_sub1_dsc available. max:255
03-12 00:10:49.956 24314 24317 E ThermalEngine: verify_tmd_device: Device:mmw1_dsc available. max:255
03-12 00:10:49.956 24314 24317 E ThermalEngine: verify_tmd_device: Device:mmw1_sub1_dsc available. max:255
03-12 00:10:49.957 24314 24317 E ThermalEngine: verify_tmd_device: Device:mmw2_dsc available. max:255
03-12 00:10:49.957  5658  7621 I bt_shim_scanner: system/main/shim/le_scanning_manager.cc:179 Unregister: in shim layer, scannerId=1
03-12 00:10:49.957  5658  6105 I bt_shim_scanner: system/main/shim/le_scanning_manager.cc:185 Scan: in shim layer stopped
03-12 00:10:49.957  5658  5907 I bluetooth: system/gd/hci/le_address_manager.cc:244 unregister_client: Client unregistered
03-12 00:10:49.957  5658  5907 I bluetooth: system/gd/hci/le_address_manager.cc:248 unregister_client: Cancelled address rotation alarm
03-12 00:10:49.957  5658  6105 I bt_shim_scanner: system/main/shim/le_scanning_manager.cc:220 ScanFilterParamSetup: in shim layer, clientIf=1
03-12 00:10:49.958  2068  2068 D vendor.qti.bluetooth@1.0-ibs_handler: SerialClockVote: vote for UART CLK ON
03-12 00:10:49.958  2068  2068 D vendor.qti.bluetooth@1.0-wake_lock: Acquire wakelock is acquired 
03-12 00:10:49.958  2068  2068 I vendor.qti.bluetooth@1.0-ibs_handler: DeviceWakeUp: Writing IBS_WAKE_IND
03-12 00:10:49.958 24314 24317 E ThermalEngine: verify_tmd_device: Device:mmw2_sub1_dsc available. max:255
03-12 00:10:49.958 24314 24317 E ThermalEngine: verify_tmd_device: Device:mmw3_dsc available. max:255
03-12 00:10:49.959  5658  6105 I bt_shim_scanner: system/main/shim/le_scanning_manager.cc:220 ScanFilterParamSetup: in shim layer, clientIf=1
03-12 00:10:49.959 24314 24317 E ThermalEngine: verify_tmd_device: Device:mmw3_sub1_dsc available. max:255
03-12 00:10:49.959 28905 27796 I NearbySharing: Fast Initiation Scanning has stopped
03-12 00:10:49.959 28905 27796 I NearbySharing: Dismissing HUN as there's no device nearby.
03-12 00:10:49.960 23655 23655 D VRI[IssueActivity]: visibilityChanged oldVisibility=true newVisibility=false
03-12 00:10:49.960 24314 24317 E ThermalEngine: verify_tmd_device: Device:mmw_ific_dsc available. max:255
03-12 00:10:49.961 24314 24317 E ThermalEngine: verify_tmd_device: Device:mmw_ific_sub1_dsc available. max:255
03-12 00:10:49.961 24314 24317 E ThermalEngine: verify_tmd_device: Device:wlan available. max:4
03-12 00:10:49.962 24314 24320 E ThermalEngine: verify_tmd_device: Device:cpuv_restriction_cold available. max:1
03-12 00:10:49.962 24314 24320 E ThermalEngine: devices_manager_add_dev: Device:cpuv_restriction_cold already exists
03-12 00:10:49.963 24314 24317 E ThermalEngine: verify_tmd_device: Device:wlan_bw available. max:1
03-12 00:10:49.964 24314 24317 E ThermalEngine: verify_tmd_device: Device:modem_bw_backoff available. max:255
03-12 00:10:49.964  2068  6060 I vendor.qti.bluetooth@1.0-ibs_handler: ProcessIbsCmd: Received IBS_WAKE_ACK: 0xFC
03-12 00:10:49.964  2068  6060 I vendor.qti.bluetooth@1.0-ibs_handler: ProcessIbsCmd: Signal wack_cond_
03-12 00:10:49.964  2068  2068 D vendor.qti.bluetooth@1.0-ibs_handler: DeviceWakeUp: Unblocked from waiting for FC, pthread_cond_timedwait ret = 0
03-12 00:10:49.964 24314 24320 E ThermalEngine: verify_tmd_device: Device:cdsp_hw available. max:1
03-12 00:10:49.965 24314 24320 E ThermalEngine: verify_tmd_device: Device:cdsp_sw available. max:6
03-12 00:10:49.965 24314 24320 I ThermalEngine: CDSP thermal mitigation available.
03-12 00:10:49.965  2068  6060 I vendor.qti.bluetooth@1.0-ibs_handler: ProcessIbsCmd: Received IBS_WAKE_IND: 0xFD
03-12 00:10:49.965  2068  6060 I vendor.qti.bluetooth@1.0-ibs_handler: ProcessIbsCmd: Writing IBS_WAKE_ACK
03-12 00:10:49.965 24314 24317 E ThermalEngine: verify_tmd_device: Device:cpr_cold available. max:3
03-12 00:10:49.965 24314 24317 I ThermalEngine: MODEM thermal mitigation available.
03-12 00:10:49.968 24314 24314 I ThermalEngine: Found /system/bin/installd, file: 2737
03-12 00:10:49.968 24314 24314 E ThermalEngine: tmd_init_battery_data: type 0 
03-12 00:10:49.968 24314 24314 E ThermalEngine: tmd_init_battery_data: Unknown type: 0
03-12 00:10:49.968 24314 24314 E ThermalEngine: tmd_init_battery_data: type 1 
03-12 00:10:49.970 24314 24314 E ThermalEngine: tmd_init_battery_data: type 2 
03-12 00:10:49.970  2195  2586 I SDM     : DisplayBase::SetDisplayState: Set state = 0, display 57-0, teardown = 0
03-12 00:10:49.971  2195  2586 I SDM     : DRMPanelFeatureMgr::MarkForNullCommit: Marked 7 for null commit
03-12 00:10:49.971  2195  2586 I SDM     : HWDeviceDRM::NullCommit: Null commit succeeded crtc=141
03-12 00:10:49.974  7545  7545 I FileStationLog: [ FS_h$a ] - [Display] Changed display: 0
03-12 00:10:49.976  7545  7545 I FileStationLog: [ FS_h ] - [Logic] Retrieved display info: LogicDisplayInfo(width=1080, height=2640, orientation=1, rotation=0, displayId=0)
03-12 00:10:49.977  7545  7545 I FileStationLog: [ FS_h$a ] - [Display] New logical size: 1080x2640
03-12 00:10:49.977  7545  7545 I FileStationLog: [ FS_h$a ] - [Display] Screen width unchanged: 1080
03-12 00:10:49.978  3163  5528 W AutofillManagerServiceImpl: getFillEventHistory() called by UID 10195, but service UID is 10240
03-12 00:10:49.979 24314 24314 E ThermalEngine: tmd_init_battery_data: type 3 
03-12 00:10:49.979 24314 24314 E ThermalEngine: tmd_init_battery_data: Unknown type: 3
