03-12 21:48:38.444  3003  4923 D InputTransport: Input channel constructed: '116c9e9', fd=1143
03-12 21:48:38.444  3003  4923 D InputTransport: Input channel constructed: '116c9e9', fd=1169
03-12 21:48:38.444  2053  2951 W QC2Interface: [hvcD_10] Failed to query parameters
03-12 21:48:38.444  3003  4923 D InputTransport: Input channel constructed: '116c9e9', fd=1221
03-12 21:48:38.444  3003  4923 D InputTransport: Input channel destroyed: '116c9e9', fd=1169
03-12 21:48:38.444  2496 10924 I ResourceManagerService: addMediaInfo pid 4360 (width 1080 height 2640), allocated hw codec count 1
03-12 21:48:38.444  2496 10924 I ResourceManagerService: getMediaResourceInfo (PID : 4360, clientID : -5476376666658759376, non-secure-codec/hw-video-codec:[]:1, 1080x2640 (fps:120) - sw codec : no, encoder : no componentName = c2.qti.hevc.decoder bitrate = 17000000)
03-12 21:48:38.445  2105  2836 I SurfaceFlinger: id=14296 createSurf, flag=84004, 116c9e9 NavigationBar1#14296
03-12 21:48:38.445  2022  2124 I HYPER-HAL: [RequestManager.cpp]acquire(): Acquired ID : 23469500  [2025 / 4825]    HINT :      list : [TID_LOW_LATENCY / 1] [TID / 4392] [TID / 4393] [TID / 4205] [TID / 4394] 
03-12 21:48:38.445  3003  4923 D RestrictionPolicy: isScreenCaptureEnabled : ret=true userId=0
03-12 21:48:38.445  6380  6380 I SemMediaResourceHelper: onAdd
03-12 21:48:38.445  2022  2124 I HYPER-HAL: [RequestManager.cpp]acquire(): Acquired ID : 23469500  [2025 / 4825]    HINT :      list : [TID_LOW_LATENCY / 0] [TID / 4392] [TID / 4393] [TID / 4205] [TID / 4394] 
03-12 21:48:38.446  3003  4923 D InsetsSourceProvider: updateVisibility: serverVisible=false, clientVisible=false, source=InsetsSource: {68320001 mType=navigationBars mFrame=[0,0][0,0] mVisible=false mFlags= mSideHint=NONE mBoundingRects=null}, controlTarget=null, from=com.android.server.wm.InsetsSourceProvider.setClientVisible:8 com.android.server.wm.InsetsSourceProvider.setWindowContainer:160 com.android.server.wm.WindowManagerService.addWindowInner:148 com.android.server.wm.WindowManagerService.addWindow:1842 com.android.server.wm.Session.addToDisplayAsUser:24 android.view.IWindowSession$Stub.onTransact:757 com.android.server.wm.Session.onTransact:1 android.os.Binder.execTransactInternal:1457 android.os.Binder.execTransact:1401 <bottom of call stack> 
03-12 21:48:38.446  1985  2180 I minksocket: MinkIPC MESSAGE: ( 1985:2180 ) MinkIPC_QRTR_Service:351 minkipc = 0xb400006d4d3f7730 sock = 33, client with node 1 port 6937 went down
03-12 21:48:38.446  1985  2158 I minksocket: MinkIPC MESSAGE: ( 1985:2158 ) MinkIPC_QRTR_Service:351 minkipc = 0xb400006d4d3f6550 sock = 13, client with node 1 port 6937 went down
03-12 21:48:38.446  3003  4923 E WindowManager: Display reconfigured outside of a transition: Display{#1 state=OFF size=748x720 ROTATION_0}
03-12 21:48:38.447  2496 10924 W ResourceManagerServiceUtils: Ignoring request to add new resource entry with value <= 0
03-12 21:48:38.447  3003  4923 D DisplayManager.PersistentDataStore: saveToXml remembered active display fit status value:false
03-12 21:48:38.447  2007  2007 I sensors-hal: ~worker:74, worker(0xb400007a0f4dae70) is destroyed, remaining task = 0, tid= 7142
03-12 21:48:38.447  2007  2007 I sensors-hal: ~qsh_qmi:58, ~qsh_qmi
03-12 21:48:38.447  2007  2007 I sensors-hal: activate:330, android.sensor.accelerometer/11 en=0 completed
03-12 21:48:38.448  3003  3130 D SensorManager: unregisterListener :: com.android.server.display.AutomaticBrightnessController$3@1ff6ff3
03-12 21:48:38.448  3003  3130 D AutomaticBrightnessController: setProximitySensorEnabled::unregisterListener
03-12 21:48:38.448  2022  2124 I HYPER-HAL: [RequestManager.cpp]releaseLocked(): Released ID : 20540874
03-12 21:48:38.448  3003  4923 I WindowManager: [d1] Override config changes=20000c00 {0.0 ?mcc0mnc ?localeList ?layoutDir sw291dp w352dp h291dp 340dpi smll hdr widecg land ?uimode ?night finger -keyb/v/h -nav/h winConfig={ mBounds=Rect(0, 0 - 748, 720) mAppBounds=Rect(0, 0 - 748, 618) mMaxBounds=Rect(0, 0 - 748, 720) mDisplayRotation=ROTATION_0 mWindowingMode=fullscreen mActivityType=undefined mAlwaysOnTop=undefined mRotation=ROTATION_0 mStageConfig=undefined mPopOver=undefined mOverlappingWithCutout=false mFlexPanelMode=off} ?fontWeightAdjustment ff=0 bf=-1 bts=0 cst=1.0 nightDim=-1 themeSeq=0}, callers=com.android.server.wm.DisplayContent.updateDisplayOverrideConfigurationLocked:24 com.android.server.wm.DisplayContent.sendNewConfiguration:133 com.android.server.wm.WindowManagerService.addWindowInner:712 com.android.server.wm.WindowManagerService.addWindow:1842 com.android.server.wm.Session.addToDisplayAsUser:24 
03-12 21:48:38.448  3003  4923 D WindowManager: Transition is created, t=TransitionRecord{7d2df88 id=-1 type=CHANGE flags=0x0}, caller=com.android.server.wm.Transition.<init>:182 com.android.server.wm.TransitionController.createTransition:17 com.android.server.wm.DisplayContent.requestChangeTransition:5 com.android.server.wm.DisplayContent.performDisplayOverrideConfigUpdate:333 com.android.server.wm.DisplayContent.updateDisplayOverrideConfigurationLocked:24 
03-12 21:48:38.449  3003  4923 D BLASTSyncEngine: SyncGroup is created, id=1731, name=Transition-CHANGE, caller=com.android.server.wm.BLASTSyncEngine$SyncGroup.<init>:52 com.android.server.wm.TransitionController.moveToCollecting:79 com.android.server.wm.TransitionController.createTransition:46 com.android.server.wm.DisplayContent.requestChangeTransition:5 com.android.server.wm.DisplayContent.performDisplayOverrideConfigUpdate:333 com.android.server.wm.DisplayContent.updateDisplayOverrideConfigurationLocked:24 com.android.server.wm.DisplayContent.sendNewConfiguration:133 
03-12 21:48:38.449  3003  4923 W BLASTSyncEngine: setSyncMethod, id=1731, method=0, caller=com.android.server.wm.TransitionController.moveToCollecting:91 com.android.server.wm.TransitionController.createTransition:46 com.android.server.wm.DisplayContent.requestChangeTransition:5 
03-12 21:48:38.449  3003  4923 V WindowManager: Start collecting in Transition: TransitionRecord{7d2df88 id=1731 type=CHANGE flags=0x0}, caller=com.android.server.wm.TransitionController.createTransition:46 com.android.server.wm.DisplayContent.requestChangeTransition:5 com.android.server.wm.DisplayContent.performDisplayOverrideConfigUpdate:333 com.android.server.wm.DisplayContent.updateDisplayOverrideConfigurationLocked:24 com.android.server.wm.DisplayContent.sendNewConfiguration:133 
03-12 21:48:38.449  2007  2007 I SensorsGrip: TouchLight::enable: 0 1
03-12 21:48:38.449  3003  4923 V WindowManager: Requesting StartTransition: TransitionRecord{7d2df88 id=1731 type=CHANGE flags=0x0}, caller=com.android.server.wm.DisplayContent.requestChangeTransition:10 com.android.server.wm.DisplayContent.performDisplayOverrideConfigUpdate:333 com.android.server.wm.DisplayContent.updateDisplayOverrideConfigurationLocked:24 com.android.server.wm.DisplayContent.sendNewConfiguration:133 com.android.server.wm.WindowManagerService.addWindowInner:712 
03-12 21:48:38.449  3003  3130 D SensorManager: unregisterListener :: com.android.server.display.AutomaticBrightnessController$3@ce52465
03-12 21:48:38.449  3003  3130 I DisplayBrightnessStrategySelector: Changing the DisplayBrightnessStrategy from AutomaticBrightnessStrategy to ScreenOffBrightnessStrategy for display 0
03-12 21:48:38.449  3003  3130 W DisplayPowerController[0]: Animating brightness: target=0(0.00), rate=0.000, rateAtHbm=0.000, reason=screen_off[0]
03-12 21:48:38.449  3003  4923 V WindowManager: Collecting in transition 1731: Display{#1 state=OFF size=748x720 ROTATION_0}, caller=com.android.server.wm.DisplayContent.requestChangeTransition:71 com.android.server.wm.DisplayContent.performDisplayOverrideConfigUpdate:333 com.android.server.wm.DisplayContent.updateDisplayOverrideConfigurationLocked:24 com.android.server.wm.DisplayContent.sendNewConfiguration:133 com.android.server.wm.WindowManagerService.addWindowInner:712 
03-12 21:48:38.449  3003  4923 D WindowManager: prepareSync <SYNC_STATE_WAITING_FOR_DRAW>, mPrepareSyncSeqId=0, win=Window{21b9755 u0 ScreenDecorOverlayCover}
03-12 21:48:38.450  3003  4923 D WindowManager: prepareSync <SYNC_STATE_WAITING_FOR_DRAW>, mPrepareSyncSeqId=0, win=Window{116c9e9 u0 NavigationBar1}
03-12 21:48:38.450  3003  4923 D WindowManager: prepareSync <SYNC_STATE_WAITING_FOR_DRAW>, mPrepareSyncSeqId=0, win=Window{243e821 u0 SubScreenQuickPanel}
03-12 21:48:38.450  3003  4923 D WindowManager: prepareSync <SYNC_STATE_WAITING_FOR_DRAW>, mPrepareSyncSeqId=0, win=Window{3b7b695 u0 com.android.systemui/com.android.systemui.subscreen.SubHomeActivity}
03-12 21:48:38.450  3003  4923 D WindowManager: prepareSync <SYNC_STATE_WAITING_FOR_DRAW>, mPrepareSyncSeqId=0, win=Window{8bc5e3f u0 com.samsung.android.smartsuggestions/com.samsung.android.smartsuggestions.feature.aisuggestion.ui.onboarding.OnboardingActivity}
03-12 21:48:38.450  3003  3594 D WifiDisplayAdapter: isFitToActiveDisplayLocked : false
03-12 21:48:38.450  3003  3003 D SGM:GameManager: onDisplayChanged. displyId: 1, state: 1
03-12 21:48:38.450  3003  3003 V CameraService_worker: onDisplayChanged rotation : 0 current mDeviceState : 6
03-12 21:48:38.450  3003  4923 V WindowManager: Collecting in transition 1731: WindowToken{8004a5b type=2024 android.os.BinderProxy@d7bba75}, caller=com.android.server.wm.TransitionController$$ExternalSyntheticLambda3.accept:43 com.android.server.wm.WindowContainer$ForAllWindowsConsumerWrapper.apply:5 com.android.server.wm.WindowState.applyInOrderWithImeWindows:22 com.android.server.wm.WindowState.forAllWindows:9 com.android.server.wm.WindowContainer.forAllWindows:2 
03-12 21:48:38.451  5897  5897 D SensorManager: unregisterListener
03-12 21:48:38.451  3003  3130 D DisplayPowerController[0]: saveBrightnessInfo: brt:0.06666667 adjBrt:0.0 min:0.0 max:1.0 hbm:0 tp:1.0 throttler:0 isAnimating:false
03-12 21:48:38.451  3003  3130 V DisplayPowerController[0]: Brightness [0.0] reason changing to: 'screen_off', previous reason: 'automatic'.
03-12 21:48:38.451  3003  3130 I DisplayPowerController[0]: BrightnessEvent: brt=0.0 (0.0%), nits= 1.0, lux=-1.0, reason=screen_off, strat=ScreenOffBrightnessStrategy, state=OFF, stateReason=DEFAULT_POLICY, policy=OFF, flags=, initBrt=0.06666667, rcmdBrt=NaN, preBrt=NaN, preLux=0.0, wasShortTermModelActive=false, autoBrightness=true (default), unclampedBrt=0.0, hbmMax=1.0, hbmMode=off, thrmMax=1.0, rbcStrength=-1, powerFactor=1.0, physDisp=Built-in Screen(local:4630946564756762243), logicalId=0, slowChange=false, rampSpeed=0.0
03-12 21:48:38.451  3003  3130 D BrightnessThermalClamper: Thermal status observer already started
03-12 21:48:38.451  3003  4082 D DisplayManagerService: !@display_state requestDisplayStateInternal: ON -> OFF displayId=0
03-12 21:48:38.451  4205  4267 V WindowManagerShell: Transition requested (#1731): android.os.BinderProxy@19ccb8a TransitionRequestInfo { type = CHANGE, triggerTask = null, pipChange = null, remoteTransition = null, displayChange = null, flags = 0, debugId = 1731 }
03-12 21:48:38.451  4205  4267 D ShellDesktopMode: handleRequest: TransitionRequestInfo {type=6, tid=null, debugId=1731}
03-12 21:48:38.452  4205  4267 V ShellDesktopMode: DesktopTasksController: skipping handleRequest reason=transition type not handled (6)
03-12 21:48:38.452  3003  4082 D SemInputDeviceManagerService: setDisplayState[1] EARLY: ON(2) -> OFF(1)
03-12 21:48:38.452  3003  3678 D SemInputMotionEventDispatcher: unregisterMotionEventListener: com.samsung.android.hardware.secinputdev.taas.ExternalApi$5@7af94ab
03-12 21:48:38.452  3003  3678 D InputTransport: Input channel destroyed: '[Gestur', fd=1139
03-12 21:48:38.452  3003  3678 I SemInputMotionEventDispatcher: unregisterInputEventReceiver: dispose InputEventReceiver
03-12 21:48:38.452  3003  3678 D InputTransport: Input channel destroyed: '[Gestur', fd=269
03-12 21:48:38.452  3003  4082 D LocalDisplayAdapter: notifyStateChangeStart: com.samsung.android.hardware.secinputdev.external.DisplayStateListenerWrapper$1@444e177 took 0 ms
03-12 21:48:38.453  3003  4082 D LocalDisplayAdapter: notifyStateChangeStart: com.android.server.biometrics.SemBiometricDisplayStateMonitor@e8de626 took 1 ms
03-12 21:48:38.453  3003  4082 D LocalDisplayAdapter: notifyStateChangeStart: com.android.server.display.mode.RefreshRateModeManager$1@d4f0f0f took 0 ms
03-12 21:48:38.453  3003  4082 D LocalDisplayAdapter: surface lcd : 0(-1.000), 0(-1.000), main +
03-12 21:48:38.453  2105  2105 I SurfaceFlinger: setDisplayBrightness(4630946564756762243): displayBrightness: -1.000000, displayBrightnessNits: 1.000000, sdrWhitePointNits: 1.000000 , dimmingRatio: 1.000000
03-12 21:48:38.453  3003  3994 D SemInputDevice:TSP: ActivateTask: 1,0 [03-12 21:48:38.452]
03-12 21:48:38.453 29180 29180 I HBD     : DeX h DeX mode state change in non-main thread 
03-12 21:48:38.453 29180 29180 I HBD     : DeX h DeX mode state change: 3 
03-12 21:48:38.453  3003  4923 I MultiTaskingController: onConfigurationChangedLocked: display#1, configChanges=0x20000c00, scaleW=1.0, scaleH=1.0, prevScreenBounds=Rect(0, 0 - 748, 720), nextScreenBounds=Rect(0, 0 - 748, 720)
03-12 21:48:38.453  3003  3678 D InputTransport: Input channel destroyed: '[Gestur', fd=1064
03-12 21:48:38.453  3003  3678 I SemInputMotionEventDispatcher: unregisterInputEventReceiver: dispose InputMonitor
03-12 21:48:38.454  3003  4082 D LocalDisplayAdapter: surface lcd : 0(-1.000), 0(-1.000), main -
03-12 21:48:38.454  3003  4082 W LocalDisplayAdapter: !@display_state - 1013 : ON -> OFF (MAIN)
03-12 21:48:38.454  2105  2105 D SurfaceFlinger: Setting power mode 0 on physical display 4630946564756762243 (skipComposer: 0)
03-12 21:48:38.455  2040  2779 I SDM     : DisplayBuiltIn::SetPanelBrightness: Setting brightness to level 0 (-100.000000 percent) primary(1) display(68)
03-12 21:48:38.455  2105  2105 D SurfaceFlinger: setPhysicalDisplayPowerMode: Optimizing thread scheduling: optimizeForPower
03-12 21:48:38.455  2040  2779 I SDM     : HWCDisplay::SetPowerMode: display = 0, mode = OFF
03-12 21:48:38.455  2040  2779 I SDM     : DisplayBase::SetDisplayState: Set state = 0, display 68-0, teardown = 0
03-12 21:48:38.455  2040  2779 I SDM     : DRMPanelFeatureMgr::MarkForNullCommit: Marked 7 for null commit
03-12 21:48:38.455  2040  2779 I SDM     : HWDeviceDRM::PowerOff: Display:68 Setting Fingerprint Indisplay Layer property = 0
03-12 21:48:38.456  2040  2779 I SDM     : HWDeviceDRM::NullCommit: Null commit succeeded crtc=208
03-12 21:48:38.456  2040  2779 I SDM     : DisplayBase::SetDisplayState: wait for retire_fence_...
03-12 21:48:38.456  2040  2779 I SDM     : DisplayBase::WaitForCompletion: Wait for cached retire fence to be in steady state
03-12 21:48:38.456  2040  2318 I SDM     : HWPeripheralDRM::SetPanelBrightnessWork: active_ is false
03-12 21:48:38.456  4607  4607 D NfcService: handleMessage: MSG_APPLY_SCREEN_STATEOFF_UNLOCKED
03-12 21:48:38.456  4607  4607 D [NFC_SE]SamsungExtension: onLogEventNotified() item:[mCommandApdus: [mResponseApdus: , mCallingApi= 0, mAction= 518, mCallingPId = 0, mRfFieldOnTime= null
03-12 21:48:38.456  4607  4607 D [NFC_SE]NfcOemLogHelper: reportLogEvent = [mCommandApdus: [mResponseApdus: , mCallingApi= 0, mAction= 518, mCallingPId = 0, mRfFieldOnTime= null
03-12 21:48:38.456  4607  4607 D [NFC_SE]NfcOemLogHelper: try to send FLD_ERROR
03-12 21:48:38.456  4607  4607 D [NFC_SE]NfcOemLogHelper: RF Field is disabled
03-12 21:48:38.456  2092  2092 I SSC_DAEMON: handleSensorTestReqMsg:85, Sensor type :4, Msg type:11
03-12 21:48:38.456  2092  2092 I SSC_DAEMON: physicalSensorTestReqMsg:130, s:4, m:11
03-12 21:48:38.457  4832 16673 I HoneySpace.Memory-Monitor: no default Display - 1
03-12 21:48:38.458  4607  4607 D libnfc_nci: nfcManager_doSetScreenState: state = 1 prevScreenState= 8, discovry_param = 1
03-12 21:48:38.458  3003  4923 V WindowManager: Collecting in transition 1731: ActivityRecord{246015646 u0 com.lemon.lvoverseas/com.vega.web.WebActivity t172}, caller=com.android.server.wm.TransitionController.collect:7 com.android.server.wm.ActivityRecord.setVisibility:132 com.android.server.wm.ActivityRecord.makeInvisible:32 com.android.server.wm.EnsureActivitiesVisibleHelper.process:542 com.android.server.wm.TaskFragment.updateActivityVisibilities:12 
03-12 21:48:38.458  3003  4923 D WindowManager: prepareSync <SYNC_STATE_WAITING_FOR_DRAW>, mPrepareSyncSeqId=0, win=Window{6573e36 u0 com.lemon.lvoverseas/com.vega.web.WebActivity}
03-12 21:48:38.459  4607  4986 D NxpGenExtn: vendor_nfc_handle_event Enter eventCode:11
03-12 21:48:38.459  4607  4986 D NxpGenExtn: phNxpExtn_HandleVendorNciMsg Not vendor specific command!!
03-12 21:48:38.459  4607  4986 I NxpGenExtn: phNxpExtn_Write NCI datalen:7
03-12 21:48:38.459  4607  4986 I NxpGenExtn: processExtnWrite Enter dataLen:7
03-12 21:48:38.459  4607  4986 I NxpPropExtn: phNxpProp_ProcessExtnWrite PropExtensionController Enter dataLen:7
03-12 21:48:38.459  4607  4986 I NxpPropExtn: processExtnWrite Enter
03-12 21:48:38.459  4607  4986 D NxpPropExtn: NciStateMonitor processExtnWrite Enter
03-12 21:48:38.459  4607  4986 D NxpPropExtn: resendRequired, resend required
03-12 21:48:38.459  4607  4986 D NxpGenExtn: write Enter wLength:7
03-12 21:48:38.459  4607  4986 D NxpGenExtn: palenQueueWrite Enter wLength:7
03-12 21:48:38.459  4607  7456 D NxpGenExtn: enQueueWriteInternal Enter wLength:7
03-12 21:48:38.459  3003  4923 D InsetsSourceProvider: updateVisibility: serverVisible=false, clientVisible=true, source=InsetsSource: {68320024 mType=systemGestures mFrame=[0,0][0,0] mVisible=false mFlags= mSideHint=NONE mBoundingRects=null}, controlTarget=null, from=com.android.server.wm.InsetsSourceProvider.setServerVisible:6 com.android.server.wm.InsetsSourceProvider.onPostLayout:30 com.android.server.wm.InsetsStateController.onPostLayout:26 com.android.server.wm.RootWindowContainer.applySurfaceChangesTransaction$1:203 com.android.server.wm.RootWindowContainer.performSurfacePlacementNoTrace:86 com.android.server.wm.WindowSurfacePlacer.performSurfacePlacement:166 com.android.server.wm.ActivityTaskManagerService.continueWindowLayout:28 com.android.server.wm.DisplayContent.updateDisplayOverrideConfigurationLocked:78 com.android.server.wm.DisplayContent.sendNewConfiguration:133 com.android.server.wm.WindowManagerService.addWindowInner:712 
03-12 21:48:38.459  2439  2439 I android.hardware.nfc-service.nxp: write
03-12 21:48:38.460  3003  4923 D InsetsSourceProvider: updateVisibility: serverVisible=false, clientVisible=true, source=InsetsSource: {68320006 mType=tappableElement mFrame=[0,0][0,0] mVisible=false mFlags= mSideHint=NONE mBoundingRects=null}, controlTarget=null, from=com.android.server.wm.InsetsSourceProvider.setServerVisible:6 com.android.server.wm.InsetsSourceProvider.onPostLayout:30 com.android.server.wm.InsetsStateController.onPostLayout:26 com.android.server.wm.RootWindowContainer.applySurfaceChangesTransaction$1:203 com.android.server.wm.RootWindowContainer.performSurfacePlacementNoTrace:86 com.android.server.wm.WindowSurfacePlacer.performSurfacePlacement:166 com.android.server.wm.ActivityTaskManagerService.continueWindowLayout:28 com.android.server.wm.DisplayContent.updateDisplayOverrideConfigurationLocked:78 com.android.server.wm.DisplayContent.sendNewConfiguration:133 com.android.server.wm.WindowManagerService.addWindowInner:712 
03-12 21:48:38.460  3003  4923 D InsetsSourceProvider: updateVisibility: serverVisible=false, clientVisible=true, source=InsetsSource: {68320005 mType=mandatorySystemGestures mFrame=[0,0][0,0] mVisible=false mFlags= mSideHint=NONE mBoundingRects=null}, controlTarget=null, from=com.android.server.wm.InsetsSourceProvider.setServerVisible:6 com.android.server.wm.InsetsSourceProvider.onPostLayout:30 com.android.server.wm.InsetsStateController.onPostLayout:26 com.android.server.wm.RootWindowContainer.applySurfaceChangesTransaction$1:203 com.android.server.wm.RootWindowContainer.performSurfacePlacementNoTrace:86 com.android.server.wm.WindowSurfacePlacer.performSurfacePlacement:166 com.android.server.wm.ActivityTaskManagerService.continueWindowLayout:28 com.android.server.wm.DisplayContent.updateDisplayOverrideConfigurationLocked:78 com.android.server.wm.DisplayContent.sendNewConfiguration:133 com.android.server.wm.WindowManagerService.addWindowInner:712 
03-12 21:48:38.460  3003  4923 D InsetsSourceProvider: updateVisibility: serverVisible=false, clientVisible=true, source=InsetsSource: {68320004 mType=systemGestures mFrame=[0,0][0,0] mVisible=false mFlags= mSideHint=NONE mBoundingRects=null}, controlTarget=null, from=com.android.server.wm.InsetsSourceProvider.setServerVisible:6 com.android.server.wm.InsetsSourceProvider.onPostLayout:30 com.android.server.wm.InsetsStateController.onPostLayout:26 com.android.server.wm.RootWindowContainer.applySurfaceChangesTransaction$1:203 com.android.server.wm.RootWindowContainer.performSurfacePlacementNoTrace:86 com.android.server.wm.WindowSurfacePlacer.performSurfacePlacement:166 com.android.server.wm.ActivityTaskManagerService.continueWindowLayout:28 com.android.server.wm.DisplayContent.updateDisplayOverrideConfigurationLocked:78 com.android.server.wm.DisplayContent.sendNewConfiguration:133 com.android.server.wm.WindowManagerService.addWindowInner:712 
03-12 21:48:38.460  3003  4923 W SurfaceControl: Invalid layer stack -1
03-12 21:48:38.460  3003  4923 I DisplayDevice: [0] Layerstack set to -1 for local:4630946564756762243
03-12 21:48:38.461  2053  7445 I QC2CompStore: Setting heap usage to system
03-12 21:48:38.461  9332  9332 D BoundBrokerSvc: onBind: Intent { act=com.google.android.gms.measurement.START xflg=0x4 pkg=com.google.android.gms }
03-12 21:48:38.461  9332  9332 D BoundBrokerSvc: Loading bound service for intent: Intent { act=com.google.android.gms.measurement.START xflg=0x4 pkg=com.google.android.gms }
03-12 21:48:38.461  3003  4002 D BackgroundInstallControlService: Package event received: 0
03-12 21:48:38.462  4360  7414 I MediaCodec: setCodecState state(0), called in 6, domain 1, 1
03-12 21:48:38.462  3003  4923 D InputTransport: Input channel destroyed: '116c9e9', fd=1221
03-12 21:48:38.462  6380  6380 I SemMediaResourceHelper: onState
03-12 21:48:38.463  2007 12669 I sensors-hal: handle_sns_client_event:159, auto_rotation_event_2 event,0, duration,0, ts,193719028834529, ts_diff,430241
03-12 21:48:38.463  2007 12669 I sensors-hal: handle_sns_client_event:170, auto_rotation_debug_2 acc,-0.718,5.427,8.317, ar,0, h_ic,1,1, s,3, ver,14, pedo,1,e,1,i,3
03-12 21:48:38.463  6239  6239 I SSS     : [ChatRoomComponentManager] onConfigurationChanged: {1.0 ?mcc0mnc [en_US] ldltr sw291dp w352dp h291dp 340dpi smll hdr widecg land night finger -keyb/v/h -nav/h winConfig={ mBounds=Rect(0, 0 - 748, 720) mAppBounds=Rect(0, 0 - 748, 618) mMaxBounds=Rect(0, 0 - 748, 720) mDisplayRotation=ROTATION_0 mWindowingMode=fullscreen mActivityType=undefined mAlwaysOnTop=undefined mRotation=ROTATION_0 mStageConfig=undefined mPopOver=off mOverlappingWithCutout=false mFlexPanelMode=off} s.3909 fontWeightAdjustment=0 ff=0 bf=-1 bts=0 cst=1.0 nightDim=0 themeSeq=0}
03-12 21:48:38.463  2092  3859 I SSC_DAEMON: light_event_log:172, light_msg(4/11): br 0 (lux 0,idx 0) - -1,-1,5
03-12 21:48:38.464  2092  2092 I SSC_DAEMON: handleSensorTestReqMsg:85, Sensor type :4, Msg type:15
03-12 21:48:38.464  2092  2092 I SSC_DAEMON: physicalSensorTestReqMsg:130, s:4, m:15
03-12 21:48:38.464  4360  4776 I SprWallpaper|FoldInteractive: resetFrame : onSeekReady
03-12 21:48:38.464  4360  4776 I SprWallpaper|FoldInteractive: seekTo: frame[0], time[0]
03-12 21:48:38.465  3003  3065 D WindowManager: DeferredDisplayUpdater: applying DisplayInfo(748 x 720) immediately
03-12 21:48:38.465  3003  3065 V WindowManager: Content Recording: Display 1 state was (1), is now (1), so update recording?
03-12 21:48:38.466  3003  4333 V WindowManager: Starting Transition 1731, caller=com.android.server.wm.WindowOrganizerController.startTransition:47 com.android.server.wm.WindowOrganizerController.startTransition:1 android.window.IWindowOrganizerController$Stub.onTransact:259 
03-12 21:48:38.467  3003  3130 D BrightnessThermalClamper: Thermal status observer already started
03-12 21:48:38.468  4205  4205 D InputTransport: Input channel constructed: '116c9e9', fd=528
03-12 21:48:38.468  4205  4205 I InsetsController: onStateChanged: host=NavigationBar1, from=android.view.ViewRootImpl.onInsetsStateChanged:3026, state=InsetsState: {mDisplayFrame=Rect(0, 0 - 748, 720), mDisplayCutout=DisplayCutout{insets=Rect(0, 0 - 0, 66) waterfall=Insets{left=0, top=0, right=0, bottom=0} boundingRect={Bounds=[Rect(0, 0 - 0, 0), Rect(0, 0 - 0, 0), Rect(0, 0 - 0, 0), Rect(379, 654 - 748, 720)]} cutoutPathParserInfo={CutoutPathParserInfo{displayWidth=748 displayHeight=720 physicalDisplayWidth=748 physicalDisplayHeight=720 density={2.125} cutoutSpec={@bottom @right M 0,0 H -173.6470588235294 V -31.05882352941176 H 0 V 0 Z @dp} rotation={0} scale={1.0} physicalPixelDisplaySizeRatio={1.0}}} sideOverrides={}}, mRoundedCorners=RoundedCorners{[RoundedCorner{position=TopLeft, radius=49, center=Point(49, 49)}, RoundedCorner{position=TopRight, radius=49, center=Point(699, 49)}, RoundedCorner{position=BottomRight, radius=49, center=Point(699, 671)}, RoundedCorner{position=BottomLeft, radius=49, center=Point(49, 671)}]}  mRoundedCornerFrame=Rect(0, 0 - 0, 0), mPrivacyIndicatorBounds=PrivacyIndicatorBounds {static bounds=null rotation=0}, mDisplayShape=DisplayShape{ spec=1406003047 displayWidth=748 displayHeight=720 physicalPixelDisplaySizeRatio=1.0 rotation=0 offsetX=0 offsetY=0 scale=1.0}, mSources= { InsetsSource: {67 mType=displayCutout mFrame=[0,654][748,720] mVisible=true mFlags= mSideHint=BOTTOM mBoundingRects=null}, InsetsSource: {68320004 mType=systemGestures mFrame=[0,0][0,0] mVisible=false mFlags= mSideHint=NONE mBoundingRects=null}, InsetsSource: {68320005 mType=mandatorySystemGestures mFrame=[0,0][0,0] mVisible=false mFlags= mSideHint=NONE mBoundingRects=null}, InsetsSource: {68320024 mType=systemGestures mFrame=[0,0][0,0] mVisible=false mFlags= mSideHint=NONE mBoundingRects=null} }
03-12 21:48:38.468  3003  3067 E ModeChangeObserver: Changed display not found
03-12 21:48:38.468  4205  4205 I VRI[NavigationBar1]@e5a1f5: synced displayState. AttachInfo displayState=1
03-12 21:48:38.468  4205  4267 V ShellDragAndDrop: Display changed: 1
03-12 21:48:38.469  3003  3067 I DisplayDeviceRepository: Display device changed state: "Built-in Screen", OFF
03-12 21:48:38.469  3003  3067 I LogicalDisplayMapper: Set isInTransition on display 0: false
03-12 21:48:38.469  3003  3067 I LogicalDisplayMapper: Set isInTransition on display 1: false
03-12 21:48:38.469  3003  3067 I LogicalDisplayMapper: Applying layout: [{dispId: 0(OFF), displayGroupName: , addr: {port=131, model=0x40446d5d66246e}, mThermalBrightnessThrottlingMapId: null, mRefreshRateZoneId: null, mLeadDisplayId: -1, mLeadDisplayAddress: null, mThermalRefreshRateThrottlingMapId: null, mPowerThrottlingMapId: null}, {dispId: 1(ON), displayGroupName: , addr: {port=132, model=0x40446d6e9178a2}, mThermalBrightnessThrottlingMapId: null, mRefreshRateZoneId: null, mLeadDisplayId: -1, mLeadDisplayAddress: null, mThermalRefreshRateThrottlingMapId: null, mPowerThrottlingMapId: null}], Previous layout: [{dispId: 0(ON), displayGroupName: , addr: {port=131, model=0x40446d5d66246e}, mThermalBrightnessThrottlingMapId: null, mRefreshRateZoneId: null, mLeadDisplayId: -1, mLeadDisplayAddress: null, mThermalRefreshRateThrottlingMapId: null, mPowerThrottlingMapId: null}, {dispId: 1(OFF), displayGroupName: , addr: {port=132, model=0x40446d6e9178a2}, mThermalBrightnessThrottlingMapId: null, mRefreshRateZoneId: null, mLeadDisplayId: -1, mLeadDisplayAddress: null, mThermalRefreshRateThrottlingMapId: null, mPowerThrottlingMapId: null}]
03-12 21:48:38.469  3003  3067 D LogicalDisplayMapper: applyLayoutLocked[0], oldDisplay=0, newDisplay=0, displayLayout={dispId: 0(OFF), displayGroupName: , addr: {port=131, model=0x40446d5d66246e}, mThermalBrightnessThrottlingMapId: null, mRefreshRateZoneId: null, mLeadDisplayId: -1, mLeadDisplayAddress: null, mThermalRefreshRateThrottlingMapId: null, mPowerThrottlingMapId: null}
03-12 21:48:38.470  3003  3067 I LogicalDisplayMapper: SetEnabled on display 0: false
03-12 21:48:38.470  3003  3067 D LogicalDisplayMapper: applyLayoutLocked[1], oldDisplay=1, newDisplay=1, displayLayout={dispId: 1(ON), displayGroupName: , addr: {port=132, model=0x40446d6e9178a2}, mThermalBrightnessThrottlingMapId: null, mRefreshRateZoneId: null, mLeadDisplayId: -1, mLeadDisplayAddress: null, mThermalRefreshRateThrottlingMapId: null, mPowerThrottlingMapId: null}
03-12 21:48:38.470  3003  3067 I LogicalDisplayMapper: SetEnabled on display 1: true
03-12 21:48:38.470  3003  3130 D DisplayPowerController[1]: onDisplayChanged: mIsEnabled=true mIsInTransition=false mDualScreenPolicy=1 mDisplayDevice=com.android.server.display.LocalDisplayAdapter$LocalDisplayDevice@267658d
03-12 21:48:38.470  3003  3130 D DisplayPowerController[1]: animateScreenStateChange: target=OFF, mIsEnabled=true
03-12 21:48:38.471  3003  3130 D DisplayPowerController[0]: onDisplayChanged: mIsEnabled=false mIsInTransition=false mDualScreenPolicy=1 mDisplayDevice=com.android.server.display.LocalDisplayAdapter$LocalDisplayDevice@a261cbf
03-12 21:48:38.471  3003  3130 D DisplayPowerController[0]: animateScreenStateChange: target=OFF, mIsEnabled=false
03-12 21:48:38.471  3003  3130 D BrightnessThermalClamper: Thermal status observer already started
03-12 21:48:38.471  3003  3130 D BrightnessThermalClamper: Thermal status observer already started
03-12 21:48:38.471  2092  3859 I SSC_DAEMON: light_event_log:196, light_msg(4/15): panel off (idx 0) - 0,-1,-1,0
03-12 21:48:38.474  2053  7445 I QC2Buf  : Reconfig: clearing from 0 bufs. Peak mem=0 MB
03-12 21:48:38.474  2053  7445 I QC2Buf  : Reconfig: clearing from 0 bufs. Peak mem=0 MB
03-12 21:48:38.474  2071  2129 I sysinput:aidl: onReportInformation:93, 1, enabled@1,0:0
03-12 21:48:38.475  3003  3994 D SysinputHAL_AIDL: activate(TSP(1)),1,0 ret=0
03-12 21:48:38.475  2071  2129 I sysinput:Touch1: operator():132, 1,0 OK
03-12 21:48:38.476  3003  3594 D BLASTSyncEngine: SyncGroup 1731: Set ready true, caller=com.android.server.wm.BLASTSyncEngine.setReady:32 com.android.server.wm.Transition.applyReady:54 com.android.server.wm.Transition.setReady:72 com.android.server.wm.TransitionController.setReady:6 com.android.server.wm.DisplayContent.executeAppTransition:4 com.android.server.wm.TaskFragment.resumeTopActivity:550 
03-12 21:48:38.478  3003  3068 I SurfaceComposerClient: apply DisplayState::eLayerStackChanged(index:0) layerStack(-1)
03-12 21:48:38.478  4607 23061 D NxpGenExtn: vendor_nfc_handle_event Enter eventCode:12
03-12 21:48:38.478  4607 23061 D NxpGenExtn: handleVendorNciRspNtf Enter dataLen:5
03-12 21:48:38.478  4607 23061 D NxpPropExtn: phNxpProp_HandleVendorNciRspNtf PropExtensionController Enter dataLen:5
03-12 21:48:38.478  4607 23061 D NxpPropExtn: handleVendorNciRspNtf Enter dataLen:5
03-12 21:48:38.478  4607 23061 D NxpGenExtn: stopWriteRspTimer Enter cmdGid:0, cmdOid:2, rspGid:0, rspOid:2,
03-12 21:48:38.478  4607 23061 D NxpGenExtn: DefaultEventHandler::handleVendorNciRspNtf Enter dataLen:5
03-12 21:48:38.479  4607 23061 D NxpGenExtn: phNxpExtn_HandleVendorNciRspNtf prop status:81
03-12 21:48:38.479  4607 23061 D NxpGenExtn: NfcExtensionController::handleVendorNciRspNtf Enter dataLen:5
03-12 21:48:38.479  4607 23061 D NxpGenExtn: DefaultEventHandler::handleVendorNciRspNtf Enter dataLen:5
03-12 21:48:38.479  4607 23061 D NxpGenExtn: phNxpExtn_HandleVendorNciRspNtf gen status:81
03-12 21:48:38.479  4607  4986 D libnfc_nci: nfaDeviceManagementCallback: enter; event=0x2
03-12 21:48:38.479  4607  4986 D libnfc_nci: nfaDeviceManagementCallback: NFA_DM_SET_CONFIG_EVT
03-12 21:48:38.479  4607  4986 D NxpGenExtn: vendor_nfc_handle_event Enter eventCode:11
03-12 21:48:38.479  4607  4986 D NxpGenExtn: phNxpExtn_HandleVendorNciMsg Not vendor specific command!!
03-12 21:48:38.479  4607  4986 I NxpGenExtn: phNxpExtn_Write NCI datalen:4
03-12 21:48:38.479  4607  4986 I NxpGenExtn: processExtnWrite Enter dataLen:4
03-12 21:48:38.479  4607  4986 I NxpPropExtn: phNxpProp_ProcessExtnWrite PropExtensionController Enter dataLen:4
03-12 21:48:38.479  4607  4986 I NxpPropExtn: processExtnWrite Enter
03-12 21:48:38.479  4607  4986 D NxpPropExtn: NciStateMonitor processExtnWrite Enter
03-12 21:48:38.479  4607  4986 D NxpPropExtn: processExtnWrite Enter current screen state is:1,nciNtf.back():1
03-12 21:48:38.479  4607  4986 D NxpPropExtn: resendRequired, resend required
03-12 21:48:38.479  4607  4986 D NxpGenExtn: write Enter wLength:4
03-12 21:48:38.479  4607  4986 D NxpGenExtn: palenQueueWrite Enter wLength:4
03-12 21:48:38.480  4607  7468 D NxpGenExtn: enQueueWriteInternal Enter wLength:4
03-12 21:48:38.480  4205  4205 I VRI[NavigationBar1]@e5a1f5: setView = com.android.systemui.navigationbar.views.NavigationBarFrame@2c9732c IsHRR=false mFlingFrameRateChange=0 TM=true
03-12 21:48:38.480  2439  2439 I android.hardware.nfc-service.nxp: write
03-12 21:48:38.481  4205  4205 D NavBarStateManager: NavBarStates(1) supportLargeCoverScreenNavBar: true
03-12 21:48:38.481  3003  3068 D BLASTSyncEngine: SyncGroup 1731:  Unfinished container: WindowToken{8004a5b type=2024 android.os.BinderProxy@d7bba75} mSyncState=2
03-12 21:48:38.482 29180 29562 I HBD     : KeyboardSettingsProvider isAliveIme : false 
03-12 21:48:38.482 29180 29562 I HBD     : c HoneyVoice CoverVoiceIconQueryCommand: false ikbonbo: false, invin: true
03-12 21:48:38.482 29180 29562 I HBD     : c CoverVoiceIconQueryCommand: cover_voice_icon = false 
03-12 21:48:38.482  4360  7419 I CCodecBufferChannel: [c2.qti.hevc.decoder#887] updating max output delay 17
03-12 21:48:38.482  4205  4205 D NavBarStateManager: multiModalForLargeCover : false
03-12 21:48:38.482  4205  4205 D NavBarView: disableBack=true (isBackDismissIme=false, handlingGestures=false, disabledFlagBack=true, isBottomGesture=false, isImeRenderingNavButtons=false)
03-12 21:48:38.482  4205  4205 D NavBarStateManager: NavBarStates(1) supportLargeCoverScreenNavBar: true
03-12 21:48:38.482  4205  4205 D Navbar.Store: handleEvent(0) OnUpdateSysUiStateFlag(noArguments=true) [Module] SamsungNavigationBarView
03-12 21:48:38.482  4205  4205 D Navbar.Store: --[Band]GESTURE_PACK_UPDATE_SYSTEMUI_STATE_FLAG
03-12 21:48:38.482  4205  4205 D Navbar.Store: --[Band] (afterAction) GESTURE_PACK_UPDATE_SYSTEMUI_STATE_FLAG
03-12 21:48:38.483  4205  4205 D Navbar.Store: handleEvent(0) OnNavBarUpdateA11YService(clickable=false, longClickable=false) [Module] NavigationBar
03-12 21:48:38.483  4205  4205 D Navbar.Store: --[Band]SETUPWIZARD_PACK_UPDATE_A11Y_SERVICE
03-12 21:48:38.483  4205  4205 D Navbar.Store: handleEvent(0) OnButtonOrderChanged(noArguments=true) [Module] NavigationBar
03-12 21:48:38.483  4205  4205 D Navbar.Store: --[Band]CONFIG_PACK_KEY_ORDER_CHANGED
03-12 21:48:38.483  4205  4205 D Navbar.Store: ----apply(0) NavBarStoreAction$ReinflateNavBar
03-12 21:48:38.483  3003  3067 I InputManager-JNI: Viewport [0] to add: local:4630946564756762243, isActive: false
03-12 21:48:38.483  3003  3067 D InputManager-JNI: Viewport [0] type:1, displayId=0, uniqueId=local:4630946564756762243, orientation=0, logicalFrame=[0, 0][1080, 2640], physicalFrame=[0, 0][1080, 2640], deviceSize=[1080, 2640]
03-12 21:48:38.483  3003  3067 I InputManager-JNI: Viewport [1] to add: local:4630946638498144900, isActive: false
03-12 21:48:38.483  3003  3067 D InputManager-JNI: Viewport [1] type:1, displayId=1, uniqueId=local:4630946638498144900, orientation=0, logicalFrame=[0, 0][748, 720], physicalFrame=[0, 0][748, 720], deviceSize=[748, 720]
03-12 21:48:38.483  4205  4205 D Navbar.Store: ----handleEvent(0) GetInflateLayoutID(vertical=false) [Module] SamsungNavigationBarInflaterView
03-12 21:48:38.483  4205  4205 D Navbar.Store: ------[Band]STABLE_LAYOUT_PACK_GET_INFLATE_LAYOUT_ID
03-12 21:48:38.483  4205  4205 D NavBarStateManager: NavBarStates(0) getLayoutID(vertical: false): 2131559285
03-12 21:48:38.483  4205  4205 D Navbar.Store: ----handleEvent(0) value= 2131559285
03-12 21:48:38.483  4205  4205 D Navbar.Store: ----handleEvent(0) GetInflateLayoutID(vertical=true) [Module] SamsungNavigationBarInflaterView
03-12 21:48:38.483  4205  4205 D Navbar.Store: ------[Band]STABLE_LAYOUT_PACK_GET_INFLATE_LAYOUT_ID
03-12 21:48:38.483  4205  4205 D NavBarStateManager: NavBarStates(0) getLayoutID(vertical: true): 2131559287
03-12 21:48:38.483  4205  4205 D Navbar.Store: ----handleEvent(0) value= 2131559287
03-12 21:48:38.484  4205  4205 D Navbar.Store: ----handleEvent(0) GetDefaultLayout(noArguments=true) [Module] SamsungNavigationBarInflaterView
03-12 21:48:38.484  4205  4205 D Navbar.Store: ------[Band]STABLE_LAYOUT_PACK_GET_DEFAULT_LAYOUT
03-12 21:48:38.484  4205  4205 D NavBarStateManager: NavBarStates(0) getDefaultLayout: left,recent;home;back,right
03-12 21:48:38.484  4205  4205 D Navbar.Store: ----handleEvent(0) value= left,recent;home;back,right
03-12 21:48:38.484  3003  3661 I InputReader: Reconfiguring input devices, changes=DISPLAY_INFO
03-12 21:48:38.484  3003  3661 I InputReader: support feature by TSP : 0x321
03-12 21:48:38.484  3003  3661 I InputReader: support feature by TSP : 0x321
03-12 21:48:38.484  4205  4205 D Navbar.Store: ----handleEvent(0) GetInflateButtonWidth(buttonSpec=left, landscape=false) [Module] SamsungNavigationBarInflaterView
03-12 21:48:38.484  4205  4205 D Navbar.Store: ------[Band]STABLE_LAYOUT_PACK_INFLATE_NAVBAR
03-12 21:48:38.484  4205  4205 D NavBarStateManager: NavBarStates(0) getSpaceWidth(land: false): 118
03-12 21:48:38.484  4205  4205 D Navbar.Store: ----handleEvent(0) value= 118
03-12 21:48:38.484  4205  4205 D Navbar.Store: ----handleEvent(0) GetInflateButtonWidth(buttonSpec=recent, landscape=false) [Module] SamsungNavigationBarInflaterView
03-12 21:48:38.484  4205  4205 D Navbar.Store: ------[Band]STABLE_LAYOUT_PACK_INFLATE_NAVBAR
03-12 21:48:38.484  4205  4205 D NavBarStateManager: NavBarStates(0) getButtonWidth(land: false): 239
03-12 21:48:38.484  4205  4205 D Navbar.Store: ----handleEvent(0) value= 239
03-12 21:48:38.484  3003  3067 D PointerChoreographer: setDefaultMouseDisplayId: 0 -> 1
03-12 21:48:38.484  4832 16673 I HoneySpace.SystemUiRepository: systemUiFlags: overview_disabled|home_disabled|allow_gesture|awake
03-12 21:48:38.484  4832 16673 I HoneySpace.SystemUiRepository: systemUiFlags: overview_disabled|home_disabled|allow_gesture|back_disabled|awake
03-12 21:48:38.484  4205  4205 D Navbar.Store: ----handleEvent(0) GetInflateButtonWidth(buttonSpec=left, landscape=true) [Module] SamsungNavigationBarInflaterView
03-12 21:48:38.484  4205  4205 D Navbar.Store: ------[Band]STABLE_LAYOUT_PACK_INFLATE_NAVBAR
03-12 21:48:38.484  4205  4205 D NavBarStateManager: NavBarStates(0) getSpaceWidth(land: true): 118
03-12 21:48:38.484  4205  4205 D Navbar.Store: ----handleEvent(0) value= 118
03-12 21:48:38.484  4205  4205 D Navbar.Store: ----handleEvent(0) GetInflateButtonWidth(buttonSpec=recent, landscape=true) [Module] SamsungNavigationBarInflaterView
03-12 21:48:38.484  4205  4205 D Navbar.Store: ------[Band]STABLE_LAYOUT_PACK_INFLATE_NAVBAR
03-12 21:48:38.484  4205  4205 D NavBarStateManager: NavBarStates(0) getButtonWidth(land: true): 239
03-12 21:48:38.484  4205  4205 D Navbar.Store: ----handleEvent(0) value= 239
03-12 21:48:38.485  4205  4205 D Navbar.Store: ----handleEvent(0) GetInflateButtonWidth(buttonSpec=home, landscape=false) [Module] SamsungNavigationBarInflaterView
03-12 21:48:38.485  4205  4205 D Navbar.Store: ------[Band]STABLE_LAYOUT_PACK_INFLATE_NAVBAR
03-12 21:48:38.485  4205  4205 D NavBarStateManager: NavBarStates(0) getButtonWidth(land: false): 239
03-12 21:48:38.485  4205  4205 D Navbar.Store: ----handleEvent(0) value= 239
03-12 21:48:38.485  4205  4205 D Navbar.Store: ----handleEvent(0) GetInflateButtonWidth(buttonSpec=home, landscape=true) [Module] SamsungNavigationBarInflaterView
03-12 21:48:38.485  4205  4205 D Navbar.Store: ------[Band]STABLE_LAYOUT_PACK_INFLATE_NAVBAR
03-12 21:48:38.485  4205  4205 D NavBarStateManager: NavBarStates(0) getButtonWidth(land: true): 239
03-12 21:48:38.485  4205  4205 D Navbar.Store: ----handleEvent(0) value= 239
03-12 21:48:38.485  4205  4205 D Navbar.Store: ----handleEvent(0) GetInflateButtonWidth(buttonSpec=back, landscape=false) [Module] SamsungNavigationBarInflaterView
03-12 21:48:38.485  4205  4205 D Navbar.Store: ------[Band]STABLE_LAYOUT_PACK_INFLATE_NAVBAR
03-12 21:48:38.485  4205  4205 D NavBarStateManager: NavBarStates(0) getButtonWidth(land: false): 239
03-12 21:48:38.485  4205  4205 D Navbar.Store: ----handleEvent(0) value= 239
03-12 21:48:38.485  3003  3067 D MouseCursorController: loadResourcesLocked for display 1
03-12 21:48:38.485  4205  4205 D Navbar.Store: ----handleEvent(0) GetInflateButtonWidth(buttonSpec=right, landscape=false) [Module] SamsungNavigationBarInflaterView
03-12 21:48:38.485  4205  4205 D Navbar.Store: ------[Band]STABLE_LAYOUT_PACK_INFLATE_NAVBAR
03-12 21:48:38.485  4205  4205 D NavBarStateManager: NavBarStates(0) getSpaceWidth(land: false): 118
03-12 21:48:38.485  4205  4205 D Navbar.Store: ----handleEvent(0) value= 118
03-12 21:48:38.485  4205  4205 D Navbar.Store: ----handleEvent(0) GetInflateButtonWidth(buttonSpec=back, landscape=true) [Module] SamsungNavigationBarInflaterView
03-12 21:48:38.485  4205  4205 D Navbar.Store: ------[Band]STABLE_LAYOUT_PACK_INFLATE_NAVBAR
03-12 21:48:38.485  4205  4205 D NavBarStateManager: NavBarStates(0) getButtonWidth(land: true): 239
03-12 21:48:38.485  4205  4205 D Navbar.Store: ----handleEvent(0) value= 239
03-12 21:48:38.485  4205  4205 D Navbar.Store: ----handleEvent(0) GetInflateButtonWidth(buttonSpec=right, landscape=true) [Module] SamsungNavigationBarInflaterView
03-12 21:48:38.485  2022  2124 I HYPER-HAL: [RequestManager.cpp]acquire(): Acquired ID : 2112570  [2025 / 30]    HINT :      list : [UCLAMP_MIN_BOOST / 50] [TID / 4392] [TID / 4393] [TID / 4205] [TID / 4394] 
03-12 21:48:38.485  4205  4205 D Navbar.Store: ------[Band]STABLE_LAYOUT_PACK_INFLATE_NAVBAR
03-12 21:48:38.485  4205  4205 D NavBarStateManager: NavBarStates(0) getSpaceWidth(land: true): 118
03-12 21:48:38.485  4205  4205 D Navbar.Store: ----handleEvent(0) value= 118
03-12 21:48:38.486  4205  4205 D Navbar.Store: ----handleEvent(0) GetInflateButtonWidth(buttonSpec=left_remote_view, landscape=false) [Module] SamsungNavigationBarInflaterView
03-12 21:48:38.486  4205  4205 D Navbar.Store: ------[Band]STABLE_LAYOUT_PACK_INFLATE_NAVBAR
03-12 21:48:38.486  4205  4205 D NavBarStateManager: NavBarStates(0) getSpaceWidth(land: false): 118
03-12 21:48:38.486  2022  2124 I HYPER-HAL: [RequestManager.cpp]acquire(): Acquired ID : 2112570  [2025 / 30]    HINT :      list : [UCLAMP_MIN_BOOST / 100] [TID / 4392] [TID / 4393] [TID / 4205] [TID / 4394] 
03-12 21:48:38.486  4205  4205 D Navbar.Store: ----handleEvent(0) value= 118
03-12 21:48:38.486  4832  4895 I HoneySpace.TaskbarEventTracker: invokeEvent() called with: event = SystemUiStateChanged(stateFlags=268566912)
03-12 21:48:38.486  2022  2124 I HYPER-HAL: [RequestManager.cpp]acquire(): Acquired ID : 2112570  [2025 / 30]    HINT :      list : [UCLAMP_MIN_BOOST / 150] [TID / 4392] [TID / 4393] [TID / 4205] [TID / 4394] 
03-12 21:48:38.486  2022  2124 I HYPER-HAL: [RequestManager.cpp]acquire(): Acquired ID : 2112570  [2025 / 30]    HINT :      list : [UCLAMP_MIN_BOOST / 200] [TID / 4392] [TID / 4393] [TID / 4205] [TID / 4394] 
03-12 21:48:38.486  2022  2124 I HYPER-HAL: [RequestManager.cpp]acquire(): Acquired ID : 2112570  [2025 / 30]    HINT :      list : [UCLAMP_MIN_BOOST / 250] [TID / 4392] [TID / 4393] [TID / 4205] [TID / 4394] 
03-12 21:48:38.486  4205  4205 D Navbar.Store: ----handleEvent(0) GetInflateButtonWidth(buttonSpec=right_remote_view, landscape=false) [Module] SamsungNavigationBarInflaterView
03-12 21:48:38.486  4205  4205 D Navbar.Store: ------[Band]STABLE_LAYOUT_PACK_INFLATE_NAVBAR
03-12 21:48:38.486  4205  4205 D NavBarStateManager: NavBarStates(0) getSpaceWidth(land: false): 118
03-12 21:48:38.486  4205  4205 D Navbar.Store: ----handleEvent(0) value= 118
03-12 21:48:38.486  2022  2124 I HYPER-HAL: [RequestManager.cpp]acquire(): Acquired ID : 2112570  [2025 / 30]    HINT :      list : [UCLAMP_MIN_BOOST / 300] [TID / 4392] [TID / 4393] [TID / 4205] [TID / 4394] 
03-12 21:48:38.486  4832  4895 I HoneySpace.TaskbarEventTracker: invokeEvent() called with: event = SystemUiStateChanged(stateFlags=272761216)
03-12 21:48:38.486  2022  2124 I HYPER-HAL: [RequestManager.cpp]acquire(): Acquired ID : 2112570  [2025 / 30]    HINT :      list : [UCLAMP_MIN_BOOST / 350] [TID / 4392] [TID / 4393] [TID / 4205] [TID / 4394] 
03-12 21:48:38.486  2022  2124 I HYPER-HAL: [RequestManager.cpp]acquire(): Acquired ID : 2112570  [2025 / 30]    HINT :      list : [UCLAMP_MIN_BOOST / 400] [TID / 4392] [TID / 4393] [TID / 4205] [TID / 4394] 
03-12 21:48:38.486  4205  4205 D Navbar.Store: ----handleEvent(0) GetInflateButtonWidth(buttonSpec=left_remote_view, landscape=true) [Module] SamsungNavigationBarInflaterView
03-12 21:48:38.486  4205  4205 D Navbar.Store: ------[Band]STABLE_LAYOUT_PACK_INFLATE_NAVBAR
03-12 21:48:38.486  4205  4205 D NavBarStateManager: NavBarStates(0) getSpaceWidth(land: true): 118
03-12 21:48:38.486  4205  4205 D Navbar.Store: ----handleEvent(0) value= 118
03-12 21:48:38.486  4832 16672 I HoneySpace.SystemUiRepository: systemUiFlags: overview_disabled|home_disabled|navbar_hidden|allow_gesture|back_disabled|awake
03-12 21:48:38.486  4205  4205 D Navbar.Store: ----handleEvent(0) GetInflateButtonWidth(buttonSpec=right_remote_view, landscape=true) [Module] SamsungNavigationBarInflaterView
03-12 21:48:38.486  4205  4205 D Navbar.Store: ------[Band]STABLE_LAYOUT_PACK_INFLATE_NAVBAR
03-12 21:48:38.486  4205  4205 D NavBarStateManager: NavBarStates(0) getSpaceWidth(land: true): 118
03-12 21:48:38.486  4205  4205 D Navbar.Store: ----handleEvent(0) value= 118
03-12 21:48:38.486  4205  4205 D Navbar.Store: ----handleEvent(0) GetNavBarSidePadding(landscape=false) [Module] SamsungNavigationBarInflaterView
03-12 21:48:38.486  4205  4205 D Navbar.Store: ------[Band]STABLE_LAYOUT_PACK_INFLATE_NAVBAR_SIDE_PADDING
03-12 21:48:38.486  4205  4205 D NavBarStateManager: NavBarStates(0) getNavBarSidePadding: 0
03-12 21:48:38.486  4205  4205 D Navbar.Store: ----handleEvent(0) value= 0
03-12 21:48:38.486  4205  4205 D Navbar.Store: ----handleEvent(0) GetNavBarSidePadding(landscape=true) [Module] SamsungNavigationBarInflaterView
03-12 21:48:38.486  4205  4205 D Navbar.Store: ------[Band]STABLE_LAYOUT_PACK_INFLATE_NAVBAR_SIDE_PADDING
03-12 21:48:38.486  4205  4205 D NavBarStateManager: NavBarStates(0) getNavBarSidePadding: 0
03-12 21:48:38.486  4205  4205 D Navbar.Store: ----handleEvent(0) value= 0
03-12 21:48:38.486  4832  4895 I HoneySpace.TaskbarEventTracker: invokeEvent() called with: event = SystemUiStateChanged(stateFlags=272761218)
03-12 21:48:38.486  4205  4205 D Navbar.Store: ----handleEvent(0) GetNavBarSidePadding(landscape=false) [Module] SamsungNavigationBarInflaterView
03-12 21:48:38.486  4205  4205 D Navbar.Store: ------[Band]STABLE_LAYOUT_PACK_INFLATE_NAVBAR_SIDE_PADDING
03-12 21:48:38.486  4205  4205 D NavBarStateManager: NavBarStates(0) getNavBarSidePadding: 0
03-12 21:48:38.486  4205  4205 D Navbar.Store: ----handleEvent(0) value= 0
03-12 21:48:38.486  4205  4205 D Navbar.Store: ----handleEvent(0) GetNavBarSidePadding(landscape=true) [Module] SamsungNavigationBarInflaterView
03-12 21:48:38.486  4205  4205 D Navbar.Store: ------[Band]STABLE_LAYOUT_PACK_INFLATE_NAVBAR_SIDE_PADDING
03-12 21:48:38.486  4205  4205 D NavBarStateManager: NavBarStates(0) getNavBarSidePadding: 0
03-12 21:48:38.486  4205  4205 D Navbar.Store: ----handleEvent(0) value= 0
03-12 21:48:38.486  2007  3645 I sensors-hal: qsh_conn_event_cb:890, event[0] sensor:Light seamless  Wakeup, msg_id=1025, ts=3719506414193
03-12 21:48:38.486  2007  3645 I sensors-hal: handle_sns_client_event:46, light_seamless ts=193719052056717 ns, 7,0,2147483647, M:0,0, S:0,0
03-12 21:48:38.487  3003  3067 I InputManager-JNI: notifyPointerDisplayIdChanged: pointer displayId set to: 1
03-12 21:48:38.489  3003  3067 D InputManager: notifyDisplayIdChangedByUser: 1
03-12 21:48:38.489  2053  7451 I QC2V4L2PollThread: [v4lhvcD_10] KPI_L1: Reconfig: ms=15
03-12 21:48:38.490  3003  3661 I InputReader: Reconfiguring input devices, changes=DISPLAY_INFO
03-12 21:48:38.490  3003  3661 I InputReader: support feature by TSP : 0x321
03-12 21:48:38.490  3003  3661 I InputReader: support feature by TSP : 0x321
03-12 21:48:38.490  3003  3661 W InputReader: Rotary Encoder device configuration file didn't specify resolution!
03-12 21:48:38.490  3003  3661 W InputReader: Rotary Encoder device configuration file didn't specify scaling factor,default to 1.000000!
03-12 21:48:38.490  3003  3661 I InputReader: Rotary Encoder device configuration file didn't specify min log rotation.
03-12 21:48:38.492  3003  3067 D SGM:FgCheckThread: notePauseComponent(), received pkgName: com.lemon.lvoverseas, userId: 0
03-12 21:48:38.493  3003  3068 D BLASTSyncEngine: SyncGroup 1731:  Unfinished container: WindowToken{8004a5b type=2024 android.os.BinderProxy@d7bba75} mSyncState=2
03-12 21:48:38.494  4607 23061 D NxpGenExtn: vendor_nfc_handle_event Enter eventCode:12
03-12 21:48:38.494  4607 23061 D NxpGenExtn: handleVendorNciRspNtf Enter dataLen:4
03-12 21:48:38.494  4607 23061 D NxpPropExtn: phNxpProp_HandleVendorNciRspNtf PropExtensionController Enter dataLen:4
03-12 21:48:38.494  4607 23061 D NxpPropExtn: handleVendorNciRspNtf Enter dataLen:4
03-12 21:48:38.494  4607 23061 D NxpGenExtn: stopWriteRspTimer Enter cmdGid:0, cmdOid:9, rspGid:0, rspOid:9,
03-12 21:48:38.494  4607 23061 D NxpPropExtn: NciStateMonitor handleVendorNciRspNtf Enter chiptype:14,mScreenState:1,nfcRfState:1
