03-12 21:45:01.674  2092  2092 E factory.ssc: vendor/qcom/proprietary/adsprpc/src/dspsignal.c:126: Error 0xd: dspsignal_domain_deinit failed (domain 0)
03-12 21:45:01.676  2007  2007 I sensors-hal: activate:300, com.samsung.sensor.pocket_mode/1692 en=1
03-12 21:45:01.676  2007  2007 I sensors-hal: acquire_qsh_interface:139, acquire_qsh_interface with sensor_id 4 , conn_type 1 
03-12 21:45:01.676  2007  2007 I sensors-hal: acquire_qsh_interface:142, returning _shared_instance[SHARED_ON_CHANGE_WAKEUP].conn - wakeup 
03-12 21:45:01.676  2007  2007 I sensors-hal: acquire_shared_instance:173, re-use existing connection for type 1 
03-12 21:45:01.676  2007  2007 I sensors-hal: register_cb:304, suid(low=11039279336981156932,high=1340270623893619472) is new. register callbacks
03-12 21:45:01.676  2007  2007 I sensors-hal: send_sensor_config_request:645, dt=pocket_mode: convert sample_period=200000000 to batch_period=200000
03-12 21:45:01.676  2007  2007 I sensors-hal: send_sync_sensor_request:508, send sync request
03-12 21:45:01.676  2007  2007 I sensors-hal: send_sync_sensor_request:518, send_sync_sensor_request before send_request for pocket_mode with SUID low=11039279336981156932 high=1340270623893619472
03-12 21:45:01.676  2007  2007 I sensors-hal: send_sync_sensor_request:537, wait for notification of response
03-12 21:45:01.677  2007  3645 I sensors-hal: qsh_conn_resp_cb:930, resp_value = 0 for pocket_mode 
03-12 21:45:01.677  2007  2007 I sensors-hal: send_sync_sensor_request:543, takes 0 ms to receive the response with 0
03-12 21:45:01.677  2007  2007 I sensors-hal: activate:330, com.samsung.sensor.pocket_mode/1692 en=1 completed
03-12 21:45:01.677  3003  3915 D SensorManager: registerListener :: 1692, Pocket mode  Wakeup, 200000, 0, com.samsung.android.gesture.PocketProximityManager$2@728726e
03-12 21:45:01.677  3003  3915 E PocketProximityManager: register pocket sensor
03-12 21:45:01.677  3003  3915 D PocketModeEvent: MSG_TYPE_REGISTER_POCKET_POSITION_SENSOR
03-12 21:45:01.678  2007  3645 I sensors-hal: qsh_conn_event_cb:890, event[0] sensor:Light seamless  Wakeup, msg_id=1025, ts=3715343688761
03-12 21:45:01.678  2007  3645 I sensors-hal: handle_sns_client_event:46, light_seamless ts=193502243440899 ns, 10,0,2147483647, M:0,0, S:0,0
03-12 21:45:01.678  2007  3645 I sensors-hal: qsh_conn_event_cb:890, event[0] sensor:Device Common Info  Wakeup, msg_id=1025, ts=3715343684746
03-12 21:45:01.678  2007  3645 I sensors-hal: handle_sns_client_event:65, device_common_info_event: t:3, f:0, s:1, h:1
03-12 21:45:01.678  2007  2007 I sensors-hal: set_config:64, no need to adjust sample_period_ns due to reporting_mode = 2
03-12 21:45:01.678  2007  2007 I sensors-hal: batch:363, com.samsung.sensor.pocket_pos_mode/2622, period=200000000, max_latency=0 request completed
03-12 21:45:01.678  2007  2007 I sensors-hal: activate:300, com.samsung.sensor.pocket_pos_mode/2622 en=1
03-12 21:45:01.678  2007  2007 I sensors-hal: acquire_qsh_interface:139, acquire_qsh_interface with sensor_id 3 , conn_type 1 
03-12 21:45:01.678  2007  2007 I sensors-hal: acquire_qsh_interface:142, returning _shared_instance[SHARED_ON_CHANGE_WAKEUP].conn - wakeup 
03-12 21:45:01.678  2007  2007 I sensors-hal: acquire_shared_instance:173, re-use existing connection for type 1 
03-12 21:45:01.678  2007  2007 I sensors-hal: register_cb:304, suid(low=4779840344920564001,high=1320970896291267344) is new. register callbacks
03-12 21:45:01.678  2007  2007 I sensors-hal: send_sensor_config_request:645, dt=pocket_pos_mode: convert sample_period=200000000 to batch_period=200000
03-12 21:45:01.678  2007  2007 I sensors-hal: send_sync_sensor_request:508, send sync request
03-12 21:45:01.678  2007  2007 I sensors-hal: send_sync_sensor_request:518, send_sync_sensor_request before send_request for pocket_pos_mode with SUID low=4779840344920564001 high=1320970896291267344
03-12 21:45:01.678  2007  2007 I sensors-hal: send_sync_sensor_request:537, wait for notification of response
03-12 21:45:01.679  2007  3645 I sensors-hal: qsh_conn_resp_cb:930, resp_value = 0 for pocket_pos_mode 
03-12 21:45:01.680  2053  2420 W QC2Interface: [hvcD_980] Failed to query parameters
03-12 21:45:01.680  2053  2420 I vendor.qti.media.c2@1.0-service: StrictValueWithNoDeps is called old.v.value is 2141391876 me.v.value is 0
03-12 21:45:01.680  2053  2420 I vendor.qti.media.c2@1.0-service: [FRC-IsFilteringEnabled] entry
03-12 21:45:01.680  2053  2420 I vendor.qti.media.c2@1.0-service: [FRC-IsFilteringEnabled] frcReqInfo.value is 0
03-12 21:45:01.680  2007  2007 I sensors-hal: send_sync_sensor_request:543, takes 1 ms to receive the response with 0
03-12 21:45:01.680  2007  2007 I sensors-hal: activate:330, com.samsung.sensor.pocket_pos_mode/2622 en=1 completed
03-12 21:45:01.680  4360 26468 I CCodec  : [c2.qti.hevc.decoder] config->initialize() : 0
03-12 21:45:01.680  3003  3130 D DisplayPowerController[0]: mWindowManagerPolicy.screenTurnedOff()
03-12 21:45:01.680  2092 26472 D factory.ssc: vendor/qcom/proprietary/adsprpc/src/fastrpc_apps_user.c:4332: exit_thread: nErr:0x8000040d, dom:0, h:0xb400006d90c31bd0
03-12 21:45:01.680  3003  3130 I PhoneWindowManager: Display0 turned off...
03-12 21:45:01.680  2053  2950 W QC2Interface: [hvcD_980] Failed to query parameters
03-12 21:45:01.680  4360 26468 I CCodecConfig: query failed after returning 18 values (BAD_INDEX)
03-12 21:45:01.680  3003  3130 D WindowManager: Create SleepToken: tag=Display-off, displayId=0
03-12 21:45:01.680  3003  3130 D ActivityTaskManager: Top Process State changed to PROCESS_STATE_TOP_SLEEPING
03-12 21:45:01.680  4360 26468 W ColorUtils: expected specified color aspects (0:0:0:0)
03-12 21:45:01.680  4360 26468 I CCodec  : [c2.qti.hevc.decoder] config->queryConfiguration()
03-12 21:45:01.680  4360 26468 I CCodec  : [c2.qti.hevc.decoder] mCallback->onComponentAllocated() IN
03-12 21:45:01.680  4360 26468 I CCodec  : [c2.qti.hevc.decoder] mCallback->onComponentAllocated() OUT
03-12 21:45:01.681  3003  3915 D SensorManager: registerListener :: 2622, Pocket Position Mode  Wakeup, 200000, 0, com.samsung.android.gesture.PocketSensitivityManager$1@a3d091f
03-12 21:45:01.681  3003  3915 E PocketSensitivityManager: register pocket position sensor
03-12 21:45:01.682  4205  4240 I KeyguardService: onScreenTurnedOff
03-12 21:45:01.682  3003  4027 I SemWifiServiceDetector: NSD results: [0, 1, 2, 0, 0, 1, 2, 0, 1] Traff. type 1 Thr 17860
03-12 21:45:01.683  3003  3003 I ActivityManager: Changes in 10139 5 to 6, 255 to 239
03-12 21:45:01.683  2105  2105 I SurfaceFlinger: RequestedLayer [ColorFade_d0#13765] hidden!! flag  from(1) --> to(0)
03-12 21:45:01.684  4360  4360 I SprWallpaper|VideoPlayer: configure
03-12 21:45:01.684  4360 26467 I MediaCodec: MediaCodec will operate in async mode
03-12 21:45:01.684  4360  4360 E MediaCodec: Media Quality Service not found.
03-12 21:45:01.684  3003  3740 W qdgralloc: getInterlacedFlag: getMetaData returned 3, defaulting to interlaced_flag = 0
03-12 21:45:01.685  4360 26467 I MediaCodec: [c2.qti.hevc.decoder] setting surface generation to 4465051
03-12 21:45:01.685  3003  3130 D AutomaticBrightnessController: sendAmbientLux(-1.0)
03-12 21:45:01.685  3003  3130 D MdnieScenarioControlService: getVisionBoosterIndex() mAutoBrightnessMode : true , mReduceBrightColorsActivatedEnabled : false , lux : -1
03-12 21:45:01.685  3003  3130 D MdnieScenarioControlService: Vision Booster Index : 0
03-12 21:45:01.687  4205  4205 E EdgeBackGestureHandler: No resource found for gesture-blocking activities
03-12 21:45:01.687  2007  2007 I sensors-hal: set_config:64, no need to adjust sample_period_ns due to reporting_mode = 2
03-12 21:45:01.687  2007  2007 I sensors-hal: create_sensor_config_request:85, auto_rotation: type 2
03-12 21:45:01.687  2007  2007 I sensors-hal: send_sensor_config_request:645, dt=auto_rotation: convert sample_period=200000000 to batch_period=200000
03-12 21:45:01.687  2007  2007 I sensors-hal: send_sync_sensor_request:508, send sync request
03-12 21:45:01.687  2007  2007 I sensors-hal: send_sync_sensor_request:518, send_sync_sensor_request before send_request for auto_rotation with SUID low=8603657889541918976 high=1320970896291267344
03-12 21:45:01.688  2092 26473 W factory.ssc: vendor/qcom/proprietary/adsprpc/src/log_config.c:396:Warning: file_watcher_thread received exit for domain 0, file factory.ssc.farf
03-12 21:45:01.688  2007  2007 I sensors-hal: send_sync_sensor_request:537, wait for notification of response
03-12 21:45:01.688  2007 12669 I sensors-hal: qsh_conn_resp_cb:930, resp_value = 0 for auto_rotation 
03-12 21:45:01.688  2007  2007 I sensors-hal: send_sync_sensor_request:543, takes 0 ms to receive the response with 0
03-12 21:45:01.688  2007  2007 I sensors-hal: batch:363, android.sensor.device_orientation/271, period=200000000, max_latency=0 request completed
03-12 21:45:01.688  2105  2105 D SurfaceFlinger: Display 4630946564756762243 HWC layers:
03-12 21:45:01.688  2105  2105 D SurfaceFlinger:   SOLID_COLOR |                        0 | 00000000 | N/A          |    0.0    0.0    0.0    0.0 |    0    0 1080 2640 | ColorFade_d0#13765 (0)
03-12 21:45:01.688  2105  2105 D SurfaceFlinger: 
03-12 21:45:01.689  2105  2858 D SurfaceFlinger: [input] setFocusedWindow: <null>
03-12 21:45:01.689  4205  4205 D NavigationModeController: getCurrentInteractionMode: mode=0 contextUser=0
03-12 21:45:01.689  3003  4931 D InputDispatcher: Focus left window (0): 6e5ae00 com.lemon.lvoverseas/com.vega.web.WebActivity
03-12 21:45:01.689  2007  2007 I sensors-hal: activate:300, com.samsung.sensor.device_common_info/2132 en=0
03-12 21:45:01.689  2007  2007 I sensors-hal: send_sync_sensor_request:508, send sync request
03-12 21:45:01.689  2007  2007 I sensors-hal: send_sync_sensor_request:518, send_sync_sensor_request before send_request for device_common_info with SUID low=3766530206566995508 high=1320970896291267344
03-12 21:45:01.689  2007  2007 I sensors-hal: send_sync_sensor_request:537, wait for notification of response
03-12 21:45:01.689  2007  3645 I sensors-hal: qsh_conn_resp_cb:930, resp_value = 0 for device_common_info 
03-12 21:45:01.690  3003  3064 W PermissionService: getPermissionFlags: Unknown user -1
03-12 21:45:01.690  3003  3064 W PermissionService: getPermissionFlags: Unknown user -1
03-12 21:45:01.690  2007  2007 I sensors-hal: send_sync_sensor_request:543, takes 0 ms to receive the response with 0
03-12 21:45:01.690  2007  2007 I sensors-hal: activate:330, com.samsung.sensor.device_common_info/2132 en=0 completed
03-12 21:45:01.690  2092 26473 I factory.ssc: vendor/qcom/proprietary/adsprpc/src/log_config.c:448: file_watcher_thread exiting for domain 0
03-12 21:45:01.691  3003  3064 D UsbDeviceManager: notifyAsUser: id=0 title=USB for charging phone
03-12 21:45:01.691  3003  4405 D InputDispatcher: Once focus requested (0): <null>
03-12 21:45:01.691  4360 26468 I CCodec  : appPid(4360) width(1080) height(2640)
03-12 21:45:01.691  2007  2007 I sensors-hal: set_config:60, sample_period_ns is adjusted to 20000000 based on min/max delay_ns
03-12 21:45:01.691  2007  2007 I sensors-hal: batch:363, android.sensor.accelerometer/11, period=20000000, max_latency=0 request completed
03-12 21:45:01.691 25003 25003 D SensorManager: unregisterListener
03-12 21:45:01.691  3003  3065 D SensorManager: unregisterListener :: com.android.server.wm.WindowOrientationListener$OrientationSensorJudge@783320e
03-12 21:45:01.694  3003  3130 I SemMdnieManagerService: DDI setHighBrightnessMode id(0) lux : -1, index : 0
03-12 21:45:01.694  3003  3130 D AutomaticBrightnessController: setLightSensorEnabled: false
03-12 21:45:01.695  2007  2007 I sensors-hal: activate:300, com.samsung.sensor.auto_brightness/1651 en=0
03-12 21:45:01.695  4205  4205 I NoBackGesture: Config changed: newConfig={1.0 ?mcc0mnc [en_US] ldltr sw307dp w352dp h308dp 340dpi smll hdr widecg land night -touch -keyb/v/h -nav/h winConfig={ mBounds=Rect(0, 0 - 748, 720) mAppBounds=Rect(0, 0 - 748, 654) mMaxBounds=Rect(0, 0 - 748, 720) mDisplayRotation=ROTATION_0 mWindowingMode=fullscreen mActivityType=undefined mAlwaysOnTop=undefined mRotation=ROTATION_0 mStageConfig=undefined mPopOver=undefined mOverlappingWithCutout=false mFlexPanelMode=off} s.3531 fontWeightAdjustment=0 ff=0 bf=-1 bts=0 cst=1.0 nightDim=0 themeSeq=0} lastReportedConfig={1.0 ?mcc0mnc [en_US] ldltr sw307dp w352dp h308dp 340dpi smll hdr widecg land night -touch -keyb/v/h -nav/h winConfig={ mBounds=Rect(0, 0 - 748, 720) mAppBounds=Rect(0, 0 - 748, 654) mMaxBounds=Rect(0, 0 - 748, 720) mDisplayRotation=ROTATION_0 mWindowingMode=fullscreen mActivityType=undefined mAlwaysOnTop=undefined mRotation=ROTATION_0 mStageConfig=undefined mPopOver=undefined mOverlappingWithCutout=false mFlexPanelMode=off} s.3531 fontWeightAdjustment=0 ff=0 bf=-1 bts=0 cst=1.0 nightDim=0 themeSeq=0}
03-12 21:45:01.695  2007  2007 I sensors-hal: enable_flicker_als:213, [SSC_LIGHT] flicker_als disable
03-12 21:45:01.695  4205  4205 D Navbar.Store: handleEvent(1) OnNavBarCreated(keyguardStateController=com.android.systemui.statusbar.policy.KeyguardStateControllerImpl@c596bb7, navigationBar=com.android.systemui.navigationbar.views.NavigationBar@6294876) [Module] NavigationBar
03-12 21:45:01.695  4205  4205 D OneHandOpGestureHandler: setDisablePolicy() old=0, new=0
03-12 21:45:01.695  4205  4205 D NavBarStateManager: NavBarStates(1) isLargeCoverScreenSyncEnabled: false
03-12 21:45:01.695  4205  4205 D Navbar.NavigationBar: onInit() Cover navbar hidden: sync option is off
03-12 21:45:01.695  4205  4205 D NavBarStateManager: NavBarStates(1) isNavBarHiddenByKnox: false
03-12 21:45:01.696  2007  2007 I sensors-hal: send_sync_sensor_request:508, send sync request
03-12 21:45:01.696  2007  2007 I sensors-hal: send_sync_sensor_request:518, send_sync_sensor_request before send_request for auto_brightness with SUID low=2816411781185423377 high=5518030540294228002
03-12 21:45:01.696  2007  2007 I sensors-hal: send_sync_sensor_request:537, wait for notification of response
03-12 21:45:01.696  4205  4205 D NavBarStateManager: NavBarStates(0) canShowKeyboardButtonForRotation(0): true
03-12 21:45:01.696  3003  3067 I ActivityManager: Changes in 99120 3 to 12, 184 to 128
03-12 21:45:01.697  3003  3067 I ActivityManager: Changes in 10405 2 to 12, 255 to 128
03-12 21:45:01.697  5915  5959 V OsAgent : broadcastSystemEvent - 7
03-12 21:45:01.697  2007 23940 I sensors-hal: qsh_conn_resp_cb:930, resp_value = 0 for auto_brightness 
03-12 21:45:01.697  3003  3067 I ActivityManager: Changes in 10291 3 to 12, 184 to 128
03-12 21:45:01.697  3003  3067 I ActivityManager: Changes in 10114 3 to 12, 184 to 128
03-12 21:45:01.697  3003  3067 W ProcessStats: Tracking association SourceState{2f727ce com.samsung.android.carkey/10114 Top #223653} whose proc state 1 is better than process ProcessState{3699a58 com.skms.android.agent:remote/1000 pkg=com.skms.android.agent} proc state 2 (0 skipped)
03-12 21:45:01.697  3003  3067 D SGM:FgCheckThread: notePauseComponent(), received pkgName: com.lemon.lvoverseas, userId: 0
03-12 21:45:01.698  2452  2452 I CameraService: onUidStateChanged: uid=10405, procState is changed. (2 -> 12)
03-12 21:45:01.698  3003  4405 V WindowManager: Setting visibility of Window{6e5ae00 u0 com.lemon.lvoverseas/com.vega.web.WebActivity}: false, caller=com.android.server.wm.WindowContainer.sendAppVisibilityToClients:19 com.android.server.wm.WindowToken.setClientVisible:48 com.android.server.wm.ActivityRecord.commitVisibility:186 com.android.server.wm.ActivityRecord.setVisibility:623 com.android.server.wm.ActivityRecord.makeInvisible:32 
03-12 21:45:01.698  2452  2452 I CameraService: onUidStateChanged: uid=10053, procState is changed. (0 -> 1)
03-12 21:45:01.698  2007  2007 I sensors-hal: send_sync_sensor_request:543, takes 2 ms to receive the response with 0
03-12 21:45:01.698  4205  4205 D NavBarStateManager: NavBarStates(1) supportLargeCoverScreenNavBar: true
03-12 21:45:01.699  4205  4205 D NavBarStateManager: NavBarStates(0) canShowKeyboardButtonForRotation(0): true
03-12 21:45:01.699  2007  2007 I sensors-hal: ~worker:65, worker(0xb400007a0f4d9370) send sig to tid= 23938
03-12 21:45:01.702  4205  4205 D NavBarStateManager: NavBarStates(1) supportLargeCoverScreenNavBar: true
03-12 21:45:01.702  1985  2158 I minksocket: MinkIPC MESSAGE: ( 1985:2158 ) MinkIPC_QRTR_Service:351 minkipc = 0xb400006d4d3f6550 sock = 13, client with node 1 port 67f2 went down
03-12 21:45:01.702  1985  2180 I minksocket: MinkIPC MESSAGE: ( 1985:2180 ) MinkIPC_QRTR_Service:351 minkipc = 0xb400006d4d3f7730 sock = 33, client with node 1 port 67f2 went down
03-12 21:45:01.702  4205  4205 D NavBarStateManager: NavBarStates(0) canShowKeyboardButtonForRotation(1): true
03-12 21:45:01.702 25003 25082 W System.err: java.lang.IllegalArgumentException: cdnHostSuffix is not init !!!
03-12 21:45:01.702 25003 25082 W System.err: 	at com.bytedance.ttnet.AppConsts.getCdnHostSuffix(Unknown Source:196629)
03-12 21:45:01.702 25003 25082 W System.err: 	at com.bytedance.ttnet.config.AppConfig.cdnShouldSampling(Unknown Source:17039391)
03-12 21:45:01.702 25003 25082 W System.err: 	at com.lm.components.network.download.DownloadClient.a(Unknown Source:50790561)
03-12 21:45:01.702 25003 25082 W System.err: 	at com.lm.components.network.NetworkManager.b(Unknown Source:33751062)
03-12 21:45:01.702 25003 25082 W System.err: 	at com.vega.core.net.NetworkManagerWrapper.b(Unknown Source:33751057)
03-12 21:45:01.702 25003 25082 W System.err: 	at com.vega.libgecko.network.GeckoNetworkTTNetImpl.downloadFile(Unknown Source:67371023)
03-12 21:45:01.702 25003 25082 W System.err: 	at com.bytedance.geckox.interceptors.DownloadInterceptor.intercept(Unknown Source:34079318)
03-12 21:45:01.702 25003 25082 W System.err: 	at com.bytedance.pipeline.RealInterceptorChain.proceed(Unknown Source:17104968)
03-12 21:45:01.702 25003 25082 W System.err: 	at com.bytedance.pipeline.RetryInterceptor.intercept(Unknown Source:33751046)
03-12 21:45:01.702 25003 25082 W System.err: 	at com.bytedance.pipeline.RealInterceptorChain.proceed(Unknown Source:17104968)
03-12 21:45:01.702 25003 25082 W System.err: 	at com.bytedance.pipeline.RetryBranchInterceptor.intercept(Unknown Source:33882136)
03-12 21:45:01.702 25003 25082 W System.err: 	at com.bytedance.pipeline.RealInterceptorChain.proceed(Unknown Source:17104968)
03-12 21:45:01.702 25003 25082 W System.err: 	at com.bytedance.pipeline.BranchInterceptor.intercept(Unknown Source:33882132)
03-12 21:45:01.702 25003 25082 W System.err: 	at com.bytedance.pipeline.RealInterceptorChain.proceed(Unknown Source:17104968)
03-12 21:45:01.702 25003 25082 W System.err: 	at com.bytedance.geckox.interceptors.PreDownloadInterceptor.intercept(Unknown Source:34013608)
03-12 21:45:01.702 25003 25082 W System.err: 	at com.bytedance.pipeline.RealInterceptorChain.proceed(Unknown Source:17104968)
03-12 21:45:01.702 25003 25082 W System.err: 	at com.bytedance.geckox.interceptors.ParallelDownloadInterceptor$2.run(Unknown Source:393336)
03-12 21:45:01.702 25003 25082 W System.err: 	at java.util.concurrent.ThreadPoolExecutor.runWorker(ThreadPoolExecutor.java:1154)
03-12 21:45:01.702 25003 25082 W System.err: 	at java.util.concurrent.ThreadPoolExecutor$Worker.run(ThreadPoolExecutor.java:652)
03-12 21:45:01.702 25003 25082 W System.err: 	at java.lang.Thread.run(Thread.java:1564)
03-12 21:45:01.702 25003 25082 W System.err: 	at com.bytedance.bpea.transmit.delegate.BPEAThread.run(Unknown Source:196617)
03-12 21:45:01.702 25003 25082 W System.err: 	at com.ss.android.ugc.bytex.pthread.base.convergence.hook.ThreadProxy$start$1.invoke(Unknown Source:23)
03-12 21:45:01.702 25003 25082 W System.err: 	at com.ss.android.ugc.bytex.pthread.base.convergence.hook.ThreadProxy$start$1.invoke(Unknown Source:2)
03-12 21:45:01.702 25003 25082 W System.err: 	at com.ss.android.ugc.bytex.pthread.base.convergence.helper.ThreadWorker.run(Unknown Source:98)
03-12 21:45:01.702 25003 25082 W System.err: 	at java.util.concurrent.ThreadPoolExecutor.runWorker(ThreadPoolExecutor.java:1154)
03-12 21:45:01.702 25003 25082 W System.err: 	at java.util.concurrent.ThreadPoolExecutor$Worker.run(ThreadPoolExecutor.java:652)
03-12 21:45:01.702 25003 25082 W System.err: 	at java.lang.Thread.run(Thread.java:1564)
03-12 21:45:01.703 25003 25003 I VRI[WebActivity]@56f923c: stopped(true) old = false
03-12 21:45:01.703 25003 25003 D VRI[WebActivity]@56f923c: WindowStopped on com.lemon.lvoverseas/com.vega.web.WebActivity set to true
03-12 21:45:01.703  2053  2420 W QC2Interface: [hvcD_980] Failed to query parameters
03-12 21:45:01.703  2053  2420 I vendor.qti.media.c2@1.0-service: StrictValueWithNoDeps is called old.v.value is 2141391876 me.v.value is 0
03-12 21:45:01.703  2053  2420 I vendor.qti.media.c2@1.0-service: StrictValueWithNoDeps is called old.v.value is 1 me.v.value is 120
03-12 21:45:01.703  2053  2420 I vendor.qti.media.c2@1.0-service: [FRC-IsFilteringEnabled] entry
03-12 21:45:01.703  2053  2420 I vendor.qti.media.c2@1.0-service: [FRC-IsFilteringEnabled] frcReqInfo.value is 0
03-12 21:45:01.703  3003  3991 I CocktailBarManagerServiceContainer: handleMessage: entry what = 6
03-12 21:45:01.703  2007  2007 I sensors-hal: ~worker:74, worker(0xb400007a0f4d9370) is destroyed, remaining task = 0, tid= 23938
03-12 21:45:01.703  2007  2007 I sensors-hal: ~qsh_qmi:58, ~qsh_qmi
03-12 21:45:01.703  2007  2007 I sensors-hal: deactivate:274, [SSC_LIGHT] auto_brightness deactivate!
03-12 21:45:01.703  2007  2007 I sensors-hal: activate:330, com.samsung.sensor.auto_brightness/1651 en=0 completed
03-12 21:45:01.704  3003  3067 D BBA2    : updateWindowVisible for pid : 25003, visible : 0
03-12 21:45:01.704  3003  3064 D HintManagerService: Sent cleanup message for uid 10405
03-12 21:45:01.704 25003 25132 D HWUI    : CacheManager::trimMemory(20)
03-12 21:45:01.704  4205  4205 D NavBarStateManager: NavBarStates(1) supportLargeCoverScreenNavBar: true
03-12 21:45:01.704  4205  4205 D NavBarStateManager: NavBarStates(0) canShowKeyboardButtonForRotation(2): true
03-12 21:45:01.704  2053  2420 W QC2Interface: [hvcD_980] Failed to query parameters
03-12 21:45:01.705  4360 26468 W Codec2Client: query -- param skipped: index = 1107298332.
03-12 21:45:01.705  4360 26468 W CCodec  : This behavior is subject to change. It is recommended that app developers double check whether the requested max input size is in reasonable range.
03-12 21:45:01.705  2022  2124 I HYPER-HAL: [RequestManager.cpp]acquire(): Acquired ID : 22212419  [2025 / 4639]    HINT :      list : [TID_LOW_LATENCY / 0] [TID / 25159] [TID / 25160] [TID / 25003] [TID / 25132] 
03-12 21:45:01.705  4205  4205 D NavBarStateManager: NavBarStates(1) supportLargeCoverScreenNavBar: true
03-12 21:45:01.705  2053  2420 W QC2Interface: [hvcD_980] Failed to query parameters
03-12 21:45:01.705  4205  4205 D NavBarStateManager: NavBarStates(0) canShowKeyboardButtonForRotation(3): true
03-12 21:45:01.705  4360 26468 I CCodecConfig: query failed after returning 18 values (BAD_INDEX)
03-12 21:45:01.705  2053  2420 W QC2Interface: [hvcD_980] Failed to query parameters
03-12 21:45:01.705  4360 26468 E .wallpaper.live: Failed to query component interface for required system resources: 6
03-12 21:45:01.705  4205  4205 D NavBarStateManager: NavBarStates(1) supportLargeCoverScreenNavBar: true
03-12 21:45:01.705  2022  2124 I HYPER-HAL: [RequestManager.cpp]acquire(): Acquired ID : 22119200  [2025 / 4625]    HINT :      list : [TID_LOW_LATENCY / 0] [TID / 25159] [TID / 25160] [TID / 25003] [TID / 25132] 
03-12 21:45:01.705  6103  6103 W ContextImpl: Calling a method in the system process without a qualified user: android.app.ContextImpl.startService:2068 android.content.ContextWrapper.startService:872 android.content.ContextWrapper.startService:872 com.sec.android.diagmonagent.sa.receiver.CFLogReceiver.onReceive:56 android.app.ActivityThread.handleReceiver:5663 
03-12 21:45:01.705  4205  4205 I WindowManager: WindowManagerGlobal#addView, ty=2019, view=com.android.systemui.navigationbar.views.NavigationBarFrame{66cf04e V.E...... ......I. 0,0-0,0 #7f0a083f app:id/navigation_bar_frame}, caller=android.view.WindowManagerImpl.addView:158 com.android.systemui.navigationbar.views.NavigationBar.onInit:238 com.android.systemui.util.ViewController.init:6 
03-12 21:45:01.705  3003  3130 D SensorManager: unregisterListener :: com.android.server.display.AutomaticBrightnessController$3@1ff6ff3
03-12 21:45:01.705  3003  3130 D AutomaticBrightnessController: setProximitySensorEnabled::unregisterListener
03-12 21:45:01.705  4205  4205 I ViewRootImpl: dVRR is disabled
03-12 21:45:01.706  4205  4394 D NativeCustomFrequencyManager: [NativeCFMS] BpCustomFrequencyManager::BpCustomFrequencyManager()
03-12 21:45:01.707  4360  4360 I SprWallpaper|VideoPlayer: start: state[1] after prepare
03-12 21:45:01.707  2105  2321 I SurfaceFlinger: id=13766 createSurf, flag=84004, WindowToken{b065f7e type=2019 android.os.BinderProxy@b54e100}#13766
03-12 21:45:01.707  3003  7293 D InputTransport: Input channel constructed: 'c433cdf', fd=1022
03-12 21:45:01.707  3003  7293 D InputTransport: Input channel constructed: 'c433cdf', fd=1139
03-12 21:45:01.708  3003  7293 D InputTransport: Input channel constructed: 'c433cdf', fd=1169
03-12 21:45:01.708  3003  7293 D InputTransport: Input channel destroyed: 'c433cdf', fd=1139
03-12 21:45:01.708  2105  2836 I SurfaceFlinger: id=13767 createSurf, flag=84004, c433cdf NavigationBar1#13767
03-12 21:45:01.708  3003  7293 D RestrictionPolicy: isScreenCaptureEnabled : ret=true userId=0
03-12 21:45:01.708  3003  7293 D InsetsSourceProvider: updateVisibility: serverVisible=false, clientVisible=false, source=InsetsSource: {b4d0001 mType=navigationBars mFrame=[0,0][0,0] mVisible=false mFlags= mSideHint=NONE mBoundingRects=null}, controlTarget=null, from=com.android.server.wm.InsetsSourceProvider.setClientVisible:8 com.android.server.wm.InsetsSourceProvider.setWindowContainer:160 com.android.server.wm.WindowManagerService.addWindowInner:148 com.android.server.wm.WindowManagerService.addWindow:1842 com.android.server.wm.Session.addToDisplayAsUser:24 android.view.IWindowSession$Stub.onTransact:757 com.android.server.wm.Session.onTransact:1 android.os.Binder.execTransactInternal:1457 android.os.Binder.execTransact:1401 <bottom of call stack> 
03-12 21:45:01.708  2452  8032 I CameraService: onUidStateChanged: uid=10405, procState is changed. (12 -> 15)
03-12 21:45:01.708  3003  7293 E WindowManager: Display reconfigured outside of a transition: Display{#1 state=OFF size=748x720 ROTATION_0}
03-12 21:45:01.708  3003  7293 D DisplayManager.PersistentDataStore: saveToXml remembered active display fit status value:false
03-12 21:45:01.708  2022  2124 I HYPER-HAL: [RequestManager.cpp]acquire(): Acquired ID : 22225752  [2025 / 4641]    HINT :      list : [TID_LOW_LATENCY / 1] [TID / 4392] [TID / 4393] [TID / 4205] [TID / 4394] 
03-12 21:45:01.709  3003  3003 D SGM:GameManager: onDisplayChanged. displyId: 1, state: 1
03-12 21:45:01.709  3003  3003 V CameraService_worker: onDisplayChanged rotation : 0 current mDeviceState : 6
03-12 21:45:01.709  3003  4931 D HintManagerService: SystemUI make new AppHintSession but force pause
03-12 21:45:01.709  3003  3046 D SehCodecSolutionService: updateMediaStatisticsData: (action=1@1986621044;category=2@1986621044;label=1936222261@1986621044)
03-12 21:45:01.709  3003  3046 D CodecSolution_MediaStatisticsData: MediaStatisticsData: action=1@1986621044;category=2@1986621044;label=1936222261@1986621044
03-12 21:45:01.709  3003  3046 D CodecSolution_MediaStatisticsData: Category.valueOf: 2
03-12 21:45:01.709  3003  3046 D CodecSolution_MediaStatisticsData: Action.valueOf: 1
03-12 21:45:01.709  3003  3046 D CodecSolution_MediaStatisticsData: Label.valueOf: 0x73686835
03-12 21:45:01.709  3003  3046 D CodecSolution_MediaStatisticsData: category: VDEC
03-12 21:45:01.709  3003  3046 D CodecSolution_MediaStatisticsData: action: INSTANTIATE
03-12 21:45:01.709  3003  3046 D CodecSolution_MediaStatisticsData: label: SEC_HW_H265
03-12 21:45:01.709  3003  3003 D SehCodecSolutionService: handleMessage : 900
03-12 21:45:01.709  3003  3003 D SehCodecSolutionService: event : VDEC
03-12 21:45:01.709  3003  3003 D CodecSolution_Logging: dma : true, feature: VDEC, extra: SEC_HW_H265, value: -1
03-12 21:45:01.709  3003  3003 D CodecSolution_Logging: insert diagmon log
03-12 21:45:01.709  3003  3003 D CodecSolution_Logging: permission granted
03-12 21:45:01.709  3003  3003 W ContextImpl: Calling a method in the system process without a qualified user: android.app.ContextImpl.sendBroadcast:1335 vendor.samsung.frameworks.codecsolution.Logging.insertDiagmonLog:14 vendor.samsung.frameworks.codecsolution.Logging.insertLog:6 vendor.samsung.frameworks.codecsolution.Logging.insertLog:1 vendor.samsung.frameworks.codecsolution.SehCodecSolutionService$1.handleMessage:24 
03-12 21:45:01.709  4360 26467 I CCodec  : [c2.qti.hevc.decoder] state->set(STARTING)
03-12 21:45:01.709  3003  4002 D BackgroundInstallControlService: Package event received: 0
03-12 21:45:01.710  3003  7293 I WindowManager: [d1] Override config changes=20000c00 {0.0 ?mcc0mnc ?localeList ?layoutDir sw291dp w352dp h291dp 340dpi smll hdr widecg land ?uimode ?night finger -keyb/v/h -nav/h winConfig={ mBounds=Rect(0, 0 - 748, 720) mAppBounds=Rect(0, 0 - 748, 618) mMaxBounds=Rect(0, 0 - 748, 720) mDisplayRotation=ROTATION_0 mWindowingMode=fullscreen mActivityType=undefined mAlwaysOnTop=undefined mRotation=ROTATION_0 mStageConfig=undefined mPopOver=undefined mOverlappingWithCutout=false mFlexPanelMode=off} ?fontWeightAdjustment ff=0 bf=-1 bts=0 cst=1.0 nightDim=-1 themeSeq=0}, callers=com.android.server.wm.DisplayContent.updateDisplayOverrideConfigurationLocked:24 com.android.server.wm.DisplayContent.sendNewConfiguration:133 com.android.server.wm.WindowManagerService.addWindowInner:712 com.android.server.wm.WindowManagerService.addWindow:1842 com.android.server.wm.Session.addToDisplayAsUser:24 
03-12 21:45:01.710  5915  5959 V OsAgent : broadcastSystemEvent - 7
03-12 21:45:01.710  5915  5959 V OsAgent : broadcastSystemEvent - 7
03-12 21:45:01.710  3003  7293 D WindowManager: Transition is created, t=TransitionRecord{a93ecad id=-1 type=CHANGE flags=0x0}, caller=com.android.server.wm.Transition.<init>:182 com.android.server.wm.TransitionController.createTransition:17 com.android.server.wm.DisplayContent.requestChangeTransition:5 com.android.server.wm.DisplayContent.performDisplayOverrideConfigUpdate:333 com.android.server.wm.DisplayContent.updateDisplayOverrideConfigurationLocked:24 
03-12 21:45:01.710  5915  5959 V OsAgent : broadcastSystemEvent - 7
03-12 21:45:01.710  3003  7293 D BLASTSyncEngine: SyncGroup is created, id=1676, name=Transition-CHANGE, caller=com.android.server.wm.BLASTSyncEngine$SyncGroup.<init>:52 com.android.server.wm.TransitionController.moveToCollecting:79 com.android.server.wm.TransitionController.createTransition:46 com.android.server.wm.DisplayContent.requestChangeTransition:5 com.android.server.wm.DisplayContent.performDisplayOverrideConfigUpdate:333 com.android.server.wm.DisplayContent.updateDisplayOverrideConfigurationLocked:24 com.android.server.wm.DisplayContent.sendNewConfiguration:133 
03-12 21:45:01.710  3003  7293 W BLASTSyncEngine: setSyncMethod, id=1676, method=0, caller=com.android.server.wm.TransitionController.moveToCollecting:91 com.android.server.wm.TransitionController.createTransition:46 com.android.server.wm.DisplayContent.requestChangeTransition:5 
03-12 21:45:01.710  3003  7293 V WindowManager: Start collecting in Transition: TransitionRecord{a93ecad id=1676 type=CHANGE flags=0x0}, caller=com.android.server.wm.TransitionController.createTransition:46 com.android.server.wm.DisplayContent.requestChangeTransition:5 com.android.server.wm.DisplayContent.performDisplayOverrideConfigUpdate:333 com.android.server.wm.DisplayContent.updateDisplayOverrideConfigurationLocked:24 com.android.server.wm.DisplayContent.sendNewConfiguration:133 
03-12 21:45:01.710  3003  7293 V WindowManager: Requesting StartTransition: TransitionRecord{a93ecad id=1676 type=CHANGE flags=0x0}, caller=com.android.server.wm.DisplayContent.requestChangeTransition:10 com.android.server.wm.DisplayContent.performDisplayOverrideConfigUpdate:333 com.android.server.wm.DisplayContent.updateDisplayOverrideConfigurationLocked:24 com.android.server.wm.DisplayContent.sendNewConfiguration:133 com.android.server.wm.WindowManagerService.addWindowInner:712 
03-12 21:45:01.711  3003  7293 V WindowManager: Collecting in transition 1676: Display{#1 state=OFF size=748x720 ROTATION_0}, caller=com.android.server.wm.DisplayContent.requestChangeTransition:71 com.android.server.wm.DisplayContent.performDisplayOverrideConfigUpdate:333 com.android.server.wm.DisplayContent.updateDisplayOverrideConfigurationLocked:24 com.android.server.wm.DisplayContent.sendNewConfiguration:133 com.android.server.wm.WindowManagerService.addWindowInner:712 
03-12 21:45:01.711  3003  7293 D WindowManager: prepareSync <SYNC_STATE_WAITING_FOR_DRAW>, mPrepareSyncSeqId=0, win=Window{21b9755 u0 ScreenDecorOverlayCover}
03-12 21:45:01.711  3003  7293 D WindowManager: prepareSync <SYNC_STATE_WAITING_FOR_DRAW>, mPrepareSyncSeqId=0, win=Window{c433cdf u0 NavigationBar1}
03-12 21:45:01.711  3003  7293 D WindowManager: prepareSync <SYNC_STATE_WAITING_FOR_DRAW>, mPrepareSyncSeqId=0, win=Window{243e821 u0 SubScreenQuickPanel}
03-12 21:45:01.711  3003  7293 D WindowManager: prepareSync <SYNC_STATE_WAITING_FOR_DRAW>, mPrepareSyncSeqId=0, win=Window{3b7b695 u0 com.android.systemui/com.android.systemui.subscreen.SubHomeActivity}
03-12 21:45:01.711  3003  7293 D WindowManager: prepareSync <SYNC_STATE_WAITING_FOR_DRAW>, mPrepareSyncSeqId=0, win=Window{8bc5e3f u0 com.samsung.android.smartsuggestions/com.samsung.android.smartsuggestions.feature.aisuggestion.ui.onboarding.OnboardingActivity}
03-12 21:45:01.711  3003  7293 V WindowManager: Collecting in transition 1676: WindowToken{8004a5b type=2024 android.os.BinderProxy@d7bba75}, caller=com.android.server.wm.TransitionController$$ExternalSyntheticLambda3.accept:43 com.android.server.wm.WindowContainer$ForAllWindowsConsumerWrapper.apply:5 com.android.server.wm.WindowState.applyInOrderWithImeWindows:22 com.android.server.wm.WindowState.forAllWindows:9 com.android.server.wm.WindowContainer.forAllWindows:2 
03-12 21:45:01.711  4832 15854 I HoneySpace.Memory-Monitor: no default Display - 1
03-12 21:45:01.712  3003  7293 I MultiTaskingController: onConfigurationChangedLocked: display#1, configChanges=0x20000c00, scaleW=1.0, scaleH=1.0, prevScreenBounds=Rect(0, 0 - 748, 720), nextScreenBounds=Rect(0, 0 - 748, 720)
03-12 21:45:01.712  3003  4564 D WifiDisplayAdapter: isFitToActiveDisplayLocked : false
03-12 21:45:01.712  2053  2420 I vendor.qti.media.c2@1.0-service: [FRC-IsFilteringEnabled] entry
03-12 21:45:01.712  2053  2420 I vendor.qti.media.c2@1.0-service: [FRC-IsFilteringEnabled] frcReqInfo.value is 0
03-12 21:45:01.712 29180 29180 I HBD     : DeX h DeX mode state change in non-main thread 
03-12 21:45:01.712 29180 29180 I HBD     : DeX h DeX mode state change: 3 
03-12 21:45:01.713  4205  4267 V WindowManagerShell: Transition requested (#1676): android.os.BinderProxy@c75927c TransitionRequestInfo { type = CHANGE, triggerTask = null, pipChange = null, remoteTransition = null, displayChange = null, flags = 0, debugId = 1676 }
03-12 21:45:01.713  4205  4267 D ShellDesktopMode: handleRequest: TransitionRequestInfo {type=6, tid=null, debugId=1676}
03-12 21:45:01.713  4205  4267 V ShellDesktopMode: DesktopTasksController: skipping handleRequest reason=transition type not handled (6)
03-12 21:45:01.714  3003  7293 D InsetsSourceProvider: updateVisibility: serverVisible=false, clientVisible=true, source=InsetsSource: {b4d0024 mType=systemGestures mFrame=[0,0][0,0] mVisible=false mFlags= mSideHint=NONE mBoundingRects=null}, controlTarget=null, from=com.android.server.wm.InsetsSourceProvider.setServerVisible:6 com.android.server.wm.InsetsSourceProvider.onPostLayout:30 com.android.server.wm.InsetsStateController.onPostLayout:26 com.android.server.wm.RootWindowContainer.applySurfaceChangesTransaction$1:203 com.android.server.wm.RootWindowContainer.performSurfacePlacementNoTrace:86 com.android.server.wm.WindowSurfacePlacer.performSurfacePlacement:166 com.android.server.wm.ActivityTaskManagerService.continueWindowLayout:28 com.android.server.wm.DisplayContent.updateDisplayOverrideConfigurationLocked:78 com.android.server.wm.DisplayContent.sendNewConfiguration:133 com.android.server.wm.WindowManagerService.addWindowInner:712 
03-12 21:45:01.714  3003  7293 D InsetsSourceProvider: updateVisibility: serverVisible=false, clientVisible=true, source=InsetsSource: {b4d0006 mType=tappableElement mFrame=[0,0][0,0] mVisible=false mFlags= mSideHint=NONE mBoundingRects=null}, controlTarget=null, from=com.android.server.wm.InsetsSourceProvider.setServerVisible:6 com.android.server.wm.InsetsSourceProvider.onPostLayout:30 com.android.server.wm.InsetsStateController.onPostLayout:26 com.android.server.wm.RootWindowContainer.applySurfaceChangesTransaction$1:203 com.android.server.wm.RootWindowContainer.performSurfacePlacementNoTrace:86 com.android.server.wm.WindowSurfacePlacer.performSurfacePlacement:166 com.android.server.wm.ActivityTaskManagerService.continueWindowLayout:28 com.android.server.wm.DisplayContent.updateDisplayOverrideConfigurationLocked:78 com.android.server.wm.DisplayContent.sendNewConfiguration:133 com.android.server.wm.WindowManagerService.addWindowInner:712 
03-12 21:45:01.714  3003  7293 D InsetsSourceProvider: updateVisibility: serverVisible=false, clientVisible=true, source=InsetsSource: {b4d0005 mType=mandatorySystemGestures mFrame=[0,0][0,0] mVisible=false mFlags= mSideHint=NONE mBoundingRects=null}, controlTarget=null, from=com.android.server.wm.InsetsSourceProvider.setServerVisible:6 com.android.server.wm.InsetsSourceProvider.onPostLayout:30 com.android.server.wm.InsetsStateController.onPostLayout:26 com.android.server.wm.RootWindowContainer.applySurfaceChangesTransaction$1:203 com.android.server.wm.RootWindowContainer.performSurfacePlacementNoTrace:86 com.android.server.wm.WindowSurfacePlacer.performSurfacePlacement:166 com.android.server.wm.ActivityTaskManagerService.continueWindowLayout:28 com.android.server.wm.DisplayContent.updateDisplayOverrideConfigurationLocked:78 com.android.server.wm.DisplayContent.sendNewConfiguration:133 com.android.server.wm.WindowManagerService.addWindowInner:712 
03-12 21:45:01.714  3003  7293 D InsetsSourceProvider: updateVisibility: serverVisible=false, clientVisible=true, source=InsetsSource: {b4d0004 mType=systemGestures mFrame=[0,0][0,0] mVisible=false mFlags= mSideHint=NONE mBoundingRects=null}, controlTarget=null, from=com.android.server.wm.InsetsSourceProvider.setServerVisible:6 com.android.server.wm.InsetsSourceProvider.onPostLayout:30 com.android.server.wm.InsetsStateController.onPostLayout:26 com.android.server.wm.RootWindowContainer.applySurfaceChangesTransaction$1:203 com.android.server.wm.RootWindowContainer.performSurfacePlacementNoTrace:86 com.android.server.wm.WindowSurfacePlacer.performSurfacePlacement:166 com.android.server.wm.ActivityTaskManagerService.continueWindowLayout:28 com.android.server.wm.DisplayContent.updateDisplayOverrideConfigurationLocked:78 com.android.server.wm.DisplayContent.sendNewConfiguration:133 com.android.server.wm.WindowManagerService.addWindowInner:712 
03-12 21:45:01.715  3003  4002 D BackgroundInstallControlService: Package event received: 0
03-12 21:45:01.715  2092  2092 I factory.ssc: vendor/qcom/proprietary/adsprpc/src/mod_table.c:792: open_mod_table_close: closed reverse module apps_std with handle 0xc17f4dd8
03-12 21:45:01.715  3003  4002 D BackgroundInstallControlService: Package event received: 0
03-12 21:45:01.715  3003  4002 D BackgroundInstallControlService: Package event received: 0
03-12 21:45:01.715  3003  4002 D BackgroundInstallControlService: Package event received: 0
03-12 21:45:01.715  3003  4002 D BackgroundInstallControlService: Package event received: 0
03-12 21:45:01.715  4607  4607 D NfcService: handleMessage: MSG_APPLY_SCREEN_STATEOFF_UNLOCKED
03-12 21:45:01.715  4607  4607 D [NFC_SE]SamsungExtension: onLogEventNotified() item:[mCommandApdus: [mResponseApdus: , mCallingApi= 0, mAction= 518, mCallingPId = 0, mRfFieldOnTime= null
03-12 21:45:01.715  4607  4607 D [NFC_SE]NfcOemLogHelper: reportLogEvent = [mCommandApdus: [mResponseApdus: , mCallingApi= 0, mAction= 518, mCallingPId = 0, mRfFieldOnTime= null
03-12 21:45:01.715  4607  4607 D [NFC_SE]NfcOemLogHelper: try to send FLD_ERROR
03-12 21:45:01.715  4607  4607 D [NFC_SE]NfcOemLogHelper: RF Field is disabled
03-12 21:45:01.715  3003  4002 D BackgroundInstallControlService: Package event received: 0
03-12 21:45:01.716  3003  4002 D BackgroundInstallControlService: Package event received: 0
03-12 21:45:01.716  3003  7293 D InputTransport: Input channel destroyed: 'c433cdf', fd=1169
03-12 21:45:01.716  3003  3065 D WindowManager: DeferredDisplayUpdater: partially applying DisplayInfo(748 x 720) immediately
03-12 21:45:01.716  4205  4205 D InputTransport: Input channel constructed: 'c433cdf', fd=528
03-12 21:45:01.716  3003  3065 V WindowManager: Content Recording: Display 1 state was (1), is now (1), so update recording?
03-12 21:45:01.716  3003  4002 D BackgroundInstallControlService: Package event received: 0
03-12 21:45:01.716  4205  4205 I InsetsController: onStateChanged: host=NavigationBar1, from=android.view.ViewRootImpl.onInsetsStateChanged:3026, state=InsetsState: {mDisplayFrame=Rect(0, 0 - 748, 720), mDisplayCutout=DisplayCutout{insets=Rect(0, 0 - 0, 66) waterfall=Insets{left=0, top=0, right=0, bottom=0} boundingRect={Bounds=[Rect(0, 0 - 0, 0), Rect(0, 0 - 0, 0), Rect(0, 0 - 0, 0), Rect(379, 654 - 748, 720)]} cutoutPathParserInfo={CutoutPathParserInfo{displayWidth=748 displayHeight=720 physicalDisplayWidth=748 physicalDisplayHeight=720 density={2.125} cutoutSpec={@bottom @right M 0,0 H -173.6470588235294 V -31.05882352941176 H 0 V 0 Z @dp} rotation={0} scale={1.0} physicalPixelDisplaySizeRatio={1.0}}} sideOverrides={}}, mRoundedCorners=RoundedCorners{[RoundedCorner{position=TopLeft, radius=49, center=Point(49, 49)}, RoundedCorner{position=TopRight, radius=49, center=Point(699, 49)}, RoundedCorner{position=BottomRight, radius=49, center=Point(699, 671)}, RoundedCorner{position=BottomLeft, radius=49, center=Point(49, 671)}]}  mRoundedCornerFrame=Rect(0, 0 - 0, 0), mPrivacyIndicatorBounds=PrivacyIndicatorBounds {static bounds=null rotation=0}, mDisplayShape=DisplayShape{ spec=1406003047 displayWidth=748 displayHeight=720 physicalPixelDisplaySizeRatio=1.0 rotation=0 offsetX=0 offsetY=0 scale=1.0}, mSources= { InsetsSource: {67 mType=displayCutout mFrame=[0,654][748,720] mVisible=true mFlags= mSideHint=BOTTOM mBoundingRects=null}, InsetsSource: {b4d0004 mType=systemGestures mFrame=[0,0][0,0] mVisible=false mFlags= mSideHint=NONE mBoundingRects=null}, InsetsSource: {b4d0005 mType=mandatorySystemGestures mFrame=[0,0][0,0] mVisible=false mFlags= mSideHint=NONE mBoundingRects=null}, InsetsSource: {b4d0024 mType=systemGestures mFrame=[0,0][0,0] mVisible=false mFlags= mSideHint=NONE mBoundingRects=null} }
03-12 21:45:01.716  2022  2124 I HYPER-HAL: [RequestManager.cpp]acquire(): Acquired ID : 22225752  [2025 / 4641]    HINT :      list : [TID_LOW_LATENCY / 0] [TID / 4392] [TID / 4393] [TID / 4205] [TID / 4394] 
03-12 21:45:01.716  4205  4205 I VRI[NavigationBar1]@7ee456f: synced displayState. AttachInfo displayState=1
03-12 21:45:01.716  2092  2092 I factory.ssc: vendor/qcom/proprietary/adsprpc/src/fastrpc_apps_user.c:3408: close_device_node: closed dev 16 on domain 0
03-12 21:45:01.716  2092  2092 I factory.ssc: vendor/qcom/proprietary/adsprpc/src/fastrpc_apps_user.c:3237: domain_deinit: closed device 16 on domain 0 (kill time 1695 us)
03-12 21:45:01.716  2092  2092 I factory.ssc: vendor/qcom/proprietary/adsprpc/src/fastrpc_apps_user.c:1758: remote_handle64_close: closed handle 0xb400006d90c31bd0 remote handle 0x0, num of open handles: 0
03-12 21:45:01.716  2092  2092 I SSC_DAEMON: handleSensorTestReqMsg:85, Sensor type :15, Msg type:15
03-12 21:45:01.716  2092  2092 I SSC_DAEMON: physicalSensorTestReqMsg:130, s:15, m:15
03-12 21:45:01.716  2452  8032 I CameraService: onUidStateChanged: uid=10405, procState is changed. (15 -> 6)
03-12 21:45:01.717  2105  2105 I SurfaceFlinger: RequestedLayer [com.lemon.lvoverseas/com.vega.web.WebActivity$_25003#13758] hidden!! flag  from(0) --> to(1)
03-12 21:45:01.717  2105  2105 I SurfaceFlinger: RequestedLayer [ActivityRecord{159330330 u0 com.lemo[...]com.vega.web.WebActivity t167}#13756] hidden!! flag  from(0) --> to(1)
03-12 21:45:01.717  2105  2105 I SurfaceFlinger: RequestedLayer [Task=167#13697] hidden!! flag  from(0) --> to(1)
03-12 21:45:01.717  2105  2105 I SurfaceFlinger: [WindowToken{b065f7e type=2019 android.os.BinderProxy@b54e100}#13766] attach to parent LayerHierarchy{RequestedLayerState{Leaf:15:31#64 parentId=54 z=5} 3 children}
03-12 21:45:01.717  2105  2105 I SurfaceFlinger: [c433cdf NavigationBar1#13767] attach to parent LayerHierarchy{RequestedLayerState{WindowToken{b065f7e type=2019 android.os.BinderProxy@b54e100}#13766 parentId=64} 1 children}
03-12 21:45:01.717  2007  2007 I SensorsGrip: TouchLight::enable: 0 1
03-12 21:45:01.717  3003  7124 V WindowManager: Starting Transition 1676, caller=com.android.server.wm.WindowOrganizerController.startTransition:47 com.android.server.wm.WindowOrganizerController.startTransition:1 android.window.IWindowOrganizerController$Stub.onTransact:259 
03-12 21:45:01.717  4607  4607 D libnfc_nci: nfcManager_doSetScreenState: state = 1 prevScreenState= 8, discovry_param = 1
03-12 21:45:01.718  3003  7124 D BLASTSyncEngine: SyncGroup 1676: Set ready true, caller=com.android.server.wm.BLASTSyncEngine.setReady:32 com.android.server.wm.Transition.applyReady:54 com.android.server.wm.Transition.setReady:72 com.android.server.wm.Transition.applyDisplayChangeIfNeeded:95 com.android.server.wm.WindowOrganizerController.applyTransaction:36 com.android.server.wm.WindowOrganizerController.startTransition:48 
03-12 21:45:01.718  3003  3067 E ModeChangeObserver: Changed display not found
03-12 21:45:01.718  3003  3130 D SensorManager: unregisterListener :: com.android.server.display.AutomaticBrightnessController$3@ce52465
03-12 21:45:01.718  3003  3130 I DisplayBrightnessStrategySelector: Changing the DisplayBrightnessStrategy from AutomaticBrightnessStrategy to ScreenOffBrightnessStrategy for display 0
03-12 21:45:01.718  3003  3130 W DisplayPowerController[0]: Animating brightness: target=0(0.00), rate=0.000, rateAtHbm=0.000, reason=screen_off[0]
03-12 21:45:01.719  4607  4986 D NxpGenExtn: vendor_nfc_handle_event Enter eventCode:11
03-12 21:45:01.719  4607  4986 D NxpGenExtn: phNxpExtn_HandleVendorNciMsg Not vendor specific command!!
03-12 21:45:01.719  4607  4986 I NxpGenExtn: phNxpExtn_Write NCI datalen:7
03-12 21:45:01.719  4607  4986 I NxpGenExtn: processExtnWrite Enter dataLen:7
03-12 21:45:01.719  4607  4986 I NxpPropExtn: phNxpProp_ProcessExtnWrite PropExtensionController Enter dataLen:7
03-12 21:45:01.719  4607  4986 I NxpPropExtn: processExtnWrite Enter
03-12 21:45:01.719  4607  4986 D NxpPropExtn: NciStateMonitor processExtnWrite Enter
03-12 21:45:01.719  4607  4986 D NxpPropExtn: resendRequired, resend required
03-12 21:45:01.719  4607  4986 D NxpGenExtn: write Enter wLength:7
03-12 21:45:01.719  4607  4986 D NxpGenExtn: palenQueueWrite Enter wLength:7
03-12 21:45:01.719  4607 26482 D NxpGenExtn: enQueueWriteInternal Enter wLength:7
03-12 21:45:01.719  3003  3068 D BLASTSyncEngine: SyncGroup 1676:  Unfinished container: WindowToken{8004a5b type=2024 android.os.BinderProxy@d7bba75} mSyncState=2
03-12 21:45:01.719  2022  2124 I HYPER-HAL: [RequestManager.cpp]acquire(): Acquired ID : 22212419  [2025 / 4639]    HINT :      list : [TID_LOW_LATENCY / 1] [TID / 25159] [TID / 25160] [TID / 25003] [TID / 25132] 
03-12 21:45:01.720  2439  2439 I android.hardware.nfc-service.nxp: write
03-12 21:45:01.720  2053  2420 I QC2Comp : [hvcD_980] CPU perf resource value pair found: [1082130688, 4095, ]
03-12 21:45:01.720  2022  2124 I HYPER-HAL: [RequestManager.cpp]acquire(): Acquired ID : 22119200  [2025 / 4625]    HINT :      list : [TID_LOW_LATENCY / 1] [TID / 25159] [TID / 25160] [TID / 25003] [TID / 25132] 
03-12 21:45:01.720  2053  2420 I QC2Registry: Build pipelined codec for session
03-12 21:45:01.720  2053  2420 I QC2Registry: Getting stages for pipelined codec
03-12 21:45:01.720  2053  2420 I QC2Registry: Requested codec is pipelined. Create codec list
03-12 21:45:01.720  2053  2420 I QC2Registry: GetEnabledFilters for c2.qti.hevc.decoder
03-12 21:45:01.720  2053  2420 I QC2Registry: Pipeline Index = a0009102
03-12 21:45:01.720  2053  2420 I QC2Registry: Filter sec2.imageformat.filter can't be pipelined
03-12 21:45:01.720  2053  2420 I QC2Registry: Pipeline Index = a000a103
03-12 21:45:01.720  2053  2420 I QC2Registry: Filter c2.qti.filter.imagetransform can't be pipelined
03-12 21:45:01.720  2053  2420 I QC2Registry: Created 0 filters for pipelined codec c2.qti.hevc.decoder
03-12 21:45:01.720  2053  2420 E QC2Comp : [hvcD_980] configureIntf failed 95
03-12 21:45:01.720  4205  4205 I VRI[NavigationBar1]@7ee456f: setView = com.android.systemui.navigationbar.views.NavigationBarFrame@66cf04e IsHRR=false mFlingFrameRateChange=0 TM=true
03-12 21:45:01.720  4205  4267 V ShellDragAndDrop: Display changed: 1
03-12 21:45:01.721  4205  4205 D NavBarStateManager: NavBarStates(1) supportLargeCoverScreenNavBar: true
03-12 21:45:01.721  3003  3130 D DisplayPowerController[0]: saveBrightnessInfo: brt:0.06666667 adjBrt:0.0 min:0.0 max:1.0 hbm:0 tp:1.0 throttler:0 isAnimating:false
