03-11 23:23:47.993  5625  5625 D KeyguardUnlock: playCannedUnlockAnimation, surfaceBehindEntryAnimator#start
03-11 23:23:47.994  5643 20593 D ApfFilter: (wlan1): Ignoring RA RA fe80::c294:35ff:fe71:84fd -> ff02::1 180s 2601:85:ca02:f280::/64 7200s/7200s DNS 180s 2601:85:ca02:f280:c294:35ff:fe71:84fd 2001:558:feed::1 2001:558:feed::2 RIO 180s ::/0  which matches RA fe80::c294:35ff:fe71:84fd -> ff02::1 180s 2601:85:ca02:f280::/64 7200s/7200s DNS 180s 2601:85:ca02:f280:c294:35ff:fe71:84fd 2001:558:feed::1 2001:558:feed::2 RIO 180s ::/0 
03-11 23:23:48.000  5625  5625 D KeyguardViewMediator: KeyguardViewMediator queue processing message: START_KEYGUARD_EXIT_ANIM
03-11 23:23:48.001  5625  5625 D SCliNotificationListener: onNotificationListUpdate: [com.android.systemui.statusbar.notification.collection.NotificationEntry@86e793a]
03-11 23:23:48.014  5625  5625 W WindowOnBackDispatcher: sendCancelIfRunning: isInProgress=false callback=com.android.systemui.back.domain.interactor.BackActionInteractor$callback$2@ea6953b
03-11 23:23:48.015  3163  6016 W UserManagerService: Requested status bar icon for non-badged user 0
03-11 23:23:48.018  3163  7402 D CoreBackPreview: Window{e1d6d9e u0 NotificationShade}: Setting back callback null
03-11 23:23:48.030  3163  3249 W MotoBatteryCareService: uid: 10607 pkgName:com.tiktok.lite.go come to foreground
03-11 23:23:48.047  3163  5235 E MotoSxfService: ModeUsage or ActivityState is null.
03-11 23:23:48.120  3163  3233 W BoostOptController: not supported hint: 118
03-11 23:23:48.133  4999  5219 W mediavcn: <0x0,VCNHttpParser.cpp,httpParserGetSocketBufferAvailableSize,2815>get fioread value:0 off:470540 endoff:2147483647 filesize:470540
03-11 23:23:48.275  5625  5625 D KeyguardUnlock: surfaceBehindEntryAnimator#onAnimationEnd
03-11 23:23:48.275  5625  5625 D KeyguardViewMediator: exitKeyguardAndFinishSurfaceBehindRemoteAnimation
03-11 23:23:48.285  3163  3231 D CLI/Keyguard: [onKeyguardLockedStateChanged] isKeyguardLocked=false
03-11 23:23:48.286  5625  5625 I KeyguardViewMediator: Send broadcast: com.motorola.KEYGUARD_UNLOCKED_SUCCESS mUnlockType=0
03-11 23:23:48.287  3163  3163 D TrustManagerService: refreshDeviceLockedForUser(userId=0, unlockedUser=-10000), secure=false, showingKeyguard=false, trusted=false, biometricAuthenticated=false, currentUserIsUnlocked=false, deviceLocked=false
03-11 23:23:48.288  5625  5962 D KeyguardViewMediator: updateActivityLockScreenState(false, false)
03-11 23:23:48.288  5625  5625 D KeyguardViewMediator: onKeyguardExitRemoteAnimationFinished#hideKeyguardViewAfterRemoteAnimation
03-11 23:23:48.290  5625  5944 E FromLockscreenTransitionInteractor: Ignoring startTransition: This interactor asked to transition from LOCKSCREEN -> GONE, but we last transitioned to GONE, not LOCKSCREEN. This should never happen - check currentTransitionInfoInternal or use filterRelevantKeyguardState before starting transitions.
03-11 23:23:48.290  5625  5944 E FromLockscreenTransitionInteractor: This transition would not have been ignored prior to ag/26681239, since we are FINISHED in LOCKSCREEN (but have since started another transition). If ignoring this transition has caused a regression, fix it by ensuring that transitions are exclusively started from the most recently started state.
03-11 23:23:48.291  3163  3231 D PanelsService: onKeyguardStateChanged.. isShowing=false
03-11 23:23:48.291  3163  3231 D TouchHwAidlService: onKeyguardStateChanged.. isShowing=false
03-11 23:23:48.292  3163  7451 W PackageManager: Missing required system package: com.zhiliaoapp.musically, but found with extended search.
03-11 23:23:48.292  3163  7451 W PackageManager: Missing required system package: com.truefinance, but found with extended search.
03-11 23:23:48.292  3163  7451 W PackageManager: Missing required system package: com.instagram.android, but found with extended search.
03-11 23:23:48.292  3163  7451 W PackageManager: Missing required system package: com.alibaba.aliexpresshd, but found with extended search.
03-11 23:23:48.292  3163  7451 W PackageManager: Missing required system package: com.alibaba.aliexpresshd, but found with extended search.
03-11 23:23:48.292  3163  7451 W PackageManager: Missing required system package: ctrip.english, but found with extended search.
03-11 23:23:48.292  3163  3231 W ServiceManagerCppClient: Failed to get isDeclared for com.motorola.hardware.display.panel.IDisplayPanel/default: Status(-1, EX_SECURITY): 'SELinux denied.'
03-11 23:23:48.292  3163  3231 D DisplayPanelService: Setting panel dc mode: 0
03-11 23:23:48.292  2090  2090 I DisplayPanel: setDcMode: DC mode = OFF
03-11 23:23:48.293  2090  2090 D DisplayPanel: setParam: Success set DC to 0 for Primary display
03-11 23:23:48.294  5625  5625 D CentralSurfaces: !shouldBeKeyguard mStatusBarStateController.isKeyguardRequested() false keyguardForDozing false wakeAndUnlocking false isWakingAndOccluded false
03-11 23:23:48.295  5625  5625 D CentralSurfaces: hideKeyguardImpl false
03-11 23:23:48.295  5625  5625 D SbStateController: setState: requested state SHADE!= upcomingState: KEYGUARD. This usually means the status bar state transition was interrupted before the upcoming state could be applied.
03-11 23:23:48.295  2064  2064 I sensors-hal: batch:206, com.motorola.sensor.stowed/65568, period=200000000, max_latency=0
03-11 23:23:48.295  2064  2064 I sensors-hal: set_config:61, no need to adjust sample_period_ns due to reporting_mode = 2
03-11 23:23:48.295  2064  2064 I sensors-hal: batch:215, com.motorola.sensor.stowed/65568, period=200000000, max_latency=0 request completed
03-11 23:23:48.297  6942  6942 D NfcService: MSG_APPLY_SCREEN_STATE 8
03-11 23:23:48.298  6942  6942 D NfcService: applyRouting enter
03-11 23:23:48.299 15389 15389 I OverviewComponentObserver: updateOverviewTargets: mIsHomeDisabled=false, isDefaultHomeNull=false, mIsDefaultHome=true
03-11 23:23:48.300  6942  6942 D NfcService: Discovery configuration equal, not updating.
03-11 23:23:48.300  6942  6942 D libnfc_nci: nfcManager_doSetScreenState: state = 8 prevScreenState= 4, discovry_param = 1
03-11 23:23:48.300  3163  7402 W UserManagerService: Requested status bar icon for non-badged user 0
03-11 23:23:48.301  2582  8068 D NxpTml  : PN54X - Write requested.....
03-11 23:23:48.301  2582  8068 D NxpTml  : PN54X - Invoking I2C Write.....
03-11 23:23:48.304  7540 15541 I BatteryCare: [SmartBackground] [DGMC::AccelerateSmartCleanReceiver] action received: android.intent.action.USER_PRESENT
03-11 23:23:48.304  7540 15541 I BatteryCare: [SmartBackground] [DGMC::AccelerateSmartCleanReceiver] user present
03-11 23:23:48.304  5625  5625 D KeyguardService: Finish IRemoteAnimationRunner.
03-11 23:23:48.304  5625  5669 V WindowManagerShell: Transition animation finished (aborted=false), notifying core (#9095) android.os.BinderProxy@495f210@0
03-11 23:23:48.305  7540 15541 W BatteryCare: [SmartBackground] [DGMC::AccelerateSmartCleanReceiver] Enter disableMidNightByScreen, isEnableBySleepMode = false
03-11 23:23:48.305  7540 15541 I BatteryCare: [SmartBackground] [DGMC::AccelerateSmartCleanReceiver] disableMidNightByScreen isSleepMode or isEnableBySleepMode return
03-11 23:23:48.305  2582  8068 D NxpTml  : Write errno : 6b
03-11 23:23:48.305  2582  8068 D NxpTml  : PN54X - Error in I2C Write.....
03-11 23:23:48.305  2582  8068 D NxpTml  : PN54X - Posting Fresh Write message.....
03-11 23:23:48.305  2582  8068 D NxpTml  : PN54X - Tml Writer Thread Running................
03-11 23:23:48.305  2582  8070 D NxpHal  : write error status = 0x1ff
03-11 23:23:48.306  5625  5625 D SCliNotificationListener: onNotificationListUpdate: [com.android.systemui.statusbar.notification.collection.GroupEntry@ae3ab3, com.android.systemui.statusbar.notification.collection.NotificationEntry@17d5c31, com.android.systemui.statusbar.notification.collection.NotificationEntry@f92baeb, com.android.systemui.statusbar.notification.collection.NotificationEntry@5a34d9a, com.android.systemui.statusbar.notification.collection.NotificationEntry@1596271]
03-11 23:23:48.306  2582  2582 D NxpHal  : write_unlocked failed - PN54X Maybe in Standby Mode - Retry
03-11 23:23:48.307  3163  3227 V WindowManager: Finish Transition (#9095): created at 03-11 23:23:47.943 collect-started=0.045ms request-sent=0.086ms started=23.223ms ready=23.21ms sent=41.471ms finished=362.496ms
03-11 23:23:48.307  5625  5669 V WindowManagerShell: Track 0 became idle
03-11 23:23:48.307  5625  5669 V WindowManagerShell: All active transition animations finished
03-11 23:23:48.308  5625  6284 D KeyguardService: setOccluded(false)
03-11 23:23:48.308  5625  6284 D KeyguardViewMediator: setOccluded(false)
03-11 23:23:48.312  3163  7451 W PackageManager: Missing required system package: com.whatsapp, but found with extended search.
03-11 23:23:48.314  3163  3231 I DisplayDeviceRepository: Display device changed: DisplayDeviceInfo{"Built-in Screen": uniqueId="local:4630947043778501762", 1080 x 2640, modeId 1, renderFrameRate 120.00001, defaultModeId 1, userPreferredModeId -1, supportedModes [{id=1, width=1080, height=2640, fps=120.00001, vsync=120.00001, synthetic=false, alternativeRefreshRates=[24.000002, 60.000004], supportedHdrTypes=[2, 3, 4]}, {id=2, width=1080, height=2640, fps=144.00002, vsync=144.00002, synthetic=false, alternativeRefreshRates=[], supportedHdrTypes=[2, 3, 4]}, {id=3, width=1080, height=2640, fps=90.0, vsync=90.0, synthetic=false, alternativeRefreshRates=[], supportedHdrTypes=[2, 3, 4]}, {id=4, width=1080, height=2640, fps=60.000004, vsync=60.000004, synthetic=false, alternativeRefreshRates=[24.000002, 120.00001], supportedHdrTypes=[2, 3, 4]}, {id=5, width=1080, height=2640, fps=30.000002, vsync=30.000002, synthetic=false, alternativeRefreshRates=[], supportedHdrTypes=[2, 3, 4]}, {id=6, width=1080, height=2640, fps=24.000002, vsync=24.000002, synthetic=false, alternativeRefreshRates=[60.000004, 120.00001], supportedHdrTypes=[2, 3, 4]}], supportedReadyForModes [], colorMode 0, supportedColorModes [0, 7, 9], hdrCapabilities HdrCapabilities{mSupportedHdrTypes=[2, 3, 4], mMaxLuminance=420.0, mMaxAverageLuminance=210.1615, mMinLuminance=0.323}, allmSupported false, gameContentTypeSupported false, density 420, 397.565 x 435.428 dpi, appVsyncOff 1000000, presDeadline 13333332, cutout DisplayCutout{insets=Rect(0, 108 - 0, 0) waterfall=Insets{left=0, top=0, right=0, bottom=0} boundingRect={Bounds=[Rect(0, 0 - 0, 0), Rect(495, 0 - 585, 108), Rect(0, 0 - 0, 0), Rect(0, 0 - 0, 0)]} cutoutPathParserInfo={CutoutPathParserInfo{displayWidth=1080 displayHeight=2640 physicalDisplayWidth=1080 physicalDisplayHeight=2640 density={2.625} cutoutSpec={M -45,0 L 45,0 L 45,108 L -45,108 Z} rotation={0} scale={1.0} physicalPixelDisplaySizeRatio={1.0}}} sideOverrides={}}, touch INTERNAL, rotation 0, type INTERNAL, address {port=130, model=0x40446dccee101c}, deviceProductInfo DeviceProductInfo{name=, manufacturerPnpId=QCM, productId=1, modelYear=null, manufactureDate=ManufactureDate{week=27, year=2006}, connectionToSinkType=0}, state ON, committedState ON, frameRateOverride {uid=10254 frameRateHz=120.00001} , brightnessMinimum 0.0, brightnessMaximum 1.0, brightnessDefault 0.38188976, hdrSdrRatio 1.0, FLAG_ALLOWED_TO_BE_DEFAULT_DISPLAY, FLAG_ROTATES_WITH_CONTENT, FLAG_SECURE, FLAG_SUPPORTS_PROTECTED_BUFFERS, FLAG_TRUSTED, installOrientation 0, displayShape DisplayShape{ spec=-1962366115 displayWidth=1080 displayHeight=2640 physicalPixelDisplaySizeRatio=1.0 rotation=0 offsetX=0 offsetY=0 scale=1.0}}
03-11 23:23:48.316  2582  8068 D NxpTml  : PN54X - Write requested.....
03-11 23:23:48.316  2582  8068 D NxpTml  : PN54X - Invoking I2C Write.....
03-11 23:23:48.316  2582  8068 I NxpNciX : len =   4 > 20090100
03-11 23:23:48.316  2582  8068 D NxpTml  : PN54X - I2C Write successful.....
03-11 23:23:48.316  2582  8068 D NxpTml  : PN54X - Posting Fresh Write message.....
03-11 23:23:48.316  2582  8068 D NxpTml  : PN54X - Tml Writer Thread Running................
03-11 23:23:48.316  2582  8070 D NxpHal  : write successful status = 0x0
03-11 23:23:48.317  2582  8059 D NxpTml  : PN54X - I2C Read successful.....
03-11 23:23:48.317  2582  8059 I NxpNciR : len =   4 > 40090100
03-11 23:23:48.317  2582  8059 D NxpTml  : PN54X - Posting read message.....
03-11 23:23:48.317  2582  8070 D NxpHal  : read successful status = 0x0
03-11 23:23:48.318  6942  8007 D libnfc_nci: nfaDeviceManagementCallback: enter; event=0xB
03-11 23:23:48.318  2582  8059 D NxpTml  : PN54X - Read requested.....
03-11 23:23:48.319  2582  8059 D NxpTml  : PN54X - Invoking I2C Read.....
03-11 23:23:48.319  6942  8007 D libnfc_nci: nfaDeviceManagementCallback: NFA_DM_SET_POWER_SUB_STATE_EVT; status=0x0
03-11 23:23:48.319  2582  8068 D NxpTml  : PN54X - Write requested.....
03-11 23:23:48.319  2582  8068 D NxpTml  : PN54X - Invoking I2C Write.....
03-11 23:23:48.320  2582  8068 I NxpNciX : len =   7 > 20020401020101
03-11 23:23:48.320  2582  8068 D NxpTml  : PN54X - I2C Write successful.....
03-11 23:23:48.320  2582  8068 D NxpTml  : PN54X - Posting Fresh Write message.....
03-11 23:23:48.320  2582  8068 D NxpTml  : PN54X - Tml Writer Thread Running................
03-11 23:23:48.320  2582  8070 D NxpHal  : write successful status = 0x0
03-11 23:23:48.320  2582  8059 D NxpTml  : PN54X - I2C Read successful.....
03-11 23:23:48.320  2582  8059 I NxpNciR : len =   5 > 4002020000
03-11 23:23:48.320  2582  8059 D NxpTml  : PN54X - Posting read message.....
03-11 23:23:48.320  2582  8070 D NxpHal  : read successful status = 0x0
03-11 23:23:48.320  2582  8070 D NxpHal  : phNxpNciHal_print_res_status: response status =STATUS_OK
03-11 23:23:48.321  2582  8059 D NxpTml  : PN54X - Read requested.....
03-11 23:23:48.321  2582  8059 D NxpTml  : PN54X - Invoking I2C Read.....
03-11 23:23:48.321  6942  8007 D libnfc_nci: nfaDeviceManagementCallback: enter; event=0x2
03-11 23:23:48.321  6942  8007 D libnfc_nci: nfaDeviceManagementCallback: NFA_DM_SET_CONFIG_EVT
03-11 23:23:48.321  6942  6942 D NfcService: MSG_APPLY_SCREEN_STATE 8
03-11 23:23:48.324  6942  6942 D NfcService: applyRouting enter
03-11 23:23:48.325  6942  6942 D NfcService: Discovery configuration equal, not updating.
03-11 23:23:48.326  6942  6942 I libnfc_nci: Screen state is not changed.
03-11 23:23:48.326  3163  7451 W PackageManager: Missing required system package: com.facebook.katana, but found with extended search.
03-11 23:23:48.331  3163  4131 W PackageManager: Missing required system package: com.instagram.android, but found with extended search.
03-11 23:23:48.331  5625  6286 W PackageManager: Failure retrieving resources for com.android.systemui: Drawable com.android.systemui:drawable/android15_patch_adaptive with resource ID #0x7f0806a1
03-11 23:23:48.333  2064  4171 D slpi-TCS3720: ALS_REPORT lux 6.998040, ch0 4.323163-3.028289-1.323299-0.591631, scale 1.1878, fps 90, client 1
03-11 23:23:48.333  2064  4171 D slpi-TCS3720: PRX_OC info Far, Total 0, pdata 0, offset 0 step 0.63, ore 0:0 step 21.00, TH_H 1020, TH_L 0, client 0
03-11 23:23:48.334  2163  2163 D motorola.hardware.sensorext-service: handle id:13 wxh:1088x2640 uwxuh:1080x2640 size: 11489280 fd:11 fd_meta:12 flags:0x4000228 usage:0x33  format:0x1 layer_count: 1 reserved_size = 0
03-11 23:23:48.334  2195  2586 I SDM     : HWCSession::SetCWBOutputBuffer: CWB config passed by cwb_client : tappoint 1  CWB_ROI : (210.000000 26.000000 274.000000 90.000000) for display [1 0 0]
03-11 23:23:48.335  3163  7451 W PackageManager: Missing required system package: com.instagram.barcelona, but found with extended search.
03-11 23:23:48.335  2195  7432 I SDM     : HWCDisplay::SetReadbackBuffer: CWB config from client: tap_point 1, CWB ROI Rect(210.000000 26.000000 274.000000 90.000000), PU_as_CWB_ROI 0, Cwb full rect : (0.000000 0.000000 1080.000000 2640.000000)
03-11 23:23:48.335  2195  7432 I SDM     : HWCDisplay::SetReadbackBuffer: Successfully configured the output buffer: readback_buffer_queued_ 1, readback_configured_ 0, cwb_client 3
03-11 23:23:48.335  2195  7432 I SDM     : HWCSession::ProcessRequests: Successfully configured CWB buffer.
03-11 23:23:48.340  2195  7432 I SDM     : HWCSession::ProcessRequests: Pushing release fence in fenece wait queue.
03-11 23:23:48.340  2195  7432 I SDM     : HWCSession::ProcessRequests: Creating AsyncFenceWaits async thread.
03-11 23:23:48.340  2195  7432 I SDM     : HWCSession::ProcessRequests: Remove current CWB request from the pending request queue.
03-11 23:23:48.340  2195  7432 I SDM     : HWCSession::ProcessRequests: No pending cwb requests found in the queue.
03-11 23:23:48.340  5625  6286 W PackageManager: Failure retrieving resources for com.android.systemui: Drawable com.android.systemui:drawable/android15_patch_adaptive with resource ID #0x7f0806a1
03-11 23:23:48.345  5625  5920 D Tile.ScreenshotTile: update state
03-11 23:23:48.345  3163  7441 D FingerprintProvider/defaultHIDL: Starting watchdog for fingerprint
03-11 23:23:48.346  2195  2269 I SDM     : HWDeviceDRM::SetupConcurrentWriteback: Tear down the Concurrent Writeback topology
03-11 23:23:48.356  5625  6286 D SCliNotifPanelController: onNotificationGroupUpdate: com.google.android.googlequicksearchbox_u0
03-11 23:23:48.356  2195  7433 I SDM     : HWCSession::NotifyCWBStatus: Notify the client about buffer status 0.
03-11 23:23:48.357  2195  7433 I SDM     : HWCSession::PerformFenceWaits: Remove current release fence from the pending fence wait queue.
03-11 23:23:48.357  2195  7433 I SDM     : HWCSession::PerformFenceWaits: CWB fence queue is empty. No pending release fence to wait on.
03-11 23:23:48.359  5625  5625 I Channel.Remote: [de8362611079428da312381e6bb8b50c|com.motorola.personalize] Keep channel connection alive false by 4
03-11 23:23:48.363  4999  4999 I System.out: SAFFragmentRootScene: onWindowFocusChanged: com.ss.android.ugc.aweme.main.homepage.MainRootFragment, MainRootFragment{ef0fc30} (e59d02cc-09f5-4351-9c4e-493ddf3ccb2b tag=root_fragment), true (SAFFragmentRootScene{b62d9a3})
03-11 23:23:48.366  3163  4298 I ImeTracker: com.tiktok.lite.go:d2fff08: onRequestHide at ORIGIN_SERVER reason HIDE_UNSPECIFIED_WINDOW fromUser false
03-11 23:23:48.366  3163  4298 I ImeTracker: com.tiktok.lite.go:d2fff08: onCancelled at PHASE_SERVER_SHOULD_HIDE
03-11 23:23:48.366  3163  6016 W UserManagerService: Requested status bar icon for non-badged user 0
03-11 23:23:48.368  2163  2163 D SENSOREXT_ALS_COMP: the algorithm reported a negative value -1.47 ,lux = 0
03-11 23:23:48.368  2163  2163 D SENSOREXT_ALS_COMP: FrontLight: ReportLux 7.00 (7.00-0.00), pre 8.46, dbv 3155, dc 0, fps 90, chPanel -0.65--0.24--0.22--0.06, facCal:lux_s 1.19 cha_s 0.99-0.97-1.01-1.09, RunInfo: DPB 22451-100, TF 22451-0
03-11 23:23:48.371  4999  4999 D InsetsController: hide(ime(), fromIme=true)
03-11 23:23:48.372  4999  4999 I ImeTracker: com.tiktok.lite.go:55c54aa4: onRequestHide at ORIGIN_CLIENT reason HIDE_SOFT_INPUT_BY_INSETS_API fromUser false
03-11 23:23:48.372  4999  4999 I ImeTracker: com.tiktok.lite.go:55c54aa4: onCancelled at PHASE_CLIENT_APPLY_ANIMATION
03-11 23:23:48.373  3163  7441 W UserManagerService: Requested status bar icon for non-badged user 0
03-11 23:23:48.378  5625  5625 D KeyguardViewMediator: handleSetOccluded(false)
03-11 23:23:48.379  5625  5625 D KeyguardViewMediator: KeyguardViewMediator queue processing message: SET_OCCLUDED
03-11 23:23:48.379  3163  4131 W UserManagerService: Requested status bar icon for non-badged user 0
03-11 23:23:48.379  3163  7402 D SystemServerTiming: getUserSwitchability-0
03-11 23:23:48.379  3163  7402 D SystemServerTiming: TM.isInCall
03-11 23:23:48.380  5625  5625 I KeyguardTransitionRepository: FINISHED transition: TransitionStep(from=LOCKSCREEN, to=GONE, value=1.0, transitionState=FINISHED, ownerName=FromLockscreenTransitionInteractor)
03-11 23:23:48.381  3163  7402 D SystemServerTiming: hasUserRestriction-DISALLOW_USER_SWITCH
03-11 23:23:48.381  3163  7402 D SystemServerTiming: getInt-ALLOW_USER_SWITCHING_WHEN_SYSTEM_USER_LOCKED
03-11 23:23:48.382 10834 10834 I GoogleInputMethodService: GoogleInputMethodService.onCreate():612 
03-11 23:23:48.382  5625  5929 D ResourceTrimmer: Sending TRIM_MEMORY_UI_HIDDEN.
03-11 23:23:48.382  3163  7402 D SystemServerTiming: isUserUnlocked-USER_SYSTEM
03-11 23:23:48.389 10834 10834 I GoogleInputMethodService: GoogleInputMethodService.onCreate():636 Maybe update OEM display config because of service creation
03-11 23:23:48.389 10834 10834 I DeviceModeModule: DeviceModeModule.calculateAndNotify():224 Device mode 'phone' from display metrics 'DisplayMetrics{density=0.0, width=1080, height=2640, scaledDensity=0.0, xdpi=397.565, ydpi=435.428}' or smallestScreenWidthDp: 411
03-11 23:23:48.389 10834 10834 I WindowMetricsNotification: WindowMetricsNotification.notify():159 pup[bounds=Rect(0, 108 - 1080, 2640), insets=Rect(0, 0 - 0, 0), densityDpi=420, smallestScreenWidthDp=411, displayWidth=1080, displayHeight=2640, xdpi=397.565, ydpi=435.428, isTrustable=true, displayId=0]; DisplayMetrics{density=2.625, width=1080, height=2640, scaledDensity=2.625, xdpi=397.565, ydpi=435.428}
03-11 23:23:48.389 10834 10834 I WindowMetricsHelper: WindowMetricsHelper.predictAndNotify():145 Window metrics predicted.
03-11 23:23:48.390 10834 10834 I InputMethodEntryManager: InputMethodEntryManager.notifyCurrentInputMethodEntryOnContextChanged():545 notifyCurrentInputMethodEntryOnContextChanged()
03-11 23:23:48.390 10834 10834 I InputMethodEntryManager: InputMethodEntryManager.notifyCurrentInputMethodEntryOnContextChanged():566 Notify current input method entry changed on context change
03-11 23:23:48.390 10834 10834 I KeyboardContextProvider: KeyboardContextProvider.setBaseContextAndInvalidKeyboardContextCache():88 setBaseContextAndInvalidKeyboardContextCache(): com.android.inputmethod.latin.LatinIME@85dfa7c
03-11 23:23:48.391 10834 10834 E GoogleInputMethodService: GoogleInputMethodService.getAppEditorInfo():1875 App EditorInfo should never be null.
03-11 23:23:48.392 10834 10834 I KeyboardThemeProvider: KeyboardThemeProvider.applyKeyboardTheme():27 Apply keyboard theme: theme,!gsf,!pgsans,!pgsf,!use_system_font,BORDER,FLAVOR_DPI=XXHDPI,GOOGLE_ICONS,KEYBOARD_WIDTH_CATEGORY=NORMAL,KEY_BORDER_SHAPE=1,LIGHT_THEME=false,PHYSICAL_DIAGONAL=6.5540767,POPUP,SCREEN_SHORTEST_WIDTH=411,SCREEN_SHORTEST_WIDTH_NO_SCALE=411,SW400DP,XXHDPI,bottom4dp,enable_google_fonts_icons=true,enable_popup_on_keypress=true,keyboard_redesign_google_sans=true,non_linear_scale,noshadow,overlay_builtin_dynamic_color_dark_base.binarypb:gm3-dark-ff0f1417-ff81cfff-a0bba153472d40c3fd5169df1c3927bf,silkpopup
03-11 23:23:48.392 10834 10834 I KeyboardContextProvider: KeyboardContextProvider$KeyboardContextCache.createKeyboardContext():173 createKeyboardContext(): en-US, lew@fe30fe(com.android.inputmethod.latin.LatinIME@85dfa7c), {1.0 ?mcc0mnc [en_US] ldltr sw411dp w411dp h1006dp 420dpi nrml long layoutCompatNeeded port night finger -keyb/v/h -nav/h winConfig={ mBounds=Rect(0, 0 - 1080, 2640) mAppBounds=Rect(0, 0 - 1080, 2640) mMaxBounds=Rect(0, 0 - 1080, 2640) mDisplayRotation=ROTATION_0 mWindowingMode=fullscreen mActivityType=undefined mAlwaysOnTop=undefined mRotation=ROTATION_0} as.2 s.35 fontWeightAdjustment=0 ?spn ?gid}
03-11 23:23:48.392 10834 10834 I GoogleInputMethodService: GoogleInputMethodService.onCurrentInputMethodEntryChanged():2345 onCurrentInputMethodEntryChanged(): imeDefsChanged=false, entryLanguageVariantChanged=true, keyboardContextChanged=true
03-11 23:23:48.393 10834 10834 I GoogleInputMethodService: GoogleInputMethodService.clearInputMethodServiceData():1030 clearInputMethodServiceData for entryChange
03-11 23:23:48.393 10834 10834 I GoogleInputMethodService: GoogleInputMethodService.initializeInputMethodServiceData():854 initializeInputMethodServiceData for mff{languageTag=en-US, variant=qwerty, hasLocalizedResources=true, conditionCacheKey=_android_software_xr_api_spatial=false_app_first_start_timestamp=1696477746690_cache_additional_ime_defs_for_condition_change=false_cache_ime_defs_for_condition_change=false_deprecate_long_press_space_for_ime_picker=false_device=phone_device_size=default_enable_correction_settings_updates=true_enable_flick_symbols=true_enable_more_candidates_view_for_multilingual=false_enable_number_row=false_enable_number_row_in_password=true_enable_pk_simulator=false_enable_pk_simulator_setting=false_enable_preemptive_decode=true_enable_scrub_move=true_enable_secondary_digits=true_enable_secondary_symbols=false_expressions=normal_four_or_more_letter_rows=false_keyboard_mode=normal_language=en-US_layout_9key_split=false_orientation=portrait_physical_keyboard=nokeys_pk_simulator_vk_ready=false_pref_enable_flick_symbols=false_rtl_layout=false_show_comma_key=true_show_period_key=true_show_secondary_digits=true_show_suggestion_strip=true_show_suggestions=true_split_with_duplicate_keys=true_true=true_variant=qwerty_writing_helper_enable_by_word_revert=false, imeDef.stringId=ime_english_united_states, imeDef.className=com.google.android.apps.inputmethod.libs.latin5.LatinIme, imeDef.languageTag=en-US}
03-11 23:23:48.394 10834 10834 E GoogleInputMethodService: GoogleInputMethodService.getAppEditorInfo():1875 App EditorInfo should never be null.
03-11 23:23:48.395 10834 10834 I KeyboardThemeProvider: KeyboardThemeProvider.applyKeyboardTheme():27 Apply keyboard theme: theme,!gsf,!pgsans,!pgsf,!use_system_font,BORDER,FLAVOR_DPI=XXHDPI,GOOGLE_ICONS,KEYBOARD_WIDTH_CATEGORY=NORMAL,KEY_BORDER_SHAPE=1,LIGHT_THEME=false,PHYSICAL_DIAGONAL=6.5540767,POPUP,SCREEN_SHORTEST_WIDTH=411,SCREEN_SHORTEST_WIDTH_NO_SCALE=411,SW400DP,XXHDPI,bottom4dp,enable_google_fonts_icons=true,enable_popup_on_keypress=true,keyboard_redesign_google_sans=true,non_linear_scale,noshadow,overlay_builtin_dynamic_color_dark_base.binarypb:gm3-dark-ff0f1417-ff81cfff-a0bba153472d40c3fd5169df1c3927bf,silkpopup
03-11 23:23:48.396 10834 10834 I AndroidIME: InputBundleManager.loadActiveInputBundleId():528 loadActiveInputBundleId: und-Latn-x-password, password
03-11 23:23:48.397 10834 10834 I HardKeyTracker: HardKeyTracker.registerKeySequence():170 Register key sequence nul{labelResId=2132020475, callback=cnx@78b03e5, lastModifier=2, keyCodes=[47], actions=[0]}
03-11 23:23:48.397 10834 10834 I HardKeyTracker: HardKeyTracker.registerKeySequence():170 Register key sequence nul{labelResId=0, callback=lkj@9fb14c8, lastModifier=0, keyCodes=[204], actions=[0]}
03-11 23:23:48.400 10834 10834 I Module  : DeviceLockedStatusModuleProvider$Module.updateDeviceLockedStatus():103 repeatCheckTimes = 0, locked = false
03-11 23:23:48.402 10834 10834 I PersonalizeTopBarHandler: PersonalizeTopBarHandler.loadPersonalizedAccessPoints():110 Load remained access points null
03-11 23:23:48.402 10834 10996 I InputActionMetricsProcessor: InputActionMetricsProcessor.onAttached():104 Attached to metrics manager.
03-11 23:23:48.402 10834 10834 I UniversalDictationExtension: UniversalDictationExtension.onCreateExtension():66 onCreate [UD]
03-11 23:23:48.402 10834 10996 W MetricsManager: MetricsManager.addProcessorImpl():551 Processor gfj@a2bd496 already exists.
03-11 23:23:48.403 10834 10834 I ExtensionManager: ExtensionManager.updateExtensionWrappersMap():230 The same notification is already processed
03-11 23:23:48.403 10834 10834 I ExtensionManager: ExtensionManager.updateExtensionWrappersMap():230 The same notification is already processed
03-11 23:23:48.404 10834 10834 I NetworkInfoNotification: NetworkInfoNotification$Listener.onReceive():107 onNetworkAvailable: networkState = NON_METERED, isAirplaneModeOn = false
03-11 23:23:48.405 10834  4312 I KeyboardGroupDefParser: KeyboardGroupDefParser.parseKeyboardGroupDef():86 parseKeyboardGroupDef() 2132213760 -> 0_resource_name_obfuscated : WaitTime = 1 ms : RunTime = 2 ms
03-11 23:23:48.406 10834  4312 I JapaneseMozcExtension: JapaneseMozcExtension.onCreate():44 
03-11 23:23:48.407 10834 10834 I Environment: Environment.isPackageInstalled():302 com.bitstrips.imoji is not installed
03-11 23:23:48.408 10834 10834 I AbstractOpenableExtension: AbstractOpenableExtension.createKeyboardGroupManagerListenableFuture():121 Create keyboard group manager listenable future in ezz
03-11 23:23:48.408 10834 10834 I EmojifyExtensionImpl: EmojifyExtensionImpl.onCreate():604 Creating Emojify extension ezf@c448b1b.
03-11 23:23:48.408 10834 10834 I AbstractOpenableExtension: AbstractOpenableExtension.createKeyboardGroupManagerListenableFuture():121 Create keyboard group manager listenable future in hme
03-11 23:23:48.409 10834  4343 I KeyboardGroupDefParser: KeyboardGroupDefParser.parseKeyboardGroupDef():86 parseKeyboardGroupDef() 2132213997 -> 0_resource_name_obfuscated : WaitTime = 1 ms : RunTime = 0 ms
03-11 23:23:48.409 10834  4343 I KeyboardGroupDefParser: KeyboardGroupDefParser.parseKeyboardGroupDef():86 parseKeyboardGroupDef() 2132213998 -> 0_resource_name_obfuscated : WaitTime = 1 ms : RunTime = 0 ms
03-11 23:23:48.409 10834  2374 I NewS3RecognizerModule: NewS3RecognizerModule.onCreate():21 onCreate [news3]
03-11 23:23:48.410 10834 28860 I ContentCacheModule: ContentCacheModule.onCreate():168 ContentCacheModule is created.
03-11 23:23:48.411 10834 10962 I SP      : Registering emoticon_content_description.2022081613, url: https://www.gstatic.com/android/keyboard/emoticon_content_desc/202208161305/superpacks_manifest.json, constraints: W:*:*:*, flags: bg, requested: 2022081613, current: 2022081613
03-11 23:23:48.412 10834 28860 I Environment: Environment.isPackageInstalled():302 com.bitstrips.imoji is not installed
03-11 23:23:48.413 10834  4681 I NetworkInfoNotification: NetworkInfoNotification$Listener.onReceive():107 onNetworkAvailable: networkState = NON_METERED, isAirplaneModeOn = false
03-11 23:23:48.413 10834 10962 I SP      : Registering dynamic_art.20221021, url: https://www.gstatic.com/android/keyboard/dynamic_art/20221021184232/manifest.json, constraints: *:*:*:*, flags: *, requested: 20221021, current: 20221021
03-11 23:23:48.413 10834 10834 I AppBase : AppBase.onTrimMemory():427 onTrimMemory(): 40
03-11 23:23:48.413 10834 10834 I KeyboardDefCache: MemoryFileCache$1.onTrimMemory():124 clearMemory() for trim memory: 40
03-11 23:23:48.413 10834 10834 I KeyboardDefCache: MemoryFileCache.clearMemory():408 evictAll()
03-11 23:23:48.413 10834 10834 I GoogleInputMethodService: GoogleInputMethodService.onTrimMemory():2797 onTrimMemory(): 40
03-11 23:23:48.414 10834 10962 I SP      : Syncing emoticon_content_description (2022081613) with slices: [7a635888cb828dfa2fc744b7b9b50f04], metadata: false
03-11 23:23:48.414 10834 10962 I SP      : Registering emoticon_content_description.2022081613, url: https://www.gstatic.com/android/keyboard/emoticon_content_desc/202208161305/superpacks_manifest.json, constraints: W:*:*:*, flags: bg, requested: 2022081613, current: 2022081613
03-11 23:23:48.414 10834  1801 I DeviceStatusMonitor: DeviceStatusMonitor.handleBroadcast():138 onReceive() : Action = android.intent.action.SCREEN_ON
03-11 23:23:48.414 10834  1801 I DeviceStatusMonitor: DeviceStatusMonitor.updateCountryInfo():154 updateCountryInfo(), notifyAnyway = false
03-11 23:23:48.415 10834 10834 I HardKeyTracker: HardKeyTracker.registerKeySequence():170 Register key sequence nul{labelResId=2132020472, callback=null, lastModifier=2, keyCodes=[8], actions=[0]}
03-11 23:23:48.415 10834 10834 I HardKeyTracker: HardKeyTracker.registerKeySequence():170 Register key sequence nul{labelResId=2132020474, callback=gqg@f48e8b6, lastModifier=2, keyCodes=[62], actions=[0]}
03-11 23:23:48.416 10834 10834 I ClipboardDataHandler: ClipboardDataHandler.updateScreenshotsContentObserver():311 Disable the feature of handling screenshots in the clipboard.
03-11 23:23:48.416 10834 10834 W NotificationCenter: NotificationCenter.unregisterListener():480 Listener efs@a048331 was not registered for notification class ndp
03-11 23:23:48.419 10834 10834 I ExtensionManager: ExtensionManager.updateExtensionWrappersMap():230 The same notification is already processed
03-11 23:23:48.420 10834 10834 I AbstractOpenableExtension: AbstractOpenableExtension.createKeyboardGroupManagerListenableFuture():121 Create keyboard group manager listenable future in hjj
03-11 23:23:48.421 10834 10834 I HardKeyTracker: HardKeyTracker.registerKeySequence():170 Register key sequence nul{labelResId=2132018771, callback=cth@c3e75e4, lastModifier=2, keyCodes=[39], actions=[0]}
03-11 23:23:48.421 10834 10834 I HardKeyTracker: HardKeyTracker.registerKeySequence():170 Register key sequence nul{labelResId=2132020469, callback=cth@dbda4d, lastModifier=65536, keyCodes=[76], actions=[0]}
03-11 23:23:48.421 10834 10834 I PkDeviceHelper: PkDeviceHelper.refreshDevices():93 refreshing devices
03-11 23:23:48.421 10834 10834 I AccessPointsListHolderController: AccessPointsListHolderController.removeAccessPoint():581 The access point share is not added
03-11 23:23:48.421 10834 10834 I HardKeyTracker: HardKeyTracker.unregisterKeySequence():221 Unregister key sequence nul{labelResId=2132020469, callback=cth@dbda4d, lastModifier=65536, keyCodes=[76], actions=[0]}
03-11 23:23:48.421 10834 10834 I HardKeyTracker: HardKeyTracker.registerKeySequence():170 Register key sequence nul{labelResId=2132020469, callback=cth@e14f213, lastModifier=65536, keyCodes=[76], actions=[0]}
03-11 23:23:48.421 10834 10834 I HardKeyTracker: HardKeyTracker.registerKeySequence():170 Register key sequence nul{labelResId=2132020468, callback=cth@e5f0c50, lastModifier=2, keyCodes=[37], actions=[0]}
03-11 23:23:48.421 10834 10834 I AccessPointsListHolderController: AccessPointsListHolderController.removeAccessPoint():581 The access point textediting is not added
03-11 23:23:48.421 10834 10834 I AccessPointsListHolderController: AccessPointsListHolderController.removeAccessPoint():581 The access point settings is not added
03-11 23:23:48.421 10834 10834 I AccessPointsListHolderController: AccessPointsListHolderController.removeAccessPoint():581 The access point theme_setting is not added
03-11 23:23:48.421 10834 10834 I HardKeyTracker: HardKeyTracker.registerKeySequence():170 Register key sequence nul{labelResId=2132020470, callback=cth@e0434e, lastModifier=2, keyCodes=[48], actions=[0]}
03-11 23:23:48.421 10834 10834 I HardKeyTracker: HardKeyTracker.registerKeySequence():170 Register key sequence nul{labelResId=2132020465, callback=cth@529c6f, lastModifier=2, keyCodes=[50], actions=[0]}
03-11 23:23:48.421 10834 10834 I HardKeyTracker: HardKeyTracker.registerKeySequence():170 Register key sequence nul{labelResId=2132020465, callback=cth@bb09d7c, lastModifier=2, keyCodes=[50], actions=[0]}
03-11 23:23:48.421 10834 10834 I HardKeyTracker: HardKeyTracker.registerKeySequence():170 Register key sequence nul{labelResId=2132020470, callback=cth@4170605, lastModifier=2, keyCodes=[48], actions=[0]}
03-11 23:23:48.421 10834 10834 I HardKeyTracker: HardKeyTracker.registerKeySequence():170 Register key sequence nul{labelResId=2132020466, callback=cth@e81465a, lastModifier=2, keyCodes=[56], actions=[0]}
03-11 23:23:48.422 10834 10834 I HardKeyTracker: HardKeyTracker.registerKeySequence():170 Register key sequence nul{labelResId=2132020466, callback=cth@416908b, lastModifier=0, keyCodes=[317], actions=[0]}
03-11 23:23:48.422 10834 10834 I AccessPointsListHolderController: AccessPointsListHolderController.removeAccessPoint():581 The access point split is not added
03-11 23:23:48.422 10834 10834 I AccessPointsListHolderController: AccessPointsListHolderController.removeAccessPoint():581 The access point keyboard_resize is not added
03-11 23:23:48.427 10834  2374 I KeyboardGroupDefParser: KeyboardGroupDefParser.parseKeyboardGroupDef():86 parseKeyboardGroupDef() 2132213995 -> 0_resource_name_obfuscated : WaitTime = 7 ms : RunTime = 1 ms
03-11 23:23:48.428 10834  4343 I KeyboardGroupDefParser: KeyboardGroupDefParser.parseKeyboardGroupDef():86 parseKeyboardGroupDef() 2132213994 -> 0_resource_name_obfuscated : WaitTime = 7 ms : RunTime = 1 ms
03-11 23:23:48.428 10834 10834 I GoogleInputMethodService: GoogleInputMethodService$GoogleInputMethodImpl.attachToken():2701 
03-11 23:23:48.428 10834  4312 I KeyboardGroupDefParser: KeyboardGroupDefParser.parseKeyboardGroupDef():86 parseKeyboardGroupDef() 2132213990 -> 0_resource_name_obfuscated : WaitTime = 8 ms : RunTime = 1 ms
03-11 23:23:48.445 10834 10834 I SystemSubtypesReportModule: SystemSubtypesReportModule$1.onBindService():97 
03-11 23:23:48.445 10834 10834 I SystemSubtypesReportModule: SystemSubtypesReportModule$1.onBindService():103 Start listening current entry
03-11 23:23:48.445 10834 10834 I SystemSubtypesReportModule: SystemSubtypesReportModule$3.onSetCurrentInputMethodSubtype():184 en_US
03-11 23:23:48.445 10834 10834 I SystemSubtypesReportModule: SystemSubtypesReportModule$3.onSetCurrentInputMethodSubtype():205 switchEntry(en-US)
03-11 23:23:48.454 10834 31711 E InputMethodWrapper: startInput must be called after bindInput.
03-11 23:23:48.456  3706  3714 I android.hardware.thermal@2.0-service.qti-v2: Sensor Name:skin1 temp: 35.933. prev severity:3. cur severity:0 New severity:0
03-11 23:23:48.460 10834 10834 I GoogleInputMethodService: GoogleInputMethodService.onStartInput():1347 onStartInput(EditorInfo{EditorInfo{packageName=com.tiktok.lite.go, inputType=0, inputTypeString=NULL, enableLearning=false, autoCorrection=false, autoComplete=false, imeOptions=0, privateImeOptions=null, actionName=UNSPECIFIED, actionLabel=null, initialSelStart=-1, initialSelEnd=-1, initialCapsMode=0, label=null, fieldId=0, fieldName=null, extras=null, hintText=null, hintLocales=[]}}, false)
03-11 23:23:48.461 10834 10834 I Module  : DeviceLockedStatusModuleProvider$Module.updateDeviceLockedStatus():103 repeatCheckTimes = 1, locked = false
03-11 23:23:48.461 10834 10834 I HardKeyTracker: HardKeyTracker.registerKeySequence():170 Register key sequence nul{labelResId=0, callback=gqg@d4ef786, lastModifier=0, keyCodes=[57, 57], actions=[1, 0]}
03-11 23:23:48.462 10834 10834 I HardKeyTracker: HardKeyTracker.registerKeySequence():170 Register key sequence nul{labelResId=0, callback=gqg@1ae6847, lastModifier=0, keyCodes=[58, 58], actions=[1, 0]}
03-11 23:23:48.462  3163  4131 W PackageConfigPersister: App-specific configuration not found for packageName: com.tiktok.lite.go and userId: 0
03-11 23:23:48.475 10834 10962 I SP      : Syncing dynamic_art (20221021) with slices: [41a013de12bb1d63367cf56d14febd9b, 9fbd8f766281732075d152fa48b82975, affe22790ef2882a534a603c38f3ead0], metadata: false
03-11 23:23:48.478  5727  8099 I QImsService: VtDataUsageProvider : onSetAlert:2097152
03-11 23:23:48.480  5727  5727 I QImsService: ImsServiceClassTracker : updateAlertQuota:newQuota=2097152,Remaining=2097152
03-11 23:23:48.483 10834 10996 I ContentCacheModule: ContentCacheModule.loadKeywordMappingsAsync():278 Loaded 1867 keyword --> image mappings and 873 keyword --> timestamp mappings
03-11 23:23:48.494  5625  5922 D Surface : Surface::disconnect
03-11 23:23:48.494  5625  5922 D BufferQueueProducer: [NotificationShade#109421(BLAST Consumer)pid:5625](id:15f9000012e3,api:1,p:5625,c:5625) disconnect: api 1
03-11 23:23:48.495  5493  5493 I WallpaperService: engine paused
03-11 23:23:48.498  2064  2064 I sensors-hal: batch:206, android.sensor.accelerometer/11, period=200000000, max_latency=0
03-11 23:23:48.498  2064  2064 I sensors-hal: set_config:57, sample_period_ns is adjusted to 200000000 based on min/max delay_ns
03-11 23:23:48.498  2064  2064 I sensors-hal: send_sensor_config_request:395, resampler is used, set resampler config
03-11 23:23:48.498  2064  2064 I sensors-hal: send_sync_sensor_request:341, send sync request
03-11 23:23:48.499  2064  2064 I sensors-hal: send_sync_sensor_request:367, wait for notification of response
03-11 23:23:48.500  2064  5194 I sensors-hal: ssc_conn_resp_cb:632, resp_value = 0
03-11 23:23:48.500  2064  2064 I sensors-hal: send_sync_sensor_request:373, takes 1 ms to receive the response with 0
03-11 23:23:48.500  2064  2064 I sensors-hal: batch:215, android.sensor.accelerometer/11, period=200000000, max_latency=0 request completed
03-11 23:23:48.502  5625  5920 D ControlsListingControllerImpl: Unsubscribing callback
03-11 23:23:48.502  2064  2064 I sensors-hal: activate:173, android.sensor.magnetic_field/21 en=0
03-11 23:23:48.503  2061  2108 E minksocket: MinkIPC_QRTR_Service: client with node 1 port 6c28 went down
03-11 23:23:48.504  2061  2108 E minksocket: MinkIPC_QRTR_Service: client with node 1 port 6c23 went down
03-11 23:23:48.506 10834 10962 I SP      : Syncing emoticon_content_description (2022081613) with slices: [7a635888cb828dfa2fc744b7b9b50f04], metadata: false
03-11 23:23:48.507 10834 10962 I SP      : Sync for emoticon_content_description succeeded in 94 ms: no changes
03-11 23:23:48.508  2064  2064 I sensors-hal: activate:184, android.sensor.magnetic_field/21 en=0 completed
03-11 23:23:48.508  4999  5219 W mediavcn: <0x0,VCNHttpParser.cpp,httpParserGetSocketBufferAvailableSize,2815>get fioread value:0 off:6646051 endoff:2147483647 filesize:6646051
03-11 23:23:48.509  5625  5920 D ControlsListingControllerImpl: Unsubscribing callback
03-11 23:23:48.509  5493  5493 I AndroidInput: sensor listener tear down
03-11 23:23:48.512  5625  5920 D ControlsListingControllerImpl: Unsubscribing callback
03-11 23:23:48.512  5493  5971 D Surface : Surface::disconnect
03-11 23:23:48.513  5493  5971 D BufferQueueProducer: [Wallpaper BBQ wrapper#89(BLAST Consumer)pid:5493](id:157500000000,api:1,p:5493,c:5493) disconnect: api 1
03-11 23:23:48.515  3163  3231 I DisplayDeviceRepository: Display device changed: DisplayDeviceInfo{"Built-in Screen": uniqueId="local:4630947043778501762", 1080 x 2640, modeId 1, renderFrameRate 120.00001, defaultModeId 1, userPreferredModeId -1, supportedModes [{id=1, width=1080, height=2640, fps=120.00001, vsync=120.00001, synthetic=false, alternativeRefreshRates=[24.000002, 60.000004], supportedHdrTypes=[2, 3, 4]}, {id=2, width=1080, height=2640, fps=144.00002, vsync=144.00002, synthetic=false, alternativeRefreshRates=[], supportedHdrTypes=[2, 3, 4]}, {id=3, width=1080, height=2640, fps=90.0, vsync=90.0, synthetic=false, alternativeRefreshRates=[], supportedHdrTypes=[2, 3, 4]}, {id=4, width=1080, height=2640, fps=60.000004, vsync=60.000004, synthetic=false, alternativeRefreshRates=[24.000002, 120.00001], supportedHdrTypes=[2, 3, 4]}, {id=5, width=1080, height=2640, fps=30.000002, vsync=30.000002, synthetic=false, alternativeRefreshRates=[], supportedHdrTypes=[2, 3, 4]}, {id=6, width=1080, height=2640, fps=24.000002, vsync=24.000002, synthetic=false, alternativeRefreshRates=[60.000004, 120.00001], supportedHdrTypes=[2, 3, 4]}], supportedReadyForModes [], colorMode 0, supportedColorModes [0, 7, 9], hdrCapabilities HdrCapabilities{mSupportedHdrTypes=[2, 3, 4], mMaxLuminance=420.0, mMaxAverageLuminance=210.1615, mMinLuminance=0.323}, allmSupported false, gameContentTypeSupported false, density 420, 397.565 x 435.428 dpi, appVsyncOff 1000000, presDeadline 13333332, cutout DisplayCutout{insets=Rect(0, 108 - 0, 0) waterfall=Insets{left=0, top=0, right=0, bottom=0} boundingRect={Bounds=[Rect(0, 0 - 0, 0), Rect(495, 0 - 585, 108), Rect(0, 0 - 0, 0), Rect(0, 0 - 0, 0)]} cutoutPathParserInfo={CutoutPathParserInfo{displayWidth=1080 displayHeight=2640 physicalDisplayWidth=1080 physicalDisplayHeight=2640 density={2.625} cutoutSpec={M -45,0 L 45,0 L 45,108 L -45,108 Z} rotation={0} scale={1.0} physicalPixelDisplaySizeRatio={1.0}}} sideOverrides={}}, touch INTERNAL, rotation 0, type INTERNAL, address {port=130, model=0x40446dccee101c}, deviceProductInfo DeviceProductInfo{name=, manufacturerPnpId=QCM, productId=1, modelYear=null, manufactureDate=ManufactureDate{week=27, year=2006}, connectionToSinkType=0}, state ON, committedState ON, frameRateOverride , brightnessMinimum 0.0, brightnessMaximum 1.0, brightnessDefault 0.38188976, hdrSdrRatio 1.0, FLAG_ALLOWED_TO_BE_DEFAULT_DISPLAY, FLAG_ROTATES_WITH_CONTENT, FLAG_SECURE, FLAG_SUPPORTS_PROTECTED_BUFFERS, FLAG_TRUSTED, installOrientation 0, displayShape DisplayShape{ spec=-1962366115 displayWidth=1080 displayHeight=2640 physicalPixelDisplaySizeRatio=1.0 rotation=0 offsetX=0 offsetY=0 scale=1.0}}
03-11 23:23:48.521  2064  2064 I sensors-hal: activate:173, android.sensor.hinge_angle/362 en=0
03-11 23:23:48.527  2061  2108 E minksocket: MinkIPC_QRTR_Service: client with node 1 port 6c2d went down
03-11 23:23:48.530  2064  2064 I sensors-hal: activate:184, android.sensor.hinge_angle/362 en=0 completed
03-11 23:23:48.535 10834 10962 I SP      : GC for 'emoticon_content_description' (10) with ttl of 0 ms took 0 ms (0/0/0)
03-11 23:23:48.536 10834 10962 I SP      : Sync for dynamic_art succeeded in 61 ms: no changes
03-11 23:23:48.536 10834 10962 I SP      : GC for 'dynamic_art' (10) with ttl of 0 ms took 0 ms (0/0/0)
03-11 23:23:48.539 10834 10962 I SP      : Sync for emoticon_content_description succeeded in 33 ms: no changes
03-11 23:23:48.539 10834 10962 I SP      : GC for 'emoticon_content_description' (10) with ttl of 0 ms took 0 ms (0/0/0)
03-11 23:23:48.568  6966  7325 I ThermalEngine: Thermal-Server: Adding thermal event listener on fd 120
03-11 23:23:48.568  6966  7325 I ThermalEngine: Thermal-Server: Adding thermal event listener on fd 121
03-11 23:23:48.568  3084  3373 I Thermal-Lib: Thermal-Lib-Client: Client received msg wlan 0
03-11 23:23:48.569  3084  3373 I Thermal-Lib: Thermal-Lib-Client: Client received msg camera 0
03-11 23:23:48.569  3084  3373 E Thermal-Lib: Thermal-Lib-Client: No Callback registered for camera
03-11 23:23:48.569  3084  3373 I Thermal-Lib: Thermal-Lib-Client: Client received msg camcorder 0
03-11 23:23:48.569  3084  3373 E Thermal-Lib: Thermal-Lib-Client: No Callback registered for camcorder
03-11 23:23:48.569  3065  3276 I Thermal-Lib: Thermal-Lib-Client: Client received msg wlan 0
03-11 23:23:48.569  3065  3276 I Thermal-Lib: Thermal-Lib-Client: Client received msg camera 0
03-11 23:23:48.569  3065  3276 E Thermal-Lib: Thermal-Lib-Client: No Callback registered for camera
03-11 23:23:48.569  3065  3276 I Thermal-Lib: Thermal-Lib-Client: Client received msg camcorder 0
03-11 23:23:48.569  3065  3276 E Thermal-Lib: Thermal-Lib-Client: No Callback registered for camcorder
03-11 23:23:48.615  1840  1846 I artd    : Dex parent of /data/app/~~jpyrxd-mVM2A4uS888FzxQ==/com.tiktok.lite.go-J4ScnzbUKaVRIhc8rtsGgQ==/base.apk is not writable: Permission denied
03-11 23:23:48.615  1840  1846 I artd    : GetBestInfo checking odex in dalvik-cache (/data/dalvik-cache/arm64/data@app@~~jpyrxd-mVM2A4uS888FzxQ==@com.tiktok.lite.go-J4ScnzbUKaVRIhc8rtsGgQ==@base.apk@classes.dex)
03-11 23:23:48.615  1840  1846 I artd    : Loading /data/dalvik-cache/arm64/data@app@~~jpyrxd-mVM2A4uS888FzxQ==@com.tiktok.lite.go-J4ScnzbUKaVRIhc8rtsGgQ==@base.apk@classes.dex with executable: 0
03-11 23:23:48.615  1840  1846 I artd    : OatFileAssistant test for existing oat file /data/dalvik-cache/arm64/data@app@~~jpyrxd-mVM2A4uS888FzxQ==@com.tiktok.lite.go-J4ScnzbUKaVRIhc8rtsGgQ==@base.apk@classes.dex: File /data/dalvik-cache/arm64/data@app@~~jpyrxd-mVM2A4uS888FzxQ==@com.tiktok.lite.go-J4ScnzbUKaVRIhc8rtsGgQ==@base.apk@classes.vdex does not exist.
03-11 23:23:48.615  1840  1846 I artd    : GetBestInfo checking odex next to the dex file (/data/app/~~jpyrxd-mVM2A4uS888FzxQ==/com.tiktok.lite.go-J4ScnzbUKaVRIhc8rtsGgQ==/oat/arm64/base.odex)
03-11 23:23:48.615  1840  1846 I artd    : Loading /data/app/~~jpyrxd-mVM2A4uS888FzxQ==/com.tiktok.lite.go-J4ScnzbUKaVRIhc8rtsGgQ==/oat/arm64/base.odex with executable: 0
03-11 23:23:48.615  1840  1846 I artd    : OatFileAssistant test for existing oat file /data/app/~~jpyrxd-mVM2A4uS888FzxQ==/com.tiktok.lite.go-J4ScnzbUKaVRIhc8rtsGgQ==/oat/arm64/base.odex: In oat file '/data/app/~~jpyrxd-mVM2A4uS888FzxQ==/com.tiktok.lite.go-J4ScnzbUKaVRIhc8rtsGgQ==/oat/arm64/base.odex': invalid oat header: Invalid oat version, expected 0x32353100, got 0x32363500.
03-11 23:23:48.615  1840  1846 I artd    : GetBestInfo checking vdex in dalvik-cache (/data/dalvik-cache/arm64/data@app@~~jpyrxd-mVM2A4uS888FzxQ==@com.tiktok.lite.go-J4ScnzbUKaVRIhc8rtsGgQ==@base.apk@classes.vdex)
03-11 23:23:48.615  1840  1846 I artd    : unable to open vdex file /data/dalvik-cache/arm64/data@app@~~jpyrxd-mVM2A4uS888FzxQ==@com.tiktok.lite.go-J4ScnzbUKaVRIhc8rtsGgQ==@base.apk@classes.vdex: File /data/dalvik-cache/arm64/data@app@~~jpyrxd-mVM2A4uS888FzxQ==@com.tiktok.lite.go-J4ScnzbUKaVRIhc8rtsGgQ==@base.apk@classes.vdex does not exist.
03-11 23:23:48.615  1840  1846 I artd    : OatFileAssistant test for existing oat file /data/dalvik-cache/arm64/data@app@~~jpyrxd-mVM2A4uS888FzxQ==@com.tiktok.lite.go-J4ScnzbUKaVRIhc8rtsGgQ==@base.apk@classes.vdex: File /data/dalvik-cache/arm64/data@app@~~jpyrxd-mVM2A4uS888FzxQ==@com.tiktok.lite.go-J4ScnzbUKaVRIhc8rtsGgQ==@base.apk@classes.vdex does not exist.
03-11 23:23:48.615  1840  1846 I artd    : GetBestInfo checking vdex next to the dex file (/data/app/~~jpyrxd-mVM2A4uS888FzxQ==/com.tiktok.lite.go-J4ScnzbUKaVRIhc8rtsGgQ==/oat/arm64/base.vdex)
03-11 23:23:48.616  1840  1846 I artd    : Successfully loaded /data/app/~~jpyrxd-mVM2A4uS888FzxQ==/com.tiktok.lite.go-J4ScnzbUKaVRIhc8rtsGgQ==/oat/arm64/base.vdex with executable: 0
03-11 23:23:48.616  1840  1846 I artd    : Image checksum test skipped for vdex file /data/app/~~jpyrxd-mVM2A4uS888FzxQ==/com.tiktok.lite.go-J4ScnzbUKaVRIhc8rtsGgQ==/oat/arm64/base.vdex
03-11 23:23:48.616  1840  1846 I artd    : /data/app/~~jpyrxd-mVM2A4uS888FzxQ==/com.tiktok.lite.go-J4ScnzbUKaVRIhc8rtsGgQ==/oat/arm64/base.vdex is kOatUpToDate with filter verify
03-11 23:23:48.618  1840  1846 I artd    : Dex parent of /data/app/~~jpyrxd-mVM2A4uS888FzxQ==/com.tiktok.lite.go-J4ScnzbUKaVRIhc8rtsGgQ==/split_df_bytenn.apk is not writable: Permission denied
