03-11 23:22:58.764  3163  4298 I ImeTracker: com.motorola.launcher.secondarydisplay:1b0ba5a0: onRequestHide at ORIGIN_SERVER reason HIDE_DISPLAY_IME_POLICY_HIDE fromUser false
03-11 23:22:58.764 10834 10834 I HardKeyTracker: HardKeyTracker.unregisterKeySequence():221 Unregister key sequence nul{labelResId=2132020475, callback=cnx@ba12669, lastModifier=2, keyCodes=[47], actions=[0]}
03-11 23:22:58.764  3163  4298 I ImeTracker: com.motorola.launcher.secondarydisplay:1b0ba5a0: onCancelled at PHASE_SERVER_SHOULD_HIDE
03-11 23:22:58.764 10834 10834 I ModuleManager: ModuleManager$ModuleInitListener.maybeUnloadModuleOnUnavailable():1386 module eci is unavailable
03-11 23:22:58.767 10834 10834 I ModuleManager: ModuleManager$ModuleInitListener.maybeUnloadModuleOnUnavailable():1386 module hvi is unavailable
03-11 23:22:58.767 10834 10834 I ModuleManager: ModuleManager$ModuleInitListener.maybeUnloadModuleOnUnavailable():1386 module mhz is unavailable
03-11 23:22:58.767 10834 10834 I ModuleManager: ModuleManager$ModuleInitListener.maybeUnloadModuleOnUnavailable():1386 module mia is unavailable
03-11 23:22:58.768 10834 10834 I ModuleManager: ModuleManager$ModuleInitListener.maybeUnloadModuleOnUnavailable():1386 module mib is unavailable
03-11 23:22:58.768 10834 10834 I ModuleManager: ModuleManager$ModuleInitListener.maybeUnloadModuleOnUnavailable():1386 module mic is unavailable
03-11 23:22:58.768 10834 10834 I ModuleManager: ModuleManager$ModuleInitListener.maybeUnloadModuleOnUnavailable():1386 module mie is unavailable
03-11 23:22:58.768 10834 10834 I ModuleManager: ModuleManager$ModuleInitListener.maybeUnloadModuleOnUnavailable():1386 module mii is unavailable
03-11 23:22:58.769 10834 10834 I ModuleManager: ModuleManager$ModuleInitListener.maybeUnloadModuleOnUnavailable():1386 module mtq is unavailable
03-11 23:22:58.769 10834 10834 I HardKeyTracker: HardKeyTracker.unregisterKeySequence():221 Unregister key sequence nul{labelResId=0, callback=lkj@96e6c1c, lastModifier=0, keyCodes=[204], actions=[0]}
03-11 23:22:58.769 10834 10834 I ModuleManager: ModuleManager$ModuleInitListener.maybeUnloadModuleOnUnavailable():1386 module mts is unavailable
03-11 23:22:58.769 10834 10834 I ModuleManager: ModuleManager$ModuleInitListener.maybeUnloadModuleOnUnavailable():1386 module nyc is unavailable
03-11 23:22:58.770  3163  3231 W AccessibilityWindowsPopulator: The displayInfo of this displayId (0) called back from the surface fligner is null
03-11 23:22:58.771 10834 10834 I ModuleManager: ModuleManager$ModuleInitListener.maybeUnloadModuleOnUnavailable():1386 module ljh is unavailable
03-11 23:22:58.773 10834 10834 I ModuleManager: ModuleManager$ModuleInitListener.maybeUnloadModuleOnUnavailable():1386 module ewi is unavailable
03-11 23:22:58.774 10834 10834 I ModuleManager: ModuleManager$ModuleInitListener.maybeUnloadModuleOnUnavailable():1386 module fol is unavailable
03-11 23:22:58.774 10834 10834 I ModuleManager: ModuleManager$ModuleInitListener.maybeUnloadModuleOnUnavailable():1386 module fub is unavailable
03-11 23:22:58.774 10834 10834 I ModuleManager: ModuleManager$ModuleInitListener.maybeUnloadModuleOnUnavailable():1386 module fvu is unavailable
03-11 23:22:58.774 10834 10834 I ModuleManager: ModuleManager$ModuleInitListener.maybeUnloadModuleOnUnavailable():1386 module gfa is unavailable
03-11 23:22:58.774 10834 10834 I ModuleManager: ModuleManager$ModuleInitListener.maybeUnloadModuleOnUnavailable():1386 module ggo is unavailable
03-11 23:22:58.774 10834 10834 I ModuleManager: ModuleManager$ModuleInitListener.maybeUnloadModuleOnUnavailable():1386 module gjm is unavailable
03-11 23:22:58.775 10834 10834 I JapaneseMozcExtension: JapaneseMozcExtension.onDestroy():52 
03-11 23:22:58.775 10834 10834 I ModuleManager: ModuleManager$ModuleInitListener.maybeUnloadModuleOnUnavailable():1386 module gkb is unavailable
03-11 23:22:58.775 10834 10834 I ModuleManager: ModuleManager$ModuleInitListener.maybeUnloadModuleOnUnavailable():1386 module gya is unavailable
03-11 23:22:58.775 10834 10834 I ModuleManager: ModuleManager$ModuleInitListener.maybeUnloadModuleOnUnavailable():1386 module IEmojiOrGifExtension is unavailable
03-11 23:22:58.775 10834 10834 I ModuleManager: ModuleManager$ModuleInitListener.maybeUnloadModuleOnUnavailable():1386 module IEmoticonExtension is unavailable
03-11 23:22:58.775 10834 10834 I ModuleManager: ModuleManager$ModuleInitListener.maybeUnloadModuleOnUnavailable():1386 module hlc is unavailable
03-11 23:22:58.775 10834 10834 I ModuleManager: ModuleManager$ModuleInitListener.maybeUnloadModuleOnUnavailable():1386 module hoe is unavailable
03-11 23:22:58.776 10834 10834 I ModuleManager: ModuleManager$ModuleInitListener.maybeUnloadModuleOnUnavailable():1386 module hqs is unavailable
03-11 23:22:58.776 10834 10834 I ModuleManager: ModuleManager$ModuleInitListener.maybeUnloadModuleOnUnavailable():1386 module nwn is unavailable
03-11 23:22:58.776 10834 10834 I ModuleManager: ModuleManager$ModuleInitListener.maybeUnloadModuleOnUnavailable():1386 module iga is unavailable
03-11 23:22:58.776  5493  6013 W HWUI    : Surface doesn't have any previously queued frames, nothing to readback from
03-11 23:22:58.776 10834 10834 I UniversalDictationExtension: UniversalDictationExtension.onDestroyExtension():136 onDestroy [UD]
03-11 23:22:58.777 10834 10996 I InputActionMetricsProcessor: InputActionMetricsProcessor.onDetached():109 Detached from metrics manager.
03-11 23:22:58.777 10834 10834 I ModuleManager: ModuleManager$ModuleInitListener.maybeUnloadModuleOnUnavailable():1386 module igb is unavailable
03-11 23:22:58.777 10834 10834 I ModuleManager: ModuleManager$ModuleInitListener.maybeUnloadModuleOnUnavailable():1386 module iiq is unavailable
03-11 23:22:58.778 10834 10834 I NewS3RecognizerModule: NewS3RecognizerModule.onDestroy():28 onDestroy [news3]
03-11 23:22:58.779 10834 10834 I ModuleManager: ModuleManager$ModuleInitListener.maybeUnloadModuleOnUnavailable():1386 module imw is unavailable
03-11 23:22:58.779 10834 10834 I ModuleManager: ModuleManager$ModuleInitListener.maybeUnloadModuleOnUnavailable():1386 module kdw is unavailable
03-11 23:22:58.780 10834 10834 I HardKeyTracker: HardKeyTracker.unregisterKeySequence():221 Unregister key sequence nul{labelResId=2132020470, callback=cth@91ba5bc, lastModifier=2, keyCodes=[48], actions=[0]}
03-11 23:22:58.781 10834 10834 I HardKeyTracker: HardKeyTracker.unregisterKeySequence():221 Unregister key sequence nul{labelResId=2132020468, callback=cth@6317342, lastModifier=2, keyCodes=[37], actions=[0]}
03-11 23:22:58.781 10834 10834 I HardKeyTracker: HardKeyTracker.unregisterKeySequence():221 Unregister key sequence nul{labelResId=2132020466, callback=cth@b385f53, lastModifier=2, keyCodes=[56], actions=[0]}
03-11 23:22:58.782 10834 10834 I HardKeyTracker: HardKeyTracker.unregisterKeySequence():221 Unregister key sequence nul{labelResId=2132020466, callback=cth@13e1090, lastModifier=0, keyCodes=[317], actions=[0]}
03-11 23:22:58.782 10834 10834 I HardKeyTracker: HardKeyTracker.unregisterKeySequence():221 Unregister key sequence nul{labelResId=2132020465, callback=cth@25f9daf, lastModifier=2, keyCodes=[50], actions=[0]}
03-11 23:22:58.782 10834 10834 I HardKeyTracker: HardKeyTracker.unregisterKeySequence():221 Unregister key sequence nul{labelResId=2132020471, callback=cth@f19f4c1, lastModifier=2, keyCodes=[32], actions=[0]}
03-11 23:22:58.782 10834 10834 I HardKeyTracker: HardKeyTracker.unregisterKeySequence():221 Unregister key sequence nul{labelResId=2132020475, callback=cth@72b95eb, lastModifier=2, keyCodes=[47], actions=[0]}
03-11 23:22:58.782 10834 10834 I HardKeyTracker: HardKeyTracker.unregisterKeySequence():221 Unregister key sequence nul{labelResId=2132020466, callback=cth@327c64b, lastModifier=2, keyCodes=[56], actions=[0]}
03-11 23:22:58.782 10834 10834 I HardKeyTracker: HardKeyTracker.unregisterKeySequence():221 Unregister key sequence nul{labelResId=2132020466, callback=cth@deb8941, lastModifier=0, keyCodes=[317], actions=[0]}
03-11 23:22:58.782 10834 10834 I HardKeyTracker: HardKeyTracker.unregisterKeySequence():221 Unregister key sequence nul{labelResId=2132018771, callback=cth@d3a4d9a, lastModifier=2, keyCodes=[39], actions=[0]}
03-11 23:22:58.782 10834 10834 I HardKeyTracker: HardKeyTracker.unregisterKeySequence():221 Unregister key sequence nul{labelResId=2132020469, callback=cth@66c1dc1, lastModifier=65536, keyCodes=[76], actions=[0]}
03-11 23:22:58.782 10834 10834 I HardKeyTracker: HardKeyTracker.unregisterKeySequence():221 Unregister key sequence nul{labelResId=2132020468, callback=cth@a3c6a78, lastModifier=2, keyCodes=[37], actions=[0]}
03-11 23:22:58.782 10834 10834 I HardKeyTracker: HardKeyTracker.unregisterKeySequence():221 Unregister key sequence nul{labelResId=2132020465, callback=cth@e838eb7, lastModifier=2, keyCodes=[50], actions=[0]}
03-11 23:22:58.782 10834 10834 I HardKeyTracker: HardKeyTracker.unregisterKeySequence():221 Unregister key sequence nul{labelResId=2132020470, callback=cth@c09b624, lastModifier=2, keyCodes=[48], actions=[0]}
03-11 23:22:58.783 10834 10834 I HardKeyTracker: HardKeyTracker.unregisterKeySequence():221 Unregister key sequence nul{labelResId=2132020471, callback=cth@6df93a7, lastModifier=2, keyCodes=[32], actions=[0]}
03-11 23:22:58.783 10834 10834 I ModuleManager: ModuleManager$ModuleInitListener.maybeUnloadModuleOnUnavailable():1386 module kgi is unavailable
03-11 23:22:58.783 10834 10834 I ModuleManager: ModuleManager$ModuleInitListener.maybeUnloadModuleOnUnavailable():1386 module lns is unavailable
03-11 23:22:58.783 10834 10834 I ModuleManager: ModuleManager$ModuleInitListener.maybeUnloadModuleOnUnavailable():1386 module IBannerExtension is unavailable
03-11 23:22:58.783 10834 10834 I ModuleManager: ModuleManager$ModuleInitListener.maybeUnloadModuleOnUnavailable():1386 module ohp is unavailable
03-11 23:22:58.783 10834 10834 I ModuleManager: ModuleManager$ModuleInitListener.maybeUnloadModuleOnUnavailable():1386 module oky is unavailable
03-11 23:22:58.783 10834 10834 I ModuleManager: ModuleManager$ModuleInitListener.maybeUnloadModuleOnUnavailable():1386 module ifj is unavailable
03-11 23:22:58.784 10834 10834 I ModuleManager: ModuleManager$ModuleInitListener.maybeUnloadModuleOnUnavailable():1386 module ifn is unavailable
03-11 23:22:58.788 10834 10834 I ModuleManager: ModuleManager$ModuleInitListener.maybeUnloadModuleOnUnavailable():1386 module nyi is unavailable
03-11 23:22:58.788 10834 10834 W NotificationCenter: NotificationCenter.unregisterListener():480 Listener ktn@842c222 was not registered for notification class mev
03-11 23:22:58.788 10834 10834 W NotificationCenter: NotificationCenter.unregisterListener():480 Listener ktm@d9573ed was not registered for notification class men
03-11 23:22:58.788 10834 10834 W NotificationCenter: NotificationCenter.unregisterListener():480 Listener nhv@61df204 was not registered for notification class kgz
03-11 23:22:58.788 10834 10834 W NotificationCenter: NotificationCenter.unregisterListener():480 Listener ktc@d8a2a70 was not registered for notification class lhi
03-11 23:22:58.790 10834 10834 W NotificationCenter: NotificationCenter.unregisterListener():480 Listener kdq@1100bcf was not registered for notification class kfo
03-11 23:22:58.790 10834 10834 I HardKeyTracker: HardKeyTracker.unregisterKeySequence():221 Unregister key sequence nul{labelResId=2132020472, callback=null, lastModifier=2, keyCodes=[8], actions=[0]}
03-11 23:22:58.790 10834 10834 I HardKeyTracker: HardKeyTracker.unregisterKeySequence():221 Unregister key sequence nul{labelResId=2132020474, callback=gqg@af132b8, lastModifier=2, keyCodes=[62], actions=[0]}
03-11 23:22:58.790 10834 10834 I ModuleManager: ModuleManager$ModuleInitListener.maybeUnloadModuleOnUnavailable():1386 module kdu is unavailable
03-11 23:22:58.791 10834 10834 I ModuleManager: ModuleManager$ModuleInitListener.maybeUnloadModuleOnUnavailable():1386 module olt is unavailable
03-11 23:22:58.792 10834 10834 I ModuleManager: ModuleManager$ModuleInitListener.maybeUnloadModuleOnUnavailable():1386 module hok is unavailable
03-11 23:22:58.796 10834 10834 I ModuleManager: ModuleManager$ModuleInitListener.maybeUnloadModuleOnUnavailable():1386 module ghq is unavailable
03-11 23:22:58.798 10834 10834 I ModuleManager: ModuleManager$ModuleInitListener.maybeUnloadModuleOnUnavailable():1386 module hvu is unavailable
03-11 23:22:58.799 10834 10834 I ModuleManager: ModuleManager$ModuleInitListener.maybeUnloadModuleOnUnavailable():1386 module ecr is unavailable
03-11 23:22:58.799 10834 10834 I ModuleManager: ModuleManager$ModuleInitListener.maybeUnloadModuleOnUnavailable():1386 module esr is unavailable
03-11 23:22:58.799 10834 10834 I ModuleManager: ModuleManager$ModuleInitListener.maybeUnloadModuleOnUnavailable():1386 module hzz is unavailable
03-11 23:22:58.800 10834 10834 I ModuleManager: ModuleManager$ModuleInitListener.maybeUnloadModuleOnUnavailable():1386 module ifc is unavailable
03-11 23:22:58.800 10834 10834 I ModuleManager: ModuleManager$ModuleInitListener.maybeUnloadModuleOnUnavailable():1386 module ntv is unavailable
03-11 23:22:58.800 10834 10834 I ModuleManager: ModuleManager$ModuleInitListener.maybeUnloadModuleOnUnavailable():1386 module ntw is unavailable
03-11 23:22:58.800 10834 10834 I ModuleManager: ModuleManager$ModuleInitListener.maybeUnloadModuleOnUnavailable():1386 module oav is unavailable
03-11 23:22:58.800 10834 10834 I ModuleManager: ModuleManager$ModuleInitListener.maybeUnloadModuleOnUnavailable():1386 module hzy is unavailable
03-11 23:22:58.801 10834 10834 I ModuleManager: ModuleManager$ModuleInitListener.maybeUnloadModuleOnUnavailable():1386 module ggm is unavailable
03-11 23:22:58.802 10834 10834 I ModuleManager: ModuleManager$ModuleInitListener.maybeUnloadModuleOnUnavailable():1386 module efd is unavailable
03-11 23:22:58.802 10834 10834 I ModuleManager: ModuleManager$ModuleInitListener.maybeUnloadModuleOnUnavailable():1386 module ief is unavailable
03-11 23:22:58.802 10834 10834 I ModuleManager: ModuleManager$ModuleInitListener.maybeUnloadModuleOnUnavailable():1386 module ifb is unavailable
03-11 23:22:58.802 10834 10834 I ModuleManager: ModuleManager$ModuleInitListener.maybeUnloadModuleOnUnavailable():1386 module ITranslateUiExtension is unavailable
03-11 23:22:58.803 10834 10834 I ModuleManager: ModuleManager$ModuleInitListener.maybeUnloadModuleOnUnavailable():1386 module egz is unavailable
03-11 23:22:58.804 10834 10834 W NotificationCenter: NotificationCenter.unregisterListener():480 Listener eei@7af0575 was not registered for notification class ndp
03-11 23:22:58.804 10834 10834 W NotificationCenter: NotificationCenter.unregisterListener():480 Listener efs@94bb8fb was not registered for notification class ndp
03-11 23:22:58.804 10834 10834 I ModuleManager: ModuleManager$ModuleInitListener.maybeUnloadModuleOnUnavailable():1386 module ego is unavailable
03-11 23:22:58.811  2441  3552 W System.err: java.lang.NullPointerException: Attempt to invoke interface method 'int java.lang.CharSequence.length()' on a null object reference
03-11 23:22:58.811  2441  3552 W System.err: 	at kotlin.text.u.LIIIII(SourceFile:67108881)
03-11 23:22:58.811  2441  3552 W System.err: 	at kotlin.text.u.LI(SourceFile:50331658)
03-11 23:22:58.811  2441  3552 W System.err: 	at X.7rC.LB(SourceFile:33554526)
03-11 23:22:58.811  2441  3552 W System.err: 	at X.9mI.invokeSuspend(SourceFile:16777341)
03-11 23:22:58.811  2441  3552 W System.err: 	at v05.a.resumeWith(SourceFile:16777221)
03-11 23:22:58.811  2441  3552 W System.err: 	at X.9HG.run(SourceFile:92)
03-11 23:22:58.811  2441  3552 W System.err: 	at kotlinx.coroutines.scheduling.CoroutineScheduler.runSafely(SourceFile:16777216)
03-11 23:22:58.811  2441  3552 W System.err: 	at X.8KN.run(SourceFile:61)
03-11 23:22:58.818  2441  2506 I KEVA.NATIVE: process_lock_offset increase to 91, old 0, count 28
03-11 23:22:58.819 10834 10834 I ModuleManager: ModuleManager$ModuleInitListener.maybeUnloadModuleOnUnavailable():1386 module ojg is unavailable
03-11 23:22:58.819 10834 10834 I ModuleManager: ModuleManager$ModuleInitListener.maybeUnloadModuleOnUnavailable():1386 module oha is unavailable
03-11 23:22:58.820 10834 10834 I ModuleManager: ModuleManager$ModuleInitListener.maybeUnloadModuleOnUnavailable():1386 module ejs is unavailable
03-11 23:22:58.821 10834 10834 I ModuleManager: ModuleManager$ModuleInitListener.maybeUnloadModuleOnUnavailable():1386 module hvo is unavailable
03-11 23:22:58.822 10834 10834 I ModuleManager: ModuleManager$ModuleInitListener.maybeUnloadModuleOnUnavailable():1386 module eqk is unavailable
03-11 23:22:58.824 10834 10834 I ModuleManager: ModuleManager$ModuleInitListener.maybeUnloadModuleOnUnavailable():1386 module ftq is unavailable
03-11 23:22:58.824 10834 10834 I ModuleManager: ModuleManager$ModuleInitListener.maybeUnloadModuleOnUnavailable():1386 module ftu is unavailable
03-11 23:22:58.826 10834 10834 I ModuleManager: ModuleManager$ModuleInitListener.maybeUnloadModuleOnUnavailable():1386 module evt is unavailable
03-11 23:22:58.826 10834 10834 I ModuleManager: ModuleManager$ModuleInitListener.maybeUnloadModuleOnUnavailable():1386 module eww is unavailable
03-11 23:22:58.828  2441  2492 I KEVA.NATIVE: byte array do not exist
03-11 23:22:58.828  2441  2492 I KEVA.NATIVE: byte array do not exist
03-11 23:22:58.837  3163  3231 W AccessibilityWindowsPopulator: The displayInfo of this displayId (0) called back from the surface fligner is null
03-11 23:22:58.840 10834 10834 I ModuleManager: ModuleManager$ModuleInitListener.maybeUnloadModuleOnUnavailable():1386 module lau is unavailable
03-11 23:22:58.843 10834 10834 I ModuleManager: ModuleManager$ModuleInitListener.maybeUnloadModuleOnUnavailable():1386 module evm is unavailable
03-11 23:22:58.844 10834 10834 I EmojifyExtensionImpl: EmojifyExtensionImpl.onDestroy():611 Destroying Emojify extension ezf@3e6ab09.
03-11 23:22:58.845 10834 10834 I ModuleManager: ModuleManager$ModuleInitListener.maybeUnloadModuleOnUnavailable():1386 module eyq is unavailable
03-11 23:22:58.845 10834 10834 I AbstractOpenableExtension: AbstractOpenableExtension.maybeDestroyExistingKeyboardGroupManager():534 Destroy existing keyboard group manager in ezz
03-11 23:22:58.845 10834 10834 I ModuleManager: ModuleManager$ModuleInitListener.maybeUnloadModuleOnUnavailable():1386 module IExpressionMomentExtension is unavailable
03-11 23:22:58.845 10834 10834 I ModuleManager: ModuleManager$ModuleInitListener.maybeUnloadModuleOnUnavailable():1386 module IEmojiKitchenBrowseExtension is unavailable
03-11 23:22:58.845 10834 10834 I AbstractOpenableExtension: AbstractOpenableExtension.maybeDestroyExistingKeyboardGroupManager():534 Destroy existing keyboard group manager in hme
03-11 23:22:58.845 10834 10834 I ModuleManager: ModuleManager$ModuleInitListener.maybeUnloadModuleOnUnavailable():1386 module FastAccessBarExtension is unavailable
03-11 23:22:58.846 10834 10834 I ModuleManager: ModuleManager$ModuleInitListener.maybeUnloadModuleOnUnavailable():1386 module hmt is unavailable
03-11 23:22:58.846 10834 10834 I ModuleManager: ModuleManager$ModuleInitListener.maybeUnloadModuleOnUnavailable():1386 module fkk is unavailable
03-11 23:22:58.846 10834 10834 I ModuleManager: ModuleManager$ModuleInitListener.maybeUnloadModuleOnUnavailable():1386 module IGifKeyboardExtension is unavailable
03-11 23:22:58.846 10834 10834 I ModuleManager: ModuleManager$ModuleInitListener.maybeUnloadModuleOnUnavailable():1386 module IStickerExtension is unavailable
03-11 23:22:58.847 10834 10834 I ModuleManager: ModuleManager$ModuleInitListener.maybeUnloadModuleOnUnavailable():1386 module etr is unavailable
03-11 23:22:58.847 10834 10834 I ModuleManager: ModuleManager$ModuleInitListener.maybeUnloadModuleOnUnavailable():1386 module fcx is unavailable
03-11 23:22:58.847 10834 10834 I ModuleManager: ModuleManager$ModuleInitListener.maybeUnloadModuleOnUnavailable():1386 module how is unavailable
03-11 23:22:58.848 10834 10834 I ModuleManager: ModuleManager$ModuleInitListener.maybeUnloadModuleOnUnavailable():1386 module gzb is unavailable
03-11 23:22:58.849 10834 10834 I ModuleManager: ModuleManager$ModuleInitListener.maybeUnloadModuleOnUnavailable():1386 module hzw is unavailable
03-11 23:22:58.849 10834 10834 I ModuleManager: ModuleManager$ModuleInitListener.maybeUnloadModuleOnUnavailable():1386 module nhr is unavailable
03-11 23:22:58.850 10834 10834 I ModuleManager: ModuleManager$ModuleInitListener.maybeUnloadModuleOnUnavailable():1386 module hhx is unavailable
03-11 23:22:58.850 10834 10834 I ModuleManager: ModuleManager$ModuleInitListener.maybeUnloadModuleOnUnavailable():1386 module hid is unavailable
03-11 23:22:58.850 10834 10834 I ModuleManager: ModuleManager$ModuleInitListener.maybeUnloadModuleOnUnavailable():1386 module kts is unavailable
03-11 23:22:58.850 10834 10834 I ModuleManager: ModuleManager$ModuleInitListener.maybeUnloadModuleOnUnavailable():1386 module mtm is unavailable
03-11 23:22:58.851 10834 10834 I HardKeyTracker: HardKeyTracker.unregisterKeySequence():221 Unregister key sequence nul{labelResId=0, callback=gqg@4865552, lastModifier=0, keyCodes=[57, 57], actions=[1, 0]}
03-11 23:22:58.851 10834 10834 I HardKeyTracker: HardKeyTracker.unregisterKeySequence():221 Unregister key sequence nul{labelResId=0, callback=gqg@a9d8023, lastModifier=0, keyCodes=[58, 58], actions=[1, 0]}
03-11 23:22:58.851 10834 10834 I AbstractOpenableExtension: AbstractOpenableExtension.maybeDestroyExistingKeyboardGroupManager():534 Destroy existing keyboard group manager in hjj
03-11 23:22:58.851 10834 10834 I ModuleManager: ModuleManager$ModuleInitListener.maybeUnloadModuleOnUnavailable():1386 module IEmojiSearchExtension is unavailable
03-11 23:22:58.852 10834 10834 W NotificationCenter: NotificationCenter$NotificationQueue.notifyPendingNotificationsOnExecutor():877 Heavy notify work detected on UI thread: [miy->nhv, miy->nhv, miy->nhv, miy->nhv, miy->nhv, miy->nhv, miy->nhv, miy->nhv, miy->nhv, miy->nhv, miy->nhv, miy->nhv, miy->nhv, miy->nhv, miy->nhv, miy->nhv, miy->nhv, miy->nhv, miy->nhv, miy->nhv, miy->nhv, neg->nef, neg->nef, neg->nef, neg->nef, neg->nef, neg->nef, neg->nef, neg->nef, neg->nef, neg->nef, neg->nef, neg->nef, neg->nef, neg->nef, neg->nef, neg->nef, neg->nef, kgz->nhv, kgz->nhv, kgz->nhv, kgz->nhv, kgz->nhv, kgz->nhv, kgz->nhv, kgz->nhv, kgz->nhv, neg->nef, neg->nef, neg->nef, neg->nef, neg->nef, neg->nef, neg->nef, neg->nef, neg->nef, neg->nef, neg->nef, neg->nef, neg->nef, neg->nef, neg->nef, neg->nef, neg->nef, neg->nef, neg->nef, neg->nef, neg->nef, neg->nef, neg->nef, neg->nef, neg->nef, neg->nef, neg->nef, neg->nef, neg->nef, neg->nef, neg->nef, neg->nef, neg->nef, neg->nef, neg->nef, neg->nef, neg->nef, neg->nef, neg->nef, neg->nef, neg->nef, neg->nef, neg->nef, neg->nef, neg->nef, neg->nef, neg->nef, neg->nef, neg->nef, neg->nef, neg->nef] takes 80ms
03-11 23:22:58.852 10834 10834 I ModuleManager: ModuleManager$ModuleInitListener.maybeUnloadModuleOnUnavailable():1386 module ehz is unavailable
03-11 23:22:58.853 10834 10834 I ExpressiveConceptsPredictionModuleImpl: ExpressiveConceptsPredictionModuleImpl.onDestroy():80 onDestroy()
03-11 23:22:58.854 10834 10834 I ModuleManager: ModuleManager$ModuleInitListener.maybeUnloadModuleOnUnavailable():1386 module hll is unavailable
03-11 23:22:58.854 10834 10834 I ModuleManager: ModuleManager$ModuleInitListener.maybeUnloadModuleOnUnavailable():1386 module eou is unavailable
03-11 23:22:58.854 10834 10834 I ModuleManager: ModuleManager$ModuleInitListener.maybeUnloadModuleOnUnavailable():1386 module fpp is unavailable
03-11 23:22:58.856 10834 10834 I ModuleManager: ModuleManager$ModuleInitListener.maybeUnloadModuleOnUnavailable():1386 module ndq is unavailable
03-11 23:22:58.856 10834 10834 I ModuleManager: ModuleManager$ModuleInitListener.maybeUnloadModuleOnUnavailable():1386 module lgk is unavailable
03-11 23:22:58.856 10834 10834 I ModuleManager: ModuleManager$ModuleInitListener.maybeUnloadModuleOnUnavailable():1386 module lvf is unavailable
03-11 23:22:58.856 10834 10834 I ModuleManager: ModuleManager$ModuleInitListener.maybeUnloadModuleOnUnavailable():1386 module mar is unavailable
03-11 23:22:58.856 10834 10834 I ModuleManager: ModuleManager$ModuleInitListener.maybeUnloadModuleOnUnavailable():1386 module ndj is unavailable
03-11 23:22:58.856 10834 10834 I ModuleManager: ModuleManager$ModuleInitListener.maybeUnloadModuleOnUnavailable():1386 module nuv is unavailable
03-11 23:22:58.856 10834 10834 I ModuleManager: ModuleManager$ModuleInitListener.maybeUnloadModuleOnUnavailable():1386 module okt is unavailable
03-11 23:22:58.857 10834 10834 I ModuleManager: ModuleManager$ModuleInitListener.maybeUnloadModuleOnUnavailable():1386 module lgl is unavailable
03-11 23:22:58.861 10834 10834 I GoogleInputMethodService: GoogleInputMethodService.onDestroy():968 Maybe update OEM display config because of service destruction
03-11 23:22:58.868 10834 10834 I DeviceModeModule: DeviceModeModule.calculateAndNotify():197 Window metrics is not available, fallback to app context.
03-11 23:22:58.868 10834 10834 I DeviceModeModule: DeviceModeModule.calculateAndNotify():224 Device mode 'phone' from display metrics 'DisplayMetrics{density=0.0, width=1080, height=2640, scaledDensity=0.0, xdpi=397.565, ydpi=435.428}' or smallestScreenWidthDp: 411
03-11 23:22:58.868 10834 10834 I GoogleInputMethodService: GoogleInputMethodService.clearInputMethodServiceData():1030 clearInputMethodServiceData for onDestroy
03-11 23:22:58.873 10834 10834 I GoogleInputMethodService: GoogleInputMethodService.discardAllKeyboardViewAndInputView():1262 discardAllKeyboardViewAndInputView()
03-11 23:22:58.878 10834 10834 I InputMethodEntryManager: InputMethodEntryManager.notifyCurrentInputMethodEntryOnContextChanged():545 notifyCurrentInputMethodEntryOnContextChanged()
03-11 23:22:58.879 10834 10834 I InputMethodEntryManager: InputMethodEntryManager.notifyCurrentInputMethodEntryOnContextChanged():566 Notify current input method entry changed on context change
03-11 23:22:58.879 10834 10834 I KeyboardThemeProvider: KeyboardThemeProvider.reset():39 Reset keyboard theme
03-11 23:22:58.879 10834 10834 I KeyboardContextProvider: KeyboardContextProvider.setBaseContextAndInvalidKeyboardContextCache():88 setBaseContextAndInvalidKeyboardContextCache(): null
03-11 23:22:58.882  3163  7496 W WindowManager: Cannot find window which accessibility connection is added to
03-11 23:22:58.887  3163  7496 W WindowManager: Failed looking up window session=Session{aad39a 10834:u0a10310} callers=com.android.server.wm.WindowManagerService.removeClientToken:2330 com.android.server.wm.Session.remove:275 android.view.IWindowSession$Stub.onTransact:734 
03-11 23:22:58.887  3163  7496 W WindowManager: win is null client=android.os.BinderProxy@69ac425
03-11 23:22:58.891 10834 10834 W WindowTokenClientController: Can't find attached WindowTokenClient for android.window.WindowTokenClient@4b2cf3a
03-11 23:22:58.892 10834 10834 I AbstractOpenableExtension: AbstractOpenableExtension$3.onSuccess():552 KeyboardGroupManager destroyed in ezz.
03-11 23:22:58.892 10834 10834 I AbstractOpenableExtension: AbstractOpenableExtension$3.onSuccess():552 KeyboardGroupManager destroyed in hme.
03-11 23:22:58.892 10834 10834 I AbstractOpenableExtension: AbstractOpenableExtension$3.onSuccess():552 KeyboardGroupManager destroyed in hjj.
03-11 23:22:58.893 10834 10834 I AppBase : AppBase.onTrimMemory():427 onTrimMemory(): 40
03-11 23:22:58.894 10834 10834 I KeyboardDefCache: MemoryFileCache$1.onTrimMemory():124 clearMemory() for trim memory: 40
03-11 23:22:58.894 10834 10834 I KeyboardDefCache: MemoryFileCache.clearMemory():408 evictAll()
03-11 23:22:58.904 10834 11184 I HWUI    : setGrContext validptr-->nullptr
03-11 23:22:58.981  5625  5625 I KeyguardTransitionRepository: FINISHED transition: TransitionStep(from=GONE, to=DOZING, value=1.0, transitionState=FINISHED, ownerName=FromGoneTransitionInteractor(Sleep transition triggered))
03-11 23:22:59.068  5625  5669 V WindowManagerShell: Transition requested (#9083): android.os.BinderProxy@97d0f3d TransitionRequestInfo { type = SLEEP, triggerTask = null, pipTask = null, remoteTransition = null, displayChange = null, flags = 0, debugId = 9083 }
03-11 23:22:59.068  5625  6608 V WindowManagerShell: onTransitionReady(transaction=13584982120137)
03-11 23:22:59.069  3163  6380 W Transition: Transition already started id=9083 state=2
03-11 23:22:59.069  5625  5669 V WindowManagerShell: onTransitionReady (#9083) android.os.BinderProxy@97d0f3d: {id=9083 t=SLEEP f=0x40 trk=0 r=[] c=[]}
03-11 23:22:59.069  5625  5669 V WindowManagerShell: No transition roots in (#9083) android.os.BinderProxy@97d0f3d@0 so abort
03-11 23:22:59.070  5625  5669 V WindowManagerShell: Transition animation finished (aborted=true), notifying core (#9083) android.os.BinderProxy@97d0f3d@0
03-11 23:22:59.072  5625  5669 V WindowManagerShell: Track 0 became idle
03-11 23:22:59.072  3163  3227 V WindowManager: Sent Transition (#9083) createdAt=03-11 23:22:59.067 via request=TransitionRequestInfo { type = SLEEP, triggerTask = null, pipTask = null, remoteTransition = null, displayChange = null, flags = 0, debugId = 9083 }
03-11 23:22:59.072  5625  5669 V WindowManagerShell: All active transition animations finished
03-11 23:22:59.072  3163  3227 V WindowManager:     startWCT=WindowContainerTransaction { changes = {} hops = [] errorCallbackToken=null taskFragmentOrganizer=null }
03-11 23:22:59.072  3163  3227 V WindowManager:     info={id=9083 t=SLEEP f=0x40 trk=0 r=[] c=[]}
03-11 23:22:59.072  3163  3227 V WindowManager: Finish Transition (#9083): created at 03-11 23:22:59.067 collect-started=0.061ms request-sent=0.212ms started=0.681ms ready=0.676ms sent=0.965ms finished=4.175ms
03-11 23:22:59.074  3163  5843 W UserManagerService: Requested status bar icon for non-badged user 0
03-11 23:22:59.118  2068  6063 I vendor.qti.bluetooth@1.0-ibs_handler: DeviceSleep: TX Awake, Sending SLEEP_IND
03-11 23:22:59.119  2068  6063 D vendor.qti.bluetooth@1.0-ibs_handler: SerialClockVote: vote for UART CLK OFF
03-11 23:22:59.127 28905 28905 D BoundBrokerSvc: onRebind: Intent { act=com.google.android.gms.libs.gmscorelogger.service.START dat=chimera-action:/... cmp=com.google.android.gms/.chimera.PersistentDirectBootAwareApiService }
03-11 23:22:59.130  3163  3352 D PowerManagerService: handleSandman ignore 0
03-11 23:22:59.269  2068  5913 D vendor.qti.bluetooth@1.0-wake_lock: Release wakelock is released 
03-11 23:22:59.316  4356  4356 W mount   : type=1400 audit(0.0:1885240): avc:  denied  { search } for  name="product" dev="tmpfs" ino=3 scontext=u:r:untrusted_app:s0:c95,c258,c512,c768 tcontext=u:object_r:mnt_product_file:s0 tclass=dir permissive=0 app=com.tiktok.lite.go
03-11 23:22:59.316  4356  4356 W mount   : type=1400 audit(0.0:1885241): avc:  denied  { search } for  name="product" dev="tmpfs" ino=3 scontext=u:r:untrusted_app:s0:c95,c258,c512,c768 tcontext=u:object_r:mnt_product_file:s0 tclass=dir permissive=0 app=com.tiktok.lite.go
03-11 23:22:59.316  4356  4356 W mount   : type=1400 audit(0.0:1885242): avc:  denied  { search } for  name="vendor" dev="tmpfs" ino=2 scontext=u:r:untrusted_app:s0:c95,c258,c512,c768 tcontext=u:object_r:mnt_vendor_file:s0 tclass=dir permissive=0 app=com.tiktok.lite.go
03-11 23:22:59.316  4356  4356 W mount   : type=1400 audit(0.0:1885243): avc:  denied  { search } for  name="vendor" dev="tmpfs" ino=2 scontext=u:r:untrusted_app:s0:c95,c258,c512,c768 tcontext=u:object_r:mnt_vendor_file:s0 tclass=dir permissive=0 app=com.tiktok.lite.go
03-11 23:22:59.316  4356  4356 W mount   : type=1400 audit(0.0:1885244): avc:  denied  { search } for  name="product" dev="tmpfs" ino=3 scontext=u:r:untrusted_app:s0:c95,c258,c512,c768 tcontext=u:object_r:mnt_product_file:s0 tclass=dir permissive=0 app=com.tiktok.lite.go
03-11 23:22:59.444 23589 23890 E MQTTBypassDGWStreamGroupCallbacks.cpp: onStreamGroupError TransientError domain: MNSQUICConnection code: 0 detail: Error on socket write Operation not permitted, 
03-11 23:22:59.444 23589 23890 W MQTTBypassDGWStreamGroupConnection.cpp: Restarting due to reason: StreamError
03-11 23:22:59.448 23589 24000 E msys    : E[N mns]_OnDiskCacheGetData(632)=>Start post callback cache refresh DNS resolution
03-11 23:22:59.458 23589 24000 E msys    : E[N mns]_LogError(228)=>Failed to resolve using system DNS resolver, getaddrinfo(): No address associated with hostname
03-11 23:22:59.458 23589 24000 E msys    : E[N mns]_OnDiskCacheGetData(632)=>Start post callback cache refresh DNS resolution
03-11 23:22:59.460 23589 24000 E msys    : E[N mns]_LogError(228)=>Failed to resolve using system DNS resolver, getaddrinfo(): No address associated with hostname
03-11 23:22:59.610  2224  3970 W C2BqBuffer: last successful dequeue was 7787852 us ago, 55 consecutive failures
03-11 23:22:59.647  2064  4171 D slpi-MOT_HALL: Flip send data : 0, State: far
03-11 23:22:59.647  2064  4173 I sensors-hal: handle_sns_client_event:365, mot_flip_event: now=215735551360103 hal ts=215735550766050, MOT_FLIP_STATE_OPEN, count=1529.0, cause=0.0, fwreg 1
03-11 23:22:59.647  2064  4171 E slpi    : MOT_GPIO_FLIP kernel state gpio unset
03-11 23:22:59.647  2064  4173 I sensors-hal: sns_device_mode_init:227, sns_device_mode_init Start
03-11 23:22:59.647  2064  4173 I android.hardware.sensors@2.1-service.multihal: vendor/qcom/proprietary/adsprpc/src/fastrpc_apps_user.c:1553: remote_handle64_open: Successfully opened handle 0x1aeb2550 for '":;./\createstaticpd:sensorspd&_dom=adsp on domain 0
03-11 23:22:59.648  3163  3231 I DeviceStateManagerService: Cannot notify device state info change when pending state is present.
03-11 23:22:59.649  2064  4173 I android.hardware.sensors@2.1-service.multihal: vendor/qcom/proprietary/adsprpc/src/fastrpc_perf.c:273: fastrpc_perf_init: enabled systrace 0x0 and RPC traces (kernel 0, dsp 0) with frequency 1000
03-11 23:22:59.649  2064  4376 I android.hardware.sensors@2.1-service.multihal: vendor/qcom/proprietary/adsprpc/src/log_config.c:348: file_watcher_thread starting for domain 0
03-11 23:22:59.649  2064  4376 W android.hardware.sensors@2.1-service.multihal: vendor/qcom/proprietary/adsprpc/src/log_config.c:358:file_watcher_thread: Couldn't find file android.hardware.sensors@2.1-service.multihal.farf, errno (No such file or directory)
03-11 23:22:59.649  2064  4375 I android.hardware.sensors@2.1-service.multihal: vendor/qcom/proprietary/adsprpc/src/listener_android.c:116: listener thread starting
03-11 23:22:59.650  3163  3227 D TouchHwAidlService: onStateChanged.. state=1
03-11 23:22:59.651  2064  4375 I android.hardware.sensors@2.1-service.multihal: vendor/qcom/proprietary/adsprpc/src/mod_table.c:703: open_mod_table_open_from_static: reverse module apps_std opened with handle 0x450dfe00 (idx 0)
03-11 23:22:59.651  2064  4375 I android.hardware.sensors@2.1-service.multihal: vendor/qcom/proprietary/adsprpc/src/apps_std_imp.c:860: Successfully opened file /vendor/dsp/adsp/libsns_device_mode_skel.so
03-11 23:22:59.652  3163  3231 I LogicalDisplayMapper: Requesting Transition to state: 1, from state=0, interactive=false, mBootCompleted=true
03-11 23:22:59.652  3163  3231 I LogicalDisplayMapper: Applying layout: [{dispId: 0(ON), displayGroupName: , addr: {port=130, model=0x40446dccee101c}, mThermalBrightnessThrottlingMapId: null, mRefreshRateZoneId: null, mLeadDisplayId: -1, mLeadDisplayAddress: null, mThermalRefreshRateThrottlingMapId: null, mPowerThrottlingMapId: null}], Previous layout: [{dispId: 0(ON), displayGroupName: , addr: {port=130, model=0x40446dccee101c}, mThermalBrightnessThrottlingMapId: null, mRefreshRateZoneId: null, mLeadDisplayId: -1, mLeadDisplayAddress: null, mThermalRefreshRateThrottlingMapId: null, mPowerThrottlingMapId: null}]
03-11 23:22:59.652  3163  3231 D CLI/Rotation: Set volume keyswap sysprop for rotation 0 lidState CLOSED
03-11 23:22:59.653  3163  3229 D CLI/SmallCLI: onDeviceLidStateChanged: state=CLOSED
03-11 23:22:59.658  2064  4173 E android.hardware.sensors@2.1-service.multihal: vendor/qcom/proprietary/adsprpc/src/fastrpc_apps_user.c:1491: Error 0x80000406: remote_handle_open_domain: dynamic loading failed for file:///libsns_device_mode_skel.so?sns_device_mode_skel_handle_invoke&_modver=1.0&_dom=adsp on domain 0 (dlerror segment 0 failed hash verification(0x34DC000 B)) (errno Success)
03-11 23:22:59.658  2064  4173 E android.hardware.sensors@2.1-service.multihal: vendor/qcom/proprietary/adsprpc/src/fastrpc_apps_user.c:1550: Error 0x80000406: remote_handle64_open failed for file:///libsns_device_mode_skel.so?sns_device_mode_skel_handle_invoke&_modver=1.0&_dom=adsp (errno Success)
03-11 23:22:59.658  2064  4173 I sensors-hal: sns_device_mode_init:262, sns_device_mode_init End
03-11 23:22:59.658  2064  4173 E sensors-hal: sendDeviceMode:287, mot_flip: one or mode handles unopened: dm 0 rpc 1
03-11 23:22:59.659  2064  4173 E android.hardware.sensors@2.1-service.multihal: vendor/qcom/proprietary/adsprpc/src/fastrpc_apps_user.c:1366: Error 0x80000600: remote_handle_invoke failed for handle 0x0, method 1 on domain 0 (sc 0x1010200) (errno Success)
03-11 23:22:59.659  2064  4173 E android.hardware.sensors@2.1-service.multihal: vendor/qcom/proprietary/adsprpc/src/fastrpc_apps_user.c:1575: Error 0x80000600: remote_handle_close failed for handle 0x0 (dlerr \) (errno Success)
03-11 23:22:59.659  2064  4173 I android.hardware.sensors@2.1-service.multihal: vendor/qcom/proprietary/adsprpc/src/fastrpc_apps_user.c:2737: domain_deinit for domain 0: dev 77
03-11 23:22:59.661  2064  4375 E android.hardware.sensors@2.1-service.multihal: vendor/qcom/proprietary/adsprpc/src/fastrpc_apps_user.c:3516: exit_thread current process1 thread exit nErr = 0x8000040d domain 0, handle 0xb400007d1aeb2550
03-11 23:22:59.661  2064  4376 W android.hardware.sensors@2.1-service.multihal: vendor/qcom/proprietary/adsprpc/src/log_config.c:368:Warning: file_watcher_thread received exit for domain 0, file android.hardware.sensors@2.1-service.multihal.farf
03-11 23:22:59.662  2064  4376 I android.hardware.sensors@2.1-service.multihal: vendor/qcom/proprietary/adsprpc/src/log_config.c:415: file_watcher_thread exiting for domain 0
03-11 23:22:59.662  2064  4173 I android.hardware.sensors@2.1-service.multihal: vendor/qcom/proprietary/adsprpc/src/mod_table.c:789: open_mod_table_close: closed reverse module apps_std with handle 0x450dfe00
03-11 23:22:59.663  2064  4173 E android.hardware.sensors@2.1-service.multihal: vendor/qcom/proprietary/adsprpc/src/fastrpc_apps_user.c:1614: Error 0x80000600: remote_handle64_close failed for handle 0xb400007d1aeb2550 remote handle 0x0 (errno Success)
03-11 23:22:59.664  3163  4279 I CLI/Transition_Device: lid state changed: CLOSED -> OPEN, device state changed to CLOSED
03-11 23:22:59.664  3163  4279 D CLI/Transition_Lid: update lid state OPEN
03-11 23:22:59.666  6461  6564 I Capsense_Cal: Sensor GetEvents event_count==1
03-11 23:22:59.666  6461  6564 D Capsense_Cal: SensorThread sensorEvents
03-11 23:22:59.666  6461  6564 D Capsense_Cal: Capsensor hallEventHandler sensorEvents->data[0]==1.000000
03-11 23:22:59.666  6461  6564 D Capsense_Cal: start cal : /sys/class/capsense/capsense1/reset, msg: flip_far
03-11 23:22:59.668  6461  6564 D Capsense_Cal: start cal : /sys/class/capsense/capsense0/reset, msg: flip_far
03-11 23:22:59.669  3163  4279 W InputDispatcher: Focused display #0 does not have a focused window.
03-11 23:22:59.669  3163  4279 E InputDispatcher: But another display has a focused window
03-11 23:22:59.669  3163  4279 E InputDispatcher:   FocusedWindows:
03-11 23:22:59.669  3163  4279 E InputDispatcher:     displayId=1, name='2b129fe Venus-Home'
03-11 23:22:59.670  3163  3227 D TouchHwAidlService: onTapToWakeSettingsChanged isAmbientDisplayAvailable=1 aodEnable=true singleTapEnable=true doubleTapEnable=true lidState=1 callers=com.motorola.server.display.TouchHwAidlService.-$$Nest$monTapToWakeSettingsChanged:0 com.motorola.server.display.TouchHwAidlService$4.onChange:573 android.database.ContentObserver.onChange:184 
03-11 23:22:59.670  3163  3227 D TouchHwAidlService: enableTapWake mode=33 displayId=0 mGestureStowMode=true
03-11 23:22:59.670  3163  3231 W AccessibilityWindowsPopulator: The displayInfo of this displayId (0) called back from the surface fligner is null
03-11 23:22:59.670  2106  2106 I motorola.hardware.display.touch-service: Setting Gesture to 33
03-11 23:22:59.670  3163  3227 D TouchHwAidlService: setGestureModeHal done mode=33 newMode=33 result=0
03-11 23:22:59.670  3163  3227 D TouchHwAidlService: enableTapWake mode=33 displayId=1 mGestureStowMode=true
03-11 23:22:59.670  3163  3227 D TouchHwAidlService: transfer mode=33 transMode=32 cli=true
03-11 23:22:59.671  2106  2106 I motorola.hardware.display.touch-service: Setting CLI Gesture to 32
03-11 23:22:59.671  3163  3227 D TouchHwAidlService: setCliGestureModeHal done mode=33 newMode=32 result=0
03-11 23:22:59.671  3163  3227 D TouchHwAidlService: enableTapWake mode=49 displayId=-1 mGestureStowMode=true
03-11 23:22:59.671  2106  2106 I motorola.hardware.display.touch-service: Setting Gesture to 49
03-11 23:22:59.671  5625  5625 D SCliNotifPanelController: onLidOpen
03-11 23:22:59.671  3163  3227 D TouchHwAidlService: setGestureModeHal done mode=49 newMode=49 result=0
03-11 23:22:59.671  3163  3227 D TouchHwAidlService: transfer mode=49 transMode=48 cli=true
03-11 23:22:59.671  5625  5625 V SmallCli_WindowController: state=SmallCli window State {
03-11 23:22:59.671  5625  5625 V SmallCli_WindowController:   mBrightnessVisible: false
03-11 23:22:59.671  5625  5625 V SmallCli_WindowController:   mDynamicPanelVisible: false
03-11 23:22:59.671  5625  5625 V SmallCli_WindowController:   mFlashLightPrompt: false
03-11 23:22:59.671  5625  5625 V SmallCli_WindowController:   mHeadsUpPanelVisible: false
03-11 23:22:59.671  5625  5625 V SmallCli_WindowController:   mKeyguardOccluded: false
03-11 23:22:59.671  5625  5625 V SmallCli_WindowController:   mLidOpen: true
03-11 23:22:59.671  5625  5625 V SmallCli_WindowController:   mNotificationVisible: false
03-11 23:22:59.671  5625  5625 V SmallCli_WindowController:   mPowerMenuVisible: false
03-11 23:22:59.671  5625  5625 V SmallCli_WindowController:   mQsVisible: false
03-11 23:22:59.671  5625  5625 V SmallCli_WindowController:   mVolumeVisible: false
03-11 23:22:59.671  5625  5625 V SmallCli_WindowController: }
03-11 23:22:59.671  2106  2106 I motorola.hardware.display.touch-service: Setting CLI Gesture to 48
03-11 23:22:59.671  3163  3227 D TouchHwAidlService: setCliGestureModeHal done mode=49 newMode=48 result=0
03-11 23:22:59.674  2067  2067 D AHAL: AudioDevice: SetParameters: 1564: enter: cli_state=open
03-11 23:22:59.674  2067  2067 D AHAL: AudioVoice: VoiceSetParameters: 87: Enter params: cli_state=open
03-11 23:22:59.674  2067  2067 D AHAL: AudioVoice: VoiceSetParameters: 360: Exit ret: 0
03-11 23:22:59.674  2067  2067 D AHAL: FM: fm_set_parameters: 262: Enter
03-11 23:22:59.674  2067  2067 D AHAL: FM: fm_set_parameters: 320: exit
03-11 23:22:59.674  2067  2067 D AHAL: AudioDevice: SetParameters: 2361: exit: cli_state=open
03-11 23:22:59.676  2723  2723 I CameraService: Previous DeviceState : 4 New DeviceState : 0
03-11 23:22:59.676  2186  2186 I CamxPrvdr@2.7-legacy: notifyDeviceStateChange: New device state: 0x0
03-11 23:22:59.676  2186  2186 I CamxComm1.0-CamModule: notifyDeviceStateChange: calling notify_device_state_change with state 0
03-11 23:22:59.676  2186  2186 D CamX    : [DEBUG][HAL    ] camxhal3module.cpp:411 NotifyDeviceStateChange() New Device State: 0
03-11 23:22:59.679  7314  7314 D GameMode: mCLIStatusReceiver: 1
03-11 23:22:59.679  7314  7314 D GameMode: exiting game mode
03-11 23:22:59.679  3163  4279 D CLI/Transition_Lid: started waiting for displaygroup 1 off. needMove:false, wakeForContinuityAtWill:false
03-11 23:22:59.680  3163  4279 I PowerGroup: Sleeping power group (groupId=1, uid=1000, reason=lid_switch)...
03-11 23:22:59.680  3163  4279 D PowerManagerService: ignore setGlobalWakefulnessLocked 0 due to lid state change.
03-11 23:22:59.680  3163  3352 E SensorManager: sensor or listener is null
03-11 23:22:59.681  2064  2064 I sensors-hal: batch:206, com.motorola.sensor.alternate_light/65959, period=250000000, max_latency=0
03-11 23:22:59.681  2064  2064 I sensors-hal: set_config:61, no need to adjust sample_period_ns due to reporting_mode = 2
03-11 23:22:59.681  2064  2064 I sensors-hal: batch:215, com.motorola.sensor.alternate_light/65959, period=250000000, max_latency=0 request completed
03-11 23:22:59.682  2064  2064 I sensors-hal: activate:173, com.motorola.sensor.alternate_light/65959 en=1
03-11 23:22:59.682  2064  2064 I sensors-hal: get_qmi_debug_flag:239, support_qmi_debug : false
03-11 23:22:59.682  2061  2108 E minksocket: MinkIPC_QRTR_Service: client with node 1 port 6aac went down
03-11 23:22:59.683  6344  6344 I WindowController: window interactive state updated to false
03-11 23:22:59.683  2061  2108 E minksocket: MinkIPC_QRTR_Service: client with node 1 port 6aad went down
03-11 23:22:59.683  2064  2064 E Diag_Lib: diag: Diag_LSM_Init: invoked for pid: 2064 with init_count: 0
03-11 23:22:59.683  2064  2064 E Diag_Lib: diag:failed to connect to diag socket
03-11 23:22:59.683  2064  2064 E Diag_Lib:  Diag_LSM_Init: Failed to open handle to diag driver, error = 13
03-11 23:22:59.683  2064  2064 I sensors-hal: send_sensor_config_request:463, dt=ambient_light_1: convert sample_period=250000000 to batch_period=250000
03-11 23:22:59.684  2064  2064 I sensors-hal: send_sync_sensor_request:341, send sync request
03-11 23:22:59.684  2064  2064 I sensors-hal: send_sync_sensor_request:367, wait for notification of response
03-11 23:22:59.684  2061  2108 E minksocket: MinkIPC_QRTR_Service: client with node 1 port 6aae went down
03-11 23:22:59.684  2061  2108 E minksocket: MinkIPC_QRTR_Service: client with node 1 port 6aa1 went down
03-11 23:22:59.684  2061  2108 E minksocket: MinkIPC_QRTR_Service: client with node 1 port 6a98 went down
03-11 23:22:59.684  2061  2108 E minksocket: MinkIPC_QRTR_Service: client with node 1 port 6a8c went down
03-11 23:22:59.684  2061  2108 E minksocket: MinkIPC_QRTR_Service: client with node 1 port 6a92 went down
03-11 23:22:59.684  2061  2108 E minksocket: MinkIPC_QRTR_Service: client with node 1 port 6aaf went down
03-11 23:22:59.684  3163  7441 W InputManager-JNI: Input channel object '[Gesture Monitor] moto_actions_input_channel (client)' was disposed without first being removed with the input manager!
03-11 23:22:59.686  2064  4379 I sensors-hal: ssc_conn_resp_cb:632, resp_value = 0
03-11 23:22:59.686  2064  2064 I sensors-hal: send_sync_sensor_request:373, takes 2 ms to receive the response with 0
03-11 23:22:59.686  2064  2064 I sensors-hal: activate:184, com.motorola.sensor.alternate_light/65959 en=1 completed
03-11 23:22:59.687  3163  3352 I DisplayPowerController2[1]: 03-11 23:22:59.686 - BrightnessEvent: disp=1, physDisp=local:4630947043778501763, displayState=ON, displayPolicy=OFF, brt=0.17289816, initBrt=0.17289816, rcmdBrt=NaN, preBrt=NaN, lux=NaN, preLux=NaN, brtNits=36.08864, hdrNits=NaN, initNits=36.08864, preNits=NaN, rcmdNits=NaN, hdrBrightness=NaN, brt(%)=23%, brtInt=45, hbmPolicy=normal, hbmMax=0.7660316, hbmMode=off, rbcStrength=-1, thrmMax=1.0, powerFactor=1.0, wasShortTermModelActive=false, flags=invalid_lux , reason=manual, autoBrightness=true, strategy=InvalidBrightnessStrategy, autoBrightnessMode=default
03-11 23:22:59.688  3163  3352 I DisplayPowerController2[1]: Blocking screen off
03-11 23:22:59.688  3163  3352 I WindowManager: Display 1 turning off...
03-11 23:22:59.688  3163  3352 I DisplayPowerController2[1]: Unblocked screen off after 0 ms
03-11 23:22:59.689  3163  3352 I WindowManager: Display1 turned off...
03-11 23:22:59.689  3163  3352 I DisplayBrightnessStrategySelector: Changing the DisplayBrightnessStrategy from InvalidBrightnessStrategy to ScreenOffBrightnessStrategy for display 1
03-11 23:22:59.689  3163  3229 D CLI/SmallCLI: onScreenTurnedOff: 
03-11 23:22:59.690  2064  2064 I sensors-hal: activate:173, com.motorola.sensor.alternate_light/65959 en=0
03-11 23:22:59.690  2064  2064 I sensors-hal: activate:184, com.motorola.sensor.alternate_light/65959 en=0 completed
03-11 23:22:59.690  2061  2108 E minksocket: MinkIPC_QRTR_Service: client with node 1 port 6ab0 went down
03-11 23:22:59.691  3163  3352 V DisplayPowerController2[1]: Brightness [0.0] reason changing to: 'screen_off', previous reason: 'manual'.
03-11 23:22:59.692  7314  7314 D GameMode: isFeatureSupported: true
03-11 23:22:59.692  3163  3352 I DisplayPowerController2[1]: 03-11 23:22:59.691 - BrightnessEvent: disp=1, physDisp=local:4630947043778501763, displayState=OFF, displayPolicy=OFF, brt=0.0, initBrt=0.17289816, rcmdBrt=NaN, preBrt=NaN, lux=0.0, preLux=0.0, brtNits=3.3701954, hdrNits=NaN, initNits=36.08864, preNits=NaN, rcmdNits=NaN, hdrBrightness=NaN, brt(%)=0%, brtInt=1, hbmPolicy=normal, hbmMax=0.7660316, hbmMode=off, rbcStrength=-1, thrmMax=1.0, powerFactor=1.0, wasShortTermModelActive=false, flags=, reason=screen_off, autoBrightness=true, strategy=ScreenOffBrightnessStrategy, autoBrightnessMode=default
03-11 23:22:59.692  2723  2723 E VendorTagDescriptor: lookupTag: Tag name 'support_get_property_2_0' does not exist.
03-11 23:22:59.694  3163  5308 D TouchHwAidlService: setCliDisplayState: mCliScreenOff=true
03-11 23:22:59.694  3163  5308 D TouchHwAidlService: onTapToWakeSettingsChanged isAmbientDisplayAvailable=1 aodEnable=true singleTapEnable=true doubleTapEnable=true lidState=1 callers=com.motorola.server.display.TouchHwAidlService.setCliDisplayState:554 com.motorola.server.MotoExtHwService$MotoExtHwManagerInternal.setCliDisplayState:454 com.android.server.display.LocalDisplayAdapter$LocalDisplayDevice$1.setDisplayState:1082 
