03-11 23:25:59.597  2064  4171 D slpi-TCS3720: PRX_OC info Far, Total 0, pdata 0, offset 0 step 0.63, ore 0:0 step 21.00, TH_H 1020, TH_L 0, client 0
03-11 23:25:59.597  2064  4171 I slpi-MOT_HINGE: Hingeposture 180.0 tent:0 gpio:-1 flip:1 flat:1 b:2.0 8.3 4.9 -152.2 96.4 28.8 f:1.9 8.8 3.6 -493.8 95.1 24.6
03-11 23:25:59.599  2163  2163 D motorola.hardware.sensorext-service: handle id:13 wxh:1088x2640 uwxuh:1080x2640 size: 11489280 fd:11 fd_meta:12 flags:0x4000228 usage:0x33  format:0x1 layer_count: 1 reserved_size = 0
03-11 23:25:59.601  2064 12955 I sensors-hal: handle_indication_realtime:467,  SCHED_FIFO(10) for qmi_cbk
03-11 23:25:59.602  5493  5971 I AndroidGraphics: resumed
03-11 23:25:59.603  2195  2392 I SDM     : HWCSession::SetCWBOutputBuffer: CWB config passed by cwb_client : tappoint 1  CWB_ROI : (210.000000 26.000000 274.000000 90.000000) for display [1 0 0]
03-11 23:25:59.608  3163  3231 I DeviceStateManagerService: Cannot notify device state info change when pending state is present.
03-11 23:25:59.610  3163  3227 D TouchHwAidlService: onStateChanged.. state=5
03-11 23:25:59.610  3163  3229 D CLI/SmallCLI: onDeviceLidStateChanged: state=OPEN
03-11 23:25:59.610  3163  3352 W BoostOptController: not supported hint: 118
03-11 23:25:59.611  3163  3231 I LogicalDisplayMapper: Requesting Transition to state: 5, from state=4, interactive=true, mBootCompleted=true
03-11 23:25:59.611  3163  3231 I LogicalDisplayMapper: Applying layout: [{dispId: 0(ON), displayGroupName: , addr: {port=130, model=0x40446dccee101c}, mThermalBrightnessThrottlingMapId: null, mRefreshRateZoneId: null, mLeadDisplayId: -1, mLeadDisplayAddress: null, mThermalRefreshRateThrottlingMapId: null, mPowerThrottlingMapId: null}], Previous layout: [{dispId: 0(ON), displayGroupName: , addr: {port=130, model=0x40446dccee101c}, mThermalBrightnessThrottlingMapId: null, mRefreshRateZoneId: null, mLeadDisplayId: -1, mLeadDisplayAddress: null, mThermalRefreshRateThrottlingMapId: null, mPowerThrottlingMapId: null}]
03-11 23:25:59.612  2064  2064 I sensors-hal: batch:206, android.sensor.hinge_angle/362, period=200000000, max_latency=0
03-11 23:25:59.612  2064  2064 I sensors-hal: set_config:61, no need to adjust sample_period_ns due to reporting_mode = 2
03-11 23:25:59.612  2064  2064 I sensors-hal: batch:215, android.sensor.hinge_angle/362, period=200000000, max_latency=0 request completed
03-11 23:25:59.612  2064  2064 I sensors-hal: activate:173, android.sensor.hinge_angle/362 en=1
03-11 23:25:59.613  2195 12956 I SDM     : HWCDisplay::SetReadbackBuffer: CWB config from client: tap_point 1, CWB ROI Rect(210.000000 26.000000 274.000000 90.000000), PU_as_CWB_ROI 0, Cwb full rect : (0.000000 0.000000 1080.000000 2640.000000)
03-11 23:25:59.613  2195 12956 I SDM     : HWCDisplay::SetReadbackBuffer: Successfully configured the output buffer: readback_buffer_queued_ 1, readback_configured_ 0, cwb_client 3
03-11 23:25:59.613  2195 12956 I SDM     : HWCSession::ProcessRequests: Successfully configured CWB buffer.
03-11 23:25:59.614  2064  2064 I sensors-hal: get_qmi_debug_flag:239, support_qmi_debug : false
03-11 23:25:59.616  2061  2108 E minksocket: MinkIPC_QRTR_Service: client with node 1 port 6ede went down
03-11 23:25:59.617  2061  2108 E minksocket: MinkIPC_QRTR_Service: client with node 1 port 6edf went down
03-11 23:25:59.618  3163  3231 I DisplayDeviceRepository: Display device changed: DisplayDeviceInfo{"Built-in Screen": uniqueId="local:4630947043778501762", 1080 x 2640, modeId 1, renderFrameRate 120.00001, defaultModeId 1, userPreferredModeId -1, supportedModes [{id=1, width=1080, height=2640, fps=120.00001, vsync=120.00001, synthetic=false, alternativeRefreshRates=[24.000002, 60.000004], supportedHdrTypes=[2, 3, 4]}, {id=2, width=1080, height=2640, fps=144.00002, vsync=144.00002, synthetic=false, alternativeRefreshRates=[], supportedHdrTypes=[2, 3, 4]}, {id=3, width=1080, height=2640, fps=90.0, vsync=90.0, synthetic=false, alternativeRefreshRates=[], supportedHdrTypes=[2, 3, 4]}, {id=4, width=1080, height=2640, fps=60.000004, vsync=60.000004, synthetic=false, alternativeRefreshRates=[24.000002, 120.00001], supportedHdrTypes=[2, 3, 4]}, {id=5, width=1080, height=2640, fps=30.000002, vsync=30.000002, synthetic=false, alternativeRefreshRates=[], supportedHdrTypes=[2, 3, 4]}, {id=6, width=1080, height=2640, fps=24.000002, vsync=24.000002, synthetic=false, alternativeRefreshRates=[60.000004, 120.00001], supportedHdrTypes=[2, 3, 4]}], supportedReadyForModes [], colorMode 0, supportedColorModes [0, 7, 9], hdrCapabilities HdrCapabilities{mSupportedHdrTypes=[2, 3, 4], mMaxLuminance=420.0, mMaxAverageLuminance=210.1615, mMinLuminance=0.323}, allmSupported false, gameContentTypeSupported false, density 420, 397.565 x 435.428 dpi, appVsyncOff 1000000, presDeadline 13333332, cutout DisplayCutout{insets=Rect(0, 108 - 0, 0) waterfall=Insets{left=0, top=0, right=0, bottom=0} boundingRect={Bounds=[Rect(0, 0 - 0, 0), Rect(495, 0 - 585, 108), Rect(0, 0 - 0, 0), Rect(0, 0 - 0, 0)]} cutoutPathParserInfo={CutoutPathParserInfo{displayWidth=1080 displayHeight=2640 physicalDisplayWidth=1080 physicalDisplayHeight=2640 density={2.625} cutoutSpec={M -45,0 L 45,0 L 45,108 L -45,108 Z} rotation={0} scale={1.0} physicalPixelDisplaySizeRatio={1.0}}} sideOverrides={}}, touch INTERNAL, rotation 0, type INTERNAL, address {port=130, model=0x40446dccee101c}, deviceProductInfo DeviceProductInfo{name=, manufacturerPnpId=QCM, productId=1, modelYear=null, manufactureDate=ManufactureDate{week=27, year=2006}, connectionToSinkType=0}, state ON, committedState ON, frameRateOverride {uid=10254 frameRateHz=120.00001} , brightnessMinimum 0.0, brightnessMaximum 1.0, brightnessDefault 0.38188976, hdrSdrRatio 1.0, FLAG_ALLOWED_TO_BE_DEFAULT_DISPLAY, FLAG_ROTATES_WITH_CONTENT, FLAG_SECURE, FLAG_SUPPORTS_PROTECTED_BUFFERS, FLAG_TRUSTED, installOrientation 0, displayShape DisplayShape{ spec=-1962366115 displayWidth=1080 displayHeight=2640 physicalPixelDisplaySizeRatio=1.0 rotation=0 offsetX=0 offsetY=0 scale=1.0}}
03-11 23:25:59.618  2061  2108 E minksocket: MinkIPC_QRTR_Service: client with node 1 port 6ee0 went down
03-11 23:25:59.619  2064  2064 E Diag_Lib: diag: Diag_LSM_Init: invoked for pid: 2064 with init_count: 0
03-11 23:25:59.619  2064  2064 E Diag_Lib: diag:failed to connect to diag socket
03-11 23:25:59.619  2064  2064 E Diag_Lib:  Diag_LSM_Init: Failed to open handle to diag driver, error = 13
03-11 23:25:59.619  5625  5625 I vol.VolumeDialogImpl: mDialog.dismiss() reason: posture_changed from: com.android.systemui.volume.VolumeDialogImpl$H.handleMessage:111 displayId: 0 mShowing: false mIsAnimatingDismiss: true
03-11 23:25:59.619  5625  5625 D vol.VolumeDialogImpl: dismissH: skipping dismiss because isAnimatingDismiss is true and showingStateInconsistent is false
03-11 23:25:59.619  2064  2064 I sensors-hal: send_sensor_config_request:463, dt=mot_hinge: convert sample_period=200000000 to batch_period=200000
03-11 23:25:59.619  2064  2064 I sensors-hal: send_sync_sensor_request:341, send sync request
03-11 23:25:59.619  2064  2064 I sensors-hal: send_sync_sensor_request:367, wait for notification of response
03-11 23:25:59.619  2061  2108 E minksocket: MinkIPC_QRTR_Service: client with node 1 port 6ee1 went down
03-11 23:25:59.622  2195 12956 I SDM     : HWCSession::ProcessRequests: Pushing release fence in fenece wait queue.
03-11 23:25:59.622  2195 12956 I SDM     : HWCSession::ProcessRequests: Creating AsyncFenceWaits async thread.
03-11 23:25:59.622  2195 12956 I SDM     : HWCSession::ProcessRequests: Remove current CWB request from the pending request queue.
03-11 23:25:59.622  2195 12956 I SDM     : HWCSession::ProcessRequests: No pending cwb requests found in the queue.
03-11 23:25:59.622  2064 12959 I sensors-hal: ssc_conn_resp_cb:632, resp_value = 0
03-11 23:25:59.622  2064  2064 I sensors-hal: send_sync_sensor_request:373, takes 2 ms to receive the response with 0
03-11 23:25:59.622  2064  2064 I sensors-hal: activate:184, android.sensor.hinge_angle/362 en=1 completed
03-11 23:25:59.624  3163  4279 I CLI/Transition_Device: lid state changed: OPEN -> OPEN, device state changed to OPEN
03-11 23:25:59.624  3163  4279 D CLI/Rotation: Set volume keyswap sysprop for rotation 2 lidState OPEN
03-11 23:25:59.627  3163  4279 E WindowManager: Display reconfigured outside of a transition: Display{#0 state=ON size=1080x2640 ROTATION_0}
03-11 23:25:59.631  3163  3352 D BrightnessThermalClamper: Thermal status observer already started
03-11 23:25:59.632  5625  5625 I KeyguardTransitionRepository: FINISHED transition: TransitionStep(from=DOZING, to=LOCKSCREEN, value=1.0, transitionState=FINISHED, ownerName=FromDozingTransitionInteractor)
03-11 23:25:59.636  2195 12960 I SDM     : HWCSession::NotifyCWBStatus: Notify the client about buffer status 0.
03-11 23:25:59.637  2195 12960 I SDM     : HWCSession::PerformFenceWaits: Remove current release fence from the pending fence wait queue.
03-11 23:25:59.637  2195 12960 I SDM     : HWCSession::PerformFenceWaits: CWB fence queue is empty. No pending release fence to wait on.
03-11 23:25:59.638  2195  2269 I SDM     : HWDeviceDRM::SetupConcurrentWriteback: Tear down the Concurrent Writeback topology
03-11 23:25:59.640 31250 31264 D WallpaperLoader: StatusBarColorChangeListener: isStatusAreaLight = true
03-11 23:25:59.640 23589 23991 W RealtimeClientManager: Channel state: MqttChannelState{mConnectionState=DISCONNECTED, mDisconnectionReason=null, mLastConnectionMs=215889656, mLastDisconnectMs=215915545}
03-11 23:25:59.646  2163  2163 D SENSOREXT_ALS_COMP: FrontLight: ReportLux 4.90 (1.21-16.29), pre 4.90, dbv 2356, dc 0, fps 90, chPanel 6.68-3.63-2.78-1.06, facCal:lux_s 1.19 cha_s 1.03-1.03-1.07-1.19, RunInfo: DPB 22490-100, TF 22490-0
03-11 23:25:59.648  3163  3352 V DisplayPowerController2[0]: Brightness [0.15736791] reason changing to: 'automatic', previous reason: 'manual'.
03-11 23:25:59.649  3163  3352 I DisplayPowerController2[0]: 03-11 23:25:59.648 - BrightnessEvent: disp=0, physDisp=local:4630947043778501762, displayState=ON, displayPolicy=BRIGHT, brt=0.15736791, initBrt=0.120494604, rcmdBrt=0.15736791, preBrt=NaN, lux=4.875, preLux=NaN, brtNits=18.92379, hdrNits=NaN, initNits=12.34319, preNits=NaN, rcmdNits=18.92379, hdrBrightness=NaN, brt(%)=18%, brtInt=41, hbmPolicy=normal, hbmMax=0.85440856, hbmMode=off, rbcStrength=50, thrmMax=1.0, powerFactor=1.0, wasShortTermModelActive=false, flags=, reason=automatic, autoBrightness=true, strategy=InvalidBrightnessStrategy, autoBrightnessMode=default
03-11 23:25:59.650  2300  2639 I SurfaceFlinger: mBrightnessDiming=1, isCli=0, mBrightnessDimingCnt=0
03-11 23:25:59.651  3163  3163 I BrightnessSynchronizer: New Update: {[14091] 0.15736791(f), mUpdatedTypes=1, mConfirmedTypes=0, mTimeUpdated=0, mState=2}
03-11 23:25:59.652  3163  3163 I BrightnessSynchronizer: [14091] New Update 0.15736791(f) set brightness values:  41(i)
03-11 23:25:59.652  3163  3163 I BrightnessSynchronizer: New PendingUpdate: {[14092] 0.15736791(f), mUpdatedTypes=0, mConfirmedTypes=0, mTimeUpdated=0, mState=1}, prev=null
03-11 23:25:59.653  3163  3163 I BrightnessSynchronizer: Swallowing update of 41(i) by update: {[14091] 0.15736791(f), mUpdatedTypes=1, mConfirmedTypes=1, mTimeUpdated=123051442, mState=2}
03-11 23:25:59.653  3163  3163 I BrightnessSynchronizer: Completed Update: {[14091] 0.15736791(f), mUpdatedTypes=1, mConfirmedTypes=1, mTimeUpdated=123051442, mState=3}
03-11 23:25:59.653  3163  3163 I BrightnessSynchronizer: New Update: {[14092] 0.15736791(f), mUpdatedTypes=0, mConfirmedTypes=0, mTimeUpdated=0, mState=2}
03-11 23:25:59.659  2064  4171 D slpi-TCS3720: ALS_REPORT lux 21.444311, ch0 10.123451-6.168344-3.980698-1.671766, scale 1.1878, fps 90, client 1
03-11 23:25:59.660  2064  4171 D slpi-TCS3720: PRX_OC info Far, Total 0, pdata 0, offset 0 step 0.63, ore 0:0 step 21.00, TH_H 1020, TH_L 0, client 0
03-11 23:25:59.713  2300  4965 I SurfaceFlinger: mBrightnessDiming=0, isCli=0, mBrightnessDimingCnt=0
03-11 23:25:59.715  3163  3163 I BrightnessSynchronizer: New Update: {[14093] 0.15736791(f), mUpdatedTypes=0, mConfirmedTypes=0, mTimeUpdated=0, mState=2}
03-11 23:25:59.726  2064  4171 D slpi-TCS3720: ALS_REPORT lux 28.097075, ch0 13.088525-7.759659-5.195972-2.214547, scale 1.1878, fps 90, client 1
03-11 23:25:59.726  2064  4171 D slpi-TCS3720: PRX_OC info Far, Total 0, pdata 0, offset 0 step 0.63, ore 0:0 step 21.00, TH_H 1020, TH_L 0, client 0
03-11 23:25:59.770 11455 11687 I FA      : Application backgrounded at: timestamp_millis: 1773285957770
03-11 23:25:59.796  2064 12959 I sensors-hal: handle_indication_realtime:467,  SCHED_FIFO(10) for qmi_cbk
03-11 23:25:59.796  2163  2163 D motorola.hardware.sensorext-service: handle id:13 wxh:1088x2640 uwxuh:1080x2640 size: 11489280 fd:11 fd_meta:12 flags:0x4000228 usage:0x33  format:0x1 layer_count: 1 reserved_size = 0
03-11 23:25:59.799  2195  2392 I SDM     : HWCSession::SetCWBOutputBuffer: CWB config passed by cwb_client : tappoint 1  CWB_ROI : (210.000000 26.000000 274.000000 90.000000) for display [1 0 0]
03-11 23:25:59.800  2195 12961 I SDM     : HWCDisplay::SetReadbackBuffer: CWB config from client: tap_point 1, CWB ROI Rect(210.000000 26.000000 274.000000 90.000000), PU_as_CWB_ROI 0, Cwb full rect : (0.000000 0.000000 1080.000000 2640.000000)
03-11 23:25:59.800  2195 12961 I SDM     : HWCDisplay::SetReadbackBuffer: Successfully configured the output buffer: readback_buffer_queued_ 1, readback_configured_ 0, cwb_client 3
03-11 23:25:59.800  2195 12961 I SDM     : HWCSession::ProcessRequests: Successfully configured CWB buffer.
03-11 23:25:59.807  2195 12961 I SDM     : HWCSession::ProcessRequests: Pushing release fence in fenece wait queue.
03-11 23:25:59.808  2195 12961 I SDM     : HWCSession::ProcessRequests: Creating AsyncFenceWaits async thread.
03-11 23:25:59.808  2195 12961 I SDM     : HWCSession::ProcessRequests: Remove current CWB request from the pending request queue.
03-11 23:25:59.808  2195 12961 I SDM     : HWCSession::ProcessRequests: No pending cwb requests found in the queue.
03-11 23:25:59.810 11455 11628 W System.err: java.net.MalformedURLException: no protocol: feeditemlist
03-11 23:25:59.811 11455 11628 W System.err: 	at java.net.URL.<init>(URL.java:601)
03-11 23:25:59.811 11455 11628 W System.err: 	at java.net.URL.<init>(URL.java:498)
03-11 23:25:59.811 11455 11628 W System.err: 	at java.net.URL.<init>(URL.java:447)
03-11 23:25:59.811 11455 11628 W System.err: 	at com.ss.android.ugc.aweme.lancet.ssretrofitchain.ResponseExtraParser.LCCII(SourceFile:50331675)
03-11 23:25:59.811 11455 11628 W System.err: 	at com.ss.android.ugc.aweme.lancet.ssretrofitchain.VerifyInterceptor.L(SourceFile:16777431)
03-11 23:25:59.811 11455 11628 W System.err: 	at X.2JO.L(SourceFile:16777350)
03-11 23:25:59.811 11455 11628 W System.err: 	at com.ss.android.ugc.aweme.net.interceptor.UrlTransformInterceptorTTNet.L(SourceFile:16777304)
03-11 23:25:59.811 11455 11628 W System.err: 	at X.2JO.L(SourceFile:16777350)
03-11 23:25:59.811 11455 11628 W System.err: 	at com.ss.android.ugc.aweme.utils.SecUidInterceptorTTNet.L(SourceFile:16777337)
03-11 23:25:59.811 11455 11628 W System.err: 	at X.2JO.L(SourceFile:16777350)
03-11 23:25:59.811 11455 11628 W System.err: 	at com.ss.android.ugc.aweme.net.switchpath.SwitchPathInterceptor.L(SourceFile:16777266)
03-11 23:25:59.811 11455 11628 W System.err: 	at X.2JO.L(SourceFile:16777350)
03-11 23:25:59.811 11455 11628 W System.err: 	at com.ss.android.ugc.aweme.net.interceptor.DevicesNullInterceptorTTNet.L(SourceFile:16777263)
03-11 23:25:59.811 11455 11628 W System.err: 	at X.2JO.L(SourceFile:16777350)
03-11 23:25:59.811 11455 11628 W System.err: 	at com.ss.android.ugc.aweme.net.interceptor.ApiAlisgInterceptorTTNet.L(SourceFile:16777244)
03-11 23:25:59.811 11455 11628 W System.err: 	at X.2JO.L(SourceFile:16777350)
03-11 23:25:59.811 11455 11628 W System.err: 	at com.bytedance.retrofit2.SsHttpCall.getResponseWithInterceptorChain(SourceFile:48)
03-11 23:25:59.811 11455 11628 W System.err: 	at X.1wZ.run(SourceFile:42)
03-11 23:25:59.811 11455 11628 W System.err: 	at X.2ab.run(SourceFile:14)
03-11 23:25:59.811 11455 11628 W System.err: 	at X.244.run(SourceFile:2)
03-11 23:25:59.811 11455 11628 W System.err: 	at java.util.concurrent.ThreadPoolExecutor.runWorker(ThreadPoolExecutor.java:1145)
03-11 23:25:59.811 11455 11628 W System.err: 	at java.util.concurrent.ThreadPoolExecutor$Worker.run(ThreadPoolExecutor.java:644)
03-11 23:25:59.811 11455 11628 W System.err: 	at java.lang.Thread.run(Thread.java:1012)
03-11 23:25:59.811 11455 11628 W System.err: 	at com.bytedance.bpea.transmit.delegate.BPEAThread.run(SourceFile:3)
03-11 23:25:59.811 11455 11628 W System.err: 	at X.2Pc.run(SourceFile:17)
03-11 23:25:59.814  2195  2269 I SDM     : HWDeviceDRM::SetupConcurrentWriteback: Tear down the Concurrent Writeback topology
03-11 23:25:59.820  2195 12962 I SDM     : HWCSession::NotifyCWBStatus: Notify the client about buffer status 0.
03-11 23:25:59.820  2195 12962 I SDM     : HWCSession::PerformFenceWaits: Remove current release fence from the pending fence wait queue.
03-11 23:25:59.821  2195 12962 I SDM     : HWCSession::PerformFenceWaits: CWB fence queue is empty. No pending release fence to wait on.
03-11 23:25:59.832  2163  2163 D SENSOREXT_ALS_COMP: FrontLight: ReportLux 0.50 (21.44-21.72), pre 4.90, dbv 2944, dc 0, fps 90, chPanel 9.97-5.61-3.89-1.61, facCal:lux_s 1.19 cha_s 1.00-0.99-1.03-1.12, RunInfo: DPB 22491-100, TF 22491-0
03-11 23:25:59.833  2163  2163 D motorola.hardware.sensorext-service: handle id:13 wxh:1088x2640 uwxuh:1080x2640 size: 11489280 fd:11 fd_meta:12 flags:0x4000228 usage:0x33  format:0x1 layer_count: 1 reserved_size = 0
03-11 23:25:59.835  2195  2586 I SDM     : HWCSession::SetCWBOutputBuffer: CWB config passed by cwb_client : tappoint 1  CWB_ROI : (210.000000 26.000000 274.000000 90.000000) for display [1 0 0]
03-11 23:25:59.839  2195 12963 I SDM     : HWCDisplay::SetReadbackBuffer: CWB config from client: tap_point 1, CWB ROI Rect(210.000000 26.000000 274.000000 90.000000), PU_as_CWB_ROI 0, Cwb full rect : (0.000000 0.000000 1080.000000 2640.000000)
03-11 23:25:59.840  2195 12963 I SDM     : HWCDisplay::SetReadbackBuffer: Successfully configured the output buffer: readback_buffer_queued_ 1, readback_configured_ 0, cwb_client 3
03-11 23:25:59.840  2195 12963 I SDM     : HWCSession::ProcessRequests: Successfully configured CWB buffer.
03-11 23:25:59.846  2195 12963 I SDM     : HWCSession::ProcessRequests: Pushing release fence in fenece wait queue.
03-11 23:25:59.846  2195 12963 I SDM     : HWCSession::ProcessRequests: Creating AsyncFenceWaits async thread.
03-11 23:25:59.846  2195 12963 I SDM     : HWCSession::ProcessRequests: Remove current CWB request from the pending request queue.
03-11 23:25:59.846  2195 12963 I SDM     : HWCSession::ProcessRequests: No pending cwb requests found in the queue.
03-11 23:25:59.853  2195  2269 I SDM     : HWDeviceDRM::SetupConcurrentWriteback: Tear down the Concurrent Writeback topology
03-11 23:25:59.862  2195 12964 I SDM     : HWCSession::NotifyCWBStatus: Notify the client about buffer status 0.
03-11 23:25:59.862  2195 12964 I SDM     : HWCSession::PerformFenceWaits: Remove current release fence from the pending fence wait queue.
03-11 23:25:59.862  2195 12964 I SDM     : HWCSession::PerformFenceWaits: CWB fence queue is empty. No pending release fence to wait on.
03-11 23:25:59.870  2163  2163 D SENSOREXT_ALS_COMP: FrontLight: ReportLux 5.36 (28.10-22.74), pre 0.50, dbv 2944, dc 0, fps 90, chPanel 10.41-5.90-4.12-1.76, facCal:lux_s 1.19 cha_s 1.00-0.99-1.03-1.12, RunInfo: DPB 22492-100, TF 22492-0
03-11 23:25:59.872  5625  5625 I vol.VolumeDialogImpl: dismissH reason = posture_changed mDialog.isShowing(): false
03-11 23:25:59.896 23589 24000 E msys    : E[N mns]_OnDiskCacheGetData(632)=>Start post callback cache refresh DNS resolution
03-11 23:25:59.909 23589 24000 E msys    : E[N mns]_LogError(228)=>Failed to resolve using system DNS resolver, getaddrinfo(): No address associated with hostname
03-11 23:25:59.959  2072 14564 I QCOM-OEMCrypto: ---------------Widevine OEMCrypto configuration-----------------
03-11 23:25:59.959  2072 14564 I QCOM-OEMCrypto: TA-HLOS interface                      :   SMCInvoke
03-11 23:25:59.959  2072 14564 I QCOM-OEMCrypto: Crypto Engine SMMU Virtual Address     :   Yes
03-11 23:25:59.959  2072 14564 I QCOM-OEMCrypto: Measure elapsed time                   :   No
03-11 23:25:59.959  2072 14564 I QCOM-OEMCrypto: Inplace decryption for clear buffer    :   Yes
03-11 23:25:59.959  2072 14564 I QCOM-OEMCrypto: Frame Assembly                         :   Yes
03-11 23:25:59.959  2072 14564 I QCOM-OEMCrypto: Scratch buffer size                    :   4194304
03-11 23:25:59.959  2072 14564 I QCOM-OEMCrypto: Decrypt hash tests                     :   No
03-11 23:25:59.959  2072 14564 I QCOM-OEMCrypto: Secure buffer tests                    :   No
03-11 23:25:59.959  2072 14564 I QCOM-OEMCrypto: Idle mode enabled for external display :   No
03-11 23:25:59.959  2072 14564 I QCOM-OEMCrypto: HLOS data path                       :   No
03-11 23:25:59.959  2072 14564 I QCOM-OEMCrypto: ----------------------------------------------------------------
03-11 23:25:59.960  1296  1305 D DrmLibTime: got the req here! ret=0
03-11 23:25:59.960  1296  1305 D DrmLibTime: command id, time_cmd_id = 770
03-11 23:25:59.960  1296  1305 D DrmLibTime: time_getutcsec starts!
03-11 23:25:59.960  1296  1305 D DrmLibTime: QSEE Time Listener: time_getutcsec
03-11 23:25:59.960  1296  1305 D DrmLibTime: QSEE Time Listener: get_utc_seconds
03-11 23:25:59.960  1296  1305 D DrmLibTime: QSEE Time Listener: time_get_modem_time
03-11 23:25:59.960  1296  1305 D DrmLibTime: QSEE Time Listener: Checking if ATS_MODEM is set or not.
03-11 23:25:59.960  1296  1305 D QC-time-services: Lib:time_genoff_operation: pargs->base = 13
03-11 23:25:59.960  1296  1305 D QC-time-services: Lib:time_genoff_operation: pargs->operation = 2
03-11 23:25:59.960  1296  1305 D QC-time-services: Lib:time_genoff_operation: pargs->ts_val = 0
03-11 23:25:59.960  1296  1305 D QC-time-services: Lib:time_genoff_operation: Send to server  passed!!
03-11 23:25:59.961  1878  1888 D QC-time-services: Daemon: Connection accepted:time_genoff
03-11 23:25:59.961  1878 12967 D QC-time-services: Daemon:Received base = 13, unit = 1, operation = 2,value = 0
03-11 23:25:59.961  1878 12967 D QC-time-services: Daemon:genoff_opr: Base = 13, val = 0, operation = 2
03-11 23:25:59.961  1878 12967 D QC-time-services: offset is: 1 for base: 13
03-11 23:25:59.961  1296  1305 E QC-time-services: Receive Passed == base = 13, unit = 1, operation = 2, result = 0
03-11 23:25:59.961  1296  1305 D DrmLibTime: QSEE Time Listener: ATS_MODEM is set. Try to retrieve it.
03-11 23:25:59.961  1878  1888 E QC-time-services: Daemon: Time-services: Waiting to acceptconnection
03-11 23:25:59.961  1878  1888 D QC-time-services: Daemon: Connection accepted:time_genoff
03-11 23:25:59.962  1878 12968 D QC-time-services: Daemon:Received base = 13, unit = 1, operation = 1,value = 0
03-11 23:25:59.962  1878 12968 D QC-time-services: Daemon:genoff_opr: Base = 13, val = 0, operation = 1
03-11 23:25:59.962  1878 12968 D QC-time-services: Daemon: genoff get for 13
03-11 23:25:59.962  1878 12968 D QC-time-services: Daemon:Value read from QTimer mseconds = 215920381
03-11 23:25:59.962  1878 12968 D QC-time-services: Daemon:Value read from RTC mseconds on boot = 1081413000
03-11 23:25:59.962  1878 12968 D QC-time-services: Daemon:Value read from QTimer mseconds = 215920381
03-11 23:25:59.962  1878 12968 D QC-time-services: Daemon:Value read from generic offset = 1771988693054
03-11 23:25:59.962  1878 12968 D QC-time-services: Daemon:Delta read on boot mseconds = 1081364354
03-11 23:25:59.962  1878 12968 D QC-time-services: Daemon:Final Time = 1773285977789
03-11 23:25:59.962  1296  1305 D DrmLibTime: QSEE Time Listener: Time GenOff - seconds: 1773285977
03-11 23:25:59.962  1296  1305 D DrmLibTime: time_getutcsec returns 0, sec = 1773285977; nsec = 0
03-11 23:25:59.962  1296  1305 D DrmLibTime: time_getutcsec finished! 
03-11 23:25:59.962  1296  1305 D DrmLibTime: iotcl_continue_command finished! and return 0 
03-11 23:25:59.962  1296  1305 D DrmLibTime: before calling ioctl to read the next time_cmd
03-11 23:25:59.962  1878  1888 E QC-time-services: Daemon: Time-services: Waiting to acceptconnection
03-11 23:25:59.988  2072 14564 I DMABUFHEAPS: Using DMA-BUF heap named: qcom,qseecom-ta
03-11 23:25:59.999  2072 14564 I DMABUFHEAPS: Using DMA-BUF heap named: qcom,qseecom-ta
03-11 23:26:00.012  2072 14564 I DMABUFHEAPS: Using DMA-BUF heap named: qcom,qseecom-ta
03-11 23:26:00.023  2072 14564 I QCOM-OEMCrypto: Allocated all scratch buffers
03-11 23:26:00.023  2072 14564 I QCOM-OEMCrypto: LibOEMCrypto version 1.77
03-11 23:26:00.023  2072 14564 I QCOM-OEMCrypto: TA   version 1.181
03-11 23:26:00.023  2072 14564 I QCOM-OEMCrypto: Api  version 16.4
03-11 23:26:00.023  5625  5625 V KeyguardStatusViewController: onTimeChanged
03-11 23:26:00.023  2072 14564 W WVCdm   : [oemcrypto_adapter_dynamic.cpp(998):LoadLevel1] Could not load L1 _oecc109.
03-11 23:26:00.023  2072 14564 W WVCdm   : [oemcrypto_adapter_dynamic.cpp(999):LoadLevel1] Could not load L1 _oecc110.
03-11 23:26:00.023  2072 14564 W WVCdm   : [oemcrypto_adapter_dynamic.cpp(1003):LoadLevel1] Could not load L1 _oecc113.
03-11 23:26:00.023  2072 14564 W WVCdm   : [oemcrypto_adapter_dynamic.cpp(1004):LoadLevel1] Could not load L1 _oecc114.
03-11 23:26:00.023  2072 14564 D WVCdm   : [oemcrypto_adapter_dynamic.cpp(816):Initialize] OEMCrypto_Initialize Level 1 success. I will use level 1.
03-11 23:26:00.023  2072 14564 I QCOM-OEMCrypto: Created OEMCrypto idle_thread
03-11 23:26:00.023  2072 14564 I WVCdm   : [oemcrypto_adapter_dynamic.cpp(819):Initialize] Level 1 Build Info (v16): Build Information: API_Version: 16.4 LibOEMCrypto_Version: 1.77 TA_Version: 1.181
03-11 23:26:00.026  2072 14564 I WVCdm   : [file_utils.cpp(40):Exists] stat failed: ENOENT
03-11 23:26:00.026  2072 14564 D WVCdm   : [crypto_session.cpp(398):CacheVersion] OEMCrypto version (default security level): 16.4
03-11 23:26:00.026  2072 14564 D WVCdm   : [crypto_session.cpp(407):CacheVersion] OEMCrypto version (L3 security level): 16.3
03-11 23:26:00.027  2072 14564 D WVCdm   : [cdm_engine.cpp(555):QueryStatus] security_level = Default, query_token = DeviceID
03-11 23:26:00.027  2072 14564 D WVCdm   : [crypto_session.cpp(889):Open] Opening crypto session: requested_security_level = Default
03-11 23:26:00.027  2072 14564 D WVCdm   : [usage_table_header.cpp(162):Init] security_level = L1
03-11 23:26:00.027  2072 14564 I QCOM-OEMCrypto: Number of open sessions: 0
03-11 23:26:00.027  2072 14564 D WVCdm   : [usage_table_header.cpp(524):DetermineTableCapacity] capacity = 320, security_level = L1
03-11 23:26:00.027  2072 14564 I WVCdm   : [usage_table_header.cpp(204):RestoreTable] Found usage table to restore: entry_count = 0
03-11 23:26:00.035  3163  6975 D FileUtils: Rounded bytes from 7725268992 to 8000000000
03-11 23:26:00.072  2072 14564 I QCOM-OEMCrypto: Open session: 1000
03-11 23:26:00.072  2072 14564 I WVCdm   : [file_utils.cpp(40):Exists] stat failed: ENOENT
03-11 23:26:00.074  2072 14564 I WVCdm   : [file_utils.cpp(40):Exists] stat failed: ENOENT
03-11 23:26:00.074  2072 14564 I QCOM-OEMCrypto: Closed session: 1000
03-11 23:26:00.075  2072 14564 E WVCdm   : [wv_content_decryption_module.cpp(426):GetMetricsInternal] Cdm Identifier not found
03-11 23:26:00.077  2072 14564 E WVCdm   : [wv_content_decryption_module.cpp(486):CloseCdm] Cdm Identifier not found
03-11 23:26:00.077  2072 14564 E WVCdm   : Failed to close cdm. status 12
03-11 23:26:00.076 11455 11455 W Thread-105: type=1400 audit(0.0:1898171): avc:  denied  { search } for  name="net" dev="sysfs" ino=46706 scontext=u:r:untrusted_app:s0:c95,c258,c512,c768 tcontext=u:object_r:sysfs_net:s0 tclass=dir permissive=0 app=com.tiktok.lite.go
03-11 23:26:00.079  2072 14564 I WVCdm   : [(0):] L3 Terminate.
03-11 23:26:00.079  2072 14564 E WVCdm   : [oemcrypto_adapter_dynamic.cpp(831):Level1Terminate] L1 Terminate
03-11 23:26:00.079  2072 12969 I QCOM-OEMCrypto: Exit OEMCrypto idle_thread
03-11 23:26:00.079  2072 14564 I QCOM-OEMCrypto: OEMCrypto_Terminate
03-11 23:26:00.079  2072 14564 I QCOM-OEMCrypto: Cleanup OEMCrypto library
03-11 23:26:00.080  2072 14564 I QCOM-OEMCrypto: Freed all scratch buffers
03-11 23:26:00.094  5643 20593 D ApfFilter: (wlan1): Ignoring RA RA fe80::c294:35ff:fe71:84fd -> ff02::1 180s 2601:85:ca02:f280::/64 7200s/7200s DNS 180s 2601:85:ca02:f280:c294:35ff:fe71:84fd 2001:558:feed::1 2001:558:feed::2 RIO 180s ::/0  which matches RA fe80::c294:35ff:fe71:84fd -> ff02::1 180s 2601:85:ca02:f280::/64 7200s/7200s DNS 180s 2601:85:ca02:f280:c294:35ff:fe71:84fd 2001:558:feed::1 2001:558:feed::2 RIO 180s ::/0 
03-11 23:26:00.119  2064 12642 E sensors-hal: handle_sns_client_event:62, mot_disprot_event: now=215916024199148 ts=215916005018002, type=0, status=3
03-11 23:26:00.130  3163  7454 I RemoteProvisionSysSvc: getRegistration(android.hardware.security.keymint.IRemotelyProvisionedComponent/default)
03-11 23:26:00.137  3163  3163 I RegistrationProxy: onServiceConnected: com.android.rkpdapp.service.RemoteProvisioningService
03-11 23:26:00.140  3163  7471 I RegistrationProxy: IGetRegistrationCallback.onSuccess
03-11 23:26:00.145  3163  7471 I RemoteProvisionSysSvc: Fetching key 10607 for client 258139249
03-11 23:26:00.145  3163  7471 I RegistrationProxy: getKeyAsync operation started with callback 253485654
03-11 23:26:00.146 16771 10763 I RkpdRegistrationBinder: Key requested for : android.hardware.security.keymint.IRemotelyProvisionedComponent/default, clientUid: 1017, keyId: 10607, callback: 226712166
03-11 23:26:00.149 16771 10763 I RkpdRegistrationBinder: Key successfully assigned to client
03-11 23:26:00.149  3163  3163 I RemoteProvisionSysSvc: Successfully fetched key for client 258139249
03-11 23:26:00.160  1296  1305 D DrmLibTime: got the req here! ret=0
03-11 23:26:00.160  1296  1305 D DrmLibTime: command id, time_cmd_id = 770
03-11 23:26:00.160  1296  1305 D DrmLibTime: time_getutcsec starts!
03-11 23:26:00.160  1296  1305 D DrmLibTime: QSEE Time Listener: time_getutcsec
03-11 23:26:00.160  1296  1305 D DrmLibTime: QSEE Time Listener: get_utc_seconds
03-11 23:26:00.160  1296  1305 D DrmLibTime: QSEE Time Listener: time_get_modem_time
03-11 23:26:00.160  1296  1305 D DrmLibTime: QSEE Time Listener: Checking if ATS_MODEM is set or not.
03-11 23:26:00.160  1296  1305 D QC-time-services: Lib:time_genoff_operation: pargs->base = 13
03-11 23:26:00.160  1296  1305 D QC-time-services: Lib:time_genoff_operation: pargs->operation = 2
03-11 23:26:00.160  1296  1305 D QC-time-services: Lib:time_genoff_operation: pargs->ts_val = 0
03-11 23:26:00.160  1296  1305 D QC-time-services: Lib:time_genoff_operation: Send to server  passed!!
03-11 23:26:00.160  1878  1888 D QC-time-services: Daemon: Connection accepted:time_genoff
03-11 23:26:00.161  1878 12975 D QC-time-services: Daemon:Received base = 13, unit = 1, operation = 2,value = 0
03-11 23:26:00.161  1878 12975 D QC-time-services: Daemon:genoff_opr: Base = 13, val = 0, operation = 2
03-11 23:26:00.161  1878 12975 D QC-time-services: offset is: 1 for base: 13
03-11 23:26:00.161  1296  1305 E QC-time-services: Receive Passed == base = 13, unit = 1, operation = 2, result = 0
03-11 23:26:00.161  1296  1305 D DrmLibTime: QSEE Time Listener: ATS_MODEM is set. Try to retrieve it.
03-11 23:26:00.161  1878  1888 E QC-time-services: Daemon: Time-services: Waiting to acceptconnection
03-11 23:26:00.161  1878  1888 D QC-time-services: Daemon: Connection accepted:time_genoff
03-11 23:26:00.161  1878 12976 D QC-time-services: Daemon:Received base = 13, unit = 1, operation = 1,value = 0
03-11 23:26:00.161  1878 12976 D QC-time-services: Daemon:genoff_opr: Base = 13, val = 0, operation = 1
03-11 23:26:00.161  1878 12976 D QC-time-services: Daemon: genoff get for 13
03-11 23:26:00.161  1878 12976 D QC-time-services: Daemon:Value read from QTimer mseconds = 215920580
03-11 23:26:00.161  1878 12976 D QC-time-services: Daemon:Value read from RTC mseconds on boot = 1081413000
03-11 23:26:00.161  1878 12976 D QC-time-services: Daemon:Value read from QTimer mseconds = 215920580
03-11 23:26:00.161  1878 12976 D QC-time-services: Daemon:Value read from generic offset = 1771988693054
03-11 23:26:00.161  1878 12976 D QC-time-services: Daemon:Delta read on boot mseconds = 1081364354
03-11 23:26:00.161  1878 12976 D QC-time-services: Daemon:Final Time = 1773285977988
03-11 23:26:00.161  1296  1305 D DrmLibTime: QSEE Time Listener: Time GenOff - seconds: 1773285977
03-11 23:26:00.161  1296  1305 D DrmLibTime: time_getutcsec returns 0, sec = 1773285977; nsec = 0
03-11 23:26:00.161  1296  1305 D DrmLibTime: time_getutcsec finished! 
03-11 23:26:00.161  1296  1305 D DrmLibTime: iotcl_continue_command finished! and return 0 
03-11 23:26:00.161  1296  1305 D DrmLibTime: before calling ioctl to read the next time_cmd
03-11 23:26:00.161  3163  7454 D FileUtils: Rounded bytes from 7725268992 to 8000000000
03-11 23:26:00.161  1878  1888 E QC-time-services: Daemon: Time-services: Waiting to acceptconnection
03-11 23:26:00.191 23518 12319 W brella.TrainingJob: Training ended with error (hasRetryWindow=true). 
03-11 23:26:00.200  3163  7471 D CompatChangeReporter: Compat change id reported: 311402873; UID 10267; state: ENABLED
03-11 23:26:00.200  3163  7471 D CompatChangeReporter: Compat change id reported: 323349338; UID 10267; state: ENABLED
03-11 23:26:00.203  3163  6975 W JobScheduler: Job didn't exist in JobStore: 554738a #u0a267/-1458638241 com.google.android.as.oss/com.google.android.gms.learning.internal.training.InAppJobService
03-11 23:26:00.246 23444 23454 I facebook.katana: Background concurrent mark compact GC freed 96MB AllocSpace bytes, 6(120KB) LOS objects, 87% free, 13MB/109MB, paused 1.901ms,6.001ms total 318.823ms
03-11 23:26:00.369  3163  7445 D ActivityManager: unfreezing ProcessRecord{6e45718 25721:com.google.android.webview:webview_service/u0a325}, reason = unfreezeTemporarily, adj = 920, adjType = cch-empty, adjSource = null
03-11 23:26:00.369  3163  7445 D ActivityManager: sync unfroze 25721 com.google.android.webview:webview_service for 27
03-11 23:26:00.370  2068  6063 I vendor.qti.bluetooth@1.0-ibs_handler: DeviceSleep: TX Awake, Sending SLEEP_IND
03-11 23:26:00.370  2068  6063 D vendor.qti.bluetooth@1.0-ibs_handler: SerialClockVote: vote for UART CLK OFF
03-11 23:26:00.412  5625  5962 V PowerManager: userActivity when=123052202 event=0 flags=0 displayId=0 by (com.android.systemui) callers=android.os.PowerManager.userActivity:1487 com.android.systemui.keyguard.KeyguardViewMediator$$ExternalSyntheticLambda0.run:79 java.util.concurrent.ThreadPoolExecutor.runWorker:1145 
03-11 23:26:00.412  3163  6975 W BoostOptController: not supported hint: 118
03-11 23:26:00.423  5625  5625 I FalsingManager: Gesture start time: 123052198461000
03-11 23:26:00.438 28905  1638 W QAWalletSvc: No wallet cards to return. [CONTEXT service_id=79 ]
03-11 23:26:00.450  5625  5625 D KeyguardViewMediator: keyguardGoingAway requested for userId: 0
03-11 23:26:00.450  5625  5942 D KeyguardTransitionRepository: (Internal) Setting current transition info: TransitionInfo(ownerName=FromLockscreenTransitionInteractor, from=LOCKSCREEN, to=GONE, animated)
03-11 23:26:00.452  3163  3229 W BoostOptController: not supported hint: 118
03-11 23:26:00.453  5625  5669 V WindowManagerShell: Transition requested (#9125): android.os.BinderProxy@afb79a5 TransitionRequestInfo { type = TO_BACK, triggerTask = null, pipTask = null, remoteTransition = null, displayChange = null, flags = 262, debugId = 9125 }
03-11 23:26:00.457  2300  2300 I Scheduler: notifyScrollEvent state=1
03-11 23:26:00.457  3163  3249 W MotoBatteryCareService: uid: 10607 pkgName:com.tiktok.lite.go come to foreground
03-11 23:26:00.460  7314  7314 D GameMode: onStartedActivityChange: componnent: ComponentInfo{com.tiktok.lite.go/com.ss.android.ugc.aweme.main.homepage.MainActivity} entered launcher screen? true
03-11 23:26:00.461  5625  5625 I FalsingManager: Gesture duration, Proximity duration: 42539000, 0
03-11 23:26:00.461  5625  5625 I FalsingManager: Skipped falsing. interactionType=4
03-11 23:26:00.461  5625  5625 I FalsingManager: Skipped falsing. interactionType=4
03-11 23:26:00.465 11455 11455 I System.out: SAFActivity: com.ss.android.ugc.aweme.main.homepage.MainActivity@594644,  onStart Start
03-11 23:26:00.465  5625  5625 I KeyguardTransitionRepository: STARTED transition: TransitionStep(from=LOCKSCREEN, to=GONE, value=0.0, transitionState=STARTED, ownerName=FromLockscreenTransitionInteractor)
03-11 23:26:00.466 11455 11455 I System.out: SceneSafeLifecycleDispatcher: onStarted Start
03-11 23:26:00.467 11455 11455 I System.out: SAFFragmentRootScene: onStart Start (SAFFragmentRootScene{8965f70})
03-11 23:26:00.468 11455 11455 I System.out: SceneSafeLifecycleDispatcher: onStarted End START
03-11 23:26:00.468 11455 11455 I System.out: SAFActivity: com.ss.android.ugc.aweme.main.homepage.MainActivity@594644,  onStart End
03-11 23:26:00.469  2300  2300 I BpBinder: onLastStrongRef automatically unlinking death recipients: 
03-11 23:26:00.469  3163  3231 I DisplayDeviceRepository: Display device changed: DisplayDeviceInfo{"Built-in Screen": uniqueId="local:4630947043778501762", 1080 x 2640, modeId 1, renderFrameRate 120.00001, defaultModeId 1, userPreferredModeId -1, supportedModes [{id=1, width=1080, height=2640, fps=120.00001, vsync=120.00001, synthetic=false, alternativeRefreshRates=[24.000002, 60.000004], supportedHdrTypes=[2, 3, 4]}, {id=2, width=1080, height=2640, fps=144.00002, vsync=144.00002, synthetic=false, alternativeRefreshRates=[], supportedHdrTypes=[2, 3, 4]}, {id=3, width=1080, height=2640, fps=90.0, vsync=90.0, synthetic=false, alternativeRefreshRates=[], supportedHdrTypes=[2, 3, 4]}, {id=4, width=1080, height=2640, fps=60.000004, vsync=60.000004, synthetic=false, alternativeRefreshRates=[24.000002, 120.00001], supportedHdrTypes=[2, 3, 4]}, {id=5, width=1080, height=2640, fps=30.000002, vsync=30.000002, synthetic=false, alternativeRefreshRates=[], supportedHdrTypes=[2, 3, 4]}, {id=6, width=1080, height=2640, fps=24.000002, vsync=24.000002, synthetic=false, alternativeRefreshRates=[60.000004, 120.00001], supportedHdrTypes=[2, 3, 4]}], supportedReadyForModes [], colorMode 0, supportedColorModes [0, 7, 9], hdrCapabilities HdrCapabilities{mSupportedHdrTypes=[2, 3, 4], mMaxLuminance=420.0, mMaxAverageLuminance=210.1615, mMinLuminance=0.323}, allmSupported false, gameContentTypeSupported false, density 420, 397.565 x 435.428 dpi, appVsyncOff 1000000, presDeadline 13333332, cutout DisplayCutout{insets=Rect(0, 108 - 0, 0) waterfall=Insets{left=0, top=0, right=0, bottom=0} boundingRect={Bounds=[Rect(0, 0 - 0, 0), Rect(495, 0 - 585, 108), Rect(0, 0 - 0, 0), Rect(0, 0 - 0, 0)]} cutoutPathParserInfo={CutoutPathParserInfo{displayWidth=1080 displayHeight=2640 physicalDisplayWidth=1080 physicalDisplayHeight=2640 density={2.625} cutoutSpec={M -45,0 L 45,0 L 45,108 L -45,108 Z} rotation={0} scale={1.0} physicalPixelDisplaySizeRatio={1.0}}} sideOverrides={}}, touch INTERNAL, rotation 0, type INTERNAL, address {port=130, model=0x40446dccee101c}, deviceProductInfo DeviceProductInfo{name=, manufacturerPnpId=QCM, productId=1, modelYear=null, manufactureDate=ManufactureDate{week=27, year=2006}, connectionToSinkType=0}, state ON, committedState ON, frameRateOverride , brightnessMinimum 0.0, brightnessMaximum 1.0, brightnessDefault 0.38188976, hdrSdrRatio 1.0, FLAG_ALLOWED_TO_BE_DEFAULT_DISPLAY, FLAG_ROTATES_WITH_CONTENT, FLAG_SECURE, FLAG_SUPPORTS_PROTECTED_BUFFERS, FLAG_TRUSTED, installOrientation 0, displayShape DisplayShape{ spec=-1962366115 displayWidth=1080 displayHeight=2640 physicalPixelDisplaySizeRatio=1.0 rotation=0 offsetX=0 offsetY=0 scale=1.0}}
03-11 23:26:00.471 11455 11455 I System.out: SAFActivity: com.ss.android.ugc.aweme.main.homepage.MainActivity@594644,  onResume Start
03-11 23:26:00.473 11455 11788 W System.err: java.lang.NullPointerException: Attempt to invoke interface method 'int java.lang.CharSequence.length()' on a null object reference
03-11 23:26:00.473 11455 11788 W System.err: 	at kotlin.text.u.LIIIII(SourceFile:67108881)
03-11 23:26:00.473 11455 11788 W System.err: 	at kotlin.text.u.LI(SourceFile:50331658)
03-11 23:26:00.473 11455 11788 W System.err: 	at X.7rC.LB(SourceFile:33554526)
03-11 23:26:00.473 11455 11788 W System.err: 	at X.9mI.invokeSuspend(SourceFile:16777341)
03-11 23:26:00.473 11455 11788 W System.err: 	at v05.a.resumeWith(SourceFile:16777221)
03-11 23:26:00.473 11455 11788 W System.err: 	at X.9HG.run(SourceFile:92)
03-11 23:26:00.473 11455 11788 W System.err: 	at kotlinx.coroutines.scheduling.CoroutineScheduler.runSafely(SourceFile:16777216)
03-11 23:26:00.473 11455 11788 W System.err: 	at X.8KN.run(SourceFile:61)
03-11 23:26:00.474  7314  7314 D GameMode: isScreenUnlocked: false
03-11 23:26:00.474  7314  7314 D GameMode: isScreenUnlocked: false
03-11 23:26:00.476 11455 11455 W System.err: java.lang.IllegalStateException: Must Set MultiProcessSharedProvider Authority
03-11 23:26:00.476 11455 11455 W System.err: 	at X.0VU.LC(SourceFile:16777406)
03-11 23:26:00.476 11455 11455 W System.err: 	at X.0VU.LB(SourceFile:50331655)
03-11 23:26:00.476 11455 11455 W System.err: 	at X.0VT.LB(SourceFile:33554453)
03-11 23:26:00.476 11455 11455 W System.err: 	at X.0VY.LBL(SourceFile:5)
03-11 23:26:00.476 11455 11455 W System.err: 	at X.26n.LCC(SourceFile:33554443)
03-11 23:26:00.476 11455 11455 W System.err: 	at X.1y7.onEnterToForeground(SourceFile:16)
03-11 23:26:00.476 11455 11455 W System.err: 	at X.0VO.onActivityResumed(SourceFile:16777227)
03-11 23:26:00.476 11455 11455 W System.err: 	at android.app.Application.dispatchActivityResumed(Application.java:431)
03-11 23:26:00.476 11455 11455 W System.err: 	at android.app.Activity.dispatchActivityResumed(Activity.java:1616)
03-11 23:26:00.476 11455 11455 W System.err: 	at android.app.Activity.onResume(Activity.java:2198)
03-11 23:26:00.476 11455 11455 W System.err: 	at X.2cJ.onResume(SourceFile:5)
03-11 23:26:00.476 11455 11455 W System.err: 	at X.33e.onResume(SourceFile:15)
03-11 23:26:00.476 11455 11455 W System.err: 	at X.3Bt.onResume(SourceFile:22)
03-11 23:26:00.476 11455 11455 W System.err: 	at X.4oP.onResume(SourceFile:34)
03-11 23:26:00.476 11455 11455 W System.err: 	at com.ss.android.ugc.aweme.main.homepage.MainActivity.onResume(SourceFile:126)
03-11 23:26:00.476 11455 11455 W System.err: 	at android.app.Instrumentation.callActivityOnResume(Instrumentation.java:1722)
03-11 23:26:00.476 11455 11455 W System.err: 	at android.app.Activity.performResume(Activity.java:9309)
03-11 23:26:00.476 11455 11455 W System.err: 	at android.app.ActivityThread.performResumeActivity(ActivityThread.java:5429)
03-11 23:26:00.476 11455 11455 W System.err: 	at android.app.ActivityThread.handleResumeActivity(ActivityThread.java:5472)
03-11 23:26:00.476 11455 11455 W System.err: 	at android.app.servertransaction.ResumeActivityItem.execute(ResumeActivityItem.java:57)
03-11 23:26:00.476 11455 11455 W System.err: 	at android.app.servertransaction.ActivityTransactionItem.execute(ActivityTransactionItem.java:60)
03-11 23:26:00.476 11455 11455 W System.err: 	at android.app.servertransaction.TransactionExecutor.executeLifecycleItem(TransactionExecutor.java:225)
03-11 23:26:00.476 11455 11455 W System.err: 	at android.app.servertransaction.TransactionExecutor.executeTransactionItems(TransactionExecutor.java:107)
03-11 23:26:00.476 11455 11455 W System.err: 	at android.app.servertransaction.TransactionExecutor.execute(TransactionExecutor.java:81)
03-11 23:26:00.476 11455 11455 W System.err: 	at android.app.ActivityThread$H.handleMessage(ActivityThread.java:2747)
03-11 23:26:00.476 11455 11455 W System.err: 	at android.os.Handler.dispatchMessage(Handler.java:112)
03-11 23:26:00.476 11455 11455 W System.err: 	at android.os.Looper.loopOnce(Looper.java:268)
03-11 23:26:00.476 11455 11455 W System.err: 	at android.os.Looper.loop(Looper.java:384)
03-11 23:26:00.476 11455 11455 W System.err: 	at android.app.ActivityThread.main(ActivityThread.java:8921)
03-11 23:26:00.476 11455 11455 W System.err: 	at java.lang.reflect.Method.invoke(Native Method)
03-11 23:26:00.476 11455 11455 W System.err: 	at com.android.internal.os.RuntimeInit$MethodAndArgsCaller.run(RuntimeInit.java:580)
03-11 23:26:00.476 11455 11455 W System.err: 	at com.android.internal.os.ZygoteInit.main(ZygoteInit.java:907)
03-11 23:26:00.478  7314  7314 D GameMode: isScreenUnlocked: false
03-11 23:26:00.479 11455 12082 W System.err: java.lang.IllegalStateException: Must Set MultiProcessSharedProvider Authority
03-11 23:26:00.479 11455 12082 W System.err: 	at X.0VU.LC(SourceFile:16777406)
03-11 23:26:00.479 11455 12082 W System.err: 	at X.0VU.LB(SourceFile:50331655)
03-11 23:26:00.479 11455 12082 W System.err: 	at X.0VT.LB(SourceFile:33554453)
03-11 23:26:00.479 11455 12082 W System.err: 	at X.1GC.run(SourceFile:247)
03-11 23:26:00.479 11455 12082 W System.err: 	at android.os.Handler.handleCallback(Handler.java:1001)
03-11 23:26:00.479 11455 12082 W System.err: 	at android.os.Handler.dispatchMessage(Handler.java:105)
03-11 23:26:00.479 11455 12082 W System.err: 	at ii.a.dispatchMessage(SourceFile:16777216)
03-11 23:26:00.479 11455 12082 W System.err: 	at android.os.Looper.loopOnce(Looper.java:268)
03-11 23:26:00.479 11455 12082 W System.err: 	at android.os.Looper.loop(Looper.java:384)
03-11 23:26:00.479 11455 12082 W System.err: 	at android.os.HandlerThread.run(HandlerThread.java:103)
03-11 23:26:00.480 11455 12082 W System.err: java.lang.IllegalStateException: Must Set MultiProcessSharedProvider Authority
03-11 23:26:00.480 11455 12082 W System.err: 	at X.0VU.LC(SourceFile:16777406)
03-11 23:26:00.480 11455 12082 W System.err: 	at X.0VU.LB(SourceFile:50331655)
03-11 23:26:00.480 11455 12082 W System.err: 	at X.0VT.LB(SourceFile:33554453)
03-11 23:26:00.480 11455 12082 W System.err: 	at X.21u.L(SourceFile:16777225)
03-11 23:26:00.480 11455 12082 W System.err: 	at X.21u.onAppStateChanged(SourceFile:16777218)
03-11 23:26:00.480 11455 12082 W System.err: 	at X.20X.onAppStateChanged(SourceFile:16777220)
03-11 23:26:00.480 11455 12082 W System.err: 	at X.1GC.run(SourceFile:310)
03-11 23:26:00.480 11455 12082 W System.err: 	at android.os.Handler.handleCallback(Handler.java:1001)
03-11 23:26:00.480 11455 12082 W System.err: 	at android.os.Handler.dispatchMessage(Handler.java:105)
03-11 23:26:00.480 11455 12082 W System.err: 	at ii.a.dispatchMessage(SourceFile:16777216)
03-11 23:26:00.480 11455 12082 W System.err: 	at android.os.Looper.loopOnce(Looper.java:268)
03-11 23:26:00.480 11455 12082 W System.err: 	at android.os.Looper.loop(Looper.java:384)
03-11 23:26:00.480 11455 12082 W System.err: 	at android.os.HandlerThread.run(HandlerThread.java:103)
03-11 23:26:00.480 11455 11455 I System.out: SceneSafeLifecycleDispatcher: onResumed Start
03-11 23:26:00.480 11455 11455 I System.out: SAFFragmentRootScene: onResume Start (SAFFragmentRootScene{8965f70})
03-11 23:26:00.484 11455 11455 I System.out: SceneSafeLifecycleDispatcher: onResumed End RESUME
03-11 23:26:00.484 11455 11455 I System.out: SAFActivity: com.ss.android.ugc.aweme.main.homepage.MainActivity@594644,  onResume End
03-11 23:26:00.487  2078  2078 I QTI PowerHAL: Power setMode: 6 to: 0
03-11 23:26:00.492 11455 11455 W .tiktok.lite.go: type=1400 audit(0.0:1898172): avc:  denied  { read } for  name="u:object_r:vendor_display_prop:s0" dev="tmpfs" ino=519 scontext=u:r:untrusted_app:s0:c95,c258,c512,c768 tcontext=u:object_r:vendor_display_prop:s0 tclass=file permissive=0 app=com.tiktok.lite.go
03-11 23:26:00.497 11455 11455 W libc    : Access denied finding property "vendor.display.enable_optimal_refresh_rate"
03-11 23:26:00.497 11455 11455 W libc    : Access denied finding property "vendor.gpp.create_frc_extension"
03-11 23:26:00.498  3163  6975 D CoreBackPreview: Window{49bf4df u0 Splash Screen com.tiktok.lite.go}: Setting back callback OnBackInvokedCallbackInfo{mCallback=android.window.IOnBackInvokedCallback$Stub$Proxy@863c2e, mPriority=0, mIsAnimationCallback=false}
03-11 23:26:00.509  5625  5806 W libc    : Access denied finding property "vendor.display.enable_optimal_refresh_rate"
03-11 23:26:00.509  5625  5806 W libc    : Access denied finding property "vendor.gpp.create_frc_extension"
03-11 23:26:00.504  5625  5625 W ll.splashscreen: type=1400 audit(0.0:1898173): avc:  denied  { read } for  name="u:object_r:vendor_display_prop:s0" dev="tmpfs" ino=519 scontext=u:r:platform_app:s0:c512,c768 tcontext=u:object_r:vendor_display_prop:s0 tclass=file permissive=0 app=com.android.systemui
03-11 23:26:00.518  5625  5625 I FalsingManager: {belief=0.00777766265345059 confidence=1.0}
03-11 23:26:00.520  2068  5913 D vendor.qti.bluetooth@1.0-wake_lock: Release wakelock is released 
03-11 23:26:00.527  3163  3227 V WindowManager: Sent Transition (#9125) createdAt=03-11 23:26:00.451 via request=TransitionRequestInfo { type = TO_BACK, triggerTask = null, pipTask = null, remoteTransition = null, displayChange = null, flags = 262, debugId = 9125 }
03-11 23:26:00.527  3163  3227 V WindowManager:     startWCT=WindowContainerTransaction { changes = {} hops = [] errorCallbackToken=null taskFragmentOrganizer=null }
03-11 23:26:00.527  5625  6252 V WindowManagerShell: onTransitionReady(transaction=13584982122586)
