03-11 23:26:43.976 10834 10834 I DeviceModeModule: DeviceModeModule.calculateAndNotify():224 Device mode 'phone' from display metrics 'DisplayMetrics{density=0.0, width=1080, height=2640, scaledDensity=0.0, xdpi=397.565, ydpi=435.428}' or smallestScreenWidthDp: 411
03-11 23:26:43.976 10834 10834 I GoogleInputMethodService: GoogleInputMethodService.clearInputMethodServiceData():1030 clearInputMethodServiceData for onDestroy
03-11 23:26:43.980 10834 10834 I GoogleInputMethodService: GoogleInputMethodService.discardAllKeyboardViewAndInputView():1262 discardAllKeyboardViewAndInputView()
03-11 23:26:43.980 10834 10834 I InputMethodEntryManager: InputMethodEntryManager.notifyCurrentInputMethodEntryOnContextChanged():545 notifyCurrentInputMethodEntryOnContextChanged()
03-11 23:26:43.981 10834 10834 I InputMethodEntryManager: InputMethodEntryManager.notifyCurrentInputMethodEntryOnContextChanged():566 Notify current input method entry changed on context change
03-11 23:26:43.981 10834 10834 I KeyboardThemeProvider: KeyboardThemeProvider.reset():39 Reset keyboard theme
03-11 23:26:43.981 10834 10834 I KeyboardContextProvider: KeyboardContextProvider.setBaseContextAndInvalidKeyboardContextCache():88 setBaseContextAndInvalidKeyboardContextCache(): null
03-11 23:26:43.987  3163  6909 W WindowManager: Cannot find window which accessibility connection is added to
03-11 23:26:43.987  3163  6909 W WindowManager: Failed looking up window session=Session{aad39a 10834:u0a10310} callers=com.android.server.wm.WindowManagerService.removeClientToken:2330 com.android.server.wm.Session.remove:275 android.view.IWindowSession$Stub.onTransact:734 
03-11 23:26:43.987  3163  6909 W WindowManager: win is null client=android.os.BinderProxy@d37852
03-11 23:26:43.989 10834 10834 W WindowTokenClientController: Can't find attached WindowTokenClient for android.window.WindowTokenClient@804d8d6
03-11 23:26:43.990 10834 10834 I AbstractOpenableExtension: AbstractOpenableExtension$3.onSuccess():552 KeyboardGroupManager destroyed in ezz.
03-11 23:26:43.990 10834 10834 I AbstractOpenableExtension: AbstractOpenableExtension$3.onSuccess():552 KeyboardGroupManager destroyed in hme.
03-11 23:26:43.990 10834 10834 I AbstractOpenableExtension: AbstractOpenableExtension$3.onSuccess():552 KeyboardGroupManager destroyed in hjj.
03-11 23:26:43.999 10834 10834 I AppBase : AppBase.onTrimMemory():427 onTrimMemory(): 40
03-11 23:26:44.000 10834 10834 I KeyboardDefCache: MemoryFileCache$1.onTrimMemory():124 clearMemory() for trim memory: 40
03-11 23:26:44.000 10834 10834 I KeyboardDefCache: MemoryFileCache.clearMemory():408 evictAll()
03-11 23:26:44.023  2224 14101 I QC2Comp : [hevcD_453] Stats: Pending(9) i/p-done(5) Works: Q: 95/Done 87|Work-Rate: Q(0.0/s Avg=9.0/s) Done(0.000/s Avg=8.257/s)| Stream: 30.30fps 424.6Kbps
03-11 23:26:44.024  2224 14101 I QC2Comp : [hevcD_453] Mem-usage:  [In-1D: 4 bufs 17.578 MB] [1D-713: 19 bufs 0.297 MB] [2D-714: 23 bufs 32.883 MB] | Total: 50.758 MB
03-11 23:26:44.033 13320 13418 I DrmHalHidl: found instance=clearkey version=android.hardware.drm@1.4::IDrmFactory
03-11 23:26:44.033 13320 13418 I DrmHalHidl: found instance=wfdhdcp version=android.hardware.drm@1.3::IDrmFactory
03-11 23:26:44.033 13320 13418 I DrmHalHidl: found instance=widevine version=android.hardware.drm@1.4::IDrmFactory
03-11 23:26:44.037  2072 14564 I WVCdm   : [app][com.tiktok.lite.go] calling virtual Return<void> wvdrm::hardware::drm::V1_4::widevine::WVDrmFactory::createPlugin(const hidl_array<uint8_t, 16> &, const android::hardware::hidl_string &, android::hardware::drm::V1_4::IDrmFactory::createPlugin_cb)
03-11 23:26:44.037  2072 14564 D WVCdm   : Instantiating CDM.
03-11 23:26:44.040  2072 14564 D WVCdm   : [cdm_engine.cpp(555):QueryStatus] security_level = Default, query_token = WidevineCdmVersion
03-11 23:26:44.040  2072 14564 I WVCdm   : [file_utils.cpp(40):Exists] stat failed: ENOENT
03-11 23:26:44.040  2072 14564 I WVCdm   : [oemcrypto_adapter_dynamic.cpp(783):Initialize] Level 3 Build Info (v16): OEMCrypto Level3 Code 28917 Feb  2 2023 02:22:33
03-11 23:26:44.040  2072 14535 I WVCdm   : [(0):] Level3 Library 28917 Feb  2 2023 02:22:33
03-11 23:26:44.043  2072 14564 I WVCdm   : [oemcrypto_adapter_dynamic.cpp(797):Initialize] L3 Initialized. Trying L1.
03-11 23:26:44.043  2072 14564 I QCOM-OEMCrypto: OEMCrypto_Initialize
03-11 23:26:44.043  2072 14564 I QCOM-OEMCrypto: License: Widevine: YES CPZ: YES
03-11 23:26:44.073  2072 14564 I QCOM-OEMCrypto: ---------------Widevine OEMCrypto configuration-----------------
03-11 23:26:44.073  2072 14564 I QCOM-OEMCrypto: TA-HLOS interface                      :   SMCInvoke
03-11 23:26:44.073  2072 14564 I QCOM-OEMCrypto: Crypto Engine SMMU Virtual Address     :   Yes
03-11 23:26:44.073  2072 14564 I QCOM-OEMCrypto: Measure elapsed time                   :   No
03-11 23:26:44.073  2072 14564 I QCOM-OEMCrypto: Inplace decryption for clear buffer    :   Yes
03-11 23:26:44.073  2072 14564 I QCOM-OEMCrypto: Frame Assembly                         :   Yes
03-11 23:26:44.073  2072 14564 I QCOM-OEMCrypto: Scratch buffer size                    :   4194304
03-11 23:26:44.073  2072 14564 I QCOM-OEMCrypto: Decrypt hash tests                     :   No
03-11 23:26:44.073  2072 14564 I QCOM-OEMCrypto: Secure buffer tests                    :   No
03-11 23:26:44.073  2072 14564 I QCOM-OEMCrypto: Idle mode enabled for external display :   No
03-11 23:26:44.073  2072 14564 I QCOM-OEMCrypto: HLOS data path                       :   No
03-11 23:26:44.073  2072 14564 I QCOM-OEMCrypto: ----------------------------------------------------------------
03-11 23:26:44.075  1296  1305 D DrmLibTime: got the req here! ret=0
03-11 23:26:44.076  1296  1305 D DrmLibTime: command id, time_cmd_id = 770
03-11 23:26:44.076  1296  1305 D DrmLibTime: time_getutcsec starts!
03-11 23:26:44.076  1296  1305 D DrmLibTime: QSEE Time Listener: time_getutcsec
03-11 23:26:44.076  1296  1305 D DrmLibTime: QSEE Time Listener: get_utc_seconds
03-11 23:26:44.076  1296  1305 D DrmLibTime: QSEE Time Listener: time_get_modem_time
03-11 23:26:44.076  1296  1305 D DrmLibTime: QSEE Time Listener: Checking if ATS_MODEM is set or not.
03-11 23:26:44.076  1296  1305 D QC-time-services: Lib:time_genoff_operation: pargs->base = 13
03-11 23:26:44.076  1296  1305 D QC-time-services: Lib:time_genoff_operation: pargs->operation = 2
03-11 23:26:44.076  1296  1305 D QC-time-services: Lib:time_genoff_operation: pargs->ts_val = 0
03-11 23:26:44.076  1296  1305 D QC-time-services: Lib:time_genoff_operation: Send to server  passed!!
03-11 23:26:44.076  1878  1888 D QC-time-services: Daemon: Connection accepted:time_genoff
03-11 23:26:44.076  1878 14536 D QC-time-services: Daemon:Received base = 13, unit = 1, operation = 2,value = 0
03-11 23:26:44.076  1878 14536 D QC-time-services: Daemon:genoff_opr: Base = 13, val = 0, operation = 2
03-11 23:26:44.076  1878 14536 D QC-time-services: offset is: 1 for base: 13
03-11 23:26:44.076  1296  1305 E QC-time-services: Receive Passed == base = 13, unit = 1, operation = 2, result = 0
03-11 23:26:44.077  1296  1305 D DrmLibTime: QSEE Time Listener: ATS_MODEM is set. Try to retrieve it.
03-11 23:26:44.077  1878  1888 E QC-time-services: Daemon: Time-services: Waiting to acceptconnection
03-11 23:26:44.077  1878  1888 D QC-time-services: Daemon: Connection accepted:time_genoff
03-11 23:26:44.077  1878 14537 D QC-time-services: Daemon:Received base = 13, unit = 1, operation = 1,value = 0
03-11 23:26:44.077  1878 14537 D QC-time-services: Daemon:genoff_opr: Base = 13, val = 0, operation = 1
03-11 23:26:44.077  1878 14537 D QC-time-services: Daemon: genoff get for 13
03-11 23:26:44.077  1878 14537 D QC-time-services: Daemon:Value read from QTimer mseconds = 215964496
03-11 23:26:44.077  1878 14537 D QC-time-services: Daemon:Value read from RTC mseconds on boot = 1081413000
03-11 23:26:44.077  1878 14537 D QC-time-services: Daemon:Value read from QTimer mseconds = 215964496
03-11 23:26:44.077  1878 14537 D QC-time-services: Daemon:Value read from generic offset = 1771988693054
03-11 23:26:44.077  1878 14537 D QC-time-services: Daemon:Delta read on boot mseconds = 1081364354
03-11 23:26:44.077  1878 14537 D QC-time-services: Daemon:Final Time = 1773286021904
03-11 23:26:44.078  1296  1305 D DrmLibTime: QSEE Time Listener: Time GenOff - seconds: 1773286021
03-11 23:26:44.078  1296  1305 D DrmLibTime: time_getutcsec returns 0, sec = 1773286021; nsec = 0
03-11 23:26:44.078  1296  1305 D DrmLibTime: time_getutcsec finished! 
03-11 23:26:44.078  1296  1305 D DrmLibTime: iotcl_continue_command finished! and return 0 
03-11 23:26:44.078  1296  1305 D DrmLibTime: before calling ioctl to read the next time_cmd
03-11 23:26:44.078  1878  1888 E QC-time-services: Daemon: Time-services: Waiting to acceptconnection
03-11 23:26:44.091  3163  3227 D PowerManagerService: nativeReleaseSuspendBlocker name:PowerManagerService.Broadcasts duration ms: 1
03-11 23:26:44.098  2072 14564 I DMABUFHEAPS: Using DMA-BUF heap named: qcom,qseecom-ta
03-11 23:26:44.107  2072 14564 I DMABUFHEAPS: Using DMA-BUF heap named: qcom,qseecom-ta
03-11 23:26:44.114  2072 14564 I DMABUFHEAPS: Using DMA-BUF heap named: qcom,qseecom-ta
03-11 23:26:44.115  5625  5625 I KeyguardTransitionRepository: FINISHED transition: TransitionStep(from=GONE, to=DOZING, value=1.0, transitionState=FINISHED, ownerName=FromGoneTransitionInteractor(Sleep transition triggered))
03-11 23:26:44.122  2072 14564 I QCOM-OEMCrypto: Allocated all scratch buffers
03-11 23:26:44.122  2072 14564 I QCOM-OEMCrypto: LibOEMCrypto version 1.77
03-11 23:26:44.122  2072 14564 I QCOM-OEMCrypto: TA   version 1.181
03-11 23:26:44.122  2072 14564 I QCOM-OEMCrypto: Api  version 16.4
03-11 23:26:44.122  2072 14564 W WVCdm   : [oemcrypto_adapter_dynamic.cpp(998):LoadLevel1] Could not load L1 _oecc109.
03-11 23:26:44.122  2072 14564 W WVCdm   : [oemcrypto_adapter_dynamic.cpp(999):LoadLevel1] Could not load L1 _oecc110.
03-11 23:26:44.122  2072 14564 W WVCdm   : [oemcrypto_adapter_dynamic.cpp(1003):LoadLevel1] Could not load L1 _oecc113.
03-11 23:26:44.122  2072 14564 W WVCdm   : [oemcrypto_adapter_dynamic.cpp(1004):LoadLevel1] Could not load L1 _oecc114.
03-11 23:26:44.122  2072 14564 D WVCdm   : [oemcrypto_adapter_dynamic.cpp(816):Initialize] OEMCrypto_Initialize Level 1 success. I will use level 1.
03-11 23:26:44.122  2072 14564 I QCOM-OEMCrypto: Created OEMCrypto idle_thread
03-11 23:26:44.122  2072 14564 I WVCdm   : [oemcrypto_adapter_dynamic.cpp(819):Initialize] Level 1 Build Info (v16): Build Information: API_Version: 16.4 LibOEMCrypto_Version: 1.77 TA_Version: 1.181
03-11 23:26:44.123  2072 14564 I WVCdm   : [file_utils.cpp(40):Exists] stat failed: ENOENT
03-11 23:26:44.123  2072 14564 D WVCdm   : [crypto_session.cpp(398):CacheVersion] OEMCrypto version (default security level): 16.4
03-11 23:26:44.123  2072 14564 D WVCdm   : [crypto_session.cpp(407):CacheVersion] OEMCrypto version (L3 security level): 16.3
03-11 23:26:44.123  2072 14564 D WVCdm   : [cdm_engine.cpp(555):QueryStatus] security_level = Default, query_token = DeviceID
03-11 23:26:44.123  2072 14564 D WVCdm   : [crypto_session.cpp(889):Open] Opening crypto session: requested_security_level = Default
03-11 23:26:44.123  2072 14564 D WVCdm   : [usage_table_header.cpp(162):Init] security_level = L1
03-11 23:26:44.124  2072 14564 I QCOM-OEMCrypto: Number of open sessions: 0
03-11 23:26:44.124  2072 14564 D WVCdm   : [usage_table_header.cpp(524):DetermineTableCapacity] capacity = 320, security_level = L1
03-11 23:26:44.124  2072 14564 I WVCdm   : [usage_table_header.cpp(204):RestoreTable] Found usage table to restore: entry_count = 0
03-11 23:26:44.160  2072 14564 I QCOM-OEMCrypto: Open session: 1000
03-11 23:26:44.161  2072 14564 I WVCdm   : [file_utils.cpp(40):Exists] stat failed: ENOENT
03-11 23:26:44.162  2072 14564 I WVCdm   : [file_utils.cpp(40):Exists] stat failed: ENOENT
03-11 23:26:44.163  2072 14564 I QCOM-OEMCrypto: Closed session: 1000
03-11 23:26:44.165  2072 14564 E WVCdm   : [wv_content_decryption_module.cpp(426):GetMetricsInternal] Cdm Identifier not found
03-11 23:26:44.166  2072 14564 E WVCdm   : [wv_content_decryption_module.cpp(486):CloseCdm] Cdm Identifier not found
03-11 23:26:44.166  2072 14564 E WVCdm   : Failed to close cdm. status 12
03-11 23:26:44.168  2072 14564 I WVCdm   : [(0):] L3 Terminate.
03-11 23:26:44.168  2072 14564 E WVCdm   : [oemcrypto_adapter_dynamic.cpp(831):Level1Terminate] L1 Terminate
03-11 23:26:44.168  2072 14538 I QCOM-OEMCrypto: Exit OEMCrypto idle_thread
03-11 23:26:44.169  2072 14564 I QCOM-OEMCrypto: OEMCrypto_Terminate
03-11 23:26:44.169  2072 14564 I QCOM-OEMCrypto: Cleanup OEMCrypto library
03-11 23:26:44.168 13320 13320 W Thread-25: type=1400 audit(0.0:1899818): avc:  denied  { search } for  name="net" dev="sysfs" ino=46706 scontext=u:r:untrusted_app:s0:c95,c258,c512,c768 tcontext=u:object_r:sysfs_net:s0 tclass=dir permissive=0 app=com.tiktok.lite.go
03-11 23:26:44.170  2072 14564 I QCOM-OEMCrypto: Freed all scratch buffers
03-11 23:26:44.175  5625  5669 V WindowManagerShell: Transition requested (#9133): android.os.BinderProxy@abf4d9 TransitionRequestInfo { type = SLEEP, triggerTask = null, pipTask = null, remoteTransition = null, displayChange = null, flags = 0, debugId = 9133 }
03-11 23:26:44.176  3163  3227 V WindowManager: Sent Transition (#9133) createdAt=03-11 23:26:44.174 via request=TransitionRequestInfo { type = SLEEP, triggerTask = null, pipTask = null, remoteTransition = null, displayChange = null, flags = 0, debugId = 9133 }
03-11 23:26:44.176  3163  3227 V WindowManager:     startWCT=null
03-11 23:26:44.176  3163  3227 V WindowManager:     info={id=9133 t=SLEEP f=0x40 trk=0 r=[] c=[]}
03-11 23:26:44.176  5625 10347 V WindowManagerShell: onTransitionReady(transaction=13584982123146)
03-11 23:26:44.176  3163  7471 W Transition: Transition already started id=9133 state=2
03-11 23:26:44.176  5625  5669 V WindowManagerShell: onTransitionReady (#9133) android.os.BinderProxy@abf4d9: {id=9133 t=SLEEP f=0x40 trk=0 r=[] c=[]}
03-11 23:26:44.176  5625  5669 V WindowManagerShell: No transition roots in (#9133) android.os.BinderProxy@abf4d9@0 so abort
03-11 23:26:44.177  5625  5669 V WindowManagerShell: Transition animation finished (aborted=true), notifying core (#9133) android.os.BinderProxy@abf4d9@0
03-11 23:26:44.178  3163  3227 V WindowManager: Finish Transition (#9133): created at 03-11 23:26:44.174 collect-started=0.033ms request-sent=0.125ms started=0.427ms ready=0.424ms sent=0.6ms finished=2.965ms
03-11 23:26:44.178  5625  5669 V WindowManagerShell: Track 0 became idle
03-11 23:26:44.178  5625  5669 V WindowManagerShell: All active transition animations finished
03-11 23:26:44.178  3163  5853 W UserManagerService: Requested status bar icon for non-badged user 0
03-11 23:26:44.231  3163  3352 D PowerManagerService: handleSandman ignore 0
03-11 23:26:44.253  2068  6063 I vendor.qti.bluetooth@1.0-ibs_handler: DeviceSleep: TX Awake, Sending SLEEP_IND
03-11 23:26:44.253  2068  6063 D vendor.qti.bluetooth@1.0-ibs_handler: SerialClockVote: vote for UART CLK OFF
03-11 23:26:44.256 28905 28905 D BoundBrokerSvc: onRebind: Intent { act=com.google.android.gms.libs.gmscorelogger.service.START dat=chimera-action:/... cmp=com.google.android.gms/.chimera.PersistentDirectBootAwareApiService }
03-11 23:26:44.263  3163  6909 I RemoteProvisionSysSvc: getRegistration(android.hardware.security.keymint.IRemotelyProvisionedComponent/default)
03-11 23:26:44.265  3163  6909 D ActivityManager: unfreezing ProcessRecord{e0d6fe8 16771:com.android.rkpdapp/u0a562}, reason = unfreezeTemporarily, adj = 920, adjType = cch-empty, adjSource = null
03-11 23:26:44.266  3163  6909 D ActivityManager: sync unfroze 16771 com.android.rkpdapp for 27
03-11 23:26:44.271  3163  3163 I RegistrationProxy: onServiceConnected: com.android.rkpdapp.service.RemoteProvisioningService
03-11 23:26:44.274  3163  6909 I RegistrationProxy: IGetRegistrationCallback.onSuccess
03-11 23:26:44.277  3163  7000 I RemoteProvisionSysSvc: Fetching key 10607 for client 135550688
03-11 23:26:44.277  3163  7000 I RegistrationProxy: getKeyAsync operation started with callback 73493913
03-11 23:26:44.278 16771 14545 I RkpdRegistrationBinder: Key requested for : android.hardware.security.keymint.IRemotelyProvisionedComponent/default, clientUid: 1017, keyId: 10607, callback: 140162802
03-11 23:26:44.279 16771 14545 I RkpdRegistrationBinder: Key successfully assigned to client
03-11 23:26:44.280  3163  3163 I RemoteProvisionSysSvc: Successfully fetched key for client 135550688
03-11 23:26:44.290  1296  1305 D DrmLibTime: got the req here! ret=0
03-11 23:26:44.290  1296  1305 D DrmLibTime: command id, time_cmd_id = 770
03-11 23:26:44.290  1296  1305 D DrmLibTime: time_getutcsec starts!
03-11 23:26:44.290  1296  1305 D DrmLibTime: QSEE Time Listener: time_getutcsec
03-11 23:26:44.290  1296  1305 D DrmLibTime: QSEE Time Listener: get_utc_seconds
03-11 23:26:44.290  1296  1305 D DrmLibTime: QSEE Time Listener: time_get_modem_time
03-11 23:26:44.290  1296  1305 D DrmLibTime: QSEE Time Listener: Checking if ATS_MODEM is set or not.
03-11 23:26:44.290  1296  1305 D QC-time-services: Lib:time_genoff_operation: pargs->base = 13
03-11 23:26:44.290  1296  1305 D QC-time-services: Lib:time_genoff_operation: pargs->operation = 2
03-11 23:26:44.290  1296  1305 D QC-time-services: Lib:time_genoff_operation: pargs->ts_val = 0
03-11 23:26:44.291  1296  1305 D QC-time-services: Lib:time_genoff_operation: Send to server  passed!!
03-11 23:26:44.291  1878  1888 D QC-time-services: Daemon: Connection accepted:time_genoff
03-11 23:26:44.291  1878 14546 D QC-time-services: Daemon:Received base = 13, unit = 1, operation = 2,value = 0
03-11 23:26:44.291  1878 14546 D QC-time-services: Daemon:genoff_opr: Base = 13, val = 0, operation = 2
03-11 23:26:44.291  1878 14546 D QC-time-services: offset is: 1 for base: 13
03-11 23:26:44.291  1296  1305 E QC-time-services: Receive Passed == base = 13, unit = 1, operation = 2, result = 0
03-11 23:26:44.291  1296  1305 D DrmLibTime: QSEE Time Listener: ATS_MODEM is set. Try to retrieve it.
03-11 23:26:44.291  1878  1888 E QC-time-services: Daemon: Time-services: Waiting to acceptconnection
03-11 23:26:44.291  1878  1888 D QC-time-services: Daemon: Connection accepted:time_genoff
03-11 23:26:44.291  1878 14547 D QC-time-services: Daemon:Received base = 13, unit = 1, operation = 1,value = 0
03-11 23:26:44.291  1878 14547 D QC-time-services: Daemon:genoff_opr: Base = 13, val = 0, operation = 1
03-11 23:26:44.291  1878 14547 D QC-time-services: Daemon: genoff get for 13
03-11 23:26:44.291  1878 14547 D QC-time-services: Daemon:Value read from QTimer mseconds = 215964711
03-11 23:26:44.291  1878 14547 D QC-time-services: Daemon:Value read from RTC mseconds on boot = 1081413000
03-11 23:26:44.292  1878 14547 D QC-time-services: Daemon:Value read from QTimer mseconds = 215964711
03-11 23:26:44.292  1878 14547 D QC-time-services: Daemon:Value read from generic offset = 1771988693054
03-11 23:26:44.292  1878 14547 D QC-time-services: Daemon:Delta read on boot mseconds = 1081364354
03-11 23:26:44.292  1878 14547 D QC-time-services: Daemon:Final Time = 1773286022119
03-11 23:26:44.292  1296  1305 D DrmLibTime: QSEE Time Listener: Time GenOff - seconds: 1773286022
03-11 23:26:44.292  1296  1305 D DrmLibTime: time_getutcsec returns 0, sec = 1773286022; nsec = 0
03-11 23:26:44.292  1296  1305 D DrmLibTime: time_getutcsec finished! 
03-11 23:26:44.292  1296  1305 D DrmLibTime: iotcl_continue_command finished! and return 0 
03-11 23:26:44.292  1296  1305 D DrmLibTime: before calling ioctl to read the next time_cmd
03-11 23:26:44.292  1878  1888 E QC-time-services: Daemon: Time-services: Waiting to acceptconnection
03-11 23:26:44.403  2068  5913 D vendor.qti.bluetooth@1.0-wake_lock: Release wakelock is released 
03-11 23:26:44.654 23589 24000 E msys    : E[N mns]_OnDiskCacheGetData(632)=>Start post callback cache refresh DNS resolution
03-11 23:26:44.668 23589 24000 E msys    : E[N mns]_LogError(228)=>Failed to resolve using system DNS resolver, getaddrinfo(): No address associated with hostname
03-11 23:26:44.794  2064  4171 D slpi-MOT_HALL: Flip send data : 0, State: far
03-11 23:26:44.795  2064  4173 I sensors-hal: handle_sns_client_event:365, mot_flip_event: now=215960699368663 hal ts=215960698628622, MOT_FLIP_STATE_OPEN, count=1539.0, cause=0.0, fwreg 1
03-11 23:26:44.795  2064  4171 E slpi    : MOT_GPIO_FLIP kernel state gpio unset
03-11 23:26:44.795  2064  4173 I sensors-hal: sns_device_mode_init:227, sns_device_mode_init Start
03-11 23:26:44.795  2064  4173 I android.hardware.sensors@2.1-service.multihal: vendor/qcom/proprietary/adsprpc/src/fastrpc_apps_user.c:1553: remote_handle64_open: Successfully opened handle 0x1aeb6a90 for '":;./\createstaticpd:sensorspd&_dom=adsp on domain 0
03-11 23:26:44.795  3163  3231 I DeviceStateManagerService: Cannot notify device state info change when pending state is present.
03-11 23:26:44.797  3163  3227 D TouchHwAidlService: onStateChanged.. state=1
03-11 23:26:44.798  3163  3229 D CLI/SmallCLI: onDeviceLidStateChanged: state=CLOSED
03-11 23:26:44.798  2064 14550 I android.hardware.sensors@2.1-service.multihal: vendor/qcom/proprietary/adsprpc/src/listener_android.c:116: listener thread starting
03-11 23:26:44.798  2064  4173 I android.hardware.sensors@2.1-service.multihal: vendor/qcom/proprietary/adsprpc/src/fastrpc_perf.c:273: fastrpc_perf_init: enabled systrace 0x0 and RPC traces (kernel 0, dsp 0) with frequency 1000
03-11 23:26:44.798  2064 14551 I android.hardware.sensors@2.1-service.multihal: vendor/qcom/proprietary/adsprpc/src/log_config.c:348: file_watcher_thread starting for domain 0
03-11 23:26:44.798  2064 14551 W android.hardware.sensors@2.1-service.multihal: vendor/qcom/proprietary/adsprpc/src/log_config.c:358:file_watcher_thread: Couldn't find file android.hardware.sensors@2.1-service.multihal.farf, errno (No such file or directory)
03-11 23:26:44.800  2064 14550 I android.hardware.sensors@2.1-service.multihal: vendor/qcom/proprietary/adsprpc/src/mod_table.c:703: open_mod_table_open_from_static: reverse module apps_std opened with handle 0x450dfe00 (idx 0)
03-11 23:26:44.801  2064 14550 I android.hardware.sensors@2.1-service.multihal: vendor/qcom/proprietary/adsprpc/src/apps_std_imp.c:860: Successfully opened file /vendor/dsp/adsp/libsns_device_mode_skel.so
03-11 23:26:44.802  3163  3231 I LogicalDisplayMapper: Requesting Transition to state: 1, from state=0, interactive=false, mBootCompleted=true
03-11 23:26:44.802  3163  3231 I LogicalDisplayMapper: Applying layout: [{dispId: 0(ON), displayGroupName: , addr: {port=130, model=0x40446dccee101c}, mThermalBrightnessThrottlingMapId: null, mRefreshRateZoneId: null, mLeadDisplayId: -1, mLeadDisplayAddress: null, mThermalRefreshRateThrottlingMapId: null, mPowerThrottlingMapId: null}], Previous layout: [{dispId: 0(ON), displayGroupName: , addr: {port=130, model=0x40446dccee101c}, mThermalBrightnessThrottlingMapId: null, mRefreshRateZoneId: null, mLeadDisplayId: -1, mLeadDisplayAddress: null, mThermalRefreshRateThrottlingMapId: null, mPowerThrottlingMapId: null}]
03-11 23:26:44.803  3163  3231 D CLI/Rotation: Set volume keyswap sysprop for rotation 0 lidState CLOSED
03-11 23:26:44.807  3163  4279 I CLI/Transition_Device: lid state changed: CLOSED -> OPEN, device state changed to CLOSED
03-11 23:26:44.808  3163  4279 D CLI/Transition_Lid: update lid state OPEN
03-11 23:26:44.809  2064  4173 E android.hardware.sensors@2.1-service.multihal: vendor/qcom/proprietary/adsprpc/src/fastrpc_apps_user.c:1491: Error 0x80000406: remote_handle_open_domain: dynamic loading failed for file:///libsns_device_mode_skel.so?sns_device_mode_skel_handle_invoke&_modver=1.0&_dom=adsp on domain 0 (dlerror segment 0 failed hash verification(0x34D8000 B)) (errno Success)
03-11 23:26:44.810  2064  4173 E android.hardware.sensors@2.1-service.multihal: vendor/qcom/proprietary/adsprpc/src/fastrpc_apps_user.c:1550: Error 0x80000406: remote_handle64_open failed for file:///libsns_device_mode_skel.so?sns_device_mode_skel_handle_invoke&_modver=1.0&_dom=adsp (errno Success)
03-11 23:26:44.810  2064  4173 I sensors-hal: sns_device_mode_init:262, sns_device_mode_init End
03-11 23:26:44.810  2064  4173 E sensors-hal: sendDeviceMode:287, mot_flip: one or mode handles unopened: dm 0 rpc 1
03-11 23:26:44.810  2064  4173 E android.hardware.sensors@2.1-service.multihal: vendor/qcom/proprietary/adsprpc/src/fastrpc_apps_user.c:1366: Error 0x80000600: remote_handle_invoke failed for handle 0x0, method 1 on domain 0 (sc 0x1010200) (errno Success)
03-11 23:26:44.811  2064  4173 E android.hardware.sensors@2.1-service.multihal: vendor/qcom/proprietary/adsprpc/src/fastrpc_apps_user.c:1575: Error 0x80000600: remote_handle_close failed for handle 0x0 (dlerr \) (errno Success)
03-11 23:26:44.811  2064  4173 I android.hardware.sensors@2.1-service.multihal: vendor/qcom/proprietary/adsprpc/src/fastrpc_apps_user.c:2737: domain_deinit for domain 0: dev 74
03-11 23:26:44.812  2064 14550 E android.hardware.sensors@2.1-service.multihal: vendor/qcom/proprietary/adsprpc/src/fastrpc_apps_user.c:3516: exit_thread current process1 thread exit nErr = 0x8000040d domain 0, handle 0xb400007d1aeb6a90
03-11 23:26:44.813  2064 14551 W android.hardware.sensors@2.1-service.multihal: vendor/qcom/proprietary/adsprpc/src/log_config.c:368:Warning: file_watcher_thread received exit for domain 0, file android.hardware.sensors@2.1-service.multihal.farf
03-11 23:26:44.813  2064 14551 I android.hardware.sensors@2.1-service.multihal: vendor/qcom/proprietary/adsprpc/src/log_config.c:415: file_watcher_thread exiting for domain 0
03-11 23:26:44.814  2064  4173 I android.hardware.sensors@2.1-service.multihal: vendor/qcom/proprietary/adsprpc/src/mod_table.c:789: open_mod_table_close: closed reverse module apps_std with handle 0x450dfe00
03-11 23:26:44.815  3163  4279 W InputDispatcher: Focused display #0 does not have a focused window.
03-11 23:26:44.815  3163  4279 E InputDispatcher: But another display has a focused window
03-11 23:26:44.815  3163  4279 E InputDispatcher:   FocusedWindows:
03-11 23:26:44.815  3163  4279 E InputDispatcher:     displayId=1, name='2b129fe Venus-Home'
03-11 23:26:44.815  2064  4173 E android.hardware.sensors@2.1-service.multihal: vendor/qcom/proprietary/adsprpc/src/fastrpc_apps_user.c:1614: Error 0x80000600: remote_handle64_close failed for handle 0xb400007d1aeb6a90 remote handle 0x0 (errno Success)
03-11 23:26:44.815  3163  3227 D TouchHwAidlService: onTapToWakeSettingsChanged isAmbientDisplayAvailable=1 aodEnable=true singleTapEnable=true doubleTapEnable=true lidState=1 callers=com.motorola.server.display.TouchHwAidlService.-$$Nest$monTapToWakeSettingsChanged:0 com.motorola.server.display.TouchHwAidlService$4.onChange:573 android.database.ContentObserver.onChange:184 
03-11 23:26:44.815  3163  3231 W AccessibilityWindowsPopulator: The displayInfo of this displayId (0) called back from the surface fligner is null
03-11 23:26:44.815  3163  3227 D TouchHwAidlService: enableTapWake mode=33 displayId=0 mGestureStowMode=true
03-11 23:26:44.816  2106  2106 I motorola.hardware.display.touch-service: Setting Gesture to 33
03-11 23:26:44.817  3163  3227 D TouchHwAidlService: setGestureModeHal done mode=33 newMode=33 result=0
03-11 23:26:44.817  3163  3227 D TouchHwAidlService: enableTapWake mode=33 displayId=1 mGestureStowMode=true
03-11 23:26:44.817  3163  3227 D TouchHwAidlService: transfer mode=33 transMode=32 cli=true
03-11 23:26:44.820  2106  2106 I motorola.hardware.display.touch-service: Setting CLI Gesture to 32
03-11 23:26:44.820  3163  3227 D TouchHwAidlService: setCliGestureModeHal done mode=33 newMode=32 result=0
03-11 23:26:44.820  3163  3227 D TouchHwAidlService: enableTapWake mode=49 displayId=-1 mGestureStowMode=true
03-11 23:26:44.820  2106  2106 I motorola.hardware.display.touch-service: Setting Gesture to 49
03-11 23:26:44.820  6461  6564 I Capsense_Cal: Sensor GetEvents event_count==1
03-11 23:26:44.820  6461  6564 D Capsense_Cal: SensorThread sensorEvents
03-11 23:26:44.820  6461  6564 D Capsense_Cal: Capsensor hallEventHandler sensorEvents->data[0]==1.000000
03-11 23:26:44.820  6461  6564 D Capsense_Cal: start cal : /sys/class/capsense/capsense1/reset, msg: flip_far
03-11 23:26:44.821  3163  3227 D TouchHwAidlService: setGestureModeHal done mode=49 newMode=49 result=0
03-11 23:26:44.821  3163  3227 D TouchHwAidlService: transfer mode=49 transMode=48 cli=true
03-11 23:26:44.821  2106  2106 I motorola.hardware.display.touch-service: Setting CLI Gesture to 48
03-11 23:26:44.821  5625  5625 D SCliNotifPanelController: onLidOpen
03-11 23:26:44.821  3163  3227 D TouchHwAidlService: setCliGestureModeHal done mode=49 newMode=48 result=0
03-11 23:26:44.821  5625  5625 V SmallCli_WindowController: state=SmallCli window State {
03-11 23:26:44.821  5625  5625 V SmallCli_WindowController:   mBrightnessVisible: false
03-11 23:26:44.821  5625  5625 V SmallCli_WindowController:   mDynamicPanelVisible: false
03-11 23:26:44.821  5625  5625 V SmallCli_WindowController:   mFlashLightPrompt: false
03-11 23:26:44.821  5625  5625 V SmallCli_WindowController:   mHeadsUpPanelVisible: false
03-11 23:26:44.821  5625  5625 V SmallCli_WindowController:   mKeyguardOccluded: false
03-11 23:26:44.821  5625  5625 V SmallCli_WindowController:   mLidOpen: true
03-11 23:26:44.821  5625  5625 V SmallCli_WindowController:   mNotificationVisible: false
03-11 23:26:44.821  5625  5625 V SmallCli_WindowController:   mPowerMenuVisible: false
03-11 23:26:44.821  5625  5625 V SmallCli_WindowController:   mQsVisible: false
03-11 23:26:44.821  5625  5625 V SmallCli_WindowController:   mVolumeVisible: false
03-11 23:26:44.821  5625  5625 V SmallCli_WindowController: }
03-11 23:26:44.822  2723  2723 I CameraService: Previous DeviceState : 4 New DeviceState : 0
03-11 23:26:44.822  2067  2174 D AHAL: AudioDevice: SetParameters: 1564: enter: cli_state=open
03-11 23:26:44.822  2067  2174 D AHAL: AudioVoice: VoiceSetParameters: 87: Enter params: cli_state=open
03-11 23:26:44.822  2067  2174 D AHAL: AudioVoice: VoiceSetParameters: 360: Exit ret: 0
03-11 23:26:44.822  2067  2174 D AHAL: FM: fm_set_parameters: 262: Enter
03-11 23:26:44.822  2067  2174 D AHAL: FM: fm_set_parameters: 320: exit
03-11 23:26:44.822  2067  2174 D AHAL: AudioDevice: SetParameters: 2361: exit: cli_state=open
03-11 23:26:44.822  2186  2186 I CamxPrvdr@2.7-legacy: notifyDeviceStateChange: New device state: 0x0
03-11 23:26:44.822  2186  2186 I CamxComm1.0-CamModule: notifyDeviceStateChange: calling notify_device_state_change with state 0
03-11 23:26:44.822  2186  2186 D CamX    : [DEBUG][HAL    ] camxhal3module.cpp:411 NotifyDeviceStateChange() New Device State: 0
03-11 23:26:44.823  6461  6564 D Capsense_Cal: start cal : /sys/class/capsense/capsense0/reset, msg: flip_far
03-11 23:26:44.825  3163  7471 W InputManager-JNI: Input channel object '[Gesture Monitor] moto_actions_input_channel (client)' was disposed without first being removed with the input manager!
03-11 23:26:44.827  2061  2108 E minksocket: MinkIPC_QRTR_Service: client with node 1 port 6f4f went down
03-11 23:26:44.827  2061  2108 E minksocket: MinkIPC_QRTR_Service: client with node 1 port 6f52 went down
03-11 23:26:44.827  2061  2108 E minksocket: MinkIPC_QRTR_Service: client with node 1 port 6f3d went down
03-11 23:26:44.827  2061  2108 E minksocket: MinkIPC_QRTR_Service: client with node 1 port 6f43 went down
03-11 23:26:44.833  3163  4279 D CLI/Transition_Lid: started waiting for displaygroup 1 off. needMove:false, wakeForContinuityAtWill:false
03-11 23:26:44.833  3163  4279 I PowerGroup: Sleeping power group (groupId=1, uid=1000, reason=lid_switch)...
03-11 23:26:44.833  3163  4279 D PowerManagerService: ignore setGlobalWakefulnessLocked 0 due to lid state change.
03-11 23:26:44.834  7314  7314 D GameMode: mCLIStatusReceiver: 1
03-11 23:26:44.834  3163  3352 E SensorManager: sensor or listener is null
03-11 23:26:44.834  7314  7314 D GameMode: exiting game mode
03-11 23:26:44.837  2064  2064 I sensors-hal: batch:206, com.motorola.sensor.alternate_light/65959, period=250000000, max_latency=0
03-11 23:26:44.837  2064  2064 I sensors-hal: set_config:61, no need to adjust sample_period_ns due to reporting_mode = 2
03-11 23:26:44.837  2064  2064 I sensors-hal: batch:215, com.motorola.sensor.alternate_light/65959, period=250000000, max_latency=0 request completed
03-11 23:26:44.838  6344  6344 I WindowController: window interactive state updated to false
03-11 23:26:44.838  2064  2064 I sensors-hal: activate:173, com.motorola.sensor.alternate_light/65959 en=1
03-11 23:26:44.839  2064  2064 I sensors-hal: get_qmi_debug_flag:239, support_qmi_debug : false
03-11 23:26:44.840  2061  2108 E minksocket: MinkIPC_QRTR_Service: client with node 1 port 6f5d went down
03-11 23:26:44.840  2061  2108 E minksocket: MinkIPC_QRTR_Service: client with node 1 port 6f5e went down
03-11 23:26:44.841  2061  2108 E minksocket: MinkIPC_QRTR_Service: client with node 1 port 6f5f went down
03-11 23:26:44.841  2064  2064 E Diag_Lib: diag: Diag_LSM_Init: invoked for pid: 2064 with init_count: 0
03-11 23:26:44.841  2061  2108 E minksocket: MinkIPC_QRTR_Service: client with node 1 port 6f60 went down
03-11 23:26:44.842  7314  7314 D GameMode: isFeatureSupported: true
03-11 23:26:44.843  2064  2064 E Diag_Lib: diag:failed to connect to diag socket
03-11 23:26:44.843  2064  2064 E Diag_Lib:  Diag_LSM_Init: Failed to open handle to diag driver, error = 13
03-11 23:26:44.843 14553 14553 I ThermalEngine: Throttling daemon started
03-11 23:26:44.843  2064  2064 I sensors-hal: send_sensor_config_request:463, dt=ambient_light_1: convert sample_period=250000000 to batch_period=250000
03-11 23:26:44.843 14553 14553 E ThermalEngine: config_info path not found: /sys/module/msm_thermal/config_info
03-11 23:26:44.843  2064  2064 I sensors-hal: send_sync_sensor_request:341, send sync request
03-11 23:26:44.843  2064  2064 I sensors-hal: send_sync_sensor_request:367, wait for notification of response
03-11 23:26:44.843 14553 14553 I ThermalEngine: Using device config file '/vendor/etc/thermal-engine-lynkco.conf'
03-11 23:26:44.843  7314  7314 D GameMode: isFeatureSupported: true
03-11 23:26:44.844  7314  7314 D GameMode: reset : false
03-11 23:26:44.846  2064 14555 I sensors-hal: ssc_conn_resp_cb:632, resp_value = 0
03-11 23:26:44.846  2064  2064 I sensors-hal: send_sync_sensor_request:373, takes 2 ms to receive the response with 0
03-11 23:26:44.846  2064  2064 I sensors-hal: activate:184, com.motorola.sensor.alternate_light/65959 en=1 completed
03-11 23:26:44.847  3163  3352 I DisplayPowerController2[1]: 03-11 23:26:44.846 - BrightnessEvent: disp=1, physDisp=local:4630947043778501763, displayState=ON, displayPolicy=OFF, brt=0.19815299, initBrt=0.19815299, rcmdBrt=NaN, preBrt=NaN, lux=NaN, preLux=NaN, brtNits=44.158615, hdrNits=NaN, initNits=44.158615, preNits=NaN, rcmdNits=NaN, hdrBrightness=NaN, brt(%)=26%, brtInt=51, hbmPolicy=normal, hbmMax=0.7660316, hbmMode=off, rbcStrength=-1, thrmMax=1.0, powerFactor=1.0, wasShortTermModelActive=false, flags=invalid_lux , reason=manual, autoBrightness=true, strategy=InvalidBrightnessStrategy, autoBrightnessMode=default
03-11 23:26:44.847  3163  3352 I DisplayPowerController2[1]: Blocking screen off
03-11 23:26:44.847  3163  3352 I WindowManager: Display 1 turning off...
03-11 23:26:44.848  3163  3352 I DisplayPowerController2[1]: Unblocked screen off after 0 ms
03-11 23:26:44.848  3163  3352 I WindowManager: Display1 turned off...
03-11 23:26:44.849  3163  3352 I DisplayBrightnessStrategySelector: Changing the DisplayBrightnessStrategy from InvalidBrightnessStrategy to ScreenOffBrightnessStrategy for display 1
03-11 23:26:44.849  3163  3229 D CLI/SmallCLI: onScreenTurnedOff: 
03-11 23:26:44.849  2064  2064 I sensors-hal: activate:173, com.motorola.sensor.alternate_light/65959 en=0
03-11 23:26:44.850  3163  7000 W AccessibilityWindowsPopulator: The displayInfo of this displayId (0) called back from the surface fligner is null
03-11 23:26:44.850  2064  2064 I sensors-hal: activate:184, com.motorola.sensor.alternate_light/65959 en=0 completed
03-11 23:26:44.850  2061  2108 E minksocket: MinkIPC_QRTR_Service: client with node 1 port 6f61 went down
03-11 23:26:44.852  3163  3352 V DisplayPowerController2[1]: Brightness [0.0] reason changing to: 'screen_off', previous reason: 'manual'.
03-11 23:26:44.852  7314  7314 D GameMode: isFeatureSupported: true
03-11 23:26:44.852  3163  3352 I DisplayPowerController2[1]: 03-11 23:26:44.852 - BrightnessEvent: disp=1, physDisp=local:4630947043778501763, displayState=OFF, displayPolicy=OFF, brt=0.0, initBrt=0.19815299, rcmdBrt=NaN, preBrt=NaN, lux=0.0, preLux=0.0, brtNits=3.3701954, hdrNits=NaN, initNits=44.158615, preNits=NaN, rcmdNits=NaN, hdrBrightness=NaN, brt(%)=0%, brtInt=1, hbmPolicy=normal, hbmMax=0.7660316, hbmMode=off, rbcStrength=-1, thrmMax=1.0, powerFactor=1.0, wasShortTermModelActive=false, flags=, reason=screen_off, autoBrightness=true, strategy=ScreenOffBrightnessStrategy, autoBrightnessMode=default
03-11 23:26:44.853  6344  6675 D Surface : Surface::disconnect
03-11 23:26:44.853  6344  6675 D BufferQueueProducer: [Venus-Home#109827(BLAST Consumer)pid:6344](id:18c800000307,api:1,p:6344,c:6344) disconnect: api 1
03-11 23:26:44.853  2723  2723 E VendorTagDescriptor: lookupTag: Tag name 'support_get_property_2_0' does not exist.
03-11 23:26:44.855  3163  5308 D TouchHwAidlService: setCliDisplayState: mCliScreenOff=true
03-11 23:26:44.856  3163  3231 I DisplayDeviceRepository: Display device changed state: "HDMI Screen", OFF
03-11 23:26:44.856  3163  5308 D TouchHwAidlService: onTapToWakeSettingsChanged isAmbientDisplayAvailable=1 aodEnable=true singleTapEnable=true doubleTapEnable=true lidState=1 callers=com.motorola.server.display.TouchHwAidlService.setCliDisplayState:554 com.motorola.server.MotoExtHwService$MotoExtHwManagerInternal.setCliDisplayState:454 com.android.server.display.LocalDisplayAdapter$LocalDisplayDevice$1.setDisplayState:1082 
03-11 23:26:44.856  3163  5308 D TouchHwAidlService: enableTapWake mode=33 displayId=0 mGestureStowMode=true
03-11 23:26:44.856  2106  2106 I motorola.hardware.display.touch-service: Setting Gesture to 33
03-11 23:26:44.857  3163  5308 D TouchHwAidlService: setGestureModeHal done mode=33 newMode=33 result=0
03-11 23:26:44.857  3163  5308 D TouchHwAidlService: enableTapWake mode=33 displayId=1 mGestureStowMode=true
03-11 23:26:44.857  3163  5308 D TouchHwAidlService: transfer mode=33 transMode=32 cli=true
03-11 23:26:44.857  3163  3352 D BrightnessThermalClamper: Thermal status observer already started
03-11 23:26:44.857  3163  3231 I InputManager-JNI: Viewport [0] to add: local:4630947043778501762, isActive: false
03-11 23:26:44.857  3163  3231 I InputManager-JNI: Viewport [1] to add: local:4630947043778501763, isActive: false
03-11 23:26:44.857  2106  2106 I motorola.hardware.display.touch-service: Setting CLI Gesture to 32
03-11 23:26:44.857  3163  3163 I BrightnessSynchronizer: New Update: {[14101] 0.24986368(f), mUpdatedTypes=0, mConfirmedTypes=0, mTimeUpdated=0, mState=2}
03-11 23:26:44.857  3163  5308 D TouchHwAidlService: setCliGestureModeHal done mode=33 newMode=32 result=0
03-11 23:26:44.857  3163  5308 D TouchHwAidlService: enableTapWake mode=49 displayId=-1 mGestureStowMode=true
03-11 23:26:44.857  2106  2106 I motorola.hardware.display.touch-service: Setting Gesture to 49
03-11 23:26:44.857  3163  5308 D TouchHwAidlService: setGestureModeHal done mode=49 newMode=49 result=0
03-11 23:26:44.857  3163  5308 D TouchHwAidlService: transfer mode=49 transMode=48 cli=true
03-11 23:26:44.857  2106  2106 I motorola.hardware.display.touch-service: Setting CLI Gesture to 48
03-11 23:26:44.857  3163  5308 D TouchHwAidlService: setCliGestureModeHal done mode=49 newMode=48 result=0
03-11 23:26:44.857  3163  7000 W SurfaceControl: Invalid layer stack -1
03-11 23:26:44.858  3163  7000 I DisplayDevice: [1] Layerstack set to -1 for local:4630947043778501763 mDisplayToken=android.os.BinderProxy@433f576 t=Transaction{mNativeObject=-5476376673043392304, mHashCode=0}
03-11 23:26:44.858  3163  5308 W ServiceManagerCppClient: Failed to get isDeclared for com.motorola.hardware.display.panel.IDisplayPanel/default: Status(-1, EX_SECURITY): 'SELinux denied.'
03-11 23:26:44.858  3163  5308 D DisplayPanelService: Setting panel dc mode: 0
03-11 23:26:44.858  2090  2090 I DisplayPanel: setDcMode: DC mode = OFF
03-11 23:26:44.858  2090  2090 D DisplayPanel: setParam: Success set DC to 0 for Primary display
03-11 23:26:44.859 14553 14553 I ThermalEngine: devices_manager_init: Init
03-11 23:26:44.859 14553 14553 I ThermalEngine: Number of gpus :1
03-11 23:26:44.859 14553 14553 I ThermalEngine: Number of cpus :8
03-11 23:26:44.859  3163  5308 D LocalDisplayAdapter: setDisplayPowerMode mode=0 for display=android.os.BinderProxy@433f576
03-11 23:26:44.860 14553 14553 E ThermalEngine: tmd_add_cpufreq_dev_data: Invalid or no boost freqs
03-11 23:26:44.860  2061  2108 E minksocket: MinkIPC_QRTR_Service: client with node 1 port 6f63 went down
03-11 23:26:44.860  3163  4285 I InputReader: Reconfiguring input devices, changes=DISPLAY_INFO
03-11 23:26:44.860  3163  4285 I InputReader: Disabling goodix_ts (device 7) because the associated viewport is not active
03-11 23:26:44.860  3163  4285 I InputReader: Disabling zinitix_mt (device 6) because the associated viewport is not active
03-11 23:26:44.860  3163  4285 I InputReader: Device reconfigured: id=6, name='zinitix_mt', size 194x368, orientation Rotation0, mode DISABLED, display id 1
03-11 23:26:44.861  2061  2108 E minksocket: MinkIPC_QRTR_Service: client with node 1 port 6f64 went down
03-11 23:26:44.862  3163  3229 D ActivityTaskManager: Top Process State changed to PROCESS_STATE_TOP
03-11 23:26:44.862  3163  3229 V WindowManager: Content Recording: Display 1 state was (2), is now (1), so update recording?
03-11 23:26:44.862  3163  3229 D CLI/Transition: displaygroup 1, state OFF, pendingdisplaygroup 1
03-11 23:26:44.862  5625  5669 V WindowManagerShell: Transition requested (#9134): android.os.BinderProxy@2ddcf55 TransitionRequestInfo { type = WAKE, triggerTask = null, pipTask = null, remoteTransition = null, displayChange = null, flags = 0, debugId = 9134 }
03-11 23:26:44.863  2061  2108 E minksocket: MinkIPC_QRTR_Service: client with node 1 port 6f65 went down
03-11 23:26:44.863  3163  3231 D PanelsService: updateCliDisplayState: mCliScreenState=OFF
03-11 23:26:44.863  3163  7496 E WindowManager: Dream packageName does not match active dream. Package com.motorola.launcher3 does not match ComponentInfo{com.android.systemui/com.android.systemui.doze.DozeService}
03-11 23:26:44.863  2300  2300 D SurfaceFlinger: Setting power mode 0 on display 4630947043778501763
03-11 23:26:44.864  2061  2108 E minksocket: MinkIPC_QRTR_Service: client with node 1 port 6f66 went down
03-11 23:26:44.864  3163  4132 E WindowManager: Dream packageName does not match active dream. Package com.google.android.ext.services does not match ComponentInfo{com.android.systemui/com.android.systemui.doze.DozeService}
03-11 23:26:44.864  3163  6987 E WindowManager: Dream packageName does not match active dream. Package com.dolby.daxservice does not match ComponentInfo{com.android.systemui/com.android.systemui.doze.DozeService}
03-11 23:26:44.864  3163  8301 E WindowManager: Dream packageName does not match active dream. Package com.motorola.mobiledesktop does not match ComponentInfo{com.android.systemui/com.android.systemui.doze.DozeService}
03-11 23:26:44.865  2061  2108 E minksocket: MinkIPC_QRTR_Service: client with node 1 port 6f67 went down
03-11 23:26:44.865  7545  7545 I FileStationLog: [ FS_h$a ] - [Display] Changed display: 1
03-11 23:26:44.867  6942 11492 D ForegroundUtils: Foreground UID status: 10240, true; 10243, false; 10246, false; 10292, false; 10363, false; 10394, true; 10404, true; 10416, false; 10584, false; 10607, true; 10618, false; 
03-11 23:26:44.869  2061  2108 E minksocket: MinkIPC_QRTR_Service: client with node 1 port 6f68 went down
03-11 23:26:44.869  2061  2108 E minksocket: MinkIPC_QRTR_Service: client with node 1 port 6f69 went down
03-11 23:26:44.869  2061  2108 E minksocket: MinkIPC_QRTR_Service: client with node 1 port 6f6a went down
03-11 23:26:44.869  2061  2108 E minksocket: MinkIPC_QRTR_Service: client with node 1 port 6f6b went down
03-11 23:26:44.869 14553 14553 E ThermalEngine: tmd_add_cpufreq_dev_data: Invalid or no boost freqs
03-11 23:26:44.870  2061  2108 E minksocket: MinkIPC_QRTR_Service: client with node 1 port 6f6c went down
03-11 23:26:44.871  2061  2108 E minksocket: MinkIPC_QRTR_Service: client with node 1 port 6f6d went down
03-11 23:26:44.871 14553 14553 E ThermalEngine: tmd_add_cpufreq_dev_data: Invalid or no boost freqs
03-11 23:26:44.872  2061  2108 E minksocket: MinkIPC_QRTR_Service: client with node 1 port 6f6f went down
03-11 23:26:44.873  2061  2108 E minksocket: MinkIPC_QRTR_Service: client with node 1 port 6f70 went down
03-11 23:26:44.875  2061  2108 E minksocket: MinkIPC_QRTR_Service: client with node 1 port 6f71 went down
03-11 23:26:44.875  2195  2586 I SDM     : DisplayBase::SetDisplayState: Set state = 0, display 76-0, teardown = 0
03-11 23:26:44.875  2195  2586 I SDM     : DRMPanelFeatureMgr::MarkForNullCommit: Marked 7 for null commit
03-11 23:26:44.876  2195  2586 I SDM     : HWDeviceDRM::NullCommit: Null commit succeeded crtc=203
03-11 23:26:44.876 14553 14553 W thermal-engine-: type=1400 audit(0.0:1899819): avc:  denied  { read } for  scontext=u:r:vendor_thermal-engine:s0 tcontext=u:r:init:s0 tclass=file permissive=0
03-11 23:26:44.876 14553 14553 W thermal-engine-: type=1400 audit(0.0:1899820): avc:  denied  { read } for  scontext=u:r:vendor_thermal-engine:s0 tcontext=u:r:kernel:s0 tclass=file permissive=0
03-11 23:26:44.876 14553 14553 W thermal-engine-: type=1400 audit(0.0:1899821): avc:  denied  { read } for  scontext=u:r:vendor_thermal-engine:s0 tcontext=u:r:kernel:s0 tclass=file permissive=0
03-11 23:26:44.876 14553 14553 W thermal-engine-: type=1400 audit(0.0:1899822): avc:  denied  { read } for  scontext=u:r:vendor_thermal-engine:s0 tcontext=u:r:kernel:s0 tclass=file permissive=0
03-11 23:26:44.876  2061  2108 E minksocket: MinkIPC_QRTR_Service: client with node 1 port 6f73 went down
03-11 23:26:44.877  2061  2108 E minksocket: MinkIPC_QRTR_Service: client with node 1 port 6f74 went down
03-11 23:26:44.878 14553 14553 E ThermalEngine: devices_manager_reg_clnt: Invalid dev cdsp_sw.
03-11 23:26:44.865  3163  7496 E WindowManager: Dream packageName does not match active dream. Package com.google.android.gsf does not match ComponentInfo{com.android.systemui/com.android.systemui.doze.DozeService}
03-11 23:26:44.878  3163  3231 W ServiceManagerCppClient: Failed to get isDeclared for com.motorola.hardware.display.panel.IDisplayPanel/default: Status(-1, EX_SECURITY): 'SELinux denied.'
03-11 23:26:44.878  3163  3231 D DisplayPanelService: Setting panel dc mode: 0
03-11 23:26:44.878  2090  2090 I DisplayPanel: setDcMode: DC mode = OFF
03-11 23:26:44.878  2090  2090 D DisplayPanel: setParam: Success set DC to 0 for Primary display
03-11 23:26:44.879  2061  2108 E minksocket: MinkIPC_QRTR_Service: client with node 1 port 6f75 went down
03-11 23:26:44.879  3163  4279 I PowerGroup: Waking up power group from Asleep (groupId=0, uid=1000, reason=WAKE_REASON_LID, details=cli: lid state change)...
03-11 23:26:44.880  2061  2108 E minksocket: MinkIPC_QRTR_Service: client with node 1 port 6f76 went down
03-11 23:26:44.880  3163  3227 D TouchHwAidlService: updateCliDisplayState: mCliScreenOn=false
03-11 23:26:44.881  3163  7496 E WindowManager: Dream packageName does not match active dream. Package com.google.android.gms does not match ComponentInfo{com.android.systemui/com.android.systemui.doze.DozeService}
03-11 23:26:44.881 14553 14567 E ThermalEngine: verify_tmd_device: Device:cpuv_restriction_cold available. max:1
03-11 23:26:44.881  3163  4279 I PowerManagerService: Waking up from Dozing (uid=1000, reason=WAKE_REASON_LID, details=cli: lid state change)...
03-11 23:26:44.881 14553 14567 E ThermalEngine: verify_tmd_device: Device:cdsp_hw available. max:1
03-11 23:26:44.881  3163  4129 E WindowManager: Dream packageName does not match active dream. Package com.motorola.motocare does not match ComponentInfo{com.android.systemui/com.android.systemui.doze.DozeService}
03-11 23:26:44.882  3163  7474 E WindowManager: Dream packageName does not match active dream. Package com.tiktok.lite.go does not match ComponentInfo{com.android.systemui/com.android.systemui.doze.DozeService}
03-11 23:26:44.882 14553 14567 E ThermalEngine: verify_tmd_device: Device:cdsp_sw available. max:6
03-11 23:26:44.882 14553 14567 I ThermalEngine: CDSP thermal mitigation available.
03-11 23:26:44.883  3163  7402 E WindowManager: Dream packageName does not match active dream. Package com.motorola.mobiledesktop.core does not match ComponentInfo{com.android.systemui/com.android.systemui.doze.DozeService}
03-11 23:26:44.883  3163  6987 E WindowManager: Dream packageName does not match active dream. Package io.appium.settings does not match ComponentInfo{com.android.systemui/com.android.systemui.doze.DozeService}
03-11 23:26:44.884  3163  7471 E WindowManager: Dream packageName does not match active dream. Package com.motorola.livewallpaper3.prebuilt.vanilla_reflection does not match ComponentInfo{com.android.systemui/com.android.systemui.doze.DozeService}
03-11 23:26:44.884  5705  5705 D GameModeDetector: notifyGameModeStatusValue, value=false
03-11 23:26:44.885  5705  5705 D DaxService: sendGameModeIntent, state=false
03-11 23:26:44.886  3163  4279 D PowerManagerService: nativeAcquireSuspendBlocker name:PowerManagerService.Broadcasts duration ms: 3
