03-11 23:22:58.347  3163  3352 D PowerManagerService: handleSandman ignore 0
03-11 23:22:58.348  6942  6942 D NfcService: MSG_APPLY_SCREEN_STATE 2
03-11 23:22:58.350  3163  3352 D PowerManagerService: handleSandman ignore 0
03-11 23:22:58.351  2064  4297 I sensors-hal: handle_indication_realtime:467,  SCHED_FIFO(10) for qmi_cbk
03-11 23:22:58.352  6942  6942 D libnfc_nci: nfcManager_doSetScreenState: state = 2 prevScreenState= 1, discovry_param = 1
03-11 23:22:58.352  3163  3352 D PowerManagerService: handleSandman ignore 0
03-11 23:22:58.353  2582  8068 D NxpTml  : PN54X - Write requested.....
03-11 23:22:58.353  2582  8068 D NxpTml  : PN54X - Invoking I2C Write.....
03-11 23:22:58.353  5625  5625 D KeyguardViewMediator: KeyguardViewMediator queue processing message: SHOW
03-11 23:22:58.353  4050  4278 E ThermalEngine: First running, skip
03-11 23:22:58.353  4050  4278 I ThermalEngine: Monitor:ACTIVE:OVERRIDE-CHG:internal_override=1:DETECT-STANDBY=1
03-11 23:22:58.353  2582  8068 I NxpNciX : len =   4 > 20090103
03-11 23:22:58.353  2582  8068 D NxpTml  : PN54X - I2C Write successful.....
03-11 23:22:58.353  2582  8068 D NxpTml  : PN54X - Posting Fresh Write message.....
03-11 23:22:58.353  2582  8068 D NxpTml  : PN54X - Tml Writer Thread Running................
03-11 23:22:58.353  2582  8070 D NxpHal  : write successful status = 0x0
03-11 23:22:58.353  4050  4278 I ThermalEngine: ACTION: override_c - Setting override_c to 1
03-11 23:22:58.353  3163  5528 W UserManagerService: Requested status bar icon for non-badged user 0
03-11 23:22:58.354  5625  5962 V PowerManager: userActivity when=122870144 event=0 flags=0 displayId=1 by (com.android.systemui) callers=com.android.systemui.keyguard.KeyguardViewMediator$$ExternalSyntheticLambda0.run:63 java.util.concurrent.ThreadPoolExecutor.runWorker:1145 java.util.concurrent.ThreadPoolExecutor$Worker.run:644 
03-11 23:22:58.354  2582  8059 D NxpTml  : PN54X - I2C Read successful.....
03-11 23:22:58.354  4050  4276 I ThermalEngine: Thermal-Server: Thermal received msg from  override_c
03-11 23:22:58.354  2582  8059 I NxpNciR : len =   4 > 40090100
03-11 23:22:58.354  2582  8059 D NxpTml  : PN54X - Posting read message.....
03-11 23:22:58.354  2582  8070 D NxpHal  : read successful status = 0x0
03-11 23:22:58.354  4050  4308 I Thermal-Lib: Thermal-Lib-Client: Client request sent
03-11 23:22:58.354  5625  5625 D SCliNotificationListener: onNotificationListUpdate: [com.android.systemui.statusbar.notification.collection.GroupEntry@2ab3b0d]
03-11 23:22:58.354  2582  8059 D NxpTml  : PN54X - Read requested.....
03-11 23:22:58.355  2582  8059 D NxpTml  : PN54X - Invoking I2C Read.....
03-11 23:22:58.355  5625  6286 D SCliNotifPanelController: onNotificationEntryRemove: -1|com.android.systemui|1201|fully_charged_and_plugged|10394
03-11 23:22:58.355  5625  6286 D SCliNotifPanelController: onNotificationGroupRemove: com.android.systemui_u-1
03-11 23:22:58.355  5625  6286 D SCliNotifPanelController: onNotificationEntryRemove: 0|com.google.android.googlequicksearchbox|0|-1929155362::a:snotification:[0x394,wx.f,NOTIFICATION]|10292
03-11 23:22:58.355  5625  6286 D SCliNotifPanelController: onNotificationGroupUpdate: com.google.android.googlequicksearchbox_u0
03-11 23:22:58.355  5625  6286 D SCliNotifPanelController: onNotificationEntryRemove: 0|com.android.vending|-234430262|null|10276
03-11 23:22:58.355  5625  6286 D SCliNotifPanelController: onNotificationGroupRemove: com.android.vending_u0
03-11 23:22:58.355  5625  6286 D SCliNotifPanelController: onNotificationEntryRemove: 0|com.google.android.googlequicksearchbox|0|-1929155362::a:snotification:[0x7210bfcd4aa85eab,stories.f,NOTIFICATION]|10292
03-11 23:22:58.355  5625  6286 D SCliNotifPanelController: onNotificationGroupRemove: com.google.android.googlequicksearchbox_u0
03-11 23:22:58.355  6978  6978 I Smart5G : [Smart5GService] receive action: android.intent.action.SCREEN_OFF
03-11 23:22:58.359  6942  8007 D libnfc_nci: nfaDeviceManagementCallback: enter; event=0xB
03-11 23:22:58.359  6942  8007 D libnfc_nci: nfaDeviceManagementCallback: NFA_DM_SET_POWER_SUB_STATE_EVT; status=0x0
03-11 23:22:58.359  5689  5689 E DPMJ    : |SERVICE| sendScreenState state  falseand int value 0
03-11 23:22:58.360  2582  8068 D NxpTml  : PN54X - Write requested.....
03-11 23:22:58.360  2582  8068 D NxpTml  : PN54X - Invoking I2C Write.....
03-11 23:22:58.361  2582  8068 I NxpNciX : len =   7 > 20020401020100
03-11 23:22:58.361  2582  8068 D NxpTml  : PN54X - I2C Write successful.....
03-11 23:22:58.361  2582  8068 D NxpTml  : PN54X - Posting Fresh Write message.....
03-11 23:22:58.361  2582  8070 D NxpHal  : write successful status = 0x0
03-11 23:22:58.361  2582  8068 D NxpTml  : PN54X - Tml Writer Thread Running................
03-11 23:22:58.361 15389 15397 W orola.launcher3: ApkAssets: Deleting an ApkAssets object '<empty> and /system_ext/priv-app/SystemUI/SystemUI.apk' with 1 weak references
03-11 23:22:58.362  2582  8059 D NxpTml  : PN54X - I2C Read successful.....
03-11 23:22:58.362  2582  8059 I NxpNciR : len =   5 > 4002020000
03-11 23:22:58.362  2582  8059 D NxpTml  : PN54X - Posting read message.....
03-11 23:22:58.362  2582  8070 D NxpHal  : read successful status = 0x0
03-11 23:22:58.362  2582  8070 D NxpHal  : phNxpNciHal_print_res_status: response status =STATUS_OK
03-11 23:22:58.362  2582  8059 D NxpTml  : PN54X - Read requested.....
03-11 23:22:58.362  2582  8059 D NxpTml  : PN54X - Invoking I2C Read.....
03-11 23:22:58.362  6942  8007 D libnfc_nci: nfaDeviceManagementCallback: enter; event=0x2
03-11 23:22:58.362  6942  8007 D libnfc_nci: nfaDeviceManagementCallback: NFA_DM_SET_CONFIG_EVT
03-11 23:22:58.363  3163  3352 D PowerManagerService: handleSandman ignore 0
03-11 23:22:58.364  3163  5215 I MR2ServiceImpl: Updating composite discovery preference | preference: RouteDiscoveryRequest{ preferredFeatures={}, activeScan=false }, active routers: []
03-11 23:22:58.364  3163  3163 D MotoFaceProvider: Receive screen off intent
03-11 23:22:58.365  3163  3352 D PowerManagerService: handleSandman ignore 0
03-11 23:22:58.367  3163  3352 D PowerManagerService: handleSandman ignore 0
03-11 23:22:58.368  3163  3231 W AccessibilityWindowsPopulator: The displayInfo of this displayId (0) called back from the surface fligner is null
03-11 23:22:58.369  5625  5625 W libc    : Access denied finding property "vendor.display.enable_optimal_refresh_rate"
03-11 23:22:58.369  5625  5625 W libc    : Access denied finding property "vendor.gpp.create_frc_extension"
03-11 23:22:58.377  3163  5158 D WifiStaIfaceHidlImpl: getCachedScanData is not implemented by HIDL
03-11 23:22:58.378 10834  4312 I DeviceStatusMonitor: DeviceStatusMonitor.handleBroadcast():138 onReceive() : Action = android.intent.action.SCREEN_OFF
03-11 23:22:58.378 10834  4312 I DeviceStatusMonitor: DeviceStatusMonitor.updateCountryInfo():154 updateCountryInfo(), notifyAnyway = false
03-11 23:22:58.378 10834 10834 I InputBundle: InputBundle.consumeEvent():1029 Skip consuming an event as imeStatus is INACTIVE
03-11 23:22:58.379  3163  3352 D PowerManagerService: handleSandman ignore 0
03-11 23:22:58.380 10834 10834 I Module  : DeviceLockedStatusModuleProvider$Module.updateDeviceLockedStatus():103 repeatCheckTimes = 0, locked = false
03-11 23:22:58.381  4208  4208 D ApplicationLoaders: Returning zygote-cached class loader: /system/framework/android.test.base.jar
03-11 23:22:58.381  4208  4208 D ApplicationLoaders: Returning zygote-cached class loader: /system_ext/framework/androidx.window.extensions.jar
03-11 23:22:58.382  3163  7414 W AccessibilityWindowsPopulator: The displayInfo of this displayId (0) called back from the surface fligner is null
03-11 23:22:58.383  3163  7414 W AccessibilityWindowsPopulator: The displayInfo of this displayId (0) called back from the surface fligner is null
03-11 23:22:58.386  5625  5625 I vol.VolumeDialogImpl: dismissH reason = posture_changed mDialog.isShowing(): false
03-11 23:22:58.386  5493  6013 W HWUI    : Surface doesn't have any previously queued frames, nothing to readback from
03-11 23:22:58.388  3163  6380 I DreamManagerService: startDozing by com.android.systemui callingUid=10394 callingPid=5625
03-11 23:22:58.388  3163  6380 D DreamManagerService: Dream requested to start dozing: android.os.Binder@3138a04, screenState=2, screenBrightness=-1, reason=DREAM_MANAGER_LID_SWITCH
03-11 23:22:58.390  3163  6380 D PowerManagerService: nativeSetAutoSuspend enable:false duration ms: 1
03-11 23:22:58.390  3163  5528 D CompatChangeReporter: Compat change id reported: 311208629; UID 10607; state: ENABLED
03-11 23:22:58.391  3163  3352 I WindowManager: Display 1 turning on...
03-11 23:22:58.391  3163  6380 D PowerManagerService: nativeAcquireSuspendBlocker name:PowerManagerService.Display duration ms: 2
03-11 23:22:58.392  5625  5625 D KeyguardViewMediator: KeyguardViewMediator queue processing message: NOTIFY_FINISHED_GOING_TO_SLEEP
03-11 23:22:58.396  3163  3229 W WindowManager: All windows drawn on display 1
03-11 23:22:58.396  3163  3352 I DisplayBrightnessStrategySelector: Changing the DisplayBrightnessStrategy from ScreenOffBrightnessStrategy to InvalidBrightnessStrategy for display 1
03-11 23:22:58.397  3163  3352 V DisplayPowerController2[1]: Brightness [0.17289816] reason changing to: 'manual', previous reason: 'screen_off'.
03-11 23:22:58.397  3163  3352 I DisplayPowerController2[1]: 03-11 23:22:58.397 - BrightnessEvent: disp=1, physDisp=local:4630947043778501763, displayState=ON, displayPolicy=DOZE, brt=0.17289816, initBrt=0.0, rcmdBrt=NaN, preBrt=NaN, lux=0.0, preLux=0.0, brtNits=36.08864, hdrNits=NaN, initNits=3.3701954, preNits=NaN, rcmdNits=NaN, hdrBrightness=NaN, brt(%)=23%, brtInt=45, hbmPolicy=normal, hbmMax=0.7660316, hbmMode=off, rbcStrength=-1, thrmMax=1.0, powerFactor=1.0, wasShortTermModelActive=false, flags=, reason=manual, autoBrightness=true, strategy=InvalidBrightnessStrategy, autoBrightnessMode=default
03-11 23:22:58.398  7545  7545 I FileStationLog: [ FileStationManager ] - screenIsOn: false, hasWindowShowed: false
03-11 23:22:58.398  7545  7545 I MotoDesktopLog: [ FileStationLog ] - broadcastMessage - cmd : 2008
03-11 23:22:58.398  7540 15541 I BatteryCare: [SmartBackground] [DGMC::AccelerateSmartCleanReceiver] action received: android.intent.action.SCREEN_OFF
03-11 23:22:58.398 15389 15397 W orola.launcher3: ApkAssets: Deleting an ApkAssets object '/vendor/overlay/SystemUI__auto_generated_rro_vendor.apk' with 1 weak references
03-11 23:22:58.398 15389 15397 W orola.launcher3: ApkAssets: Deleting an ApkAssets object '/product/overlay/SystemUI__lynkco_g__auto_generated_rro_product.apk' with 1 weak references
03-11 23:22:58.399  5625  5625 I Channel.Remote: [de8362611079428da312381e6bb8b50c|com.motorola.personalize] Keep channel connection alive true by 4
03-11 23:22:58.399 15389 15397 W orola.launcher3: ApkAssets: Deleting an ApkAssets object '<empty> and /data/app/~~Y1B4mLlv36Wo5S7IdcNUjw==/com.google.android.apps.docs-IaCDxOwUHMfie8KXet_7pA==/base.apk' with 1 weak references
03-11 23:22:58.399 15389 15397 W orola.launcher3: ApkAssets: Deleting an ApkAssets object '<empty> and /data/app/~~Y1B4mLlv36Wo5S7IdcNUjw==/com.google.android.apps.docs-IaCDxOwUHMfie8KXet_7pA==/split_config.arm64_v8a.apk' with 1 weak references
03-11 23:22:58.399 15389 15397 W orola.launcher3: ApkAssets: Deleting an ApkAssets object '<empty> and /data/app/~~Y1B4mLlv36Wo5S7IdcNUjw==/com.google.android.apps.docs-IaCDxOwUHMfie8KXet_7pA==/split_config.en.apk' with 1 weak references
03-11 23:22:58.399 15389 15397 W orola.launcher3: ApkAssets: Deleting an ApkAssets object '<empty> and /data/app/~~Y1B4mLlv36Wo5S7IdcNUjw==/com.google.android.apps.docs-IaCDxOwUHMfie8KXet_7pA==/split_config.xxhdpi.apk' with 1 weak references
03-11 23:22:58.400  5625  5625 I vol.VolumeDialogImpl: mDialog.dismiss() reason: screen_off from: com.android.systemui.volume.VolumeDialogImpl$10.onScreenOff:4 displayId: 0 mShowing: false mIsAnimatingDismiss: false
03-11 23:22:58.402  3163  5308 D PowerManagerService: nativeSetPowerMode ret:false mode:9 enabled:false duration ms: 0
03-11 23:22:58.402  3163  5308 D TouchHwAidlService: setCliDisplayState: mCliScreenOff=false
03-11 23:22:58.402  3163  5308 D LocalDisplayAdapter: setDisplayPowerMode mode=2 for display=android.os.BinderProxy@433f576
03-11 23:22:58.408  3163  7414 D SystemServerTiming: getUserSwitchability-0
03-11 23:22:58.408  3163  7414 D SystemServerTiming: TM.isInCall
03-11 23:22:58.408  3163  7414 D SystemServerTiming: hasUserRestriction-DISALLOW_USER_SWITCH
03-11 23:22:58.408  3163  7414 D SystemServerTiming: getInt-ALLOW_USER_SWITCHING_WHEN_SYSTEM_USER_LOCKED
03-11 23:22:58.408  3163  7414 D SystemServerTiming: isUserUnlocked-USER_SYSTEM
03-11 23:22:58.408  5625  6608 I Channel.Remote: [binder:5625_8] [de8362611079428da312381e6bb8b50c|com.motorola.personalize][857] received remote channel service seq:857 results
03-11 23:22:58.411 28905 29391 I NearbyDiscovery: (REDACTED) FastPairHandler: Received action %s
03-11 23:22:58.412 28905 29391 I NearbyDiscovery: (REDACTED) PureOffloadFastPairScanner: eventType=%s, isInternalReq=%s, isScanning=%s, isScanningAllowed=%s
03-11 23:22:58.412 28905 29391 I NearbyDiscovery: (REDACTED) ApFastPairScanner: isScreenOn=%s, isLocationEnabled=%s, disableLocationRequirement=%s, isDiscoveryScanningEnabled=%s, during24GhzWifiWarmingUpPeriod=%s
03-11 23:22:58.412 28905 29391 D BluetoothAdapter: isLeEnabled(): ON
03-11 23:22:58.413 28905 29391 I NearbyDiscovery: (REDACTED) ApFastPairScanner: eventType=%s, intReq=%s, scanning=%s, scanAllowed=%s, bleEnabled=%s, lockScanRate=%s, startScanningByLowPowerMode=%s
03-11 23:22:58.414 28905 29391 I NearbyDiscovery: FastPairController: onSystemStateChanged: skip due to flag disabled [CONTEXT service_id=265 ]
03-11 23:22:58.418  2300  2300 D SurfaceFlinger: setDesiredDisplayModeSpecs[{0, false, PR={p[24.00-120.00]Hz, r[24.00-60.00]Hz}, AR={p[0.00-120.00]Hz, r[0.00-60.00]Hz}}]: by process 3163 uid 1000 for display 4630947043778501762
03-11 23:22:58.418  5625  5625 I Typeface: mototime=Rookery-Stacked;moto_time;5625
03-11 23:22:58.419  3163  3163 I BrightnessSynchronizer: New Update: {[14034] 0.22374693(f), mUpdatedTypes=1, mConfirmedTypes=0, mTimeUpdated=0, mState=2}
03-11 23:22:58.419  3163  3231 I DisplayDeviceRepository: Display device changed state: "HDMI Screen", ON
03-11 23:22:58.419  3163  3163 I BrightnessSynchronizer: [14034] New Update 0.22374693(f) set brightness values:  58(i)
03-11 23:22:58.419  2441  4313 I CameraManagerGlobal: Connecting to camera service
03-11 23:22:58.420  3163  3352 D BrightnessThermalClamper: Thermal status observer already started
03-11 23:22:58.420  3163  3163 I BrightnessSynchronizer: New PendingUpdate: {[14035] 0.22374693(f), mUpdatedTypes=0, mConfirmedTypes=0, mTimeUpdated=0, mState=1}, prev=null
03-11 23:22:58.420  3163  3231 I InputManager-JNI: Viewport [0] to add: local:4630947043778501762, isActive: false
03-11 23:22:58.420  3163  3231 I InputManager-JNI: Viewport [1] to add: local:4630947043778501763, isActive: true
03-11 23:22:58.420  3163  3163 I BrightnessSynchronizer: Swallowing update of 58(i) by update: {[14034] 0.22374693(f), mUpdatedTypes=1, mConfirmedTypes=1, mTimeUpdated=122870210, mState=2}
03-11 23:22:58.420  3163  3163 I BrightnessSynchronizer: Completed Update: {[14034] 0.22374693(f), mUpdatedTypes=1, mConfirmedTypes=1, mTimeUpdated=122870210, mState=3}
03-11 23:22:58.420  3163  3163 I BrightnessSynchronizer: New Update: {[14035] 0.22374693(f), mUpdatedTypes=0, mConfirmedTypes=0, mTimeUpdated=0, mState=2}
03-11 23:22:58.421 15389 15389 I OverviewComponentObserver: updateOverviewTargets: mIsHomeDisabled=true, isDefaultHomeNull=false, mIsDefaultHome=true
03-11 23:22:58.421  3163  3229 V WindowManager: Content Recording: Display 1 state was (1), is now (2), so update recording?
03-11 23:22:58.421  3163  3229 D CLI/Transition: displaygroup 1, state ON, pendingdisplaygroup -1
03-11 23:22:58.421  3163  7414 E WindowManager: Dream packageName does not match active dream. Package com.tiktok.lite.go does not match ComponentInfo{com.android.systemui/com.android.systemui.doze.DozeService}
03-11 23:22:58.422  3163  3229 I DisplayDevice: [1] Layerstack set to 1 for local:4630947043778501763 mDisplayToken=android.os.BinderProxy@433f576 t=Transaction{mNativeObject=-5476376673043392304, mHashCode=0}
03-11 23:22:58.422  3163  3231 D PanelsService: updateCliDisplayState: mCliScreenState=ON
03-11 23:22:58.422  3163  4129 E WindowManager: Dream packageName does not match active dream. Package com.dolby.daxservice does not match ComponentInfo{com.android.systemui/com.android.systemui.doze.DozeService}
03-11 23:22:58.422  3163  6975 E WindowManager: Dream packageName does not match active dream. Package com.google.android.gsf does not match ComponentInfo{com.android.systemui/com.android.systemui.doze.DozeService}
03-11 23:22:58.423  3163  6975 E WindowManager: Dream packageName does not match active dream. Package com.google.android.gms does not match ComponentInfo{com.android.systemui/com.android.systemui.doze.DozeService}
03-11 23:22:58.423  3163  3231 W ServiceManagerCppClient: Failed to get isDeclared for com.motorola.hardware.display.panel.IDisplayPanel/default: Status(-1, EX_SECURITY): 'SELinux denied.'
03-11 23:22:58.423  3163  3231 D DisplayPanelService: Setting panel dc mode: 0
03-11 23:22:58.423  3163  5843 E WindowManager: Dream packageName does not match active dream. Package io.appium.settings does not match ComponentInfo{com.android.systemui/com.android.systemui.doze.DozeService}
03-11 23:22:58.423  2090  2090 I DisplayPanel: setDcMode: DC mode = OFF
03-11 23:22:58.423  3163  6987 E WindowManager: Dream packageName does not match active dream. Package com.motorola.motocare does not match ComponentInfo{com.android.systemui/com.android.systemui.doze.DozeService}
03-11 23:22:58.423  2090  2090 D DisplayPanel: setParam: Success set DC to 0 for Primary display
03-11 23:22:58.423  3163  3227 D TouchHwAidlService: updateCliDisplayState: mCliScreenOn=true
03-11 23:22:58.424  3163  4285 I InputReader: Reconfiguring input devices, changes=DISPLAY_INFO
03-11 23:22:58.424  3163  4285 I InputReader: Disabling goodix_ts (device 7) because the associated viewport is not active
03-11 23:22:58.424  3163  4285 I InputReader: Device reconfigured: id=6, name='zinitix_mt', size 194x368, orientation Rotation0, mode DIRECT, display id 1
03-11 23:22:58.425  3163  4129 E WindowManager: Dream packageName does not match active dream. Package com.google.android.inputmethod.latin does not match ComponentInfo{com.android.systemui/com.android.systemui.doze.DozeService}
03-11 23:22:58.427  5625  5625 I Typeface: mototime=Rookery-Stacked;moto_time;5625
03-11 23:22:58.427  5625  5625 D LockScreen_Plugin: notifyAttributesChanged: pluginCallback = com.android.systemui.shared.plugins.MotoLsClockFacePlugin$PluginCallback@db2e267, data = Bundle[{clock_face_time=moto_time, clock_face_color=-1}]
03-11 23:22:58.427  5625  5625 V MotoLsClockFacePlugin: onClockFaceColorChange: 0xffffffff
03-11 23:22:58.427  5625  5625 V MotoLsClockFacePlugin: onClockFontChanged
03-11 23:22:58.428 10834 10834 I PkDeviceHelper: PkDeviceHelper.refreshDevices():93 refreshing devices
03-11 23:22:58.428  3163  5843 D SystemServerTiming: getUserSwitchability-0
03-11 23:22:58.428  3163  5843 D SystemServerTiming: TM.isInCall
03-11 23:22:58.428  3163  5528 E WindowManager: Dream packageName does not match active dream. Package com.motorola.livewallpaper3.prebuilt.vanilla_reflection does not match ComponentInfo{com.android.systemui/com.android.systemui.doze.DozeService}
03-11 23:22:58.428  3163  7474 D SystemServerTiming: getUserSwitchability-0
03-11 23:22:58.428  3163  7474 D SystemServerTiming: TM.isInCall
03-11 23:22:58.428  3163  5843 D SystemServerTiming: hasUserRestriction-DISALLOW_USER_SWITCH
03-11 23:22:58.428  3163  5843 D SystemServerTiming: getInt-ALLOW_USER_SWITCHING_WHEN_SYSTEM_USER_LOCKED
03-11 23:22:58.428  3163  5843 D SystemServerTiming: isUserUnlocked-USER_SYSTEM
03-11 23:22:58.428  3163  7474 D SystemServerTiming: hasUserRestriction-DISALLOW_USER_SWITCH
03-11 23:22:58.428  3163  7474 D SystemServerTiming: getInt-ALLOW_USER_SWITCHING_WHEN_SYSTEM_USER_LOCKED
03-11 23:22:58.429  3163  7474 D SystemServerTiming: isUserUnlocked-USER_SYSTEM
03-11 23:22:58.432  3163  7474 E WindowManager: Dream packageName does not match active dream. Package com.motorola.mobiledesktop does not match ComponentInfo{com.android.systemui/com.android.systemui.doze.DozeService}
03-11 23:22:58.440  3163  6380 E WindowManager: Dream packageName does not match active dream. Package com.google.android.ext.services does not match ComponentInfo{com.android.systemui/com.android.systemui.doze.DozeService}
03-11 23:22:58.440  3163  7474 E WindowManager: Dream packageName does not match active dream. Package com.motorola.mobiledesktop.core does not match ComponentInfo{com.android.systemui/com.android.systemui.doze.DozeService}
03-11 23:22:58.441  6506  3394 W adservices: Skip logging because Cobalt is disabled.
03-11 23:22:58.441  6506  3365 W adservices: Skip logging because Cobalt logger is null
03-11 23:22:58.444  5625  5625 D BiometricsRepositoryImpl: currentUser authFlags changed, new value: AuthenticationFlags(userId=0, flag=0)
03-11 23:22:58.445  5625  5625 D BiometricsRepositoryImpl: currentUser authFlags changed, new value: AuthenticationFlags(userId=0, flag=0)
03-11 23:22:58.446  5625  5625 D BiometricsRepositoryImpl: currentUser authFlags changed, new value: AuthenticationFlags(userId=0, flag=0)
03-11 23:22:58.446  5625  5625 D BiometricsRepositoryImpl: currentUser authFlags changed, new value: AuthenticationFlags(userId=0, flag=0)
03-11 23:22:58.446  5625  5625 D BiometricsRepositoryImpl: currentUser authFlags changed, new value: AuthenticationFlags(userId=0, flag=0)
03-11 23:22:58.447  5625  5625 D BiometricsRepositoryImpl: currentUser authFlags changed, new value: AuthenticationFlags(userId=0, flag=0)
03-11 23:22:58.453  5625  5920 D ControlsListingControllerImpl: Subscribing callback, service count: 1
03-11 23:22:58.453  3706  3714 I android.hardware.thermal@2.0-service.qti-v2: Sensor Name:skin1 temp: 35.351. prev severity:3. cur severity:0 New severity:0
03-11 23:22:58.453  5625  5920 D ControlsListingControllerImpl: Subscribing callback, service count: 1
03-11 23:22:58.455  5625  5920 D ControlsListingControllerImpl: Subscribing callback, service count: 1
03-11 23:22:58.462  2300  2300 D SurfaceFlinger: Setting power mode 2 on display 4630947043778501763
03-11 23:22:58.464 28905  1638 W QAWalletSvc: No wallet cards to return. [CONTEXT service_id=79 ]
03-11 23:22:58.464  5625  5920 E QuickAccessWalletKeyguardQuickAffordanceConfig: Wallet card retrieval error, message: "Unable to load your payment info"
03-11 23:22:58.468 28905 27795 W QAWalletSvc: No wallet cards to return. [CONTEXT service_id=79 ]
03-11 23:22:58.468 28905 27794 W QAWalletSvc: No wallet cards to return. [CONTEXT service_id=79 ]
03-11 23:22:58.468  5625  5920 E QuickAccessWalletKeyguardQuickAffordanceConfig: Wallet card retrieval error, message: "Unable to load your payment info"
03-11 23:22:58.469  5625  5920 E QuickAccessWalletKeyguardQuickAffordanceConfig: Wallet card retrieval error, message: "Unable to load your payment info"
03-11 23:22:58.469  3163  3231 W AccessibilityWindowsPopulator: The displayInfo of this displayId (0) called back from the surface fligner is null
03-11 23:22:58.469  3163  3231 W AccessibilityWindowsPopulator: The displayInfo of this displayId (0) called back from the surface fligner is null
03-11 23:22:58.471  3163  7474 E WindowManager: Dream packageName does not match active dream. Package com.motorola.launcher3 does not match ComponentInfo{com.android.systemui/com.android.systemui.doze.DozeService}
03-11 23:22:58.472  7545  7545 I FileStationLog: [ FS_h$a ] - [Display] Changed display: 1
03-11 23:22:58.473  4208  4208 I cr_WebViewApkApp: version=145.0.7632.159 (763215903) minSdkVersion=29 processName=com.google.android.webview:sandboxed_process0:org.chromium.content.app.SandboxedProcessService0:0 splits=<none>
03-11 23:22:58.475 12395  1664 D AdvertisingIdClient: AdvertisingIdClient already created.
03-11 23:22:58.475  4208  4208 I Typeface: updateThemeFont new=Rookery-Regular;old=sans-serif;new=Rookery-Stacked;old=
03-11 23:22:58.475  3163  5528 I ActivityManager: Flag disabled. Ignoring finishAttachApplication from uid: 99761. pid: 4208
03-11 23:22:58.476  2300  2300 I Scheduler: Display 4630947043778501763 is the pacesetter
03-11 23:22:58.476  2300  2300 I Scheduler: promotePacesetterDisplayLocked, mAcceptScrollEvent=1
03-11 23:22:58.476  2300  2300 I Scheduler: promotePacesetterDisplayLocked, mAcceptTouchNotBoostEvent=0
03-11 23:22:58.476 15389 15397 W orola.launcher3: ApkAssets: Deleting an ApkAssets object '<empty> and /data/app/~~jpyrxd-mVM2A4uS888FzxQ==/com.tiktok.lite.go-J4ScnzbUKaVRIhc8rtsGgQ==/base.apk' with 1 weak references
03-11 23:22:58.476  2300  2300 D SurfaceFlinger: Setting desired display mode specs: {0, false, PR={p[24.00-120.00]Hz, r[24.00-120.00]Hz}, AR={p[0.00-120.00]Hz, r[0.00-120.00]Hz}} for display 4630947043778501763
03-11 23:22:58.476  2300  2300 I SurfaceFlinger: Switching to Scheduler preferred mode 0 (60.00 Hz) for display 4630947043778501763
03-11 23:22:58.476 15389 15397 W orola.launcher3: ApkAssets: Deleting an ApkAssets object '<empty> and /data/app/~~jpyrxd-mVM2A4uS888FzxQ==/com.tiktok.lite.go-J4ScnzbUKaVRIhc8rtsGgQ==/split_config.arm64_v8a.apk' with 1 weak references
03-11 23:22:58.476  2300  2300 W ComposerExtn: DisplayExtnImpl::SetActiveConfig: HWC Display 2 is not registered!
03-11 23:22:58.476 15389 15397 W orola.launcher3: ApkAssets: Deleting an ApkAssets object '<empty> and /data/app/~~jpyrxd-mVM2A4uS888FzxQ==/com.tiktok.lite.go-J4ScnzbUKaVRIhc8rtsGgQ==/split_config.en.apk' with 1 weak references
03-11 23:22:58.476  2300  2300 D DisplayModeController: setDesiredMode 4630947043778501763 {mode={fps=60.00 Hz, modePtr={id=0, vsyncRate=60.00 Hz, peakRefreshRate=60.00 Hz}}, emitEvent=true, force=false}
03-11 23:22:58.476 15389 15397 W orola.launcher3: ApkAssets: Deleting an ApkAssets object '<empty> and /data/app/~~jpyrxd-mVM2A4uS888FzxQ==/com.tiktok.lite.go-J4ScnzbUKaVRIhc8rtsGgQ==/split_config.xxhdpi.apk' with 1 weak references
03-11 23:22:58.476 15389 15397 W orola.launcher3: ApkAssets: Deleting an ApkAssets object '<empty> and /data/app/~~jpyrxd-mVM2A4uS888FzxQ==/com.tiktok.lite.go-J4ScnzbUKaVRIhc8rtsGgQ==/split_df_bytenn.apk' with 1 weak references
03-11 23:22:58.476 15389 15397 W orola.launcher3: ApkAssets: Deleting an ApkAssets object '<empty> and /data/app/~~jpyrxd-mVM2A4uS888FzxQ==/com.tiktok.lite.go-J4ScnzbUKaVRIhc8rtsGgQ==/split_df_bytenn.config.arm64_v8a.apk' with 1 weak references
03-11 23:22:58.476 15389 15397 W orola.launcher3: ApkAssets: Deleting an ApkAssets object '<empty> and /data/app/~~jpyrxd-mVM2A4uS888FzxQ==/com.tiktok.lite.go-J4ScnzbUKaVRIhc8rtsGgQ==/split_df_client_ai.apk' with 1 weak references
03-11 23:22:58.476 15389 15397 W orola.launcher3: ApkAssets: Deleting an ApkAssets object '<empty> and /data/app/~~jpyrxd-mVM2A4uS888FzxQ==/com.tiktok.lite.go-J4ScnzbUKaVRIhc8rtsGgQ==/split_df_client_ai.config.arm64_v8a.apk' with 1 weak references
03-11 23:22:58.477 15389 15397 W orola.launcher3: ApkAssets: Deleting an ApkAssets object '<empty> and /data/app/~~jpyrxd-mVM2A4uS888FzxQ==/com.tiktok.lite.go-J4ScnzbUKaVRIhc8rtsGgQ==/split_df_commonmonitor.apk' with 1 weak references
03-11 23:22:58.477 15389 15397 W orola.launcher3: ApkAssets: Deleting an ApkAssets object '<empty> and /data/app/~~jpyrxd-mVM2A4uS888FzxQ==/com.tiktok.lite.go-J4ScnzbUKaVRIhc8rtsGgQ==/split_df_edit_effects.apk' with 1 weak references
03-11 23:22:58.477  2195  2392 I SDM     : DisplayBase::SetDisplayState: Set state = 1, display 76-0, teardown = 0
03-11 23:22:58.477  2195  2392 I SDM     : HWDeviceDRM::NullCommit: Null commit succeeded crtc=203
03-11 23:22:58.487  3163  5528 E WindowManager: Dream packageName does not match active dream. Package com.motorola.mobiledesktop.core does not match ComponentInfo{com.android.systemui/com.android.systemui.doze.DozeService}
03-11 23:22:58.488 15389 15397 W orola.launcher3: ApkAssets: Deleting an ApkAssets object '<empty> and /data/app/~~jpyrxd-mVM2A4uS888FzxQ==/com.tiktok.lite.go-J4ScnzbUKaVRIhc8rtsGgQ==/split_df_edit_filter.apk' with 1 weak references
03-11 23:22:58.489  4208  4208 I cr_ChildProcessService: Creating new ChildProcessService pid=4208
03-11 23:22:58.489 15389 15397 W orola.launcher3: ApkAssets: Deleting an ApkAssets object '<empty> and /data/app/~~jpyrxd-mVM2A4uS888FzxQ==/com.tiktok.lite.go-J4ScnzbUKaVRIhc8rtsGgQ==/split_df_edit_sticker.apk' with 1 weak references
03-11 23:22:58.489 15389 15397 W orola.launcher3: ApkAssets: Deleting an ApkAssets object '<empty> and /data/app/~~jpyrxd-mVM2A4uS888FzxQ==/com.tiktok.lite.go-J4ScnzbUKaVRIhc8rtsGgQ==/split_df_editor.apk' with 1 weak references
03-11 23:22:58.489 15389 15397 W orola.launcher3: ApkAssets: Deleting an ApkAssets object '<empty> and /data/app/~~jpyrxd-mVM2A4uS888FzxQ==/com.tiktok.lite.go-J4ScnzbUKaVRIhc8rtsGgQ==/split_df_editor.config.arm64_v8a.apk' with 1 weak references
03-11 23:22:58.489 15389 15397 W orola.launcher3: ApkAssets: Deleting an ApkAssets object '<empty> and /data/app/~~jpyrxd-mVM2A4uS888FzxQ==/com.tiktok.lite.go-J4ScnzbUKaVRIhc8rtsGgQ==/split_df_fusing.apk' with 1 weak references
03-11 23:22:58.489 15389 15397 W orola.launcher3: ApkAssets: Deleting an ApkAssets object '<empty> and /data/app/~~jpyrxd-mVM2A4uS888FzxQ==/com.tiktok.lite.go-J4ScnzbUKaVRIhc8rtsGgQ==/split_df_lottie.apk' with 1 weak references
03-11 23:22:58.489 15389 15397 W orola.launcher3: ApkAssets: Deleting an ApkAssets object '<empty> and /data/app/~~jpyrxd-mVM2A4uS888FzxQ==/com.tiktok.lite.go-J4ScnzbUKaVRIhc8rtsGgQ==/split_df_mdl2.apk' with 1 weak references
03-11 23:22:58.489 15389 15397 W orola.launcher3: ApkAssets: Deleting an ApkAssets object '<empty> and /data/app/~~jpyrxd-mVM2A4uS888FzxQ==/com.tiktok.lite.go-J4ScnzbUKaVRIhc8rtsGgQ==/split_df_music.apk' with 1 weak references
03-11 23:22:58.489 15389 15397 W orola.launcher3: ApkAssets: Deleting an ApkAssets object '<empty> and /data/app/~~jpyrxd-mVM2A4uS888FzxQ==/com.tiktok.lite.go-J4ScnzbUKaVRIhc8rtsGgQ==/split_df_music.config.en.apk' with 1 weak references
03-11 23:22:58.489 15389 15397 W orola.launcher3: ApkAssets: Deleting an ApkAssets object '<empty> and /data/app/~~jpyrxd-mVM2A4uS888FzxQ==/com.tiktok.lite.go-J4ScnzbUKaVRIhc8rtsGgQ==/split_df_music.config.xxhdpi.apk' with 1 weak references
03-11 23:22:58.489 15389 15397 W orola.launcher3: ApkAssets: Deleting an ApkAssets object '<empty> and /data/app/~~jpyrxd-mVM2A4uS888FzxQ==/com.tiktok.lite.go-J4ScnzbUKaVRIhc8rtsGgQ==/split_df_plugin_01.apk' with 1 weak references
03-11 23:22:58.489 15389 15397 W orola.launcher3: ApkAssets: Deleting an ApkAssets object '<empty> and /data/app/~~jpyrxd-mVM2A4uS888FzxQ==/com.tiktok.lite.go-J4ScnzbUKaVRIhc8rtsGgQ==/split_df_plugin_01.config.arm64_v8a.apk' with 1 weak references
03-11 23:22:58.489 15389 15397 W orola.launcher3: ApkAssets: Deleting an ApkAssets object '<empty> and /data/app/~~jpyrxd-mVM2A4uS888FzxQ==/com.tiktok.lite.go-J4ScnzbUKaVRIhc8rtsGgQ==/split_df_record_prop.apk' with 1 weak references
03-11 23:22:58.489 15389 15397 W orola.launcher3: ApkAssets: Deleting an ApkAssets object '<empty> and /data/app/~~jpyrxd-mVM2A4uS888FzxQ==/com.tiktok.lite.go-J4ScnzbUKaVRIhc8rtsGgQ==/split_df_spark.apk' with 1 weak references
03-11 23:22:58.489 15389 15397 W orola.launcher3: ApkAssets: Deleting an ApkAssets object '<empty> and /data/app/~~jpyrxd-mVM2A4uS888FzxQ==/com.tiktok.lite.go-J4ScnzbUKaVRIhc8rtsGgQ==/split_post_video.apk' with 1 weak references
03-11 23:22:58.490 12395 12395 D BoundBrokerSvc: onRebind: Intent { act=com.google.android.gms.safebrowsing.SafeBrowsingService.START dat=chimera-action:/... cmp=com.google.android.gms/.chimera.GmsBoundBrokerService }
03-11 23:22:58.492 15389 15397 W orola.launcher3: ApkAssets: Deleting an ApkAssets object '<empty> and /data/app/~~B5NvRb5Oitz3fXwk96kG-Q==/com.zhiliaoapp.musically-odZSW1aoFAlneyDuOFnpMg==/base.apk' with 1 weak references
03-11 23:22:58.497  7545  7545 I FileStationLog: [ FS_h$a ] - [Display] Ignoring change for non-default/desktop display: 1
03-11 23:22:58.497 15389 15389 D StateManager: goToState - fromState: Normal, toState: Normal, partial trace:
03-11 23:22:58.497 15389 15389 D StateManager: 	at com.android.launcher3.Launcher.onScreenOnChanged(Launcher.java:3017)
03-11 23:22:58.497 15389 15389 D StateManager: 	at com.android.launcher3.Launcher$$ExternalSyntheticLambda25.onScreenOnChanged(D8$$SyntheticClass:0)
03-11 23:22:58.497 15389 15389 D StateManager: 	at com.android.launcher3.util.ScreenOnTracker.lambda$dispatchScreenOnChanged$0(ScreenOnTracker.java:67)
03-11 23:22:58.497 15389 15397 W orola.launcher3: ApkAssets: Deleting an ApkAssets object '<empty> and /data/app/~~B5NvRb5Oitz3fXwk96kG-Q==/com.zhiliaoapp.musically-odZSW1aoFAlneyDuOFnpMg==/split_config.arm64_v8a.apk' with 1 weak references
03-11 23:22:58.497 15389 15397 W orola.launcher3: ApkAssets: Deleting an ApkAssets object '<empty> and /data/app/~~B5NvRb5Oitz3fXwk96kG-Q==/com.zhiliaoapp.musically-odZSW1aoFAlneyDuOFnpMg==/split_config.en.apk' with 1 weak references
03-11 23:22:58.497 15389 15397 W orola.launcher3: ApkAssets: Deleting an ApkAssets object '<empty> and /data/app/~~B5NvRb5Oitz3fXwk96kG-Q==/com.zhiliaoapp.musically-odZSW1aoFAlneyDuOFnpMg==/split_config.xxhdpi.apk' with 1 weak references
03-11 23:22:58.498 15389 15397 W orola.launcher3: ApkAssets: Deleting an ApkAssets object '<empty> and /data/app/~~B5NvRb5Oitz3fXwk96kG-Q==/com.zhiliaoapp.musically-odZSW1aoFAlneyDuOFnpMg==/split_df_ccdc_impl_ocr.apk' with 1 weak references
03-11 23:22:58.498 15389 15397 W orola.launcher3: ApkAssets: Deleting an ApkAssets object '<empty> and /data/app/~~B5NvRb5Oitz3fXwk96kG-Q==/com.zhiliaoapp.musically-odZSW1aoFAlneyDuOFnpMg==/split_df_ccdc_impl_ocr.config.arm64_v8a.apk' with 1 weak references
03-11 23:22:58.498 15389 15397 W orola.launcher3: ApkAssets: Deleting an ApkAssets object '<empty> and /data/app/~~B5NvRb5Oitz3fXwk96kG-Q==/com.zhiliaoapp.musically-odZSW1aoFAlneyDuOFnpMg==/split_df_ccdc_impl_ocr.config.xxhdpi.apk' with 1 weak references
03-11 23:22:58.498 15389 15397 W orola.launcher3: ApkAssets: Deleting an ApkAssets object '<empty> and /data/app/~~B5NvRb5Oitz3fXwk96kG-Q==/com.zhiliaoapp.musically-odZSW1aoFAlneyDuOFnpMg==/split_df_kids_mode.apk' with 1 weak references
03-11 23:22:58.498 15389 15397 W orola.launcher3: ApkAssets: Deleting an ApkAssets object '<empty> and /data/app/~~B5NvRb5Oitz3fXwk96kG-Q==/com.zhiliaoapp.musically-odZSW1aoFAlneyDuOFnpMg==/split_df_location.apk' with 1 weak references
03-11 23:22:58.498 15389 15397 W orola.launcher3: ApkAssets: Deleting an ApkAssets object '<empty> and /data/app/~~B5NvRb5Oitz3fXwk96kG-Q==/com.zhiliaoapp.musically-odZSW1aoFAlneyDuOFnpMg==/split_df_location.config.arm64_v8a.apk' with 1 weak references
03-11 23:22:58.498 15389 15397 W orola.launcher3: ApkAssets: Deleting an ApkAssets object '<empty> and /data/app/~~B5NvRb5Oitz3fXwk96kG-Q==/com.zhiliaoapp.musically-odZSW1aoFAlneyDuOFnpMg==/split_df_music_dsp.apk' with 1 weak references
03-11 23:22:58.498 15389 15397 W orola.launcher3: ApkAssets: Deleting an ApkAssets object '<empty> and /data/app/~~B5NvRb5Oitz3fXwk96kG-Q==/com.zhiliaoapp.musically-odZSW1aoFAlneyDuOFnpMg==/split_df_music_dsp.config.arm64_v8a.apk' with 1 weak references
03-11 23:22:58.498 15389 15397 W orola.launcher3: ApkAssets: Deleting an ApkAssets object '<empty> and /data/app/~~B5NvRb5Oitz3fXwk96kG-Q==/com.zhiliaoapp.musically-odZSW1aoFAlneyDuOFnpMg==/split_df_music_dsp.config.en.apk' with 1 weak references
03-11 23:22:58.498 15389 15397 W orola.launcher3: ApkAssets: Deleting an ApkAssets object '<empty> and /data/app/~~B5NvRb5Oitz3fXwk96kG-Q==/com.zhiliaoapp.musically-odZSW1aoFAlneyDuOFnpMg==/split_df_music_dsp.config.xxhdpi.apk' with 1 weak references
03-11 23:22:58.498 15389 15397 W orola.launcher3: ApkAssets: Deleting an ApkAssets object '<empty> and /data/app/~~B5NvRb5Oitz3fXwk96kG-Q==/com.zhiliaoapp.musically-odZSW1aoFAlneyDuOFnpMg==/split_df_pipo_bnpl.apk' with 1 weak references
03-11 23:22:58.498 15389 15397 W orola.launcher3: ApkAssets: Deleting an ApkAssets object '<empty> and /data/app/~~B5NvRb5Oitz3fXwk96kG-Q==/com.zhiliaoapp.musically-odZSW1aoFAlneyDuOFnpMg==/split_df_pipo_bnpl.config.arm64_v8a.apk' with 1 weak references
03-11 23:22:58.498 15389 15397 W orola.launcher3: ApkAssets: Deleting an ApkAssets object '<empty> and /data/app/~~B5NvRb5Oitz3fXwk96kG-Q==/com.zhiliaoapp.musically-odZSW1aoFAlneyDuOFnpMg==/split_df_pipo_bnpl.config.xxhdpi.apk' with 1 weak references
03-11 23:22:58.498 15389 15397 W orola.launcher3: ApkAssets: Deleting an ApkAssets object '<empty> and /data/app/~~B5NvRb5Oitz3fXwk96kG-Q==/com.zhiliaoapp.musically-odZSW1aoFAlneyDuOFnpMg==/split_df_pipo_external_payments.apk' with 1 weak references
03-11 23:22:58.498 15389 15397 W orola.launcher3: ApkAssets: Deleting an ApkAssets object '<empty> and /data/app/~~B5NvRb5Oitz3fXwk96kG-Q==/com.zhiliaoapp.musically-odZSW1aoFAlneyDuOFnpMg==/split_df_pipo_external_payments.config.arm64_v8a.apk' with 1 weak references
03-11 23:22:58.498 15389 15397 W orola.launcher3: ApkAssets: Deleting an ApkAssets object '<empty> and /data/app/~~B5NvRb5Oitz3fXwk96kG-Q==/com.zhiliaoapp.musically-odZSW1aoFAlneyDuOFnpMg==/split_df_pitaya.apk' with 1 weak references
03-11 23:22:58.498 15389 15397 W orola.launcher3: ApkAssets: Deleting an ApkAssets object '<empty> and /data/app/~~B5NvRb5Oitz3fXwk96kG-Q==/com.zhiliaoapp.musically-odZSW1aoFAlneyDuOFnpMg==/split_df_pitaya.config.arm64_v8a.apk' with 1 weak references
03-11 23:22:58.499 15389 15397 W orola.launcher3: ApkAssets: Deleting an ApkAssets object '<empty> and /data/app/~~B5NvRb5Oitz3fXwk96kG-Q==/com.zhiliaoapp.musically-odZSW1aoFAlneyDuOFnpMg==/split_df_placeholder.apk' with 1 weak references
03-11 23:22:58.499 15389 15397 W orola.launcher3: ApkAssets: Deleting an ApkAssets object '<empty> and /data/app/~~B5NvRb5Oitz3fXwk96kG-Q==/com.zhiliaoapp.musically-odZSW1aoFAlneyDuOFnpMg==/split_df_search_adblock.apk' with 1 weak references
03-11 23:22:58.499 15389 15397 W orola.launcher3: ApkAssets: Deleting an ApkAssets object '<empty> and /data/app/~~B5NvRb5Oitz3fXwk96kG-Q==/com.zhiliaoapp.musically-odZSW1aoFAlneyDuOFnpMg==/split_df_ship.apk' with 1 weak references
03-11 23:22:58.499 15389 15397 W orola.launcher3: ApkAssets: Deleting an ApkAssets object '<empty> and /data/app/~~B5NvRb5Oitz3fXwk96kG-Q==/com.zhiliaoapp.musically-odZSW1aoFAlneyDuOFnpMg==/split_df_ship.config.arm64_v8a.apk' with 1 weak references
03-11 23:22:58.499 15389 15397 W orola.launcher3: ApkAssets: Deleting an ApkAssets object '<empty> and /data/app/~~B5NvRb5Oitz3fXwk96kG-Q==/com.zhiliaoapp.musically-odZSW1aoFAlneyDuOFnpMg==/split_df_ship.config.en.apk' with 1 weak references
03-11 23:22:58.499 15389 15397 W orola.launcher3: ApkAssets: Deleting an ApkAssets object '<empty> and /data/app/~~B5NvRb5Oitz3fXwk96kG-Q==/com.zhiliaoapp.musically-odZSW1aoFAlneyDuOFnpMg==/split_df_tiktok_font.apk' with 1 weak references
03-11 23:22:58.499 15389 15397 W orola.launcher3: ApkAssets: Deleting an ApkAssets object '<empty> and /data/app/~~B5NvRb5Oitz3fXwk96kG-Q==/com.zhiliaoapp.musically-odZSW1aoFAlneyDuOFnpMg==/split_df_vmsdk.apk' with 1 weak references
03-11 23:22:58.499 15389 15397 W orola.launcher3: ApkAssets: Deleting an ApkAssets object '<empty> and /data/app/~~B5NvRb5Oitz3fXwk96kG-Q==/com.zhiliaoapp.musically-odZSW1aoFAlneyDuOFnpMg==/split_df_vmsdk.config.arm64_v8a.apk' with 1 weak references
03-11 23:22:58.517 12395  1664 I AdvertisingIdClient: shouldSendLog 215514100
03-11 23:22:58.517 12395  1664 I AdvertisingIdClient: GetInfoInternal elapse 43ms
03-11 23:22:58.539 28905  3482 I NetworkScheduler: (REDACTED) Error inserting %s
03-11 23:22:58.582  2064  4171 D slpi-TMD2712: tmd2712: Prox pdata 5, offset1:70, full: 726, NearBy: 0, Lth:54, Hth:85,off_l 70. off_h 0, th_l 1, th_h 85
03-11 23:22:58.593  2064  4171 D slpi-TMD2712: tmd2712: Prox pdata 5, offset1:70, full: 726, NearBy: 0, Lth:54, Hth:85,off_l 70. off_h 0, th_l 1, th_h 85
03-11 23:22:58.647  2195  2392 I SDM     : PipeAllocSdma2::CalculatePipeNumToDedicate: num_vig: 0, num_dma: 1
03-11 23:22:58.647  2195  2392 I SDM     : DisplayBase::SetDisplayState: active 1-1 state 1-1 pending_power_state_ 0
03-11 23:22:58.648  2300  2300 W ComposerExtn: DisplayExtnImpl::SetEarlyWakeUpConfig: HWC Display 2 is not registered!
03-11 23:22:58.648  2300  2300 D SurfaceFlinger: Finished setting power mode 2 on display 4630947043778501763
03-11 23:22:58.648  2300  2300 D RefreshRateSelector: [90:120:0]: mTouchBoostRefreshRateAvailable=0, mScrollBoostRefreshRateAvailable=0, mTouchOnBlankNotBoostRefreshRateAvailable=0
03-11 23:22:58.648  3163  5308 D SurfaceControl: Excessive delay in setPowerMode()
03-11 23:22:58.648  3163  5308 W ServiceManagerCppClient: Failed to get isDeclared for com.motorola.hardware.display.panel.IDisplayPanel/default: Status(-1, EX_SECURITY): 'SELinux denied.'
03-11 23:22:58.648  3163  5308 D DisplayPanelService: Setting panel dc mode: 0
03-11 23:22:58.649  2090  2090 I DisplayPanel: setDcMode: DC mode = OFF
03-11 23:22:58.649  2090  2090 D DisplayPanel: setParam: Success set DC to 0 for Primary display
03-11 23:22:58.651  2300  2300 I BpBinder: onLastStrongRef automatically unlinking death recipients: 
03-11 23:22:58.652  3163  3352 D BrightnessThermalClamper: Thermal status observer already started
03-11 23:22:58.652  3163  3229 V WindowManager: Content Recording: Display 1 state was (2), is now (2), so update recording?
03-11 23:22:58.652  3163  3229 D CLI/Transition: displaygroup 1, state ON, pendingdisplaygroup -1
03-11 23:22:58.653  3163  7474 E WindowManager: Dream packageName does not match active dream. Package com.dolby.daxservice does not match ComponentInfo{com.android.systemui/com.android.systemui.doze.DozeService}
03-11 23:22:58.654  3163  3231 D DisplayManagerService: Ignore redundant display event 1/2 to 10584/12600
03-11 23:22:58.654  3163  3231 D DisplayManagerService: Ignore redundant display event 1/2 to 10276/18586
03-11 23:22:58.654  3163  3231 D DisplayManagerService: Ignore redundant display event 1/2 to 10416/20010
03-11 23:22:58.654  3163  6987 E WindowManager: Dream packageName does not match active dream. Package com.tiktok.lite.go does not match ComponentInfo{com.android.systemui/com.android.systemui.doze.DozeService}
03-11 23:22:58.654  3163  7414 E WindowManager: Dream packageName does not match active dream. Package com.google.android.inputmethod.latin does not match ComponentInfo{com.android.systemui/com.android.systemui.doze.DozeService}
03-11 23:22:58.655  3163  6975 E WindowManager: Dream packageName does not match active dream. Package com.motorola.mobiledesktop does not match ComponentInfo{com.android.systemui/com.android.systemui.doze.DozeService}
03-11 23:22:58.655  3163  5853 E WindowManager: Dream packageName does not match active dream. Package com.google.android.gsf does not match ComponentInfo{com.android.systemui/com.android.systemui.doze.DozeService}
03-11 23:22:58.655  3163  3231 W AccessibilityWindowsPopulator: The displayInfo of this displayId (0) called back from the surface fligner is null
03-11 23:22:58.655  3163  5853 E WindowManager: Dream packageName does not match active dream. Package com.google.android.gms does not match ComponentInfo{com.android.systemui/com.android.systemui.doze.DozeService}
03-11 23:22:58.655  3163  4129 E WindowManager: Dream packageName does not match active dream. Package com.google.android.ext.services does not match ComponentInfo{com.android.systemui/com.android.systemui.doze.DozeService}
03-11 23:22:58.656  3163  4129 E WindowManager: Dream packageName does not match active dream. Package com.motorola.livewallpaper3.prebuilt.vanilla_reflection does not match ComponentInfo{com.android.systemui/com.android.systemui.doze.DozeService}
03-11 23:22:58.656  3163  3352 I WindowManager: Display 1 turned on...
03-11 23:22:58.656  3163  3229 D CLI/SmallCLI: onScreenTurnedOn: 
03-11 23:22:58.657  3163  7402 E WindowManager: Dream packageName does not match active dream. Package com.motorola.launcher3 does not match ComponentInfo{com.android.systemui/com.android.systemui.doze.DozeService}
03-11 23:22:58.657  3163  3352 D PowerManagerService: handleSandman ignore 0
03-11 23:22:58.657  3163  7474 E WindowManager: Dream packageName does not match active dream. Package com.motorola.motocare does not match ComponentInfo{com.android.systemui/com.android.systemui.doze.DozeService}
03-11 23:22:58.657  7545  7545 I FileStationLog: [ FS_h$a ] - [Display] Changed display: 1
03-11 23:22:58.658  3163  4129 E WindowManager: Dream packageName does not match active dream. Package com.motorola.mobiledesktop.core does not match ComponentInfo{com.android.systemui/com.android.systemui.doze.DozeService}
03-11 23:22:58.658  3163  6380 E WindowManager: Dream packageName does not match active dream. Package io.appium.settings does not match ComponentInfo{com.android.systemui/com.android.systemui.doze.DozeService}
03-11 23:22:58.662  2300  2300 E Scheduler: trackPendingFrame: Invalid present fence
03-11 23:22:58.664  6344  6344 I WindowController: window interactive state updated to true
03-11 23:22:58.667  3163  7441 E WindowManager: Dream packageName does not match active dream. Package com.motorola.mobiledesktop.core does not match ComponentInfo{com.android.systemui/com.android.systemui.doze.DozeService}
03-11 23:22:58.671  3163  7441 D FileUtils: Rounded bytes from 7725268992 to 8000000000
03-11 23:22:58.672  7545  7545 I FileStationLog: [ FS_h$a ] - [Display] Ignoring change for non-default/desktop display: 1
03-11 23:22:58.674  2064  4171 D slpi    : tmd2712: Als lux: 8.40, ch0: 146, ch1: 2, scale: 1.08, atime:50.04, again:1024
03-11 23:22:58.678  2300  2300 E Scheduler: trackPendingFrame: Invalid present fence
03-11 23:22:58.680 23444 24395 W JobInfo : Job 'com.facebook.katana/com.facebook.analytics2.logger.legacy.uploader.LollipopUploadService#2131366161' has a deadline with functional constraints and an extremely short time window of 0 ms (delay=10800000, deadline=10800000). The functional constraints are not likely to be satisfied when the job runs.
03-11 23:22:58.681  3163  6380 W JobInfo : Job 'com.facebook.katana/com.facebook.analytics2.logger.legacy.uploader.LollipopUploadService#2131366161' has a deadline with functional constraints and an extremely short time window of 0 ms (delay=10800000, deadline=10800000). The functional constraints are not likely to be satisfied when the job runs.
03-11 23:22:58.683  3163  6380 W JobInfo : Job 'com.facebook.katana/com.facebook.analytics2.logger.legacy.uploader.LollipopUploadService#2131366161' has a deadline with functional constraints and an extremely short time window of 0 ms (delay=10800000, deadline=10800000). The functional constraints are not likely to be satisfied when the job runs.
03-11 23:22:58.690  3163  7441 W InputDispatcher: Focused display #1 does not have a focused window.
03-11 23:22:58.690  3163  3231 W AccessibilityWindowsPopulator: The displayInfo of this displayId (0) called back from the surface fligner is null
03-11 23:22:58.691  3163  3231 V WindowManager: Unknown focus tokens, dropping reportFocusChanged
03-11 23:22:58.694  6344  6344 W libc    : Access denied finding property "vendor.display.enable_optimal_refresh_rate"
03-11 23:22:58.694  6344  6344 W libc    : Access denied finding property "vendor.gpp.create_frc_extension"
03-11 23:22:58.701  2300  2300 E Scheduler: trackPendingFrame: Invalid present fence
03-11 23:22:58.711  3163  3227 D PowerManagerService: nativeReleaseSuspendBlocker name:PowerManagerService.Broadcasts duration ms: 0
03-11 23:22:58.716  5625  5625 I vol.VolumeDialogImpl: dismissH reason = screen_off mDialog.isShowing(): false
03-11 23:22:58.717  2300  2300 E Scheduler: trackPendingFrame: Invalid present fence
03-11 23:22:58.734  2300  2300 E Scheduler: trackPendingFrame: Invalid present fence
03-11 23:22:58.753  2300  2300 E Scheduler: trackPendingFrame: Invalid present fence
03-11 23:22:58.757  3163  4298 I ImeTracker: com.motorola.launcher.secondarydisplay:4b16b88b: onRequestHide at ORIGIN_SERVER reason HIDE_UNSPECIFIED_WINDOW fromUser false
03-11 23:22:58.757  3163  4298 I ImeTracker: com.motorola.launcher.secondarydisplay:4b16b88b: onCancelled at PHASE_SERVER_SHOULD_HIDE
03-11 23:22:58.758  2441  2441 D InsetsController: hide(ime(), fromIme=true)
03-11 23:22:58.758 10834 10834 I GoogleInputMethodService: GoogleInputMethodService.onFinishInput():2097 
03-11 23:22:58.759 10834 10834 I Module  : DeviceLockedStatusModuleProvider$Module.updateDeviceLockedStatus():103 repeatCheckTimes = 0, locked = false
03-11 23:22:58.759 10834 10834 W SessionManager: SessionManager.endSession():88 Try to end a not begun session [INPUT_SESSION].
03-11 23:22:58.760 10834 10834 I GoogleInputMethodService: GoogleInputMethodService.onDestroy():934 
03-11 23:22:58.760  2441  2441 I ImeTracker: com.tiktok.lite.go:43a7bcc7: onRequestHide at ORIGIN_CLIENT reason HIDE_SOFT_INPUT_BY_INSETS_API fromUser false
03-11 23:22:58.760  2441  2441 I ImeTracker: com.tiktok.lite.go:43a7bcc7: onCancelled at PHASE_CLIENT_APPLY_ANIMATION
03-11 23:22:58.761  3163  4298 W InputManager-JNI: Input channel object '146f9fa InputMethod (client)' was disposed without first being removed with the input manager!
03-11 23:22:58.762 10834 10834 I GlobeKeyExtension: GlobeKeyExtension.onDestroyExtension():162 
03-11 23:22:58.763 10834 10834 I ModuleManager: ModuleManager$ModuleInitListener.maybeUnloadModuleOnUnavailable():1386 module lvk is unavailable
