03-10 10:24:36.109  2064  2064 I sensors-hal: send_sync_sensor_request:373, takes 0 ms to receive the response with 0
03-10 10:24:36.110  2064  2064 I sensors-hal: batch:215, android.sensor.accelerometer/11, period=200000000, max_latency=0 request completed
03-10 10:24:36.110  5993 19709 I NearbySharing: Dismissing HUN as there's no device nearby.
03-10 10:24:36.120  3163  5305 D TouchHwAidlService: setGestureModeHal done mode=33 newMode=32 result=0
03-10 10:24:36.120  3163  5305 D TouchHwAidlService: enableTapWake mode=33 displayId=1 mGestureStowMode=true
03-10 10:24:36.121  2061  2108 E minksocket: MinkIPC_QRTR_Service: client with node 1 port 53c7 went down
03-10 10:24:36.121  2106  2106 I motorola.hardware.display.touch-service: Setting CLI Gesture to 33
03-10 10:24:36.121  2061  2108 E minksocket: MinkIPC_QRTR_Service: client with node 1 port 53c8 went down
03-10 10:24:36.123  2061  2108 E minksocket: MinkIPC_QRTR_Service: client with node 1 port 53c9 went down
03-10 10:24:36.124  2061  2108 E minksocket: MinkIPC_QRTR_Service: client with node 1 port 53ca went down
03-10 10:24:36.125  3163  5305 D TouchHwAidlService: setCliGestureModeHal done mode=33 newMode=33 result=0
03-10 10:24:36.125  3163  5305 D TouchHwAidlService: enableTapWake mode=49 displayId=-1 mGestureStowMode=true
03-10 10:24:36.125  3163  5305 D TouchHwAidlService: transfer mode=49 transMode=48 cli=false
03-10 10:24:36.125  2106  2106 I motorola.hardware.display.touch-service: Setting Gesture to 48
03-10 10:24:36.125  2061  2108 E minksocket: MinkIPC_QRTR_Service: client with node 1 port 53cb went down
03-10 10:24:36.125  2061  2108 E minksocket: MinkIPC_QRTR_Service: client with node 1 port 53cc went down
03-10 10:24:36.125  3163  5305 D TouchHwAidlService: setGestureModeHal done mode=49 newMode=48 result=0
03-10 10:24:36.126  2106  2106 I motorola.hardware.display.touch-service: Setting CLI Gesture to 49
03-10 10:24:36.127  2061  2108 E minksocket: MinkIPC_QRTR_Service: client with node 1 port 53cd went down
03-10 10:24:36.127  2300  2300 E Scheduler: trackPendingFrame: Invalid present fence
03-10 10:24:36.129  2061  2108 E minksocket: MinkIPC_QRTR_Service: client with node 1 port 53ce went down
03-10 10:24:36.129  1707  1711 E ThermalEngine: verify_tmd_device: Device:cpuv_restriction_cold available. max:1
03-10 10:24:36.129  1707  1711 I ThermalEngine: ADSP thermal mitigation available.
03-10 10:24:36.129  3163  5305 D TouchHwAidlService: setCliGestureModeHal done mode=49 newMode=49 result=0
03-10 10:24:36.131  2061  2108 E minksocket: MinkIPC_QRTR_Service: client with node 1 port 53cf went down
03-10 10:24:36.131  3163  5305 W ServiceManagerCppClient: Failed to get isDeclared for com.motorola.hardware.display.panel.IDisplayPanel/default: Status(-1, EX_SECURITY): 'SELinux denied.'
03-10 10:24:36.131  3163  5305 D DisplayPanelService: Setting panel dc mode: 0
03-10 10:24:36.131  2090  2090 I DisplayPanel: setDcMode: DC mode = OFF
03-10 10:24:36.132  2061  2108 E minksocket: MinkIPC_QRTR_Service: client with node 1 port 53d1 went down
03-10 10:24:36.132  2090  2090 D DisplayPanel: setParam: Success set DC to 0 for Primary display
03-10 10:24:36.132  3163  5305 D LocalDisplayAdapter: setDisplayPowerMode mode=0 for display=android.os.BinderProxy@d90d011
03-10 10:24:36.132  2300  2300 D SurfaceFlinger: Setting power mode 0 on display 4630947043778501762
03-10 10:24:36.133  2061  2108 E minksocket: MinkIPC_QRTR_Service: client with node 1 port 53d2 went down
03-10 10:24:36.134  2061  2108 E minksocket: MinkIPC_QRTR_Service: client with node 1 port 53d3 went down
03-10 10:24:36.135  2061  2108 E minksocket: MinkIPC_QRTR_Service: client with node 1 port 53d4 went down
03-10 10:24:36.136  2061  2108 E minksocket: MinkIPC_QRTR_Service: client with node 1 port 53d5 went down
03-10 10:24:36.136  1707  1707 E ThermalEngine: tmd_add_cpufreq_dev_data: Invalid or no boost freqs
03-10 10:24:36.136  2061  2108 E minksocket: MinkIPC_QRTR_Service: client with node 1 port 53d7 went down
03-10 10:24:36.137  2061  2108 E minksocket: MinkIPC_QRTR_Service: client with node 1 port 53d8 went down
03-10 10:24:36.138  1707  1709 E ThermalEngine: verify_tmd_device: Device:cpuv_restriction_cold available. max:1
03-10 10:24:36.138  1707  1709 E ThermalEngine: devices_manager_add_dev: Device:cpuv_restriction_cold already exists
03-10 10:24:36.138  2061  2108 E minksocket: MinkIPC_QRTR_Service: client with node 1 port 53d9 went down
03-10 10:24:36.138  1707  1709 E ThermalEngine: verify_tmd_device: Device:modem_lte_dsc available. max:255
03-10 10:24:36.139  1707  1709 E ThermalEngine: verify_tmd_device: Device:modem_lte_sub1_dsc available. max:255
03-10 10:24:36.139  1707  1709 E ThermalEngine: verify_tmd_device: Device:modem_nr_dsc available. max:255
03-10 10:24:36.139  2061  2108 E minksocket: MinkIPC_QRTR_Service: client with node 1 port 53da went down
03-10 10:24:36.140  1707  1712 E ThermalEngine: verify_tmd_device: Device:cpuv_restriction_cold available. max:1
03-10 10:24:36.140  1707  1712 E ThermalEngine: devices_manager_add_dev: Device:cpuv_restriction_cold already exists
03-10 10:24:36.140  1707  1709 E ThermalEngine: verify_tmd_device: Device:modem_nr_sub1_dsc available. max:255
03-10 10:24:36.141  1707  1712 E ThermalEngine: verify_tmd_device: Device:cdsp_hw available. max:1
03-10 10:24:36.141  1707  1709 E ThermalEngine: verify_tmd_device: Device:modem_nr_scg_dsc available. max:255
03-10 10:24:36.141  1707  1712 E ThermalEngine: verify_tmd_device: Device:cdsp_sw available. max:6
03-10 10:24:36.141  1707  1709 E ThermalEngine: verify_tmd_device: Device:modem_nr_scg_sub1_dsc available. max:255
03-10 10:24:36.141  1707  1712 I ThermalEngine: CDSP thermal mitigation available.
03-10 10:24:36.143  1707  1709 E ThermalEngine: verify_tmd_device: Device:sdr0_lte_dsc available. max:255
03-10 10:24:36.143  1707  1709 E ThermalEngine: verify_tmd_device: Device:sdr1_lte_dsc available. max:255
03-10 10:24:36.144  1707  1709 E ThermalEngine: verify_tmd_device: Device:sdr0_nr_dsc available. max:255
03-10 10:24:36.145  1707  1709 E ThermalEngine: verify_tmd_device: Device:sdr1_nr_dsc available. max:255
03-10 10:24:36.146  1707  1709 E ThermalEngine: verify_tmd_device: Device:pa_lte_sdr0_dsc available. max:255
03-10 10:24:36.146  1707  1709 E ThermalEngine: verify_tmd_device: Device:pa_lte_sdr1_dsc available. max:255
03-10 10:24:36.147  7545  7545 I FileStationLog: [ FS_h$a ] - [Display] Changed display: 0
03-10 10:24:36.147  1707  1707 E ThermalEngine: tmd_add_cpufreq_dev_data: Invalid or no boost freqs
03-10 10:24:36.148  1707  1709 E ThermalEngine: verify_tmd_device: Device:pa_lte_sdr0_sub1_dsc available. max:255
03-10 10:24:36.148  1707  1709 E ThermalEngine: verify_tmd_device: Device:pa_lte_sdr1_sub1_dsc available. max:255
03-10 10:24:36.148  7545  7545 I FileStationLog: [ FS_h ] - [Logic] Retrieved display info: LogicDisplayInfo(width=1080, height=2640, orientation=1, rotation=0, displayId=0)
03-10 10:24:36.148  7545  7545 I FileStationLog: [ FS_h$a ] - [Display] New logical size: 1080x2640
03-10 10:24:36.148  1707  1709 E ThermalEngine: verify_tmd_device: Device:pa_nr_sdr0_dsc available. max:255
03-10 10:24:36.148  7545  7545 I FileStationLog: [ FS_h$a ] - [Display] Screen width unchanged: 1080
03-10 10:24:36.150  2195  2392 I SDM     : DisplayBase::SetDisplayState: Set state = 0, display 57-0, teardown = 0
03-10 10:24:36.150  2068  6060 I vendor.qti.bluetooth@1.0-ibs_handler: ProcessIbsCmd: Received IBS_SLEEP_IND: 0xFE
03-10 10:24:36.150  2195  2392 I SDM     : DRMPanelFeatureMgr::MarkForNullCommit: Marked 7 for null commit
03-10 10:24:36.150  1707  1709 E ThermalEngine: verify_tmd_device: Device:pa_nr_sdr1_dsc available. max:255
03-10 10:24:36.150  1707  1709 E ThermalEngine: verify_tmd_device: Device:pa_nr_sdr0_sub1_dsc available. max:255
03-10 10:24:36.150  1707  1707 E ThermalEngine: tmd_add_cpufreq_dev_data: Invalid or no boost freqs
03-10 10:24:36.151  2195  2392 I SDM     : HWDeviceDRM::NullCommit: Null commit succeeded crtc=141
03-10 10:24:36.151  1707  1709 E ThermalEngine: verify_tmd_device: Device:pa_nr_sdr1_sub1_dsc available. max:255
03-10 10:24:36.152  1707  1709 E ThermalEngine: verify_tmd_device: Device:pa_nr_sdr0_scg_dsc available. max:255
03-10 10:24:36.153  1707  1709 E ThermalEngine: verify_tmd_device: Device:pa_nr_sdr1_scg_dsc available. max:255
03-10 10:24:36.153  1707  1709 E ThermalEngine: verify_tmd_device: Device:mmw0_dsc available. max:255
03-10 10:24:36.155  1707  1709 E ThermalEngine: verify_tmd_device: Device:mmw0_sub1_dsc available. max:255
03-10 10:24:36.155  1707  1709 E ThermalEngine: verify_tmd_device: Device:mmw1_dsc available. max:255
03-10 10:24:36.155  1707  1709 E ThermalEngine: verify_tmd_device: Device:mmw1_sub1_dsc available. max:255
03-10 10:24:36.157  1707  1709 E ThermalEngine: verify_tmd_device: Device:mmw2_dsc available. max:255
03-10 10:24:36.157  1707  1709 E ThermalEngine: verify_tmd_device: Device:mmw2_sub1_dsc available. max:255
03-10 10:24:36.158  1707  1709 E ThermalEngine: verify_tmd_device: Device:mmw3_dsc available. max:255
03-10 10:24:36.160  1707  1709 E ThermalEngine: verify_tmd_device: Device:mmw3_sub1_dsc available. max:255
03-10 10:24:36.160  1707  1709 E ThermalEngine: verify_tmd_device: Device:mmw_ific_dsc available. max:255
03-10 10:24:36.160  1707  1709 E ThermalEngine: verify_tmd_device: Device:mmw_ific_sub1_dsc available. max:255
03-10 10:24:36.160  3163  5235 E MotoSxfService: ModeUsage or ActivityState is null.
03-10 10:24:36.162  1707  1709 E ThermalEngine: verify_tmd_device: Device:wlan available. max:4
03-10 10:24:36.162  1707  1709 E ThermalEngine: verify_tmd_device: Device:wlan_bw available. max:1
03-10 10:24:36.163  1707  1709 E ThermalEngine: verify_tmd_device: Device:modem_bw_backoff available. max:255
03-10 10:24:36.164  1707  1709 E ThermalEngine: verify_tmd_device: Device:cpr_cold available. max:3
03-10 10:24:36.164  1707  1709 I ThermalEngine: MODEM thermal mitigation available.
03-10 10:24:36.158  1707  1707 W thermal-engine-: type=1400 audit(0.0:736481): avc:  denied  { read } for  scontext=u:r:vendor_thermal-engine:s0 tcontext=u:r:init:s0 tclass=file permissive=0
03-10 10:24:36.158  1707  1707 W thermal-engine-: type=1400 audit(0.0:736482): avc:  denied  { read } for  scontext=u:r:vendor_thermal-engine:s0 tcontext=u:r:kernel:s0 tclass=file permissive=0
03-10 10:24:36.158  1707  1707 W thermal-engine-: type=1400 audit(0.0:736483): avc:  denied  { read } for  scontext=u:r:vendor_thermal-engine:s0 tcontext=u:r:kernel:s0 tclass=file permissive=0
03-10 10:24:36.158  1707  1707 W thermal-engine-: type=1400 audit(0.0:736484): avc:  denied  { read } for  scontext=u:r:vendor_thermal-engine:s0 tcontext=u:r:kernel:s0 tclass=file permissive=0
03-10 10:24:36.158  1707  1707 W thermal-engine-: type=1400 audit(0.0:736485): avc:  denied  { read } for  scontext=u:r:vendor_thermal-engine:s0 tcontext=u:r:kernel:s0 tclass=file permissive=0
03-10 10:24:36.158  1707  1707 W thermal-engine-: type=1400 audit(0.0:736486): avc:  denied  { read } for  scontext=u:r:vendor_thermal-engine:s0 tcontext=u:r:kernel:s0 tclass=file permissive=0
03-10 10:24:36.158  1707  1707 W thermal-engine-: type=1400 audit(0.0:736487): avc:  denied  { read } for  scontext=u:r:vendor_thermal-engine:s0 tcontext=u:r:kernel:s0 tclass=file permissive=0
03-10 10:24:36.158  1707  1707 W thermal-engine-: type=1400 audit(0.0:736488): avc:  denied  { read } for  scontext=u:r:vendor_thermal-engine:s0 tcontext=u:r:kernel:s0 tclass=file permissive=0
03-10 10:24:36.172   459   459 D VRI[TopicDetailActivity]: visibilityChanged oldVisibility=true newVisibility=false
03-10 10:24:36.180  1707  1707 I ThermalEngine: Found /system/bin/installd, file: 2737
03-10 10:24:36.180  1707  1707 E ThermalEngine: tmd_init_battery_data: type 0 
03-10 10:24:36.180  1707  1707 E ThermalEngine: tmd_init_battery_data: Unknown type: 0
03-10 10:24:36.180  1707  1707 E ThermalEngine: tmd_init_battery_data: type 1 
03-10 10:24:36.182  1707  1707 E ThermalEngine: tmd_init_battery_data: type 2 
03-10 10:24:36.199  1707  1707 E ThermalEngine: tmd_init_battery_data: type 3 
03-10 10:24:36.199  1707  1707 E ThermalEngine: tmd_init_battery_data: Unknown type: 3
03-10 10:24:36.199  1707  1707 E ThermalEngine: tmd_init_battery_data: type 4 
03-10 10:24:36.199  1707  1707 E ThermalEngine: tmd_init_battery_data: Unknown type: 4
03-10 10:24:36.199  1707  1707 E ThermalEngine: Failed to reading /sys/class/leds/lcd-backlight/max_brightness
03-10 10:24:36.199  1707  1707 E ThermalEngine: Switch to /sys/class/backlight/panel0-backlight/max_brightness successfully
03-10 10:24:36.203  1707  1707 E ThermalEngine: parse_cooling_devices: Added cooling device: display-fps with cdev id:31
03-10 10:24:36.203  1707  1707 E ThermalEngine: parse_cooling_devices: Added cooling device: cpu-hotplug3 with cdev id:21
03-10 10:24:36.203  1707  1707 E ThermalEngine: parse_cooling_devices: Added cooling device: pause-cpu3 with cdev id:11
03-10 10:24:36.203  1707  1707 E ThermalEngine: parse_cooling_devices: Added cooling device: mmw0_dsc_kr with cdev id:58
03-10 10:24:36.204  1707  1707 E ThermalEngine: parse_cooling_devices: Added cooling device: sdr0_lte_dsc_kr with cdev id:48
03-10 10:24:36.204  1707  1707 E ThermalEngine: parse_cooling_devices: Added cooling device: panel0-backlight with cdev id:38
03-10 10:24:36.204  1707  1707 E ThermalEngine: parse_cooling_devices: Added cooling device: pause-cpu7 with cdev id:8
03-10 10:24:36.204  1707  1707 E ThermalEngine: parse_cooling_devices: Added cooling device: ufs with cdev id:28
03-10 10:24:36.204  1707  1707 E ThermalEngine: parse_cooling_devices: Added cooling device: pa_nr_sdr0_scg_kr with cdev id:56
03-10 10:24:36.204  1707  1707 E ThermalEngine: parse_cooling_devices: Added cooling device: cpu-hotplug0 with cdev id:18
03-10 10:24:36.205  1707  1707 E ThermalEngine: parse_cooling_devices: Added cooling device: pa_nr_sdr0_dsc_kr with cdev id:54
03-10 10:24:36.205  1707  1707 E ThermalEngine: parse_cooling_devices: Added cooling device: modem_vdd with cdev id:44
03-10 10:24:36.205  1707  1707 E ThermalEngine: parse_cooling_devices: Added cooling device: mmw_ific_dsc_kr with cdev id:62
03-10 10:24:36.205  1707  1707 E ThermalEngine: parse_cooling_devices: Added cooling device: pause-cpu5 with cdev id:4
03-10 10:24:36.205  1707  1707 E ThermalEngine: parse_cooling_devices: Added cooling device: cpu-hotplug7 with cdev id:24
03-10 10:24:36.205  1707  1707 E ThermalEngine: parse_cooling_devices: Added cooling device: pa_lte_sdr0_dsc_kr with cdev id:52
03-10 10:24:36.206  1707  1707 E ThermalEngine: parse_cooling_devices: Added cooling device: mmw2_dsc_kr with cdev id:60
03-10 10:24:36.206  1707  1707 E ThermalEngine: parse_cooling_devices: Added cooling device: pause-cpu0 with cdev id:2
03-10 10:24:36.206  1707  1707 E ThermalEngine: parse_cooling_devices: Added cooling device: cpu-hotplug5 with cdev id:22
03-10 10:24:36.206  1707  1707 E ThermalEngine: parse_cooling_devices: Added cooling device: sdr0_nr_dsc_kr with cdev id:50
03-10 10:24:36.206  1707  1707 E ThermalEngine: parse_cooling_devices: Added cooling device: pause-cpu6 with cdev id:12
03-10 10:24:36.206  1707  1707 E ThermalEngine: parse_cooling_devices: Added cooling device: mmw1_dsc_kr with cdev id:59
03-10 10:24:36.206  1707  1707 E ThermalEngine: parse_cooling_devices: Added cooling device: pause-cpu1 with cdev id:0
03-10 10:24:36.207  1707  1707 E ThermalEngine: parse_cooling_devices: Added cooling device: cpu-hotplug2 with cdev id:20
03-10 10:24:36.207  1707  1707 E ThermalEngine: parse_cooling_devices: Added cooling device: sdr1_lte_dsc_kr with cdev id:49
03-10 10:24:36.207  1707  1707 E ThermalEngine: parse_cooling_devices: Added cooling device: panel1-backlight with cdev id:39
03-10 10:24:36.207  1707  1707 E ThermalEngine: parse_cooling_devices: Added cooling device: pause-cpu2 with cdev id:9
03-10 10:24:36.207  1707  1707 E ThermalEngine: parse_cooling_devices: Added cooling device: pa_nr_sdr1_scg_kr with cdev id:57
03-10 10:24:36.208  1707  1707 E ThermalEngine: parse_cooling_devices: Added cooling device: cpu-hotplug1 with cdev id:19
03-10 10:24:36.208  1707  1707 E ThermalEngine: parse_cooling_devices: Added cooling device: pa_nr_sdr1_dsc_kr with cdev id:55
03-10 10:24:36.208  1707  1707 E ThermalEngine: parse_cooling_devices: Added cooling device: thermal-cpufreq-0 with cdev id:25
03-10 10:24:36.208  1707  1707 E ThermalEngine: parse_cooling_devices: Added cooling device: pa_lte_sdr1_dsc_kr with cdev id:53
03-10 10:24:36.208  1707  1707 E ThermalEngine: parse_cooling_devices: Added cooling device: wsa with cdev id:43
03-10 10:24:36.209  1707  1707 E ThermalEngine: parse_cooling_devices: Added cooling device: mmw3_dsc_kr with cdev id:61
03-10 10:24:36.209  1707  1707 E ThermalEngine: parse_cooling_devices: Added cooling device: cpu-hotplug6 with cdev id:23
03-10 10:24:36.209  1707  1707 E ThermalEngine: parse_cooling_devices: Added cooling device: sdr1_nr_dsc_kr with cdev id:51
03-10 10:24:36.209  1707  1707 I ThermalEngine: sensors_manager_init: Init
03-10 10:24:36.209  1707  1707 E ThermalEngine: Event ID:3 Sampling ID:2
03-10 10:24:36.219  3163  5216 D FileUtils: Rounded bytes from 7725268992 to 8000000000
03-10 10:24:36.249  5625  5625 I vol.VolumeDialogImpl: dismissH reason = posture_changed mDialog.isShowing(): false
03-10 10:24:36.253   459   491 D Surface : Surface::disconnect
03-10 10:24:36.254   459   491 D BufferQueueProducer: [com.particlenews.newsbreak/com.particlemedia.feature.trendingtopic.ui.detail.TopicDetailActivity#35667(BLAST Consumer)pid:459](id:1cb00000005,api:1,p:459,c:459) disconnect: api 1
03-10 10:24:36.269  7314  7314 D GameMode: onStartedActivityChange: componnent: ComponentInfo{com.particlenews.newsbreak/com.particlemedia.feature.trendingtopic.ui.detail.TopicDetailActivity} entered launcher screen? false
03-10 10:24:36.272  3163  7023 D PowerManagerService: nativeReleaseSuspendBlocker name:PowerManagerService.WakeLocks duration ms: 1
03-10 10:24:36.287  5993   958 W NetworkScheduler.ATC: Called cancelTask for already completed task com.google.android.gms/.measurement.PackageMeasurementTaskService{u=0 tag="Measurement.PackageMeasurementTaskService.UPLOAD_TASK_TAG" trigger=window{start=9s,end=20s,earliest=-1857s,latest=-1846s} requirements=[NET_CONNECTED,PREFERRED_NET_UNMETERED,PREFERRED_CHARGING] attributes=[PERSISTED] scheduled=-1866s last_run=-834s exec_window_multiplier=1.0000 jid=N/A status=ACTIVE retries=0 client_lib=GMS_TASK_SCHEDULER-260834000} :1 [CONTEXT service_id=218 ]
03-10 10:24:36.294  2195  2392 I SDM     : DisplayBase::SetDisplayState: active 0-0 state 0-0 pending_power_state_ 0
03-10 10:24:36.295  2300  2300 D SurfaceFlinger: Finished setting power mode 0 on display 4630947043778501762
03-10 10:24:36.295  2214  2254 W ANDR-PERF-LM: FeatureState: readState() 151: warning: appName is NULL, returning default State
03-10 10:24:36.296  2214  2254 W ANDR-PERF-LM: FeatureState: readState() 151: warning: appName is NULL, returning default State
03-10 10:24:36.296  2214  2254 W ANDR-PERF-LM: FeatureState: readState() 151: warning: appName is NULL, returning default State
03-10 10:24:36.296  3163  5305 D SurfaceControl: Excessive delay in setPowerMode()
03-10 10:24:36.297  3163  5305 D PowerManagerService: nativeSetPowerMode ret:false mode:9 enabled:true duration ms: 0
03-10 10:24:36.298  3163  3352 D PowerManagerService: nativeSetPowerMode ret:true mode:7 enabled:false duration ms: 1
03-10 10:24:36.298  2078  2078 I QTI PowerHAL: Power setMode: 7 to: 0
03-10 10:24:36.298  3163  3352 I DreamManagerService: Entering dreamland. callers=com.android.server.dreams.DreamManagerService.startDreamInternal:531 com.android.server.dreams.DreamManagerService.-$$Nest$mstartDreamInternal:0 com.android.server.dreams.DreamManagerService$LocalService.startDream:1246 com.android.server.power.PowerManagerService.handleSandman:4199 com.android.server.power.PowerManagerService.-$$Nest$mhandleSandman:0 
03-10 10:24:36.299  2078  2078 I QTI PowerHAL: Got set_interactive hint
03-10 10:24:36.299  2078  2078 I QTI PowerHAL: Got set_interactive hint on= 0, count= 666
03-10 10:24:36.300  3163  3352 D PowerManagerService: nativeAcquireSuspendBlocker name:PowerManagerService.WakeLocks duration ms: 1
03-10 10:24:36.300  3163  3352 D PowerManagerService: nativeReleaseSuspendBlocker name:PowerManagerService.Display duration ms: 0
03-10 10:24:36.300  3163  3352 D PowerManagerService: nativeSetAutoSuspend enable:true duration ms: 0
03-10 10:24:36.300  3163  3352 I PowerManagerService: Dozing... groupId=1
03-10 10:24:36.300  3163  3352 D PowerManagerService: handleSandman ignore 0
03-10 10:24:36.303  2300  2300 E Scheduler: trackPendingFrame: Invalid present fence
03-10 10:24:36.307  3163  3227 I DreamController: Starting dream: name=ComponentInfo{com.android.systemui/com.android.systemui.doze.DozeService}, isPreviewMode=false, canDoze=true, userId=0, reason='power manager request', mCurrentDreamStartTime=82583396, isFirstTimeDream=false
03-10 10:24:36.307  2300  2300 D SurfaceFlinger: setDesiredDisplayModeSpecs[{0, false, PR={p[24.00-120.00]Hz, r[24.00-120.00]Hz}, AR={p[0.00-120.00]Hz, r[0.00-120.00]Hz}}]: by process 3163 uid 1000 for display 4630947043778501762
03-10 10:24:36.308  2300  2300 D SurfaceFlinger: setDesiredDisplayModeSpecs[{0, false, PR={p[24.00-120.00]Hz, r[24.00-120.00]Hz}, AR={p[0.00-120.00]Hz, r[0.00-120.00]Hz}}]: by process 3163 uid 1000 for display 4630947043778501763
03-10 10:24:36.311  3163  3352 D BrightnessThermalClamper: Thermal status observer already started
03-10 10:24:36.312  2067  8157 D AHAL: AudioDevice: SetParameters: 1564: enter: screen_state=off
03-10 10:24:36.312  2067  8157 D AHAL: AudioVoice: VoiceSetParameters: 87: Enter params: screen_state=off
03-10 10:24:36.312  2067  8157 D AHAL: AudioVoice: VoiceSetParameters: 360: Exit ret: 0
03-10 10:24:36.312  2067  8157 D AHAL: FM: fm_set_parameters: 262: Enter
03-10 10:24:36.312  2067  8157 D AHAL: FM: fm_set_parameters: 320: exit
03-10 10:24:36.312  2067  8157 D AHAL: AudioDevice: SetParameters: 1628:  - screen = off
03-10 10:24:36.312  2067  8157 I PAL: ResourceManager: setParameter: 8311: Screen State:0
03-10 10:24:36.312  2067  8157 D AHAL: AudioDevice: SetParameters: 2361: exit: screen_state=off
03-10 10:24:36.314 26976 27604 D MCLOG   : [BrightnessTrigger] onDisplayChanged displayId = 0
03-10 10:24:36.315  3163  7402 E WindowManager: Dream packageName does not match active dream. Package com.motorola.mobiledesktop does not match ComponentInfo{com.android.systemui/com.android.systemui.doze.DozeService}
03-10 10:24:36.316  1707  1707 E ThermalEngine: Unable to change to /sys/devices/soc/
03-10 10:24:36.316  1707  1707 E ThermalEngine: bcl_setup: Unexpected node error
03-10 10:24:36.316  1707  1707 E ThermalEngine: add_tgt_sensor: bcl sensor setup failed failed.
03-10 10:24:36.316  1707  1707 E ThermalEngine: add_tgt_sensors_set_optional: Error adding bcl
03-10 10:24:36.316  3163  3163 I BrightnessSynchronizer: New Update: {[5617] 0.36514667(f), mUpdatedTypes=0, mConfirmedTypes=0, mTimeUpdated=0, mState=2}
03-10 10:24:36.317 26976 27604 D MCLOG   : [BrightnessManager] displayId = 0 brightness = 0.36514667 nit = 86.86958 level = br1
03-10 10:24:36.318  3163  7933 E WindowManager: Dream packageName does not match active dream. Package com.motorola.mobiledesktop.core does not match ComponentInfo{com.android.systemui/com.android.systemui.doze.DozeService}
03-10 10:24:36.318  1707  1707 E ThermalEngine: sysfs_setup: report: path /sys/class/power_supply/battery/capacity
03-10 10:24:36.318  1707  1707 E ThermalEngine: sysfs_setup: opening /sys/class/power_supply/battery/capacity
03-10 10:24:36.319  1707  1707 E ThermalEngine: sysfs_setup: found sensor cluster0: cluster id = 0
03-10 10:24:36.319  1707  1707 E ThermalEngine: sysfs_setup: found sensor cluster1: cluster id = 1
03-10 10:24:36.319  1707  1707 E ThermalEngine: sysfs_setup: report: path /sys/class/power_supply/battery/charge_rate
03-10 10:24:36.319  1707  1707 E ThermalEngine: sysfs_setup: opening /sys/class/power_supply/battery/charge_rate
03-10 10:24:36.319  3163  4131 E WindowManager: Dream packageName does not match active dream. Package com.motorola.mobiledesktop does not match ComponentInfo{com.android.systemui/com.android.systemui.doze.DozeService}
03-10 10:24:36.320  3163  3229 D CLI/Transition: displaygroup 0, state OFF, pendingdisplaygroup -1
03-10 10:24:36.321  1707  1707 E ThermalEngine: sysfs_setup: report: path /proc/loadavg
03-10 10:24:36.321  1707  1707 E ThermalEngine: sysfs_setup: opening /proc/loadavg
03-10 10:24:36.321  1707  1707 E ThermalEngine: sysfs_setup: report: path /proc/stat
03-10 10:24:36.321  1707  1707 E ThermalEngine: sysfs_setup: opening /proc/stat
03-10 10:24:36.321  1707  1707 E ThermalEngine: sysfs_setup: report: path /sys/class/power_supply/battery/capacity
03-10 10:24:36.321  1707  1707 E ThermalEngine: sysfs_setup: opening /sys/class/power_supply/battery/capacity
03-10 10:24:36.321  1707  1707 E ThermalEngine: sysfs_setup: report: path /sys/class/backlight/panel0-backlight/brightness
03-10 10:24:36.321  1707  1707 E ThermalEngine: sysfs_setup: opening /sys/class/backlight/panel0-backlight/brightness
03-10 10:24:36.321  1707  1707 E ThermalEngine: sysfs_setup: report: path /proc/stat
03-10 10:24:36.321  1707  1707 E ThermalEngine: sysfs_setup: opening /proc/stat
03-10 10:24:36.321  1707  1707 E ThermalEngine: sysfs_setup: report: path /sys/class/backlight/panel0-backlight/brightness
03-10 10:24:36.321  1707  1707 E ThermalEngine: sysfs_setup: opening /sys/class/backlight/panel0-backlight/brightness
03-10 10:24:36.321  1707  1707 E ThermalEngine: sysfs_setup: report: path /proc/loadavg
03-10 10:24:36.321  1707  1707 E ThermalEngine: sysfs_setup: opening /proc/loadavg
03-10 10:24:36.321  1707  1707 E ThermalEngine: sysfs_setup: report: path /sys/class/power_supply/wireless/online
03-10 10:24:36.321  1707  1707 E ThermalEngine: sysfs_setup: opening /sys/class/power_supply/wireless/online
03-10 10:24:36.322  3163  7000 E WindowManager: Dream packageName does not match active dream. Package com.google.android.gsf does not match ComponentInfo{com.android.systemui/com.android.systemui.doze.DozeService}
03-10 10:24:36.322  3163  7000 E WindowManager: Dream packageName does not match active dream. Package com.google.android.gms does not match ComponentInfo{com.android.systemui/com.android.systemui.doze.DozeService}
03-10 10:24:36.322  7545  7545 I FileStationLog: [ FS_h$a ] - [Display] Changed display: 0
03-10 10:24:36.322  1707  1707 E ThermalEngine: No hwmon device found in the kernel for sensor tmp108
03-10 10:24:36.322  1707  1707 E ThermalEngine: add_tgt_sensor: tmp108 sensor setup failed failed.
03-10 10:24:36.322  1707  1707 E ThermalEngine: add_tgt_sensors_set_optional: Error adding tmp108
03-10 10:24:36.322  1707  1707 E ThermalEngine: No hwmon device found in the kernel for sensor msm_tmp108
03-10 10:24:36.322  1707  1707 E ThermalEngine: add_tgt_sensor: msm_tmp108 sensor setup failed failed.
03-10 10:24:36.322  1707  1707 E ThermalEngine: add_tgt_sensors_set_optional: Error adding msm_tmp108
03-10 10:24:36.322  7545  7545 I FileStationLog: [ FS_h ] - [Logic] Retrieved display info: LogicDisplayInfo(width=1080, height=2640, orientation=1, rotation=0, displayId=0)
03-10 10:24:36.323  7545  7545 I FileStationLog: [ FS_h$a ] - [Display] New logical size: 1080x2640
03-10 10:24:36.323  1707  1707 E ThermalEngine: No hwmon device found in the kernel for sensor quiet_tmp108
03-10 10:24:36.323  1707  1707 E ThermalEngine: add_tgt_sensor: quiet_tmp108 sensor setup failed failed.
03-10 10:24:36.323  1707  1707 E ThermalEngine: add_tgt_sensors_set_optional: Error adding quiet_tmp108
03-10 10:24:36.323  7545  7545 I FileStationLog: [ FS_h$a ] - [Display] Screen width unchanged: 1080
03-10 10:24:36.323  1707  1707 I ThermalEngine: Loading config file for virtual sensor
03-10 10:24:36.323  1707  1707 I ThermalEngine: Loading configuration file /vendor/etc/thermal-engine-lynkco-cli.conf
03-10 10:24:36.323  1707  1707 I ThermalEngine: Parsing section global
03-10 10:24:36.323  1707  1707 I ThermalEngine: Created section 'FRONT_TEMP'
03-10 10:24:36.323  1707  1707 I ThermalEngine: Algo Type 'virtual'
03-10 10:24:36.323  1707  1707 I ThermalEngine: Parsing section FRONT_TEMP
03-10 10:24:36.323  1707  1707 I ThermalEngine: Found field 'trip_sensor'
03-10 10:24:36.323  1707  1707 I ThermalEngine: Found field 'thresholds'
03-10 10:24:36.323  1707  1707 I ThermalEngine: Found field 'thresholds_clr'
03-10 10:24:36.323  1707  1707 I ThermalEngine: Found field 'sensors'
03-10 10:24:36.323  1707  1707 I ThermalEngine: Found field 'weights'
03-10 10:24:36.323  1707  1707 I ThermalEngine: Found field 'offsets'
03-10 10:24:36.323  1707  1707 I ThermalEngine: Found field 'sampling'
03-10 10:24:36.323  1707  1707 I ThermalEngine: Found field 'math'
03-10 10:24:36.323  1707  1707 I ThermalEngine: Found field 'sys_temp'
03-10 10:24:36.323  1707  1707 I ThermalEngine: Created section 'BACK_TEMP'
03-10 10:24:36.323  1707  1707 I ThermalEngine: Algo Type 'virtual'
03-10 10:24:36.323  1707  1707 I ThermalEngine: Parsing section BACK_TEMP
03-10 10:24:36.323  1707  1707 I ThermalEngine: Found field 'trip_sensor'
03-10 10:24:36.323  1707  1707 I ThermalEngine: Found field 'thresholds'
03-10 10:24:36.323  1707  1707 I ThermalEngine: Found field 'thresholds_clr'
03-10 10:24:36.323  1707  1707 I ThermalEngine: Found field 'sensors'
03-10 10:24:36.323  1707  1707 I ThermalEngine: Found field 'weights'
03-10 10:24:36.323  1707  1707 I ThermalEngine: Found field 'offsets'
03-10 10:24:36.323  1707  1707 I ThermalEngine: Found field 'sampling'
03-10 10:24:36.323  1707  1707 I ThermalEngine: Found field 'math'
03-10 10:24:36.323  1707  1707 I ThermalEngine: Found field 'sys_temp'
03-10 10:24:36.323  1707  1707 I ThermalEngine: Created section 'FUSE_TEMP'
03-10 10:24:36.323  1707  1707 I ThermalEngine: Algo Type 'virtual'
03-10 10:24:36.323  1707  1707 I ThermalEngine: Parsing section FUSE_TEMP
03-10 10:24:36.323  1707  1707 I ThermalEngine: Found field 'trip_sensor'
03-10 10:24:36.323  1707  1707 I ThermalEngine: Found field 'thresholds'
03-10 10:24:36.323  1707  1707 I ThermalEngine: Found field 'thresholds_clr'
03-10 10:24:36.323  1707  1707 I ThermalEngine: Found field 'sensors'
03-10 10:24:36.323  1707  1707 I ThermalEngine: Found field 'weights'
03-10 10:24:36.324  1707  1707 I ThermalEngine: Found field 'offsets'
03-10 10:24:36.324  1707  1707 I ThermalEngine: Found field 'sampling'
03-10 10:24:36.324  1707  1707 I ThermalEngine: Found field 'math'
03-10 10:24:36.324  1707  1707 I ThermalEngine: Found field 'sys_temp'
03-10 10:24:36.324  1707  1707 I ThermalEngine: Created section 'BCHG_TEMP'
03-10 10:24:36.324  1707  1707 I ThermalEngine: Algo Type 'virtual'
03-10 10:24:36.324  1707  1707 I ThermalEngine: Parsing section BCHG_TEMP
03-10 10:24:36.324  1707  1707 I ThermalEngine: Found field 'trip_sensor'
03-10 10:24:36.324  1707  1707 I ThermalEngine: Found field 'thresholds'
03-10 10:24:36.324  1707  1707 I ThermalEngine: Found field 'thresholds_clr'
03-10 10:24:36.324  1707  1707 I ThermalEngine: Found field 'sensors'
03-10 10:24:36.324  1707  1707 I ThermalEngine: Found field 'weights'
03-10 10:24:36.324  1707  1707 I ThermalEngine: Found field 'offsets'
03-10 10:24:36.324  1707  1707 I ThermalEngine: Found field 'sampling'
03-10 10:24:36.324  1707  1707 I ThermalEngine: Found field 'math'
03-10 10:24:36.324  5625  5625 V DreamService[DozeService]: onCreate()
03-10 10:24:36.324  1707  1707 I ThermalEngine: Created section 'FRONT_MDM'
03-10 10:24:36.324  1707  1707 I ThermalEngine: Algo Type 'virtual'
03-10 10:24:36.324  1707  1707 I ThermalEngine: Parsing section FRONT_MDM
03-10 10:24:36.324  1707  1707 I ThermalEngine: Found field 'sensors'
03-10 10:24:36.324  1707  1707 I ThermalEngine: Found field 'weights'
03-10 10:24:36.324  1707  1707 I ThermalEngine: Found field 'trip_sensor'
03-10 10:24:36.324  1707  1707 I ThermalEngine: Found field 'trip_sensor_logic'
03-10 10:24:36.324  1707  1707 I ThermalEngine: Found field 'thresholds'
03-10 10:24:36.324  1707  1707 I ThermalEngine: Found field 'thresholds_clr'
03-10 10:24:36.324  1707  1707 I ThermalEngine: Found field 'offsets'
03-10 10:24:36.324  1707  1707 I ThermalEngine: Found field 'sampling'
03-10 10:24:36.324  1707  1707 I ThermalEngine: Found field 'math'
03-10 10:24:36.324  1707  1707 I ThermalEngine: Created section 'BCAM_TEMP'
03-10 10:24:36.324  1707  1707 I ThermalEngine: Algo Type 'virtual'
03-10 10:24:36.324  1707  1707 I ThermalEngine: Parsing section BCAM_TEMP
03-10 10:24:36.324  1707  1707 I ThermalEngine: Found field 'trip_sensor'
03-10 10:24:36.324  1707  1707 I ThermalEngine: Found field 'thresholds'
03-10 10:24:36.324  1707  1707 I ThermalEngine: Found field 'thresholds_clr'
03-10 10:24:36.324  1707  1707 I ThermalEngine: Found field 'sensors'
03-10 10:24:36.324  1707  1707 I ThermalEngine: Found field 'weights'
03-10 10:24:36.324  1707  1707 I ThermalEngine: Found field 'offsets'
03-10 10:24:36.324  1707  1707 I ThermalEngine: Found field 'sampling'
03-10 10:24:36.324  1707  1707 I ThermalEngine: Found field 'math'
03-10 10:24:36.324  1707  1707 I ThermalEngine: Created section 'DETECT-STANDBY'
03-10 10:24:36.324  1707  1707 I ThermalEngine: Algo Type 'virtual'
03-10 10:24:36.324  1707  1707 I ThermalEngine: Parsing section DETECT-STANDBY
03-10 10:24:36.324  1707  1707 I ThermalEngine: Found field 'trip_sensor'
03-10 10:24:36.324  1707  1707 I ThermalEngine: Found field 'thresholds'
03-10 10:24:36.324  1707  1707 I ThermalEngine: Found field 'thresholds_clr'
03-10 10:24:36.324  1707  1707 I ThermalEngine: Found field 'sensors'
03-10 10:24:36.324  1707  1707 I ThermalEngine: Found field 'weights'
03-10 10:24:36.324  1707  1707 I ThermalEngine: Found field 'sampling'
03-10 10:24:36.324  1707  1707 I ThermalEngine: Found field 'math'
03-10 10:24:36.324  1707  1707 I ThermalEngine: Found field 'less_than'
03-10 10:24:36.324  1707  1707 I ThermalEngine: Created section 'DETECT-WLS'
03-10 10:24:36.324  1707  1707 I ThermalEngine: Algo Type 'virtual'
03-10 10:24:36.324  1707  1707 I ThermalEngine: Parsing section DETECT-WLS
03-10 10:24:36.324  1707  1707 I ThermalEngine: Found field 'trip_sensor'
03-10 10:24:36.324  1707  1707 I ThermalEngine: Found field 'thresholds'
03-10 10:24:36.324  1707  1707 I ThermalEngine: Found field 'thresholds_clr'
03-10 10:24:36.324  1707  1707 I ThermalEngine: Found field 'sensors'
03-10 10:24:36.324  1707  1707 I ThermalEngine: Found field 'sampling'
03-10 10:24:36.324  1707  1707 I ThermalEngine: Found field 'math'
03-10 10:24:36.325  1707  1707 I ThermalEngine: [VIRTUAL-FAIL-SAFE-TJ]
03-10 10:24:36.325  1707  1707 I ThermalEngine: #algo_type virtual
03-10 10:24:36.325  1707  1707 I ThermalEngine: sensors nspss-0 nspss-1 nspss-2 gpuss-0 gpuss-1 camera-0 camera-1 mdmss-0 mdmss-1 mdmss-2 mdmss-3 video
03-10 10:24:36.325  1707  1707 I ThermalEngine: weights
03-10 10:24:36.325  1707  1707 I ThermalEngine: trip_sensor nspss-0 nspss-1 nspss-2 gpuss-0 gpuss-1 camera-0 camera-1 mdmss-0 mdmss-1 mdmss-2 mdmss-3 video
03-10 10:24:36.325  1707  1707 I ThermalEngine: trip_sensor_logic || || || || || || || || || || ||
03-10 10:24:36.325  1707  1707 I ThermalEngine: thresholds 100000 100000 100000 100000 100000 100000 100000 100000 100000 100000 100000 100000
03-10 10:24:36.325  1707  1707 I ThermalEngine: thresholds_clr 90000 90000 90000 90000 90000 90000 90000 90000 90000 90000 90000 90000
03-10 10:24:36.325  1707  1707 I ThermalEngine: offsets
03-10 10:24:36.325  1707  1707 I ThermalEngine: sampling 10
03-10 10:24:36.325  1707  1707 I ThermalEngine: math 2
03-10 10:24:36.325  1707  1707 I ThermalEngine: ambient_value
03-10 10:24:36.325  1707  1707 I ThermalEngine: rise_value
03-10 10:24:36.325  1707  1707 I ThermalEngine: [VIRTUAL-CPU-GOLD-TJ-SHUTDOWN]
03-10 10:24:36.325  1707  1707 I ThermalEngine: #algo_type virtual
03-10 10:24:36.325  1707  1707 I ThermalEngine: sensors cpu-1-0 cpu-1-1 cpu-1-2 cpu-1-3 cpu-1-4 cpu-1-5 cpu-1-6 cpu-1-7
03-10 10:24:36.325  1707  1707 I ThermalEngine: weights
03-10 10:24:36.325  1707  1707 I ThermalEngine: trip_sensor cpu-1-0 cpu-1-1 cpu-1-2 cpu-1-3 cpu-1-4 cpu-1-5 cpu-1-6 cpu-1-7
03-10 10:24:36.325  1707  1707 I ThermalEngine: trip_sensor_logic || || || || || || ||
03-10 10:24:36.325  1707  1707 I ThermalEngine: thresholds 115000 115000 115000 115000 115000 115000 115000 115000
03-10 10:24:36.325  1707  1707 I ThermalEngine: thresholds_clr 100000 100000 100000 100000 100000 100000 100000 100000
03-10 10:24:36.325  1707  1707 I ThermalEngine: offsets
03-10 10:24:36.325  1707  1707 I ThermalEngine: sampling 10
03-10 10:24:36.325  1707  1707 I ThermalEngine: math 2
03-10 10:24:36.325  1707  1707 I ThermalEngine: ambient_value
03-10 10:24:36.325  1707  1707 I ThermalEngine: rise_value
03-10 10:24:36.325  1707  1707 I ThermalEngine: [VIRTUAL-CPU-TJ-SHUTDOWN]
03-10 10:24:36.325  1707  1707 I ThermalEngine: #algo_type virtual
03-10 10:24:36.325  1707  1707 I ThermalEngine: sensors cpu-0-0 cpu-0-1 cpu-0-2 cpu-0-3 cpuss-0 cpuss-1
03-10 10:24:36.325  1707  1707 I ThermalEngine: weights
03-10 10:24:36.325  1707  1707 I ThermalEngine: trip_sensor cpu-0-0 cpu-0-1 cpu-0-2 cpu-0-3 cpuss-0 cpuss-1
03-10 10:24:36.325  1707  1707 I ThermalEngine: trip_sensor_logic || || || || ||
03-10 10:24:36.325  1707  1707 I ThermalEngine: thresholds 115000 115000 115000 115000 115000 115000
03-10 10:24:36.325  1707  1707 I ThermalEngine: thresholds_clr 100000 100000 100000 100000 100000 100000
03-10 10:24:36.325  1707  1707 I ThermalEngine: offsets
03-10 10:24:36.325  1707  1707 I ThermalEngine: sampling 10
03-10 10:24:36.325  1707  1707 I ThermalEngine: math 2
03-10 10:24:36.325  1707  1707 I ThermalEngine: ambient_value
03-10 10:24:36.325  1707  1707 I ThermalEngine: rise_value
03-10 10:24:36.325  1707  1707 I ThermalEngine: [VIRTUAL-NSP-TJ-SHUTDOWN]
03-10 10:24:36.325  1707  1707 I ThermalEngine: #algo_type virtual
03-10 10:24:36.325  1707  1707 I ThermalEngine: sensors nspss-0 nspss-1 nspss-2
03-10 10:24:36.325  1707  1707 I ThermalEngine: weights
03-10 10:24:36.325  1707  1707 I ThermalEngine: trip_sensor nspss-0 nspss-1 nspss-2
03-10 10:24:36.325  1707  1707 I ThermalEngine: trip_sensor_logic || ||
03-10 10:24:36.325  1707  1707 I ThermalEngine: thresholds 115000 115000 115000
03-10 10:24:36.325  1707  1707 I ThermalEngine: thresholds_clr 100000 100000 100000
03-10 10:24:36.325  1707  1707 I ThermalEngine: offsets
03-10 10:24:36.325  1707  1707 I ThermalEngine: sampling 10
03-10 10:24:36.325  1707  1707 I ThermalEngine: math 2
03-10 10:24:36.325  1707  1707 I ThermalEngine: ambient_value
03-10 10:24:36.325  1707  1707 I ThermalEngine: rise_value
03-10 10:24:36.325  1707  1707 I ThermalEngine: [VIRTUAL-MDM-TJ-SHUTDOWN]
03-10 10:24:36.325  1707  1707 I ThermalEngine: #algo_type virtual
03-10 10:24:36.325  1707  1707 I ThermalEngine: sensors mdmss-0 mdmss-1 mdmss-2 mdmss-3
03-10 10:24:36.325  1707  1707 I ThermalEngine: weights
03-10 10:24:36.325  1707  1707 I ThermalEngine: trip_sensor mdmss-0 mdmss-1 mdmss-2 mdmss-3
03-10 10:24:36.325  1707  1707 I ThermalEngine: trip_sensor_logic || || ||
03-10 10:24:36.325  1707  1707 I ThermalEngine: thresholds 115000 115000 115000 115000
03-10 10:24:36.325  1707  1707 I ThermalEngine: thresholds_clr 100000 100000 100000 100000
03-10 10:24:36.325  1707  1707 I ThermalEngine: offsets
03-10 10:24:36.325  1707  1707 I ThermalEngine: sampling 10
03-10 10:24:36.325  1707  1707 I ThermalEngine: math 2
03-10 10:24:36.325  1707  1707 I ThermalEngine: ambient_value
03-10 10:24:36.325  1707  1707 I ThermalEngine: rise_value
03-10 10:24:36.325  1707  1707 I ThermalEngine: [VIRTUAL-MM-TJ-SHUTDOWN]
03-10 10:24:36.325  1707  1707 I ThermalEngine: #algo_type virtual
03-10 10:24:36.325  1707  1707 I ThermalEngine: sensors gpuss-0 gpuss-1 video ddr camera-0 camera-1
03-10 10:24:36.325  1707  1707 I ThermalEngine: weights
03-10 10:24:36.325  1707  1707 I ThermalEngine: trip_sensor gpuss-0 gpuss-1 video ddr camera-0 camera-1
03-10 10:24:36.325  1707  1707 I ThermalEngine: trip_sensor_logic || || || || ||
03-10 10:24:36.325  1707  1707 I ThermalEngine: thresholds 115000 115000 115000 115000 115000 115000
03-10 10:24:36.325  1707  1707 I ThermalEngine: thresholds_clr 100000 100000 100000 100000 100000 100000
03-10 10:24:36.325  1707  1707 I ThermalEngine: offsets
03-10 10:24:36.325  1707  1707 I ThermalEngine: sampling 10
03-10 10:24:36.325  1707  1707 I ThermalEngine: math 2
03-10 10:24:36.325  1707  1707 I ThermalEngine: ambient_value
03-10 10:24:36.325  1707  1707 I ThermalEngine: rise_value
03-10 10:24:36.325  1707  1707 I ThermalEngine: [VIRTUAL-PMIC-ALARM-SHUTDOWN]
03-10 10:24:36.325  1707  1707 I ThermalEngine: #algo_type virtual
03-10 10:24:36.325  1707  1707 I ThermalEngine: sensors pm7325_tz pm8350c_tz
03-10 10:24:36.325  1707  1707 I ThermalEngine: weights
03-10 10:24:36.325  1707  1707 I ThermalEngine: trip_sensor pm7325_tz pm8350c_tz
03-10 10:24:36.325  1707  1707 I ThermalEngine: trip_sensor_logic ||
03-10 10:24:36.325  1707  1707 I ThermalEngine: thresholds 115000 115000
03-10 10:24:36.325  1707  1707 I ThermalEngine: thresholds_clr 100000 100000
03-10 10:24:36.325  1707  1707 I ThermalEngine: offsets
03-10 10:24:36.325  1707  1707 I ThermalEngine: sampling 10
03-10 10:24:36.325  1707  1707 I ThermalEngine: math 2
03-10 10:24:36.325  1707  1707 I ThermalEngine: ambient_value
03-10 10:24:36.325  1707  1707 I ThermalEngine: rise_value
03-10 10:24:36.325  1707  1707 I ThermalEngine: [FRONT_TEMP]
03-10 10:24:36.325  1707  1707 I ThermalEngine: algo_type virtual
03-10 10:24:36.325  1707  1707 I ThermalEngine: sensors msm-therm cam-therm quiet-therm mchg-therm
03-10 10:24:36.325  1707  1707 I ThermalEngine: weights 22 26 39 13
03-10 10:24:36.325  1707  1707 I ThermalEngine: trip_sensor msm-therm
03-10 10:24:36.325  1707  1707 I ThermalEngine: thresholds -18000
03-10 10:24:36.325  1707  1707 I ThermalEngine: thresholds_clr -20000
03-10 10:24:36.325  1707  1707 I ThermalEngine: offsets -2000 0 0 0
03-10 10:24:36.325  1707  1707 I ThermalEngine: sampling 5000
03-10 10:24:36.325  1707  1707 I ThermalEngine: math 0
03-10 10:24:36.325  1707  1707 I ThermalEngine: sys_temp
03-10 10:24:36.325  1707  1707 I ThermalEngine: ambient_value
03-10 10:24:36.325  1707  1707 I ThermalEngine: rise_value
03-10 10:24:36.325  1707  1707 I ThermalEngine: [BACK_TEMP]
03-10 10:24:36.325  1707  1707 I ThermalEngine: algo_type virtual
03-10 10:24:36.325  1707  1707 I ThermalEngine: sensors msm-therm cam-therm quiet-therm mchg-therm
03-10 10:24:36.325  1707  1707 I ThermalEngine: weights 22 26 39 13
03-10 10:24:36.325  1707  1707 I ThermalEngine: trip_sensor msm-therm
03-10 10:24:36.325  1707  1707 I ThermalEngine: thresholds -18000
03-10 10:24:36.325  1707  1707 I ThermalEngine: thresholds_clr -20000
03-10 10:24:36.325  1707  1707 I ThermalEngine: offsets -2000 0 0 0
03-10 10:24:36.325  1707  1707 I ThermalEngine: sampling 5000
03-10 10:24:36.325  1707  1707 I ThermalEngine: math 0
03-10 10:24:36.325  1707  1707 I ThermalEngine: sys_temp
03-10 10:24:36.325  1707  1707 I ThermalEngine: ambient_value
03-10 10:24:36.325  1707  1707 I ThermalEngine: rise_value
03-10 10:24:36.325  1707  1707 I ThermalEngine: [FUSE_TEMP]
03-10 10:24:36.325  1707  1707 I ThermalEngine: algo_type virtual
03-10 10:24:36.325  1707  1707 I ThermalEngine: sensors msm-therm cam-therm quiet-therm mchg-therm
03-10 10:24:36.325  1707  1707 I ThermalEngine: weights 20 32 39 9
03-10 10:24:36.325  1707  1707 I ThermalEngine: trip_sensor msm-therm
03-10 10:24:36.325  1707  1707 I ThermalEngine: thresholds -18000
03-10 10:24:36.325  1707  1707 I ThermalEngine: thresholds_clr -20000
03-10 10:24:36.325  1707  1707 I ThermalEngine: offsets 0 0 0 0
03-10 10:24:36.325  1707  1707 I ThermalEngine: sampling 2000
03-10 10:24:36.325  1707  1707 I ThermalEngine: math 0
03-10 10:24:36.325  1707  1707 I ThermalEngine: sys_temp
03-10 10:24:36.325  1707  1707 I ThermalEngine: ambient_value
03-10 10:24:36.325  1707  1707 I ThermalEngine: rise_value
03-10 10:24:36.325  1707  1707 I ThermalEngine: [BCHG_TEMP]
03-10 10:24:36.325  1707  1707 I ThermalEngine: algo_type virtual
03-10 10:24:36.325  1707  1707 I ThermalEngine: sensors msm-therm cam-therm quiet-therm mchg-therm
03-10 10:24:36.325  1707  1707 I ThermalEngine: weights 22 26 39 13
03-10 10:24:36.325  1707  1707 I ThermalEngine: trip_sensor msm-therm
03-10 10:24:36.325  1707  1707 I ThermalEngine: thresholds -18000
03-10 10:24:36.325  1707  1707 I ThermalEngine: thresholds_clr -20000
03-10 10:24:36.325  1707  1707 I ThermalEngine: offsets 0 0 0 0
03-10 10:24:36.325  1707  1707 I ThermalEngine: sampling 2000
03-10 10:24:36.325  1707  1707 I ThermalEngine: math 0
03-10 10:24:36.325  1707  1707 I ThermalEngine: ambient_value
03-10 10:24:36.325  1707  1707 I ThermalEngine: rise_value
03-10 10:24:36.325  1707  1707 I ThermalEngine: [FRONT_MDM]
03-10 10:24:36.325  1707  1707 I ThermalEngine: algo_type virtual
03-10 10:24:36.325  1707  1707 I ThermalEngine: sensors msm-therm cam-therm quiet-therm mchg-therm
03-10 10:24:36.325  1707  1707 I ThermalEngine: weights 20 32 39 9
03-10 10:24:36.325  1707  1707 I ThermalEngine: trip_sensor mdmss-0 mdmss-1 mdmss-2 mdmss-3
03-10 10:24:36.325  1707  1707 I ThermalEngine: trip_sensor_logic || || ||
03-10 10:24:36.325  1707  1707 I ThermalEngine: thresholds 65000 65000 65000 65000
03-10 10:24:36.325  1707  1707 I ThermalEngine: thresholds_clr 40000 40000 40000 40000
03-10 10:24:36.325  1707  1707 I ThermalEngine: offsets 1000 0 0 0
03-10 10:24:36.325  1707  1707 I ThermalEngine: sampling 2000
03-10 10:24:36.325  1707  1707 I ThermalEngine: math 0
03-10 10:24:36.325  1707  1707 I ThermalEngine: ambient_value
03-10 10:24:36.325  1707  1707 I ThermalEngine: rise_value
03-10 10:24:36.325  1707  1707 I ThermalEngine: [BCAM_TEMP]
03-10 10:24:36.325  1707  1707 I ThermalEngine: algo_type virtual
03-10 10:24:36.325  1707  1707 I ThermalEngine: sensors msm-therm cam-therm quiet-therm mchg-therm
03-10 10:24:36.325  1707  1707 I ThermalEngine: weights 22 26 39 13
03-10 10:24:36.325  1707  1707 I ThermalEngine: trip_sensor msm-therm
03-10 10:24:36.325  1707  1707 I ThermalEngine: thresholds -18000
03-10 10:24:36.325  1707  1707 I ThermalEngine: thresholds_clr -20000
03-10 10:24:36.325  1707  1707 I ThermalEngine: offsets 1500 0 0 0
03-10 10:24:36.325  1707  1707 I ThermalEngine: sampling 2000
03-10 10:24:36.325  1707  1707 I ThermalEngine: math 0
03-10 10:24:36.325  1707  1707 I ThermalEngine: ambient_value
03-10 10:24:36.325  1707  1707 I ThermalEngine: rise_value
03-10 10:24:36.325  1707  1707 I ThermalEngine: [DETECT-STANDBY]
03-10 10:24:36.325  1707  1707 I ThermalEngine: algo_type virtual
03-10 10:24:36.325  1707  1707 I ThermalEngine: sensors cpu_utilization lcd_brightness_value
03-10 10:24:36.325  1707  1707 I ThermalEngine: weights 12 50
03-10 10:24:36.325  1707  1707 I ThermalEngine: trip_sensor msm-therm
03-10 10:24:36.325  1707  1707 I ThermalEngine: thresholds -18000
03-10 10:24:36.325  1707  1707 I ThermalEngine: thresholds_clr -20000
03-10 10:24:36.325  1707  1707 I ThermalEngine: offsets
03-10 10:24:36.325  1707  1707 I ThermalEngine: sampling 5000
03-10 10:24:36.325  1707  1707 I ThermalEngine: math 7
03-10 10:24:36.325  1707  1707 I ThermalEngine: less_than
03-10 10:24:36.325  1707  1707 I ThermalEngine: ambient_value
03-10 10:24:36.325  1707  1707 I ThermalEngine: rise_value
03-10 10:24:36.325  1707  1707 I ThermalEngine: [DETECT-WLS]
03-10 10:24:36.325  1707  1707 I ThermalEngine: algo_type virtual
03-10 10:24:36.325  1707  1707 I ThermalEngine: sensors wireless_online
03-10 10:24:36.325  1707  1707 I ThermalEngine: weights
03-10 10:24:36.325  1707  1707 I ThermalEngine: trip_sensor msm-therm
03-10 10:24:36.325  1707  1707 I ThermalEngine: thresholds -18000
03-10 10:24:36.325  1707  1707 I ThermalEngine: thresholds_clr -20000
03-10 10:24:36.325  1707  1707 I ThermalEngine: offsets
03-10 10:24:36.325  1707  1707 I ThermalEngine: sampling 5000
03-10 10:24:36.325  1707  1707 I ThermalEngine: math 3
03-10 10:24:36.325  1707  1707 I ThermalEngine: ambient_value
03-10 10:24:36.325  1707  1707 I ThermalEngine: rise_value
03-10 10:24:36.326  5625  5625 I MotoDozeSensor: Tap to wake up enable: true
03-10 10:24:36.326  5625  5625 D DozeTriggers: shouldregisterTapSensor:  zeroTapEnabled=false
03-10 10:24:36.327  5625  5625 E MotoDozeSensorTypeBuilder: This sensor type(25) is not supported.
03-10 10:24:36.327  5625  5625 E MotoDozeSensorTypeBuilder: This sensor type(65596) is not supported.
03-10 10:24:36.327  5625  5625 V DreamService[DozeService]: onBind() intent = Intent { act=android.service.dreams.DreamService flg=0x800000 cmp=com.android.systemui/.doze.DozeService (has extras) }
03-10 10:24:36.328 11449 11453 I orola.launcher3: NativeAlloc concurrent mark compact GC freed 23MB AllocSpace bytes, 16(1920KB) LOS objects, 75% free, 10MB/42MB, paused 699us,6.144ms total 257.260ms
03-10 10:24:36.328  2300  2300 W SurfaceFlinger: couldn't log to binary event log: overflow.
03-10 10:24:36.328  3163  3163 I DreamController: onServiceConnected: name=ComponentInfo{com.android.systemui/com.android.systemui.doze.DozeService}, service=android.os.BinderProxy@cb7d59b
03-10 10:24:36.328  3163  3227 I DreamController: onServiceConnected to attach: name=ComponentInfo{com.android.systemui/com.android.systemui.doze.DozeService}
03-10 10:24:36.330  2300  2300 E Scheduler: trackPendingFrame: Invalid present fence
03-10 10:24:36.331  5625  5625 I vol.VolumeDialogImpl: mDialog.dismiss() reason: volume_controller from: com.android.systemui.volume.VolumeDialogImpl$10.onDismissRequested:3 displayId: 0 mShowing: false mIsAnimatingDismiss: false
