03-11 11:38:24.960 23634 23634 I ThermalEngine: [VIRTUAL-MM-TJ-SHUTDOWN]
03-11 11:38:24.960 23634 23634 I ThermalEngine: #algo_type virtual
03-11 11:38:24.960 23634 23634 I ThermalEngine: sensors gpuss-0 gpuss-1 video ddr camera-0 camera-1
03-11 11:38:24.960 23634 23634 I ThermalEngine: weights
03-11 11:38:24.960 23634 23634 I ThermalEngine: trip_sensor gpuss-0 gpuss-1 video ddr camera-0 camera-1
03-11 11:38:24.960 23634 23634 I ThermalEngine: trip_sensor_logic || || || || ||
03-11 11:38:24.960 23634 23634 I ThermalEngine: thresholds 115000 115000 115000 115000 115000 115000
03-11 11:38:24.960 23634 23634 I ThermalEngine: thresholds_clr 100000 100000 100000 100000 100000 100000
03-11 11:38:24.960 23634 23634 I ThermalEngine: offsets
03-11 11:38:24.960 23634 23634 I ThermalEngine: sampling 10
03-11 11:38:24.960 23634 23634 I ThermalEngine: math 2
03-11 11:38:24.960 23634 23634 I ThermalEngine: ambient_value
03-11 11:38:24.960 23634 23634 I ThermalEngine: rise_value
03-11 11:38:24.960 23634 23634 I ThermalEngine: [VIRTUAL-PMIC-ALARM-SHUTDOWN]
03-11 11:38:24.960 23634 23634 I ThermalEngine: #algo_type virtual
03-11 11:38:24.960 23634 23634 I ThermalEngine: sensors pm7325_tz pm8350c_tz
03-11 11:38:24.960 23634 23634 I ThermalEngine: weights
03-11 11:38:24.960 23634 23634 I ThermalEngine: trip_sensor pm7325_tz pm8350c_tz
03-11 11:38:24.960 23634 23634 I ThermalEngine: trip_sensor_logic ||
03-11 11:38:24.960 23634 23634 I ThermalEngine: thresholds 115000 115000
03-11 11:38:24.960 23634 23634 I ThermalEngine: thresholds_clr 100000 100000
03-11 11:38:24.960 23634 23634 I ThermalEngine: offsets
03-11 11:38:24.960 23634 23634 I ThermalEngine: sampling 10
03-11 11:38:24.960 23634 23634 I ThermalEngine: math 2
03-11 11:38:24.960 23634 23634 I ThermalEngine: ambient_value
03-11 11:38:24.960 23634 23634 I ThermalEngine: rise_value
03-11 11:38:24.960 23634 23634 I ThermalEngine: [FRONT_TEMP]
03-11 11:38:24.960 23634 23634 I ThermalEngine: algo_type virtual
03-11 11:38:24.960 23634 23634 I ThermalEngine: sensors msm-therm cam-therm quiet-therm mchg-therm
03-11 11:38:24.960 23634 23634 I ThermalEngine: weights 20 32 39 9
03-11 11:38:24.960 23634 23634 I ThermalEngine: trip_sensor msm-therm
03-11 11:38:24.960 23634 23634 I ThermalEngine: thresholds -18000
03-11 11:38:24.960 23634 23634 I ThermalEngine: thresholds_clr -20000
03-11 11:38:24.960 23634 23634 I ThermalEngine: offsets -2000 0 0 0
03-11 11:38:24.960 23634 23634 I ThermalEngine: sampling 5000
03-11 11:38:24.960 23634 23634 I ThermalEngine: math 0
03-11 11:38:24.960 23634 23634 I ThermalEngine: sys_temp
03-11 11:38:24.960 23634 23634 I ThermalEngine: ambient_value
03-11 11:38:24.960 23634 23634 I ThermalEngine: rise_value
03-11 11:38:24.960 23634 23634 I ThermalEngine: [BACK_TEMP]
03-11 11:38:24.960 23634 23634 I ThermalEngine: algo_type virtual
03-11 11:38:24.960 23634 23634 I ThermalEngine: sensors msm-therm cam-therm quiet-therm mchg-therm
03-11 11:38:24.960 23634 23634 I ThermalEngine: weights 22 26 39 13
03-11 11:38:24.960 23634 23634 I ThermalEngine: trip_sensor msm-therm
03-11 11:38:24.960 23634 23634 I ThermalEngine: thresholds -18000
03-11 11:38:24.960 23634 23634 I ThermalEngine: thresholds_clr -20000
03-11 11:38:24.960 23634 23634 I ThermalEngine: offsets -2000 0 0 0
03-11 11:38:24.960 23634 23634 I ThermalEngine: sampling 5000
03-11 11:38:24.960 23634 23634 I ThermalEngine: math 0
03-11 11:38:24.960 23634 23634 I ThermalEngine: sys_temp
03-11 11:38:24.960 23634 23634 I ThermalEngine: ambient_value
03-11 11:38:24.960 23634 23634 I ThermalEngine: rise_value
03-11 11:38:24.960 23634 23634 I ThermalEngine: [FUSE_TEMP]
03-11 11:38:24.960 23634 23634 I ThermalEngine: algo_type virtual
03-11 11:38:24.960 23634 23634 I ThermalEngine: sensors msm-therm cam-therm quiet-therm mchg-therm
03-11 11:38:24.960 23634 23634 I ThermalEngine: weights 20 32 39 9
03-11 11:38:24.960 23634 23634 I ThermalEngine: trip_sensor msm-therm
03-11 11:38:24.960 23634 23634 I ThermalEngine: thresholds -18000
03-11 11:38:24.960 23634 23634 I ThermalEngine: thresholds_clr -20000
03-11 11:38:24.960 23634 23634 I ThermalEngine: offsets 0 0 0 0
03-11 11:38:24.960 23634 23634 I ThermalEngine: sampling 2000
03-11 11:38:24.960 23634 23634 I ThermalEngine: math 0
03-11 11:38:24.960 23634 23634 I ThermalEngine: sys_temp
03-11 11:38:24.960 23634 23634 I ThermalEngine: ambient_value
03-11 11:38:24.960 23634 23634 I ThermalEngine: rise_value
03-11 11:38:24.960 23634 23634 I ThermalEngine: [BCHG_TEMP]
03-11 11:38:24.960 23634 23634 I ThermalEngine: algo_type virtual
03-11 11:38:24.960 23634 23634 I ThermalEngine: sensors msm-therm cam-therm quiet-therm mchg-therm
03-11 11:38:24.960 23634 23634 I ThermalEngine: weights 22 26 39 13
03-11 11:38:24.960 23634 23634 I ThermalEngine: trip_sensor msm-therm
03-11 11:38:24.960 23634 23634 I ThermalEngine: thresholds -18000
03-11 11:38:24.960 23634 23634 I ThermalEngine: thresholds_clr -20000
03-11 11:38:24.960 23634 23634 I ThermalEngine: offsets 0 0 0 0
03-11 11:38:24.960 23634 23634 I ThermalEngine: sampling 2000
03-11 11:38:24.960 23634 23634 I ThermalEngine: math 0
03-11 11:38:24.960 23634 23634 I ThermalEngine: ambient_value
03-11 11:38:24.960 23634 23634 I ThermalEngine: rise_value
03-11 11:38:24.960 23634 23634 I ThermalEngine: [FRONT_MDM]
03-11 11:38:24.960 23634 23634 I ThermalEngine: algo_type virtual
03-11 11:38:24.960 23634 23634 I ThermalEngine: sensors msm-therm cam-therm quiet-therm mchg-therm
03-11 11:38:24.960 23634 23634 I ThermalEngine: weights 20 32 39 9
03-11 11:38:24.960 23634 23634 I ThermalEngine: trip_sensor mdmss-0 mdmss-1 mdmss-2 mdmss-3
03-11 11:38:24.960 23634 23634 I ThermalEngine: trip_sensor_logic || || ||
03-11 11:38:24.960 23634 23634 I ThermalEngine: thresholds 65000 65000 65000 65000
03-11 11:38:24.960 23634 23634 I ThermalEngine: thresholds_clr 40000 40000 40000 40000
03-11 11:38:24.960 23634 23634 I ThermalEngine: offsets 1000 0 0 0
03-11 11:38:24.960 23634 23634 I ThermalEngine: sampling 2000
03-11 11:38:24.960 23634 23634 I ThermalEngine: math 0
03-11 11:38:24.960 23634 23634 I ThermalEngine: ambient_value
03-11 11:38:24.960 23634 23634 I ThermalEngine: rise_value
03-11 11:38:24.960 23634 23634 I ThermalEngine: [DETECT-STANDBY]
03-11 11:38:24.960 23634 23634 I ThermalEngine: algo_type virtual
03-11 11:38:24.960 23634 23634 I ThermalEngine: sensors cpu_utilization lcd_brightness_value
03-11 11:38:24.960 23634 23634 I ThermalEngine: weights 12 50
03-11 11:38:24.960 23634 23634 I ThermalEngine: trip_sensor msm-therm
03-11 11:38:24.960 23634 23634 I ThermalEngine: thresholds -18000
03-11 11:38:24.960 23634 23634 I ThermalEngine: thresholds_clr -20000
03-11 11:38:24.960 23634 23634 I ThermalEngine: offsets
03-11 11:38:24.960 23634 23634 I ThermalEngine: sampling 5000
03-11 11:38:24.960 23634 23634 I ThermalEngine: math 7
03-11 11:38:24.960 23634 23634 I ThermalEngine: less_than
03-11 11:38:24.960 23634 23634 I ThermalEngine: ambient_value
03-11 11:38:24.960 23634 23634 I ThermalEngine: rise_value
03-11 11:38:24.960 23634 23634 I ThermalEngine: [DETECT-WLS]
03-11 11:38:24.960 23634 23634 I ThermalEngine: algo_type virtual
03-11 11:38:24.960 23634 23634 I ThermalEngine: sensors wireless_online
03-11 11:38:24.960 23634 23634 I ThermalEngine: weights
03-11 11:38:24.960 23634 23634 I ThermalEngine: trip_sensor msm-therm
03-11 11:38:24.960 23634 23634 I ThermalEngine: thresholds -18000
03-11 11:38:24.960 23634 23634 I ThermalEngine: thresholds_clr -20000
03-11 11:38:24.960 23634 23634 I ThermalEngine: offsets
03-11 11:38:24.960 23634 23634 I ThermalEngine: sampling 5000
03-11 11:38:24.960 23634 23634 I ThermalEngine: math 3
03-11 11:38:24.960 23634 23634 I ThermalEngine: ambient_value
03-11 11:38:24.960 23634 23634 I ThermalEngine: rise_value
03-11 11:38:24.960  3163  3352 I DisplayBrightnessStrategySelector: Changing the DisplayBrightnessStrategy from ScreenOffBrightnessStrategy to InvalidBrightnessStrategy for display 0
03-11 11:38:24.960  3163  3231 D DisplayManagerService: Ignore redundant display event 1/2 to 10416/7870
03-11 11:38:24.960  3163  3231 D DisplayManagerService: Ignore redundant display event 1/2 to 10310/10834
03-11 11:38:24.960  3163  3231 D DisplayManagerService: Ignore redundant display event 1/2 to 10595/16227
03-11 11:38:24.961  3163  3231 D DisplayManagerService: Ignore redundant display event 1/2 to 10276/28328
03-11 11:38:24.961  2064  2064 I sensors-hal: batch:206, android.sensor.light/51, period=250000000, max_latency=0
03-11 11:38:24.961  2064  2064 I sensors-hal: set_config:61, no need to adjust sample_period_ns due to reporting_mode = 2
03-11 11:38:24.961  2064  2064 I sensors-hal: batch:215, android.sensor.light/51, period=250000000, max_latency=0 request completed
03-11 11:38:24.961  2064  2064 I sensors-hal: activate:173, android.sensor.light/51 en=1
03-11 11:38:24.962  2064  2064 I sensors-hal: get_qmi_debug_flag:239, support_qmi_debug : false
03-11 11:38:24.963  2061  2108 E minksocket: MinkIPC_QRTR_Service: client with node 1 port 7e9b went down
03-11 11:38:24.963  2061  2108 E minksocket: MinkIPC_QRTR_Service: client with node 1 port 7e9c went down
03-11 11:38:24.964  2061  2108 E minksocket: MinkIPC_QRTR_Service: client with node 1 port 7e9d went down
03-11 11:38:24.964  2064  2064 E Diag_Lib: diag: Diag_LSM_Init: invoked for pid: 2064 with init_count: 0
03-11 11:38:24.964  2064  2064 E Diag_Lib: diag:failed to connect to diag socket
03-11 11:38:24.964  2064  2064 E Diag_Lib:  Diag_LSM_Init: Failed to open handle to diag driver, error = 13
03-11 11:38:24.964  2061  2108 E minksocket: MinkIPC_QRTR_Service: client with node 1 port 7e9e went down
03-11 11:38:24.964  2064  2064 I sensors-hal: send_sensor_config_request:463, dt=ambient_light: convert sample_period=250000000 to batch_period=250000
03-11 11:38:24.964  2064  2064 I sensors-hal: send_sync_sensor_request:341, send sync request
03-11 11:38:24.964  2064  2064 I sensors-hal: send_sync_sensor_request:367, wait for notification of response
03-11 11:38:24.965  3163  7496 D WindowManager: mKeyguardDelegate.ShowListener.onDrawn.
03-11 11:38:24.966  2064 23789 I sensors-hal: ssc_conn_resp_cb:632, resp_value = 0
03-11 11:38:24.966  2064  2064 I sensors-hal: send_sync_sensor_request:373, takes 1 ms to receive the response with 0
03-11 11:38:24.966  3163  3229 W WindowManager: Setting mKeyguardDrawComplete
03-11 11:38:24.966  2064  2064 I sensors-hal: activate:184, android.sensor.light/51 en=1 completed
03-11 11:38:24.967  2064  2064 I sensors-hal: batch:206, com.motorola.sensor.alternate_light/65959, period=250000000, max_latency=0
03-11 11:38:24.967  2064  2064 I sensors-hal: set_config:61, no need to adjust sample_period_ns due to reporting_mode = 2
03-11 11:38:24.967  2064  2064 I sensors-hal: batch:215, com.motorola.sensor.alternate_light/65959, period=250000000, max_latency=0 request completed
03-11 11:38:24.968  2064  2064 I sensors-hal: activate:173, com.motorola.sensor.alternate_light/65959 en=1
03-11 11:38:24.968  2064  2064 I sensors-hal: get_qmi_debug_flag:239, support_qmi_debug : false
03-11 11:38:24.970  2061  2108 E minksocket: MinkIPC_QRTR_Service: client with node 1 port 7ea0 went down
03-11 11:38:24.970  2061  2108 E minksocket: MinkIPC_QRTR_Service: client with node 1 port 7ea1 went down
03-11 11:38:24.970  2061  2108 E minksocket: MinkIPC_QRTR_Service: client with node 1 port 7ea2 went down
03-11 11:38:24.971  2064  2064 E Diag_Lib: diag: Diag_LSM_Init: invoked for pid: 2064 with init_count: 0
03-11 11:38:24.971  2064  2064 E Diag_Lib: diag:failed to connect to diag socket
03-11 11:38:24.971  2064  2064 E Diag_Lib:  Diag_LSM_Init: Failed to open handle to diag driver, error = 13
03-11 11:38:24.971  2064  2064 I sensors-hal: send_sensor_config_request:463, dt=ambient_light_1: convert sample_period=250000000 to batch_period=250000
03-11 11:38:24.971  2061  2108 E minksocket: MinkIPC_QRTR_Service: client with node 1 port 7ea3 went down
03-11 11:38:24.971  2064  2064 I sensors-hal: send_sync_sensor_request:341, send sync request
03-11 11:38:24.971  2064  2064 I sensors-hal: send_sync_sensor_request:367, wait for notification of response
03-11 11:38:24.976 23634 23634 I ThermalEngine: Loading configuration file /vendor/etc/thermal-engine-lynkco.conf
03-11 11:38:24.976 23634 23634 I ThermalEngine: Parsing section global
03-11 11:38:24.976 23634 23634 I ThermalEngine: Created section 'REPORT-FRONT'
03-11 11:38:24.976 23634 23634 I ThermalEngine: Algo Type 'monitor'
03-11 11:38:24.976 23634 23634 I ThermalEngine: Parsing section REPORT-FRONT
03-11 11:38:24.976 23634 23634 I ThermalEngine: Found field 'sampling'
03-11 11:38:24.976 23634 23634 I ThermalEngine: Found field 'sensor'
03-11 11:38:24.976 23634 23634 I ThermalEngine: Found field 'thresholds'
03-11 11:38:24.976 23634 23634 I ThermalEngine: Found field 'thresholds_clr'
03-11 11:38:24.976 23634 23634 I ThermalEngine: Found field 'actions'
03-11 11:38:24.976 23634 23634 I ThermalEngine: Found field 'action_info'
03-11 11:38:24.976 23634 23634 I ThermalEngine: Created section 'REPORT-BACK'
03-11 11:38:24.976 23634 23634 I ThermalEngine: Algo Type 'monitor'
03-11 11:38:24.976 23634 23634 I ThermalEngine: Parsing section REPORT-BACK
03-11 11:38:24.976 23634 23634 I ThermalEngine: Found field 'sampling'
03-11 11:38:24.976 23634 23634 I ThermalEngine: Found field 'sensor'
03-11 11:38:24.976 23634 23634 I ThermalEngine: Found field 'thresholds'
03-11 11:38:24.976 23634 23634 I ThermalEngine: Found field 'thresholds_clr'
03-11 11:38:24.976 23634 23634 I ThermalEngine: Found field 'actions'
03-11 11:38:24.976 23634 23634 I ThermalEngine: Found field 'action_info'
03-11 11:38:24.977 23634 23634 I ThermalEngine: Created section 'OVERRIDE-CHG'
03-11 11:38:24.977 23634 23634 I ThermalEngine: Algo Type 'monitor'
03-11 11:38:24.977 23634 23634 I ThermalEngine: Parsing section OVERRIDE-CHG
03-11 11:38:24.977 23634 23634 I ThermalEngine: Found field 'sampling'
03-11 11:38:24.977 23634 23634 I ThermalEngine: Found field 'sensor'
03-11 11:38:24.977 23634 23634 I ThermalEngine: Found field 'thresholds'
03-11 11:38:24.977 23634 23634 I ThermalEngine: Found field 'thresholds_clr'
03-11 11:38:24.977 23634 23634 I ThermalEngine: Found field 'actions'
03-11 11:38:24.977 23634 23634 I ThermalEngine: Found field 'action_info'
03-11 11:38:24.977 23634 23634 I ThermalEngine: Created section 'FREEZE-CHG'
03-11 11:38:24.977 23634 23634 I ThermalEngine: Algo Type 'monitor'
03-11 11:38:24.977 23634 23634 I ThermalEngine: Parsing section FREEZE-CHG
03-11 11:38:24.977 23634 23634 I ThermalEngine: Found field 'sampling'
03-11 11:38:24.977 23634 23634 I ThermalEngine: Found field 'sensor'
03-11 11:38:24.977 23634 23634 I ThermalEngine: Found field 'thresholds'
03-11 11:38:24.977 23634 23634 I ThermalEngine: Found field 'thresholds_clr'
03-11 11:38:24.977 23634 23634 I ThermalEngine: Found field 'actions'
03-11 11:38:24.977 23634 23634 I ThermalEngine: Found field 'action_info'
03-11 11:38:24.977 23634 23634 I ThermalEngine: Created section 'MON-CHG-BATT0'
03-11 11:38:24.977 23634 23634 I ThermalEngine: Algo Type 'monitor'
03-11 11:38:24.977 23634 23634 I ThermalEngine: Parsing section MON-CHG-BATT0
03-11 11:38:24.977 23634 23634 I ThermalEngine: Found field 'sampling'
03-11 11:38:24.977 23634 23634 I ThermalEngine: Found field 'sensor'
03-11 11:38:24.977 23634 23634 I ThermalEngine: Found field 'thresholds'
03-11 11:38:24.977 23634 23634 I ThermalEngine: Found field 'thresholds_clr'
03-11 11:38:24.977 23634 23634 I ThermalEngine: Found field 'actions'
03-11 11:38:24.977 23634 23634 I ThermalEngine: Found field 'action_info'
03-11 11:38:24.977 23634 23634 I ThermalEngine: Found field 'override_c'
03-11 11:38:24.977 23634 23634 I ThermalEngine: Found field 'freezing'
03-11 11:38:24.977 23634 23634 I ThermalEngine: Created section 'MON-CHG-BATT1'
03-11 11:38:24.977 23634 23634 I ThermalEngine: Algo Type 'monitor'
03-11 11:38:24.977 23634 23634 I ThermalEngine: Parsing section MON-CHG-BATT1
03-11 11:38:24.977 23634 23634 I ThermalEngine: Found field 'sampling'
03-11 11:38:24.977 23634 23634 I ThermalEngine: Found field 'sensor'
03-11 11:38:24.977 23634 23634 I ThermalEngine: Found field 'thresholds'
03-11 11:38:24.977 23634 23634 I ThermalEngine: Found field 'thresholds_clr'
03-11 11:38:24.977 23634 23634 I ThermalEngine: Found field 'actions'
03-11 11:38:24.977 23634 23634 I ThermalEngine: Found field 'action_info'
03-11 11:38:24.977 23634 23634 I ThermalEngine: Found field 'override_c'
03-11 11:38:24.977 23634 23634 I ThermalEngine: Found field 'freezing'
03-11 11:38:24.977 23634 23634 I ThermalEngine: Created section 'MON-CHG-BATT-SAFETY'
03-11 11:38:24.977 23634 23634 I ThermalEngine: Algo Type 'monitor'
03-11 11:38:24.977 23634 23634 I ThermalEngine: Parsing section MON-CHG-BATT-SAFETY
03-11 11:38:24.977 23634 23634 I ThermalEngine: Found field 'sampling'
03-11 11:38:24.977 23634 23634 I ThermalEngine: Found field 'sensor'
03-11 11:38:24.977 23634 23634 I ThermalEngine: Found field 'thresholds'
03-11 11:38:24.977 23634 23634 I ThermalEngine: Found field 'thresholds_clr'
03-11 11:38:24.977 23634 23634 I ThermalEngine: Found field 'actions'
03-11 11:38:24.977 23634 23634 I ThermalEngine: Found field 'action_info'
03-11 11:38:24.977 23634 23634 I ThermalEngine: Found field 'freezing'
03-11 11:38:24.977 23634 23634 I ThermalEngine: Created section 'MON-MSM-CPU0'
03-11 11:38:24.977 23634 23634 I ThermalEngine: Algo Type 'monitor'
03-11 11:38:24.977 23634 23634 I ThermalEngine: Parsing section MON-MSM-CPU0
03-11 11:38:24.977 23634 23634 I ThermalEngine: Found field 'sampling'
03-11 11:38:24.977 23634 23634 I ThermalEngine: Found field 'sensor'
03-11 11:38:24.977 23634 23634 I ThermalEngine: Found field 'thresholds'
03-11 11:38:24.977 23634 23634 I ThermalEngine: Found field 'thresholds_clr'
03-11 11:38:24.977 23634 23634 I ThermalEngine: Found field 'actions'
03-11 11:38:24.977 23634 23634 I ThermalEngine: Found field 'action_info'
03-11 11:38:24.977 23634 23634 I ThermalEngine: Created section 'SS-CPU4'
03-11 11:38:24.977  2064 23797 I sensors-hal: ssc_conn_resp_cb:632, resp_value = 0
03-11 11:38:24.977 23634 23634 I ThermalEngine: Algo Type 'ss'
03-11 11:38:24.977 23634 23634 I ThermalEngine: Parsing section SS-CPU4
03-11 11:38:24.977 23634 23634 I ThermalEngine: Found field 'sampling'
03-11 11:38:24.977 23634 23634 I ThermalEngine: Found field 'sensor'
03-11 11:38:24.977 23634 23634 I ThermalEngine: Found field 'set_point'
03-11 11:38:24.977 23634 23634 I ThermalEngine: Found field 'set_point_clr'
03-11 11:38:24.977 23634 23634 I ThermalEngine: Found field 'device'
03-11 11:38:24.977 23634 23634 I ThermalEngine: Found field 'device_max_limit'
03-11 11:38:24.977 23634 23634 I ThermalEngine: Created section 'MON-MSM-CPU4'
03-11 11:38:24.977 23634 23634 I ThermalEngine: Algo Type 'monitor'
03-11 11:38:24.977 23634 23634 I ThermalEngine: Parsing section MON-MSM-CPU4
03-11 11:38:24.977 23634 23634 I ThermalEngine: Found field 'sampling'
03-11 11:38:24.977 23634 23634 I ThermalEngine: Found field 'sensor'
03-11 11:38:24.977 23634 23634 I ThermalEngine: Found field 'thresholds'
03-11 11:38:24.977 23634 23634 I ThermalEngine: Found field 'thresholds_clr'
03-11 11:38:24.977 23634 23634 I ThermalEngine: Found field 'actions'
03-11 11:38:24.977 23634 23634 I ThermalEngine: Found field 'action_info'
03-11 11:38:24.977 23634 23634 I ThermalEngine: Created section 'SS-CPU7'
03-11 11:38:24.977 23634 23634 I ThermalEngine: Algo Type 'ss'
03-11 11:38:24.977 23634 23634 I ThermalEngine: Parsing section SS-CPU7
03-11 11:38:24.977 23634 23634 I ThermalEngine: Found field 'sampling'
03-11 11:38:24.977 23634 23634 I ThermalEngine: Found field 'sensor'
03-11 11:38:24.977 23634 23634 I ThermalEngine: Found field 'set_point'
03-11 11:38:24.977 23634 23634 I ThermalEngine: Found field 'set_point_clr'
03-11 11:38:24.977 23634 23634 I ThermalEngine: Found field 'device'
03-11 11:38:24.977 23634 23634 I ThermalEngine: Found field 'device_max_limit'
03-11 11:38:24.977 23634 23634 I ThermalEngine: Created section 'MON-MSM-CPU7'
03-11 11:38:24.977 23634 23634 I ThermalEngine: Algo Type 'monitor'
03-11 11:38:24.977 23634 23634 I ThermalEngine: Parsing section MON-MSM-CPU7
03-11 11:38:24.977 23634 23634 I ThermalEngine: Found field 'sampling'
03-11 11:38:24.977 23634 23634 I ThermalEngine: Found field 'sensor'
03-11 11:38:24.977 23634 23634 I ThermalEngine: Found field 'thresholds'
03-11 11:38:24.977 23634 23634 I ThermalEngine: Found field 'thresholds_clr'
03-11 11:38:24.977 23634 23634 I ThermalEngine: Found field 'actions'
03-11 11:38:24.977 23634 23634 I ThermalEngine: Found field 'action_info'
03-11 11:38:24.977 23634 23634 I ThermalEngine: Created section 'PAUSE-CPU7'
03-11 11:38:24.977 23634 23634 I ThermalEngine: Algo Type 'monitor'
03-11 11:38:24.977 23634 23634 I ThermalEngine: Parsing section PAUSE-CPU7
03-11 11:38:24.977 23634 23634 I ThermalEngine: Found field 'sampling'
03-11 11:38:24.977 23634 23634 I ThermalEngine: Found field 'sensor'
03-11 11:38:24.977 23634 23634 I ThermalEngine: Found field 'thresholds'
03-11 11:38:24.977 23634 23634 I ThermalEngine: Found field 'thresholds_clr'
03-11 11:38:24.977 23634 23634 I ThermalEngine: Found field 'actions'
03-11 11:38:24.977 23634 23634 I ThermalEngine: Found field 'action_info'
03-11 11:38:24.977 23634 23634 I ThermalEngine: Created section 'SS-GPU'
03-11 11:38:24.977 23634 23634 I ThermalEngine: Algo Type 'ss'
03-11 11:38:24.977 23634 23634 I ThermalEngine: Parsing section SS-GPU
03-11 11:38:24.977 23634 23634 I ThermalEngine: Found field 'sampling'
03-11 11:38:24.977 23634 23634 I ThermalEngine: Found field 'sensor'
03-11 11:38:24.977 23634 23634 I ThermalEngine: Found field 'set_point'
03-11 11:38:24.977 23634 23634 I ThermalEngine: Found field 'set_point_clr'
03-11 11:38:24.977 23634 23634 I ThermalEngine: Found field 'device'
03-11 11:38:24.977 23634 23634 I ThermalEngine: Created section 'MON-SAFETY'
03-11 11:38:24.977 23634 23634 I ThermalEngine: Algo Type 'monitor'
03-11 11:38:24.977 23634 23634 I ThermalEngine: Parsing section MON-SAFETY
03-11 11:38:24.977 23634 23634 I ThermalEngine: Found field 'sampling'
03-11 11:38:24.977 23634 23634 I ThermalEngine: Found field 'sensor'
03-11 11:38:24.977 23634 23634 I ThermalEngine: Found field 'thresholds'
03-11 11:38:24.977 23634 23634 I ThermalEngine: Found field 'thresholds_clr'
03-11 11:38:24.977 23634 23634 I ThermalEngine: Found field 'actions'
03-11 11:38:24.977 23634 23634 I ThermalEngine: Found field 'action_info'
03-11 11:38:24.977 23634 23634 I ThermalEngine: Created section 'MON-SOFTDEV'
03-11 11:38:24.977 23634 23634 I ThermalEngine: Algo Type 'monitor'
03-11 11:38:24.977 23634 23634 I ThermalEngine: Parsing section MON-SOFTDEV
03-11 11:38:24.977 23634 23634 I ThermalEngine: Found field 'sampling'
03-11 11:38:24.977 23634 23634 I ThermalEngine: Found field 'sensor'
03-11 11:38:24.977 23634 23634 I ThermalEngine: Found field 'thresholds'
03-11 11:38:24.977 23634 23634 I ThermalEngine: Found field 'thresholds_clr'
03-11 11:38:24.977 23634 23634 I ThermalEngine: Found field 'actions'
03-11 11:38:24.977 23634 23634 I ThermalEngine: Found field 'action_info'
03-11 11:38:24.977 23634 23634 I ThermalEngine: Created section 'MON-MDM-FR1-1'
03-11 11:38:24.977 23634 23634 I ThermalEngine: Algo Type 'monitor'
03-11 11:38:24.977 23634 23634 I ThermalEngine: Parsing section MON-MDM-FR1-1
03-11 11:38:24.977 23634 23634 I ThermalEngine: Found field 'sampling'
03-11 11:38:24.977 23634 23634 I ThermalEngine: Found field 'sensor'
03-11 11:38:24.977 23634 23634 I ThermalEngine: Found field 'thresholds'
03-11 11:38:24.977 23634 23634 I ThermalEngine: Found field 'thresholds_clr'
03-11 11:38:24.977  2064  2064 I sensors-hal: send_sync_sensor_request:373, takes 6 ms to receive the response with 0
03-11 11:38:24.977 23634 23634 I ThermalEngine: Found field 'actions'
03-11 11:38:24.977 23634 23634 I ThermalEngine: Found field 'action_info'
03-11 11:38:24.977  2064  2064 I sensors-hal: activate:184, com.motorola.sensor.alternate_light/65959 en=1 completed
03-11 11:38:24.977 23634 23634 I ThermalEngine: Created section 'MON-MDM-FR1-2'
03-11 11:38:24.977 23634 23634 I ThermalEngine: Algo Type 'monitor'
03-11 11:38:24.977 23634 23634 I ThermalEngine: Parsing section MON-MDM-FR1-2
03-11 11:38:24.978  5625  5625 I KgdSliceProvider: The weather info has not change, does not need to be updated. mTempF=-999 iconNumber=-999 celsius=true
03-11 11:38:24.978 23634 23634 I ThermalEngine: thresholds_clr 40000
03-11 11:38:24.978 23634 23634 I ThermalEngine: #algo_type monitor
03-11 11:38:24.978 23634 23634 I ThermalEngine: thresholds 115000
03-11 11:38:24.979 23634 23634 I ThermalEngine: thresholds 115000
03-11 11:38:24.979 23634 23634 I ThermalEngine: sampling 10
03-11 11:38:24.979 23634 23634 I ThermalEngine: sensor VIRTUAL-CPU-GOLD-TJ-SHUTDOWN
03-11 11:38:24.979 23634 23634 I ThermalEngine: actions shutdown
03-11 11:38:24.979 23634 23634 I ThermalEngine: #algo_type monitor
03-11 11:38:24.979 23634 23634 I ThermalEngine: [SS-GPU]
03-11 11:38:24.979 23634 23634 I ThermalEngine: algo_type ss
03-11 11:38:24.979 23634 23634 I ThermalEngine: sampling 2000
03-11 11:38:24.979 23634 23634 I ThermalEngine: sensor FUSE_TEMP
03-11 11:38:24.979 23634 23634 I ThermalEngine: device gpu
03-11 11:38:24.979 23634 23634 I ThermalEngine: set_point 49000
03-11 11:38:24.979 23634 23634 I ThermalEngine: set_point_clr 48000
03-11 11:38:24.979 23634 23634 I ThermalEngine: time_constant 0
03-11 11:38:24.979 23634 23634 I ThermalEngine: [SS-CPU7]
03-11 11:38:24.979 23634 23634 I ThermalEngine: algo_type ss
03-11 11:38:24.979  3163  3352 V DisplayPowerController2[0]: Brightness [0.44271973] reason changing to: 'manual', previous reason: 'screen_off'.
03-11 11:38:24.980  3706  3728 I android.hardware.thermal@2.0-service.qti-v2: Sensor Name:GPU0 temp: 48.5. prev severity:0. cur severity:0 New severity:0
03-11 11:38:24.980  3706  3728 I android.hardware.thermal@2.0-service.qti-v2: Sensor Name:GPU1 temp: 47.5. prev severity:0. cur severity:0 New severity:0
03-11 11:38:24.980  3706  3728 I android.hardware.thermal@2.0-service.qti-v2: Sensor Name:nsp0 temp: 49.2. prev severity:0. cur severity:0 New severity:0
03-11 11:38:24.980  3706  3728 I android.hardware.thermal@2.0-service.qti-v2: Sensor Name:nsp1 temp: 49.2. prev severity:0. cur severity:0 New severity:0
03-11 11:38:24.980  3706  3728 I android.hardware.thermal@2.0-service.qti-v2: Sensor Name:nsp2 temp: 49.9. prev severity:0. cur severity:0 New severity:0
03-11 11:38:24.980  3706  3728 I android.hardware.thermal@2.0-service.qti-v2: Sensor Name:CPU0 temp: 58.5. prev severity:0. cur severity:0 New severity:0
03-11 11:38:24.980  3706  3728 I android.hardware.thermal@2.0-service.qti-v2: Sensor Name:CPU1 temp: 60.5. prev severity:0. cur severity:0 New severity:0
03-11 11:38:24.980  3706  3728 I android.hardware.thermal@2.0-service.qti-v2: Sensor Name:CPU2 temp: 58.1. prev severity:0. cur severity:0 New severity:0
03-11 11:38:24.980  3706  3728 I android.hardware.thermal@2.0-service.qti-v2: Sensor Name:CPU3 temp: 59.1. prev severity:0. cur severity:0 New severity:0
03-11 11:38:24.980  3706  3728 I android.hardware.thermal@2.0-service.qti-v2: Sensor Name:CPU4 temp: 59.8. prev severity:0. cur severity:0 New severity:0
03-11 11:38:24.980  3706  3728 I android.hardware.thermal@2.0-service.qti-v2: Sensor Name:CPU5 temp: 60.2. prev severity:0. cur severity:0 New severity:0
03-11 11:38:24.980  3706  3728 I android.hardware.thermal@2.0-service.qti-v2: Sensor Name:CPU6 temp: 60.9. prev severity:0. cur severity:0 New severity:0
03-11 11:38:24.980  3706  3728 I android.hardware.thermal@2.0-service.qti-v2: Sensor Name:CPU7 temp: 55.4. prev severity:0. cur severity:0 New severity:0
03-11 11:38:24.980  3706  3728 I android.hardware.thermal@2.0-service.qti-v2: Sensor Name:nsp0 temp: 49.2. prev severity:0. cur severity:0 New severity:0
03-11 11:38:24.980  3706  3728 I android.hardware.thermal@2.0-service.qti-v2: Sensor Name:nsp1 temp: 49.2. prev severity:0. cur severity:0 New severity:0
03-11 11:38:24.980  3706  3728 I android.hardware.thermal@2.0-service.qti-v2: Sensor Name:nsp2 temp: 50.3. prev severity:0. cur severity:0 New severity:0
03-11 11:38:24.980  3706  3728 I android.hardware.thermal@2.0-service.qti-v2: Sensor Name:GPU0 temp: 48.5. prev severity:0. cur severity:0 New severity:0
03-11 11:38:24.980  3706  3728 I android.hardware.thermal@2.0-service.qti-v2: Sensor Name:GPU1 temp: 47.5. prev severity:0. cur severity:0 New severity:0
03-11 11:38:24.981  3163  3352 I DisplayPowerController2[0]: 03-11 11:38:24.979 - BrightnessEvent: disp=0, physDisp=local:4630947043778501762, displayState=ON, displayPolicy=BRIGHT, brt=0.44271973, initBrt=0.0, rcmdBrt=NaN, preBrt=NaN, lux=NaN, preLux=NaN, brtNits=128.02946, hdrNits=NaN, initNits=3.1465538, preNits=NaN, rcmdNits=NaN, hdrBrightness=NaN, brt(%)=52%, brtInt=113, hbmPolicy=normal, hbmMax=0.85440856, hbmMode=off, rbcStrength=50, thrmMax=1.0, powerFactor=1.0, wasShortTermModelActive=false, flags=invalid_lux , reason=manual, autoBrightness=true, strategy=InvalidBrightnessStrategy, autoBrightnessMode=default
03-11 11:38:24.981  3163  3352 W BoostOptController: not supported hint: 118
03-11 11:38:24.981  7545  7545 I FileStationLog: [ FS_h$a ] - [Display] Changed display: 1
03-11 11:38:24.981  3163  5305 D PowerManagerService: nativeSetPowerMode ret:false mode:9 enabled:false duration ms: 0
03-11 11:38:24.982  2723 10837 E VendorTagDescriptor: lookupTag: Tag name 'support_get_property_2_0' does not exist.
03-11 11:38:24.982  3163  5305 D TouchHwAidlService: setDisplayState: mScreenOff=false
03-11 11:38:24.982  3163  5305 D LocalDisplayAdapter: setDisplayPowerMode mode=2 for display=android.os.BinderProxy@d90d011
03-11 11:38:24.982  3163  3231 I DisplayDeviceRepository: Display device changed state: "Built-in Screen", ON
03-11 11:38:24.984  3163  3231 I InputManager-JNI: Viewport [0] to add: local:4630947043778501762, isActive: true
03-11 11:38:24.984  3163  3231 I InputManager-JNI: Viewport [1] to add: local:4630947043778501763, isActive: false
03-11 11:38:24.984  7545  7545 I FileStationLog: [ FS_h$a ] - [Display] Ignoring change for non-default/desktop display: 1
03-11 11:38:24.985  3163  3352 D BrightnessThermalClamper: Thermal status observer already started
03-11 11:38:24.985  3163  3352 D BrightnessThermalClamper: Thermal status observer already started
03-11 11:38:24.985  3163  3352 D BrightnessThermalClamper: Thermal status observer already started
03-11 11:38:24.985  3163  4285 I InputReader: Reconfiguring input devices, changes=DISPLAY_INFO
03-11 11:38:24.985  3163  4285 I InputReader: Device reconfigured: id=7, name='goodix_ts', size 1080x2640, orientation Rotation0, mode DIRECT, display id 0
03-11 11:38:24.985  3163  4285 I InputReader: Disabling zinitix_mt (device 6) because the associated viewport is not active
03-11 11:38:24.986  3163  3229 D CLI/Transition: displaygroup 0, state ON, pendingdisplaygroup -1
03-11 11:38:24.986  3163  3231 D PanelsService: updateDefaultDisplayState: mScreenState=ON
03-11 11:38:24.987  2067  8157 D AHAL: AudioDevice: SetParameters: 1564: enter: screen_state=on
03-11 11:38:24.987  2067  8157 D AHAL: AudioVoice: VoiceSetParameters: 87: Enter params: screen_state=on
03-11 11:38:24.987  2067  8157 D AHAL: AudioVoice: VoiceSetParameters: 360: Exit ret: 0
03-11 11:38:24.987  2067  8157 D AHAL: FM: fm_set_parameters: 262: Enter
03-11 11:38:24.987  2067  8157 D AHAL: FM: fm_set_parameters: 320: exit
03-11 11:38:24.987  3163  3232 I DisplayDevice: [0] Layerstack set to 0 for local:4630947043778501762 mDisplayToken=android.os.BinderProxy@d90d011 t=Transaction{mNativeObject=-5476376673043675440, mHashCode=0}
03-11 11:38:24.987  2067  8157 D AHAL: AudioDevice: SetParameters: 1625:  - screen = on
03-11 11:38:24.987  2067  8157 I PAL: ResourceManager: setParameter: 8311: Screen State:1
03-11 11:38:24.987  2067  8157 D AHAL: AudioDevice: SetParameters: 2361: exit: screen_state=on
03-11 11:38:24.988  3163  3231 W ServiceManagerCppClient: Failed to get isDeclared for com.motorola.hardware.display.panel.IDisplayPanel/default: Status(-1, EX_SECURITY): 'SELinux denied.'
03-11 11:38:24.988  3163  3231 D DisplayPanelService: Setting panel dc mode: 0
03-11 11:38:24.988  2090  2090 I DisplayPanel: setDcMode: DC mode = OFF
03-11 11:38:24.988  2090  2090 D DisplayPanel: setParam: Success set DC to 0 for Primary display
03-11 11:38:24.988  2067  5073 D AHAL: AudioDevice: SetParameters: 1564: enter: device_folded=off
03-11 11:38:24.988  2067  5073 D AHAL: AudioVoice: VoiceSetParameters: 87: Enter params: device_folded=off
03-11 11:38:24.988  2067  5073 D AHAL: AudioVoice: VoiceSetParameters: 360: Exit ret: 0
03-11 11:38:24.988  2067  5073 D AHAL: FM: fm_set_parameters: 262: Enter
03-11 11:38:24.988  2067  5073 D AHAL: FM: fm_set_parameters: 320: exit
03-11 11:38:24.988  2067  5073 D AHAL: AudioDevice: SetParameters: 2361: exit: device_folded=off
03-11 11:38:24.989  5993  5993 I NearbyDiscovery: (REDACTED) FastPairDisplayObserver: %s -> %s
03-11 11:38:24.989 26976 27604 D MCLOG   : [BrightnessTrigger] onDisplayChanged displayId = 0
03-11 11:38:24.989  5993  8761 I NearbyDiscovery: (REDACTED) PureOffloadFastPairScanner: eventType=%s, isInternalReq=%s, isScanning=%s, isScanningAllowed=%s
03-11 11:38:24.990  5993  8761 I NearbyDiscovery: (REDACTED) ApFastPairScanner: isScreenOn=%s, isLocationEnabled=%s, disableLocationRequirement=%s, isDiscoveryScanningEnabled=%s, during24GhzWifiWarmingUpPeriod=%s
03-11 11:38:24.990  5993  8761 D BluetoothAdapter: isLeEnabled(): ON
03-11 11:38:24.990  5993  8761 I NearbyDiscovery: (REDACTED) ApFastPairScanner: eventType=%s, intReq=%s, scanning=%s, scanAllowed=%s, bleEnabled=%s, lockScanRate=%s, startScanningByLowPowerMode=%s
03-11 11:38:24.991  7545  7545 I FileStationLog: [ FS_h$a ] - [Display] Changed display: 0
03-11 11:38:24.991  7545  7545 I FileStationLog: [ FS_h ] - [Logic] Retrieved display info: LogicDisplayInfo(width=1080, height=2640, orientation=1, rotation=0, displayId=0)
03-11 11:38:24.991  7545  7545 I FileStationLog: [ FS_h$a ] - [Display] New logical size: 1080x2640
03-11 11:38:24.991  7545  7545 I FileStationLog: [ FS_h$a ] - [Display] Screen width unchanged: 1080
03-11 11:38:24.992 26976 27604 D MCLOG   : [BrightnessManager] displayId = 0 brightness = 0.44271973 nit = 128.02946 level = br2
03-11 11:38:24.992  3163  3163 I BrightnessSynchronizer: New Update: {[11530] 0.44271973(f), mUpdatedTypes=0, mConfirmedTypes=0, mTimeUpdated=0, mState=2}
03-11 11:38:24.993  5658  6105 I bt_shim_scanner: system/main/shim/le_scanning_manager.cc:185 Scan: in shim layer stopped
03-11 11:38:24.993  5658  5907 I bluetooth: system/gd/hci/le_address_manager.cc:244 unregister_client: Client unregistered
03-11 11:38:24.993  5658  5907 I bluetooth: system/gd/hci/le_address_manager.cc:248 unregister_client: Cancelled address rotation alarm
03-11 11:38:24.993  5658  6105 W BtGatt.JNI: android/app/jni/com_android_bluetooth_gatt.cpp:1597 gattSetScanParametersNative: gattSetScanParametersNative
03-11 11:38:24.993  5658  6105 I bt_shim_scanner: system/main/shim/le_scanning_manager.cc:363 SetScanParameters: in shim layer, scannerId=1
03-11 11:38:24.993  5658  6105 I bt_shim_scanner: system/main/shim/le_scanning_manager.cc:185 Scan: in shim layer started
03-11 11:38:24.993  5658  5907 I bluetooth: system/gd/hci/le_scanning_manager.cc:690 stop_scan: Scanning already stopped, return!
03-11 11:38:24.993  3163  3227 D TouchHwAidlService: updateDefaultDisplayState: mScreenOn=true
03-11 11:38:24.993  5658  5907 I bluetooth: system/gd/hci/le_address_manager.cc:226 register_client: Scheduled address rotation for first client registered
03-11 11:38:24.993  5658  5907 I bluetooth: system/gd/hci/le_address_manager.cc:229 register_client: Client registered
03-11 11:38:24.994  2068  6060 I vendor.qti.bluetooth@1.0-ibs_handler: ProcessIbsCmd: Received IBS_WAKE_IND: 0xFD
03-11 11:38:24.994  2068  6060 I vendor.qti.bluetooth@1.0-ibs_handler: ProcessIbsCmd: Writing IBS_WAKE_ACK
03-11 11:38:24.994  2064  2064 I sensors-hal: batch:206, android.sensor.light/51, period=200000000, max_latency=0
03-11 11:38:24.994  2064  2064 I sensors-hal: set_config:61, no need to adjust sample_period_ns due to reporting_mode = 2
03-11 11:38:24.994  2064  2064 I sensors-hal: send_sensor_config_request:463, dt=ambient_light: convert sample_period=200000000 to batch_period=200000
03-11 11:38:24.994  2064  2064 I sensors-hal: send_sync_sensor_request:341, send sync request
03-11 11:38:24.994 23634 23811 I ThermalEngine: Monitor:ACTIVE:MON-wireless-charge:wireless_current=1250:BCHG_TEMP=39210
03-11 11:38:24.994  2064  2064 I sensors-hal: send_sync_sensor_request:367, wait for notification of response
03-11 11:38:24.995 23634 23811 E ThermalEngine: Mitigation:WirelessCurrent:1250
03-11 11:38:24.997  2064 23789 I sensors-hal: ssc_conn_resp_cb:632, resp_value = 0
03-11 11:38:24.997  2064 23789 I sensors-hal: handle_indication_realtime:467,  SCHED_FIFO(10) for qmi_cbk
03-11 11:38:24.997  2064 23797 I sensors-hal: handle_indication_realtime:467,  SCHED_FIFO(10) for qmi_cbk
03-11 11:38:24.997  2064  2064 I sensors-hal: send_sync_sensor_request:373, takes 3 ms to receive the response with 0
03-11 11:38:24.998  2064  2064 I sensors-hal: batch:215, android.sensor.light/51, period=200000000, max_latency=0 request completed
03-11 11:38:25.001 26976 27604 D MCLOG   : [BrightnessAction] Data:bri_level_et=173460904 bri_level=br2, update status: success
03-11 11:38:25.002  2300  2300 E Scheduler: trackPendingFrame: Invalid present fence
03-11 11:38:25.004  2300  2300 I BpBinder: onLastStrongRef automatically unlinking death recipients: 
03-11 11:38:25.004  2300  2300 E Scheduler: trackPendingFrame: Invalid present fence
03-11 11:38:25.005  2300  2300 D SurfaceFlinger: Setting power mode 2 on display 4630947043778501762
03-11 11:38:25.005  2300  2300 I Scheduler: Display 4630947043778501762 is the pacesetter
03-11 11:38:25.005  2300  2300 I Scheduler: promotePacesetterDisplayLocked, mAcceptScrollEvent=1
03-11 11:38:25.005  2300  2300 I Scheduler: promotePacesetterDisplayLocked, mAcceptTouchNotBoostEvent=0
03-11 11:38:25.005  2300  2300 D SurfaceFlinger: Setting desired display mode specs: {0, false, PR={p[24.00-120.00]Hz, r[24.00-120.00]Hz}, AR={p[0.00-120.00]Hz, r[0.00-120.00]Hz}} for display 4630947043778501762
03-11 11:38:25.005  2300  2300 I SurfaceFlinger: Switching to Scheduler preferred mode 4 (90.00 Hz) for display 4630947043778501762
03-11 11:38:25.005  2300  2300 D DisplayModeController: setDesiredMode 4630947043778501762 {mode={fps=90.00 Hz, modePtr={id=4, vsyncRate=90.00 Hz, peakRefreshRate=90.00 Hz}}, emitEvent=true, force=false}
03-11 11:38:25.006  2195  2586 I SDM     : DisplayBase::SetDisplayState: Set state = 1, display 57-0, teardown = 0
03-11 11:38:25.006  2195  2586 I SDM     : HWDeviceDRM::NullCommit: Null commit succeeded crtc=141
03-11 11:38:25.023 23634 23812 I ThermalEngine: SS:ACTIVE:SS-CPU7:cpu-cluster2=0:FUSE_TEMP=39136
03-11 11:38:25.036  2068  6060 I vendor.qti.bluetooth@1.0-ibs_handler: ProcessIbsCmd: Received IBS_SLEEP_IND: 0xFE
03-11 11:38:25.048 23634 23812 I ThermalEngine: SS:ACTIVE:SS-CPU4:cpu-cluster1=0:FUSE_TEMP=39096
03-11 11:38:25.062  3163  3229 W WindowManager: All windows drawn on display -1
03-11 11:38:25.062  3163  3229 D WindowManager: finishScreenTurningOn..
03-11 11:38:25.062  3163  3229 D WindowManager: enableScreen mKeyguardDrawnOnce=true awake=true mBootMessageNeedsHiding=false
03-11 11:38:25.075  5727  5727 D QtiCarrierConfigHelper: WARNING, no carrier configs on phone Id: 0
03-11 11:38:25.076  3163  3163 V UiModeManager: updateLocked: null action, mDockState=0, category=null
03-11 11:38:25.076  3163  3163 D UiModeManager: updateConfigurationLocked: mDockState=0; mCarMode=false; mNightMode=com.android.server.UiModeManagerService$1@410d4bd; mNightModeCustomType=-1; uiMode=33
03-11 11:38:25.076  5625  6274 D PowerUI : can't show warning due to - plugged: true status unknown: false
03-11 11:38:25.077  5727  5727 D QtiCarrierConfigHelper: WARNING, no carrier configs on phone Id: 1
03-11 11:38:25.079  2064  4171 D slpi    : tmd2712: Als lux: 139.10, ch0: 4135, ch1: 1402, scale: 1.08, atime:50.04, again:1024
03-11 11:38:25.082 23634 23811 E ThermalEngine: First running, skip
03-11 11:38:25.082 23634 23811 I ThermalEngine: Monitor:ACTIVE:OVERRIDE-CHG:internal_override=1:DETECT-STANDBY=1
03-11 11:38:25.082 23634 23811 I ThermalEngine: ACTION: override_c - Setting override_c to 1
03-11 11:38:25.082 23634 23810 I ThermalEngine: Thermal-Server: Thermal received msg from  override_c
03-11 11:38:25.083 23634 23819 I Thermal-Lib: Thermal-Lib-Client: Client request sent
03-11 11:38:25.110 23634 23811 I ThermalEngine: Monitor:ACTIVE:MON-CHG-BATT1:battery=5:BCHG_TEMP=39162
03-11 11:38:25.121 23634 23811 I ThermalEngine: Monitor:ACTIVE:MON-CHG-BATT0:battery=6:BCHG_TEMP=39174
03-11 11:38:25.130  2064  4171 D slpi    : tmd2712: Als lux: 92.30, ch0: 3064, ch1: 1268, scale: 1.08, atime:50.04, again:1024
03-11 11:38:25.157  2064  4171 D slpi-TCS3720: ALS_REPORT lux 68.656830, ch0 39.103252-25.439760-14.016162-8.293694, scale 1.1878, fps 90, client 1
03-11 11:38:25.157  2064  4171 D slpi-TCS3720: PRX_OC info Far, Total 0, pdata 0, offset 0 step 0.63, ore 0:0 step 21.00, TH_H 1020, TH_L 0, client 0
03-11 11:38:25.166  3163  3163 V UiModeManager: updateLocked: null action, mDockState=0, category=null
03-11 11:38:25.166  3163  3163 D UiModeManager: updateConfigurationLocked: mDockState=0; mCarMode=false; mNightMode=com.android.server.UiModeManagerService$1@410d4bd; mNightModeCustomType=-1; uiMode=33
03-11 11:38:25.166  5727  5727 D QtiCarrierConfigHelper: WARNING, no carrier configs on phone Id: 0
03-11 11:38:25.167  5727  5727 D QtiCarrierConfigHelper: WARNING, no carrier configs on phone Id: 1
03-11 11:38:25.197  2163  2163 D SENSOREXT_ALS_COMP: FrontLight: no calculate, ReportLux 68.66, dbv 0
03-11 11:38:25.218  2195  2586 I SDM     : PipeAllocSdma2::CalculatePipeNumToDedicate: num_vig: 0, num_dma: 1
03-11 11:38:25.219  2195  2586 I SDM     : DisplayBase::SetDisplayState: active 1-1 state 1-1 pending_power_state_ 0
03-11 11:38:25.220  2300  2300 D SurfaceFlinger: Finished setting power mode 2 on display 4630947043778501762
03-11 11:38:25.220  2300  2300 D RefreshRateSelector: found  TouchBoostRefreshRate: {fps=90.00 Hz, modePtr={id=4, vsyncRate=90.00 Hz, peakRefreshRate=90.00 Hz}}
03-11 11:38:25.220  2300  2300 D RefreshRateSelector: found  ScrollBoostRefreshRate: {fps=120.00 Hz, modePtr={id=0, vsyncRate=120.00 Hz, peakRefreshRate=120.00 Hz}}
03-11 11:38:25.220  2300  2300 D RefreshRateSelector: [90:120:0]: mTouchBoostRefreshRateAvailable=1, mScrollBoostRefreshRateAvailable=1, mTouchOnBlankNotBoostRefreshRateAvailable=0
03-11 11:38:25.221  3163  5305 D SurfaceControl: Excessive delay in setPowerMode()
03-11 11:38:25.221  3163  5305 W ServiceManagerCppClient: Failed to get isDeclared for com.motorola.hardware.display.panel.IDisplayPanel/default: Status(-1, EX_SECURITY): 'SELinux denied.'
03-11 11:38:25.221  3163  5305 D DisplayPanelService: Setting panel dc mode: 0
03-11 11:38:25.222  2090  2090 I DisplayPanel: setDcMode: DC mode = OFF
03-11 11:38:25.222  2090  2090 D DisplayPanel: setParam: Success set DC to 0 for Primary display
03-11 11:38:25.223  2064  4171 I slpi-MOT_HINGE: Hingeposture 180.0 tent:0 gpio:-1 flip:1 flat:1 b:-0.4 1.2 9.7 75.7 1.3 -67.0 f:-0.5 6.0 7.7 -652.1 -34.0 -66.2
03-11 11:38:25.227  3163  3229 D CLI/Transition: displaygroup 0, state ON, pendingdisplaygroup -1
03-11 11:38:25.229 26976 27604 D MCLOG   : [BrightnessTrigger] onDisplayChanged displayId = 0
03-11 11:38:25.231  2067  5073 D AHAL: AudioDevice: SetParameters: 1564: enter: screen_state=on
03-11 11:38:25.231  2067  5073 D AHAL: AudioVoice: VoiceSetParameters: 87: Enter params: screen_state=on
03-11 11:38:25.231  2067  5073 D AHAL: AudioVoice: VoiceSetParameters: 360: Exit ret: 0
03-11 11:38:25.231  2067  5073 D AHAL: FM: fm_set_parameters: 262: Enter
03-11 11:38:25.231  2067  5073 D AHAL: FM: fm_set_parameters: 320: exit
03-11 11:38:25.231  2067  5073 D AHAL: AudioDevice: SetParameters: 1625:  - screen = on
03-11 11:38:25.231  2067  5073 I PAL: ResourceManager: setParameter: 8311: Screen State:1
03-11 11:38:25.231  2067  5073 D AHAL: AudioDevice: SetParameters: 2361: exit: screen_state=on
03-11 11:38:25.231  2300  2300 E Scheduler: trackPendingFrame: Invalid present fence
03-11 11:38:25.231 26976 27604 D MCLOG   : [BrightnessManager] displayId = 0 brightness = 0.44271973 nit = 128.02946 level = br2
03-11 11:38:25.235  3163  3352 D BrightnessThermalClamper: Thermal status observer already started
03-11 11:38:25.237  3163  3352 V DisplayPowerController2[0]: Brightness [0.39389166] reason changing to: 'automatic', previous reason: 'manual'.
03-11 11:38:25.237  3163  3231 I DeviceStateManagerService: Cannot notify device state info change when pending state is present.
03-11 11:38:25.238  3163  3352 I DisplayPowerController2[0]: 03-11 11:38:25.237 - BrightnessEvent: disp=0, physDisp=local:4630947043778501762, displayState=ON, displayPolicy=BRIGHT, brt=0.39389166, initBrt=0.44271973, rcmdBrt=0.39389166, preBrt=NaN, lux=68.625, preLux=NaN, brtNits=100.36575, hdrNits=NaN, initNits=128.02946, preNits=NaN, rcmdNits=100.36575, hdrBrightness=NaN, brt(%)=46%, brtInt=101, hbmPolicy=normal, hbmMax=0.85440856, hbmMode=off, rbcStrength=50, thrmMax=1.0, powerFactor=1.0, wasShortTermModelActive=false, flags=, reason=automatic, autoBrightness=true, strategy=InvalidBrightnessStrategy, autoBrightnessMode=default
03-11 11:38:25.239  3163  3229 D CLI/SmallCLI: onDeviceLidStateChanged: state=OPEN
03-11 11:38:25.239  3163  3231 I LogicalDisplayMapper: Requesting Transition to state: 5, from state=4, interactive=true, mBootCompleted=true
03-11 11:38:25.240  3163  3231 I LogicalDisplayMapper: Applying layout: [{dispId: 0(ON), displayGroupName: , addr: {port=130, model=0x40446dccee101c}, mThermalBrightnessThrottlingMapId: null, mRefreshRateZoneId: null, mLeadDisplayId: -1, mLeadDisplayAddress: null, mThermalRefreshRateThrottlingMapId: null, mPowerThrottlingMapId: null}], Previous layout: [{dispId: 0(ON), displayGroupName: , addr: {port=130, model=0x40446dccee101c}, mThermalBrightnessThrottlingMapId: null, mRefreshRateZoneId: null, mLeadDisplayId: -1, mLeadDisplayAddress: null, mThermalRefreshRateThrottlingMapId: null, mPowerThrottlingMapId: null}]
03-11 11:38:25.241  3163  3352 D BrightnessThermalClamper: Thermal status observer already started
03-11 11:38:25.242  3163  3163 I BrightnessSynchronizer: New Update: {[11531] 0.39389166(f), mUpdatedTypes=1, mConfirmedTypes=0, mTimeUpdated=0, mState=2}
03-11 11:38:25.242  3163  3163 I BrightnessSynchronizer: [11531] New Update 0.39389166(f) set brightness values:  101(i)
03-11 11:38:25.242  2300  2449 I SurfaceFlinger: mBrightnessDiming=1, isCli=0, mBrightnessDimingCnt=0
03-11 11:38:25.242  3163  3163 I BrightnessSynchronizer: Swallowing update of 101(i) by update: {[11531] 0.39389166(f), mUpdatedTypes=1, mConfirmedTypes=1, mTimeUpdated=100821934, mState=2}
03-11 11:38:25.242  3163  3163 I BrightnessSynchronizer: Completed Update: {[11531] 0.39389166(f), mUpdatedTypes=1, mConfirmedTypes=1, mTimeUpdated=100821934, mState=3}
03-11 11:38:25.243  3163  3352 D BrightnessThermalClamper: Thermal status observer already started
03-11 11:38:25.243  3163  3352 W BoostOptController: not supported hint: 118
03-11 11:38:25.245  3163  3163 I BrightnessSynchronizer: New Update: {[11532] 0.39389166(f), mUpdatedTypes=0, mConfirmedTypes=0, mTimeUpdated=0, mState=2}
03-11 11:38:25.245  3163  3227 D TouchHwAidlService: onStateChanged.. state=5
03-11 11:38:25.246  7545  7545 I FileStationLog: [ FS_h$a ] - [Display] Changed display: 0
03-11 11:38:25.246  7545  7545 I FileStationLog: [ FS_h ] - [Logic] Retrieved display info: LogicDisplayInfo(width=1080, height=2640, orientation=1, rotation=0, displayId=0)
03-11 11:38:25.246  7545  7545 I FileStationLog: [ FS_h$a ] - [Display] New logical size: 1080x2640
03-11 11:38:25.246  7545  7545 I FileStationLog: [ FS_h$a ] - [Display] Screen width unchanged: 1080
03-11 11:38:25.253  3163  4279 I CLI/Transition_Device: lid state changed: OPEN -> OPEN, device state changed to OPEN
03-11 11:38:25.256  3163  3352 I WindowManager: Display 0 turned on...
03-11 11:38:25.257  5625  6677 D PowerUI : can't show warning due to - plugged: true status unknown: false
03-11 11:38:25.262  7545  7545 I FileStationLog: [ FS_h$a ] - [Display] Changed display: 1
03-11 11:38:25.262  3163  3352 W PowerManagerService: Screen on took 466 ms
03-11 11:38:25.263  5493  5493 I WallpaperService: engine resumed
03-11 11:38:25.263  3163  3352 D BrightnessThermalClamper: Thermal status observer already started
03-11 11:38:25.263  3163  3352 D BrightnessThermalClamper: Thermal status observer already started
03-11 11:38:25.265  3163  3229 V WindowManager: Content Recording: Display 1 state was (1), is now (1), so update recording?
03-11 11:38:25.265  3163  3229 D CLI/Transition: displaygroup 1, state OFF, pendingdisplaygroup -1
03-11 11:38:25.266  2064  2064 I sensors-hal: batch:206, android.sensor.accelerometer/11, period=20000000, max_latency=0
03-11 11:38:25.266  2064  2064 I sensors-hal: set_config:57, sample_period_ns is adjusted to 20000000 based on min/max delay_ns
03-11 11:38:25.266  2064  2064 I sensors-hal: send_sensor_config_request:395, resampler is used, set resampler config
03-11 11:38:25.266  2064  2064 I sensors-hal: send_sync_sensor_request:341, send sync request
03-11 11:38:25.266  2064  2064 I sensors-hal: send_sync_sensor_request:367, wait for notification of response
03-11 11:38:25.267  3163  3163 I WindowManager: Finished waking up... (groupId=0 why=ON_BECAUSE_OF_USER) pmWakeReason=WAKE_REASON_LID
03-11 11:38:25.268  2064  5194 I sensors-hal: ssc_conn_resp_cb:632, resp_value = 0
