03-11 11:42:34.992  3163  4132 W WindowManager: win is null client=android.os.BinderProxy@45a7c30
03-11 11:42:34.993  3163  3231 W AccessibilityWindowsPopulator: The displayInfo of this displayId (0) called back from the surface fligner is null
03-11 11:42:34.996 10834 10834 W WindowTokenClientController: Can't find attached WindowTokenClient for android.window.WindowTokenClient@33b8584
03-11 11:42:34.996 10834 10834 I AbstractOpenableExtension: AbstractOpenableExtension$3.onSuccess():552 KeyboardGroupManager destroyed in ezz.
03-11 11:42:34.997 10834 10834 I AbstractOpenableExtension: AbstractOpenableExtension$3.onSuccess():552 KeyboardGroupManager destroyed in hme.
03-11 11:42:34.997 10834 10834 I AbstractOpenableExtension: AbstractOpenableExtension$3.onSuccess():552 KeyboardGroupManager destroyed in hjj.
03-11 11:42:34.998 10834 10834 I AppBase : AppBase.onTrimMemory():427 onTrimMemory(): 40
03-11 11:42:34.998 10834 10834 I KeyboardDefCache: MemoryFileCache$1.onTrimMemory():124 clearMemory() for trim memory: 40
03-11 11:42:34.998 10834 10834 I KeyboardDefCache: MemoryFileCache.clearMemory():408 evictAll()
03-11 11:42:35.000 10834 11184 I HWUI    : setGrContext validptr-->nullptr
03-11 11:42:35.003  2064  4171 D slpi    : tmd2712: Als lux: 269.10, ch0: 8368, ch1: 3101, scale: 1.08, atime:50.04, again:1024
03-11 11:42:35.006 28996 28996 V MoEngage: 1ZKWEBQESWF9VZJ6ZN5K8803 Core_ApplicationLifecycleObserver onPause() : 
03-11 11:42:35.006 28996 28996 V MoEngage: 1ZKWEBQESWF9VZJ6ZN5K8803 Core_ApplicationLifecycleObserver onStop() : 
03-11 11:42:35.007 28996 28996 V MoEngage: 1ZKWEBQESWF9VZJ6ZN5K8803 Core_TaskHandlerImpl submit() : Job with tag APP_CLOSE added to queue
03-11 11:42:35.007 28996 29158 I Apptentive: [SDK Queue] [EVENT] Engaged event: com.apptentive#app#exit
03-11 11:42:35.007 28996 29040 V MoEngage: 1ZKWEBQESWF9VZJ6ZN5K8803 Core_ApplicationLifecycleHandler onAppClose() : 
03-11 11:42:35.009 28996 29068 V MoEngage: 1ZKWEBQESWF9VZJ6ZN5K8803 InApp_8.8.0_InAppController onAppBackground() : 
03-11 11:42:35.009 28996 29068 V MoEngage: 1ZKWEBQESWF9VZJ6ZN5K8803 InApp_8.8.0_InAppController cancelScheduledCampaigns(): will try to cancel the scheduled in-app campaigns
03-11 11:42:35.009 28996 29068 V MoEngage: 1ZKWEBQESWF9VZJ6ZN5K8803 InApp_8.8.0_ViewEngineUtils removeViewOnAppBackgroundIfRequired() : 
03-11 11:42:35.009 28996 29068 V MoEngage: 1ZKWEBQESWF9VZJ6ZN5K8803 InApp_8.8.0_ViewEngineUtils removeViewOnAppBackgroundIfRequired() : platform type is not tv
03-11 11:42:35.009 28996 29068 V MoEngage: 1ZKWEBQESWF9VZJ6ZN5K8803 Core_TaskHandlerImpl execute() : Job with tag TEST_IN_APP_EVENT_SYNC_TASK added to queue
03-11 11:42:35.009 28996 29068 V MoEngage: 1ZKWEBQESWF9VZJ6ZN5K8803 Core_TaskHandlerImpl canAddJobToQueue() : Job with tag INAPP_UPLOAD_STATS_TASK can be added to queue? false
03-11 11:42:35.009 28996 29068 V MoEngage: 1ZKWEBQESWF9VZJ6ZN5K8803 Core_TaskHandlerImpl execute() : Job with tag INAPP_UPLOAD_STATS_TASK added to queue
03-11 11:42:35.009 28996 29041 V MoEngage: 1ZKWEBQESWF9VZJ6ZN5K8803 InApp_8.8.0_TestInAppHelper batchAndSyncData(): Batch and Sync Test InApp Data
03-11 11:42:35.010 28996 29041 V MoEngage: 1ZKWEBQESWF9VZJ6ZN5K8803 Core_Utils hasStorageEncryptionRequirementsMet(): check passed? true
03-11 11:42:35.010 28996 29068 V MoEngage: 1ZKWEBQESWF9VZJ6ZN5K8803 Core_TaskHandlerImpl canAddJobToQueue() : Job with tag CARDS_SYNC_DELETED_CARDS_TASK can be added to queue? false
03-11 11:42:35.010 28996 29068 V MoEngage: 1ZKWEBQESWF9VZJ6ZN5K8803 Core_TaskHandlerImpl execute() : Job with tag CARDS_SYNC_DELETED_CARDS_TASK added to queue
03-11 11:42:35.010 28996 29041 V MoEngage: 1ZKWEBQESWF9VZJ6ZN5K8803 Core_Utils isUserRegistered(): User registration is not enabled, the check is not required.
03-11 11:42:35.010 28996 29041 V MoEngage: 1ZKWEBQESWF9VZJ6ZN5K8803 InApp_8.8.0_InAppRepository isModuleEnabled() : true
03-11 11:42:35.010 28996 29041 V MoEngage: 1ZKWEBQESWF9VZJ6ZN5K8803 InApp_8.8.0_TestInAppHelper createAndSaveBatches() : Create batches for TestInApp Data
03-11 11:42:35.010 28996 29041 V MoEngage: 1ZKWEBQESWF9VZJ6ZN5K8803 InApp_8.8.0_InAppRepository getTestInAppMetaData(): Fetching Test InApp Meta Data
03-11 11:42:35.010 28996 29041 V MoEngage: 1ZKWEBQESWF9VZJ6ZN5K8803 InApp_8.8.0_LocalRepositoryImpl getTestInAppMeta() : TestInApp Data: null
03-11 11:42:35.010 28996 29041 V MoEngage: 1ZKWEBQESWF9VZJ6ZN5K8803 createAndSaveBatches() : Test InApp Meta is Null
03-11 11:42:35.010 28996 29041 V MoEngage: 1ZKWEBQESWF9VZJ6ZN5K8803 Core_Utils hasStorageEncryptionRequirementsMet(): check passed? true
03-11 11:42:35.010 28996 29041 V MoEngage: 1ZKWEBQESWF9VZJ6ZN5K8803 Core_Utils isUserRegistered(): User registration is not enabled, the check is not required.
03-11 11:42:35.010 28996 29041 V MoEngage: 1ZKWEBQESWF9VZJ6ZN5K8803 InApp_8.8.0_InAppRepository isModuleEnabled() : true
03-11 11:42:35.010 28996 29041 V MoEngage: 1ZKWEBQESWF9VZJ6ZN5K8803 InApp_8.8.0_TestInAppHelper syncData() : Sync TestInApp Data
03-11 11:42:35.010 28996 29041 V MoEngage: 1ZKWEBQESWF9VZJ6ZN5K8803 InApp_8.8.0_LocalRepositoryImpl getBatchedData() : 
03-11 11:42:35.011 28996 29041 V MoEngage: 1ZKWEBQESWF9VZJ6ZN5K8803 InApp_8.8.0_TestInAppHelper syncData() : Nothing found to send.
03-11 11:42:35.011 28996 29041 V MoEngage: 1ZKWEBQESWF9VZJ6ZN5K8803 Core_TaskHandlerImpl onJobComplete() : Job with tag TEST_IN_APP_EVENT_SYNC_TASK removed from the queue
03-11 11:42:35.012 28996 29075 V MoEngage: 1ZKWEBQESWF9VZJ6ZN5K8803 Core_Utils hasStorageEncryptionRequirementsMet(): check passed? true
03-11 11:42:35.012 28996 29075 V MoEngage: 1ZKWEBQESWF9VZJ6ZN5K8803 Core_Utils isUserRegistered(): User registration is not enabled, the check is not required.
03-11 11:42:35.012 28996 29075 V MoEngage: 1ZKWEBQESWF9VZJ6ZN5K8803 InApp_8.8.0_InAppRepository isModuleEnabled() : true
03-11 11:42:35.012 28996 29075 V MoEngage: 1ZKWEBQESWF9VZJ6ZN5K8803 InApp_8.8.0_DeliveryLogger isStatsLoggingEnabled() : true
03-11 11:42:35.012 28996 29075 V MoEngage: 1ZKWEBQESWF9VZJ6ZN5K8803 InApp_8.8.0_DeliveryLogger writeStatsToStorage() : Not stats to store
03-11 11:42:35.012 28996 29075 V MoEngage: 1ZKWEBQESWF9VZJ6ZN5K8803 InApp_8.8.0_InAppRepository uploadStats() : 
03-11 11:42:35.012 28996 29075 V MoEngage: 1ZKWEBQESWF9VZJ6ZN5K8803 Core_Utils hasStorageEncryptionRequirementsMet(): check passed? true
03-11 11:42:35.012 28996 29075 V MoEngage: 1ZKWEBQESWF9VZJ6ZN5K8803 Core_Utils isUserRegistered(): User registration is not enabled, the check is not required.
03-11 11:42:35.012 28996 29075 V MoEngage: 1ZKWEBQESWF9VZJ6ZN5K8803 InApp_8.8.0_InAppRepository isModuleEnabled() : true
03-11 11:42:35.012 28996 29075 V MoEngage: 1ZKWEBQESWF9VZJ6ZN5K8803 InApp_8.8.0_InAppRepository uploadStats() : Not pending batches
03-11 11:42:35.012 28996 29075 V MoEngage: 1ZKWEBQESWF9VZJ6ZN5K8803 Core_TaskHandlerImpl onJobComplete() : Job with tag INAPP_UPLOAD_STATS_TASK removed from the queue
03-11 11:42:35.021 28996 29040 D MoEngage: 1ZKWEBQESWF9VZJ6ZN5K8803 Core_EventHandler trackEvent(): { Event: {"name":"MOE_APP_EXIT","attributes":{"EVENT_ATTRS":"{}","EVENT_G_TIME":"1773243755020","EVENT_L_TIME":"11:3:2026:11:42:35","EVENT_ACTION":"MOE_APP_EXIT"},"time":1773243755020,"isInteractiveEvent":true}} 
03-11 11:42:35.021 28996 29040 V MoEngage: 1ZKWEBQESWF9VZJ6ZN5K8803 Core_Utils hasStorageEncryptionRequirementsMet(): check passed? true
03-11 11:42:35.021 28996 29040 V MoEngage: 1ZKWEBQESWF9VZJ6ZN5K8803 Core_Utils isUserRegistered(): User registration is not enabled, the check is not required.
03-11 11:42:35.022 28996 29040 V MoEngage: 1ZKWEBQESWF9VZJ6ZN5K8803 InApp_8.8.0_TriggeredInAppHandler showTriggeredInAppIfPossible() : Event{name='MOE_APP_EXIT', attributes={"EVENT_ATTRS":"{}","EVENT_G_TIME":"1773243755020","EVENT_L_TIME":"11:3:2026:11:42:35","EVENT_ACTION":"MOE_APP_EXIT"}, isInteractiveEvent=true}
03-11 11:42:35.022 28996 29040 V MoEngage: 1ZKWEBQESWF9VZJ6ZN5K8803 Core_TaskHandlerImpl submit() : Job with tag TAG_TRG_EVL_EVENT_EVALUATION added to queue
03-11 11:42:35.022 28996 29040 V MoEngage: 1ZKWEBQESWF9VZJ6ZN5K8803 Core_AnalyticsHandler onEventTracked() : Will update last interaction time if required. Datapoint: {"EVENT_ATTRS":"{}","EVENT_G_TIME":"1773243755020","EVENT_L_TIME":"11:3:2026:11:42:35","EVENT_ACTION":"MOE_APP_EXIT"}
03-11 11:42:35.022 28996 29040 V MoEngage: 1ZKWEBQESWF9VZJ6ZN5K8803 Core_Utils isUserRegistered(): User registration is not enabled, the check is not required.
03-11 11:42:35.022 28996 29040 V MoEngage: 1ZKWEBQESWF9VZJ6ZN5K8803 Core_Notifier onEventTracked() : Even: Event{name='MOE_APP_EXIT', attributes={"EVENT_ATTRS":"{}","EVENT_G_TIME":"1773243755020","EVENT_L_TIME":"11:3:2026:11:42:35","EVENT_ACTION":"MOE_APP_EXIT"}, isInteractiveEvent=true}
03-11 11:42:35.022 28996 29040 V MoEngage: 1ZKWEBQESWF9VZJ6ZN5K8803 Core_ActionNotifier onEventTracked() : Data: {eventName=MOE_APP_EXIT, eventAttributes={"EVENT_ATTRS":"{}","EVENT_G_TIME":"1773243755020","EVENT_L_TIME":"11:3:2026:11:42:35","EVENT_ACTION":"MOE_APP_EXIT"}, eventAttributeTransformed={}, isInteractive=true, datapoint={"EVENT_ATTRS":"{}","EVENT_G_TIME":"1773243755020","EVENT_L_TIME":"11:3:2026:11:42:35","EVENT_ACTION":"MOE_APP_EXIT"}}
03-11 11:42:35.022 28996 29040 V MoEngage: 1ZKWEBQESWF9VZJ6ZN5K8803 Core_ActionNotifier notifyObservers() : Notifying observers - ActionData(action=EVENT_TRACKED, shouldHandleSync=true, data={eventName=MOE_APP_EXIT, eventAttributes={"EVENT_ATTRS":"{}","EVENT_G_TIME":"1773243755020","EVENT_L_TIME":"11:3:2026:11:42:35","EVENT_ACTION":"MOE_APP_EXIT"}, eventAttributeTransformed={}, isInteractive=true, datapoint={"EVENT_ATTRS":"{}","EVENT_G_TIME":"1773243755020","EVENT_L_TIME":"11:3:2026:11:42:35","EVENT_ACTION":"MOE_APP_EXIT"}})
03-11 11:42:35.023 28996 29040 V MoEngage: 1ZKWEBQESWF9VZJ6ZN5K8803 Core_Utils hasStorageEncryptionRequirementsMet(): check passed? true
03-11 11:42:35.023 28996 29040 V MoEngage: 1ZKWEBQESWF9VZJ6ZN5K8803 Core_Utils isUserRegistered(): User registration is not enabled, the check is not required.
03-11 11:42:35.023 28996 29040 V MoEngage: 1ZKWEBQESWF9VZJ6ZN5K8803 Core_LocalRepositoryImpl addEvent() Event 
03-11 11:42:35.023 28996 29040 V MoEngage: : {
03-11 11:42:35.023 28996 29040 V MoEngage:     "EVENT_ATTRS": "{}",
03-11 11:42:35.023 28996 29040 V MoEngage:     "EVENT_G_TIME": "1773243755020",
03-11 11:42:35.023 28996 29040 V MoEngage:     "EVENT_L_TIME": "11:3:2026:11:42:35",
03-11 11:42:35.023 28996 29040 V MoEngage:     "EVENT_ACTION": "MOE_APP_EXIT"
03-11 11:42:35.023 28996 29040 V MoEngage: }
03-11 11:42:35.025 28996 29068 V MoEngage: 1ZKWEBQESWF9VZJ6ZN5K8803 Core_TaskHandlerImpl canAddJobToQueue() : Job with tag CARDS_SYNC_STATS_TASK can be added to queue? false
03-11 11:42:35.025 28996 29068 V MoEngage: 1ZKWEBQESWF9VZJ6ZN5K8803 Core_TaskHandlerImpl execute() : Job with tag CARDS_SYNC_STATS_TASK added to queue
03-11 11:42:35.025 28996 29075 V MoEngage: 1ZKWEBQESWF9VZJ6ZN5K8803 CardsCore_2.4.0_CardRepository syncCardStats() : Will sync stats now
03-11 11:42:35.026 28996 29075 V MoEngage: 1ZKWEBQESWF9VZJ6ZN5K8803 Core_Utils hasStorageEncryptionRequirementsMet(): check passed? true
03-11 11:42:35.026 28996 29075 V MoEngage: 1ZKWEBQESWF9VZJ6ZN5K8803 Core_Utils isUserRegistered(): User registration is not enabled, the check is not required.
03-11 11:42:35.026 28996 29075 V MoEngage: 1ZKWEBQESWF9VZJ6ZN5K8803 CardsCore_2.4.0_CardRepository isModuleEnabled() : isEnabled? true
03-11 11:42:35.026 28996 29075 V MoEngage: 1ZKWEBQESWF9VZJ6ZN5K8803 CardsCore_2.4.0_CardRepository syncCardStats() : Will sync stats for ids: []
03-11 11:42:35.026 28996 29075 V MoEngage: 1ZKWEBQESWF9VZJ6ZN5K8803 Core_TaskHandlerImpl onJobComplete() : Job with tag CARDS_SYNC_STATS_TASK removed from the queue
03-11 11:42:35.033 28996 29158 I Apptentive: [SDK Queue] [INTERACTIONS] Criteria evaluated => true
03-11 11:42:35.040 28996 29040 V MoEngage: 1ZKWEBQESWF9VZJ6ZN5K8803 Core_EventHandler trackEvent() : Cache counter 1
03-11 11:42:35.040 28996 29040 V MoEngage: 1ZKWEBQESWF9VZJ6ZN5K8803 Core_AnalyticsHandler onAppClose() : 
03-11 11:42:35.040 28996 29040 V MoEngage: 1ZKWEBQESWF9VZJ6ZN5K8803 Core_Utils isUserRegistered(): User registration is not enabled, the check is not required.
03-11 11:42:35.041 28996 29040 V MoEngage: 1ZKWEBQESWF9VZJ6ZN5K8803 Core_TaskHandlerImpl onJobComplete() : Job with tag APP_CLOSE removed from the queue
03-11 11:42:35.041 28996 29040 V MoEngage: 1ZKWEBQESWF9VZJ6ZN5K8803 TriggerEvaluator_1.4.0_CampaignHandler onEventPerformed() : event = Event{name='MOE_APP_EXIT', attributes={"EVENT_ATTRS":"{}","EVENT_G_TIME":"1773243755020","EVENT_L_TIME":"11:3:2026:11:42:35","EVENT_ACTION":"MOE_APP_EXIT"}, isInteractiveEvent=true}
03-11 11:42:35.041 28996 29040 V MoEngage: 1ZKWEBQESWF9VZJ6ZN5K8803 TriggerEvaluator_1.4.0_ModuleCacheManager isEvaluationPathAvailable() : module = IN_APP
03-11 11:42:35.041 28996 29040 V MoEngage: 1ZKWEBQESWF9VZJ6ZN5K8803 TriggerEvaluator_1.4.0_CampaignHandler onEventPerformed() : processing event EnrichedEvent(name=MOE_APP_EXIT, attributes={"sdkVersion":"130600","os":"ANDROID","appVersion":"1700004567","appVersionName":"8.2.5"})
03-11 11:42:35.041 28996 29040 V MoEngage: 1ZKWEBQESWF9VZJ6ZN5K8803 TriggerEvaluator_1.4.0_CampaignHandler processEventForPrimaryCondition() : 
03-11 11:42:35.041 28996 29040 V MoEngage: 1ZKWEBQESWF9VZJ6ZN5K8803 TriggerEvaluator_1.4.0_ModuleCacheManager getCampaignsForPrimaryEvent() : module = IN_APP, event = MOE_APP_EXIT
03-11 11:42:35.041 28996 29040 V MoEngage: 1ZKWEBQESWF9VZJ6ZN5K8803 TriggerEvaluator_1.4.0_CampaignHandler processEventForPrimaryCondition() : processing primary campaigns 
03-11 11:42:35.041 28996 29040 V MoEngage: 1ZKWEBQESWF9VZJ6ZN5K8803 TriggerEvaluator_1.4.0_CampaignHandler processEventForSecondaryCondition() : 
03-11 11:42:35.041 28996 29040 V MoEngage: 1ZKWEBQESWF9VZJ6ZN5K8803 TriggerEvaluator_1.4.0_ModuleCacheManager getCampaignsForSecondaryEvent() : module = IN_APP, event = MOE_APP_EXIT
03-11 11:42:35.041 28996 29040 V MoEngage: 1ZKWEBQESWF9VZJ6ZN5K8803 TriggerEvaluator_1.4.0_CampaignHandler onEventPerformed() : Event{name='MOE_APP_EXIT', attributes={"EVENT_ATTRS":"{}","EVENT_G_TIME":"1773243755020","EVENT_L_TIME":"11:3:2026:11:42:35","EVENT_ACTION":"MOE_APP_EXIT"}, isInteractiveEvent=true} evaluation completed
03-11 11:42:35.041 28996 29040 V MoEngage: 1ZKWEBQESWF9VZJ6ZN5K8803 Core_TaskHandlerImpl onJobComplete() : Job with tag TAG_TRG_EVL_EVENT_EVALUATION removed from the queue
03-11 11:42:35.042 28996 29954 V MoEngage: 1ZKWEBQESWF9VZJ6ZN5K8803 CardsCore_2.4.0_CardRepository syncDeletedCards() : Will sync deleted cards.
03-11 11:42:35.043 28996 29954 V MoEngage: 1ZKWEBQESWF9VZJ6ZN5K8803 Core_Utils hasStorageEncryptionRequirementsMet(): check passed? true
03-11 11:42:35.043 28996 29954 V MoEngage: 1ZKWEBQESWF9VZJ6ZN5K8803 Core_Utils isUserRegistered(): User registration is not enabled, the check is not required.
03-11 11:42:35.043 28996 29954 V MoEngage: 1ZKWEBQESWF9VZJ6ZN5K8803 CardsCore_2.4.0_CardRepository isModuleEnabled() : isEnabled? true
03-11 11:42:35.043 28996 29954 V MoEngage: 1ZKWEBQESWF9VZJ6ZN5K8803 CardsCore_2.4.0_CardRepository syncDeletedCards() : No cards to delete.
03-11 11:42:35.043 28996 29954 V MoEngage: 1ZKWEBQESWF9VZJ6ZN5K8803 Core_TaskHandlerImpl onJobComplete() : Job with tag CARDS_SYNC_DELETED_CARDS_TASK removed from the queue
03-11 11:42:35.053  2064  4171 D slpi    : tmd2712: Als lux: 305.50, ch0: 9313, ch1: 3322, scale: 1.08, atime:50.04, again:1024
03-11 11:42:35.056  3163  6975 D CompatChangeReporter: Compat change id reported: 311402873; UID 10631; state: ENABLED
03-11 11:42:35.056  3163  6975 D CompatChangeReporter: Compat change id reported: 323349338; UID 10631; state: ENABLED
03-11 11:42:35.065  3163  7496 W JobInfo : Job 'com.buffalowildwings.blazinrewards/com.salesforce.marketingcloud.MCService#3000' has a deadline with no functional constraints. The deadline won't improve job execution latency. Consider removing the deadline.
03-11 11:42:35.254 10834 10847 W SP      : File ref is being finalized but wasn't closed, file: 7a635888cb828dfa2fc744b7b9b50f04[535]
03-11 11:42:35.257 10834 10847 W SP      : File ref is being finalized but wasn't closed, file: 2020031023_en[1245]
03-11 11:42:35.257 10834 10847 W SP      : File ref is being finalized but wasn't closed, file: 2020031023_en[1245]
03-11 11:42:35.257 10834 10847 W SP      : File ref is being finalized but wasn't closed, file: 2020031023_en[1245]
03-11 11:42:35.257 10834 10847 W SP      : File ref is being finalized but wasn't closed, file: 2020031023_en[1245]
03-11 11:42:35.268  5625  5625 I KeyguardTransitionRepository: FINISHED transition: TransitionStep(from=GONE, to=DOZING, value=1.0, transitionState=FINISHED, ownerName=FromGoneTransitionInteractor(Sleep transition triggered))
03-11 11:42:35.284  2064  4171 D slpi-MOT_HALL: Flip send data : 0, State: far
03-11 11:42:35.284  2064  4173 I sensors-hal: handle_sns_client_event:365, mot_flip_event: now=173711188642187 hal ts=173711187914272, MOT_FLIP_STATE_OPEN, count=1273.0, cause=0.0, fwreg 1
03-11 11:42:35.284  2064  4171 E slpi    : MOT_GPIO_FLIP kernel state gpio unset
03-11 11:42:35.284  2064  4173 I sensors-hal: sns_device_mode_init:227, sns_device_mode_init Start
03-11 11:42:35.284  2064  4173 I android.hardware.sensors@2.1-service.multihal: vendor/qcom/proprietary/adsprpc/src/fastrpc_apps_user.c:1553: remote_handle64_open: Successfully opened handle 0x1aeb1910 for '":;./\createstaticpd:sensorspd&_dom=adsp on domain 0
03-11 11:42:35.284  3163  3231 I DeviceStateManagerService: Cannot notify device state info change when pending state is present.
03-11 11:42:35.287  2064  4173 I android.hardware.sensors@2.1-service.multihal: vendor/qcom/proprietary/adsprpc/src/fastrpc_perf.c:273: fastrpc_perf_init: enabled systrace 0x0 and RPC traces (kernel 0, dsp 0) with frequency 1000
03-11 11:42:35.287  3163  3227 D TouchHwAidlService: onStateChanged.. state=1
03-11 11:42:35.287  2064 29959 I android.hardware.sensors@2.1-service.multihal: vendor/qcom/proprietary/adsprpc/src/listener_android.c:116: listener thread starting
03-11 11:42:35.287  2064 29960 I android.hardware.sensors@2.1-service.multihal: vendor/qcom/proprietary/adsprpc/src/log_config.c:348: file_watcher_thread starting for domain 0
03-11 11:42:35.287  2064 29960 W android.hardware.sensors@2.1-service.multihal: vendor/qcom/proprietary/adsprpc/src/log_config.c:358:file_watcher_thread: Couldn't find file android.hardware.sensors@2.1-service.multihal.farf, errno (No such file or directory)
03-11 11:42:35.287  3163  3229 D CLI/SmallCLI: onDeviceLidStateChanged: state=CLOSED
03-11 11:42:35.289  2064 29959 I android.hardware.sensors@2.1-service.multihal: vendor/qcom/proprietary/adsprpc/src/mod_table.c:703: open_mod_table_open_from_static: reverse module apps_std opened with handle 0x450dfe00 (idx 0)
03-11 11:42:35.289  2064 29959 I android.hardware.sensors@2.1-service.multihal: vendor/qcom/proprietary/adsprpc/src/apps_std_imp.c:860: Successfully opened file /vendor/dsp/adsp/libsns_device_mode_skel.so
03-11 11:42:35.290  3163  3231 I LogicalDisplayMapper: Requesting Transition to state: 1, from state=0, interactive=false, mBootCompleted=true
03-11 11:42:35.290  3163  3231 I LogicalDisplayMapper: Applying layout: [{dispId: 0(ON), displayGroupName: , addr: {port=130, model=0x40446dccee101c}, mThermalBrightnessThrottlingMapId: null, mRefreshRateZoneId: null, mLeadDisplayId: -1, mLeadDisplayAddress: null, mThermalRefreshRateThrottlingMapId: null, mPowerThrottlingMapId: null}], Previous layout: [{dispId: 0(ON), displayGroupName: , addr: {port=130, model=0x40446dccee101c}, mThermalBrightnessThrottlingMapId: null, mRefreshRateZoneId: null, mLeadDisplayId: -1, mLeadDisplayAddress: null, mThermalRefreshRateThrottlingMapId: null, mPowerThrottlingMapId: null}]
03-11 11:42:35.290  3163  3231 D CLI/Rotation: Set volume keyswap sysprop for rotation 0 lidState CLOSED
03-11 11:42:35.296  2064  4173 E android.hardware.sensors@2.1-service.multihal: vendor/qcom/proprietary/adsprpc/src/fastrpc_apps_user.c:1491: Error 0x80000406: remote_handle_open_domain: dynamic loading failed for file:///libsns_device_mode_skel.so?sns_device_mode_skel_handle_invoke&_modver=1.0&_dom=adsp on domain 0 (dlerror segment 0 failed hash verification(0x34DC000 B)) (errno Success)
03-11 11:42:35.296  2064  4173 E android.hardware.sensors@2.1-service.multihal: vendor/qcom/proprietary/adsprpc/src/fastrpc_apps_user.c:1550: Error 0x80000406: remote_handle64_open failed for file:///libsns_device_mode_skel.so?sns_device_mode_skel_handle_invoke&_modver=1.0&_dom=adsp (errno Success)
03-11 11:42:35.296  2064  4173 I sensors-hal: sns_device_mode_init:262, sns_device_mode_init End
03-11 11:42:35.296  2064  4173 E sensors-hal: sendDeviceMode:287, mot_flip: one or mode handles unopened: dm 0 rpc 1
03-11 11:42:35.297  2064  4173 E android.hardware.sensors@2.1-service.multihal: vendor/qcom/proprietary/adsprpc/src/fastrpc_apps_user.c:1366: Error 0x80000600: remote_handle_invoke failed for handle 0x0, method 1 on domain 0 (sc 0x1010200) (errno Success)
03-11 11:42:35.297  2064  4173 E android.hardware.sensors@2.1-service.multihal: vendor/qcom/proprietary/adsprpc/src/fastrpc_apps_user.c:1575: Error 0x80000600: remote_handle_close failed for handle 0x0 (dlerr \) (errno Success)
03-11 11:42:35.297  2064  4173 I android.hardware.sensors@2.1-service.multihal: vendor/qcom/proprietary/adsprpc/src/fastrpc_apps_user.c:2737: domain_deinit for domain 0: dev 68
03-11 11:42:35.298  3163  4279 I CLI/Transition_Device: lid state changed: CLOSED -> OPEN, device state changed to CLOSED
03-11 11:42:35.299  2064 29959 E android.hardware.sensors@2.1-service.multihal: vendor/qcom/proprietary/adsprpc/src/fastrpc_apps_user.c:3516: exit_thread current process1 thread exit nErr = 0x8000040d domain 0, handle 0xb400007d1aeb1910
03-11 11:42:35.299  2064 29960 W android.hardware.sensors@2.1-service.multihal: vendor/qcom/proprietary/adsprpc/src/log_config.c:368:Warning: file_watcher_thread received exit for domain 0, file android.hardware.sensors@2.1-service.multihal.farf
03-11 11:42:35.299  2064 29960 I android.hardware.sensors@2.1-service.multihal: vendor/qcom/proprietary/adsprpc/src/log_config.c:415: file_watcher_thread exiting for domain 0
03-11 11:42:35.299  3163  4279 D CLI/Transition_Lid: update lid state OPEN
03-11 11:42:35.300  2064  4173 I android.hardware.sensors@2.1-service.multihal: vendor/qcom/proprietary/adsprpc/src/mod_table.c:789: open_mod_table_close: closed reverse module apps_std with handle 0x450dfe00
03-11 11:42:35.301  2064  4173 E android.hardware.sensors@2.1-service.multihal: vendor/qcom/proprietary/adsprpc/src/fastrpc_apps_user.c:1614: Error 0x80000600: remote_handle64_close failed for handle 0xb400007d1aeb1910 remote handle 0x0 (errno Success)
03-11 11:42:35.303  5625  5669 V WindowManagerShell: Transition requested (#8000): android.os.BinderProxy@c873d20 TransitionRequestInfo { type = SLEEP, triggerTask = null, pipTask = null, remoteTransition = null, displayChange = null, flags = 0, debugId = 8000 }
03-11 11:42:35.303  3163  3227 V WindowManager: Sent Transition (#8000) createdAt=03-11 11:42:35.302 via request=TransitionRequestInfo { type = SLEEP, triggerTask = null, pipTask = null, remoteTransition = null, displayChange = null, flags = 0, debugId = 8000 }
03-11 11:42:35.303  3163  3227 V WindowManager:     startWCT=null
03-11 11:42:35.303  3163  3227 V WindowManager:     info={id=8000 t=SLEEP f=0x40 trk=0 r=[] c=[]}
03-11 11:42:35.304  6461  6564 I Capsense_Cal: Sensor GetEvents event_count==1
03-11 11:42:35.304  6461  6564 D Capsense_Cal: SensorThread sensorEvents
03-11 11:42:35.304  6461  6564 D Capsense_Cal: Capsensor hallEventHandler sensorEvents->data[0]==1.000000
03-11 11:42:35.304  6461  6564 D Capsense_Cal: start cal : /sys/class/capsense/capsense1/reset, msg: flip_far
03-11 11:42:35.304  3163  6975 W Transition: Transition already started id=8000 state=2
03-11 11:42:35.304  5625 11445 V WindowManagerShell: onTransitionReady(transaction=13584982046429)
03-11 11:42:35.305  5625  5669 V WindowManagerShell: onTransitionReady (#8000) android.os.BinderProxy@c873d20: {id=8000 t=SLEEP f=0x40 trk=0 r=[] c=[]}
03-11 11:42:35.305  5625  5669 V WindowManagerShell: No transition roots in (#8000) android.os.BinderProxy@c873d20@0 so abort
03-11 11:42:35.306  5625  5669 V WindowManagerShell: Transition animation finished (aborted=true), notifying core (#8000) android.os.BinderProxy@c873d20@0
03-11 11:42:35.307  2067  8157 D AHAL: AudioDevice: SetParameters: 1564: enter: cli_state=open
03-11 11:42:35.307  2067  8157 D AHAL: AudioVoice: VoiceSetParameters: 87: Enter params: cli_state=open
03-11 11:42:35.307  2067  8157 D AHAL: AudioVoice: VoiceSetParameters: 360: Exit ret: 0
03-11 11:42:35.307  2067  8157 D AHAL: FM: fm_set_parameters: 262: Enter
03-11 11:42:35.307  2067  8157 D AHAL: FM: fm_set_parameters: 320: exit
03-11 11:42:35.307  2067  8157 D AHAL: AudioDevice: SetParameters: 2361: exit: cli_state=open
03-11 11:42:35.308  3163  4279 W InputDispatcher: Focused display #0 does not have a focused window.
03-11 11:42:35.308  3163  4279 E InputDispatcher: But another display has a focused window
03-11 11:42:35.308  3163  4279 E InputDispatcher:   FocusedWindows:
03-11 11:42:35.308  3163  4279 E InputDispatcher:     displayId=1, name='2b129fe Venus-Home'
03-11 11:42:35.309  6344  6344 I WindowController: window interactive state updated to false
03-11 11:42:35.309  3163  3227 D TouchHwAidlService: onTapToWakeSettingsChanged isAmbientDisplayAvailable=1 aodEnable=true singleTapEnable=true doubleTapEnable=true lidState=1 callers=com.motorola.server.display.TouchHwAidlService.-$$Nest$monTapToWakeSettingsChanged:0 com.motorola.server.display.TouchHwAidlService$4.onChange:573 android.database.ContentObserver.onChange:184 
03-11 11:42:35.309  3163  3227 D TouchHwAidlService: enableTapWake mode=33 displayId=0 mGestureStowMode=true
03-11 11:42:35.309  3163  3231 W AccessibilityWindowsPopulator: The displayInfo of this displayId (0) called back from the surface fligner is null
03-11 11:42:35.309  7314  7314 D GameMode: mCLIStatusReceiver: 1
03-11 11:42:35.309  2106  2106 I motorola.hardware.display.touch-service: Setting Gesture to 33
03-11 11:42:35.309  7314  7314 D GameMode: exiting game mode
03-11 11:42:35.309  2723 10837 I CameraService: Previous DeviceState : 4 New DeviceState : 0
03-11 11:42:35.310  3163  3227 D TouchHwAidlService: setGestureModeHal done mode=33 newMode=33 result=0
03-11 11:42:35.310  6461  6564 D Capsense_Cal: start cal : /sys/class/capsense/capsense0/reset, msg: flip_far
03-11 11:42:35.310  3163  3227 D TouchHwAidlService: enableTapWake mode=33 displayId=1 mGestureStowMode=true
03-11 11:42:35.310  3163  3227 D TouchHwAidlService: transfer mode=33 transMode=32 cli=true
03-11 11:42:35.310  2106  2106 I motorola.hardware.display.touch-service: Setting CLI Gesture to 32
03-11 11:42:35.310  2186  2186 I CamxPrvdr@2.7-legacy: notifyDeviceStateChange: New device state: 0x0
03-11 11:42:35.310  2186  2186 I CamxComm1.0-CamModule: notifyDeviceStateChange: calling notify_device_state_change with state 0
03-11 11:42:35.310  2186  2186 D CamX    : [DEBUG][HAL    ] camxhal3module.cpp:411 NotifyDeviceStateChange() New Device State: 0
03-11 11:42:35.310  3163  3227 D TouchHwAidlService: setCliGestureModeHal done mode=33 newMode=32 result=0
03-11 11:42:35.310  3163  3227 D TouchHwAidlService: enableTapWake mode=49 displayId=-1 mGestureStowMode=true
03-11 11:42:35.310  2106  2106 I motorola.hardware.display.touch-service: Setting Gesture to 49
03-11 11:42:35.311  3163  3227 D TouchHwAidlService: setGestureModeHal done mode=49 newMode=49 result=0
03-11 11:42:35.311  3163  3227 D TouchHwAidlService: transfer mode=49 transMode=48 cli=true
03-11 11:42:35.311  2106  2106 I motorola.hardware.display.touch-service: Setting CLI Gesture to 48
03-11 11:42:35.311  5625  5669 V WindowManagerShell: Track 0 became idle
03-11 11:42:35.311  5625  5669 V WindowManagerShell: All active transition animations finished
03-11 11:42:35.312  3163  3227 D TouchHwAidlService: setCliGestureModeHal done mode=49 newMode=48 result=0
03-11 11:42:35.313  3163  3227 V WindowManager: Finish Transition (#8000): created at 03-11 11:42:35.302 collect-started=0.034ms request-sent=0.093ms started=0.4ms ready=0.398ms sent=0.539ms finished=8.18ms
03-11 11:42:35.313  3163  6975 W UserManagerService: Requested status bar icon for non-badged user 0
03-11 11:42:35.314  5625  5625 D SCliNotifPanelController: onLidOpen
03-11 11:42:35.314  5625  5625 V SmallCli_WindowController: state=SmallCli window State {
03-11 11:42:35.314  5625  5625 V SmallCli_WindowController:   mBrightnessVisible: false
03-11 11:42:35.314  5625  5625 V SmallCli_WindowController:   mDynamicPanelVisible: false
03-11 11:42:35.314  5625  5625 V SmallCli_WindowController:   mFlashLightPrompt: false
03-11 11:42:35.314  5625  5625 V SmallCli_WindowController:   mHeadsUpPanelVisible: false
03-11 11:42:35.314  5625  5625 V SmallCli_WindowController:   mKeyguardOccluded: false
03-11 11:42:35.314  5625  5625 V SmallCli_WindowController:   mLidOpen: true
03-11 11:42:35.314  5625  5625 V SmallCli_WindowController:   mNotificationVisible: false
03-11 11:42:35.314  5625  5625 V SmallCli_WindowController:   mPowerMenuVisible: false
03-11 11:42:35.314  5625  5625 V SmallCli_WindowController:   mQsVisible: false
03-11 11:42:35.314  5625  5625 V SmallCli_WindowController:   mVolumeVisible: false
03-11 11:42:35.314  5625  5625 V SmallCli_WindowController: }
03-11 11:42:35.316  7314  7314 D GameMode: isFeatureSupported: true
03-11 11:42:35.319  2061  2108 E minksocket: MinkIPC_QRTR_Service: client with node 1 port 4089 went down
03-11 11:42:35.319  2061  2108 E minksocket: MinkIPC_QRTR_Service: client with node 1 port 408d went down
03-11 11:42:35.319  2061  2108 E minksocket: MinkIPC_QRTR_Service: client with node 1 port 4091 went down
03-11 11:42:35.319  2061  2108 E minksocket: MinkIPC_QRTR_Service: client with node 1 port 407b went down
03-11 11:42:35.319  2064  2064 I sensors-hal: batch:206, com.motorola.sensor.tap/65988, period=66667000, max_latency=0
03-11 11:42:35.320  2064  2064 I sensors-hal: set_config:57, sample_period_ns is adjusted to 0 based on min/max delay_ns
03-11 11:42:35.320  2064  2064 I sensors-hal: batch:215, com.motorola.sensor.tap/65988, period=66667000, max_latency=0 request completed
03-11 11:42:35.320  2064  2064 I sensors-hal: activate:173, com.motorola.sensor.tap/65988 en=1
03-11 11:42:35.320  2064  2064 I sensors-hal: get_qmi_debug_flag:239, support_qmi_debug : false
03-11 11:42:35.322  7314  7314 D GameMode: isFeatureSupported: true
03-11 11:42:35.323  3163  4279 D CLI/Transition_Lid: started waiting for displaygroup 1 off. needMove:false, wakeForContinuityAtWill:false
03-11 11:42:35.323  3163  4279 I PowerGroup: Sleeping power group (groupId=1, uid=1000, reason=lid_switch)...
03-11 11:42:35.323  3163  4279 D PowerManagerService: ignore setGlobalWakefulnessLocked 0 due to lid state change.
03-11 11:42:35.323  7314  7314 D GameMode: reset : false
03-11 11:42:35.324  3163  6987 W AccessibilityWindowsPopulator: The displayInfo of this displayId (0) called back from the surface fligner is null
03-11 11:42:35.325  2061  2108 E minksocket: MinkIPC_QRTR_Service: client with node 1 port 409f went down
03-11 11:42:35.326  2061  2108 E minksocket: MinkIPC_QRTR_Service: client with node 1 port 40a0 went down
03-11 11:42:35.327  3163  3352 E SensorManager: sensor or listener is null
03-11 11:42:35.327  2061  2108 E minksocket: MinkIPC_QRTR_Service: client with node 1 port 40a1 went down
03-11 11:42:35.327  2064  2064 E Diag_Lib: diag: Diag_LSM_Init: invoked for pid: 2064 with init_count: 0
03-11 11:42:35.327  2064  2064 E Diag_Lib: diag:failed to connect to diag socket
03-11 11:42:35.327  2064  2064 E Diag_Lib:  Diag_LSM_Init: Failed to open handle to diag driver, error = 13
03-11 11:42:35.327  2061  2108 E minksocket: MinkIPC_QRTR_Service: client with node 1 port 40a2 went down
03-11 11:42:35.328  2064  2064 I sensors-hal: send_sync_sensor_request:341, send sync request
03-11 11:42:35.328  2064  2064 I sensors-hal: send_sync_sensor_request:367, wait for notification of response
03-11 11:42:35.330  2064  4171 I slpi-MOT_HINGE: Hingeposture   0.0 tent:0 gpio:-1 flip:1 flat:1 b:2.4 2.2 9.3 81.8 81.8 -10.1 f:2.2 -2.1 -9.3 40.4 -82.0 6.7
03-11 11:42:35.332  3163  6975 D FileUtils: Rounded bytes from 7725268992 to 8000000000
03-11 11:42:35.334  3163  6975 D FileUtils: Rounded bytes from 7725268992 to 8000000000
03-11 11:42:35.336  2064 29966 I sensors-hal: ssc_conn_resp_cb:632, resp_value = 0
03-11 11:42:35.336  2064  2064 I sensors-hal: send_sync_sensor_request:373, takes 8 ms to receive the response with 0
03-11 11:42:35.336  2064  2064 I sensors-hal: activate:184, com.motorola.sensor.tap/65988 en=1 completed
03-11 11:42:35.336 29965 29965 I ThermalEngine: Throttling daemon started
03-11 11:42:35.336 29965 29965 E ThermalEngine: config_info path not found: /sys/module/msm_thermal/config_info
03-11 11:42:35.336 29965 29965 I ThermalEngine: Using device config file '/vendor/etc/thermal-engine-lynkco.conf'
03-11 11:42:35.337  2064  2064 I sensors-hal: batch:206, com.motorola.sensor.alternate_light/65959, period=250000000, max_latency=0
03-11 11:42:35.337  2064  2064 I sensors-hal: set_config:61, no need to adjust sample_period_ns due to reporting_mode = 2
03-11 11:42:35.337  2064  2064 I sensors-hal: batch:215, com.motorola.sensor.alternate_light/65959, period=250000000, max_latency=0 request completed
03-11 11:42:35.337  2064  2064 I sensors-hal: activate:173, com.motorola.sensor.alternate_light/65959 en=1
03-11 11:42:35.337  2064  2064 I sensors-hal: get_qmi_debug_flag:239, support_qmi_debug : false
03-11 11:42:35.337  2061  2108 E minksocket: MinkIPC_QRTR_Service: client with node 1 port 40a4 went down
03-11 11:42:35.338  2061  2108 E minksocket: MinkIPC_QRTR_Service: client with node 1 port 40a6 went down
03-11 11:42:35.338  6344  6675 D Surface : Surface::disconnect
03-11 11:42:35.338  6344  6675 D BufferQueueProducer: [Venus-Home#95337(BLAST Consumer)pid:6344](id:18c800000274,api:1,p:6344,c:6344) disconnect: api 1
03-11 11:42:35.338  2061  2108 E minksocket: MinkIPC_QRTR_Service: client with node 1 port 40a7 went down
03-11 11:42:35.338  2064  2064 E Diag_Lib: diag: Diag_LSM_Init: invoked for pid: 2064 with init_count: 0
03-11 11:42:35.338  2064  2064 E Diag_Lib: diag:failed to connect to diag socket
03-11 11:42:35.338  2064  2064 E Diag_Lib:  Diag_LSM_Init: Failed to open handle to diag driver, error = 13
03-11 11:42:35.338  2061  2108 E minksocket: MinkIPC_QRTR_Service: client with node 1 port 40a9 went down
03-11 11:42:35.338  2064  2064 I sensors-hal: send_sensor_config_request:463, dt=ambient_light_1: convert sample_period=250000000 to batch_period=250000
03-11 11:42:35.338  2064  2064 I sensors-hal: send_sync_sensor_request:341, send sync request
03-11 11:42:35.338  2064  2064 I sensors-hal: send_sync_sensor_request:367, wait for notification of response
03-11 11:42:35.339  7314  7314 D GameMode: isFeatureSupported: true
03-11 11:42:35.340  3163  7496 W InputManager-JNI: Input channel object '[Gesture Monitor] moto_actions_input_channel (client)' was disposed without first being removed with the input manager!
03-11 11:42:35.341  2064 29968 I sensors-hal: ssc_conn_resp_cb:632, resp_value = 0
03-11 11:42:35.341  2064  2064 I sensors-hal: send_sync_sensor_request:373, takes 2 ms to receive the response with 0
03-11 11:42:35.341  2064  2064 I sensors-hal: activate:184, com.motorola.sensor.alternate_light/65959 en=1 completed
03-11 11:42:35.342  3163  3352 I DisplayPowerController2[1]: 03-11 11:42:35.341 - BrightnessEvent: disp=1, physDisp=local:4630947043778501763, displayState=ON, displayPolicy=OFF, brt=0.33650547, initBrt=0.33650547, rcmdBrt=NaN, preBrt=NaN, lux=NaN, preLux=NaN, brtNits=102.72446, hdrNits=NaN, initNits=102.72446, preNits=NaN, rcmdNits=NaN, hdrBrightness=NaN, brt(%)=44%, brtInt=86, hbmPolicy=normal, hbmMax=0.7660316, hbmMode=off, rbcStrength=-1, thrmMax=1.0, powerFactor=1.0, wasShortTermModelActive=false, flags=invalid_lux , reason=manual, autoBrightness=true, strategy=InvalidBrightnessStrategy, autoBrightnessMode=default
03-11 11:42:35.342  3163  3352 I DisplayPowerController2[1]: Blocking screen off
03-11 11:42:35.342  3163  3352 I WindowManager: Display 1 turning off...
03-11 11:42:35.342  3163  3352 I DisplayPowerController2[1]: Unblocked screen off after 0 ms
03-11 11:42:35.342  3163  3352 I WindowManager: Display1 turned off...
03-11 11:42:35.343  3163  3229 D CLI/SmallCLI: onScreenTurnedOff: 
03-11 11:42:35.343  3163  3352 I DisplayBrightnessStrategySelector: Changing the DisplayBrightnessStrategy from InvalidBrightnessStrategy to ScreenOffBrightnessStrategy for display 1
03-11 11:42:35.343  2064  2064 I sensors-hal: activate:173, com.motorola.sensor.alternate_light/65959 en=0
03-11 11:42:35.343  2061  2108 E minksocket: MinkIPC_QRTR_Service: client with node 1 port 40aa went down
03-11 11:42:35.344  2064  2064 I sensors-hal: activate:184, com.motorola.sensor.alternate_light/65959 en=0 completed
03-11 11:42:35.345  3163  3352 V DisplayPowerController2[1]: Brightness [0.0] reason changing to: 'screen_off', previous reason: 'manual'.
03-11 11:42:35.345  3163  3352 I DisplayPowerController2[1]: 03-11 11:42:35.345 - BrightnessEvent: disp=1, physDisp=local:4630947043778501763, displayState=OFF, displayPolicy=OFF, brt=0.0, initBrt=0.33650547, rcmdBrt=NaN, preBrt=NaN, lux=0.0, preLux=0.0, brtNits=3.3701954, hdrNits=NaN, initNits=102.72446, preNits=NaN, rcmdNits=NaN, hdrBrightness=NaN, brt(%)=0%, brtInt=1, hbmPolicy=normal, hbmMax=0.7660316, hbmMode=off, rbcStrength=-1, thrmMax=1.0, powerFactor=1.0, wasShortTermModelActive=false, flags=, reason=screen_off, autoBrightness=true, strategy=ScreenOffBrightnessStrategy, autoBrightnessMode=default
03-11 11:42:35.346  2723 10837 E VendorTagDescriptor: lookupTag: Tag name 'support_get_property_2_0' does not exist.
03-11 11:42:35.348  3163  5308 D TouchHwAidlService: setCliDisplayState: mCliScreenOff=true
03-11 11:42:35.348  3163  5308 D TouchHwAidlService: onTapToWakeSettingsChanged isAmbientDisplayAvailable=1 aodEnable=true singleTapEnable=true doubleTapEnable=true lidState=1 callers=com.motorola.server.display.TouchHwAidlService.setCliDisplayState:554 com.motorola.server.MotoExtHwService$MotoExtHwManagerInternal.setCliDisplayState:454 com.android.server.display.LocalDisplayAdapter$LocalDisplayDevice$1.setDisplayState:1082 
03-11 11:42:35.348  3163  5308 D TouchHwAidlService: enableTapWake mode=33 displayId=0 mGestureStowMode=true
03-11 11:42:35.349  2106  2106 I motorola.hardware.display.touch-service: Setting Gesture to 33
03-11 11:42:35.349  3163  5308 D TouchHwAidlService: setGestureModeHal done mode=33 newMode=33 result=0
03-11 11:42:35.349  3163  5308 D TouchHwAidlService: enableTapWake mode=33 displayId=1 mGestureStowMode=true
03-11 11:42:35.349  3163  5308 D TouchHwAidlService: transfer mode=33 transMode=32 cli=true
03-11 11:42:35.349  3163  3231 I DisplayDeviceRepository: Display device changed state: "HDMI Screen", OFF
03-11 11:42:35.349  2106  2106 I motorola.hardware.display.touch-service: Setting CLI Gesture to 32
03-11 11:42:35.350  3163  5308 D TouchHwAidlService: setCliGestureModeHal done mode=33 newMode=32 result=0
03-11 11:42:35.350  3163  5308 D TouchHwAidlService: enableTapWake mode=49 displayId=-1 mGestureStowMode=true
03-11 11:42:35.350  2106  2106 I motorola.hardware.display.touch-service: Setting Gesture to 49
03-11 11:42:35.350  3163  3231 I InputManager-JNI: Viewport [0] to add: local:4630947043778501762, isActive: false
03-11 11:42:35.350  3163  3231 I InputManager-JNI: Viewport [1] to add: local:4630947043778501763, isActive: false
03-11 11:42:35.350  3163  3163 I BrightnessSynchronizer: New Update: {[11578] 0.39856958(f), mUpdatedTypes=0, mConfirmedTypes=0, mTimeUpdated=0, mState=2}
03-11 11:42:35.350  3163  3227 D TouchHwAidlService: updateCliDisplayState: mCliScreenOn=false
03-11 11:42:35.350  3163  5308 D TouchHwAidlService: setGestureModeHal done mode=49 newMode=49 result=0
03-11 11:42:35.350  3163  5308 D TouchHwAidlService: transfer mode=49 transMode=48 cli=true
03-11 11:42:35.350  2106  2106 I motorola.hardware.display.touch-service: Setting CLI Gesture to 48
03-11 11:42:35.350  3163  5308 D TouchHwAidlService: setCliGestureModeHal done mode=49 newMode=48 result=0
03-11 11:42:35.351  3163  5843 E WindowManager: Dream packageName does not match active dream. Package com.google.android.gsf does not match ComponentInfo{com.android.systemui/com.android.systemui.doze.DozeService}
03-11 11:42:35.351  3163  5843 E WindowManager: Dream packageName does not match active dream. Package com.google.android.gms does not match ComponentInfo{com.android.systemui/com.android.systemui.doze.DozeService}
03-11 11:42:35.351  3163  3229 D ActivityTaskManager: Top Process State changed to PROCESS_STATE_TOP
03-11 11:42:35.351  3163  4131 E WindowManager: Dream packageName does not match active dream. Package io.appium.settings does not match ComponentInfo{com.android.systemui/com.android.systemui.doze.DozeService}
03-11 11:42:35.351  3163  6380 E WindowManager: Dream packageName does not match active dream. Package com.android.vending does not match ComponentInfo{com.android.systemui/com.android.systemui.doze.DozeService}
03-11 11:42:35.352  5625  5669 V WindowManagerShell: Transition requested (#8001): android.os.BinderProxy@8a6f155 TransitionRequestInfo { type = WAKE, triggerTask = null, pipTask = null, remoteTransition = null, displayChange = null, flags = 0, debugId = 8001 }
03-11 11:42:35.352  3163  4285 I InputReader: Reconfiguring input devices, changes=DISPLAY_INFO
03-11 11:42:35.353  3163  4285 I InputReader: Disabling goodix_ts (device 7) because the associated viewport is not active
03-11 11:42:35.353  3163  4285 I InputReader: Disabling zinitix_mt (device 6) because the associated viewport is not active
03-11 11:42:35.353  3163  4285 I InputReader: Device reconfigured: id=6, name='zinitix_mt', size 194x368, orientation Rotation0, mode DISABLED, display id 1
03-11 11:42:35.353  3163  5308 W ServiceManagerCppClient: Failed to get isDeclared for com.motorola.hardware.display.panel.IDisplayPanel/default: Status(-1, EX_SECURITY): 'SELinux denied.'
03-11 11:42:35.353  3163  5308 D DisplayPanelService: Setting panel dc mode: 0
03-11 11:42:35.353  3163  7479 E WindowManager: Dream packageName does not match active dream. Package com.motorola.motocare does not match ComponentInfo{com.android.systemui/com.android.systemui.doze.DozeService}
03-11 11:42:35.353  2090  2090 I DisplayPanel: setDcMode: DC mode = OFF
03-11 11:42:35.353  2090  2090 D DisplayPanel: setParam: Success set DC to 0 for Primary display
03-11 11:42:35.353  3163  3229 V WindowManager: Content Recording: Display 1 state was (2), is now (1), so update recording?
03-11 11:42:35.353  3163  4131 E WindowManager: Dream packageName does not match active dream. Package com.google.android.ext.services does not match ComponentInfo{com.android.systemui/com.android.systemui.doze.DozeService}
03-11 11:42:35.354  3163  3229 D CLI/Transition: displaygroup 1, state OFF, pendingdisplaygroup 1
03-11 11:42:35.354  3163  7402 E WindowManager: Dream packageName does not match active dream. Package com.buffalowildwings.blazinrewards does not match ComponentInfo{com.android.systemui/com.android.systemui.doze.DozeService}
03-11 11:42:35.354  3163  5308 D LocalDisplayAdapter: setDisplayPowerMode mode=0 for display=android.os.BinderProxy@433f576
03-11 11:42:35.354  3163  3229 W SurfaceControl: Invalid layer stack -1
03-11 11:42:35.354  3163  3229 I DisplayDevice: [1] Layerstack set to -1 for local:4630947043778501763 mDisplayToken=android.os.BinderProxy@433f576 t=Transaction{mNativeObject=-5476376673043392304, mHashCode=0}
03-11 11:42:35.354  3163  5843 E WindowManager: Dream packageName does not match active dream. Package com.dolby.daxservice does not match ComponentInfo{com.android.systemui/com.android.systemui.doze.DozeService}
03-11 11:42:35.354  3163  3352 D BrightnessThermalClamper: Thermal status observer already started
03-11 11:42:35.354  2300  2300 D SurfaceFlinger: Setting power mode 0 on display 4630947043778501763
03-11 11:42:35.356  3163  4279 I PowerGroup: Waking up power group from Asleep (groupId=0, uid=1000, reason=WAKE_REASON_LID, details=cli: lid state change)...
03-11 11:42:35.356  3163  3231 D PanelsService: updateCliDisplayState: mCliScreenState=OFF
03-11 11:42:35.357  3163  7479 E WindowManager: Dream packageName does not match active dream. Package com.motorola.launcher3 does not match ComponentInfo{com.android.systemui/com.android.systemui.doze.DozeService}
03-11 11:42:35.357  3163  5843 E WindowManager: Dream packageName does not match active dream. Package com.motorola.livewallpaper3.prebuilt.vanilla_reflection does not match ComponentInfo{com.android.systemui/com.android.systemui.doze.DozeService}
03-11 11:42:35.359  3163  7479 E WindowManager: Dream packageName does not match active dream. Package com.motorola.mobiledesktop does not match ComponentInfo{com.android.systemui/com.android.systemui.doze.DozeService}
03-11 11:42:35.360  3163  4131 E WindowManager: Dream packageName does not match active dream. Package com.motorola.mobiledesktop.core does not match ComponentInfo{com.android.systemui/com.android.systemui.doze.DozeService}
03-11 11:42:35.360  3163  7479 E WindowManager: Dream packageName does not match active dream. Package com.google.android.gsf does not match ComponentInfo{com.android.systemui/com.android.systemui.doze.DozeService}
03-11 11:42:35.360  3163  7479 E WindowManager: Dream packageName does not match active dream. Package com.google.android.gms does not match ComponentInfo{com.android.systemui/com.android.systemui.doze.DozeService}
03-11 11:42:35.360  2068  6063 I vendor.qti.bluetooth@1.0-ibs_handler: DeviceSleep: TX Awake, Sending SLEEP_IND
03-11 11:42:35.360  2068  6063 D vendor.qti.bluetooth@1.0-ibs_handler: SerialClockVote: vote for UART CLK OFF
03-11 11:42:35.360  7545  7545 I FileStationLog: [ FS_h$a ] - [Display] Changed display: 1
03-11 11:42:35.361  3163  4279 I PowerManagerService: Waking up from Dozing (uid=1000, reason=WAKE_REASON_LID, details=cli: lid state change)...
03-11 11:42:35.361  3163  3163 I WindowManager: Started waking up... (groupId=0 why=ON_BECAUSE_OF_USER) pmWakeReason=WAKE_REASON_LID
03-11 11:42:35.362  3163  3163 I WindowManager: awakenDreams callers=com.android.server.policy.PhoneWindowManager.startedWakingUp:7593 com.android.server.power.Notifier.lambda$handleEarlyInteractiveChange$0:603 com.android.server.power.Notifier.$r8$lambda$JPimfzsYkXWexBDnIhDxNZnALw4:0 com.android.server.power.Notifier$$ExternalSyntheticLambda8.run:0 android.os.Handler.handleCallback:1001 
03-11 11:42:35.362  3163  3163 I DreamManagerService: awaken by com.android.DeviceAsWebcam callingUid=1000 callingPid=3163
03-11 11:42:35.362  3163  3163 V PowerManager: userActivity when=101072054 event=0 flags=0 displayId=0 by (android) callers=android.os.PowerManager.userActivity:1487 com.android.server.dreams.DreamManagerService.requestAwakenInternal:496 com.android.server.dreams.DreamManagerService.-$$Nest$mrequestAwakenInternal:0 
03-11 11:42:35.362  5705  5705 D GameModeDetector: notifyGameModeStatusValue, value=false
03-11 11:42:35.362  5705  5705 D DaxService: sendGameModeIntent, state=false
03-11 11:42:35.362  2195  2386 I SDM     : DisplayBase::SetDisplayState: Set state = 0, display 76-0, teardown = 0
03-11 11:42:35.362  2195  2386 I SDM     : DRMPanelFeatureMgr::MarkForNullCommit: Marked 7 for null commit
03-11 11:42:35.363  2195  2386 I SDM     : HWDeviceDRM::NullCommit: Null commit succeeded crtc=203
03-11 11:42:35.363  3163  4131 E WindowManager: Dream packageName does not match active dream. Package com.motorola.mobiledesktop.core does not match ComponentInfo{com.android.systemui/com.android.systemui.doze.DozeService}
03-11 11:42:35.363  3163  4279 D PowerManagerService: nativeAcquireSuspendBlocker name:PowerManagerService.Broadcasts duration ms: 1
03-11 11:42:35.364  7545  7545 I FileStationLog: [ FS_h$a ] - [Display] Ignoring change for non-default/desktop display: 1
03-11 11:42:35.364  3163  4279 D PowerManagerService: nativeSetPowerMode ret:true mode:7 enabled:true duration ms: 0
03-11 11:42:35.364  3163  4279 D CLI/Transition_Lid: finished waiting for displaygroup 1 off.
03-11 11:42:35.364  2078  2078 I QTI PowerHAL: Power setMode: 7 to: 1
03-11 11:42:35.364  2064 29944 I sensors-hal: handle_indication_realtime:467,  SCHED_FIFO(10) for qmi_cbk
03-11 11:42:35.365 29965 29965 I ThermalEngine: devices_manager_init: Init
03-11 11:42:35.365 29965 29965 I ThermalEngine: Number of gpus :1
03-11 11:42:35.365 29965 29965 I ThermalEngine: Number of cpus :8
03-11 11:42:35.366  6942  8583 D ForegroundUtils: Foreground UID status: 10240, true; 10246, false; 10292, true; 10363, false; 10394, true; 10404, true; 10408, false; 10416, false; 10618, false; 10631, true; 
03-11 11:42:35.367  2078  2078 I QTI PowerHAL: Got set_interactive hint
03-11 11:42:35.367  2078  2078 I QTI PowerHAL: Got set_interactive hint on= 1, count= 1383
03-11 11:42:35.368 29965 29965 E ThermalEngine: tmd_add_cpufreq_dev_data: Invalid or no boost freqs
03-11 11:42:35.369  2061  2108 E minksocket: MinkIPC_QRTR_Service: client with node 1 port 40ad went down
03-11 11:42:35.370  2061  2108 E minksocket: MinkIPC_QRTR_Service: client with node 1 port 40b0 went down
03-11 11:42:35.371  2061  2108 E minksocket: MinkIPC_QRTR_Service: client with node 1 port 40b1 went down
03-11 11:42:35.371  2061  2108 E minksocket: MinkIPC_QRTR_Service: client with node 1 port 40b2 went down
03-11 11:42:35.372  3163  4279 D CLI/Rotation: Set volume keyswap sysprop for rotation 0 lidState OPEN
