03-10 11:07:11.666  5388  5388 I ThermalEngine: Found field 'device'
03-10 11:07:11.666  5388  5388 I ThermalEngine: Created section 'MON-SAFETY'
03-10 11:07:11.666  5388  5388 I ThermalEngine: Algo Type 'monitor'
03-10 11:07:11.666  5388  5388 I ThermalEngine: Parsing section MON-SAFETY
03-10 11:07:11.666  5388  5388 I ThermalEngine: Found field 'sampling'
03-10 11:07:11.666  5388  5388 I ThermalEngine: Found field 'sensor'
03-10 11:07:11.666  5388  5388 I ThermalEngine: Found field 'thresholds'
03-10 11:07:11.666  5388  5388 I ThermalEngine: Found field 'thresholds_clr'
03-10 11:07:11.666  5388  5388 I ThermalEngine: Found field 'actions'
03-10 11:07:11.666  5388  5388 I ThermalEngine: Found field 'action_info'
03-10 11:07:11.666  5388  5388 I ThermalEngine: Created section 'MON-SOFTDEV'
03-10 11:07:11.666  5388  5388 I ThermalEngine: Algo Type 'monitor'
03-10 11:07:11.666  5388  5388 I ThermalEngine: Parsing section MON-SOFTDEV
03-10 11:07:11.666  5388  5388 I ThermalEngine: Found field 'sampling'
03-10 11:07:11.666  5388  5388 I ThermalEngine: Found field 'sensor'
03-10 11:07:11.666  5388  5388 I ThermalEngine: Found field 'thresholds'
03-10 11:07:11.666  5388  5388 I ThermalEngine: Found field 'thresholds_clr'
03-10 11:07:11.666  5388  5388 I ThermalEngine: Found field 'actions'
03-10 11:07:11.666  5388  5388 I ThermalEngine: Found field 'action_info'
03-10 11:07:11.666  5388  5388 I ThermalEngine: Created section 'MON-MDM-FR1-1'
03-10 11:07:11.666  5388  5388 I ThermalEngine: Algo Type 'monitor'
03-10 11:07:11.666  5388  5388 I ThermalEngine: Parsing section MON-MDM-FR1-1
03-10 11:07:11.666  5388  5388 I ThermalEngine: Found field 'sampling'
03-10 11:07:11.666  5388  5388 I ThermalEngine: Found field 'sensor'
03-10 11:07:11.666  5388  5388 I ThermalEngine: Found field 'thresholds'
03-10 11:07:11.666  5388  5388 I ThermalEngine: Found field 'thresholds_clr'
03-10 11:07:11.666  5388  5388 I ThermalEngine: Found field 'actions'
03-10 11:07:11.666  5388  5388 I ThermalEngine: Found field 'action_info'
03-10 11:07:11.666  5388  5388 I ThermalEngine: Created section 'MON-MDM-FR1-2'
03-10 11:07:11.666  5388  5388 I ThermalEngine: Algo Type 'monitor'
03-10 11:07:11.666  5388  5388 I ThermalEngine: Parsing section MON-MDM-FR1-2
03-10 11:07:11.666  5388  5388 I ThermalEngine: Found field 'sampling'
03-10 11:07:11.666  5388  5388 I ThermalEngine: Found field 'sensor'
03-10 11:07:11.666  5388  5388 I ThermalEngine: Found field 'thresholds'
03-10 11:07:11.666  5388  5388 I ThermalEngine: Found field 'thresholds_clr'
03-10 11:07:11.666  5388  5388 I ThermalEngine: Found field 'actions'
03-10 11:07:11.666  5388  5388 I ThermalEngine: Found field 'action_info'
03-10 11:07:11.666  5388  5388 I ThermalEngine: Created section 'MON-wireless-charge'
03-10 11:07:11.666  5388  5388 I ThermalEngine: Algo Type 'monitor'
03-10 11:07:11.666  5388  5388 I ThermalEngine: Parsing section MON-wireless-charge
03-10 11:07:11.666  5388  5388 I ThermalEngine: Found field 'sampling'
03-10 11:07:11.666  5388  5388 I ThermalEngine: Found field 'sensor'
03-10 11:07:11.666  5388  5388 I ThermalEngine: Found field 'thresholds'
03-10 11:07:11.666  5388  5388 I ThermalEngine: Found field 'thresholds_clr'
03-10 11:07:11.666  5388  5388 I ThermalEngine: Found field 'actions'
03-10 11:07:11.666  5388  5388 I ThermalEngine: Found field 'action_info'
03-10 11:07:11.666  5388  5388 I ThermalEngine: Created section 'MON-wlan'
03-10 11:07:11.666  5388  5388 I ThermalEngine: Algo Type 'monitor'
03-10 11:07:11.666  5388  5388 I ThermalEngine: Parsing section MON-wlan
03-10 11:07:11.666  5388  5388 I ThermalEngine: Found field 'sampling'
03-10 11:07:11.666  5388  5388 I ThermalEngine: Found field 'sensor'
03-10 11:07:11.666  5388  5388 I ThermalEngine: Found field 'thresholds'
03-10 11:07:11.666  5388  5388 I ThermalEngine: Found field 'thresholds_clr'
03-10 11:07:11.666  5388  5388 I ThermalEngine: Found field 'actions'
03-10 11:07:11.666  5388  5388 I ThermalEngine: Found field 'action_info'
03-10 11:07:11.666  5388  5388 I ThermalEngine: [MON-wlan]
03-10 11:07:11.666  5388  5388 I ThermalEngine: algo_type monitor
03-10 11:07:11.666  5388  5388 I ThermalEngine: sampling 5000
03-10 11:07:11.666  5388  5388 I ThermalEngine: sensor FUSE_TEMP
03-10 11:07:11.666  5388  5388 I ThermalEngine: thresholds 40000 41000 42000 43000 44000 45000
03-10 11:07:11.666  5388  5388 I ThermalEngine: thresholds_clr 39000 40000 41000 42000 43000 44000
03-10 11:07:11.666  5388  5388 I ThermalEngine: actions wlan-cutback wlan-cutback wlan-cutback wlan-cutback wlan-cutback wlan-cutback
03-10 11:07:11.666  5388  5388 I ThermalEngine: action_info 0 1 2 3 4 5
03-10 11:07:11.666  5388  5388 I ThermalEngine: [MON-wireless-charge]
03-10 11:07:11.666  5388  5388 I ThermalEngine: algo_type monitor
03-10 11:07:11.666  5388  5388 I ThermalEngine: sampling 2000
03-10 11:07:11.666  5388  5388 I ThermalEngine: sensor BCHG_TEMP
03-10 11:07:11.666  5388  5388 I ThermalEngine: thresholds 39000 41000 43000 44000 48000
03-10 11:07:11.666  5388  5388 I ThermalEngine: thresholds_clr 18000 39000 41000 43000 45000
03-10 11:07:11.666  5388  5388 I ThermalEngine: actions wireless_current wireless_current wireless_current wireless_current wireless_current
03-10 11:07:11.666  5388  5388 I ThermalEngine: action_info 1250 1000 800 500 100
03-10 11:07:11.666  5388  5388 I ThermalEngine: [MON-MDM-FR1-2]
03-10 11:07:11.666  5388  5388 I ThermalEngine: algo_type monitor
03-10 11:07:11.666  5388  5388 I ThermalEngine: sampling 5000
03-10 11:07:11.666  5388  5388 I ThermalEngine: sensor FRONT_MDM
03-10 11:07:11.666  5388  5388 I ThermalEngine: thresholds 46000 48000 50000 55000
03-10 11:07:11.666  5388  5388 I ThermalEngine: thresholds_clr 40000 46000 48000 50000
03-10 11:07:11.666  5388  5388 I ThermalEngine: actions modem_nr_scg_dsc modem_nr_scg_dsc+modem_lte_dsc modem_nr_scg_dsc+modem_lte_dsc modem_nr_scg_dsc
03-10 11:07:11.666  5388  5388 I ThermalEngine: action_info 7 8+9 9+10 10
03-10 11:07:11.666  5388  5388 I ThermalEngine: [MON-MDM-FR1-1]
03-10 11:07:11.666  5388  5388 I ThermalEngine: algo_type monitor
03-10 11:07:11.666  5388  5388 I ThermalEngine: sampling 5000
03-10 11:07:11.666  5388  5388 I ThermalEngine: sensor FRONT_MDM
03-10 11:07:11.666  5388  5388 I ThermalEngine: thresholds 46000 48000 50000 55000
03-10 11:07:11.666  5388  5388 I ThermalEngine: thresholds_clr 40000 46000 48000 50000
03-10 11:07:11.666  5388  5388 I ThermalEngine: actions modem_nr_dsc modem_nr_dsc modem_nr_dsc modem_nr_dsc
03-10 11:07:11.666  5388  5388 I ThermalEngine: action_info 7 8 9 10
03-10 11:07:11.666  5388  5388 I ThermalEngine: [MON-SOFTDEV]
03-10 11:07:11.666  5388  5388 I ThermalEngine: algo_type monitor
03-10 11:07:11.666  5388  5388 I ThermalEngine: sampling 2000
03-10 11:07:11.666  5388  5388 I ThermalEngine: sensor FUSE_TEMP
03-10 11:07:11.666  5388  5388 I ThermalEngine: thresholds 42000
03-10 11:07:11.666  5388  5388 I ThermalEngine: thresholds_clr 40000
03-10 11:07:11.666  5388  5388 I ThermalEngine: actions SoftDev
03-10 11:07:11.666  5388  5388 I ThermalEngine: action_info 1
03-10 11:07:11.666  5388  5388 I ThermalEngine: [MON-SAFETY]
03-10 11:07:11.666  5388  5388 I ThermalEngine: algo_type monitor
03-10 11:07:11.666  5388  5388 I ThermalEngine: sampling 2000
03-10 11:07:11.666  5388  5388 I ThermalEngine: sensor FUSE_TEMP
03-10 11:07:11.666  5388  5388 I ThermalEngine: thresholds 68000
03-10 11:07:11.666  5388  5388 I ThermalEngine: thresholds_clr 67000
03-10 11:07:11.666  5388  5388 I ThermalEngine: actions shutdown
03-10 11:07:11.666  5388  5388 I ThermalEngine: action_info 100
03-10 11:07:11.666  5388  5388 I ThermalEngine: [PAUSE-CPU7]
03-10 11:07:11.666  5388  5388 I ThermalEngine: algo_type monitor
03-10 11:07:11.666  5388  5388 I ThermalEngine: sampling 2000
03-10 11:07:11.666  5388  5388 I ThermalEngine: sensor FUSE_TEMP
03-10 11:07:11.666  5388  5388 I ThermalEngine: thresholds 43000
03-10 11:07:11.666  5388  5388 I ThermalEngine: thresholds_clr 42000
03-10 11:07:11.666  5388  5388 I ThermalEngine: actions hotplug_7
03-10 11:07:11.666  5388  5388 I ThermalEngine: action_info 1
03-10 11:07:11.666  5388  5388 I ThermalEngine: [MON-MSM-CPU7]
03-10 11:07:11.666  5388  5388 I ThermalEngine: algo_type monitor
03-10 11:07:11.666  5388  5388 I ThermalEngine: sampling 2000
03-10 11:07:11.666  5388  5388 I ThermalEngine: sensor FUSE_TEMP
03-10 11:07:11.666  5388  5388 I ThermalEngine: thresholds 40000 41000 42000
03-10 11:07:11.666  5388  5388 I ThermalEngine: thresholds_clr 38000 40000 41000
03-10 11:07:11.666  5388  5388 I ThermalEngine: actions cpu-cluster2 cpu-cluster2 cpu-cluster2
03-10 11:07:11.666  5388  5388 I ThermalEngine: action_info 1977600 1766400 1286400
03-10 11:07:11.666  5388  5388 I ThermalEngine: [MON-MSM-CPU4]
03-10 11:07:11.666  5388  5388 I ThermalEngine: algo_type monitor
03-10 11:07:11.666  5388  5388 I ThermalEngine: sampling 2000
03-10 11:07:11.666  5388  5388 I ThermalEngine: sensor FUSE_TEMP
03-10 11:07:11.666  5388  5388 I ThermalEngine: thresholds 40000 42000 44000 48000
03-10 11:07:11.666  5388  5388 I ThermalEngine: thresholds_clr 38000 40000 42000 46000
03-10 11:07:11.666  5388  5388 I ThermalEngine: actions cpu-cluster1 cpu-cluster1 cpu-cluster1 cpu-cluster1
03-10 11:07:11.666  5388  5388 I ThermalEngine: action_info 1804800 1651200 1555200 1382400
03-10 11:07:11.666  5388  5388 I ThermalEngine: [MON-MSM-CPU0]
03-10 11:07:11.666  5388  5388 I ThermalEngine: algo_type monitor
03-10 11:07:11.666  5388  5388 I ThermalEngine: sampling 2000
03-10 11:07:11.666  5388  5388 I ThermalEngine: sensor FUSE_TEMP
03-10 11:07:11.666  5388  5388 I ThermalEngine: thresholds 42000 45000 48000
03-10 11:07:11.666  5388  5388 I ThermalEngine: thresholds_clr 39000 42000 45000
03-10 11:07:11.666  5388  5388 I ThermalEngine: actions cpu-cluster0 cpu-cluster0 cpu-cluster0
03-10 11:07:11.666  5388  5388 I ThermalEngine: action_info 1363200 1228800 1094400
03-10 11:07:11.666  5388  5388 I ThermalEngine: [MON-CHG-BATT-SAFETY]
03-10 11:07:11.666  5388  5388 I ThermalEngine: algo_type monitor
03-10 11:07:11.666  5388  5388 I ThermalEngine: sampling 5000
03-10 11:07:11.666  5388  5388 I ThermalEngine: sensor BCHG_TEMP
03-10 11:07:11.666  5388  5388 I ThermalEngine: thresholds 45000 48000
03-10 11:07:11.666  5388  5388 I ThermalEngine: thresholds_clr 43000 46000
03-10 11:07:11.666  5388  5388 I ThermalEngine: actions battery battery
03-10 11:07:11.666  5388  5388 I ThermalEngine: action_info 2 1
03-10 11:07:11.666  5388  5388 I ThermalEngine: freezing
03-10 11:07:11.666  5388  5388 I ThermalEngine: [MON-CHG-BATT1]
03-10 11:07:11.666  5388  5388 I ThermalEngine: algo_type monitor
03-10 11:07:11.666  5388  5388 I ThermalEngine: sampling 5000
03-10 11:07:11.666  5388  5388 I ThermalEngine: sensor BCHG_TEMP
03-10 11:07:11.666  5388  5388 I ThermalEngine: thresholds 41000 42500 43000
03-10 11:07:11.666  5388  5388 I ThermalEngine: thresholds_clr 40000 41000 42000
03-10 11:07:11.666  5388  5388 I ThermalEngine: actions battery battery battery
03-10 11:07:11.666  5388  5388 I ThermalEngine: action_info 5 4 3
03-10 11:07:11.666  5388  5388 I ThermalEngine: override_c -2000
03-10 11:07:11.666  5388  5388 I ThermalEngine: freezing
03-10 11:07:11.666  5388  5388 I ThermalEngine: [MON-CHG-BATT0]
03-10 11:07:11.666  5388  5388 I ThermalEngine: algo_type monitor
03-10 11:07:11.666  5388  5388 I ThermalEngine: sampling 5000
03-10 11:07:11.666  5388  5388 I ThermalEngine: sensor BCHG_TEMP
03-10 11:07:11.666  5388  5388 I ThermalEngine: thresholds 39500
03-10 11:07:11.666  5388  5388 I ThermalEngine: thresholds_clr 38000
03-10 11:07:11.666  5388  5388 I ThermalEngine: actions battery
03-10 11:07:11.666  5388  5388 I ThermalEngine: action_info 6
03-10 11:07:11.666  5388  5388 I ThermalEngine: override_c -1500
03-10 11:07:11.666  5388  5388 I ThermalEngine: freezing
03-10 11:07:11.666  5388  5388 I ThermalEngine: [FREEZE-CHG]
03-10 11:07:11.666  5388  5388 I ThermalEngine: algo_type monitor
03-10 11:07:11.666  5388  5388 I ThermalEngine: sampling 2000
03-10 11:07:11.666  5388  5388 I ThermalEngine: sensor DETECT-WLS
03-10 11:07:11.666  5388  5388 I ThermalEngine: thresholds 1
03-10 11:07:11.667  5388  5388 I ThermalEngine: thresholds_clr 0
03-10 11:07:11.667  5388  5388 I ThermalEngine: actions freeze_rule
03-10 11:07:11.667  5388  5388 I ThermalEngine: action_info 1
03-10 11:07:11.667  5388  5388 I ThermalEngine: [OVERRIDE-CHG]
03-10 11:07:11.667  5388  5388 I ThermalEngine: algo_type monitor
03-10 11:07:11.667  5388  5388 I ThermalEngine: sampling 1000
03-10 11:07:11.667  5388  5388 I ThermalEngine: sensor DETECT-STANDBY
03-10 11:07:11.667  5388  5388 I ThermalEngine: thresholds 1
03-10 11:07:11.667  5388  5388 I ThermalEngine: thresholds_clr 0
03-10 11:07:11.667  5388  5388 I ThermalEngine: actions internal_override
03-10 11:07:11.667  5388  5388 I ThermalEngine: action_info 1
03-10 11:07:11.667  5388  5388 I ThermalEngine: [REPORT-BACK]
03-10 11:07:11.667  5388  5388 I ThermalEngine: algo_type monitor
03-10 11:07:11.667  5388  5388 I ThermalEngine: sampling 300000
03-10 11:07:11.667  5388  5388 I ThermalEngine: sensor BACK_TEMP
03-10 11:07:11.667  5388  5388 I ThermalEngine: thresholds 42000
03-10 11:07:11.667  5388  5388 I ThermalEngine: thresholds_clr 40000
03-10 11:07:11.667  5388  5388 I ThermalEngine: actions report
03-10 11:07:11.667  5388  5388 I ThermalEngine: action_info 1
03-10 11:07:11.667  5388  5388 I ThermalEngine: [REPORT-FRONT]
03-10 11:07:11.667  5388  5388 I ThermalEngine: algo_type monitor
03-10 11:07:11.667  5388  5388 I ThermalEngine: sampling 300000
03-10 11:07:11.667  5388  5388 I ThermalEngine: sensor FRONT_TEMP
03-10 11:07:11.667  5388  5388 I ThermalEngine: thresholds 42000
03-10 11:07:11.667  5388  5388 I ThermalEngine: thresholds_clr 40000
03-10 11:07:11.667  5388  5388 I ThermalEngine: actions report
03-10 11:07:11.667  5388  5388 I ThermalEngine: action_info 1
03-10 11:07:11.667  5388  5388 I ThermalEngine: [MM-TJ-MONITOR-SHUTDOWN]
03-10 11:07:11.667  5388  5388 I ThermalEngine: #algo_type monitor
03-10 11:07:11.667  5388  5388 I ThermalEngine: sampling 10
03-10 11:07:11.667  5388  5388 I ThermalEngine: sensor VIRTUAL-MM-TJ-SHUTDOWN
03-10 11:07:11.667  5388  5388 I ThermalEngine: thresholds 115000
03-10 11:07:11.667  5388  5388 I ThermalEngine: thresholds_clr 114999
03-10 11:07:11.667  5388  5388 I ThermalEngine: actions shutdown
03-10 11:07:11.667  5388  5388 I ThermalEngine: action_info 0
03-10 11:07:11.667  5388  5388 I ThermalEngine: [MDM-TJ-MONITOR-SHUTDOWN]
03-10 11:07:11.667  5388  5388 I ThermalEngine: #algo_type monitor
03-10 11:07:11.667  5388  5388 I ThermalEngine: sampling 10
03-10 11:07:11.667  5388  5388 I ThermalEngine: sensor VIRTUAL-MDM-TJ-SHUTDOWN
03-10 11:07:11.667  5388  5388 I ThermalEngine: thresholds 115000
03-10 11:07:11.667  5388  5388 I ThermalEngine: thresholds_clr 114999
03-10 11:07:11.667  5388  5388 I ThermalEngine: actions shutdown
03-10 11:07:11.667  5388  5388 I ThermalEngine: action_info 0
03-10 11:07:11.667  5388  5388 I ThermalEngine: [NSP-TJ-MONITOR-SHUTDOWN]
03-10 11:07:11.667  5388  5388 I ThermalEngine: #algo_type monitor
03-10 11:07:11.667  5388  5388 I ThermalEngine: sampling 10
03-10 11:07:11.667  5388  5388 I ThermalEngine: sensor VIRTUAL-NSP-TJ-SHUTDOWN
03-10 11:07:11.667  5388  5388 I ThermalEngine: thresholds 115000
03-10 11:07:11.667  5388  5388 I ThermalEngine: thresholds_clr 114999
03-10 11:07:11.667  5388  5388 I ThermalEngine: actions shutdown
03-10 11:07:11.667  5388  5388 I ThermalEngine: action_info 0
03-10 11:07:11.667  5388  5388 I ThermalEngine: [CPU-TJ-MONITOR-SHUTDOWN]
03-10 11:07:11.667  5388  5388 I ThermalEngine: #algo_type monitor
03-10 11:07:11.667  5388  5388 I ThermalEngine: sampling 10
03-10 11:07:11.667  5388  5388 I ThermalEngine: sensor VIRTUAL-CPU-TJ-SHUTDOWN
03-10 11:07:11.667  5388  5388 I ThermalEngine: thresholds 115000
03-10 11:07:11.667  5388  5388 I ThermalEngine: thresholds_clr 114999
03-10 11:07:11.667  5388  5388 I ThermalEngine: actions shutdown
03-10 11:07:11.667  5388  5388 I ThermalEngine: action_info 0
03-10 11:07:11.667  5388  5388 I ThermalEngine: [CPU-GOLD-TJ-MONITOR-SHUTDOWN]
03-10 11:07:11.667  5388  5388 I ThermalEngine: #algo_type monitor
03-10 11:07:11.667  5388  5388 I ThermalEngine: sampling 10
03-10 11:07:11.667  5388  5388 I ThermalEngine: sensor VIRTUAL-CPU-GOLD-TJ-SHUTDOWN
03-10 11:07:11.667  5388  5388 I ThermalEngine: thresholds 115000
03-10 11:07:11.667  5388  5388 I ThermalEngine: thresholds_clr 114999
03-10 11:07:11.667  5388  5388 I ThermalEngine: actions shutdown
03-10 11:07:11.667  5388  5388 I ThermalEngine: action_info 0
03-10 11:07:11.667  5388  5388 I ThermalEngine: [PMIC-ALARM-MONITOR-SHUTDOWN]
03-10 11:07:11.667  5388  5388 I ThermalEngine: #algo_type monitor
03-10 11:07:11.667  5388  5388 I ThermalEngine: sampling 10
03-10 11:07:11.667  5388  5388 I ThermalEngine: sensor VIRTUAL-PMIC-ALARM-SHUTDOWN
03-10 11:07:11.667  5388  5388 I ThermalEngine: thresholds 115000
03-10 11:07:11.667  5388  5388 I ThermalEngine: thresholds_clr 114999
03-10 11:07:11.667  5388  5388 I ThermalEngine: actions shutdown
03-10 11:07:11.667  5388  5388 I ThermalEngine: action_info 0
03-10 11:07:11.667  5388  5388 I ThermalEngine: [FAIL-SAFE-MONITOR]
03-10 11:07:11.667  5388  5388 I ThermalEngine: #algo_type monitor
03-10 11:07:11.667  5388  5388 I ThermalEngine: sampling 1
03-10 11:07:11.667  5388  5388 I ThermalEngine: sensor VIRTUAL-FAIL-SAFE-TJ
03-10 11:07:11.667  5388  5388 I ThermalEngine: thresholds 100000
03-10 11:07:11.667  5388  5388 I ThermalEngine: thresholds_clr 2
03-10 11:07:11.667  5388  5388 I ThermalEngine: actions camera+camcorder
03-10 11:07:11.667  5388  5388 I ThermalEngine: action_info 10+10
03-10 11:07:11.667  5388  5388 I ThermalEngine: [NSPSS-2-CAMERA-EXIT-MONITOR]
03-10 11:07:11.667  5388  5388 I ThermalEngine: #algo_type monitor
03-10 11:07:11.667  5388  5388 I ThermalEngine: sampling 10
03-10 11:07:11.667  5388  5388 I ThermalEngine: sensor nspss-2
03-10 11:07:11.667  5388  5388 I ThermalEngine: thresholds 100000
03-10 11:07:11.667  5388  5388 I ThermalEngine: thresholds_clr 95000
03-10 11:07:11.667  5388  5388 I ThermalEngine: actions camera
03-10 11:07:11.667  5388  5388 I ThermalEngine: action_info 10
03-10 11:07:11.667  5388  5388 I ThermalEngine: [NSPSS-1-CAMERA-EXIT-MONITOR]
03-10 11:07:11.667  5388  5388 I ThermalEngine: #algo_type monitor
03-10 11:07:11.667  5388  5388 I ThermalEngine: sampling 10
03-10 11:07:11.667  5388  5388 I ThermalEngine: sensor nspss-1
03-10 11:07:11.667  5388  5388 I ThermalEngine: thresholds 100000
03-10 11:07:11.667  5388  5388 I ThermalEngine: thresholds_clr 95000
03-10 11:07:11.667  5388  5388 I ThermalEngine: actions camera
03-10 11:07:11.667  5388  5388 I ThermalEngine: action_info 10
03-10 11:07:11.667  5388  5388 I ThermalEngine: [NSPSS-0-CAMERA-EXIT-MONITOR]
03-10 11:07:11.667  5388  5388 I ThermalEngine: #algo_type monitor
03-10 11:07:11.667  5388  5388 I ThermalEngine: sampling 10
03-10 11:07:11.667  5388  5388 I ThermalEngine: sensor nspss-0
03-10 11:07:11.667  5388  5388 I ThermalEngine: thresholds 100000
03-10 11:07:11.667  5388  5388 I ThermalEngine: thresholds_clr 95000
03-10 11:07:11.667  5388  5388 I ThermalEngine: actions camera
03-10 11:07:11.667  5388  5388 I ThermalEngine: action_info 10
03-10 11:07:11.667  5388  5388 I ThermalEngine: [SS-GPU]
03-10 11:07:11.667  5388  5388 I ThermalEngine: algo_type ss
03-10 11:07:11.667  5388  5388 I ThermalEngine: sampling 2000
03-10 11:07:11.667  5388  5388 I ThermalEngine: sensor FUSE_TEMP
03-10 11:07:11.667  5388  5388 I ThermalEngine: device gpu
03-10 11:07:11.667  5388  5388 I ThermalEngine: set_point 49000
03-10 11:07:11.667  5388  5388 I ThermalEngine: set_point_clr 48000
03-10 11:07:11.667  5388  5388 I ThermalEngine: time_constant 0
03-10 11:07:11.667  5388  5388 I ThermalEngine: [SS-CPU7]
03-10 11:07:11.667  5388  5388 I ThermalEngine: algo_type ss
03-10 11:07:11.667  5388  5388 I ThermalEngine: sampling 2000
03-10 11:07:11.667  5388  5388 I ThermalEngine: sensor FUSE_TEMP
03-10 11:07:11.667  5388  5388 I ThermalEngine: device cpu-cluster2
03-10 11:07:11.667  5388  5388 I ThermalEngine: set_point 38000
03-10 11:07:11.667  5388  5388 I ThermalEngine: set_point_clr 37000
03-10 11:07:11.667  5388  5388 I ThermalEngine: time_constant 0
03-10 11:07:11.667  5388  5388 I ThermalEngine: device_max_limit 2169600
03-10 11:07:11.667  5388  5388 I ThermalEngine: [SS-CPU4]
03-10 11:07:11.667  5388  5388 I ThermalEngine: algo_type ss
03-10 11:07:11.667  5388  5388 I ThermalEngine: sampling 2000
03-10 11:07:11.667  5388  5388 I ThermalEngine: sensor FUSE_TEMP
03-10 11:07:11.667  5388  5388 I ThermalEngine: device cpu-cluster1
03-10 11:07:11.667  5388  5388 I ThermalEngine: set_point 38000
03-10 11:07:11.667  5388  5388 I ThermalEngine: set_point_clr 37000
03-10 11:07:11.667  5388  5388 I ThermalEngine: time_constant 0
03-10 11:07:11.667  5388  5388 I ThermalEngine: device_max_limit 2054400
03-10 11:07:11.668  5388  5601 E ThermalEngine: limits_write_data_to_partition: Error opening lmh_cdsp sysfs
03-10 11:07:11.668  5388  5601 I ThermalEngine: limits_write_data_to_partition: thread exit
03-10 11:07:11.669  2300  2300 E Scheduler: trackPendingFrame: Invalid present fence
03-10 11:07:11.670  7545  7545 I FileStationLog: [ FS_h$a ] - [Display] Ignoring change for non-default/desktop display: 1
03-10 11:07:11.670  3163  3352 I DisplayBrightnessStrategySelector: Changing the DisplayBrightnessStrategy from ScreenOffBrightnessStrategy to InvalidBrightnessStrategy for display 0
03-10 11:07:11.671  3163  7000 D WindowManager: mKeyguardDelegate.ShowListener.onDrawn.
03-10 11:07:11.672  3163  3229 W WindowManager: Setting mKeyguardDrawComplete
03-10 11:07:11.672  2064  2064 I sensors-hal: batch:206, android.sensor.light/51, period=250000000, max_latency=0
03-10 11:07:11.672  2064  2064 I sensors-hal: set_config:61, no need to adjust sample_period_ns due to reporting_mode = 2
03-10 11:07:11.672  2064  2064 I sensors-hal: batch:215, android.sensor.light/51, period=250000000, max_latency=0 request completed
03-10 11:07:11.674  2300  2300 E Scheduler: trackPendingFrame: Invalid present fence
03-10 11:07:11.680  2064  2064 I sensors-hal: activate:173, android.sensor.light/51 en=1
03-10 11:07:11.680  2064  2064 I sensors-hal: get_qmi_debug_flag:239, support_qmi_debug : false
03-10 11:07:11.681  2061  2108 E minksocket: MinkIPC_QRTR_Service: client with node 1 port 6014 went down
03-10 11:07:11.682  2061  2108 E minksocket: MinkIPC_QRTR_Service: client with node 1 port 6015 went down
03-10 11:07:11.682  2061  2108 E minksocket: MinkIPC_QRTR_Service: client with node 1 port 6016 went down
03-10 11:07:11.682  2064  2064 E Diag_Lib: diag: Diag_LSM_Init: invoked for pid: 2064 with init_count: 0
03-10 11:07:11.683  2064  2064 E Diag_Lib: diag:failed to connect to diag socket
03-10 11:07:11.683  2064  2064 E Diag_Lib:  Diag_LSM_Init: Failed to open handle to diag driver, error = 13
03-10 11:07:11.683  2064  2064 I sensors-hal: send_sensor_config_request:463, dt=ambient_light: convert sample_period=250000000 to batch_period=250000
03-10 11:07:11.683  2064  2064 I sensors-hal: send_sync_sensor_request:341, send sync request
03-10 11:07:11.683  2064  2064 I sensors-hal: send_sync_sensor_request:367, wait for notification of response
03-10 11:07:11.684  2061  2108 E minksocket: MinkIPC_QRTR_Service: client with node 1 port 6017 went down
03-10 11:07:11.686  2064  5604 I sensors-hal: ssc_conn_resp_cb:632, resp_value = 0
03-10 11:07:11.686  2064  2064 I sensors-hal: send_sync_sensor_request:373, takes 2 ms to receive the response with 0
03-10 11:07:11.686  2064  2064 I sensors-hal: activate:184, android.sensor.light/51 en=1 completed
03-10 11:07:11.688  2064  2064 I sensors-hal: batch:206, com.motorola.sensor.alternate_light/65959, period=250000000, max_latency=0
03-10 11:07:11.688  2064  2064 I sensors-hal: set_config:61, no need to adjust sample_period_ns due to reporting_mode = 2
03-10 11:07:11.688  2064  2064 I sensors-hal: batch:215, com.motorola.sensor.alternate_light/65959, period=250000000, max_latency=0 request completed
03-10 11:07:11.689  2064  2064 I sensors-hal: activate:173, com.motorola.sensor.alternate_light/65959 en=1
03-10 11:07:11.689  2064  2064 I sensors-hal: get_qmi_debug_flag:239, support_qmi_debug : false
03-10 11:07:11.691  2061  2108 E minksocket: MinkIPC_QRTR_Service: client with node 1 port 6019 went down
03-10 11:07:11.693  2064  2064 E Diag_Lib: diag: Diag_LSM_Init: invoked for pid: 2064 with init_count: 0
03-10 11:07:11.693  2064  2064 E Diag_Lib: diag:failed to connect to diag socket
03-10 11:07:11.693  2064  2064 E Diag_Lib:  Diag_LSM_Init: Failed to open handle to diag driver, error = 13
03-10 11:07:11.693  2064  2064 I sensors-hal: send_sensor_config_request:463, dt=ambient_light_1: convert sample_period=250000000 to batch_period=250000
03-10 11:07:11.693  2064  2064 I sensors-hal: send_sync_sensor_request:341, send sync request
03-10 11:07:11.693  2064  2064 I sensors-hal: send_sync_sensor_request:367, wait for notification of response
03-10 11:07:11.694  2064  5606 I sensors-hal: ssc_conn_resp_cb:632, resp_value = 0
03-10 11:07:11.694  2064  2064 I sensors-hal: send_sync_sensor_request:373, takes 0 ms to receive the response with 0
03-10 11:07:11.694  2064  2064 I sensors-hal: activate:184, com.motorola.sensor.alternate_light/65959 en=1 completed
03-10 11:07:11.695  3163  3352 V DisplayPowerController2[0]: Brightness [0.41334578] reason changing to: 'manual', previous reason: 'screen_off'.
03-10 11:07:11.695  2061  2108 E minksocket: MinkIPC_QRTR_Service: client with node 1 port 601a went down
03-10 11:07:11.695  2061  2108 E minksocket: MinkIPC_QRTR_Service: client with node 1 port 601b went down
03-10 11:07:11.695  2061  2108 E minksocket: MinkIPC_QRTR_Service: client with node 1 port 601c went down
03-10 11:07:11.695  3163  3352 I DisplayPowerController2[0]: 03-10 11:07:11.695 - BrightnessEvent: disp=0, physDisp=local:4630947043778501762, displayState=ON, displayPolicy=BRIGHT, brt=0.41334578, initBrt=0.0, rcmdBrt=NaN, preBrt=NaN, lux=NaN, preLux=NaN, brtNits=110.84214, hdrNits=NaN, initNits=3.1465538, preNits=NaN, rcmdNits=NaN, hdrBrightness=NaN, brt(%)=48%, brtInt=106, hbmPolicy=normal, hbmMax=0.85440856, hbmMode=off, rbcStrength=50, thrmMax=1.0, powerFactor=1.0, wasShortTermModelActive=false, flags=invalid_lux , reason=manual, autoBrightness=true, strategy=InvalidBrightnessStrategy, autoBrightnessMode=default
03-10 11:07:11.695  3163  5305 D PowerManagerService: nativeSetPowerMode ret:false mode:9 enabled:false duration ms: 0
03-10 11:07:11.695  3163  5305 D TouchHwAidlService: setDisplayState: mScreenOff=false
03-10 11:07:11.695  3163  5305 D LocalDisplayAdapter: setDisplayPowerMode mode=2 for display=android.os.BinderProxy@d90d011
03-10 11:07:11.696  2723 10837 E VendorTagDescriptor: lookupTag: Tag name 'support_get_property_2_0' does not exist.
03-10 11:07:11.696  2300  2300 D SurfaceFlinger: Setting power mode 2 on display 4630947043778501762
03-10 11:07:11.696  3163  3231 I DisplayDeviceRepository: Display device changed state: "Built-in Screen", ON
03-10 11:07:11.696  2300  2300 I Scheduler: Display 4630947043778501762 is the pacesetter
03-10 11:07:11.696  2300  2300 I Scheduler: promotePacesetterDisplayLocked, mAcceptScrollEvent=1
03-10 11:07:11.696  2300  2300 I Scheduler: promotePacesetterDisplayLocked, mAcceptTouchNotBoostEvent=0
03-10 11:07:11.697  2300  2300 D SurfaceFlinger: Setting desired display mode specs: {0, false, PR={p[24.00-120.00]Hz, r[24.00-60.00]Hz}, AR={p[0.00-120.00]Hz, r[0.00-120.00]Hz}} for display 4630947043778501762
03-10 11:07:11.697  2300  2300 I SurfaceFlinger: Switching to Scheduler preferred mode 5 (60.00 Hz) for display 4630947043778501762
03-10 11:07:11.697  2300  2300 D DisplayModeController: setDesiredMode 4630947043778501762 {mode={fps=60.00 Hz, modePtr={id=5, vsyncRate=60.00 Hz, peakRefreshRate=60.00 Hz}}, emitEvent=true, force=false}
03-10 11:07:11.697  2195  2586 I SDM     : DisplayBase::SetDisplayState: Set state = 1, display 57-0, teardown = 0
03-10 11:07:11.698  2195  2586 I SDM     : HWDeviceDRM::NullCommit: Null commit succeeded crtc=141
03-10 11:07:11.700  3163  3231 I InputManager-JNI: Viewport [0] to add: local:4630947043778501762, isActive: true
03-10 11:07:11.700  3163  3231 I InputManager-JNI: Viewport [1] to add: local:4630947043778501763, isActive: false
03-10 11:07:11.701  2067  3269 D AHAL: AudioDevice: SetParameters: 1564: enter: screen_state=on
03-10 11:07:11.701  2067  3269 D AHAL: AudioVoice: VoiceSetParameters: 87: Enter params: screen_state=on
03-10 11:07:11.701  2067  3269 D AHAL: AudioVoice: VoiceSetParameters: 360: Exit ret: 0
03-10 11:07:11.701  2067  3269 D AHAL: FM: fm_set_parameters: 262: Enter
03-10 11:07:11.701  2067  3269 D AHAL: FM: fm_set_parameters: 320: exit
03-10 11:07:11.701  2067  3269 D AHAL: AudioDevice: SetParameters: 1625:  - screen = on
03-10 11:07:11.701  2067  3269 I PAL: ResourceManager: setParameter: 8311: Screen State:1
03-10 11:07:11.701  2067  3269 D AHAL: AudioDevice: SetParameters: 2361: exit: screen_state=on
03-10 11:07:11.702  3163  3232 I DisplayDevice: [0] Layerstack set to 0 for local:4630947043778501762 mDisplayToken=android.os.BinderProxy@d90d011 t=Transaction{mNativeObject=-5476376673043675440, mHashCode=0}
03-10 11:07:11.703  3163  3227 D TouchHwAidlService: updateDefaultDisplayState: mScreenOn=true
03-10 11:07:11.703  3163  4285 I InputReader: Reconfiguring input devices, changes=DISPLAY_INFO
03-10 11:07:11.703  3163  3231 D PanelsService: updateDefaultDisplayState: mScreenState=ON
03-10 11:07:11.703 26976 27604 D MCLOG   : [BrightnessTrigger] onDisplayChanged displayId = 0
03-10 11:07:11.704  3163  3229 D CLI/Transition: displaygroup 0, state ON, pendingdisplaygroup -1
03-10 11:07:11.704  3163  4285 I InputReader: Device reconfigured: id=7, name='goodix_ts', size 1080x2640, orientation Rotation0, mode DIRECT, display id 0
03-10 11:07:11.704  3163  4285 I InputReader: Disabling zinitix_mt (device 6) because the associated viewport is not active
03-10 11:07:11.706  2064  2064 I sensors-hal: batch:206, android.sensor.light/51, period=200000000, max_latency=0
03-10 11:07:11.706  2064  2064 I sensors-hal: set_config:61, no need to adjust sample_period_ns due to reporting_mode = 2
03-10 11:07:11.706  2064  2064 I sensors-hal: send_sensor_config_request:463, dt=ambient_light: convert sample_period=200000000 to batch_period=200000
03-10 11:07:11.706  2064  2064 I sensors-hal: send_sync_sensor_request:341, send sync request
03-10 11:07:11.706  2064  2064 I sensors-hal: send_sync_sensor_request:367, wait for notification of response
03-10 11:07:11.706 26976 27604 D MCLOG   : [BrightnessManager] displayId = 0 brightness = 0.41334578 nit = 110.84214 level = br2
03-10 11:07:11.707  3163  3231 W ServiceManagerCppClient: Failed to get isDeclared for com.motorola.hardware.display.panel.IDisplayPanel/default: Status(-1, EX_SECURITY): 'SELinux denied.'
03-10 11:07:11.707  3163  3231 D DisplayPanelService: Setting panel dc mode: 0
03-10 11:07:11.707  2090  2090 I DisplayPanel: setDcMode: DC mode = OFF
03-10 11:07:11.707  2064  5604 I sensors-hal: ssc_conn_resp_cb:632, resp_value = 0
03-10 11:07:11.707  2090  2090 D DisplayPanel: setParam: Success set DC to 0 for Primary display
03-10 11:07:11.707  2064  5604 I sensors-hal: handle_indication_realtime:467,  SCHED_FIFO(10) for qmi_cbk
03-10 11:07:11.708  2064  5606 I sensors-hal: handle_indication_realtime:467,  SCHED_FIFO(10) for qmi_cbk
03-10 11:07:11.708  2064  2064 I sensors-hal: send_sync_sensor_request:373, takes 1 ms to receive the response with 0
03-10 11:07:11.710  2064  2064 I sensors-hal: batch:215, android.sensor.light/51, period=200000000, max_latency=0 request completed
03-10 11:07:11.710  5625  5625 I KgdSliceProvider: The weather info has not change, does not need to be updated. mTempF=-999 iconNumber=-999 celsius=true
03-10 11:07:11.711  5993  5993 I NearbyDiscovery: (REDACTED) FastPairDisplayObserver: %s -> %s
03-10 11:07:11.711  3163  3231 W AccessibilityWindowsPopulator: The displayInfo of this displayId (0) called back from the surface fligner is null
03-10 11:07:11.714  3163  3352 D BrightnessThermalClamper: Thermal status observer already started
03-10 11:07:11.714  3163  3352 D BrightnessThermalClamper: Thermal status observer already started
03-10 11:07:11.715  5993  8761 I NearbyDiscovery: (REDACTED) PureOffloadFastPairScanner: eventType=%s, isInternalReq=%s, isScanning=%s, isScanningAllowed=%s
03-10 11:07:11.715  5993  8761 I NearbyDiscovery: (REDACTED) ApFastPairScanner: isScreenOn=%s, isLocationEnabled=%s, disableLocationRequirement=%s, isDiscoveryScanningEnabled=%s, during24GhzWifiWarmingUpPeriod=%s
03-10 11:07:11.719  3163  3229 W WindowManager: All windows drawn on display -1
03-10 11:07:11.719 26976 27604 D MCLOG   : [BrightnessAction] Data:bri_level_et=85187622 bri_level=br2, update status: success
03-10 11:07:11.721  5993  8761 D BluetoothAdapter: isLeEnabled(): ON
03-10 11:07:11.721  5993  8761 I NearbyDiscovery: (REDACTED) ApFastPairScanner: eventType=%s, intReq=%s, scanning=%s, scanAllowed=%s, bleEnabled=%s, lockScanRate=%s, startScanningByLowPowerMode=%s
03-10 11:07:11.722  3163  3229 D WindowManager: finishScreenTurningOn..
03-10 11:07:11.722  3163  3229 D WindowManager: enableScreen mKeyguardDrawnOnce=true awake=true mBootMessageNeedsHiding=false
03-10 11:07:11.722  3163  3229 W BoostOptController: not supported hint: 118
03-10 11:07:11.723  3163  3229 D CLI/Rotation: Set volume keyswap sysprop for rotation 0 lidState OPEN
03-10 11:07:11.722  5658  6105 I bt_shim_scanner: system/main/shim/le_scanning_manager.cc:185 Scan: in shim layer stopped
03-10 11:07:11.723  3163  3163 I BrightnessSynchronizer: New Update: {[5924] 0.41334578(f), mUpdatedTypes=0, mConfirmedTypes=0, mTimeUpdated=0, mState=2}
03-10 11:07:11.724  5658  5907 I bluetooth: system/gd/hci/le_address_manager.cc:244 unregister_client: Client unregistered
03-10 11:07:11.724  5658  5907 I bluetooth: system/gd/hci/le_address_manager.cc:248 unregister_client: Cancelled address rotation alarm
03-10 11:07:11.725  2068  6060 I vendor.qti.bluetooth@1.0-ibs_handler: ProcessIbsCmd: Received IBS_WAKE_IND: 0xFD
03-10 11:07:11.725  2068  6060 I vendor.qti.bluetooth@1.0-ibs_handler: ProcessIbsCmd: Writing IBS_WAKE_ACK
03-10 11:07:11.725  5658  6105 W BtGatt.JNI: android/app/jni/com_android_bluetooth_gatt.cpp:1597 gattSetScanParametersNative: gattSetScanParametersNative
03-10 11:07:11.725  5658  6105 I bt_shim_scanner: system/main/shim/le_scanning_manager.cc:363 SetScanParameters: in shim layer, scannerId=1
03-10 11:07:11.725  5658  6105 I bt_shim_scanner: system/main/shim/le_scanning_manager.cc:185 Scan: in shim layer started
03-10 11:07:11.725  5658  5907 I bluetooth: system/gd/hci/le_scanning_manager.cc:690 stop_scan: Scanning already stopped, return!
03-10 11:07:11.725  5658  5907 I bluetooth: system/gd/hci/le_address_manager.cc:226 register_client: Scheduled address rotation for first client registered
03-10 11:07:11.725  5658  5907 I bluetooth: system/gd/hci/le_address_manager.cc:229 register_client: Client registered
03-10 11:07:11.728  7545  7545 I FileStationLog: [ FS_h$a ] - [Display] Changed display: 0
03-10 11:07:11.728  7545  7545 I FileStationLog: [ FS_h ] - [Logic] Retrieved display info: LogicDisplayInfo(width=1080, height=2640, orientation=1, rotation=0, displayId=0)
03-10 11:07:11.728  7545  7545 I FileStationLog: [ FS_h$a ] - [Display] New logical size: 1080x2640
03-10 11:07:11.728  7545  7545 I FileStationLog: [ FS_h$a ] - [Display] Screen width unchanged: 1080
03-10 11:07:11.764  2064  5377 E sensors-hal: handle_sns_client_event:62, mot_disprot_event: now=85187668914943 ts=85187630405672, type=1, status=3
03-10 11:07:11.765  3163  3229 W BoostOptController: not supported hint: 118
03-10 11:07:11.765  3163  3229 D CLI/Rotation: Set volume keyswap sysprop for rotation 0 lidState OPEN
03-10 11:07:11.767  3163  3229 W BoostOptController: not supported hint: 118
03-10 11:07:11.767  3163  3229 D CLI/Rotation: Set volume keyswap sysprop for rotation 0 lidState OPEN
03-10 11:07:11.768  5388  5599 E ThermalEngine: First running, skip
03-10 11:07:11.769  5388  5599 I ThermalEngine: Monitor:ACTIVE:OVERRIDE-CHG:internal_override=1:DETECT-STANDBY=1
03-10 11:07:11.769  5388  5599 I ThermalEngine: ACTION: override_c - Setting override_c to 1
03-10 11:07:11.769  2068  6060 I vendor.qti.bluetooth@1.0-ibs_handler: ProcessIbsCmd: Received IBS_SLEEP_IND: 0xFE
03-10 11:07:11.770  5388  5598 I ThermalEngine: Thermal-Server: Thermal received msg from  override_c
03-10 11:07:11.770  5388  5610 I Thermal-Lib: Thermal-Lib-Client: Client request sent
03-10 11:07:11.801  2064  4171 D slpi    : tmd2712: Als lux: 80.30, ch0: 2834, ch1: 1280, scale: 1.08, atime:50.04, again:1024
03-10 11:07:11.847  5993  5993 D BoundBrokerSvc: onRebind: Intent { act=com.google.android.gms.libs.gmscorelogger.service.START dat=chimera-action:/... cmp=com.google.android.gms/.chimera.PersistentDirectBootAwareApiService }
03-10 11:07:11.861 10834 10847 W SP      : File ref is being finalized but wasn't closed, file: 7a635888cb828dfa2fc744b7b9b50f04[248]
03-10 11:07:11.863 10834 10847 W SP      : File ref is being finalized but wasn't closed, file: 2020031023_en[589]
03-10 11:07:11.863 10834 10847 W SP      : File ref is being finalized but wasn't closed, file: 2020031023_en[589]
03-10 11:07:11.863 10834 10847 W SP      : File ref is being finalized but wasn't closed, file: 2020031023_en[589]
03-10 11:07:11.863 10834 10847 W SP      : File ref is being finalized but wasn't closed, file: 2020031023_en[589]
03-10 11:07:11.869  2064  4171 D slpi-TCS3720: ALS_REPORT lux 3.375925, ch0 2.240037-1.511484-0.766973-0.586204, scale 1.1878, fps 90, client 1
03-10 11:07:11.869  2064  4171 D slpi-TCS3720: PRX_OC info Far, Total 0, pdata 0, offset 0 step 0.63, ore 0:0 step 21.00, TH_H 1020, TH_L 0, client 0
03-10 11:07:11.910  2163  2163 D SENSOREXT_ALS_COMP: FrontLight: no calculate, ReportLux 3.38, dbv 0
03-10 11:07:11.911  2195  2586 I SDM     : PipeAllocSdma2::CalculatePipeNumToDedicate: num_vig: 0, num_dma: 1
03-10 11:07:11.911  2195  2586 I SDM     : DisplayBase::SetDisplayState: active 1-1 state 1-1 pending_power_state_ 0
03-10 11:07:11.912  2300  2300 D SurfaceFlinger: Finished setting power mode 2 on display 4630947043778501762
03-10 11:07:11.912  2300  2300 D RefreshRateSelector: [90:120:0]: mTouchBoostRefreshRateAvailable=0, mScrollBoostRefreshRateAvailable=0, mTouchOnBlankNotBoostRefreshRateAvailable=0
03-10 11:07:11.914  3163  5305 D SurfaceControl: Excessive delay in setPowerMode()
03-10 11:07:11.915  3163  5305 W ServiceManagerCppClient: Failed to get isDeclared for com.motorola.hardware.display.panel.IDisplayPanel/default: Status(-1, EX_SECURITY): 'SELinux denied.'
03-10 11:07:11.915  3163  5305 D DisplayPanelService: Setting panel dc mode: 0
03-10 11:07:11.916  2090  2090 I DisplayPanel: setDcMode: DC mode = OFF
03-10 11:07:11.917  2090  2090 D DisplayPanel: setParam: Success set DC to 0 for Primary display
03-10 11:07:11.922  3163  3229 D CLI/Transition: displaygroup 0, state ON, pendingdisplaygroup -1
03-10 11:07:11.928 26976 27604 D MCLOG   : [BrightnessTrigger] onDisplayChanged displayId = 0
03-10 11:07:11.928  2300  2300 E Scheduler: trackPendingFrame: Invalid present fence
03-10 11:07:11.930  3163  3352 D BrightnessThermalClamper: Thermal status observer already started
03-10 11:07:11.931 26976 27604 D MCLOG   : [BrightnessManager] displayId = 0 brightness = 0.41334578 nit = 110.84214 level = br2
03-10 11:07:11.932  2067  3269 D AHAL: AudioDevice: SetParameters: 1564: enter: screen_state=on
03-10 11:07:11.933  3163  3352 V DisplayPowerController2[0]: Brightness [0.38057527] reason changing to: 'automatic', previous reason: 'manual'.
03-10 11:07:11.933  2067  3269 D AHAL: AudioVoice: VoiceSetParameters: 87: Enter params: screen_state=on
03-10 11:07:11.933  2067  3269 D AHAL: AudioVoice: VoiceSetParameters: 360: Exit ret: 0
03-10 11:07:11.933  2067  3269 D AHAL: FM: fm_set_parameters: 262: Enter
03-10 11:07:11.933  2067  3269 D AHAL: FM: fm_set_parameters: 320: exit
03-10 11:07:11.933  2067  3269 D AHAL: AudioDevice: SetParameters: 1625:  - screen = on
03-10 11:07:11.933  2067  3269 I PAL: ResourceManager: setParameter: 8311: Screen State:1
03-10 11:07:11.933  2067  3269 D AHAL: AudioDevice: SetParameters: 2361: exit: screen_state=on
03-10 11:07:11.933  3163  3352 I DisplayPowerController2[0]: 03-10 11:07:11.933 - BrightnessEvent: disp=0, physDisp=local:4630947043778501762, displayState=ON, displayPolicy=BRIGHT, brt=0.38057527, initBrt=0.41334578, rcmdBrt=0.38057527, preBrt=NaN, lux=48.780003, preLux=NaN, brtNits=93.7155, hdrNits=NaN, initNits=110.84214, preNits=NaN, rcmdNits=93.7155, hdrBrightness=NaN, brt(%)=45%, brtInt=98, hbmPolicy=normal, hbmMax=0.85440856, hbmMode=off, rbcStrength=50, thrmMax=1.0, powerFactor=1.0, wasShortTermModelActive=false, flags=, reason=automatic, autoBrightness=true, strategy=InvalidBrightnessStrategy, autoBrightnessMode=default
03-10 11:07:11.934  3163  3352 D BrightnessThermalClamper: Thermal status observer already started
03-10 11:07:11.934  3163  3163 I BrightnessSynchronizer: New Update: {[5925] 0.38057527(f), mUpdatedTypes=1, mConfirmedTypes=0, mTimeUpdated=0, mState=2}
03-10 11:07:11.934  3163  3163 I BrightnessSynchronizer: [5925] New Update 0.38057527(f) set brightness values:  98(i)
03-10 11:07:11.934  2300  2639 I SurfaceFlinger: mBrightnessDiming=1, isCli=0, mBrightnessDimingCnt=0
03-10 11:07:11.934  7545  7545 I FileStationLog: [ FS_h$a ] - [Display] Changed display: 0
03-10 11:07:11.935  7545  7545 I FileStationLog: [ FS_h ] - [Logic] Retrieved display info: LogicDisplayInfo(width=1080, height=2640, orientation=1, rotation=0, displayId=0)
03-10 11:07:11.935  7545  7545 I FileStationLog: [ FS_h$a ] - [Display] New logical size: 1080x2640
03-10 11:07:11.935  7545  7545 I FileStationLog: [ FS_h$a ] - [Display] Screen width unchanged: 1080
03-10 11:07:11.935  3163  3352 D BrightnessThermalClamper: Thermal status observer already started
03-10 11:07:11.936  3163  3163 I BrightnessSynchronizer: New PendingUpdate: {[5926] 0.38057527(f), mUpdatedTypes=0, mConfirmedTypes=0, mTimeUpdated=0, mState=1}, prev=null
03-10 11:07:11.936  3163  3163 I BrightnessSynchronizer: Swallowing update of 98(i) by update: {[5925] 0.38057527(f), mUpdatedTypes=1, mConfirmedTypes=1, mTimeUpdated=49479122, mState=2}
03-10 11:07:11.937  3163  3163 I BrightnessSynchronizer: Completed Update: {[5925] 0.38057527(f), mUpdatedTypes=1, mConfirmedTypes=1, mTimeUpdated=49479122, mState=3}
03-10 11:07:11.937  3163  3163 I BrightnessSynchronizer: New Update: {[5926] 0.38057527(f), mUpdatedTypes=0, mConfirmedTypes=0, mTimeUpdated=0, mState=2}
03-10 11:07:11.938  3163  3352 I WindowManager: Display 0 turned on...
03-10 11:07:11.940  3163  3352 W PowerManagerService: Screen on took 453 ms
03-10 11:07:11.941  3163  3231 D DisplayManagerService: Ignore redundant display event 1/4 to 10509/9250
03-10 11:07:11.941  3163  3231 D DisplayManagerService: Ignore redundant display event 1/4 to 10310/10834
03-10 11:07:11.941  3163  3231 D DisplayManagerService: Ignore redundant display event 1/4 to 10416/28264
03-10 11:07:11.942  5493  5493 I WallpaperService: engine resumed
03-10 11:07:11.943  3163  3163 I BrightnessSynchronizer: New Update: {[5927] 0.38057527(f), mUpdatedTypes=0, mConfirmedTypes=0, mTimeUpdated=0, mState=2}
03-10 11:07:11.944  3163  3163 I WindowManager: Finished waking up... (groupId=0 why=ON_BECAUSE_OF_USER) pmWakeReason=WAKE_REASON_LID
03-10 11:07:11.945  2064  2064 I sensors-hal: batch:206, android.sensor.accelerometer/11, period=20000000, max_latency=0
03-10 11:07:11.945  2064  2064 I sensors-hal: set_config:57, sample_period_ns is adjusted to 20000000 based on min/max delay_ns
03-10 11:07:11.945  2064  2064 I sensors-hal: send_sensor_config_request:395, resampler is used, set resampler config
03-10 11:07:11.945  3163  3163 I BrightnessSynchronizer: New Update: {[5928] 0.38057527(f), mUpdatedTypes=0, mConfirmedTypes=0, mTimeUpdated=0, mState=2}
03-10 11:07:11.945  2064  2064 I sensors-hal: send_sync_sensor_request:341, send sync request
03-10 11:07:11.945  2064  2064 I sensors-hal: send_sync_sensor_request:367, wait for notification of response
03-10 11:07:11.947  2064  5194 I sensors-hal: ssc_conn_resp_cb:632, resp_value = 0
03-10 11:07:11.947  2064  2064 I sensors-hal: send_sync_sensor_request:373, takes 2 ms to receive the response with 0
03-10 11:07:11.947  2064  2064 I sensors-hal: batch:215, android.sensor.accelerometer/11, period=20000000, max_latency=0 request completed
03-10 11:07:11.949  2064  2064 I sensors-hal: flush:235, android.sensor.accelerometer/11
03-10 11:07:11.949  2064  2064 I sensors-hal: send_sync_sensor_request:341, send sync request
03-10 11:07:11.949  2064  2064 I sensors-hal: send_sync_sensor_request:367, wait for notification of response
03-10 11:07:11.950  2064  5194 I sensors-hal: ssc_conn_resp_cb:632, resp_value = 0
03-10 11:07:11.950  2064  2064 I sensors-hal: send_sync_sensor_request:373, takes 1 ms to receive the response with 0
03-10 11:07:11.951  2064  2064 I sensors-hal: flush:241, android.sensor.accelerometer/11 completed
03-10 11:07:11.954  2064  2064 I sensors-hal: batch:206, android.sensor.magnetic_field/21, period=20000000, max_latency=0
03-10 11:07:11.954  2064  2064 I sensors-hal: set_config:57, sample_period_ns is adjusted to 20000000 based on min/max delay_ns
03-10 11:07:11.954  2064  2064 I sensors-hal: batch:215, android.sensor.magnetic_field/21, period=20000000, max_latency=0 request completed
03-10 11:07:11.954  2064  2064 I sensors-hal: activate:173, android.sensor.magnetic_field/21 en=1
03-10 11:07:11.954  2064  2064 I sensors-hal: get_qmi_debug_flag:239, support_qmi_debug : false
03-10 11:07:11.955  2061  2108 E minksocket: MinkIPC_QRTR_Service: client with node 1 port 601e went down
03-10 11:07:11.956  2061  2108 E minksocket: MinkIPC_QRTR_Service: client with node 1 port 601f went down
03-10 11:07:11.956  2061  2108 E minksocket: MinkIPC_QRTR_Service: client with node 1 port 6020 went down
03-10 11:07:11.957  2064  2064 E Diag_Lib: diag: Diag_LSM_Init: invoked for pid: 2064 with init_count: 0
03-10 11:07:11.957  2061  2108 E minksocket: MinkIPC_QRTR_Service: client with node 1 port 6021 went down
03-10 11:07:11.957  2064  2064 E Diag_Lib: diag:failed to connect to diag socket
03-10 11:07:11.957  2064  2064 E Diag_Lib:  Diag_LSM_Init: Failed to open handle to diag driver, error = 13
03-10 11:07:11.958  2064  2064 I sensors-hal: get_qmi_debug_flag:239, support_qmi_debug : false
03-10 11:07:11.958  2061  2108 E minksocket: MinkIPC_QRTR_Service: client with node 1 port 6023 went down
03-10 11:07:11.959  2061  2108 E minksocket: MinkIPC_QRTR_Service: client with node 1 port 6024 went down
03-10 11:07:11.960  2064  5616 I sensors-hal: handle_indication_realtime:467,  SCHED_FIFO(10) for qmi_cbk
03-10 11:07:11.960  2064  2064 E Diag_Lib: diag: Diag_LSM_Init: invoked for pid: 2064 with init_count: 0
03-10 11:07:11.960  2061  2108 E minksocket: MinkIPC_QRTR_Service: client with node 1 port 6025 went down
03-10 11:07:11.960  2061  2108 E minksocket: MinkIPC_QRTR_Service: client with node 1 port 6026 went down
03-10 11:07:11.960  2064  2064 E Diag_Lib: diag:failed to connect to diag socket
03-10 11:07:11.960  2064  2064 E Diag_Lib:  Diag_LSM_Init: Failed to open handle to diag driver, error = 13
03-10 11:07:11.961  2064  2064 I sensors-hal: send_sensor_config_request:395, resampler is used, set resampler config
03-10 11:07:11.961  2064  2064 I sensors-hal: send_sync_sensor_request:341, send sync request
03-10 11:07:11.961  2064  2064 I sensors-hal: send_sync_sensor_request:367, wait for notification of response
03-10 11:07:11.962  2064  5619 I sensors-hal: ssc_conn_resp_cb:632, resp_value = 0
03-10 11:07:11.962  2064  2064 I sensors-hal: send_sync_sensor_request:373, takes 1 ms to receive the response with 0
03-10 11:07:11.963  2064  2064 I sensors-hal: activate:294, mag_filter is enabled
03-10 11:07:11.963  2064  2064 I sensors-hal: activate:184, android.sensor.magnetic_field/21 en=1 completed
03-10 11:07:11.963  5493  5493 I AndroidInput: sensor listener setup
03-10 11:07:11.964  5493  5971 I AndroidGraphics: Unable to get safe area insets
03-10 11:07:11.966  2064  5619 I sensors-hal: handle_indication_realtime:467,  SCHED_FIFO(10) for qmi_cbk
03-10 11:07:11.967  5493  5971 I AndroidGraphics: resumed
03-10 11:07:11.969  2064  2064 I sensors-hal: batch:206, android.sensor.hinge_angle/362, period=200000000, max_latency=0
03-10 11:07:11.969  2064  2064 I sensors-hal: set_config:61, no need to adjust sample_period_ns due to reporting_mode = 2
03-10 11:07:11.969  2064  2064 I sensors-hal: batch:215, android.sensor.hinge_angle/362, period=200000000, max_latency=0 request completed
03-10 11:07:11.969  2064  2064 I sensors-hal: activate:173, android.sensor.hinge_angle/362 en=1
03-10 11:07:11.969  2064  2064 I sensors-hal: get_qmi_debug_flag:239, support_qmi_debug : false
03-10 11:07:11.971  2061  2108 E minksocket: MinkIPC_QRTR_Service: client with node 1 port 6028 went down
03-10 11:07:11.971  2061  2108 E minksocket: MinkIPC_QRTR_Service: client with node 1 port 6029 went down
03-10 11:07:11.973  2061  2108 E minksocket: MinkIPC_QRTR_Service: client with node 1 port 602a went down
03-10 11:07:11.973  2064  2064 E Diag_Lib: diag: Diag_LSM_Init: invoked for pid: 2064 with init_count: 0
03-10 11:07:11.973  2061  2108 E minksocket: MinkIPC_QRTR_Service: client with node 1 port 602b went down
03-10 11:07:11.973  2064  2064 E Diag_Lib: diag:failed to connect to diag socket
03-10 11:07:11.973  2064  2064 E Diag_Lib:  Diag_LSM_Init: Failed to open handle to diag driver, error = 13
