03-11 14:35:42.133  2582  8059 D NxpTml  : PN54X - Read requested.....
03-11 14:35:42.133  2582  8059 D NxpTml  : PN54X - Invoking I2C Read.....
03-11 14:35:42.133  6942  8007 D libnfc_nci: nfaDeviceManagementCallback: NFA_DM_SET_CONFIG_EVT
03-11 14:35:42.134  2300  2300 I SurfaceFlinger: Switching to Scheduler preferred mode 0 (60.00 Hz) for display 4630947043778501763
03-11 14:35:42.134  2300  2300 W ComposerExtn: DisplayExtnImpl::SetActiveConfig: HWC Display 2 is not registered!
03-11 14:35:42.134  2300  2300 D DisplayModeController: setDesiredMode 4630947043778501763 {mode={fps=60.00 Hz, modePtr={id=0, vsyncRate=60.00 Hz, peakRefreshRate=60.00 Hz}}, emitEvent=true, force=false}
03-11 14:35:42.134  2195  2392 I SDM     : DisplayBase::SetDisplayState: Set state = 1, display 76-0, teardown = 0
03-11 14:35:42.135  2195  2392 I SDM     : HWDeviceDRM::NullCommit: Null commit succeeded crtc=203
03-11 14:35:42.136  3163  7454 W AccessibilityWindowsPopulator: The displayInfo of this displayId (0) called back from the surface fligner is null
03-11 14:35:42.136  3163  3231 I DisplayDeviceRepository: Display device changed state: "HDMI Screen", ON
03-11 14:35:42.137 11449 11449 I OverviewComponentObserver: updateOverviewTargets: mIsHomeDisabled=true, isDefaultHomeNull=false, mIsDefaultHome=true
03-11 14:35:42.138  5689  5689 E DPMJ    : |SERVICE| sendScreenState state  falseand int value 0
03-11 14:35:42.139  3163  3163 I BrightnessSynchronizer: New Update: {[12257] 0.40185642(f), mUpdatedTypes=0, mConfirmedTypes=0, mTimeUpdated=0, mState=2}
03-11 14:35:42.139  5625  5625 I Channel.Remote: [de8362611079428da312381e6bb8b50c|com.motorola.personalize] Keep channel connection alive true by 4
03-11 14:35:42.140  3163  3231 W AccessibilityWindowsPopulator: The displayInfo of this displayId (0) called back from the surface fligner is null
03-11 14:35:42.141  3163  3232 I DisplayDevice: [1] Layerstack set to 1 for local:4630947043778501763 mDisplayToken=android.os.BinderProxy@433f576 t=Transaction{mNativeObject=-5476376673043392304, mHashCode=0}
03-11 14:35:42.142  3163  3231 W AccessibilityWindowsPopulator: The displayInfo of this displayId (0) called back from the surface fligner is null
03-11 14:35:42.142  3163  3231 I InputManager-JNI: Viewport [0] to add: local:4630947043778501762, isActive: false
03-11 14:35:42.142  3163  3231 I InputManager-JNI: Viewport [1] to add: local:4630947043778501763, isActive: true
03-11 14:35:42.143  3163  3229 V WindowManager: Content Recording: Display 1 state was (1), is now (2), so update recording?
03-11 14:35:42.143  3163  4285 I InputReader: Reconfiguring input devices, changes=DISPLAY_INFO
03-11 14:35:42.143  3163  3229 D CLI/Transition: displaygroup 1, state ON, pendingdisplaygroup -1
03-11 14:35:42.143  3163  4285 I InputReader: Disabling goodix_ts (device 7) because the associated viewport is not active
03-11 14:35:42.143  3163  4285 I InputReader: Device reconfigured: id=6, name='zinitix_mt', size 194x368, orientation Rotation0, mode DIRECT, display id 1
03-11 14:35:42.144  3163  7454 E WindowManager: Dream packageName does not match active dream. Package com.google.android.gsf does not match ComponentInfo{com.android.systemui/com.android.systemui.doze.DozeService}
03-11 14:35:42.144  3163  7454 E WindowManager: Dream packageName does not match active dream. Package com.google.android.gms does not match ComponentInfo{com.android.systemui/com.android.systemui.doze.DozeService}
03-11 14:35:42.145  3163  4132 E WindowManager: Dream packageName does not match active dream. Package com.dolby.daxservice does not match ComponentInfo{com.android.systemui/com.android.systemui.doze.DozeService}
03-11 14:35:42.145  5625  5640 I Channel.Remote: [binder:5625_2] [de8362611079428da312381e6bb8b50c|com.motorola.personalize][740] received remote channel service seq:740 results
03-11 14:35:42.145  3163  3202 E WindowManager: Dream packageName does not match active dream. Package com.motorola.livewallpaper3.prebuilt.vanilla_reflection does not match ComponentInfo{com.android.systemui/com.android.systemui.doze.DozeService}
03-11 14:35:42.146  3163  6016 E WindowManager: Dream packageName does not match active dream. Package com.google.android.ext.services does not match ComponentInfo{com.android.systemui/com.android.systemui.doze.DozeService}
03-11 14:35:42.146  3163  4131 E WindowManager: Dream packageName does not match active dream. Package com.google.android.gsf does not match ComponentInfo{com.android.systemui/com.android.systemui.doze.DozeService}
03-11 14:35:42.146  3163  4131 E WindowManager: Dream packageName does not match active dream. Package com.google.android.gms does not match ComponentInfo{com.android.systemui/com.android.systemui.doze.DozeService}
03-11 14:35:42.147  3163  5853 E WindowManager: Dream packageName does not match active dream. Package com.motorola.mobiledesktop does not match ComponentInfo{com.android.systemui/com.android.systemui.doze.DozeService}
03-11 14:35:42.147  3163  6016 E WindowManager: Dream packageName does not match active dream. Package com.motorola.mobiledesktop.core does not match ComponentInfo{com.android.systemui/com.android.systemui.doze.DozeService}
03-11 14:35:42.147  3163  4131 E WindowManager: Dream packageName does not match active dream. Package com.google.android.inputmethod.latin does not match ComponentInfo{com.android.systemui/com.android.systemui.doze.DozeService}
03-11 14:35:42.147  3163  7451 E WindowManager: Dream packageName does not match active dream. Package com.maps.radar.navigation.android2023 does not match ComponentInfo{com.android.systemui/com.android.systemui.doze.DozeService}
03-11 14:35:42.148  3163  7402 E WindowManager: Dream packageName does not match active dream. Package com.android.vending does not match ComponentInfo{com.android.systemui/com.android.systemui.doze.DozeService}
03-11 14:35:42.148  3163  3231 D PanelsService: updateCliDisplayState: mCliScreenState=ON
03-11 14:35:42.149  3163  3231 W ServiceManagerCppClient: Failed to get isDeclared for com.motorola.hardware.display.panel.IDisplayPanel/default: Status(-1, EX_SECURITY): 'SELinux denied.'
03-11 14:35:42.149  3163  3231 D DisplayPanelService: Setting panel dc mode: 0
03-11 14:35:42.149  2090  2090 I DisplayPanel: setDcMode: DC mode = OFF
03-11 14:35:42.149  2090  2090 D DisplayPanel: setParam: Success set DC to 0 for Primary display
03-11 14:35:42.149 10834 10834 I PkDeviceHelper: PkDeviceHelper.refreshDevices():93 refreshing devices
03-11 14:35:42.150  3163  5216 E WindowManager: Dream packageName does not match active dream. Package com.motorola.launcher3 does not match ComponentInfo{com.android.systemui/com.android.systemui.doze.DozeService}
03-11 14:35:42.150  3163  5853 E WindowManager: Dream packageName does not match active dream. Package com.motorola.motocare does not match ComponentInfo{com.android.systemui/com.android.systemui.doze.DozeService}
03-11 14:35:42.150  3163  4132 E WindowManager: Dream packageName does not match active dream. Package io.appium.settings does not match ComponentInfo{com.android.systemui/com.android.systemui.doze.DozeService}
03-11 14:35:42.150  3163  3227 D TouchHwAidlService: updateCliDisplayState: mCliScreenOn=true
03-11 14:35:42.152  3163  5215 I MR2ServiceImpl: Updating composite discovery preference | preference: RouteDiscoveryRequest{ preferredFeatures={}, activeScan=false }, active routers: []
03-11 14:35:42.153  7545  7545 I FileStationLog: [ FS_h$a ] - [Display] Changed display: 1
03-11 14:35:42.153  5625  5625 I Typeface: mototime=Rookery-Stacked;moto_time;5625
03-11 14:35:42.153  3163  5853 D SystemServerTiming: getUserSwitchability-0
03-11 14:35:42.153  3163  5853 D SystemServerTiming: TM.isInCall
03-11 14:35:42.153  3163  5853 D SystemServerTiming: hasUserRestriction-DISALLOW_USER_SWITCH
03-11 14:35:42.153  3163  5853 D SystemServerTiming: getInt-ALLOW_USER_SWITCHING_WHEN_SYSTEM_USER_LOCKED
03-11 14:35:42.153  3163  5853 D SystemServerTiming: isUserUnlocked-USER_SYSTEM
03-11 14:35:42.154  3163  3231 W AccessibilityWindowsPopulator: The displayInfo of this displayId (0) called back from the surface fligner is null
03-11 14:35:42.155  5493  6013 W HWUI    : Surface doesn't have any previously queued frames, nothing to readback from
03-11 14:35:42.156  3163  3163 D MotoFaceProvider: Receive screen off intent
03-11 14:35:42.156  5625  5625 I Typeface: mototime=Rookery-Stacked;moto_time;5625
03-11 14:35:42.156  5625  5625 D LockScreen_Plugin: notifyAttributesChanged: pluginCallback = com.android.systemui.shared.plugins.MotoLsClockFacePlugin$PluginCallback@db2e267, data = Bundle[{clock_face_time=moto_time, clock_face_color=-1}]
03-11 14:35:42.156  5625  5625 V MotoLsClockFacePlugin: onClockFaceColorChange: 0xffffffff
03-11 14:35:42.156  5625  5625 V MotoLsClockFacePlugin: onClockFontChanged
03-11 14:35:42.157  3163  6975 D SystemServerTiming: getUserSwitchability-0
03-11 14:35:42.157  3163  6975 D SystemServerTiming: TM.isInCall
03-11 14:35:42.157  3163  6975 D SystemServerTiming: hasUserRestriction-DISALLOW_USER_SWITCH
03-11 14:35:42.157  3163  6975 D SystemServerTiming: getInt-ALLOW_USER_SWITCHING_WHEN_SYSTEM_USER_LOCKED
03-11 14:35:42.157  3163  6975 D SystemServerTiming: isUserUnlocked-USER_SYSTEM
03-11 14:35:42.158  3163  3202 D SystemServerTiming: getUserSwitchability-0
03-11 14:35:42.158  3163  3202 D SystemServerTiming: TM.isInCall
03-11 14:35:42.158 10834 15480 I DeviceStatusMonitor: DeviceStatusMonitor.handleBroadcast():138 onReceive() : Action = android.intent.action.SCREEN_OFF
03-11 14:35:42.158 10834 15480 I DeviceStatusMonitor: DeviceStatusMonitor.updateCountryInfo():154 updateCountryInfo(), notifyAnyway = false
03-11 14:35:42.158 10834 10834 I Module  : DeviceLockedStatusModuleProvider$Module.updateDeviceLockedStatus():103 repeatCheckTimes = 0, locked = false
03-11 14:35:42.158 10834 10834 I InputBundle: InputBundle.consumeEvent():1029 Skip consuming an event as imeStatus is INACTIVE
03-11 14:35:42.161  3163  5843 E WindowManager: Dream packageName does not match active dream. Package com.motorola.mobiledesktop.core does not match ComponentInfo{com.android.systemui/com.android.systemui.doze.DozeService}
03-11 14:35:42.162  7545  7545 I FileStationLog: [ FS_h$a ] - [Display] Ignoring change for non-default/desktop display: 1
03-11 14:35:42.163  2064  2064 I sensors-hal: batch:206, com.motorola.sensor.stowed/65568, period=200000000, max_latency=0
03-11 14:35:42.163  2064  2064 I sensors-hal: set_config:61, no need to adjust sample_period_ns due to reporting_mode = 2
03-11 14:35:42.163  2064  2064 I sensors-hal: batch:215, com.motorola.sensor.stowed/65568, period=200000000, max_latency=0 request completed
03-11 14:35:42.164  3163  3202 D SystemServerTiming: hasUserRestriction-DISALLOW_USER_SWITCH
03-11 14:35:42.165  3163  3202 D SystemServerTiming: getInt-ALLOW_USER_SWITCHING_WHEN_SYSTEM_USER_LOCKED
03-11 14:35:42.165  2064  2064 I sensors-hal: activate:173, com.motorola.sensor.tap/65988 en=0
03-11 14:35:42.166  2061  2108 E minksocket: MinkIPC_QRTR_Service: client with node 1 port 6538 went down
03-11 14:35:42.166  2064  2064 I sensors-hal: activate:184, com.motorola.sensor.tap/65988 en=0 completed
03-11 14:35:42.167  3163  3202 D SystemServerTiming: isUserUnlocked-USER_SYSTEM
03-11 14:35:42.168  5625  5625 I vol.VolumeDialogImpl: mDialog.dismiss() reason: screen_off from: com.android.systemui.volume.VolumeDialogImpl$10.onScreenOff:4 displayId: 0 mShowing: false mIsAnimatingDismiss: false
03-11 14:35:42.172  5625  5625 D BiometricsRepositoryImpl: currentUser authFlags changed, new value: AuthenticationFlags(userId=0, flag=0)
03-11 14:35:42.172  5625  5625 D BiometricsRepositoryImpl: currentUser authFlags changed, new value: AuthenticationFlags(userId=0, flag=0)
03-11 14:35:42.172  5625  5625 D BiometricsRepositoryImpl: currentUser authFlags changed, new value: AuthenticationFlags(userId=0, flag=0)
03-11 14:35:42.172  5625  5625 D BiometricsRepositoryImpl: currentUser authFlags changed, new value: AuthenticationFlags(userId=0, flag=0)
03-11 14:35:42.172 11449 11449 D StateManager: goToState - fromState: Normal, toState: Normal, partial trace:
03-11 14:35:42.172 11449 11449 D StateManager: 	at com.android.launcher3.Launcher.onScreenOnChanged(Launcher.java:3017)
03-11 14:35:42.172 11449 11449 D StateManager: 	at com.android.launcher3.Launcher$$ExternalSyntheticLambda25.onScreenOnChanged(D8$$SyntheticClass:0)
03-11 14:35:42.172 11449 11449 D StateManager: 	at com.android.launcher3.util.ScreenOnTracker.lambda$dispatchScreenOnChanged$0(ScreenOnTracker.java:67)
03-11 14:35:42.173  5625  5625 D BiometricsRepositoryImpl: currentUser authFlags changed, new value: AuthenticationFlags(userId=0, flag=0)
03-11 14:35:42.173  5625  5625 D BiometricsRepositoryImpl: currentUser authFlags changed, new value: AuthenticationFlags(userId=0, flag=0)
03-11 14:35:42.177  7545  7545 I FileStationLog: [ FileStationManager ] - screenIsOn: false, hasWindowShowed: false
03-11 14:35:42.177  7545  7545 I MotoDesktopLog: [ FileStationLog ] - broadcastMessage - cmd : 2008
03-11 14:35:42.177  5625  5920 D ControlsListingControllerImpl: Subscribing callback, service count: 1
03-11 14:35:42.178  5625  5920 D ControlsListingControllerImpl: Subscribing callback, service count: 1
03-11 14:35:42.181  5625  5920 D ControlsListingControllerImpl: Subscribing callback, service count: 1
03-11 14:35:42.197  8373 13060 W QAWalletSvc: No wallet cards to return. [CONTEXT service_id=79 ]
03-11 14:35:42.197  8373 13063 W QAWalletSvc: No wallet cards to return. [CONTEXT service_id=79 ]
03-11 14:35:42.197  8373 11174 W QAWalletSvc: No wallet cards to return. [CONTEXT service_id=79 ]
03-11 14:35:42.199  3163  5158 D WifiStaIfaceHidlImpl: getCachedScanData is not implemented by HIDL
03-11 14:35:42.200  5625  5920 E QuickAccessWalletKeyguardQuickAffordanceConfig: Wallet card retrieval error, message: "Unable to load your payment info"
03-11 14:35:42.200  5625  5920 E QuickAccessWalletKeyguardQuickAffordanceConfig: Wallet card retrieval error, message: "Unable to load your payment info"
03-11 14:35:42.200  5625  5920 E QuickAccessWalletKeyguardQuickAffordanceConfig: Wallet card retrieval error, message: "Unable to load your payment info"
03-11 14:35:42.309  2195  2392 I SDM     : PipeAllocSdma2::CalculatePipeNumToDedicate: num_vig: 0, num_dma: 1
03-11 14:35:42.309  2195  2392 I SDM     : DisplayBase::SetDisplayState: active 1-1 state 1-1 pending_power_state_ 0
03-11 14:35:42.310  2300  2300 W ComposerExtn: DisplayExtnImpl::SetEarlyWakeUpConfig: HWC Display 2 is not registered!
03-11 14:35:42.310  2300  2300 D SurfaceFlinger: Finished setting power mode 2 on display 4630947043778501763
03-11 14:35:42.310  2300  2300 D RefreshRateSelector: [90:120:0]: mTouchBoostRefreshRateAvailable=0, mScrollBoostRefreshRateAvailable=0, mTouchOnBlankNotBoostRefreshRateAvailable=0
03-11 14:35:42.310  3163  5308 D SurfaceControl: Excessive delay in setPowerMode()
03-11 14:35:42.315  3163  5308 W ServiceManagerCppClient: Failed to get isDeclared for com.motorola.hardware.display.panel.IDisplayPanel/default: Status(-1, EX_SECURITY): 'SELinux denied.'
03-11 14:35:42.315  3163  5308 D DisplayPanelService: Setting panel dc mode: 0
03-11 14:35:42.316  2090  2090 I DisplayPanel: setDcMode: DC mode = OFF
03-11 14:35:42.317  2090  2090 D DisplayPanel: setParam: Success set DC to 0 for Primary display
03-11 14:35:42.319  2300  2300 E Scheduler: trackPendingFrame: Invalid present fence
03-11 14:35:42.322  3163  3229 V WindowManager: Content Recording: Display 1 state was (2), is now (2), so update recording?
03-11 14:35:42.322  3163  3229 D CLI/Transition: displaygroup 1, state ON, pendingdisplaygroup -1
03-11 14:35:42.323  3163  3231 D DisplayManagerService: Ignore redundant display event 1/2 to 10416/7870
03-11 14:35:42.324  3163  3231 D DisplayManagerService: Ignore redundant display event 1/2 to 10608/11774
03-11 14:35:42.324  3163  4131 E WindowManager: Dream packageName does not match active dream. Package com.motorola.mobiledesktop.core does not match ComponentInfo{com.android.systemui/com.android.systemui.doze.DozeService}
03-11 14:35:42.325  3163  6975 E WindowManager: Dream packageName does not match active dream. Package com.google.android.gsf does not match ComponentInfo{com.android.systemui/com.android.systemui.doze.DozeService}
03-11 14:35:42.326  3163  6975 E WindowManager: Dream packageName does not match active dream. Package com.google.android.gms does not match ComponentInfo{com.android.systemui/com.android.systemui.doze.DozeService}
03-11 14:35:42.326  3163  5216 E WindowManager: Dream packageName does not match active dream. Package com.android.vending does not match ComponentInfo{com.android.systemui/com.android.systemui.doze.DozeService}
03-11 14:35:42.327  3163  3352 D BrightnessThermalClamper: Thermal status observer already started
03-11 14:35:42.328  3163  3352 D BrightnessThermalClamper: Thermal status observer already started
03-11 14:35:42.328  3163  5843 E WindowManager: Dream packageName does not match active dream. Package com.google.android.gsf does not match ComponentInfo{com.android.systemui/com.android.systemui.doze.DozeService}
03-11 14:35:42.328  3163  3352 I WindowManager: Display 1 turned on...
03-11 14:35:42.328  3163  3229 D CLI/SmallCLI: onScreenTurnedOn: 
03-11 14:35:42.328  3163  5843 E WindowManager: Dream packageName does not match active dream. Package com.google.android.gms does not match ComponentInfo{com.android.systemui/com.android.systemui.doze.DozeService}
03-11 14:35:42.328  3163  6975 E WindowManager: Dream packageName does not match active dream. Package com.motorola.launcher3 does not match ComponentInfo{com.android.systemui/com.android.systemui.doze.DozeService}
03-11 14:35:42.328  6344  6344 I WindowController: window interactive state updated to true
03-11 14:35:42.329  3163  3352 D PowerManagerService: handleSandman ignore 0
03-11 14:35:42.329  3163  7451 E WindowManager: Dream packageName does not match active dream. Package com.motorola.mobiledesktop does not match ComponentInfo{com.android.systemui/com.android.systemui.doze.DozeService}
03-11 14:35:42.329  3163  3163 I BrightnessSynchronizer: New Update: {[12258] 0.40185642(f), mUpdatedTypes=0, mConfirmedTypes=0, mTimeUpdated=0, mState=2}
03-11 14:35:42.329  3163  7000 E WindowManager: Dream packageName does not match active dream. Package com.google.android.ext.services does not match ComponentInfo{com.android.systemui/com.android.systemui.doze.DozeService}
03-11 14:35:42.330  3163  7402 E WindowManager: Dream packageName does not match active dream. Package com.google.android.inputmethod.latin does not match ComponentInfo{com.android.systemui/com.android.systemui.doze.DozeService}
03-11 14:35:42.330  3163  6016 E WindowManager: Dream packageName does not match active dream. Package com.maps.radar.navigation.android2023 does not match ComponentInfo{com.android.systemui/com.android.systemui.doze.DozeService}
03-11 14:35:42.332  2064  4171 D slpi-TMD2712: tmd2712: Prox pdata 6, offset1:69, full: 720, NearBy: 0, Lth:54, Hth:85,off_l 69. off_h 0, th_l 1, th_h 85
03-11 14:35:42.332  3163  7454 E WindowManager: Dream packageName does not match active dream. Package com.motorola.livewallpaper3.prebuilt.vanilla_reflection does not match ComponentInfo{com.android.systemui/com.android.systemui.doze.DozeService}
03-11 14:35:42.333  3163  4129 E WindowManager: Dream packageName does not match active dream. Package com.dolby.daxservice does not match ComponentInfo{com.android.systemui/com.android.systemui.doze.DozeService}
03-11 14:35:42.333  3163  6987 E WindowManager: Dream packageName does not match active dream. Package io.appium.settings does not match ComponentInfo{com.android.systemui/com.android.systemui.doze.DozeService}
03-11 14:35:42.334  3163  4131 E WindowManager: Dream packageName does not match active dream. Package com.motorola.motocare does not match ComponentInfo{com.android.systemui/com.android.systemui.doze.DozeService}
03-11 14:35:42.335  2300  2300 E Scheduler: trackPendingFrame: Invalid present fence
03-11 14:35:42.337  7545  7545 I FileStationLog: [ FS_h$a ] - [Display] Changed display: 1
03-11 14:35:42.338  3163  5853 E WindowManager: Dream packageName does not match active dream. Package com.motorola.mobiledesktop.core does not match ComponentInfo{com.android.systemui/com.android.systemui.doze.DozeService}
03-11 14:35:42.339  7545  7545 I FileStationLog: [ FS_h$a ] - [Display] Ignoring change for non-default/desktop display: 1
03-11 14:35:42.343  2064  4171 D slpi-TMD2712: tmd2712: Prox pdata 5, offset1:69, full: 716, NearBy: 0, Lth:54, Hth:85,off_l 69. off_h 0, th_l 1, th_h 85
03-11 14:35:42.346  3163  5853 W InputDispatcher: Focused display #1 does not have a focused window.
03-11 14:35:42.347  3163  3231 W AccessibilityWindowsPopulator: The displayInfo of this displayId (0) called back from the surface fligner is null
03-11 14:35:42.347  3163  3231 V WindowManager: Unknown focus tokens, dropping reportFocusChanged
03-11 14:35:42.348  6344  6344 W libc    : Access denied finding property "vendor.display.enable_optimal_refresh_rate"
03-11 14:35:42.349  6344  6344 W libc    : Access denied finding property "vendor.gpp.create_frc_extension"
03-11 14:35:42.356  3163  3231 W AccessibilityWindowsPopulator: The displayInfo of this displayId (0) called back from the surface fligner is null
03-11 14:35:42.363  2300  2300 E Scheduler: trackPendingFrame: Invalid present fence
03-11 14:35:42.382  2300  2300 E Scheduler: trackPendingFrame: Invalid present fence
03-11 14:35:42.386  3163  4298 I ImeTracker: com.motorola.launcher.secondarydisplay:b6213e49: onRequestHide at ORIGIN_SERVER reason HIDE_UNSPECIFIED_WINDOW fromUser false
03-11 14:35:42.388 10834 10834 W TooltipLifecycleManager: TooltipLifecycleManager.dismissTooltips():153 Tooltip with id undo_access_point_promotion_banner not found in tooltipManager.
03-11 14:35:42.390 12657 12657 D InsetsController: hide(ime(), fromIme=true)
03-11 14:35:42.391 12657 12657 I ImeTracker: com.maps.radar.navigation.android2023:225f3210: onRequestHide at ORIGIN_CLIENT reason HIDE_SOFT_INPUT_BY_INSETS_API fromUser false
03-11 14:35:42.391  3163  4298 W InputManager-JNI: Input channel object '18f67ce InputMethod (client)' was disposed without first being removed with the input manager!
03-11 14:35:42.395  3163  4298 I ImeTracker: com.motorola.launcher.secondarydisplay:41981201: onRequestHide at ORIGIN_SERVER reason HIDE_DISPLAY_IME_POLICY_HIDE fromUser false
03-11 14:35:42.395  3163  4298 I ImeTracker: com.motorola.launcher.secondarydisplay:41981201: onCancelled at PHASE_SERVER_SHOULD_HIDE
03-11 14:35:42.396  3163  6016 E InputMethodManagerService: Ignoring com.android.server.inputmethod.InputMethodManagerService.setImeWindowStatus:3318 due to an invalid token. uid:10310 token:android.os.Binder@bf2081c
03-11 14:35:42.396  3163  6016 E InputMethodManagerService: Ignoring com.android.server.inputmethod.InputMethodManagerService.applyImeVisibility:5289 due to an invalid token. uid:10310 token:android.os.Binder@bf2081c
03-11 14:35:42.396  3163  6016 I ImeTracker: com.motorola.launcher.secondarydisplay:b6213e49: onFailed at PHASE_SERVER_CURRENT_ACTIVE_IME
03-11 14:35:42.396  3163  7454 W WindowManager: Failed looking up window session=Session{aad39a 10834:u0a10310} callers=com.android.server.wm.WindowManagerService.windowForClientLocked:6941 com.android.server.wm.WindowManagerService.relayoutWindowInner:2627 com.android.server.wm.WindowManagerService.relayoutWindow:2592 
03-11 14:35:42.396  3163  7454 W WindowManager: win is null client=android.os.BinderProxy@9137cd0
03-11 14:35:42.397  3163  4131 W WindowManager: Failed looking up window session=Session{aad39a 10834:u0a10310} callers=com.android.server.wm.WindowManagerService.windowForClientLocked:6941 com.android.server.wm.WindowManagerService.setInsetsWindow:2479 com.android.server.wm.Session.setInsets:335 
03-11 14:35:42.397  3163  4131 W WindowManager: win is null client=android.os.BinderProxy@9137cd0
03-11 14:35:42.397 10834 10834 I GoogleInputMethodService: GoogleInputMethodService.onFinishInput():2097 
03-11 14:35:42.398 10834 10834 I Module  : DeviceLockedStatusModuleProvider$Module.updateDeviceLockedStatus():103 repeatCheckTimes = 0, locked = false
03-11 14:35:42.398 10834 10834 W SessionManager: SessionManager.endSession():88 Try to end a not begun session [INPUT_SESSION].
03-11 14:35:42.398 10834 10834 I GoogleInputMethodService: GoogleInputMethodService.onDestroy():934 
03-11 14:35:42.398 10834 10834 I GlobeKeyExtension: GlobeKeyExtension.onDestroyExtension():162 
03-11 14:35:42.398 10834 10834 I ModuleManager: ModuleManager$ModuleInitListener.maybeUnloadModuleOnUnavailable():1386 module lvk is unavailable
03-11 14:35:42.399 10834 10834 I HardKeyTracker: HardKeyTracker.unregisterKeySequence():221 Unregister key sequence nul{labelResId=2132020475, callback=cnx@9b913e6, lastModifier=2, keyCodes=[47], actions=[0]}
03-11 14:35:42.399 10834 10834 I ModuleManager: ModuleManager$ModuleInitListener.maybeUnloadModuleOnUnavailable():1386 module eci is unavailable
03-11 14:35:42.399 10834 10834 I ModuleManager: ModuleManager$ModuleInitListener.maybeUnloadModuleOnUnavailable():1386 module hvi is unavailable
03-11 14:35:42.399 10834 10834 I ModuleManager: ModuleManager$ModuleInitListener.maybeUnloadModuleOnUnavailable():1386 module mhz is unavailable
03-11 14:35:42.399 10834 10834 I ModuleManager: ModuleManager$ModuleInitListener.maybeUnloadModuleOnUnavailable():1386 module mia is unavailable
03-11 14:35:42.399  3163  3231 W AccessibilityWindowsPopulator: The displayInfo of this displayId (0) called back from the surface fligner is null
03-11 14:35:42.399 10834 10834 I ModuleManager: ModuleManager$ModuleInitListener.maybeUnloadModuleOnUnavailable():1386 module mib is unavailable
03-11 14:35:42.399 10834 10834 I ModuleManager: ModuleManager$ModuleInitListener.maybeUnloadModuleOnUnavailable():1386 module mic is unavailable
03-11 14:35:42.399 10834 10834 I ModuleManager: ModuleManager$ModuleInitListener.maybeUnloadModuleOnUnavailable():1386 module mie is unavailable
03-11 14:35:42.399 10834 10834 I ModuleManager: ModuleManager$ModuleInitListener.maybeUnloadModuleOnUnavailable():1386 module mii is unavailable
03-11 14:35:42.400 10834 10834 I ModuleManager: ModuleManager$ModuleInitListener.maybeUnloadModuleOnUnavailable():1386 module mtq is unavailable
03-11 14:35:42.400 10834 10834 I HardKeyTracker: HardKeyTracker.unregisterKeySequence():221 Unregister key sequence nul{labelResId=0, callback=lkj@8ca217d, lastModifier=0, keyCodes=[204], actions=[0]}
03-11 14:35:42.400 10834 10834 I ModuleManager: ModuleManager$ModuleInitListener.maybeUnloadModuleOnUnavailable():1386 module mts is unavailable
03-11 14:35:42.400 10834 10834 I ModuleManager: ModuleManager$ModuleInitListener.maybeUnloadModuleOnUnavailable():1386 module nyc is unavailable
03-11 14:35:42.401 10834 10834 I ModuleManager: ModuleManager$ModuleInitListener.maybeUnloadModuleOnUnavailable():1386 module ljh is unavailable
03-11 14:35:42.402 10834 10834 I ModuleManager: ModuleManager$ModuleInitListener.maybeUnloadModuleOnUnavailable():1386 module ewi is unavailable
03-11 14:35:42.402 10834 10834 I ModuleManager: ModuleManager$ModuleInitListener.maybeUnloadModuleOnUnavailable():1386 module fol is unavailable
03-11 14:35:42.402 10834 10834 I ModuleManager: ModuleManager$ModuleInitListener.maybeUnloadModuleOnUnavailable():1386 module fub is unavailable
03-11 14:35:42.402 10834 10834 I ModuleManager: ModuleManager$ModuleInitListener.maybeUnloadModuleOnUnavailable():1386 module fvu is unavailable
03-11 14:35:42.403 10834 10996 I InputActionMetricsProcessor: InputActionMetricsProcessor.onDetached():109 Detached from metrics manager.
03-11 14:35:42.403 10834 10834 I ModuleManager: ModuleManager$ModuleInitListener.maybeUnloadModuleOnUnavailable():1386 module gfa is unavailable
03-11 14:35:42.403 10834 10834 I ModuleManager: ModuleManager$ModuleInitListener.maybeUnloadModuleOnUnavailable():1386 module ggo is unavailable
03-11 14:35:42.404 10834 10834 I ModuleManager: ModuleManager$ModuleInitListener.maybeUnloadModuleOnUnavailable():1386 module gjm is unavailable
03-11 14:35:42.404 10834 10834 I JapaneseMozcExtension: JapaneseMozcExtension.onDestroy():52 
03-11 14:35:42.404 10834 10834 I ModuleManager: ModuleManager$ModuleInitListener.maybeUnloadModuleOnUnavailable():1386 module gkb is unavailable
03-11 14:35:42.404 10834 10834 I ModuleManager: ModuleManager$ModuleInitListener.maybeUnloadModuleOnUnavailable():1386 module gya is unavailable
03-11 14:35:42.404 10834 10834 I ModuleManager: ModuleManager$ModuleInitListener.maybeUnloadModuleOnUnavailable():1386 module IEmojiOrGifExtension is unavailable
03-11 14:35:42.404 10834 10834 I ModuleManager: ModuleManager$ModuleInitListener.maybeUnloadModuleOnUnavailable():1386 module IEmoticonExtension is unavailable
03-11 14:35:42.405 10834 10834 I ModuleManager: ModuleManager$ModuleInitListener.maybeUnloadModuleOnUnavailable():1386 module hlc is unavailable
03-11 14:35:42.406 10834 10834 I ModuleManager: ModuleManager$ModuleInitListener.maybeUnloadModuleOnUnavailable():1386 module hoe is unavailable
03-11 14:35:42.406 10834 10834 I ModuleManager: ModuleManager$ModuleInitListener.maybeUnloadModuleOnUnavailable():1386 module hqs is unavailable
03-11 14:35:42.406 10834 10834 I ModuleManager: ModuleManager$ModuleInitListener.maybeUnloadModuleOnUnavailable():1386 module nwn is unavailable
03-11 14:35:42.406 10834 10834 I ModuleManager: ModuleManager$ModuleInitListener.maybeUnloadModuleOnUnavailable():1386 module iga is unavailable
03-11 14:35:42.406 10834 10834 I UniversalDictationExtension: UniversalDictationExtension.onDestroyExtension():136 onDestroy [UD]
03-11 14:35:42.407 10834 10834 I ModuleManager: ModuleManager$ModuleInitListener.maybeUnloadModuleOnUnavailable():1386 module igb is unavailable
03-11 14:35:42.407 10834 10834 I ModuleManager: ModuleManager$ModuleInitListener.maybeUnloadModuleOnUnavailable():1386 module iiq is unavailable
03-11 14:35:42.407 10834 10834 I NewS3RecognizerModule: NewS3RecognizerModule.onDestroy():28 onDestroy [news3]
03-11 14:35:42.407 10834 10834 I ModuleManager: ModuleManager$ModuleInitListener.maybeUnloadModuleOnUnavailable():1386 module imw is unavailable
03-11 14:35:42.407 10834 10834 I ModuleManager: ModuleManager$ModuleInitListener.maybeUnloadModuleOnUnavailable():1386 module kdw is unavailable
03-11 14:35:42.407 10834 10834 I HardKeyTracker: HardKeyTracker.unregisterKeySequence():221 Unregister key sequence nul{labelResId=2132020468, callback=cth@f4e6d10, lastModifier=2, keyCodes=[37], actions=[0]}
03-11 14:35:42.407 10834 10834 I HardKeyTracker: HardKeyTracker.unregisterKeySequence():221 Unregister key sequence nul{labelResId=2132020470, callback=cth@cc2720e, lastModifier=2, keyCodes=[48], actions=[0]}
03-11 14:35:42.407 10834 10834 I HardKeyTracker: HardKeyTracker.unregisterKeySequence():221 Unregister key sequence nul{labelResId=2132020465, callback=cth@30a7d1, lastModifier=2, keyCodes=[50], actions=[0]}
03-11 14:35:42.407 10834 10834 I HardKeyTracker: HardKeyTracker.unregisterKeySequence():221 Unregister key sequence nul{labelResId=2132020466, callback=cth@5b54aa4, lastModifier=2, keyCodes=[56], actions=[0]}
03-11 14:35:42.408 10834 10834 I HardKeyTracker: HardKeyTracker.unregisterKeySequence():221 Unregister key sequence nul{labelResId=2132020466, callback=cth@9c6f00d, lastModifier=0, keyCodes=[317], actions=[0]}
03-11 14:35:42.408 10834 10834 I HardKeyTracker: HardKeyTracker.unregisterKeySequence():221 Unregister key sequence nul{labelResId=2132020471, callback=cth@b9eb4e6, lastModifier=2, keyCodes=[32], actions=[0]}
03-11 14:35:42.408 10834 10834 I HardKeyTracker: HardKeyTracker.unregisterKeySequence():221 Unregister key sequence nul{labelResId=2132020465, callback=cth@106a537, lastModifier=2, keyCodes=[50], actions=[0]}
03-11 14:35:42.408 10834 10834 I HardKeyTracker: HardKeyTracker.unregisterKeySequence():221 Unregister key sequence nul{labelResId=2132020469, callback=cth@c58e586, lastModifier=65536, keyCodes=[76], actions=[0]}
03-11 14:35:42.408 10834 10834 I HardKeyTracker: HardKeyTracker.unregisterKeySequence():221 Unregister key sequence nul{labelResId=2132020468, callback=cth@637a11a, lastModifier=2, keyCodes=[37], actions=[0]}
03-11 14:35:42.408 10834 10834 I HardKeyTracker: HardKeyTracker.unregisterKeySequence():221 Unregister key sequence nul{labelResId=2132018771, callback=cth@a34266b, lastModifier=2, keyCodes=[39], actions=[0]}
03-11 14:35:42.409 10834 10834 I HardKeyTracker: HardKeyTracker.unregisterKeySequence():221 Unregister key sequence nul{labelResId=2132020475, callback=cth@276e461, lastModifier=2, keyCodes=[47], actions=[0]}
03-11 14:35:42.409 10834 10834 I HardKeyTracker: HardKeyTracker.unregisterKeySequence():221 Unregister key sequence nul{labelResId=2132020466, callback=cth@130ef66, lastModifier=2, keyCodes=[56], actions=[0]}
03-11 14:35:42.409 10834 10834 I HardKeyTracker: HardKeyTracker.unregisterKeySequence():221 Unregister key sequence nul{labelResId=2132020466, callback=cth@9ab32a7, lastModifier=0, keyCodes=[317], actions=[0]}
03-11 14:35:42.409 10834 10834 I HardKeyTracker: HardKeyTracker.unregisterKeySequence():221 Unregister key sequence nul{labelResId=2132020470, callback=cth@de65bc2, lastModifier=2, keyCodes=[48], actions=[0]}
03-11 14:35:42.409 10834 10834 I HardKeyTracker: HardKeyTracker.unregisterKeySequence():221 Unregister key sequence nul{labelResId=2132020471, callback=cth@25dba6c, lastModifier=2, keyCodes=[32], actions=[0]}
03-11 14:35:42.410  5493  6013 W HWUI    : Surface doesn't have any previously queued frames, nothing to readback from
03-11 14:35:42.410 10834 10834 I ModuleManager: ModuleManager$ModuleInitListener.maybeUnloadModuleOnUnavailable():1386 module kgi is unavailable
03-11 14:35:42.411 10834 10834 I ModuleManager: ModuleManager$ModuleInitListener.maybeUnloadModuleOnUnavailable():1386 module lns is unavailable
03-11 14:35:42.411 10834 10834 I ModuleManager: ModuleManager$ModuleInitListener.maybeUnloadModuleOnUnavailable():1386 module IBannerExtension is unavailable
03-11 14:35:42.411 10834 10834 I ModuleManager: ModuleManager$ModuleInitListener.maybeUnloadModuleOnUnavailable():1386 module ohp is unavailable
03-11 14:35:42.411 10834 10834 I ModuleManager: ModuleManager$ModuleInitListener.maybeUnloadModuleOnUnavailable():1386 module oky is unavailable
03-11 14:35:42.412 10834 10834 I ModuleManager: ModuleManager$ModuleInitListener.maybeUnloadModuleOnUnavailable():1386 module ifj is unavailable
03-11 14:35:42.412 10834 10834 I ModuleManager: ModuleManager$ModuleInitListener.maybeUnloadModuleOnUnavailable():1386 module ifn is unavailable
03-11 14:35:42.414 10834 10834 I ModuleManager: ModuleManager$ModuleInitListener.maybeUnloadModuleOnUnavailable():1386 module nyi is unavailable
03-11 14:35:42.415  2064  4171 D slpi    : tmd2712: Als lux: 145.90, ch0: 2495, ch1: 92, scale: 1.08, atime:50.04, again:1024
03-11 14:35:42.415 10834 10834 W NotificationCenter: NotificationCenter.unregisterListener():480 Listener ktn@efd868e was not registered for notification class mev
03-11 14:35:42.415 10834 10834 W NotificationCenter: NotificationCenter.unregisterListener():480 Listener ktm@1a01689 was not registered for notification class men
03-11 14:35:42.415 10834 10834 W NotificationCenter: NotificationCenter.unregisterListener():480 Listener nhv@c514d90 was not registered for notification class kgz
03-11 14:35:42.415 10834 10834 W NotificationCenter: NotificationCenter.unregisterListener():480 Listener ktc@ea5b2bc was not registered for notification class lhi
03-11 14:35:42.415 10834 10834 W NotificationCenter: NotificationCenter.unregisterListener():480 Listener kdq@dbc3ee5 was not registered for notification class kfo
03-11 14:35:42.416 10834 10834 I HardKeyTracker: HardKeyTracker.unregisterKeySequence():221 Unregister key sequence nul{labelResId=2132020472, callback=null, lastModifier=2, keyCodes=[8], actions=[0]}
03-11 14:35:42.416 10834 10834 I HardKeyTracker: HardKeyTracker.unregisterKeySequence():221 Unregister key sequence nul{labelResId=2132020474, callback=gqg@fede931, lastModifier=2, keyCodes=[62], actions=[0]}
03-11 14:35:42.416 10834 10834 I ModuleManager: ModuleManager$ModuleInitListener.maybeUnloadModuleOnUnavailable():1386 module kdu is unavailable
03-11 14:35:42.416 10834 10834 I ModuleManager: ModuleManager$ModuleInitListener.maybeUnloadModuleOnUnavailable():1386 module olt is unavailable
03-11 14:35:42.418 10834 10834 I ModuleManager: ModuleManager$ModuleInitListener.maybeUnloadModuleOnUnavailable():1386 module hok is unavailable
03-11 14:35:42.419 10834 10834 I ModuleManager: ModuleManager$ModuleInitListener.maybeUnloadModuleOnUnavailable():1386 module ghq is unavailable
03-11 14:35:42.420 10834 10834 I ModuleManager: ModuleManager$ModuleInitListener.maybeUnloadModuleOnUnavailable():1386 module hvu is unavailable
03-11 14:35:42.421 10834 10834 I ModuleManager: ModuleManager$ModuleInitListener.maybeUnloadModuleOnUnavailable():1386 module ecr is unavailable
03-11 14:35:42.421 10834 10834 I ModuleManager: ModuleManager$ModuleInitListener.maybeUnloadModuleOnUnavailable():1386 module esr is unavailable
03-11 14:35:42.421 10834 10834 I ModuleManager: ModuleManager$ModuleInitListener.maybeUnloadModuleOnUnavailable():1386 module hzz is unavailable
03-11 14:35:42.421 10834 10834 I ModuleManager: ModuleManager$ModuleInitListener.maybeUnloadModuleOnUnavailable():1386 module ifc is unavailable
03-11 14:35:42.421 10834 10834 I ModuleManager: ModuleManager$ModuleInitListener.maybeUnloadModuleOnUnavailable():1386 module ntv is unavailable
03-11 14:35:42.422 10834 10834 I ModuleManager: ModuleManager$ModuleInitListener.maybeUnloadModuleOnUnavailable():1386 module ntw is unavailable
03-11 14:35:42.422 10834 10834 I ModuleManager: ModuleManager$ModuleInitListener.maybeUnloadModuleOnUnavailable():1386 module oav is unavailable
03-11 14:35:42.422 10834 10834 I ModuleManager: ModuleManager$ModuleInitListener.maybeUnloadModuleOnUnavailable():1386 module hzy is unavailable
03-11 14:35:42.423 10834 10834 I ModuleManager: ModuleManager$ModuleInitListener.maybeUnloadModuleOnUnavailable():1386 module ggm is unavailable
03-11 14:35:42.423 10834 10834 I ModuleManager: ModuleManager$ModuleInitListener.maybeUnloadModuleOnUnavailable():1386 module efd is unavailable
03-11 14:35:42.424 10834 10834 I ModuleManager: ModuleManager$ModuleInitListener.maybeUnloadModuleOnUnavailable():1386 module ief is unavailable
03-11 14:35:42.424 10834 10834 I ModuleManager: ModuleManager$ModuleInitListener.maybeUnloadModuleOnUnavailable():1386 module ifb is unavailable
03-11 14:35:42.424 10834 10834 I ModuleManager: ModuleManager$ModuleInitListener.maybeUnloadModuleOnUnavailable():1386 module ITranslateUiExtension is unavailable
03-11 14:35:42.424 10834 10834 I ModuleManager: ModuleManager$ModuleInitListener.maybeUnloadModuleOnUnavailable():1386 module egz is unavailable
03-11 14:35:42.426 10834 10834 W NotificationCenter: NotificationCenter.unregisterListener():480 Listener eei@aeed388 was not registered for notification class ndp
03-11 14:35:42.426 10834 10834 W NotificationCenter: NotificationCenter.unregisterListener():480 Listener efs@53eec38 was not registered for notification class ndp
03-11 14:35:42.426 10834 10834 I ModuleManager: ModuleManager$ModuleInitListener.maybeUnloadModuleOnUnavailable():1386 module ego is unavailable
03-11 14:35:42.428 10834 10834 I ModuleManager: ModuleManager$ModuleInitListener.maybeUnloadModuleOnUnavailable():1386 module ojg is unavailable
03-11 14:35:42.428 10834 10834 I ModuleManager: ModuleManager$ModuleInitListener.maybeUnloadModuleOnUnavailable():1386 module oha is unavailable
03-11 14:35:42.429 10834 10834 I ModuleManager: ModuleManager$ModuleInitListener.maybeUnloadModuleOnUnavailable():1386 module ejs is unavailable
03-11 14:35:42.429 10834 10834 I ModuleManager: ModuleManager$ModuleInitListener.maybeUnloadModuleOnUnavailable():1386 module hvo is unavailable
03-11 14:35:42.430 10834 10834 I ModuleManager: ModuleManager$ModuleInitListener.maybeUnloadModuleOnUnavailable():1386 module eqk is unavailable
03-11 14:35:42.432 10834 10834 I ModuleManager: ModuleManager$ModuleInitListener.maybeUnloadModuleOnUnavailable():1386 module ftq is unavailable
03-11 14:35:42.432 10834 10834 I ModuleManager: ModuleManager$ModuleInitListener.maybeUnloadModuleOnUnavailable():1386 module ftu is unavailable
03-11 14:35:42.434 10834 10834 I ModuleManager: ModuleManager$ModuleInitListener.maybeUnloadModuleOnUnavailable():1386 module evt is unavailable
03-11 14:35:42.434 10834 10834 I ModuleManager: ModuleManager$ModuleInitListener.maybeUnloadModuleOnUnavailable():1386 module eww is unavailable
03-11 14:35:42.445 10834 10834 I ModuleManager: ModuleManager$ModuleInitListener.maybeUnloadModuleOnUnavailable():1386 module lau is unavailable
03-11 14:35:42.447 10834 10834 I ModuleManager: ModuleManager$ModuleInitListener.maybeUnloadModuleOnUnavailable():1386 module evm is unavailable
03-11 14:35:42.449 10834 10834 I EmojifyExtensionImpl: EmojifyExtensionImpl.onDestroy():611 Destroying Emojify extension ezf@5e7e006.
03-11 14:35:42.449 10834 10834 I ModuleManager: ModuleManager$ModuleInitListener.maybeUnloadModuleOnUnavailable():1386 module eyq is unavailable
03-11 14:35:42.449 10834 10834 I AbstractOpenableExtension: AbstractOpenableExtension.maybeDestroyExistingKeyboardGroupManager():534 Destroy existing keyboard group manager in ezz
03-11 14:35:42.449 10834 10834 I ModuleManager: ModuleManager$ModuleInitListener.maybeUnloadModuleOnUnavailable():1386 module IExpressionMomentExtension is unavailable
03-11 14:35:42.449 10834 10834 I ModuleManager: ModuleManager$ModuleInitListener.maybeUnloadModuleOnUnavailable():1386 module IEmojiKitchenBrowseExtension is unavailable
03-11 14:35:42.449 10834 10834 I AbstractOpenableExtension: AbstractOpenableExtension.maybeDestroyExistingKeyboardGroupManager():534 Destroy existing keyboard group manager in hme
03-11 14:35:42.450 10834 10834 I ModuleManager: ModuleManager$ModuleInitListener.maybeUnloadModuleOnUnavailable():1386 module FastAccessBarExtension is unavailable
03-11 14:35:42.450 10834 10834 I ModuleManager: ModuleManager$ModuleInitListener.maybeUnloadModuleOnUnavailable():1386 module hmt is unavailable
03-11 14:35:42.451 10834 10834 I ModuleManager: ModuleManager$ModuleInitListener.maybeUnloadModuleOnUnavailable():1386 module fkk is unavailable
03-11 14:35:42.451 10834 10834 I ModuleManager: ModuleManager$ModuleInitListener.maybeUnloadModuleOnUnavailable():1386 module IGifKeyboardExtension is unavailable
03-11 14:35:42.451 10834 10834 I ModuleManager: ModuleManager$ModuleInitListener.maybeUnloadModuleOnUnavailable():1386 module IStickerExtension is unavailable
03-11 14:35:42.452 10834 10834 I ModuleManager: ModuleManager$ModuleInitListener.maybeUnloadModuleOnUnavailable():1386 module etr is unavailable
03-11 14:35:42.452 10834 10834 I ModuleManager: ModuleManager$ModuleInitListener.maybeUnloadModuleOnUnavailable():1386 module fcx is unavailable
03-11 14:35:42.452 10834 10996 I ProtoXDBBufferWrapper: ProtoXDBBufferWrapper.flushToStorage():158 Flushed 11 data item(s) to storage.
03-11 14:35:42.453 10834 10834 I ModuleManager: ModuleManager$ModuleInitListener.maybeUnloadModuleOnUnavailable():1386 module how is unavailable
03-11 14:35:42.453 10834 10834 I ModuleManager: ModuleManager$ModuleInitListener.maybeUnloadModuleOnUnavailable():1386 module gzb is unavailable
03-11 14:35:42.454 10834 10834 I ModuleManager: ModuleManager$ModuleInitListener.maybeUnloadModuleOnUnavailable():1386 module hzw is unavailable
03-11 14:35:42.454 10834 10834 I ModuleManager: ModuleManager$ModuleInitListener.maybeUnloadModuleOnUnavailable():1386 module nhr is unavailable
03-11 14:35:42.455 10834 10834 I ModuleManager: ModuleManager$ModuleInitListener.maybeUnloadModuleOnUnavailable():1386 module hhx is unavailable
03-11 14:35:42.455 10834 10834 I ModuleManager: ModuleManager$ModuleInitListener.maybeUnloadModuleOnUnavailable():1386 module hid is unavailable
03-11 14:35:42.455 10834 10834 I ModuleManager: ModuleManager$ModuleInitListener.maybeUnloadModuleOnUnavailable():1386 module kts is unavailable
03-11 14:35:42.455 10834 10834 I ModuleManager: ModuleManager$ModuleInitListener.maybeUnloadModuleOnUnavailable():1386 module mtm is unavailable
03-11 14:35:42.456 10834 10834 I HardKeyTracker: HardKeyTracker.unregisterKeySequence():221 Unregister key sequence nul{labelResId=0, callback=gqg@ed7eb1a, lastModifier=0, keyCodes=[57, 57], actions=[1, 0]}
03-11 14:35:42.456 10834 10834 I HardKeyTracker: HardKeyTracker.unregisterKeySequence():221 Unregister key sequence nul{labelResId=0, callback=gqg@bad364b, lastModifier=0, keyCodes=[58, 58], actions=[1, 0]}
03-11 14:35:42.456 10834 10834 I AbstractOpenableExtension: AbstractOpenableExtension.maybeDestroyExistingKeyboardGroupManager():534 Destroy existing keyboard group manager in hjj
03-11 14:35:42.456 10834 10834 I ModuleManager: ModuleManager$ModuleInitListener.maybeUnloadModuleOnUnavailable():1386 module IEmojiSearchExtension is unavailable
03-11 14:35:42.457 10834 10834 W NotificationCenter: NotificationCenter$NotificationQueue.notifyPendingNotificationsOnExecutor():877 Heavy notify work detected on UI thread: [miy->nhv, miy->nhv, miy->nhv, miy->nhv, miy->nhv, miy->nhv, miy->nhv, miy->nhv, miy->nhv, miy->nhv, miy->nhv, miy->nhv, miy->nhv, miy->nhv, miy->nhv, miy->nhv, miy->nhv, miy->nhv, miy->nhv, miy->nhv, miy->nhv, neg->nef, neg->nef, neg->nef, neg->nef, neg->nef, neg->nef, neg->nef, neg->nef, neg->nef, neg->nef, neg->nef, neg->nef, neg->nef, neg->nef, neg->nef, neg->nef, neg->nef, kgz->nhv, kgz->nhv, kgz->nhv, kgz->nhv, kgz->nhv, kgz->nhv, kgz->nhv, kgz->nhv, kgz->nhv, neg->nef, neg->nef, neg->nef, neg->nef, neg->nef, neg->nef, neg->nef, neg->nef, neg->nef, neg->nef, neg->nef, neg->nef, neg->nef, neg->nef, neg->nef, neg->nef, neg->nef, neg->nef, neg->nef, neg->nef, neg->nef, neg->nef, neg->nef, neg->nef, neg->nef, neg->nef, neg->nef, neg->nef, neg->nef, neg->nef, neg->nef, neg->nef, neg->nef, neg->nef, neg->nef, neg->nef, neg->nef, neg->nef, neg->nef, neg->nef, neg->nef, neg->nef, neg->nef, neg->nef, neg->nef, neg->nef, neg->nef, neg->nef, neg->nef, neg->nef, neg->nef] takes 55ms
03-11 14:35:42.458 10834 10834 I ModuleManager: ModuleManager$ModuleInitListener.maybeUnloadModuleOnUnavailable():1386 module ehz is unavailable
03-11 14:35:42.458 10834 10834 I ExpressiveConceptsPredictionModuleImpl: ExpressiveConceptsPredictionModuleImpl.onDestroy():80 onDestroy()
03-11 14:35:42.459 10834 10834 I ModuleManager: ModuleManager$ModuleInitListener.maybeUnloadModuleOnUnavailable():1386 module hll is unavailable
03-11 14:35:42.459 10834 10834 I ModuleManager: ModuleManager$ModuleInitListener.maybeUnloadModuleOnUnavailable():1386 module eou is unavailable
03-11 14:35:42.460 10834 10834 I ModuleManager: ModuleManager$ModuleInitListener.maybeUnloadModuleOnUnavailable():1386 module fpp is unavailable
03-11 14:35:42.460 10834 10834 I ModuleManager: ModuleManager$ModuleInitListener.maybeUnloadModuleOnUnavailable():1386 module ndq is unavailable
03-11 14:35:42.460 10834 10834 I ModuleManager: ModuleManager$ModuleInitListener.maybeUnloadModuleOnUnavailable():1386 module lgk is unavailable
03-11 14:35:42.460 10834 10834 I ModuleManager: ModuleManager$ModuleInitListener.maybeUnloadModuleOnUnavailable():1386 module lvf is unavailable
03-11 14:35:42.460 10834 10834 I ModuleManager: ModuleManager$ModuleInitListener.maybeUnloadModuleOnUnavailable():1386 module mar is unavailable
03-11 14:35:42.460 10834 10834 I ModuleManager: ModuleManager$ModuleInitListener.maybeUnloadModuleOnUnavailable():1386 module ndj is unavailable
03-11 14:35:42.460 10834 10834 I ModuleManager: ModuleManager$ModuleInitListener.maybeUnloadModuleOnUnavailable():1386 module nuv is unavailable
03-11 14:35:42.460 10834 10834 I ModuleManager: ModuleManager$ModuleInitListener.maybeUnloadModuleOnUnavailable():1386 module okt is unavailable
03-11 14:35:42.460 10834 10834 I ModuleManager: ModuleManager$ModuleInitListener.maybeUnloadModuleOnUnavailable():1386 module lgl is unavailable
03-11 14:35:42.463 10834 10834 I GoogleInputMethodService: GoogleInputMethodService.onDestroy():968 Maybe update OEM display config because of service destruction
03-11 14:35:42.463 10834 10834 I DeviceModeModule: DeviceModeModule.calculateAndNotify():197 Window metrics is not available, fallback to app context.
03-11 14:35:42.463 10834 10834 I DeviceModeModule: DeviceModeModule.calculateAndNotify():224 Device mode 'phone' from display metrics 'DisplayMetrics{density=0.0, width=1080, height=2640, scaledDensity=0.0, xdpi=397.565, ydpi=435.428}' or smallestScreenWidthDp: 411
03-11 14:35:42.463 10834 10834 I GoogleInputMethodService: GoogleInputMethodService.clearInputMethodServiceData():1030 clearInputMethodServiceData for onDestroy
03-11 14:35:42.465 10834 10834 I GoogleInputMethodService: GoogleInputMethodService.discardAllKeyboardViewAndInputView():1262 discardAllKeyboardViewAndInputView()
03-11 14:35:42.469 10834 10834 I InputMethodEntryManager: InputMethodEntryManager.notifyCurrentInputMethodEntryOnContextChanged():545 notifyCurrentInputMethodEntryOnContextChanged()
03-11 14:35:42.469 10834 10834 I InputMethodEntryManager: InputMethodEntryManager.notifyCurrentInputMethodEntryOnContextChanged():566 Notify current input method entry changed on context change
03-11 14:35:42.470 10834 10834 I KeyboardThemeProvider: KeyboardThemeProvider.reset():39 Reset keyboard theme
03-11 14:35:42.470 10834 10834 I KeyboardContextProvider: KeyboardContextProvider.setBaseContextAndInvalidKeyboardContextCache():88 setBaseContextAndInvalidKeyboardContextCache(): null
03-11 14:35:42.472  3163  4131 W WindowManager: Cannot find window which accessibility connection is added to
