03-11 14:34:34.107  5625  5625 V DreamService[DozeService]: finish(): mFinished=true activity=null callers=android.service.dreams.DreamService.detach:1492 android.service.dreams.DreamService.onDestroy:1385 com.android.systemui.doze.DozeService.onDestroy:8 android.app.ActivityThread.handleStopService:5307 android.app.ActivityThread.-$$Nest$mhandleStopService:0 
03-11 14:34:34.108  2064  2064 I sensors-hal: batch:206, com.motorola.sensor.stowed/65568, period=200000000, max_latency=0
03-11 14:34:34.108  2064  2064 I sensors-hal: set_config:61, no need to adjust sample_period_ns due to reporting_mode = 2
03-11 14:34:34.108  2064  2064 I sensors-hal: batch:215, com.motorola.sensor.stowed/65568, period=200000000, max_latency=0 request completed
03-11 14:34:34.108  2582  8059 D NxpTml  : PN54X - I2C Read successful.....
03-11 14:34:34.108  2582  8059 I NxpNciR : len =   4 > 40090100
03-11 14:34:34.108  2582  8059 D NxpTml  : PN54X - Posting read message.....
03-11 14:34:34.109  2064  2064 I sensors-hal: activate:173, com.motorola.sensor.glance/65658 en=0
03-11 14:34:34.109  2064  2064 I sensors-hal: deactivate:166, deactivate glance 65548
03-11 14:34:34.109  2061  2108 E minksocket: MinkIPC_QRTR_Service: client with node 1 port 6494 went down
03-11 14:34:34.109  2582  8070 D NxpHal  : read successful status = 0x0
03-11 14:34:34.109  2064  2064 I sensors-hal: activate:184, com.motorola.sensor.glance/65658 en=0 completed
03-11 14:34:34.110  2582  8059 D NxpTml  : PN54X - Read requested.....
03-11 14:34:34.110  6942  8007 D libnfc_nci: nfaDeviceManagementCallback: enter; event=0xB
03-11 14:34:34.110  2582  8059 D NxpTml  : PN54X - Invoking I2C Read.....
03-11 14:34:34.110  6942  8007 D libnfc_nci: nfaDeviceManagementCallback: NFA_DM_SET_POWER_SUB_STATE_EVT; status=0x0
03-11 14:34:34.112  2582  8068 D NxpTml  : PN54X - Write requested.....
03-11 14:34:34.112  2582  8068 D NxpTml  : PN54X - Invoking I2C Write.....
03-11 14:34:34.112  2064  2064 I sensors-hal: activate:173, com.motorola.sensor.ltv/65738 en=0
03-11 14:34:34.112  2582  8068 I NxpNciX : len =   7 > 20020401020100
03-11 14:34:34.112  2582  8068 D NxpTml  : PN54X - I2C Write successful.....
03-11 14:34:34.112  2582  8068 D NxpTml  : PN54X - Posting Fresh Write message.....
03-11 14:34:34.112  2064  2064 I sensors-hal: activate:184, com.motorola.sensor.ltv/65738 en=0 completed
03-11 14:34:34.112  2061  2108 E minksocket: MinkIPC_QRTR_Service: client with node 1 port 648f went down
03-11 14:34:34.112  2582  8070 D NxpHal  : write successful status = 0x0
03-11 14:34:34.113  2582  8068 D NxpTml  : PN54X - Tml Writer Thread Running................
03-11 14:34:34.113  2582  8059 D NxpTml  : PN54X - I2C Read successful.....
03-11 14:34:34.113  2582  8059 I NxpNciR : len =   5 > 4002020000
03-11 14:34:34.113  2582  8059 D NxpTml  : PN54X - Posting read message.....
03-11 14:34:34.113  2582  8070 D NxpHal  : read successful status = 0x0
03-11 14:34:34.113  2582  8070 D NxpHal  : phNxpNciHal_print_res_status: response status =STATUS_OK
03-11 14:34:34.114  2064  2064 I sensors-hal: batch:206, android.sensor.accelerometer/11, period=20000000, max_latency=50000000
03-11 14:34:34.114  2064  2064 I sensors-hal: set_config:57, sample_period_ns is adjusted to 20000000 based on min/max delay_ns
03-11 14:34:34.114  2064  2064 I sensors-hal: send_sensor_config_request:395, resampler is used, set resampler config
03-11 14:34:34.114  2064  2064 I sensors-hal: send_sync_sensor_request:341, send sync request
03-11 14:34:34.114  2064  2064 I sensors-hal: send_sync_sensor_request:367, wait for notification of response
03-11 14:34:34.115  2582  8059 D NxpTml  : PN54X - Read requested.....
03-11 14:34:34.115  2582  8059 D NxpTml  : PN54X - Invoking I2C Read.....
03-11 14:34:34.115  2064  5194 I sensors-hal: ssc_conn_resp_cb:632, resp_value = 0
03-11 14:34:34.115  2064  2064 I sensors-hal: send_sync_sensor_request:373, takes 0 ms to receive the response with 0
03-11 14:34:34.115  2064  2064 I sensors-hal: batch:215, android.sensor.accelerometer/11, period=20000000, max_latency=50000000 request completed
03-11 14:34:34.115  5625  5625 D SCliNotificationListener: onNotificationListUpdate: [com.android.systemui.statusbar.notification.collection.GroupEntry@67d0d3]
03-11 14:34:34.115  6942  8007 D libnfc_nci: nfaDeviceManagementCallback: enter; event=0x2
03-11 14:34:34.115  6942  8007 D libnfc_nci: nfaDeviceManagementCallback: NFA_DM_SET_CONFIG_EVT
03-11 14:34:34.116  2064  2064 I sensors-hal: flush:235, android.sensor.accelerometer/11
03-11 14:34:34.116  2064  2064 I sensors-hal: send_sync_sensor_request:341, send sync request
03-11 14:34:34.116  2064  2064 I sensors-hal: send_sync_sensor_request:367, wait for notification of response
03-11 14:34:34.118  2064  5194 I sensors-hal: ssc_conn_resp_cb:632, resp_value = 0
03-11 14:34:34.118  2064  2064 I sensors-hal: send_sync_sensor_request:373, takes 1 ms to receive the response with 0
03-11 14:34:34.118  2064  2064 I sensors-hal: flush:241, android.sensor.accelerometer/11 completed
03-11 14:34:34.118  3163  3231 W AlarmManager: Unrecognized alarm listener com.motorola.server.display.TouchHwAidlService$AlarmListenerImpl@de23d8f
03-11 14:34:34.119  3163  3227 D TouchHwAidlService: enableGestureStowMode stowed: false
03-11 14:34:34.119  2106  2106 I motorola.hardware.display.touch-service: Setting stow gesture mode to 0 for panel 1
03-11 14:34:34.119  2064  2064 I sensors-hal: flush:235, android.sensor.accelerometer/11
03-11 14:34:34.120  2064  2064 I sensors-hal: send_sync_sensor_request:341, send sync request
03-11 14:34:34.120  2064  2064 I sensors-hal: send_sync_sensor_request:367, wait for notification of response
03-11 14:34:34.120  3163  3227 D TouchHwAidlService: setStowGestureMode for cli stowed=false ret=0
03-11 14:34:34.121  2064  5194 I sensors-hal: ssc_conn_resp_cb:632, resp_value = 0
03-11 14:34:34.121  2064  2064 I sensors-hal: send_sync_sensor_request:373, takes 1 ms to receive the response with 0
03-11 14:34:34.121  2064  2064 I sensors-hal: flush:241, android.sensor.accelerometer/11 completed
03-11 14:34:34.123  3163  5528 W AccessibilityWindowsPopulator: The displayInfo of this displayId (0) called back from the surface fligner is null
03-11 14:34:34.123  2064  2064 I sensors-hal: batch:206, android.sensor.gravity/91, period=200000000, max_latency=0
03-11 14:34:34.123  2064  2064 I sensors-hal: set_config:57, sample_period_ns is adjusted to 200000000 based on min/max delay_ns
03-11 14:34:34.123  2064  2064 I sensors-hal: batch:215, android.sensor.gravity/91, period=200000000, max_latency=0 request completed
03-11 14:34:34.124  2064  2064 I sensors-hal: activate:173, android.sensor.gravity/91 en=1
03-11 14:34:34.124  2064  2064 I sensors-hal: get_qmi_debug_flag:239, support_qmi_debug : false
03-11 14:34:34.125  2061  2108 E minksocket: MinkIPC_QRTR_Service: client with node 1 port 64c1 went down
03-11 14:34:34.125  2061  2108 E minksocket: MinkIPC_QRTR_Service: client with node 1 port 64c2 went down
03-11 14:34:34.126  2061  2108 E minksocket: MinkIPC_QRTR_Service: client with node 1 port 64c3 went down
03-11 14:34:34.127  2064  2064 E Diag_Lib: diag: Diag_LSM_Init: invoked for pid: 2064 with init_count: 0
03-11 14:34:34.127  2064  2064 E Diag_Lib: diag:failed to connect to diag socket
03-11 14:34:34.127  2064  2064 E Diag_Lib:  Diag_LSM_Init: Failed to open handle to diag driver, error = 13
03-11 14:34:34.127  2064  2064 I sensors-hal: send_sync_sensor_request:341, send sync request
03-11 14:34:34.127  2064  2064 I sensors-hal: send_sync_sensor_request:367, wait for notification of response
03-11 14:34:34.127  2061  2108 E minksocket: MinkIPC_QRTR_Service: client with node 1 port 64c4 went down
03-11 14:34:34.129  2064 12082 I sensors-hal: ssc_conn_resp_cb:632, resp_value = 0
03-11 14:34:34.129  2064  2064 I sensors-hal: send_sync_sensor_request:373, takes 1 ms to receive the response with 0
03-11 14:34:34.129  2064  2064 I sensors-hal: activate:184, android.sensor.gravity/91 en=1 completed
03-11 14:34:34.130  6978  6978 I Smart5G : [Smart5GService] receive action: android.intent.action.SCREEN_ON
03-11 14:34:34.131  5689  5689 E DPMJ    : |SERVICE| sendScreenState state  trueand int value 1
03-11 14:34:34.133  2064  2064 I sensors-hal: batch:206, android.sensor.gyroscope/41, period=250000000, max_latency=0
03-11 14:34:34.133  2064  2064 I sensors-hal: set_config:57, sample_period_ns is adjusted to 250000000 based on min/max delay_ns
03-11 14:34:34.133  2064  2064 I sensors-hal: batch:215, android.sensor.gyroscope/41, period=250000000, max_latency=0 request completed
03-11 14:34:34.134  2064  2064 I sensors-hal: activate:173, android.sensor.gyroscope/41 en=1
03-11 14:34:34.134  3163  5215 I MR2ServiceImpl: Updating composite discovery preference | preference: RouteDiscoveryRequest{ preferredFeatures={}, activeScan=false }, active routers: []
03-11 14:34:34.134  2064  2064 I sensors-hal: get_qmi_debug_flag:239, support_qmi_debug : false
03-11 14:34:34.135  2061  2108 E minksocket: MinkIPC_QRTR_Service: client with node 1 port 64c6 went down
03-11 14:34:34.135  2061  2108 E minksocket: MinkIPC_QRTR_Service: client with node 1 port 64c7 went down
03-11 14:34:34.137  2061  2108 E minksocket: MinkIPC_QRTR_Service: client with node 1 port 64c8 went down
03-11 14:34:34.137  2064  2064 E Diag_Lib: diag: Diag_LSM_Init: invoked for pid: 2064 with init_count: 0
03-11 14:34:34.137  2061  2108 E minksocket: MinkIPC_QRTR_Service: client with node 1 port 64c9 went down
03-11 14:34:34.137  2064  2064 E Diag_Lib: diag:failed to connect to diag socket
03-11 14:34:34.137  2064  2064 E Diag_Lib:  Diag_LSM_Init: Failed to open handle to diag driver, error = 13
03-11 14:34:34.138  2064  2064 I sensors-hal: set_config:57, sample_period_ns is adjusted to 1000000000 based on min/max delay_ns
03-11 14:34:34.138  2064  2064 I sensors-hal: get_qmi_debug_flag:239, support_qmi_debug : false
03-11 14:34:34.138 10769 10769 I Utils   : (main) showOnLockScreen = true window = com.android.internal.policy.PhoneWindow@3832e03
03-11 14:34:34.138  2061  2108 E minksocket: MinkIPC_QRTR_Service: client with node 1 port 64cb went down
03-11 14:34:34.139  2061  2108 E minksocket: MinkIPC_QRTR_Service: client with node 1 port 64cc went down
03-11 14:34:34.140  3163  3227 V WindowManager: Sent Transition (#8396) createdAt=03-11 14:34:34.046 via request=TransitionRequestInfo { type = WAKE, triggerTask = TaskInfo{userId=0 taskId=1640 displayId=0 isRunning=true baseIntent=Intent { act=android.intent.action.MAIN cat=[android.intent.category.LAUNCHER] flg=0x10200000 cmp=com.maps.radar.navigation.android2023/.DownloadResourcesActivity } baseActivity=ComponentInfo{com.maps.radar.navigation.android2023/com.maps.radar.navigation.android2023.MwmActivity} topActivity=ComponentInfo{com.maps.radar.navigation.android2023/com.maps.radar.navigation.android2023.search.SearchActivity} origActivity=ComponentInfo{com.maps.radar.navigation.android2023/com.maps.radar.navigation.android2023.DownloadResourcesActivity} realActivity=ComponentInfo{com.maps.radar.navigation.android2023/mapapp.activity.IntroActivity} numActivities=2 lastActiveTime=184028575 supportsMultiWindow=true supportsGlobalFreeform=true resizeMode=2 isResizeable=true isAppLocked=false isShowDecorCaptionWindowRequest=false canKillAndRestart=true minWidth=-1 minHeight=-1 defaultMinSize=200 token=WCT{RemoteToken{b879845 Task{9b6345c #1640 type=standard A=10637:com.maps.radar.navigation.android2023}}} topActivityType=1 pictureInPictureParams=null shouldDockBigOverlays=false launchIntoPipHostTaskId=-1 lastParentTaskIdBeforePip=-1 displayCutoutSafeInsets=Rect(0, 108 - 0, 0) topActivityInfo=ActivityInfo{d108995 com.maps.radar.navigation.android2023.search.SearchActivity} launchCookies=[] positionInParent=Point(0, 0) parentTaskId=-1 isFocused=true isVisible=false isVisibleRequested=false isSleeping=false locusId=null displayAreaFeatureId=1 isTopActivityTransparent=false appCompatTaskInfo=AppCompatTaskInfo { topActivityInSizeCompat=false topActivityEligibleForLetterboxEducation= falseisLetterboxEducationEnabled= false isLetterboxDoubleTapEnabled= false topActivityEligibleForUserAspectRatioButton= false topActivityBoundsLetterboxed= false isFromLetterboxDoubleTap= false topActivityLetterboxVerticalPosition= -1 topActivityLetterboxHorizontalPosition= -1 topActivityLetterboxWidth=1080 topActivityLetterboxHeight=2640 isUserFullscreenOverrideEnabled=false isSystemFullscreenOverrideEnabled=false cameraCompatTaskInfo=CameraCompatTaskInfo { cameraCompatControlState=hidden freeformCameraCompatMode=inactive}}}, pipTask = null, remoteTransition = null, displayChange = null, flags = 4096, debugId = 8396 }
03-11 14:34:34.140  3163  3227 V WindowManager:     startWCT=WindowContainerTransaction { changes = {} hops = [] errorCallbackToken=null taskFragmentOrganizer=null }
03-11 14:34:34.140  3163  3227 V WindowManager:     info={id=8396 t=WAKE f=0x1040 trk=0 r=[0@Point(0, 0)] c=[
03-11 14:34:34.140  3163  3227 V WindowManager:         {WCT{RemoteToken{b879845 Task{9b6345c #1640 type=standard A=10637:com.maps.radar.navigation.android2023}}} m=TO_FRONT f=NONE p=WCT{RemoteToken{c670090 DefaultTaskDisplayArea@237120851(displayId=0)}} pTaskId=-1 leash=Surface(name=Task=1640)/@0x6ddd4af sb=Rect(0, 0 - 1080, 2640) eb=Rect(0, 0 - 1080, 2640) d=0 taskParent=-1},
03-11 14:34:34.140  3163  3227 V WindowManager:         {WCT{RemoteToken{c670090 DefaultTaskDisplayArea@237120851(displayId=0)}} m=TO_FRONT f=NONE leash=Surface(name=DefaultTaskDisplayArea)/@0xc3cff23 sb=Rect(0, 0 - 1080, 2640) eb=Rect(0, 0 - 1080, 2640) d=0}
03-11 14:34:34.140  3163  3227 V WindowManager:     ]}
03-11 14:34:34.140  2064 12096 I sensors-hal: handle_indication_realtime:467,  SCHED_FIFO(10) for qmi_cbk
03-11 14:34:34.140  5625  6171 V WindowManagerShell: onTransitionReady(transaction=13584982073126)
03-11 14:34:34.141  5625  5669 V WindowManagerShell: onTransitionReady (#8396) android.os.BinderProxy@991710b: {id=8396 t=WAKE f=0x1040 trk=0 r=[0@Point(0, 0)] c=[{WCT{android.window.IWindowContainerToken$Stub$Proxy@c56f765} m=TO_FRONT f=NONE p=WCT{android.window.IWindowContainerToken$Stub$Proxy@d864c3a} pTaskId=-1 leash=Surface(name=Task=1640)/@0x5b6ab2e sb=Rect(0, 0 - 1080, 2640) eb=Rect(0, 0 - 1080, 2640) d=0 taskParent=-1},{WCT{android.window.IWindowContainerToken$Stub$Proxy@c4450eb} m=TO_FRONT f=NONE leash=Surface(name=DefaultTaskDisplayArea)/@0xa8316cf sb=Rect(0, 0 - 1080, 2640) eb=Rect(0, 0 - 1080, 2640) d=0}]}
03-11 14:34:34.141  5625  5669 V WindowManagerShell: Playing animation for (#8396) android.os.BinderProxy@991710b@0
03-11 14:34:34.141  5625  5669 V WindowManagerShell:  try handler com.android.wm.shell.transition.DefaultMixedHandler@3a635b8
03-11 14:34:34.141  5625  5669 V WindowManagerShell:  try handler com.android.wm.shell.keyguard.KeyguardTransitionHandler@6731f91
03-11 14:34:34.141  5625  5669 V WindowManagerShell:  try handler com.android.wm.shell.pip.PipTransition@dc8cef6
03-11 14:34:34.141  5625  5669 V WindowManagerShell:  try handler com.android.wm.shell.activityembedding.ActivityEmbeddingController@5d342f7
03-11 14:34:34.141  5625  5669 V WindowManagerShell:  try handler com.android.wm.shell.recents.RecentsTransitionHandler@b64f564
03-11 14:34:34.141  5625  5669 V ShellRecents: RecentsTransitionHandler.startAnimation: no controller found
03-11 14:34:34.141  5625  5669 V WindowManagerShell:  try handler com.android.wm.shell.splitscreen.StageCoordinator@c1923cd
03-11 14:34:34.141  5625  5669 V WindowManagerShell:  try handler com.android.wm.shell.transition.RemoteTransitionHandler@d2ae482
03-11 14:34:34.141  5625  5669 V WindowManagerShell: Transition doesn't have explicit remote, search filters for match for {id=8396 t=WAKE f=0x1040 trk=0 r=[0@Point(0, 0)] c=[{WCT{android.window.IWindowContainerToken$Stub$Proxy@c56f765} m=TO_FRONT f=NONE p=WCT{android.window.IWindowContainerToken$Stub$Proxy@d864c3a} pTaskId=-1 leash=Surface(name=Task=1640)/@0x5b6ab2e sb=Rect(0, 0 - 1080, 2640) eb=Rect(0, 0 - 1080, 2640) d=0 taskParent=-1},{WCT{android.window.IWindowContainerToken$Stub$Proxy@c4450eb} m=TO_FRONT f=NONE leash=Surface(name=DefaultTaskDisplayArea)/@0xa8316cf sb=Rect(0, 0 - 1080, 2640) eb=Rect(0, 0 - 1080, 2640) d=0}]}
03-11 14:34:34.141  5625  5669 V WindowManagerShell:  Checking filter Pair{{types=[] flags=0x0] notFlags=0x100 checks=[{atype=home independent=true modes=[OPEN,TO_FRONT] flags=NONE mustBeTask=false order=TOP topActivity=ComponentInfo{com.motorola.launcher3/com.android.launcher3.uioverrides.QuickstepLauncher} launchCookie=null},{atype=standard independent=true modes=[CLOSE,TO_BACK] flags=NONE mustBeTask=false order=ANY topActivity=null launchCookie=null}]} RemoteTransition { remoteTransition = android.window.IRemoteTransition$Stub$Proxy@a1b3079, appThread = android.app.IApplicationThread$Stub$Proxy@ceeb1be, debugName = QuickstepLaunchHome }}
03-11 14:34:34.141  5625  5669 V WindowManagerShell:  Delegate animation for (#8396) to null
03-11 14:34:34.141  5625  5669 V WindowManagerShell:  try handler com.android.wm.shell.transition.DefaultTransitionHandler@b6f1793
03-11 14:34:34.141  5625  5669 V WindowManagerShell: start default transition animation, info = {id=8396 t=WAKE f=0x1040 trk=0 r=[0@Point(0, 0)] c=[{WCT{android.window.IWindowContainerToken$Stub$Proxy@c56f765} m=TO_FRONT f=NONE p=WCT{android.window.IWindowContainerToken$Stub$Proxy@d864c3a} pTaskId=-1 leash=Surface(name=Task=1640)/@0x5b6ab2e sb=Rect(0, 0 - 1080, 2640) eb=Rect(0, 0 - 1080, 2640) d=0 taskParent=-1},{WCT{android.window.IWindowContainerToken$Stub$Proxy@c4450eb} m=TO_FRONT f=NONE leash=Surface(name=DefaultTaskDisplayArea)/@0xa8316cf sb=Rect(0, 0 - 1080, 2640) eb=Rect(0, 0 - 1080, 2640) d=0}]}
03-11 14:34:34.142  5625  5669 V WindowManagerShell: Transition animation finished (aborted=false), notifying core (#8396) android.os.BinderProxy@991710b@0
03-11 14:34:34.144  2061  2108 E minksocket: MinkIPC_QRTR_Service: client with node 1 port 64cd went down
03-11 14:34:34.144 10769 10872 D com.tiktok.appevents.TTRequest: https://analytics.us.tiktok.com/api/v1/app_sdk/config
03-11 14:34:34.145  2064  2064 E Diag_Lib: diag: Diag_LSM_Init: invoked for pid: 2064 with init_count: 0
03-11 14:34:34.145  2064  2064 E Diag_Lib: diag:failed to connect to diag socket
03-11 14:34:34.145  2064  2064 E Diag_Lib:  Diag_LSM_Init: Failed to open handle to diag driver, error = 13
03-11 14:34:34.145  2064  2064 I sensors-hal: send_sync_sensor_request:341, send sync request
03-11 14:34:34.145  5625  5669 V WindowManagerShell: Track 0 became idle
03-11 14:34:34.145  5625  5669 V WindowManagerShell: All active transition animations finished
03-11 14:34:34.145  5625  5669 V WindowManagerShell:  animated by com.android.wm.shell.transition.DefaultTransitionHandler@b6f1793
03-11 14:34:34.145  5625  5669 V WindowManagerShell: Track 0 became idle
03-11 14:34:34.145  5625  5669 V WindowManagerShell: All active transition animations finished
03-11 14:34:34.145  2064  2064 I sensors-hal: send_sync_sensor_request:367, wait for notification of response
03-11 14:34:34.146  3163  3249 W MotoBatteryCareService: uid: 10637 pkgName:com.maps.radar.navigation.android2023 come to foreground
03-11 14:34:34.146  2061  2108 E minksocket: MinkIPC_QRTR_Service: client with node 1 port 64ce went down
03-11 14:34:34.147  3163  3227 V WindowManager: Finish Transition (#8396): created at 03-11 14:34:34.046 collect-started=0.016ms request-sent=0.134ms started=7.206ms ready=57.417ms sent=92.598ms finished=97.381ms
03-11 14:34:34.147  7314  7314 D GameMode: isScreenUnlocked: false
03-11 14:34:34.147  2064 12101 I sensors-hal: ssc_conn_resp_cb:632, resp_value = 0
03-11 14:34:34.147  2064  2064 I sensors-hal: send_sync_sensor_request:373, takes 1 ms to receive the response with 0
03-11 14:34:34.147  2064  2064 I sensors-hal: get_qmi_debug_flag:239, support_qmi_debug : false
03-11 14:34:34.148  5625 10961 D KeyguardService: setOccluded(true)
03-11 14:34:34.148  5625 10961 D KeyguardViewMediator: setOccluded(true)
03-11 14:34:34.148  2061  2108 E minksocket: MinkIPC_QRTR_Service: client with node 1 port 64d0 went down
03-11 14:34:34.149  2064 12101 I sensors-hal: handle_indication_realtime:467,  SCHED_FIFO(10) for qmi_cbk
03-11 14:34:34.149  5625  5625 D KeyguardViewMediator: handleSetOccluded(true)
03-11 14:34:34.150 10834 15478 I DeviceStatusMonitor: DeviceStatusMonitor.handleBroadcast():138 onReceive() : Action = android.intent.action.SCREEN_ON
03-11 14:34:34.150 10834 15478 I DeviceStatusMonitor: DeviceStatusMonitor.updateCountryInfo():154 updateCountryInfo(), notifyAnyway = false
03-11 14:34:34.151  5625  5943 D KeyguardTransitionRepository: (Internal) Setting current transition info: TransitionInfo(ownerName=FromDozingTransitionInteractor, from=DOZING, to=LOCKSCREEN, animated)
03-11 14:34:34.151  5625  5943 D KeyguardTransitionRepository: (Internal) Setting current transition info: TransitionInfo(ownerName=FromLockscreenTransitionInteractor, from=LOCKSCREEN, to=OCCLUDED, animated)
03-11 14:34:34.151  2061  2108 E minksocket: MinkIPC_QRTR_Service: client with node 1 port 64d1 went down
03-11 14:34:34.152  2061  2108 E minksocket: MinkIPC_QRTR_Service: client with node 1 port 64d2 went down
03-11 14:34:34.153  2064  2064 E Diag_Lib: diag: Diag_LSM_Init: invoked for pid: 2064 with init_count: 0
03-11 14:34:34.153  2064  2064 E Diag_Lib: diag:failed to connect to diag socket
03-11 14:34:34.153  2064  2064 E Diag_Lib:  Diag_LSM_Init: Failed to open handle to diag driver, error = 13
03-11 14:34:34.154  2064  2064 I sensors-hal: send_sensor_config_request:395, resampler is used, set resampler config
03-11 14:34:34.154  2064  2064 I sensors-hal: send_sync_sensor_request:341, send sync request
03-11 14:34:34.154  2064  2064 I sensors-hal: send_sync_sensor_request:367, wait for notification of response
03-11 14:34:34.154  5625  5625 V SmallCli_WindowController: state=SmallCli window State {
03-11 14:34:34.154  5625  5625 V SmallCli_WindowController:   mBrightnessVisible: false
03-11 14:34:34.154  5625  5625 V SmallCli_WindowController:   mDynamicPanelVisible: false
03-11 14:34:34.154  5625  5625 V SmallCli_WindowController:   mFlashLightPrompt: false
03-11 14:34:34.154  5625  5625 V SmallCli_WindowController:   mHeadsUpPanelVisible: false
03-11 14:34:34.154  5625  5625 V SmallCli_WindowController:   mKeyguardOccluded: true
03-11 14:34:34.154  5625  5625 V SmallCli_WindowController:   mLidOpen: true
03-11 14:34:34.154  5625  5625 V SmallCli_WindowController:   mNotificationVisible: false
03-11 14:34:34.154  5625  5625 V SmallCli_WindowController:   mPowerMenuVisible: false
03-11 14:34:34.154  5625  5625 V SmallCli_WindowController:   mQsVisible: false
03-11 14:34:34.154  5625  5625 V SmallCli_WindowController:   mVolumeVisible: false
03-11 14:34:34.154  5625  5625 V SmallCli_WindowController: }
03-11 14:34:34.154  2061  2108 E minksocket: MinkIPC_QRTR_Service: client with node 1 port 64d3 went down
03-11 14:34:34.154  5625  5625 D CentralSurfaces: !shouldBeKeyguard mStatusBarStateController.isKeyguardRequested() false keyguardForDozing false wakeAndUnlocking false isWakingAndOccluded true
03-11 14:34:34.154  5625  5625 D CentralSurfaces: hideKeyguardImpl false
03-11 14:34:34.155  5625  5625 D SbStateController: setState: requested state SHADE!= upcomingState: KEYGUARD. This usually means the status bar state transition was interrupted before the upcoming state could be applied.
03-11 14:34:34.156  2064 12114 I sensors-hal: ssc_conn_resp_cb:632, resp_value = 0
03-11 14:34:34.157  2064 12114 I sensors-hal: handle_indication_realtime:467,  SCHED_FIFO(10) for qmi_cbk
03-11 14:34:34.160  7545  7545 I FileStationLog: [ FileStationManager ] - screenIsOn: true, hasWindowShowed: false
03-11 14:34:34.160  2064  2064 I sensors-hal: send_sync_sensor_request:373, takes 6 ms to receive the response with 0
03-11 14:34:34.160  7545  7545 I MotoDesktopLog: [ FileStationLog ] - broadcastMessage - cmd : 2008
03-11 14:34:34.160  2064  2064 I sensors-hal: activate:184, android.sensor.gyroscope/41 en=1 completed
03-11 14:34:34.162  5493  6013 W HWUI    : Surface doesn't have any previously queued frames, nothing to readback from
03-11 14:34:34.165 10769 10809 I TRuntime.CctTransportBackend: Making request to: https://firebaselogging-pa.googleapis.com/v1/firelog/legacy/batchlog
03-11 14:34:34.166  8373 11658 I FusedLocation: stationary throttling disengaged [CONTEXT service_id=6 ]
03-11 14:34:34.168  3163  4131 W UserManagerService: Requested status bar icon for non-badged user 0
03-11 14:34:34.168  3163  5235 E MotoSxfService: ModeUsage or ActivityState is null.
03-11 14:34:34.169  3163  7024 W AccessibilityWindowsPopulator: The displayInfo of this displayId (0) called back from the surface fligner is null
03-11 14:34:34.170  5625  5625 D KeyguardViewMediator: KeyguardViewMediator queue processing message: SET_OCCLUDED
03-11 14:34:34.170  5625  5625 I KeyguardTransitionRepository: STARTED transition: TransitionStep(from=DOZING, to=LOCKSCREEN, value=0.0, transitionState=STARTED, ownerName=FromDozingTransitionInteractor)
03-11 14:34:34.172  6344  6344 V ClockFace: onDataSetChanged: clock update in remote
03-11 14:34:34.173  5625  5625 D SCliNotificationListener: onNotificationListUpdate: [com.android.systemui.statusbar.notification.collection.NotificationEntry@895a1ab]
03-11 14:34:34.177  3163  7471 W PackageManager: Missing required system package: wsj.reader_sp, but found with extended search.
03-11 14:34:34.177  3163  7471 W PackageManager: Missing required system package: whitecastle.ordering, but found with extended search.
03-11 14:34:34.177  3163  7471 W PackageManager: Missing required system package: sp0n.citizen, but found with extended search.
03-11 14:34:34.177  3163  7471 W PackageManager: Missing required system package: org.rajman.neshan.traffic.tehran.navigator, but found with extended search.
03-11 14:34:34.177  3163  7471 W PackageManager: Missing required system package: org.me.mobiexpensifyg, but found with extended search.
03-11 14:34:34.177  3163  7471 W PackageManager: Missing required system package: org.kiva.lending, but found with extended search.
03-11 14:34:34.177  3163  7471 W PackageManager: Missing required system package: onxmaps.offroad, but found with extended search.
03-11 14:34:34.177  3163  7471 W PackageManager: Missing required system package: onxmaps.hunt, but found with extended search.
03-11 14:34:34.177  3163  7471 W PackageManager: Missing required system package: mnn.Android, but found with extended search.
03-11 14:34:34.177  3163  7471 W PackageManager: Missing required system package: io.appium.settings, but found with extended search.
03-11 14:34:34.178  3163  7471 W PackageManager: Missing required system package: gplx.simple.budgetapp, but found with extended search.
03-11 14:34:34.178  3163  7471 W PackageManager: Missing required system package: de.zalando.mobile, but found with extended search.
03-11 14:34:34.178  3163  7471 W PackageManager: Missing required system package: ctrip.english, but found with extended search.
03-11 14:34:34.178  3163  7471 W PackageManager: Missing required system package: crumbl.cookies, but found with extended search.
03-11 14:34:34.178  3163  7471 W PackageManager: Missing required system package: com.zzkko, but found with extended search.
03-11 14:34:34.178  3163  7471 W PackageManager: Missing required system package: com.zhiliaoapp.musically, but found with extended search.
03-11 14:34:34.178  3163  7471 W PackageManager: Missing required system package: com.zellepay.zelle, but found with extended search.
03-11 14:34:34.178  3163  7471 W PackageManager: Missing required system package: com.zappos.android, but found with extended search.
03-11 14:34:34.178  3163  7471 W PackageManager: Missing required system package: com.yum.pizzahut, but found with extended search.
03-11 14:34:34.178  3163  7471 W PackageManager: Missing required system package: com.youneedabudget.evergreen.app, but found with extended search.
03-11 14:34:34.178  3163  7471 W PackageManager: Missing required system package: com.yelp.android, but found with extended search.
03-11 14:34:34.178  3163  7471 W PackageManager: Missing required system package: com.whatsapp, but found with extended search.
03-11 14:34:34.178  3163  7471 W PackageManager: Missing required system package: com.whatnot_mobile, but found with extended search.
03-11 14:34:34.178  3163  7471 W PackageManager: Missing required system package: com.wendys.nutritiontool, but found with extended search.
03-11 14:34:34.178  3163  7471 W PackageManager: Missing required system package: com.wealthsimple.trade, but found with extended search.
03-11 14:34:34.178  3163  7471 W PackageManager: Missing required system package: com.wealthfront, but found with extended search.
03-11 14:34:34.178  3163  7471 W PackageManager: Missing required system package: com.waze, but found with extended search.
03-11 14:34:34.178  3163  7471 W PackageManager: Missing required system package: com.wayfair.wayfair, but found with extended search.
03-11 14:34:34.178  3163  7471 W PackageManager: Missing required system package: com.wallpaper.edge.aura, but found with extended search.
03-11 14:34:34.178  3163  7471 W PackageManager: Missing required system package: com.venmo, but found with extended search.
03-11 14:34:34.178  3163  7471 W PackageManager: Missing required system package: com.usatoday.android.news, but found with extended search.
03-11 14:34:34.178  3163  7471 W PackageManager: Missing required system package: com.ulta, but found with extended search.
03-11 14:34:34.178  3163  7471 W PackageManager: Missing required system package: com.twitter.android, but found with extended search.
03-11 14:34:34.178  3163  7471 W PackageManager: Missing required system package: com.truefinance, but found with extended search.
03-11 14:34:34.178  3163  7471 W PackageManager: Missing required system package: com.truebill, but found with extended search.
03-11 14:34:34.178  3163  7471 W PackageManager: Missing required system package: com.trivago, but found with extended search.
03-11 14:34:34.178  3163  7471 W PackageManager: Missing required system package: com.tripadvisor.tripadvisor, but found with extended search.
03-11 14:34:34.179  2075  2181 E LocSvc_APIClientBase: onResponseCb:909] ERROR: 5 ID: 542
03-11 14:34:34.179  3163  7471 W PackageManager: Missing required system package: com.tranzmate, but found with extended search.
03-11 14:34:34.179  3163  7471 W PackageManager: Missing required system package: com.tradestation.MobileTrading, but found with extended search.
03-11 14:34:34.179  3163  7471 W PackageManager: Missing required system package: com.tiktok.lite.go, but found with extended search.
03-11 14:34:34.179  3163  7471 W PackageManager: Missing required system package: com.thredup.android, but found with extended search.
03-11 14:34:34.179  3163  7471 W PackageManager: Missing required system package: com.thirdframestudios.android.expensoor, but found with extended search.
03-11 14:34:34.179  3163  7471 W PackageManager: Missing required system package: com.teulys.metropolis, but found with extended search.
03-11 14:34:34.179  3163  7471 W PackageManager: Missing required system package: com.tdbank, but found with extended search.
03-11 14:34:34.179  3163  7471 W PackageManager: Missing required system package: com.tacobell.ordering, but found with extended search.
03-11 14:34:34.179  3163  7471 W PackageManager: Missing required system package: com.sygic.aura, but found with extended search.
03-11 14:34:34.179  3163  7471 W PackageManager: Missing required system package: com.subway.mobile.subwayapp03, but found with extended search.
03-11 14:34:34.179  3163  7471 W PackageManager: Missing required system package: com.substack.app, but found with extended search.
03-11 14:34:34.179  3163  7471 W PackageManager: Missing required system package: com.step.step, but found with extended search.
03-11 14:34:34.179  3163  7471 W PackageManager: Missing required system package: com.stash.stashinvest, but found with extended search.
03-11 14:34:34.179  3163  7471 W PackageManager: Missing required system package: com.staplesconnect.app.twa, but found with extended search.
03-11 14:34:34.179  3163  7471 W PackageManager: Missing required system package: com.spothero.spothero, but found with extended search.
03-11 14:34:34.179  3163  7471 W PackageManager: Missing required system package: com.sportsdirect.sdusapp, but found with extended search.
03-11 14:34:34.179  3163  7471 W PackageManager: Missing required system package: com.sofi.mobile, but found with extended search.
03-11 14:34:34.179  3163  7471 W PackageManager: Missing required system package: com.shell.sitibv.motorist.america, but found with extended search.
03-11 14:34:34.180  3163  7471 W PackageManager: Missing required system package: com.shakeshack.android, but found with extended search.
03-11 14:34:34.180  3163  7471 W PackageManager: Missing required system package: com.sephora, but found with extended search.
03-11 14:34:34.180  3163  7471 W PackageManager: Missing required system package: com.romwe, but found with extended search.
03-11 14:34:34.180  3163  7471 W PackageManager: Missing required system package: com.rome2rio.www.rome2rio, but found with extended search.
03-11 14:34:34.180  3163  7471 W PackageManager: Missing required system package: com.robinhood.android, but found with extended search.
03-11 14:34:34.180  3163  7471 W PackageManager: Missing required system package: com.ring.neighborhoods, but found with extended search.
03-11 14:34:34.180  3163  7471 W PackageManager: Missing required system package: com.revolut.revolut, but found with extended search.
03-11 14:34:34.180  3163  7471 W PackageManager: Missing required system package: com.reddit.frontpage, but found with extended search.
03-11 14:34:34.180  3163  7471 W PackageManager: Missing required system package: com.recime.app, but found with extended search.
03-11 14:34:34.180  3163  7471 W PackageManager: Missing required system package: com.realbyteapps.moneymanagerfree, but found with extended search.
03-11 14:34:34.180  3163  7471 W PackageManager: Missing required system package: com.rarewire.forever21, but found with extended search.
03-11 14:34:34.180  3163  7471 W PackageManager: Missing required system package: com.q2e.firsttradeunionbank3351.mobile.production, but found with extended search.
03-11 14:34:34.180  3163  7471 W PackageManager: Missing required system package: com.poshmark.app, but found with extended search.
03-11 14:34:34.180  3163  7471 W PackageManager: Missing required system package: com.poqstudio.app.platform.boohoo, but found with extended search.
03-11 14:34:34.180  3163  7471 W PackageManager: Missing required system package: com.podcast.podcasts, but found with extended search.
03-11 14:34:34.180  3163  7471 W PackageManager: Missing required system package: com.phonepe.app, but found with extended search.
03-11 14:34:34.180  3163  7471 W PackageManager: Missing required system package: com.personalcapital.pcapandroid, but found with extended search.
03-11 14:34:34.180  3163  7471 W PackageManager: Missing required system package: com.peacocktv.peacockandroid, but found with extended search.
03-11 14:34:34.180  3163  7471 W PackageManager: Missing required system package: com.payoneer.android, but found with extended search.
03-11 14:34:34.180  3163  7471 W PackageManager: Missing required system package: com.particlenews.newsbreak, but found with extended search.
03-11 14:34:34.180  3163  7471 W PackageManager: Missing required system package: com.parkwhiz.driverApp, but found with extended search.
03-11 14:34:34.180  3163  7471 W PackageManager: Missing required system package: com.opentable, but found with extended search.
03-11 14:34:34.180  3163  7471 W PackageManager: Missing required system package: com.openai.chatgpt, but found with extended search.
03-11 14:34:34.180  3163  7471 W PackageManager: Missing required system package: com.onedebit.chime, but found with extended search.
03-11 14:34:34.180  3163  7471 W PackageManager: Missing required system package: com.olo.dairyqueen.production, but found with extended search.
03-11 14:34:34.180  3163  7471 W PackageManager: Missing required system package: com.nike.omega, but found with extended search.
03-11 14:34:34.180  3163  7471 W PackageManager: Missing required system package: com.newsbreak.crimeradar, but found with extended search.
03-11 14:34:34.180  3163  7471 W PackageManager: Missing required system package: com.newleaf.app.android.victor, but found with extended search.
03-11 14:34:34.180  3163  7471 W PackageManager: Missing required system package: com.newegg.app, but found with extended search.
03-11 14:34:34.180  3163  7471 W PackageManager: Missing required system package: com.myklarnamobile, but found with extended search.
03-11 14:34:34.180  3163  7471 W PackageManager: Missing required system package: com.mta.mobileapp, but found with extended search.
03-11 14:34:34.180  3706  3714 I android.hardware.thermal@2.0-service.qti-v2: Sensor Name:skin1 temp: 40.508. prev severity:0. cur severity:3 New severity:3
03-11 14:34:34.180  3163  7471 W PackageManager: Missing required system package: com.moneylion, but found with extended search.
03-11 14:34:34.181  3163  7471 W PackageManager: Missing required system package: com.mobilecreditcards, but found with extended search.
03-11 14:34:34.181  3163  7471 W PackageManager: Missing required system package: com.mobilaurus.wingstopandroid, but found with extended search.
03-11 14:34:34.181  3163  7471 W PackageManager: Missing required system package: com.microsoft.copilot, but found with extended search.
03-11 14:34:34.181  3163  7471 W PackageManager: Missing required system package: com.meesho.supply, but found with extended search.
03-11 14:34:34.181  3163  7471 W PackageManager: Missing required system package: com.mcdonalds.app, but found with extended search.
03-11 14:34:34.181  3163  7471 W PackageManager: Missing required system package: com.maps.radar.navigation.android2023, but found with extended search.
03-11 14:34:34.181  3163  7471 W PackageManager: Missing required system package: com.macys.android, but found with extended search.
03-11 14:34:34.181  3163  7471 W PackageManager: Missing required system package: com.m1finance.android, but found with extended search.
03-11 14:34:34.181  3163  7471 W PackageManager: Missing required system package: com.lowes.android, but found with extended search.
03-11 14:34:34.181  3163  7471 W PackageManager: Missing required system package: com.littlecaesars, but found with extended search.
03-11 14:34:34.181  3163  7471 W PackageManager: Missing required system package: com.linkedin.android, but found with extended search.
03-11 14:34:34.181  3163  7471 W PackageManager: Missing required system package: com.lemon.lvoverseas, but found with extended search.
03-11 14:34:34.181  3163  7471 W PackageManager: Missing required system package: com.kohls.mcommerce.opal, but found with extended search.
03-11 14:34:34.181  3163  7471 W PackageManager: Missing required system package: com.kinpos.wallytech, but found with extended search.
03-11 14:34:34.181  3163  7471 W PackageManager: Missing required system package: com.kfc.us.mobile, but found with extended search.
03-11 14:34:34.181  3163  7471 W PackageManager: Missing required system package: com.joom, but found with extended search.
03-11 14:34:34.181  3163  7471 W PackageManager: Missing required system package: com.instagram.barcelona, but found with extended search.
03-11 14:34:34.181  3163  7471 W PackageManager: Missing required system package: com.instagram.android, but found with extended search.
03-11 14:34:34.181  3163  7471 W PackageManager: Missing required system package: com.instacart.client, but found with extended search.
03-11 14:34:34.181  3163  7471 W PackageManager: Missing required system package: com.inmobi.weather, but found with extended search.
03-11 14:34:34.181  3163  7471 W PackageManager: Missing required system package: com.infraware.office.link, but found with extended search.
03-11 14:34:34.181  3163  7471 W PackageManager: Missing required system package: com.inditex.zara, but found with extended search.
03-11 14:34:34.181  3163  7471 W PackageManager: Missing required system package: com.hollar.android, but found with extended search.
03-11 14:34:34.181  3163  7471 W PackageManager: Missing required system package: com.hm.goe, but found with extended search.
03-11 14:34:34.181  3163  7471 W PackageManager: Missing required system package: com.guardian, but found with extended search.
03-11 14:34:34.181  3163  7471 W PackageManager: Missing required system package: com.grubhub.android, but found with extended search.
03-11 14:34:34.181  3163  7471 W PackageManager: Missing required system package: com.groupon, but found with extended search.
03-11 14:34:34.181  3163  7471 W PackageManager: Missing required system package: com.google.android.apps.fitness, but found with extended search.
03-11 14:34:34.181  3163  7471 W PackageManager: Missing required system package: com.google.android.apps.chromecast.app, but found with extended search.
03-11 14:34:34.181  3163  7471 W PackageManager: Missing required system package: com.google.android.apps.adm, but found with extended search.
03-11 14:34:34.181  3163  7471 W PackageManager: Missing required system package: com.freecash.app2, but found with extended search.
03-11 14:34:34.182  3163  7471 W PackageManager: Missing required system package: com.foxnews.android, but found with extended search.
03-11 14:34:34.182  3163  7471 W PackageManager: Missing required system package: com.flipkart.android, but found with extended search.
03-11 14:34:34.182  3163  7471 W PackageManager: Missing required system package: com.facebook.katana, but found with extended search.
03-11 14:34:34.182  2075  3713 E LocSvc_ApiV02: reportLocEvent:3882] Loc event report: 0 KlobucharIonoMode_valid:0: leapSec_valid:0: tauC_valid:0 featureStatusReport_valid: 1 featureStatusReport: 58
03-11 14:34:34.182  3163  7471 W PackageManager: Missing required system package: com.etsy.android, but found with extended search.
03-11 14:34:34.182  3163  7471 W PackageManager: Missing required system package: com.etrade.mobilepro.activity, but found with extended search.
03-11 14:34:34.182  3163  7471 W PackageManager: Missing required system package: com.emn8.mobilem8.nativeapp.popeyes, but found with extended search.
03-11 14:34:34.182  3163  7471 W PackageManager: Missing required system package: com.emn8.mobilem8.nativeapp.bk, but found with extended search.
03-11 14:34:34.182  3163  7471 W PackageManager: Missing required system package: com.einnovation.temu, but found with extended search.
03-11 14:34:34.182  3163  7471 W PackageManager: Missing required system package: com.ebay.motorsapp, but found with extended search.
03-11 14:34:34.182  3163  7471 W PackageManager: Missing required system package: com.ebay.mobile, but found with extended search.
03-11 14:34:34.182  3163  7471 W PackageManager: Missing required system package: com.dutchbros.loyalty, but found with extended search.
03-11 14:34:34.182  3163  7471 W PackageManager: Missing required system package: com.dunkinbrands.otgo, but found with extended search.
03-11 14:34:34.182  3163  7471 W PackageManager: Missing required system package: com.duckduckgo.mobile.android, but found with extended search.
03-11 14:34:34.182  3163  7471 W PackageManager: Missing required system package: com.doordash.driverapp, but found with extended search.
03-11 14:34:34.182  3163  7471 W PackageManager: Missing required system package: com.dominospizza, but found with extended search.
03-11 14:34:34.182  3163  7471 W PackageManager: Missing required system package: com.divvypay.Divvy, but found with extended search.
03-11 14:34:34.182  3163  7471 W PackageManager: Missing required system package: com.disney.disneystore_goo, but found with extended search.
03-11 14:34:34.182  3163  7471 W PackageManager: Missing required system package: com.dd.doordash, but found with extended search.
03-11 14:34:34.182  3163  7471 W PackageManager: Missing required system package: com.dayspringtech.envelopes, but found with extended search.
03-11 14:34:34.182  3163  7471 W PackageManager: Missing required system package: com.coulombtech, but found with extended search.
03-11 14:34:34.182  3163  7471 W PackageManager: Missing required system package: com.costco.app.android, but found with extended search.
03-11 14:34:34.182  3163  7471 W PackageManager: Missing required system package: com.contextlogic.wish, but found with extended search.
03-11 14:34:34.182  3163  7471 W PackageManager: Missing required system package: com.coinbase.android, but found with extended search.
03-11 14:34:34.182  3163  7471 W PackageManager: Missing required system package: com.cnn.mobile.android.phone, but found with extended search.
03-11 14:34:34.182  3163  7471 W PackageManager: Missing required system package: com.clubhouse.app, but found with extended search.
03-11 14:34:34.182  2075  3713 E LocSvc_ApiV02: reportSystemInfo:4405] system info type: 1, leap second valid: 1 current gps time:valid:1, week: 2409, msec: 326092133,current leap second:valid 1, seconds 18, next gps time: valid 0, week: 0, msec: 0,next leap second: valid 0, seconds 0
03-11 14:34:34.182  3163  7471 W PackageManager: Missing required system package: com.citymapper.app.release, but found with extended search.
03-11 14:34:34.182  3163  7471 W PackageManager: Missing required system package: com.citi.citimobile, but found with extended search.
03-11 14:34:34.182  3163  7471 W PackageManager: Missing required system package: com.chipotle.ordering, but found with extended search.
03-11 14:34:34.182  3163  7471 W PackageManager: Missing required system package: com.chickfila.cfaflagship, but found with extended search.
03-11 14:34:34.182  3163  7471 W PackageManager: Missing required system package: com.checkitt, but found with extended search.
03-11 14:34:34.182  3163  7471 W PackageManager: Missing required system package: com.chase.sig.android, but found with extended search.
03-11 14:34:34.183  3163  7471 W PackageManager: Missing required system package: com.buxfer.app, but found with extended search.
03-11 14:34:34.183  3163  7471 W PackageManager: Missing required system package: com.buffalowildwings.blazinrewards, but found with extended search.
03-11 14:34:34.183  3163  7471 W PackageManager: Missing required system package: com.bp.app.bpme.global.ros, but found with extended search.
03-11 14:34:34.183  3163  7471 W PackageManager: Missing required system package: com.booking, but found with extended search.
03-11 14:34:34.183  3163  7471 W PackageManager: Missing required system package: com.bigbasket.mobileapp, but found with extended search.
03-11 14:34:34.183  3163  7471 W PackageManager: Missing required system package: com.bhphoto, but found with extended search.
03-11 14:34:34.183  3163  7471 W PackageManager: Missing required system package: com.bestbuy.android, but found with extended search.
03-11 14:34:34.183  3163  7471 W PackageManager: Missing required system package: com.autonavi.minimap, but found with extended search.
03-11 14:34:34.183  3163  7471 W PackageManager: Missing required system package: com.app.tgtg, but found with extended search.
03-11 14:34:34.183  3163  7471 W PackageManager: Missing required system package: com.amazon.mShop.android.shopping, but found with extended search.
03-11 14:34:34.183  3163  7471 W PackageManager: Missing required system package: com.alibaba.aliexpresshd, but found with extended search.
03-11 14:34:34.183  3163  7471 W PackageManager: Missing required system package: com.adidas.app, but found with extended search.
03-11 14:34:34.183  3163  7471 W PackageManager: Missing required system package: com.acorns.early, but found with extended search.
03-11 14:34:34.183  3163  7471 W PackageManager: Missing required system package: com.acorns.android, but found with extended search.
03-11 14:34:34.183  3163  7471 W PackageManager: Missing required system package: com.Splitwise.SplitwiseMobile, but found with extended search.
03-11 14:34:34.183  3163  7471 W PackageManager: Missing required system package: app.simple.com, but found with extended search.
03-11 14:34:34.183  3163  7471 W PackageManager: Missing required system package: app.organicmaps, but found with extended search.
03-11 14:34:34.183  3163  4287 D GnssCallbackJni: gnssSetCapabilitesCb: 1889u
03-11 14:34:34.183  3163  7471 W PackageManager: Missing required system package: tv.pluto.android, but found with extended search.
03-11 14:34:34.183  3163  7471 W PackageManager: Missing required system package: net.sharewire.parkmobilev2, but found with extended search.
03-11 14:34:34.183  3163  7471 W PackageManager: Missing required system package: digit.android, but found with extended search.
03-11 14:34:34.183  3163  7471 W PackageManager: Missing required system package: com.walmart.android, but found with extended search.
03-11 14:34:34.184  3163  7471 W PackageManager: Missing required system package: com.uniqlo.usa.catalogue, but found with extended search.
03-11 14:34:34.185  3163  7471 W PackageManager: Missing required system package: com.ubercab.eats, but found with extended search.
03-11 14:34:34.185  3163  7471 W PackageManager: Missing required system package: com.tubitv, but found with extended search.
03-11 14:34:34.185  3163  7471 W PackageManager: Missing required system package: com.thetransitapp.droid, but found with extended search.
03-11 14:34:34.185  3163  7471 W PackageManager: Missing required system package: com.thehomedepot, but found with extended search.
