03-10 02:03:09.514 10834 10834 I DeviceModeModule: DeviceModeModule.calculateAndNotify():224 Device mode 'phone' from display metrics 'DisplayMetrics{density=0.0, width=1080, height=2640, scaledDensity=0.0, xdpi=397.565, ydpi=435.428}' or smallestScreenWidthDp: 411
03-10 02:03:09.514 10834 10834 I GoogleInputMethodService: GoogleInputMethodService.clearInputMethodServiceData():1030 clearInputMethodServiceData for onDestroy
03-10 02:03:09.515 10834 10834 I GoogleInputMethodService: GoogleInputMethodService.discardAllKeyboardViewAndInputView():1262 discardAllKeyboardViewAndInputView()
03-10 02:03:09.515 10834 10834 I InputMethodEntryManager: InputMethodEntryManager.notifyCurrentInputMethodEntryOnContextChanged():545 notifyCurrentInputMethodEntryOnContextChanged()
03-10 02:03:09.515 10834 10834 I InputMethodEntryManager: InputMethodEntryManager.notifyCurrentInputMethodEntryOnContextChanged():566 Notify current input method entry changed on context change
03-10 02:03:09.519 10834 10834 I KeyboardThemeProvider: KeyboardThemeProvider.reset():39 Reset keyboard theme
03-10 02:03:09.519 10834 10834 I KeyboardContextProvider: KeyboardContextProvider.setBaseContextAndInvalidKeyboardContextCache():88 setBaseContextAndInvalidKeyboardContextCache(): null
03-10 02:03:09.524  3163  7471 W WindowManager: Cannot find window which accessibility connection is added to
03-10 02:03:09.524  3163  7933 W WindowManager: Failed looking up window session=Session{aad39a 10834:u0a10310} callers=com.android.server.wm.WindowManagerService.removeClientToken:2330 com.android.server.wm.Session.remove:275 android.view.IWindowSession$Stub.onTransact:734 
03-10 02:03:09.524  3163  7933 W WindowManager: win is null client=android.os.BinderProxy@5e1d383
03-10 02:03:09.526 10834 10834 W WindowTokenClientController: Can't find attached WindowTokenClient for android.window.WindowTokenClient@93f2a41
03-10 02:03:09.527 10834 10834 I AbstractOpenableExtension: AbstractOpenableExtension$3.onSuccess():552 KeyboardGroupManager destroyed in ezz.
03-10 02:03:09.527 10834 10834 I AbstractOpenableExtension: AbstractOpenableExtension$3.onSuccess():552 KeyboardGroupManager destroyed in hme.
03-10 02:03:09.527 10834 10834 I AbstractOpenableExtension: AbstractOpenableExtension$3.onSuccess():552 KeyboardGroupManager destroyed in hjj.
03-10 02:03:09.530  2064  4171 D slpi    : tmd2712: Als lux: 3.60, ch0: 62, ch1: 2, scale: 1.08, atime:50.04, again:1024
03-10 02:03:09.531 10834 10834 I AppBase : AppBase.onTrimMemory():427 onTrimMemory(): 40
03-10 02:03:09.532 10834 10834 I KeyboardDefCache: MemoryFileCache$1.onTrimMemory():124 clearMemory() for trim memory: 40
03-10 02:03:09.532 10834 10834 I KeyboardDefCache: MemoryFileCache.clearMemory():408 evictAll()
03-10 02:03:09.546  2068  6060 I vendor.qti.bluetooth@1.0-ibs_handler: ProcessIbsCmd: Received IBS_SLEEP_IND: 0xFE
03-10 02:03:09.591  3163  3227 D PowerManagerService: nativeReleaseSuspendBlocker name:PowerManagerService.Broadcasts duration ms: 0
03-10 02:03:09.626 30391 30410 I facebook.katana: WaitForGcToComplete blocked ProfileSaver on CollectorTransition for 315.353ms
03-10 02:03:09.627 30391 30410 W facebook.katana: Profile data size exceeds 500000 bytes. It has 544053 bytes.
03-10 02:03:09.716 10834 10847 W SP      : File ref is being finalized but wasn't closed, file: 7a635888cb828dfa2fc744b7b9b50f04[199]
03-10 02:03:09.789  5625  5669 V WindowManagerShell: Transition requested (#2322): android.os.BinderProxy@b4f1d6e TransitionRequestInfo { type = SLEEP, triggerTask = null, pipTask = null, remoteTransition = null, displayChange = null, flags = 0, debugId = 2322 }
03-10 02:03:09.791  5625  6619 V WindowManagerShell: onTransitionReady(transaction=13584981720345)
03-10 02:03:09.792  3163  3227 V WindowManager: Sent Transition (#2322) createdAt=03-10 02:03:09.787 via request=TransitionRequestInfo { type = SLEEP, triggerTask = null, pipTask = null, remoteTransition = null, displayChange = null, flags = 0, debugId = 2322 }
03-10 02:03:09.792  3163  3227 V WindowManager:     startWCT=null
03-10 02:03:09.793  3163  3227 V WindowManager:     info={id=2322 t=SLEEP f=0x40 trk=0 r=[] c=[]}
03-10 02:03:09.794  3163  7933 W Transition: Transition already started id=2322 state=2
03-10 02:03:09.795  5625  5669 V WindowManagerShell: onTransitionReady (#2322) android.os.BinderProxy@b4f1d6e: {id=2322 t=SLEEP f=0x40 trk=0 r=[] c=[]}
03-10 02:03:09.795  5625  5669 V WindowManagerShell: No transition roots in (#2322) android.os.BinderProxy@b4f1d6e@0 so abort
03-10 02:03:09.796  5625  5669 V WindowManagerShell: Transition animation finished (aborted=true), notifying core (#2322) android.os.BinderProxy@b4f1d6e@0
03-10 02:03:09.799  3163  7471 W UserManagerService: Requested status bar icon for non-badged user 0
03-10 02:03:09.800  3163  3227 V WindowManager: Finish Transition (#2322): created at 03-10 02:03:09.787 collect-started=0.595ms request-sent=1.397ms started=2.725ms ready=2.718ms sent=3.331ms finished=12.608ms
03-10 02:03:09.800  5625  5669 V WindowManagerShell: Track 0 became idle
03-10 02:03:09.800  5625  5669 V WindowManagerShell: All active transition animations finished
03-10 02:03:09.826  3163  3183 I system_server: Background concurrent mark compact GC freed 102MB AllocSpace bytes, 60(1392KB) LOS objects, 51% free, 90MB/186MB, paused 1.352ms,6.141ms total 379.382ms
03-10 02:03:09.829  3163  3184 I BpBinder: onLastStrongRef automatically unlinking death recipients: 
03-10 02:03:09.837  3163  3185 W System  : A resource failed to call HardwareBuffer.close. 
03-10 02:03:09.837  3163  3185 W system_server: ApkAssets: Deleting an ApkAssets object '<empty> and /data/app/~~oh18E6OPe75t2j1pIlTLCA==/com.google.android.gms-WmJzXfiTA3epqGUme2kT3Q==/base.apk' with 1 weak references
03-10 02:03:09.837  3163  3185 W system_server: ApkAssets: Deleting an ApkAssets object '<empty> and /data/app/~~oh18E6OPe75t2j1pIlTLCA==/com.google.android.gms-WmJzXfiTA3epqGUme2kT3Q==/split_CronetDynamite_installtime.apk' with 1 weak references
03-10 02:03:09.837  3163  3185 W system_server: ApkAssets: Deleting an ApkAssets object '<empty> and /data/app/~~oh18E6OPe75t2j1pIlTLCA==/com.google.android.gms-WmJzXfiTA3epqGUme2kT3Q==/split_DynamiteLoader_installtime.apk' with 1 weak references
03-10 02:03:09.837  3163  3185 W system_server: ApkAssets: Deleting an ApkAssets object '<empty> and /data/app/~~oh18E6OPe75t2j1pIlTLCA==/com.google.android.gms-WmJzXfiTA3epqGUme2kT3Q==/split_DynamiteModulesA_installtime.apk' with 1 weak references
03-10 02:03:09.838  3163  3185 W system_server: ApkAssets: Deleting an ApkAssets object '<empty> and /data/app/~~oh18E6OPe75t2j1pIlTLCA==/com.google.android.gms-WmJzXfiTA3epqGUme2kT3Q==/split_DynamiteModulesC_installtime.apk' with 1 weak references
03-10 02:03:09.838  3163  3185 W system_server: ApkAssets: Deleting an ApkAssets object '<empty> and /data/app/~~oh18E6OPe75t2j1pIlTLCA==/com.google.android.gms-WmJzXfiTA3epqGUme2kT3Q==/split_GoogleCertificates_installtime.apk' with 1 weak references
03-10 02:03:09.838  3163  3185 W system_server: ApkAssets: Deleting an ApkAssets object '<empty> and /data/app/~~oh18E6OPe75t2j1pIlTLCA==/com.google.android.gms-WmJzXfiTA3epqGUme2kT3Q==/split_MapsDynamite_installtime.apk' with 1 weak references
03-10 02:03:09.838  3163  3185 W system_server: ApkAssets: Deleting an ApkAssets object '<empty> and /data/app/~~oh18E6OPe75t2j1pIlTLCA==/com.google.android.gms-WmJzXfiTA3epqGUme2kT3Q==/split_MeasurementDynamite_installtime.apk' with 1 weak references
03-10 02:03:09.838  3163  3185 W system_server: ApkAssets: Deleting an ApkAssets object '<empty> and /data/app/~~oh18E6OPe75t2j1pIlTLCA==/com.google.android.gms-WmJzXfiTA3epqGUme2kT3Q==/split_config.en.apk' with 1 weak references
03-10 02:03:09.838  3163  3185 W system_server: ApkAssets: Deleting an ApkAssets object '<empty> and /data/app/~~oh18E6OPe75t2j1pIlTLCA==/com.google.android.gms-WmJzXfiTA3epqGUme2kT3Q==/split_config.xxhdpi.apk' with 1 weak references
03-10 02:03:09.838  3163  3185 W system_server: ApkAssets: Deleting an ApkAssets object '<empty> and /data/app/~~iGEBk7bJwQa3wR9pAAYTvQ==/com.google.android.inputmethod.latin-ioH-_yGpeWmbQvQM-XgGHA==/base.apk' with 1 weak references
03-10 02:03:09.838  3163  3185 W system_server: ApkAssets: Deleting an ApkAssets object '<empty> and /data/app/~~iGEBk7bJwQa3wR9pAAYTvQ==/com.google.android.inputmethod.latin-ioH-_yGpeWmbQvQM-XgGHA==/split_brella_feature_split.apk' with 1 weak references
03-10 02:03:09.838  3163  3185 W system_server: ApkAssets: Deleting an ApkAssets object '<empty> and /data/app/~~iGEBk7bJwQa3wR9pAAYTvQ==/com.google.android.inputmethod.latin-ioH-_yGpeWmbQvQM-XgGHA==/split_config.xxhdpi.apk' with 1 weak references
03-10 02:03:09.838  3163  3185 W system_server: ApkAssets: Deleting an ApkAssets object '<empty> and /data/app/~~iGEBk7bJwQa3wR9pAAYTvQ==/com.google.android.inputmethod.latin-ioH-_yGpeWmbQvQM-XgGHA==/split_dictation_feature_split.apk' with 1 weak references
03-10 02:03:09.838  3163  3185 W system_server: ApkAssets: Deleting an ApkAssets object '<empty> and /data/app/~~iGEBk7bJwQa3wR9pAAYTvQ==/com.google.android.inputmethod.latin-ioH-_yGpeWmbQvQM-XgGHA==/split_tenoranimation_feature_split.apk' with 1 weak references
03-10 02:03:09.838  3163  3185 W system_server: ApkAssets: Deleting an ApkAssets object '<empty> and /data/app/~~f83RRyd2odkEq3iwODDfFA==/com.google.android.tts-7ugC9DcJJIjhqqLFuNLAQg==/base.apk' with 1 weak references
03-10 02:03:09.839  3163  3185 W system_server: ApkAssets: Deleting an ApkAssets object '<empty> and /data/app/~~f83RRyd2odkEq3iwODDfFA==/com.google.android.tts-7ugC9DcJJIjhqqLFuNLAQg==/split_config.arm64_v8a.apk' with 1 weak references
03-10 02:03:09.839  3163  3185 W system_server: ApkAssets: Deleting an ApkAssets object '<empty> and /data/app/~~f83RRyd2odkEq3iwODDfFA==/com.google.android.tts-7ugC9DcJJIjhqqLFuNLAQg==/split_config.en.apk' with 1 weak references
03-10 02:03:09.839  3163  3185 W system_server: ApkAssets: Deleting an ApkAssets object '<empty> and /data/app/~~f83RRyd2odkEq3iwODDfFA==/com.google.android.tts-7ugC9DcJJIjhqqLFuNLAQg==/split_config.xxhdpi.apk' with 1 weak references
03-10 02:03:09.839  3163  3185 W system_server: ApkAssets: Deleting an ApkAssets object '<empty> and /data/app/~~vblSUOIFmJMcd2iQozsMEw==/io.appium.settings-y_bUEUiCIapHWGJ1bK5L4w==/base.apk' with 1 weak references
03-10 02:03:09.839  3163  3185 W System  : A resource failed to call release. 
03-10 02:03:09.881  2064  4171 D slpi    : tmd2712: Als lux: 5.70, ch0: 97, ch1: 3, scale: 1.08, atime:50.04, again:1024
03-10 02:03:09.885  3163  3231 W AccessibilityWindowsPopulator: The displayInfo of this displayId (0) called back from the surface fligner is null
03-10 02:03:10.031  2064  4171 D slpi    : tmd2712: Als lux: 7.80, ch0: 135, ch1: 3, scale: 1.08, atime:50.04, again:1024
03-10 02:03:10.113  5643 13675 D ApfFilter: (wlan0): Ignoring RA RA fe80::c294:35ff:fe71:84fd -> ff02::1 180s 2601:85:ca02:f280::/64 7200s/7200s DNS 180s 2601:85:ca02:f280:c294:35ff:fe71:84fd 2001:558:feed::1 2001:558:feed::2 RIO 180s ::/0  which matches RA fe80::c294:35ff:fe71:84fd -> ff02::1 180s 2601:85:ca02:f280::/64 7200s/7200s DNS 180s 2601:85:ca02:f280:c294:35ff:fe71:84fd 2001:558:feed::1 2001:558:feed::2 RIO 180s ::/0 
03-10 02:03:10.256  3706  3714 I android.hardware.thermal@2.0-service.qti-v2: Sensor Name:skin1 temp: 36.39. prev severity:3. cur severity:0 New severity:0
03-10 02:03:10.272  2064  4171 D slpi-MOT_HALL: Flip send data : 0, State: far
03-10 02:03:10.272  2064  4173 I sensors-hal: handle_sns_client_event:365, mot_flip_event: now=52546176558087 hal ts=52546175807884, MOT_FLIP_STATE_OPEN, count=527.0, cause=0.0, fwreg 1
03-10 02:03:10.272  2064  4171 E slpi    : MOT_GPIO_FLIP kernel state gpio unset
03-10 02:03:10.272  2064  4173 I sensors-hal: sns_device_mode_init:227, sns_device_mode_init Start
03-10 02:03:10.272  2064  4173 I android.hardware.sensors@2.1-service.multihal: vendor/qcom/proprietary/adsprpc/src/fastrpc_apps_user.c:1553: remote_handle64_open: Successfully opened handle 0x1aea77d0 for '":;./\createstaticpd:sensorspd&_dom=adsp on domain 0
03-10 02:03:10.274  3163  3231 I DeviceStateManagerService: Cannot notify device state info change when pending state is present.
03-10 02:03:10.274  2064  4173 I android.hardware.sensors@2.1-service.multihal: vendor/qcom/proprietary/adsprpc/src/fastrpc_perf.c:273: fastrpc_perf_init: enabled systrace 0x0 and RPC traces (kernel 0, dsp 0) with frequency 1000
03-10 02:03:10.274  2064  2502 I android.hardware.sensors@2.1-service.multihal: vendor/qcom/proprietary/adsprpc/src/log_config.c:348: file_watcher_thread starting for domain 0
03-10 02:03:10.274  2064  2502 W android.hardware.sensors@2.1-service.multihal: vendor/qcom/proprietary/adsprpc/src/log_config.c:358:file_watcher_thread: Couldn't find file android.hardware.sensors@2.1-service.multihal.farf, errno (No such file or directory)
03-10 02:03:10.274  2064  2500 I android.hardware.sensors@2.1-service.multihal: vendor/qcom/proprietary/adsprpc/src/listener_android.c:116: listener thread starting
03-10 02:03:10.276  2064  2500 I android.hardware.sensors@2.1-service.multihal: vendor/qcom/proprietary/adsprpc/src/mod_table.c:703: open_mod_table_open_from_static: reverse module apps_std opened with handle 0x450dfe00 (idx 0)
03-10 02:03:10.277  2064  2500 I android.hardware.sensors@2.1-service.multihal: vendor/qcom/proprietary/adsprpc/src/apps_std_imp.c:860: Successfully opened file /vendor/dsp/adsp/libsns_device_mode_skel.so
03-10 02:03:10.276  3163  3227 D TouchHwAidlService: onStateChanged.. state=1
03-10 02:03:10.278  3163  3352 W BoostOptController: not supported hint: 118
03-10 02:03:10.279  3163  3231 I LogicalDisplayMapper: Requesting Transition to state: 1, from state=0, interactive=true, mBootCompleted=true
03-10 02:03:10.279  3163  3229 D CLI/SmallCLI: onDeviceLidStateChanged: state=CLOSED
03-10 02:03:10.279  3163  3231 I LogicalDisplayMapper: Applying layout: [{dispId: 0(ON), displayGroupName: , addr: {port=130, model=0x40446dccee101c}, mThermalBrightnessThrottlingMapId: null, mRefreshRateZoneId: null, mLeadDisplayId: -1, mLeadDisplayAddress: null, mThermalRefreshRateThrottlingMapId: null, mPowerThrottlingMapId: null}], Previous layout: [{dispId: 0(ON), displayGroupName: , addr: {port=130, model=0x40446dccee101c}, mThermalBrightnessThrottlingMapId: null, mRefreshRateZoneId: null, mLeadDisplayId: -1, mLeadDisplayAddress: null, mThermalRefreshRateThrottlingMapId: null, mPowerThrottlingMapId: null}]
03-10 02:03:10.279  3163  3231 D CLI/Rotation: Set volume keyswap sysprop for rotation 0 lidState CLOSED
03-10 02:03:10.283  2064  4173 E android.hardware.sensors@2.1-service.multihal: vendor/qcom/proprietary/adsprpc/src/fastrpc_apps_user.c:1491: Error 0x80000406: remote_handle_open_domain: dynamic loading failed for file:///libsns_device_mode_skel.so?sns_device_mode_skel_handle_invoke&_modver=1.0&_dom=adsp on domain 0 (dlerror segment 0 failed hash verification(0x34F4000 B)) (errno Success)
03-10 02:03:10.283  2064  4173 E android.hardware.sensors@2.1-service.multihal: vendor/qcom/proprietary/adsprpc/src/fastrpc_apps_user.c:1550: Error 0x80000406: remote_handle64_open failed for file:///libsns_device_mode_skel.so?sns_device_mode_skel_handle_invoke&_modver=1.0&_dom=adsp (errno Success)
03-10 02:03:10.283  2064  4173 I sensors-hal: sns_device_mode_init:262, sns_device_mode_init End
03-10 02:03:10.283  2064  4173 E sensors-hal: sendDeviceMode:287, mot_flip: one or mode handles unopened: dm 0 rpc 1
03-10 02:03:10.284  2064  4173 E android.hardware.sensors@2.1-service.multihal: vendor/qcom/proprietary/adsprpc/src/fastrpc_apps_user.c:1366: Error 0x80000600: remote_handle_invoke failed for handle 0x0, method 1 on domain 0 (sc 0x1010200) (errno Success)
03-10 02:03:10.284  2064  4173 E android.hardware.sensors@2.1-service.multihal: vendor/qcom/proprietary/adsprpc/src/fastrpc_apps_user.c:1575: Error 0x80000600: remote_handle_close failed for handle 0x0 (dlerr \) (errno Success)
03-10 02:03:10.284  2064  4173 I android.hardware.sensors@2.1-service.multihal: vendor/qcom/proprietary/adsprpc/src/fastrpc_apps_user.c:2737: domain_deinit for domain 0: dev 77
03-10 02:03:10.285  2064  2500 E android.hardware.sensors@2.1-service.multihal: vendor/qcom/proprietary/adsprpc/src/fastrpc_apps_user.c:3516: exit_thread current process1 thread exit nErr = 0x8000040d domain 0, handle 0xb400007d1aea77d0
03-10 02:03:10.286  2064  2502 W android.hardware.sensors@2.1-service.multihal: vendor/qcom/proprietary/adsprpc/src/log_config.c:368:Warning: file_watcher_thread received exit for domain 0, file android.hardware.sensors@2.1-service.multihal.farf
03-10 02:03:10.286  2064  2502 I android.hardware.sensors@2.1-service.multihal: vendor/qcom/proprietary/adsprpc/src/log_config.c:415: file_watcher_thread exiting for domain 0
03-10 02:03:10.286  2064  4173 I android.hardware.sensors@2.1-service.multihal: vendor/qcom/proprietary/adsprpc/src/mod_table.c:789: open_mod_table_close: closed reverse module apps_std with handle 0x450dfe00
03-10 02:03:10.289  2064  4173 E android.hardware.sensors@2.1-service.multihal: vendor/qcom/proprietary/adsprpc/src/fastrpc_apps_user.c:1614: Error 0x80000600: remote_handle64_close failed for handle 0xb400007d1aea77d0 remote handle 0x0 (errno Success)
03-10 02:03:10.290  3163  4279 I CLI/Transition_Device: lid state changed: CLOSED -> OPEN, device state changed to CLOSED
03-10 02:03:10.290  3163  4279 D CLI/Transition_Lid: update lid state OPEN
03-10 02:03:10.291  6461  6564 I Capsense_Cal: Sensor GetEvents event_count==1
03-10 02:03:10.291  6461  6564 D Capsense_Cal: SensorThread sensorEvents
03-10 02:03:10.291  6461  6564 D Capsense_Cal: Capsensor hallEventHandler sensorEvents->data[0]==1.000000
03-10 02:03:10.291  6461  6564 D Capsense_Cal: start cal : /sys/class/capsense/capsense1/reset, msg: flip_far
03-10 02:03:10.293  6461  6564 D Capsense_Cal: start cal : /sys/class/capsense/capsense0/reset, msg: flip_far
03-10 02:03:10.295  3163  3227 D TouchHwAidlService: onTapToWakeSettingsChanged isAmbientDisplayAvailable=1 aodEnable=true singleTapEnable=true doubleTapEnable=true lidState=1 callers=com.motorola.server.display.TouchHwAidlService.-$$Nest$monTapToWakeSettingsChanged:0 com.motorola.server.display.TouchHwAidlService$4.onChange:573 android.database.ContentObserver.onChange:184 
03-10 02:03:10.295  3163  3227 D TouchHwAidlService: enableTapWake mode=33 displayId=0 mGestureStowMode=true
03-10 02:03:10.296  2106  2106 I motorola.hardware.display.touch-service: Setting Gesture to 33
03-10 02:03:10.296  3163  3227 D TouchHwAidlService: setGestureModeHal done mode=33 newMode=33 result=0
03-10 02:03:10.296  3163  3227 D TouchHwAidlService: enableTapWake mode=33 displayId=1 mGestureStowMode=true
03-10 02:03:10.296  3163  3227 D TouchHwAidlService: transfer mode=33 transMode=32 cli=true
03-10 02:03:10.296  2106  2106 I motorola.hardware.display.touch-service: Setting CLI Gesture to 32
03-10 02:03:10.296  6344  6344 I WindowController: window interactive state updated to false
03-10 02:03:10.297  3163  3227 D TouchHwAidlService: setCliGestureModeHal done mode=33 newMode=32 result=0
03-10 02:03:10.297  3163  3227 D TouchHwAidlService: enableTapWake mode=49 displayId=-1 mGestureStowMode=true
03-10 02:03:10.297  3163  4279 W InputDispatcher: Focused display #0 does not have a focused window.
03-10 02:03:10.297  3163  4279 E InputDispatcher: But another display has a focused window
03-10 02:03:10.297  3163  4279 E InputDispatcher:   FocusedWindows:
03-10 02:03:10.297  3163  4279 E InputDispatcher:     displayId=1, name='2b129fe Venus-Home'
03-10 02:03:10.297  2106  2106 I motorola.hardware.display.touch-service: Setting Gesture to 49
03-10 02:03:10.297  3163  3227 D TouchHwAidlService: setGestureModeHal done mode=49 newMode=49 result=0
03-10 02:03:10.297  3163  3227 D TouchHwAidlService: transfer mode=49 transMode=48 cli=true
03-10 02:03:10.297  2106  2106 I motorola.hardware.display.touch-service: Setting CLI Gesture to 48
03-10 02:03:10.297  3163  3227 D TouchHwAidlService: setCliGestureModeHal done mode=49 newMode=48 result=0
03-10 02:03:10.297  3163  3231 W AccessibilityWindowsPopulator: The displayInfo of this displayId (0) called back from the surface fligner is null
03-10 02:03:10.299  2067  2067 D AHAL: AudioDevice: SetParameters: 1564: enter: cli_state=open
03-10 02:03:10.299  2067  2067 D AHAL: AudioVoice: VoiceSetParameters: 87: Enter params: cli_state=open
03-10 02:03:10.299  2067  2067 D AHAL: AudioVoice: VoiceSetParameters: 360: Exit ret: 0
03-10 02:03:10.299  2067  2067 D AHAL: FM: fm_set_parameters: 262: Enter
03-10 02:03:10.299  2067  2067 D AHAL: FM: fm_set_parameters: 320: exit
03-10 02:03:10.299  2067  2067 D AHAL: AudioDevice: SetParameters: 2361: exit: cli_state=open
03-10 02:03:10.299  5625  5625 D SCliNotifPanelController: onLidOpen
03-10 02:03:10.299  5625  5625 V SmallCli_WindowController: state=SmallCli window State {
03-10 02:03:10.299  5625  5625 V SmallCli_WindowController:   mBrightnessVisible: false
03-10 02:03:10.299  5625  5625 V SmallCli_WindowController:   mDynamicPanelVisible: false
03-10 02:03:10.299  5625  5625 V SmallCli_WindowController:   mFlashLightPrompt: false
03-10 02:03:10.299  5625  5625 V SmallCli_WindowController:   mHeadsUpPanelVisible: false
03-10 02:03:10.299  5625  5625 V SmallCli_WindowController:   mKeyguardOccluded: false
03-10 02:03:10.299  5625  5625 V SmallCli_WindowController:   mLidOpen: true
03-10 02:03:10.299  5625  5625 V SmallCli_WindowController:   mNotificationVisible: false
03-10 02:03:10.299  5625  5625 V SmallCli_WindowController:   mPowerMenuVisible: false
03-10 02:03:10.299  5625  5625 V SmallCli_WindowController:   mQsVisible: false
03-10 02:03:10.299  5625  5625 V SmallCli_WindowController:   mVolumeVisible: false
03-10 02:03:10.299  5625  5625 V SmallCli_WindowController: }
03-10 02:03:10.303  3163  3227 D TouchHwAidlService: Unregister stow sensor
03-10 02:03:10.303  3163  3227 W AlarmManager: Unrecognized alarm listener com.motorola.server.display.TouchHwAidlService$AlarmListenerImpl@de23d8f
03-10 02:03:10.303  3163  3227 D TouchHwAidlService: Unregister stow sensor
03-10 02:03:10.303  3163  3227 W AlarmManager: Unrecognized alarm listener com.motorola.server.display.TouchHwAidlService$AlarmListenerImpl@de23d8f
03-10 02:03:10.303  3163  3227 D TouchHwAidlService: Unregister stow sensor
03-10 02:03:10.303  3163  3227 W AlarmManager: Unrecognized alarm listener com.motorola.server.display.TouchHwAidlService$AlarmListenerImpl@de23d8f
03-10 02:03:10.303  3163  3227 D TouchHwAidlService: enableGestureStowMode stowed: false
03-10 02:03:10.303  2106  2106 I motorola.hardware.display.touch-service: Setting stow gesture mode to 0 for panel 1
03-10 02:03:10.304  3163  7400 W InputManager-JNI: Input channel object '[Gesture Monitor] moto_actions_input_channel (client)' was disposed without first being removed with the input manager!
03-10 02:03:10.304  3163  3227 D TouchHwAidlService: setStowGestureMode for cli stowed=false ret=0
03-10 02:03:10.304  3163  3227 D TouchHwAidlService: enableGestureStowMode stowed: false
03-10 02:03:10.304  2106  2106 I motorola.hardware.display.touch-service: Setting stow gesture mode to 0 for panel 1
03-10 02:03:10.304  3163  3227 D TouchHwAidlService: setStowGestureMode for cli stowed=false ret=0
03-10 02:03:10.305  3163  3227 D TouchHwAidlService: enableGestureStowMode stowed: false
03-10 02:03:10.305  2106  2106 I motorola.hardware.display.touch-service: Setting stow gesture mode to 0 for panel 1
03-10 02:03:10.305  3163  3227 D TouchHwAidlService: setStowGestureMode for cli stowed=false ret=0
03-10 02:03:10.298  2723  9652 I CameraService: Previous DeviceState : 4 New DeviceState : 0
03-10 02:03:10.308  2061  2108 E minksocket: MinkIPC_QRTR_Service: client with node 1 port 5f9a went down
03-10 02:03:10.308  2061  2108 E minksocket: MinkIPC_QRTR_Service: client with node 1 port 5f97 went down
03-10 02:03:10.308  2061  2108 E minksocket: MinkIPC_QRTR_Service: client with node 1 port 5f91 went down
03-10 02:03:10.308  2061  2108 E minksocket: MinkIPC_QRTR_Service: client with node 1 port 5f85 went down
03-10 02:03:10.308  2186  2186 I CamxPrvdr@2.7-legacy: notifyDeviceStateChange: New device state: 0x0
03-10 02:03:10.309  2186  2186 I CamxComm1.0-CamModule: notifyDeviceStateChange: calling notify_device_state_change with state 0
03-10 02:03:10.309  7314  7314 D GameMode: mCLIStatusReceiver: 1
03-10 02:03:10.309  7314  7314 D GameMode: exiting game mode
03-10 02:03:10.309  2186  2186 D CamX    : [DEBUG][HAL    ] camxhal3module.cpp:411 NotifyDeviceStateChange() New Device State: 0
03-10 02:03:10.310  7314  7314 D GameMode: isFeatureSupported: true
03-10 02:03:10.311  7314  7314 D GameMode: isFeatureSupported: true
03-10 02:03:10.311  7314  7314 D GameMode: reset : false
03-10 02:03:10.312  7314  7314 D GameMode: isFeatureSupported: true
03-10 02:03:10.313  6344  6675 D Surface : Surface::disconnect
03-10 02:03:10.313  6344  6675 D BufferQueueProducer: [Venus-Home#29499(BLAST Consumer)pid:6344](id:18c800000101,api:1,p:6344,c:6344) disconnect: api 1
03-10 02:03:10.314  3163  4279 D CLI/Transition_Lid: started waiting for displaygroup 1 off. needMove:false, wakeForContinuityAtWill:false
03-10 02:03:10.314  3163  4279 I PowerGroup: Sleeping power group (groupId=1, uid=1000, reason=lid_switch)...
03-10 02:03:10.314  3163  4279 D PowerManagerService: ignore setGlobalWakefulnessLocked 0 due to lid state change.
03-10 02:03:10.315  3163  3163 I WindowManager: Started going to sleep... (groupId=1 why=OFF_BECAUSE_OF_USER) notifySleepToKeyguard=false lidState=1 pmSleepReason=lid_switch
03-10 02:03:10.318  5705  5705 D GameModeDetector: notifyGameModeStatusValue, value=false
03-10 02:03:10.318  5705  5705 D DaxService: sendGameModeIntent, state=false
03-10 02:03:10.319  3163  3251 D ActivityManager: unfreezing ProcessRecord{24046f6 16372:com.motorola.dolby.dolbyui/u0a182}, reason = unfreezeTemporarily, adj = 925, adjType = cch-empty, adjSource = null
03-10 02:03:10.319  3163  3352 I DisplayPowerController2[1]: 03-10 02:03:10.317 - BrightnessEvent: disp=1, physDisp=local:4630947043778501763, displayState=ON, displayPolicy=OFF, brt=0.082593, initBrt=0.082593, rcmdBrt=0.082593, preBrt=NaN, lux=5.9, preLux=NaN, brtNits=14.005075, hdrNits=NaN, initNits=14.005075, preNits=NaN, rcmdNits=14.005075, hdrBrightness=NaN, brt(%)=11%, brtInt=22, hbmPolicy=normal, hbmMax=0.7660316, hbmMode=off, rbcStrength=-1, thrmMax=1.0, powerFactor=1.0, wasShortTermModelActive=false, flags=, reason=automatic, autoBrightness=true, strategy=InvalidBrightnessStrategy, autoBrightnessMode=default
03-10 02:03:10.320  3163  3251 D ActivityManager: sync unfroze 16372 com.motorola.dolby.dolbyui for 3
03-10 02:03:10.321  2506  2506 I ThermalEngine: Throttling daemon started
03-10 02:03:10.321  2506  2506 E ThermalEngine: config_info path not found: /sys/module/msm_thermal/config_info
03-10 02:03:10.321  2506  2506 I ThermalEngine: Using device config file '/vendor/etc/thermal-engine-lynkco.conf'
03-10 02:03:10.324  3163  3352 I DisplayPowerController2[1]: Blocking screen off
03-10 02:03:10.324  3163  3352 I WindowManager: Display 1 turning off...
03-10 02:03:10.324  3163  3352 I DisplayPowerController2[1]: Unblocked screen off after 0 ms
03-10 02:03:10.324 16372 16477 D DolbyDaxUI: getDeviceType, active device is 0x2
03-10 02:03:10.324  3163  3352 I WindowManager: Display1 turned off...
03-10 02:03:10.324  3163  3352 I DisplayBrightnessStrategySelector: Changing the DisplayBrightnessStrategy from InvalidBrightnessStrategy to ScreenOffBrightnessStrategy for display 1
03-10 02:03:10.324  3163  3229 D CLI/SmallCLI: onScreenTurnedOff: 
03-10 02:03:10.325 16372 16477 D DolbyDaxUI: getDeviceType, active device is 0x2
03-10 02:03:10.325  2064  2064 I sensors-hal: activate:173, com.motorola.sensor.alternate_light/65959 en=0
03-10 02:03:10.326  2061  2108 E minksocket: MinkIPC_QRTR_Service: client with node 1 port 5fa9 went down
03-10 02:03:10.327  2064  2064 I sensors-hal: activate:184, com.motorola.sensor.alternate_light/65959 en=0 completed
03-10 02:03:10.327  3163  3352 V DisplayPowerController2[1]: Brightness [0.0] reason changing to: 'screen_off', previous reason: 'automatic'.
03-10 02:03:10.328  3163  3352 I DisplayPowerController2[1]: 03-10 02:03:10.327 - BrightnessEvent: disp=1, physDisp=local:4630947043778501763, displayState=OFF, displayPolicy=OFF, brt=0.0, initBrt=0.082593, rcmdBrt=NaN, preBrt=NaN, lux=0.0, preLux=0.0, brtNits=3.3701954, hdrNits=NaN, initNits=14.005075, preNits=NaN, rcmdNits=NaN, hdrBrightness=NaN, brt(%)=0%, brtInt=1, hbmPolicy=normal, hbmMax=0.7660316, hbmMode=off, rbcStrength=-1, thrmMax=1.0, powerFactor=1.0, wasShortTermModelActive=false, flags=, reason=screen_off, autoBrightness=true, strategy=ScreenOffBrightnessStrategy, autoBrightnessMode=default
03-10 02:03:10.328  3163  5308 D TouchHwAidlService: setCliDisplayState: mCliScreenOff=true
03-10 02:03:10.328  3163  5308 D TouchHwAidlService: onTapToWakeSettingsChanged isAmbientDisplayAvailable=1 aodEnable=true singleTapEnable=true doubleTapEnable=true lidState=1 callers=com.motorola.server.display.TouchHwAidlService.setCliDisplayState:554 com.motorola.server.MotoExtHwService$MotoExtHwManagerInternal.setCliDisplayState:454 com.android.server.display.LocalDisplayAdapter$LocalDisplayDevice$1.setDisplayState:1082 
03-10 02:03:10.328  3163  3231 D DisplayManagerService: Ignore redundant display event 1/4 to 10416/12048
03-10 02:03:10.328  3163  5308 D TouchHwAidlService: enableTapWake mode=33 displayId=0 mGestureStowMode=true
03-10 02:03:10.328  2106  2106 I motorola.hardware.display.touch-service: Setting Gesture to 33
03-10 02:03:10.328  3163  3231 I DisplayDeviceRepository: Display device changed state: "HDMI Screen", OFF
03-10 02:03:10.329  3163  5308 D TouchHwAidlService: setGestureModeHal done mode=33 newMode=33 result=0
03-10 02:03:10.329  3163  5308 D TouchHwAidlService: enableTapWake mode=33 displayId=1 mGestureStowMode=true
03-10 02:03:10.329  3163  5308 D TouchHwAidlService: transfer mode=33 transMode=32 cli=true
03-10 02:03:10.329  3163  3227 D TouchHwAidlService: Unregister stow sensor
03-10 02:03:10.329  3163  3227 W AlarmManager: Unrecognized alarm listener com.motorola.server.display.TouchHwAidlService$AlarmListenerImpl@de23d8f
03-10 02:03:10.329  2106  2106 I motorola.hardware.display.touch-service: Setting CLI Gesture to 32
03-10 02:03:10.329  3163  3227 D TouchHwAidlService: enableGestureStowMode stowed: false
03-10 02:03:10.329  2106  2106 I motorola.hardware.display.touch-service: Setting stow gesture mode to 0 for panel 1
03-10 02:03:10.329  3163  3227 D TouchHwAidlService: setStowGestureMode for cli stowed=false ret=0
03-10 02:03:10.329  3163  5308 D TouchHwAidlService: setCliGestureModeHal done mode=33 newMode=32 result=0
03-10 02:03:10.329  3163  5308 D TouchHwAidlService: enableTapWake mode=49 displayId=-1 mGestureStowMode=true
03-10 02:03:10.329  2106  2106 I motorola.hardware.display.touch-service: Setting Gesture to 49
03-10 02:03:10.329  3163  3227 D TouchHwAidlService: Unregister stow sensor
03-10 02:03:10.329  2067  2067 D DlbDapEffectContext: DapEffectContext[0xb400007ca4048450] getDapParameter() outval size = 12, ret = 0
03-10 02:03:10.329  3163  5308 D TouchHwAidlService: setGestureModeHal done mode=49 newMode=49 result=0
03-10 02:03:10.329  3163  5308 D TouchHwAidlService: transfer mode=49 transMode=48 cli=true
03-10 02:03:10.329  2106  2106 I motorola.hardware.display.touch-service: Setting CLI Gesture to 48
03-10 02:03:10.329  3163  3227 W AlarmManager: Unrecognized alarm listener com.motorola.server.display.TouchHwAidlService$AlarmListenerImpl@de23d8f
03-10 02:03:10.329  3163  3227 D TouchHwAidlService: enableGestureStowMode stowed: false
03-10 02:03:10.329  2106  2106 I motorola.hardware.display.touch-service: Setting stow gesture mode to 0 for panel 1
03-10 02:03:10.329  3163  5308 D TouchHwAidlService: setCliGestureModeHal done mode=49 newMode=48 result=0
03-10 02:03:10.329  3163  3227 D TouchHwAidlService: setStowGestureMode for cli stowed=false ret=0
03-10 02:03:10.329  3163  3227 D TouchHwAidlService: Unregister stow sensor
03-10 02:03:10.329  3163  3227 W AlarmManager: Unrecognized alarm listener com.motorola.server.display.TouchHwAidlService$AlarmListenerImpl@de23d8f
03-10 02:03:10.329  3163  3231 I InputManager-JNI: Viewport [0] to add: local:4630947043778501762, isActive: false
03-10 02:03:10.329  3163  3231 I InputManager-JNI: Viewport [1] to add: local:4630947043778501763, isActive: false
03-10 02:03:10.330  3163  3352 D BrightnessThermalClamper: Thermal status observer already started
03-10 02:03:10.330  3163  3227 D TouchHwAidlService: enableGestureStowMode stowed: false
03-10 02:03:10.330  2106  2106 I motorola.hardware.display.touch-service: Setting stow gesture mode to 0 for panel 1
03-10 02:03:10.330  3163  5308 W ServiceManagerCppClient: Failed to get isDeclared for com.motorola.hardware.display.panel.IDisplayPanel/default: Status(-1, EX_SECURITY): 'SELinux denied.'
03-10 02:03:10.330  3163  5308 D DisplayPanelService: Setting panel dc mode: 0
03-10 02:03:10.330  3163  3227 D TouchHwAidlService: setStowGestureMode for cli stowed=false ret=0
03-10 02:03:10.330  2067  2067 D DlbDapEffectContext: DapEffectContext[0xb400007ca4048450] getDapParameter() outval size = 12, ret = 0
03-10 02:03:10.330  2090  2090 I DisplayPanel: setDcMode: DC mode = OFF
03-10 02:03:10.330  2090  2090 D DisplayPanel: setParam: Success set DC to 0 for Primary display
03-10 02:03:10.330  3163  3229 D ActivityTaskManager: Top Process State changed to PROCESS_STATE_TOP
03-10 02:03:10.330  5705  9512 D DolbyAudioEffectHelper: getDolbyStatus enabled=true profile=0
03-10 02:03:10.330  5705  9512 D DolbyProvider: true, profile=0
03-10 02:03:10.331  3163  3229 V WindowManager: Content Recording: Display 1 state was (2), is now (1), so update recording?
03-10 02:03:10.331  3163  3229 D CLI/Transition: displaygroup 1, state OFF, pendingdisplaygroup 1
03-10 02:03:10.331  5625  5669 V WindowManagerShell: Transition requested (#2323): android.os.BinderProxy@cbb3c0f TransitionRequestInfo { type = WAKE, triggerTask = null, pipTask = null, remoteTransition = null, displayChange = null, flags = 0, debugId = 2323 }
03-10 02:03:10.331  3163  3163 I BrightnessSynchronizer: New Update: {[4929] 0.13089551(f), mUpdatedTypes=0, mConfirmedTypes=0, mTimeUpdated=0, mState=2}
03-10 02:03:10.331  3163  3229 W SurfaceControl: Invalid layer stack -1
03-10 02:03:10.331  3163  3229 I DisplayDevice: [1] Layerstack set to -1 for local:4630947043778501763 mDisplayToken=android.os.BinderProxy@433f576 t=Transaction{mNativeObject=-5476376673043392304, mHashCode=0}
03-10 02:03:10.333  3163  5308 D LocalDisplayAdapter: setDisplayPowerMode mode=0 for display=android.os.BinderProxy@433f576
03-10 02:03:10.333  3163  4279 I PowerGroup: Waking up power group from Asleep (groupId=0, uid=1000, reason=WAKE_REASON_LID, details=cli: lid state change)...
03-10 02:03:10.334  2300  2300 D SurfaceFlinger: Setting power mode 0 on display 4630947043778501763
03-10 02:03:10.334  3163  4285 I InputReader: Reconfiguring input devices, changes=DISPLAY_INFO
03-10 02:03:10.334  3163  4285 I InputReader: Disabling goodix_ts (device 7) because the associated viewport is not active
03-10 02:03:10.334  3163  4285 I InputReader: Disabling zinitix_mt (device 6) because the associated viewport is not active
03-10 02:03:10.334  3163  4285 I InputReader: Device reconfigured: id=6, name='zinitix_mt', size 194x368, orientation Rotation0, mode DISABLED, display id 1
03-10 02:03:10.334  3163  4279 W BoostOptController: not supported hint: 118
03-10 02:03:10.335  3163  3231 D PanelsService: updateCliDisplayState: mCliScreenState=OFF
03-10 02:03:10.336  7545  7545 I FileStationLog: [ FS_h$a ] - [Display] Changed display: 1
03-10 02:03:10.336  2506  2506 I ThermalEngine: devices_manager_init: Init
03-10 02:03:10.336  2506  2506 I ThermalEngine: Number of gpus :1
03-10 02:03:10.336  2506  2506 I ThermalEngine: Number of cpus :8
03-10 02:03:10.337  3163  3227 D TouchHwAidlService: updateCliDisplayState: mCliScreenOn=false
03-10 02:03:10.337  2061  2108 E minksocket: MinkIPC_QRTR_Service: client with node 1 port 5fb5 went down
03-10 02:03:10.337  2506  2506 E ThermalEngine: tmd_add_cpufreq_dev_data: Invalid or no boost freqs
03-10 02:03:10.338  7545  7545 I FileStationLog: [ FS_h$a ] - [Display] Ignoring change for non-default/desktop display: 1
03-10 02:03:10.339  2061  2108 E minksocket: MinkIPC_QRTR_Service: client with node 1 port 5fb6 went down
03-10 02:03:10.339  2061  2108 E minksocket: MinkIPC_QRTR_Service: client with node 1 port 5fb7 went down
03-10 02:03:10.339  2061  2108 E minksocket: MinkIPC_QRTR_Service: client with node 1 port 5fb8 went down
03-10 02:03:10.339  2061  2108 E minksocket: MinkIPC_QRTR_Service: client with node 1 port 5fb9 went down
03-10 02:03:10.340  2506  2506 E ThermalEngine: tmd_add_cpufreq_dev_data: Invalid or no boost freqs
03-10 02:03:10.340  3163  3163 I WindowManager: Started waking up... (groupId=0 why=ON_BECAUSE_OF_USER) pmWakeReason=WAKE_REASON_LID
03-10 02:03:10.341  3163  3163 I WindowManager: awakenDreams callers=com.android.server.policy.PhoneWindowManager.startedWakingUp:7593 com.android.server.power.Notifier.lambda$handleEarlyInteractiveChange$0:603 com.android.server.power.Notifier.$r8$lambda$JPimfzsYkXWexBDnIhDxNZnALw4:0 com.android.server.power.Notifier$$ExternalSyntheticLambda8.run:0 android.os.Handler.handleCallback:1001 
03-10 02:03:10.341  3163  3231 W ServiceManagerCppClient: Failed to get isDeclared for com.motorola.hardware.display.panel.IDisplayPanel/default: Status(-1, EX_SECURITY): 'SELinux denied.'
03-10 02:03:10.341  3163  3163 I DreamManagerService: awaken by com.android.dynsystem callingUid=1000 callingPid=3163
03-10 02:03:10.341  3163  3231 D DisplayPanelService: Setting panel dc mode: 0
03-10 02:03:10.341  2090  2090 I DisplayPanel: setDcMode: DC mode = OFF
03-10 02:03:10.341  3163  3163 V PowerManager: userActivity when=39480329 event=0 flags=0 displayId=0 by (android) callers=android.os.PowerManager.userActivity:1487 com.android.server.dreams.DreamManagerService.requestAwakenInternal:496 com.android.server.dreams.DreamManagerService.-$$Nest$mrequestAwakenInternal:0 
03-10 02:03:10.341  3163  3163 W BoostOptController: not supported hint: 118
03-10 02:03:10.341  2090  2090 D DisplayPanel: setParam: Success set DC to 0 for Primary display
03-10 02:03:10.341  2506  2506 E ThermalEngine: tmd_add_cpufreq_dev_data: Invalid or no boost freqs
03-10 02:03:10.341  2061  2108 E minksocket: MinkIPC_QRTR_Service: client with node 1 port 5fba went down
03-10 02:03:10.341  2195  2386 I SDM     : DisplayBase::SetDisplayState: Set state = 0, display 76-0, teardown = 0
03-10 02:03:10.342  5658  6105 I bt_shim_scanner: system/main/shim/le_scanning_manager.cc:185 Scan: in shim layer stopped
03-10 02:03:10.342  2195  2386 I SDM     : DRMPanelFeatureMgr::MarkForNullCommit: Marked 7 for null commit
03-10 02:03:10.342  5658  5907 I bluetooth: system/gd/hci/le_address_manager.cc:244 unregister_client: Client unregistered
03-10 02:03:10.342  6942 24678 D ForegroundUtils: Foreground UID status: 10240, true; 10246, false; 10276, true; 10292, true; 10336, true; 10363, false; 10394, true; 10404, true; 10408, false; 10416, false; 10618, false; 10630, true; 
03-10 02:03:10.342  5658  6105 W BtGatt.JNI: android/app/jni/com_android_bluetooth_gatt.cpp:1597 gattSetScanParametersNative: gattSetScanParametersNative
03-10 02:03:10.342  5658  6105 I bt_shim_scanner: system/main/shim/le_scanning_manager.cc:363 SetScanParameters: in shim layer, scannerId=1
03-10 02:03:10.342  5658  6105 I bt_shim_scanner: system/main/shim/le_scanning_manager.cc:185 Scan: in shim layer started
03-10 02:03:10.342  5658  5907 I bluetooth: system/gd/hci/le_address_manager.cc:248 unregister_client: Cancelled address rotation alarm
03-10 02:03:10.342  2195  2386 I SDM     : HWDeviceDRM::NullCommit: Null commit succeeded crtc=203
03-10 02:03:10.343  5658  5907 I bluetooth: system/gd/hci/le_scanning_manager.cc:690 stop_scan: Scanning already stopped, return!
03-10 02:03:10.343  5658  5907 I bluetooth: system/gd/hci/le_address_manager.cc:226 register_client: Scheduled address rotation for first client registered
03-10 02:03:10.343  5658  5907 I bluetooth: system/gd/hci/le_address_manager.cc:229 register_client: Client registered
03-10 02:03:10.344  2068  6060 I vendor.qti.bluetooth@1.0-ibs_handler: ProcessIbsCmd: Received IBS_WAKE_IND: 0xFD
03-10 02:03:10.344  2068  6060 I vendor.qti.bluetooth@1.0-ibs_handler: ProcessIbsCmd: Writing IBS_WAKE_ACK
03-10 02:03:10.345  2061  2108 E minksocket: MinkIPC_QRTR_Service: client with node 1 port 5fbb went down
03-10 02:03:10.346  3163  4279 D CLI/Transition_Lid: finished waiting for displaygroup 1 off.
03-10 02:03:10.347  2506  2506 E ThermalEngine: devices_manager_reg_clnt: Invalid dev cdsp_sw.
03-10 02:03:10.342  2506  2506 W thermal-engine-: type=1400 audit(0.0:653426): avc:  denied  { read } for  scontext=u:r:vendor_thermal-engine:s0 tcontext=u:r:init:s0 tclass=file permissive=0
03-10 02:03:10.342  2506  2506 W thermal-engine-: type=1400 audit(0.0:653427): avc:  denied  { read } for  scontext=u:r:vendor_thermal-engine:s0 tcontext=u:r:kernel:s0 tclass=file permissive=0
03-10 02:03:10.342  2506  2506 W thermal-engine-: type=1400 audit(0.0:653428): avc:  denied  { read } for  scontext=u:r:vendor_thermal-engine:s0 tcontext=u:r:kernel:s0 tclass=file permissive=0
03-10 02:03:10.342  2506  2506 W thermal-engine-: type=1400 audit(0.0:653429): avc:  denied  { read } for  scontext=u:r:vendor_thermal-engine:s0 tcontext=u:r:kernel:s0 tclass=file permissive=0
03-10 02:03:10.342  2506  2506 W thermal-engine-: type=1400 audit(0.0:653430): avc:  denied  { read } for  scontext=u:r:vendor_thermal-engine:s0 tcontext=u:r:kernel:s0 tclass=file permissive=0
03-10 02:03:10.347  2061  2108 E minksocket: MinkIPC_QRTR_Service: client with node 1 port 5fbc went down
03-10 02:03:10.347  3163  4279 D CLI/Rotation: Set volume keyswap sysprop for rotation 0 lidState OPEN
03-10 02:03:10.349  2061  2108 E minksocket: MinkIPC_QRTR_Service: client with node 1 port 5fbd went down
03-10 02:03:10.350  2061  2108 E minksocket: MinkIPC_QRTR_Service: client with node 1 port 5fbe went down
03-10 02:03:10.352  2061  2108 E minksocket: MinkIPC_QRTR_Service: client with node 1 port 5fbf went down
03-10 02:03:10.353  2061  2108 E minksocket: MinkIPC_QRTR_Service: client with node 1 port 5fc0 went down
03-10 02:03:10.355  2061  2108 E minksocket: MinkIPC_QRTR_Service: client with node 1 port 5fc1 went down
03-10 02:03:10.356  3163  3231 D DisplayManagerService: Ignore redundant display event 1/2 to 10310/10834
03-10 02:03:10.356  3163  3231 D DisplayManagerService: Ignore redundant display event 1/2 to 10416/12048
03-10 02:03:10.358  2506  2506 I ThermalEngine: Found /system/bin/installd, file: 2737
03-10 02:03:10.358  2506  2506 E ThermalEngine: tmd_init_battery_data: type 0 
03-10 02:03:10.358  2506  2506 E ThermalEngine: tmd_init_battery_data: Unknown type: 0
03-10 02:03:10.358  2506  2506 E ThermalEngine: tmd_init_battery_data: type 1 
03-10 02:03:10.360  2506  2506 E ThermalEngine: tmd_init_battery_data: type 2 
03-10 02:03:10.362  2061  2108 E minksocket: MinkIPC_QRTR_Service: client with node 1 port 5fc2 went down
03-10 02:03:10.362  2067  2067 D AHAL: AudioDevice: SetParameters: 1564: enter: screen_state=off
03-10 02:03:10.362  2067  2067 D AHAL: AudioVoice: VoiceSetParameters: 87: Enter params: screen_state=off
03-10 02:03:10.362  2067  2067 D AHAL: AudioVoice: VoiceSetParameters: 360: Exit ret: 0
03-10 02:03:10.362  2067  2067 D AHAL: FM: fm_set_parameters: 262: Enter
03-10 02:03:10.362  2067  2067 D AHAL: FM: fm_set_parameters: 320: exit
03-10 02:03:10.362  2067  2067 D AHAL: AudioDevice: SetParameters: 1628:  - screen = off
03-10 02:03:10.362  2067  2067 I PAL: ResourceManager: setParameter: 8311: Screen State:0
03-10 02:03:10.362  2067  2067 D AHAL: AudioDevice: SetParameters: 2361: exit: screen_state=off
03-10 02:03:10.363  7545  7545 I FileStationLog: [ FS_h$a ] - [Display] Changed display: 0
03-10 02:03:10.363  7545  7545 I FileStationLog: [ FS_h ] - [Logic] Retrieved display info: LogicDisplayInfo(width=1080, height=2640, orientation=1, rotation=0, displayId=0)
03-10 02:03:10.363  5625  5625 D KeyguardViewMediator: KeyguardViewMediator queue processing message: NOTIFY_STARTED_WAKING_UP
03-10 02:03:10.363  2926  2926 D fpc_hidl: lid-state=1
03-10 02:03:10.363  7545  7545 I FileStationLog: [ FS_h$a ] - [Display] New logical size: 1080x2640
03-10 02:03:10.363  7545  7545 I FileStationLog: [ FS_h$a ] - [Display] Screen width unchanged: 1080
03-10 02:03:10.363  3163  4279 D MotoFingerprint: resultCode : 0
03-10 02:03:10.366  2061  2108 E minksocket: MinkIPC_QRTR_Service: client with node 1 port 5fc3 went down
03-10 02:03:10.367  3163  4129 W AccessibilityWindowsPopulator: The displayInfo of this displayId (0) called back from the surface fligner is null
03-10 02:03:10.368  2061  2108 E minksocket: MinkIPC_QRTR_Service: client with node 1 port 5fc4 went down
03-10 02:03:10.369  2506  2513 E ThermalEngine: verify_tmd_device: Device:cpuv_restriction_cold available. max:1
03-10 02:03:10.369  2506  2506 E ThermalEngine: tmd_init_battery_data: type 3 
03-10 02:03:10.369  2506  2506 E ThermalEngine: tmd_init_battery_data: Unknown type: 3
03-10 02:03:10.369  2506  2506 E ThermalEngine: tmd_init_battery_data: type 4 
03-10 02:03:10.369  2506  2506 E ThermalEngine: tmd_init_battery_data: Unknown type: 4
03-10 02:03:10.369  2506  2506 E ThermalEngine: Failed to reading /sys/class/leds/lcd-backlight/max_brightness
03-10 02:03:10.369  2506  2506 E ThermalEngine: Switch to /sys/class/backlight/panel0-backlight/max_brightness successfully
03-10 02:03:10.369  2061  2108 E minksocket: MinkIPC_QRTR_Service: client with node 1 port 5fc6 went down
03-10 02:03:10.369  2506  2513 E ThermalEngine: verify_tmd_device: Device:cdsp_hw available. max:1
03-10 02:03:10.370  2506  2513 E ThermalEngine: verify_tmd_device: Device:cdsp_sw available. max:6
03-10 02:03:10.370  2506  2513 I ThermalEngine: CDSP thermal mitigation available.
03-10 02:03:10.370  2061  2108 E minksocket: MinkIPC_QRTR_Service: client with node 1 port 5fc8 went down
03-10 02:03:10.371  2506  2509 E ThermalEngine: verify_tmd_device: Device:cpuv_restriction_cold available. max:1
03-10 02:03:10.371  2506  2509 E ThermalEngine: devices_manager_add_dev: Device:cpuv_restriction_cold already exists
03-10 02:03:10.371  2506  2506 E ThermalEngine: parse_cooling_devices: Added cooling device: display-fps with cdev id:31
03-10 02:03:10.371  2506  2506 E ThermalEngine: parse_cooling_devices: Added cooling device: cpu-hotplug3 with cdev id:21
03-10 02:03:10.371  2506  2506 E ThermalEngine: parse_cooling_devices: Added cooling device: pause-cpu3 with cdev id:11
03-10 02:03:10.371  2506  2506 E ThermalEngine: parse_cooling_devices: Added cooling device: mmw0_dsc_kr with cdev id:58
03-10 02:03:10.371  2506  2506 E ThermalEngine: parse_cooling_devices: Added cooling device: sdr0_lte_dsc_kr with cdev id:48
03-10 02:03:10.371  2506  2506 E ThermalEngine: parse_cooling_devices: Added cooling device: panel0-backlight with cdev id:38
03-10 02:03:10.371  2506  2506 E ThermalEngine: parse_cooling_devices: Added cooling device: pause-cpu7 with cdev id:8
03-10 02:03:10.371  2506  2512 E ThermalEngine: verify_tmd_device: Device:cpuv_restriction_cold available. max:1
03-10 02:03:10.371  2506  2512 E ThermalEngine: devices_manager_add_dev: Device:cpuv_restriction_cold already exists
03-10 02:03:10.371  2506  2512 I ThermalEngine: ADSP thermal mitigation available.
03-10 02:03:10.372  2506  2506 E ThermalEngine: parse_cooling_devices: Added cooling device: ufs with cdev id:28
03-10 02:03:10.372  2506  2506 E ThermalEngine: parse_cooling_devices: Added cooling device: pa_nr_sdr0_scg_kr with cdev id:56
03-10 02:03:10.372  2506  2509 E ThermalEngine: verify_tmd_device: Device:modem_lte_dsc available. max:255
03-10 02:03:10.372  2506  2506 E ThermalEngine: parse_cooling_devices: Added cooling device: cpu-hotplug0 with cdev id:18
03-10 02:03:10.372  2506  2506 E ThermalEngine: parse_cooling_devices: Added cooling device: pa_nr_sdr0_dsc_kr with cdev id:54
03-10 02:03:10.372  2506  2506 E ThermalEngine: parse_cooling_devices: Added cooling device: modem_vdd with cdev id:44
03-10 02:03:10.372  2506  2506 E ThermalEngine: parse_cooling_devices: Added cooling device: mmw_ific_dsc_kr with cdev id:62
03-10 02:03:10.372  2506  2506 E ThermalEngine: parse_cooling_devices: Added cooling device: pause-cpu5 with cdev id:4
03-10 02:03:10.372  2506  2506 E ThermalEngine: parse_cooling_devices: Added cooling device: cpu-hotplug7 with cdev id:24
03-10 02:03:10.372  2506  2509 E ThermalEngine: verify_tmd_device: Device:modem_lte_sub1_dsc available. max:255
03-10 02:03:10.372  2506  2506 E ThermalEngine: parse_cooling_devices: Added cooling device: pa_lte_sdr0_dsc_kr with cdev id:52
03-10 02:03:10.372  2506  2506 E ThermalEngine: parse_cooling_devices: Added cooling device: mmw2_dsc_kr with cdev id:60
03-10 02:03:10.372  2506  2506 E ThermalEngine: parse_cooling_devices: Added cooling device: pause-cpu0 with cdev id:2
03-10 02:03:10.372  2506  2506 E ThermalEngine: parse_cooling_devices: Added cooling device: cpu-hotplug5 with cdev id:22
03-10 02:03:10.372  2506  2506 E ThermalEngine: parse_cooling_devices: Added cooling device: sdr0_nr_dsc_kr with cdev id:50
03-10 02:03:10.372  2506  2506 E ThermalEngine: parse_cooling_devices: Added cooling device: pause-cpu6 with cdev id:12
03-10 02:03:10.372  2506  2506 E ThermalEngine: parse_cooling_devices: Added cooling device: mmw1_dsc_kr with cdev id:59
03-10 02:03:10.372  2506  2506 E ThermalEngine: parse_cooling_devices: Added cooling device: pause-cpu1 with cdev id:0
