03-10 02:03:09.148  2064  2064 I sensors-hal: activate:173, android.sensor.device_orientation/271 en=1
03-10 02:03:09.149  2064  2064 I sensors-hal: get_qmi_debug_flag:239, support_qmi_debug : false
03-10 02:03:09.150  2061  2108 E minksocket: MinkIPC_QRTR_Service: client with node 1 port 5faa went down
03-10 02:03:09.150  3163  5308 D PowerManagerService: nativeSetPowerMode ret:false mode:9 enabled:false duration ms: 0
03-10 02:03:09.150  3163  5308 D TouchHwAidlService: setCliDisplayState: mCliScreenOff=false
03-10 02:03:09.150  3163  5308 D LocalDisplayAdapter: setDisplayPowerMode mode=2 for display=android.os.BinderProxy@433f576
03-10 02:03:09.150  3163  4132 W UserManagerService: Requested status bar icon for non-badged user 0
03-10 02:03:09.151  5625  5962 V PowerManager: userActivity when=39479139 event=0 flags=0 displayId=1 by (com.android.systemui) callers=com.android.systemui.keyguard.KeyguardViewMediator$$ExternalSyntheticLambda0.run:63 java.util.concurrent.ThreadPoolExecutor.runWorker:1145 java.util.concurrent.ThreadPoolExecutor$Worker.run:644 
03-10 02:03:09.151  3163  8301 W BoostOptController: not supported hint: 118
03-10 02:03:09.151  5625  5625 D SCliNotificationListener: onNotificationListUpdate: [com.android.systemui.statusbar.notification.collection.GroupEntry@50d730d]
03-10 02:03:09.153  2061  2108 E minksocket: MinkIPC_QRTR_Service: client with node 1 port 5fab went down
03-10 02:03:09.153  2300  2300 D SurfaceFlinger: setDesiredDisplayModeSpecs[{0, false, PR={p[24.00-120.00]Hz, r[24.00-60.00]Hz}, AR={p[0.00-120.00]Hz, r[0.00-60.00]Hz}}]: by process 3163 uid 1000 for display 4630947043778501762
03-10 02:03:09.153  5493  6013 W HWUI    : Surface doesn't have any previously queued frames, nothing to readback from
03-10 02:03:09.154  3163  3231 D CLI/Keyguard: [onKeyguardLockedStateChanged] isKeyguardLocked=true
03-10 02:03:09.154  2061  2108 E minksocket: MinkIPC_QRTR_Service: client with node 1 port 5fac went down
03-10 02:03:09.154  3163  3231 D PanelsService: onKeyguardStateChanged.. isShowing=true
03-10 02:03:09.154  3163  3231 D TouchHwAidlService: onKeyguardStateChanged.. isShowing=true
03-10 02:03:09.154  3163  3231 D PanelsService: onAwakeStateChanged.. isAwake=true
03-10 02:03:09.154  3163  3231 D TouchHwAidlService: onAwakeStateChanged.. isAwake=true
03-10 02:03:09.154  3163  3231 D TouchHwAidlService: Unregister stow sensor
03-10 02:03:09.154  2064  2064 E Diag_Lib: diag: Diag_LSM_Init: invoked for pid: 2064 with init_count: 0
03-10 02:03:09.154  2064  2064 E Diag_Lib: diag:failed to connect to diag socket
03-10 02:03:09.154  2064  2064 E Diag_Lib:  Diag_LSM_Init: Failed to open handle to diag driver, error = 13
03-10 02:03:09.154  2064  2064 I sensors-hal: send_sensor_config_request:463, dt=mot_disprot: convert sample_period=66667000 to batch_period=66667
03-10 02:03:09.155  2064  2064 I sensors-hal: send_sync_sensor_request:341, send sync request
03-10 02:03:09.155  2064  2064 I sensors-hal: send_sync_sensor_request:367, wait for notification of response
03-10 02:03:09.155  2300  2300 I BpBinder: onLastStrongRef automatically unlinking death recipients: 
03-10 02:03:09.155  6942  6942 D NfcService: MSG_APPLY_SCREEN_STATE 4
03-10 02:03:09.155  2061  2108 E minksocket: MinkIPC_QRTR_Service: client with node 1 port 5fad went down
03-10 02:03:09.155  2300  2300 E Scheduler: trackPendingFrame: Invalid present fence
03-10 02:03:09.156  2300  2300 D SurfaceFlinger: Setting power mode 2 on display 4630947043778501763
03-10 02:03:09.156  6942  6942 D libnfc_nci: nfcManager_doSetScreenState: state = 4 prevScreenState= 1, discovry_param = 1
03-10 02:03:09.156  2064  2476 I sensors-hal: ssc_conn_resp_cb:632, resp_value = 0
03-10 02:03:09.156  2064  2064 I sensors-hal: send_sync_sensor_request:373, takes 1 ms to receive the response with 0
03-10 02:03:09.156  2064  2064 I sensors-hal: activate:184, android.sensor.device_orientation/271 en=1 completed
03-10 02:03:09.156  2582  8068 D NxpTml  : PN54X - Write requested.....
03-10 02:03:09.156  2582  8068 D NxpTml  : PN54X - Invoking I2C Write.....
03-10 02:03:09.156  2300  2300 I Scheduler: Display 4630947043778501763 is the pacesetter
03-10 02:03:09.156  2300  2300 I Scheduler: promotePacesetterDisplayLocked, mAcceptScrollEvent=1
03-10 02:03:09.156  2300  2300 I Scheduler: promotePacesetterDisplayLocked, mAcceptTouchNotBoostEvent=0
03-10 02:03:09.156  2582  8068 I NxpNciX : len =   4 > 20090102
03-10 02:03:09.156  2582  8068 D NxpTml  : PN54X - I2C Write successful.....
03-10 02:03:09.156  2582  8068 D NxpTml  : PN54X - Posting Fresh Write message.....
03-10 02:03:09.156  2582  8068 D NxpTml  : PN54X - Tml Writer Thread Running................
03-10 02:03:09.156  2582  8070 D NxpHal  : write successful status = 0x0
03-10 02:03:09.157  2300  2300 D SurfaceFlinger: Setting desired display mode specs: {0, false, PR={p[24.00-120.00]Hz, r[24.00-120.00]Hz}, AR={p[0.00-120.00]Hz, r[0.00-120.00]Hz}} for display 4630947043778501763
03-10 02:03:09.157  2064  2064 I sensors-hal: batch:206, com.motorola.sensor.stowed/65568, period=200000000, max_latency=0
03-10 02:03:09.157  2064  2064 I sensors-hal: set_config:61, no need to adjust sample_period_ns due to reporting_mode = 2
03-10 02:03:09.157  2064  2064 I sensors-hal: batch:215, com.motorola.sensor.stowed/65568, period=200000000, max_latency=0 request completed
03-10 02:03:09.157  2582  8059 D NxpTml  : PN54X - I2C Read successful.....
03-10 02:03:09.157  2582  8059 I NxpNciR : len =   4 > 40090100
03-10 02:03:09.157  2582  8059 D NxpTml  : PN54X - Posting read message.....
03-10 02:03:09.157  2582  8070 D NxpHal  : read successful status = 0x0
03-10 02:03:09.157  2300  2300 I SurfaceFlinger: Switching to Scheduler preferred mode 0 (60.00 Hz) for display 4630947043778501763
03-10 02:03:09.158  3163  3231 W AlarmManager: Unrecognized alarm listener com.motorola.server.display.TouchHwAidlService$AlarmListenerImpl@de23d8f
03-10 02:03:09.158  2300  2300 W ComposerExtn: DisplayExtnImpl::SetActiveConfig: HWC Display 2 is not registered!
03-10 02:03:09.158  2300  2300 D DisplayModeController: setDesiredMode 4630947043778501763 {mode={fps=60.00 Hz, modePtr={id=0, vsyncRate=60.00 Hz, peakRefreshRate=60.00 Hz}}, emitEvent=true, force=false}
03-10 02:03:09.158  3163  3227 D TouchHwAidlService: enableGestureStowMode stowed: false
03-10 02:03:09.158  3163  3231 I DisplayDeviceRepository: Display device changed state: "HDMI Screen", ON
03-10 02:03:09.158  2106  2106 I motorola.hardware.display.touch-service: Setting stow gesture mode to 0 for panel 1
03-10 02:03:09.158  2195  2386 I SDM     : DisplayBase::SetDisplayState: Set state = 1, display 76-0, teardown = 0
03-10 02:03:09.158  2195  2386 I SDM     : HWDeviceDRM::NullCommit: Null commit succeeded crtc=203
03-10 02:03:09.158  3163  3227 D TouchHwAidlService: setStowGestureMode for cli stowed=false ret=0
03-10 02:03:09.159  2582  8059 D NxpTml  : PN54X - Read requested.....
03-10 02:03:09.159  2582  8059 D NxpTml  : PN54X - Invoking I2C Read.....
03-10 02:03:09.159  6942  8007 D libnfc_nci: nfaDeviceManagementCallback: enter; event=0xB
03-10 02:03:09.159  6942  8007 D libnfc_nci: nfaDeviceManagementCallback: NFA_DM_SET_POWER_SUB_STATE_EVT; status=0x0
03-10 02:03:09.161  3163  3163 I BrightnessSynchronizer: New Update: {[4924] 0.042375587(f), mUpdatedTypes=1, mConfirmedTypes=0, mTimeUpdated=0, mState=2}
03-10 02:03:09.161  3163  3163 I BrightnessSynchronizer: [4924] New Update 0.042375587(f) set brightness values:  12(i)
03-10 02:03:09.161  3163  3163 I BrightnessSynchronizer: Swallowing update of 12(i) by update: {[4924] 0.042375587(f), mUpdatedTypes=1, mConfirmedTypes=1, mTimeUpdated=39479149, mState=2}
03-10 02:03:09.161  3163  3163 I BrightnessSynchronizer: Completed Update: {[4924] 0.042375587(f), mUpdatedTypes=1, mConfirmedTypes=1, mTimeUpdated=39479149, mState=3}
03-10 02:03:09.164  3163  8301 W AccessibilityWindowsPopulator: The displayInfo of this displayId (0) called back from the surface fligner is null
03-10 02:03:09.164  3163  8251 D CoreBackPreview: Window{e1d6d9e u0 NotificationShade}: Setting back callback OnBackInvokedCallbackInfo{mCallback=android.window.IOnBackInvokedCallback$Stub$Proxy@3e38c97, mPriority=0, mIsAnimationCallback=false}
03-10 02:03:09.164  3163  3231 W ServiceManagerCppClient: Failed to get isDeclared for com.motorola.hardware.display.panel.IDisplayPanel/default: Status(-1, EX_SECURITY): 'SELinux denied.'
03-10 02:03:09.164  3163  3231 D DisplayPanelService: Setting panel dc mode: 0
03-10 02:03:09.164  2090  2090 I DisplayPanel: setDcMode: DC mode = OFF
03-10 02:03:09.165  2090  2090 D DisplayPanel: setParam: Success set DC to 0 for Primary display
03-10 02:03:09.165  3163  3231 W AccessibilityWindowsPopulator: The displayInfo of this displayId (0) called back from the surface fligner is null
03-10 02:03:09.166  3163  3231 I InputManager-JNI: Viewport [0] to add: local:4630947043778501762, isActive: false
03-10 02:03:09.166  3163  3231 I InputManager-JNI: Viewport [1] to add: local:4630947043778501763, isActive: true
03-10 02:03:09.166  3163  3229 V WindowManager: Content Recording: Display 1 state was (1), is now (2), so update recording?
03-10 02:03:09.166  3163  4132 E WindowManager: Dream packageName does not match active dream. Package com.littlecaesars does not match ComponentInfo{com.android.systemui/com.android.systemui.doze.DozeService}
03-10 02:03:09.167  3163  3229 D CLI/Transition: displaygroup 1, state ON, pendingdisplaygroup -1
03-10 02:03:09.167  3163  3227 D TouchHwAidlService: updateCliDisplayState: mCliScreenOn=true
03-10 02:03:09.167  2582  8068 D NxpTml  : PN54X - Write requested.....
03-10 02:03:09.167  2582  8068 D NxpTml  : PN54X - Invoking I2C Write.....
03-10 02:03:09.168  3163  3229 I DisplayDevice: [1] Layerstack set to 1 for local:4630947043778501763 mDisplayToken=android.os.BinderProxy@433f576 t=Transaction{mNativeObject=-5476376673043392304, mHashCode=0}
03-10 02:03:09.168  2582  8068 I NxpNciX : len =   7 > 20020401020100
03-10 02:03:09.168  2582  8068 D NxpTml  : PN54X - I2C Write successful.....
03-10 02:03:09.168  2582  8068 D NxpTml  : PN54X - Posting Fresh Write message.....
03-10 02:03:09.168  2582  8068 D NxpTml  : PN54X - Tml Writer Thread Running................
03-10 02:03:09.168  2582  8070 D NxpHal  : write successful status = 0x0
03-10 02:03:09.168  3163  4285 I InputReader: Reconfiguring input devices, changes=DISPLAY_INFO
03-10 02:03:09.168  3163  4285 I InputReader: Disabling goodix_ts (device 7) because the associated viewport is not active
03-10 02:03:09.168  3163  4285 I InputReader: Device reconfigured: id=6, name='zinitix_mt', size 194x368, orientation Rotation0, mode DIRECT, display id 1
03-10 02:03:09.168  3163  8301 E WindowManager: Dream packageName does not match active dream. Package com.motorola.livewallpaper3.prebuilt.vanilla_reflection does not match ComponentInfo{com.android.systemui/com.android.systemui.doze.DozeService}
03-10 02:03:09.168  2582  8059 D NxpTml  : PN54X - I2C Read successful.....
03-10 02:03:09.169  2582  8059 I NxpNciR : len =   5 > 4002020000
03-10 02:03:09.169  2582  8059 D NxpTml  : PN54X - Posting read message.....
03-10 02:03:09.169  3163  3231 W AccessibilityWindowsPopulator: The displayInfo of this displayId (0) called back from the surface fligner is null
03-10 02:03:09.169  2582  8070 D NxpHal  : read successful status = 0x0
03-10 02:03:09.169  2582  8070 D NxpHal  : phNxpNciHal_print_res_status: response status =STATUS_OK
03-10 02:03:09.169  3163  3231 W AccessibilityWindowsPopulator: The displayInfo of this displayId (0) called back from the surface fligner is null
03-10 02:03:09.169  2582  8059 D NxpTml  : PN54X - Read requested.....
03-10 02:03:09.169  2582  8059 D NxpTml  : PN54X - Invoking I2C Read.....
03-10 02:03:09.169  6942  8007 D libnfc_nci: nfaDeviceManagementCallback: enter; event=0x2
03-10 02:03:09.169  6942  8007 D libnfc_nci: nfaDeviceManagementCallback: NFA_DM_SET_CONFIG_EVT
03-10 02:03:09.169  3163  3231 D PanelsService: updateCliDisplayState: mCliScreenState=ON
03-10 02:03:09.170  3163  7400 E WindowManager: Dream packageName does not match active dream. Package com.motorola.mobiledesktop does not match ComponentInfo{com.android.systemui/com.android.systemui.doze.DozeService}
03-10 02:03:09.170  7545  7545 I FileStationLog: [ FS_h$a ] - [Display] Changed display: 1
03-10 02:03:09.171  3163  3231 W ServiceManagerCppClient: Failed to get isDeclared for com.motorola.hardware.display.panel.IDisplayPanel/default: Status(-1, EX_SECURITY): 'SELinux denied.'
03-10 02:03:09.171  3163  7400 E WindowManager: Dream packageName does not match active dream. Package com.google.android.ext.services does not match ComponentInfo{com.android.systemui/com.android.systemui.doze.DozeService}
03-10 02:03:09.171  3163  3231 D DisplayPanelService: Setting panel dc mode: 0
03-10 02:03:09.171  2090  2090 I DisplayPanel: setDcMode: DC mode = OFF
03-10 02:03:09.171  2090  2090 D DisplayPanel: setParam: Success set DC to 0 for Primary display
03-10 02:03:09.171  3163  4131 E WindowManager: Dream packageName does not match active dream. Package com.google.android.gsf does not match ComponentInfo{com.android.systemui/com.android.systemui.doze.DozeService}
03-10 02:03:09.171  3163  4131 E WindowManager: Dream packageName does not match active dream. Package com.google.android.gms does not match ComponentInfo{com.android.systemui/com.android.systemui.doze.DozeService}
03-10 02:03:09.172  3163  5216 E WindowManager: Dream packageName does not match active dream. Package com.android.vending does not match ComponentInfo{com.android.systemui/com.android.systemui.doze.DozeService}
03-10 02:03:09.172  3163  4132 E WindowManager: Dream packageName does not match active dream. Package com.google.android.inputmethod.latin does not match ComponentInfo{com.android.systemui/com.android.systemui.doze.DozeService}
03-10 02:03:09.173 10834 10834 I PkDeviceHelper: PkDeviceHelper.refreshDevices():93 refreshing devices
03-10 02:03:09.173  3163  4129 E WindowManager: Dream packageName does not match active dream. Package com.motorola.mobiledesktop.core does not match ComponentInfo{com.android.systemui/com.android.systemui.doze.DozeService}
03-10 02:03:09.173  5625  5625 I Channel.Remote: [de8362611079428da312381e6bb8b50c|com.motorola.personalize] Keep channel connection alive true by 4
03-10 02:03:09.174  5625  5625 V DreamService[DozeService]: wakeUp(): fromSystem=true, mWaking=false, mFinished=false callers=android.service.dreams.DreamService.-$$Nest$mwakeUp:0 android.service.dreams.DreamService$DreamServiceWrapper.lambda$wakeUp$1:1794 android.service.dreams.DreamService$DreamServiceWrapper.$r8$lambda$SFP-NasoKFNaaOvKHyJqrl_aPt8:0 android.service.dreams.DreamService$DreamServiceWrapper$$ExternalSyntheticLambda3.run:0 android.os.Handler.handleCallback:1001 
03-10 02:03:09.174  3163  8301 E WindowManager: Dream packageName does not match active dream. Package com.motorola.launcher3 does not match ComponentInfo{com.android.systemui/com.android.systemui.doze.DozeService}
03-10 02:03:09.174  5625  5625 V DreamService[DozeService]: finish(): mFinished=false activity=null callers=android.service.dreams.DreamService.onWakeUp:1197 android.service.dreams.DreamService.wakeUp:1360 android.service.dreams.DreamService.-$$Nest$mwakeUp:0 android.service.dreams.DreamService$DreamServiceWrapper.lambda$wakeUp$1:1794 android.service.dreams.DreamService$DreamServiceWrapper.$r8$lambda$SFP-NasoKFNaaOvKHyJqrl_aPt8:0 
03-10 02:03:09.174  3163  7933 I DreamManagerService: finishSelf by com.android.systemui callingUid=10394 callingPid=5625
03-10 02:03:09.174  3163  7933 D DreamManagerService: Dream finished: android.os.Binder@57fa23e, immediate=true
03-10 02:03:09.174  3163  7933 I DreamManagerService: Leaving dreamland.
03-10 02:03:09.174  3163  6380 E WindowManager: Dream packageName does not match active dream. Package com.dolby.daxservice does not match ComponentInfo{com.android.systemui/com.android.systemui.doze.DozeService}
03-10 02:03:09.174  3163  7933 I DreamManagerService: stopDreamLocked. callers=com.android.server.dreams.DreamManagerService.finishSelfInternal:514 com.android.server.dreams.DreamManagerService.-$$Nest$mfinishSelfInternal:0 com.android.server.dreams.DreamManagerService$BinderService.finishSelf:1092 android.service.dreams.IDreamManager$Stub.onTransact:292 android.os.Binder.execTransactInternal:1520 
03-10 02:03:09.175  3163  7479 E WindowManager: Dream packageName does not match active dream. Package com.google.android.gsf does not match ComponentInfo{com.android.systemui/com.android.systemui.doze.DozeService}
03-10 02:03:09.175 11449 11449 I OverviewComponentObserver: updateOverviewTargets: mIsHomeDisabled=true, isDefaultHomeNull=false, mIsDefaultHome=true
03-10 02:03:09.175  3163  7479 E WindowManager: Dream packageName does not match active dream. Package com.google.android.gms does not match ComponentInfo{com.android.systemui/com.android.systemui.doze.DozeService}
03-10 02:03:09.175  5625  5625 D KeyguardViewMediator: KeyguardViewMediator queue processing message: NOTIFY_STARTED_WAKING_UP
03-10 02:03:09.175  3163  7471 E WindowManager: Dream packageName does not match active dream. Package io.appium.settings does not match ComponentInfo{com.android.systemui/com.android.systemui.doze.DozeService}
03-10 02:03:09.176  3163  3227 I DreamController: Stopping dream: name=ComponentInfo{com.android.systemui/com.android.systemui.doze.DozeService}, isPreviewMode=false, canDoze=true, userId=0, reason='finished self'(from 'request awaken')
03-10 02:03:09.179  5625  5962 D KeyguardViewMediator: updateActivityLockScreenState(true, false)
03-10 02:03:09.182  5625  5625 V DreamService[DozeService]: finish(): mFinished=true activity=null callers=com.android.systemui.doze.DozeMachine$Service$Delegate.finish:3 com.android.systemui.doze.DozeMachine$Service$Delegate.finish:3 com.android.systemui.doze.DozeMachine.transitionTo:557 com.android.systemui.doze.DozeMachine.transitionTo:659 com.android.systemui.doze.DozeMachine.requestState:10 
03-10 02:03:09.183  2064  2064 I sensors-hal: activate:173, com.motorola.sensor.glance/65658 en=0
03-10 02:03:09.183  2064  2064 I sensors-hal: deactivate:166, deactivate glance 65548
03-10 02:03:09.184  2064  2064 I sensors-hal: activate:184, com.motorola.sensor.glance/65658 en=0 completed
03-10 02:03:09.184  2061  2108 E minksocket: MinkIPC_QRTR_Service: client with node 1 port 5fa4 went down
03-10 02:03:09.184  2064  2476 I sensors-hal: handle_indication_realtime:467,  SCHED_FIFO(10) for qmi_cbk
03-10 02:03:09.184  2064  2476 E sensors-hal: handle_sns_client_event:62, mot_disprot_event: now=52545089299338 ts=52545005034603, type=0, status=3
03-10 02:03:09.185  3163  3229 W BoostOptController: not supported hint: 118
03-10 02:03:09.187  2064  2064 I sensors-hal: activate:173, com.motorola.sensor.ltv/65738 en=0
03-10 02:03:09.187  2064  2064 I sensors-hal: activate:184, com.motorola.sensor.ltv/65738 en=0 completed
03-10 02:03:09.187  2061  2108 E minksocket: MinkIPC_QRTR_Service: client with node 1 port 5f9f went down
03-10 02:03:09.188  5689  5689 E DPMJ    : |SERVICE| sendScreenState state  falseand int value 0
03-10 02:03:09.190  7545  7545 I FileStationLog: [ FS_h$a ] - [Display] Ignoring change for non-default/desktop display: 1
03-10 02:03:09.190  3163  4131 D SystemServerTiming: getUserSwitchability-0
03-10 02:03:09.190  3163  4131 D SystemServerTiming: TM.isInCall
03-10 02:03:09.191  3163  4131 D SystemServerTiming: hasUserRestriction-DISALLOW_USER_SWITCH
03-10 02:03:09.191  3163  4131 D SystemServerTiming: getInt-ALLOW_USER_SWITCHING_WHEN_SYSTEM_USER_LOCKED
03-10 02:03:09.191  3163  4131 D SystemServerTiming: isUserUnlocked-USER_SYSTEM
03-10 02:03:09.192  6978  6978 I Smart5G : [Smart5GService] receive action: android.intent.action.SCREEN_OFF
03-10 02:03:09.192  3163  3229 D CLI/Rotation: Set volume keyswap sysprop for rotation 0 lidState CLOSED
03-10 02:03:09.192  5625  5625 D SCliNotificationListener: onNotificationListUpdate: [com.android.systemui.statusbar.notification.collection.GroupEntry@50d730d]
03-10 02:03:09.195  5625  6619 I Channel.Remote: [binder:5625_A] [de8362611079428da312381e6bb8b50c|com.motorola.personalize][296] received remote channel service seq:296 results
03-10 02:03:09.196  5625  5625 V DreamService[DozeService]: detach(): Calling onDreamingStopped()
03-10 02:03:09.196  5625  5625 V DreamService[DozeService]: onDreamingStopped()
03-10 02:03:09.196  5625  5625 V DreamService[DozeService]: detach(): mActivity=null mActivity.isFinishing()=false
03-10 02:03:09.197  5625  5625 V DreamService[DozeService]: finish(): mFinished=true activity=null callers=android.service.dreams.DreamService.detach:1492 android.service.dreams.DreamService.-$$Nest$mdetach:0 android.service.dreams.DreamService$DreamServiceWrapper.$r8$lambda$1LeV6PgvJQarx7-tBMQHBSWLLCM:0 android.service.dreams.DreamService$DreamServiceWrapper$$ExternalSyntheticLambda1.run:0 android.os.Handler.handleCallback:1001 
03-10 02:03:09.197  5625  5625 V DreamService[DozeService]: onDestroy()
03-10 02:03:09.197  5625  5625 V DreamService[DozeService]: detach(): mActivity=null mActivity.isFinishing()=false
03-10 02:03:09.197  5625  5625 V DreamService[DozeService]: finish(): mFinished=true activity=null callers=android.service.dreams.DreamService.detach:1492 android.service.dreams.DreamService.onDestroy:1385 com.android.systemui.doze.DozeService.onDestroy:8 android.app.ActivityThread.handleStopService:5307 android.app.ActivityThread.-$$Nest$mhandleStopService:0 
03-10 02:03:09.197  5493  6013 W HWUI    : Surface doesn't have any previously queued frames, nothing to readback from
03-10 02:03:09.200  3163  5215 I MR2ServiceImpl: Updating composite discovery preference | preference: RouteDiscoveryRequest{ preferredFeatures={}, activeScan=false }, active routers: []
03-10 02:03:09.202  5625  5625 I vol.VolumeDialogImpl: mDialog.dismiss() reason: screen_off from: com.android.systemui.volume.VolumeDialogImpl$10.onScreenOff:4 displayId: 0 mShowing: false mIsAnimatingDismiss: true
03-10 02:03:09.202  5625  5625 D vol.VolumeDialogImpl: dismissH: skipping dismiss because isAnimatingDismiss is true and showingStateInconsistent is false
03-10 02:03:09.202  3163  3163 D MotoFaceProvider: Receive screen off intent
03-10 02:03:09.203  3163  4132 D SystemServerTiming: getUserSwitchability-0
03-10 02:03:09.203  3163  4132 D SystemServerTiming: TM.isInCall
03-10 02:03:09.204  3163  4132 D SystemServerTiming: hasUserRestriction-DISALLOW_USER_SWITCH
03-10 02:03:09.204  3163  4132 D SystemServerTiming: getInt-ALLOW_USER_SWITCHING_WHEN_SYSTEM_USER_LOCKED
03-10 02:03:09.204  3163  4132 D SystemServerTiming: isUserUnlocked-USER_SYSTEM
03-10 02:03:09.204  3163  7400 D SystemServerTiming: getUserSwitchability-0
03-10 02:03:09.204  3163  7400 D SystemServerTiming: TM.isInCall
03-10 02:03:09.205  3163  7400 D SystemServerTiming: hasUserRestriction-DISALLOW_USER_SWITCH
03-10 02:03:09.205  3163  7400 D SystemServerTiming: getInt-ALLOW_USER_SWITCHING_WHEN_SYSTEM_USER_LOCKED
03-10 02:03:09.205  3163  7400 D SystemServerTiming: isUserUnlocked-USER_SYSTEM
03-10 02:03:09.205  5625  5941 D KeyguardTransitionRepository: (Internal) Setting current transition info: TransitionInfo(ownerName=FromDozingTransitionInteractor, from=DOZING, to=LOCKSCREEN, animated)
03-10 02:03:09.214  5625  5625 I Typeface: mototime=Rookery-Stacked;moto_time;5625
03-10 02:03:09.215  2064  2064 I sensors-hal: batch:206, com.motorola.sensor.stowed/65568, period=200000000, max_latency=0
03-10 02:03:09.215  2064  2064 I sensors-hal: set_config:61, no need to adjust sample_period_ns due to reporting_mode = 2
03-10 02:03:09.215  2064  2064 I sensors-hal: batch:215, com.motorola.sensor.stowed/65568, period=200000000, max_latency=0 request completed
03-10 02:03:09.216  2064  2064 I sensors-hal: activate:173, com.motorola.sensor.tap/65988 en=0
03-10 02:03:09.217  2064  2064 I sensors-hal: activate:184, com.motorola.sensor.tap/65988 en=0 completed
03-10 02:03:09.217  2061  2108 E minksocket: MinkIPC_QRTR_Service: client with node 1 port 5f3c went down
03-10 02:03:09.217  2064  4171 D slpi-TMD2712: tmd2712: Prox pdata 3, offset1:71, full: 728, NearBy: 0, Lth:54, Hth:85,off_l 71. off_h 0, th_l 1, th_h 85
03-10 02:03:09.217 10834 26111 I DeviceStatusMonitor: DeviceStatusMonitor.handleBroadcast():138 onReceive() : Action = android.intent.action.SCREEN_OFF
03-10 02:03:09.218 10834 26111 I DeviceStatusMonitor: DeviceStatusMonitor.updateCountryInfo():154 updateCountryInfo(), notifyAnyway = false
03-10 02:03:09.218 10834 10834 I InputBundle: InputBundle.consumeEvent():1029 Skip consuming an event as imeStatus is INACTIVE
03-10 02:03:09.218 10834 10834 I Module  : DeviceLockedStatusModuleProvider$Module.updateDeviceLockedStatus():103 repeatCheckTimes = 0, locked = false
03-10 02:03:09.220  5625  5625 I Typeface: mototime=Rookery-Stacked;moto_time;5625
03-10 02:03:09.220  5625  5625 D LockScreen_Plugin: notifyAttributesChanged: pluginCallback = com.android.systemui.shared.plugins.MotoLsClockFacePlugin$PluginCallback@db2e267, data = Bundle[{clock_face_time=moto_time, clock_face_color=-1}]
03-10 02:03:09.220  5625  5625 V MotoLsClockFacePlugin: onClockFaceColorChange: 0xffffffff
03-10 02:03:09.220  5625  5625 V MotoLsClockFacePlugin: onClockFontChanged
03-10 02:03:09.221  5625  5625 I KeyguardTransitionRepository: Transition still active: TransitionStep(from=GONE, to=DOZING, value=0.48660237, transitionState=RUNNING, ownerName=FromGoneTransitionInteractor(Sleep transition triggered)), canceling
03-10 02:03:09.221  5625  5625 I KeyguardTransitionRepository: CANCELED transition: TransitionStep(from=GONE, to=DOZING, value=0.48660237, transitionState=CANCELED, ownerName=FromGoneTransitionInteractor(Sleep transition triggered))
03-10 02:03:09.221  5625  5625 I KeyguardTransitionRepository: STARTED transition: TransitionStep(from=DOZING, to=LOCKSCREEN, value=0.48660237, transitionState=STARTED, ownerName=FromDozingTransitionInteractor)
03-10 02:03:09.226  2064  2474 I sensors-hal: handle_indication_realtime:467,  SCHED_FIFO(10) for qmi_cbk
03-10 02:03:09.237  5625  5625 D BiometricsRepositoryImpl: currentUser authFlags changed, new value: AuthenticationFlags(userId=0, flag=0)
03-10 02:03:09.237  5625  5625 D BiometricsRepositoryImpl: currentUser authFlags changed, new value: AuthenticationFlags(userId=0, flag=0)
03-10 02:03:09.238  5625  5625 D BiometricsRepositoryImpl: currentUser authFlags changed, new value: AuthenticationFlags(userId=0, flag=0)
03-10 02:03:09.238  5625  5625 D BiometricsRepositoryImpl: currentUser authFlags changed, new value: AuthenticationFlags(userId=0, flag=0)
03-10 02:03:09.238  5993  8761 I NearbyDiscovery: (REDACTED) FastPairHandler: Received action %s
03-10 02:03:09.238  5625  5625 D BiometricsRepositoryImpl: currentUser authFlags changed, new value: AuthenticationFlags(userId=0, flag=0)
03-10 02:03:09.238  5993  8761 I NearbyDiscovery: (REDACTED) PureOffloadFastPairScanner: eventType=%s, isInternalReq=%s, isScanning=%s, isScanningAllowed=%s
03-10 02:03:09.238  5625  5625 D BiometricsRepositoryImpl: currentUser authFlags changed, new value: AuthenticationFlags(userId=0, flag=0)
03-10 02:03:09.244  7545  7545 I FileStationLog: [ FileStationManager ] - screenIsOn: false, hasWindowShowed: false
03-10 02:03:09.244  7545  7545 I MotoDesktopLog: [ FileStationLog ] - broadcastMessage - cmd : 2008
03-10 02:03:09.245  5993  8761 I NearbyDiscovery: (REDACTED) ApFastPairScanner: isScreenOn=%s, isLocationEnabled=%s, disableLocationRequirement=%s, isDiscoveryScanningEnabled=%s, during24GhzWifiWarmingUpPeriod=%s
03-10 02:03:09.245  5993  8761 D BluetoothAdapter: isLeEnabled(): ON
03-10 02:03:09.245  5993  8761 I NearbyDiscovery: (REDACTED) ApFastPairScanner: eventType=%s, intReq=%s, scanning=%s, scanAllowed=%s, bleEnabled=%s, lockScanRate=%s, startScanningByLowPowerMode=%s
03-10 02:03:09.245  5993  8761 I NearbyDiscovery: ApFastPairScanner: Skipping stop, already stopped scanning [CONTEXT service_id=265 ]
03-10 02:03:09.245  5993  8761 I NearbyDiscovery: FastPairController: onSystemStateChanged: skip due to flag disabled [CONTEXT service_id=265 ]
03-10 02:03:09.248  5625  5920 D ControlsListingControllerImpl: Subscribing callback, service count: 1
03-10 02:03:09.255  5625  5920 D ControlsListingControllerImpl: Subscribing callback, service count: 1
03-10 02:03:09.259  5625  5920 D ControlsListingControllerImpl: Subscribing callback, service count: 1
03-10 02:03:09.259 11449 11449 D StateManager: goToState - fromState: Normal, toState: Normal, partial trace:
03-10 02:03:09.259 11449 11449 D StateManager: 	at com.android.launcher3.Launcher.onScreenOnChanged(Launcher.java:3017)
03-10 02:03:09.259 11449 11449 D StateManager: 	at com.android.launcher3.Launcher$$ExternalSyntheticLambda25.onScreenOnChanged(D8$$SyntheticClass:0)
03-10 02:03:09.259 11449 11449 D StateManager: 	at com.android.launcher3.util.ScreenOnTracker.lambda$dispatchScreenOnChanged$0(ScreenOnTracker.java:67)
03-10 02:03:09.264 15429 16144 I BatteryCare: [SmartBackground] [DGMC::AccelerateSmartCleanReceiver] action received: android.intent.action.SCREEN_OFF
03-10 02:03:09.311 30391 30410 I facebook.katana: Waiting for a blocking GC ProfileSaver
03-10 02:03:09.320  5993 29972 W QAWalletSvc: No wallet cards to return. [CONTEXT service_id=79 ]
03-10 02:03:09.321  5993 23654 W QAWalletSvc: No wallet cards to return. [CONTEXT service_id=79 ]
03-10 02:03:09.321  5993 29970 W QAWalletSvc: No wallet cards to return. [CONTEXT service_id=79 ]
03-10 02:03:09.322  5625  5920 E QuickAccessWalletKeyguardQuickAffordanceConfig: Wallet card retrieval error, message: "Unable to load your payment info"
03-10 02:03:09.322  5625  5920 E QuickAccessWalletKeyguardQuickAffordanceConfig: Wallet card retrieval error, message: "Unable to load your payment info"
03-10 02:03:09.322  5625  5920 E QuickAccessWalletKeyguardQuickAffordanceConfig: Wallet card retrieval error, message: "Unable to load your payment info"
03-10 02:03:09.330  2064  4171 D slpi    : tmd2712: Als lux: 5.90, ch0: 102, ch1: 3, scale: 1.08, atime:50.04, again:1024
03-10 02:03:09.331  2195  2386 I SDM     : PipeAllocSdma2::CalculatePipeNumToDedicate: num_vig: 0, num_dma: 1
03-10 02:03:09.331  2195  2386 I SDM     : DisplayBase::SetDisplayState: active 1-1 state 1-1 pending_power_state_ 0
03-10 02:03:09.332  2300  2300 W ComposerExtn: DisplayExtnImpl::SetEarlyWakeUpConfig: HWC Display 2 is not registered!
03-10 02:03:09.332  2300  2300 D SurfaceFlinger: Finished setting power mode 2 on display 4630947043778501763
03-10 02:03:09.332  2300  2300 D RefreshRateSelector: [90:120:0]: mTouchBoostRefreshRateAvailable=0, mScrollBoostRefreshRateAvailable=0, mTouchOnBlankNotBoostRefreshRateAvailable=0
03-10 02:03:09.332  3163  5308 D SurfaceControl: Excessive delay in setPowerMode()
03-10 02:03:09.332  3163  5308 W ServiceManagerCppClient: Failed to get isDeclared for com.motorola.hardware.display.panel.IDisplayPanel/default: Status(-1, EX_SECURITY): 'SELinux denied.'
03-10 02:03:09.332  3163  5308 D DisplayPanelService: Setting panel dc mode: 0
03-10 02:03:09.332  2090  2090 I DisplayPanel: setDcMode: DC mode = OFF
03-10 02:03:09.333  2090  2090 D DisplayPanel: setParam: Success set DC to 0 for Primary display
03-10 02:03:09.336  2300  2300 E Scheduler: trackPendingFrame: Invalid present fence
03-10 02:03:09.336  2300  2300 D SurfaceFlinger: setDesiredDisplayModeSpecs[{0, false, PR={p[24.00-120.00]Hz, r[24.00-120.00]Hz}, AR={p[0.00-120.00]Hz, r[0.00-120.00]Hz}}]: by process 3163 uid 1000 for display 4630947043778501762
03-10 02:03:09.337  3163  3231 W AccessibilityWindowsPopulator: The displayInfo of this displayId (0) called back from the surface fligner is null
03-10 02:03:09.340  3163  3229 V WindowManager: Content Recording: Display 1 state was (2), is now (2), so update recording?
03-10 02:03:09.340  3163  3229 D CLI/Transition: displaygroup 1, state ON, pendingdisplaygroup -1
03-10 02:03:09.340  3163  3231 D DisplayManagerService: Ignore redundant display event 1/2 to 10416/12048
03-10 02:03:09.341  7545  7545 I FileStationLog: [ FS_h$a ] - [Display] Changed display: 1
03-10 02:03:09.341  3163  3352 D BrightnessThermalClamper: Thermal status observer already started
03-10 02:03:09.342  3163  3352 I WindowManager: Display 1 turned on...
03-10 02:03:09.342  3163  3229 D CLI/SmallCLI: onScreenTurnedOn: 
03-10 02:03:09.343  3163  3352 D BrightnessThermalClamper: Thermal status observer already started
03-10 02:03:09.343  3163  3352 W PowerManagerService: Screen on took 210 ms
03-10 02:03:09.343  3163  3163 I BrightnessSynchronizer: New Update: {[4925] 0.042375587(f), mUpdatedTypes=0, mConfirmedTypes=0, mTimeUpdated=0, mState=2}
03-10 02:03:09.344  3163  3163 V UiModeManager: updateLocked: null action, mDockState=0, category=null
03-10 02:03:09.344  3163  3163 D UiModeManager: updateConfigurationLocked: mDockState=0; mCarMode=false; mNightMode=com.android.server.UiModeManagerService$1@410d4bd; mNightModeCustomType=-1; uiMode=33
03-10 02:03:09.344  3163  3163 I WindowManager: Finished waking up... (groupId=1 why=ON_BECAUSE_OF_USER) pmWakeReason=WAKE_REASON_GESTURE
03-10 02:03:09.344  7545  7545 I FileStationLog: [ FS_h$a ] - [Display] Ignoring change for non-default/desktop display: 1
03-10 02:03:09.349  2300  2300 E Scheduler: trackPendingFrame: Invalid present fence
03-10 02:03:09.349  6344  6344 I WindowController: window interactive state updated to true
03-10 02:03:09.350  5727  5727 D QtiCarrierConfigHelper: WARNING, no carrier configs on phone Id: 0
03-10 02:03:09.351  5625  6679 D PowerUI : can't show warning due to - plugged: true status unknown: false
03-10 02:03:09.352  5625  5669 D ShellSplitScreen: onFinishedWakingUp
03-10 02:03:09.352  5727  5727 D QtiCarrierConfigHelper: WARNING, no carrier configs on phone Id: 1
03-10 02:03:09.358  3163  5158 D WifiStaIfaceHidlImpl: getCachedScanData is not implemented by HIDL
03-10 02:03:09.367  2300  2300 E Scheduler: trackPendingFrame: Invalid present fence
03-10 02:03:09.372  3163  4131 W InputDispatcher: Focused display #1 does not have a focused window.
03-10 02:03:09.373  3163  3231 W AccessibilityWindowsPopulator: The displayInfo of this displayId (0) called back from the surface fligner is null
03-10 02:03:09.373  3163  3231 V WindowManager: Unknown focus tokens, dropping reportFocusChanged
03-10 02:03:09.375  6344  6344 W libc    : Access denied finding property "vendor.display.enable_optimal_refresh_rate"
03-10 02:03:09.375  6344  6344 W libc    : Access denied finding property "vendor.gpp.create_frc_extension"
03-10 02:03:09.384  2300  2300 E Scheduler: trackPendingFrame: Invalid present fence
03-10 02:03:09.392  2064  2064 I sensors-hal: flush:235, android.sensor.accelerometer/11
03-10 02:03:09.392  2064  2064 I sensors-hal: send_sync_sensor_request:341, send sync request
03-10 02:03:09.392  2064  2064 I sensors-hal: send_sync_sensor_request:367, wait for notification of response
03-10 02:03:09.394  2064  5194 I sensors-hal: ssc_conn_resp_cb:632, resp_value = 0
03-10 02:03:09.394  2064  2064 I sensors-hal: send_sync_sensor_request:373, takes 1 ms to receive the response with 0
03-10 02:03:09.394  2064  2064 I sensors-hal: flush:241, android.sensor.accelerometer/11 completed
03-10 02:03:09.395  7150  8001 D WeatherApi: isOWeather: true
03-10 02:03:09.395  3163  3352 V DisplayPowerController2[1]: Brightness [0.082593] reason changing to: 'automatic', previous reason: 'manual'.
03-10 02:03:09.396  3163  3352 I DisplayPowerController2[1]: 03-10 02:03:09.395 - BrightnessEvent: disp=1, physDisp=local:4630947043778501763, displayState=ON, displayPolicy=BRIGHT, brt=0.082593, initBrt=0.018945483, rcmdBrt=0.082593, preBrt=NaN, lux=5.9, preLux=NaN, brtNits=14.005075, hdrNits=NaN, initNits=5.0959854, preNits=NaN, rcmdNits=14.005075, hdrBrightness=NaN, brt(%)=11%, brtInt=22, hbmPolicy=normal, hbmMax=0.7660316, hbmMode=off, rbcStrength=-1, thrmMax=1.0, powerFactor=1.0, wasShortTermModelActive=false, flags=, reason=automatic, autoBrightness=true, strategy=InvalidBrightnessStrategy, autoBrightnessMode=default
03-10 02:03:09.396  2300  4965 I SurfaceFlinger: mBrightnessDiming=1, isCli=1, mBrightnessDimingCnt=0
03-10 02:03:09.400  3163  3163 I BrightnessSynchronizer: New Update: {[4926] 0.13089551(f), mUpdatedTypes=1, mConfirmedTypes=0, mTimeUpdated=0, mState=2}
03-10 02:03:09.400  3163  3163 I BrightnessSynchronizer: [4926] New Update 0.13089551(f) set brightness values:  34(i)
03-10 02:03:09.401  2300  2300 E Scheduler: trackPendingFrame: Invalid present fence
03-10 02:03:09.401  3163  3163 I BrightnessSynchronizer: New PendingUpdate: {[4927] 0.13089551(f), mUpdatedTypes=0, mConfirmedTypes=0, mTimeUpdated=0, mState=1}, prev=null
03-10 02:03:09.402  3163  3163 I BrightnessSynchronizer: Swallowing update of 34(i) by update: {[4926] 0.13089551(f), mUpdatedTypes=1, mConfirmedTypes=1, mTimeUpdated=39479388, mState=2}
03-10 02:03:09.402  3163  3163 I BrightnessSynchronizer: Completed Update: {[4926] 0.13089551(f), mUpdatedTypes=1, mConfirmedTypes=1, mTimeUpdated=39479388, mState=3}
03-10 02:03:09.402  3163  3163 I BrightnessSynchronizer: New Update: {[4927] 0.13089551(f), mUpdatedTypes=0, mConfirmedTypes=0, mTimeUpdated=0, mState=2}
03-10 02:03:09.407  6978  6978 I Smart5G : [Smart5GService] receive action: android.intent.action.SCREEN_ON
03-10 02:03:09.408  5689  5689 E DPMJ    : |SERVICE| sendScreenState state  trueand int value 1
03-10 02:03:09.409  3163  5215 I MR2ServiceImpl: Updating composite discovery preference | preference: RouteDiscoveryRequest{ preferredFeatures={}, activeScan=false }, active routers: []
03-10 02:03:09.414  7314  7314 D GameMode: isScreenUnlocked: false
03-10 02:03:09.416 10834 25876 I DeviceStatusMonitor: DeviceStatusMonitor.handleBroadcast():138 onReceive() : Action = android.intent.action.SCREEN_ON
03-10 02:03:09.417 10834 25876 I DeviceStatusMonitor: DeviceStatusMonitor.updateCountryInfo():154 updateCountryInfo(), notifyAnyway = false
03-10 02:03:09.419  7545  7545 I FileStationLog: [ FileStationManager ] - screenIsOn: true, hasWindowShowed: false
03-10 02:03:09.419  7545  7545 I MotoDesktopLog: [ FileStationLog ] - broadcastMessage - cmd : 2008
03-10 02:03:09.419  5625  5625 I vol.VolumeDialogImpl: dismissH reason = volume_controller mDialog.isShowing(): false
03-10 02:03:09.420  2300  2300 E Scheduler: trackPendingFrame: Invalid present fence
03-10 02:03:09.423  3163  5158 D WifiStaIfaceHidlImpl: getCachedScanData is not implemented by HIDL
03-10 02:03:09.423  3163  4298 I ImeTracker: com.motorola.launcher.secondarydisplay:3872cd9c: onRequestHide at ORIGIN_SERVER reason HIDE_UNSPECIFIED_WINDOW fromUser false
03-10 02:03:09.423  3163  4298 I ImeTracker: com.motorola.launcher.secondarydisplay:3872cd9c: onCancelled at PHASE_SERVER_SHOULD_HIDE
03-10 02:03:09.424  1240  1240 D InsetsController: hide(ime(), fromIme=true)
03-10 02:03:09.424  5993  8761 I NearbyDiscovery: (REDACTED) FastPairHandler: Received action %s
03-10 02:03:09.425  5993  8761 I NearbyDiscovery: (REDACTED) PureOffloadFastPairScanner: eventType=%s, isInternalReq=%s, isScanning=%s, isScanningAllowed=%s
03-10 02:03:09.426  1240  1240 I ImeTracker: com.littlecaesars:55406f66: onRequestHide at ORIGIN_CLIENT reason HIDE_SOFT_INPUT_BY_INSETS_API fromUser false
03-10 02:03:09.426  1240  1240 I ImeTracker: com.littlecaesars:55406f66: onCancelled at PHASE_CLIENT_APPLY_ANIMATION
03-10 02:03:09.428 10834 10834 I GoogleInputMethodService: GoogleInputMethodService.onFinishInput():2097 
03-10 02:03:09.429  3163  4298 W InputManager-JNI: Input channel object '9eb2900 InputMethod (client)' was disposed without first being removed with the input manager!
03-10 02:03:09.430  3163  5158 D WifiStaIfaceHidlImpl: getCachedScanData is not implemented by HIDL
03-10 02:03:09.430  3163  4298 I ImeTracker: com.motorola.launcher.secondarydisplay:daeb0ea: onRequestHide at ORIGIN_SERVER reason HIDE_DISPLAY_IME_POLICY_HIDE fromUser false
03-10 02:03:09.431 30391 31236 W fb4a.AppInfoCore: [AI] Package not found when getting package info
03-10 02:03:09.431 10834 10834 I Module  : DeviceLockedStatusModuleProvider$Module.updateDeviceLockedStatus():103 repeatCheckTimes = 0, locked = false
03-10 02:03:09.432  3163  4298 I ImeTracker: com.motorola.launcher.secondarydisplay:daeb0ea: onCancelled at PHASE_SERVER_SHOULD_HIDE
03-10 02:03:09.432 10834 10834 W SessionManager: SessionManager.endSession():88 Try to end a not begun session [INPUT_SESSION].
03-10 02:03:09.434  2064  2064 I sensors-hal: batch:206, com.motorola.sensor.tap/65988, period=66667000, max_latency=0
03-10 02:03:09.434  2064  2064 I sensors-hal: set_config:57, sample_period_ns is adjusted to 0 based on min/max delay_ns
03-10 02:03:09.434  2064  2064 I sensors-hal: batch:215, com.motorola.sensor.tap/65988, period=66667000, max_latency=0 request completed
03-10 02:03:09.434 10834 10834 I GoogleInputMethodService: GoogleInputMethodService.onDestroy():934 
03-10 02:03:09.434 10834 10834 I GlobeKeyExtension: GlobeKeyExtension.onDestroyExtension():162 
03-10 02:03:09.434 10834 10834 I ModuleManager: ModuleManager$ModuleInitListener.maybeUnloadModuleOnUnavailable():1386 module lvk is unavailable
03-10 02:03:09.435 10834 10834 I HardKeyTracker: HardKeyTracker.unregisterKeySequence():221 Unregister key sequence nul{labelResId=2132020475, callback=cnx@50780c9, lastModifier=2, keyCodes=[47], actions=[0]}
03-10 02:03:09.435 10834 10834 I ModuleManager: ModuleManager$ModuleInitListener.maybeUnloadModuleOnUnavailable():1386 module eci is unavailable
03-10 02:03:09.435 10834 10834 I ModuleManager: ModuleManager$ModuleInitListener.maybeUnloadModuleOnUnavailable():1386 module hvi is unavailable
03-10 02:03:09.435 10834 10834 I ModuleManager: ModuleManager$ModuleInitListener.maybeUnloadModuleOnUnavailable():1386 module mhz is unavailable
03-10 02:03:09.435 10834 10834 I ModuleManager: ModuleManager$ModuleInitListener.maybeUnloadModuleOnUnavailable():1386 module mia is unavailable
03-10 02:03:09.435 10834 10834 I ModuleManager: ModuleManager$ModuleInitListener.maybeUnloadModuleOnUnavailable():1386 module mib is unavailable
03-10 02:03:09.435 10834 10834 I ModuleManager: ModuleManager$ModuleInitListener.maybeUnloadModuleOnUnavailable():1386 module mic is unavailable
03-10 02:03:09.435 10834 10834 I ModuleManager: ModuleManager$ModuleInitListener.maybeUnloadModuleOnUnavailable():1386 module mie is unavailable
03-10 02:03:09.435  5625  5625 V KeyguardStatusViewController: onTimeChanged
03-10 02:03:09.435 10834 10834 I ModuleManager: ModuleManager$ModuleInitListener.maybeUnloadModuleOnUnavailable():1386 module mii is unavailable
03-10 02:03:09.435 10834 10834 I ModuleManager: ModuleManager$ModuleInitListener.maybeUnloadModuleOnUnavailable():1386 module mtq is unavailable
03-10 02:03:09.435 10834 10834 I HardKeyTracker: HardKeyTracker.unregisterKeySequence():221 Unregister key sequence nul{labelResId=0, callback=lkj@a0ad1fc, lastModifier=0, keyCodes=[204], actions=[0]}
03-10 02:03:09.435 10834 10834 I ModuleManager: ModuleManager$ModuleInitListener.maybeUnloadModuleOnUnavailable():1386 module mts is unavailable
03-10 02:03:09.435 10834 10834 I ModuleManager: ModuleManager$ModuleInitListener.maybeUnloadModuleOnUnavailable():1386 module nyc is unavailable
03-10 02:03:09.436 10834 10834 I ModuleManager: ModuleManager$ModuleInitListener.maybeUnloadModuleOnUnavailable():1386 module ljh is unavailable
03-10 02:03:09.437  2064  2064 I sensors-hal: activate:173, com.motorola.sensor.tap/65988 en=1
03-10 02:03:09.437 10834 10834 I ModuleManager: ModuleManager$ModuleInitListener.maybeUnloadModuleOnUnavailable():1386 module ewi is unavailable
03-10 02:03:09.437 10834 10834 I ModuleManager: ModuleManager$ModuleInitListener.maybeUnloadModuleOnUnavailable():1386 module fol is unavailable
03-10 02:03:09.437  2064  2064 I sensors-hal: get_qmi_debug_flag:239, support_qmi_debug : false
03-10 02:03:09.437 10834 10834 I ModuleManager: ModuleManager$ModuleInitListener.maybeUnloadModuleOnUnavailable():1386 module fub is unavailable
03-10 02:03:09.437 10834 10834 I ModuleManager: ModuleManager$ModuleInitListener.maybeUnloadModuleOnUnavailable():1386 module fvu is unavailable
03-10 02:03:09.437 10834 10834 I ModuleManager: ModuleManager$ModuleInitListener.maybeUnloadModuleOnUnavailable():1386 module gfa is unavailable
03-10 02:03:09.437 10834 10834 I ModuleManager: ModuleManager$ModuleInitListener.maybeUnloadModuleOnUnavailable():1386 module ggo is unavailable
03-10 02:03:09.438 10834 10834 I ModuleManager: ModuleManager$ModuleInitListener.maybeUnloadModuleOnUnavailable():1386 module gjm is unavailable
03-10 02:03:09.438 10834 10834 I JapaneseMozcExtension: JapaneseMozcExtension.onDestroy():52 
03-10 02:03:09.438 10834 10834 I ModuleManager: ModuleManager$ModuleInitListener.maybeUnloadModuleOnUnavailable():1386 module gkb is unavailable
03-10 02:03:09.438  2061  2108 E minksocket: MinkIPC_QRTR_Service: client with node 1 port 5faf went down
03-10 02:03:09.438 10834 10834 I ModuleManager: ModuleManager$ModuleInitListener.maybeUnloadModuleOnUnavailable():1386 module gya is unavailable
03-10 02:03:09.438  3163  3231 W AccessibilityWindowsPopulator: The displayInfo of this displayId (0) called back from the surface fligner is null
03-10 02:03:09.438 10834 10834 I ModuleManager: ModuleManager$ModuleInitListener.maybeUnloadModuleOnUnavailable():1386 module IEmojiOrGifExtension is unavailable
03-10 02:03:09.438 10834 10834 I ModuleManager: ModuleManager$ModuleInitListener.maybeUnloadModuleOnUnavailable():1386 module IEmoticonExtension is unavailable
03-10 02:03:09.438 10834 10834 I ModuleManager: ModuleManager$ModuleInitListener.maybeUnloadModuleOnUnavailable():1386 module hlc is unavailable
03-10 02:03:09.438 10834 10834 I ModuleManager: ModuleManager$ModuleInitListener.maybeUnloadModuleOnUnavailable():1386 module hoe is unavailable
03-10 02:03:09.438 10834 10834 I ModuleManager: ModuleManager$ModuleInitListener.maybeUnloadModuleOnUnavailable():1386 module hqs is unavailable
03-10 02:03:09.438 10834 10834 I ModuleManager: ModuleManager$ModuleInitListener.maybeUnloadModuleOnUnavailable():1386 module nwn is unavailable
03-10 02:03:09.439 10834 10834 I ModuleManager: ModuleManager$ModuleInitListener.maybeUnloadModuleOnUnavailable():1386 module iga is unavailable
03-10 02:03:09.439 10834 10834 I UniversalDictationExtension: UniversalDictationExtension.onDestroyExtension():136 onDestroy [UD]
03-10 02:03:09.439 10834 10996 I InputActionMetricsProcessor: InputActionMetricsProcessor.onDetached():109 Detached from metrics manager.
03-10 02:03:09.439 10834 10834 I ModuleManager: ModuleManager$ModuleInitListener.maybeUnloadModuleOnUnavailable():1386 module igb is unavailable
03-10 02:03:09.439  2061  2108 E minksocket: MinkIPC_QRTR_Service: client with node 1 port 5fb0 went down
03-10 02:03:09.440  2061  2108 E minksocket: MinkIPC_QRTR_Service: client with node 1 port 5fb1 went down
03-10 02:03:09.440 10834 10834 I ModuleManager: ModuleManager$ModuleInitListener.maybeUnloadModuleOnUnavailable():1386 module iiq is unavailable
03-10 02:03:09.440 10834 10834 I NewS3RecognizerModule: NewS3RecognizerModule.onDestroy():28 onDestroy [news3]
03-10 02:03:09.440  2064  2064 E Diag_Lib: diag: Diag_LSM_Init: invoked for pid: 2064 with init_count: 0
03-10 02:03:09.440 10834 10834 I ModuleManager: ModuleManager$ModuleInitListener.maybeUnloadModuleOnUnavailable():1386 module imw is unavailable
03-10 02:03:09.440 10834 10834 I ModuleManager: ModuleManager$ModuleInitListener.maybeUnloadModuleOnUnavailable():1386 module kdw is unavailable
03-10 02:03:09.440  2064  2064 E Diag_Lib: diag:failed to connect to diag socket
03-10 02:03:09.440  2064  2064 E Diag_Lib:  Diag_LSM_Init: Failed to open handle to diag driver, error = 13
03-10 02:03:09.440 10834 10834 I HardKeyTracker: HardKeyTracker.unregisterKeySequence():221 Unregister key sequence nul{labelResId=2132020466, callback=cth@3e15207, lastModifier=2, keyCodes=[56], actions=[0]}
03-10 02:03:09.440  2064  2064 I sensors-hal: send_sync_sensor_request:341, send sync request
03-10 02:03:09.440 10834 10834 I HardKeyTracker: HardKeyTracker.unregisterKeySequence():221 Unregister key sequence nul{labelResId=2132020466, callback=cth@6583f34, lastModifier=0, keyCodes=[317], actions=[0]}
03-10 02:03:09.440  2064  2064 I sensors-hal: send_sync_sensor_request:367, wait for notification of response
03-10 02:03:09.440 10834 10834 I HardKeyTracker: HardKeyTracker.unregisterKeySequence():221 Unregister key sequence nul{labelResId=2132020465, callback=cth@2698288, lastModifier=2, keyCodes=[50], actions=[0]}
03-10 02:03:09.440  2061  2108 E minksocket: MinkIPC_QRTR_Service: client with node 1 port 5fb2 went down
03-10 02:03:09.440 10834 10834 I HardKeyTracker: HardKeyTracker.unregisterKeySequence():221 Unregister key sequence nul{labelResId=2132020470, callback=cth@f32fe2b, lastModifier=2, keyCodes=[48], actions=[0]}
03-10 02:03:09.440 10834 10834 I HardKeyTracker: HardKeyTracker.unregisterKeySequence():221 Unregister key sequence nul{labelResId=2132020468, callback=cth@a7e12a5, lastModifier=2, keyCodes=[37], actions=[0]}
03-10 02:03:09.440 10834 10834 I HardKeyTracker: HardKeyTracker.unregisterKeySequence():221 Unregister key sequence nul{labelResId=2132020470, callback=cth@3b87046, lastModifier=2, keyCodes=[48], actions=[0]}
03-10 02:03:09.440 10834 10834 I HardKeyTracker: HardKeyTracker.unregisterKeySequence():221 Unregister key sequence nul{labelResId=2132020465, callback=cth@9e23421, lastModifier=2, keyCodes=[50], actions=[0]}
03-10 02:03:09.440 10834 10834 I HardKeyTracker: HardKeyTracker.unregisterKeySequence():221 Unregister key sequence nul{labelResId=2132020469, callback=cth@a8f789c, lastModifier=65536, keyCodes=[76], actions=[0]}
