03-13 08:47:12.061  2022  2124 I HYPER-HAL: [RequestManager.cpp]acquire(): Acquired ID : 2112570  [2025 / 30]    HINT :      list : [UCLAMP_MIN_BOOST / 200] [TID / 4392] [TID / 4393] [TID / 4205] [TID / 4394] 
03-13 08:47:12.061  2022  2124 I HYPER-HAL: [RequestManager.cpp]acquire(): Acquired ID : 2112570  [2025 / 30]    HINT :      list : [UCLAMP_MIN_BOOST / 250] [TID / 4392] [TID / 4393] [TID / 4205] [TID / 4394] 
03-13 08:47:12.061  2022  2124 I HYPER-HAL: [RequestManager.cpp]acquire(): Acquired ID : 2112570  [2025 / 30]    HINT :      list : [UCLAMP_MIN_BOOST / 300] [TID / 4392] [TID / 4393] [TID / 4205] [TID / 4394] 
03-13 08:47:12.061  3003  3911 D SensorService: setSContextDataLocked ints length 2 , byte length 4
03-13 08:47:12.061  3003  3911 D SensorService: setSContextDataLocked d20db4
03-13 08:47:12.061  2022  2124 I HYPER-HAL: [RequestManager.cpp]acquire(): Acquired ID : 2112570  [2025 / 30]    HINT :      list : [UCLAMP_MIN_BOOST / 350] [TID / 4392] [TID / 4393] [TID / 4205] [TID / 4394] 
03-13 08:47:12.061  2022  2124 I HYPER-HAL: [RequestManager.cpp]acquire(): Acquired ID : 2112570  [2025 / 30]    HINT :      list : [UCLAMP_MIN_BOOST / 400] [TID / 4392] [TID / 4393] [TID / 4205] [TID / 4394] 
03-13 08:47:12.061  2007  2007 I sensors-hal: inject_sensor_data:407, handle 1502 send inject
03-13 08:47:12.061  2007  2007 I sensors-hal: sendContextData:290, sensor hal 4, (0xb4, 0xd, 0xd2, 0x0)
03-13 08:47:12.061  3003  3065 D WindowManager: DeferredDisplayUpdater: applying DisplayInfo(748 x 720) immediately
03-13 08:47:12.061  2007  2007 I sensors-hal: sendContextData:230, activities 4 b4, 1
03-13 08:47:12.061  2007  2007 I sensors-hal: sendUserData:251, Activities cmd 0xb4 0xd
03-13 08:47:12.061  2007  2007 I sensors-hal: sendUserData:258, Activities LCD off
03-13 08:47:12.061  3003  3065 V WindowManager: Content Recording: Display 1 state was (1), is now (1), so update recording?
03-13 08:47:12.061  2007  2007 I sensors-hal: create_send_context_data:80, sending create_send_context_data
03-13 08:47:12.061  3003  3067 D RefreshRateModeManager: onBrightnessChanged: brt=0, lux=-1.0
03-13 08:47:12.061  2007  2007 I sensors-hal: send_context_data:694, activities, 4914309220830019584, 1320970896291267344, msgid:700
03-13 08:47:12.061  3003  3003 D SGM:GameManager: onDisplayChanged. displyId: 1, state: 1
03-13 08:47:12.061  3003  3003 V CameraService_worker: onDisplayChanged rotation : 0 current mDeviceState : 6
03-13 08:47:12.061  3003  3003 D SGM:GameManager: onDisplayChanged. displyId: 0, state: 1
03-13 08:47:12.061 15873 15873 I VRI[InputMethod]@ee95d13: onDisplayChanged oldDisplayState=2 newDisplayState=1
03-13 08:47:12.061  2007  2007 I sensors-hal: sendContextData:114, common_info 4
03-13 08:47:12.061  3003  3003 D SGM:GameManager: onDisplayChanged. displyId: 1, state: 1
03-13 08:47:12.061  2007  2007 I sensors-hal: sendUserData:135, CommonInfo 0xb4 0xd 0xd2 0x0, 13835075664916547616
03-13 08:47:12.061  2007  2007 I sensors-hal: create_send_context_data:70, sending create_send_context_data
03-13 08:47:12.061  2007  2007 I sensors-hal: send_context_data:694, common_info, 4914309147815575552, 1320970896291267344, msgid:700
03-13 08:47:12.061  2094 22530 D AudioFlinger: setParameters: filtered dev setParameters keyvalue screen_state=off
03-13 08:47:12.061  3003  3065 D BLASTSyncEngine: SyncGroup 4816:  Unfinished container: WindowToken{8004a5b type=2024 android.os.BinderProxy@d7bba75} mSyncState=2
03-13 08:47:12.062  2007  3909 I sensors-hal: qsh_conn_resp_cb:930, resp_value = 0 for activities 
03-13 08:47:12.062  2007  3909 I sensors-hal: qsh_conn_resp_cb:930, resp_value = 0 for common_info 
03-13 08:47:12.062  6239  6239 I VRI[OnboardingActivity]@7b65a5f: onDisplayChanged oldDisplayState=1 newDisplayState=1
03-13 08:47:12.062  5393  6882 I ScanManager: handleScreenOff()
03-13 08:47:12.062  3003  5976 D LiftUpHandler: [LTW]  Settings Lift to wake: enable = 0
03-13 08:47:12.062  3003  3687 D SGM:FgCheckThread: onLooperPrepared(), msg: MSG_LCD_OFF
03-13 08:47:12.062  5393  6882 I bt_shim_scanner: system/main/shim/le_scanning_manager.cc:151 Scan: in shim layer stopped
03-13 08:47:12.062  3003  3003 V CameraService_worker: onDisplayChanged rotation : 0 current mDeviceState : 6
03-13 08:47:12.062  5393  5832 W bluetooth: system/gd/hci/le_scanning_manager.cc:716 scan: address_manager_registered_
03-13 08:47:12.062  3003  5976 D LiftUpHandler: [LTW] Running already.
03-13 08:47:12.062  5393  5832 W bluetooth: system/gd/hci/le_scanning_manager.cc:768 stop_scan: stop_scan
03-13 08:47:12.062  5393  6882 W ScanManager: There is no scan radio to stop
03-13 08:47:12.062  4832  4895 I HoneySpace.TaskbarEventTracker: invokeEvent() called with: event = SystemUiStateChanged(stateFlags=272761216)
03-13 08:47:12.062  5393  5832 I bluetooth: system/gd/hci/le_address_manager.cc:278 unregister_client: Client unregistered
03-13 08:47:12.062 19717 19717 I HBD     : DeX h DeX mode state change in non-main thread 
03-13 08:47:12.062 19717 19717 I HBD     : DeX h DeX mode state change: 3 
03-13 08:47:12.062  2092  2092 I SSC_DAEMON: handleSensorTestReqMsg:85, Sensor type :4, Msg type:15
03-13 08:47:12.062  2092  2092 I SSC_DAEMON: physicalSensorTestReqMsg:130, s:4, m:15
03-13 08:47:12.062  3003  3067 D BBA2    : updateWindowVisible for pid : 26639, visible : 0
03-13 08:47:12.063 19717 19717 I HBD     : DeX h DeX mode state change in non-main thread 
03-13 08:47:12.063 19717 19717 I HBD     : DeX h DeX mode state change: 3 
03-13 08:47:12.063 19717 19717 I HBD     : DeX h DeX mode state change in non-main thread 
03-13 08:47:12.063 19717 19717 I HBD     : DeX h DeX mode state change: 3 
03-13 08:47:12.063 19717 19717 I HBD     : DeX h DeX mode state change in non-main thread 
03-13 08:47:12.063 19717 19717 I HBD     : DeX h DeX mode state change: 3 
03-13 08:47:12.063  4205  4267 I VRI[ShellDropTarget]@a0b4a8f: onDisplayChanged oldDisplayState=2 newDisplayState=1
03-13 08:47:12.063  4205  4267 I VRI[View root of ReusableWindowDecorViewHost#0]@15d66b2: onDisplayChanged oldDisplayState=2 newDisplayState=1
03-13 08:47:12.063  4205  4267 I VRI[View root of ReusableWindowDecorViewHost#1]@d4195f3: onDisplayChanged oldDisplayState=2 newDisplayState=1
03-13 08:47:12.062  5393  6882 I bt_shim_scanner: system/main/shim/le_scanning_manager.cc:335 SetScanParameters: in shim layer, scannerId1m=3, scannerIdCoded=0
03-13 08:47:12.063  4205  4362 D StackScroller: onDisplayChanged for predraw skip to 1
03-13 08:47:12.063  5393  5832 I bluetooth: system/gd/hci/le_address_manager.cc:293 unregister_client: Cancelled address rotation alarm
03-13 08:47:12.063  5393  6882 W bt_shim_scanner: system/main/shim/le_scanning_manager.cc:365 SetScanParameters: Set scan params scan_int_1m : 3120, scan_win_1m : 160, Duty : 5.13% | scan_int_coded : 0, scan_win_coded : 0, Duty : nan%
03-13 08:47:12.063  5393  6882 I bt_shim_scanner: system/main/shim/le_scanning_manager.cc:151 Scan: in shim layer started
03-13 08:47:12.063  4205  4362 D StackScroller: onDisplayChanged for predraw skip to 1
03-13 08:47:12.063   487   487 I VRI[0 fl=}]@38f3598: onDisplayChanged oldDisplayState=2 newDisplayState=1
03-13 08:47:12.063  3003  4343 D WifiDisplayAdapter: isFitToActiveDisplayLocked : false
03-13 08:47:12.064  1992  7816 D AHAL: AudioDevice: SetParameters: 1865: enter
03-13 08:47:12.064  1992  7816 D AHAL: AudioVoice: VoiceSetParameters: 200: Enter
03-13 08:47:12.064  1992  7816 D AHAL: AudioVoice: VoiceSetParameters: 479: Exit ret: 0
03-13 08:47:12.064  1992  7816 D AHAL: hfp: hfp_set_parameters: 444: enter
03-13 08:47:12.064  1992  7816 D AHAL: AudioDevice: SetParameters: 1948:  - screen = off
03-13 08:47:12.064  1992  7816 I PAL: ResourceManager: setParameter: 10683: Screen State:0
03-13 08:47:12.064  1992  7816 D AHAL: AudioDevice: SetParameters: 2798: exit: screen_state=off
03-13 08:47:12.064  2092  3859 I SSC_DAEMON: light_event_log:185, light_msg(4/15): lcd off - 0,-1,-1,0
03-13 08:47:12.064  4832  4895 I HoneySpace.TaskbarEventTracker: invokeEvent() called with: event = SystemUiStateChanged(stateFlags=272761218)
03-13 08:47:12.064  4832  4832 I VRI[RecentsTransitionOverlay]@4784a59: onDisplayChanged oldDisplayState=2 newDisplayState=1
03-13 08:47:12.064  4832 27780 I HoneySpace.Memory-Monitor: current state = 1, didTrim = false
03-13 08:47:12.064  4832 27780 I HoneySpace.Memory-Monitor: onDisplayStateChanged lastChangedDisplayState = 1
03-13 08:47:12.065  4832  4832 I VRI[LauncherActivity]@f209089: onDisplayChanged oldDisplayState=2 newDisplayState=1
03-13 08:47:12.065  4832  4832 I VRI[CocktailBarService]@5e29200: onDisplayChanged oldDisplayState=2 newDisplayState=1
03-13 08:47:12.065  4832 27780 I HoneySpace.Memory-Monitor: no default Display - 1
03-13 08:47:12.065  4832 27780 I HoneySpace.Memory-Monitor: current state = 1, didTrim = true
03-13 08:47:12.065  4832  4832 I VRI[RecentsActivity]@5bc9119: onDisplayChanged oldDisplayState=2 newDisplayState=1
03-13 08:47:12.065  4832  6719 I HoneySpace.Memory-Monitor: cleanMemory count=1, needTrim=true, delayTime=30000
03-13 08:47:12.065  4832 27780 I HoneySpace.Memory-Monitor: no default Display - 1
03-13 08:47:12.064  1993  1993 D vendor.qti.bluetooth@1.1-ibs_handler: SerialClockVote: vote for UART CLK ON
03-13 08:47:12.065  2092  2092 I SSC_DAEMON: handleSensorTestReqMsg:85, Sensor type :20, Msg type:15
03-13 08:47:12.065  2092  2092 I SSC_DAEMON: physicalSensorTestReqMsg:162, 0.algo_id:26, num:1
03-13 08:47:12.066  4205  4881 I VRI[ScreenDecorOverlayCover]@cddcdb0: onDisplayChanged oldDisplayState=1 newDisplayState=1
03-13 08:47:12.066  2007  3645 I sensors-hal: qsh_conn_event_cb:857, SCHED_FIFO(10) for qmi_cbk
03-13 08:47:12.066  4205  4205 D NavBarView: disableBack=false (isBackDismissIme=false, handlingGestures=false, disabledFlagBack=false, isBottomGesture=false, isImeRenderingNavButtons=false)
03-13 08:47:12.066  2007  3645 I sensors-hal: qsh_conn_event_cb:890, event[0] sensor:Pocket mode  Wakeup, msg_id=715, ts=4478167140718
03-13 08:47:12.066  2007  3645 E libprotobuf-native: [libprotobuf ERROR external/protobuf/src/google/protobuf/message_lite.cc:133] Can't parse message of type "sns_std_sensor_event" because it is missing required fields: (cannot determine missing fields for lite message)
03-13 08:47:12.066  4205  4205 D Navbar.Store: ----handleEvent(0) OnUpdateSysUiStateFlag(noArguments=true) [Module] SamsungNavigationBarView
03-13 08:47:12.066  4205  4205 D Navbar.Store: ------[Band]GESTURE_PACK_UPDATE_SYSTEMUI_STATE_FLAG
03-13 08:47:12.066  4205  4205 D Navbar.Store: ------[Band] (afterAction) GESTURE_PACK_UPDATE_SYSTEMUI_STATE_FLAG
03-13 08:47:12.066  4205  4205 D Navbar.Store: handleEvent(0) OnConfigChanged(newConfig={1.0 ?mcc0mnc [en_US] ldltr sw360dp w360dp h880dp 480dpi nrml long hdr widecg port night finger -keyb/v/h -nav/h winConfig={ mBounds=Rect(0, 0 - 1080, 2640) mAppBounds=Rect(0, 0 - 1080, 2640) mMaxBounds=Rect(0, 0 - 1080, 2640) mDisplayRotation=ROTATION_0 mWindowingMode=fullscreen mActivityType=undefined mAlwaysOnTop=undefined mRotation=ROTATION_0 mStageConfig=undefined mPopOver=undefined mOverlappingWithCutout=false mFlexPanelMode=off} s.4990 fontWeightAdjustment=0 ff=0 bf=-1 bts=0 cst=1.0 nightDim=0 themeSeq=0}) [Module] NavigationBarControllerImpl
03-13 08:47:12.066  4205  4205 D Navbar.Store: --[Band]CONFIG_PACK_CONFIG_CHANGED
03-13 08:47:12.066  4205  4205 D Navbar.Store: handleEvent(0) OnNavBarConfigChanged(canMove=true, supportPhoneLayoutProvider=true, imeDownButtonForAllRotation=false, navigationMode=0) [Module] NavigationBarControllerImpl
03-13 08:47:12.066  4205  4205 D Navbar.Store: --[Band]STABLE_LAYOUT_PACK_NAVBAR_CONFIG_CHANGED
03-13 08:47:12.066  4205  4205 D NavBarStateManager: NavBarStates(0) supportLargeCoverScreenNavBar: false
03-13 08:47:12.066  4205  4205 D Navbar.Store: --updateLayoutProvider() layoutProviderContainer = com.android.systemui.navigationbar.layout.LayoutProviderContainerImpl@1dbf89d
03-13 08:47:12.066  4205  4205 D NavBarStateManager: NavBarStates(0) supportLargeCoverScreenNavBar: false
03-13 08:47:12.066  4205  4205 D Navbar.Store: --[Band] (afterAction) STABLE_LAYOUT_PACK_NAVBAR_CONFIG_CHANGED
03-13 08:47:12.066  2094 22530 D AudioFlinger: setParameters: filtered dev setParameters keyvalue screen_state=off
03-13 08:47:12.066  4205  4205 D Navbar.Store: handleEvent(1) OnConfigChanged(newConfig={1.0 ?mcc0mnc [en_US] ldltr sw360dp w360dp h880dp 480dpi nrml long hdr widecg port night finger -keyb/v/h -nav/h winConfig={ mBounds=Rect(0, 0 - 1080, 2640) mAppBounds=Rect(0, 0 - 1080, 2640) mMaxBounds=Rect(0, 0 - 1080, 2640) mDisplayRotation=ROTATION_0 mWindowingMode=fullscreen mActivityType=undefined mAlwaysOnTop=undefined mRotation=ROTATION_0 mStageConfig=undefined mPopOver=undefined mOverlappingWithCutout=false mFlexPanelMode=off} s.4990 fontWeightAdjustment=0 ff=0 bf=-1 bts=0 cst=1.0 nightDim=0 themeSeq=0}) [Module] NavigationBarControllerImpl
03-13 08:47:12.066  4205  4205 D Navbar.Store: handleEvent(1) OnNavBarConfigChanged(canMove=true, supportPhoneLayoutProvider=true, imeDownButtonForAllRotation=false, navigationMode=0) [Module] NavigationBarControllerImpl
03-13 08:47:12.066  4205  4205 D Navbar.Store: --[Band]STABLE_LAYOUT_PACK_NAVBAR_CONFIG_CHANGED
03-13 08:47:12.066  4205  4205 D NavBarStateManager: NavBarStates(1) supportLargeCoverScreenNavBar: true
03-13 08:47:12.066  2092  3859 I SSC_DAEMON: pocketModeOptionDefineEvent:23, 2
03-13 08:47:12.066  3003  3067 E ModeChangeObserver: Changed display not found
03-13 08:47:12.066  4205  4205 D LayoutProviderContainerImpl: getCoverDisplayContext, cover display=Display id 1: DisplayInfo{"Built-in Screen", displayId 1, displayGroupId 0, FLAG_SECURE, FLAG_SUPPORTS_PROTECTED_BUFFERS, FLAG_PRESENTATION, FLAG_CAN_SHOW_WITH_INSECURE_KEYGUARD, FLAG_SHOULD_SHOW_SYSTEM_DECORATIONS, FLAG_TRUSTED, FLAG_ALLOWS_CONTENT_MODE_SWITCH, real 748 x 720, largest app 748 x 748, smallest app 618 x 552, appVsyncOff 16666666, presDeadline 17666666, mode 8, renderFrameRate 60.000004, hasArrSupport false, frameRateCategoryRate FrameRateCategoryRate {normal=60.0, high=90.0}, supportedRefreshRates [60.000004], defaultMode 8, REFRESH_RATE_MODE_SEAMLESS, userPreferredModeId -1, supportedModes [{id=8, width=748, height=720, fps=60.000004, vsync=60.000004, synthetic=false, alternativeRefreshRates=[], supportedHdrTypes=[2, 3, 4]}], appsSupportedModes [{id=8, width=748, height=720, fps=60.000004, vsync=60.000004, synthetic=false, alternativeRefreshRates=[], supportedHdrTypes=[2, 3, 4]}], hdrCapabilities HdrCapabilities{mSupportedHdrTypes=[2, 3, 4], mMaxLuminance=450.0, mMaxAverageLuminance=225.00024, mMinLuminance=5.0E-4}, isForceSdr false, userDisabledHdrTypes [], minimalPostProcessingSupported false, rotation 0, state OFF, committedState OFF}, DisplayMetrics{density=2.125, width=748, height=618, scaledDensity=2.125, xdpi=306.438, ydpi=309.966}, isValid=true
03-13 08:47:12.066  3003  3911 D SensorService: setSContextDataLocked ints length 3 , byte length 5
03-13 08:47:12.066  3003  3911 D SensorService: setSContextDataLocked 2f0c0ec1
03-13 08:47:12.066  3003  4923 D WifiDisplayAdapter: isFitToActiveDisplayLocked : false
03-13 08:47:12.066  4205  4205 D Navbar.Store: --updateLayoutProvider() layoutProviderContainer = com.android.systemui.navigationbar.layout.LayoutProviderContainerImpl@1dbf89d
03-13 08:47:12.066  4205  4205 D NavBarStateManager: NavBarStates(1) supportLargeCoverScreenNavBar: true
03-13 08:47:12.066  4205  4205 D LayoutProviderContainerImpl: getCoverDisplayContext, cover display=Display id 1: DisplayInfo{"Built-in Screen", displayId 1, displayGroupId 0, FLAG_SECURE, FLAG_SUPPORTS_PROTECTED_BUFFERS, FLAG_PRESENTATION, FLAG_CAN_SHOW_WITH_INSECURE_KEYGUARD, FLAG_SHOULD_SHOW_SYSTEM_DECORATIONS, FLAG_TRUSTED, FLAG_ALLOWS_CONTENT_MODE_SWITCH, real 748 x 720, largest app 748 x 748, smallest app 618 x 552, appVsyncOff 16666666, presDeadline 17666666, mode 8, renderFrameRate 60.000004, hasArrSupport false, frameRateCategoryRate FrameRateCategoryRate {normal=60.0, high=90.0}, supportedRefreshRates [60.000004], defaultMode 8, REFRESH_RATE_MODE_SEAMLESS, userPreferredModeId -1, supportedModes [{id=8, width=748, height=720, fps=60.000004, vsync=60.000004, synthetic=false, alternativeRefreshRates=[], supportedHdrTypes=[2, 3, 4]}], appsSupportedModes [{id=8, width=748, height=720, fps=60.000004, vsync=60.000004, synthetic=false, alternativeRefreshRates=[], supportedHdrTypes=[2, 3, 4]}], hdrCapabilities HdrCapabilities{mSupportedHdrTypes=[2, 3, 4], mMaxLuminance=450.0, mMaxAverageLuminance=225.00024, mMinLuminance=5.0E-4}, isForceSdr false, userDisabledHdrTypes [], minimalPostProcessingSupported false, rotation 0, state OFF, committedState OFF}, DisplayMetrics{density=2.125, width=748, height=618, scaledDensity=2.125, xdpi=306.438, ydpi=309.966}, isValid=true
03-13 08:47:12.067  4205  4205 D Navbar.Store: --[Band] (afterAction) STABLE_LAYOUT_PACK_NAVBAR_CONFIG_CHANGED
03-13 08:47:12.067  2007  2007 I sensors-hal: inject_sensor_data:407, handle 1502 send inject
03-13 08:47:12.067  2007  2007 I sensors-hal: sendContextData:290, sensor hal 5, (0xc1, 0xe, 0xc, 0x2f)
03-13 08:47:12.067  2007  2007 I sensors-hal: sendContextData:230, activities 5 c1, 1
03-13 08:47:12.067  2007  2007 I sensors-hal: sendUserData:251, Activities cmd 0xc1 0xe
03-13 08:47:12.067  2007  2007 I sensors-hal: sendUserData:265, Activities system time h 12 m 47 s 12
03-13 08:47:12.067  2007  2007 I sensors-hal: create_send_context_data:80, sending create_send_context_data
03-13 08:47:12.067  2007  2007 I sensors-hal: send_context_data:694, activities, 4914309220830019584, 1320970896291267344, msgid:700
03-13 08:47:12.067  2007  2007 I sensors-hal: sendContextData:114, common_info 5
03-13 08:47:12.067  2007  2007 I sensors-hal: sendUserData:137, CommonInfo 0xc1 0xe 0xc 0x2f
03-13 08:47:12.067  2007  2007 I sensors-hal: create_send_context_data:70, sending create_send_context_data
03-13 08:47:12.067  2007  2007 I sensors-hal: send_context_data:694, common_info, 4914309147815575552, 1320970896291267344, msgid:700
03-13 08:47:12.067 16161 16161 I NearbyDiscovery: (REDACTED) FastPairDisplayObserver: %s -> %s
03-13 08:47:12.067  1993  1993 D vendor.qti.bluetooth@1.1-wake_lock: Acquire wakelock is acquired 
03-13 08:47:12.067  1993  1993 I vendor.qti.bluetooth@1.1-ibs_handler: DeviceWakeUp: Writing IBS_WAKE_IND
03-13 08:47:12.067  4832 22027 I HoneySpace.SystemUiRepository: assistantAvailable = false
03-13 08:47:12.067  2007  3909 I sensors-hal: qsh_conn_resp_cb:930, resp_value = 0 for activities 
03-13 08:47:12.067  2007  3909 I sensors-hal: qsh_conn_resp_cb:930, resp_value = 0 for common_info 
03-13 08:47:12.067  4205  4205 I SubScreenManager:  onDeviceStateChanged DeviceState{identifier=0, name='CLOSED', app_accessible=false, cancel_when_requester_not_on_top=false}
03-13 08:47:12.067  4205  4205 I SubScreenManager: requestDualState false
03-13 08:47:12.067  2053 27609 I QC2V4L2PollThread: [v4lhvcD_662] KPI_L1: Reconfig: ms=24
03-13 08:47:12.067  3003  4866 I DeviceStateManagerService: cancelRequestInternal pid:4205, ignore
03-13 08:47:12.068  4205  4205 I SubScreenManager: onDeviceStateChanged() 
03-13 08:47:12.068  4205  4205 I SubLauncher:SubLauncherStateManager@232606011: setTentMode: 2 -> 0 
03-13 08:47:12.068  4205  4205 I FoldStateManager: onFoldStateChanged: true
03-13 08:47:12.068  4205  4205 I FoldStateManager: updateFoldState: isFolded = true
03-13 08:47:12.068  4205  4205 I FoldStateManager: onTableModeChanged: false
03-13 08:47:12.068  4205  4205 I FoldStateManager: updateTableMode: isTableMode = false
03-13 08:47:12.068  3003  4866 D WifiDisplayAdapter: isFitToActiveDisplayLocked : false
03-13 08:47:12.068  4205  4205 D SecVolume.VolumePanelStore: dispatch [ACTION_FOLDER_STATE_CHANGED with [STATE_FOLDER_STATE_CHANGED], currentAction={isFromOutside : true, isFolded : true}, currentState={activeStream=3(vol=0), stream=-1(vol=null) } isMediaDefaultEnabled : true, isVoiceCapable : true, isCaptionComponentEnabled : true, isHasVibrator : true, isSetupWizardComplete : true, timeOutControls : 0, pinDevice : 0, earProtectLevel : 909, ringerModeInternal : 0, timeOutControlsText : 0, activeStream : 3, timeOut : 3000, cutoutHeight : 0, systemTimeNow : 13420931}
03-13 08:47:12.068  4205  4205 D SecVolume.VolumePanelStore:   > New State : [STATE_FOLDER_STATE_CHANGED]
03-13 08:47:12.068 16161 22577 I NearbySharing: Screen is locked
03-13 08:47:12.068 16161 22577 I NearbySharing: Stopping scanning because the screen is locked.
03-13 08:47:12.069  3003  3911 D SensorService: setSContextDataLocked ints length 2 , byte length 4
03-13 08:47:12.069  3003  3911 D SensorService: setSContextDataLocked 47c1
03-13 08:47:12.069  3003  3911 I SensorService: [EARPROXIMITY] EarProximitySensor2 screen 0
03-13 08:47:12.069  3003  3067 E ModeChangeObserver: Changed display not found
03-13 08:47:12.069  4607  4607 D NfcService: handleMessage: MSG_APPLY_SCREEN_STATEOFF_UNLOCKED
03-13 08:47:12.069  4607  4607 D [NFC_SE]SamsungExtension: onLogEventNotified() item:[mCommandApdus: [mResponseApdus: , mCallingApi= 0, mAction= 518, mCallingPId = 0, mRfFieldOnTime= null
03-13 08:47:12.069  2007  2007 I sensors-hal: inject_sensor_data:407, handle 1502 send inject
03-13 08:47:12.069  2007  2007 I sensors-hal: sendContextData:290, sensor hal 4, (0xc1, 0x47, 0x0, 0x0)
03-13 08:47:12.069  2007  2007 I sensors-hal: sendContextData:230, activities 4 c1, 1
03-13 08:47:12.069  2007  2007 I sensors-hal: sendUserData:251, Activities cmd 0xc1 0x47
03-13 08:47:12.069  2007  2007 I sensors-hal: create_send_context_data:80, sending create_send_context_data
03-13 08:47:12.069  2007  2007 I sensors-hal: send_context_data:694, activities, 4914309220830019584, 1320970896291267344, msgid:700
03-13 08:47:12.069  2007  2007 I sensors-hal: sendContextData:114, common_info 4
03-13 08:47:12.069  2007  2007 I sensors-hal: sendUserData:137, CommonInfo 0xc1 0x47 0x0 0x0
03-13 08:47:12.069  2007  2007 I sensors-hal: create_send_context_data:70, sending create_send_context_data
03-13 08:47:12.069  2007  2007 I sensors-hal: send_context_data:694, common_info, 4914309147815575552, 1320970896291267344, msgid:700
03-13 08:47:12.069  2007  2007 I sensors-hal: write_algo_lcd_onoff_state:196, algo_lcd_onoff : 0x0
03-13 08:47:12.069  2092  2092 I SSC_DAEMON: handleSensorTestReqMsg:85, Sensor type :20, Msg type:15
03-13 08:47:12.069  2092  2092 I SSC_DAEMON: physicalSensorTestReqMsg:162, 0.algo_id:26, num:1
03-13 08:47:12.069  4607  4607 D [NFC_SE]NfcOemLogHelper: reportLogEvent = [mCommandApdus: [mResponseApdus: , mCallingApi= 0, mAction= 518, mCallingPId = 0, mRfFieldOnTime= null
03-13 08:47:12.069  4607  4607 D [NFC_SE]NfcOemLogHelper: try to send FLD_ERROR
03-13 08:47:12.069  4607  4607 D [NFC_SE]NfcOemLogHelper: RF Field is disabled
03-13 08:47:12.069  2007  3909 I sensors-hal: qsh_conn_resp_cb:930, resp_value = 0 for activities 
03-13 08:47:12.069  2007  3909 I sensors-hal: qsh_conn_resp_cb:930, resp_value = 0 for common_info 
03-13 08:47:12.069  3003  3910 I CAE     : handleMessage(CaPowerManager.java:240) - SCREEN_OFF
03-13 08:47:12.069  3003  4833 D WifiDisplayAdapter: isFitToActiveDisplayLocked : false
03-13 08:47:12.070 16161 22577 I NearbySharing: Stopping Fast Init advertisement because Bluetooth is off.
03-13 08:47:12.070 16161 22577 I NearbySharing: Stopping advertising because Bluetooth is disabled.
03-13 08:47:12.070 16161 22577 I NearbySharing: Stopping FastInitiation scanning because the screen is locked.
03-13 08:47:12.070 16161 22577 D BluetoothAdapter: isLeEnabled(): BLE_ON
03-13 08:47:12.070 16161 22577 D BluetoothLeScanner: Stop Scan with callback
03-13 08:47:12.070  4205  4205 I Dialog  : mIsDeviceDefault = false, mIsSamsungBasicInteraction = false, isMetaDataInActivity = false
03-13 08:47:12.070  2092  3859 I SSC_DAEMON: pocketModeOptionDefineEvent:23, 1
03-13 08:47:12.070  1992  7816 D AHAL: AudioDevice: SetParameters: 1865: enter
03-13 08:47:12.070  4607  4607 D libnfc_nci: nfcManager_doSetScreenState: state = 1 prevScreenState= 8, discovry_param = 1
03-13 08:47:12.070  1992  7816 D AHAL: AudioVoice: VoiceSetParameters: 200: Enter
03-13 08:47:12.070  1992  7816 D AHAL: AudioVoice: VoiceSetParameters: 479: Exit ret: 0
03-13 08:47:12.070  1992  7816 D AHAL: hfp: hfp_set_parameters: 444: enter
03-13 08:47:12.070  1992  7816 D AHAL: AudioDevice: SetParameters: 1948:  - screen = off
03-13 08:47:12.070  1992  7816 I PAL: ResourceManager: setParameter: 10683: Screen State:0
03-13 08:47:12.070  1992  7816 D AHAL: AudioDevice: SetParameters: 2798: exit: screen_state=off
03-13 08:47:12.070  4607  4986 D NxpGenExtn: vendor_nfc_handle_event Enter eventCode:11
03-13 08:47:12.070  4607  4986 D NxpGenExtn: phNxpExtn_HandleVendorNciMsg Not vendor specific command!!
03-13 08:47:12.070  4607  4986 I NxpGenExtn: phNxpExtn_Write NCI datalen:7
03-13 08:47:12.070  4607  4986 I NxpGenExtn: processExtnWrite Enter dataLen:7
03-13 08:47:12.070  4607  4986 I NxpPropExtn: phNxpProp_ProcessExtnWrite PropExtensionController Enter dataLen:7
03-13 08:47:12.070  4607  4986 I NxpPropExtn: processExtnWrite Enter
03-13 08:47:12.070  4607  4986 D NxpPropExtn: NciStateMonitor processExtnWrite Enter
03-13 08:47:12.070  4607  4986 D NxpPropExtn: resendRequired, resend required
03-13 08:47:12.070  4607  4986 D NxpGenExtn: write Enter wLength:7
03-13 08:47:12.070  4205  4205 I DecorView: setWindowBackground: isPopOver=false color=0 d=android.graphics.drawable.ColorDrawable@7d1a560
03-13 08:47:12.070  4607  4986 D NxpGenExtn: palenQueueWrite Enter wLength:7
03-13 08:47:12.071  2007  3645 I sensors-hal: qsh_conn_event_cb:890, event[0] sensor:Pocket mode  Wakeup, msg_id=715, ts=4478167219069
03-13 08:47:12.071  2007  3645 E libprotobuf-native: [libprotobuf ERROR external/protobuf/src/google/protobuf/message_lite.cc:133] Can't parse message of type "sns_std_sensor_event" because it is missing required fields: (cannot determine missing fields for lite message)
03-13 08:47:12.071  4205  4205 D SubFullLayoutVolumePanelView: SubFullLayoutVolumePanelView: bind
03-13 08:47:12.071  4205  4205 D SecVolume.VolumePanelStore: subscribe : observer count=4, observer=com.android.systemui.volume.view.subscreen.full.SubFullLayoutVolumePanelWindow@14537b6
03-13 08:47:12.071  4205  4205 D SecVolume.VolumePanelStore: subscribe : observer count=5, observer=com.android.systemui.volume.view.subscreen.full.SubFullLayoutVolumePanelView{e365cb7 V.E...... ......I. 0,0-0,0 #7f0a0f4e app:id/volume_panel_view_root}
03-13 08:47:12.071  4205  4205 D SubscreenQsPanelControllerBase: onFolderStateChangedfalse
03-13 08:47:12.071  4205  4205 D SubscreenQsPanelControllerBase: setTiles 
03-13 08:47:12.071  4205  4205 D SubscreenQsPanelControllerBase: adding Tilespec : Wifi
03-13 08:47:12.071  4205  4205 E SecQSPanelResourcePickHelper: need to prepare suitable picker for COVER
03-13 08:47:12.071  4205  4205 E SecQSPanelResourcePickHelper: need to prepare suitable picker for COVER
03-13 08:47:12.071  4205  4205 E SecQSPanelResourcePickHelper: need to prepare suitable picker for COVER
03-13 08:47:12.071  4205  4205 E SecQSPanelResourcePickHelper: need to prepare suitable picker for COVER
03-13 08:47:12.071  4205  4205 E SecQSPanelResourcePickHelper: need to prepare suitable picker for COVER
03-13 08:47:12.071  4205  4205 D SubRoomQsTileBaseView: updateSubscreenTileStroke
03-13 08:47:12.071  4607 27633 D NxpGenExtn: enQueueWriteInternal Enter wLength:7
03-13 08:47:12.071  4205  4205 D SubscreenQsPanelControllerBase: addTile tile.getTileSpec():  record: com.android.systemui.qs.QSPanelControllerBase$TileRecord@9ef6c24 mSubscreenRecords.size(): 1
03-13 08:47:12.071  4205  4205 D SubscreenQsPanelControllerBase: adding Tilespec : SoundMode
03-13 08:47:12.071  4205  4205 E SecQSPanelResourcePickHelper: need to prepare suitable picker for COVER
03-13 08:47:12.071  4205  4205 E SecQSPanelResourcePickHelper: need to prepare suitable picker for COVER
03-13 08:47:12.071  4205  4205 E SecQSPanelResourcePickHelper: need to prepare suitable picker for COVER
03-13 08:47:12.071  4205  4205 E SecQSPanelResourcePickHelper: need to prepare suitable picker for COVER
03-13 08:47:12.071  4205  4205 E SecQSPanelResourcePickHelper: need to prepare suitable picker for COVER
03-13 08:47:12.071  4205  4205 D SubRoomQsTileBaseView: updateSubscreenTileStroke
03-13 08:47:12.071  4205  4205 D SubscreenQsPanelControllerBase: addTile tile.getTileSpec():  record: com.android.systemui.qs.QSPanelControllerBase$TileRecord@5bc338d mSubscreenRecords.size(): 2
03-13 08:47:12.071  4205  4205 D SubscreenQsPanelControllerBase: adding Tilespec : Bluetooth
03-13 08:47:12.071  4205  4205 E SecQSPanelResourcePickHelper: need to prepare suitable picker for COVER
03-13 08:47:12.071  4205  4205 E SecQSPanelResourcePickHelper: need to prepare suitable picker for COVER
03-13 08:47:12.071  4205  4205 E SecQSPanelResourcePickHelper: need to prepare suitable picker for COVER
03-13 08:47:12.071  4205  4205 E SecQSPanelResourcePickHelper: need to prepare suitable picker for COVER
03-13 08:47:12.071  4205  4205 E SecQSPanelResourcePickHelper: need to prepare suitable picker for COVER
03-13 08:47:12.071  2439  2439 I android.hardware.nfc-service.nxp: write
03-13 08:47:12.071  4205  4205 D SubRoomQsTileBaseView: updateSubscreenTileStroke
03-13 08:47:12.071  4205  4205 D SubscreenQsPanelControllerBase: addTile tile.getTileSpec():  record: com.android.systemui.qs.QSPanelControllerBase$TileRecord@4e51942 mSubscreenRecords.size(): 3
03-13 08:47:12.071  4205  4205 D SubscreenQsPanelControllerBase: adding Tilespec : AirplaneMode
03-13 08:47:12.071  4205  4205 E SecQSPanelResourcePickHelper: need to prepare suitable picker for COVER
03-13 08:47:12.071  4205  4205 E SecQSPanelResourcePickHelper: need to prepare suitable picker for COVER
03-13 08:47:12.071  4205  4205 E SecQSPanelResourcePickHelper: need to prepare suitable picker for COVER
03-13 08:47:12.071  4205  4205 E SecQSPanelResourcePickHelper: need to prepare suitable picker for COVER
03-13 08:47:12.071  4205  4205 E SecQSPanelResourcePickHelper: need to prepare suitable picker for COVER
03-13 08:47:12.071  4205  4205 D SubRoomQsTileBaseView: updateSubscreenTileStroke
03-13 08:47:12.071  4205  4205 D SubscreenQsPanelControllerBase: addTile tile.getTileSpec():  record: com.android.systemui.qs.QSPanelControllerBase$TileRecord@e4a0d53 mSubscreenRecords.size(): 4
03-13 08:47:12.071  4205  4205 D SubscreenQsPanelControllerBase: adding Tilespec : Flashlight
03-13 08:47:12.071 16161 17325 I NearbyDiscovery: (REDACTED) PureOffloadFastPairScanner: eventType=%s, isInternalReq=%s, isScanning=%s, isScanningAllowed=%s
03-13 08:47:12.071  4205  4205 E SecQSPanelResourcePickHelper: need to prepare suitable picker for COVER
03-13 08:47:12.071  4205  4205 E SecQSPanelResourcePickHelper: need to prepare suitable picker for COVER
03-13 08:47:12.071  4205  4205 E SecQSPanelResourcePickHelper: need to prepare suitable picker for COVER
03-13 08:47:12.071  4205  4205 E SecQSPanelResourcePickHelper: need to prepare suitable picker for COVER
03-13 08:47:12.071  4205  4205 E SecQSPanelResourcePickHelper: need to prepare suitable picker for COVER
03-13 08:47:12.071  4205  4205 D SubRoomQsTileBaseView: updateSubscreenTileStroke
03-13 08:47:12.071  4205  4205 D SubscreenQsPanelControllerBase: addTile tile.getTileSpec():  record: com.android.systemui.qs.QSPanelControllerBase$TileRecord@6c92690 mSubscreenRecords.size(): 5
03-13 08:47:12.071  4205  4205 D SubscreenQsPanelControllerBase: adding Tilespec : MobileData
03-13 08:47:12.071  4205  4205 E SecQSPanelResourcePickHelper: need to prepare suitable picker for COVER
03-13 08:47:12.071  4205  4205 E SecQSPanelResourcePickHelper: need to prepare suitable picker for COVER
03-13 08:47:12.071  4205  4205 E SecQSPanelResourcePickHelper: need to prepare suitable picker for COVER
03-13 08:47:12.071  4205  4205 E SecQSPanelResourcePickHelper: need to prepare suitable picker for COVER
03-13 08:47:12.072  4205  4205 E SecQSPanelResourcePickHelper: need to prepare suitable picker for COVER
03-13 08:47:12.072  4205  4205 D SubRoomQsTileBaseView: updateSubscreenTileStroke
03-13 08:47:12.072  4205  4205 D SubscreenQsPanelControllerBase: addTile tile.getTileSpec():  record: com.android.systemui.qs.QSPanelControllerBase$TileRecord@c57b89 mSubscreenRecords.size(): 6
03-13 08:47:12.072  4205  4205 D SubscreenQsPanelControllerBase: adding Tilespec : custom(com.samsung.android.app.smartcapture/com.samsung.android.app.screenrecorder.view.RecordScreenTile)
03-13 08:47:12.072  4205  4205 E SecQSPanelResourcePickHelper: need to prepare suitable picker for COVER
03-13 08:47:12.072  4205  4205 E SecQSPanelResourcePickHelper: need to prepare suitable picker for COVER
03-13 08:47:12.072  4205  4205 E SecQSPanelResourcePickHelper: need to prepare suitable picker for COVER
03-13 08:47:12.072  4205  4205 E SecQSPanelResourcePickHelper: need to prepare suitable picker for COVER
03-13 08:47:12.072  4205  4205 E SecQSPanelResourcePickHelper: need to prepare suitable picker for COVER
03-13 08:47:12.072  4205  4205 D SubRoomQsTileBaseView: updateSubscreenTileStroke
03-13 08:47:12.072 16161 17325 I NearbyDiscovery: (REDACTED) ApFastPairScanner: isScreenOn=%s, isLocationEnabled=%s, disableLocationRequirement=%s, isDiscoveryScanningEnabled=%s, during24GhzWifiWarmingUpPeriod=%s
03-13 08:47:12.072  4205  4205 D SubscreenQsPanelControllerBase: addTile tile.getTileSpec():  record: com.android.systemui.qs.QSPanelControllerBase$TileRecord@4af878e mSubscreenRecords.size(): 7
03-13 08:47:12.072  4205  4205 D SubscreenQsPanelControllerBase: adding Tilespec : custom(com.samsung.android.app.routines/.LifestyleModeTile)
03-13 08:47:12.072  4205  4205 E SecQSPanelResourcePickHelper: need to prepare suitable picker for COVER
03-13 08:47:12.072  4205  4205 E SecQSPanelResourcePickHelper: need to prepare suitable picker for COVER
03-13 08:47:12.072  4205  4205 E SecQSPanelResourcePickHelper: need to prepare suitable picker for COVER
03-13 08:47:12.072  4205  4205 E SecQSPanelResourcePickHelper: need to prepare suitable picker for COVER
03-13 08:47:12.072  4205  4205 E SecQSPanelResourcePickHelper: need to prepare suitable picker for COVER
03-13 08:47:12.072  4205  4205 D SubRoomQsTileBaseView: updateSubscreenTileStroke
03-13 08:47:12.072  4205  4205 D SubscreenQsPanelControllerBase: addTile tile.getTileSpec():  record: com.android.systemui.qs.QSPanelControllerBase$TileRecord@fde2baf mSubscreenRecords.size(): 8
03-13 08:47:12.072  4205  4205 D SubscreenQsPanelControllerBase: adding Tilespec : Dnd
03-13 08:47:12.072  4205  4205 E SecQSPanelResourcePickHelper: need to prepare suitable picker for COVER
03-13 08:47:12.072  4205  4205 E SecQSPanelResourcePickHelper: need to prepare suitable picker for COVER
03-13 08:47:12.072 16161 17325 D BluetoothAdapter: isLeEnabled(): BLE_ON
03-13 08:47:12.072  4205  4205 E SecQSPanelResourcePickHelper: need to prepare suitable picker for COVER
03-13 08:47:12.072  4205  4205 E SecQSPanelResourcePickHelper: need to prepare suitable picker for COVER
03-13 08:47:12.072 16161 17325 I NearbyDiscovery: (REDACTED) ApFastPairScanner: eventType=%s, intReq=%s, scanning=%s, scanAllowed=%s, bleEnabled=%s, lockScanRate=%s, startScanningByLowPowerMode=%s
03-13 08:47:12.072  4205  4205 E SecQSPanelResourcePickHelper: need to prepare suitable picker for COVER
03-13 08:47:12.072  4205  4205 D SubRoomQsTileBaseView: updateSubscreenTileStroke
03-13 08:47:12.072  4205  4205 D SubscreenQsPanelControllerBase: addTile tile.getTileSpec():  record: com.android.systemui.qs.QSPanelControllerBase$TileRecord@b421bbc mSubscreenRecords.size(): 9
03-13 08:47:12.072  4205  4205 D SubscreenQsPanelControllerBase: setTiles 
03-13 08:47:12.072  4205  4205 D SubscreenQsPanelControllerBase: adding Tilespec : Wifi
03-13 08:47:12.072  4205  4205 E SecQSPanelResourcePickHelper: need to prepare suitable picker for COVER
03-13 08:47:12.072 16161 17325 I NearbyDiscovery: (REDACTED) ApFastPairScanner: Stopping scan, %s
03-13 08:47:12.072  4205  4205 E SecQSPanelResourcePickHelper: need to prepare suitable picker for COVER
03-13 08:47:12.072  4205  4205 E SecQSPanelResourcePickHelper: need to prepare suitable picker for COVER
03-13 08:47:12.072  4205  4205 E SecQSPanelResourcePickHelper: need to prepare suitable picker for COVER
03-13 08:47:12.072 16161 17325 D BluetoothAdapter: isLeEnabled(): BLE_ON
03-13 08:47:12.072 16161 17325 D BluetoothLeScanner: Stop Scan with callback
03-13 08:47:12.072  4205  4205 E SecQSPanelResourcePickHelper: need to prepare suitable picker for COVER
03-13 08:47:12.072  4205  4205 D SubRoomQsTileBaseView: updateSubscreenTileStroke
03-13 08:47:12.072  4205  4205 D SubscreenQsPanelControllerBase: addTile tile.getTileSpec():  record: com.android.systemui.qs.QSPanelControllerBase$TileRecord@f014745 mSubscreenRecords.size(): 1
03-13 08:47:12.072  4205  4205 D SubscreenQsPanelControllerBase: adding Tilespec : SoundMode
03-13 08:47:12.072  4205  4205 E SecQSPanelResourcePickHelper: need to prepare suitable picker for COVER
03-13 08:47:12.072  4205  4205 E SecQSPanelResourcePickHelper: need to prepare suitable picker for COVER
03-13 08:47:12.072  4205  4205 E SecQSPanelResourcePickHelper: need to prepare suitable picker for COVER
03-13 08:47:12.072  4205  4205 E SecQSPanelResourcePickHelper: need to prepare suitable picker for COVER
03-13 08:47:12.072  4205  4205 E SecQSPanelResourcePickHelper: need to prepare suitable picker for COVER
03-13 08:47:12.072  4205  4205 D SubRoomQsTileBaseView: updateSubscreenTileStroke
03-13 08:47:12.072  4205  4205 D SubscreenQsPanelControllerBase: addTile tile.getTileSpec():  record: com.android.systemui.qs.QSPanelControllerBase$TileRecord@ba08e9a mSubscreenRecords.size(): 2
03-13 08:47:12.072  4205  4205 D SubscreenQsPanelControllerBase: adding Tilespec : Bluetooth
03-13 08:47:12.072  4205  4205 E SecQSPanelResourcePickHelper: need to prepare suitable picker for COVER
03-13 08:47:12.072  4205  4205 E SecQSPanelResourcePickHelper: need to prepare suitable picker for COVER
03-13 08:47:12.072  4205  4205 E SecQSPanelResourcePickHelper: need to prepare suitable picker for COVER
03-13 08:47:12.072  4205  4205 E SecQSPanelResourcePickHelper: need to prepare suitable picker for COVER
03-13 08:47:12.072  4205  4205 E SecQSPanelResourcePickHelper: need to prepare suitable picker for COVER
03-13 08:47:12.072  4205  4205 D SubRoomQsTileBaseView: updateSubscreenTileStroke
03-13 08:47:12.072  4205  4205 D SubscreenQsPanelControllerBase: addTile tile.getTileSpec():  record: com.android.systemui.qs.QSPanelControllerBase$TileRecord@3ebd3cb mSubscreenRecords.size(): 3
03-13 08:47:12.072  4205  4205 D SubscreenQsPanelControllerBase: adding Tilespec : AirplaneMode
03-13 08:47:12.072  4205  4205 E SecQSPanelResourcePickHelper: need to prepare suitable picker for COVER
03-13 08:47:12.072  4205  4205 E SecQSPanelResourcePickHelper: need to prepare suitable picker for COVER
03-13 08:47:12.072  4205  4205 E SecQSPanelResourcePickHelper: need to prepare suitable picker for COVER
03-13 08:47:12.072  4205  4205 E SecQSPanelResourcePickHelper: need to prepare suitable picker for COVER
03-13 08:47:12.072  4205  4205 E SecQSPanelResourcePickHelper: need to prepare suitable picker for COVER
03-13 08:47:12.072  4205  4205 D SubRoomQsTileBaseView: updateSubscreenTileStroke
03-13 08:47:12.072  4205  4205 D SubscreenQsPanelControllerBase: addTile tile.getTileSpec():  record: com.android.systemui.qs.QSPanelControllerBase$TileRecord@ff337a8 mSubscreenRecords.size(): 4
03-13 08:47:12.072  4205  4205 D SubscreenQsPanelControllerBase: adding Tilespec : Flashlight
03-13 08:47:12.072  4205  4205 E SecQSPanelResourcePickHelper: need to prepare suitable picker for COVER
03-13 08:47:12.072  4205  4205 E SecQSPanelResourcePickHelper: need to prepare suitable picker for COVER
03-13 08:47:12.072  4205  4205 E SecQSPanelResourcePickHelper: need to prepare suitable picker for COVER
03-13 08:47:12.072  4205  4205 E SecQSPanelResourcePickHelper: need to prepare suitable picker for COVER
03-13 08:47:12.072  4205  4205 E SecQSPanelResourcePickHelper: need to prepare suitable picker for COVER
03-13 08:47:12.072  4205  4205 D SubRoomQsTileBaseView: updateSubscreenTileStroke
03-13 08:47:12.072  4205  4205 D SubscreenQsPanelControllerBase: addTile tile.getTileSpec():  record: com.android.systemui.qs.QSPanelControllerBase$TileRecord@97412c1 mSubscreenRecords.size(): 5
03-13 08:47:12.072  4205  4205 D SubscreenQsPanelControllerBase: adding Tilespec : MobileData
03-13 08:47:12.072  4205  4205 E SecQSPanelResourcePickHelper: need to prepare suitable picker for COVER
03-13 08:47:12.072  4205  4205 E SecQSPanelResourcePickHelper: need to prepare suitable picker for COVER
03-13 08:47:12.072  4205  4205 E SecQSPanelResourcePickHelper: need to prepare suitable picker for COVER
03-13 08:47:12.072  4205  4205 E SecQSPanelResourcePickHelper: need to prepare suitable picker for COVER
03-13 08:47:12.072 15873 15873 I PkDeviceHelper: PkDeviceHelper.refreshDevices():87 refreshing devices
03-13 08:47:12.072  4205  4205 E SecQSPanelResourcePickHelper: need to prepare suitable picker for COVER
03-13 08:47:12.072  4205  4205 D SubRoomQsTileBaseView: updateSubscreenTileStroke
03-13 08:47:12.072  4205  4205 D SubscreenQsPanelControllerBase: addTile tile.getTileSpec():  record: com.android.systemui.qs.QSPanelControllerBase$TileRecord@668fa66 mSubscreenRecords.size(): 6
03-13 08:47:12.072  4205  4205 D SubscreenQsPanelControllerBase: adding Tilespec : custom(com.samsung.android.app.smartcapture/com.samsung.android.app.screenrecorder.view.RecordScreenTile)
03-13 08:47:12.072  4205  4205 E SecQSPanelResourcePickHelper: need to prepare suitable picker for COVER
03-13 08:47:12.072  4205  4205 E SecQSPanelResourcePickHelper: need to prepare suitable picker for COVER
03-13 08:47:12.072  4205  4205 E SecQSPanelResourcePickHelper: need to prepare suitable picker for COVER
03-13 08:47:12.072  4205  4205 E SecQSPanelResourcePickHelper: need to prepare suitable picker for COVER
03-13 08:47:12.072  4205  4205 E SecQSPanelResourcePickHelper: need to prepare suitable picker for COVER
03-13 08:47:12.072  4205  4205 D SubRoomQsTileBaseView: updateSubscreenTileStroke
03-13 08:47:12.072  4205  4205 D SubscreenQsPanelControllerBase: addTile tile.getTileSpec():  record: com.android.systemui.qs.QSPanelControllerBase$TileRecord@7e1e1a7 mSubscreenRecords.size(): 7
03-13 08:47:12.072  4205  4205 D SubscreenQsPanelControllerBase: adding Tilespec : custom(com.samsung.android.app.routines/.LifestyleModeTile)
03-13 08:47:12.072  4205  4205 E SecQSPanelResourcePickHelper: need to prepare suitable picker for COVER
03-13 08:47:12.072  4205  4205 E SecQSPanelResourcePickHelper: need to prepare suitable picker for COVER
03-13 08:47:12.072  4205  4205 E SecQSPanelResourcePickHelper: need to prepare suitable picker for COVER
03-13 08:47:12.072  4205  4205 E SecQSPanelResourcePickHelper: need to prepare suitable picker for COVER
03-13 08:47:12.072  4205  4362 D Tile.WifiTile: handleUpdateState isTransient=false transientEnabling =false cb.isTransient=false state.state = 2 mStateBeforeClick.value =false enabled =true
03-13 08:47:12.073  4205  4205 E SecQSPanelResourcePickHelper: need to prepare suitable picker for COVER
03-13 08:47:12.073  4205  4205 D SubRoomQsTileBaseView: updateSubscreenTileStroke
03-13 08:47:12.073  4205  4205 D SubscreenQsPanelControllerBase: addTile tile.getTileSpec():  record: com.android.systemui.qs.QSPanelControllerBase$TileRecord@9fa56f2 mSubscreenRecords.size(): 8
03-13 08:47:12.073  4205  4205 D SubscreenQsPanelControllerBase: adding Tilespec : Dnd
03-13 08:47:12.073  4205  4205 E SecQSPanelResourcePickHelper: need to prepare suitable picker for COVER
03-13 08:47:12.073  4205  4205 E SecQSPanelResourcePickHelper: need to prepare suitable picker for COVER
03-13 08:47:12.073  4205  4205 E SecQSPanelResourcePickHelper: need to prepare suitable picker for COVER
03-13 08:47:12.073  4205  4205 E SecQSPanelResourcePickHelper: need to prepare suitable picker for COVER
03-13 08:47:12.073  4205  4205 E SecQSPanelResourcePickHelper: need to prepare suitable picker for COVER
03-13 08:47:12.073  4205  4205 D SubRoomQsTileBaseView: updateSubscreenTileStroke
03-13 08:47:12.073  4205  4205 D SubscreenQsPanelControllerBase: addTile tile.getTileSpec():  record: com.android.systemui.qs.QSPanelControllerBase$TileRecord@740f143 mSubscreenRecords.size(): 9
03-13 08:47:12.073  4205  4205 D SubscreenQsPanelControllerBase: setListeningtrue
03-13 08:47:12.073  4205  4205 D SubscreenQsPanelControllerBase: refreshAllTiles
03-13 08:47:12.073  4205  4205 D SubscreenPagedTileLayout: setTilePageHeight pageHeight: 438
03-13 08:47:12.073  4205  4205 D SubscreenTileLayout: updateResources columns: 4 mMaxCellHeight: 100 mMaxAllowedRows: 3 mCellWidth: 111
03-13 08:47:12.073  4205  4205 D AppController: isFolderOpened = false
03-13 08:47:12.073  4205  4205 D AppController: folderClosed : unregist SensorManager 
03-13 08:47:12.073  4205  4362 D Tile.SoundModeTile: handleUpdateState: profile 0, muteAllSound false
03-13 08:47:12.073  4360 27540 I MediaCodec: setCodecState state(1), called in 6, domain 1, 1
03-13 08:47:12.073  4205  4362 D SBluetoothTile:  handleUpdateState enabled = false connected = false connecting = false changedState =false bluetoothState = 10 enabledChanging = false state = QSTile$BooleanState[spec=Bluetooth,icon=ResourceIcon[resId=0x7f080f78],nextIcon=null,iconSupplier=null,label=Bluetooth,secondaryLabel=,contentDescription=Bluetooth,stateDescription=null,dualLabelContentDescription=null,expandedAccessibilityClassName=null,disabledByPolicy=false,dualTarget=true,isTransient=false,handlesSecondaryClick=false,state=1,sideViewCustomDrawable=null,tileClassName=null,value=false,forceExpandIcon=false]
03-13 08:47:12.073  2007  2007 I sensors-hal: activate:300, android.sensor.device_orientation/271 en=0
03-13 08:47:12.073  2007  2007 I sensors-hal: deactivate:283, auto_rotation: 1, type 2
03-13 08:47:12.073  2007  2007 I sensors-hal: send_sync_sensor_request:508, send sync request
03-13 08:47:12.073  2007  2007 I sensors-hal: send_sync_sensor_request:518, send_sync_sensor_request before send_request for auto_rotation with SUID low=8603657889541918976 high=1320970896291267344
03-13 08:47:12.073  2007  2007 I sensors-hal: send_sync_sensor_request:537, wait for notification of response
03-13 08:47:12.073  4360  4776 I SprWallpaper|FoldInteractive: resetFrame : onSeekComplete
03-13 08:47:12.073  4360  4776 I SprWallpaper|FoldInteractive: resetFrame : before release. elapsed=108
03-13 08:47:12.073  4360  4776 I SprWallpaper|VideoPlayer: release : needReset = true
03-13 08:47:12.074  2007 12669 I sensors-hal: qsh_conn_resp_cb:930, resp_value = 0 for auto_rotation 
03-13 08:47:12.074  2105  2342 W qdgralloc: getInterlacedFlag: getMetaData returned 3, defaulting to interlaced_flag = 0
03-13 08:47:12.074  2007  2007 I sensors-hal: send_sync_sensor_request:543, takes 0 ms to receive the response with 0
03-13 08:47:12.074  1993  6685 I vendor.qti.bluetooth@1.1-ibs_handler: ProcessIbsCmd: Received IBS_WAKE_ACK: 0xFC
03-13 08:47:12.074  2007  2007 I sensors-hal: activate:330, android.sensor.device_orientation/271 en=0 completed
03-13 08:47:12.074  1993  6685 I vendor.qti.bluetooth@1.1-ibs_handler: ProcessIbsCmd: Signal wack_cond_
03-13 08:47:12.074  4360 27540 I CCodec  : [c2.qti.hevc.decoder] state->set(RELEASING)
03-13 08:47:12.074  1993  1993 D vendor.qti.bluetooth@1.1-ibs_handler: DeviceWakeUp: Unblocked from waiting for FC, pthread_cond_timedwait ret = 0
03-13 08:47:12.075  4205  4362 D DeviceState: isESIM() :0 : false
03-13 08:47:12.075  5393  5832 I bluetooth: system/gd/hci/le_scanning_manager.cc:765 stop_scan: Scanning already stopped, return!
03-13 08:47:12.075  4205  4205 D SensorManager: unregisterListener
03-13 08:47:12.075  5393  5832 W bluetooth: system/gd/hci/le_scanning_manager.cc:732 start_scan: start_scan
03-13 08:47:12.075  4205  4205 D KeyguardEditModeController: onFolderStateChangedfalse
03-13 08:47:12.075  5393  5832 W bluetooth: system/gd/hci/le_scanning_manager.cc:735 start_scan: Register address manager
03-13 08:47:12.075  4205  4205 D KeyguardEditModeController: cancel() true
03-13 08:47:12.075  4205  4205 D SubScreenManager: onFolderStateChanged() opened = false
03-13 08:47:12.075  5393  5832 I bluetooth: system/gd/hci/le_address_manager.cc:581 GetNextPrivateAddressIntervalRange: client=LeAddressManager, nonwake=7m39s, wake=13m35s
03-13 08:47:12.075  5393  5832 I bluetooth: system/gd/hci/le_address_manager.cc:259 register_client: Scheduled address rotation for first client registered
03-13 08:47:12.075  5393  5832 I bluetooth: system/gd/hci/le_address_manager.cc:263 register_client: Client registered
03-13 08:47:12.075  4205  4205 I SubLauncher:SubLauncherPluginImpl@102487053: onFolderStateChanged: isFolderOpened=false
03-13 08:47:12.075  4205  4205 I SubLauncher:SubLauncherStateManager@232606011: setFoldClosed: false -> true
03-13 08:47:12.075  4184  4797 D SatelliteController: handleCmdUpdateNtnSignalStrengthReporting: ignore request, satellite is disabled
03-13 08:47:12.075  4205  4205 I SubLauncher:SubLauncherClockController@19943652: onStartedWakingUp: isSuspendPending = true, isFolderClosed = true
03-13 08:47:12.075  4205  4205 I SubLauncher:SubLauncherHome@253272580: onCoverScreenOn: true
03-13 08:47:12.075  4205  4205 I SubLauncher:SubLauncherHome@253272580: restorePage
03-13 08:47:12.075  4205  4205 I SubLauncher:SubLauncherSeamlessAOD@129222420: onStartedWakingUpOnCover
03-13 08:47:12.075  4205  4205 I SubLauncher:SubLauncherStateManager@232606011: setAODVisibleState: INVISIBLE -> INITIALIZED
03-13 08:47:12.075  4205  4205 I SubLauncher:BouncerViewController@120397705: set fontColor with isBlackWallpaper
03-13 08:47:12.075  6380  6380 I SemMediaResourceHelper: onState
