--------- beginning of main
03-13 08:48:38.668 28258 28284 I appium  : channel read: GET /session/f57d602b-5c3a-4ec0-9bcb-cdfc3433c509/source
03-13 08:48:38.669 28258 28284 I appium  : Source command
03-13 08:48:38.670 28258 28284 I appium  : Waiting up to 10000ms for the device to idle
03-13 08:48:38.780  2447  2447 I CNSS    : /sys/wifi/max_chipset_log_size doesn't exist
03-13 08:48:38.864 28258 28284 D CompatChangeReporter: Compat change id reported: 247079863; UID 10393; state: ENABLED
03-13 08:48:38.930 28258 28284 I appium  : AppiumResponse: {"sessionId":"f57d602b-5c3a-4ec0-9bcb-cdfc3433c509","value":"<?xml version='1.0' encoding='UTF-8' standalone='yes' ?>\r\n<hierarchy index=\"0\" class=\"hierarchy\" rotation=\"0\" width=\"1080\" height=\"2640\">\r\n  <android.widget.FrameLayout index=\"0\" package=\"com.instagram.android\" class=\"an…
03-13 08:48:38.967 28258 28284 I appium  : channel read: GET /session/f57d602b-5c3a-4ec0-9bcb-cdfc3433c509/screenshot
03-13 08:48:38.968 28258 28284 I appium  : CaptureScreenshot command
03-13 08:48:38.969 28258 28284 I tomator2.server: hiddenapi: Accessing hidden method Landroid/view/Display;->getAddress()Landroid/view/DisplayAddress; (runtime_flags=0, domain=platform, api=blocked) from Lio/appium/uiautomator2/utils/ReflectionUtils; (domain=app, TargetSdkVersion=34) using reflection: allowed
03-13 08:48:38.969 28258 28284 I tomator2.server: hiddenapi: Accessing hidden method Landroid/view/DisplayAddress$Physical;->getPhysicalDisplayId()J (runtime_flags=0, domain=platform, api=blocked) from Lio/appium/uiautomator2/utils/ReflectionUtils; (domain=app, TargetSdkVersion=34) using reflection: allowed
03-13 08:48:39.050 29827 29827 W screencap: Thread Pool max thread count is 0. Cannot cache binder as linkToDeath cannot be implemented. serviceName: SurfaceFlingerAIDL
03-13 08:48:39.050 29827 29827 W BpBinder: Linking to death on android.gui.ISurfaceComposer but there are no threads (yet?) listening to incoming transactions. See ProcessState::startThreadPool and ProcessState::setThreadPoolMaxThreadCount. Generally you should setup the binder threadpool before other initialization steps.
03-13 08:48:39.051 29827 29827 W screencap: Thread Pool max thread count is 0. Cannot cache binder as linkToDeath cannot be implemented. serviceName: edmnativehelper
03-13 08:48:39.051  3003  6708 I EDMNativeHelperService: isScreenCaptureEnabled
--------- beginning of system
03-13 08:48:39.051  3003  6708 D RestrictionPolicy: isScreenCaptureEnabled : ret=true userId=0
03-13 08:48:39.051 29827 29827 W ProcessState: Extra binder thread started, but 0 threads requested. Do not use *startThreadPool when zero threads are requested.
03-13 08:48:39.051 29827 29827 I SurfaceComposerClient: captureDisplay:Display-4630946564756762243
03-13 08:48:39.053  2105  2921 I SurfaceFlinger: Capture layer list: 	 com.instagram.android/com.instagram.mainactivity.InstagramMainActivity$_28351#40954(seamlessTransition:0)
03-13 08:48:39.053  2105  2921 I SurfaceFlinger: Capture layer list: 	 StatusBar$_4205#132(seamlessTransition:0)
03-13 08:48:39.053  2105  2921 I SurfaceFlinger: Capture layer list: 	 com.sec.android.app.launcher/com.samsung.app.honeyspace.edge.edgepanel.app.CocktailBarService$_4832#40896(seamlessTransition:0)
03-13 08:48:39.053  2105  2921 I SurfaceFlinger: Capture layer list: 	 NavigationBar0$_4205#130(seamlessTransition:0)
03-13 08:48:39.054  2105  2921 E HwcComposer: getLuts failed Status(-129, EX_TRANSACTION_FAILED): 'UNKNOWN_TRANSACTION: '
03-13 08:48:39.054  2105  2342 D RenderEngine: [SEC_SF_EFFECTS] drawLayersInternal,1483, Rendering layer ScreenCaptureFillLayer at index 0
03-13 08:48:39.054  2105  2342 D RenderEngine: [SEC_SF_EFFECTS] drawLayersInternal,1483, Rendering layer com.instagram.android/com.instagram.mainactivity.InstagramMainActivity$_28351#40954 at index 1
03-13 08:48:39.054  2105  2342 D RenderEngine: [SEC_SF_EFFECTS] drawLayersInternal,1483, Rendering layer StatusBar$_4205#132 at index 2
03-13 08:48:39.054  2105  2342 D RenderEngine: [SEC_SF_EFFECTS] drawLayersInternal,1483, Rendering layer com.sec.android.app.launcher/com.samsung.app.honeyspace.edge.edgepanel.app.CocktailBarService$_4832#40896 at index 3
03-13 08:48:39.055  2105  2342 D RenderEngine: [SEC_SF_EFFECTS] drawLayersInternal,1483, Rendering layer NavigationBar0$_4205#130 at index 4
03-13 08:48:39.086 29827 29839 I AdrenoUtils: <ReadGpuID:357>: Reading chip ID through GSL
03-13 08:48:39.087 29827 29827 W qdgralloc: Failed to load libubwcp.so
03-13 08:48:39.128  2097  2125 E HeatmapThread: ECT Thread time in milliseconds: 1773406119
03-13 08:48:39.131  2007 29195 I sensors-hal: handle_sns_client_event:375, [0][493] accel_sample [-0.715,  4.556,  8.478] 233319661561773
03-13 08:48:39.134  2097  2125 D HeatmapThread: !@ batteryplugType : 2
03-13 08:48:39.134  2097  2125 D HeatmapThread: !@ batteryLevel : 100  batteryTemperature : 304 
03-13 08:48:39.134  2097  2125 D HeatmapThread: !@ Heatmap currtime: 29556768
03-13 08:48:39.134  2097  2125 D HeatmapThread: !@ Heatmap prevtime: 29556740
03-13 08:48:39.135  2097  2125 D HeatmapThread: !@ Heatmap plugstarttime: 29556690
03-13 08:48:39.135  2097  2125 D HeatmapThread: !@ Heatmap prevv_dsoh_update_time: 29556750
03-13 08:48:39.135  2097  2125 E HeatmapThread: !@ CAM New BSOH: 100
03-13 08:48:39.135  2097  2125 E HeatmapThread: !@ CAM is Working
03-13 08:48:39.160  2007 27751 I sensors-hal: handle_sns_std_sensor_event:409, [SSC_LIGHT] P: 3(3),c:26,b:10,m:13,cl:0,l:2,s:1,l0:816,l1:64,s0:651,s1:55,acl:1,opr:0.29,f(r):97,u(bl):111,if:0,wi:4,si:5,po:123(N:0)
03-13 08:48:39.255  2053 29219 I StatsHandler: [av1D_673] Stats: Pending(0) i/p-done(0) Works: Q: 28/Done 28|Work-Rate: Q(0.0/s Avg=2.0/s) Done(0.000/s Avg=2.018/s)| Stream: 30.00fps 2.3Mbps
03-13 08:48:39.255  2053 29219 I StatsHandler: [av1D_673] Mem-usage:  [In-1D: 11 bufs 88.000 MB] [1D-2847: 33 bufs 0.516 MB] [2D-2848: 22 bufs 31.453 MB] | Total: 119.969 MB
03-13 08:48:39.366  3003  6708 I ActivityManager: Changes in 10405 6 to 10, 128 to 0
03-13 08:48:39.373  3003  4002 D BackgroundInstallControlService: Package event received: 0
03-13 08:48:39.373  3003  4002 D BackgroundInstallControlService: Package event received: 0
03-13 08:48:39.373  3003  4002 D BackgroundInstallControlService: Package event received: 0
03-13 08:48:39.374  3003  6708 I ActivityManager: Changes in 10405 10 to 6, 0 to 128
03-13 08:48:39.374  3003  4002 D BackgroundInstallControlService: Package event received: 0
03-13 08:48:39.448  4419  4867 D IpClient/wlan0: addressUpdated: 2601:85:ca02:f280:6446:daff:fe17:20b4/64 on ifindex 45 flags 0x00000100 scope 0
03-13 08:48:39.448  4419  4867 D IpClient/wlan0: addressUpdated: 2601:85:ca02:f280:7097:5f9d:9d2d:6a29/64 on ifindex 45 flags 0x00000001 scope 0
03-13 08:48:39.448  4419  4867 W AlarmManager: Unrecognized alarm listener com.android.networkstack.android.net.ip.IpClientLinkObserver$Dhcp6PdPreferredPrefixAlarmListener@c6017d4
03-13 08:48:39.449  4419  4867 D ApfFilter: (wlan0): Ignoring RA RA fe80::c294:35ff:fe71:84fd -> ff02::1 180s 2601:85:ca02:f280::/64 7200s/7200s DNS 180s 2601:85:ca02:f280:c294:35ff:fe71:84fd 2001:558:feed::1 2001:558:feed::2 RIO 180s ::/0  which matches RA fe80::c294:35ff:fe71:84fd -> ff02::1 180s 2601:85:ca02:f280::/64 7200s/7200s DNS 180s 2601:85:ca02:f280:c294:35ff:fe71:84fd 2001:558:feed::1 2001:558:feed::2 RIO 180s ::/0 
03-13 08:48:39.450  4511  4511 I EPDG -- SIM1 [EpdgIntfCont]: sendInterfaceMessage, not mobile, ignore
03-13 08:48:39.452  4511  4511 I EPDG -- SIM1 [EpdgIntfCont]: sendInterfaceMessage, not mobile, ignore
03-13 08:48:39.452  4511  4511 I EPDG -- SIM0 [EpdgIntfCont]: sendInterfaceMessage, not mobile, ignore
03-13 08:48:39.452  4511  4511 I EPDG -- SIM0 [EpdgIntfCont]: sendInterfaceMessage, not mobile, ignore
03-13 08:48:39.700 28258 28284 I appium  : AppiumResponse: {"sessionId":"f57d602b-5c3a-4ec0-9bcb-cdfc3433c509","value":"iVBORw0KGgoAAAANSUhEUgAABDgAAApQCAYAAABYiJrlAAAAAXNSR0IArs4c6QAAAARzQklUCAgICHwIZIgAACAASURBVHic7N13WJPX/z7wO8ywRAQcDBEHioq7alGcVVu1aqs46hZrsdZW29rWWuuqu47Wbd3bWmvrR21dSN1anFTEBSpTcDCVmfP7gx/5ErMhECP367re19U+Oc/JSQIxuTnPORIAAkREREREREREJsz…
03-13 08:48:39.731  3003  4029 I SemWifiLinkQualityMonitor: Link stat: 235 / 12 / 1.00 (18) / 576 / -63.0 || 100.0 : 576.00 / 0.5 : 1.00 / 0.55 : 0.05 / G (G) || 357184ff5785: 0.090 / 89.123 / N || N N / 0 0 / Y 2.0 / Y X 0 / 57403798 0 || Invalid
03-13 08:48:39.733  3003  4030 D InsDataManager: onOutageCountUpdate() - Outage Data: 0, LQ : Y. Outage Triggered: false
03-13 08:48:39.733  3003  4030 D InsDataManager: Trying to save initial normal data.
03-13 08:48:39.733  3003  4030 D SensorCollector: syncMappedBuffers: 0, 0, 49
03-13 08:48:39.734  3003  4030 D InsDataManager: trimBuffers start.
03-13 08:48:39.734  3003  4030 D InsDataManager: trimBuffers - pathBuffer size: 85
03-13 08:48:39.734  3003  4047 D SGM:GameManager: identifyGamePackage. com.instagram.android, mCurrentUserId: 0, callingMethodInfo: com.samsung.android.game.SemGameManager.isGamePackage(SemGameManager.java:106)
03-13 08:48:39.734  3003  7743 D SemWifiUsabilityStatsMonitor: onWifiUsabilityStats - seqNum 14718, isSameBssidAndFreq true
03-13 08:48:39.735  3003  4030 D InsDataManager: trimBuffers - nsmBuffer size: 26
03-13 08:48:39.735  3003  4047 D SGM:SemGameManager: isGamePackage(), pkgName=com.instagram.android, ret=false
03-13 08:48:39.735  3003  4030 D InsDataManager: Too short for collecting additional normal data
03-13 08:48:39.735  3003  4030 D SemInsManager: {"bssid": "357184ff5785","rssi": -63.0,"latency": 0.08976332835077229,"outage_count": 0,"lq_callback_triggered": true,"outage_log": "Link stat: 235 / 12 / 1.00 (18) / 576 / -63.0 || 100.0 : 576.00 / 0.5 : 1.00 / 0.55 : 0.05 / G (G) || 357184ff5785: 0.090 / 89.123 / N || N N / 0 0 / Y 2.0 / Y X 0 / 57403798 0 || Invalid""Magnetic Sensor Events size": "0""Pressure Sensor Events size": "0"}
