--------- beginning of main
03-13 08:45:36.028 24801 24829 I appium  : channel read: GET /session/cbb9b953-21e7-4f9e-aa38-e97f1a0e6972/source
03-13 08:45:36.030 24801 24829 I appium  : Source command
03-13 08:45:36.031 24801 24829 I appium  : Waiting up to 10000ms for the device to idle
03-13 08:45:36.128  2097  2125 E HeatmapThread: ECT Thread time in milliseconds: 1773405936
03-13 08:45:36.133  2097  2125 D HeatmapThread: !@ batteryplugType : 2
03-13 08:45:36.134  2097  2125 D HeatmapThread: !@ batteryLevel : 100  batteryTemperature : 317 
03-13 08:45:36.134  2097  2125 D HeatmapThread: !@ Heatmap currtime: 29556765
03-13 08:45:36.135  2097  2125 D HeatmapThread: !@ Heatmap prevtime: 29556740
03-13 08:45:36.135  2097  2125 D HeatmapThread: !@ Heatmap plugstarttime: 29556690
03-13 08:45:36.135  2097  2125 D HeatmapThread: !@ Heatmap prevv_dsoh_update_time: 29556750
03-13 08:45:36.136  2097  2125 E HeatmapThread: !@ CAM New BSOH: 100
03-13 08:45:36.136  2097  2125 E HeatmapThread: !@ CAM is Working
03-13 08:45:36.150 24801 24829 D CompatChangeReporter: Compat change id reported: 247079863; UID 10393; state: ENABLED
03-13 08:45:36.215 24801 24829 I appium  : AppiumResponse: {"sessionId":"cbb9b953-21e7-4f9e-aa38-e97f1a0e6972","value":"<?xml version='1.0' encoding='UTF-8' standalone='yes' ?>\r\n<hierarchy index=\"0\" class=\"hierarchy\" rotation=\"0\" width=\"1080\" height=\"2640\">\r\n  <android.widget.FrameLayout index=\"0\" package=\"com.instagram.android\" class=\"an…
03-13 08:45:36.228 24801 24829 I appium  : channel read: GET /session/cbb9b953-21e7-4f9e-aa38-e97f1a0e6972/screenshot
03-13 08:45:36.228 24801 24829 I appium  : CaptureScreenshot command
03-13 08:45:36.230 24801 24829 I tomator2.server: hiddenapi: Accessing hidden method Landroid/view/Display;->getAddress()Landroid/view/DisplayAddress; (runtime_flags=0, domain=platform, api=blocked) from Lio/appium/uiautomator2/utils/ReflectionUtils; (domain=app, TargetSdkVersion=34) using reflection: allowed
03-13 08:45:36.230 24801 24829 I tomator2.server: hiddenapi: Accessing hidden method Landroid/view/DisplayAddress$Physical;->getPhysicalDisplayId()J (runtime_flags=0, domain=platform, api=blocked) from Lio/appium/uiautomator2/utils/ReflectionUtils; (domain=app, TargetSdkVersion=34) using reflection: allowed
03-13 08:45:36.251  4419  4867 D IpClient/wlan0: addressUpdated: 2601:85:ca02:f280:6446:daff:fe17:20b4/64 on ifindex 45 flags 0x00000100 scope 0
03-13 08:45:36.253  4511  4511 I EPDG -- SIM1 [EpdgIntfCont]: sendInterfaceMessage, not mobile, ignore
03-13 08:45:36.253  4511  4511 I EPDG -- SIM1 [EpdgIntfCont]: sendInterfaceMessage, not mobile, ignore
03-13 08:45:36.253  4511  4511 I EPDG -- SIM0 [EpdgIntfCont]: sendInterfaceMessage, not mobile, ignore
03-13 08:45:36.253  4511  4511 I EPDG -- SIM0 [EpdgIntfCont]: sendInterfaceMessage, not mobile, ignore
03-13 08:45:36.253  4419  4867 D IpClient/wlan0: addressUpdated: 2601:85:ca02:f280:7097:5f9d:9d2d:6a29/64 on ifindex 45 flags 0x00000001 scope 0
03-13 08:45:36.254  4419  4867 W AlarmManager: Unrecognized alarm listener com.android.networkstack.android.net.ip.IpClientLinkObserver$Dhcp6PdPreferredPrefixAlarmListener@c6017d4
03-13 08:45:36.255  4419  4867 D ApfFilter: (wlan0): Ignoring RA RA fe80::c294:35ff:fe71:84fd -> ff02::1 180s 2601:85:ca02:f280::/64 7200s/7200s DNS 180s 2601:85:ca02:f280:c294:35ff:fe71:84fd 2001:558:feed::1 2001:558:feed::2 RIO 180s ::/0  which matches RA fe80::c294:35ff:fe71:84fd -> ff02::1 180s 2601:85:ca02:f280::/64 7200s/7200s DNS 180s 2601:85:ca02:f280:c294:35ff:fe71:84fd 2001:558:feed::1 2001:558:feed::2 RIO 180s ::/0 
03-13 08:45:36.318 26041 26041 W screencap: Thread Pool max thread count is 0. Cannot cache binder as linkToDeath cannot be implemented. serviceName: SurfaceFlingerAIDL
03-13 08:45:36.318 26041 26041 W BpBinder: Linking to death on android.gui.ISurfaceComposer but there are no threads (yet?) listening to incoming transactions. See ProcessState::startThreadPool and ProcessState::setThreadPoolMaxThreadCount. Generally you should setup the binder threadpool before other initialization steps.
03-13 08:45:36.319 26041 26041 W screencap: Thread Pool max thread count is 0. Cannot cache binder as linkToDeath cannot be implemented. serviceName: edmnativehelper
03-13 08:45:36.319  3003  4415 I EDMNativeHelperService: isScreenCaptureEnabled
--------- beginning of system
03-13 08:45:36.320  3003  4415 D RestrictionPolicy: isScreenCaptureEnabled : ret=true userId=0
03-13 08:45:36.320 26041 26041 W ProcessState: Extra binder thread started, but 0 threads requested. Do not use *startThreadPool when zero threads are requested.
03-13 08:45:36.320 26041 26041 I SurfaceComposerClient: captureDisplay:Display-4630946564756762243
03-13 08:45:36.321  2105  2922 I SurfaceFlinger: Capture layer list: 	 com.instagram.android/com.instagram.mainactivity.InstagramMainActivity$_24916#40759(seamlessTransition:0)
03-13 08:45:36.322  2105  2922 I SurfaceFlinger: Capture layer list: 	 StatusBar$_4205#132(seamlessTransition:0)
03-13 08:45:36.322  2105  2922 I SurfaceFlinger: Capture layer list: 	 com.sec.android.app.launcher/com.samsung.app.honeyspace.edge.edgepanel.app.CocktailBarService$_4832#40662(seamlessTransition:0)
03-13 08:45:36.322  2105  2922 I SurfaceFlinger: Capture layer list: 	 NavigationBar0$_4205#130(seamlessTransition:0)
03-13 08:45:36.322  2105  2922 E HwcComposer: getLuts failed Status(-129, EX_TRANSACTION_FAILED): 'UNKNOWN_TRANSACTION: '
03-13 08:45:36.323  2105  2342 D RenderEngine: [SEC_SF_EFFECTS] drawLayersInternal,1483, Rendering layer ScreenCaptureFillLayer at index 0
03-13 08:45:36.323  2105  2342 D RenderEngine: [SEC_SF_EFFECTS] drawLayersInternal,1483, Rendering layer com.instagram.android/com.instagram.mainactivity.InstagramMainActivity$_24916#40759 at index 1
03-13 08:45:36.323  2105  2342 D RenderEngine: [SEC_SF_EFFECTS] drawLayersInternal,1483, Rendering layer StatusBar$_4205#132 at index 2
03-13 08:45:36.323  2105  2342 D RenderEngine: [SEC_SF_EFFECTS] drawLayersInternal,1483, Rendering layer com.sec.android.app.launcher/com.samsung.app.honeyspace.edge.edgepanel.app.CocktailBarService$_4832#40662 at index 3
03-13 08:45:36.323  2105  2342 D RenderEngine: [SEC_SF_EFFECTS] drawLayersInternal,1483, Rendering layer NavigationBar0$_4205#130 at index 4
03-13 08:45:36.363 26041 26046 I AdrenoUtils: <ReadGpuID:357>: Reading chip ID through GSL
03-13 08:45:36.364 26041 26041 W qdgralloc: Failed to load libubwcp.so
03-13 08:45:36.438  2007 20463 I sensors-hal: handle_sns_client_event:375, [0][9020] accel_sample [-0.180,  8.971,  4.040] 233136991767566
03-13 08:45:36.942  3003  3941 D InetDiagMessage: Destroyed 0 sockets, proto=IPPROTO_TCP, family=AF_INET, states=14
03-13 08:45:36.943  3003  3941 D InetDiagMessage: Destroyed 0 sockets, proto=IPPROTO_TCP, family=AF_INET6, states=14
03-13 08:45:36.943  3003  3941 D InetDiagMessage: Destroyed live tcp sockets for uids={10421} in 1ms
03-13 08:45:36.944  3003  3941 D InetDiagMessage: Destroyed 0 sockets, proto=IPPROTO_TCP, family=AF_INET, states=14
03-13 08:45:36.944  3003  3941 D InetDiagMessage: Destroyed 0 sockets, proto=IPPROTO_TCP, family=AF_INET6, states=14
03-13 08:45:36.945  3003  3941 D InetDiagMessage: Destroyed live tcp sockets for uids={20421} in 1ms
03-13 08:45:36.993 24801 24829 I appium  : AppiumResponse: {"sessionId":"cbb9b953-21e7-4f9e-aa38-e97f1a0e6972","value":"iVBORw0KGgoAAAANSUhEUgAABDgAAApQCAYAAABYiJrlAAAAAXNSR0IArs4c6QAAAARzQklUCAgICHwIZIgAACAASURBVHic7N13WJPX4zbwO8ywFAQcDBFQFBF3HSgqWrXirBVH64a2rlb7bV3Fba2rjtZRtXVvrbW1jlYt4h4VZ0XUioqACIoyZea8f/iSHzGTGaP357rOdcmT85yckBie3DlDAkCAiIiIiIiIiMiAGem…
03-13 08:45:37.087  2007 23807 I sensors-hal: handle_sns_std_sensor_event:409, [SSC_LIGHT] P: 3(3),c:26,b:17,m:13,cl:0,l:0,s:4,l0:544,l1:48,s0:409,s1:0,acl:1,opr:0.29,f(r):97,u(bl):111,if:0,wi:3,si:4,po:125(N:0)
03-13 08:45:37.127  3003  4771 I ActivityManager: Changes in 10405 6 to 10, 128 to 0
03-13 08:45:37.128  2097  2125 E HeatmapThread: ECT Thread time in milliseconds: 1773405937
03-13 08:45:37.136  3003  4002 D BackgroundInstallControlService: Package event received: 0
03-13 08:45:37.137  2097  2125 D HeatmapThread: !@ batteryplugType : 2
03-13 08:45:37.137  2097  2125 D HeatmapThread: !@ batteryLevel : 100  batteryTemperature : 317 
03-13 08:45:37.137  2097  2125 D HeatmapThread: !@ Heatmap currtime: 29556765
03-13 08:45:37.138  2097  2125 D HeatmapThread: !@ Heatmap prevtime: 29556740
03-13 08:45:37.138  2097  2125 D HeatmapThread: !@ Heatmap plugstarttime: 29556690
03-13 08:45:37.138  2097  2125 D HeatmapThread: !@ Heatmap prevv_dsoh_update_time: 29556750
03-13 08:45:37.138  3003  4002 D BackgroundInstallControlService: Package event received: 0
03-13 08:45:37.138  2097  2125 E HeatmapThread: !@ CAM New BSOH: 100
03-13 08:45:37.138  2097  2125 E HeatmapThread: !@ CAM is Working
03-13 08:45:37.139  3003  4415 I ActivityManager: Changes in 10405 10 to 6, 0 to 128
03-13 08:45:37.139  3003  4002 D BackgroundInstallControlService: Package event received: 0
03-13 08:45:37.139  3003  4002 D BackgroundInstallControlService: Package event received: 0
03-13 08:45:37.150  2105  2922 I VSyncReactor: Current= 60, Period= 60, Distance= 1
03-13 08:45:37.166  2105  2922 I VSyncReactor: Current= 60, Period= 60, Distance= 60
03-13 08:45:37.345  2007 12669 I sensors-hal: handle_sns_client_event:197, auto_rotation_debug_2 mode,255, type,1,0 acc,-0.378,8.605,4.872, ar,0, h_ic,0,0, s,2, ver,14, pedo,1,e,1,i,3
03-13 08:45:37.534 24916 25581 D BufferPoolAccessor2.0: bufferpool2 0xb4000070df9abd08 : 0(0 size) total buffers - 0(0 size) used buffers - 367/379 (recycle/alloc) - 12/556 (fetch/transfer)
03-13 08:45:37.534 24916 25581 D BufferPoolAccessor2.0: evictor expired: 1, evicted: 1
03-13 08:45:37.638  2053 25585 I StatsHandler: [av1D_651] Stats: Pending(0) i/p-done(0) Works: Q: 28/Done 28|Work-Rate: Q(0.0/s Avg=1.9/s) Done(0.000/s Avg=1.888/s)| Stream: 30.00fps 2.3Mbps
03-13 08:45:37.639  2053 25585 I StatsHandler: [av1D_651] Mem-usage:  [In-1D: 11 bufs 88.000 MB] [1D-2815: 33 bufs 0.516 MB] [2D-2816: 22 bufs 31.453 MB] | Total: 119.969 MB
03-13 08:45:37.700  4184  4797 D SatelliteController: isInCarrierRoamingNbIotNtn: satellite is disabled
03-13 08:45:37.821  5224  8417 W Settings: Setting airplane_mode_on has moved from android.provider.Settings.System to android.provider.Settings.Global, returning read-only value.
03-13 08:45:37.824  5224  8417 W Settings: Setting airplane_mode_on has moved from android.provider.Settings.System to android.provider.Settings.Global, returning read-only value.
03-13 08:45:37.825  5224  8417 W System.err: java.lang.IllegalStateException: Must Set MultiProcessSharedProvider Authority
03-13 08:45:37.825  5224  8417 W System.err: 	at X.0nO.LC(SourceFile:16777406)
03-13 08:45:37.825  5224  8417 W System.err: 	at X.0nO.LB(SourceFile:50331655)
03-13 08:45:37.825  5224  8417 W System.err: 	at X.0nN.LB(SourceFile:33554453)
03-13 08:45:37.825  5224  8417 W System.err: 	at X.1sE.LB(SourceFile:50331679)
03-13 08:45:37.825  5224  8417 W System.err: 	at X.28I.onConnection(SourceFile:16777223)
03-13 08:45:37.825  5224  8417 W System.err: 	at X.29f.L(SourceFile:50331721)
03-13 08:45:37.825  5224  8417 W System.err: 	at X.0yG.run(SourceFile:104)
03-13 08:45:37.825  5224  8417 W System.err: 	at android.os.Handler.handleCallback(Handler.java:995)
03-13 08:45:37.825  5224  8417 W System.err: 	at android.os.Handler.dispatchMessage(Handler.java:103)
03-13 08:45:37.825  5224  8417 W System.err: 	at ni.a.dispatchMessage(SourceFile:16777216)
03-13 08:45:37.825  5224  8417 W System.err: 	at android.os.Looper.loopOnce(Looper.java:273)
03-13 08:45:37.826  5224  8417 W System.err: 	at android.os.Looper.loop(Looper.java:363)
03-13 08:45:37.826  5224  8417 W System.err: 	at android.os.HandlerThread.run(HandlerThread.java:85)
03-13 08:45:37.869  3003  5506 I NSLocationMonitor: getGPSUsingApps() called
03-13 08:45:37.869  5490 20244 I NSLocationManager_FLP: getGPSUsingApps, No change
03-13 08:45:37.876  3003  7743 D SemWifiUsabilityStatsMonitor: onWifiUsabilityStats - seqNum 14661, isSameBssidAndFreq true
03-13 08:45:37.877  3003  4029 I SemWifiLinkQualityMonitor: Link stat: 134 / 3 / 1.00 (1) / 864 / -57.0 || 100.0 : 864.00 / 0.5 : 1.00 / 0.55 : 0.02 / G (G) || 357184ff5785: 0.083 / 96.492 / N || N N / 0 0 / Y 2.0 / Y X 0 / 57221943 0 || Invalid
03-13 08:45:37.878  3003  4030 D InsDataManager: onOutageCountUpdate() - Outage Data: 0, LQ : Y. Outage Triggered: false
03-13 08:45:37.878  3003  4030 D InsDataManager: Trying to save initial normal data.
03-13 08:45:37.878  3003  4030 D SensorCollector: syncMappedBuffers: 0, 0, 49
03-13 08:45:37.878  3003  4030 D InsDataManager: trimBuffers start.
03-13 08:45:37.878  3003  4030 D InsDataManager: trimBuffers - pathBuffer size: 85
03-13 08:45:37.878  3003  4030 D InsDataManager: trimBuffers - nsmBuffer size: 26
03-13 08:45:37.878  3003  4030 D InsDataManager: Too short for collecting additional normal data
03-13 08:45:37.878  3003  4030 D SemInsManager: {"bssid": "357184ff5785","rssi": -57.0,"latency": 0.08290811422109132,"outage_count": 0,"lq_callback_triggered": true,"outage_log": "Link stat: 134 / 3 / 1.00 (1) / 864 / -57.0 || 100.0 : 864.00 / 0.5 : 1.00 / 0.55 : 0.02 / G (G) || 357184ff5785: 0.083 / 96.492 / N || N N / 0 0 / Y 2.0 / Y X 0 / 57221943 0 || Invalid""Magnetic Sensor Events size": "0""Pressure Sensor Events size": "0"}
03-13 08:45:37.880  3003  4047 D SGM:GameManager: identifyGamePackage. com.instagram.android, mCurrentUserId: 0, callingMethodInfo: com.samsung.android.game.SemGameManager.isGamePackage(SemGameManager.java:106)
03-13 08:45:37.880  3003  4047 D SGM:SemGameManager: isGamePackage(), pkgName=com.instagram.android, ret=false
03-13 08:45:37.881  3003  5506 D MARs:ActiveTrafficFilter: filter : com.instagram.barcelona(0)
03-13 08:45:37.881  3003  5506 D FreecessHandler: freeze com.instagram.barcelona(10421) result : 8
03-13 08:45:37.887  1171  1171 D io_stats: !@ Write_top(KB): system_server(3003) 8
03-13 08:45:38.128  2097  2125 E HeatmapThread: ECT Thread time in milliseconds: 1773405938
03-13 08:45:38.134  2097  2125 D HeatmapThread: !@ batteryplugType : 2
03-13 08:45:38.134  2097  2125 D HeatmapThread: !@ batteryLevel : 100  batteryTemperature : 317 
03-13 08:45:38.134  2097  2125 D HeatmapThread: !@ Heatmap currtime: 29556765
03-13 08:45:38.134  2097  2125 D HeatmapThread: !@ Heatmap prevtime: 29556740
03-13 08:45:38.134  2097  2125 D HeatmapThread: !@ Heatmap plugstarttime: 29556690
03-13 08:45:38.134  2097  2125 D HeatmapThread: !@ Heatmap prevv_dsoh_update_time: 29556750
03-13 08:45:38.134  2097  2125 E HeatmapThread: !@ CAM New BSOH: 100
03-13 08:45:38.134  2097  2125 E HeatmapThread: !@ CAM is Working
03-13 08:45:38.162  6239  6239 I SSS     : [ChatRoomComponentManager] onNoTranslatableMessage[-72957977]: 21/48
03-13 08:45:38.322 25850 25859 W ecovery_process: userfaultfd: MOVE ioctl seems unsupported: Connection timed out
03-13 08:45:38.450  2007 20463 I sensors-hal: handle_sns_client_event:375, [0][9111] accel_sample [-0.583,  8.812,  4.024] 233139003495535
03-13 08:45:38.487  2447  2447 I CNSS    : /sys/wifi/max_chipset_log_size doesn't exist
03-13 08:45:38.533  2053  2901 D BufferPoolAccessor2.0: evictor expired: 2, evicted: 0
03-13 08:45:38.535 24916 25581 D BufferPoolAccessor2.0: bufferpool2 0xb4000070dfa229e8 : 0(0 size) total buffers - 0(0 size) used buffers - 321/334 (recycle/alloc) - 13/492 (fetch/transfer)
03-13 08:45:38.535 24916 25581 D BufferPoolAccessor2.0: evictor expired: 1, evicted: 1
03-13 08:45:38.650  3003  4771 I ActivityManager: Changes in 10405 6 to 10, 128 to 0
03-13 08:45:38.659  3003  4002 D BackgroundInstallControlService: Package event received: 0
03-13 08:45:38.659  3003  4771 I ActivityManager: Changes in 10405 10 to 6, 0 to 128
03-13 08:45:38.660  3003  4002 D BackgroundInstallControlService: Package event received: 0
03-13 08:45:38.660  3003  4002 D BackgroundInstallControlService: Package event received: 0
03-13 08:45:38.660  3003  4002 D BackgroundInstallControlService: Package event received: 0
03-13 08:45:38.840  3003  5506 I NSLocationMonitor: getGPSUsingApps() called
03-13 08:45:38.841  5490 20244 I NSLocationManager_FLP: getGPSUsingApps, No change
03-13 08:45:38.849  3003  5506 D MARs:ActiveTrafficFilter: filter : com.google.android.apps.tachyon(0)
03-13 08:45:38.850  3003  5506 D FreecessHandler: freeze com.google.android.apps.tachyon(10268) result : 8
03-13 08:45:38.850  3003  5506 I NSLocationMonitor: getGPSUsingApps() called
03-13 08:45:38.850  5490 20244 I NSLocationManager_FLP: getGPSUsingApps, No change
03-13 08:45:38.856  3003  5506 D MARs:ActiveTrafficFilter: filter : com.google.android.apps.magazines(0)
03-13 08:45:38.857  3003  5506 D FreecessHandler: freeze com.google.android.apps.magazines(10412) result : 8
03-13 08:45:38.857  3003  5506 I NSLocationMonitor: getGPSUsingApps() called
03-13 08:45:38.857  5490 20244 I NSLocationManager_FLP: getGPSUsingApps, No change
03-13 08:45:38.862  3003  5506 D MARs:ActiveTrafficFilter: filter : com.google.android.apps.photos(0)
03-13 08:45:38.862  3003  5506 D FreecessHandler: freeze com.google.android.apps.photos(10331) result : 8
03-13 08:45:38.919  2007  3645 I sensors-hal: handle_sns_client_event:182, lid_angle_fusion ts=233139484950847 ns value 3/166/3 166/3  -1/-1     0/    0/    0 (0/0/1/1 -3.130/6.815/7.399 -2.766/7.518/7.872 17)
03-13 08:45:38.959  2007 12669 I sensors-hal: handle_sns_client_event:94, folding_angle ts=233139524945014 ns value 150/0 (0/0/1/1 -2.924/6.408/7.298 -0.991/8.112/4.704 23 0)
03-13 08:45:38.959  2007  3645 I sensors-hal: handle_sns_client_event:182, lid_angle_fusion ts=233139524943972 ns value 2/150/3 150/3  -1/-1     0/    0/    0 (0/0/1/1 -1.976/5.489/5.594 -0.919/8.724/4.159 15)
03-13 08:45:38.959  2007  3645 I sensors-hal: handle_sns_client_event:206, lid_angle_fusion submit_sensors_hal_event 2/150/3 150/3
03-13 08:45:38.964  3003  3003 D DeviceStatePolicy: notifyDeviceStateChangedIfNeeded: newState=2, lastState=3, caller=com.android.server.policy.FlexibleDeviceStatePolicy.adjustState:57 com.android.server.policy.FlexibleDeviceStateProvider.notifyDeviceStateChangedIfNeeded:90 com.android.server.policy.FlexibleDeviceStateProvider.onSensorChanged:21 
03-13 08:45:38.964  3003  3003 D DeviceStateManagerService: onStateChanged identifier = 2
03-13 08:45:38.964  3003  3003 I DeviceStateManagerService: Cannot notify device state info change when pending state is present.
03-13 08:45:38.965  3003  3067 D DeviceStateManagerService: Committing state: DeviceState{identifier=2, name='HALF_OPENED', app_accessible=true, cancel_when_requester_not_on_top=false}
03-13 08:45:38.969  3003  3067 D DeviceStateManagerGlobal: handleDeviceStateInfoChanged state=DeviceState{identifier=2, name='HALF_OPENED', app_accessible=true, cancel_when_requester_not_on_top=false}, baseState=DeviceState{identifier=2, name='HALF_OPENED', app_accessible=true, cancel_when_requester_not_on_top=false}
03-13 08:45:38.970  3003  3647 I CameraService_worker: Fold state changed, DeviceState{identifier=2, name='HALF_OPENED', app_accessible=true, cancel_when_requester_not_on_top=false}
03-13 08:45:38.970  3003  3647 V CameraService_worker: Same device state has coming. skip
03-13 08:45:38.970  4205  4670 D DeviceStateManagerGlobal: handleDeviceStateInfoChanged state=DeviceState{identifier=2, name='HALF_OPENED', app_accessible=true, cancel_when_requester_not_on_top=false}, baseState=DeviceState{identifier=2, name='HALF_OPENED', app_accessible=true, cancel_when_requester_not_on_top=false}
03-13 08:45:38.970  4184  6899 D DeviceStateManagerGlobal: handleDeviceStateInfoChanged state=DeviceState{identifier=2, name='HALF_OPENED', app_accessible=true, cancel_when_requester_not_on_top=false}, baseState=DeviceState{identifier=2, name='HALF_OPENED', app_accessible=true, cancel_when_requester_not_on_top=false}
03-13 08:45:38.971  3003  3003 I Telecom : SamsungFoldStateManagerAdapterImpl : DeviceStateCallback - onDeviceStateChanged : DeviceState{identifier=2, name='HALF_OPENED', app_accessible=true, cancel_when_requester_not_on_top=false}
03-13 08:45:38.971  4205  4205 D FlexPanelStartController: OnDeviceStateChanged: mIsTableMode=false, isTableMode=true
03-13 08:45:38.971  4205  4205 D FlexPanelStartController: onFoldStateTableModeChanged: isTableMode=true
03-13 08:45:38.974  4360  4360 I SprWallpaper|FoldInteractive: onDeviceStateChanged: newState[2]
03-13 08:45:38.975  5338  5338 I FoldStateManager: onTableModeChanged: true
03-13 08:45:38.975  4832 27778 I HoneySpace.ExtraDisplaySource: onStateChanged, state = 2
03-13 08:45:38.975  5338  5338 I FoldStateManager: updateTableMode: isTableMode = true
03-13 08:45:38.975  4832 23102 I HoneySpace.ExtraDisplaySource: onStateChanged, state = 2
03-13 08:45:38.975  6272  6411 D DeviceStateManagerGlobal: handleDeviceStateInfoChanged state=DeviceState{identifier=2, name='HALF_OPENED', app_accessible=true, cancel_when_requester_not_on_top=false}, baseState=DeviceState{identifier=2, name='HALF_OPENED', app_accessible=true, cancel_when_requester_not_on_top=false}
03-13 08:45:38.976 24916 25115 D DeviceStateManagerGlobal: handleDeviceStateInfoChanged state=DeviceState{identifier=2, name='HALF_OPENED', app_accessible=true, cancel_when_requester_not_on_top=false}, baseState=DeviceState{identifier=2, name='HALF_OPENED', app_accessible=true, cancel_when_requester_not_on_top=false}
03-13 08:45:38.977  3003  3067 D WindowManager: onStateChanged, state=2
03-13 08:45:38.977  4832 27778 I HoneySpace.ExtraDisplaySource: ExtraDisplayInfo(rotation=0, displayId=1, displaySize=Point(748, 720), displayCutout=DisplayCutout{insets=Rect(0, 0 - 0, 66) waterfall=Insets{left=0, top=0, right=0, bottom=0} boundingRect={Bounds=[Rect(0, 0 - 0, 0), Rect(0, 0 - 0, 0), Rect(0, 0 - 0, 0), Rect(379, 654 - 748, 720)]} cutoutPathParserInfo={CutoutPathParserInfo{displayWidth=748 displayHeight=720 physicalDisplayWidth=748 physicalDisplayHeight=720 density={2.125} cutoutSpec={@bottom @right M 0,0 H -173.6470588235294 V -31.05882352941176 H 0 V 0 Z @dp} rotation={0} scale={1.0} physicalPixelDisplaySizeRatio={1.0}}} sideOverrides={}}, foldState=2)
03-13 08:45:38.977  4832 23102 I HoneySpace.ExtraDisplaySource: ExtraDisplayInfo(rotation=0, displayId=1, displaySize=Point(748, 720), displayCutout=DisplayCutout{insets=Rect(0, 0 - 0, 66) waterfall=Insets{left=0, top=0, right=0, bottom=0} boundingRect={Bounds=[Rect(0, 0 - 0, 0), Rect(0, 0 - 0, 0), Rect(0, 0 - 0, 0), Rect(379, 654 - 748, 720)]} cutoutPathParserInfo={CutoutPathParserInfo{displayWidth=748 displayHeight=720 physicalDisplayWidth=748 physicalDisplayHeight=720 density={2.125} cutoutSpec={@bottom @right M 0,0 H -173.6470588235294 V -31.05882352941176 H 0 V 0 Z @dp} rotation={0} scale={1.0} physicalPixelDisplaySizeRatio={1.0}}} sideOverrides={}}, foldState=2)
03-13 08:45:38.977  3003  3067 I LogicalDisplayMapper: Requesting Transition to state: 2, from state=3, interactive=true, mBootCompleted=true, wakeDevice=false, sleepDevice=false
03-13 08:45:38.977  3003  3067 I LogicalDisplayMapper: Applying layout: [{dispId: 0(ON), displayGroupName: , addr: {port=131, model=0x40446d5d66246e}, mThermalBrightnessThrottlingMapId: null, mRefreshRateZoneId: null, mLeadDisplayId: -1, mLeadDisplayAddress: null, mThermalRefreshRateThrottlingMapId: null, mPowerThrottlingMapId: null}, {dispId: 1(OFF), displayGroupName: , addr: {port=132, model=0x40446d6e9178a2}, mThermalBrightnessThrottlingMapId: null, mRefreshRateZoneId: null, mLeadDisplayId: -1, mLeadDisplayAddress: null, mThermalRefreshRateThrottlingMapId: null, mPowerThrottlingMapId: null}], Previous layout: [{dispId: 0(ON), displayGroupName: , addr: {port=131, model=0x40446d5d66246e}, mThermalBrightnessThrottlingMapId: null, mRefreshRateZoneId: null, mLeadDisplayId: -1, mLeadDisplayAddress: null, mThermalRefreshRateThrottlingMapId: null, mPowerThrottlingMapId: null}, {dispId: 1(OFF), displayGroupName: , addr: {port=132, model=0x40446d6e9178a2}, mThermalBrightnessThrottlingMapId: null, mRefreshRateZoneId: null, mLeadDisplayId: -1, mLeadDisplayAddress: null, mThermalRefreshRateThrottlingMapId: null, mPowerThrottlingMapId: null}]
03-13 08:45:38.977  3003  3067 D LogicalDisplayMapper: applyLayoutLocked[0], oldDisplay=0, newDisplay=0, displayLayout={dispId: 0(ON), displayGroupName: , addr: {port=131, model=0x40446d5d66246e}, mThermalBrightnessThrottlingMapId: null, mRefreshRateZoneId: null, mLeadDisplayId: -1, mLeadDisplayAddress: null, mThermalRefreshRateThrottlingMapId: null, mPowerThrottlingMapId: null}
03-13 08:45:38.978  3003  3067 D LogicalDisplayMapper: applyLayoutLocked[1], oldDisplay=1, newDisplay=1, displayLayout={dispId: 1(OFF), displayGroupName: , addr: {port=132, model=0x40446d6e9178a2}, mThermalBrightnessThrottlingMapId: null, mRefreshRateZoneId: null, mLeadDisplayId: -1, mLeadDisplayAddress: null, mThermalRefreshRateThrottlingMapId: null, mPowerThrottlingMapId: null}
03-13 08:45:38.977  4832 27778 I HoneySpace.DeviceStateUseCase: changed: THREE_BUTTON, 144, true, false, DisplayInfo(rotation=0, displayId=0, displaySize=Point(1080, 2640), displayCutout=DisplayCutout{insets=Rect(0, 94 - 0, 0) waterfall=Insets{left=0, top=0, right=0, bottom=0} boundingRect={Bounds=[Rect(0, 0 - 0, 0), Rect(505, 0 - 576, 94), Rect(0, 0 - 0, 0), Rect(0, 0 - 0, 0)]} cutoutPathParserInfo={CutoutPathParserInfo{displayWidth=1080 displayHeight=2640 physicalDisplayWidth=1080 physicalDisplayHeight=2640 density={3.0} cutoutSpec={M 0,0 H -11.83333333333333 V 31.33333333333333 H 11.83333333333333 V 0 H 0 Z @dp} rotation={0} scale={1.0} physicalPixelDisplaySizeRatio={1.0}}} sideOverrides={}}, isNavCanMove=true, isTablet=false), ExtraDisplayInfo(rotation=0, displayId=1, displaySize=Point(748, 720), displayCutout=DisplayCutout{insets=Rect(0, 0 - 0, 66) waterfall=Insets{left=0, top=0, right=0, bottom=0} boundingRect={Bounds=[Rect(0, 0 - 0, 0), Rect(0, 0 - 0, 0), Rect(0, 0 - 0, 0), Rect(379, 654 - 748, 720)]} cutoutPathParserInfo={CutoutPathParserInfo{displayWidth=748 displayHeight=720 physicalDisplayWidth=748 physicalDisplayHeight=720 density={2.125} cutoutSpec={@bottom @right M 0,0 H -173.6470588235294 V -31.05882352941176 H 0 V 0 Z @dp} rotation={0} scale={1.0} physicalPixelDisplaySizeRatio={1.0}}} sideOverrides={}}, foldState=2), false
03-13 08:45:38.978  4832  4896 I HoneySpace.TopTaskSource: FoldState updated(2). updateRunningTasks
03-13 08:45:38.978  3003  3067 D VibratorManagerService: onTableModeChanged. isTableMode=true
03-13 08:45:38.980  4205  4205 I KeyguardUpdateMonitor: onTableModeChanged. mIsTableMode = false, isTableMode = true
03-13 08:45:38.980  4205  4205 I SubScreenManager:  onDeviceStateChanged DeviceState{identifier=2, name='HALF_OPENED', app_accessible=true, cancel_when_requester_not_on_top=false}
03-13 08:45:38.980  4205  4205 I SubScreenManager: onDeviceStateChanged() 
03-13 08:45:38.980  4205  4205 I SubLauncher:SubLauncherStateManager@232606011: setTentMode: 3 -> 2 
03-13 08:45:38.980  4205  4205 I FoldStateManager: onTableModeChanged: true
03-13 08:45:38.980  4205  4205 I FoldStateManager: updateTableMode: isTableMode = true
03-13 08:45:38.985  3003  5506 I NSLocationMonitor: getGPSUsingApps() called
03-13 08:45:38.986  5490 20244 I NSLocationManager_FLP: getGPSUsingApps, No change
03-13 08:45:38.991  3003  5506 D MARs:ActiveTrafficFilter: filter : com.google.android.gm(0)
03-13 08:45:38.991  3003  5506 D FreecessHandler: freeze com.google.android.gm(10275) result : 8
03-13 08:45:38.999  2007 12669 I sensors-hal: handle_sns_client_event:94, folding_angle ts=233139564950743 ns value 123/0 (0/0/1/1 -0.038/1.479/-3.412 -1.316/9.648/2.809 20 0)
03-13 08:45:38.999  2007  3645 I sensors-hal: handle_sns_client_event:182, lid_angle_fusion ts=233139564945795 ns value 2/123/3 123/3  -1/-1     0/    0/    0 (0/0/1/1 -0.723/0.134/-5.781 -1.503/9.050/5.326 12)
03-13 08:45:39.000  3003  3067 D InputManager: mFoldingAngleListener: state changed, angle = 123.0, state = 1
03-13 08:45:39.039  2007 12669 I sensors-hal: handle_sns_client_event:94, folding_angle ts=233139604948816 ns value 101/0 (0/0/1/1 -1.172/-0.134/-13.816 -1.871/7.647/5.762 18 0)
03-13 08:45:39.039  2007  3645 I sensors-hal: handle_sns_client_event:182, lid_angle_fusion ts=233139604944910 ns value 2/101/3 101/3  -1/-1     0/    0/    0 (0/0/1/1 -1.005/0.632/-15.084 -1.900/7.035/4.934 10)
03-13 08:45:39.079  4832 27778 I HoneySpace.DeviceStateUseCase: update: DeviceState(naviMode=THREE_BUTTON, navigationBarHeight=144, hint=true, transparentHint=false, rotation=0, displayId=0, displaySize=Point(1080, 2640), displayCutout=DisplayCutout{insets=Rect(0, 94 - 0, 0) waterfall=Insets{left=0, top=0, right=0, bottom=0} boundingRect={Bounds=[Rect(0, 0 - 0, 0), Rect(505, 0 - 576, 94), Rect(0, 0 - 0, 0), Rect(0, 0 - 0, 0)]} cutoutPathParserInfo={CutoutPathParserInfo{displayWidth=1080 displayHeight=2640 physicalDisplayWidth=1080 physicalDisplayHeight=2640 density={3.0} cutoutSpec={M 0,0 H -11.83333333333333 V 31.33333333333333 H 11.83333333333333 V 0 H 0 Z @dp} rotation={0} scale={1.0} physicalPixelDisplaySizeRatio={1.0}}} sideOverrides={}}, isNavCanMove=true, isTablet=false, extraDisplayInfo=ExtraDisplayInfo(rotation=0, displayId=1, displaySize=Point(748, 720), displayCutout=DisplayCutout{insets=Rect(0, 0 - 0, 66) waterfall=Insets{left=0, top=0, right=0, bottom=0} boundingRect={Bounds=[Rect(0, 0 - 0, 0), Rect(0, 0 - 0, 0), Rect(0, 0 - 0, 0), Rect(379, 654 - 748, 720)]} cutoutPathParserInfo={CutoutPathParserInfo{displayWidth=748 displayHeight=720 physicalDisplayWidth=748 physicalDisplayHeight=720 density={2.125} cutoutSpec={@bottom @right M 0,0 H -173.6470588235294 V -31.05882352941176 H 0 V 0 Z @dp} rotation={0} scale={1.0} physicalPixelDisplaySizeRatio={1.0}}} sideOverrides={}}, foldState=2), enableOverlayWindow=false)
03-13 08:45:39.079  4832  4832 I HoneySpace.GestureInputHandler: deviceState changed DeviceState(naviMode=THREE_BUTTON, navigationBarHeight=144, hint=true, transparentHint=false, rotation=0, displayId=0, displaySize=Point(1080, 2640), displayCutout=DisplayCutout{insets=Rect(0, 94 - 0, 0) waterfall=Insets{left=0, top=0, right=0, bottom=0} boundingRect={Bounds=[Rect(0, 0 - 0, 0), Rect(505, 0 - 576, 94), Rect(0, 0 - 0, 0), Rect(0, 0 - 0, 0)]} cutoutPathParserInfo={CutoutPathParserInfo{displayWidth=1080 displayHeight=2640 physicalDisplayWidth=1080 physicalDisplayHeight=2640 density={3.0} cutoutSpec={M 0,0 H -11.83333333333333 V 31.33333333333333 H 11.83333333333333 V 0 H 0 Z @dp} rotation={0} scale={1.0} physicalPixelDisplaySizeRatio={1.0}}} sideOverrides={}}, isNavCanMove=true, isTablet=false, extraDisplayInfo=ExtraDisplayInfo(rotation=0, displayId=1, displaySize=Point(748, 720), displayCutout=DisplayCutout{insets=Rect(0, 0 - 0, 66) waterfall=Insets{left=0, top=0, right=0, bottom=0} boundingRect={Bounds=[Rect(0, 0 - 0, 0), Rect(0, 0 - 0, 0), Rect(0, 0 - 0, 0), Rect(379, 654 - 748, 720)]} cutoutPathParserInfo={CutoutPathParserInfo{displayWidth=748 displayHeight=720 physicalDisplayWidth=748 physicalDisplayHeight=720 density={2.125} cutoutSpec={@bottom @right M 0,0 H -173.6470588235294 V -31.05882352941176 H 0 V 0 Z @dp} rotation={0} scale={1.0} physicalPixelDisplaySizeRatio={1.0}}} sideOverrides={}}, foldState=2), enableOverlayWindow=false)
03-13 08:45:39.079  4832  4832 I HoneySpace.RegionManagerImpl: changeTouchRegion() called with: com.honeyspace.gesture.region.NoGestureTouchRegion@8777c0c to DeviceState(naviMode=THREE_BUTTON, navigationBarHeight=144, hint=true, transparentHint=false, rotation=0, displayId=0, displaySize=Point(1080, 2640), displayCutout=DisplayCutout{insets=Rect(0, 94 - 0, 0) waterfall=Insets{left=0, top=0, right=0, bottom=0} boundingRect={Bounds=[Rect(0, 0 - 0, 0), Rect(505, 0 - 576, 94), Rect(0, 0 - 0, 0), Rect(0, 0 - 0, 0)]} cutoutPathParserInfo={CutoutPathParserInfo{displayWidth=1080 displayHeight=2640 physicalDisplayWidth=1080 physicalDisplayHeight=2640 density={3.0} cutoutSpec={M 0,0 H -11.83333333333333 V 31.33333333333333 H 11.83333333333333 V 0 H 0 Z @dp} rotation={0} scale={1.0} physicalPixelDisplaySizeRatio={1.0}}} sideOverrides={}}, isNavCanMove=true, isTablet=false, extraDisplayInfo=ExtraDisplayInfo(rotation=0, displayId=1, displaySize=Point(748, 720), displayCutout=DisplayCutout{insets=Rect(0, 0 - 0, 66) waterfall=Insets{left=0, top=0, right=0, bottom=0} boundingRect={Bounds=[Rect(0, 0 - 0, 0), Rect(0, 0 - 0, 0), Rect(0, 0 - 0, 0), Rect(379, 654 - 748, 720)]} cutoutPathParserInfo={CutoutPathParserInfo{displayWidth=748 displayHeight=720 physicalDisplayWidth=748 physicalDisplayHeight=720 density={2.125} cutoutSpec={@bottom @right M 0,0 H -173.6470588235294 V -31.05882352941176 H 0 V 0 Z @dp} rotation={0} scale={1.0} physicalPixelDisplaySizeRatio={1.0}}} sideOverrides={}}, foldState=2), enableOverlayWindow=false)
03-13 08:45:39.079  2007 12669 I sensors-hal: handle_sns_client_event:94, folding_angle ts=233139644953764 ns value  90/0 (0/0/1/1 -2.556/1.488/-16.319 -1.574/7.107/3.632 16 0)
03-13 08:45:39.079  2007  3645 I sensors-hal: handle_sns_client_event:182, lid_angle_fusion ts=233139644952202 ns value 2/ 90/1  90/1  -1/-1     0/    0/    0 (0/0/1/1 -3.206/1.685/-14.745 -2.508/7.810/3.407 7)
03-13 08:45:39.080  3003  4415 D TspStateManager: holeName: HomeGesture, direction: 0, startY: 0, endY: 0
03-13 08:45:39.081  4832  4832 I DeadZoneHole: resetDeadZoneHole
03-13 08:45:39.081  4832  4832 I HoneySpace.RegionManagerImpl: resetSwipeRegion. RectF(0.0, 0.0, 0.0, 0.0), RectF(0.0, 0.0, 0.0, 0.0)
03-13 08:45:39.128  2097  2125 E HeatmapThread: ECT Thread time in milliseconds: 1773405939
03-13 08:45:39.134  2097  2125 D HeatmapThread: !@ batteryplugType : 2
03-13 08:45:39.134  2097  2125 D HeatmapThread: !@ batteryLevel : 100  batteryTemperature : 317 
03-13 08:45:39.134  2097  2125 D HeatmapThread: !@ Heatmap currtime: 29556765
03-13 08:45:39.134  2097  2125 D HeatmapThread: !@ Heatmap prevtime: 29556740
03-13 08:45:39.135  2097  2125 D HeatmapThread: !@ Heatmap plugstarttime: 29556690
03-13 08:45:39.135  2097  2125 D HeatmapThread: !@ Heatmap prevv_dsoh_update_time: 29556750
03-13 08:45:39.135  2097  2125 E HeatmapThread: !@ CAM New BSOH: 100
03-13 08:45:39.135  2097  2125 E HeatmapThread: !@ CAM is Working
03-13 08:45:39.202  3003  5506 I NSLocationMonitor: getGPSUsingApps() called
03-13 08:45:39.203  5490 20244 I NSLocationManager_FLP: getGPSUsingApps, No change
03-13 08:45:39.211  3003  5506 D MARs:ActiveTrafficFilter: filter : com.samsung.knox.securefolder(0)
03-13 08:45:39.211  3003  5506 D FreecessHandler: freeze com.samsung.knox.securefolder(10132) result : 8
03-13 08:45:39.220  4419  4867 D IpClient/wlan0: addressUpdated: 2601:85:ca02:f280:6446:daff:fe17:20b4/64 on ifindex 45 flags 0x00000100 scope 0
03-13 08:45:39.220  4419  4867 D IpClient/wlan0: addressUpdated: 2601:85:ca02:f280:7097:5f9d:9d2d:6a29/64 on ifindex 45 flags 0x00000001 scope 0
03-13 08:45:39.221  4419  4867 W AlarmManager: Unrecognized alarm listener com.android.networkstack.android.net.ip.IpClientLinkObserver$Dhcp6PdPreferredPrefixAlarmListener@c6017d4
03-13 08:45:39.225  4511  4511 I EPDG -- SIM1 [EpdgIntfCont]: sendInterfaceMessage, not mobile, ignore
03-13 08:45:39.225  4419  4867 D ApfFilter: (wlan0): Ignoring RA RA fe80::c294:35ff:fe71:84fd -> ff02::1 180s 2601:85:ca02:f280::/64 7200s/7200s DNS 180s 2601:85:ca02:f280:c294:35ff:fe71:84fd 2001:558:feed::1 2001:558:feed::2 RIO 180s ::/0  which matches RA fe80::c294:35ff:fe71:84fd -> ff02::1 180s 2601:85:ca02:f280::/64 7200s/7200s DNS 180s 2601:85:ca02:f280:c294:35ff:fe71:84fd 2001:558:feed::1 2001:558:feed::2 RIO 180s ::/0 
03-13 08:45:39.226  4511  4511 I EPDG -- SIM0 [EpdgIntfCont]: sendInterfaceMessage, not mobile, ignore
03-13 08:45:39.226  4511  4511 I EPDG -- SIM0 [EpdgIntfCont]: sendInterfaceMessage, not mobile, ignore
03-13 08:45:39.226  4511  4511 I EPDG -- SIM1 [EpdgIntfCont]: sendInterfaceMessage, not mobile, ignore
03-13 08:45:39.381  4205  4205 D FlexPanelStartController: setExpandButton
03-13 08:45:39.387  4205  4205 D NavigationBarControllerImpl: setNavigationBarShortcut requestClass : com.android.wm.shell.controlpanel.activity.FlexPanelActivity, remoteViews : android.widget.RemoteViews@df3c65, position : 0, priority : 11
03-13 08:45:39.388  4205  4205 D RemoteViewPack: OnSetRemoteView RemoteViewShortcut(requestClass=com.android.wm.shell.controlpanel.activity.FlexPanelActivity, remoteViews=android.widget.RemoteViews@df3c65, position=0, priority=11)
03-13 08:45:39.394  4205  4205 D NavBarStateManager: NavBarStates(0) isGameMode: false
03-13 08:45:39.416  4205  4205 D NavBarStateManager: NavBarStates(0) canUseNavBarBackgroundFrame: false
03-13 08:45:39.439  2007 12669 I sensors-hal: handle_sns_client_event:94, folding_angle ts=233140004942566 ns value  61/0 (0/0/1/1 -0.665/2.374/-10.385 -1.431/6.619/6.901 5 0)
03-13 08:45:39.439  2007  3645 I sensors-hal: handle_sns_client_event:182, lid_angle_fusion ts=233140004942566 ns value 1/ 61/2  61/2  -1/-1     0/    0/    0 (0/0/1/1 -1.192/2.091/-10.538 -1.082/6.638/7.906 28)
03-13 08:45:39.439  2007  3645 I sensors-hal: handle_sns_client_event:206, lid_angle_fusion submit_sensors_hal_event 1/ 61/2  61/2
03-13 08:45:39.442  3003  3003 D DeviceStatePolicy: notifyDeviceStateChangedIfNeeded: newState=1, lastState=2, caller=com.android.server.policy.FlexibleDeviceStatePolicy.adjustState:57 com.android.server.policy.FlexibleDeviceStateProvider.notifyDeviceStateChangedIfNeeded:90 com.android.server.policy.FlexibleDeviceStateProvider.onSensorChanged:21 
03-13 08:45:39.442  3003  3003 D SemInputDeviceManager: setProperty: TSP_SUB(2) CMD,ALWAYS_LOW_POWER_MODE,1
03-13 08:45:39.443  3003  3993 D SemInputDevice:TSP_SUB: SetPropertyTask: CMD,set_always_lpm,1 [03-13 08:45:39.442]
03-13 08:45:39.445  2071  2128 I sysinput:aidl: onReportInformation:93, 2, cmd@set_always_lpm,1:0
03-13 08:45:39.446  3003  3993 D SysinputHAL_AIDL: setProperty(TSP_SUB(2)): CMD, set_always_lpm,1 ret=0
03-13 08:45:39.447  2071  2128 I sysinput:Touch2: operator():237, OK
03-13 08:45:39.479  2007 12669 I sensors-hal: handle_sns_client_event:94, folding_angle ts=233140044946733 ns value  49/0 (0/0/1/1 0.057/0.507/-9.021 -0.766/5.781/7.399 7 0)
03-13 08:45:39.479  2007  3645 I sensors-hal: handle_sns_client_event:182, lid_angle_fusion ts=233140044945952 ns value 1/ 49/2  49/2  -1/-1     0/    0/    0 (0/0/1/1 0.297/0.517/-9.054 -0.546/5.690/7.523 26)
03-13 08:45:39.487  2007 23807 I sensors-hal: handle_sns_std_sensor_event:409, [SSC_LIGHT] P: 2(2),c:26,b:17,m:13,cl:0,l:0,s:2,l0:416,l1:32,s0:241,s1:0,acl:1,opr:0.30,f(r):97,u(bl):111,if:0,wi:2,si:3,po:125(N:0)
03-13 08:45:39.519  2007 12669 I sensors-hal: handle_sns_client_event:94, folding_angle ts=233140084952983 ns value  34/0 (0/0/1/1 0.033/-0.407/-9.447 -0.469/5.202/7.959 9 0)
03-13 08:45:39.519  2007  3645 I sensors-hal: handle_sns_client_event:182, lid_angle_fusion ts=233140084948295 ns value 1/ 34/2  34/2  -1/-1     0/    0/    0 (0/0/1/1 0.378/-1.163/-9.643 -0.708/5.451/7.111 24)
03-13 08:45:39.559  2007 12669 I sensors-hal: handle_sns_client_event:94, folding_angle ts=233140124947774 ns value  23/0 (0/0/1/1 0.713/-3.168/-9.892 -0.172/5.843/8.049 12 0)
03-13 08:45:39.559  2007  3645 I sensors-hal: handle_sns_client_event:182, lid_angle_fusion ts=233140124946472 ns value 1/ 23/2  23/2  -1/-1     0/    0/    0 (0/0/1/1 0.273/-3.728/-9.724 -0.249/5.594/8.428 21)
03-13 08:45:39.599  2007  3645 I sensors-hal: handle_sns_client_event:182, lid_angle_fusion ts=233140164963399 ns value 1/ 13/2  13/2  -1/-1     0/    0/    0 (0/0/1/1 0.742/-4.436/-10.653 -0.531/7.025/7.609 19)
03-13 08:45:39.600  3003  3067 D InputManager: mFoldingAngleListener: state changed, angle = 13.0, state = 0
03-13 08:45:39.639  2007 12669 I sensors-hal: handle_sns_client_event:94, folding_angle ts=233140204971056 ns value   0/0 (0/0/1/1 -0.086/-4.250/-8.595 -0.163/5.168/20.813 16 0)
03-13 08:45:39.639  2007  3645 I sensors-hal: handle_sns_client_event:182, lid_angle_fusion ts=233140204972097 ns value 0/  0/2   0/2  -1/-1     0/    0/    0 (0/0/1/1 -0.550/-5.422/-5.542 0.464/4.393/8.246 17)
03-13 08:45:39.639  2007  3645 I sensors-hal: handle_sns_client_event:206, lid_angle_fusion submit_sensors_hal_event 0/  0/2   0/2
03-13 08:45:39.642  3003  3003 E FlexibleDeviceStateProvider: No declared device states match any of the required conditions.
03-13 08:45:39.642  3003  3003 I FlexibleDeviceStateProvider: LidSwitch mIsLidOpen: true
03-13 08:45:39.642  3003  3003 I FlexibleDeviceStateProvider: Sensor values:
03-13 08:45:39.642  3003  3003 I FlexibleDeviceStateProvider: lid_angle_fusion  Wakeup : [0.0, 0.0, 0.0]
03-13 08:45:39.642  3003  3003 I FlexibleDeviceStateProvider: isScreenOn: false
03-13 08:45:39.642  3003  3003 D DeviceStatePolicy: notifyDeviceStateChangedIfNeeded: newState=-1, lastState=2, caller=com.android.server.policy.FlexibleDeviceStatePolicy.adjustState:57 com.android.server.policy.FlexibleDeviceStateProvider.notifyDeviceStateChangedIfNeeded:90 com.android.server.policy.FlexibleDeviceStateProvider.onSensorChanged:21 
03-13 08:45:39.677  3003  3661 D InputReader: Input event [EV_SW](9): code=0x0, value=1, when=57223.744154
03-13 08:45:39.678  3003  3661 D InputReader: processSwitch() : elapsed time = 1ms, switchCode=0
03-13 08:45:39.679  3003  3661 D InputManager: notifySwitch: values=1, mask=1
03-13 08:45:39.679  3003  3661 D DeviceStatePolicy: notifyDeviceStateChangedIfNeeded: newState=0, lastState=2, caller=com.android.server.policy.FlexibleDeviceStatePolicy.adjustState:57 com.android.server.policy.FlexibleDeviceStateProvider.notifyDeviceStateChangedIfNeeded:90 com.android.server.policy.FlexibleDeviceStateProvider.notifyLidSwitchChanged:40 
03-13 08:45:39.679  3003  3661 D SemInputDeviceManager: setProperty: TSP_SUB(2) CMD,ALWAYS_LOW_POWER_MODE,0
03-13 08:45:39.680  3003  3661 D DeviceStateManagerService: onStateChanged identifier = 0
03-13 08:45:39.680  3003  3661 W OverrideRequestController: Attempted to cancel a null OverrideRequest
03-13 08:45:39.680  3003  3661 I DeviceStateManagerService: Cannot notify device state info change when pending state is present.
03-13 08:45:39.680  3003  3993 D SemInputDevice:TSP_SUB: SetPropertyTask: CMD,set_always_lpm,0 [03-13 08:45:39.679]
03-13 08:45:39.680  3003  3661 D DeviceStatePolicy: updateFoldingSensorListenerLw, foldOpen=false, awake=true, isTableModeEnabled=true, forceOff=false, caller=com.android.server.policy.FlexibleDeviceStateProvider.notifyDeviceStateChangedIfNeeded:146 com.android.server.policy.FlexibleDeviceStateProvider.notifyLidSwitchChanged:40 com.android.server.input.InputManagerService.notifySwitch:103 <bottom of call stack> <bottom of call stack> <bottom of call stack> <bottom of call stack> <bottom of call stack> <bottom of call stack> <bottom of call stack> 
03-13 08:45:39.681  3003  3067 D DeviceStateManagerService: Committing state: DeviceState{identifier=0, name='CLOSED', app_accessible=false, cancel_when_requester_not_on_top=false}
03-13 08:45:39.683  2007  2007 I sensors-hal: activate:300, com.samsung.sensor.folding_state/2592 en=0
03-13 08:45:39.683  2007  2007 I sensors-hal: send_sync_sensor_request:508, send sync request
03-13 08:45:39.683  2007  2007 I sensors-hal: send_sync_sensor_request:518, send_sync_sensor_request before send_request for lid_angle_fusion with SUID low=8603657889549748343 high=1320970896290190866
03-13 08:45:39.683  2007  2007 I sensors-hal: send_sync_sensor_request:537, wait for notification of response
03-13 08:45:39.683  3003  3067 D DeviceStateManagerGlobal: handleDeviceStateInfoChanged state=DeviceState{identifier=0, name='CLOSED', app_accessible=false, cancel_when_requester_not_on_top=false}, baseState=DeviceState{identifier=0, name='CLOSED', app_accessible=false, cancel_when_requester_not_on_top=false}
03-13 08:45:39.683  2007  3645 I sensors-hal: qsh_conn_resp_cb:930, resp_value = 0 for lid_angle_fusion 
03-13 08:45:39.683  3003  3003 D NotificationService: mFoldState = false, isFolded = true
03-13 08:45:39.684  3003  3003 D SemDisplaySolutionManagerService: uid : 1000 , pid : 3003 , name : extra_brightness_off
03-13 08:45:39.684  2092  2092 I SSC_DAEMON: handleSensorTestReqMsg:85, Sensor type :20, Msg type:14
03-13 08:45:39.684  2092  2092 I factory.ssc: vendor/qcom/proprietary/adsprpc/src/fastrpc_apps_user.c:1684: remote_handle64_open: opened handle 0xb400006d90c31bd0 (remote 0x0) for '":;./\createstaticpd:sensorspd&_dom=adsp on domain 0 (spawn time 0 us, load time 0 us), num handles 1
03-13 08:45:39.684  3003  3003 D SemDisplaySolutionManagerService: where : application what : DEFAULT setScreenBrightnessScaleFactor(1.0) , mBrightnessCompensation : 1.0 , PMS value : 1.0
03-13 08:45:39.684  2007  2007 I sensors-hal: send_sync_sensor_request:543, takes 1 ms to receive the response with 0
03-13 08:45:39.684  2007  2007 I sensors-hal: activate:330, com.samsung.sensor.folding_state/2592 en=0 completed
03-13 08:45:39.684  3003  3003 D PowerManagerService: [api] setScreenBrightnessScaleFactor: scaleFactor: 1.0 (uid: 1000 pid: 3003)
03-13 08:45:39.685  3003  3003 D SemDisplaySolutionManagerService: Normal Mode setMultipleScreenBrightness , application, DEFAULT, 1.0
03-13 08:45:39.685  3003  3661 D SensorManager: unregisterListener :: com.android.server.policy.FlexibleDeviceStateProvider@9bf61fe
03-13 08:45:39.685  3003  3661 D DeviceStatePolicy: unregisterFoldingSensorListenerLocked success!
03-13 08:45:39.685  3003  3003 I Telecom : SamsungFoldStateManagerAdapterImpl : DeviceStateCallback - onDeviceStateChanged : DeviceState{identifier=0, name='CLOSED', app_accessible=false, cancel_when_requester_not_on_top=false}
03-13 08:45:39.685  3003  3003 I Telecom : SamsungFoldStateManagerAdapterImpl : onStateChanged - folded : true / info : SamsungFoldStateInfo { SupportFoldableTypeFlip : true / SupportLargeCoverScreen : true / Orientation : VERTICAL / IsFolded : true
03-13 08:45:39.685  3003  3003 I Telecom : SamsungFoldStateManagerListener : onFolderStateChanged : false -> true
03-13 08:45:39.685  3003  3003 I Telecom : SamsungFoldStateManagerListener : checkAudioAutoSwitch, skipAudioAutoSwitch
03-13 08:45:39.685  3003  3003 I Telecom : SamsungFolderAngleRegistrar : mIsFoldingAngleAvailable is false
03-13 08:45:39.685  3003  3647 I CameraService_worker: Fold state changed, DeviceState{identifier=0, name='CLOSED', app_accessible=false, cancel_when_requester_not_on_top=false}
03-13 08:45:39.686  3003  3647 I CameraService_worker: NotifyDeviceStateChange 0x6, sync(false)
03-13 08:45:39.686  3003  3130 D PowerManagerService: onStateChanged: mDualScreenPolicy=1
03-13 08:45:39.686  3003  3130 D PowerManagerService: Setting HAL interactive mode to true
03-13 08:45:39.686  3003  3130 D PowerManagerService: setHalInteractiveModeLocked called by dual screen policy change
03-13 08:45:39.687  3003  3064 D UsbDeviceManager: Device folded, update USB noti
03-13 08:45:39.687  4184  6899 D DeviceStateManagerGlobal: handleDeviceStateInfoChanged state=DeviceState{identifier=0, name='CLOSED', app_accessible=false, cancel_when_requester_not_on_top=false}, baseState=DeviceState{identifier=0, name='CLOSED', app_accessible=false, cancel_when_requester_not_on_top=false}
03-13 08:45:39.687  3003  3064 D UsbDeviceManager: handleMessage -> MSG_USB_NOTI_UPDATE: isForce=1
03-13 08:45:39.687  3003  3064 D UsbDeviceManager: updateUsbNotification(true): mConnected=true mHostConnected=false mSourcePower=false mSinkPower=true mUsbCharging=true
03-13 08:45:39.687  4360  4360 I SprWallpaper|FoldInteractive: onDeviceStateChanged: newState[0]
03-13 08:45:39.687  4360  4360 I SprWallpaper|fold_Choreographer: stop
03-13 08:45:39.687  4360  4360 I SprWallpaper|fold_Choreographer: pause
03-13 08:45:39.687  4360  4360 I SprWallpaper|FoldInteractive: resetFrame current[429]
03-13 08:45:39.687  4360  4360 I SprWallpaper|FoldInteractive: seekTo: frame[0], time[0]
03-13 08:45:39.687  4360  4360 I SprWallpaper|FoldInteractive: resetFrame: seek to head forcefully
03-13 08:45:39.687  3003  3064 D UsbDeviceManager: FLIP FOLDED
03-13 08:45:39.688  4360  4360 I SprWallpaper|VideoPlayer: start: state[3]
03-13 08:45:39.688  4360  4360 I SprWallpaper|VideoPlayer: prepare: state[3]
03-13 08:45:39.688  4360  4360 I SprWallpaper|VideoPlayer: createVideoDecoder
03-13 08:45:39.687  4832 21272 I HoneySpace.ExtraDisplaySource: onStateChanged, state = 0
03-13 08:45:39.688  2094  5362 D AudioFlinger: setParameters: filtered dev setParameters keyvalue l_hw_folder_state=0
03-13 08:45:39.688  4832 23093 I HoneySpace.DesktopTaskDividerManagerImpl: fold: true, noExternal: true
03-13 08:45:39.688  4832 23093 I HoneySpace.DesktopTaskDividerManagerImpl: _isTaskSplittable, true
03-13 08:45:39.688  4832 23093 I HoneySpace.ExtraDisplaySource: onStateChanged, state = 0
03-13 08:45:39.688 24916 25115 D DeviceStateManagerGlobal: handleDeviceStateInfoChanged state=DeviceState{identifier=0, name='CLOSED', app_accessible=false, cancel_when_requester_not_on_top=false}, baseState=DeviceState{identifier=0, name='CLOSED', app_accessible=false, cancel_when_requester_not_on_top=false}
03-13 08:45:39.688  1992 29060 V sec_audio_hw: sec_dev_set_parameters : l_hw_folder_state=0
03-13 08:45:39.688  3003  3067 D WindowManager: onStateChanged, state=0
03-13 08:45:39.688  1992 29060 D AHAL: AudioDevice: SetParameters: 1865: enter
03-13 08:45:39.688  1992 29060 D AHAL: AudioVoice: VoiceSetParameters: 200: Enter
03-13 08:45:39.688  1992 29060 D AHAL: AudioVoice: VoiceSetParameters: 479: Exit ret: 0
03-13 08:45:39.688  3003  3676 I SemInputDeviceManagerService: onFoldStateChanged: folded
03-13 08:45:39.688  1992 29060 D AHAL: SecAudioDevice: SetFolderState: 1258: Folding(Flip) state changed, fold close, flex off
03-13 08:45:39.688  1992 29060 D AHAL: hfp: hfp_set_parameters: 444: enter
03-13 08:45:39.688  1992 29060 D AHAL: AudioDevice: SetParameters: 2798: exit: l_hw_folder_state=0
03-13 08:45:39.688  3003  3067 I LogicalDisplayMapper: Set isInTransition on display 0: true
