03-13 08:51:47.375  4205  4205 I SubScreenPositionControllerImpl[SUB_STATUS_BAR_NOTI]: getNextDirection: mHorizontalDirection = LEFT, mVerticalDirection = DOWN
03-13 08:51:47.375  4205  4205 I SubScreenPositionControllerImpl[SUB_STATUS_BAR_NOTI]: updateCurrentPosition: horizontalDistance = 2, verticalDistance = 3, mHorizontalMoveCount = 1
03-13 08:51:47.375  4205  4205 I SubScreenPositionControllerImpl[SUB_STATUS_BAR_NOTI]: updateCurrentPosition: mCurPoint = Point(19, 14), mRange = Rect(0, -11 - 22, 11)
03-13 08:51:47.375  4205  4205 I SubScreenPositionControllerImpl[SUB_STATUS_BAR_NOTI]: setAODFinalPosition() mAODFinalPosition = [19,14], offset[Point(0, 0)]
03-13 08:51:47.375  4832 23445 I HoneySpace.Memory-Monitor: no default Display - 1
03-13 08:51:47.375  4205  4205 I SubScreenPositionControllerImpl[SUB_STATUS_BAR_NOTI]: updatePosition: mCurPoint = Point(19, 14), mRange = Rect(0, -11 - 22, 11), count = 2, interval = 10, offset= Point(0, 0)
03-13 08:51:47.375  4205  4205 I SubScreenPositionControllerImpl[SUB_STATUS_BAR_BATTERY]: getNextDirection: mHorizontalDirection = RIGHT, mVerticalDirection = DOWN
03-13 08:51:47.375  4205  4205 I SubScreenPositionControllerImpl[SUB_STATUS_BAR_BATTERY]: updateCurrentPosition: horizontalDistance = 2, verticalDistance = 3, mHorizontalMoveCount = 1
03-13 08:51:47.375  4205  4205 I SubScreenPositionControllerImpl[SUB_STATUS_BAR_BATTERY]: updateCurrentPosition: mCurPoint = Point(-6, 11), mRange = Rect(-22, -11 - 0, 11)
03-13 08:51:47.375  4205  4205 I SubScreenPositionControllerImpl[SUB_STATUS_BAR_BATTERY]: setAODFinalPosition() mAODFinalPosition = [-6,11], offset[Point(0, 0)]
03-13 08:51:47.375  4205  4205 I SubScreenPositionControllerImpl[SUB_STATUS_BAR_BATTERY]: updatePosition: mCurPoint = Point(-6, 11), mRange = Rect(-22, -11 - 0, 11), count = 2, interval = 10, offset= Point(0, 0)
03-13 08:51:47.375  4205  4205 I SubScreenPositionControllerImpl[SUB_STATUS_BAR_NOTI]: getRandomFinalPosition() [19,14]
03-13 08:51:47.375  4205  4205 I SubScreenPositionControllerImpl[SUB_STATUS_BAR_BATTERY]: setFinalPositionY(14) Point(-6, 11) -> Point(-6, 14)
03-13 08:51:47.375  4205  4205 I SubScreenPositionControllerImpl[SUB_STATUS_BAR_NOTI]: getRandomFinalPosition() [19,14]
03-13 08:51:47.375  4205  4205 I SubLauncher:SubLauncherStateManager@232606011: setNIODozePosition: Point(21, 11) -> Point(19, 14)
03-13 08:51:47.375  4205  4205 I SubScreenPositionControllerImpl[SUB_STATUS_BAR_BATTERY]: getRandomFinalPosition() [-6,14]
03-13 08:51:47.375  4205  4205 I SubLauncher:SubLauncherStateManager@232606011: setBatteryDozePosition: Point(-8, 11) -> Point(-6, 14)
03-13 08:51:47.375  4205  4205 I SubLauncher:SubLauncherNotificationIndicatorViewController@50422211: onTick
03-13 08:51:47.375  4205  4205 I SubScreenPositionControllerImpl[SUB_NOTI_INDICATOR]: getNextDirection REVERSE
03-13 08:51:47.375  4832  6719 I HoneySpace.Memory-Monitor: cleanMemory count=1, needTrim=true, delayTime=30000
03-13 08:51:47.375  4205  4205 I SubScreenPositionControllerImpl[SUB_NOTI_INDICATOR]: getNextDirection: mHorizontalDirection = LEFT, mVerticalDirection = UP
03-13 08:51:47.375  4205  4205 I SubScreenPositionControllerImpl[SUB_NOTI_INDICATOR]: updateCurrentPosition: horizontalDistance = 2, verticalDistance = 3, mHorizontalMoveCount = 1
03-13 08:51:47.375  4205  4205 I SubScreenPositionControllerImpl[SUB_NOTI_INDICATOR]: updateCurrentPosition: mCurPoint = Point(10, 4), mRange = Rect(0, -7 - 14, 7)
03-13 08:51:47.375  4205  4205 I SubScreenPositionControllerImpl[SUB_NOTI_INDICATOR]: setAODFinalPosition() mAODFinalPosition = [10,4], offset[Point(0, 0)]
03-13 08:51:47.375  4205  4205 I SubScreenPositionControllerImpl[SUB_NOTI_INDICATOR]: updatePosition: mCurPoint = Point(10, 4), mRange = Rect(0, -7 - 14, 7), count = 7, interval = 10, offset= Point(0, 0)
03-13 08:51:47.375  4205  4205 I SubScreenPositionControllerImpl[SUB_NOTI_INDICATOR]: getRandomFinalPosition() [10,4]
03-13 08:51:47.375  4205  4205 I ClockNonePaddingTextView: fixFontType: [0] fontType=0, fontVariationSettings='wght' 700, 'RNDN' 20
03-13 08:51:47.375  4205  4362 D DeviceState: isESIM() :0 : false
03-13 08:51:47.375  4205  4205 I ClockNonePaddingTextView: updateTypeface() [VARIABLE] isVariableClockFont=true usePreciseMeasure=false builderFontType=802 originalFontType=802 flipfont=0 fontWeight=0 fixedFontType=0 fixedTypeface=false fixedFontVariationSettings='wght' 700, 'RNDN' 20
03-13 08:51:47.375  4205  4205 I ClockNonePaddingTextView: fixFontType: [8] fontType=0, fontVariationSettings='wght' 700, 'RNDN' 20
03-13 08:51:47.375  2071  2129 I sysinput:Touch1: operator():132, 1,0 OK
03-13 08:51:47.375  4205  4205 I ClockNonePaddingTextView: updateTypeface() [VARIABLE] isVariableClockFont=true usePreciseMeasure=false builderFontType=802 originalFontType=802 flipfont=0 fontWeight=0 fixedFontType=0 fixedTypeface=false fixedFontVariationSettings='wght' 700, 'RNDN' 20
03-13 08:51:47.375  4205  4205 I ClockNonePaddingTextView: fixFontType: [5] fontType=0, fontVariationSettings='wght' 700, 'RNDN' 20
03-13 08:51:47.375  4205  4205 I ClockNonePaddingTextView: updateTypeface() [VARIABLE] isVariableClockFont=true usePreciseMeasure=false builderFontType=802 originalFontType=802 flipfont=0 fontWeight=0 fixedFontType=0 fixedTypeface=false fixedFontVariationSettings='wght' 700, 'RNDN' 20
03-13 08:51:47.375  4205  4205 I ClockNonePaddingTextView: fixFontType: [1] fontType=0, fontVariationSettings='wght' 700, 'RNDN' 20
03-13 08:51:47.375  4205  4205 I ClockNonePaddingTextView: updateTypeface() [VARIABLE] isVariableClockFont=true usePreciseMeasure=false builderFontType=802 originalFontType=802 flipfont=0 fontWeight=0 fixedFontType=0 fixedTypeface=false fixedFontVariationSettings='wght' 700, 'RNDN' 20
03-13 08:51:47.376  4205  4205 I ModuleClockView_SUB_LAUNCHER_1@80: refresh : true
03-13 08:51:47.376  4205  4205 I ModuleClockView_SUB_LAUNCHER_1@80: onTimeChanged : [DateTimeInfo : date = Fri, March 13, hourMin = 8:51, hourMinSec = , hour = 8, minute = 51, amPm  = AM, colon = :, second = , timezone = null, isLeftOfAmPm = false, ttsDate = Friday, March 13], timeInMillis = 1773406307376
03-13 08:51:47.376  4205  4205 I ModuleClockView_SUB_LAUNCHER_1@80: updatePaletteItemTransition : paletteItem = SOLID color : FF4E2A23, animation = false, dozeAmount = 0.0
03-13 08:51:47.376  4205  4205 I DigitalVerticalClockView_SUB_LAUNCHER_1@57: refresh : true
03-13 08:51:47.376  3003  5976 D LiftUpHandler: [LTW]  Settings Lift to wake: enable = 0
03-13 08:51:47.376  3003  3065 D WindowManager: DeferredDisplayUpdater: applying DisplayInfo(748 x 720) immediately
03-13 08:51:47.376  3003  3065 V WindowManager: Content Recording: Display 1 state was (1), is now (1), so update recording?
03-13 08:51:47.376  2092  3859 I SSC_DAEMON: light_event_log:185, light_msg(4/15): lcd off - 0,-1,-1,0
03-13 08:51:47.376  3003  3065 D BLASTSyncEngine: SyncGroup 4854:  Unfinished container: WindowToken{8004a5b type=2024 android.os.BinderProxy@d7bba75} mSyncState=2
03-13 08:51:47.376  4607  2173 D NxpGenExtn: enQueueWriteInternal Enter wLength:7
03-13 08:51:47.377  2439  2439 I android.hardware.nfc-service.nxp: write
03-13 08:51:47.377  2092  2092 I SSC_DAEMON: handleSensorTestReqMsg:85, Sensor type :20, Msg type:15
03-13 08:51:47.377  2092  2092 I SSC_DAEMON: physicalSensorTestReqMsg:162, 0.algo_id:26, num:1
03-13 08:51:47.378  1993  6685 I vendor.qti.bluetooth@1.1-ibs_handler: ProcessIbsCmd: Received IBS_WAKE_ACK: 0xFC
03-13 08:51:47.378  1993  6685 I vendor.qti.bluetooth@1.1-ibs_handler: ProcessIbsCmd: Signal wack_cond_
03-13 08:51:47.378  1993  1993 D vendor.qti.bluetooth@1.1-ibs_handler: DeviceWakeUp: Unblocked from waiting for FC, pthread_cond_timedwait ret = 0
03-13 08:51:47.378  5393  5832 I bluetooth: system/gd/hci/le_scanning_manager.cc:765 stop_scan: Scanning already stopped, return!
03-13 08:51:47.378  5393  5832 W bluetooth: system/gd/hci/le_scanning_manager.cc:732 start_scan: start_scan
03-13 08:51:47.378  5393  5832 W bluetooth: system/gd/hci/le_scanning_manager.cc:735 start_scan: Register address manager
03-13 08:51:47.378  5393  5832 I bluetooth: system/gd/hci/le_address_manager.cc:581 GetNextPrivateAddressIntervalRange: client=LeAddressManager, nonwake=7m56s, wake=13m42s
03-13 08:51:47.378  5393  5832 I bluetooth: system/gd/hci/le_address_manager.cc:259 register_client: Scheduled address rotation for first client registered
03-13 08:51:47.378  5393  5832 I bluetooth: system/gd/hci/le_address_manager.cc:263 register_client: Client registered
03-13 08:51:47.378  2007  3645 I sensors-hal: qsh_conn_event_cb:857, SCHED_FIFO(10) for qmi_cbk
03-13 08:51:47.378  2007  3645 I sensors-hal: qsh_conn_event_cb:890, event[0] sensor:Pocket mode  Wakeup, msg_id=715, ts=4483453132772
03-13 08:51:47.378  2007  3645 E libprotobuf-native: [libprotobuf ERROR external/protobuf/src/google/protobuf/message_lite.cc:133] Can't parse message of type "sns_std_sensor_event" because it is missing required fields: (cannot determine missing fields for lite message)
03-13 08:51:47.378  2007  2007 I sensors-hal: activate:300, com.samsung.sensor.light_seamless/1782 en=0
03-13 08:51:47.378  2007  2007 I sensors-hal: send_sync_sensor_request:508, send sync request
03-13 08:51:47.378  2007  2007 I sensors-hal: send_sync_sensor_request:518, send_sync_sensor_request before send_request for light_seamless with SUID low=11039298318857557060 high=1340270623893619472
03-13 08:51:47.378 15873 15873 I VRI[InputMethod]@ee95d13: onDisplayChanged oldDisplayState=2 newDisplayState=1
03-13 08:51:47.378  2007  2007 I sensors-hal: send_sync_sensor_request:537, wait for notification of response
03-13 08:51:47.379  6239  6239 I VRI[OnboardingActivity]@7b65a5f: onDisplayChanged oldDisplayState=1 newDisplayState=1
03-13 08:51:47.379   487   487 I VRI[0 fl=}]@38f3598: onDisplayChanged oldDisplayState=2 newDisplayState=1
03-13 08:51:47.379 19717 19717 I HBD     : DeX h DeX mode state change in non-main thread 
03-13 08:51:47.379 19717 19717 I HBD     : DeX h DeX mode state change: 3 
03-13 08:51:47.379 19717 19717 I HBD     : DeX h DeX mode state change in non-main thread 
03-13 08:51:47.379 19717 19717 I HBD     : DeX h DeX mode state change: 3 
03-13 08:51:47.379 19717 19717 I HBD     : DeX h DeX mode state change in non-main thread 
03-13 08:51:47.379 19717 19717 I HBD     : DeX h DeX mode state change: 3 
03-13 08:51:47.379  2092  3859 I SSC_DAEMON: pocketModeOptionDefineEvent:23, 2
03-13 08:51:47.379   368   368 I VRI[InstagramMainActivity]@fd55c3d: onDisplayChanged oldDisplayState=2 newDisplayState=1
03-13 08:51:47.379  4205  4881 I VRI[ScreenDecorOverlayCover]@cddcdb0: onDisplayChanged oldDisplayState=1 newDisplayState=1
03-13 08:51:47.379  2092  2092 I SSC_DAEMON: handleSensorTestReqMsg:85, Sensor type :4, Msg type:11
03-13 08:51:47.379  2092  2092 I SSC_DAEMON: physicalSensorTestReqMsg:130, s:4, m:11
03-13 08:51:47.379  4205  4267 I VRI[ShellDropTarget]@a0b4a8f: onDisplayChanged oldDisplayState=2 newDisplayState=1
03-13 08:51:47.379  2007  3645 I sensors-hal: qsh_conn_resp_cb:930, resp_value = 0 for light_seamless 
03-13 08:51:47.379  4205  4267 I VRI[View root of ReusableWindowDecorViewHost#0]@15d66b2: onDisplayChanged oldDisplayState=2 newDisplayState=1
03-13 08:51:47.379  4205  4267 I VRI[View root of ReusableWindowDecorViewHost#1]@d4195f3: onDisplayChanged oldDisplayState=2 newDisplayState=1
03-13 08:51:47.379  3003  5976 D LiftUpHandler: [LTW] Running already.
03-13 08:51:47.379  2040 23713 I SDM     : HWDeviceDRM::NullCommit: Null commit succeeded crtc=208
03-13 08:51:47.379  2040 23713 I SDM     : DisplayBase::SetDisplayState: wait for retire_fence_...
03-13 08:51:47.379  2040 23713 I SDM     : DisplayBase::WaitForCompletion: Wait for cached retire fence to be in steady state
03-13 08:51:47.380  4205  4205 I DigitalVerticalClockView_SUB_LAUNCHER_1@57: onTimeChanged : [DateTimeInfo : date = Fri, March 13, hourMin = 8:51, hourMinSec = , hour = 8, minute = 51, amPm  = AM, colon = :, second = , timezone = null, isLeftOfAmPm = false, ttsDate = Friday, March 13], timeInMillis = 1773406307376
03-13 08:51:47.380  2007  2007 I sensors-hal: send_sync_sensor_request:543, takes 1 ms to receive the response with 0
03-13 08:51:47.380  4205  4205 I DigitalVerticalClockView_SUB_LAUNCHER_1@57: updatePaletteItemTransition : paletteItem = SOLID color : FF4E2A23, animation = false, dozeAmount = 0.0
03-13 08:51:47.380  2007  2007 I sensors-hal: activate:330, com.samsung.sensor.light_seamless/1782 en=0 completed
03-13 08:51:47.380  4205  4205 I SubLauncher:SubLauncherNowBarController@192055129: isFolderClosed = true
03-13 08:51:47.380  4205  4205 I SubLauncher:SubLauncherNowBarController@192055129: applyViewState true finishedDecoration true isFolderClosed true
03-13 08:51:47.380  2094  5362 D AudioFlinger: setParameters: filtered dev setParameters keyvalue screen_state=off
03-13 08:51:47.380  1993  6685 I vendor.qti.bluetooth@1.1-ibs_handler: ProcessIbsCmd: Received IBS_WAKE_IND: 0xFD
03-13 08:51:47.380  1993  6685 I vendor.qti.bluetooth@1.1-ibs_handler: ProcessIbsCmd: Writing IBS_WAKE_ACK
03-13 08:51:47.380  4205  4205 I NowBarItemManager: getVisibleMainItemList = aod.o5.s:71 aod.Tw0.B:16 com.samsung.android.app.facewidget.domain.NowBarItemManager.i:6 aod.e11.c:8 com.samsung.android.app.sublauncher.presentation.plugin.controller.nowbar.SubLauncherNowBarController.applyViewState:136 com.samsung.android.app.sublauncher.presentation.plugin.controller.nowbar.SubLauncherNowBarController.access$applyViewState:0 aod.N01.invokeSuspend:21 aod.N01.invoke:15 aod.UK.invokeSuspend:618 aod.UK.f:120 aod.xk.invokeSuspend:34 aod.xk.invoke:12 aod.x5.start:57 aod.rd.K:23 aod.rd.L:12 
03-13 08:51:47.380  4205  4205 I NowBarItemManager: getVisibleList isScreenTurnedOn = true / aodShowState false shouldControlScreenOff false visibleList size = 1
03-13 08:51:47.380  4205  4205 I NowBarItemManager: visibleList idx=0, , AI_BRIEF_KEY, AI_BRIEF | 7
03-13 08:51:47.380  1992  1992 D AHAL: AudioDevice: SetParameters: 1865: enter
03-13 08:51:47.380  2092  3859 I SSC_DAEMON: light_event_log:172, light_msg(4/11): br 0 (lux 0,idx 0) - -1,-1,0
03-13 08:51:47.380  4205  4205 I SubLauncher:SubLauncherStateManager@232606011: setNowBarVisible: false -> true
03-13 08:51:47.380  1992  1992 D AHAL: AudioVoice: VoiceSetParameters: 200: Enter
03-13 08:51:47.380  1992  1992 D AHAL: AudioVoice: VoiceSetParameters: 479: Exit ret: 0
03-13 08:51:47.380  4205  4205 I SubLauncher:SubLauncherClockPositionController@72316410: isThickFontType() fontType=0
03-13 08:51:47.380  1992  1992 D AHAL: hfp: hfp_set_parameters: 444: enter
03-13 08:51:47.380  1992  1992 D AHAL: AudioDevice: SetParameters: 1948:  - screen = off
03-13 08:51:47.380  1992  1992 I PAL: ResourceManager: setParameter: 10683: Screen State:0
03-13 08:51:47.380  1992  1992 D AHAL: AudioDevice: SetParameters: 2798: exit: screen_state=off
03-13 08:51:47.380  3003  3067 D SensorManager: unregisterListener :: com.android.server.display.mode.DisplayModeDirector$BrightnessObserver$LightSensorEventListener@b4fe971
03-13 08:51:47.381  3003  3067 D BrightnessSynchronizer: onDisplayChanged() : displayId=0
03-13 08:51:47.381  3003  3067 D BrightnessSynchronizer: updateScreenBrightness: displayId=0 type=2 mPreferredSettingValue=0.054901958(14) currentBrightnessInt=14 currentBrightnessIntFromFloat=14(0.054901958)
03-13 08:51:47.379  4832 29114 I HoneySpace.Memory-Monitor: current state = 1, didTrim = true
03-13 08:51:47.381  4832  4832 I VRI[RecentsTransitionOverlay]@4784a59: onDisplayChanged oldDisplayState=2 newDisplayState=1
03-13 08:51:47.381  4832  4832 I VRI[LauncherActivity]@f209089: onDisplayChanged oldDisplayState=2 newDisplayState=1
03-13 08:51:47.381  4832  4832 I VRI[CocktailBarService]@5e29200: onDisplayChanged oldDisplayState=2 newDisplayState=1
03-13 08:51:47.382  4832  4832 I VRI[RecentsActivity]@5bc9119: onDisplayChanged oldDisplayState=2 newDisplayState=1
03-13 08:51:47.382  4205  4205 E AbsSettings: refreshInner: refreshedSettingsDBItem key profile_id val = 1124882606
03-13 08:51:47.382  4832 23445 I HoneySpace.Memory-Monitor: current state = 1, didTrim = true
03-13 08:51:47.382  4205  4205 E AbsSettings: refreshInner: refreshedSettingsDBItem key profile_id val = 1124882606
03-13 08:51:47.382  4205  4205 E AbsSettings: refreshInner: refreshedSettingsDBItem key profile_id val = 1124882606
03-13 08:51:47.382  4205  4362 D DeviceState: isEuicc() :1 : true
03-13 08:51:47.382  4205  4362 D Tile.AirplaneModeTile:  handleUpdateState mIsWiFiOnlyDevice false isNoSimState true isPowerOffServiceState true mSetting.getValue() 0 isSatelliteModeOn false isChinaDevice false
03-13 08:51:47.382  4205  4362 D Tile.AirplaneModeTile:  handleUpdateState:  value = false, state = 1
03-13 08:51:47.382  4205  4205 I SubLauncher:SubLauncherAClockPositionDataRepositoryImpl@13878558: getPositionArea() Point(53, 117)
03-13 08:51:47.382  4205  4205 I SubScreenPositionControllerImpl[SUB_CLOCK_AOD]: initPosition: mRange = Rect(-27, -59 - 27, 59), mParams = ViewPositionParams {name = SUB_CLOCK_AOD, width = 53, height = 117, left = 0, top = 0, right = 0, bottom = 0, offset = Point(0, 0), interval = 10, gravity = 17, high = false, baseScreenSizeRate = 1.0, initialBottomMargin = 0}
03-13 08:51:47.382  4205  4205 I SubLauncher:SubLauncherAClockPositionDataRepositoryImpl@13878558: getDozePositionOffset() translation = Point(0, 0), offset = Point(0, 0), scale = 1.0
03-13 08:51:47.382  4205  4205 I SubLauncher:SubLauncherClockPositionController@72316410: init position with 1, isThick=false, scale=1.0, targetScale=1.0
03-13 08:51:47.382  4205  4205 I ModuleClockPositionController[1]: getClockPositionInfo : ClockPositionInfo: id = , x = 276.0, y = 130.0, width = 196, height = 332, type = 2, editable = true, targetView = android.widget.LinearLayout{1069ff3 V.E...... ......ID 0,0-196,332 #7f0a1ff1 app:id/common_time_date_container}
03-13 08:51:47.382  4205  4205 I ModuleClockView_SUB_LAUNCHER_1@80: setScaleClock: 1.0
03-13 08:51:47.382  4205  4205 I ModuleClockPositionController[1]: updatePositionData: set value to ModuleClockPositionData(clockType=1, clockGravity=0, clockTopMargin=0, clockHorizontalMargin=0, clockScale=1.0, clockMaxWidth=680)
03-13 08:51:47.382 15873 15873 I PkDeviceHelper: PkDeviceHelper.refreshDevices():87 refreshing devices
03-13 08:51:47.382  4205  4205 I SubLauncher:SubLauncherStateManager@232606011: setClockDozeAmountAnim: aod.NT0@331065a -> aod.NT0@1d47b7
03-13 08:51:47.382  4205  4205 I SubScreenPositionControllerImpl[SUB_STATUS_BAR_NOTI]: initPosition: mRange = Rect(0, -11 - 22, 11), mParams = ViewPositionParams {name = SUB_STATUS_BAR_NOTI, width = 21, height = 21, left = 0, top = 0, right = 0, bottom = 0, offset = Point(0, 0), interval = 10, gravity = 8388627, high = false, baseScreenSizeRate = 1.0, initialBottomMargin = 0}
03-13 08:51:47.382  4205  4205 I SubScreenPositionControllerImpl[SUB_STATUS_BAR_BATTERY]: initPosition: mRange = Rect(-22, -11 - 0, 11), mParams = ViewPositionParams {name = SUB_STATUS_BAR_BATTERY, width = 21, height = 21, left = 0, top = 0, right = 0, bottom = 0, offset = Point(0, 0), interval = 10, gravity = 8388629, high = false, baseScreenSizeRate = 1.0, initialBottomMargin = 0}
03-13 08:51:47.382  4205  4205 I SubScreenPositionControllerImpl[SUB_CLOCK_AOD]: initPosition: mRange = Rect(-27, -59 - 27, 59), mParams = ViewPositionParams {name = SUB_CLOCK_AOD, width = 53, height = 117, left = 0, top = 0, right = 0, bottom = 0, offset = Point(0, 0), interval = 10, gravity = 17, high = false, baseScreenSizeRate = 1.0, initialBottomMargin = 0}
03-13 08:51:47.382  4205  4205 I SubScreenPositionControllerImpl[SUB_CLOCK_AOD]: setAODFinalPosition() mAODFinalPosition = [16,-18], offset[Point(0, 0)]
03-13 08:51:47.382  4205  4205 I SubScreenPositionControllerImpl[SUB_CLOCK_AOD]: updatePosition: first update mCurPoint = Point(16, -18), mRange = Rect(-27, -59 - 27, 59), count = 1, interval = 10
03-13 08:51:47.383  4205  4205 I SubScreenPositionControllerImpl[SUB_CLOCK_AOD]: getRandomFinalPosition() [16,-18]
03-13 08:51:47.383  4205  4205 I SubLauncher:SubLauncherStateManager@232606011: setClockDozePosition: Point(-14, 3) -> Point(16, -18)
03-13 08:51:47.383  4205  4205 I SubScreenPositionControllerImpl[SUB_STATUS_BAR_NOTI]: initPosition: mRange = Rect(0, -11 - 22, 11), mParams = ViewPositionParams {name = SUB_STATUS_BAR_NOTI, width = 21, height = 21, left = 0, top = 0, right = 0, bottom = 0, offset = Point(0, 0), interval = 10, gravity = 8388627, high = false, baseScreenSizeRate = 1.0, initialBottomMargin = 0}
03-13 08:51:47.383  4205  4205 I SubScreenPositionControllerImpl[SUB_STATUS_BAR_NOTI]: setAODFinalPosition() mAODFinalPosition = [5,-9], offset[Point(0, 0)]
03-13 08:51:47.383  4205  4205 I SubScreenPositionControllerImpl[SUB_STATUS_BAR_NOTI]: updatePosition: first update mCurPoint = Point(5, -9), mRange = Rect(0, -11 - 22, 11), count = 1, interval = 10
03-13 08:51:47.383  4205  4205 I SubScreenPositionControllerImpl[SUB_STATUS_BAR_BATTERY]: initPosition: mRange = Rect(-22, -11 - 0, 11), mParams = ViewPositionParams {name = SUB_STATUS_BAR_BATTERY, width = 21, height = 21, left = 0, top = 0, right = 0, bottom = 0, offset = Point(0, 0), interval = 10, gravity = 8388629, high = false, baseScreenSizeRate = 1.0, initialBottomMargin = 0}
03-13 08:51:47.383  4205  4205 I SubScreenPositionControllerImpl[SUB_STATUS_BAR_BATTERY]: setAODFinalPosition() mAODFinalPosition = [0,7], offset[Point(0, 0)]
03-13 08:51:47.383  4205  4205 I SubScreenPositionControllerImpl[SUB_STATUS_BAR_BATTERY]: updatePosition: first update mCurPoint = Point(0, 7), mRange = Rect(-22, -11 - 0, 11), count = 1, interval = 10
03-13 08:51:47.383  4205  4205 I SubScreenPositionControllerImpl[SUB_STATUS_BAR_NOTI]: getRandomFinalPosition() [5,-9]
03-13 08:51:47.383  4205  4205 I SubScreenPositionControllerImpl[SUB_STATUS_BAR_BATTERY]: setFinalPositionY(-9) Point(0, 7) -> Point(0, -9)
03-13 08:51:47.383  4205  4205 I SubScreenPositionControllerImpl[SUB_STATUS_BAR_NOTI]: getRandomFinalPosition() [5,-9]
03-13 08:51:47.383  4205  4205 I SubLauncher:SubLauncherStateManager@232606011: setNIODozePosition: Point(19, 14) -> Point(5, -9)
03-13 08:51:47.383  4205  4205 I SubScreenPositionControllerImpl[SUB_STATUS_BAR_BATTERY]: getRandomFinalPosition() [0,-9]
03-13 08:51:47.383  4205  4205 I SubLauncher:SubLauncherStateManager@232606011: setBatteryDozePosition: Point(-6, 14) -> Point(0, -9)
03-13 08:51:47.383  3003  3911 D SensorService: setSContextDataLocked ints length 3 , byte length 5
03-13 08:51:47.383  3003  3911 D SensorService: setSContextDataLocked 330c0ec1
03-13 08:51:47.383  4205  4205 I SubLauncher:GetClockMovableAreaUseCase@58390511: MovableArea: SkRegion((34,72,714,431)(34,431,621,552)), from=left: Rect(0, 0 - 34, 720), top: Rect(0, 0 - 748, 72), right: Rect(714, 0 - 748, 720), bottom: Rect(0, 552 - 748, 720), shortcut: Rect(621, 431 - 748, 720), nowBar: Rect(0, 566 - 748, 720), 
03-13 08:51:47.383  4205  4205 I SubLauncher:SubLauncherClock@211923914: initMovableArea: SkRegion((34,72,714,431)(34,431,621,552)), rootSize=SubScreenSize(width=748, height=720, widthF=748.0, heightF=720.0, halfWidth=374.0, halfHeight=360.0, cornerRadius=20), isFlexMode=false, isWidgetEnabled=false, isInformative=false, isNowBarVisible=true, nowBarPosition=Point(-9, 7)
03-13 08:51:47.383  4205  4205 I SubLauncher:SubLauncherFrontScrim@3963240: isFolderClosed it=true, displayState=1
03-13 08:51:47.383  4205  4205 I SubLauncher:SubLauncherStateManager@232606011: setFrontScrimAnimState: 0 -> 1
03-13 08:51:47.383  4205  4205 I SubLauncher:SubLauncherWidget@32662509: dispatchWidgetListening: true
03-13 08:51:47.383  4205  4205 D CoverWidgetDataControllerImpl: startAppWidgetListening tiletype=0
03-13 08:51:47.383  3003  4564 I AppWidgetServiceImpl: startListening() 
03-13 08:51:47.383  2007  2007 I sensors-hal: inject_sensor_data:407, handle 1502 send inject
03-13 08:51:47.383  3003  4564 I AppWidgetServiceImpl: startListening callbacks : com.android.internal.appwidget.IAppWidgetHost$Stub$Proxy@a01e5e9 intervalEnsure:233507949 intervalHostLock:233507949 LhostId:HostId{user:0, app:10053, hostId:1911, pkg:com.android.systemui}
03-13 08:51:47.383  2007  2007 I sensors-hal: sendContextData:290, sensor hal 5, (0xc1, 0xe, 0xc, 0x33)
03-13 08:51:47.383  2007  2007 I sensors-hal: sendContextData:230, activities 5 c1, 1
03-13 08:51:47.383  2007  2007 I sensors-hal: sendUserData:251, Activities cmd 0xc1 0xe
03-13 08:51:47.383  2007  2007 I sensors-hal: sendUserData:265, Activities system time h 12 m 51 s 47
03-13 08:51:47.383  2007  2007 I sensors-hal: create_send_context_data:80, sending create_send_context_data
03-13 08:51:47.383  2007  2007 I sensors-hal: send_context_data:694, activities, 4914309220830019584, 1320970896291267344, msgid:700
03-13 08:51:47.383  3003  4564 I AppWidgetServiceImpl: startListening() finish
03-13 08:51:47.383  2007  2007 I sensors-hal: sendContextData:114, common_info 5
03-13 08:51:47.383  2007  2007 I sensors-hal: sendUserData:137, CommonInfo 0xc1 0xe 0xc 0x33
03-13 08:51:47.383  2007  2007 I sensors-hal: create_send_context_data:70, sending create_send_context_data
03-13 08:51:47.383  2007  2007 I sensors-hal: send_context_data:694, common_info, 4914309147815575552, 1320970896291267344, msgid:700
03-13 08:51:47.383  3003  3068 I SurfaceComposerClient: apply DisplayState::eLayerStackChanged(index:0) layerStack(-1)
03-13 08:51:47.383  3003  3068 I SurfaceComposerClient: apply DisplayState::eFlagsChanged(index:0) flags(0)
03-13 08:51:47.384  3003  3067 D RefreshRateModeManager: onBrightnessChanged: brt=0, lux=-1.0
03-13 08:51:47.384  3003  3911 D SensorService: setSContextDataLocked ints length 2 , byte length 4
03-13 08:51:47.384  3003  3911 D SensorService: setSContextDataLocked 47c1
03-13 08:51:47.384  3003  3911 I SensorService: [EARPROXIMITY] EarProximitySensor2 screen 0
03-13 08:51:47.384  2007  3909 I sensors-hal: qsh_conn_resp_cb:930, resp_value = 0 for activities 
03-13 08:51:47.384  4205  4205 I AppWidgetHost: updateAppWidgetView, appWidgetId = 4, v = aod.Dt{50e0153 V.E...... R.....ID 0,0-318,280}
03-13 08:51:47.384  2007  3909 I sensors-hal: qsh_conn_resp_cb:930, resp_value = 0 for common_info 
03-13 08:51:47.384  4205  4205 D GWT:HostView: [aodservice] updateAppWidget: rv=android.widget.RemoteViews@bd4042, width=318 height=280
03-13 08:51:47.385  2007  2007 I sensors-hal: inject_sensor_data:407, handle 1502 send inject
03-13 08:51:47.385  2007  2007 I sensors-hal: sendContextData:290, sensor hal 4, (0xc1, 0x47, 0x0, 0x0)
03-13 08:51:47.385  2007  2007 I sensors-hal: sendContextData:230, activities 4 c1, 1
03-13 08:51:47.385  2007  2007 I sensors-hal: sendUserData:251, Activities cmd 0xc1 0x47
03-13 08:51:47.385  2007  2007 I sensors-hal: create_send_context_data:80, sending create_send_context_data
03-13 08:51:47.385  2007  2007 I sensors-hal: send_context_data:694, activities, 4914309220830019584, 1320970896291267344, msgid:700
03-13 08:51:47.385  2007  2007 I sensors-hal: sendContextData:114, common_info 4
03-13 08:51:47.385  2007  2007 I sensors-hal: sendUserData:137, CommonInfo 0xc1 0x47 0x0 0x0
03-13 08:51:47.385  2007  2007 I sensors-hal: create_send_context_data:70, sending create_send_context_data
03-13 08:51:47.385  2007  2007 I sensors-hal: send_context_data:694, common_info, 4914309147815575552, 1320970896291267344, msgid:700
03-13 08:51:47.385  2007  2007 I sensors-hal: write_algo_lcd_onoff_state:196, algo_lcd_onoff : 0x0
03-13 08:51:47.385  2092  2092 I SSC_DAEMON: handleSensorTestReqMsg:85, Sensor type :20, Msg type:15
03-13 08:51:47.385  2092  2092 I SSC_DAEMON: physicalSensorTestReqMsg:162, 0.algo_id:26, num:1
03-13 08:51:47.385   368   368 D VRI[InstagramMainActivity]@fd55c3d: Not drawing due to screen off
03-13 08:51:47.385  4205  4205 D SecLifecycle: screenState=3
03-13 08:51:47.385  4205  4205 D {OngoingActivityController}:  screen OFF 
03-13 08:51:47.385  4205  4205 D CollapsedStatusBarFragment: cancelOngoingAnimation: -> Screen State Changed
03-13 08:51:47.385  4205  4205 D {ChipAnimationController}: cancelAnimation() v:ongoing_activity_capsule
03-13 08:51:47.386  4205  2177 I DymLock|LockContainerStore: do action : change_folder_state
03-13 08:51:47.386  4205  4362 D Tile.MobileDataTile: handleUpdateState : state false
03-13 08:51:47.386  4205  4205 D SecTabletHorizontalPanelPositionHelper: foldState: UNFOLD -> FOLD
03-13 08:51:47.386  4205  4205 D SecTabletHorizontalPanelPositionHelper: setHorizontalPanelTranslation(0.0), force : true
03-13 08:51:47.386  4205  2177 I DymLock|BaseLockStateContainer: onLockContainerStoreChangeEvent action[folder_change_event]
03-13 08:51:47.386  4205  2177 W DymLock|BaseLockStateContainer: onLockContainerStoreChangeEvent : not dls state
03-13 08:51:47.386  4205  4205 E SecQSPanelResourcePickHelper: need to prepare suitable picker for COVER
03-13 08:51:47.386  4205  4205 D ColoredBGHelper: onColorsChanged which = 17
03-13 08:51:47.386  4205  4205 D ColoredBackgroundRepository: notifyWallPaperColorChanged called
03-13 08:51:47.386  4205  4205 D WallpaperManager: getSeedColors: which = 1, fromGoogle = false
03-13 08:51:47.386  4205  4205 D WallpaperManager: semGetWallpaperColors: which = 1
03-13 08:51:47.386 16161 16161 I NearbyDiscovery: (REDACTED) FastPairDisplayObserver: %s -> %s
03-13 08:51:47.386  2007  3909 I sensors-hal: qsh_conn_resp_cb:930, resp_value = 0 for activities 
03-13 08:51:47.386  2007  3909 I sensors-hal: qsh_conn_resp_cb:930, resp_value = 0 for common_info 
03-13 08:51:47.385  3003  3910 I CAE     : handleMessage(CaPowerManager.java:240) - SCREEN_OFF
03-13 08:51:47.386  2092  3859 I SSC_DAEMON: pocketModeOptionDefineEvent:23, 1
03-13 08:51:47.386  4205  4362 E SecQSPanelResourcePickHelper: need to prepare suitable picker for COVER
03-13 08:51:47.386  4205  4362 E SecQSPanelResourcePickHelper: need to prepare suitable picker for COVER
03-13 08:51:47.386  3003  3003 I SemMdnieManagerService: DDI setNightDimOffMode : false, index : 0, str : (0 0)
03-13 08:51:47.387  3003  3804 D WALLPAPER_SVC:SubDisplayMode: getFolderStateBasedWhich state = 0 
03-13 08:51:47.387  4205  4205 D SemWallpaperColorsArea: SemWallpaperColorsArea [1080, 2640] which: 17 rotation: 0 has Base: false
03-13 08:51:47.387  3003  3003 D SGM:GameManager: onDisplayChanged. displyId: 1, state: 1
03-13 08:51:47.387  3003  3003 V CameraService_worker: onDisplayChanged rotation : 0 current mDeviceState : 6
03-13 08:51:47.387  4205  4205 D SemWallpaperColorsArea: SemWallpaperColorsArea which = 17, mDensity : 2.125, 1080x2640,508x1242,14,31, 9
03-13 08:51:47.387  4205  4205 I SemWallpaperColorsArea: Final area : Rect(46, 19 - 1032, 48)
03-13 08:51:47.387  4205  4205 I SemWallpaperColorsArea: Final area : Rect(376, 561 - 701, 1806)
03-13 08:51:47.387  4205  4205 I SemWallpaperColorsArea: Final area : Rect(505, 46 - 573, 214)
03-13 08:51:47.387  4205  4205 I SemWallpaperColorsArea: Final area : Rect(911, 2046 - 1028, 2341)
03-13 08:51:47.387  4205  4205 I SemWallpaperColorsArea: Final area : Rect(61, 2573 - 446, 2639)
03-13 08:51:47.387  4205  4205 I SemWallpaperColorsArea: Final area : Rect(0, 0 - 1079, 2639)
03-13 08:51:47.387  4205  4205 D ColoredBackgroundWallpaperInteractor: home MatchingColor : 0xff7f7765
03-13 08:51:47.387  4205  4205 D WallpaperManager: getSeedColors: which = 2, fromGoogle = false
03-13 08:51:47.387  4205  4205 D WallpaperManager: semGetWallpaperColors: which = 2
03-13 08:51:47.387  3003  3804 D WALLPAPER_SVC:SubDisplayMode: getFolderStateBasedWhich state = 0 
03-13 08:51:47.387  4205  4362 D Tile.DndTile: handleUpdateState zen 0  state = QSTile$BooleanState[spec=Dnd,icon=ResourceIcon[resId=0x7f080f7d],nextIcon=null,iconSupplier=null,label=Do not disturb,secondaryLabel=null,contentDescription=null,stateDescription=null,dualLabelContentDescription=null,expandedAccessibilityClassName=null,disabledByPolicy=false,dualTarget=true,isTransient=false,handlesSecondaryClick=false,state=1,sideViewCustomDrawable=null,tileClassName=null,value=false,forceExpandIcon=false]
03-13 08:51:47.387  2092  2092 I SSC_DAEMON: handleSensorTestReqMsg:85, Sensor type :4, Msg type:15
03-13 08:51:47.387  2092  2092 I SSC_DAEMON: physicalSensorTestReqMsg:130, s:4, m:15
03-13 08:51:47.387  4205  4362 D Tile.WifiTile: handleUpdateState isTransient=false transientEnabling =false cb.isTransient=false state.state = 2 mStateBeforeClick.value =false enabled =true
03-13 08:51:47.387  4205  4205 D ColoredBackgroundWallpaperInteractor: HOME h : 41.538464 s : 0.20472442 v : 0.49803922
03-13 08:51:47.387  4205  4205 D ColoredBackgroundWallpaperInteractor: getBGColor isWhiteWallpaper = false isBlackWallpaper = false wallPaperStatus = HOME 0xff7f7765
03-13 08:51:47.387  4205  4205 D ColoredBackgroundRepository: bgColorOverlaid = false, extractColor = 0xff7f7765, alpha = 61, alphaAppliedColor = 0x3d7f7765
03-13 08:51:47.387  4205  4205 D ColoredBGHelper: bgColor from interactor = 0x3d7f7765
03-13 08:51:47.387  4205  4205 D ColoredBGHelper: updateBGColor extractColor = 0x3d151a1b > 0x3d7f7765
03-13 08:51:47.387  4205  4205 D ColoredBGHelper: setBackGroundDrawable alpha = 61 > 61, color = 0x3d151a1b > 0x3d7f7765, actualAppliedColor = 0x3d151a1b > 0x3d7f7765 com.android.systemui.qs.bar.ColoredBGHelper$1$1.invokeSuspend:60
03-13 08:51:47.387  4205  4205 D ColoredBGHelper:  com.android.systemui.qs.bar.ColoredBGHelper$1$1.invoke:21
03-13 08:51:47.387  4205  4205 D ColoredBGHelper:  kotlinx.coroutines.flow.FlowKt__MergeKt$mapLatest$1.invokeSuspend:49
03-13 08:51:47.387  4205  4362 D Tile.SoundModeTile: handleUpdateState: profile 0, muteAllSound false
03-13 08:51:47.388  2007  3645 I sensors-hal: qsh_conn_event_cb:890, event[0] sensor:Pocket mode  Wakeup, msg_id=715, ts=4483453296799
03-13 08:51:47.388  2007  3645 E libprotobuf-native: [libprotobuf ERROR external/protobuf/src/google/protobuf/message_lite.cc:133] Can't parse message of type "sns_std_sensor_event" because it is missing required fields: (cannot determine missing fields for lite message)
03-13 08:51:47.388  4205  4205 I LockscreenNotificationIconsOnlyController: onNotificationInfoUpdated 0
03-13 08:51:47.387  3003  3003 D SGM:GameManager: onDisplayChanged. displyId: 0, state: 1
03-13 08:51:47.388  4205  4205 I AODNotificationManager: subLauncherUpdateNotification() 
03-13 08:51:47.388  4205  4205 D PluginAODManager: onNotificationInfoUpdated() 0
03-13 08:51:47.388  4205  4205 I AODNotificationManager: updateVisibleNotifications: 0
03-13 08:51:47.388  2092  3859 I SSC_DAEMON: light_event_log:196, light_msg(4/15): panel off (idx 0) - 0,-1,-1,0
03-13 08:51:47.388  4205  4205 D FaceWidgetWallpaperUtilsWrapper: updateStyle: updateFlag = [ | | | STATUSBAR BODY_TOP BODY_MID BODY_BOTTOM NAVIBAR BACKGROUND | SHADOW ], colors = Rect(31, 19 - 716, 48)[1] Rect(261, 150 - 484, 490)[1] Rect(350, 12 - 397, 57)[1] Rect(631, 556 - 711, 637)[1] Rect(42, 652 - 308, 718)[1] Rect(0, 0 - 748, 718)[1] 
03-13 08:51:47.388  4205  4205 I SubLauncher:BouncerViewController@120397705: set fontColor with isBlackWallpaper
03-13 08:51:47.388  4205  4205 D FaceWidgetWallpaperUtilsWrapper: updateStyle: updateFlag = [ | | | STATUSBAR BODY_TOP BODY_MID BODY_BOTTOM NAVIBAR BACKGROUND | SHADOW ], colors = Rect(31, 19 - 716, 48)[1] Rect(261, 150 - 484, 490)[1] Rect(350, 12 - 397, 57)[1] Rect(631, 556 - 711, 637)[1] Rect(42, 652 - 308, 718)[1] Rect(0, 0 - 748, 718)[1] 
03-13 08:51:47.388  4205  4205 I SubLauncher:SubLauncherShortcutController@221946527: get fontColorType from Wallpaper Rect(31, 19 - 716, 48)[1] Rect(261, 150 - 484, 490)[1] Rect(350, 12 - 397, 57)[1] Rect(631, 556 - 711, 637)[1] Rect(42, 652 - 308, 718)[1] Rect(0, 0 - 748, 718)[1] 
03-13 08:51:47.388  4205  4205 I SubLauncher:SubLauncherShortcutController@221946527: shortcutFontColorType : BLACK
03-13 08:51:47.388  4205  4205 D FaceWidgetWallpaperUtilsWrapper: updateStyle: updateFlag = [ | | | STATUSBAR BODY_TOP BODY_MID BODY_BOTTOM NAVIBAR BACKGROUND | SHADOW ], colors = Rect(31, 19 - 716, 48)[1] Rect(261, 150 - 484, 490)[1] Rect(350, 12 - 397, 57)[1] Rect(631, 556 - 711, 637)[1] Rect(42, 652 - 308, 718)[1] Rect(0, 0 - 748, 718)[1] 
03-13 08:51:47.388  4205  4205 I SubLauncher:SubLauncherClockColorManager@150858901: updateStyle [version:22, which:17, adaptive dim:0.0/0, darkmode dim:0.25]
03-13 08:51:47.388  4205  4205 I SubLauncher:SubLauncherClockColorManager@150858901: 	[SeedColors, [-70198]]
03-13 08:51:47.388  4205  4205 I SubLauncher:SubLauncherClockColorManager@150858901: 	[STATUSBAR, Rect(31, 19 - 716, 48):1/ff000000/1.0/0.1, 0.0/0.0/0.0]
03-13 08:51:47.388  4205  4205 I SubLauncher:SubLauncherClockColorManager@150858901: 	[BODY_TOP, Rect(261, 150 - 484, 490):1/ff4e4e4e/2.0004/0.30007502, 37.627117/0.23694779/0.9764706]
03-13 08:51:47.388  4205  4205 I SubLauncher:SubLauncherClockColorManager@150858901: 	[BODY_MID, Rect(350, 12 - 397, 57):1/ff525252/2.0004/0.30007502, 40.8/0.19607843/1.0]
03-13 08:51:47.388  4205  4205 I SubLauncher:SubLauncherClockColorManager@150858901: 	[BODY_BOTTOM, Rect(631, 556 - 711, 637):1/ff343434/3.3315673/0.54966885, 31.8/0.4784689/0.81960785]
03-13 08:51:47.388  4205  4205 I SubLauncher:SubLauncherClockColorManager@150858901: 	[NAVIBAR, Rect(42, 652 - 308, 718):1/ff525252/2.0004/0.30007502, 42.352943/0.2007874/0.99607843]
03-13 08:51:47.388  4205  4205 I SubLauncher:SubLauncherClockColorManager@150858901: 	[BACKGROUND, Rect(0, 0 - 748, 718):1/ff464646/2.1101708/0.32065704, 34.411766/0.28691983/0.92941177]
03-13 08:51:47.388  4205  4205 I SubLauncher:SubLauncherClockColorManager@150858901: color set changed 10, adap = false, custom = -11654621, fontColorType=1
03-13 08:51:47.388  4205  4205 I SubLauncher:SubLauncherClockColorManager@150858901: setClockColor() 10
03-13 08:51:47.388  4205  4205 I ModuleClockView_SUB_LAUNCHER_1@80: setFontColorType: 1
03-13 08:51:47.388  4205  4205 I ModuleClockView_SUB_LAUNCHER_1@80: refreshColor: Custom
03-13 08:51:47.388  4205  4205 I ModuleClockView_SUB_LAUNCHER_1@80: updateBaseTargetPaletteItem: base=SOLID color : FF4E2A23, target=SOLID color : FFCCA8A1
03-13 08:51:47.388  4205  4205 I ModuleClockView_SUB_LAUNCHER_1@80: setCustomColorInternal : color = #ff4e2a23 > #ff4e2a23, mIsWhiteWallpaper = true
03-13 08:51:47.388  4205  4205 I DigitalVerticalClockView_SUB_LAUNCHER_1@57: setFontColorType: 1
03-13 08:51:47.388  4205  4205 I DigitalVerticalClockView_SUB_LAUNCHER_1@57: refreshColor: Custom
03-13 08:51:47.388  4205  4205 I DigitalVerticalClockView_SUB_LAUNCHER_1@57: updateBaseTargetPaletteItem: base=SOLID color : FF4E2A23, target=SOLID color : FFCCA8A1
03-13 08:51:47.388  4205  4205 I DigitalVerticalClockView_SUB_LAUNCHER_1@57: setCustomColorInternal : color = #ff4e2a23 > #ff4e2a23, mIsWhiteWallpaper = true
03-13 08:51:47.388  3003  3687 D SGM:FgCheckThread: onLooperPrepared(), msg: MSG_LCD_OFF
03-13 08:51:47.388  4205  4205 I ModuleClockView_SUB_LAUNCHER_1@80: setCustomColor : color = -11654621
03-13 08:51:47.388  4205  4205 I ModuleClockView_SUB_LAUNCHER_1@80: updateBaseTargetPaletteItem: base=SOLID color : FF4E2A23, target=SOLID color : FFCCA8A1
03-13 08:51:47.388  4205  4205 I ModuleClockView_SUB_LAUNCHER_1@80: setCustomColorInternal : color = #ff4e2a23 > #ff4e2a23, mIsWhiteWallpaper = true
03-13 08:51:47.388  4205  4205 I DigitalVerticalClockView_SUB_LAUNCHER_1@57: setCustomColor : color = -11654621
03-13 08:51:47.388  4205  4205 I DigitalVerticalClockView_SUB_LAUNCHER_1@57: updateBaseTargetPaletteItem: base=SOLID color : FF4E2A23, target=SOLID color : FFCCA8A1
03-13 08:51:47.388  4205  4205 I DigitalVerticalClockView_SUB_LAUNCHER_1@57: setCustomColorInternal : color = #ff4e2a23 > #ff4e2a23, mIsWhiteWallpaper = true
03-13 08:51:47.388  4205  4205 I SubLauncher:SubLauncherStateManager@232606011: setClockShadowStyle: [ShadowStyle: shadowRadius = 0.0, shadowDx = 0.0, shadowDy = 0.0, shadowColor = 0] -> [ShadowStyle: shadowRadius = 0.0, shadowDx = 0.0, shadowDy = 0.0, shadowColor = 0]
03-13 08:51:47.388  4205  4205 I SubLauncher:SubLauncherClockColorManager@150858901: clock color = #ff4e2a23
03-13 08:51:47.388  4205  4205 I SubLauncher:SubLauncherStateManager@232606011: setClockColor: -11654621 -> -11654621
03-13 08:51:47.388  4205  4205 I SubLauncher:SubLauncherClockColorManager@150858901: set fontColor from Wallpaper  Rect(31, 19 - 716, 48)[1] Rect(261, 150 - 484, 490)[1] Rect(350, 12 - 397, 57)[1] Rect(631, 556 - 711, 637)[1] Rect(42, 652 - 308, 718)[1] Rect(0, 0 - 748, 718)[1] 
03-13 08:51:47.388  4205  4205 D FaceWidgetWallpaperUtilsWrapper: updateStyle: updateFlag = [ | | | STATUSBAR BODY_TOP BODY_MID BODY_BOTTOM NAVIBAR BACKGROUND | SHADOW ], colors = Rect(31, 19 - 716, 48)[1] Rect(261, 150 - 484, 490)[1] Rect(350, 12 - 397, 57)[1] Rect(631, 556 - 711, 637)[1] Rect(42, 652 - 308, 718)[1] Rect(0, 0 - 748, 718)[1] 
03-13 08:51:47.389  4205  4205 I SubLauncher:SubLauncherClockStatusBarController@43446542: get fontColorType from Wallpaper Rect(31, 19 - 716, 48)[1] Rect(261, 150 - 484, 490)[1] Rect(350, 12 - 397, 57)[1] Rect(631, 556 - 711, 637)[1] Rect(42, 652 - 308, 718)[1] Rect(0, 0 - 748, 718)[1] 
03-13 08:51:47.389  4205  4205 D FaceWidgetWallpaperUtilsWrapper: updateStyle: updateFlag = [ | | | STATUSBAR BODY_TOP BODY_MID BODY_BOTTOM NAVIBAR BACKGROUND | SHADOW ], colors = Rect(31, 19 - 716, 48)[1] Rect(261, 150 - 484, 490)[1] Rect(350, 12 - 397, 57)[1] Rect(631, 556 - 711, 637)[1] Rect(42, 652 - 308, 718)[1] Rect(0, 0 - 748, 718)[1] 
03-13 08:51:47.389  4205  4205 I SubLauncher:LockIconViewController@83161634: get fontColorType from Wallpaper Rect(31, 19 - 716, 48)[1] Rect(261, 150 - 484, 490)[1] Rect(350, 12 - 397, 57)[1] Rect(631, 556 - 711, 637)[1] Rect(42, 652 - 308, 718)[1] Rect(0, 0 - 748, 718)[1] 
03-13 08:51:47.389  4205  4205 D FaceWidgetWallpaperUtilsWrapper: updateStyle: updateFlag = [ | | | STATUSBAR BODY_TOP BODY_MID BODY_BOTTOM NAVIBAR BACKGROUND | SHADOW ], colors = Rect(31, 19 - 716, 48)[1] Rect(261, 150 - 484, 490)[1] Rect(350, 12 - 397, 57)[1] Rect(631, 556 - 711, 637)[1] Rect(42, 652 - 308, 718)[1] Rect(0, 0 - 748, 718)[1] 
03-13 08:51:47.389  4205  4205 I SubLauncher:SubLauncherNowBarController@192055129: get fontColorType from Wallpaper Rect(31, 19 - 716, 48)[1] Rect(261, 150 - 484, 490)[1] Rect(350, 12 - 397, 57)[1] Rect(631, 556 - 711, 637)[1] Rect(42, 652 - 308, 718)[1] Rect(0, 0 - 748, 718)[1] 
03-13 08:51:47.389  4205  4205 I SubLauncher:SubLauncherNowBarController@192055129: nowBarColorType : BLACK
03-13 08:51:47.389  4205  4205 D WallpaperManager: semGetWallpaperColors: which = 17
03-13 08:51:47.389  4205  4205 D SemWallpaperColorsArea: SemWallpaperColorsArea [1080, 2640] which: 17 rotation: 0 has Base: false
03-13 08:51:47.389  4205  4205 D SemWallpaperColorsArea: SemWallpaperColorsArea which = 17, mDensity : 2.125, 1080x2640,508x1242,14,31, 9
03-13 08:51:47.389  4205  4205 I SemWallpaperColorsArea: Final area : Rect(46, 19 - 1032, 48)
03-13 08:51:47.389  4205  4205 I SemWallpaperColorsArea: Final area : Rect(376, 561 - 701, 1806)
03-13 08:51:47.389  4205  4205 I SemWallpaperColorsArea: Final area : Rect(505, 46 - 573, 214)
03-13 08:51:47.389  4205  4205 I SemWallpaperColorsArea: Final area : Rect(911, 2046 - 1028, 2341)
03-13 08:51:47.389  4205  4205 I SemWallpaperColorsArea: Final area : Rect(61, 2573 - 446, 2639)
03-13 08:51:47.389  4205  4205 I SemWallpaperColorsArea: Final area : Rect(0, 0 - 1079, 2639)
03-13 08:51:47.389  4205  4205 W Settings: Setting accessibility_reduce_transparency has moved from android.provider.Settings.System to android.provider.Settings.Global, returning read-only value.
03-13 08:51:47.389  4205  4205 W Settings: Setting accessibility_reduce_transparency has moved from android.provider.Settings.System to android.provider.Settings.Global, returning read-only value.
03-13 08:51:47.389  4205  4205 I SubLauncher:SubLauncherNowBarExternalViewCardView@44562429: dimColor : 2829099 and darkAmount 0.0
03-13 08:51:47.389  4205  4205 W Settings: Setting accessibility_reduce_transparency has moved from android.provider.Settings.System to android.provider.Settings.Global, returning read-only value.
03-13 08:51:47.389  4205  4205 D WallpaperManager: semGetWallpaperColors: which = 17
03-13 08:51:47.389  4205  4205 D SemWallpaperColorsArea: SemWallpaperColorsArea [1080, 2640] which: 17 rotation: 0 has Base: false
03-13 08:51:47.389  4205  4205 D SemWallpaperColorsArea: SemWallpaperColorsArea which = 17, mDensity : 2.125, 1080x2640,508x1242,14,31, 9
03-13 08:51:47.389  4205  4205 I SemWallpaperColorsArea: Final area : Rect(46, 19 - 1032, 48)
03-13 08:51:47.389  4205  4205 I SemWallpaperColorsArea: Final area : Rect(376, 561 - 701, 1806)
03-13 08:51:47.389  4205  4205 I SemWallpaperColorsArea: Final area : Rect(505, 46 - 573, 214)
03-13 08:51:47.389  4205  4205 I SemWallpaperColorsArea: Final area : Rect(911, 2046 - 1028, 2341)
03-13 08:51:47.389  4205  4205 I SemWallpaperColorsArea: Final area : Rect(61, 2573 - 446, 2639)
03-13 08:51:47.389  4205  4205 I SemWallpaperColorsArea: Final area : Rect(0, 0 - 1079, 2639)
03-13 08:51:47.389  4205  4205 D View    : semSetBlurInfo, blurInfo : android.view.SemBlurInfo@1884c43 {BLUR_MODE_WINDOW, mBlurRadius = 300, mBackgroundBlurColor = 2829099, mCornerRadiusTL = 182.75, mCornerRadiusTR = 182.75, mCornerRadiusBL = 182.75, mCornerRadiusBR = 182.75, mClipRectLeft = 0, mClipRectTop = 0, mClipRectRight = 2147483647, mClipRectBottom = 2147483647, mColorCurve = android.view.SemBlurInfo$ColorCurve@d1712c0 {minX = 0.0, minY = 14.0, maxX = 255.0, maxY = 205.3, curveBias = -10.0, saturation = 0.4}}, androidx.cardview.widget.CardView{e3329b5 V.E...... ......ID 0,0-318,110 #7f0a256e app:id/sub_launcher_nowbar_cardview_background}
03-13 08:51:47.389  2053  2130 I QC2Buf  : Reconfig: clearing from 0 bufs. Peak mem=0 MB
03-13 08:51:47.389  2053  2130 I QC2Buf  : Reconfig: clearing from 0 bufs. Peak mem=0 MB
03-13 08:51:47.390  4205  4362 D SBluetoothTile:  handleUpdateState enabled = false connected = false connecting = false changedState =false bluetoothState = 10 enabledChanging = false state = QSTile$BooleanState[spec=Bluetooth,icon=ResourceIcon[resId=0x7f080f78],nextIcon=null,iconSupplier=null,label=Bluetooth,secondaryLabel=,contentDescription=Bluetooth,stateDescription=null,dualLabelContentDescription=null,expandedAccessibilityClassName=null,disabledByPolicy=false,dualTarget=true,isTransient=false,handlesSecondaryClick=false,state=1,sideViewCustomDrawable=null,tileClassName=null,value=false,forceExpandIcon=false]
03-13 08:51:47.390  4205  4205 I Kumiho-Kumiho: getPackageName: com.samsung.android.app.routines
03-13 08:51:47.391  4205  4205 I AppIconSolution: start to load, pkg=android, bg=192-192, dr=144-144, forDefault=true, density=0
03-13 08:51:47.391  4205  4205 I AppIconSolution: getIconScale, pkg=android, size=144, iconScale=IconScale[alpha=6, scale=0.72, isCrop=false]
03-13 08:51:47.391 16161 23568 I NearbySharing: Screen is locked
03-13 08:51:47.391 16161 23568 I NearbySharing: Stopping scanning because the screen is locked.
03-13 08:51:47.391 16161 17325 I NearbyDiscovery: (REDACTED) PureOffloadFastPairScanner: eventType=%s, isInternalReq=%s, isScanning=%s, isScanningAllowed=%s
03-13 08:51:47.391  4205  4362 D DeviceState: isESIM() :0 : false
03-13 08:51:47.391  4205  4205 I Kumiho-Kumiho: getPackageName: com.samsung.android.app.routines
03-13 08:51:47.392  4205  4205 I Kumiho-Kumiho: getPackageName: com.samsung.android.app.routines
03-13 08:51:47.392 16161 23568 I NearbySharing: Stopping Fast Init advertisement because Bluetooth is off.
03-13 08:51:47.392  4205  4362 D DeviceState: isEuicc() :1 : true
03-13 08:51:47.392  4205  4362 D Tile.AirplaneModeTile:  handleUpdateState mIsWiFiOnlyDevice false isNoSimState true isPowerOffServiceState true mSetting.getValue() 0 isSatelliteModeOn false isChinaDevice false
03-13 08:51:47.392  4205  4362 D Tile.AirplaneModeTile:  handleUpdateState:  value = false, state = 1
03-13 08:51:47.392 16161 23568 I NearbySharing: Stopping advertising because Bluetooth is disabled.
03-13 08:51:47.392 16161 23568 I NearbySharing: Stopping FastInitiation scanning because the screen is locked.
03-13 08:51:47.392 16161 23568 D BluetoothAdapter: isLeEnabled(): BLE_ON
03-13 08:51:47.392 16161 23568 D BluetoothLeScanner: Stop Scan with callback
03-13 08:51:47.392 16161 17325 I NearbyDiscovery: (REDACTED) ApFastPairScanner: isScreenOn=%s, isLocationEnabled=%s, disableLocationRequirement=%s, isDiscoveryScanningEnabled=%s, during24GhzWifiWarmingUpPeriod=%s
03-13 08:51:47.392  4205  4205 I AppIconSolution: default container[Contain], pkg=android, bg=184-184, dr=144-144, isNight = true
03-13 08:51:47.393 16161 17325 D BluetoothAdapter: isLeEnabled(): BLE_ON
03-13 08:51:47.393 16161 17325 I NearbyDiscovery: (REDACTED) ApFastPairScanner: eventType=%s, intReq=%s, scanning=%s, scanAllowed=%s, bleEnabled=%s, lockScanRate=%s, startScanningByLowPowerMode=%s
03-13 08:51:47.393 16161 17325 I NearbyDiscovery: (REDACTED) ApFastPairScanner: Stopping scan, %s
03-13 08:51:47.393 16161 17325 D BluetoothAdapter: isLeEnabled(): BLE_ON
03-13 08:51:47.393 16161 17325 D BluetoothLeScanner: Stop Scan with callback
03-13 08:51:47.393  4607 20117 D NxpGenExtn: vendor_nfc_handle_event Enter eventCode:12
03-13 08:51:47.393  4607 20117 D NxpGenExtn: handleVendorNciRspNtf Enter dataLen:5
03-13 08:51:47.393  4607 20117 D NxpPropExtn: phNxpProp_HandleVendorNciRspNtf PropExtensionController Enter dataLen:5
03-13 08:51:47.393  4607 20117 D NxpPropExtn: handleVendorNciRspNtf Enter dataLen:5
03-13 08:51:47.393  4607 20117 D NxpGenExtn: stopWriteRspTimer Enter cmdGid:0, cmdOid:2, rspGid:0, rspOid:2,
03-13 08:51:47.393  4607 20117 D NxpGenExtn: DefaultEventHandler::handleVendorNciRspNtf Enter dataLen:5
03-13 08:51:47.393  4607 20117 D NxpGenExtn: phNxpExtn_HandleVendorNciRspNtf prop status:81
03-13 08:51:47.393  4607 20117 D NxpGenExtn: NfcExtensionController::handleVendorNciRspNtf Enter dataLen:5
