--------- beginning of main
03-10 19:38:34.402 25205 25232 I appium  : channel read: GET /session/ce61fadd-7b8c-4f97-b30f-28dcf71f9bed/source
03-10 19:38:34.403 25205 25232 I appium  : Source command
03-10 19:38:34.404 25205 25232 I appium  : Waiting up to 10000ms for the device to idle
03-10 19:38:34.726  3706  3714 I android.hardware.thermal@2.0-service.qti-v2: Sensor Name:skin1 temp: 39.112. prev severity:0. cur severity:3 New severity:3
03-10 19:38:34.849 25205 25232 I appium  : AppiumResponse: {"sessionId":"ce61fadd-7b8c-4f97-b30f-28dcf71f9bed","value":"<?xml version='1.0' encoding='UTF-8' standalone='yes' ?>\r\n<hierarchy index=\"0\" class=\"hierarchy\" rotation=\"0\" width=\"1080\" height=\"2640\">\r\n  <android.widget.FrameLayout index=\"0\" package=\"com.waze\" class=\"android.widget.…
03-10 19:38:34.864 25205 25232 I appium  : channel read: GET /session/ce61fadd-7b8c-4f97-b30f-28dcf71f9bed/screenshot
03-10 19:38:34.865 25205 25232 I appium  : CaptureScreenshot command
03-10 19:38:34.866 25205 25232 W tomator2.server: Accessing hidden method Landroid/view/Display;->getAddress()Landroid/view/DisplayAddress; (blocked, reflection, allowed)
03-10 19:38:34.867 25205 25232 W tomator2.server: Accessing hidden method Landroid/view/DisplayAddress$Physical;->getPhysicalDisplayId()J (blocked, reflection, allowed)
03-10 19:38:34.972 26125 26125 W BpBinder: Linking to death on android.gui.ISurfaceComposer but there are no threads (yet?) listening to incoming transactions. See ProcessState::startThreadPool and ProcessState::setThreadPoolMaxThreadCount. Generally you should setup the binder threadpool before other initialization steps.
03-10 19:38:34.973 26125 26125 W ProcessState: Extra binder thread started, but 0 threads requested. Do not use *startThreadPool when zero threads are requested.
--------- beginning of system
03-10 19:38:35.021  3163  3227 W ContextImpl: Calling a method in the system process without a qualified user: android.app.ContextImpl.sendBroadcast:1273 com.android.server.location.provider.LocationProviderManager$LocationRegistration$1.test:1070 com.android.server.location.provider.LocationProviderManager$LocationRegistration$1.test:1019 android.location.LocationResult.filter:253 com.android.server.location.provider.LocationProviderManager$LocationRegistration.acceptLocationChange:1018 
03-10 19:38:35.023  3163  3227 W ContextImpl: Calling a method in the system process without a qualified user: android.app.ContextImpl.sendBroadcast:1273 com.android.server.location.provider.LocationProviderManager$LocationRegistration$1.test:1070 com.android.server.location.provider.LocationProviderManager$LocationRegistration$1.test:1019 android.location.LocationResult.filter:253 com.android.server.location.provider.LocationProviderManager$LocationRegistration.acceptLocationChange:1018 
03-10 19:38:35.024  3163  3227 W ContextImpl: Calling a method in the system process without a qualified user: android.app.ContextImpl.sendBroadcast:1273 com.android.server.location.provider.LocationProviderManager$LocationRegistration$1.test:1070 com.android.server.location.provider.LocationProviderManager$LocationRegistration$1.test:1019 android.location.LocationResult.filter:253 com.android.server.location.provider.LocationProviderManager$LocationRegistration.acceptLocationChange:1018 
03-10 19:38:35.027  5993  7248 I FusedLocation: (REDACTED) location delivery to %s blocked - too fast
03-10 19:38:35.027  5993  7248 I FusedLocation: (REDACTED) location delivery to %s blocked - too close
03-10 19:38:35.027  5993  7248 I FusedLocation: (REDACTED) location delivery to %s blocked - too close
03-10 19:38:35.028  5993  7248 I FusedLocation: (REDACTED) location delivery to %s blocked - too close
03-10 19:38:35.028  5993  7248 I FusedLocation: (REDACTED) location delivery to %s blocked - too close
03-10 19:38:35.398 25205 25232 I appium  : AppiumResponse: {"sessionId":"ce61fadd-7b8c-4f97-b30f-28dcf71f9bed","value":"iVBORw0KGgoAAAANSUhEUgAABDgAAApQCAYAAABYiJrlAAAAAXNSR0IArs4c6QAAAARzQklUCAgICHwIZIgAACAASURBVHic7N13VBRn2wbwa3dY+tIERAQUFeyIvVfsvb6x915jjD22mMQkfikaNRoTe+9o7F2wK2jEhigWsNB7Wdid74+V0Q2goLSN1++cnMOyU9XszlxzP/cjK+1aTgQRERERERERkR6TF/YBEBERERE…
03-10 19:38:35.646 25248 25286 I TRuntime.CctTransportBackend: Status Code: 200
03-10 19:38:35.799 25248 25286 I TRuntime.CctTransportBackend: Making request to: https://firebaselogging-pa.googleapis.com/v1/firelog/legacy/batchlog
03-10 19:38:36.025  3163  3227 W ContextImpl: Calling a method in the system process without a qualified user: android.app.ContextImpl.sendBroadcast:1273 com.android.server.location.provider.LocationProviderManager$LocationRegistration$1.test:1070 com.android.server.location.provider.LocationProviderManager$LocationRegistration$1.test:1019 android.location.LocationResult.filter:253 com.android.server.location.provider.LocationProviderManager$LocationRegistration.acceptLocationChange:1018 
03-10 19:38:36.027  3163  3227 W ContextImpl: Calling a method in the system process without a qualified user: android.app.ContextImpl.sendBroadcast:1273 com.android.server.location.provider.LocationProviderManager$LocationRegistration$1.test:1070 com.android.server.location.provider.LocationProviderManager$LocationRegistration$1.test:1019 android.location.LocationResult.filter:253 com.android.server.location.provider.LocationProviderManager$LocationRegistration.acceptLocationChange:1018 
03-10 19:38:36.028  3163  3227 W ContextImpl: Calling a method in the system process without a qualified user: android.app.ContextImpl.sendBroadcast:1273 com.android.server.location.provider.LocationProviderManager$LocationRegistration$1.test:1070 com.android.server.location.provider.LocationProviderManager$LocationRegistration$1.test:1019 android.location.LocationResult.filter:253 com.android.server.location.provider.LocationProviderManager$LocationRegistration.acceptLocationChange:1018 
03-10 19:38:36.031  5993  7248 I FusedLocation: (REDACTED) location delivery to %s blocked - too close
03-10 19:38:36.032  7505  7505 D LocationTracker: Got a location update from Play Services
03-10 19:38:36.033  5993  7248 I FusedLocation: (REDACTED) location delivery to %s blocked - too close
03-10 19:38:36.034  5993  7248 I FusedLocation: (REDACTED) location delivery to %s blocked - too close
03-10 19:38:36.034  5993  7248 I FusedLocation: (REDACTED) location delivery to %s blocked - too close
03-10 19:38:36.357  3163  5158 D WifiStaIfaceHidlImpl: getCachedScanData is not implemented by HIDL
03-10 19:38:36.428  5727  8012 I QImsService: VtDataUsageProvider : onSetAlert:2097152
03-10 19:38:36.428  5727  5727 I QImsService: ImsServiceClassTracker : updateAlertQuota:newQuota=2097152,Remaining=2097152
03-10 19:38:37.027  3163  3227 W ContextImpl: Calling a method in the system process without a qualified user: android.app.ContextImpl.sendBroadcast:1273 com.android.server.location.provider.LocationProviderManager$LocationRegistration$1.test:1070 com.android.server.location.provider.LocationProviderManager$LocationRegistration$1.test:1019 android.location.LocationResult.filter:253 com.android.server.location.provider.LocationProviderManager$LocationRegistration.acceptLocationChange:1018 
03-10 19:38:37.029  3163  3227 W ContextImpl: Calling a method in the system process without a qualified user: android.app.ContextImpl.sendBroadcast:1273 com.android.server.location.provider.LocationProviderManager$LocationRegistration$1.test:1070 com.android.server.location.provider.LocationProviderManager$LocationRegistration$1.test:1019 android.location.LocationResult.filter:253 com.android.server.location.provider.LocationProviderManager$LocationRegistration.acceptLocationChange:1018 
03-10 19:38:37.030  3163  3227 W ContextImpl: Calling a method in the system process without a qualified user: android.app.ContextImpl.sendBroadcast:1273 com.android.server.location.provider.LocationProviderManager$LocationRegistration$1.test:1070 com.android.server.location.provider.LocationProviderManager$LocationRegistration$1.test:1019 android.location.LocationResult.filter:253 com.android.server.location.provider.LocationProviderManager$LocationRegistration.acceptLocationChange:1018 
03-10 19:38:37.032  5993  7248 I FusedLocation: (REDACTED) location delivery to %s blocked - too fast
03-10 19:38:37.032  5993  7248 I FusedLocation: (REDACTED) location delivery to %s blocked - too close
03-10 19:38:37.034  5993  7248 I FusedLocation: (REDACTED) location delivery to %s blocked - too close
03-10 19:38:37.035  5993  7248 I FusedLocation: (REDACTED) location delivery to %s blocked - too close
03-10 19:38:37.035  5993  7248 I FusedLocation: (REDACTED) location delivery to %s blocked - too close
03-10 19:38:38.028  3163  3227 W ContextImpl: Calling a method in the system process without a qualified user: android.app.ContextImpl.sendBroadcast:1273 com.android.server.location.provider.LocationProviderManager$LocationRegistration$1.test:1070 com.android.server.location.provider.LocationProviderManager$LocationRegistration$1.test:1019 android.location.LocationResult.filter:253 com.android.server.location.provider.LocationProviderManager$LocationRegistration.acceptLocationChange:1018 
03-10 19:38:38.029  3163  3227 W ContextImpl: Calling a method in the system process without a qualified user: android.app.ContextImpl.sendBroadcast:1273 com.android.server.location.provider.LocationProviderManager$LocationRegistration$1.test:1070 com.android.server.location.provider.LocationProviderManager$LocationRegistration$1.test:1019 android.location.LocationResult.filter:253 com.android.server.location.provider.LocationProviderManager$LocationRegistration.acceptLocationChange:1018 
03-10 19:38:38.030  3163  3227 W ContextImpl: Calling a method in the system process without a qualified user: android.app.ContextImpl.sendBroadcast:1273 com.android.server.location.provider.LocationProviderManager$LocationRegistration$1.test:1070 com.android.server.location.provider.LocationProviderManager$LocationRegistration$1.test:1019 android.location.LocationResult.filter:253 com.android.server.location.provider.LocationProviderManager$LocationRegistration.acceptLocationChange:1018 
03-10 19:38:38.034  5993  7248 I FusedLocation: (REDACTED) location delivery to %s blocked - too fast
03-10 19:38:38.034  5993  7248 I FusedLocation: (REDACTED) location delivery to %s blocked - too close
03-10 19:38:38.036  5993  7248 I FusedLocation: (REDACTED) location delivery to %s blocked - too close
03-10 19:38:38.037  5993  7248 I FusedLocation: (REDACTED) location delivery to %s blocked - too close
03-10 19:38:38.037  5993  7248 I FusedLocation: (REDACTED) location delivery to %s blocked - too close
03-10 19:38:38.077 25248 25286 I TRuntime.CctTransportBackend: Status Code: 200
03-10 19:38:38.158 25248 25286 I TRuntime.CctTransportBackend: Making request to: https://firebaselogging-pa.googleapis.com/v1/firelog/legacy/batchlog
03-10 19:38:38.183  2163  2163 D motorola.hardware.sensorext-service: handle id:13 wxh:1088x2640 uwxuh:1080x2640 size: 11489280 fd:11 fd_meta:12 flags:0x4000228 usage:0x33  format:0x1 layer_count: 1 reserved_size = 0
03-10 19:38:38.184  2195  2386 I SDM     : HWCSession::SetCWBOutputBuffer: CWB config passed by cwb_client : tappoint 1  CWB_ROI : (210.000000 26.000000 274.000000 90.000000) for display [1 0 0]
03-10 19:38:38.184  2195 26146 I SDM     : HWCDisplay::SetReadbackBuffer: CWB config from client: tap_point 1, CWB ROI Rect(210.000000 26.000000 274.000000 90.000000), PU_as_CWB_ROI 0, Cwb full rect : (0.000000 0.000000 1080.000000 2640.000000)
03-10 19:38:38.184  2195 26146 I SDM     : HWCDisplay::SetReadbackBuffer: Successfully configured the output buffer: readback_buffer_queued_ 1, readback_configured_ 0, cwb_client 3
03-10 19:38:38.184  2195 26146 I SDM     : HWCSession::ProcessRequests: Successfully configured CWB buffer.
03-10 19:38:38.184  2064  4171 D slpi-TCS3720: ALS_REPORT lux 9.942572, ch0 5.242985-2.889914-1.787803-0.879305, scale 1.1878, fps 90, client 1
03-10 19:38:38.185  2064  4171 D slpi-TCS3720: PRX_OC info Far, Total 0, pdata 0, offset 0 step 0.63, ore 0:0 step 21.00, TH_H 1020, TH_L 0, client 0
03-10 19:38:38.200  2195 26146 I SDM     : HWCSession::ProcessRequests: Pushing release fence in fenece wait queue.
03-10 19:38:38.200  2195 26146 I SDM     : HWCSession::ProcessRequests: Creating AsyncFenceWaits async thread.
03-10 19:38:38.200  2195 26146 I SDM     : HWCSession::ProcessRequests: Remove current CWB request from the pending request queue.
03-10 19:38:38.200  2195 26146 I SDM     : HWCSession::ProcessRequests: No pending cwb requests found in the queue.
03-10 19:38:38.215  2195  2269 I SDM     : HWDeviceDRM::SetupConcurrentWriteback: Tear down the Concurrent Writeback topology
03-10 19:38:38.218  2195 26147 I SDM     : HWCSession::NotifyCWBStatus: Notify the client about buffer status 0.
03-10 19:38:38.219  2195 26147 I SDM     : HWCSession::PerformFenceWaits: Remove current release fence from the pending fence wait queue.
03-10 19:38:38.219  2195 26147 I SDM     : HWCSession::PerformFenceWaits: CWB fence queue is empty. No pending release fence to wait on.
03-10 19:38:38.230  2163  2163 D SENSOREXT_ALS_COMP: FrontLight: ReportLux 4.67 (9.94-5.28), pre 6.06, dbv 2172, dc 0, fps 90, chPanel 1.83-0.61-0.83-0.32, facCal:lux_s 1.19 cha_s 1.04-1.04-1.09-1.21, RunInfo: DPB 15972-55, TF 15972-0
03-10 19:38:38.251  2064  4171 D slpi-TCS3720: ALS_REPORT lux 8.441584, ch0 4.247413-2.182071-1.496137-0.732754, scale 1.1878, fps 90, client 1
03-10 19:38:38.251  2064  4171 D slpi-TCS3720: PRX_OC info Far, Total 0, pdata 0, offset 0 step 0.63, ore 0:0 step 21.00, TH_H 1020, TH_L 0, client 0
03-10 19:38:38.290  2163  2163 D motorola.hardware.sensorext-service: handle id:13 wxh:1088x2640 uwxuh:1080x2640 size: 11489280 fd:11 fd_meta:12 flags:0x4000228 usage:0x33  format:0x1 layer_count: 1 reserved_size = 0
03-10 19:38:38.291  2195  2386 I SDM     : HWCSession::SetCWBOutputBuffer: CWB config passed by cwb_client : tappoint 1  CWB_ROI : (210.000000 26.000000 274.000000 90.000000) for display [1 0 0]
03-10 19:38:38.292  2195 26148 I SDM     : HWCDisplay::SetReadbackBuffer: CWB config from client: tap_point 1, CWB ROI Rect(210.000000 26.000000 274.000000 90.000000), PU_as_CWB_ROI 0, Cwb full rect : (0.000000 0.000000 1080.000000 2640.000000)
03-10 19:38:38.293  2195 26148 I SDM     : HWCDisplay::SetReadbackBuffer: Successfully configured the output buffer: readback_buffer_queued_ 1, readback_configured_ 0, cwb_client 3
03-10 19:38:38.293  2195 26148 I SDM     : HWCSession::ProcessRequests: Successfully configured CWB buffer.
03-10 19:38:38.300  2195 26148 I SDM     : HWCSession::ProcessRequests: Pushing release fence in fenece wait queue.
03-10 19:38:38.300  2195 26148 I SDM     : HWCSession::ProcessRequests: Creating AsyncFenceWaits async thread.
03-10 19:38:38.301  2195 26148 I SDM     : HWCSession::ProcessRequests: Remove current CWB request from the pending request queue.
03-10 19:38:38.301  2195 26148 I SDM     : HWCSession::ProcessRequests: No pending cwb requests found in the queue.
03-10 19:38:38.314  2195  2269 I SDM     : HWDeviceDRM::SetupConcurrentWriteback: Tear down the Concurrent Writeback topology
03-10 19:38:38.316  2064  4171 D slpi-TCS3720: ALS_REPORT lux 7.247549, ch0 3.538609-1.681792-1.253083-0.602487, scale 1.1878, fps 90, client 1
03-10 19:38:38.316  2064  4171 D slpi-TCS3720: PRX_OC info Far, Total 0, pdata 0, offset 0 step 0.63, ore 0:0 step 21.00, TH_H 1020, TH_L 0, client 0
03-10 19:38:38.318  2195 26149 I SDM     : HWCSession::NotifyCWBStatus: Notify the client about buffer status 0.
03-10 19:38:38.318  2195 26149 I SDM     : HWCSession::PerformFenceWaits: Remove current release fence from the pending fence wait queue.
03-10 19:38:38.318  2195 26149 I SDM     : HWCSession::PerformFenceWaits: CWB fence queue is empty. No pending release fence to wait on.
03-10 19:38:38.329  2163  2163 D SENSOREXT_ALS_COMP: FrontLight: ReportLux 3.16 (8.44-5.28), pre 4.67, dbv 2172, dc 0, fps 90, chPanel 1.83-0.61-0.83-0.32, facCal:lux_s 1.19 cha_s 1.04-1.04-1.09-1.21, RunInfo: DPB 15973-55, TF 15973-0
03-10 19:38:38.384  2064  4171 D slpi-TCS3720: ALS_REPORT lux 6.687675, ch0 3.176091-1.479551-1.161262-0.559065, scale 1.1878, fps 90, client 1
03-10 19:38:38.384  2064  4171 D slpi-TCS3720: PRX_OC info Far, Total 0, pdata 0, offset 0 step 0.63, ore 0:0 step 21.00, TH_H 1020, TH_L 0, client 0
03-10 19:38:38.450  2163  2163 D motorola.hardware.sensorext-service: handle id:13 wxh:1088x2640 uwxuh:1080x2640 size: 11489280 fd:11 fd_meta:12 flags:0x4000228 usage:0x33  format:0x1 layer_count: 1 reserved_size = 0
03-10 19:38:38.451  2195  2386 I SDM     : HWCSession::SetCWBOutputBuffer: CWB config passed by cwb_client : tappoint 1  CWB_ROI : (210.000000 26.000000 274.000000 90.000000) for display [1 0 0]
03-10 19:38:38.452  2195 26150 I SDM     : HWCDisplay::SetReadbackBuffer: CWB config from client: tap_point 1, CWB ROI Rect(210.000000 26.000000 274.000000 90.000000), PU_as_CWB_ROI 0, Cwb full rect : (0.000000 0.000000 1080.000000 2640.000000)
03-10 19:38:38.452  2195 26150 I SDM     : HWCDisplay::SetReadbackBuffer: Successfully configured the output buffer: readback_buffer_queued_ 1, readback_configured_ 0, cwb_client 3
03-10 19:38:38.452  2195 26150 I SDM     : HWCSession::ProcessRequests: Successfully configured CWB buffer.
03-10 19:38:38.467  2195 26150 I SDM     : HWCSession::ProcessRequests: Pushing release fence in fenece wait queue.
03-10 19:38:38.467  2195 26150 I SDM     : HWCSession::ProcessRequests: Creating AsyncFenceWaits async thread.
03-10 19:38:38.467  2195 26150 I SDM     : HWCSession::ProcessRequests: Remove current CWB request from the pending request queue.
03-10 19:38:38.467  2195 26150 I SDM     : HWCSession::ProcessRequests: No pending cwb requests found in the queue.
03-10 19:38:38.482  2195  2269 I SDM     : HWDeviceDRM::SetupConcurrentWriteback: Tear down the Concurrent Writeback topology
03-10 19:38:38.485  2195 26151 I SDM     : HWCSession::NotifyCWBStatus: Notify the client about buffer status 0.
03-10 19:38:38.485  2195 26151 I SDM     : HWCSession::PerformFenceWaits: Remove current release fence from the pending fence wait queue.
03-10 19:38:38.486  2195 26151 I SDM     : HWCSession::PerformFenceWaits: CWB fence queue is empty. No pending release fence to wait on.
03-10 19:38:38.493  2163  2163 D SENSOREXT_ALS_COMP: FrontLight: ReportLux 1.97 (7.25-5.28), pre 3.16, dbv 2172, dc 0, fps 90, chPanel 1.83-0.61-0.83-0.32, facCal:lux_s 1.19 cha_s 1.04-1.04-1.09-1.21, RunInfo: DPB 15974-55, TF 15974-0
03-10 19:38:38.494  2163  2163 D motorola.hardware.sensorext-service: handle id:13 wxh:1088x2640 uwxuh:1080x2640 size: 11489280 fd:11 fd_meta:12 flags:0x4000228 usage:0x33  format:0x1 layer_count: 1 reserved_size = 0
03-10 19:38:38.495  2195  2386 I SDM     : HWCSession::SetCWBOutputBuffer: CWB config passed by cwb_client : tappoint 1  CWB_ROI : (210.000000 26.000000 274.000000 90.000000) for display [1 0 0]
03-10 19:38:38.495  2195 26152 I SDM     : HWCDisplay::SetReadbackBuffer: CWB config from client: tap_point 1, CWB ROI Rect(210.000000 26.000000 274.000000 90.000000), PU_as_CWB_ROI 0, Cwb full rect : (0.000000 0.000000 1080.000000 2640.000000)
03-10 19:38:38.495  2195 26152 I SDM     : HWCDisplay::SetReadbackBuffer: Successfully configured the output buffer: readback_buffer_queued_ 1, readback_configured_ 0, cwb_client 3
03-10 19:38:38.495  2195 26152 I SDM     : HWCSession::ProcessRequests: Successfully configured CWB buffer.
03-10 19:38:38.517  2195 26152 I SDM     : HWCSession::ProcessRequests: Pushing release fence in fenece wait queue.
03-10 19:38:38.517  2195 26152 I SDM     : HWCSession::ProcessRequests: Creating AsyncFenceWaits async thread.
03-10 19:38:38.518  2195 26152 I SDM     : HWCSession::ProcessRequests: Remove current CWB request from the pending request queue.
03-10 19:38:38.518  2195 26152 I SDM     : HWCSession::ProcessRequests: No pending cwb requests found in the queue.
03-10 19:38:38.535  2195 26153 I SDM     : HWCSession::NotifyCWBStatus: Notify the client about buffer status 0.
03-10 19:38:38.536  2195 26153 I SDM     : HWCSession::PerformFenceWaits: Remove current release fence from the pending fence wait queue.
03-10 19:38:38.536  2195 26153 I SDM     : HWCSession::PerformFenceWaits: CWB fence queue is empty. No pending release fence to wait on.
03-10 19:38:38.545  2163  2163 D SENSOREXT_ALS_COMP: FrontLight: ReportLux 1.41 (6.69-5.28), pre 1.97, dbv 2172, dc 0, fps 90, chPanel 1.83-0.61-0.83-0.32, facCal:lux_s 1.19 cha_s 1.04-1.04-1.09-1.21, RunInfo: DPB 15975-55, TF 15975-0
03-10 19:38:38.549  2195  2269 I SDM     : HWDeviceDRM::SetupConcurrentWriteback: Tear down the Concurrent Writeback topology
03-10 19:38:38.969  2163  2163 D motorola.hardware.sensorext-service: handle id:13 wxh:1088x2640 uwxuh:1080x2640 size: 11489280 fd:11 fd_meta:12 flags:0x4000228 usage:0x33  format:0x1 layer_count: 1 reserved_size = 0
03-10 19:38:38.970  2195  2386 I SDM     : HWCSession::SetCWBOutputBuffer: CWB config passed by cwb_client : tappoint 1  CWB_ROI : (210.000000 26.000000 274.000000 90.000000) for display [1 0 0]
03-10 19:38:38.970  2064  4171 D slpi-TCS3720: ALS_REPORT lux 5.999520, ch0 2.824394-1.197478-1.010028-0.483075, scale 1.1878, fps 90, client 1
03-10 19:38:38.970  2064  4171 D slpi-TCS3720: PRX_OC info Far, Total 0, pdata 0, offset 0 step 0.63, ore 0:0 step 21.00, TH_H 1020, TH_L 0, client 0
03-10 19:38:38.971  2195 26154 I SDM     : HWCDisplay::SetReadbackBuffer: CWB config from client: tap_point 1, CWB ROI Rect(210.000000 26.000000 274.000000 90.000000), PU_as_CWB_ROI 0, Cwb full rect : (0.000000 0.000000 1080.000000 2640.000000)
03-10 19:38:38.971  2195 26154 I SDM     : HWCDisplay::SetReadbackBuffer: Successfully configured the output buffer: readback_buffer_queued_ 1, readback_configured_ 0, cwb_client 3
03-10 19:38:38.971  2195 26154 I SDM     : HWCSession::ProcessRequests: Successfully configured CWB buffer.
03-10 19:38:38.985  2195 26154 I SDM     : HWCSession::ProcessRequests: Pushing release fence in fenece wait queue.
03-10 19:38:38.985  2195 26154 I SDM     : HWCSession::ProcessRequests: Creating AsyncFenceWaits async thread.
03-10 19:38:38.985  2195 26154 I SDM     : HWCSession::ProcessRequests: Remove current CWB request from the pending request queue.
03-10 19:38:38.985  2195 26154 I SDM     : HWCSession::ProcessRequests: No pending cwb requests found in the queue.
03-10 19:38:39.003  2195 26155 I SDM     : HWCSession::NotifyCWBStatus: Notify the client about buffer status 0.
03-10 19:38:39.003  2195 26155 I SDM     : HWCSession::PerformFenceWaits: Remove current release fence from the pending fence wait queue.
03-10 19:38:39.003  2195 26155 I SDM     : HWCSession::PerformFenceWaits: CWB fence queue is empty. No pending release fence to wait on.
03-10 19:38:39.013  2163  2163 D SENSOREXT_ALS_COMP: FrontLight: ReportLux 0.72 (6.00-5.28), pre 1.41, dbv 2172, dc 0, fps 90, chPanel 1.83-0.61-0.83-0.32, facCal:lux_s 1.19 cha_s 1.04-1.04-1.09-1.21, RunInfo: DPB 15976-55, TF 15976-0
03-10 19:38:39.017  2195  2269 I SDM     : HWDeviceDRM::SetupConcurrentWriteback: Tear down the Concurrent Writeback topology
03-10 19:38:39.028  3163  3227 W ContextImpl: Calling a method in the system process without a qualified user: android.app.ContextImpl.sendBroadcast:1273 com.android.server.location.provider.LocationProviderManager$LocationRegistration$1.test:1070 com.android.server.location.provider.LocationProviderManager$LocationRegistration$1.test:1019 android.location.LocationResult.filter:253 com.android.server.location.provider.LocationProviderManager$LocationRegistration.acceptLocationChange:1018 
03-10 19:38:39.030  3163  3227 W ContextImpl: Calling a method in the system process without a qualified user: android.app.ContextImpl.sendBroadcast:1273 com.android.server.location.provider.LocationProviderManager$LocationRegistration$1.test:1070 com.android.server.location.provider.LocationProviderManager$LocationRegistration$1.test:1019 android.location.LocationResult.filter:253 com.android.server.location.provider.LocationProviderManager$LocationRegistration.acceptLocationChange:1018 
03-10 19:38:39.031  3163  3227 W ContextImpl: Calling a method in the system process without a qualified user: android.app.ContextImpl.sendBroadcast:1273 com.android.server.location.provider.LocationProviderManager$LocationRegistration$1.test:1070 com.android.server.location.provider.LocationProviderManager$LocationRegistration$1.test:1019 android.location.LocationResult.filter:253 com.android.server.location.provider.LocationProviderManager$LocationRegistration.acceptLocationChange:1018 
03-10 19:38:39.033  5993  7248 I FusedLocation: (REDACTED) location delivery to %s blocked - too fast
03-10 19:38:39.034  5993  7248 I FusedLocation: (REDACTED) location delivery to %s blocked - too close
03-10 19:38:39.035  5993  7248 I FusedLocation: (REDACTED) location delivery to %s blocked - too close
03-10 19:38:39.036  5993  7248 I FusedLocation: (REDACTED) location delivery to %s blocked - too close
03-10 19:38:39.036  5993  7248 I FusedLocation: (REDACTED) location delivery to %s blocked - too close
03-10 19:38:39.151  2064  4171 I slpi-mot_tap : Apply inv Z reset: zpeak 4.619907 zmin -3.046041 lim -3.000000 zpeakn 14 zminn 9
03-10 19:38:39.400  3163  5158 D WifiStaIfaceHidlImpl: getCachedScanData is not implemented by HIDL
03-10 19:38:39.610 25205 25229 I appium  : READER_IDLE: closing the channel
03-10 19:38:39.617 25205 25230 I appium  : READER_IDLE: closing the channel
03-10 19:38:39.624 25205 25231 I appium  : READER_IDLE: closing the channel
03-10 19:38:39.659  2064  4171 D slpi    : tmd2712: Als lux: 2.60, ch0: 44, ch1: 2, scale: 1.08, atime:50.04, again:1024
03-10 19:38:39.726  3706  3714 I android.hardware.thermal@2.0-service.qti-v2: Sensor Name:skin1 temp: 39.043. prev severity:0. cur severity:3 New severity:3
03-10 19:38:39.759  2064  4171 D slpi    : tmd2712: Als lux: 5.10, ch0: 87, ch1: 3, scale: 1.08, atime:50.04, again:1024
03-10 19:38:39.836  2064  4171 D slpi-MOT_HALL: Flip send data : 2, State: North near
03-10 19:38:39.836  2064  4171 E slpi    : MOT_GPIO_FLIP kernel state gpio unset
03-10 19:38:39.837  2064  4171 I slpi-MOT_HINGE: Hingeposture   0.0 tent:0 gpio:-1 flip:2 flat:1 b:0.7 -2.3 9.5 -6.9 -0.6 11.6 f:0.8 3.4 -9.1 222.0 1.3 -8.5
03-10 19:38:39.837  2064  4173 I sensors-hal: handle_sns_client_event:365, mot_flip_event: now=115875741582914 hal ts=115875740048180, MOT_FLIP_STATE_CLOSED, count=1060.0, cause=0.0, fwreg 1
03-10 19:38:39.837  2064  4173 I sensors-hal: sns_device_mode_init:227, sns_device_mode_init Start
03-10 19:38:39.838  2064  4173 I android.hardware.sensors@2.1-service.multihal: vendor/qcom/proprietary/adsprpc/src/fastrpc_apps_user.c:1553: remote_handle64_open: Successfully opened handle 0x1aeab490 for '":;./\createstaticpd:sensorspd&_dom=adsp on domain 0
03-10 19:38:39.840  3163  3231 W OverrideRequestController: Attempted to cancel a null OverrideRequest
03-10 19:38:39.840  3163  3231 I DeviceStateManagerService: Cannot notify device state info change when pending state is present.
03-10 19:38:39.840  2064  4173 I android.hardware.sensors@2.1-service.multihal: vendor/qcom/proprietary/adsprpc/src/fastrpc_perf.c:273: fastrpc_perf_init: enabled systrace 0x0 and RPC traces (kernel 0, dsp 0) with frequency 1000
03-10 19:38:39.840  2064 26157 I android.hardware.sensors@2.1-service.multihal: vendor/qcom/proprietary/adsprpc/src/log_config.c:348: file_watcher_thread starting for domain 0
03-10 19:38:39.840  2064 26156 I android.hardware.sensors@2.1-service.multihal: vendor/qcom/proprietary/adsprpc/src/listener_android.c:116: listener thread starting
03-10 19:38:39.840  2064 26157 W android.hardware.sensors@2.1-service.multihal: vendor/qcom/proprietary/adsprpc/src/log_config.c:358:file_watcher_thread: Couldn't find file android.hardware.sensors@2.1-service.multihal.farf, errno (No such file or directory)
03-10 19:38:39.843  2064 26156 I android.hardware.sensors@2.1-service.multihal: vendor/qcom/proprietary/adsprpc/src/mod_table.c:703: open_mod_table_open_from_static: reverse module apps_std opened with handle 0x450dfe00 (idx 0)
03-10 19:38:39.843  2064 26156 I android.hardware.sensors@2.1-service.multihal: vendor/qcom/proprietary/adsprpc/src/apps_std_imp.c:860: Successfully opened file /vendor/dsp/adsp/libsns_device_mode_skel.so
03-10 19:38:39.847  2064  4173 E android.hardware.sensors@2.1-service.multihal: vendor/qcom/proprietary/adsprpc/src/fastrpc_apps_user.c:1491: Error 0x80000406: remote_handle_open_domain: dynamic loading failed for file:///libsns_device_mode_skel.so?sns_device_mode_skel_handle_invoke&_modver=1.0&_dom=adsp on domain 0 (dlerror segment 0 failed hash verification(0x34F4000 B)) (errno Success)
03-10 19:38:39.847  2064  4173 E android.hardware.sensors@2.1-service.multihal: vendor/qcom/proprietary/adsprpc/src/fastrpc_apps_user.c:1550: Error 0x80000406: remote_handle64_open failed for file:///libsns_device_mode_skel.so?sns_device_mode_skel_handle_invoke&_modver=1.0&_dom=adsp (errno Success)
03-10 19:38:39.847  2064  4173 I sensors-hal: sns_device_mode_init:262, sns_device_mode_init End
03-10 19:38:39.847  2064  4173 E sensors-hal: sendDeviceMode:287, mot_flip: one or mode handles unopened: dm 0 rpc 1
03-10 19:38:39.847  2064  4173 E android.hardware.sensors@2.1-service.multihal: vendor/qcom/proprietary/adsprpc/src/fastrpc_apps_user.c:1366: Error 0x80000600: remote_handle_invoke failed for handle 0x0, method 1 on domain 0 (sc 0x1010200) (errno Success)
03-10 19:38:39.847  2064  4173 E android.hardware.sensors@2.1-service.multihal: vendor/qcom/proprietary/adsprpc/src/fastrpc_apps_user.c:1575: Error 0x80000600: remote_handle_close failed for handle 0x0 (dlerr \) (errno Success)
03-10 19:38:39.847  2064  4173 I android.hardware.sensors@2.1-service.multihal: vendor/qcom/proprietary/adsprpc/src/fastrpc_apps_user.c:2737: domain_deinit for domain 0: dev 113
03-10 19:38:39.848  2064 26156 E android.hardware.sensors@2.1-service.multihal: vendor/qcom/proprietary/adsprpc/src/fastrpc_apps_user.c:3516: exit_thread current process1 thread exit nErr = 0x8000040d domain 0, handle 0xb400007d1aeab490
03-10 19:38:39.849  2064 26157 W android.hardware.sensors@2.1-service.multihal: vendor/qcom/proprietary/adsprpc/src/log_config.c:368:Warning: file_watcher_thread received exit for domain 0, file android.hardware.sensors@2.1-service.multihal.farf
03-10 19:38:39.849  2064 26157 I android.hardware.sensors@2.1-service.multihal: vendor/qcom/proprietary/adsprpc/src/log_config.c:415: file_watcher_thread exiting for domain 0
03-10 19:38:39.850  2064  4173 I android.hardware.sensors@2.1-service.multihal: vendor/qcom/proprietary/adsprpc/src/mod_table.c:789: open_mod_table_close: closed reverse module apps_std with handle 0x450dfe00
03-10 19:38:39.850  2064  4173 E android.hardware.sensors@2.1-service.multihal: vendor/qcom/proprietary/adsprpc/src/fastrpc_apps_user.c:1614: Error 0x80000600: remote_handle64_close failed for handle 0xb400007d1aeab490 remote handle 0x0 (errno Success)
03-10 19:38:39.852  6461  6564 I Capsense_Cal: Sensor GetEvents event_count==1
03-10 19:38:39.853  6461  6564 D Capsense_Cal: SensorThread sensorEvents
03-10 19:38:39.853  6461  6564 D Capsense_Cal: Capsensor hallEventHandler sensorEvents->data[0]==2.000000
03-10 19:38:39.853  6461  6564 D Capsense_Cal: start cal : /sys/class/capsense/capsense1/reset, msg: flip_near
03-10 19:38:39.854  6461  6564 D Capsense_Cal: start cal : /sys/class/capsense/capsense0/reset, msg: flip_near
03-10 19:38:39.856  3163  3227 D TouchHwAidlService: onStateChanged.. state=0
03-10 19:38:39.859  3163  3231 I LogicalDisplayMapper: Requesting Transition to state: 0, from state=5, interactive=true, mBootCompleted=true
03-10 19:38:39.859  3163  3231 I LogicalDisplayMapper: Applying layout: [{dispId: 0(ON), displayGroupName: , addr: {port=130, model=0x40446dccee101c}, mThermalBrightnessThrottlingMapId: null, mRefreshRateZoneId: null, mLeadDisplayId: -1, mLeadDisplayAddress: null, mThermalRefreshRateThrottlingMapId: null, mPowerThrottlingMapId: null}], Previous layout: [{dispId: 0(ON), displayGroupName: , addr: {port=130, model=0x40446dccee101c}, mThermalBrightnessThrottlingMapId: null, mRefreshRateZoneId: null, mLeadDisplayId: -1, mLeadDisplayAddress: null, mThermalRefreshRateThrottlingMapId: null, mPowerThrottlingMapId: null}]
03-10 19:38:39.860  3163  3352 W BoostOptController: not supported hint: 118
03-10 19:38:39.860  3163  3229 D CLI/SmallCLI: onDeviceLidStateChanged: state=CLOSED_HALL
03-10 19:38:39.861  2067 14471 D AHAL: AudioDevice: SetParameters: 1564: enter: device_folded=on
03-10 19:38:39.861  2067 14471 D AHAL: AudioVoice: VoiceSetParameters: 87: Enter params: device_folded=on
03-10 19:38:39.861  2067 14471 D AHAL: AudioVoice: VoiceSetParameters: 360: Exit ret: 0
03-10 19:38:39.861  2067 14471 D AHAL: FM: fm_set_parameters: 262: Enter
03-10 19:38:39.861  2067 14471 D AHAL: FM: fm_set_parameters: 320: exit
03-10 19:38:39.861  2067 14471 D AHAL: AudioDevice: SetParameters: 2361: exit: device_folded=on
03-10 19:38:39.862  5625  5669 D ShellSplitScreen: onFoldedStateChanged: folded=true
03-10 19:38:39.862  5625  5625 I vol.VolumeDialogImpl: mDialog.dismiss() reason: posture_changed from: com.android.systemui.volume.VolumeDialogImpl$H.handleMessage:111 displayId: 0 mShowing: false mIsAnimatingDismiss: false
03-10 19:38:39.865  3163  4279 I CLI/Transition_Device: lid state changed: OPEN -> CLOSED, device state changed to CLOSED_HALL
03-10 19:38:39.866  3163  4279 D CLI/Transition_Lid: update lid state CLOSED
03-10 19:38:39.872  3163  3227 D TouchHwAidlService: onTapToWakeSettingsChanged isAmbientDisplayAvailable=1 aodEnable=true singleTapEnable=true doubleTapEnable=true lidState=0 callers=com.motorola.server.display.TouchHwAidlService.-$$Nest$monTapToWakeSettingsChanged:0 com.motorola.server.display.TouchHwAidlService$4.onChange:573 android.database.ContentObserver.onChange:184 
03-10 19:38:39.872  3163  3227 D TouchHwAidlService: enableTapWake mode=33 displayId=0 mGestureStowMode=true
03-10 19:38:39.872  3163  3227 D TouchHwAidlService: transfer mode=33 transMode=32 cli=false
03-10 19:38:39.873  5625  5625 D SCliNotifPanelController: onLidClosed
03-10 19:38:39.873  2106  2106 I motorola.hardware.display.touch-service: Setting Gesture to 32
03-10 19:38:39.873  5625  5625 V SmallCli_WindowController: state=SmallCli window State {
03-10 19:38:39.873  5625  5625 V SmallCli_WindowController:   mBrightnessVisible: false
03-10 19:38:39.873  5625  5625 V SmallCli_WindowController:   mDynamicPanelVisible: false
03-10 19:38:39.873  5625  5625 V SmallCli_WindowController:   mFlashLightPrompt: false
03-10 19:38:39.873  5625  5625 V SmallCli_WindowController:   mHeadsUpPanelVisible: false
03-10 19:38:39.873  5625  5625 V SmallCli_WindowController:   mKeyguardOccluded: false
03-10 19:38:39.873  5625  5625 V SmallCli_WindowController:   mLidOpen: false
03-10 19:38:39.873  5625  5625 V SmallCli_WindowController:   mNotificationVisible: false
03-10 19:38:39.873  5625  5625 V SmallCli_WindowController:   mPowerMenuVisible: false
03-10 19:38:39.873  5625  5625 V SmallCli_WindowController:   mQsVisible: false
03-10 19:38:39.873  5625  5625 V SmallCli_WindowController:   mVolumeVisible: false
03-10 19:38:39.873  5625  5625 V SmallCli_WindowController: }
03-10 19:38:39.873  3163  3227 D TouchHwAidlService: setGestureModeHal done mode=33 newMode=32 result=0
03-10 19:38:39.873  3163  3227 D TouchHwAidlService: enableTapWake mode=33 displayId=1 mGestureStowMode=true
03-10 19:38:39.874  2106  2106 I motorola.hardware.display.touch-service: Setting CLI Gesture to 33
03-10 19:38:39.875  7314  7314 D GameMode: mCLIStatusReceiver: 0
03-10 19:38:39.875  3163  3227 D TouchHwAidlService: setCliGestureModeHal done mode=33 newMode=33 result=0
03-10 19:38:39.875  3163  3227 D TouchHwAidlService: enableTapWake mode=49 displayId=-1 mGestureStowMode=true
03-10 19:38:39.875  3163  3227 D TouchHwAidlService: transfer mode=49 transMode=48 cli=false
03-10 19:38:39.875  2106  2106 I motorola.hardware.display.touch-service: Setting Gesture to 48
03-10 19:38:39.875  2723 10837 I CameraService: Previous DeviceState : 0 New DeviceState : 4
03-10 19:38:39.875  3163  3227 D TouchHwAidlService: setGestureModeHal done mode=49 newMode=48 result=0
03-10 19:38:39.875  2106  2106 I motorola.hardware.display.touch-service: Setting CLI Gesture to 49
03-10 19:38:39.876  2186  2186 I CamxPrvdr@2.7-legacy: notifyDeviceStateChange: New device state: 0x4
03-10 19:38:39.876  3163  3227 D TouchHwAidlService: setCliGestureModeHal done mode=49 newMode=49 result=0
03-10 19:38:39.876  2186  2186 I CamxComm1.0-CamModule: notifyDeviceStateChange: calling notify_device_state_change with state 4
03-10 19:38:39.876  2186  2186 D CamX    : [DEBUG][HAL    ] camxhal3module.cpp:411 NotifyDeviceStateChange() New Device State: 4
03-10 19:38:39.879  2067 14471 D AHAL: AudioDevice: SetParameters: 1564: enter: cli_state=close
03-10 19:38:39.879  2067 14471 D AHAL: AudioVoice: VoiceSetParameters: 87: Enter params: cli_state=close
03-10 19:38:39.879  2067 14471 D AHAL: AudioVoice: VoiceSetParameters: 360: Exit ret: 0
03-10 19:38:39.879  2067 14471 D AHAL: FM: fm_set_parameters: 262: Enter
03-10 19:38:39.879  2067 14471 D AHAL: FM: fm_set_parameters: 320: exit
03-10 19:38:39.879  2067 14471 D AHAL: AudioDevice: SetParameters: 2361: exit: cli_state=close
03-10 19:38:39.880  3163  3227 D TouchHwAidlService: Unregister stow sensor
03-10 19:38:39.880  3163  3227 W AlarmManager: Unrecognized alarm listener com.motorola.server.display.TouchHwAidlService$AlarmListenerImpl@de23d8f
03-10 19:38:39.880  3163  3227 D TouchHwAidlService: Unregister stow sensor
03-10 19:38:39.880  3163  3227 W AlarmManager: Unrecognized alarm listener com.motorola.server.display.TouchHwAidlService$AlarmListenerImpl@de23d8f
03-10 19:38:39.880  3163  3227 D TouchHwAidlService: Unregister stow sensor
03-10 19:38:39.880  3163  3227 W AlarmManager: Unrecognized alarm listener com.motorola.server.display.TouchHwAidlService$AlarmListenerImpl@de23d8f
03-10 19:38:39.880  3163  3227 D TouchHwAidlService: enableGestureStowMode stowed: false
03-10 19:38:39.881  2106  2106 I motorola.hardware.display.touch-service: Setting stow gesture mode to 0 for panel 1
03-10 19:38:39.881  3163  7471 W InputManager-JNI: Input channel object '[Gesture Monitor] moto_actions_input_channel (client)' was disposed without first being removed with the input manager!
03-10 19:38:39.881  3163  3227 D TouchHwAidlService: setStowGestureMode for cli stowed=false ret=0
03-10 19:38:39.881  3163  3227 D TouchHwAidlService: enableGestureStowMode stowed: false
03-10 19:38:39.881  2106  2106 I motorola.hardware.display.touch-service: Setting stow gesture mode to 0 for panel 1
03-10 19:38:39.881  3163  3227 D TouchHwAidlService: setStowGestureMode for cli stowed=false ret=0
03-10 19:38:39.881  3163  3227 D TouchHwAidlService: enableGestureStowMode stowed: false
03-10 19:38:39.881  2106  2106 I motorola.hardware.display.touch-service: Setting stow gesture mode to 0 for panel 1
03-10 19:38:39.881  3163  3227 D TouchHwAidlService: setStowGestureMode for cli stowed=false ret=0
03-10 19:38:39.885  3084  3373 E Thermal-Lib: Thermal-Lib-Client:do_listen: recv failed
03-10 19:38:39.884  3065  3276 E Thermal-Lib: Thermal-Lib-Client:do_listen: recv failed
03-10 19:38:39.885  3084  3373 E Thermal-Lib: Thermal-Lib-Client:do_listen: recv failed
03-10 19:38:39.885  3065  3276 E Thermal-Lib: Thermal-Lib-Client:do_listen: recv failed
03-10 19:38:39.886  2061  2108 E minksocket: MinkIPC_QRTR_Service: client with node 1 port 57e6 went down
03-10 19:38:39.886  2061  2108 E minksocket: MinkIPC_QRTR_Service: client with node 1 port 57e3 went down
03-10 19:38:39.886  2061  2108 E minksocket: MinkIPC_QRTR_Service: client with node 1 port 57d1 went down
03-10 19:38:39.886  2061  2108 E minksocket: MinkIPC_QRTR_Service: client with node 1 port 57df went down
03-10 19:38:39.887  3163  4279 I PowerGroup: Sleeping power group (groupId=0, uid=1000, reason=lid_switch)...
03-10 19:38:39.888  3163  3163 I WindowManager: Started going to sleep... (groupId=0 why=OFF_BECAUSE_OF_USER) notifySleepToKeyguard=true lidState=0 pmSleepReason=lid_switch
03-10 19:38:39.888  3163  4279 I PowerManagerService: Sleeping (uid 1000)...
03-10 19:38:39.889  3163  4279 D CLI/Transition_Lid: Doze cli display for lid close
03-10 19:38:39.889  3163  4279 I PowerManagerService: Dozing display group (groupId=1, now=76430407)...
03-10 19:38:39.889  3163  4279 I PowerManagerService: Going to sleep due to application (uid 1000, screenOffTimeout=1800000, activityTimeoutWM=-1, maxDimRatio=0.20000005, maxDimDur=7000)...
03-10 19:38:39.890  3163  3352 I DisplayPowerController2[0]: 03-10 19:38:39.889 - BrightnessEvent: disp=0, physDisp=local:4630947043778501762, displayState=ON, displayPolicy=OFF, brt=0.108944334, initBrt=0.108944334, rcmdBrt=0.108944334, preBrt=NaN, lux=2.28, preLux=NaN, brtNits=10.774593, hdrNits=NaN, initNits=10.774593, preNits=NaN, rcmdNits=10.774593, hdrBrightness=NaN, brt(%)=13%, brtInt=29, hbmPolicy=normal, hbmMax=0.85440856, hbmMode=off, rbcStrength=50, thrmMax=1.0, powerFactor=1.0, wasShortTermModelActive=false, flags=, reason=automatic, autoBrightness=true, strategy=InvalidBrightnessStrategy, autoBrightnessMode=default
03-10 19:38:39.891  3163  3352 I DisplayPowerController2[0]: Blocking screen off
03-10 19:38:39.891  3163  3352 I WindowManager: Display 0 turning off...
03-10 19:38:39.891  5625  5625 V TrustManager: clearAllBiometricRecognized unlockedUser=-10000 source=FINGERPRINT callers=com.android.keyguard.KeyguardUpdateMonitor.clearFingerprintRecognized:16 com.android.keyguard.KeyguardUpdateMonitor$14.handleMessage:941 android.os.Handler.dispatchMessage:112 android.os.Looper.loopOnce:268 android.os.Looper.loop:384 
03-10 19:38:39.892  5625  5939 D KeyguardTransitionRepository: (Internal) Setting current transition info: TransitionInfo(ownerName=FromGoneTransitionInteractor(Sleep transition triggered), from=GONE, to=DOZING, animated)
03-10 19:38:39.893  3163  3352 I DisplayPowerController2[0]: Unblocked screen off after 2 ms
03-10 19:38:39.893 10834 10834 I GoogleInputMethodService: GoogleInputMethodService.onFinishInput():2097 
03-10 19:38:39.894  5625  5625 D KeyguardViewMediator: KeyguardViewMediator queue processing message: NOTIFY_STARTED_GOING_TO_SLEEP
03-10 19:38:39.894  3163  3352 I WindowManager: Display0 turned off...
03-10 19:38:39.894 10834 10834 I Module  : DeviceLockedStatusModuleProvider$Module.updateDeviceLockedStatus():103 repeatCheckTimes = 0, locked = false
03-10 19:38:39.897  5625  5625 I KeyguardTransitionRepository: STARTED transition: TransitionStep(from=GONE, to=DOZING, value=0.0, transitionState=STARTED, ownerName=FromGoneTransitionInteractor(Sleep transition triggered))
03-10 19:38:39.901  5625  5625 I vol.VolumeDialogImpl: mDialog.dismiss() reason: volume_controller from: com.android.systemui.volume.VolumeDialogImpl$10.onDismissRequested:3 displayId: 0 mShowing: false mIsAnimatingDismiss: true
03-10 19:38:39.901  5625  5625 D vol.VolumeDialogImpl: dismissH: skipping dismiss because isAnimatingDismiss is true and showingStateInconsistent is false
03-10 19:38:39.907 26163 26163 I ThermalEngine: Throttling daemon started
03-10 19:38:39.907 26163 26163 E ThermalEngine: config_info path not found: /sys/module/msm_thermal/config_info
03-10 19:38:39.907 26163 26163 I ThermalEngine: Using device config file '/vendor/etc/thermal-engine-lynkco-cli.conf'
03-10 19:38:39.908  3163  3231 D PanelsService: onAwakeStateChanged.. isAwake=false
03-10 19:38:39.908  3163  3231 D TouchHwAidlService: onAwakeStateChanged.. isAwake=false
03-10 19:38:39.908  3163  4279 E WindowManager: Display reconfigured outside of a transition: Display{#0 state=ON size=1080x2640 ROTATION_0}
03-10 19:38:39.910  3163  4279 D CLI/Rotation: Set volume keyswap sysprop for rotation 0 lidState CLOSED
03-10 19:38:39.910  3163  3231 D TouchHwAidlService: Register stow sensor:true
03-10 19:38:39.913  3163  3163 I ActivityManager: Killing 32105:com.google.android.gms:identitycredentials/u0a240 (adj 999, setSvc -10000): empty #31
03-10 19:38:39.920  3163  3163 D TrustManagerService: refreshDeviceLockedForUser(userId=-1, unlockedUser=-10000), secure=false, showingKeyguard=false, trusted=false, biometricAuthenticated=false, currentUserIsUnlocked=false, deviceLocked=false
03-10 19:38:39.934  3163  4279 I WindowManager: updateRotationUnchecked CLI real rotation changed:1, rotation:1
03-10 19:38:39.938  3163  4279 I WindowManager: Override config changes=20000000 {1.0 ?mcc0mnc [en_US] ldltr sw111dp w210dp h111dp 280dpi smll land night mot-cli finger -keyb/v/h -nav/h winConfig={ mBounds=Rect(0, 0 - 368, 194) mAppBounds=Rect(0, 0 - 368, 194) mMaxBounds=Rect(0, 0 - 368, 194) mDisplayRotation=ROTATION_90 mWindowingMode=fullscreen mActivityType=undefined mAlwaysOnTop=undefined mRotation=ROTATION_90} ?fontWeightAdjustment ?spn ?gid} for displayId=1
03-10 19:38:39.942 26163 26163 I ThermalEngine: devices_manager_init: Init
03-10 19:38:39.942 26163 26163 I ThermalEngine: Number of gpus :1
03-10 19:38:39.942 26163 26163 I ThermalEngine: Number of cpus :8
03-10 19:38:39.945  2061  2108 E minksocket: MinkIPC_QRTR_Service: client with node 1 port 584c went down
03-10 19:38:39.946  2926  2926 D fpc_hidl: lid-state=0
03-10 19:38:39.946 26163 26163 E ThermalEngine: tmd_add_cpufreq_dev_data: Invalid or no boost freqs
03-10 19:38:39.947  3163  4279 D MotoFingerprint: resultCode : 0
03-10 19:38:39.951  2061  2108 E minksocket: MinkIPC_QRTR_Service: client with node 1 port 584d went down
03-10 19:38:39.951 26163 26163 E ThermalEngine: tmd_add_cpufreq_dev_data: Invalid or no boost freqs
03-10 19:38:39.953 26163 26163 E ThermalEngine: tmd_add_cpufreq_dev_data: Invalid or no boost freqs
03-10 19:38:39.955  3163  3352 D ActivityTaskManager: Top Process State changed to PROCESS_STATE_TOP_SLEEPING
03-10 19:38:39.956  2061  2108 E minksocket: MinkIPC_QRTR_Service: client with node 1 port 584e went down
03-10 19:38:39.957  3163  3352 D ActivityTrigger: ActivityTrigger activityPauseTrigger 
03-10 19:38:39.957  2061  2108 E minksocket: MinkIPC_QRTR_Service: client with node 1 port 584f went down
03-10 19:38:39.958  2061  2108 E minksocket: MinkIPC_QRTR_Service: client with node 1 port 5850 went down
03-10 19:38:39.959 26163 26163 E ThermalEngine: devices_manager_reg_clnt: Invalid dev cdsp_sw.
03-10 19:38:39.960  2061  2108 E minksocket: MinkIPC_QRTR_Service: client with node 1 port 5851 went down
03-10 19:38:39.960  2061  2108 E minksocket: MinkIPC_QRTR_Service: client with node 1 port 5852 went down
03-10 19:38:39.960  2061  2108 E minksocket: MinkIPC_QRTR_Service: client with node 1 port 5853 went down
03-10 19:38:39.960  2061  2108 E minksocket: MinkIPC_QRTR_Service: client with node 1 port 5854 went down
03-10 19:38:39.960  2061  2108 E minksocket: MinkIPC_QRTR_Service: client with node 1 port 5855 went down
03-10 19:38:39.961  2061  2108 E minksocket: MinkIPC_QRTR_Service: client with node 1 port 5857 went down
03-10 19:38:39.961  2061  2108 E minksocket: MinkIPC_QRTR_Service: client with node 1 port 5858 went down
03-10 19:38:39.962  2061  2108 E minksocket: MinkIPC_QRTR_Service: client with node 1 port 5859 went down
03-10 19:38:39.962  3163  3231 I InputManager-JNI: Viewport [0] to add: local:4630947043778501762, isActive: true
03-10 19:38:39.962  3163  3231 I InputManager-JNI: Viewport [1] to add: local:4630947043778501763, isActive: false
03-10 19:38:39.956 26163 26163 W thermal-engine-: type=1400 audit(0.0:1379105): avc:  denied  { read } for  scontext=u:r:vendor_thermal-engine:s0 tcontext=u:r:init:s0 tclass=file permissive=0
03-10 19:38:39.956 26163 26163 W thermal-engine-: type=1400 audit(0.0:1379106): avc:  denied  { read } for  scontext=u:r:vendor_thermal-engine:s0 tcontext=u:r:kernel:s0 tclass=file permissive=0
03-10 19:38:39.956 26163 26163 W thermal-engine-: type=1400 audit(0.0:1379107): avc:  denied  { read } for  scontext=u:r:vendor_thermal-engine:s0 tcontext=u:r:kernel:s0 tclass=file permissive=0
03-10 19:38:39.963  2061  2108 E minksocket: MinkIPC_QRTR_Service: client with node 1 port 585a went down
03-10 19:38:39.964  2061  2108 E minksocket: MinkIPC_QRTR_Service: client with node 1 port 585b went down
03-10 19:38:39.965  3163  4285 I InputReader: Reconfiguring input devices, changes=DISPLAY_INFO
03-10 19:38:39.965  3163  4285 I InputReader: Disabling zinitix_mt (device 6) because the associated viewport is not active
03-10 19:38:39.966  2061  2108 E minksocket: MinkIPC_QRTR_Service: client with node 1 port 585c went down
03-10 19:38:39.967  2061  2108 E minksocket: MinkIPC_QRTR_Service: client with node 1 port 585d went down
03-10 19:38:39.968  2061  2108 E minksocket: MinkIPC_QRTR_Service: client with node 1 port 585f went down
03-10 19:38:39.969 26163 26167 E ThermalEngine: verify_tmd_device: Device:cpuv_restriction_cold available. max:1
03-10 19:38:39.965  3163  4285 I InputReader: Device reconfigured: id=6, name='zinitix_mt', size 194x368, orientation Rotation0, mode DISABLED, display id 1
03-10 19:38:39.969  3163  3229 V WindowManager: Content Recording: Display 1 state was (1), is now (1), so update recording?
03-10 19:38:39.969  3163  3229 D CLI/Transition: displaygroup 1, state OFF, pendingdisplaygroup -1
03-10 19:38:39.969 26163 26167 E ThermalEngine: verify_tmd_device: Device:cdsp_hw available. max:1
03-10 19:38:39.970 26163 26167 E ThermalEngine: verify_tmd_device: Device:cdsp_sw available. max:6
03-10 19:38:39.970 26163 26167 I ThermalEngine: CDSP thermal mitigation available.
03-10 19:38:39.970 26163 26164 E ThermalEngine: verify_tmd_device: Device:cpuv_restriction_cold available. max:1
