03-10 19:37:23.561 24674 24680 E ThermalEngine: verify_tmd_device: Device:mmw3_dsc available. max:255
03-10 19:37:23.561  3163  7933 E WindowManager: Dream packageName does not match active dream. Package com.motorola.mobiledesktop does not match ComponentInfo{com.android.systemui/com.android.systemui.doze.DozeService}
03-10 19:37:23.562  2926  2926 D fpc_hidl: lid-state=1
03-10 19:37:23.562  3163  4279 D MotoFingerprint: resultCode : 0
03-10 19:37:23.562  7545  7545 I FileStationLog: [ FS_h$a ] - [Display] Changed display: 0
03-10 19:37:23.562 24674 24680 E ThermalEngine: verify_tmd_device: Device:mmw3_sub1_dsc available. max:255
03-10 19:37:23.562  3163  3227 I DreamController: Stopping dream: name=ComponentInfo{com.android.systemui/com.android.systemui.doze.DozeService}, isPreviewMode=false, canDoze=true, userId=0, reason='finished self'(from 'request awaken')
03-10 19:37:23.562  7545  7545 I FileStationLog: [ FS_h ] - [Logic] Retrieved display info: LogicDisplayInfo(width=1080, height=2640, orientation=1, rotation=0, displayId=0)
03-10 19:37:23.562 24674 24680 E ThermalEngine: verify_tmd_device: Device:mmw_ific_dsc available. max:255
03-10 19:37:23.563  7545  7545 I FileStationLog: [ FS_h$a ] - [Display] New logical size: 1080x2640
03-10 19:37:23.563  5625  5625 V DreamService[DozeService]: detach(): Calling onDreamingStopped()
03-10 19:37:23.563  5625  5625 V DreamService[DozeService]: onDreamingStopped()
03-10 19:37:23.563  7545  7545 I FileStationLog: [ FS_h$a ] - [Display] Screen width unchanged: 1080
03-10 19:37:23.563 24674 24680 E ThermalEngine: verify_tmd_device: Device:mmw_ific_sub1_dsc available. max:255
03-10 19:37:23.563 24674 24680 E ThermalEngine: verify_tmd_device: Device:wlan available. max:4
03-10 19:37:23.563 24674 24680 E ThermalEngine: devices_manager_add_dev: Device:wlan already exists
03-10 19:37:23.564 24674 24680 E ThermalEngine: verify_tmd_device: Device:wlan_bw available. max:1
03-10 19:37:23.564 24674 24680 E ThermalEngine: verify_tmd_device: Device:modem_bw_backoff available. max:255
03-10 19:37:23.564 24674 24680 E ThermalEngine: verify_tmd_device: Device:cpr_cold available. max:3
03-10 19:37:23.564 24674 24680 I ThermalEngine: MODEM thermal mitigation available.
03-10 19:37:23.565  3163  3231 W AccessibilityWindowsPopulator: The displayInfo of this displayId (0) called back from the surface fligner is null
03-10 19:37:23.565  2064  2064 I sensors-hal: activate:173, com.motorola.sensor.glance/65658 en=0
03-10 19:37:23.565  2064  2064 I sensors-hal: deactivate:166, deactivate glance 65548
03-10 19:37:23.565  5625  5962 D KeyguardViewMediator: updateActivityLockScreenState(true, false)
03-10 19:37:23.566  2064  2064 I sensors-hal: activate:184, com.motorola.sensor.glance/65658 en=0 completed
03-10 19:37:23.566  2061  2108 E minksocket: MinkIPC_QRTR_Service: client with node 1 port 57c6 went down
03-10 19:37:23.567  2064  2064 I sensors-hal: batch:206, android.sensor.device_orientation/271, period=66667000, max_latency=0
03-10 19:37:23.567  5625  6606 V WindowManagerShell: onTransitionReady(transaction=13584981939330)
03-10 19:37:23.567  2064  2064 I sensors-hal: set_config:61, no need to adjust sample_period_ns due to reporting_mode = 2
03-10 19:37:23.567  2064  2064 I sensors-hal: batch:215, android.sensor.device_orientation/271, period=66667000, max_latency=0 request completed
03-10 19:37:23.567  5625  5669 V WindowManagerShell: onTransitionReady (#6091) android.os.BinderProxy@1dae28e: {id=6091 t=WAKE f=0x3040 trk=0 r=[] c=[]}
03-10 19:37:23.567  2064  2064 I sensors-hal: activate:173, android.sensor.device_orientation/271 en=1
03-10 19:37:23.567  2064  2064 I sensors-hal: get_qmi_debug_flag:239, support_qmi_debug : false
03-10 19:37:23.567  5625  5669 V WindowManagerShell: No transition roots in (#6091) android.os.BinderProxy@1dae28e@0 so abort
03-10 19:37:23.568  3163  3227 V WindowManager: Sent Transition (#6091) createdAt=03-10 19:37:23.515 via request=TransitionRequestInfo { type = WAKE, triggerTask = TaskInfo{userId=0 taskId=1368 displayId=0 isRunning=true baseIntent=Intent { act=android.intent.action.MAIN cat=[android.intent.category.LAUNCHER] flg=0x10200000 cmp=com.waze/.FreeMapAppActivity } baseActivity=ComponentInfo{com.waze/com.waze.MainActivity} topActivity=ComponentInfo{com.waze/com.waze.MainActivity} origActivity=null realActivity=ComponentInfo{com.waze/com.waze.FreeMapAppActivity} numActivities=1 lastActiveTime=115798226 supportsMultiWindow=true supportsGlobalFreeform=true resizeMode=2 isResizeable=true isAppLocked=false isShowDecorCaptionWindowRequest=false canKillAndRestart=true minWidth=-1 minHeight=-1 defaultMinSize=200 token=WCT{RemoteToken{3d80c25 Task{3cb5bbc #1368 type=standard A=10634:com.waze}}} topActivityType=1 pictureInPictureParams=null shouldDockBigOverlays=false launchIntoPipHostTaskId=-1 lastParentTaskIdBeforePip=-1 displayCutoutSafeInsets=Rect(0, 108 - 0, 0) topActivityInfo=ActivityInfo{3bd452e com.waze.MainActivity} launchCookies=[] positionInParent=Point(0, 0) parentTaskId=-1 isFocused=true isVisible=false isVisibleRequested=false isSleeping=false locusId=null displayAreaFeatureId=1 isTopActivityTransparent=false appCompatTaskInfo=AppCompatTaskInfo { topActivityInSizeCompat=false topActivityEligibleForLetterboxEducation= falseisLetterboxEducationEnabled= false isLetterboxDoubleTapEnabled= false topActivityEligibleForUserAspectRatioButton= false topActivityBoundsLetterboxed= false isFromLetterboxDoubleTap= false topActivityLetterboxVerticalPosition= -1 topActivityLetterboxHorizontalPosition= -1 topActivityLetterboxWidth=1080 topActivityLetterboxHeight=2640 isUserFullscreenOverrideEnabled=false isSystemFullscreenOverrideEnabled=false cameraCompatTaskInfo=CameraCompatTaskInfo { cameraCompatControlState=hidden freeformCameraCompatMode=inactive}}}, pipTask = null, remoteTransition = null, displayChange = null, flags = 4096, debugId = 6091 }
03-10 19:37:23.568  3163  3227 V WindowManager:     startWCT=WindowContainerTransaction { changes = {} hops = [] errorCallbackToken=null taskFragmentOrganizer=null }
03-10 19:37:23.568  3163  3227 V WindowManager:     info={id=6091 t=WAKE f=0x3040 trk=0 r=[] c=[]}
03-10 19:37:23.568  5625  5669 V WindowManagerShell: Transition animation finished (aborted=true), notifying core (#6091) android.os.BinderProxy@1dae28e@0
03-10 19:37:23.569 23477 23477 W libc    : Access denied finding property "vendor.display.enable_optimal_refresh_rate"
03-10 19:37:23.569 23477 23477 W libc    : Access denied finding property "vendor.gpp.create_frc_extension"
03-10 19:37:23.569  2061  2108 E minksocket: MinkIPC_QRTR_Service: client with node 1 port 57e7 went down
03-10 19:37:23.570  3163  3227 V WindowManager: Finish Transition (#6091): created at 03-10 19:37:23.515 collect-started=0.028ms request-sent=0.207ms started=7.697ms ready=50.905ms sent=51.317ms finished=54.406ms
03-10 19:37:23.570  3163  3231 D PanelsService: onAwakeStateChanged.. isAwake=true
03-10 19:37:23.570  3163  3231 D TouchHwAidlService: onAwakeStateChanged.. isAwake=true
03-10 19:37:23.570  3163  3231 D TouchHwAidlService: Unregister stow sensor
03-10 19:37:23.571  5625  6606 D KeyguardService: setOccluded(false)
03-10 19:37:23.571  2061  2108 E minksocket: MinkIPC_QRTR_Service: client with node 1 port 57e8 went down
03-10 19:37:23.571  5625  5669 V WindowManagerShell: Track 0 became idle
03-10 19:37:23.571  5625  5669 V WindowManagerShell: All active transition animations finished
03-10 19:37:23.571  5625  6606 D KeyguardViewMediator: setOccluded(false)
03-10 19:37:23.572  2061  2108 E minksocket: MinkIPC_QRTR_Service: client with node 1 port 57e9 went down
03-10 19:37:23.573  2064  2064 E Diag_Lib: diag: Diag_LSM_Init: invoked for pid: 2064 with init_count: 0
03-10 19:37:23.573 23477 23477 W libc    : Access denied finding property "vendor.display.enable_optimal_refresh_rate"
03-10 19:37:23.573  2064  2064 E Diag_Lib: diag:failed to connect to diag socket
03-10 19:37:23.573  2064  2064 E Diag_Lib:  Diag_LSM_Init: Failed to open handle to diag driver, error = 13
03-10 19:37:23.573  5625  5625 V DreamService[DozeService]: finish(): mFinished=true activity=null callers=com.android.systemui.doze.DozeMachine$Service$Delegate.finish:3 com.android.systemui.doze.DozeMachine$Service$Delegate.finish:3 com.android.systemui.doze.DozeMachine.transitionTo:557 com.android.systemui.doze.DozeMachine.requestState:10 com.android.systemui.doze.DozeMachine.requestState:2 
03-10 19:37:23.573 23477 23477 W libc    : Access denied finding property "vendor.gpp.create_frc_extension"
03-10 19:37:23.573  5625  5625 V DreamService[DozeService]: detach(): mActivity=null mActivity.isFinishing()=false
03-10 19:37:23.573  2061  2108 E minksocket: MinkIPC_QRTR_Service: client with node 1 port 57ea went down
03-10 19:37:23.573  5625  5625 V DreamService[DozeService]: finish(): mFinished=true activity=null callers=android.service.dreams.DreamService.detach:1492 android.service.dreams.DreamService.-$$Nest$mdetach:0 android.service.dreams.DreamService$DreamServiceWrapper.$r8$lambda$1LeV6PgvJQarx7-tBMQHBSWLLCM:0 android.service.dreams.DreamService$DreamServiceWrapper$$ExternalSyntheticLambda1.run:0 android.os.Handler.handleCallback:1001 
03-10 19:37:23.573  2064  2064 I sensors-hal: send_sensor_config_request:463, dt=mot_disprot: convert sample_period=66667000 to batch_period=66667
03-10 19:37:23.573  2064  2064 I sensors-hal: send_sync_sensor_request:341, send sync request
03-10 19:37:23.573  2064  2064 I sensors-hal: send_sync_sensor_request:367, wait for notification of response
03-10 19:37:23.574  5625  5625 D KeyguardViewMediator: KeyguardViewMediator queue processing message: NOTIFY_STARTED_WAKING_UP
03-10 19:37:23.574 23477 23681 I MyConfigChooser: Specific config succeeded
03-10 19:37:23.575  3163  5853 D CoreBackPreview: Window{e1d6d9e u0 NotificationShade}: Setting back callback OnBackInvokedCallbackInfo{mCallback=android.window.IOnBackInvokedCallback$Stub$Proxy@8cdb08b, mPriority=0, mIsAnimationCallback=false}
03-10 19:37:23.575  2064 24720 I sensors-hal: ssc_conn_resp_cb:632, resp_value = 0
03-10 19:37:23.575  2064  2064 I sensors-hal: send_sync_sensor_request:373, takes 2 ms to receive the response with 0
03-10 19:37:23.575  2064 24720 I sensors-hal: handle_indication_realtime:467,  SCHED_FIFO(10) for qmi_cbk
03-10 19:37:23.575  2064  2064 I sensors-hal: activate:184, android.sensor.device_orientation/271 en=1 completed
03-10 19:37:23.575  2064 24720 E sensors-hal: handle_sns_client_event:62, mot_disprot_event: now=115799480346693 ts=115726378031017, type=16, status=3
03-10 19:37:23.576  2064  2064 I sensors-hal: batch:206, com.motorola.sensor.stowed/65568, period=200000000, max_latency=0
03-10 19:37:23.576  2064  2064 I sensors-hal: set_config:61, no need to adjust sample_period_ns due to reporting_mode = 2
03-10 19:37:23.576  2064  2064 I sensors-hal: batch:215, com.motorola.sensor.stowed/65568, period=200000000, max_latency=0 request completed
03-10 19:37:23.577  3163  3231 W AlarmManager: Unrecognized alarm listener com.motorola.server.display.TouchHwAidlService$AlarmListenerImpl@de23d8f
03-10 19:37:23.577  3163  3227 D TouchHwAidlService: enableGestureStowMode stowed: false
03-10 19:37:23.578  2106  2106 I motorola.hardware.display.touch-service: Setting stow gesture mode to 0 for panel 1
03-10 19:37:23.578  2064  2064 I sensors-hal: activate:173, com.motorola.sensor.ltv/65738 en=0
03-10 19:37:23.578  5625  5625 D KeyguardViewMediator: handleSetOccluded(false)
03-10 19:37:23.578  5625  5625 D KeyguardViewMediator: KeyguardViewMediator queue processing message: SET_OCCLUDED
03-10 19:37:23.579  2061  2108 E minksocket: MinkIPC_QRTR_Service: client with node 1 port 57c1 went down
03-10 19:37:23.579  3163  3227 D TouchHwAidlService: setStowGestureMode for cli stowed=false ret=0
03-10 19:37:23.580  2064  2064 I sensors-hal: activate:184, com.motorola.sensor.ltv/65738 en=0 completed
03-10 19:37:23.581 23477 23681 I RenderFPS: Avg render time in last 1000 millis: 12.757 (Actual: 27)
03-10 19:37:23.582  6942  6942 D NfcService: MSG_APPLY_SCREEN_STATE 4
03-10 19:37:23.582  6942  6942 D libnfc_nci: nfcManager_doSetScreenState: state = 4 prevScreenState= 2, discovry_param = 1
03-10 19:37:23.582  2582  8068 D NxpTml  : PN54X - Write requested.....
03-10 19:37:23.583  2582  8068 D NxpTml  : PN54X - Invoking I2C Write.....
03-10 19:37:23.584  5625  5625 D SCliNotificationListener: onNotificationListUpdate: [com.android.systemui.statusbar.notification.collection.GroupEntry@97bfa85]
03-10 19:37:23.585  2582  8068 D NxpTml  : Write errno : 6b
03-10 19:37:23.585  2582  8068 D NxpTml  : PN54X - Error in I2C Write.....
03-10 19:37:23.585  2582  8068 D NxpTml  : PN54X - Posting Fresh Write message.....
03-10 19:37:23.585  2582  8068 D NxpTml  : PN54X - Tml Writer Thread Running................
03-10 19:37:23.586  2582  8070 D NxpHal  : write error status = 0x1ff
03-10 19:37:23.586 23477 23681 D Surface : Surface::disconnect
03-10 19:37:23.586 23477 23681 D BufferQueueProducer: [SurfaceView[com.waze/com.waze.MainActivity](BLAST)#73631(BLAST Consumer)pid:23477](id:5bb500000020,api:1,p:23477,c:23477) disconnect: api 1
03-10 19:37:23.586  3163  7933 W AccessibilityWindowsPopulator: The displayInfo of this displayId (0) called back from the surface fligner is null
03-10 19:37:23.587  5625  5625 V DreamService[DozeService]: onDestroy()
03-10 19:37:23.587  5625  5625 V DreamService[DozeService]: detach(): mActivity=null mActivity.isFinishing()=false
03-10 19:37:23.587  5625  5625 V DreamService[DozeService]: finish(): mFinished=true activity=null callers=android.service.dreams.DreamService.detach:1492 android.service.dreams.DreamService.onDestroy:1385 com.android.systemui.doze.DozeService.onDestroy:8 android.app.ActivityThread.handleStopService:5307 android.app.ActivityThread.-$$Nest$mhandleStopService:0 
03-10 19:37:23.587  2582  2582 D NxpHal  : write_unlocked failed - PN54X Maybe in Standby Mode - Retry
03-10 19:37:23.587  2064  2064 I sensors-hal: flush:235, android.sensor.accelerometer/11
03-10 19:37:23.588  2064  2064 I sensors-hal: send_sync_sensor_request:341, send sync request
03-10 19:37:23.588  2064  2064 I sensors-hal: send_sync_sensor_request:367, wait for notification of response
03-10 19:37:23.589  2064  5194 I sensors-hal: ssc_conn_resp_cb:632, resp_value = 0
03-10 19:37:23.590  2064  2064 I sensors-hal: send_sync_sensor_request:373, takes 1 ms to receive the response with 0
03-10 19:37:23.590  2064  2064 I sensors-hal: flush:241, android.sensor.accelerometer/11 completed
03-10 19:37:23.592  3163  7933 W UserManagerService: Requested status bar icon for non-badged user 0
03-10 19:37:23.595  7150  8001 D WeatherApi: isOWeather: true
03-10 19:37:23.595  3163  7933 W UserManagerService: Requested status bar icon for non-badged user 0
03-10 19:37:23.596  6978  6978 I Smart5G : [Smart5GService] receive action: android.intent.action.SCREEN_ON
03-10 19:37:23.597  5689  5689 E DPMJ    : |SERVICE| sendScreenState state  trueand int value 1
03-10 19:37:23.598  2582  8068 D NxpTml  : PN54X - Write requested.....
03-10 19:37:23.598  2582  8068 D NxpTml  : PN54X - Invoking I2C Write.....
03-10 19:37:23.598  2582  8068 I NxpNciX : len =   4 > 20090102
03-10 19:37:23.598  2582  8068 D NxpTml  : PN54X - I2C Write successful.....
03-10 19:37:23.598  2582  8068 D NxpTml  : PN54X - Posting Fresh Write message.....
03-10 19:37:23.598  2582  8068 D NxpTml  : PN54X - Tml Writer Thread Running................
03-10 19:37:23.598  2582  8070 D NxpHal  : write successful status = 0x0
03-10 19:37:23.600  2582  8059 D NxpTml  : PN54X - I2C Read successful.....
03-10 19:37:23.601  2582  8059 I NxpNciR : len =   4 > 40090100
03-10 19:37:23.601  2582  8059 D NxpTml  : PN54X - Posting read message.....
03-10 19:37:23.601  2582  8070 D NxpHal  : read successful status = 0x0
03-10 19:37:23.602  2582  8059 D NxpTml  : PN54X - Read requested.....
03-10 19:37:23.602  2582  8059 D NxpTml  : PN54X - Invoking I2C Read.....
03-10 19:37:23.603  6942  8007 D libnfc_nci: nfaDeviceManagementCallback: enter; event=0xB
03-10 19:37:23.603  6942  8007 D libnfc_nci: nfaDeviceManagementCallback: NFA_DM_SET_POWER_SUB_STATE_EVT; status=0x0
03-10 19:37:23.603  3163  5215 I MR2ServiceImpl: Updating composite discovery preference | preference: RouteDiscoveryRequest{ preferredFeatures={}, activeScan=false }, active routers: []
03-10 19:37:23.605  2582  8068 D NxpTml  : PN54X - Write requested.....
03-10 19:37:23.605  2582  8068 D NxpTml  : PN54X - Invoking I2C Write.....
03-10 19:37:23.605  2582  8068 I NxpNciX : len =   7 > 20020401020100
03-10 19:37:23.605  2582  8068 D NxpTml  : PN54X - I2C Write successful.....
03-10 19:37:23.605  2582  8068 D NxpTml  : PN54X - Posting Fresh Write message.....
03-10 19:37:23.605  2582  8068 D NxpTml  : PN54X - Tml Writer Thread Running................
03-10 19:37:23.606  2582  8070 D NxpHal  : write successful status = 0x0
03-10 19:37:23.606  2582  8059 D NxpTml  : PN54X - I2C Read successful.....
03-10 19:37:23.606  2582  8059 I NxpNciR : len =   5 > 4002020000
03-10 19:37:23.606  2582  8059 D NxpTml  : PN54X - Posting read message.....
03-10 19:37:23.606  2582  8070 D NxpHal  : read successful status = 0x0
03-10 19:37:23.606  2582  8070 D NxpHal  : phNxpNciHal_print_res_status: response status =STATUS_OK
03-10 19:37:23.608  2582  8059 D NxpTml  : PN54X - Read requested.....
03-10 19:37:23.608  2582  8059 D NxpTml  : PN54X - Invoking I2C Read.....
03-10 19:37:23.608  6942  8007 D libnfc_nci: nfaDeviceManagementCallback: enter; event=0x2
03-10 19:37:23.608  6942  8007 D libnfc_nci: nfaDeviceManagementCallback: NFA_DM_SET_CONFIG_EVT
03-10 19:37:23.611 23477 23477 W WAZE    : MapView onPause
03-10 19:37:23.620  5993  8761 I NearbyDiscovery: (REDACTED) FastPairHandler: Received action %s
03-10 19:37:23.620  5993  8761 I NearbyDiscovery: (REDACTED) PureOffloadFastPairScanner: eventType=%s, isInternalReq=%s, isScanning=%s, isScanningAllowed=%s
03-10 19:37:23.620  5993  8761 I NearbyDiscovery: (REDACTED) ApFastPairScanner: isScreenOn=%s, isLocationEnabled=%s, disableLocationRequirement=%s, isDiscoveryScanningEnabled=%s, during24GhzWifiWarmingUpPeriod=%s
03-10 19:37:23.620  5993  8761 D BluetoothAdapter: isLeEnabled(): ON
03-10 19:37:23.620  5993  8761 I NearbyDiscovery: (REDACTED) ApFastPairScanner: eventType=%s, intReq=%s, scanning=%s, scanAllowed=%s, bleEnabled=%s, lockScanRate=%s, startScanningByLowPowerMode=%s
03-10 19:37:23.621  5993  8761 I NearbyDiscovery: (REDACTED) ApFastPairScanner: isScreenOn=%s, isLocationEnabled=%s, disableLocationRequirement=%s, isDiscoveryScanningEnabled=%s, during24GhzWifiWarmingUpPeriod=%s
03-10 19:37:23.621  5993  8761 I NearbyDiscovery: (REDACTED) ApFastPairScanner: Start scanning internally, %s
03-10 19:37:23.621  5993  8761 D BluetoothAdapter: isLeEnabled(): ON
03-10 19:37:23.621  7314  7314 D GameMode: isScreenUnlocked: false
03-10 19:37:23.624  5625  5943 D KeyguardTransitionRepository: (Internal) Setting current transition info: TransitionInfo(ownerName=FromDozingTransitionInteractor, from=DOZING, to=LOCKSCREEN, animated)
03-10 19:37:23.625  5625  5625 I KeyguardTransitionRepository: STARTED transition: TransitionStep(from=DOZING, to=LOCKSCREEN, value=0.0, transitionState=STARTED, ownerName=FromDozingTransitionInteractor)
03-10 19:37:23.630  7545  7545 I FileStationLog: [ FileStationManager ] - screenIsOn: true, hasWindowShowed: false
03-10 19:37:23.630  7545  7545 I MotoDesktopLog: [ FileStationLog ] - broadcastMessage - cmd : 2008
03-10 19:37:23.634  5625  5625 V KeyguardStatusViewController: onTimeChanged
03-10 19:37:23.638  5658  7211 I bt_shim_scanner: system/main/shim/le_scanning_manager.cc:172 RegisterScanner: in shim layer
03-10 19:37:23.639  5993  8003 D BluetoothLeScanner: onScannerRegistered() - status=0 scannerId=1 mScannerId=0
03-10 19:37:23.640  3163  5843 W PackageManager: Missing required system package: wsj.reader_sp, but found with extended search.
03-10 19:37:23.640  3163  5843 W PackageManager: Missing required system package: whitecastle.ordering, but found with extended search.
03-10 19:37:23.640  3163  5843 W PackageManager: Missing required system package: sp0n.citizen, but found with extended search.
03-10 19:37:23.640  3163  5843 W PackageManager: Missing required system package: org.rajman.neshan.traffic.tehran.navigator, but found with extended search.
03-10 19:37:23.641  3163  5843 W PackageManager: Missing required system package: org.me.mobiexpensifyg, but found with extended search.
03-10 19:37:23.641  3163  5843 W PackageManager: Missing required system package: org.kiva.lending, but found with extended search.
03-10 19:37:23.641  3163  5843 W PackageManager: Missing required system package: onxmaps.offroad, but found with extended search.
03-10 19:37:23.641  3163  5843 W PackageManager: Missing required system package: onxmaps.hunt, but found with extended search.
03-10 19:37:23.641  3163  5843 W PackageManager: Missing required system package: mnn.Android, but found with extended search.
03-10 19:37:23.641  3163  5843 W PackageManager: Missing required system package: io.appium.settings, but found with extended search.
03-10 19:37:23.641  3163  5843 W PackageManager: Missing required system package: gplx.simple.budgetapp, but found with extended search.
03-10 19:37:23.641  3163  5843 W PackageManager: Missing required system package: de.zalando.mobile, but found with extended search.
03-10 19:37:23.641  3163  5843 W PackageManager: Missing required system package: ctrip.english, but found with extended search.
03-10 19:37:23.641  3163  5843 W PackageManager: Missing required system package: crumbl.cookies, but found with extended search.
03-10 19:37:23.641  3163  5843 W PackageManager: Missing required system package: com.zzkko, but found with extended search.
03-10 19:37:23.641  3163  5843 W PackageManager: Missing required system package: com.zhiliaoapp.musically, but found with extended search.
03-10 19:37:23.641  3163  5843 W PackageManager: Missing required system package: com.zellepay.zelle, but found with extended search.
03-10 19:37:23.641  3163  5843 W PackageManager: Missing required system package: com.zappos.android, but found with extended search.
03-10 19:37:23.641  3163  5843 W PackageManager: Missing required system package: com.yum.pizzahut, but found with extended search.
03-10 19:37:23.641  3163  5843 W PackageManager: Missing required system package: com.youneedabudget.evergreen.app, but found with extended search.
03-10 19:37:23.641  3163  5843 W PackageManager: Missing required system package: com.yelp.android, but found with extended search.
03-10 19:37:23.641  3163  5843 W PackageManager: Missing required system package: com.whatsapp, but found with extended search.
03-10 19:37:23.642  3163  5843 W PackageManager: Missing required system package: com.whatnot_mobile, but found with extended search.
03-10 19:37:23.642  3163  5843 W PackageManager: Missing required system package: com.wendys.nutritiontool, but found with extended search.
03-10 19:37:23.642  3163  5843 W PackageManager: Missing required system package: com.wealthsimple.trade, but found with extended search.
03-10 19:37:23.642  3163  5843 W PackageManager: Missing required system package: com.wealthfront, but found with extended search.
03-10 19:37:23.642  3163  5843 W PackageManager: Missing required system package: com.waze, but found with extended search.
03-10 19:37:23.642  3163  5843 W PackageManager: Missing required system package: com.wayfair.wayfair, but found with extended search.
03-10 19:37:23.642  3163  5843 W PackageManager: Missing required system package: com.wallpaper.edge.aura, but found with extended search.
03-10 19:37:23.642  3163  5843 W PackageManager: Missing required system package: com.venmo, but found with extended search.
03-10 19:37:23.642  3163  5843 W PackageManager: Missing required system package: com.usatoday.android.news, but found with extended search.
03-10 19:37:23.642  3163  5843 W PackageManager: Missing required system package: com.ulta, but found with extended search.
03-10 19:37:23.642  3163  5843 W PackageManager: Missing required system package: com.twitter.android, but found with extended search.
03-10 19:37:23.642  3163  5843 W PackageManager: Missing required system package: com.truefinance, but found with extended search.
03-10 19:37:23.642  3163  5843 W PackageManager: Missing required system package: com.truebill, but found with extended search.
03-10 19:37:23.642  3163  5843 W PackageManager: Missing required system package: com.trivago, but found with extended search.
03-10 19:37:23.642  3163  5843 W PackageManager: Missing required system package: com.tripadvisor.tripadvisor, but found with extended search.
03-10 19:37:23.642  3163  5843 W PackageManager: Missing required system package: com.tranzmate, but found with extended search.
03-10 19:37:23.642  3163  5843 W PackageManager: Missing required system package: com.tradestation.MobileTrading, but found with extended search.
03-10 19:37:23.642  3163  5843 W PackageManager: Missing required system package: com.tiktok.lite.go, but found with extended search.
03-10 19:37:23.642  3163  5843 W PackageManager: Missing required system package: com.thredup.android, but found with extended search.
03-10 19:37:23.642  3163  5843 W PackageManager: Missing required system package: com.thirdframestudios.android.expensoor, but found with extended search.
03-10 19:37:23.642  3163  5843 W PackageManager: Missing required system package: com.teulys.metropolis, but found with extended search.
03-10 19:37:23.642  3163  5843 W PackageManager: Missing required system package: com.tdbank, but found with extended search.
03-10 19:37:23.642  3163  5843 W PackageManager: Missing required system package: com.tacobell.ordering, but found with extended search.
03-10 19:37:23.643  3163  5843 W PackageManager: Missing required system package: com.sygic.aura, but found with extended search.
03-10 19:37:23.643  3163  5843 W PackageManager: Missing required system package: com.subway.mobile.subwayapp03, but found with extended search.
03-10 19:37:23.643  3163  5843 W PackageManager: Missing required system package: com.substack.app, but found with extended search.
03-10 19:37:23.643  3163  5843 W PackageManager: Missing required system package: com.step.step, but found with extended search.
03-10 19:37:23.643  3163  5843 W PackageManager: Missing required system package: com.stash.stashinvest, but found with extended search.
03-10 19:37:23.643  3163  5843 W PackageManager: Missing required system package: com.staplesconnect.app.twa, but found with extended search.
03-10 19:37:23.643  3163  5843 W PackageManager: Missing required system package: com.spothero.spothero, but found with extended search.
03-10 19:37:23.643  3163  5843 W PackageManager: Missing required system package: com.sportsdirect.sdusapp, but found with extended search.
03-10 19:37:23.643  3163  5843 W PackageManager: Missing required system package: com.sofi.mobile, but found with extended search.
03-10 19:37:23.643  3163  5843 W PackageManager: Missing required system package: com.shell.sitibv.motorist.america, but found with extended search.
03-10 19:37:23.643  3163  5843 W PackageManager: Missing required system package: com.shakeshack.android, but found with extended search.
03-10 19:37:23.643  3163  5843 W PackageManager: Missing required system package: com.sephora, but found with extended search.
03-10 19:37:23.643  3163  5843 W PackageManager: Missing required system package: com.romwe, but found with extended search.
03-10 19:37:23.643  3163  5843 W PackageManager: Missing required system package: com.rome2rio.www.rome2rio, but found with extended search.
03-10 19:37:23.643  3163  5843 W PackageManager: Missing required system package: com.robinhood.android, but found with extended search.
03-10 19:37:23.643  3163  5843 W PackageManager: Missing required system package: com.ring.neighborhoods, but found with extended search.
03-10 19:37:23.643  3163  5843 W PackageManager: Missing required system package: com.revolut.revolut, but found with extended search.
03-10 19:37:23.643  3163  5843 W PackageManager: Missing required system package: com.reddit.frontpage, but found with extended search.
03-10 19:37:23.643  3163  5843 W PackageManager: Missing required system package: com.recime.app, but found with extended search.
03-10 19:37:23.643  3163  5843 W PackageManager: Missing required system package: com.realbyteapps.moneymanagerfree, but found with extended search.
03-10 19:37:23.643  3163  5843 W PackageManager: Missing required system package: com.rarewire.forever21, but found with extended search.
03-10 19:37:23.643  3163  5843 W PackageManager: Missing required system package: com.q2e.firsttradeunionbank3351.mobile.production, but found with extended search.
03-10 19:37:23.643  3163  5843 W PackageManager: Missing required system package: com.poshmark.app, but found with extended search.
03-10 19:37:23.643  3163  5843 W PackageManager: Missing required system package: com.poqstudio.app.platform.boohoo, but found with extended search.
03-10 19:37:23.644  3163  5843 W PackageManager: Missing required system package: com.podcast.podcasts, but found with extended search.
03-10 19:37:23.644  3163  5843 W PackageManager: Missing required system package: com.phonepe.app, but found with extended search.
03-10 19:37:23.644  3163  5843 W PackageManager: Missing required system package: com.personalcapital.pcapandroid, but found with extended search.
03-10 19:37:23.644  3163  5843 W PackageManager: Missing required system package: com.peacocktv.peacockandroid, but found with extended search.
03-10 19:37:23.644  3163  5843 W PackageManager: Missing required system package: com.payoneer.android, but found with extended search.
03-10 19:37:23.644  3163  5843 W PackageManager: Missing required system package: com.particlenews.newsbreak, but found with extended search.
03-10 19:37:23.644  3163  5843 W PackageManager: Missing required system package: com.parkwhiz.driverApp, but found with extended search.
03-10 19:37:23.644  3163  5843 W PackageManager: Missing required system package: com.opentable, but found with extended search.
03-10 19:37:23.644  3163  5843 W PackageManager: Missing required system package: com.openai.chatgpt, but found with extended search.
03-10 19:37:23.644  3163  5843 W PackageManager: Missing required system package: com.onedebit.chime, but found with extended search.
03-10 19:37:23.644  3163  5843 W PackageManager: Missing required system package: com.olo.dairyqueen.production, but found with extended search.
03-10 19:37:23.644  3163  5843 W PackageManager: Missing required system package: com.nike.omega, but found with extended search.
03-10 19:37:23.644  3163  5843 W PackageManager: Missing required system package: com.newsbreak.crimeradar, but found with extended search.
03-10 19:37:23.644  3163  5843 W PackageManager: Missing required system package: com.newleaf.app.android.victor, but found with extended search.
03-10 19:37:23.644  3163  5843 W PackageManager: Missing required system package: com.newegg.app, but found with extended search.
03-10 19:37:23.644  3163  5843 W PackageManager: Missing required system package: com.myklarnamobile, but found with extended search.
03-10 19:37:23.645  3163  5843 W PackageManager: Missing required system package: com.mta.mobileapp, but found with extended search.
03-10 19:37:23.645  3163  5843 W PackageManager: Missing required system package: com.moneylion, but found with extended search.
03-10 19:37:23.646  3163  5843 W PackageManager: Missing required system package: com.mobilecreditcards, but found with extended search.
03-10 19:37:23.646  3163  5843 W PackageManager: Missing required system package: com.mobilaurus.wingstopandroid, but found with extended search.
03-10 19:37:23.646  3163  5843 W PackageManager: Missing required system package: com.microsoft.copilot, but found with extended search.
03-10 19:37:23.646  3163  5843 W PackageManager: Missing required system package: com.meesho.supply, but found with extended search.
03-10 19:37:23.646  3163  5843 W PackageManager: Missing required system package: com.mcdonalds.app, but found with extended search.
03-10 19:37:23.646  3163  5843 W PackageManager: Missing required system package: com.maps.radar.navigation.android2023, but found with extended search.
03-10 19:37:23.646  3163  5843 W PackageManager: Missing required system package: com.macys.android, but found with extended search.
03-10 19:37:23.646  3163  5843 W PackageManager: Missing required system package: com.m1finance.android, but found with extended search.
03-10 19:37:23.646  3163  5843 W PackageManager: Missing required system package: com.lowes.android, but found with extended search.
03-10 19:37:23.646  3163  5843 W PackageManager: Missing required system package: com.littlecaesars, but found with extended search.
03-10 19:37:23.646  3163  5843 W PackageManager: Missing required system package: com.linkedin.android, but found with extended search.
03-10 19:37:23.646  3163  5843 W PackageManager: Missing required system package: com.lemon.lvoverseas, but found with extended search.
03-10 19:37:23.646  3163  5843 W PackageManager: Missing required system package: com.kohls.mcommerce.opal, but found with extended search.
03-10 19:37:23.646  3163  5843 W PackageManager: Missing required system package: com.kinpos.wallytech, but found with extended search.
03-10 19:37:23.646  3163  5843 W PackageManager: Missing required system package: com.kfc.us.mobile, but found with extended search.
03-10 19:37:23.646  3163  5843 W PackageManager: Missing required system package: com.joom, but found with extended search.
03-10 19:37:23.646  3163  5843 W PackageManager: Missing required system package: com.instagram.barcelona, but found with extended search.
03-10 19:37:23.646  3163  5843 W PackageManager: Missing required system package: com.instagram.android, but found with extended search.
03-10 19:37:23.646  3163  5843 W PackageManager: Missing required system package: com.instacart.client, but found with extended search.
03-10 19:37:23.646  3163  5843 W PackageManager: Missing required system package: com.inmobi.weather, but found with extended search.
03-10 19:37:23.646  3163  5843 W PackageManager: Missing required system package: com.infraware.office.link, but found with extended search.
03-10 19:37:23.646  3163  5843 W PackageManager: Missing required system package: com.inditex.zara, but found with extended search.
03-10 19:37:23.646  3163  5843 W PackageManager: Missing required system package: com.hollar.android, but found with extended search.
03-10 19:37:23.646  3163  5843 W PackageManager: Missing required system package: com.hm.goe, but found with extended search.
03-10 19:37:23.646  3163  5843 W PackageManager: Missing required system package: com.guardian, but found with extended search.
03-10 19:37:23.646  3163  5843 W PackageManager: Missing required system package: com.grubhub.android, but found with extended search.
03-10 19:37:23.646  3163  5843 W PackageManager: Missing required system package: com.groupon, but found with extended search.
03-10 19:37:23.646  3163  5843 W PackageManager: Missing required system package: com.google.android.apps.fitness, but found with extended search.
03-10 19:37:23.646  3163  5843 W PackageManager: Missing required system package: com.google.android.apps.chromecast.app, but found with extended search.
03-10 19:37:23.647  3163  5843 W PackageManager: Missing required system package: com.google.android.apps.adm, but found with extended search.
03-10 19:37:23.647  3163  5843 W PackageManager: Missing required system package: com.freecash.app2, but found with extended search.
03-10 19:37:23.647  3163  5843 W PackageManager: Missing required system package: com.foxnews.android, but found with extended search.
03-10 19:37:23.647  3163  5843 W PackageManager: Missing required system package: com.flipkart.android, but found with extended search.
03-10 19:37:23.647  3163  5843 W PackageManager: Missing required system package: com.facebook.katana, but found with extended search.
03-10 19:37:23.647  3163  5843 W PackageManager: Missing required system package: com.etsy.android, but found with extended search.
03-10 19:37:23.647  3163  5843 W PackageManager: Missing required system package: com.etrade.mobilepro.activity, but found with extended search.
03-10 19:37:23.647  3163  5843 W PackageManager: Missing required system package: com.emn8.mobilem8.nativeapp.popeyes, but found with extended search.
03-10 19:37:23.647  3163  5843 W PackageManager: Missing required system package: com.emn8.mobilem8.nativeapp.bk, but found with extended search.
03-10 19:37:23.647  3163  5843 W PackageManager: Missing required system package: com.einnovation.temu, but found with extended search.
03-10 19:37:23.647  3163  5843 W PackageManager: Missing required system package: com.ebay.motorsapp, but found with extended search.
03-10 19:37:23.647  3163  5843 W PackageManager: Missing required system package: com.ebay.mobile, but found with extended search.
03-10 19:37:23.647  3163  5843 W PackageManager: Missing required system package: com.dutchbros.loyalty, but found with extended search.
03-10 19:37:23.647  3163  5843 W PackageManager: Missing required system package: com.dunkinbrands.otgo, but found with extended search.
03-10 19:37:23.647  3163  5843 W PackageManager: Missing required system package: com.duckduckgo.mobile.android, but found with extended search.
03-10 19:37:23.647  3163  5843 W PackageManager: Missing required system package: com.doordash.driverapp, but found with extended search.
03-10 19:37:23.647  3163  5843 W PackageManager: Missing required system package: com.dominospizza, but found with extended search.
03-10 19:37:23.647  3163  5843 W PackageManager: Missing required system package: com.divvypay.Divvy, but found with extended search.
03-10 19:37:23.647  3163  5843 W PackageManager: Missing required system package: com.disney.disneystore_goo, but found with extended search.
03-10 19:37:23.647  3163  5843 W PackageManager: Missing required system package: com.dd.doordash, but found with extended search.
03-10 19:37:23.647  3163  5843 W PackageManager: Missing required system package: com.dayspringtech.envelopes, but found with extended search.
03-10 19:37:23.647  3163  5843 W PackageManager: Missing required system package: com.coulombtech, but found with extended search.
03-10 19:37:23.647  3163  5843 W PackageManager: Missing required system package: com.costco.app.android, but found with extended search.
03-10 19:37:23.647  3163  5843 W PackageManager: Missing required system package: com.contextlogic.wish, but found with extended search.
03-10 19:37:23.647  3163  5843 W PackageManager: Missing required system package: com.coinbase.android, but found with extended search.
03-10 19:37:23.647  3163  5843 W PackageManager: Missing required system package: com.cnn.mobile.android.phone, but found with extended search.
03-10 19:37:23.647  3163  5843 W PackageManager: Missing required system package: com.clubhouse.app, but found with extended search.
03-10 19:37:23.647  3163  5843 W PackageManager: Missing required system package: com.citymapper.app.release, but found with extended search.
03-10 19:37:23.647  3163  5843 W PackageManager: Missing required system package: com.citi.citimobile, but found with extended search.
03-10 19:37:23.647  3163  5843 W PackageManager: Missing required system package: com.chipotle.ordering, but found with extended search.
03-10 19:37:23.647  3163  5843 W PackageManager: Missing required system package: com.chickfila.cfaflagship, but found with extended search.
03-10 19:37:23.647  3163  5843 W PackageManager: Missing required system package: com.checkitt, but found with extended search.
03-10 19:37:23.648  3163  5843 W PackageManager: Missing required system package: com.chase.sig.android, but found with extended search.
03-10 19:37:23.648  3163  5843 W PackageManager: Missing required system package: com.buxfer.app, but found with extended search.
03-10 19:37:23.648  3163  5843 W PackageManager: Missing required system package: com.buffalowildwings.blazinrewards, but found with extended search.
03-10 19:37:23.648  3163  5843 W PackageManager: Missing required system package: com.bp.app.bpme.global.ros, but found with extended search.
03-10 19:37:23.648  3163  5843 W PackageManager: Missing required system package: com.booking, but found with extended search.
03-10 19:37:23.648  3163  5843 W PackageManager: Missing required system package: com.bigbasket.mobileapp, but found with extended search.
03-10 19:37:23.648  3163  5843 W PackageManager: Missing required system package: com.bhphoto, but found with extended search.
03-10 19:37:23.648  3163  5843 W PackageManager: Missing required system package: com.bestbuy.android, but found with extended search.
03-10 19:37:23.648  3163  5843 W PackageManager: Missing required system package: com.app.tgtg, but found with extended search.
03-10 19:37:23.648  3163  5843 W PackageManager: Missing required system package: com.amazon.mShop.android.shopping, but found with extended search.
03-10 19:37:23.648  3163  5843 W PackageManager: Missing required system package: com.alibaba.aliexpresshd, but found with extended search.
03-10 19:37:23.648  3163  5843 W PackageManager: Missing required system package: com.adidas.app, but found with extended search.
03-10 19:37:23.648  3163  5843 W PackageManager: Missing required system package: com.acorns.early, but found with extended search.
03-10 19:37:23.648  3163  5843 W PackageManager: Missing required system package: com.acorns.android, but found with extended search.
03-10 19:37:23.648  3163  5843 W PackageManager: Missing required system package: com.Splitwise.SplitwiseMobile, but found with extended search.
03-10 19:37:23.648  3163  5843 W PackageManager: Missing required system package: app.simple.com, but found with extended search.
03-10 19:37:23.648  3163  5843 W PackageManager: Missing required system package: app.organicmaps, but found with extended search.
03-10 19:37:23.648  3163  5843 W PackageManager: Missing required system package: tv.pluto.android, but found with extended search.
03-10 19:37:23.648  3163  5843 W PackageManager: Missing required system package: net.sharewire.parkmobilev2, but found with extended search.
03-10 19:37:23.648  3163  5843 W PackageManager: Missing required system package: digit.android, but found with extended search.
03-10 19:37:23.648  3163  5843 W PackageManager: Missing required system package: com.walmart.android, but found with extended search.
03-10 19:37:23.648  3163  5843 W PackageManager: Missing required system package: com.uniqlo.usa.catalogue, but found with extended search.
03-10 19:37:23.648  3163  5843 W PackageManager: Missing required system package: com.ubercab.eats, but found with extended search.
03-10 19:37:23.648  3163  5843 W PackageManager: Missing required system package: com.tubitv, but found with extended search.
03-10 19:37:23.648  3163  5843 W PackageManager: Missing required system package: com.thetransitapp.droid, but found with extended search.
03-10 19:37:23.648  3163  5843 W PackageManager: Missing required system package: com.thehomedepot, but found with extended search.
03-10 19:37:23.649  3163  5843 W PackageManager: Missing required system package: com.target.ui, but found with extended search.
03-10 19:37:23.649  3163  5843 W PackageManager: Missing required system package: com.starbucks.mobilecard, but found with extended search.
03-10 19:37:23.649  5993  8761 I NearbyDiscovery: (REDACTED) ApFastPairScanner: Start scanning, mode=%s
03-10 19:37:23.649  3163  5843 W PackageManager: Missing required system package: com.squareup.cash, but found with extended search.
03-10 19:37:23.649  3163  5843 W PackageManager: Missing required system package: com.snapdeal.main, but found with extended search.
03-10 19:37:23.649  3163  5843 W PackageManager: Missing required system package: com.shopify.arrive, but found with extended search.
03-10 19:37:23.649  3163  5843 W PackageManager: Missing required system package: com.rfi.sams.android, but found with extended search.
03-10 19:37:23.649  3163  5843 W PackageManager: Missing required system package: com.remitly.androidapp, but found with extended search.
03-10 19:37:23.649  3163  5843 W PackageManager: Missing required system package: com.qapital, but found with extended search.
03-10 19:37:23.649  3163  5843 W PackageManager: Missing required system package: com.paypal.android.p2pmobile, but found with extended search.
03-10 19:37:23.649  3163  5843 W PackageManager: Missing required system package: com.overstock, but found with extended search.
03-10 19:37:23.649  3163  5843 W PackageManager: Missing required system package: com.opera.browser, but found with extended search.
03-10 19:37:23.649  3163  5843 W PackageManager: Missing required system package: com.nytimes.android, but found with extended search.
03-10 19:37:23.649  5993  8761 I NearbyDiscovery: FastPairController: onSystemStateChanged: skip due to flag disabled [CONTEXT service_id=265 ]
03-10 19:37:23.649  3163  5843 W PackageManager: Missing required system package: com.nordstrom.app, but found with extended search.
03-10 19:37:23.649  3163  5843 W PackageManager: Missing required system package: com.nextdoor, but found with extended search.
03-10 19:37:23.649  3163  5843 W PackageManager: Missing required system package: com.infonow.bofa, but found with extended search.
03-10 19:37:23.649  3163  5843 W PackageManager: Missing required system package: com.here.app.maps, but found with extended search.
03-10 19:37:23.649  3163  5843 W PackageManager: Missing required system package: com.google.android.apps.walletnfcrel, but found with extended search.
03-10 19:37:23.649  3163  5843 W PackageManager: Missing required system package: com.google.android.apps.magazines, but found with extended search.
03-10 19:37:23.649  3163  5843 W PackageManager: Missing required system package: com.google.android.apps.docs.editors.slides, but found with extended search.
03-10 19:37:23.649  3163  5843 W PackageManager: Missing required system package: com.google.android.apps.docs.editors.sheets, but found with extended search.
03-10 19:37:23.649  3163  5843 W PackageManager: Missing required system package: com.google.android.apps.docs.editors.docs, but found with extended search.
03-10 19:37:23.649  3163  5843 W PackageManager: Missing required system package: com.fusionmedia.investing, but found with extended search.
03-10 19:37:23.649  3163  5843 W PackageManager: Missing required system package: com.fidelity.android, but found with extended search.
03-10 19:37:23.649  3163  5843 W PackageManager: Missing required system package: com.expedia.bookings, but found with extended search.
03-10 19:37:23.649  3163  5843 W PackageManager: Missing required system package: com.depop, but found with extended search.
03-10 19:37:23.649  3163  5843 W PackageManager: Missing required system package: com.creditkarma.mobile, but found with extended search.
03-10 19:37:23.649  3163  5843 W PackageManager: Missing required system package: co.tapcart.app.id_CeeweiHh1L, but found with extended search.
03-10 19:37:23.650  6344  6344 V ClockFace: onDataSetChanged: clock update in remote
03-10 19:37:23.654  5658  6105 I bt_shim_scanner: system/main/shim/le_scanning_manager.cc:282 ScanFilterEnable: in shim layer
03-10 19:37:23.654  5658  6105 I bt_shim_scanner: system/main/shim/le_scanning_manager.cc:258 ScanFilterAdd: in shim layer
03-10 19:37:23.654  2068  2068 D vendor.qti.bluetooth@1.0-ibs_handler: SerialClockVote: vote for UART CLK ON
03-10 19:37:23.655  2068  2068 D vendor.qti.bluetooth@1.0-wake_lock: Acquire wakelock is acquired 
03-10 19:37:23.655  2068  2068 I vendor.qti.bluetooth@1.0-ibs_handler: DeviceWakeUp: Writing IBS_WAKE_IND
03-10 19:37:23.655  5658  6105 I bt_shim_scanner: system/main/shim/le_scanning_manager.cc:220 ScanFilterParamSetup: in shim layer, clientIf=1
03-10 19:37:23.656  5658  6105 I bt_shim_scanner: system/main/shim/le_scanning_manager.cc:258 ScanFilterAdd: in shim layer
03-10 19:37:23.657  5658  6105 I bt_shim_scanner: system/main/shim/le_scanning_manager.cc:220 ScanFilterParamSetup: in shim layer, clientIf=1
03-10 19:37:23.658  5658  6105 I bt_shim_scanner: system/main/shim/le_scanning_manager.cc:185 Scan: in shim layer started
03-10 19:37:23.658  5658  6105 I bt_shim_scanner: system/main/shim/le_scanning_manager.cc:185 Scan: in shim layer stopped
03-10 19:37:23.658  5658  6105 W BtGatt.JNI: android/app/jni/com_android_bluetooth_gatt.cpp:1597 gattSetScanParametersNative: gattSetScanParametersNative
03-10 19:37:23.658  5658  6105 I bt_shim_scanner: system/main/shim/le_scanning_manager.cc:363 SetScanParameters: in shim layer, scannerId=1
03-10 19:37:23.658  5658  6105 I bt_shim_scanner: system/main/shim/le_scanning_manager.cc:185 Scan: in shim layer started
03-10 19:37:23.661  2068  6060 I vendor.qti.bluetooth@1.0-ibs_handler: ProcessIbsCmd: Received IBS_WAKE_ACK: 0xFC
03-10 19:37:23.661  2068  6060 I vendor.qti.bluetooth@1.0-ibs_handler: ProcessIbsCmd: Signal wack_cond_
03-10 19:37:23.661  2068  2068 D vendor.qti.bluetooth@1.0-ibs_handler: DeviceWakeUp: Unblocked from waiting for FC, pthread_cond_timedwait ret = 0
03-10 19:37:23.662  5658  5907 I bluetooth: system/gd/hci/le_scanning_manager.cc:690 stop_scan: Scanning already stopped, return!
03-10 19:37:23.662  5658  5907 I bluetooth: system/gd/hci/le_address_manager.cc:226 register_client: Scheduled address rotation for first client registered
03-10 19:37:23.662  5658  5907 I bluetooth: system/gd/hci/le_address_manager.cc:229 register_client: Client registered
