03-09 21:49:10.727  3163  3229 I DisplayDevice: [0] Layerstack set to 0 for local:4630947043778501762 mDisplayToken=android.os.BinderProxy@d90d011 t=Transaction{mNativeObject=-5476376673043675440, mHashCode=0}
03-09 21:49:10.728  2300  2300 E Scheduler: trackPendingFrame: Invalid present fence
03-09 21:49:10.729  2067  8157 D AHAL: AudioDevice: SetParameters: 1564: enter: screen_state=on
03-09 21:49:10.729  2067  8157 D AHAL: AudioVoice: VoiceSetParameters: 87: Enter params: screen_state=on
03-09 21:49:10.729  2067  8157 D AHAL: AudioVoice: VoiceSetParameters: 360: Exit ret: 0
03-09 21:49:10.729  2067  8157 D AHAL: FM: fm_set_parameters: 262: Enter
03-09 21:49:10.729  2067  8157 D AHAL: FM: fm_set_parameters: 320: exit
03-09 21:49:10.729  2067  8157 D AHAL: AudioDevice: SetParameters: 1625:  - screen = on
03-09 21:49:10.729  2067  8157 I PAL: ResourceManager: setParameter: 8311: Screen State:1
03-09 21:49:10.729  2067  8157 D AHAL: AudioDevice: SetParameters: 2361: exit: screen_state=on
03-09 21:49:10.729  2300  2300 E Scheduler: trackPendingFrame: Invalid present fence
03-09 21:49:10.729  2300  2300 D SurfaceFlinger: Setting power mode 2 on display 4630947043778501762
03-09 21:49:10.731  5658  6105 I bt_shim_scanner: system/main/shim/le_scanning_manager.cc:185 Scan: in shim layer stopped
03-09 21:49:10.731  5658  5907 I bluetooth: system/gd/hci/le_address_manager.cc:244 unregister_client: Client unregistered
03-09 21:49:10.731  5658  5907 I bluetooth: system/gd/hci/le_address_manager.cc:248 unregister_client: Cancelled address rotation alarm
03-09 21:49:10.731  5658  6105 W BtGatt.JNI: android/app/jni/com_android_bluetooth_gatt.cpp:1597 gattSetScanParametersNative: gattSetScanParametersNative
03-09 21:49:10.731  5658  6105 I bt_shim_scanner: system/main/shim/le_scanning_manager.cc:363 SetScanParameters: in shim layer, scannerId=1
03-09 21:49:10.731  5658  6105 I bt_shim_scanner: system/main/shim/le_scanning_manager.cc:185 Scan: in shim layer started
03-09 21:49:10.732  5658  5907 I bluetooth: system/gd/hci/le_scanning_manager.cc:690 stop_scan: Scanning already stopped, return!
03-09 21:49:10.732  5658  5907 I bluetooth: system/gd/hci/le_address_manager.cc:226 register_client: Scheduled address rotation for first client registered
03-09 21:49:10.732  5658  5907 I bluetooth: system/gd/hci/le_address_manager.cc:229 register_client: Client registered
03-09 21:49:10.732  2068  6060 I vendor.qti.bluetooth@1.0-ibs_handler: ProcessIbsCmd: Received IBS_WAKE_IND: 0xFD
03-09 21:49:10.732  2068  6060 I vendor.qti.bluetooth@1.0-ibs_handler: ProcessIbsCmd: Writing IBS_WAKE_ACK
03-09 21:49:10.733 26976 27604 D MCLOG   : [BrightnessTrigger] onDisplayChanged displayId = 0
03-09 21:49:10.733  3163  4285 I InputReader: Reconfiguring input devices, changes=DISPLAY_INFO
03-09 21:49:10.733  3163  4285 I InputReader: Device reconfigured: id=7, name='goodix_ts', size 1080x2640, orientation Rotation0, mode DIRECT, display id 0
03-09 21:49:10.733  7545  7545 I FileStationLog: [ FS_h$a ] - [Display] Changed display: 0
03-09 21:49:10.733  7545  7545 I FileStationLog: [ FS_h ] - [Logic] Retrieved display info: LogicDisplayInfo(width=1080, height=2640, orientation=1, rotation=0, displayId=0)
03-09 21:49:10.733  7545  7545 I FileStationLog: [ FS_h$a ] - [Display] New logical size: 1080x2640
03-09 21:49:10.734  7545  7545 I FileStationLog: [ FS_h$a ] - [Display] Screen width unchanged: 1080
03-09 21:49:10.735 26976 27604 D MCLOG   : [BrightnessManager] displayId = 0 brightness = 0.08963825 nit = 8.332473 level = br1
03-09 21:49:10.741  3163  3231 D PanelsService: updateDefaultDisplayState: mScreenState=ON
03-09 21:49:10.744  2064  4171 I slpi-MOT_HINGE: Hingeposture  90.0 tent:0 gpio:-1 flip:1 flat:1 b:2.3 6.9 6.6 149.8 -79.0 79.8 f:2.0 5.9 -7.4 -656.9 83.6 70.6
03-09 21:49:10.745  3163  3163 I BrightnessSynchronizer: New Update: {[2454] 0.08963825(f), mUpdatedTypes=0, mConfirmedTypes=0, mTimeUpdated=0, mState=2}
03-09 21:49:10.745  3163  3231 W ServiceManagerCppClient: Failed to get isDeclared for com.motorola.hardware.display.panel.IDisplayPanel/default: Status(-1, EX_SECURITY): 'SELinux denied.'
03-09 21:49:10.745  3163  3231 D DisplayPanelService: Setting panel dc mode: 0
03-09 21:49:10.745  2300  2300 I Scheduler: Display 4630947043778501762 is the pacesetter
03-09 21:49:10.745  2300  2300 I Scheduler: promotePacesetterDisplayLocked, mAcceptScrollEvent=1
03-09 21:49:10.745  2300  2300 I Scheduler: promotePacesetterDisplayLocked, mAcceptTouchNotBoostEvent=0
03-09 21:49:10.745  2090  2090 I DisplayPanel: setDcMode: DC mode = OFF
03-09 21:49:10.745  2090  2090 D DisplayPanel: setParam: Success set DC to 0 for Primary display
03-09 21:49:10.746  2300  2300 D SurfaceFlinger: Setting desired display mode specs: {4, false, PR={p[90.00-90.00]Hz, r[24.00-90.00]Hz}, AR={p[0.00-120.00]Hz, r[0.00-120.00]Hz}} for display 4630947043778501762
03-09 21:49:10.746  5993  5993 I NearbyDiscovery: (REDACTED) FastPairDisplayObserver: %s -> %s
03-09 21:49:10.746  2300  2300 I SurfaceFlinger: Switching to Scheduler preferred mode 4 (90.00 Hz) for display 4630947043778501762
03-09 21:49:10.746  2300  2300 D DisplayModeController: setDesiredMode 4630947043778501762 {mode={fps=90.00 Hz, modePtr={id=4, vsyncRate=90.00 Hz, peakRefreshRate=90.00 Hz}}, emitEvent=true, force=false}
03-09 21:49:10.748  2195  2392 I SDM     : DisplayBase::SetDisplayState: Set state = 1, display 57-0, teardown = 0
03-09 21:49:10.749  2195  2392 I SDM     : HWDeviceDRM::NullCommit: Null commit succeeded crtc=141
03-09 21:49:10.749  3163  3231 I DeviceStateManagerService: Cannot notify device state info change when pending state is present.
03-09 21:49:10.751  5625  5669 D ShellSplitScreen: onFoldedStateChanged: folded=false
03-09 21:49:10.752  2067  8157 D AHAL: AudioDevice: SetParameters: 1564: enter: device_folded=off
03-09 21:49:10.752  2067  8157 D AHAL: AudioVoice: VoiceSetParameters: 87: Enter params: device_folded=off
03-09 21:49:10.752  2067  8157 D AHAL: AudioVoice: VoiceSetParameters: 360: Exit ret: 0
03-09 21:49:10.752  2067  8157 D AHAL: FM: fm_set_parameters: 262: Enter
03-09 21:49:10.752  2067  8157 D AHAL: FM: fm_set_parameters: 320: exit
03-09 21:49:10.752  2067  8157 D AHAL: AudioDevice: SetParameters: 2361: exit: device_folded=off
03-09 21:49:10.753  3163  3229 D CLI/SmallCLI: onDeviceLidStateChanged: state=LAPTOP
03-09 21:49:10.753  3163  3231 I LogicalDisplayMapper: Requesting Transition to state: 4, from state=1, interactive=true, mBootCompleted=true
03-09 21:49:10.753  3163  3231 I LogicalDisplayMapper: Applying layout: [{dispId: 0(ON), displayGroupName: , addr: {port=130, model=0x40446dccee101c}, mThermalBrightnessThrottlingMapId: null, mRefreshRateZoneId: null, mLeadDisplayId: -1, mLeadDisplayAddress: null, mThermalRefreshRateThrottlingMapId: null, mPowerThrottlingMapId: null}], Previous layout: [{dispId: 0(ON), displayGroupName: , addr: {port=130, model=0x40446dccee101c}, mThermalBrightnessThrottlingMapId: null, mRefreshRateZoneId: null, mLeadDisplayId: -1, mLeadDisplayAddress: null, mThermalRefreshRateThrottlingMapId: null, mPowerThrottlingMapId: null}]
03-09 21:49:10.753  2064  2064 I sensors-hal: batch:206, android.sensor.light/51, period=200000000, max_latency=0
03-09 21:49:10.753  2064  2064 I sensors-hal: set_config:61, no need to adjust sample_period_ns due to reporting_mode = 2
03-09 21:49:10.753  2064  2064 I sensors-hal: send_sensor_config_request:463, dt=ambient_light: convert sample_period=200000000 to batch_period=200000
03-09 21:49:10.753  2064  2064 I sensors-hal: send_sync_sensor_request:341, send sync request
03-09 21:49:10.753  2064  2064 I sensors-hal: send_sync_sensor_request:367, wait for notification of response
03-09 21:49:10.754  5993  8761 I NearbyDiscovery: (REDACTED) PureOffloadFastPairScanner: eventType=%s, isInternalReq=%s, isScanning=%s, isScanningAllowed=%s
03-09 21:49:10.755  5993  8761 I NearbyDiscovery: (REDACTED) ApFastPairScanner: isScreenOn=%s, isLocationEnabled=%s, disableLocationRequirement=%s, isDiscoveryScanningEnabled=%s, during24GhzWifiWarmingUpPeriod=%s
03-09 21:49:10.755  5993  8761 D BluetoothAdapter: isLeEnabled(): ON
03-09 21:49:10.755 10834 10996 I ProtoXDBBufferWrapper: ProtoXDBBufferWrapper.flushToStorage():158 Flushed 10 data item(s) to storage.
03-09 21:49:10.755  2064 20480 I sensors-hal: ssc_conn_resp_cb:632, resp_value = 0
03-09 21:49:10.756  2064  2064 I sensors-hal: send_sync_sensor_request:373, takes 2 ms to receive the response with 0
03-09 21:49:10.756  2064  2064 I sensors-hal: batch:215, android.sensor.light/51, period=200000000, max_latency=0 request completed
03-09 21:49:10.758  3163  4279 I CLI/Transition_Device: lid state changed: OPEN -> OPEN, device state changed to LAPTOP
03-09 21:49:10.758  3163  4279 D CLI/Rotation: Set volume keyswap sysprop for rotation 2 lidState OPEN
03-09 21:49:10.759  3163  4279 I WindowManager: updateRotationUnchecked CLI real rotation changed:3, rotation:3
03-09 21:49:10.759  3163  4285 I InputReader: Disabling zinitix_mt (device 6) because the associated viewport is not active
03-09 21:49:10.761  3163  3227 D TouchHwAidlService: onStateChanged.. state=4
03-09 21:49:10.764  3163  3231 D DisplayManagerService: Ignore redundant display event 0/2 to 10310/10834
03-09 21:49:10.764  3163  3231 D DisplayManagerService: Ignore redundant display event 0/2 to 10416/12048
03-09 21:49:10.770  5993  8761 I NearbyDiscovery: (REDACTED) ApFastPairScanner: eventType=%s, intReq=%s, scanning=%s, scanAllowed=%s, bleEnabled=%s, lockScanRate=%s, startScanningByLowPowerMode=%s
03-09 21:49:10.775  2068  6060 I vendor.qti.bluetooth@1.0-ibs_handler: ProcessIbsCmd: Received IBS_SLEEP_IND: 0xFE
03-09 21:49:10.777  3163  3231 I WindowManager: Override config changes=20000000 {1.0 ?mcc0mnc [en_US] ldltr sw111dp w210dp h111dp 280dpi smll land night mot-cli finger -keyb/v/h -nav/h winConfig={ mBounds=Rect(0, 0 - 368, 194) mAppBounds=Rect(0, 0 - 368, 194) mMaxBounds=Rect(0, 0 - 368, 194) mDisplayRotation=ROTATION_270 mWindowingMode=fullscreen mActivityType=undefined mAlwaysOnTop=undefined mRotation=ROTATION_270} ?fontWeightAdjustment ?spn ?gid} for displayId=1
03-09 21:49:10.787  3163  3227 D PowerManagerService: nativeReleaseSuspendBlocker name:PowerManagerService.Broadcasts duration ms: 0
03-09 21:49:10.804  3163  3231 I InputManager-JNI: Viewport [0] to add: local:4630947043778501762, isActive: true
03-09 21:49:10.804  3163  3231 I InputManager-JNI: Viewport [1] to add: local:4630947043778501763, isActive: false
03-09 21:49:10.804  5625  5625 I KgdSliceProvider: The weather info has not change, does not need to be updated. mTempF=-999 iconNumber=-999 celsius=true
03-09 21:49:10.807  3163  4285 I InputReader: Reconfiguring input devices, changes=DISPLAY_INFO
03-09 21:49:10.807  3163  4285 I InputReader: Disabling zinitix_mt (device 6) because the associated viewport is not active
03-09 21:49:10.807  3163  4285 I InputReader: Device reconfigured: id=6, name='zinitix_mt', size 194x368, orientation Rotation0, mode DISABLED, display id 1
03-09 21:49:10.834  5625  5625 I vol.VolumeDialogImpl: mDialog.dismiss() reason: posture_changed from: com.android.systemui.volume.VolumeDialogImpl$H.handleMessage:111 displayId: 0 mShowing: false mIsAnimatingDismiss: false
03-09 21:49:10.847  5625  5669 I DisplayController: CLI display config changed. dpi:280, fontScale:1.0
03-09 21:49:10.847  5625  5669 V ShellDragAndDrop: Display changed: 1
03-09 21:49:10.847  3163  3229 V WindowManager: Content Recording: Display 1 state was (1), is now (1), so update recording?
03-09 21:49:10.847  3163  3229 D CLI/Transition: displaygroup 1, state OFF, pendingdisplaygroup -1
03-09 21:49:10.848  3163  3229 W WindowManager: All windows drawn on display -1
03-09 21:49:10.848  3163  3229 D WindowManager: finishScreenTurningOn..
03-09 21:49:10.848  3163  3229 D WindowManager: enableScreen mKeyguardDrawnOnce=true awake=true mBootMessageNeedsHiding=false
03-09 21:49:10.849  3163  3231 W AccessibilityWindowsPopulator: The displayInfo of this displayId (0) called back from the surface fligner is null
03-09 21:49:10.850  7545  7545 I FileStationLog: [ FS_h$a ] - [Display] Changed display: 1
03-09 21:49:10.853  7545  7545 I FileStationLog: [ FS_h$a ] - [Display] Ignoring change for non-default/desktop display: 1
03-09 21:49:10.873  2064 20267 E sensors-hal: handle_sns_client_event:62, mot_disprot_event: now=37306778259578 ts=37306749262666, type=0, status=3
03-09 21:49:10.874  3163  3229 W BoostOptController: not supported hint: 118
03-09 21:49:10.886 14333  7959 I Finsky:background: [125] Configured Surface is not enabled on this device.
03-09 21:49:10.886 14333  7959 I Finsky:background: [125] Surface GOOGLE_TV is not enabled on this device.
03-09 21:49:10.887 19462 20390 I PlayCore: UID: [10627]  PID: [19462] AppEngageService : Unbind from service.
03-09 21:49:10.891 14333 14333 I Finsky:background: [2] Memory trim requested to level 40
03-09 21:49:10.891 19462 20390 I PlayCore: UID: [10627]  PID: [19462] AppEngageService : Initiate binding to the service.
03-09 21:49:10.895 14333 14333 I Finsky:background: [2] Memory trim requested to level 40
03-09 21:49:10.899 19462 19462 I PlayCore: UID: [10627]  PID: [19462] AppEngageService : ServiceConnectionImpl.onServiceConnected(ComponentInfo{com.android.vending/com.google.android.finsky.appcontentservice.engage.AppEngageServiceV2})
03-09 21:49:10.899 19462 20390 I PlayCore: UID: [10627]  PID: [19462] AppEngageService : linkToDeath
03-09 21:49:10.900 14333  7959 I Finsky:background: [125] AppEngageService isServiceAvailable() API is called.
03-09 21:49:10.901 14333  7959 I Finsky:background: [125] Configured Surface is not enabled on this device.
03-09 21:49:10.901 14333  7959 I Finsky:background: [125] Surface GOOGLE_TV is not enabled on this device.
03-09 21:49:10.902 19462 20390 I PlayCore: UID: [10627]  PID: [19462] AppEngageService : Unbind from service.
03-09 21:49:10.906 14333 14333 I Finsky:background: [2] Memory trim requested to level 40
03-09 21:49:10.907 19462 20390 I PlayCore: UID: [10627]  PID: [19462] AppEngageService : Initiate binding to the service.
03-09 21:49:10.910 14333 14333 I Finsky:background: [2] Memory trim requested to level 40
03-09 21:49:10.914 19462 19462 I PlayCore: UID: [10627]  PID: [19462] AppEngageService : ServiceConnectionImpl.onServiceConnected(ComponentInfo{com.android.vending/com.google.android.finsky.appcontentservice.engage.AppEngageServiceV2})
03-09 21:49:10.914 19462 20390 I PlayCore: UID: [10627]  PID: [19462] AppEngageService : linkToDeath
03-09 21:49:10.914 14333  7959 I Finsky:background: [125] AppEngageService isServiceAvailable() API is called.
03-09 21:49:10.915 14333  7959 I Finsky:background: [125] Configured Surface is not enabled on this device.
03-09 21:49:10.916 14333  7959 I Finsky:background: [125] Surface GOOGLE_TV is not enabled on this device.
03-09 21:49:10.916 19462 20390 I PlayCore: UID: [10627]  PID: [19462] AppEngageService : Unbind from service.
03-09 21:49:10.917  2064  4171 D slpi    : tmd2712: Als lux: 1.90, ch0: 31, ch1: 3, scale: 1.08, atime:50.04, again:1024
03-09 21:49:10.919 19462 19490 I WM-WorkerWrapper: Worker result SUCCESS for Work [ id=196ba68c-6e0f-4909-a69d-cd189a7b6f46, tags={ com.chickfila.cfaflagship.thirdparty.google.engage.GoogleEngageSDKImmediatePublishWorker,GoogleEngageSDKImmediatePublishWorker } ]
03-09 21:49:10.920 19462 19462 D WM-Processor: Processor 196ba68c-6e0f-4909-a69d-cd189a7b6f46 executed; reschedule = false
03-09 21:49:10.920 19462 19462 D WM-SystemJobService: 196ba68c-6e0f-4909-a69d-cd189a7b6f46 executed on JobScheduler
03-09 21:49:10.920 14333 14333 I Finsky:background: [2] Memory trim requested to level 40
03-09 21:49:10.924  3163  7023 D CompatChangeReporter: Compat change id reported: 311208629; UID 10627; state: ENABLED
03-09 21:49:10.925 19462 19494 D WM-GreedyScheduler: Cancelling work ID 196ba68c-6e0f-4909-a69d-cd189a7b6f46
03-09 21:49:10.934  2064  4171 I slpi-MOT_HINGE: Hingeposture 180.0 tent:0 gpio:-1 flip:1 flat:1 b:2.7 8.0 5.0 -120.2 67.4 21.4 f:2.5 8.1 4.9 -125.4 70.2 18.8
03-09 21:49:10.937  3163  3231 I DeviceStateManagerService: Cannot notify device state info change when pending state is present.
03-09 21:49:10.939  3163  3231 I LogicalDisplayMapper: Requesting Transition to state: 5, from state=4, interactive=true, mBootCompleted=true
03-09 21:49:10.940  3163  3231 I LogicalDisplayMapper: Applying layout: [{dispId: 0(ON), displayGroupName: , addr: {port=130, model=0x40446dccee101c}, mThermalBrightnessThrottlingMapId: null, mRefreshRateZoneId: null, mLeadDisplayId: -1, mLeadDisplayAddress: null, mThermalRefreshRateThrottlingMapId: null, mPowerThrottlingMapId: null}], Previous layout: [{dispId: 0(ON), displayGroupName: , addr: {port=130, model=0x40446dccee101c}, mThermalBrightnessThrottlingMapId: null, mRefreshRateZoneId: null, mLeadDisplayId: -1, mLeadDisplayAddress: null, mThermalRefreshRateThrottlingMapId: null, mPowerThrottlingMapId: null}]
03-09 21:49:10.940  3163  3229 D CLI/SmallCLI: onDeviceLidStateChanged: state=OPEN
03-09 21:49:10.946  3163  3227 D TouchHwAidlService: onStateChanged.. state=5
03-09 21:49:10.957  3163  4279 I CLI/Transition_Device: lid state changed: OPEN -> OPEN, device state changed to OPEN
03-09 21:49:10.965  2195  2392 I SDM     : PipeAllocSdma2::CalculatePipeNumToDedicate: num_vig: 0, num_dma: 1
03-09 21:49:10.965  2195  2392 I SDM     : DisplayBase::SetDisplayState: active 1-1 state 1-1 pending_power_state_ 0
03-09 21:49:10.966  2300  2300 D SurfaceFlinger: Finished setting power mode 2 on display 4630947043778501762
03-09 21:49:10.966  2300  2300 D RefreshRateSelector: found  TouchBoostRefreshRate: {fps=90.00 Hz, modePtr={id=4, vsyncRate=90.00 Hz, peakRefreshRate=90.00 Hz}}
03-09 21:49:10.966  2300  2300 D RefreshRateSelector: [90:120:0]: mTouchBoostRefreshRateAvailable=1, mScrollBoostRefreshRateAvailable=0, mTouchOnBlankNotBoostRefreshRateAvailable=0
03-09 21:49:10.966  3163  5305 D SurfaceControl: Excessive delay in setPowerMode()
03-09 21:49:10.968  3163  5305 W ServiceManagerCppClient: Failed to get isDeclared for com.motorola.hardware.display.panel.IDisplayPanel/default: Status(-1, EX_SECURITY): 'SELinux denied.'
03-09 21:49:10.968  3163  5305 D DisplayPanelService: Setting panel dc mode: 0
03-09 21:49:10.968  2090  2090 I DisplayPanel: setDcMode: DC mode = OFF
03-09 21:49:10.969  2300  2300 I BpBinder: onLastStrongRef automatically unlinking death recipients: 
03-09 21:49:10.969  2090  2090 D DisplayPanel: setParam: Success set DC to 0 for Primary display
03-09 21:49:10.974  2300  2300 E Scheduler: trackPendingFrame: Invalid present fence
03-09 21:49:10.982  3163  3352 D BrightnessThermalClamper: Thermal status observer already started
03-09 21:49:10.983  3163  3352 W BoostOptController: not supported hint: 118
03-09 21:49:10.989 26976 27604 D MCLOG   : [BrightnessTrigger] onDisplayChanged displayId = 0
03-09 21:49:10.991  3163  3229 D CLI/Transition: displaygroup 0, state ON, pendingdisplaygroup -1
03-09 21:49:10.997  2067  8157 D AHAL: AudioDevice: SetParameters: 1564: enter: screen_state=on
03-09 21:49:10.997  2067  8157 D AHAL: AudioVoice: VoiceSetParameters: 87: Enter params: screen_state=on
03-09 21:49:10.997  2067  8157 D AHAL: AudioVoice: VoiceSetParameters: 360: Exit ret: 0
03-09 21:49:10.997  2067  8157 D AHAL: FM: fm_set_parameters: 262: Enter
03-09 21:49:10.997  2067  8157 D AHAL: FM: fm_set_parameters: 320: exit
03-09 21:49:10.997  2067  8157 D AHAL: AudioDevice: SetParameters: 1625:  - screen = on
03-09 21:49:10.997  2067  8157 I PAL: ResourceManager: setParameter: 8311: Screen State:1
03-09 21:49:10.997  2067  8157 D AHAL: AudioDevice: SetParameters: 2361: exit: screen_state=on
03-09 21:49:11.002  3163  3352 W BoostOptController: not supported hint: 118
03-09 21:49:11.003 26976 27604 D MCLOG   : [BrightnessManager] displayId = 0 brightness = 0.08963825 nit = 8.332473 level = br1
03-09 21:49:11.005  7545  7545 I FileStationLog: [ FS_h$a ] - [Display] Changed display: 0
03-09 21:49:11.005  7545  7545 I FileStationLog: [ FS_h ] - [Logic] Retrieved display info: LogicDisplayInfo(width=1080, height=2640, orientation=1, rotation=0, displayId=0)
03-09 21:49:11.005  7545  7545 I FileStationLog: [ FS_h$a ] - [Display] New logical size: 1080x2640
03-09 21:49:11.005  7545  7545 I FileStationLog: [ FS_h$a ] - [Display] Screen width unchanged: 1080
03-09 21:49:11.005  5625  5625 I vol.VolumeDialogImpl: mDialog.dismiss() reason: posture_changed from: com.android.systemui.volume.VolumeDialogImpl$H.handleMessage:111 displayId: 0 mShowing: false mIsAnimatingDismiss: true
03-09 21:49:11.005  5625  5625 D vol.VolumeDialogImpl: dismissH: skipping dismiss because isAnimatingDismiss is true and showingStateInconsistent is false
03-09 21:49:11.007  3163  3352 D BrightnessThermalClamper: Thermal status observer already started
03-09 21:49:11.007  3163  3352 D BrightnessThermalClamper: Thermal status observer already started
03-09 21:49:11.007  3163  3352 D BrightnessThermalClamper: Thermal status observer already started
03-09 21:49:11.009  3163  3352 D BrightnessThermalClamper: Thermal status observer already started
03-09 21:49:11.012  3163  3163 I BrightnessSynchronizer: New Update: {[2455] 0.08963825(f), mUpdatedTypes=0, mConfirmedTypes=0, mTimeUpdated=0, mState=2}
03-09 21:49:11.012  3163  3163 I BrightnessSynchronizer: New Update: {[2456] 0.08963825(f), mUpdatedTypes=0, mConfirmedTypes=0, mTimeUpdated=0, mState=2}
03-09 21:49:11.013  3163  3352 I WindowManager: Display 0 turned on...
03-09 21:49:11.015  3163  3352 W PowerManagerService: Screen on took 542 ms
03-09 21:49:11.015  3163  3163 I BrightnessSynchronizer: New Update: {[2457] 0.08963825(f), mUpdatedTypes=0, mConfirmedTypes=0, mTimeUpdated=0, mState=2}
03-09 21:49:11.015  3163  3163 I WindowManager: Finished waking up... (groupId=0 why=ON_BECAUSE_OF_USER) pmWakeReason=WAKE_REASON_LID
03-09 21:49:11.016  5493  5493 I WallpaperService: engine resumed
03-09 21:49:11.018  5625  5669 D ShellSplitScreen: onFinishedWakingUp
03-09 21:49:11.023  2064  2064 I sensors-hal: batch:206, android.sensor.accelerometer/11, period=20000000, max_latency=0
03-09 21:49:11.023  2064  2064 I sensors-hal: set_config:57, sample_period_ns is adjusted to 20000000 based on min/max delay_ns
03-09 21:49:11.023  2064  2064 I sensors-hal: send_sensor_config_request:395, resampler is used, set resampler config
03-09 21:49:11.023  2064  2064 I sensors-hal: send_sync_sensor_request:341, send sync request
03-09 21:49:11.023  2064  2064 I sensors-hal: send_sync_sensor_request:367, wait for notification of response
03-09 21:49:11.025  2064  5194 I sensors-hal: ssc_conn_resp_cb:632, resp_value = 0
03-09 21:49:11.026  2064  2064 I sensors-hal: send_sync_sensor_request:373, takes 2 ms to receive the response with 0
03-09 21:49:11.026  2064  2064 I sensors-hal: batch:215, android.sensor.accelerometer/11, period=20000000, max_latency=0 request completed
03-09 21:49:11.026  2064  2064 I sensors-hal: flush:235, android.sensor.accelerometer/11
03-09 21:49:11.026  2064  2064 I sensors-hal: send_sync_sensor_request:341, send sync request
03-09 21:49:11.026  2064  2064 I sensors-hal: send_sync_sensor_request:367, wait for notification of response
03-09 21:49:11.027  2064  5194 I sensors-hal: ssc_conn_resp_cb:632, resp_value = 0
03-09 21:49:11.027  2064  2064 I sensors-hal: send_sync_sensor_request:373, takes 0 ms to receive the response with 0
03-09 21:49:11.027  2064  2064 I sensors-hal: flush:241, android.sensor.accelerometer/11 completed
03-09 21:49:11.028  2064  2064 I sensors-hal: batch:206, android.sensor.magnetic_field/21, period=20000000, max_latency=0
03-09 21:49:11.029  2064  2064 I sensors-hal: set_config:57, sample_period_ns is adjusted to 20000000 based on min/max delay_ns
03-09 21:49:11.029  2064  2064 I sensors-hal: batch:215, android.sensor.magnetic_field/21, period=20000000, max_latency=0 request completed
03-09 21:49:11.035  2064  2064 I sensors-hal: activate:173, android.sensor.magnetic_field/21 en=1
03-09 21:49:11.037  2064  2064 I sensors-hal: get_qmi_debug_flag:239, support_qmi_debug : false
03-09 21:49:11.040  2061  2108 E minksocket: MinkIPC_QRTR_Service: client with node 1 port 6f71 went down
03-09 21:49:11.043  2061  2108 E minksocket: MinkIPC_QRTR_Service: client with node 1 port 6f72 went down
03-09 21:49:11.043  2061  2108 E minksocket: MinkIPC_QRTR_Service: client with node 1 port 6f73 went down
03-09 21:49:11.043 10834 10847 W SP      : File ref is being finalized but wasn't closed, file: 7a635888cb828dfa2fc744b7b9b50f04[96]
03-09 21:49:11.043  2064  2064 E Diag_Lib: diag: Diag_LSM_Init: invoked for pid: 2064 with init_count: 0
03-09 21:49:11.044  2061  2108 E minksocket: MinkIPC_QRTR_Service: client with node 1 port 6f74 went down
03-09 21:49:11.044  2064  2064 E Diag_Lib: diag:failed to connect to diag socket
03-09 21:49:11.044  2064  2064 E Diag_Lib:  Diag_LSM_Init: Failed to open handle to diag driver, error = 13
03-09 21:49:11.044  2064  2064 I sensors-hal: get_qmi_debug_flag:239, support_qmi_debug : false
03-09 21:49:11.045  2061  2108 E minksocket: MinkIPC_QRTR_Service: client with node 1 port 6f76 went down
03-09 21:49:11.045  2064 20490 I sensors-hal: handle_indication_realtime:467,  SCHED_FIFO(10) for qmi_cbk
03-09 21:49:11.046  2061  2108 E minksocket: MinkIPC_QRTR_Service: client with node 1 port 6f77 went down
03-09 21:49:11.048  2061  2108 E minksocket: MinkIPC_QRTR_Service: client with node 1 port 6f78 went down
03-09 21:49:11.049  2064  4171 D slpi-TCS3720: ALS_REPORT lux 9.886367, ch0 5.794878-3.826608-1.836414-0.830455, scale 1.1878, fps 90, client 1
03-09 21:49:11.050  2064  4171 D slpi-TCS3720: PRX_OC info Far, Total 0, pdata 0, offset 0 step 0.63, ore 0:0 step 21.00, TH_H 1020, TH_L 0, client 0
03-09 21:49:11.050  2064  2064 E Diag_Lib: diag: Diag_LSM_Init: invoked for pid: 2064 with init_count: 0
03-09 21:49:11.050  2064  2064 E Diag_Lib: diag:failed to connect to diag socket
03-09 21:49:11.050  2064  2064 E Diag_Lib:  Diag_LSM_Init: Failed to open handle to diag driver, error = 13
03-09 21:49:11.050  2163  2163 D motorola.hardware.sensorext-service: handle id:13 wxh:1088x2640 uwxuh:1080x2640 size: 11489280 fd:11 fd_meta:12 flags:0x4000228 usage:0x33  format:0x1 layer_count: 1 reserved_size = 0
03-09 21:49:11.050  2064  2064 I sensors-hal: send_sensor_config_request:395, resampler is used, set resampler config
03-09 21:49:11.051  2064  2064 I sensors-hal: send_sync_sensor_request:341, send sync request
03-09 21:49:11.051  2064  2064 I sensors-hal: send_sync_sensor_request:367, wait for notification of response
03-09 21:49:11.052  2195  2386 I SDM     : HWCSession::SetCWBOutputBuffer: CWB config passed by cwb_client : tappoint 1  CWB_ROI : (210.000000 26.000000 274.000000 90.000000) for display [1 0 0]
03-09 21:49:11.052  2061  2108 E minksocket: MinkIPC_QRTR_Service: client with node 1 port 6f79 went down
03-09 21:49:11.054  2064 20493 I sensors-hal: ssc_conn_resp_cb:632, resp_value = 0
03-09 21:49:11.054  2064  2064 I sensors-hal: send_sync_sensor_request:373, takes 3 ms to receive the response with 0
03-09 21:49:11.054  2064  2064 I sensors-hal: activate:294, mag_filter is enabled
03-09 21:49:11.054  2064 20493 I sensors-hal: handle_indication_realtime:467,  SCHED_FIFO(10) for qmi_cbk
03-09 21:49:11.054  2064  2064 I sensors-hal: activate:184, android.sensor.magnetic_field/21 en=1 completed
03-09 21:49:11.055  5493  5493 I AndroidInput: sensor listener setup
03-09 21:49:11.055  2195 20494 I SDM     : HWCDisplay::SetReadbackBuffer: CWB config from client: tap_point 1, CWB ROI Rect(210.000000 26.000000 274.000000 90.000000), PU_as_CWB_ROI 0, Cwb full rect : (0.000000 0.000000 1080.000000 2640.000000)
03-09 21:49:11.055  2195 20494 I SDM     : HWCDisplay::SetReadbackBuffer: Successfully configured the output buffer: readback_buffer_queued_ 1, readback_configured_ 0, cwb_client 3
03-09 21:49:11.055  2195 20494 I SDM     : HWCSession::ProcessRequests: Successfully configured CWB buffer.
03-09 21:49:11.055  5493  5971 I AndroidGraphics: Unable to get safe area insets
03-09 21:49:11.056  5493  5971 I AndroidGraphics: resumed
03-09 21:49:11.057  2064  2064 I sensors-hal: batch:206, android.sensor.hinge_angle/362, period=200000000, max_latency=0
03-09 21:49:11.057  2064  2064 I sensors-hal: set_config:61, no need to adjust sample_period_ns due to reporting_mode = 2
03-09 21:49:11.057  2064  2064 I sensors-hal: batch:215, android.sensor.hinge_angle/362, period=200000000, max_latency=0 request completed
03-09 21:49:11.057  2064  2064 I sensors-hal: activate:173, android.sensor.hinge_angle/362 en=1
03-09 21:49:11.058  2064  2064 I sensors-hal: get_qmi_debug_flag:239, support_qmi_debug : false
03-09 21:49:11.059 10834 10847 W SP      : File ref is being finalized but wasn't closed, file: 2020031023_en[281]
03-09 21:49:11.059 10834 10847 W SP      : File ref is being finalized but wasn't closed, file: 2020031023_en[281]
03-09 21:49:11.059 10834 10847 W SP      : File ref is being finalized but wasn't closed, file: 2020031023_en[281]
03-09 21:49:11.059 10834 10847 W SP      : File ref is being finalized but wasn't closed, file: 2020031023_en[281]
03-09 21:49:11.060  2061  2108 E minksocket: MinkIPC_QRTR_Service: client with node 1 port 6f7b went down
03-09 21:49:11.061  2195 20494 I SDM     : HWCSession::ProcessRequests: Pushing release fence in fenece wait queue.
03-09 21:49:11.061  2195 20494 I SDM     : HWCSession::ProcessRequests: Creating AsyncFenceWaits async thread.
03-09 21:49:11.062  2061  2108 E minksocket: MinkIPC_QRTR_Service: client with node 1 port 6f7c went down
03-09 21:49:11.062  2195 20494 I SDM     : HWCSession::ProcessRequests: Remove current CWB request from the pending request queue.
03-09 21:49:11.063  2195 20494 I SDM     : HWCSession::ProcessRequests: No pending cwb requests found in the queue.
03-09 21:49:11.064  2061  2108 E minksocket: MinkIPC_QRTR_Service: client with node 1 port 6f7d went down
03-09 21:49:11.065  2064  2064 E Diag_Lib: diag: Diag_LSM_Init: invoked for pid: 2064 with init_count: 0
03-09 21:49:11.065  2064  2064 E Diag_Lib: diag:failed to connect to diag socket
03-09 21:49:11.065  2064  2064 E Diag_Lib:  Diag_LSM_Init: Failed to open handle to diag driver, error = 13
03-09 21:49:11.065  2061  2108 E minksocket: MinkIPC_QRTR_Service: client with node 1 port 6f7e went down
03-09 21:49:11.065  2064  2064 I sensors-hal: send_sensor_config_request:463, dt=mot_hinge: convert sample_period=200000000 to batch_period=200000
03-09 21:49:11.065  2064  2064 I sensors-hal: send_sync_sensor_request:341, send sync request
03-09 21:49:11.066  2064  2064 I sensors-hal: send_sync_sensor_request:367, wait for notification of response
03-09 21:49:11.070  2064 20496 I sensors-hal: ssc_conn_resp_cb:632, resp_value = 0
03-09 21:49:11.070  2064  2064 I sensors-hal: send_sync_sensor_request:373, takes 4 ms to receive the response with 0
03-09 21:49:11.070  2064  2064 I sensors-hal: activate:184, android.sensor.hinge_angle/362 en=1 completed
03-09 21:49:11.071  3163  3231 I DisplayDeviceRepository: Display device changed: DisplayDeviceInfo{"Built-in Screen": uniqueId="local:4630947043778501762", 1080 x 2640, modeId 3, renderFrameRate 90.0, defaultModeId 1, userPreferredModeId -1, supportedModes [{id=1, width=1080, height=2640, fps=120.00001, vsync=120.00001, synthetic=false, alternativeRefreshRates=[24.000002, 60.000004], supportedHdrTypes=[2, 3, 4]}, {id=2, width=1080, height=2640, fps=144.00002, vsync=144.00002, synthetic=false, alternativeRefreshRates=[], supportedHdrTypes=[2, 3, 4]}, {id=3, width=1080, height=2640, fps=90.0, vsync=90.0, synthetic=false, alternativeRefreshRates=[], supportedHdrTypes=[2, 3, 4]}, {id=4, width=1080, height=2640, fps=60.000004, vsync=60.000004, synthetic=false, alternativeRefreshRates=[24.000002, 120.00001], supportedHdrTypes=[2, 3, 4]}, {id=5, width=1080, height=2640, fps=30.000002, vsync=30.000002, synthetic=false, alternativeRefreshRates=[], supportedHdrTypes=[2, 3, 4]}, {id=6, width=1080, height=2640, fps=24.000002, vsync=24.000002, synthetic=false, alternativeRefreshRates=[60.000004, 120.00001], supportedHdrTypes=[2, 3, 4]}], supportedReadyForModes [], colorMode 0, supportedColorModes [0, 7, 9], hdrCapabilities HdrCapabilities{mSupportedHdrTypes=[2, 3, 4], mMaxLuminance=420.0, mMaxAverageLuminance=210.1615, mMinLuminance=0.323}, allmSupported false, gameContentTypeSupported false, density 420, 397.565 x 435.428 dpi, appVsyncOff 1000000, presDeadline 17111110, cutout DisplayCutout{insets=Rect(0, 108 - 0, 0) waterfall=Insets{left=0, top=0, right=0, bottom=0} boundingRect={Bounds=[Rect(0, 0 - 0, 0), Rect(495, 0 - 585, 108), Rect(0, 0 - 0, 0), Rect(0, 0 - 0, 0)]} cutoutPathParserInfo={CutoutPathParserInfo{displayWidth=1080 displayHeight=2640 physicalDisplayWidth=1080 physicalDisplayHeight=2640 density={2.625} cutoutSpec={M -45,0 L 45,0 L 45,108 L -45,108 Z} rotation={0} scale={1.0} physicalPixelDisplaySizeRatio={1.0}}} sideOverrides={}}, touch INTERNAL, rotation 0, type INTERNAL, address {port=130, model=0x40446dccee101c}, deviceProductInfo DeviceProductInfo{name=, manufacturerPnpId=QCM, productId=1, modelYear=null, manufactureDate=ManufactureDate{week=27, year=2006}, connectionToSinkType=0}, state ON, committedState ON, frameRateOverride {uid=10254 frameRateHz=90.0} , brightnessMinimum 0.0, brightnessMaximum 1.0, brightnessDefault 0.38188976, hdrSdrRatio 1.0, FLAG_ALLOWED_TO_BE_DEFAULT_DISPLAY, FLAG_ROTATES_WITH_CONTENT, FLAG_SECURE, FLAG_SUPPORTS_PROTECTED_BUFFERS, FLAG_TRUSTED, installOrientation 0, displayShape DisplayShape{ spec=-1962366115 displayWidth=1080 displayHeight=2640 physicalPixelDisplaySizeRatio=1.0 rotation=0 offsetX=0 offsetY=0 scale=1.0}}
03-09 21:49:11.071  2195  2269 I SDM     : HWDeviceDRM::SetupConcurrentWriteback: Tear down the Concurrent Writeback topology
03-09 21:49:11.079  2195 20497 I SDM     : HWCSession::NotifyCWBStatus: Notify the client about buffer status 0.
03-09 21:49:11.079  2195 20497 I SDM     : HWCSession::PerformFenceWaits: Remove current release fence from the pending fence wait queue.
03-09 21:49:11.079  2195 20497 I SDM     : HWCSession::PerformFenceWaits: CWB fence queue is empty. No pending release fence to wait on.
03-09 21:49:11.087  2163  2163 D SENSOREXT_ALS_COMP: FrontLight: ReportLux 0.50 (9.89-13.86), pre 0.10, dbv 1864, dc 0, fps 90, chPanel 5.47-2.96-2.33-0.89, facCal:lux_s 1.19 cha_s 1.05-1.05-1.10-1.23, RunInfo: DPB 3483-16, TF 3483-0
03-09 21:49:11.089  3163  3352 V DisplayPowerController2[0]: Brightness [0.039494045] reason changing to: 'automatic', previous reason: 'manual'.
03-09 21:49:11.090  3163  3352 I DisplayPowerController2[0]: 03-09 21:49:11.089 - BrightnessEvent: disp=0, physDisp=local:4630947043778501762, displayState=ON, displayPolicy=BRIGHT, brt=0.039494045, initBrt=0.08963825, rcmdBrt=0.039494045, preBrt=NaN, lux=0.90000004, preLux=NaN, brtNits=4.7335296, hdrNits=NaN, initNits=8.332473, preNits=NaN, rcmdNits=4.7335296, hdrBrightness=NaN, brt(%)=5%, brtInt=11, hbmPolicy=normal, hbmMax=0.85440856, hbmMode=off, rbcStrength=50, thrmMax=1.0, powerFactor=1.0, wasShortTermModelActive=false, flags=, reason=automatic, autoBrightness=true, strategy=InvalidBrightnessStrategy, autoBrightnessMode=default
03-09 21:49:11.090  2300  2446 I SurfaceFlinger: mBrightnessDiming=1, isCli=0, mBrightnessDimingCnt=0
03-09 21:49:11.092  3163  3163 I BrightnessSynchronizer: New Update: {[2458] 0.039494045(f), mUpdatedTypes=1, mConfirmedTypes=0, mTimeUpdated=0, mState=2}
03-09 21:49:11.092  3163  3163 I BrightnessSynchronizer: [2458] New Update 0.039494045(f) set brightness values:  11(i)
03-09 21:49:11.092  3163  3163 I BrightnessSynchronizer: New PendingUpdate: {[2459] 0.039494045(f), mUpdatedTypes=0, mConfirmedTypes=0, mTimeUpdated=0, mState=1}, prev=null
03-09 21:49:11.094  3163  3163 I BrightnessSynchronizer: Swallowing update of 11(i) by update: {[2458] 0.039494045(f), mUpdatedTypes=1, mConfirmedTypes=1, mTimeUpdated=24241080, mState=2}
03-09 21:49:11.094  3163  3163 I BrightnessSynchronizer: Completed Update: {[2458] 0.039494045(f), mUpdatedTypes=1, mConfirmedTypes=1, mTimeUpdated=24241080, mState=3}
03-09 21:49:11.094  3163  3163 I BrightnessSynchronizer: New Update: {[2459] 0.039494045(f), mUpdatedTypes=0, mConfirmedTypes=0, mTimeUpdated=0, mState=2}
03-09 21:49:11.112  2064  4171 D slpi-TCS3720: ALS_REPORT lux 21.151548, ch0 9.690595-5.375347-3.813260-1.601204, scale 1.1878, fps 90, client 1
03-09 21:49:11.112  2064  4171 D slpi-TCS3720: PRX_OC info Far, Total 0, pdata 0, offset 0 step 0.63, ore 0:0 step 21.00, TH_H 1020, TH_L 0, client 0
03-09 21:49:11.134  5625  5625 I vol.VolumeDialogImpl: dismissH reason = posture_changed mDialog.isShowing(): false
03-09 21:49:11.137  3163  3183 I system_server: Background concurrent mark compact GC freed 105MB AllocSpace bytes, 131(4344KB) LOS objects, 51% free, 90MB/186MB, paused 2.189ms,4.848ms total 508.359ms
03-09 21:49:11.138  3163  3184 I BpBinder: onLastStrongRef automatically unlinking death recipients: 
03-09 21:49:11.142  3163  3184 I BpBinder: onLastStrongRef automatically unlinking death recipients: 
03-09 21:49:11.147  3163  3185 W system_server: ApkAssets: Deleting an ApkAssets object '<empty> and /data/app/~~KFgz5N0djJBrsN1-NkPvmQ==/com.coulombtech-5f4jf3ukwqybu46r_Q3dvA==/base.apk' with 1 weak references
03-09 21:49:11.148  3163  3185 W system_server: ApkAssets: Deleting an ApkAssets object '<empty> and /data/app/~~KFgz5N0djJBrsN1-NkPvmQ==/com.coulombtech-5f4jf3ukwqybu46r_Q3dvA==/split_config.arm64_v8a.apk' with 1 weak references
03-09 21:49:11.149  3163  3185 W system_server: ApkAssets: Deleting an ApkAssets object '<empty> and /data/app/~~KFgz5N0djJBrsN1-NkPvmQ==/com.coulombtech-5f4jf3ukwqybu46r_Q3dvA==/split_config.en.apk' with 1 weak references
03-09 21:49:11.149  3163  3185 W system_server: ApkAssets: Deleting an ApkAssets object '<empty> and /data/app/~~KFgz5N0djJBrsN1-NkPvmQ==/com.coulombtech-5f4jf3ukwqybu46r_Q3dvA==/split_config.xxhdpi.apk' with 1 weak references
03-09 21:49:11.150  3163  3185 W System  : A resource failed to call HardwareBuffer.close. 
03-09 21:49:11.150  3163  3185 W system_server: ApkAssets: Deleting an ApkAssets object '<empty> and /data/app/~~oh18E6OPe75t2j1pIlTLCA==/com.google.android.gms-WmJzXfiTA3epqGUme2kT3Q==/base.apk' with 1 weak references
03-09 21:49:11.151  3163  3185 W system_server: ApkAssets: Deleting an ApkAssets object '<empty> and /data/app/~~oh18E6OPe75t2j1pIlTLCA==/com.google.android.gms-WmJzXfiTA3epqGUme2kT3Q==/split_CronetDynamite_installtime.apk' with 1 weak references
03-09 21:49:11.151  3163  3185 W system_server: ApkAssets: Deleting an ApkAssets object '<empty> and /data/app/~~oh18E6OPe75t2j1pIlTLCA==/com.google.android.gms-WmJzXfiTA3epqGUme2kT3Q==/split_DynamiteLoader_installtime.apk' with 1 weak references
03-09 21:49:11.151  3163  3185 W system_server: ApkAssets: Deleting an ApkAssets object '<empty> and /data/app/~~oh18E6OPe75t2j1pIlTLCA==/com.google.android.gms-WmJzXfiTA3epqGUme2kT3Q==/split_DynamiteModulesA_installtime.apk' with 1 weak references
03-09 21:49:11.151  3163  3185 W system_server: ApkAssets: Deleting an ApkAssets object '<empty> and /data/app/~~oh18E6OPe75t2j1pIlTLCA==/com.google.android.gms-WmJzXfiTA3epqGUme2kT3Q==/split_DynamiteModulesC_installtime.apk' with 1 weak references
03-09 21:49:11.151  3163  3185 W system_server: ApkAssets: Deleting an ApkAssets object '<empty> and /data/app/~~oh18E6OPe75t2j1pIlTLCA==/com.google.android.gms-WmJzXfiTA3epqGUme2kT3Q==/split_GoogleCertificates_installtime.apk' with 1 weak references
03-09 21:49:11.151  3163  3185 W system_server: ApkAssets: Deleting an ApkAssets object '<empty> and /data/app/~~oh18E6OPe75t2j1pIlTLCA==/com.google.android.gms-WmJzXfiTA3epqGUme2kT3Q==/split_MapsDynamite_installtime.apk' with 1 weak references
03-09 21:49:11.151  3163  3185 W system_server: ApkAssets: Deleting an ApkAssets object '<empty> and /data/app/~~oh18E6OPe75t2j1pIlTLCA==/com.google.android.gms-WmJzXfiTA3epqGUme2kT3Q==/split_MeasurementDynamite_installtime.apk' with 1 weak references
03-09 21:49:11.151  3163  3185 W system_server: ApkAssets: Deleting an ApkAssets object '<empty> and /data/app/~~oh18E6OPe75t2j1pIlTLCA==/com.google.android.gms-WmJzXfiTA3epqGUme2kT3Q==/split_config.en.apk' with 1 weak references
03-09 21:49:11.151  3163  3185 W system_server: ApkAssets: Deleting an ApkAssets object '<empty> and /data/app/~~oh18E6OPe75t2j1pIlTLCA==/com.google.android.gms-WmJzXfiTA3epqGUme2kT3Q==/split_config.xxhdpi.apk' with 1 weak references
03-09 21:49:11.151  3163  3185 W system_server: ApkAssets: Deleting an ApkAssets object '<empty> and /data/app/~~iGEBk7bJwQa3wR9pAAYTvQ==/com.google.android.inputmethod.latin-ioH-_yGpeWmbQvQM-XgGHA==/base.apk' with 1 weak references
03-09 21:49:11.152  3163  3185 W system_server: ApkAssets: Deleting an ApkAssets object '<empty> and /data/app/~~iGEBk7bJwQa3wR9pAAYTvQ==/com.google.android.inputmethod.latin-ioH-_yGpeWmbQvQM-XgGHA==/split_brella_feature_split.apk' with 1 weak references
03-09 21:49:11.152  3163  3185 W system_server: ApkAssets: Deleting an ApkAssets object '<empty> and /data/app/~~iGEBk7bJwQa3wR9pAAYTvQ==/com.google.android.inputmethod.latin-ioH-_yGpeWmbQvQM-XgGHA==/split_config.xxhdpi.apk' with 1 weak references
03-09 21:49:11.152  3163  3185 W system_server: ApkAssets: Deleting an ApkAssets object '<empty> and /data/app/~~iGEBk7bJwQa3wR9pAAYTvQ==/com.google.android.inputmethod.latin-ioH-_yGpeWmbQvQM-XgGHA==/split_dictation_feature_split.apk' with 1 weak references
03-09 21:49:11.152  3163  3185 W system_server: ApkAssets: Deleting an ApkAssets object '<empty> and /data/app/~~iGEBk7bJwQa3wR9pAAYTvQ==/com.google.android.inputmethod.latin-ioH-_yGpeWmbQvQM-XgGHA==/split_tenoranimation_feature_split.apk' with 1 weak references
03-09 21:49:11.152  3163  3185 W system_server: ApkAssets: Deleting an ApkAssets object '<empty> and /data/app/~~f83RRyd2odkEq3iwODDfFA==/com.google.android.tts-7ugC9DcJJIjhqqLFuNLAQg==/base.apk' with 1 weak references
03-09 21:49:11.152  3163  3185 W system_server: ApkAssets: Deleting an ApkAssets object '<empty> and /data/app/~~f83RRyd2odkEq3iwODDfFA==/com.google.android.tts-7ugC9DcJJIjhqqLFuNLAQg==/split_config.arm64_v8a.apk' with 1 weak references
03-09 21:49:11.152  3163  3185 W system_server: ApkAssets: Deleting an ApkAssets object '<empty> and /data/app/~~f83RRyd2odkEq3iwODDfFA==/com.google.android.tts-7ugC9DcJJIjhqqLFuNLAQg==/split_config.en.apk' with 1 weak references
03-09 21:49:11.152  3163  3185 W system_server: ApkAssets: Deleting an ApkAssets object '<empty> and /data/app/~~f83RRyd2odkEq3iwODDfFA==/com.google.android.tts-7ugC9DcJJIjhqqLFuNLAQg==/split_config.xxhdpi.apk' with 1 weak references
03-09 21:49:11.152  3163  3185 W system_server: ApkAssets: Deleting an ApkAssets object '<empty> and /data/app/~~vblSUOIFmJMcd2iQozsMEw==/io.appium.settings-y_bUEUiCIapHWGJ1bK5L4w==/base.apk' with 1 weak references
03-09 21:49:11.153  3163  3185 W system_server: ApkAssets: Deleting an ApkAssets object '<empty> and /system/priv-app/InputDevices/InputDevices.apk' with 1 weak references
03-09 21:49:11.153  3163  3185 W system_server: ApkAssets: Deleting an ApkAssets object '<empty> and /system_ext/priv-app/SystemUI/SystemUI.apk' with 1 weak references
03-09 21:49:11.153  3163  3185 W System  : A resource failed to call HardwareBuffer.close. 
03-09 21:49:11.153  3163  3185 W system_server: ApkAssets: Deleting an ApkAssets object '/vendor/overlay/SystemUI__auto_generated_rro_vendor.apk' with 1 weak references
03-09 21:49:11.153  3163  3185 W system_server: ApkAssets: Deleting an ApkAssets object '/product/overlay/SystemUI__lynkco_g__auto_generated_rro_product.apk' with 1 weak references
03-09 21:49:11.154  3163  3185 W system_server: ApkAssets: Deleting an ApkAssets object '<empty> and /system_ext/app/AccessibilityMenu/AccessibilityMenu.apk' with 1 weak references
03-09 21:49:11.154  3163  3185 W system_server: ApkAssets: Deleting an ApkAssets object '/product/overlay/AccessibilityMenu__lynkco_g__auto_generated_rro_product.apk' with 1 weak references
03-09 21:49:11.154  3163  3185 W system_server: ApkAssets: Deleting an ApkAssets object '<empty> and /data/app/~~uWGbRlFtroq_7447dZm7dw==/com.google.android.accessibility.switchaccess-xA0UPigBNxEMZ7HOoPGTZA==/base.apk' with 1 weak references
03-09 21:49:11.154  3163  3185 W system_server: ApkAssets: Deleting an ApkAssets object '<empty> and /data/app/~~uWGbRlFtroq_7447dZm7dw==/com.google.android.accessibility.switchaccess-xA0UPigBNxEMZ7HOoPGTZA==/split_config.arm64_v8a.apk' with 1 weak references
03-09 21:49:11.154  3163  3185 W system_server: ApkAssets: Deleting an ApkAssets object '<empty> and /data/app/~~a61RY6Qx18jBMI_fV4ljFg==/com.google.android.marvin.talkback-Ati-iDwnNtkdm0_NcUbqgA==/base.apk' with 1 weak references
03-09 21:49:11.155  3163  3185 W system_server: ApkAssets: Deleting an ApkAssets object '<empty> and /data/app/~~a61RY6Qx18jBMI_fV4ljFg==/com.google.android.marvin.talkback-Ati-iDwnNtkdm0_NcUbqgA==/split_config.arm64_v8a.apk' with 1 weak references
03-09 21:49:11.155  3163  3185 W system_server: ApkAssets: Deleting an ApkAssets object '<empty> and /data/app/~~1asQlHe4ss6Dq6F67EJdXA==/com.motorola.spaces-Pi47YxvN27lYXfiiacp76Q==/base.apk' with 1 weak references
03-09 21:49:11.155  3163  3185 W system_server: ApkAssets: Deleting an ApkAssets object '<empty> and /data/app/~~1asQlHe4ss6Dq6F67EJdXA==/com.motorola.spaces-Pi47YxvN27lYXfiiacp76Q==/split_config.arm64_v8a.apk' with 1 weak references
03-09 21:49:11.155  3163  3185 W system_server: ApkAssets: Deleting an ApkAssets object '<empty> and /data/app/~~1asQlHe4ss6Dq6F67EJdXA==/com.motorola.spaces-Pi47YxvN27lYXfiiacp76Q==/split_config.en.apk' with 1 weak references
03-09 21:49:11.155  3163  3185 W system_server: ApkAssets: Deleting an ApkAssets object '<empty> and /data/app/~~1asQlHe4ss6Dq6F67EJdXA==/com.motorola.spaces-Pi47YxvN27lYXfiiacp76Q==/split_config.xxhdpi.apk' with 1 weak references
03-09 21:49:11.155  3163  3185 W system_server: ApkAssets: Deleting an ApkAssets object '<empty> and /data/app/~~0LW9L7PNrlbEFVAaeJIPEw==/com.wallpaper.edge.aura-TB7mU8vxd5gCRYp9Rio69Q==/base.apk' with 1 weak references
03-09 21:49:11.155  3163  3185 W system_server: ApkAssets: Deleting an ApkAssets object '<empty> and /data/app/~~0LW9L7PNrlbEFVAaeJIPEw==/com.wallpaper.edge.aura-TB7mU8vxd5gCRYp9Rio69Q==/split_config.arm64_v8a.apk' with 1 weak references
03-09 21:49:11.155  3163  3185 W system_server: ApkAssets: Deleting an ApkAssets object '<empty> and /data/app/~~0LW9L7PNrlbEFVAaeJIPEw==/com.wallpaper.edge.aura-TB7mU8vxd5gCRYp9Rio69Q==/split_config.en.apk' with 1 weak references
03-09 21:49:11.155  3163  3185 W system_server: ApkAssets: Deleting an ApkAssets object '<empty> and /data/app/~~0LW9L7PNrlbEFVAaeJIPEw==/com.wallpaper.edge.aura-TB7mU8vxd5gCRYp9Rio69Q==/split_config.xxhdpi.apk' with 1 weak references
03-09 21:49:11.155  3163  3185 W system_server: ApkAssets: Deleting an ApkAssets object '<empty> and /data/app/~~Pkll9iWpOufiF5Vroq3i2Q==/com.google.android.googlequicksearchbox-8QqLMWcu0NE38rJpLBTqsw==/base.apk' with 1 weak references
03-09 21:49:11.156  3163  3185 W system_server: ApkAssets: Deleting an ApkAssets object '<empty> and /data/app/~~Pkll9iWpOufiF5Vroq3i2Q==/com.google.android.googlequicksearchbox-8QqLMWcu0NE38rJpLBTqsw==/split_config.xxhdpi.apk' with 1 weak references
03-09 21:49:11.156  3163  3185 W system_server: ApkAssets: Deleting an ApkAssets object '<empty> and /data/app/~~Pkll9iWpOufiF5Vroq3i2Q==/com.google.android.googlequicksearchbox-8QqLMWcu0NE38rJpLBTqsw==/split_lens_ondevice_engine_play_ml_module.apk' with 1 weak references
03-09 21:49:11.156  3163  3185 W system_server: ApkAssets: Deleting an ApkAssets object '<empty> and /data/app/~~jSqslJWznRR1wmSG1LaV4g==/com.revolut.revolut-OBy8tCD4FpS6mrp0_DIheQ==/base.apk' with 1 weak references
03-09 21:49:11.156  3163  3185 W system_server: ApkAssets: Deleting an ApkAssets object '<empty> and /data/app/~~jSqslJWznRR1wmSG1LaV4g==/com.revolut.revolut-OBy8tCD4FpS6mrp0_DIheQ==/split_config.arm64_v8a.apk' with 1 weak references
03-09 21:49:11.156  3163  3185 W system_server: ApkAssets: Deleting an ApkAssets object '<empty> and /data/app/~~jSqslJWznRR1wmSG1LaV4g==/com.revolut.revolut-OBy8tCD4FpS6mrp0_DIheQ==/split_config.en.apk' with 1 weak references
03-09 21:49:11.156  3163  3185 W system_server: ApkAssets: Deleting an ApkAssets object '<empty> and /data/app/~~jSqslJWznRR1wmSG1LaV4g==/com.revolut.revolut-OBy8tCD4FpS6mrp0_DIheQ==/split_config.xxhdpi.apk' with 1 weak references
03-09 21:49:11.156  3163  3185 W system_server: ApkAssets: Deleting an ApkAssets object '<empty> and /data/app/~~jSqslJWznRR1wmSG1LaV4g==/com.revolut.revolut-OBy8tCD4FpS6mrp0_DIheQ==/split_feature_apm_multibanco_sdk_impl.apk' with 1 weak references
03-09 21:49:11.156  3163  3185 W system_server: ApkAssets: Deleting an ApkAssets object '<empty> and /data/app/~~jSqslJWznRR1wmSG1LaV4g==/com.revolut.revolut-OBy8tCD4FpS6mrp0_DIheQ==/split_feature_apm_multibanco_sdk_impl.config.arm64_v8a.apk' with 1 weak references
03-09 21:49:11.156  3163  3185 W system_server: ApkAssets: Deleting an ApkAssets object '<empty> and /data/app/~~jSqslJWznRR1wmSG1LaV4g==/com.revolut.revolut-OBy8tCD4FpS6mrp0_DIheQ==/split_feature_apm_multibanco_sdk_impl.config.xxhdpi.apk' with 1 weak references
03-09 21:49:11.156  3163  3185 W system_server: ApkAssets: Deleting an ApkAssets object '<empty> and /data/app/~~jSqslJWznRR1wmSG1LaV4g==/com.revolut.revolut-OBy8tCD4FpS6mrp0_DIheQ==/split_feature_fourthline_impl.apk' with 1 weak references
03-09 21:49:11.156  3163  3185 W system_server: ApkAssets: Deleting an ApkAssets object '<empty> and /data/app/~~jSqslJWznRR1wmSG1LaV4g==/com.revolut.revolut-OBy8tCD4FpS6mrp0_DIheQ==/split_feature_fourthline_impl.config.en.apk' with 1 weak references
