03-13 14:46:20.588  4205  4205 D Navbar.Store: ----handleEvent(1) GetInflateButtonWidth(buttonSpec=gap, landscape=false) [Module] SamsungNavigationBarInflaterView
03-13 14:46:20.588  4205  4205 D Navbar.Store: ------[Band]STABLE_LAYOUT_PACK_INFLATE_NAVBAR
03-13 14:46:20.588  4205  4205 D NavBarStateManager: NavBarStates(1) getButtonDistanceSize(land: false): 17
03-13 14:46:20.588  4205  4205 D Navbar.Store: ----handleEvent(1) value= 17
03-13 14:46:20.588  3003  3792 I ActivityManager: Changes in 10275 19 to 8, 0 to 128
03-13 14:46:20.588  4205  4205 D Navbar.Store: ----handleEvent(1) GetInflateButtonWidth(buttonSpec=right_remote_view, landscape=false) [Module] SamsungNavigationBarInflaterView
03-13 14:46:20.588  4205  4205 D Navbar.Store: ------[Band]STABLE_LAYOUT_PACK_INFLATE_NAVBAR
03-13 14:46:20.588  4205  4205 D NavBarStateManager: NavBarStates(1) getButtonWidth(land: false): 102
03-13 14:46:20.588  4205  4205 D Navbar.Store: ----handleEvent(1) value= 102
03-13 14:46:20.588  4205  4205 D Navbar.Store: ----handleEvent(1) GetInflateButtonWidth(buttonSpec=space, landscape=false) [Module] SamsungNavigationBarInflaterView
03-13 14:46:20.588  4205  4205 D Navbar.Store: ------[Band]STABLE_LAYOUT_PACK_INFLATE_NAVBAR
03-13 14:46:20.588  4205  4205 D NavBarStateManager: NavBarStates(1) getSpaceWidth(land: false): 64
03-13 14:46:20.588  4205  4205 D Navbar.Store: ----handleEvent(1) value= 64
03-13 14:46:20.588  4205  4205 D Navbar.Store: ----handleEvent(1) GetInflateButtonWidth(buttonSpec=space, landscape=true) [Module] SamsungNavigationBarInflaterView
03-13 14:46:20.588  4205  4205 D Navbar.Store: ------[Band]STABLE_LAYOUT_PACK_INFLATE_NAVBAR
03-13 14:46:20.588  4205  4205 D NavBarStateManager: NavBarStates(1) getSpaceWidth(land: true): 64
03-13 14:46:20.588  4205  4205 D Navbar.Store: ----handleEvent(1) value= 64
03-13 14:46:20.588  4205  4205 D Navbar.Store: ----handleEvent(1) GetInflateButtonWidth(buttonSpec=left_remote_view, landscape=false) [Module] SamsungNavigationBarInflaterView
03-13 14:46:20.588  4205  4205 D Navbar.Store: ------[Band]STABLE_LAYOUT_PACK_INFLATE_NAVBAR
03-13 14:46:20.588  4205  4205 D NavBarStateManager: NavBarStates(1) getButtonWidth(land: false): 102
03-13 14:46:20.588  4205  4205 D Navbar.Store: ----handleEvent(1) value= 102
03-13 14:46:20.588  4205  4205 D Navbar.Store: ----handleEvent(1) GetInflateButtonWidth(buttonSpec=gap, landscape=true) [Module] SamsungNavigationBarInflaterView
03-13 14:46:20.588  4205  4205 D Navbar.Store: ------[Band]STABLE_LAYOUT_PACK_INFLATE_NAVBAR
03-13 14:46:20.588  4205  4205 D NavBarStateManager: NavBarStates(1) getButtonDistanceSize(land: true): 17
03-13 14:46:20.588  4205  4205 D Navbar.Store: ----handleEvent(1) value= 17
03-13 14:46:20.588  2053  2950 I QC2V4l2Codec: [v4lhvcD_699] KPI_L1: release: ms=9
03-13 14:46:20.588  4205  4205 D Navbar.Store: ----handleEvent(1) GetInflateButtonWidth(buttonSpec=right_remote_view, landscape=false) [Module] SamsungNavigationBarInflaterView
03-13 14:46:20.588  4205  4205 D Navbar.Store: ------[Band]STABLE_LAYOUT_PACK_INFLATE_NAVBAR
03-13 14:46:20.588  4205  4205 D NavBarStateManager: NavBarStates(1) getButtonWidth(land: false): 102
03-13 14:46:20.588  4205  4205 D Navbar.Store: ----handleEvent(1) value= 102
03-13 14:46:20.588  4205  4205 D Navbar.Store: ----handleEvent(1) GetInflateButtonWidth(buttonSpec=space, landscape=true) [Module] SamsungNavigationBarInflaterView
03-13 14:46:20.588  4205  4205 D Navbar.Store: ------[Band]STABLE_LAYOUT_PACK_INFLATE_NAVBAR
03-13 14:46:20.588  4205  4205 D NavBarStateManager: NavBarStates(1) getSpaceWidth(land: true): 64
03-13 14:46:20.588  4205  4205 D Navbar.Store: ----handleEvent(1) value= 64
03-13 14:46:20.588  4205  4205 D Navbar.Store: ----handleEvent(1) GetNavBarSidePadding(landscape=false) [Module] SamsungNavigationBarInflaterView
03-13 14:46:20.588  4205  4205 D Navbar.Store: ------[Band]STABLE_LAYOUT_PACK_INFLATE_NAVBAR_SIDE_PADDING
03-13 14:46:20.588  4205  4205 D NavBarStateManager: NavBarStates(1) getNavBarSidePadding: 0
03-13 14:46:20.588  4205  4205 D Navbar.Store: ----handleEvent(1) value= 0
03-13 14:46:20.588  4205  4205 D Navbar.Store: ----handleEvent(1) GetNavBarSidePadding(landscape=true) [Module] SamsungNavigationBarInflaterView
03-13 14:46:20.588  4205  4205 D Navbar.Store: ------[Band]STABLE_LAYOUT_PACK_INFLATE_NAVBAR_SIDE_PADDING
03-13 14:46:20.588  4205  4205 D NavBarStateManager: NavBarStates(1) getNavBarSidePadding: 0
03-13 14:46:20.588  4205  4205 D Navbar.Store: ----handleEvent(1) value= 0
03-13 14:46:20.588  4205  4205 D Navbar.Store: ----handleEvent(1) GetNavBarSidePadding(landscape=false) [Module] SamsungNavigationBarInflaterView
03-13 14:46:20.588  4205  4205 D Navbar.Store: ------[Band]STABLE_LAYOUT_PACK_INFLATE_NAVBAR_SIDE_PADDING
03-13 14:46:20.588  4205  4205 D NavBarStateManager: NavBarStates(1) getNavBarSidePadding: 0
03-13 14:46:20.588  4205  4205 D Navbar.Store: ----handleEvent(1) value= 0
03-13 14:46:20.588  4205  4205 D Navbar.Store: ----handleEvent(1) GetNavBarSidePadding(landscape=true) [Module] SamsungNavigationBarInflaterView
03-13 14:46:20.588  4205  4205 D Navbar.Store: ------[Band]STABLE_LAYOUT_PACK_INFLATE_NAVBAR_SIDE_PADDING
03-13 14:46:20.588  4205  4205 D NavBarStateManager: NavBarStates(1) getNavBarSidePadding: 0
03-13 14:46:20.588  4205  4205 D Navbar.Store: ----handleEvent(1) value= 0
03-13 14:46:20.588  4205  4205 D NavBarStateManager: NavBarStates(1) isNavBarHiddenByKnox: false
03-13 14:46:20.588  4205  4205 D NavBarStateManager: NavBarStates(1) canShowGestureHint: true
03-13 14:46:20.588  4205  4205 D AccessibilityGestureHandler: onNavBarAttached
03-13 14:46:20.588  4205  4205 D NavBarStateManager: NavBarStates(1) isLargeCoverScreenSyncEnabled: false
03-13 14:46:20.588  4205  4205 D AccessibilityGestureHandler: a11yButtonState: false, coverScreenNavBarEnabled: false gestureMode: false, isWindowShowing: false, isCoverNavBarVisible: false, isEnabled: false
03-13 14:46:20.589  4205  4205 D NavBarStateManager: NavBarStates(1) isLargeCoverScreenSyncEnabled: false
03-13 14:46:20.589  2022  2124 I HYPER-HAL: [RequestManager.cpp]acquire(): Acquired ID : 274281305  [2025 / 21395]    HINT :      list : [TID_LOW_LATENCY / 1] [TID / 4392] [TID / 4393] [TID / 4205] [TID / 4394] 
03-13 14:46:20.589 16161 16161 I NearbyDiscovery: (REDACTED) FastPairDisplayObserver: %s -> %s
03-13 14:46:20.590  2105  2321 I SurfaceFlinger: id=62878 createSurf, flag=84004, [Gesture Monitor] edge-swipe#62878
03-13 14:46:20.590  2053  2950 I QC2V4l2Codec: [v4lhvcD_699] KPI_L1: stop: ms=2
03-13 14:46:20.590  3003  6828 D InputTransport: Input channel constructed: '[Gestur', fd=911
03-13 14:46:20.590  3003  6828 D InputTransport: Input channel constructed: '[Gestur', fd=971
03-13 14:46:20.591  2053  2950 I QC2V4l2Codec: [v4lhvcD_699] KPI_L1: release: ms=0
03-13 14:46:20.591  3003  6828 D InputTransport: Input channel constructed: '[Gestur', fd=1087
03-13 14:46:20.591  3003  6828 D InputTransport: Input channel destroyed: '[Gestur', fd=1087
03-13 14:46:20.591  5393  6882 W ScanManager: There is no scan radio to stop
03-13 14:46:20.591  5393  6882 I bt_shim_scanner: system/main/shim/le_scanning_manager.cc:335 SetScanParameters: in shim layer, scannerId1m=3, scannerIdCoded=0
03-13 14:46:20.591  4205  4205 D InputTransport: Input channel constructed: '[Gestur', fd=589
03-13 14:46:20.591  5393  6882 W bt_shim_scanner: system/main/shim/le_scanning_manager.cc:365 SetScanParameters: Set scan params scan_int_1m : 3120, scan_win_1m : 160, Duty : 5.13% | scan_int_coded : 0, scan_win_coded : 0, Duty : nan%
03-13 14:46:20.591  5393  6882 I bt_shim_scanner: system/main/shim/le_scanning_manager.cc:151 Scan: in shim layer started
03-13 14:46:20.591  4205  4205 D InputMonitorCompat: Input monitor (edge-swipe-disp1) created
03-13 14:46:20.591  4205  4205 D InputMonitorCompat: Input event receiver for monitor (edge-swipe-disp1) created
03-13 14:46:20.592  4205  4205 I WindowManager: WindowManagerGlobal#addView, ty=2024, view=com.android.systemui.navigationbar.gestural.SamsungBackPanel{3494e44 G.ED..... ......I. 0,0-0,0}, caller=android.view.WindowManagerImpl.addView:158 com.android.systemui.navigationbar.gestural.BackPanelController.setLayoutParams:7 com.android.systemui.navigationbar.gestural.EdgeBackGestureHandler.setEdgeBackPlugin:20 
03-13 14:46:20.592  4205  4205 I ViewRootImpl: dVRR is disabled
03-13 14:46:20.592  4205  4394 D NativeCustomFrequencyManager: [NativeCFMS] BpCustomFrequencyManager::BpCustomFrequencyManager()
03-13 14:46:20.592  2053  2950 D BufferPoolAccessor2.0: Destruction - bufferpool2 0xb400006f37a4d698 cached: 0/0M, 0/0% in use; allocs: 13, 0% recycled; transfers: 0, 0% unfetched
03-13 14:46:20.592  3003  4866 D HintManagerService: SystemUI make new AppHintSession but force pause
03-13 14:46:20.593 21137 21137 I VRI[OnboardingFlowActivity]@1edef0e: onDisplayChanged oldDisplayState=2 newDisplayState=1
03-13 14:46:20.593  2053  2950 I QC2Comp : [hvcD_699] NOTE: Release returning: 0 (OK=0)
03-13 14:46:20.593  1993  6685 I vendor.qti.bluetooth@1.1-ibs_handler: ProcessIbsCmd: Received IBS_WAKE_ACK: 0xFC
03-13 14:46:20.593  1993  6685 I vendor.qti.bluetooth@1.1-ibs_handler: ProcessIbsCmd: Signal wack_cond_
03-13 14:46:20.593  1993  1993 D vendor.qti.bluetooth@1.1-ibs_handler: DeviceWakeUp: Unblocked from waiting for FC, pthread_cond_timedwait ret = 0
03-13 14:46:20.593  2105  2321 I SurfaceFlinger: id=62879 createSurf, flag=84004, WindowToken{fef1075 type=2024 android.os.BinderProxy@4718bac}#62879
03-13 14:46:20.593  3003  3003 W JobService: onNetworkChanged() not implemented in com.android.server.content.SyncJobService. Must override in a subclass.
03-13 14:46:20.594  3003  3806 D InputTransport: Input channel constructed: 'f4bd80a', fd=1087
03-13 14:46:20.594  3003  3806 D InputTransport: Input channel constructed: 'f4bd80a', fd=1265
03-13 14:46:20.594  5393  5832 I bluetooth: system/gd/hci/le_scanning_manager.cc:765 stop_scan: Scanning already stopped, return!
03-13 14:46:20.594  5393  5832 W bluetooth: system/gd/hci/le_scanning_manager.cc:732 start_scan: start_scan
03-13 14:46:20.594  5393  5832 W bluetooth: system/gd/hci/le_scanning_manager.cc:735 start_scan: Register address manager
03-13 14:46:20.594  5393  5832 I bluetooth: system/gd/hci/le_address_manager.cc:581 GetNextPrivateAddressIntervalRange: client=LeAddressManager, nonwake=7m31s, wake=13m18s
03-13 14:46:20.594  5393  5832 I bluetooth: system/gd/hci/le_address_manager.cc:259 register_client: Scheduled address rotation for first client registered
03-13 14:46:20.594  5393  5832 I bluetooth: system/gd/hci/le_address_manager.cc:263 register_client: Client registered
03-13 14:46:20.594  3003  3806 D InputTransport: Input channel constructed: 'f4bd80a', fd=1268
03-13 14:46:20.594  3003  3806 D InputTransport: Input channel destroyed: 'f4bd80a', fd=1265
03-13 14:46:20.594  3003  3806 D WindowManager: prepareSync <SYNC_STATE_WAITING_FOR_DRAW>, mPrepareSyncSeqId=0, win=Window{f4bd80a u0 EdgeBackGestureHandler1}
03-13 14:46:20.594  2105  2321 I SurfaceFlinger: id=62880 createSurf, flag=84004, f4bd80a EdgeBackGestureHandler1#62880
03-13 14:46:20.594  3003  3806 D RestrictionPolicy: isScreenCaptureEnabled : ret=true userId=0
03-13 14:46:20.594  3003  3806 D InputTransport: Input channel destroyed: 'f4bd80a', fd=1268
03-13 14:46:20.594  4205  4205 D InputTransport: Input channel constructed: 'f4bd80a', fd=601
03-13 14:46:20.594  1993  6685 I vendor.qti.bluetooth@1.1-ibs_handler: ProcessIbsCmd: Received IBS_WAKE_IND: 0xFD
03-13 14:46:20.594  1993  6685 I vendor.qti.bluetooth@1.1-ibs_handler: ProcessIbsCmd: Writing IBS_WAKE_ACK
03-13 14:46:20.594  4205  4205 I InsetsController: onStateChanged: host=EdgeBackGestureHandler1, from=android.view.ViewRootImpl.onInsetsStateChanged:3026, state=InsetsState: {mDisplayFrame=Rect(0, 0 - 748, 720), mDisplayCutout=DisplayCutout{insets=Rect(0, 0 - 0, 66) waterfall=Insets{left=0, top=0, right=0, bottom=0} boundingRect={Bounds=[Rect(0, 0 - 0, 0), Rect(0, 0 - 0, 0), Rect(0, 0 - 0, 0), Rect(379, 654 - 748, 720)]} cutoutPathParserInfo={CutoutPathParserInfo{displayWidth=748 displayHeight=720 physicalDisplayWidth=748 physicalDisplayHeight=720 density={2.125} cutoutSpec={@bottom @right M 0,0 H -173.6470588235294 V -31.05882352941176 H 0 V 0 Z @dp} rotation={0} scale={1.0} physicalPixelDisplaySizeRatio={1.0}}} sideOverrides={}}, mRoundedCorners=RoundedCorners{[RoundedCorner{position=TopLeft, radius=49, center=Point(49, 49)}, RoundedCorner{position=TopRight, radius=49, center=Point(699, 49)}, RoundedCorner{position=BottomRight, radius=49, center=Point(699, 671)}, RoundedCorner{position=BottomLeft, radius=49, center=Point(49, 671)}]}  mRoundedCornerFrame=Rect(0, 0 - 0, 0), mPrivacyIndicatorBounds=PrivacyIndicatorBounds {static bounds=null rotation=0}, mDisplayShape=DisplayShape{ spec=1406003047 displayWidth=748 displayHeight=720 physicalPixelDisplaySizeRatio=1.0 rotation=0 offsetX=0 offsetY=0 scale=1.0}, mSources= { InsetsSource: {d38f0004 mType=systemGestures mFrame=[0,0][0,0] mVisible=false mFlags= mSideHint=NONE mBoundingRects=null}, InsetsSource: {d38f0005 mType=mandatorySystemGestures mFrame=[0,0][0,0] mVisible=false mFlags= mSideHint=NONE mBoundingRects=null}, InsetsSource: {d38f0024 mType=systemGestures mFrame=[0,0][0,0] mVisible=false mFlags= mSideHint=NONE mBoundingRects=null}, InsetsSource: {67 mType=displayCutout mFrame=[0,654][748,720] mVisible=true mFlags= mSideHint=BOTTOM mBoundingRects=null} }
03-13 14:46:20.594  4205  4205 I VRI[EdgeBackGestureHandler1]@8a73b2d: synced displayState. AttachInfo displayState=1
03-13 14:46:20.594  2022  2124 I HYPER-HAL: [RequestManager.cpp]acquire(): Acquired ID : 274281305  [2025 / 21395]    HINT :      list : [TID_LOW_LATENCY / 0] [TID / 4392] [TID / 4393] [TID / 4205] [TID / 4394] 
03-13 14:46:20.594  3003  3991 I CocktailBarManagerServiceContainer: handleMessage: entry what = 6
03-13 14:46:20.595  4205  4205 I VRI[EdgeBackGestureHandler1]@8a73b2d: setView = com.android.systemui.navigationbar.gestural.SamsungBackPanel@3494e44 IsHRR=false mFlingFrameRateChange=0 TM=true
03-13 14:46:20.595  4205  4205 D PluginActionManager: startListening
03-13 14:46:20.595  4205  4458 D PluginActionManager: queryAll com.android.systemui.action.PLUGIN_NAVIGATION_EDGE_BACK_ACTION
03-13 14:46:20.596  2022  2124 I HYPER-HAL: [RequestManager.cpp]acquire(): Acquired ID : 274328150  [2025 / 21397]    HINT :      list : [TID_LOW_LATENCY / 1] [TID / 4392] [TID / 4393] [TID / 4205] [TID / 4394] 
03-13 14:46:20.596  3003  3048 D HintManagerService: SystemUI make new AppHintSession but force pause
03-13 14:46:20.596  6103  6103 W ContextImpl: Calling a method in the system process without a qualified user: android.app.ContextImpl.startService:2068 android.content.ContextWrapper.startService:872 android.content.ContextWrapper.startService:872 com.sec.android.diagmonagent.sa.receiver.CFLogReceiver.onReceive:56 android.app.ActivityThread.handleReceiver:5663 
03-13 14:46:20.596  2022  2124 I HYPER-HAL: [RequestManager.cpp]acquire(): Acquired ID : 274328150  [2025 / 21397]    HINT :      list : [TID_LOW_LATENCY / 0] [TID / 4392] [TID / 4393] [TID / 4205] [TID / 4394] 
03-13 14:46:20.597  4205  4458 D PluginActionManager: Found 0 plugins
03-13 14:46:20.598  4205  4205 D AccessibilityGestureHandler: coverNavbarVisibilityChanged
03-13 14:46:20.598  4205  4205 D NavBarStateManager: NavBarStates(1) isLargeCoverScreenSyncEnabled: false
03-13 14:46:20.598  4205  4205 D AccessibilityGestureHandler: a11yButtonState: false, coverScreenNavBarEnabled: false gestureMode: false, isWindowShowing: false, isCoverNavBarVisible: false, isEnabled: false
03-13 14:46:20.599  4205  4205 D NavBarStateManager: NavBarStates(1) supportLargeCoverScreenNavBar: true
03-13 14:46:20.599  4205  4205 D NavBarView: disableBack=true (isBackDismissIme=false, handlingGestures=false, disabledFlagBack=true, isBottomGesture=false, isImeRenderingNavButtons=false)
03-13 14:46:20.599  4205  4205 D NavBarStateManager: NavBarStates(1) supportLargeCoverScreenNavBar: true
03-13 14:46:20.599  4205  4205 D Navbar.Store: ----handleEvent(0) OnUpdateSysUiStateFlag(noArguments=true) [Module] SamsungNavigationBarView
03-13 14:46:20.599  4205  4205 D Navbar.Store: ------[Band]GESTURE_PACK_UPDATE_SYSTEMUI_STATE_FLAG
03-13 14:46:20.599  4205  4205 D Navbar.Store: ------[Band] (afterAction) GESTURE_PACK_UPDATE_SYSTEMUI_STATE_FLAG
03-13 14:46:20.599  4205  4205 D Navbar.Store: --[Band] (afterAction) SETUPWIZARD_PACK_SET_NAVBAR_STYLE
03-13 14:46:20.599  4205  4205 D Navbar.Store: ----apply(1) NavBarStoreAction$UpdateNavBarNormalStyle
03-13 14:46:20.599  4205  4205 D NavBarStateManager: NavBarStates(1) canShowKeyboardButtonForRotation(0): true
03-13 14:46:20.599  4205  4205 D NavBarStateManager: NavBarStates(1) supportLargeCoverScreenNavBar: true
03-13 14:46:20.600  4205  4205 D NavBarStateManager: NavBarStates(1) canShowKeyboardButtonForRotation(0): true
03-13 14:46:20.600 21137 21137 D VRI[OnboardingFlowActivity]@1edef0e: Not drawing due to screen off
03-13 14:46:20.600  4205  4205 D NavBarStateManager: NavBarStates(1) supportLargeCoverScreenNavBar: true
03-13 14:46:20.600  4205  4205 D NavBarStateManager: NavBarStates(1) canShowKeyboardButtonForRotation(1): true
03-13 14:46:20.600  4205  4205 D NavBarStateManager: NavBarStates(1) supportLargeCoverScreenNavBar: true
03-13 14:46:20.600  4205  4205 D NavBarStateManager: NavBarStates(1) canShowKeyboardButtonForRotation(2): true
03-13 14:46:20.600  4205  4205 D NavBarStateManager: NavBarStates(1) supportLargeCoverScreenNavBar: true
03-13 14:46:20.601  4205  4205 D NavBarStateManager: NavBarStates(1) canShowKeyboardButtonForRotation(3): true
03-13 14:46:20.601  4205  4205 D NavBarStateManager: NavBarStates(1) supportLargeCoverScreenNavBar: true
03-13 14:46:20.601  2053  2950 I QC2Comp : [hvcD_699] KPI_L1: release: ms=29
03-13 14:46:20.601  2053  2950 I FRCFilterPlugin: release entry
03-13 14:46:20.601  2053  2950 I FRCFilterPlugin: shutDownMpp entry
03-13 14:46:20.601  2053  2950 I FRCFilterPlugin: shutDownMpp exit
03-13 14:46:20.601  2053  2950 I FRCFilterPlugin: cleanUpResources entry
03-13 14:46:20.601  2053  2950 I FRCFilterPlugin: cleanUpResources exit
03-13 14:46:20.601  2053  2950 I FRCFilterPlugin: release exit
03-13 14:46:20.601  4205  4205 D NavBarStateManager: NavBarStates(1) supportLargeCoverScreenNavBar: true
03-13 14:46:20.601  4205  4205 D NavBarView: disableBack=true (isBackDismissIme=false, handlingGestures=false, disabledFlagBack=true, isBottomGesture=false, isImeRenderingNavButtons=false)
03-13 14:46:20.601  4205  4205 D NavBarStateManager: NavBarStates(1) supportLargeCoverScreenNavBar: true
03-13 14:46:20.601  4205  4205 D Navbar.Store: ----handleEvent(0) OnUpdateSysUiStateFlag(noArguments=true) [Module] SamsungNavigationBarView
03-13 14:46:20.601  4205  4205 D Navbar.Store: ------[Band]GESTURE_PACK_UPDATE_SYSTEMUI_STATE_FLAG
03-13 14:46:20.601  4205  4205 D Navbar.Store: ------[Band] (afterAction) GESTURE_PACK_UPDATE_SYSTEMUI_STATE_FLAG
03-13 14:46:20.601  4205  4205 D Navbar.Store: --[Band] (afterAction) COVER_SCREEN_PACK_NAVBAR_ATTACHED_TO_WINDOW
03-13 14:46:20.601  4205  4205 D Navbar.Store: ----apply(1) NavBarStoreAction$UpdateNavBarLayoutParams
03-13 14:46:20.601  4205  4205 D NavBarStateManager: NavBarStates(1) canShowKeyboardButtonForRotation(0): true
03-13 14:46:20.601  5393  6882 I bt_shim_scanner: system/main/shim/le_scanning_manager.cc:197 ScanFilterParamSetup: in shim layer, clientIf=5
03-13 14:46:20.601  5393  6882 I bt_shim_scanner: system/main/shim/le_scanning_manager.cc:197 ScanFilterParamSetup: in shim layer, clientIf=5
03-13 14:46:20.601  4205  4205 D NavBarStateManager: NavBarStates(1) supportLargeCoverScreenNavBar: true
03-13 14:46:20.601  4205  4205 D NavBarStateManager: NavBarStates(1) canShowKeyboardButtonForRotation(0): true
03-13 14:46:20.601  4360 21899 I CCodec  : [c2.qti.hevc.decoder] state->set(RELEASED)
03-13 14:46:20.602 16161 17325 I NearbyDiscovery: (REDACTED) PureOffloadFastPairScanner: eventType=%s, isInternalReq=%s, isScanning=%s, isScanningAllowed=%s
03-13 14:46:20.602  4205  4205 D NavBarStateManager: NavBarStates(1) supportLargeCoverScreenNavBar: true
03-13 14:46:20.602  4205  4205 D NavBarStateManager: NavBarStates(1) canShowKeyboardButtonForRotation(1): true
03-13 14:46:20.602  4205  4205 D NavBarStateManager: NavBarStates(1) supportLargeCoverScreenNavBar: true
03-13 14:46:20.602  4205  4205 D NavBarStateManager: NavBarStates(1) canShowKeyboardButtonForRotation(2): true
03-13 14:46:20.602 16161 17325 I NearbyDiscovery: (REDACTED) ApFastPairScanner: isScreenOn=%s, isLocationEnabled=%s, disableLocationRequirement=%s, isDiscoveryScanningEnabled=%s, during24GhzWifiWarmingUpPeriod=%s
03-13 14:46:20.602  4205  4205 D NavBarStateManager: NavBarStates(1) supportLargeCoverScreenNavBar: true
03-13 14:46:20.603  4205  4205 D NavBarStateManager: NavBarStates(1) canShowKeyboardButtonForRotation(3): true
03-13 14:46:20.603  4360 21868 I Codec2Client: Component destructing
03-13 14:46:20.603  4205  4205 D NavBarStateManager: NavBarStates(1) supportLargeCoverScreenNavBar: true
03-13 14:46:20.603 16161 17325 D BluetoothAdapter: isLeEnabled(): BLE_ON
03-13 14:46:20.603 16161 17325 I NearbyDiscovery: (REDACTED) ApFastPairScanner: eventType=%s, intReq=%s, scanning=%s, scanAllowed=%s, bleEnabled=%s, lockScanRate=%s, startScanningByLowPowerMode=%s
03-13 14:46:20.603  4360 21867 I MediaCodec: Codec shutdown complete
03-13 14:46:20.603 16161 17325 I NearbyDiscovery: (REDACTED) ApFastPairScanner: Stopping scan, %s
03-13 14:46:20.603 16161 17325 D BluetoothAdapter: isLeEnabled(): BLE_ON
03-13 14:46:20.603 16161 17325 D BluetoothLeScanner: Stop Scan with callback
03-13 14:46:20.603  2496  1108 I ResourceManagerService: removeResourceInfo pid 4360, removed 2851200 (width 1080 height 2640), remained hw codec count 0
03-13 14:46:20.604  4205  4205 D NavBarStateManager: NavBarStates(1) supportLargeCoverScreenNavBar: true
03-13 14:46:20.604  4205  4205 D NavBarView: disableBack=true (isBackDismissIme=false, handlingGestures=false, disabledFlagBack=true, isBottomGesture=false, isImeRenderingNavButtons=false)
03-13 14:46:20.604  4205  4205 D NavBarStateManager: NavBarStates(1) supportLargeCoverScreenNavBar: true
03-13 14:46:20.604  4205  4205 D Navbar.Store: handleEvent(0) OnUpdateSysUiStateFlag(noArguments=true) [Module] SamsungNavigationBarView
03-13 14:46:20.604  4205  4205 D Navbar.Store: --[Band]GESTURE_PACK_UPDATE_SYSTEMUI_STATE_FLAG
03-13 14:46:20.604  4205  4205 D Navbar.Store: --[Band] (afterAction) GESTURE_PACK_UPDATE_SYSTEMUI_STATE_FLAG
03-13 14:46:20.604  4360 21868 I hw-BpHwBinder: onLastStrongRef automatically unlinking death recipients
03-13 14:46:20.604  5393  6882 E ScanManager: [GSIM LOG]: gsimLogHandler, msg: MESSAGE_SCAN_STOP, appName: com.google.android.gms, scannerId: 5, reportDelayMillis=0
03-13 14:46:20.604  4205  4205 D Navbar.Store: handleEvent(0) OnNavBarUpdateA11YService(clickable=false, longClickable=false) [Module] NavigationBar
03-13 14:46:20.604  4205  4205 D Navbar.Store: --[Band]SETUPWIZARD_PACK_UPDATE_A11Y_SERVICE
03-13 14:46:20.604  4205  4205 D NavBarStateManager: NavBarStates(1) canShowKeyboardButtonForRotation(0): true
03-13 14:46:20.604  2053  2956 I hw-BpHwBinder: onLastStrongRef automatically unlinking death recipients
03-13 14:46:20.604  2053  2956 I vendor.qti.media.c2@1.0-service: HDRToneMappingFilter DTOR
03-13 14:46:20.604  6380  6380 I SemMediaResourceHelper: onRemove
03-13 14:46:20.604  2053  2956 I vendor.qti.media.c2@1.0-service: AIFRCFilter DTOR
03-13 14:46:20.604  4205  4205 D NavBarStateManager: NavBarStates(1) supportLargeCoverScreenNavBar: true
03-13 14:46:20.604  4205  4205 D NavBarStateManager: NavBarStates(1) canShowKeyboardButtonForRotation(0): true
03-13 14:46:20.604  2053  2956 I QC2CompStore: Deleting component(c2.qti.hevc.decoder) id(699)
03-13 14:46:20.604  2053  2956 I QC2CompStore: removeIdFromList remove Id[699] from list
03-13 14:46:20.604  2053  2956 I StatsHandler: [hvcD_699] Stats: Pending(0) i/p-done(0) Works: Q: 2/Done 3|Work-Rate: Q(14.8/s Avg=14.8/s) Done(22.163/s Avg=22.163/s)| Stream: 30.00fps 0.0Kbps
03-13 14:46:20.604  2053  2956 I StatsHandler: [hvcD_699] Mem-usage:  [In-1D: 2 bufs 16.000 MB] [1D-3923: 13 bufs 0.203 MB] [2D-3924: 13 bufs 76.426 MB] | Total: 92.629 MB
03-13 14:46:20.604  2053  2956 I QC2Comp : [c2.qti.hevc.decoder] KPI_L1: Total component latency: ms=135
03-13 14:46:20.604  4205  4205 D NavBarStateManager: NavBarStates(1) supportLargeCoverScreenNavBar: true
03-13 14:46:20.604  4205  4205 D NavBarStateManager: NavBarStates(1) canShowKeyboardButtonForRotation(1): true
03-13 14:46:20.605  4205  4205 D NavBarStateManager: NavBarStates(1) supportLargeCoverScreenNavBar: true
03-13 14:46:20.605  4205  4205 D NavBarStateManager: NavBarStates(1) canShowKeyboardButtonForRotation(2): true
03-13 14:46:20.605  4205  4205 D NavBarStateManager: NavBarStates(1) supportLargeCoverScreenNavBar: true
03-13 14:46:20.605  4205  4205 D NavBarStateManager: NavBarStates(1) canShowKeyboardButtonForRotation(3): true
03-13 14:46:20.606  5393 28172 I bt_shim_scanner: system/main/shim/le_scanning_manager.cc:141 Unregister: in shim layer, scannerId=1
03-13 14:46:20.606  5393  5832 W bluetooth: system/gd/hci/le_scanning_manager.cc:697 unregister_scanner: unregister_scanner
03-13 14:46:20.606  4205  4205 D NavBarStateManager: NavBarStates(1) supportLargeCoverScreenNavBar: true
03-13 14:46:20.606  4205  4205 D EdgeBackGestureHandler: setBackAnimation for displayId = 1 : com.android.wm.shell.back.BackAnimationController$BackAnimationImpl@2596a58
03-13 14:46:20.606  5393  6882 I bt_shim_scanner: system/main/shim/le_scanning_manager.cc:197 ScanFilterParamSetup: in shim layer, clientIf=1
03-13 14:46:20.606  4360  4776 I CCodecBufferChannel: CCodecBufferChannel destructing c2.qti.hevc.decoder#167
03-13 14:46:20.606  4205  4205 D NavBarStateManager: NavBarStates(1) supportLargeCoverScreenNavBar: true
03-13 14:46:20.606  4205  4205 D NavBarView: disableBack=true (isBackDismissIme=false, handlingGestures=false, disabledFlagBack=true, isBottomGesture=false, isImeRenderingNavButtons=false)
03-13 14:46:20.606  4360 21867 I CCodec  : state->set(ALLOCATING)
03-13 14:46:20.606  4205  4205 D NavBarStateManager: NavBarStates(1) supportLargeCoverScreenNavBar: true
03-13 14:46:20.606  4205  4205 D Navbar.Store: handleEvent(0) OnUpdateSysUiStateFlag(noArguments=true) [Module] SamsungNavigationBarView
03-13 14:46:20.606  4205  4205 D Navbar.Store: --[Band]GESTURE_PACK_UPDATE_SYSTEMUI_STATE_FLAG
03-13 14:46:20.606  4205  4205 D Navbar.Store: --[Band] (afterAction) GESTURE_PACK_UPDATE_SYSTEMUI_STATE_FLAG
03-13 14:46:20.606  4205  4205 D Navbar.Store: handleEvent(0) OnNavBarUpdateA11YService(clickable=false, longClickable=false) [Module] NavigationBar
03-13 14:46:20.606  4205  4205 D Navbar.Store: --[Band]SETUPWIZARD_PACK_UPDATE_A11Y_SERVICE
03-13 14:46:20.607  4205  4205 D NavBarStateManager: NavBarStates(1) supportLargeCoverScreenNavBar: true
03-13 14:46:20.607  4205  4205 D NavBarView: disableBack=true (isBackDismissIme=false, handlingGestures=false, disabledFlagBack=true, isBottomGesture=false, isImeRenderingNavButtons=false)
03-13 14:46:20.607  6103  6103 W ContextImpl: Calling a method in the system process without a qualified user: android.app.ContextImpl.startService:2068 android.content.ContextWrapper.startService:872 android.content.ContextWrapper.startService:872 com.sec.android.diagmonagent.sa.receiver.CFLogReceiver.onReceive:56 android.app.ActivityThread.handleReceiver:5663 
03-13 14:46:20.607  4205  4205 D NavBarStateManager: NavBarStates(1) supportLargeCoverScreenNavBar: true
03-13 14:46:20.607  4205  4205 D Navbar.Store: handleEvent(0) OnUpdateSysUiStateFlag(noArguments=true) [Module] SamsungNavigationBarView
03-13 14:46:20.607  4205  4205 D Navbar.Store: --[Band]GESTURE_PACK_UPDATE_SYSTEMUI_STATE_FLAG
03-13 14:46:20.607  4205  4205 D Navbar.Store: --[Band] (afterAction) GESTURE_PACK_UPDATE_SYSTEMUI_STATE_FLAG
03-13 14:46:20.607  4360 21868 I CCodec  : allocate(c2.qti.hevc.decoder)
03-13 14:46:20.607  5393  6882 E ScanManager: [GSIM LOG]: gsimLogHandler, msg: MESSAGE_SCAN_STOP, appName: com.google.android.gms, scannerId: 1, reportDelayMillis=0
03-13 14:46:20.610  4360 21868 I CCodec  : setting up 'default' as default (vendor) store
03-13 14:46:20.610  2053  2956 I QC2CompStore: addIdToList add Id[700] to list
03-13 14:46:20.611  4205  4205 D NavBarStateManager: NavBarStates(1) supportLargeCoverScreenNavBar: true
03-13 14:46:20.611  4205  4205 D NavBarView: disableBack=true (isBackDismissIme=false, handlingGestures=false, disabledFlagBack=true, isBottomGesture=false, isImeRenderingNavButtons=false)
03-13 14:46:20.611  4205  4205 D NavBarStateManager: NavBarStates(1) supportLargeCoverScreenNavBar: true
03-13 14:46:20.611  4205  4205 D Navbar.Store: handleEvent(0) OnUpdateSysUiStateFlag(noArguments=true) [Module] SamsungNavigationBarView
03-13 14:46:20.611  4205  4205 D Navbar.Store: --[Band]GESTURE_PACK_UPDATE_SYSTEMUI_STATE_FLAG
03-13 14:46:20.611  4205  4205 D Navbar.Store: --[Band] (afterAction) GESTURE_PACK_UPDATE_SYSTEMUI_STATE_FLAG
03-13 14:46:20.611  4205  4205 D NavigationModeController: getCurrentInteractionMode: mode=0 contextUser=0
03-13 14:46:20.611  4205  4205 D Navbar.Store: handleEvent(1) OnLightBarControllerCreated(lightBarController=com.android.systemui.statusbar.phone.LightBarControllerImpl@481113f) [Module] NavigationBar
03-13 14:46:20.611  4205  4205 D Navbar.Store: --[Band]COLOR_PACK_REEVALUATE_NAVBAR
03-13 14:46:20.611  4205  4205 D Navbar.Store: ----apply(1) NavBarStoreAction$ReevaluateNavBar
03-13 14:46:20.611  2053  2956 I vendor.qti.media.c2@1.0-service: missing struct descriptor #Param::CoreIndex(--002) for field mastering of struct #Param::CoreIndex(--180a)
03-13 14:46:20.611  2053  2956 I vendor.qti.media.c2@1.0-service: missing struct descriptor #Param::CoreIndex(-V8002) for field portConfigs of struct #Param::CoreIndex(FV19100)
03-13 14:46:20.611  2053  2956 I vendor.qti.media.c2@1.0-service: missing struct descriptor #Param::CoreIndex(-V8002) for field portConfigs of struct #Param::CoreIndex(FV1a100)
03-13 14:46:20.611  2053  2956 I vendor.qti.media.c2@1.0-service: missing struct descriptor #Param::CoreIndex(-V8002) for field portConfigs of struct #Param::CoreIndex(FV19100)
03-13 14:46:20.611  4205  4205 D Navbar.Store: handleEvent(0) OnNavBarTransitionModeChanged(transitionMode=0) [Module] NavigationBar
03-13 14:46:20.611  2053  2956 I vendor.qti.media.c2@1.0-service: missing struct descriptor #Param::CoreIndex(-V8002) for field portConfigs of struct #Param::CoreIndex(FV1a100)
03-13 14:46:20.611  4205  4205 D Navbar.Store: --[Band]GESTURE_PACK_SHOW_FLOATING_GAMETOOLS_ICON
03-13 14:46:20.611  2053  2956 I QC2Comp : [cmphvcD_700] KPI_L1: init: ms=0
03-13 14:46:20.612  2053  2956 I QC2Comp : [c2.qti.hevc.decoder] KPI_L1: Create: ms=1
03-13 14:46:20.612  2053  2956 I QC2CompStore: Created component(c2.qti.hevc.decoder) id(700) sStore[0xb400006dc7a29970]
03-13 14:46:20.612  2053  2956 I vendor.qti.media.c2@1.0-service: missing struct descriptor #Param::CoreIndex(--002) for field mastering of struct #Param::CoreIndex(--180a)
03-13 14:46:20.612  2053  2956 I vendor.qti.media.c2@1.0-service: missing struct descriptor #Param::CoreIndex(--002) for field mastering of struct #Param::CoreIndex(--180a)
03-13 14:46:20.612  4205  4205 D NavBarStateManager: NavBarStates(1) supportLargeCoverScreenNavBar: true
03-13 14:46:20.612  2053  2956 I vendor.qti.media.c2@1.0-service: VendorExternalAIFRCRequestSetter set to 0 0
03-13 14:46:20.612  4205  4205 D Navbar.Store: handleEvent(1) GetNavBarLargeCoverScreenPadding(rotation=0) [Module] SamsungNavigationBarView
03-13 14:46:20.612  4205  4205 D Navbar.Store: --[Band]COVER_SCREEN_PACK_GET_NAVBAR_PADDING
03-13 14:46:20.612  2053  2956 I vendor.qti.media.c2@1.0-service: StrictValueWithNoDeps is called old.v.value is 2141391876 me.v.value is 2141391876
03-13 14:46:20.612  4205  4205 D CoverScreenPack: get cover screen padding, kit.displayId=1, resources={1.0 ?mcc0mnc [en_US] ldltr sw307dp w352dp h308dp 340dpi smll hdr widecg land night -touch -keyb/v/h -nav/h winConfig={ mBounds=Rect(0, 0 - 748, 720) mAppBounds=Rect(0, 0 - 748, 654) mMaxBounds=Rect(0, 0 - 748, 720) mDisplayRotation=ROTATION_0 mWindowingMode=fullscreen mActivityType=undefined mAlwaysOnTop=undefined mRotation=ROTATION_0 mStageConfig=undefined mPopOver=undefined mOverlappingWithCutout=false mFlexPanelMode=off} s.7551 fontWeightAdjustment=0 ff=0 bf=-1 bts=0 cst=1.0 nightDim=0 themeSeq=0}
03-13 14:46:20.612  4205  4205 D Navbar.Store: handleEvent(1) value= Rect(0, 0 - 399, 0)
03-13 14:46:20.612  2053  2956 I vendor.qti.media.c2@1.0-service: StrictValueWithNoDeps is called old.v.value is 30 me.v.value is 30
03-13 14:46:20.612  2053  2956 I vendor.qti.media.c2@1.0-service: missing struct descriptor #Param::CoreIndex(--002) for field mastering of struct #Param::CoreIndex(--180a)
03-13 14:46:20.612  2053  2956 I vendor.qti.media.c2@1.0-service: missing struct descriptor #Param::CoreIndex(--002) for field mastering of struct #Param::CoreIndex(--180a)
03-13 14:46:20.612  2053  2956 I vendor.qti.media.c2@1.0-service: C2StreamVendorRenderEngineHDRToneMapRequestInfoset to 0
03-13 14:46:20.612  2053  2956 W QC2Interface: [hvcD_700] Failed to query parameters
03-13 14:46:20.612  2053  2956 I vendor.qti.media.c2@1.0-service: StrictValueWithNoDeps is called old.v.value is 2141391876 me.v.value is 0
03-13 14:46:20.612  2053  2956 I vendor.qti.media.c2@1.0-service: StrictValueWithNoDeps is called old.v.value is 30 me.v.value is 1
03-13 14:46:20.612  2053  2956 I vendor.qti.media.c2@1.0-service: [FRC-IsFilteringEnabled] entry
03-13 14:46:20.612  2053  2956 I vendor.qti.media.c2@1.0-service: [FRC-IsFilteringEnabled] frcReqInfo.value is 0
03-13 14:46:20.612  3003  4748 I WindowManager: Relayout Window{4427931 u0 NavigationBar1}: viewVisibility=0 req=748x102 ty=2019 d1
03-13 14:46:20.613  4360 21868 I CCodec  : Created component [c2.qti.hevc.decoder] for [c2.qti.hevc.decoder]
03-13 14:46:20.613  4360 21868 I CCodec  : [c2.qti.hevc.decoder] state->set(ALLOCATED)
03-13 14:46:20.613  2105  2321 I SurfaceFlinger: id=62881 createSurf, flag=44004, NavigationBar1$_4205#62881
03-13 14:46:20.613  3003  4748 D WindowManager: makeSurface duration=0 name=NavigationBar1$_4205
03-13 14:46:20.613  3003  4748 D InsetsSourceProvider: updateVisibility: serverVisible=true, clientVisible=true, source=InsetsSource: {d38f0024 mType=systemGestures mFrame=[0,0][0,0] mVisible=true mFlags= mSideHint=NONE mBoundingRects=null}, controlTarget=null, from=com.android.server.wm.InsetsSourceProvider.setServerVisible:6 com.android.server.wm.InsetsSourceProvider.onPostLayout:30 com.android.server.wm.InsetsStateController.onPostLayout:26 com.android.server.wm.RootWindowContainer.applySurfaceChangesTransaction$1:203 com.android.server.wm.RootWindowContainer.performSurfacePlacementNoTrace:86 com.android.server.wm.WindowSurfacePlacer.performSurfacePlacement:166 com.android.server.wm.WindowManagerService.relayoutWindow:1207 com.android.server.wm.Session.relayout:27 android.view.IWindowSession$Stub.onTransact:829 com.android.server.wm.Session.onTransact:1 
03-13 14:46:20.613  3003  4748 D InsetsSourceProvider: updateVisibility: serverVisible=true, clientVisible=true, source=InsetsSource: {d38f0006 mType=tappableElement mFrame=[0,618][748,720] mVisible=true mFlags= mSideHint=BOTTOM mBoundingRects=null}, controlTarget=null, from=com.android.server.wm.InsetsSourceProvider.setServerVisible:6 com.android.server.wm.InsetsSourceProvider.onPostLayout:30 com.android.server.wm.InsetsStateController.onPostLayout:26 com.android.server.wm.RootWindowContainer.applySurfaceChangesTransaction$1:203 com.android.server.wm.RootWindowContainer.performSurfacePlacementNoTrace:86 com.android.server.wm.WindowSurfacePlacer.performSurfacePlacement:166 com.android.server.wm.WindowManagerService.relayoutWindow:1207 com.android.server.wm.Session.relayout:27 android.view.IWindowSession$Stub.onTransact:829 com.android.server.wm.Session.onTransact:1 
03-13 14:46:20.613  3003  4748 D InsetsSourceProvider: updateVisibility: serverVisible=true, clientVisible=true, source=InsetsSource: {d38f0005 mType=mandatorySystemGestures mFrame=[0,618][748,720] mVisible=true mFlags= mSideHint=BOTTOM mBoundingRects=null}, controlTarget=null, from=com.android.server.wm.InsetsSourceProvider.setServerVisible:6 com.android.server.wm.InsetsSourceProvider.onPostLayout:30 com.android.server.wm.InsetsStateController.onPostLayout:26 com.android.server.wm.RootWindowContainer.applySurfaceChangesTransaction$1:203 com.android.server.wm.RootWindowContainer.performSurfacePlacementNoTrace:86 com.android.server.wm.WindowSurfacePlacer.performSurfacePlacement:166 com.android.server.wm.WindowManagerService.relayoutWindow:1207 com.android.server.wm.Session.relayout:27 android.view.IWindowSession$Stub.onTransact:829 com.android.server.wm.Session.onTransact:1 
03-13 14:46:20.613  3003  4748 D InsetsSourceProvider: updateVisibility: serverVisible=true, clientVisible=true, source=InsetsSource: {d38f0004 mType=systemGestures mFrame=[0,0][0,0] mVisible=true mFlags= mSideHint=NONE mBoundingRects=null}, controlTarget=null, from=com.android.server.wm.InsetsSourceProvider.setServerVisible:6 com.android.server.wm.InsetsSourceProvider.onPostLayout:30 com.android.server.wm.InsetsStateController.onPostLayout:26 com.android.server.wm.RootWindowContainer.applySurfaceChangesTransaction$1:203 com.android.server.wm.RootWindowContainer.performSurfacePlacementNoTrace:86 com.android.server.wm.WindowSurfacePlacer.performSurfacePlacement:166 com.android.server.wm.WindowManagerService.relayoutWindow:1207 com.android.server.wm.Session.relayout:27 android.view.IWindowSession$Stub.onTransact:829 com.android.server.wm.Session.onTransact:1 
03-13 14:46:20.614  2053  2420 W QC2Interface: [hvcD_700] Failed to query parameters
03-13 14:46:20.614  3003  4748 D BLASTSyncEngine: SyncGroup 7319:  Unfinished container: WindowToken{8004a5b type=2024 android.os.BinderProxy@d7bba75} mSyncState=2
03-13 14:46:20.614  3003  4748 D BLASTSyncEngine: SyncGroup 7319:  Unfinished container: WindowToken{8004a5b type=2024 android.os.BinderProxy@d7bba75} mSyncState=2
03-13 14:46:20.615  3003  4748 I WindowManager: Relayout hash=4427931, pid=4205, syncId=-1: mAttrs={(0,0)(fillx102) gr=BOTTOM CENTER_VERTICAL sim={adjust=pan} layoutInDisplayCutoutMode=always ty=NAVIGATION_BAR fmt=TRANSLUCENT
03-13 14:46:20.615  3003  4748 I WindowManager:   fl=20040028
03-13 14:46:20.615  3003  4748 I WindowManager:   pfl=31000000
03-13 14:46:20.615  3003  4748 I WindowManager:   bhv=1
03-13 14:46:20.615  3003  4748 I WindowManager:   providedInsets:
03-13 14:46:20.615  3003  4748 I WindowManager:     InsetsFrameProvider: {id=#d38f0001, index=0, type=navigationBars, source=FRAME, flags=[], insetsSize=Insets{left=0, top=0, right=0, bottom=102}, insetsSizeOverrides=[TypedInsetsSize: {windowType=INPUT_METHOD, insetsSize=null}]}
03-13 14:46:20.615  3003  4748 I WindowManager:     InsetsFrameProvider: {id=#d38f0006, index=0, type=tappableElement, source=FRAME, flags=[]}
03-13 14:46:20.615  3003  4748 I WindowManager:     InsetsFrameProvider: {id=#d38f0005, index=0, type=mandatorySystemGestures, source=FRAME, flags=[]}
03-13 14:46:20.615  3003  4748 I WindowManager:     InsetsFrameProvider: {id=#d38f0004, index=0, type=systemGestures, source=DISPLAY, flags=[], insetsSize=Insets{left=0, top=0, right=0, bottom=0}, mMinimalInsetsSizeInDisplayCutoutSafe=Insets{left=0, top=0, right=0, bottom=0}}
03-13 14:46:20.615  3003  4748 I WindowManager:     InsetsFrameProvider: {id=#d38f0024, index=1, type=systemGestures, source=DISPLAY, flags=[], insetsSize=Insets{left=0, top=0, right=0, bottom=0}, mMinimalInsetsSizeInDisplayCutoutSafe=Insets{left=0, top=0, right=0, bottom=0}}
03-13 14:46:20.615  3003  4748 I WindowManager:   frameRateBoostOnTouch=true
03-13 14:46:20.615  3003  4748 I WindowManager:   dvrrWindowFrameRateHint=true
03-13 14:46:20.615  3003  4748 I WindowManager:   paramsForRotation:
03-13 14:46:20.615  3003  4748 I WindowManager:     ROTATION_0={(0,0)(fillx102) gr=BOTTOM CENTER_VERTICAL layoutInDisplayCutoutMode=always ty=NAVIGATION_BAR fmt=TRANSLUCENT
03-13 14:46:20.615  3003  4748 I WindowManager:       fl=20040028
03-13 14:46:20.615  3003  4748 I WindowManager:       pfl=31000000
03-13 14:46:20.615  3003  4748 I WindowManager:       bhv=1
03-13 14:46:20.615  3003  4748 I WindowManager:       providedInsets:
03-13 14:46:20.615  3003  4748 I WindowManager:         InsetsFrameProvider: {id=#d38f0001, index=0, type=navigationBars, source=FRAME, flags=[], insetsSize=Insets{left=0, top=0, right=0, bottom=102}, insetsSizeOverrides=[TypedInsetsSize: {windowType=INPUT_METHOD, insetsSize=null}]}
03-13 14:46:20.615  3003  4748 I WindowManager:         InsetsFrameProvider: {id=#d38f0006, index=0, type=tappableElement, source=FRAME, flags=[]}
03-13 14:46:20.615  3003  4748 I WindowManager:         InsetsFrameProvider: {id=#d38f0005, index=0, type=mandatorySystemGestures, source=FRAME, flags=[]}
03-13 14:46:20.615  3003  4748 I WindowManager:         InsetsFrameProvider: {id=#d38f0004, index=0, type=systemGestures, source=DISPLAY, flags=[], insetsSize=Insets{left=0, top=0, right=0, bottom=0}, mMinimalInsetsSizeInDisplayCutoutSafe=Insets{left=0, top=0, right=0, bottom=0}}
03-13 14:46:20.615  3003  4748 I WindowManager:         InsetsFrameProvider: {id=#d38f0024, index=1, type=systemGestures, source=DISPLAY, flags=[], insetsSize=Insets{left=0, top=0, right=0, bottom=0}, mMinimalInsetsSizeInDisplayCutoutSafe=Insets{left=0, top=0, right=0, bottom=0}}
03-13 14:46:20.615  3003  4748 I WindowManager:       frameRateBoostOnTouch=true
03-13 14:46:20.615  3003  4748 I WindowManager:       dvrrWindowFrameRateHint=true naviIconColor=0}
03-13 14:46:20.615  3003  4748 I WindowManager:     ROTATION_90={(0,0)(102xfill) gr=RIGHT CENTER_HORIZONTAL layoutInDisplayCutoutMode=always ty=NAVIGATION_BAR fmt=TRANSLUCENT
03-13 14:46:20.615  3003  4748 I WindowManager:       fl=20040028
03-13 14:46:20.615  3003  4748 I WindowManager:       pfl=31000000
03-13 14:46:20.615  3003  4748 I WindowManager:       bhv=1
03-13 14:46:20.615  3003  4748 I WindowManager:       providedInsets:
03-13 14:46:20.615  3003  4748 I WindowManager:         InsetsFrameProvider: {id=#d38f0001, index=0, type=navigationBars, source=FRAME, flags=[], insetsSizeOverrides=[TypedInsetsSize: {windowType=INPUT_METHOD, insetsSize=null}]}
03-13 14:46:20.615  3003  4748 I WindowManager:         InsetsFrameProvider: {id=#d38f0006, index=0, type=tappableElement, source=FRAME, flags=[]}
03-13 14:46:20.615  3003  4748 I WindowManager:         InsetsFrameProvider: {id=#d38f0005, index=0, type=mandatorySystemGestures, source=FRAME, flags=[]}
03-13 14:46:20.615  3003  4748 I WindowManager:         InsetsFrameProvider: {id=#d38f0004, index=0, type=systemGestures, source=DISPLAY, flags=[], insetsSize=Insets{left=0, top=0, right=0, bottom=0}, mMinimalInsetsSizeInDisplayCutoutSafe=Insets{left=0, top=0, right=0, bottom=0}}
03-13 14:46:20.615  3003  4748 I WindowManager:         InsetsFrameProvider: {id=#d38f0024, index=1, type=systemGestures, source=DISPLAY, flags=[], insetsSize=Insets{left=0, top=0, right=0, bottom=0}, mMinimalInsetsSizeInDisplayCutoutSafe=Insets{left=0, top=0, right=0, bottom=0}}
03-13 14:46:20.615  3003  4748 I WindowManager:       frameRateBoostOnTouch=true
03-13 14:46:20.615  3003  4748 I WindowManager:       dvrrWindowFrameRateHint=true naviIconColor=0}
03-13 14:46:20.615  3003  4748 I WindowManager:     ROTATION_180={(0,0)(fillx102) gr=BOTTOM CENTER_VERTICAL layoutInDisplayCutoutMode=always ty=NAVIGATION_BAR fmt=TRANSLUCENT
03-13 14:46:20.615  3003  4748 I WindowManager:       fl=20040028
03-13 14:46:20.615  3003  4748 I WindowManager:       pfl=31000000
03-13 14:46:20.615  3003  4748 I WindowManager:       bhv=1
03-13 14:46:20.615  3003  4748 I WindowManager:       providedInsets:
03-13 14:46:20.615  3003  4748 I WindowManager:         InsetsFrameProvider: {id=#d38f0001, index=0, type=navigationBars, source=FRAME, flags=[], insetsSize=Insets{left=0, top=0, right=0, bottom=102}, insetsSizeOverrides=[TypedInsetsSize: {windowType=INPUT_METHOD, insetsSize=null}]}
03-13 14:46:20.615  3003  4748 I WindowManager:         InsetsFrameProvider: {id=#d38f0006, index=0, type=tappableElement, source=FRAME, flags=[]}
03-13 14:46:20.615  3003  4748 I WindowManager:         InsetsFrameProvider: {id=#d38f0005, index=0, type=mandatorySystemGestures, source=FRAME, flags=[]}
03-13 14:46:20.615  3003  4748 I WindowManager:         InsetsFrameProvider: {id=#d38f0004, index=0, type=systemGestures, source=DISPLAY, flags=[], insetsSize=Insets{left=0, top=0, right=0, bottom=0}, mMinimalInsetsSizeInDisplayCutoutSafe=Insets{left=0, top=0, right=0, bottom=0}}
03-13 14:46:20.615  3003  4748 I WindowManager:         InsetsFrameProvider: {id=#d38f0024, index=1, type=systemGestures, source=DISPLAY, flags=[], insetsSize=Insets{left=0, top=0, right=0, bottom=0}, mMinimalInsetsSizeInDisplayCutoutSafe=Insets{left=0, top=0, right=0, bottom=0}}
03-13 14:46:20.615  3003  4748 I WindowManager:       frameRateBoostOnTouch=true
03-13 14:46:20.615  3003  4748 I WindowManager:       dvrrWindowFrameRateHint=true naviIconColor=0}
03-13 14:46:20.615  3003  4748 I WindowManager:     ROTATION_270={(0,0)(102xfill) gr=LEFT CENTER_HORIZONTAL layoutInDisplayCutoutMode=always ty=NAVIGATION_BAR fmt=TRANSLUCENT
03-13 14:46:20.615  3003  4748 I WindowManager:       fl=20040028
03-13 14:46:20.615  3003  4748 I WindowManager:       pfl=31000000
03-13 14:46:20.615  3003  4748 I WindowManager:       bhv=1
03-13 14:46:20.615  3003  4748 I WindowManager:       providedInsets:
03-13 14:46:20.615  3003  4748 I WindowManager:         InsetsFrameProvider: {id=#d38f0001, index=0, type=navigationBars, source=FRAME, flags=[], insetsSizeOverrides=[TypedInsetsSize: {windowType=INPUT_METHOD, insetsSize=null}]}
03-13 14:46:20.615  3003  4748 I WindowManager:         InsetsFrameProvider: {id=#d38f0006, index=0, type=tappableElement, source=FRAME, flags=[]}
03-13 14:46:20.615  3003  4748 I WindowManager:         InsetsFrameProvider: {id=#d38f0005, index=0, type=mandatorySystemGestures, source=FRAME, flags=[]}
03-13 14:46:20.615  3003  4748 I WindowManager:         InsetsFrameProvider: {id=#d38f0004, index=0, type=systemGestures, source=DISPLAY, flags=[], insetsSize=Insets{left=0, top=0, right=0, bottom=0}, mMinimalInsetsSizeInDisplayCutoutSafe=Insets{left=0, top=0, right=0, bottom=0}}
03-13 14:46:20.615  3003  4748 I WindowManager:         InsetsFrameProvider: {id=#d38f0024, index=1, type=systemGestures, source=DISPLAY, flags=[], insetsSize=Insets{left=0, top=0, right=0, bottom=0}, mMinimalInsetsSizeInDisplayCutoutSafe=Insets{left=0, top=0, right=0, bottom=0}}
03-13 14:46:20.615  3003  4748 I WindowManager:       frameRateBoostOnTouch=true
03-13 14:46:20.615  3003  4748 I WindowManager:       dvrrWindowFrameRateHint=true naviIconColor=0} naviIconColor=0}
03-13 14:46:20.616  4205  4205 I InsetsController: onStateChanged: host=NavigationBar1, from=android.view.ViewRootImpl.onInsetsStateChanged:3026, state=InsetsState: {mDisplayFrame=Rect(0, 0 - 748, 720), mDisplayCutout=DisplayCutout{insets=Rect(0, 0 - 0, 66) waterfall=Insets{left=0, top=0, right=0, bottom=0} boundingRect={Bounds=[Rect(0, 0 - 0, 0), Rect(0, 0 - 0, 0), Rect(0, 0 - 0, 0), Rect(379, 654 - 748, 720)]} cutoutPathParserInfo={CutoutPathParserInfo{displayWidth=748 displayHeight=720 physicalDisplayWidth=748 physicalDisplayHeight=720 density={2.125} cutoutSpec={@bottom @right M 0,0 H -173.6470588235294 V -31.05882352941176 H 0 V 0 Z @dp} rotation={0} scale={1.0} physicalPixelDisplaySizeRatio={1.0}}} sideOverrides={}}, mRoundedCorners=RoundedCorners{[RoundedCorner{position=TopLeft, radius=49, center=Point(49, 49)}, RoundedCorner{position=TopRight, radius=49, center=Point(699, 49)}, RoundedCorner{position=BottomRight, radius=49, center=Point(699, 671)}, RoundedCorner{position=BottomLeft, radius=49, center=Point(49, 671)}]}  mRoundedCornerFrame=Rect(0, 0 - 0, 0), mPrivacyIndicatorBounds=PrivacyIndicatorBounds {static bounds=null rotation=0}, mDisplayShape=DisplayShape{ spec=1406003047 displayWidth=748 displayHeight=720 physicalPixelDisplaySizeRatio=1.0 rotation=0 offsetX=0 offsetY=0 scale=1.0}, mSources= { InsetsSource: {d38f0004 mType=systemGestures mFrame=[0,0][0,0] mVisible=true mFlags= mSideHint=NONE mBoundingRects=null}, InsetsSource: {d38f0005 mType=mandatorySystemGestures mFrame=[0,618][748,720] mVisible=true mFlags= mSideHint=BOTTOM mBoundingRects=null}, InsetsSource: {d38f0024 mType=systemGestures mFrame=[0,0][0,0] mVisible=true mFlags= mSideHint=NONE mBoundingRects=null}, InsetsSource: {67 mType=displayCutout mFrame=[0,654][748,720] mVisible=true mFlags= mSideHint=BOTTOM mBoundingRects=null} }
03-13 14:46:20.616  4205  4205 I BufferQueueProducer: [](id:106d00000c90,api:0,p:1872414992,c:4205) setDequeueTimeout:2077252342
03-13 14:46:20.616  4205  4205 I BLASTBufferQueue_Java: new BLASTBufferQueue, mName= VRI[NavigationBar1]@f337ba1 mNativeObject= 0xb400006fbff2a3c0 caller= android.view.ViewRootImpl.updateBlastSurfaceIfNeeded:3585 android.view.ViewRootImpl.relayoutWindow:11685 android.view.ViewRootImpl.performTraversals:4804 android.view.ViewRootImpl.doTraversal:3924 android.view.ViewRootImpl$TraversalRunnable.run:12903 android.view.Choreographer$CallbackRecord.run:1901 android.view.Choreographer$CallbackRecord.run:1910 android.view.Choreographer.doCallbacks:1367 android.view.Choreographer.doFrame:1292 android.view.Choreographer$FrameDisplayEventReceiver.run:1870 
