03-11 15:49:56.620 23848 23848 I ThermalEngine: action_info 1
03-11 15:49:56.620 23848 23848 I ThermalEngine: [OVERRIDE-CHG]
03-11 15:49:56.620 23848 23848 I ThermalEngine: algo_type monitor
03-11 15:49:56.620 23848 23848 I ThermalEngine: sampling 1000
03-11 15:49:56.620 23848 23848 I ThermalEngine: sensor DETECT-STANDBY
03-11 15:49:56.620 23848 23848 I ThermalEngine: thresholds 1
03-11 15:49:56.620 23848 23848 I ThermalEngine: thresholds_clr 0
03-11 15:49:56.620 23848 23848 I ThermalEngine: actions internal_override
03-11 15:49:56.620 23848 23848 I ThermalEngine: action_info 1
03-11 15:49:56.620 23848 23848 I ThermalEngine: [REPORT-BACK]
03-11 15:49:56.620 23848 23848 I ThermalEngine: algo_type monitor
03-11 15:49:56.620 23848 23848 I ThermalEngine: sampling 300000
03-11 15:49:56.620 23848 23848 I ThermalEngine: sensor BACK_TEMP
03-11 15:49:56.620 23848 23848 I ThermalEngine: thresholds 42000
03-11 15:49:56.620 23848 23848 I ThermalEngine: thresholds_clr 40000
03-11 15:49:56.620 23848 23848 I ThermalEngine: actions report
03-11 15:49:56.620 23848 23848 I ThermalEngine: action_info 1
03-11 15:49:56.620 23848 23848 I ThermalEngine: [REPORT-FRONT]
03-11 15:49:56.620 23848 23848 I ThermalEngine: algo_type monitor
03-11 15:49:56.620 23848 23848 I ThermalEngine: sampling 300000
03-11 15:49:56.620 23848 23848 I ThermalEngine: sensor FRONT_TEMP
03-11 15:49:56.620 23848 23848 I ThermalEngine: thresholds 42000
03-11 15:49:56.620 23848 23848 I ThermalEngine: thresholds_clr 40000
03-11 15:49:56.620 23848 23848 I ThermalEngine: actions report
03-11 15:49:56.620 23848 23848 I ThermalEngine: action_info 1
03-11 15:49:56.620 23848 23848 I ThermalEngine: [MM-TJ-MONITOR-SHUTDOWN]
03-11 15:49:56.620 23848 23848 I ThermalEngine: #algo_type monitor
03-11 15:49:56.620 23848 23848 I ThermalEngine: sampling 10
03-11 15:49:56.620 23848 23848 I ThermalEngine: sensor VIRTUAL-MM-TJ-SHUTDOWN
03-11 15:49:56.620 23848 23848 I ThermalEngine: thresholds 115000
03-11 15:49:56.620 23848 23848 I ThermalEngine: thresholds_clr 114999
03-11 15:49:56.620 23848 23848 I ThermalEngine: actions shutdown
03-11 15:49:56.620 23848 23848 I ThermalEngine: action_info 0
03-11 15:49:56.620 23848 23848 I ThermalEngine: [MDM-TJ-MONITOR-SHUTDOWN]
03-11 15:49:56.620 23848 23848 I ThermalEngine: #algo_type monitor
03-11 15:49:56.620 23848 23848 I ThermalEngine: sampling 10
03-11 15:49:56.620 23848 23848 I ThermalEngine: sensor VIRTUAL-MDM-TJ-SHUTDOWN
03-11 15:49:56.620 23848 23848 I ThermalEngine: thresholds 115000
03-11 15:49:56.620 23848 23848 I ThermalEngine: thresholds_clr 114999
03-11 15:49:56.620 23848 23848 I ThermalEngine: actions shutdown
03-11 15:49:56.620 23848 23848 I ThermalEngine: action_info 0
03-11 15:49:56.620 23848 23848 I ThermalEngine: [NSP-TJ-MONITOR-SHUTDOWN]
03-11 15:49:56.620 23848 23848 I ThermalEngine: #algo_type monitor
03-11 15:49:56.620 23848 23848 I ThermalEngine: sampling 10
03-11 15:49:56.620 23848 23848 I ThermalEngine: sensor VIRTUAL-NSP-TJ-SHUTDOWN
03-11 15:49:56.620 23848 23848 I ThermalEngine: thresholds 115000
03-11 15:49:56.620 23848 23848 I ThermalEngine: thresholds_clr 114999
03-11 15:49:56.620 23848 23848 I ThermalEngine: actions shutdown
03-11 15:49:56.620 23848 23848 I ThermalEngine: action_info 0
03-11 15:49:56.620 23848 23848 I ThermalEngine: [CPU-TJ-MONITOR-SHUTDOWN]
03-11 15:49:56.620 23848 23848 I ThermalEngine: #algo_type monitor
03-11 15:49:56.620 23848 23848 I ThermalEngine: sampling 10
03-11 15:49:56.620 23848 23848 I ThermalEngine: sensor VIRTUAL-CPU-TJ-SHUTDOWN
03-11 15:49:56.620 23848 23848 I ThermalEngine: thresholds 115000
03-11 15:49:56.620 23848 23848 I ThermalEngine: thresholds_clr 114999
03-11 15:49:56.620 23848 23848 I ThermalEngine: actions shutdown
03-11 15:49:56.620 23848 23848 I ThermalEngine: action_info 0
03-11 15:49:56.620 23848 23848 I ThermalEngine: [CPU-GOLD-TJ-MONITOR-SHUTDOWN]
03-11 15:49:56.620 23848 23848 I ThermalEngine: #algo_type monitor
03-11 15:49:56.620 23848 23848 I ThermalEngine: sampling 10
03-11 15:49:56.620 23848 23848 I ThermalEngine: sensor VIRTUAL-CPU-GOLD-TJ-SHUTDOWN
03-11 15:49:56.620 23848 23848 I ThermalEngine: thresholds 115000
03-11 15:49:56.620 23848 23848 I ThermalEngine: thresholds_clr 114999
03-11 15:49:56.620 23848 23848 I ThermalEngine: actions shutdown
03-11 15:49:56.620 23848 23848 I ThermalEngine: action_info 0
03-11 15:49:56.620 23848 23848 I ThermalEngine: [PMIC-ALARM-MONITOR-SHUTDOWN]
03-11 15:49:56.620 23848 23848 I ThermalEngine: #algo_type monitor
03-11 15:49:56.620 23848 23848 I ThermalEngine: sampling 10
03-11 15:49:56.620 23848 23848 I ThermalEngine: sensor VIRTUAL-PMIC-ALARM-SHUTDOWN
03-11 15:49:56.620 23848 23848 I ThermalEngine: thresholds 115000
03-11 15:49:56.620 23848 23848 I ThermalEngine: thresholds_clr 114999
03-11 15:49:56.620 23848 23848 I ThermalEngine: actions shutdown
03-11 15:49:56.620 23848 23848 I ThermalEngine: action_info 0
03-11 15:49:56.620 23848 23848 I ThermalEngine: [FAIL-SAFE-MONITOR]
03-11 15:49:56.620 23848 23848 I ThermalEngine: #algo_type monitor
03-11 15:49:56.620 23848 23848 I ThermalEngine: sampling 1
03-11 15:49:56.620 23848 23848 I ThermalEngine: sensor VIRTUAL-FAIL-SAFE-TJ
03-11 15:49:56.620 23848 23848 I ThermalEngine: thresholds 100000
03-11 15:49:56.620 23848 23848 I ThermalEngine: thresholds_clr 2
03-11 15:49:56.620 23848 23848 I ThermalEngine: actions camera+camcorder
03-11 15:49:56.620 23848 23848 I ThermalEngine: action_info 10+10
03-11 15:49:56.620 23848 23848 I ThermalEngine: [NSPSS-2-CAMERA-EXIT-MONITOR]
03-11 15:49:56.620 23848 23848 I ThermalEngine: #algo_type monitor
03-11 15:49:56.620 23848 23848 I ThermalEngine: sampling 10
03-11 15:49:56.620 23848 23848 I ThermalEngine: sensor nspss-2
03-11 15:49:56.620 23848 23848 I ThermalEngine: thresholds 100000
03-11 15:49:56.620 23848 23848 I ThermalEngine: thresholds_clr 95000
03-11 15:49:56.620 23848 23848 I ThermalEngine: actions camera
03-11 15:49:56.620 23848 23848 I ThermalEngine: action_info 10
03-11 15:49:56.620 23848 23848 I ThermalEngine: [NSPSS-1-CAMERA-EXIT-MONITOR]
03-11 15:49:56.620 23848 23848 I ThermalEngine: #algo_type monitor
03-11 15:49:56.620 23848 23848 I ThermalEngine: sampling 10
03-11 15:49:56.620 23848 23848 I ThermalEngine: sensor nspss-1
03-11 15:49:56.620 23848 23848 I ThermalEngine: thresholds 100000
03-11 15:49:56.620 23848 23848 I ThermalEngine: thresholds_clr 95000
03-11 15:49:56.620 23848 23848 I ThermalEngine: actions camera
03-11 15:49:56.620 23848 23848 I ThermalEngine: action_info 10
03-11 15:49:56.620 23848 23848 I ThermalEngine: [NSPSS-0-CAMERA-EXIT-MONITOR]
03-11 15:49:56.620 23848 23848 I ThermalEngine: #algo_type monitor
03-11 15:49:56.620 23848 23848 I ThermalEngine: sampling 10
03-11 15:49:56.620 23848 23848 I ThermalEngine: sensor nspss-0
03-11 15:49:56.620 23848 23848 I ThermalEngine: thresholds 100000
03-11 15:49:56.620 23848 23848 I ThermalEngine: thresholds_clr 95000
03-11 15:49:56.620 23848 23848 I ThermalEngine: actions camera
03-11 15:49:56.620 23848 23848 I ThermalEngine: action_info 10
03-11 15:49:56.620 23848 23848 I ThermalEngine: [SS-GPU]
03-11 15:49:56.620 23848 23848 I ThermalEngine: algo_type ss
03-11 15:49:56.620 23848 23848 I ThermalEngine: sampling 2000
03-11 15:49:56.620 23848 23848 I ThermalEngine: sensor FUSE_TEMP
03-11 15:49:56.620 23848 23848 I ThermalEngine: device gpu
03-11 15:49:56.620 23848 23848 I ThermalEngine: set_point 49000
03-11 15:49:56.620 23848 23848 I ThermalEngine: set_point_clr 48000
03-11 15:49:56.620 23848 23848 I ThermalEngine: time_constant 0
03-11 15:49:56.620 23848 23848 I ThermalEngine: [SS-CPU7]
03-11 15:49:56.620 23848 23848 I ThermalEngine: algo_type ss
03-11 15:49:56.620 23848 23848 I ThermalEngine: sampling 2000
03-11 15:49:56.620 23848 23848 I ThermalEngine: sensor FUSE_TEMP
03-11 15:49:56.620 23848 23848 I ThermalEngine: device cpu-cluster2
03-11 15:49:56.620 23848 23848 I ThermalEngine: set_point 38000
03-11 15:49:56.620 23848 23848 I ThermalEngine: set_point_clr 37000
03-11 15:49:56.620 23848 23848 I ThermalEngine: time_constant 0
03-11 15:49:56.620 23848 23848 I ThermalEngine: device_max_limit 2169600
03-11 15:49:56.620 23848 23848 I ThermalEngine: [SS-CPU4]
03-11 15:49:56.620 23848 23848 I ThermalEngine: algo_type ss
03-11 15:49:56.620 23848 23848 I ThermalEngine: sampling 2000
03-11 15:49:56.620 23848 23848 I ThermalEngine: sensor FUSE_TEMP
03-11 15:49:56.620 23848 23848 I ThermalEngine: device cpu-cluster1
03-11 15:49:56.620 23848 23848 I ThermalEngine: set_point 38000
03-11 15:49:56.620 23848 23848 I ThermalEngine: set_point_clr 37000
03-11 15:49:56.620 23848 23848 I ThermalEngine: time_constant 0
03-11 15:49:56.620 23848 23848 I ThermalEngine: device_max_limit 2054400
03-11 15:49:56.620 23848 24013 E ThermalEngine: limits_write_data_to_partition: Error opening lmh_cdsp sysfs
03-11 15:49:56.620 23848 24013 I ThermalEngine: limits_write_data_to_partition: thread exit
03-11 15:49:56.633  2195  2392 I SDM     : DisplayBase::SetDisplayState: active 0-0 state 0-0 pending_power_state_ 0
03-11 15:49:56.633  2300  2300 W ComposerExtn: DisplayExtnImpl::SetEarlyWakeUpConfig: HWC Display 2 is not registered!
03-11 15:49:56.633  2300  2300 D SurfaceFlinger: Finished setting power mode 0 on display 4630947043778501763
03-11 15:49:56.634  3163  5308 D SurfaceControl: Excessive delay in setPowerMode()
03-11 15:49:56.634  3163  5308 D PowerManagerService: nativeSetPowerMode ret:false mode:9 enabled:true duration ms: 0
03-11 15:49:56.634  2214  2254 W ANDR-PERF-LM: FeatureState: readState() 151: warning: appName is NULL, returning default State
03-11 15:49:56.635  2214  2254 W ANDR-PERF-LM: FeatureState: readState() 151: warning: appName is NULL, returning default State
03-11 15:49:56.635  2214  2254 W ANDR-PERF-LM: FeatureState: readState() 151: warning: appName is NULL, returning default State
03-11 15:49:56.636  3163  3229 V WindowManager: Content Recording: Display 1 state was (1), is now (1), so update recording?
03-11 15:49:56.637  3163  3229 D CLI/Transition: displaygroup 1, state OFF, pendingdisplaygroup -1
03-11 15:49:56.641  3163  3352 I WindowManager: Display 0 turning on...
03-11 15:49:56.644  2300  2300 E Scheduler: trackPendingFrame: Invalid present fence
03-11 15:49:56.645  3163  3352 I DisplayBrightnessStrategySelector: Changing the DisplayBrightnessStrategy from ScreenOffBrightnessStrategy to InvalidBrightnessStrategy for display 0
03-11 15:49:56.646  2064  2064 I sensors-hal: batch:206, android.sensor.light/51, period=250000000, max_latency=0
03-11 15:49:56.647  2064  2064 I sensors-hal: set_config:61, no need to adjust sample_period_ns due to reporting_mode = 2
03-11 15:49:56.647  2064  2064 I sensors-hal: batch:215, android.sensor.light/51, period=250000000, max_latency=0 request completed
03-11 15:49:56.647  3163  8301 D WindowManager: mKeyguardDelegate.ShowListener.onDrawn.
03-11 15:49:56.647  3163  3229 W WindowManager: Setting mKeyguardDrawComplete
03-11 15:49:56.648  2064  2064 I sensors-hal: activate:173, android.sensor.light/51 en=1
03-11 15:49:56.648  2064  2064 I sensors-hal: get_qmi_debug_flag:239, support_qmi_debug : false
03-11 15:49:56.650  2061  2108 E minksocket: MinkIPC_QRTR_Service: client with node 1 port 6eb3 went down
03-11 15:49:56.650  2061  2108 E minksocket: MinkIPC_QRTR_Service: client with node 1 port 6eb4 went down
03-11 15:49:56.651  7545  7545 I FileStationLog: [ FS_h$a ] - [Display] Changed display: 1
03-11 15:49:56.651  2061  2108 E minksocket: MinkIPC_QRTR_Service: client with node 1 port 6eb5 went down
03-11 15:49:56.651  2064  2064 E Diag_Lib: diag: Diag_LSM_Init: invoked for pid: 2064 with init_count: 0
03-11 15:49:56.651  2064  2064 E Diag_Lib: diag:failed to connect to diag socket
03-11 15:49:56.651  2064  2064 E Diag_Lib:  Diag_LSM_Init: Failed to open handle to diag driver, error = 13
03-11 15:49:56.651  2061  2108 E minksocket: MinkIPC_QRTR_Service: client with node 1 port 6eb6 went down
03-11 15:49:56.651  2064  2064 I sensors-hal: send_sensor_config_request:463, dt=ambient_light: convert sample_period=250000000 to batch_period=250000
03-11 15:49:56.652  2064  2064 I sensors-hal: send_sync_sensor_request:341, send sync request
03-11 15:49:56.652  2064  2064 I sensors-hal: send_sync_sensor_request:367, wait for notification of response
03-11 15:49:56.653  2064 24019 I sensors-hal: ssc_conn_resp_cb:632, resp_value = 0
03-11 15:49:56.654  2064  2064 I sensors-hal: send_sync_sensor_request:373, takes 1 ms to receive the response with 0
03-11 15:49:56.654  2064  2064 I sensors-hal: activate:184, android.sensor.light/51 en=1 completed
03-11 15:49:56.654  7545  7545 I FileStationLog: [ FS_h$a ] - [Display] Ignoring change for non-default/desktop display: 1
03-11 15:49:56.657  2064  2064 I sensors-hal: batch:206, com.motorola.sensor.alternate_light/65959, period=250000000, max_latency=0
03-11 15:49:56.657  2064  2064 I sensors-hal: set_config:61, no need to adjust sample_period_ns due to reporting_mode = 2
03-11 15:49:56.657  2064  2064 I sensors-hal: batch:215, com.motorola.sensor.alternate_light/65959, period=250000000, max_latency=0 request completed
03-11 15:49:56.657  2064  2064 I sensors-hal: activate:173, com.motorola.sensor.alternate_light/65959 en=1
03-11 15:49:56.657  2064  2064 I sensors-hal: get_qmi_debug_flag:239, support_qmi_debug : false
03-11 15:49:56.658  2061  2108 E minksocket: MinkIPC_QRTR_Service: client with node 1 port 6eb8 went down
03-11 15:49:56.658  2061  2108 E minksocket: MinkIPC_QRTR_Service: client with node 1 port 6eb9 went down
03-11 15:49:56.660  2061  2108 E minksocket: MinkIPC_QRTR_Service: client with node 1 port 6eba went down
03-11 15:49:56.661  2064  2064 E Diag_Lib: diag: Diag_LSM_Init: invoked for pid: 2064 with init_count: 0
03-11 15:49:56.661  2064  2064 E Diag_Lib: diag:failed to connect to diag socket
03-11 15:49:56.661  2064  2064 E Diag_Lib:  Diag_LSM_Init: Failed to open handle to diag driver, error = 13
03-11 15:49:56.661  2064  2064 I sensors-hal: send_sensor_config_request:463, dt=ambient_light_1: convert sample_period=250000000 to batch_period=250000
03-11 15:49:56.661  2061  2108 E minksocket: MinkIPC_QRTR_Service: client with node 1 port 6ebb went down
03-11 15:49:56.661  2064  2064 I sensors-hal: send_sync_sensor_request:341, send sync request
03-11 15:49:56.661  2064  2064 I sensors-hal: send_sync_sensor_request:367, wait for notification of response
03-11 15:49:56.662  2064 24021 I sensors-hal: ssc_conn_resp_cb:632, resp_value = 0
03-11 15:49:56.662  2064  2064 I sensors-hal: send_sync_sensor_request:373, takes 0 ms to receive the response with 0
03-11 15:49:56.662  2064  2064 I sensors-hal: activate:184, com.motorola.sensor.alternate_light/65959 en=1 completed
03-11 15:49:56.663  3163  3352 V DisplayPowerController2[0]: Brightness [0.4277702] reason changing to: 'manual', previous reason: 'screen_off'.
03-11 15:49:56.664  3163  3352 I DisplayPowerController2[0]: 03-11 15:49:56.663 - BrightnessEvent: disp=0, physDisp=local:4630947043778501762, displayState=ON, displayPolicy=BRIGHT, brt=0.4277702, initBrt=0.0, rcmdBrt=NaN, preBrt=NaN, lux=NaN, preLux=NaN, brtNits=119.0979, hdrNits=NaN, initNits=3.1465538, preNits=NaN, rcmdNits=NaN, hdrBrightness=NaN, brt(%)=50%, brtInt=110, hbmPolicy=normal, hbmMax=0.85440856, hbmMode=off, rbcStrength=50, thrmMax=1.0, powerFactor=1.0, wasShortTermModelActive=false, flags=invalid_lux , reason=manual, autoBrightness=true, strategy=InvalidBrightnessStrategy, autoBrightnessMode=default
03-11 15:49:56.664  3163  5305 D PowerManagerService: nativeSetPowerMode ret:false mode:9 enabled:false duration ms: 0
03-11 15:49:56.664  3163  5305 D TouchHwAidlService: setDisplayState: mScreenOff=false
03-11 15:49:56.664  3163  5305 D LocalDisplayAdapter: setDisplayPowerMode mode=2 for display=android.os.BinderProxy@d90d011
03-11 15:49:56.664  2723 10837 E VendorTagDescriptor: lookupTag: Tag name 'support_get_property_2_0' does not exist.
03-11 15:49:56.664  2300  2300 D SurfaceFlinger: Setting power mode 2 on display 4630947043778501762
03-11 15:49:56.664  3163  3231 I DisplayDeviceRepository: Display device changed state: "Built-in Screen", ON
03-11 15:49:56.665  2300  2300 I Scheduler: Display 4630947043778501762 is the pacesetter
03-11 15:49:56.665  2300  2300 I Scheduler: promotePacesetterDisplayLocked, mAcceptScrollEvent=1
03-11 15:49:56.665  2300  2300 I Scheduler: promotePacesetterDisplayLocked, mAcceptTouchNotBoostEvent=0
03-11 15:49:56.665  2300  2300 D SurfaceFlinger: Setting desired display mode specs: {0, false, PR={p[24.00-120.00]Hz, r[24.00-120.00]Hz}, AR={p[0.00-120.00]Hz, r[0.00-120.00]Hz}} for display 4630947043778501762
03-11 15:49:56.665  2300  2300 I SurfaceFlinger: Switching to Scheduler preferred mode 4 (90.00 Hz) for display 4630947043778501762
03-11 15:49:56.665  2300  2300 D DisplayModeController: setDesiredMode 4630947043778501762 {mode={fps=90.00 Hz, modePtr={id=4, vsyncRate=90.00 Hz, peakRefreshRate=90.00 Hz}}, emitEvent=true, force=false}
03-11 15:49:56.666  3163  3231 I InputManager-JNI: Viewport [0] to add: local:4630947043778501762, isActive: true
03-11 15:49:56.666  3163  3231 I InputManager-JNI: Viewport [1] to add: local:4630947043778501763, isActive: false
03-11 15:49:56.666  2195  2392 I SDM     : DisplayBase::SetDisplayState: Set state = 1, display 57-0, teardown = 0
03-11 15:49:56.666  3163  3352 D BrightnessThermalClamper: Thermal status observer already started
03-11 15:49:56.666  3163  3352 D BrightnessThermalClamper: Thermal status observer already started
03-11 15:49:56.666  2195  2392 I SDM     : HWDeviceDRM::NullCommit: Null commit succeeded crtc=141
03-11 15:49:56.667  3163  3227 D TouchHwAidlService: updateDefaultDisplayState: mScreenOn=true
03-11 15:49:56.667  3163  3229 D CLI/Transition: displaygroup 0, state ON, pendingdisplaygroup -1
03-11 15:49:56.668  3163  3229 I DisplayDevice: [0] Layerstack set to 0 for local:4630947043778501762 mDisplayToken=android.os.BinderProxy@d90d011 t=Transaction{mNativeObject=-5476376673043675440, mHashCode=0}
03-11 15:49:56.668  2067  2174 D AHAL: AudioDevice: SetParameters: 1564: enter: screen_state=on
03-11 15:49:56.668  2067  2174 D AHAL: AudioVoice: VoiceSetParameters: 87: Enter params: screen_state=on
03-11 15:49:56.668  2067  2174 D AHAL: AudioVoice: VoiceSetParameters: 360: Exit ret: 0
03-11 15:49:56.668  2067  2174 D AHAL: FM: fm_set_parameters: 262: Enter
03-11 15:49:56.668  2067  2174 D AHAL: FM: fm_set_parameters: 320: exit
03-11 15:49:56.668  2067  2174 D AHAL: AudioDevice: SetParameters: 1625:  - screen = on
03-11 15:49:56.668  2067  2174 I PAL: ResourceManager: setParameter: 8311: Screen State:1
03-11 15:49:56.668  2067  2174 D AHAL: AudioDevice: SetParameters: 2361: exit: screen_state=on
03-11 15:49:56.669  3163  3231 D PanelsService: updateDefaultDisplayState: mScreenState=ON
03-11 15:49:56.669  3163  3231 W ServiceManagerCppClient: Failed to get isDeclared for com.motorola.hardware.display.panel.IDisplayPanel/default: Status(-1, EX_SECURITY): 'SELinux denied.'
03-11 15:49:56.669  3163  3231 D DisplayPanelService: Setting panel dc mode: 0
03-11 15:49:56.670  2090  2090 I DisplayPanel: setDcMode: DC mode = OFF
03-11 15:49:56.670  2090  2090 D DisplayPanel: setParam: Success set DC to 0 for Primary display
03-11 15:49:56.672  7545  7545 I FileStationLog: [ FS_h$a ] - [Display] Changed display: 0
03-11 15:49:56.672  7545  7545 I FileStationLog: [ FS_h ] - [Logic] Retrieved display info: LogicDisplayInfo(width=1080, height=2640, orientation=1, rotation=0, displayId=0)
03-11 15:49:56.672  7545  7545 I FileStationLog: [ FS_h$a ] - [Display] New logical size: 1080x2640
03-11 15:49:56.672  7545  7545 I FileStationLog: [ FS_h$a ] - [Display] Screen width unchanged: 1080
03-11 15:49:56.672  3163  4285 I InputReader: Reconfiguring input devices, changes=DISPLAY_INFO
03-11 15:49:56.672  3163  4285 I InputReader: Device reconfigured: id=7, name='goodix_ts', size 1080x2640, orientation Rotation0, mode DIRECT, display id 0
03-11 15:49:56.672  3163  3163 I BrightnessSynchronizer: New Update: {[12517] 0.4277702(f), mUpdatedTypes=0, mConfirmedTypes=0, mTimeUpdated=0, mState=2}
03-11 15:49:56.672  3163  4285 I InputReader: Disabling zinitix_mt (device 6) because the associated viewport is not active
03-11 15:49:56.673 28905 28905 I NearbyDiscovery: (REDACTED) FastPairDisplayObserver: %s -> %s
03-11 15:49:56.674 26976 27604 D MCLOG   : [BrightnessTrigger] onDisplayChanged displayId = 0
03-11 15:49:56.675 26976 27604 D MCLOG   : [BrightnessManager] displayId = 0 brightness = 0.4277702 nit = 119.0979 level = br2
03-11 15:49:56.676 28905 29391 I NearbyDiscovery: (REDACTED) PureOffloadFastPairScanner: eventType=%s, isInternalReq=%s, isScanning=%s, isScanningAllowed=%s
03-11 15:49:56.677 28905 29391 I NearbyDiscovery: (REDACTED) ApFastPairScanner: isScreenOn=%s, isLocationEnabled=%s, disableLocationRequirement=%s, isDiscoveryScanningEnabled=%s, during24GhzWifiWarmingUpPeriod=%s
03-11 15:49:56.677 28905 29391 D BluetoothAdapter: isLeEnabled(): ON
03-11 15:49:56.677 28905 29391 I NearbyDiscovery: (REDACTED) ApFastPairScanner: eventType=%s, intReq=%s, scanning=%s, scanAllowed=%s, bleEnabled=%s, lockScanRate=%s, startScanningByLowPowerMode=%s
03-11 15:49:56.678  2064  2064 I sensors-hal: batch:206, android.sensor.light/51, period=200000000, max_latency=0
03-11 15:49:56.678  2064  2064 I sensors-hal: set_config:61, no need to adjust sample_period_ns due to reporting_mode = 2
03-11 15:49:56.678  2064  2064 I sensors-hal: send_sensor_config_request:463, dt=ambient_light: convert sample_period=200000000 to batch_period=200000
03-11 15:49:56.678  2064  2064 I sensors-hal: send_sync_sensor_request:341, send sync request
03-11 15:49:56.678  2064  2064 I sensors-hal: send_sync_sensor_request:367, wait for notification of response
03-11 15:49:56.680  2064 24019 I sensors-hal: ssc_conn_resp_cb:632, resp_value = 0
03-11 15:49:56.680  2064  2064 I sensors-hal: send_sync_sensor_request:373, takes 1 ms to receive the response with 0
03-11 15:49:56.680  2064  2064 I sensors-hal: batch:215, android.sensor.light/51, period=200000000, max_latency=0 request completed
03-11 15:49:56.681  5658  6105 I bt_shim_scanner: system/main/shim/le_scanning_manager.cc:185 Scan: in shim layer stopped
03-11 15:49:56.681  5658  5907 I bluetooth: system/gd/hci/le_address_manager.cc:244 unregister_client: Client unregistered
03-11 15:49:56.681  5658  5907 I bluetooth: system/gd/hci/le_address_manager.cc:248 unregister_client: Cancelled address rotation alarm
03-11 15:49:56.682  2064 24021 I sensors-hal: handle_indication_realtime:467,  SCHED_FIFO(10) for qmi_cbk
03-11 15:49:56.682  2064 24019 I sensors-hal: handle_indication_realtime:467,  SCHED_FIFO(10) for qmi_cbk
03-11 15:49:56.682  3163  3231 W AccessibilityWindowsPopulator: The displayInfo of this displayId (0) called back from the surface fligner is null
03-11 15:49:56.682  2064  4171 I slpi-MOT_HINGE: Hingeposture  90.0 tent:0 gpio:-1 flip:1 flat:1 b:3.9 4.5 7.8 93.2 15.2 22.0 f:3.9 7.6 -4.7 -494.8 23.0 -19.8
03-11 15:49:56.682  5658  6105 W BtGatt.JNI: android/app/jni/com_android_bluetooth_gatt.cpp:1597 gattSetScanParametersNative: gattSetScanParametersNative
03-11 15:49:56.682  5658  6105 I bt_shim_scanner: system/main/shim/le_scanning_manager.cc:363 SetScanParameters: in shim layer, scannerId=1
03-11 15:49:56.682  5658  6105 I bt_shim_scanner: system/main/shim/le_scanning_manager.cc:185 Scan: in shim layer started
03-11 15:49:56.682  5658  5907 I bluetooth: system/gd/hci/le_scanning_manager.cc:690 stop_scan: Scanning already stopped, return!
03-11 15:49:56.683  5658  5907 I bluetooth: system/gd/hci/le_address_manager.cc:226 register_client: Scheduled address rotation for first client registered
03-11 15:49:56.683  5658  5907 I bluetooth: system/gd/hci/le_address_manager.cc:229 register_client: Client registered
03-11 15:49:56.684  2068  6060 I vendor.qti.bluetooth@1.0-ibs_handler: ProcessIbsCmd: Received IBS_WAKE_IND: 0xFD
03-11 15:49:56.684  2068  6060 I vendor.qti.bluetooth@1.0-ibs_handler: ProcessIbsCmd: Writing IBS_WAKE_ACK
03-11 15:49:56.684  3163  3231 I DeviceStateManagerService: Cannot notify device state info change when pending state is present.
03-11 15:49:56.685  3163  3229 D CLI/SmallCLI: onDeviceLidStateChanged: state=LAPTOP
03-11 15:49:56.686  3163  3227 D TouchHwAidlService: onStateChanged.. state=4
03-11 15:49:56.686  3163  3231 I LogicalDisplayMapper: Requesting Transition to state: 4, from state=1, interactive=true, mBootCompleted=true
03-11 15:49:56.686  3163  3231 I LogicalDisplayMapper: Applying layout: [{dispId: 0(ON), displayGroupName: , addr: {port=130, model=0x40446dccee101c}, mThermalBrightnessThrottlingMapId: null, mRefreshRateZoneId: null, mLeadDisplayId: -1, mLeadDisplayAddress: null, mThermalRefreshRateThrottlingMapId: null, mPowerThrottlingMapId: null}], Previous layout: [{dispId: 0(ON), displayGroupName: , addr: {port=130, model=0x40446dccee101c}, mThermalBrightnessThrottlingMapId: null, mRefreshRateZoneId: null, mLeadDisplayId: -1, mLeadDisplayAddress: null, mThermalRefreshRateThrottlingMapId: null, mPowerThrottlingMapId: null}]
03-11 15:49:56.687  5625  5669 D ShellSplitScreen: onFoldedStateChanged: folded=false
03-11 15:49:56.688  2067  2174 D AHAL: AudioDevice: SetParameters: 1564: enter: device_folded=off
03-11 15:49:56.688  2067  2174 D AHAL: AudioVoice: VoiceSetParameters: 87: Enter params: device_folded=off
03-11 15:49:56.688  2067  2174 D AHAL: AudioVoice: VoiceSetParameters: 360: Exit ret: 0
03-11 15:49:56.688  2067  2174 D AHAL: FM: fm_set_parameters: 262: Enter
03-11 15:49:56.688  2067  2174 D AHAL: FM: fm_set_parameters: 320: exit
03-11 15:49:56.688  2067  2174 D AHAL: AudioDevice: SetParameters: 2361: exit: device_folded=off
03-11 15:49:56.694  5625  5625 I KgdSliceProvider: The weather info has not change, does not need to be updated. mTempF=-999 iconNumber=-999 celsius=true
03-11 15:49:56.694  3163  4279 I CLI/Transition_Device: lid state changed: OPEN -> OPEN, device state changed to LAPTOP
03-11 15:49:56.694  3163  4279 D CLI/Rotation: Set volume keyswap sysprop for rotation 2 lidState OPEN
03-11 15:49:56.696  3163  4279 I WindowManager: updateRotationUnchecked CLI real rotation changed:3, rotation:3
03-11 15:49:56.703  3163  3229 W WindowManager: All windows drawn on display -1
03-11 15:49:56.703  5625  5625 I vol.VolumeDialogImpl: mDialog.dismiss() reason: posture_changed from: com.android.systemui.volume.VolumeDialogImpl$H.handleMessage:111 displayId: 0 mShowing: false mIsAnimatingDismiss: false
03-11 15:49:56.705  3163  3231 I InputManager-JNI: Viewport [0] to add: local:4630947043778501762, isActive: true
03-11 15:49:56.705  3163  3231 I InputManager-JNI: Viewport [1] to add: local:4630947043778501763, isActive: false
03-11 15:49:56.705  3163  3229 D WindowManager: finishScreenTurningOn..
03-11 15:49:56.705  3163  3229 D WindowManager: enableScreen mKeyguardDrawnOnce=true awake=true mBootMessageNeedsHiding=false
03-11 15:49:56.706  3163  4285 I InputReader: Reconfiguring input devices, changes=DISPLAY_INFO
03-11 15:49:56.706  3163  4285 I InputReader: Disabling zinitix_mt (device 6) because the associated viewport is not active
03-11 15:49:56.706  3163  4285 I InputReader: Device reconfigured: id=6, name='zinitix_mt', size 194x368, orientation Rotation0, mode DISABLED, display id 1
03-11 15:49:56.708  3163  3231 I WindowManager: Override config changes=20000000 {1.0 ?mcc0mnc [en_US] ldltr sw111dp w210dp h111dp 280dpi smll land night mot-cli finger -keyb/v/h -nav/h winConfig={ mBounds=Rect(0, 0 - 368, 194) mAppBounds=Rect(0, 0 - 368, 194) mMaxBounds=Rect(0, 0 - 368, 194) mDisplayRotation=ROTATION_270 mWindowingMode=fullscreen mActivityType=undefined mAlwaysOnTop=undefined mRotation=ROTATION_270} ?fontWeightAdjustment ?spn ?gid} for displayId=1
03-11 15:49:56.710  3163  3229 V WindowManager: Content Recording: Display 1 state was (1), is now (1), so update recording?
03-11 15:49:56.710  3163  3229 D CLI/Transition: displaygroup 1, state OFF, pendingdisplaygroup -1
03-11 15:49:56.713  5625  5669 I DisplayController: CLI display config changed. dpi:280, fontScale:1.0
03-11 15:49:56.713  5625  5669 V ShellDragAndDrop: Display changed: 1
03-11 15:49:56.717  7545  7545 I FileStationLog: [ FS_h$a ] - [Display] Changed display: 1
03-11 15:49:56.719  7545  7545 I FileStationLog: [ FS_h$a ] - [Display] Ignoring change for non-default/desktop display: 1
03-11 15:49:56.728  2068  6060 I vendor.qti.bluetooth@1.0-ibs_handler: ProcessIbsCmd: Received IBS_SLEEP_IND: 0xFE
03-11 15:49:56.730 23848 24011 E ThermalEngine: First running, skip
03-11 15:49:56.731 23848 24011 I ThermalEngine: Monitor:ACTIVE:OVERRIDE-CHG:internal_override=1:DETECT-STANDBY=1
03-11 15:49:56.732 23848 24011 I ThermalEngine: ACTION: override_c - Setting override_c to 1
03-11 15:49:56.732 23848 24010 I ThermalEngine: Thermal-Server: Thermal received msg from  override_c
03-11 15:49:56.733 23848 24025 I Thermal-Lib: Thermal-Lib-Client: Client request sent
03-11 15:49:56.769  2064  4171 D slpi    : tmd2712: Als lux: 77.70, ch0: 1317, ch1: 76, scale: 1.08, atime:50.04, again:1024
03-11 15:49:56.820  2064  4171 D slpi    : tmd2712: Als lux: 31.50, ch0: 529, ch1: 42, scale: 1.08, atime:50.04, again:1024
03-11 15:49:56.843  2064  4171 D slpi-TCS3720: ALS_REPORT lux 144.894226, ch0 83.844475-53.934418-26.854858-12.511104, scale 1.1878, fps 90, client 1
03-11 15:49:56.843  2064  4171 D slpi-TCS3720: PRX_OC info Far, Total 0, pdata 0, offset 0 step 0.63, ore 0:0 step 21.00, TH_H 1020, TH_L 0, client 0
03-11 15:49:56.872  2064  4171 D slpi    : tmd2712: Als lux: 13.50, ch0: 225, ch1: 20, scale: 1.08, atime:50.04, again:1024
03-11 15:49:56.872  2064  4171 I slpi-MOT_HINGE: Hingeposture 180.0 tent:0 gpio:-1 flip:1 flat:1 b:3.3 5.2 7.6 -203.3 143.0 -39.8 f:3.3 5.7 7.0 -199.5 163.7 -48.2
03-11 15:49:56.876  3163  3231 I DeviceStateManagerService: Cannot notify device state info change when pending state is present.
03-11 15:49:56.877  3163  3227 D TouchHwAidlService: onStateChanged.. state=5
03-11 15:49:56.878  3163  3229 D CLI/SmallCLI: onDeviceLidStateChanged: state=OPEN
03-11 15:49:56.880  3163  3231 I LogicalDisplayMapper: Requesting Transition to state: 5, from state=4, interactive=true, mBootCompleted=true
03-11 15:49:56.881  3163  3231 I LogicalDisplayMapper: Applying layout: [{dispId: 0(ON), displayGroupName: , addr: {port=130, model=0x40446dccee101c}, mThermalBrightnessThrottlingMapId: null, mRefreshRateZoneId: null, mLeadDisplayId: -1, mLeadDisplayAddress: null, mThermalRefreshRateThrottlingMapId: null, mPowerThrottlingMapId: null}], Previous layout: [{dispId: 0(ON), displayGroupName: , addr: {port=130, model=0x40446dccee101c}, mThermalBrightnessThrottlingMapId: null, mRefreshRateZoneId: null, mLeadDisplayId: -1, mLeadDisplayAddress: null, mThermalRefreshRateThrottlingMapId: null, mPowerThrottlingMapId: null}]
03-11 15:49:56.883  2163  2163 D SENSOREXT_ALS_COMP: FrontLight: no calculate, ReportLux 144.89, dbv 0
03-11 15:49:56.888  2195  2392 I SDM     : PipeAllocSdma2::CalculatePipeNumToDedicate: num_vig: 0, num_dma: 1
03-11 15:49:56.889  2195  2392 I SDM     : DisplayBase::SetDisplayState: active 1-1 state 1-1 pending_power_state_ 0
03-11 15:49:56.890  2300  2300 D SurfaceFlinger: Finished setting power mode 2 on display 4630947043778501762
03-11 15:49:56.890  2300  2300 D RefreshRateSelector: found  TouchBoostRefreshRate: {fps=90.00 Hz, modePtr={id=4, vsyncRate=90.00 Hz, peakRefreshRate=90.00 Hz}}
03-11 15:49:56.890  2300  2300 D RefreshRateSelector: found  ScrollBoostRefreshRate: {fps=120.00 Hz, modePtr={id=0, vsyncRate=120.00 Hz, peakRefreshRate=120.00 Hz}}
03-11 15:49:56.890  2300  2300 D RefreshRateSelector: [90:120:0]: mTouchBoostRefreshRateAvailable=1, mScrollBoostRefreshRateAvailable=1, mTouchOnBlankNotBoostRefreshRateAvailable=0
03-11 15:49:56.891  3163  5305 D SurfaceControl: Excessive delay in setPowerMode()
03-11 15:49:56.892  3163  5305 W ServiceManagerCppClient: Failed to get isDeclared for com.motorola.hardware.display.panel.IDisplayPanel/default: Status(-1, EX_SECURITY): 'SELinux denied.'
03-11 15:49:56.892  3163  5305 D DisplayPanelService: Setting panel dc mode: 0
03-11 15:49:56.893  2090  2090 I DisplayPanel: setDcMode: DC mode = OFF
03-11 15:49:56.895  2300  2300 I BpBinder: onLastStrongRef automatically unlinking death recipients: 
03-11 15:49:56.895  2090  2090 D DisplayPanel: setParam: Success set DC to 0 for Primary display
03-11 15:49:56.895  3163  4279 I CLI/Transition_Device: lid state changed: OPEN -> OPEN, device state changed to OPEN
03-11 15:49:56.898  3163  3352 D BrightnessThermalClamper: Thermal status observer already started
03-11 15:49:56.898  3163  3352 W BoostOptController: not supported hint: 118
03-11 15:49:56.901  2300  2300 E Scheduler: trackPendingFrame: Invalid present fence
03-11 15:49:56.904  3163  3352 V DisplayPowerController2[0]: Brightness [0.42109597] reason changing to: 'automatic', previous reason: 'manual'.
03-11 15:49:56.904 26976 27604 D MCLOG   : [BrightnessTrigger] onDisplayChanged displayId = 0
03-11 15:49:56.904  7545  7545 I FileStationLog: [ FS_h$a ] - [Display] Changed display: 0
03-11 15:49:56.904  3163  3352 I DisplayPowerController2[0]: 03-11 15:49:56.904 - BrightnessEvent: disp=0, physDisp=local:4630947043778501762, displayState=ON, displayPolicy=BRIGHT, brt=0.42109597, initBrt=0.4277702, rcmdBrt=0.42109597, preBrt=NaN, lux=144.875, preLux=NaN, brtNits=115.23042, hdrNits=NaN, initNits=119.0979, preNits=NaN, rcmdNits=115.23042, hdrBrightness=NaN, brt(%)=49%, brtInt=108, hbmPolicy=normal, hbmMax=0.85440856, hbmMode=off, rbcStrength=50, thrmMax=1.0, powerFactor=1.0, wasShortTermModelActive=false, flags=, reason=automatic, autoBrightness=true, strategy=InvalidBrightnessStrategy, autoBrightnessMode=default
03-11 15:49:56.904  7545  7545 I FileStationLog: [ FS_h ] - [Logic] Retrieved display info: LogicDisplayInfo(width=1080, height=2640, orientation=1, rotation=0, displayId=0)
03-11 15:49:56.904  7545  7545 I FileStationLog: [ FS_h$a ] - [Display] New logical size: 1080x2640
03-11 15:49:56.904  7545  7545 I FileStationLog: [ FS_h$a ] - [Display] Screen width unchanged: 1080
03-11 15:49:56.905  3163  3352 W BoostOptController: not supported hint: 118
03-11 15:49:56.905  3163  3352 D BrightnessThermalClamper: Thermal status observer already started
03-11 15:49:56.905  3163  3352 D BrightnessThermalClamper: Thermal status observer already started
03-11 15:49:56.906  2300  2446 I SurfaceFlinger: mBrightnessDiming=1, isCli=0, mBrightnessDimingCnt=0
03-11 15:49:56.906  2067  2174 D AHAL: AudioDevice: SetParameters: 1564: enter: screen_state=on
03-11 15:49:56.906  2067  2174 D AHAL: AudioVoice: VoiceSetParameters: 87: Enter params: screen_state=on
03-11 15:49:56.906  2067  2174 D AHAL: AudioVoice: VoiceSetParameters: 360: Exit ret: 0
03-11 15:49:56.906  2067  2174 D AHAL: FM: fm_set_parameters: 262: Enter
03-11 15:49:56.906  2067  2174 D AHAL: FM: fm_set_parameters: 320: exit
03-11 15:49:56.906  2067  2174 D AHAL: AudioDevice: SetParameters: 1625:  - screen = on
03-11 15:49:56.906  2067  2174 I PAL: ResourceManager: setParameter: 8311: Screen State:1
03-11 15:49:56.906  2067  2174 D AHAL: AudioDevice: SetParameters: 2361: exit: screen_state=on
03-11 15:49:56.907  2064  4171 D slpi-TCS3720: ALS_REPORT lux 166.067429, ch0 95.488342-61.678116-30.835556-14.253431, scale 1.1878, fps 90, client 1
03-11 15:49:56.907  2064  4171 D slpi-TCS3720: PRX_OC info Far, Total 0, pdata 0, offset 0 step 0.63, ore 0:0 step 21.00, TH_H 1020, TH_L 0, client 0
03-11 15:49:56.907  3163  3352 D BrightnessThermalClamper: Thermal status observer already started
03-11 15:49:56.907  3163  3352 D BrightnessThermalClamper: Thermal status observer already started
03-11 15:49:56.908  3163  3229 D CLI/Transition: displaygroup 0, state ON, pendingdisplaygroup -1
03-11 15:49:56.908 26976 27604 D MCLOG   : [BrightnessManager] displayId = 0 brightness = 0.42109597 nit = 115.23042 level = br2
03-11 15:49:56.911  3163  3163 I BrightnessSynchronizer: New Update: {[12518] 0.42109597(f), mUpdatedTypes=1, mConfirmedTypes=0, mTimeUpdated=0, mState=2}
03-11 15:49:56.911  3163  3163 I BrightnessSynchronizer: [12518] New Update 0.42109597(f) set brightness values:  108(i)
03-11 15:49:56.911  3163  3163 I BrightnessSynchronizer: New PendingUpdate: {[12519] 0.42109597(f), mUpdatedTypes=0, mConfirmedTypes=0, mTimeUpdated=0, mState=1}, prev=null
03-11 15:49:56.911  3163  3163 I BrightnessSynchronizer: Swallowing update of 108(i) by update: {[12518] 0.42109597(f), mUpdatedTypes=1, mConfirmedTypes=1, mTimeUpdated=111287976, mState=2}
03-11 15:49:56.911  3163  3163 I BrightnessSynchronizer: Completed Update: {[12518] 0.42109597(f), mUpdatedTypes=1, mConfirmedTypes=1, mTimeUpdated=111287976, mState=3}
03-11 15:49:56.911  3163  3163 I BrightnessSynchronizer: New Update: {[12519] 0.42109597(f), mUpdatedTypes=0, mConfirmedTypes=0, mTimeUpdated=0, mState=2}
03-11 15:49:56.926  3163  3163 I BrightnessSynchronizer: New Update: {[12520] 0.42109597(f), mUpdatedTypes=0, mConfirmedTypes=0, mTimeUpdated=0, mState=2}
03-11 15:49:56.926  3163  3163 I BrightnessSynchronizer: New Update: {[12521] 0.42109597(f), mUpdatedTypes=0, mConfirmedTypes=0, mTimeUpdated=0, mState=2}
03-11 15:49:56.932  5625  5625 I vol.VolumeDialogImpl: mDialog.dismiss() reason: posture_changed from: com.android.systemui.volume.VolumeDialogImpl$H.handleMessage:111 displayId: 0 mShowing: false mIsAnimatingDismiss: true
03-11 15:49:56.932  5625  5625 D vol.VolumeDialogImpl: dismissH: skipping dismiss because isAnimatingDismiss is true and showingStateInconsistent is false
03-11 15:49:56.937  3163  3352 I WindowManager: Display 0 turned on...
03-11 15:49:56.938  2300  2449 I SurfaceFlinger: mBrightnessDiming=0, isCli=0, mBrightnessDimingCnt=0
03-11 15:49:56.938  5493  5493 I WallpaperService: engine resumed
03-11 15:49:56.938  3163  3352 W PowerManagerService: Screen on took 461 ms
03-11 15:49:56.939  3163  3231 D DisplayManagerService: Ignore redundant display event 0/4 to 10559/10258
03-11 15:49:56.939  3163  3231 D DisplayManagerService: Ignore redundant display event 0/4 to 10310/10834
03-11 15:49:56.939  3163  3163 I BrightnessSynchronizer: New Update: {[12522] 0.42109597(f), mUpdatedTypes=0, mConfirmedTypes=0, mTimeUpdated=0, mState=2}
03-11 15:49:56.939  3163  3163 I WindowManager: Finished waking up... (groupId=0 why=ON_BECAUSE_OF_USER) pmWakeReason=WAKE_REASON_LID
03-11 15:49:56.939  3163  3163 I BrightnessSynchronizer: New Update: {[12523] 0.42109597(f), mUpdatedTypes=0, mConfirmedTypes=0, mTimeUpdated=0, mState=2}
03-11 15:49:56.940  2064  2064 I sensors-hal: batch:206, android.sensor.accelerometer/11, period=20000000, max_latency=0
03-11 15:49:56.940  2064  2064 I sensors-hal: set_config:57, sample_period_ns is adjusted to 20000000 based on min/max delay_ns
03-11 15:49:56.940  2064  2064 I sensors-hal: send_sensor_config_request:395, resampler is used, set resampler config
03-11 15:49:56.940  2064  2064 I sensors-hal: send_sync_sensor_request:341, send sync request
03-11 15:49:56.941  2064  2064 I sensors-hal: send_sync_sensor_request:367, wait for notification of response
03-11 15:49:56.942  2064  5194 I sensors-hal: ssc_conn_resp_cb:632, resp_value = 0
03-11 15:49:56.942  2064  2064 I sensors-hal: send_sync_sensor_request:373, takes 1 ms to receive the response with 0
03-11 15:49:56.942  2064  2064 I sensors-hal: batch:215, android.sensor.accelerometer/11, period=20000000, max_latency=0 request completed
03-11 15:49:56.942  2064  2064 I sensors-hal: flush:235, android.sensor.accelerometer/11
03-11 15:49:56.943  2064  2064 I sensors-hal: send_sync_sensor_request:341, send sync request
03-11 15:49:56.943  2064  2064 I sensors-hal: send_sync_sensor_request:367, wait for notification of response
03-11 15:49:56.943  2163  2163 D motorola.hardware.sensorext-service: handle id:13 wxh:1088x2640 uwxuh:1080x2640 size: 11489280 fd:11 fd_meta:12 flags:0x4000228 usage:0x33  format:0x1 layer_count: 1 reserved_size = 0
03-11 15:49:56.943  5625  5669 D ShellSplitScreen: onFinishedWakingUp
03-11 15:49:56.943  2195  2392 I SDM     : HWCSession::SetCWBOutputBuffer: CWB config passed by cwb_client : tappoint 1  CWB_ROI : (210.000000 26.000000 274.000000 90.000000) for display [1 0 0]
03-11 15:49:56.943  2064  5194 I sensors-hal: ssc_conn_resp_cb:632, resp_value = 0
03-11 15:49:56.943  2064  2064 I sensors-hal: send_sync_sensor_request:373, takes 0 ms to receive the response with 0
03-11 15:49:56.943  2064  2064 I sensors-hal: flush:241, android.sensor.accelerometer/11 completed
03-11 15:49:56.944  2195 24030 I SDM     : HWCDisplay::SetReadbackBuffer: CWB config from client: tap_point 1, CWB ROI Rect(210.000000 26.000000 274.000000 90.000000), PU_as_CWB_ROI 0, Cwb full rect : (0.000000 0.000000 1080.000000 2640.000000)
03-11 15:49:56.944  2195 24030 I SDM     : HWCDisplay::SetReadbackBuffer: Successfully configured the output buffer: readback_buffer_queued_ 1, readback_configured_ 0, cwb_client 3
03-11 15:49:56.944  2195 24030 I SDM     : HWCSession::ProcessRequests: Successfully configured CWB buffer.
03-11 15:49:56.945  2064  2064 I sensors-hal: batch:206, android.sensor.magnetic_field/21, period=20000000, max_latency=0
03-11 15:49:56.945  2064  2064 I sensors-hal: set_config:57, sample_period_ns is adjusted to 20000000 based on min/max delay_ns
03-11 15:49:56.945  2064  2064 I sensors-hal: batch:215, android.sensor.magnetic_field/21, period=20000000, max_latency=0 request completed
03-11 15:49:56.945  2064  2064 I sensors-hal: activate:173, android.sensor.magnetic_field/21 en=1
03-11 15:49:56.945  2064  2064 I sensors-hal: get_qmi_debug_flag:239, support_qmi_debug : false
03-11 15:49:56.946  2061  2108 E minksocket: MinkIPC_QRTR_Service: client with node 1 port 6ebd went down
03-11 15:49:56.946  2061  2108 E minksocket: MinkIPC_QRTR_Service: client with node 1 port 6ebe went down
03-11 15:49:56.947  2061  2108 E minksocket: MinkIPC_QRTR_Service: client with node 1 port 6ebf went down
03-11 15:49:56.947  2064  2064 E Diag_Lib: diag: Diag_LSM_Init: invoked for pid: 2064 with init_count: 0
03-11 15:49:56.947  2064  2064 E Diag_Lib: diag:failed to connect to diag socket
03-11 15:49:56.947  2064  2064 E Diag_Lib:  Diag_LSM_Init: Failed to open handle to diag driver, error = 13
03-11 15:49:56.948  2061  2108 E minksocket: MinkIPC_QRTR_Service: client with node 1 port 6ec0 went down
03-11 15:49:56.948  2064  2064 I sensors-hal: get_qmi_debug_flag:239, support_qmi_debug : false
03-11 15:49:56.948  2061  2108 E minksocket: MinkIPC_QRTR_Service: client with node 1 port 6ec2 went down
03-11 15:49:56.949  2061  2108 E minksocket: MinkIPC_QRTR_Service: client with node 1 port 6ec3 went down
03-11 15:49:56.950  2061  2108 E minksocket: MinkIPC_QRTR_Service: client with node 1 port 6ec4 went down
03-11 15:49:56.950  2195 24030 I SDM     : HWCSession::ProcessRequests: Pushing release fence in fenece wait queue.
03-11 15:49:56.950  2195 24030 I SDM     : HWCSession::ProcessRequests: Creating AsyncFenceWaits async thread.
03-11 15:49:56.951  2195 24030 I SDM     : HWCSession::ProcessRequests: Remove current CWB request from the pending request queue.
03-11 15:49:56.951  2195 24030 I SDM     : HWCSession::ProcessRequests: No pending cwb requests found in the queue.
03-11 15:49:56.951  2064 24032 I sensors-hal: handle_indication_realtime:467,  SCHED_FIFO(10) for qmi_cbk
03-11 15:49:56.951  2064  2064 E Diag_Lib: diag: Diag_LSM_Init: invoked for pid: 2064 with init_count: 0
03-11 15:49:56.951  2064  2064 E Diag_Lib: diag:failed to connect to diag socket
03-11 15:49:56.951  2064  2064 E Diag_Lib:  Diag_LSM_Init: Failed to open handle to diag driver, error = 13
03-11 15:49:56.951  2064  2064 I sensors-hal: send_sensor_config_request:395, resampler is used, set resampler config
03-11 15:49:56.951  2061  2108 E minksocket: MinkIPC_QRTR_Service: client with node 1 port 6ec5 went down
03-11 15:49:56.952  2064  2064 I sensors-hal: send_sync_sensor_request:341, send sync request
03-11 15:49:56.952  2064  2064 I sensors-hal: send_sync_sensor_request:367, wait for notification of response
03-11 15:49:56.952  2064 24035 I sensors-hal: ssc_conn_resp_cb:632, resp_value = 0
03-11 15:49:56.952  2064  2064 I sensors-hal: send_sync_sensor_request:373, takes 0 ms to receive the response with 0
03-11 15:49:56.952  2064  2064 I sensors-hal: activate:294, mag_filter is enabled
03-11 15:49:56.952  2064  2064 I sensors-hal: activate:184, android.sensor.magnetic_field/21 en=1 completed
03-11 15:49:56.953  5493  5493 I AndroidInput: sensor listener setup
03-11 15:49:56.953  5493  5971 I AndroidGraphics: Unable to get safe area insets
03-11 15:49:56.953  5493  5971 I AndroidGraphics: resumed
03-11 15:49:56.954  2064  2064 I sensors-hal: batch:206, android.sensor.hinge_angle/362, period=200000000, max_latency=0
03-11 15:49:56.954  2064  2064 I sensors-hal: set_config:61, no need to adjust sample_period_ns due to reporting_mode = 2
03-11 15:49:56.954  2064  2064 I sensors-hal: batch:215, android.sensor.hinge_angle/362, period=200000000, max_latency=0 request completed
03-11 15:49:56.954  2064  2064 I sensors-hal: activate:173, android.sensor.hinge_angle/362 en=1
03-11 15:49:56.954  2064  2064 I sensors-hal: get_qmi_debug_flag:239, support_qmi_debug : false
03-11 15:49:56.957  2061  2108 E minksocket: MinkIPC_QRTR_Service: client with node 1 port 6ec7 went down
03-11 15:49:56.957  2064 24035 I sensors-hal: handle_indication_realtime:467,  SCHED_FIFO(10) for qmi_cbk
03-11 15:49:56.961  2061  2108 E minksocket: MinkIPC_QRTR_Service: client with node 1 port 6ec8 went down
03-11 15:49:56.961  2195  2269 I SDM     : HWDeviceDRM::SetupConcurrentWriteback: Tear down the Concurrent Writeback topology
03-11 15:49:56.962  2061  2108 E minksocket: MinkIPC_QRTR_Service: client with node 1 port 6ec9 went down
03-11 15:49:56.962  2064  2064 E Diag_Lib: diag: Diag_LSM_Init: invoked for pid: 2064 with init_count: 0
03-11 15:49:56.963  2064  2064 E Diag_Lib: diag:failed to connect to diag socket
03-11 15:49:56.963  2064  2064 E Diag_Lib:  Diag_LSM_Init: Failed to open handle to diag driver, error = 13
03-11 15:49:56.963  2064  2064 I sensors-hal: send_sensor_config_request:463, dt=mot_hinge: convert sample_period=200000000 to batch_period=200000
03-11 15:49:56.963  2064  2064 I sensors-hal: send_sync_sensor_request:341, send sync request
03-11 15:49:56.963  2064  2064 I sensors-hal: send_sync_sensor_request:367, wait for notification of response
03-11 15:49:56.963  2061  2108 E minksocket: MinkIPC_QRTR_Service: client with node 1 port 6eca went down
03-11 15:49:56.964  2064 24038 I sensors-hal: ssc_conn_resp_cb:632, resp_value = 0
03-11 15:49:56.964  2064  2064 I sensors-hal: send_sync_sensor_request:373, takes 0 ms to receive the response with 0
03-11 15:49:56.964  2064  2064 I sensors-hal: activate:184, android.sensor.hinge_angle/362 en=1 completed
03-11 15:49:56.968  2195 24036 I SDM     : HWCSession::NotifyCWBStatus: Notify the client about buffer status 0.
03-11 15:49:56.969  2195 24036 I SDM     : HWCSession::PerformFenceWaits: Remove current release fence from the pending fence wait queue.
03-11 15:49:56.969  2195 24036 I SDM     : HWCSession::PerformFenceWaits: CWB fence queue is empty. No pending release fence to wait on.
03-11 15:49:56.969  2064  4171 D slpi    : tmd2712: Als lux: 11.50, ch0: 192, ch1: 16, scale: 1.08, atime:50.04, again:1024
03-11 15:49:56.970  2300  2300 I Scheduler: applyPolicy: UpdateRefreshRate 90 to 120 of group 3: [touch=1:0 touchBoost=0 scroll=0:0 idle=0:0] for display 4630947043778501762
03-11 15:49:56.970  2300  2300 D DisplayModeController: setDesiredMode 4630947043778501762 {mode={fps=120.00 Hz, modePtr={id=0, vsyncRate=120.00 Hz, peakRefreshRate=120.00 Hz}}, emitEvent=true, force=false}
03-11 15:49:56.970  2300  2300 I SurfaceFlinger: initiateDisplayModeChanges changing active mode from 4(90.00 Hz:5) to 0(120.00 Hz:3) for display 4630947043778501762
03-11 15:49:56.970  2300  2300 I SurfaceFlinger: initiateDisplayModeChanges active mode changed to 0(120.00 Hz) for display 4630947043778501762. mBrightnessDimingCnt=0
