03-11 16:16:58.901 17810 17810 I ThermalEngine: Found field 'thresholds'
03-11 16:16:58.901 17810 17810 I ThermalEngine: Found field 'thresholds_clr'
03-11 16:16:58.901 17810 17810 I ThermalEngine: Found field 'actions'
03-11 16:16:58.901 17810 17810 I ThermalEngine: Found field 'action_info'
03-11 16:16:58.901 17810 17810 I ThermalEngine: Created section 'MON-MDM-FR1-2'
03-11 16:16:58.901 17810 17810 I ThermalEngine: Algo Type 'monitor'
03-11 16:16:58.901 17810 17810 I ThermalEngine: Parsing section MON-MDM-FR1-2
03-11 16:16:58.901 17810 17810 I ThermalEngine: Found field 'sampling'
03-11 16:16:58.901 17810 17810 I ThermalEngine: Found field 'sensor'
03-11 16:16:58.901 17810 17810 I ThermalEngine: Found field 'thresholds'
03-11 16:16:58.901 17810 17810 I ThermalEngine: Found field 'thresholds_clr'
03-11 16:16:58.901 17810 17810 I ThermalEngine: Found field 'actions'
03-11 16:16:58.901 17810 17810 I ThermalEngine: Found field 'action_info'
03-11 16:16:58.901 17810 17810 I ThermalEngine: Created section 'MON-wireless-charge'
03-11 16:16:58.901 17810 17810 I ThermalEngine: Algo Type 'monitor'
03-11 16:16:58.901 17810 17810 I ThermalEngine: Parsing section MON-wireless-charge
03-11 16:16:58.901 17810 17810 I ThermalEngine: Found field 'sampling'
03-11 16:16:58.901 17810 17810 I ThermalEngine: Found field 'sensor'
03-11 16:16:58.901 17810 17810 I ThermalEngine: Found field 'thresholds'
03-11 16:16:58.901 17810 17810 I ThermalEngine: Found field 'thresholds_clr'
03-11 16:16:58.901 17810 17810 I ThermalEngine: Found field 'actions'
03-11 16:16:58.901 17810 17810 I ThermalEngine: Found field 'action_info'
03-11 16:16:58.901 17810 17810 I ThermalEngine: Created section 'MON-wlan'
03-11 16:16:58.901 17810 17810 I ThermalEngine: Algo Type 'monitor'
03-11 16:16:58.901 17810 17810 I ThermalEngine: Parsing section MON-wlan
03-11 16:16:58.901 17810 17810 I ThermalEngine: Found field 'sampling'
03-11 16:16:58.901 17810 17810 I ThermalEngine: Found field 'sensor'
03-11 16:16:58.901 17810 17810 I ThermalEngine: Found field 'thresholds'
03-11 16:16:58.901 17810 17810 I ThermalEngine: Found field 'thresholds_clr'
03-11 16:16:58.901 17810 17810 I ThermalEngine: Found field 'actions'
03-11 16:16:58.901 17810 17810 I ThermalEngine: Found field 'action_info'
03-11 16:16:58.901 17810 17810 I ThermalEngine: [MON-wlan]
03-11 16:16:58.901 17810 17810 I ThermalEngine: algo_type monitor
03-11 16:16:58.901 17810 17810 I ThermalEngine: sampling 5000
03-11 16:16:58.901 17810 17810 I ThermalEngine: sensor FUSE_TEMP
03-11 16:16:58.901  2061  2108 E minksocket: MinkIPC_QRTR_Service: client with node 1 port 77ec went down
03-11 16:16:58.901 17810 17810 I ThermalEngine: thresholds 40000 41000 42000 43000 44000 45000
03-11 16:16:58.901 17810 17810 I ThermalEngine: thresholds_clr 39000 40000 41000 42000 43000 44000
03-11 16:16:58.901 17810 17810 I ThermalEngine: actions wlan-cutback wlan-cutback wlan-cutback wlan-cutback wlan-cutback wlan-cutback
03-11 16:16:58.901  2061  2108 E minksocket: MinkIPC_QRTR_Service: client with node 1 port 77ed went down
03-11 16:16:58.901 17810 17810 I ThermalEngine: action_info 0 1 2 3 4 5
03-11 16:16:58.901 17810 17810 I ThermalEngine: [MON-wireless-charge]
03-11 16:16:58.901 17810 17810 I ThermalEngine: algo_type monitor
03-11 16:16:58.901 17810 17810 I ThermalEngine: sampling 2000
03-11 16:16:58.901 17810 17810 I ThermalEngine: sensor BCHG_TEMP
03-11 16:16:58.901 17810 17810 I ThermalEngine: thresholds 39000 41000 43000 44000 48000
03-11 16:16:58.901 17810 17810 I ThermalEngine: thresholds_clr 18000 39000 41000 43000 45000
03-11 16:16:58.901 17810 17810 I ThermalEngine: actions wireless_current wireless_current wireless_current wireless_current wireless_current
03-11 16:16:58.901 17810 17810 I ThermalEngine: action_info 1250 1000 800 500 100
03-11 16:16:58.901 17810 17810 I ThermalEngine: [MON-MDM-FR1-2]
03-11 16:16:58.901 17810 17810 I ThermalEngine: algo_type monitor
03-11 16:16:58.901 17810 17810 I ThermalEngine: sampling 5000
03-11 16:16:58.901 17810 17810 I ThermalEngine: sensor FRONT_MDM
03-11 16:16:58.901 17810 17810 I ThermalEngine: thresholds 46000 48000 50000 55000
03-11 16:16:58.901 17810 17810 I ThermalEngine: thresholds_clr 40000 46000 48000 50000
03-11 16:16:58.901 17810 17810 I ThermalEngine: actions modem_nr_scg_dsc modem_nr_scg_dsc+modem_lte_dsc modem_nr_scg_dsc+modem_lte_dsc modem_nr_scg_dsc
03-11 16:16:58.901 17810 17810 I ThermalEngine: action_info 7 8+9 9+10 10
03-11 16:16:58.901 17810 17810 I ThermalEngine: [MON-MDM-FR1-1]
03-11 16:16:58.901 17810 17810 I ThermalEngine: algo_type monitor
03-11 16:16:58.901 17810 17810 I ThermalEngine: sampling 5000
03-11 16:16:58.901 17810 17810 I ThermalEngine: sensor FRONT_MDM
03-11 16:16:58.901 17810 17810 I ThermalEngine: thresholds 46000 48000 50000 55000
03-11 16:16:58.901 17810 17810 I ThermalEngine: thresholds_clr 40000 46000 48000 50000
03-11 16:16:58.901 17810 17810 I ThermalEngine: actions modem_nr_dsc modem_nr_dsc modem_nr_dsc modem_nr_dsc
03-11 16:16:58.901 17810 17810 I ThermalEngine: action_info 7 8 9 10
03-11 16:16:58.901 17810 17810 I ThermalEngine: [MON-SOFTDEV]
03-11 16:16:58.901 17810 17810 I ThermalEngine: algo_type monitor
03-11 16:16:58.901 17810 17810 I ThermalEngine: sampling 2000
03-11 16:16:58.901 17810 17810 I ThermalEngine: sensor FUSE_TEMP
03-11 16:16:58.901 17810 17810 I ThermalEngine: thresholds 42000
03-11 16:16:58.901 17810 17810 I ThermalEngine: thresholds_clr 40000
03-11 16:16:58.901 17810 17810 I ThermalEngine: actions SoftDev
03-11 16:16:58.901 17810 17810 I ThermalEngine: action_info 1
03-11 16:16:58.901 17810 17810 I ThermalEngine: [MON-SAFETY]
03-11 16:16:58.901 17810 17810 I ThermalEngine: algo_type monitor
03-11 16:16:58.901 17810 17810 I ThermalEngine: sampling 2000
03-11 16:16:58.901 17810 17810 I ThermalEngine: sensor FUSE_TEMP
03-11 16:16:58.901 17810 17810 I ThermalEngine: thresholds 68000
03-11 16:16:58.901 17810 17810 I ThermalEngine: thresholds_clr 67000
03-11 16:16:58.901 17810 17810 I ThermalEngine: actions shutdown
03-11 16:16:58.901 17810 17810 I ThermalEngine: action_info 100
03-11 16:16:58.901 17810 17810 I ThermalEngine: [PAUSE-CPU7]
03-11 16:16:58.901 17810 17810 I ThermalEngine: algo_type monitor
03-11 16:16:58.901 17810 17810 I ThermalEngine: sampling 2000
03-11 16:16:58.901 17810 17810 I ThermalEngine: sensor FUSE_TEMP
03-11 16:16:58.901 17810 17810 I ThermalEngine: thresholds 43000
03-11 16:16:58.901 17810 17810 I ThermalEngine: thresholds_clr 42000
03-11 16:16:58.901 17810 17810 I ThermalEngine: actions hotplug_7
03-11 16:16:58.901 17810 17810 I ThermalEngine: action_info 1
03-11 16:16:58.901 17810 17810 I ThermalEngine: [MON-MSM-CPU7]
03-11 16:16:58.901 17810 17810 I ThermalEngine: algo_type monitor
03-11 16:16:58.901 17810 17810 I ThermalEngine: sampling 2000
03-11 16:16:58.901 17810 17810 I ThermalEngine: sensor FUSE_TEMP
03-11 16:16:58.901 17810 17810 I ThermalEngine: thresholds 40000 41000 42000
03-11 16:16:58.901 17810 17810 I ThermalEngine: thresholds_clr 38000 40000 41000
03-11 16:16:58.901 17810 17810 I ThermalEngine: actions cpu-cluster2 cpu-cluster2 cpu-cluster2
03-11 16:16:58.901 17810 17810 I ThermalEngine: action_info 1977600 1766400 1286400
03-11 16:16:58.901 17810 17810 I ThermalEngine: [MON-MSM-CPU4]
03-11 16:16:58.901 17810 17810 I ThermalEngine: algo_type monitor
03-11 16:16:58.901 17810 17810 I ThermalEngine: sampling 2000
03-11 16:16:58.901 17810 17810 I ThermalEngine: sensor FUSE_TEMP
03-11 16:16:58.901 17810 17810 I ThermalEngine: thresholds 40000 42000 44000 48000
03-11 16:16:58.901 17810 17810 I ThermalEngine: thresholds_clr 38000 40000 42000 46000
03-11 16:16:58.901 17810 17810 I ThermalEngine: actions cpu-cluster1 cpu-cluster1 cpu-cluster1 cpu-cluster1
03-11 16:16:58.901 17810 17810 I ThermalEngine: action_info 1804800 1651200 1555200 1382400
03-11 16:16:58.901 17810 17810 I ThermalEngine: [MON-MSM-CPU0]
03-11 16:16:58.901 17810 17810 I ThermalEngine: algo_type monitor
03-11 16:16:58.901 17810 17810 I ThermalEngine: sampling 2000
03-11 16:16:58.901 17810 17810 I ThermalEngine: sensor FUSE_TEMP
03-11 16:16:58.901 17810 17810 I ThermalEngine: thresholds 42000 45000 48000
03-11 16:16:58.901 17810 17810 I ThermalEngine: thresholds_clr 39000 42000 45000
03-11 16:16:58.901 17810 17810 I ThermalEngine: actions cpu-cluster0 cpu-cluster0 cpu-cluster0
03-11 16:16:58.901 17810 17810 I ThermalEngine: action_info 1363200 1228800 1094400
03-11 16:16:58.901 17810 17810 I ThermalEngine: [MON-CHG-BATT-SAFETY]
03-11 16:16:58.901 17810 17810 I ThermalEngine: algo_type monitor
03-11 16:16:58.901 17810 17810 I ThermalEngine: sampling 5000
03-11 16:16:58.901 17810 17810 I ThermalEngine: sensor BCHG_TEMP
03-11 16:16:58.901 17810 17810 I ThermalEngine: thresholds 45000 48000
03-11 16:16:58.901 17810 17810 I ThermalEngine: thresholds_clr 43000 46000
03-11 16:16:58.901 17810 17810 I ThermalEngine: actions battery battery
03-11 16:16:58.901 17810 17810 I ThermalEngine: action_info 2 1
03-11 16:16:58.901 17810 17810 I ThermalEngine: freezing
03-11 16:16:58.901 17810 17810 I ThermalEngine: [MON-CHG-BATT1]
03-11 16:16:58.901 17810 17810 I ThermalEngine: algo_type monitor
03-11 16:16:58.901 17810 17810 I ThermalEngine: sampling 5000
03-11 16:16:58.901 17810 17810 I ThermalEngine: sensor BCHG_TEMP
03-11 16:16:58.901 17810 17810 I ThermalEngine: thresholds 41000 42500 43000
03-11 16:16:58.901 17810 17810 I ThermalEngine: thresholds_clr 40000 41000 42000
03-11 16:16:58.901 17810 17810 I ThermalEngine: actions battery battery battery
03-11 16:16:58.901 17810 17810 I ThermalEngine: action_info 5 4 3
03-11 16:16:58.901 17810 17810 I ThermalEngine: override_c -2000
03-11 16:16:58.901 17810 17810 I ThermalEngine: freezing
03-11 16:16:58.901 17810 17810 I ThermalEngine: [MON-CHG-BATT0]
03-11 16:16:58.901 17810 17810 I ThermalEngine: algo_type monitor
03-11 16:16:58.901 17810 17810 I ThermalEngine: sampling 5000
03-11 16:16:58.901 17810 17810 I ThermalEngine: sensor BCHG_TEMP
03-11 16:16:58.901 17810 17810 I ThermalEngine: thresholds 39500
03-11 16:16:58.901 17810 17810 I ThermalEngine: thresholds_clr 38000
03-11 16:16:58.901 17810 17810 I ThermalEngine: actions battery
03-11 16:16:58.901 17810 17810 I ThermalEngine: action_info 6
03-11 16:16:58.901 17810 17810 I ThermalEngine: override_c -1500
03-11 16:16:58.901 17810 17810 I ThermalEngine: freezing
03-11 16:16:58.901 17810 17810 I ThermalEngine: [FREEZE-CHG]
03-11 16:16:58.901 17810 17810 I ThermalEngine: algo_type monitor
03-11 16:16:58.901 17810 17810 I ThermalEngine: sampling 2000
03-11 16:16:58.901 17810 17810 I ThermalEngine: sensor DETECT-WLS
03-11 16:16:58.901 17810 17810 I ThermalEngine: thresholds 1
03-11 16:16:58.901 17810 17810 I ThermalEngine: thresholds_clr 0
03-11 16:16:58.901 17810 17810 I ThermalEngine: actions freeze_rule
03-11 16:16:58.901 17810 17810 I ThermalEngine: action_info 1
03-11 16:16:58.901 17810 17810 I ThermalEngine: [OVERRIDE-CHG]
03-11 16:16:58.901 17810 17810 I ThermalEngine: algo_type monitor
03-11 16:16:58.901 17810 17810 I ThermalEngine: sampling 1000
03-11 16:16:58.901 17810 17810 I ThermalEngine: sensor DETECT-STANDBY
03-11 16:16:58.901 17810 17810 I ThermalEngine: thresholds 1
03-11 16:16:58.901 17810 17810 I ThermalEngine: thresholds_clr 0
03-11 16:16:58.901 17810 17810 I ThermalEngine: actions internal_override
03-11 16:16:58.901 17810 17810 I ThermalEngine: action_info 1
03-11 16:16:58.901 17810 17810 I ThermalEngine: [REPORT-BACK]
03-11 16:16:58.901 17810 17810 I ThermalEngine: algo_type monitor
03-11 16:16:58.901 17810 17810 I ThermalEngine: sampling 300000
03-11 16:16:58.901 17810 17810 I ThermalEngine: sensor BACK_TEMP
03-11 16:16:58.901 17810 17810 I ThermalEngine: thresholds 42000
03-11 16:16:58.901 17810 17810 I ThermalEngine: thresholds_clr 40000
03-11 16:16:58.901 17810 17810 I ThermalEngine: actions report
03-11 16:16:58.901 17810 17810 I ThermalEngine: action_info 1
03-11 16:16:58.901 17810 17810 I ThermalEngine: [REPORT-FRONT]
03-11 16:16:58.901 17810 17810 I ThermalEngine: algo_type monitor
03-11 16:16:58.901 17810 17810 I ThermalEngine: sampling 300000
03-11 16:16:58.901 17810 17810 I ThermalEngine: sensor FRONT_TEMP
03-11 16:16:58.901 17810 17810 I ThermalEngine: thresholds 42000
03-11 16:16:58.901 17810 17810 I ThermalEngine: thresholds_clr 40000
03-11 16:16:58.901 17810 17810 I ThermalEngine: actions report
03-11 16:16:58.901 17810 17810 I ThermalEngine: action_info 1
03-11 16:16:58.901 17810 17810 I ThermalEngine: [MM-TJ-MONITOR-SHUTDOWN]
03-11 16:16:58.901 17810 17810 I ThermalEngine: #algo_type monitor
03-11 16:16:58.901 17810 17810 I ThermalEngine: sampling 10
03-11 16:16:58.901 17810 17810 I ThermalEngine: sensor VIRTUAL-MM-TJ-SHUTDOWN
03-11 16:16:58.901 17810 17810 I ThermalEngine: thresholds 115000
03-11 16:16:58.901 17810 17810 I ThermalEngine: thresholds_clr 114999
03-11 16:16:58.901 17810 17810 I ThermalEngine: actions shutdown
03-11 16:16:58.901 17810 17810 I ThermalEngine: action_info 0
03-11 16:16:58.901 17810 17810 I ThermalEngine: [MDM-TJ-MONITOR-SHUTDOWN]
03-11 16:16:58.901 17810 17810 I ThermalEngine: #algo_type monitor
03-11 16:16:58.901 17810 17810 I ThermalEngine: sampling 10
03-11 16:16:58.901 17810 17810 I ThermalEngine: sensor VIRTUAL-MDM-TJ-SHUTDOWN
03-11 16:16:58.901 17810 17810 I ThermalEngine: thresholds 115000
03-11 16:16:58.901 17810 17810 I ThermalEngine: thresholds_clr 114999
03-11 16:16:58.901 17810 17810 I ThermalEngine: actions shutdown
03-11 16:16:58.901 17810 17810 I ThermalEngine: action_info 0
03-11 16:16:58.901 17810 17810 I ThermalEngine: [NSP-TJ-MONITOR-SHUTDOWN]
03-11 16:16:58.901 17810 17810 I ThermalEngine: #algo_type monitor
03-11 16:16:58.901 17810 17810 I ThermalEngine: sampling 10
03-11 16:16:58.901 17810 17810 I ThermalEngine: sensor VIRTUAL-NSP-TJ-SHUTDOWN
03-11 16:16:58.901 17810 17810 I ThermalEngine: thresholds 115000
03-11 16:16:58.901 17810 17810 I ThermalEngine: thresholds_clr 114999
03-11 16:16:58.901 17810 17810 I ThermalEngine: actions shutdown
03-11 16:16:58.901 17810 17810 I ThermalEngine: action_info 0
03-11 16:16:58.901 17810 17810 I ThermalEngine: [CPU-TJ-MONITOR-SHUTDOWN]
03-11 16:16:58.901 17810 17810 I ThermalEngine: #algo_type monitor
03-11 16:16:58.901 17810 17810 I ThermalEngine: sampling 10
03-11 16:16:58.901 17810 17810 I ThermalEngine: sensor VIRTUAL-CPU-TJ-SHUTDOWN
03-11 16:16:58.901 17810 17810 I ThermalEngine: thresholds 115000
03-11 16:16:58.901 17810 17810 I ThermalEngine: thresholds_clr 114999
03-11 16:16:58.901 17810 17810 I ThermalEngine: actions shutdown
03-11 16:16:58.901 17810 17810 I ThermalEngine: action_info 0
03-11 16:16:58.901 17810 17810 I ThermalEngine: [CPU-GOLD-TJ-MONITOR-SHUTDOWN]
03-11 16:16:58.901 17810 17810 I ThermalEngine: #algo_type monitor
03-11 16:16:58.901 17810 17810 I ThermalEngine: sampling 10
03-11 16:16:58.901 17810 17810 I ThermalEngine: sensor VIRTUAL-CPU-GOLD-TJ-SHUTDOWN
03-11 16:16:58.901 17810 17810 I ThermalEngine: thresholds 115000
03-11 16:16:58.901 17810 17810 I ThermalEngine: thresholds_clr 114999
03-11 16:16:58.901 17810 17810 I ThermalEngine: actions shutdown
03-11 16:16:58.901 17810 17810 I ThermalEngine: action_info 0
03-11 16:16:58.901 17810 17810 I ThermalEngine: [PMIC-ALARM-MONITOR-SHUTDOWN]
03-11 16:16:58.901 17810 17810 I ThermalEngine: #algo_type monitor
03-11 16:16:58.901 17810 17810 I ThermalEngine: sampling 10
03-11 16:16:58.901 17810 17810 I ThermalEngine: sensor VIRTUAL-PMIC-ALARM-SHUTDOWN
03-11 16:16:58.901 17810 17810 I ThermalEngine: thresholds 115000
03-11 16:16:58.901 17810 17810 I ThermalEngine: thresholds_clr 114999
03-11 16:16:58.901 17810 17810 I ThermalEngine: actions shutdown
03-11 16:16:58.901 17810 17810 I ThermalEngine: action_info 0
03-11 16:16:58.901 17810 17810 I ThermalEngine: [FAIL-SAFE-MONITOR]
03-11 16:16:58.901 17810 17810 I ThermalEngine: #algo_type monitor
03-11 16:16:58.901 17810 17810 I ThermalEngine: sampling 1
03-11 16:16:58.901 17810 17810 I ThermalEngine: sensor VIRTUAL-FAIL-SAFE-TJ
03-11 16:16:58.901 17810 17810 I ThermalEngine: thresholds 100000
03-11 16:16:58.901 17810 17810 I ThermalEngine: thresholds_clr 2
03-11 16:16:58.901 17810 17810 I ThermalEngine: actions camera+camcorder
03-11 16:16:58.901 17810 17810 I ThermalEngine: action_info 10+10
03-11 16:16:58.901 17810 17810 I ThermalEngine: [NSPSS-2-CAMERA-EXIT-MONITOR]
03-11 16:16:58.901 17810 17810 I ThermalEngine: #algo_type monitor
03-11 16:16:58.901 17810 17810 I ThermalEngine: sampling 10
03-11 16:16:58.901 17810 17810 I ThermalEngine: sensor nspss-2
03-11 16:16:58.901 17810 17810 I ThermalEngine: thresholds 100000
03-11 16:16:58.901 17810 17810 I ThermalEngine: thresholds_clr 95000
03-11 16:16:58.901 17810 17810 I ThermalEngine: actions camera
03-11 16:16:58.901 17810 17810 I ThermalEngine: action_info 10
03-11 16:16:58.901 17810 17810 I ThermalEngine: [NSPSS-1-CAMERA-EXIT-MONITOR]
03-11 16:16:58.901 17810 17810 I ThermalEngine: #algo_type monitor
03-11 16:16:58.901 17810 17810 I ThermalEngine: sampling 10
03-11 16:16:58.901 17810 17810 I ThermalEngine: sensor nspss-1
03-11 16:16:58.901 17810 17810 I ThermalEngine: thresholds 100000
03-11 16:16:58.901 17810 17810 I ThermalEngine: thresholds_clr 95000
03-11 16:16:58.901 17810 17810 I ThermalEngine: actions camera
03-11 16:16:58.901 17810 17810 I ThermalEngine: action_info 10
03-11 16:16:58.901 17810 17810 I ThermalEngine: [NSPSS-0-CAMERA-EXIT-MONITOR]
03-11 16:16:58.901 17810 17810 I ThermalEngine: #algo_type monitor
03-11 16:16:58.901 17810 17810 I ThermalEngine: sampling 10
03-11 16:16:58.901 17810 17810 I ThermalEngine: sensor nspss-0
03-11 16:16:58.901 17810 17810 I ThermalEngine: thresholds 100000
03-11 16:16:58.901 17810 17810 I ThermalEngine: thresholds_clr 95000
03-11 16:16:58.901 17810 17810 I ThermalEngine: actions camera
03-11 16:16:58.901 17810 17810 I ThermalEngine: action_info 10
03-11 16:16:58.901 17810 17810 I ThermalEngine: [SS-GPU]
03-11 16:16:58.902 17810 17810 I ThermalEngine: algo_type ss
03-11 16:16:58.902 17810 17810 I ThermalEngine: sampling 2000
03-11 16:16:58.902 17810 17810 I ThermalEngine: sensor FUSE_TEMP
03-11 16:16:58.902 17810 17810 I ThermalEngine: device gpu
03-11 16:16:58.902 17810 17810 I ThermalEngine: set_point 49000
03-11 16:16:58.902 17810 17810 I ThermalEngine: set_point_clr 48000
03-11 16:16:58.902 17810 17810 I ThermalEngine: time_constant 0
03-11 16:16:58.902 17810 17810 I ThermalEngine: [SS-CPU7]
03-11 16:16:58.902 17810 17810 I ThermalEngine: algo_type ss
03-11 16:16:58.902 17810 17810 I ThermalEngine: sampling 2000
03-11 16:16:58.902 17810 17810 I ThermalEngine: sensor FUSE_TEMP
03-11 16:16:58.902 17810 17810 I ThermalEngine: device cpu-cluster2
03-11 16:16:58.902 17810 17810 I ThermalEngine: set_point 38000
03-11 16:16:58.902 17810 17810 I ThermalEngine: set_point_clr 37000
03-11 16:16:58.902 17810 17810 I ThermalEngine: time_constant 0
03-11 16:16:58.902 17810 17810 I ThermalEngine: device_max_limit 2169600
03-11 16:16:58.902 17810 17810 I ThermalEngine: [SS-CPU4]
03-11 16:16:58.902 17810 17810 I ThermalEngine: algo_type ss
03-11 16:16:58.902 17810 17810 I ThermalEngine: sampling 2000
03-11 16:16:58.902 17810 17810 I ThermalEngine: sensor FUSE_TEMP
03-11 16:16:58.902 17810 17810 I ThermalEngine: device cpu-cluster1
03-11 16:16:58.902 17810 17810 I ThermalEngine: set_point 38000
03-11 16:16:58.902 17810 17810 I ThermalEngine: set_point_clr 37000
03-11 16:16:58.902 17810 17810 I ThermalEngine: time_constant 0
03-11 16:16:58.902 17810 17810 I ThermalEngine: device_max_limit 2054400
03-11 16:16:58.902  3706  3728 I android.hardware.thermal@2.0-service.qti-v2: Sensor Name:nsp0 temp: 49.6. prev severity:0. cur severity:0 New severity:0
03-11 16:16:58.902  3706  3728 I android.hardware.thermal@2.0-service.qti-v2: Sensor Name:nsp1 temp: 49.6. prev severity:0. cur severity:0 New severity:0
03-11 16:16:58.902  3706  3728 I android.hardware.thermal@2.0-service.qti-v2: Sensor Name:nsp2 temp: 50.3. prev severity:0. cur severity:0 New severity:0
03-11 16:16:58.902  3706  3728 I android.hardware.thermal@2.0-service.qti-v2: Sensor Name:GPU0 temp: 48.9. prev severity:0. cur severity:0 New severity:0
03-11 16:16:58.902  3706  3728 I android.hardware.thermal@2.0-service.qti-v2: Sensor Name:GPU1 temp: 47.9. prev severity:0. cur severity:0 New severity:0
03-11 16:16:58.902 17810 17996 E ThermalEngine: limits_write_data_to_partition: Error opening lmh_cdsp sysfs
03-11 16:16:58.902 17810 17996 I ThermalEngine: limits_write_data_to_partition: thread exit
03-11 16:16:58.902  2064  2064 E Diag_Lib: diag: Diag_LSM_Init: invoked for pid: 2064 with init_count: 0
03-11 16:16:58.903  2064  2064 E Diag_Lib: diag:failed to connect to diag socket
03-11 16:16:58.903  2061  2108 E minksocket: MinkIPC_QRTR_Service: client with node 1 port 77ee went down
03-11 16:16:58.903  2061  2108 E minksocket: MinkIPC_QRTR_Service: client with node 1 port 77ef went down
03-11 16:16:58.903  2064  2064 E Diag_Lib:  Diag_LSM_Init: Failed to open handle to diag driver, error = 13
03-11 16:16:58.903  2064  2064 I sensors-hal: send_sensor_config_request:463, dt=ambient_light_1: convert sample_period=250000000 to batch_period=250000
03-11 16:16:58.903  2064  2064 I sensors-hal: send_sync_sensor_request:341, send sync request
03-11 16:16:58.903  2064  2064 I sensors-hal: send_sync_sensor_request:367, wait for notification of response
03-11 16:16:58.904  2064 17993 I sensors-hal: ssc_conn_resp_cb:632, resp_value = 0
03-11 16:16:58.904  2064  2064 I sensors-hal: send_sync_sensor_request:373, takes 0 ms to receive the response with 0
03-11 16:16:58.904  2064  2064 I sensors-hal: activate:184, com.motorola.sensor.alternate_light/65959 en=1 completed
03-11 16:16:58.907  3163  3352 V DisplayPowerController2[0]: Brightness [0.4307784] reason changing to: 'manual', previous reason: 'screen_off'.
03-11 16:16:58.908  3163  3352 I DisplayPowerController2[0]: 03-11 16:16:58.908 - BrightnessEvent: disp=0, physDisp=local:4630947043778501762, displayState=ON, displayPolicy=BRIGHT, brt=0.4307784, initBrt=0.0, rcmdBrt=NaN, preBrt=NaN, lux=NaN, preLux=NaN, brtNits=120.86629, hdrNits=NaN, initNits=3.1465538, preNits=NaN, rcmdNits=NaN, hdrBrightness=NaN, brt(%)=50%, brtInt=110, hbmPolicy=normal, hbmMax=0.85440856, hbmMode=off, rbcStrength=50, thrmMax=1.0, powerFactor=1.0, wasShortTermModelActive=false, flags=invalid_lux , reason=manual, autoBrightness=true, strategy=InvalidBrightnessStrategy, autoBrightnessMode=default
03-11 16:16:58.909 17810 17994 I ThermalEngine: Monitor:ACTIVE:MON-wlan:wlan-cutback=0:FUSE_TEMP=40285
03-11 16:16:58.910  3163  5158 D WifiStaIfaceHidlImpl: getCachedScanData is not implemented by HIDL
03-11 16:16:58.911  2723 16663 E VendorTagDescriptor: lookupTag: Tag name 'support_get_property_2_0' does not exist.
03-11 16:16:58.913  3163  3352 D BrightnessThermalClamper: Thermal status observer already started
03-11 16:16:58.914  3163  3352 D BrightnessThermalClamper: Thermal status observer already started
03-11 16:16:58.914  3163  3163 I BrightnessSynchronizer: New Update: {[12808] 0.4307784(f), mUpdatedTypes=0, mConfirmedTypes=0, mTimeUpdated=0, mState=2}
03-11 16:16:58.914  3163  3352 D BrightnessThermalClamper: Thermal status observer already started
03-11 16:16:58.916  3163  3231 D DisplayManagerService: Ignore redundant display event 1/4 to 10310/10834
03-11 16:16:58.916  3163  3231 D DisplayManagerService: Ignore redundant display event 1/4 to 10416/12833
03-11 16:16:58.916  3163  5305 D PowerManagerService: nativeSetPowerMode ret:false mode:9 enabled:false duration ms: 0
03-11 16:16:58.916  3163  5305 D TouchHwAidlService: setDisplayState: mScreenOff=false
03-11 16:16:58.916  3163  5305 D LocalDisplayAdapter: setDisplayPowerMode mode=2 for display=android.os.BinderProxy@d90d011
03-11 16:16:58.916  2300  2300 D SurfaceFlinger: Setting power mode 2 on display 4630947043778501762
03-11 16:16:58.916  3163  3231 I DisplayDeviceRepository: Display device changed state: "Built-in Screen", ON
03-11 16:16:58.918  3163  3352 D BrightnessThermalClamper: Thermal status observer already started
03-11 16:16:58.918 17810 17994 I ThermalEngine: Monitor:ACTIVE:MON-wireless-charge:wireless_current=1250:BCHG_TEMP=40372
03-11 16:16:58.919 17810 17994 E ThermalEngine: Mitigation:WirelessCurrent:1250
03-11 16:16:58.919  3163  3231 I InputManager-JNI: Viewport [0] to add: local:4630947043778501762, isActive: true
03-11 16:16:58.920  3163  3231 I InputManager-JNI: Viewport [1] to add: local:4630947043778501763, isActive: false
03-11 16:16:58.920  2300  2300 I Scheduler: Display 4630947043778501762 is the pacesetter
03-11 16:16:58.920  2300  2300 I Scheduler: promotePacesetterDisplayLocked, mAcceptScrollEvent=1
03-11 16:16:58.921  3163  5158 D WifiStaIfaceHidlImpl: getCachedScanData is not implemented by HIDL
03-11 16:16:58.920  2300  2300 I Scheduler: promotePacesetterDisplayLocked, mAcceptTouchNotBoostEvent=0
03-11 16:16:58.921  2300  2300 D SurfaceFlinger: Setting desired display mode specs: {0, false, PR={p[24.00-120.00]Hz, r[24.00-120.00]Hz}, AR={p[0.00-120.00]Hz, r[0.00-120.00]Hz}} for display 4630947043778501762
03-11 16:16:58.922  2300  2300 I SurfaceFlinger: Switching to Scheduler preferred mode 4 (90.00 Hz) for display 4630947043778501762
03-11 16:16:58.922  2300  2300 D DisplayModeController: setDesiredMode 4630947043778501762 {mode={fps=90.00 Hz, modePtr={id=4, vsyncRate=90.00 Hz, peakRefreshRate=90.00 Hz}}, emitEvent=true, force=false}
03-11 16:16:58.922  3163  3229 D CLI/Transition: displaygroup 0, state ON, pendingdisplaygroup -1
03-11 16:16:58.922  2195  2586 I SDM     : DisplayBase::SetDisplayState: Set state = 1, display 57-0, teardown = 0
03-11 16:16:58.923  3163  4285 I InputReader: Reconfiguring input devices, changes=DISPLAY_INFO
03-11 16:16:58.923  3163  4285 I InputReader: Device reconfigured: id=7, name='goodix_ts', size 1080x2640, orientation Rotation0, mode DIRECT, display id 0
03-11 16:16:58.923  3163  4285 I InputReader: Disabling zinitix_mt (device 6) because the associated viewport is not active
03-11 16:16:58.923  2195  2586 I SDM     : HWDeviceDRM::NullCommit: Null commit succeeded crtc=141
03-11 16:16:58.924  3163  3229 I DisplayDevice: [0] Layerstack set to 0 for local:4630947043778501762 mDisplayToken=android.os.BinderProxy@d90d011 t=Transaction{mNativeObject=-5476376673043675440, mHashCode=0}
03-11 16:16:58.925  3163  3231 W AccessibilityWindowsPopulator: The displayInfo of this displayId (0) called back from the surface fligner is null
03-11 16:16:58.926 26976 27604 D MCLOG   : [BrightnessTrigger] onDisplayChanged displayId = 0
03-11 16:16:58.926  3163  3231 D PanelsService: updateDefaultDisplayState: mScreenState=ON
03-11 16:16:58.926  2067  2174 D AHAL: AudioDevice: SetParameters: 1564: enter: screen_state=on
03-11 16:16:58.926  2067  2174 D AHAL: AudioVoice: VoiceSetParameters: 87: Enter params: screen_state=on
03-11 16:16:58.926  2067  2174 D AHAL: AudioVoice: VoiceSetParameters: 360: Exit ret: 0
03-11 16:16:58.927 28905 28905 I NearbyDiscovery: (REDACTED) FastPairDisplayObserver: %s -> %s
03-11 16:16:58.927  3163  3163 I BrightnessSynchronizer: New Update: {[12809] 0.4307784(f), mUpdatedTypes=0, mConfirmedTypes=0, mTimeUpdated=0, mState=2}
03-11 16:16:58.927  2067  2174 D AHAL: FM: fm_set_parameters: 262: Enter
03-11 16:16:58.927  3163  3163 I BrightnessSynchronizer: New Update: {[12810] 0.4307784(f), mUpdatedTypes=0, mConfirmedTypes=0, mTimeUpdated=0, mState=2}
03-11 16:16:58.927  2067  2174 D AHAL: FM: fm_set_parameters: 320: exit
03-11 16:16:58.927  2067  2174 D AHAL: AudioDevice: SetParameters: 1625:  - screen = on
03-11 16:16:58.927  2067  2174 I PAL: ResourceManager: setParameter: 8311: Screen State:1
03-11 16:16:58.927  2067  2174 D AHAL: AudioDevice: SetParameters: 2361: exit: screen_state=on
03-11 16:16:58.927  3163  3227 D TouchHwAidlService: updateDefaultDisplayState: mScreenOn=true
03-11 16:16:58.928 28905 29391 I NearbyDiscovery: (REDACTED) PureOffloadFastPairScanner: eventType=%s, isInternalReq=%s, isScanning=%s, isScanningAllowed=%s
03-11 16:16:58.928 28905 29391 I NearbyDiscovery: (REDACTED) ApFastPairScanner: isScreenOn=%s, isLocationEnabled=%s, disableLocationRequirement=%s, isDiscoveryScanningEnabled=%s, during24GhzWifiWarmingUpPeriod=%s
03-11 16:16:58.928 28905 29391 D BluetoothAdapter: isLeEnabled(): ON
03-11 16:16:58.928 28905 29391 I NearbyDiscovery: (REDACTED) ApFastPairScanner: eventType=%s, intReq=%s, scanning=%s, scanAllowed=%s, bleEnabled=%s, lockScanRate=%s, startScanningByLowPowerMode=%s
03-11 16:16:58.928  3163  3231 W ServiceManagerCppClient: Failed to get isDeclared for com.motorola.hardware.display.panel.IDisplayPanel/default: Status(-1, EX_SECURITY): 'SELinux denied.'
03-11 16:16:58.928  3163  3231 D DisplayPanelService: Setting panel dc mode: 0
03-11 16:16:58.928  2090  2090 I DisplayPanel: setDcMode: DC mode = OFF
03-11 16:16:58.928  2090  2090 D DisplayPanel: setParam: Success set DC to 0 for Primary display
03-11 16:16:58.929  5658  6105 I bt_shim_scanner: system/main/shim/le_scanning_manager.cc:185 Scan: in shim layer stopped
03-11 16:16:58.929  5658  5907 I bluetooth: system/gd/hci/le_address_manager.cc:244 unregister_client: Client unregistered
03-11 16:16:58.929  5658  5907 I bluetooth: system/gd/hci/le_address_manager.cc:248 unregister_client: Cancelled address rotation alarm
03-11 16:16:58.930  5658  6105 W BtGatt.JNI: android/app/jni/com_android_bluetooth_gatt.cpp:1597 gattSetScanParametersNative: gattSetScanParametersNative
03-11 16:16:58.930  5658  6105 I bt_shim_scanner: system/main/shim/le_scanning_manager.cc:363 SetScanParameters: in shim layer, scannerId=1
03-11 16:16:58.930  2068  6060 I vendor.qti.bluetooth@1.0-ibs_handler: ProcessIbsCmd: Received IBS_WAKE_IND: 0xFD
03-11 16:16:58.930  2068  6060 I vendor.qti.bluetooth@1.0-ibs_handler: ProcessIbsCmd: Writing IBS_WAKE_ACK
03-11 16:16:58.930  5658  6105 I bt_shim_scanner: system/main/shim/le_scanning_manager.cc:185 Scan: in shim layer started
03-11 16:16:58.930 26976 27604 D MCLOG   : [BrightnessManager] displayId = 0 brightness = 0.4307784 nit = 120.86629 level = br2
03-11 16:16:58.930  5658  5907 I bluetooth: system/gd/hci/le_scanning_manager.cc:690 stop_scan: Scanning already stopped, return!
03-11 16:16:58.931  5658  5907 I bluetooth: system/gd/hci/le_address_manager.cc:226 register_client: Scheduled address rotation for first client registered
03-11 16:16:58.931  5658  5907 I bluetooth: system/gd/hci/le_address_manager.cc:229 register_client: Client registered
03-11 16:16:58.936  7545  7545 I FileStationLog: [ FS_h$a ] - [Display] Changed display: 0
03-11 16:16:58.936  7545  7545 I FileStationLog: [ FS_h ] - [Logic] Retrieved display info: LogicDisplayInfo(width=1080, height=2640, orientation=1, rotation=0, displayId=0)
03-11 16:16:58.936  7545  7545 I FileStationLog: [ FS_h$a ] - [Display] New logical size: 1080x2640
03-11 16:16:58.936  7545  7545 I FileStationLog: [ FS_h$a ] - [Display] Screen width unchanged: 1080
03-11 16:16:58.937  2064  2064 I sensors-hal: batch:206, android.sensor.light/51, period=200000000, max_latency=0
03-11 16:16:58.937  2064  2064 I sensors-hal: set_config:61, no need to adjust sample_period_ns due to reporting_mode = 2
03-11 16:16:58.937  2064  2064 I sensors-hal: send_sensor_config_request:463, dt=ambient_light: convert sample_period=200000000 to batch_period=200000
03-11 16:16:58.937  2064  2064 I sensors-hal: send_sync_sensor_request:341, send sync request
03-11 16:16:58.937  2064  2064 I sensors-hal: send_sync_sensor_request:367, wait for notification of response
03-11 16:16:58.938  2064 17982 I sensors-hal: ssc_conn_resp_cb:632, resp_value = 0
03-11 16:16:58.938  3163  3163 D WiFiBlocklistController: Wifi onCapabilitiesChanged
03-11 16:16:58.938  2064  2064 I sensors-hal: send_sync_sensor_request:373, takes 0 ms to receive the response with 0
03-11 16:16:58.938  2064  2064 I sensors-hal: batch:215, android.sensor.light/51, period=200000000, max_latency=0 request completed
03-11 16:16:58.938  2064 17993 I sensors-hal: handle_indication_realtime:467,  SCHED_FIFO(10) for qmi_cbk
03-11 16:16:58.938  3163  3163 D WiFiBlocklistController: Default net onCapabilitiesChanged
03-11 16:16:58.938  3163  3163 D WiFiBlocklistController: updateDefaultNet:141
03-11 16:16:58.938  2064 17982 I sensors-hal: handle_indication_realtime:467,  SCHED_FIFO(10) for qmi_cbk
03-11 16:16:58.938  3163  3163 D WiFiBlocklistController: mayUpdateNotification: shouldShow=false,UidsBlocked=false, net info=net:141,ifName=wlan0,securityType=3,isDefault=true,ssid="MSU-Secure",notificationId=0
03-11 16:16:58.938 28905 28920 I NullBinder: NullBinder for android.net.action.RECOMMEND_NETWORKS triggering remote TransactionTooLargeException due to Service without Chimera impl, calling uid: 1000, calling pid: 0
03-11 16:16:58.938 28905 28920 W Binder  : reply too large data on java level: InterfaceDescriptor = null, code = 1
03-11 16:16:58.938 28905 28920 W .gms.persistent: Large reply transaction of 1056768 bytes, interface descriptor , code 1
03-11 16:16:58.940  3163  5203 I WifiDataStallService: onCapabilitiesChanged NET_CAPABILITY_VALIDATED=true
03-11 16:16:58.940  3163  5203 I WifiDataStallService: WIFI state:true
03-11 16:16:58.940  3163  5203 I WifiDataStallService: WIFI valid state:true
03-11 16:16:58.940  3163  5203 I WifiDataStallService: on-off:false,mScreenOn:true
03-11 16:16:58.943  5693  6968 D QCNEJ/NativeHalConnector: -> SND notifyDefaultNetworkChanged(1)
03-11 16:16:58.944  5625  5625 I KgdSliceProvider: The weather info has not change, does not need to be updated. mTempF=-999 iconNumber=-999 celsius=true
03-11 16:16:58.946 17810 17995 I ThermalEngine: SS:ACTIVE:SS-CPU7:cpu-cluster2=0:FUSE_TEMP=40275
03-11 16:16:58.947  7091 21947 I ModemStats: [DataStallDetectService] onCapabilitiesChanged networkCapabilities=[ Transports: WIFI Capabilities: NOT_METERED&INTERNET&NOT_RESTRICTED&TRUSTED&NOT_VPN&VALIDATED&NOT_ROAMING&FOREGROUND&NOT_CONGESTED&NOT_SUSPENDED&NOT_VCN_MANAGED&NOT_BANDWIDTH_CONSTRAINED LinkUpBandwidth>=49642Kbps LinkDnBandwidth>=77436Kbps TransportInfo: <SSID: <unknown ssid>, BSSID: 02:00:00:00:00:00, MAC: 02:00:00:00:00:00, IP: /10.17.183.17, Security type: 3, Supplicant state: COMPLETED, Wi-Fi standard: 11ax, RSSI: -67, Link speed: 573Mbps, Tx Link speed: 573Mbps, Max Supported Tx Link speed: 573Mbps, Rx Link speed: 299Mbps, Max Supported Rx Link speed: 573Mbps, Frequency: 5500MHz, Net ID: -1, Metered hint: false, score: 60, isUsable: true, CarrierMerged: false, SubscriptionId: -1, IsPrimary: -1, Trusted: true, Restricted: false, Ephemeral: false, OEM paid: false, OEM private: false, OSU AP: false, FQDN: <none>, Provider friendly name: <none>, Requesting package name: <none><none>MLO Information: , Is TID-To-Link negotiation supported by the AP: false, AP MLD Address: <none>, AP MLO Link Id: <none>, AP MLO Affiliated links: <none>, Vendor Data: <none>> SignalStrength: -67 UnderlyingNetworks: Null]
03-11 16:16:58.948  7091 21947 I ModemStats: [DataStallDetectService] onCapabilitiesChanged NET_CAPABILITY_VALIDATED=true
03-11 16:16:58.948  7091 21947 I ModemStats: [DataStallDetectService] onCapabilitiesChanged mDataStallManager.mDataStallInstance=null
03-11 16:16:58.948  7091 21947 I ModemStats: [DataStallDetectService] onCapabilitiesChanged mDataStallSmart5gManager.mDataStallInstance=null
03-11 16:16:58.949  3163  3229 W WindowManager: All windows drawn on display -1
03-11 16:16:58.949  3163  3229 D WindowManager: finishScreenTurningOn..
03-11 16:16:58.949  3163  3229 D WindowManager: enableScreen mKeyguardDrawnOnce=true awake=true mBootMessageNeedsHiding=false
03-11 16:16:58.950 17062 17062 W JobService: onNetworkChanged() not implemented in com.google.android.datatransport.runtime.scheduling.jobscheduling.JobInfoSchedulerService. Must override in a subclass.
03-11 16:16:58.951  6932  7504 I BugleRcsEngine: Connected state: [1], networkType: [WIFI] [CONTEXT thread_id=54 ]
03-11 16:16:58.952 17810 17994 I ThermalEngine: Monitor:ACTIVE:MON-MSM-CPU7:cpu-cluster2=1977600:FUSE_TEMP=40304
03-11 16:16:58.952 17810 17994 I ThermalEngine: ACTION: CPU - Setting CPU[7] to 3
03-11 16:16:58.953  6932  8142 I BugleRcsEngine: handleMessage processing message:[NOTIFY_UPTIME_IGNORE_STATE_CHANGED] with [non-null]:RcsEngineImpl reference [CONTEXT log_prefix="RcsEngineImpl[DUAL_REG]:[82ee5969-a086]>Handler" thread_id=61 ]
03-11 16:16:58.953  3163  3227 D PowerManagerService: nativeReleaseSuspendBlocker name:PowerManagerService.Broadcasts duration ms: 0
03-11 16:16:58.953  6932  8142 I BugleRcsEngine: Cannot use CS.apk as it's battery optimized [CONTEXT thread_id=61 ]
03-11 16:16:58.954  5802  7501 E PhoneInterfaceManager: getCarrierPrivilegeStatusForUid: Invalid subId
03-11 16:16:58.972 17810 17995 I ThermalEngine: SS:ACTIVE:SS-CPU4:cpu-cluster1=0:FUSE_TEMP=40193
03-11 16:16:58.974  2068  6060 I vendor.qti.bluetooth@1.0-ibs_handler: ProcessIbsCmd: Received IBS_SLEEP_IND: 0xFE
03-11 16:16:58.978 17810 17994 I ThermalEngine: Monitor:ACTIVE:MON-MSM-CPU4:cpu-cluster1=1804800:FUSE_TEMP=40243
03-11 16:16:58.978 17810 17994 I ThermalEngine: ACTION: CPU - Setting CPU[4] to 3
03-11 16:16:59.011  2064  4171 D slpi    : tmd2712: Als lux: 100.00, ch0: 1725, ch1: 34, scale: 1.08, atime:50.04, again:1024
03-11 16:16:59.013 17810 17994 I ThermalEngine: Monitor:ACTIVE:MON-CHG-BATT0:battery=6:BCHG_TEMP=40269
03-11 16:16:59.016 17810 17994 E ThermalEngine: First running, skip
03-11 16:16:59.017 17810 17994 I ThermalEngine: Monitor:ACTIVE:OVERRIDE-CHG:internal_override=1:DETECT-STANDBY=1
03-11 16:16:59.017  2064  4171 I slpi-MOT_HINGE: Hingeposture 110.0 tent:0 gpio:-1 flip:1 flat:1 b:1.4 4.1 8.8 -31.7 137.2 85.7 f:1.3 9.5 -0.5 -626.3 140.0 -88.0
03-11 16:16:59.018 17810 17994 I ThermalEngine: ACTION: override_c - Setting override_c to 1
03-11 16:16:59.019 17810 17992 I ThermalEngine: Thermal-Server: Thermal received msg from  override_c
03-11 16:16:59.019 17810 18001 I Thermal-Lib: Thermal-Lib-Client: Client request sent
03-11 16:16:59.021  3163  3231 I DeviceStateManagerService: Cannot notify device state info change when pending state is present.
03-11 16:16:59.022  3163  3227 D TouchHwAidlService: onStateChanged.. state=4
03-11 16:16:59.022  3163  3229 D CLI/SmallCLI: onDeviceLidStateChanged: state=LAPTOP
03-11 16:16:59.023  5625  5669 D ShellSplitScreen: onFoldedStateChanged: folded=false
03-11 16:16:59.025  2067  2174 D AHAL: AudioDevice: SetParameters: 1564: enter: device_folded=off
03-11 16:16:59.025  3163  3231 I LogicalDisplayMapper: Requesting Transition to state: 4, from state=1, interactive=true, mBootCompleted=true
03-11 16:16:59.025  2067  2174 D AHAL: AudioVoice: VoiceSetParameters: 87: Enter params: device_folded=off
03-11 16:16:59.025  2067  2174 D AHAL: AudioVoice: VoiceSetParameters: 360: Exit ret: 0
03-11 16:16:59.025  2067  2174 D AHAL: FM: fm_set_parameters: 262: Enter
03-11 16:16:59.025  2067  2174 D AHAL: FM: fm_set_parameters: 320: exit
03-11 16:16:59.025  3163  3231 I LogicalDisplayMapper: Applying layout: [{dispId: 0(ON), displayGroupName: , addr: {port=130, model=0x40446dccee101c}, mThermalBrightnessThrottlingMapId: null, mRefreshRateZoneId: null, mLeadDisplayId: -1, mLeadDisplayAddress: null, mThermalRefreshRateThrottlingMapId: null, mPowerThrottlingMapId: null}], Previous layout: [{dispId: 0(ON), displayGroupName: , addr: {port=130, model=0x40446dccee101c}, mThermalBrightnessThrottlingMapId: null, mRefreshRateZoneId: null, mLeadDisplayId: -1, mLeadDisplayAddress: null, mThermalRefreshRateThrottlingMapId: null, mPowerThrottlingMapId: null}]
03-11 16:16:59.025  2067  2174 D AHAL: AudioDevice: SetParameters: 2361: exit: device_folded=off
03-11 16:16:59.034  3163  4279 I CLI/Transition_Device: lid state changed: OPEN -> OPEN, device state changed to LAPTOP
03-11 16:16:59.035  3163  4279 D CLI/Rotation: Set volume keyswap sysprop for rotation 2 lidState OPEN
03-11 16:16:59.038  3163  4279 I WindowManager: updateRotationUnchecked CLI real rotation changed:3, rotation:3
03-11 16:16:59.040 17810 17994 I ThermalEngine: Monitor:ACTIVE:MON-CHG-BATT1:battery=5:BCHG_TEMP=40282
03-11 16:16:59.041  3163  4279 I WindowManager: Override config changes=20000000 {1.0 ?mcc0mnc [en_US] ldltr sw111dp w210dp h111dp 280dpi smll land night mot-cli finger -keyb/v/h -nav/h winConfig={ mBounds=Rect(0, 0 - 368, 194) mAppBounds=Rect(0, 0 - 368, 194) mMaxBounds=Rect(0, 0 - 368, 194) mDisplayRotation=ROTATION_270 mWindowingMode=fullscreen mActivityType=undefined mAlwaysOnTop=undefined mRotation=ROTATION_270} ?fontWeightAdjustment ?spn ?gid} for displayId=1
03-11 16:16:59.047  7545  7545 I FileStationLog: [ FS_h$a ] - [Display] Changed display: 1
03-11 16:16:59.049  7545  7545 I FileStationLog: [ FS_h$a ] - [Display] Ignoring change for non-default/desktop display: 1
03-11 16:16:59.051  3163  4279 E WindowManager: Display reconfigured outside of a transition: Display{#0 state=ON size=1080x2640 ROTATION_0}
03-11 16:16:59.054  3163  3229 V WindowManager: Content Recording: Display 1 state was (1), is now (1), so update recording?
03-11 16:16:59.054  3163  3229 D CLI/Transition: displaygroup 1, state OFF, pendingdisplaygroup -1
03-11 16:16:59.056  3163  3231 I InputManager-JNI: Viewport [0] to add: local:4630947043778501762, isActive: true
03-11 16:16:59.056  3163  3231 I InputManager-JNI: Viewport [1] to add: local:4630947043778501763, isActive: false
03-11 16:16:59.056  3163  3227 W ContextImpl: Calling a method in the system process without a qualified user: android.app.ContextImpl.sendBroadcast:1273 com.android.server.location.provider.LocationProviderManager$LocationRegistration$1.test:1070 com.android.server.location.provider.LocationProviderManager$LocationRegistration$1.test:1019 android.location.LocationResult.filter:253 com.android.server.location.provider.LocationProviderManager$LocationRegistration.acceptLocationChange:1018 
03-11 16:16:59.057  3163  4285 I InputReader: Reconfiguring input devices, changes=DISPLAY_INFO
03-11 16:16:59.057  3163  4285 I InputReader: Disabling zinitix_mt (device 6) because the associated viewport is not active
03-11 16:16:59.057  3163  4285 I InputReader: Device reconfigured: id=6, name='zinitix_mt', size 194x368, orientation Rotation0, mode DISABLED, display id 1
03-11 16:16:59.059  2067  2174 D AHAL: AudioDevice: SetParameters: 1564: enter: screen_state=on
03-11 16:16:59.059  2067  2174 D AHAL: AudioVoice: VoiceSetParameters: 87: Enter params: screen_state=on
03-11 16:16:59.059  2067  2174 D AHAL: AudioVoice: VoiceSetParameters: 360: Exit ret: 0
03-11 16:16:59.059  2067  2174 D AHAL: FM: fm_set_parameters: 262: Enter
03-11 16:16:59.059  2067  2174 D AHAL: FM: fm_set_parameters: 320: exit
03-11 16:16:59.059  2067  2174 D AHAL: AudioDevice: SetParameters: 1625:  - screen = on
03-11 16:16:59.059  2067  2174 I PAL: ResourceManager: setParameter: 8311: Screen State:1
03-11 16:16:59.059  2067  2174 D AHAL: AudioDevice: SetParameters: 2361: exit: screen_state=on
03-11 16:16:59.061  2064  4171 D slpi    : tmd2712: Als lux: 40.60, ch0: 697, ch1: 21, scale: 1.08, atime:50.04, again:1024
03-11 16:16:59.062  3163  3227 W ContextImpl: Calling a method in the system process without a qualified user: android.app.ContextImpl.sendBroadcast:1273 com.android.server.location.provider.LocationProviderManager$LocationRegistration$1.test:1070 com.android.server.location.provider.LocationProviderManager$LocationRegistration$1.test:1019 android.location.LocationResult.filter:253 com.android.server.location.provider.LocationProviderManager$LocationRegistration.acceptLocationChange:1018 
03-11 16:16:59.063  7545  7545 I FileStationLog: [ FS_h$a ] - [Display] Changed display: 0
03-11 16:16:59.063  7545  7545 I FileStationLog: [ FS_h ] - [Logic] Retrieved display info: LogicDisplayInfo(width=1080, height=2640, orientation=1, rotation=0, displayId=0)
03-11 16:16:59.063  7545  7545 I FileStationLog: [ FS_h$a ] - [Display] New logical size: 1080x2640
03-11 16:16:59.063  7545  7545 I FileStationLog: [ FS_h$a ] - [Display] Screen width unchanged: 1080
03-11 16:16:59.064  5625  5669 I DisplayController: CLI display config changed. dpi:280, fontScale:1.0
03-11 16:16:59.064  5625  5669 V ShellDragAndDrop: Display changed: 1
03-11 16:16:59.065  3163  3227 W ContextImpl: Calling a method in the system process without a qualified user: android.app.ContextImpl.sendBroadcast:1273 com.android.server.location.provider.LocationProviderManager$LocationRegistration$1.test:1070 com.android.server.location.provider.LocationProviderManager$LocationRegistration$1.test:1019 android.location.LocationResult.filter:253 com.android.server.location.provider.LocationProviderManager$LocationRegistration.acceptLocationChange:1018 
03-11 16:16:59.067  3163  3227 W ContextImpl: Calling a method in the system process without a qualified user: android.app.ContextImpl.sendBroadcast:1273 com.android.server.location.provider.LocationProviderManager$LocationRegistration$1.test:1070 com.android.server.location.provider.LocationProviderManager$LocationRegistration$1.test:1019 android.location.LocationResult.filter:253 com.android.server.location.provider.LocationProviderManager$LocationRegistration.acceptLocationChange:1018 
03-11 16:16:59.071 28905 29259 I FusedLocation: (REDACTED) location delivery to %s blocked - too close
03-11 16:16:59.072 28905 29259 I FusedLocation: (REDACTED) location delivery to %s blocked - too close
03-11 16:16:59.072 28905 29259 I FusedLocation: (REDACTED) location delivery to %s blocked - too close
03-11 16:16:59.073 28905 29259 I FusedLocation: (REDACTED) location delivery to %s blocked - too close
03-11 16:16:59.074 28905 29259 I FusedLocation: (REDACTED) location delivery to %s blocked - too fast
03-11 16:16:59.099  2064  4171 D slpi-TCS3720: ALS_REPORT lux 84.536598, ch0 49.746132-32.954601-15.469090-6.616501, scale 1.1878, fps 90, client 1
03-11 16:16:59.099  2064  4171 D slpi-TCS3720: PRX_OC info Far, Total 0, pdata 0, offset 0 step 0.63, ore 0:0 step 21.00, TH_H 1020, TH_L 0, client 0
03-11 16:16:59.112  2064  4171 D slpi    : tmd2712: Als lux: 24.70, ch0: 424, ch1: 14, scale: 1.08, atime:50.04, again:1024
03-11 16:16:59.139  2163  2163 D SENSOREXT_ALS_COMP: FrontLight: no calculate, ReportLux 84.54, dbv 0
03-11 16:16:59.144  2195  2586 I SDM     : PipeAllocSdma2::CalculatePipeNumToDedicate: num_vig: 0, num_dma: 1
03-11 16:16:59.144  2195  2586 I SDM     : DisplayBase::SetDisplayState: active 1-1 state 1-1 pending_power_state_ 0
03-11 16:16:59.145  2300  2300 D SurfaceFlinger: Finished setting power mode 2 on display 4630947043778501762
03-11 16:16:59.146  2300  2300 D RefreshRateSelector: found  TouchBoostRefreshRate: {fps=90.00 Hz, modePtr={id=4, vsyncRate=90.00 Hz, peakRefreshRate=90.00 Hz}}
03-11 16:16:59.146  2300  2300 D RefreshRateSelector: found  ScrollBoostRefreshRate: {fps=120.00 Hz, modePtr={id=0, vsyncRate=120.00 Hz, peakRefreshRate=120.00 Hz}}
03-11 16:16:59.146  2300  2300 D RefreshRateSelector: [90:120:0]: mTouchBoostRefreshRateAvailable=1, mScrollBoostRefreshRateAvailable=1, mTouchOnBlankNotBoostRefreshRateAvailable=0
03-11 16:16:59.148  3163  5305 D SurfaceControl: Excessive delay in setPowerMode()
03-11 16:16:59.151  3163  5305 W ServiceManagerCppClient: Failed to get isDeclared for com.motorola.hardware.display.panel.IDisplayPanel/default: Status(-1, EX_SECURITY): 'SELinux denied.'
03-11 16:16:59.152  3163  5305 D DisplayPanelService: Setting panel dc mode: 0
03-11 16:16:59.152  2090  2090 I DisplayPanel: setDcMode: DC mode = OFF
03-11 16:16:59.152  2090  2090 D DisplayPanel: setParam: Success set DC to 0 for Primary display
03-11 16:16:59.155  3163  3352 W BoostOptController: not supported hint: 118
03-11 16:16:59.155  3163  3229 D CLI/Transition: displaygroup 0, state ON, pendingdisplaygroup -1
03-11 16:16:59.157  3163  3231 D DisplayManagerService: Ignore redundant display event 0/2 to 10310/10834
03-11 16:16:59.157  3163  3231 D DisplayManagerService: Ignore redundant display event 0/2 to 10416/12833
03-11 16:16:59.157  2067  2174 D AHAL: AudioDevice: SetParameters: 1564: enter: screen_state=on
03-11 16:16:59.158  2067  2174 D AHAL: AudioVoice: VoiceSetParameters: 87: Enter params: screen_state=on
03-11 16:16:59.158  2067  2174 D AHAL: AudioVoice: VoiceSetParameters: 360: Exit ret: 0
03-11 16:16:59.158  2067  2174 D AHAL: FM: fm_set_parameters: 262: Enter
03-11 16:16:59.158  2067  2174 D AHAL: FM: fm_set_parameters: 320: exit
03-11 16:16:59.158  2067  2174 D AHAL: AudioDevice: SetParameters: 1625:  - screen = on
03-11 16:16:59.158  2067  2174 I PAL: ResourceManager: setParameter: 8311: Screen State:1
03-11 16:16:59.158  2067  2174 D AHAL: AudioDevice: SetParameters: 2361: exit: screen_state=on
03-11 16:16:59.160  3163  3163 I BrightnessSynchronizer: New Update: {[12811] 0.40664238(f), mUpdatedTypes=1, mConfirmedTypes=0, mTimeUpdated=0, mState=2}
03-11 16:16:59.160  3163  3163 I BrightnessSynchronizer: [12811] New Update 0.40664238(f) set brightness values:  104(i)
03-11 16:16:59.160  2078  2078 I QTI PowerHAL: Power setMode: 6 to: 1
03-11 16:16:59.161 26976 27604 D MCLOG   : [BrightnessTrigger] onDisplayChanged displayId = 0
03-11 16:16:59.161  2078  2078 E QTI PowerHAL: Failed to acquire lock for hint_id: 10A5.
03-11 16:16:59.162  3163  3352 V DisplayPowerController2[0]: Brightness [0.40664238] reason changing to: 'automatic', previous reason: 'manual'.
03-11 16:16:59.162  7545  7545 I FileStationLog: [ FS_h$a ] - [Display] Changed display: 0
03-11 16:16:59.162  7545  7545 I FileStationLog: [ FS_h ] - [Logic] Retrieved display info: LogicDisplayInfo(width=1080, height=2640, orientation=1, rotation=0, displayId=0)
03-11 16:16:59.162  7545  7545 I FileStationLog: [ FS_h$a ] - [Display] New logical size: 1080x2640
03-11 16:16:59.162  7545  7545 I FileStationLog: [ FS_h$a ] - [Display] Screen width unchanged: 1080
