03-11 16:16:58.067  3163  3231 D TouchHwAidlService: onKeyguardStateChanged.. isShowing=true
03-11 16:16:58.068  3163  3231 W ServiceManagerCppClient: Failed to get isDeclared for com.motorola.hardware.display.panel.IDisplayPanel/default: Status(-1, EX_SECURITY): 'SELinux denied.'
03-11 16:16:58.068  3163  3231 D DisplayPanelService: Setting panel dc mode: 0
03-11 16:16:58.068  2090  2090 I DisplayPanel: setDcMode: DC mode = OFF
03-11 16:16:58.068  2090  2090 D DisplayPanel: setParam: Success set DC to 0 for Primary display
03-11 16:16:58.068  3163  3352 D PowerManagerService: handleSandman ignore 0
03-11 16:16:58.069  3163  3352 D PowerManagerService: handleSandman ignore 0
03-11 16:16:58.071  3163  3352 D PowerManagerService: handleSandman ignore 0
03-11 16:16:58.071  2064  2064 I sensors-hal: batch:206, android.sensor.accelerometer/11, period=10000000, max_latency=0
03-11 16:16:58.071  2064  2064 I sensors-hal: set_config:57, sample_period_ns is adjusted to 10000000 based on min/max delay_ns
03-11 16:16:58.071  2064  2064 I sensors-hal: batch:215, android.sensor.accelerometer/11, period=10000000, max_latency=0 request completed
03-11 16:16:58.071  3163  3203 W UserManagerService: Requested status bar icon for non-badged user 0
03-11 16:16:58.071  3163  3352 D PowerManagerService: handleSandman ignore 0
03-11 16:16:58.072  3163  3352 D PowerManagerService: handleSandman ignore 0
03-11 16:16:58.072  3163  3352 D PowerManagerService: handleSandman ignore 0
03-11 16:16:58.072  3163  3163 I PowerManagerService: onFlip(): Face up.
03-11 16:16:58.073  5625  5962 V PowerManager: userActivity when=112909138 event=0 flags=0 displayId=1 by (com.android.systemui) callers=com.android.systemui.keyguard.KeyguardViewMediator$$ExternalSyntheticLambda0.run:63 java.util.concurrent.ThreadPoolExecutor.runWorker:1145 java.util.concurrent.ThreadPoolExecutor$Worker.run:644 
03-11 16:16:58.073  2582  8068 D NxpTml  : PN54X - Write requested.....
03-11 16:16:58.073  2582  8068 D NxpTml  : PN54X - Invoking I2C Write.....
03-11 16:16:58.074  2582  8068 I NxpNciX : len =   7 > 20020401020100
03-11 16:16:58.074  2582  8068 D NxpTml  : PN54X - I2C Write successful.....
03-11 16:16:58.074  3163  3352 D PowerManagerService: handleSandman ignore 0
03-11 16:16:58.074  2582  8068 D NxpTml  : PN54X - Posting Fresh Write message.....
03-11 16:16:58.074  2582  8068 D NxpTml  : PN54X - Tml Writer Thread Running................
03-11 16:16:58.074  2582  8070 D NxpHal  : write successful status = 0x0
03-11 16:16:58.074  5625  5625 D KeyguardViewMediator: KeyguardViewMediator queue processing message: SHOW
03-11 16:16:58.075  2582  8059 D NxpTml  : PN54X - I2C Read successful.....
03-11 16:16:58.075  2582  8059 I NxpNciR : len =   5 > 4002020000
03-11 16:16:58.075  2582  8059 D NxpTml  : PN54X - Posting read message.....
03-11 16:16:58.075  2582  8070 D NxpHal  : read successful status = 0x0
03-11 16:16:58.075  2582  8070 D NxpHal  : phNxpNciHal_print_res_status: response status =STATUS_OK
03-11 16:16:58.075  6942  8007 D libnfc_nci: nfaDeviceManagementCallback: enter; event=0x2
03-11 16:16:58.075  6942  8007 D libnfc_nci: nfaDeviceManagementCallback: NFA_DM_SET_CONFIG_EVT
03-11 16:16:58.075  2582  8059 D NxpTml  : PN54X - Read requested.....
03-11 16:16:58.075  2582  8059 D NxpTml  : PN54X - Invoking I2C Read.....
03-11 16:16:58.075  2582  8068 D NxpTml  : PN54X - Write requested.....
03-11 16:16:58.075  2582  8068 D NxpTml  : PN54X - Invoking I2C Write.....
03-11 16:16:58.076  5625  5625 D SCliNotificationListener: onNotificationListUpdate: [com.android.systemui.statusbar.notification.collection.GroupEntry@5c14ae1]
03-11 16:16:58.076  5625  6286 D SCliNotifPanelController: onNotificationEntryRemove: -1|com.android.systemui|1201|fully_charged_and_plugged|10394
03-11 16:16:58.076  5625  6286 D SCliNotifPanelController: onNotificationGroupRemove: com.android.systemui_u-1
03-11 16:16:58.076  2582  8068 I NxpNciX : len =   4 > 20090101
03-11 16:16:58.076  2582  8068 D NxpTml  : PN54X - I2C Write successful.....
03-11 16:16:58.076  2582  8068 D NxpTml  : PN54X - Posting Fresh Write message.....
03-11 16:16:58.076  5625  6286 D SCliNotifPanelController: onNotificationEntryRemove: 0|com.android.vending|-234430262|null|10276
03-11 16:16:58.076  2582  8068 D NxpTml  : PN54X - Tml Writer Thread Running................
03-11 16:16:58.076  5625  6286 D SCliNotifPanelController: onNotificationGroupRemove: com.android.vending_u0
03-11 16:16:58.076  2582  8070 D NxpHal  : write successful status = 0x0
03-11 16:16:58.077  2582  8059 D NxpTml  : PN54X - I2C Read successful.....
03-11 16:16:58.077  2582  8059 I NxpNciR : len =   4 > 40090100
03-11 16:16:58.077  2582  8059 D NxpTml  : PN54X - Posting read message.....
03-11 16:16:58.077  2582  8070 D NxpHal  : read successful status = 0x0
03-11 16:16:58.077  6978  6978 I Smart5G : [Smart5GService] receive action: android.intent.action.SCREEN_OFF
03-11 16:16:58.077  6942  8007 D libnfc_nci: nfaDeviceManagementCallback: enter; event=0xB
03-11 16:16:58.077  6942  8007 D libnfc_nci: nfaDeviceManagementCallback: NFA_DM_SET_POWER_SUB_STATE_EVT; status=0x0
03-11 16:16:58.077  2582  8059 D NxpTml  : PN54X - Read requested.....
03-11 16:16:58.077  2582  8059 D NxpTml  : PN54X - Invoking I2C Read.....
03-11 16:16:58.078  3163  3352 D PowerManagerService: handleSandman ignore 0
03-11 16:16:58.078  6942  6942 D NfcService: MSG_APPLY_SCREEN_STATE 2
03-11 16:16:58.078  5689  5689 E DPMJ    : |SERVICE| sendScreenState state  falseand int value 0
03-11 16:16:58.079  3163  3352 D PowerManagerService: handleSandman ignore 0
03-11 16:16:58.079  6942  6942 D libnfc_nci: nfcManager_doSetScreenState: state = 2 prevScreenState= 1, discovry_param = 1
03-11 16:16:58.079  2582  8068 D NxpTml  : PN54X - Write requested.....
03-11 16:16:58.079  2582  8068 D NxpTml  : PN54X - Invoking I2C Write.....
03-11 16:16:58.080  2582  8068 I NxpNciX : len =   4 > 20090103
03-11 16:16:58.080  2582  8068 D NxpTml  : PN54X - I2C Write successful.....
03-11 16:16:58.080  2582  8068 D NxpTml  : PN54X - Posting Fresh Write message.....
03-11 16:16:58.080  2582  8068 D NxpTml  : PN54X - Tml Writer Thread Running................
03-11 16:16:58.080  2582  8070 D NxpHal  : write successful status = 0x0
03-11 16:16:58.080  3163  5215 I MR2ServiceImpl: Updating composite discovery preference | preference: RouteDiscoveryRequest{ preferredFeatures={}, activeScan=false }, active routers: []
03-11 16:16:58.081  2582  8059 D NxpTml  : PN54X - I2C Read successful.....
03-11 16:16:58.081  3163  3163 D MotoFaceProvider: Receive screen off intent
03-11 16:16:58.081  2582  8059 I NxpNciR : len =   4 > 40090100
03-11 16:16:58.081  2582  8059 D NxpTml  : PN54X - Posting read message.....
03-11 16:16:58.081  2582  8070 D NxpHal  : read successful status = 0x0
03-11 16:16:58.082  6942  8007 D libnfc_nci: nfaDeviceManagementCallback: enter; event=0xB
03-11 16:16:58.082  6942  8007 D libnfc_nci: nfaDeviceManagementCallback: NFA_DM_SET_POWER_SUB_STATE_EVT; status=0x0
03-11 16:16:58.082  2582  8059 D NxpTml  : PN54X - Read requested.....
03-11 16:16:58.082  2582  8059 D NxpTml  : PN54X - Invoking I2C Read.....
03-11 16:16:58.082  2582  8068 D NxpTml  : PN54X - Write requested.....
03-11 16:16:58.083  2582  8068 D NxpTml  : PN54X - Invoking I2C Write.....
03-11 16:16:58.083  2582  8068 I NxpNciX : len =   7 > 20020401020100
03-11 16:16:58.083  2582  8068 D NxpTml  : PN54X - I2C Write successful.....
03-11 16:16:58.083  2582  8068 D NxpTml  : PN54X - Posting Fresh Write message.....
03-11 16:16:58.083  2582  8068 D NxpTml  : PN54X - Tml Writer Thread Running................
03-11 16:16:58.083  2582  8070 D NxpHal  : write successful status = 0x0
03-11 16:16:58.084  2582  8059 D NxpTml  : PN54X - I2C Read successful.....
03-11 16:16:58.084  2582  8059 I NxpNciR : len =   5 > 4002020000
03-11 16:16:58.084  2582  8059 D NxpTml  : PN54X - Posting read message.....
03-11 16:16:58.084  2582  8070 D NxpHal  : read successful status = 0x0
03-11 16:16:58.084  2582  8070 D NxpHal  : phNxpNciHal_print_res_status: response status =STATUS_OK
03-11 16:16:58.084  6942  8007 D libnfc_nci: nfaDeviceManagementCallback: enter; event=0x2
03-11 16:16:58.084  6942  8007 D libnfc_nci: nfaDeviceManagementCallback: NFA_DM_SET_CONFIG_EVT
03-11 16:16:58.084  2582  8059 D NxpTml  : PN54X - Read requested.....
03-11 16:16:58.084  2582  8059 D NxpTml  : PN54X - Invoking I2C Read.....
03-11 16:16:58.084 17613 17781 I ThermalEngine: Monitor:ACTIVE:MON-CHG-BATT0:battery=6:BCHG_TEMP=40176
03-11 16:16:58.085  3163  3352 D PowerManagerService: handleSandman ignore 0
03-11 16:16:58.085  3163  3352 D PowerManagerService: handleSandman ignore 0
03-11 16:16:58.086 17613 17781 E ThermalEngine: First running, skip
03-11 16:16:58.086 17613 17781 I ThermalEngine: Monitor:ACTIVE:OVERRIDE-CHG:internal_override=1:DETECT-STANDBY=1
03-11 16:16:58.086 17613 17781 I ThermalEngine: ACTION: override_c - Setting override_c to 1
03-11 16:16:58.087 17613 17780 I ThermalEngine: Thermal-Server: Thermal received msg from  override_c
03-11 16:16:58.087 17613 17793 I Thermal-Lib: Thermal-Lib-Client: Client request sent
03-11 16:16:58.088 10834  8537 I DeviceStatusMonitor: DeviceStatusMonitor.handleBroadcast():138 onReceive() : Action = android.intent.action.SCREEN_OFF
03-11 16:16:58.088 10834  8537 I DeviceStatusMonitor: DeviceStatusMonitor.updateCountryInfo():154 updateCountryInfo(), notifyAnyway = false
03-11 16:16:58.089  3163  3231 W AccessibilityWindowsPopulator: The displayInfo of this displayId (0) called back from the surface fligner is null
03-11 16:16:58.090 10834 10834 I Module  : DeviceLockedStatusModuleProvider$Module.updateDeviceLockedStatus():103 repeatCheckTimes = 0, locked = false
03-11 16:16:58.090 10834 10834 I InputBundle: InputBundle.consumeEvent():1029 Skip consuming an event as imeStatus is INACTIVE
03-11 16:16:58.090  5625  5625 W libc    : Access denied finding property "vendor.display.enable_optimal_refresh_rate"
03-11 16:16:58.090  2064  2064 I sensors-hal: batch:206, com.motorola.sensor.stowed/65568, period=200000000, max_latency=0
03-11 16:16:58.090  2064  2064 I sensors-hal: set_config:61, no need to adjust sample_period_ns due to reporting_mode = 2
03-11 16:16:58.090  2064  2064 I sensors-hal: batch:215, com.motorola.sensor.stowed/65568, period=200000000, max_latency=0 request completed
03-11 16:16:58.090  5625  5625 W libc    : Access denied finding property "vendor.gpp.create_frc_extension"
03-11 16:16:58.091  2064  2064 I sensors-hal: activate:173, com.motorola.sensor.tap/65988 en=0
03-11 16:16:58.092  2061  2108 E minksocket: MinkIPC_QRTR_Service: client with node 1 port 7725 went down
03-11 16:16:58.092  2064  2064 I sensors-hal: activate:184, com.motorola.sensor.tap/65988 en=0 completed
03-11 16:16:58.094  7545  7545 I FileStationLog: [ FileStationManager ] - screenIsOn: false, hasWindowShowed: false
03-11 16:16:58.094  7545  7545 I MotoDesktopLog: [ FileStationLog ] - broadcastMessage - cmd : 2008
03-11 16:16:58.095  3163  3352 D PowerManagerService: handleSandman ignore 0
03-11 16:16:58.100  3163  6975 W AccessibilityWindowsPopulator: The displayInfo of this displayId (0) called back from the surface fligner is null
03-11 16:16:58.102  3163  3352 D PowerManagerService: handleSandman ignore 0
03-11 16:16:58.102  7540 15541 I BatteryCare: [SmartBackground] [DGMC::AccelerateSmartCleanReceiver] action received: android.intent.action.SCREEN_OFF
03-11 16:16:58.106  3163  5158 D WifiStaIfaceHidlImpl: getCachedScanData is not implemented by HIDL
03-11 16:16:58.108  3163  3203 I DreamManagerService: startDozing by com.android.systemui callingUid=10394 callingPid=5625
03-11 16:16:58.108  3163  3203 D DreamManagerService: Dream requested to start dozing: android.os.Binder@583c872, screenState=2, screenBrightness=-1, reason=DREAM_MANAGER_LID_SWITCH
03-11 16:16:58.108  3163  7400 W AccessibilityWindowsPopulator: The displayInfo of this displayId (0) called back from the surface fligner is null
03-11 16:16:58.111 15389 15389 D StateManager: goToState - fromState: Normal, toState: Normal, partial trace:
03-11 16:16:58.111 15389 15389 D StateManager: 	at com.android.launcher3.Launcher.onScreenOnChanged(Launcher.java:3017)
03-11 16:16:58.111 15389 15389 D StateManager: 	at com.android.launcher3.Launcher$$ExternalSyntheticLambda25.onScreenOnChanged(D8$$SyntheticClass:0)
03-11 16:16:58.111 15389 15389 D StateManager: 	at com.android.launcher3.util.ScreenOnTracker.lambda$dispatchScreenOnChanged$0(ScreenOnTracker.java:67)
03-11 16:16:58.112  5493  6013 W HWUI    : Surface doesn't have any previously queued frames, nothing to readback from
03-11 16:16:58.112  3163  3203 D PowerManagerService: nativeSetAutoSuspend enable:false duration ms: 1
03-11 16:16:58.113  3163  3203 D PowerManagerService: nativeAcquireSuspendBlocker name:PowerManagerService.Display duration ms: 1
03-11 16:16:58.113  5625  5625 D KeyguardViewMediator: KeyguardViewMediator queue processing message: NOTIFY_FINISHED_GOING_TO_SLEEP
03-11 16:16:58.114  3163  3352 D PowerManagerService: handleSandman ignore 0
03-11 16:16:58.114  3163  3352 D PowerManagerService: handleSandman ignore 0
03-11 16:16:58.114  3163  3352 I WindowManager: Display 1 turning on...
03-11 16:16:58.115  3163  3352 I DisplayBrightnessStrategySelector: Changing the DisplayBrightnessStrategy from ScreenOffBrightnessStrategy to InvalidBrightnessStrategy for display 1
03-11 16:16:58.115  3163  3229 W WindowManager: All windows drawn on display 1
03-11 16:16:58.115  2300  2300 D SurfaceFlinger: setDesiredDisplayModeSpecs[{0, false, PR={p[24.00-120.00]Hz, r[24.00-60.00]Hz}, AR={p[0.00-120.00]Hz, r[0.00-60.00]Hz}}]: by process 3163 uid 1000 for display 4630947043778501762
03-11 16:16:58.116  3163  3352 V DisplayPowerController2[1]: Brightness [0.3657762] reason changing to: 'manual', previous reason: 'screen_off'.
03-11 16:16:58.116  3163  3352 I DisplayPowerController2[1]: 03-11 16:16:58.116 - BrightnessEvent: disp=1, physDisp=local:4630947043778501763, displayState=ON, displayPolicy=DOZE, brt=0.3657762, initBrt=0.0, rcmdBrt=NaN, preBrt=NaN, lux=0.0, preLux=0.0, brtNits=120.845474, hdrNits=NaN, initNits=3.3701954, preNits=NaN, rcmdNits=NaN, hdrBrightness=NaN, brt(%)=48%, brtInt=94, hbmPolicy=normal, hbmMax=0.7660316, hbmMode=off, rbcStrength=-1, thrmMax=1.0, powerFactor=1.0, wasShortTermModelActive=false, flags=, reason=manual, autoBrightness=true, strategy=InvalidBrightnessStrategy, autoBrightnessMode=default
03-11 16:16:58.117  3163  5308 D PowerManagerService: nativeSetPowerMode ret:false mode:9 enabled:false duration ms: 0
03-11 16:16:58.117  3163  5308 D TouchHwAidlService: setCliDisplayState: mCliScreenOff=false
03-11 16:16:58.117  3163  5308 D LocalDisplayAdapter: setDisplayPowerMode mode=2 for display=android.os.BinderProxy@433f576
03-11 16:16:58.117  3163  3163 I BrightnessSynchronizer: New Update: {[12805] 0.4307784(f), mUpdatedTypes=0, mConfirmedTypes=0, mTimeUpdated=0, mState=2}
03-11 16:16:58.118  5625  5625 I Channel.Remote: [de8362611079428da312381e6bb8b50c|com.motorola.personalize] Keep channel connection alive true by 4
03-11 16:16:58.119  3163  3231 I DisplayDeviceRepository: Display device changed state: "HDMI Screen", ON
03-11 16:16:58.119  2300  2300 D SurfaceFlinger: Setting power mode 2 on display 4630947043778501763
03-11 16:16:58.120  3163  3231 I InputManager-JNI: Viewport [0] to add: local:4630947043778501762, isActive: false
03-11 16:16:58.120  3163  3231 I InputManager-JNI: Viewport [1] to add: local:4630947043778501763, isActive: true
03-11 16:16:58.121  3163  3227 D TouchHwAidlService: updateCliDisplayState: mCliScreenOn=true
03-11 16:16:58.121  3163  3229 V WindowManager: Content Recording: Display 1 state was (1), is now (2), so update recording?
03-11 16:16:58.121  3163  7451 E WindowManager: Dream packageName does not match active dream. Package com.motorola.livewallpaper3.prebuilt.vanilla_reflection does not match ComponentInfo{com.android.systemui/com.android.systemui.doze.DozeService}
03-11 16:16:58.121  3163  3229 D CLI/Transition: displaygroup 1, state ON, pendingdisplaygroup -1
03-11 16:16:58.122  3163  4131 E WindowManager: Dream packageName does not match active dream. Package com.google.android.gsf does not match ComponentInfo{com.android.systemui/com.android.systemui.doze.DozeService}
03-11 16:16:58.122  3163  4131 E WindowManager: Dream packageName does not match active dream. Package com.google.android.gms does not match ComponentInfo{com.android.systemui/com.android.systemui.doze.DozeService}
03-11 16:16:58.122  3163  4285 I InputReader: Reconfiguring input devices, changes=DISPLAY_INFO
03-11 16:16:58.122  3163  4285 I InputReader: Disabling goodix_ts (device 7) because the associated viewport is not active
03-11 16:16:58.122  3163  6909 E WindowManager: Dream packageName does not match active dream. Package com.android.vending does not match ComponentInfo{com.android.systemui/com.android.systemui.doze.DozeService}
03-11 16:16:58.122  3163  4285 I InputReader: Device reconfigured: id=6, name='zinitix_mt', size 194x368, orientation Rotation0, mode DIRECT, display id 1
03-11 16:16:58.122  3163  7451 E WindowManager: Dream packageName does not match active dream. Package org.rajman.neshan.traffic.tehran.navigator does not match ComponentInfo{com.android.systemui/com.android.systemui.doze.DozeService}
03-11 16:16:58.123  3163  3229 I DisplayDevice: [1] Layerstack set to 1 for local:4630947043778501763 mDisplayToken=android.os.BinderProxy@433f576 t=Transaction{mNativeObject=-5476376673043392304, mHashCode=0}
03-11 16:16:58.123  3163  5216 E WindowManager: Dream packageName does not match active dream. Package com.motorola.motocare does not match ComponentInfo{com.android.systemui/com.android.systemui.doze.DozeService}
03-11 16:16:58.123  3163  4131 E WindowManager: Dream packageName does not match active dream. Package com.google.android.inputmethod.latin does not match ComponentInfo{com.android.systemui/com.android.systemui.doze.DozeService}
03-11 16:16:58.123  3163  3231 D PanelsService: updateCliDisplayState: mCliScreenState=ON
03-11 16:16:58.124  3163  3231 W ServiceManagerCppClient: Failed to get isDeclared for com.motorola.hardware.display.panel.IDisplayPanel/default: Status(-1, EX_SECURITY): 'SELinux denied.'
03-11 16:16:58.124  3163  3231 D DisplayPanelService: Setting panel dc mode: 0
03-11 16:16:58.124  3163  7451 E WindowManager: Dream packageName does not match active dream. Package io.appium.settings does not match ComponentInfo{com.android.systemui/com.android.systemui.doze.DozeService}
03-11 16:16:58.124  2090  2090 I DisplayPanel: setDcMode: DC mode = OFF
03-11 16:16:58.124  2090  2090 D DisplayPanel: setParam: Success set DC to 0 for Primary display
03-11 16:16:58.124 15389 15389 I OverviewComponentObserver: updateOverviewTargets: mIsHomeDisabled=true, isDefaultHomeNull=false, mIsDefaultHome=true
03-11 16:16:58.124  5625  5625 I vol.VolumeDialogImpl: mDialog.dismiss() reason: screen_off from: com.android.systemui.volume.VolumeDialogImpl$10.onScreenOff:4 displayId: 0 mShowing: false mIsAnimatingDismiss: true
03-11 16:16:58.124  5625  5625 D vol.VolumeDialogImpl: dismissH: skipping dismiss because isAnimatingDismiss is true and showingStateInconsistent is false
03-11 16:16:58.125  3163  3203 E WindowManager: Dream packageName does not match active dream. Package com.dolby.daxservice does not match ComponentInfo{com.android.systemui/com.android.systemui.doze.DozeService}
03-11 16:16:58.125  3163  3203 E WindowManager: Dream packageName does not match active dream. Package com.google.android.ext.services does not match ComponentInfo{com.android.systemui/com.android.systemui.doze.DozeService}
03-11 16:16:58.125  3163  4131 E WindowManager: Dream packageName does not match active dream. Package com.motorola.launcher3 does not match ComponentInfo{com.android.systemui/com.android.systemui.doze.DozeService}
03-11 16:16:58.127  3163  3203 E WindowManager: Dream packageName does not match active dream. Package com.motorola.mobiledesktop does not match ComponentInfo{com.android.systemui/com.android.systemui.doze.DozeService}
03-11 16:16:58.127 28905 29326 I ActivityScheduler: nextTriggerTime: 190173590, in -441ms, detectorType: 39, FULL_TYPE alarmWindowMillis: 62
03-11 16:16:58.128  2300  2300 I Scheduler: Display 4630947043778501763 is the pacesetter
03-11 16:16:58.128  2300  2300 I Scheduler: promotePacesetterDisplayLocked, mAcceptScrollEvent=1
03-11 16:16:58.128  2300  2300 I Scheduler: promotePacesetterDisplayLocked, mAcceptTouchNotBoostEvent=0
03-11 16:16:58.128 10834 10834 I PkDeviceHelper: PkDeviceHelper.refreshDevices():93 refreshing devices
03-11 16:16:58.129  7545  7545 I FileStationLog: [ FS_h$a ] - [Display] Changed display: 1
03-11 16:16:58.129  3163  4131 E WindowManager: Dream packageName does not match active dream. Package com.motorola.mobiledesktop.core does not match ComponentInfo{com.android.systemui/com.android.systemui.doze.DozeService}
03-11 16:16:58.131  2300  2300 D SurfaceFlinger: Setting desired display mode specs: {0, false, PR={p[24.00-120.00]Hz, r[24.00-120.00]Hz}, AR={p[0.00-120.00]Hz, r[0.00-120.00]Hz}} for display 4630947043778501763
03-11 16:16:58.131  2300  2300 I SurfaceFlinger: Switching to Scheduler preferred mode 0 (60.00 Hz) for display 4630947043778501763
03-11 16:16:58.131  2300  2300 W ComposerExtn: DisplayExtnImpl::SetActiveConfig: HWC Display 2 is not registered!
03-11 16:16:58.131  2300  2300 D DisplayModeController: setDesiredMode 4630947043778501763 {mode={fps=60.00 Hz, modePtr={id=0, vsyncRate=60.00 Hz, peakRefreshRate=60.00 Hz}}, emitEvent=true, force=false}
03-11 16:16:58.132  2195  2586 I SDM     : DisplayBase::SetDisplayState: Set state = 1, display 76-0, teardown = 0
03-11 16:16:58.132  3163  7400 D SystemServerTiming: getUserSwitchability-0
03-11 16:16:58.132  3163  7400 D SystemServerTiming: TM.isInCall
03-11 16:16:58.132  2195  2586 I SDM     : HWDeviceDRM::NullCommit: Null commit succeeded crtc=203
03-11 16:16:58.132  3163  7400 D SystemServerTiming: hasUserRestriction-DISALLOW_USER_SWITCH
03-11 16:16:58.132  3163  7400 D SystemServerTiming: getInt-ALLOW_USER_SWITCHING_WHEN_SYSTEM_USER_LOCKED
03-11 16:16:58.132  3163  7400 D SystemServerTiming: isUserUnlocked-USER_SYSTEM
03-11 16:16:58.133 28905 29391 I NearbyDiscovery: (REDACTED) FastPairHandler: Received action %s
03-11 16:16:58.133 28905 29391 I NearbyDiscovery: (REDACTED) PureOffloadFastPairScanner: eventType=%s, isInternalReq=%s, isScanning=%s, isScanningAllowed=%s
03-11 16:16:58.134 28905 29391 I NearbyDiscovery: (REDACTED) ApFastPairScanner: isScreenOn=%s, isLocationEnabled=%s, disableLocationRequirement=%s, isDiscoveryScanningEnabled=%s, during24GhzWifiWarmingUpPeriod=%s
03-11 16:16:58.134 28905 29391 D BluetoothAdapter: isLeEnabled(): ON
03-11 16:16:58.134 28905 29391 I NearbyDiscovery: (REDACTED) ApFastPairScanner: eventType=%s, intReq=%s, scanning=%s, scanAllowed=%s, bleEnabled=%s, lockScanRate=%s, startScanningByLowPowerMode=%s
03-11 16:16:58.134 28905 29391 I NearbyDiscovery: FastPairController: onSystemStateChanged: skip due to flag disabled [CONTEXT service_id=265 ]
03-11 16:16:58.134  5625  6284 I Channel.Remote: [binder:5625_6] [de8362611079428da312381e6bb8b50c|com.motorola.personalize][782] received remote channel service seq:782 results
03-11 16:16:58.135  3163  7400 E WindowManager: Dream packageName does not match active dream. Package com.motorola.mobiledesktop.core does not match ComponentInfo{com.android.systemui/com.android.systemui.doze.DozeService}
03-11 16:16:58.135  7545  7545 I FileStationLog: [ FS_h$a ] - [Display] Ignoring change for non-default/desktop display: 1
03-11 16:16:58.138  2064 17791 I sensors-hal: handle_indication_realtime:467,  SCHED_FIFO(10) for qmi_cbk
03-11 16:16:58.143  5625  5625 I Typeface: mototime=Rookery-Stacked;moto_time;5625
03-11 16:16:58.146  5625  5625 I Typeface: mototime=Rookery-Stacked;moto_time;5625
03-11 16:16:58.146  5625  5625 D LockScreen_Plugin: notifyAttributesChanged: pluginCallback = com.android.systemui.shared.plugins.MotoLsClockFacePlugin$PluginCallback@db2e267, data = Bundle[{clock_face_time=moto_time, clock_face_color=-1}]
03-11 16:16:58.146  5625  5625 V MotoLsClockFacePlugin: onClockFaceColorChange: 0xffffffff
03-11 16:16:58.146  5625  5625 V MotoLsClockFacePlugin: onClockFontChanged
03-11 16:16:58.146  3163  3202 D SystemServerTiming: getUserSwitchability-0
03-11 16:16:58.146  3163  3202 D SystemServerTiming: TM.isInCall
03-11 16:16:58.147  3163  3202 D SystemServerTiming: hasUserRestriction-DISALLOW_USER_SWITCH
03-11 16:16:58.147  3163  3202 D SystemServerTiming: getInt-ALLOW_USER_SWITCHING_WHEN_SYSTEM_USER_LOCKED
03-11 16:16:58.147  3163  3202 D SystemServerTiming: isUserUnlocked-USER_SYSTEM
03-11 16:16:58.147  3163  7400 D SystemServerTiming: getUserSwitchability-0
03-11 16:16:58.147  3163  7400 D SystemServerTiming: TM.isInCall
03-11 16:16:58.147  3163  7400 D SystemServerTiming: hasUserRestriction-DISALLOW_USER_SWITCH
03-11 16:16:58.147  3163  7400 D SystemServerTiming: getInt-ALLOW_USER_SWITCHING_WHEN_SYSTEM_USER_LOCKED
03-11 16:16:58.147  3163  7400 D SystemServerTiming: isUserUnlocked-USER_SYSTEM
03-11 16:16:58.158  5625  5625 D BiometricsRepositoryImpl: currentUser authFlags changed, new value: AuthenticationFlags(userId=0, flag=0)
03-11 16:16:58.158  3163  3231 W AccessibilityWindowsPopulator: The displayInfo of this displayId (0) called back from the surface fligner is null
03-11 16:16:58.158  5625  5625 D BiometricsRepositoryImpl: currentUser authFlags changed, new value: AuthenticationFlags(userId=0, flag=0)
03-11 16:16:58.161  5625  5625 D BiometricsRepositoryImpl: currentUser authFlags changed, new value: AuthenticationFlags(userId=0, flag=0)
03-11 16:16:58.162  5625  5625 D BiometricsRepositoryImpl: currentUser authFlags changed, new value: AuthenticationFlags(userId=0, flag=0)
03-11 16:16:58.162  5625  5625 D BiometricsRepositoryImpl: currentUser authFlags changed, new value: AuthenticationFlags(userId=0, flag=0)
03-11 16:16:58.163  5625  5625 D BiometricsRepositoryImpl: currentUser authFlags changed, new value: AuthenticationFlags(userId=0, flag=0)
03-11 16:16:58.163  5625  5920 D ControlsListingControllerImpl: Subscribing callback, service count: 1
03-11 16:16:58.164  5625  5920 D ControlsListingControllerImpl: Subscribing callback, service count: 1
03-11 16:16:58.166  5625  5920 D ControlsListingControllerImpl: Subscribing callback, service count: 1
03-11 16:16:58.178 28905 17466 W QAWalletSvc: No wallet cards to return. [CONTEXT service_id=79 ]
03-11 16:16:58.178 28905 17602 W QAWalletSvc: No wallet cards to return. [CONTEXT service_id=79 ]
03-11 16:16:58.179  5625  5920 E QuickAccessWalletKeyguardQuickAffordanceConfig: Wallet card retrieval error, message: "Unable to load your payment info"
03-11 16:16:58.179  5625  5920 E QuickAccessWalletKeyguardQuickAffordanceConfig: Wallet card retrieval error, message: "Unable to load your payment info"
03-11 16:16:58.179 28905 17398 W QAWalletSvc: No wallet cards to return. [CONTEXT service_id=79 ]
03-11 16:16:58.180  5625  5920 E QuickAccessWalletKeyguardQuickAffordanceConfig: Wallet card retrieval error, message: "Unable to load your payment info"
03-11 16:16:58.306  2195  2586 I SDM     : PipeAllocSdma2::CalculatePipeNumToDedicate: num_vig: 0, num_dma: 1
03-11 16:16:58.306  2195  2586 I SDM     : DisplayBase::SetDisplayState: active 1-1 state 1-1 pending_power_state_ 0
03-11 16:16:58.306  2300  2300 W ComposerExtn: DisplayExtnImpl::SetEarlyWakeUpConfig: HWC Display 2 is not registered!
03-11 16:16:58.306  2300  2300 D SurfaceFlinger: Finished setting power mode 2 on display 4630947043778501763
03-11 16:16:58.306  2300  2300 D RefreshRateSelector: [90:120:0]: mTouchBoostRefreshRateAvailable=0, mScrollBoostRefreshRateAvailable=0, mTouchOnBlankNotBoostRefreshRateAvailable=0
03-11 16:16:58.306  3163  5308 D SurfaceControl: Excessive delay in setPowerMode()
03-11 16:16:58.307  3163  5308 W ServiceManagerCppClient: Failed to get isDeclared for com.motorola.hardware.display.panel.IDisplayPanel/default: Status(-1, EX_SECURITY): 'SELinux denied.'
03-11 16:16:58.307  3163  5308 D DisplayPanelService: Setting panel dc mode: 0
03-11 16:16:58.307  2090  2090 I DisplayPanel: setDcMode: DC mode = OFF
03-11 16:16:58.307  2090  2090 D DisplayPanel: setParam: Success set DC to 0 for Primary display
03-11 16:16:58.309  2300  2300 I BpBinder: onLastStrongRef automatically unlinking death recipients: 
03-11 16:16:58.313  3163  7400 E WindowManager: Dream packageName does not match active dream. Package com.dolby.daxservice does not match ComponentInfo{com.android.systemui/com.android.systemui.doze.DozeService}
03-11 16:16:58.313  3163  3229 V WindowManager: Content Recording: Display 1 state was (2), is now (2), so update recording?
03-11 16:16:58.313  3163  3231 D DisplayManagerService: Ignore redundant display event 1/2 to 10416/12833
03-11 16:16:58.313  3163  3229 D CLI/Transition: displaygroup 1, state ON, pendingdisplaygroup -1
03-11 16:16:58.313  3163  7451 E WindowManager: Dream packageName does not match active dream. Package com.android.vending does not match ComponentInfo{com.android.systemui/com.android.systemui.doze.DozeService}
03-11 16:16:58.314  3163  3352 D BrightnessThermalClamper: Thermal status observer already started
03-11 16:16:58.314  3163  3352 D BrightnessThermalClamper: Thermal status observer already started
03-11 16:16:58.314  3163  3352 I WindowManager: Display 1 turned on...
03-11 16:16:58.314  3163  6975 E WindowManager: Dream packageName does not match active dream. Package com.motorola.mobiledesktop.core does not match ComponentInfo{com.android.systemui/com.android.systemui.doze.DozeService}
03-11 16:16:58.314  3163  3231 W AccessibilityWindowsPopulator: The displayInfo of this displayId (0) called back from the surface fligner is null
03-11 16:16:58.315  3163  5216 E WindowManager: Dream packageName does not match active dream. Package com.google.android.ext.services does not match ComponentInfo{com.android.systemui/com.android.systemui.doze.DozeService}
03-11 16:16:58.316  3163  7441 E WindowManager: Dream packageName does not match active dream. Package io.appium.settings does not match ComponentInfo{com.android.systemui/com.android.systemui.doze.DozeService}
03-11 16:16:58.316  3163  3203 E WindowManager: Dream packageName does not match active dream. Package org.rajman.neshan.traffic.tehran.navigator does not match ComponentInfo{com.android.systemui/com.android.systemui.doze.DozeService}
03-11 16:16:58.316  3163  3202 E WindowManager: Dream packageName does not match active dream. Package com.google.android.gsf does not match ComponentInfo{com.android.systemui/com.android.systemui.doze.DozeService}
03-11 16:16:58.318  3163  3352 D PowerManagerService: handleSandman ignore 0
03-11 16:16:58.319  3163  3229 D CLI/SmallCLI: onScreenTurnedOn: 
03-11 16:16:58.319  2300  2300 E Scheduler: trackPendingFrame: Invalid present fence
03-11 16:16:58.320  3163  3163 I BrightnessSynchronizer: New Update: {[12806] 0.4307784(f), mUpdatedTypes=0, mConfirmedTypes=0, mTimeUpdated=0, mState=2}
03-11 16:16:58.320  6344  6344 I WindowController: window interactive state updated to true
03-11 16:16:58.321  3163  3202 E WindowManager: Dream packageName does not match active dream. Package com.google.android.gms does not match ComponentInfo{com.android.systemui/com.android.systemui.doze.DozeService}
03-11 16:16:58.322  3163  5216 E WindowManager: Dream packageName does not match active dream. Package com.motorola.launcher3 does not match ComponentInfo{com.android.systemui/com.android.systemui.doze.DozeService}
03-11 16:16:58.322  3163  7471 E WindowManager: Dream packageName does not match active dream. Package com.motorola.motocare does not match ComponentInfo{com.android.systemui/com.android.systemui.doze.DozeService}
03-11 16:16:58.322  3163  4131 E WindowManager: Dream packageName does not match active dream. Package com.motorola.mobiledesktop does not match ComponentInfo{com.android.systemui/com.android.systemui.doze.DozeService}
03-11 16:16:58.323  3163  6909 E WindowManager: Dream packageName does not match active dream. Package com.google.android.inputmethod.latin does not match ComponentInfo{com.android.systemui/com.android.systemui.doze.DozeService}
03-11 16:16:58.323  3163  6975 E WindowManager: Dream packageName does not match active dream. Package com.motorola.livewallpaper3.prebuilt.vanilla_reflection does not match ComponentInfo{com.android.systemui/com.android.systemui.doze.DozeService}
03-11 16:16:58.324  7545  7545 I FileStationLog: [ FS_h$a ] - [Display] Changed display: 1
03-11 16:16:58.325  3163  6909 E WindowManager: Dream packageName does not match active dream. Package com.motorola.mobiledesktop.core does not match ComponentInfo{com.android.systemui/com.android.systemui.doze.DozeService}
03-11 16:16:58.326  7545  7545 I FileStationLog: [ FS_h$a ] - [Display] Ignoring change for non-default/desktop display: 1
03-11 16:16:58.336  2300  2300 E Scheduler: trackPendingFrame: Invalid present fence
03-11 16:16:58.341  3163  3227 D PowerManagerService: nativeReleaseSuspendBlocker name:PowerManagerService.Broadcasts duration ms: 0
03-11 16:16:58.343  3163  6909 W InputDispatcher: Focused display #1 does not have a focused window.
03-11 16:16:58.344  3163  3231 W AccessibilityWindowsPopulator: The displayInfo of this displayId (0) called back from the surface fligner is null
03-11 16:16:58.344  3163  3231 V WindowManager: Unknown focus tokens, dropping reportFocusChanged
03-11 16:16:58.345  6344  6344 W libc    : Access denied finding property "vendor.display.enable_optimal_refresh_rate"
03-11 16:16:58.345  6344  6344 W libc    : Access denied finding property "vendor.gpp.create_frc_extension"
03-11 16:16:58.351  2064  4171 D slpi-TMD2712: tmd2712: Prox pdata 3, offset1:69, full: 708, NearBy: 0, Lth:54, Hth:85,off_l 69. off_h 0, th_l 1, th_h 85
03-11 16:16:58.360  2300  2300 E Scheduler: trackPendingFrame: Invalid present fence
03-11 16:16:58.363  2064  4171 D slpi-TMD2712: tmd2712: Prox pdata 5, offset1:69, full: 716, NearBy: 0, Lth:54, Hth:85,off_l 69. off_h 0, th_l 1, th_h 85
03-11 16:16:58.378  2300  2300 E Scheduler: trackPendingFrame: Invalid present fence
03-11 16:16:58.383  3163  4298 I ImeTracker: com.motorola.launcher.secondarydisplay:4fd923e7: onRequestHide at ORIGIN_SERVER reason HIDE_UNSPECIFIED_WINDOW fromUser false
03-11 16:16:58.383  3163  4298 I ImeTracker: com.motorola.launcher.secondarydisplay:4fd923e7: onCancelled at PHASE_SERVER_SHOULD_HIDE
03-11 16:16:58.383 17062 17062 D InsetsController: hide(ime(), fromIme=true)
03-11 16:16:58.384 10834 10834 I GoogleInputMethodService: GoogleInputMethodService.onFinishInput():2097 
03-11 16:16:58.384 10834 10834 I Module  : DeviceLockedStatusModuleProvider$Module.updateDeviceLockedStatus():103 repeatCheckTimes = 0, locked = false
03-11 16:16:58.385 10834 10834 W SessionManager: SessionManager.endSession():88 Try to end a not begun session [INPUT_SESSION].
03-11 16:16:58.385 10834 10834 I GoogleInputMethodService: GoogleInputMethodService.onDestroy():934 
03-11 16:16:58.385 10834 10834 I GlobeKeyExtension: GlobeKeyExtension.onDestroyExtension():162 
03-11 16:16:58.385 10834 10834 I ModuleManager: ModuleManager$ModuleInitListener.maybeUnloadModuleOnUnavailable():1386 module lvk is unavailable
03-11 16:16:58.385 10834 10834 I HardKeyTracker: HardKeyTracker.unregisterKeySequence():221 Unregister key sequence nul{labelResId=2132020475, callback=cnx@d82fd39, lastModifier=2, keyCodes=[47], actions=[0]}
03-11 16:16:58.385 10834 10834 I ModuleManager: ModuleManager$ModuleInitListener.maybeUnloadModuleOnUnavailable():1386 module eci is unavailable
03-11 16:16:58.385 10834 10834 I ModuleManager: ModuleManager$ModuleInitListener.maybeUnloadModuleOnUnavailable():1386 module hvi is unavailable
03-11 16:16:58.385 10834 10834 I ModuleManager: ModuleManager$ModuleInitListener.maybeUnloadModuleOnUnavailable():1386 module mhz is unavailable
03-11 16:16:58.385 10834 10834 I ModuleManager: ModuleManager$ModuleInitListener.maybeUnloadModuleOnUnavailable():1386 module mia is unavailable
03-11 16:16:58.385 10834 10834 I ModuleManager: ModuleManager$ModuleInitListener.maybeUnloadModuleOnUnavailable():1386 module mib is unavailable
03-11 16:16:58.385 10834 10834 I ModuleManager: ModuleManager$ModuleInitListener.maybeUnloadModuleOnUnavailable():1386 module mic is unavailable
03-11 16:16:58.385 10834 10834 I ModuleManager: ModuleManager$ModuleInitListener.maybeUnloadModuleOnUnavailable():1386 module mie is unavailable
03-11 16:16:58.385 10834 10834 I ModuleManager: ModuleManager$ModuleInitListener.maybeUnloadModuleOnUnavailable():1386 module mii is unavailable
03-11 16:16:58.385 10834 10834 I ModuleManager: ModuleManager$ModuleInitListener.maybeUnloadModuleOnUnavailable():1386 module mtq is unavailable
03-11 16:16:58.385 10834 10834 I HardKeyTracker: HardKeyTracker.unregisterKeySequence():221 Unregister key sequence nul{labelResId=0, callback=lkj@50d33f5, lastModifier=0, keyCodes=[204], actions=[0]}
03-11 16:16:58.385 10834 10834 I ModuleManager: ModuleManager$ModuleInitListener.maybeUnloadModuleOnUnavailable():1386 module mts is unavailable
03-11 16:16:58.385 10834 10834 I ModuleManager: ModuleManager$ModuleInitListener.maybeUnloadModuleOnUnavailable():1386 module nyc is unavailable
03-11 16:16:58.386  3163  4298 W InputManager-JNI: Input channel object 'b5d6676 InputMethod (client)' was disposed without first being removed with the input manager!
03-11 16:16:58.386 10834 10834 I ModuleManager: ModuleManager$ModuleInitListener.maybeUnloadModuleOnUnavailable():1386 module ljh is unavailable
03-11 16:16:58.387 10834 10834 I ModuleManager: ModuleManager$ModuleInitListener.maybeUnloadModuleOnUnavailable():1386 module ewi is unavailable
03-11 16:16:58.387 10834 10834 I ModuleManager: ModuleManager$ModuleInitListener.maybeUnloadModuleOnUnavailable():1386 module fol is unavailable
03-11 16:16:58.387 17062 17062 I ImeTracker: org.rajman.neshan.traffic.tehran.navigator:20c164f2: onRequestHide at ORIGIN_CLIENT reason HIDE_SOFT_INPUT_BY_INSETS_API fromUser false
03-11 16:16:58.387 10834 10834 I ModuleManager: ModuleManager$ModuleInitListener.maybeUnloadModuleOnUnavailable():1386 module fub is unavailable
03-11 16:16:58.388 10834 10834 I ModuleManager: ModuleManager$ModuleInitListener.maybeUnloadModuleOnUnavailable():1386 module fvu is unavailable
03-11 16:16:58.388 10834 10834 I ModuleManager: ModuleManager$ModuleInitListener.maybeUnloadModuleOnUnavailable():1386 module gfa is unavailable
03-11 16:16:58.388 17062 17062 I ImeTracker: org.rajman.neshan.traffic.tehran.navigator:20c164f2: onCancelled at PHASE_CLIENT_APPLY_ANIMATION
03-11 16:16:58.388 10834 10834 I ModuleManager: ModuleManager$ModuleInitListener.maybeUnloadModuleOnUnavailable():1386 module ggo is unavailable
03-11 16:16:58.388 10834 10834 I ModuleManager: ModuleManager$ModuleInitListener.maybeUnloadModuleOnUnavailable():1386 module gjm is unavailable
03-11 16:16:58.388 10834 10834 I JapaneseMozcExtension: JapaneseMozcExtension.onDestroy():52 
03-11 16:16:58.388  3163  4298 I ImeTracker: com.motorola.launcher.secondarydisplay:474e5091: onRequestHide at ORIGIN_SERVER reason HIDE_DISPLAY_IME_POLICY_HIDE fromUser false
03-11 16:16:58.388 10834 10834 I ModuleManager: ModuleManager$ModuleInitListener.maybeUnloadModuleOnUnavailable():1386 module gkb is unavailable
03-11 16:16:58.388  3163  4298 I ImeTracker: com.motorola.launcher.secondarydisplay:474e5091: onCancelled at PHASE_SERVER_SHOULD_HIDE
03-11 16:16:58.388 10834 10996 I InputActionMetricsProcessor: InputActionMetricsProcessor.onDetached():109 Detached from metrics manager.
03-11 16:16:58.388 10834 10834 I ModuleManager: ModuleManager$ModuleInitListener.maybeUnloadModuleOnUnavailable():1386 module gya is unavailable
03-11 16:16:58.388 10834 10834 I ModuleManager: ModuleManager$ModuleInitListener.maybeUnloadModuleOnUnavailable():1386 module IEmojiOrGifExtension is unavailable
03-11 16:16:58.388 10834 10834 I ModuleManager: ModuleManager$ModuleInitListener.maybeUnloadModuleOnUnavailable():1386 module IEmoticonExtension is unavailable
03-11 16:16:58.388 10834 10834 I ModuleManager: ModuleManager$ModuleInitListener.maybeUnloadModuleOnUnavailable():1386 module hlc is unavailable
03-11 16:16:58.388 10834 10834 I ModuleManager: ModuleManager$ModuleInitListener.maybeUnloadModuleOnUnavailable():1386 module hoe is unavailable
03-11 16:16:58.389 10834 10834 I ModuleManager: ModuleManager$ModuleInitListener.maybeUnloadModuleOnUnavailable():1386 module hqs is unavailable
03-11 16:16:58.389 10834 10834 I ModuleManager: ModuleManager$ModuleInitListener.maybeUnloadModuleOnUnavailable():1386 module nwn is unavailable
03-11 16:16:58.389 10834 10834 I ModuleManager: ModuleManager$ModuleInitListener.maybeUnloadModuleOnUnavailable():1386 module iga is unavailable
03-11 16:16:58.389 10834 10834 I UniversalDictationExtension: UniversalDictationExtension.onDestroyExtension():136 onDestroy [UD]
03-11 16:16:58.389 10834 10834 I ModuleManager: ModuleManager$ModuleInitListener.maybeUnloadModuleOnUnavailable():1386 module igb is unavailable
03-11 16:16:58.389 10834 10834 I ModuleManager: ModuleManager$ModuleInitListener.maybeUnloadModuleOnUnavailable():1386 module iiq is unavailable
03-11 16:16:58.389 10834 10834 I NewS3RecognizerModule: NewS3RecognizerModule.onDestroy():28 onDestroy [news3]
03-11 16:16:58.389 10834 10834 I ModuleManager: ModuleManager$ModuleInitListener.maybeUnloadModuleOnUnavailable():1386 module imw is unavailable
03-11 16:16:58.389 10834 10834 I ModuleManager: ModuleManager$ModuleInitListener.maybeUnloadModuleOnUnavailable():1386 module kdw is unavailable
03-11 16:16:58.390 10834 10834 I HardKeyTracker: HardKeyTracker.unregisterKeySequence():221 Unregister key sequence nul{labelResId=2132020466, callback=cth@93e2e15, lastModifier=2, keyCodes=[56], actions=[0]}
03-11 16:16:58.390 10834 10834 I HardKeyTracker: HardKeyTracker.unregisterKeySequence():221 Unregister key sequence nul{labelResId=2132020466, callback=cth@ac2352a, lastModifier=0, keyCodes=[317], actions=[0]}
03-11 16:16:58.390 10834 10834 I HardKeyTracker: HardKeyTracker.unregisterKeySequence():221 Unregister key sequence nul{labelResId=2132020465, callback=cth@f0e51e, lastModifier=2, keyCodes=[50], actions=[0]}
03-11 16:16:58.390 10834 10834 I HardKeyTracker: HardKeyTracker.unregisterKeySequence():221 Unregister key sequence nul{labelResId=2132020470, callback=cth@4829559, lastModifier=2, keyCodes=[48], actions=[0]}
03-11 16:16:58.390 10834 10834 I HardKeyTracker: HardKeyTracker.unregisterKeySequence():221 Unregister key sequence nul{labelResId=2132020468, callback=cth@d5afea3, lastModifier=2, keyCodes=[37], actions=[0]}
03-11 16:16:58.390 10834 10834 I HardKeyTracker: HardKeyTracker.unregisterKeySequence():221 Unregister key sequence nul{labelResId=2132020470, callback=cth@97a1bcc, lastModifier=2, keyCodes=[48], actions=[0]}
03-11 16:16:58.390 10834 10834 I HardKeyTracker: HardKeyTracker.unregisterKeySequence():221 Unregister key sequence nul{labelResId=2132020465, callback=cth@f94e1ff, lastModifier=2, keyCodes=[50], actions=[0]}
03-11 16:16:58.390 10834 10834 I HardKeyTracker: HardKeyTracker.unregisterKeySequence():221 Unregister key sequence nul{labelResId=2132018771, callback=cth@7e3d907, lastModifier=2, keyCodes=[39], actions=[0]}
03-11 16:16:58.390 10834 10834 I HardKeyTracker: HardKeyTracker.unregisterKeySequence():221 Unregister key sequence nul{labelResId=2132020469, callback=cth@6e8bdd2, lastModifier=65536, keyCodes=[76], actions=[0]}
03-11 16:16:58.391 10834 10834 I ModuleManager: ModuleManager$ModuleInitListener.maybeUnloadModuleOnUnavailable():1386 module kgi is unavailable
03-11 16:16:58.391 10834 10834 I ModuleManager: ModuleManager$ModuleInitListener.maybeUnloadModuleOnUnavailable():1386 module lns is unavailable
03-11 16:16:58.391 10834 10834 I ModuleManager: ModuleManager$ModuleInitListener.maybeUnloadModuleOnUnavailable():1386 module IBannerExtension is unavailable
03-11 16:16:58.391 10834 10834 I ModuleManager: ModuleManager$ModuleInitListener.maybeUnloadModuleOnUnavailable():1386 module ohp is unavailable
03-11 16:16:58.391 10834 10834 I ModuleManager: ModuleManager$ModuleInitListener.maybeUnloadModuleOnUnavailable():1386 module oky is unavailable
03-11 16:16:58.391  5625  5625 I vol.VolumeDialogImpl: dismissH reason = volume_controller mDialog.isShowing(): false
03-11 16:16:58.391 10834 10834 I ModuleManager: ModuleManager$ModuleInitListener.maybeUnloadModuleOnUnavailable():1386 module ifj is unavailable
03-11 16:16:58.391 10834 10834 I ModuleManager: ModuleManager$ModuleInitListener.maybeUnloadModuleOnUnavailable():1386 module ifn is unavailable
03-11 16:16:58.393 10834 10834 I ModuleManager: ModuleManager$ModuleInitListener.maybeUnloadModuleOnUnavailable():1386 module nyi is unavailable
03-11 16:16:58.393 10834 10834 W NotificationCenter: NotificationCenter.unregisterListener():480 Listener ktn@8651dbd was not registered for notification class mev
03-11 16:16:58.393 10834 10834 W NotificationCenter: NotificationCenter.unregisterListener():480 Listener ktm@23de114 was not registered for notification class men
03-11 16:16:58.393 10834 10834 W NotificationCenter: NotificationCenter.unregisterListener():480 Listener nhv@bf2cf67 was not registered for notification class kgz
03-11 16:16:58.393 10834 10834 W NotificationCenter: NotificationCenter.unregisterListener():480 Listener ktc@4d2fb03 was not registered for notification class lhi
03-11 16:16:58.394 10834 10834 W NotificationCenter: NotificationCenter.unregisterListener():480 Listener kdq@7b8fd02 was not registered for notification class kfo
03-11 16:16:58.394 10834 10834 I HardKeyTracker: HardKeyTracker.unregisterKeySequence():221 Unregister key sequence nul{labelResId=2132020472, callback=null, lastModifier=2, keyCodes=[8], actions=[0]}
03-11 16:16:58.394 10834 10834 I HardKeyTracker: HardKeyTracker.unregisterKeySequence():221 Unregister key sequence nul{labelResId=2132020474, callback=gqg@a52aadc, lastModifier=2, keyCodes=[62], actions=[0]}
03-11 16:16:58.394 10834 10834 I ModuleManager: ModuleManager$ModuleInitListener.maybeUnloadModuleOnUnavailable():1386 module kdu is unavailable
03-11 16:16:58.394 10834 10834 I ModuleManager: ModuleManager$ModuleInitListener.maybeUnloadModuleOnUnavailable():1386 module olt is unavailable
03-11 16:16:58.396 10834 10834 I ModuleManager: ModuleManager$ModuleInitListener.maybeUnloadModuleOnUnavailable():1386 module hok is unavailable
03-11 16:16:58.398 10834 10834 I ModuleManager: ModuleManager$ModuleInitListener.maybeUnloadModuleOnUnavailable():1386 module ghq is unavailable
03-11 16:16:58.399 10834 10834 I ModuleManager: ModuleManager$ModuleInitListener.maybeUnloadModuleOnUnavailable():1386 module hvu is unavailable
03-11 16:16:58.399  3163  3231 W AccessibilityWindowsPopulator: The displayInfo of this displayId (0) called back from the surface fligner is null
03-11 16:16:58.399 10834 10834 I ModuleManager: ModuleManager$ModuleInitListener.maybeUnloadModuleOnUnavailable():1386 module ecr is unavailable
03-11 16:16:58.399 10834 10834 I ModuleManager: ModuleManager$ModuleInitListener.maybeUnloadModuleOnUnavailable():1386 module esr is unavailable
03-11 16:16:58.400 10834 10834 I ModuleManager: ModuleManager$ModuleInitListener.maybeUnloadModuleOnUnavailable():1386 module hzz is unavailable
03-11 16:16:58.400 10834 10834 I ModuleManager: ModuleManager$ModuleInitListener.maybeUnloadModuleOnUnavailable():1386 module ifc is unavailable
03-11 16:16:58.400 10834 10834 I ModuleManager: ModuleManager$ModuleInitListener.maybeUnloadModuleOnUnavailable():1386 module ntv is unavailable
03-11 16:16:58.400 10834 10834 I ModuleManager: ModuleManager$ModuleInitListener.maybeUnloadModuleOnUnavailable():1386 module ntw is unavailable
03-11 16:16:58.400 10834 10834 I ModuleManager: ModuleManager$ModuleInitListener.maybeUnloadModuleOnUnavailable():1386 module oav is unavailable
03-11 16:16:58.400 10834 10834 I ModuleManager: ModuleManager$ModuleInitListener.maybeUnloadModuleOnUnavailable():1386 module hzy is unavailable
03-11 16:16:58.401 10834 10834 I ModuleManager: ModuleManager$ModuleInitListener.maybeUnloadModuleOnUnavailable():1386 module ggm is unavailable
03-11 16:16:58.402 10834 10834 I ModuleManager: ModuleManager$ModuleInitListener.maybeUnloadModuleOnUnavailable():1386 module efd is unavailable
03-11 16:16:58.402 10834 10834 I ModuleManager: ModuleManager$ModuleInitListener.maybeUnloadModuleOnUnavailable():1386 module ief is unavailable
03-11 16:16:58.402 10834 10834 I ModuleManager: ModuleManager$ModuleInitListener.maybeUnloadModuleOnUnavailable():1386 module ifb is unavailable
03-11 16:16:58.402 10834 10834 I ModuleManager: ModuleManager$ModuleInitListener.maybeUnloadModuleOnUnavailable():1386 module ITranslateUiExtension is unavailable
03-11 16:16:58.402 10834 10834 I ModuleManager: ModuleManager$ModuleInitListener.maybeUnloadModuleOnUnavailable():1386 module egz is unavailable
03-11 16:16:58.418 10834 10834 W NotificationCenter: NotificationCenter.unregisterListener():480 Listener eei@6331050 was not registered for notification class ndp
03-11 16:16:58.418 10834 10834 W NotificationCenter: NotificationCenter.unregisterListener():480 Listener efs@d0a552f was not registered for notification class ndp
03-11 16:16:58.419 10834 10834 I ModuleManager: ModuleManager$ModuleInitListener.maybeUnloadModuleOnUnavailable():1386 module ego is unavailable
03-11 16:16:58.420 10834 10834 I ModuleManager: ModuleManager$ModuleInitListener.maybeUnloadModuleOnUnavailable():1386 module ojg is unavailable
03-11 16:16:58.420 10834 10834 I ModuleManager: ModuleManager$ModuleInitListener.maybeUnloadModuleOnUnavailable():1386 module oha is unavailable
