03-10 09:33:53.111  2300  2300 D RefreshRateSelector: primary render rates: {fps=24.00 Hz, modePtr={id=7, vsyncRate=24.00 Hz, peakRefreshRate=24.00 Hz}} {fps=30.00 Hz, modePtr={id=5, vsyncRate=60.00 Hz, peakRefreshRate=60.00 Hz}} {fps=30.00 Hz, modePtr={id=4, vsyncRate=90.00 Hz, peakRefreshRate=90.00 Hz}} {fps=30.00 Hz, modePtr={id=6, vsyncRate=30.00 Hz, peakRefreshRate=30.00 Hz}} {fps=40.00 Hz, modePtr={id=0, vsyncRate=120.00 Hz, peakRefreshRate=120.00 Hz}} {fps=45.00 Hz, modePtr={id=4, vsyncRate=90.00 Hz, peakRefreshRate=90.00 Hz}} {fps=60.00 Hz, modePtr={id=5, vsyncRate=60.00 Hz, peakRefreshRate=60.00 Hz}} {fps=90.00 Hz, modePtr={id=4, vsyncRate=90.00 Hz, peakRefreshRate=90.00 Hz}} {fps=120.00 Hz, modePtr={id=0, vsyncRate=120.00 Hz, peakRefreshRate=120.00 Hz}} , isVrrDevice? 0
03-10 09:33:53.111  2300  2300 D RefreshRateSelector: app request render rates: {fps=24.00 Hz, modePtr={id=7, vsyncRate=24.00 Hz, peakRefreshRate=24.00 Hz}} {fps=30.00 Hz, modePtr={id=5, vsyncRate=60.00 Hz, peakRefreshRate=60.00 Hz}} {fps=30.00 Hz, modePtr={id=4, vsyncRate=90.00 Hz, peakRefreshRate=90.00 Hz}} {fps=30.00 Hz, modePtr={id=6, vsyncRate=30.00 Hz, peakRefreshRate=30.00 Hz}} {fps=40.00 Hz, modePtr={id=0, vsyncRate=120.00 Hz, peakRefreshRate=120.00 Hz}} {fps=45.00 Hz, modePtr={id=4, vsyncRate=90.00 Hz, peakRefreshRate=90.00 Hz}} {fps=60.00 Hz, modePtr={id=5, vsyncRate=60.00 Hz, peakRefreshRate=60.00 Hz}} {fps=90.00 Hz, modePtr={id=4, vsyncRate=90.00 Hz, peakRefreshRate=90.00 Hz}} {fps=120.00 Hz, modePtr={id=0, vsyncRate=120.00 Hz, peakRefreshRate=120.00 Hz}} , isVrrDevice? 0
03-10 09:33:53.111  2300  2300 I RefreshRateSelector: constructAvailableRefreshRates: Found m60HzRefreshRateModeOpt at index 5
03-10 09:33:53.111  2300  2300 I RefreshRateSelector: constructAvailableRefreshRates: Found m90HzRefreshRateModeOpt at index 4
03-10 09:33:53.111  2300  2300 I RefreshRateSelector: constructAvailableRefreshRates: Found m90HzRefreshRateModeOpt at index 4
03-10 09:33:53.111  2300  2300 I RefreshRateSelector: constructAvailableRefreshRates: Found m60HzRefreshRateModeOpt at index 5
03-10 09:33:53.111  2300  2300 I RefreshRateSelector: constructAvailableRefreshRates: Found m90HzRefreshRateModeOpt at index 4
03-10 09:33:53.111  2300  2300 D RefreshRateSelector: Special render rates: [{fps=120.00 Hz, modePtr={id=0, vsyncRate=120.00 Hz, peakRefreshRate=120.00 Hz}} (1Hz)] [{fps=120.00 Hz, modePtr={id=1, vsyncRate=120.00 Hz, peakRefreshRate=120.00 Hz}} (10Hz)] 
03-10 09:33:53.111  2300  2300 D RefreshRateSelector: found  TouchBoostRefreshRate: {fps=90.00 Hz, modePtr={id=4, vsyncRate=90.00 Hz, peakRefreshRate=90.00 Hz}}
03-10 09:33:53.111  2300  2300 D RefreshRateSelector: found  ScrollBoostRefreshRate: {fps=120.00 Hz, modePtr={id=0, vsyncRate=120.00 Hz, peakRefreshRate=120.00 Hz}}
03-10 09:33:53.111  2300  2300 D RefreshRateSelector: [90:120:0]: mTouchBoostRefreshRateAvailable=1, mScrollBoostRefreshRateAvailable=1, mTouchOnBlankNotBoostRefreshRateAvailable=0
03-10 09:33:53.111  2300  2300 I RefreshRateSelector: Display 4630947043778501762 policy changed
03-10 09:33:53.111  2300  2300 I RefreshRateSelector: Previous: {defaultModeId=0, allowGroupSwitching=false, primaryRanges={physical=[24.00 Hz, 120.00 Hz], render=[24.00 Hz, 60.00 Hz]}, appRequestRanges={physical=[0.00 Hz, 120.00 Hz], render=[0.00 Hz, 120.00 Hz]} idleScreenConfig=nullptr}
03-10 09:33:53.111  2300  2300 I RefreshRateSelector: Current:  DisplayManagerPolicy{defaultModeId=0, allowGroupSwitching=false, primaryRanges={physical=[24.00 Hz, 120.00 Hz], render=[24.00 Hz, 120.00 Hz]}, appRequestRanges={physical=[0.00 Hz, 120.00 Hz], render=[0.00 Hz, 120.00 Hz]} idleScreenConfig=nullptr}
03-10 09:33:53.111  2300  2300 I RefreshRateSelector: 5 mode changes were performed under the previous policy
03-10 09:33:53.111  2300  2300 D SurfaceFlinger: Setting desired display mode specs: {0, false, PR={p[24.00-120.00]Hz, r[24.00-120.00]Hz}, AR={p[0.00-120.00]Hz, r[0.00-120.00]Hz}} for display 4630947043778501762
03-10 09:33:53.111  2300  2300 I SurfaceFlinger: Switching to Scheduler preferred mode 4 (90.00 Hz) for display 4630947043778501762
03-10 09:33:53.111  2300  2300 D DisplayModeController: setDesiredMode 4630947043778501762 {mode={fps=90.00 Hz, modePtr={id=4, vsyncRate=90.00 Hz, peakRefreshRate=90.00 Hz}}, emitEvent=true, force=false}
03-10 09:33:53.111  2300  2300 I SurfaceFlinger: setDesiredModeSpecsByBrightnessZone Prim done to {0, false, PR={p[24.00-120.00]Hz, r[24.00-120.00]Hz}, AR={p[0.00-120.00]Hz, r[0.00-120.00]Hz}} from {0, false, PR={p[24.00-120.00]Hz, r[24.00-60.00]Hz}, AR={p[0.00-120.00]Hz, r[0.00-120.00]Hz}}, NitUpperLimit=80 inZone=1 due to [0.354580-75.948517]
03-10 09:33:53.111  2300  2300 I SurfaceFlinger: setDesiredModeSpecsByBrightnessZone setAllowSwitchingGroupFlag to 0x2
03-10 09:33:53.118  2300  2436 D VSyncReactor: 4630947043778501762: confirming period 16->11(cnt1)
03-10 09:33:53.120  5625  5625 I KeyguardTransitionRepository: FINISHED transition: TransitionStep(from=DOZING, to=LOCKSCREEN, value=1.0, transitionState=FINISHED, ownerName=FromDozingTransitionInteractor)
03-10 09:33:53.121  2300  2300 I Scheduler: applyPolicy: UpdateRefreshRate 90 to 120 of group 3: [touch=1:1 touchBoost=1 scroll=0:0 idle=0:0] for display 4630947043778501762
03-10 09:33:53.121  2300  2300 D DisplayModeController: setDesiredMode 4630947043778501762 {mode={fps=120.00 Hz, modePtr={id=0, vsyncRate=120.00 Hz, peakRefreshRate=120.00 Hz}}, emitEvent=true, force=false}
03-10 09:33:53.122  2300  2300 I SurfaceFlinger: initiateDisplayModeChanges changing active mode from 5(60.00 Hz:3) to 0(120.00 Hz:3) for display 4630947043778501762
03-10 09:33:53.122  2300  2300 I SurfaceFlinger: initiateDisplayModeChanges active mode changed to 0(120.00 Hz) for display 4630947043778501762. mBrightnessDimingCnt=0
03-10 09:33:53.122  2195  2586 W SDM     : HWDeviceDRM::GetSupportedBitClkRate: Requested rate not supported: 0
03-10 09:33:53.122  2195  2586 I SDM     : HWDeviceDRM::UpdateMixerAttributes: Mixer WxH 1080x2640-0 for Peripheral
03-10 09:33:53.123  2068  6060 I vendor.qti.bluetooth@1.0-ibs_handler: ProcessIbsCmd: Received IBS_SLEEP_IND: 0xFE
03-10 09:33:53.123  2195  2586 I SDM     : HWCDisplay::SubmitDisplayConfig: Active configuration changed from config 5 to 0
03-10 09:33:53.125  2163  2163 D SENSOREXT_ALS_COMP: FrontLight: ReportLux 21.96 (29.18-54.42), pre 21.96, dbv 6183, dc 0, fps 90, chPanel 28.73-16.24-11.01-4.79, facCal:lux_s 1.19 cha_s 0.94-0.94-0.90-0.94, RunInfo: DPB 8541-33, TF 8541-0
03-10 09:33:53.128  1295  1295 E KeymasterUtils: rsp_header->status: -28
03-10 09:33:53.128  1295  1295 E KeyMasterHalDevice: abort_operation
03-10 09:33:53.128  1295  1295 E KeyMasterHalDevice: ret: -28
03-10 09:33:53.137  3163  3231 I DisplayDeviceRepository: Display device changed render timings: "Built-in Screen", renderFrameRate=120.00001, presentationDeadlineNanos=13333332, appVsyncOffsetNanos=1000000
03-10 09:33:53.137  2300  2300 I SurfaceFlinger: initiateDisplayModeChanges changing active mode from 0(120.00 Hz:3) to 0(120.00 Hz:3) for display 4630947043778501762
03-10 09:33:53.139  3163  3352 D BrightnessThermalClamper: Thermal status observer already started
03-10 09:33:53.139  3163  3229 D CLI/Transition: displaygroup 0, state ON, pendingdisplaygroup -1
03-10 09:33:53.140  2067 11748 D AHAL: AudioDevice: SetParameters: 1564: enter: screen_state=on
03-10 09:33:53.140  2067 11748 D AHAL: AudioVoice: VoiceSetParameters: 87: Enter params: screen_state=on
03-10 09:33:53.140  2067 11748 D AHAL: AudioVoice: VoiceSetParameters: 360: Exit ret: 0
03-10 09:33:53.140  2067 11748 D AHAL: FM: fm_set_parameters: 262: Enter
03-10 09:33:53.140  2067 11748 D AHAL: FM: fm_set_parameters: 320: exit
03-10 09:33:53.140  2067 11748 D AHAL: AudioDevice: SetParameters: 1625:  - screen = on
03-10 09:33:53.140  2067 11748 I PAL: ResourceManager: setParameter: 8311: Screen State:1
03-10 09:33:53.140  2067 11748 D AHAL: AudioDevice: SetParameters: 2361: exit: screen_state=on
03-10 09:33:53.143  2300  2436 D VSyncReactor: 4630947043778501762: period 8 confirmed(cnt2)
03-10 09:33:53.143 26976 27604 D MCLOG   : [BrightnessTrigger] onDisplayChanged displayId = 0
03-10 09:33:53.146  7545  7545 I FileStationLog: [ FS_h$a ] - [Display] Changed display: 0
03-10 09:33:53.146  7545  7545 I FileStationLog: [ FS_h ] - [Logic] Retrieved display info: LogicDisplayInfo(width=1080, height=2640, orientation=1, rotation=0, displayId=0)
03-10 09:33:53.146  7545  7545 I FileStationLog: [ FS_h$a ] - [Display] New logical size: 1080x2640
03-10 09:33:53.146  7545  7545 I FileStationLog: [ FS_h$a ] - [Display] Screen width unchanged: 1080
03-10 09:33:53.146 26976 27604 D MCLOG   : [BrightnessManager] displayId = 0 brightness = 0.33317703 nit = 74.50841 level = br1
03-10 09:33:53.158  2064  4171 D slpi    : tmd2712: Als lux: 26.10, ch0: 878, ch1: 371, scale: 1.08, atime:50.04, again:1024
03-10 09:33:53.180  1295  1295 E KeymasterUtils: rsp_header->status: -28
03-10 09:33:53.180  1295  1295 E KeyMasterHalDevice: abort_operation
03-10 09:33:53.180  1295  1295 E KeyMasterHalDevice: ret: -28
03-10 09:33:53.182 11263 11263 I Typeface: updateThemeFont new=Rookery-Regular;old=sans-serif;new=Rookery-Stacked;old=
03-10 09:33:53.183  5705 26054 D DolbyProvider: query() get dolby version=8
03-10 09:33:53.188  3163  6975 I ActivityManager: Flag disabled. Ignoring finishAttachApplication from uid: 10182. pid: 11263
03-10 09:33:53.192  3163  3231 I DisplayDeviceRepository: Display device changed: DisplayDeviceInfo{"Built-in Screen": uniqueId="local:4630947043778501762", 1080 x 2640, modeId 1, renderFrameRate 120.00001, defaultModeId 1, userPreferredModeId -1, supportedModes [{id=1, width=1080, height=2640, fps=120.00001, vsync=120.00001, synthetic=false, alternativeRefreshRates=[24.000002, 60.000004], supportedHdrTypes=[2, 3, 4]}, {id=2, width=1080, height=2640, fps=144.00002, vsync=144.00002, synthetic=false, alternativeRefreshRates=[], supportedHdrTypes=[2, 3, 4]}, {id=3, width=1080, height=2640, fps=90.0, vsync=90.0, synthetic=false, alternativeRefreshRates=[], supportedHdrTypes=[2, 3, 4]}, {id=4, width=1080, height=2640, fps=60.000004, vsync=60.000004, synthetic=false, alternativeRefreshRates=[24.000002, 120.00001], supportedHdrTypes=[2, 3, 4]}, {id=5, width=1080, height=2640, fps=30.000002, vsync=30.000002, synthetic=false, alternativeRefreshRates=[], supportedHdrTypes=[2, 3, 4]}, {id=6, width=1080, height=2640, fps=24.000002, vsync=24.000002, synthetic=false, alternativeRefreshRates=[60.000004, 120.00001], supportedHdrTypes=[2, 3, 4]}], supportedReadyForModes [], colorMode 0, supportedColorModes [0, 7, 9], hdrCapabilities HdrCapabilities{mSupportedHdrTypes=[2, 3, 4], mMaxLuminance=420.0, mMaxAverageLuminance=210.1615, mMinLuminance=0.323}, allmSupported false, gameContentTypeSupported false, density 420, 397.565 x 435.428 dpi, appVsyncOff 1000000, presDeadline 13333332, cutout DisplayCutout{insets=Rect(0, 108 - 0, 0) waterfall=Insets{left=0, top=0, right=0, bottom=0} boundingRect={Bounds=[Rect(0, 0 - 0, 0), Rect(495, 0 - 585, 108), Rect(0, 0 - 0, 0), Rect(0, 0 - 0, 0)]} cutoutPathParserInfo={CutoutPathParserInfo{displayWidth=1080 displayHeight=2640 physicalDisplayWidth=1080 physicalDisplayHeight=2640 density={2.625} cutoutSpec={M -45,0 L 45,0 L 45,108 L -45,108 Z} rotation={0} scale={1.0} physicalPixelDisplaySizeRatio={1.0}}} sideOverrides={}}, touch INTERNAL, rotation 0, type INTERNAL, address {port=130, model=0x40446dccee101c}, deviceProductInfo DeviceProductInfo{name=, manufacturerPnpId=QCM, productId=1, modelYear=null, manufactureDate=ManufactureDate{week=27, year=2006}, connectionToSinkType=0}, state ON, committedState ON, frameRateOverride {uid=10254 frameRateHz=120.00001} , brightnessMinimum 0.0, brightnessMaximum 1.0, brightnessDefault 0.38188976, hdrSdrRatio 1.0, FLAG_ALLOWED_TO_BE_DEFAULT_DISPLAY, FLAG_ROTATES_WITH_CONTENT, FLAG_SECURE, FLAG_SUPPORTS_PROTECTED_BUFFERS, FLAG_TRUSTED, installOrientation 0, displayShape DisplayShape{ spec=-1962366115 displayWidth=1080 displayHeight=2640 physicalPixelDisplaySizeRatio=1.0 rotation=0 offsetX=0 offsetY=0 scale=1.0}}
03-10 09:33:53.203  2064  4171 I slpi-mot_tap : Using product index 4, gyro 0
03-10 09:33:53.208  2064  4171 D slpi    : tmd2712: Als lux: 39.60, ch0: 1439, ch1: 675, scale: 1.08, atime:50.04, again:1024
03-10 09:33:53.214  1295  1295 E KeymasterUtils: rsp_header->status: -28
03-10 09:33:53.214  1295  1295 E KeyMasterHalDevice: abort_operation
03-10 09:33:53.214  1295  1295 E KeyMasterHalDevice: ret: -28
03-10 09:33:53.230 11263 11475 D DolbyDaxUI: getDeviceType, active device is 0x2
03-10 09:33:53.231  1295  1295 E KeymasterUtils: rsp_header->status: -28
03-10 09:33:53.231  1295  1295 E KeyMasterHalDevice: abort_operation
03-10 09:33:53.231  1295  1295 E KeyMasterHalDevice: ret: -28
03-10 09:33:53.237 11263 11475 D DolbyDaxUI: getDeviceType, active device is 0x2
03-10 09:33:53.242  2064  4171 I slpi-mot_tap : cor_sums, 73.9, 71.4, 75.5,  0.0, sigzm, 11.4, pk,  6.8, pcor, 75.5, slps, 21.8, 28.0, -22.4, *ang,  48.8, tn,  3.9, Tap 26 2222222222222222222222222222222222222
03-10 09:33:53.244  5625  5625 I vol.VolumeDialogImpl: dismissH reason = posture_changed mDialog.isShowing(): false
03-10 09:33:53.248  2064 11465 I sensors-hal: handle_indication_realtime:467,  SCHED_FIFO(10) for qmi_cbk
03-10 09:33:53.249  2163  2163 D motorola.hardware.sensorext-service: handle id:13 wxh:1088x2640 uwxuh:1080x2640 size: 11489280 fd:11 fd_meta:12 flags:0x4000228 usage:0x33  format:0x1 layer_count: 1 reserved_size = 0
03-10 09:33:53.249  2195  2586 I SDM     : HWCSession::SetCWBOutputBuffer: CWB config passed by cwb_client : tappoint 1  CWB_ROI : (210.000000 26.000000 274.000000 90.000000) for display [1 0 0]
03-10 09:33:53.250  2064  4171 D slpi-TCS3720: ALS_REPORT lux 97.266830, ch0 50.963547-30.144518-18.666611-10.014311, scale 1.1878, fps 90, client 1
03-10 09:33:53.250  2064  4171 D slpi-TCS3720: PRX_OC info Far, Total 0, pdata 0, offset 0 step 0.63, ore 0:0 step 21.00, TH_H 1020, TH_L 0, client 0
03-10 09:33:53.257  2195 11486 I SDM     : HWCDisplay::SetReadbackBuffer: CWB config from client: tap_point 1, CWB ROI Rect(210.000000 26.000000 274.000000 90.000000), PU_as_CWB_ROI 0, Cwb full rect : (0.000000 0.000000 1080.000000 2640.000000)
03-10 09:33:53.258  2195 11486 I SDM     : HWCDisplay::SetReadbackBuffer: Successfully configured the output buffer: readback_buffer_queued_ 1, readback_configured_ 0, cwb_client 3
03-10 09:33:53.258  2195 11486 I SDM     : HWCSession::ProcessRequests: Successfully configured CWB buffer.
03-10 09:33:53.264  2195 11486 I SDM     : HWCSession::ProcessRequests: Pushing release fence in fenece wait queue.
03-10 09:33:53.264  2195 11486 I SDM     : HWCSession::ProcessRequests: Creating AsyncFenceWaits async thread.
03-10 09:33:53.265  2195 11486 I SDM     : HWCSession::ProcessRequests: Remove current CWB request from the pending request queue.
03-10 09:33:53.265  2195 11486 I SDM     : HWCSession::ProcessRequests: No pending cwb requests found in the queue.
03-10 09:33:53.271  2195  2269 I SDM     : HWDeviceDRM::SetupConcurrentWriteback: Tear down the Concurrent Writeback topology
03-10 09:33:53.281  1295  1295 E KeymasterUtils: rsp_header->status: -28
03-10 09:33:53.281  1295  1295 E KeyMasterHalDevice: abort_operation
03-10 09:33:53.281  1295  1295 E KeyMasterHalDevice: ret: -28
03-10 09:33:53.284  2195 11490 I SDM     : HWCSession::NotifyCWBStatus: Notify the client about buffer status 0.
03-10 09:33:53.285  2195 11490 I SDM     : HWCSession::PerformFenceWaits: Remove current release fence from the pending fence wait queue.
03-10 09:33:53.285  2195 11490 I SDM     : HWCSession::PerformFenceWaits: CWB fence queue is empty. No pending release fence to wait on.
03-10 09:33:53.291 11263 11475 I DolbyDaxUI: AppDatabase.onOpen
03-10 09:33:53.291 11263 11475 I DolbyDaxUI: AppDatabase.checkDbConsistency: isCleanInstall=false
03-10 09:33:53.298  3163  7024 I ActivityManager: appDiedLocked: app=ProcessRecord{64dbd5a 9132:com.tiktok.lite.go/u0a607} thread=android.os.BinderProxy@7a9d41d fromBinderDied=true isKilledByAm=true reason=null
03-10 09:33:53.298  3163  3329 I libprocessgroup: Removed cgroup /sys/fs/cgroup/uid_10607/pid_9132
03-10 09:33:53.299  3163  3329 W libprocessgroup: RemoveCgroup: /dev/memcg/apps/uid_10607/pid_9132 does not exist.
03-10 09:33:53.300  3163  7024 D RestartModeController: markWaitRestartAppIsSuicided null processName=com.tiktok.lite.go
03-10 09:33:53.301  3163  7024 D ActivityTaskManager: handleAppDied: uid=10607,diedCount=1,lastDiedTime=43725866,forceStopUids=false
03-10 09:33:53.301  3163  3229 D DisplayManagerService: Drop pending events for gone uid 10607
03-10 09:33:53.302  2163  2163 D SENSOREXT_ALS_COMP: FrontLight: ReportLux 26.76 (97.27-70.51), pre 21.96, dbv 5747, dc 0, fps 90, chPanel 37.09-20.91-14.26-6.32, facCal:lux_s 1.19 cha_s 0.93-0.92-0.90-0.94, RunInfo: DPB 8542-33, TF 8542-0
03-10 09:33:53.302  6942  6983 D ForegroundUtils: UID: 10607 deleted.
03-10 09:33:53.330  1905  1905 I Zygote  : Process 9132 exited due to signal 9 (Killed)
03-10 09:33:53.339  2067 11748 D DlbDapEffectContext: DapEffectContext[0xb400007ca4048450] getDapParameter() outval size = 12, ret = 0
03-10 09:33:53.346  2067 11748 D DlbDapEffectContext: DapEffectContext[0xb400007ca4048450] getDapParameter() outval size = 12, ret = 0
03-10 09:33:53.346  5705 26054 D DolbyAudioEffectHelper: getDolbyStatus enabled=true profile=0
03-10 09:33:53.346  5705 26054 D DolbyProvider: true, profile=0
03-10 09:33:53.350 11263 11494 D CompatChangeReporter: Compat change id reported: 311402873; UID 10182; state: ENABLED
03-10 09:33:53.351 11263 11494 D CompatChangeReporter: Compat change id reported: 323349338; UID 10182; state: ENABLED
03-10 09:33:53.361  3163  8301 D CompatChangeReporter: Compat change id reported: 311402873; UID 10182; state: ENABLED
03-10 09:33:53.361  3163  8301 D CompatChangeReporter: Compat change id reported: 323349338; UID 10182; state: ENABLED
03-10 09:33:53.373  5705 26054 D DolbyProvider: query() get supported profiles={Movie=1, Dynamic=0, Game=8, Music=2, SpatialAudio=4, Custom=3, Voice=9}
03-10 09:33:53.377 11263 11475 D DolbyDaxUI: loadDolbyDax39OrAbove: profile=1, profileName=Movie
03-10 09:33:53.377 11263 11475 D DolbyDaxUI: loadDolbyDax39OrAbove: profile=0, profileName=Dynamic
03-10 09:33:53.377 11263 11475 D DolbyDaxUI: loadDolbyDax39OrAbove: profile=8, profileName=Game
03-10 09:33:53.377 11263 11475 D DolbyDaxUI: loadDolbyDax39OrAbove: profile=2, profileName=Music
03-10 09:33:53.377 11263 11475 D DolbyDaxUI: loadDolbyDax39OrAbove: profile=3, profileName=Custom
03-10 09:33:53.377 11263 11475 D DolbyDaxUI: loadDolbyDax39OrAbove: profile=9, profileName=Voice
03-10 09:33:53.380 11263 11475 D DolbyDaxUI: populateSupportedProfiles: dolbyVersion=8, identified 6 profile(s).
03-10 09:33:53.397 11263 11263 I DolbyDaxUI: checkState: dbPrepared=true, isAppInitializing=false, allPrepared=true
03-10 09:33:53.403 10940 10940 W ROOM    : Overriding migration com.duckduckgo.app.anrs.store.AnrsDatabase$Companion$MIGRATION_1_TO_2$1@6edfc3c with com.duckduckgo.app.anrs.store.AnrsDatabase$Companion$MIGRATION_2_TO_3$1@896ddc5
03-10 09:33:53.423  2289  2451 W AidlConversionCppNdk: legacy2aidl_audio_channel_mask_t_AudioChannelLayout: no AudioChannelLayout found for legacy output audio_channel_mask_t value 0x10
03-10 09:33:53.424 10940 11500 D nativeloader: Load /data/app/~~DXp3WJ3rwUxhQ2-e57Gnng==/com.duckduckgo.mobile.android-BoJoQ2SelVeCUZxZE5iPmw==/split_config.arm64_v8a.apk!/lib/arm64-v8a/libcrash-ndk.so using ns clns-7 from class loader (caller=/data/app/~~DXp3WJ3rwUxhQ2-e57Gnng==/com.duckduckgo.mobile.android-BoJoQ2SelVeCUZxZE5iPmw==/base.apk!classes3.dex): ok
03-10 09:33:53.425 11263 11466 W AidlConversionCppNdk: aidl2legacy_AudioChannelLayout_audio_channel_mask_t: no legacy output audio_channel_mask_t found for AudioChannelLayout{layoutMask: 16}
03-10 09:33:53.450 11263 11475 W TwsPackageMonitor: getTwsApplicationState, NameNotFoundException: error=com.motorola.motobuds
03-10 09:33:53.455 11263 11475 D TwsPackageMonitor: registering package monitor
03-10 09:33:53.477  5625  5962 V PowerManager: userActivity when=43880665 event=0 flags=0 displayId=0 by (com.android.systemui) callers=android.os.PowerManager.userActivity:1487 com.android.systemui.keyguard.KeyguardViewMediator$$ExternalSyntheticLambda0.run:79 java.util.concurrent.ThreadPoolExecutor.runWorker:1145 
03-10 09:33:53.478  3163  6380 W BoostOptController: not supported hint: 118
03-10 09:33:53.496  5625  5625 I FalsingManager: Gesture start time: 43880658757000
03-10 09:33:53.523  3163  3227 D PowerManagerService: nativeReleaseSuspendBlocker name:PowerManagerService.Broadcasts duration ms: 16
03-10 09:33:53.549  3163  7024 D ShortcutService: rescanPackageIfNeeded 0@com.duckduckgo.mobile.android, forceRescan=false , isNewApp=false
03-10 09:33:53.556  3163  7024 W PackageManager: Missing required system package: com.duckduckgo.mobile.android, but found with extended search.
03-10 09:33:53.557  2067 11748 D AHAL: AudioStream: astream_out_standby: 862: enter: stream (0xb400007cc4042040), usecase(0: deep-buffer-playback)
03-10 09:33:53.557  2067 11748 D AHAL: AudioStream: Standby: 2246: Enter
03-10 09:33:53.557  2067 11748 I PAL: API: pal_stream_stop: 337: Enter. Stream handle :0xb400007ca404d410K
03-10 09:33:53.558  2188 15745 D AGM: graph: graph_stop: 955 entry graph_handle 0x247534c
03-10 09:33:53.558  2188 15745 I gsl     : gsl_send_spf_cmd:169 Wait for Rsp opcode[0x1001003] src_port[0x2012] dst_port[0x1] token 0xc60
03-10 09:33:53.559  3163  7024 W PackageManager: Missing required system package: com.duckduckgo.mobile.android, but found with extended search.
03-10 09:33:53.559  3163  7024 W PackageManager: Missing required system package: com.duckduckgo.mobile.android, but found with extended search.
03-10 09:33:53.559  3163  7024 W PackageManager: Missing required system package: com.duckduckgo.mobile.android, but found with extended search.
03-10 09:33:53.559  3163  7024 W PackageManager: Missing required system package: com.duckduckgo.mobile.android, but found with extended search.
03-10 09:33:53.559  3163  7024 W PackageManager: Missing required system package: com.duckduckgo.mobile.android, but found with extended search.
03-10 09:33:53.559  3163  7024 W PackageManager: Missing required system package: com.duckduckgo.mobile.android, but found with extended search.
03-10 09:33:53.559  3163  7024 W PackageManager: Missing required system package: com.duckduckgo.mobile.android, but found with extended search.
03-10 09:33:53.560  3163  7024 W PackageManager: Missing required system package: com.duckduckgo.mobile.android, but found with extended search.
03-10 09:33:53.566  2188 15745 I gsl     : gsl_send_spf_cmd:183 rcvd pkt token : 0xc60
03-10 09:33:53.566  2188 15745 D AGM: graph: graph_stop: 1000 exit, ret 0
03-10 09:33:53.566  2188 15746 I gsl     : gsl_send_spf_cmd:169 Wait for Rsp opcode[0x100100e] src_port[0x2012] dst_port[0x4019] token 0xc61
03-10 09:33:53.571  2188 15746 I gsl     : gsl_send_spf_cmd:183 rcvd pkt token : 0xc61
03-10 09:33:53.571  2067 11748 I PAL: ResourceManager: voteSleepMonitor: 1439: Enter for stream type 2
03-10 09:33:53.571  2067 11748 I PAL: ResourceManager: voteSleepMonitor: 1491: Unvoting done for nlpi use case, lpi votes 0, nlpi votes : 1
03-10 09:33:53.572  2067 11748 I PAL: SpeakerProtection: spkrProtSetSpkrStatus: 242: Speaker used last time 79589
03-10 09:33:53.572  2188 15746 D AGM: graph: graph_stop: 955 entry graph_handle 0x147534c
03-10 09:33:53.572  2188 15746 I gsl     : gsl_send_spf_cmd:169 Wait for Rsp opcode[0x1001003] src_port[0x2011] dst_port[0x1] token 0xc62
03-10 09:33:53.573  2188 15746 I gsl     : gsl_send_spf_cmd:183 rcvd pkt token : 0xc62
03-10 09:33:53.573  2188 15746 D AGM: graph: graph_stop: 1000 exit, ret 0
03-10 09:33:53.573  2188 15745 I AGM: API: agm_session_aif_connect: 651 disconnecting aifid:11 with session id=121
03-10 09:33:53.573  2188 15745 D AGM: graph: graph_stop: 955 entry graph_handle 0x147534c
03-10 09:33:53.573  2188 15745 D AGM: metadata: metadata_print: 263 *************************Metadata*************************
03-10 09:33:53.573  2188 15745 D AGM: metadata: metadata_print: 264 GKV size:1
03-10 09:33:53.573  2188 15745 D AGM: metadata: metadata_print: 267 key:0xa3000000, value:0xa3000009(VI_TX)
03-10 09:33:53.573  2188 15745 D AGM: metadata: metadata_print: 271 
03-10 09:33:53.573  2188 15745 D AGM: metadata: CKV count:1
03-10 09:33:53.573  2188 15745 D AGM: metadata: metadata_print: 274 key:0xbf000000, value:0x2 
03-10 09:33:53.573  2188 15745 D AGM: metadata: metadata_print: 276 
03-10 09:33:53.573  2188 15745 D AGM: metadata: metadata_print: 278 Property ID:134217744
03-10 09:33:53.573  2188 15745 D AGM: metadata: metadata_print: 279 property count:1
03-10 09:33:53.573  2188 15745 D AGM: metadata: metadata_print: 282 Property Values: 
03-10 09:33:53.573  2188 15745 D AGM: metadata: metadata_print: 284 0x2 
03-10 09:33:53.573  2188 15745 D AGM: metadata: metadata_print: 286 
03-10 09:33:53.573  2188 15745 D AGM: metadata: metadata_print: 287 ****************Metadata Done***************************
03-10 09:33:53.573  2188 15745 D AGM: metadata: 
03-10 09:33:53.573  2188 15745 I gsl     : gsl_graph_close_sgids_and_connections:2057 num_sgid= 1
03-10 09:33:53.573  2188 15745 I gsl     : gsl_graph_close_sgids_and_connections:2058 sg list:
03-10 09:33:53.573  2188 15745 I gsl     : gsl_graph_close_sgids_and_connections:2060 b00000d5
03-10 09:33:53.573  2188 15745 I gsl     : gsl_print_sg_conn_info:186 num_sg_conn = 0
03-10 09:33:53.573  2188 15745 I gsl     : gsl_send_spf_cmd:169 Wait for Rsp opcode[0x1001004] src_port[0x2011] dst_port[0x1] token 0xc63
03-10 09:33:53.574  2188 15745 I gsl     : gsl_send_spf_cmd:183 rcvd pkt token : 0xc63
03-10 09:33:53.574  2188 15745 D AGM: graph: graph_stop: 1000 exit, ret 0
03-10 09:33:53.575  2188 15746 I AGM: device: device_set_metadata: 691 Setting device metadata for CODEC_DMA-LPAIF_WSA-TX-0
03-10 09:33:53.575  2188 15746 D AGM: metadata: metadata_print: 263 *************************Metadata*************************
03-10 09:33:53.575  2188 15746 D AGM: metadata: metadata_print: 264 GKV size:0
03-10 09:33:53.575  2188 15746 D AGM: metadata: metadata_print: 271 
03-10 09:33:53.575  2188 15746 D AGM: metadata: CKV count:0
03-10 09:33:53.575  2188 15746 D AGM: metadata: metadata_print: 276 
03-10 09:33:53.575  2188 15746 D AGM: metadata: metadata_print: 278 Property ID:134217744
03-10 09:33:53.575  2188 15746 D AGM: metadata: metadata_print: 279 property count:2
03-10 09:33:53.575  2188 15746 D AGM: metadata: metadata_print: 282 Property Values: 
03-10 09:33:53.575  2188 15746 D AGM: metadata: metadata_print: 284 0x2 
03-10 09:33:53.575  2188 15746 D AGM: metadata: metadata_print: 284 0x5 
03-10 09:33:53.575  2188 15746 D AGM: metadata: metadata_print: 286 
03-10 09:33:53.575  2188 15746 D AGM: metadata: metadata_print: 287 ****************Metadata Done***************************
03-10 09:33:53.575  2188 15746 D AGM: metadata: 
03-10 09:33:53.575  2067 11748 I PAL: ResourceManager: freeFrontEndIds: 6212: stream type 1, freeing 121
03-10 09:33:53.575  2188 21738 D AGM: session: session_close: 1267 enter
03-10 09:33:53.575  2188 21738 D AGM: graph: graph_close: 791 entry handle 0x147534c
03-10 09:33:53.575  2188 21738 D AGM: graph: graph_close: 811 exit, ret 0
03-10 09:33:53.575  2188 21738 D AGM: session: session_close: 1316 exit, ret 0
03-10 09:33:53.576  2067 11748 I PAL: API: pal_stream_stop: 373: Exit. status 0
03-10 09:33:53.576  2067 11748 I PAL: API: pal_stream_close: 236: Enter. Stream handle :0xb400007ca404d410K
03-10 09:33:53.576  2188 21738 I AGM: API: agm_session_aif_connect: 651 disconnecting aifid:8 with session id=117
03-10 09:33:53.576  2188 21738 D AGM: graph: graph_stop: 955 entry graph_handle 0x247534c
03-10 09:33:53.576  2188 21738 D AGM: metadata: metadata_print: 263 *************************Metadata*************************
03-10 09:33:53.576  2188 21738 D AGM: metadata: metadata_print: 264 GKV size:4
03-10 09:33:53.576  2188 21738 D AGM: metadata: metadata_print: 267 key:0xa1000000, value:0xa1000001(PCM_DEEP_BUFFER)
03-10 09:33:53.576  2188 21738 D AGM: metadata: metadata_print: 267 key:0xab000000, value:0x1( )
03-10 09:33:53.576  2188 21738 D AGM: metadata: metadata_print: 267 key:0xa2000000, value:0xa2000001(SPEAKER)
03-10 09:33:53.576  2188 21738 D AGM: metadata: metadata_print: 267 key:0xac000000, value:0xac000002(DEVICEPP_RX_AUDIO_MBDRC)
03-10 09:33:53.576  2188 21738 D AGM: metadata: metadata_print: 271 
03-10 09:33:53.576  2188 21738 D AGM: metadata: CKV count:6
03-10 09:33:53.576  2188 21738 D AGM: metadata: metadata_print: 274 key:0xa4000000, value:0x0 
03-10 09:33:53.576  2188 21738 D AGM: metadata: metadata_print: 274 key:0xe4000000, value:0x0 
03-10 09:33:53.576  2188 21738 D AGM: metadata: metadata_print: 274 key:0xe5000000, value:0x1 
03-10 09:33:53.576  2188 21738 D AGM: metadata: metadata_print: 274 key:0xe6000000, value:0x0 
03-10 09:33:53.576  2188 21738 D AGM: metadata: metadata_print: 274 key:0xd2000000, value:0x0 
03-10 09:33:53.576  2188 21738 D AGM: metadata: metadata_print: 274 key:0xbe000000, value:0x3 
03-10 09:33:53.576  2188 21738 D AGM: metadata: metadata_print: 276 
03-10 09:33:53.576  2188 21738 D AGM: metadata: metadata_print: 278 Property ID:134217744
03-10 09:33:53.576  2188 21738 D AGM: metadata: metadata_print: 279 property count:3
03-10 09:33:53.576  2188 21738 D AGM: metadata: metadata_print: 282 Property Values: 
03-10 09:33:53.576  2188 21738 D AGM: metadata: metadata_print: 284 0x3 
03-10 09:33:53.576  2188 21738 D AGM: metadata: metadata_print: 284 0x2 
03-10 09:33:53.576  2188 21738 D AGM: metadata: metadata_print: 284 0x5 
03-10 09:33:53.576  2188 21738 D AGM: metadata: metadata_print: 286 
03-10 09:33:53.576  2188 21738 D AGM: metadata: metadata_print: 287 ****************Metadata Done***************************
03-10 09:33:53.576  2188 21738 D AGM: metadata: 
03-10 09:33:53.576  2188 21738 I gsl     : gsl_graph_close_sgids_and_connections:2057 num_sgid= 3
03-10 09:33:53.576  2188 21738 I gsl     : gsl_graph_close_sgids_and_connections:2058 sg list:
03-10 09:33:53.576  2188 21738 I gsl     : gsl_graph_close_sgids_and_connections:2060 b0000002
03-10 09:33:53.576  2188 21738 I gsl     : gsl_graph_close_sgids_and_connections:2060 b0000008
03-10 09:33:53.576  2188 21738 I gsl     : gsl_graph_close_sgids_and_connections:2060 b000001c
03-10 09:33:53.576  2188 21738 I gsl     : gsl_print_sg_conn_info:186 num_sg_conn = 3
03-10 09:33:53.576  2188 21738 I gsl     : gsl_print_sg_conn_info:188 sg b0000008 has 1 children:
03-10 09:33:53.576  2188 21738 I gsl     : gsl_print_sg_conn_info:191 b0000002, 
03-10 09:33:53.576  2188 21738 I gsl     : gsl_print_sg_conn_info:188 sg b000001c has 1 children:
03-10 09:33:53.576  2188 21738 I gsl     : gsl_print_sg_conn_info:191 b0000008, 
03-10 09:33:53.576  2188 21738 I gsl     : gsl_print_sg_conn_info:188 sg b0000001 has 1 children:
03-10 09:33:53.576  2188 21738 I gsl     : gsl_print_sg_conn_info:191 b000001c, 
03-10 09:33:53.577  2188 21738 I gsl     : gsl_send_spf_cmd:169 Wait for Rsp opcode[0x1001004] src_port[0x2012] dst_port[0x1] token 0xc64
03-10 09:33:53.578  2188 21738 I gsl     : gsl_send_spf_cmd:183 rcvd pkt token : 0xc64
03-10 09:33:53.578  2188 21738 D AGM: graph: graph_stop: 1000 exit, ret 0
03-10 09:33:53.590  2300  2300 I Scheduler: notifyScrollEvent state=1
03-10 09:33:53.598  2188 15745 I AGM: device: device_set_metadata: 691 Setting device metadata for CODEC_DMA-LPAIF_WSA-RX-0
03-10 09:33:53.598  2188 15745 D AGM: metadata: metadata_print: 263 *************************Metadata*************************
03-10 09:33:53.598  2188 15745 D AGM: metadata: metadata_print: 264 GKV size:0
03-10 09:33:53.598  2188 15745 D AGM: metadata: metadata_print: 271 
03-10 09:33:53.598  2188 15745 D AGM: metadata: CKV count:0
03-10 09:33:53.598  2188 15745 D AGM: metadata: metadata_print: 276 
03-10 09:33:53.598  2188 15745 D AGM: metadata: metadata_print: 278 Property ID:134217744
03-10 09:33:53.598  2188 15745 D AGM: metadata: metadata_print: 279 property count:2
03-10 09:33:53.598  2188 15745 D AGM: metadata: metadata_print: 282 Property Values: 
03-10 09:33:53.598  2188 15745 D AGM: metadata: metadata_print: 284 0x2 
03-10 09:33:53.598  2188 15745 D AGM: metadata: metadata_print: 284 0x5 
03-10 09:33:53.598  2188 15745 D AGM: metadata: metadata_print: 286 
03-10 09:33:53.598  2188 15745 D AGM: metadata: metadata_print: 287 ****************Metadata Done***************************
03-10 09:33:53.598  2188 15745 D AGM: metadata: 
03-10 09:33:53.599  2188 21738 I AGM: session: session_obj_set_sess_aif_metadata: 1772 Setting metadata for sess aif id 8
03-10 09:33:53.599  2188 21738 D AGM: metadata: metadata_print: 263 *************************Metadata*************************
03-10 09:33:53.599  2188 21738 D AGM: metadata: metadata_print: 264 GKV size:0
03-10 09:33:53.599  2188 21738 D AGM: metadata: metadata_print: 271 
03-10 09:33:53.599  2188 21738 D AGM: metadata: CKV count:0
03-10 09:33:53.599  2188 21738 D AGM: metadata: metadata_print: 276 
03-10 09:33:53.599  2188 21738 D AGM: metadata: metadata_print: 278 Property ID:134217744
03-10 09:33:53.599  2188 21738 D AGM: metadata: metadata_print: 279 property count:1
03-10 09:33:53.599  2188 21738 D AGM: metadata: metadata_print: 282 Property Values: 
03-10 09:33:53.599  2188 21738 D AGM: metadata: metadata_print: 284 0x3 
03-10 09:33:53.599  2188 21738 D AGM: metadata: metadata_print: 286 
03-10 09:33:53.599  2188 21738 D AGM: metadata: metadata_print: 287 ****************Metadata Done***************************
03-10 09:33:53.599  2188 21738 D AGM: metadata: 
03-10 09:33:53.599  2188 21738 I AGM: session: session_obj_set_sess_aif_metadata: 1792 Exit
03-10 09:33:53.599  2188 21738 D AGM: session: session_close: 1267 enter
03-10 09:33:53.599  2188 21738 D AGM: graph: graph_close: 791 entry handle 0x247534c
03-10 09:33:53.601  2188 21738 I gsl     : gsl_graph_close_sgids_and_connections:2057 num_sgid= 1
03-10 09:33:53.601  2188 21738 I gsl     : gsl_graph_close_sgids_and_connections:2058 sg list:
03-10 09:33:53.601  2188 21738 I gsl     : gsl_graph_close_sgids_and_connections:2060 b0000001
03-10 09:33:53.601  2188 21738 I gsl     : gsl_print_sg_conn_info:186 num_sg_conn = 0
03-10 09:33:53.601  2188 21738 I gsl     : gsl_send_spf_cmd:169 Wait for Rsp opcode[0x1001004] src_port[0x2012] dst_port[0x1] token 0xc65
03-10 09:33:53.602 10940 11378 D CompatChangeReporter: Compat change id reported: 270674727; UID 10584; state: ENABLED
03-10 09:33:53.602  2188 21738 I gsl     : gsl_send_spf_cmd:183 rcvd pkt token : 0xc65
03-10 09:33:53.602  2188 21738 D AGM: graph: graph_close: 811 exit, ret 0
03-10 09:33:53.602  2188 21738 D AGM: session: session_close: 1316 exit, ret 0
03-10 09:33:53.604  3163  6975 W WallpaperManagerService: getWallpaperWithFeature wallpaper not existed, ; which = 2
03-10 09:33:53.604  2067 11748 I PAL: ResourceManager: freeFrontEndIds: 6212: stream type 2, freeing 117
03-10 09:33:53.604  2067 11748 I PAL: Device: close: 470: Enter. deviceCount 1 for device id 3 (PAL_DEVICE_OUT_SPEAKER)
03-10 09:33:53.605  2067 11748 I PAL: Device: close: 487: Exit. deviceCount 0 for device id 3 (PAL_DEVICE_OUT_SPEAKER), exit status 0
03-10 09:33:53.605  2067 11748 I PAL: ResourceManager: GetConcurrencyInfo: 4482: stream type 2 Tx conc 0, Rx conc 1, concurrency allowed
03-10 09:33:53.605  2067 11748 I PAL: ResourceManager: GetConcurrencyInfo: 4482: stream type 2 Tx conc 0, Rx conc 1, concurrency allowed
03-10 09:33:53.605  2067 11748 I PAL: ResourceManager: GetConcurrencyInfo: 4482: stream type 2 Tx conc 0, Rx conc 1, concurrency allowed
03-10 09:33:53.605  2067 11748 I PAL: StreamSoundTrigger: HandleConcurrentStream: 590: Enter
03-10 09:33:53.605  2067 11748 I PAL: StreamSoundTrigger: ProcessEvent: 3291: StLoaded: handle event 15 for stream instance 1
03-10 09:33:53.605  2067 11748 I PAL: StreamSoundTrigger: GetCurrentCaptureProfile: 2938: cap_prof DUAL_MIC_16KHZ_16BIT_RAW_LPI: dev_id=0x18, chs=2, sr=16000, snd_name=va-mic-dmic-lpi, ec_ref=0
03-10 09:33:53.605  2067 11748 I PAL: StreamSoundTrigger: ProcessEvent: 3650: current capture profile DUAL_MIC_16KHZ_16BIT_RAW_NLPI: dev_id=0x18, chs=2, sr=16000, ec_ref=0
03-10 09:33:53.605  2067 11748 I PAL: StreamSoundTrigger: ProcessEvent: 3657: new capture profile DUAL_MIC_16KHZ_16BIT_RAW_LPI: dev_id=0x18, chs=2, sr=16000, ec_ref=0
03-10 09:33:53.605  2067 11748 I PAL: SoundTriggerEngineGsl: ReconfigureDetectionGraph: 2122: Enter
03-10 09:33:53.605  2188 15745 I AGM: API: agm_session_aif_connect: 651 disconnecting aifid:15 with session id=115
03-10 09:33:53.606  2188 21738 I AGM: session: session_obj_set_sess_aif_metadata: 1772 Setting metadata for sess aif id 15
03-10 09:33:53.606  2188 21738 D AGM: metadata: metadata_print: 263 *************************Metadata*************************
03-10 09:33:53.606  2188 21738 D AGM: metadata: metadata_print: 264 GKV size:0
03-10 09:33:53.606  2188 21738 D AGM: metadata: metadata_print: 271 
03-10 09:33:53.606  2188 21738 D AGM: metadata: CKV count:0
03-10 09:33:53.606  2188 21738 D AGM: metadata: metadata_print: 276 
03-10 09:33:53.606  2188 21738 D AGM: metadata: metadata_print: 278 Property ID:134217744
03-10 09:33:53.606  2188 21738 D AGM: metadata: metadata_print: 279 property count:1
03-10 09:33:53.606  2188 21738 D AGM: metadata: metadata_print: 282 Property Values: 
03-10 09:33:53.606  2188 21738 D AGM: metadata: metadata_print: 284 0x3 
03-10 09:33:53.606  2188 21738 D AGM: metadata: metadata_print: 286 
03-10 09:33:53.606  2188 21738 D AGM: metadata: metadata_print: 287 ****************Metadata Done***************************
03-10 09:33:53.606  2188 21738 D AGM: metadata: 
03-10 09:33:53.606  2188 21738 I AGM: session: session_obj_set_sess_aif_metadata: 1792 Exit
03-10 09:33:53.606  2067 11748 I PAL: ResourceManager: freeFrontEndIds: 6212: stream type 17, freeing 115
03-10 09:33:53.606  2067 11748 I PAL: SoundTriggerEngineGsl: UpdateState: 1535: Engine state transitioned from 1 to 0
03-10 09:33:53.606  2067 11748 I PAL: SoundTriggerEngineGsl: DeleteSoundModel: 1379: No remaining models
03-10 09:33:53.606  2067 11748 I PAL: SoundTriggerEngineGsl: UpdateEngineModel: 1462: Exit, status: 0
03-10 09:33:53.606  2067 11748 I PAL: SoundTriggerEngineGsl: ReconfigureDetectionGraph: 2159: Exit, status = 0
03-10 09:33:53.606  2067 11748 I PAL: StreamSoundTrigger: TransitTo: 2973: Stream instance 1: state transitioned from ST_STATE_LOADED to ST_STATE_IDLE
03-10 09:33:53.606  2067 11748 I PAL: StreamSoundTrigger: HandleConcurrentStream: 611: Exit, status 0
03-10 09:33:53.606  2067 11748 I PAL: StreamSoundTrigger: HandleConcurrentStream: 590: Enter
03-10 09:33:53.606  2067 11748 I PAL: StreamSoundTrigger: ProcessEvent: 2987: StIdle: handle event 15 for stream instance 1
03-10 09:33:53.606  2067 11748 I PAL: StreamSoundTrigger: GetCurrentCaptureProfile: 2938: cap_prof DUAL_MIC_16KHZ_16BIT_RAW_LPI: dev_id=0x18, chs=2, sr=16000, snd_name=va-mic-dmic-lpi, ec_ref=0
03-10 09:33:53.606  2067 11748 I PAL: StreamSoundTrigger: ProcessEvent: 3196: current capture profile DUAL_MIC_16KHZ_16BIT_RAW_NLPI: dev_id=0x18, chs=2, sr=16000, ec_ref=0
03-10 09:33:53.606  2067 11748 I PAL: StreamSoundTrigger: ProcessEvent: 3203: new capture profile DUAL_MIC_16KHZ_16BIT_RAW_LPI: dev_id=0x18, chs=2, sr=16000, ec_ref=0
03-10 09:33:53.606  2067 11748 I PAL: StreamSoundTrigger: ProcessEvent: 3211: Select available caputre device 38
03-10 09:33:53.606  2067 11748 I PAL: StreamSoundTrigger: GetCurrentCaptureProfile: 2938: cap_prof DUAL_MIC_16KHZ_16BIT_RAW_LPI: dev_id=0x18, chs=2, sr=16000, snd_name=va-mic-dmic-lpi, ec_ref=0
03-10 09:33:53.606  2067 11748 I PAL: Device: setDeviceAttributes: 350: DeviceAttributes for Device Id 38 updated
03-10 09:33:53.606  2067 11748 I PAL: StreamSoundTrigger: ProcessEvent: 3226: devicepp selector: DUAL_MIC_16KHZ_16BIT_RAW_LPI
03-10 09:33:53.606  2067 11748 I PAL: SoundTriggerEngineGsl: LoadSoundModel: 1778: Enter
03-10 09:33:53.606  2067 11748 I PAL: ResourceManager: allocateFrontEndIds: 5976: allocateFrontEndIds: front end 115
03-10 09:33:53.606  2067 11748 I PAL: PayloadBuilder: populateStreamKV: 2584: stream type 17
03-10 09:33:53.606  2067 11748 I PAL: PayloadBuilder: getSelectorValues: 2457: VUI module type:HOTWORD
03-10 09:33:53.606  2067 11748 I PAL: PayloadBuilder: getSelectorValues: 2428: Instance: 1
03-10 09:33:53.606  2067 11748 I PAL: PayloadBuilder: findKVs: 2302: key: 0xbc000000 value: 0xbc000002
03-10 09:33:53.606  2067 11748 I PAL: PayloadBuilder: findKVs: 2302: key: 0xb1000000 value: 0xb1000003
03-10 09:33:53.606  2067 11748 I PAL: PayloadBuilder: findKVs: 2302: key: 0xab000000 value: 0x1
03-10 09:33:53.606  2067 11748 I PAL: PayloadBuilder: populateStreamCkv: 2898: stream channels 1
03-10 09:33:53.607  2067 11748 I PAL: PayloadBuilder: populateDeviceKV: 2698: Enter device id:38 (PAL_DEVICE_IN_HANDSET_VA_MIC)
03-10 09:33:53.607  2067 11748 I PAL: PayloadBuilder: findKVs: 2315: key: 0xa3000000 value: 0xa3000006
03-10 09:33:53.607  2067 11748 I PAL: PayloadBuilder: populateDeviceKV: 2726: Exit device id:38, status 0
03-10 09:33:53.607  2067 11748 I PAL: PayloadBuilder: populateDevicePPKV: 2859: Tx device id:38 (PAL_DEVICE_IN_HANDSET_VA_MIC)
03-10 09:33:53.607  2067 11748 I PAL: PayloadBuilder: getSelectorValues: 2482: stream type: 17 (PAL_STREAM_VOICE_UI)
03-10 09:33:53.607  2067 11748 I PAL: PayloadBuilder: getSelectorValues: 2477: devicePP_type:DUAL_MIC_16KHZ_16BIT_RAW_LPI
03-10 09:33:53.607  2067 11748 I PAL: PayloadBuilder: findKVs: 2302: key: 0xa3000000 value: 0xa3000006
03-10 09:33:53.607  2067 11748 I PAL: PayloadBuilder: findKVs: 2302: key: 0xad000000 value: 0xad00000c
03-10 09:33:53.607  2067 11748 I PAL: PayloadBuilder: populateDevicePPCkv: 2968: channels 2, id 38
03-10 09:33:53.607  2188 15746 I AGM: device: device_set_metadata: 691 Setting device metadata for CODEC_DMA-LPAIF_VA-TX-0
03-10 09:33:53.607  2188 15746 D AGM: metadata: metadata_print: 263 *************************Metadata*************************
03-10 09:33:53.607  2188 15746 D AGM: metadata: metadata_print: 264 GKV size:1
03-10 09:33:53.607  2188 15746 D AGM: metadata: metadata_print: 267 key:0xa3000000, value:0xa3000006(HANDSETMIC_VA)
03-10 09:33:53.607  2188 15746 D AGM: metadata: metadata_print: 271 
03-10 09:33:53.607  2188 15746 D AGM: metadata: CKV count:0
03-10 09:33:53.607  2188 15746 D AGM: metadata: metadata_print: 276 
03-10 09:33:53.607  2188 15746 D AGM: metadata: metadata_print: 278 Property ID:134217744
03-10 09:33:53.607  2188 15746 D AGM: metadata: metadata_print: 279 property count:2
03-10 09:33:53.607  2188 15746 D AGM: metadata: metadata_print: 282 Property Values: 
03-10 09:33:53.607  2188 15746 D AGM: metadata: metadata_print: 284 0x2 
03-10 09:33:53.607  2188 15746 D AGM: metadata: metadata_print: 284 0x5 
03-10 09:33:53.607  2188 15746 D AGM: metadata: metadata_print: 286 
03-10 09:33:53.607  2188 15746 D AGM: metadata: metadata_print: 287 ****************Metadata Done***************************
03-10 09:33:53.607  2188 15746 D AGM: metadata: 
03-10 09:33:53.607  2188 21738 I AGM: session: session_obj_set_sess_aif_metadata: 1772 Setting metadata for sess aif id 15
03-10 09:33:53.607  2188 21738 D AGM: metadata: metadata_print: 263 *************************Metadata*************************
03-10 09:33:53.607  2188 21738 D AGM: metadata: metadata_print: 264 GKV size:2
03-10 09:33:53.607  2188 21738 D AGM: metadata: metadata_print: 267 key:0xa3000000, value:0xa3000006(HANDSETMIC_VA)
03-10 09:33:53.607  2188 21738 D AGM: metadata: metadata_print: 267 key:0xad000000, value:0xad00000c(DEVICEPP_TX_RAW_LPI)
03-10 09:33:53.607  2188 21738 D AGM: metadata: metadata_print: 271 
03-10 09:33:53.607  2188 21738 D AGM: metadata: CKV count:1
03-10 09:33:53.607  2188 21738 D AGM: metadata: metadata_print: 274 key:0xa9000000, value:0x2 
03-10 09:33:53.607  2188 21738 D AGM: metadata: metadata_print: 276 
03-10 09:33:53.607  2188 21738 D AGM: metadata: metadata_print: 278 Property ID:134217744
03-10 09:33:53.607  2188 21738 D AGM: metadata: metadata_print: 279 property count:1
03-10 09:33:53.607  2188 21738 D AGM: metadata: metadata_print: 282 Property Values: 
03-10 09:33:53.607  2188 21738 D AGM: metadata: metadata_print: 284 0x3 
03-10 09:33:53.607  2188 21738 D AGM: metadata: metadata_print: 286 
03-10 09:33:53.607  2188 21738 D AGM: metadata: metadata_print: 287 ****************Metadata Done***************************
03-10 09:33:53.607  2188 21738 D AGM: metadata: 
03-10 09:33:53.607  2188 21738 I AGM: session: session_obj_set_sess_aif_metadata: 1792 Exit
03-10 09:33:53.607  2188 15746 D agm_server_wrapper: Aif id 15 already added to session list of 115
03-10 09:33:53.607  2188 15746 I AGM: API: agm_session_aif_connect: 651 connecting aifid:15 with session id=115
03-10 09:33:53.607  2067 11748 I PAL: SoundTriggerEngineGsl: UpdateEngineModel: 1462: Exit, status: 0
03-10 09:33:53.607  2067 11748 I PAL: SoundTriggerEngineGsl: UpdateSessionPayload: 2848: Enter, param : 0
03-10 09:33:53.607  2067 11748 I PAL: PayloadBuilder: payloadSVAConfig: 1489: PID 0x800104c, payload 0xb400007df405f030K size 55408
03-10 09:33:53.607  2067 11748 I PAL: SessionAlsaPcm: setParameters: 2265: customPayloadSize = 55408
03-10 09:33:53.607  2067 11748 I PAL: SoundTriggerEngineGsl: UpdateState: 1535: Engine state transitioned from 0 to 1
03-10 09:33:53.607  2067 11748 I PAL: SoundTriggerEngineGsl: LoadSoundModel: 1856: Exit, status = 0
03-10 09:33:53.607  2067 11748 I PAL: SoundTriggerEngineGsl: UpdateConfLevels: 2403: Exit, status 0
03-10 09:33:53.607  2067 11748 I PAL: StreamSoundTrigger: TransitTo: 2973: Stream instance 1: state transitioned from ST_STATE_IDLE to ST_STATE_LOADED
03-10 09:33:53.607  2067 11748 I PAL: StreamSoundTrigger: HandleConcurrentStream: 603: NLPI->LPI switch takes 2ms
03-10 09:33:53.607  2067 11748 I PAL: StreamSoundTrigger: HandleConcurrentStream: 611: Exit, status 0
03-10 09:33:53.607  2067 11748 I PAL: ResourceManager: deregisterStream: 2722: stream type 2
03-10 09:33:53.607  2067 11748 I PAL: ResourceManager: getActiveStream_l: 5112: no active streams found for device 3 (PAL_DEVICE_OUT_SPEAKER) ret -2
03-10 09:33:53.607  2067 11748 I PAL: ResourceManager: getSharedBEActiveStreamDevs: 6372: got dev 3 (PAL_DEVICE_OUT_SPEAKER) active streams on dev is 0
03-10 09:33:53.607  2067 11748 I PAL: API: pal_stream_close: 271: Exit. status 0
03-10 09:33:53.607  2067 11748 D AHAL: AudioStream: Standby: 2328: Exit ret: 0
03-10 09:33:53.607  2067 11748 D AHAL: ext_speaker: audio_extn_extspk_update: 152: devices 0x0
03-10 09:33:53.607  2067 11748 D AHAL: AudioStream: astream_out_standby: 878: Exit ret: 0
03-10 09:33:53.622  5625  5625 D KeyguardViewMediator: keyguardGoingAway requested for userId: 0
03-10 09:33:53.626  5625  5669 V WindowManagerShell: Transition requested (#2463): android.os.BinderProxy@7eba400 TransitionRequestInfo { type = TO_BACK, triggerTask = null, pipTask = null, remoteTransition = null, displayChange = null, flags = 262, debugId = 2463 }
03-10 09:33:53.629  7314  7314 D GameMode: onStartedActivityChange: componnent: ComponentInfo{com.instagram.android/com.instagram.mainactivity.InstagramMainActivity} entered launcher screen? true
03-10 09:33:53.630  7314  7314 D GameMode: isScreenUnlocked: false
03-10 09:33:53.630  7314  7314 D GameMode: isScreenUnlocked: false
03-10 09:33:53.634  5625  5940 D KeyguardTransitionRepository: (Internal) Setting current transition info: TransitionInfo(ownerName=FromLockscreenTransitionInteractor, from=LOCKSCREEN, to=GONE, animated)
03-10 09:33:53.634  7314  7314 D GameMode: isScreenUnlocked: false
03-10 09:33:53.637  5625  5625 I KeyguardTransitionRepository: STARTED transition: TransitionStep(from=LOCKSCREEN, to=GONE, value=0.0, transitionState=STARTED, ownerName=FromLockscreenTransitionInteractor)
