03-10 09:46:42.950  2300  2300 I SurfaceFlinger: setDesiredModeSpecsByBrightnessZone Prim done to {0, false, PR={p[24.00-120.00]Hz, r[24.00-120.00]Hz}, AR={p[0.00-120.00]Hz, r[0.00-120.00]Hz}} from {0, false, PR={p[24.00-120.00]Hz, r[24.00-60.00]Hz}, AR={p[0.00-120.00]Hz, r[0.00-120.00]Hz}}, NitUpperLimit=2147483647 inZone=0 due to [0.412870-101.922989]
03-10 09:46:42.951  3163  3163 I BrightnessSynchronizer: New Update: {[5278] 0.396883(f), mUpdatedTypes=0, mConfirmedTypes=0, mTimeUpdated=0, mState=2}
03-10 09:46:42.952  2300  2300 I Scheduler: applyPolicy: UpdateRefreshRate 90 to 120 of group 3: [touch=1:0 touchBoost=0 scroll=0:0 idle=0:0] for display 4630947043778501762
03-10 09:46:42.952  2300  2300 D DisplayModeController: setDesiredMode 4630947043778501762 {mode={fps=120.00 Hz, modePtr={id=0, vsyncRate=120.00 Hz, peakRefreshRate=120.00 Hz}}, emitEvent=true, force=false}
03-10 09:46:42.952  2300  2300 I SurfaceFlinger: initiateDisplayModeChanges changing active mode from 5(60.00 Hz:3) to 0(120.00 Hz:3) for display 4630947043778501762
03-10 09:46:42.952  3163  3231 I DisplayDeviceRepository: Display device changed: DisplayDeviceInfo{"Built-in Screen": uniqueId="local:4630947043778501762", 1080 x 2640, modeId 4, renderFrameRate 60.000004, defaultModeId 1, userPreferredModeId -1, supportedModes [{id=1, width=1080, height=2640, fps=120.00001, vsync=120.00001, synthetic=false, alternativeRefreshRates=[24.000002, 60.000004], supportedHdrTypes=[2, 3, 4]}, {id=2, width=1080, height=2640, fps=144.00002, vsync=144.00002, synthetic=false, alternativeRefreshRates=[], supportedHdrTypes=[2, 3, 4]}, {id=3, width=1080, height=2640, fps=90.0, vsync=90.0, synthetic=false, alternativeRefreshRates=[], supportedHdrTypes=[2, 3, 4]}, {id=4, width=1080, height=2640, fps=60.000004, vsync=60.000004, synthetic=false, alternativeRefreshRates=[24.000002, 120.00001], supportedHdrTypes=[2, 3, 4]}, {id=5, width=1080, height=2640, fps=30.000002, vsync=30.000002, synthetic=false, alternativeRefreshRates=[], supportedHdrTypes=[2, 3, 4]}, {id=6, width=1080, height=2640, fps=24.000002, vsync=24.000002, synthetic=false, alternativeRefreshRates=[60.000004, 120.00001], supportedHdrTypes=[2, 3, 4]}], supportedReadyForModes [], colorMode 0, supportedColorModes [0, 7, 9], hdrCapabilities HdrCapabilities{mSupportedHdrTypes=[2, 3, 4], mMaxLuminance=420.0, mMaxAverageLuminance=210.1615, mMinLuminance=0.323}, allmSupported false, gameContentTypeSupported false, density 420, 397.565 x 435.428 dpi, appVsyncOff 1000000, presDeadline 16666666, cutout DisplayCutout{insets=Rect(0, 108 - 0, 0) waterfall=Insets{left=0, top=0, right=0, bottom=0} boundingRect={Bounds=[Rect(0, 0 - 0, 0), Rect(495, 0 - 585, 108), Rect(0, 0 - 0, 0), Rect(0, 0 - 0, 0)]} cutoutPathParserInfo={CutoutPathParserInfo{displayWidth=1080 displayHeight=2640 physicalDisplayWidth=1080 physicalDisplayHeight=2640 density={2.625} cutoutSpec={M -45,0 L 45,0 L 45,108 L -45,108 Z} rotation={0} scale={1.0} physicalPixelDisplaySizeRatio={1.0}}} sideOverrides={}}, touch INTERNAL, rotation 0, type INTERNAL, address {port=130, model=0x40446dccee101c}, deviceProductInfo DeviceProductInfo{name=, manufacturerPnpId=QCM, productId=1, modelYear=null, manufactureDate=ManufactureDate{week=27, year=2006}, connectionToSinkType=0}, state ON, committedState ON, frameRateOverride , brightnessMinimum 0.0, brightnessMaximum 1.0, brightnessDefault 0.38188976, hdrSdrRatio 1.0, FLAG_ALLOWED_TO_BE_DEFAULT_DISPLAY, FLAG_ROTATES_WITH_CONTENT, FLAG_SECURE, FLAG_SUPPORTS_PROTECTED_BUFFERS, FLAG_TRUSTED, installOrientation 0, displayShape DisplayShape{ spec=-1962366115 displayWidth=1080 displayHeight=2640 physicalPixelDisplaySizeRatio=1.0 rotation=0 offsetX=0 offsetY=0 scale=1.0}}
03-10 09:46:42.952  2300  2300 I SurfaceFlinger: initiateDisplayModeChanges active mode changed to 0(120.00 Hz) for display 4630947043778501762. mBrightnessDimingCnt=0
03-10 09:46:42.953  2195  2392 W SDM     : HWDeviceDRM::GetSupportedBitClkRate: Requested rate not supported: 0
03-10 09:46:42.953  2195  2392 I SDM     : HWDeviceDRM::UpdateMixerAttributes: Mixer WxH 1080x2640-0 for Peripheral
03-10 09:46:42.953  2195  2392 I SDM     : HWCDisplay::SubmitDisplayConfig: Active configuration changed from config 5 to 0
03-10 09:46:42.953  3163  3231 I DisplayDeviceRepository: Display device changed: DisplayDeviceInfo{"Built-in Screen": uniqueId="local:4630947043778501762", 1080 x 2640, modeId 4, renderFrameRate 60.000004, defaultModeId 1, userPreferredModeId -1, supportedModes [{id=1, width=1080, height=2640, fps=120.00001, vsync=120.00001, synthetic=false, alternativeRefreshRates=[24.000002, 60.000004], supportedHdrTypes=[2, 3, 4]}, {id=2, width=1080, height=2640, fps=144.00002, vsync=144.00002, synthetic=false, alternativeRefreshRates=[], supportedHdrTypes=[2, 3, 4]}, {id=3, width=1080, height=2640, fps=90.0, vsync=90.0, synthetic=false, alternativeRefreshRates=[], supportedHdrTypes=[2, 3, 4]}, {id=4, width=1080, height=2640, fps=60.000004, vsync=60.000004, synthetic=false, alternativeRefreshRates=[24.000002, 120.00001], supportedHdrTypes=[2, 3, 4]}, {id=5, width=1080, height=2640, fps=30.000002, vsync=30.000002, synthetic=false, alternativeRefreshRates=[], supportedHdrTypes=[2, 3, 4]}, {id=6, width=1080, height=2640, fps=24.000002, vsync=24.000002, synthetic=false, alternativeRefreshRates=[60.000004, 120.00001], supportedHdrTypes=[2, 3, 4]}], supportedReadyForModes [], colorMode 0, supportedColorModes [0, 7, 9], hdrCapabilities HdrCapabilities{mSupportedHdrTypes=[2, 3, 4], mMaxLuminance=420.0, mMaxAverageLuminance=210.1615, mMinLuminance=0.323}, allmSupported false, gameContentTypeSupported false, density 420, 397.565 x 435.428 dpi, appVsyncOff 1000000, presDeadline 16666666, cutout DisplayCutout{insets=Rect(0, 108 - 0, 0) waterfall=Insets{left=0, top=0, right=0, bottom=0} boundingRect={Bounds=[Rect(0, 0 - 0, 0), Rect(495, 0 - 585, 108), Rect(0, 0 - 0, 0), Rect(0, 0 - 0, 0)]} cutoutPathParserInfo={CutoutPathParserInfo{displayWidth=1080 displayHeight=2640 physicalDisplayWidth=1080 physicalDisplayHeight=2640 density={2.625} cutoutSpec={M -45,0 L 45,0 L 45,108 L -45,108 Z} rotation={0} scale={1.0} physicalPixelDisplaySizeRatio={1.0}}} sideOverrides={}}, touch INTERNAL, rotation 0, type INTERNAL, address {port=130, model=0x40446dccee101c}, deviceProductInfo DeviceProductInfo{name=, manufacturerPnpId=QCM, productId=1, modelYear=null, manufactureDate=ManufactureDate{week=27, year=2006}, connectionToSinkType=0}, state ON, committedState ON, frameRateOverride {uid=10254 frameRateHz=120.00001} , brightnessMinimum 0.0, brightnessMaximum 1.0, brightnessDefault 0.38188976, hdrSdrRatio 1.0, FLAG_ALLOWED_TO_BE_DEFAULT_DISPLAY, FLAG_ROTATES_WITH_CONTENT, FLAG_SECURE, FLAG_SUPPORTS_PROTECTED_BUFFERS, FLAG_TRUSTED, installOrientation 0, displayShape DisplayShape{ spec=-1962366115 displayWidth=1080 displayHeight=2640 physicalPixelDisplaySizeRatio=1.0 rotation=0 offsetX=0 offsetY=0 scale=1.0}}
03-10 09:46:42.954  2195  2269 I SDM     : HWDeviceDRM::SetupConcurrentWriteback: Tear down the Concurrent Writeback topology
03-10 09:46:42.957  2195  3856 I SDM     : HWCSession::NotifyCWBStatus: Notify the client about buffer status 0.
03-10 09:46:42.957  2195  3856 I SDM     : HWCSession::PerformFenceWaits: Remove current release fence from the pending fence wait queue.
03-10 09:46:42.957  2195  3856 I SDM     : HWCSession::PerformFenceWaits: CWB fence queue is empty. No pending release fence to wait on.
03-10 09:46:42.963  2163  2163 D SENSOREXT_ALS_COMP: FrontLight: ReportLux 15.40 (119.60-104.20), pre 4.80, dbv 7106, dc 0, fps 90, chPanel 56.58-32.07-21.48-9.72, facCal:lux_s 1.19 cha_s 0.95-0.96-0.89-0.94, RunInfo: DPB 8705-34, TF 8705-0
03-10 09:46:42.966  2300  2436 D VSyncReactor: 4630947043778501762: confirming period 16->11(cnt1)
03-10 09:46:42.967  3163  3231 I DisplayDeviceRepository: Display device changed render timings: "Built-in Screen", renderFrameRate=120.00001, presentationDeadlineNanos=13333332, appVsyncOffsetNanos=1000000
03-10 09:46:42.969  2300  2300 I SurfaceFlinger: initiateDisplayModeChanges changing active mode from 0(120.00 Hz:3) to 0(120.00 Hz:3) for display 4630947043778501762
03-10 09:46:42.969  3163  3352 D BrightnessThermalClamper: Thermal status observer already started
03-10 09:46:42.970  3163  3229 D CLI/Transition: displaygroup 0, state ON, pendingdisplaygroup -1
03-10 09:46:42.973  2067  2175 D AHAL: AudioDevice: SetParameters: 1564: enter: screen_state=on
03-10 09:46:42.973  2067  2175 D AHAL: AudioVoice: VoiceSetParameters: 87: Enter params: screen_state=on
03-10 09:46:42.973  2067  2175 D AHAL: AudioVoice: VoiceSetParameters: 360: Exit ret: 0
03-10 09:46:42.973  2067  2175 D AHAL: FM: fm_set_parameters: 262: Enter
03-10 09:46:42.973  2067  2175 D AHAL: FM: fm_set_parameters: 320: exit
03-10 09:46:42.973  2067  2175 D AHAL: AudioDevice: SetParameters: 1625:  - screen = on
03-10 09:46:42.973  2067  2175 I PAL: ResourceManager: setParameter: 8311: Screen State:1
03-10 09:46:42.974  2067  2175 D AHAL: AudioDevice: SetParameters: 2361: exit: screen_state=on
03-10 09:46:42.974  2300  2436 D VSyncReactor: 4630947043778501762: period 8 confirmed(cnt1)
03-10 09:46:42.974 26976 27604 D MCLOG   : [BrightnessTrigger] onDisplayChanged displayId = 0
03-10 09:46:42.975 26976 27604 D MCLOG   : [BrightnessManager] displayId = 0 brightness = 0.396883 nit = 101.92299 level = br2
03-10 09:46:42.977  7545  7545 I FileStationLog: [ FS_h$a ] - [Display] Changed display: 0
03-10 09:46:42.977  7545  7545 I FileStationLog: [ FS_h ] - [Logic] Retrieved display info: LogicDisplayInfo(width=1080, height=2640, orientation=1, rotation=0, displayId=0)
03-10 09:46:42.977  7545  7545 I FileStationLog: [ FS_h$a ] - [Display] New logical size: 1080x2640
03-10 09:46:42.977  7545  7545 I FileStationLog: [ FS_h$a ] - [Display] Screen width unchanged: 1080
03-10 09:46:42.980  2064  4171 D slpi-TCS3720: ALS_REPORT lux 136.737823, ch0 72.828255-41.299694-25.774614-14.106879, scale 1.1878, fps 90, client 1
03-10 09:46:42.981  2064  4171 D slpi-TCS3720: PRX_OC info Far, Total 0, pdata 0, offset 0 step 0.63, ore 0:0 step 21.00, TH_H 1020, TH_L 0, client 0
03-10 09:46:42.984  3802  3802 W ziparchive: Unable to open '/data/app/~~RAidURgcPrEJTqQmOwubfw==/com.motorola.moto-bb_no5jMFkEDAtQtNvMzMw==/split_config.en.dm': No such file or directory
03-10 09:46:42.984  3802  3802 W ziparchive: Unable to open '/data/app/~~RAidURgcPrEJTqQmOwubfw==/com.motorola.moto-bb_no5jMFkEDAtQtNvMzMw==/split_config.en.dm': No such file or directory
03-10 09:46:42.985  3802  3802 W m.motorola.moto: Entry not found
03-10 09:46:42.986  3802  3802 W ziparchive: Unable to open '/data/app/~~RAidURgcPrEJTqQmOwubfw==/com.motorola.moto-bb_no5jMFkEDAtQtNvMzMw==/split_config.xxhdpi.dm': No such file or directory
03-10 09:46:42.986  3802  3802 W ziparchive: Unable to open '/data/app/~~RAidURgcPrEJTqQmOwubfw==/com.motorola.moto-bb_no5jMFkEDAtQtNvMzMw==/split_config.xxhdpi.dm': No such file or directory
03-10 09:46:42.986  3802  3802 W m.motorola.moto: Entry not found
03-10 09:46:42.988  3235  3258 D WallpaperLoader: StatusBarColorChangeListener: isStatusAreaLight = true
03-10 09:46:42.988  3802  3802 D nativeloader: Configuring clns-10 for other apk /data/app/~~RAidURgcPrEJTqQmOwubfw==/com.motorola.moto-bb_no5jMFkEDAtQtNvMzMw==/base.apk:/data/app/~~RAidURgcPrEJTqQmOwubfw==/com.motorola.moto-bb_no5jMFkEDAtQtNvMzMw==/split_config.en.apk:/data/app/~~RAidURgcPrEJTqQmOwubfw==/com.motorola.moto-bb_no5jMFkEDAtQtNvMzMw==/split_config.xxhdpi.apk. target_sdk_version=35, uses_libraries=, library_path=/data/app/~~RAidURgcPrEJTqQmOwubfw==/com.motorola.moto-bb_no5jMFkEDAtQtNvMzMw==/lib/arm64, permitted_path=/data:/mnt/expand:/data/user/0/com.motorola.moto
03-10 09:46:42.989  3802  3802 D CompatChangeReporter: Compat change id reported: 202956589; UID 10247; state: ENABLED
03-10 09:46:43.005  3802  3802 V GraphicsEnvironment: Currently set values for:
03-10 09:46:43.005  3802  3802 V GraphicsEnvironment:   angle_gl_driver_selection_pkgs=[]
03-10 09:46:43.005  3802  3802 V GraphicsEnvironment:   angle_gl_driver_selection_values=[]
03-10 09:46:43.005  3802  3802 V GraphicsEnvironment: Global.Settings values are invalid: number of packages: 0, number of values: 0
03-10 09:46:43.014  3802  3802 W MM.MotoApp: isRunningInMotoProcess = true, processName = com.motorola.moto
03-10 09:46:43.015  3802  3802 W MM.MotoApp: isRunningInMotoProcess = true, processName = com.motorola.moto
03-10 09:46:43.050  3163  7471 D CompatChangeReporter: Compat change id reported: 151861875; UID 10374; state: ENABLED
03-10 09:46:43.050  3163  7471 V GrammaticalInflectionUtils: AttributionSource: android.content.AttributionSource@4ca50dfe does not have READ_SYSTEM_GRAMMATICAL_GENDER permission.
03-10 09:46:43.053  3163  7414 I ActivityManager: appDiedLocked: app=ProcessRecord{df2a816 507:com.tiktok.lite.go/u0a607} thread=android.os.BinderProxy@7738f10 fromBinderDied=true isKilledByAm=true reason=null
03-10 09:46:43.055  3163  7414 D RestartModeController: markWaitRestartAppIsSuicided null processName=com.tiktok.lite.go
03-10 09:46:43.055  3163  7414 D ActivityTaskManager: handleAppDied: uid=10607,diedCount=1,lastDiedTime=44551794,forceStopUids=false
03-10 09:46:43.056  3163  3329 I libprocessgroup: Removed cgroup /sys/fs/cgroup/uid_10607/pid_507
03-10 09:46:43.056  3163  3229 D DisplayManagerService: Drop pending events for gone uid 10607
03-10 09:46:43.056  3163  3329 W libprocessgroup: RemoveCgroup: /dev/memcg/apps/uid_10607/pid_507 does not exist.
03-10 09:46:43.058  6942  6972 D ForegroundUtils: UID: 10607 deleted.
03-10 09:46:43.061  3706  3714 I android.hardware.thermal@2.0-service.qti-v2: Sensor Name:skin1 temp: 36.723. prev severity:3. cur severity:0 New severity:0
03-10 09:46:43.067  1905  1905 D Zygote  : Forked child process 3860
03-10 09:46:43.068  1905  1905 I Zygote  : Process 507 exited due to signal 9 (Killed)
03-10 09:46:43.069  3163  3252 I ActivityManager: Start proc 3860:com.motorola.securityhub/u0a374 for content provider {com.motorola.securityhub/com.motorola.securityhub.provider.SecurityHubProvider}
03-10 09:46:43.087  3860  3860 I ola.securityhub: Using CollectorTypeCMC GC.
03-10 09:46:43.093  3860  3860 E ola.securityhub: Not starting debugger since process cannot load the jdwp agent.
03-10 09:46:43.096  3860  3860 D nativeloader: Load libframework-connectivity-tiramisu-jni.so using APEX ns com_android_tethering for caller /apex/com.android.tethering/javalib/framework-connectivity-t.jar: ok
03-10 09:46:43.106  3163  7414 I ActivityManager: Killing 1004:com.google.android.apps.restore/u0a234 (adj 920, setSvc -10000): empty #31
03-10 09:46:43.107  2163  2163 D motorola.hardware.sensorext-service: handle id:13 wxh:1088x2640 uwxuh:1080x2640 size: 11489280 fd:11 fd_meta:12 flags:0x4000228 usage:0x33  format:0x1 layer_count: 1 reserved_size = 0
03-10 09:46:43.109  2195  2392 I SDM     : HWCSession::SetCWBOutputBuffer: CWB config passed by cwb_client : tappoint 1  CWB_ROI : (210.000000 26.000000 274.000000 90.000000) for display [1 0 0]
03-10 09:46:43.111  2195  3874 I SDM     : HWCDisplay::SetReadbackBuffer: CWB config from client: tap_point 1, CWB ROI Rect(210.000000 26.000000 274.000000 90.000000), PU_as_CWB_ROI 0, Cwb full rect : (0.000000 0.000000 1080.000000 2640.000000)
03-10 09:46:43.111  2195  3874 I SDM     : HWCDisplay::SetReadbackBuffer: Successfully configured the output buffer: readback_buffer_queued_ 1, readback_configured_ 0, cwb_client 3
03-10 09:46:43.111  2195  3874 I SDM     : HWCSession::ProcessRequests: Successfully configured CWB buffer.
03-10 09:46:43.113  6942  6972 D ForegroundUtils: Foreground UID status: 10240, true; 10246, false; 10276, true; 10292, true; 10336, true; 10363, false; 10394, true; 10404, true; 10408, false; 10416, false; 10608, true; 10618, false; 
03-10 09:46:43.117  2195  3874 I SDM     : HWCSession::ProcessRequests: Pushing release fence in fenece wait queue.
03-10 09:46:43.117  2195  3874 I SDM     : HWCSession::ProcessRequests: Creating AsyncFenceWaits async thread.
03-10 09:46:43.118  2195  3874 I SDM     : HWCSession::ProcessRequests: Remove current CWB request from the pending request queue.
03-10 09:46:43.119  2195  3874 I SDM     : HWCSession::ProcessRequests: No pending cwb requests found in the queue.
03-10 09:46:43.124  2195  2269 I SDM     : HWDeviceDRM::SetupConcurrentWriteback: Tear down the Concurrent Writeback topology
03-10 09:46:43.131  2195  3876 I SDM     : HWCSession::NotifyCWBStatus: Notify the client about buffer status 0.
03-10 09:46:43.131  2195  3876 I SDM     : HWCSession::PerformFenceWaits: Remove current release fence from the pending fence wait queue.
03-10 09:46:43.132  2195  3876 I SDM     : HWCSession::PerformFenceWaits: CWB fence queue is empty. No pending release fence to wait on.
03-10 09:46:43.139  2163  2163 D SENSOREXT_ALS_COMP: FrontLight: ReportLux 45.06 (136.74-91.68), pre 15.40, dbv 6763, dc 0, fps 90, chPanel 50.25-29.11-18.85-8.47, facCal:lux_s 1.19 cha_s 0.95-0.96-0.89-0.95, RunInfo: DPB 8706-34, TF 8706-0
03-10 09:46:43.140  3860  3860 D nativeloader: Configuring clns-7 for other apk /system/framework/moto-settings.jar. target_sdk_version=35, uses_libraries=ALL, library_path=/data/app/~~N61EwWFqyL8foRkCHYtgDQ==/com.motorola.securityhub-IdiGmYKSSxVsrBNAvUyvaw==/lib/arm64:/data/app/~~N61EwWFqyL8foRkCHYtgDQ==/com.motorola.securityhub-IdiGmYKSSxVsrBNAvUyvaw==/base.apk!/lib/arm64-v8a:/data/app/~~N61EwWFqyL8foRkCHYtgDQ==/com.motorola.securityhub-IdiGmYKSSxVsrBNAvUyvaw==/split_config.arm64_v8a.apk!/lib/arm64-v8a:/data/app/~~N61EwWFqyL8foRkCHYtgDQ==/com.motorola.securityhub-IdiGmYKSSxVsrBNAvUyvaw==/split_config.en.apk!/lib/arm64-v8a:/data/app/~~N61EwWFqyL8foRkCHYtgDQ==/com.motorola.securityhub-IdiGmYKSSxVsrBNAvUyvaw==/split_config.xxhdpi.apk!/lib/arm64-v8a, permitted_path=/data:/mnt/expand:/data/user/0/com.motorola.securityhub
03-10 09:46:43.140  3860  3860 D nativeloader: Extending system_exposed_libraries: libbinauralrenderer_wrapper.qti.so:libhoaeffects.qti.so:libjni_helper.motocameradesktop.so:libimgTuner_jni.motoimagetuner.so:libparamupdater_jni.motoparamupdater.so:libupdateprof.qti.so:libdiag_system.qti.so:libqape.qti.so:libqesdk_ndk_platform.qti.so:liblistenjni.qti.so
03-10 09:46:43.140  2064  4171 I slpi-MOT_HINGE: Hingeposture 110.0 tent:0 gpio:-1 flip:1 flat:1 b:1.0 4.6 8.6 71.5 39.7 -4.5 f:0.9 9.2 3.2 77.6 27.8 -27.8
03-10 09:46:43.145  3860  3860 D nativeloader: Configuring clns-8 for other apk /system/framework/moto-enterprise-internal.jar. target_sdk_version=35, uses_libraries=ALL, library_path=/data/app/~~N61EwWFqyL8foRkCHYtgDQ==/com.motorola.securityhub-IdiGmYKSSxVsrBNAvUyvaw==/lib/arm64:/data/app/~~N61EwWFqyL8foRkCHYtgDQ==/com.motorola.securityhub-IdiGmYKSSxVsrBNAvUyvaw==/base.apk!/lib/arm64-v8a:/data/app/~~N61EwWFqyL8foRkCHYtgDQ==/com.motorola.securityhub-IdiGmYKSSxVsrBNAvUyvaw==/split_config.arm64_v8a.apk!/lib/arm64-v8a:/data/app/~~N61EwWFqyL8foRkCHYtgDQ==/com.motorola.securityhub-IdiGmYKSSxVsrBNAvUyvaw==/split_config.en.apk!/lib/arm64-v8a:/data/app/~~N61EwWFqyL8foRkCHYtgDQ==/com.motorola.securityhub-IdiGmYKSSxVsrBNAvUyvaw==/split_config.xxhdpi.apk!/lib/arm64-v8a, permitted_path=/data:/mnt/expand:/data/user/0/com.motorola.securityhub
03-10 09:46:43.145  3860  3860 D nativeloader: Extending system_exposed_libraries: libbinauralrenderer_wrapper.qti.so:libhoaeffects.qti.so:libjni_helper.motocameradesktop.so:libimgTuner_jni.motoimagetuner.so:libparamupdater_jni.motoparamupdater.so:libupdateprof.qti.so:libdiag_system.qti.so:libqape.qti.so:libqesdk_ndk_platform.qti.so:liblistenjni.qti.so
03-10 09:46:43.151  3860  3860 D nativeloader: Configuring clns-9 for other apk /system/framework/moto-checkin.jar. target_sdk_version=35, uses_libraries=ALL, library_path=/data/app/~~N61EwWFqyL8foRkCHYtgDQ==/com.motorola.securityhub-IdiGmYKSSxVsrBNAvUyvaw==/lib/arm64:/data/app/~~N61EwWFqyL8foRkCHYtgDQ==/com.motorola.securityhub-IdiGmYKSSxVsrBNAvUyvaw==/base.apk!/lib/arm64-v8a:/data/app/~~N61EwWFqyL8foRkCHYtgDQ==/com.motorola.securityhub-IdiGmYKSSxVsrBNAvUyvaw==/split_config.arm64_v8a.apk!/lib/arm64-v8a:/data/app/~~N61EwWFqyL8foRkCHYtgDQ==/com.motorola.securityhub-IdiGmYKSSxVsrBNAvUyvaw==/split_config.en.apk!/lib/arm64-v8a:/data/app/~~N61EwWFqyL8foRkCHYtgDQ==/com.motorola.securityhub-IdiGmYKSSxVsrBNAvUyvaw==/split_config.xxhdpi.apk!/lib/arm64-v8a, permitted_path=/data:/mnt/expand:/data/user/0/com.motorola.securityhub
03-10 09:46:43.151  3860  3860 D nativeloader: Extending system_exposed_libraries: libbinauralrenderer_wrapper.qti.so:libhoaeffects.qti.so:libjni_helper.motocameradesktop.so:libimgTuner_jni.motoimagetuner.so:libparamupdater_jni.motoparamupdater.so:libupdateprof.qti.so:libdiag_system.qti.so:libqape.qti.so:libqesdk_ndk_platform.qti.so:liblistenjni.qti.so
03-10 09:46:43.152  3860  3860 D ApplicationLoaders: Returning zygote-cached class loader: /system/framework/org.apache.http.legacy.jar
03-10 09:46:43.159  3163  7471 I ActivityManager: appDiedLocked: app=ProcessRecord{110057 1004:com.google.android.apps.restore/u0a234} thread=android.os.BinderProxy@36a8c3c fromBinderDied=true isKilledByAm=true reason=null
03-10 09:46:43.159  3163  3329 I libprocessgroup: Removed cgroup /sys/fs/cgroup/uid_10234/pid_1004
03-10 09:46:43.159  3163  3329 W libprocessgroup: RemoveCgroup: /dev/memcg/apps/uid_10234/pid_1004 does not exist.
03-10 09:46:43.160  1905  1905 I Zygote  : Process 1004 exited due to signal 9 (Killed)
03-10 09:46:43.163  3163  7471 D RestartModeController: markWaitRestartAppIsSuicided null processName=com.google.android.apps.restore
03-10 09:46:43.165  3163  3229 D DisplayManagerService: Drop pending events for gone uid 10234
03-10 09:46:43.165  3163  7471 D ActivityTaskManager: handleAppDied: uid=10234,diedCount=1,lastDiedTime=44575609,forceStopUids=false
03-10 09:46:43.167  5643 13675 D ApfFilter: (wlan0): Ignoring RA RA fe80::c294:35ff:fe71:84fd -> ff02::1 180s 2601:85:ca02:f280::/64 7200s/7200s DNS 180s 2601:85:ca02:f280:c294:35ff:fe71:84fd 2001:558:feed::1 2001:558:feed::2 RIO 180s ::/0  which matches RA fe80::c294:35ff:fe71:84fd -> ff02::1 180s 2601:85:ca02:f280::/64 7200s/7200s DNS 180s 2601:85:ca02:f280:c294:35ff:fe71:84fd 2001:558:feed::1 2001:558:feed::2 RIO 180s ::/0 
03-10 09:46:43.170  6942  6972 D ForegroundUtils: UID: 10234 deleted.
03-10 09:46:43.180  3860  3860 W ziparchive: Unable to open '/data/app/~~N61EwWFqyL8foRkCHYtgDQ==/com.motorola.securityhub-IdiGmYKSSxVsrBNAvUyvaw==/split_config.arm64_v8a.dm': No such file or directory
03-10 09:46:43.180  3860  3860 W ziparchive: Unable to open '/data/app/~~N61EwWFqyL8foRkCHYtgDQ==/com.motorola.securityhub-IdiGmYKSSxVsrBNAvUyvaw==/split_config.arm64_v8a.dm': No such file or directory
03-10 09:46:43.181  3860  3860 W ola.securityhub: Entry not found
03-10 09:46:43.182  3860  3860 W ziparchive: Unable to open '/data/app/~~N61EwWFqyL8foRkCHYtgDQ==/com.motorola.securityhub-IdiGmYKSSxVsrBNAvUyvaw==/split_config.en.dm': No such file or directory
03-10 09:46:43.182  3860  3860 W ziparchive: Unable to open '/data/app/~~N61EwWFqyL8foRkCHYtgDQ==/com.motorola.securityhub-IdiGmYKSSxVsrBNAvUyvaw==/split_config.en.dm': No such file or directory
03-10 09:46:43.183  3860  3860 W ola.securityhub: Entry not found
03-10 09:46:43.184  3860  3860 W ziparchive: Unable to open '/data/app/~~N61EwWFqyL8foRkCHYtgDQ==/com.motorola.securityhub-IdiGmYKSSxVsrBNAvUyvaw==/split_config.xxhdpi.dm': No such file or directory
03-10 09:46:43.184  3860  3860 W ziparchive: Unable to open '/data/app/~~N61EwWFqyL8foRkCHYtgDQ==/com.motorola.securityhub-IdiGmYKSSxVsrBNAvUyvaw==/split_config.xxhdpi.dm': No such file or directory
03-10 09:46:43.185  3860  3860 W ola.securityhub: Entry not found
03-10 09:46:43.187  3860  3860 D nativeloader: Configuring clns-10 for other apk /data/app/~~N61EwWFqyL8foRkCHYtgDQ==/com.motorola.securityhub-IdiGmYKSSxVsrBNAvUyvaw==/base.apk:/data/app/~~N61EwWFqyL8foRkCHYtgDQ==/com.motorola.securityhub-IdiGmYKSSxVsrBNAvUyvaw==/split_config.arm64_v8a.apk:/data/app/~~N61EwWFqyL8foRkCHYtgDQ==/com.motorola.securityhub-IdiGmYKSSxVsrBNAvUyvaw==/split_config.en.apk:/data/app/~~N61EwWFqyL8foRkCHYtgDQ==/com.motorola.securityhub-IdiGmYKSSxVsrBNAvUyvaw==/split_config.xxhdpi.apk. target_sdk_version=35, uses_libraries=, library_path=/data/app/~~N61EwWFqyL8foRkCHYtgDQ==/com.motorola.securityhub-IdiGmYKSSxVsrBNAvUyvaw==/lib/arm64:/data/app/~~N61EwWFqyL8foRkCHYtgDQ==/com.motorola.securityhub-IdiGmYKSSxVsrBNAvUyvaw==/base.apk!/lib/arm64-v8a:/data/app/~~N61EwWFqyL8foRkCHYtgDQ==/com.motorola.securityhub-IdiGmYKSSxVsrBNAvUyvaw==/split_config.arm64_v8a.apk!/lib/arm64-v8a:/data/app/~~N61EwWFqyL8foRkCHYtgDQ==/com.motorola.securityhub-IdiGmYKSSxVsrBNAvUyvaw==/split_config.en.apk!/lib/arm64-v8a:/data/app/~~N61EwWFqyL8foRkCHYtgDQ==/com.motorol
03-10 09:46:43.189  3860  3860 D CompatChangeReporter: Compat change id reported: 202956589; UID 10374; state: ENABLED
03-10 09:46:43.200  5625  5625 I vol.VolumeDialogImpl: dismissH reason = posture_changed mDialog.isShowing(): false
03-10 09:46:43.209  3860  3860 V GraphicsEnvironment: Currently set values for:
03-10 09:46:43.209  3860  3860 V GraphicsEnvironment:   angle_gl_driver_selection_pkgs=[]
03-10 09:46:43.209  3860  3860 V GraphicsEnvironment:   angle_gl_driver_selection_values=[]
03-10 09:46:43.209  3860  3860 V GraphicsEnvironment: Global.Settings values are invalid: number of packages: 0, number of values: 0
03-10 09:46:43.218  3860  3860 I MultiDex: VM with version 2.1.0 has multidex support
03-10 09:46:43.219  3860  3860 I MultiDex: Installing application
03-10 09:46:43.219  3860  3860 I MultiDex: VM has multidex support, MultiDex support library is disabled.
03-10 09:46:43.219  3860  3860 D SecurityHubProvider: onCreate
03-10 09:46:43.219  3860  3860 D SecurityHubProvider: uri: com.motorola.securityhub.provider path: v4/families code: 1
03-10 09:46:43.219  3860  3860 D SecurityHubProvider: uri: com.motorola.securityhub.provider path: v4/features code: 2
03-10 09:46:43.219  3860  3860 D SecurityHubProvider: uri: com.motorola.securityhub.provider path: v5/families code: 11
03-10 09:46:43.219  3860  3860 D SecurityHubProvider: uri: com.motorola.securityhub.provider path: v5/features code: 21
03-10 09:46:43.223  3860  3860 D MotoSecure>>: SecureLockProvider - migration already done
03-10 09:46:43.241  3860  3860 I Typeface: updateThemeFont new=Rookery-Regular;old=sans-serif;new=Rookery-Stacked;old=
03-10 09:46:43.242  3163  6987 I ActivityManager: Flag disabled. Ignoring finishAttachApplication from uid: 10374. pid: 3860
03-10 09:46:43.243  3860  3873 D SecurityHubProvider: query - uri = content://com.motorola.securityhub.provider/v5/families
03-10 09:46:43.243  3860  3873 D MotoSecure>>: SecurityHubProvider - query - match = FAMILIES_V5
03-10 09:46:43.249  3860  3873 D SecurityHubProvider: query - uri = content://com.motorola.securityhub.provider/v5/families
03-10 09:46:43.249  3860  3873 D MotoSecure>>: SecurityHubProvider - query - match = FAMILIES_V5
03-10 09:46:43.254  3802  3802 E ActivityThread: Failed to find provider info for com.motorola.securevault.provider
03-10 09:46:43.258  2163  2163 D motorola.hardware.sensorext-service: handle id:13 wxh:1088x2640 uwxuh:1080x2640 size: 11489280 fd:11 fd_meta:12 flags:0x4000228 usage:0x33  format:0x1 layer_count: 1 reserved_size = 0
03-10 09:46:43.258  2064  4171 D slpi-TCS3720: ALS_REPORT lux 118.794647, ch0 61.233086-35.679531-22.452866-11.599231, scale 1.1878, fps 90, client 1
03-10 09:46:43.258  2195  2392 I SDM     : HWCSession::SetCWBOutputBuffer: CWB config passed by cwb_client : tappoint 1  CWB_ROI : (210.000000 26.000000 274.000000 90.000000) for display [1 0 0]
03-10 09:46:43.258  2064  4171 D slpi-TCS3720: PRX_OC info Far, Total 0, pdata 0, offset 0 step 0.63, ore 0:0 step 21.00, TH_H 1020, TH_L 0, client 0
03-10 09:46:43.259  2195  3880 I SDM     : HWCDisplay::SetReadbackBuffer: CWB config from client: tap_point 1, CWB ROI Rect(210.000000 26.000000 274.000000 90.000000), PU_as_CWB_ROI 0, Cwb full rect : (0.000000 0.000000 1080.000000 2640.000000)
03-10 09:46:43.259  2195  3880 I SDM     : HWCDisplay::SetReadbackBuffer: Successfully configured the output buffer: readback_buffer_queued_ 1, readback_configured_ 0, cwb_client 3
03-10 09:46:43.259  2195  3880 I SDM     : HWCSession::ProcessRequests: Successfully configured CWB buffer.
03-10 09:46:43.264  3802  3802 E MM.MotoApp: PackageManager.NameNotFoundException: com.motorola.motofpstouch
03-10 09:46:43.264  3802  3802 E MM.MotoApp: PackageManager.NameNotFoundException: com.motorola.motoedgeassistant
03-10 09:46:43.265  3802  3802 E MM.MotoApp: PackageManager.NameNotFoundException: com.motorola.motowaves
03-10 09:46:43.265  2195  3880 I SDM     : HWCSession::ProcessRequests: Pushing release fence in fenece wait queue.
03-10 09:46:43.265  2195  3880 I SDM     : HWCSession::ProcessRequests: Creating AsyncFenceWaits async thread.
03-10 09:46:43.266  2195  3880 I SDM     : HWCSession::ProcessRequests: Remove current CWB request from the pending request queue.
03-10 09:46:43.266  2195  3880 I SDM     : HWCSession::ProcessRequests: No pending cwb requests found in the queue.
03-10 09:46:43.272  2195  2269 I SDM     : HWDeviceDRM::SetupConcurrentWriteback: Tear down the Concurrent Writeback topology
03-10 09:46:43.272  2064  3216 E sensors-hal: handle_sns_client_event:62, mot_disprot_event: now=80359177140327 ts=80359158202581, type=0, status=3
03-10 09:46:43.273  3163  3229 W BoostOptController: not supported hint: 118
03-10 09:46:43.273  3163  3229 W BoostOptController: not supported hint: 118
03-10 09:46:43.281  2195  3881 I SDM     : HWCSession::NotifyCWBStatus: Notify the client about buffer status 0.
03-10 09:46:43.281  2195  3881 I SDM     : HWCSession::PerformFenceWaits: Remove current release fence from the pending fence wait queue.
03-10 09:46:43.281  2195  3881 I SDM     : HWCSession::PerformFenceWaits: CWB fence queue is empty. No pending release fence to wait on.
03-10 09:46:43.289  2163  2163 D SENSOREXT_ALS_COMP: FrontLight: ReportLux 27.68 (118.79-91.11), pre 45.06, dbv 6763, dc 0, fps 90, chPanel 50.04-28.78-18.69-8.45, facCal:lux_s 1.19 cha_s 0.95-0.96-0.89-0.95, RunInfo: DPB 8707-34, TF 8707-0
03-10 09:46:43.290  3163  6987 V GrammaticalInflectionUtils: AttributionSource: android.content.AttributionSource@382ae68a does not have READ_SYSTEM_GRAMMATICAL_GENDER permission.
03-10 09:46:43.303  1905  1905 D Zygote  : Forked child process 3882
03-10 09:46:43.304  3163  3252 I ActivityManager: Start proc 3882:com.motorola.motcameradesktop/u0a362 for content provider {com.motorola.motcameradesktop/com.motorola.motoprovider.VideoEffectsProvider}
03-10 09:46:43.315  3882  3882 I otcameradesktop: Using CollectorTypeCMC GC.
03-10 09:46:43.319  3882  3882 E otcameradesktop: Not starting debugger since process cannot load the jdwp agent.
03-10 09:46:43.322  3882  3882 D nativeloader: Load libframework-connectivity-tiramisu-jni.so using APEX ns com_android_tethering for caller /apex/com.android.tethering/javalib/framework-connectivity-t.jar: ok
03-10 09:46:43.332  3163  6987 I ActivityManager: Killing 1034:com.google.android.apps.safetyhub/u0a269 (adj 920, setSvc -10000): empty #31
03-10 09:46:43.333  6942  6972 D ForegroundUtils: Foreground UID status: 10240, true; 10246, false; 10276, true; 10292, true; 10336, true; 10363, false; 10394, true; 10404, true; 10408, false; 10416, false; 10608, true; 10618, false; 
03-10 09:46:43.337  3882  3882 D CompatChangeReporter: Compat change id reported: 242716250; UID 10362; state: ENABLED
03-10 09:46:43.347  2064  4171 D slpi    : tmd2712: Als lux: 33.50, ch0: 1260, ch1: 617, scale: 1.08, atime:50.04, again:1024
03-10 09:46:43.355  3882  3882 D nativeloader: Configuring clns-shared-7 for other apk /system/system_ext/framework/com.motorola.hardware.camera.desktop.jar. target_sdk_version=34, uses_libraries=ALL, library_path=/system_ext/priv-app/MotCameraDesktop/lib/arm64:/system_ext/priv-app/MotCameraDesktop/MotCameraDesktop.apk!/lib/arm64-v8a:/system/lib64:/system_ext/lib64, permitted_path=/data:/mnt/expand:/data/user/0/com.motorola.motcameradesktop:/system_ext/priv-app/MotCameraDesktop:/system/lib64:/system_ext/lib64
03-10 09:46:43.355  3882  3882 D nativeloader: Extending system_exposed_libraries: libbinauralrenderer_wrapper.qti.so:libhoaeffects.qti.so:libjni_helper.motocameradesktop.so:libimgTuner_jni.motoimagetuner.so:libparamupdater_jni.motoparamupdater.so:libupdateprof.qti.so:libdiag_system.qti.so:libqape.qti.so:libqesdk_ndk_platform.qti.so:liblistenjni.qti.so
03-10 09:46:43.360  3882  3882 D nativeloader: Configuring clns-shared-8 for other apk /system/framework/moto-settings.jar. target_sdk_version=34, uses_libraries=ALL, library_path=/system_ext/priv-app/MotCameraDesktop/lib/arm64:/system_ext/priv-app/MotCameraDesktop/MotCameraDesktop.apk!/lib/arm64-v8a:/system/lib64:/system_ext/lib64, permitted_path=/data:/mnt/expand:/data/user/0/com.motorola.motcameradesktop:/system_ext/priv-app/MotCameraDesktop:/system/lib64:/system_ext/lib64
03-10 09:46:43.360  3882  3882 D nativeloader: Extending system_exposed_libraries: libbinauralrenderer_wrapper.qti.so:libhoaeffects.qti.so:libjni_helper.motocameradesktop.so:libimgTuner_jni.motoimagetuner.so:libparamupdater_jni.motoparamupdater.so:libupdateprof.qti.so:libdiag_system.qti.so:libqape.qti.so:libqesdk_ndk_platform.qti.so:liblistenjni.qti.so
03-10 09:46:43.367  3882  3882 D nativeloader: Configuring clns-shared-9 for other apk /system/framework/moto-core_services.jar. target_sdk_version=34, uses_libraries=ALL, library_path=/system_ext/priv-app/MotCameraDesktop/lib/arm64:/system_ext/priv-app/MotCameraDesktop/MotCameraDesktop.apk!/lib/arm64-v8a:/system/lib64:/system_ext/lib64, permitted_path=/data:/mnt/expand:/data/user/0/com.motorola.motcameradesktop:/system_ext/priv-app/MotCameraDesktop:/system/lib64:/system_ext/lib64
03-10 09:46:43.367  3882  3882 D nativeloader: Extending system_exposed_libraries: libbinauralrenderer_wrapper.qti.so:libhoaeffects.qti.so:libjni_helper.motocameradesktop.so:libimgTuner_jni.motoimagetuner.so:libparamupdater_jni.motoparamupdater.so:libupdateprof.qti.so:libdiag_system.qti.so:libqape.qti.so:libqesdk_ndk_platform.qti.so:liblistenjni.qti.so
03-10 09:46:43.370  3882  3882 D ApplicationLoaders: Returning zygote-cached class loader: /system_ext/framework/androidx.window.extensions.jar
03-10 09:46:43.370  3882  3882 D ApplicationLoaders: Returning zygote-cached class loader: /system_ext/framework/androidx.window.sidecar.jar
03-10 09:46:43.377  3163  6987 I ActivityManager: appDiedLocked: app=ProcessRecord{8c2c736 1034:com.google.android.apps.safetyhub/u0a269} thread=android.os.BinderProxy@e097779 fromBinderDied=true isKilledByAm=true reason=null
03-10 09:46:43.378  3163  3329 I libprocessgroup: Removed cgroup /sys/fs/cgroup/uid_10269/pid_1034
03-10 09:46:43.378  3163  3329 W libprocessgroup: RemoveCgroup: /dev/memcg/apps/uid_10269/pid_1034 does not exist.
03-10 09:46:43.378  3163  6987 D RestartModeController: markWaitRestartAppIsSuicided null processName=com.google.android.apps.safetyhub
03-10 09:46:43.378  1905  1905 I Zygote  : Process 1034 exited due to signal 9 (Killed)
03-10 09:46:43.379  3882  3882 D nativeloader: Configuring clns-shared-10 for other apk /system_ext/priv-app/MotCameraDesktop/MotCameraDesktop.apk. target_sdk_version=34, uses_libraries=libjni_helper.motocameradesktop.so:libfastcvopt.so:libOpenCL.so, library_path=/system_ext/priv-app/MotCameraDesktop/lib/arm64:/system_ext/priv-app/MotCameraDesktop/MotCameraDesktop.apk!/lib/arm64-v8a:/system/lib64:/system_ext/lib64, permitted_path=/data:/mnt/expand:/data/user/0/com.motorola.motcameradesktop:/system_ext/priv-app/MotCameraDesktop:/system/lib64:/system_ext/lib64
03-10 09:46:43.379  3882  3882 D nativeloader: Extending system_exposed_libraries: libjni_helper.motocameradesktop.so
03-10 09:46:43.379  3163  3229 D DisplayManagerService: Drop pending events for gone uid 10269
03-10 09:46:43.381  3163  6987 D ActivityTaskManager: handleAppDied: uid=10269,diedCount=1,lastDiedTime=44575714,forceStopUids=false
03-10 09:46:43.385  3163  3352 I DisplayPowerController2[0]: 03-10 09:46:43.381 - BrightnessEvent: disp=0, physDisp=local:4630947043778501762, displayState=ON, displayPolicy=BRIGHT, brt=0.3515206, initBrt=0.396883, rcmdBrt=0.3515206, preBrt=0.396883, lux=32.568157, preLux=81.54, brtNits=81.46161, hdrNits=NaN, initNits=101.92299, preNits=101.92299, rcmdNits=81.46161, hdrBrightness=NaN, brt(%)=41%, brtInt=90, hbmPolicy=normal, hbmMax=0.85440856, hbmMode=off, rbcStrength=50, thrmMax=1.0, powerFactor=1.0, wasShortTermModelActive=false, flags=, reason=automatic, autoBrightness=true, strategy=InvalidBrightnessStrategy, autoBrightnessMode=default
03-10 09:46:43.385  2300  2639 I SurfaceFlinger: mBrightnessDiming=1, isCli=0, mBrightnessDimingCnt=0
03-10 09:46:43.387  6942  6972 D ForegroundUtils: UID: 10269 deleted.
03-10 09:46:43.388  3163  3163 I BrightnessSynchronizer: New Update: {[5279] 0.3515206(f), mUpdatedTypes=1, mConfirmedTypes=0, mTimeUpdated=0, mState=2}
03-10 09:46:43.388  3163  3163 I BrightnessSynchronizer: [5279] New Update 0.3515206(f) set brightness values:  90(i)
03-10 09:46:43.392  3163  3163 I BrightnessSynchronizer: New PendingUpdate: {[5280] 0.3515206(f), mUpdatedTypes=0, mConfirmedTypes=0, mTimeUpdated=0, mState=1}, prev=null
03-10 09:46:43.393  3163  3163 I BrightnessSynchronizer: Swallowing update of 90(i) by update: {[5279] 0.3515206(f), mUpdatedTypes=1, mConfirmedTypes=1, mTimeUpdated=44650576, mState=2}
03-10 09:46:43.393  3163  3163 I BrightnessSynchronizer: Completed Update: {[5279] 0.3515206(f), mUpdatedTypes=1, mConfirmedTypes=1, mTimeUpdated=44650576, mState=3}
03-10 09:46:43.393  3163  3163 I BrightnessSynchronizer: New Update: {[5280] 0.3515206(f), mUpdatedTypes=0, mConfirmedTypes=0, mTimeUpdated=0, mState=2}
03-10 09:46:43.409  3882  3882 V GraphicsEnvironment: Currently set values for:
03-10 09:46:43.409  3882  3882 V GraphicsEnvironment:   angle_gl_driver_selection_pkgs=[]
03-10 09:46:43.409  3882  3882 V GraphicsEnvironment:   angle_gl_driver_selection_values=[]
03-10 09:46:43.409  3882  3882 V GraphicsEnvironment: Global.Settings values are invalid: number of packages: 0, number of values: 0
03-10 09:46:43.421  3882  3882 D CameraStatus: Init for device: lynkco
03-10 09:46:43.430  3882  3882 D nativeloader: Load /system_ext/lib64/libjni_helper.motocameradesktop.so using ns default for caller /system_ext/priv-app/MotCameraDesktop/MotCameraDesktop.apk in same partition (is_bridged=0): ok
03-10 09:46:43.430  3882  3882 D MotCameraDesktopJni: JNI_OnLoad
03-10 09:46:43.433  3882  3882 D SettingsContentProvider: onCreate() called
03-10 09:46:43.435  3882  3882 I CameraManagerGlobal: Connecting to camera service
03-10 09:46:43.449  2723  2723 E VendorTagDescriptor: lookupTag: Tag name 'support_get_property_2_0' does not exist.
03-10 09:46:43.458  2723  2723 E VendorTagDescriptor: lookupTag: Tag name 'support_get_property_2_0' does not exist.
03-10 09:46:43.460  2723  2723 E VendorTagDescriptor: lookupTag: Tag name 'support_get_property_2_0' does not exist.
03-10 09:46:43.465  2723  2723 E VendorTagDescriptor: lookupTag: Tag name 'support_get_property_2_0' does not exist.
03-10 09:46:43.467  2723  2723 E VendorTagDescriptor: lookupTag: Tag name 'support_get_property_2_0' does not exist.
03-10 09:46:43.475  3882  3882 D SettingsActivitySearchProvider: onCreate isEnabled: false
03-10 09:46:43.486  3882  3882 D WM-WrkMgrInitializer: Initializing WorkManager with default configuration.
03-10 09:46:43.495  3882  3882 D WM-PackageManagerHelper: Skipping component enablement for androidx.work.impl.background.systemjob.SystemJobService
03-10 09:46:43.495  3882  3882 D WM-Schedulers: Created SystemJobScheduler and enabled SystemJobService
03-10 09:46:43.496  3882  3882 D VideoEffectsProvider: onCreate
03-10 09:46:43.506  3882  3882 I Typeface: updateThemeFont new=Rookery-Regular;old=sans-serif;new=Rookery-Stacked;old=
03-10 09:46:43.511  3882  3891 D VideoEffectsProvider: query - uri = content://com.motorola.motoprovider.VideoEffectsProvider/v5/families
03-10 09:46:43.516  3163  6987 I ActivityManager: Flag disabled. Ignoring finishAttachApplication from uid: 10362. pid: 3882
03-10 09:46:43.519  3163  6987 D CompatChangeReporter: Compat change id reported: 151861875; UID 10370; state: ENABLED
03-10 09:46:43.519  3163  6987 V GrammaticalInflectionUtils: AttributionSource: android.content.AttributionSource@45d1ab82 does not have READ_SYSTEM_GRAMMATICAL_GENDER permission.
03-10 09:46:43.521  2064  4171 I slpi-MOT_HINGE: Hingeposture 180.0 tent:0 gpio:-1 flip:1 flat:1 b:2.5 4.6 8.3 93.5 -10.2 26.0 f:2.3 8.8 3.8 -327.6 2.7 26.7
03-10 09:46:43.523  3163  3231 I DeviceStateManagerService: Cannot notify device state info change when pending state is present.
03-10 09:46:43.527  3163  3231 I LogicalDisplayMapper: Requesting Transition to state: 5, from state=4, interactive=true, mBootCompleted=true
03-10 09:46:43.527  3163  3231 I LogicalDisplayMapper: Applying layout: [{dispId: 0(ON), displayGroupName: , addr: {port=130, model=0x40446dccee101c}, mThermalBrightnessThrottlingMapId: null, mRefreshRateZoneId: null, mLeadDisplayId: -1, mLeadDisplayAddress: null, mThermalRefreshRateThrottlingMapId: null, mPowerThrottlingMapId: null}], Previous layout: [{dispId: 0(ON), displayGroupName: , addr: {port=130, model=0x40446dccee101c}, mThermalBrightnessThrottlingMapId: null, mRefreshRateZoneId: null, mLeadDisplayId: -1, mLeadDisplayAddress: null, mThermalRefreshRateThrottlingMapId: null, mPowerThrottlingMapId: null}]
03-10 09:46:43.528  3163  3229 D CLI/SmallCLI: onDeviceLidStateChanged: state=OPEN
03-10 09:46:43.528  3163  3227 D TouchHwAidlService: onStateChanged.. state=5
03-10 09:46:43.530  5625  5625 I vol.VolumeDialogImpl: mDialog.dismiss() reason: posture_changed from: com.android.systemui.volume.VolumeDialogImpl$H.handleMessage:111 displayId: 0 mShowing: false mIsAnimatingDismiss: false
03-10 09:46:43.531  1905  1905 D Zygote  : Forked child process 3908
03-10 09:46:43.533  3163  3252 I ActivityManager: Start proc 3908:com.motorola.freeform/u0a370 for content provider {com.motorola.freeform/com.motorola.freeform.provider.FeaturesProvider}
03-10 09:46:43.535  3163  3352 W BoostOptController: not supported hint: 118
03-10 09:46:43.546  3163  4279 I CLI/Transition_Device: lid state changed: OPEN -> OPEN, device state changed to OPEN
03-10 09:46:43.552  3908  3908 I torola.freeform: Using CollectorTypeCMC GC.
03-10 09:46:43.556  3163  3352 D BrightnessThermalClamper: Thermal status observer already started
03-10 09:46:43.558  3908  3908 E torola.freeform: Not starting debugger since process cannot load the jdwp agent.
03-10 09:46:43.561  3908  3908 D nativeloader: Load libframework-connectivity-tiramisu-jni.so using APEX ns com_android_tethering for caller /apex/com.android.tethering/javalib/framework-connectivity-t.jar: ok
03-10 09:46:43.571  3163  6380 I ActivityManager: Killing 1105:com.google.android.apps.subscriptions.red/u0a309 (adj 920, setSvc -10000): empty #31
03-10 09:46:43.572  6942  6972 D ForegroundUtils: Foreground UID status: 10240, true; 10246, false; 10276, true; 10292, true; 10336, true; 10363, false; 10394, true; 10404, true; 10408, false; 10416, false; 10608, true; 10618, false; 
03-10 09:46:43.601  3908  3908 D nativeloader: Configuring clns-shared-7 for other apk /system/framework/moto-settings.jar. target_sdk_version=35, uses_libraries=ALL, library_path=/system_ext/priv-app/MotoFreeForm/lib/arm64:/system/lib64:/system_ext/lib64, permitted_path=/data:/mnt/expand:/data/user/0/com.motorola.freeform:/system_ext/priv-app/MotoFreeForm:/system/lib64:/system_ext/lib64
03-10 09:46:43.601  3908  3908 D nativeloader: Extending system_exposed_libraries: libbinauralrenderer_wrapper.qti.so:libhoaeffects.qti.so:libjni_helper.motocameradesktop.so:libimgTuner_jni.motoimagetuner.so:libparamupdater_jni.motoparamupdater.so:libupdateprof.qti.so:libdiag_system.qti.so:libqape.qti.so:libqesdk_ndk_platform.qti.so:liblistenjni.qti.so
03-10 09:46:43.605  3908  3908 D nativeloader: Configuring clns-shared-8 for other apk /system/framework/moto-core_services.jar. target_sdk_version=35, uses_libraries=ALL, library_path=/system_ext/priv-app/MotoFreeForm/lib/arm64:/system/lib64:/system_ext/lib64, permitted_path=/data:/mnt/expand:/data/user/0/com.motorola.freeform:/system_ext/priv-app/MotoFreeForm:/system/lib64:/system_ext/lib64
03-10 09:46:43.605  3908  3908 D nativeloader: Extending system_exposed_libraries: libbinauralrenderer_wrapper.qti.so:libhoaeffects.qti.so:libjni_helper.motocameradesktop.so:libimgTuner_jni.motoimagetuner.so:libparamupdater_jni.motoparamupdater.so:libupdateprof.qti.so:libdiag_system.qti.so:libqape.qti.so:libqesdk_ndk_platform.qti.so:liblistenjni.qti.so
03-10 09:46:43.610  2068  6063 I vendor.qti.bluetooth@1.0-ibs_handler: DeviceSleep: TX Awake, Sending SLEEP_IND
03-10 09:46:43.610  2068  6063 D vendor.qti.bluetooth@1.0-ibs_handler: SerialClockVote: vote for UART CLK OFF
03-10 09:46:43.628  3163  7933 I ActivityManager: appDiedLocked: app=ProcessRecord{92bc6fa 1105:com.google.android.apps.subscriptions.red/u0a309} thread=android.os.BinderProxy@2a400bd fromBinderDied=true isKilledByAm=true reason=null
03-10 09:46:43.629  1905  1905 I Zygote  : Process 1105 exited due to signal 9 (Killed)
03-10 09:46:43.629  3908  3908 D nativeloader: Configuring clns-shared-9 for other apk /system_ext/priv-app/MotoFreeForm/MotoFreeForm.apk. target_sdk_version=35, uses_libraries=, library_path=/system_ext/priv-app/MotoFreeForm/lib/arm64:/system/lib64:/system_ext/lib64, permitted_path=/data:/mnt/expand:/data/user/0/com.motorola.freeform:/system_ext/priv-app/MotoFreeForm:/system/lib64:/system_ext/lib64
03-10 09:46:43.630  3163  3329 I libprocessgroup: Removed cgroup /sys/fs/cgroup/uid_10309/pid_1105
03-10 09:46:43.630  3163  7933 D RestartModeController: markWaitRestartAppIsSuicided null processName=com.google.android.apps.subscriptions.red
03-10 09:46:43.631  3163  7933 D ActivityTaskManager: handleAppDied: uid=10309,diedCount=1,lastDiedTime=44575769,forceStopUids=false
03-10 09:46:43.631  3163  3229 D DisplayManagerService: Drop pending events for gone uid 10309
03-10 09:46:43.631  6942  6972 D ForegroundUtils: UID: 10309 deleted.
03-10 09:46:43.632  3908  3908 D CompatChangeReporter: Compat change id reported: 202956589; UID 10370; state: ENABLED
03-10 09:46:43.633  3163  3329 W libprocessgroup: RemoveCgroup: /dev/memcg/apps/uid_10309/pid_1105 does not exist.
03-10 09:46:43.659  3908  3908 V GraphicsEnvironment: Currently set values for:
03-10 09:46:43.660  3908  3908 V GraphicsEnvironment:   angle_gl_driver_selection_pkgs=[]
03-10 09:46:43.660  3908  3908 V GraphicsEnvironment:   angle_gl_driver_selection_values=[]
03-10 09:46:43.660  3908  3908 V GraphicsEnvironment: Global.Settings values are invalid: number of packages: 0, number of values: 0
03-10 09:46:43.671  3908  3908 D DbManager: init:1.0.3
03-10 09:46:43.686  3908  3908 D CompatChangeReporter: Compat change id reported: 279646685; UID 10370; state: ENABLED
03-10 09:46:43.690  2064  4171 D slpi-TCS3720: ALS_REPORT lux 129.925629, ch0 68.467216-40.410900-24.856407-13.325275, scale 1.1878, fps 90, client 1
03-10 09:46:43.690  2064  4171 D slpi-TCS3720: PRX_OC info Far, Total 0, pdata 0, offset 0 step 0.63, ore 0:0 step 21.00, TH_H 1020, TH_L 0, client 0
03-10 09:46:43.693  2163  2163 D motorola.hardware.sensorext-service: handle id:13 wxh:1088x2640 uwxuh:1080x2640 size: 11489280 fd:11 fd_meta:12 flags:0x4000228 usage:0x33  format:0x1 layer_count: 1 reserved_size = 0
03-10 09:46:43.694  2195  2392 I SDM     : HWCSession::SetCWBOutputBuffer: CWB config passed by cwb_client : tappoint 1  CWB_ROI : (210.000000 26.000000 274.000000 90.000000) for display [1 0 0]
03-10 09:46:43.695  2195  3923 I SDM     : HWCDisplay::SetReadbackBuffer: CWB config from client: tap_point 1, CWB ROI Rect(210.000000 26.000000 274.000000 90.000000), PU_as_CWB_ROI 0, Cwb full rect : (0.000000 0.000000 1080.000000 2640.000000)
03-10 09:46:43.695  2195  3923 I SDM     : HWCDisplay::SetReadbackBuffer: Successfully configured the output buffer: readback_buffer_queued_ 1, readback_configured_ 0, cwb_client 3
03-10 09:46:43.695  2195  3923 I SDM     : HWCSession::ProcessRequests: Successfully configured CWB buffer.
03-10 09:46:43.706  3908  3908 E MotoFreeForm: [CommonUtils] zz_moto_config_default_global_freeform_task_count
03-10 09:46:43.707  2195  3923 I SDM     : HWCSession::ProcessRequests: Pushing release fence in fenece wait queue.
03-10 09:46:43.707  2195  3923 I SDM     : HWCSession::ProcessRequests: Creating AsyncFenceWaits async thread.
03-10 09:46:43.707  2195  3923 I SDM     : HWCSession::ProcessRequests: Remove current CWB request from the pending request queue.
03-10 09:46:43.707  2195  3923 I SDM     : HWCSession::ProcessRequests: No pending cwb requests found in the queue.
03-10 09:46:43.709  2195  2269 I SDM     : HWDeviceDRM::SetupConcurrentWriteback: Tear down the Concurrent Writeback topology
03-10 09:46:43.711  3908  3918 W MotoFreeForm: [FeaturesProvider] CODE_FAMILIES tmpProjection = [_ID, VERSION, PRIORITY, TITLE, DESCRIPTION, ENABLED, FAMILY_IMAGE, ICON, FAMILY_HEADER_TEXT, FAMILY_SUPPORT_TEXT, SETTINGS_SUBTITLE, ACTION_INTENT, VALUE_PROP_TITLE, VALUE_PROP_DESC, VALUE_PROP_IMAGE, DISPLAY_TYPE]
03-10 09:46:43.713  3908  3918 W MotoFreeForm: [FeaturesProvider] getFamiliesItem state = 1
03-10 09:46:43.713  3908  3918 W MotoFreeForm: [FeaturesProvider] CODE_FAMILIES CODE = 11 Column Count =16
03-10 09:46:43.715  2195  3925 I SDM     : HWCSession::NotifyCWBStatus: Notify the client about buffer status 0.
03-10 09:46:43.716  2195  3925 I SDM     : HWCSession::PerformFenceWaits: Remove current release fence from the pending fence wait queue.
03-10 09:46:43.716  2195  3925 I SDM     : HWCSession::PerformFenceWaits: CWB fence queue is empty. No pending release fence to wait on.
