03-13 10:31:33.486  4832 19090 I HoneySpace.ExtraDisplaySource: ExtraDisplayInfo(rotation=0, displayId=1, displaySize=Point(748, 720), displayCutout=DisplayCutout{insets=Rect(0, 0 - 0, 66) waterfall=Insets{left=0, top=0, right=0, bottom=0} boundingRect={Bounds=[Rect(0, 0 - 0, 0), Rect(0, 0 - 0, 0), Rect(0, 0 - 0, 0), Rect(379, 654 - 748, 720)]} cutoutPathParserInfo={CutoutPathParserInfo{displayWidth=748 displayHeight=720 physicalDisplayWidth=748 physicalDisplayHeight=720 density={2.125} cutoutSpec={@bottom @right M 0,0 H -173.6470588235294 V -31.05882352941176 H 0 V 0 Z @dp} rotation={0} scale={1.0} physicalPixelDisplaySizeRatio={1.0}}} sideOverrides={}}, foldState=0)
03-13 10:31:33.486  2092  2092 I SSC_DAEMON: handleSensorTestReqMsg:85, Sensor type :15, Msg type:15
03-13 10:31:33.486  2092  2092 I SSC_DAEMON: physicalSensorTestReqMsg:130, s:15, m:15
03-13 10:31:33.486  4832  4896 I HoneySpace.TopTaskSource: FoldState updated(0). updateRunningTasks
03-13 10:31:33.486  4205 25262 D SemWallpaperColorsArea: SemWallpaperColorsArea [1080, 2640] which: 17 rotation: 0 has Base: false
03-13 10:31:33.486  4205 25262 D SemWallpaperColorsArea: SemWallpaperColorsArea which = 17, mDensity : 2.125, 1080x2640,508x1242,14,31, 9
03-13 10:31:33.486  4205  5152 D KeyguardWallpaperColors: setSemWallpaperColors: which = 17, userId = 0, colors = Rect(31, 19 - 716, 48)[1] Rect(261, 150 - 484, 490)[1] Rect(350, 12 - 397, 57)[1] Rect(631, 556 - 711, 637)[1] Rect(42, 652 - 308, 718)[1] Rect(0, 0 - 748, 718)[1] 
03-13 10:31:33.486  3003  3064 I NotificationManager: android: notify(32, null, Notification(channel=UsbDevNoti shortcut=null contentView=null vibrate=null sound=null tick defaults=0 flags=ONGOING_EVENT color=0x00000000 vis=PUBLIC semFlags=0x0 semPriority=0 semMissedCount=0)) as user
03-13 10:31:33.486  4205  5152 D SemWallpaperColorsArea: SemWallpaperColorsArea [1080, 2640] which: 2 rotation: 0 has Base: false
03-13 10:31:33.486  4205  5152 D SemWallpaperColorsArea: SemWallpaperColorsArea which = 2, mDensity : 3.0, 1080x2640,360x880,31,48, 6
03-13 10:31:33.486  4205  5152 I SemWallpaperColorsArea: Final area : Rect(72, 18 - 1008, 93)
03-13 10:31:33.486  4205  5152 I SemWallpaperColorsArea: Final area : Rect(120, 528 - 960, 837)
03-13 10:31:33.486  4205  5152 I SemWallpaperColorsArea: Final area : Rect(120, 1389 - 960, 1449)
03-13 10:31:33.486  4205  5152 I SemWallpaperColorsArea: Final area : Rect(120, 1533 - 960, 2061)
03-13 10:31:33.486  4205  5152 I SemWallpaperColorsArea: Final area : Rect(120, 2361 - 960, 2547)
03-13 10:31:33.486  4205  5152 I SemWallpaperColorsArea: Final area : Rect(0, 0 - 1080, 2640)
03-13 10:31:33.486  4205  5152 D WallpaperEventNotifier: notifyUpdate: [ | | | STATUSBAR BODY_TOP BODY_MID BODY_BOTTOM NAVIBAR BACKGROUND | SHADOW ], isCover = true, colors = Rect(31, 19 - 716, 48)[1] Rect(261, 150 - 484, 490)[1] Rect(350, 12 - 397, 57)[1] Rect(631, 556 - 711, 637)[1] Rect(42, 652 - 308, 718)[1] Rect(0, 0 - 748, 718)[1] 
03-13 10:31:33.486  3003  3661 I InputReader: Reconfiguring input devices, changes=DISPLAY_FOLD
03-13 10:31:33.487  3003  3067 D VibratorManagerService: onFoldStateChanged isFolded = true
03-13 10:31:33.488 19717 19808 I HBD     : p updated Sub Types. English 
03-13 10:31:33.488  2075  2075 E SecVibrator-HAL-AIDL-EXT: V_5_0: setFolderStatus1
03-13 10:31:33.488  4205 25262 I SemWallpaperColorsArea: Final area : Rect(46, 19 - 1032, 48)
03-13 10:31:33.488  2075  2075 E SecVibrator-HAL-AIDL-EXT: V_5_0: FOLDER_CLOSE
03-13 10:31:33.488  2075  2075 E SecVibrator-HAL-AIDL-EXT:  length : 13
03-13 10:31:33.488  4205 25262 I SemWallpaperColorsArea: Final area : Rect(376, 561 - 701, 1806)
03-13 10:31:33.488  4205 25262 I SemWallpaperColorsArea: Final area : Rect(505, 46 - 573, 214)
03-13 10:31:33.488  4205 25262 I SemWallpaperColorsArea: Final area : Rect(911, 2046 - 1028, 2341)
03-13 10:31:33.488  4205 25262 I SemWallpaperColorsArea: Final area : Rect(61, 2573 - 446, 2639)
03-13 10:31:33.488  4205 25262 I SemWallpaperColorsArea: Final area : Rect(0, 0 - 1079, 2639)
03-13 10:31:33.488  4205 25262 D WallpaperManager: onSemWallpaperColorsChanged [version:22, which:17, adaptive dim:0.0/0, darkmode dim:0.25]
03-13 10:31:33.488  4205 25262 D WallpaperManager: 	[SeedColors, [-70198]]
03-13 10:31:33.488  4205 25262 D WallpaperManager: 	[STATUSBAR, Rect(31, 19 - 716, 48):1/ff000000/1.0/0.1, 0.0/0.0/0.0]
03-13 10:31:33.488  4205 25262 D WallpaperManager: 	[BODY_TOP, Rect(261, 150 - 484, 490):1/ff4e4e4e/2.0004/0.30007502, 37.627117/0.23694779/0.9764706]
03-13 10:31:33.488  4205 25262 D WallpaperManager: 	[BODY_MID, Rect(350, 12 - 397, 57):1/ff525252/2.0004/0.30007502, 40.8/0.19607843/1.0]
03-13 10:31:33.488  4205 25262 D WallpaperManager: 	[BODY_BOTTOM, Rect(631, 556 - 711, 637):1/ff343434/3.3315673/0.54966885, 31.8/0.4784689/0.81960785]
03-13 10:31:33.488  4205 25262 D WallpaperManager: 	[NAVIBAR, Rect(42, 652 - 308, 718):1/ff525252/2.0004/0.30007502, 42.352943/0.2007874/0.99607843]
03-13 10:31:33.488  4205 25262 D WallpaperManager: 	[BACKGROUND, Rect(0, 0 - 748, 718):1/ff464646/2.1101708/0.32065704, 34.411766/0.28691983/0.92941177], which=17
03-13 10:31:33.488  2075  2075 E SecVibrator-HAL-AIDL-EXT: V_5_0: ret : 13
03-13 10:31:33.488  2075  2075 E SecVibrator-HAL-AIDL-EXT: V_5_0: setFolderStatus end
03-13 10:31:33.488  3003  3067 D VibratorManagerService: onTableModeChanged. isTableMode=false
03-13 10:31:33.488  3003  3067 D PowerManagerService: [api] goToSleep (uid: 1000 pid: 3003) eventTime = 63577555
03-13 10:31:33.488  3003  3067 W PowerManagerService: !@Screen__Off(d) - 467 :  goToSleep:  (uid: 1000 pid: 3003) (device_folded) groupId=0
03-13 10:31:33.488  3003  3064 W PermissionService: getPermissionFlags: Unknown user -1
03-13 10:31:33.488  3003  3064 W PermissionService: getPermissionFlags: Unknown user -1
03-13 10:31:33.489 19717 11583 I HBD     : a InputMethodSubtype is set as local:en_US 
03-13 10:31:33.489  3003  3067 I PowerGroup: Powering off display group due to device_folded (groupId= 0, uid= 1000, millisSinceLastUserActivity=41, lastUserActivityEvent=deviceState)...
03-13 10:31:33.489  3003  3067 D InputManager-JNI: setInteractiveForInternalDisplay(false)
03-13 10:31:33.489  3003  3003 I PhoneWindowManager: Started going to sleep... (groupId=0 why=OFF_BECAUSE_OF_FOLD)
03-13 10:31:33.489  3003  3067 D InputManager-JNI: setInteractive(false)
03-13 10:31:33.489  3003  3067 I PowerManagerService: Going to sleep due to device_folded (uid 1000, screenOffTimeout=600000, activityTimeoutWM=-1, maxDimRatio=0.333, maxDimDur=20000)...
03-13 10:31:33.489 19717 11582 I HBD     : h writeToFile complete 
03-13 10:31:33.489  3003  3067 D PowerManagerService: displayReady: false groupId=0
03-13 10:31:33.489  3003  3067 D PowerManagerService: Setting HAL interactive mode to false
03-13 10:31:33.489  3003  3067 D RestrictionPolicy: isScreenCaptureEnabled : ret=true userId=0
03-13 10:31:33.490  3003  3067 D RestrictionPolicy: isScreenCaptureEnabled : ret=true userId=0
03-13 10:31:33.490  3003  3067 D ScreenCapture: [Capture_TEST] : setIsScreenShotBySystem true
03-13 10:31:33.490  3003  3067 I SurfaceComposerClient: captureLayers:childrenOnly:1, sync:1
03-13 10:31:33.490  3003  4002 D BackgroundInstallControlService: Package event received: 0
03-13 10:31:33.490  3003  3681 V InputMethodManagerService: IME window vis: 0 active: 0 visible: 0 displayId: 0
03-13 10:31:33.491  3003  3681 D InputMethodManagerService: isImeSwitcherDisabledPackage : false
03-13 10:31:33.491  4205 25262 I KeyguardService: onStartedGoingToSleep pmSleepReason=13
03-13 10:31:33.491  3003  3130 D DisplayPowerController[0]: animateScreenStateChange: target=OFF, mIsEnabled=true
03-13 10:31:33.491  2092  3859 I SSC_DAEMON: virtualOpticFlipStateEvent:29, fstate: 1
03-13 10:31:33.491  3003  3130 I DisplayPowerController[0]: BrightnessEvent: brt=0.08235294 (50.0%), nits= 20.43, lux=5.0, reason=automatic, strat=AutomaticBrightnessStrategy, state=ON, stateReason=DEFAULT_POLICY, policy=OFF, flags=, initBrt=0.08235294, rcmdBrt=0.08235294, preBrt=NaN, preLux=5.0, wasShortTermModelActive=false, autoBrightness=true (default), unclampedBrt=0.08235294, hbmMax=1.0, hbmMode=off, thrmMax=1.0, rbcStrength=-1, powerFactor=1.0, physDisp=Built-in Screen(local:4630946564756762243), logicalId=0, slowChange=false, rampSpeed=0.0
03-13 10:31:33.491  3003  3130 D DisplayPowerController[1]: animateScreenStateChange: target=OFF, mIsEnabled=false
03-13 10:31:33.491  3003  3130 I DisplayPowerController[1]: BrightnessEvent: brt=0.0 (0.0%), nits= 1.0, lux=-1.0, reason=screen_off, strat=ScreenOffBrightnessStrategy, state=OFF, stateReason=DEFAULT_POLICY, policy=OFF, flags=, initBrt=0.0, rcmdBrt=NaN, preBrt=NaN, preLux=0.0, wasShortTermModelActive=false, autoBrightness=true (default), unclampedBrt=0.0, hbmMax=1.0, hbmMode=off, thrmMax=1.0, rbcStrength=-1, powerFactor=1.0, physDisp=Built-in Screen(local:4630946638498144900), logicalId=1, slowChange=false, rampSpeed=0.0
03-13 10:31:33.492  3003  3064 D UsbDeviceManager: notifyAsUser: id=0 title=USB for charging phone
03-13 10:31:33.494  3003  3003 I ActivityManager: Changes in 10139 5 to 6, 255 to 239
03-13 10:31:33.495 15873 15873 I GoogleInputMethodService: GoogleInputMethodService.onFinishInput():2114 
03-13 10:31:33.497 15873 15873 I Module  : DeviceLockedStatusModuleProvider$Module.updateDeviceLockedStatus():103 repeatCheckTimes = 0, locked = false
03-13 10:31:33.497 15873 15873 D InputMethodService: unregisterCompatOnBackInvokedCallback return because registered : false
03-13 10:31:33.498  3003  4028 I BatteryService_BatteryPropertiesRegistrar: [getProperty]id:6
03-13 10:31:33.498  3003  4028 I BatteryService_BatteryPropertiesRegistrar: [getProperty]prop.long:-9223372036854775808 ,prop.string:null
03-13 10:31:33.498  2105  2105 D TransactionCallbackInvoker: addCallbackHandle:com.tranzmate/com.moovit.app.servicealerts.ServiceAlertsActivity$_9852#48830 is not released yet
03-13 10:31:33.499  2105  2858 D SurfaceFlinger: [input] setFocusedWindow: <null>
03-13 10:31:33.499  3003  4833 D InputDispatcher: Once focus requested (0): <null>
03-13 10:31:33.499  3003  4833 D InputDispatcher: Focus request (0): <null> but waiting because NO_WINDOW
03-13 10:31:33.499  3003  4833 D InputDispatcher: Focus left window (0): 5658717 com.tranzmate/com.moovit.app.servicealerts.ServiceAlertsActivity
03-13 10:31:33.499  9852  9852 I ImeFocusController: onPreWindowFocus: skipped hasWindowFocus=false mHasImeFocus=true
03-13 10:31:33.500  9852  9852 I ImeFocusController: onPostWindowFocus: skipped hasWindowFocus=false mHasImeFocus=true
03-13 10:31:33.500  2105  2921 I SurfaceFlinger: Capture layer list: 	 com.tranzmate/com.moovit.app.servicealerts.ServiceAlertsActivity$_9852#48830(seamlessTransition:0)
03-13 10:31:33.500  2053  2958 W QC2Interface: [hvcD_46] Failed to query parameters
03-13 10:31:33.500  2053  2958 I vendor.qti.media.c2@1.0-service: StrictValueWithNoDeps is called old.v.value is 2141391876 me.v.value is 0
03-13 10:31:33.500  2053  2958 I vendor.qti.media.c2@1.0-service: [FRC-IsFilteringEnabled] entry
03-13 10:31:33.500  2053  2958 I vendor.qti.media.c2@1.0-service: [FRC-IsFilteringEnabled] frcReqInfo.value is 0
03-13 10:31:33.501  4360 11576 I CCodec  : [c2.qti.hevc.decoder] config->initialize() : 0
03-13 10:31:33.501  2053  2950 W QC2Interface: [hvcD_46] Failed to query parameters
03-13 10:31:33.501  2105  2342 D RenderEngine: [SEC_SF_EFFECTS] drawLayersInternal,1483, Rendering layer ScreenCaptureFillLayer at index 0
03-13 10:31:33.501  2105  2342 D RenderEngine: [SEC_SF_EFFECTS] drawLayersInternal,1483, Rendering layer com.tranzmate/com.moovit.app.servicealerts.ServiceAlertsActivity$_9852#48830 at index 1
03-13 10:31:33.501  4360 11576 I CCodecConfig: query failed after returning 18 values (BAD_INDEX)
03-13 10:31:33.501  4360 11576 W ColorUtils: expected specified color aspects (0:0:0:0)
03-13 10:31:33.501  4360 11576 I CCodec  : [c2.qti.hevc.decoder] config->queryConfiguration()
03-13 10:31:33.501  4360 11576 I CCodec  : [c2.qti.hevc.decoder] mCallback->onComponentAllocated() IN
03-13 10:31:33.501  4360 11576 I CCodec  : [c2.qti.hevc.decoder] mCallback->onComponentAllocated() OUT
03-13 10:31:33.502  3003  4028 I BatteryService_BatteryPropertiesRegistrar: [getProperty]id:4
03-13 10:31:33.502  3003  4028 I BatteryService_BatteryPropertiesRegistrar: [getProperty]prop.long:-9223372036854775808 ,prop.string:null
03-13 10:31:33.503  3003  3740 W qdgralloc: getInterlacedFlag: getMetaData returned 3, defaulting to interlaced_flag = 0
03-13 10:31:33.503  3003  4028 I SemWifiIntelligentTrainingManager: Tr. cond. check: true / 2 (2) / false / 0 (1)
03-13 10:31:33.503  3003  4028 I BatteryService_BatteryPropertiesRegistrar: [getProperty]id:6
03-13 10:31:33.503  3003  4028 I BatteryService_BatteryPropertiesRegistrar: [getProperty]prop.long:-9223372036854775808 ,prop.string:null
03-13 10:31:33.504  3003  4028 I BatteryService_BatteryPropertiesRegistrar: [getProperty]id:4
03-13 10:31:33.504  3003  4028 I BatteryService_BatteryPropertiesRegistrar: [getProperty]prop.long:-9223372036854775808 ,prop.string:null
03-13 10:31:33.504  3003  3067 D RestrictionPolicy: isScreenCaptureEnabled : ret=true userId=0
03-13 10:31:33.504  3003  3067 D RestrictionPolicy: isScreenCaptureEnabled : ret=true userId=0
03-13 10:31:33.504  3003  3067 D DisplayPowerController[0]: [api] WindowManagerPolicy.ScreenOffListener : called onScreenOff()
03-13 10:31:33.504  3003  3130 I DisplayPowerController[0]: Unblocked screen off after 45 ms
03-13 10:31:33.505  3003  3130 D DisplayPowerController[0]: animateScreenStateChange: target=OFF, mIsEnabled=true
03-13 10:31:33.505  9852  9852 I View    : setRequestedFrameRate frameRate=-4.0, this=com.braze.ui.inappmessage.views.InAppMessageWebView{382fc4e VFEDHVC.. ........ 0,0-1080,2402 #7f090217 app:id/com_braze_inappmessage_html_webview aid=1073741824}, caller=android.view.ViewGroup.setRequestedFrameRate:9952 WV.rf.p:1 WV.rg.h:118 WV.rg.onDraw:7 com.android.webview.chromium.WebViewChromium.onDraw:19 
03-13 10:31:33.506  3003  3130 D DisplayPowerController[0]: mWindowManagerPolicy.screenTurnedOff()
03-13 10:31:33.506  3003  3130 I PhoneWindowManager: Display0 turned off...
03-13 10:31:33.506  3003  3130 D WindowManager: Create SleepToken: tag=Display-off, displayId=0
03-13 10:31:33.506  3003  3130 D ActivityTaskManager: Top Process State changed to PROCESS_STATE_TOP_SLEEPING
03-13 10:31:33.506  3003  3067 D DeviceStatePolicy: updateFoldingSensorListenerLw, foldOpen=false, awake=false, isTableModeEnabled=true, forceOff=false, caller=com.android.server.devicestate.DeviceStateManagerService$OverrideRequestScreenObserver.onAwakeStateChanged:16 com.android.server.wm.ActivityTaskManagerService$$ExternalSyntheticLambda7.run:57 android.os.Handler.handleCallback:995 android.os.Handler.dispatchMessage:103 android.os.Looper.loopOnce:273 android.os.Looper.loop:363 android.os.HandlerThread.run:85 com.android.server.ServiceThread.run:49 <bottom of call stack> <bottom of call stack> 
03-13 10:31:33.508  3003  3130 D AutomaticBrightnessController: sendAmbientLux(-1.0)
03-13 10:31:33.508  3003  3130 D MdnieScenarioControlService: getVisionBoosterIndex() mAutoBrightnessMode : true , mReduceBrightColorsActivatedEnabled : false , lux : -1
03-13 10:31:33.508  3003  3130 D MdnieScenarioControlService: Vision Booster Index : 0
03-13 10:31:33.509  2007  2007 I sensors-hal: set_config:64, no need to adjust sample_period_ns due to reporting_mode = 2
03-13 10:31:33.509  2007  2007 I sensors-hal: create_sensor_config_request:85, auto_rotation: type 2
03-13 10:31:33.509  2007  2007 I sensors-hal: send_sensor_config_request:645, dt=auto_rotation: convert sample_period=200000000 to batch_period=200000
03-13 10:31:33.509  2007  2007 I sensors-hal: send_sync_sensor_request:508, send sync request
03-13 10:31:33.509  2007  2007 I sensors-hal: send_sync_sensor_request:518, send_sync_sensor_request before send_request for auto_rotation with SUID low=8603657889541918976 high=1320970896291267344
03-13 10:31:33.509  6103  6103 W ContextImpl: Calling a method in the system process without a qualified user: android.app.ContextImpl.startService:2068 android.content.ContextWrapper.startService:872 android.content.ContextWrapper.startService:872 com.sec.android.diagmonagent.sa.receiver.CFLogReceiver.onReceive:56 android.app.ActivityThread.handleReceiver:5663 
03-13 10:31:33.509  2007  2007 I sensors-hal: send_sync_sensor_request:537, wait for notification of response
03-13 10:31:33.511  2007 12669 I sensors-hal: qsh_conn_resp_cb:930, resp_value = 0 for auto_rotation 
03-13 10:31:33.511  2007  2007 I sensors-hal: send_sync_sensor_request:543, takes 1 ms to receive the response with 0
03-13 10:31:33.511  2007  2007 I sensors-hal: batch:363, android.sensor.device_orientation/271, period=200000000, max_latency=0 request completed
03-13 10:31:33.511  2007 12669 I sensors-hal: handle_sns_client_event:142, auto_rotation_event same event skip, type:2
03-13 10:31:33.511  2007 12669 I sensors-hal: handle_sns_client_event:159, auto_rotation_event_2 event,0, duration,221, ts,239494076867602, ts_diff,213317
03-13 10:31:33.511  2007 12669 I sensors-hal: handle_sns_client_event:170, auto_rotation_debug_2 acc,0.589,7.317,5.972, ar,0, h_ic,0,0, s,2, ver,14, pedo,1,e,1,i,3
03-13 10:31:33.511  2007  3645 I sensors-hal: qsh_conn_event_cb:890, event[0] sensor:Device Common Info  Wakeup, msg_id=1025, ts=4598386629347
03-13 10:31:33.511  2007  3645 I sensors-hal: handle_sns_client_event:65, device_common_info_event: t:3, f:0, s:1, h:1
03-13 10:31:33.511  3003  4028 D SemWifiIntelligentConnectionManager: IWH tr data stats : 277 / 110
03-13 10:31:33.512  1171  1171 D io_stats: !@   8,0 r 3753080 118862544 w 4411923 94213932 d 387741 104844360 f 183209 429370 iot 1822732 0 th 0 0 0 pt 0 inp 0 0 63577.579
03-13 10:31:33.512  2007  2007 I sensors-hal: activate:300, com.samsung.sensor.device_common_info/2132 en=0
03-13 10:31:33.512  2007  2007 I sensors-hal: send_sync_sensor_request:508, send sync request
03-13 10:31:33.512  2007  2007 I sensors-hal: send_sync_sensor_request:518, send_sync_sensor_request before send_request for device_common_info with SUID low=3766530206566995508 high=1320970896291267344
03-13 10:31:33.512  2007  2007 I sensors-hal: send_sync_sensor_request:537, wait for notification of response
03-13 10:31:33.513  2007  3645 I sensors-hal: qsh_conn_resp_cb:930, resp_value = 0 for device_common_info 
03-13 10:31:33.513  2007  2007 I sensors-hal: send_sync_sensor_request:543, takes 1 ms to receive the response with 0
03-13 10:31:33.513  2007  2007 I sensors-hal: activate:330, com.samsung.sensor.device_common_info/2132 en=0 completed
03-13 10:31:33.514  4360  4360 I SprWallpaper|VideoPlayer: configure
03-13 10:31:33.514  4360 11571 I MediaCodec: MediaCodec will operate in async mode
03-13 10:31:33.514  3003  3067 I ActivityManager: Changes in 99338 3 to 12, 184 to 128
03-13 10:31:33.514  3003  3067 I ActivityManager: Changes in 99332 3 to 12, 184 to 128
03-13 10:31:33.514  3003  3067 I ActivityManager: Changes in 10445 2 to 12, 255 to 128
03-13 10:31:33.514  3003  3067 I ActivityManager: Changes in 10260 3 to 12, 184 to 128
03-13 10:31:33.514  3003  3067 I ActivityManager: Changes in 10114 3 to 12, 184 to 128
03-13 10:31:33.515  3003  3067 W ProcessStats: Tracking association SourceState{e7e529 com.samsung.android.carkey/10114 Top #452657} whose proc state 1 is better than process ProcessState{f82f265 com.skms.android.agent:remote/1000 pkg=com.skms.android.agent} proc state 2 (209 skipped)
03-13 10:31:33.515  3003  3067 D SGM:FgCheckThread: notePauseComponent(), received pkgName: com.tranzmate, userId: 0
03-13 10:31:33.515  4360  4360 E MediaCodec: Media Quality Service not found.
03-13 10:31:33.516  3003  7241 V WindowManager: Setting visibility of Window{5658717 u0 com.tranzmate/com.moovit.app.servicealerts.ServiceAlertsActivity}: false, caller=com.android.server.wm.WindowContainer.sendAppVisibilityToClients:19 com.android.server.wm.WindowToken.setClientVisible:48 com.android.server.wm.ActivityRecord.commitVisibility:186 com.android.server.wm.ActivityRecord.setVisibility:623 com.android.server.wm.ActivityRecord.makeInvisible:32 
03-13 10:31:33.517  4360 11571 I MediaCodec: [c2.qti.hevc.decoder] setting surface generation to 4464977
03-13 10:31:33.518  9852  9852 I VRI[ServiceAlertsActivity]@77c6b89: handleAppVisibility mAppVisible = true visible = false
03-13 10:31:33.518  9852  9852 D VRI[ServiceAlertsActivity]@77c6b89: visibilityChanged oldVisibility=true newVisibility=false
03-13 10:31:33.519  3003  4002 D BackgroundInstallControlService: Package event received: 0
03-13 10:31:33.519  4205 25262 D FactoryTest: checkAutomationTestOption() : option=0
03-13 10:31:33.519  4205 25262 D FactoryTest: checkAutomationTestOption() : mode_screenlock=0
03-13 10:31:33.519  4205 25262 I KeyguardService: onScreenTurnedOff
03-13 10:31:33.519  3003  3991 I CocktailBarManagerServiceContainer: handleMessage: entry what = 6
03-13 10:31:33.520  3003  3065 D SensorManager: unregisterListener :: com.android.server.wm.WindowOrientationListener$OrientationSensorJudge@783320e
03-13 10:31:33.520  4205  4391 D KeyguardTransitionRepository: (Internal) Setting current transition info: TransitionInfo(ownerName=FromGoneTransitionInteractor(Sleep transition triggered), from=GONE, to=DOZING, animated)
03-13 10:31:33.522  3003  3067 D BBA2    : updateWindowVisible for pid : 9852, visible : 0
03-13 10:31:33.523  2452 12680 I CameraService: onUidStateChanged: uid=10445, procState is changed. (2 -> 12)
03-13 10:31:33.525  3003  3064 D HintManagerService: Sent cleanup message for uid 10445
03-13 10:31:33.526  2452 12680 I CameraService: onUidStateChanged: uid=10259, procState is changed. (3 -> 4)
03-13 10:31:33.526  2452  8032 I CameraService: onUidStateChanged: uid=10053, procState is changed. (0 -> 1)
03-13 10:31:33.527  2541  2918 D BufferPoolAccessor2.0: bufferpool2 0xb40000707bf0fe18 : 0(0 size) total buffers - 0(0 size) used buffers - 0/0 (recycle/alloc) - 0/0 (fetch/transfer)
03-13 10:31:33.527  2541  2918 D BufferPoolAccessor2.0: evictor expired: 1, evicted: 1
03-13 10:31:33.527  9852 10015 D HWUI    : CacheManager::trimMemory(20)
03-13 10:31:33.529  2105  2105 I SurfaceFlinger: RequestedLayer [com.tranzmate/com.moovit.app.servicealerts.ServiceAlertsActivity$_9852#48830] hidden!! flag  from(0) --> to(1)
03-13 10:31:33.529  2105  2105 I SurfaceFlinger: RequestedLayer [ActivityRecord{32446841 u0 com.tranz[...]ts.ServiceAlertsActivity t560}#48828] hidden!! flag  from(0) --> to(1)
03-13 10:31:33.529  2105  2105 I SurfaceFlinger: RequestedLayer [Task=560#48764] hidden!! flag  from(0) --> to(1)
03-13 10:31:33.529  4360 11576 I CCodec  : appPid(4360) width(1080) height(2640)
03-13 10:31:33.529  2053  2950 W QC2Interface: [hvcD_46] Failed to query parameters
03-13 10:31:33.530  2053  2950 I vendor.qti.media.c2@1.0-service: StrictValueWithNoDeps is called old.v.value is 2141391876 me.v.value is 0
03-13 10:31:33.530  2053  2950 I vendor.qti.media.c2@1.0-service: [FRC-IsFilteringEnabled] entry
03-13 10:31:33.530  2053  2950 I vendor.qti.media.c2@1.0-service: [FRC-IsFilteringEnabled] frcReqInfo.value is 0
03-13 10:31:33.530  2053  6835 W QC2Interface: [hvcD_46] Failed to query parameters
03-13 10:31:33.530  4360 11576 W Codec2Client: query -- param skipped: index = 1107298332.
03-13 10:31:33.530  4360 11576 W CCodec  : This behavior is subject to change. It is recommended that app developers double check whether the requested max input size is in reasonable range.
03-13 10:31:33.530  2105  2105 D DisplayModeController: setDesiredMode 4630946564756762243 {mode={fps=60.00 Hz, modePtr={id=2, vsyncRate=60.00 Hz, peakRefreshRate=60.00 Hz}}, emitEvent=true, force=false}
03-13 10:31:33.530  2053  2420 W QC2Interface: [hvcD_46] Failed to query parameters
03-13 10:31:33.531  4360 11576 I CCodecConfig: query failed after returning 18 values (BAD_INDEX)
03-13 10:31:33.531  2053  2951 W QC2Interface: [hvcD_46] Failed to query parameters
03-13 10:31:33.531  4360 11576 E .wallpaper.live: Failed to query component interface for required system resources: 6
03-13 10:31:33.531  2105  2105 I LayerHistory: NavigationBar0$_4205#130 Max (can't resolve refresh rate)
03-13 10:31:33.531  2105  2105 I SurfaceFlinger: Weight ignores NavigationBar0$_4205#130 (type=Max, weight=0.05, seamlessness=Default) 0.00 Hz's 120.00 Hz
03-13 10:31:33.531  2105  2105 I SurfaceFlinger: scored - choose 60.00 Hz
03-13 10:31:33.531  2105  2105 I HWComposer: [4630946564756762243] ActiveConfigToHWC, ID : 2
03-13 10:31:33.532  2022  2124 I HYPER-HAL: [RequestManager.cpp]acquire(): Acquired ID : 176145039  [2025 / 16743]    HINT :      list : [TID_LOW_LATENCY / 0] [TID / 10117] [TID / 10118] [TID / 9852] [TID / 10015] 
03-13 10:31:33.532  2040  2780 I SDM     : HWDeviceDRM::SetDisplaySwitchMode: [DispConfigs] check hs_mode 3
03-13 10:31:33.532  2040  2780 W SDM     : HWDeviceDRM::GetSupportedBitClkRate: Requested rate not supported: 954000000
03-13 10:31:33.532  2040  2780 W SDM     : HWDeviceDRM::GetSupportedBitClkRate: Requested rate not supported: 954000000
03-13 10:31:33.532  2040  2780 I SDM     : HWDeviceDRM::SetDisplaySwitchMode: [DispConfigs] Set mode index:3 1080x2640x60xcmdPHS, hs_mode(3), found_mode(1)
03-13 10:31:33.532  4205  4205 E EdgeBackGestureHandler: No resource found for gesture-blocking activities
03-13 10:31:33.532  2040  2780 I SDM     : HWDeviceDRM::UpdateMixerAttributes: Mixer WxH 1080x2640-1 for Peripheral
03-13 10:31:33.533  2040  2780 I SDM     : HWCDisplay::SubmitDisplayConfig: Active configuration changed from config 0 to 2
03-13 10:31:33.533  2022  2124 I HYPER-HAL: [RequestManager.cpp]acquire(): Acquired ID : 176295227  [2025 / 16751]    HINT :      list : [TID_LOW_LATENCY / 0] [TID / 10117] [TID / 10118] [TID / 9852] [TID / 10015] 
03-13 10:31:33.533  4360  4360 I SprWallpaper|VideoPlayer: start: state[1] after prepare
03-13 10:31:33.534  3003  3130 I SemMdnieManagerService: DDI setHighBrightnessMode id(0) lux : -1, index : 0
03-13 10:31:33.534  3003  3130 D AutomaticBrightnessController: setLightSensorEnabled: false
03-13 10:31:33.534  2105  2105 I SurfaceFlinger: finalizeDisplayModeChange 4630946564756762243
03-13 10:31:33.534  2007  2007 I sensors-hal: activate:300, com.samsung.sensor.auto_brightness/1651 en=0
03-13 10:31:33.534  3003  6501 D SehCodecSolutionService: updateMediaStatisticsData: (action=1@1986621044;category=2@1986621044;label=1936222261@1986621044)
03-13 10:31:33.534  3003  6501 D CodecSolution_MediaStatisticsData: MediaStatisticsData: action=1@1986621044;category=2@1986621044;label=1936222261@1986621044
03-13 10:31:33.534  3003  6501 D CodecSolution_MediaStatisticsData: Category.valueOf: 2
03-13 10:31:33.534  3003  6501 D CodecSolution_MediaStatisticsData: Action.valueOf: 1
03-13 10:31:33.534  3003  6501 D CodecSolution_MediaStatisticsData: Label.valueOf: 0x73686835
03-13 10:31:33.534  3003  6501 D CodecSolution_MediaStatisticsData: category: VDEC
03-13 10:31:33.534  3003  6501 D CodecSolution_MediaStatisticsData: action: INSTANTIATE
03-13 10:31:33.534  3003  6501 D CodecSolution_MediaStatisticsData: label: SEC_HW_H265
03-13 10:31:33.535  3003  3003 D SehCodecSolutionService: handleMessage : 900
03-13 10:31:33.535  4205  4205 D NavigationModeController: getCurrentInteractionMode: mode=0 contextUser=0
03-13 10:31:33.535  3003  3067 D LocalDisplayAdapter: updateActiveModeLocked for d=4630946564756762243, mActiveModeId=3, mActiveSfDisplayMode=DisplayMode{id=2, width=1080, height=2640, xDpi=428.625, yDpi=424.405, peakRefreshRate=60.000004, vsyncRate=60.000004, appVsyncOffsetNanos=16666666, presentationDeadlineNanos=17666666, supportedHdrTypes=[4, 2, 3], group=1080}
03-13 10:31:33.535  3003  3003 D SehCodecSolutionService: event : VDEC
03-13 10:31:33.535  4360 11571 I CCodec  : [c2.qti.hevc.decoder] state->set(STARTING)
03-13 10:31:33.535  3003  3003 D CodecSolution_Logging: dma : true, feature: VDEC, extra: SEC_HW_H265, value: -1
03-13 10:31:33.535  3003  3003 D CodecSolution_Logging: insert diagmon log
03-13 10:31:33.535  3003  3003 D CodecSolution_Logging: permission granted
03-13 10:31:33.535  3003  3003 W ContextImpl: Calling a method in the system process without a qualified user: android.app.ContextImpl.sendBroadcast:1335 vendor.samsung.frameworks.codecsolution.Logging.insertDiagmonLog:14 vendor.samsung.frameworks.codecsolution.Logging.insertLog:6 vendor.samsung.frameworks.codecsolution.Logging.insertLog:1 vendor.samsung.frameworks.codecsolution.SehCodecSolutionService$1.handleMessage:24 
03-13 10:31:33.535  3003  3067 I DisplayDeviceRepository: Display device changed render timings: "Built-in Screen", renderFrameRate=60.000004, presentationDeadlineNanos=17666666, appVsyncOffsetNanos=16666666, frameRateOverrides=[]
03-13 10:31:33.535  3003  5976 D LiftUpHandler: [LTW] Stopped already.
03-13 10:31:33.536  3003  3003 D SGM:GameManager: onDisplayChanged. displyId: 0, state: 2
03-13 10:31:33.536  3003  3003 D AODManagerService: requestReCalToTSP IsSingleTouchMode = falserequestedReCalToTSP = false / previousDisplayState = ON
03-13 10:31:33.536  4832 30117 I HoneySpace.RefreshRateSource: singleFrameMs 16
03-13 10:31:33.537  2105  2922 I VSyncReactor: Current= 120, Period= 60, hwcPeriod= 60
03-13 10:31:33.537  4205  4362 D StackScroller: onDisplayChanged for predraw skip to 2
03-13 10:31:33.537  4832 15637 I HoneySpace.Memory-Monitor: current state = 2, didTrim = false
03-13 10:31:33.538  3003  3687 D SGM:FgCheckThread: onLooperPrepared(), msg: MSG_LCD_ON
03-13 10:31:33.538  2094  8035 D AudioFlinger: setParameters: filtered dev setParameters keyvalue screen_state=on
03-13 10:31:33.538  4205  4205 I NoBackGesture: Config changed: newConfig={1.0 ?mcc0mnc [en_US] ldltr sw307dp w352dp h308dp 340dpi smll hdr widecg land night -touch -keyb/v/h -nav/h winConfig={ mBounds=Rect(0, 0 - 748, 720) mAppBounds=Rect(0, 0 - 748, 654) mMaxBounds=Rect(0, 0 - 748, 720) mDisplayRotation=ROTATION_0 mWindowingMode=fullscreen mActivityType=undefined mAlwaysOnTop=undefined mRotation=ROTATION_0 mStageConfig=undefined mPopOver=undefined mOverlappingWithCutout=false mFlexPanelMode=off} s.4990 fontWeightAdjustment=0 ff=0 bf=-1 bts=0 cst=1.0 nightDim=0 themeSeq=0} lastReportedConfig={1.0 ?mcc0mnc [en_US] ldltr sw307dp w352dp h308dp 340dpi smll hdr widecg land night -touch -keyb/v/h -nav/h winConfig={ mBounds=Rect(0, 0 - 748, 720) mAppBounds=Rect(0, 0 - 748, 654) mMaxBounds=Rect(0, 0 - 748, 720) mDisplayRotation=ROTATION_0 mWindowingMode=fullscreen mActivityType=undefined mAlwaysOnTop=undefined mRotation=ROTATION_0 mStageConfig=undefined mPopOver=undefined mOverlappingWithCutout=false mFlexPanelMode=off} s.4990 fontWeightAdjustment=0 ff=0 bf=-1 bts=0 cst=1.0 nightDim=0 themeSeq=0}
03-13 10:31:33.538  2007  2007 I sensors-hal: enable_flicker_als:213, [SSC_LIGHT] flicker_als disable
03-13 10:31:33.538  3003  4923 D WifiDisplayAdapter: isFitToActiveDisplayLocked : false
03-13 10:31:33.538  4205  4205 D Navbar.Store: handleEvent(1) OnNavBarCreated(keyguardStateController=com.android.systemui.statusbar.policy.KeyguardStateControllerImpl@c596bb7, navigationBar=com.android.systemui.navigationbar.views.NavigationBar@340d63a) [Module] NavigationBar
03-13 10:31:33.538  4205  4205 D OneHandOpGestureHandler: setDisablePolicy() old=0, new=0
03-13 10:31:33.539  4205  4205 D NavBarStateManager: NavBarStates(1) isLargeCoverScreenSyncEnabled: false
03-13 10:31:33.539  4205  4205 D Navbar.NavigationBar: onInit() Cover navbar hidden: sync option is off
03-13 10:31:33.539  4205  4205 D NavBarStateManager: NavBarStates(1) isNavBarHiddenByKnox: false
03-13 10:31:33.539  3003  3065 D WindowManager: DeferredDisplayUpdater: partially applying DisplayInfo(1080 x 2640) immediately
03-13 10:31:33.539  4607  4713 I NfcService: onUidToBackground: Uid 10445
03-13 10:31:33.539  4607  4713 I NfcService: onUidToBackground: Uid 10445
03-13 10:31:33.540  4205  4205 D NavBarStateManager: NavBarStates(0) canShowKeyboardButtonForRotation(0): true
03-13 10:31:33.540  2452  2747 I CameraService: onUidStateChanged: uid=10445, procState is changed. (12 -> 15)
03-13 10:31:33.540  1992  2045 D AHAL: AudioDevice: SetParameters: 1865: enter
03-13 10:31:33.540  1992  2045 D AHAL: AudioVoice: VoiceSetParameters: 200: Enter
03-13 10:31:33.540  1992  2045 D AHAL: AudioVoice: VoiceSetParameters: 479: Exit ret: 0
03-13 10:31:33.540  1992  2045 D AHAL: hfp: hfp_set_parameters: 444: enter
03-13 10:31:33.540  1992  2045 D AHAL: AudioDevice: SetParameters: 1945:  - screen = on
03-13 10:31:33.540  1992  2045 I PAL: ResourceManager: setParameter: 10683: Screen State:1
03-13 10:31:33.540  1992  2045 D AHAL: AudioDevice: SetParameters: 2798: exit: screen_state=on
03-13 10:31:33.541  4205  4205 D NavBarStateManager: NavBarStates(1) supportLargeCoverScreenNavBar: true
03-13 10:31:33.541  4205  4205 D NavBarStateManager: NavBarStates(0) canShowKeyboardButtonForRotation(0): true
03-13 10:31:33.541 19717 19717 I HBD     : DeX h DeX mode state change in non-main thread 
03-13 10:31:33.541 19717 19717 I HBD     : DeX h DeX mode state change: 3 
03-13 10:31:33.541  4205  4205 D NavBarStateManager: NavBarStates(1) supportLargeCoverScreenNavBar: true
03-13 10:31:33.542  4205  4205 D NavBarStateManager: NavBarStates(0) canShowKeyboardButtonForRotation(1): true
03-13 10:31:33.542  4205  4205 D NavBarStateManager: NavBarStates(1) supportLargeCoverScreenNavBar: true
03-13 10:31:33.542  4205  4205 D NavBarStateManager: NavBarStates(0) canShowKeyboardButtonForRotation(2): true
03-13 10:31:33.543 16161 10093 W NetworkScheduler.ATC: Called cancelTask for already completed task com.google.android.gms/.measurement.PackageMeasurementTaskService{u=0 tag="Measurement.PackageMeasurementTaskService.UPLOAD_TASK_TAG" trigger=window{start=0s,end=1s,earliest=-211s,latest=-210s} requirements=[NET_CONNECTED,PREFERRED_NET_UNMETERED,PREFERRED_CHARGING] attributes=[PERSISTED] scheduled=-211s last_run=-176s exec_window_multiplier=1.0000 jid=N/A status=ACTIVE retries=0 client_lib=GMS_TASK_SCHEDULER-261033000} :1 [CONTEXT service_id=218 ]
03-13 10:31:33.543  2053  2950 I vendor.qti.media.c2@1.0-service: [FRC-IsFilteringEnabled] entry
03-13 10:31:33.543  2053  2950 I vendor.qti.media.c2@1.0-service: [FRC-IsFilteringEnabled] frcReqInfo.value is 0
03-13 10:31:33.543  2007  2007 I sensors-hal: send_sync_sensor_request:508, send sync request
03-13 10:31:33.543  2007  2007 I sensors-hal: send_sync_sensor_request:518, send_sync_sensor_request before send_request for auto_brightness with SUID low=2816411781185423377 high=5518030540294228002
03-13 10:31:33.543  2007  2007 I sensors-hal: send_sync_sensor_request:537, wait for notification of response
03-13 10:31:33.544  2053  2950 I QC2Comp : [hvcD_46] CPU perf resource value pair found: [1082130688, 4095, ]
03-13 10:31:33.544  2007  9316 I sensors-hal: qsh_conn_resp_cb:930, resp_value = 0 for auto_brightness 
03-13 10:31:33.544  2007  2007 I sensors-hal: send_sync_sensor_request:543, takes 0 ms to receive the response with 0
03-13 10:31:33.544  2053  2950 I QC2Registry: Build pipelined codec for session
03-13 10:31:33.544  2053  2950 I QC2Registry: Getting stages for pipelined codec
03-13 10:31:33.544  2007  2007 I sensors-hal: ~worker:65, worker(0xb400007a0f4dd4b0) send sig to tid= 9315
03-13 10:31:33.544  2007  2007 I sensors-hal: ~worker:74, worker(0xb400007a0f4dd4b0) is destroyed, remaining task = 0, tid= 9315
03-13 10:31:33.544  2007  2007 I sensors-hal: ~qsh_qmi:58, ~qsh_qmi
03-13 10:31:33.544  2007  2007 I sensors-hal: deactivate:274, [SSC_LIGHT] auto_brightness deactivate!
03-13 10:31:33.544  2007  2007 I sensors-hal: activate:330, com.samsung.sensor.auto_brightness/1651 en=0 completed
03-13 10:31:33.544  2053  2950 I QC2Registry: Requested codec is pipelined. Create codec list
03-13 10:31:33.544  2053  2950 I QC2Registry: GetEnabledFilters for c2.qti.hevc.decoder
03-13 10:31:33.544  2053  2950 I QC2Registry: Pipeline Index = a0009102
03-13 10:31:33.544  2053  2950 I QC2Registry: Filter sec2.imageformat.filter can't be pipelined
03-13 10:31:33.544  2053  2950 I QC2Registry: Pipeline Index = a000a103
03-13 10:31:33.544  2053  2950 I QC2Registry: Filter c2.qti.filter.imagetransform can't be pipelined
03-13 10:31:33.544  2053  2950 I QC2Registry: Created 0 filters for pipelined codec c2.qti.hevc.decoder
03-13 10:31:33.544  2053  2950 E QC2Comp : [hvcD_46] configureIntf failed 95
03-13 10:31:33.545  4205  4205 D NavBarStateManager: NavBarStates(1) supportLargeCoverScreenNavBar: true
03-13 10:31:33.545  4205  4205 D NavBarStateManager: NavBarStates(0) canShowKeyboardButtonForRotation(3): true
03-13 10:31:33.546  4205  4205 D NavBarStateManager: NavBarStates(1) supportLargeCoverScreenNavBar: true
03-13 10:31:33.546  4205  4205 I WindowManager: WindowManagerGlobal#addView, ty=2019, view=com.android.systemui.navigationbar.views.NavigationBarFrame{927f292 V.E...... ......I. 0,0-0,0 #7f0a083f app:id/navigation_bar_frame}, caller=android.view.WindowManagerImpl.addView:158 com.android.systemui.navigationbar.views.NavigationBar.onInit:238 com.android.systemui.util.ViewController.init:6 
03-13 10:31:33.546  4205  4205 I ViewRootImpl: dVRR is disabled
03-13 10:31:33.547  4205  4394 D NativeCustomFrequencyManager: [NativeCFMS] BpCustomFrequencyManager::BpCustomFrequencyManager()
03-13 10:31:33.548  2105  2324 I SurfaceFlinger: id=48838 createSurf, flag=84004, WindowToken{11f3608 type=2019 android.os.BinderProxy@5790dfa}#48838
03-13 10:31:33.549  3003  7241 D InputTransport: Input channel constructed: '13a0fc6', fd=1268
03-13 10:31:33.549  3003  7241 D InputTransport: Input channel constructed: '13a0fc6', fd=1269
03-13 10:31:33.549  3003  7241 D InputTransport: Input channel constructed: '13a0fc6', fd=1280
03-13 10:31:33.549  3003  7241 D InputTransport: Input channel destroyed: '13a0fc6', fd=1269
03-13 10:31:33.549  2105  2922 I SurfaceFlinger: id=48839 createSurf, flag=84004, 13a0fc6 NavigationBar1#48839
03-13 10:31:33.549  3003  7241 D RestrictionPolicy: isScreenCaptureEnabled : ret=true userId=0
03-13 10:31:33.549  1985  2158 I minksocket: MinkIPC MESSAGE: ( 1985:2158 ) MinkIPC_QRTR_Service:351 minkipc = 0xb400006d4d3f6550 sock = 13, client with node 1 port 6c25 went down
03-13 10:31:33.549  1985  2180 I minksocket: MinkIPC MESSAGE: ( 1985:2180 ) MinkIPC_QRTR_Service:351 minkipc = 0xb400006d4d3f7730 sock = 33, client with node 1 port 6c25 went down
03-13 10:31:33.549  3003  7241 D InsetsSourceProvider: updateVisibility: serverVisible=false, clientVisible=false, source=InsetsSource: {36e10001 mType=navigationBars mFrame=[0,0][0,0] mVisible=false mFlags= mSideHint=NONE mBoundingRects=null}, controlTarget=null, from=com.android.server.wm.InsetsSourceProvider.setClientVisible:8 com.android.server.wm.InsetsSourceProvider.setWindowContainer:160 com.android.server.wm.WindowManagerService.addWindowInner:148 com.android.server.wm.WindowManagerService.addWindow:1842 com.android.server.wm.Session.addToDisplayAsUser:24 android.view.IWindowSession$Stub.onTransact:757 com.android.server.wm.Session.onTransact:1 android.os.Binder.execTransactInternal:1457 android.os.Binder.execTransact:1401 <bottom of call stack> 
03-13 10:31:33.549  3003  7241 E WindowManager: Display reconfigured outside of a transition: Display{#1 state=OFF size=748x720 ROTATION_0}
03-13 10:31:33.550  3003  7241 D DisplayManager.PersistentDataStore: saveToXml remembered active display fit status value:false
03-13 10:31:33.550  3003  7241 I WindowManager: [d1] Override config changes=20000c00 {0.0 ?mcc0mnc ?localeList ?layoutDir sw291dp w352dp h291dp 340dpi smll hdr widecg land ?uimode ?night finger -keyb/v/h -nav/h winConfig={ mBounds=Rect(0, 0 - 748, 720) mAppBounds=Rect(0, 0 - 748, 618) mMaxBounds=Rect(0, 0 - 748, 720) mDisplayRotation=ROTATION_0 mWindowingMode=fullscreen mActivityType=undefined mAlwaysOnTop=undefined mRotation=ROTATION_0 mStageConfig=undefined mPopOver=undefined mOverlappingWithCutout=false mFlexPanelMode=off} ?fontWeightAdjustment ff=0 bf=-1 bts=0 cst=1.0 nightDim=-1 themeSeq=0}, callers=com.android.server.wm.DisplayContent.updateDisplayOverrideConfigurationLocked:24 com.android.server.wm.DisplayContent.sendNewConfiguration:133 com.android.server.wm.WindowManagerService.addWindowInner:712 com.android.server.wm.WindowManagerService.addWindow:1842 com.android.server.wm.Session.addToDisplayAsUser:24 
03-13 10:31:33.550  3003  7241 D WindowManager: Transition is created, t=TransitionRecord{975aab4 id=-1 type=CHANGE flags=0x0}, caller=com.android.server.wm.Transition.<init>:182 com.android.server.wm.TransitionController.createTransition:17 com.android.server.wm.DisplayContent.requestChangeTransition:5 com.android.server.wm.DisplayContent.performDisplayOverrideConfigUpdate:333 com.android.server.wm.DisplayContent.updateDisplayOverrideConfigurationLocked:24 
03-13 10:31:33.550  3003  7241 D BLASTSyncEngine: SyncGroup is created, id=5632, name=Transition-CHANGE, caller=com.android.server.wm.BLASTSyncEngine$SyncGroup.<init>:52 com.android.server.wm.TransitionController.moveToCollecting:79 com.android.server.wm.TransitionController.createTransition:46 com.android.server.wm.DisplayContent.requestChangeTransition:5 com.android.server.wm.DisplayContent.performDisplayOverrideConfigUpdate:333 com.android.server.wm.DisplayContent.updateDisplayOverrideConfigurationLocked:24 com.android.server.wm.DisplayContent.sendNewConfiguration:133 
03-13 10:31:33.550  3003  7241 W BLASTSyncEngine: setSyncMethod, id=5632, method=0, caller=com.android.server.wm.TransitionController.moveToCollecting:91 com.android.server.wm.TransitionController.createTransition:46 com.android.server.wm.DisplayContent.requestChangeTransition:5 
03-13 10:31:33.550  3003  7241 V WindowManager: Start collecting in Transition: TransitionRecord{975aab4 id=5632 type=CHANGE flags=0x0}, caller=com.android.server.wm.TransitionController.createTransition:46 com.android.server.wm.DisplayContent.requestChangeTransition:5 com.android.server.wm.DisplayContent.performDisplayOverrideConfigUpdate:333 com.android.server.wm.DisplayContent.updateDisplayOverrideConfigurationLocked:24 com.android.server.wm.DisplayContent.sendNewConfiguration:133 
03-13 10:31:33.550  3003  7241 V WindowManager: Requesting StartTransition: TransitionRecord{975aab4 id=5632 type=CHANGE flags=0x0}, caller=com.android.server.wm.DisplayContent.requestChangeTransition:10 com.android.server.wm.DisplayContent.performDisplayOverrideConfigUpdate:333 com.android.server.wm.DisplayContent.updateDisplayOverrideConfigurationLocked:24 com.android.server.wm.DisplayContent.sendNewConfiguration:133 com.android.server.wm.WindowManagerService.addWindowInner:712 
03-13 10:31:33.550  3003  7241 V WindowManager: Collecting in transition 5632: Display{#1 state=OFF size=748x720 ROTATION_0}, caller=com.android.server.wm.DisplayContent.requestChangeTransition:71 com.android.server.wm.DisplayContent.performDisplayOverrideConfigUpdate:333 com.android.server.wm.DisplayContent.updateDisplayOverrideConfigurationLocked:24 com.android.server.wm.DisplayContent.sendNewConfiguration:133 com.android.server.wm.WindowManagerService.addWindowInner:712 
03-13 10:31:33.550  3003  7241 D WindowManager: prepareSync <SYNC_STATE_WAITING_FOR_DRAW>, mPrepareSyncSeqId=0, win=Window{21b9755 u0 ScreenDecorOverlayCover}
03-13 10:31:33.551  3003  7241 D WindowManager: prepareSync <SYNC_STATE_WAITING_FOR_DRAW>, mPrepareSyncSeqId=0, win=Window{13a0fc6 u0 NavigationBar1}
03-13 10:31:33.551  3003  7241 D WindowManager: prepareSync <SYNC_STATE_WAITING_FOR_DRAW>, mPrepareSyncSeqId=0, win=Window{243e821 u0 SubScreenQuickPanel}
03-13 10:31:33.551  3003  7241 D WindowManager: prepareSync <SYNC_STATE_WAITING_FOR_DRAW>, mPrepareSyncSeqId=0, win=Window{3b7b695 u0 com.android.systemui/com.android.systemui.subscreen.SubHomeActivity}
03-13 10:31:33.551  3003  7241 D WindowManager: prepareSync <SYNC_STATE_WAITING_FOR_DRAW>, mPrepareSyncSeqId=0, win=Window{8bc5e3f u0 com.samsung.android.smartsuggestions/com.samsung.android.smartsuggestions.feature.aisuggestion.ui.onboarding.OnboardingActivity}
03-13 10:31:33.551  4205  4267 V WindowManagerShell: Transition requested (#5632): android.os.BinderProxy@18e6860 TransitionRequestInfo { type = CHANGE, triggerTask = null, pipChange = null, remoteTransition = null, displayChange = null, flags = 0, debugId = 5632 }
03-13 10:31:33.551  4205  4267 D ShellDesktopMode: handleRequest: TransitionRequestInfo {type=6, tid=null, debugId=5632}
03-13 10:31:33.551  4205  4267 V ShellDesktopMode: DesktopTasksController: skipping handleRequest reason=transition type not handled (6)
03-13 10:31:33.551  3003  7241 V WindowManager: Collecting in transition 5632: WindowToken{8004a5b type=2024 android.os.BinderProxy@d7bba75}, caller=com.android.server.wm.TransitionController$$ExternalSyntheticLambda3.accept:43 com.android.server.wm.WindowContainer$ForAllWindowsConsumerWrapper.apply:5 com.android.server.wm.WindowState.applyInOrderWithImeWindows:22 com.android.server.wm.WindowState.forAllWindows:9 com.android.server.wm.WindowContainer.forAllWindows:2 
03-13 10:31:33.552  3003  7241 I MultiTaskingController: onConfigurationChangedLocked: display#1, configChanges=0x20000c00, scaleW=1.0, scaleH=1.0, prevScreenBounds=Rect(0, 0 - 748, 720), nextScreenBounds=Rect(0, 0 - 748, 720)
03-13 10:31:33.552  3003  3130 D SensorManager: unregisterListener :: com.android.server.display.AutomaticBrightnessController$3@1ff6ff3
03-13 10:31:33.552  3003  3130 D AutomaticBrightnessController: setProximitySensorEnabled::unregisterListener
03-13 10:31:33.553  3003  7241 D InsetsSourceProvider: updateVisibility: serverVisible=false, clientVisible=true, source=InsetsSource: {36e10024 mType=systemGestures mFrame=[0,0][0,0] mVisible=false mFlags= mSideHint=NONE mBoundingRects=null}, controlTarget=null, from=com.android.server.wm.InsetsSourceProvider.setServerVisible:6 com.android.server.wm.InsetsSourceProvider.onPostLayout:30 com.android.server.wm.InsetsStateController.onPostLayout:26 com.android.server.wm.RootWindowContainer.applySurfaceChangesTransaction$1:203 com.android.server.wm.RootWindowContainer.performSurfacePlacementNoTrace:86 com.android.server.wm.WindowSurfacePlacer.performSurfacePlacement:166 com.android.server.wm.ActivityTaskManagerService.continueWindowLayout:28 com.android.server.wm.DisplayContent.updateDisplayOverrideConfigurationLocked:78 com.android.server.wm.DisplayContent.sendNewConfiguration:133 com.android.server.wm.WindowManagerService.addWindowInner:712 
03-13 10:31:33.553  3003  7241 D InsetsSourceProvider: updateVisibility: serverVisible=false, clientVisible=true, source=InsetsSource: {36e10006 mType=tappableElement mFrame=[0,0][0,0] mVisible=false mFlags= mSideHint=NONE mBoundingRects=null}, controlTarget=null, from=com.android.server.wm.InsetsSourceProvider.setServerVisible:6 com.android.server.wm.InsetsSourceProvider.onPostLayout:30 com.android.server.wm.InsetsStateController.onPostLayout:26 com.android.server.wm.RootWindowContainer.applySurfaceChangesTransaction$1:203 com.android.server.wm.RootWindowContainer.performSurfacePlacementNoTrace:86 com.android.server.wm.WindowSurfacePlacer.performSurfacePlacement:166 com.android.server.wm.ActivityTaskManagerService.continueWindowLayout:28 com.android.server.wm.DisplayContent.updateDisplayOverrideConfigurationLocked:78 com.android.server.wm.DisplayContent.sendNewConfiguration:133 com.android.server.wm.WindowManagerService.addWindowInner:712 
03-13 10:31:33.553  3003  7241 D InsetsSourceProvider: updateVisibility: serverVisible=false, clientVisible=true, source=InsetsSource: {36e10005 mType=mandatorySystemGestures mFrame=[0,0][0,0] mVisible=false mFlags= mSideHint=NONE mBoundingRects=null}, controlTarget=null, from=com.android.server.wm.InsetsSourceProvider.setServerVisible:6 com.android.server.wm.InsetsSourceProvider.onPostLayout:30 com.android.server.wm.InsetsStateController.onPostLayout:26 com.android.server.wm.RootWindowContainer.applySurfaceChangesTransaction$1:203 com.android.server.wm.RootWindowContainer.performSurfacePlacementNoTrace:86 com.android.server.wm.WindowSurfacePlacer.performSurfacePlacement:166 com.android.server.wm.ActivityTaskManagerService.continueWindowLayout:28 com.android.server.wm.DisplayContent.updateDisplayOverrideConfigurationLocked:78 com.android.server.wm.DisplayContent.sendNewConfiguration:133 com.android.server.wm.WindowManagerService.addWindowInner:712 
03-13 10:31:33.553  2053  2950 I QC2V4l2Codec: [v4lhvcD_46] KPI_L1: init: ms=9
03-13 10:31:33.553  3003  7241 D InsetsSourceProvider: updateVisibility: serverVisible=false, clientVisible=true, source=InsetsSource: {36e10004 mType=systemGestures mFrame=[0,0][0,0] mVisible=false mFlags= mSideHint=NONE mBoundingRects=null}, controlTarget=null, from=com.android.server.wm.InsetsSourceProvider.setServerVisible:6 com.android.server.wm.InsetsSourceProvider.onPostLayout:30 com.android.server.wm.InsetsStateController.onPostLayout:26 com.android.server.wm.RootWindowContainer.applySurfaceChangesTransaction$1:203 com.android.server.wm.RootWindowContainer.performSurfacePlacementNoTrace:86 com.android.server.wm.WindowSurfacePlacer.performSurfacePlacement:166 com.android.server.wm.ActivityTaskManagerService.continueWindowLayout:28 com.android.server.wm.DisplayContent.updateDisplayOverrideConfigurationLocked:78 com.android.server.wm.DisplayContent.sendNewConfiguration:133 com.android.server.wm.WindowManagerService.addWindowInner:712 
03-13 10:31:33.554  2105  2105 I SurfaceFlinger: [WindowToken{11f3608 type=2019 android.os.BinderProxy@5790dfa}#48838] attach to parent LayerHierarchy{RequestedLayerState{Leaf:15:31#64 parentId=54 z=5} 3 children}
03-13 10:31:33.554  2053 11589 E QC2V4l2Codec: [v4lhvcD_46]  ? is not a supported pixel format!
