--------- beginning of main
03-13 10:30:43.105  3003  5506 I NSLocationMonitor: getGPSUsingApps() called
03-13 10:30:43.106  5490 20244 I NSLocationManager_FLP: getGPSUsingApps, No change
--------- beginning of system
03-13 10:30:43.116  3003  5506 D MARs:ActiveTrafficFilter: filter : com.instagram.android(0)
03-13 10:30:43.116  3003  5506 D FreecessHandler: freeze com.instagram.android(10428) result : 8
03-13 10:30:43.127  2097  2125 E HeatmapThread: ECT Thread time in milliseconds: 1773412243
03-13 10:30:43.133  2097  2125 D HeatmapThread: !@ batteryplugType : 2
03-13 10:30:43.133  2097  2125 D HeatmapThread: !@ batteryLevel : 100  batteryTemperature : 336 
03-13 10:30:43.133  2097  2125 D HeatmapThread: !@ Heatmap currtime: 29556870
03-13 10:30:43.133  2097  2125 D HeatmapThread: !@ Heatmap prevtime: 29556860
03-13 10:30:43.133  2097  2125 D HeatmapThread: !@ Heatmap plugstarttime: 29556690
03-13 10:30:43.133  2097  2125 D HeatmapThread: !@ Heatmap prevv_dsoh_update_time: 29556870
03-13 10:30:43.133  2097  2125 E HeatmapThread: !@ CAM New BSOH: 100
03-13 10:30:43.133  2097  2125 E HeatmapThread: !@ CAM is Working
03-13 10:30:43.163  3003  3130 D PowerManagerService: displayReady: false groupId=0
03-13 10:30:43.163  3003  3130 D DisplayPowerController[0]: animateScreenStateChange: target=ON, mIsEnabled=true
03-13 10:30:43.164  3003  3130 D DisplayPowerController[1]: animateScreenStateChange: target=OFF, mIsEnabled=false
03-13 10:30:43.164  3003  3130 D PowerManagerService: displayReady: true groupId=0
03-13 10:30:43.168  6563  6621 I appium  : channel read: GET /session/ea54b1d8-ef85-4373-8225-dd1133200b67/source
03-13 10:30:43.170  6563  6621 I appium  : Source command
03-13 10:30:43.172  6563  6621 I appium  : Waiting up to 10000ms for the device to idle
03-13 10:30:43.232  6563  6621 I appium  : AppiumResponse: {"sessionId":"ea54b1d8-ef85-4373-8225-dd1133200b67","value":"<?xml version='1.0' encoding='UTF-8' standalone='yes' ?>\r\n<hierarchy index=\"0\" class=\"hierarchy\" rotation=\"0\" width=\"1080\" height=\"2640\">\r\n  <android.widget.FrameLayout index=\"0\" package=\"com.tranzmate\" class=\"android.wi…
03-13 10:30:43.240  6563  6621 I appium  : channel read: GET /session/ea54b1d8-ef85-4373-8225-dd1133200b67/screenshot
03-13 10:30:43.241  6563  6621 I appium  : CaptureScreenshot command
03-13 10:30:43.241  6563  6621 I tomator2.server: hiddenapi: Accessing hidden method Landroid/view/Display;->getAddress()Landroid/view/DisplayAddress; (runtime_flags=0, domain=platform, api=blocked) from Lio/appium/uiautomator2/utils/ReflectionUtils; (domain=app, TargetSdkVersion=34) using reflection: allowed
03-13 10:30:43.241  6563  6621 I tomator2.server: hiddenapi: Accessing hidden method Landroid/view/DisplayAddress$Physical;->getPhysicalDisplayId()J (runtime_flags=0, domain=platform, api=blocked) from Lio/appium/uiautomator2/utils/ReflectionUtils; (domain=app, TargetSdkVersion=34) using reflection: allowed
03-13 10:30:43.253  2541  2918 D BufferPoolAccessor2.0: bufferpool2 0xb40000707bf20118 : 3(6144 size) total buffers - 3(6144 size) used buffers - 15/18 (recycle/alloc) - 3/18 (fetch/transfer)
03-13 10:30:43.254  2541  2918 D BufferPoolAccessor2.0: evictor expired: 1, evicted: 1
03-13 10:30:43.334  9160  9160 W screencap: Thread Pool max thread count is 0. Cannot cache binder as linkToDeath cannot be implemented. serviceName: SurfaceFlingerAIDL
03-13 10:30:43.335  9160  9160 W BpBinder: Linking to death on android.gui.ISurfaceComposer but there are no threads (yet?) listening to incoming transactions. See ProcessState::startThreadPool and ProcessState::setThreadPoolMaxThreadCount. Generally you should setup the binder threadpool before other initialization steps.
03-13 10:30:43.335  9160  9160 W screencap: Thread Pool max thread count is 0. Cannot cache binder as linkToDeath cannot be implemented. serviceName: edmnativehelper
03-13 10:30:43.336  3003  6501 I EDMNativeHelperService: isScreenCaptureEnabled
03-13 10:30:43.336  3003  6501 D RestrictionPolicy: isScreenCaptureEnabled : ret=true userId=0
03-13 10:30:43.336  9160  9160 W ProcessState: Extra binder thread started, but 0 threads requested. Do not use *startThreadPool when zero threads are requested.
03-13 10:30:43.336  9160  9160 I SurfaceComposerClient: captureDisplay:Display-4630946564756762243
03-13 10:30:43.337  2105  2321 I SurfaceFlinger: Capture layer list: 	 com.tranzmate/com.moovit.app.plus.MoovitPlusActivity$_6839#48718(seamlessTransition:0)
03-13 10:30:43.337  2105  2321 I SurfaceFlinger: Capture layer list: 	 StatusBar$_4205#132(seamlessTransition:0)
03-13 10:30:43.337  2105  2321 I SurfaceFlinger: Capture layer list: 	 com.sec.android.app.launcher/com.samsung.app.honeyspace.edge.edgepanel.app.CocktailBarService$_4832#48635(seamlessTransition:0)
03-13 10:30:43.337  2105  2321 I SurfaceFlinger: Capture layer list: 	 NavigationBar0$_4205#130(seamlessTransition:0)
03-13 10:30:43.338  2105  2321 E HwcComposer: getLuts failed Status(-129, EX_TRANSACTION_FAILED): 'UNKNOWN_TRANSACTION: '
03-13 10:30:43.338  2105  2342 D RenderEngine: [SEC_SF_EFFECTS] drawLayersInternal,1483, Rendering layer ScreenCaptureFillLayer at index 0
03-13 10:30:43.338  2105  2342 D RenderEngine: [SEC_SF_EFFECTS] drawLayersInternal,1483, Rendering layer com.tranzmate/com.moovit.app.plus.MoovitPlusActivity$_6839#48718 at index 1
03-13 10:30:43.338  2105  2342 D RenderEngine: [SEC_SF_EFFECTS] drawLayersInternal,1483, Rendering layer StatusBar$_4205#132 at index 2
03-13 10:30:43.339  2105  2342 D RenderEngine: [SEC_SF_EFFECTS] drawLayersInternal,1483, Rendering layer com.sec.android.app.launcher/com.samsung.app.honeyspace.edge.edgepanel.app.CocktailBarService$_4832#48635 at index 3
03-13 10:30:43.339  2105  2342 D RenderEngine: [SEC_SF_EFFECTS] drawLayersInternal,1483, Rendering layer NavigationBar0$_4205#130 at index 4
03-13 10:30:43.363  3003  3130 D PowerManagerService: displayReady: false groupId=0
03-13 10:30:43.363  3003  3130 D DisplayPowerController[0]: animateScreenStateChange: target=ON, mIsEnabled=true
03-13 10:30:43.364  3003  3130 D DisplayPowerController[1]: animateScreenStateChange: target=OFF, mIsEnabled=false
03-13 10:30:43.364  3003  3130 D PowerManagerService: displayReady: true groupId=0
03-13 10:30:43.367  9160  9165 I AdrenoUtils: <ReadGpuID:357>: Reading chip ID through GSL
03-13 10:30:43.367  9160  9160 W qdgralloc: Failed to load libubwcp.so
03-13 10:30:43.411  2007  5201 I sensors-hal: handle_sns_client_event:375, [0][212] accel_sample [ 0.347, -0.056,  9.855] 239443874780316
03-13 10:30:43.451  1171  1171 D io_stats: !@   8,0 r 3751332 118836572 w 4396696 94066884 d 387426 104727092 f 182632 428530 iot 1819476 0 th 0 0 0 pt 0 inp 0 0 63527.518
03-13 10:30:43.453  1171  1171 D io_stats: !@ Read_top(KB): v.pluto.android(3376) 292 facebook.katana(27821) 60
03-13 10:30:43.456  1171  1171 D io_stats: !@ Write_top(KB): com.tranzmate(6839) 396 android.vending(16306) 124 gle.android.gms(27562) 48
03-13 10:30:43.481 16161 10505 I NearbySharing: Network state changed: NetworkState(isRestricted=false, isOnline=true, isCongested=false, isMetered=false, isWifiConnected=true)
03-13 10:30:43.495  2007  5195 I sensors-hal: handle_sns_std_sensor_event:409, [SSC_LIGHT] P: 4(4),c:10,b:23,m:13,cl:0,l:3,s:3,l0:1248,l1:112,s0:1116,s1:93,acl:1,opr:0.21,f(r):97,u(bl):111,if:0,wi:7,si:8,po:0(N:0)
03-13 10:30:43.563  3003  3130 D PowerManagerService: displayReady: false groupId=0
03-13 10:30:43.566  3003  3130 D DisplayPowerController[0]: animateScreenStateChange: target=ON, mIsEnabled=true
03-13 10:30:43.567  3003  3130 D DisplayPowerController[1]: animateScreenStateChange: target=OFF, mIsEnabled=false
03-13 10:30:43.567  3003  3130 D PowerManagerService: displayReady: true groupId=0
03-13 10:30:43.582  6563  6621 I appium  : AppiumResponse: {"sessionId":"ea54b1d8-ef85-4373-8225-dd1133200b67","value":"iVBORw0KGgoAAAANSUhEUgAABDgAAApQCAYAAABYiJrlAAAAAXNSR0IArs4c6QAAAARzQklUCAgICHwIZIgAACAASURBVHic7N13WJX1/8fx12EKMsTBcKC50RzlXrnN3OZIs6y+5d6jvUtTy625+rVsaO6VE3OkqLktRcGtKeAGAdm/P4gTh3MQUNbJ5+O6uK64z33u87kNDvf9Ou/P+2Pw9imRJAAAAAAAACtmk9cDAAA…
03-13 10:30:43.587  4419 16539 D IpClient/wlan0: addressUpdated: 2601:85:ca02:f280:6446:daff:fe17:20b4/64 on ifindex 45 flags 0x00000100 scope 0
03-13 10:30:43.588  4419 16539 D IpClient/wlan0: addressUpdated: 2601:85:ca02:f280:d15d:952a:76b2:12a0/64 on ifindex 45 flags 0x00000001 scope 0
03-13 10:30:43.588  4419 16539 W AlarmManager: Unrecognized alarm listener com.android.networkstack.android.net.ip.IpClientLinkObserver$Dhcp6PdPreferredPrefixAlarmListener@fba7992
03-13 10:30:43.589  4419 16539 D ApfFilter: (wlan0): Ignoring RA RA fe80::c294:35ff:fe71:84fd -> ff02::1 180s 2601:85:ca02:f280::/64 7200s/7200s DNS 180s 2601:85:ca02:f280:c294:35ff:fe71:84fd 2001:558:feed::1 2001:558:feed::2 RIO 180s ::/0  which matches RA fe80::c294:35ff:fe71:84fd -> ff02::1 180s 2601:85:ca02:f280::/64 7200s/7200s DNS 180s 2601:85:ca02:f280:c294:35ff:fe71:84fd 2001:558:feed::1 2001:558:feed::2 RIO 180s ::/0 
03-13 10:30:43.592  4511  4511 I EPDG -- SIM1 [EpdgIntfCont]: sendInterfaceMessage, not mobile, ignore
03-13 10:30:43.592  4511  4511 I EPDG -- SIM0 [EpdgIntfCont]: sendInterfaceMessage, not mobile, ignore
03-13 10:30:43.592  4511  4511 I EPDG -- SIM1 [EpdgIntfCont]: sendInterfaceMessage, not mobile, ignore
03-13 10:30:43.592  4511  4511 I EPDG -- SIM0 [EpdgIntfCont]: sendInterfaceMessage, not mobile, ignore
03-13 10:30:43.767  3003  3130 D PowerManagerService: displayReady: false groupId=0
03-13 10:30:43.767  3003  3130 D DisplayPowerController[0]: animateScreenStateChange: target=ON, mIsEnabled=true
03-13 10:30:43.768  3003  3130 D DisplayPowerController[1]: animateScreenStateChange: target=OFF, mIsEnabled=false
03-13 10:30:43.768  3003  3130 D PowerManagerService: displayReady: true groupId=0
03-13 10:30:43.905  3003  5506 I NSLocationMonitor: getGPSUsingApps() called
03-13 10:30:43.906  5490 20244 I NSLocationManager_FLP: getGPSUsingApps, No change
03-13 10:30:43.916  3003  5506 D MARs:ActiveTrafficFilter: filter : com.samsung.android.aremoji(0)
03-13 10:30:43.916  3003  5506 D FreecessHandler: freeze com.samsung.android.aremoji(10044) result : 8
03-13 10:30:43.916  3003  5506 I NSLocationMonitor: getGPSUsingApps() called
03-13 10:30:43.917  5490 20244 I NSLocationManager_FLP: getGPSUsingApps, No change
03-13 10:30:43.922  3003  5506 D MARs:ActiveTrafficFilter: filter : com.microsoft.skydrive(0)
03-13 10:30:43.922  3003  5506 D FreecessHandler: freeze com.microsoft.skydrive(10109) result : 8
03-13 10:30:43.922  3003  5506 I NSLocationMonitor: getGPSUsingApps() called
03-13 10:30:43.923  5490 20244 I NSLocationManager_FLP: getGPSUsingApps, No change
03-13 10:30:43.927  3003  5506 D MARs:ActiveTrafficFilter: filter : com.nike.omega(0)
03-13 10:30:43.927  3003  5506 D FreecessHandler: freeze com.nike.omega(10354) result : 8
03-13 10:30:43.927  3003  5506 I NSLocationMonitor: getGPSUsingApps() called
03-13 10:30:43.928  5490 20244 I NSLocationManager_FLP: getGPSUsingApps, No change
03-13 10:30:43.931  3003  5506 D MARs:ActiveTrafficFilter: filter : com.opera.browser(0)
03-13 10:30:43.932  3003  5506 D FreecessHandler: freeze com.opera.browser(10415) result : 8
03-13 10:30:43.967  3003  3130 D PowerManagerService: displayReady: false groupId=0
03-13 10:30:43.968  3003  3130 D DisplayPowerController[0]: animateScreenStateChange: target=ON, mIsEnabled=true
03-13 10:30:43.969  3003  3130 D DisplayPowerController[1]: animateScreenStateChange: target=OFF, mIsEnabled=false
03-13 10:30:43.969  3003  3130 D PowerManagerService: displayReady: true groupId=0
03-13 10:30:43.975  2007  5233 I sensors-hal: handle_sns_std_sensor_event:90, light_cct: ts = 239444535814951 ns; value = [6, 6, 58, 56, 6, 23, 0, 6, 1264, 8, 0]
03-13 10:30:44.127  2097  2125 E HeatmapThread: ECT Thread time in milliseconds: 1773412244
03-13 10:30:44.132  2097  2125 D HeatmapThread: !@ batteryplugType : 2
03-13 10:30:44.132  2097  2125 D HeatmapThread: !@ batteryLevel : 100  batteryTemperature : 336 
03-13 10:30:44.132  2097  2125 D HeatmapThread: !@ Heatmap currtime: 29556870
03-13 10:30:44.132  2097  2125 D HeatmapThread: !@ Heatmap prevtime: 29556860
03-13 10:30:44.132  2097  2125 D HeatmapThread: !@ Heatmap plugstarttime: 29556690
03-13 10:30:44.132  2097  2125 D HeatmapThread: !@ Heatmap prevv_dsoh_update_time: 29556870
03-13 10:30:44.133  2097  2125 E HeatmapThread: !@ CAM New BSOH: 100
03-13 10:30:44.133  2097  2125 E HeatmapThread: !@ CAM is Working
03-13 10:30:44.168  3003  3130 D PowerManagerService: displayReady: false groupId=0
03-13 10:30:44.169  3003  3130 D DisplayPowerController[0]: animateScreenStateChange: target=ON, mIsEnabled=true
03-13 10:30:44.170  3003  3130 D DisplayPowerController[1]: animateScreenStateChange: target=OFF, mIsEnabled=false
03-13 10:30:44.170  3003  3130 D PowerManagerService: displayReady: true groupId=0
03-13 10:30:44.188  3003  4415 I ActivityManager: Changes in 10405 6 to 10, 128 to 0
03-13 10:30:44.193  3003  4002 D BackgroundInstallControlService: Package event received: 0
03-13 10:30:44.194  3003  4415 I ActivityManager: Changes in 10405 10 to 6, 0 to 128
03-13 10:30:44.195  3003  4002 D BackgroundInstallControlService: Package event received: 0
03-13 10:30:44.195  3003  4002 D BackgroundInstallControlService: Package event received: 0
03-13 10:30:44.195  3003  4002 D BackgroundInstallControlService: Package event received: 0
03-13 10:30:44.331  3003  3631 D ActivityManager: freezing 8242 com.samsung.faceservice
03-13 10:30:44.339  3003  3631 I UMR     : B|Compact com.samsung.faceservice(8242)
03-13 10:30:44.370  3003  3130 D PowerManagerService: displayReady: false groupId=0
03-13 10:30:44.370  3003  3130 D DisplayPowerController[0]: animateScreenStateChange: target=ON, mIsEnabled=true
03-13 10:30:44.370  3003  3130 D DisplayPowerController[1]: animateScreenStateChange: target=OFF, mIsEnabled=false
03-13 10:30:44.370  3003  3130 D PowerManagerService: displayReady: true groupId=0
03-13 10:30:44.415  3003  3631 I UMR     : E|Compact d_rss=-5452KB
03-13 10:30:44.570  3003  3130 D PowerManagerService: displayReady: false groupId=0
03-13 10:30:44.571  3003  3130 D DisplayPowerController[0]: animateScreenStateChange: target=ON, mIsEnabled=true
03-13 10:30:44.571  3003  3130 D DisplayPowerController[1]: animateScreenStateChange: target=OFF, mIsEnabled=false
03-13 10:30:44.571  3003  3130 D PowerManagerService: displayReady: true groupId=0
03-13 10:30:44.676  2007 12669 I sensors-hal: handle_sns_client_event:197, auto_rotation_debug_2 mode,255, type,1,0 acc,0.359,-0.067,9.863, ar,0, h_ic,0,0, s,2, ver,14, pedo,1,e,1,i,3
03-13 10:30:44.771  3003  3130 D PowerManagerService: displayReady: false groupId=0
03-13 10:30:44.771  3003  3130 D DisplayPowerController[0]: animateScreenStateChange: target=ON, mIsEnabled=true
03-13 10:30:44.772  3003  3130 D DisplayPowerController[1]: animateScreenStateChange: target=OFF, mIsEnabled=false
03-13 10:30:44.773  3003  3130 D PowerManagerService: displayReady: true groupId=0
03-13 10:30:44.971  3003  3130 D PowerManagerService: displayReady: false groupId=0
03-13 10:30:44.971  3003  3130 D DisplayPowerController[0]: animateScreenStateChange: target=ON, mIsEnabled=true
03-13 10:30:44.972  3003  3130 D DisplayPowerController[1]: animateScreenStateChange: target=OFF, mIsEnabled=false
03-13 10:30:44.972  3003  3130 D PowerManagerService: displayReady: true groupId=0
03-13 10:30:45.127  2097  2125 E HeatmapThread: ECT Thread time in milliseconds: 1773412245
03-13 10:30:45.132  2097  2125 D HeatmapThread: !@ batteryplugType : 2
03-13 10:30:45.132  2097  2125 D HeatmapThread: !@ batteryLevel : 100  batteryTemperature : 336 
03-13 10:30:45.132  2097  2125 D HeatmapThread: !@ Heatmap currtime: 29556870
03-13 10:30:45.132  2097  2125 D HeatmapThread: !@ Heatmap prevtime: 29556860
03-13 10:30:45.132  2097  2125 D HeatmapThread: !@ Heatmap plugstarttime: 29556690
03-13 10:30:45.132  2097  2125 D HeatmapThread: !@ Heatmap prevv_dsoh_update_time: 29556870
03-13 10:30:45.132  2097  2125 E HeatmapThread: !@ CAM New BSOH: 100
03-13 10:30:45.132  2097  2125 E HeatmapThread: !@ CAM is Working
03-13 10:30:45.172  3003  3130 D PowerManagerService: displayReady: false groupId=0
03-13 10:30:45.172  3003  3130 D DisplayPowerController[0]: animateScreenStateChange: target=ON, mIsEnabled=true
03-13 10:30:45.173  3003  3130 D DisplayPowerController[1]: animateScreenStateChange: target=OFF, mIsEnabled=false
03-13 10:30:45.174  3003  3130 D PowerManagerService: displayReady: true groupId=0
03-13 10:30:45.373  3003  3130 D PowerManagerService: displayReady: false groupId=0
03-13 10:30:45.373  3003  3130 D DisplayPowerController[0]: animateScreenStateChange: target=ON, mIsEnabled=true
03-13 10:30:45.374  3003  3130 D DisplayPowerController[1]: animateScreenStateChange: target=OFF, mIsEnabled=false
03-13 10:30:45.374  3003  3130 D PowerManagerService: displayReady: true groupId=0
03-13 10:30:45.458  1171  1171 D io_stats: !@   8,0 r 3751332 118836572 w 4396723 94068400 d 387426 104727092 f 182632 428530 iot 1819488 0 th 0 0 0 pt 0 inp 0 0 63529.525
03-13 10:30:45.534  2007  5201 I sensors-hal: handle_sns_client_event:375, [0][222] accel_sample [ 0.350, -0.057,  9.845] 239445997423285
03-13 10:30:45.574  3003  3130 D PowerManagerService: displayReady: false groupId=0
03-13 10:30:45.575  3003  3130 D DisplayPowerController[0]: animateScreenStateChange: target=ON, mIsEnabled=true
03-13 10:30:45.576  3003  3130 D DisplayPowerController[1]: animateScreenStateChange: target=OFF, mIsEnabled=false
03-13 10:30:45.577  3003  3130 D PowerManagerService: displayReady: true groupId=0
03-13 10:30:45.682 16161 32404 W NetworkScheduler.ATC: Called cancelTask for already completed task com.google.android.gms/.measurement.PackageMeasurementTaskService{u=0 tag="Measurement.PackageMeasurementTaskService.UPLOAD_TASK_TAG" trigger=window{start=0s,end=1s,earliest=-163s,latest=-162s} requirements=[NET_CONNECTED,PREFERRED_NET_UNMETERED,PREFERRED_CHARGING] attributes=[PERSISTED] scheduled=-163s last_run=-128s exec_window_multiplier=1.0000 jid=N/A status=ACTIVE retries=0 client_lib=GMS_TASK_SCHEDULER-261033000} :1 [CONTEXT service_id=218 ]
03-13 10:30:45.685 16161 30735 W NetworkScheduler.ATC: Called cancelTask for already completed task com.google.android.gms/.measurement.PackageMeasurementTaskService{u=0 tag="Measurement.PackageMeasurementTaskService.UPLOAD_TASK_TAG" trigger=window{start=0s,end=1s,earliest=-163s,latest=-162s} requirements=[NET_CONNECTED,PREFERRED_NET_UNMETERED,PREFERRED_CHARGING] attributes=[PERSISTED] scheduled=-163s last_run=-128s exec_window_multiplier=1.0000 jid=N/A status=ACTIVE retries=0 client_lib=GMS_TASK_SCHEDULER-261033000} :1 [CONTEXT service_id=218 ]
03-13 10:30:45.688 16161 32404 W NetworkScheduler.ATC: Called cancelTask for already completed task com.google.android.gms/.measurement.PackageMeasurementTaskService{u=0 tag="Measurement.PackageMeasurementTaskService.UPLOAD_TASK_TAG" trigger=window{start=0s,end=1s,earliest=-163s,latest=-162s} requirements=[NET_CONNECTED,PREFERRED_NET_UNMETERED,PREFERRED_CHARGING] attributes=[PERSISTED] scheduled=-163s last_run=-128s exec_window_multiplier=1.0000 jid=N/A status=ACTIVE retries=0 client_lib=GMS_TASK_SCHEDULER-261033000} :1 [CONTEXT service_id=218 ]
03-13 10:30:45.693 16161 30735 W NetworkScheduler.ATC: Called cancelTask for already completed task com.google.android.gms/.measurement.PackageMeasurementTaskService{u=0 tag="Measurement.PackageMeasurementTaskService.UPLOAD_TASK_TAG" trigger=window{start=0s,end=1s,earliest=-163s,latest=-162s} requirements=[NET_CONNECTED,PREFERRED_NET_UNMETERED,PREFERRED_CHARGING] attributes=[PERSISTED] scheduled=-163s last_run=-128s exec_window_multiplier=1.0000 jid=N/A status=ACTIVE retries=0 client_lib=GMS_TASK_SCHEDULER-261033000} :1 [CONTEXT service_id=218 ]
03-13 10:30:45.696 16161  7538 W NetworkScheduler.ATC: Called cancelTask for already completed task com.google.android.gms/.measurement.PackageMeasurementTaskService{u=0 tag="Measurement.PackageMeasurementTaskService.UPLOAD_TASK_TAG" trigger=window{start=0s,end=1s,earliest=-163s,latest=-162s} requirements=[NET_CONNECTED,PREFERRED_NET_UNMETERED,PREFERRED_CHARGING] attributes=[PERSISTED] scheduled=-163s last_run=-128s exec_window_multiplier=1.0000 jid=N/A status=ACTIVE retries=0 client_lib=GMS_TASK_SCHEDULER-261033000} :1 [CONTEXT service_id=218 ]
03-13 10:30:45.699 16161  7538 W NetworkScheduler.ATC: Called cancelTask for already completed task com.google.android.gms/.measurement.PackageMeasurementTaskService{u=0 tag="Measurement.PackageMeasurementTaskService.UPLOAD_TASK_TAG" trigger=window{start=0s,end=1s,earliest=-163s,latest=-162s} requirements=[NET_CONNECTED,PREFERRED_NET_UNMETERED,PREFERRED_CHARGING] attributes=[PERSISTED] scheduled=-163s last_run=-128s exec_window_multiplier=1.0000 jid=N/A status=ACTIVE retries=0 client_lib=GMS_TASK_SCHEDULER-261033000} :1 [CONTEXT service_id=218 ]
03-13 10:30:45.702  3003  6501 I ActivityManager: Changes in 10405 6 to 10, 128 to 0
03-13 10:30:45.705  3003  6501 I ActivityManager: Changes in 10405 10 to 6, 0 to 128
03-13 10:30:45.706  3003  4002 D BackgroundInstallControlService: Package event received: 0
03-13 10:30:45.707  3003  4002 D BackgroundInstallControlService: Package event received: 0
03-13 10:30:45.707  3003  4002 D BackgroundInstallControlService: Package event received: 0
03-13 10:30:45.707  3003  4002 D BackgroundInstallControlService: Package event received: 0
03-13 10:30:45.775  3003  3130 D PowerManagerService: displayReady: false groupId=0
03-13 10:30:45.775  3003  3130 D DisplayPowerController[0]: animateScreenStateChange: target=ON, mIsEnabled=true
03-13 10:30:45.776  3003  3130 D DisplayPowerController[1]: animateScreenStateChange: target=OFF, mIsEnabled=false
03-13 10:30:45.776  3003  3130 D PowerManagerService: displayReady: true groupId=0
03-13 10:30:45.874  2007 12669 I sensors-hal: handle_sns_client_event:94, folding_angle ts=239446439408805 ns value 163/0 (0/0/2/2 0.397/1.560/12.491 0.971/-0.278/10.021 14 0)
03-13 10:30:45.874  2007  3645 I sensors-hal: handle_sns_client_event:182, lid_angle_fusion ts=239446439404118 ns value 3/163/3 163/3  -1/-1     0/    0/    0 (0/0/2/2 0.397/1.560/12.491 0.971/-0.278/10.021 14)
03-13 10:30:45.914  2007 12669 I sensors-hal: handle_sns_client_event:94, folding_angle ts=239446479411930 ns value 146/0 (0/0/2/2 0.000/2.288/9.954 0.952/-0.297/10.198 12 0)
03-13 10:30:45.914  2007  3645 I sensors-hal: handle_sns_client_event:182, lid_angle_fusion ts=239446479374430 ns value 2/146/3 146/3  -1/-1     0/    0/    0 (0/0/2/2 0.000/2.288/9.954 0.952/-0.297/10.198 12)
03-13 10:30:45.914  2007  3645 I sensors-hal: handle_sns_client_event:206, lid_angle_fusion submit_sensors_hal_event 2/146/3 146/3
03-13 10:30:45.914  3003  3067 D InputManager: mFoldingAngleListener: state changed, angle = 146.0, state = 1
03-13 10:30:45.918  3003  3003 D DeviceStatePolicy: notifyDeviceStateChangedIfNeeded: newState=2, lastState=3, caller=com.android.server.policy.FlexibleDeviceStatePolicy.adjustState:57 com.android.server.policy.FlexibleDeviceStateProvider.notifyDeviceStateChangedIfNeeded:90 com.android.server.policy.FlexibleDeviceStateProvider.onSensorChanged:21 
03-13 10:30:45.918  3003  3003 D DeviceStateManagerService: onStateChanged identifier = 2
03-13 10:30:45.918  3003  3003 I DeviceStateManagerService: Cannot notify device state info change when pending state is present.
03-13 10:30:45.919  3003  3067 D DeviceStateManagerService: Committing state: DeviceState{identifier=2, name='HALF_OPENED', app_accessible=true, cancel_when_requester_not_on_top=false}
03-13 10:30:45.921  3003  3067 D DeviceStateManagerGlobal: handleDeviceStateInfoChanged state=DeviceState{identifier=2, name='HALF_OPENED', app_accessible=true, cancel_when_requester_not_on_top=false}, baseState=DeviceState{identifier=2, name='HALF_OPENED', app_accessible=true, cancel_when_requester_not_on_top=false}
03-13 10:30:45.921  3003  3003 I Telecom : SamsungFoldStateManagerAdapterImpl : DeviceStateCallback - onDeviceStateChanged : DeviceState{identifier=2, name='HALF_OPENED', app_accessible=true, cancel_when_requester_not_on_top=false}
03-13 10:30:45.922  3003  3647 I CameraService_worker: Fold state changed, DeviceState{identifier=2, name='HALF_OPENED', app_accessible=true, cancel_when_requester_not_on_top=false}
03-13 10:30:45.922  4205 14457 D DeviceStateManagerGlobal: handleDeviceStateInfoChanged state=DeviceState{identifier=2, name='HALF_OPENED', app_accessible=true, cancel_when_requester_not_on_top=false}, baseState=DeviceState{identifier=2, name='HALF_OPENED', app_accessible=true, cancel_when_requester_not_on_top=false}
03-13 10:30:45.922  4184  6914 D DeviceStateManagerGlobal: handleDeviceStateInfoChanged state=DeviceState{identifier=2, name='HALF_OPENED', app_accessible=true, cancel_when_requester_not_on_top=false}, baseState=DeviceState{identifier=2, name='HALF_OPENED', app_accessible=true, cancel_when_requester_not_on_top=false}
03-13 10:30:45.922  4205  4205 D FlexPanelStartController: OnDeviceStateChanged: mIsTableMode=false, isTableMode=true
03-13 10:30:45.922  4205  4205 D FlexPanelStartController: onFoldStateTableModeChanged: isTableMode=true
03-13 10:30:45.923  4271 27129 D DeviceStateManagerGlobal: handleDeviceStateInfoChanged state=DeviceState{identifier=2, name='HALF_OPENED', app_accessible=true, cancel_when_requester_not_on_top=false}, baseState=DeviceState{identifier=2, name='HALF_OPENED', app_accessible=true, cancel_when_requester_not_on_top=false}
03-13 10:30:45.923  5338  5338 I FoldStateManager: onTableModeChanged: true
03-13 10:30:45.923  4832 24550 I HoneySpace.ExtraDisplaySource: onStateChanged, state = 2
03-13 10:30:45.923  5338  5338 I FoldStateManager: updateTableMode: isTableMode = true
03-13 10:30:45.924  4832 24548 I HoneySpace.ExtraDisplaySource: onStateChanged, state = 2
03-13 10:30:45.924  3003  3067 D WindowManager: onStateChanged, state=2
03-13 10:30:45.925  3003  3067 I LogicalDisplayMapper: Requesting Transition to state: 2, from state=3, interactive=true, mBootCompleted=true, wakeDevice=false, sleepDevice=false
03-13 10:30:45.925  3003  3067 I LogicalDisplayMapper: Applying layout: [{dispId: 0(ON), displayGroupName: , addr: {port=131, model=0x40446d5d66246e}, mThermalBrightnessThrottlingMapId: null, mRefreshRateZoneId: null, mLeadDisplayId: -1, mLeadDisplayAddress: null, mThermalRefreshRateThrottlingMapId: null, mPowerThrottlingMapId: null}, {dispId: 1(OFF), displayGroupName: , addr: {port=132, model=0x40446d6e9178a2}, mThermalBrightnessThrottlingMapId: null, mRefreshRateZoneId: null, mLeadDisplayId: -1, mLeadDisplayAddress: null, mThermalRefreshRateThrottlingMapId: null, mPowerThrottlingMapId: null}], Previous layout: [{dispId: 0(ON), displayGroupName: , addr: {port=131, model=0x40446d5d66246e}, mThermalBrightnessThrottlingMapId: null, mRefreshRateZoneId: null, mLeadDisplayId: -1, mLeadDisplayAddress: null, mThermalRefreshRateThrottlingMapId: null, mPowerThrottlingMapId: null}, {dispId: 1(OFF), displayGroupName: , addr: {port=132, model=0x40446d6e9178a2}, mThermalBrightnessThrottlingMapId: null, mRefreshRateZoneId: null, mLeadDisplayId: -1, mLeadDisplayAddress: null, mThermalRefreshRateThrottlingMapId: null, mPowerThrottlingMapId: null}]
03-13 10:30:45.925  3003  3067 D LogicalDisplayMapper: applyLayoutLocked[0], oldDisplay=0, newDisplay=0, displayLayout={dispId: 0(ON), displayGroupName: , addr: {port=131, model=0x40446d5d66246e}, mThermalBrightnessThrottlingMapId: null, mRefreshRateZoneId: null, mLeadDisplayId: -1, mLeadDisplayAddress: null, mThermalRefreshRateThrottlingMapId: null, mPowerThrottlingMapId: null}
03-13 10:30:45.925  3003  3067 D LogicalDisplayMapper: applyLayoutLocked[1], oldDisplay=1, newDisplay=1, displayLayout={dispId: 1(OFF), displayGroupName: , addr: {port=132, model=0x40446d6e9178a2}, mThermalBrightnessThrottlingMapId: null, mRefreshRateZoneId: null, mLeadDisplayId: -1, mLeadDisplayAddress: null, mThermalRefreshRateThrottlingMapId: null, mPowerThrottlingMapId: null}
03-13 10:30:45.925  4360  4360 I SprWallpaper|FoldInteractive: onDeviceStateChanged: newState[2]
03-13 10:30:45.925  6272  6411 D DeviceStateManagerGlobal: handleDeviceStateInfoChanged state=DeviceState{identifier=2, name='HALF_OPENED', app_accessible=true, cancel_when_requester_not_on_top=false}, baseState=DeviceState{identifier=2, name='HALF_OPENED', app_accessible=true, cancel_when_requester_not_on_top=false}
03-13 10:30:45.925  3003  3067 D VibratorManagerService: onTableModeChanged. isTableMode=true
03-13 10:30:45.926  4832 24548 I HoneySpace.ExtraDisplaySource: ExtraDisplayInfo(rotation=0, displayId=1, displaySize=Point(748, 720), displayCutout=DisplayCutout{insets=Rect(0, 0 - 0, 66) waterfall=Insets{left=0, top=0, right=0, bottom=0} boundingRect={Bounds=[Rect(0, 0 - 0, 0), Rect(0, 0 - 0, 0), Rect(0, 0 - 0, 0), Rect(379, 654 - 748, 720)]} cutoutPathParserInfo={CutoutPathParserInfo{displayWidth=748 displayHeight=720 physicalDisplayWidth=748 physicalDisplayHeight=720 density={2.125} cutoutSpec={@bottom @right M 0,0 H -173.6470588235294 V -31.05882352941176 H 0 V 0 Z @dp} rotation={0} scale={1.0} physicalPixelDisplaySizeRatio={1.0}}} sideOverrides={}}, foldState=2)
03-13 10:30:45.926  4832  4896 I HoneySpace.TopTaskSource: FoldState updated(2). updateRunningTasks
03-13 10:30:45.926  4832 24550 I HoneySpace.ExtraDisplaySource: ExtraDisplayInfo(rotation=0, displayId=1, displaySize=Point(748, 720), displayCutout=DisplayCutout{insets=Rect(0, 0 - 0, 66) waterfall=Insets{left=0, top=0, right=0, bottom=0} boundingRect={Bounds=[Rect(0, 0 - 0, 0), Rect(0, 0 - 0, 0), Rect(0, 0 - 0, 0), Rect(379, 654 - 748, 720)]} cutoutPathParserInfo={CutoutPathParserInfo{displayWidth=748 displayHeight=720 physicalDisplayWidth=748 physicalDisplayHeight=720 density={2.125} cutoutSpec={@bottom @right M 0,0 H -173.6470588235294 V -31.05882352941176 H 0 V 0 Z @dp} rotation={0} scale={1.0} physicalPixelDisplaySizeRatio={1.0}}} sideOverrides={}}, foldState=2)
03-13 10:30:45.926  4832 24550 I HoneySpace.DeviceStateUseCase: changed: THREE_BUTTON, 144, true, false, DisplayInfo(rotation=0, displayId=0, displaySize=Point(1080, 2640), displayCutout=DisplayCutout{insets=Rect(0, 94 - 0, 0) waterfall=Insets{left=0, top=0, right=0, bottom=0} boundingRect={Bounds=[Rect(0, 0 - 0, 0), Rect(505, 0 - 576, 94), Rect(0, 0 - 0, 0), Rect(0, 0 - 0, 0)]} cutoutPathParserInfo={CutoutPathParserInfo{displayWidth=1080 displayHeight=2640 physicalDisplayWidth=1080 physicalDisplayHeight=2640 density={3.0} cutoutSpec={M 0,0 H -11.83333333333333 V 31.33333333333333 H 11.83333333333333 V 0 H 0 Z @dp} rotation={0} scale={1.0} physicalPixelDisplaySizeRatio={1.0}}} sideOverrides={}}, isNavCanMove=true, isTablet=false), ExtraDisplayInfo(rotation=0, displayId=1, displaySize=Point(748, 720), displayCutout=DisplayCutout{insets=Rect(0, 0 - 0, 66) waterfall=Insets{left=0, top=0, right=0, bottom=0} boundingRect={Bounds=[Rect(0, 0 - 0, 0), Rect(0, 0 - 0, 0), Rect(0, 0 - 0, 0), Rect(379, 654 - 748, 720)]} cutoutPathParserInfo={CutoutPathParserInfo{displayWidth=748 displayHeight=720 physicalDisplayWidth=748 physicalDisplayHeight=720 density={2.125} cutoutSpec={@bottom @right M 0,0 H -173.6470588235294 V -31.05882352941176 H 0 V 0 Z @dp} rotation={0} scale={1.0} physicalPixelDisplaySizeRatio={1.0}}} sideOverrides={}}, foldState=2), false
03-13 10:30:45.927  4205  4205 I KeyguardUpdateMonitor: onTableModeChanged. mIsTableMode = false, isTableMode = true
03-13 10:30:45.927  4205  4205 I SubScreenManager:  onDeviceStateChanged DeviceState{identifier=2, name='HALF_OPENED', app_accessible=true, cancel_when_requester_not_on_top=false}
03-13 10:30:45.927  4205  4205 I SubScreenManager: onDeviceStateChanged() 
03-13 10:30:45.927  4205  4205 I SubLauncher:SubLauncherStateManager@232606011: setTentMode: 3 -> 2 
03-13 10:30:45.927  4205  4205 I FoldStateManager: onTableModeChanged: true
03-13 10:30:45.927  4205  4205 I FoldStateManager: updateTableMode: isTableMode = true
03-13 10:30:45.927  4832  4898 I HoneySpace.TopTaskUseCase: topTasks 559 ComponentInfo{com.tranzmate/com.moovit.app.plus.MoovitPlusActivity}[displayId=0]
03-13 10:30:45.930  3003  3647 V CameraService_worker: Same device state has coming. skip
03-13 10:30:45.954  2007 12669 I sensors-hal: handle_sns_client_event:94, folding_angle ts=239446519389170 ns value 130/0 (0/0/2/2 1.192/4.465/5.369 0.546/-0.804/9.772 9 0)
03-13 10:30:45.954  2007  3645 I sensors-hal: handle_sns_client_event:182, lid_angle_fusion ts=239446519389430 ns value 2/130/3 130/3  -1/-1     0/    0/    0 (0/0/2/2 1.192/4.465/5.369 0.546/-0.804/9.772 9)
03-13 10:30:45.976  3003  3130 D PowerManagerService: displayReady: false groupId=0
03-13 10:30:45.976  3003  3130 D DisplayPowerController[0]: animateScreenStateChange: target=ON, mIsEnabled=true
03-13 10:30:45.977  3003  3130 D DisplayPowerController[1]: animateScreenStateChange: target=OFF, mIsEnabled=false
03-13 10:30:45.977  3003  3130 D PowerManagerService: displayReady: true groupId=0
03-13 10:30:45.979  3003  7743 D SemWifiUsabilityStatsMonitor: onWifiUsabilityStats - seqNum 16451, isSameBssidAndFreq true
03-13 10:30:45.980  3003  4030 D InsDataManager: onOutageCountUpdate() - Outage Data: 0, LQ : Y. Outage Triggered: false
03-13 10:30:45.980  3003  4030 D InsDataManager: Trying to save initial normal data.
03-13 10:30:45.981  3003  4030 D SensorCollector: syncMappedBuffers: 0, 0, 99
03-13 10:30:45.981  3003  4030 D InsDataManager: trimBuffers start.
03-13 10:30:45.981  3003  4030 D InsDataManager: trimBuffers - nsmBuffer size: 26
03-13 10:30:45.981  3003  4030 D InsDataManager: Too short for collecting additional normal data
03-13 10:30:45.981  3003  4030 D SemInsManager: {"bssid": "357184ff5785","rssi": -60.0,"latency": 0.0,"outage_count": 0,"lq_callback_triggered": true,"outage_log": "Unreliable statistics: -60.0 / 17 / 213 / 21 / 0 || 357184ff5785: 0.000 / 0.000 / @ || N N / 0 0 / Y 2.0 / Y X 0 / 63530046 0 || Invalid""Magnetic Sensor Events size": "0""Pressure Sensor Events size": "0"}
03-13 10:30:45.982  3003  4047 D SGM:GameManager: identifyGamePackage. com.tranzmate, mCurrentUserId: 0, callingMethodInfo: com.samsung.android.game.SemGameManager.isGamePackage(SemGameManager.java:106)
03-13 10:30:45.983  3003  4047 D SGM:SemGameManager: isGamePackage(), pkgName=com.tranzmate, ret=false
03-13 10:30:45.994  2007 12669 I sensors-hal: handle_sns_client_event:94, folding_angle ts=239446559393649 ns value 116/0 (0/0/2/2 -0.306/5.963/7.427 0.928/-0.617/9.854 7 0)
03-13 10:30:45.994  2007  3645 I sensors-hal: handle_sns_client_event:182, lid_angle_fusion ts=239446559392347 ns value 2/116/3 116/3  -1/-1     0/    0/    0 (0/0/2/2 -0.306/5.963/7.427 0.928/-0.617/9.854 7)
03-13 10:30:46.027  4832 30117 I HoneySpace.DeviceStateUseCase: update: DeviceState(naviMode=THREE_BUTTON, navigationBarHeight=144, hint=true, transparentHint=false, rotation=0, displayId=0, displaySize=Point(1080, 2640), displayCutout=DisplayCutout{insets=Rect(0, 94 - 0, 0) waterfall=Insets{left=0, top=0, right=0, bottom=0} boundingRect={Bounds=[Rect(0, 0 - 0, 0), Rect(505, 0 - 576, 94), Rect(0, 0 - 0, 0), Rect(0, 0 - 0, 0)]} cutoutPathParserInfo={CutoutPathParserInfo{displayWidth=1080 displayHeight=2640 physicalDisplayWidth=1080 physicalDisplayHeight=2640 density={3.0} cutoutSpec={M 0,0 H -11.83333333333333 V 31.33333333333333 H 11.83333333333333 V 0 H 0 Z @dp} rotation={0} scale={1.0} physicalPixelDisplaySizeRatio={1.0}}} sideOverrides={}}, isNavCanMove=true, isTablet=false, extraDisplayInfo=ExtraDisplayInfo(rotation=0, displayId=1, displaySize=Point(748, 720), displayCutout=DisplayCutout{insets=Rect(0, 0 - 0, 66) waterfall=Insets{left=0, top=0, right=0, bottom=0} boundingRect={Bounds=[Rect(0, 0 - 0, 0), Rect(0, 0 - 0, 0), Rect(0, 0 - 0, 0), Rect(379, 654 - 748, 720)]} cutoutPathParserInfo={CutoutPathParserInfo{displayWidth=748 displayHeight=720 physicalDisplayWidth=748 physicalDisplayHeight=720 density={2.125} cutoutSpec={@bottom @right M 0,0 H -173.6470588235294 V -31.05882352941176 H 0 V 0 Z @dp} rotation={0} scale={1.0} physicalPixelDisplaySizeRatio={1.0}}} sideOverrides={}}, foldState=2), enableOverlayWindow=false)
03-13 10:30:46.027  4832  4832 I HoneySpace.GestureInputHandler: deviceState changed DeviceState(naviMode=THREE_BUTTON, navigationBarHeight=144, hint=true, transparentHint=false, rotation=0, displayId=0, displaySize=Point(1080, 2640), displayCutout=DisplayCutout{insets=Rect(0, 94 - 0, 0) waterfall=Insets{left=0, top=0, right=0, bottom=0} boundingRect={Bounds=[Rect(0, 0 - 0, 0), Rect(505, 0 - 576, 94), Rect(0, 0 - 0, 0), Rect(0, 0 - 0, 0)]} cutoutPathParserInfo={CutoutPathParserInfo{displayWidth=1080 displayHeight=2640 physicalDisplayWidth=1080 physicalDisplayHeight=2640 density={3.0} cutoutSpec={M 0,0 H -11.83333333333333 V 31.33333333333333 H 11.83333333333333 V 0 H 0 Z @dp} rotation={0} scale={1.0} physicalPixelDisplaySizeRatio={1.0}}} sideOverrides={}}, isNavCanMove=true, isTablet=false, extraDisplayInfo=ExtraDisplayInfo(rotation=0, displayId=1, displaySize=Point(748, 720), displayCutout=DisplayCutout{insets=Rect(0, 0 - 0, 66) waterfall=Insets{left=0, top=0, right=0, bottom=0} boundingRect={Bounds=[Rect(0, 0 - 0, 0), Rect(0, 0 - 0, 0), Rect(0, 0 - 0, 0), Rect(379, 654 - 748, 720)]} cutoutPathParserInfo={CutoutPathParserInfo{displayWidth=748 displayHeight=720 physicalDisplayWidth=748 physicalDisplayHeight=720 density={2.125} cutoutSpec={@bottom @right M 0,0 H -173.6470588235294 V -31.05882352941176 H 0 V 0 Z @dp} rotation={0} scale={1.0} physicalPixelDisplaySizeRatio={1.0}}} sideOverrides={}}, foldState=2), enableOverlayWindow=false)
03-13 10:30:46.028  4832  4832 I HoneySpace.RegionManagerImpl: changeTouchRegion() called with: com.honeyspace.gesture.region.NoGestureTouchRegion@bbbb235 to DeviceState(naviMode=THREE_BUTTON, navigationBarHeight=144, hint=true, transparentHint=false, rotation=0, displayId=0, displaySize=Point(1080, 2640), displayCutout=DisplayCutout{insets=Rect(0, 94 - 0, 0) waterfall=Insets{left=0, top=0, right=0, bottom=0} boundingRect={Bounds=[Rect(0, 0 - 0, 0), Rect(505, 0 - 576, 94), Rect(0, 0 - 0, 0), Rect(0, 0 - 0, 0)]} cutoutPathParserInfo={CutoutPathParserInfo{displayWidth=1080 displayHeight=2640 physicalDisplayWidth=1080 physicalDisplayHeight=2640 density={3.0} cutoutSpec={M 0,0 H -11.83333333333333 V 31.33333333333333 H 11.83333333333333 V 0 H 0 Z @dp} rotation={0} scale={1.0} physicalPixelDisplaySizeRatio={1.0}}} sideOverrides={}}, isNavCanMove=true, isTablet=false, extraDisplayInfo=ExtraDisplayInfo(rotation=0, displayId=1, displaySize=Point(748, 720), displayCutout=DisplayCutout{insets=Rect(0, 0 - 0, 66) waterfall=Insets{left=0, top=0, right=0, bottom=0} boundingRect={Bounds=[Rect(0, 0 - 0, 0), Rect(0, 0 - 0, 0), Rect(0, 0 - 0, 0), Rect(379, 654 - 748, 720)]} cutoutPathParserInfo={CutoutPathParserInfo{displayWidth=748 displayHeight=720 physicalDisplayWidth=748 physicalDisplayHeight=720 density={2.125} cutoutSpec={@bottom @right M 0,0 H -173.6470588235294 V -31.05882352941176 H 0 V 0 Z @dp} rotation={0} scale={1.0} physicalPixelDisplaySizeRatio={1.0}}} sideOverrides={}}, foldState=2), enableOverlayWindow=false)
03-13 10:30:46.029  3003  3804 D TspStateManager: holeName: HomeGesture, direction: 0, startY: 0, endY: 0
03-13 10:30:46.029  4832  4832 I DeadZoneHole: resetDeadZoneHole
03-13 10:30:46.029  4832  4832 I HoneySpace.RegionManagerImpl: resetSwipeRegion. RectF(0.0, 0.0, 0.0, 0.0), RectF(0.0, 0.0, 0.0, 0.0)
03-13 10:30:46.034  2007  3645 I sensors-hal: handle_sns_client_event:182, lid_angle_fusion ts=239446599388128 ns value 2/ 90/3  90/3  -1/-1     0/    0/    0 (0/0/2/2 0.388/6.489/-0.407 0.536/-0.330/10.007 5)
03-13 10:30:46.034  2007 12669 I sensors-hal: handle_sns_client_event:94, folding_angle ts=239446599389430 ns value  90/0 (0/0/2/2 0.388/6.489/-0.407 0.536/-0.330/10.007 5 0)
03-13 10:30:46.074  2007 12669 I sensors-hal: handle_sns_client_event:94, folding_angle ts=239446639401097 ns value  75/0 (0/0/2/2 0.201/6.102/-2.508 0.790/-1.847/9.940 2 0)
03-13 10:30:46.074  2007  3645 I sensors-hal: handle_sns_client_event:182, lid_angle_fusion ts=239446639400055 ns value 2/ 75/3  75/3  -1/-1     0/    0/    0 (0/0/2/2 0.201/6.102/-2.508 0.790/-1.847/9.940 2)
03-13 10:30:46.112  2447  2447 I CNSS    : /sys/wifi/max_chipset_log_size doesn't exist
03-13 10:30:46.114  2007  3645 I sensors-hal: handle_sns_client_event:206, lid_angle_fusion submit_sensors_hal_event 1/ 66/3  66/3
03-13 10:30:46.117  3003  3003 D DeviceStatePolicy: notifyDeviceStateChangedIfNeeded: newState=1, lastState=2, caller=com.android.server.policy.FlexibleDeviceStatePolicy.adjustState:57 com.android.server.policy.FlexibleDeviceStateProvider.notifyDeviceStateChangedIfNeeded:90 com.android.server.policy.FlexibleDeviceStateProvider.onSensorChanged:21 
03-13 10:30:46.117  3003  3003 D SemInputDeviceManager: setProperty: TSP_SUB(2) CMD,ALWAYS_LOW_POWER_MODE,1
03-13 10:30:46.118  3003  3993 D SemInputDevice:TSP_SUB: SetPropertyTask: CMD,set_always_lpm,1 [03-13 10:30:46.117]
03-13 10:30:46.120  2071  2128 I sysinput:aidl: onReportInformation:93, 2, cmd@set_always_lpm,1:0
03-13 10:30:46.122  3003  3993 D SysinputHAL_AIDL: setProperty(TSP_SUB(2)): CMD, set_always_lpm,1 ret=0
03-13 10:30:46.122  2071  2128 I sysinput:Touch2: operator():237, OK
03-13 10:30:46.125  2447  2447 I CNSS    : cnss_open_log_file: directory /data/vendor/log/wifi/ created
03-13 10:30:46.127  2097  2125 E HeatmapThread: ECT Thread time in milliseconds: 1773412246
03-13 10:30:46.131  2097  2125 D HeatmapThread: !@ batteryplugType : 2
03-13 10:30:46.131  2097  2125 D HeatmapThread: !@ batteryLevel : 100  batteryTemperature : 336 
03-13 10:30:46.131  2097  2125 D HeatmapThread: !@ Heatmap currtime: 29556870
03-13 10:30:46.131  2097  2125 D HeatmapThread: !@ Heatmap prevtime: 29556860
03-13 10:30:46.131  2097  2125 D HeatmapThread: !@ Heatmap plugstarttime: 29556690
03-13 10:30:46.131  2097  2125 D HeatmapThread: !@ Heatmap prevv_dsoh_update_time: 29556870
03-13 10:30:46.131  2097  2125 E HeatmapThread: !@ CAM New BSOH: 100
03-13 10:30:46.131  2097  2125 E HeatmapThread: !@ CAM is Working
03-13 10:30:46.154  2007 12669 I sensors-hal: handle_sns_client_event:94, folding_angle ts=239446719392764 ns value  51/0 (0/0/2/2 2.445/5.508/-5.264 0.876/-0.627/9.547 1 0)
03-13 10:30:46.154  2007  3645 I sensors-hal: handle_sns_client_event:182, lid_angle_fusion ts=239446719389378 ns value 1/ 51/3  51/3  -1/-1     0/    0/    0 (0/0/2/2 2.445/5.508/-5.264 0.876/-0.627/9.547 1)
03-13 10:30:46.177  3003  3130 D PowerManagerService: displayReady: false groupId=0
03-13 10:30:46.177  3003  3130 D DisplayPowerController[0]: animateScreenStateChange: target=ON, mIsEnabled=true
03-13 10:30:46.177  3003  3130 D DisplayPowerController[1]: animateScreenStateChange: target=OFF, mIsEnabled=false
03-13 10:30:46.178  3003  3130 D PowerManagerService: displayReady: true groupId=0
03-13 10:30:46.194  2007 12669 I sensors-hal: handle_sns_client_event:94, folding_angle ts=239446759392608 ns value  38/0 (0/0/2/2 0.766/4.508/-5.054 0.876/-0.627/9.547 38 0)
03-13 10:30:46.194  2007  3645 I sensors-hal: handle_sns_client_event:182, lid_angle_fusion ts=239446759390785 ns value 1/ 38/3  38/3  -1/-1     0/    0/    0 (0/0/2/2 0.766/4.508/-5.054 0.876/-0.627/9.547 38)
03-13 10:30:46.234  2007 12669 I sensors-hal: handle_sns_client_event:94, folding_angle ts=239446799396462 ns value  17/0 (0/0/2/2 1.292/1.833/-13.668 0.828/-0.278/9.777 6 0)
03-13 10:30:46.234  2007  3645 I sensors-hal: handle_sns_client_event:182, lid_angle_fusion ts=239446799392035 ns value 1/ 17/3  17/3  -1/-1     0/    0/    0 (0/0/2/2 1.292/1.833/-13.668 0.828/-0.278/9.777 6)
03-13 10:30:46.234  3003  3067 D InputManager: mFoldingAngleListener: state changed, angle = 17.0, state = 0
03-13 10:30:46.256 16536 16536 I wpa_supplicant: Heartbeat 421
03-13 10:30:46.328  4205  4205 D FlexPanelStartController: setExpandButton
03-13 10:30:46.332  4205  4205 D NavigationBarControllerImpl: setNavigationBarShortcut requestClass : com.android.wm.shell.controlpanel.activity.FlexPanelActivity, remoteViews : android.widget.RemoteViews@5c3b194, position : 0, priority : 11
03-13 10:30:46.332  4205  4205 D RemoteViewPack: OnSetRemoteView RemoteViewShortcut(requestClass=com.android.wm.shell.controlpanel.activity.FlexPanelActivity, remoteViews=android.widget.RemoteViews@5c3b194, position=0, priority=11)
03-13 10:30:46.343  4205  4205 D NavBarStateManager: NavBarStates(0) isGameMode: false
03-13 10:30:46.347  4205  4205 D NavBarStateManager: NavBarStates(0) canUseNavBarBackgroundFrame: false
03-13 10:30:46.362  2105  2324 I VSyncReactor: Current= 120, Period= 120, Distance= 0
03-13 10:30:46.364  2105  2105 D DisplayModeController: setDesiredMode 4630946564756762243 {mode={fps=60.00 Hz, modePtr={id=2, vsyncRate=60.00 Hz, peakRefreshRate=60.00 Hz}}, emitEvent=true, force=false}
03-13 10:30:46.365  2105  2105 I LayerHistory: NavigationBar0$_4205#130 Max (can't resolve refresh rate)
03-13 10:30:46.365  2105  2105 I SurfaceFlinger: Weight ignores NavigationBar0$_4205#130 (type=Max, weight=0.05, seamlessness=Default) 0.00 Hz's 120.00 Hz
03-13 10:30:46.365  2105  2105 I SurfaceFlinger: scored - choose 60.00 Hz
03-13 10:30:46.366  2105  2105 I HWComposer: [4630946564756762243] ActiveConfigToHWC, ID : 2
03-13 10:30:46.367  2040 23713 I SDM     : HWDeviceDRM::SetDisplaySwitchMode: [DispConfigs] check hs_mode 3
03-13 10:30:46.367  2040 23713 W SDM     : HWDeviceDRM::GetSupportedBitClkRate: Requested rate not supported: 954000000
03-13 10:30:46.367  2040 23713 W SDM     : HWDeviceDRM::GetSupportedBitClkRate: Requested rate not supported: 954000000
03-13 10:30:46.367  2040 23713 I SDM     : HWDeviceDRM::SetDisplaySwitchMode: [DispConfigs] Set mode index:3 1080x2640x60xcmdPHS, hs_mode(3), found_mode(1)
03-13 10:30:46.368  2040 23713 I SDM     : HWDeviceDRM::UpdateMixerAttributes: Mixer WxH 1080x2640-1 for Peripheral
03-13 10:30:46.368  2040 23713 I SDM     : HWCDisplay::SubmitDisplayConfig: Active configuration changed from config 0 to 2
03-13 10:30:46.370  2105  2324 I VSyncReactor: Current= 120, Period= 60, hwcPeriod= 60
03-13 10:30:46.372  2105  2105 I SurfaceFlinger: finalizeDisplayModeChange 4630946564756762243
03-13 10:30:46.373  3003  3067 D LocalDisplayAdapter: updateActiveModeLocked for d=4630946564756762243, mActiveModeId=3, mActiveSfDisplayMode=DisplayMode{id=2, width=1080, height=2640, xDpi=428.625, yDpi=424.405, peakRefreshRate=60.000004, vsyncRate=60.000004, appVsyncOffsetNanos=16666666, presentationDeadlineNanos=17666666, supportedHdrTypes=[4, 2, 3], group=1080}
03-13 10:30:46.373  3003  3067 I DisplayDeviceRepository: Display device changed render timings: "Built-in Screen", renderFrameRate=60.000004, presentationDeadlineNanos=17666666, appVsyncOffsetNanos=16666666, frameRateOverrides=[]
03-13 10:30:46.375  2094  5362 D AudioFlinger: setParameters: filtered dev setParameters keyvalue screen_state=on
03-13 10:30:46.375  3003  3065 D WindowManager: DeferredDisplayUpdater: partially applying DisplayInfo(1080 x 2640) immediately
03-13 10:30:46.376  1992  4982 D AHAL: AudioDevice: SetParameters: 1865: enter
03-13 10:30:46.376  1992  4982 D AHAL: AudioVoice: VoiceSetParameters: 200: Enter
03-13 10:30:46.376  1992  4982 D AHAL: AudioVoice: VoiceSetParameters: 479: Exit ret: 0
03-13 10:30:46.376  1992  4982 D AHAL: hfp: hfp_set_parameters: 444: enter
03-13 10:30:46.376  1992  4982 D AHAL: AudioDevice: SetParameters: 1945:  - screen = on
03-13 10:30:46.376  1992  4982 I PAL: ResourceManager: setParameter: 10683: Screen State:1
03-13 10:30:46.376  1992  4982 D AHAL: AudioDevice: SetParameters: 2798: exit: screen_state=on
03-13 10:30:46.376  3003  5976 D LiftUpHandler: [LTW] Stopped already.
03-13 10:30:46.377  3003  3065 D SurfaceComposerClient: setCornerRadius ## 17ef44e com.tranzmate/com.moovit.app.plus.MoovitPlusActivity#48717 cornerRadius=0.000000
03-13 10:30:46.377  3003  3065 D SurfaceComposerClient: setCornerRadius ## 17ef44e com.tranzmate/com.moovit.app.plus.MoovitPlusActivity#48717 cornerRadius=0.000000
03-13 10:30:46.378  2105  2324 I VSyncReactor: Current= 60, Period= 60, Distance= 60
03-13 10:30:46.379  4832 24550 I HoneySpace.Memory-Monitor: current state = 2, didTrim = false
03-13 10:30:46.379  4832 24550 I HoneySpace.RefreshRateSource: singleFrameMs 16
03-13 10:30:46.381  3003  3003 D SGM:GameManager: onDisplayChanged. displyId: 0, state: 2
03-13 10:30:46.381  3003  3003 D AODManagerService: requestReCalToTSP IsSingleTouchMode = falserequestedReCalToTSP = false / previousDisplayState = ON
03-13 10:30:46.381  3003  3687 D SGM:FgCheckThread: onLooperPrepared(), msg: MSG_LCD_ON
03-13 10:30:46.382  3003  3130 D PowerManagerService: displayReady: false groupId=0
03-13 10:30:46.382  3003  3130 D DisplayPowerController[0]: animateScreenStateChange: target=ON, mIsEnabled=true
03-13 10:30:46.383  3003  3130 D DisplayPowerController[1]: animateScreenStateChange: target=OFF, mIsEnabled=false
03-13 10:30:46.383  3003  3130 D PowerManagerService: displayReady: true groupId=0
03-13 10:30:46.383  4205  4205 D DisplayLifecycle: updateDisplay id = 0
03-13 10:30:46.383  4205  4362 D StackScroller: onDisplayChanged for predraw skip to 2
03-13 10:30:46.383  3003  4343 D WifiDisplayAdapter: isFitToActiveDisplayLocked : false
03-13 10:30:46.434  2007 12669 I sensors-hal: handle_sns_client_event:94, folding_angle ts=239446999404587 ns value   1/0 (0/0/2/2 0.249/0.254/-6.317 0.335/-1.484/9.983 23 0)
03-13 10:30:46.434  2007  3645 I sensors-hal: handle_sns_client_event:182, lid_angle_fusion ts=239446999388701 ns value 0/  1/3   1/3  -1/-1     0/    0/    0 (0/0/2/2 0.249/0.254/-6.317 0.335/-1.484/9.983 23)
03-13 10:30:46.434  2007  3645 I sensors-hal: handle_sns_client_event:206, lid_angle_fusion submit_sensors_hal_event 0/  1/3   1/3
