--------- beginning of system
03-13 10:33:06.773  3003  4185 I Pageboost: Launcher App Execution
--------- beginning of main
03-13 10:33:06.823 14750 14779 I appium  : channel read: GET /session/c08db786-4cd9-4131-b7f7-674d789f0af9/source
03-13 10:33:06.825 14750 14779 I appium  : Source command
03-13 10:33:06.827 14750 14779 I appium  : Waiting up to 10000ms for the device to idle
03-13 10:33:06.891 27562 27562 D BoundBrokerSvc: onUnbind: Intent { act=com.google.android.gms.ads.service.START xflg=0x4 pkg=com.google.android.gms }
03-13 10:33:06.942  3003  6692 I ActivityManager: Changes in 10405 6 to 10, 128 to 0
03-13 10:33:06.952  3003  4002 D BackgroundInstallControlService: Package event received: 0
03-13 10:33:06.952  3003  6692 I ActivityManager: Changes in 10405 10 to 6, 0 to 128
03-13 10:33:06.952  3003  4002 D BackgroundInstallControlService: Package event received: 0
03-13 10:33:06.953  3003  4002 D BackgroundInstallControlService: Package event received: 0
03-13 10:33:06.955  3003  4002 D BackgroundInstallControlService: Package event received: 0
03-13 10:33:07.018 14750 14779 I appium  : AppiumResponse: {"sessionId":"c08db786-4cd9-4131-b7f7-674d789f0af9","value":"<?xml version='1.0' encoding='UTF-8' standalone='yes' ?>\r\n<hierarchy index=\"0\" class=\"hierarchy\" rotation=\"0\" width=\"1080\" height=\"2640\">\r\n  <android.widget.FrameLayout index=\"0\" package=\"com.tranzmate\" class=\"android.wi…
03-13 10:33:07.030 14750 14779 I appium  : channel read: GET /session/c08db786-4cd9-4131-b7f7-674d789f0af9/screenshot
03-13 10:33:07.031 14750 14779 I appium  : CaptureScreenshot command
03-13 10:33:07.032 14750 14779 I tomator2.server: hiddenapi: Accessing hidden method Landroid/view/Display;->getAddress()Landroid/view/DisplayAddress; (runtime_flags=0, domain=platform, api=blocked) from Lio/appium/uiautomator2/utils/ReflectionUtils; (domain=app, TargetSdkVersion=34) using reflection: allowed
03-13 10:33:07.032 14750 14779 I tomator2.server: hiddenapi: Accessing hidden method Landroid/view/DisplayAddress$Physical;->getPhysicalDisplayId()J (runtime_flags=0, domain=platform, api=blocked) from Lio/appium/uiautomator2/utils/ReflectionUtils; (domain=app, TargetSdkVersion=34) using reflection: allowed
03-13 10:33:07.069  3003  5506 I NSLocationMonitor: getGPSUsingApps() called
03-13 10:33:07.069  5490 20244 I NSLocationManager_FLP: getGPSUsingApps, No change
03-13 10:33:07.070  3003  5506 W Binder  : Outgoing transactions from this process must be FLAG_ONEWAY
03-13 10:33:07.070  3003  5506 W Binder  : java.lang.Throwable
03-13 10:33:07.070  3003  5506 W Binder  : 	at android.os.BinderProxy.transact(BinderProxy.java:566)
03-13 10:33:07.070  3003  5506 W Binder  : 	at android.bluetooth.IBluetoothGatt$Stub$Proxy.getAdvertisingSetUids(IBluetoothGatt.java:1678)
03-13 10:33:07.070  3003  5506 W Binder  : 	at android.bluetooth.BluetoothAdapter.getAdvertisingSetUids(BluetoothAdapter.java:8476)
03-13 10:33:07.070  3003  5506 W Binder  : 	at android.bluetooth.BluetoothAdapter.getHWUsingApps(BluetoothAdapter.java:1342)
03-13 10:33:07.070  3003  5506 W Binder  : 	at com.android.server.am.mars.filter.filter.BlueToothConnectedFilter.updateBTUsingPackages(qb/103298917 08e25ee3993c5f8a437eaba7200b2dc6e2ab46cdae667ba0f30827342181c525:22)
03-13 10:33:07.070  3003  5506 W Binder  : 	at com.android.server.am.FreecessController.freeze(qb/103298917 08e25ee3993c5f8a437eaba7200b2dc6e2ab46cdae667ba0f30827342181c525:117)
03-13 10:33:07.070  3003  5506 W Binder  : 	at com.android.server.am.FreecessHandler$MainHandler.handleLcdOnFreeze(qb/103298917 08e25ee3993c5f8a437eaba7200b2dc6e2ab46cdae667ba0f30827342181c525:55)
03-13 10:33:07.070  3003  5506 W Binder  : 	at com.android.server.am.FreecessHandler$MainHandler.handleMessage(qb/103298917 08e25ee3993c5f8a437eaba7200b2dc6e2ab46cdae667ba0f30827342181c525:793)
03-13 10:33:07.070  3003  5506 W Binder  : 	at android.os.Handler.dispatchMessage(Handler.java:110)
03-13 10:33:07.070  3003  5506 W Binder  : 	at android.os.Looper.loopOnce(Looper.java:273)
03-13 10:33:07.070  3003  5506 W Binder  : 	at android.os.Looper.loop(Looper.java:363)
03-13 10:33:07.070  3003  5506 W Binder  : 	at android.os.HandlerThread.run(HandlerThread.java:85)
03-13 10:33:07.076  3003  5506 D MARs:ActiveTrafficFilter: filter : com.samsung.android.aremoji(0)
03-13 10:33:07.077  3003  5506 D FreecessHandler: freeze com.samsung.android.aremoji(10044) result : 8
03-13 10:33:07.077  3003  5506 I NSLocationMonitor: getGPSUsingApps() called
03-13 10:33:07.078  5490 20244 I NSLocationManager_FLP: getGPSUsingApps, No change
03-13 10:33:07.082  3003  5506 D MARs:ActiveTrafficFilter: filter : com.microsoft.skydrive(0)
03-13 10:33:07.083  3003  5506 D FreecessHandler: freeze com.microsoft.skydrive(10109) result : 8
03-13 10:33:07.083  3003  5506 I NSLocationMonitor: getGPSUsingApps() called
03-13 10:33:07.083  5490 20244 I NSLocationManager_FLP: getGPSUsingApps, No change
03-13 10:33:07.089  3003  5506 D MARs:ActiveTrafficFilter: filter : com.sec.android.app.shealth(0)
03-13 10:33:07.089  3003  5506 D FreecessHandler: freeze com.sec.android.app.shealth(10334) result : 8
03-13 10:33:07.089  3003  5506 I NSLocationMonitor: getGPSUsingApps() called
03-13 10:33:07.089  5490 20244 I NSLocationManager_FLP: getGPSUsingApps, No change
03-13 10:33:07.092  3003  5506 D MARs:ActiveTrafficFilter: filter : com.nike.omega(0)
03-13 10:33:07.093  3003  5506 D FreecessHandler: freeze com.nike.omega(10354) result : 8
03-13 10:33:07.093  3003  5506 I NSLocationMonitor: getGPSUsingApps() called
03-13 10:33:07.093  5490 20244 I NSLocationManager_FLP: getGPSUsingApps, No change
03-13 10:33:07.096  3003  5506 D MARs:ActiveTrafficFilter: filter : com.opera.browser(0)
03-13 10:33:07.096  3003  5506 D FreecessHandler: freeze com.opera.browser(10415) result : 8
03-13 10:33:07.127  2097  2125 E HeatmapThread: ECT Thread time in milliseconds: 1773412387
03-13 10:33:07.132  2097  2125 D HeatmapThread: !@ batteryplugType : 2
03-13 10:33:07.132  2097  2125 D HeatmapThread: !@ batteryLevel : 97  batteryTemperature : 346 
03-13 10:33:07.132  2097  2125 D HeatmapThread: !@ Heatmap currtime: 29556873
03-13 10:33:07.132  2097  2125 D HeatmapThread: !@ Heatmap prevtime: 29556860
03-13 10:33:07.132  2097  2125 D HeatmapThread: !@ Heatmap plugstarttime: 29556690
03-13 10:33:07.132  2097  2125 D HeatmapThread: !@ Heatmap prevv_dsoh_update_time: 29556870
03-13 10:33:07.132  2097  2125 E HeatmapThread: !@ CAM New BSOH: 100
03-13 10:33:07.132  2097  2125 E HeatmapThread: !@ CAM is Working
03-13 10:33:07.167 16776 16776 W screencap: Thread Pool max thread count is 0. Cannot cache binder as linkToDeath cannot be implemented. serviceName: SurfaceFlingerAIDL
03-13 10:33:07.167 16776 16776 W BpBinder: Linking to death on android.gui.ISurfaceComposer but there are no threads (yet?) listening to incoming transactions. See ProcessState::startThreadPool and ProcessState::setThreadPoolMaxThreadCount. Generally you should setup the binder threadpool before other initialization steps.
03-13 10:33:07.168 16776 16776 W screencap: Thread Pool max thread count is 0. Cannot cache binder as linkToDeath cannot be implemented. serviceName: edmnativehelper
03-13 10:33:07.168  3003  3595 I EDMNativeHelperService: isScreenCaptureEnabled
03-13 10:33:07.168  3003  3595 D RestrictionPolicy: isScreenCaptureEnabled : ret=true userId=0
03-13 10:33:07.168 16776 16776 W ProcessState: Extra binder thread started, but 0 threads requested. Do not use *startThreadPool when zero threads are requested.
03-13 10:33:07.168 16776 16776 I SurfaceComposerClient: captureDisplay:Display-4630946564756762243
03-13 10:33:07.171  2105  2836 I SurfaceFlinger: Capture layer list: 	 com.tranzmate/com.moovit.app.servicealerts.ServiceAlertsActivity$_14817#49048(seamlessTransition:0)
03-13 10:33:07.171  2105  2836 I SurfaceFlinger: Capture layer list: 	 StatusBar$_4205#132(seamlessTransition:0)
03-13 10:33:07.171  2105  2836 I SurfaceFlinger: Capture layer list: 	 com.sec.android.app.launcher/com.samsung.app.honeyspace.edge.edgepanel.app.CocktailBarService$_4832#48960(seamlessTransition:0)
03-13 10:33:07.171  2105  2836 I SurfaceFlinger: Capture layer list: 	 NavigationBar0$_4205#130(seamlessTransition:0)
03-13 10:33:07.172  2105  2836 E HwcComposer: getLuts failed Status(-129, EX_TRANSACTION_FAILED): 'UNKNOWN_TRANSACTION: '
03-13 10:33:07.172  2105  2342 D RenderEngine: [SEC_SF_EFFECTS] drawLayersInternal,1483, Rendering layer ScreenCaptureFillLayer at index 0
03-13 10:33:07.173  2105  2342 D RenderEngine: [SEC_SF_EFFECTS] drawLayersInternal,1483, Rendering layer com.tranzmate/com.moovit.app.servicealerts.ServiceAlertsActivity$_14817#49048 at index 1
03-13 10:33:07.173  2105  2342 D RenderEngine: [SEC_SF_EFFECTS] drawLayersInternal,1483, Rendering layer StatusBar$_4205#132 at index 2
03-13 10:33:07.173  2105  2342 D RenderEngine: [SEC_SF_EFFECTS] drawLayersInternal,1483, Rendering layer com.sec.android.app.launcher/com.samsung.app.honeyspace.edge.edgepanel.app.CocktailBarService$_4832#48960 at index 3
03-13 10:33:07.173  2105  2342 D RenderEngine: [SEC_SF_EFFECTS] drawLayersInternal,1483, Rendering layer NavigationBar0$_4205#130 at index 4
03-13 10:33:07.209 16776 16782 I AdrenoUtils: <ReadGpuID:357>: Reading chip ID through GSL
03-13 10:33:07.210 16776 16776 W qdgralloc: Failed to load libubwcp.so
03-13 10:33:07.444  3003  4086 D NetdEventListenerService: DNS Requested by 111, 10445(com.tranzmate), SUCCESS, 3ms
03-13 10:33:07.482 14750 14779 I appium  : AppiumResponse: {"sessionId":"c08db786-4cd9-4131-b7f7-674d789f0af9","value":"iVBORw0KGgoAAAANSUhEUgAABDgAAApQCAYAAABYiJrlAAAAAXNSR0IArs4c6QAAAARzQklUCAgICHwIZIgAACAASURBVHic7N11eFNnGwbwO00ldVcoUANatEihuG3D3QYMtwGD4f5hG+4w2ICx4TpchhWnLTDcSg0K1KFKNWm+P0qzpknb1Mm4f9e16/s4OTl9U6TJfZ73eQQOjlWkICIiIiIiIiJSYxplvQAiIiIiIiI…
03-13 10:33:07.605  1171  1171 D io_stats: !@   8,0 r 3758038 118992244 w 4441924 94448928 d 388426 105144296 f 184887 431007 iot 1829692 0 th 0 0 0 pt 0 inp 0 0 63671.672
03-13 10:33:07.606  1171  1171 D io_stats: !@ Read_top(KB): ung.faceservice(16670) 52 com.tranzmate(14817) 24 kworker/6:2H(13739) 4
03-13 10:33:07.609  4184  4797 D SatelliteController: isInCarrierRoamingNbIotNtn: satellite is disabled
03-13 10:33:07.609  1171  1171 D io_stats: !@ Write_top(KB): com.tranzmate(14817) 2760 kworker/u16:6(19988) 564 gle.android.gms(27562) 512
03-13 10:33:07.771  4419 16539 D IpClient/wlan0: addressUpdated: 2601:85:ca02:f280:6446:daff:fe17:20b4/64 on ifindex 45 flags 0x00000100 scope 0
03-13 10:33:07.772  4419 16539 D IpClient/wlan0: addressUpdated: 2601:85:ca02:f280:d15d:952a:76b2:12a0/64 on ifindex 45 flags 0x00000001 scope 0
03-13 10:33:07.772  4419 16539 W AlarmManager: Unrecognized alarm listener com.android.networkstack.android.net.ip.IpClientLinkObserver$Dhcp6PdPreferredPrefixAlarmListener@fba7992
03-13 10:33:07.775  4419 16539 D ApfFilter: (wlan0): Ignoring RA RA fe80::c294:35ff:fe71:84fd -> ff02::1 180s 2601:85:ca02:f280::/64 7200s/7200s DNS 180s 2601:85:ca02:f280:c294:35ff:fe71:84fd 2001:558:feed::1 2001:558:feed::2 RIO 180s ::/0  which matches RA fe80::c294:35ff:fe71:84fd -> ff02::1 180s 2601:85:ca02:f280::/64 7200s/7200s DNS 180s 2601:85:ca02:f280:c294:35ff:fe71:84fd 2001:558:feed::1 2001:558:feed::2 RIO 180s ::/0 
03-13 10:33:07.775  4511  4511 I EPDG -- SIM1 [EpdgIntfCont]: sendInterfaceMessage, not mobile, ignore
03-13 10:33:07.778  4511  4511 I EPDG -- SIM0 [EpdgIntfCont]: sendInterfaceMessage, not mobile, ignore
03-13 10:33:07.781  4511  4511 I EPDG -- SIM0 [EpdgIntfCont]: sendInterfaceMessage, not mobile, ignore
03-13 10:33:07.782  4511  4511 I EPDG -- SIM1 [EpdgIntfCont]: sendInterfaceMessage, not mobile, ignore
03-13 10:33:07.788  2496 25702 D BufferPoolAccessor2.0: evictor expired: 2, evicted: 0
03-13 10:33:07.963  2007 12669 I sensors-hal: handle_sns_client_event:197, auto_rotation_debug_2 mode,255, type,1,0 acc,0.747,7.145,6.427, ar,0, h_ic,0,0, s,2, ver,14, pedo,1,e,1,i,3
03-13 10:33:08.128  2097  2125 E HeatmapThread: ECT Thread time in milliseconds: 1773412388
03-13 10:33:08.132  2097  2125 D HeatmapThread: !@ batteryplugType : 2
03-13 10:33:08.133  2097  2125 D HeatmapThread: !@ batteryLevel : 97  batteryTemperature : 346 
03-13 10:33:08.133  2097  2125 D HeatmapThread: !@ Heatmap currtime: 29556873
03-13 10:33:08.133  2097  2125 D HeatmapThread: !@ Heatmap prevtime: 29556860
03-13 10:33:08.133  2097  2125 D HeatmapThread: !@ Heatmap plugstarttime: 29556690
03-13 10:33:08.133  2097  2125 D HeatmapThread: !@ Heatmap prevv_dsoh_update_time: 29556870
03-13 10:33:08.133  2097  2125 E HeatmapThread: !@ CAM New BSOH: 100
03-13 10:33:08.133  2097  2125 E HeatmapThread: !@ CAM is Working
03-13 10:33:08.461  3003  4771 I ActivityManager: Changes in 10405 6 to 10, 128 to 0
03-13 10:33:08.471  3003  4002 D BackgroundInstallControlService: Package event received: 0
03-13 10:33:08.472  3003  3595 I ActivityManager: Changes in 10405 10 to 6, 0 to 128
03-13 10:33:08.473  3003  4002 D BackgroundInstallControlService: Package event received: 0
03-13 10:33:08.473  3003  4002 D BackgroundInstallControlService: Package event received: 0
03-13 10:33:08.473  3003  4002 D BackgroundInstallControlService: Package event received: 0
03-13 10:33:08.478  2105  2836 I VSyncReactor: Current= 120, Period= 120, Distance= 0
03-13 10:33:08.486  2105  2836 I VSyncReactor: Current= 120, Period= 120, Distance= 120
03-13 10:33:08.585  1992  1992 V sec_audio_hw: sec_dev_get_parameters : g_hw_speaker_amp_temp_rcv
03-13 10:33:08.585  1992  1992 D AHAL: FM: fm_get_parameters: 299: enter
03-13 10:33:08.585  1992  1992 D AHAL: FM: fm_get_parameters: 306: exit
03-13 10:33:08.585  1992  1992 I PAL: ResourceManager: getActiveStream_l: 6180: no active streams found for device 3 ret -2
03-13 10:33:08.586  1992  1992 D AHAL: SecAudioDevice: SecGetParameters: 953: temperature for rcv = 0
03-13 10:33:08.586  2072  2993 I vendor.samsung.hardware.thermal-service: key: g_hw_speaker_amp_temp_rcv, value: 0
03-13 10:33:08.586  1992  1992 V sec_audio_hw: sec_dev_get_parameters : g_hw_speaker_amp_temp_spk
03-13 10:33:08.586  1992  1992 D AHAL: FM: fm_get_parameters: 299: enter
03-13 10:33:08.586  1992  1992 D AHAL: FM: fm_get_parameters: 306: exit
03-13 10:33:08.586  1992  1992 I PAL: ResourceManager: getActiveStream_l: 6180: no active streams found for device 3 ret -2
03-13 10:33:08.586  1992  1992 D AHAL: SecAudioDevice: SecGetParameters: 967: temperature for spk = 0
03-13 10:33:08.586  2072  2993 I vendor.samsung.hardware.thermal-service: key: g_hw_speaker_amp_temp_spk, value: 0
03-13 10:33:08.588  6380  7375 I SDHMS:x : SIOP:: AP:409 BAT:346 USB:284 CHG:410 PA:420 CP:399 WIFI:398 BLK:0 SUBBAT:291 LRPTHM:384 SKIN:372 SKINF:372 SKINB:358 LRP2:372 LRF2:372 LRB2:358 AP2:371 CHG2:369 MEM2:372 WIFI2:372 RCV2:372 SPK2:285 UPSPK:379 DNSPK:282 VAP:407 VWIFI:394 AMB2:250 AVGCUR:-342 AVGSYS:339 POWER:-1478
03-13 10:33:08.591  3003  6692 D PowerManagerService: [api] setMasterBrightnessLimit : lowerLimit : -1  upperLimit : 663  mMasterBrightnessLimitPeriod : 200 (uid: 1000 pid: 6380)
03-13 10:33:08.595  3003  3130 D PowerManagerService: [api] BrightnessLimitRunnable done
03-13 10:33:08.701 14817 16516 V NativeCrypto: SSL shutdown failed: ssl=0xb4000071ef900918: I/O error during system call, Broken pipe
03-13 10:33:09.040  3003  3941 D ConnectivityService: notifyType CALLBACK_CAP_CHANGED for [111 WIFI]
03-13 10:33:09.041  3003  7743 D SemWifiUsabilityStatsMonitor: onWifiUsabilityStats - seqNum 16496, isSameBssidAndFreq true
03-13 10:33:09.044  3003  3980 D SemWifiApNsd:Client: lpInterface:wlan0
03-13 10:33:09.044  3003  4029 I SemWifiLinkQualityMonitor: Link stat: 339 / 7 / 1.33 (16) / 360 / -65.0 || 100.0 : 360.00 / 0.5 : 0.75 / 0.55 : 0.02 / G (G) || 357184ff5785: 0.096 / 83.559 / N || N N / 0 0 / Y 2.0 / Y X 0 / 63673109 0 || Invalid
03-13 10:33:09.044  3003  4047 D SGM:GameManager: identifyGamePackage. com.tranzmate, mCurrentUserId: 0, callingMethodInfo: com.samsung.android.game.SemGameManager.isGamePackage(SemGameManager.java:106)
03-13 10:33:09.044  3003  4047 D SGM:SemGameManager: isGamePackage(), pkgName=com.tranzmate, ret=false
03-13 10:33:09.044  3003  3980 D SemWifiSwitchForIndividualAppsService: stopTCPMonitoring : already stopped
03-13 10:33:09.045  3003  3980 I WifiConnectivityMonitor.NCC: sNetworkCallback(oCC) FULL : 111(valid: true/captive: false)
03-13 10:33:09.045  3003  4030 D InsDataManager: onOutageCountUpdate() - Outage Data: 0, LQ : Y. Outage Triggered: false
03-13 10:33:09.045  3003  4030 D InsDataManager: Trying to save initial normal data.
03-13 10:33:09.045  3003  4030 D SensorCollector: syncMappedBuffers: 0, 0, 99
03-13 10:33:09.045  3003  4030 D InsDataManager: trimBuffers start.
03-13 10:33:09.046  3003  4030 D InsDataManager: trimBuffers - nsmBuffer size: 26
03-13 10:33:09.046  4205  4574 I WifiPickerTracker: NetworkCallback : onCapabilitiesChanged
03-13 10:33:09.047  3003  4030 D InsDataManager: Too short for collecting additional normal data
03-13 10:33:09.047  4205  4574 D WifiPickerTracker: updateWifiEntries capabilities
03-13 10:33:09.047  3003  3980 I WifiConnectivityMonitor.NCC: [ Transports: WIFI Capabilities: NOT_METERED&INTERNET&NOT_RESTRICTED&TRUSTED&NOT_VPN&VALIDATED&NOT_ROAMING&FOREGROUND&NOT_CONGESTED&NOT_SUSPENDED&NOT_VCN_MANAGED&NOT_BANDWIDTH_CONSTRAINED LinkUpBandwidth>=3319Kbps LinkDnBandwidth>=49135Kbps TransportInfo: <SSID: <unknown ssid>, BSSID: 02:00:00:**:**:00, MAC: 02:00:00:**:**:00, IP: /10.*.*.171, Security type: 2, Supplicant state: COMPLETED, Wi-Fi standard: 11ax, RSSI: -65, Link speed: 360Mbps, Tx Link speed: 360Mbps, Max Supported Tx Link speed: 1200Mbps, Rx Link speed: 720Mbps, Max Supported Rx Link speed: 1200Mbps, Frequency: 5785MHz, Net ID: -1, Metered hint: false, score: 60, isUsable: true, CarrierMerged: false, SubscriptionId: -1, IsPrimary: 1, Trusted: true, Restricted: false, Ephemeral: false, OEM paid: false, OEM private: false, OSU AP: false, FQDN: <none>, Provider friendly name: <none>, Requesting package name: <none><none>MLO Information: , Is TID-To-Link negotiation supported by the AP: false, AP MLD Address: <none>, AP MLO Link Id: <none>, AP MLO Affiliated links: <none>, Vendor Data: <none>> SignalStrength: -65 AdminUids: [1000] SSID: "micasa" UnderlyingNetworks: Null]
03-13 10:33:09.048  3003  3980 D SemWifiApTrafficPriority: onCapabilitiesChanged Wifi:wlan0,mGapiValue:49.135Uplink: 3.319
03-13 10:33:09.048  4205  4574 D WifiPickerTracker: update AutoHotspot Entries() : bleAccessPoints -> 0
03-13 10:33:09.048  4205  4574 D WifiPickerTracker: handleNetworkCapabilitiesChanged
03-13 10:33:09.049  4205  4574 I WifiPickerTracker: DefaultNetworkCallback : onCapabilitiesChanged
03-13 10:33:09.049  4600  5502 D txpwrJni: sendNetworkInfo start
03-13 10:33:09.049  4600  5502 D txpwrJni: sendNetworkInfo RatType 0
03-13 10:33:09.051 16161 16177 I NullBinder: NullBinder for android.net.action.RECOMMEND_NETWORKS triggering remote TransactionTooLargeException due to Service without Chimera impl, calling uid: 1000, calling pid: 0
03-13 10:33:09.051 16161 16177 W .gms.persistent: Large reply transaction of 1056768 bytes, interface descriptor , code 1
03-13 10:33:09.052  3003  4030 D SemInsManager: {"bssid": "357184ff5785","rssi": -65.0,"latency": 0.09574029451137885,"outage_count": 0,"lq_callback_triggered": true,"outage_log": "Link stat: 339 / 7 / 1.33 (16) / 360 / -65.0 || 100.0 : 360.00 / 0.5 : 0.75 / 0.55 : 0.02 / G (G) || 357184ff5785: 0.096 / 83.559 / N || N N / 0 0 / Y 2.0 / Y X 0 / 63673109 0 || Invalid""Magnetic Sensor Events size": "0""Pressure Sensor Events size": "0"}
03-13 10:33:09.053  6263  8145 I BugleRcsEngine: handleMessage processing message:[NOTIFY_UPTIME_IGNORE_STATE_CHANGED] with [non-null]:RcsEngineImpl reference [CONTEXT log_prefix="RcsEngineImpl[DUAL_REG]:[1e7477ef-90d2]>Handler" thread_id=64 ]
03-13 10:33:09.054  6263  7489 I BugleRcsEngine: Connected state: [1], networkType: [WIFI] [CONTEXT thread_id=59 ]
03-13 10:33:09.054  4205  4422 D WifiInteractor: get wifiIconGroup ePDGConnected : false
03-13 10:33:09.055  3003  4058 D WifiConnectivityMonitor: HANDLE_ON_CAPABILITIES_CHANGED
03-13 10:33:09.055  3003  4058 I WifiConnectivityMonitor: determineMode : MODE_NON_SWITCHABLE_BY_POOR_NETWORK_DETECTION_DISABLED
03-13 10:33:09.055  3003  4058 D OpenNetworkQos[4.00]: updateBssidNoInternet: mBssidNoInternet = false
03-13 10:33:09.055  3003  4058 D OpenNetworkQos[4.00]: getOpenNetworkQosNoInternetStatus: false
03-13 10:33:09.055  3003  4058 D OpenNetworkQos[4.00]: getOpenNetworkQosScores: 30 30 30 
03-13 10:33:09.055  3003  4058 D KNOX_MDM_SettingsProvider: isChangeAllowed() : name = wifi_wcm_qos_sharing_score_summary
03-13 10:33:09.055  3003  4058 I WifiProfileShare: network QoS data was changed (internet), updateQoSData networkType: true, qosData: false
03-13 10:33:09.055  4205  4421 D WifiInteractor: get wifiIconGroup ePDGConnected : false
03-13 10:33:09.055  3003  5535 V WifiProfileShare.Caster: update wips network, size: 0
03-13 10:33:09.055  3003  5535 D WifiProfileShare: nearby scanning settings run
03-13 10:33:09.055  3003  5535 D WifiProfileShare: network score provider settings enabled
03-13 10:33:09.055  3003  5535 D OpenNetworkQos[4.00]: getOpenNetworkQosScores: 30 30 30 
03-13 10:33:09.055  3003  5535 D OpenNetworkQos[4.00]: getOpenNetworkQosNoInternetStatus: false
03-13 10:33:09.055  3003  5535 I WifiProfileShare.Caster: current network type: 0, score: [30, 30, 30]
03-13 10:33:09.055  3003  5535 V WifiProfileShare.Cache: update network score c0:94:35:**:**:ff
03-13 10:33:09.056  3003  5535 D WifiProfileShare.ScanMatcher: getMcfDataList size:2
03-13 10:33:09.056  3003  5535 I WifiProfileShare.Caster: qos data was updated , before:type:QOS, pBssid:e5:b1:3f, qosData:7c after:type:QOS, pBssid:e5:b1:3f, qosData:7c
03-13 10:33:09.056  3003  5535 I [MCFSDK_android_1.3.7026]_4_McfCasterImpl: isNetworkEnabled - type : 1 ret : true
03-13 10:33:09.056  3003  5535 D WifiProfileShare.McfCast: -ME--- mIsNetworkEnabled :true
03-13 10:33:09.056  3003  5535 D WifiProfileShare.McfCast: updateQoSData ignored, same contents
03-13 10:33:09.056  3003  5535 D WifiProfileShare.MCF: success update QosData !
03-13 10:33:09.056  3003  5535 I [MCFSDK_android_1.3.7026]_4_McfCasterImpl: isNetworkEnabled - type : 1 ret : true
03-13 10:33:09.057  3003  5535 D WifiProfileShare.McfCast: -ME--- mIsNetworkEnabled :true
03-13 10:33:09.057  3003  5535 D WifiProfileShare.McfCast: -ME--- updatePasswordDate pwdData size:2
03-13 10:33:09.057  4205  4362 D Tile.WifiTile: handleUpdateState isTransient=false transientEnabling =false cb.isTransient=false state.state = 2 mStateBeforeClick.value =false enabled =true
03-13 10:33:09.059  4184  4196 E PhoneInterfaceManager: getCarrierPrivilegeStatusForUid: Invalid subId
03-13 10:33:09.061  3003  4050 D SemApeService: Deducted link capacity (M: R=503 T=251) RSSI=-65
03-13 10:33:09.061  3003  4050 D SemApeService: Deducted link capacity (M: R=503 T=251) on (wlan0) GoogleAPI(M: R=49 T=3) RSSI=-65 isDefault=false isMlo=false
03-13 10:33:09.061  1590  1675 D WM-NetworkStateTracker: Network capabilities changed: [ Transports: WIFI Capabilities: NOT_METERED&INTERNET&NOT_RESTRICTED&TRUSTED&NOT_VPN&VALIDATED&NOT_ROAMING&FOREGROUND&NOT_CONGESTED&NOT_SUSPENDED&NOT_VCN_MANAGED&NOT_BANDWIDTH_CONSTRAINED LinkUpBandwidth>=3319Kbps LinkDnBandwidth>=49135Kbps TransportInfo: <SSID: <unknown ssid>, BSSID: 02:00:00:00:00:00, MAC: 02:00:00:00:00:00, IP: /10.0.0.171, Security type: 2, Supplicant state: COMPLETED, Wi-Fi standard: 11ax, RSSI: -65, Link speed: 360Mbps, Tx Link speed: 360Mbps, Max Supported Tx Link speed: 1200Mbps, Rx Link speed: 720Mbps, Max Supported Rx Link speed: 1200Mbps, Frequency: 5785MHz, Net ID: -1, Metered hint: false, score: 60, isUsable: true, CarrierMerged: false, SubscriptionId: -1, IsPrimary: -1, Trusted: true, Restricted: false, Ephemeral: false, OEM paid: false, OEM private: false, OSU AP: false, FQDN: <none>, Provider friendly name: <none>, Requesting package name: <none><none>MLO Information: , Is TID-To-Link negotiation supported by the AP: false, AP MLD Address: <none>, AP MLO Link Id: <none>, AP MLO Affiliated links: <none>, Vendor Data: <none>> SignalStrength: -65 UnderlyingNetworks: Null]
03-13 10:33:09.086  2105  2836 I VSyncReactor: Current= 120, Period= 120, Distance= 2
03-13 10:33:09.094  2105  2836 I VSyncReactor: Current= 120, Period= 120, Distance= 120
03-13 10:33:09.128  2097  2125 E HeatmapThread: ECT Thread time in milliseconds: 1773412389
03-13 10:33:09.136  2097  2125 D HeatmapThread: !@ batteryplugType : 2
03-13 10:33:09.137  2097  2125 D HeatmapThread: !@ batteryLevel : 97  batteryTemperature : 346 
03-13 10:33:09.137  2097  2125 D HeatmapThread: !@ Heatmap currtime: 29556873
03-13 10:33:09.137  2097  2125 D HeatmapThread: !@ Heatmap prevtime: 29556860
03-13 10:33:09.137  2097  2125 D HeatmapThread: !@ Heatmap plugstarttime: 29556690
03-13 10:33:09.137  2097  2125 D HeatmapThread: !@ Heatmap prevv_dsoh_update_time: 29556870
03-13 10:33:09.137  2097  2125 E HeatmapThread: !@ CAM New BSOH: 100
03-13 10:33:09.137  2097  2125 E HeatmapThread: !@ CAM is Working
03-13 10:33:09.298 16161 14616 W NetworkScheduler.ATC: Called cancelTask for already completed task com.google.android.gms/.measurement.PackageMeasurementTaskService{u=0 tag="Measurement.PackageMeasurementTaskService.UPLOAD_TASK_TAG" trigger=window{start=0s,end=1s,earliest=-307s,latest=-306s} requirements=[NET_CONNECTED,PREFERRED_NET_UNMETERED,PREFERRED_CHARGING] attributes=[PERSISTED] scheduled=-307s last_run=-271s exec_window_multiplier=1.0000 jid=N/A status=ACTIVE retries=0 client_lib=GMS_TASK_SCHEDULER-261033000} :1 [CONTEXT service_id=218 ]
03-13 10:33:09.299 14817 14817 W cr_WebSettings: setForceDark() is a no-op in an app with targetSdkVersion>=T
03-13 10:33:09.301 14817 14817 W cr_SupportWebSettings: setForceDarkBehavior() is a no-op in an app with targetSdkVersion>=T
03-13 10:33:09.305 16161  8267 W NetworkScheduler.ATC: Called cancelTask for already completed task com.google.android.gms/.measurement.PackageMeasurementTaskService{u=0 tag="Measurement.PackageMeasurementTaskService.UPLOAD_TASK_TAG" trigger=window{start=0s,end=1s,earliest=-307s,latest=-306s} requirements=[NET_CONNECTED,PREFERRED_NET_UNMETERED,PREFERRED_CHARGING] attributes=[PERSISTED] scheduled=-307s last_run=-271s exec_window_multiplier=1.0000 jid=N/A status=ACTIVE retries=0 client_lib=GMS_TASK_SCHEDULER-261033000} :1 [CONTEXT service_id=218 ]
03-13 10:33:09.307 16161  8267 W NetworkScheduler.ATC: Called cancelTask for already completed task com.google.android.gms/.measurement.PackageMeasurementTaskService{u=0 tag="Measurement.PackageMeasurementTaskService.UPLOAD_TASK_TAG" trigger=window{start=0s,end=1s,earliest=-307s,latest=-306s} requirements=[NET_CONNECTED,PREFERRED_NET_UNMETERED,PREFERRED_CHARGING] attributes=[PERSISTED] scheduled=-307s last_run=-271s exec_window_multiplier=1.0000 jid=N/A status=ACTIVE retries=0 client_lib=GMS_TASK_SCHEDULER-261033000} :1 [CONTEXT service_id=218 ]
03-13 10:33:09.315 16161 14616 W NetworkScheduler.ATC: Called cancelTask for already completed task com.google.android.gms/.measurement.PackageMeasurementTaskService{u=0 tag="Measurement.PackageMeasurementTaskService.UPLOAD_TASK_TAG" trigger=window{start=0s,end=1s,earliest=-307s,latest=-306s} requirements=[NET_CONNECTED,PREFERRED_NET_UNMETERED,PREFERRED_CHARGING] attributes=[PERSISTED] scheduled=-307s last_run=-271s exec_window_multiplier=1.0000 jid=N/A status=ACTIVE retries=0 client_lib=GMS_TASK_SCHEDULER-261033000} :1 [CONTEXT service_id=218 ]
03-13 10:33:09.320 16161 14061 W NetworkScheduler.ATC: Called cancelTask for already completed task com.google.android.gms/.measurement.PackageMeasurementTaskService{u=0 tag="Measurement.PackageMeasurementTaskService.UPLOAD_TASK_TAG" trigger=window{start=0s,end=1s,earliest=-307s,latest=-306s} requirements=[NET_CONNECTED,PREFERRED_NET_UNMETERED,PREFERRED_CHARGING] attributes=[PERSISTED] scheduled=-307s last_run=-271s exec_window_multiplier=1.0000 jid=N/A status=ACTIVE retries=0 client_lib=GMS_TASK_SCHEDULER-261033000} :1 [CONTEXT service_id=218 ]
03-13 10:33:09.326 16161 14615 W NetworkScheduler.ATC: Called cancelTask for already completed task com.google.android.gms/.measurement.PackageMeasurementTaskService{u=0 tag="Measurement.PackageMeasurementTaskService.UPLOAD_TASK_TAG" trigger=window{start=0s,end=1s,earliest=-307s,latest=-306s} requirements=[NET_CONNECTED,PREFERRED_NET_UNMETERED,PREFERRED_CHARGING] attributes=[PERSISTED] scheduled=-307s last_run=-271s exec_window_multiplier=1.0000 jid=N/A status=ACTIVE retries=0 client_lib=GMS_TASK_SCHEDULER-261033000} :1 [CONTEXT service_id=218 ]
03-13 10:33:09.366  3003  4086 D NetdEventListenerService: DNS Requested by 111, 10445(com.tranzmate), SUCCESS, 40ms
03-13 10:33:09.503 14817 14817 W WindowOnBackDispatcher: OnBackInvokedCallback is not enabled for the application.
03-13 10:33:09.503 14817 14817 W WindowOnBackDispatcher: Set 'android:enableOnBackInvokedCallback="true"' in the application manifest.
03-13 10:33:09.506 14817 14817 I View    : setRequestedFrameRate frameRate=-4.0, this=com.braze.ui.inappmessage.views.InAppMessageWebView{df857fe VFEDHVC.. .F...... 0,0-1080,2402 #7f090217 app:id/com_braze_inappmessage_html_webview}, caller=android.view.ViewGroup.setRequestedFrameRate:9952 WV.rf.p:1 WV.rg.h:118 WV.rg.onDraw:7 com.android.webview.chromium.WebViewChromium.onDraw:19 
03-13 10:33:09.506  3003  4086 D NetdEventListenerService: DNS Requested by 111, 10445(com.tranzmate), 7(NODATA), isBlocked=false, 1ms
03-13 10:33:09.508 14817 14817 D InputMethodManagerUtils: startInputInner - Id : 0
03-13 10:33:09.508 14817 14817 I InputMethodManager: startInputInner - IInputMethodManagerGlobalInvoker.startInputOrWindowGainedFocus
03-13 10:33:09.509  3003  4086 D NetdEventListenerService: DNS Requested by 111, 10445(com.tranzmate), 7(NODATA), isBlocked=false, 1ms
03-13 10:33:09.509  3003  3681 V InputMethodManagerService: startInputOrWindowGainedFocusInternalLocked: reason=SCHEDULED_CHECK_FOCUS client=android.os.BinderProxy@f847bbf inputContext=null editorInfo=android.view.inputmethod.EditorInfo@2ef179d startInputFlags=VIEW_HAS_FOCUS|INITIAL_CONNECTION softInputMode=STATE_UNSPECIFIED|ADJUST_RESIZE windowFlags=#81810100 unverifiedTargetSdkVersion=35 bindingController=com.android.server.inputmethod.InputMethodBindingController@7c1716b imeDispatcher=android.window.ImeOnBackInvokedDispatcher@96d1412 cs=ClientState{65acc6d mUid=10445 mPid=14817 mSelfReportedDisplayId=0} imeRequestedVisible=false
03-13 10:33:09.509  3003  3681 V InputMethodManagerService: setWindowStateInner, windowToken=android.os.BinderProxy@f00e863, state=ImeTargetWindowState{ imeToken null imeFocusChanged false hasEditorFocused false requestedImeVisible false imeDisplayId 0 softInputModeState STATE_UNSPECIFIED|ADJUST_RESIZE isStartInputByGainFocus false}
03-13 10:33:09.509  3003  3681 D SemInputMethodManagerServiceUtil: restorePreviousUsedInputMethod : failed to return the previous ime becuase the stored info is null or do not need restore
03-13 10:33:09.509  3003  3681 V InputMethodManagerService: semComputeImeDisplayIdForTarget: displayToShowIme=0
03-13 10:33:09.509  3003  3681 V InputMethodManagerService: Creating new accessibility sessions for client ClientState{65acc6d mUid=10445 mPid=14817 mSelfReportedDisplayId=0}
03-13 10:33:09.509  3003  3681 D InputMethodManagerService: isImeSwitcherDisabledPackage : false
03-13 10:33:09.509  3003  3681 D InputMethodManagerService: checkDisplayOfStartInputAndUpdateKeyboard: displayId=0, mFocusedDisplayId=0
03-13 10:33:09.510  3003  3681 D InputTransport: Input channel constructed: 'ClientS', fd=1143
03-13 10:33:09.510  3003  3681 D InputTransport: Input channel destroyed: 'ClientS', fd=1143
03-13 10:33:09.511 14817 14826 D InputTransport: Input channel constructed: 'ClientS', fd=397
03-13 10:33:09.513 15873 15873 I GoogleInputMethodService: GoogleInputMethodService.onFinishInput():2114 
03-13 10:33:09.514 15873 15873 I Module  : DeviceLockedStatusModuleProvider$Module.updateDeviceLockedStatus():103 repeatCheckTimes = 0, locked = false
03-13 10:33:09.515 15873 15873 D InputMethodService: unregisterCompatOnBackInvokedCallback return because registered : false
03-13 10:33:09.515 15873 15873 D InputMethodService: updateClientDisplayId: displayId=0, mClientDisplayId=0
03-13 10:33:09.516 15873 15873 I GoogleInputMethodService: GoogleInputMethodService.onStartInput():1385 onStartInput(EditorInfo{EditorInfo{packageName=com.tranzmate, inputType=0, inputTypeString=NULL, enableLearning=false, autoCorrection=false, autoComplete=false, imeOptions=12000000, privateImeOptions=null, actionName=UNSPECIFIED, actionLabel=null, initialSelStart=-1, initialSelEnd=-1, initialCapsMode=0, label=null, fieldId=0, fieldName=null, extras=Bundle[{appShowRequested=false, isTextEditor=false, displayId=0}], hintText=null, hintLocales=[]}}, false)
03-13 10:33:09.517 15873 15873 I AndroidIME: LatinIMEBase.updateInputViewCoverNavigation():314 Update input view padding, extendsTouchBelowSpace=true, bottom inset=144
03-13 10:33:09.517 15873 15873 I Module  : DeviceLockedStatusModuleProvider$Module.updateDeviceLockedStatus():103 repeatCheckTimes = 1, locked = false
03-13 10:33:09.518  2105  2836 I VSyncReactor: Current= 120, Period= 120, Distance= 2
03-13 10:33:09.518  3003  3595 W PackageConfigPersister: App-specific configuration not found for packageName: com.tranzmate and userId: 0
03-13 10:33:09.520 14817 14817 I View    : setRequestedFrameRate frameRate=-4.0, this=com.braze.ui.inappmessage.views.InAppMessageWebView{df857fe VFEDHVC.. .F...... 0,0-1080,2402 #7f090217 app:id/com_braze_inappmessage_html_webview aid=1073741824}, caller=android.view.ViewGroup.setRequestedFrameRate:9952 WV.rf.p:1 WV.rg.h:118 WV.rg.onDraw:7 com.android.webview.chromium.WebViewChromium.onDraw:19 
03-13 10:33:09.527  2105  2836 I VSyncReactor: Current= 120, Period= 120, Distance= 120
03-13 10:33:09.538 14817 14817 I View    : setRequestedFrameRate frameRate=-4.0, this=com.braze.ui.inappmessage.views.InAppMessageWebView{df857fe VFEDHVC.. .F...... 0,0-1080,2402 #7f090217 app:id/com_braze_inappmessage_html_webview aid=1073741824}, caller=android.view.ViewGroup.setRequestedFrameRate:9952 WV.rf.p:1 WV.rg.h:118 WV.rg.onDraw:7 com.android.webview.chromium.WebViewChromium.onDraw:19 
03-13 10:33:09.538 14817 15221 I AdrenoVK-0: Shader compilation failed for shaderType: 4
03-13 10:33:09.538 14817 15221 I AdrenoVK-0: Pipeline create failed
03-13 10:33:09.544 14817 14817 I View    : setRequestedFrameRate frameRate=-4.0, this=com.braze.ui.inappmessage.views.InAppMessageWebView{df857fe VFEDHVC.. .F...... 0,0-1080,2402 #7f090217 app:id/com_braze_inappmessage_html_webview aid=1073741824}, caller=android.view.ViewGroup.setRequestedFrameRate:9952 WV.rf.p:1 WV.rg.h:118 WV.rg.onDraw:7 com.android.webview.chromium.WebViewChromium.onDraw:19 
03-13 10:33:09.548 14817 15221 I AdrenoVK-0: Shader compilation failed for shaderType: 0
03-13 10:33:09.548 14817 15221 I AdrenoVK-0: Pipeline create failed
03-13 10:33:09.554 16161  9422 I NearbySharing: Network state changed: NetworkState(isRestricted=false, isOnline=true, isCongested=false, isMetered=false, isWifiConnected=true)
03-13 10:33:09.555  2007 14200 I sensors-hal: handle_sns_std_sensor_event:409, [SSC_LIGHT] P: 2(2),c:8,b:21,m:13,cl:0,l:1,s:2,l0:576,l1:48,s0:446,s1:18,acl:1,opr:0.15,f(r):97,u(bl):111,if:0,wi:3,si:4,po:126(N:0)
03-13 10:33:09.570 14817 14817 I View    : setRequestedFrameRate frameRate=-4.0, this=com.braze.ui.inappmessage.views.InAppMessageWebView{df857fe VFEDHVC.. .F...... 0,0-1080,2402 #7f090217 app:id/com_braze_inappmessage_html_webview aid=1073741824}, caller=android.view.ViewGroup.setRequestedFrameRate:9952 WV.rf.p:1 WV.rg.h:118 WV.rg.onDraw:7 com.android.webview.chromium.WebViewChromium.onDraw:19 
03-13 10:33:09.578 14817 14817 I View    : setRequestedFrameRate frameRate=-4.0, this=com.braze.ui.inappmessage.views.InAppMessageWebView{df857fe VFEDHVC.. .F...... 0,0-1080,2402 #7f090217 app:id/com_braze_inappmessage_html_webview aid=1073741824}, caller=android.view.ViewGroup.setRequestedFrameRate:9952 WV.rf.p:1 WV.rg.h:118 WV.rg.onDraw:7 com.android.webview.chromium.WebViewChromium.onDraw:19 
03-13 10:33:09.586 14817 14817 I View    : setRequestedFrameRate frameRate=-4.0, this=com.braze.ui.inappmessage.views.InAppMessageWebView{df857fe VFEDHVC.. .F...... 0,0-1080,2402 #7f090217 app:id/com_braze_inappmessage_html_webview aid=1073741824}, caller=android.view.ViewGroup.setRequestedFrameRate:9952 WV.rf.p:1 WV.rg.h:118 WV.rg.onDraw:7 com.android.webview.chromium.WebViewChromium.onDraw:19 
03-13 10:33:09.590 14817 15221 I AdrenoVK-0: Shader compilation failed for shaderType: 4
03-13 10:33:09.590 14817 15221 I AdrenoVK-0: Pipeline create failed
03-13 10:33:09.594 14817 14817 I View    : setRequestedFrameRate frameRate=-4.0, this=com.braze.ui.inappmessage.views.InAppMessageWebView{df857fe VFEDHVC.. .F...... 0,0-1080,2402 #7f090217 app:id/com_braze_inappmessage_html_webview aid=1073741824}, caller=android.view.ViewGroup.setRequestedFrameRate:9952 WV.rf.p:1 WV.rg.h:118 WV.rg.onDraw:7 com.android.webview.chromium.WebViewChromium.onDraw:19 
03-13 10:33:09.603 14817 14817 I View    : setRequestedFrameRate frameRate=-4.0, this=com.braze.ui.inappmessage.views.InAppMessageWebView{df857fe VFEDHVC.. .F...... 0,0-1080,2402 #7f090217 app:id/com_braze_inappmessage_html_webview aid=1073741824}, caller=android.view.ViewGroup.setRequestedFrameRate:9952 WV.rf.p:1 WV.rg.h:118 WV.rg.onDraw:7 com.android.webview.chromium.WebViewChromium.onDraw:19 
03-13 10:33:09.609  1171  1171 D io_stats: !@   8,0 r 3758038 118992244 w 4442354 94457112 d 388426 105144296 f 184892 431025 iot 1829724 0 th 0 0 0 pt 0 inp 0 0 63673.676
03-13 10:33:09.611 14817 14817 I View    : setRequestedFrameRate frameRate=-4.0, this=com.braze.ui.inappmessage.views.InAppMessageWebView{df857fe VFEDHVC.. .F...... 0,0-1080,2402 #7f090217 app:id/com_braze_inappmessage_html_webview aid=1073741824}, caller=android.view.ViewGroup.setRequestedFrameRate:9952 WV.rf.p:1 WV.rg.h:118 WV.rg.onDraw:7 com.android.webview.chromium.WebViewChromium.onDraw:19 
03-13 10:33:09.620 14817 14817 I View    : setRequestedFrameRate frameRate=-4.0, this=com.braze.ui.inappmessage.views.InAppMessageWebView{df857fe VFEDHVC.. .F...... 0,0-1080,2402 #7f090217 app:id/com_braze_inappmessage_html_webview aid=1073741824}, caller=android.view.ViewGroup.setRequestedFrameRate:9952 WV.rf.p:1 WV.rg.h:118 WV.rg.onDraw:7 com.android.webview.chromium.WebViewChromium.onDraw:19 
03-13 10:33:09.628 14817 14817 I View    : setRequestedFrameRate frameRate=-4.0, this=com.braze.ui.inappmessage.views.InAppMessageWebView{df857fe VFEDHVC.. .F...... 0,0-1080,2402 #7f090217 app:id/com_braze_inappmessage_html_webview aid=1073741824}, caller=android.view.ViewGroup.setRequestedFrameRate:9952 WV.rf.p:1 WV.rg.h:118 WV.rg.onDraw:7 com.android.webview.chromium.WebViewChromium.onDraw:19 
03-13 10:33:09.636 14817 14817 I View    : setRequestedFrameRate frameRate=-4.0, this=com.braze.ui.inappmessage.views.InAppMessageWebView{df857fe VFEDHVC.. .F...... 0,0-1080,2402 #7f090217 app:id/com_braze_inappmessage_html_webview aid=1073741824}, caller=android.view.ViewGroup.setRequestedFrameRate:9952 WV.rf.p:1 WV.rg.h:118 WV.rg.onDraw:7 com.android.webview.chromium.WebViewChromium.onDraw:19 
03-13 10:33:09.645 14817 14817 I View    : setRequestedFrameRate frameRate=-4.0, this=com.braze.ui.inappmessage.views.InAppMessageWebView{df857fe VFEDHVC.. .F...... 0,0-1080,2402 #7f090217 app:id/com_braze_inappmessage_html_webview aid=1073741824}, caller=android.view.ViewGroup.setRequestedFrameRate:9952 WV.rf.p:1 WV.rg.h:118 WV.rg.onDraw:7 com.android.webview.chromium.WebViewChromium.onDraw:19 
03-13 10:33:09.653 14817 14817 I View    : setRequestedFrameRate frameRate=-4.0, this=com.braze.ui.inappmessage.views.InAppMessageWebView{df857fe VFEDHVC.. .F...... 0,0-1080,2402 #7f090217 app:id/com_braze_inappmessage_html_webview aid=1073741824}, caller=android.view.ViewGroup.setRequestedFrameRate:9952 WV.rf.p:1 WV.rg.h:118 WV.rg.onDraw:7 com.android.webview.chromium.WebViewChromium.onDraw:19 
03-13 10:33:09.662 14817 14817 I View    : setRequestedFrameRate frameRate=-4.0, this=com.braze.ui.inappmessage.views.InAppMessageWebView{df857fe VFEDHVC.. .F...... 0,0-1080,2402 #7f090217 app:id/com_braze_inappmessage_html_webview aid=1073741824}, caller=android.view.ViewGroup.setRequestedFrameRate:9952 WV.rf.p:1 WV.rg.h:118 WV.rg.onDraw:7 com.android.webview.chromium.WebViewChromium.onDraw:19 
03-13 10:33:09.670 14817 14817 I View    : setRequestedFrameRate frameRate=-4.0, this=com.braze.ui.inappmessage.views.InAppMessageWebView{df857fe VFEDHVC.. .F...... 0,0-1080,2402 #7f090217 app:id/com_braze_inappmessage_html_webview aid=1073741824}, caller=android.view.ViewGroup.setRequestedFrameRate:9952 WV.rf.p:1 WV.rg.h:118 WV.rg.onDraw:7 com.android.webview.chromium.WebViewChromium.onDraw:19 
03-13 10:33:09.678 14817 14817 I View    : setRequestedFrameRate frameRate=-4.0, this=com.braze.ui.inappmessage.views.InAppMessageWebView{df857fe VFEDHVC.. .F...... 0,0-1080,2402 #7f090217 app:id/com_braze_inappmessage_html_webview aid=1073741824}, caller=android.view.ViewGroup.setRequestedFrameRate:9952 WV.rf.p:1 WV.rg.h:118 WV.rg.onDraw:7 com.android.webview.chromium.WebViewChromium.onDraw:19 
03-13 10:33:09.687 14817 14817 I View    : setRequestedFrameRate frameRate=-4.0, this=com.braze.ui.inappmessage.views.InAppMessageWebView{df857fe VFEDHVC.. .F...... 0,0-1080,2402 #7f090217 app:id/com_braze_inappmessage_html_webview aid=1073741824}, caller=android.view.ViewGroup.setRequestedFrameRate:9952 WV.rf.p:1 WV.rg.h:118 WV.rg.onDraw:7 com.android.webview.chromium.WebViewChromium.onDraw:19 
03-13 10:33:09.695 14817 14817 I View    : setRequestedFrameRate frameRate=-4.0, this=com.braze.ui.inappmessage.views.InAppMessageWebView{df857fe VFEDHVC.. .F...... 0,0-1080,2402 #7f090217 app:id/com_braze_inappmessage_html_webview aid=1073741824}, caller=android.view.ViewGroup.setRequestedFrameRate:9952 WV.rf.p:1 WV.rg.h:118 WV.rg.onDraw:7 com.android.webview.chromium.WebViewChromium.onDraw:19 
03-13 10:33:09.703 14817 14817 I View    : setRequestedFrameRate frameRate=-4.0, this=com.braze.ui.inappmessage.views.InAppMessageWebView{df857fe VFEDHVC.. .F...... 0,0-1080,2402 #7f090217 app:id/com_braze_inappmessage_html_webview aid=1073741824}, caller=android.view.ViewGroup.setRequestedFrameRate:9952 WV.rf.p:1 WV.rg.h:118 WV.rg.onDraw:7 com.android.webview.chromium.WebViewChromium.onDraw:19 
03-13 10:33:09.711 14817 14817 I View    : setRequestedFrameRate frameRate=-4.0, this=com.braze.ui.inappmessage.views.InAppMessageWebView{df857fe VFEDHVC.. .F...... 0,0-1080,2402 #7f090217 app:id/com_braze_inappmessage_html_webview aid=1073741824}, caller=android.view.ViewGroup.setRequestedFrameRate:9952 WV.rf.p:1 WV.rg.h:118 WV.rg.onDraw:7 com.android.webview.chromium.WebViewChromium.onDraw:19 
03-13 10:33:09.719 14817 14817 I View    : setRequestedFrameRate frameRate=-4.0, this=com.braze.ui.inappmessage.views.InAppMessageWebView{df857fe VFEDHVC.. ........ 0,0-1080,2402 #7f090217 app:id/com_braze_inappmessage_html_webview aid=1073741824}, caller=android.view.ViewGroup.setRequestedFrameRate:9952 WV.rf.p:1 WV.rg.h:118 WV.rg.onDraw:7 com.android.webview.chromium.WebViewChromium.onDraw:19 
03-13 10:33:09.720 14817 14817 D InputMethodManagerUtils: startInputInner - Id : 0
03-13 10:33:09.720 14817 14817 I InputMethodManager: startInputInner - IInputMethodManagerGlobalInvoker.startInputOrWindowGainedFocus
03-13 10:33:09.721  3003  3681 V InputMethodManagerService: startInputOrWindowGainedFocusInternalLocked: reason=SCHEDULED_CHECK_FOCUS client=android.os.BinderProxy@f847bbf inputContext=null editorInfo=android.view.inputmethod.EditorInfo@8045f5e startInputFlags=VIEW_HAS_FOCUS|INITIAL_CONNECTION softInputMode=STATE_UNSPECIFIED|ADJUST_RESIZE windowFlags=#81810100 unverifiedTargetSdkVersion=35 bindingController=com.android.server.inputmethod.InputMethodBindingController@7c1716b imeDispatcher=android.window.ImeOnBackInvokedDispatcher@f9f6f3f cs=ClientState{65acc6d mUid=10445 mPid=14817 mSelfReportedDisplayId=0} imeRequestedVisible=false
03-13 10:33:09.721  3003  3681 V InputMethodManagerService: setWindowStateInner, windowToken=android.os.BinderProxy@f00e863, state=ImeTargetWindowState{ imeToken null imeFocusChanged false hasEditorFocused false requestedImeVisible false imeDisplayId 0 softInputModeState STATE_UNSPECIFIED|ADJUST_RESIZE isStartInputByGainFocus false}
03-13 10:33:09.722  3003  3681 D SemInputMethodManagerServiceUtil: restorePreviousUsedInputMethod : failed to return the previous ime becuase the stored info is null or do not need restore
03-13 10:33:09.722  3003  3681 V InputMethodManagerService: semComputeImeDisplayIdForTarget: displayToShowIme=0
03-13 10:33:09.722  3003  3681 V InputMethodManagerService: Creating new accessibility sessions for client ClientState{65acc6d mUid=10445 mPid=14817 mSelfReportedDisplayId=0}
03-13 10:33:09.722  3003  3681 D InputMethodManagerService: isImeSwitcherDisabledPackage : false
03-13 10:33:09.722  3003  3681 D InputMethodManagerService: checkDisplayOfStartInputAndUpdateKeyboard: displayId=0, mFocusedDisplayId=0
03-13 10:33:09.722  3003  3681 D InputTransport: Input channel constructed: 'ClientS', fd=1143
03-13 10:33:09.722  3003  3681 D InputTransport: Input channel destroyed: 'ClientS', fd=1143
03-13 10:33:09.723 14817 14826 D InputTransport: Input channel constructed: 'ClientS', fd=484
03-13 10:33:09.723 15873 15873 I GoogleInputMethodService: GoogleInputMethodService.onFinishInput():2114 
03-13 10:33:09.724 15873 15873 I Module  : DeviceLockedStatusModuleProvider$Module.updateDeviceLockedStatus():103 repeatCheckTimes = 0, locked = false
03-13 10:33:09.724 15873 15873 D InputMethodService: unregisterCompatOnBackInvokedCallback return because registered : false
03-13 10:33:09.724 15873 15873 D InputMethodService: updateClientDisplayId: displayId=0, mClientDisplayId=0
03-13 10:33:09.724 15873 15873 I GoogleInputMethodService: GoogleInputMethodService.onStartInput():1385 onStartInput(EditorInfo{EditorInfo{packageName=com.tranzmate, inputType=0, inputTypeString=NULL, enableLearning=false, autoCorrection=false, autoComplete=false, imeOptions=0, privateImeOptions=null, actionName=UNSPECIFIED, actionLabel=null, initialSelStart=-1, initialSelEnd=-1, initialCapsMode=0, label=null, fieldId=0, fieldName=null, extras=Bundle[{appShowRequested=false, isTextEditor=false, displayId=0}], hintText=null, hintLocales=[]}}, false)
03-13 10:33:09.724 15873 15873 I AndroidIME: LatinIMEBase.updateInputViewCoverNavigation():314 Update input view padding, extendsTouchBelowSpace=true, bottom inset=144
03-13 10:33:09.724 15873 15873 I Module  : DeviceLockedStatusModuleProvider$Module.updateDeviceLockedStatus():103 repeatCheckTimes = 1, locked = false
03-13 10:33:09.725  3003  3595 W PackageConfigPersister: App-specific configuration not found for packageName: com.tranzmate and userId: 0
03-13 10:33:09.727 14817 14817 I View    : setRequestedFrameRate frameRate=-4.0, this=com.braze.ui.inappmessage.views.InAppMessageWebView{df857fe VFEDHVC.. ........ 0,0-1080,2402 #7f090217 app:id/com_braze_inappmessage_html_webview aid=1073741824}, caller=android.view.ViewGroup.setRequestedFrameRate:9952 WV.rf.p:1 WV.rg.h:118 WV.rg.onDraw:7 com.android.webview.chromium.WebViewChromium.onDraw:19 
03-13 10:33:09.730 16161 14061 W NetworkScheduler.ATC: Called cancelTask for already completed task com.google.android.gms/.measurement.PackageMeasurementTaskService{u=0 tag="Measurement.PackageMeasurementTaskService.UPLOAD_TASK_TAG" trigger=window{start=0s,end=1s,earliest=-307s,latest=-306s} requirements=[NET_CONNECTED,PREFERRED_NET_UNMETERED,PREFERRED_CHARGING] attributes=[PERSISTED] scheduled=-307s last_run=-272s exec_window_multiplier=1.0000 jid=N/A status=ACTIVE retries=0 client_lib=GMS_TASK_SCHEDULER-261033000} :1 [CONTEXT service_id=218 ]
03-13 10:33:09.736 14817 14817 I View    : setRequestedFrameRate frameRate=-4.0, this=com.braze.ui.inappmessage.views.InAppMessageWebView{df857fe VFEDHVC.. ........ 0,0-1080,2402 #7f090217 app:id/com_braze_inappmessage_html_webview aid=1073741824}, caller=android.view.ViewGroup.setRequestedFrameRate:9952 WV.rf.p:1 WV.rg.h:118 WV.rg.onDraw:7 com.android.webview.chromium.WebViewChromium.onDraw:19 
03-13 10:33:09.736 16161 14615 W NetworkScheduler.ATC: Called cancelTask for already completed task com.google.android.gms/.measurement.PackageMeasurementTaskService{u=0 tag="Measurement.PackageMeasurementTaskService.UPLOAD_TASK_TAG" trigger=window{start=0s,end=1s,earliest=-307s,latest=-306s} requirements=[NET_CONNECTED,PREFERRED_NET_UNMETERED,PREFERRED_CHARGING] attributes=[PERSISTED] scheduled=-307s last_run=-272s exec_window_multiplier=1.0000 jid=N/A status=ACTIVE retries=0 client_lib=GMS_TASK_SCHEDULER-261033000} :1 [CONTEXT service_id=218 ]
03-13 10:33:09.744 14817 14817 I View    : setRequestedFrameRate frameRate=-4.0, this=com.braze.ui.inappmessage.views.InAppMessageWebView{df857fe VFEDHVC.. ........ 0,0-1080,2402 #7f090217 app:id/com_braze_inappmessage_html_webview aid=1073741824}, caller=android.view.ViewGroup.setRequestedFrameRate:9952 WV.rf.p:1 WV.rg.h:118 WV.rg.onDraw:7 com.android.webview.chromium.WebViewChromium.onDraw:19 
03-13 10:33:09.753 14817 14817 I View    : setRequestedFrameRate frameRate=-4.0, this=com.braze.ui.inappmessage.views.InAppMessageWebView{df857fe VFEDHVC.. ........ 0,0-1080,2402 #7f090217 app:id/com_braze_inappmessage_html_webview aid=1073741824}, caller=android.view.ViewGroup.setRequestedFrameRate:9952 WV.rf.p:1 WV.rg.h:118 WV.rg.onDraw:7 com.android.webview.chromium.WebViewChromium.onDraw:19 
