03-11 14:16:57.293  2163  2163 D motorola.hardware.sensorext-service: handle id:13 wxh:1088x2640 uwxuh:1080x2640 size: 11489280 fd:11 fd_meta:12 flags:0x4000228 usage:0x33  format:0x1 layer_count: 1 reserved_size = 0
03-11 14:16:57.294  2064  4171 D slpi-TCS3720: ALS_REPORT lux 233.952301, ch0 124.414024-78.362976-44.014530-20.593113, scale 1.1878, fps 90, client 1
03-11 14:16:57.294  2064  4171 D slpi-TCS3720: PRX_OC info Far, Total 0, pdata 0, offset 0 step 0.63, ore 0:0 step 21.00, TH_H 1020, TH_L 0, client 0
03-11 14:16:57.294  2195  2586 I SDM     : HWCSession::SetCWBOutputBuffer: CWB config passed by cwb_client : tappoint 1  CWB_ROI : (210.000000 26.000000 274.000000 90.000000) for display [1 0 0]
03-11 14:16:57.296  2195 19224 I SDM     : HWCDisplay::SetReadbackBuffer: CWB config from client: tap_point 1, CWB ROI Rect(210.000000 26.000000 274.000000 90.000000), PU_as_CWB_ROI 0, Cwb full rect : (0.000000 0.000000 1080.000000 2640.000000)
03-11 14:16:57.296  2195 19224 I SDM     : HWCDisplay::SetReadbackBuffer: Successfully configured the output buffer: readback_buffer_queued_ 1, readback_configured_ 0, cwb_client 3
03-11 14:16:57.296  2195 19224 I SDM     : HWCSession::ProcessRequests: Successfully configured CWB buffer.
03-11 14:16:57.308  2195 19224 I SDM     : HWCSession::ProcessRequests: Pushing release fence in fenece wait queue.
03-11 14:16:57.309  2195 19224 I SDM     : HWCSession::ProcessRequests: Creating AsyncFenceWaits async thread.
03-11 14:16:57.310  5625  5962 V PowerManager: userActivity when=105708375 event=0 flags=0 displayId=0 by (com.android.systemui) callers=android.os.PowerManager.userActivity:1487 com.android.systemui.keyguard.KeyguardViewMediator$$ExternalSyntheticLambda0.run:79 java.util.concurrent.ThreadPoolExecutor.runWorker:1145 
03-11 14:16:57.310  2195 19224 I SDM     : HWCSession::ProcessRequests: Remove current CWB request from the pending request queue.
03-11 14:16:57.310  2195 19224 I SDM     : HWCSession::ProcessRequests: No pending cwb requests found in the queue.
03-11 14:16:57.311  3163  5216 W BoostOptController: not supported hint: 118
03-11 14:16:57.311  2195  2269 I SDM     : HWDeviceDRM::SetupConcurrentWriteback: Tear down the Concurrent Writeback topology
03-11 14:16:57.312  5625  5625 I FalsingManager: Gesture start time: 105708360262000
03-11 14:16:57.318  2195 19226 I SDM     : HWCSession::NotifyCWBStatus: Notify the client about buffer status 0.
03-11 14:16:57.319  2195 19226 I SDM     : HWCSession::PerformFenceWaits: Remove current release fence from the pending fence wait queue.
03-11 14:16:57.319  2195 19226 I SDM     : HWCSession::PerformFenceWaits: CWB fence queue is empty. No pending release fence to wait on.
03-11 14:16:57.320  8373 17304 W QAWalletSvc: No wallet cards to return. [CONTEXT service_id=79 ]
03-11 14:16:57.329  2163  2163 D SENSOREXT_ALS_COMP: FrontLight: ReportLux 137.49 (233.95-96.46), pre 139.42, dbv 6975, dc 0, fps 90, chPanel 52.37-30.23-19.93-8.92, facCal:lux_s 1.19 cha_s 0.95-0.96-0.89-0.94, RunInfo: DPB 20187-84, TF 20187-0
03-11 14:16:57.338  5625  5625 D KeyguardViewMediator: keyguardGoingAway requested for userId: 0
03-11 14:16:57.338  5625  5929 D KeyguardTransitionRepository: (Internal) Setting current transition info: TransitionInfo(ownerName=FromLockscreenTransitionInteractor, from=LOCKSCREEN, to=GONE, animated)
03-11 14:16:57.340  7314  7314 D GameMode: onStartedActivityChange: componnent: ComponentInfo{crumbl.cookies/com.crumbl.ui.main.MainActivity} entered launcher screen? true
03-11 14:16:57.342  7314  7314 D GameMode: isScreenUnlocked: false
03-11 14:16:57.342  7314  7314 D GameMode: isScreenUnlocked: false
03-11 14:16:57.342  2300  2300 I Scheduler: applyPolicy: UpdateRefreshRate 120 to 90 of group 5: [touch=1:1 touchBoost=1 scroll=0:0 idle=0:0] for display 4630947043778501762
03-11 14:16:57.342  2300  2300 D DisplayModeController: setDesiredMode 4630947043778501762 {mode={fps=90.00 Hz, modePtr={id=4, vsyncRate=90.00 Hz, peakRefreshRate=90.00 Hz}}, emitEvent=true, force=false}
03-11 14:16:57.343  2300  2300 I SurfaceFlinger: initiateDisplayModeChanges changing active mode from 0(120.00 Hz:3) to 4(90.00 Hz:5) for display 4630947043778501762
03-11 14:16:57.343  2300  2300 I SurfaceFlinger: initiateDisplayModeChanges active mode changed to 4(90.00 Hz) for display 4630947043778501762. mBrightnessDimingCnt=0
03-11 14:16:57.343  3163  3231 I DisplayDeviceRepository: Display device changed: DisplayDeviceInfo{"Built-in Screen": uniqueId="local:4630947043778501762", 1080 x 2640, modeId 1, renderFrameRate 120.00001, defaultModeId 1, userPreferredModeId -1, supportedModes [{id=1, width=1080, height=2640, fps=120.00001, vsync=120.00001, synthetic=false, alternativeRefreshRates=[24.000002, 60.000004], supportedHdrTypes=[2, 3, 4]}, {id=2, width=1080, height=2640, fps=144.00002, vsync=144.00002, synthetic=false, alternativeRefreshRates=[], supportedHdrTypes=[2, 3, 4]}, {id=3, width=1080, height=2640, fps=90.0, vsync=90.0, synthetic=false, alternativeRefreshRates=[], supportedHdrTypes=[2, 3, 4]}, {id=4, width=1080, height=2640, fps=60.000004, vsync=60.000004, synthetic=false, alternativeRefreshRates=[24.000002, 120.00001], supportedHdrTypes=[2, 3, 4]}, {id=5, width=1080, height=2640, fps=30.000002, vsync=30.000002, synthetic=false, alternativeRefreshRates=[], supportedHdrTypes=[2, 3, 4]}, {id=6, width=1080, height=2640, fps=24.000002, vsync=24.000002, synthetic=false, alternativeRefreshRates=[60.000004, 120.00001], supportedHdrTypes=[2, 3, 4]}], supportedReadyForModes [], colorMode 0, supportedColorModes [0, 7, 9], hdrCapabilities HdrCapabilities{mSupportedHdrTypes=[2, 3, 4], mMaxLuminance=420.0, mMaxAverageLuminance=210.1615, mMinLuminance=0.323}, allmSupported false, gameContentTypeSupported false, density 420, 397.565 x 435.428 dpi, appVsyncOff 1000000, presDeadline 13333332, cutout DisplayCutout{insets=Rect(0, 108 - 0, 0) waterfall=Insets{left=0, top=0, right=0, bottom=0} boundingRect={Bounds=[Rect(0, 0 - 0, 0), Rect(495, 0 - 585, 108), Rect(0, 0 - 0, 0), Rect(0, 0 - 0, 0)]} cutoutPathParserInfo={CutoutPathParserInfo{displayWidth=1080 displayHeight=2640 physicalDisplayWidth=1080 physicalDisplayHeight=2640 density={2.625} cutoutSpec={M -45,0 L 45,0 L 45,108 L -45,108 Z} rotation={0} scale={1.0} physicalPixelDisplaySizeRatio={1.0}}} sideOverrides={}}, touch INTERNAL, rotation 0, type INTERNAL, address {port=130, model=0x40446dccee101c}, deviceProductInfo DeviceProductInfo{name=, manufacturerPnpId=QCM, productId=1, modelYear=null, manufactureDate=ManufactureDate{week=27, year=2006}, connectionToSinkType=0}, state ON, committedState ON, frameRateOverride , brightnessMinimum 0.0, brightnessMaximum 1.0, brightnessDefault 0.38188976, hdrSdrRatio 1.0, FLAG_ALLOWED_TO_BE_DEFAULT_DISPLAY, FLAG_ROTATES_WITH_CONTENT, FLAG_SECURE, FLAG_SUPPORTS_PROTECTED_BUFFERS, FLAG_TRUSTED, installOrientation 0, displayShape DisplayShape{ spec=-1962366115 displayWidth=1080 displayHeight=2640 physicalPixelDisplaySizeRatio=1.0 rotation=0 offsetX=0 offsetY=0 scale=1.0}}
03-11 14:16:57.344  2195  2586 W SDM     : HWDeviceDRM::GetSupportedBitClkRate: Requested rate not supported: 0
03-11 14:16:57.344  2195  2586 I SDM     : HWDeviceDRM::UpdateMixerAttributes: Mixer WxH 1080x2640-0 for Peripheral
03-11 14:16:57.344  2195  2586 I SDM     : HWCDisplay::SubmitDisplayConfig: Active configuration changed from config 0 to 4
03-11 14:16:57.344  3163  3249 W MotoBatteryCareService: uid: 10632 pkgName:crumbl.cookies come to foreground
03-11 14:16:57.346  3163  3229 W BoostOptController: not supported hint: 118
03-11 14:16:57.347  2300  2300 I Scheduler: notifyScrollEvent state=1
03-11 14:16:57.347  2300  2300 I Scheduler: applyPolicy: UpdateRefreshRate 90 to 120 of group 3: [touch=1:1 touchBoost=1 scroll=1:1 idle=0:0] for display 4630947043778501762
03-11 14:16:57.347  2300  2300 D DisplayModeController: setDesiredMode 4630947043778501762 {mode={fps=120.00 Hz, modePtr={id=0, vsyncRate=120.00 Hz, peakRefreshRate=120.00 Hz}}, emitEvent=true, force=false}
03-11 14:16:57.348  3163  7024 D CompatChangeReporter: Compat change id reported: 309578419; UID 10632; state: ENABLED
03-11 14:16:57.349  2300  2300 I SurfaceFlinger: initiateDisplayModeChanges changing active mode from 4(90.00 Hz:5) to 0(120.00 Hz:3) for display 4630947043778501762
03-11 14:16:57.349  2300  2300 I SurfaceFlinger: initiateDisplayModeChanges active mode changed to 0(120.00 Hz) for display 4630947043778501762. mBrightnessDimingCnt=0
03-11 14:16:57.350  2195  2586 W SDM     : HWDeviceDRM::GetSupportedBitClkRate: Requested rate not supported: 0
03-11 14:16:57.350  2195  2586 I SDM     : HWDeviceDRM::UpdateMixerAttributes: Mixer WxH 1080x2640-0 for Peripheral
03-11 14:16:57.350  3163  3231 I DisplayDeviceRepository: Display device changed render timings: "Built-in Screen", renderFrameRate=90.0, presentationDeadlineNanos=17111110, appVsyncOffsetNanos=1000000
03-11 14:16:57.350  2195  2586 I SDM     : HWCDisplay::SubmitDisplayConfig: Active configuration changed from config 4 to 0
03-11 14:16:57.350  5625  5625 I FalsingManager: Gesture duration, Proximity duration: 47457000, 0
03-11 14:16:57.350  5625  5625 I FalsingManager: Skipped falsing. interactionType=4
03-11 14:16:57.350  5625  5625 I FalsingManager: Skipped falsing. interactionType=4
03-11 14:16:57.351  3163  3352 D BrightnessThermalClamper: Thermal status observer already started
03-11 14:16:57.352  3163  3231 D DisplayManagerService: Ignore redundant display event 0/2 to 10416/7870
03-11 14:16:57.352  3163  3231 D DisplayManagerService: Ignore redundant display event 0/2 to 10310/10834
03-11 14:16:57.352  3163  3231 D DisplayManagerService: Ignore redundant display event 0/2 to 10276/11410
03-11 14:16:57.352  3163  3231 D DisplayManagerService: Ignore redundant display event 0/2 to 10608/11774
03-11 14:16:57.353 26976 27604 D MCLOG   : [BrightnessTrigger] onDisplayChanged displayId = 0
03-11 14:16:57.354  5625  5625 I KeyguardTransitionRepository: STARTED transition: TransitionStep(from=LOCKSCREEN, to=GONE, value=0.0, transitionState=STARTED, ownerName=FromLockscreenTransitionInteractor)
03-11 14:16:57.355 26976 27604 D MCLOG   : [BrightnessManager] displayId = 0 brightness = 0.4101815 nit = 109.08397 level = br2
03-11 14:16:57.356  3163  3229 D CLI/Transition: displaygroup 0, state ON, pendingdisplaygroup -1
03-11 14:16:57.357  2067  2174 D AHAL: AudioDevice: SetParameters: 1564: enter: screen_state=on
03-11 14:16:57.357  2067  2174 D AHAL: AudioVoice: VoiceSetParameters: 87: Enter params: screen_state=on
03-11 14:16:57.357  2067  2174 D AHAL: AudioVoice: VoiceSetParameters: 360: Exit ret: 0
03-11 14:16:57.357  2067  2174 D AHAL: FM: fm_set_parameters: 262: Enter
03-11 14:16:57.357  2067  2174 D AHAL: FM: fm_set_parameters: 320: exit
03-11 14:16:57.357  2067  2174 D AHAL: AudioDevice: SetParameters: 1625:  - screen = on
03-11 14:16:57.357  2067  2174 I PAL: ResourceManager: setParameter: 8311: Screen State:1
03-11 14:16:57.357  2067  2174 D AHAL: AudioDevice: SetParameters: 2361: exit: screen_state=on
03-11 14:16:57.358 18093 18093 I FIAM.Headless: went foreground
03-11 14:16:57.358  7314  7314 D GameMode: isScreenUnlocked: false
03-11 14:16:57.358 18093 18093 I FIAM.Display: Binding to activity: com.crumbl.ui.main.MainActivity
03-11 14:16:57.358 18093 18093 I FIAM.Headless: Setting display event component
03-11 14:16:57.358 18093 18093 D FirebaseSessions: App foregrounded on crumbl.cookies
03-11 14:16:57.359 18093 18116 I FIAM.Headless: Forcing fetch from service rather than cache. Test Device: false | App Fresh Install: true
03-11 14:16:57.360  2064  4171 D slpi-TCS3720: ALS_REPORT lux 200.191162, ch0 106.899536-66.095474-37.306213-17.504690, scale 1.1878, fps 90, client 1
03-11 14:16:57.360  2064  4171 D slpi-TCS3720: PRX_OC info Far, Total 0, pdata 0, offset 0 step 0.63, ore 0:0 step 21.00, TH_H 1020, TH_L 0, client 0
03-11 14:16:57.361  7545  7545 I FileStationLog: [ FS_h$a ] - [Display] Changed display: 0
03-11 14:16:57.361  7545  7545 I FileStationLog: [ FS_h ] - [Logic] Retrieved display info: LogicDisplayInfo(width=1080, height=2640, orientation=1, rotation=0, displayId=0)
03-11 14:16:57.361  7545  7545 I FileStationLog: [ FS_h$a ] - [Display] New logical size: 1080x2640
03-11 14:16:57.361  7545  7545 I FileStationLog: [ FS_h$a ] - [Display] Screen width unchanged: 1080
03-11 14:16:57.362 18093 18167 I Braze v29.0.1 .o: Completed the openSession call. Starting or continuing session 1f8172d7-e369-4724-9f68-3af692e66e7d
03-11 14:16:57.365 18093 18199 I FIAM.Headless: Fetching campaigns from service.
03-11 14:16:57.374  2300  2300 I SurfaceFlinger: initiateDisplayModeChanges changing active mode from 0(120.00 Hz:3) to 0(120.00 Hz:3) for display 4630947043778501762
03-11 14:16:57.375  3163  3231 I DisplayDeviceRepository: Display device changed render timings: "Built-in Screen", renderFrameRate=120.00001, presentationDeadlineNanos=13333332, appVsyncOffsetNanos=1000000
03-11 14:16:57.375  3163  3352 D BrightnessThermalClamper: Thermal status observer already started
03-11 14:16:57.376  3163  3229 D CLI/Transition: displaygroup 0, state ON, pendingdisplaygroup -1
03-11 14:16:57.376  3163  3231 D DisplayManagerService: Ignore redundant display event 0/2 to 10416/7870
03-11 14:16:57.376  3163  3231 D DisplayManagerService: Ignore redundant display event 0/2 to 10310/10834
03-11 14:16:57.376  3163  3231 D DisplayManagerService: Ignore redundant display event 0/2 to 10276/11410
03-11 14:16:57.376  3163  3231 D DisplayManagerService: Ignore redundant display event 0/2 to 10608/11774
03-11 14:16:57.380  2067  2174 D AHAL: AudioDevice: SetParameters: 1564: enter: screen_state=on
03-11 14:16:57.380  2067  2174 D AHAL: AudioVoice: VoiceSetParameters: 87: Enter params: screen_state=on
03-11 14:16:57.380  2067  2174 D AHAL: AudioVoice: VoiceSetParameters: 360: Exit ret: 0
03-11 14:16:57.380  2067  2174 D AHAL: FM: fm_set_parameters: 262: Enter
03-11 14:16:57.380  2067  2174 D AHAL: FM: fm_set_parameters: 320: exit
03-11 14:16:57.380  2067  2174 D AHAL: AudioDevice: SetParameters: 1625:  - screen = on
03-11 14:16:57.380  2067  2174 I PAL: ResourceManager: setParameter: 8311: Screen State:1
03-11 14:16:57.380  2067  2174 D AHAL: AudioDevice: SetParameters: 2361: exit: screen_state=on
03-11 14:16:57.382 26976 27604 D MCLOG   : [BrightnessTrigger] onDisplayChanged displayId = 0
03-11 14:16:57.384 26976 27604 D MCLOG   : [BrightnessManager] displayId = 0 brightness = 0.4101815 nit = 109.08397 level = br2
03-11 14:16:57.385  7545  7545 I FileStationLog: [ FS_h$a ] - [Display] Changed display: 0
03-11 14:16:57.385  7545  7545 I FileStationLog: [ FS_h ] - [Logic] Retrieved display info: LogicDisplayInfo(width=1080, height=2640, orientation=1, rotation=0, displayId=0)
03-11 14:16:57.385  7545  7545 I FileStationLog: [ FS_h$a ] - [Display] New logical size: 1080x2640
03-11 14:16:57.385  7545  7545 I FileStationLog: [ FS_h$a ] - [Display] Screen width unchanged: 1080
03-11 14:16:57.389  3163  7471 D CoreBackPreview: Window{fbbab41 u0 Splash Screen crumbl.cookies}: Setting back callback OnBackInvokedCallbackInfo{mCallback=android.window.IOnBackInvokedCallback$Stub$Proxy@912b5cd, mPriority=0, mIsAnimationCallback=false}
03-11 14:16:57.398 18093 18093 W libc    : Access denied finding property "vendor.display.enable_optimal_refresh_rate"
03-11 14:16:57.398 18093 18093 W libc    : Access denied finding property "vendor.gpp.create_frc_extension"
03-11 14:16:57.400  5625  5806 W libc    : Access denied finding property "vendor.display.enable_optimal_refresh_rate"
03-11 14:16:57.401  5625  5806 W libc    : Access denied finding property "vendor.gpp.create_frc_extension"
03-11 14:16:57.415  5625  5625 I FalsingManager: {belief=0.008344028472725251 confidence=1.0}
03-11 14:16:57.419  5625  5640 V WindowManagerShell: onTransitionReady(transaction=13584982061860)
03-11 14:16:57.420  3163  3227 V WindowManager: Sent Transition (#8235) createdAt=03-11 14:16:56.662 via request=TransitionRequestInfo { type = WAKE, triggerTask = null, pipTask = null, remoteTransition = null, displayChange = null, flags = 0, debugId = 8235 }
03-11 14:16:57.421  5625  5669 V WindowManagerShell: onTransitionReady (#8235) android.os.BinderProxy@c9d36bd: {id=8235 t=WAKE f=0x500 trk=0 r=[0@Point(0, 0),1@Point(0, 0)] c=[{WCT{android.window.IWindowContainerToken$Stub$Proxy@d7e9ed4} m=TO_FRONT f=NONE p=WCT{android.window.IWindowContainerToken$Stub$Proxy@f46687d} pTaskId=-1 leash=Surface(name=Task=1626)/@0xa23364b sb=Rect(0, 0 - 1080, 2640) eb=Rect(0, 0 - 1080, 2640) d=0 taskParent=-1},{WCT{android.window.IWindowContainerToken$Stub$Proxy@27ec372} m=TO_FRONT f=NONE leash=Surface(name=DefaultTaskDisplayArea)/@0x48b2828 sb=Rect(0, 0 - 1080, 2640) eb=Rect(0, 0 - 1080, 2640) d=0},{WCT{android.window.IWindowContainerToken$Stub$Proxy@bb223c3} m=CHANGE f=IS_DISPLAY leash=Surface(name=WindowedMagnification:0:31)/@0xc6c7941 sb=Rect(0, 0 - 368, 194) eb=Rect(0, 0 - 368, 194) d=1 r=1->3:-1}]}
03-11 14:16:57.422  3163  3227 V WindowManager:     startWCT=WindowContainerTransaction { changes = {} hops = [] errorCallbackToken=null taskFragmentOrganizer=null }
03-11 14:16:57.422  5625  5669 V WindowManagerShell: Playing animation for (#8235) android.os.BinderProxy@c9d36bd@0
03-11 14:16:57.423  5625  5669 V WindowManagerShell:  try handler com.android.wm.shell.transition.DefaultMixedHandler@3a635b8
03-11 14:16:57.423  5625  5669 V WindowManagerShell:  try handler com.android.wm.shell.keyguard.KeyguardTransitionHandler@6731f91
03-11 14:16:57.423  5625  5669 V WindowManagerShell: start keyguard going-away transition, info = {id=8235 t=WAKE f=0x500 trk=0 r=[0@Point(0, 0),1@Point(0, 0)] c=[{WCT{android.window.IWindowContainerToken$Stub$Proxy@d7e9ed4} m=TO_FRONT f=NONE p=WCT{android.window.IWindowContainerToken$Stub$Proxy@f46687d} pTaskId=-1 leash=Surface(name=Task=1626)/@0xa23364b sb=Rect(0, 0 - 1080, 2640) eb=Rect(0, 0 - 1080, 2640) d=0 taskParent=-1},{WCT{android.window.IWindowContainerToken$Stub$Proxy@27ec372} m=TO_FRONT f=NONE leash=Surface(name=DefaultTaskDisplayArea)/@0x48b2828 sb=Rect(0, 0 - 1080, 2640) eb=Rect(0, 0 - 1080, 2640) d=0},{WCT{android.window.IWindowContainerToken$Stub$Proxy@bb223c3} m=CHANGE f=IS_DISPLAY leash=Surface(name=WindowedMagnification:0:31)/@0xc6c7941 sb=Rect(0, 0 - 368, 194) eb=Rect(0, 0 - 368, 194) d=1 r=1->3:-1}]}
03-11 14:16:57.423  5625  5669 D KeyguardService: Starts IRemoteAnimationRunner: info={id=8235 t=WAKE f=0x500 trk=0 r=[0@Point(0, 0),1@Point(0, 0)] c=[{WCT{android.window.IWindowContainerToken$Stub$Proxy@d7e9ed4} m=TO_FRONT f=NONE p=WCT{android.window.IWindowContainerToken$Stub$Proxy@f46687d} pTaskId=-1 leash=Surface(name=Task=1626)/@0xa23364b sb=Rect(0, 0 - 1080, 2640) eb=Rect(0, 0 - 1080, 2640) d=0 taskParent=-1},{WCT{android.window.IWindowContainerToken$Stub$Proxy@27ec372} m=TO_FRONT f=NONE leash=Surface(name=DefaultTaskDisplayArea)/@0x48b2828 sb=Rect(0, 0 - 1080, 2640) eb=Rect(0, 0 - 1080, 2640) d=0},{WCT{android.window.IWindowContainerToken$Stub$Proxy@bb223c3} m=CHANGE f=IS_DISPLAY leash=Surface(name=WindowedMagnification:0:31)/@0xc6c7941 sb=Rect(0, 0 - 368, 194) eb=Rect(0, 0 - 368, 194) d=1 r=1->3:-1}]}
03-11 14:16:57.425  5625  5669 D KeyguardViewMediator: Exit Animation Start: 
03-11 14:16:57.425  5625  5625 D KeyguardViewMediator: handleStartKeyguardExitAnimation startTime=0 fadeoutDuration=0
03-11 14:16:57.425  5625  5669 V WindowManagerShell:  animated by com.android.wm.shell.keyguard.KeyguardTransitionHandler@6731f91
03-11 14:16:57.425  5625  5625 D KeyguardUnlock: playCannedUnlockAnimation
03-11 14:16:57.425  5625  5625 D KeyguardUnlock: playCannedUnlockAnimation, surfaceBehindEntryAnimator#start
03-11 14:16:57.428  5625  5625 D KeyguardViewMediator: KeyguardViewMediator queue processing message: START_KEYGUARD_EXIT_ANIM
03-11 14:16:57.429  3163  3227 V WindowManager:     info={id=8235 t=WAKE f=0x500 trk=0 r=[0@Point(0, 0),1@Point(0, 0)] c=[
03-11 14:16:57.429  3163  3227 V WindowManager:         {WCT{RemoteToken{569dd27 Task{55e7a86 #1626 type=standard A=10632:crumbl.cookies}}} m=TO_FRONT f=NONE p=WCT{RemoteToken{c670090 DefaultTaskDisplayArea@237120851(displayId=0)}} pTaskId=-1 leash=Surface(name=Task=1626)/@0x119c241 sb=Rect(0, 0 - 1080, 2640) eb=Rect(0, 0 - 1080, 2640) d=0 taskParent=-1},
03-11 14:16:57.429  3163  3227 V WindowManager:         {WCT{RemoteToken{c670090 DefaultTaskDisplayArea@237120851(displayId=0)}} m=TO_FRONT f=NONE leash=Surface(name=DefaultTaskDisplayArea)/@0xc3cff23 sb=Rect(0, 0 - 1080, 2640) eb=Rect(0, 0 - 1080, 2640) d=0},
03-11 14:16:57.429  3163  3227 V WindowManager:         {WCT{RemoteToken{fd63f36 Display{#1 state=OFF size=368x194 ROTATION_270}}} m=CHANGE f=IS_DISPLAY leash=Surface(name=WindowedMagnification:0:31)/@0x9c54d8f sb=Rect(0, 0 - 368, 194) eb=Rect(0, 0 - 368, 194) d=1 r=1->3:-1}
03-11 14:16:57.429  3163  3227 V WindowManager:     ]}
03-11 14:16:57.429  5625  5625 D SCliNotificationListener: onNotificationListUpdate: [com.android.systemui.statusbar.notification.collection.NotificationEntry@895a1ab]
03-11 14:16:57.434  3163  8301 W UserManagerService: Requested status bar icon for non-badged user 0
03-11 14:16:57.443  3163  5235 E MotoSxfService: ModeUsage or ActivityState is null.
03-11 14:16:57.451  5625  5625 W WindowOnBackDispatcher: sendCancelIfRunning: isInProgress=false callback=com.android.systemui.back.domain.interactor.BackActionInteractor$callback$2@ea6953b
03-11 14:16:57.453  3163  7496 D CoreBackPreview: Window{e1d6d9e u0 NotificationShade}: Setting back callback null
03-11 14:16:57.470 18093 18199 I FIAM.Headless: Successfully fetched 0 messages from backend
03-11 14:16:57.472  3163  3249 W MotoBatteryCareService: uid: 10632 pkgName:crumbl.cookies come to foreground
03-11 14:16:57.493  2064  4171 I slpi-mot_tap : Apply inv Z reset: zpeak 4.801901 zmin -7.004170 lim -3.000000 zpeakn 14 zminn 9
03-11 14:16:57.494  2163  2163 D motorola.hardware.sensorext-service: handle id:13 wxh:1088x2640 uwxuh:1080x2640 size: 11489280 fd:11 fd_meta:12 flags:0x4000228 usage:0x33  format:0x1 layer_count: 1 reserved_size = 0
03-11 14:16:57.494  5625  5922 D Surface : Surface::disconnect
03-11 14:16:57.494  5625  5922 D BufferQueueProducer: [Splash Screen crumbl.cookies#97863(BLAST Consumer)pid:5625](id:15f9000010c3,api:1,p:5625,c:5625) disconnect: api 1
03-11 14:16:57.494  2195  2586 I SDM     : HWCSession::SetCWBOutputBuffer: CWB config passed by cwb_client : tappoint 1  CWB_ROI : (210.000000 26.000000 274.000000 90.000000) for display [1 0 0]
03-11 14:16:57.495  2195 19240 I SDM     : HWCDisplay::SetReadbackBuffer: CWB config from client: tap_point 1, CWB ROI Rect(210.000000 26.000000 274.000000 90.000000), PU_as_CWB_ROI 0, Cwb full rect : (0.000000 0.000000 1080.000000 2640.000000)
03-11 14:16:57.495  2195 19240 I SDM     : HWCDisplay::SetReadbackBuffer: Successfully configured the output buffer: readback_buffer_queued_ 1, readback_configured_ 0, cwb_client 3
03-11 14:16:57.495  2195 19240 I SDM     : HWCSession::ProcessRequests: Successfully configured CWB buffer.
03-11 14:16:57.501  2195 19240 I SDM     : HWCSession::ProcessRequests: Pushing release fence in fenece wait queue.
03-11 14:16:57.501  2195 19240 I SDM     : HWCSession::ProcessRequests: Creating AsyncFenceWaits async thread.
03-11 14:16:57.501  2195 19240 I SDM     : HWCSession::ProcessRequests: Remove current CWB request from the pending request queue.
03-11 14:16:57.501  2195 19240 I SDM     : HWCSession::ProcessRequests: No pending cwb requests found in the queue.
03-11 14:16:57.503  5625  5806 W WindowOnBackDispatcher: sendCancelIfRunning: isInProgress=false callback=android.view.ViewRootImpl$$ExternalSyntheticLambda11@e719fd3
03-11 14:16:57.503  3163  6974 D CoreBackPreview: Window{fbbab41 u0 Splash Screen crumbl.cookies EXITING}: Setting back callback null
03-11 14:16:57.505  3163  3233 W BoostOptController: not supported hint: 118
03-11 14:16:57.506  2195  2269 I SDM     : HWDeviceDRM::SetupConcurrentWriteback: Tear down the Concurrent Writeback topology
03-11 14:16:57.507  3163  7471 W InputManager-JNI: Input channel object 'fbbab41 Splash Screen crumbl.cookies (client)' was disposed without first being removed with the input manager!
03-11 14:16:57.517  2195 19241 I SDM     : HWCSession::NotifyCWBStatus: Notify the client about buffer status 0.
03-11 14:16:57.517  2195 19241 I SDM     : HWCSession::PerformFenceWaits: Remove current release fence from the pending fence wait queue.
03-11 14:16:57.517  2195 19241 I SDM     : HWCSession::PerformFenceWaits: CWB fence queue is empty. No pending release fence to wait on.
03-11 14:16:57.523  2163  2163 D SENSOREXT_ALS_COMP: FrontLight: ReportLux 99.94 (200.19-100.25), pre 137.49, dbv 6975, dc 0, fps 90, chPanel 54.32-31.17-20.69-9.29, facCal:lux_s 1.19 cha_s 0.95-0.96-0.89-0.94, RunInfo: DPB 20188-84, TF 20188-0
03-11 14:16:57.564  2064 19010 E sensors-hal: handle_sns_client_event:62, mot_disprot_event: now=182973468998459 ts=182973449859356, type=0, status=3
03-11 14:16:57.635  2163  2163 D motorola.hardware.sensorext-service: handle id:13 wxh:1088x2640 uwxuh:1080x2640 size: 11489280 fd:11 fd_meta:12 flags:0x4000228 usage:0x33  format:0x1 layer_count: 1 reserved_size = 0
03-11 14:16:57.636  2195  2586 I SDM     : HWCSession::SetCWBOutputBuffer: CWB config passed by cwb_client : tappoint 1  CWB_ROI : (210.000000 26.000000 274.000000 90.000000) for display [1 0 0]
03-11 14:16:57.636  2064  4171 D slpi-TCS3720: ALS_REPORT lux 242.705811, ch0 134.023468-84.031044-45.251408-21.472420, scale 1.1878, fps 90, client 1
03-11 14:16:57.636  2064  4171 D slpi-TCS3720: PRX_OC info Far, Total 0, pdata 0, offset 0 step 0.63, ore 0:0 step 21.00, TH_H 1020, TH_L 0, client 0
03-11 14:16:57.637  2195 19244 I SDM     : HWCDisplay::SetReadbackBuffer: CWB config from client: tap_point 1, CWB ROI Rect(210.000000 26.000000 274.000000 90.000000), PU_as_CWB_ROI 0, Cwb full rect : (0.000000 0.000000 1080.000000 2640.000000)
03-11 14:16:57.637  2195 19244 I SDM     : HWCDisplay::SetReadbackBuffer: Successfully configured the output buffer: readback_buffer_queued_ 1, readback_configured_ 0, cwb_client 3
03-11 14:16:57.637  2195 19244 I SDM     : HWCSession::ProcessRequests: Successfully configured CWB buffer.
03-11 14:16:57.642  2195 19244 I SDM     : HWCSession::ProcessRequests: Pushing release fence in fenece wait queue.
03-11 14:16:57.642  2195 19244 I SDM     : HWCSession::ProcessRequests: Creating AsyncFenceWaits async thread.
03-11 14:16:57.642  2195 19244 I SDM     : HWCSession::ProcessRequests: Remove current CWB request from the pending request queue.
03-11 14:16:57.642  2195 19244 I SDM     : HWCSession::ProcessRequests: No pending cwb requests found in the queue.
03-11 14:16:57.650  2195  2269 I SDM     : HWDeviceDRM::SetupConcurrentWriteback: Tear down the Concurrent Writeback topology
03-11 14:16:57.659  2195 19245 I SDM     : HWCSession::NotifyCWBStatus: Notify the client about buffer status 0.
03-11 14:16:57.659  2195 19245 I SDM     : HWCSession::PerformFenceWaits: Remove current release fence from the pending fence wait queue.
03-11 14:16:57.659  2195 19245 I SDM     : HWCSession::PerformFenceWaits: CWB fence queue is empty. No pending release fence to wait on.
03-11 14:16:57.676  2163  2163 D SENSOREXT_ALS_COMP: FrontLight: ReportLux 155.64 (242.71-87.06), pre 99.94, dbv 6975, dc 0, fps 90, chPanel 53.57-34.38-18.27-8.19, facCal:lux_s 1.19 cha_s 0.95-0.96-0.89-0.94, RunInfo: DPB 20189-84, TF 20189-0
03-11 14:16:57.702  5625  5625 D KeyguardUnlock: surfaceBehindEntryAnimator#onAnimationEnd
03-11 14:16:57.702  5625  5625 D KeyguardViewMediator: exitKeyguardAndFinishSurfaceBehindRemoteAnimation
03-11 14:16:57.712  5625  5625 I KeyguardViewMediator: Send broadcast: com.motorola.KEYGUARD_UNLOCKED_SUCCESS mUnlockType=0
03-11 14:16:57.713  3163  3231 D CLI/Keyguard: [onKeyguardLockedStateChanged] isKeyguardLocked=false
03-11 14:16:57.715  6942  6942 D NfcService: MSG_APPLY_SCREEN_STATE 8
03-11 14:16:57.715  3163  3163 D TrustManagerService: refreshDeviceLockedForUser(userId=0, unlockedUser=-10000), secure=false, showingKeyguard=false, trusted=false, biometricAuthenticated=false, currentUserIsUnlocked=false, deviceLocked=false
03-11 14:16:57.716  6942  6942 D NfcService: applyRouting enter
03-11 14:16:57.716  6942  6942 D NfcService: Discovery configuration equal, not updating.
03-11 14:16:57.716  6942  6942 D libnfc_nci: nfcManager_doSetScreenState: state = 8 prevScreenState= 4, discovry_param = 1
03-11 14:16:57.716  2582  8068 D NxpTml  : PN54X - Write requested.....
03-11 14:16:57.716  2582  8068 D NxpTml  : PN54X - Invoking I2C Write.....
03-11 14:16:57.719  2582  8068 D NxpTml  : Write errno : 6b
03-11 14:16:57.719  2582  8068 D NxpTml  : PN54X - Error in I2C Write.....
03-11 14:16:57.719  2582  8068 D NxpTml  : PN54X - Posting Fresh Write message.....
03-11 14:16:57.719  2582  8068 D NxpTml  : PN54X - Tml Writer Thread Running................
03-11 14:16:57.720  2582  8070 D NxpHal  : write error status = 0x1ff
03-11 14:16:57.720  2582  2582 D NxpHal  : write_unlocked failed - PN54X Maybe in Standby Mode - Retry
03-11 14:16:57.726  5625  5962 D KeyguardViewMediator: updateActivityLockScreenState(false, false)
03-11 14:16:57.730  2582  8068 D NxpTml  : PN54X - Write requested.....
03-11 14:16:57.730  2582  8068 D NxpTml  : PN54X - Invoking I2C Write.....
03-11 14:16:57.730  2582  8068 I NxpNciX : len =   4 > 20090100
03-11 14:16:57.730  2582  8068 D NxpTml  : PN54X - I2C Write successful.....
03-11 14:16:57.730  2582  8068 D NxpTml  : PN54X - Posting Fresh Write message.....
03-11 14:16:57.731  2582  8068 D NxpTml  : PN54X - Tml Writer Thread Running................
03-11 14:16:57.731  2582  8070 D NxpHal  : write successful status = 0x0
03-11 14:16:57.732  2582  8059 D NxpTml  : PN54X - I2C Read successful.....
03-11 14:16:57.732  2582  8059 I NxpNciR : len =   4 > 40090100
03-11 14:16:57.732  2582  8059 D NxpTml  : PN54X - Posting read message.....
03-11 14:16:57.732  2582  8070 D NxpHal  : read successful status = 0x0
03-11 14:16:57.732  6942  8007 D libnfc_nci: nfaDeviceManagementCallback: enter; event=0xB
03-11 14:16:57.732  6942  8007 D libnfc_nci: nfaDeviceManagementCallback: NFA_DM_SET_POWER_SUB_STATE_EVT; status=0x0
03-11 14:16:57.733  2582  8059 D NxpTml  : PN54X - Read requested.....
03-11 14:16:57.734  2582  8059 D NxpTml  : PN54X - Invoking I2C Read.....
03-11 14:16:57.734  2582  8068 D NxpTml  : PN54X - Write requested.....
03-11 14:16:57.734  2582  8068 D NxpTml  : PN54X - Invoking I2C Write.....
03-11 14:16:57.734  2582  8068 I NxpNciX : len =   7 > 20020401020101
03-11 14:16:57.734  2582  8068 D NxpTml  : PN54X - I2C Write successful.....
03-11 14:16:57.734  2582  8068 D NxpTml  : PN54X - Posting Fresh Write message.....
03-11 14:16:57.734  2582  8068 D NxpTml  : PN54X - Tml Writer Thread Running................
03-11 14:16:57.735  2582  8070 D NxpHal  : write successful status = 0x0
03-11 14:16:57.736  2582  8059 D NxpTml  : PN54X - I2C Read successful.....
03-11 14:16:57.736  2582  8059 I NxpNciR : len =   5 > 4002020000
03-11 14:16:57.736  2582  8059 D NxpTml  : PN54X - Posting read message.....
03-11 14:16:57.736  2582  8070 D NxpHal  : read successful status = 0x0
03-11 14:16:57.736  2582  8070 D NxpHal  : phNxpNciHal_print_res_status: response status =STATUS_OK
03-11 14:16:57.736  6942  8007 D libnfc_nci: nfaDeviceManagementCallback: enter; event=0x2
03-11 14:16:57.736  6942  8007 D libnfc_nci: nfaDeviceManagementCallback: NFA_DM_SET_CONFIG_EVT
03-11 14:16:57.736  2582  8059 D NxpTml  : PN54X - Read requested.....
03-11 14:16:57.736  2582  8059 D NxpTml  : PN54X - Invoking I2C Read.....
03-11 14:16:57.739  3163  3231 D PanelsService: onKeyguardStateChanged.. isShowing=false
03-11 14:16:57.740  3163  3231 D TouchHwAidlService: onKeyguardStateChanged.. isShowing=false
03-11 14:16:57.740  3163  3231 W ServiceManagerCppClient: Failed to get isDeclared for com.motorola.hardware.display.panel.IDisplayPanel/default: Status(-1, EX_SECURITY): 'SELinux denied.'
03-11 14:16:57.740  3163  3231 D DisplayPanelService: Setting panel dc mode: 0
03-11 14:16:57.740  2090  2090 I DisplayPanel: setDcMode: DC mode = OFF
03-11 14:16:57.741  2090  2090 D DisplayPanel: setParam: Success set DC to 0 for Primary display
03-11 14:16:57.743  3163  8251 W PackageManager: Missing required system package: com.zhiliaoapp.musically, but found with extended search.
03-11 14:16:57.744  3163  8251 W PackageManager: Missing required system package: com.truefinance, but found with extended search.
03-11 14:16:57.744  3163  8251 W PackageManager: Missing required system package: com.instagram.android, but found with extended search.
03-11 14:16:57.744  3163  8251 W PackageManager: Missing required system package: com.alibaba.aliexpresshd, but found with extended search.
03-11 14:16:57.744  3163  8251 W PackageManager: Missing required system package: com.alibaba.aliexpresshd, but found with extended search.
03-11 14:16:57.744  3163  8251 W PackageManager: Missing required system package: ctrip.english, but found with extended search.
03-11 14:16:57.749  5625  5625 D KeyguardViewMediator: onKeyguardExitRemoteAnimationFinished#hideKeyguardViewAfterRemoteAnimation
03-11 14:16:57.752  5625  5942 E FromLockscreenTransitionInteractor: Ignoring startTransition: This interactor asked to transition from LOCKSCREEN -> GONE, but we last transitioned to GONE, not LOCKSCREEN. This should never happen - check currentTransitionInfoInternal or use filterRelevantKeyguardState before starting transitions.
03-11 14:16:57.752  5625  5942 E FromLockscreenTransitionInteractor: This transition would not have been ignored prior to ag/26681239, since we are FINISHED in LOCKSCREEN (but have since started another transition). If ignoring this transition has caused a regression, fix it by ensuring that transitions are exclusively started from the most recently started state.
03-11 14:16:57.754  2064  2064 I sensors-hal: batch:206, com.motorola.sensor.stowed/65568, period=200000000, max_latency=0
03-11 14:16:57.754  2064  2064 I sensors-hal: set_config:61, no need to adjust sample_period_ns due to reporting_mode = 2
03-11 14:16:57.754  2064  2064 I sensors-hal: batch:215, com.motorola.sensor.stowed/65568, period=200000000, max_latency=0 request completed
03-11 14:16:57.755  2064 19010 E sensors-hal: handle_sns_client_event:62, mot_disprot_event: now=182973659657626 ts=182973640389773, type=16, status=3
03-11 14:16:57.756  5625  5625 D CentralSurfaces: !shouldBeKeyguard mStatusBarStateController.isKeyguardRequested() false keyguardForDozing false wakeAndUnlocking false isWakingAndOccluded false
03-11 14:16:57.757  5625  5625 D CentralSurfaces: hideKeyguardImpl false
03-11 14:16:57.757  5625  5625 D SbStateController: setState: requested state SHADE!= upcomingState: KEYGUARD. This usually means the status bar state transition was interrupted before the upcoming state could be applied.
03-11 14:16:57.760  7540 15541 I BatteryCare: [SmartBackground] [DGMC::AccelerateSmartCleanReceiver] action received: android.intent.action.USER_PRESENT
03-11 14:16:57.760  7540 15541 I BatteryCare: [SmartBackground] [DGMC::AccelerateSmartCleanReceiver] user present
03-11 14:16:57.761  7540 15541 W BatteryCare: [SmartBackground] [DGMC::AccelerateSmartCleanReceiver] Enter disableMidNightByScreen, isEnableBySleepMode = false
03-11 14:16:57.761  7540 15541 I BatteryCare: [SmartBackground] [DGMC::AccelerateSmartCleanReceiver] disableMidNightByScreen isSleepMode or isEnableBySleepMode return
03-11 14:16:57.764  3163  7023 W UserManagerService: Requested status bar icon for non-badged user 0
03-11 14:16:57.767  3163  6909 W PackageManager: Missing required system package: com.whatsapp, but found with extended search.
03-11 14:16:57.768  5625  5625 D KeyguardService: Finish IRemoteAnimationRunner.
03-11 14:16:57.769  5625  5669 V WindowManagerShell: Transition animation finished (aborted=false), notifying core (#8235) android.os.BinderProxy@c9d36bd@0
03-11 14:16:57.769  5625  5625 I KeyguardTransitionRepository: FINISHED transition: TransitionStep(from=LOCKSCREEN, to=GONE, value=1.0, transitionState=FINISHED, ownerName=FromLockscreenTransitionInteractor)
03-11 14:16:57.771  5625  5625 D SCliNotificationListener: onNotificationListUpdate: [com.android.systemui.statusbar.notification.collection.GroupEntry@b1e715, com.android.systemui.statusbar.notification.collection.NotificationEntry@ace78cf, com.android.systemui.statusbar.notification.collection.NotificationEntry@3d737db]
03-11 14:16:57.771  5625  5941 D ResourceTrimmer: Sending TRIM_MEMORY_UI_HIDDEN.
03-11 14:16:57.779  3163  3227 V WindowManager: Finish Transition (#8235): created at 03-11 14:16:56.662 collect-started=0.029ms request-sent=0.075ms started=1.974ms ready=686.352ms sent=749.463ms finished=1116.49ms
03-11 14:16:57.781  3163  6909 D CLI/Rotation: Set volume keyswap sysprop for rotation 2 lidState OPEN
03-11 14:16:57.782  3163  8251 W PackageManager: Missing required system package: com.facebook.katana, but found with extended search.
03-11 14:16:57.789  5625  5692 D KeyguardService: setOccluded(false)
03-11 14:16:57.789  5625  5692 D KeyguardViewMediator: setOccluded(false)
03-11 14:16:57.789  5625  5669 V WindowManagerShell: Track 0 became idle
03-11 14:16:57.789  5625  5669 V WindowManagerShell: All active transition animations finished
03-11 14:16:57.792  3163  6974 W PackageManager: Missing required system package: com.instagram.android, but found with extended search.
03-11 14:16:57.792  3163  3231 I DisplayDeviceRepository: Display device changed: DisplayDeviceInfo{"Built-in Screen": uniqueId="local:4630947043778501762", 1080 x 2640, modeId 1, renderFrameRate 120.00001, defaultModeId 1, userPreferredModeId -1, supportedModes [{id=1, width=1080, height=2640, fps=120.00001, vsync=120.00001, synthetic=false, alternativeRefreshRates=[24.000002, 60.000004], supportedHdrTypes=[2, 3, 4]}, {id=2, width=1080, height=2640, fps=144.00002, vsync=144.00002, synthetic=false, alternativeRefreshRates=[], supportedHdrTypes=[2, 3, 4]}, {id=3, width=1080, height=2640, fps=90.0, vsync=90.0, synthetic=false, alternativeRefreshRates=[], supportedHdrTypes=[2, 3, 4]}, {id=4, width=1080, height=2640, fps=60.000004, vsync=60.000004, synthetic=false, alternativeRefreshRates=[24.000002, 120.00001], supportedHdrTypes=[2, 3, 4]}, {id=5, width=1080, height=2640, fps=30.000002, vsync=30.000002, synthetic=false, alternativeRefreshRates=[], supportedHdrTypes=[2, 3, 4]}, {id=6, width=1080, height=2640, fps=24.000002, vsync=24.000002, synthetic=false, alternativeRefreshRates=[60.000004, 120.00001], supportedHdrTypes=[2, 3, 4]}], supportedReadyForModes [], colorMode 0, supportedColorModes [0, 7, 9], hdrCapabilities HdrCapabilities{mSupportedHdrTypes=[2, 3, 4], mMaxLuminance=420.0, mMaxAverageLuminance=210.1615, mMinLuminance=0.323}, allmSupported false, gameContentTypeSupported false, density 420, 397.565 x 435.428 dpi, appVsyncOff 1000000, presDeadline 13333332, cutout DisplayCutout{insets=Rect(0, 108 - 0, 0) waterfall=Insets{left=0, top=0, right=0, bottom=0} boundingRect={Bounds=[Rect(0, 0 - 0, 0), Rect(495, 0 - 585, 108), Rect(0, 0 - 0, 0), Rect(0, 0 - 0, 0)]} cutoutPathParserInfo={CutoutPathParserInfo{displayWidth=1080 displayHeight=2640 physicalDisplayWidth=1080 physicalDisplayHeight=2640 density={2.625} cutoutSpec={M -45,0 L 45,0 L 45,108 L -45,108 Z} rotation={0} scale={1.0} physicalPixelDisplaySizeRatio={1.0}}} sideOverrides={}}, touch INTERNAL, rotation 0, type INTERNAL, address {port=130, model=0x40446dccee101c}, deviceProductInfo DeviceProductInfo{name=, manufacturerPnpId=QCM, productId=1, modelYear=null, manufactureDate=ManufactureDate{week=27, year=2006}, connectionToSinkType=0}, state ON, committedState ON, frameRateOverride {uid=10254 frameRateHz=120.00001} , brightnessMinimum 0.0, brightnessMaximum 1.0, brightnessDefault 0.38188976, hdrSdrRatio 1.0, FLAG_ALLOWED_TO_BE_DEFAULT_DISPLAY, FLAG_ROTATES_WITH_CONTENT, FLAG_SECURE, FLAG_SUPPORTS_PROTECTED_BUFFERS, FLAG_TRUSTED, installOrientation 0, displayShape DisplayShape{ spec=-1962366115 displayWidth=1080 displayHeight=2640 physicalPixelDisplaySizeRatio=1.0 rotation=0 offsetX=0 offsetY=0 scale=1.0}}
03-11 14:16:57.796  5625  6286 W PackageManager: Failure retrieving resources for com.android.systemui: Drawable com.android.systemui:drawable/android15_patch_adaptive with resource ID #0x7f0806a1
03-11 14:16:57.799  3163  6974 W PackageManager: Missing required system package: com.instagram.barcelona, but found with extended search.
03-11 14:16:57.809  5625  6286 W PackageManager: Failure retrieving resources for com.android.systemui: Drawable com.android.systemui:drawable/android15_patch_adaptive with resource ID #0x7f0806a1
03-11 14:16:57.825  5625  5920 D Tile.ScreenshotTile: update state
03-11 14:16:57.829 11449 11449 I OverviewComponentObserver: updateOverviewTargets: mIsHomeDisabled=false, isDefaultHomeNull=false, mIsDefaultHome=true
03-11 14:16:57.830  3163  7496 D FingerprintProvider/defaultHIDL: Starting watchdog for fingerprint
03-11 14:16:57.843  5625  5625 I Channel.Remote: [de8362611079428da312381e6bb8b50c|com.motorola.personalize] Keep channel connection alive false by 4
03-11 14:16:57.846  3163  4298 I ImeTracker: crumbl.cookies:d1f23682: onRequestHide at ORIGIN_SERVER reason HIDE_UNSPECIFIED_WINDOW fromUser false
03-11 14:16:57.846  3163  4298 I ImeTracker: crumbl.cookies:d1f23682: onCancelled at PHASE_SERVER_SHOULD_HIDE
03-11 14:16:57.850 18093 18093 D InsetsController: hide(ime(), fromIme=true)
03-11 14:16:57.851  3163  3229 W BoostOptController: not supported hint: 118
03-11 14:16:57.851  3163  3229 D CLI/Rotation: Set volume keyswap sysprop for rotation 2 lidState OPEN
03-11 14:16:57.852 18093 18093 I ImeTracker: crumbl.cookies:a263a1d5: onRequestHide at ORIGIN_CLIENT reason HIDE_SOFT_INPUT_BY_INSETS_API fromUser false
03-11 14:16:57.853 18093 18093 I ImeTracker: crumbl.cookies:a263a1d5: onCancelled at PHASE_CLIENT_APPLY_ANIMATION
03-11 14:16:57.860  3163  5216 W UserManagerService: Requested status bar icon for non-badged user 0
03-11 14:16:57.862  5625  5625 D KeyguardViewMediator: handleSetOccluded(false)
03-11 14:16:57.862  5625  5625 D KeyguardViewMediator: KeyguardViewMediator queue processing message: SET_OCCLUDED
03-11 14:16:57.862 10834 10834 I GoogleInputMethodService: GoogleInputMethodService.onCreate():612 
03-11 14:16:57.869  3163  7471 W UserManagerService: Requested status bar icon for non-badged user 0
03-11 14:16:57.870 10834 10834 I GoogleInputMethodService: GoogleInputMethodService.onCreate():636 Maybe update OEM display config because of service creation
03-11 14:16:57.871 10834 10834 I DeviceModeModule: DeviceModeModule.calculateAndNotify():224 Device mode 'phone' from display metrics 'DisplayMetrics{density=0.0, width=1080, height=2640, scaledDensity=0.0, xdpi=397.565, ydpi=435.428}' or smallestScreenWidthDp: 411
03-11 14:16:57.871  3163  5216 W UserManagerService: Requested status bar icon for non-badged user 0
03-11 14:16:57.871 10834 10834 I WindowMetricsNotification: WindowMetricsNotification.notify():159 pup[bounds=Rect(0, 108 - 1080, 2640), insets=Rect(0, 0 - 0, 0), densityDpi=420, smallestScreenWidthDp=411, displayWidth=1080, displayHeight=2640, xdpi=397.565, ydpi=435.428, isTrustable=true, displayId=0]; DisplayMetrics{density=2.625, width=1080, height=2640, scaledDensity=2.625, xdpi=397.565, ydpi=435.428}
03-11 14:16:57.872 10834 10834 I WindowMetricsHelper: WindowMetricsHelper.predictAndNotify():145 Window metrics predicted.
03-11 14:16:57.872 10834 10834 I InputMethodEntryManager: InputMethodEntryManager.notifyCurrentInputMethodEntryOnContextChanged():545 notifyCurrentInputMethodEntryOnContextChanged()
03-11 14:16:57.872 10834 10834 I InputMethodEntryManager: InputMethodEntryManager.notifyCurrentInputMethodEntryOnContextChanged():566 Notify current input method entry changed on context change
03-11 14:16:57.873 10834 10834 I KeyboardContextProvider: KeyboardContextProvider.setBaseContextAndInvalidKeyboardContextCache():88 setBaseContextAndInvalidKeyboardContextCache(): com.android.inputmethod.latin.LatinIME@e249979
03-11 14:16:57.874 10834 10834 E GoogleInputMethodService: GoogleInputMethodService.getAppEditorInfo():1875 App EditorInfo should never be null.
03-11 14:16:57.876 10834 10834 I KeyboardThemeProvider: KeyboardThemeProvider.applyKeyboardTheme():27 Apply keyboard theme: theme,!gsf,!pgsans,!pgsf,!use_system_font,BORDER,FLAVOR_DPI=XXHDPI,GOOGLE_ICONS,KEYBOARD_WIDTH_CATEGORY=NORMAL,KEY_BORDER_SHAPE=1,LIGHT_THEME=false,PHYSICAL_DIAGONAL=6.5540767,POPUP,SCREEN_SHORTEST_WIDTH=411,SCREEN_SHORTEST_WIDTH_NO_SCALE=411,SW400DP,XXHDPI,bottom4dp,enable_google_fonts_icons=true,enable_popup_on_keypress=true,keyboard_redesign_google_sans=true,non_linear_scale,noshadow,overlay_builtin_dynamic_color_dark_base.binarypb:gm3-dark-ff0f1417-ff81cfff-a0bba153472d40c3fd5169df1c3927bf,silkpopup
03-11 14:16:57.876 10834 10834 I KeyboardContextProvider: KeyboardContextProvider$KeyboardContextCache.createKeyboardContext():173 createKeyboardContext(): en-US, lew@2eafdb3(com.android.inputmethod.latin.LatinIME@e249979), {1.0 ?mcc0mnc [en_US] ldltr sw411dp w411dp h1006dp 420dpi nrml long layoutCompatNeeded port night finger -keyb/v/h -nav/h winConfig={ mBounds=Rect(0, 0 - 1080, 2640) mAppBounds=Rect(0, 0 - 1080, 2640) mMaxBounds=Rect(0, 0 - 1080, 2640) mDisplayRotation=ROTATION_0 mWindowingMode=fullscreen mActivityType=undefined mAlwaysOnTop=undefined mRotation=ROTATION_0} as.2 s.35 fontWeightAdjustment=0 ?spn ?gid}
03-11 14:16:57.876 10834 10834 I GoogleInputMethodService: GoogleInputMethodService.onCurrentInputMethodEntryChanged():2345 onCurrentInputMethodEntryChanged(): imeDefsChanged=false, entryLanguageVariantChanged=true, keyboardContextChanged=true
03-11 14:16:57.876 10834 10834 I GoogleInputMethodService: GoogleInputMethodService.clearInputMethodServiceData():1030 clearInputMethodServiceData for entryChange
03-11 14:16:57.876 10834 10834 I GoogleInputMethodService: GoogleInputMethodService.initializeInputMethodServiceData():854 initializeInputMethodServiceData for mff{languageTag=en-US, variant=qwerty, hasLocalizedResources=true, conditionCacheKey=_android_software_xr_api_spatial=false_app_first_start_timestamp=1696477746690_cache_additional_ime_defs_for_condition_change=false_cache_ime_defs_for_condition_change=false_deprecate_long_press_space_for_ime_picker=false_device=phone_device_size=default_enable_correction_settings_updates=true_enable_flick_symbols=true_enable_more_candidates_view_for_multilingual=false_enable_number_row=false_enable_number_row_in_password=true_enable_pk_simulator=false_enable_pk_simulator_setting=false_enable_preemptive_decode=true_enable_scrub_move=true_enable_secondary_digits=true_enable_secondary_symbols=false_expressions=normal_four_or_more_letter_rows=false_keyboard_mode=normal_language=en-US_layout_9key_split=false_orientation=portrait_physical_keyboard=nokeys_pk_simulator_vk_ready=false_pref_enable_flick_symbols=false_rtl_layout=false_show_comma_key=true_show_period_key=true_show_secondary_digits=true_show_suggestion_strip=true_show_suggestions=true_split_with_duplicate_keys=true_true=true_variant=qwerty_writing_helper_enable_by_word_revert=false, imeDef.stringId=ime_english_united_states, imeDef.className=com.google.android.apps.inputmethod.libs.latin5.LatinIme, imeDef.languageTag=en-US}
03-11 14:16:57.876 10834 10834 E GoogleInputMethodService: GoogleInputMethodService.getAppEditorInfo():1875 App EditorInfo should never be null.
03-11 14:16:57.878 10834 10834 I KeyboardThemeProvider: KeyboardThemeProvider.applyKeyboardTheme():27 Apply keyboard theme: theme,!gsf,!pgsans,!pgsf,!use_system_font,BORDER,FLAVOR_DPI=XXHDPI,GOOGLE_ICONS,KEYBOARD_WIDTH_CATEGORY=NORMAL,KEY_BORDER_SHAPE=1,LIGHT_THEME=false,PHYSICAL_DIAGONAL=6.5540767,POPUP,SCREEN_SHORTEST_WIDTH=411,SCREEN_SHORTEST_WIDTH_NO_SCALE=411,SW400DP,XXHDPI,bottom4dp,enable_google_fonts_icons=true,enable_popup_on_keypress=true,keyboard_redesign_google_sans=true,non_linear_scale,noshadow,overlay_builtin_dynamic_color_dark_base.binarypb:gm3-dark-ff0f1417-ff81cfff-a0bba153472d40c3fd5169df1c3927bf,silkpopup
03-11 14:16:57.879 10834 10834 I AndroidIME: InputBundleManager.loadActiveInputBundleId():528 loadActiveInputBundleId: und-Latn-x-password, password
03-11 14:16:57.879 10834 10834 I HardKeyTracker: HardKeyTracker.registerKeySequence():170 Register key sequence nul{labelResId=2132020475, callback=cnx@4781c1e, lastModifier=2, keyCodes=[47], actions=[0]}
03-11 14:16:57.879 10834 10834 I HardKeyTracker: HardKeyTracker.registerKeySequence():170 Register key sequence nul{labelResId=0, callback=lkj@f3c1115, lastModifier=0, keyCodes=[204], actions=[0]}
03-11 14:16:57.880  3163  7471 D SystemServerTiming: getUserSwitchability-0
03-11 14:16:57.880  3163  7471 D SystemServerTiming: TM.isInCall
03-11 14:16:57.881  3163  7471 D SystemServerTiming: hasUserRestriction-DISALLOW_USER_SWITCH
03-11 14:16:57.881  3163  7471 D SystemServerTiming: getInt-ALLOW_USER_SWITCHING_WHEN_SYSTEM_USER_LOCKED
03-11 14:16:57.881  3163  7471 D SystemServerTiming: isUserUnlocked-USER_SYSTEM
03-11 14:16:57.882 10834 10834 I Module  : DeviceLockedStatusModuleProvider$Module.updateDeviceLockedStatus():103 repeatCheckTimes = 0, locked = false
03-11 14:16:57.882 10834 15609 I NewS3RecognizerModule: NewS3RecognizerModule.onCreate():21 onCreate [news3]
03-11 14:16:57.882 10834 10834 I PersonalizeTopBarHandler: PersonalizeTopBarHandler.loadPersonalizedAccessPoints():110 Load remained access points null
03-11 14:16:57.883 10834 10834 I UniversalDictationExtension: UniversalDictationExtension.onCreateExtension():66 onCreate [UD]
03-11 14:16:57.884 10834 10996 I InputActionMetricsProcessor: InputActionMetricsProcessor.onAttached():104 Attached to metrics manager.
