03-11 14:20:56.365  3163  6974 W PackageManager: Missing required system package: com.dutchbros.loyalty, but found with extended search.
03-11 14:20:56.365  3163  6974 W PackageManager: Missing required system package: com.dunkinbrands.otgo, but found with extended search.
03-11 14:20:56.365  3163  6974 W PackageManager: Missing required system package: com.duckduckgo.mobile.android, but found with extended search.
03-11 14:20:56.365  3163  6974 W PackageManager: Missing required system package: com.doordash.driverapp, but found with extended search.
03-11 14:20:56.365  3163  6974 W PackageManager: Missing required system package: com.dominospizza, but found with extended search.
03-11 14:20:56.365  3163  6974 W PackageManager: Missing required system package: com.divvypay.Divvy, but found with extended search.
03-11 14:20:56.365  3163  6974 W PackageManager: Missing required system package: com.disney.disneystore_goo, but found with extended search.
03-11 14:20:56.365  3163  6974 W PackageManager: Missing required system package: com.dd.doordash, but found with extended search.
03-11 14:20:56.365  3163  6974 W PackageManager: Missing required system package: com.dayspringtech.envelopes, but found with extended search.
03-11 14:20:56.365  3163  6974 W PackageManager: Missing required system package: com.coulombtech, but found with extended search.
03-11 14:20:56.365  3163  6974 W PackageManager: Missing required system package: com.costco.app.android, but found with extended search.
03-11 14:20:56.365  3163  6974 W PackageManager: Missing required system package: com.contextlogic.wish, but found with extended search.
03-11 14:20:56.365  3163  6974 W PackageManager: Missing required system package: com.coinbase.android, but found with extended search.
03-11 14:20:56.365  3163  6974 W PackageManager: Missing required system package: com.cnn.mobile.android.phone, but found with extended search.
03-11 14:20:56.365  3163  6974 W PackageManager: Missing required system package: com.clubhouse.app, but found with extended search.
03-11 14:20:56.365  3163  6974 W PackageManager: Missing required system package: com.citymapper.app.release, but found with extended search.
03-11 14:20:56.365  3163  6974 W PackageManager: Missing required system package: com.citi.citimobile, but found with extended search.
03-11 14:20:56.365  3163  6974 W PackageManager: Missing required system package: com.chipotle.ordering, but found with extended search.
03-11 14:20:56.365  3163  6974 W PackageManager: Missing required system package: com.chickfila.cfaflagship, but found with extended search.
03-11 14:20:56.366  3163  6974 W PackageManager: Missing required system package: com.checkitt, but found with extended search.
03-11 14:20:56.366  3163  6974 W PackageManager: Missing required system package: com.chase.sig.android, but found with extended search.
03-11 14:20:56.366  3163  6974 W PackageManager: Missing required system package: com.buxfer.app, but found with extended search.
03-11 14:20:56.366  3163  6974 W PackageManager: Missing required system package: com.buffalowildwings.blazinrewards, but found with extended search.
03-11 14:20:56.366  3163  6974 W PackageManager: Missing required system package: com.bp.app.bpme.global.ros, but found with extended search.
03-11 14:20:56.366  3163  6974 W PackageManager: Missing required system package: com.booking, but found with extended search.
03-11 14:20:56.366  3163  6974 W PackageManager: Missing required system package: com.bigbasket.mobileapp, but found with extended search.
03-11 14:20:56.366  3163  6974 W PackageManager: Missing required system package: com.bhphoto, but found with extended search.
03-11 14:20:56.366  3163  6974 W PackageManager: Missing required system package: com.bestbuy.android, but found with extended search.
03-11 14:20:56.366  3163  6974 W PackageManager: Missing required system package: com.autonavi.minimap, but found with extended search.
03-11 14:20:56.366  3163  6974 W PackageManager: Missing required system package: com.app.tgtg, but found with extended search.
03-11 14:20:56.366  3163  6974 W PackageManager: Missing required system package: com.amazon.mShop.android.shopping, but found with extended search.
03-11 14:20:56.366  3163  6974 W PackageManager: Missing required system package: com.alibaba.aliexpresshd, but found with extended search.
03-11 14:20:56.366  3163  6974 W PackageManager: Missing required system package: com.adidas.app, but found with extended search.
03-11 14:20:56.366  3163  6974 W PackageManager: Missing required system package: com.acorns.early, but found with extended search.
03-11 14:20:56.366  3163  6974 W PackageManager: Missing required system package: com.acorns.android, but found with extended search.
03-11 14:20:56.366  3163  6974 W PackageManager: Missing required system package: com.Splitwise.SplitwiseMobile, but found with extended search.
03-11 14:20:56.366  3163  6974 W PackageManager: Missing required system package: app.simple.com, but found with extended search.
03-11 14:20:56.366  3163  6974 W PackageManager: Missing required system package: app.organicmaps, but found with extended search.
03-11 14:20:56.366  3163  6974 W PackageManager: Missing required system package: tv.pluto.android, but found with extended search.
03-11 14:20:56.366  3163  6974 W PackageManager: Missing required system package: net.sharewire.parkmobilev2, but found with extended search.
03-11 14:20:56.366  3163  6974 W PackageManager: Missing required system package: digit.android, but found with extended search.
03-11 14:20:56.366  3163  6974 W PackageManager: Missing required system package: com.walmart.android, but found with extended search.
03-11 14:20:56.366  3163  6974 W PackageManager: Missing required system package: com.uniqlo.usa.catalogue, but found with extended search.
03-11 14:20:56.366  3163  6974 W PackageManager: Missing required system package: com.ubercab.eats, but found with extended search.
03-11 14:20:56.366  3163  6974 W PackageManager: Missing required system package: com.tubitv, but found with extended search.
03-11 14:20:56.367  3163  6974 W PackageManager: Missing required system package: com.thetransitapp.droid, but found with extended search.
03-11 14:20:56.367  3163  6974 W PackageManager: Missing required system package: com.thehomedepot, but found with extended search.
03-11 14:20:56.368  3163  6974 W PackageManager: Missing required system package: com.target.ui, but found with extended search.
03-11 14:20:56.368  3163  6974 W PackageManager: Missing required system package: com.starbucks.mobilecard, but found with extended search.
03-11 14:20:56.368  3163  6974 W PackageManager: Missing required system package: com.squareup.cash, but found with extended search.
03-11 14:20:56.368  3163  6974 W PackageManager: Missing required system package: com.snapdeal.main, but found with extended search.
03-11 14:20:56.368  3163  6974 W PackageManager: Missing required system package: com.shopify.arrive, but found with extended search.
03-11 14:20:56.368  3163  6974 W PackageManager: Missing required system package: com.rfi.sams.android, but found with extended search.
03-11 14:20:56.368  3163  6974 W PackageManager: Missing required system package: com.remitly.androidapp, but found with extended search.
03-11 14:20:56.368  3163  6974 W PackageManager: Missing required system package: com.qapital, but found with extended search.
03-11 14:20:56.368  3163  6974 W PackageManager: Missing required system package: com.paypal.android.p2pmobile, but found with extended search.
03-11 14:20:56.368  3163  6974 W PackageManager: Missing required system package: com.overstock, but found with extended search.
03-11 14:20:56.368  3163  6974 W PackageManager: Missing required system package: com.opera.browser, but found with extended search.
03-11 14:20:56.368  3163  6974 W PackageManager: Missing required system package: com.nytimes.android, but found with extended search.
03-11 14:20:56.368  3163  6974 W PackageManager: Missing required system package: com.nordstrom.app, but found with extended search.
03-11 14:20:56.368  3163  6974 W PackageManager: Missing required system package: com.nextdoor, but found with extended search.
03-11 14:20:56.368  3163  6974 W PackageManager: Missing required system package: com.infonow.bofa, but found with extended search.
03-11 14:20:56.368  3163  6974 W PackageManager: Missing required system package: com.here.app.maps, but found with extended search.
03-11 14:20:56.368  3163  6974 W PackageManager: Missing required system package: com.google.android.apps.walletnfcrel, but found with extended search.
03-11 14:20:56.368  3163  6974 W PackageManager: Missing required system package: com.google.android.apps.magazines, but found with extended search.
03-11 14:20:56.368  3163  6974 W PackageManager: Missing required system package: com.google.android.apps.docs.editors.slides, but found with extended search.
03-11 14:20:56.368  3163  6974 W PackageManager: Missing required system package: com.google.android.apps.docs.editors.sheets, but found with extended search.
03-11 14:20:56.368  3163  6974 W PackageManager: Missing required system package: com.google.android.apps.docs.editors.docs, but found with extended search.
03-11 14:20:56.368  3163  6974 W PackageManager: Missing required system package: com.fusionmedia.investing, but found with extended search.
03-11 14:20:56.368  3163  6974 W PackageManager: Missing required system package: com.fidelity.android, but found with extended search.
03-11 14:20:56.368  3163  6974 W PackageManager: Missing required system package: com.expedia.bookings, but found with extended search.
03-11 14:20:56.368  3163  6974 W PackageManager: Missing required system package: com.depop, but found with extended search.
03-11 14:20:56.368  3163  6974 W PackageManager: Missing required system package: com.creditkarma.mobile, but found with extended search.
03-11 14:20:56.368  3163  6974 W PackageManager: Missing required system package: co.tapcart.app.id_CeeweiHh1L, but found with extended search.
03-11 14:20:56.377  5625  5928 D KeyguardTransitionRepository: (Internal) Setting current transition info: TransitionInfo(ownerName=FromDozingTransitionInteractor, from=DOZING, to=LOCKSCREEN, animated)
03-11 14:20:56.377  5625  5625 I KeyguardTransitionRepository: Transition still active: TransitionStep(from=GONE, to=DOZING, value=0.96677387, transitionState=RUNNING, ownerName=FromGoneTransitionInteractor(Sleep transition triggered)), canceling
03-11 14:20:56.377  5625  5625 I KeyguardTransitionRepository: CANCELED transition: TransitionStep(from=GONE, to=DOZING, value=0.96677387, transitionState=CANCELED, ownerName=FromGoneTransitionInteractor(Sleep transition triggered))
03-11 14:20:56.377  5625  5625 I KeyguardTransitionRepository: STARTED transition: TransitionStep(from=DOZING, to=LOCKSCREEN, value=0.96677387, transitionState=STARTED, ownerName=FromDozingTransitionInteractor)
03-11 14:20:56.390 10834 10847 W SP      : File ref is being finalized but wasn't closed, file: 7a635888cb828dfa2fc744b7b9b50f04[563]
03-11 14:20:56.392 23613 23613 E ThermalEngine: Unable to change to /sys/devices/soc/
03-11 14:20:56.392 23613 23613 E ThermalEngine: bcl_setup: Unexpected node error
03-11 14:20:56.392 23613 23613 E ThermalEngine: add_tgt_sensor: bcl sensor setup failed failed.
03-11 14:20:56.392 23613 23613 E ThermalEngine: add_tgt_sensors_set_optional: Error adding bcl
03-11 14:20:56.393 10834 10847 W SP      : File ref is being finalized but wasn't closed, file: 2020031023_en[1353]
03-11 14:20:56.394 10834 10847 W SP      : File ref is being finalized but wasn't closed, file: 2020031023_en[1353]
03-11 14:20:56.394 10834 10847 W SP      : File ref is being finalized but wasn't closed, file: 2020031023_en[1353]
03-11 14:20:56.394 10834 10847 W SP      : File ref is being finalized but wasn't closed, file: 2020031023_en[1353]
03-11 14:20:56.394 23613 23613 E ThermalEngine: sysfs_setup: report: path /sys/class/power_supply/battery/capacity
03-11 14:20:56.394 23613 23613 E ThermalEngine: sysfs_setup: opening /sys/class/power_supply/battery/capacity
03-11 14:20:56.394 23613 23613 E ThermalEngine: sysfs_setup: found sensor cluster0: cluster id = 0
03-11 14:20:56.394 23613 23613 E ThermalEngine: sysfs_setup: found sensor cluster1: cluster id = 1
03-11 14:20:56.395 23613 23613 E ThermalEngine: sysfs_setup: report: path /sys/class/power_supply/battery/charge_rate
03-11 14:20:56.395 23613 23613 E ThermalEngine: sysfs_setup: opening /sys/class/power_supply/battery/charge_rate
03-11 14:20:56.396 23613 23613 E ThermalEngine: sysfs_setup: report: path /proc/loadavg
03-11 14:20:56.396 23613 23613 E ThermalEngine: sysfs_setup: opening /proc/loadavg
03-11 14:20:56.396 23613 23613 E ThermalEngine: sysfs_setup: report: path /proc/stat
03-11 14:20:56.396 23613 23613 E ThermalEngine: sysfs_setup: opening /proc/stat
03-11 14:20:56.396 23613 23613 E ThermalEngine: sysfs_setup: report: path /sys/class/power_supply/battery/capacity
03-11 14:20:56.397 23613 23613 E ThermalEngine: sysfs_setup: opening /sys/class/power_supply/battery/capacity
03-11 14:20:56.397 23613 23613 E ThermalEngine: sysfs_setup: report: path /sys/class/backlight/panel0-backlight/brightness
03-11 14:20:56.397 23613 23613 E ThermalEngine: sysfs_setup: opening /sys/class/backlight/panel0-backlight/brightness
03-11 14:20:56.397 23613 23613 E ThermalEngine: sysfs_setup: report: path /proc/stat
03-11 14:20:56.397 23613 23613 E ThermalEngine: sysfs_setup: opening /proc/stat
03-11 14:20:56.397 23613 23613 E ThermalEngine: sysfs_setup: report: path /sys/class/backlight/panel0-backlight/brightness
03-11 14:20:56.397 23613 23613 E ThermalEngine: sysfs_setup: opening /sys/class/backlight/panel0-backlight/brightness
03-11 14:20:56.397 23613 23613 E ThermalEngine: sysfs_setup: report: path /proc/loadavg
03-11 14:20:56.397 23613 23613 E ThermalEngine: sysfs_setup: opening /proc/loadavg
03-11 14:20:56.397 23613 23613 E ThermalEngine: sysfs_setup: report: path /sys/class/power_supply/wireless/online
03-11 14:20:56.397 23613 23613 E ThermalEngine: sysfs_setup: opening /sys/class/power_supply/wireless/online
03-11 14:20:56.397 23613 23613 E ThermalEngine: No hwmon device found in the kernel for sensor tmp108
03-11 14:20:56.397 23613 23613 E ThermalEngine: add_tgt_sensor: tmp108 sensor setup failed failed.
03-11 14:20:56.397 23613 23613 E ThermalEngine: add_tgt_sensors_set_optional: Error adding tmp108
03-11 14:20:56.397 23613 23613 E ThermalEngine: No hwmon device found in the kernel for sensor msm_tmp108
03-11 14:20:56.397 23613 23613 E ThermalEngine: add_tgt_sensor: msm_tmp108 sensor setup failed failed.
03-11 14:20:56.397 23613 23613 E ThermalEngine: add_tgt_sensors_set_optional: Error adding msm_tmp108
03-11 14:20:56.398 23613 23613 E ThermalEngine: No hwmon device found in the kernel for sensor quiet_tmp108
03-11 14:20:56.398 23613 23613 E ThermalEngine: add_tgt_sensor: quiet_tmp108 sensor setup failed failed.
03-11 14:20:56.398 23613 23613 E ThermalEngine: add_tgt_sensors_set_optional: Error adding quiet_tmp108
03-11 14:20:56.398 23613 23613 I ThermalEngine: Loading config file for virtual sensor
03-11 14:20:56.398 23613 23613 I ThermalEngine: Loading configuration file /vendor/etc/thermal-engine-lynkco.conf
03-11 14:20:56.398 23613 23613 I ThermalEngine: Parsing section global
03-11 14:20:56.398 23613 23613 I ThermalEngine: Created section 'FRONT_TEMP'
03-11 14:20:56.398 23613 23613 I ThermalEngine: Algo Type 'virtual'
03-11 14:20:56.398 23613 23613 I ThermalEngine: Parsing section FRONT_TEMP
03-11 14:20:56.398 23613 23613 I ThermalEngine: Found field 'trip_sensor'
03-11 14:20:56.398 23613 23613 I ThermalEngine: Found field 'thresholds'
03-11 14:20:56.398 23613 23613 I ThermalEngine: Found field 'thresholds_clr'
03-11 14:20:56.398 23613 23613 I ThermalEngine: Found field 'sensors'
03-11 14:20:56.398 23613 23613 I ThermalEngine: Found field 'weights'
03-11 14:20:56.398 23613 23613 I ThermalEngine: Found field 'offsets'
03-11 14:20:56.398 23613 23613 I ThermalEngine: Found field 'sampling'
03-11 14:20:56.398 23613 23613 I ThermalEngine: Found field 'math'
03-11 14:20:56.398 23613 23613 I ThermalEngine: Found field 'sys_temp'
03-11 14:20:56.398 23613 23613 I ThermalEngine: Created section 'BACK_TEMP'
03-11 14:20:56.398 23613 23613 I ThermalEngine: Algo Type 'virtual'
03-11 14:20:56.398 23613 23613 I ThermalEngine: Parsing section BACK_TEMP
03-11 14:20:56.398 23613 23613 I ThermalEngine: Found field 'trip_sensor'
03-11 14:20:56.398 23613 23613 I ThermalEngine: Found field 'thresholds'
03-11 14:20:56.398 23613 23613 I ThermalEngine: Found field 'thresholds_clr'
03-11 14:20:56.398 23613 23613 I ThermalEngine: Found field 'sensors'
03-11 14:20:56.398 23613 23613 I ThermalEngine: Found field 'weights'
03-11 14:20:56.398 23613 23613 I ThermalEngine: Found field 'offsets'
03-11 14:20:56.398 23613 23613 I ThermalEngine: Found field 'sampling'
03-11 14:20:56.398 23613 23613 I ThermalEngine: Found field 'math'
03-11 14:20:56.398 23613 23613 I ThermalEngine: Found field 'sys_temp'
03-11 14:20:56.398 23613 23613 I ThermalEngine: Created section 'FUSE_TEMP'
03-11 14:20:56.398 23613 23613 I ThermalEngine: Algo Type 'virtual'
03-11 14:20:56.398 23613 23613 I ThermalEngine: Parsing section FUSE_TEMP
03-11 14:20:56.398 23613 23613 I ThermalEngine: Found field 'trip_sensor'
03-11 14:20:56.398 23613 23613 I ThermalEngine: Found field 'thresholds'
03-11 14:20:56.398 23613 23613 I ThermalEngine: Found field 'thresholds_clr'
03-11 14:20:56.398 23613 23613 I ThermalEngine: Found field 'sensors'
03-11 14:20:56.398 23613 23613 I ThermalEngine: Found field 'weights'
03-11 14:20:56.398 23613 23613 I ThermalEngine: Found field 'offsets'
03-11 14:20:56.398 23613 23613 I ThermalEngine: Found field 'sampling'
03-11 14:20:56.398 23613 23613 I ThermalEngine: Found field 'math'
03-11 14:20:56.398 23613 23613 I ThermalEngine: Found field 'sys_temp'
03-11 14:20:56.398 23613 23613 I ThermalEngine: Created section 'BCHG_TEMP'
03-11 14:20:56.398 23613 23613 I ThermalEngine: Algo Type 'virtual'
03-11 14:20:56.398 23613 23613 I ThermalEngine: Parsing section BCHG_TEMP
03-11 14:20:56.398 23613 23613 I ThermalEngine: Found field 'trip_sensor'
03-11 14:20:56.398 23613 23613 I ThermalEngine: Found field 'thresholds'
03-11 14:20:56.398 23613 23613 I ThermalEngine: Found field 'thresholds_clr'
03-11 14:20:56.398 23613 23613 I ThermalEngine: Found field 'sensors'
03-11 14:20:56.398 23613 23613 I ThermalEngine: Found field 'weights'
03-11 14:20:56.398 23613 23613 I ThermalEngine: Found field 'offsets'
03-11 14:20:56.398 23613 23613 I ThermalEngine: Found field 'sampling'
03-11 14:20:56.398 23613 23613 I ThermalEngine: Found field 'math'
03-11 14:20:56.398 23613 23613 I ThermalEngine: Created section 'FRONT_MDM'
03-11 14:20:56.398 23613 23613 I ThermalEngine: Algo Type 'virtual'
03-11 14:20:56.398 23613 23613 I ThermalEngine: Parsing section FRONT_MDM
03-11 14:20:56.398 23613 23613 I ThermalEngine: Found field 'sensors'
03-11 14:20:56.398 23613 23613 I ThermalEngine: Found field 'weights'
03-11 14:20:56.398 23613 23613 I ThermalEngine: Found field 'trip_sensor'
03-11 14:20:56.398 23613 23613 I ThermalEngine: Found field 'trip_sensor_logic'
03-11 14:20:56.398 23613 23613 I ThermalEngine: Found field 'thresholds'
03-11 14:20:56.398 23613 23613 I ThermalEngine: Found field 'thresholds_clr'
03-11 14:20:56.398 23613 23613 I ThermalEngine: Found field 'offsets'
03-11 14:20:56.398 23613 23613 I ThermalEngine: Found field 'sampling'
03-11 14:20:56.398 23613 23613 I ThermalEngine: Found field 'math'
03-11 14:20:56.398 23613 23613 I ThermalEngine: Created section 'DETECT-STANDBY'
03-11 14:20:56.398 23613 23613 I ThermalEngine: Algo Type 'virtual'
03-11 14:20:56.398 23613 23613 I ThermalEngine: Parsing section DETECT-STANDBY
03-11 14:20:56.398 23613 23613 I ThermalEngine: Found field 'trip_sensor'
03-11 14:20:56.398 23613 23613 I ThermalEngine: Found field 'thresholds'
03-11 14:20:56.398 23613 23613 I ThermalEngine: Found field 'thresholds_clr'
03-11 14:20:56.398 23613 23613 I ThermalEngine: Found field 'sensors'
03-11 14:20:56.398 23613 23613 I ThermalEngine: Found field 'weights'
03-11 14:20:56.398 23613 23613 I ThermalEngine: Found field 'sampling'
03-11 14:20:56.398 23613 23613 I ThermalEngine: Found field 'math'
03-11 14:20:56.398 23613 23613 I ThermalEngine: Found field 'less_than'
03-11 14:20:56.398 23613 23613 I ThermalEngine: Created section 'DETECT-WLS'
03-11 14:20:56.398 23613 23613 I ThermalEngine: Algo Type 'virtual'
03-11 14:20:56.399 23613 23613 I ThermalEngine: Parsing section DETECT-WLS
03-11 14:20:56.399 23613 23613 I ThermalEngine: Found field 'trip_sensor'
03-11 14:20:56.399 23613 23613 I ThermalEngine: Found field 'thresholds'
03-11 14:20:56.399 23613 23613 I ThermalEngine: Found field 'thresholds_clr'
03-11 14:20:56.399 23613 23613 I ThermalEngine: Found field 'sensors'
03-11 14:20:56.399 23613 23613 I ThermalEngine: Found field 'sampling'
03-11 14:20:56.399 23613 23613 I ThermalEngine: Found field 'math'
03-11 14:20:56.399 23613 23613 I ThermalEngine: [VIRTUAL-FAIL-SAFE-TJ]
03-11 14:20:56.399 23613 23613 I ThermalEngine: #algo_type virtual
03-11 14:20:56.399 23613 23613 I ThermalEngine: sensors nspss-0 nspss-1 nspss-2 gpuss-0 gpuss-1 camera-0 camera-1 mdmss-0 mdmss-1 mdmss-2 mdmss-3 video
03-11 14:20:56.399 23613 23613 I ThermalEngine: weights
03-11 14:20:56.399 23613 23613 I ThermalEngine: trip_sensor nspss-0 nspss-1 nspss-2 gpuss-0 gpuss-1 camera-0 camera-1 mdmss-0 mdmss-1 mdmss-2 mdmss-3 video
03-11 14:20:56.399 23613 23613 I ThermalEngine: trip_sensor_logic || || || || || || || || || || ||
03-11 14:20:56.399 23613 23613 I ThermalEngine: thresholds 100000 100000 100000 100000 100000 100000 100000 100000 100000 100000 100000 100000
03-11 14:20:56.399 23613 23613 I ThermalEngine: thresholds_clr 90000 90000 90000 90000 90000 90000 90000 90000 90000 90000 90000 90000
03-11 14:20:56.399 23613 23613 I ThermalEngine: offsets
03-11 14:20:56.399 23613 23613 I ThermalEngine: sampling 10
03-11 14:20:56.399 23613 23613 I ThermalEngine: math 2
03-11 14:20:56.399 23613 23613 I ThermalEngine: ambient_value
03-11 14:20:56.399 23613 23613 I ThermalEngine: rise_value
03-11 14:20:56.399 23613 23613 I ThermalEngine: [VIRTUAL-CPU-GOLD-TJ-SHUTDOWN]
03-11 14:20:56.399 23613 23613 I ThermalEngine: #algo_type virtual
03-11 14:20:56.399 23613 23613 I ThermalEngine: sensors cpu-1-0 cpu-1-1 cpu-1-2 cpu-1-3 cpu-1-4 cpu-1-5 cpu-1-6 cpu-1-7
03-11 14:20:56.399 23613 23613 I ThermalEngine: weights
03-11 14:20:56.399 23613 23613 I ThermalEngine: trip_sensor cpu-1-0 cpu-1-1 cpu-1-2 cpu-1-3 cpu-1-4 cpu-1-5 cpu-1-6 cpu-1-7
03-11 14:20:56.399 23613 23613 I ThermalEngine: trip_sensor_logic || || || || || || ||
03-11 14:20:56.399 23613 23613 I ThermalEngine: thresholds 115000 115000 115000 115000 115000 115000 115000 115000
03-11 14:20:56.399 23613 23613 I ThermalEngine: thresholds_clr 100000 100000 100000 100000 100000 100000 100000 100000
03-11 14:20:56.399 23613 23613 I ThermalEngine: offsets
03-11 14:20:56.399 23613 23613 I ThermalEngine: sampling 10
03-11 14:20:56.399 23613 23613 I ThermalEngine: math 2
03-11 14:20:56.399 23613 23613 I ThermalEngine: ambient_value
03-11 14:20:56.399 23613 23613 I ThermalEngine: rise_value
03-11 14:20:56.399 23613 23613 I ThermalEngine: [VIRTUAL-CPU-TJ-SHUTDOWN]
03-11 14:20:56.399 23613 23613 I ThermalEngine: #algo_type virtual
03-11 14:20:56.399 23613 23613 I ThermalEngine: sensors cpu-0-0 cpu-0-1 cpu-0-2 cpu-0-3 cpuss-0 cpuss-1
03-11 14:20:56.399 23613 23613 I ThermalEngine: weights
03-11 14:20:56.399 23613 23613 I ThermalEngine: trip_sensor cpu-0-0 cpu-0-1 cpu-0-2 cpu-0-3 cpuss-0 cpuss-1
03-11 14:20:56.399 23613 23613 I ThermalEngine: trip_sensor_logic || || || || ||
03-11 14:20:56.399 23613 23613 I ThermalEngine: thresholds 115000 115000 115000 115000 115000 115000
03-11 14:20:56.399 23613 23613 I ThermalEngine: thresholds_clr 100000 100000 100000 100000 100000 100000
03-11 14:20:56.399 23613 23613 I ThermalEngine: offsets
03-11 14:20:56.399 23613 23613 I ThermalEngine: sampling 10
03-11 14:20:56.399 23613 23613 I ThermalEngine: math 2
03-11 14:20:56.399 23613 23613 I ThermalEngine: ambient_value
03-11 14:20:56.399 23613 23613 I ThermalEngine: rise_value
03-11 14:20:56.399 23613 23613 I ThermalEngine: [VIRTUAL-NSP-TJ-SHUTDOWN]
03-11 14:20:56.399 23613 23613 I ThermalEngine: #algo_type virtual
03-11 14:20:56.399 23613 23613 I ThermalEngine: sensors nspss-0 nspss-1 nspss-2
03-11 14:20:56.399 23613 23613 I ThermalEngine: weights
03-11 14:20:56.399 23613 23613 I ThermalEngine: trip_sensor nspss-0 nspss-1 nspss-2
03-11 14:20:56.399 23613 23613 I ThermalEngine: trip_sensor_logic || ||
03-11 14:20:56.399 23613 23613 I ThermalEngine: thresholds 115000 115000 115000
03-11 14:20:56.399 23613 23613 I ThermalEngine: thresholds_clr 100000 100000 100000
03-11 14:20:56.399 23613 23613 I ThermalEngine: offsets
03-11 14:20:56.399 23613 23613 I ThermalEngine: sampling 10
03-11 14:20:56.399 23613 23613 I ThermalEngine: math 2
03-11 14:20:56.399 23613 23613 I ThermalEngine: ambient_value
03-11 14:20:56.399 23613 23613 I ThermalEngine: rise_value
03-11 14:20:56.399 23613 23613 I ThermalEngine: [VIRTUAL-MDM-TJ-SHUTDOWN]
03-11 14:20:56.399 23613 23613 I ThermalEngine: #algo_type virtual
03-11 14:20:56.399 23613 23613 I ThermalEngine: sensors mdmss-0 mdmss-1 mdmss-2 mdmss-3
03-11 14:20:56.399 23613 23613 I ThermalEngine: weights
03-11 14:20:56.399 23613 23613 I ThermalEngine: trip_sensor mdmss-0 mdmss-1 mdmss-2 mdmss-3
03-11 14:20:56.399 23613 23613 I ThermalEngine: trip_sensor_logic || || ||
03-11 14:20:56.399 23613 23613 I ThermalEngine: thresholds 115000 115000 115000 115000
03-11 14:20:56.399 23613 23613 I ThermalEngine: thresholds_clr 100000 100000 100000 100000
03-11 14:20:56.399 23613 23613 I ThermalEngine: offsets
03-11 14:20:56.399 23613 23613 I ThermalEngine: sampling 10
03-11 14:20:56.399 23613 23613 I ThermalEngine: math 2
03-11 14:20:56.399 23613 23613 I ThermalEngine: ambient_value
03-11 14:20:56.399 23613 23613 I ThermalEngine: rise_value
03-11 14:20:56.399 23613 23613 I ThermalEngine: [VIRTUAL-MM-TJ-SHUTDOWN]
03-11 14:20:56.399 23613 23613 I ThermalEngine: #algo_type virtual
03-11 14:20:56.399 23613 23613 I ThermalEngine: sensors gpuss-0 gpuss-1 video ddr camera-0 camera-1
03-11 14:20:56.399 23613 23613 I ThermalEngine: weights
03-11 14:20:56.399 23613 23613 I ThermalEngine: trip_sensor gpuss-0 gpuss-1 video ddr camera-0 camera-1
03-11 14:20:56.399 23613 23613 I ThermalEngine: trip_sensor_logic || || || || ||
03-11 14:20:56.399 23613 23613 I ThermalEngine: thresholds 115000 115000 115000 115000 115000 115000
03-11 14:20:56.399 23613 23613 I ThermalEngine: thresholds_clr 100000 100000 100000 100000 100000 100000
03-11 14:20:56.399 23613 23613 I ThermalEngine: offsets
03-11 14:20:56.399 23613 23613 I ThermalEngine: sampling 10
03-11 14:20:56.399 23613 23613 I ThermalEngine: math 2
03-11 14:20:56.399 23613 23613 I ThermalEngine: ambient_value
03-11 14:20:56.399 23613 23613 I ThermalEngine: rise_value
03-11 14:20:56.399 23613 23613 I ThermalEngine: [VIRTUAL-PMIC-ALARM-SHUTDOWN]
03-11 14:20:56.399 23613 23613 I ThermalEngine: #algo_type virtual
03-11 14:20:56.399 23613 23613 I ThermalEngine: sensors pm7325_tz pm8350c_tz
03-11 14:20:56.399 23613 23613 I ThermalEngine: weights
03-11 14:20:56.399 23613 23613 I ThermalEngine: trip_sensor pm7325_tz pm8350c_tz
03-11 14:20:56.399 23613 23613 I ThermalEngine: trip_sensor_logic ||
03-11 14:20:56.399 23613 23613 I ThermalEngine: thresholds 115000 115000
03-11 14:20:56.399 23613 23613 I ThermalEngine: thresholds_clr 100000 100000
03-11 14:20:56.399 23613 23613 I ThermalEngine: offsets
03-11 14:20:56.399 23613 23613 I ThermalEngine: sampling 10
03-11 14:20:56.399 23613 23613 I ThermalEngine: math 2
03-11 14:20:56.399 23613 23613 I ThermalEngine: ambient_value
03-11 14:20:56.399 23613 23613 I ThermalEngine: rise_value
03-11 14:20:56.399 23613 23613 I ThermalEngine: [FRONT_TEMP]
03-11 14:20:56.399 23613 23613 I ThermalEngine: algo_type virtual
03-11 14:20:56.399 23613 23613 I ThermalEngine: sensors msm-therm cam-therm quiet-therm mchg-therm
03-11 14:20:56.399 23613 23613 I ThermalEngine: weights 20 32 39 9
03-11 14:20:56.399 23613 23613 I ThermalEngine: trip_sensor msm-therm
03-11 14:20:56.399 23613 23613 I ThermalEngine: thresholds -18000
03-11 14:20:56.399 23613 23613 I ThermalEngine: thresholds_clr -20000
03-11 14:20:56.399 23613 23613 I ThermalEngine: offsets -2000 0 0 0
03-11 14:20:56.399 23613 23613 I ThermalEngine: sampling 5000
03-11 14:20:56.399 23613 23613 I ThermalEngine: math 0
03-11 14:20:56.399 23613 23613 I ThermalEngine: sys_temp
03-11 14:20:56.399 23613 23613 I ThermalEngine: ambient_value
03-11 14:20:56.399 23613 23613 I ThermalEngine: rise_value
03-11 14:20:56.399 23613 23613 I ThermalEngine: [BACK_TEMP]
03-11 14:20:56.399 23613 23613 I ThermalEngine: algo_type virtual
03-11 14:20:56.399 23613 23613 I ThermalEngine: sensors msm-therm cam-therm quiet-therm mchg-therm
03-11 14:20:56.399 23613 23613 I ThermalEngine: weights 22 26 39 13
03-11 14:20:56.399 23613 23613 I ThermalEngine: trip_sensor msm-therm
03-11 14:20:56.399 23613 23613 I ThermalEngine: thresholds -18000
03-11 14:20:56.399 23613 23613 I ThermalEngine: thresholds_clr -20000
03-11 14:20:56.399 23613 23613 I ThermalEngine: offsets -2000 0 0 0
03-11 14:20:56.399 23613 23613 I ThermalEngine: sampling 5000
03-11 14:20:56.399 23613 23613 I ThermalEngine: math 0
03-11 14:20:56.399 23613 23613 I ThermalEngine: sys_temp
03-11 14:20:56.399 23613 23613 I ThermalEngine: ambient_value
03-11 14:20:56.399 23613 23613 I ThermalEngine: rise_value
03-11 14:20:56.399 23613 23613 I ThermalEngine: [FUSE_TEMP]
03-11 14:20:56.399 23613 23613 I ThermalEngine: algo_type virtual
03-11 14:20:56.399 23613 23613 I ThermalEngine: sensors msm-therm cam-therm quiet-therm mchg-therm
03-11 14:20:56.399 23613 23613 I ThermalEngine: weights 20 32 39 9
03-11 14:20:56.399 23613 23613 I ThermalEngine: trip_sensor msm-therm
03-11 14:20:56.399 23613 23613 I ThermalEngine: thresholds -18000
03-11 14:20:56.399 23613 23613 I ThermalEngine: thresholds_clr -20000
03-11 14:20:56.399 23613 23613 I ThermalEngine: offsets 0 0 0 0
03-11 14:20:56.399 23613 23613 I ThermalEngine: sampling 2000
03-11 14:20:56.399 23613 23613 I ThermalEngine: math 0
03-11 14:20:56.399 23613 23613 I ThermalEngine: sys_temp
03-11 14:20:56.399 23613 23613 I ThermalEngine: ambient_value
03-11 14:20:56.399 23613 23613 I ThermalEngine: rise_value
03-11 14:20:56.399 23613 23613 I ThermalEngine: [BCHG_TEMP]
03-11 14:20:56.399 23613 23613 I ThermalEngine: algo_type virtual
03-11 14:20:56.399 23613 23613 I ThermalEngine: sensors msm-therm cam-therm quiet-therm mchg-therm
03-11 14:20:56.399 23613 23613 I ThermalEngine: weights 22 26 39 13
03-11 14:20:56.399 23613 23613 I ThermalEngine: trip_sensor msm-therm
03-11 14:20:56.399 23613 23613 I ThermalEngine: thresholds -18000
03-11 14:20:56.399 23613 23613 I ThermalEngine: thresholds_clr -20000
03-11 14:20:56.399 23613 23613 I ThermalEngine: offsets 0 0 0 0
03-11 14:20:56.399 23613 23613 I ThermalEngine: sampling 2000
03-11 14:20:56.399 23613 23613 I ThermalEngine: math 0
03-11 14:20:56.399 23613 23613 I ThermalEngine: ambient_value
03-11 14:20:56.399 23613 23613 I ThermalEngine: rise_value
03-11 14:20:56.399 23613 23613 I ThermalEngine: [FRONT_MDM]
03-11 14:20:56.399 23613 23613 I ThermalEngine: algo_type virtual
03-11 14:20:56.399 23613 23613 I ThermalEngine: sensors msm-therm cam-therm quiet-therm mchg-therm
03-11 14:20:56.399 23613 23613 I ThermalEngine: weights 20 32 39 9
03-11 14:20:56.399 23613 23613 I ThermalEngine: trip_sensor mdmss-0 mdmss-1 mdmss-2 mdmss-3
03-11 14:20:56.399 23613 23613 I ThermalEngine: trip_sensor_logic || || ||
03-11 14:20:56.399 23613 23613 I ThermalEngine: thresholds 65000 65000 65000 65000
03-11 14:20:56.399 23613 23613 I ThermalEngine: thresholds_clr 40000 40000 40000 40000
03-11 14:20:56.399 23613 23613 I ThermalEngine: offsets 1000 0 0 0
03-11 14:20:56.399 23613 23613 I ThermalEngine: sampling 2000
03-11 14:20:56.399 23613 23613 I ThermalEngine: math 0
03-11 14:20:56.399 23613 23613 I ThermalEngine: ambient_value
03-11 14:20:56.399 23613 23613 I ThermalEngine: rise_value
03-11 14:20:56.399 23613 23613 I ThermalEngine: [DETECT-STANDBY]
03-11 14:20:56.399 23613 23613 I ThermalEngine: algo_type virtual
03-11 14:20:56.399 23613 23613 I ThermalEngine: sensors cpu_utilization lcd_brightness_value
03-11 14:20:56.399 23613 23613 I ThermalEngine: weights 12 50
03-11 14:20:56.399 23613 23613 I ThermalEngine: trip_sensor msm-therm
03-11 14:20:56.399 23613 23613 I ThermalEngine: thresholds -18000
03-11 14:20:56.399 23613 23613 I ThermalEngine: thresholds_clr -20000
03-11 14:20:56.399 23613 23613 I ThermalEngine: offsets
03-11 14:20:56.399 23613 23613 I ThermalEngine: sampling 5000
03-11 14:20:56.399 23613 23613 I ThermalEngine: math 7
03-11 14:20:56.399 23613 23613 I ThermalEngine: less_than
03-11 14:20:56.399 23613 23613 I ThermalEngine: ambient_value
03-11 14:20:56.399 23613 23613 I ThermalEngine: rise_value
03-11 14:20:56.399 23613 23613 I ThermalEngine: [DETECT-WLS]
03-11 14:20:56.399 23613 23613 I ThermalEngine: algo_type virtual
03-11 14:20:56.400 23613 23613 I ThermalEngine: sensors wireless_online
03-11 14:20:56.400 23613 23613 I ThermalEngine: weights
03-11 14:20:56.400 23613 23613 I ThermalEngine: trip_sensor msm-therm
03-11 14:20:56.400 23613 23613 I ThermalEngine: thresholds -18000
03-11 14:20:56.400 23613 23613 I ThermalEngine: thresholds_clr -20000
03-11 14:20:56.400 23613 23613 I ThermalEngine: offsets
03-11 14:20:56.400 23613 23613 I ThermalEngine: sampling 5000
03-11 14:20:56.400 23613 23613 I ThermalEngine: math 3
03-11 14:20:56.400 23613 23613 I ThermalEngine: ambient_value
03-11 14:20:56.400 23613 23613 I ThermalEngine: rise_value
03-11 14:20:56.402  2195  2586 I SDM     : DisplayBase::SetDisplayState: active 0-0 state 0-0 pending_power_state_ 0
03-11 14:20:56.402  2214  2254 W ANDR-PERF-LM: FeatureState: readState() 151: warning: appName is NULL, returning default State
03-11 14:20:56.402  2214  2254 W ANDR-PERF-LM: FeatureState: readState() 151: warning: appName is NULL, returning default State
03-11 14:20:56.402  2214  2254 W ANDR-PERF-LM: FeatureState: readState() 151: warning: appName is NULL, returning default State
03-11 14:20:56.403  2300  2300 W ComposerExtn: DisplayExtnImpl::SetEarlyWakeUpConfig: HWC Display 2 is not registered!
03-11 14:20:56.403  2300  2300 D SurfaceFlinger: Finished setting power mode 0 on display 4630947043778501763
03-11 14:20:56.404  3163  5308 D SurfaceControl: Excessive delay in setPowerMode()
03-11 14:20:56.404  3163  5308 D PowerManagerService: nativeSetPowerMode ret:false mode:9 enabled:true duration ms: 0
03-11 14:20:56.405  3163  3352 I WindowManager: Display 0 turning on...
03-11 14:20:56.406  3163  3352 I DisplayBrightnessStrategySelector: Changing the DisplayBrightnessStrategy from ScreenOffBrightnessStrategy to InvalidBrightnessStrategy for display 0
03-11 14:20:56.406  3163  7402 D WindowManager: mKeyguardDelegate.ShowListener.onDrawn.
03-11 14:20:56.406  2064  2064 I sensors-hal: batch:206, android.sensor.light/51, period=250000000, max_latency=0
03-11 14:20:56.406  2064  2064 I sensors-hal: set_config:61, no need to adjust sample_period_ns due to reporting_mode = 2
03-11 14:20:56.406  2064  2064 I sensors-hal: batch:215, android.sensor.light/51, period=250000000, max_latency=0 request completed
03-11 14:20:56.407  3163  3229 W WindowManager: Setting mKeyguardDrawComplete
03-11 14:20:56.407  2064  2064 I sensors-hal: activate:173, android.sensor.light/51 en=1
03-11 14:20:56.407  2064  2064 I sensors-hal: get_qmi_debug_flag:239, support_qmi_debug : false
03-11 14:20:56.409  2061  2108 E minksocket: MinkIPC_QRTR_Service: client with node 1 port 5706 went down
03-11 14:20:56.409  2061  2108 E minksocket: MinkIPC_QRTR_Service: client with node 1 port 5707 went down
03-11 14:20:56.409  5625  5625 I KeyguardTransitionRepository: FINISHED transition: TransitionStep(from=DOZING, to=LOCKSCREEN, value=1.0, transitionState=FINISHED, ownerName=FromDozingTransitionInteractor)
03-11 14:20:56.410  2064  2064 E Diag_Lib: diag: Diag_LSM_Init: invoked for pid: 2064 with init_count: 0
03-11 14:20:56.410  2061  2108 E minksocket: MinkIPC_QRTR_Service: client with node 1 port 5708 went down
03-11 14:20:56.410  2061  2108 E minksocket: MinkIPC_QRTR_Service: client with node 1 port 5709 went down
03-11 14:20:56.410  2064  2064 E Diag_Lib: diag:failed to connect to diag socket
03-11 14:20:56.410  2064  2064 E Diag_Lib:  Diag_LSM_Init: Failed to open handle to diag driver, error = 13
03-11 14:20:56.410  2064  2064 I sensors-hal: send_sensor_config_request:463, dt=ambient_light: convert sample_period=250000000 to batch_period=250000
03-11 14:20:56.410  2064  2064 I sensors-hal: send_sync_sensor_request:341, send sync request
03-11 14:20:56.410  2064  2064 I sensors-hal: send_sync_sensor_request:367, wait for notification of response
03-11 14:20:56.413  3706  3728 I android.hardware.thermal@2.0-service.qti-v2: Sensor Name:GPU0 temp: 42.7. prev severity:0. cur severity:0 New severity:0
03-11 14:20:56.414  2064 23785 I sensors-hal: ssc_conn_resp_cb:632, resp_value = 0
03-11 14:20:56.414  2064  2064 I sensors-hal: send_sync_sensor_request:373, takes 4 ms to receive the response with 0
03-11 14:20:56.414  2064  2064 I sensors-hal: activate:184, android.sensor.light/51 en=1 completed
03-11 14:20:56.415  3706  3728 I android.hardware.thermal@2.0-service.qti-v2: Sensor Name:GPU1 temp: 41.7. prev severity:0. cur severity:0 New severity:0
03-11 14:20:56.415  3706  3728 I android.hardware.thermal@2.0-service.qti-v2: Sensor Name:nsp0 temp: 43.4. prev severity:0. cur severity:0 New severity:0
03-11 14:20:56.415  3706  3728 I android.hardware.thermal@2.0-service.qti-v2: Sensor Name:nsp1 temp: 43.4. prev severity:0. cur severity:0 New severity:0
03-11 14:20:56.415  3706  3728 I android.hardware.thermal@2.0-service.qti-v2: Sensor Name:nsp2 temp: 45.1. prev severity:0. cur severity:0 New severity:0
03-11 14:20:56.415  3706  3728 I android.hardware.thermal@2.0-service.qti-v2: Sensor Name:CPU0 temp: 54. prev severity:0. cur severity:0 New severity:0
03-11 14:20:56.415  3706  3728 I android.hardware.thermal@2.0-service.qti-v2: Sensor Name:CPU1 temp: 57.1. prev severity:0. cur severity:0 New severity:0
03-11 14:20:56.415  3706  3728 I android.hardware.thermal@2.0-service.qti-v2: Sensor Name:CPU2 temp: 56.8. prev severity:0. cur severity:0 New severity:0
03-11 14:20:56.415  3706  3728 I android.hardware.thermal@2.0-service.qti-v2: Sensor Name:CPU3 temp: 57.1. prev severity:0. cur severity:0 New severity:0
03-11 14:20:56.415  2300  2300 E Scheduler: trackPendingFrame: Invalid present fence
03-11 14:20:56.416  2064  2064 I sensors-hal: batch:206, com.motorola.sensor.alternate_light/65959, period=250000000, max_latency=0
03-11 14:20:56.416  2064  2064 I sensors-hal: set_config:61, no need to adjust sample_period_ns due to reporting_mode = 2
03-11 14:20:56.416  2064  2064 I sensors-hal: batch:215, com.motorola.sensor.alternate_light/65959, period=250000000, max_latency=0 request completed
03-11 14:20:56.416  2064  2064 I sensors-hal: activate:173, com.motorola.sensor.alternate_light/65959 en=1
03-11 14:20:56.416  2064  2064 I sensors-hal: get_qmi_debug_flag:239, support_qmi_debug : false
03-11 14:20:56.417  2300  2300 D SurfaceFlinger: setDesiredDisplayModeSpecs[{0, false, PR={p[24.00-120.00]Hz, r[24.00-120.00]Hz}, AR={p[0.00-120.00]Hz, r[0.00-120.00]Hz}}]: by process 3163 uid 1000 for display 4630947043778501762
03-11 14:20:56.418  2061  2108 E minksocket: MinkIPC_QRTR_Service: client with node 1 port 570b went down
03-11 14:20:56.420  3706  3728 I android.hardware.thermal@2.0-service.qti-v2: Sensor Name:CPU4 temp: 58.1. prev severity:0. cur severity:0 New severity:0
03-11 14:20:56.420  3706  3728 I android.hardware.thermal@2.0-service.qti-v2: Sensor Name:CPU5 temp: 58.1. prev severity:0. cur severity:0 New severity:0
03-11 14:20:56.420  3706  3728 I android.hardware.thermal@2.0-service.qti-v2: Sensor Name:CPU6 temp: 59.8. prev severity:0. cur severity:0 New severity:0
03-11 14:20:56.420  3706  3728 I android.hardware.thermal@2.0-service.qti-v2: Sensor Name:CPU7 temp: 49.9. prev severity:0. cur severity:0 New severity:0
03-11 14:20:56.420  3706  3728 I android.hardware.thermal@2.0-service.qti-v2: Sensor Name:nsp0 temp: 43.4. prev severity:0. cur severity:0 New severity:0
03-11 14:20:56.420  3706  3728 I android.hardware.thermal@2.0-service.qti-v2: Sensor Name:nsp1 temp: 43.8. prev severity:0. cur severity:0 New severity:0
03-11 14:20:56.420  3706  3728 I android.hardware.thermal@2.0-service.qti-v2: Sensor Name:nsp2 temp: 44.8. prev severity:0. cur severity:0 New severity:0
03-11 14:20:56.420  3706  3728 I android.hardware.thermal@2.0-service.qti-v2: Sensor Name:GPU0 temp: 42.7. prev severity:0. cur severity:0 New severity:0
03-11 14:20:56.420  3706  3728 I android.hardware.thermal@2.0-service.qti-v2: Sensor Name:GPU1 temp: 42. prev severity:0. cur severity:0 New severity:0
03-11 14:20:56.420  2061  2108 E minksocket: MinkIPC_QRTR_Service: client with node 1 port 570c went down
03-11 14:20:56.420  2061  2108 E minksocket: MinkIPC_QRTR_Service: client with node 1 port 570d went down
03-11 14:20:56.421  2064  2064 E Diag_Lib: diag: Diag_LSM_Init: invoked for pid: 2064 with init_count: 0
03-11 14:20:56.421  2064  2064 E Diag_Lib: diag:failed to connect to diag socket
03-11 14:20:56.421  2064  2064 E Diag_Lib:  Diag_LSM_Init: Failed to open handle to diag driver, error = 13
03-11 14:20:56.421  2064  2064 I sensors-hal: send_sensor_config_request:463, dt=ambient_light_1: convert sample_period=250000000 to batch_period=250000
03-11 14:20:56.421  2064  2064 I sensors-hal: send_sync_sensor_request:341, send sync request
03-11 14:20:56.421  2064  2064 I sensors-hal: send_sync_sensor_request:367, wait for notification of response
03-11 14:20:56.422 23613 23613 I ThermalEngine: Loading configuration file /vendor/etc/thermal-engine-lynkco.conf
03-11 14:20:56.422 23613 23613 I ThermalEngine: Parsing section global
03-11 14:20:56.422 23613 23613 I ThermalEngine: Created section 'REPORT-FRONT'
03-11 14:20:56.422 23613 23613 I ThermalEngine: Algo Type 'monitor'
03-11 14:20:56.422 23613 23613 I ThermalEngine: Parsing section REPORT-FRONT
03-11 14:20:56.422 23613 23613 I ThermalEngine: Found field 'sampling'
03-11 14:20:56.422 23613 23613 I ThermalEngine: Found field 'sensor'
03-11 14:20:56.422 23613 23613 I ThermalEngine: Found field 'thresholds'
03-11 14:20:56.422 23613 23613 I ThermalEngine: Found field 'thresholds_clr'
03-11 14:20:56.422 23613 23613 I ThermalEngine: Found field 'actions'
03-11 14:20:56.422 23613 23613 I ThermalEngine: Found field 'action_info'
03-11 14:20:56.422 23613 23613 I ThermalEngine: Created section 'REPORT-BACK'
03-11 14:20:56.422 23613 23613 I ThermalEngine: Algo Type 'monitor'
03-11 14:20:56.422 23613 23613 I ThermalEngine: Parsing section REPORT-BACK
03-11 14:20:56.422 23613 23613 I ThermalEngine: Found field 'sampling'
03-11 14:20:56.422 23613 23613 I ThermalEngine: Found field 'sensor'
03-11 14:20:56.422 23613 23613 I ThermalEngine: Found field 'thresholds'
03-11 14:20:56.422 23613 23613 I ThermalEngine: Found field 'thresholds_clr'
03-11 14:20:56.422 23613 23613 I ThermalEngine: Found field 'actions'
03-11 14:20:56.422 23613 23613 I ThermalEngine: Found field 'action_info'
03-11 14:20:56.422 23613 23613 I ThermalEngine: Created section 'OVERRIDE-CHG'
03-11 14:20:56.422 23613 23613 I ThermalEngine: Algo Type 'monitor'
03-11 14:20:56.422 23613 23613 I ThermalEngine: Parsing section OVERRIDE-CHG
03-11 14:20:56.422 23613 23613 I ThermalEngine: Found field 'sampling'
03-11 14:20:56.422 23613 23613 I ThermalEngine: Found field 'sensor'
03-11 14:20:56.422 23613 23613 I ThermalEngine: Found field 'thresholds'
03-11 14:20:56.422 23613 23613 I ThermalEngine: Found field 'thresholds_clr'
03-11 14:20:56.422 23613 23613 I ThermalEngine: Found field 'actions'
03-11 14:20:56.422 23613 23613 I ThermalEngine: Found field 'action_info'
03-11 14:20:56.422 23613 23613 I ThermalEngine: Created section 'FREEZE-CHG'
03-11 14:20:56.422 23613 23613 I ThermalEngine: Algo Type 'monitor'
03-11 14:20:56.422 23613 23613 I ThermalEngine: Parsing section FREEZE-CHG
03-11 14:20:56.422 23613 23613 I ThermalEngine: Found field 'sampling'
03-11 14:20:56.422 23613 23613 I ThermalEngine: Found field 'sensor'
03-11 14:20:56.422 23613 23613 I ThermalEngine: Found field 'thresholds'
03-11 14:20:56.422 23613 23613 I ThermalEngine: Found field 'thresholds_clr'
03-11 14:20:56.422 23613 23613 I ThermalEngine: Found field 'actions'
03-11 14:20:56.422 23613 23613 I ThermalEngine: Found field 'action_info'
03-11 14:20:56.422 23613 23613 I ThermalEngine: Created section 'MON-CHG-BATT0'
03-11 14:20:56.422 23613 23613 I ThermalEngine: Algo Type 'monitor'
03-11 14:20:56.422 23613 23613 I ThermalEngine: Parsing section MON-CHG-BATT0
03-11 14:20:56.422 23613 23613 I ThermalEngine: Found field 'sampling'
03-11 14:20:56.422 23613 23613 I ThermalEngine: Found field 'sensor'
03-11 14:20:56.422 23613 23613 I ThermalEngine: Found field 'thresholds'
03-11 14:20:56.422 23613 23613 I ThermalEngine: Found field 'thresholds_clr'
03-11 14:20:56.422 23613 23613 I ThermalEngine: Found field 'actions'
03-11 14:20:56.422 23613 23613 I ThermalEngine: Found field 'action_info'
03-11 14:20:56.422 23613 23613 I ThermalEngine: Found field 'override_c'
03-11 14:20:56.422 23613 23613 I ThermalEngine: Found field 'freezing'
03-11 14:20:56.422 23613 23613 I ThermalEngine: Created section 'MON-CHG-BATT1'
03-11 14:20:56.422 23613 23613 I ThermalEngine: Algo Type 'monitor'
03-11 14:20:56.422 23613 23613 I ThermalEngine: Parsing section MON-CHG-BATT1
03-11 14:20:56.422 23613 23613 I ThermalEngine: Found field 'sampling'
03-11 14:20:56.422 23613 23613 I ThermalEngine: Found field 'sensor'
03-11 14:20:56.422 23613 23613 I ThermalEngine: Found field 'thresholds'
03-11 14:20:56.422 23613 23613 I ThermalEngine: Found field 'thresholds_clr'
03-11 14:20:56.422 23613 23613 I ThermalEngine: Found field 'actions'
03-11 14:20:56.422 23613 23613 I ThermalEngine: Found field 'action_info'
03-11 14:20:56.422 23613 23613 I ThermalEngine: Found field 'override_c'
03-11 14:20:56.422 23613 23613 I ThermalEngine: Found field 'freezing'
03-11 14:20:56.422 23613 23613 I ThermalEngine: Created section 'MON-CHG-BATT-SAFETY'
03-11 14:20:56.422 23613 23613 I ThermalEngine: Algo Type 'monitor'
03-11 14:20:56.422 23613 23613 I ThermalEngine: Parsing section MON-CHG-BATT-SAFETY
03-11 14:20:56.422 23613 23613 I ThermalEngine: Found field 'sampling'
03-11 14:20:56.422 23613 23613 I ThermalEngine: Found field 'sensor'
03-11 14:20:56.422 23613 23613 I ThermalEngine: Found field 'thresholds'
03-11 14:20:56.422 23613 23613 I ThermalEngine: Found field 'thresholds_clr'
03-11 14:20:56.422 23613 23613 I ThermalEngine: Found field 'actions'
03-11 14:20:56.422 23613 23613 I ThermalEngine: Found field 'action_info'
03-11 14:20:56.422 23613 23613 I ThermalEngine: Found field 'freezing'
03-11 14:20:56.422 23613 23613 I ThermalEngine: Created section 'MON-MSM-CPU0'
03-11 14:20:56.422 23613 23613 I ThermalEngine: Algo Type 'monitor'
03-11 14:20:56.422 23613 23613 I ThermalEngine: Parsing section MON-MSM-CPU0
03-11 14:20:56.422 23613 23613 I ThermalEngine: Found field 'sampling'
03-11 14:20:56.422 23613 23613 I ThermalEngine: Found field 'sensor'
03-11 14:20:56.422 23613 23613 I ThermalEngine: Found field 'thresholds'
03-11 14:20:56.422 23613 23613 I ThermalEngine: Found field 'thresholds_clr'
03-11 14:20:56.422 23613 23613 I ThermalEngine: Found field 'actions'
03-11 14:20:56.422 23613 23613 I ThermalEngine: Found field 'action_info'
03-11 14:20:56.422 23613 23613 I ThermalEngine: Created section 'SS-CPU4'
03-11 14:20:56.422 23613 23613 I ThermalEngine: Algo Type 'ss'
03-11 14:20:56.422 23613 23613 I ThermalEngine: Parsing section SS-CPU4
03-11 14:20:56.422 23613 23613 I ThermalEngine: Found field 'sampling'
03-11 14:20:56.422 23613 23613 I ThermalEngine: Found field 'sensor'
03-11 14:20:56.422 23613 23613 I ThermalEngine: Found field 'set_point'
03-11 14:20:56.422 23613 23613 I ThermalEngine: Found field 'set_point_clr'
03-11 14:20:56.422 23613 23613 I ThermalEngine: Found field 'device'
03-11 14:20:56.422 23613 23613 I ThermalEngine: Found field 'device_max_limit'
03-11 14:20:56.422 23613 23613 I ThermalEngine: Created section 'MON-MSM-CPU4'
03-11 14:20:56.422 23613 23613 I ThermalEngine: Algo Type 'monitor'
03-11 14:20:56.422 23613 23613 I ThermalEngine: Parsing section MON-MSM-CPU4
03-11 14:20:56.422 23613 23613 I ThermalEngine: Found field 'sampling'
03-11 14:20:56.422 23613 23613 I ThermalEngine: Found field 'sensor'
03-11 14:20:56.422 23613 23613 I ThermalEngine: Found field 'thresholds'
03-11 14:20:56.422 23613 23613 I ThermalEngine: Found field 'thresholds_clr'
03-11 14:20:56.422 23613 23613 I ThermalEngine: Found field 'actions'
03-11 14:20:56.422 23613 23613 I ThermalEngine: Found field 'action_info'
03-11 14:20:56.422 23613 23613 I ThermalEngine: Created section 'SS-CPU7'
03-11 14:20:56.422 23613 23613 I ThermalEngine: Algo Type 'ss'
03-11 14:20:56.422 23613 23613 I ThermalEngine: Parsing section SS-CPU7
03-11 14:20:56.422 23613 23613 I ThermalEngine: Found field 'sampling'
03-11 14:20:56.422 23613 23613 I ThermalEngine: Found field 'sensor'
03-11 14:20:56.422 23613 23613 I ThermalEngine: Found field 'set_point'
03-11 14:20:56.422 23613 23613 I ThermalEngine: Found field 'set_point_clr'
03-11 14:20:56.422 23613 23613 I ThermalEngine: Found field 'device'
03-11 14:20:56.422 23613 23613 I ThermalEngine: Found field 'device_max_limit'
03-11 14:20:56.422  2064 23795 I sensors-hal: ssc_conn_resp_cb:632, resp_value = 0
03-11 14:20:56.422 23613 23613 I ThermalEngine: Created section 'MON-MSM-CPU7'
