03-13 07:47:31.675  3003  3915 D SensorManager: registerListener :: 2622, Pocket Position Mode  Wakeup, 200000, 0, com.samsung.android.gesture.PocketSensitivityManager$1@a3d091f
03-13 07:47:31.675  3003  3915 E PocketSensitivityManager: register pocket position sensor
03-13 07:47:31.676  2007  2007 I sensors-hal: activate:300, com.samsung.sensor.auto_brightness/1651 en=0
03-13 07:47:31.675  6103  6103 W ContextImpl: Calling a method in the system process without a qualified user: android.app.ContextImpl.startService:2068 android.content.ContextWrapper.startService:872 android.content.ContextWrapper.startService:872 com.sec.android.diagmonagent.sa.receiver.CFLogReceiver.onReceive:56 android.app.ActivityThread.handleReceiver:5663 
03-13 07:47:31.676  3003  4002 D BackgroundInstallControlService: Package event received: 0
03-13 07:47:31.676  2007  2007 I sensors-hal: enable_flicker_als:213, [SSC_LIGHT] flicker_als disable
03-13 07:47:31.678  2053 13496 I QC2V4l2Codec: [v4lhvcD_453] KPI_L1: init: ms=7
03-13 07:47:31.678  2053 23666 E QC2V4l2Codec: [v4lhvcD_453]  ? is not a supported pixel format!
03-13 07:47:31.680  2007  2007 I sensors-hal: send_sync_sensor_request:508, send sync request
03-13 07:47:31.680  2007  2007 I sensors-hal: send_sync_sensor_request:518, send_sync_sensor_request before send_request for auto_brightness with SUID low=2816411781185423377 high=5518030540294228002
03-13 07:47:31.680  2007  2007 I sensors-hal: send_sync_sensor_request:537, wait for notification of response
03-13 07:47:31.680 27562 27562 D BoundBrokerSvc: onBind: Intent { act=com.google.android.gms.measurement.START xflg=0x4 pkg=com.google.android.gms }
03-13 07:47:31.680 27562 27562 D BoundBrokerSvc: Loading bound service for intent: Intent { act=com.google.android.gms.measurement.START xflg=0x4 pkg=com.google.android.gms }
03-13 07:47:31.680  6103  6103 W ContextImpl: Calling a method in the system process without a qualified user: android.app.ContextImpl.startService:2068 android.content.ContextWrapper.startService:872 android.content.ContextWrapper.startService:872 com.sec.android.diagmonagent.sa.receiver.CFLogReceiver.onReceive:56 android.app.ActivityThread.handleReceiver:5663 
03-13 07:47:31.681  2007 22508 I sensors-hal: qsh_conn_resp_cb:930, resp_value = 0 for auto_brightness 
03-13 07:47:31.681  2007  2007 I sensors-hal: send_sync_sensor_request:543, takes 1 ms to receive the response with 0
03-13 07:47:31.681  2053 13496 I QC2V4l2Codec: [v4lhvcD_453] KPI_L1: start: ms=3
03-13 07:47:31.682  2007  2007 I sensors-hal: ~worker:65, worker(0xb400007a0f4d6d30) send sig to tid= 22507
03-13 07:47:31.682  2007  2007 I sensors-hal: ~worker:74, worker(0xb400007a0f4d6d30) is destroyed, remaining task = 0, tid= 22507
03-13 07:47:31.683  2007  2007 I sensors-hal: ~qsh_qmi:58, ~qsh_qmi
03-13 07:47:31.683  2007  2007 I sensors-hal: deactivate:274, [SSC_LIGHT] auto_brightness deactivate!
03-13 07:47:31.683  2007  2007 I sensors-hal: activate:330, com.samsung.sensor.auto_brightness/1651 en=0 completed
03-13 07:47:31.683  1985  2158 I minksocket: MinkIPC MESSAGE: ( 1985:2158 ) MinkIPC_QRTR_Service:351 minkipc = 0xb400006d4d3f6550 sock = 13, client with node 1 port 4e98 went down
03-13 07:47:31.683  1985  2180 I minksocket: MinkIPC MESSAGE: ( 1985:2180 ) MinkIPC_QRTR_Service:351 minkipc = 0xb400006d4d3f7730 sock = 33, client with node 1 port 4e98 went down
03-13 07:47:31.683  2053 13496 W QC2Interface: [hvcD_453] Failed to query parameters
03-13 07:47:31.683  2053 13496 I QC2Comp : [hvcD_453] KPI_L1: start: ms=13
03-13 07:47:31.684  2007  2007 I sensors-hal: set_config:64, no need to adjust sample_period_ns due to reporting_mode = 2
03-13 07:47:31.684  2007  2007 I sensors-hal: create_sensor_config_request:85, auto_rotation: type 2
03-13 07:47:31.684  2007  2007 I sensors-hal: send_sensor_config_request:645, dt=auto_rotation: convert sample_period=200000000 to batch_period=200000
03-13 07:47:31.684  2007  2007 I sensors-hal: send_sync_sensor_request:508, send sync request
03-13 07:47:31.684  2007  2007 I sensors-hal: send_sync_sensor_request:518, send_sync_sensor_request before send_request for auto_rotation with SUID low=8603657889541918976 high=1320970896291267344
03-13 07:47:31.684  2105  2105 I SurfaceFlinger: RequestedLayer [com.google.android.apps.maps/com.goo[...]droid.maps.MapsActivity$_23018#37094] hidden!! flag  from(0) --> to(1)
03-13 07:47:31.684  2105  2105 I SurfaceFlinger: RequestedLayer [ActivityRecord{123862989 u0 com.goog[...]ndroid.maps.MapsActivity t444}#37079] hidden!! flag  from(0) --> to(1)
03-13 07:47:31.684  2105  2105 I SurfaceFlinger: RequestedLayer [Task=444#37078] hidden!! flag  from(0) --> to(1)
03-13 07:47:31.684  2053  2958 W QC2Interface: [hvcD_453] Failed to query parameters
03-13 07:47:31.684  2007  2007 I sensors-hal: send_sync_sensor_request:537, wait for notification of response
03-13 07:47:31.684  4205  4205 E EdgeBackGestureHandler: No resource found for gesture-blocking activities
03-13 07:47:31.684  4360 23654 W Codec2Client: query -- param skipped: index = 1342179345.
03-13 07:47:31.684  4360 23654 W Codec2Client: query -- param skipped: index = 2415921170.
03-13 07:47:31.684  4360 23654 W Codec2Client: query -- param skipped: index = 1610614798.
03-13 07:47:31.684 23018 23018 I SV[84454638 MapsActivity]: onWindowVisibilityChanged(8) false bkxb{508acee VFE...C.. ........ 0,0-1080,2496} of VRI[MapsActivity]@8a8d0ce
03-13 07:47:31.684 23018 23018 I SurfaceView: 84454638 Changes: creating=false format=false size=false visible=true alpha=false hint=false left=false top=false z=false attached=true lifecycleStrategy=false
03-13 07:47:31.684  2053  2053 W QC2Interface: [hvcD_453] Failed to query parameters
03-13 07:47:31.684 23018 23018 I SurfaceView: 84454638 Cur surface: Surface(name=null mNativeObject=-5476376663705491440)/@0xdf59a71
03-13 07:47:31.684 23018 23018 D SurfaceComposerClient: setCornerRadius ## 508acee SurfaceView[com.google.android.apps.maps/com.google.android.maps.MapsActivity]@0#37098 cornerRadius=0.000000
03-13 07:47:31.684 23018 23018 I SurfaceView: 84454638 surfaceDestroyed
03-13 07:47:31.684 23018 23018 I SV[84454638 MapsActivity]: surfaceDestroyed callback.size 1 #2 bkxb{508acee VFE...C.. ........ 0,0-1080,2496}
03-13 07:47:31.684  4360 23654 I CCodecBufferChannel: [c2.qti.hevc.decoder#452] start: max output delay 11
03-13 07:47:31.685  2053 13496 W QC2Interface: [hvcD_453] Failed to query parameters
03-13 07:47:31.685  2053  2958 W QC2Interface: [hvcD_453] Failed to query parameters
03-13 07:47:31.685  3003  3067 I DisplayDeviceRepository: Display device changed render timings: "Built-in Screen", renderFrameRate=60.000004, presentationDeadlineNanos=17666666, appVsyncOffsetNanos=16666666, frameRateOverrides=[]
03-13 07:47:31.685  2007 12669 I sensors-hal: qsh_conn_resp_cb:930, resp_value = 0 for auto_rotation 
03-13 07:47:31.685  4205  4205 D NavigationModeController: getCurrentInteractionMode: mode=0 contextUser=0
03-13 07:47:31.685  4360 23654 I CCodecBufferChannel: [c2.qti.hevc.decoder#452] Created output block pool with allocatorID 18 => poolID 2608 - OK
03-13 07:47:31.686  2007  2007 I sensors-hal: send_sync_sensor_request:543, takes 1 ms to receive the response with 0
03-13 07:47:31.686  2007  2007 I sensors-hal: batch:363, android.sensor.device_orientation/271, period=200000000, max_latency=0 request completed
03-13 07:47:31.686  2053 23666 I QC2Buf  : use shared ref tracker
03-13 07:47:31.686  2053 23666 I QC2Buf  : Reconfig: clearing from 0 bufs. Peak mem=0 MB
03-13 07:47:31.686  2053 23666 I QC2Buf  : Reconfig: clearing from 0 bufs. Peak mem=0 MB
03-13 07:47:31.686  2007  2007 I sensors-hal: set_config:64, no need to adjust sample_period_ns due to reporting_mode = 2
03-13 07:47:31.686  2007  2007 I sensors-hal: batch:363, com.samsung.sensor.device_common_info/2132, period=200000000, max_latency=0 request completed
03-13 07:47:31.686  4205  4205 I NoBackGesture: Config changed: newConfig={1.0 ?mcc0mnc [en_US] ldltr sw307dp w352dp h308dp 340dpi smll hdr widecg land night -touch -keyb/v/h -nav/h winConfig={ mBounds=Rect(0, 0 - 748, 720) mAppBounds=Rect(0, 0 - 748, 654) mMaxBounds=Rect(0, 0 - 748, 720) mDisplayRotation=ROTATION_0 mWindowingMode=fullscreen mActivityType=undefined mAlwaysOnTop=undefined mRotation=ROTATION_0 mStageConfig=undefined mPopOver=undefined mOverlappingWithCutout=false mFlexPanelMode=off} s.4990 fontWeightAdjustment=0 ff=0 bf=-1 bts=0 cst=1.0 nightDim=0 themeSeq=0} lastReportedConfig={1.0 ?mcc0mnc [en_US] ldltr sw307dp w352dp h308dp 340dpi smll hdr widecg land night -touch -keyb/v/h -nav/h winConfig={ mBounds=Rect(0, 0 - 748, 720) mAppBounds=Rect(0, 0 - 748, 654) mMaxBounds=Rect(0, 0 - 748, 720) mDisplayRotation=ROTATION_0 mWindowingMode=fullscreen mActivityType=undefined mAlwaysOnTop=undefined mRotation=ROTATION_0 mStageConfig=undefined mPopOver=undefined mOverlappingWithCutout=false mFlexPanelMode=off} s.4990 fontWeightAdjustment=0 ff=0 bf=-1 bts=0 cst=1.0 nightDim=0 themeSeq=0}
03-13 07:47:31.686  3003  3065 D SensorManager: unregisterListener :: com.android.server.wm.WindowOrientationListener$OrientationSensorJudge@783320e
03-13 07:47:31.686  3003  3130 D SensorManager: unregisterListener :: com.android.server.display.AutomaticBrightnessController$3@1ff6ff3
03-13 07:47:31.686  3003  3130 D AutomaticBrightnessController: setProximitySensorEnabled::unregisterListener
03-13 07:47:31.686 23018 23018 I SV[84454638 MapsActivity]: updateSurface: mVisible = false mSurface.isValid() = true
03-13 07:47:31.686  4205  4205 D Navbar.Store: handleEvent(1) OnNavBarCreated(keyguardStateController=com.android.systemui.statusbar.policy.KeyguardStateControllerImpl@c596bb7, navigationBar=com.android.systemui.navigationbar.views.NavigationBar@21e1bf1) [Module] NavigationBar
03-13 07:47:31.686  4205  4205 D OneHandOpGestureHandler: setDisablePolicy() old=0, new=0
03-13 07:47:31.686  2053 13496 W QC2Interface: [hvcD_453] Few parameters failed to configure
03-13 07:47:31.687  2007  2007 I SensorsGrip: TouchLight::enable: 0 1
03-13 07:47:31.687  2452 11702 I CameraService: onUidStateChanged: uid=10261, procState is changed. (3 -> 5)
03-13 07:47:31.687 23018 23018 I SV[84454638 MapsActivity]: releaseSurfaces: viewRoot = VRI[MapsActivity]@8a8d0ce
03-13 07:47:31.687  3003  3064 D HintManagerService: Sent cleanup message for uid 10279
03-13 07:47:31.687  4205  4205 D NavBarStateManager: NavBarStates(1) isLargeCoverScreenSyncEnabled: false
03-13 07:47:31.687  4205  4205 D Navbar.NavigationBar: onInit() Cover navbar hidden: sync option is off
03-13 07:47:31.687  4205  4205 D NavBarStateManager: NavBarStates(1) isNavBarHiddenByKnox: false
03-13 07:47:31.687  3003  3130 D SensorManager: unregisterListener :: com.android.server.display.AutomaticBrightnessController$3@ce52465
03-13 07:47:31.687  3003  3130 I DisplayBrightnessStrategySelector: Changing the DisplayBrightnessStrategy from AutomaticBrightnessStrategy to ScreenOffBrightnessStrategy for display 0
03-13 07:47:31.687  3003  3130 W DisplayPowerController[0]: Animating brightness: target=0(0.00), rate=0.000, rateAtHbm=0.000, reason=screen_off[0]
03-13 07:47:31.687 23018 23018 V SurfaceView: Layout: x=0 y=0 w=1080 h=2496, frame=Rect(0, 0 - 1080, 2496)
03-13 07:47:31.687  2452 11702 I CameraService: onUidStateChanged: uid=10053, procState is changed. (0 -> 1)
03-13 07:47:31.687  4205  4205 D NavBarStateManager: NavBarStates(0) canShowKeyboardButtonForRotation(0): true
03-13 07:47:31.688  4205  4205 D NavBarStateManager: NavBarStates(1) supportLargeCoverScreenNavBar: true
03-13 07:47:31.688  4205  4205 D NavBarStateManager: NavBarStates(0) canShowKeyboardButtonForRotation(0): true
03-13 07:47:31.688 23018 23054 D SurfaceView: 230397555 windowPositionLost, frameNr = 0
03-13 07:47:31.688  3003  3130 D DisplayPowerController[0]: saveBrightnessInfo: brt:0.02352941 adjBrt:0.0 min:0.0 max:1.0 hbm:0 tp:1.0 throttler:0 isAnimating:false
03-13 07:47:31.689  3003  3130 V DisplayPowerController[0]: Brightness [0.0] reason changing to: 'screen_off', previous reason: 'automatic'.
03-13 07:47:31.689  3003  3130 I DisplayPowerController[0]: BrightnessEvent: brt=0.0 (0.0%), nits= 1.0, lux=-1.0, reason=screen_off, strat=ScreenOffBrightnessStrategy, state=OFF, stateReason=DEFAULT_POLICY, policy=OFF, flags=, initBrt=0.02352941, rcmdBrt=NaN, preBrt=NaN, preLux=0.0, wasShortTermModelActive=false, autoBrightness=true (default), unclampedBrt=0.0, hbmMax=1.0, hbmMode=off, thrmMax=1.0, rbcStrength=-1, powerFactor=1.0, physDisp=Built-in Screen(local:4630946564756762243), logicalId=0, slowChange=false, rampSpeed=0.0
03-13 07:47:31.689  5915  5959 V OsAgent : broadcastSystemEvent - 7
03-13 07:47:31.689  5915  5959 V OsAgent : broadcastSystemEvent - 7
03-13 07:47:31.689  5915  5959 V OsAgent : broadcastSystemEvent - 7
03-13 07:47:31.689  4205  4205 D NavBarStateManager: NavBarStates(1) supportLargeCoverScreenNavBar: true
03-13 07:47:31.689  4205  4205 D NavBarStateManager: NavBarStates(0) canShowKeyboardButtonForRotation(1): true
03-13 07:47:31.689  3003  4082 D DisplayManagerService: !@display_state requestDisplayStateInternal: ON -> OFF displayId=0
03-13 07:47:31.690  3003  4082 D SemInputDeviceManagerService: setDisplayState[1] EARLY: ON(2) -> OFF(1)
03-13 07:47:31.690  4205  4205 D NavBarStateManager: NavBarStates(1) supportLargeCoverScreenNavBar: true
03-13 07:47:31.690  4205  4205 D NavBarStateManager: NavBarStates(0) canShowKeyboardButtonForRotation(2): true
03-13 07:47:31.690  3003  4082 D LocalDisplayAdapter: notifyStateChangeStart: com.samsung.android.hardware.secinputdev.external.DisplayStateListenerWrapper$1@444e177 took 1 ms
03-13 07:47:31.690  3003  4082 D LocalDisplayAdapter: notifyStateChangeStart: com.android.server.biometrics.SemBiometricDisplayStateMonitor@e8de626 took 0 ms
03-13 07:47:31.690  3003  4082 D LocalDisplayAdapter: notifyStateChangeStart: com.android.server.display.mode.RefreshRateModeManager$1@d4f0f0f took 0 ms
03-13 07:47:31.690  3003  4082 D LocalDisplayAdapter: surface lcd : 0(-1.000), 0(-1.000), main +
03-13 07:47:31.690  2105  2105 I SurfaceFlinger: setDisplayBrightness(4630946564756762243): displayBrightness: -1.000000, displayBrightnessNits: 1.000000, sdrWhitePointNits: 1.000000 , dimmingRatio: 1.000000
03-13 07:47:31.690  4205  4205 D NavBarStateManager: NavBarStates(1) supportLargeCoverScreenNavBar: true
03-13 07:47:31.690  3003  4082 D LocalDisplayAdapter: surface lcd : 0(-1.000), 0(-1.000), main -
03-13 07:47:31.690  3003  4082 W LocalDisplayAdapter: !@display_state - 1490 : ON -> OFF (MAIN)
03-13 07:47:31.690  2053  2951 D C2BqBuffer: local generation change 4464711 , bqId: 18726057410560 migrated buffers # 0
03-13 07:47:31.690  3003  3994 D SemInputDevice:TSP: ActivateTask: 1,0 [03-13 07:47:31.690]
03-13 07:47:31.690  4205  4205 D NavBarStateManager: NavBarStates(0) canShowKeyboardButtonForRotation(3): true
03-13 07:47:31.691  4360 23654 I CCodec  : [c2.qti.hevc.decoder] state->set(RUNNING)
03-13 07:47:31.691  2105  2105 D SurfaceFlinger: Setting power mode 0 on physical display 4630946564756762243 (skipComposer: 0)
03-13 07:47:31.691  2053 13496 I QC2CompStore: Setting heap usage to system
03-13 07:47:31.691  3003  3067 I DisplayDeviceRepository: Display device changed state: "Built-in Screen", OFF
03-13 07:47:31.691  3003  3067 I LogicalDisplayMapper: Set isInTransition on display 0: false
03-13 07:47:31.691  3003  3067 I LogicalDisplayMapper: Set isInTransition on display 1: false
03-13 07:47:31.691  3003  3067 I LogicalDisplayMapper: Applying layout: [{dispId: 0(OFF), displayGroupName: , addr: {port=131, model=0x40446d5d66246e}, mThermalBrightnessThrottlingMapId: null, mRefreshRateZoneId: null, mLeadDisplayId: -1, mLeadDisplayAddress: null, mThermalRefreshRateThrottlingMapId: null, mPowerThrottlingMapId: null}, {dispId: 1(ON), displayGroupName: , addr: {port=132, model=0x40446d6e9178a2}, mThermalBrightnessThrottlingMapId: null, mRefreshRateZoneId: null, mLeadDisplayId: -1, mLeadDisplayAddress: null, mThermalRefreshRateThrottlingMapId: null, mPowerThrottlingMapId: null}], Previous layout: [{dispId: 0(ON), displayGroupName: , addr: {port=131, model=0x40446d5d66246e}, mThermalBrightnessThrottlingMapId: null, mRefreshRateZoneId: null, mLeadDisplayId: -1, mLeadDisplayAddress: null, mThermalRefreshRateThrottlingMapId: null, mPowerThrottlingMapId: null}, {dispId: 1(OFF), displayGroupName: , addr: {port=132, model=0x40446d6e9178a2}, mThermalBrightnessThrottlingMapId: null, mRefreshRateZoneId: null, mLeadDisplayId: -1, mLeadDisplayAddress: null, mThermalRefreshRateThrottlingMapId: null, mPowerThrottlingMapId: null}]
03-13 07:47:31.691  3003  3067 D LogicalDisplayMapper: applyLayoutLocked[0], oldDisplay=0, newDisplay=0, displayLayout={dispId: 0(OFF), displayGroupName: , addr: {port=131, model=0x40446d5d66246e}, mThermalBrightnessThrottlingMapId: null, mRefreshRateZoneId: null, mLeadDisplayId: -1, mLeadDisplayAddress: null, mThermalRefreshRateThrottlingMapId: null, mPowerThrottlingMapId: null}
03-13 07:47:31.691  3003  3067 I LogicalDisplayMapper: SetEnabled on display 0: false
03-13 07:47:31.691  3003  3067 D LogicalDisplayMapper: applyLayoutLocked[1], oldDisplay=1, newDisplay=1, displayLayout={dispId: 1(ON), displayGroupName: , addr: {port=132, model=0x40446d6e9178a2}, mThermalBrightnessThrottlingMapId: null, mRefreshRateZoneId: null, mLeadDisplayId: -1, mLeadDisplayAddress: null, mThermalRefreshRateThrottlingMapId: null, mPowerThrottlingMapId: null}
03-13 07:47:31.691  3003  3067 I LogicalDisplayMapper: SetEnabled on display 1: true
03-13 07:47:31.691  2040  2451 I SDM     : DisplayBuiltIn::SetPanelBrightness: Setting brightness to level 0 (-100.000000 percent) primary(1) display(68)
03-13 07:47:31.691  3003  3067 D DisplayManager.PersistentDataStore: saveToXml remembered active display fit status value:false
03-13 07:47:31.691  2105  2105 D SurfaceFlinger: setPhysicalDisplayPowerMode: Optimizing thread scheduling: optimizeForPower
03-13 07:47:31.691  4205  4205 D NavBarStateManager: NavBarStates(1) supportLargeCoverScreenNavBar: true
03-13 07:47:31.691  4205  4205 I WindowManager: WindowManagerGlobal#addView, ty=2019, view=com.android.systemui.navigationbar.views.NavigationBarFrame{b635829 V.E...... ......I. 0,0-0,0 #7f0a083f app:id/navigation_bar_frame}, caller=android.view.WindowManagerImpl.addView:158 com.android.systemui.navigationbar.views.NavigationBar.onInit:238 com.android.systemui.util.ViewController.init:6 
03-13 07:47:31.691  4205  4205 I ViewRootImpl: dVRR is disabled
03-13 07:47:31.692 23018 23054 D HWUI    : CacheManager::trimMemory(20)
03-13 07:47:31.692  4205  4394 D NativeCustomFrequencyManager: [NativeCFMS] BpCustomFrequencyManager::BpCustomFrequencyManager()
03-13 07:47:31.692  4360 23654 I CCodecBufferChannel: [c2.qti.hevc.decoder#452] 10 initial input buffers available
03-13 07:47:31.692  2053 13496 W QC2Interface: [hvcD_453] Failed to query parameters
03-13 07:47:31.692  2022  2124 I HYPER-HAL: [RequestManager.cpp]acquire(): Acquired ID : 108359255  [2025 / 12695]    HINT :      list : [TID_LOW_LATENCY / 0] [TID / 23103] [TID / 23104] [TID / 23018] [TID / 23054] 
03-13 07:47:31.692  3003  3678 D SemInputMotionEventDispatcher: unregisterMotionEventListener: com.samsung.android.hardware.secinputdev.taas.ExternalApi$5@7af94ab
03-13 07:47:31.692  2040  2318 I SDM     : HWPeripheralDRM::SetPanelBrightnessWork: Setting brightness to level 0 through sysfs node. primary(1), type_id(1)
03-13 07:47:31.692  3003  3678 D InputTransport: Input channel destroyed: '[Gestur', fd=1203
03-13 07:47:31.692  3003  3678 I SemInputMotionEventDispatcher: unregisterInputEventReceiver: dispose InputEventReceiver
03-13 07:47:31.692  3003  3678 D InputTransport: Input channel destroyed: '[Gestur', fd=1041
03-13 07:47:31.692  2040  2451 I SDM     : HWCDisplay::SetPowerMode: display = 0, mode = OFF
03-13 07:47:31.692  2040  2451 I SDM     : DisplayBase::SetDisplayState: Set state = 0, display 68-0, teardown = 0
03-13 07:47:31.692  2496  1163 I ResourceManagerService: addMediaInfo pid 4360 (width 1080 height 2640), allocated hw codec count 1
03-13 07:47:31.692  2040  2451 I SDM     : DRMPanelFeatureMgr::MarkForNullCommit: Marked 7 for null commit
03-13 07:47:31.692  2040  2451 I SDM     : HWDeviceDRM::PowerOff: Display:68 Setting Fingerprint Indisplay Layer property = 0
03-13 07:47:31.692  2496  1163 I ResourceManagerService: getMediaResourceInfo (PID : 4360, clientID : -5476376666658750160, non-secure-codec/hw-video-codec:[]:1, 1080x2640 (fps:120) - sw codec : no, encoder : no componentName = c2.qti.hevc.decoder bitrate = 17000000)
03-13 07:47:31.693  2496 10924 W ResourceManagerServiceUtils: Ignoring request to add new resource entry with value <= 0
03-13 07:47:31.693  3003  3678 D InputTransport: Input channel destroyed: '[Gestur', fd=1199
03-13 07:47:31.693  3003  3678 I SemInputMotionEventDispatcher: unregisterInputEventReceiver: dispose InputMonitor
03-13 07:47:31.693  6380  6380 I SemMediaResourceHelper: onAdd
03-13 07:47:31.693  2105  2922 I SurfaceFlinger: id=37129 createSurf, flag=84004, WindowToken{77af53d type=2019 android.os.BinderProxy@5e3fae7}#37129
03-13 07:47:31.693  3003  3130 D DisplayPowerController[1]: onDisplayChanged: mIsEnabled=true mIsInTransition=false mDualScreenPolicy=1 mDisplayDevice=com.android.server.display.LocalDisplayAdapter$LocalDisplayDevice@267658d
03-13 07:47:31.693  3003  3130 D DisplayPowerController[1]: animateScreenStateChange: target=OFF, mIsEnabled=true
03-13 07:47:31.693  3003  3130 D DisplayPowerController[0]: onDisplayChanged: mIsEnabled=false mIsInTransition=false mDualScreenPolicy=1 mDisplayDevice=com.android.server.display.LocalDisplayAdapter$LocalDisplayDevice@a261cbf
03-13 07:47:31.693  3003  3130 D DisplayPowerController[0]: animateScreenStateChange: target=OFF, mIsEnabled=false
03-13 07:47:31.693  3003  3130 D BrightnessThermalClamper: Thermal status observer already started
03-13 07:47:31.693  3003  6692 D InputTransport: Input channel constructed: '413132 ', fd=743
03-13 07:47:31.694  3003  3130 D BrightnessThermalClamper: Thermal status observer already started
03-13 07:47:31.694  2022  2124 I HYPER-HAL: [RequestManager.cpp]releaseLocked(): Released ID : 20540874
03-13 07:47:31.694  4360 23653 I MediaCodec: setCodecState state(0), called in 6, domain 1, 1
03-13 07:47:31.694  2053 23666 I QC2CompStore: Setting heap usage to system
03-13 07:47:31.695  2007  2007 I sensors-hal: activate:300, com.samsung.sensor.light_seamless/1782 en=0
03-13 07:47:31.695  2007  2007 I sensors-hal: send_sync_sensor_request:508, send sync request
03-13 07:47:31.695  2007  2007 I sensors-hal: send_sync_sensor_request:518, send_sync_sensor_request before send_request for light_seamless with SUID low=11039298318857557060 high=1340270623893619472
03-13 07:47:31.695  2007  2007 I sensors-hal: send_sync_sensor_request:537, wait for notification of response
03-13 07:47:31.695  6380  6380 I SemMediaResourceHelper: onState
03-13 07:47:31.695  2007  3645 I sensors-hal: qsh_conn_resp_cb:930, resp_value = 0 for light_seamless 
03-13 07:47:31.695  4360  4776 I SprWallpaper|FoldInteractive: resetFrame : onSeekReady
03-13 07:47:31.695  4360  4776 I SprWallpaper|FoldInteractive: seekTo: frame[0], time[0]
03-13 07:47:31.696  2007  2007 I sensors-hal: send_sync_sensor_request:543, takes 1 ms to receive the response with 0
03-13 07:47:31.696  2007  2007 I sensors-hal: activate:330, com.samsung.sensor.light_seamless/1782 en=0 completed
03-13 07:47:31.696  3003  6692 D InputTransport: Input channel constructed: '413132 ', fd=1023
03-13 07:47:31.696  3003  3067 D SensorManager: unregisterListener :: com.android.server.display.mode.DisplayModeDirector$BrightnessObserver$LightSensorEventListener@b4fe971
03-13 07:47:31.696  3003  3067 D BrightnessSynchronizer: onDisplayChanged() : displayId=0
03-13 07:47:31.696  3003  3067 D BrightnessSynchronizer: updateScreenBrightness: displayId=0 type=2 mPreferredSettingValue=0.02352941(6) currentBrightnessInt=6 currentBrightnessIntFromFloat=6(0.02352941)
03-13 07:47:31.696  3003  6692 D InputTransport: Input channel constructed: '413132 ', fd=1076
03-13 07:47:31.697  3003  6692 D InputTransport: Input channel destroyed: '413132 ', fd=1023
03-13 07:47:31.697  3003  3067 I InputManager-JNI: Viewport [0] to add: local:4630946564756762243, isActive: false
03-13 07:47:31.697  3003  3067 D InputManager-JNI: Viewport [0] type:1, displayId=0, uniqueId=local:4630946564756762243, orientation=0, logicalFrame=[0, 0][1080, 2640], physicalFrame=[0, 0][1080, 2640], deviceSize=[1080, 2640]
03-13 07:47:31.697  3003  3067 I InputManager-JNI: Viewport [1] to add: local:4630946638498144900, isActive: false
03-13 07:47:31.697  3003  3067 D InputManager-JNI: Viewport [1] type:1, displayId=1, uniqueId=local:4630946638498144900, orientation=0, logicalFrame=[0, 0][748, 720], physicalFrame=[0, 0][748, 720], deviceSize=[748, 720]
03-13 07:47:31.697  2105  2922 I SurfaceFlinger: id=37130 createSurf, flag=84004, 413132 NavigationBar1#37130
03-13 07:47:31.697  3003  6692 D RestrictionPolicy: isScreenCaptureEnabled : ret=true userId=0
03-13 07:47:31.697  3003  3661 I InputReader: Reconfiguring input devices, changes=DISPLAY_INFO
03-13 07:47:31.697  3003  3661 I InputReader: support feature by TSP : 0x321
03-13 07:47:31.697  3003  3661 I InputReader: support feature by TSP : 0x321
03-13 07:47:31.698  3003  3613 I ActivityManager: Changes in 10095 19 to 8, 0 to 128
03-13 07:47:31.698  3003  6692 D InsetsSourceProvider: updateVisibility: serverVisible=false, clientVisible=false, source=InsetsSource: {e5440001 mType=navigationBars mFrame=[0,0][0,0] mVisible=false mFlags= mSideHint=NONE mBoundingRects=null}, controlTarget=null, from=com.android.server.wm.InsetsSourceProvider.setClientVisible:8 com.android.server.wm.InsetsSourceProvider.setWindowContainer:160 com.android.server.wm.WindowManagerService.addWindowInner:148 com.android.server.wm.WindowManagerService.addWindow:1842 com.android.server.wm.Session.addToDisplayAsUser:24 android.view.IWindowSession$Stub.onTransact:757 com.android.server.wm.Session.onTransact:1 android.os.Binder.execTransactInternal:1457 android.os.Binder.execTransact:1401 <bottom of call stack> 
03-13 07:47:31.698  3003  6692 E WindowManager: Display reconfigured outside of a transition: Display{#1 state=OFF size=748x720 ROTATION_0}
03-13 07:47:31.699  3003  3130 D BrightnessThermalClamper: Thermal status observer already started
03-13 07:47:31.699  3003  6692 I WindowManager: [d1] Override config changes=20000c00 {0.0 ?mcc0mnc ?localeList ?layoutDir sw291dp w352dp h291dp 340dpi smll hdr widecg land ?uimode ?night finger -keyb/v/h -nav/h winConfig={ mBounds=Rect(0, 0 - 748, 720) mAppBounds=Rect(0, 0 - 748, 618) mMaxBounds=Rect(0, 0 - 748, 720) mDisplayRotation=ROTATION_0 mWindowingMode=fullscreen mActivityType=undefined mAlwaysOnTop=undefined mRotation=ROTATION_0 mStageConfig=undefined mPopOver=undefined mOverlappingWithCutout=false mFlexPanelMode=off} ?fontWeightAdjustment ff=0 bf=-1 bts=0 cst=1.0 nightDim=-1 themeSeq=0}, callers=com.android.server.wm.DisplayContent.updateDisplayOverrideConfigurationLocked:24 com.android.server.wm.DisplayContent.sendNewConfiguration:133 com.android.server.wm.WindowManagerService.addWindowInner:712 com.android.server.wm.WindowManagerService.addWindow:1842 com.android.server.wm.Session.addToDisplayAsUser:24 
03-13 07:47:31.699  3003  6692 D WindowManager: Transition is created, t=TransitionRecord{8408ef5 id=-1 type=CHANGE flags=0x0}, caller=com.android.server.wm.Transition.<init>:182 com.android.server.wm.TransitionController.createTransition:17 com.android.server.wm.DisplayContent.requestChangeTransition:5 com.android.server.wm.DisplayContent.performDisplayOverrideConfigUpdate:333 com.android.server.wm.DisplayContent.updateDisplayOverrideConfigurationLocked:24 
03-13 07:47:31.699  3003  6692 D BLASTSyncEngine: SyncGroup is created, id=4361, name=Transition-CHANGE, caller=com.android.server.wm.BLASTSyncEngine$SyncGroup.<init>:52 com.android.server.wm.TransitionController.moveToCollecting:79 com.android.server.wm.TransitionController.createTransition:46 com.android.server.wm.DisplayContent.requestChangeTransition:5 com.android.server.wm.DisplayContent.performDisplayOverrideConfigUpdate:333 com.android.server.wm.DisplayContent.updateDisplayOverrideConfigurationLocked:24 com.android.server.wm.DisplayContent.sendNewConfiguration:133 
03-13 07:47:31.700  3003  6692 W BLASTSyncEngine: setSyncMethod, id=4361, method=0, caller=com.android.server.wm.TransitionController.moveToCollecting:91 com.android.server.wm.TransitionController.createTransition:46 com.android.server.wm.DisplayContent.requestChangeTransition:5 
03-13 07:47:31.700  3003  6692 V WindowManager: Start collecting in Transition: TransitionRecord{8408ef5 id=4361 type=CHANGE flags=0x0}, caller=com.android.server.wm.TransitionController.createTransition:46 com.android.server.wm.DisplayContent.requestChangeTransition:5 com.android.server.wm.DisplayContent.performDisplayOverrideConfigUpdate:333 com.android.server.wm.DisplayContent.updateDisplayOverrideConfigurationLocked:24 com.android.server.wm.DisplayContent.sendNewConfiguration:133 
03-13 07:47:31.700  3003  3613 I ActivityManager: Changes in 10374 19 to 8, 0 to 128
03-13 07:47:31.700  3003  6692 V WindowManager: Requesting StartTransition: TransitionRecord{8408ef5 id=4361 type=CHANGE flags=0x0}, caller=com.android.server.wm.DisplayContent.requestChangeTransition:10 com.android.server.wm.DisplayContent.performDisplayOverrideConfigUpdate:333 com.android.server.wm.DisplayContent.updateDisplayOverrideConfigurationLocked:24 com.android.server.wm.DisplayContent.sendNewConfiguration:133 com.android.server.wm.WindowManagerService.addWindowInner:712 
03-13 07:47:31.700  3003  6692 V WindowManager: Collecting in transition 4361: Display{#1 state=OFF size=748x720 ROTATION_0}, caller=com.android.server.wm.DisplayContent.requestChangeTransition:71 com.android.server.wm.DisplayContent.performDisplayOverrideConfigUpdate:333 com.android.server.wm.DisplayContent.updateDisplayOverrideConfigurationLocked:24 com.android.server.wm.DisplayContent.sendNewConfiguration:133 com.android.server.wm.WindowManagerService.addWindowInner:712 
03-13 07:47:31.700  3003  6692 D WindowManager: prepareSync <SYNC_STATE_WAITING_FOR_DRAW>, mPrepareSyncSeqId=0, win=Window{21b9755 u0 ScreenDecorOverlayCover}
03-13 07:47:31.700  3003  6692 D WindowManager: prepareSync <SYNC_STATE_WAITING_FOR_DRAW>, mPrepareSyncSeqId=0, win=Window{413132 u0 NavigationBar1}
03-13 07:47:31.700  3003  6692 D WindowManager: prepareSync <SYNC_STATE_WAITING_FOR_DRAW>, mPrepareSyncSeqId=0, win=Window{243e821 u0 SubScreenQuickPanel}
03-13 07:47:31.700  3003  6692 D WindowManager: prepareSync <SYNC_STATE_WAITING_FOR_DRAW>, mPrepareSyncSeqId=0, win=Window{3b7b695 u0 com.android.systemui/com.android.systemui.subscreen.SubHomeActivity}
03-13 07:47:31.700  3003  6692 D WindowManager: prepareSync <SYNC_STATE_WAITING_FOR_DRAW>, mPrepareSyncSeqId=0, win=Window{8bc5e3f u0 com.samsung.android.smartsuggestions/com.samsung.android.smartsuggestions.feature.aisuggestion.ui.onboarding.OnboardingActivity}
03-13 07:47:31.700  2040  2451 I SDM     : HWDeviceDRM::NullCommit: Null commit succeeded crtc=208
03-13 07:47:31.700  2040  2451 I SDM     : DisplayBase::SetDisplayState: wait for retire_fence_...
03-13 07:47:31.700  2040  2451 I SDM     : DisplayBase::WaitForCompletion: Wait for cached retire fence to be in steady state
03-13 07:47:31.701  4205  4267 V WindowManagerShell: Transition requested (#4361): android.os.BinderProxy@e95e94f TransitionRequestInfo { type = CHANGE, triggerTask = null, pipChange = null, remoteTransition = null, displayChange = null, flags = 0, debugId = 4361 }
03-13 07:47:31.701  4205  4267 D ShellDesktopMode: handleRequest: TransitionRequestInfo {type=6, tid=null, debugId=4361}
03-13 07:47:31.701  4205  4267 V ShellDesktopMode: DesktopTasksController: skipping handleRequest reason=transition type not handled (6)
03-13 07:47:31.701  3003  6692 V WindowManager: Collecting in transition 4361: WindowToken{8004a5b type=2024 android.os.BinderProxy@d7bba75}, caller=com.android.server.wm.TransitionController$$ExternalSyntheticLambda3.accept:43 com.android.server.wm.WindowContainer$ForAllWindowsConsumerWrapper.apply:5 com.android.server.wm.WindowState.applyInOrderWithImeWindows:22 com.android.server.wm.WindowState.forAllWindows:9 com.android.server.wm.WindowContainer.forAllWindows:2 
03-13 07:47:31.701  4135  4135 I MFContents.Core: AmMFC created! with v2.1.1
03-13 07:47:31.702  4171  4171 I MediaSearchJobService: onStartJob()
03-13 07:47:31.702  2022  2124 I HYPER-HAL: [RequestManager.cpp]acquire(): Acquired ID : 108653885  [2025 / 12715]    HINT :      list : [TID_LOW_LATENCY / 1] [TID / 4392] [TID / 4393] [TID / 4205] [TID / 4394] 
03-13 07:47:31.703  2092  2092 I SSC_DAEMON: handleSensorTestReqMsg:85, Sensor type :4, Msg type:11
03-13 07:47:31.703  2092  2092 I SSC_DAEMON: physicalSensorTestReqMsg:130, s:4, m:11
03-13 07:47:31.703  2053 23666 I QC2Buf  : Reconfig: clearing from 0 bufs. Peak mem=0 MB
03-13 07:47:31.703  2053 23666 I QC2Buf  : Reconfig: clearing from 0 bufs. Peak mem=0 MB
03-13 07:47:31.703  3003  7292 D HintManagerService: SystemUI make new AppHintSession but force pause
03-13 07:47:31.703  2022  2124 I HYPER-HAL: [RequestManager.cpp]acquire(): Acquired ID : 108653885  [2025 / 12715]    HINT :      list : [TID_LOW_LATENCY / 0] [TID / 4392] [TID / 4393] [TID / 4205] [TID / 4394] 
03-13 07:47:31.703  3003  6692 I MultiTaskingController: onConfigurationChangedLocked: display#1, configChanges=0x20000c00, scaleW=1.0, scaleH=1.0, prevScreenBounds=Rect(0, 0 - 748, 720), nextScreenBounds=Rect(0, 0 - 748, 720)
03-13 07:47:31.704  3003  6500 I BatteryService_BatteryPropertiesRegistrar: [getProperty]id:4
03-13 07:47:31.704  3003  6500 I BatteryService_BatteryPropertiesRegistrar: [getProperty]prop.long:-9223372036854775808 ,prop.string:null
03-13 07:47:31.705  2092  3859 I SSC_DAEMON: light_event_log:172, light_msg(4/11): br 0 (lux 0,idx 0) - -1,-1,5
03-13 07:47:31.705  4171  4171 I MediaSearch.DeviceUtils: Battery Mode :  0, Current Battery Level : 98%
03-13 07:47:31.705  4171  4171 I MediaSearch.DeviceUtils: Battery Mode (NORMAL) :  100% 
03-13 07:47:31.705  4171  4171 I MediaSearchJobService: Encoder starting...
03-13 07:47:31.706  4171  4171 I MediaSearchJobService: Encoder started
03-13 07:47:31.707  4360 23654 I CCodecBufferChannel: [c2.qti.hevc.decoder#452] updating max output delay 17
03-13 07:47:31.708  2092  2092 I SSC_DAEMON: handleSensorTestReqMsg:85, Sensor type :4, Msg type:15
03-13 07:47:31.708  2092  2092 I SSC_DAEMON: physicalSensorTestReqMsg:130, s:4, m:15
03-13 07:47:31.709  3003  6692 D InsetsSourceProvider: updateVisibility: serverVisible=false, clientVisible=true, source=InsetsSource: {e5440024 mType=systemGestures mFrame=[0,0][0,0] mVisible=false mFlags= mSideHint=NONE mBoundingRects=null}, controlTarget=null, from=com.android.server.wm.InsetsSourceProvider.setServerVisible:6 com.android.server.wm.InsetsSourceProvider.onPostLayout:30 com.android.server.wm.InsetsStateController.onPostLayout:26 com.android.server.wm.RootWindowContainer.applySurfaceChangesTransaction$1:203 com.android.server.wm.RootWindowContainer.performSurfacePlacementNoTrace:86 com.android.server.wm.WindowSurfacePlacer.performSurfacePlacement:166 com.android.server.wm.ActivityTaskManagerService.continueWindowLayout:28 com.android.server.wm.DisplayContent.updateDisplayOverrideConfigurationLocked:78 com.android.server.wm.DisplayContent.sendNewConfiguration:133 com.android.server.wm.WindowManagerService.addWindowInner:712 
03-13 07:47:31.709  3003  6692 D InsetsSourceProvider: updateVisibility: serverVisible=false, clientVisible=true, source=InsetsSource: {e5440006 mType=tappableElement mFrame=[0,0][0,0] mVisible=false mFlags= mSideHint=NONE mBoundingRects=null}, controlTarget=null, from=com.android.server.wm.InsetsSourceProvider.setServerVisible:6 com.android.server.wm.InsetsSourceProvider.onPostLayout:30 com.android.server.wm.InsetsStateController.onPostLayout:26 com.android.server.wm.RootWindowContainer.applySurfaceChangesTransaction$1:203 com.android.server.wm.RootWindowContainer.performSurfacePlacementNoTrace:86 com.android.server.wm.WindowSurfacePlacer.performSurfacePlacement:166 com.android.server.wm.ActivityTaskManagerService.continueWindowLayout:28 com.android.server.wm.DisplayContent.updateDisplayOverrideConfigurationLocked:78 com.android.server.wm.DisplayContent.sendNewConfiguration:133 com.android.server.wm.WindowManagerService.addWindowInner:712 
03-13 07:47:31.709  3003  6692 D InsetsSourceProvider: updateVisibility: serverVisible=false, clientVisible=true, source=InsetsSource: {e5440005 mType=mandatorySystemGestures mFrame=[0,0][0,0] mVisible=false mFlags= mSideHint=NONE mBoundingRects=null}, controlTarget=null, from=com.android.server.wm.InsetsSourceProvider.setServerVisible:6 com.android.server.wm.InsetsSourceProvider.onPostLayout:30 com.android.server.wm.InsetsStateController.onPostLayout:26 com.android.server.wm.RootWindowContainer.applySurfaceChangesTransaction$1:203 com.android.server.wm.RootWindowContainer.performSurfacePlacementNoTrace:86 com.android.server.wm.WindowSurfacePlacer.performSurfacePlacement:166 com.android.server.wm.ActivityTaskManagerService.continueWindowLayout:28 com.android.server.wm.DisplayContent.updateDisplayOverrideConfigurationLocked:78 com.android.server.wm.DisplayContent.sendNewConfiguration:133 com.android.server.wm.WindowManagerService.addWindowInner:712 
03-13 07:47:31.709  3003  6692 D InsetsSourceProvider: updateVisibility: serverVisible=false, clientVisible=true, source=InsetsSource: {e5440004 mType=systemGestures mFrame=[0,0][0,0] mVisible=false mFlags= mSideHint=NONE mBoundingRects=null}, controlTarget=null, from=com.android.server.wm.InsetsSourceProvider.setServerVisible:6 com.android.server.wm.InsetsSourceProvider.onPostLayout:30 com.android.server.wm.InsetsStateController.onPostLayout:26 com.android.server.wm.RootWindowContainer.applySurfaceChangesTransaction$1:203 com.android.server.wm.RootWindowContainer.performSurfacePlacementNoTrace:86 com.android.server.wm.WindowSurfacePlacer.performSurfacePlacement:166 com.android.server.wm.ActivityTaskManagerService.continueWindowLayout:28 com.android.server.wm.DisplayContent.updateDisplayOverrideConfigurationLocked:78 com.android.server.wm.DisplayContent.sendNewConfiguration:133 com.android.server.wm.WindowManagerService.addWindowInner:712 
03-13 07:47:31.709  3003  6692 W SurfaceControl: Invalid layer stack -1
03-13 07:47:31.709  3003  6692 I DisplayDevice: [0] Layerstack set to -1 for local:4630946564756762243
03-13 07:47:31.710  2092  3859 I SSC_DAEMON: light_event_log:196, light_msg(4/15): panel off (idx 0) - 0,-1,-1,0
03-13 07:47:31.710  3003  6692 D InputTransport: Input channel destroyed: '413132 ', fd=1076
03-13 07:47:31.710  3003  3067 D PointerChoreographer: setDefaultMouseDisplayId: 0 -> 1
03-13 07:47:31.710  6239  6239 I SSS     : [ChatRoomComponentManager] onConfigurationChanged: {1.0 ?mcc0mnc [en_US] ldltr sw291dp w352dp h291dp 340dpi smll hdr widecg land night finger -keyb/v/h -nav/h winConfig={ mBounds=Rect(0, 0 - 748, 720) mAppBounds=Rect(0, 0 - 748, 618) mMaxBounds=Rect(0, 0 - 748, 720) mDisplayRotation=ROTATION_0 mWindowingMode=fullscreen mActivityType=undefined mAlwaysOnTop=undefined mRotation=ROTATION_0 mStageConfig=undefined mPopOver=off mOverlappingWithCutout=false mFlexPanelMode=off} s.5719 fontWeightAdjustment=0 ff=0 bf=-1 bts=0 cst=1.0 nightDim=0 themeSeq=0}
03-13 07:47:31.711  4205  4205 D InputTransport: Input channel constructed: '413132 ', fd=517
03-13 07:47:31.711  3003  3067 D MouseCursorController: loadResourcesLocked for display 1
03-13 07:47:31.711  4205  4205 I InsetsController: onStateChanged: host=NavigationBar1, from=android.view.ViewRootImpl.onInsetsStateChanged:3026, state=InsetsState: {mDisplayFrame=Rect(0, 0 - 748, 720), mDisplayCutout=DisplayCutout{insets=Rect(0, 0 - 0, 66) waterfall=Insets{left=0, top=0, right=0, bottom=0} boundingRect={Bounds=[Rect(0, 0 - 0, 0), Rect(0, 0 - 0, 0), Rect(0, 0 - 0, 0), Rect(379, 654 - 748, 720)]} cutoutPathParserInfo={CutoutPathParserInfo{displayWidth=748 displayHeight=720 physicalDisplayWidth=748 physicalDisplayHeight=720 density={2.125} cutoutSpec={@bottom @right M 0,0 H -173.6470588235294 V -31.05882352941176 H 0 V 0 Z @dp} rotation={0} scale={1.0} physicalPixelDisplaySizeRatio={1.0}}} sideOverrides={}}, mRoundedCorners=RoundedCorners{[RoundedCorner{position=TopLeft, radius=49, center=Point(49, 49)}, RoundedCorner{position=TopRight, radius=49, center=Point(699, 49)}, RoundedCorner{position=BottomRight, radius=49, center=Point(699, 671)}, RoundedCorner{position=BottomLeft, radius=49, center=Point(49, 671)}]}  mRoundedCornerFrame=Rect(0, 0 - 0, 0), mPrivacyIndicatorBounds=PrivacyIndicatorBounds {static bounds=null rotation=0}, mDisplayShape=DisplayShape{ spec=1406003047 displayWidth=748 displayHeight=720 physicalPixelDisplaySizeRatio=1.0 rotation=0 offsetX=0 offsetY=0 scale=1.0}, mSources= { InsetsSource: {e5440004 mType=systemGestures mFrame=[0,0][0,0] mVisible=false mFlags= mSideHint=NONE mBoundingRects=null}, InsetsSource: {e5440005 mType=mandatorySystemGestures mFrame=[0,0][0,0] mVisible=false mFlags= mSideHint=NONE mBoundingRects=null}, InsetsSource: {e5440024 mType=systemGestures mFrame=[0,0][0,0] mVisible=false mFlags= mSideHint=NONE mBoundingRects=null}, InsetsSource: {67 mType=displayCutout mFrame=[0,654][748,720] mVisible=true mFlags= mSideHint=BOTTOM mBoundingRects=null} }
03-13 07:47:31.711  3003  6828 V WindowManager: Starting Transition 4361, caller=com.android.server.wm.WindowOrganizerController.startTransition:47 com.android.server.wm.WindowOrganizerController.startTransition:1 android.window.IWindowOrganizerController$Stub.onTransact:259 
03-13 07:47:31.711  4205  4205 I VRI[NavigationBar1]@6df37ae: synced displayState. AttachInfo displayState=1
03-13 07:47:31.712  4135  4135 I MFContents.AmMFCManager: Start all
03-13 07:47:31.712  3003  6828 D BLASTSyncEngine: SyncGroup 4361: Set ready true, caller=com.android.server.wm.BLASTSyncEngine.setReady:32 com.android.server.wm.Transition.applyReady:54 com.android.server.wm.Transition.setReady:72 com.android.server.wm.Transition.applyDisplayChangeIfNeeded:95 com.android.server.wm.WindowOrganizerController.applyTransaction:36 com.android.server.wm.WindowOrganizerController.startTransition:48 
03-13 07:47:31.712  3003  6828 D BLASTSyncEngine: SyncGroup 4361:  Unfinished container: WindowToken{8004a5b type=2024 android.os.BinderProxy@d7bba75} mSyncState=2
03-13 07:47:31.712  3003  3067 I InputManager-JNI: notifyPointerDisplayIdChanged: pointer displayId set to: 1
03-13 07:47:31.713  3003  4833 I WindowManager: Relayout Window{13ba634 u0 com.google.android.apps.maps/com.google.android.maps.MapsActivity}: viewVisibility=8 req=1080x2640 ty=1 d0
03-13 07:47:31.713  3003  3661 I InputReader: Reconfiguring input devices, changes=DISPLAY_INFO
03-13 07:47:31.713  4205  4267 V ShellDragAndDrop: Display changed: 1
03-13 07:47:31.713  3003  3661 I InputReader: support feature by TSP : 0x321
03-13 07:47:31.713  3003  3661 I InputReader: support feature by TSP : 0x321
03-13 07:47:31.713  3003  4833 D BLASTSyncEngine: SyncGroup 4361:  Unfinished container: WindowToken{8004a5b type=2024 android.os.BinderProxy@d7bba75} mSyncState=2
03-13 07:47:31.713  3003  3661 W InputReader: Rotary Encoder device configuration file didn't specify resolution!
03-13 07:47:31.713  3003  3661 W InputReader: Rotary Encoder device configuration file didn't specify scaling factor,default to 1.000000!
03-13 07:47:31.713  3003  3661 I InputReader: Rotary Encoder device configuration file didn't specify min log rotation.
03-13 07:47:31.713  3003  3067 D InputManager: notifyDisplayIdChangedByUser: 1
03-13 07:47:31.714  3003  3068 I SurfaceComposerClient: apply DisplayState::eLayerStackChanged(index:0) layerStack(-1)
03-13 07:47:31.714  3003  3068 I SurfaceComposerClient: apply DisplayState::eFlagsChanged(index:0) flags(0)
03-13 07:47:31.714  3003  3003 D SGM:GameManager: onDisplayChanged. displyId: 1, state: 1
03-13 07:47:31.714  3003  3003 V CameraService_worker: onDisplayChanged rotation : 0 current mDeviceState : 6
03-13 07:47:31.715  3003  3804 D WifiDisplayAdapter: isFitToActiveDisplayLocked : false
03-13 07:47:31.715  4205  4205 I VRI[NavigationBar1]@6df37ae: setView = com.android.systemui.navigationbar.views.NavigationBarFrame@b635829 IsHRR=false mFlingFrameRateChange=0 TM=true
03-13 07:47:31.715  3003  4833 I WindowManager: Relayout hash=13ba634, pid=23018, syncId=-1: mAttrs={(0,0)(fillxfill) sim={adjust=resize} ty=BASE_APPLICATION fmt=TRANSLUCENT wanim=0x1030317 preferredRefreshRate=60.0
03-13 07:47:31.715  3003  4833 I WindowManager:   fl=81810100
03-13 07:47:31.715  3003  4833 I WindowManager:   pfl=10008040
03-13 07:47:31.715  3003  4833 I WindowManager:   vsysui=2400
03-13 07:47:31.715  3003  4833 I WindowManager:   apr=18
03-13 07:47:31.715  3003  4833 I WindowManager:   bhv=1
03-13 07:47:31.715  3003  4833 I WindowManager:   fitSides=0
03-13 07:47:31.715  3003  4833 I WindowManager:   frameRateBoostOnTouch=true
03-13 07:47:31.715  3003  4833 I WindowManager:   dvrrWindowFrameRateHint=true naviIconColor=0}
03-13 07:47:31.715  4832 13406 I HoneySpace.Memory-Monitor: no default Display - 1
03-13 07:47:31.715  4205  4205 D NavBarStateManager: NavBarStates(1) supportLargeCoverScreenNavBar: true
03-13 07:47:31.716  2053 23669 I QC2V4L2PollThread: [v4lhvcD_453] KPI_L1: Reconfig: ms=13
03-13 07:47:31.716 19717 19717 I HBD     : DeX h DeX mode state change in non-main thread 
03-13 07:47:31.716 19717 19717 I HBD     : DeX h DeX mode state change: 3 
03-13 07:47:31.717 19717 19803 I HBD     : KeyboardSettingsProvider isAliveIme : false 
03-13 07:47:31.717 19717 19803 I HBD     : c HoneyVoice CoverVoiceIconQueryCommand: false ikbonbo: false, invin: true
03-13 07:47:31.717 19717 19803 I HBD     : c CoverVoiceIconQueryCommand: cover_voice_icon = false 
03-13 07:47:31.717  4205  4205 D NavBarStateManager: multiModalForLargeCover : false
03-13 07:47:31.717  4205  4205 D NavBarView: disableBack=true (isBackDismissIme=false, handlingGestures=false, disabledFlagBack=true, isBottomGesture=false, isImeRenderingNavButtons=false)
03-13 07:47:31.717  4205  4205 D NavBarStateManager: NavBarStates(1) supportLargeCoverScreenNavBar: true
03-13 07:47:31.717  4205  4205 D Navbar.Store: handleEvent(0) OnUpdateSysUiStateFlag(noArguments=true) [Module] SamsungNavigationBarView
03-13 07:47:31.717  4205  4205 D Navbar.Store: --[Band]GESTURE_PACK_UPDATE_SYSTEMUI_STATE_FLAG
03-13 07:47:31.717  4205  4205 D Navbar.Store: --[Band] (afterAction) GESTURE_PACK_UPDATE_SYSTEMUI_STATE_FLAG
03-13 07:47:31.717  4205  4205 D Navbar.Store: handleEvent(0) OnNavBarUpdateA11YService(clickable=false, longClickable=false) [Module] NavigationBar
03-13 07:47:31.717  4205  4205 D Navbar.Store: --[Band]SETUPWIZARD_PACK_UPDATE_A11Y_SERVICE
03-13 07:47:31.717  4205  4205 D Navbar.Store: handleEvent(0) OnButtonOrderChanged(noArguments=true) [Module] NavigationBar
03-13 07:47:31.717  4205  4205 D Navbar.Store: --[Band]CONFIG_PACK_KEY_ORDER_CHANGED
03-13 07:47:31.717  4205  4205 D Navbar.Store: ----apply(0) NavBarStoreAction$ReinflateNavBar
03-13 07:47:31.718  4205  4205 D Navbar.Store: ----handleEvent(0) GetInflateLayoutID(vertical=false) [Module] SamsungNavigationBarInflaterView
03-13 07:47:31.718  4205  4205 D Navbar.Store: ------[Band]STABLE_LAYOUT_PACK_GET_INFLATE_LAYOUT_ID
03-13 07:47:31.718  4205  4205 D NavBarStateManager: NavBarStates(0) getLayoutID(vertical: false): 2131559285
03-13 07:47:31.718  4205  4205 D Navbar.Store: ----handleEvent(0) value= 2131559285
03-13 07:47:31.718 23018 23018 I VRI[MapsActivity]@8a8d0ce: Relayout returned: old=(0,0,1080,2640) new=(0,0,1080,2640) relayoutAsync=false req=(1080,2640)8 dur=16 res=0x2 s={false 0x0} ch=true seqId=0
03-13 07:47:31.718  4205  4205 D Navbar.Store: ----handleEvent(0) GetInflateLayoutID(vertical=true) [Module] SamsungNavigationBarInflaterView
03-13 07:47:31.718  4205  4205 D Navbar.Store: ------[Band]STABLE_LAYOUT_PACK_GET_INFLATE_LAYOUT_ID
03-13 07:47:31.718  4205  4205 D NavBarStateManager: NavBarStates(0) getLayoutID(vertical: true): 2131559287
03-13 07:47:31.718  4205  4205 D Navbar.Store: ----handleEvent(0) value= 2131559287
03-13 07:47:31.718 23018 23018 I SV[84454638 MapsActivity]: windowStopped(true) false bkxb{508acee VFE...C.. ........ 0,0-1080,2496} of VRI[MapsActivity]@8a8d0ce
03-13 07:47:31.718 23018 23018 D SV[84454638 MapsActivity]: updateSurface: surface is not valid
03-13 07:47:31.718 23018 23018 I SV[84454638 MapsActivity]: releaseSurfaces: viewRoot = VRI[MapsActivity]@8a8d0ce
03-13 07:47:31.718 23018 23018 D VRI[MapsActivity]@8a8d0ce: applyTransactionOnDraw applyImmediately
03-13 07:47:31.718  4205  4205 D Navbar.Store: ----handleEvent(0) GetDefaultLayout(noArguments=true) [Module] SamsungNavigationBarInflaterView
03-13 07:47:31.718  4205  4205 D Navbar.Store: ------[Band]STABLE_LAYOUT_PACK_GET_DEFAULT_LAYOUT
03-13 07:47:31.718  4205  4205 D NavBarStateManager: NavBarStates(0) getDefaultLayout: left,recent;home;back,right
03-13 07:47:31.718  4205  4205 D Navbar.Store: ----handleEvent(0) value= left,recent;home;back,right
03-13 07:47:31.718  3003  3068 D BLASTSyncEngine: SyncGroup 4361:  Unfinished container: WindowToken{8004a5b type=2024 android.os.BinderProxy@d7bba75} mSyncState=2
03-13 07:47:31.718  4205  4205 D Navbar.Store: ----handleEvent(0) GetInflateButtonWidth(buttonSpec=left, landscape=false) [Module] SamsungNavigationBarInflaterView
03-13 07:47:31.718  4205  4205 D Navbar.Store: ------[Band]STABLE_LAYOUT_PACK_INFLATE_NAVBAR
03-13 07:47:31.718  4205  4205 D NavBarStateManager: NavBarStates(0) getSpaceWidth(land: false): 118
03-13 07:47:31.718  4205  4205 D Navbar.Store: ----handleEvent(0) value= 118
