03-11 23:55:52.918  5625  6286 D SCliNotifPanelController: onNotificationEntryRemove: 0|com.android.vending|-234430262|null|10276
03-11 23:55:52.918  5625  6286 D SCliNotifPanelController: onNotificationGroupRemove: com.android.vending_u0
03-11 23:55:52.918  5625  6286 D SCliNotifPanelController: onNotificationEntryRemove: 0|com.google.android.googlequicksearchbox|0|-1929155362::a:snotification:[0x7210bfcd4aa85eab,stories.f,NOTIFICATION]|10292
03-11 23:55:52.918  5625  6286 D SCliNotifPanelController: onNotificationGroupRemove: com.google.android.googlequicksearchbox_u0
03-11 23:55:52.918  3163  3352 D PowerManagerService: handleSandman ignore 0
03-11 23:55:52.918 32258   491 D Codec2Client: Surface configure completed
03-11 23:55:52.918  5625  5956 D CounterUpPreferencesStatusValue: startTracking: previous = 190 current = 191 tag = Count of how many cli AD is triggered
03-11 23:55:52.920  3163  7454 I DreamController: mDreamingStartedCallback sendResult
03-11 23:55:52.923  5625  6171 D KeyguardViewMediator: USER_LOCKED intent sent
03-11 23:55:52.924 32258   491 D SurfaceUtils: disconnecting from surface 0xb400006ea30734a0, reason pushBlankBuffersToNativeWindow
03-11 23:55:52.924 32258   491 D Surface : Surface::disconnect
03-11 23:55:52.924 32258   491 D BufferQueueProducer: [SurfaceView[com.tubitv/com.tubitv.activities.MainActivity](BLAST)#112801(BLAST Consumer)pid:32258](id:7e0200000005,api:3,p:32258,c:32258) disconnect: api 3
03-11 23:55:52.924 32258   491 D SurfaceUtils: set up nativeWindow 0xb400006ea30734a0 for 1x1, color 0x2, rotation 0, usage 0x930
03-11 23:55:52.927  3163  3352 D PowerManagerService: handleSandman ignore 0
03-11 23:55:52.933  6942  6942 D NfcService: MSG_APPLY_SCREEN_STATE 1
03-11 23:55:52.933  2064  2064 I sensors-hal: batch:206, android.sensor.accelerometer/11, period=200000000, max_latency=0
03-11 23:55:52.933  2064  2064 I sensors-hal: set_config:57, sample_period_ns is adjusted to 200000000 based on min/max delay_ns
03-11 23:55:52.933  2064  2064 I sensors-hal: batch:215, android.sensor.accelerometer/11, period=200000000, max_latency=0 request completed
03-11 23:55:52.935  5625  5625 W libc    : Access denied finding property "vendor.display.enable_optimal_refresh_rate"
03-11 23:55:52.935  5625  5625 W libc    : Access denied finding property "vendor.gpp.create_frc_extension"
03-11 23:55:52.935  3163  3163 I PowerManagerService: onFlip(): Face up.
03-11 23:55:52.937  3163  3352 D PowerManagerService: handleSandman ignore 0
03-11 23:55:52.937  6942  6942 D libnfc_nci: nfcManager_doSetScreenState: state = 1 prevScreenState= 8, discovry_param = 1
03-11 23:55:52.939  2582  8068 D NxpTml  : PN54X - Write requested.....
03-11 23:55:52.939  2582  8068 D NxpTml  : PN54X - Invoking I2C Write.....
03-11 23:55:52.941  2582  8068 D NxpTml  : Write errno : 6b
03-11 23:55:52.941  2582  8068 D NxpTml  : PN54X - Error in I2C Write.....
03-11 23:55:52.941  2582  8068 D NxpTml  : PN54X - Posting Fresh Write message.....
03-11 23:55:52.941  2582  8068 D NxpTml  : PN54X - Tml Writer Thread Running................
03-11 23:55:52.941  2582  8070 D NxpHal  : write error status = 0x1ff
03-11 23:55:52.941  2582  2582 D NxpHal  : write_unlocked failed - PN54X Maybe in Standby Mode - Retry
03-11 23:55:52.948  5625  5625 W View    : requestLayout() improperly called by com.android.keyguard.CarrierText{fc2afe4 V.ED..... ..S...ID 42,0-495,108 #7f0a04a7 app:id/keyguard_carrier_text} during layout: running second layout pass
03-11 23:55:52.948  5625  5625 W View    : requestLayout() improperly called by com.android.systemui.util.AutoMarqueeTextView{fcb050b VFED..C.. ..S...ID 205,0-571,126 #7f0a0686 app:id/no_carrier_text} during layout: running second layout pass
03-11 23:55:52.951  5643 20593 D ApfFilter: (wlan1): Ignoring RA RA fe80::c294:35ff:fe71:84fd -> ff02::1 180s 2601:85:ca02:f280::/64 7200s/7200s DNS 180s 2601:85:ca02:f280:c294:35ff:fe71:84fd 2001:558:feed::1 2001:558:feed::2 RIO 180s ::/0  which matches RA fe80::c294:35ff:fe71:84fd -> ff02::1 180s 2601:85:ca02:f280::/64 7200s/7200s DNS 180s 2601:85:ca02:f280:c294:35ff:fe71:84fd 2001:558:feed::1 2001:558:feed::2 RIO 180s ::/0 
03-11 23:55:52.951  2582  8068 D NxpTml  : PN54X - Write requested.....
03-11 23:55:52.951  2582  8068 D NxpTml  : PN54X - Invoking I2C Write.....
03-11 23:55:52.952  2582  8068 I NxpNciX : len =   7 > 20020401020100
03-11 23:55:52.952  2582  8068 D NxpTml  : PN54X - I2C Write successful.....
03-11 23:55:52.952  2582  8068 D NxpTml  : PN54X - Posting Fresh Write message.....
03-11 23:55:52.952  2582  8068 D NxpTml  : PN54X - Tml Writer Thread Running................
03-11 23:55:52.952  2582  8070 D NxpHal  : write successful status = 0x0
03-11 23:55:52.953  2582  8059 D NxpTml  : PN54X - I2C Read successful.....
03-11 23:55:52.953  2582  8059 I NxpNciR : len =   5 > 4002020000
03-11 23:55:52.953  2582  8059 D NxpTml  : PN54X - Posting read message.....
03-11 23:55:52.953  2582  8070 D NxpHal  : read successful status = 0x0
03-11 23:55:52.953  2582  8070 D NxpHal  : phNxpNciHal_print_res_status: response status =STATUS_OK
03-11 23:55:52.953  2582  8059 D NxpTml  : PN54X - Read requested.....
03-11 23:55:52.953  2582  8059 D NxpTml  : PN54X - Invoking I2C Read.....
03-11 23:55:52.954  6942  8007 D libnfc_nci: nfaDeviceManagementCallback: enter; event=0x2
03-11 23:55:52.954  6942  8007 D libnfc_nci: nfaDeviceManagementCallback: NFA_DM_SET_CONFIG_EVT
03-11 23:55:52.957  2582  8068 D NxpTml  : PN54X - Write requested.....
03-11 23:55:52.957  2582  8068 D NxpTml  : PN54X - Invoking I2C Write.....
03-11 23:55:52.957  2582  8068 I NxpNciX : len =   4 > 20090101
03-11 23:55:52.957  2582  8068 D NxpTml  : PN54X - I2C Write successful.....
03-11 23:55:52.957  2582  8068 D NxpTml  : PN54X - Posting Fresh Write message.....
03-11 23:55:52.957  2582  8068 D NxpTml  : PN54X - Tml Writer Thread Running................
03-11 23:55:52.957  2582  8070 D NxpHal  : write successful status = 0x0
03-11 23:55:52.958  6978  6978 I Smart5G : [Smart5GService] receive action: android.intent.action.SCREEN_OFF
03-11 23:55:52.958  2582  8059 D NxpTml  : PN54X - I2C Read successful.....
03-11 23:55:52.959  2300  2300 D SurfaceFlinger: setDesiredDisplayModeSpecs[{0, false, PR={p[24.00-120.00]Hz, r[24.00-120.00]Hz}, AR={p[0.00-120.00]Hz, r[0.00-120.00]Hz}}]: by process 3163 uid 1000 for display 4630947043778501763
03-11 23:55:52.959  2582  8059 I NxpNciR : len =   4 > 40090100
03-11 23:55:52.959  2582  8059 D NxpTml  : PN54X - Posting read message.....
03-11 23:55:52.960  2582  8070 D NxpHal  : read successful status = 0x0
03-11 23:55:52.960  6942  8007 D libnfc_nci: nfaDeviceManagementCallback: enter; event=0xB
03-11 23:55:52.960  6942  8007 D libnfc_nci: nfaDeviceManagementCallback: NFA_DM_SET_POWER_SUB_STATE_EVT; status=0x0
03-11 23:55:52.961  5689  5689 E DPMJ    : |SERVICE| sendScreenState state  falseand int value 0
03-11 23:55:52.962  2582  8059 D NxpTml  : PN54X - Read requested.....
03-11 23:55:52.962  2582  8059 D NxpTml  : PN54X - Invoking I2C Read.....
03-11 23:55:52.962  3163  3352 D BrightnessThermalClamper: Thermal status observer already started
03-11 23:55:52.963  3163  3352 D PowerManagerService: handleSandman ignore 0
03-11 23:55:52.964  3163  3163 D TrustManagerService: refreshDeviceLockedForUser(userId=0, unlockedUser=-10000), secure=false, showingKeyguard=true, trusted=false, biometricAuthenticated=false, currentUserIsUnlocked=false, deviceLocked=false
03-11 23:55:52.964  3163  3163 I BrightnessSynchronizer: New Update: {[14476] 0.110445775(f), mUpdatedTypes=0, mConfirmedTypes=0, mTimeUpdated=0, mState=2}
03-11 23:55:52.964  3163  3231 D CLI/Keyguard: [onKeyguardLockedStateChanged] isKeyguardLocked=true
03-11 23:55:52.964  2067  5073 D AHAL: AudioDevice: SetParameters: 1564: enter: screen_state=off
03-11 23:55:52.964  2067  5073 D AHAL: AudioVoice: VoiceSetParameters: 87: Enter params: screen_state=off
03-11 23:55:52.964  2067  5073 D AHAL: AudioVoice: VoiceSetParameters: 360: Exit ret: 0
03-11 23:55:52.964  2067  5073 D AHAL: FM: fm_set_parameters: 262: Enter
03-11 23:55:52.964  2067  5073 D AHAL: FM: fm_set_parameters: 320: exit
03-11 23:55:52.964  2067  5073 D AHAL: AudioDevice: SetParameters: 1628:  - screen = off
03-11 23:55:52.965  2067  5073 I PAL: ResourceManager: setParameter: 8311: Screen State:0
03-11 23:55:52.965  2067  5073 D AHAL: AudioDevice: SetParameters: 2361: exit: screen_state=off
03-11 23:55:52.965  5625  5625 V PowerManager: wakeUp time=124844755 reason=WAKE_REASON_GESTURE details=com.android.systemui:SWIPE_UP_ON_AD by (com.android.systemui) callers=com.android.systemui.power.data.repository.PowerRepositoryImpl.wakeUp:26 com.android.systemui.power.domain.interactor.PowerInteractor.wakeUpIfDozing:51 com.android.systemui.statusbar.phone.StatusBarKeyguardViewManager.onPanelExpansionChanged$1:144 
03-11 23:55:52.966  5625  5939 E FromGoneTransitionInteractor: Ignoring startTransition: This interactor asked to transition from GONE -> LOCKSCREEN, but we last transitioned to DOZING, not GONE. This should never happen - check currentTransitionInfoInternal or use filterRelevantKeyguardState before starting transitions.
03-11 23:55:52.966  5625  5939 E FromGoneTransitionInteractor: This transition would not have been ignored prior to ag/26681239, since we are FINISHED in GONE (but have since started another transition). If ignoring this transition has caused a regression, fix it by ensuring that transitions are exclusively started from the most recently started state.
03-11 23:55:52.969  3163  7445 E WindowManager: Dream packageName does not match active dream. Package com.google.android.gsf does not match ComponentInfo{com.android.systemui/com.android.systemui.doze.DozeService}
03-11 23:55:52.969  3163  7445 E WindowManager: Dream packageName does not match active dream. Package com.google.android.gms does not match ComponentInfo{com.android.systemui/com.android.systemui.doze.DozeService}
03-11 23:55:52.970  3163  7496 I PowerGroup: Waking up power group from Dozing (groupId=1, uid=10394, reason=WAKE_REASON_GESTURE, details=com.android.systemui:SWIPE_UP_ON_AD)...
03-11 23:55:52.970  3163  7496 I PowerManagerService: Waking up from Dozing (uid=10394, reason=WAKE_REASON_GESTURE, details=com.android.systemui:SWIPE_UP_ON_AD)...
03-11 23:55:52.973 26976 27604 D MCLOG   : [BrightnessTrigger] onDisplayChanged displayId = 0
03-11 23:55:52.974  5625  5962 D KeyguardViewMediator: updateActivityLockScreenState(true, true)
03-11 23:55:52.976  3163  7496 D PowerManagerService: nativeSetAutoSuspend enable:false duration ms: 3
03-11 23:55:52.976 26976 27604 D MCLOG   : [BrightnessManager] displayId = 0 brightness = 0.110445775 nit = 10.944639 level = br1
03-11 23:55:52.977  3163  3352 I WindowManager: Display 1 turning on...
03-11 23:55:52.978  5625  5637 W System  : A resource failed to call release. 
03-11 23:55:52.979  3163  3163 I WindowManager: Started waking up... (groupId=1 why=ON_BECAUSE_OF_USER) pmWakeReason=WAKE_REASON_GESTURE
03-11 23:55:52.979  5625  5637 W System  : A resource failed to call release. 
03-11 23:55:52.979  5625  5637 W System  : A resource failed to call release. 
03-11 23:55:52.980  5625  5637 W System  : A resource failed to call release. 
03-11 23:55:52.980  5625  5637 W ndroid.systemui: ApkAssets: Deleting an ApkAssets object '<empty> and /data/app/~~YOdYPQy2f0kXb0JVH7i9Tw==/com.tubitv-RJ-_RSCcevKTBTiWuiduHw==/base.apk' with 1 weak references
03-11 23:55:52.980  5625  5637 W ndroid.systemui: ApkAssets: Deleting an ApkAssets object '<empty> and /data/app/~~YOdYPQy2f0kXb0JVH7i9Tw==/com.tubitv-RJ-_RSCcevKTBTiWuiduHw==/split_config.arm64_v8a.apk' with 1 weak references
03-11 23:55:52.980  5625  5637 W ndroid.systemui: ApkAssets: Deleting an ApkAssets object '<empty> and /data/app/~~YOdYPQy2f0kXb0JVH7i9Tw==/com.tubitv-RJ-_RSCcevKTBTiWuiduHw==/split_config.xxhdpi.apk' with 1 weak references
03-11 23:55:52.980  3163  7496 D PowerManagerService: nativeAcquireSuspendBlocker name:PowerManagerService.Display duration ms: 5
03-11 23:55:52.980  3163  3163 I WindowManager: awakenDreams callers=com.android.server.policy.PhoneWindowManager.startedWakingUp:7593 com.android.server.power.Notifier.lambda$handleEarlyInteractiveChange$0:603 com.android.server.power.Notifier.$r8$lambda$JPimfzsYkXWexBDnIhDxNZnALw4:0 com.android.server.power.Notifier$$ExternalSyntheticLambda8.run:0 android.os.Handler.handleCallback:1001 
03-11 23:55:52.980  3163  7496 D PowerManagerService: nativeSetPowerMode ret:true mode:7 enabled:true duration ms: 0
03-11 23:55:52.980  2078  2078 I QTI PowerHAL: Power setMode: 7 to: 1
03-11 23:55:52.980  3163  3163 I DreamManagerService: awaken by com.android.DeviceAsWebcam callingUid=1000 callingPid=3163
03-11 23:55:52.981  2078  2078 I QTI PowerHAL: Got set_interactive hint
03-11 23:55:52.981  2078  2078 I QTI PowerHAL: Got set_interactive hint on= 1, count= 1771
03-11 23:55:52.981  6942  6942 D NfcService: MSG_APPLY_SCREEN_STATE 4
03-11 23:55:52.982  3163  3163 V PowerManager: userActivity when=124844773 event=0 flags=0 displayId=0 by (android) callers=android.os.PowerManager.userActivity:1487 com.android.server.dreams.DreamManagerService.requestAwakenInternal:496 com.android.server.dreams.DreamManagerService.-$$Nest$mrequestAwakenInternal:0 
03-11 23:55:52.983  5625  5637 W System  : A resource failed to call release. 
03-11 23:55:52.983  5625  5637 W System  : A resource failed to call release. 
03-11 23:55:52.983  5625  5637 W System  : A resource failed to call release. 
03-11 23:55:52.984  5625  5637 W System  : A resource failed to call release. 
03-11 23:55:52.984  5625  5637 W System  : A resource failed to call release. 
03-11 23:55:52.987  5625  5637 W System  : A resource failed to call release. 
03-11 23:55:52.987  5625  5637 W System  : A resource failed to call release. 
03-11 23:55:52.987  5625  5637 W System  : A resource failed to call release. 
03-11 23:55:52.987  5625  5637 W System  : A resource failed to call release. 
03-11 23:55:52.989  5625  5637 W System  : A resource failed to call release. 
03-11 23:55:52.989  5625  5637 W System  : A resource failed to call release. 
03-11 23:55:52.989  5625  5637 W System  : A resource failed to call release. 
03-11 23:55:52.989  3163  3163 W BoostOptController: not supported hint: 118
03-11 23:55:52.990  3163  3229 D CLI/Transition: displaygroup 0, state OFF, pendingdisplaygroup -1
03-11 23:55:52.990  5625  5637 W System  : A resource failed to call release. 
03-11 23:55:52.990  5625  5637 W System  : A resource failed to call release. 
03-11 23:55:52.990  5625  5637 W System  : A resource failed to call release. 
03-11 23:55:52.990  5625  5637 W System  : A resource failed to call release. 
03-11 23:55:52.990  5625  5637 W System  : A resource failed to call release. 
03-11 23:55:52.992  6942  6942 D libnfc_nci: nfcManager_doSetScreenState: state = 4 prevScreenState= 1, discovry_param = 1
03-11 23:55:52.992  3163  3163 I DreamManagerService: Gently waking up from dream.
03-11 23:55:52.993  3163  3352 I DisplayBrightnessStrategySelector: Changing the DisplayBrightnessStrategy from ScreenOffBrightnessStrategy to InvalidBrightnessStrategy for display 1
03-11 23:55:52.993  2582  8068 D NxpTml  : PN54X - Write requested.....
03-11 23:55:52.993  2582  8068 D NxpTml  : PN54X - Invoking I2C Write.....
03-11 23:55:52.993  2582  8068 I NxpNciX : len =   4 > 20090102
03-11 23:55:52.993  2582  8068 D NxpTml  : PN54X - I2C Write successful.....
03-11 23:55:52.993  2582  8068 D NxpTml  : PN54X - Posting Fresh Write message.....
03-11 23:55:52.993  2582  8068 D NxpTml  : PN54X - Tml Writer Thread Running................
03-11 23:55:52.993  2582  8070 D NxpHal  : write successful status = 0x0
03-11 23:55:52.993  3163  3352 E SensorManager: sensor or listener is null
03-11 23:55:52.994  2582  8059 D NxpTml  : PN54X - I2C Read successful.....
03-11 23:55:52.994  2582  8059 I NxpNciR : len =   4 > 40090100
03-11 23:55:52.994  2582  8059 D NxpTml  : PN54X - Posting read message.....
03-11 23:55:52.994  2582  8070 D NxpHal  : read successful status = 0x0
03-11 23:55:52.994  2582  8059 D NxpTml  : PN54X - Read requested.....
03-11 23:55:52.994  2582  8059 D NxpTml  : PN54X - Invoking I2C Read.....
03-11 23:55:52.994  6942  8007 D libnfc_nci: nfaDeviceManagementCallback: enter; event=0xB
03-11 23:55:52.995  6942  8007 D libnfc_nci: nfaDeviceManagementCallback: NFA_DM_SET_POWER_SUB_STATE_EVT; status=0x0
03-11 23:55:52.995  2064  2064 I sensors-hal: batch:206, com.motorola.sensor.alternate_light/65959, period=250000000, max_latency=0
03-11 23:55:52.995  2064  2064 I sensors-hal: set_config:61, no need to adjust sample_period_ns due to reporting_mode = 2
03-11 23:55:52.995  2064  2064 I sensors-hal: batch:215, com.motorola.sensor.alternate_light/65959, period=250000000, max_latency=0 request completed
03-11 23:55:52.995  3163  7496 E WindowManager: Dream packageName does not match active dream. Package com.motorola.mobiledesktop.core does not match ComponentInfo{com.android.systemui/com.android.systemui.doze.DozeService}
03-11 23:55:52.995  5625  5637 W System  : A resource failed to call release. 
03-11 23:55:52.995  5625  5637 W System  : A resource failed to call release. 
03-11 23:55:52.995  5625  5637 W System  : A resource failed to call release. 
03-11 23:55:52.995  2064  2064 I sensors-hal: activate:173, com.motorola.sensor.alternate_light/65959 en=1
03-11 23:55:52.995  2064  2064 I sensors-hal: get_qmi_debug_flag:239, support_qmi_debug : false
03-11 23:55:52.996  3163  3163 I DreamManagerService: stopDreamLocked. callers=com.android.server.dreams.DreamManagerService.stopDreamInternal:542 com.android.server.dreams.DreamManagerService.requestAwakenInternal:497 com.android.server.dreams.DreamManagerService.-$$Nest$mrequestAwakenInternal:0 com.android.server.dreams.DreamManagerService$BinderService.awaken:1072 com.android.server.policy.PhoneWindowManager.awakenDreams:4323 
03-11 23:55:52.996  3163  3229 W WindowManager: All windows drawn on display 1
03-11 23:55:52.996  2061  2108 E minksocket: MinkIPC_QRTR_Service: client with node 1 port 4758 went down
03-11 23:55:52.996  2061  2108 E minksocket: MinkIPC_QRTR_Service: client with node 1 port 4759 went down
03-11 23:55:52.996  5625  5637 W System  : A resource failed to call release. 
03-11 23:55:52.996  5625  5637 W System  : A resource failed to call release. 
03-11 23:55:52.996  5625  5637 W System  : A resource failed to call release. 
03-11 23:55:52.997  5625  5637 W System  : A resource failed to call release. 
03-11 23:55:52.997  5625  5637 W System  : A resource failed to call release. 
03-11 23:55:52.997  5625  5637 W System  : A resource failed to call release. 
03-11 23:55:52.997  5625  5637 W System  : A resource failed to call release. 
03-11 23:55:52.997  5625  5637 W System  : A resource failed to call release. 
03-11 23:55:52.997  2064  2064 E Diag_Lib: diag: Diag_LSM_Init: invoked for pid: 2064 with init_count: 0
03-11 23:55:52.997  2061  2108 E minksocket: MinkIPC_QRTR_Service: client with node 1 port 475a went down
03-11 23:55:52.997  2061  2108 E minksocket: MinkIPC_QRTR_Service: client with node 1 port 475b went down
03-11 23:55:52.997  2064  2064 E Diag_Lib: diag:failed to connect to diag socket
03-11 23:55:52.997  2064  2064 E Diag_Lib:  Diag_LSM_Init: Failed to open handle to diag driver, error = 13
03-11 23:55:52.997  2064  2064 I sensors-hal: send_sensor_config_request:463, dt=ambient_light_1: convert sample_period=250000000 to batch_period=250000
03-11 23:55:52.997  2582  8068 D NxpTml  : PN54X - Write requested.....
03-11 23:55:52.997  2582  8068 D NxpTml  : PN54X - Invoking I2C Write.....
03-11 23:55:52.997  2064  2064 I sensors-hal: send_sync_sensor_request:341, send sync request
03-11 23:55:52.998  2064  2064 I sensors-hal: send_sync_sensor_request:367, wait for notification of response
03-11 23:55:52.998  2582  8068 I NxpNciX : len =   7 > 20020401020100
03-11 23:55:52.998  2582  8068 D NxpTml  : PN54X - I2C Write successful.....
03-11 23:55:52.998  2582  8068 D NxpTml  : PN54X - Posting Fresh Write message.....
03-11 23:55:52.998  2582  8068 D NxpTml  : PN54X - Tml Writer Thread Running................
03-11 23:55:52.998  2582  8070 D NxpHal  : write successful status = 0x0
03-11 23:55:52.998  2582  8059 D NxpTml  : PN54X - I2C Read successful.....
03-11 23:55:52.998  2582  8059 I NxpNciR : len =   5 > 4002020000
03-11 23:55:52.998  2582  8059 D NxpTml  : PN54X - Posting read message.....
03-11 23:55:52.998  2582  8070 D NxpHal  : read successful status = 0x0
03-11 23:55:52.998  2582  8070 D NxpHal  : phNxpNciHal_print_res_status: response status =STATUS_OK
03-11 23:55:52.999  2582  8059 D NxpTml  : PN54X - Read requested.....
03-11 23:55:52.999  2582  8059 D NxpTml  : PN54X - Invoking I2C Read.....
03-11 23:55:52.999  6942  8007 D libnfc_nci: nfaDeviceManagementCallback: enter; event=0x2
03-11 23:55:52.999  6942  8007 D libnfc_nci: nfaDeviceManagementCallback: NFA_DM_SET_CONFIG_EVT
03-11 23:55:52.999  5625  5625 D KeyguardViewMediator: KeyguardViewMediator queue processing message: SHOW
03-11 23:55:52.999  5625  5637 W System  : A resource failed to call release. 
03-11 23:55:52.999  5625  5637 W System  : A resource failed to call release. 
03-11 23:55:52.999  5625  5637 W System  : A resource failed to call release. 
03-11 23:55:53.001  3163  5215 I MR2ServiceImpl: Updating composite discovery preference | preference: RouteDiscoveryRequest{ preferredFeatures={}, activeScan=false }, active routers: []
03-11 23:55:53.001  2064   811 I sensors-hal: ssc_conn_resp_cb:632, resp_value = 0
03-11 23:55:53.001  2064  2064 I sensors-hal: send_sync_sensor_request:373, takes 3 ms to receive the response with 0
03-11 23:55:53.001  5625  5637 W System  : A resource failed to call release. 
03-11 23:55:53.001  2064  2064 I sensors-hal: activate:184, com.motorola.sensor.alternate_light/65959 en=1 completed
03-11 23:55:53.001  5625  5637 W System  : A resource failed to call release. 
03-11 23:55:53.001  5625  5637 W System  : A resource failed to call release. 
03-11 23:55:53.001  5625  5637 W System  : A resource failed to call release. 
03-11 23:55:53.001  5625  5637 W System  : A resource failed to call release. 
03-11 23:55:53.001  5625  5637 W System  : A resource failed to call release. 
03-11 23:55:53.001  5625  5637 W System  : A resource failed to call release. 
03-11 23:55:53.001  5625  5637 W System  : A resource failed to call release. 
03-11 23:55:53.001  3163  5216 I DreamManagerService: startDozing by com.android.systemui callingUid=10394 callingPid=5625
03-11 23:55:53.001  3163  5216 D DreamManagerService: Dream requested to start dozing: android.os.Binder@40dd24e, screenState=2, screenBrightness=-1, reason=DREAM_MANAGER_LID_SWITCH
03-11 23:55:53.002  5625  5625 D KeyguardViewMediator: KeyguardViewMediator queue processing message: NOTIFY_FINISHED_GOING_TO_SLEEP
03-11 23:55:53.002  5625  5637 W System  : A resource failed to call release. 
03-11 23:55:53.002  5625  5637 W System  : A resource failed to call release. 
03-11 23:55:53.002  5625  5637 W System  : A resource failed to call release. 
03-11 23:55:53.003  3163  3163 D MotoFaceProvider: Receive screen off intent
03-11 23:55:53.003  5625  5637 W System  : A resource failed to call release. 
03-11 23:55:53.003  5625  5637 W System  : A resource failed to call release. 
03-11 23:55:53.003  5625  5637 W System  : A resource failed to call release. 
03-11 23:55:53.004  5625  5637 W System  : A resource failed to call release. 
03-11 23:55:53.004  5625  5637 W System  : A resource failed to call release. 
03-11 23:55:53.004  5625  5637 W System  : A resource failed to call release. 
03-11 23:55:53.004  5625  5637 W System  : A resource failed to call release. 
03-11 23:55:53.004  3163  4132 W UserManagerService: Requested status bar icon for non-badged user 0
03-11 23:55:53.005  5625  5962 V PowerManager: userActivity when=124844795 event=0 flags=0 displayId=1 by (com.android.systemui) callers=com.android.systemui.keyguard.KeyguardViewMediator$$ExternalSyntheticLambda0.run:63 java.util.concurrent.ThreadPoolExecutor.runWorker:1145 java.util.concurrent.ThreadPoolExecutor$Worker.run:644 
03-11 23:55:53.006  3163  7445 E WindowManager: Dream packageName does not match active dream. Package com.motorola.mobiledesktop does not match ComponentInfo{com.android.systemui/com.android.systemui.doze.DozeService}
03-11 23:55:53.006  2064  2064 I sensors-hal: batch:206, android.sensor.device_orientation/271, period=66667000, max_latency=0
03-11 23:55:53.006  2064  2064 I sensors-hal: set_config:61, no need to adjust sample_period_ns due to reporting_mode = 2
03-11 23:55:53.006  2064  2064 I sensors-hal: batch:215, android.sensor.device_orientation/271, period=66667000, max_latency=0 request completed
03-11 23:55:53.006  2064  2064 I sensors-hal: activate:173, android.sensor.device_orientation/271 en=1
03-11 23:55:53.007  2064  2064 I sensors-hal: get_qmi_debug_flag:239, support_qmi_debug : false
03-11 23:55:53.008  3163  4132 W BoostOptController: not supported hint: 118
03-11 23:55:53.008  2061  2108 E minksocket: MinkIPC_QRTR_Service: client with node 1 port 475d went down
03-11 23:55:53.009  2061  2108 E minksocket: MinkIPC_QRTR_Service: client with node 1 port 475e went down
03-11 23:55:53.009  3163  3352 V DisplayPowerController2[1]: Brightness [0.068620995] reason changing to: 'manual', previous reason: 'screen_off'.
03-11 23:55:53.009  3163  3352 I DisplayPowerController2[1]: 03-11 23:55:53.009 - BrightnessEvent: disp=1, physDisp=local:4630947043778501763, displayState=ON, displayPolicy=BRIGHT, brt=0.068620995, initBrt=0.0, rcmdBrt=NaN, preBrt=NaN, lux=NaN, preLux=NaN, brtNits=11.016563, hdrNits=NaN, initNits=3.3701954, preNits=NaN, rcmdNits=NaN, hdrBrightness=NaN, brt(%)=9%, brtInt=18, hbmPolicy=normal, hbmMax=0.7660316, hbmMode=off, rbcStrength=-1, thrmMax=1.0, powerFactor=1.0, wasShortTermModelActive=false, flags=invalid_lux , reason=manual, autoBrightness=true, strategy=InvalidBrightnessStrategy, autoBrightnessMode=default
03-11 23:55:53.010  3163  4131 D CoreBackPreview: Window{e1d6d9e u0 NotificationShade}: Setting back callback OnBackInvokedCallbackInfo{mCallback=android.window.IOnBackInvokedCallback$Stub$Proxy@200a714, mPriority=0, mIsAnimationCallback=false}
03-11 23:55:53.010  3163  4132 E WindowManager: Dream packageName does not match active dream. Package com.motorola.mobiledesktop does not match ComponentInfo{com.android.systemui/com.android.systemui.doze.DozeService}
03-11 23:55:53.010  2723  3159 E VendorTagDescriptor: lookupTag: Tag name 'support_get_property_2_0' does not exist.
03-11 23:55:53.010  3163  5308 D PowerManagerService: nativeSetPowerMode ret:false mode:9 enabled:false duration ms: 0
03-11 23:55:53.010  3163  5308 D TouchHwAidlService: setCliDisplayState: mCliScreenOff=false
03-11 23:55:53.010  3163  5308 D LocalDisplayAdapter: setDisplayPowerMode mode=2 for display=android.os.BinderProxy@433f576
03-11 23:55:53.012  2061  2108 E minksocket: MinkIPC_QRTR_Service: client with node 1 port 475f went down
03-11 23:55:53.012  7545  7545 I FileStationLog: [ FS_h$a ] - [Display] Changed display: 0
03-11 23:55:53.012 10834 32665 I DeviceStatusMonitor: DeviceStatusMonitor.handleBroadcast():138 onReceive() : Action = android.intent.action.SCREEN_OFF
03-11 23:55:53.012  7545  7545 I FileStationLog: [ FS_h ] - [Logic] Retrieved display info: LogicDisplayInfo(width=1080, height=2640, orientation=1, rotation=0, displayId=0)
03-11 23:55:53.012  7545  7545 I FileStationLog: [ FS_h$a ] - [Display] New logical size: 1080x2640
03-11 23:55:53.012  7545  7545 I FileStationLog: [ FS_h$a ] - [Display] Screen width unchanged: 1080
03-11 23:55:53.012 10834 32665 I DeviceStatusMonitor: DeviceStatusMonitor.updateCountryInfo():154 updateCountryInfo(), notifyAnyway = false
03-11 23:55:53.013 10834 10834 I InputBundle: InputBundle.consumeEvent():1029 Skip consuming an event as imeStatus is INACTIVE
03-11 23:55:53.013  2064  2064 E Diag_Lib: diag: Diag_LSM_Init: invoked for pid: 2064 with init_count: 0
03-11 23:55:53.013  2064  2064 E Diag_Lib: diag:failed to connect to diag socket
03-11 23:55:53.013  2064  2064 E Diag_Lib:  Diag_LSM_Init: Failed to open handle to diag driver, error = 13
03-11 23:55:53.013  2064  2064 I sensors-hal: send_sensor_config_request:463, dt=mot_disprot: convert sample_period=66667000 to batch_period=66667
03-11 23:55:53.013  2064  2064 I sensors-hal: send_sync_sensor_request:341, send sync request
03-11 23:55:53.013  2061  2108 E minksocket: MinkIPC_QRTR_Service: client with node 1 port 4760 went down
03-11 23:55:53.013 10834 10834 I Module  : DeviceLockedStatusModuleProvider$Module.updateDeviceLockedStatus():103 repeatCheckTimes = 0, locked = false
03-11 23:55:53.013  2064  2064 I sensors-hal: send_sync_sensor_request:367, wait for notification of response
03-11 23:55:53.014  2064   813 I sensors-hal: ssc_conn_resp_cb:632, resp_value = 0
03-11 23:55:53.015  2064  2064 I sensors-hal: send_sync_sensor_request:373, takes 1 ms to receive the response with 0
03-11 23:55:53.015  2064  2064 I sensors-hal: activate:184, android.sensor.device_orientation/271 en=1 completed
03-11 23:55:53.018 15389 15389 I OverviewComponentObserver: updateOverviewTargets: mIsHomeDisabled=true, isDefaultHomeNull=false, mIsDefaultHome=true
03-11 23:55:53.022  7545  7545 I FileStationLog: [ FileStationManager ] - screenIsOn: false, hasWindowShowed: false
03-11 23:55:53.023  7545  7545 I MotoDesktopLog: [ FileStationLog ] - broadcastMessage - cmd : 2008
03-11 23:55:53.026  3163  5158 D WifiStaIfaceHidlImpl: getCachedScanData is not implemented by HIDL
03-11 23:55:53.027  2064  2064 I sensors-hal: batch:206, com.motorola.sensor.stowed/65568, period=200000000, max_latency=0
03-11 23:55:53.028  2064  2064 I sensors-hal: set_config:61, no need to adjust sample_period_ns due to reporting_mode = 2
03-11 23:55:53.028  2064  2064 I sensors-hal: batch:215, com.motorola.sensor.stowed/65568, period=200000000, max_latency=0 request completed
03-11 23:55:53.028  5625  5625 D SCliNotificationListener: onNotificationListUpdate: [com.android.systemui.statusbar.notification.collection.GroupEntry@4db41f6]
03-11 23:55:53.031  5493  6013 W HWUI    : Surface doesn't have any previously queued frames, nothing to readback from
03-11 23:55:53.033 15389 15389 D StateManager: goToState - fromState: Normal, toState: Normal, partial trace:
03-11 23:55:53.033 15389 15389 D StateManager: 	at com.android.launcher3.Launcher.onScreenOnChanged(Launcher.java:3017)
03-11 23:55:53.033 15389 15389 D StateManager: 	at com.android.launcher3.Launcher$$ExternalSyntheticLambda25.onScreenOnChanged(D8$$SyntheticClass:0)
03-11 23:55:53.033 15389 15389 D StateManager: 	at com.android.launcher3.util.ScreenOnTracker.lambda$dispatchScreenOnChanged$0(ScreenOnTracker.java:67)
03-11 23:55:53.034  2300  2300 I BpBinder: onLastStrongRef automatically unlinking death recipients: 
03-11 23:55:53.034  3163  5203 I WifiDataStallService: onCapabilitiesChanged NET_CAPABILITY_VALIDATED=true
03-11 23:55:53.034  3163  5203 I WifiDataStallService: WIFI state:true
03-11 23:55:53.034  3163  5203 I WifiDataStallService: WIFI valid state:true
03-11 23:55:53.034  3163  5203 I WifiDataStallService: on-off:false,mScreenOn:true
03-11 23:55:53.036  2300  2300 D SurfaceFlinger: setDesiredDisplayModeSpecs[{0, false, PR={p[24.00-120.00]Hz, r[24.00-60.00]Hz}, AR={p[0.00-120.00]Hz, r[0.00-60.00]Hz}}]: by process 3163 uid 1000 for display 4630947043778501762
03-11 23:55:53.036  2300  2300 D SurfaceFlinger: Setting power mode 2 on display 4630947043778501763
03-11 23:55:53.036  3163  3231 D PanelsService: onKeyguardStateChanged.. isShowing=true
03-11 23:55:53.036  3163  3231 D TouchHwAidlService: onKeyguardStateChanged.. isShowing=true
03-11 23:55:53.037 32258   491 D Surface : Surface::disconnect
03-11 23:55:53.037 32258   491 D BufferQueueProducer: [SurfaceView[com.tubitv/com.tubitv.activities.MainActivity](BLAST)#112801(BLAST Consumer)pid:32258](id:7e0200000005,api:2,p:32258,c:32258) disconnect: api 2
03-11 23:55:53.037 32258   491 D SurfaceUtils: connecting to surface 0xb400006ea30734a0, reason pushBlankBuffersToNativeWindow(err2)
03-11 23:55:53.037 32258   491 D SurfaceUtils: disconnecting from surface 0xb400006ea30734a0, reason disconnectFromSurface
03-11 23:55:53.037 32258   491 D Surface : Surface::disconnect
03-11 23:55:53.037 32258   491 D BufferQueueProducer: [SurfaceView[com.tubitv/com.tubitv.activities.MainActivity](BLAST)#112801(BLAST Consumer)pid:32258](id:7e0200000005,api:3,p:32258,c:32258) disconnect: api 3
03-11 23:55:53.038 32258 32258 D Surface : Surface::disconnect
03-11 23:55:53.038 32258   491 I MediaCodec: [0xb400006f53244860] enqueue 18 input frames in last 1173 ms, latest timeUs 1000007799458
03-11 23:55:53.039 32258 32258 D BufferQueueProducer: [SurfaceView[com.tubitv/com.tubitv.activities.MainActivity](BLAST)#112801(BLAST Consumer)pid:32258](id:7e0200000005,api:0,p:-1,c:32258) disconnect: api -1
03-11 23:55:53.039  6932  7504 I BugleRcsEngine: Connected state: [1], networkType: [WIFI] [CONTEXT thread_id=54 ]
03-11 23:55:53.040  6932  8142 I BugleRcsEngine: handleMessage processing message:[NOTIFY_UPTIME_IGNORE_STATE_CHANGED] with [non-null]:RcsEngineImpl reference [CONTEXT log_prefix="RcsEngineImpl[DUAL_REG]:[82ee5969-a086]>Handler" thread_id=61 ]
03-11 23:55:53.041  6932  8142 I BugleRcsEngine: Cannot use CS.apk as it's battery optimized [CONTEXT thread_id=61 ]
03-11 23:55:53.041  5625  5625 I vol.VolumeDialogImpl: mDialog.dismiss() reason: screen_off from: com.android.systemui.volume.VolumeDialogImpl$10.onScreenOff:4 displayId: 0 mShowing: false mIsAnimatingDismiss: true
03-11 23:55:53.041  5625  5625 D vol.VolumeDialogImpl: dismissH: skipping dismiss because isAnimatingDismiss is true and showingStateInconsistent is false
03-11 23:55:53.041  5802 11485 E PhoneInterfaceManager: getCarrierPrivilegeStatusForUid: Invalid subId
03-11 23:55:53.041 32258 32356 D Surface : Surface::disconnect
03-11 23:55:53.041 32258 32356 D BufferQueueProducer: [com.tubitv/com.tubitv.activities.MainActivity#112772(BLAST Consumer)pid:32258](id:7e0200000000,api:1,p:32258,c:32258) disconnect: api 1
03-11 23:55:53.042  5625  5625 I Channel.Remote: [de8362611079428da312381e6bb8b50c|com.motorola.personalize] Keep channel connection alive true by 4
03-11 23:55:53.042  5693  6968 D QCNEJ/NativeHalConnector: -> SND notifyDefaultNetworkChanged(1)
03-11 23:55:53.043  5625  5625 V DreamService[DozeService]: wakeUp(): fromSystem=true, mWaking=false, mFinished=false callers=android.service.dreams.DreamService.-$$Nest$mwakeUp:0 android.service.dreams.DreamService$DreamServiceWrapper.lambda$wakeUp$1:1794 android.service.dreams.DreamService$DreamServiceWrapper.$r8$lambda$SFP-NasoKFNaaOvKHyJqrl_aPt8:0 android.service.dreams.DreamService$DreamServiceWrapper$$ExternalSyntheticLambda3.run:0 android.os.Handler.handleCallback:1001 
03-11 23:55:53.043  5625  5625 V DreamService[DozeService]: finish(): mFinished=false activity=null callers=android.service.dreams.DreamService.onWakeUp:1197 android.service.dreams.DreamService.wakeUp:1360 android.service.dreams.DreamService.-$$Nest$mwakeUp:0 android.service.dreams.DreamService$DreamServiceWrapper.lambda$wakeUp$1:1794 android.service.dreams.DreamService$DreamServiceWrapper.$r8$lambda$SFP-NasoKFNaaOvKHyJqrl_aPt8:0 
03-11 23:55:53.043  3163  5216 I DreamManagerService: finishSelf by com.android.systemui callingUid=10394 callingPid=5625
03-11 23:55:53.043  3163  5216 D DreamManagerService: Dream finished: android.os.Binder@40dd24e, immediate=true
03-11 23:55:53.043  3163  5216 I DreamManagerService: Leaving dreamland.
03-11 23:55:53.047  2300  2300 I Scheduler: Display 4630947043778501763 is the pacesetter
03-11 23:55:53.047  2300  2300 I Scheduler: promotePacesetterDisplayLocked, mAcceptScrollEvent=1
03-11 23:55:53.047  2300  2300 I Scheduler: promotePacesetterDisplayLocked, mAcceptTouchNotBoostEvent=0
03-11 23:55:53.048 32258   491 I MediaCodec: [0xb400006f53244860] dequeue 22 output frames in last 1190 ms, latest timeUs 1000007716041, flags 128
03-11 23:55:53.048  3163  5216 I DreamManagerService: stopDreamLocked. callers=com.android.server.dreams.DreamManagerService.finishSelfInternal:514 com.android.server.dreams.DreamManagerService.-$$Nest$mfinishSelfInternal:0 com.android.server.dreams.DreamManagerService$BinderService.finishSelf:1092 android.service.dreams.IDreamManager$Stub.onTransact:292 android.os.Binder.execTransactInternal:1520 
03-11 23:55:53.049  5625  5625 D KeyguardViewMediator: KeyguardViewMediator queue processing message: NOTIFY_STARTED_WAKING_UP
03-11 23:55:53.052  2300  2300 D SurfaceFlinger: Setting desired display mode specs: {0, false, PR={p[24.00-120.00]Hz, r[24.00-120.00]Hz}, AR={p[0.00-120.00]Hz, r[0.00-120.00]Hz}} for display 4630947043778501763
03-11 23:55:53.052  2300  2300 I SurfaceFlinger: Switching to Scheduler preferred mode 0 (60.00 Hz) for display 4630947043778501763
03-11 23:55:53.053  2300  2300 W ComposerExtn: DisplayExtnImpl::SetActiveConfig: HWC Display 2 is not registered!
03-11 23:55:53.054  2300  2300 D DisplayModeController: setDesiredMode 4630947043778501763 {mode={fps=60.00 Hz, modePtr={id=0, vsyncRate=60.00 Hz, peakRefreshRate=60.00 Hz}}, emitEvent=true, force=false}
03-11 23:55:53.054  5625  5962 D KeyguardViewMediator: updateActivityLockScreenState(true, false)
03-11 23:55:53.054  2195  2586 I SDM     : DisplayBase::SetDisplayState: Set state = 1, display 76-0, teardown = 0
03-11 23:55:53.054  2195  2586 I SDM     : HWDeviceDRM::NullCommit: Null commit succeeded crtc=203
03-11 23:55:53.055  7091 21947 I ModemStats: [DataStallDetectService] onCapabilitiesChanged networkCapabilities=[ Transports: WIFI Capabilities: NOT_METERED&INTERNET&NOT_RESTRICTED&TRUSTED&NOT_VPN&VALIDATED&NOT_ROAMING&FOREGROUND&NOT_CONGESTED&NOT_SUSPENDED&NOT_VCN_MANAGED&NOT_BANDWIDTH_CONSTRAINED LinkUpBandwidth>=5852Kbps LinkDnBandwidth>=48783Kbps TransportInfo: <SSID: <unknown ssid>, BSSID: 02:00:00:00:00:00, MAC: 02:00:00:00:00:00, IP: /10.0.0.248, Security type: 2, Supplicant state: COMPLETED, Wi-Fi standard: 11ax, RSSI: -61, Link speed: 626Mbps, Tx Link speed: 626Mbps, Max Supported Tx Link speed: 1200Mbps, Rx Link speed: 432Mbps, Max Supported Rx Link speed: 1200Mbps, Frequency: 5785MHz, Net ID: -1, Metered hint: false, score: 60, isUsable: true, CarrierMerged: false, SubscriptionId: -1, IsPrimary: -1, Trusted: true, Restricted: false, Ephemeral: false, OEM paid: false, OEM private: false, OSU AP: false, FQDN: <none>, Provider friendly name: <none>, Requesting package name: <none><none>MLO Information: , Is TID-To-Link negotiation supported by the AP: false, AP MLD Address: <none>, AP MLO Link Id: <none>, AP MLO Affiliated links: <none>, Vendor Data: <none>> SignalStrength: -61 UnderlyingNetworks: Null]
03-11 23:55:53.055  7091 21947 I ModemStats: [DataStallDetectService] onCapabilitiesChanged NET_CAPABILITY_VALIDATED=true
03-11 23:55:53.055  7091 21947 I ModemStats: [DataStallDetectService] onCapabilitiesChanged mDataStallManager.mDataStallInstance=null
03-11 23:55:53.055  7091 21947 I ModemStats: [DataStallDetectService] onCapabilitiesChanged mDataStallSmart5gManager.mDataStallInstance=null
03-11 23:55:53.056  5625  5625 V DreamService[DozeService]: finish(): mFinished=true activity=null callers=com.android.systemui.doze.DozeMachine$Service$Delegate.finish:3 com.android.systemui.doze.DozeMachine$Service$Delegate.finish:3 com.android.systemui.doze.DozeMachine.transitionTo:557 com.android.systemui.doze.DozeMachine.transitionTo:659 com.android.systemui.doze.DozeMachine.requestState:10 
03-11 23:55:53.064  3163  3227 I DreamController: Stopping dream: name=ComponentInfo{com.android.systemui/com.android.systemui.doze.DozeService}, isPreviewMode=false, canDoze=true, userId=0, reason='finished self'(from 'request awaken')
03-11 23:55:53.064  3163  3231 W AccessibilityWindowsPopulator: The displayInfo of this displayId (0) called back from the surface fligner is null
03-11 23:55:53.064  3163  3231 D PanelsService: onAwakeStateChanged.. isAwake=true
03-11 23:55:53.064  3163  3231 D TouchHwAidlService: onAwakeStateChanged.. isAwake=true
03-11 23:55:53.064  3163  3231 D TouchHwAidlService: Unregister stow sensor
03-11 23:55:53.065  2064  2064 I sensors-hal: batch:206, com.motorola.sensor.stowed/65568, period=200000000, max_latency=0
03-11 23:55:53.065  2064  2064 I sensors-hal: set_config:61, no need to adjust sample_period_ns due to reporting_mode = 2
03-11 23:55:53.065  2064  2064 I sensors-hal: batch:215, com.motorola.sensor.stowed/65568, period=200000000, max_latency=0 request completed
03-11 23:55:53.065  3163  3231 W AlarmManager: Unrecognized alarm listener com.motorola.server.display.TouchHwAidlService$AlarmListenerImpl@de23d8f
03-11 23:55:53.065  3163  3231 I DisplayDeviceRepository: Display device changed state: "HDMI Screen", ON
03-11 23:55:53.066  3163  3163 D WiFiBlocklistController: Wifi onCapabilitiesChanged
03-11 23:55:53.069  5625  5625 D SCliNotificationListener: onNotificationListUpdate: [com.android.systemui.statusbar.notification.collection.GroupEntry@4db41f6]
03-11 23:55:53.070  3163  3163 D WiFiBlocklistController: Default net onCapabilitiesChanged
03-11 23:55:53.070  3163  3163 D WiFiBlocklistController: updateDefaultNet:146
03-11 23:55:53.070  3163  3163 D WiFiBlocklistController: mayUpdateNotification: shouldShow=false,UidsBlocked=false, net info=net:146,ifName=wlan1,securityType=2,isDefault=true,ssid="micasa",notificationId=0
03-11 23:55:53.072  3163  7445 I DisplayDevice: [1] Layerstack set to 1 for local:4630947043778501763 mDisplayToken=android.os.BinderProxy@433f576 t=Transaction{mNativeObject=-5476376673043392304, mHashCode=0}
03-11 23:55:53.074  3163  3227 D TouchHwAidlService: enableGestureStowMode stowed: false
03-11 23:55:53.075  3163  3231 W ServiceManagerCppClient: Failed to get isDeclared for com.motorola.hardware.display.panel.IDisplayPanel/default: Status(-1, EX_SECURITY): 'SELinux denied.'
03-11 23:55:53.075  3163  3231 D DisplayPanelService: Setting panel dc mode: 0
03-11 23:55:53.075  2106  2106 I motorola.hardware.display.touch-service: Setting stow gesture mode to 0 for panel 1
03-11 23:55:53.075  2090  2090 I DisplayPanel: setDcMode: DC mode = OFF
03-11 23:55:53.076  2090  2090 D DisplayPanel: setParam: Success set DC to 0 for Primary display
03-11 23:55:53.076  3163  3227 D TouchHwAidlService: setStowGestureMode for cli stowed=false ret=0
03-11 23:55:53.076  3163  3163 I BrightnessSynchronizer: New Update: {[14477] 0.110793635(f), mUpdatedTypes=0, mConfirmedTypes=0, mTimeUpdated=0, mState=2}
03-11 23:55:53.076  3163  3231 W AccessibilityWindowsPopulator: The displayInfo of this displayId (0) called back from the surface fligner is null
03-11 23:55:53.076  3163  3231 I InputManager-JNI: Viewport [0] to add: local:4630947043778501762, isActive: false
03-11 23:55:53.076  3163  3231 I InputManager-JNI: Viewport [1] to add: local:4630947043778501763, isActive: true
03-11 23:55:53.077  3163  3227 D TouchHwAidlService: updateCliDisplayState: mCliScreenOn=true
03-11 23:55:53.077  5625  5625 V DreamService[DozeService]: detach(): Calling onDreamingStopped()
03-11 23:55:53.077  5625  5625 V DreamService[DozeService]: onDreamingStopped()
03-11 23:55:53.077  5625  5625 V DreamService[DozeService]: detach(): mActivity=null mActivity.isFinishing()=false
03-11 23:55:53.077  5625  5625 V DreamService[DozeService]: finish(): mFinished=true activity=null callers=android.service.dreams.DreamService.detach:1492 android.service.dreams.DreamService.-$$Nest$mdetach:0 android.service.dreams.DreamService$DreamServiceWrapper.$r8$lambda$1LeV6PgvJQarx7-tBMQHBSWLLCM:0 android.service.dreams.DreamService$DreamServiceWrapper$$ExternalSyntheticLambda1.run:0 android.os.Handler.handleCallback:1001 
03-11 23:55:53.078  3163  3231 W AccessibilityWindowsPopulator: The displayInfo of this displayId (0) called back from the surface fligner is null
03-11 23:55:53.078  3163  3231 D PanelsService: updateCliDisplayState: mCliScreenState=ON
03-11 23:55:53.079  3163  7400 D SystemServerTiming: getUserSwitchability-0
03-11 23:55:53.079  3163  7400 D SystemServerTiming: TM.isInCall
03-11 23:55:53.079  3163  3231 W ServiceManagerCppClient: Failed to get isDeclared for com.motorola.hardware.display.panel.IDisplayPanel/default: Status(-1, EX_SECURITY): 'SELinux denied.'
03-11 23:55:53.079  3163  3231 D DisplayPanelService: Setting panel dc mode: 0
03-11 23:55:53.079  2090  2090 I DisplayPanel: setDcMode: DC mode = OFF
03-11 23:55:53.079  2090  2090 D DisplayPanel: setParam: Success set DC to 0 for Primary display
03-11 23:55:53.080  3163  3229 V WindowManager: Content Recording: Display 1 state was (1), is now (2), so update recording?
03-11 23:55:53.080  3163  3229 D CLI/Transition: displaygroup 1, state ON, pendingdisplaygroup -1
03-11 23:55:53.081  2064   813 I sensors-hal: handle_indication_realtime:467,  SCHED_FIFO(10) for qmi_cbk
03-11 23:55:53.081  3163  7496 W AccessibilityWindowsPopulator: The displayInfo of this displayId (0) called back from the surface fligner is null
03-11 23:55:53.081  3163  7400 D SystemServerTiming: hasUserRestriction-DISALLOW_USER_SWITCH
03-11 23:55:53.081  3163  7400 D SystemServerTiming: getInt-ALLOW_USER_SWITCHING_WHEN_SYSTEM_USER_LOCKED
03-11 23:55:53.081  3163  7400 D SystemServerTiming: isUserUnlocked-USER_SYSTEM
03-11 23:55:53.081  2064   813 E sensors-hal: handle_sns_client_event:62, mot_disprot_event: now=217708986255808 ts=217658947826501, type=16, status=3
03-11 23:55:53.085  5625  5625 V DreamService[DozeService]: onDestroy()
03-11 23:55:53.086  5625  5625 V DreamService[DozeService]: detach(): mActivity=null mActivity.isFinishing()=false
03-11 23:55:53.086  5625  5625 V DreamService[DozeService]: finish(): mFinished=true activity=null callers=android.service.dreams.DreamService.detach:1492 android.service.dreams.DreamService.onDestroy:1385 com.android.systemui.doze.DozeService.onDestroy:8 android.app.ActivityThread.handleStopService:5307 android.app.ActivityThread.-$$Nest$mhandleStopService:0 
03-11 23:55:53.088  3163  4285 I InputReader: Reconfiguring input devices, changes=DISPLAY_INFO
03-11 23:55:53.088  3163  4285 I InputReader: Disabling goodix_ts (device 7) because the associated viewport is not active
03-11 23:55:53.088  3163  4285 I InputReader: Device reconfigured: id=6, name='zinitix_mt', size 194x368, orientation Rotation0, mode DIRECT, display id 1
03-11 23:55:53.091  2064  2064 I sensors-hal: activate:173, com.motorola.sensor.glance/65658 en=0
03-11 23:55:53.091  2064  2064 I sensors-hal: deactivate:166, deactivate glance 65548
03-11 23:55:53.092  5625  6284 I Channel.Remote: [binder:5625_6] [de8362611079428da312381e6bb8b50c|com.motorola.personalize][884] received remote channel service seq:884 results
03-11 23:55:53.097  2061  2108 E minksocket: MinkIPC_QRTR_Service: client with node 1 port 4757 went down
03-11 23:55:53.097  2064  2064 I sensors-hal: activate:184, com.motorola.sensor.glance/65658 en=0 completed
03-11 23:55:53.098  2064  4171 D slpi-TMD2712: tmd2712: Prox pdata 4, offset1:70, full: 722, NearBy: 0, Lth:54, Hth:85,off_l 70. off_h 0, th_l 1, th_h 85
03-11 23:55:53.100  7545  7545 I FileStationLog: [ FS_h$a ] - [Display] Changed display: 1
03-11 23:55:53.101  3163  7451 D SystemServerTiming: getUserSwitchability-0
03-11 23:55:53.101  3163  7451 D SystemServerTiming: TM.isInCall
03-11 23:55:53.101  3163  7451 D SystemServerTiming: hasUserRestriction-DISALLOW_USER_SWITCH
03-11 23:55:53.101  3163  7451 D SystemServerTiming: getInt-ALLOW_USER_SWITCHING_WHEN_SYSTEM_USER_LOCKED
03-11 23:55:53.101  3163  7451 D SystemServerTiming: isUserUnlocked-USER_SYSTEM
03-11 23:55:53.102 10834 10834 I PkDeviceHelper: PkDeviceHelper.refreshDevices():93 refreshing devices
03-11 23:55:53.103  3163  7400 D SystemServerTiming: getUserSwitchability-0
03-11 23:55:53.103  3163  7400 D SystemServerTiming: TM.isInCall
03-11 23:55:53.103  3163  7400 D SystemServerTiming: hasUserRestriction-DISALLOW_USER_SWITCH
03-11 23:55:53.103  3163  7400 D SystemServerTiming: getInt-ALLOW_USER_SWITCHING_WHEN_SYSTEM_USER_LOCKED
03-11 23:55:53.103  3163  7400 D SystemServerTiming: isUserUnlocked-USER_SYSTEM
03-11 23:55:53.104  7545  7545 I FileStationLog: [ FS_h$a ] - [Display] Ignoring change for non-default/desktop display: 1
03-11 23:55:53.109  2064  4171 D slpi-TMD2712: tmd2712: Prox pdata 4, offset1:70, full: 722, NearBy: 0, Lth:54, Hth:85,off_l 70. off_h 0, th_l 1, th_h 85
03-11 23:55:53.109  2064   811 I sensors-hal: handle_indication_realtime:467,  SCHED_FIFO(10) for qmi_cbk
03-11 23:55:53.110  2064  2064 I sensors-hal: activate:173, com.motorola.sensor.ltv/65738 en=0
03-11 23:55:53.110  5625  5625 I Typeface: mototime=Rookery-Stacked;moto_time;5625
03-11 23:55:53.111  2061  2108 E minksocket: MinkIPC_QRTR_Service: client with node 1 port 4752 went down
03-11 23:55:53.113  5625  5944 D KeyguardTransitionRepository: (Internal) Setting current transition info: TransitionInfo(ownerName=FromDozingTransitionInteractor, from=DOZING, to=LOCKSCREEN, animated)
03-11 23:55:53.115  2064  2064 I sensors-hal: activate:184, com.motorola.sensor.ltv/65738 en=0 completed
03-11 23:55:53.122 28905 28920 I NullBinder: NullBinder for android.net.action.RECOMMEND_NETWORKS triggering remote TransactionTooLargeException due to Service without Chimera impl, calling uid: 1000, calling pid: 0
03-11 23:55:53.123 28905 28920 W Binder  : reply too large data on java level: InterfaceDescriptor = null, code = 1
03-11 23:55:53.123 28905 28920 W .gms.persistent: Large reply transaction of 1056768 bytes, interface descriptor , code 1
03-11 23:55:53.127  5625  5625 I Typeface: mototime=Rookery-Stacked;moto_time;5625
