03-13 18:49:49.845  4205  4205 D DisplayLifecycle: updateDisplay id = 0
03-13 18:49:49.845  4205  4205 I VRI[SubScreenQuickPanel]@3c0eab9: onDisplayChanged oldDisplayState=1 newDisplayState=1
03-13 18:49:49.845  4205  4205 I VRI[SubHomeActivity]@a6f71e9: onDisplayChanged oldDisplayState=1 newDisplayState=1
03-13 18:49:49.845  4205  4205 I VRI[SubLauncherWindow]@35f78c4: onDisplayChanged oldDisplayState=1 newDisplayState=1
03-13 18:49:49.845  4205  4205 I VRI[NavigationBar1]@cd33b8a: onDisplayChanged oldDisplayState=1 newDisplayState=1
03-13 18:49:49.845  4205  4205 I VRI[LockscreenShortcutBlur]@703200c: onDisplayChanged oldDisplayState=2 newDisplayState=1
03-13 18:49:49.845  4205  4205 I VRI[NavigationBar0]@f26899a: onDisplayChanged oldDisplayState=2 newDisplayState=1
03-13 18:49:49.845  4205  4205 I VRI[NotificationShade]@d7ba77c: onDisplayChanged oldDisplayState=2 newDisplayState=1
03-13 18:49:49.845  4205  4205 I VRI[StatusBar]@b731380: onDisplayChanged oldDisplayState=2 newDisplayState=1
03-13 18:49:49.845  4205  4205 I VRI[Bouncer]@d67040f: onDisplayChanged oldDisplayState=2 newDisplayState=1
03-13 18:49:49.845 27562 27562 D BoundBrokerSvc: onBind: Intent { act=com.google.android.gms.safetynet.service.START xflg=0x4 pkg=com.google.android.gms }
03-13 18:49:49.845  4205  4205 D Navbar.Store: handleEvent(1) OnRotationChanged(rotation=0) [Module] NavigationBar
03-13 18:49:49.845 27562 27562 D BoundBrokerSvc: Loading bound service for intent: Intent { act=com.google.android.gms.safetynet.service.START xflg=0x4 pkg=com.google.android.gms }
03-13 18:49:49.845  4205  4205 D SubRoomQsTileBaseView: updateSubscreenTileStroke
03-13 18:49:49.845  4205  4205 D SubRoomQsTileBaseView: updateSubscreenTileStroke
03-13 18:49:49.846  4205  4205 D SubRoomQsTileBaseView: updateSubscreenTileStroke
03-13 18:49:49.846  4205  4205 D SubRoomQsTileBaseView: updateSubscreenTileStroke
03-13 18:49:49.846  4205  4205 I SubLauncher:BouncerViewController@120397705: get fontColorType from Wallpaper Rect(31, 19 - 716, 48)[1] Rect(261, 150 - 484, 490)[1] Rect(350, 12 - 397, 57)[1] Rect(631, 556 - 711, 637)[1] Rect(42, 652 - 308, 718)[1] Rect(0, 0 - 748, 718)[1] 
03-13 18:49:49.846  4205  4205 D SubRoomQsTileBaseView: updateSubscreenTileStroke
03-13 18:49:49.846  4205  4205 D SubRoomQsTileBaseView: updateSubscreenTileStroke
03-13 18:49:49.846  4205  4205 I SubLauncher:SubLauncherStateManager@232606011: setNotiCountText:  -> 0
03-13 18:49:49.846  4205  4205 I SubLauncher:SubLauncherNotificationIconsOnlyController: clockView or notiCount is changed set notiCount=0
03-13 18:49:49.846  4205  4205 D SubRoomQsTileBaseView: updateSubscreenTileStroke
03-13 18:49:49.846  4205  4205 D SecQSCommonTileView: handleStateChanged state.spec = custom(com.samsung.android.app.smartcapture/com.samsung.android.app.screenrecorder.view.RecordScreenTile), parent = LabelTileView{@ec91b50, #7f0a0df0, app:id/tile_label V, label = @ec91b50, #7f0a0df0, app:id/tile_label V, iconFrame = @1d33149 V, icon = @7666a4e V, common = @153376f}, labelContainer = @ab1dd13, #7f0a0661, app:id/label_group V, label = @ec91b50, #7f0a0df0, app:id/tile_label V, iconFrame = @1d33149 V, icon = @7666a4e V, common = @153376f
03-13 18:49:49.847  4205  4205 D SubRoomQsTileBaseView: updateSubscreenTileStroke
03-13 18:49:49.847  4205  4205 D S.S.N.  : onEntryRemoved parent : -1|android|32|null|1000
03-13 18:49:49.847  4205  4205 D SubscreenNotificationInfoManager: removeSubscreenNotificationInfoItem entry : com.android.systemui.statusbar.notification.collection.NotificationEntry@2e3abc3 >>>>> currentThread : Thread[main,5,main]
03-13 18:49:49.847  4205  4205 D S.S.N.  : notifyListAdapterItemRemoved parent - Entry  : -1|android|32|null|1000, index :0
03-13 18:49:49.847  4205  4205 D S.S.N.  : onEntryRemoved parent - remove List index : 0, group index : -1
03-13 18:49:49.847  4205  4205 E SubscreenSubRoomNotification: updateNotificationState -  action = 1 list size = 0
03-13 18:49:49.847  4205  4205 E SubscreenSubRoomNotification: updateNotificationState - prevHasUnreadNoti = false mHasUnreadNoti = false list size = 0
03-13 18:49:49.847  4205  4205 D S.S.N.  :  DISMISS IMMEDIATELY(entry) - popupViewShowing : false, presentationShowing : false, currentPopupViewEntry : null, currentPresentationEntry : null, key : -1|android|32|null|1000
03-13 18:49:49.847  4205  4205 D InsignificantCoordinator: onEntryRemoved :-1|android|32|null|1000 flags: 0 entrySize:0
03-13 18:49:49.847  4205  4205 D SubRoomQsTileBaseView: updateSubscreenTileStroke
03-13 18:49:49.847  2022  2124 I HYPER-HAL: [RequestManager.cpp]acquire(): Acquired ID : 2112570  [2025 / 30]    HINT :      list : [UCLAMP_MIN_BOOST / 0] [TID / 4392] [TID / 4393] [TID / 4205] [TID / 4394] 
03-13 18:49:49.847  4205  4205 D SecQSCommonTileView: handleStateChanged state.spec = custom(com.samsung.android.app.routines/.LifestyleModeTile), parent = LargeTileView{@a164517, #7f0a0df0, app:id/tile_label V, label = @a164517, #7f0a0df0, app:id/tile_label V, iconFrame = @b529d04 V, icon = @31c42ed V, common = @fbae522}, labelContainer = @349f69f, #7f0a0661, app:id/label_group V, label = @a164517, #7f0a0df0, app:id/tile_label V, iconFrame = @b529d04 V, icon = @31c42ed V, common = @fbae522
03-13 18:49:49.847  4205  4205 D SubRoomQsTileBaseView: updateSubscreenTileStroke
03-13 18:49:49.847  4205  4205 D SubRoomQsTileBaseView: updateSubscreenTileStroke
03-13 18:49:49.847  4205  4205 D SubRoomQsTileBaseView: updateSubscreenTileStroke
03-13 18:49:49.847  4205  4205 I SubLauncher:SubLauncherNowBarController@192055129: onItemRefreshed = , AI_BRIEF_KEY, AI_BRIEF | 7 / isExpandedCardState = false / isTopSettingViewOpened() = false
03-13 18:49:49.847  4205  4205 I SubLauncher:SubLauncherNowBarController@192055129: onItemRefreshed skipped
03-13 18:49:49.847  4205  4205 I NowBarItemManager: onNowBarItemUpdated updated updatedNowBarItem = , AI_BRIEF_KEY, AI_BRIEF | 7 oldNowBarItem = , AI_BRIEF_KEY, AI_BRIEF | 7
03-13 18:49:49.847  4205  4205 I NowBarItemManager: notifyUpdateObservers size = 1 
03-13 18:49:49.847  4205  4205 I NowBarCardViewModel: updateView skipped NowbarCardView invisible
03-13 18:49:49.847  4205  4205 I NowBarItemManager: getVisibleMainItemList = aod.o5.s:71 aod.Tw0.B:16 com.samsung.android.app.facewidget.domain.NowBarItemManager.i:6 aod.e11.c:8 aod.e11.f:0 aod.dj0.c:21 com.samsung.android.app.facewidget.domain.NowBarItemManager.t:68 com.samsung.android.app.facewidget.domain.NowBarItemManager.v:569 com.samsung.android.app.facewidget.FaceWidgetNotificationController.onNowBarItemUpdated:12 java.lang.reflect.Method.invoke:-2 com.android.systemui.plugins.annotations.VersionCheckingProxy.invoke:100 java.lang.reflect.Proxy.invoke:1006 $Proxy15.onNowBarItemUpdated:-1 com.android.systemui.facewidget.plugin.FaceWidgetNotificationControllerWrapper.updateItem:5 com.android.systemui.aibrief.control.BriefNowBarController$updateNowBar$1.run:13 
03-13 18:49:49.847  4205  4205 I NowBarItemManager: getVisibleList isScreenTurnedOn = false / aodShowState false shouldControlScreenOff false visibleList size = 0
03-13 18:49:49.847  4205  4205 I NowBarItemManager: getVisibleMainItemList = aod.o5.s:71 aod.Tw0.B:16 com.samsung.android.app.facewidget.domain.NowBarItemManager.i:6 aod.e11.c:8 com.samsung.android.app.sublauncher.presentation.plugin.controller.nowbar.SubLauncherNowBarController.onItemUpdated:2 aod.e11.f:96 aod.dj0.c:21 com.samsung.android.app.facewidget.domain.NowBarItemManager.t:68 com.samsung.android.app.facewidget.domain.NowBarItemManager.v:569 com.samsung.android.app.facewidget.FaceWidgetNotificationController.onNowBarItemUpdated:12 java.lang.reflect.Method.invoke:-2 com.android.systemui.plugins.annotations.VersionCheckingProxy.invoke:100 java.lang.reflect.Proxy.invoke:1006 $Proxy15.onNowBarItemUpdated:-1 com.android.systemui.facewidget.plugin.FaceWidgetNotificationControllerWrapper.updateItem:5 
03-13 18:49:49.847  4205  4205 I NowBarItemManager: getVisibleList isScreenTurnedOn = false / aodShowState false shouldControlScreenOff false visibleList size = 0
03-13 18:49:49.847  4205  4205 I SubLauncher:SubLauncherNowBarController@192055129: onItemUpdated item size = 0
03-13 18:49:49.847  4205  4205 I SubLauncher:SubLauncherNowBarController@192055129: applyViewState false finishedDecoration true isFolderClosed true
03-13 18:49:49.847  4205  4205 I SubLauncher:SubLauncherStateManager@232606011: setNowBarVisible: true -> false
03-13 18:49:49.847  4205  4205 I SubLauncher:SubLauncherClockPositionController@72316410: isThickFontType() fontType=0
03-13 18:49:49.848  4205  4205 E AbsSettings: refreshInner: refreshedSettingsDBItem key profile_id val = 1124882606
03-13 18:49:49.848  4205  4205 E AbsSettings: refreshInner: refreshedSettingsDBItem key profile_id val = 1124882606
03-13 18:49:49.848  4205  4205 E AbsSettings: refreshInner: refreshedSettingsDBItem key profile_id val = 1124882606
03-13 18:49:49.848  4205  4205 I SubLauncher:SubLauncherAClockPositionDataRepositoryImpl@13878558: getPositionArea() Point(53, 117)
03-13 18:49:49.848  4205  4205 I SubScreenPositionControllerImpl[SUB_CLOCK_AOD]: initPosition: mRange = Rect(-27, -59 - 27, 59), mParams = ViewPositionParams {name = SUB_CLOCK_AOD, width = 53, height = 117, left = 0, top = 0, right = 0, bottom = 0, offset = Point(0, 0), interval = 10, gravity = 17, high = false, baseScreenSizeRate = 1.0, initialBottomMargin = 0}
03-13 18:49:49.848  4205  4205 I SubLauncher:SubLauncherAClockPositionDataRepositoryImpl@13878558: getDozePositionOffset() translation = Point(0, 0), offset = Point(0, 0), scale = 1.0
03-13 18:49:49.848  4205  4205 I SubLauncher:SubLauncherClockPositionController@72316410: init position with 1, isThick=false, scale=1.0, targetScale=1.0
03-13 18:49:49.848  4205  4205 I ModuleClockPositionController[1]: getClockPositionInfo : ClockPositionInfo: id = , x = 276.0, y = 130.0, width = 196, height = 332, type = 2, editable = true, targetView = android.widget.LinearLayout{1069ff3 V.E...... ......ID 0,0-196,332 #7f0a1ff1 app:id/common_time_date_container}
03-13 18:49:49.848  4205  4205 I ModuleClockView_SUB_LAUNCHER_1@80: setScaleClock: 1.0
03-13 18:49:49.848  4205  4205 I ModuleClockPositionController[1]: updatePositionData: set value to ModuleClockPositionData(clockType=1, clockGravity=0, clockTopMargin=0, clockHorizontalMargin=0, clockScale=1.0, clockMaxWidth=680)
03-13 18:49:49.848  4205  4205 I SubLauncher:SubLauncherStateManager@232606011: setClockDozeAmountAnim: aod.NT0@91d3b47 -> aod.NT0@ec3fed2
03-13 18:49:49.848  4205  4205 I SubScreenPositionControllerImpl[SUB_STATUS_BAR_NOTI]: initPosition: mRange = Rect(0, -11 - 22, 11), mParams = ViewPositionParams {name = SUB_STATUS_BAR_NOTI, width = 21, height = 21, left = 0, top = 0, right = 0, bottom = 0, offset = Point(0, 0), interval = 10, gravity = 8388627, high = false, baseScreenSizeRate = 1.0, initialBottomMargin = 0}
03-13 18:49:49.848  4205  4205 I SubScreenPositionControllerImpl[SUB_STATUS_BAR_BATTERY]: initPosition: mRange = Rect(-22, -11 - 0, 11), mParams = ViewPositionParams {name = SUB_STATUS_BAR_BATTERY, width = 21, height = 21, left = 0, top = 0, right = 0, bottom = 0, offset = Point(0, 0), interval = 10, gravity = 8388629, high = false, baseScreenSizeRate = 1.0, initialBottomMargin = 0}
03-13 18:49:49.848  4205  4205 I SubScreenPositionControllerImpl[SUB_CLOCK_AOD]: initPosition: mRange = Rect(-27, -59 - 27, 59), mParams = ViewPositionParams {name = SUB_CLOCK_AOD, width = 53, height = 117, left = 0, top = 0, right = 0, bottom = 0, offset = Point(0, 0), interval = 10, gravity = 17, high = false, baseScreenSizeRate = 1.0, initialBottomMargin = 0}
03-13 18:49:49.848  4205  4205 I SubScreenPositionControllerImpl[SUB_CLOCK_AOD]: setAODFinalPosition() mAODFinalPosition = [1,48], offset[Point(0, 0)]
03-13 18:49:49.848  4205  4205 I SubScreenPositionControllerImpl[SUB_CLOCK_AOD]: updatePosition: first update mCurPoint = Point(1, 48), mRange = Rect(-27, -59 - 27, 59), count = 1, interval = 10
03-13 18:49:49.848  4205  4205 I SubScreenPositionControllerImpl[SUB_CLOCK_AOD]: getRandomFinalPosition() [1,48]
03-13 18:49:49.848  4205  4205 I SubLauncher:SubLauncherStateManager@232606011: setClockDozePosition: Point(-11, -48) -> Point(1, 48)
03-13 18:49:49.848  4205  4205 I SubScreenPositionControllerImpl[SUB_STATUS_BAR_NOTI]: initPosition: mRange = Rect(0, -11 - 22, 11), mParams = ViewPositionParams {name = SUB_STATUS_BAR_NOTI, width = 21, height = 21, left = 0, top = 0, right = 0, bottom = 0, offset = Point(0, 0), interval = 10, gravity = 8388627, high = false, baseScreenSizeRate = 1.0, initialBottomMargin = 0}
03-13 18:49:49.848  4205  4205 I SubScreenPositionControllerImpl[SUB_STATUS_BAR_NOTI]: setAODFinalPosition() mAODFinalPosition = [11,-7], offset[Point(0, 0)]
03-13 18:49:49.848  4205  4205 I SubScreenPositionControllerImpl[SUB_STATUS_BAR_NOTI]: updatePosition: first update mCurPoint = Point(11, -7), mRange = Rect(0, -11 - 22, 11), count = 1, interval = 10
03-13 18:49:49.848  4205  4205 I SubScreenPositionControllerImpl[SUB_STATUS_BAR_BATTERY]: initPosition: mRange = Rect(-22, -11 - 0, 11), mParams = ViewPositionParams {name = SUB_STATUS_BAR_BATTERY, width = 21, height = 21, left = 0, top = 0, right = 0, bottom = 0, offset = Point(0, 0), interval = 10, gravity = 8388629, high = false, baseScreenSizeRate = 1.0, initialBottomMargin = 0}
03-13 18:49:49.848  4205  4205 I SubScreenPositionControllerImpl[SUB_STATUS_BAR_BATTERY]: setAODFinalPosition() mAODFinalPosition = [-3,9], offset[Point(0, 0)]
03-13 18:49:49.848  4205  4205 I SubScreenPositionControllerImpl[SUB_STATUS_BAR_BATTERY]: updatePosition: first update mCurPoint = Point(-3, 9), mRange = Rect(-22, -11 - 0, 11), count = 1, interval = 10
03-13 18:49:49.848  4205  4205 I SubScreenPositionControllerImpl[SUB_STATUS_BAR_NOTI]: getRandomFinalPosition() [11,-7]
03-13 18:49:49.848  4205  4205 I SubScreenPositionControllerImpl[SUB_STATUS_BAR_BATTERY]: setFinalPositionY(-7) Point(-3, 9) -> Point(-3, -7)
03-13 18:49:49.848  4205  4205 I SubScreenPositionControllerImpl[SUB_STATUS_BAR_NOTI]: getRandomFinalPosition() [11,-7]
03-13 18:49:49.848  4205  4205 I SubLauncher:SubLauncherStateManager@232606011: setNIODozePosition: Point(18, -3) -> Point(11, -7)
03-13 18:49:49.848  4205  4205 I SubScreenPositionControllerImpl[SUB_STATUS_BAR_BATTERY]: getRandomFinalPosition() [-3,-7]
03-13 18:49:49.848  4205  4205 I SubLauncher:SubLauncherStateManager@232606011: setBatteryDozePosition: Point(-20, -3) -> Point(-3, -7)
03-13 18:49:49.848  4205  4205 I SubLauncher:GetClockMovableAreaUseCase@58390511: MovableArea: SkRegion((34,72,714,431)(34,431,621,552)), from=left: Rect(0, 0 - 34, 720), top: Rect(0, 0 - 748, 72), right: Rect(714, 0 - 748, 720), bottom: Rect(0, 552 - 748, 720), shortcut: Rect(621, 431 - 748, 720), 
03-13 18:49:49.848  4205  4205 I SubLauncher:SubLauncherClock@211923914: initMovableArea: SkRegion((34,72,714,431)(34,431,621,552)), rootSize=SubScreenSize(width=748, height=720, widthF=748.0, heightF=720.0, halfWidth=374.0, halfHeight=360.0, cornerRadius=20), isFlexMode=false, isWidgetEnabled=false, isInformative=false, isNowBarVisible=false, nowBarPosition=Point(8, 13)
03-13 18:49:49.848  4205  4205 I SubLauncherNowBarCardStackView: sub refreshAllViews itemList size  -> 0
03-13 18:49:49.848  4205  4205 I SubLauncherNowBarCardStackView: refreshAllViews topcard -> , AI_BRIEF_KEY, AI_BRIEF | 7
03-13 18:49:49.848  4205  4205 I SubLauncherNowBarCardStackView: refreshAllViews prev = 1 / new = 0  (idx=0 , AI_BRIEF_KEY, AI_BRIEF | 7)  ==> 
03-13 18:49:49.848  4205  4205 I LockscreenNotificationIconsOnlyController: onNotificationInfoUpdated 6
03-13 18:49:49.848  4205  4205 I AODNotificationManager: subLauncherUpdateNotification() 
03-13 18:49:49.849  4205  4205 D PluginAODManager: onNotificationInfoUpdated() 6
03-13 18:49:49.849  4205  4205 I PluginAODManager: onNotificationInfoUpdated : can not find -1|android|32|null|1000
03-13 18:49:49.849  4205  4205 D PluginAODManager: onNotificationInfoUpdated() 0|com.google.android.googlequicksearchbox|0|1391480565::a:snotification:[0x28481aa67f78ee32,stories.f,NOTIFICATION]|10261
03-13 18:49:49.849  4205  4205 D PluginAODManager: onNotificationInfoUpdated() 0|com.sec.android.daemonapp|1|null|10222
03-13 18:49:49.849  4205  4205 D PluginAODManager: onNotificationInfoUpdated() 0|com.samsung.android.lool|2007|null|1000
03-13 18:49:49.849  4205  4205 D PluginAODManager: onNotificationInfoUpdated() 0|com.android.vending|0|0|com.android.vending|g:Aggregate_NormalNotificationSection|10260|0|com.android.vending|g:Aggregate_NormalNotificationSection
03-13 18:49:49.849  4205  4205 D PluginAODManager: onNotificationInfoUpdated() 0|com.samsung.android.app.smartcapture|5755|null|10221
03-13 18:49:49.849  4205  4205 I AODNotificationManager: updateVisibleNotifications: 5
03-13 18:49:49.849  4205  4205 D SubRoomQsTileBaseView: updateSubscreenTileStroke
03-13 18:49:49.849  4205  4205 D SubRoomQsTileBaseView: updateSubscreenTileStroke
03-13 18:49:49.849  4205  4205 D SubRoomQsTileBaseView: updateSubscreenTileStroke
03-13 18:49:49.849  4205  4205 D SubRoomQsTileBaseView: updateSubscreenTileStroke
03-13 18:49:49.849  4205  4205 D SubRoomQsTileBaseView: updateSubscreenTileStroke
03-13 18:49:49.849  4205  4205 D SubRoomQsTileBaseView: updateSubscreenTileStroke
03-13 18:49:49.849  4205  4205 D SecQSCommonTileView: handleStateChanged state.spec = custom(com.samsung.android.app.smartcapture/com.samsung.android.app.screenrecorder.view.RecordScreenTile), parent = LabelTileView{@ec91b50, #7f0a0df0, app:id/tile_label V, label = @ec91b50, #7f0a0df0, app:id/tile_label V, iconFrame = @1d33149 V, icon = @7666a4e V, common = @153376f}, labelContainer = @ab1dd13, #7f0a0661, app:id/label_group V, label = @ec91b50, #7f0a0df0, app:id/tile_label V, iconFrame = @1d33149 V, icon = @7666a4e V, common = @153376f
03-13 18:49:49.849  4205  4205 D SubRoomQsTileBaseView: updateSubscreenTileStroke
03-13 18:49:49.849  4205  4205 D SubRoomQsTileBaseView: updateSubscreenTileStroke
03-13 18:49:49.849  9888  9888 I cr_CombinedPProvider: #linkNativeInternal() 1
03-13 18:49:49.849  4205  4205 D SecQSCommonTileView: handleStateChanged state.spec = custom(com.samsung.android.app.routines/.LifestyleModeTile), parent = LargeTileView{@a164517, #7f0a0df0, app:id/tile_label V, label = @a164517, #7f0a0df0, app:id/tile_label V, iconFrame = @b529d04 V, icon = @31c42ed V, common = @fbae522}, labelContainer = @349f69f, #7f0a0661, app:id/label_group V, label = @a164517, #7f0a0df0, app:id/tile_label V, iconFrame = @b529d04 V, icon = @31c42ed V, common = @fbae522
03-13 18:49:49.849  4205  4205 D SubRoomQsTileBaseView: updateSubscreenTileStroke
03-13 18:49:49.849  4205  4205 D SubRoomQsTileBaseView: updateSubscreenTileStroke
03-13 18:49:49.849  4205  4205 D SecQSCommonTileView: handleStateChanged state.spec = custom(com.samsung.android.app.smartcapture/com.samsung.android.app.screenrecorder.view.RecordScreenTile), parent = LabelTileView{@ec91b50, #7f0a0df0, app:id/tile_label V, label = @ec91b50, #7f0a0df0, app:id/tile_label V, iconFrame = @1d33149 V, icon = @7666a4e V, common = @153376f}, labelContainer = @ab1dd13, #7f0a0661, app:id/label_group V, label = @ec91b50, #7f0a0df0, app:id/tile_label V, iconFrame = @1d33149 V, icon = @7666a4e V, common = @153376f
03-13 18:49:49.849  4205  4205 D SubRoomQsTileBaseView: updateSubscreenTileStroke
03-13 18:49:49.849  4205  4205 D SecQSCommonTileView: handleStateChanged state.spec = custom(com.samsung.android.app.routines/.LifestyleModeTile), parent = LargeTileView{@a164517, #7f0a0df0, app:id/tile_label V, label = @a164517, #7f0a0df0, app:id/tile_label V, iconFrame = @b529d04 V, icon = @31c42ed V, common = @fbae522}, labelContainer = @349f69f, #7f0a0661, app:id/label_group V, label = @a164517, #7f0a0df0, app:id/tile_label V, iconFrame = @b529d04 V, icon = @31c42ed V, common = @fbae522
03-13 18:49:49.849  4205  4205 D SubRoomQsTileBaseView: updateSubscreenTileStroke
03-13 18:49:49.851  9888  9888 I cr_AppResProvider: #getApplicationRestrictionsFromUserManager() Bundle[EMPTY_PARCEL]
03-13 18:49:49.851  9888  9888 I cr_PolicyProvider: #notifySettingsAvailable() 0
03-13 18:49:49.851  9888  9888 I cr_CombinedPProvider: #onSettingsAvailable() 0
03-13 18:49:49.851  9888  9888 I cr_CombinedPProvider: #flushPolicies()
03-13 18:49:49.851  4312  4312 D Zygote  : Forked child process 11470
03-13 18:49:49.851  2040  2451 I SDM     : DisplayBase::WaitForCompletion: Cached retire fence is in ready state
03-13 18:49:49.852  2040  2451 I SDM     : DisplayBase::SetDisplayState: active 0-0 state 0-0 pending_power_state_ 0
03-13 18:49:49.852  4205  4205 D PluginActionManager: stopListening
03-13 18:49:49.852  4205  4205 D StackScroller: generateRemoveAnimation -1|android|32|null|1000
03-13 18:49:49.852  4205  4205 D StackScroller: generateRemoveAnimation -1|android|32|null|1000 mIsExpanded false mAnimationsEnabled false
03-13 18:49:49.852  4205  4205 D StackScroller: onViewRemovedInternal remove child without animation -1|android|32|null|1000
03-13 18:49:49.853  4205  4205 I AppIconSolution: return adaptive icon for com.google.android.googlequicksearchbox, isNight = true
03-13 18:49:49.854  2105  2105 D TimeStats: Cleared global stats
03-13 18:49:49.854  2105  2105 D TimeStats: Cleared layer stats
03-13 18:49:49.854  2105  2815 D Scheduler: displayPowerTimerCallback ExpiredDisplayPowerTimer: 0
03-13 18:49:49.854  2105  2815 D DisplayModeController: setDesiredMode 4630946564756762243 {mode={fps=60.00 Hz, modePtr={id=2, vsyncRate=60.00 Hz, peakRefreshRate=60.00 Hz}}, emitEvent=true, force=false}
03-13 18:49:49.854  2105  2105 D SurfaceFlinger: Finished setting power mode 0 on physical display 4630946564756762243
03-13 18:49:49.854  4205  4205 I AppIconSolution: return adaptive icon for com.sec.android.daemonapp, isNight = true
03-13 18:49:49.855  2105  2105 I SurfaceFlinger: RequestedLayer [[Gesture Monitor] secinputdev#80077] hidden!! flag  from(0) --> to(1)
03-13 18:49:49.856  2105  2105 I SurfaceFlinger: [Display 1 name="Built-in Screen"#66] setFrameRateCategory: High
03-13 18:49:49.856  2105  2105 I SurfaceFlinger: RequestedLayer [com.zhiliaoapp.musically/com.ss.andr[...]me.splash.SplashActivity$_9888#80527] hidden!! flag  from(0) --> to(1)
03-13 18:49:49.856  2105  2105 I SurfaceFlinger: RequestedLayer [ActivityRecord{189731967 u0 com.zhil[...]me.splash.SplashActivity t919}#80444] hidden!! flag  from(0) --> to(1)
03-13 18:49:49.856  2105  2105 I SurfaceFlinger: RequestedLayer [Task=919#80427] hidden!! flag  from(0) --> to(1)
03-13 18:49:49.856  2105  2105 I SurfaceFlinger: RequestedLayer [WindowToken{d32757f type=2019 android.os.BinderProxy@fee1cd9}#80535] hidden!! flag  from(1) --> to(0)
03-13 18:49:49.856  2105  2105 I SurfaceFlinger: RequestedLayer [d82e94c NavigationBar1#80536] hidden!! flag  from(1) --> to(0)
03-13 18:49:49.856  4205  4205 I AppIconSolution: return adaptive icon for com.samsung.android.lool, isNight = true
03-13 18:49:49.856  2105  2105 I SurfaceFlinger: RequestedLayer [[Gesture Monitor] edge-swipe#80537] hidden!! flag  from(1) --> to(0)
03-13 18:49:49.856  2105  2105 I SurfaceFlinger: [LayerHierarchy{RequestedLayerState{[Gesture Monitor] secinputdev#80077 z=1} no children}] reparent to OffscreenRoot
03-13 18:49:49.856  2105  2105 I SurfaceFlinger: [LayerHierarchy{RequestedLayerState{[Gesture Monitor] secinputdev#80077 z=1} no children}] RelativeParent to null
03-13 18:49:49.856  2105  2105 I SurfaceFlinger: [LayerHierarchy{RequestedLayerState{com.zhiliaoapp.musically/com.ss.android.ugc.aweme.splash.SplashActivity$_9888#80527} no children}] reparent to OffscreenRoot
03-13 18:49:49.856  2105  2105 I SurfaceFlinger: [LayerHierarchy{RequestedLayerState{com.zhiliaoapp.musically/com.ss.android.ugc.aweme.splash.SplashActivity$_9888#80527} no children}] RelativeParent to null
03-13 18:49:49.856  2105  2105 I SurfaceFlinger: [WindowToken{d32757f type=2019 android.os.BinderProxy@fee1cd9}#80535] attach to parent LayerHierarchy{RequestedLayerState{Leaf:15:31#64 parentId=54 z=5} 3 children}
03-13 18:49:49.856  2105  2105 I SurfaceFlinger: [d82e94c NavigationBar1#80536] attach to parent LayerHierarchy{RequestedLayerState{WindowToken{d32757f type=2019 android.os.BinderProxy@fee1cd9}#80535 parentId=64 z=1} 1 children}
03-13 18:49:49.856  2105  2105 I SurfaceFlinger: [[Gesture Monitor] edge-swipe#80537] attach to parent LayerHierarchy{RequestedLayerState{Input Overlays#68 parentId=66 z=2147483646} 4 children}
03-13 18:49:49.856  2105  2105 I SurfaceFlinger: [WindowToken{8cb7061 type=2024 android.os.BinderProxy@8fd07c8}#80538] attach to parent LayerHierarchy{RequestedLayerState{Leaf:15:31#64 parentId=54 z=5} 4 children}
03-13 18:49:49.856  2105  2105 I SurfaceFlinger: [6e29786 EdgeBackGestureHandler1#80539] attach to parent LayerHierarchy{RequestedLayerState{WindowToken{8cb7061 type=2024 android.os.BinderProxy@8fd07c8}#80538 parentId=64} 1 children}
03-13 18:49:49.856  2105  2105 I SurfaceFlinger: [NavigationBar1$_4205#80540] attach to parent LayerHierarchy{RequestedLayerState{d82e94c NavigationBar1#80536 parentId=80535} 1 children}
03-13 18:49:49.856  3003  3084 I ActivityManager: Start proc 11470:com.google.android.webview:sandboxed_process0:org.chromium.content.app.SandboxedProcessService0:0/u0i580 for  {com.zhiliaoapp.musically/org.chromium.content.app.SandboxedProcessService0:0}
03-13 18:49:49.856  3003  3084 I DynamicHiddenApp_BGProtectManager: check webview name : com.google.android.webview:sandboxed_process0:org.chromium.content.app.SandboxedProcessService0:0check hostingname webview : {com.zhiliaoapp.musically/org.chromium.content.app.SandboxedProcessService0:0}
03-13 18:49:49.856  3003  3084 I ActivityManager: ProcessObserver broadcast disabled
03-13 18:49:49.856  2105  2105 D DisplayDevice: setLayerFilter: layerstack=-1 on display 4630946564756762243,toInternalDisplay:true
03-13 18:49:49.856 13046 13076 W Turbo.InferAppBucketsJob: Models given by config: 1
03-13 18:49:49.857  4205  4205 I AppIconSolution: return adaptive icon for com.android.vending, isNight = true
03-13 18:49:49.858  3003  4082 D SurfaceControl: Excessive delay in setPowerMode()
03-13 18:49:49.858  3003  4082 D PowerManagerUtil: [OFF][752][T: 242]  [Caller: 0] [Cfp:  0] [Cfa: 0] [Panel:199]
03-13 18:49:49.858  3003  4082 W LocalDisplayAdapter: !@display_state - 2294 : OFF (MAIN) took 199 ms
03-13 18:49:49.858  3003  4082 D SemInputDeviceManagerService: setDisplayState[1] LATE: OFF(1) -> OFF(1)
03-13 18:49:49.858  4205  4205 I AppIconSolution: return adaptive icon for com.samsung.android.app.smartcapture, isNight = true
03-13 18:49:49.859  3003  4082 D LocalDisplayAdapter: notifyStateChangeFinish: com.samsung.android.hardware.secinputdev.external.DisplayStateListenerWrapper$1@444e177 took 1 ms
03-13 18:49:49.859  3003  4082 D LocalDisplayAdapter: notifyStateChangeFinish: com.android.server.biometrics.SemBiometricDisplayStateMonitor@e8de626 took 0 ms
03-13 18:49:49.859  3003  4082 D RefreshRateModeManager: DisplayStateListener#onFinish, isPowerModeOn=false, displayType=1
03-13 18:49:49.859  3003  4082 D LocalDisplayAdapter: notifyStateChangeFinish: com.android.server.display.mode.RefreshRateModeManager$1@d4f0f0f took 0 ms
03-13 18:49:49.859  3003  3994 D SemInputDevice:TSP: ActivateTask: 1,1 [03-13 18:49:49.858]
03-13 18:49:49.859  3003  3067 D RefreshRateModeManager: set fix=0, brightness=0, lux=-1.0, mIsWirelessCharging=false
03-13 18:49:49.859  3003  3130 D DisplayPowerController[0]: setActualDisplayState: ON -> OFF
03-13 18:49:49.859  3003  3130 D DisplayPowerController[0]: animateScreenStateChange: target=OFF, mIsEnabled=false
03-13 18:49:49.859  3003  3130 D DisplayPowerController[0]: animateScreenStateChange: target=OFF, mIsEnabled=false
03-13 18:49:49.859  3003  3130 D PowerManagerService: displayReady: true groupId=0
03-13 18:49:49.859  2105  2342 W qdgralloc: getInterlacedFlag: getMetaData returned 3, defaulting to interlaced_flag = 0
03-13 18:49:49.859  4205  4205 D S.S.N.  : update - updateMainListArray parent Group child remove Item: 0|com.android.vending|0|0|com.android.vending|g:Aggregate_NormalNotificationSection|10260|0|com.android.vending|g:Aggregate_NormalNotificationSection
03-13 18:49:49.859  3003  3130 D PowerManagerService: handleSandman : startDreaming: true  (canDreamLocked: false  canDozeLocked: true)  groupId=0
03-13 18:49:49.859  4205  4205 D S.S.N.  : update - updateMainListArray parent Group child already exists 0|com.android.vending|0|0|com.android.vending|g:Aggregate_NormalNotificationSection|10260|0|com.android.vending|g:Aggregate_NormalNotificationSection
03-13 18:49:49.859  3003  3130 D PowerManagerService: handleSandman : startDream(true)
03-13 18:49:49.859  3003  3130 I DreamManagerService: Entering dreamland.
03-13 18:49:49.860  3003  3130 I PowerManagerService: Dozing...
03-13 18:49:49.860  3003  4927 I WindowManager: Relayout Window{d82e94c u0 NavigationBar1}: viewVisibility=0 req=748x66 ty=2019 d1
03-13 18:49:49.860  3003  4927 D BLASTSyncEngine: SyncGroup 9299:  Unfinished container: WindowToken{8004a5b type=2024 android.os.BinderProxy@d7bba75} mSyncState=2
03-13 18:49:49.861  2071  2129 I sysinput:aidl: onReportInformation:93, 1, enabled@1,1:0
03-13 18:49:49.861  3003  4927 I WindowManager: [d1] Override config changes=20000c00 {0.0 ?mcc0mnc ?localeList ?layoutDir sw308dp w352dp h308dp 340dpi smll hdr widecg land ?uimode ?night finger -keyb/v/h -nav/h winConfig={ mBounds=Rect(0, 0 - 748, 720) mAppBounds=Rect(0, 0 - 748, 654) mMaxBounds=Rect(0, 0 - 748, 720) mDisplayRotation=ROTATION_0 mWindowingMode=fullscreen mActivityType=undefined mAlwaysOnTop=undefined mRotation=ROTATION_0 mStageConfig=undefined mPopOver=undefined mOverlappingWithCutout=false mFlexPanelMode=off} ?fontWeightAdjustment ff=0 bf=-1 bts=0 cst=1.0 nightDim=-1 themeSeq=0}, callers=com.android.server.wm.DisplayContent.updateDisplayOverrideConfigurationLocked:24 com.android.server.wm.DisplayContent.sendNewConfiguration:133 com.android.server.wm.WindowManagerService.relayoutWindow:1685 com.android.server.wm.Session.relayout:27 android.view.IWindowSession$Stub.onTransact:829 
03-13 18:49:49.861  2105  2105 I SurfaceFlinger: id=80527 Removed com.zhiliaoapp.musically/com.ss.android.ugc.aweme.splash.SplashActivity$_9888#80527 (230)
03-13 18:49:49.861  3003  4927 V WindowManager: Collecting in transition 9299: WindowToken{8004a5b type=2024 android.os.BinderProxy@d7bba75}, caller=com.android.server.wm.TransitionController$$ExternalSyntheticLambda3.accept:43 com.android.server.wm.WindowContainer$ForAllWindowsConsumerWrapper.apply:5 com.android.server.wm.WindowState.applyInOrderWithImeWindows:22 com.android.server.wm.WindowState.forAllWindows:9 com.android.server.wm.WindowContainer.forAllWindows:2 
03-13 18:49:49.861  2105  2105 I BpBinder: onLastStrongRef automatically unlinking death recipients: 
03-13 18:49:49.861  2105  2105 I SurfaceFlinger: id=80077 Removed [Gesture Monitor] secinputdev#80077 (230)
03-13 18:49:49.861  3003  4927 I MultiTaskingController: onConfigurationChangedLocked: display#1, configChanges=0x20000c00, scaleW=1.0, scaleH=1.0, prevScreenBounds=Rect(0, 0 - 748, 720), nextScreenBounds=Rect(0, 0 - 748, 720)
03-13 18:49:49.861  3003  3130 D BrightnessThermalClamper: Thermal status observer already started
03-13 18:49:49.862  3003  4927 D BLASTSyncEngine: SyncGroup 9299:  Unfinished container: WindowToken{8004a5b type=2024 android.os.BinderProxy@d7bba75} mSyncState=2
03-13 18:49:49.862  4205  4267 V ShellDragAndDrop: Display changed: 1
03-13 18:49:49.863  2071  2129 I sysinput:Touch1: operator():132, 1,1 OK
03-13 18:49:49.863  3003  3994 D SysinputHAL_AIDL: activate(TSP(1)),1,1 ret=0
03-13 18:49:49.863  3003  4927 I WindowManager: Relayout hash=d82e94c, pid=4205, syncId=-1: mAttrs={(0,0)(fillx66) gr=BOTTOM CENTER_VERTICAL sim={adjust=pan} layoutInDisplayCutoutMode=always ty=NAVIGATION_BAR fmt=TRANSLUCENT
03-13 18:49:49.863  3003  4927 I WindowManager:   fl=20040028
03-13 18:49:49.863  3003  4927 I WindowManager:   pfl=31000000
03-13 18:49:49.863  3003  4927 I WindowManager:   bhv=1
03-13 18:49:49.863  3003  4927 I WindowManager:   providedInsets:
03-13 18:49:49.863  3003  4927 I WindowManager:     InsetsFrameProvider: {id=#d7000001, index=0, type=navigationBars, source=FRAME, flags=[], insetsSize=Insets{left=0, top=0, right=0, bottom=66}, insetsSizeOverrides=[TypedInsetsSize: {windowType=INPUT_METHOD, insetsSize=null}]}
03-13 18:49:49.863  3003  4927 I WindowManager:     InsetsFrameProvider: {id=#d7000006, index=0, type=tappableElement, source=FRAME, flags=[]}
03-13 18:49:49.863  3003  4927 I WindowManager:     InsetsFrameProvider: {id=#d7000005, index=0, type=mandatorySystemGestures, source=FRAME, flags=[]}
03-13 18:49:49.863  3003  4927 I WindowManager:     InsetsFrameProvider: {id=#d7000004, index=0, type=systemGestures, source=DISPLAY, flags=[], insetsSize=Insets{left=0, top=0, right=0, bottom=0}, mMinimalInsetsSizeInDisplayCutoutSafe=Insets{left=0, top=0, right=0, bottom=0}}
03-13 18:49:49.863  3003  4927 I WindowManager:     InsetsFrameProvider: {id=#d7000024, index=1, type=systemGestures, source=DISPLAY, flags=[], insetsSize=Insets{left=0, top=0, right=0, bottom=0}, mMinimalInsetsSizeInDisplayCutoutSafe=Insets{left=0, top=0, right=0, bottom=0}}
03-13 18:49:49.863  3003  4927 I WindowManager:   frameRateBoostOnTouch=true
03-13 18:49:49.863  3003  4927 I WindowManager:   dvrrWindowFrameRateHint=true
03-13 18:49:49.863  3003  4927 I WindowManager:   paramsForRotation:
03-13 18:49:49.863  3003  4927 I WindowManager:     ROTATION_0={(0,0)(fillx66) gr=BOTTOM CENTER_VERTICAL layoutInDisplayCutoutMode=always ty=NAVIGATION_BAR fmt=TRANSLUCENT
03-13 18:49:49.863  3003  4927 I WindowManager:       fl=20040028
03-13 18:49:49.863  3003  4927 I WindowManager:       pfl=31000000
03-13 18:49:49.863  3003  4927 I WindowManager:       bhv=1
03-13 18:49:49.863  3003  4927 I WindowManager:       providedInsets:
03-13 18:49:49.863  3003  4927 I WindowManager:         InsetsFrameProvider: {id=#d7000001, index=0, type=navigationBars, source=FRAME, flags=[], insetsSize=Insets{left=0, top=0, right=0, bottom=66}, insetsSizeOverrides=[TypedInsetsSize: {windowType=INPUT_METHOD, insetsSize=null}]}
03-13 18:49:49.863  3003  4927 I WindowManager:         InsetsFrameProvider: {id=#d7000006, index=0, type=tappableElement, source=FRAME, flags=[]}
03-13 18:49:49.863  3003  4927 I WindowManager:         InsetsFrameProvider: {id=#d7000005, index=0, type=mandatorySystemGestures, source=FRAME, flags=[]}
03-13 18:49:49.863  3003  4927 I WindowManager:         InsetsFrameProvider: {id=#d7000004, index=0, type=systemGestures, source=DISPLAY, flags=[], insetsSize=Insets{left=0, top=0, right=0, bottom=0}, mMinimalInsetsSizeInDisplayCutoutSafe=Insets{left=0, top=0, right=0, bottom=0}}
03-13 18:49:49.863  3003  4927 I WindowManager:         InsetsFrameProvider: {id=#d7000024, index=1, type=systemGestures, source=DISPLAY, flags=[], insetsSize=Insets{left=0, top=0, right=0, bottom=0}, mMinimalInsetsSizeInDisplayCutoutSafe=Insets{left=0, top=0, right=0, bottom=0}}
03-13 18:49:49.863  3003  4927 I WindowManager:       frameRateBoostOnTouch=true
03-13 18:49:49.863  3003  4927 I WindowManager:       dvrrWindowFrameRateHint=true naviIconColor=0}
03-13 18:49:49.863  3003  4927 I WindowManager:     ROTATION_90={(0,0)(66xfill) gr=RIGHT CENTER_HORIZONTAL layoutInDisplayCutoutMode=always ty=NAVIGATION_BAR fmt=TRANSLUCENT
03-13 18:49:49.863  3003  4927 I WindowManager:       fl=20040028
03-13 18:49:49.863  3003  4927 I WindowManager:       pfl=31000000
03-13 18:49:49.863  3003  4927 I WindowManager:       bhv=1
03-13 18:49:49.863  3003  4927 I WindowManager:       providedInsets:
03-13 18:49:49.863  3003  4927 I WindowManager:         InsetsFrameProvider: {id=#d7000001, index=0, type=navigationBars, source=FRAME, flags=[], insetsSizeOverrides=[TypedInsetsSize: {windowType=INPUT_METHOD, insetsSize=null}]}
03-13 18:49:49.863  3003  4927 I WindowManager:         InsetsFrameProvider: {id=#d7000006, index=0, type=tappableElement, source=FRAME, flags=[]}
03-13 18:49:49.863  3003  4927 I WindowManager:         InsetsFrameProvider: {id=#d7000005, index=0, type=mandatorySystemGestures, source=FRAME, flags=[]}
03-13 18:49:49.863  3003  4927 I WindowManager:         InsetsFrameProvider: {id=#d7000004, index=0, type=systemGestures, source=DISPLAY, flags=[], insetsSize=Insets{left=0, top=0, right=0, bottom=0}, mMinimalInsetsSizeInDisplayCutoutSafe=Insets{left=0, top=0, right=0, bottom=0}}
03-13 18:49:49.863  3003  4927 I WindowManager:         InsetsFrameProvider: {id=#d7000024, index=1, type=systemGestures, source=DISPLAY, flags=[], insetsSize=Insets{left=0, top=0, right=0, bottom=0}, mMinimalInsetsSizeInDisplayCutoutSafe=Insets{left=0, top=0, right=0, bottom=0}}
03-13 18:49:49.863  3003  4927 I WindowManager:       frameRateBoostOnTouch=true
03-13 18:49:49.863  3003  4927 I WindowManager:       dvrrWindowFrameRateHint=true naviIconColor=0}
03-13 18:49:49.863  3003  4927 I WindowManager:     ROTATION_180={(0,0)(fillx66) gr=TOP CENTER_VERTICAL layoutInDisplayCutoutMode=always ty=NAVIGATION_BAR fmt=TRANSLUCENT
03-13 18:49:49.863  3003  4927 I WindowManager:       fl=20040028
03-13 18:49:49.863  3003  4927 I WindowManager:       pfl=31000000
03-13 18:49:49.863  3003  4927 I WindowManager:       bhv=1
03-13 18:49:49.863  3003  4927 I WindowManager:       providedInsets:
03-13 18:49:49.863  3003  4927 I WindowManager:         InsetsFrameProvider: {id=#d7000001, index=0, type=navigationBars, source=FRAME, flags=[], insetsSize=Insets{left=0, top=0, right=0, bottom=66}, insetsSizeOverrides=[TypedInsetsSize: {windowType=INPUT_METHOD, insetsSize=null}]}
03-13 18:49:49.863  3003  4927 I WindowManager:         InsetsFrameProvider: {id=#d7000006, index=0, type=tappableElement, source=FRAME, flags=[]}
03-13 18:49:49.863  3003  4927 I WindowManager:         InsetsFrameProvider: {id=#d7000005, index=0, type=mandatorySystemGestures, source=FRAME, flags=[]}
03-13 18:49:49.863  3003  4927 I WindowManager:         InsetsFrameProvider: {id=#d7000004, index=0, type=systemGestures, source=DISPLAY, flags=[], insetsSize=Insets{left=0, top=0, right=0, bottom=0}, mMinimalInsetsSizeInDisplayCutoutSafe=Insets{left=0, top=0, right=0, bottom=0}}
03-13 18:49:49.863  3003  4927 I WindowManager:         InsetsFrameProvider: {id=#d7000024, index=1, type=systemGestures, source=DISPLAY, flags=[], insetsSize=Insets{left=0, top=0, right=0, bottom=0}, mMinimalInsetsSizeInDisplayCutoutSafe=Insets{left=0, top=0, right=0, bottom=0}}
03-13 18:49:49.863  3003  4927 I WindowManager:       frameRateBoostOnTouch=true
03-13 18:49:49.863  3003  4927 I WindowManager:       dvrrWindowFrameRateHint=true naviIconColor=0}
03-13 18:49:49.863  3003  4927 I WindowManager:     ROTATION_270={(0,0)(66xfill) gr=LEFT CENTER_HORIZONTAL layoutInDisplayCutoutMode=always ty=NAVIGATION_BAR fmt=TRANSLUCENT
03-13 18:49:49.863  3003  4927 I WindowManager:       fl=20040028
03-13 18:49:49.863  3003  4927 I WindowManager:       pfl=31000000
03-13 18:49:49.863  3003  4927 I WindowManager:       bhv=1
03-13 18:49:49.863  3003  4927 I WindowManager:       providedInsets:
03-13 18:49:49.863  3003  4927 I WindowManager:         InsetsFrameProvider: {id=#d7000001, index=0, type=navigationBars, source=FRAME, flags=[], insetsSizeOverrides=[TypedInsetsSize: {windowType=INPUT_METHOD, insetsSize=null}]}
03-13 18:49:49.863  3003  4927 I WindowManager:         InsetsFrameProvider: {id=#d7000006, index=0, type=tappableElement, source=FRAME, flags=[]}
03-13 18:49:49.863  3003  4927 I WindowManager:         InsetsFrameProvider: {id=#d7000005, index=0, type=mandatorySystemGestures, source=FRAME, flags=[]}
03-13 18:49:49.863  3003  4927 I WindowManager:         InsetsFrameProvider: {id=#d7000004, index=0, type=systemGestures, source=DISPLAY, flags=[], insetsSize=Insets{left=0, top=0, right=0, bottom=0}, mMinimalInsetsSizeInDisplayCutoutSafe=Insets{left=0, top=0, right=0, bottom=0}}
03-13 18:49:49.863  3003  4927 I WindowManager:         InsetsFrameProvider: {id=#d7000024, index=1, type=systemGestures, source=DISPLAY, flags=[], insetsSize=Insets{left=0, top=0, right=0, bottom=0}, mMinimalInsetsSizeInDisplayCutoutSafe=Insets{left=0, top=0, right=0, bottom=0}}
03-13 18:49:49.863  3003  4927 I WindowManager:       frameRateBoostOnTouch=true
03-13 18:49:49.863  3003  4927 I WindowManager:       dvrrWindowFrameRateHint=true naviIconColor=0} naviIconColor=0}
03-13 18:49:49.863  4205  4205 I InsetsController: onStateChanged: host=NavigationBar1, from=android.view.ViewRootImpl.onInsetsStateChanged:3026, state=InsetsState: {mDisplayFrame=Rect(0, 0 - 748, 720), mDisplayCutout=DisplayCutout{insets=Rect(0, 0 - 0, 66) waterfall=Insets{left=0, top=0, right=0, bottom=0} boundingRect={Bounds=[Rect(0, 0 - 0, 0), Rect(0, 0 - 0, 0), Rect(0, 0 - 0, 0), Rect(379, 654 - 748, 720)]} cutoutPathParserInfo={CutoutPathParserInfo{displayWidth=748 displayHeight=720 physicalDisplayWidth=748 physicalDisplayHeight=720 density={2.125} cutoutSpec={@bottom @right M 0,0 H -173.6470588235294 V -31.05882352941176 H 0 V 0 Z @dp} rotation={0} scale={1.0} physicalPixelDisplaySizeRatio={1.0}}} sideOverrides={}}, mRoundedCorners=RoundedCorners{[RoundedCorner{position=TopLeft, radius=49, center=Point(49, 49)}, RoundedCorner{position=TopRight, radius=49, center=Point(699, 49)}, RoundedCorner{position=BottomRight, radius=49, center=Point(699, 671)}, RoundedCorner{position=BottomLeft, radius=49, center=Point(49, 671)}]}  mRoundedCornerFrame=Rect(0, 0 - 0, 0), mPrivacyIndicatorBounds=PrivacyIndicatorBounds {static bounds=null rotation=0}, mDisplayShape=DisplayShape{ spec=1406003047 displayWidth=748 displayHeight=720 physicalPixelDisplaySizeRatio=1.0 rotation=0 offsetX=0 offsetY=0 scale=1.0}, mSources= { InsetsSource: {d7000004 mType=systemGestures mFrame=[0,0][0,0] mVisible=true mFlags= mSideHint=NONE mBoundingRects=null}, InsetsSource: {d7000005 mType=mandatorySystemGestures mFrame=[0,654][748,720] mVisible=true mFlags= mSideHint=BOTTOM mBoundingRects=null}, InsetsSource: {d7000024 mType=systemGestures mFrame=[0,0][0,0] mVisible=true mFlags= mSideHint=NONE mBoundingRects=null}, InsetsSource: {67 mType=displayCutout mFrame=[0,654][748,720] mVisible=true mFlags= mSideHint=BOTTOM mBoundingRects=null} }
03-13 18:49:49.863 11470 11470 E libc    : SetHeapTaggingLevel: re-enabling tagging after it was disabled is not supported
03-13 18:49:49.863  3003  3003 D SGM:GameManager: onDisplayChanged. displyId: 1, state: 1
03-13 18:49:49.863  3003  3003 V CameraService_worker: onDisplayChanged rotation : 0 current mDeviceState : 6
03-13 18:49:49.864  4205  4205 I BLASTBufferQueue_Java: update, w= 748 h= 66 mName = VRI[NavigationBar1]@cd33b8a mNativeObject= 0xb400006fbff00120 sc.mNativeObject= 0xb4000071ef90a210 format= -3 caller= android.view.ViewRootImpl.updateBlastSurfaceIfNeeded:3574 android.view.ViewRootImpl.relayoutWindow:11685 android.view.ViewRootImpl.performTraversals:4804 android.view.ViewRootImpl.doTraversal:3924 android.view.ViewRootImpl$TraversalRunnable.run:12903 android.view.Choreographer$CallbackRecord.run:1901 
03-13 18:49:49.864  6239  6239 I SSS     : [ChatRoomComponentManager] onConfigurationChanged: {1.0 ?mcc0mnc [en_US] ldltr sw308dp w352dp h308dp 340dpi smll hdr widecg land night finger -keyb/v/h -nav/h winConfig={ mBounds=Rect(0, 0 - 748, 720) mAppBounds=Rect(0, 0 - 748, 654) mMaxBounds=Rect(0, 0 - 748, 720) mDisplayRotation=ROTATION_0 mWindowingMode=fullscreen mActivityType=undefined mAlwaysOnTop=undefined mRotation=ROTATION_0 mStageConfig=undefined mPopOver=off mOverlappingWithCutout=false mFlexPanelMode=off} s.8866 fontWeightAdjustment=0 ff=0 bf=-1 bts=0 cst=1.0 nightDim=0 themeSeq=0}
03-13 18:49:49.864  4205  4205 I VRI[NavigationBar1]@cd33b8a: Relayout returned: old=(0,618,748,720) new=(0,654,748,720) relayoutAsync=false req=(748,66)0 dur=4 res=0x1 s={true 0xb40000707fe2b6e0} ch=false seqId=0
03-13 18:49:49.864  4205  4205 D NavBarStateManager: NavBarStates(1) supportLargeCoverScreenNavBar: true
03-13 18:49:49.866  2105  2105 I SurfaceFlinger: destroyed [Gesture Monitor] secinputdev#80077 form LifecycleManager
03-13 18:49:49.866  2105  2105 I SurfaceFlinger: destroyed com.zhiliaoapp.musically/com.ss.android.ugc.aweme.splash.SplashActivity$_9888#80527 form LifecycleManager
03-13 18:49:49.866  2105  2105 I SurfaceFlinger: id=80077 onLayerDestroyed from LayerHierarchyBuilder(RequestedLayerState{[Gesture Monitor] secinputdev#80077 !handle z=1})
03-13 18:49:49.866  2105  2105 I SurfaceFlinger: id=80527 onLayerDestroyed from LayerHierarchyBuilder(RequestedLayerState{com.zhiliaoapp.musically/com.ss.android.ugc.aweme.splash.SplashActivity$_9888#80527 !handle})
03-13 18:49:49.866  4205  4205 D Navbar.Store: handleEvent(1) GetNavBarLargeCoverScreenPadding(rotation=0) [Module] SamsungNavigationBarView
03-13 18:49:49.866  4205  4205 D Navbar.Store: --[Band]COVER_SCREEN_PACK_GET_NAVBAR_PADDING
03-13 18:49:49.866  4205  4205 D CoverScreenPack: get cover screen padding, kit.displayId=1, resources={1.0 ?mcc0mnc [en_US] ldltr sw307dp w352dp h308dp 340dpi smll hdr widecg land night -touch -keyb/v/h -nav/h winConfig={ mBounds=Rect(0, 0 - 748, 720) mAppBounds=Rect(0, 0 - 748, 654) mMaxBounds=Rect(0, 0 - 748, 720) mDisplayRotation=ROTATION_0 mWindowingMode=fullscreen mActivityType=undefined mAlwaysOnTop=undefined mRotation=ROTATION_0 mStageConfig=undefined mPopOver=undefined mOverlappingWithCutout=false mFlexPanelMode=off} s.7551 fontWeightAdjustment=0 ff=0 bf=-1 bts=0 cst=1.0 nightDim=0 themeSeq=0}
03-13 18:49:49.866  4205  4205 D Navbar.Store: handleEvent(1) value= Rect(0, 0 - 399, 0)
03-13 18:49:49.866 19717 19717 I HBD     : DeX h DeX mode state change in non-main thread 
03-13 18:49:49.866 19717 19717 I HBD     : DeX h DeX mode state change: 3 
03-13 18:49:49.866  4205  4205 D VRI[NavigationBar1]@cd33b8a: mThreadedRenderer.updateSurface() mSurface={isValid=true 0xb40000707fe2b6e0}
03-13 18:49:49.866  4832  9568 I HoneySpace.Memory-Monitor: no default Display - 1
03-13 18:49:49.867  4205  4205 D VRI[NavigationBar1]@cd33b8a: reportNextDraw android.view.ViewRootImpl.performTraversals:5443 android.view.ViewRootImpl.doTraversal:3924 android.view.ViewRootImpl$TraversalRunnable.run:12903 android.view.Choreographer$CallbackRecord.run:1901 android.view.Choreographer$CallbackRecord.run:1910 
03-13 18:49:49.867  4205  4205 D VRI[NavigationBar1]@cd33b8a: Setup new sync=wmsSync-VRI[NavigationBar1]@cd33b8a#14
03-13 18:49:49.867  4205  4205 I VRI[NavigationBar1]@cd33b8a: Creating new active sync group VRI[NavigationBar1]@cd33b8a#15
03-13 18:49:49.867  2105  2105 I Layer   : id=80077 Destroyed [Gesture Monitor] secinputdev#80077
03-13 18:49:49.867  2105  2105 I Layer   : id=80527 Destroyed com.zhiliaoapp.musically/com.ss.android.ugc.aweme.splash.SplashActivity$_9888#80527
03-13 18:49:49.868  4205  4881 D VRI[ScreenDecorOverlayCover]@cddcdb0: Setup new sync=wmsSync-VRI[ScreenDecorOverlayCover]@cddcdb0#16
03-13 18:49:49.868  4205  4881 I VRI[ScreenDecorOverlayCover]@cddcdb0: Creating new active sync group VRI[ScreenDecorOverlayCover]@cddcdb0#17
03-13 18:49:49.868  4205  4205 D VRI[NavigationBar1]@cd33b8a: registerCallbacksForSync syncBuffer=false
03-13 18:49:49.869  4205  4394 W qdgralloc: getInterlacedFlag: getMetaData returned 3, defaulting to interlaced_flag = 0
03-13 18:49:49.869  3003  3068 D BLASTSyncEngine: SyncGroup 9299:  Unfinished container: WindowToken{8004a5b type=2024 android.os.BinderProxy@d7bba75} mSyncState=2
03-13 18:49:49.870  4205  4881 D VRI[ScreenDecorOverlayCover]@cddcdb0: registerCallbacksForSync syncBuffer=false
03-13 18:49:49.870  4205  4392 D VRI[NavigationBar1]@cd33b8a: Received frameDrawingCallback syncResult=0 frameNum=2.
03-13 18:49:49.870  4205  4392 I VRI[NavigationBar1]@cd33b8a: mWNT: t=0xb4000071ffbe0610 mBlastBufferQueue=0xb400006fbff00120 fn= 2 HdrRenderState mRenderHdrSdrRatio=1.0 caller= android.view.ViewRootImpl$12.onFrameDraw:15441 android.view.ThreadedRenderer$1.onFrameDraw:718 <bottom of call stack> 
03-13 18:49:49.870  4205  4392 I VRI[NavigationBar1]@cd33b8a: Setting up sync and frameCommitCallback
03-13 18:49:49.870  4205  4394 I VRI[NavigationBar1]@cd33b8a: Received frameCommittedCallback lastAttemptedDrawFrameNum=2 didProduceBuffer=true
03-13 18:49:49.870  4205  4205 D VRI[NavigationBar1]@cd33b8a: reportDrawFinished seqId=0
03-13 18:49:49.871  4205  4205 D BackPanelController: updateArrowState: GONE -> GONE
03-13 18:49:49.871  3003  7293 I WindowManager: Relayout Window{6e29786 u0 EdgeBackGestureHandler1}: viewVisibility=8 req=223x570 ty=2024 d1
03-13 18:49:49.871  3003  7293 D BLASTSyncEngine: SyncGroup 9299:  Unfinished container: WindowToken{8004a5b type=2024 android.os.BinderProxy@d7bba75} mSyncState=2
03-13 18:49:49.872  3003  7293 I WindowManager: Relayout hash=6e29786, pid=4205, syncId=-1: mAttrs={(0,0)(223x570) sim={adjust=pan} ty=NAVIGATION_BAR_PANEL fmt=TRANSLUCENT
03-13 18:49:49.872  3003  7293 I WindowManager:   fl=1000118
03-13 18:49:49.872  3003  7293 I WindowManager:   pfl=30200010
03-13 18:49:49.872  3003  7293 I WindowManager:   bhv=1
03-13 18:49:49.872  3003  7293 I WindowManager:   frameRateBoostOnTouch=true
03-13 18:49:49.872  3003  7293 I WindowManager:   dvrrWindowFrameRateHint=true naviIconColor=0}
03-13 18:49:49.872 11470 11470 I ocessService0:0: Using CollectorTypeCMC GC.
03-13 18:49:49.872  4205  4393 D VRI[ScreenDecorOverlayCover]@cddcdb0: Received frameDrawingCallback syncResult=0 frameNum=2212.
03-13 18:49:49.872  4205  4393 I VRI[ScreenDecorOverlayCover]@cddcdb0: Setting up sync and frameCommitCallback
03-13 18:49:49.872  3003  4333 D WindowManager: finishDrawingWindow: Window{d82e94c u0 NavigationBar1} mDrawState=READY_TO_SHOW seqId=0
