03-10 16:16:46.996  3163  7402 E WindowManager: Dream packageName does not match active dream. Package com.google.android.gsf does not match ComponentInfo{com.android.systemui/com.android.systemui.doze.DozeService}
03-10 16:16:46.996  3163  7402 E WindowManager: Dream packageName does not match active dream. Package com.google.android.gms does not match ComponentInfo{com.android.systemui/com.android.systemui.doze.DozeService}
03-10 16:16:46.996  3163  3202 E WindowManager: Dream packageName does not match active dream. Package com.google.android.inputmethod.latin does not match ComponentInfo{com.android.systemui/com.android.systemui.doze.DozeService}
03-10 16:16:46.996  3163  7402 E WindowManager: Dream packageName does not match active dream. Package com.motorola.motocare does not match ComponentInfo{com.android.systemui/com.android.systemui.doze.DozeService}
03-10 16:16:46.997  3163  6016 E WindowManager: Dream packageName does not match active dream. Package com.motorola.mobiledesktop.core does not match ComponentInfo{com.android.systemui/com.android.systemui.doze.DozeService}
03-10 16:16:46.997  3163  7479 E WindowManager: Dream packageName does not match active dream. Package com.starbucks.mobilecard does not match ComponentInfo{com.android.systemui/com.android.systemui.doze.DozeService}
03-10 16:16:46.997  3163  4131 E WindowManager: Dream packageName does not match active dream. Package io.appium.uiautomator2.server does not match ComponentInfo{com.android.systemui/com.android.systemui.doze.DozeService}
03-10 16:16:46.998  3163  3231 W AccessibilityWindowsPopulator: The displayInfo of this displayId (0) called back from the surface fligner is null
03-10 16:16:47.005  3163  7451 E WindowManager: Dream packageName does not match active dream. Package com.motorola.mobiledesktop does not match ComponentInfo{com.android.systemui/com.android.systemui.doze.DozeService}
03-10 16:16:47.006  3163  7402 E WindowManager: Dream packageName does not match active dream. Package com.dolby.daxservice does not match ComponentInfo{com.android.systemui/com.android.systemui.doze.DozeService}
03-10 16:16:47.008  2300  2300 E Scheduler: trackPendingFrame: Invalid present fence
03-10 16:16:47.009  3163  7474 E WindowManager: Dream packageName does not match active dream. Package com.motorola.livewallpaper3.prebuilt.vanilla_reflection does not match ComponentInfo{com.android.systemui/com.android.systemui.doze.DozeService}
03-10 16:16:47.009  3163  3202 E WindowManager: Dream packageName does not match active dream. Package com.google.android.ext.services does not match ComponentInfo{com.android.systemui/com.android.systemui.doze.DozeService}
03-10 16:16:47.009  3163  7479 E WindowManager: Dream packageName does not match active dream. Package com.motorola.launcher3 does not match ComponentInfo{com.android.systemui/com.android.systemui.doze.DozeService}
03-10 16:16:47.010  3163  8301 E WindowManager: Dream packageName does not match active dream. Package com.android.vending does not match ComponentInfo{com.android.systemui/com.android.systemui.doze.DozeService}
03-10 16:16:47.010  3163  6016 E WindowManager: Dream packageName does not match active dream. Package com.google.android.gsf does not match ComponentInfo{com.android.systemui/com.android.systemui.doze.DozeService}
03-10 16:16:47.010  3163  6016 E WindowManager: Dream packageName does not match active dream. Package com.google.android.gms does not match ComponentInfo{com.android.systemui/com.android.systemui.doze.DozeService}
03-10 16:16:47.011  3163  7441 E WindowManager: Dream packageName does not match active dream. Package com.google.android.permissioncontroller does not match ComponentInfo{com.android.systemui/com.android.systemui.doze.DozeService}
03-10 16:16:47.013  3163  8301 E WindowManager: Dream packageName does not match active dream. Package io.appium.settings does not match ComponentInfo{com.android.systemui/com.android.systemui.doze.DozeService}
03-10 16:16:47.013  3163  3352 D BrightnessThermalClamper: Thermal status observer already started
03-10 16:16:47.013  3163  3352 D BrightnessThermalClamper: Thermal status observer already started
03-10 16:16:47.014  3163  3352 I WindowManager: Display 1 turned on...
03-10 16:16:47.014  3163  3229 D CLI/SmallCLI: onScreenTurnedOn: 
03-10 16:16:47.014  3163  3163 I BrightnessSynchronizer: New Update: {[8297] 0.36641398(f), mUpdatedTypes=0, mConfirmedTypes=0, mTimeUpdated=0, mState=2}
03-10 16:16:47.015  3163  3352 D PowerManagerService: handleSandman ignore 0
03-10 16:16:47.015  7545  7545 I FileStationLog: [ FS_h$a ] - [Display] Changed display: 1
03-10 16:16:47.016  3163  7400 E WindowManager: Dream packageName does not match active dream. Package com.motorola.mobiledesktop.core does not match ComponentInfo{com.android.systemui/com.android.systemui.doze.DozeService}
03-10 16:16:47.017  7545  7545 I FileStationLog: [ FS_h$a ] - [Display] Ignoring change for non-default/desktop display: 1
03-10 16:16:47.019  6344  6344 I WindowController: window interactive state updated to true
03-10 16:16:47.038  3163  8301 W InputDispatcher: Focused display #1 does not have a focused window.
03-10 16:16:47.038  3163  3231 W AccessibilityWindowsPopulator: The displayInfo of this displayId (0) called back from the surface fligner is null
03-10 16:16:47.039  3163  3231 V WindowManager: Unknown focus tokens, dropping reportFocusChanged
03-10 16:16:47.043  2064  4171 D slpi    : tmd2712: Als lux: 88.70, ch0: 2678, ch1: 937, scale: 1.08, atime:50.04, again:1024
03-10 16:16:47.045  2300  2300 E Scheduler: trackPendingFrame: Invalid present fence
03-10 16:16:47.046  6344  6344 W libc    : Access denied finding property "vendor.display.enable_optimal_refresh_rate"
03-10 16:16:47.048  6344  6344 W libc    : Access denied finding property "vendor.gpp.create_frc_extension"
03-10 16:16:47.062  2300  2300 E Scheduler: trackPendingFrame: Invalid present fence
03-10 16:16:47.079  2300  2300 E Scheduler: trackPendingFrame: Invalid present fence
03-10 16:16:47.110  5625  5625 I vol.VolumeDialogImpl: dismissH reason = screen_off mDialog.isShowing(): false
03-10 16:16:47.111  3163  3352 D PowerManagerService: handleSandman ignore 0
03-10 16:16:47.115  2300  2300 E Scheduler: trackPendingFrame: Invalid present fence
03-10 16:16:47.122  3163  3231 W AccessibilityWindowsPopulator: The displayInfo of this displayId (0) called back from the surface fligner is null
03-10 16:16:47.122  3163  8301 W PackageManager: Missing required system package: com.starbucks.mobilecard, but found with extended search.
03-10 16:16:47.126  3163  3352 D PowerManagerService: handleSandman ignore 0
03-10 16:16:47.135  3163  4298 I ImeTracker: com.motorola.launcher.secondarydisplay:4b18e6be: onRequestHide at ORIGIN_SERVER reason HIDE_UNSPECIFIED_WINDOW fromUser false
03-10 16:16:47.135  3163  4298 I ImeTracker: com.motorola.launcher.secondarydisplay:4b18e6be: onCancelled at PHASE_SERVER_SHOULD_HIDE
03-10 16:16:47.136 29482 29482 D InsetsController: hide(ime(), fromIme=true)
03-10 16:16:47.136 10834 10834 I GoogleInputMethodService: GoogleInputMethodService.onFinishInput():2097 
03-10 16:16:47.137  3163  4298 W InputManager-JNI: Input channel object '9c5356f InputMethod (client)' was disposed without first being removed with the input manager!
03-10 16:16:47.140  3163  4298 I ImeTracker: com.motorola.launcher.secondarydisplay:718faf4d: onRequestHide at ORIGIN_SERVER reason HIDE_DISPLAY_IME_POLICY_HIDE fromUser false
03-10 16:16:47.141  3163  4298 I ImeTracker: com.motorola.launcher.secondarydisplay:718faf4d: onCancelled at PHASE_SERVER_SHOULD_HIDE
03-10 16:16:47.143 10834 10834 I Module  : DeviceLockedStatusModuleProvider$Module.updateDeviceLockedStatus():103 repeatCheckTimes = 0, locked = false
03-10 16:16:47.144 10834 10834 W SessionManager: SessionManager.endSession():88 Try to end a not begun session [INPUT_SESSION].
03-10 16:16:47.144 10834 10834 I GoogleInputMethodService: GoogleInputMethodService.onDestroy():934 
03-10 16:16:47.145 10834 10834 I GlobeKeyExtension: GlobeKeyExtension.onDestroyExtension():162 
03-10 16:16:47.145 10834 10834 I ModuleManager: ModuleManager$ModuleInitListener.maybeUnloadModuleOnUnavailable():1386 module lvk is unavailable
03-10 16:16:47.145 10834 10834 I HardKeyTracker: HardKeyTracker.unregisterKeySequence():221 Unregister key sequence nul{labelResId=2132020475, callback=cnx@51d169d, lastModifier=2, keyCodes=[47], actions=[0]}
03-10 16:16:47.145 10834 10834 I ModuleManager: ModuleManager$ModuleInitListener.maybeUnloadModuleOnUnavailable():1386 module eci is unavailable
03-10 16:16:47.145 10834 10834 I ModuleManager: ModuleManager$ModuleInitListener.maybeUnloadModuleOnUnavailable():1386 module hvi is unavailable
03-10 16:16:47.145 10834 10834 I ModuleManager: ModuleManager$ModuleInitListener.maybeUnloadModuleOnUnavailable():1386 module mhz is unavailable
03-10 16:16:47.145 10834 10834 I ModuleManager: ModuleManager$ModuleInitListener.maybeUnloadModuleOnUnavailable():1386 module mia is unavailable
03-10 16:16:47.145 10834 10834 I ModuleManager: ModuleManager$ModuleInitListener.maybeUnloadModuleOnUnavailable():1386 module mib is unavailable
03-10 16:16:47.145 10834 10834 I ModuleManager: ModuleManager$ModuleInitListener.maybeUnloadModuleOnUnavailable():1386 module mic is unavailable
03-10 16:16:47.146 10834 10834 I ModuleManager: ModuleManager$ModuleInitListener.maybeUnloadModuleOnUnavailable():1386 module mie is unavailable
03-10 16:16:47.146 10834 10834 I ModuleManager: ModuleManager$ModuleInitListener.maybeUnloadModuleOnUnavailable():1386 module mii is unavailable
03-10 16:16:47.146 10834 10834 I ModuleManager: ModuleManager$ModuleInitListener.maybeUnloadModuleOnUnavailable():1386 module mtq is unavailable
03-10 16:16:47.146 10834 10834 I HardKeyTracker: HardKeyTracker.unregisterKeySequence():221 Unregister key sequence nul{labelResId=0, callback=lkj@bd970e0, lastModifier=0, keyCodes=[204], actions=[0]}
03-10 16:16:47.146 10834 10834 I ModuleManager: ModuleManager$ModuleInitListener.maybeUnloadModuleOnUnavailable():1386 module mts is unavailable
03-10 16:16:47.146 10834 10834 I ModuleManager: ModuleManager$ModuleInitListener.maybeUnloadModuleOnUnavailable():1386 module nyc is unavailable
03-10 16:16:47.147 10834 10834 I ModuleManager: ModuleManager$ModuleInitListener.maybeUnloadModuleOnUnavailable():1386 module ljh is unavailable
03-10 16:16:47.147 10834 10834 I ModuleManager: ModuleManager$ModuleInitListener.maybeUnloadModuleOnUnavailable():1386 module ewi is unavailable
03-10 16:16:47.148 10834 10834 I ModuleManager: ModuleManager$ModuleInitListener.maybeUnloadModuleOnUnavailable():1386 module fol is unavailable
03-10 16:16:47.148 10834 10834 I ModuleManager: ModuleManager$ModuleInitListener.maybeUnloadModuleOnUnavailable():1386 module fub is unavailable
03-10 16:16:47.148 10834 10834 I ModuleManager: ModuleManager$ModuleInitListener.maybeUnloadModuleOnUnavailable():1386 module fvu is unavailable
03-10 16:16:47.149 10834 10834 I ModuleManager: ModuleManager$ModuleInitListener.maybeUnloadModuleOnUnavailable():1386 module gfa is unavailable
03-10 16:16:47.149 10834 10996 I InputActionMetricsProcessor: InputActionMetricsProcessor.onDetached():109 Detached from metrics manager.
03-10 16:16:47.149 29482 29482 I ImeTracker: com.starbucks.mobilecard:d82b3cf3: onRequestHide at ORIGIN_CLIENT reason HIDE_SOFT_INPUT_BY_INSETS_API fromUser false
03-10 16:16:47.150 29482 29482 I ImeTracker: com.starbucks.mobilecard:d82b3cf3: onCancelled at PHASE_CLIENT_APPLY_ANIMATION
03-10 16:16:47.150 10834 10834 I ModuleManager: ModuleManager$ModuleInitListener.maybeUnloadModuleOnUnavailable():1386 module ggo is unavailable
03-10 16:16:47.151 10834 10834 I ModuleManager: ModuleManager$ModuleInitListener.maybeUnloadModuleOnUnavailable():1386 module gjm is unavailable
03-10 16:16:47.152 10834 10834 I JapaneseMozcExtension: JapaneseMozcExtension.onDestroy():52 
03-10 16:16:47.153 10834 10834 I ModuleManager: ModuleManager$ModuleInitListener.maybeUnloadModuleOnUnavailable():1386 module gkb is unavailable
03-10 16:16:47.154 10834 10834 I ModuleManager: ModuleManager$ModuleInitListener.maybeUnloadModuleOnUnavailable():1386 module gya is unavailable
03-10 16:16:47.158  3163  3352 D PowerManagerService: handleSandman ignore 0
03-10 16:16:47.158 10834 10834 I ModuleManager: ModuleManager$ModuleInitListener.maybeUnloadModuleOnUnavailable():1386 module IEmojiOrGifExtension is unavailable
03-10 16:16:47.158 10834 10834 I ModuleManager: ModuleManager$ModuleInitListener.maybeUnloadModuleOnUnavailable():1386 module IEmoticonExtension is unavailable
03-10 16:16:47.159 10834 10834 I ModuleManager: ModuleManager$ModuleInitListener.maybeUnloadModuleOnUnavailable():1386 module hlc is unavailable
03-10 16:16:47.159 10834 10834 I ModuleManager: ModuleManager$ModuleInitListener.maybeUnloadModuleOnUnavailable():1386 module hoe is unavailable
03-10 16:16:47.159 10834 10834 I ModuleManager: ModuleManager$ModuleInitListener.maybeUnloadModuleOnUnavailable():1386 module hqs is unavailable
03-10 16:16:47.161  5625 18470 D PowerUI : can't show warning due to - plugged: true status unknown: false
03-10 16:16:47.161  5727  5727 D QtiCarrierConfigHelper: WARNING, no carrier configs on phone Id: 0
03-10 16:16:47.161  5727  5727 D QtiCarrierConfigHelper: WARNING, no carrier configs on phone Id: 1
03-10 16:16:47.161 10834 10834 I ModuleManager: ModuleManager$ModuleInitListener.maybeUnloadModuleOnUnavailable():1386 module nwn is unavailable
03-10 16:16:47.162 10834 10834 I ModuleManager: ModuleManager$ModuleInitListener.maybeUnloadModuleOnUnavailable():1386 module iga is unavailable
03-10 16:16:47.162 10834 10834 I UniversalDictationExtension: UniversalDictationExtension.onDestroyExtension():136 onDestroy [UD]
03-10 16:16:47.162 10834 10834 I ModuleManager: ModuleManager$ModuleInitListener.maybeUnloadModuleOnUnavailable():1386 module igb is unavailable
03-10 16:16:47.162  3163  3163 V UiModeManager: updateLocked: null action, mDockState=0, category=null
03-10 16:16:47.162 10834 10834 I ModuleManager: ModuleManager$ModuleInitListener.maybeUnloadModuleOnUnavailable():1386 module iiq is unavailable
03-10 16:16:47.162  3163  3163 D UiModeManager: updateConfigurationLocked: mDockState=0; mCarMode=false; mNightMode=com.android.server.UiModeManagerService$1@410d4bd; mNightModeCustomType=-1; uiMode=33
03-10 16:16:47.162 10834 10834 I NewS3RecognizerModule: NewS3RecognizerModule.onDestroy():28 onDestroy [news3]
03-10 16:16:47.163 10834 10834 I ModuleManager: ModuleManager$ModuleInitListener.maybeUnloadModuleOnUnavailable():1386 module imw is unavailable
03-10 16:16:47.163 10834 10834 I ModuleManager: ModuleManager$ModuleInitListener.maybeUnloadModuleOnUnavailable():1386 module kdw is unavailable
03-10 16:16:47.164 10834 10834 I HardKeyTracker: HardKeyTracker.unregisterKeySequence():221 Unregister key sequence nul{labelResId=2132020466, callback=cth@fbf6b5f, lastModifier=2, keyCodes=[56], actions=[0]}
03-10 16:16:47.164 10834 10834 I HardKeyTracker: HardKeyTracker.unregisterKeySequence():221 Unregister key sequence nul{labelResId=2132020466, callback=cth@1b1d9ac, lastModifier=0, keyCodes=[317], actions=[0]}
03-10 16:16:47.164 10834 10834 I HardKeyTracker: HardKeyTracker.unregisterKeySequence():221 Unregister key sequence nul{labelResId=2132020465, callback=cth@833e580, lastModifier=2, keyCodes=[50], actions=[0]}
03-10 16:16:47.164 10834 10834 I HardKeyTracker: HardKeyTracker.unregisterKeySequence():221 Unregister key sequence nul{labelResId=2132020470, callback=cth@61db203, lastModifier=2, keyCodes=[48], actions=[0]}
03-10 16:16:47.164 10834 10834 I HardKeyTracker: HardKeyTracker.unregisterKeySequence():221 Unregister key sequence nul{labelResId=2132020468, callback=cth@13d3cbd, lastModifier=2, keyCodes=[37], actions=[0]}
03-10 16:16:47.164 10834 10834 I HardKeyTracker: HardKeyTracker.unregisterKeySequence():221 Unregister key sequence nul{labelResId=2132020470, callback=cth@43437fe, lastModifier=2, keyCodes=[48], actions=[0]}
03-10 16:16:47.164 10834 10834 I HardKeyTracker: HardKeyTracker.unregisterKeySequence():221 Unregister key sequence nul{labelResId=2132020469, callback=cth@af71c14, lastModifier=65536, keyCodes=[76], actions=[0]}
03-10 16:16:47.164 10834 10834 I HardKeyTracker: HardKeyTracker.unregisterKeySequence():221 Unregister key sequence nul{labelResId=2132020465, callback=cth@f05e7b9, lastModifier=2, keyCodes=[50], actions=[0]}
03-10 16:16:47.164 10834 10834 I HardKeyTracker: HardKeyTracker.unregisterKeySequence():221 Unregister key sequence nul{labelResId=2132018771, callback=cth@a728981, lastModifier=2, keyCodes=[39], actions=[0]}
03-10 16:16:47.165 10834 10834 I ModuleManager: ModuleManager$ModuleInitListener.maybeUnloadModuleOnUnavailable():1386 module kgi is unavailable
03-10 16:16:47.165 10834 10834 I ModuleManager: ModuleManager$ModuleInitListener.maybeUnloadModuleOnUnavailable():1386 module lns is unavailable
03-10 16:16:47.165 10834 10834 I ModuleManager: ModuleManager$ModuleInitListener.maybeUnloadModuleOnUnavailable():1386 module IBannerExtension is unavailable
03-10 16:16:47.165 10834 10834 I ModuleManager: ModuleManager$ModuleInitListener.maybeUnloadModuleOnUnavailable():1386 module ohp is unavailable
03-10 16:16:47.165 10834 10834 I ModuleManager: ModuleManager$ModuleInitListener.maybeUnloadModuleOnUnavailable():1386 module oky is unavailable
03-10 16:16:47.165 10834 10834 I ModuleManager: ModuleManager$ModuleInitListener.maybeUnloadModuleOnUnavailable():1386 module ifj is unavailable
03-10 16:16:47.165 10834 10834 I ModuleManager: ModuleManager$ModuleInitListener.maybeUnloadModuleOnUnavailable():1386 module ifn is unavailable
03-10 16:16:47.167 10834 10834 I ModuleManager: ModuleManager$ModuleInitListener.maybeUnloadModuleOnUnavailable():1386 module nyi is unavailable
03-10 16:16:47.167 10834 10834 W NotificationCenter: NotificationCenter.unregisterListener():480 Listener ktn@3d07cc7 was not registered for notification class mev
03-10 16:16:47.167 10834 10834 W NotificationCenter: NotificationCenter.unregisterListener():480 Listener ktm@e128e06 was not registered for notification class men
03-10 16:16:47.167 10834 10834 W NotificationCenter: NotificationCenter.unregisterListener():480 Listener nhv@87f30e1 was not registered for notification class kgz
03-10 16:16:47.167 10834 10834 W NotificationCenter: NotificationCenter.unregisterListener():480 Listener ktc@35cfa1d was not registered for notification class lhi
03-10 16:16:47.168 10834 10834 W NotificationCenter: NotificationCenter.unregisterListener():480 Listener kdq@78b5dfb was not registered for notification class kfo
03-10 16:16:47.168 10834 10834 I HardKeyTracker: HardKeyTracker.unregisterKeySequence():221 Unregister key sequence nul{labelResId=2132020472, callback=null, lastModifier=2, keyCodes=[8], actions=[0]}
03-10 16:16:47.168 10834 10834 I HardKeyTracker: HardKeyTracker.unregisterKeySequence():221 Unregister key sequence nul{labelResId=2132020474, callback=gqg@b0414af, lastModifier=2, keyCodes=[62], actions=[0]}
03-10 16:16:47.168 10834 10834 I ModuleManager: ModuleManager$ModuleInitListener.maybeUnloadModuleOnUnavailable():1386 module kdu is unavailable
03-10 16:16:47.168 10834 10834 I ModuleManager: ModuleManager$ModuleInitListener.maybeUnloadModuleOnUnavailable():1386 module olt is unavailable
03-10 16:16:47.172 10834 10834 I ModuleManager: ModuleManager$ModuleInitListener.maybeUnloadModuleOnUnavailable():1386 module hok is unavailable
03-10 16:16:47.174 10834 10834 I ModuleManager: ModuleManager$ModuleInitListener.maybeUnloadModuleOnUnavailable():1386 module ghq is unavailable
03-10 16:16:47.175 10834 10834 I ModuleManager: ModuleManager$ModuleInitListener.maybeUnloadModuleOnUnavailable():1386 module hvu is unavailable
03-10 16:16:47.176 10834 10834 I ModuleManager: ModuleManager$ModuleInitListener.maybeUnloadModuleOnUnavailable():1386 module ecr is unavailable
03-10 16:16:47.176 10834 10834 I ModuleManager: ModuleManager$ModuleInitListener.maybeUnloadModuleOnUnavailable():1386 module esr is unavailable
03-10 16:16:47.176 10834 10834 I ModuleManager: ModuleManager$ModuleInitListener.maybeUnloadModuleOnUnavailable():1386 module hzz is unavailable
03-10 16:16:47.176 10834 10834 I ModuleManager: ModuleManager$ModuleInitListener.maybeUnloadModuleOnUnavailable():1386 module ifc is unavailable
03-10 16:16:47.176 10834 10834 I ModuleManager: ModuleManager$ModuleInitListener.maybeUnloadModuleOnUnavailable():1386 module ntv is unavailable
03-10 16:16:47.177 10834 10834 I ModuleManager: ModuleManager$ModuleInitListener.maybeUnloadModuleOnUnavailable():1386 module ntw is unavailable
03-10 16:16:47.177 10834 10834 I ModuleManager: ModuleManager$ModuleInitListener.maybeUnloadModuleOnUnavailable():1386 module oav is unavailable
03-10 16:16:47.177 10834 10834 I ModuleManager: ModuleManager$ModuleInitListener.maybeUnloadModuleOnUnavailable():1386 module hzy is unavailable
03-10 16:16:47.179 10834 10834 I ModuleManager: ModuleManager$ModuleInitListener.maybeUnloadModuleOnUnavailable():1386 module ggm is unavailable
03-10 16:16:47.180 10834 10834 I ModuleManager: ModuleManager$ModuleInitListener.maybeUnloadModuleOnUnavailable():1386 module efd is unavailable
03-10 16:16:47.181 10834 10834 I ModuleManager: ModuleManager$ModuleInitListener.maybeUnloadModuleOnUnavailable():1386 module ief is unavailable
03-10 16:16:47.181 10834 10834 I ModuleManager: ModuleManager$ModuleInitListener.maybeUnloadModuleOnUnavailable():1386 module ifb is unavailable
03-10 16:16:47.181 10834 10834 I ModuleManager: ModuleManager$ModuleInitListener.maybeUnloadModuleOnUnavailable():1386 module ITranslateUiExtension is unavailable
03-10 16:16:47.181 10834 10834 I ModuleManager: ModuleManager$ModuleInitListener.maybeUnloadModuleOnUnavailable():1386 module egz is unavailable
03-10 16:16:47.184 10834 10834 W NotificationCenter: NotificationCenter.unregisterListener():480 Listener eei@164a071 was not registered for notification class ndp
03-10 16:16:47.184 10834 10834 W NotificationCenter: NotificationCenter.unregisterListener():480 Listener efs@10c51ee was not registered for notification class ndp
03-10 16:16:47.184 10834 10834 I ModuleManager: ModuleManager$ModuleInitListener.maybeUnloadModuleOnUnavailable():1386 module ego is unavailable
03-10 16:16:47.184 29482 29542 I Apptentive: [SDK Queue] [EVENT] Engaged event: com.apptentive#app#exit
03-10 16:16:47.186 10834 10834 I ModuleManager: ModuleManager$ModuleInitListener.maybeUnloadModuleOnUnavailable():1386 module ojg is unavailable
03-10 16:16:47.186 10834 10834 I ModuleManager: ModuleManager$ModuleInitListener.maybeUnloadModuleOnUnavailable():1386 module oha is unavailable
03-10 16:16:47.189 10834 10834 I ModuleManager: ModuleManager$ModuleInitListener.maybeUnloadModuleOnUnavailable():1386 module ejs is unavailable
03-10 16:16:47.189 10834 10834 I ModuleManager: ModuleManager$ModuleInitListener.maybeUnloadModuleOnUnavailable():1386 module hvo is unavailable
03-10 16:16:47.191 10834 10834 I ModuleManager: ModuleManager$ModuleInitListener.maybeUnloadModuleOnUnavailable():1386 module eqk is unavailable
03-10 16:16:47.193  2064  4171 D slpi    : tmd2712: Als lux: 68.60, ch0: 2218, ch1: 880, scale: 1.08, atime:50.04, again:1024
03-10 16:16:47.194 10834 10834 I ModuleManager: ModuleManager$ModuleInitListener.maybeUnloadModuleOnUnavailable():1386 module ftq is unavailable
03-10 16:16:47.194 10834 10834 I ModuleManager: ModuleManager$ModuleInitListener.maybeUnloadModuleOnUnavailable():1386 module ftu is unavailable
03-10 16:16:47.194 29482 29542 I Apptentive: [SDK Queue] [INTERACTIONS] Criteria evaluated => true
03-10 16:16:47.195 10834 10834 I ModuleManager: ModuleManager$ModuleInitListener.maybeUnloadModuleOnUnavailable():1386 module evt is unavailable
03-10 16:16:47.195 10834 10834 I ModuleManager: ModuleManager$ModuleInitListener.maybeUnloadModuleOnUnavailable():1386 module eww is unavailable
03-10 16:16:47.204 10834 10834 I ModuleManager: ModuleManager$ModuleInitListener.maybeUnloadModuleOnUnavailable():1386 module lau is unavailable
03-10 16:16:47.205 10834 10834 I ModuleManager: ModuleManager$ModuleInitListener.maybeUnloadModuleOnUnavailable():1386 module evm is unavailable
03-10 16:16:47.206 10834 10834 I EmojifyExtensionImpl: EmojifyExtensionImpl.onDestroy():611 Destroying Emojify extension ezf@80f9a94.
03-10 16:16:47.206 10834 10834 I ModuleManager: ModuleManager$ModuleInitListener.maybeUnloadModuleOnUnavailable():1386 module eyq is unavailable
03-10 16:16:47.206 10834 10834 I AbstractOpenableExtension: AbstractOpenableExtension.maybeDestroyExistingKeyboardGroupManager():534 Destroy existing keyboard group manager in ezz
03-10 16:16:47.207 10834 10834 I ModuleManager: ModuleManager$ModuleInitListener.maybeUnloadModuleOnUnavailable():1386 module IExpressionMomentExtension is unavailable
03-10 16:16:47.207 10834 10834 I ModuleManager: ModuleManager$ModuleInitListener.maybeUnloadModuleOnUnavailable():1386 module IEmojiKitchenBrowseExtension is unavailable
03-10 16:16:47.207 10834 10834 I AbstractOpenableExtension: AbstractOpenableExtension.maybeDestroyExistingKeyboardGroupManager():534 Destroy existing keyboard group manager in hme
03-10 16:16:47.207 10834 10834 I ModuleManager: ModuleManager$ModuleInitListener.maybeUnloadModuleOnUnavailable():1386 module FastAccessBarExtension is unavailable
03-10 16:16:47.209 10834 10834 I ModuleManager: ModuleManager$ModuleInitListener.maybeUnloadModuleOnUnavailable():1386 module hmt is unavailable
03-10 16:16:47.209 10834 10834 I ModuleManager: ModuleManager$ModuleInitListener.maybeUnloadModuleOnUnavailable():1386 module fkk is unavailable
03-10 16:16:47.210 10834 10834 I ModuleManager: ModuleManager$ModuleInitListener.maybeUnloadModuleOnUnavailable():1386 module IGifKeyboardExtension is unavailable
03-10 16:16:47.212 10834 10834 I ModuleManager: ModuleManager$ModuleInitListener.maybeUnloadModuleOnUnavailable():1386 module IStickerExtension is unavailable
03-10 16:16:47.215  3163  3231 W AccessibilityWindowsPopulator: The displayInfo of this displayId (0) called back from the surface fligner is null
03-10 16:16:47.215 10834 10834 I ModuleManager: ModuleManager$ModuleInitListener.maybeUnloadModuleOnUnavailable():1386 module etr is unavailable
03-10 16:16:47.215 10834 10834 I ModuleManager: ModuleManager$ModuleInitListener.maybeUnloadModuleOnUnavailable():1386 module fcx is unavailable
03-10 16:16:47.216 10834 10834 I ModuleManager: ModuleManager$ModuleInitListener.maybeUnloadModuleOnUnavailable():1386 module how is unavailable
03-10 16:16:47.216 10834 10834 I ModuleManager: ModuleManager$ModuleInitListener.maybeUnloadModuleOnUnavailable():1386 module gzb is unavailable
03-10 16:16:47.217 10834 10834 I ModuleManager: ModuleManager$ModuleInitListener.maybeUnloadModuleOnUnavailable():1386 module hzw is unavailable
03-10 16:16:47.217 10834 10834 I ModuleManager: ModuleManager$ModuleInitListener.maybeUnloadModuleOnUnavailable():1386 module nhr is unavailable
03-10 16:16:47.218 10834 10834 I ModuleManager: ModuleManager$ModuleInitListener.maybeUnloadModuleOnUnavailable():1386 module hhx is unavailable
03-10 16:16:47.218 10834 10834 I ModuleManager: ModuleManager$ModuleInitListener.maybeUnloadModuleOnUnavailable():1386 module hid is unavailable
03-10 16:16:47.218 10834 10834 I ModuleManager: ModuleManager$ModuleInitListener.maybeUnloadModuleOnUnavailable():1386 module kts is unavailable
03-10 16:16:47.218 10834 10834 I ModuleManager: ModuleManager$ModuleInitListener.maybeUnloadModuleOnUnavailable():1386 module mtm is unavailable
03-10 16:16:47.219 10834 10834 I HardKeyTracker: HardKeyTracker.unregisterKeySequence():221 Unregister key sequence nul{labelResId=0, callback=gqg@3ea2355, lastModifier=0, keyCodes=[57, 57], actions=[1, 0]}
03-10 16:16:47.219 10834 10834 I HardKeyTracker: HardKeyTracker.unregisterKeySequence():221 Unregister key sequence nul{labelResId=0, callback=gqg@a33216a, lastModifier=0, keyCodes=[58, 58], actions=[1, 0]}
03-10 16:16:47.219 10834 10834 I AbstractOpenableExtension: AbstractOpenableExtension.maybeDestroyExistingKeyboardGroupManager():534 Destroy existing keyboard group manager in hjj
03-10 16:16:47.219 10834 10834 I ModuleManager: ModuleManager$ModuleInitListener.maybeUnloadModuleOnUnavailable():1386 module IEmojiSearchExtension is unavailable
03-10 16:16:47.220 10834 10834 W NotificationCenter: NotificationCenter$NotificationQueue.notifyPendingNotificationsOnExecutor():877 Heavy notify work detected on UI thread: [miy->nhv, miy->nhv, miy->nhv, miy->nhv, miy->nhv, miy->nhv, miy->nhv, miy->nhv, miy->nhv, miy->nhv, miy->nhv, miy->nhv, miy->nhv, miy->nhv, miy->nhv, miy->nhv, miy->nhv, miy->nhv, miy->nhv, miy->nhv, miy->nhv, neg->nef, neg->nef, neg->nef, neg->nef, neg->nef, neg->nef, neg->nef, neg->nef, neg->nef, neg->nef, neg->nef, neg->nef, neg->nef, neg->nef, neg->nef, neg->nef, kgz->nhv, kgz->nhv, kgz->nhv, kgz->nhv, kgz->nhv, kgz->nhv, kgz->nhv, kgz->nhv, kgz->nhv, neg->nef, neg->nef, neg->nef, neg->nef, neg->nef, neg->nef, neg->nef, neg->nef, neg->nef, neg->nef, neg->nef, neg->nef, neg->nef, neg->nef, neg->nef, neg->nef, neg->nef, neg->nef, neg->nef, neg->nef, neg->nef, neg->nef, neg->nef, neg->nef, neg->nef, neg->nef, neg->nef, neg->nef, neg->nef, neg->nef, neg->nef, neg->nef, neg->nef, neg->nef, neg->nef, neg->nef, neg->nef, neg->nef, neg->nef, neg->nef, neg->nef, neg->nef, neg->nef, neg->nef, neg->nef, neg->nef, neg->nef, neg->nef, neg->nef, neg->nef, neg->nef] takes 73ms
03-10 16:16:47.221 10834 10834 I GoogleInputMethodService: GoogleInputMethodService.onDestroy():968 Maybe update OEM display config because of service destruction
03-10 16:16:47.223 10834 10834 I DeviceModeModule: DeviceModeModule.calculateAndNotify():197 Window metrics is not available, fallback to app context.
03-10 16:16:47.223 10834 10834 I DeviceModeModule: DeviceModeModule.calculateAndNotify():224 Device mode 'phone' from display metrics 'DisplayMetrics{density=0.0, width=1080, height=2640, scaledDensity=0.0, xdpi=397.565, ydpi=435.428}' or smallestScreenWidthDp: 411
03-10 16:16:47.224 10834 10834 I GoogleInputMethodService: GoogleInputMethodService.clearInputMethodServiceData():1030 clearInputMethodServiceData for onDestroy
03-10 16:16:47.224 10834 10834 I GoogleInputMethodService: GoogleInputMethodService.discardAllKeyboardViewAndInputView():1262 discardAllKeyboardViewAndInputView()
03-10 16:16:47.225 10834 10834 I InputMethodEntryManager: InputMethodEntryManager.notifyCurrentInputMethodEntryOnContextChanged():545 notifyCurrentInputMethodEntryOnContextChanged()
03-10 16:16:47.225 10834 10834 I InputMethodEntryManager: InputMethodEntryManager.notifyCurrentInputMethodEntryOnContextChanged():566 Notify current input method entry changed on context change
03-10 16:16:47.226 10834 10834 I KeyboardThemeProvider: KeyboardThemeProvider.reset():39 Reset keyboard theme
03-10 16:16:47.226 10834 10834 I KeyboardContextProvider: KeyboardContextProvider.setBaseContextAndInvalidKeyboardContextCache():88 setBaseContextAndInvalidKeyboardContextCache(): null
03-10 16:16:47.229  3163  3202 W WindowManager: Cannot find window which accessibility connection is added to
03-10 16:16:47.232  3163  3202 W WindowManager: Failed looking up window session=Session{aad39a 10834:u0a10310} callers=com.android.server.wm.WindowManagerService.removeClientToken:2330 com.android.server.wm.Session.remove:275 android.view.IWindowSession$Stub.onTransact:734 
03-10 16:16:47.232  3163  3202 W WindowManager: win is null client=android.os.BinderProxy@e89a04e
03-10 16:16:47.235 10834 10834 W WindowTokenClientController: Can't find attached WindowTokenClient for android.window.WindowTokenClient@10de24c
03-10 16:16:47.236 10834 10834 I AbstractOpenableExtension: AbstractOpenableExtension$3.onSuccess():552 KeyboardGroupManager destroyed in ezz.
03-10 16:16:47.236 10834 10834 I AbstractOpenableExtension: AbstractOpenableExtension$3.onSuccess():552 KeyboardGroupManager destroyed in hme.
03-10 16:16:47.236 10834 10834 I AbstractOpenableExtension: AbstractOpenableExtension$3.onSuccess():552 KeyboardGroupManager destroyed in hjj.
03-10 16:16:47.241 10834 10834 I AppBase : AppBase.onTrimMemory():427 onTrimMemory(): 40
03-10 16:16:47.242 10834 10834 I KeyboardDefCache: MemoryFileCache$1.onTrimMemory():124 clearMemory() for trim memory: 40
03-10 16:16:47.242 10834 10834 I KeyboardDefCache: MemoryFileCache.clearMemory():408 evictAll()
03-10 16:16:47.243  2064  4171 D slpi    : tmd2712: Als lux: 53.70, ch0: 1826, ch1: 784, scale: 1.08, atime:50.04, again:1024
03-10 16:16:47.243  3163  3183 I system_server: Background concurrent mark compact GC freed 94MB AllocSpace bytes, 132(4988KB) LOS objects, 50% free, 95MB/191MB, paused 1.527ms,6.612ms total 397.545ms
03-10 16:16:47.248  3163  3184 I BpBinder: onLastStrongRef automatically unlinking death recipients: 
03-10 16:16:47.255  3163  3185 W System  : A resource failed to call HardwareBuffer.close. 
03-10 16:16:47.256  3163  3185 W system_server: ApkAssets: Deleting an ApkAssets object '<empty> and /system/priv-app/InputDevices/InputDevices.apk' with 1 weak references
03-10 16:16:47.256  3163  3185 W system_server: ApkAssets: Deleting an ApkAssets object '<empty> and /data/app/~~oh18E6OPe75t2j1pIlTLCA==/com.google.android.gms-WmJzXfiTA3epqGUme2kT3Q==/base.apk' with 1 weak references
03-10 16:16:47.257  3163  3185 W system_server: ApkAssets: Deleting an ApkAssets object '<empty> and /system_ext/priv-app/SystemUI/SystemUI.apk' with 1 weak references
03-10 16:16:47.257  3163  3185 W system_server: ApkAssets: Deleting an ApkAssets object '<empty> and /data/app/~~oh18E6OPe75t2j1pIlTLCA==/com.google.android.gms-WmJzXfiTA3epqGUme2kT3Q==/split_CronetDynamite_installtime.apk' with 1 weak references
03-10 16:16:47.257  3163  3185 W system_server: ApkAssets: Deleting an ApkAssets object '<empty> and /data/app/~~oh18E6OPe75t2j1pIlTLCA==/com.google.android.gms-WmJzXfiTA3epqGUme2kT3Q==/split_DynamiteLoader_installtime.apk' with 1 weak references
03-10 16:16:47.257  3163  3185 W system_server: ApkAssets: Deleting an ApkAssets object '<empty> and /data/app/~~oh18E6OPe75t2j1pIlTLCA==/com.google.android.gms-WmJzXfiTA3epqGUme2kT3Q==/split_DynamiteModulesA_installtime.apk' with 1 weak references
03-10 16:16:47.257  3163  3185 W system_server: ApkAssets: Deleting an ApkAssets object '<empty> and /data/app/~~oh18E6OPe75t2j1pIlTLCA==/com.google.android.gms-WmJzXfiTA3epqGUme2kT3Q==/split_DynamiteModulesC_installtime.apk' with 1 weak references
03-10 16:16:47.257  3163  3185 W system_server: ApkAssets: Deleting an ApkAssets object '<empty> and /data/app/~~oh18E6OPe75t2j1pIlTLCA==/com.google.android.gms-WmJzXfiTA3epqGUme2kT3Q==/split_GoogleCertificates_installtime.apk' with 1 weak references
03-10 16:16:47.257  3163  3185 W system_server: ApkAssets: Deleting an ApkAssets object '<empty> and /data/app/~~oh18E6OPe75t2j1pIlTLCA==/com.google.android.gms-WmJzXfiTA3epqGUme2kT3Q==/split_MapsDynamite_installtime.apk' with 1 weak references
03-10 16:16:47.257  3163  3185 W system_server: ApkAssets: Deleting an ApkAssets object '<empty> and /data/app/~~oh18E6OPe75t2j1pIlTLCA==/com.google.android.gms-WmJzXfiTA3epqGUme2kT3Q==/split_MeasurementDynamite_installtime.apk' with 1 weak references
03-10 16:16:47.257  3163  3185 W system_server: ApkAssets: Deleting an ApkAssets object '<empty> and /data/app/~~oh18E6OPe75t2j1pIlTLCA==/com.google.android.gms-WmJzXfiTA3epqGUme2kT3Q==/split_config.en.apk' with 1 weak references
03-10 16:16:47.257  3163  3185 W system_server: ApkAssets: Deleting an ApkAssets object '<empty> and /data/app/~~oh18E6OPe75t2j1pIlTLCA==/com.google.android.gms-WmJzXfiTA3epqGUme2kT3Q==/split_config.xxhdpi.apk' with 1 weak references
03-10 16:16:47.258  3163  3185 W system_server: ApkAssets: Deleting an ApkAssets object '<empty> and /data/app/~~iGEBk7bJwQa3wR9pAAYTvQ==/com.google.android.inputmethod.latin-ioH-_yGpeWmbQvQM-XgGHA==/base.apk' with 1 weak references
03-10 16:16:47.258  3163  3185 W system_server: ApkAssets: Deleting an ApkAssets object '<empty> and /data/app/~~iGEBk7bJwQa3wR9pAAYTvQ==/com.google.android.inputmethod.latin-ioH-_yGpeWmbQvQM-XgGHA==/split_brella_feature_split.apk' with 1 weak references
03-10 16:16:47.258  3163  3185 W system_server: ApkAssets: Deleting an ApkAssets object '<empty> and /data/app/~~iGEBk7bJwQa3wR9pAAYTvQ==/com.google.android.inputmethod.latin-ioH-_yGpeWmbQvQM-XgGHA==/split_config.xxhdpi.apk' with 1 weak references
03-10 16:16:47.258  3163  3185 W system_server: ApkAssets: Deleting an ApkAssets object '<empty> and /data/app/~~iGEBk7bJwQa3wR9pAAYTvQ==/com.google.android.inputmethod.latin-ioH-_yGpeWmbQvQM-XgGHA==/split_dictation_feature_split.apk' with 1 weak references
03-10 16:16:47.258  3163  3185 W system_server: ApkAssets: Deleting an ApkAssets object '<empty> and /data/app/~~iGEBk7bJwQa3wR9pAAYTvQ==/com.google.android.inputmethod.latin-ioH-_yGpeWmbQvQM-XgGHA==/split_tenoranimation_feature_split.apk' with 1 weak references
03-10 16:16:47.258  3163  3185 W system_server: ApkAssets: Deleting an ApkAssets object '/vendor/overlay/SystemUI__auto_generated_rro_vendor.apk' with 1 weak references
03-10 16:16:47.258  3163  3185 W system_server: ApkAssets: Deleting an ApkAssets object '/product/overlay/SystemUI__lynkco_g__auto_generated_rro_product.apk' with 1 weak references
03-10 16:16:47.258  3163  3185 W system_server: ApkAssets: Deleting an ApkAssets object '<empty> and /system_ext/app/AccessibilityMenu/AccessibilityMenu.apk' with 1 weak references
03-10 16:16:47.258  3163  3185 W system_server: ApkAssets: Deleting an ApkAssets object '/product/overlay/AccessibilityMenu__lynkco_g__auto_generated_rro_product.apk' with 1 weak references
03-10 16:16:47.259  3163  3185 W system_server: ApkAssets: Deleting an ApkAssets object '<empty> and /data/app/~~uWGbRlFtroq_7447dZm7dw==/com.google.android.accessibility.switchaccess-xA0UPigBNxEMZ7HOoPGTZA==/base.apk' with 1 weak references
03-10 16:16:47.259  3163  3185 W system_server: ApkAssets: Deleting an ApkAssets object '<empty> and /data/app/~~uWGbRlFtroq_7447dZm7dw==/com.google.android.accessibility.switchaccess-xA0UPigBNxEMZ7HOoPGTZA==/split_config.arm64_v8a.apk' with 1 weak references
03-10 16:16:47.259  3163  3185 W system_server: ApkAssets: Deleting an ApkAssets object '<empty> and /data/app/~~f83RRyd2odkEq3iwODDfFA==/com.google.android.tts-7ugC9DcJJIjhqqLFuNLAQg==/base.apk' with 1 weak references
03-10 16:16:47.259  3163  3185 W system_server: ApkAssets: Deleting an ApkAssets object '<empty> and /data/app/~~a61RY6Qx18jBMI_fV4ljFg==/com.google.android.marvin.talkback-Ati-iDwnNtkdm0_NcUbqgA==/base.apk' with 1 weak references
03-10 16:16:47.259  3163  3185 W system_server: ApkAssets: Deleting an ApkAssets object '<empty> and /data/app/~~f83RRyd2odkEq3iwODDfFA==/com.google.android.tts-7ugC9DcJJIjhqqLFuNLAQg==/split_config.arm64_v8a.apk' with 1 weak references
03-10 16:16:47.259  3163  3185 W system_server: ApkAssets: Deleting an ApkAssets object '<empty> and /data/app/~~f83RRyd2odkEq3iwODDfFA==/com.google.android.tts-7ugC9DcJJIjhqqLFuNLAQg==/split_config.en.apk' with 1 weak references
03-10 16:16:47.259  3163  3185 W system_server: ApkAssets: Deleting an ApkAssets object '<empty> and /data/app/~~f83RRyd2odkEq3iwODDfFA==/com.google.android.tts-7ugC9DcJJIjhqqLFuNLAQg==/split_config.xxhdpi.apk' with 1 weak references
03-10 16:16:47.260  3163  3185 W system_server: ApkAssets: Deleting an ApkAssets object '<empty> and /data/app/~~vblSUOIFmJMcd2iQozsMEw==/io.appium.settings-y_bUEUiCIapHWGJ1bK5L4w==/base.apk' with 1 weak references
03-10 16:16:47.260  3163  3185 W system_server: ApkAssets: Deleting an ApkAssets object '<empty> and /data/app/~~a61RY6Qx18jBMI_fV4ljFg==/com.google.android.marvin.talkback-Ati-iDwnNtkdm0_NcUbqgA==/split_config.arm64_v8a.apk' with 1 weak references
03-10 16:16:47.260  3163  3185 W system_server: ApkAssets: Deleting an ApkAssets object '<empty> and /data/app/~~1asQlHe4ss6Dq6F67EJdXA==/com.motorola.spaces-Pi47YxvN27lYXfiiacp76Q==/base.apk' with 1 weak references
03-10 16:16:47.260  3163  3185 W system_server: ApkAssets: Deleting an ApkAssets object '<empty> and /data/app/~~1asQlHe4ss6Dq6F67EJdXA==/com.motorola.spaces-Pi47YxvN27lYXfiiacp76Q==/split_config.arm64_v8a.apk' with 1 weak references
03-10 16:16:47.260  3163  3185 W system_server: ApkAssets: Deleting an ApkAssets object '<empty> and /data/app/~~1asQlHe4ss6Dq6F67EJdXA==/com.motorola.spaces-Pi47YxvN27lYXfiiacp76Q==/split_config.en.apk' with 1 weak references
03-10 16:16:47.260  3163  3185 W system_server: ApkAssets: Deleting an ApkAssets object '<empty> and /data/app/~~1asQlHe4ss6Dq6F67EJdXA==/com.motorola.spaces-Pi47YxvN27lYXfiiacp76Q==/split_config.xxhdpi.apk' with 1 weak references
03-10 16:16:47.260  3163  3185 W system_server: ApkAssets: Deleting an ApkAssets object '<empty> and /data/app/~~0LW9L7PNrlbEFVAaeJIPEw==/com.wallpaper.edge.aura-TB7mU8vxd5gCRYp9Rio69Q==/base.apk' with 1 weak references
03-10 16:16:47.260  3163  3185 W system_server: ApkAssets: Deleting an ApkAssets object '<empty> and /data/app/~~0LW9L7PNrlbEFVAaeJIPEw==/com.wallpaper.edge.aura-TB7mU8vxd5gCRYp9Rio69Q==/split_config.arm64_v8a.apk' with 1 weak references
03-10 16:16:47.260  3163  3185 W system_server: ApkAssets: Deleting an ApkAssets object '<empty> and /data/app/~~0LW9L7PNrlbEFVAaeJIPEw==/com.wallpaper.edge.aura-TB7mU8vxd5gCRYp9Rio69Q==/split_config.en.apk' with 1 weak references
03-10 16:16:47.260  3163  3185 W system_server: ApkAssets: Deleting an ApkAssets object '<empty> and /data/app/~~0LW9L7PNrlbEFVAaeJIPEw==/com.wallpaper.edge.aura-TB7mU8vxd5gCRYp9Rio69Q==/split_config.xxhdpi.apk' with 1 weak references
03-10 16:16:47.260  3163  3185 W system_server: ApkAssets: Deleting an ApkAssets object '<empty> and /data/app/~~jSqslJWznRR1wmSG1LaV4g==/com.revolut.revolut-OBy8tCD4FpS6mrp0_DIheQ==/base.apk' with 1 weak references
03-10 16:16:47.261  3163  3185 W system_server: ApkAssets: Deleting an ApkAssets object '<empty> and /data/app/~~jSqslJWznRR1wmSG1LaV4g==/com.revolut.revolut-OBy8tCD4FpS6mrp0_DIheQ==/split_config.arm64_v8a.apk' with 1 weak references
03-10 16:16:47.261  3163  3185 W system_server: ApkAssets: Deleting an ApkAssets object '<empty> and /data/app/~~jSqslJWznRR1wmSG1LaV4g==/com.revolut.revolut-OBy8tCD4FpS6mrp0_DIheQ==/split_config.en.apk' with 1 weak references
03-10 16:16:47.261  3163  3185 W system_server: ApkAssets: Deleting an ApkAssets object '<empty> and /data/app/~~jSqslJWznRR1wmSG1LaV4g==/com.revolut.revolut-OBy8tCD4FpS6mrp0_DIheQ==/split_config.xxhdpi.apk' with 1 weak references
03-10 16:16:47.261  3163  3185 W system_server: ApkAssets: Deleting an ApkAssets object '<empty> and /data/app/~~jSqslJWznRR1wmSG1LaV4g==/com.revolut.revolut-OBy8tCD4FpS6mrp0_DIheQ==/split_feature_apm_multibanco_sdk_impl.apk' with 1 weak references
03-10 16:16:47.261  3163  3185 W system_server: ApkAssets: Deleting an ApkAssets object '<empty> and /data/app/~~jSqslJWznRR1wmSG1LaV4g==/com.revolut.revolut-OBy8tCD4FpS6mrp0_DIheQ==/split_feature_apm_multibanco_sdk_impl.config.arm64_v8a.apk' with 1 weak references
03-10 16:16:47.261  3163  3185 W system_server: ApkAssets: Deleting an ApkAssets object '<empty> and /data/app/~~jSqslJWznRR1wmSG1LaV4g==/com.revolut.revolut-OBy8tCD4FpS6mrp0_DIheQ==/split_feature_apm_multibanco_sdk_impl.config.xxhdpi.apk' with 1 weak references
03-10 16:16:47.261  3163  3185 W system_server: ApkAssets: Deleting an ApkAssets object '<empty> and /data/app/~~jSqslJWznRR1wmSG1LaV4g==/com.revolut.revolut-OBy8tCD4FpS6mrp0_DIheQ==/split_feature_fourthline_impl.apk' with 1 weak references
03-10 16:16:47.261  3163  3185 W system_server: ApkAssets: Deleting an ApkAssets object '<empty> and /data/app/~~jSqslJWznRR1wmSG1LaV4g==/com.revolut.revolut-OBy8tCD4FpS6mrp0_DIheQ==/split_feature_fourthline_impl.config.en.apk' with 1 weak references
03-10 16:16:47.261  3163  3185 W system_server: ApkAssets: Deleting an ApkAssets object '<empty> and /data/app/~~jSqslJWznRR1wmSG1LaV4g==/com.revolut.revolut-OBy8tCD4FpS6mrp0_DIheQ==/split_feature_incode_sdk.apk' with 1 weak references
03-10 16:16:47.261  3163  3185 W system_server: ApkAssets: Deleting an ApkAssets object '<empty> and /data/app/~~jSqslJWznRR1wmSG1LaV4g==/com.revolut.revolut-OBy8tCD4FpS6mrp0_DIheQ==/split_feature_incode_sdk.config.arm64_v8a.apk' with 1 weak references
03-10 16:16:47.261  3163  3185 W system_server: ApkAssets: Deleting an ApkAssets object '<empty> and /data/app/~~GiYyM2LOg5MWP7rId19rxQ==/com.google.android.apps.tachyon-WAQ4VRdgOCFx8Zt9hMJGIw==/base.apk' with 1 weak references
03-10 16:16:47.261  3163  3185 W system_server: ApkAssets: Deleting an ApkAssets object '<empty> and /data/app/~~GiYyM2LOg5MWP7rId19rxQ==/com.google.android.apps.tachyon-WAQ4VRdgOCFx8Zt9hMJGIw==/split_config.arm64_v8a.apk' with 1 weak references
03-10 16:16:47.261  3163  3185 W system_server: ApkAssets: Deleting an ApkAssets object '<empty> and /data/app/~~GiYyM2LOg5MWP7rId19rxQ==/com.google.android.apps.tachyon-WAQ4VRdgOCFx8Zt9hMJGIw==/split_config.en.apk' with 1 weak references
03-10 16:16:47.261  3163  3185 W system_server: ApkAssets: Deleting an ApkAssets object '<empty> and /data/app/~~GiYyM2LOg5MWP7rId19rxQ==/com.google.android.apps.tachyon-WAQ4VRdgOCFx8Zt9hMJGIw==/split_config.xxhdpi.apk' with 1 weak references
03-10 16:16:47.262  3163  3185 W system_server: ApkAssets: Deleting an ApkAssets object '<empty> and /data/app/~~pWfo_nmcGGEFn7MGmPYrTw==/com.google.android.gm-Ywvz4-VCr3DNskRTvRCYXw==/base.apk' with 1 weak references
03-10 16:16:47.262  3163  3185 W system_server: ApkAssets: Deleting an ApkAssets object '<empty> and /data/app/~~pWfo_nmcGGEFn7MGmPYrTw==/com.google.android.gm-Ywvz4-VCr3DNskRTvRCYXw==/split_config.arm64_v8a.apk' with 1 weak references
03-10 16:16:47.262  3163  3185 W system_server: ApkAssets: Deleting an ApkAssets object '<empty> and /data/app/~~Pkll9iWpOufiF5Vroq3i2Q==/com.google.android.googlequicksearchbox-8QqLMWcu0NE38rJpLBTqsw==/base.apk' with 1 weak references
03-10 16:16:47.262  3163  3185 W system_server: ApkAssets: Deleting an ApkAssets object '<empty> and /data/app/~~pWfo_nmcGGEFn7MGmPYrTw==/com.google.android.gm-Ywvz4-VCr3DNskRTvRCYXw==/split_config.en.apk' with 1 weak references
03-10 16:16:47.262  3163  3185 W system_server: ApkAssets: Deleting an ApkAssets object '<empty> and /data/app/~~pWfo_nmcGGEFn7MGmPYrTw==/com.google.android.gm-Ywvz4-VCr3DNskRTvRCYXw==/split_config.xxhdpi.apk' with 1 weak references
03-10 16:16:47.262  3163  3185 W system_server: ApkAssets: Deleting an ApkAssets object '<empty> and /data/app/~~Pkll9iWpOufiF5Vroq3i2Q==/com.google.android.googlequicksearchbox-8QqLMWcu0NE38rJpLBTqsw==/split_config.xxhdpi.apk' with 1 weak references
03-10 16:16:47.262  3163  3185 W system_server: ApkAssets: Deleting an ApkAssets object '<empty> and /data/app/~~Pkll9iWpOufiF5Vroq3i2Q==/com.google.android.googlequicksearchbox-8QqLMWcu0NE38rJpLBTqsw==/split_lens_ondevice_engine_play_ml_module.apk' with 1 weak references
03-10 16:16:47.262  3163  3185 W system_server: ApkAssets: Deleting an ApkAssets object '<empty> and /product/priv-app/LenovoId/LenovoId.apk' with 1 weak references
03-10 16:16:47.262  3163  3185 W system_server: ApkAssets: Deleting an ApkAssets object '<empty> and /product/priv-app/PreloadContacts/PreloadContacts.apk' with 1 weak references
03-10 16:16:47.263  3163  3185 W system_server: ApkAssets: Deleting an ApkAssets object '<empty> and /data/app/~~H1X02z5am-q0gNa2H4LdtA==/com.adidas.app-Tai_D5xr8DlEoxmOaAAV9Q==/base.apk' with 1 weak references
03-10 16:16:47.263  3163  3185 W system_server: ApkAssets: Deleting an ApkAssets object '<empty> and /data/app/~~H1X02z5am-q0gNa2H4LdtA==/com.adidas.app-Tai_D5xr8DlEoxmOaAAV9Q==/split_config.arm64_v8a.apk' with 1 weak references
03-10 16:16:47.263  3163  3185 W system_server: ApkAssets: Deleting an ApkAssets object '<empty> and /data/app/~~H1X02z5am-q0gNa2H4LdtA==/com.adidas.app-Tai_D5xr8DlEoxmOaAAV9Q==/split_config.xxhdpi.apk' with 1 weak references
03-10 16:16:47.263  3163  3185 W system_server: ApkAssets: Deleting an ApkAssets object '<empty> and /data/app/~~HcKLRN8eS9MMcHryuW59FA==/com.alibaba.aliexpresshd-ei4AB6cCuO5NCO2Rp5eczw==/base.apk' with 1 weak references
03-10 16:16:47.263  3163  3185 W system_server: ApkAssets: Deleting an ApkAssets object '<empty> and /data/app/~~HcKLRN8eS9MMcHryuW59FA==/com.alibaba.aliexpresshd-ei4AB6cCuO5NCO2Rp5eczw==/split_aeocr.apk' with 1 weak references
03-10 16:16:47.263  3163  3185 W system_server: ApkAssets: Deleting an ApkAssets object '<empty> and /data/app/~~HcKLRN8eS9MMcHryuW59FA==/com.alibaba.aliexpresshd-ei4AB6cCuO5NCO2Rp5eczw==/split_aeocr.config.arm64_v8a.apk' with 1 weak references
03-10 16:16:47.263  3163  3185 W system_server: ApkAssets: Deleting an ApkAssets object '<empty> and /data/app/~~HcKLRN8eS9MMcHryuW59FA==/com.alibaba.aliexpresshd-ei4AB6cCuO5NCO2Rp5eczw==/split_aeocr.config.xxhdpi.apk' with 1 weak references
03-10 16:16:47.263  3163  3185 W system_server: ApkAssets: Deleting an ApkAssets object '<empty> and /data/app/~~HcKLRN8eS9MMcHryuW59FA==/com.alibaba.aliexpresshd-ei4AB6cCuO5NCO2Rp5eczw==/split_aiFoundation.apk' with 1 weak references
03-10 16:16:47.263  3163  3185 W system_server: ApkAssets: Deleting an ApkAssets object '<empty> and /data/app/~~HcKLRN8eS9MMcHryuW59FA==/com.alibaba.aliexpresshd-ei4AB6cCuO5NCO2Rp5eczw==/split_aiFoundation.config.arm64_v8a.apk' with 1 weak references
03-10 16:16:47.263  3163  3185 W system_server: ApkAssets: Deleting an ApkAssets object '<empty> and /data/app/~~HcKLRN8eS9MMcHryuW59FA==/com.alibaba.aliexpresshd-ei4AB6cCuO5NCO2Rp5eczw==/split_aiFoundation.config.xxhdpi.apk' with 1 weak references
03-10 16:16:47.263  3163  3185 W system_server: ApkAssets: Deleting an ApkAssets object '<empty> and /data/app/~~HcKLRN8eS9MMcHryuW59FA==/com.alibaba.aliexpresshd-ei4AB6cCuO5NCO2Rp5eczw==/split_com_android_vending_recoveryUpdate_7759935298805062846.apk' with 1 weak references
