03-10 18:12:35.811 32446 32446 I ThermalEngine: Found field 'sampling'
03-10 18:12:35.811 32446 32446 I ThermalEngine: Found field 'sensor'
03-10 18:12:35.811 32446 32446 I ThermalEngine: Found field 'thresholds'
03-10 18:12:35.811 32446 32446 I ThermalEngine: Found field 'thresholds_clr'
03-10 18:12:35.811 32446 32446 I ThermalEngine: Found field 'actions'
03-10 18:12:35.811 32446 32446 I ThermalEngine: Found field 'action_info'
03-10 18:12:35.811 32446 32446 I ThermalEngine: Created section 'FREEZE-CHG'
03-10 18:12:35.811 32446 32446 I ThermalEngine: Algo Type 'monitor'
03-10 18:12:35.811 32446 32446 I ThermalEngine: Parsing section FREEZE-CHG
03-10 18:12:35.811 32446 32446 I ThermalEngine: Found field 'sampling'
03-10 18:12:35.811 32446 32446 I ThermalEngine: Found field 'sensor'
03-10 18:12:35.811 32446 32446 I ThermalEngine: Found field 'thresholds'
03-10 18:12:35.811 32446 32446 I ThermalEngine: Found field 'thresholds_clr'
03-10 18:12:35.811 32446 32446 I ThermalEngine: Found field 'actions'
03-10 18:12:35.811 32446 32446 I ThermalEngine: Found field 'action_info'
03-10 18:12:35.811 32446 32446 I ThermalEngine: Created section 'MON-CHG-BATT0'
03-10 18:12:35.811 32446 32446 I ThermalEngine: Algo Type 'monitor'
03-10 18:12:35.811 32446 32446 I ThermalEngine: Parsing section MON-CHG-BATT0
03-10 18:12:35.811 32446 32446 I ThermalEngine: Found field 'sampling'
03-10 18:12:35.811 32446 32446 I ThermalEngine: Found field 'sensor'
03-10 18:12:35.811 32446 32446 I ThermalEngine: Found field 'thresholds'
03-10 18:12:35.811 32446 32446 I ThermalEngine: Found field 'thresholds_clr'
03-10 18:12:35.811 32446 32446 I ThermalEngine: Found field 'actions'
03-10 18:12:35.811 32446 32446 I ThermalEngine: Found field 'action_info'
03-10 18:12:35.811 32446 32446 I ThermalEngine: Found field 'freezing'
03-10 18:12:35.811 32446 32446 I ThermalEngine: Created section 'MON-CHG-BATT1'
03-10 18:12:35.811 32446 32446 I ThermalEngine: Algo Type 'monitor'
03-10 18:12:35.811 32446 32446 I ThermalEngine: Parsing section MON-CHG-BATT1
03-10 18:12:35.811 32446 32446 I ThermalEngine: Found field 'sampling'
03-10 18:12:35.811 32446 32446 I ThermalEngine: Found field 'sensor'
03-10 18:12:35.811 32446 32446 I ThermalEngine: Found field 'thresholds'
03-10 18:12:35.811 32446 32446 I ThermalEngine: Found field 'thresholds_clr'
03-10 18:12:35.811 32446 32446 I ThermalEngine: Found field 'actions'
03-10 18:12:35.811 32446 32446 I ThermalEngine: Found field 'action_info'
03-10 18:12:35.811 32446 32446 I ThermalEngine: Found field 'override_c'
03-10 18:12:35.811 32446 32446 I ThermalEngine: Found field 'freezing'
03-10 18:12:35.811 32446 32446 I ThermalEngine: Created section 'MON-CHG-BATT-SAFETY'
03-10 18:12:35.811 32446 32446 I ThermalEngine: Algo Type 'monitor'
03-10 18:12:35.811 32446 32446 I ThermalEngine: Parsing section MON-CHG-BATT-SAFETY
03-10 18:12:35.811 32446 32446 I ThermalEngine: Found field 'sampling'
03-10 18:12:35.811 32446 32446 I ThermalEngine: Found field 'sensor'
03-10 18:12:35.811 32446 32446 I ThermalEngine: Found field 'thresholds'
03-10 18:12:35.811 32446 32446 I ThermalEngine: Found field 'thresholds_clr'
03-10 18:12:35.811 32446 32446 I ThermalEngine: Found field 'actions'
03-10 18:12:35.811 32446 32446 I ThermalEngine: Found field 'action_info'
03-10 18:12:35.811 32446 32446 I ThermalEngine: Found field 'freezing'
03-10 18:12:35.811 32446 32446 I ThermalEngine: Created section 'MON-MSM-CPU0'
03-10 18:12:35.811 32446 32446 I ThermalEngine: Algo Type 'monitor'
03-10 18:12:35.811 32446 32446 I ThermalEngine: Parsing section MON-MSM-CPU0
03-10 18:12:35.811 32446 32446 I ThermalEngine: Found field 'sampling'
03-10 18:12:35.811 32446 32446 I ThermalEngine: Found field 'sensor'
03-10 18:12:35.811 32446 32446 I ThermalEngine: Found field 'thresholds'
03-10 18:12:35.811 32446 32446 I ThermalEngine: Found field 'thresholds_clr'
03-10 18:12:35.811 32446 32446 I ThermalEngine: Found field 'actions'
03-10 18:12:35.811 32446 32446 I ThermalEngine: Found field 'action_info'
03-10 18:12:35.811 32446 32446 I ThermalEngine: Created section 'SS-CPU4'
03-10 18:12:35.811 32446 32446 I ThermalEngine: Algo Type 'ss'
03-10 18:12:35.811 32446 32446 I ThermalEngine: Parsing section SS-CPU4
03-10 18:12:35.811 32446 32446 I ThermalEngine: Found field 'sampling'
03-10 18:12:35.811 32446 32446 I ThermalEngine: Found field 'sensor'
03-10 18:12:35.811 32446 32446 I ThermalEngine: Found field 'set_point'
03-10 18:12:35.811 32446 32446 I ThermalEngine: Found field 'set_point_clr'
03-10 18:12:35.811 32446 32446 I ThermalEngine: Found field 'device'
03-10 18:12:35.811 32446 32446 I ThermalEngine: Found field 'device_max_limit'
03-10 18:12:35.811 32446 32446 I ThermalEngine: Created section 'MON-MSM-CPU4'
03-10 18:12:35.811 32446 32446 I ThermalEngine: Algo Type 'monitor'
03-10 18:12:35.811 32446 32446 I ThermalEngine: Parsing section MON-MSM-CPU4
03-10 18:12:35.811 32446 32446 I ThermalEngine: Found field 'sampling'
03-10 18:12:35.811 32446 32446 I ThermalEngine: Found field 'sensor'
03-10 18:12:35.811 32446 32446 I ThermalEngine: Found field 'thresholds'
03-10 18:12:35.811 32446 32446 I ThermalEngine: Found field 'thresholds_clr'
03-10 18:12:35.811 32446 32446 I ThermalEngine: Found field 'actions'
03-10 18:12:35.811 32446 32446 I ThermalEngine: Found field 'action_info'
03-10 18:12:35.812 32446 32446 I ThermalEngine: Created section 'SS-CPU7'
03-10 18:12:35.812 32446 32446 I ThermalEngine: Algo Type 'ss'
03-10 18:12:35.812 32446 32446 I ThermalEngine: Parsing section SS-CPU7
03-10 18:12:35.812 32446 32446 I ThermalEngine: Found field 'sampling'
03-10 18:12:35.812 32446 32446 I ThermalEngine: Found field 'sensor'
03-10 18:12:35.812 32446 32446 I ThermalEngine: Found field 'set_point'
03-10 18:12:35.812 32446 32446 I ThermalEngine: Found field 'set_point_clr'
03-10 18:12:35.812 32446 32446 I ThermalEngine: Found field 'device'
03-10 18:12:35.812 32446 32446 I ThermalEngine: Found field 'device_max_limit'
03-10 18:12:35.812 32446 32446 I ThermalEngine: Created section 'MON-MSM-CPU7'
03-10 18:12:35.812 32446 32446 I ThermalEngine: Algo Type 'monitor'
03-10 18:12:35.812 32446 32446 I ThermalEngine: Parsing section MON-MSM-CPU7
03-10 18:12:35.812 32446 32446 I ThermalEngine: Found field 'sampling'
03-10 18:12:35.812 32446 32446 I ThermalEngine: Found field 'sensor'
03-10 18:12:35.812 32446 32446 I ThermalEngine: Found field 'thresholds'
03-10 18:12:35.812 32446 32446 I ThermalEngine: Found field 'thresholds_clr'
03-10 18:12:35.812 32446 32446 I ThermalEngine: Found field 'actions'
03-10 18:12:35.812 32446 32446 I ThermalEngine: Found field 'action_info'
03-10 18:12:35.812 32446 32446 I ThermalEngine: Created section 'MON-MSM-GPU'
03-10 18:12:35.812 32446 32446 I ThermalEngine: Algo Type 'monitor'
03-10 18:12:35.812 32446 32446 I ThermalEngine: Parsing section MON-MSM-GPU
03-10 18:12:35.812 32446 32446 I ThermalEngine: Found field 'sampling'
03-10 18:12:35.812 32446 32446 I ThermalEngine: Found field 'sensor'
03-10 18:12:35.812 32446 32446 I ThermalEngine: Found field 'thresholds'
03-10 18:12:35.812 32446 32446 I ThermalEngine: Found field 'thresholds_clr'
03-10 18:12:35.812 32446 32446 I ThermalEngine: Found field 'actions'
03-10 18:12:35.812 32446 32446 I ThermalEngine: Found field 'action_info'
03-10 18:12:35.812 32446 32446 I ThermalEngine: Created section 'MON-SOFTDEV'
03-10 18:12:35.812 32446 32446 I ThermalEngine: Algo Type 'monitor'
03-10 18:12:35.812 32446 32446 I ThermalEngine: Parsing section MON-SOFTDEV
03-10 18:12:35.812 32446 32446 I ThermalEngine: Found field 'sampling'
03-10 18:12:35.812 32446 32446 I ThermalEngine: Found field 'sensor'
03-10 18:12:35.812 32446 32446 I ThermalEngine: Found field 'thresholds'
03-10 18:12:35.812 32446 32446 I ThermalEngine: Found field 'thresholds_clr'
03-10 18:12:35.812 32446 32446 I ThermalEngine: Found field 'actions'
03-10 18:12:35.812 32446 32446 I ThermalEngine: Found field 'action_info'
03-10 18:12:35.812 32446 32446 I ThermalEngine: Created section 'MON-MDM-FR1-1'
03-10 18:12:35.812 32446 32446 I ThermalEngine: Algo Type 'monitor'
03-10 18:12:35.812 32446 32446 I ThermalEngine: Parsing section MON-MDM-FR1-1
03-10 18:12:35.812 32446 32446 I ThermalEngine: Found field 'sampling'
03-10 18:12:35.812 32446 32446 I ThermalEngine: Found field 'sensor'
03-10 18:12:35.812 32446 32446 I ThermalEngine: Found field 'thresholds'
03-10 18:12:35.812 32446 32446 I ThermalEngine: Found field 'thresholds_clr'
03-10 18:12:35.812 32446 32446 I ThermalEngine: Found field 'actions'
03-10 18:12:35.812 32446 32446 I ThermalEngine: Found field 'action_info'
03-10 18:12:35.812 32446 32446 I ThermalEngine: Created section 'MON-MDM-FR1-2'
03-10 18:12:35.812 32446 32446 I ThermalEngine: Algo Type 'monitor'
03-10 18:12:35.812 32446 32446 I ThermalEngine: Parsing section MON-MDM-FR1-2
03-10 18:12:35.812 32446 32446 I ThermalEngine: Found field 'sampling'
03-10 18:12:35.812 32446 32446 I ThermalEngine: Found field 'sensor'
03-10 18:12:35.812 32446 32446 I ThermalEngine: Found field 'thresholds'
03-10 18:12:35.812 32446 32446 I ThermalEngine: Found field 'thresholds_clr'
03-10 18:12:35.812 32446 32446 I ThermalEngine: Found field 'actions'
03-10 18:12:35.812 32446 32446 I ThermalEngine: Found field 'action_info'
03-10 18:12:35.812 32446 32446 I ThermalEngine: Created section 'MON-wireless-charge'
03-10 18:12:35.812 32446 32446 I ThermalEngine: Algo Type 'monitor'
03-10 18:12:35.812 32446 32446 I ThermalEngine: Parsing section MON-wireless-charge
03-10 18:12:35.812 32446 32446 I ThermalEngine: Found field 'sampling'
03-10 18:12:35.812 32446 32446 I ThermalEngine: Found field 'sensor'
03-10 18:12:35.812 32446 32446 I ThermalEngine: Found field 'thresholds'
03-10 18:12:35.812 32446 32446 I ThermalEngine: Found field 'thresholds_clr'
03-10 18:12:35.812 32446 32446 I ThermalEngine: Found field 'actions'
03-10 18:12:35.812 32446 32446 I ThermalEngine: Found field 'action_info'
03-10 18:12:35.812 32446 32446 I ThermalEngine: [MON-wireless-charge]
03-10 18:12:35.812 32446 32446 I ThermalEngine: algo_type monitor
03-10 18:12:35.812 32446 32446 I ThermalEngine: sampling 2000
03-10 18:12:35.812 32446 32446 I ThermalEngine: sensor BCHG_TEMP
03-10 18:12:35.812 32446 32446 I ThermalEngine: thresholds 39000 41000 43000 44000 48000
03-10 18:12:35.812 32446 32446 I ThermalEngine: thresholds_clr 18000 39000 41000 43000 45000
03-10 18:12:35.812 32446 32446 I ThermalEngine: actions wireless_current wireless_current wireless_current wireless_current wireless_current
03-10 18:12:35.812 32446 32446 I ThermalEngine: action_info 1250 1000 800 500 100
03-10 18:12:35.812 32446 32446 I ThermalEngine: [MON-MDM-FR1-2]
03-10 18:12:35.812 32446 32446 I ThermalEngine: algo_type monitor
03-10 18:12:35.812 32446 32446 I ThermalEngine: sampling 5000
03-10 18:12:35.812 32446 32446 I ThermalEngine: sensor FRONT_MDM
03-10 18:12:35.812 32446 32446 I ThermalEngine: thresholds 46000 48000 50000 55000
03-10 18:12:35.812 32446 32446 I ThermalEngine: thresholds_clr 40000 46000 48000 50000
03-10 18:12:35.812 32446 32446 I ThermalEngine: actions modem_nr_scg_dsc modem_nr_scg_dsc+modem_lte_dsc modem_nr_scg_dsc+modem_lte_dsc modem_nr_scg_dsc
03-10 18:12:35.812 32446 32446 I ThermalEngine: action_info 7 8+9 9+10 10
03-10 18:12:35.812 32446 32446 I ThermalEngine: [MON-MDM-FR1-1]
03-10 18:12:35.812 32446 32446 I ThermalEngine: algo_type monitor
03-10 18:12:35.812 32446 32446 I ThermalEngine: sampling 5000
03-10 18:12:35.812 32446 32446 I ThermalEngine: sensor FRONT_MDM
03-10 18:12:35.812 32446 32446 I ThermalEngine: thresholds 46000 48000 50000 55000
03-10 18:12:35.812 32446 32446 I ThermalEngine: thresholds_clr 40000 46000 48000 50000
03-10 18:12:35.812 32446 32446 I ThermalEngine: actions modem_nr_dsc modem_nr_dsc modem_nr_dsc modem_nr_dsc
03-10 18:12:35.812 32446 32446 I ThermalEngine: action_info 7 8 9 10
03-10 18:12:35.812 32446 32446 I ThermalEngine: [MON-SOFTDEV]
03-10 18:12:35.812 32446 32446 I ThermalEngine: algo_type monitor
03-10 18:12:35.812 32446 32446 I ThermalEngine: sampling 2000
03-10 18:12:35.812 32446 32446 I ThermalEngine: sensor FUSE_TEMP
03-10 18:12:35.812 32446 32446 I ThermalEngine: thresholds 42000
03-10 18:12:35.812 32446 32446 I ThermalEngine: thresholds_clr 40000
03-10 18:12:35.812 32446 32446 I ThermalEngine: actions SoftDev
03-10 18:12:35.812 32446 32446 I ThermalEngine: action_info 1
03-10 18:12:35.812 32446 32446 I ThermalEngine: [MON-MSM-GPU]
03-10 18:12:35.812 32446 32446 I ThermalEngine: algo_type monitor
03-10 18:12:35.812 32446 32446 I ThermalEngine: sampling 2000
03-10 18:12:35.812 32446 32446 I ThermalEngine: sensor FUSE_TEMP
03-10 18:12:35.812 32446 32446 I ThermalEngine: thresholds 43000 46000 50000
03-10 18:12:35.812 32446 32446 I ThermalEngine: thresholds_clr 42000 43000 46000
03-10 18:12:35.812 32446 32446 I ThermalEngine: actions gpu gpu gpu
03-10 18:12:35.812 32446 32446 I ThermalEngine: action_info 443000000 285000000 230000000
03-10 18:12:35.812 32446 32446 I ThermalEngine: [MON-MSM-CPU7]
03-10 18:12:35.812 32446 32446 I ThermalEngine: algo_type monitor
03-10 18:12:35.812 32446 32446 I ThermalEngine: sampling 2000
03-10 18:12:35.812 32446 32446 I ThermalEngine: sensor FUSE_TEMP
03-10 18:12:35.812 32446 32446 I ThermalEngine: thresholds 40000 42000 44000 45000 47000
03-10 18:12:35.812 32446 32446 I ThermalEngine: thresholds_clr 39000 40000 42000 44000 45000
03-10 18:12:35.812 32446 32446 I ThermalEngine: actions cpu-cluster2 cpu-cluster2 cpu-cluster2 cpu-cluster2 cpu-cluster2
03-10 18:12:35.812 32446 32446 I ThermalEngine: action_info 1977600 1766400 1401600 1286400 940800
03-10 18:12:35.812 32446 32446 I ThermalEngine: [MON-MSM-CPU4]
03-10 18:12:35.812 32446 32446 I ThermalEngine: algo_type monitor
03-10 18:12:35.812 32446 32446 I ThermalEngine: sampling 2000
03-10 18:12:35.812 32446 32446 I ThermalEngine: sensor FUSE_TEMP
03-10 18:12:35.812 32446 32446 I ThermalEngine: thresholds 40000 42000 44000 47000
03-10 18:12:35.812 32446 32446 I ThermalEngine: thresholds_clr 39000 40000 42000 45000
03-10 18:12:35.812 32446 32446 I ThermalEngine: actions cpu-cluster1 cpu-cluster1 cpu-cluster1 cpu-cluster1
03-10 18:12:35.812 32446 32446 I ThermalEngine: action_info 1804800 1651200 1555200 1382400
03-10 18:12:35.812 32446 32446 I ThermalEngine: [MON-MSM-CPU0]
03-10 18:12:35.812 32446 32446 I ThermalEngine: algo_type monitor
03-10 18:12:35.812 32446 32446 I ThermalEngine: sampling 2000
03-10 18:12:35.812 32446 32446 I ThermalEngine: sensor FUSE_TEMP
03-10 18:12:35.812 32446 32446 I ThermalEngine: thresholds 40000 42000 44000 47000
03-10 18:12:35.812 32446 32446 I ThermalEngine: thresholds_clr 39000 40000 42000 45000
03-10 18:12:35.812 32446 32446 I ThermalEngine: actions cpu-cluster0 cpu-cluster0 cpu-cluster0 hotplug_0+hotplug_1+hotplug_2+hotplug_3
03-10 18:12:35.812 32446 32446 I ThermalEngine: action_info 1363200 1228800 1094400 1+1+1+1
03-10 18:12:35.812 32446 32446 I ThermalEngine: [MON-CHG-BATT-SAFETY]
03-10 18:12:35.812 32446 32446 I ThermalEngine: algo_type monitor
03-10 18:12:35.812 32446 32446 I ThermalEngine: sampling 5000
03-10 18:12:35.812 32446 32446 I ThermalEngine: sensor BCHG_TEMP
03-10 18:12:35.812 32446 32446 I ThermalEngine: thresholds 46000 48000
03-10 18:12:35.812 32446 32446 I ThermalEngine: thresholds_clr 44000 46000
03-10 18:12:35.812 32446 32446 I ThermalEngine: actions battery battery
03-10 18:12:35.812 32446 32446 I ThermalEngine: action_info 2 1
03-10 18:12:35.812 32446 32446 I ThermalEngine: freezing
03-10 18:12:35.812 32446 32446 I ThermalEngine: [MON-CHG-BATT1]
03-10 18:12:35.812 32446 32446 I ThermalEngine: algo_type monitor
03-10 18:12:35.812 32446 32446 I ThermalEngine: sampling 5000
03-10 18:12:35.812 32446 32446 I ThermalEngine: sensor BCHG_TEMP
03-10 18:12:35.812 32446 32446 I ThermalEngine: thresholds 44000
03-10 18:12:35.812 32446 32446 I ThermalEngine: thresholds_clr 43000
03-10 18:12:35.812 32446 32446 I ThermalEngine: actions battery
03-10 18:12:35.812 32446 32446 I ThermalEngine: action_info 3
03-10 18:12:35.812 32446 32446 I ThermalEngine: override_c 1000
03-10 18:12:35.812 32446 32446 I ThermalEngine: freezing
03-10 18:12:35.812 32446 32446 I ThermalEngine: [MON-CHG-BATT0]
03-10 18:12:35.812 32446 32446 I ThermalEngine: algo_type monitor
03-10 18:12:35.812 32446 32446 I ThermalEngine: sampling 5000
03-10 18:12:35.812 32446 32446 I ThermalEngine: sensor BCHG_TEMP
03-10 18:12:35.812 32446 32446 I ThermalEngine: thresholds 40000 42000 43500
03-10 18:12:35.812 32446 32446 I ThermalEngine: thresholds_clr 39000 41000 42500
03-10 18:12:35.812 32446 32446 I ThermalEngine: actions battery battery battery
03-10 18:12:35.812 32446 32446 I ThermalEngine: action_info 6 5 4
03-10 18:12:35.812 32446 32446 I ThermalEngine: freezing
03-10 18:12:35.812 32446 32446 I ThermalEngine: [FREEZE-CHG]
03-10 18:12:35.812 32446 32446 I ThermalEngine: algo_type monitor
03-10 18:12:35.812 32446 32446 I ThermalEngine: sampling 2000
03-10 18:12:35.812 32446 32446 I ThermalEngine: sensor DETECT-WLS
03-10 18:12:35.812 32446 32446 I ThermalEngine: thresholds 1
03-10 18:12:35.812 32446 32446 I ThermalEngine: thresholds_clr 0
03-10 18:12:35.812 32446 32446 I ThermalEngine: actions freeze_rule
03-10 18:12:35.812 32446 32446 I ThermalEngine: action_info 1
03-10 18:12:35.812 32446 32446 I ThermalEngine: [OVERRIDE-CHG]
03-10 18:12:35.812 32446 32446 I ThermalEngine: algo_type monitor
03-10 18:12:35.812 32446 32446 I ThermalEngine: sampling 1000
03-10 18:12:35.812 32446 32446 I ThermalEngine: sensor DETECT-STANDBY
03-10 18:12:35.812 32446 32446 I ThermalEngine: thresholds 1
03-10 18:12:35.812 32446 32446 I ThermalEngine: thresholds_clr 0
03-10 18:12:35.812 32446 32446 I ThermalEngine: actions internal_override
03-10 18:12:35.812 32446 32446 I ThermalEngine: action_info 1
03-10 18:12:35.812 32446 32446 I ThermalEngine: [MONITOR-CAMERA]
03-10 18:12:35.812 32446 32446 I ThermalEngine: algo_type monitor
03-10 18:12:35.812 32446 32446 I ThermalEngine: sampling 2000
03-10 18:12:35.812 32446 32446 I ThermalEngine: sensor BCAM_TEMP
03-10 18:12:35.812 32446 32446 I ThermalEngine: thresholds 42000 44000 48000
03-10 18:12:35.812 32446 32446 I ThermalEngine: thresholds_clr 40000 42000 44000
03-10 18:12:35.812 32446 32446 I ThermalEngine: actions camera camera camera
03-10 18:12:35.812 32446 32446 I ThermalEngine: action_info 1 2 3
03-10 18:12:35.812 32446 32446 I ThermalEngine: [REPORT-BACK]
03-10 18:12:35.812 32446 32446 I ThermalEngine: algo_type monitor
03-10 18:12:35.812 32446 32446 I ThermalEngine: sampling 300000
03-10 18:12:35.812 32446 32446 I ThermalEngine: sensor BACK_TEMP
03-10 18:12:35.812 32446 32446 I ThermalEngine: thresholds 42000
03-10 18:12:35.812 32446 32446 I ThermalEngine: thresholds_clr 40000
03-10 18:12:35.812 32446 32446 I ThermalEngine: actions report
03-10 18:12:35.812 32446 32446 I ThermalEngine: action_info 1
03-10 18:12:35.812 32446 32446 I ThermalEngine: [REPORT-FRONT]
03-10 18:12:35.812 32446 32446 I ThermalEngine: algo_type monitor
03-10 18:12:35.812 32446 32446 I ThermalEngine: sampling 300000
03-10 18:12:35.812 32446 32446 I ThermalEngine: sensor FRONT_TEMP
03-10 18:12:35.812 32446 32446 I ThermalEngine: thresholds 42000
03-10 18:12:35.812 32446 32446 I ThermalEngine: thresholds_clr 40000
03-10 18:12:35.812 32446 32446 I ThermalEngine: actions report
03-10 18:12:35.812 32446 32446 I ThermalEngine: action_info 1
03-10 18:12:35.812 32446 32446 I ThermalEngine: [MM-TJ-MONITOR-SHUTDOWN]
03-10 18:12:35.812 32446 32446 I ThermalEngine: #algo_type monitor
03-10 18:12:35.812 32446 32446 I ThermalEngine: sampling 10
03-10 18:12:35.812 32446 32446 I ThermalEngine: sensor VIRTUAL-MM-TJ-SHUTDOWN
03-10 18:12:35.812 32446 32446 I ThermalEngine: thresholds 115000
03-10 18:12:35.812 32446 32446 I ThermalEngine: thresholds_clr 114999
03-10 18:12:35.812 32446 32446 I ThermalEngine: actions shutdown
03-10 18:12:35.812 32446 32446 I ThermalEngine: action_info 0
03-10 18:12:35.812 32446 32446 I ThermalEngine: [MDM-TJ-MONITOR-SHUTDOWN]
03-10 18:12:35.812 32446 32446 I ThermalEngine: #algo_type monitor
03-10 18:12:35.812 32446 32446 I ThermalEngine: sampling 10
03-10 18:12:35.812 32446 32446 I ThermalEngine: sensor VIRTUAL-MDM-TJ-SHUTDOWN
03-10 18:12:35.812 32446 32446 I ThermalEngine: thresholds 115000
03-10 18:12:35.812 32446 32446 I ThermalEngine: thresholds_clr 114999
03-10 18:12:35.812 32446 32446 I ThermalEngine: actions shutdown
03-10 18:12:35.812 32446 32446 I ThermalEngine: action_info 0
03-10 18:12:35.812 32446 32446 I ThermalEngine: actions camera
03-10 18:12:35.813 32446 32446 I ThermalEngine: sampling 10
03-10 18:12:35.813 32446 32446 I ThermalEngine: sensor nspss-0
03-10 18:12:35.813 32446 32446 I ThermalEngine: actions camera
03-10 18:12:35.813 32446 32446 I ThermalEngine: [SS-CPU7]
03-10 18:12:35.813 32446 32446 I ThermalEngine: algo_type ss
03-10 18:12:35.813 32446 32446 I ThermalEngine: sampling 2000
03-10 18:12:35.813 32446 32446 I ThermalEngine: sensor FUSE_TEMP
03-10 18:12:35.813 32446 32446 I ThermalEngine: device cpu-cluster2
03-10 18:12:35.813 32446 32446 I ThermalEngine: set_point 38000
03-10 18:12:35.813 32446 32446 I ThermalEngine: set_point_clr 37000
03-10 18:12:35.813 32446 32446 I ThermalEngine: time_constant 0
03-10 18:12:35.813 32446 32446 I ThermalEngine: device_max_limit 2169600
03-10 18:12:35.813 32446 32446 I ThermalEngine: [SS-CPU4]
03-10 18:12:35.813 32446 32446 I ThermalEngine: algo_type ss
03-10 18:12:35.813 32446 32446 I ThermalEngine: sampling 2000
03-10 18:12:35.813 32446 32446 I ThermalEngine: sensor FUSE_TEMP
03-10 18:12:35.813 32446 32446 I ThermalEngine: device cpu-cluster1
03-10 18:12:35.813 32446 32446 I ThermalEngine: set_point 38000
03-10 18:12:35.813 32446 32446 I ThermalEngine: set_point_clr 37000
03-10 18:12:35.813 32446 32446 I ThermalEngine: time_constant 0
03-10 18:12:35.813 32446 32446 I ThermalEngine: device_max_limit 2054400
03-10 18:12:35.813  3706  3728 I android.hardware.thermal@2.0-service.qti-v2: Sensor Name:GPU0 temp: 40.7. prev severity:0. cur severity:0 New severity:0
03-10 18:12:35.813  3706  3728 I android.hardware.thermal@2.0-service.qti-v2: Sensor Name:GPU1 temp: 40. prev severity:0. cur severity:0 New severity:0
03-10 18:12:35.813  3706  3728 I android.hardware.thermal@2.0-service.qti-v2: Sensor Name:nsp0 temp: 40.3. prev severity:0. cur severity:0 New severity:0
03-10 18:12:35.813  3706  3728 I android.hardware.thermal@2.0-service.qti-v2: Sensor Name:nsp1 temp: 40.3. prev severity:0. cur severity:0 New severity:0
03-10 18:12:35.813  3706  3728 I android.hardware.thermal@2.0-service.qti-v2: Sensor Name:nsp2 temp: 41. prev severity:0. cur severity:0 New severity:0
03-10 18:12:35.813  3706  3728 I android.hardware.thermal@2.0-service.qti-v2: Sensor Name:CPU0 temp: 48.5. prev severity:0. cur severity:0 New severity:0
03-10 18:12:35.813  3706  3728 I android.hardware.thermal@2.0-service.qti-v2: Sensor Name:CPU1 temp: 50.3. prev severity:0. cur severity:0 New severity:0
03-10 18:12:35.813  3706  3728 I android.hardware.thermal@2.0-service.qti-v2: Sensor Name:CPU2 temp: 49.6. prev severity:0. cur severity:0 New severity:0
03-10 18:12:35.813  3706  3728 I android.hardware.thermal@2.0-service.qti-v2: Sensor Name:CPU3 temp: 49.9. prev severity:0. cur severity:0 New severity:0
03-10 18:12:35.813  3706  3728 I android.hardware.thermal@2.0-service.qti-v2: Sensor Name:CPU4 temp: 50.3. prev severity:0. cur severity:0 New severity:0
03-10 18:12:35.813  3706  3728 I android.hardware.thermal@2.0-service.qti-v2: Sensor Name:CPU5 temp: 50.6. prev severity:0. cur severity:0 New severity:0
03-10 18:12:35.813  3706  3728 I android.hardware.thermal@2.0-service.qti-v2: Sensor Name:CPU6 temp: 53. prev severity:0. cur severity:0 New severity:0
03-10 18:12:35.813 32446 32624 E ThermalEngine: limits_write_data_to_partition: Error opening lmh_cdsp sysfs
03-10 18:12:35.813  3706  3728 I android.hardware.thermal@2.0-service.qti-v2: Sensor Name:CPU7 temp: 45.5. prev severity:0. cur severity:0 New severity:0
03-10 18:12:35.813 32446 32624 I ThermalEngine: limits_write_data_to_partition: thread exit
03-10 18:12:35.813  3706  3728 I android.hardware.thermal@2.0-service.qti-v2: Sensor Name:nsp0 temp: 40.3. prev severity:0. cur severity:0 New severity:0
03-10 18:12:35.813  3706  3728 I android.hardware.thermal@2.0-service.qti-v2: Sensor Name:nsp1 temp: 40.7. prev severity:0. cur severity:0 New severity:0
03-10 18:12:35.813  3706  3728 I android.hardware.thermal@2.0-service.qti-v2: Sensor Name:nsp2 temp: 41. prev severity:0. cur severity:0 New severity:0
03-10 18:12:35.813  3706  3728 I android.hardware.thermal@2.0-service.qti-v2: Sensor Name:GPU0 temp: 40.3. prev severity:0. cur severity:0 New severity:0
03-10 18:12:35.813  3706  3728 I android.hardware.thermal@2.0-service.qti-v2: Sensor Name:GPU1 temp: 40. prev severity:0. cur severity:0 New severity:0
03-10 18:12:35.815  3163  3352 D PowerManagerService: handleSandman ignore 0
03-10 18:12:35.819  2064 32610 I sensors-hal: ssc_conn_resp_cb:632, resp_value = 0
03-10 18:12:35.819  2064  2064 I sensors-hal: send_sync_sensor_request:373, takes 11 ms to receive the response with 0
03-10 18:12:35.819  2064  2064 I sensors-hal: activate:184, com.motorola.sensor.ltv/65738 en=1 completed
03-10 18:12:35.824  2064  2064 I sensors-hal: batch:206, com.motorola.sensor.glance/65658, period=1000000, max_latency=0
03-10 18:12:35.824  2064  2064 I sensors-hal: set_config:57, sample_period_ns is adjusted to 0 based on min/max delay_ns
03-10 18:12:35.824  2064  2064 I sensors-hal: batch:215, com.motorola.sensor.glance/65658, period=1000000, max_latency=0 request completed
03-10 18:12:35.824  3163  6380 I DreamManagerService: startDozing by com.android.systemui callingUid=10394 callingPid=5625
03-10 18:12:35.825  3163  6380 D DreamManagerService: Dream requested to start dozing: android.os.Binder@6b0f16b, screenState=1, screenBrightness=-1, reason=UNKNOWN
03-10 18:12:35.827  3163  6380 D PowerManagerService: nativeSetAutoSuspend enable:false duration ms: 2
03-10 18:12:35.827  3163  3352 I DisplayPowerController2[1]: 03-10 18:12:35.825 - BrightnessEvent: disp=1, physDisp=local:4630947043778501763, displayState=OFF, displayPolicy=DOZE, brt=0.0, initBrt=0.0, rcmdBrt=NaN, preBrt=NaN, lux=0.0, preLux=0.0, brtNits=3.3701954, hdrNits=NaN, initNits=3.3701954, preNits=NaN, rcmdNits=NaN, hdrBrightness=NaN, brt(%)=0%, brtInt=1, hbmPolicy=normal, hbmMax=0.7660316, hbmMode=off, rbcStrength=-1, thrmMax=1.0, powerFactor=1.0, wasShortTermModelActive=false, flags=, reason=screen_off, autoBrightness=true, strategy=ScreenOffBrightnessStrategy, autoBrightnessMode=default
03-10 18:12:35.828  2064  2064 I sensors-hal: activate:173, com.motorola.sensor.glance/65658 en=1
03-10 18:12:35.828  2064  2064 I sensors-hal: activate:154, activate glance 65548
03-10 18:12:35.828  3163  6380 D PowerManagerService: nativeAcquireSuspendBlocker name:PowerManagerService.Display duration ms: 2
03-10 18:12:35.829  2064  2064 I sensors-hal: get_qmi_debug_flag:239, support_qmi_debug : false
03-10 18:12:35.829  3163  3163 I WindowManager: Finished going to sleep... (groupId=0 why=OFF_BECAUSE_OF_USER) notifySleepToKeyguard=true lidState=0 pmSleepReason=lid_switch
03-10 18:12:35.830  2061  2108 E minksocket: MinkIPC_QRTR_Service: client with node 1 port 6fe7 went down
03-10 18:12:35.830  2061  2108 E minksocket: MinkIPC_QRTR_Service: client with node 1 port 6fe8 went down
03-10 18:12:35.831  2064  2064 E Diag_Lib: diag: Diag_LSM_Init: invoked for pid: 2064 with init_count: 0
03-10 18:12:35.831  2064  2064 E Diag_Lib: diag:failed to connect to diag socket
03-10 18:12:35.831  2061  2108 E minksocket: MinkIPC_QRTR_Service: client with node 1 port 6fe9 went down
03-10 18:12:35.831  2064  2064 E Diag_Lib:  Diag_LSM_Init: Failed to open handle to diag driver, error = 13
03-10 18:12:35.831  2061  2108 E minksocket: MinkIPC_QRTR_Service: client with node 1 port 6fea went down
03-10 18:12:35.832  2064  2064 I sensors-hal: create_sensor_config_request:143, sending MOT_GLANCE_MSGID_MOT_GLANCE_CONFIG, 0x17
03-10 18:12:35.832  2064  2064 I sensors-hal: send_sync_sensor_request:341, send sync request
03-10 18:12:35.832  2064  2064 I sensors-hal: send_sync_sensor_request:367, wait for notification of response
03-10 18:12:35.834  3163  3352 D PowerManagerService: nativeAcquireSuspendBlocker name:PowerManagerService.Broadcasts duration ms: 5
03-10 18:12:35.835  3163  3352 D PowerManagerService: nativeSetAutoSuspend enable:true duration ms: 0
03-10 18:12:35.835  3163  3352 D PowerManagerService: nativeReleaseSuspendBlocker name:PowerManagerService.Display duration ms: 0
03-10 18:12:35.835  3163  3352 D PowerManagerService: handleSandman ignore 0
03-10 18:12:35.835  2064 32627 I sensors-hal: ssc_conn_resp_cb:632, resp_value = 0
03-10 18:12:35.836  2064  2064 I sensors-hal: send_sync_sensor_request:373, takes 3 ms to receive the response with 0
03-10 18:12:35.836  2064  2064 I sensors-hal: activate:184, com.motorola.sensor.glance/65658 en=1 completed
03-10 18:12:35.837  5625  5956 D CounterUpPreferencesStatusValue: startTracking: previous = 176 current = 177 tag = Count of how many cli AD is triggered
03-10 18:12:35.838  3163  7933 I DreamController: mDreamingStartedCallback sendResult
03-10 18:12:35.838  2064  2064 I sensors-hal: activate:173, android.sensor.device_orientation/271 en=0
03-10 18:12:35.839  2061  2108 E minksocket: MinkIPC_QRTR_Service: client with node 1 port 6deb went down
03-10 18:12:35.840  3163  3352 D PowerManagerService: handleSandman ignore 0
03-10 18:12:35.841  2064  2064 I sensors-hal: activate:184, android.sensor.device_orientation/271 en=0 completed
03-10 18:12:35.844  6942  6942 D NfcService: MSG_APPLY_SCREEN_STATE 1
03-10 18:12:35.846  3163  3352 D PowerManagerService: handleSandman ignore 0
03-10 18:12:35.846  6942  6942 D libnfc_nci: nfcManager_doSetScreenState: state = 1 prevScreenState= 8, discovry_param = 1
03-10 18:12:35.846  2582  8068 D NxpTml  : PN54X - Write requested.....
03-10 18:12:35.846  2582  8068 D NxpTml  : PN54X - Invoking I2C Write.....
03-10 18:12:35.846  3163  3352 D PowerManagerService: handleSandman ignore 0
03-10 18:12:35.846  5625 11445 D KeyguardViewMediator: USER_LOCKED intent sent
03-10 18:12:35.847 23146 32628 D AdvertisingIdClient: AdvertisingIdClient already created.
03-10 18:12:35.847 23146 32628 D AdvertisingIdClient: AdvertisingIdClient is not bounded. Starting to bind it...
03-10 18:12:35.848  2582  8068 D NxpTml  : Write errno : 6b
03-10 18:12:35.848  2582  8068 D NxpTml  : PN54X - Error in I2C Write.....
03-10 18:12:35.848  2582  8068 D NxpTml  : PN54X - Posting Fresh Write message.....
03-10 18:12:35.848  2582  8068 D NxpTml  : PN54X - Tml Writer Thread Running................
03-10 18:12:35.848  2582  8070 D NxpHal  : write error status = 0x1ff
03-10 18:12:35.848  2582  2582 D NxpHal  : write_unlocked failed - PN54X Maybe in Standby Mode - Retry
03-10 18:12:35.854  2064  2064 I sensors-hal: batch:206, android.sensor.accelerometer/11, period=200000000, max_latency=0
03-10 18:12:35.854  2064  2064 I sensors-hal: set_config:57, sample_period_ns is adjusted to 200000000 based on min/max delay_ns
03-10 18:12:35.854  2064  2064 I sensors-hal: batch:215, android.sensor.accelerometer/11, period=200000000, max_latency=0 request completed
03-10 18:12:35.855 23146 32628 D AdvertisingIdClient: AdvertisingIdClient is bounded
03-10 18:12:35.856  3163  3163 I PowerManagerService: onFlip(): Face up.
03-10 18:12:35.856  5625  5625 D KeyguardViewMediator: Forcing setShowingLocked because one of these is true:mHiding=true, keyguardGoingAway=false, which means we're showing in the middle of hiding.
03-10 18:12:35.857  3163  3231 D CLI/Keyguard: [onKeyguardLockedStateChanged] isKeyguardLocked=true
03-10 18:12:35.857 23146 32628 I AdvertisingIdClient: shouldSendLog 110197297
03-10 18:12:35.857 23146 32628 I AdvertisingIdClient: GetInfoInternal elapse 10ms
03-10 18:12:35.858  5625  5929 E FromGoneTransitionInteractor: Ignoring startTransition: This interactor asked to transition from GONE -> LOCKSCREEN, but we last transitioned to DOZING, not GONE. This should never happen - check currentTransitionInfoInternal or use filterRelevantKeyguardState before starting transitions.
03-10 18:12:35.858  5625  5929 E FromGoneTransitionInteractor: This transition would not have been ignored prior to ag/26681239, since we are FINISHED in GONE (but have since started another transition). If ignoring this transition has caused a regression, fix it by ensuring that transitions are exclusively started from the most recently started state.
03-10 18:12:35.858  2582  8068 D NxpTml  : PN54X - Write requested.....
03-10 18:12:35.858  2582  8068 D NxpTml  : PN54X - Invoking I2C Write.....
03-10 18:12:35.858  3163  3163 D TrustManagerService: refreshDeviceLockedForUser(userId=0, unlockedUser=-10000), secure=false, showingKeyguard=true, trusted=false, biometricAuthenticated=false, currentUserIsUnlocked=false, deviceLocked=false
03-10 18:12:35.858  2582  8068 I NxpNciX : len =   7 > 20020401020100
03-10 18:12:35.859  2582  8068 D NxpTml  : PN54X - I2C Write successful.....
03-10 18:12:35.859  2582  8068 D NxpTml  : PN54X - Posting Fresh Write message.....
03-10 18:12:35.859  2582  8068 D NxpTml  : PN54X - Tml Writer Thread Running................
03-10 18:12:35.859  2582  8070 D NxpHal  : write successful status = 0x0
03-10 18:12:35.859  5625  5962 D KeyguardViewMediator: updateActivityLockScreenState(true, true)
03-10 18:12:35.859  3163  4131 D WindowManager: captureDisplay
03-10 18:12:35.859  2582  8059 D NxpTml  : PN54X - I2C Read successful.....
03-10 18:12:35.859  2582  8059 I NxpNciR : len =   5 > 4002020000
03-10 18:12:35.859  2582  8059 D NxpTml  : PN54X - Posting read message.....
03-10 18:12:35.859  2582  8070 D NxpHal  : read successful status = 0x0
03-10 18:12:35.859  2582  8070 D NxpHal  : phNxpNciHal_print_res_status: response status =STATUS_OK
03-10 18:12:35.860  2582  8059 D NxpTml  : PN54X - Read requested.....
03-10 18:12:35.860  2582  8059 D NxpTml  : PN54X - Invoking I2C Read.....
03-10 18:12:35.860  6942  8007 D libnfc_nci: nfaDeviceManagementCallback: enter; event=0x2
03-10 18:12:35.860  6942  8007 D libnfc_nci: nfaDeviceManagementCallback: NFA_DM_SET_CONFIG_EVT
03-10 18:12:35.860  3163  3231 D PanelsService: onKeyguardStateChanged.. isShowing=true
03-10 18:12:35.860  3163  3231 D TouchHwAidlService: onKeyguardStateChanged.. isShowing=true
03-10 18:12:35.861  2582  8068 D NxpTml  : PN54X - Write requested.....
03-10 18:12:35.861  2582  8068 D NxpTml  : PN54X - Invoking I2C Write.....
03-10 18:12:35.861  3163  3231 W ServiceManagerCppClient: Failed to get isDeclared for com.motorola.hardware.display.panel.IDisplayPanel/default: Status(-1, EX_SECURITY): 'SELinux denied.'
03-10 18:12:35.861  3163  3231 D DisplayPanelService: Setting panel dc mode: 0
03-10 18:12:35.861  2582  8068 I NxpNciX : len =   4 > 20090101
03-10 18:12:35.861  2582  8068 D NxpTml  : PN54X - I2C Write successful.....
03-10 18:12:35.861  2582  8068 D NxpTml  : PN54X - Posting Fresh Write message.....
03-10 18:12:35.861  2090  2090 I DisplayPanel: setDcMode: DC mode = OFF
03-10 18:12:35.861  2582  8068 D NxpTml  : PN54X - Tml Writer Thread Running................
03-10 18:12:35.861  2090  2090 D DisplayPanel: setParam: Success set DC to 0 for Primary display
03-10 18:12:35.861  2582  8070 D NxpHal  : write successful status = 0x0
03-10 18:12:35.862  2582  8059 D NxpTml  : PN54X - I2C Read successful.....
03-10 18:12:35.862  2582  8059 I NxpNciR : len =   4 > 40090100
03-10 18:12:35.862  2582  8059 D NxpTml  : PN54X - Posting read message.....
03-10 18:12:35.862  2582  8070 D NxpHal  : read successful status = 0x0
03-10 18:12:35.862  6942  8007 D libnfc_nci: nfaDeviceManagementCallback: enter; event=0xB
03-10 18:12:35.862  2582  8059 D NxpTml  : PN54X - Read requested.....
03-10 18:12:35.862  2582  8059 D NxpTml  : PN54X - Invoking I2C Read.....
03-10 18:12:35.862  6942  8007 D libnfc_nci: nfaDeviceManagementCallback: NFA_DM_SET_POWER_SUB_STATE_EVT; status=0x0
03-10 18:12:35.863  3163  3352 D PowerManagerService: handleSandman ignore 0
03-10 18:12:35.864  6942  6942 D NfcService: MSG_APPLY_SCREEN_STATE 2
03-10 18:12:35.865  3163  3352 D PowerManagerService: handleSandman ignore 0
03-10 18:12:35.865  6942  6942 D libnfc_nci: nfcManager_doSetScreenState: state = 2 prevScreenState= 1, discovry_param = 1
03-10 18:12:35.866  2582  8068 D NxpTml  : PN54X - Write requested.....
03-10 18:12:35.866  2582  8068 D NxpTml  : PN54X - Invoking I2C Write.....
03-10 18:12:35.866  2582  8068 I NxpNciX : len =   4 > 20090103
03-10 18:12:35.866  2582  8068 D NxpTml  : PN54X - I2C Write successful.....
03-10 18:12:35.866  2582  8068 D NxpTml  : PN54X - Posting Fresh Write message.....
03-10 18:12:35.866  2582  8068 D NxpTml  : PN54X - Tml Writer Thread Running................
03-10 18:12:35.867  2582  8070 D NxpHal  : write successful status = 0x0
03-10 18:12:35.868  2582  8059 D NxpTml  : PN54X - I2C Read successful.....
03-10 18:12:35.868  2582  8059 I NxpNciR : len =   4 > 40090100
03-10 18:12:35.868  2582  8059 D NxpTml  : PN54X - Posting read message.....
03-10 18:12:35.868  2582  8070 D NxpHal  : read successful status = 0x0
03-10 18:12:35.868  2582  8059 D NxpTml  : PN54X - Read requested.....
03-10 18:12:35.869  6942  8007 D libnfc_nci: nfaDeviceManagementCallback: enter; event=0xB
03-10 18:12:35.870  6942  8007 D libnfc_nci: nfaDeviceManagementCallback: NFA_DM_SET_POWER_SUB_STATE_EVT; status=0x0
03-10 18:12:35.868  2582  8059 D NxpTml  : PN54X - Invoking I2C Read.....
03-10 18:12:35.870  2582  8068 D NxpTml  : PN54X - Write requested.....
03-10 18:12:35.870  2582  8068 D NxpTml  : PN54X - Invoking I2C Write.....
03-10 18:12:35.871  2582  8068 I NxpNciX : len =   7 > 20020401020100
03-10 18:12:35.871  2582  8068 D NxpTml  : PN54X - I2C Write successful.....
03-10 18:12:35.871  2582  8068 D NxpTml  : PN54X - Posting Fresh Write message.....
03-10 18:12:35.871  2582  8068 D NxpTml  : PN54X - Tml Writer Thread Running................
03-10 18:12:35.871  2582  8070 D NxpHal  : write successful status = 0x0
03-10 18:12:35.871  2582  8059 D NxpTml  : PN54X - I2C Read successful.....
03-10 18:12:35.871  2582  8059 I NxpNciR : len =   5 > 4002020000
03-10 18:12:35.871  2582  8059 D NxpTml  : PN54X - Posting read message.....
03-10 18:12:35.871  3163  4131 W UserManagerService: Requested status bar icon for non-badged user 0
03-10 18:12:35.873  2582  8070 D NxpHal  : read successful status = 0x0
03-10 18:12:35.873  2582  8070 D NxpHal  : phNxpNciHal_print_res_status: response status =STATUS_OK
03-10 18:12:35.874  6942  8007 D libnfc_nci: nfaDeviceManagementCallback: enter; event=0x2
03-10 18:12:35.874  6942  8007 D libnfc_nci: nfaDeviceManagementCallback: NFA_DM_SET_CONFIG_EVT
03-10 18:12:35.874  2582  8059 D NxpTml  : PN54X - Read requested.....
03-10 18:12:35.874  2582  8059 D NxpTml  : PN54X - Invoking I2C Read.....
03-10 18:12:35.875  3163  3352 D PowerManagerService: handleSandman ignore 0
03-10 18:12:35.876  5625  5962 V PowerManager: userActivity when=71266394 event=0 flags=0 displayId=1 by (com.android.systemui) callers=com.android.systemui.keyguard.KeyguardViewMediator$$ExternalSyntheticLambda0.run:63 java.util.concurrent.ThreadPoolExecutor.runWorker:1145 java.util.concurrent.ThreadPoolExecutor$Worker.run:644 
03-10 18:12:35.877  5625  5625 D KeyguardViewMediator: KeyguardViewMediator queue processing message: SHOW
03-10 18:12:35.877  3163  3352 D PowerManagerService: handleSandman ignore 0
03-10 18:12:35.879  5625  5625 D SCliNotificationListener: onNotificationListUpdate: [com.android.systemui.statusbar.notification.collection.GroupEntry@9affce7]
03-10 18:12:35.879  5625  6286 D SCliNotifPanelController: onNotificationEntryRemove: -1|com.android.systemui|1201|fully_charged_and_plugged|10394
03-10 18:12:35.879  5625  6286 D SCliNotifPanelController: onNotificationGroupRemove: com.android.systemui_u-1
03-10 18:12:35.879  5625  6286 D SCliNotifPanelController: onNotificationEntryRemove: 0|com.android.vending|-234430262|null|10276
03-10 18:12:35.879  5625  6286 D SCliNotifPanelController: onNotificationGroupRemove: com.android.vending_u0
03-10 18:12:35.884  6978  6978 I Smart5G : [Smart5GService] receive action: android.intent.action.SCREEN_OFF
03-10 18:12:35.887  5689  5689 E DPMJ    : |SERVICE| sendScreenState state  falseand int value 0
03-10 18:12:35.894  3163  3352 D PowerManagerService: handleSandman ignore 0
03-10 18:12:35.894 32446 32621 E ThermalEngine: First running, skip
03-10 18:12:35.894 32446 32621 I ThermalEngine: Monitor:ACTIVE:OVERRIDE-CHG:internal_override=1:DETECT-STANDBY=1
03-10 18:12:35.895 32446 32621 I ThermalEngine: ACTION: override_c - Setting override_c to 1
03-10 18:12:35.896 32446 32620 I ThermalEngine: Thermal-Server: Thermal received msg from  override_c
03-10 18:12:35.896 32446 32631 I Thermal-Lib: Thermal-Lib-Client: Client request sent
03-10 18:12:35.898  5993 32310 I NetworkScheduler: (REDACTED) Error inserting %s
03-10 18:12:35.899  3163  3231 W AccessibilityWindowsPopulator: The displayInfo of this displayId (0) called back from the surface fligner is null
03-10 18:12:35.901  5625  5625 W libc    : Access denied finding property "vendor.display.enable_optimal_refresh_rate"
03-10 18:12:35.901  5625  5625 W libc    : Access denied finding property "vendor.gpp.create_frc_extension"
03-10 18:12:35.904  3163  3352 D PowerManagerService: handleSandman ignore 0
03-10 18:12:35.906  3163  5215 I MR2ServiceImpl: Updating composite discovery preference | preference: RouteDiscoveryRequest{ preferredFeatures={}, activeScan=false }, active routers: []
03-10 18:12:35.909  3163  3163 D MotoFaceProvider: Receive screen off intent
03-10 18:12:35.914  2064  2064 I sensors-hal: batch:206, com.motorola.sensor.stowed/65568, period=200000000, max_latency=0
03-10 18:12:35.914  2064  2064 I sensors-hal: set_config:61, no need to adjust sample_period_ns due to reporting_mode = 2
03-10 18:12:35.914  2064  2064 I sensors-hal: batch:215, com.motorola.sensor.stowed/65568, period=200000000, max_latency=0 request completed
03-10 18:12:35.914  2064  2064 I sensors-hal: activate:173, com.motorola.sensor.tap/65988 en=0
03-10 18:12:35.915  2064  2064 I sensors-hal: activate:184, com.motorola.sensor.tap/65988 en=0 completed
03-10 18:12:35.915  2061  2108 E minksocket: MinkIPC_QRTR_Service: client with node 1 port 6dfa went down
03-10 18:12:35.917 10834 32633 I DeviceStatusMonitor: DeviceStatusMonitor.handleBroadcast():138 onReceive() : Action = android.intent.action.SCREEN_OFF
03-10 18:12:35.917 10834 32633 I DeviceStatusMonitor: DeviceStatusMonitor.updateCountryInfo():154 updateCountryInfo(), notifyAnyway = false
03-10 18:12:35.918 10834 10834 I InputBundle: InputBundle.consumeEvent():1029 Skip consuming an event as imeStatus is INACTIVE
03-10 18:12:35.918  3163  3352 D PowerManagerService: handleSandman ignore 0
03-10 18:12:35.919  3163  4131 W AccessibilityWindowsPopulator: The displayInfo of this displayId (0) called back from the surface fligner is null
03-10 18:12:35.919  3163  3352 D PowerManagerService: handleSandman ignore 0
03-10 18:12:35.920 10834 10834 I Module  : DeviceLockedStatusModuleProvider$Module.updateDeviceLockedStatus():103 repeatCheckTimes = 0, locked = false
03-10 18:12:35.922  3163  5853 W AccessibilityWindowsPopulator: The displayInfo of this displayId (0) called back from the surface fligner is null
03-10 18:12:35.924  1295  1295 E KeymasterUtils: rsp_header->status: -28
03-10 18:12:35.924  1295  1295 E KeyMasterHalDevice: abort_operation
03-10 18:12:35.924  1295  1295 E KeyMasterHalDevice: ret: -28
03-10 18:12:35.925  3163  7400 I DreamManagerService: startDozing by com.android.systemui callingUid=10394 callingPid=5625
03-10 18:12:35.925  3163  7400 D DreamManagerService: Dream requested to start dozing: android.os.Binder@6b0f16b, screenState=2, screenBrightness=-1, reason=DREAM_MANAGER_LID_SWITCH
03-10 18:12:35.927  3163  3352 I WindowManager: Display 1 turning on...
03-10 18:12:35.927  5493  6013 W HWUI    : Surface doesn't have any previously queued frames, nothing to readback from
03-10 18:12:35.927  3163  7400 D PowerManagerService: nativeSetAutoSuspend enable:false duration ms: 1
03-10 18:12:35.930  3163  7400 D PowerManagerService: nativeAcquireSuspendBlocker name:PowerManagerService.Display duration ms: 2
03-10 18:12:35.930  2300  2300 D SurfaceFlinger: setDesiredDisplayModeSpecs[{0, false, PR={p[24.00-120.00]Hz, r[24.00-60.00]Hz}, AR={p[0.00-120.00]Hz, r[0.00-60.00]Hz}}]: by process 3163 uid 1000 for display 4630947043778501762
03-10 18:12:35.931  5625  5625 D KeyguardViewMediator: KeyguardViewMediator queue processing message: NOTIFY_FINISHED_GOING_TO_SLEEP
03-10 18:12:35.932  3163  3352 I DisplayBrightnessStrategySelector: Changing the DisplayBrightnessStrategy from ScreenOffBrightnessStrategy to InvalidBrightnessStrategy for display 1
03-10 18:12:35.932  3163  3229 W WindowManager: All windows drawn on display 1
03-10 18:12:35.933  3163  3352 V DisplayPowerController2[1]: Brightness [0.113006696] reason changing to: 'manual', previous reason: 'screen_off'.
03-10 18:12:35.933  3163  3352 I DisplayPowerController2[1]: 03-10 18:12:35.933 - BrightnessEvent: disp=1, physDisp=local:4630947043778501763, displayState=ON, displayPolicy=DOZE, brt=0.113006696, initBrt=0.0, rcmdBrt=NaN, preBrt=NaN, lux=0.0, preLux=0.0, brtNits=19.45835, hdrNits=NaN, initNits=3.3701954, preNits=NaN, rcmdNits=NaN, hdrBrightness=NaN, brt(%)=15%, brtInt=30, hbmPolicy=normal, hbmMax=0.7660316, hbmMode=off, rbcStrength=-1, thrmMax=1.0, powerFactor=1.0, wasShortTermModelActive=false, flags=, reason=manual, autoBrightness=true, strategy=InvalidBrightnessStrategy, autoBrightnessMode=default
03-10 18:12:35.934  3163  5308 D PowerManagerService: nativeSetPowerMode ret:false mode:9 enabled:false duration ms: 0
03-10 18:12:35.934  3163  5308 D TouchHwAidlService: setCliDisplayState: mCliScreenOff=false
03-10 18:12:35.934  3163  5308 D LocalDisplayAdapter: setDisplayPowerMode mode=2 for display=android.os.BinderProxy@433f576
03-10 18:12:35.935  2300  2300 D SurfaceFlinger: Setting power mode 2 on display 4630947043778501763
03-10 18:12:35.935  2300  2300 I Scheduler: Display 4630947043778501763 is the pacesetter
03-10 18:12:35.936  2300  2300 I Scheduler: promotePacesetterDisplayLocked, mAcceptScrollEvent=1
03-10 18:12:35.936  2300  2300 I Scheduler: promotePacesetterDisplayLocked, mAcceptTouchNotBoostEvent=0
03-10 18:12:35.936  5625  5625 I Channel.Remote: [de8362611079428da312381e6bb8b50c|com.motorola.personalize] Keep channel connection alive true by 4
03-10 18:12:35.936  5625  5625 I Channel.Remote: [de8362611079428da312381e6bb8b50c|com.motorola.personalize] try to optimistic bind remote channel service
03-10 18:12:35.938  7545  7545 I FileStationLog: [ FileStationManager ] - screenIsOn: false, hasWindowShowed: false
03-10 18:12:35.938  3163  7400 W AppOps  : Noting op not finished: uid 10240 pkg com.google.android.gms code 113 startTime of in progress event=1773180755527
03-10 18:12:35.938  7545  7545 I MotoDesktopLog: [ FileStationLog ] - broadcastMessage - cmd : 2008
03-10 18:12:35.939  2300  2300 D SurfaceFlinger: Setting desired display mode specs: {0, false, PR={p[24.00-120.00]Hz, r[24.00-120.00]Hz}, AR={p[0.00-120.00]Hz, r[0.00-120.00]Hz}} for display 4630947043778501763
03-10 18:12:35.939  2300  2300 I SurfaceFlinger: Switching to Scheduler preferred mode 0 (60.00 Hz) for display 4630947043778501763
03-10 18:12:35.939  2300  2300 W ComposerExtn: DisplayExtnImpl::SetActiveConfig: HWC Display 2 is not registered!
03-10 18:12:35.939  2300  2300 D DisplayModeController: setDesiredMode 4630947043778501763 {mode={fps=60.00 Hz, modePtr={id=0, vsyncRate=60.00 Hz, peakRefreshRate=60.00 Hz}}, emitEvent=true, force=false}
03-10 18:12:35.939  5625  5625 I vol.VolumeDialogImpl: mDialog.dismiss() reason: screen_off from: com.android.systemui.volume.VolumeDialogImpl$10.onScreenOff:4 displayId: 0 mShowing: false mIsAnimatingDismiss: true
03-10 18:12:35.939  5625  5625 D vol.VolumeDialogImpl: dismissH: skipping dismiss because isAnimatingDismiss is true and showingStateInconsistent is false
03-10 18:12:35.939  2195  2392 I SDM     : DisplayBase::SetDisplayState: Set state = 1, display 76-0, teardown = 0
03-10 18:12:35.940 11449 11449 I OverviewComponentObserver: updateOverviewTargets: mIsHomeDisabled=true, isDefaultHomeNull=false, mIsDefaultHome=true
03-10 18:12:35.940  2195  2392 I SDM     : HWDeviceDRM::NullCommit: Null commit succeeded crtc=203
03-10 18:12:35.943  3163  3231 I DisplayDeviceRepository: Display device changed state: "HDMI Screen", ON
03-10 18:12:35.944  3163  3163 I BrightnessSynchronizer: New Update: {[8749] 0.15949127(f), mUpdatedTypes=0, mConfirmedTypes=0, mTimeUpdated=0, mState=2}
03-10 18:12:35.944  3163  3231 I InputManager-JNI: Viewport [0] to add: local:4630947043778501762, isActive: false
03-10 18:12:35.944  3163  3231 I InputManager-JNI: Viewport [1] to add: local:4630947043778501763, isActive: true
03-10 18:12:35.945  3163  3227 D TouchHwAidlService: updateCliDisplayState: mCliScreenOn=true
03-10 18:12:35.946  3163  3229 V WindowManager: Content Recording: Display 1 state was (1), is now (2), so update recording?
03-10 18:12:35.946  3163  3229 D CLI/Transition: displaygroup 1, state ON, pendingdisplaygroup -1
03-10 18:12:35.946  3163  3229 I DisplayDevice: [1] Layerstack set to 1 for local:4630947043778501763 mDisplayToken=android.os.BinderProxy@433f576 t=Transaction{mNativeObject=-5476376673043392304, mHashCode=0}
03-10 18:12:35.946  3163  3231 D PanelsService: updateCliDisplayState: mCliScreenState=ON
03-10 18:12:35.947  3163  8251 E WindowManager: Dream packageName does not match active dream. Package io.appium.settings does not match ComponentInfo{com.android.systemui/com.android.systemui.doze.DozeService}
