--------- beginning of main
03-11 23:42:15.745  6802  6830 I appium  : channel read: GET /session/c3b00c57-6b25-4d5f-9b84-b6fb6fa4516f/source
03-11 23:42:15.746  6802  6830 I appium  : Source command
03-11 23:42:15.747  6802  6830 I appium  : Waiting up to 10000ms for the device to idle
03-11 23:42:16.012  2224  8433 W C2BqBuffer: last successful dequeue was 5055429 us ago, 37 consecutive failures
03-11 23:42:16.063  6861  8155 D BufferPoolAccessor2.0: bufferpool2 0x6ec30d25d8 : 0(0 size) total buffers - 0(0 size) used buffers - 220/225 (recycle/alloc) - 5/224 (fetch/transfer)
03-11 23:42:16.063  6861  8155 D BufferPoolAccessor2.0: bufferpool2 0x6ec3190478 : 5(23040000 size) total buffers - 4(18432000 size) used buffers - 15/20 (recycle/alloc) - 5/17 (fetch/transfer)
03-11 23:42:16.063  6861  8155 D BufferPoolAccessor2.0: evictor expired: 2, evicted: 2
03-11 23:42:16.089  6802  6830 I appium  : AppiumResponse: {"sessionId":"c3b00c57-6b25-4d5f-9b84-b6fb6fa4516f","value":"<?xml version='1.0' encoding='UTF-8' standalone='yes' ?>\r\n<hierarchy index=\"0\" class=\"hierarchy\" rotation=\"0\" width=\"1080\" height=\"2640\">\r\n  <android.widget.FrameLayout index=\"0\" package=\"com.zhiliaoapp.musically\" class=\…
03-11 23:42:16.105  6802  6830 I appium  : channel read: GET /session/c3b00c57-6b25-4d5f-9b84-b6fb6fa4516f/screenshot
03-11 23:42:16.106  6802  6830 I appium  : CaptureScreenshot command
03-11 23:42:16.107  6802  6830 W tomator2.server: Accessing hidden method Landroid/view/Display;->getAddress()Landroid/view/DisplayAddress; (blocked, reflection, allowed)
03-11 23:42:16.107  6802  6830 W tomator2.server: Accessing hidden method Landroid/view/DisplayAddress$Physical;->getPhysicalDisplayId()J (blocked, reflection, allowed)
03-11 23:42:16.192  8468  8468 W BpBinder: Linking to death on android.gui.ISurfaceComposer but there are no threads (yet?) listening to incoming transactions. See ProcessState::startThreadPool and ProcessState::setThreadPoolMaxThreadCount. Generally you should setup the binder threadpool before other initialization steps.
03-11 23:42:16.192  8468  8468 W ProcessState: Extra binder thread started, but 0 threads requested. Do not use *startThreadPool when zero threads are requested.
03-11 23:42:16.229  6861  7709 W System.err: FlagsHookHelper: skip hook flags method getInstanceHook
03-11 23:42:16.239  6861  7217 W NaviWarn: StackPtr is not 8-byte aligned.
03-11 23:42:16.265  2224  4328 D BufferPoolAccessor2.0: bufferpool2 0xb40000782c1389b8 : 17(278528 size) total buffers - 17(278528 size) used buffers - 0/17 (recycle/alloc) - 0/0 (fetch/transfer)
03-11 23:42:16.266  2224  4328 D BufferPoolAccessor2.0: evictor expired: 1, evicted: 1
03-11 23:42:16.348  5643 20593 D ApfFilter: (wlan1): Ignoring RA RA fe80::c294:35ff:fe71:84fd -> ff02::1 180s 2601:85:ca02:f280::/64 7200s/7200s DNS 180s 2601:85:ca02:f280:c294:35ff:fe71:84fd 2001:558:feed::1 2001:558:feed::2 RIO 180s ::/0  which matches RA fe80::c294:35ff:fe71:84fd -> ff02::1 180s 2601:85:ca02:f280::/64 7200s/7200s DNS 180s 2601:85:ca02:f280:c294:35ff:fe71:84fd 2001:558:feed::1 2001:558:feed::2 RIO 180s ::/0 
03-11 23:42:16.391  2224  8429 I QC2Comp : [hevcD_476] Stats: Pending(3) i/p-done(3) Works: Q: 16/Done 14|Work-Rate: Q(0.0/s Avg=2.9/s) Done(0.000/s Avg=2.529/s)| Stream: 35.71fps 1.3Mbps
03-11 23:42:16.391  2224  8429 I QC2Comp : [hevcD_476] Mem-usage:  [In-1D: 5 bufs 21.973 MB] [1D-759: 17 bufs 0.266 MB] [2D-760: 21 bufs 66.938 MB] | Total: 89.176 MB
03-11 23:42:16.939  6861  8464 W System.err: FlagsHookHelper: skip hook flags method getInstanceHook
03-11 23:42:16.942  6802  6830 I appium  : AppiumResponse: {"sessionId":"c3b00c57-6b25-4d5f-9b84-b6fb6fa4516f","value":"iVBORw0KGgoAAAANSUhEUgAABDgAAApQCAYAAABYiJrlAAAAAXNSR0IArs4c6QAAAARzQklUCAgICHwIZIgAACAASURBVHic7N15VFT33T/w952FbQYGQVlUEEFRUBE0IigoiNGoSZomppq0WdvmSZsnyXNO/4l/xTyb+Z2e9rQ950naPG2aNqtmM8Y1KrsLGEQQREFWWWQb9hlgZu79/cEzN4zsCLPo+3VOTpmZO/d+Ry1…
03-11 23:42:16.948  6861  7217 W NaviWarn: StackPtr is not 8-byte aligned.
03-11 23:42:17.448  6861  8499 D PTY-JNI : Watch dog is disabled!
03-11 23:42:17.461  6861  8481 W KEVA.NATIVE: mark bitmap no free space! this=0x6eb3319720 3
03-11 23:42:17.716  6861  8482 W KEVA.NATIVE: mark bitmap can not find space! remain=65 wanted=3
03-11 23:42:17.765  6861  6866 I aoapp.musically: Background concurrent mark compact GC freed 61MB AllocSpace bytes, 358(34MB) LOS objects, 45% free, 115MB/211MB, paused 2.018ms,8.699ms total 411.491ms
03-11 23:42:17.773  6861  6879 W System  : A resource failed to call close. 
03-11 23:42:17.773  6861  6879 W System  : A resource failed to call close. 
03-11 23:42:17.773  6861  6879 W System  : A resource failed to call close. 
03-11 23:42:17.773  6861  6879 W System  : A resource failed to call close. 
03-11 23:42:17.773  6861  6879 W System  : A resource failed to call close. 
03-11 23:42:17.773  6861  6879 W System  : A resource failed to call close. 
--------- beginning of system
03-11 23:42:17.959  5625 18470 D PowerUI : can't show warning due to - plugged: true status unknown: false
03-11 23:42:17.967  5727  5727 D QtiCarrierConfigHelper: WARNING, no carrier configs on phone Id: 0
03-11 23:42:17.967  5727  5727 D QtiCarrierConfigHelper: WARNING, no carrier configs on phone Id: 1
03-11 23:42:17.967  3163  3163 V UiModeManager: updateLocked: null action, mDockState=0, category=null
03-11 23:42:17.967  3163  3163 D UiModeManager: updateConfigurationLocked: mDockState=0; mCarMode=false; mNightMode=com.android.server.UiModeManagerService$1@410d4bd; mNightModeCustomType=-1; uiMode=33
03-11 23:42:17.977  3163  4129 D FileUtils: Rounded bytes from 7725268992 to 8000000000
03-11 23:42:17.981  5727  8099 I QImsService: VtDataUsageProvider : onSetAlert:2097152
03-11 23:42:17.982  5727  5727 I QImsService: ImsServiceClassTracker : updateAlertQuota:newQuota=2097152,Remaining=2097152
03-11 23:42:18.054  3163  5158 D WifiStaIfaceHidlImpl: getCachedScanData is not implemented by HIDL
03-11 23:42:18.228  6861  7229 W System.err: FlagsHookHelper: skip hook flags method getInstanceHook
03-11 23:42:18.453  3706  3714 I android.hardware.thermal@2.0-service.qti-v2: Sensor Name:skin1 temp: 38.531. prev severity:3. cur severity:0 New severity:0
03-11 23:42:19.362  5643 20593 D ApfFilter: (wlan1): Ignoring RA RA fe80::c294:35ff:fe71:84fd -> ff02::1 180s 2601:85:ca02:f280::/64 7200s/7200s DNS 180s 2601:85:ca02:f280:c294:35ff:fe71:84fd 2001:558:feed::1 2001:558:feed::2 RIO 180s ::/0  which matches RA fe80::c294:35ff:fe71:84fd -> ff02::1 180s 2601:85:ca02:f280::/64 7200s/7200s DNS 180s 2601:85:ca02:f280:c294:35ff:fe71:84fd 2001:558:feed::1 2001:558:feed::2 RIO 180s ::/0 
03-11 23:42:19.974  6861  7992 W System.err: FlagsHookHelper: skip hook flags method getInstanceHook
03-11 23:42:19.985  6861  7217 W NaviWarn: StackPtr is not 8-byte aligned.
03-11 23:42:20.233  6861  7478 W System.err: FlagsHookHelper: skip hook flags method getInstanceHook
03-11 23:42:20.243  6861  7217 W NaviWarn: StackPtr is not 8-byte aligned.
03-11 23:42:20.246  2064  4171 D slpi-TCS3720: ALS_REPORT lux 21.775637, ch0 9.225273-5.056019-3.964494-1.612060, scale 1.1878, fps 90, client 1
03-11 23:42:20.246  2064  4171 D slpi-TCS3720: PRX_OC info Far, Total 0, pdata 0, offset 0 step 0.63, ore 0:0 step 21.00, TH_H 1020, TH_L 0, client 0
03-11 23:42:20.247  2163  2163 D motorola.hardware.sensorext-service: handle id:13 wxh:1088x2640 uwxuh:1080x2640 size: 11489280 fd:11 fd_meta:12 flags:0x4000228 usage:0x33  format:0x1 layer_count: 1 reserved_size = 0
03-11 23:42:20.249  2195  2586 I SDM     : HWCSession::SetCWBOutputBuffer: CWB config passed by cwb_client : tappoint 1  CWB_ROI : (210.000000 26.000000 274.000000 90.000000) for display [1 0 0]
03-11 23:42:20.250  2195  8507 I SDM     : HWCDisplay::SetReadbackBuffer: CWB config from client: tap_point 1, CWB ROI Rect(210.000000 26.000000 274.000000 90.000000), PU_as_CWB_ROI 0, Cwb full rect : (0.000000 0.000000 1080.000000 2640.000000)
03-11 23:42:20.250  2195  8507 I SDM     : HWCDisplay::SetReadbackBuffer: Successfully configured the output buffer: readback_buffer_queued_ 1, readback_configured_ 0, cwb_client 3
03-11 23:42:20.250  2195  8507 I SDM     : HWCSession::ProcessRequests: Successfully configured CWB buffer.
03-11 23:42:20.263  2195  8507 I SDM     : HWCSession::ProcessRequests: Pushing release fence in fenece wait queue.
03-11 23:42:20.263  2195  8507 I SDM     : HWCSession::ProcessRequests: Creating AsyncFenceWaits async thread.
03-11 23:42:20.263  2195  8507 I SDM     : HWCSession::ProcessRequests: Remove current CWB request from the pending request queue.
03-11 23:42:20.263  2195  8507 I SDM     : HWCSession::ProcessRequests: No pending cwb requests found in the queue.
03-11 23:42:20.271  2064  6102 E sensors-hal: handle_sns_client_event:62, mot_disprot_event: now=216896175683670 ts=216896165736385, type=16, status=3
03-11 23:42:20.281  2195  8511 I SDM     : HWCSession::NotifyCWBStatus: Notify the client about buffer status 0.
03-11 23:42:20.281  2195  8511 I SDM     : HWCSession::PerformFenceWaits: Remove current release fence from the pending fence wait queue.
03-11 23:42:20.281  2195  8511 I SDM     : HWCSession::PerformFenceWaits: CWB fence queue is empty. No pending release fence to wait on.
03-11 23:42:20.292  2163  2163 D SENSOREXT_ALS_COMP: FrontLight: ReportLux 2.86 (21.78-18.92), pre 5.44, dbv 2566, dc 0, fps 90, chPanel 7.50-3.89-3.18-1.10, facCal:lux_s 1.19 cha_s 1.02-1.01-1.06-1.17, RunInfo: DPB 22842-101, TF 22842-0
03-11 23:42:20.355  2224  8176 W C2BqBuffer: last successful dequeue was 17839576 us ago, 125 consecutive failures
03-11 23:42:20.414  2064  4171 D slpi    : tmd2712: Als lux: 2.70, ch0: 46, ch1: 3, scale: 1.08, atime:50.04, again:1024
03-11 23:42:20.521  2163  2163 D motorola.hardware.sensorext-service: handle id:13 wxh:1088x2640 uwxuh:1080x2640 size: 11489280 fd:11 fd_meta:12 flags:0x4000228 usage:0x33  format:0x1 layer_count: 1 reserved_size = 0
03-11 23:42:20.522  2195  2586 I SDM     : HWCSession::SetCWBOutputBuffer: CWB config passed by cwb_client : tappoint 1  CWB_ROI : (210.000000 26.000000 274.000000 90.000000) for display [1 0 0]
03-11 23:42:20.522  2195  8512 I SDM     : HWCDisplay::SetReadbackBuffer: CWB config from client: tap_point 1, CWB ROI Rect(210.000000 26.000000 274.000000 90.000000), PU_as_CWB_ROI 0, Cwb full rect : (0.000000 0.000000 1080.000000 2640.000000)
03-11 23:42:20.522  2195  8512 I SDM     : HWCDisplay::SetReadbackBuffer: Successfully configured the output buffer: readback_buffer_queued_ 1, readback_configured_ 0, cwb_client 3
03-11 23:42:20.522  2195  8512 I SDM     : HWCSession::ProcessRequests: Successfully configured CWB buffer.
03-11 23:42:20.522  2064  4171 D slpi-TCS3720: ALS_REPORT lux 36.552513, ch0 16.573027-8.722964-6.951368-3.658345, scale 1.1878, fps 90, client 1
03-11 23:42:20.523  2064  4171 D slpi-TCS3720: PRX_OC info Far, Total 0, pdata 0, offset 0 step 0.63, ore 0:0 step 21.00, TH_H 1020, TH_L 0, client 0
03-11 23:42:20.529  2195  8512 I SDM     : HWCSession::ProcessRequests: Pushing release fence in fenece wait queue.
03-11 23:42:20.529  2195  8512 I SDM     : HWCSession::ProcessRequests: Creating AsyncFenceWaits async thread.
03-11 23:42:20.529  2195  8512 I SDM     : HWCSession::ProcessRequests: Remove current CWB request from the pending request queue.
03-11 23:42:20.529  2195  8512 I SDM     : HWCSession::ProcessRequests: No pending cwb requests found in the queue.
03-11 23:42:20.542  2064  4171 D slpi-MOT_HALL: Flip send data : 2, State: North near
03-11 23:42:20.542  2064  4171 E slpi    : MOT_GPIO_FLIP kernel state gpio unset
03-11 23:42:20.543  2064  4173 I sensors-hal: handle_sns_client_event:365, mot_flip_event: now=216896447430285 hal ts=216896446561541, MOT_FLIP_STATE_CLOSED, count=1556.0, cause=0.0, fwreg 1
03-11 23:42:20.543  2064  4173 I sensors-hal: sns_device_mode_init:227, sns_device_mode_init Start
03-11 23:42:20.543  2064  4173 I android.hardware.sensors@2.1-service.multihal: vendor/qcom/proprietary/adsprpc/src/fastrpc_apps_user.c:1553: remote_handle64_open: Successfully opened handle 0x1aeab010 for '":;./\createstaticpd:sensorspd&_dom=adsp on domain 0
03-11 23:42:20.543  2064  4171 I slpi-MOT_HINGE: Hingeposture   0.0 tent:0 gpio:-1 flip:2 flat:1 b:1.7 0.8 9.6 -9.7 -1.1 2.9 f:1.5 5.0 -8.2 503.3 3.5 8.3
03-11 23:42:20.544  3163  3231 W OverrideRequestController: Attempted to cancel a null OverrideRequest
03-11 23:42:20.545  3163  3231 I DeviceStateManagerService: Cannot notify device state info change when pending state is present.
03-11 23:42:20.545  2064  4173 I android.hardware.sensors@2.1-service.multihal: vendor/qcom/proprietary/adsprpc/src/fastrpc_perf.c:273: fastrpc_perf_init: enabled systrace 0x0 and RPC traces (kernel 0, dsp 0) with frequency 1000
03-11 23:42:20.545  2064  8516 I android.hardware.sensors@2.1-service.multihal: vendor/qcom/proprietary/adsprpc/src/log_config.c:348: file_watcher_thread starting for domain 0
03-11 23:42:20.545  2064  8516 W android.hardware.sensors@2.1-service.multihal: vendor/qcom/proprietary/adsprpc/src/log_config.c:358:file_watcher_thread: Couldn't find file android.hardware.sensors@2.1-service.multihal.farf, errno (No such file or directory)
03-11 23:42:20.546  2064  8515 I android.hardware.sensors@2.1-service.multihal: vendor/qcom/proprietary/adsprpc/src/listener_android.c:116: listener thread starting
03-11 23:42:20.548  2064  8515 I android.hardware.sensors@2.1-service.multihal: vendor/qcom/proprietary/adsprpc/src/mod_table.c:703: open_mod_table_open_from_static: reverse module apps_std opened with handle 0x450dfe00 (idx 0)
03-11 23:42:20.548  2195  8514 I SDM     : HWCSession::NotifyCWBStatus: Notify the client about buffer status 0.
03-11 23:42:20.548  2195  8514 I SDM     : HWCSession::PerformFenceWaits: Remove current release fence from the pending fence wait queue.
03-11 23:42:20.548  2195  8514 I SDM     : HWCSession::PerformFenceWaits: CWB fence queue is empty. No pending release fence to wait on.
03-11 23:42:20.548  2064  8515 I android.hardware.sensors@2.1-service.multihal: vendor/qcom/proprietary/adsprpc/src/apps_std_imp.c:860: Successfully opened file /vendor/dsp/adsp/libsns_device_mode_skel.so
03-11 23:42:20.552  2064  4173 E android.hardware.sensors@2.1-service.multihal: vendor/qcom/proprietary/adsprpc/src/fastrpc_apps_user.c:1491: Error 0x80000406: remote_handle_open_domain: dynamic loading failed for file:///libsns_device_mode_skel.so?sns_device_mode_skel_handle_invoke&_modver=1.0&_dom=adsp on domain 0 (dlerror segment 0 failed hash verification(0x34DC000 B)) (errno Success)
03-11 23:42:20.552  2064  4173 E android.hardware.sensors@2.1-service.multihal: vendor/qcom/proprietary/adsprpc/src/fastrpc_apps_user.c:1550: Error 0x80000406: remote_handle64_open failed for file:///libsns_device_mode_skel.so?sns_device_mode_skel_handle_invoke&_modver=1.0&_dom=adsp (errno Success)
03-11 23:42:20.552  2064  4173 I sensors-hal: sns_device_mode_init:262, sns_device_mode_init End
03-11 23:42:20.552  2064  4173 E sensors-hal: sendDeviceMode:287, mot_flip: one or mode handles unopened: dm 0 rpc 1
03-11 23:42:20.552  2064  4173 E android.hardware.sensors@2.1-service.multihal: vendor/qcom/proprietary/adsprpc/src/fastrpc_apps_user.c:1366: Error 0x80000600: remote_handle_invoke failed for handle 0x0, method 1 on domain 0 (sc 0x1010200) (errno Success)
03-11 23:42:20.552  2064  4173 E android.hardware.sensors@2.1-service.multihal: vendor/qcom/proprietary/adsprpc/src/fastrpc_apps_user.c:1575: Error 0x80000600: remote_handle_close failed for handle 0x0 (dlerr \) (errno Success)
03-11 23:42:20.552  2064  4173 I android.hardware.sensors@2.1-service.multihal: vendor/qcom/proprietary/adsprpc/src/fastrpc_apps_user.c:2737: domain_deinit for domain 0: dev 80
03-11 23:42:20.553  2064  8515 E android.hardware.sensors@2.1-service.multihal: vendor/qcom/proprietary/adsprpc/src/fastrpc_apps_user.c:3516: exit_thread current process1 thread exit nErr = 0x8000040d domain 0, handle 0xb400007d1aeab010
03-11 23:42:20.554  2064  8516 W android.hardware.sensors@2.1-service.multihal: vendor/qcom/proprietary/adsprpc/src/log_config.c:368:Warning: file_watcher_thread received exit for domain 0, file android.hardware.sensors@2.1-service.multihal.farf
03-11 23:42:20.554  2064  8516 I android.hardware.sensors@2.1-service.multihal: vendor/qcom/proprietary/adsprpc/src/log_config.c:415: file_watcher_thread exiting for domain 0
03-11 23:42:20.554  2064  4173 I android.hardware.sensors@2.1-service.multihal: vendor/qcom/proprietary/adsprpc/src/mod_table.c:789: open_mod_table_close: closed reverse module apps_std with handle 0x450dfe00
03-11 23:42:20.555  2064  4173 E android.hardware.sensors@2.1-service.multihal: vendor/qcom/proprietary/adsprpc/src/fastrpc_apps_user.c:1614: Error 0x80000600: remote_handle64_close failed for handle 0xb400007d1aeab010 remote handle 0x0 (errno Success)
03-11 23:42:20.557  6461  6564 I Capsense_Cal: Sensor GetEvents event_count==1
03-11 23:42:20.557  6461  6564 D Capsense_Cal: SensorThread sensorEvents
03-11 23:42:20.557  6461  6564 D Capsense_Cal: Capsensor hallEventHandler sensorEvents->data[0]==2.000000
03-11 23:42:20.557  6461  6564 D Capsense_Cal: start cal : /sys/class/capsense/capsense1/reset, msg: flip_near
03-11 23:42:20.559  2163  2163 D SENSOREXT_ALS_COMP: FrontLight: ReportLux 17.63 (36.55-18.92), pre 2.86, dbv 2566, dc 0, fps 90, chPanel 7.50-3.89-3.18-1.10, facCal:lux_s 1.19 cha_s 1.02-1.01-1.06-1.17, RunInfo: DPB 22843-101, TF 22843-0
03-11 23:42:20.560  3163  3227 D TouchHwAidlService: onStateChanged.. state=0
03-11 23:42:20.560  3163  3352 W BoostOptController: not supported hint: 118
03-11 23:42:20.560  6461  6564 D Capsense_Cal: start cal : /sys/class/capsense/capsense0/reset, msg: flip_near
03-11 23:42:20.560  2067  2067 D AHAL: AudioDevice: SetParameters: 1564: enter: device_folded=on
03-11 23:42:20.560  2067  2067 D AHAL: AudioVoice: VoiceSetParameters: 87: Enter params: device_folded=on
03-11 23:42:20.560  2067  2067 D AHAL: AudioVoice: VoiceSetParameters: 360: Exit ret: 0
03-11 23:42:20.560  2067  2067 D AHAL: FM: fm_set_parameters: 262: Enter
03-11 23:42:20.560  2067  2067 D AHAL: FM: fm_set_parameters: 320: exit
03-11 23:42:20.560  2067  2067 D AHAL: AudioDevice: SetParameters: 2361: exit: device_folded=on
03-11 23:42:20.560  5625  5669 D ShellSplitScreen: onFoldedStateChanged: folded=true
03-11 23:42:20.561  3163  3231 I LogicalDisplayMapper: Requesting Transition to state: 0, from state=5, interactive=true, mBootCompleted=true
03-11 23:42:20.561  5625  5625 I vol.VolumeDialogImpl: mDialog.dismiss() reason: posture_changed from: com.android.systemui.volume.VolumeDialogImpl$H.handleMessage:111 displayId: 0 mShowing: false mIsAnimatingDismiss: false
03-11 23:42:20.561  3163  3231 I LogicalDisplayMapper: Applying layout: [{dispId: 0(ON), displayGroupName: , addr: {port=130, model=0x40446dccee101c}, mThermalBrightnessThrottlingMapId: null, mRefreshRateZoneId: null, mLeadDisplayId: -1, mLeadDisplayAddress: null, mThermalRefreshRateThrottlingMapId: null, mPowerThrottlingMapId: null}], Previous layout: [{dispId: 0(ON), displayGroupName: , addr: {port=130, model=0x40446dccee101c}, mThermalBrightnessThrottlingMapId: null, mRefreshRateZoneId: null, mLeadDisplayId: -1, mLeadDisplayAddress: null, mThermalRefreshRateThrottlingMapId: null, mPowerThrottlingMapId: null}]
03-11 23:42:20.562  3163  3229 D CLI/SmallCLI: onDeviceLidStateChanged: state=CLOSED_HALL
03-11 23:42:20.568  3163  4279 I CLI/Transition_Device: lid state changed: OPEN -> CLOSED, device state changed to CLOSED_HALL
03-11 23:42:20.570  3163  4279 D CLI/Transition_Lid: update lid state CLOSED
03-11 23:42:20.574  3163  3227 D TouchHwAidlService: onTapToWakeSettingsChanged isAmbientDisplayAvailable=1 aodEnable=true singleTapEnable=true doubleTapEnable=true lidState=0 callers=com.motorola.server.display.TouchHwAidlService.-$$Nest$monTapToWakeSettingsChanged:0 com.motorola.server.display.TouchHwAidlService$4.onChange:573 android.database.ContentObserver.onChange:184 
03-11 23:42:20.574  3163  3227 D TouchHwAidlService: enableTapWake mode=33 displayId=0 mGestureStowMode=true
03-11 23:42:20.574  3163  3227 D TouchHwAidlService: transfer mode=33 transMode=32 cli=false
03-11 23:42:20.575  5625  5625 D SCliNotifPanelController: onLidClosed
03-11 23:42:20.575  5625  5625 V SmallCli_WindowController: state=SmallCli window State {
03-11 23:42:20.575  5625  5625 V SmallCli_WindowController:   mBrightnessVisible: false
03-11 23:42:20.575  5625  5625 V SmallCli_WindowController:   mDynamicPanelVisible: false
03-11 23:42:20.575  5625  5625 V SmallCli_WindowController:   mFlashLightPrompt: false
03-11 23:42:20.575  5625  5625 V SmallCli_WindowController:   mHeadsUpPanelVisible: false
03-11 23:42:20.575  5625  5625 V SmallCli_WindowController:   mKeyguardOccluded: false
03-11 23:42:20.575  5625  5625 V SmallCli_WindowController:   mLidOpen: false
03-11 23:42:20.575  5625  5625 V SmallCli_WindowController:   mNotificationVisible: false
03-11 23:42:20.575  5625  5625 V SmallCli_WindowController:   mPowerMenuVisible: false
03-11 23:42:20.575  5625  5625 V SmallCli_WindowController:   mQsVisible: false
03-11 23:42:20.575  5625  5625 V SmallCli_WindowController:   mVolumeVisible: false
03-11 23:42:20.575  5625  5625 V SmallCli_WindowController: }
03-11 23:42:20.575  2106  2106 I motorola.hardware.display.touch-service: Setting Gesture to 32
03-11 23:42:20.576  7314  7314 D GameMode: mCLIStatusReceiver: 0
03-11 23:42:20.580  3163  5853 W InputManager-JNI: Input channel object '[Gesture Monitor] moto_actions_input_channel (client)' was disposed without first being removed with the input manager!
03-11 23:42:20.585  3163  3227 D TouchHwAidlService: setGestureModeHal done mode=33 newMode=32 result=0
03-11 23:42:20.585  3163  3227 D TouchHwAidlService: enableTapWake mode=33 displayId=1 mGestureStowMode=true
03-11 23:42:20.585  2106  2106 I motorola.hardware.display.touch-service: Setting CLI Gesture to 33
03-11 23:42:20.586  3084  3373 E Thermal-Lib: Thermal-Lib-Client:do_listen: recv failed
03-11 23:42:20.586  3163  3227 D TouchHwAidlService: setCliGestureModeHal done mode=33 newMode=33 result=0
03-11 23:42:20.586  3065  3276 E Thermal-Lib: Thermal-Lib-Client:do_listen: recv failed
03-11 23:42:20.586  3163  3227 D TouchHwAidlService: enableTapWake mode=49 displayId=-1 mGestureStowMode=true
03-11 23:42:20.586  3163  3227 D TouchHwAidlService: transfer mode=49 transMode=48 cli=false
03-11 23:42:20.586  2106  2106 I motorola.hardware.display.touch-service: Setting Gesture to 48
03-11 23:42:20.587  3163  3227 D TouchHwAidlService: setGestureModeHal done mode=49 newMode=48 result=0
03-11 23:42:20.588  2106  2106 I motorola.hardware.display.touch-service: Setting CLI Gesture to 49
03-11 23:42:20.588  2061  2108 E minksocket: MinkIPC_QRTR_Service: client with node 1 port 7a14 went down
03-11 23:42:20.588  2061  2108 E minksocket: MinkIPC_QRTR_Service: client with node 1 port 7a11 went down
03-11 23:42:20.588  2061  2108 E minksocket: MinkIPC_QRTR_Service: client with node 1 port 7a00 went down
03-11 23:42:20.588  2061  2108 E minksocket: MinkIPC_QRTR_Service: client with node 1 port 7a18 went down
03-11 23:42:20.588  3163  3227 D TouchHwAidlService: setCliGestureModeHal done mode=49 newMode=49 result=0
03-11 23:42:20.588  2723 10837 I CameraService: Previous DeviceState : 0 New DeviceState : 4
03-11 23:42:20.589  2186  2186 I CamxPrvdr@2.7-legacy: notifyDeviceStateChange: New device state: 0x4
03-11 23:42:20.589  2186  2186 I CamxComm1.0-CamModule: notifyDeviceStateChange: calling notify_device_state_change with state 4
03-11 23:42:20.589  2186  2186 D CamX    : [DEBUG][HAL    ] camxhal3module.cpp:411 NotifyDeviceStateChange() New Device State: 4
03-11 23:42:20.590  3163  3227 D TouchHwAidlService: Unregister stow sensor
03-11 23:42:20.590  2067  2067 D AHAL: AudioDevice: SetParameters: 1564: enter: cli_state=close
03-11 23:42:20.590  2067  2067 D AHAL: AudioVoice: VoiceSetParameters: 87: Enter params: cli_state=close
03-11 23:42:20.590  2067  2067 D AHAL: AudioVoice: VoiceSetParameters: 360: Exit ret: 0
03-11 23:42:20.590  2067  2067 D AHAL: FM: fm_set_parameters: 262: Enter
03-11 23:42:20.590  2067  2067 D AHAL: FM: fm_set_parameters: 320: exit
03-11 23:42:20.590  2067  2067 D AHAL: AudioDevice: SetParameters: 2361: exit: cli_state=close
03-11 23:42:20.590  3163  3227 W AlarmManager: Unrecognized alarm listener com.motorola.server.display.TouchHwAidlService$AlarmListenerImpl@de23d8f
03-11 23:42:20.590  3163  3227 D TouchHwAidlService: Unregister stow sensor
03-11 23:42:20.590  3163  3227 W AlarmManager: Unrecognized alarm listener com.motorola.server.display.TouchHwAidlService$AlarmListenerImpl@de23d8f
03-11 23:42:20.591  3163  3227 D TouchHwAidlService: Unregister stow sensor
03-11 23:42:20.591  3163  3227 W AlarmManager: Unrecognized alarm listener com.motorola.server.display.TouchHwAidlService$AlarmListenerImpl@de23d8f
03-11 23:42:20.591  3163  3227 D TouchHwAidlService: enableGestureStowMode stowed: false
03-11 23:42:20.591  2106  2106 I motorola.hardware.display.touch-service: Setting stow gesture mode to 0 for panel 1
03-11 23:42:20.592  3163  3227 D TouchHwAidlService: setStowGestureMode for cli stowed=false ret=0
03-11 23:42:20.592  3163  3227 D TouchHwAidlService: enableGestureStowMode stowed: false
03-11 23:42:20.592  2106  2106 I motorola.hardware.display.touch-service: Setting stow gesture mode to 0 for panel 1
03-11 23:42:20.592  3163  3227 D TouchHwAidlService: setStowGestureMode for cli stowed=false ret=0
03-11 23:42:20.592  3163  3227 D TouchHwAidlService: enableGestureStowMode stowed: false
03-11 23:42:20.592  2106  2106 I motorola.hardware.display.touch-service: Setting stow gesture mode to 0 for panel 1
03-11 23:42:20.592  3163  3227 D TouchHwAidlService: setStowGestureMode for cli stowed=false ret=0
03-11 23:42:20.596  2195  2269 I SDM     : HWDeviceDRM::SetupConcurrentWriteback: Tear down the Concurrent Writeback topology
03-11 23:42:20.598  6861  6861 I System.out: SAFActivity V Scene Framework: NavigationSceneManager onWindowFocusChanged false
03-11 23:42:20.598  6861  6861 I System.out: SAFFragmentRootScene: onWindowFocusChanged: com.ss.android.ugc.aweme.main.MainRootFragment, MainRootFragment{8e6e0a7} (2d958f98-cbe4-4a7d-b614-a904c4b471e5 id=0x7f0b6679 tag=root_fragment), true (SAFFragmentRootScene{2de4aaf})
03-11 23:42:20.600  3163  4279 I PowerGroup: Sleeping power group (groupId=0, uid=1000, reason=lid_switch)...
03-11 23:42:20.600  3163  4279 I PowerManagerService: Sleeping (uid 1000)...
03-11 23:42:20.601  3163  4279 D PowerManagerService: nativeReleaseSuspendBlocker name:PowerManagerService.WakeLocks duration ms: 1
03-11 23:42:20.601  3163  4279 D CLI/Transition_Lid: Doze cli display for lid close
03-11 23:42:20.601  3163  4279 I PowerManagerService: Dozing display group (groupId=1, now=124032392)...
03-11 23:42:20.601  3163  4279 I PowerManagerService: Going to sleep due to application (uid 1000, screenOffTimeout=1800000, activityTimeoutWM=-1, maxDimRatio=0.20000005, maxDimDur=7000)...
03-11 23:42:20.602 10834 10834 I GoogleInputMethodService: GoogleInputMethodService.onFinishInput():2097 
03-11 23:42:20.603  3163  4279 E WindowManager: Display reconfigured outside of a transition: Display{#0 state=ON size=1080x2640 ROTATION_0}
03-11 23:42:20.604 10834 10834 I Module  : DeviceLockedStatusModuleProvider$Module.updateDeviceLockedStatus():103 repeatCheckTimes = 0, locked = false
03-11 23:42:20.605  3163  3352 I DisplayPowerController2[0]: 03-11 23:42:20.603 - BrightnessEvent: disp=0, physDisp=local:4630947043778501762, displayState=ON, displayPolicy=OFF, brt=0.13366745, initBrt=0.13366745, rcmdBrt=0.13366745, preBrt=NaN, lux=3.375, preLux=NaN, brtNits=14.514219, hdrNits=NaN, initNits=14.514219, preNits=NaN, rcmdNits=14.514219, hdrBrightness=NaN, brt(%)=16%, brtInt=35, hbmPolicy=normal, hbmMax=0.85440856, hbmMode=off, rbcStrength=50, thrmMax=1.0, powerFactor=1.0, wasShortTermModelActive=false, flags=, reason=automatic, autoBrightness=true, strategy=InvalidBrightnessStrategy, autoBrightnessMode=default
03-11 23:42:20.605  3163  3352 I DisplayPowerController2[0]: Blocking screen off
03-11 23:42:20.605  3163  3352 I WindowManager: Display 0 turning off...
03-11 23:42:20.606  3163  3352 I DisplayPowerController2[0]: Unblocked screen off after 0 ms
03-11 23:42:20.606  8519  8519 I ThermalEngine: Throttling daemon started
03-11 23:42:20.606  8519  8519 E ThermalEngine: config_info path not found: /sys/module/msm_thermal/config_info
03-11 23:42:20.606  3163  4279 D CLI/Rotation: Set volume keyswap sysprop for rotation 0 lidState CLOSED
03-11 23:42:20.606  8519  8519 I ThermalEngine: Using device config file '/vendor/etc/thermal-engine-lynkco-cli.conf'
03-11 23:42:20.607  3163  3231 D DisplayManagerService: Ignore redundant display event 0/2 to 10276/18586
03-11 23:42:20.607  3163  3231 D DisplayManagerService: Ignore redundant display event 0/2 to 10416/20010
03-11 23:42:20.608  3163  3163 I WindowManager: Started going to sleep... (groupId=0 why=OFF_BECAUSE_OF_USER) notifySleepToKeyguard=true lidState=0 pmSleepReason=lid_switch
03-11 23:42:20.612  5625  5625 V TrustManager: clearAllBiometricRecognized unlockedUser=-10000 source=FINGERPRINT callers=com.android.keyguard.KeyguardUpdateMonitor.clearFingerprintRecognized:16 com.android.keyguard.KeyguardUpdateMonitor$14.handleMessage:941 android.os.Handler.dispatchMessage:112 android.os.Looper.loopOnce:268 android.os.Looper.loop:384 
03-11 23:42:20.613  3163  4279 I WindowManager: updateRotationUnchecked CLI real rotation changed:1, rotation:1
03-11 23:42:20.614  5625  5625 D KeyguardViewMediator: KeyguardViewMediator queue processing message: NOTIFY_STARTED_GOING_TO_SLEEP
03-11 23:42:20.616  3163  4279 I WindowManager: Override config changes=20000000 {1.0 ?mcc0mnc [en_US] ldltr sw111dp w210dp h111dp 280dpi smll land night mot-cli finger -keyb/v/h -nav/h winConfig={ mBounds=Rect(0, 0 - 368, 194) mAppBounds=Rect(0, 0 - 368, 194) mMaxBounds=Rect(0, 0 - 368, 194) mDisplayRotation=ROTATION_90 mWindowingMode=fullscreen mActivityType=undefined mAlwaysOnTop=undefined mRotation=ROTATION_90} ?fontWeightAdjustment ?spn ?gid} for displayId=1
03-11 23:42:20.618  5625  5939 D KeyguardTransitionRepository: (Internal) Setting current transition info: TransitionInfo(ownerName=FromGoneTransitionInteractor(Sleep transition triggered), from=GONE, to=DOZING, animated)
03-11 23:42:20.619  3163  3352 I WindowManager: Display0 turned off...
03-11 23:42:20.620  5625  5625 I KeyguardTransitionRepository: STARTED transition: TransitionStep(from=GONE, to=DOZING, value=0.0, transitionState=STARTED, ownerName=FromGoneTransitionInteractor(Sleep transition triggered))
03-11 23:42:20.622  2926  2926 D fpc_hidl: lid-state=0
03-11 23:42:20.622  3163  4279 D MotoFingerprint: resultCode : 0
03-11 23:42:20.626  2224  8172 I QC2Comp : [hevcD_474] Stats: Pending(8) i/p-done(4) Works: Q: 185/Done 178|Work-Rate: Q(0.0/s Avg=7.2/s) Done(0.000/s Avg=6.972/s)| Stream: 20.00fps 25.3Kbps
03-11 23:42:20.626  2224  8172 I QC2Comp : [hevcD_474] Mem-usage:  [In-1D: 5 bufs 18.691 MB] [1D-755: 18 bufs 0.281 MB] [2D-756: 22 bufs 8.594 MB] | Total: 27.566 MB
03-11 23:42:20.627  5625  5625 I vol.VolumeDialogImpl: mDialog.dismiss() reason: volume_controller from: com.android.systemui.volume.VolumeDialogImpl$10.onDismissRequested:3 displayId: 0 mShowing: false mIsAnimatingDismiss: true
03-11 23:42:20.627  5625  5625 D vol.VolumeDialogImpl: dismissH: skipping dismiss because isAnimatingDismiss is true and showingStateInconsistent is false
03-11 23:42:20.636  3163  3352 D ActivityTaskManager: Top Process State changed to PROCESS_STATE_TOP_SLEEPING
03-11 23:42:20.638  3163  3352 D PowerManagerService: nativeAcquireSuspendBlocker name:PowerManagerService.WakeLocks duration ms: 2
03-11 23:42:20.638  3163  3352 D ActivityTrigger: ActivityTrigger activityPauseTrigger 
03-11 23:42:20.639  8519  8519 I ThermalEngine: devices_manager_init: Init
03-11 23:42:20.639  8519  8519 I ThermalEngine: Number of gpus :1
03-11 23:42:20.639  8519  8519 I ThermalEngine: Number of cpus :8
03-11 23:42:20.642  8519  8519 E ThermalEngine: tmd_add_cpufreq_dev_data: Invalid or no boost freqs
03-11 23:42:20.642  2061  2108 E minksocket: MinkIPC_QRTR_Service: client with node 1 port 7b27 went down
03-11 23:42:20.643  2061  2108 E minksocket: MinkIPC_QRTR_Service: client with node 1 port 7b28 went down
03-11 23:42:20.644  6861  6861 I System.out: SAFActivity: com.ss.android.ugc.aweme.main.MainActivity@5a73f24,  onPause Start
03-11 23:42:20.644  2061  2108 E minksocket: MinkIPC_QRTR_Service: client with node 1 port 7b29 went down
03-11 23:42:20.645  8519  8519 E ThermalEngine: tmd_add_cpufreq_dev_data: Invalid or no boost freqs
03-11 23:42:20.645  6861  6861 I System.out: SceneSafeLifecycleDispatcher: onPaused Start
03-11 23:42:20.645  6861  6861 I System.out: SAFActivity V Scene Framework: NavigationMessageQueue postSync start
03-11 23:42:20.645  6861  6861 I System.out: SAFActivity V Scene Framework: NavigationMessageQueue postSync run current task start 14_Y.ARunnableS108S0200000_32@68d67e9
03-11 23:42:20.646  6861  6861 I System.out: SAFActivity V Scene Framework: NavigationSceneManager Sync Scene SAFFragmentRootScene{2de4aaf} Lifecycle [RESUMED -> STARTED] without saved State
03-11 23:42:20.646  6861  6861 I System.out: SAFFragmentRootScene: onPause Start (SAFFragmentRootScene{2de4aaf})
03-11 23:42:20.646  2061  2108 E minksocket: MinkIPC_QRTR_Service: client with node 1 port 7b2a went down
03-11 23:42:20.646  2061  2108 E minksocket: MinkIPC_QRTR_Service: client with node 1 port 7b2b went down
03-11 23:42:20.647  8519  8519 E ThermalEngine: tmd_add_cpufreq_dev_data: Invalid or no boost freqs
03-11 23:42:20.648  5625  5669 I DisplayController: CLI display config changed. dpi:280, fontScale:1.0
03-11 23:42:20.648  5625  5669 V ShellDragAndDrop: Display changed: 1
03-11 23:42:20.650  3163  3352 I DisplayBrightnessStrategySelector: Changing the DisplayBrightnessStrategy from InvalidBrightnessStrategy to ScreenOffBrightnessStrategy for display 0
03-11 23:42:20.650  2064  2064 I sensors-hal: batch:206, android.sensor.device_orientation/271, period=66667000, max_latency=0
03-11 23:42:20.650  2064  2064 I sensors-hal: set_config:61, no need to adjust sample_period_ns due to reporting_mode = 2
03-11 23:42:20.650  2064  2064 I sensors-hal: batch:215, android.sensor.device_orientation/271, period=66667000, max_latency=0 request completed
03-11 23:42:20.651  2064  2064 I sensors-hal: batch:206, android.sensor.light/51, period=200000000, max_latency=0
03-11 23:42:20.651  2064  2064 I sensors-hal: set_config:61, no need to adjust sample_period_ns due to reporting_mode = 2
03-11 23:42:20.651  2064  2064 I sensors-hal: batch:215, android.sensor.light/51, period=200000000, max_latency=0 request completed
03-11 23:42:20.651  2061  2108 E minksocket: MinkIPC_QRTR_Service: client with node 1 port 7b2c went down
03-11 23:42:20.652  8519  8519 W thermal-engine-: type=1400 audit(0.0:1925657): avc:  denied  { read } for  scontext=u:r:vendor_thermal-engine:s0 tcontext=u:r:init:s0 tclass=file permissive=0
03-11 23:42:20.652  8519  8519 W thermal-engine-: type=1400 audit(0.0:1925658): avc:  denied  { read } for  scontext=u:r:vendor_thermal-engine:s0 tcontext=u:r:kernel:s0 tclass=file permissive=0
03-11 23:42:20.652  8519  8519 W thermal-engine-: type=1400 audit(0.0:1925659): avc:  denied  { read } for  scontext=u:r:vendor_thermal-engine:s0 tcontext=u:r:kernel:s0 tclass=file permissive=0
03-11 23:42:20.652  8519  8519 W thermal-engine-: type=1400 audit(0.0:1925660): avc:  denied  { read } for  scontext=u:r:vendor_thermal-engine:s0 tcontext=u:r:kernel:s0 tclass=file permissive=0
03-11 23:42:20.652  8519  8519 W thermal-engine-: type=1400 audit(0.0:1925661): avc:  denied  { read } for  scontext=u:r:vendor_thermal-engine:s0 tcontext=u:r:kernel:s0 tclass=file permissive=0
03-11 23:42:20.652  8519  8519 W thermal-engine-: type=1400 audit(0.0:1925662): avc:  denied  { read } for  scontext=u:r:vendor_thermal-engine:s0 tcontext=u:r:kernel:s0 tclass=file permissive=0
03-11 23:42:20.652  8519  8519 W thermal-engine-: type=1400 audit(0.0:1925663): avc:  denied  { read } for  scontext=u:r:vendor_thermal-engine:s0 tcontext=u:r:kernel:s0 tclass=file permissive=0
03-11 23:42:20.652  8519  8519 W thermal-engine-: type=1400 audit(0.0:1925664): avc:  denied  { read } for  scontext=u:r:vendor_thermal-engine:s0 tcontext=u:r:kernel:s0 tclass=file permissive=0
03-11 23:42:20.652  3163  3231 D PanelsService: onAwakeStateChanged.. isAwake=false
03-11 23:42:20.652  3163  3231 D TouchHwAidlService: onAwakeStateChanged.. isAwake=false
03-11 23:42:20.654  3163  3163 D TrustManagerService: refreshDeviceLockedForUser(userId=-1, unlockedUser=-10000), secure=false, showingKeyguard=false, trusted=false, biometricAuthenticated=false, currentUserIsUnlocked=false, deviceLocked=false
03-11 23:42:20.654  8519  8519 E ThermalEngine: devices_manager_reg_clnt: Invalid dev cdsp_sw.
03-11 23:42:20.655  2061  2108 E minksocket: MinkIPC_QRTR_Service: client with node 1 port 7b2d went down
03-11 23:42:20.659  3163  3231 D TouchHwAidlService: Register stow sensor:true
03-11 23:42:20.659  3163  3231 I InputManager-JNI: Viewport [0] to add: local:4630947043778501762, isActive: true
03-11 23:42:20.659  3163  3231 I InputManager-JNI: Viewport [1] to add: local:4630947043778501763, isActive: false
03-11 23:42:20.660  6942  6972 D ForegroundUtils: Foreground UID status: 10240, true; 10243, false; 10246, false; 10292, false; 10363, false; 10394, true; 10404, true; 10416, false; 10434, false; 10618, false; 
03-11 23:42:20.660  2064  2064 I sensors-hal: activate:173, com.motorola.sensor.alternate_light/65959 en=0
03-11 23:42:20.660  5625  5625 D CentralSurfaces: !shouldBeKeyguard mStatusBarStateController.isKeyguardRequested() false keyguardForDozing false wakeAndUnlocking false isWakingAndOccluded false
03-11 23:42:20.660  3163  3229 V WindowManager: Content Recording: Display 1 state was (1), is now (1), so update recording?
03-11 23:42:20.660  5625  5625 D CentralSurfaces: hideKeyguardImpl false
03-11 23:42:20.660  3163  3229 D CLI/Transition: displaygroup 1, state OFF, pendingdisplaygroup -1
03-11 23:42:20.661  2064  2064 I sensors-hal: activate:184, com.motorola.sensor.alternate_light/65959 en=0 completed
03-11 23:42:20.662  7545  7545 I FileStationLog: [ FS_h$a ] - [Display] Changed display: 1
03-11 23:42:20.663  3163  3352 V DisplayPowerController2[0]: Brightness [0.0] reason changing to: 'screen_off', previous reason: 'automatic'.
03-11 23:42:20.664  3163  3352 I DisplayPowerController2[0]: 03-11 23:42:20.663 - BrightnessEvent: disp=0, physDisp=local:4630947043778501762, displayState=OFF, displayPolicy=OFF, brt=0.0, initBrt=0.13366745, rcmdBrt=NaN, preBrt=NaN, lux=0.0, preLux=0.0, brtNits=3.1465538, hdrNits=NaN, initNits=14.514219, preNits=NaN, rcmdNits=NaN, hdrBrightness=NaN, brt(%)=0%, brtInt=1, hbmPolicy=normal, hbmMax=0.85440856, hbmMode=off, rbcStrength=50, thrmMax=1.0, powerFactor=1.0, wasShortTermModelActive=false, flags=, reason=screen_off, autoBrightness=true, strategy=ScreenOffBrightnessStrategy, autoBrightnessMode=default
03-11 23:42:20.664  3163  3352 D BrightnessThermalClamper: Thermal status observer already started
03-11 23:42:20.664  3163  3352 D BrightnessThermalClamper: Thermal status observer already started
03-11 23:42:20.665  3163  3163 I BrightnessSynchronizer: New Update: {[14269] 0.13366745(f), mUpdatedTypes=0, mConfirmedTypes=0, mTimeUpdated=0, mState=2}
03-11 23:42:20.665  3163  4285 I InputReader: Reconfiguring input devices, changes=DISPLAY_INFO
03-11 23:42:20.665  3163  4285 I InputReader: Disabling zinitix_mt (device 6) because the associated viewport is not active
03-11 23:42:20.665  3163  4285 I InputReader: Device reconfigured: id=6, name='zinitix_mt', size 194x368, orientation Rotation0, mode DISABLED, display id 1
03-11 23:42:20.665  3163  3231 I DisplayDeviceRepository: Display device changed state: "Built-in Screen", OFF
03-11 23:42:20.665  3163  5305 D TouchHwAidlService: setDisplayState: mScreenOff=true
03-11 23:42:20.666  3163  5305 D TouchHwAidlService: onTapToWakeSettingsChanged isAmbientDisplayAvailable=1 aodEnable=true singleTapEnable=true doubleTapEnable=true lidState=0 callers=com.motorola.server.display.TouchHwAidlService.setDisplayState:538 com.motorola.server.MotoExtHwService$MotoExtHwManagerInternal.setDisplayState:446 com.android.server.display.LocalDisplayAdapter$LocalDisplayDevice$1.setDisplayState:1080 
03-11 23:42:20.666  3163  5305 D TouchHwAidlService: enableTapWake mode=33 displayId=0 mGestureStowMode=true
03-11 23:42:20.666  3163  5305 D TouchHwAidlService: transfer mode=33 transMode=32 cli=false
03-11 23:42:20.666  3163  3231 I InputManager-JNI: Viewport [0] to add: local:4630947043778501762, isActive: false
03-11 23:42:20.666  3163  3231 I InputManager-JNI: Viewport [1] to add: local:4630947043778501763, isActive: false
03-11 23:42:20.667  2106  2106 I motorola.hardware.display.touch-service: Setting Gesture to 32
03-11 23:42:20.667  8519  8519 I ThermalEngine: Found /system/bin/installd, file: 2737
03-11 23:42:20.667  8519  8519 E ThermalEngine: tmd_init_battery_data: type 0 
03-11 23:42:20.667  8519  8519 E ThermalEngine: tmd_init_battery_data: Unknown type: 0
03-11 23:42:20.667  8519  8519 E ThermalEngine: tmd_init_battery_data: type 1 
03-11 23:42:20.667  3163  3352 D BrightnessThermalClamper: Thermal status observer already started
03-11 23:42:20.668  3163  3229 D CLI/Transition: displaygroup 0, state OFF, pendingdisplaygroup -1
03-11 23:42:20.668  2061  2108 E minksocket: MinkIPC_QRTR_Service: client with node 1 port 7b2e went down
03-11 23:42:20.669  3163  3229 W SurfaceControl: Invalid layer stack -1
03-11 23:42:20.669  3163  3229 I DisplayDevice: [0] Layerstack set to -1 for local:4630947043778501762 mDisplayToken=android.os.BinderProxy@d90d011 t=Transaction{mNativeObject=-5476376673043675440, mHashCode=0}
03-11 23:42:20.669  8519  8519 E ThermalEngine: tmd_init_battery_data: type 2 
03-11 23:42:20.669  3163  3231 D PanelsService: updateDefaultDisplayState: mScreenState=OFF
03-11 23:42:20.669  3163  3231 W ServiceManagerCppClient: Failed to get isDeclared for com.motorola.hardware.display.panel.IDisplayPanel/default: Status(-1, EX_SECURITY): 'SELinux denied.'
03-11 23:42:20.670  3163  3231 D DisplayPanelService: Setting panel dc mode: 0
03-11 23:42:20.669  6861  7693 W ttmn    : <PID-4><6de30e0888,av_cmd_queue.cpp,dequeueTarget,48>not find target: 86
03-11 23:42:20.670  2064  2064 I sensors-hal: batch:206, android.sensor.light/51, period=200000000, max_latency=0
03-11 23:42:20.670  2064  2064 I sensors-hal: set_config:61, no need to adjust sample_period_ns due to reporting_mode = 2
03-11 23:42:20.670  2064  2064 I sensors-hal: batch:215, android.sensor.light/51, period=200000000, max_latency=0 request completed
03-11 23:42:20.670  2090  2090 I DisplayPanel: setDcMode: DC mode = OFF
03-11 23:42:20.670  2090  2090 D DisplayPanel: setParam: Success set DC to 0 for Primary display
03-11 23:42:20.671  2061  2108 E minksocket: MinkIPC_QRTR_Service: client with node 1 port 7a26 went down
03-11 23:42:20.671  3163  4285 I InputReader: Reconfiguring input devices, changes=DISPLAY_INFO
03-11 23:42:20.671  3163  4285 I InputReader: Disabling goodix_ts (device 7) because the associated viewport is not active
03-11 23:42:20.671  3163  4285 I InputReader: Device reconfigured: id=7, name='goodix_ts', size 17281x42241, orientation Rotation0, mode DISABLED, display id 0
03-11 23:42:20.671  3163  4285 I InputReader: Disabling zinitix_mt (device 6) because the associated viewport is not active
03-11 23:42:20.672 10834 10834 I PkDeviceHelper: PkDeviceHelper.refreshDevices():93 refreshing devices
03-11 23:42:20.672  5658  6105 I bt_shim_scanner: system/main/shim/le_scanning_manager.cc:185 Scan: in shim layer stopped
03-11 23:42:20.672  5658  6105 W BtGatt.JNI: android/app/jni/com_android_bluetooth_gatt.cpp:1597 gattSetScanParametersNative: gattSetScanParametersNative
03-11 23:42:20.672  5658  5907 I bluetooth: system/gd/hci/le_address_manager.cc:244 unregister_client: Client unregistered
03-11 23:42:20.672  2061  2108 E minksocket: MinkIPC_QRTR_Service: client with node 1 port 7b2f went down
03-11 23:42:20.672  5658  5907 I bluetooth: system/gd/hci/le_address_manager.cc:248 unregister_client: Cancelled address rotation alarm
03-11 23:42:20.672  3163  5305 D TouchHwAidlService: setGestureModeHal done mode=33 newMode=32 result=0
03-11 23:42:20.672  3163  5305 D TouchHwAidlService: enableTapWake mode=33 displayId=1 mGestureStowMode=true
03-11 23:42:20.672  5658  6105 I bt_shim_scanner: system/main/shim/le_scanning_manager.cc:363 SetScanParameters: in shim layer, scannerId=1
03-11 23:42:20.672  5658  6105 I bt_shim_scanner: system/main/shim/le_scanning_manager.cc:185 Scan: in shim layer started
03-11 23:42:20.672  2106  2106 I motorola.hardware.display.touch-service: Setting CLI Gesture to 33
03-11 23:42:20.672  2068  2068 D vendor.qti.bluetooth@1.0-ibs_handler: SerialClockVote: vote for UART CLK ON
03-11 23:42:20.673 26976 27604 D MCLOG   : [BrightnessTrigger] onDisplayChanged displayId = 0
03-11 23:42:20.673  2068  2068 D vendor.qti.bluetooth@1.0-wake_lock: Acquire wakelock is acquired 
03-11 23:42:20.673  2068  2068 I vendor.qti.bluetooth@1.0-ibs_handler: DeviceWakeUp: Writing IBS_WAKE_IND
03-11 23:42:20.673  3163  5305 D TouchHwAidlService: setCliGestureModeHal done mode=33 newMode=33 result=0
03-11 23:42:20.673  3163  5305 D TouchHwAidlService: enableTapWake mode=49 displayId=-1 mGestureStowMode=true
03-11 23:42:20.673  3163  5305 D TouchHwAidlService: transfer mode=49 transMode=48 cli=false
03-11 23:42:20.673  2106  2106 I motorola.hardware.display.touch-service: Setting Gesture to 48
03-11 23:42:20.674 10834 10834 I PkDeviceHelper: PkDeviceHelper.refreshDevices():93 refreshing devices
03-11 23:42:20.675  3163  5305 D TouchHwAidlService: setGestureModeHal done mode=49 newMode=48 result=0
03-11 23:42:20.675  2106  2106 I motorola.hardware.display.touch-service: Setting CLI Gesture to 49
03-11 23:42:20.675  3163  5305 D TouchHwAidlService: setCliGestureModeHal done mode=49 newMode=49 result=0
03-11 23:42:20.676  3163  5305 W ServiceManagerCppClient: Failed to get isDeclared for com.motorola.hardware.display.panel.IDisplayPanel/default: Status(-1, EX_SECURITY): 'SELinux denied.'
03-11 23:42:20.676  3163  5305 D DisplayPanelService: Setting panel dc mode: 0
03-11 23:42:20.676  2090  2090 I DisplayPanel: setDcMode: DC mode = OFF
03-11 23:42:20.676  2090  2090 D DisplayPanel: setParam: Success set DC to 0 for Primary display
03-11 23:42:20.676  3163  5305 D LocalDisplayAdapter: setDisplayPowerMode mode=0 for display=android.os.BinderProxy@d90d011
03-11 23:42:20.677  8519  8519 E ThermalEngine: tmd_init_battery_data: type 3 
03-11 23:42:20.677  8519  8519 E ThermalEngine: tmd_init_battery_data: Unknown type: 3
03-11 23:42:20.677  8519  8519 E ThermalEngine: tmd_init_battery_data: type 4 
03-11 23:42:20.677  8519  8519 E ThermalEngine: tmd_init_battery_data: Unknown type: 4
03-11 23:42:20.677  8519  8519 E ThermalEngine: Failed to reading /sys/class/leds/lcd-backlight/max_brightness
03-11 23:42:20.677  8519  8519 E ThermalEngine: Switch to /sys/class/backlight/panel0-backlight/max_brightness successfully
03-11 23:42:20.677  2067  2067 D AHAL: AudioDevice: SetParameters: 1564: enter: screen_state=off
03-11 23:42:20.677  2067  2067 D AHAL: AudioVoice: VoiceSetParameters: 87: Enter params: screen_state=off
03-11 23:42:20.677  2067  2067 D AHAL: AudioVoice: VoiceSetParameters: 360: Exit ret: 0
03-11 23:42:20.677  2067  2067 D AHAL: FM: fm_set_parameters: 262: Enter
03-11 23:42:20.677  2067  2067 D AHAL: FM: fm_set_parameters: 320: exit
03-11 23:42:20.677  2067  2067 D AHAL: AudioDevice: SetParameters: 1628:  - screen = off
03-11 23:42:20.677  2067  2067 I PAL: ResourceManager: setParameter: 8311: Screen State:0
03-11 23:42:20.677  2067  2067 D AHAL: AudioDevice: SetParameters: 2361: exit: screen_state=off
03-11 23:42:20.678  2300  2300 D SurfaceFlinger: Setting power mode 0 on display 4630947043778501762
03-11 23:42:20.678  2061  2108 E minksocket: MinkIPC_QRTR_Service: client with node 1 port 7b30 went down
03-11 23:42:20.679  2068  6060 I vendor.qti.bluetooth@1.0-ibs_handler: ProcessIbsCmd: Received IBS_WAKE_ACK: 0xFC
03-11 23:42:20.679  2068  6060 I vendor.qti.bluetooth@1.0-ibs_handler: ProcessIbsCmd: Signal wack_cond_
03-11 23:42:20.679  2068  2068 D vendor.qti.bluetooth@1.0-ibs_handler: DeviceWakeUp: Unblocked from waiting for FC, pthread_cond_timedwait ret = 0
03-11 23:42:20.679  5658  5907 I bluetooth: system/gd/hci/le_scanning_manager.cc:690 stop_scan: Scanning already stopped, return!
03-11 23:42:20.679  5658  5907 I bluetooth: system/gd/hci/le_address_manager.cc:226 register_client: Scheduled address rotation for first client registered
03-11 23:42:20.679  5658  5907 I bluetooth: system/gd/hci/le_address_manager.cc:229 register_client: Client registered
03-11 23:42:20.679  2068  6060 I vendor.qti.bluetooth@1.0-ibs_handler: ProcessIbsCmd: Received IBS_WAKE_IND: 0xFD
03-11 23:42:20.679  2068  6060 I vendor.qti.bluetooth@1.0-ibs_handler: ProcessIbsCmd: Writing IBS_WAKE_ACK
03-11 23:42:20.680  8519  8519 E ThermalEngine: parse_cooling_devices: Added cooling device: display-fps with cdev id:31
03-11 23:42:20.680  8519  8519 E ThermalEngine: parse_cooling_devices: Added cooling device: cpu-hotplug3 with cdev id:21
03-11 23:42:20.680  8519  8519 E ThermalEngine: parse_cooling_devices: Added cooling device: pause-cpu3 with cdev id:11
03-11 23:42:20.680  8519  8519 E ThermalEngine: parse_cooling_devices: Added cooling device: mmw0_dsc_kr with cdev id:58
03-11 23:42:20.680  2061  2108 E minksocket: MinkIPC_QRTR_Service: client with node 1 port 7b31 went down
