03-11 23:41:14.482  7545  7545 I FileStationLog: [ FS_h$a ] - [Display] New logical size: 1080x2640
03-11 23:41:14.482  7545  7545 I FileStationLog: [ FS_h$a ] - [Display] Screen width unchanged: 1080
03-11 23:41:14.483  3163  5853 W UserManagerService: Requested status bar icon for non-badged user 0
03-11 23:41:14.483  5625  5625 D SCliNotificationListener: onNotificationListUpdate: [com.android.systemui.statusbar.notification.collection.GroupEntry@f85a032]
03-11 23:41:14.485  6978  6978 I Smart5G : [Smart5GService] receive action: android.intent.action.SCREEN_OFF
03-11 23:41:14.485  5625  6286 D SCliNotifPanelController: onNotificationEntryRemove: -1|com.android.systemui|1201|fully_charged_and_plugged|10394
03-11 23:41:14.485  5625  6286 D SCliNotifPanelController: onNotificationGroupRemove: com.android.systemui_u-1
03-11 23:41:14.486  3163  3352 D PowerManagerService: handleSandman ignore 0
03-11 23:41:14.486  5689  5689 E DPMJ    : |SERVICE| sendScreenState state  falseand int value 0
03-11 23:41:14.489  5625  5962 V PowerManager: userActivity when=123966279 event=0 flags=0 displayId=1 by (com.android.systemui) callers=com.android.systemui.keyguard.KeyguardViewMediator$$ExternalSyntheticLambda0.run:63 java.util.concurrent.ThreadPoolExecutor.runWorker:1145 java.util.concurrent.ThreadPoolExecutor$Worker.run:644 
03-11 23:41:14.490  5625  6286 D SCliNotifPanelController: onNotificationEntryRemove: 0|com.google.android.googlequicksearchbox|0|-1929155362::a:snotification:[0x394,wx.f,NOTIFICATION]|10292
03-11 23:41:14.490  5625  6286 D SCliNotifPanelController: onNotificationGroupUpdate: com.google.android.googlequicksearchbox_u0
03-11 23:41:14.490  5625  6286 D SCliNotifPanelController: onNotificationEntryRemove: 0|com.android.vending|-234430262|null|10276
03-11 23:41:14.490  5625  6286 D SCliNotifPanelController: onNotificationGroupRemove: com.android.vending_u0
03-11 23:41:14.490  5625  6286 D SCliNotifPanelController: onNotificationEntryRemove: 0|com.google.android.googlequicksearchbox|0|-1929155362::a:snotification:[0x7210bfcd4aa85eab,stories.f,NOTIFICATION]|10292
03-11 23:41:14.490  5625  6286 D SCliNotifPanelController: onNotificationGroupRemove: com.google.android.googlequicksearchbox_u0
03-11 23:41:14.494  4118  4143 I KEVA.NATIVE: process_lock_offset increase to 130, old 0, count 67
03-11 23:41:14.498  4118  4416 W System.err: FlagsHookHelper: skip hook flags method getInstanceHook
03-11 23:41:14.499  2224  5062 W C2BqBuffer: last successful dequeue was 17838129 us ago, 125 consecutive failures
03-11 23:41:14.499  3163  5215 I MR2ServiceImpl: Updating composite discovery preference | preference: RouteDiscoveryRequest{ preferredFeatures={}, activeScan=false }, active routers: []
03-11 23:41:14.499  3163  3163 D MotoFaceProvider: Receive screen off intent
03-11 23:41:14.502  3163  3352 D PowerManagerService: handleSandman ignore 0
03-11 23:41:14.507  3163  3231 W AccessibilityWindowsPopulator: The displayInfo of this displayId (0) called back from the surface fligner is null
03-11 23:41:14.508  3163  3352 D PowerManagerService: handleSandman ignore 0
03-11 23:41:14.509  5625  5625 W libc    : Access denied finding property "vendor.display.enable_optimal_refresh_rate"
03-11 23:41:14.509  5625  5625 W libc    : Access denied finding property "vendor.gpp.create_frc_extension"
03-11 23:41:14.519  4118  4330 W NaviWarn: StackPtr is not 8-byte aligned.
03-11 23:41:14.519  3163  5158 D WifiStaIfaceHidlImpl: getCachedScanData is not implemented by HIDL
03-11 23:41:14.520  3163  5853 W AccessibilityWindowsPopulator: The displayInfo of this displayId (0) called back from the surface fligner is null
03-11 23:41:14.521  3163  5853 W AccessibilityWindowsPopulator: The displayInfo of this displayId (0) called back from the surface fligner is null
03-11 23:41:14.521  3163  3352 D PowerManagerService: handleSandman ignore 0
03-11 23:41:14.530  3163  6975 I DreamManagerService: startDozing by com.android.systemui callingUid=10394 callingPid=5625
03-11 23:41:14.530  3163  6975 D DreamManagerService: Dream requested to start dozing: android.os.Binder@2b19637, screenState=2, screenBrightness=-1, reason=DREAM_MANAGER_LID_SWITCH
03-11 23:41:14.530 10834 32664 I DeviceStatusMonitor: DeviceStatusMonitor.handleBroadcast():138 onReceive() : Action = android.intent.action.SCREEN_OFF
03-11 23:41:14.531  4118  4118 I System.out: SAFActivity V Scene Framework: NavigationMessageQueue postSync run current task finish 14_Y.ARunnableS108S0200000_32@d0e84
03-11 23:41:14.531 10834 32664 I DeviceStatusMonitor: DeviceStatusMonitor.updateCountryInfo():154 updateCountryInfo(), notifyAnyway = false
03-11 23:41:14.531  4118  4118 I System.out: SAFActivity V Scene Framework: NavigationMessageQueue postSync finish
03-11 23:41:14.531 10834 10834 I Module  : DeviceLockedStatusModuleProvider$Module.updateDeviceLockedStatus():103 repeatCheckTimes = 0, locked = false
03-11 23:41:14.531  4118  4118 I System.out: SceneSafeLifecycleDispatcher: onStopped End STOP
03-11 23:41:14.531  4118  4118 I System.out: SAFActivity: com.ss.android.ugc.aweme.main.MainActivity@f1da2ab,  onStop End
03-11 23:41:14.531 10834 10834 I InputBundle: InputBundle.consumeEvent():1029 Skip consuming an event as imeStatus is INACTIVE
03-11 23:41:14.532  3163  6975 D PowerManagerService: nativeSetAutoSuspend enable:false duration ms: 1
03-11 23:41:14.533  3163  6975 D PowerManagerService: nativeAcquireSuspendBlocker name:PowerManagerService.Display duration ms: 0
03-11 23:41:14.533  5625  5625 I vol.VolumeDialogImpl: dismissH reason = posture_changed mDialog.isShowing(): false
03-11 23:41:14.533  5625  5625 D KeyguardViewMediator: KeyguardViewMediator queue processing message: NOTIFY_FINISHED_GOING_TO_SLEEP
03-11 23:41:14.533  3163  3352 D PowerManagerService: handleSandman ignore 0
03-11 23:41:14.534  3163  3352 I WindowManager: Display 1 turning on...
03-11 23:41:14.534  3163  3352 I DisplayBrightnessStrategySelector: Changing the DisplayBrightnessStrategy from ScreenOffBrightnessStrategy to InvalidBrightnessStrategy for display 1
03-11 23:41:14.535  3163  3229 W WindowManager: All windows drawn on display 1
03-11 23:41:14.535  3163  3352 V DisplayPowerController2[1]: Brightness [0.12496735] reason changing to: 'manual', previous reason: 'screen_off'.
03-11 23:41:14.536  3163  3352 I DisplayPowerController2[1]: 03-11 23:41:14.535 - BrightnessEvent: disp=1, physDisp=local:4630947043778501763, displayState=ON, displayPolicy=DOZE, brt=0.12496735, initBrt=0.0, rcmdBrt=NaN, preBrt=NaN, lux=0.0, preLux=0.0, brtNits=22.08522, hdrNits=NaN, initNits=3.3701954, preNits=NaN, rcmdNits=NaN, hdrBrightness=NaN, brt(%)=16%, brtInt=33, hbmPolicy=normal, hbmMax=0.7660316, hbmMode=off, rbcStrength=-1, thrmMax=1.0, powerFactor=1.0, wasShortTermModelActive=false, flags=, reason=manual, autoBrightness=true, strategy=InvalidBrightnessStrategy, autoBrightnessMode=default
03-11 23:41:14.536  3163  5308 D PowerManagerService: nativeSetPowerMode ret:false mode:9 enabled:false duration ms: 1
03-11 23:41:14.536  3163  5308 D TouchHwAidlService: setCliDisplayState: mCliScreenOff=false
03-11 23:41:14.536  3163  5308 D LocalDisplayAdapter: setDisplayPowerMode mode=2 for display=android.os.BinderProxy@433f576
03-11 23:41:14.537  4118  4118 I System.out: SAFActivity: com.ss.android.ugc.aweme.main.MainActivity@f1da2ab,  onSaveInstanceState Start
03-11 23:41:14.537  5625  5625 I Channel.Remote: [de8362611079428da312381e6bb8b50c|com.motorola.personalize] Keep channel connection alive true by 4
03-11 23:41:14.539  5625  5625 I vol.VolumeDialogImpl: mDialog.dismiss() reason: screen_off from: com.android.systemui.volume.VolumeDialogImpl$10.onScreenOff:4 displayId: 0 mShowing: false mIsAnimatingDismiss: false
03-11 23:41:14.540  4118  4118 I System.out: SceneSafeLifecycleDispatcher: onSaveInstanceState Start
03-11 23:41:14.540  4118  4118 I System.out: SAFFragmentRootScene: onSaveInstanceState Start (SAFFragmentRootScene{42e71dd})
03-11 23:41:14.540  4118  4118 I System.out: SceneSafeLifecycleDispatcher: onSaveInstanceState End STOP
03-11 23:41:14.540  4118  4118 I System.out: SAFActivity: com.ss.android.ugc.aweme.main.MainActivity@f1da2ab,  onSaveInstanceState End
03-11 23:41:14.551  3163  7023 D SystemServerTiming: getUserSwitchability-0
03-11 23:41:14.551  3163  7023 D SystemServerTiming: TM.isInCall
03-11 23:41:14.551  3163  7023 D SystemServerTiming: hasUserRestriction-DISALLOW_USER_SWITCH
03-11 23:41:14.551  3163  7023 D SystemServerTiming: getInt-ALLOW_USER_SWITCHING_WHEN_SYSTEM_USER_LOCKED
03-11 23:41:14.551  3163  7023 D SystemServerTiming: isUserUnlocked-USER_SYSTEM
03-11 23:41:14.556  5625  5640 I Channel.Remote: [binder:5625_2] [de8362611079428da312381e6bb8b50c|com.motorola.personalize][870] received remote channel service seq:870 results
03-11 23:41:14.557  7540 15541 I BatteryCare: [SmartBackground] [DGMC::AccelerateSmartCleanReceiver] action received: android.intent.action.SCREEN_OFF
03-11 23:41:14.560  4118  4236 D Surface : Surface::disconnect
03-11 23:41:14.561  4118  4236 D BufferQueueProducer: [com.zhiliaoapp.musically/com.ss.android.ugc.aweme.splash.SplashActivity#111291(BLAST Consumer)pid:4118](id:101600000007,api:1,p:4118,c:4118) disconnect: api 1
03-11 23:41:14.561  2300  2300 D SurfaceFlinger: setDesiredDisplayModeSpecs[{0, false, PR={p[24.00-120.00]Hz, r[24.00-60.00]Hz}, AR={p[0.00-120.00]Hz, r[0.00-60.00]Hz}}]: by process 3163 uid 1000 for display 4630947043778501762
03-11 23:41:14.563  3163  3231 I DisplayDeviceRepository: Display device changed state: "HDMI Screen", ON
03-11 23:41:14.564  3163  6975 D SystemServerTiming: getUserSwitchability-0
03-11 23:41:14.564  3163  6975 D SystemServerTiming: TM.isInCall
03-11 23:41:14.564  3163  4132 D SystemServerTiming: getUserSwitchability-0
03-11 23:41:14.564  3163  4132 D SystemServerTiming: TM.isInCall
03-11 23:41:14.564  3163  6975 D SystemServerTiming: hasUserRestriction-DISALLOW_USER_SWITCH
03-11 23:41:14.564  3163  6975 D SystemServerTiming: getInt-ALLOW_USER_SWITCHING_WHEN_SYSTEM_USER_LOCKED
03-11 23:41:14.565  3163  6975 D SystemServerTiming: isUserUnlocked-USER_SYSTEM
03-11 23:41:14.566  3163  4132 D SystemServerTiming: hasUserRestriction-DISALLOW_USER_SWITCH
03-11 23:41:14.566  3163  4132 D SystemServerTiming: getInt-ALLOW_USER_SWITCHING_WHEN_SYSTEM_USER_LOCKED
03-11 23:41:14.566  3163  4132 D SystemServerTiming: isUserUnlocked-USER_SYSTEM
03-11 23:41:14.567  5625  5625 I Typeface: mototime=Rookery-Stacked;moto_time;5625
03-11 23:41:14.567  3163  3231 I InputManager-JNI: Viewport [0] to add: local:4630947043778501762, isActive: false
03-11 23:41:14.567  3163  3231 I InputManager-JNI: Viewport [1] to add: local:4630947043778501763, isActive: true
03-11 23:41:14.567  3163  4285 I InputReader: Reconfiguring input devices, changes=DISPLAY_INFO
03-11 23:41:14.567  3163  4285 I InputReader: Disabling goodix_ts (device 7) because the associated viewport is not active
03-11 23:41:14.567  3163  4285 I InputReader: Device reconfigured: id=6, name='zinitix_mt', size 194x368, orientation Rotation0, mode DIRECT, display id 1
03-11 23:41:14.568  3163  8301 E WindowManager: Dream packageName does not match active dream. Package io.appium.uiautomator2.server does not match ComponentInfo{com.android.systemui/com.android.systemui.doze.DozeService}
03-11 23:41:14.568  3163  3227 D TouchHwAidlService: updateCliDisplayState: mCliScreenOn=true
03-11 23:41:14.569  3163  7402 E WindowManager: Dream packageName does not match active dream. Package io.appium.settings does not match ComponentInfo{com.android.systemui/com.android.systemui.doze.DozeService}
03-11 23:41:14.569  3163  7451 E WindowManager: Dream packageName does not match active dream. Package com.google.android.gsf does not match ComponentInfo{com.android.systemui/com.android.systemui.doze.DozeService}
03-11 23:41:14.569  3163  7451 E WindowManager: Dream packageName does not match active dream. Package com.google.android.gms does not match ComponentInfo{com.android.systemui/com.android.systemui.doze.DozeService}
03-11 23:41:14.569  3163  3232 I DisplayDevice: [1] Layerstack set to 1 for local:4630947043778501763 mDisplayToken=android.os.BinderProxy@433f576 t=Transaction{mNativeObject=-5476376673043392304, mHashCode=0}
03-11 23:41:14.569  3163  6975 E WindowManager: Dream packageName does not match active dream. Package com.google.android.inputmethod.latin does not match ComponentInfo{com.android.systemui/com.android.systemui.doze.DozeService}
03-11 23:41:14.570  3163  3229 V WindowManager: Content Recording: Display 1 state was (1), is now (2), so update recording?
03-11 23:41:14.570  3163  3229 D CLI/Transition: displaygroup 1, state ON, pendingdisplaygroup -1
03-11 23:41:14.570  3163  4132 E WindowManager: Dream packageName does not match active dream. Package com.motorola.motocare does not match ComponentInfo{com.android.systemui/com.android.systemui.doze.DozeService}
03-11 23:41:14.570  3163  3231 W AccessibilityWindowsPopulator: The displayInfo of this displayId (0) called back from the surface fligner is null
03-11 23:41:14.570  3163  5216 E WindowManager: Dream packageName does not match active dream. Package com.motorola.mobiledesktop.core does not match ComponentInfo{com.android.systemui/com.android.systemui.doze.DozeService}
03-11 23:41:14.571  3163  3231 D PanelsService: updateCliDisplayState: mCliScreenState=ON
03-11 23:41:14.571  3163  7402 E WindowManager: Dream packageName does not match active dream. Package com.motorola.mobiledesktop does not match ComponentInfo{com.android.systemui/com.android.systemui.doze.DozeService}
03-11 23:41:14.572  5493  6013 W HWUI    : Surface doesn't have any previously queued frames, nothing to readback from
03-11 23:41:14.572  7545  7545 I FileStationLog: [ FS_h$a ] - [Display] Changed display: 1
03-11 23:41:14.572  3163  7402 E WindowManager: Dream packageName does not match active dream. Package com.zhiliaoapp.musically does not match ComponentInfo{com.android.systemui/com.android.systemui.doze.DozeService}
03-11 23:41:14.572  5625  5625 I Typeface: mototime=Rookery-Stacked;moto_time;5625
03-11 23:41:14.572  5625  5625 D LockScreen_Plugin: notifyAttributesChanged: pluginCallback = com.android.systemui.shared.plugins.MotoLsClockFacePlugin$PluginCallback@db2e267, data = Bundle[{clock_face_time=moto_time, clock_face_color=-1}]
03-11 23:41:14.572  5625  5625 V MotoLsClockFacePlugin: onClockFaceColorChange: 0xffffffff
03-11 23:41:14.572  5625  5625 V MotoLsClockFacePlugin: onClockFontChanged
03-11 23:41:14.572  3163  7451 E WindowManager: Dream packageName does not match active dream. Package com.google.android.ext.services does not match ComponentInfo{com.android.systemui/com.android.systemui.doze.DozeService}
03-11 23:41:14.572  3163  4132 E WindowManager: Dream packageName does not match active dream. Package com.motorola.livewallpaper3.prebuilt.vanilla_reflection does not match ComponentInfo{com.android.systemui/com.android.systemui.doze.DozeService}
03-11 23:41:14.574  3163  7024 E WindowManager: Dream packageName does not match active dream. Package com.dolby.daxservice does not match ComponentInfo{com.android.systemui/com.android.systemui.doze.DozeService}
03-11 23:41:14.574  3163  3163 I BrightnessSynchronizer: New Update: {[14258] 0.17112659(f), mUpdatedTypes=1, mConfirmedTypes=0, mTimeUpdated=0, mState=2}
03-11 23:41:14.574  3163  3163 I BrightnessSynchronizer: [14258] New Update 0.17112659(f) set brightness values:  44(i)
03-11 23:41:14.575  3163  3231 W ServiceManagerCppClient: Failed to get isDeclared for com.motorola.hardware.display.panel.IDisplayPanel/default: Status(-1, EX_SECURITY): 'SELinux denied.'
03-11 23:41:14.575  3163  3231 D DisplayPanelService: Setting panel dc mode: 0
03-11 23:41:14.575  2090  2090 I DisplayPanel: setDcMode: DC mode = OFF
03-11 23:41:14.575  2090  2090 D DisplayPanel: setParam: Success set DC to 0 for Primary display
03-11 23:41:14.575  3163  3163 I BrightnessSynchronizer: Swallowing update of 44(i) by update: {[14258] 0.17112659(f), mUpdatedTypes=1, mConfirmedTypes=1, mTimeUpdated=123966365, mState=2}
03-11 23:41:14.575  3163  3163 I BrightnessSynchronizer: Completed Update: {[14258] 0.17112659(f), mUpdatedTypes=1, mConfirmedTypes=1, mTimeUpdated=123966365, mState=3}
03-11 23:41:14.583 10834 10834 I PkDeviceHelper: PkDeviceHelper.refreshDevices():93 refreshing devices
03-11 23:41:14.588  5625  5625 D BiometricsRepositoryImpl: currentUser authFlags changed, new value: AuthenticationFlags(userId=0, flag=0)
03-11 23:41:14.589  5625  5625 D BiometricsRepositoryImpl: currentUser authFlags changed, new value: AuthenticationFlags(userId=0, flag=0)
03-11 23:41:14.590  5625  5625 D BiometricsRepositoryImpl: currentUser authFlags changed, new value: AuthenticationFlags(userId=0, flag=0)
03-11 23:41:14.590  5625  5625 D BiometricsRepositoryImpl: currentUser authFlags changed, new value: AuthenticationFlags(userId=0, flag=0)
03-11 23:41:14.593  5625  5625 D BiometricsRepositoryImpl: currentUser authFlags changed, new value: AuthenticationFlags(userId=0, flag=0)
03-11 23:41:14.593  5625  5625 D BiometricsRepositoryImpl: currentUser authFlags changed, new value: AuthenticationFlags(userId=0, flag=0)
03-11 23:41:14.597  3163  4132 E WindowManager: Dream packageName does not match active dream. Package com.motorola.launcher3 does not match ComponentInfo{com.android.systemui/com.android.systemui.doze.DozeService}
03-11 23:41:14.600 15389 15389 I OverviewComponentObserver: updateOverviewTargets: mIsHomeDisabled=true, isDefaultHomeNull=false, mIsDefaultHome=true
03-11 23:41:14.603  5625  5920 D ControlsListingControllerImpl: Subscribing callback, service count: 1
03-11 23:41:14.603  5625  5920 D ControlsListingControllerImpl: Subscribing callback, service count: 1
03-11 23:41:14.603  5625  5920 D ControlsListingControllerImpl: Subscribing callback, service count: 1
03-11 23:41:14.605 28905 29391 I NearbyDiscovery: (REDACTED) FastPairHandler: Received action %s
03-11 23:41:14.605 28905 29391 I NearbyDiscovery: (REDACTED) PureOffloadFastPairScanner: eventType=%s, isInternalReq=%s, isScanning=%s, isScanningAllowed=%s
03-11 23:41:14.605 28905 29391 I NearbyDiscovery: (REDACTED) ApFastPairScanner: isScreenOn=%s, isLocationEnabled=%s, disableLocationRequirement=%s, isDiscoveryScanningEnabled=%s, during24GhzWifiWarmingUpPeriod=%s
03-11 23:41:14.605 28905 29391 D BluetoothAdapter: isLeEnabled(): ON
03-11 23:41:14.605 28905 29391 I NearbyDiscovery: (REDACTED) ApFastPairScanner: eventType=%s, intReq=%s, scanning=%s, scanAllowed=%s, bleEnabled=%s, lockScanRate=%s, startScanningByLowPowerMode=%s
03-11 23:41:14.605 28905 29391 I NearbyDiscovery: FastPairController: onSystemStateChanged: skip due to flag disabled [CONTEXT service_id=265 ]
03-11 23:41:14.608 28905 27796 W GmsStrictMode: DISK_READ [CONTEXT service_id=256 ]
03-11 23:41:14.608 28905 27796 W GmsStrictMode: gull: 
03-11 23:41:14.608 28905 27796 W GmsStrictMode: Caused by: android.os.strictmode.DiskReadViolation
03-11 23:41:14.608 28905 27796 W GmsStrictMode: 	at android.os.StrictMode$AndroidBlockGuardPolicy.onReadFromDisk(StrictMode.java:1700)
03-11 23:41:14.608 28905 27796 W GmsStrictMode: 	at libcore.io.BlockGuardOs.access(BlockGuardOs.java:74)
03-11 23:41:14.608 28905 27796 W GmsStrictMode: 	at libcore.io.ForwardingOs.access(ForwardingOs.java:128)
03-11 23:41:14.608 28905 27796 W GmsStrictMode: 	at android.app.ActivityThread$AndroidOs.access(ActivityThread.java:8794)
03-11 23:41:14.608 28905 27796 W GmsStrictMode: 	at java.io.UnixFileSystem.checkAccess(UnixFileSystem.java:332)
03-11 23:41:14.608 28905 27796 W GmsStrictMode: 	at java.io.File.exists(File.java:829)
03-11 23:41:14.608 28905 27796 W GmsStrictMode: 	at android.app.ContextImpl.getDataDir(ContextImpl.java:3357)
03-11 23:41:14.608 28905 27796 W GmsStrictMode: 	at android.app.ContextImpl.getPreferencesDir(ContextImpl.java:768)
03-11 23:41:14.608 28905 27796 W GmsStrictMode: 	at android.app.ContextImpl.getSharedPreferencesPath(ContextImpl.java:995)
03-11 23:41:14.608 28905 27796 W GmsStrictMode: 	at android.app.ContextImpl.getSharedPreferences(ContextImpl.java:610)
03-11 23:41:14.608 28905 27796 W GmsStrictMode: 	at android.content.ContextWrapper.getSharedPreferences(ContextWrapper.java:223)
03-11 23:41:14.608 28905 27796 W GmsStrictMode: 	at android.content.ContextWrapper.getSharedPreferences(ContextWrapper.java:223)
03-11 23:41:14.608 28905 27796 W GmsStrictMode: 	at clws.a(:com.google.android.gms@260931035@26.09.31 (260400-877989800):67)
03-11 23:41:14.608 28905 27796 W GmsStrictMode: 	at byqm.getSharedPreferences(:com.google.android.gms@260931035@26.09.31 (260400-877989800):5)
03-11 23:41:14.608 28905 27796 W GmsStrictMode: 	at android.content.ContextWrapper.getSharedPreferences(ContextWrapper.java:223)
03-11 23:41:14.608 28905 27796 W GmsStrictMode: 	at android.content.ContextWrapper.getSharedPreferences(ContextWrapper.java:223)
03-11 23:41:14.608 28905 27796 W GmsStrictMode: 	at cudl.a(:com.google.android.gms@260931035@26.09.31 (260400-877989800):1)
03-11 23:41:14.608 28905 27796 W GmsStrictMode: 	at cudo.a(:com.google.android.gms@260931035@26.09.31 (260400-877989800):145)
03-11 23:41:14.608 28905 27796 W GmsStrictMode: 	at fhsw.<init>(:com.google.android.gms@260931035@26.09.31 (260400-877989800):9)
03-11 23:41:14.608 28905 27796 W GmsStrictMode: 	at fgfq.<init>(:com.google.android.gms@260931035@26.09.31 (260400-877989800):14)
03-11 23:41:14.608 28905 27796 W GmsStrictMode: 	at fgfy.onCreate(:com.google.android.gms@260931035@26.09.31 (260400-877989800):18)
03-11 23:41:14.608 28905 27796 W GmsStrictMode: 	at fhsx.onCreate(:com.google.android.gms@260931035@26.09.31 (260400-877989800):7)
03-11 23:41:14.608 28905 27796 W GmsStrictMode: 	at aamo.onCreate(:com.google.android.gms@260931035@26.09.31 (260400-877989800):18)
03-11 23:41:14.608 28905 27796 W GmsStrictMode: 	at bblm.onCreate(:com.google.android.gms@260931035@26.09.31 (260400-877989800):19)
03-11 23:41:14.608 28905 27796 W GmsStrictMode: 	at android.app.ActivityThread.handleCreateService(ActivityThread.java:5107)
03-11 23:41:14.608 28905 27796 W GmsStrictMode: 	at android.app.ActivityThread.-$$Nest$mhandleCreateService(Unknown Source:0)
03-11 23:41:14.608 28905 27796 W GmsStrictMode: 	at android.app.ActivityThread$H.handleMessage(ActivityThread.java:2555)
03-11 23:41:14.608 28905 27796 W GmsStrictMode: 	at android.os.Handler.dispatchMessage(Handler.java:112)
03-11 23:41:14.608 28905 27796 W GmsStrictMode: 	at android.os.Looper.loopOnce(Looper.java:268)
03-11 23:41:14.608 28905 27796 W GmsStrictMode: 	at android.os.Looper.loop(Looper.java:384)
03-11 23:41:14.608 28905 27796 W GmsStrictMode: 	at android.app.ActivityThread.main(ActivityThread.java:8921)
03-11 23:41:14.608 28905 27796 W GmsStrictMode: 	at java.lang.reflect.Method.invoke(Native Method)
03-11 23:41:14.608 28905 27796 W GmsStrictMode: 	at com.android.internal.os.RuntimeInit$MethodAndArgsCaller.run(RuntimeInit.java:580)
03-11 23:41:14.608 28905 27796 W GmsStrictMode: 	at com.android.internal.os.ZygoteInit.main(ZygoteInit.java:907)
03-11 23:41:14.608 28905 27796 W GmsStrictMode: DISK_READ [CONTEXT service_id=256 ]
03-11 23:41:14.608 28905 27796 W GmsStrictMode: gull: 
03-11 23:41:14.608 28905 27796 W GmsStrictMode: Caused by: android.os.strictmode.DiskReadViolation
03-11 23:41:14.608 28905 27796 W GmsStrictMode: 	at android.os.StrictMode$AndroidBlockGuardPolicy.onReadFromDisk(StrictMode.java:1700)
03-11 23:41:14.608 28905 27796 W GmsStrictMode: 	at libcore.io.BlockGuardOs.access(BlockGuardOs.java:74)
03-11 23:41:14.608 28905 27796 W GmsStrictMode: 	at libcore.io.ForwardingOs.access(ForwardingOs.java:128)
03-11 23:41:14.608 28905 27796 W GmsStrictMode: 	at android.app.ActivityThread$AndroidOs.access(ActivityThread.java:8794)
03-11 23:41:14.608 28905 27796 W GmsStrictMode: 	at java.io.UnixFileSystem.checkAccess(UnixFileSystem.java:332)
03-11 23:41:14.608 28905 27796 W GmsStrictMode: 	at java.io.File.exists(File.java:829)
03-11 23:41:14.608 28905 27796 W GmsStrictMode: 	at android.app.ContextImpl.ensurePrivateDirExists(ContextImpl.java:823)
03-11 23:41:14.608 28905 27796 W GmsStrictMode: 	at android.app.ContextImpl.ensurePrivateDirExists(ContextImpl.java:814)
03-11 23:41:14.608 28905 27796 W GmsStrictMode: 	at android.app.ContextImpl.getPreferencesDir(ContextImpl.java:770)
03-11 23:41:14.608 28905 27796 W GmsStrictMode: 	at android.app.ContextImpl.getSharedPreferencesPath(ContextImpl.java:995)
03-11 23:41:14.608 28905 27796 W GmsStrictMode: 	at android.app.ContextImpl.getSharedPreferences(ContextImpl.java:610)
03-11 23:41:14.608 28905 27796 W GmsStrictMode: 	at android.content.ContextWrapper.getSharedPreferences(ContextWrapper.java:223)
03-11 23:41:14.608 28905 27796 W GmsStrictMode: 	at android.content.ContextWrapper.getSharedPreferences(ContextWrapper.java:223)
03-11 23:41:14.608 28905 27796 W GmsStrictMode: 	at clws.a(:com.google.android.gms@260931035@26.09.31 (260400-877989800):67)
03-11 23:41:14.608 28905 27796 W GmsStrictMode: 	at byqm.getSharedPreferences(:com.google.android.gms@260931035@26.09.31 (260400-877989800):5)
03-11 23:41:14.608 28905 27796 W GmsStrictMode: 	at android.content.ContextWrapper.getSharedPreferences(ContextWrapper.java:223)
03-11 23:41:14.608 28905 27796 W GmsStrictMode: 	at android.content.ContextWrapper.getSharedPreferences(ContextWrapper.java:223)
03-11 23:41:14.608 28905 27796 W GmsStrictMode: 	at cudl.a(:com.google.android.gms@260931035@26.09.31 (260400-877989800):1)
03-11 23:41:14.608 28905 27796 W GmsStrictMode: 	at cudo.a(:com.google.android.gms@260931035@26.09.31 (260400-877989800):145)
03-11 23:41:14.608 28905 27796 W GmsStrictMode: 	at fhsw.<init>(:com.google.android.gms@260931035@26.09.31 (260400-877989800):9)
03-11 23:41:14.608 28905 27796 W GmsStrictMode: 	at fgfq.<init>(:com.google.android.gms@260931035@26.09.31 (260400-877989800):14)
03-11 23:41:14.608 28905 27796 W GmsStrictMode: 	at fgfy.onCreate(:com.google.android.gms@260931035@26.09.31 (260400-877989800):18)
03-11 23:41:14.608 28905 27796 W GmsStrictMode: 	at fhsx.onCreate(:com.google.android.gms@260931035@26.09.31 (260400-877989800):7)
03-11 23:41:14.608 28905 27796 W GmsStrictMode: 	at aamo.onCreate(:com.google.android.gms@260931035@26.09.31 (260400-877989800):18)
03-11 23:41:14.608 28905 27796 W GmsStrictMode: 	at bblm.onCreate(:com.google.android.gms@260931035@26.09.31 (260400-877989800):19)
03-11 23:41:14.608 28905 27796 W GmsStrictMode: 	at android.app.ActivityThread.handleCreateService(ActivityThread.java:5107)
03-11 23:41:14.608 28905 27796 W GmsStrictMode: 	at android.app.ActivityThread.-$$Nest$mhandleCreateService(Unknown Source:0)
03-11 23:41:14.608 28905 27796 W GmsStrictMode: 	at android.app.ActivityThread$H.handleMessage(ActivityThread.java:2555)
03-11 23:41:14.608 28905 27796 W GmsStrictMode: 	at android.os.Handler.dispatchMessage(Handler.java:112)
03-11 23:41:14.608 28905 27796 W GmsStrictMode: 	at android.os.Looper.loopOnce(Looper.java:268)
03-11 23:41:14.608 28905 27796 W GmsStrictMode: 	at android.os.Looper.loop(Looper.java:384)
03-11 23:41:14.608 28905 27796 W GmsStrictMode: 	at android.app.ActivityThread.main(ActivityThread.java:8921)
03-11 23:41:14.608 28905 27796 W GmsStrictMode: 	at java.lang.reflect.Method.invoke(Native Method)
03-11 23:41:14.608 28905 27796 W GmsStrictMode: 	at com.android.internal.os.RuntimeInit$MethodAndArgsCaller.run(RuntimeInit.java:580)
03-11 23:41:14.608 28905 27796 W GmsStrictMode: 	at com.android.internal.os.ZygoteInit.main(ZygoteInit.java:907)
03-11 23:41:14.610 15389 15389 D StateManager: goToState - fromState: Normal, toState: Normal, partial trace:
03-11 23:41:14.610 15389 15389 D StateManager: 	at com.android.launcher3.Launcher.onScreenOnChanged(Launcher.java:3017)
03-11 23:41:14.610 15389 15389 D StateManager: 	at com.android.launcher3.Launcher$$ExternalSyntheticLambda25.onScreenOnChanged(D8$$SyntheticClass:0)
03-11 23:41:14.610 15389 15389 D StateManager: 	at com.android.launcher3.util.ScreenOnTracker.lambda$dispatchScreenOnChanged$0(ScreenOnTracker.java:67)
03-11 23:41:14.612  7314  7314 D GameMode: onStartedActivityChange: componnent: ComponentInfo{com.zhiliaoapp.musically/com.ss.android.ugc.aweme.splash.SplashActivity} entered launcher screen? false
03-11 23:41:14.613  2064  2064 I sensors-hal: batch:206, com.motorola.sensor.stowed/65568, period=200000000, max_latency=0
03-11 23:41:14.613  2064  2064 I sensors-hal: set_config:61, no need to adjust sample_period_ns due to reporting_mode = 2
03-11 23:41:14.613  2064  2064 I sensors-hal: batch:215, com.motorola.sensor.stowed/65568, period=200000000, max_latency=0 request completed
03-11 23:41:14.613  3163  7023 E WindowManager: Dream packageName does not match active dream. Package com.motorola.mobiledesktop.core does not match ComponentInfo{com.android.systemui/com.android.systemui.doze.DozeService}
03-11 23:41:14.615  4118  4118 I cr_ChildProcLH: ScopedServiceBindingBatch.tryActivate: false
03-11 23:41:14.619 28905 27796 W QAWalletSvc: No wallet cards to return. [CONTEXT service_id=79 ]
03-11 23:41:14.619 28905  1638 W QAWalletSvc: No wallet cards to return. [CONTEXT service_id=79 ]
03-11 23:41:14.619 28905 27794 W QAWalletSvc: No wallet cards to return. [CONTEXT service_id=79 ]
03-11 23:41:14.620  5625  5920 E QuickAccessWalletKeyguardQuickAffordanceConfig: Wallet card retrieval error, message: "Unable to load your payment info"
03-11 23:41:14.620  5625  5920 E QuickAccessWalletKeyguardQuickAffordanceConfig: Wallet card retrieval error, message: "Unable to load your payment info"
03-11 23:41:14.620  5625  5920 E QuickAccessWalletKeyguardQuickAffordanceConfig: Wallet card retrieval error, message: "Unable to load your payment info"
03-11 23:41:14.620  4118  4118 I cr_CombinedPProvider: #registerProvider() provider:WV.qk@45b4064 isPolicyCacheEnabled:false policyProvidersSize:0
03-11 23:41:14.623  4118  4466 W System.err: FlagsHookHelper: skip hook flags method getInstanceHook
03-11 23:41:14.625  4118  4118 I cr_PolicyProvider: #setManagerAndSource() 0
03-11 23:41:14.625  7545  7545 I FileStationLog: [ FS_h$a ] - [Display] Ignoring change for non-default/desktop display: 1
03-11 23:41:14.626  7545  7545 I FileStationLog: [ FileStationManager ] - screenIsOn: false, hasWindowShowed: false
03-11 23:41:14.626  7545  7545 I MotoDesktopLog: [ FileStationLog ] - broadcastMessage - cmd : 2008
03-11 23:41:14.627  2300  2300 D SurfaceFlinger: Setting power mode 2 on display 4630947043778501763
03-11 23:41:14.633  2300  2300 I Scheduler: Display 4630947043778501763 is the pacesetter
03-11 23:41:14.633  2300  2300 I Scheduler: promotePacesetterDisplayLocked, mAcceptScrollEvent=1
03-11 23:41:14.633  2300  2300 I Scheduler: promotePacesetterDisplayLocked, mAcceptTouchNotBoostEvent=0
03-11 23:41:14.637  4118  4118 I cr_DisplayManager: Is Display Topology available: false
03-11 23:41:14.637  2300  2300 D SurfaceFlinger: Setting desired display mode specs: {0, false, PR={p[24.00-120.00]Hz, r[24.00-120.00]Hz}, AR={p[0.00-120.00]Hz, r[0.00-120.00]Hz}} for display 4630947043778501763
03-11 23:41:14.645  2300  2300 I SurfaceFlinger: Switching to Scheduler preferred mode 0 (60.00 Hz) for display 4630947043778501763
03-11 23:41:14.645  2300  2300 W ComposerExtn: DisplayExtnImpl::SetActiveConfig: HWC Display 2 is not registered!
03-11 23:41:14.646  2300  2300 D DisplayModeController: setDesiredMode 4630947043778501763 {mode={fps=60.00 Hz, modePtr={id=0, vsyncRate=60.00 Hz, peakRefreshRate=60.00 Hz}}, emitEvent=true, force=false}
03-11 23:41:14.646  2195  2392 I SDM     : DisplayBase::SetDisplayState: Set state = 1, display 76-0, teardown = 0
03-11 23:41:14.646  2195  2392 I SDM     : HWDeviceDRM::NullCommit: Null commit succeeded crtc=203
03-11 23:41:14.654  3163  4132 V GrammaticalInflectionUtils: AttributionSource: android.content.AttributionSource@378533c6 does not have READ_SYSTEM_GRAMMATICAL_GENDER permission.
03-11 23:41:14.659  2064  4171 D slpi-TMD2712: tmd2712: Prox pdata 4, offset1:70, full: 722, NearBy: 0, Lth:54, Hth:85,off_l 70. off_h 0, th_l 1, th_h 85
03-11 23:41:14.661  4118  4330 W NaviWarn: StackPtr is not 8-byte aligned.
03-11 23:41:14.668 25188 25188 D Zygote  : Forked child process 5935
03-11 23:41:14.670  3163  3252 I ActivityManager: Start proc 5935:com.google.android.webview:sandboxed_process0:org.chromium.content.app.SandboxedProcessService0:0/u0i774 for  {com.zhiliaoapp.musically/org.chromium.content.app.SandboxedProcessService0:0}
03-11 23:41:14.671  2064  4171 D slpi-TMD2712: tmd2712: Prox pdata 3, offset1:70, full: 718, NearBy: 0, Lth:54, Hth:85,off_l 70. off_h 0, th_l 1, th_h 85
03-11 23:41:14.676  5935  5935 E libc    : SetHeapTaggingLevel: re-enabling tagging after it was disabled is not supported
03-11 23:41:14.682  5935  5935 I ocessService0:0: Using CollectorTypeCMC GC.
03-11 23:41:14.686  5935  5935 E ocessService0:0: Not starting debugger since process cannot load the jdwp agent.
03-11 23:41:14.688  5935  5935 D nativeloader: Load libframework-connectivity-tiramisu-jni.so using APEX ns com_android_tethering for caller /apex/com.android.tethering/javalib/framework-connectivity-t.jar: ok
03-11 23:41:14.701  6942 24678 D ForegroundUtils: Foreground UID status: 10240, true; 10243, false; 10246, false; 10292, false; 10363, false; 10394, true; 10404, true; 10416, false; 10434, false; 10618, false; 
03-11 23:41:14.715  4118  4118 I cr_CombinedPProvider: #linkNativeInternal() 1
03-11 23:41:14.717  4118  4118 I cr_AppResProvider: #getApplicationRestrictionsFromUserManager() Bundle[EMPTY_PARCEL]
03-11 23:41:14.717  4118  4118 I cr_PolicyProvider: #notifySettingsAvailable() 0
03-11 23:41:14.717  4118  4118 I cr_CombinedPProvider: #onSettingsAvailable() 0
03-11 23:41:14.717  4118  4118 I cr_CombinedPProvider: #flushPolicies()
03-11 23:41:14.730  5935  5935 D ApplicationLoaders: Returning zygote-cached class loader: /system/framework/android.test.base.jar
03-11 23:41:14.730  5935  5935 D ApplicationLoaders: Returning zygote-cached class loader: /system_ext/framework/androidx.window.extensions.jar
03-11 23:41:14.769  2064  5885 I sensors-hal: handle_indication_realtime:467,  SCHED_FIFO(10) for qmi_cbk
03-11 23:41:14.771  5935  5935 I cr_WebViewApkApp: version=145.0.7632.159 (763215903) minSdkVersion=29 processName=com.google.android.webview:sandboxed_process0:org.chromium.content.app.SandboxedProcessService0:0 splits=<none>
03-11 23:41:14.775  5935  5935 I Typeface: updateThemeFont new=Rookery-Regular;old=sans-serif;new=Rookery-Stacked;old=
03-11 23:41:14.776  3163  4132 I ActivityManager: Flag disabled. Ignoring finishAttachApplication from uid: 99774. pid: 5935
03-11 23:41:14.791  5935  5935 I cr_ChildProcessService: Creating new ChildProcessService pid=5935
03-11 23:41:14.813  2224  5058 I QC2Comp : [hevcD_469] Stats: Pending(8) i/p-done(4) Works: Q: 185/Done 178|Work-Rate: Q(0.0/s Avg=7.2/s) Done(0.000/s Avg=6.969/s)| Stream: 20.00fps 21.8Kbps
03-11 23:41:14.813  2224  5058 I QC2Comp : [hevcD_469] Mem-usage:  [In-1D: 5 bufs 18.691 MB] [1D-745: 18 bufs 0.281 MB] [2D-746: 22 bufs 8.594 MB] | Total: 27.566 MB
03-11 23:41:14.817  2195  2392 I SDM     : PipeAllocSdma2::CalculatePipeNumToDedicate: num_vig: 0, num_dma: 1
03-11 23:41:14.817  2195  2392 I SDM     : DisplayBase::SetDisplayState: active 1-1 state 1-1 pending_power_state_ 0
03-11 23:41:14.818  2300  2300 W ComposerExtn: DisplayExtnImpl::SetEarlyWakeUpConfig: HWC Display 2 is not registered!
03-11 23:41:14.818  2300  2300 D SurfaceFlinger: Finished setting power mode 2 on display 4630947043778501763
03-11 23:41:14.818  2300  2300 D RefreshRateSelector: [90:120:0]: mTouchBoostRefreshRateAvailable=0, mScrollBoostRefreshRateAvailable=0, mTouchOnBlankNotBoostRefreshRateAvailable=0
03-11 23:41:14.818  3163  5308 D SurfaceControl: Excessive delay in setPowerMode()
03-11 23:41:14.818  3163  5308 W ServiceManagerCppClient: Failed to get isDeclared for com.motorola.hardware.display.panel.IDisplayPanel/default: Status(-1, EX_SECURITY): 'SELinux denied.'
03-11 23:41:14.818  3163  5308 D DisplayPanelService: Setting panel dc mode: 0
03-11 23:41:14.819  2090  2090 I DisplayPanel: setDcMode: DC mode = OFF
03-11 23:41:14.819  2090  2090 D DisplayPanel: setParam: Success set DC to 0 for Primary display
03-11 23:41:14.821  3163  3229 V WindowManager: Content Recording: Display 1 state was (2), is now (2), so update recording?
03-11 23:41:14.821  3163  3229 D CLI/Transition: displaygroup 1, state ON, pendingdisplaygroup -1
03-11 23:41:14.823  2300  2300 I BpBinder: onLastStrongRef automatically unlinking death recipients: 
03-11 23:41:14.823  3163  4132 E WindowManager: Dream packageName does not match active dream. Package io.appium.uiautomator2.server does not match ComponentInfo{com.android.systemui/com.android.systemui.doze.DozeService}
03-11 23:41:14.823  3163  3231 D DisplayManagerService: Ignore redundant display event 1/2 to 10276/18586
03-11 23:41:14.823  3163  3231 D DisplayManagerService: Ignore redundant display event 1/2 to 10416/20010
03-11 23:41:14.823  3163  7024 E WindowManager: Dream packageName does not match active dream. Package com.google.android.ext.services does not match ComponentInfo{com.android.systemui/com.android.systemui.doze.DozeService}
03-11 23:41:14.824  3163  7441 E WindowManager: Dream packageName does not match active dream. Package com.motorola.launcher3 does not match ComponentInfo{com.android.systemui/com.android.systemui.doze.DozeService}
03-11 23:41:14.824  3163  6975 E WindowManager: Dream packageName does not match active dream. Package com.dolby.daxservice does not match ComponentInfo{com.android.systemui/com.android.systemui.doze.DozeService}
03-11 23:41:14.824  3163  7454 E WindowManager: Dream packageName does not match active dream. Package com.motorola.mobiledesktop.core does not match ComponentInfo{com.android.systemui/com.android.systemui.doze.DozeService}
03-11 23:41:14.824  3163  7441 E WindowManager: Dream packageName does not match active dream. Package com.google.android.inputmethod.latin does not match ComponentInfo{com.android.systemui/com.android.systemui.doze.DozeService}
03-11 23:41:14.825  3163  5853 E WindowManager: Dream packageName does not match active dream. Package com.motorola.livewallpaper3.prebuilt.vanilla_reflection does not match ComponentInfo{com.android.systemui/com.android.systemui.doze.DozeService}
03-11 23:41:14.825  3163  7023 E WindowManager: Dream packageName does not match active dream. Package com.zhiliaoapp.musically does not match ComponentInfo{com.android.systemui/com.android.systemui.doze.DozeService}
03-11 23:41:14.825  3163  5216 E WindowManager: Dream packageName does not match active dream. Package io.appium.settings does not match ComponentInfo{com.android.systemui/com.android.systemui.doze.DozeService}
03-11 23:41:14.825  3163  8301 E WindowManager: Dream packageName does not match active dream. Package com.google.android.gsf does not match ComponentInfo{com.android.systemui/com.android.systemui.doze.DozeService}
03-11 23:41:14.826  3163  8301 E WindowManager: Dream packageName does not match active dream. Package com.google.android.gms does not match ComponentInfo{com.android.systemui/com.android.systemui.doze.DozeService}
03-11 23:41:14.826  3163  7454 E WindowManager: Dream packageName does not match active dream. Package com.motorola.mobiledesktop does not match ComponentInfo{com.android.systemui/com.android.systemui.doze.DozeService}
03-11 23:41:14.826  3163  3231 W AccessibilityWindowsPopulator: The displayInfo of this displayId (0) called back from the surface fligner is null
03-11 23:41:14.829  2300  2300 E Scheduler: trackPendingFrame: Invalid present fence
03-11 23:41:14.828  7545  7545 I FileStationLog: [ FS_h$a ] - [Display] Changed display: 1
03-11 23:41:14.831  3163  3352 D BrightnessThermalClamper: Thermal status observer already started
03-11 23:41:14.831  3163  7024 E WindowManager: Dream packageName does not match active dream. Package com.motorola.motocare does not match ComponentInfo{com.android.systemui/com.android.systemui.doze.DozeService}
03-11 23:41:14.831  3163  3352 I WindowManager: Display 1 turned on...
03-11 23:41:14.831  3163  3229 D CLI/SmallCLI: onScreenTurnedOn: 
03-11 23:41:14.831  3163  3163 I BrightnessSynchronizer: New Update: {[14259] 0.17112659(f), mUpdatedTypes=0, mConfirmedTypes=0, mTimeUpdated=0, mState=2}
03-11 23:41:14.832  3163  7024 E WindowManager: Dream packageName does not match active dream. Package com.motorola.mobiledesktop.core does not match ComponentInfo{com.android.systemui/com.android.systemui.doze.DozeService}
03-11 23:41:14.832  3163  3352 D BrightnessThermalClamper: Thermal status observer already started
03-11 23:41:14.832  3163  3352 D PowerManagerService: handleSandman ignore 0
03-11 23:41:14.833  7545  7545 I FileStationLog: [ FS_h$a ] - [Display] Ignoring change for non-default/desktop display: 1
03-11 23:41:14.837  6344  6344 I WindowController: window interactive state updated to true
03-11 23:41:14.845  5625  5625 I vol.VolumeDialogImpl: dismissH reason = screen_off mDialog.isShowing(): false
03-11 23:41:14.867  3163  3231 W AccessibilityWindowsPopulator: The displayInfo of this displayId (0) called back from the surface fligner is null
03-11 23:41:14.968  3163  7024 W InputDispatcher: Focused display #1 does not have a focused window.
03-11 23:41:14.969  2300  2300 E Scheduler: trackPendingFrame: Invalid present fence
03-11 23:41:14.969  3163  3231 W AccessibilityWindowsPopulator: The displayInfo of this displayId (0) called back from the surface fligner is null
03-11 23:41:14.969  3163  3231 V WindowManager: Unknown focus tokens, dropping reportFocusChanged
03-11 23:41:14.991  6344  6344 W libc    : Access denied finding property "vendor.display.enable_optimal_refresh_rate"
03-11 23:41:14.991  6344  6344 W libc    : Access denied finding property "vendor.gpp.create_frc_extension"
03-11 23:41:15.003  2300  2300 E Scheduler: trackPendingFrame: Invalid present fence
03-11 23:41:15.019  2300  2300 E Scheduler: trackPendingFrame: Invalid present fence
03-11 23:41:15.038  2300  2300 E Scheduler: trackPendingFrame: Invalid present fence
03-11 23:41:15.049  3163  4298 I ImeTracker: com.motorola.launcher.secondarydisplay:60cf9816: onRequestHide at ORIGIN_SERVER reason HIDE_UNSPECIFIED_WINDOW fromUser false
03-11 23:41:15.049  3163  4298 I ImeTracker: com.motorola.launcher.secondarydisplay:60cf9816: onCancelled at PHASE_SERVER_SHOULD_HIDE
03-11 23:41:15.050  5625  5625 I KeyguardTransitionRepository: FINISHED transition: TransitionStep(from=GONE, to=DOZING, value=1.0, transitionState=FINISHED, ownerName=FromGoneTransitionInteractor(Sleep transition triggered))
03-11 23:41:15.050 10834 10834 I GoogleInputMethodService: GoogleInputMethodService.onFinishInput():2097 
03-11 23:41:15.051 10834 10834 I Module  : DeviceLockedStatusModuleProvider$Module.updateDeviceLockedStatus():103 repeatCheckTimes = 0, locked = false
03-11 23:41:15.052 10834 10834 W SessionManager: SessionManager.endSession():88 Try to end a not begun session [INPUT_SESSION].
03-11 23:41:15.052 10834 10834 I GoogleInputMethodService: GoogleInputMethodService.onDestroy():934 
03-11 23:41:15.052 10834 10834 I GlobeKeyExtension: GlobeKeyExtension.onDestroyExtension():162 
03-11 23:41:15.052 10834 10834 I ModuleManager: ModuleManager$ModuleInitListener.maybeUnloadModuleOnUnavailable():1386 module lvk is unavailable
03-11 23:41:15.052 10834 10834 I HardKeyTracker: HardKeyTracker.unregisterKeySequence():221 Unregister key sequence nul{labelResId=2132020475, callback=cnx@cb84589, lastModifier=2, keyCodes=[47], actions=[0]}
03-11 23:41:15.052 10834 10834 I ModuleManager: ModuleManager$ModuleInitListener.maybeUnloadModuleOnUnavailable():1386 module eci is unavailable
03-11 23:41:15.052 10834 10834 I ModuleManager: ModuleManager$ModuleInitListener.maybeUnloadModuleOnUnavailable():1386 module hvi is unavailable
03-11 23:41:15.052 10834 10834 I ModuleManager: ModuleManager$ModuleInitListener.maybeUnloadModuleOnUnavailable():1386 module mhz is unavailable
03-11 23:41:15.052 10834 10834 I ModuleManager: ModuleManager$ModuleInitListener.maybeUnloadModuleOnUnavailable():1386 module mia is unavailable
03-11 23:41:15.052 10834 10834 I ModuleManager: ModuleManager$ModuleInitListener.maybeUnloadModuleOnUnavailable():1386 module mib is unavailable
03-11 23:41:15.052 10834 10834 I ModuleManager: ModuleManager$ModuleInitListener.maybeUnloadModuleOnUnavailable():1386 module mic is unavailable
03-11 23:41:15.052 10834 10834 I ModuleManager: ModuleManager$ModuleInitListener.maybeUnloadModuleOnUnavailable():1386 module mie is unavailable
03-11 23:41:15.052 10834 10834 I ModuleManager: ModuleManager$ModuleInitListener.maybeUnloadModuleOnUnavailable():1386 module mii is unavailable
03-11 23:41:15.052 10834 10834 I ModuleManager: ModuleManager$ModuleInitListener.maybeUnloadModuleOnUnavailable():1386 module mtq is unavailable
03-11 23:41:15.052 10834 10834 I HardKeyTracker: HardKeyTracker.unregisterKeySequence():221 Unregister key sequence nul{labelResId=0, callback=lkj@c42edbc, lastModifier=0, keyCodes=[204], actions=[0]}
03-11 23:41:15.052 10834 10834 I ModuleManager: ModuleManager$ModuleInitListener.maybeUnloadModuleOnUnavailable():1386 module mts is unavailable
03-11 23:41:15.052 10834 10834 I ModuleManager: ModuleManager$ModuleInitListener.maybeUnloadModuleOnUnavailable():1386 module nyc is unavailable
03-11 23:41:15.053  3163  4298 W InputManager-JNI: Input channel object '557cce1 InputMethod (client)' was disposed without first being removed with the input manager!
03-11 23:41:15.054 10834 10834 I ModuleManager: ModuleManager$ModuleInitListener.maybeUnloadModuleOnUnavailable():1386 module ljh is unavailable
03-11 23:41:15.055  3163  4298 I ImeTracker: com.motorola.launcher.secondarydisplay:8b447436: onRequestHide at ORIGIN_SERVER reason HIDE_DISPLAY_IME_POLICY_HIDE fromUser false
03-11 23:41:15.055 10834 10834 I ModuleManager: ModuleManager$ModuleInitListener.maybeUnloadModuleOnUnavailable():1386 module ewi is unavailable
03-11 23:41:15.055  3163  4298 I ImeTracker: com.motorola.launcher.secondarydisplay:8b447436: onCancelled at PHASE_SERVER_SHOULD_HIDE
03-11 23:41:15.055 10834 10834 I ModuleManager: ModuleManager$ModuleInitListener.maybeUnloadModuleOnUnavailable():1386 module fol is unavailable
03-11 23:41:15.055 10834 10834 I ModuleManager: ModuleManager$ModuleInitListener.maybeUnloadModuleOnUnavailable():1386 module fub is unavailable
03-11 23:41:15.055  3163  3231 W AccessibilityWindowsPopulator: The displayInfo of this displayId (0) called back from the surface fligner is null
03-11 23:41:15.055 10834 10834 I ModuleManager: ModuleManager$ModuleInitListener.maybeUnloadModuleOnUnavailable():1386 module fvu is unavailable
03-11 23:41:15.055 10834 10834 I ModuleManager: ModuleManager$ModuleInitListener.maybeUnloadModuleOnUnavailable():1386 module gfa is unavailable
03-11 23:41:15.055 10834 10834 I ModuleManager: ModuleManager$ModuleInitListener.maybeUnloadModuleOnUnavailable():1386 module ggo is unavailable
03-11 23:41:15.055 10834 10834 I ModuleManager: ModuleManager$ModuleInitListener.maybeUnloadModuleOnUnavailable():1386 module gjm is unavailable
03-11 23:41:15.055 10834 10834 I JapaneseMozcExtension: JapaneseMozcExtension.onDestroy():52 
03-11 23:41:15.055  4118  4118 W chromium: [WARNING:android_webview/browser/network_service/net_helpers.cc:137] HTTP Cache size is: 20971520
03-11 23:41:15.056 10834 10834 I ModuleManager: ModuleManager$ModuleInitListener.maybeUnloadModuleOnUnavailable():1386 module gkb is unavailable
03-11 23:41:15.056 10834 10834 I ModuleManager: ModuleManager$ModuleInitListener.maybeUnloadModuleOnUnavailable():1386 module gya is unavailable
03-11 23:41:15.056 10834 10834 I ModuleManager: ModuleManager$ModuleInitListener.maybeUnloadModuleOnUnavailable():1386 module IEmojiOrGifExtension is unavailable
03-11 23:41:15.056 10834 10834 I ModuleManager: ModuleManager$ModuleInitListener.maybeUnloadModuleOnUnavailable():1386 module IEmoticonExtension is unavailable
03-11 23:41:15.056 10834 10834 I ModuleManager: ModuleManager$ModuleInitListener.maybeUnloadModuleOnUnavailable():1386 module hlc is unavailable
03-11 23:41:15.056 10834 10834 I ModuleManager: ModuleManager$ModuleInitListener.maybeUnloadModuleOnUnavailable():1386 module hoe is unavailable
03-11 23:41:15.056 10834 10834 I ModuleManager: ModuleManager$ModuleInitListener.maybeUnloadModuleOnUnavailable():1386 module hqs is unavailable
03-11 23:41:15.056 10834 10834 I ModuleManager: ModuleManager$ModuleInitListener.maybeUnloadModuleOnUnavailable():1386 module nwn is unavailable
03-11 23:41:15.056 10834 10834 I ModuleManager: ModuleManager$ModuleInitListener.maybeUnloadModuleOnUnavailable():1386 module iga is unavailable
03-11 23:41:15.056 10834 10834 I UniversalDictationExtension: UniversalDictationExtension.onDestroyExtension():136 onDestroy [UD]
03-11 23:41:15.056 10834 10834 I ModuleManager: ModuleManager$ModuleInitListener.maybeUnloadModuleOnUnavailable():1386 module igb is unavailable
03-11 23:41:15.056 10834 10834 I ModuleManager: ModuleManager$ModuleInitListener.maybeUnloadModuleOnUnavailable():1386 module iiq is unavailable
03-11 23:41:15.056 10834 10834 I NewS3RecognizerModule: NewS3RecognizerModule.onDestroy():28 onDestroy [news3]
03-11 23:41:15.057 10834 10834 I ModuleManager: ModuleManager$ModuleInitListener.maybeUnloadModuleOnUnavailable():1386 module imw is unavailable
03-11 23:41:15.057 10834 10834 I ModuleManager: ModuleManager$ModuleInitListener.maybeUnloadModuleOnUnavailable():1386 module kdw is unavailable
03-11 23:41:15.057 10834 10834 I HardKeyTracker: HardKeyTracker.unregisterKeySequence():221 Unregister key sequence nul{labelResId=2132020466, callback=cth@a51072e, lastModifier=2, keyCodes=[56], actions=[0]}
