03-12 00:16:14.940 26976 27604 D MCLOG   : [BrightnessManager] displayId = 0 brightness = 0.005730428 nit = 3.4154618 level = br1
03-12 00:16:14.942  3163  5305 D TouchHwAidlService: setCliGestureModeHal done mode=49 newMode=49 result=0
03-12 00:16:14.942 28905  1638 I NearbySharing: Screen is locked
03-12 00:16:14.942 28905  1638 I NearbySharing: Stopping scanning because the screen is locked.
03-12 00:16:14.943  3163  5305 W ServiceManagerCppClient: Failed to get isDeclared for com.motorola.hardware.display.panel.IDisplayPanel/default: Status(-1, EX_SECURITY): 'SELinux denied.'
03-12 00:16:14.943  3163  5305 D DisplayPanelService: Setting panel dc mode: 0
03-12 00:16:14.943  2090  2090 I DisplayPanel: setDcMode: DC mode = OFF
03-12 00:16:14.943  2090  2090 D DisplayPanel: setParam: Success set DC to 0 for Primary display
03-12 00:16:14.943  3163  5305 D LocalDisplayAdapter: setDisplayPowerMode mode=0 for display=android.os.BinderProxy@d90d011
03-12 00:16:14.944  2300  2300 D SurfaceFlinger: Setting power mode 0 on display 4630947043778501762
03-12 00:16:14.945 18586 18586 I Finsky  : [2] SCH: Job 37-1632 is stopped while running due to system job stopped
03-12 00:16:14.945 18586 18586 I Finsky  : [2] SCH: jobStopped: 37-1632. TimeElapsed: 39284ms. EventType: 2535
03-12 00:16:14.945 18586 18586 I Finsky  : [2] WM::SCH: Logging work stop for 37-1632
03-12 00:16:14.945 12395 12395 D BoundBrokerSvc: onBind: Intent { act=com.google.android.gms.measurement.START pkg=com.google.android.gms }
03-12 00:16:14.946 12395 12395 D BoundBrokerSvc: Loading bound service for intent: Intent { act=com.google.android.gms.measurement.START pkg=com.google.android.gms }
03-12 00:16:14.947 28905 29391 I NearbyDiscovery: (REDACTED) PureOffloadFastPairScanner: eventType=%s, isInternalReq=%s, isScanning=%s, isScanningAllowed=%s
03-12 00:16:14.947  5658  6105 I bt_shim_scanner: system/main/shim/le_scanning_manager.cc:185 Scan: in shim layer stopped
03-12 00:16:14.948 18586 18621 I Finsky  : [304] SCH: Scheduling phonesky job Id: 26-1414141414, CT: 1773286228603, Constraints: [{ L: 43200000, D: 44100000, C: CHARGING_NONE, I: IDLE_NONE, N: NET_NONE, B: BATTERY_ANY }]
03-12 00:16:14.948  5658  5907 I bluetooth: system/gd/hci/le_address_manager.cc:244 unregister_client: Client unregistered
03-12 00:16:14.948  5658  6105 W BtGatt.JNI: android/app/jni/com_android_bluetooth_gatt.cpp:1597 gattSetScanParametersNative: gattSetScanParametersNative
03-12 00:16:14.948 18586 18621 I Finsky  : [304] SCH: Scheduling phonesky job Id: 37-1633, CT: 1773288955014, Constraints: [{ L: 0, D: 0, C: CHARGING_NONE, I: IDLE_NONE, N: NET_NONE, B: BATTERY_ANY }, { L: 0, D: 0, C: CHARGING_NONE, I: IDLE_NONE, N: NET_NONE, B: BATTERY_ANY }]
03-12 00:16:14.948  5658  6105 I bt_shim_scanner: system/main/shim/le_scanning_manager.cc:363 SetScanParameters: in shim layer, scannerId=1
03-12 00:16:14.948  5658  6105 I bt_shim_scanner: system/main/shim/le_scanning_manager.cc:185 Scan: in shim layer started
03-12 00:16:14.948  5658  5907 I bluetooth: system/gd/hci/le_address_manager.cc:248 unregister_client: Cancelled address rotation alarm
03-12 00:16:14.948  2068  2068 D vendor.qti.bluetooth@1.0-ibs_handler: SerialClockVote: vote for UART CLK ON
03-12 00:16:14.948 28905  1638 I NearbySharing: Stopping Fast Init advertisement because we're not scanning in the foreground.
03-12 00:16:14.949 28905 29391 I NearbyDiscovery: (REDACTED) ApFastPairScanner: isScreenOn=%s, isLocationEnabled=%s, disableLocationRequirement=%s, isDiscoveryScanningEnabled=%s, during24GhzWifiWarmingUpPeriod=%s
03-12 00:16:14.949  2068  2068 D vendor.qti.bluetooth@1.0-wake_lock: Acquire wakelock is acquired 
03-12 00:16:14.949  2068  2068 I vendor.qti.bluetooth@1.0-ibs_handler: DeviceWakeUp: Writing IBS_WAKE_IND
03-12 00:16:14.949 28905 29391 D BluetoothAdapter: isLeEnabled(): ON
03-12 00:16:14.949 28905 29391 I NearbyDiscovery: (REDACTED) ApFastPairScanner: eventType=%s, intReq=%s, scanning=%s, scanAllowed=%s, bleEnabled=%s, lockScanRate=%s, startScanningByLowPowerMode=%s
03-12 00:16:14.949 28905 29391 I NearbyDiscovery: (REDACTED) ApFastPairScanner: Stopping scan, %s
03-12 00:16:14.949 28905 29391 D BluetoothAdapter: isLeEnabled(): ON
03-12 00:16:14.949 28905  1638 I NearbySharing: Stopping advertising because Nearby Sharing is disabled.
03-12 00:16:14.949 28905  1638 I NearbySharing: Stopping FastInitiation scanning because the screen is locked.
03-12 00:16:14.950 28905  1638 I NearbySharing: Fast Initiation Scanning has stopped
03-12 00:16:14.950 28905  1638 I NearbySharing: Dismissing HUN as there's no device nearby.
03-12 00:16:14.951  2064  2064 I sensors-hal: activate:173, android.sensor.light/51 en=0
03-12 00:16:14.951  2061  2108 E minksocket: MinkIPC_QRTR_Service: client with node 1 port 5779 went down
03-12 00:16:14.952  5658  6105 I bt_shim_scanner: system/main/shim/le_scanning_manager.cc:185 Scan: in shim layer stopped
03-12 00:16:14.952  5658  6105 I bt_shim_scanner: system/main/shim/le_scanning_manager.cc:220 ScanFilterParamSetup: in shim layer, clientIf=1
03-12 00:16:14.952  5658  6105 I bt_shim_scanner: system/main/shim/le_scanning_manager.cc:220 ScanFilterParamSetup: in shim layer, clientIf=1
03-12 00:16:14.953  5658  5668 I bt_shim_scanner: system/main/shim/le_scanning_manager.cc:179 Unregister: in shim layer, scannerId=1
03-12 00:16:14.954  2068  6060 I vendor.qti.bluetooth@1.0-ibs_handler: ProcessIbsCmd: Received IBS_WAKE_ACK: 0xFC
03-12 00:16:14.954  2068  6060 I vendor.qti.bluetooth@1.0-ibs_handler: ProcessIbsCmd: Signal wack_cond_
03-12 00:16:14.954  2068  2068 D vendor.qti.bluetooth@1.0-ibs_handler: DeviceWakeUp: Unblocked from waiting for FC, pthread_cond_timedwait ret = 0
03-12 00:16:14.955  5658  5907 I bluetooth: system/gd/hci/le_scanning_manager.cc:690 stop_scan: Scanning already stopped, return!
03-12 00:16:14.955  5658  6073 E BtGatt.ContextMap: Context not found for ID 1
03-12 00:16:14.955  5658  5907 I bluetooth: system/gd/hci/le_address_manager.cc:226 register_client: Scheduled address rotation for first client registered
03-12 00:16:14.955  5658  6073 E BtGatt.ScanHelper: Advertise app or callback is null
03-12 00:16:14.955  5658  5907 I bluetooth: system/gd/hci/le_address_manager.cc:229 register_client: Client registered
03-12 00:16:14.955  5658  5907 I bluetooth: system/gd/hci/le_address_manager.cc:244 unregister_client: Client unregistered
03-12 00:16:14.955  5658  5907 I bluetooth: system/gd/hci/le_address_manager.cc:248 unregister_client: Cancelled address rotation alarm
03-12 00:16:14.955  2068  6060 I vendor.qti.bluetooth@1.0-ibs_handler: ProcessIbsCmd: Received IBS_WAKE_IND: 0xFD
03-12 00:16:14.955  2068  6060 I vendor.qti.bluetooth@1.0-ibs_handler: ProcessIbsCmd: Writing IBS_WAKE_ACK
03-12 00:16:14.956  2064  2064 I sensors-hal: activate:184, android.sensor.light/51 en=0 completed
03-12 00:16:14.956  2195  2586 I SDM     : DisplayBase::SetDisplayState: Set state = 0, display 57-0, teardown = 0
03-12 00:16:14.956  2195  2586 I SDM     : DRMPanelFeatureMgr::MarkForNullCommit: Marked 7 for null commit
03-12 00:16:14.956  2195  2586 I SDM     : HWDeviceDRM::NullCommit: Null commit succeeded crtc=141
03-12 00:16:14.984 18586 18621 I Finsky  : [304] SCH: Scheduling 1 system job(s)
03-12 00:16:14.984 18586 18621 I Finsky  : [304] SCH: Scheduling expedited system job 9220
03-12 00:16:14.951  7545  7545 I FileStationLog: [ FS_h$a ] - [Display] Changed display: 0
03-12 00:16:14.985  7545  7545 I FileStationLog: [ FS_h ] - [Logic] Retrieved display info: LogicDisplayInfo(width=1080, height=2640, orientation=1, rotation=0, displayId=0)
03-12 00:16:14.985  7545  7545 I FileStationLog: [ FS_h$a ] - [Display] New logical size: 1080x2640
03-12 00:16:14.985  7545  7545 I FileStationLog: [ FS_h$a ] - [Display] Screen width unchanged: 1080
03-12 00:16:15.003  3163  7474 D PowerManagerService: nativeReleaseSuspendBlocker name:PowerManagerService.WakeLocks duration ms: 1
03-12 00:16:15.005  7314  7314 D GameMode: onStartedActivityChange: componnent: ComponentInfo{wsj.reader_sp/com.dowjones.android.IssueActivity} entered launcher screen? false
03-12 00:16:15.007  2068  6060 I vendor.qti.bluetooth@1.0-ibs_handler: ProcessIbsCmd: Received IBS_SLEEP_IND: 0xFE
03-12 00:16:15.010  5436  6135 I Braze v40.0.2 .d: Event was published, but no subscribers were found. Saving event for later publishing to a matching subscriber. Event class: class com.braze.events.internal.d0 this com.braze.events.d@fdbf823
03-12 00:16:15.015  5436  6135 I Braze v40.0.2 .d: Event was published, but no subscribers were found. Saving event for later publishing to a matching subscriber. Event class: class com.braze.events.SessionStateChangedEvent this com.braze.events.d@847c1a4
03-12 00:16:15.039  5625  5625 I vol.VolumeDialogImpl: dismissH reason = posture_changed mDialog.isShowing(): false
03-12 00:16:15.039  6661  6661 E ThermalEngine: Unable to change to /sys/devices/soc/
03-12 00:16:15.039  6661  6661 E ThermalEngine: bcl_setup: Unexpected node error
03-12 00:16:15.039  6661  6661 E ThermalEngine: add_tgt_sensor: bcl sensor setup failed failed.
03-12 00:16:15.039  6661  6661 E ThermalEngine: add_tgt_sensors_set_optional: Error adding bcl
03-12 00:16:15.043  6661  6661 E ThermalEngine: sysfs_setup: report: path /sys/class/power_supply/battery/capacity
03-12 00:16:15.043  6661  6661 E ThermalEngine: sysfs_setup: opening /sys/class/power_supply/battery/capacity
03-12 00:16:15.043  6661  6661 E ThermalEngine: sysfs_setup: found sensor cluster0: cluster id = 0
03-12 00:16:15.043  6661  6661 E ThermalEngine: sysfs_setup: found sensor cluster1: cluster id = 1
03-12 00:16:15.043  6661  6661 E ThermalEngine: sysfs_setup: report: path /sys/class/power_supply/battery/charge_rate
03-12 00:16:15.043  6661  6661 E ThermalEngine: sysfs_setup: opening /sys/class/power_supply/battery/charge_rate
03-12 00:16:15.045  6661  6661 E ThermalEngine: sysfs_setup: report: path /proc/loadavg
03-12 00:16:15.045  6661  6661 E ThermalEngine: sysfs_setup: opening /proc/loadavg
03-12 00:16:15.045  6661  6661 E ThermalEngine: sysfs_setup: report: path /proc/stat
03-12 00:16:15.045  6661  6661 E ThermalEngine: sysfs_setup: opening /proc/stat
03-12 00:16:15.045  6661  6661 E ThermalEngine: sysfs_setup: report: path /sys/class/power_supply/battery/capacity
03-12 00:16:15.045  6661  6661 E ThermalEngine: sysfs_setup: opening /sys/class/power_supply/battery/capacity
03-12 00:16:15.045  6661  6661 E ThermalEngine: sysfs_setup: report: path /sys/class/backlight/panel0-backlight/brightness
03-12 00:16:15.045  3163  5158 D WifiStaIfaceHidlImpl: getCachedScanData is not implemented by HIDL
03-12 00:16:15.045  6661  6661 E ThermalEngine: sysfs_setup: opening /sys/class/backlight/panel0-backlight/brightness
03-12 00:16:15.045  6661  6661 E ThermalEngine: sysfs_setup: report: path /proc/stat
03-12 00:16:15.045  6661  6661 E ThermalEngine: sysfs_setup: opening /proc/stat
03-12 00:16:15.045  6661  6661 E ThermalEngine: sysfs_setup: report: path /sys/class/backlight/panel0-backlight/brightness
03-12 00:16:15.045  6661  6661 E ThermalEngine: sysfs_setup: opening /sys/class/backlight/panel0-backlight/brightness
03-12 00:16:15.046  6661  6661 E ThermalEngine: sysfs_setup: report: path /proc/loadavg
03-12 00:16:15.046  6661  6661 E ThermalEngine: sysfs_setup: opening /proc/loadavg
03-12 00:16:15.046  6661  6661 E ThermalEngine: sysfs_setup: report: path /sys/class/power_supply/wireless/online
03-12 00:16:15.046  6661  6661 E ThermalEngine: sysfs_setup: opening /sys/class/power_supply/wireless/online
03-12 00:16:15.046  6661  6661 E ThermalEngine: No hwmon device found in the kernel for sensor tmp108
03-12 00:16:15.046  6661  6661 E ThermalEngine: add_tgt_sensor: tmp108 sensor setup failed failed.
03-12 00:16:15.046  6661  6661 E ThermalEngine: add_tgt_sensors_set_optional: Error adding tmp108
03-12 00:16:15.046  6661  6661 E ThermalEngine: No hwmon device found in the kernel for sensor msm_tmp108
03-12 00:16:15.046  6661  6661 E ThermalEngine: add_tgt_sensor: msm_tmp108 sensor setup failed failed.
03-12 00:16:15.046  6661  6661 E ThermalEngine: add_tgt_sensors_set_optional: Error adding msm_tmp108
03-12 00:16:15.047  6661  6661 E ThermalEngine: No hwmon device found in the kernel for sensor quiet_tmp108
03-12 00:16:15.047  6661  6661 E ThermalEngine: add_tgt_sensor: quiet_tmp108 sensor setup failed failed.
03-12 00:16:15.047  6661  6661 E ThermalEngine: add_tgt_sensors_set_optional: Error adding quiet_tmp108
03-12 00:16:15.047  6661  6661 I ThermalEngine: Loading config file for virtual sensor
03-12 00:16:15.047  6661  6661 I ThermalEngine: Loading configuration file /vendor/etc/thermal-engine-lynkco-cli.conf
03-12 00:16:15.047  6661  6661 I ThermalEngine: Parsing section global
03-12 00:16:15.047  6661  6661 I ThermalEngine: Created section 'FRONT_TEMP'
03-12 00:16:15.047  6661  6661 I ThermalEngine: Algo Type 'virtual'
03-12 00:16:15.047  6661  6661 I ThermalEngine: Parsing section FRONT_TEMP
03-12 00:16:15.047  6661  6661 I ThermalEngine: Found field 'trip_sensor'
03-12 00:16:15.047  6661  6661 I ThermalEngine: Found field 'thresholds'
03-12 00:16:15.047  6661  6661 I ThermalEngine: Found field 'thresholds_clr'
03-12 00:16:15.047  6661  6661 I ThermalEngine: Found field 'sensors'
03-12 00:16:15.047  6661  6661 I ThermalEngine: Found field 'weights'
03-12 00:16:15.047  6661  6661 I ThermalEngine: Found field 'offsets'
03-12 00:16:15.047  6661  6661 I ThermalEngine: Found field 'sampling'
03-12 00:16:15.047  6661  6661 I ThermalEngine: Found field 'math'
03-12 00:16:15.047  6661  6661 I ThermalEngine: Found field 'sys_temp'
03-12 00:16:15.047  6661  6661 I ThermalEngine: Created section 'BACK_TEMP'
03-12 00:16:15.047  6661  6661 I ThermalEngine: Algo Type 'virtual'
03-12 00:16:15.047  6661  6661 I ThermalEngine: Parsing section BACK_TEMP
03-12 00:16:15.047  6661  6661 I ThermalEngine: Found field 'trip_sensor'
03-12 00:16:15.047  6661  6661 I ThermalEngine: Found field 'thresholds'
03-12 00:16:15.047  6661  6661 I ThermalEngine: Found field 'thresholds_clr'
03-12 00:16:15.047  6661  6661 I ThermalEngine: Found field 'sensors'
03-12 00:16:15.047  6661  6661 I ThermalEngine: Found field 'weights'
03-12 00:16:15.047  6661  6661 I ThermalEngine: Found field 'offsets'
03-12 00:16:15.047  6661  6661 I ThermalEngine: Found field 'sampling'
03-12 00:16:15.047  6661  6661 I ThermalEngine: Found field 'math'
03-12 00:16:15.047  6661  6661 I ThermalEngine: Found field 'sys_temp'
03-12 00:16:15.047  6661  6661 I ThermalEngine: Created section 'FUSE_TEMP'
03-12 00:16:15.047  6661  6661 I ThermalEngine: Algo Type 'virtual'
03-12 00:16:15.047  6661  6661 I ThermalEngine: Parsing section FUSE_TEMP
03-12 00:16:15.047  6661  6661 I ThermalEngine: Found field 'trip_sensor'
03-12 00:16:15.047  6661  6661 I ThermalEngine: Found field 'thresholds'
03-12 00:16:15.047  6661  6661 I ThermalEngine: Found field 'thresholds_clr'
03-12 00:16:15.047  6661  6661 I ThermalEngine: Found field 'sensors'
03-12 00:16:15.047  6661  6661 I ThermalEngine: Found field 'weights'
03-12 00:16:15.047  6661  6661 I ThermalEngine: Found field 'offsets'
03-12 00:16:15.047  6661  6661 I ThermalEngine: Found field 'sampling'
03-12 00:16:15.047  6661  6661 I ThermalEngine: Found field 'math'
03-12 00:16:15.047  6661  6661 I ThermalEngine: Found field 'sys_temp'
03-12 00:16:15.047  6661  6661 I ThermalEngine: Created section 'BCHG_TEMP'
03-12 00:16:15.047  6661  6661 I ThermalEngine: Algo Type 'virtual'
03-12 00:16:15.047  6661  6661 I ThermalEngine: Parsing section BCHG_TEMP
03-12 00:16:15.047  6661  6661 I ThermalEngine: Found field 'trip_sensor'
03-12 00:16:15.047  6661  6661 I ThermalEngine: Found field 'thresholds'
03-12 00:16:15.047  6661  6661 I ThermalEngine: Found field 'thresholds_clr'
03-12 00:16:15.047  6661  6661 I ThermalEngine: Found field 'sensors'
03-12 00:16:15.047  6661  6661 I ThermalEngine: Found field 'weights'
03-12 00:16:15.047  6661  6661 I ThermalEngine: Found field 'offsets'
03-12 00:16:15.047  6661  6661 I ThermalEngine: Found field 'sampling'
03-12 00:16:15.047  6661  6661 I ThermalEngine: Found field 'math'
03-12 00:16:15.047  6661  6661 I ThermalEngine: Created section 'FRONT_MDM'
03-12 00:16:15.047  6661  6661 I ThermalEngine: Algo Type 'virtual'
03-12 00:16:15.047  6661  6661 I ThermalEngine: Parsing section FRONT_MDM
03-12 00:16:15.047  6661  6661 I ThermalEngine: Found field 'sensors'
03-12 00:16:15.047  6661  6661 I ThermalEngine: Found field 'weights'
03-12 00:16:15.047  6661  6661 I ThermalEngine: Found field 'trip_sensor'
03-12 00:16:15.047  6661  6661 I ThermalEngine: Found field 'trip_sensor_logic'
03-12 00:16:15.047  6661  6661 I ThermalEngine: Found field 'thresholds'
03-12 00:16:15.047  6661  6661 I ThermalEngine: Found field 'thresholds_clr'
03-12 00:16:15.047  6661  6661 I ThermalEngine: Found field 'offsets'
03-12 00:16:15.047  6661  6661 I ThermalEngine: Found field 'sampling'
03-12 00:16:15.047  6661  6661 I ThermalEngine: Found field 'math'
03-12 00:16:15.047  6661  6661 I ThermalEngine: Created section 'BCAM_TEMP'
03-12 00:16:15.047  6661  6661 I ThermalEngine: Algo Type 'virtual'
03-12 00:16:15.047  6661  6661 I ThermalEngine: Parsing section BCAM_TEMP
03-12 00:16:15.047  6661  6661 I ThermalEngine: Found field 'trip_sensor'
03-12 00:16:15.047  6661  6661 I ThermalEngine: Found field 'thresholds'
03-12 00:16:15.047  6661  6661 I ThermalEngine: Found field 'thresholds_clr'
03-12 00:16:15.047  6661  6661 I ThermalEngine: Found field 'sensors'
03-12 00:16:15.047  6661  6661 I ThermalEngine: Found field 'weights'
03-12 00:16:15.047  6661  6661 I ThermalEngine: Found field 'offsets'
03-12 00:16:15.047  6661  6661 I ThermalEngine: Found field 'sampling'
03-12 00:16:15.047  6661  6661 I ThermalEngine: Found field 'math'
03-12 00:16:15.047  6661  6661 I ThermalEngine: Created section 'DETECT-STANDBY'
03-12 00:16:15.047  6661  6661 I ThermalEngine: Algo Type 'virtual'
03-12 00:16:15.048  6661  6661 I ThermalEngine: Parsing section DETECT-STANDBY
03-12 00:16:15.048  6661  6661 I ThermalEngine: Found field 'trip_sensor'
03-12 00:16:15.048  6661  6661 I ThermalEngine: Found field 'thresholds'
03-12 00:16:15.048  6661  6661 I ThermalEngine: Found field 'thresholds_clr'
03-12 00:16:15.048  6661  6661 I ThermalEngine: Found field 'sensors'
03-12 00:16:15.048  6661  6661 I ThermalEngine: Found field 'weights'
03-12 00:16:15.048  6661  6661 I ThermalEngine: Found field 'sampling'
03-12 00:16:15.048  6661  6661 I ThermalEngine: Found field 'math'
03-12 00:16:15.048  6661  6661 I ThermalEngine: Found field 'less_than'
03-12 00:16:15.048  6661  6661 I ThermalEngine: Created section 'DETECT-WLS'
03-12 00:16:15.048  6661  6661 I ThermalEngine: Algo Type 'virtual'
03-12 00:16:15.048  6661  6661 I ThermalEngine: Parsing section DETECT-WLS
03-12 00:16:15.048  6661  6661 I ThermalEngine: Found field 'trip_sensor'
03-12 00:16:15.048  6661  6661 I ThermalEngine: Found field 'thresholds'
03-12 00:16:15.048  6661  6661 I ThermalEngine: Found field 'thresholds_clr'
03-12 00:16:15.048  6661  6661 I ThermalEngine: Found field 'sensors'
03-12 00:16:15.048  6661  6661 I ThermalEngine: Found field 'sampling'
03-12 00:16:15.048  6661  6661 I ThermalEngine: Found field 'math'
03-12 00:16:15.048  6661  6661 I ThermalEngine: [VIRTUAL-FAIL-SAFE-TJ]
03-12 00:16:15.048  6661  6661 I ThermalEngine: #algo_type virtual
03-12 00:16:15.048  6661  6661 I ThermalEngine: sensors nspss-0 nspss-1 nspss-2 gpuss-0 gpuss-1 camera-0 camera-1 mdmss-0 mdmss-1 mdmss-2 mdmss-3 video
03-12 00:16:15.048  6661  6661 I ThermalEngine: weights
03-12 00:16:15.048  6661  6661 I ThermalEngine: trip_sensor nspss-0 nspss-1 nspss-2 gpuss-0 gpuss-1 camera-0 camera-1 mdmss-0 mdmss-1 mdmss-2 mdmss-3 video
03-12 00:16:15.048  6661  6661 I ThermalEngine: trip_sensor_logic || || || || || || || || || || ||
03-12 00:16:15.048  6661  6661 I ThermalEngine: thresholds 100000 100000 100000 100000 100000 100000 100000 100000 100000 100000 100000 100000
03-12 00:16:15.048  6661  6661 I ThermalEngine: thresholds_clr 90000 90000 90000 90000 90000 90000 90000 90000 90000 90000 90000 90000
03-12 00:16:15.048  6661  6661 I ThermalEngine: offsets
03-12 00:16:15.048  6661  6661 I ThermalEngine: sampling 10
03-12 00:16:15.048  6661  6661 I ThermalEngine: math 2
03-12 00:16:15.048  6661  6661 I ThermalEngine: ambient_value
03-12 00:16:15.048  6661  6661 I ThermalEngine: rise_value
03-12 00:16:15.048  6661  6661 I ThermalEngine: [VIRTUAL-CPU-GOLD-TJ-SHUTDOWN]
03-12 00:16:15.048  6661  6661 I ThermalEngine: #algo_type virtual
03-12 00:16:15.048  6661  6661 I ThermalEngine: sensors cpu-1-0 cpu-1-1 cpu-1-2 cpu-1-3 cpu-1-4 cpu-1-5 cpu-1-6 cpu-1-7
03-12 00:16:15.048  6661  6661 I ThermalEngine: weights
03-12 00:16:15.048  6661  6661 I ThermalEngine: trip_sensor cpu-1-0 cpu-1-1 cpu-1-2 cpu-1-3 cpu-1-4 cpu-1-5 cpu-1-6 cpu-1-7
03-12 00:16:15.048  6661  6661 I ThermalEngine: trip_sensor_logic || || || || || || ||
03-12 00:16:15.048  6661  6661 I ThermalEngine: thresholds 115000 115000 115000 115000 115000 115000 115000 115000
03-12 00:16:15.048  6661  6661 I ThermalEngine: thresholds_clr 100000 100000 100000 100000 100000 100000 100000 100000
03-12 00:16:15.048  6661  6661 I ThermalEngine: offsets
03-12 00:16:15.048  6661  6661 I ThermalEngine: sampling 10
03-12 00:16:15.048  6661  6661 I ThermalEngine: math 2
03-12 00:16:15.048  6661  6661 I ThermalEngine: ambient_value
03-12 00:16:15.048  6661  6661 I ThermalEngine: rise_value
03-12 00:16:15.048  6661  6661 I ThermalEngine: [VIRTUAL-CPU-TJ-SHUTDOWN]
03-12 00:16:15.048  6661  6661 I ThermalEngine: #algo_type virtual
03-12 00:16:15.048  6661  6661 I ThermalEngine: sensors cpu-0-0 cpu-0-1 cpu-0-2 cpu-0-3 cpuss-0 cpuss-1
03-12 00:16:15.048  6661  6661 I ThermalEngine: weights
03-12 00:16:15.048  6661  6661 I ThermalEngine: trip_sensor cpu-0-0 cpu-0-1 cpu-0-2 cpu-0-3 cpuss-0 cpuss-1
03-12 00:16:15.048  6661  6661 I ThermalEngine: trip_sensor_logic || || || || ||
03-12 00:16:15.048  6661  6661 I ThermalEngine: thresholds 115000 115000 115000 115000 115000 115000
03-12 00:16:15.048  6661  6661 I ThermalEngine: thresholds_clr 100000 100000 100000 100000 100000 100000
03-12 00:16:15.048  6661  6661 I ThermalEngine: offsets
03-12 00:16:15.048  6661  6661 I ThermalEngine: sampling 10
03-12 00:16:15.048  6661  6661 I ThermalEngine: math 2
03-12 00:16:15.048  6661  6661 I ThermalEngine: ambient_value
03-12 00:16:15.048  6661  6661 I ThermalEngine: rise_value
03-12 00:16:15.048  6661  6661 I ThermalEngine: [VIRTUAL-NSP-TJ-SHUTDOWN]
03-12 00:16:15.048  6661  6661 I ThermalEngine: #algo_type virtual
03-12 00:16:15.048  6661  6661 I ThermalEngine: sensors nspss-0 nspss-1 nspss-2
03-12 00:16:15.048  6661  6661 I ThermalEngine: weights
03-12 00:16:15.048  6661  6661 I ThermalEngine: trip_sensor nspss-0 nspss-1 nspss-2
03-12 00:16:15.048  6661  6661 I ThermalEngine: trip_sensor_logic || ||
03-12 00:16:15.048  6661  6661 I ThermalEngine: thresholds 115000 115000 115000
03-12 00:16:15.048  6661  6661 I ThermalEngine: thresholds_clr 100000 100000 100000
03-12 00:16:15.048  6661  6661 I ThermalEngine: offsets
03-12 00:16:15.048  6661  6661 I ThermalEngine: sampling 10
03-12 00:16:15.048  6661  6661 I ThermalEngine: math 2
03-12 00:16:15.048  6661  6661 I ThermalEngine: ambient_value
03-12 00:16:15.048  6661  6661 I ThermalEngine: rise_value
03-12 00:16:15.048  6661  6661 I ThermalEngine: [VIRTUAL-MDM-TJ-SHUTDOWN]
03-12 00:16:15.048  6661  6661 I ThermalEngine: #algo_type virtual
03-12 00:16:15.048  6661  6661 I ThermalEngine: sensors mdmss-0 mdmss-1 mdmss-2 mdmss-3
03-12 00:16:15.048  6661  6661 I ThermalEngine: weights
03-12 00:16:15.048  6661  6661 I ThermalEngine: trip_sensor mdmss-0 mdmss-1 mdmss-2 mdmss-3
03-12 00:16:15.048  6661  6661 I ThermalEngine: trip_sensor_logic || || ||
03-12 00:16:15.048  6661  6661 I ThermalEngine: thresholds 115000 115000 115000 115000
03-12 00:16:15.048  6661  6661 I ThermalEngine: thresholds_clr 100000 100000 100000 100000
03-12 00:16:15.048  6661  6661 I ThermalEngine: offsets
03-12 00:16:15.048  6661  6661 I ThermalEngine: sampling 10
03-12 00:16:15.048  6661  6661 I ThermalEngine: math 2
03-12 00:16:15.048  6661  6661 I ThermalEngine: ambient_value
03-12 00:16:15.048  6661  6661 I ThermalEngine: rise_value
03-12 00:16:15.048  6661  6661 I ThermalEngine: [VIRTUAL-MM-TJ-SHUTDOWN]
03-12 00:16:15.048  6661  6661 I ThermalEngine: #algo_type virtual
03-12 00:16:15.048  6661  6661 I ThermalEngine: sensors gpuss-0 gpuss-1 video ddr camera-0 camera-1
03-12 00:16:15.048  6661  6661 I ThermalEngine: weights
03-12 00:16:15.048  6661  6661 I ThermalEngine: trip_sensor gpuss-0 gpuss-1 video ddr camera-0 camera-1
03-12 00:16:15.048  6661  6661 I ThermalEngine: trip_sensor_logic || || || || ||
03-12 00:16:15.048  6661  6661 I ThermalEngine: thresholds 115000 115000 115000 115000 115000 115000
03-12 00:16:15.048  6661  6661 I ThermalEngine: thresholds_clr 100000 100000 100000 100000 100000 100000
03-12 00:16:15.048  6661  6661 I ThermalEngine: offsets
03-12 00:16:15.048  6661  6661 I ThermalEngine: sampling 10
03-12 00:16:15.048  6661  6661 I ThermalEngine: math 2
03-12 00:16:15.048  6661  6661 I ThermalEngine: ambient_value
03-12 00:16:15.048  6661  6661 I ThermalEngine: rise_value
03-12 00:16:15.048  6661  6661 I ThermalEngine: [VIRTUAL-PMIC-ALARM-SHUTDOWN]
03-12 00:16:15.048  6661  6661 I ThermalEngine: #algo_type virtual
03-12 00:16:15.048  6661  6661 I ThermalEngine: sensors pm7325_tz pm8350c_tz
03-12 00:16:15.048  6661  6661 I ThermalEngine: weights
03-12 00:16:15.048  6661  6661 I ThermalEngine: trip_sensor pm7325_tz pm8350c_tz
03-12 00:16:15.048  6661  6661 I ThermalEngine: trip_sensor_logic ||
03-12 00:16:15.048  6661  6661 I ThermalEngine: thresholds 115000 115000
03-12 00:16:15.048  6661  6661 I ThermalEngine: thresholds_clr 100000 100000
03-12 00:16:15.048  6661  6661 I ThermalEngine: offsets
03-12 00:16:15.048  6661  6661 I ThermalEngine: sampling 10
03-12 00:16:15.048  6661  6661 I ThermalEngine: math 2
03-12 00:16:15.048  6661  6661 I ThermalEngine: ambient_value
03-12 00:16:15.048  6661  6661 I ThermalEngine: rise_value
03-12 00:16:15.048  6661  6661 I ThermalEngine: [FRONT_TEMP]
03-12 00:16:15.048  6661  6661 I ThermalEngine: algo_type virtual
03-12 00:16:15.048  6661  6661 I ThermalEngine: sensors msm-therm cam-therm quiet-therm mchg-therm
03-12 00:16:15.048  6661  6661 I ThermalEngine: weights 22 26 39 13
03-12 00:16:15.048  6661  6661 I ThermalEngine: trip_sensor msm-therm
03-12 00:16:15.048  6661  6661 I ThermalEngine: thresholds -18000
03-12 00:16:15.048  6661  6661 I ThermalEngine: thresholds_clr -20000
03-12 00:16:15.048  6661  6661 I ThermalEngine: offsets -2000 0 0 0
03-12 00:16:15.048  6661  6661 I ThermalEngine: sampling 5000
03-12 00:16:15.048  6661  6661 I ThermalEngine: math 0
03-12 00:16:15.048  6661  6661 I ThermalEngine: sys_temp
03-12 00:16:15.048  6661  6661 I ThermalEngine: ambient_value
03-12 00:16:15.048  6661  6661 I ThermalEngine: rise_value
03-12 00:16:15.048  6661  6661 I ThermalEngine: [BACK_TEMP]
03-12 00:16:15.048  6661  6661 I ThermalEngine: algo_type virtual
03-12 00:16:15.048  6661  6661 I ThermalEngine: sensors msm-therm cam-therm quiet-therm mchg-therm
03-12 00:16:15.048  6661  6661 I ThermalEngine: weights 22 26 39 13
03-12 00:16:15.048  6661  6661 I ThermalEngine: trip_sensor msm-therm
03-12 00:16:15.048  6661  6661 I ThermalEngine: thresholds -18000
03-12 00:16:15.048  6661  6661 I ThermalEngine: thresholds_clr -20000
03-12 00:16:15.048  6661  6661 I ThermalEngine: offsets -2000 0 0 0
03-12 00:16:15.048  6661  6661 I ThermalEngine: sampling 5000
03-12 00:16:15.048  6661  6661 I ThermalEngine: math 0
03-12 00:16:15.048  6661  6661 I ThermalEngine: sys_temp
03-12 00:16:15.048  6661  6661 I ThermalEngine: ambient_value
03-12 00:16:15.048  6661  6661 I ThermalEngine: rise_value
03-12 00:16:15.048  6661  6661 I ThermalEngine: [FUSE_TEMP]
03-12 00:16:15.048  6661  6661 I ThermalEngine: algo_type virtual
03-12 00:16:15.048  6661  6661 I ThermalEngine: sensors msm-therm cam-therm quiet-therm mchg-therm
03-12 00:16:15.048  6661  6661 I ThermalEngine: weights 20 32 39 9
03-12 00:16:15.048  6661  6661 I ThermalEngine: trip_sensor msm-therm
03-12 00:16:15.048  6661  6661 I ThermalEngine: thresholds -18000
03-12 00:16:15.048  6661  6661 I ThermalEngine: thresholds_clr -20000
03-12 00:16:15.048  6661  6661 I ThermalEngine: offsets 0 0 0 0
03-12 00:16:15.048  6661  6661 I ThermalEngine: sampling 2000
03-12 00:16:15.048  6661  6661 I ThermalEngine: math 0
03-12 00:16:15.048  6661  6661 I ThermalEngine: sys_temp
03-12 00:16:15.048  6661  6661 I ThermalEngine: ambient_value
03-12 00:16:15.048  6661  6661 I ThermalEngine: rise_value
03-12 00:16:15.048  6661  6661 I ThermalEngine: [BCHG_TEMP]
03-12 00:16:15.048  6661  6661 I ThermalEngine: algo_type virtual
03-12 00:16:15.048  6661  6661 I ThermalEngine: sensors msm-therm cam-therm quiet-therm mchg-therm
03-12 00:16:15.048  6661  6661 I ThermalEngine: weights 22 26 39 13
03-12 00:16:15.048  6661  6661 I ThermalEngine: trip_sensor msm-therm
03-12 00:16:15.048  6661  6661 I ThermalEngine: thresholds -18000
03-12 00:16:15.048  6661  6661 I ThermalEngine: thresholds_clr -20000
03-12 00:16:15.048  6661  6661 I ThermalEngine: offsets 0 0 0 0
03-12 00:16:15.048  6661  6661 I ThermalEngine: sampling 2000
03-12 00:16:15.048  6661  6661 I ThermalEngine: math 0
03-12 00:16:15.048  6661  6661 I ThermalEngine: ambient_value
03-12 00:16:15.048  6661  6661 I ThermalEngine: rise_value
03-12 00:16:15.048  6661  6661 I ThermalEngine: [FRONT_MDM]
03-12 00:16:15.048  6661  6661 I ThermalEngine: algo_type virtual
03-12 00:16:15.048  6661  6661 I ThermalEngine: sensors msm-therm cam-therm quiet-therm mchg-therm
03-12 00:16:15.048  6661  6661 I ThermalEngine: weights 20 32 39 9
03-12 00:16:15.048  6661  6661 I ThermalEngine: trip_sensor mdmss-0 mdmss-1 mdmss-2 mdmss-3
03-12 00:16:15.048  6661  6661 I ThermalEngine: trip_sensor_logic || || ||
03-12 00:16:15.048  6661  6661 I ThermalEngine: thresholds 65000 65000 65000 65000
03-12 00:16:15.048  6661  6661 I ThermalEngine: thresholds_clr 40000 40000 40000 40000
03-12 00:16:15.048  6661  6661 I ThermalEngine: offsets 1000 0 0 0
03-12 00:16:15.048  6661  6661 I ThermalEngine: sampling 2000
03-12 00:16:15.048  6661  6661 I ThermalEngine: math 0
03-12 00:16:15.048  6661  6661 I ThermalEngine: ambient_value
03-12 00:16:15.048  6661  6661 I ThermalEngine: rise_value
03-12 00:16:15.048  6661  6661 I ThermalEngine: [BCAM_TEMP]
03-12 00:16:15.048  6661  6661 I ThermalEngine: algo_type virtual
03-12 00:16:15.048  6661  6661 I ThermalEngine: sensors msm-therm cam-therm quiet-therm mchg-therm
03-12 00:16:15.048  6661  6661 I ThermalEngine: weights 22 26 39 13
03-12 00:16:15.048  6661  6661 I ThermalEngine: trip_sensor msm-therm
03-12 00:16:15.048  6661  6661 I ThermalEngine: thresholds -18000
03-12 00:16:15.048  6661  6661 I ThermalEngine: thresholds_clr -20000
03-12 00:16:15.048  6661  6661 I ThermalEngine: offsets 1500 0 0 0
03-12 00:16:15.048  6661  6661 I ThermalEngine: sampling 2000
03-12 00:16:15.048  6661  6661 I ThermalEngine: math 0
03-12 00:16:15.048  6661  6661 I ThermalEngine: ambient_value
03-12 00:16:15.048  6661  6661 I ThermalEngine: rise_value
03-12 00:16:15.048  6661  6661 I ThermalEngine: [DETECT-STANDBY]
03-12 00:16:15.048  6661  6661 I ThermalEngine: algo_type virtual
03-12 00:16:15.048  6661  6661 I ThermalEngine: sensors cpu_utilization lcd_brightness_value
03-12 00:16:15.048  6661  6661 I ThermalEngine: weights 12 50
03-12 00:16:15.048  6661  6661 I ThermalEngine: trip_sensor msm-therm
03-12 00:16:15.048  6661  6661 I ThermalEngine: thresholds -18000
03-12 00:16:15.048  6661  6661 I ThermalEngine: thresholds_clr -20000
03-12 00:16:15.048  6661  6661 I ThermalEngine: offsets
03-12 00:16:15.048  6661  6661 I ThermalEngine: sampling 5000
03-12 00:16:15.048  6661  6661 I ThermalEngine: math 7
03-12 00:16:15.048  6661  6661 I ThermalEngine: less_than
03-12 00:16:15.048  6661  6661 I ThermalEngine: ambient_value
03-12 00:16:15.048  6661  6661 I ThermalEngine: rise_value
03-12 00:16:15.048  6661  6661 I ThermalEngine: [DETECT-WLS]
03-12 00:16:15.048  6661  6661 I ThermalEngine: algo_type virtual
03-12 00:16:15.048  6661  6661 I ThermalEngine: sensors wireless_online
03-12 00:16:15.048  6661  6661 I ThermalEngine: weights
03-12 00:16:15.048  6661  6661 I ThermalEngine: trip_sensor msm-therm
03-12 00:16:15.048  6661  6661 I ThermalEngine: thresholds -18000
03-12 00:16:15.048  6661  6661 I ThermalEngine: thresholds_clr -20000
03-12 00:16:15.048  6661  6661 I ThermalEngine: offsets
03-12 00:16:15.048  6661  6661 I ThermalEngine: sampling 5000
03-12 00:16:15.048  6661  6661 I ThermalEngine: math 3
03-12 00:16:15.048  6661  6661 I ThermalEngine: ambient_value
03-12 00:16:15.048  6661  6661 I ThermalEngine: rise_value
03-12 00:16:15.058 12395 21084 D AdvertisingIdClient: AdvertisingIdClient already created.
03-12 00:16:15.068  6661  6661 I ThermalEngine: Loading configuration file /vendor/etc/thermal-engine-lynkco-cli.conf
03-12 00:16:15.068  6661  6661 I ThermalEngine: Parsing section global
03-12 00:16:15.068  6661  6661 I ThermalEngine: Created section 'REPORT-FRONT'
03-12 00:16:15.068  6661  6661 I ThermalEngine: Algo Type 'monitor'
03-12 00:16:15.068  6661  6661 I ThermalEngine: Parsing section REPORT-FRONT
03-12 00:16:15.068  6661  6661 I ThermalEngine: Found field 'sampling'
03-12 00:16:15.068  6661  6661 I ThermalEngine: Found field 'sensor'
03-12 00:16:15.068  6661  6661 I ThermalEngine: Found field 'thresholds'
03-12 00:16:15.068  6661  6661 I ThermalEngine: Found field 'thresholds_clr'
03-12 00:16:15.068  6661  6661 I ThermalEngine: Found field 'actions'
03-12 00:16:15.068  6661  6661 I ThermalEngine: Found field 'action_info'
03-12 00:16:15.068  6661  6661 I ThermalEngine: Created section 'REPORT-BACK'
03-12 00:16:15.068  6661  6661 I ThermalEngine: Algo Type 'monitor'
03-12 00:16:15.068  6661  6661 I ThermalEngine: Parsing section REPORT-BACK
03-12 00:16:15.068  6661  6661 I ThermalEngine: Found field 'sampling'
03-12 00:16:15.068  6661  6661 I ThermalEngine: Found field 'sensor'
03-12 00:16:15.068  6661  6661 I ThermalEngine: Found field 'thresholds'
03-12 00:16:15.068  6661  6661 I ThermalEngine: Found field 'thresholds_clr'
03-12 00:16:15.068  6661  6661 I ThermalEngine: Found field 'actions'
03-12 00:16:15.068  6661  6661 I ThermalEngine: Found field 'action_info'
03-12 00:16:15.068  6661  6661 I ThermalEngine: Created section 'MONITOR-CAMERA'
03-12 00:16:15.068  6661  6661 I ThermalEngine: Algo Type 'monitor'
03-12 00:16:15.068  6661  6661 I ThermalEngine: Parsing section MONITOR-CAMERA
03-12 00:16:15.068  6661  6661 I ThermalEngine: Found field 'sampling'
03-12 00:16:15.068  6661  6661 I ThermalEngine: Found field 'sensor'
03-12 00:16:15.068  6661  6661 I ThermalEngine: Found field 'thresholds'
03-12 00:16:15.068  6661  6661 I ThermalEngine: Found field 'thresholds_clr'
03-12 00:16:15.068  6661  6661 I ThermalEngine: Found field 'actions'
03-12 00:16:15.068  6661  6661 I ThermalEngine: Found field 'action_info'
03-12 00:16:15.068  6661  6661 I ThermalEngine: Created section 'OVERRIDE-CHG'
03-12 00:16:15.068  6661  6661 I ThermalEngine: Algo Type 'monitor'
03-12 00:16:15.068  6661  6661 I ThermalEngine: Parsing section OVERRIDE-CHG
03-12 00:16:15.068  6661  6661 I ThermalEngine: Found field 'sampling'
03-12 00:16:15.068  6661  6661 I ThermalEngine: Found field 'sensor'
03-12 00:16:15.068  6661  6661 I ThermalEngine: Found field 'thresholds'
03-12 00:16:15.068  6661  6661 I ThermalEngine: Found field 'thresholds_clr'
03-12 00:16:15.068  6661  6661 I ThermalEngine: Found field 'actions'
03-12 00:16:15.068  6661  6661 I ThermalEngine: Found field 'action_info'
03-12 00:16:15.068  6661  6661 I ThermalEngine: Created section 'FREEZE-CHG'
03-12 00:16:15.068  6661  6661 I ThermalEngine: Algo Type 'monitor'
03-12 00:16:15.068  6661  6661 I ThermalEngine: Parsing section FREEZE-CHG
03-12 00:16:15.068  6661  6661 I ThermalEngine: Found field 'sampling'
03-12 00:16:15.068  6661  6661 I ThermalEngine: Found field 'sensor'
03-12 00:16:15.068  6661  6661 I ThermalEngine: Found field 'thresholds'
03-12 00:16:15.068  6661  6661 I ThermalEngine: Found field 'thresholds_clr'
03-12 00:16:15.068  6661  6661 I ThermalEngine: Found field 'actions'
03-12 00:16:15.068  6661  6661 I ThermalEngine: Found field 'action_info'
03-12 00:16:15.068  6661  6661 I ThermalEngine: Created section 'MON-CHG-BATT0'
03-12 00:16:15.068  6661  6661 I ThermalEngine: Algo Type 'monitor'
03-12 00:16:15.068  6661  6661 I ThermalEngine: Parsing section MON-CHG-BATT0
03-12 00:16:15.068  6661  6661 I ThermalEngine: Found field 'sampling'
03-12 00:16:15.068  6661  6661 I ThermalEngine: Found field 'sensor'
03-12 00:16:15.068  6661  6661 I ThermalEngine: Found field 'thresholds'
03-12 00:16:15.068  6661  6661 I ThermalEngine: Found field 'thresholds_clr'
03-12 00:16:15.068  6661  6661 I ThermalEngine: Found field 'actions'
03-12 00:16:15.068  6661  6661 I ThermalEngine: Found field 'action_info'
03-12 00:16:15.068  6661  6661 I ThermalEngine: Found field 'freezing'
03-12 00:16:15.068  6661  6661 I ThermalEngine: Created section 'MON-CHG-BATT1'
03-12 00:16:15.068  6661  6661 I ThermalEngine: Algo Type 'monitor'
03-12 00:16:15.069  6661  6661 I ThermalEngine: Parsing section MON-CHG-BATT1
03-12 00:16:15.069  6661  6661 I ThermalEngine: Found field 'sampling'
03-12 00:16:15.069  6661  6661 I ThermalEngine: Found field 'sensor'
03-12 00:16:15.069  6661  6661 I ThermalEngine: Found field 'thresholds'
03-12 00:16:15.069  6661  6661 I ThermalEngine: Found field 'thresholds_clr'
03-12 00:16:15.069  6661  6661 I ThermalEngine: Found field 'actions'
03-12 00:16:15.069  6661  6661 I ThermalEngine: Found field 'action_info'
03-12 00:16:15.069  6661  6661 I ThermalEngine: Found field 'override_c'
03-12 00:16:15.069  6661  6661 I ThermalEngine: Found field 'freezing'
03-12 00:16:15.069  6661  6661 I ThermalEngine: Created section 'MON-CHG-BATT-SAFETY'
03-12 00:16:15.069  6661  6661 I ThermalEngine: Algo Type 'monitor'
03-12 00:16:15.069  6661  6661 I ThermalEngine: Parsing section MON-CHG-BATT-SAFETY
03-12 00:16:15.069  6661  6661 I ThermalEngine: Found field 'sampling'
03-12 00:16:15.069  6661  6661 I ThermalEngine: Found field 'sensor'
03-12 00:16:15.069  6661  6661 I ThermalEngine: Found field 'thresholds'
03-12 00:16:15.069  6661  6661 I ThermalEngine: Found field 'thresholds_clr'
03-12 00:16:15.069  6661  6661 I ThermalEngine: Found field 'actions'
03-12 00:16:15.069  6661  6661 I ThermalEngine: Found field 'action_info'
03-12 00:16:15.069  6661  6661 I ThermalEngine: Found field 'freezing'
03-12 00:16:15.069  6661  6661 I ThermalEngine: Created section 'MON-MSM-CPU0'
03-12 00:16:15.069  6661  6661 I ThermalEngine: Algo Type 'monitor'
03-12 00:16:15.069  6661  6661 I ThermalEngine: Parsing section MON-MSM-CPU0
03-12 00:16:15.069  6661  6661 I ThermalEngine: Found field 'sampling'
03-12 00:16:15.069  6661  6661 I ThermalEngine: Found field 'sensor'
03-12 00:16:15.069  6661  6661 I ThermalEngine: Found field 'thresholds'
03-12 00:16:15.069  6661  6661 I ThermalEngine: Found field 'thresholds_clr'
03-12 00:16:15.069  6661  6661 I ThermalEngine: Found field 'actions'
03-12 00:16:15.069  6661  6661 I ThermalEngine: Found field 'action_info'
03-12 00:16:15.069  6661  6661 I ThermalEngine: Created section 'SS-CPU4'
03-12 00:16:15.069  6661  6661 I ThermalEngine: Algo Type 'ss'
03-12 00:16:15.069  6661  6661 I ThermalEngine: Parsing section SS-CPU4
03-12 00:16:15.069  6661  6661 I ThermalEngine: Found field 'sampling'
03-12 00:16:15.069  6661  6661 I ThermalEngine: Found field 'sensor'
03-12 00:16:15.069  6661  6661 I ThermalEngine: Found field 'set_point'
03-12 00:16:15.069  6661  6661 I ThermalEngine: Found field 'set_point_clr'
03-12 00:16:15.069  6661  6661 I ThermalEngine: Found field 'device'
03-12 00:16:15.069  6661  6661 I ThermalEngine: Found field 'device_max_limit'
03-12 00:16:15.069  6661  6661 I ThermalEngine: Created section 'MON-MSM-CPU4'
03-12 00:16:15.069  6661  6661 I ThermalEngine: Algo Type 'monitor'
03-12 00:16:15.069  6661  6661 I ThermalEngine: Parsing section MON-MSM-CPU4
03-12 00:16:15.069  6661  6661 I ThermalEngine: Found field 'sampling'
03-12 00:16:15.069  6661  6661 I ThermalEngine: Found field 'sensor'
03-12 00:16:15.069 12395 21084 I AdvertisingIdClient: shouldSendLog 217335749
03-12 00:16:15.069  6661  6661 I ThermalEngine: Found field 'thresholds'
03-12 00:16:15.069  6661  6661 I ThermalEngine: Found field 'thresholds_clr'
03-12 00:16:15.069  6661  6661 I ThermalEngine: Found field 'actions'
03-12 00:16:15.069 12395 21084 I AdvertisingIdClient: GetInfoInternal elapse 11ms
03-12 00:16:15.069  6661  6661 I ThermalEngine: Found field 'action_info'
03-12 00:16:15.069  6661  6661 I ThermalEngine: Created section 'SS-CPU7'
03-12 00:16:15.069  6661  6661 I ThermalEngine: Algo Type 'ss'
03-12 00:16:15.069  6661  6661 I ThermalEngine: Parsing section SS-CPU7
03-12 00:16:15.069  6661  6661 I ThermalEngine: Found field 'sampling'
03-12 00:16:15.069  6661  6661 I ThermalEngine: Found field 'sensor'
03-12 00:16:15.069  6661  6661 I ThermalEngine: Found field 'set_point'
03-12 00:16:15.069  6661  6661 I ThermalEngine: Found field 'set_point_clr'
03-12 00:16:15.069  6661  6661 I ThermalEngine: Found field 'device'
03-12 00:16:15.069  6661  6661 I ThermalEngine: Found field 'device_max_limit'
03-12 00:16:15.069  6661  6661 I ThermalEngine: Created section 'MON-MSM-CPU7'
03-12 00:16:15.069  6661  6661 I ThermalEngine: Algo Type 'monitor'
03-12 00:16:15.069  6661  6661 I ThermalEngine: Parsing section MON-MSM-CPU7
03-12 00:16:15.069  6661  6661 I ThermalEngine: Found field 'sampling'
03-12 00:16:15.069  6661  6661 I ThermalEngine: Found field 'sensor'
03-12 00:16:15.069  6661  6661 I ThermalEngine: Found field 'thresholds'
03-12 00:16:15.069  6661  6661 I ThermalEngine: Found field 'thresholds_clr'
03-12 00:16:15.069  6661  6661 I ThermalEngine: Found field 'actions'
03-12 00:16:15.069  6661  6661 I ThermalEngine: Found field 'action_info'
03-12 00:16:15.069  6661  6661 I ThermalEngine: Created section 'MON-MSM-GPU'
03-12 00:16:15.069  6661  6661 I ThermalEngine: Algo Type 'monitor'
03-12 00:16:15.069  6661  6661 I ThermalEngine: Parsing section MON-MSM-GPU
03-12 00:16:15.069  6661  6661 I ThermalEngine: Found field 'sampling'
03-12 00:16:15.069  6661  6661 I ThermalEngine: Found field 'sensor'
03-12 00:16:15.069  6661  6661 I ThermalEngine: Found field 'thresholds'
03-12 00:16:15.069  6661  6661 I ThermalEngine: Found field 'thresholds_clr'
03-12 00:16:15.069  6661  6661 I ThermalEngine: Found field 'actions'
03-12 00:16:15.069  6661  6661 I ThermalEngine: Found field 'action_info'
03-12 00:16:15.069  6661  6661 I ThermalEngine: Created section 'MON-SOFTDEV'
03-12 00:16:15.069  6661  6661 I ThermalEngine: Algo Type 'monitor'
03-12 00:16:15.069  6661  6661 I ThermalEngine: Parsing section MON-SOFTDEV
03-12 00:16:15.069  6661  6661 I ThermalEngine: Found field 'sampling'
03-12 00:16:15.069  6661  6661 I ThermalEngine: Found field 'sensor'
03-12 00:16:15.069  6661  6661 I ThermalEngine: Found field 'thresholds'
03-12 00:16:15.069  6661  6661 I ThermalEngine: Found field 'thresholds_clr'
03-12 00:16:15.069  6661  6661 I ThermalEngine: Found field 'actions'
03-12 00:16:15.069  6661  6661 I ThermalEngine: Found field 'action_info'
03-12 00:16:15.069  6661  6661 I ThermalEngine: Created section 'MON-MDM-FR1-1'
03-12 00:16:15.069  6661  6661 I ThermalEngine: Algo Type 'monitor'
03-12 00:16:15.069  6661  6661 I ThermalEngine: Parsing section MON-MDM-FR1-1
03-12 00:16:15.069  6661  6661 I ThermalEngine: Found field 'sampling'
03-12 00:16:15.069  6661  6661 I ThermalEngine: Found field 'sensor'
03-12 00:16:15.069  6661  6661 I ThermalEngine: Found field 'thresholds'
03-12 00:16:15.069  6661  6661 I ThermalEngine: Found field 'thresholds_clr'
03-12 00:16:15.069  6661  6661 I ThermalEngine: Found field 'actions'
03-12 00:16:15.069  6661  6661 I ThermalEngine: Found field 'action_info'
03-12 00:16:15.069  6661  6661 I ThermalEngine: Created section 'MON-MDM-FR1-2'
03-12 00:16:15.069  6661  6661 I ThermalEngine: Algo Type 'monitor'
03-12 00:16:15.069  6661  6661 I ThermalEngine: Parsing section MON-MDM-FR1-2
03-12 00:16:15.069  6661  6661 I ThermalEngine: Found field 'sampling'
03-12 00:16:15.069  6661  6661 I ThermalEngine: Found field 'sensor'
03-12 00:16:15.069  6661  6661 I ThermalEngine: Found field 'thresholds'
03-12 00:16:15.069  6661  6661 I ThermalEngine: Found field 'thresholds_clr'
03-12 00:16:15.069  6661  6661 I ThermalEngine: Found field 'actions'
03-12 00:16:15.069  6661  6661 I ThermalEngine: Found field 'action_info'
03-12 00:16:15.069  6661  6661 I ThermalEngine: Created section 'MON-wireless-charge'
03-12 00:16:15.069  6661  6661 I ThermalEngine: Algo Type 'monitor'
03-12 00:16:15.069  6661  6661 I ThermalEngine: Parsing section MON-wireless-charge
03-12 00:16:15.069  6661  6661 I ThermalEngine: Found field 'sampling'
03-12 00:16:15.069  6661  6661 I ThermalEngine: Found field 'sensor'
03-12 00:16:15.069  6661  6661 I ThermalEngine: Found field 'thresholds'
03-12 00:16:15.069  6661  6661 I ThermalEngine: Found field 'thresholds_clr'
03-12 00:16:15.069  6661  6661 I ThermalEngine: Found field 'actions'
03-12 00:16:15.069  6661  6661 I ThermalEngine: Found field 'action_info'
03-12 00:16:15.069  6661  6661 I ThermalEngine: [MON-wireless-charge]
03-12 00:16:15.069  6661  6661 I ThermalEngine: algo_type monitor
03-12 00:16:15.069  6661  6661 I ThermalEngine: sampling 2000
03-12 00:16:15.069  6661  6661 I ThermalEngine: sensor BCHG_TEMP
03-12 00:16:15.069  6661  6661 I ThermalEngine: thresholds 39000 41000 43000 44000 48000
03-12 00:16:15.069  6661  6661 I ThermalEngine: thresholds_clr 18000 39000 41000 43000 45000
03-12 00:16:15.069  6661  6661 I ThermalEngine: actions wireless_current wireless_current wireless_current wireless_current wireless_current
03-12 00:16:15.069  6661  6661 I ThermalEngine: action_info 1250 1000 800 500 100
03-12 00:16:15.069  6661  6661 I ThermalEngine: [MON-MDM-FR1-2]
03-12 00:16:15.069  6661  6661 I ThermalEngine: algo_type monitor
03-12 00:16:15.069  6661  6661 I ThermalEngine: sampling 5000
03-12 00:16:15.069  6661  6661 I ThermalEngine: sensor FRONT_MDM
03-12 00:16:15.069  6661  6661 I ThermalEngine: thresholds 46000 48000 50000 55000
03-12 00:16:15.069  6661  6661 I ThermalEngine: thresholds_clr 40000 46000 48000 50000
03-12 00:16:15.069  6661  6661 I ThermalEngine: actions modem_nr_scg_dsc modem_nr_scg_dsc+modem_lte_dsc modem_nr_scg_dsc+modem_lte_dsc modem_nr_scg_dsc
03-12 00:16:15.069  6661  6661 I ThermalEngine: action_info 7 8+9 9+10 10
03-12 00:16:15.069  6661  6661 I ThermalEngine: [MON-MDM-FR1-1]
03-12 00:16:15.069  6661  6661 I ThermalEngine: algo_type monitor
03-12 00:16:15.069  6661  6661 I ThermalEngine: sampling 5000
03-12 00:16:15.069  6661  6661 I ThermalEngine: sensor FRONT_MDM
03-12 00:16:15.069  6661  6661 I ThermalEngine: thresholds 46000 48000 50000 55000
03-12 00:16:15.069  6661  6661 I ThermalEngine: thresholds_clr 40000 46000 48000 50000
03-12 00:16:15.069  6661  6661 I ThermalEngine: actions modem_nr_dsc modem_nr_dsc modem_nr_dsc modem_nr_dsc
03-12 00:16:15.069  6661  6661 I ThermalEngine: action_info 7 8 9 10
03-12 00:16:15.069  6661  6661 I ThermalEngine: [MON-SOFTDEV]
03-12 00:16:15.069  6661  6661 I ThermalEngine: algo_type monitor
03-12 00:16:15.069  6661  6661 I ThermalEngine: sampling 2000
03-12 00:16:15.069  6661  6661 I ThermalEngine: sensor FUSE_TEMP
03-12 00:16:15.069  6661  6661 I ThermalEngine: thresholds 42000
03-12 00:16:15.069  6661  6661 I ThermalEngine: thresholds_clr 40000
03-12 00:16:15.069  6661  6661 I ThermalEngine: actions SoftDev
03-12 00:16:15.069  6661  6661 I ThermalEngine: action_info 1
03-12 00:16:15.069  6661  6661 I ThermalEngine: [MON-MSM-GPU]
03-12 00:16:15.069  6661  6661 I ThermalEngine: algo_type monitor
03-12 00:16:15.069  6661  6661 I ThermalEngine: sampling 2000
03-12 00:16:15.069  6661  6661 I ThermalEngine: sensor FUSE_TEMP
03-12 00:16:15.069  6661  6661 I ThermalEngine: thresholds 43000 46000 50000
03-12 00:16:15.069  6661  6661 I ThermalEngine: thresholds_clr 42000 43000 46000
03-12 00:16:15.069  6661  6661 I ThermalEngine: actions gpu gpu gpu
03-12 00:16:15.069  6661  6661 I ThermalEngine: action_info 443000000 285000000 230000000
03-12 00:16:15.069  6661  6661 I ThermalEngine: [MON-MSM-CPU7]
03-12 00:16:15.069  6661  6661 I ThermalEngine: algo_type monitor
03-12 00:16:15.069  6661  6661 I ThermalEngine: sampling 2000
03-12 00:16:15.069  6661  6661 I ThermalEngine: sensor FUSE_TEMP
03-12 00:16:15.069  6661  6661 I ThermalEngine: thresholds 40000 42000 44000 45000 47000
03-12 00:16:15.069  6661  6661 I ThermalEngine: thresholds_clr 39000 40000 42000 44000 45000
03-12 00:16:15.069  6661  6661 I ThermalEngine: actions cpu-cluster2 cpu-cluster2 cpu-cluster2 cpu-cluster2 cpu-cluster2
03-12 00:16:15.069  6661  6661 I ThermalEngine: action_info 1977600 1766400 1401600 1286400 940800
03-12 00:16:15.069  6661  6661 I ThermalEngine: [MON-MSM-CPU4]
03-12 00:16:15.069  6661  6661 I ThermalEngine: algo_type monitor
03-12 00:16:15.069  6661  6661 I ThermalEngine: sampling 2000
03-12 00:16:15.069  6661  6661 I ThermalEngine: sensor FUSE_TEMP
03-12 00:16:15.069  6661  6661 I ThermalEngine: thresholds 40000 42000 44000 47000
03-12 00:16:15.069  6661  6661 I ThermalEngine: thresholds_clr 39000 40000 42000 45000
03-12 00:16:15.069  6661  6661 I ThermalEngine: actions cpu-cluster1 cpu-cluster1 cpu-cluster1 cpu-cluster1
03-12 00:16:15.069  6661  6661 I ThermalEngine: action_info 1804800 1651200 1555200 1382400
03-12 00:16:15.069  6661  6661 I ThermalEngine: [MON-MSM-CPU0]
03-12 00:16:15.069  6661  6661 I ThermalEngine: algo_type monitor
03-12 00:16:15.069  6661  6661 I ThermalEngine: sampling 2000
03-12 00:16:15.069  6661  6661 I ThermalEngine: sensor FUSE_TEMP
