03-12 00:13:34.953  2214  2254 W ANDR-PERF-LM: FeatureState: readState() 151: warning: appName is NULL, returning default State
03-12 00:13:34.953  2214  2254 W ANDR-PERF-LM: FeatureState: readState() 151: warning: appName is NULL, returning default State
03-12 00:13:34.953  2214  2254 W ANDR-PERF-LM: FeatureState: readState() 151: warning: appName is NULL, returning default State
03-12 00:13:34.953  2300  2300 W ComposerExtn: DisplayExtnImpl::SetEarlyWakeUpConfig: HWC Display 2 is not registered!
03-12 00:13:34.953  2300  2300 D SurfaceFlinger: Finished setting power mode 0 on display 4630947043778501763
03-12 00:13:34.954  3163  5308 D SurfaceControl: Excessive delay in setPowerMode()
03-12 00:13:34.954  3163  5308 D PowerManagerService: nativeSetPowerMode ret:false mode:9 enabled:true duration ms: 0
03-12 00:13:34.956  3163  3352 I WindowManager: Display 0 turning on...
03-12 00:13:34.956  3163  3352 I DisplayBrightnessStrategySelector: Changing the DisplayBrightnessStrategy from ScreenOffBrightnessStrategy to InvalidBrightnessStrategy for display 0
03-12 00:13:34.957  3163  7402 D WindowManager: mKeyguardDelegate.ShowListener.onDrawn.
03-12 00:13:34.957  2064  2064 I sensors-hal: batch:206, android.sensor.light/51, period=250000000, max_latency=0
03-12 00:13:34.957  2064  2064 I sensors-hal: set_config:61, no need to adjust sample_period_ns due to reporting_mode = 2
03-12 00:13:34.957  2064  2064 I sensors-hal: batch:215, android.sensor.light/51, period=250000000, max_latency=0 request completed
03-12 00:13:34.960  7545  7545 I FileStationLog: [ FS_h$a ] - [Display] Changed display: 1
03-12 00:13:34.961  3163  3229 V WindowManager: Content Recording: Display 1 state was (1), is now (1), so update recording?
03-12 00:13:34.961  3163  3229 D CLI/Transition: displaygroup 1, state OFF, pendingdisplaygroup -1
03-12 00:13:34.963  3163  3229 W WindowManager: Setting mKeyguardDrawComplete
03-12 00:13:34.963  2300  2300 E Scheduler: trackPendingFrame: Invalid present fence
03-12 00:13:34.964  2064  2064 I sensors-hal: activate:173, android.sensor.light/51 en=1
03-12 00:13:34.965  2064  2064 I sensors-hal: get_qmi_debug_flag:239, support_qmi_debug : false
03-12 00:13:34.966  2061  2108 E minksocket: MinkIPC_QRTR_Service: client with node 1 port 53b4 went down
03-12 00:13:34.967  2061  2108 E minksocket: MinkIPC_QRTR_Service: client with node 1 port 53b5 went down
03-12 00:13:34.967  2061  2108 E minksocket: MinkIPC_QRTR_Service: client with node 1 port 53b6 went down
03-12 00:13:34.967  2061  2108 E minksocket: MinkIPC_QRTR_Service: client with node 1 port 53b7 went down
03-12 00:13:34.967  2064  2064 E Diag_Lib: diag: Diag_LSM_Init: invoked for pid: 2064 with init_count: 0
03-12 00:13:34.967  2064  2064 E Diag_Lib: diag:failed to connect to diag socket
03-12 00:13:34.968  2064  2064 E Diag_Lib:  Diag_LSM_Init: Failed to open handle to diag driver, error = 13
03-12 00:13:34.968  7545  7545 I FileStationLog: [ FS_h$a ] - [Display] Ignoring change for non-default/desktop display: 1
03-12 00:13:34.968  2064  2064 I sensors-hal: send_sensor_config_request:463, dt=ambient_light: convert sample_period=250000000 to batch_period=250000
03-12 00:13:34.968  2064  2064 I sensors-hal: send_sync_sensor_request:341, send sync request
03-12 00:13:34.968  2064  2064 I sensors-hal: send_sync_sensor_request:367, wait for notification of response
03-12 00:13:34.972  2064 31123 I sensors-hal: ssc_conn_resp_cb:632, resp_value = 0
03-12 00:13:34.973  2064  2064 I sensors-hal: send_sync_sensor_request:373, takes 4 ms to receive the response with 0
03-12 00:13:34.973  2064  2064 I sensors-hal: activate:184, android.sensor.light/51 en=1 completed
03-12 00:13:34.973  2064  2064 I sensors-hal: batch:206, com.motorola.sensor.alternate_light/65959, period=250000000, max_latency=0
03-12 00:13:34.973  2064  2064 I sensors-hal: set_config:61, no need to adjust sample_period_ns due to reporting_mode = 2
03-12 00:13:34.974  2064  2064 I sensors-hal: batch:215, com.motorola.sensor.alternate_light/65959, period=250000000, max_latency=0 request completed
03-12 00:13:34.976  2064  2064 I sensors-hal: activate:173, com.motorola.sensor.alternate_light/65959 en=1
03-12 00:13:34.976  2064  2064 I sensors-hal: get_qmi_debug_flag:239, support_qmi_debug : false
03-12 00:13:34.977  2061  2108 E minksocket: MinkIPC_QRTR_Service: client with node 1 port 53b9 went down
03-12 00:13:34.977  2061  2108 E minksocket: MinkIPC_QRTR_Service: client with node 1 port 53ba went down
03-12 00:13:34.978  2061  2108 E minksocket: MinkIPC_QRTR_Service: client with node 1 port 53bb went down
03-12 00:13:34.978  2064  2064 E Diag_Lib: diag: Diag_LSM_Init: invoked for pid: 2064 with init_count: 0
03-12 00:13:34.978  2064  2064 E Diag_Lib: diag:failed to connect to diag socket
03-12 00:13:34.978  2064  2064 E Diag_Lib:  Diag_LSM_Init: Failed to open handle to diag driver, error = 13
03-12 00:13:34.979  2064  2064 I sensors-hal: send_sensor_config_request:463, dt=ambient_light_1: convert sample_period=250000000 to batch_period=250000
03-12 00:13:34.979  2064  2064 I sensors-hal: send_sync_sensor_request:341, send sync request
03-12 00:13:34.979  2061  2108 E minksocket: MinkIPC_QRTR_Service: client with node 1 port 53bc went down
03-12 00:13:34.979  2064  2064 I sensors-hal: send_sync_sensor_request:367, wait for notification of response
03-12 00:13:34.990  5625  5625 I KgdSliceProvider: The weather info has not change, does not need to be updated. mTempF=-999 iconNumber=-999 celsius=true
03-12 00:13:34.990  3163  3229 W WindowManager: All windows drawn on display -1
03-12 00:13:34.992  3163  3229 D WindowManager: finishScreenTurningOn..
03-12 00:13:34.992  3163  3229 D WindowManager: enableScreen mKeyguardDrawnOnce=true awake=true mBootMessageNeedsHiding=false
03-12 00:13:34.996  2064 31125 I sensors-hal: ssc_conn_resp_cb:632, resp_value = 0
03-12 00:13:34.997  2064  2064 I sensors-hal: send_sync_sensor_request:373, takes 17 ms to receive the response with 0
03-12 00:13:34.997  2064  2064 I sensors-hal: activate:184, com.motorola.sensor.alternate_light/65959 en=1 completed
03-12 00:13:34.998  3163  3352 V DisplayPowerController2[0]: Brightness [0.020419393] reason changing to: 'manual', previous reason: 'screen_off'.
03-12 00:13:34.999  3163  3229 W BoostOptController: not supported hint: 118
03-12 00:13:34.999  3163  3229 D CLI/Rotation: Set volume keyswap sysprop for rotation 0 lidState OPEN
03-12 00:13:35.000  3163  3352 I DisplayPowerController2[0]: 03-12 00:13:34.998 - BrightnessEvent: disp=0, physDisp=local:4630947043778501762, displayState=ON, displayPolicy=BRIGHT, brt=0.020419393, initBrt=0.0, rcmdBrt=NaN, preBrt=NaN, lux=NaN, preLux=NaN, brtNits=4.009904, hdrNits=NaN, initNits=3.1465538, preNits=NaN, rcmdNits=NaN, hdrBrightness=NaN, brt(%)=2%, brtInt=6, hbmPolicy=normal, hbmMax=0.85440856, hbmMode=off, rbcStrength=50, thrmMax=1.0, powerFactor=1.0, wasShortTermModelActive=false, flags=invalid_lux , reason=manual, autoBrightness=true, strategy=InvalidBrightnessStrategy, autoBrightnessMode=default
03-12 00:13:35.001  3163  3352 D BrightnessThermalClamper: Thermal status observer already started
03-12 00:13:35.001  3163  5305 D PowerManagerService: nativeSetPowerMode ret:false mode:9 enabled:false duration ms: 0
03-12 00:13:35.001  3163  5305 D TouchHwAidlService: setDisplayState: mScreenOff=false
03-12 00:13:35.001  3163  5305 D LocalDisplayAdapter: setDisplayPowerMode mode=2 for display=android.os.BinderProxy@d90d011
03-12 00:13:35.001  2723  9652 E VendorTagDescriptor: lookupTag: Tag name 'support_get_property_2_0' does not exist.
03-12 00:13:35.003  3163  3231 W AccessibilityWindowsPopulator: The displayInfo of this displayId (0) called back from the surface fligner is null
03-12 00:13:35.003 30951 31117 I ThermalEngine: SS:ACTIVE:SS-CPU7:cpu-cluster2=0:FUSE_TEMP=38440
03-12 00:13:35.004  3163  3231 I DisplayDeviceRepository: Display device changed state: "Built-in Screen", ON
03-12 00:13:35.006  3163  3352 D BrightnessThermalClamper: Thermal status observer already started
03-12 00:13:35.006  3163  3352 D BrightnessThermalClamper: Thermal status observer already started
03-12 00:13:35.006  3163  3231 I InputManager-JNI: Viewport [0] to add: local:4630947043778501762, isActive: true
03-12 00:13:35.006  3163  3231 I InputManager-JNI: Viewport [1] to add: local:4630947043778501763, isActive: false
03-12 00:13:35.007  3163  4285 I InputReader: Reconfiguring input devices, changes=DISPLAY_INFO
03-12 00:13:35.007  2300  2300 E Scheduler: trackPendingFrame: Invalid present fence
03-12 00:13:35.007  3163  4285 I InputReader: Device reconfigured: id=7, name='goodix_ts', size 1080x2640, orientation Rotation0, mode DIRECT, display id 0
03-12 00:13:35.007  3163  4285 I InputReader: Disabling zinitix_mt (device 6) because the associated viewport is not active
03-12 00:13:35.008  3163  3231 D PanelsService: updateDefaultDisplayState: mScreenState=ON
03-12 00:13:35.008  3163  3232 I DisplayDevice: [0] Layerstack set to 0 for local:4630947043778501762 mDisplayToken=android.os.BinderProxy@d90d011 t=Transaction{mNativeObject=-5476376673043675440, mHashCode=0}
03-12 00:13:35.009  3163  3227 D TouchHwAidlService: updateDefaultDisplayState: mScreenOn=true
03-12 00:13:35.009 30951 31117 I ThermalEngine: SS:ACTIVE:SS-CPU4:cpu-cluster1=0:FUSE_TEMP=38417
03-12 00:13:35.009  2067  3269 D AHAL: AudioDevice: SetParameters: 1564: enter: screen_state=on
03-12 00:13:35.009  2067  3269 D AHAL: AudioVoice: VoiceSetParameters: 87: Enter params: screen_state=on
03-12 00:13:35.009  2067  3269 D AHAL: AudioVoice: VoiceSetParameters: 360: Exit ret: 0
03-12 00:13:35.009  2067  3269 D AHAL: FM: fm_set_parameters: 262: Enter
03-12 00:13:35.009  2067  3269 D AHAL: FM: fm_set_parameters: 320: exit
03-12 00:13:35.009  2067  3269 D AHAL: AudioDevice: SetParameters: 1625:  - screen = on
03-12 00:13:35.009  2067  3269 I PAL: ResourceManager: setParameter: 8311: Screen State:1
03-12 00:13:35.009  2067  3269 D AHAL: AudioDevice: SetParameters: 2361: exit: screen_state=on
03-12 00:13:35.009  2064  4171 I slpi-MOT_HINGE: Hingeposture  90.0 tent:0 gpio:-1 flip:1 flat:1 b:1.4 7.9 5.6 175.2 -27.5 62.1 f:1.3 4.4 -8.5 -743.5 64.7 19.2
03-12 00:13:35.010  2064  4171 I slpi-MOT_HINGE: Hingeposture 180.0 tent:0 gpio:-1 flip:1 flat:1 b:2.0 8.1 5.1 39.6 161.7 71.8 f:1.9 9.3 -1.7 -784.4 176.4 -44.1
03-12 00:13:35.010  3163  3229 D CLI/Transition: displaygroup 0, state ON, pendingdisplaygroup -1
03-12 00:13:35.011  3163  3231 W ServiceManagerCppClient: Failed to get isDeclared for com.motorola.hardware.display.panel.IDisplayPanel/default: Status(-1, EX_SECURITY): 'SELinux denied.'
03-12 00:13:35.011  3163  3231 D DisplayPanelService: Setting panel dc mode: 0
03-12 00:13:35.011  2090  2090 I DisplayPanel: setDcMode: DC mode = OFF
03-12 00:13:35.011  2090  2090 D DisplayPanel: setParam: Success set DC to 0 for Primary display
03-12 00:13:35.014  5658  6105 I bt_shim_scanner: system/main/shim/le_scanning_manager.cc:185 Scan: in shim layer stopped
03-12 00:13:35.014  5658  5907 I bluetooth: system/gd/hci/le_address_manager.cc:244 unregister_client: Client unregistered
03-12 00:13:35.014  5658  5907 I bluetooth: system/gd/hci/le_address_manager.cc:248 unregister_client: Cancelled address rotation alarm
03-12 00:13:35.014  5658  6105 W BtGatt.JNI: android/app/jni/com_android_bluetooth_gatt.cpp:1597 gattSetScanParametersNative: gattSetScanParametersNative
03-12 00:13:35.014  5658  6105 I bt_shim_scanner: system/main/shim/le_scanning_manager.cc:363 SetScanParameters: in shim layer, scannerId=1
03-12 00:13:35.014  5658  6105 I bt_shim_scanner: system/main/shim/le_scanning_manager.cc:185 Scan: in shim layer started
03-12 00:13:35.015  5658  5907 I bluetooth: system/gd/hci/le_scanning_manager.cc:690 stop_scan: Scanning already stopped, return!
03-12 00:13:35.015  5658  5907 I bluetooth: system/gd/hci/le_address_manager.cc:226 register_client: Scheduled address rotation for first client registered
03-12 00:13:35.015  5658  5907 I bluetooth: system/gd/hci/le_address_manager.cc:229 register_client: Client registered
03-12 00:13:35.015  2068  6060 I vendor.qti.bluetooth@1.0-ibs_handler: ProcessIbsCmd: Received IBS_WAKE_IND: 0xFD
03-12 00:13:35.015  2068  6060 I vendor.qti.bluetooth@1.0-ibs_handler: ProcessIbsCmd: Writing IBS_WAKE_ACK
03-12 00:13:35.017 26976 27604 D MCLOG   : [BrightnessTrigger] onDisplayChanged displayId = 0
03-12 00:13:35.018 28905 28905 I NearbyDiscovery: (REDACTED) FastPairDisplayObserver: %s -> %s
03-12 00:13:35.024  3163  3231 I DeviceStateManagerService: Cannot notify device state info change when pending state is present.
03-12 00:13:35.025  3163  3227 D TouchHwAidlService: onStateChanged.. state=5
03-12 00:13:35.025  5625  5669 D ShellSplitScreen: onFoldedStateChanged: folded=false
03-12 00:13:35.027  2067  3269 D AHAL: AudioDevice: SetParameters: 1564: enter: device_folded=off
03-12 00:13:35.027  2067  3269 D AHAL: AudioVoice: VoiceSetParameters: 87: Enter params: device_folded=off
03-12 00:13:35.027  2067  3269 D AHAL: AudioVoice: VoiceSetParameters: 360: Exit ret: 0
03-12 00:13:35.027  2067  3269 D AHAL: FM: fm_set_parameters: 262: Enter
03-12 00:13:35.027  2067  3269 D AHAL: FM: fm_set_parameters: 320: exit
03-12 00:13:35.027  2067  3269 D AHAL: AudioDevice: SetParameters: 2361: exit: device_folded=off
03-12 00:13:35.028  3163  3231 I LogicalDisplayMapper: Requesting Transition to state: 5, from state=1, interactive=true, mBootCompleted=true
03-12 00:13:35.028  3163  3231 I LogicalDisplayMapper: Applying layout: [{dispId: 0(ON), displayGroupName: , addr: {port=130, model=0x40446dccee101c}, mThermalBrightnessThrottlingMapId: null, mRefreshRateZoneId: null, mLeadDisplayId: -1, mLeadDisplayAddress: null, mThermalRefreshRateThrottlingMapId: null, mPowerThrottlingMapId: null}], Previous layout: [{dispId: 0(ON), displayGroupName: , addr: {port=130, model=0x40446dccee101c}, mThermalBrightnessThrottlingMapId: null, mRefreshRateZoneId: null, mLeadDisplayId: -1, mLeadDisplayAddress: null, mThermalRefreshRateThrottlingMapId: null, mPowerThrottlingMapId: null}]
03-12 00:13:35.028  3163  3163 I BrightnessSynchronizer: New Update: {[14776] 0.020419393(f), mUpdatedTypes=0, mConfirmedTypes=0, mTimeUpdated=0, mState=2}
03-12 00:13:35.030  7545  7545 I FileStationLog: [ FS_h$a ] - [Display] Changed display: 0
03-12 00:13:35.030  3163  3229 D CLI/SmallCLI: onDeviceLidStateChanged: state=OPEN
03-12 00:13:35.030  2064  2064 I sensors-hal: batch:206, android.sensor.light/51, period=200000000, max_latency=0
03-12 00:13:35.030  2064  2064 I sensors-hal: set_config:61, no need to adjust sample_period_ns due to reporting_mode = 2
03-12 00:13:35.030  2064  2064 I sensors-hal: send_sensor_config_request:463, dt=ambient_light: convert sample_period=200000000 to batch_period=200000
03-12 00:13:35.030  2064  2064 I sensors-hal: send_sync_sensor_request:341, send sync request
03-12 00:13:35.030  7545  7545 I FileStationLog: [ FS_h ] - [Logic] Retrieved display info: LogicDisplayInfo(width=1080, height=2640, orientation=1, rotation=0, displayId=0)
03-12 00:13:35.030  7545  7545 I FileStationLog: [ FS_h$a ] - [Display] New logical size: 1080x2640
03-12 00:13:35.031  7545  7545 I FileStationLog: [ FS_h$a ] - [Display] Screen width unchanged: 1080
03-12 00:13:35.031  2064  2064 I sensors-hal: send_sync_sensor_request:367, wait for notification of response
03-12 00:13:35.031 28905 29391 I NearbyDiscovery: (REDACTED) PureOffloadFastPairScanner: eventType=%s, isInternalReq=%s, isScanning=%s, isScanningAllowed=%s
03-12 00:13:35.031 28905 29391 I NearbyDiscovery: (REDACTED) ApFastPairScanner: isScreenOn=%s, isLocationEnabled=%s, disableLocationRequirement=%s, isDiscoveryScanningEnabled=%s, during24GhzWifiWarmingUpPeriod=%s
03-12 00:13:35.032 28905 29391 D BluetoothAdapter: isLeEnabled(): ON
03-12 00:13:35.032 28905 29391 I NearbyDiscovery: (REDACTED) ApFastPairScanner: eventType=%s, intReq=%s, scanning=%s, scanAllowed=%s, bleEnabled=%s, lockScanRate=%s, startScanningByLowPowerMode=%s
03-12 00:13:35.032  2064 31123 I sensors-hal: ssc_conn_resp_cb:632, resp_value = 0
03-12 00:13:35.033  2064 31125 I sensors-hal: handle_indication_realtime:467,  SCHED_FIFO(10) for qmi_cbk
03-12 00:13:35.033  2064 31123 I sensors-hal: handle_indication_realtime:467,  SCHED_FIFO(10) for qmi_cbk
03-12 00:13:35.033  2064  2064 I sensors-hal: send_sync_sensor_request:373, takes 2 ms to receive the response with 0
03-12 00:13:35.033  2064  2064 I sensors-hal: batch:215, android.sensor.light/51, period=200000000, max_latency=0 request completed
03-12 00:13:35.036  2300  2300 D SurfaceFlinger: Setting power mode 2 on display 4630947043778501762
03-12 00:13:35.037  2300  2300 I Scheduler: Display 4630947043778501762 is the pacesetter
03-12 00:13:35.037  2300  2300 I Scheduler: promotePacesetterDisplayLocked, mAcceptScrollEvent=1
03-12 00:13:35.037  2300  2300 I Scheduler: promotePacesetterDisplayLocked, mAcceptTouchNotBoostEvent=0
03-12 00:13:35.037  2300  2300 D SurfaceFlinger: Setting desired display mode specs: {4, false, PR={p[90.00-90.00]Hz, r[24.00-90.00]Hz}, AR={p[0.00-120.00]Hz, r[0.00-120.00]Hz}} for display 4630947043778501762
03-12 00:13:35.037  2300  2300 I SurfaceFlinger: Switching to Scheduler preferred mode 4 (90.00 Hz) for display 4630947043778501762
03-12 00:13:35.037  2300  2300 D DisplayModeController: setDesiredMode 4630947043778501762 {mode={fps=90.00 Hz, modePtr={id=4, vsyncRate=90.00 Hz, peakRefreshRate=90.00 Hz}}, emitEvent=true, force=false}
03-12 00:13:35.037  3163  4279 I CLI/Transition_Device: lid state changed: OPEN -> OPEN, device state changed to OPEN
03-12 00:13:35.038  2195  2392 I SDM     : DisplayBase::SetDisplayState: Set state = 1, display 57-0, teardown = 0
03-12 00:13:35.039  2195  2392 I SDM     : HWDeviceDRM::NullCommit: Null commit succeeded crtc=141
03-12 00:13:35.039 26976 27604 D MCLOG   : [BrightnessManager] displayId = 0 brightness = 0.020419393 nit = 4.009904 level = br1
03-12 00:13:35.041  3163  3231 W AccessibilityWindowsPopulator: The displayInfo of this displayId (0) called back from the surface fligner is null
03-12 00:13:35.043  3163  4279 D CLI/Rotation: Set volume keyswap sysprop for rotation 2 lidState OPEN
03-12 00:13:35.044 30951 31116 E ThermalEngine: First running, skip
03-12 00:13:35.045 30951 31116 I ThermalEngine: Monitor:ACTIVE:OVERRIDE-CHG:internal_override=1:DETECT-STANDBY=1
03-12 00:13:35.045 30951 31116 I ThermalEngine: ACTION: override_c - Setting override_c to 1
03-12 00:13:35.045  3163  4279 I WindowManager: updateRotationUnchecked CLI real rotation changed:3, rotation:3
03-12 00:13:35.046  5625  5625 I vol.VolumeDialogImpl: mDialog.dismiss() reason: posture_changed from: com.android.systemui.volume.VolumeDialogImpl$H.handleMessage:111 displayId: 0 mShowing: false mIsAnimatingDismiss: false
03-12 00:13:35.046 30951 31115 I ThermalEngine: Thermal-Server: Thermal received msg from  override_c
03-12 00:13:35.047 30951 31127 I Thermal-Lib: Thermal-Lib-Client: Client request sent
03-12 00:13:35.053  3163  3231 I WindowManager: Override config changes=20000000 {1.0 ?mcc0mnc [en_US] ldltr sw111dp w210dp h111dp 280dpi smll land night mot-cli finger -keyb/v/h -nav/h winConfig={ mBounds=Rect(0, 0 - 368, 194) mAppBounds=Rect(0, 0 - 368, 194) mMaxBounds=Rect(0, 0 - 368, 194) mDisplayRotation=ROTATION_270 mWindowingMode=fullscreen mActivityType=undefined mAlwaysOnTop=undefined mRotation=ROTATION_270} ?fontWeightAdjustment ?spn ?gid} for displayId=1
03-12 00:13:35.056  3163  3231 I InputManager-JNI: Viewport [0] to add: local:4630947043778501762, isActive: true
03-12 00:13:35.056  3163  3231 I InputManager-JNI: Viewport [1] to add: local:4630947043778501763, isActive: false
03-12 00:13:35.057  2068  6060 I vendor.qti.bluetooth@1.0-ibs_handler: ProcessIbsCmd: Received IBS_SLEEP_IND: 0xFE
03-12 00:13:35.058  3163  4285 I InputReader: Reconfiguring input devices, changes=DISPLAY_INFO
03-12 00:13:35.058  3163  4285 I InputReader: Disabling zinitix_mt (device 6) because the associated viewport is not active
03-12 00:13:35.058  3163  4285 I InputReader: Device reconfigured: id=6, name='zinitix_mt', size 194x368, orientation Rotation0, mode DISABLED, display id 1
03-12 00:13:35.059  3163  3229 V WindowManager: Content Recording: Display 1 state was (1), is now (1), so update recording?
03-12 00:13:35.059  3163  3229 D CLI/Transition: displaygroup 1, state OFF, pendingdisplaygroup -1
03-12 00:13:35.063  7545  7545 I FileStationLog: [ FS_h$a ] - [Display] Changed display: 1
03-12 00:13:35.066  2064 30926 E sensors-hal: handle_sns_client_event:62, mot_disprot_event: now=218770970690351 ts=218770951506499, type=16, status=3
03-12 00:13:35.070  5625  5669 I DisplayController: CLI display config changed. dpi:280, fontScale:1.0
03-12 00:13:35.070  5625  5669 V ShellDragAndDrop: Display changed: 1
03-12 00:13:35.070  7545  7545 I FileStationLog: [ FS_h$a ] - [Display] Ignoring change for non-default/desktop display: 1
03-12 00:13:35.071 30951 31116 I ThermalEngine: Monitor:ACTIVE:MON-CHG-BATT0:battery=6:BCHG_TEMP=38546
03-12 00:13:35.224 26976 26984 W System  : A resource failed to call close. 
03-12 00:13:35.225 26976 26984 W System  : A resource failed to call close. 
03-12 00:13:35.227 26976 26984 W System  : A resource failed to call close. 
03-12 00:13:35.228 26976 26984 W System  : A resource failed to call close. 
03-12 00:13:35.229 26976 26984 W System  : A resource failed to call close. 
03-12 00:13:35.231 26976 26984 W System  : A resource failed to call close. 
03-12 00:13:35.231 26976 26984 W System  : A resource failed to call close. 
03-12 00:13:35.232 26976 26984 W System  : A resource failed to call close. 
03-12 00:13:35.234 26976 26984 W System  : A resource failed to call close. 
03-12 00:13:35.234 26976 26984 W System  : A resource failed to call close. 
03-12 00:13:35.235 26976 26984 W System  : A resource failed to call close. 
03-12 00:13:35.236 26976 26984 W System  : A resource failed to call close. 
03-12 00:13:35.237 26976 26984 W System  : A resource failed to call close. 
03-12 00:13:35.238 26976 26984 W System  : A resource failed to call close. 
03-12 00:13:35.238 26976 26984 W System  : A resource failed to call close. 
03-12 00:13:35.255  2195  2392 I SDM     : PipeAllocSdma2::CalculatePipeNumToDedicate: num_vig: 0, num_dma: 1
03-12 00:13:35.255  2195  2392 I SDM     : DisplayBase::SetDisplayState: active 1-1 state 1-1 pending_power_state_ 0
03-12 00:13:35.256  2300  2300 D SurfaceFlinger: Finished setting power mode 2 on display 4630947043778501762
03-12 00:13:35.256  2300  2300 D RefreshRateSelector: found  TouchBoostRefreshRate: {fps=90.00 Hz, modePtr={id=4, vsyncRate=90.00 Hz, peakRefreshRate=90.00 Hz}}
03-12 00:13:35.256  2300  2300 D RefreshRateSelector: [90:120:0]: mTouchBoostRefreshRateAvailable=1, mScrollBoostRefreshRateAvailable=0, mTouchOnBlankNotBoostRefreshRateAvailable=0
03-12 00:13:35.257  3163  5305 D SurfaceControl: Excessive delay in setPowerMode()
03-12 00:13:35.257  3163  5305 W ServiceManagerCppClient: Failed to get isDeclared for com.motorola.hardware.display.panel.IDisplayPanel/default: Status(-1, EX_SECURITY): 'SELinux denied.'
03-12 00:13:35.257  3163  5305 D DisplayPanelService: Setting panel dc mode: 0
03-12 00:13:35.258  2090  2090 I DisplayPanel: setDcMode: DC mode = OFF
03-12 00:13:35.258  2300  2300 I BpBinder: onLastStrongRef automatically unlinking death recipients: 
03-12 00:13:35.258  2090  2090 D DisplayPanel: setParam: Success set DC to 0 for Primary display
03-12 00:13:35.262  2067  3269 D AHAL: AudioDevice: SetParameters: 1564: enter: screen_state=on
03-12 00:13:35.262  2067  3269 D AHAL: AudioVoice: VoiceSetParameters: 87: Enter params: screen_state=on
03-12 00:13:35.262  2067  3269 D AHAL: AudioVoice: VoiceSetParameters: 360: Exit ret: 0
03-12 00:13:35.262  2067  3269 D AHAL: FM: fm_set_parameters: 262: Enter
03-12 00:13:35.262  2067  3269 D AHAL: FM: fm_set_parameters: 320: exit
03-12 00:13:35.262  2067  3269 D AHAL: AudioDevice: SetParameters: 1625:  - screen = on
03-12 00:13:35.262  2067  3269 I PAL: ResourceManager: setParameter: 8311: Screen State:1
03-12 00:13:35.262  2067  3269 D AHAL: AudioDevice: SetParameters: 2361: exit: screen_state=on
03-12 00:13:35.262  3163  3229 D CLI/Transition: displaygroup 0, state ON, pendingdisplaygroup -1
03-12 00:13:35.264  3163  3352 D BrightnessThermalClamper: Thermal status observer already started
03-12 00:13:35.264  3163  3352 W BoostOptController: not supported hint: 118
03-12 00:13:35.268  2300  2300 E Scheduler: trackPendingFrame: Invalid present fence
03-12 00:13:35.269  3163  3352 D BrightnessThermalClamper: Thermal status observer already started
03-12 00:13:35.270  3163  3163 I BrightnessSynchronizer: New Update: {[14777] 0.020419393(f), mUpdatedTypes=0, mConfirmedTypes=0, mTimeUpdated=0, mState=2}
03-12 00:13:35.280  3163  3352 D BrightnessThermalClamper: Thermal status observer already started
03-12 00:13:35.280  3163  3352 D BrightnessThermalClamper: Thermal status observer already started
03-12 00:13:35.280  3163  3352 I WindowManager: Display 0 turned on...
03-12 00:13:35.282  3163  3352 D BrightnessThermalClamper: Thermal status observer already started
03-12 00:13:35.283  3163  3352 W PowerManagerService: Screen on took 514 ms
03-12 00:13:35.283  3163  3163 I WindowManager: Finished waking up... (groupId=0 why=ON_BECAUSE_OF_USER) pmWakeReason=WAKE_REASON_LID
03-12 00:13:35.283  3163  3231 D DisplayManagerService: Ignore redundant display event 1/4 to 10310/10834
03-12 00:13:35.283  3163  3231 D DisplayManagerService: Ignore redundant display event 1/4 to 10416/20010
03-12 00:13:35.283  3163  3231 D DisplayManagerService: Ignore redundant display event 1/4 to 10303/24871
03-12 00:13:35.283  7545  7545 I FileStationLog: [ FS_h$a ] - [Display] Changed display: 0
03-12 00:13:35.284  3163  3163 I BrightnessSynchronizer: New Update: {[14778] 0.020419393(f), mUpdatedTypes=0, mConfirmedTypes=0, mTimeUpdated=0, mState=2}
03-12 00:13:35.284  7545  7545 I FileStationLog: [ FS_h ] - [Logic] Retrieved display info: LogicDisplayInfo(width=1080, height=2640, orientation=1, rotation=0, displayId=0)
03-12 00:13:35.284  7545  7545 I FileStationLog: [ FS_h$a ] - [Display] New logical size: 1080x2640
03-12 00:13:35.284  7545  7545 I FileStationLog: [ FS_h$a ] - [Display] Screen width unchanged: 1080
03-12 00:13:35.286  5493  5493 I WallpaperService: engine resumed
03-12 00:13:35.286  5625  5669 D ShellSplitScreen: onFinishedWakingUp
03-12 00:13:35.287  2064  2064 I sensors-hal: flush:235, android.sensor.accelerometer/11
03-12 00:13:35.287  2064  2064 I sensors-hal: send_sync_sensor_request:341, send sync request
03-12 00:13:35.287  2064  2064 I sensors-hal: send_sync_sensor_request:367, wait for notification of response
03-12 00:13:35.289  2064  5194 I sensors-hal: ssc_conn_resp_cb:632, resp_value = 0
03-12 00:13:35.289  2064  2064 I sensors-hal: send_sync_sensor_request:373, takes 2 ms to receive the response with 0
03-12 00:13:35.289  2064  2064 I sensors-hal: flush:241, android.sensor.accelerometer/11 completed
03-12 00:13:35.292  2064  2064 I sensors-hal: batch:206, android.sensor.magnetic_field/21, period=20000000, max_latency=0
03-12 00:13:35.292  2064  2064 I sensors-hal: set_config:57, sample_period_ns is adjusted to 20000000 based on min/max delay_ns
03-12 00:13:35.292  2064  2064 I sensors-hal: batch:215, android.sensor.magnetic_field/21, period=20000000, max_latency=0 request completed
03-12 00:13:35.292  2064  2064 I sensors-hal: activate:173, android.sensor.magnetic_field/21 en=1
03-12 00:13:35.293  2064  2064 I sensors-hal: get_qmi_debug_flag:239, support_qmi_debug : false
03-12 00:13:35.294  2061  2108 E minksocket: MinkIPC_QRTR_Service: client with node 1 port 53be went down
03-12 00:13:35.296  2061  2108 E minksocket: MinkIPC_QRTR_Service: client with node 1 port 53bf went down
03-12 00:13:35.296  2061  2108 E minksocket: MinkIPC_QRTR_Service: client with node 1 port 53c0 went down
03-12 00:13:35.296  2061  2108 E minksocket: MinkIPC_QRTR_Service: client with node 1 port 53c1 went down
03-12 00:13:35.296  2064  2064 E Diag_Lib: diag: Diag_LSM_Init: invoked for pid: 2064 with init_count: 0
03-12 00:13:35.297  2064  2064 E Diag_Lib: diag:failed to connect to diag socket
03-12 00:13:35.297  2064  2064 E Diag_Lib:  Diag_LSM_Init: Failed to open handle to diag driver, error = 13
03-12 00:13:35.297  2064  2064 I sensors-hal: get_qmi_debug_flag:239, support_qmi_debug : false
03-12 00:13:35.298  2061  2108 E minksocket: MinkIPC_QRTR_Service: client with node 1 port 53c3 went down
03-12 00:13:35.299  2061  2108 E minksocket: MinkIPC_QRTR_Service: client with node 1 port 53c4 went down
03-12 00:13:35.301  2061  2108 E minksocket: MinkIPC_QRTR_Service: client with node 1 port 53c5 went down
03-12 00:13:35.302  2061  2108 E minksocket: MinkIPC_QRTR_Service: client with node 1 port 53c6 went down
03-12 00:13:35.302  2064  2064 E Diag_Lib: diag: Diag_LSM_Init: invoked for pid: 2064 with init_count: 0
03-12 00:13:35.303  2064  2064 E Diag_Lib: diag:failed to connect to diag socket
03-12 00:13:35.304  2064  2064 E Diag_Lib:  Diag_LSM_Init: Failed to open handle to diag driver, error = 13
03-12 00:13:35.307  2064  2064 I sensors-hal: send_sensor_config_request:395, resampler is used, set resampler config
03-12 00:13:35.307  2064  2064 I sensors-hal: send_sync_sensor_request:341, send sync request
03-12 00:13:35.310  2064 31137 I sensors-hal: ssc_conn_resp_cb:632, resp_value = 0
03-12 00:13:35.310  2064 31134 I sensors-hal: handle_indication_realtime:467,  SCHED_FIFO(10) for qmi_cbk
03-12 00:13:35.314  2064  2064 I sensors-hal: send_sync_sensor_request:367, wait for notification of response
03-12 00:13:35.315  2064 31137 I sensors-hal: handle_indication_realtime:467,  SCHED_FIFO(10) for qmi_cbk
03-12 00:13:35.315  2064  2064 I sensors-hal: send_sync_sensor_request:373, takes 0 ms to receive the response with 0
03-12 00:13:35.315  2064  2064 I sensors-hal: activate:294, mag_filter is enabled
03-12 00:13:35.315  2064  2064 I sensors-hal: activate:184, android.sensor.magnetic_field/21 en=1 completed
03-12 00:13:35.316  5493  5493 I AndroidInput: sensor listener setup
03-12 00:13:35.317  5493  5971 I AndroidGraphics: Unable to get safe area insets
03-12 00:13:35.317  5493  5971 I AndroidGraphics: resumed
03-12 00:13:35.318  2064  2064 I sensors-hal: batch:206, android.sensor.hinge_angle/362, period=200000000, max_latency=0
03-12 00:13:35.318  2064  2064 I sensors-hal: set_config:61, no need to adjust sample_period_ns due to reporting_mode = 2
03-12 00:13:35.318  2064  2064 I sensors-hal: batch:215, android.sensor.hinge_angle/362, period=200000000, max_latency=0 request completed
03-12 00:13:35.320  2064  2064 I sensors-hal: activate:173, android.sensor.hinge_angle/362 en=1
03-12 00:13:35.323  2064  2064 I sensors-hal: get_qmi_debug_flag:239, support_qmi_debug : false
03-12 00:13:35.324  2163  2163 D motorola.hardware.sensorext-service: handle id:13 wxh:1088x2640 uwxuh:1080x2640 size: 11489280 fd:11 fd_meta:12 flags:0x4000228 usage:0x33  format:0x1 layer_count: 1 reserved_size = 0
03-12 00:13:35.324  2061  2108 E minksocket: MinkIPC_QRTR_Service: client with node 1 port 53c8 went down
03-12 00:13:35.325  2061  2108 E minksocket: MinkIPC_QRTR_Service: client with node 1 port 53c9 went down
03-12 00:13:35.326  2064  4171 D slpi-TCS3720: ALS_REPORT lux 2.259561, ch0 0.968518-0.478991-0.394289-0.157407, scale 1.1878, fps 90, client 1
03-12 00:13:35.326  2064  4171 D slpi-TCS3720: PRX_OC info Far, Total 0, pdata 0, offset 0 step 0.63, ore 0:0 step 21.00, TH_H 1020, TH_L 0, client 0
03-12 00:13:35.326  2061  2108 E minksocket: MinkIPC_QRTR_Service: client with node 1 port 53ca went down
03-12 00:13:35.326  2064  2064 E Diag_Lib: diag: Diag_LSM_Init: invoked for pid: 2064 with init_count: 0
03-12 00:13:35.327  2061  2108 E minksocket: MinkIPC_QRTR_Service: client with node 1 port 53cb went down
03-12 00:13:35.327  2064  2064 E Diag_Lib: diag:failed to connect to diag socket
03-12 00:13:35.327  2064  2064 E Diag_Lib:  Diag_LSM_Init: Failed to open handle to diag driver, error = 13
03-12 00:13:35.327  2064  2064 I sensors-hal: send_sensor_config_request:463, dt=mot_hinge: convert sample_period=200000000 to batch_period=200000
03-12 00:13:35.327  2064  2064 I sensors-hal: send_sync_sensor_request:341, send sync request
03-12 00:13:35.327  2064  2064 I sensors-hal: send_sync_sensor_request:367, wait for notification of response
03-12 00:13:35.329  2195  2392 I SDM     : HWCSession::SetCWBOutputBuffer: CWB config passed by cwb_client : tappoint 1  CWB_ROI : (210.000000 26.000000 274.000000 90.000000) for display [1 0 0]
03-12 00:13:35.330  2064 31139 I sensors-hal: ssc_conn_resp_cb:632, resp_value = 0
03-12 00:13:35.330  2064  2064 I sensors-hal: send_sync_sensor_request:373, takes 2 ms to receive the response with 0
03-12 00:13:35.330 26976 27604 D MCLOG   : [BrightnessTrigger] onDisplayChanged displayId = 0
03-12 00:13:35.330  2064  2064 I sensors-hal: activate:184, android.sensor.hinge_angle/362 en=1 completed
03-12 00:13:35.332 26976 27604 D MCLOG   : [BrightnessManager] displayId = 0 brightness = 0.020419393 nit = 4.009904 level = br1
03-12 00:13:35.336  2195 31141 I SDM     : HWCDisplay::SetReadbackBuffer: CWB config from client: tap_point 1, CWB ROI Rect(210.000000 26.000000 274.000000 90.000000), PU_as_CWB_ROI 0, Cwb full rect : (0.000000 0.000000 1080.000000 2640.000000)
03-12 00:13:35.336  2195 31141 I SDM     : HWCDisplay::SetReadbackBuffer: Successfully configured the output buffer: readback_buffer_queued_ 1, readback_configured_ 0, cwb_client 3
03-12 00:13:35.336  2195 31141 I SDM     : HWCSession::ProcessRequests: Successfully configured CWB buffer.
03-12 00:13:35.340  3163  3231 I DisplayDeviceRepository: Display device changed: DisplayDeviceInfo{"Built-in Screen": uniqueId="local:4630947043778501762", 1080 x 2640, modeId 3, renderFrameRate 90.0, defaultModeId 1, userPreferredModeId -1, supportedModes [{id=1, width=1080, height=2640, fps=120.00001, vsync=120.00001, synthetic=false, alternativeRefreshRates=[24.000002, 60.000004], supportedHdrTypes=[2, 3, 4]}, {id=2, width=1080, height=2640, fps=144.00002, vsync=144.00002, synthetic=false, alternativeRefreshRates=[], supportedHdrTypes=[2, 3, 4]}, {id=3, width=1080, height=2640, fps=90.0, vsync=90.0, synthetic=false, alternativeRefreshRates=[], supportedHdrTypes=[2, 3, 4]}, {id=4, width=1080, height=2640, fps=60.000004, vsync=60.000004, synthetic=false, alternativeRefreshRates=[24.000002, 120.00001], supportedHdrTypes=[2, 3, 4]}, {id=5, width=1080, height=2640, fps=30.000002, vsync=30.000002, synthetic=false, alternativeRefreshRates=[], supportedHdrTypes=[2, 3, 4]}, {id=6, width=1080, height=2640, fps=24.000002, vsync=24.000002, synthetic=false, alternativeRefreshRates=[60.000004, 120.00001], supportedHdrTypes=[2, 3, 4]}], supportedReadyForModes [], colorMode 0, supportedColorModes [0, 7, 9], hdrCapabilities HdrCapabilities{mSupportedHdrTypes=[2, 3, 4], mMaxLuminance=420.0, mMaxAverageLuminance=210.1615, mMinLuminance=0.323}, allmSupported false, gameContentTypeSupported false, density 420, 397.565 x 435.428 dpi, appVsyncOff 1000000, presDeadline 17111110, cutout DisplayCutout{insets=Rect(0, 108 - 0, 0) waterfall=Insets{left=0, top=0, right=0, bottom=0} boundingRect={Bounds=[Rect(0, 0 - 0, 0), Rect(495, 0 - 585, 108), Rect(0, 0 - 0, 0), Rect(0, 0 - 0, 0)]} cutoutPathParserInfo={CutoutPathParserInfo{displayWidth=1080 displayHeight=2640 physicalDisplayWidth=1080 physicalDisplayHeight=2640 density={2.625} cutoutSpec={M -45,0 L 45,0 L 45,108 L -45,108 Z} rotation={0} scale={1.0} physicalPixelDisplaySizeRatio={1.0}}} sideOverrides={}}, touch INTERNAL, rotation 0, type INTERNAL, address {port=130, model=0x40446dccee101c}, deviceProductInfo DeviceProductInfo{name=, manufacturerPnpId=QCM, productId=1, modelYear=null, manufactureDate=ManufactureDate{week=27, year=2006}, connectionToSinkType=0}, state ON, committedState ON, frameRateOverride {uid=10254 frameRateHz=90.0} , brightnessMinimum 0.0, brightnessMaximum 1.0, brightnessDefault 0.38188976, hdrSdrRatio 1.0, FLAG_ALLOWED_TO_BE_DEFAULT_DISPLAY, FLAG_ROTATES_WITH_CONTENT, FLAG_SECURE, FLAG_SUPPORTS_PROTECTED_BUFFERS, FLAG_TRUSTED, installOrientation 0, displayShape DisplayShape{ spec=-1962366115 displayWidth=1080 displayHeight=2640 physicalPixelDisplaySizeRatio=1.0 rotation=0 offsetX=0 offsetY=0 scale=1.0}}
03-12 00:13:35.344  2195 31141 I SDM     : HWCSession::ProcessRequests: Pushing release fence in fenece wait queue.
03-12 00:13:35.344  2195 31141 I SDM     : HWCSession::ProcessRequests: Creating AsyncFenceWaits async thread.
03-12 00:13:35.345  2195 31141 I SDM     : HWCSession::ProcessRequests: Remove current CWB request from the pending request queue.
03-12 00:13:35.348  2195 31141 I SDM     : HWCSession::ProcessRequests: No pending cwb requests found in the queue.
03-12 00:13:35.350  2195  2269 I SDM     : HWDeviceDRM::SetupConcurrentWriteback: Tear down the Concurrent Writeback topology
03-12 00:13:35.356  5625  5625 I vol.VolumeDialogImpl: dismissH reason = posture_changed mDialog.isShowing(): false
03-12 00:13:35.357  2195 31143 I SDM     : HWCSession::NotifyCWBStatus: Notify the client about buffer status 0.
03-12 00:13:35.358  2195 31143 I SDM     : HWCSession::PerformFenceWaits: Remove current release fence from the pending fence wait queue.
03-12 00:13:35.358  2195 31143 I SDM     : HWCSession::PerformFenceWaits: CWB fence queue is empty. No pending release fence to wait on.
03-12 00:13:35.366  2163  2163 D SENSOREXT_ALS_COMP: FrontLight: ReportLux 0.50 (2.26-9.03), pre 0.10, dbv 760, dc 0, fps 90, chPanel 3.66-1.99-1.54-0.63, facCal:lux_s 1.19 cha_s 1.05-1.05-1.10-1.23, RunInfo: DPB 23512-165, TF 23512-0
03-12 00:13:35.368  3163  3352 V DisplayPowerController2[0]: Brightness [0.012504503] reason changing to: 'automatic', previous reason: 'manual'.
03-12 00:13:35.369  3163  3352 I DisplayPowerController2[0]: 03-12 00:13:35.368 - BrightnessEvent: disp=0, physDisp=local:4630947043778501762, displayState=ON, displayPolicy=BRIGHT, brt=0.012504503, initBrt=0.020419393, rcmdBrt=0.012504503, preBrt=NaN, lux=0.5, preLux=NaN, brtNits=3.7024603, hdrNits=NaN, initNits=4.009904, preNits=NaN, rcmdNits=3.7024603, hdrBrightness=NaN, brt(%)=1%, brtInt=4, hbmPolicy=normal, hbmMax=0.85440856, hbmMode=off, rbcStrength=50, thrmMax=1.0, powerFactor=1.0, wasShortTermModelActive=false, flags=, reason=automatic, autoBrightness=true, strategy=InvalidBrightnessStrategy, autoBrightnessMode=default
03-12 00:13:35.369  2300  2639 I SurfaceFlinger: mBrightnessDiming=1, isCli=0, mBrightnessDimingCnt=0
03-12 00:13:35.373  3163  3163 I BrightnessSynchronizer: New Update: {[14779] 0.012504503(f), mUpdatedTypes=1, mConfirmedTypes=0, mTimeUpdated=0, mState=2}
03-12 00:13:35.373  3163  3163 I BrightnessSynchronizer: [14779] New Update 0.012504503(f) set brightness values:  4(i)
03-12 00:13:35.373  3163  3163 I BrightnessSynchronizer: New PendingUpdate: {[14780] 0.012504503(f), mUpdatedTypes=0, mConfirmedTypes=0, mTimeUpdated=0, mState=1}, prev=null
03-12 00:13:35.375  3163  3163 I BrightnessSynchronizer: Swallowing update of 4(i) by update: {[14779] 0.012504503(f), mUpdatedTypes=1, mConfirmedTypes=1, mTimeUpdated=125907164, mState=2}
03-12 00:13:35.376  3163  3163 I BrightnessSynchronizer: Completed Update: {[14779] 0.012504503(f), mUpdatedTypes=1, mConfirmedTypes=1, mTimeUpdated=125907164, mState=3}
03-12 00:13:35.376  3163  3163 I BrightnessSynchronizer: New Update: {[14780] 0.012504503(f), mUpdatedTypes=0, mConfirmedTypes=0, mTimeUpdated=0, mState=2}
03-12 00:13:35.390  2064  4171 D slpi-TCS3720: ALS_REPORT lux 11.352316, ch0 4.306931-1.969186-1.987648-0.754466, scale 1.1878, fps 90, client 1
03-12 00:13:35.391  2064  4171 D slpi-TCS3720: PRX_OC info Far, Total 0, pdata 0, offset 0 step 0.63, ore 0:0 step 21.00, TH_H 1020, TH_L 0, client 0
03-12 00:13:35.392  2300  2639 I SurfaceFlinger: mBrightnessDiming=0, isCli=0, mBrightnessDimingCnt=0
03-12 00:13:35.394  3163  3163 I BrightnessSynchronizer: New Update: {[14781] 0.012504503(f), mUpdatedTypes=0, mConfirmedTypes=0, mTimeUpdated=0, mState=2}
03-12 00:13:35.524  2064 31139 I sensors-hal: handle_indication_realtime:467,  SCHED_FIFO(10) for qmi_cbk
03-12 00:13:35.527  2163  2163 D motorola.hardware.sensorext-service: handle id:13 wxh:1088x2640 uwxuh:1080x2640 size: 11489280 fd:11 fd_meta:12 flags:0x4000228 usage:0x33  format:0x1 layer_count: 1 reserved_size = 0
03-12 00:13:35.527  2195  2586 I SDM     : HWCSession::SetCWBOutputBuffer: CWB config passed by cwb_client : tappoint 1  CWB_ROI : (210.000000 26.000000 274.000000 90.000000) for display [1 0 0]
03-12 00:13:35.530  2195 31146 I SDM     : HWCDisplay::SetReadbackBuffer: CWB config from client: tap_point 1, CWB ROI Rect(210.000000 26.000000 274.000000 90.000000), PU_as_CWB_ROI 0, Cwb full rect : (0.000000 0.000000 1080.000000 2640.000000)
03-12 00:13:35.530  2195 31146 I SDM     : HWCDisplay::SetReadbackBuffer: Successfully configured the output buffer: readback_buffer_queued_ 1, readback_configured_ 0, cwb_client 3
03-12 00:13:35.530  2195 31146 I SDM     : HWCSession::ProcessRequests: Successfully configured CWB buffer.
03-12 00:13:35.539  2195 31146 I SDM     : HWCSession::ProcessRequests: Pushing release fence in fenece wait queue.
03-12 00:13:35.539  2195 31146 I SDM     : HWCSession::ProcessRequests: Creating AsyncFenceWaits async thread.
03-12 00:13:35.539  2195 31146 I SDM     : HWCSession::ProcessRequests: Remove current CWB request from the pending request queue.
03-12 00:13:35.539  2195 31146 I SDM     : HWCSession::ProcessRequests: No pending cwb requests found in the queue.
03-12 00:13:35.547  2195  2269 I SDM     : HWDeviceDRM::SetupConcurrentWriteback: Tear down the Concurrent Writeback topology
03-12 00:13:35.558  2195 31147 I SDM     : HWCSession::NotifyCWBStatus: Notify the client about buffer status 0.
03-12 00:13:35.558  2195 31147 I SDM     : HWCSession::PerformFenceWaits: Remove current release fence from the pending fence wait queue.
03-12 00:13:35.558  2195 31147 I SDM     : HWCSession::PerformFenceWaits: CWB fence queue is empty. No pending release fence to wait on.
03-12 00:13:35.565  2163  2163 D SENSOREXT_ALS_COMP: FrontLight: ReportLux 2.16 (11.35-9.19), pre 0.50, dbv 634, dc 0, fps 90, chPanel 3.76-2.03-1.55-0.63, facCal:lux_s 1.19 cha_s 1.05-1.05-1.10-1.23, RunInfo: DPB 23513-165, TF 23513-0
03-12 00:13:35.599  2064 30926 E sensors-hal: handle_sns_client_event:62, mot_disprot_event: now=218771504251132 ts=218771484994311, type=0, status=3
03-12 00:13:35.663  5625  5962 V PowerManager: userActivity when=125907454 event=0 flags=0 displayId=0 by (com.android.systemui) callers=android.os.PowerManager.userActivity:1487 com.android.systemui.keyguard.KeyguardViewMediator$$ExternalSyntheticLambda0.run:79 java.util.concurrent.ThreadPoolExecutor.runWorker:1145 
03-12 00:13:35.664  3163  7451 W BoostOptController: not supported hint: 118
03-12 00:13:35.685  5625  5625 I FalsingManager: Gesture start time: 125907450510000
03-12 00:13:35.707 28905 27796 W QAWalletSvc: No wallet cards to return. [CONTEXT service_id=79 ]
03-12 00:13:35.737  5625  5625 D KeyguardViewMediator: keyguardGoingAway requested for userId: 0
03-12 00:13:35.739  5625  5944 D KeyguardTransitionRepository: (Internal) Setting current transition info: TransitionInfo(ownerName=FromLockscreenTransitionInteractor, from=LOCKSCREEN, to=GONE, animated)
03-12 00:13:35.747  7314  7314 D GameMode: onStartedActivityChange: componnent: ComponentInfo{wsj.reader_sp/com.dowjones.android.IssueActivity} entered launcher screen? true
03-12 00:13:35.749  7314  7314 D GameMode: isScreenUnlocked: false
03-12 00:13:35.749  7314  7314 D GameMode: isScreenUnlocked: false
03-12 00:13:35.750  3163  3231 I DisplayDeviceRepository: Display device changed: DisplayDeviceInfo{"Built-in Screen": uniqueId="local:4630947043778501762", 1080 x 2640, modeId 3, renderFrameRate 90.0, defaultModeId 1, userPreferredModeId -1, supportedModes [{id=1, width=1080, height=2640, fps=120.00001, vsync=120.00001, synthetic=false, alternativeRefreshRates=[24.000002, 60.000004], supportedHdrTypes=[2, 3, 4]}, {id=2, width=1080, height=2640, fps=144.00002, vsync=144.00002, synthetic=false, alternativeRefreshRates=[], supportedHdrTypes=[2, 3, 4]}, {id=3, width=1080, height=2640, fps=90.0, vsync=90.0, synthetic=false, alternativeRefreshRates=[], supportedHdrTypes=[2, 3, 4]}, {id=4, width=1080, height=2640, fps=60.000004, vsync=60.000004, synthetic=false, alternativeRefreshRates=[24.000002, 120.00001], supportedHdrTypes=[2, 3, 4]}, {id=5, width=1080, height=2640, fps=30.000002, vsync=30.000002, synthetic=false, alternativeRefreshRates=[], supportedHdrTypes=[2, 3, 4]}, {id=6, width=1080, height=2640, fps=24.000002, vsync=24.000002, synthetic=false, alternativeRefreshRates=[60.000004, 120.00001], supportedHdrTypes=[2, 3, 4]}], supportedReadyForModes [], colorMode 0, supportedColorModes [0, 7, 9], hdrCapabilities HdrCapabilities{mSupportedHdrTypes=[2, 3, 4], mMaxLuminance=420.0, mMaxAverageLuminance=210.1615, mMinLuminance=0.323}, allmSupported false, gameContentTypeSupported false, density 420, 397.565 x 435.428 dpi, appVsyncOff 1000000, presDeadline 17111110, cutout DisplayCutout{insets=Rect(0, 108 - 0, 0) waterfall=Insets{left=0, top=0, right=0, bottom=0} boundingRect={Bounds=[Rect(0, 0 - 0, 0), Rect(495, 0 - 585, 108), Rect(0, 0 - 0, 0), Rect(0, 0 - 0, 0)]} cutoutPathParserInfo={CutoutPathParserInfo{displayWidth=1080 displayHeight=2640 physicalDisplayWidth=1080 physicalDisplayHeight=2640 density={2.625} cutoutSpec={M -45,0 L 45,0 L 45,108 L -45,108 Z} rotation={0} scale={1.0} physicalPixelDisplaySizeRatio={1.0}}} sideOverrides={}}, touch INTERNAL, rotation 0, type INTERNAL, address {port=130, model=0x40446dccee101c}, deviceProductInfo DeviceProductInfo{name=, manufacturerPnpId=QCM, productId=1, modelYear=null, manufactureDate=ManufactureDate{week=27, year=2006}, connectionToSinkType=0}, state ON, committedState ON, frameRateOverride , brightnessMinimum 0.0, brightnessMaximum 1.0, brightnessDefault 0.38188976, hdrSdrRatio 1.0, FLAG_ALLOWED_TO_BE_DEFAULT_DISPLAY, FLAG_ROTATES_WITH_CONTENT, FLAG_SECURE, FLAG_SUPPORTS_PROTECTED_BUFFERS, FLAG_TRUSTED, installOrientation 0, displayShape DisplayShape{ spec=-1962366115 displayWidth=1080 displayHeight=2640 physicalPixelDisplaySizeRatio=1.0 rotation=0 offsetX=0 offsetY=0 scale=1.0}}
03-12 00:13:35.756  3163  3249 W MotoBatteryCareService: uid: 10658 pkgName:wsj.reader_sp come to foreground
03-12 00:13:35.765  7314  7314 D GameMode: isScreenUnlocked: false
03-12 00:13:35.769  5625  5625 I KeyguardTransitionRepository: STARTED transition: TransitionStep(from=LOCKSCREEN, to=GONE, value=0.0, transitionState=STARTED, ownerName=FromLockscreenTransitionInteractor)
03-12 00:13:35.769  2300  2300 I Scheduler: notifyScrollEvent state=1
03-12 00:13:35.782  5625  5806 V SnapshotDrawerUtils: Drawing snapshot surface sizeMismatch=false
03-12 00:13:35.783  5643 20593 D ApfFilter: (wlan1): Ignoring RA RA fe80::c294:35ff:fe71:84fd -> ff02::1 180s 2601:85:ca02:f280::/64 7200s/7200s DNS 180s 2601:85:ca02:f280:c294:35ff:fe71:84fd 2001:558:feed::1 2001:558:feed::2 RIO 180s ::/0  which matches RA fe80::c294:35ff:fe71:84fd -> ff02::1 180s 2601:85:ca02:f280::/64 7200s/7200s DNS 180s 2601:85:ca02:f280:c294:35ff:fe71:84fd 2001:558:feed::1 2001:558:feed::2 RIO 180s ::/0 
03-12 00:13:35.785 30092 30092 W WindowOnBackDispatcher: OnBackInvokedCallback is not enabled for the application.
03-12 00:13:35.785 30092 30092 W WindowOnBackDispatcher: Set 'android:enableOnBackInvokedCallback="true"' in the application manifest.
03-12 00:13:35.788 30092 30110 D SessionLifecycleClient: Sending lifecycle 1 to service
03-12 00:13:35.793  2064  2064 I sensors-hal: batch:206, android.sensor.accelerometer/11, period=5000000, max_latency=0
03-12 00:13:35.793  2064  2064 I sensors-hal: set_config:57, sample_period_ns is adjusted to 5000000 based on min/max delay_ns
03-12 00:13:35.793  2064  2064 I sensors-hal: send_sensor_config_request:395, resampler is used, set resampler config
03-12 00:13:35.793  2064  2064 I sensors-hal: send_sync_sensor_request:341, send sync request
03-12 00:13:35.795  2064  2064 I sensors-hal: send_sync_sensor_request:367, wait for notification of response
03-12 00:13:35.796  2064  5194 I sensors-hal: ssc_conn_resp_cb:632, resp_value = 0
03-12 00:13:35.796  2064  2064 I sensors-hal: send_sync_sensor_request:373, takes 1 ms to receive the response with 0
03-12 00:13:35.796  2064  2064 I sensors-hal: batch:215, android.sensor.accelerometer/11, period=5000000, max_latency=0 request completed
03-12 00:13:35.798  2064  2064 I sensors-hal: flush:235, android.sensor.accelerometer/11
03-12 00:13:35.799  2064  2064 I sensors-hal: send_sync_sensor_request:341, send sync request
03-12 00:13:35.799  2064  2064 I sensors-hal: send_sync_sensor_request:367, wait for notification of response
03-12 00:13:35.799  2064  5194 I sensors-hal: ssc_conn_resp_cb:632, resp_value = 0
03-12 00:13:35.799  2064  2064 I sensors-hal: send_sync_sensor_request:373, takes 0 ms to receive the response with 0
03-12 00:13:35.800  2064  2064 I sensors-hal: flush:241, android.sensor.accelerometer/11 completed
03-12 00:13:35.802  2064  2064 I sensors-hal: batch:206, android.sensor.accelerometer/12, period=5000000, max_latency=0
03-12 00:13:35.802  2064  2064 I sensors-hal: set_config:57, sample_period_ns is adjusted to 5000000 based on min/max delay_ns
03-12 00:13:35.802  2064  2064 I sensors-hal: batch:215, android.sensor.accelerometer/12, period=5000000, max_latency=0 request completed
03-12 00:13:35.803  2064  2064 I sensors-hal: activate:173, android.sensor.accelerometer/12 en=1
03-12 00:13:35.804  2064  2064 I sensors-hal: get_qmi_debug_flag:239, support_qmi_debug : false
