--------- beginning of main
03-10 13:45:24.801  5643 13675 D ApfFilter: (wlan0): Ignoring RA RA fe80::c294:35ff:fe71:84fd -> ff02::1 180s 2601:85:ca02:f280::/64 7200s/7200s DNS 180s 2601:85:ca02:f280:c294:35ff:fe71:84fd 2001:558:feed::1 2001:558:feed::2 RIO 180s ::/0  which matches RA fe80::c294:35ff:fe71:84fd -> ff02::1 180s 2601:85:ca02:f280::/64 7200s/7200s DNS 180s 2601:85:ca02:f280:c294:35ff:fe71:84fd 2001:558:feed::1 2001:558:feed::2 RIO 180s ::/0 
03-10 13:45:24.805  3163  5158 D WifiStaIfaceHidlImpl: getCachedScanData is not implemented by HIDL
03-10 13:45:24.822 29296 29325 I appium  : channel read: GET /session/9af4fa8d-9803-4097-93d9-df36a545913c/source
03-10 13:45:24.823 29296 29325 I appium  : Source command
03-10 13:45:24.823 29296 29325 I appium  : Waiting up to 10000ms for the device to idle
03-10 13:45:24.837 29341 29773 V Signpost: tti Signpost Begin: feature_tti nux_address_autocomplete_query_lookup
03-10 13:45:24.841 29341 29773 V Signpost: tti Signpost Marker: feature_tti nux_address_autocomplete_query_lookup network_request_begin
03-10 13:45:24.898 29341 29345 I com.nextdoor: Compiler allocated 4311KB to compile a7.f t4.x.b(int)
03-10 13:45:24.932 29296 29325 D CompatChangeReporter: Compat change id reported: 247079863; UID 10620; state: ENABLED
03-10 13:45:24.998 29296 29325 I appium  : AppiumResponse: {"sessionId":"9af4fa8d-9803-4097-93d9-df36a545913c","value":"<?xml version='1.0' encoding='UTF-8' standalone='yes' ?>\r\n<hierarchy index=\"0\" class=\"hierarchy\" rotation=\"0\" width=\"1080\" height=\"2640\">\r\n  <android.widget.FrameLayout index=\"0\" package=\"com.nextdoor\" class=\"android.wid…
03-10 13:45:25.013 29296 29325 I appium  : channel read: GET /session/9af4fa8d-9803-4097-93d9-df36a545913c/screenshot
03-10 13:45:25.013 29296 29325 I appium  : CaptureScreenshot command
03-10 13:45:25.015 29296 29325 W tomator2.server: Accessing hidden method Landroid/view/Display;->getAddress()Landroid/view/DisplayAddress; (blocked, reflection, allowed)
03-10 13:45:25.015 29296 29325 W tomator2.server: Accessing hidden method Landroid/view/DisplayAddress$Physical;->getPhysicalDisplayId()J (blocked, reflection, allowed)
03-10 13:45:25.103 30525 30525 W BpBinder: Linking to death on android.gui.ISurfaceComposer but there are no threads (yet?) listening to incoming transactions. See ProcessState::startThreadPool and ProcessState::setThreadPoolMaxThreadCount. Generally you should setup the binder threadpool before other initialization steps.
03-10 13:45:25.103 30525 30525 W ProcessState: Extra binder thread started, but 0 threads requested. Do not use *startThreadPool when zero threads are requested.
03-10 13:45:25.111 29341 29341 V Signpost: tti Signpost End: feature_tti nux_address_autocomplete_query_lookup
03-10 13:45:25.123 29341 29341 W CCL     : Nothing to measure for widget: disable_overlay
03-10 13:45:25.127 29341 29341 W CCL     : Nothing to measure for widget: disable_overlay
03-10 13:45:25.130 29341 29341 W CCL     : Nothing to measure for widget: disable_overlay
03-10 13:45:25.132 29341 29341 W CCL     : Nothing to measure for widget: disable_overlay
03-10 13:45:25.135 29341 29341 W CCL     : Nothing to measure for widget: disable_overlay
03-10 13:45:25.237  2064  4171 D slpi    : tmd2712: Als lux: 597.90, ch0: 2109, ch1: 634, scale: 1.08, atime:50.04, again:128
03-10 13:45:25.288  2064  4171 D slpi    : tmd2712: Als lux: 512.00, ch0: 1808, ch1: 545, scale: 1.08, atime:50.04, again:128
03-10 13:45:25.329 23146 23146 D BoundBrokerSvc: onUnbind: Intent { act=com.google.android.gms.measurement.START pkg=com.google.android.gms }
03-10 13:45:25.332  2300  2597 I Scheduler: applyPolicy: UpdateRefreshRate 90 to 120 of group 3: [touch=0:0 touchBoost=0 scroll=0:0 idle=0:0] for display 4630947043778501762
03-10 13:45:25.337  2300  2597 D DisplayModeController: setDesiredMode 4630947043778501762 {mode={fps=120.00 Hz, modePtr={id=0, vsyncRate=120.00 Hz, peakRefreshRate=120.00 Hz}}, emitEvent=true, force=false}
--------- beginning of system
03-10 13:45:25.346  3163  4238 D ActivityManager: freezing 11416 com.google.android.permissioncontroller, reason = oom_cached
03-10 13:45:25.347  2300  2300 I SurfaceFlinger: initiateDisplayModeChanges changing active mode from 4(90.00 Hz:5) to 0(120.00 Hz:3) for display 4630947043778501762
03-10 13:45:25.347  2300  2300 I SurfaceFlinger: initiateDisplayModeChanges active mode changed to 0(120.00 Hz) for display 4630947043778501762. mBrightnessDimingCnt=0
03-10 13:45:25.348  2300  2436 D VSyncReactor: 4630947043778501762: confirming period 11->8(cnt1)
03-10 13:45:25.348  2195  2586 W SDM     : HWDeviceDRM::GetSupportedBitClkRate: Requested rate not supported: 0
03-10 13:45:25.348  2195  2586 I SDM     : HWDeviceDRM::UpdateMixerAttributes: Mixer WxH 1080x2640-0 for Peripheral
03-10 13:45:25.349  2195  2586 I SDM     : HWCDisplay::SubmitDisplayConfig: Active configuration changed from config 4 to 0
03-10 13:45:25.350  3163  4238 D ActivityManager: freezing 11439 com.motorola.dolby.dolbyui, reason = oom_cached
03-10 13:45:25.354  3163  5168 D InetDiagMessage: Destroyed 0 sockets, proto=IPPROTO_TCP, family=AF_INET, states=14
03-10 13:45:25.354  3163  5168 D InetDiagMessage: Destroyed 0 sockets, proto=IPPROTO_TCP, family=AF_INET6, states=14
03-10 13:45:25.354  3163  5168 D InetDiagMessage: Destroyed live tcp sockets for uids={10416} in 2ms
03-10 13:45:25.355  3163  5168 D InetDiagMessage: Destroyed 0 sockets, proto=IPPROTO_TCP, family=AF_INET, states=14
03-10 13:45:25.355  3163  5168 D InetDiagMessage: Destroyed 0 sockets, proto=IPPROTO_TCP, family=AF_INET6, states=14
03-10 13:45:25.356  3163  5168 D InetDiagMessage: Destroyed live tcp sockets for uids={10182} in 1ms
03-10 13:45:25.357  2300  2300 I SurfaceFlinger: initiateDisplayModeChanges changing active mode from 0(120.00 Hz:3) to 0(120.00 Hz:3) for display 4630947043778501762
03-10 13:45:25.359  2300  2436 D VSyncReactor: 4630947043778501762: period 8 confirmed(cnt1)
03-10 13:45:25.360  3163  3231 I DisplayDeviceRepository: Display device changed render timings: "Built-in Screen", renderFrameRate=120.00001, presentationDeadlineNanos=13333332, appVsyncOffsetNanos=1000000
03-10 13:45:25.367  2067 14471 D AHAL: AudioDevice: SetParameters: 1564: enter: screen_state=on
03-10 13:45:25.367  2067 14471 D AHAL: AudioVoice: VoiceSetParameters: 87: Enter params: screen_state=on
03-10 13:45:25.367  2067 14471 D AHAL: AudioVoice: VoiceSetParameters: 360: Exit ret: 0
03-10 13:45:25.367  2067 14471 D AHAL: FM: fm_set_parameters: 262: Enter
03-10 13:45:25.367  2067 14471 D AHAL: FM: fm_set_parameters: 320: exit
03-10 13:45:25.367  2067 14471 D AHAL: AudioDevice: SetParameters: 1625:  - screen = on
03-10 13:45:25.367  2067 14471 I PAL: ResourceManager: setParameter: 8311: Screen State:1
03-10 13:45:25.367  3163  3229 D CLI/Transition: displaygroup 0, state ON, pendingdisplaygroup -1
03-10 13:45:25.367  2067 14471 D AHAL: AudioDevice: SetParameters: 2361: exit: screen_state=on
03-10 13:45:25.367  3163  3352 D BrightnessThermalClamper: Thermal status observer already started
03-10 13:45:25.370  3163  3231 D DisplayManagerService: Ignore redundant display event 0/2 to 10416/11416
03-10 13:45:25.370  3163  3231 D DisplayManagerService: Ignore redundant display event 0/2 to 10584/29477
03-10 13:45:25.373  7545  7545 I FileStationLog: [ FS_h$a ] - [Display] Changed display: 0
03-10 13:45:25.373  7545  7545 I FileStationLog: [ FS_h ] - [Logic] Retrieved display info: LogicDisplayInfo(width=1080, height=2640, orientation=1, rotation=0, displayId=0)
03-10 13:45:25.373  7545  7545 I FileStationLog: [ FS_h$a ] - [Display] New logical size: 1080x2640
03-10 13:45:25.373  7545  7545 I FileStationLog: [ FS_h$a ] - [Display] Screen width unchanged: 1080
03-10 13:45:25.373 26976 27604 D MCLOG   : [BrightnessTrigger] onDisplayChanged displayId = 0
03-10 13:45:25.378 26976 27604 D MCLOG   : [BrightnessManager] displayId = 0 brightness = 0.47071174 nit = 145.47395 level = br2
03-10 13:45:25.396 29296 29325 I appium  : AppiumResponse: {"sessionId":"9af4fa8d-9803-4097-93d9-df36a545913c","value":"iVBORw0KGgoAAAANSUhEUgAABDgAAApQCAYAAABYiJrlAAAAAXNSR0IArs4c6QAAAARzQklUCAgICHwIZIgAACAASURBVHic7N15WBN34j/wd0IChARBUA4VUEQUFPCoAqIWxXrb01Zra622tYfV7vbY+/i1e7XbY9vut5fb26q12mpb6y0KFhWtIgiCKJciikBAjgRIMvP7g2WWmHBpEkh9v57H5zEzk5lPjgkz788lE0V…
03-10 13:45:25.404 29341 29489 D WM-SystemJobScheduler: Scheduling work ID c984a2c1-cbd4-400f-8acf-0a19dc89b2b6Job ID 14
03-10 13:45:25.406  3163  6909 W PackageManager: Missing required system package: com.nextdoor, but found with extended search.
03-10 13:45:25.410 29341 29489 D WM-GreedyScheduler: Starting tracking for c984a2c1-cbd4-400f-8acf-0a19dc89b2b6
03-10 13:45:25.413 29341 29489 D WM-ConstraintTracker: g: initial state = NetworkState(isConnected=true, isValidated=true, isMetered=false, isNotRoaming=true)
03-10 13:45:25.413 29341 29489 D WM-NetworkStateTracker: Registering network callback
03-10 13:45:25.414  3163  6975 D ConnectivityService: requestNetwork for uid/pid:10652/29341 activeRequest: null callbackRequest: 11929 [NetworkRequest [ REQUEST id=11930, [ Capabilities: INTERNET&NOT_RESTRICTED&TRUSTED&NOT_VCN_MANAGED&NOT_BANDWIDTH_CONSTRAINED Uid: 10652 RequestorUid: 10652 RequestorPkg: com.nextdoor UnderlyingNetworks: Null] ]] callback flags: 0 order: 2147483647 isUidTracked: false declaredMethods: ALL
03-10 13:45:25.415 29341 29489 D WM-GreedyScheduler: Constraints met: Scheduling work ID WorkGenerationalId(workSpecId=c984a2c1-cbd4-400f-8acf-0a19dc89b2b6, generation=0)
03-10 13:45:25.415  3163  3249 D addPss  : tracker=ProcessState{7440ff7 com.nextdoor/10652 pkg=com.nextdoor}
03-10 13:45:25.415 29341 29413 D WM-NetworkStateTracker: Network capabilities changed: [ Transports: WIFI Capabilities: NOT_METERED&INTERNET&NOT_RESTRICTED&TRUSTED&NOT_VPN&VALIDATED&NOT_ROAMING&FOREGROUND&NOT_CONGESTED&NOT_SUSPENDED&NOT_VCN_MANAGED&NOT_BANDWIDTH_CONSTRAINED LinkUpBandwidth>=5852Kbps LinkDnBandwidth>=62738Kbps TransportInfo: <SSID: <unknown ssid>, BSSID: 02:00:00:00:00:00, MAC: 02:00:00:00:00:00, IP: /10.0.0.248, Security type: 2, Supplicant state: COMPLETED, Wi-Fi standard: 11ax, RSSI: -63, Link speed: 576Mbps, Tx Link speed: 576Mbps, Max Supported Tx Link speed: 1200Mbps, Rx Link speed: 432Mbps, Max Supported Rx Link speed: 1200Mbps, Frequency: 5785MHz, Net ID: -1, Metered hint: false, score: 60, isUsable: true, CarrierMerged: false, SubscriptionId: -1, IsPrimary: -1, Trusted: true, Restricted: false, Ephemeral: false, OEM paid: false, OEM private: false, OSU AP: false, FQDN: <none>, Provider friendly name: <none>, Requesting package name: <none><none>MLO Information: , Is TID-To-Link negotiation supported by the AP: false, AP MLD Address: <none>, AP MLO Link Id: <none>, AP MLO Affiliated links: <none>, Vendor Data: <none>> SignalStrength: -63 UnderlyingNetworks: Null]
03-10 13:45:25.416  3163  5158 D WifiNetworkFactory: got request NetworkRequest [ REQUEST id=11930, [ Capabilities: INTERNET&NOT_RESTRICTED&TRUSTED&NOT_VCN_MANAGED&NOT_BANDWIDTH_CONSTRAINED Uid: 10652 RequestorUid: 10652 RequestorPkg: com.nextdoor UnderlyingNetworks: Null] ]
03-10 13:45:25.416 29341 29489 D WM-Processor: d: processing WorkGenerationalId(workSpecId=c984a2c1-cbd4-400f-8acf-0a19dc89b2b6, generation=0)
03-10 13:45:25.417  3163  5158 D UntrustedWifiNetworkFactory: got request NetworkRequest [ REQUEST id=11930, [ Capabilities: INTERNET&NOT_RESTRICTED&TRUSTED&NOT_VCN_MANAGED&NOT_BANDWIDTH_CONSTRAINED Uid: 10652 RequestorUid: 10652 RequestorPkg: com.nextdoor UnderlyingNetworks: Null] ]
03-10 13:45:25.417 29341 29341 D WM-SystemJobService: onStartJob for WorkGenerationalId(workSpecId=c984a2c1-cbd4-400f-8acf-0a19dc89b2b6, generation=0)
03-10 13:45:25.417  3163  5158 D OemPaidWifiNetworkFactory: got request NetworkRequest [ REQUEST id=11930, [ Capabilities: INTERNET&NOT_RESTRICTED&TRUSTED&NOT_VCN_MANAGED&NOT_BANDWIDTH_CONSTRAINED Uid: 10652 RequestorUid: 10652 RequestorPkg: com.nextdoor UnderlyingNetworks: Null] ]
03-10 13:45:25.419  3163  5168 D ConnectivityService: NetReassign [11930 : null → 135] [c 0] [a 1] [i 3]
03-10 13:45:25.419 29341 29341 D WM-WorkerWrapper: Starting work for com.nextdoor.tracking.FormerFlaskTrackingWorker
03-10 13:45:25.419  3163  5158 D MultiInternetWifiNetworkFactory: got request NetworkRequest [ REQUEST id=11930, [ Capabilities: INTERNET&NOT_RESTRICTED&TRUSTED&NOT_VCN_MANAGED&NOT_BANDWIDTH_CONSTRAINED Uid: 10652 RequestorUid: 10652 RequestorPkg: com.nextdoor UnderlyingNetworks: Null] ]
03-10 13:45:25.420 29341 29489 D WM-Processor: Work WorkGenerationalId(workSpecId=c984a2c1-cbd4-400f-8acf-0a19dc89b2b6, generation=0) is already enqueued for processing
03-10 13:45:25.548 29341 29505 I WM-WorkerWrapper: Worker result SUCCESS for Work [ id=c984a2c1-cbd4-400f-8acf-0a19dc89b2b6, tags={ com.nextdoor.tracking.FormerFlaskTrackingWorker } ]
03-10 13:45:25.549 29341 29341 D WM-Processor: d c984a2c1-cbd4-400f-8acf-0a19dc89b2b6 executed; reschedule = false
03-10 13:45:25.549 29341 29341 D WM-GreedyScheduler: Stopping tracking for WorkGenerationalId(workSpecId=c984a2c1-cbd4-400f-8acf-0a19dc89b2b6, generation=0)
03-10 13:45:25.550 29341 29341 D WM-SystemJobService: c984a2c1-cbd4-400f-8acf-0a19dc89b2b6 executed on JobScheduler
03-10 13:45:25.556 29341 29533 D WM-GreedyScheduler: Cancelling work ID c984a2c1-cbd4-400f-8acf-0a19dc89b2b6
03-10 13:45:25.559 29341 29510 D WM-NetworkStateTracker: Unregistering network callback
03-10 13:45:25.588  2064  4171 D slpi    : tmd2712: Als lux: 592.10, ch0: 2080, ch1: 619, scale: 1.08, atime:50.04, again:128
03-10 13:45:25.623  2300 27937 I Scheduler: applyPolicy: UpdateRefreshRate 120 to 120 of group 16: [touch=0:0 touchBoost=0 scroll=0:0 idle=1:1] for display 4630947043778501762
03-10 13:45:25.624  2300 27937 D DisplayModeController: setDesiredMode 4630947043778501762 {mode={fps=120.00 Hz, modePtr={id=1, vsyncRate=120.00 Hz, peakRefreshRate=120.00 Hz}}, emitEvent=false, force=false}
03-10 13:45:25.634  2300  2300 I SurfaceFlinger: initiateDisplayModeChanges changing active mode from 0(120.00 Hz:3) to 1(120.00 Hz:16) for display 4630947043778501762
03-10 13:45:25.634  2300  2300 I SurfaceFlinger: initiateDisplayModeChanges active mode changed to 1(120.00 Hz) for display 4630947043778501762. mBrightnessDimingCnt=0
03-10 13:45:25.635  2195  2586 W SDM     : HWDeviceDRM::GetSupportedBitClkRate: Requested rate not supported: 0
03-10 13:45:25.635  2195  2586 I SDM     : HWDeviceDRM::UpdateMixerAttributes: Mixer WxH 1080x2640-0 for Peripheral
03-10 13:45:25.635  2195  2586 I SDM     : HWCDisplay::SubmitDisplayConfig: Active configuration changed from config 0 to 3
03-10 13:45:25.637  2064  4171 D slpi    : tmd2712: Als lux: 672.00, ch0: 2349, ch1: 690, scale: 1.08, atime:50.04, again:128
03-10 13:45:25.642  2300  2300 I SurfaceFlinger: initiateDisplayModeChanges changing active mode from 1(120.00 Hz:16) to 1(120.00 Hz:16) for display 4630947043778501762
03-10 13:45:25.787  2064  4171 D slpi    : tmd2712: Als lux: 594.10, ch0: 2086, ch1: 620, scale: 1.08, atime:50.04, again:128
03-10 13:45:25.868  2300 27937 I Scheduler: applyPolicy: UpdateRefreshRate 120 to 120 of group 3: [touch=0:0 touchBoost=0 scroll=0:0 idle=0:0] for display 4630947043778501762
03-10 13:45:25.868  2300 27937 D DisplayModeController: setDesiredMode 4630947043778501762 {mode={fps=120.00 Hz, modePtr={id=0, vsyncRate=120.00 Hz, peakRefreshRate=120.00 Hz}}, emitEvent=true, force=false}
03-10 13:45:25.876  2300  2300 I SurfaceFlinger: initiateDisplayModeChanges changing active mode from 1(120.00 Hz:16) to 0(120.00 Hz:3) for display 4630947043778501762
03-10 13:45:25.877  2300  2300 I SurfaceFlinger: initiateDisplayModeChanges active mode changed to 0(120.00 Hz) for display 4630947043778501762. mBrightnessDimingCnt=0
03-10 13:45:25.877  2195  2586 W SDM     : HWDeviceDRM::GetSupportedBitClkRate: Requested rate not supported: 0
03-10 13:45:25.877  2195  2586 I SDM     : HWDeviceDRM::UpdateMixerAttributes: Mixer WxH 1080x2640-0 for Peripheral
03-10 13:45:25.878  2195  2586 I SDM     : HWCDisplay::SubmitDisplayConfig: Active configuration changed from config 3 to 0
03-10 13:45:25.885  2300  2300 I SurfaceFlinger: initiateDisplayModeChanges changing active mode from 0(120.00 Hz:3) to 0(120.00 Hz:3) for display 4630947043778501762
03-10 13:45:25.887  2064  4171 D slpi    : tmd2712: Als lux: 680.10, ch0: 2378, ch1: 699, scale: 1.08, atime:50.04, again:128
03-10 13:45:26.120  2300 27937 I Scheduler: applyPolicy: UpdateRefreshRate 120 to 120 of group 16: [touch=0:0 touchBoost=0 scroll=0:0 idle=1:1] for display 4630947043778501762
03-10 13:45:26.120  2300 27937 D DisplayModeController: setDesiredMode 4630947043778501762 {mode={fps=120.00 Hz, modePtr={id=1, vsyncRate=120.00 Hz, peakRefreshRate=120.00 Hz}}, emitEvent=false, force=false}
03-10 13:45:26.126  2300  2300 I SurfaceFlinger: initiateDisplayModeChanges changing active mode from 0(120.00 Hz:3) to 1(120.00 Hz:16) for display 4630947043778501762
03-10 13:45:26.127  2300  2300 I SurfaceFlinger: initiateDisplayModeChanges active mode changed to 1(120.00 Hz) for display 4630947043778501762. mBrightnessDimingCnt=0
03-10 13:45:26.127  2195  2586 W SDM     : HWDeviceDRM::GetSupportedBitClkRate: Requested rate not supported: 0
03-10 13:45:26.127  2195  2586 I SDM     : HWDeviceDRM::UpdateMixerAttributes: Mixer WxH 1080x2640-0 for Peripheral
03-10 13:45:26.128  2195  2586 I SDM     : HWCDisplay::SubmitDisplayConfig: Active configuration changed from config 0 to 3
03-10 13:45:26.134  2300  2300 I SurfaceFlinger: initiateDisplayModeChanges changing active mode from 1(120.00 Hz:16) to 1(120.00 Hz:16) for display 4630947043778501762
03-10 13:45:26.370  2300 27937 I Scheduler: applyPolicy: UpdateRefreshRate 120 to 120 of group 3: [touch=0:0 touchBoost=0 scroll=0:0 idle=0:0] for display 4630947043778501762
03-10 13:45:26.371  2300 27937 D DisplayModeController: setDesiredMode 4630947043778501762 {mode={fps=120.00 Hz, modePtr={id=0, vsyncRate=120.00 Hz, peakRefreshRate=120.00 Hz}}, emitEvent=true, force=false}
03-10 13:45:26.378  2300  2300 I SurfaceFlinger: initiateDisplayModeChanges changing active mode from 1(120.00 Hz:16) to 0(120.00 Hz:3) for display 4630947043778501762
03-10 13:45:26.378  2300  2300 I SurfaceFlinger: initiateDisplayModeChanges active mode changed to 0(120.00 Hz) for display 4630947043778501762. mBrightnessDimingCnt=0
03-10 13:45:26.379  2195  2586 W SDM     : HWDeviceDRM::GetSupportedBitClkRate: Requested rate not supported: 0
03-10 13:45:26.379  2195  2586 I SDM     : HWDeviceDRM::UpdateMixerAttributes: Mixer WxH 1080x2640-0 for Peripheral
03-10 13:45:26.380  2195  2586 I SDM     : HWCDisplay::SubmitDisplayConfig: Active configuration changed from config 3 to 0
03-10 13:45:26.388  2300  2300 I SurfaceFlinger: initiateDisplayModeChanges changing active mode from 0(120.00 Hz:3) to 0(120.00 Hz:3) for display 4630947043778501762
03-10 13:45:26.624  2300 27937 I Scheduler: applyPolicy: UpdateRefreshRate 120 to 120 of group 16: [touch=0:0 touchBoost=0 scroll=0:0 idle=1:1] for display 4630947043778501762
03-10 13:45:26.624  2300 27937 D DisplayModeController: setDesiredMode 4630947043778501762 {mode={fps=120.00 Hz, modePtr={id=1, vsyncRate=120.00 Hz, peakRefreshRate=120.00 Hz}}, emitEvent=false, force=false}
03-10 13:45:26.628  2300  2300 I SurfaceFlinger: initiateDisplayModeChanges changing active mode from 0(120.00 Hz:3) to 1(120.00 Hz:16) for display 4630947043778501762
03-10 13:45:26.629  2300  2300 I SurfaceFlinger: initiateDisplayModeChanges active mode changed to 1(120.00 Hz) for display 4630947043778501762. mBrightnessDimingCnt=0
03-10 13:45:26.630  2195  2586 W SDM     : HWDeviceDRM::GetSupportedBitClkRate: Requested rate not supported: 0
03-10 13:45:26.630  2195  2586 I SDM     : HWDeviceDRM::UpdateMixerAttributes: Mixer WxH 1080x2640-0 for Peripheral
03-10 13:45:26.631  2195  2586 I SDM     : HWCDisplay::SubmitDisplayConfig: Active configuration changed from config 0 to 3
03-10 13:45:26.636  2300  2300 I SurfaceFlinger: initiateDisplayModeChanges changing active mode from 1(120.00 Hz:16) to 1(120.00 Hz:16) for display 4630947043778501762
03-10 13:45:26.688  2064  4171 D slpi    : tmd2712: Als lux: 756.20, ch0: 2623, ch1: 755, scale: 1.08, atime:50.04, again:128
03-10 13:45:26.885  2300 27937 I Scheduler: applyPolicy: UpdateRefreshRate 120 to 120 of group 3: [touch=0:0 touchBoost=0 scroll=0:0 idle=0:0] for display 4630947043778501762
03-10 13:45:26.885  2300 27937 D DisplayModeController: setDesiredMode 4630947043778501762 {mode={fps=120.00 Hz, modePtr={id=0, vsyncRate=120.00 Hz, peakRefreshRate=120.00 Hz}}, emitEvent=true, force=false}
03-10 13:45:26.894  2300  2300 W RefreshRateSelector: Can't find min refresh rate by policy with the same mode group as the mode group 16
03-10 13:45:26.894  2300  2300 I Scheduler: applyPolicy: UpdateRefreshRate 120 to 24 of group 3: [touch=0:0 touchBoost=0 scroll=0:0 idle=0:0] for display 4630947043778501762
03-10 13:45:26.894  2300  2300 D DisplayModeController: setDesiredMode 4630947043778501762 {mode={fps=24.00 Hz, modePtr={id=7, vsyncRate=24.00 Hz, peakRefreshRate=24.00 Hz}}, emitEvent=true, force=false}
03-10 13:45:26.894  2300  2300 I SurfaceFlinger: initiateDisplayModeChanges changing active mode from 1(120.00 Hz:16) to 7(24.00 Hz:3) for display 4630947043778501762
03-10 13:45:26.895  2300  2300 I SurfaceFlinger: initiateDisplayModeChanges active mode changed to 7(24.00 Hz) for display 4630947043778501762. mBrightnessDimingCnt=0
03-10 13:45:26.895  2195  2586 W SDM     : HWDeviceDRM::GetSupportedBitClkRate: Requested rate not supported: 0
03-10 13:45:26.895  2195  2586 I SDM     : HWDeviceDRM::UpdateMixerAttributes: Mixer WxH 1080x2640-0 for Peripheral
03-10 13:45:26.896  2195  2586 I SDM     : HWCDisplay::SubmitDisplayConfig: Active configuration changed from config 3 to 7
03-10 13:45:26.902  2300  2300 I SurfaceFlinger: initiateDisplayModeChanges changing active mode from 7(24.00 Hz:3) to 7(24.00 Hz:3) for display 4630947043778501762
03-10 13:45:26.903  3163  3231 I DisplayDeviceRepository: Display device changed render timings: "Built-in Screen", renderFrameRate=24.000002, presentationDeadlineNanos=41666666, appVsyncOffsetNanos=1000000
03-10 13:45:26.907  3163  3352 D BrightnessThermalClamper: Thermal status observer already started
03-10 13:45:26.908  2067 14471 D AHAL: AudioDevice: SetParameters: 1564: enter: screen_state=on
03-10 13:45:26.908  2067 14471 D AHAL: AudioVoice: VoiceSetParameters: 87: Enter params: screen_state=on
03-10 13:45:26.908  2067 14471 D AHAL: AudioVoice: VoiceSetParameters: 360: Exit ret: 0
03-10 13:45:26.908  2067 14471 D AHAL: FM: fm_set_parameters: 262: Enter
03-10 13:45:26.908  2067 14471 D AHAL: FM: fm_set_parameters: 320: exit
03-10 13:45:26.908  2067 14471 D AHAL: AudioDevice: SetParameters: 1625:  - screen = on
03-10 13:45:26.908  2067 14471 I PAL: ResourceManager: setParameter: 8311: Screen State:1
03-10 13:45:26.908  2067 14471 D AHAL: AudioDevice: SetParameters: 2361: exit: screen_state=on
03-10 13:45:26.908  3163  3229 D CLI/Transition: displaygroup 0, state ON, pendingdisplaygroup -1
03-10 13:45:26.910  3163  3231 D DisplayManagerService: Ignore redundant display event 0/2 to 10416/11416
03-10 13:45:26.911  3163  3231 D DisplayManagerService: Ignore redundant display event 0/2 to 10584/29477
03-10 13:45:26.914 26976 27604 D MCLOG   : [BrightnessTrigger] onDisplayChanged displayId = 0
03-10 13:45:26.914  7545  7545 I FileStationLog: [ FS_h$a ] - [Display] Changed display: 0
03-10 13:45:26.914  7545  7545 I FileStationLog: [ FS_h ] - [Logic] Retrieved display info: LogicDisplayInfo(width=1080, height=2640, orientation=1, rotation=0, displayId=0)
03-10 13:45:26.914  7545  7545 I FileStationLog: [ FS_h$a ] - [Display] New logical size: 1080x2640
03-10 13:45:26.914  7545  7545 I FileStationLog: [ FS_h$a ] - [Display] Screen width unchanged: 1080
03-10 13:45:26.916 26976 27604 D MCLOG   : [BrightnessManager] displayId = 0 brightness = 0.47071174 nit = 145.47395 level = br2
03-10 13:45:27.200  2300 27937 I Scheduler: applyPolicy: UpdateRefreshRate 24 to 120 of group 16: [touch=0:0 touchBoost=0 scroll=0:0 idle=1:1] for display 4630947043778501762
03-10 13:45:27.201  2300 27937 D DisplayModeController: setDesiredMode 4630947043778501762 {mode={fps=120.00 Hz, modePtr={id=1, vsyncRate=120.00 Hz, peakRefreshRate=120.00 Hz}}, emitEvent=false, force=false}
03-10 13:45:27.220  2300  2300 I SurfaceFlinger: initiateDisplayModeChanges changing active mode from 7(24.00 Hz:3) to 1(120.00 Hz:16) for display 4630947043778501762
03-10 13:45:27.221  2300  2300 I SurfaceFlinger: initiateDisplayModeChanges active mode changed to 1(120.00 Hz) for display 4630947043778501762. mBrightnessDimingCnt=0
03-10 13:45:27.222  2195  2586 W SDM     : HWDeviceDRM::GetSupportedBitClkRate: Requested rate not supported: 0
03-10 13:45:27.222  2195  2586 I SDM     : HWDeviceDRM::UpdateMixerAttributes: Mixer WxH 1080x2640-0 for Peripheral
03-10 13:45:27.223  2195  2586 I SDM     : HWCDisplay::SubmitDisplayConfig: Active configuration changed from config 7 to 3
03-10 13:45:27.231  2300  2436 D VSyncReactor: 4630947043778501762: confirming period 41->8(cnt1)
03-10 13:45:27.262  2300  2300 I SurfaceFlinger: initiateDisplayModeChanges changing active mode from 1(120.00 Hz:16) to 1(120.00 Hz:16) for display 4630947043778501762
03-10 13:45:27.265  2300  2436 D VSyncReactor: 4630947043778501762: period 8 confirmed(cnt4)
03-10 13:45:27.337  2064  4171 D slpi    : tmd2712: Als lux: 861.60, ch0: 2903, ch1: 770, scale: 1.08, atime:50.04, again:128
03-10 13:45:27.385  2300 27937 W RefreshRateSelector: Can't find min refresh rate by policy with the same mode group as the mode group 16
03-10 13:45:27.386  2300 27937 I Scheduler: applyPolicy: UpdateRefreshRate 120 to 24 of group 3: [touch=0:0 touchBoost=0 scroll=0:0 idle=0:0] for display 4630947043778501762
03-10 13:45:27.386  2300 27937 D DisplayModeController: setDesiredMode 4630947043778501762 {mode={fps=24.00 Hz, modePtr={id=7, vsyncRate=24.00 Hz, peakRefreshRate=24.00 Hz}}, emitEvent=true, force=false}
03-10 13:45:27.387  2064  4171 D slpi    : tmd2712: Als lux: 1684.30, ch0: 3304, ch1: 770, scale: 1.08, atime:50.04, again:128
03-10 13:45:27.396  2300  2300 I SurfaceFlinger: initiateDisplayModeChanges changing active mode from 1(120.00 Hz:16) to 7(24.00 Hz:3) for display 4630947043778501762
03-10 13:45:27.397  2300  2300 I SurfaceFlinger: initiateDisplayModeChanges active mode changed to 7(24.00 Hz) for display 4630947043778501762. mBrightnessDimingCnt=0
03-10 13:45:27.398  2195  2586 W SDM     : HWDeviceDRM::GetSupportedBitClkRate: Requested rate not supported: 0
03-10 13:45:27.398  2195  2586 I SDM     : HWDeviceDRM::UpdateMixerAttributes: Mixer WxH 1080x2640-0 for Peripheral
03-10 13:45:27.398  2300  2436 D VSyncReactor: 4630947043778501762: confirming period 8->41(cnt1)
03-10 13:45:27.398  2195  2586 I SDM     : HWCDisplay::SubmitDisplayConfig: Active configuration changed from config 3 to 7
03-10 13:45:27.402  2300  2300 I SurfaceFlinger: initiateDisplayModeChanges changing active mode from 7(24.00 Hz:3) to 7(24.00 Hz:3) for display 4630947043778501762
03-10 13:45:27.407  2300  2436 D VSyncReactor: 4630947043778501762: period 41 confirmed(cnt1)
03-10 13:45:27.438  2064  4171 D slpi    : tmd2712: Als lux: 2099.60, ch0: 4198, ch1: 790, scale: 1.08, atime:50.04, again:128
03-10 13:45:27.458  2064  4171 I slpi-mot_tap : unmounted 202 - new tilt 34.672127
03-10 13:45:27.465  2064  4171 D slpi-TCS3720: ALS_REPORT lux 161.710922, ch0 82.334885-47.813976-30.290033-15.132735, scale 1.1878, fps 90, client 1
03-10 13:45:27.465  2163  2163 D motorola.hardware.sensorext-service: handle id:13 wxh:1088x2640 uwxuh:1080x2640 size: 11489280 fd:11 fd_meta:12 flags:0x4000228 usage:0x33  format:0x1 layer_count: 1 reserved_size = 0
03-10 13:45:27.465  2064  4171 D slpi-TCS3720: PRX_OC info Far, Total 0, pdata 0, offset 0 step 0.63, ore 0:0 step 21.00, TH_H 1020, TH_L 0, client 0
03-10 13:45:27.466  2195  2586 I SDM     : HWCSession::SetCWBOutputBuffer: CWB config passed by cwb_client : tappoint 1  CWB_ROI : (210.000000 26.000000 274.000000 90.000000) for display [1 0 0]
03-10 13:45:27.467  2195 30561 I SDM     : HWCDisplay::SetReadbackBuffer: CWB config from client: tap_point 1, CWB ROI Rect(210.000000 26.000000 274.000000 90.000000), PU_as_CWB_ROI 0, Cwb full rect : (0.000000 0.000000 1080.000000 2640.000000)
03-10 13:45:27.467  2195 30561 I SDM     : HWCDisplay::SetReadbackBuffer: Successfully configured the output buffer: readback_buffer_queued_ 1, readback_configured_ 0, cwb_client 3
03-10 13:45:27.467  2195 30561 I SDM     : HWCSession::ProcessRequests: Successfully configured CWB buffer.
03-10 13:45:27.487  2064  4171 D slpi    : tmd2712: Als lux: 1794.30, ch0: 3539, ch1: 779, scale: 1.08, atime:50.04, again:128
03-10 13:45:27.528  2195 30561 I SDM     : HWCSession::ProcessRequests: Pushing release fence in fenece wait queue.
03-10 13:45:27.528  2195 30561 I SDM     : HWCSession::ProcessRequests: Creating AsyncFenceWaits async thread.
03-10 13:45:27.529  2195 30561 I SDM     : HWCSession::ProcessRequests: Remove current CWB request from the pending request queue.
03-10 13:45:27.529  2195 30561 I SDM     : HWCSession::ProcessRequests: No pending cwb requests found in the queue.
03-10 13:45:27.536  2064  4171 D slpi    : tmd2712: Als lux: 691.30, ch0: 2335, ch1: 624, scale: 1.08, atime:50.04, again:128
03-10 13:45:27.572  2195 30563 I SDM     : HWCSession::NotifyCWBStatus: Notify the client about buffer status 0.
03-10 13:45:27.573  2195 30563 I SDM     : HWCSession::PerformFenceWaits: Remove current release fence from the pending fence wait queue.
03-10 13:45:27.573  2195 30563 I SDM     : HWCSession::PerformFenceWaits: CWB fence queue is empty. No pending release fence to wait on.
03-10 13:45:27.586  2163  2163 D SENSOREXT_ALS_COMP: FrontLight: ReportLux 14.80 (161.71-146.91), pre 40.42, dbv 7940, dc 0, fps 90, chPanel 79.70-44.74-30.74-13.94, facCal:lux_s 1.19 cha_s 0.94-0.97-0.88-0.94, RunInfo: DPB 11570-43, TF 11570-0
03-10 13:45:27.587  2064  4171 D slpi    : tmd2712: Als lux: 537.00, ch0: 1870, ch1: 544, scale: 1.08, atime:50.04, again:128
03-10 13:45:27.637  2300 27937 I Scheduler: applyPolicy: UpdateRefreshRate 24 to 120 of group 16: [touch=0:0 touchBoost=0 scroll=0:0 idle=1:1] for display 4630947043778501762
03-10 13:45:27.637  2300 27937 D DisplayModeController: setDesiredMode 4630947043778501762 {mode={fps=120.00 Hz, modePtr={id=1, vsyncRate=120.00 Hz, peakRefreshRate=120.00 Hz}}, emitEvent=false, force=false}
03-10 13:45:27.649  2300  2436 D VSyncReactor: 4630947043778501762: confirming period 41->8(cnt1)
03-10 13:45:27.679  2300  2300 I SurfaceFlinger: initiateDisplayModeChanges changing active mode from 7(24.00 Hz:3) to 1(120.00 Hz:16) for display 4630947043778501762
03-10 13:45:27.679  2300  2300 I SurfaceFlinger: initiateDisplayModeChanges active mode changed to 1(120.00 Hz) for display 4630947043778501762. mBrightnessDimingCnt=0
03-10 13:45:27.680  2195  2586 W SDM     : HWDeviceDRM::GetSupportedBitClkRate: Requested rate not supported: 0
03-10 13:45:27.680  2195  2586 I SDM     : HWDeviceDRM::UpdateMixerAttributes: Mixer WxH 1080x2640-0 for Peripheral
03-10 13:45:27.681  2195  2586 I SDM     : HWCDisplay::SubmitDisplayConfig: Active configuration changed from config 7 to 3
03-10 13:45:27.684  2195  2269 I SDM     : HWDeviceDRM::SetupConcurrentWriteback: Tear down the Concurrent Writeback topology
03-10 13:45:27.721  2300  2300 I SurfaceFlinger: initiateDisplayModeChanges changing active mode from 1(120.00 Hz:16) to 1(120.00 Hz:16) for display 4630947043778501762
03-10 13:45:27.724  2300  2436 D VSyncReactor: 4630947043778501762: period 8 confirmed(cnt5)
03-10 13:45:27.738  2064  4171 D slpi    : tmd2712: Als lux: 133.70, ch0: 4334, ch1: 1727, scale: 1.08, atime:50.04, again:1024
03-10 13:45:27.770  5643 13675 D ApfFilter: (wlan0): Ignoring RA RA fe80::c294:35ff:fe71:84fd -> ff02::1 180s 2601:85:ca02:f280::/64 7200s/7200s DNS 180s 2601:85:ca02:f280:c294:35ff:fe71:84fd 2001:558:feed::1 2001:558:feed::2 RIO 180s ::/0  which matches RA fe80::c294:35ff:fe71:84fd -> ff02::1 180s 2601:85:ca02:f280::/64 7200s/7200s DNS 180s 2601:85:ca02:f280:c294:35ff:fe71:84fd 2001:558:feed::1 2001:558:feed::2 RIO 180s ::/0 
03-10 13:45:27.787  2064  4171 D slpi    : tmd2712: Als lux: 108.10, ch0: 3465, ch1: 1355, scale: 1.08, atime:50.04, again:1024
03-10 13:45:27.837  3163  5158 D WifiStaIfaceHidlImpl: getCachedScanData is not implemented by HIDL
03-10 13:45:27.886  2300 27937 W RefreshRateSelector: Can't find min refresh rate by policy with the same mode group as the mode group 16
03-10 13:45:27.887  2064  4171 D slpi    : tmd2712: Als lux: 91.00, ch0: 3104, ch1: 1338, scale: 1.08, atime:50.04, again:1024
03-10 13:45:27.888  2300 27937 I Scheduler: applyPolicy: UpdateRefreshRate 120 to 24 of group 3: [touch=0:0 touchBoost=0 scroll=0:0 idle=0:0] for display 4630947043778501762
03-10 13:45:27.889  2300 27937 D DisplayModeController: setDesiredMode 4630947043778501762 {mode={fps=24.00 Hz, modePtr={id=7, vsyncRate=24.00 Hz, peakRefreshRate=24.00 Hz}}, emitEvent=true, force=false}
03-10 13:45:27.897  2300  2300 I SurfaceFlinger: initiateDisplayModeChanges changing active mode from 1(120.00 Hz:16) to 7(24.00 Hz:3) for display 4630947043778501762
03-10 13:45:27.897  2300  2300 I SurfaceFlinger: initiateDisplayModeChanges active mode changed to 7(24.00 Hz) for display 4630947043778501762. mBrightnessDimingCnt=0
03-10 13:45:27.898  2195  2586 W SDM     : HWDeviceDRM::GetSupportedBitClkRate: Requested rate not supported: 0
03-10 13:45:27.898  2195  2586 I SDM     : HWDeviceDRM::UpdateMixerAttributes: Mixer WxH 1080x2640-0 for Peripheral
03-10 13:45:27.899  2195  2586 I SDM     : HWCDisplay::SubmitDisplayConfig: Active configuration changed from config 3 to 7
03-10 13:45:27.899  2300  2436 D VSyncReactor: 4630947043778501762: confirming period 8->41(cnt1)
03-10 13:45:27.902  2300  2300 I SurfaceFlinger: initiateDisplayModeChanges changing active mode from 7(24.00 Hz:3) to 7(24.00 Hz:3) for display 4630947043778501762
03-10 13:45:27.908  2300  2436 D VSyncReactor: 4630947043778501762: period 41 confirmed(cnt1)
03-10 13:45:27.934  2064  4171 I slpi-MOT_HINGE: Hingeposture   0.0 tent:0 gpio:-1 flip:1 flat:1 b:-3.0 6.9 6.3 49.1 68.7 15.8 f:-3.2 -6.9 -6.2 50.8 -66.9 -18.3
03-10 13:45:27.941  3163  3231 I DeviceStateManagerService: Cannot notify device state info change when pending state is present.
03-10 13:45:27.944  3163  3229 D CLI/SmallCLI: onDeviceLidStateChanged: state=CLOSED
03-10 13:45:27.944  3163  3227 D TouchHwAidlService: onStateChanged.. state=1
03-10 13:45:27.945  3163  3352 W BoostOptController: not supported hint: 118
03-10 13:45:27.945  5625  5669 D ShellSplitScreen: onFoldedStateChanged: folded=true
03-10 13:45:27.946  2067 14471 D AHAL: AudioDevice: SetParameters: 1564: enter: device_folded=on
03-10 13:45:27.946  2067 14471 D AHAL: AudioVoice: VoiceSetParameters: 87: Enter params: device_folded=on
03-10 13:45:27.946  2067 14471 D AHAL: AudioVoice: VoiceSetParameters: 360: Exit ret: 0
03-10 13:45:27.946  2067 14471 D AHAL: FM: fm_set_parameters: 262: Enter
03-10 13:45:27.946  2067 14471 D AHAL: FM: fm_set_parameters: 320: exit
03-10 13:45:27.946  2067 14471 D AHAL: AudioDevice: SetParameters: 2361: exit: device_folded=on
03-10 13:45:27.946  5625  5625 I vol.VolumeDialogImpl: mDialog.dismiss() reason: posture_changed from: com.android.systemui.volume.VolumeDialogImpl$H.handleMessage:111 displayId: 0 mShowing: false mIsAnimatingDismiss: false
03-10 13:45:27.946  2300  2597 I Scheduler: applyPolicy: UpdateRefreshRate 24 to 90 of group 5: [touch=1:1 touchBoost=1 scroll=0:0 idle=0:0] for display 4630947043778501762
03-10 13:45:27.946  2300  2597 D DisplayModeController: setDesiredMode 4630947043778501762 {mode={fps=90.00 Hz, modePtr={id=4, vsyncRate=90.00 Hz, peakRefreshRate=90.00 Hz}}, emitEvent=true, force=false}
03-10 13:45:27.950  3163  3231 I LogicalDisplayMapper: Requesting Transition to state: 1, from state=5, interactive=true, mBootCompleted=true
03-10 13:45:27.950  3163  3231 I LogicalDisplayMapper: Applying layout: [{dispId: 0(ON), displayGroupName: , addr: {port=130, model=0x40446dccee101c}, mThermalBrightnessThrottlingMapId: null, mRefreshRateZoneId: null, mLeadDisplayId: -1, mLeadDisplayAddress: null, mThermalRefreshRateThrottlingMapId: null, mPowerThrottlingMapId: null}], Previous layout: [{dispId: 0(ON), displayGroupName: , addr: {port=130, model=0x40446dccee101c}, mThermalBrightnessThrottlingMapId: null, mRefreshRateZoneId: null, mLeadDisplayId: -1, mLeadDisplayAddress: null, mThermalRefreshRateThrottlingMapId: null, mPowerThrottlingMapId: null}]
03-10 13:45:27.965  3163  4279 I CLI/Transition_Device: lid state changed: OPEN -> OPEN, device state changed to CLOSED
03-10 13:45:27.965  3163  4279 D CLI/Rotation: Set volume keyswap sysprop for rotation 0 lidState OPEN
03-10 13:45:27.966  3163  4279 I WindowManager: updateRotationUnchecked CLI real rotation changed:1, rotation:1
03-10 13:45:27.966  2064  4171 D slpi-MOT_HALL: Flip send data : 2, State: North near
03-10 13:45:27.966  2064  4171 E slpi    : MOT_GPIO_FLIP kernel state gpio unset
03-10 13:45:27.966  2064  4173 I sensors-hal: handle_sns_client_event:365, mot_flip_event: now=94683871289758 hal ts=94683870013203, MOT_FLIP_STATE_CLOSED, count=756.0, cause=0.0, fwreg 1
03-10 13:45:27.967  2064  4173 I sensors-hal: sns_device_mode_init:227, sns_device_mode_init Start
03-10 13:45:27.967  2064  4173 I android.hardware.sensors@2.1-service.multihal: vendor/qcom/proprietary/adsprpc/src/fastrpc_apps_user.c:1553: remote_handle64_open: Successfully opened handle 0x1aeace50 for '":;./\createstaticpd:sensorspd&_dom=adsp on domain 0
03-10 13:45:27.969  2064  4173 I android.hardware.sensors@2.1-service.multihal: vendor/qcom/proprietary/adsprpc/src/fastrpc_perf.c:273: fastrpc_perf_init: enabled systrace 0x0 and RPC traces (kernel 0, dsp 0) with frequency 1000
03-10 13:45:27.969  2064 30574 I android.hardware.sensors@2.1-service.multihal: vendor/qcom/proprietary/adsprpc/src/log_config.c:348: file_watcher_thread starting for domain 0
03-10 13:45:27.969  2064 30573 I android.hardware.sensors@2.1-service.multihal: vendor/qcom/proprietary/adsprpc/src/listener_android.c:116: listener thread starting
03-10 13:45:27.969  2064 30574 W android.hardware.sensors@2.1-service.multihal: vendor/qcom/proprietary/adsprpc/src/log_config.c:358:file_watcher_thread: Couldn't find file android.hardware.sensors@2.1-service.multihal.farf, errno (No such file or directory)
03-10 13:45:27.972  2064 30573 I android.hardware.sensors@2.1-service.multihal: vendor/qcom/proprietary/adsprpc/src/mod_table.c:703: open_mod_table_open_from_static: reverse module apps_std opened with handle 0x450dfe00 (idx 0)
03-10 13:45:27.972  3163  4279 I WindowManager: Override config changes=20000000 {1.0 ?mcc0mnc [en_US] ldltr sw111dp w210dp h111dp 280dpi smll land night mot-cli finger -keyb/v/h -nav/h winConfig={ mBounds=Rect(0, 0 - 368, 194) mAppBounds=Rect(0, 0 - 368, 194) mMaxBounds=Rect(0, 0 - 368, 194) mDisplayRotation=ROTATION_90 mWindowingMode=fullscreen mActivityType=undefined mAlwaysOnTop=undefined mRotation=ROTATION_90} ?fontWeightAdjustment ?spn ?gid} for displayId=1
03-10 13:45:27.973  2064 30573 I android.hardware.sensors@2.1-service.multihal: vendor/qcom/proprietary/adsprpc/src/apps_std_imp.c:860: Successfully opened file /vendor/dsp/adsp/libsns_device_mode_skel.so
03-10 13:45:27.975  3163  3352 D BrightnessThermalClamper: Thermal status observer already started
03-10 13:45:27.976  7545  7545 I FileStationLog: [ FS_h$a ] - [Display] Changed display: 1
03-10 13:45:27.977  2064  4173 E android.hardware.sensors@2.1-service.multihal: vendor/qcom/proprietary/adsprpc/src/fastrpc_apps_user.c:1491: Error 0x80000406: remote_handle_open_domain: dynamic loading failed for file:///libsns_device_mode_skel.so?sns_device_mode_skel_handle_invoke&_modver=1.0&_dom=adsp on domain 0 (dlerror segment 0 failed hash verification(0x34DC000 B)) (errno Success)
03-10 13:45:27.977  2064  4173 E android.hardware.sensors@2.1-service.multihal: vendor/qcom/proprietary/adsprpc/src/fastrpc_apps_user.c:1550: Error 0x80000406: remote_handle64_open failed for file:///libsns_device_mode_skel.so?sns_device_mode_skel_handle_invoke&_modver=1.0&_dom=adsp (errno Success)
03-10 13:45:27.977  2064  4173 I sensors-hal: sns_device_mode_init:262, sns_device_mode_init End
03-10 13:45:27.977  2064  4173 E sensors-hal: sendDeviceMode:287, mot_flip: one or mode handles unopened: dm 0 rpc 1
03-10 13:45:27.977  2064  4173 E android.hardware.sensors@2.1-service.multihal: vendor/qcom/proprietary/adsprpc/src/fastrpc_apps_user.c:1366: Error 0x80000600: remote_handle_invoke failed for handle 0x0, method 1 on domain 0 (sc 0x1010200) (errno Success)
03-10 13:45:27.977  2064  4173 E android.hardware.sensors@2.1-service.multihal: vendor/qcom/proprietary/adsprpc/src/fastrpc_apps_user.c:1575: Error 0x80000600: remote_handle_close failed for handle 0x0 (dlerr \) (errno Success)
03-10 13:45:27.977  2064  4173 I android.hardware.sensors@2.1-service.multihal: vendor/qcom/proprietary/adsprpc/src/fastrpc_apps_user.c:2737: domain_deinit for domain 0: dev 83
03-10 13:45:27.977  3163  4279 E WindowManager: Display reconfigured outside of a transition: Display{#0 state=ON size=1080x2640 ROTATION_0}
03-10 13:45:27.979  2064 30573 E android.hardware.sensors@2.1-service.multihal: vendor/qcom/proprietary/adsprpc/src/fastrpc_apps_user.c:3516: exit_thread current process1 thread exit nErr = 0x8000040d domain 0, handle 0xb400007d1aeace50
03-10 13:45:27.979  3163  3352 D BrightnessThermalClamper: Thermal status observer already started
03-10 13:45:27.979  2064 30574 W android.hardware.sensors@2.1-service.multihal: vendor/qcom/proprietary/adsprpc/src/log_config.c:368:Warning: file_watcher_thread received exit for domain 0, file android.hardware.sensors@2.1-service.multihal.farf
03-10 13:45:27.979  2064 30574 I android.hardware.sensors@2.1-service.multihal: vendor/qcom/proprietary/adsprpc/src/log_config.c:415: file_watcher_thread exiting for domain 0
03-10 13:45:27.979  3163  3229 V WindowManager: Content Recording: Display 1 state was (1), is now (1), so update recording?
03-10 13:45:27.980  3163  3229 D CLI/Transition: displaygroup 1, state OFF, pendingdisplaygroup -1
03-10 13:45:27.980  2064  4173 I android.hardware.sensors@2.1-service.multihal: vendor/qcom/proprietary/adsprpc/src/mod_table.c:789: open_mod_table_close: closed reverse module apps_std with handle 0x450dfe00
03-10 13:45:27.980  2064  4173 E android.hardware.sensors@2.1-service.multihal: vendor/qcom/proprietary/adsprpc/src/fastrpc_apps_user.c:1614: Error 0x80000600: remote_handle64_close failed for handle 0xb400007d1aeace50 remote handle 0x0 (errno Success)
03-10 13:45:27.980  3163  3231 W OverrideRequestController: Attempted to cancel a null OverrideRequest
03-10 13:45:27.980  3163  3231 I DeviceStateManagerService: Cannot notify device state info change when pending state is present.
03-10 13:45:27.981  3163  3231 I InputManager-JNI: Viewport [0] to add: local:4630947043778501762, isActive: true
03-10 13:45:27.981  3163  3231 I InputManager-JNI: Viewport [1] to add: local:4630947043778501763, isActive: false
03-10 13:45:27.983  2300  2436 D VSyncReactor: 4630947043778501762: confirming period 41->11(cnt1)
03-10 13:45:27.983  3163  4285 I InputReader: Reconfiguring input devices, changes=DISPLAY_INFO
03-10 13:45:27.983  3163  4285 I InputReader: Disabling zinitix_mt (device 6) because the associated viewport is not active
03-10 13:45:27.983  3163  4285 I InputReader: Device reconfigured: id=6, name='zinitix_mt', size 194x368, orientation Rotation0, mode DISABLED, display id 1
03-10 13:45:27.984  5625  5669 I DisplayController: CLI display config changed. dpi:280, fontScale:1.0
03-10 13:45:27.984  5625  5669 V ShellDragAndDrop: Display changed: 1
03-10 13:45:27.985  6461  6564 I Capsense_Cal: Sensor GetEvents event_count==1
03-10 13:45:27.985  6461  6564 D Capsense_Cal: SensorThread sensorEvents
03-10 13:45:27.985  6461  6564 D Capsense_Cal: Capsensor hallEventHandler sensorEvents->data[0]==2.000000
03-10 13:45:27.985  6461  6564 D Capsense_Cal: start cal : /sys/class/capsense/capsense1/reset, msg: flip_near
03-10 13:45:27.988  6461  6564 D Capsense_Cal: start cal : /sys/class/capsense/capsense0/reset, msg: flip_near
03-10 13:45:27.990  2067 14471 D AHAL: AudioDevice: SetParameters: 1564: enter: screen_state=on
03-10 13:45:27.990  2067 14471 D AHAL: AudioVoice: VoiceSetParameters: 87: Enter params: screen_state=on
03-10 13:45:27.990  2067 14471 D AHAL: AudioVoice: VoiceSetParameters: 360: Exit ret: 0
03-10 13:45:27.990  2067 14471 D AHAL: FM: fm_set_parameters: 262: Enter
03-10 13:45:27.990  2067 14471 D AHAL: FM: fm_set_parameters: 320: exit
03-10 13:45:27.990  2067 14471 D AHAL: AudioDevice: SetParameters: 1625:  - screen = on
03-10 13:45:27.991  2067 14471 I PAL: ResourceManager: setParameter: 8311: Screen State:1
03-10 13:45:27.991  2067 14471 D AHAL: AudioDevice: SetParameters: 2361: exit: screen_state=on
03-10 13:45:27.997  7545  7545 I FileStationLog: [ FS_h$a ] - [Display] Ignoring change for non-default/desktop display: 1
03-10 13:45:27.999  3163  3352 W BoostOptController: not supported hint: 118
03-10 13:45:27.999  3163  3229 D CLI/SmallCLI: onDeviceLidStateChanged: state=CLOSED_HALL
03-10 13:45:28.000  3163  3231 I LogicalDisplayMapper: Requesting Transition to state: 0, from state=1, interactive=true, mBootCompleted=true
03-10 13:45:28.000  3163  3231 I LogicalDisplayMapper: Applying layout: [{dispId: 0(ON), displayGroupName: , addr: {port=130, model=0x40446dccee101c}, mThermalBrightnessThrottlingMapId: null, mRefreshRateZoneId: null, mLeadDisplayId: -1, mLeadDisplayAddress: null, mThermalRefreshRateThrottlingMapId: null, mPowerThrottlingMapId: null}], Previous layout: [{dispId: 0(ON), displayGroupName: , addr: {port=130, model=0x40446dccee101c}, mThermalBrightnessThrottlingMapId: null, mRefreshRateZoneId: null, mLeadDisplayId: -1, mLeadDisplayAddress: null, mThermalRefreshRateThrottlingMapId: null, mPowerThrottlingMapId: null}]
03-10 13:45:28.004  3163  3227 D TouchHwAidlService: onStateChanged.. state=0
03-10 13:45:28.005 10834 10834 I PkDeviceHelper: PkDeviceHelper.refreshDevices():93 refreshing devices
03-10 13:45:28.006  3163  4279 I CLI/Transition_Device: lid state changed: OPEN -> CLOSED, device state changed to CLOSED_HALL
03-10 13:45:28.006  2300  2300 I SurfaceFlinger: initiateDisplayModeChanges changing active mode from 7(24.00 Hz:3) to 4(90.00 Hz:5) for display 4630947043778501762
03-10 13:45:28.007  3163  4279 D CLI/Transition_Lid: update lid state CLOSED
03-10 13:45:28.007  2300  2300 I SurfaceFlinger: initiateDisplayModeChanges active mode changed to 4(90.00 Hz) for display 4630947043778501762. mBrightnessDimingCnt=0
03-10 13:45:28.008  2195  2586 W SDM     : HWDeviceDRM::GetSupportedBitClkRate: Requested rate not supported: 0
03-10 13:45:28.008  2195  2586 I SDM     : HWDeviceDRM::UpdateMixerAttributes: Mixer WxH 1080x2640-0 for Peripheral
03-10 13:45:28.008  2195  2586 I SDM     : HWCDisplay::SubmitDisplayConfig: Active configuration changed from config 7 to 4
03-10 13:45:28.010  7545  7545 I FileStationLog: [ FS_h$a ] - [Display] Changed display: 0
03-10 13:45:28.010  7545  7545 I FileStationLog: [ FS_h ] - [Logic] Retrieved display info: LogicDisplayInfo(width=1080, height=2640, orientation=1, rotation=0, displayId=0)
03-10 13:45:28.010  7545  7545 I FileStationLog: [ FS_h$a ] - [Display] New logical size: 1080x2640
03-10 13:45:28.010  7545  7545 I FileStationLog: [ FS_h$a ] - [Display] Screen width unchanged: 1080
03-10 13:45:28.015  3163  3227 D TouchHwAidlService: onTapToWakeSettingsChanged isAmbientDisplayAvailable=1 aodEnable=true singleTapEnable=true doubleTapEnable=true lidState=0 callers=com.motorola.server.display.TouchHwAidlService.-$$Nest$monTapToWakeSettingsChanged:0 com.motorola.server.display.TouchHwAidlService$4.onChange:573 android.database.ContentObserver.onChange:184 
03-10 13:45:28.015  3163  3227 D TouchHwAidlService: enableTapWake mode=33 displayId=0 mGestureStowMode=true
03-10 13:45:28.015  3163  3227 D TouchHwAidlService: transfer mode=33 transMode=32 cli=false
03-10 13:45:28.015  2106  2106 I motorola.hardware.display.touch-service: Setting Gesture to 32
03-10 13:45:28.016  3163  3227 D TouchHwAidlService: setGestureModeHal done mode=33 newMode=32 result=0
03-10 13:45:28.016  3163  3227 D TouchHwAidlService: enableTapWake mode=33 displayId=1 mGestureStowMode=true
03-10 13:45:28.016  2106  2106 I motorola.hardware.display.touch-service: Setting CLI Gesture to 33
03-10 13:45:28.019  3163  3227 D TouchHwAidlService: setCliGestureModeHal done mode=33 newMode=33 result=0
03-10 13:45:28.019  3163  3227 D TouchHwAidlService: enableTapWake mode=49 displayId=-1 mGestureStowMode=true
03-10 13:45:28.019  3163  3227 D TouchHwAidlService: transfer mode=49 transMode=48 cli=false
03-10 13:45:28.019  2106  2106 I motorola.hardware.display.touch-service: Setting Gesture to 48
03-10 13:45:28.019  3163  3227 D TouchHwAidlService: setGestureModeHal done mode=49 newMode=48 result=0
03-10 13:45:28.019  2106  2106 I motorola.hardware.display.touch-service: Setting CLI Gesture to 49
03-10 13:45:28.019  3163  3227 D TouchHwAidlService: setCliGestureModeHal done mode=49 newMode=49 result=0
03-10 13:45:28.020  3163  3227 D TouchHwAidlService: Unregister stow sensor
03-10 13:45:28.020  3163  3227 W AlarmManager: Unrecognized alarm listener com.motorola.server.display.TouchHwAidlService$AlarmListenerImpl@de23d8f
03-10 13:45:28.020  3163  3227 D TouchHwAidlService: Unregister stow sensor
03-10 13:45:28.020  3163  3227 W AlarmManager: Unrecognized alarm listener com.motorola.server.display.TouchHwAidlService$AlarmListenerImpl@de23d8f
