03-09 23:29:40.441  3163  5305 W ServiceManagerCppClient: Failed to get isDeclared for com.motorola.hardware.display.panel.IDisplayPanel/default: Status(-1, EX_SECURITY): 'SELinux denied.'
03-09 23:29:40.441  3163  5305 D DisplayPanelService: Setting panel dc mode: 0
03-09 23:29:40.442  2090  2090 I DisplayPanel: setDcMode: DC mode = OFF
03-09 23:29:40.442  2090  2090 D DisplayPanel: setParam: Success set DC to 0 for Primary display
03-09 23:29:40.442  3163  5305 D LocalDisplayAdapter: setDisplayPowerMode mode=0 for display=android.os.BinderProxy@d90d011
03-09 23:29:40.443  2300  2300 D SurfaceFlinger: Setting power mode 0 on display 4630947043778501762
03-09 23:29:40.444 10834 10834 I GoogleInputMethodService: GoogleInputMethodService.onFinishInputView():1577 onFinishInputView(false)
03-09 23:29:40.444  2133  2472 E IBG-Core: PluginsManager.isForegroundBusy() was called before PluginsManager.init() was called
03-09 23:29:40.445 10834 10834 I GlobeKeyExtension: GlobeKeyExtension.onDeactivate():144 
03-09 23:29:40.445 10834 10834 W TooltipLifecycleManager: TooltipLifecycleManager.dismissTooltips():153 Tooltip with id SUGGESTION_VIEW_EDU_MINI_DIALOG not found in tooltipManager.
03-09 23:29:40.446 10834 10834 I VoiceInputManagerWrapper: VoiceInputManagerWrapper.shutdown():131 shutdown()
03-09 23:29:40.447 10834 10834 W TooltipLifecycleManager: TooltipLifecycleManager.dismissTooltips():153 Tooltip with id spell_check_add_to_dictionary not found in tooltipManager.
03-09 23:29:40.448 10834 10834 I KeyboardViewController: KeyboardViewController.clearSubViewControllerInternal():448 Clears keyboard sub view controller for keyboardType: symbol, viewType: HEADER, viewId: 2131432334(#0x7f0b138e),which has not been set.
03-09 23:29:40.448 10834 10834 I InputBundle: InputBundle.consumeEvent():1033 Skip consuming an event as keyboard status is INACTIVE
03-09 23:29:40.449 10834 10834 I AndroidIME: AbstractIme.onDeactivate():216 LatinIme.onDeactivate()
03-09 23:29:40.451 10834 10834 I PrimesLoggerHolder: FrameMetricServiceImpl.stopAsFuture():239 Measurement not found: OnConfigurationChanged
03-09 23:29:40.451 10834 10834 W TooltipLifecycleManager: TooltipLifecycleManager.dismissTooltips():153 Tooltip with id undo_access_point_promotion_banner not found in tooltipManager.
03-09 23:29:40.452 10834 10996 I OnDeviceWmrCalculator: OnDeviceWmrCalculator.calculateWmr():94 WMR: -1.0000 (0 / 0)
03-09 23:29:40.460  3163  3163 I BrightnessSynchronizer: New Update: {[3737] 0.25152192(f), mUpdatedTypes=0, mConfirmedTypes=0, mTimeUpdated=0, mState=2}
03-09 23:29:40.461  2064  2064 I sensors-hal: activate:173, android.sensor.light/51 en=0
03-09 23:29:40.461  2061  2108 E minksocket: MinkIPC_QRTR_Service: client with node 1 port 6843 went down
03-09 23:29:40.462  2064  2064 I sensors-hal: activate:184, android.sensor.light/51 en=0 completed
03-09 23:29:40.462  2195  2392 I SDM     : DisplayBase::SetDisplayState: Set state = 0, display 57-0, teardown = 0
03-09 23:29:40.462  7545  7545 I FileStationLog: [ FS_h$a ] - [Display] Changed display: 1
03-09 23:29:40.462  2195  2392 I SDM     : DRMPanelFeatureMgr::MarkForNullCommit: Marked 7 for null commit
03-09 23:29:40.463  2195  2392 I SDM     : HWDeviceDRM::NullCommit: Null commit succeeded crtc=141
03-09 23:29:40.464  3163  5843 W SurfaceControl: Invalid layer stack -1
03-09 23:29:40.464  3163  5843 I DisplayDevice: [0] Layerstack set to -1 for local:4630947043778501762 mDisplayToken=android.os.BinderProxy@d90d011 t=Transaction{mNativeObject=-5476376673043675440, mHashCode=0}
03-09 23:29:40.464 10834 10834 I KeyboardModeUtils: KeyboardModeUtils.getKeyboardBottomOffset():435 inch: 0.000000 ydpi: 435.428009 adjustKeyboardBottomByDisplaySize: false currentDensityDpi: 420 defaultDensityDpi: 420 keyboardBottomToScreenPx: 0 keyboardBottomToNavBarPx: -126 navBarHeight: 126
03-09 23:29:40.464 10834 10834 I KeyboardHeightUtil: KeyboardHeightUtil.calculateMaxKeyboardBodyHeight():50 leave 281 height for app when ime window height:2406, header height:116 and isFullscreenMode:false, so the max keyboard body height is:2009
03-09 23:29:40.464 10834 10834 I KeyboardHeightUtil: KeyboardHeightUtil.calculateMaxKeyboardBodyHeight():50 leave 281 height for app when ime window height:2406, header height:116 and isFullscreenMode:false, so the max keyboard body height is:2009
03-09 23:29:40.466  3163  5235 E MotoSxfService: ModeUsage or ActivityState is null.
03-09 23:29:40.469  3163  3231 I InputManager-JNI: Viewport [0] to add: local:4630947043778501762, isActive: false
03-09 23:29:40.469  3163  3231 I InputManager-JNI: Viewport [1] to add: local:4630947043778501763, isActive: false
03-09 23:29:40.470  3163  4285 I InputReader: Reconfiguring input devices, changes=DISPLAY_INFO
03-09 23:29:40.470  3163  4285 I InputReader: Disabling goodix_ts (device 7) because the associated viewport is not active
03-09 23:29:40.471  3163  4285 I InputReader: Device reconfigured: id=7, name='goodix_ts', size 17281x42241, orientation Rotation0, mode DISABLED, display id 0
03-09 23:29:40.471  3163  4285 I InputReader: Disabling zinitix_mt (device 6) because the associated viewport is not active
03-09 23:29:40.473  5993  1243 I NearbySharing: Screen is locked
03-09 23:29:40.475  5993  1243 I NearbySharing: Stopping scanning because the screen is locked.
03-09 23:29:40.480  5993  1243 I NearbySharing: Stopping Fast Init advertisement because we're not scanning in the foreground.
03-09 23:29:40.482  5993  1243 I NearbySharing: Stopping advertising because Nearby Sharing is disabled.
03-09 23:29:40.482  5993  1243 I NearbySharing: Stopping FastInitiation scanning because the screen is locked.
03-09 23:29:40.483  5993  1243 I NearbySharing: Fast Initiation Scanning has stopped
03-09 23:29:40.483  5993  1243 I NearbySharing: Dismissing HUN as there's no device nearby.
03-09 23:29:40.485  3163  3229 D CLI/Transition: displaygroup 0, state OFF, pendingdisplaygroup -1
03-09 23:29:40.489  2067 11748 D AHAL: AudioDevice: SetParameters: 1564: enter: screen_state=off
03-09 23:29:40.489  2067 11748 D AHAL: AudioVoice: VoiceSetParameters: 87: Enter params: screen_state=off
03-09 23:29:40.489  2067 11748 D AHAL: AudioVoice: VoiceSetParameters: 360: Exit ret: 0
03-09 23:29:40.489  2067 11748 D AHAL: FM: fm_set_parameters: 262: Enter
03-09 23:29:40.489  2067 11748 D AHAL: FM: fm_set_parameters: 320: exit
03-09 23:29:40.489  2067 11748 D AHAL: AudioDevice: SetParameters: 1628:  - screen = off
03-09 23:29:40.489  2067 11748 I PAL: ResourceManager: setParameter: 8311: Screen State:0
03-09 23:29:40.489  2067 11748 D AHAL: AudioDevice: SetParameters: 2361: exit: screen_state=off
03-09 23:29:40.495 10834 10834 I PkDeviceHelper: PkDeviceHelper.refreshDevices():93 refreshing devices
03-09 23:29:40.495  3163  3231 D PanelsService: updateDefaultDisplayState: mScreenState=OFF
03-09 23:29:40.495 26976 27604 D MCLOG   : [BrightnessTrigger] onDisplayChanged displayId = 0
03-09 23:29:40.496  5993  5993 I NearbyDiscovery: (REDACTED) FastPairDisplayObserver: %s -> %s
03-09 23:29:40.497  3163  3231 W ServiceManagerCppClient: Failed to get isDeclared for com.motorola.hardware.display.panel.IDisplayPanel/default: Status(-1, EX_SECURITY): 'SELinux denied.'
03-09 23:29:40.497  3163  3231 D DisplayPanelService: Setting panel dc mode: 0
03-09 23:29:40.497  2090  2090 I DisplayPanel: setDcMode: DC mode = OFF
03-09 23:29:40.497  2090  2090 D DisplayPanel: setParam: Success set DC to 0 for Primary display
03-09 23:29:40.498  3163  3227 D TouchHwAidlService: updateDefaultDisplayState: mScreenOn=false
03-09 23:29:40.498  5658  6105 I bt_shim_scanner: system/main/shim/le_scanning_manager.cc:185 Scan: in shim layer stopped
03-09 23:29:40.499  5658  5907 I bluetooth: system/gd/hci/le_address_manager.cc:244 unregister_client: Client unregistered
03-09 23:29:40.499  5658  6105 W BtGatt.JNI: android/app/jni/com_android_bluetooth_gatt.cpp:1597 gattSetScanParametersNative: gattSetScanParametersNative
03-09 23:29:40.499  5658  6105 I bt_shim_scanner: system/main/shim/le_scanning_manager.cc:363 SetScanParameters: in shim layer, scannerId=1
03-09 23:29:40.499  5658  6105 I bt_shim_scanner: system/main/shim/le_scanning_manager.cc:185 Scan: in shim layer started
03-09 23:29:40.499  5658  5907 I bluetooth: system/gd/hci/le_address_manager.cc:248 unregister_client: Cancelled address rotation alarm
03-09 23:29:40.499  2068  2068 D vendor.qti.bluetooth@1.0-ibs_handler: SerialClockVote: vote for UART CLK ON
03-09 23:29:40.500  2068  2068 D vendor.qti.bluetooth@1.0-wake_lock: Acquire wakelock is acquired 
03-09 23:29:40.500  2068  2068 I vendor.qti.bluetooth@1.0-ibs_handler: DeviceWakeUp: Writing IBS_WAKE_IND
03-09 23:29:40.500  5993  8761 I NearbyDiscovery: (REDACTED) PureOffloadFastPairScanner: eventType=%s, isInternalReq=%s, isScanning=%s, isScanningAllowed=%s
03-09 23:29:40.502 26976 27604 D MCLOG   : [BrightnessManager] displayId = 0 brightness = 0.25152192 nit = 45.63239 level = br1
03-09 23:29:40.505  5993  8761 I NearbyDiscovery: (REDACTED) ApFastPairScanner: isScreenOn=%s, isLocationEnabled=%s, disableLocationRequirement=%s, isDiscoveryScanningEnabled=%s, during24GhzWifiWarmingUpPeriod=%s
03-09 23:29:40.506  5993  8761 D BluetoothAdapter: isLeEnabled(): ON
03-09 23:29:40.506  2068  6060 I vendor.qti.bluetooth@1.0-ibs_handler: ProcessIbsCmd: Received IBS_WAKE_ACK: 0xFC
03-09 23:29:40.506  2068  6060 I vendor.qti.bluetooth@1.0-ibs_handler: ProcessIbsCmd: Signal wack_cond_
03-09 23:29:40.506  5993  8761 I NearbyDiscovery: (REDACTED) ApFastPairScanner: eventType=%s, intReq=%s, scanning=%s, scanAllowed=%s, bleEnabled=%s, lockScanRate=%s, startScanningByLowPowerMode=%s
03-09 23:29:40.506  2068  2068 D vendor.qti.bluetooth@1.0-ibs_handler: DeviceWakeUp: Unblocked from waiting for FC, pthread_cond_timedwait ret = 0
03-09 23:29:40.506  5993  8761 I NearbyDiscovery: (REDACTED) ApFastPairScanner: Stopping scan, %s
03-09 23:29:40.506  5658  5907 I bluetooth: system/gd/hci/le_scanning_manager.cc:690 stop_scan: Scanning already stopped, return!
03-09 23:29:40.506  5993  8761 D BluetoothAdapter: isLeEnabled(): ON
03-09 23:29:40.506  5658  5907 I bluetooth: system/gd/hci/le_address_manager.cc:226 register_client: Scheduled address rotation for first client registered
03-09 23:29:40.506  5658  5907 I bluetooth: system/gd/hci/le_address_manager.cc:229 register_client: Client registered
03-09 23:29:40.506  2068  6060 I vendor.qti.bluetooth@1.0-ibs_handler: ProcessIbsCmd: Received IBS_WAKE_IND: 0xFD
03-09 23:29:40.506  2068  6060 I vendor.qti.bluetooth@1.0-ibs_handler: ProcessIbsCmd: Writing IBS_WAKE_ACK
03-09 23:29:40.507  7545  7545 I FileStationLog: [ FS_h$a ] - [Display] Ignoring change for non-default/desktop display: 1
03-09 23:29:40.514  5658  6105 I bt_shim_scanner: system/main/shim/le_scanning_manager.cc:185 Scan: in shim layer stopped
03-09 23:29:40.514  5658  5907 I bluetooth: system/gd/hci/le_address_manager.cc:244 unregister_client: Client unregistered
03-09 23:29:40.514  5658  5907 I bluetooth: system/gd/hci/le_address_manager.cc:248 unregister_client: Cancelled address rotation alarm
03-09 23:29:40.516  5658  6105 I bt_shim_scanner: system/main/shim/le_scanning_manager.cc:220 ScanFilterParamSetup: in shim layer, clientIf=1
03-09 23:29:40.517  5658  6105 I bt_shim_scanner: system/main/shim/le_scanning_manager.cc:220 ScanFilterParamSetup: in shim layer, clientIf=1
03-09 23:29:40.518  5658  6886 I bt_shim_scanner: system/main/shim/le_scanning_manager.cc:179 Unregister: in shim layer, scannerId=1
03-09 23:29:40.520  7545  7545 I FileStationLog: [ FS_h$a ] - [Display] Changed display: 0
03-09 23:29:40.520  5643 13675 D ApfFilter: (wlan0): Adding RA fe80::c294:35ff:fe71:84fd -> ff02::1 180s 2601:85:ca02:f280::/64 7200s/7200s DNS 180s 2601:85:ca02:f280:c294:35ff:fe71:84fd 2001:558:feed::1 2001:558:feed::2 RIO 180s ::/0 
03-09 23:29:40.520  7545  7545 I FileStationLog: [ FS_h ] - [Logic] Retrieved display info: LogicDisplayInfo(width=1080, height=2640, orientation=1, rotation=0, displayId=0)
03-09 23:29:40.520  7545  7545 I FileStationLog: [ FS_h$a ] - [Display] New logical size: 1080x2640
03-09 23:29:40.520  7545  7545 I FileStationLog: [ FS_h$a ] - [Display] Screen width unchanged: 1080
03-09 23:29:40.525  5625  5625 D CentralSurfaces: !shouldBeKeyguard mStatusBarStateController.isKeyguardRequested() false keyguardForDozing false wakeAndUnlocking false isWakingAndOccluded false
03-09 23:29:40.525  5625  5625 D CentralSurfaces: hideKeyguardImpl false
03-09 23:29:40.537  5625  5920 D Tile.ScreenshotTile: update state
03-09 23:29:40.543 10834 10834 I GoogleInputMethodService: GoogleInputMethodService.onFinishInput():2097 
03-09 23:29:40.544 10834 10834 I Module  : DeviceLockedStatusModuleProvider$Module.updateDeviceLockedStatus():103 repeatCheckTimes = 0, locked = false
03-09 23:29:40.554  2133  2133 W RemoteInputConnectionImpl: requestCursorUpdates on inactive InputConnection
03-09 23:29:40.554  2133  2133 E ImeBackDispatcher: Ime callback not found. Ignoring unregisterReceivedCallback. callbackId: 29817182
03-09 23:29:40.555  2133  2133 D VRI[AddressActivity]: visibilityChanged oldVisibility=true newVisibility=false
03-09 23:29:40.555  2133  2133 D InsetsController: hide(ime(), fromIme=true)
03-09 23:29:40.558  2068  6060 I vendor.qti.bluetooth@1.0-ibs_handler: ProcessIbsCmd: Received IBS_SLEEP_IND: 0xFE
03-09 23:29:40.562  5625  5669 D WindowManagerShell: onKeepClearAreasChanged: restricted={}, unrestricted={}
03-09 23:29:40.563  3163  4132 W AutofillManagerServiceImpl: getFillEventHistory() called by UID 10195, but service UID is 10240
03-09 23:29:40.571  2133  2489 E IBG-Core: PluginsManager.isForegroundBusy() was called before PluginsManager.init() was called
03-09 23:29:40.574  3163  7454 D FileUtils: Rounded bytes from 7725268992 to 8000000000
03-09 23:29:40.596  5625  5625 I vol.VolumeDialogImpl: dismissH reason = posture_changed mDialog.isShowing(): false
03-09 23:29:40.596  2133  2472 E IBG-Core: PluginsManager.isForegroundBusy() was called before PluginsManager.init() was called
03-09 23:29:40.602  2195  2392 I SDM     : DisplayBase::SetDisplayState: active 0-0 state 0-0 pending_power_state_ 0
03-09 23:29:40.602  2214  2254 W ANDR-PERF-LM: FeatureState: readState() 151: warning: appName is NULL, returning default State
03-09 23:29:40.602  2214  2254 W ANDR-PERF-LM: FeatureState: readState() 151: warning: appName is NULL, returning default State
03-09 23:29:40.602  2214  2254 W ANDR-PERF-LM: FeatureState: readState() 151: warning: appName is NULL, returning default State
03-09 23:29:40.602  2300  2300 D SurfaceFlinger: Finished setting power mode 0 on display 4630947043778501762
03-09 23:29:40.603  3163  5305 D SurfaceControl: Excessive delay in setPowerMode()
03-09 23:29:40.606  3163  3231 D DisplayManagerService: Ignore redundant display event 0/2 to 10416/12048
03-09 23:29:40.606  3163  3231 D DisplayManagerService: Ignore redundant display event 0/2 to 10434/20375
03-09 23:29:40.606  3163  3229 D CLI/Transition: displaygroup 0, state OFF, pendingdisplaygroup -1
03-09 23:29:40.606  3163  3231 D DisplayManagerService: Ignore redundant display event 0/2 to 10586/32704
03-09 23:29:40.606  3163  3352 D BrightnessThermalClamper: Thermal status observer already started
03-09 23:29:40.608  2067 11748 D AHAL: AudioDevice: SetParameters: 1564: enter: screen_state=off
03-09 23:29:40.608  2067 11748 D AHAL: AudioVoice: VoiceSetParameters: 87: Enter params: screen_state=off
03-09 23:29:40.608  2067 11748 D AHAL: AudioVoice: VoiceSetParameters: 360: Exit ret: 0
03-09 23:29:40.608  2067 11748 D AHAL: FM: fm_set_parameters: 262: Enter
03-09 23:29:40.608  2067 11748 D AHAL: FM: fm_set_parameters: 320: exit
03-09 23:29:40.608  2067 11748 D AHAL: AudioDevice: SetParameters: 1628:  - screen = off
03-09 23:29:40.608  2067 11748 I PAL: ResourceManager: setParameter: 8311: Screen State:0
03-09 23:29:40.608  2067 11748 D AHAL: AudioDevice: SetParameters: 2361: exit: screen_state=off
03-09 23:29:40.611  3163  5305 D PowerManagerService: nativeSetPowerMode ret:false mode:9 enabled:true duration ms: 0
03-09 23:29:40.612  3163  3352 D PowerManagerService: nativeSetPowerMode ret:true mode:7 enabled:false duration ms: 1
03-09 23:29:40.612  2078  2078 I QTI PowerHAL: Power setMode: 7 to: 0
03-09 23:29:40.613  2078  2078 I QTI PowerHAL: Got set_interactive hint
03-09 23:29:40.613  3163  3352 I DreamManagerService: Entering dreamland. callers=com.android.server.dreams.DreamManagerService.startDreamInternal:531 com.android.server.dreams.DreamManagerService.-$$Nest$mstartDreamInternal:0 com.android.server.dreams.DreamManagerService$LocalService.startDream:1246 com.android.server.power.PowerManagerService.handleSandman:4199 com.android.server.power.PowerManagerService.-$$Nest$mhandleSandman:0 
03-09 23:29:40.613  3163  4188 W PackageManager: Missing required system package: com.dd.doordash, but found with extended search.
03-09 23:29:40.613  2078  2078 I QTI PowerHAL: Got set_interactive hint on= 0, count= 434
03-09 23:29:40.613  3163  3352 D PowerManagerService: nativeReleaseSuspendBlocker name:PowerManagerService.Display duration ms: 0
03-09 23:29:40.613  3163  3352 D PowerManagerService: nativeSetAutoSuspend enable:true duration ms: 0
03-09 23:29:40.613  3163  3352 I PowerManagerService: Dozing... groupId=1
03-09 23:29:40.613  3163  3352 D PowerManagerService: handleSandman ignore 0
03-09 23:29:40.614  3163  3163 I BrightnessSynchronizer: New Update: {[3738] 0.25152192(f), mUpdatedTypes=0, mConfirmedTypes=0, mTimeUpdated=0, mState=2}
03-09 23:29:40.614  3163  7445 E WindowManager: Dream packageName does not match active dream. Package com.google.android.gsf does not match ComponentInfo{com.android.systemui/com.android.systemui.doze.DozeService}
03-09 23:29:40.614  3163  7445 E WindowManager: Dream packageName does not match active dream. Package com.google.android.gms does not match ComponentInfo{com.android.systemui/com.android.systemui.doze.DozeService}
03-09 23:29:40.616  3163  6380 E WindowManager: Dream packageName does not match active dream. Package com.motorola.mobiledesktop does not match ComponentInfo{com.android.systemui/com.android.systemui.doze.DozeService}
03-09 23:29:40.617 26976 27604 D MCLOG   : [BrightnessTrigger] onDisplayChanged displayId = 0
03-09 23:29:40.618  3163  3227 I DreamController: Starting dream: name=ComponentInfo{com.android.systemui/com.android.systemui.doze.DozeService}, isPreviewMode=false, canDoze=true, userId=0, reason='power manager request', mCurrentDreamStartTime=43290626, isFirstTimeDream=false
03-09 23:29:40.620  2133  2494 W Braze v27.0.1 .BrazeConfigurationProvider: ****************************************************
03-09 23:29:40.620  2133  2494 W Braze v27.0.1 .BrazeConfigurationProvider: **                                                **
03-09 23:29:40.621  2133  2494 W Braze v27.0.1 .BrazeConfigurationProvider: **                 !! WARNING !!                  **
03-09 23:29:40.621  3163  6380 E WindowManager: Dream packageName does not match active dream. Package com.motorola.mobiledesktop does not match ComponentInfo{com.android.systemui/com.android.systemui.doze.DozeService}
03-09 23:29:40.621  2133  2494 W Braze v27.0.1 .BrazeConfigurationProvider: **                                                **
03-09 23:29:40.621  2133  2494 W Braze v27.0.1 .BrazeConfigurationProvider: **     No API key set in res/values/braze.xml     **
03-09 23:29:40.621  2133  2494 W Braze v27.0.1 .BrazeConfigurationProvider: ** No cached API Key found from Braze.configure   **
03-09 23:29:40.621  2133  2494 W Braze v27.0.1 .BrazeConfigurationProvider: **          Braze functionality disabled          **
03-09 23:29:40.621  2133  2494 W Braze v27.0.1 .BrazeConfigurationProvider: **                                                **
03-09 23:29:40.621  2133  2494 W Braze v27.0.1 .BrazeConfigurationProvider: ****************************************************
03-09 23:29:40.621  2133  2494 E Braze v27.0.1 .Braze: Caught exception while retrieving API key.
03-09 23:29:40.621  2133  2494 E Braze v27.0.1 .Braze: java.lang.RuntimeException: Unable to read the Braze API key from the res/values/braze.xml file or from runtime configuration via BrazeConfig. See log for more details.
03-09 23:29:40.621  2133  2494 E Braze v27.0.1 .Braze: 	at com.braze.configuration.BrazeConfigurationProvider.getBrazeApiKey(Unknown Source:131)
03-09 23:29:40.621  2133  2494 E Braze v27.0.1 .Braze: 	at com.braze.Braze$Companion.getConfiguredApiKey(Unknown Source:5)
03-09 23:29:40.621  2133  2494 E Braze v27.0.1 .Braze: 	at com.braze.Braze$d.a(Unknown Source:31)
03-09 23:29:40.621  2133  2494 E Braze v27.0.1 .Braze: 	at com.braze.Braze$d.invoke(Unknown Source:0)
03-09 23:29:40.621  2133  2494 E Braze v27.0.1 .Braze: 	at com.braze.Braze$d3$a.invokeSuspend(Unknown Source:12)
03-09 23:29:40.621  2133  2494 E Braze v27.0.1 .Braze: 	at kotlin.coroutines.jvm.internal.BaseContinuationImpl.resumeWith(Unknown Source:11)
03-09 23:29:40.621  2133  2494 E Braze v27.0.1 .Braze: 	at kotlinx.coroutines.DispatchedTask.run(Unknown Source:128)
03-09 23:29:40.621  2133  2494 E Braze v27.0.1 .Braze: 	at kotlinx.coroutines.EventLoopImplBase.processNextEvent(Unknown Source:18)
03-09 23:29:40.621  2133  2494 E Braze v27.0.1 .Braze: 	at kotlinx.coroutines.BlockingCoroutine.joinBlocking(Unknown Source:32)
03-09 23:29:40.621  2133  2494 E Braze v27.0.1 .Braze: 	at kotlinx.coroutines.BuildersKt__BuildersKt.runBlocking(Unknown Source:76)
03-09 23:29:40.621  2133  2494 E Braze v27.0.1 .Braze: 	at kotlinx.coroutines.BuildersKt.runBlocking(Unknown Source:0)
03-09 23:29:40.621  2133  2494 E Braze v27.0.1 .Braze: 	at kotlinx.coroutines.BuildersKt__BuildersKt.runBlocking$default(Unknown Source:6)
03-09 23:29:40.621  2133  2494 E Braze v27.0.1 .Braze: 	at kotlinx.coroutines.BuildersKt.runBlocking$default(Unknown Source:0)
03-09 23:29:40.621  2133  2494 E Braze v27.0.1 .Braze: 	at com.braze.Braze$d3.invokeSuspend(Unknown Source:19)
03-09 23:29:40.621  2133  2494 E Braze v27.0.1 .Braze: 	at kotlin.coroutines.jvm.internal.BaseContinuationImpl.resumeWith(Unknown Source:11)
03-09 23:29:40.621  2133  2494 E Braze v27.0.1 .Braze: 	at kotlinx.coroutines.DispatchedTask.run(Unknown Source:128)
03-09 23:29:40.621  2133  2494 E Braze v27.0.1 .Braze: 	at java.util.concurrent.ThreadPoolExecutor.runWorker(ThreadPoolExecutor.java:1145)
03-09 23:29:40.621  2133  2494 E Braze v27.0.1 .Braze: 	at java.util.concurrent.ThreadPoolExecutor$Worker.run(ThreadPoolExecutor.java:644)
03-09 23:29:40.621  2133  2494 E Braze v27.0.1 .Braze: 	at java.lang.Thread.run(Thread.java:1012)
03-09 23:29:40.621  7545  7545 I FileStationLog: [ FS_h$a ] - [Display] Changed display: 0
03-09 23:29:40.622  7545  7545 I FileStationLog: [ FS_h ] - [Logic] Retrieved display info: LogicDisplayInfo(width=1080, height=2640, orientation=1, rotation=0, displayId=0)
03-09 23:29:40.622  5625  5625 I vol.VolumeDialogImpl: mDialog.dismiss() reason: volume_controller from: com.android.systemui.volume.VolumeDialogImpl$10.onDismissRequested:3 displayId: 0 mShowing: false mIsAnimatingDismiss: false
03-09 23:29:40.622  3163  3352 D PowerManagerService: handleSandman ignore 0
03-09 23:29:40.623  3163  3352 D PowerManagerService: handleSandman ignore 0
03-09 23:29:40.623  7545  7545 I FileStationLog: [ FS_h$a ] - [Display] New logical size: 1080x2640
03-09 23:29:40.624  7545  7545 I FileStationLog: [ FS_h$a ] - [Display] Screen width unchanged: 1080
03-09 23:29:40.624  5625  5625 V DreamService[DozeService]: onCreate()
03-09 23:29:40.624 26976 27604 D MCLOG   : [BrightnessManager] displayId = 0 brightness = 0.25152192 nit = 45.63239 level = br1
03-09 23:29:40.625  5625  5625 I MotoDozeSensor: Tap to wake up enable: true
03-09 23:29:40.626  5625  5625 D DozeTriggers: shouldregisterTapSensor:  zeroTapEnabled=false
03-09 23:29:40.627  5625  5625 E MotoDozeSensorTypeBuilder: This sensor type(25) is not supported.
03-09 23:29:40.627  5625  5625 E MotoDozeSensorTypeBuilder: This sensor type(65596) is not supported.
03-09 23:29:40.627  2133  2133 D AutofillManager: view not autofillable - not passing ime action check
03-09 23:29:40.627  5625  5625 V DreamService[DozeService]: onBind() intent = Intent { act=android.service.dreams.DreamService flg=0x800000 cmp=com.android.systemui/.doze.DozeService (has extras) }
03-09 23:29:40.628  3163  3163 I DreamController: onServiceConnected: name=ComponentInfo{com.android.systemui/com.android.systemui.doze.DozeService}, service=android.os.BinderProxy@f9a805b
03-09 23:29:40.628  3163  3227 I DreamController: onServiceConnected to attach: name=ComponentInfo{com.android.systemui/com.android.systemui.doze.DozeService}
03-09 23:29:40.628  3682  3682 E ThermalEngine: Unable to change to /sys/devices/soc/
03-09 23:29:40.628  3682  3682 E ThermalEngine: bcl_setup: Unexpected node error
03-09 23:29:40.628  3682  3682 E ThermalEngine: add_tgt_sensor: bcl sensor setup failed failed.
03-09 23:29:40.628  3682  3682 E ThermalEngine: add_tgt_sensors_set_optional: Error adding bcl
03-09 23:29:40.628  2133  2133 D AutofillManager: view not autofillable - not passing ime action check
03-09 23:29:40.628  5625  6171 I DreamService: DreamServiceWrapper attach: dreamToken=android.os.BinderProxy@e8c231d, canDoze=true
03-09 23:29:40.630  2133  2457 D Surface : Surface::disconnect
03-09 23:29:40.630  2133  2457 D BufferQueueProducer: [com.dd.doordash/com.doordash.consumer.ui.address.AddressActivity#20126(BLAST Consumer)pid:2133](id:85500000004,api:1,p:2133,c:2133) disconnect: api 1
03-09 23:29:40.631  3163  3352 D PowerManagerService: handleSandman ignore 0
03-09 23:29:40.632  3682  3682 E ThermalEngine: sysfs_setup: report: path /sys/class/power_supply/battery/capacity
03-09 23:29:40.632  3682  3682 E ThermalEngine: sysfs_setup: opening /sys/class/power_supply/battery/capacity
03-09 23:29:40.632  3682  3682 E ThermalEngine: sysfs_setup: found sensor cluster0: cluster id = 0
03-09 23:29:40.632  3682  3682 E ThermalEngine: sysfs_setup: found sensor cluster1: cluster id = 1
03-09 23:29:40.632  3682  3682 E ThermalEngine: sysfs_setup: report: path /sys/class/power_supply/battery/charge_rate
03-09 23:29:40.632  3682  3682 E ThermalEngine: sysfs_setup: opening /sys/class/power_supply/battery/charge_rate
03-09 23:29:40.633  5625  5625 I DreamService[DozeService]: attach() called: dreamToken=android.os.BinderProxy@e8c231d, canDoze=true mWindow=null mWindowless=true
03-09 23:29:40.634  5625  5625 V DreamService[DozeService]: onDreamingStarted()
03-09 23:29:40.634  3682  3682 E ThermalEngine: sysfs_setup: report: path /proc/loadavg
03-09 23:29:40.634  3682  3682 E ThermalEngine: sysfs_setup: opening /proc/loadavg
03-09 23:29:40.634  3682  3682 E ThermalEngine: sysfs_setup: report: path /proc/stat
03-09 23:29:40.634  3682  3682 E ThermalEngine: sysfs_setup: opening /proc/stat
03-09 23:29:40.635  3682  3682 E ThermalEngine: sysfs_setup: report: path /sys/class/power_supply/battery/capacity
03-09 23:29:40.635  3682  3682 E ThermalEngine: sysfs_setup: opening /sys/class/power_supply/battery/capacity
03-09 23:29:40.635  3682  3682 E ThermalEngine: sysfs_setup: report: path /sys/class/backlight/panel0-backlight/brightness
03-09 23:29:40.635  3682  3682 E ThermalEngine: sysfs_setup: opening /sys/class/backlight/panel0-backlight/brightness
03-09 23:29:40.635  3682  3682 E ThermalEngine: sysfs_setup: report: path /proc/stat
03-09 23:29:40.635  3682  3682 E ThermalEngine: sysfs_setup: opening /proc/stat
03-09 23:29:40.635  3682  3682 E ThermalEngine: sysfs_setup: report: path /sys/class/backlight/panel0-backlight/brightness
03-09 23:29:40.635  3682  3682 E ThermalEngine: sysfs_setup: opening /sys/class/backlight/panel0-backlight/brightness
03-09 23:29:40.635  3682  3682 E ThermalEngine: sysfs_setup: report: path /proc/loadavg
03-09 23:29:40.635  3682  3682 E ThermalEngine: sysfs_setup: opening /proc/loadavg
03-09 23:29:40.635  3682  3682 E ThermalEngine: sysfs_setup: report: path /sys/class/power_supply/wireless/online
03-09 23:29:40.635  3682  3682 E ThermalEngine: sysfs_setup: opening /sys/class/power_supply/wireless/online
03-09 23:29:40.636  3682  3682 E ThermalEngine: No hwmon device found in the kernel for sensor tmp108
03-09 23:29:40.636  3682  3682 E ThermalEngine: add_tgt_sensor: tmp108 sensor setup failed failed.
03-09 23:29:40.636  3682  3682 E ThermalEngine: add_tgt_sensors_set_optional: Error adding tmp108
03-09 23:29:40.636  3682  3682 E ThermalEngine: No hwmon device found in the kernel for sensor msm_tmp108
03-09 23:29:40.636  3682  3682 E ThermalEngine: add_tgt_sensor: msm_tmp108 sensor setup failed failed.
03-09 23:29:40.636  3682  3682 E ThermalEngine: add_tgt_sensors_set_optional: Error adding msm_tmp108
03-09 23:29:40.636  3682  3682 E ThermalEngine: No hwmon device found in the kernel for sensor quiet_tmp108
03-09 23:29:40.636  3682  3682 E ThermalEngine: add_tgt_sensor: quiet_tmp108 sensor setup failed failed.
03-09 23:29:40.636  3682  3682 E ThermalEngine: add_tgt_sensors_set_optional: Error adding quiet_tmp108
03-09 23:29:40.636  3682  3682 I ThermalEngine: Loading config file for virtual sensor
03-09 23:29:40.636  3682  3682 I ThermalEngine: Loading configuration file /vendor/etc/thermal-engine-lynkco-cli.conf
03-09 23:29:40.636  3682  3682 I ThermalEngine: Parsing section global
03-09 23:29:40.637  3682  3682 I ThermalEngine: Created section 'FRONT_TEMP'
03-09 23:29:40.637  3682  3682 I ThermalEngine: Algo Type 'virtual'
03-09 23:29:40.637  3682  3682 I ThermalEngine: Parsing section FRONT_TEMP
03-09 23:29:40.637  3682  3682 I ThermalEngine: Found field 'trip_sensor'
03-09 23:29:40.637  3682  3682 I ThermalEngine: Found field 'thresholds'
03-09 23:29:40.637  3682  3682 I ThermalEngine: Found field 'thresholds_clr'
03-09 23:29:40.637  3682  3682 I ThermalEngine: Found field 'sensors'
03-09 23:29:40.637  3682  3682 I ThermalEngine: Found field 'weights'
03-09 23:29:40.637  3682  3682 I ThermalEngine: Found field 'offsets'
03-09 23:29:40.637  3682  3682 I ThermalEngine: Found field 'sampling'
03-09 23:29:40.637  3682  3682 I ThermalEngine: Found field 'math'
03-09 23:29:40.637  3682  3682 I ThermalEngine: Found field 'sys_temp'
03-09 23:29:40.637  3682  3682 I ThermalEngine: Created section 'BACK_TEMP'
03-09 23:29:40.637  3682  3682 I ThermalEngine: Algo Type 'virtual'
03-09 23:29:40.637  3682  3682 I ThermalEngine: Parsing section BACK_TEMP
03-09 23:29:40.637  3682  3682 I ThermalEngine: Found field 'trip_sensor'
03-09 23:29:40.637  3682  3682 I ThermalEngine: Found field 'thresholds'
03-09 23:29:40.637  3682  3682 I ThermalEngine: Found field 'thresholds_clr'
03-09 23:29:40.637  3682  3682 I ThermalEngine: Found field 'sensors'
03-09 23:29:40.637  3682  3682 I ThermalEngine: Found field 'weights'
03-09 23:29:40.637  3682  3682 I ThermalEngine: Found field 'offsets'
03-09 23:29:40.637  3682  3682 I ThermalEngine: Found field 'sampling'
03-09 23:29:40.637  3682  3682 I ThermalEngine: Found field 'math'
03-09 23:29:40.637  3682  3682 I ThermalEngine: Found field 'sys_temp'
03-09 23:29:40.637  3682  3682 I ThermalEngine: Created section 'FUSE_TEMP'
03-09 23:29:40.637  3682  3682 I ThermalEngine: Algo Type 'virtual'
03-09 23:29:40.637  3682  3682 I ThermalEngine: Parsing section FUSE_TEMP
03-09 23:29:40.637  3682  3682 I ThermalEngine: Found field 'trip_sensor'
03-09 23:29:40.637  3682  3682 I ThermalEngine: Found field 'thresholds'
03-09 23:29:40.637  3682  3682 I ThermalEngine: Found field 'thresholds_clr'
03-09 23:29:40.637  3682  3682 I ThermalEngine: Found field 'sensors'
03-09 23:29:40.637  3682  3682 I ThermalEngine: Found field 'weights'
03-09 23:29:40.637  3682  3682 I ThermalEngine: Found field 'offsets'
03-09 23:29:40.637  3682  3682 I ThermalEngine: Found field 'sampling'
03-09 23:29:40.637  3682  3682 I ThermalEngine: Found field 'math'
03-09 23:29:40.637  3682  3682 I ThermalEngine: Found field 'sys_temp'
03-09 23:29:40.637  3682  3682 I ThermalEngine: Created section 'BCHG_TEMP'
03-09 23:29:40.637  3682  3682 I ThermalEngine: Algo Type 'virtual'
03-09 23:29:40.637  3682  3682 I ThermalEngine: Parsing section BCHG_TEMP
03-09 23:29:40.637  3682  3682 I ThermalEngine: Found field 'trip_sensor'
03-09 23:29:40.637  3682  3682 I ThermalEngine: Found field 'thresholds'
03-09 23:29:40.637  3682  3682 I ThermalEngine: Found field 'thresholds_clr'
03-09 23:29:40.637  3682  3682 I ThermalEngine: Found field 'sensors'
03-09 23:29:40.637  3682  3682 I ThermalEngine: Found field 'weights'
03-09 23:29:40.637  3682  3682 I ThermalEngine: Found field 'offsets'
03-09 23:29:40.637  3682  3682 I ThermalEngine: Found field 'sampling'
03-09 23:29:40.637  3682  3682 I ThermalEngine: Found field 'math'
03-09 23:29:40.637  3682  3682 I ThermalEngine: Created section 'FRONT_MDM'
03-09 23:29:40.637  3682  3682 I ThermalEngine: Algo Type 'virtual'
03-09 23:29:40.637  3682  3682 I ThermalEngine: Parsing section FRONT_MDM
03-09 23:29:40.637  3682  3682 I ThermalEngine: Found field 'sensors'
03-09 23:29:40.637  3682  3682 I ThermalEngine: Found field 'weights'
03-09 23:29:40.637  3682  3682 I ThermalEngine: Found field 'trip_sensor'
03-09 23:29:40.637  3682  3682 I ThermalEngine: Found field 'trip_sensor_logic'
03-09 23:29:40.637  3682  3682 I ThermalEngine: Found field 'thresholds'
03-09 23:29:40.637  3682  3682 I ThermalEngine: Found field 'thresholds_clr'
03-09 23:29:40.637  3682  3682 I ThermalEngine: Found field 'offsets'
03-09 23:29:40.637  3682  3682 I ThermalEngine: Found field 'sampling'
03-09 23:29:40.637  3682  3682 I ThermalEngine: Found field 'math'
03-09 23:29:40.637  3682  3682 I ThermalEngine: Created section 'BCAM_TEMP'
03-09 23:29:40.637  3682  3682 I ThermalEngine: Algo Type 'virtual'
03-09 23:29:40.637  3682  3682 I ThermalEngine: Parsing section BCAM_TEMP
03-09 23:29:40.637  3682  3682 I ThermalEngine: Found field 'trip_sensor'
03-09 23:29:40.637  3682  3682 I ThermalEngine: Found field 'thresholds'
03-09 23:29:40.637  3682  3682 I ThermalEngine: Found field 'thresholds_clr'
03-09 23:29:40.637  3682  3682 I ThermalEngine: Found field 'sensors'
03-09 23:29:40.637  3682  3682 I ThermalEngine: Found field 'weights'
03-09 23:29:40.637  3682  3682 I ThermalEngine: Found field 'offsets'
03-09 23:29:40.637  3682  3682 I ThermalEngine: Found field 'sampling'
03-09 23:29:40.637  3682  3682 I ThermalEngine: Found field 'math'
03-09 23:29:40.637  3682  3682 I ThermalEngine: Created section 'DETECT-STANDBY'
03-09 23:29:40.637  3682  3682 I ThermalEngine: Algo Type 'virtual'
03-09 23:29:40.637  3682  3682 I ThermalEngine: Parsing section DETECT-STANDBY
03-09 23:29:40.637  3682  3682 I ThermalEngine: Found field 'trip_sensor'
03-09 23:29:40.637  3682  3682 I ThermalEngine: Found field 'thresholds'
03-09 23:29:40.637  3682  3682 I ThermalEngine: Found field 'thresholds_clr'
03-09 23:29:40.637  3682  3682 I ThermalEngine: Found field 'sensors'
03-09 23:29:40.637  3682  3682 I ThermalEngine: Found field 'weights'
03-09 23:29:40.637  3682  3682 I ThermalEngine: Found field 'sampling'
03-09 23:29:40.637  3682  3682 I ThermalEngine: Found field 'math'
03-09 23:29:40.637  3682  3682 I ThermalEngine: Found field 'less_than'
03-09 23:29:40.637  3682  3682 I ThermalEngine: Created section 'DETECT-WLS'
03-09 23:29:40.637  3682  3682 I ThermalEngine: Algo Type 'virtual'
03-09 23:29:40.637  3682  3682 I ThermalEngine: Parsing section DETECT-WLS
03-09 23:29:40.637  3682  3682 I ThermalEngine: Found field 'trip_sensor'
03-09 23:29:40.637  3682  3682 I ThermalEngine: Found field 'thresholds'
03-09 23:29:40.637  3682  3682 I ThermalEngine: Found field 'thresholds_clr'
03-09 23:29:40.637  3682  3682 I ThermalEngine: Found field 'sensors'
03-09 23:29:40.637  3682  3682 I ThermalEngine: Found field 'sampling'
03-09 23:29:40.637  3682  3682 I ThermalEngine: Found field 'math'
03-09 23:29:40.638  3682  3682 I ThermalEngine: [VIRTUAL-FAIL-SAFE-TJ]
03-09 23:29:40.638  3682  3682 I ThermalEngine: #algo_type virtual
03-09 23:29:40.638  3682  3682 I ThermalEngine: sensors nspss-0 nspss-1 nspss-2 gpuss-0 gpuss-1 camera-0 camera-1 mdmss-0 mdmss-1 mdmss-2 mdmss-3 video
03-09 23:29:40.638  3682  3682 I ThermalEngine: weights
03-09 23:29:40.638  3682  3682 I ThermalEngine: trip_sensor nspss-0 nspss-1 nspss-2 gpuss-0 gpuss-1 camera-0 camera-1 mdmss-0 mdmss-1 mdmss-2 mdmss-3 video
03-09 23:29:40.638  3682  3682 I ThermalEngine: trip_sensor_logic || || || || || || || || || || ||
03-09 23:29:40.638  3682  3682 I ThermalEngine: thresholds 100000 100000 100000 100000 100000 100000 100000 100000 100000 100000 100000 100000
03-09 23:29:40.638  3682  3682 I ThermalEngine: thresholds_clr 90000 90000 90000 90000 90000 90000 90000 90000 90000 90000 90000 90000
03-09 23:29:40.638  3682  3682 I ThermalEngine: offsets
03-09 23:29:40.638  3682  3682 I ThermalEngine: sampling 10
03-09 23:29:40.638  3682  3682 I ThermalEngine: math 2
03-09 23:29:40.638  3682  3682 I ThermalEngine: ambient_value
03-09 23:29:40.638  3682  3682 I ThermalEngine: rise_value
03-09 23:29:40.638  3682  3682 I ThermalEngine: [VIRTUAL-CPU-GOLD-TJ-SHUTDOWN]
03-09 23:29:40.638  3682  3682 I ThermalEngine: #algo_type virtual
03-09 23:29:40.638  3682  3682 I ThermalEngine: sensors cpu-1-0 cpu-1-1 cpu-1-2 cpu-1-3 cpu-1-4 cpu-1-5 cpu-1-6 cpu-1-7
03-09 23:29:40.638  3682  3682 I ThermalEngine: weights
03-09 23:29:40.638  3682  3682 I ThermalEngine: trip_sensor cpu-1-0 cpu-1-1 cpu-1-2 cpu-1-3 cpu-1-4 cpu-1-5 cpu-1-6 cpu-1-7
03-09 23:29:40.638  3682  3682 I ThermalEngine: trip_sensor_logic || || || || || || ||
03-09 23:29:40.638  3682  3682 I ThermalEngine: thresholds 115000 115000 115000 115000 115000 115000 115000 115000
03-09 23:29:40.638  3682  3682 I ThermalEngine: thresholds_clr 100000 100000 100000 100000 100000 100000 100000 100000
03-09 23:29:40.638  3682  3682 I ThermalEngine: offsets
03-09 23:29:40.638  3682  3682 I ThermalEngine: sampling 10
03-09 23:29:40.638  3682  3682 I ThermalEngine: math 2
03-09 23:29:40.638  3682  3682 I ThermalEngine: ambient_value
03-09 23:29:40.638  3682  3682 I ThermalEngine: rise_value
03-09 23:29:40.638  3682  3682 I ThermalEngine: [VIRTUAL-CPU-TJ-SHUTDOWN]
03-09 23:29:40.638  3682  3682 I ThermalEngine: #algo_type virtual
03-09 23:29:40.638  3682  3682 I ThermalEngine: sensors cpu-0-0 cpu-0-1 cpu-0-2 cpu-0-3 cpuss-0 cpuss-1
03-09 23:29:40.638  3682  3682 I ThermalEngine: weights
03-09 23:29:40.638  3682  3682 I ThermalEngine: trip_sensor cpu-0-0 cpu-0-1 cpu-0-2 cpu-0-3 cpuss-0 cpuss-1
03-09 23:29:40.638  3682  3682 I ThermalEngine: trip_sensor_logic || || || || ||
03-09 23:29:40.638  3682  3682 I ThermalEngine: thresholds 115000 115000 115000 115000 115000 115000
03-09 23:29:40.638  3682  3682 I ThermalEngine: thresholds_clr 100000 100000 100000 100000 100000 100000
03-09 23:29:40.638  3682  3682 I ThermalEngine: offsets
03-09 23:29:40.638  3682  3682 I ThermalEngine: sampling 10
03-09 23:29:40.638  3682  3682 I ThermalEngine: math 2
03-09 23:29:40.638  3682  3682 I ThermalEngine: ambient_value
03-09 23:29:40.638  3682  3682 I ThermalEngine: rise_value
03-09 23:29:40.638  3682  3682 I ThermalEngine: [VIRTUAL-NSP-TJ-SHUTDOWN]
03-09 23:29:40.638  3682  3682 I ThermalEngine: #algo_type virtual
03-09 23:29:40.638  3682  3682 I ThermalEngine: sensors nspss-0 nspss-1 nspss-2
03-09 23:29:40.638  3682  3682 I ThermalEngine: weights
03-09 23:29:40.638  3682  3682 I ThermalEngine: trip_sensor nspss-0 nspss-1 nspss-2
03-09 23:29:40.638  3682  3682 I ThermalEngine: trip_sensor_logic || ||
03-09 23:29:40.638  3682  3682 I ThermalEngine: thresholds 115000 115000 115000
03-09 23:29:40.638  3682  3682 I ThermalEngine: thresholds_clr 100000 100000 100000
03-09 23:29:40.638  3682  3682 I ThermalEngine: offsets
03-09 23:29:40.638  3682  3682 I ThermalEngine: sampling 10
03-09 23:29:40.638  3682  3682 I ThermalEngine: math 2
03-09 23:29:40.638  3682  3682 I ThermalEngine: ambient_value
03-09 23:29:40.638  3682  3682 I ThermalEngine: rise_value
03-09 23:29:40.638  3682  3682 I ThermalEngine: [VIRTUAL-MDM-TJ-SHUTDOWN]
03-09 23:29:40.638  3682  3682 I ThermalEngine: #algo_type virtual
03-09 23:29:40.638  3682  3682 I ThermalEngine: sensors mdmss-0 mdmss-1 mdmss-2 mdmss-3
03-09 23:29:40.638  3682  3682 I ThermalEngine: weights
03-09 23:29:40.638  3682  3682 I ThermalEngine: trip_sensor mdmss-0 mdmss-1 mdmss-2 mdmss-3
03-09 23:29:40.638  3682  3682 I ThermalEngine: trip_sensor_logic || || ||
03-09 23:29:40.638  3682  3682 I ThermalEngine: thresholds 115000 115000 115000 115000
03-09 23:29:40.638  3682  3682 I ThermalEngine: thresholds_clr 100000 100000 100000 100000
03-09 23:29:40.638  3682  3682 I ThermalEngine: offsets
03-09 23:29:40.638  3682  3682 I ThermalEngine: sampling 10
03-09 23:29:40.638  3682  3682 I ThermalEngine: math 2
03-09 23:29:40.638  3682  3682 I ThermalEngine: ambient_value
03-09 23:29:40.638  3682  3682 I ThermalEngine: rise_value
03-09 23:29:40.638  3682  3682 I ThermalEngine: [VIRTUAL-MM-TJ-SHUTDOWN]
03-09 23:29:40.638  3682  3682 I ThermalEngine: #algo_type virtual
03-09 23:29:40.638  3682  3682 I ThermalEngine: sensors gpuss-0 gpuss-1 video ddr camera-0 camera-1
03-09 23:29:40.638  3682  3682 I ThermalEngine: weights
03-09 23:29:40.638  3682  3682 I ThermalEngine: trip_sensor gpuss-0 gpuss-1 video ddr camera-0 camera-1
03-09 23:29:40.638  3682  3682 I ThermalEngine: trip_sensor_logic || || || || ||
03-09 23:29:40.638  3682  3682 I ThermalEngine: thresholds 115000 115000 115000 115000 115000 115000
03-09 23:29:40.638  3682  3682 I ThermalEngine: thresholds_clr 100000 100000 100000 100000 100000 100000
03-09 23:29:40.638  3682  3682 I ThermalEngine: offsets
03-09 23:29:40.638  3682  3682 I ThermalEngine: sampling 10
03-09 23:29:40.638  3682  3682 I ThermalEngine: math 2
03-09 23:29:40.638  3682  3682 I ThermalEngine: ambient_value
03-09 23:29:40.638  3682  3682 I ThermalEngine: rise_value
03-09 23:29:40.638  3682  3682 I ThermalEngine: [VIRTUAL-PMIC-ALARM-SHUTDOWN]
03-09 23:29:40.638  3682  3682 I ThermalEngine: #algo_type virtual
03-09 23:29:40.638  3682  3682 I ThermalEngine: sensors pm7325_tz pm8350c_tz
03-09 23:29:40.638  3682  3682 I ThermalEngine: weights
03-09 23:29:40.638  3682  3682 I ThermalEngine: trip_sensor pm7325_tz pm8350c_tz
03-09 23:29:40.638  3682  3682 I ThermalEngine: trip_sensor_logic ||
03-09 23:29:40.638  3682  3682 I ThermalEngine: thresholds 115000 115000
03-09 23:29:40.638  3682  3682 I ThermalEngine: thresholds_clr 100000 100000
03-09 23:29:40.638  3682  3682 I ThermalEngine: offsets
03-09 23:29:40.638  3682  3682 I ThermalEngine: sampling 10
03-09 23:29:40.638  3682  3682 I ThermalEngine: math 2
03-09 23:29:40.638  3682  3682 I ThermalEngine: ambient_value
03-09 23:29:40.638  3682  3682 I ThermalEngine: rise_value
03-09 23:29:40.638  3682  3682 I ThermalEngine: [FRONT_TEMP]
03-09 23:29:40.638  3682  3682 I ThermalEngine: algo_type virtual
03-09 23:29:40.638  3682  3682 I ThermalEngine: sensors msm-therm cam-therm quiet-therm mchg-therm
03-09 23:29:40.638  3682  3682 I ThermalEngine: weights 22 26 39 13
03-09 23:29:40.638  3682  3682 I ThermalEngine: trip_sensor msm-therm
03-09 23:29:40.638  3682  3682 I ThermalEngine: thresholds -18000
03-09 23:29:40.638  3682  3682 I ThermalEngine: thresholds_clr -20000
03-09 23:29:40.638  3682  3682 I ThermalEngine: offsets -2000 0 0 0
03-09 23:29:40.638  3682  3682 I ThermalEngine: sampling 5000
03-09 23:29:40.638  3682  3682 I ThermalEngine: math 0
03-09 23:29:40.638  3682  3682 I ThermalEngine: sys_temp
03-09 23:29:40.638  3682  3682 I ThermalEngine: ambient_value
03-09 23:29:40.638  3682  3682 I ThermalEngine: rise_value
03-09 23:29:40.638  3682  3682 I ThermalEngine: [BACK_TEMP]
03-09 23:29:40.638  3682  3682 I ThermalEngine: algo_type virtual
03-09 23:29:40.638  3682  3682 I ThermalEngine: sensors msm-therm cam-therm quiet-therm mchg-therm
03-09 23:29:40.638  3682  3682 I ThermalEngine: weights 22 26 39 13
03-09 23:29:40.638  3682  3682 I ThermalEngine: trip_sensor msm-therm
03-09 23:29:40.638  3682  3682 I ThermalEngine: thresholds -18000
03-09 23:29:40.638  3682  3682 I ThermalEngine: thresholds_clr -20000
03-09 23:29:40.638  3682  3682 I ThermalEngine: offsets -2000 0 0 0
03-09 23:29:40.638  3682  3682 I ThermalEngine: sampling 5000
03-09 23:29:40.638  3682  3682 I ThermalEngine: math 0
03-09 23:29:40.638  3682  3682 I ThermalEngine: sys_temp
03-09 23:29:40.638  3682  3682 I ThermalEngine: ambient_value
03-09 23:29:40.638  3682  3682 I ThermalEngine: rise_value
03-09 23:29:40.638  3682  3682 I ThermalEngine: [FUSE_TEMP]
03-09 23:29:40.638  3682  3682 I ThermalEngine: algo_type virtual
03-09 23:29:40.638  3682  3682 I ThermalEngine: sensors msm-therm cam-therm quiet-therm mchg-therm
03-09 23:29:40.638  3682  3682 I ThermalEngine: weights 20 32 39 9
03-09 23:29:40.638  3682  3682 I ThermalEngine: trip_sensor msm-therm
03-09 23:29:40.638  3682  3682 I ThermalEngine: thresholds -18000
03-09 23:29:40.638  3682  3682 I ThermalEngine: thresholds_clr -20000
03-09 23:29:40.638  3682  3682 I ThermalEngine: offsets 0 0 0 0
03-09 23:29:40.638  3682  3682 I ThermalEngine: sampling 2000
03-09 23:29:40.638  3682  3682 I ThermalEngine: math 0
03-09 23:29:40.638  3682  3682 I ThermalEngine: sys_temp
03-09 23:29:40.638  3682  3682 I ThermalEngine: ambient_value
03-09 23:29:40.638  3682  3682 I ThermalEngine: rise_value
03-09 23:29:40.638  3682  3682 I ThermalEngine: [BCHG_TEMP]
03-09 23:29:40.638  3682  3682 I ThermalEngine: algo_type virtual
03-09 23:29:40.638  3682  3682 I ThermalEngine: sensors msm-therm cam-therm quiet-therm mchg-therm
03-09 23:29:40.638  3682  3682 I ThermalEngine: weights 22 26 39 13
03-09 23:29:40.638  3682  3682 I ThermalEngine: trip_sensor msm-therm
03-09 23:29:40.638  3682  3682 I ThermalEngine: thresholds -18000
03-09 23:29:40.638  3682  3682 I ThermalEngine: thresholds_clr -20000
03-09 23:29:40.638  3682  3682 I ThermalEngine: offsets 0 0 0 0
03-09 23:29:40.638  3682  3682 I ThermalEngine: sampling 2000
03-09 23:29:40.638  3682  3682 I ThermalEngine: math 0
03-09 23:29:40.638  3682  3682 I ThermalEngine: ambient_value
03-09 23:29:40.638  3682  3682 I ThermalEngine: rise_value
03-09 23:29:40.638  3682  3682 I ThermalEngine: [FRONT_MDM]
03-09 23:29:40.638  3682  3682 I ThermalEngine: algo_type virtual
03-09 23:29:40.638  3682  3682 I ThermalEngine: sensors msm-therm cam-therm quiet-therm mchg-therm
03-09 23:29:40.638  3682  3682 I ThermalEngine: weights 20 32 39 9
03-09 23:29:40.638  3682  3682 I ThermalEngine: trip_sensor mdmss-0 mdmss-1 mdmss-2 mdmss-3
03-09 23:29:40.638  3682  3682 I ThermalEngine: trip_sensor_logic || || ||
03-09 23:29:40.638  3682  3682 I ThermalEngine: thresholds 65000 65000 65000 65000
03-09 23:29:40.638  3682  3682 I ThermalEngine: thresholds_clr 40000 40000 40000 40000
03-09 23:29:40.638  3682  3682 I ThermalEngine: offsets 1000 0 0 0
03-09 23:29:40.638  3682  3682 I ThermalEngine: sampling 2000
03-09 23:29:40.638  3682  3682 I ThermalEngine: math 0
03-09 23:29:40.638  3682  3682 I ThermalEngine: ambient_value
03-09 23:29:40.638  3682  3682 I ThermalEngine: rise_value
03-09 23:29:40.638  3682  3682 I ThermalEngine: [BCAM_TEMP]
03-09 23:29:40.638  3682  3682 I ThermalEngine: algo_type virtual
03-09 23:29:40.638  3682  3682 I ThermalEngine: sensors msm-therm cam-therm quiet-therm mchg-therm
03-09 23:29:40.638  3682  3682 I ThermalEngine: weights 22 26 39 13
03-09 23:29:40.638  3682  3682 I ThermalEngine: trip_sensor msm-therm
03-09 23:29:40.638  3682  3682 I ThermalEngine: thresholds -18000
03-09 23:29:40.638  3682  3682 I ThermalEngine: thresholds_clr -20000
03-09 23:29:40.638  3682  3682 I ThermalEngine: offsets 1500 0 0 0
03-09 23:29:40.638  3682  3682 I ThermalEngine: sampling 2000
03-09 23:29:40.638  3682  3682 I ThermalEngine: math 0
03-09 23:29:40.638  3682  3682 I ThermalEngine: ambient_value
03-09 23:29:40.638  3682  3682 I ThermalEngine: rise_value
03-09 23:29:40.638  3682  3682 I ThermalEngine: [DETECT-STANDBY]
03-09 23:29:40.638  3682  3682 I ThermalEngine: algo_type virtual
03-09 23:29:40.638  3682  3682 I ThermalEngine: sensors cpu_utilization lcd_brightness_value
03-09 23:29:40.638  3682  3682 I ThermalEngine: weights 12 50
03-09 23:29:40.638  3682  3682 I ThermalEngine: trip_sensor msm-therm
03-09 23:29:40.638  3682  3682 I ThermalEngine: thresholds -18000
03-09 23:29:40.638  3682  3682 I ThermalEngine: thresholds_clr -20000
03-09 23:29:40.638  3682  3682 I ThermalEngine: offsets
03-09 23:29:40.638  3682  3682 I ThermalEngine: sampling 5000
03-09 23:29:40.638  3682  3682 I ThermalEngine: math 7
03-09 23:29:40.638  3682  3682 I ThermalEngine: less_than
03-09 23:29:40.638  3682  3682 I ThermalEngine: ambient_value
03-09 23:29:40.638  3682  3682 I ThermalEngine: rise_value
03-09 23:29:40.638  3682  3682 I ThermalEngine: [DETECT-WLS]
03-09 23:29:40.638  3682  3682 I ThermalEngine: algo_type virtual
03-09 23:29:40.638  3682  3682 I ThermalEngine: sensors wireless_online
03-09 23:29:40.638  3682  3682 I ThermalEngine: weights
03-09 23:29:40.638  3682  3682 I ThermalEngine: trip_sensor msm-therm
03-09 23:29:40.638  3682  3682 I ThermalEngine: thresholds -18000
03-09 23:29:40.638  3682  3682 I ThermalEngine: thresholds_clr -20000
03-09 23:29:40.638  3682  3682 I ThermalEngine: offsets
03-09 23:29:40.638  3682  3682 I ThermalEngine: sampling 5000
03-09 23:29:40.638  3682  3682 I ThermalEngine: math 3
03-09 23:29:40.638  3682  3682 I ThermalEngine: ambient_value
03-09 23:29:40.638  3682  3682 I ThermalEngine: rise_value
03-09 23:29:40.639  3163  3352 D PowerManagerService: handleSandman ignore 0
03-09 23:29:40.643  5625  5625 D SbStateController: setState: requested state KEYGUARD!= upcomingState: SHADE. This usually means the status bar state transition was interrupted before the upcoming state could be applied.
03-09 23:29:40.645  2064  2064 I sensors-hal: batch:206, com.motorola.sensor.ltv/65738, period=1000000, max_latency=0
03-09 23:29:40.645  2064  2064 I sensors-hal: set_config:57, sample_period_ns is adjusted to 0 based on min/max delay_ns
