03-13 15:42:46.600  2053  2958 I QC2Registry: Filter c2.qti.filter.imagetransform can't be pipelined
03-13 15:42:46.600  2053  2958 I QC2Registry: Created 0 filters for pipelined codec c2.qti.hevc.decoder
03-13 15:42:46.600  2053  2958 E QC2Comp : [hvcD_100] configureIntf failed 95
03-13 15:42:46.600  4205  4205 D NavBarStateManager: NavBarStates(1) supportLargeCoverScreenNavBar: true
03-13 15:42:46.601  4205  4205 D LayoutProviderContainerImpl: getCoverDisplayContext, cover display=Display id 1: DisplayInfo{"Built-in Screen", displayId 1, displayGroupId 0, FLAG_SECURE, FLAG_SUPPORTS_PROTECTED_BUFFERS, FLAG_PRESENTATION, FLAG_CAN_SHOW_WITH_INSECURE_KEYGUARD, FLAG_SHOULD_SHOW_SYSTEM_DECORATIONS, FLAG_TRUSTED, FLAG_ALLOWS_CONTENT_MODE_SWITCH, real 748 x 720, largest app 748 x 748, smallest app 654 x 654, appVsyncOff 16666666, presDeadline 17666666, mode 8, renderFrameRate 60.000004, hasArrSupport false, frameRateCategoryRate FrameRateCategoryRate {normal=60.0, high=90.0}, supportedRefreshRates [60.000004], defaultMode 8, REFRESH_RATE_MODE_SEAMLESS, userPreferredModeId -1, supportedModes [{id=8, width=748, height=720, fps=60.000004, vsync=60.000004, synthetic=false, alternativeRefreshRates=[], supportedHdrTypes=[2, 3, 4]}], appsSupportedModes [{id=8, width=748, height=720, fps=60.000004, vsync=60.000004, synthetic=false, alternativeRefreshRates=[], supportedHdrTypes=[2, 3, 4]}], hdrCapabilities HdrCapabilities{mSupportedHdrTypes=[2, 3, 4], mMaxLuminance=450.0, mMaxAverageLuminance=225.00024, mMinLuminance=5.0E-4}, isForceSdr false, userDisabledHdrTypes [], minimalPostProcessingSupported false, rotation 0, state OFF, committedState OFF}, DisplayMetrics{density=2.125, width=748, height=654, scaledDensity=2.125, xdpi=306.438, ydpi=309.966}, isValid=true
03-13 15:42:46.601  4205  4205 D Navbar.Store: --updateLayoutProvider() layoutProviderContainer = com.android.systemui.navigationbar.layout.LayoutProviderContainerImpl@1dbf89d
03-13 15:42:46.601  4205  4205 D NavBarStateManager: NavBarStates(1) supportLargeCoverScreenNavBar: true
03-13 15:42:46.601  4205  4205 D LayoutProviderContainerImpl: getCoverDisplayContext, cover display=Display id 1: DisplayInfo{"Built-in Screen", displayId 1, displayGroupId 0, FLAG_SECURE, FLAG_SUPPORTS_PROTECTED_BUFFERS, FLAG_PRESENTATION, FLAG_CAN_SHOW_WITH_INSECURE_KEYGUARD, FLAG_SHOULD_SHOW_SYSTEM_DECORATIONS, FLAG_TRUSTED, FLAG_ALLOWS_CONTENT_MODE_SWITCH, real 748 x 720, largest app 748 x 748, smallest app 654 x 654, appVsyncOff 16666666, presDeadline 17666666, mode 8, renderFrameRate 60.000004, hasArrSupport false, frameRateCategoryRate FrameRateCategoryRate {normal=60.0, high=90.0}, supportedRefreshRates [60.000004], defaultMode 8, REFRESH_RATE_MODE_SEAMLESS, userPreferredModeId -1, supportedModes [{id=8, width=748, height=720, fps=60.000004, vsync=60.000004, synthetic=false, alternativeRefreshRates=[], supportedHdrTypes=[2, 3, 4]}], appsSupportedModes [{id=8, width=748, height=720, fps=60.000004, vsync=60.000004, synthetic=false, alternativeRefreshRates=[], supportedHdrTypes=[2, 3, 4]}], hdrCapabilities HdrCapabilities{mSupportedHdrTypes=[2, 3, 4], mMaxLuminance=450.0, mMaxAverageLuminance=225.00024, mMinLuminance=5.0E-4}, isForceSdr false, userDisabledHdrTypes [], minimalPostProcessingSupported false, rotation 0, state OFF, committedState OFF}, DisplayMetrics{density=2.125, width=748, height=654, scaledDensity=2.125, xdpi=306.438, ydpi=309.966}, isValid=true
03-13 15:42:46.602  4205  4205 D Navbar.Store: --updateLayoutProvider() layoutProviderContainer = com.android.systemui.navigationbar.layout.LayoutProviderContainerImpl@1dbf89d
03-13 15:42:46.602  4205  4205 D NavBarStateManager: NavBarStates(1) supportLargeCoverScreenNavBar: true
03-13 15:42:46.602  4205  4205 D LayoutProviderContainerImpl: getCoverDisplayContext, cover display=Display id 1: DisplayInfo{"Built-in Screen", displayId 1, displayGroupId 0, FLAG_SECURE, FLAG_SUPPORTS_PROTECTED_BUFFERS, FLAG_PRESENTATION, FLAG_CAN_SHOW_WITH_INSECURE_KEYGUARD, FLAG_SHOULD_SHOW_SYSTEM_DECORATIONS, FLAG_TRUSTED, FLAG_ALLOWS_CONTENT_MODE_SWITCH, real 748 x 720, largest app 748 x 748, smallest app 654 x 654, appVsyncOff 16666666, presDeadline 17666666, mode 8, renderFrameRate 60.000004, hasArrSupport false, frameRateCategoryRate FrameRateCategoryRate {normal=60.0, high=90.0}, supportedRefreshRates [60.000004], defaultMode 8, REFRESH_RATE_MODE_SEAMLESS, userPreferredModeId -1, supportedModes [{id=8, width=748, height=720, fps=60.000004, vsync=60.000004, synthetic=false, alternativeRefreshRates=[], supportedHdrTypes=[2, 3, 4]}], appsSupportedModes [{id=8, width=748, height=720, fps=60.000004, vsync=60.000004, synthetic=false, alternativeRefreshRates=[], supportedHdrTypes=[2, 3, 4]}], hdrCapabilities HdrCapabilities{mSupportedHdrTypes=[2, 3, 4], mMaxLuminance=450.0, mMaxAverageLuminance=225.00024, mMinLuminance=5.0E-4}, isForceSdr false, userDisabledHdrTypes [], minimalPostProcessingSupported false, rotation 0, state OFF, committedState OFF}, DisplayMetrics{density=2.125, width=748, height=654, scaledDensity=2.125, xdpi=306.438, ydpi=309.966}, isValid=true
03-13 15:42:46.602  3003  3661 W InputReader: Received unexpected event (0x35, 0x7af) for slot 0 with tracking id 343
03-13 15:42:46.602  3003  3661 W InputReader: Received unexpected event (0x36, 0x9dc) for slot 0 with tracking id 343
03-13 15:42:46.603  2105  2922 I SurfaceFlinger: Capture layer list: 	 com.zzkko/com.zzkko.si_goods_detail.GoodsDetailActivity$_15822#68112(seamlessTransition:0)
03-13 15:42:46.603  6103  6103 W ContextImpl: Calling a method in the system process without a qualified user: android.app.ContextImpl.startService:2068 android.content.ContextWrapper.startService:872 android.content.ContextWrapper.startService:872 com.sec.android.diagmonagent.sa.receiver.CFLogReceiver.onReceive:56 android.app.ActivityThread.handleReceiver:5663 
03-13 15:42:46.603  3003  4002 D BackgroundInstallControlService: Package event received: 0
03-13 15:42:46.603  2105  2342 D RenderEngine: [SEC_SF_EFFECTS] drawLayersInternal,1483, Rendering layer ScreenCaptureFillLayer at index 0
03-13 15:42:46.603  2105  2342 D RenderEngine: [SEC_SF_EFFECTS] drawLayersInternal,1483, Rendering layer com.zzkko/com.zzkko.si_goods_detail.GoodsDetailActivity$_15822#68112 at index 1
03-13 15:42:46.605  4205  4205 D NavigationModeController: getCurrentInteractionMode: mode=0 contextUser=0
03-13 15:42:46.605  4205  4205 D Navbar.Store: handleEvent(1) GetInflateLayoutID(vertical=false) [Module] SamsungNavigationBarInflaterView
03-13 15:42:46.605  4205  4205 D Navbar.Store: --[Band]STABLE_LAYOUT_PACK_GET_INFLATE_LAYOUT_ID
03-13 15:42:46.605  4205  4205 D NavBarStateManager: NavBarStates(1) getLayoutID(vertical: false): 2131559285
03-13 15:42:46.605  4205  4205 D Navbar.Store: handleEvent(1) value= 2131559285
03-13 15:42:46.605  4205  4205 D Navbar.Store: handleEvent(1) GetInflateLayoutID(vertical=true) [Module] SamsungNavigationBarInflaterView
03-13 15:42:46.605  4205  4205 D Navbar.Store: --[Band]STABLE_LAYOUT_PACK_GET_INFLATE_LAYOUT_ID
03-13 15:42:46.605  4205  4205 D NavBarStateManager: NavBarStates(1) getLayoutID(vertical: true): 2131559287
03-13 15:42:46.605  4205  4205 D Navbar.Store: handleEvent(1) value= 2131559287
03-13 15:42:46.605  4205  4205 D Navbar.Store: handleEvent(1) GetDefaultLayout(noArguments=true) [Module] SamsungNavigationBarInflaterView
03-13 15:42:46.605  4205  4205 D Navbar.Store: --[Band]STABLE_LAYOUT_PACK_GET_DEFAULT_LAYOUT
03-13 15:42:46.605  4205  4205 D NavBarStateManager: NavBarStates(1) getDefaultLayout: space,home,gap,back,space;;
03-13 15:42:46.605  4205  4205 D Navbar.Store: handleEvent(1) value= space,home,gap,back,space;;
03-13 15:42:46.605  4205  4205 D Navbar.Store: handleEvent(1) GetInflateButtonWidth(buttonSpec=space, landscape=false) [Module] SamsungNavigationBarInflaterView
03-13 15:42:46.605  4205  4205 D Navbar.Store: --[Band]STABLE_LAYOUT_PACK_INFLATE_NAVBAR
03-13 15:42:46.605  4205  4205 D NavBarStateManager: NavBarStates(1) getSpaceWidth(land: false): 64
03-13 15:42:46.605  4205  4205 D Navbar.Store: handleEvent(1) value= 64
03-13 15:42:46.606  4205  4205 D Navbar.Store: handleEvent(1) GetInflateButtonWidth(buttonSpec=home, landscape=false) [Module] SamsungNavigationBarInflaterView
03-13 15:42:46.606  4205  4205 D Navbar.Store: --[Band]STABLE_LAYOUT_PACK_INFLATE_NAVBAR
03-13 15:42:46.606  4205  4205 D NavBarStateManager: NavBarStates(1) getButtonWidth(land: false): 102
03-13 15:42:46.606  4205  4205 D Navbar.Store: handleEvent(1) value= 102
03-13 15:42:46.606  4205  4205 D Navbar.Store: handleEvent(1) GetInflateButtonWidth(buttonSpec=gap, landscape=false) [Module] SamsungNavigationBarInflaterView
03-13 15:42:46.606  4205  4205 D Navbar.Store: --[Band]STABLE_LAYOUT_PACK_INFLATE_NAVBAR
03-13 15:42:46.606  4205  4205 D NavBarStateManager: NavBarStates(1) getButtonDistanceSize(land: false): 17
03-13 15:42:46.606  4205  4205 D Navbar.Store: handleEvent(1) value= 17
03-13 15:42:46.606  4205  4205 D Navbar.Store: handleEvent(1) GetInflateButtonWidth(buttonSpec=back, landscape=false) [Module] SamsungNavigationBarInflaterView
03-13 15:42:46.606  4205  4205 D Navbar.Store: --[Band]STABLE_LAYOUT_PACK_INFLATE_NAVBAR
03-13 15:42:46.606  4205  4205 D NavBarStateManager: NavBarStates(1) getButtonWidth(land: false): 102
03-13 15:42:46.606  4205  4205 D Navbar.Store: handleEvent(1) value= 102
03-13 15:42:46.606  4205  4205 D Navbar.Store: handleEvent(1) GetInflateButtonWidth(buttonSpec=space, landscape=false) [Module] SamsungNavigationBarInflaterView
03-13 15:42:46.606  4205  4205 D Navbar.Store: --[Band]STABLE_LAYOUT_PACK_INFLATE_NAVBAR
03-13 15:42:46.606  4205  4205 D NavBarStateManager: NavBarStates(1) getSpaceWidth(land: false): 64
03-13 15:42:46.606  4205  4205 D Navbar.Store: handleEvent(1) value= 64
03-13 15:42:46.606  4205  4205 D Navbar.Store: handleEvent(1) GetInflateButtonWidth(buttonSpec=space, landscape=true) [Module] SamsungNavigationBarInflaterView
03-13 15:42:46.606  4205  4205 D Navbar.Store: --[Band]STABLE_LAYOUT_PACK_INFLATE_NAVBAR
03-13 15:42:46.606  4205  4205 D NavBarStateManager: NavBarStates(1) getSpaceWidth(land: true): 64
03-13 15:42:46.606  4205  4205 D Navbar.Store: handleEvent(1) value= 64
03-13 15:42:46.606  4205  4205 D Navbar.Store: handleEvent(1) GetInflateButtonWidth(buttonSpec=home, landscape=true) [Module] SamsungNavigationBarInflaterView
03-13 15:42:46.606  4205  4205 D Navbar.Store: --[Band]STABLE_LAYOUT_PACK_INFLATE_NAVBAR
03-13 15:42:46.606  4205  4205 D NavBarStateManager: NavBarStates(1) getButtonWidth(land: true): 102
03-13 15:42:46.606  4205  4205 D Navbar.Store: handleEvent(1) value= 102
03-13 15:42:46.606  4205  4205 D Navbar.Store: handleEvent(1) GetInflateButtonWidth(buttonSpec=gap, landscape=true) [Module] SamsungNavigationBarInflaterView
03-13 15:42:46.606  4205  4205 D Navbar.Store: --[Band]STABLE_LAYOUT_PACK_INFLATE_NAVBAR
03-13 15:42:46.606  4205  4205 D NavBarStateManager: NavBarStates(1) getButtonDistanceSize(land: true): 17
03-13 15:42:46.606  4205  4205 D Navbar.Store: handleEvent(1) value= 17
03-13 15:42:46.607  4205  4205 D Navbar.Store: handleEvent(1) GetInflateButtonWidth(buttonSpec=back, landscape=true) [Module] SamsungNavigationBarInflaterView
03-13 15:42:46.607  4205  4205 D Navbar.Store: --[Band]STABLE_LAYOUT_PACK_INFLATE_NAVBAR
03-13 15:42:46.607  4205  4205 D NavBarStateManager: NavBarStates(1) getButtonWidth(land: true): 102
03-13 15:42:46.607  4205  4205 D Navbar.Store: handleEvent(1) value= 102
03-13 15:42:46.607  4205  4205 D Navbar.Store: handleEvent(1) GetInflateButtonWidth(buttonSpec=space, landscape=true) [Module] SamsungNavigationBarInflaterView
03-13 15:42:46.607  4205  4205 D Navbar.Store: --[Band]STABLE_LAYOUT_PACK_INFLATE_NAVBAR
03-13 15:42:46.607  4205  4205 D NavBarStateManager: NavBarStates(1) getSpaceWidth(land: true): 64
03-13 15:42:46.607  4205  4205 D Navbar.Store: handleEvent(1) value= 64
03-13 15:42:46.607  4205  4205 D Navbar.Store: handleEvent(1) GetInflateButtonWidth(buttonSpec=space, landscape=false) [Module] SamsungNavigationBarInflaterView
03-13 15:42:46.607  4205  4205 D Navbar.Store: --[Band]STABLE_LAYOUT_PACK_INFLATE_NAVBAR
03-13 15:42:46.607  4205  4205 D NavBarStateManager: NavBarStates(1) getSpaceWidth(land: false): 64
03-13 15:42:46.607  4205  4205 D Navbar.Store: handleEvent(1) value= 64
03-13 15:42:46.607  4205  4205 D Navbar.Store: handleEvent(1) GetInflateButtonWidth(buttonSpec=left_remote_view, landscape=false) [Module] SamsungNavigationBarInflaterView
03-13 15:42:46.607  4205  4205 D Navbar.Store: --[Band]STABLE_LAYOUT_PACK_INFLATE_NAVBAR
03-13 15:42:46.607  4205  4205 D NavBarStateManager: NavBarStates(1) getButtonWidth(land: false): 102
03-13 15:42:46.607  4205  4205 D Navbar.Store: handleEvent(1) value= 102
03-13 15:42:46.607  4205  4205 D Navbar.Store: handleEvent(1) GetInflateButtonWidth(buttonSpec=gap, landscape=false) [Module] SamsungNavigationBarInflaterView
03-13 15:42:46.607  4205  4205 D Navbar.Store: --[Band]STABLE_LAYOUT_PACK_INFLATE_NAVBAR
03-13 15:42:46.607  4205  4205 D NavBarStateManager: NavBarStates(1) getButtonDistanceSize(land: false): 17
03-13 15:42:46.607  4205  4205 D Navbar.Store: handleEvent(1) value= 17
03-13 15:42:46.607  3003  3067 D RestrictionPolicy: isScreenCaptureEnabled : ret=true userId=0
03-13 15:42:46.607  3003  3067 D RestrictionPolicy: isScreenCaptureEnabled : ret=true userId=0
03-13 15:42:46.607  3003  3067 D DisplayPowerController[0]: [api] WindowManagerPolicy.ScreenOffListener : called onScreenOff()
03-13 15:42:46.607  3003  3067 D RefreshRateModeManager: onBrightnessChanged: brt=0, lux=92.0
03-13 15:42:46.607  3003  3130 I DisplayPowerController[0]: Unblocked screen off after 20 ms
03-13 15:42:46.607  3003  3130 D DisplayPowerController[0]: animateScreenStateChange: target=OFF, mIsEnabled=true
03-13 15:42:46.608  2092  3859 I SSC_DAEMON: virtualOpticFlipStateEvent:29, fstate: 1
03-13 15:42:46.608  4205  4205 D Navbar.Store: handleEvent(1) GetInflateButtonWidth(buttonSpec=right_remote_view, landscape=false) [Module] SamsungNavigationBarInflaterView
03-13 15:42:46.608  4205  4205 D Navbar.Store: --[Band]STABLE_LAYOUT_PACK_INFLATE_NAVBAR
03-13 15:42:46.608  4205  4205 D NavBarStateManager: NavBarStates(1) getButtonWidth(land: false): 102
03-13 15:42:46.608  4205  4205 D Navbar.Store: handleEvent(1) value= 102
03-13 15:42:46.608  4205  4205 D Navbar.Store: handleEvent(1) GetInflateButtonWidth(buttonSpec=space, landscape=false) [Module] SamsungNavigationBarInflaterView
03-13 15:42:46.608  4205  4205 D Navbar.Store: --[Band]STABLE_LAYOUT_PACK_INFLATE_NAVBAR
03-13 15:42:46.608  4205  4205 D NavBarStateManager: NavBarStates(1) getSpaceWidth(land: false): 64
03-13 15:42:46.608  4205  4205 D Navbar.Store: handleEvent(1) value= 64
03-13 15:42:46.608  4205  4205 D Navbar.Store: handleEvent(1) GetInflateButtonWidth(buttonSpec=space, landscape=true) [Module] SamsungNavigationBarInflaterView
03-13 15:42:46.608  4205  4205 D Navbar.Store: --[Band]STABLE_LAYOUT_PACK_INFLATE_NAVBAR
03-13 15:42:46.608  4205  4205 D NavBarStateManager: NavBarStates(1) getSpaceWidth(land: true): 64
03-13 15:42:46.608  4205  4205 D Navbar.Store: handleEvent(1) value= 64
03-13 15:42:46.608  4205  4205 D Navbar.Store: handleEvent(1) GetInflateButtonWidth(buttonSpec=left_remote_view, landscape=false) [Module] SamsungNavigationBarInflaterView
03-13 15:42:46.608  4205  4205 D Navbar.Store: --[Band]STABLE_LAYOUT_PACK_INFLATE_NAVBAR
03-13 15:42:46.608  4205  4205 D NavBarStateManager: NavBarStates(1) getButtonWidth(land: false): 102
03-13 15:42:46.608  4205  4205 D Navbar.Store: handleEvent(1) value= 102
03-13 15:42:46.608  4205  4205 D Navbar.Store: handleEvent(1) GetInflateButtonWidth(buttonSpec=gap, landscape=true) [Module] SamsungNavigationBarInflaterView
03-13 15:42:46.608  4205  4205 D Navbar.Store: --[Band]STABLE_LAYOUT_PACK_INFLATE_NAVBAR
03-13 15:42:46.608  4205  4205 D NavBarStateManager: NavBarStates(1) getButtonDistanceSize(land: true): 17
03-13 15:42:46.608  4205  4205 D Navbar.Store: handleEvent(1) value= 17
03-13 15:42:46.608  4205  4205 D Navbar.Store: handleEvent(1) GetInflateButtonWidth(buttonSpec=right_remote_view, landscape=false) [Module] SamsungNavigationBarInflaterView
03-13 15:42:46.608  4205  4205 D Navbar.Store: --[Band]STABLE_LAYOUT_PACK_INFLATE_NAVBAR
03-13 15:42:46.608  4205  4205 D NavBarStateManager: NavBarStates(1) getButtonWidth(land: false): 102
03-13 15:42:46.608  4205  4205 D Navbar.Store: handleEvent(1) value= 102
03-13 15:42:46.609  4205  4205 D Navbar.Store: handleEvent(1) GetInflateButtonWidth(buttonSpec=space, landscape=true) [Module] SamsungNavigationBarInflaterView
03-13 15:42:46.609  4205  4205 D Navbar.Store: --[Band]STABLE_LAYOUT_PACK_INFLATE_NAVBAR
03-13 15:42:46.609  4205  4205 D NavBarStateManager: NavBarStates(1) getSpaceWidth(land: true): 64
03-13 15:42:46.609  4205  4205 D Navbar.Store: handleEvent(1) value= 64
03-13 15:42:46.609  4205  4205 D Navbar.Store: handleEvent(1) GetNavBarSidePadding(landscape=false) [Module] SamsungNavigationBarInflaterView
03-13 15:42:46.609  4205  4205 D Navbar.Store: --[Band]STABLE_LAYOUT_PACK_INFLATE_NAVBAR_SIDE_PADDING
03-13 15:42:46.609  4205  4205 D NavBarStateManager: NavBarStates(1) getNavBarSidePadding: 0
03-13 15:42:46.609  4205  4205 D Navbar.Store: handleEvent(1) value= 0
03-13 15:42:46.609  4205  4205 D Navbar.Store: handleEvent(1) GetNavBarSidePadding(landscape=true) [Module] SamsungNavigationBarInflaterView
03-13 15:42:46.609  4205  4205 D Navbar.Store: --[Band]STABLE_LAYOUT_PACK_INFLATE_NAVBAR_SIDE_PADDING
03-13 15:42:46.609  4205  4205 D NavBarStateManager: NavBarStates(1) getNavBarSidePadding: 0
03-13 15:42:46.609  4205  4205 D Navbar.Store: handleEvent(1) value= 0
03-13 15:42:46.609  4205  4205 D Navbar.Store: handleEvent(1) GetNavBarSidePadding(landscape=false) [Module] SamsungNavigationBarInflaterView
03-13 15:42:46.609  4205  4205 D Navbar.Store: --[Band]STABLE_LAYOUT_PACK_INFLATE_NAVBAR_SIDE_PADDING
03-13 15:42:46.609  4205  4205 D NavBarStateManager: NavBarStates(1) getNavBarSidePadding: 0
03-13 15:42:46.609  4205  4205 D Navbar.Store: handleEvent(1) value= 0
03-13 15:42:46.609  4205  4205 D Navbar.Store: handleEvent(1) GetNavBarSidePadding(landscape=true) [Module] SamsungNavigationBarInflaterView
03-13 15:42:46.609  4205  4205 D Navbar.Store: --[Band]STABLE_LAYOUT_PACK_INFLATE_NAVBAR_SIDE_PADDING
03-13 15:42:46.609  4205  4205 D NavBarStateManager: NavBarStates(1) getNavBarSidePadding: 0
03-13 15:42:46.609  4205  4205 D Navbar.Store: handleEvent(1) value= 0
03-13 15:42:46.609  3003  3064 I NotificationManager: android: notify(32, null, Notification(channel=UsbDevNoti shortcut=null contentView=null vibrate=null sound=null tick defaults=0 flags=ONGOING_EVENT color=0x00000000 vis=PUBLIC semFlags=0x0 semPriority=0 semMissedCount=0)) as user
03-13 15:42:46.612  3003  3130 D DisplayPowerController[0]: mWindowManagerPolicy.screenTurnedOff()
03-13 15:42:46.612  3003  3130 I PhoneWindowManager: Display0 turned off...
03-13 15:42:46.612  3003  3130 D WindowManager: Create SleepToken: tag=Display-off, displayId=0
03-13 15:42:46.612  3003  3130 D ActivityTaskManager: Top Process State changed to PROCESS_STATE_TOP_SLEEPING
03-13 15:42:46.612  3003  3064 W PermissionService: getPermissionFlags: Unknown user -1
03-13 15:42:46.612  3003  3064 W PermissionService: getPermissionFlags: Unknown user -1
03-13 15:42:46.613  3003  3064 D UsbDeviceManager: notifyAsUser: id=0 title=USB for charging phone
03-13 15:42:46.614  4205  4371 I KeyguardService: onScreenTurnedOff
03-13 15:42:46.615  3003  3130 D AutomaticBrightnessController: sendAmbientLux(-1.0)
03-13 15:42:46.615  3003  3130 D MdnieScenarioControlService: getVisionBoosterIndex() mAutoBrightnessMode : true , mReduceBrightColorsActivatedEnabled : false , lux : -1
03-13 15:42:46.615  3003  3130 D MdnieScenarioControlService: Vision Booster Index : 0
03-13 15:42:46.615  2007  2007 I sensors-hal: set_config:64, no need to adjust sample_period_ns due to reporting_mode = 2
03-13 15:42:46.615  2007  2007 I sensors-hal: create_sensor_config_request:85, auto_rotation: type 2
03-13 15:42:46.615  2007  2007 I sensors-hal: send_sensor_config_request:645, dt=auto_rotation: convert sample_period=200000000 to batch_period=200000
03-13 15:42:46.615  2007  2007 I sensors-hal: send_sync_sensor_request:508, send sync request
03-13 15:42:46.615  2007  2007 I sensors-hal: send_sync_sensor_request:518, send_sync_sensor_request before send_request for auto_rotation with SUID low=8603657889541918976 high=1320970896291267344
03-13 15:42:46.615  2007  2007 I sensors-hal: send_sync_sensor_request:537, wait for notification of response
03-13 15:42:46.615  2007 12669 I sensors-hal: qsh_conn_resp_cb:930, resp_value = 0 for auto_rotation 
03-13 15:42:46.616  2007 12669 I sensors-hal: handle_sns_client_event:142, auto_rotation_event same event skip, type:2
03-13 15:42:46.616  2007 12669 I sensors-hal: handle_sns_client_event:159, auto_rotation_event_2 event,0, duration,0, ts,258167181933322, ts_diff,220311
03-13 15:42:46.616  2007 12669 I sensors-hal: handle_sns_client_event:170, auto_rotation_debug_2 acc,0.043,5.197,8.404, ar,0, h_ic,0,0, s,2, ver,14, pedo,1,e,1,i,3
03-13 15:42:46.616  3003  3067 I ActivityManager: Changes in 10436 2 to 12, 255 to 128
03-13 15:42:46.616  3003  3067 I ActivityManager: Changes in 10260 3 to 12, 184 to 128
03-13 15:42:46.617  3003  3067 I ActivityManager: Changes in 10174 3 to 12, 184 to 128
03-13 15:42:46.617  3003  3067 W ProcessStats: Tracking association SourceState{f502e74 com.zzkko:push/10436 Top #590838} whose proc state 1 is better than process ProcessState{2eda094 com.google.android.gms.persistent/10259 pkg=com.google.android.gms} proc state 2 (182 skipped)
03-13 15:42:46.618  3003  3067 D SGM:FgCheckThread: notePauseComponent(), received pkgName: com.zzkko, userId: 0
03-13 15:42:46.619  3003  6708 I ActivityManager: Changes in 99332 19 to 10, 0 to 128
03-13 15:42:46.619  3003  6708 I ActivityManager: Changes in 10114 19 to 10, 0 to 128
03-13 15:42:46.620  3003  4002 D BackgroundInstallControlService: Package event received: 0
03-13 15:42:46.620  4205  4205 E EdgeBackGestureHandler: No resource found for gesture-blocking activities
03-13 15:42:46.620  3003  4002 D BackgroundInstallControlService: Package event received: 0
03-13 15:42:46.620  2007  2007 I sensors-hal: send_sync_sensor_request:543, takes 5 ms to receive the response with 0
03-13 15:42:46.620  2007  2007 I sensors-hal: batch:363, android.sensor.device_orientation/271, period=200000000, max_latency=0 request completed
03-13 15:42:46.621  2007  2007 I sensors-hal: activate:300, com.samsung.sensor.device_common_info/2132 en=0
03-13 15:42:46.621  2007  2007 I sensors-hal: send_sync_sensor_request:508, send sync request
03-13 15:42:46.621  2007  2007 I sensors-hal: send_sync_sensor_request:518, send_sync_sensor_request before send_request for device_common_info with SUID low=3766530206566995508 high=1320970896291267344
03-13 15:42:46.621  2007  2007 I sensors-hal: send_sync_sensor_request:537, wait for notification of response
03-13 15:42:46.622  3003  3130 I SemMdnieManagerService: DDI setHighBrightnessMode id(0) lux : -1, index : 0
03-13 15:42:46.622  3003  3130 D AutomaticBrightnessController: setLightSensorEnabled: false
03-13 15:42:46.622  2007  3645 I sensors-hal: qsh_conn_resp_cb:930, resp_value = 0 for device_common_info 
03-13 15:42:46.622  2007  2007 I sensors-hal: send_sync_sensor_request:543, takes 0 ms to receive the response with 0
03-13 15:42:46.622  2007  2007 I sensors-hal: activate:330, com.samsung.sensor.device_common_info/2132 en=0 completed
03-13 15:42:46.622  4205  4205 D NavigationModeController: getCurrentInteractionMode: mode=0 contextUser=0
03-13 15:42:46.622  2007  2007 I sensors-hal: activate:300, android.sensor.gyroscope/41 en=0
03-13 15:42:46.622  4205  4205 I NoBackGesture: Config changed: newConfig={1.0 ?mcc0mnc [en_US] ldltr sw307dp w352dp h308dp 340dpi smll hdr widecg land night -touch -keyb/v/h -nav/h winConfig={ mBounds=Rect(0, 0 - 748, 720) mAppBounds=Rect(0, 0 - 748, 654) mMaxBounds=Rect(0, 0 - 748, 720) mDisplayRotation=ROTATION_0 mWindowingMode=fullscreen mActivityType=undefined mAlwaysOnTop=undefined mRotation=ROTATION_0 mStageConfig=undefined mPopOver=undefined mOverlappingWithCutout=false mFlexPanelMode=off} s.7551 fontWeightAdjustment=0 ff=0 bf=-1 bts=0 cst=1.0 nightDim=0 themeSeq=0} lastReportedConfig={1.0 ?mcc0mnc [en_US] ldltr sw307dp w352dp h308dp 340dpi smll hdr widecg land night -touch -keyb/v/h -nav/h winConfig={ mBounds=Rect(0, 0 - 748, 720) mAppBounds=Rect(0, 0 - 748, 654) mMaxBounds=Rect(0, 0 - 748, 720) mDisplayRotation=ROTATION_0 mWindowingMode=fullscreen mActivityType=undefined mAlwaysOnTop=undefined mRotation=ROTATION_0 mStageConfig=undefined mPopOver=undefined mOverlappingWithCutout=false mFlexPanelMode=off} s.7551 fontWeightAdjustment=0 ff=0 bf=-1 bts=0 cst=1.0 nightDim=0 themeSeq=0}
03-13 15:42:46.622  2007  2007 I sensors-hal: send_sync_sensor_request:508, send sync request
03-13 15:42:46.622  2007  2007 I sensors-hal: send_sync_sensor_request:518, send_sync_sensor_request before send_request for sensor_temperature with SUID low=2469432388859779188 high=2270547140419222672
03-13 15:42:46.622  2007  2007 I sensors-hal: send_sync_sensor_request:537, wait for notification of response
03-13 15:42:46.622  4205  4205 D Navbar.Store: handleEvent(1) OnNavBarCreated(keyguardStateController=com.android.systemui.statusbar.policy.KeyguardStateControllerImpl@c596bb7, navigationBar=com.android.systemui.navigationbar.views.NavigationBar@d87394) [Module] NavigationBar
03-13 15:42:46.622  4205  4205 D OneHandOpGestureHandler: setDisablePolicy() old=0, new=0
03-13 15:42:46.623  3003  3661 I InputReader: Touch event's action is 0x0 (id=9, t=0) [pCnt=1, s=0.344 ] when=77555.619213
03-13 15:42:46.623  4205  4205 D NavBarStateManager: NavBarStates(1) isLargeCoverScreenSyncEnabled: false
03-13 15:42:46.623  4205  4205 D Navbar.NavigationBar: onInit() Cover navbar hidden: sync option is off
03-13 15:42:46.623  4205  4205 D NavBarStateManager: NavBarStates(1) isNavBarHiddenByKnox: false
03-13 15:42:46.623  2007 17248 I sensors-hal: qsh_conn_resp_cb:930, resp_value = 0 for sensor_temperature 
03-13 15:42:46.623  4205  4205 D NavBarStateManager: NavBarStates(0) canShowKeyboardButtonForRotation(0): true
03-13 15:42:46.623  2053  2958 I QC2V4l2Codec: [v4lhvcD_100] KPI_L1: init: ms=23
03-13 15:42:46.623  2007  2007 I sensors-hal: send_sync_sensor_request:543, takes 0 ms to receive the response with 0
03-13 15:42:46.623  2007  2007 I sensors-hal: ~calibration:61, ~calibration: START
03-13 15:42:46.623  2007  2007 I sensors-hal: register_cb:312, suid(low=10025908976994887838,high=13187306796670928542) is alread registered
03-13 15:42:46.623  2007  2007 I sensors-hal: register_cb:317, update callbacks with new one
03-13 15:42:46.623  2007  2007 I sensors-hal: ~worker:65, worker(0xb400007a0f4d4150) send sig to tid= 17250
03-13 15:42:46.623  2007  2007 I sensors-hal: ~worker:74, worker(0xb400007a0f4d4150) is destroyed, remaining task = 0, tid= 17250
03-13 15:42:46.623  4205  4205 D NavBarStateManager: NavBarStates(1) supportLargeCoverScreenNavBar: true
03-13 15:42:46.623  2007  2007 I sensors-hal: send_req:220, send_req before send_request gyro_cal with SUID low=10025908976994887838 high=13187306796670928542
03-13 15:42:46.623  2007  2007 I sensors-hal: ~calibration:77, sent disable request. wait for response for it
03-13 15:42:46.623  2007  2007 I sensors-hal: operator():80, resp_received = 0 in wait_for
03-13 15:42:46.623  4205  4205 D NavBarStateManager: NavBarStates(0) canShowKeyboardButtonForRotation(0): true
03-13 15:42:46.623  4205  4205 D NavBarStateManager: NavBarStates(1) supportLargeCoverScreenNavBar: true
03-13 15:42:46.623  4205  4205 D NavBarStateManager: NavBarStates(0) canShowKeyboardButtonForRotation(1): true
03-13 15:42:46.623  2007 17248 I sensors-hal: handle_resp_cb:230, resp_value = 0 for gyro_cal before acuiring the lock _cal_mutex
03-13 15:42:46.624  2007  2007 I sensors-hal: operator():80, resp_received = 1 in wait_for
03-13 15:42:46.624  2007  2007 I sensors-hal: ~calibration:107, ~calibration: END
03-13 15:42:46.624  2007  2007 I sensors-hal: send_sync_sensor_request:508, send sync request
03-13 15:42:46.624  2007  2007 I sensors-hal: send_sync_sensor_request:518, send_sync_sensor_request before send_request for gyro with SUID low=11331203967455886618 high=2227687939882802101
03-13 15:42:46.624  4205  4205 D NavBarStateManager: NavBarStates(1) supportLargeCoverScreenNavBar: true
03-13 15:42:46.624  2007  2007 I sensors-hal: send_sync_sensor_request:537, wait for notification of response
03-13 15:42:46.624  4205  4205 D NavBarStateManager: NavBarStates(0) canShowKeyboardButtonForRotation(2): true
03-13 15:42:46.624  4205  4205 D NavBarStateManager: NavBarStates(1) supportLargeCoverScreenNavBar: true
03-13 15:42:46.624  4205  4205 D NavBarStateManager: NavBarStates(0) canShowKeyboardButtonForRotation(3): true
03-13 15:42:46.624  2007 17248 I sensors-hal: qsh_conn_resp_cb:930, resp_value = 0 for gyro 
03-13 15:42:46.624  4205  4205 D NavBarStateManager: NavBarStates(1) supportLargeCoverScreenNavBar: true
03-13 15:42:46.624  2007  2007 I sensors-hal: send_sync_sensor_request:543, takes 0 ms to receive the response with 0
03-13 15:42:46.624 27562 27562 D BoundBrokerSvc: onBind: Intent { act=com.google.android.gms.measurement.START xflg=0x4 pkg=com.google.android.gms }
03-13 15:42:46.624  2053 17329 E QC2V4l2Codec: [v4lhvcD_100]  ? is not a supported pixel format!
03-13 15:42:46.624  4205  4205 I WindowManager: WindowManagerGlobal#addView, ty=2019, view=com.android.systemui.navigationbar.views.NavigationBarFrame{876a12c V.E...... ......I. 0,0-0,0 #7f0a083f app:id/navigation_bar_frame}, caller=android.view.WindowManagerImpl.addView:158 com.android.systemui.navigationbar.views.NavigationBar.onInit:238 com.android.systemui.util.ViewController.init:6 
03-13 15:42:46.624 27562 27562 D BoundBrokerSvc: Loading bound service for intent: Intent { act=com.google.android.gms.measurement.START xflg=0x4 pkg=com.google.android.gms }
03-13 15:42:46.624  3003  4966 V WindowManager: Setting visibility of Window{44bacab u0 com.zzkko/com.zzkko.si_goods_detail.GoodsDetailActivity}: false, caller=com.android.server.wm.WindowContainer.sendAppVisibilityToClients:19 com.android.server.wm.WindowToken.setClientVisible:48 com.android.server.wm.ActivityRecord.commitVisibility:186 com.android.server.wm.ActivityRecord.setVisibility:623 com.android.server.wm.ActivityRecord.makeInvisible:32 
03-13 15:42:46.624  4205  4205 I ViewRootImpl: dVRR is disabled
03-13 15:42:46.625  2007  2007 I sensors-hal: ~worker:65, worker(0xb400007a0f4d5e90) send sig to tid= 17245
03-13 15:42:46.625  4205  4394 D NativeCustomFrequencyManager: [NativeCFMS] BpCustomFrequencyManager::BpCustomFrequencyManager()
03-13 15:42:46.625  3003  4966 D SurfaceControl: restrictHighRefreshRate, enabled=false
03-13 15:42:46.625  2105  2922 I SurfaceFlinger: HRR : 0
03-13 15:42:46.625  3003  3661 D InputReader: Key_int_cancel(4): value=1 when=77555.621706
03-13 15:42:46.625  3003  3661 I InputReader: Touch event's action is 0x3 (id=9, t=0) [pCnt=1, s=0.344 ] when=77555.621706
03-13 15:42:46.625  2007  2007 I sensors-hal: ~worker:74, worker(0xb400007a0f4d5e90) is destroyed, remaining task = 0, tid= 17245
03-13 15:42:46.625  3003  3661 I InputReader: Touch events were canceled by KEY_INT_CANCEL
03-13 15:42:46.625  2007  2007 I sensors-hal: ~qsh_qmi:58, ~qsh_qmi
03-13 15:42:46.625  2007  2007 I sensors-hal: activate:330, android.sensor.gyroscope/41 en=0 completed
03-13 15:42:46.625  3003  3658 D InputDispatcher: clear touch state and cancel for monitors for display 1
03-13 15:42:46.625  3003  3661 D InputReader: Key_int_cancel(4): value=0 when=77555.622123
03-13 15:42:46.626  3003  3661 D InputReader: Btn_touch(4): value=0 when=77555.622611
03-13 15:42:46.626 15822 17186 D SensorManager: unregisterListener
03-13 15:42:46.626  1985  2158 I minksocket: MinkIPC MESSAGE: ( 1985:2158 ) MinkIPC_QRTR_Service:351 minkipc = 0xb400006d4d3f6550 sock = 13, client with node 1 port 4c5e went down
03-13 15:42:46.626  1985  2180 I minksocket: MinkIPC MESSAGE: ( 1985:2180 ) MinkIPC_QRTR_Service:351 minkipc = 0xb400006d4d3f7730 sock = 33, client with node 1 port 4c5e went down
03-13 15:42:46.626 15822 15998 D HWUI    : CacheManager::trimMemory(20)
03-13 15:42:46.626 15822 15822 I VRI[GoodsDetailActivity]@e6239f1: handleAppVisibility mAppVisible = true visible = false
03-13 15:42:46.626 15822 15822 D VRI[GoodsDetailActivity]@e6239f1: visibilityChanged oldVisibility=true newVisibility=false
03-13 15:42:46.626  2105  2922 I SurfaceFlinger: id=68119 createSurf, flag=84004, WindowToken{de8b9e2 type=2019 android.os.BinderProxy@dffb3c4}#68119
03-13 15:42:46.627 15822 15822 I VRI[GoodsDetailActivity]@e6239f1: stopped(true) old = false
03-13 15:42:46.627 15822 15822 D VRI[GoodsDetailActivity]@e6239f1: WindowStopped on com.zzkko/com.zzkko.si_goods_detail.GoodsDetailActivity set to true
03-13 15:42:46.627  3003  6501 D InputTransport: Input channel constructed: 'b863173', fd=1264
03-13 15:42:46.627  3003  6501 D InputTransport: Input channel constructed: 'b863173', fd=1280
03-13 15:42:46.627  3003  6501 D InputTransport: Input channel constructed: 'b863173', fd=1357
03-13 15:42:46.627  3003  6501 D InputTransport: Input channel destroyed: 'b863173', fd=1280
03-13 15:42:46.627  2105  2921 I SurfaceFlinger: id=68120 createSurf, flag=84004, b863173 NavigationBar1#68120
03-13 15:42:46.628  2007  2007 I sensors-hal: activate:300, com.samsung.sensor.auto_brightness/1651 en=0
03-13 15:42:46.628  3003  6501 D RestrictionPolicy: isScreenCaptureEnabled : ret=true userId=0
03-13 15:42:46.628  3003  6501 D InsetsSourceProvider: updateVisibility: serverVisible=false, clientVisible=false, source=InsetsSource: {8f830001 mType=navigationBars mFrame=[0,0][0,0] mVisible=false mFlags= mSideHint=NONE mBoundingRects=null}, controlTarget=null, from=com.android.server.wm.InsetsSourceProvider.setClientVisible:8 com.android.server.wm.InsetsSourceProvider.setWindowContainer:160 com.android.server.wm.WindowManagerService.addWindowInner:148 com.android.server.wm.WindowManagerService.addWindow:1842 com.android.server.wm.Session.addToDisplayAsUser:24 android.view.IWindowSession$Stub.onTransact:757 com.android.server.wm.Session.onTransact:1 android.os.Binder.execTransactInternal:1457 android.os.Binder.execTransact:1401 <bottom of call stack> 
03-13 15:42:46.628  2007  2007 I sensors-hal: enable_flicker_als:213, [SSC_LIGHT] flicker_als disable
03-13 15:42:46.628  3003  6501 E WindowManager: Display reconfigured outside of a transition: Display{#1 state=OFF size=748x720 ROTATION_0}
03-13 15:42:46.629  3003  6501 D DisplayManager.PersistentDataStore: saveToXml remembered active display fit status value:false
03-13 15:42:46.629  3003  6501 I WindowManager: [d1] Override config changes=20000c00 {0.0 ?mcc0mnc ?localeList ?layoutDir sw291dp w352dp h291dp 340dpi smll hdr widecg land ?uimode ?night finger -keyb/v/h -nav/h winConfig={ mBounds=Rect(0, 0 - 748, 720) mAppBounds=Rect(0, 0 - 748, 618) mMaxBounds=Rect(0, 0 - 748, 720) mDisplayRotation=ROTATION_0 mWindowingMode=fullscreen mActivityType=undefined mAlwaysOnTop=undefined mRotation=ROTATION_0 mStageConfig=undefined mPopOver=undefined mOverlappingWithCutout=false mFlexPanelMode=off} ?fontWeightAdjustment ff=0 bf=-1 bts=0 cst=1.0 nightDim=-1 themeSeq=0}, callers=com.android.server.wm.DisplayContent.updateDisplayOverrideConfigurationLocked:24 com.android.server.wm.DisplayContent.sendNewConfiguration:133 com.android.server.wm.WindowManagerService.addWindowInner:712 com.android.server.wm.WindowManagerService.addWindow:1842 com.android.server.wm.Session.addToDisplayAsUser:24 
03-13 15:42:46.629  3003  6501 D WindowManager: Transition is created, t=TransitionRecord{86b8ca9 id=-1 type=CHANGE flags=0x0}, caller=com.android.server.wm.Transition.<init>:182 com.android.server.wm.TransitionController.createTransition:17 com.android.server.wm.DisplayContent.requestChangeTransition:5 com.android.server.wm.DisplayContent.performDisplayOverrideConfigUpdate:333 com.android.server.wm.DisplayContent.updateDisplayOverrideConfigurationLocked:24 
03-13 15:42:46.629  3003  6501 D BLASTSyncEngine: SyncGroup is created, id=7946, name=Transition-CHANGE, caller=com.android.server.wm.BLASTSyncEngine$SyncGroup.<init>:52 com.android.server.wm.TransitionController.moveToCollecting:79 com.android.server.wm.TransitionController.createTransition:46 com.android.server.wm.DisplayContent.requestChangeTransition:5 com.android.server.wm.DisplayContent.performDisplayOverrideConfigUpdate:333 com.android.server.wm.DisplayContent.updateDisplayOverrideConfigurationLocked:24 com.android.server.wm.DisplayContent.sendNewConfiguration:133 
03-13 15:42:46.629  3003  6501 W BLASTSyncEngine: setSyncMethod, id=7946, method=0, caller=com.android.server.wm.TransitionController.moveToCollecting:91 com.android.server.wm.TransitionController.createTransition:46 com.android.server.wm.DisplayContent.requestChangeTransition:5 
03-13 15:42:46.629  3003  6501 V WindowManager: Start collecting in Transition: TransitionRecord{86b8ca9 id=7946 type=CHANGE flags=0x0}, caller=com.android.server.wm.TransitionController.createTransition:46 com.android.server.wm.DisplayContent.requestChangeTransition:5 com.android.server.wm.DisplayContent.performDisplayOverrideConfigUpdate:333 com.android.server.wm.DisplayContent.updateDisplayOverrideConfigurationLocked:24 com.android.server.wm.DisplayContent.sendNewConfiguration:133 
03-13 15:42:46.629  3003  6501 V WindowManager: Requesting StartTransition: TransitionRecord{86b8ca9 id=7946 type=CHANGE flags=0x0}, caller=com.android.server.wm.DisplayContent.requestChangeTransition:10 com.android.server.wm.DisplayContent.performDisplayOverrideConfigUpdate:333 com.android.server.wm.DisplayContent.updateDisplayOverrideConfigurationLocked:24 com.android.server.wm.DisplayContent.sendNewConfiguration:133 com.android.server.wm.WindowManagerService.addWindowInner:712 
03-13 15:42:46.629  3003  6501 V WindowManager: Collecting in transition 7946: Display{#1 state=OFF size=748x720 ROTATION_0}, caller=com.android.server.wm.DisplayContent.requestChangeTransition:71 com.android.server.wm.DisplayContent.performDisplayOverrideConfigUpdate:333 com.android.server.wm.DisplayContent.updateDisplayOverrideConfigurationLocked:24 com.android.server.wm.DisplayContent.sendNewConfiguration:133 com.android.server.wm.WindowManagerService.addWindowInner:712 
03-13 15:42:46.629  3003  6501 D WindowManager: prepareSync <SYNC_STATE_WAITING_FOR_DRAW>, mPrepareSyncSeqId=0, win=Window{21b9755 u0 ScreenDecorOverlayCover}
03-13 15:42:46.629  3003  6501 D WindowManager: prepareSync <SYNC_STATE_WAITING_FOR_DRAW>, mPrepareSyncSeqId=0, win=Window{b863173 u0 NavigationBar1}
03-13 15:42:46.629  3003  6501 D WindowManager: prepareSync <SYNC_STATE_WAITING_FOR_DRAW>, mPrepareSyncSeqId=0, win=Window{243e821 u0 SubScreenQuickPanel}
03-13 15:42:46.629  3003  6501 D WindowManager: prepareSync <SYNC_STATE_WAITING_FOR_DRAW>, mPrepareSyncSeqId=0, win=Window{3b7b695 u0 com.android.systemui/com.android.systemui.subscreen.SubHomeActivity}
03-13 15:42:46.629  3003  6501 D WindowManager: prepareSync <SYNC_STATE_WAITING_FOR_DRAW>, mPrepareSyncSeqId=0, win=Window{8bc5e3f u0 com.samsung.android.smartsuggestions/com.samsung.android.smartsuggestions.feature.aisuggestion.ui.onboarding.OnboardingActivity}
03-13 15:42:46.629  3003  6501 V WindowManager: Collecting in transition 7946: WindowToken{8004a5b type=2024 android.os.BinderProxy@d7bba75}, caller=com.android.server.wm.TransitionController$$ExternalSyntheticLambda3.accept:43 com.android.server.wm.WindowContainer$ForAllWindowsConsumerWrapper.apply:5 com.android.server.wm.WindowState.applyInOrderWithImeWindows:22 com.android.server.wm.WindowState.forAllWindows:9 com.android.server.wm.WindowContainer.forAllWindows:2 
03-13 15:42:46.630  4205  4267 V WindowManagerShell: Transition requested (#7946): android.os.BinderProxy@f50a98a TransitionRequestInfo { type = CHANGE, triggerTask = null, pipChange = null, remoteTransition = null, displayChange = null, flags = 0, debugId = 7946 }
03-13 15:42:46.630  4205  4267 D ShellDesktopMode: handleRequest: TransitionRequestInfo {type=6, tid=null, debugId=7946}
03-13 15:42:46.630  4205  4267 V ShellDesktopMode: DesktopTasksController: skipping handleRequest reason=transition type not handled (6)
03-13 15:42:46.630  3003  6501 I MultiTaskingController: onConfigurationChangedLocked: display#1, configChanges=0x20000c00, scaleW=1.0, scaleH=1.0, prevScreenBounds=Rect(0, 0 - 748, 720), nextScreenBounds=Rect(0, 0 - 748, 720)
03-13 15:42:46.631  2022  2124 I HYPER-HAL: [RequestManager.cpp]acquire(): Acquired ID : 320992427  [2025 / 23311]    HINT :      list : [TID_LOW_LATENCY / 1] [TID / 4392] [TID / 4393] [TID / 4205] [TID / 4394] 
03-13 15:42:46.631  3003  6501 D InsetsSourceProvider: updateVisibility: serverVisible=false, clientVisible=true, source=InsetsSource: {8f830024 mType=systemGestures mFrame=[0,0][0,0] mVisible=false mFlags= mSideHint=NONE mBoundingRects=null}, controlTarget=null, from=com.android.server.wm.InsetsSourceProvider.setServerVisible:6 com.android.server.wm.InsetsSourceProvider.onPostLayout:30 com.android.server.wm.InsetsStateController.onPostLayout:26 com.android.server.wm.RootWindowContainer.applySurfaceChangesTransaction$1:203 com.android.server.wm.RootWindowContainer.performSurfacePlacementNoTrace:86 com.android.server.wm.WindowSurfacePlacer.performSurfacePlacement:166 com.android.server.wm.ActivityTaskManagerService.continueWindowLayout:28 com.android.server.wm.DisplayContent.updateDisplayOverrideConfigurationLocked:78 com.android.server.wm.DisplayContent.sendNewConfiguration:133 com.android.server.wm.WindowManagerService.addWindowInner:712 
03-13 15:42:46.631  3003  6501 D InsetsSourceProvider: updateVisibility: serverVisible=false, clientVisible=true, source=InsetsSource: {8f830006 mType=tappableElement mFrame=[0,0][0,0] mVisible=false mFlags= mSideHint=NONE mBoundingRects=null}, controlTarget=null, from=com.android.server.wm.InsetsSourceProvider.setServerVisible:6 com.android.server.wm.InsetsSourceProvider.onPostLayout:30 com.android.server.wm.InsetsStateController.onPostLayout:26 com.android.server.wm.RootWindowContainer.applySurfaceChangesTransaction$1:203 com.android.server.wm.RootWindowContainer.performSurfacePlacementNoTrace:86 com.android.server.wm.WindowSurfacePlacer.performSurfacePlacement:166 com.android.server.wm.ActivityTaskManagerService.continueWindowLayout:28 com.android.server.wm.DisplayContent.updateDisplayOverrideConfigurationLocked:78 com.android.server.wm.DisplayContent.sendNewConfiguration:133 com.android.server.wm.WindowManagerService.addWindowInner:712 
03-13 15:42:46.631  3003  6501 D InsetsSourceProvider: updateVisibility: serverVisible=false, clientVisible=true, source=InsetsSource: {8f830005 mType=mandatorySystemGestures mFrame=[0,0][0,0] mVisible=false mFlags= mSideHint=NONE mBoundingRects=null}, controlTarget=null, from=com.android.server.wm.InsetsSourceProvider.setServerVisible:6 com.android.server.wm.InsetsSourceProvider.onPostLayout:30 com.android.server.wm.InsetsStateController.onPostLayout:26 com.android.server.wm.RootWindowContainer.applySurfaceChangesTransaction$1:203 com.android.server.wm.RootWindowContainer.performSurfacePlacementNoTrace:86 com.android.server.wm.WindowSurfacePlacer.performSurfacePlacement:166 com.android.server.wm.ActivityTaskManagerService.continueWindowLayout:28 com.android.server.wm.DisplayContent.updateDisplayOverrideConfigurationLocked:78 com.android.server.wm.DisplayContent.sendNewConfiguration:133 com.android.server.wm.WindowManagerService.addWindowInner:712 
03-13 15:42:46.631  3003  6501 D InsetsSourceProvider: updateVisibility: serverVisible=false, clientVisible=true, source=InsetsSource: {8f830004 mType=systemGestures mFrame=[0,0][0,0] mVisible=false mFlags= mSideHint=NONE mBoundingRects=null}, controlTarget=null, from=com.android.server.wm.InsetsSourceProvider.setServerVisible:6 com.android.server.wm.InsetsSourceProvider.onPostLayout:30 com.android.server.wm.InsetsStateController.onPostLayout:26 com.android.server.wm.RootWindowContainer.applySurfaceChangesTransaction$1:203 com.android.server.wm.RootWindowContainer.performSurfacePlacementNoTrace:86 com.android.server.wm.WindowSurfacePlacer.performSurfacePlacement:166 com.android.server.wm.ActivityTaskManagerService.continueWindowLayout:28 com.android.server.wm.DisplayContent.updateDisplayOverrideConfigurationLocked:78 com.android.server.wm.DisplayContent.sendNewConfiguration:133 com.android.server.wm.WindowManagerService.addWindowInner:712 
03-13 15:42:46.631 19717 19717 I HBD     : DeX h DeX mode state change in non-main thread 
03-13 15:42:46.631 19717 19717 I HBD     : DeX h DeX mode state change: 3 
03-13 15:42:46.632  2053  2958 I QC2V4l2Codec: [v4lhvcD_100] KPI_L1: start: ms=8
03-13 15:42:46.633  2053  2958 W QC2Interface: [hvcD_100] Failed to query parameters
03-13 15:42:46.632  3003  3991 I CocktailBarManagerServiceContainer: handleMessage: entry what = 6
03-13 15:42:46.633  3003  6501 D InputTransport: Input channel destroyed: 'b863173', fd=1357
03-13 15:42:46.633  3003  4966 D WifiDisplayAdapter: isFitToActiveDisplayLocked : false
03-13 15:42:46.633  3003  6708 D HintManagerService: SystemUI make new AppHintSession but force pause
03-13 15:42:46.633  3003  3003 D SGM:GameManager: onDisplayChanged. displyId: 1, state: 1
03-13 15:42:46.633  2022  2124 I HYPER-HAL: [RequestManager.cpp]acquire(): Acquired ID : 320992427  [2025 / 23311]    HINT :      list : [TID_LOW_LATENCY / 0] [TID / 4392] [TID / 4393] [TID / 4205] [TID / 4394] 
03-13 15:42:46.633  2053  2958 I QC2Comp : [hvcD_100] KPI_L1: start: ms=39
03-13 15:42:46.633  3003  3003 V CameraService_worker: onDisplayChanged rotation : 0 current mDeviceState : 6
03-13 15:42:46.634  2053  2956 W QC2Interface: [hvcD_100] Failed to query parameters
03-13 15:42:46.634  4360 17320 W Codec2Client: query -- param skipped: index = 1342179345.
03-13 15:42:46.634  4205  4205 D InputTransport: Input channel constructed: 'b863173', fd=467
03-13 15:42:46.634  4360 17320 W Codec2Client: query -- param skipped: index = 2415921170.
03-13 15:42:46.634  4360 17320 W Codec2Client: query -- param skipped: index = 1610614798.
03-13 15:42:46.634  4832  8380 I HoneySpace.Memory-Monitor: no default Display - 1
03-13 15:42:46.634  2053  2950 W QC2Interface: [hvcD_100] Failed to query parameters
03-13 15:42:46.634  4205  4205 I InsetsController: onStateChanged: host=NavigationBar1, from=android.view.ViewRootImpl.onInsetsStateChanged:3026, state=InsetsState: {mDisplayFrame=Rect(0, 0 - 748, 720), mDisplayCutout=DisplayCutout{insets=Rect(0, 0 - 0, 66) waterfall=Insets{left=0, top=0, right=0, bottom=0} boundingRect={Bounds=[Rect(0, 0 - 0, 0), Rect(0, 0 - 0, 0), Rect(0, 0 - 0, 0), Rect(379, 654 - 748, 720)]} cutoutPathParserInfo={CutoutPathParserInfo{displayWidth=748 displayHeight=720 physicalDisplayWidth=748 physicalDisplayHeight=720 density={2.125} cutoutSpec={@bottom @right M 0,0 H -173.6470588235294 V -31.05882352941176 H 0 V 0 Z @dp} rotation={0} scale={1.0} physicalPixelDisplaySizeRatio={1.0}}} sideOverrides={}}, mRoundedCorners=RoundedCorners{[RoundedCorner{position=TopLeft, radius=49, center=Point(49, 49)}, RoundedCorner{position=TopRight, radius=49, center=Point(699, 49)}, RoundedCorner{position=BottomRight, radius=49, center=Point(699, 671)}, RoundedCorner{position=BottomLeft, radius=49, center=Point(49, 671)}]}  mRoundedCornerFrame=Rect(0, 0 - 0, 0), mPrivacyIndicatorBounds=PrivacyIndicatorBounds {static bounds=null rotation=0}, mDisplayShape=DisplayShape{ spec=1406003047 displayWidth=748 displayHeight=720 physicalPixelDisplaySizeRatio=1.0 rotation=0 offsetX=0 offsetY=0 scale=1.0}, mSources= { InsetsSource: {8f830004 mType=systemGestures mFrame=[0,0][0,0] mVisible=false mFlags= mSideHint=NONE mBoundingRects=null}, InsetsSource: {8f830005 mType=mandatorySystemGestures mFrame=[0,0][0,0] mVisible=false mFlags= mSideHint=NONE mBoundingRects=null}, InsetsSource: {8f830024 mType=systemGestures mFrame=[0,0][0,0] mVisible=false mFlags= mSideHint=NONE mBoundingRects=null}, InsetsSource: {67 mType=displayCutout mFrame=[0,654][748,720] mVisible=true mFlags= mSideHint=BOTTOM mBoundingRects=null} }
03-13 15:42:46.634  4205  4205 I VRI[NavigationBar1]@3a637f5: synced displayState. AttachInfo displayState=1
03-13 15:42:46.634  4360 17320 I CCodecBufferChannel: [c2.qti.hevc.decoder#66] start: max output delay 11
03-13 15:42:46.634  2053 13496 W QC2Interface: [hvcD_100] Failed to query parameters
03-13 15:42:46.634  2053  6835 W QC2Interface: [hvcD_100] Failed to query parameters
03-13 15:42:46.635  4360 17320 I CCodecBufferChannel: [c2.qti.hevc.decoder#66] Created output block pool with allocatorID 18 => poolID 4384 - OK
03-13 15:42:46.635  6239  6239 I SSS     : [ChatRoomComponentManager] onConfigurationChanged: {1.0 ?mcc0mnc [en_US] ldltr sw291dp w352dp h291dp 340dpi smll hdr widecg land night finger -keyb/v/h -nav/h winConfig={ mBounds=Rect(0, 0 - 748, 720) mAppBounds=Rect(0, 0 - 748, 618) mMaxBounds=Rect(0, 0 - 748, 720) mDisplayRotation=ROTATION_0 mWindowingMode=fullscreen mActivityType=undefined mAlwaysOnTop=undefined mRotation=ROTATION_0 mStageConfig=undefined mPopOver=off mOverlappingWithCutout=false mFlexPanelMode=off} s.8212 fontWeightAdjustment=0 ff=0 bf=-1 bts=0 cst=1.0 nightDim=0 themeSeq=0}
03-13 15:42:46.635  2053 17329 I QC2Buf  : use shared ref tracker
03-13 15:42:46.635  2053 17329 I QC2Buf  : Reconfig: clearing from 0 bufs. Peak mem=0 MB
03-13 15:42:46.635  2053 17329 I QC2Buf  : Reconfig: clearing from 0 bufs. Peak mem=0 MB
03-13 15:42:46.636  4607  4607 D NfcService: handleMessage: MSG_APPLY_SCREEN_STATEOFF_UNLOCKED
