03-13 15:42:46.714  4205  4205 I AODDataSettings[8.0.6]:AODDataManager: set last notified widget data: ComplicationWidgetsImpl(id=complication_widget:0:SingleDisplay:Portrait:AodOnly:, width=DirectionDimensionImpl(value=0.0, type=WRAP_CONTENT, isHorizontal=true), height=DirectionDimensionImpl(value=0.0, type=WRAP_CONTENT, isHorizontal=false), x=DefaultDimensionImpl(value=0.0, type=PX, isHorizontal=true), y=DirectionDimensionImpl(value=0.0, type=PX, isHorizontal=false), isEnabled=true, widgets=[], widgetListRawData=)
03-13 15:42:46.714  4205  4205 I DataStoreState: setRootSize : 1080.0x2640.0
03-13 15:42:46.714  4205  4205 I FaceWidgetClockRoamManager: shouldShowDualClock() isRoamingClockEnabled=true, isEasyModeEnabled=false, mIsNetworkRoaming=false
03-13 15:42:46.714  4205  4205 I AODThemeSettingsHelper: getAODSelectedThemeClock = 0
03-13 15:42:46.714  4205  4205 I FaceWidgetViewModel: updateIsAODThemeClock: false
03-13 15:42:46.714  4205  4205 D FaceWidgetMusicPageShownManager: mCurrentMediaData is NULL
03-13 15:42:46.714  4205  4205 D FaceWidgetMusicPageShownManager: updateMusicPageShownState() show = false, reattach = false, reason = sleep
03-13 15:42:46.714  4205  4205 D FaceWidgetMusicPageShownManager: skip to show media panel
03-13 15:42:46.714  4205  4205 D DozeServiceHost: updateDozing dozing = false / dozingRequested = false / state = SHADE mode = 0
03-13 15:42:46.714  4205  4205 D LockscreenNotificationIconsOnlyController: mWakefulnessObserver onStartedGoingToSleep 
03-13 15:42:46.714  4205  4205 D S.S.N.  :  onStartedGoingToSleep
03-13 15:42:46.714  4205  4205 I CentralSurfaces: updateRevealEffect: wakingUp=false wakingUpFromPowerButton=false sleepingFromPowerButton=false wakingUpFromDoubleTap=false sleepingFromDoubleTap=false
03-13 15:42:46.714  2053  2958 I QC2V4l2Codec: [v4lhvcD_100] KPI_L1: release: ms=5
03-13 15:42:46.714  4205  4205 D QuickPanelLog: NPVC | setTouchAndAnimationDisabled: false -> true
03-13 15:42:46.714  4205  4205 D QuickPanelLog:  - com.android.systemui.shade.NotificationPanelViewController.setTouchAndAnimationDisabled:30
03-13 15:42:46.714  4205  4205 D QuickPanelLog:  - com.android.systemui.statusbar.phone.CentralSurfacesImpl.updateNotificationPanelTouchState:91
03-13 15:42:46.714  4205  4205 D QuickPanelLog:  - com.android.systemui.statusbar.phone.CentralSurfacesImpl$9.onStartedGoingToSleep:17
03-13 15:42:46.714  4205  4205 D QuickPanelLog:  - com.android.systemui.keyguard.WakefulnessLifecycle$$ExternalSyntheticLambda0.accept:8
03-13 15:42:46.714  4205  4205 D QuickPanelLog:  - com.android.systemui.keyguard.SecLifecycle.dispatch:170
03-13 15:42:46.714  4205  4205 D QuickPanelLog:  - com.android.systemui.keyguard.KeyguardLifecyclesDispatcher$KeyguardLifecycleHandler.handleMessage:145
03-13 15:42:46.714  4205  4205 D QuickPanelLog:  - android.os.Handler.dispatchMessage:110
03-13 15:42:46.714  4205  4205 D QuickPanelLog:  - android.os.Looper.loopOnce:273
03-13 15:42:46.714  4205  4205 D QuickPanelLog:  - android.os.Looper.loop:363
03-13 15:42:46.714  4205  4205 D QuickPanelLog:  - android.app.ActivityThread.main:10060
03-13 15:42:46.715  2053  2958 I QC2V4l2Codec: [v4lhvcD_100] KPI_L1: stop: ms=0
03-13 15:42:46.715  4205  4205 D KeyguardEditModeController: onStartedGoingToSleep
03-13 15:42:46.715  4205  4205 D KeyguardEditModeAnimatorController: startCancelAnimation
03-13 15:42:46.715  4205  4205 D KeyguardEditModeAnimatorController: startCancelAnimation : is not keyguard state
03-13 15:42:46.715  4205  4205 D KeyguardEditModeAnimatorController: resetViews
03-13 15:42:46.715  4205  4205 D KeyguardEditModeController: cancel() true
03-13 15:42:46.715  2053  2958 I QC2V4l2Codec: [v4lhvcD_100] KPI_L1: release: ms=0
03-13 15:42:46.715  4205  4205 I SubLauncher:SubLauncherPluginImpl@102487053: onStartedGoingToSleep
03-13 15:42:46.715  4205  4205 I SubLauncher:SubLauncherStateManager@232606011: setScreenOff: screenOn=true -> false
03-13 15:42:46.715  4205  4205 I SubLauncher:SubLauncherSeamlessAOD@129222420: onStartedGoingToSleepOnCover
03-13 15:42:46.715  4205  4205 D PluginAODManager: shouldControlScreenOff() : false
03-13 15:42:46.715  4205  4205 I SubLauncher:SubLauncherStateManager@232606011: setAODVisibleState: INITIALIZED -> INVISIBLE
03-13 15:42:46.715  4205  4205 I SubLauncher:SubScreenCallbackRepositoryImpl@195824573: setAODVisibleState: state=INVISIBLE
03-13 15:42:46.715  4205  4205 D KeyguardWallpaperController: setAODVisibleState: state=0
03-13 15:42:46.716  4205  4205 I SubLauncher:SubLauncherNowBarController@192055129: isExpandedCardState false -> false
03-13 15:42:46.716  4205  4205 I SubLauncher:SubLauncherStateManager@232606011: setNowBarCardClicked: false -> false
03-13 15:42:46.716  4205  4205 I SubLauncher:SubLauncherNowBarExternalViewCardView@180170169: closeSettingViewIfNeeded isSettingViewOpened false noAnimation false
03-13 15:42:46.716  4205  4205 I SubLauncher:SubLauncherNowBarController@192055129: onSettingViewVisibilityChanged visible = false / isExpandedCardState = false
03-13 15:42:46.716  4205  4205 I SubLauncher:SubLauncherStateManager@232606011: setNowBarSettingsViewVisibility: false -> false
03-13 15:42:46.716  4205  4205 I SubLauncher:SubLauncherNowBarController@192055129: updateExpandedClickPanelVisibility expanded false isTopCardSettingViewOpened = false
03-13 15:42:46.716  4205  4205 I SubLauncher:SubLauncherNowBarCardStackView@249169805: updateCardVisibilityBySettingView isExpandedCardState = false  / settingViewOpened false isExpandVIStarted false
03-13 15:42:46.716  4205  4205 I SubLauncherNowBarCardStackView: startAiCardEffect needToHide = true
03-13 15:42:46.716  4205  4205 I NowBarGuidingEffect: hide effectLeftShortCut null effectNowBarCenterView null effectRightShortCut null centerCardView null
03-13 15:42:46.716  4205  4205 I SubLauncher:SubLauncherNowBarCardStackView@249169805: updateVisibilityForExpandedDepthOrder false
03-13 15:42:46.716  4205  4205 I SubLauncher:SubLauncherNowBarController@192055129: focusIndex 1 defaultIndex 1 
03-13 15:42:46.717  2053  2958 D BufferPoolAccessor2.0: Destruction - bufferpool2 0xb400006f37a54ed8 cached: 0/0M, 0/0% in use; allocs: 13, 0% recycled; transfers: 0, 0% unfetched
03-13 15:42:46.717  4205  4205 I SubLauncher:SubLauncherNowBarViewModel@69805067: needToStartStandAloneChargingVI chargingVICardItem = null screenOn = false isActivityResumed = false isDefaultPage = true isAODShowState = false isFolderClosed = true
03-13 15:42:46.717  4205  4205 I SubLauncher:SubLauncherNowBarViewModel@69805067: startStandAloneChargingVINowBar start = false
03-13 15:42:46.717  4205  4205 I SubLauncher:SubLauncherNowBarViewModel@69805067: detachNowBarFromTopWindow null
03-13 15:42:46.717  4205  4205 D SubscreenFlashLightController: onStartedGoingToSleep 13
03-13 15:42:46.717  4205  4205 D KeyguardTouchAnimator: screenPowerState it=SCREEN_OFF dozeUiState=false
03-13 15:42:46.717  4205  4205 D SecLifecycle: screenState=3
03-13 15:42:46.717  4205  4205 D {OngoingActivityController}:  screen OFF 
03-13 15:42:46.717  4205  4205 D CollapsedStatusBarFragment: cancelOngoingAnimation: -> Screen State Changed
03-13 15:42:46.717  4205  4205 D {ChipAnimationController}: cancelAnimation() v:ongoing_activity_capsule
03-13 15:42:46.717  4205  4205 D NavBarStateManager: NavBarStates(0) supportLargeCoverScreenNavBar: false
03-13 15:42:46.717  4205  4205 D NavigationBar: setImeWindowStatus displayId=0 vis=0 backDisposition=0 showImeSwitcher=false isImeVisible=false
03-13 15:42:46.717  2053  2958 I QC2Comp : [hvcD_100] NOTE: Release returning: 0 (OK=0)
03-13 15:42:46.717  4205  4205 D SecTabletHorizontalPanelPositionHelper: foldState: UNFOLD -> FOLD
03-13 15:42:46.717  4205  4205 D SecTabletHorizontalPanelPositionHelper: setHorizontalPanelTranslation(0.0), force : true
03-13 15:42:46.717  4205  4205 E SecQSPanelResourcePickHelper: need to prepare suitable picker for COVER
03-13 15:42:46.717  4205  4205 I KeyguardTransitionRepository: STARTED transition: TransitionStep(from=GONE, to=DOZING, value=0.0, transitionState=STARTED, ownerName=FromGoneTransitionInteractor(Sleep transition triggered))
03-13 15:42:46.718  4205  4362 D Tile.SoundModeTile: handleUpdateState: profile 0, muteAllSound false
03-13 15:42:46.718  3003  3046 I BiometricContextProvider: onDisplayStateChanged: DISPLAY_STATE_NO_UI
03-13 15:42:46.718  4205  4362 D SBluetoothTile:  handleUpdateState enabled = false connected = false connecting = false changedState =false bluetoothState = 10 enabledChanging = false state = QSTile$BooleanState[spec=Bluetooth,icon=ResourceIcon[resId=0x7f080f78],nextIcon=null,iconSupplier=null,label=Bluetooth,secondaryLabel=,contentDescription=Bluetooth,stateDescription=null,dualLabelContentDescription=null,expandedAccessibilityClassName=null,disabledByPolicy=false,dualTarget=true,isTransient=false,handlesSecondaryClick=false,state=1,sideViewCustomDrawable=null,tileClassName=null,value=false,forceExpandIcon=false]
03-13 15:42:46.718  2053  2958 I QC2Comp : [hvcD_100] KPI_L1: release: ms=12
03-13 15:42:46.718  2053  2958 I FRCFilterPlugin: release entry
03-13 15:42:46.718  2053  2958 I FRCFilterPlugin: shutDownMpp entry
03-13 15:42:46.718  2053  2958 I FRCFilterPlugin: shutDownMpp exit
03-13 15:42:46.718  2053  2958 I FRCFilterPlugin: cleanUpResources entry
03-13 15:42:46.718  2053  2958 I FRCFilterPlugin: cleanUpResources exit
03-13 15:42:46.718  2053  2958 I FRCFilterPlugin: release exit
03-13 15:42:46.719  4832 15368 I HoneySpace.SystemUiRepository: systemUiFlags: overview_disabled|home_disabled|navbar_hidden|allow_gesture|back_disabled|wakefulness_transition
03-13 15:42:46.719  4360 17348 I CCodec  : [c2.qti.hevc.decoder] state->set(RELEASED)
03-13 15:42:46.720  4205  4362 D DeviceState: isESIM() :0 : false
03-13 15:42:46.720  4360 17319 I MediaCodec: Codec shutdown complete
03-13 15:42:46.720  4205  4205 I Kumiho-Kumiho: getPackageName: com.samsung.android.app.routines
03-13 15:42:46.720  2496  9243 I ResourceManagerService: removeResourceInfo pid 4360, removed 2851200 (width 1080 height 2640), remained hw codec count 0
03-13 15:42:46.720  4205  4205 I AppIconSolution: start to load, pkg=android, bg=192-192, dr=144-144, forDefault=true, density=0
03-13 15:42:46.720  4205  4205 I AppIconSolution: getIconScale, pkg=android, size=144, iconScale=IconScale[alpha=6, scale=0.72, isCrop=false]
03-13 15:42:46.720  4205  4205 I Kumiho-Kumiho: getPackageName: com.samsung.android.app.routines
03-13 15:42:46.721  4205  4205 I Kumiho-Kumiho: getPackageName: com.samsung.android.app.routines
03-13 15:42:46.721 16420 16447 I SemMediaResourceHelper: onRemove
03-13 15:42:46.721  6380  6380 I SemMediaResourceHelper: onRemove
03-13 15:42:46.721  4205  4205 I AppIconSolution: default container[Contain], pkg=android, bg=184-184, dr=144-144, isNight = true
03-13 15:42:46.722  4205  4362 D DeviceState: isEuicc() :1 : true
03-13 15:42:46.722  4205  4362 D Tile.AirplaneModeTile:  handleUpdateState mIsWiFiOnlyDevice false isNoSimState true isPowerOffServiceState true mSetting.getValue() 0 isSatelliteModeOn false isChinaDevice false
03-13 15:42:46.722  4205  4362 D Tile.AirplaneModeTile:  handleUpdateState:  value = false, state = 1
03-13 15:42:46.723  4205  4205 I AppIconSolution: return adaptive icon for com.sec.android.daemonapp, isNight = true
03-13 15:42:46.723  3003 17313 D WifiConnectivityMonitor.DnsThread:  [|210] []
03-13 15:42:46.724  3003  4062 D WifiConnectivityMonitor.NetworkStatsAnalyzer: DNS resultType : 0, responseTime : 210
03-13 15:42:46.724  4360  4776 I CCodecBufferChannel: CCodecBufferChannel destructing c2.qti.hevc.decoder#66
03-13 15:42:46.724  3003  4058 D OpenNetworkQos[4.00]: updateBssidLatestDnsResultType - result: 0
03-13 15:42:46.724  3003  4058 D OpenNetworkQos[4.00]: updateBssidNoInternet: mBssidNoInternet = false
03-13 15:42:46.724  3003  4058 D OpenNetworkQos[4.00]: getOpenNetworkQosNoInternetStatus: false
03-13 15:42:46.724  3003  4058 D OpenNetworkQos[4.00]: getOpenNetworkQosScores: 30 30 20 
03-13 15:42:46.724  4205  4205 I AppIconSolution: return adaptive icon for com.android.vending, isNight = true
03-13 15:42:46.725  4360  4776 I Codec2Client: Component destructing
03-13 15:42:46.725  4360  4776 I hw-BpHwBinder: onLastStrongRef automatically unlinking death recipients
03-13 15:42:46.725  2053  2053 I hw-BpHwBinder: onLastStrongRef automatically unlinking death recipients
03-13 15:42:46.725  2053  2053 I vendor.qti.media.c2@1.0-service: HDRToneMappingFilter DTOR
03-13 15:42:46.725  4832  4895 I HoneySpace.TaskbarEventTracker: invokeEvent() called with: event = SystemUiStateChanged(stateFlags=541196674)
03-13 15:42:46.724  3003  4058 D KNOX_MDM_SettingsProvider: isChangeAllowed() : name = wifi_wcm_qos_sharing_score_summary
03-13 15:42:46.725  2053  2053 I vendor.qti.media.c2@1.0-service: AIFRCFilter DTOR
03-13 15:42:46.725  4360 17320 W AMessage: failed to deliver message as target handler 9252 is gone.
03-13 15:42:46.725  4360 17319 I CCodec  : state->set(ALLOCATING)
03-13 15:42:46.725  2053  2053 I QC2CompStore: Deleting component(c2.qti.hevc.decoder) id(100)
03-13 15:42:46.725  3003  4058 I WifiProfileShare: network QoS data was changed (internet), updateQoSData networkType: true, qosData: false
03-13 15:42:46.725  4360 17320 I CCodec  : allocate(c2.qti.hevc.decoder)
03-13 15:42:46.726  4205  4205 I AppIconSolution: return adaptive icon for com.samsung.android.app.smartcapture, isNight = true
03-13 15:42:46.726  2053  2053 I QC2CompStore: removeIdFromList remove Id[100] from list
03-13 15:42:46.726  4832 17707 I HoneySpace.RecentTasks: onRecentTasksChanged
03-13 15:42:46.726  2053  2053 I StatsHandler: [hvcD_100] Stats: Pending(0) i/p-done(0) Works: Q: 2/Done 3|Work-Rate: Q(13.1/s Avg=13.1/s) Done(19.635/s Avg=19.635/s)| Stream: 30.00fps 0.0Kbps
03-13 15:42:46.726  2053  2053 I StatsHandler: [hvcD_100] Mem-usage:  [In-1D: 2 bufs 16.000 MB] [1D-4383: 13 bufs 0.203 MB] [2D-4384: 12 bufs 70.547 MB] | Total: 86.750 MB
03-13 15:42:46.726  2053  2053 I QC2Comp : [c2.qti.hevc.decoder] KPI_L1: Total component latency: ms=152
03-13 15:42:46.726  3003  5535 D WifiProfileShare: nearby scanning settings run
03-13 15:42:46.726  3003  5535 D WifiProfileShare: network score provider settings enabled
03-13 15:42:46.726  3003  5535 V WifiProfileShare.Caster: checkAndGetShareData(qos) - unavailable for this config
03-13 15:42:46.726  3003  5535 V WifiProfileShare.Caster: checkAndGetShareData(pwd sta) - unavailable for this config
03-13 15:42:46.726  3003  5535 V WifiProfileShare.Caster: checkAndGetShareData - there is no data
03-13 15:42:46.726  6380  8817 I SDHMS:k : onTaskStackChanged
03-13 15:42:46.727  6380  6728 I SDHMS:k : no app is Resumed!!! mResumedPackages.size = 0
03-13 15:42:46.727  4205  4205 I AppIconSolution: return adaptive icon for com.sygic.aura, isNight = true
03-13 15:42:46.729  4205  4205 D S.S.N.  : updateMainListArray allMap - size : 5, isEmpty: true
03-13 15:42:46.729  4205  4205 D S.S.N.  : updateMainListArray allMap - key : -1|android|32|null|1000, com.android.systemui.statusbar.notification.collection.NotificationEntry@ed3ae0e
03-13 15:42:46.729  4205  4205 D S.S.N.  : updateMainListArray allMap - key : 0|com.sec.android.daemonapp|5|null|10222, com.android.systemui.statusbar.notification.collection.NotificationEntry@e59453c
03-13 15:42:46.729  4205  4205 D S.S.N.  : updateMainListArray allMap - key : 0|com.android.vending|0|0|com.android.vending|g:Aggregate_NormalNotificationSection|10260|0|com.android.vending|g:Aggregate_NormalNotificationSection, com.android.systemui.statusbar.notification.collection.NotificationEntry@9b253be
03-13 15:42:46.729  4205  4205 D S.S.N.  : updateMainListArray allMap child : 0|com.android.vending|-49572251|null|10260
03-13 15:42:46.729  4205  4205 I AppIconSolution: return adaptive icon for com.android.vending, isNight = true
03-13 15:42:46.729  4360 17320 I CCodec  : setting up 'default' as default (vendor) store
03-13 15:42:46.729  2053  2958 I QC2CompStore: addIdToList add Id[101] to list
03-13 15:42:46.730  4205  4205 D S.S.N.  : updateMainListArray allMap child : 0|com.android.vending|-234430262|null|10260
03-13 15:42:46.730  2053  2958 I vendor.qti.media.c2@1.0-service: missing struct descriptor #Param::CoreIndex(--002) for field mastering of struct #Param::CoreIndex(--180a)
03-13 15:42:46.730  2053  2958 I vendor.qti.media.c2@1.0-service: missing struct descriptor #Param::CoreIndex(-V8002) for field portConfigs of struct #Param::CoreIndex(FV19100)
03-13 15:42:46.730  2053  2958 I vendor.qti.media.c2@1.0-service: missing struct descriptor #Param::CoreIndex(-V8002) for field portConfigs of struct #Param::CoreIndex(FV1a100)
03-13 15:42:46.730  2053  2958 I vendor.qti.media.c2@1.0-service: missing struct descriptor #Param::CoreIndex(-V8002) for field portConfigs of struct #Param::CoreIndex(FV19100)
03-13 15:42:46.730  2053  2958 I vendor.qti.media.c2@1.0-service: missing struct descriptor #Param::CoreIndex(-V8002) for field portConfigs of struct #Param::CoreIndex(FV1a100)
03-13 15:42:46.730  4205  4205 I AppIconSolution: return adaptive icon for com.android.vending, isNight = true
03-13 15:42:46.730  2053  2958 I QC2Comp : [cmphvcD_101] KPI_L1: init: ms=0
03-13 15:42:46.730  2053  2958 I QC2Comp : [c2.qti.hevc.decoder] KPI_L1: Create: ms=0
03-13 15:42:46.730  2053  2958 I QC2CompStore: Created component(c2.qti.hevc.decoder) id(101) sStore[0xb400006dc7a29970]
03-13 15:42:46.730  4205  4362 D Tile.MobileDataTile: handleUpdateState : state false
03-13 15:42:46.730  2053  2958 I vendor.qti.media.c2@1.0-service: missing struct descriptor #Param::CoreIndex(--002) for field mastering of struct #Param::CoreIndex(--180a)
03-13 15:42:46.730  2053  2958 I vendor.qti.media.c2@1.0-service: missing struct descriptor #Param::CoreIndex(--002) for field mastering of struct #Param::CoreIndex(--180a)
03-13 15:42:46.730  2053  2958 I vendor.qti.media.c2@1.0-service: VendorExternalAIFRCRequestSetter set to 0 0
03-13 15:42:46.730  2053  2958 I vendor.qti.media.c2@1.0-service: StrictValueWithNoDeps is called old.v.value is 2141391876 me.v.value is 2141391876
03-13 15:42:46.730  2053  2958 I vendor.qti.media.c2@1.0-service: StrictValueWithNoDeps is called old.v.value is 30 me.v.value is 30
03-13 15:42:46.730  4205  4362 E SecQSPanelResourcePickHelper: need to prepare suitable picker for COVER
03-13 15:42:46.730  2053  2958 I vendor.qti.media.c2@1.0-service: missing struct descriptor #Param::CoreIndex(--002) for field mastering of struct #Param::CoreIndex(--180a)
03-13 15:42:46.730  2053  2958 I vendor.qti.media.c2@1.0-service: missing struct descriptor #Param::CoreIndex(--002) for field mastering of struct #Param::CoreIndex(--180a)
03-13 15:42:46.730  2053  2958 I vendor.qti.media.c2@1.0-service: C2StreamVendorRenderEngineHDRToneMapRequestInfoset to 0
03-13 15:42:46.730  2053  2958 W QC2Interface: [hvcD_101] Failed to query parameters
03-13 15:42:46.730  2053  2958 I vendor.qti.media.c2@1.0-service: StrictValueWithNoDeps is called old.v.value is 2141391876 me.v.value is 0
03-13 15:42:46.730  2053  2958 I vendor.qti.media.c2@1.0-service: StrictValueWithNoDeps is called old.v.value is 30 me.v.value is 1
03-13 15:42:46.730  2053  2958 I vendor.qti.media.c2@1.0-service: [FRC-IsFilteringEnabled] entry
03-13 15:42:46.730  2053  2958 I vendor.qti.media.c2@1.0-service: [FRC-IsFilteringEnabled] frcReqInfo.value is 0
03-13 15:42:46.731  4205  4362 E SecQSPanelResourcePickHelper: need to prepare suitable picker for COVER
03-13 15:42:46.731  4205  4205 D S.S.N.  : updateMainListArray allMap - key : 0|com.samsung.android.app.smartcapture|5755|null|10221, com.android.systemui.statusbar.notification.collection.NotificationEntry@1e3936a
03-13 15:42:46.731  4205  4205 D S.S.N.  : updateMainListArray allMap - key : 0|com.sygic.aura|0|null|10286, com.android.systemui.statusbar.notification.collection.NotificationEntry@97b2bc8
03-13 15:42:46.731  4205  4362 D Tile.DndTile: handleUpdateState zen 0  state = QSTile$BooleanState[spec=Dnd,icon=ResourceIcon[resId=0x7f080f7d],nextIcon=null,iconSupplier=null,label=Do not disturb,secondaryLabel=null,contentDescription=null,stateDescription=null,dualLabelContentDescription=null,expandedAccessibilityClassName=null,disabledByPolicy=false,dualTarget=true,isTransient=false,handlesSecondaryClick=false,state=1,sideViewCustomDrawable=null,tileClassName=null,value=false,forceExpandIcon=false]
03-13 15:42:46.731  4205  4205 I SubLauncher:SubLauncherCapsuleView@123218506: Capsule onFoldClosed true
03-13 15:42:46.731  4360 17320 I CCodec  : Created component [c2.qti.hevc.decoder] for [c2.qti.hevc.decoder]
03-13 15:42:46.731  4360 17320 I CCodec  : [c2.qti.hevc.decoder] state->set(ALLOCATED)
03-13 15:42:46.732  4205  4205 I LayoutDataBinder: subLauncherAODFrontScrimAnimState : SUB_LAUNCHER_AOD_FRONT_SCRIM_BLACK
03-13 15:42:46.732  4205  4205 D SubLauncher:SubLauncherPageIndicatorPolicyView@76808005: setAvailable: true
03-13 15:42:46.732  2053  6835 W QC2Interface: [hvcD_101] Failed to query parameters
03-13 15:42:46.732  4205  4205 D NavBarStateManager: NavBarStates(0) canUseNavBarBackgroundFrame: false
03-13 15:42:46.733  4205  4362 D Tile.MobileDataTile: handleUpdateState : state false
03-13 15:42:46.733  4205  4362 E SecQSPanelResourcePickHelper: need to prepare suitable picker for COVER
03-13 15:42:46.733  4205  4362 E SecQSPanelResourcePickHelper: need to prepare suitable picker for COVER
03-13 15:42:46.733  4205  4362 D Tile.DndTile: handleUpdateState zen 0  state = QSTile$BooleanState[spec=Dnd,icon=ResourceIcon[resId=0x7f080f7d],nextIcon=null,iconSupplier=null,label=Do not disturb,secondaryLabel=null,contentDescription=null,stateDescription=null,dualLabelContentDescription=null,expandedAccessibilityClassName=null,disabledByPolicy=false,dualTarget=true,isTransient=false,handlesSecondaryClick=false,state=1,sideViewCustomDrawable=null,tileClassName=null,value=false,forceExpandIcon=false]
03-13 15:42:46.734  4205  4362 D StackScroller: onDisplayChanged for predraw skip to 1
03-13 15:42:46.734  4205  4362 D StackScroller: onDisplayChanged for predraw skip to 1
03-13 15:42:46.734  3003  4966 D WifiDisplayAdapter: isFitToActiveDisplayLocked : false
03-13 15:42:46.734  3003  4086 D NetdEventListenerService: DNS Requested by 115, 10436(com.zzkko), SUCCESS, 23ms
03-13 15:42:46.734  3003  4966 D WifiDisplayAdapter: isFitToActiveDisplayLocked : false
03-13 15:42:46.735  3003  4966 D WifiDisplayAdapter: isFitToActiveDisplayLocked : false
03-13 15:42:46.735  2022  2124 I HYPER-HAL: [RequestManager.cpp]acquire(): Acquired ID : 321043104  [2025 / 23313]    HINT :      list : [TID_LOW_LATENCY / 1] [TID / 4392] [TID / 4393] [TID / 4205] [TID / 4394] 
03-13 15:42:46.735  4205  4205 D NavBarStateManager: NavBarStates(1) supportLargeCoverScreenNavBar: true
03-13 15:42:46.735  4205  4205 D NavBarView: disableBack=true (isBackDismissIme=false, handlingGestures=false, disabledFlagBack=true, isBottomGesture=false, isImeRenderingNavButtons=false)
03-13 15:42:46.735  4205  4205 D NavBarStateManager: NavBarStates(1) supportLargeCoverScreenNavBar: true
03-13 15:42:46.735  4205  4205 D Navbar.Store: handleEvent(0) OnUpdateSysUiStateFlag(noArguments=true) [Module] SamsungNavigationBarView
03-13 15:42:46.735  4205  4205 D Navbar.Store: --[Band]GESTURE_PACK_UPDATE_SYSTEMUI_STATE_FLAG
03-13 15:42:46.735  4205  4205 D Navbar.Store: --[Band] (afterAction) GESTURE_PACK_UPDATE_SYSTEMUI_STATE_FLAG
03-13 15:42:46.735  3003  3046 D HintManagerService: SystemUI make new AppHintSession but force pause
03-13 15:42:46.735  4205  4205 D NavBarStateManager: NavBarStates(1) supportLargeCoverScreenNavBar: true
03-13 15:42:46.735  4205  4205 D NavBarView: disableBack=true (isBackDismissIme=false, handlingGestures=false, disabledFlagBack=true, isBottomGesture=false, isImeRenderingNavButtons=false)
03-13 15:42:46.735  4205  4205 D NavBarStateManager: NavBarStates(1) supportLargeCoverScreenNavBar: true
03-13 15:42:46.735  4205  4205 D Navbar.Store: handleEvent(0) OnUpdateSysUiStateFlag(noArguments=true) [Module] SamsungNavigationBarView
03-13 15:42:46.735  4205  4205 D Navbar.Store: --[Band]GESTURE_PACK_UPDATE_SYSTEMUI_STATE_FLAG
03-13 15:42:46.735  4205  4205 D Navbar.Store: --[Band] (afterAction) GESTURE_PACK_UPDATE_SYSTEMUI_STATE_FLAG
03-13 15:42:46.735  4205  4205 D NavigationModeController: getCurrentInteractionMode: mode=0 contextUser=0
03-13 15:42:46.736  4205  4205 D Navbar.Store: handleEvent(1) OnNavBarAttachedToWindow(navigationBarView=com.android.systemui.navigationbar.views.SamsungNavigationBarView{7ad0a06 G.E...... ......ID 0,0-0,0 #7f0a0847 app:id/navigation_bar_view}, navbarTransitions=com.android.systemui.navigationbar.views.NavigationBarTransitions@45f48c7) [Module] SamsungNavigationBarView
03-13 15:42:46.736  4205  4205 D Navbar.Store: --[Band]STABLE_LAYOUT_PACK_NAVBAR_ATTACHED_TO_WINDOW
03-13 15:42:46.736  4205  4205 D Navbar.Store: ----apply(1) NavBarStoreAction$ReinflateNavBar
03-13 15:42:46.736  4205  4205 D Navbar.Store: ----handleEvent(1) GetInflateLayoutID(vertical=false) [Module] SamsungNavigationBarInflaterView
03-13 15:42:46.736  4205  4205 D Navbar.Store: ------[Band]STABLE_LAYOUT_PACK_GET_INFLATE_LAYOUT_ID
03-13 15:42:46.736  4205  4205 D NavBarStateManager: NavBarStates(1) getLayoutID(vertical: false): 2131559285
03-13 15:42:46.736  4205  4205 D Navbar.Store: ----handleEvent(1) value= 2131559285
03-13 15:42:46.736  2022  2124 I HYPER-HAL: [RequestManager.cpp]acquire(): Acquired ID : 321043104  [2025 / 23313]    HINT :      list : [TID_LOW_LATENCY / 0] [TID / 4392] [TID / 4393] [TID / 4205] [TID / 4394] 
03-13 15:42:46.736  4205  4205 D Navbar.Store: ----handleEvent(1) GetInflateLayoutID(vertical=true) [Module] SamsungNavigationBarInflaterView
03-13 15:42:46.736  4205  4205 D Navbar.Store: ------[Band]STABLE_LAYOUT_PACK_GET_INFLATE_LAYOUT_ID
03-13 15:42:46.736  4205  4205 D NavBarStateManager: NavBarStates(1) getLayoutID(vertical: true): 2131559287
03-13 15:42:46.736  4205  4205 D Navbar.Store: ----handleEvent(1) value= 2131559287
03-13 15:42:46.736  4205  4205 D Navbar.Store: ----handleEvent(1) GetDefaultLayout(noArguments=true) [Module] SamsungNavigationBarInflaterView
03-13 15:42:46.736  4205  4205 D Navbar.Store: ------[Band]STABLE_LAYOUT_PACK_GET_DEFAULT_LAYOUT
03-13 15:42:46.736  4205  4205 D NavBarStateManager: NavBarStates(1) getDefaultLayout: space,home,gap,back,space;;
03-13 15:42:46.736  4205  4205 D Navbar.Store: ----handleEvent(1) value= space,home,gap,back,space;;
03-13 15:42:46.736  4205  4205 D Navbar.Store: ----handleEvent(1) GetInflateButtonWidth(buttonSpec=space, landscape=false) [Module] SamsungNavigationBarInflaterView
03-13 15:42:46.736  4205  4205 D Navbar.Store: ------[Band]STABLE_LAYOUT_PACK_INFLATE_NAVBAR
03-13 15:42:46.736  4205  4205 D NavBarStateManager: NavBarStates(1) getSpaceWidth(land: false): 64
03-13 15:42:46.736  4205  4205 D Navbar.Store: ----handleEvent(1) value= 64
03-13 15:42:46.737  4205  4205 D Navbar.Store: ----handleEvent(1) GetInflateButtonWidth(buttonSpec=home, landscape=false) [Module] SamsungNavigationBarInflaterView
03-13 15:42:46.737  4205  4205 D Navbar.Store: ------[Band]STABLE_LAYOUT_PACK_INFLATE_NAVBAR
03-13 15:42:46.737  4205  4205 D NavBarStateManager: NavBarStates(1) getButtonWidth(land: false): 102
03-13 15:42:46.737  4205  4205 D Navbar.Store: ----handleEvent(1) value= 102
03-13 15:42:46.737  4205  4205 D Navbar.Store: ----handleEvent(1) GetInflateButtonWidth(buttonSpec=gap, landscape=false) [Module] SamsungNavigationBarInflaterView
03-13 15:42:46.737  4205  4205 D Navbar.Store: ------[Band]STABLE_LAYOUT_PACK_INFLATE_NAVBAR
03-13 15:42:46.737  4205  4205 D NavBarStateManager: NavBarStates(1) getButtonDistanceSize(land: false): 17
03-13 15:42:46.737  4205  4205 D Navbar.Store: ----handleEvent(1) value= 17
03-13 15:42:46.737  4205  4205 D Navbar.Store: ----handleEvent(1) GetInflateButtonWidth(buttonSpec=back, landscape=false) [Module] SamsungNavigationBarInflaterView
03-13 15:42:46.737  4205  4205 D Navbar.Store: ------[Band]STABLE_LAYOUT_PACK_INFLATE_NAVBAR
03-13 15:42:46.737  4205  4205 D NavBarStateManager: NavBarStates(1) getButtonWidth(land: false): 102
03-13 15:42:46.737  4205  4205 D Navbar.Store: ----handleEvent(1) value= 102
03-13 15:42:46.737  4205  4205 D Navbar.Store: ----handleEvent(1) GetInflateButtonWidth(buttonSpec=space, landscape=false) [Module] SamsungNavigationBarInflaterView
03-13 15:42:46.737  4205  4205 D Navbar.Store: ------[Band]STABLE_LAYOUT_PACK_INFLATE_NAVBAR
03-13 15:42:46.737  4205  4205 D NavBarStateManager: NavBarStates(1) getSpaceWidth(land: false): 64
03-13 15:42:46.737  4205  4205 D Navbar.Store: ----handleEvent(1) value= 64
03-13 15:42:46.737  4205  4205 D Navbar.Store: ----handleEvent(1) GetInflateButtonWidth(buttonSpec=space, landscape=true) [Module] SamsungNavigationBarInflaterView
03-13 15:42:46.737  4205  4205 D Navbar.Store: ------[Band]STABLE_LAYOUT_PACK_INFLATE_NAVBAR
03-13 15:42:46.737  4205  4205 D NavBarStateManager: NavBarStates(1) getSpaceWidth(land: true): 64
03-13 15:42:46.737  4205  4205 D Navbar.Store: ----handleEvent(1) value= 64
03-13 15:42:46.737  4205  4205 D Navbar.Store: ----handleEvent(1) GetInflateButtonWidth(buttonSpec=home, landscape=true) [Module] SamsungNavigationBarInflaterView
03-13 15:42:46.737  4205  4205 D Navbar.Store: ------[Band]STABLE_LAYOUT_PACK_INFLATE_NAVBAR
03-13 15:42:46.737  4205  4205 D NavBarStateManager: NavBarStates(1) getButtonWidth(land: true): 102
03-13 15:42:46.737  4205  4205 D Navbar.Store: ----handleEvent(1) value= 102
03-13 15:42:46.738  4205  4205 D Navbar.Store: ----handleEvent(1) GetInflateButtonWidth(buttonSpec=gap, landscape=true) [Module] SamsungNavigationBarInflaterView
03-13 15:42:46.738  4205  4205 D Navbar.Store: ------[Band]STABLE_LAYOUT_PACK_INFLATE_NAVBAR
03-13 15:42:46.738  4205  4205 D NavBarStateManager: NavBarStates(1) getButtonDistanceSize(land: true): 17
03-13 15:42:46.738  4205  4205 D Navbar.Store: ----handleEvent(1) value= 17
03-13 15:42:46.738  4205  4205 D Navbar.Store: ----handleEvent(1) GetInflateButtonWidth(buttonSpec=back, landscape=true) [Module] SamsungNavigationBarInflaterView
03-13 15:42:46.738  4205  4205 D Navbar.Store: ------[Band]STABLE_LAYOUT_PACK_INFLATE_NAVBAR
03-13 15:42:46.738  4205  4205 D NavBarStateManager: NavBarStates(1) getButtonWidth(land: true): 102
03-13 15:42:46.738  4205  4205 D Navbar.Store: ----handleEvent(1) value= 102
03-13 15:42:46.738  4205  4205 D Navbar.Store: ----handleEvent(1) GetInflateButtonWidth(buttonSpec=space, landscape=true) [Module] SamsungNavigationBarInflaterView
03-13 15:42:46.738  4205  4205 D Navbar.Store: ------[Band]STABLE_LAYOUT_PACK_INFLATE_NAVBAR
03-13 15:42:46.738  4205  4205 D NavBarStateManager: NavBarStates(1) getSpaceWidth(land: true): 64
03-13 15:42:46.738  4205  4205 D Navbar.Store: ----handleEvent(1) value= 64
03-13 15:42:46.738  4205  4205 D Navbar.Store: ----handleEvent(1) GetInflateButtonWidth(buttonSpec=space, landscape=false) [Module] SamsungNavigationBarInflaterView
03-13 15:42:46.738  4205  4205 D Navbar.Store: ------[Band]STABLE_LAYOUT_PACK_INFLATE_NAVBAR
03-13 15:42:46.738  4205  4205 D NavBarStateManager: NavBarStates(1) getSpaceWidth(land: false): 64
03-13 15:42:46.738  4205  4205 D Navbar.Store: ----handleEvent(1) value= 64
03-13 15:42:46.738  4205  4205 D Navbar.Store: ----handleEvent(1) GetInflateButtonWidth(buttonSpec=left_remote_view, landscape=false) [Module] SamsungNavigationBarInflaterView
03-13 15:42:46.738  4205  4205 D Navbar.Store: ------[Band]STABLE_LAYOUT_PACK_INFLATE_NAVBAR
03-13 15:42:46.738  4205  4205 D NavBarStateManager: NavBarStates(1) getButtonWidth(land: false): 102
03-13 15:42:46.738  4205  4205 D Navbar.Store: ----handleEvent(1) value= 102
03-13 15:42:46.738  4205  4205 D Navbar.Store: ----handleEvent(1) GetInflateButtonWidth(buttonSpec=gap, landscape=false) [Module] SamsungNavigationBarInflaterView
03-13 15:42:46.738  4205  4205 D Navbar.Store: ------[Band]STABLE_LAYOUT_PACK_INFLATE_NAVBAR
03-13 15:42:46.738  4205  4205 D NavBarStateManager: NavBarStates(1) getButtonDistanceSize(land: false): 17
03-13 15:42:46.738  4205  4205 D Navbar.Store: ----handleEvent(1) value= 17
03-13 15:42:46.738  4205  4205 D Navbar.Store: ----handleEvent(1) GetInflateButtonWidth(buttonSpec=right_remote_view, landscape=false) [Module] SamsungNavigationBarInflaterView
03-13 15:42:46.738  4205  4205 D Navbar.Store: ------[Band]STABLE_LAYOUT_PACK_INFLATE_NAVBAR
03-13 15:42:46.738  4205  4205 D NavBarStateManager: NavBarStates(1) getButtonWidth(land: false): 102
03-13 15:42:46.738  4205  4205 D Navbar.Store: ----handleEvent(1) value= 102
03-13 15:42:46.738  4205  4205 D Navbar.Store: ----handleEvent(1) GetInflateButtonWidth(buttonSpec=space, landscape=false) [Module] SamsungNavigationBarInflaterView
03-13 15:42:46.738  4205  4205 D Navbar.Store: ------[Band]STABLE_LAYOUT_PACK_INFLATE_NAVBAR
03-13 15:42:46.738  4205  4205 D NavBarStateManager: NavBarStates(1) getSpaceWidth(land: false): 64
03-13 15:42:46.738  4205  4205 D Navbar.Store: ----handleEvent(1) value= 64
03-13 15:42:46.738  4205  4205 D Navbar.Store: ----handleEvent(1) GetInflateButtonWidth(buttonSpec=space, landscape=true) [Module] SamsungNavigationBarInflaterView
03-13 15:42:46.738  4205  4205 D Navbar.Store: ------[Band]STABLE_LAYOUT_PACK_INFLATE_NAVBAR
03-13 15:42:46.738  4205  4205 D NavBarStateManager: NavBarStates(1) getSpaceWidth(land: true): 64
03-13 15:42:46.738  4205  4205 D Navbar.Store: ----handleEvent(1) value= 64
03-13 15:42:46.738  4205  4205 D Navbar.Store: ----handleEvent(1) GetInflateButtonWidth(buttonSpec=left_remote_view, landscape=false) [Module] SamsungNavigationBarInflaterView
03-13 15:42:46.738  4205  4205 D Navbar.Store: ------[Band]STABLE_LAYOUT_PACK_INFLATE_NAVBAR
03-13 15:42:46.738  4205  4205 D NavBarStateManager: NavBarStates(1) getButtonWidth(land: false): 102
03-13 15:42:46.738  4205  4205 D Navbar.Store: ----handleEvent(1) value= 102
03-13 15:42:46.738  4205  4205 D Navbar.Store: ----handleEvent(1) GetInflateButtonWidth(buttonSpec=gap, landscape=true) [Module] SamsungNavigationBarInflaterView
03-13 15:42:46.738  4205  4205 D Navbar.Store: ------[Band]STABLE_LAYOUT_PACK_INFLATE_NAVBAR
03-13 15:42:46.738  4205  4205 D NavBarStateManager: NavBarStates(1) getButtonDistanceSize(land: true): 17
03-13 15:42:46.738  4205  4205 D Navbar.Store: ----handleEvent(1) value= 17
03-13 15:42:46.738  4205  4205 D Navbar.Store: ----handleEvent(1) GetInflateButtonWidth(buttonSpec=right_remote_view, landscape=false) [Module] SamsungNavigationBarInflaterView
03-13 15:42:46.738  4205  4205 D Navbar.Store: ------[Band]STABLE_LAYOUT_PACK_INFLATE_NAVBAR
03-13 15:42:46.738  4205  4205 D NavBarStateManager: NavBarStates(1) getButtonWidth(land: false): 102
03-13 15:42:46.738  4205  4205 D Navbar.Store: ----handleEvent(1) value= 102
03-13 15:42:46.738  4205  4205 D Navbar.Store: ----handleEvent(1) GetInflateButtonWidth(buttonSpec=space, landscape=true) [Module] SamsungNavigationBarInflaterView
03-13 15:42:46.738  4205  4205 D Navbar.Store: ------[Band]STABLE_LAYOUT_PACK_INFLATE_NAVBAR
03-13 15:42:46.738  4205  4205 D NavBarStateManager: NavBarStates(1) getSpaceWidth(land: true): 64
03-13 15:42:46.738  4205  4205 D Navbar.Store: ----handleEvent(1) value= 64
03-13 15:42:46.738  4205  4205 D Navbar.Store: ----handleEvent(1) GetNavBarSidePadding(landscape=false) [Module] SamsungNavigationBarInflaterView
03-13 15:42:46.738  4205  4205 D Navbar.Store: ------[Band]STABLE_LAYOUT_PACK_INFLATE_NAVBAR_SIDE_PADDING
03-13 15:42:46.738  4205  4205 D NavBarStateManager: NavBarStates(1) getNavBarSidePadding: 0
03-13 15:42:46.738  4205  4205 D Navbar.Store: ----handleEvent(1) value= 0
03-13 15:42:46.738  4205  4205 D Navbar.Store: ----handleEvent(1) GetNavBarSidePadding(landscape=true) [Module] SamsungNavigationBarInflaterView
03-13 15:42:46.738  4205  4205 D Navbar.Store: ------[Band]STABLE_LAYOUT_PACK_INFLATE_NAVBAR_SIDE_PADDING
03-13 15:42:46.738  4205  4205 D NavBarStateManager: NavBarStates(1) getNavBarSidePadding: 0
03-13 15:42:46.738  4205  4205 D Navbar.Store: ----handleEvent(1) value= 0
03-13 15:42:46.739  4205  4205 D Navbar.Store: ----handleEvent(1) GetNavBarSidePadding(landscape=false) [Module] SamsungNavigationBarInflaterView
03-13 15:42:46.739  4205  4205 D Navbar.Store: ------[Band]STABLE_LAYOUT_PACK_INFLATE_NAVBAR_SIDE_PADDING
03-13 15:42:46.739  4205  4205 D NavBarStateManager: NavBarStates(1) getNavBarSidePadding: 0
03-13 15:42:46.739  4205  4205 D Navbar.Store: ----handleEvent(1) value= 0
03-13 15:42:46.739  4205  4205 D Navbar.Store: ----handleEvent(1) GetNavBarSidePadding(landscape=true) [Module] SamsungNavigationBarInflaterView
03-13 15:42:46.739  4205  4205 D Navbar.Store: ------[Band]STABLE_LAYOUT_PACK_INFLATE_NAVBAR_SIDE_PADDING
03-13 15:42:46.739  4205  4205 D NavBarStateManager: NavBarStates(1) getNavBarSidePadding: 0
03-13 15:42:46.739  4205  4205 D Navbar.Store: ----handleEvent(1) value= 0
03-13 15:42:46.739  4205  4205 D NavBarStateManager: NavBarStates(1) isNavBarHiddenByKnox: false
03-13 15:42:46.739  4205  4205 D NavBarStateManager: NavBarStates(1) canShowGestureHint: true
03-13 15:42:46.739  4205  4205 D AccessibilityGestureHandler: onNavBarAttached
03-13 15:42:46.739  4205  4205 D NavBarStateManager: NavBarStates(1) isLargeCoverScreenSyncEnabled: false
03-13 15:42:46.739  4205  4205 D AccessibilityGestureHandler: a11yButtonState: false, coverScreenNavBarEnabled: false gestureMode: false, isWindowShowing: false, isCoverNavBarVisible: false, isEnabled: false
03-13 15:42:46.739  4205  4205 D NavBarStateManager: NavBarStates(1) isLargeCoverScreenSyncEnabled: false
03-13 15:42:46.739  2105  2922 I SurfaceFlinger: id=68121 createSurf, flag=84004, [Gesture Monitor] edge-swipe#68121
03-13 15:42:46.740  3003  4966 D InputTransport: Input channel constructed: '[Gestur', fd=342
03-13 15:42:46.740  3003  4966 D InputTransport: Input channel constructed: '[Gestur', fd=1087
03-13 15:42:46.740  3003  4966 D InputTransport: Input channel constructed: '[Gestur', fd=1204
03-13 15:42:46.740  3003  4966 D InputTransport: Input channel destroyed: '[Gestur', fd=1204
03-13 15:42:46.740  4205  4205 D InputTransport: Input channel constructed: '[Gestur', fd=496
03-13 15:42:46.740  4205  4205 D InputMonitorCompat: Input monitor (edge-swipe-disp1) created
03-13 15:42:46.740  4205  4205 D InputMonitorCompat: Input event receiver for monitor (edge-swipe-disp1) created
03-13 15:42:46.740  4205  4205 I WindowManager: WindowManagerGlobal#addView, ty=2024, view=com.android.systemui.navigationbar.gestural.SamsungBackPanel{143079a G.ED..... ......I. 0,0-0,0}, caller=android.view.WindowManagerImpl.addView:158 com.android.systemui.navigationbar.gestural.BackPanelController.setLayoutParams:7 com.android.systemui.navigationbar.gestural.EdgeBackGestureHandler.setEdgeBackPlugin:20 
03-13 15:42:46.741  4205  4205 I ViewRootImpl: dVRR is disabled
03-13 15:42:46.741  4205  4394 D NativeCustomFrequencyManager: [NativeCFMS] BpCustomFrequencyManager::BpCustomFrequencyManager()
03-13 15:42:46.741  2053  2956 W QC2Interface: [hvcD_101] Failed to query parameters
03-13 15:42:46.741  2053  2956 I vendor.qti.media.c2@1.0-service: StrictValueWithNoDeps is called old.v.value is 2141391876 me.v.value is 0
03-13 15:42:46.741  2053  2956 I vendor.qti.media.c2@1.0-service: [FRC-IsFilteringEnabled] entry
03-13 15:42:46.741  2053  2956 I vendor.qti.media.c2@1.0-service: [FRC-IsFilteringEnabled] frcReqInfo.value is 0
03-13 15:42:46.741  4360 17320 I CCodec  : [c2.qti.hevc.decoder] config->initialize() : 0
03-13 15:42:46.741  2053 13496 W QC2Interface: [hvcD_101] Failed to query parameters
03-13 15:42:46.741  4360 17320 I CCodecConfig: query failed after returning 18 values (BAD_INDEX)
03-13 15:42:46.742  4360 17320 W ColorUtils: expected specified color aspects (0:0:0:0)
03-13 15:42:46.742  4360 17320 I CCodec  : [c2.qti.hevc.decoder] config->queryConfiguration()
03-13 15:42:46.742  4360 17320 I CCodec  : [c2.qti.hevc.decoder] mCallback->onComponentAllocated() IN
03-13 15:42:46.742  4360 17320 I CCodec  : [c2.qti.hevc.decoder] mCallback->onComponentAllocated() OUT
03-13 15:42:46.742  2105  2922 I SurfaceFlinger: id=68122 createSurf, flag=84004, WindowToken{4528a69 type=2024 android.os.BinderProxy@9f7a4f0}#68122
03-13 15:42:46.743  4360 17319 I CCodec  : [c2.qti.hevc.decoder] state->set(RELEASING)
03-13 15:42:46.742  3003  3046 D InputTransport: Input channel constructed: '3871cee', fd=1204
03-13 15:42:46.743  3003  3046 D InputTransport: Input channel constructed: '3871cee', fd=1248
03-13 15:42:46.743  3003  3046 D InputTransport: Input channel constructed: '3871cee', fd=1255
03-13 15:42:46.743  3003  3046 D InputTransport: Input channel destroyed: '3871cee', fd=1248
03-13 15:42:46.743  3003  3046 D WindowManager: prepareSync <SYNC_STATE_WAITING_FOR_DRAW>, mPrepareSyncSeqId=0, win=Window{3871cee u0 EdgeBackGestureHandler1}
03-13 15:42:46.744  2022  2124 I HYPER-HAL: [RequestManager.cpp]acquire(): Acquired ID : 321093785  [2025 / 23315]    HINT :      list : [TID_LOW_LATENCY / 1] [TID / 4392] [TID / 4393] [TID / 4205] [TID / 4394] 
03-13 15:42:46.744  2105  2921 I SurfaceFlinger: id=68123 createSurf, flag=84004, 3871cee EdgeBackGestureHandler1#68123
03-13 15:42:46.744  4360 17360 I CCodec  : [release][3409] surface -> component
03-13 15:42:46.744  3003  3046 D RestrictionPolicy: isScreenCaptureEnabled : ret=true userId=0
03-13 15:42:46.744  2053  2958 W QC2PerfCtrlUtil: QC2PerfLock Empty resource value pair
03-13 15:42:46.744  2053  2958 W QC2Comp : [hvcD_101] Handling stop: Codec is already gone!
03-13 15:42:46.744  4360  4360 I SprWallpaper|FoldInteractive: resetFrame : completed=true, elapsed=177
03-13 15:42:46.744  4360  4360 I SprWallpaper|LayoutController_AnimalHeart: onFoldStateChanged: isFolded = true preload = true
03-13 15:42:46.744  4360  4360 I SprWallpaper|Physics: createNotchBox : 373.99997 , 668.7 - 392.69998 , 69.299995
03-13 15:42:46.744  3003  3046 D InputTransport: Input channel destroyed: '3871cee', fd=1255
03-13 15:42:46.744  4360  4360 I SprWallpaper|LayoutController_AnimalHeart: unfreezeLayout
03-13 15:42:46.744  4360  4360 I SprWallpaper|AnimationController: startAnimation : rsc_bear_52
03-13 15:42:46.744  4360  4360 I SprWallpaper|AnimationController: startAnimation : rsc_heart_07
03-13 15:42:46.744  4360  4360 I SprWallpaper|AnimationController: startAnimation : rsc_dog
03-13 15:42:46.744  4360  4360 I SprWallpaper|AnimationController: startAnimation : rsc_dog
03-13 15:42:46.744  4360  4360 I SprWallpaper|AnimationController: startAnimation : rsc_dog
03-13 15:42:46.744  4360  4360 I SprWallpaper|AnimationController: startAnimation : rsc_bear
03-13 15:42:46.744  4360  4360 I SprWallpaper|AnimationController: startAnimation : rsc_bear_30
03-13 15:42:46.744  4360  4360 I SprWallpaper|AnimationController: startAnimation : rsc_dog
03-13 15:42:46.744  4360  4360 I SprWallpaper|AnimationController: startAnimation : rsc_dog_54
03-13 15:42:46.744  4360  4360 I SprWallpaper|AnimationController: startAnimation : rsc_re_bear_52
03-13 15:42:46.744  4360  4360 I SprWallpaper|AnimationController: startAnimation : rsc_bear
03-13 15:42:46.744  4360  4360 I SprWallpaper|FoldInteractive: unregisterSensor: mIsSensorRegistered[false]
03-13 15:42:46.744  4360  4360 I SprWallpaper|LayoutController_AnimalHeart: onCommand: action = android.wallpaper.goingtosleep x = 540 displayState = OFF
03-13 15:42:46.745  4205  4205 D InputTransport: Input channel constructed: '3871cee', fd=563
03-13 15:42:46.745  4360  4360 I SprWallpaper|LayoutController_AnimalHeart: onCommand: action = android.wallpaper.aodstate x = 0 displayState = OFF
03-13 15:42:46.745  3003  4966 D HintManagerService: SystemUI make new AppHintSession but force pause
03-13 15:42:46.745  4205  4205 I InsetsController: onStateChanged: host=EdgeBackGestureHandler1, from=android.view.ViewRootImpl.onInsetsStateChanged:3026, state=InsetsState: {mDisplayFrame=Rect(0, 0 - 748, 720), mDisplayCutout=DisplayCutout{insets=Rect(0, 0 - 0, 66) waterfall=Insets{left=0, top=0, right=0, bottom=0} boundingRect={Bounds=[Rect(0, 0 - 0, 0), Rect(0, 0 - 0, 0), Rect(0, 0 - 0, 0), Rect(379, 654 - 748, 720)]} cutoutPathParserInfo={CutoutPathParserInfo{displayWidth=748 displayHeight=720 physicalDisplayWidth=748 physicalDisplayHeight=720 density={2.125} cutoutSpec={@bottom @right M 0,0 H -173.6470588235294 V -31.05882352941176 H 0 V 0 Z @dp} rotation={0} scale={1.0} physicalPixelDisplaySizeRatio={1.0}}} sideOverrides={}}, mRoundedCorners=RoundedCorners{[RoundedCorner{position=TopLeft, radius=49, center=Point(49, 49)}, RoundedCorner{position=TopRight, radius=49, center=Point(699, 49)}, RoundedCorner{position=BottomRight, radius=49, center=Point(699, 671)}, RoundedCorner{position=BottomLeft, radius=49, center=Point(49, 671)}]}  mRoundedCornerFrame=Rect(0, 0 - 0, 0), mPrivacyIndicatorBounds=PrivacyIndicatorBounds {static bounds=null rotation=0}, mDisplayShape=DisplayShape{ spec=1406003047 displayWidth=748 displayHeight=720 physicalPixelDisplaySizeRatio=1.0 rotation=0 offsetX=0 offsetY=0 scale=1.0}, mSources= { InsetsSource: {8f830004 mType=systemGestures mFrame=[0,0][0,0] mVisible=false mFlags= mSideHint=NONE mBoundingRects=null}, InsetsSource: {8f830005 mType=mandatorySystemGestures mFrame=[0,0][0,0] mVisible=false mFlags= mSideHint=NONE mBoundingRects=null}, InsetsSource: {8f830024 mType=systemGestures mFrame=[0,0][0,0] mVisible=false mFlags= mSideHint=NONE mBoundingRects=null}, InsetsSource: {67 mType=displayCutout mFrame=[0,654][748,720] mVisible=true mFlags= mSideHint=BOTTOM mBoundingRects=null} }
03-13 15:42:46.745  4205  4205 I VRI[EdgeBackGestureHandler1]@f758cb: synced displayState. AttachInfo displayState=1
03-13 15:42:46.745  2053  2958 I QC2Comp : [hvcD_101] NOTE: Release returning: 0 (OK=0)
03-13 15:42:46.745  2022  2124 I HYPER-HAL: [RequestManager.cpp]acquire(): Acquired ID : 321093785  [2025 / 23315]    HINT :      list : [TID_LOW_LATENCY / 0] [TID / 4392] [TID / 4393] [TID / 4205] [TID / 4394] 
03-13 15:42:46.745  2053  2958 I QC2Comp : [hvcD_101] KPI_L1: release: ms=1
03-13 15:42:46.745  2053  2958 I FRCFilterPlugin: release entry
03-13 15:42:46.745  2053  2958 I FRCFilterPlugin: shutDownMpp entry
03-13 15:42:46.745  2053  2958 I FRCFilterPlugin: shutDownMpp exit
03-13 15:42:46.745  2053  2958 I FRCFilterPlugin: cleanUpResources entry
03-13 15:42:46.745  2053  2958 I FRCFilterPlugin: cleanUpResources exit
03-13 15:42:46.745  2053  2958 I FRCFilterPlugin: release exit
03-13 15:42:46.745  4360 17360 I CCodec  : [c2.qti.hevc.decoder] state->set(RELEASED)
03-13 15:42:46.745  4205  4205 I VRI[EdgeBackGestureHandler1]@f758cb: setView = com.android.systemui.navigationbar.gestural.SamsungBackPanel@143079a IsHRR=false mFlingFrameRateChange=0 TM=true
03-13 15:42:46.745  4360 17319 I MediaCodec: Codec shutdown complete
03-13 15:42:46.745  4205  4205 D PluginActionManager: startListening
03-13 15:42:46.746  4205  4458 D PluginActionManager: queryAll com.android.systemui.action.PLUGIN_NAVIGATION_EDGE_BACK_ACTION
03-13 15:42:46.746  4360 17320 I Codec2Client: Component destructing
03-13 15:42:46.746  4360 17320 I hw-BpHwBinder: onLastStrongRef automatically unlinking death recipients
03-13 15:42:46.746  2053  2958 I hw-BpHwBinder: onLastStrongRef automatically unlinking death recipients
03-13 15:42:46.746  2053  2958 I vendor.qti.media.c2@1.0-service: HDRToneMappingFilter DTOR
03-13 15:42:46.746  4205  4205 D AccessibilityGestureHandler: coverNavbarVisibilityChanged
03-13 15:42:46.746  4205  4205 D NavBarStateManager: NavBarStates(1) isLargeCoverScreenSyncEnabled: false
03-13 15:42:46.746  4205  4205 D AccessibilityGestureHandler: a11yButtonState: false, coverScreenNavBarEnabled: false gestureMode: false, isWindowShowing: false, isCoverNavBarVisible: false, isEnabled: false
03-13 15:42:46.746  4205  4458 D PluginActionManager: Found 0 plugins
03-13 15:42:46.746  4360 17319 I CCodecBufferChannel: CCodecBufferChannel destructing c2.qti.hevc.decoder#819
03-13 15:42:46.746  4205  4205 D NavBarStateManager: NavBarStates(1) supportLargeCoverScreenNavBar: true
03-13 15:42:46.746  4205  4205 D NavBarView: disableBack=true (isBackDismissIme=false, handlingGestures=false, disabledFlagBack=true, isBottomGesture=false, isImeRenderingNavButtons=false)
03-13 15:42:46.746  4205  4205 D NavBarStateManager: NavBarStates(1) supportLargeCoverScreenNavBar: true
03-13 15:42:46.746  4205  4205 D Navbar.Store: ----handleEvent(0) OnUpdateSysUiStateFlag(noArguments=true) [Module] SamsungNavigationBarView
03-13 15:42:46.746  4205  4205 D Navbar.Store: ------[Band]GESTURE_PACK_UPDATE_SYSTEMUI_STATE_FLAG
03-13 15:42:46.746  4205  4205 D Navbar.Store: ------[Band] (afterAction) GESTURE_PACK_UPDATE_SYSTEMUI_STATE_FLAG
03-13 15:42:46.746  4205  4205 D Navbar.Store: --[Band] (afterAction) SETUPWIZARD_PACK_SET_NAVBAR_STYLE
03-13 15:42:46.746  4205  4205 D Navbar.Store: ----apply(1) NavBarStoreAction$UpdateNavBarNormalStyle
03-13 15:42:46.746  2053  2958 I vendor.qti.media.c2@1.0-service: AIFRCFilter DTOR
03-13 15:42:46.746  4205  4205 D NavBarStateManager: NavBarStates(1) canShowKeyboardButtonForRotation(0): true
03-13 15:42:46.747  2053  2958 I QC2CompStore: Deleting component(c2.qti.hevc.decoder) id(101)
03-13 15:42:46.747  4205  4205 D NavBarStateManager: NavBarStates(1) supportLargeCoverScreenNavBar: true
03-13 15:42:46.747  4205  4205 D NavBarStateManager: NavBarStates(1) canShowKeyboardButtonForRotation(0): true
03-13 15:42:46.747  4205  4205 D NavBarStateManager: NavBarStates(1) supportLargeCoverScreenNavBar: true
03-13 15:42:46.747  4205  4205 D NavBarStateManager: NavBarStates(1) canShowKeyboardButtonForRotation(1): true
03-13 15:42:46.747  4205  4205 D NavBarStateManager: NavBarStates(1) supportLargeCoverScreenNavBar: true
03-13 15:42:46.747  2053  2958 I QC2CompStore: removeIdFromList remove Id[101] from list
03-13 15:42:46.747  4205  4205 D NavBarStateManager: NavBarStates(1) canShowKeyboardButtonForRotation(2): true
