03-10 00:48:25.179 13274 13274 I ThermalEngine: actions modem_nr_dsc modem_nr_dsc modem_nr_dsc modem_nr_dsc
03-10 00:48:25.179 13274 13274 I ThermalEngine: action_info 7 8 9 10
03-10 00:48:25.179 13274 13274 I ThermalEngine: [MON-SOFTDEV]
03-10 00:48:25.179 13274 13274 I ThermalEngine: algo_type monitor
03-10 00:48:25.179 13274 13274 I ThermalEngine: sampling 2000
03-10 00:48:25.179 13274 13274 I ThermalEngine: sensor FUSE_TEMP
03-10 00:48:25.179 13274 13274 I ThermalEngine: thresholds 42000
03-10 00:48:25.179 13274 13274 I ThermalEngine: thresholds_clr 40000
03-10 00:48:25.179 13274 13274 I ThermalEngine: actions SoftDev
03-10 00:48:25.179 13274 13274 I ThermalEngine: action_info 1
03-10 00:48:25.179 13274 13274 I ThermalEngine: [MON-MSM-GPU]
03-10 00:48:25.179 13274 13274 I ThermalEngine: algo_type monitor
03-10 00:48:25.179 13274 13274 I ThermalEngine: sampling 2000
03-10 00:48:25.179 13274 13274 I ThermalEngine: sensor FUSE_TEMP
03-10 00:48:25.179 13274 13274 I ThermalEngine: thresholds 43000 46000 50000
03-10 00:48:25.179 13274 13274 I ThermalEngine: thresholds_clr 42000 43000 46000
03-10 00:48:25.179 13274 13274 I ThermalEngine: actions gpu gpu gpu
03-10 00:48:25.179 13274 13274 I ThermalEngine: action_info 443000000 285000000 230000000
03-10 00:48:25.179 13274 13274 I ThermalEngine: [MON-MSM-CPU7]
03-10 00:48:25.179 13274 13274 I ThermalEngine: algo_type monitor
03-10 00:48:25.179 13274 13274 I ThermalEngine: sampling 2000
03-10 00:48:25.179 13274 13274 I ThermalEngine: sensor FUSE_TEMP
03-10 00:48:25.179 13274 13274 I ThermalEngine: thresholds 40000 42000 44000 45000 47000
03-10 00:48:25.179 13274 13274 I ThermalEngine: thresholds_clr 39000 40000 42000 44000 45000
03-10 00:48:25.179 13274 13274 I ThermalEngine: actions cpu-cluster2 cpu-cluster2 cpu-cluster2 cpu-cluster2 cpu-cluster2
03-10 00:48:25.179 13274 13274 I ThermalEngine: action_info 1977600 1766400 1401600 1286400 940800
03-10 00:48:25.179 13274 13274 I ThermalEngine: [MON-MSM-CPU4]
03-10 00:48:25.179 13274 13274 I ThermalEngine: algo_type monitor
03-10 00:48:25.179 13274 13274 I ThermalEngine: sampling 2000
03-10 00:48:25.179 13274 13274 I ThermalEngine: sensor FUSE_TEMP
03-10 00:48:25.179 13274 13274 I ThermalEngine: thresholds 40000 42000 44000 47000
03-10 00:48:25.179 13274 13274 I ThermalEngine: thresholds_clr 39000 40000 42000 45000
03-10 00:48:25.179 13274 13274 I ThermalEngine: actions cpu-cluster1 cpu-cluster1 cpu-cluster1 cpu-cluster1
03-10 00:48:25.179 13274 13274 I ThermalEngine: action_info 1804800 1651200 1555200 1382400
03-10 00:48:25.179 13274 13274 I ThermalEngine: [MON-MSM-CPU0]
03-10 00:48:25.179 13274 13274 I ThermalEngine: algo_type monitor
03-10 00:48:25.179 13274 13274 I ThermalEngine: sampling 2000
03-10 00:48:25.179 13274 13274 I ThermalEngine: sensor FUSE_TEMP
03-10 00:48:25.179 13274 13274 I ThermalEngine: thresholds 40000 42000 44000 47000
03-10 00:48:25.179 13274 13274 I ThermalEngine: thresholds_clr 39000 40000 42000 45000
03-10 00:48:25.179 13274 13274 I ThermalEngine: actions cpu-cluster0 cpu-cluster0 cpu-cluster0 hotplug_0+hotplug_1+hotplug_2+hotplug_3
03-10 00:48:25.179 13274 13274 I ThermalEngine: action_info 1363200 1228800 1094400 1+1+1+1
03-10 00:48:25.179 13274 13274 I ThermalEngine: [MON-CHG-BATT-SAFETY]
03-10 00:48:25.179 13274 13274 I ThermalEngine: algo_type monitor
03-10 00:48:25.179 13274 13274 I ThermalEngine: sampling 5000
03-10 00:48:25.179 13274 13274 I ThermalEngine: sensor BCHG_TEMP
03-10 00:48:25.179 13274 13274 I ThermalEngine: thresholds 46000 48000
03-10 00:48:25.179 13274 13274 I ThermalEngine: thresholds_clr 44000 46000
03-10 00:48:25.179 13274 13274 I ThermalEngine: actions battery battery
03-10 00:48:25.179 13274 13274 I ThermalEngine: action_info 2 1
03-10 00:48:25.179 13274 13274 I ThermalEngine: freezing
03-10 00:48:25.179 13274 13274 I ThermalEngine: [MON-CHG-BATT1]
03-10 00:48:25.179 13274 13274 I ThermalEngine: algo_type monitor
03-10 00:48:25.179 13274 13274 I ThermalEngine: sampling 5000
03-10 00:48:25.179 13274 13274 I ThermalEngine: sensor BCHG_TEMP
03-10 00:48:25.179 13274 13274 I ThermalEngine: thresholds 44000
03-10 00:48:25.179 13274 13274 I ThermalEngine: thresholds_clr 43000
03-10 00:48:25.179 13274 13274 I ThermalEngine: actions battery
03-10 00:48:25.179 13274 13274 I ThermalEngine: action_info 3
03-10 00:48:25.179 13274 13274 I ThermalEngine: override_c 1000
03-10 00:48:25.179 13274 13274 I ThermalEngine: freezing
03-10 00:48:25.179  3163  7402 E WindowManager: Dream packageName does not match active dream. Package com.motorola.mobiledesktop does not match ComponentInfo{com.android.systemui/com.android.systemui.doze.DozeService}
03-10 00:48:25.179 13274 13274 I ThermalEngine: [MON-CHG-BATT0]
03-10 00:48:25.179 13274 13274 I ThermalEngine: algo_type monitor
03-10 00:48:25.179 13274 13274 I ThermalEngine: sampling 5000
03-10 00:48:25.179 13274 13274 I ThermalEngine: sensor BCHG_TEMP
03-10 00:48:25.179 13274 13274 I ThermalEngine: thresholds 40000 42000 43500
03-10 00:48:25.179 13274 13274 I ThermalEngine: thresholds_clr 39000 41000 42500
03-10 00:48:25.179 13274 13274 I ThermalEngine: actions battery battery battery
03-10 00:48:25.179 13274 13274 I ThermalEngine: action_info 6 5 4
03-10 00:48:25.179 13274 13274 I ThermalEngine: freezing
03-10 00:48:25.179 13274 13274 I ThermalEngine: [FREEZE-CHG]
03-10 00:48:25.179 13274 13274 I ThermalEngine: algo_type monitor
03-10 00:48:25.179 13274 13274 I ThermalEngine: sampling 2000
03-10 00:48:25.179 13274 13274 I ThermalEngine: sensor DETECT-WLS
03-10 00:48:25.179 13274 13274 I ThermalEngine: thresholds 1
03-10 00:48:25.179 13274 13274 I ThermalEngine: thresholds_clr 0
03-10 00:48:25.179 13274 13274 I ThermalEngine: actions freeze_rule
03-10 00:48:25.179 13274 13274 I ThermalEngine: action_info 1
03-10 00:48:25.179 13274 13274 I ThermalEngine: [OVERRIDE-CHG]
03-10 00:48:25.179 13274 13274 I ThermalEngine: algo_type monitor
03-10 00:48:25.179 13274 13274 I ThermalEngine: sampling 1000
03-10 00:48:25.179 13274 13274 I ThermalEngine: sensor DETECT-STANDBY
03-10 00:48:25.179 13274 13274 I ThermalEngine: thresholds 1
03-10 00:48:25.179 13274 13274 I ThermalEngine: thresholds_clr 0
03-10 00:48:25.179 13274 13274 I ThermalEngine: actions internal_override
03-10 00:48:25.179 13274 13274 I ThermalEngine: action_info 1
03-10 00:48:25.179 13274 13274 I ThermalEngine: [MONITOR-CAMERA]
03-10 00:48:25.179 13274 13274 I ThermalEngine: algo_type monitor
03-10 00:48:25.179 13274 13274 I ThermalEngine: sampling 2000
03-10 00:48:25.179 13274 13274 I ThermalEngine: sensor BCAM_TEMP
03-10 00:48:25.179 13274 13274 I ThermalEngine: thresholds 42000 44000 48000
03-10 00:48:25.179 13274 13274 I ThermalEngine: thresholds_clr 40000 42000 44000
03-10 00:48:25.179 13274 13274 I ThermalEngine: actions camera camera camera
03-10 00:48:25.179 13274 13274 I ThermalEngine: action_info 1 2 3
03-10 00:48:25.179 13274 13274 I ThermalEngine: [REPORT-BACK]
03-10 00:48:25.179 13274 13274 I ThermalEngine: algo_type monitor
03-10 00:48:25.179 13274 13274 I ThermalEngine: sampling 300000
03-10 00:48:25.179 13274 13274 I ThermalEngine: sensor BACK_TEMP
03-10 00:48:25.179 13274 13274 I ThermalEngine: thresholds 42000
03-10 00:48:25.179 13274 13274 I ThermalEngine: thresholds_clr 40000
03-10 00:48:25.179 13274 13274 I ThermalEngine: actions report
03-10 00:48:25.179 13274 13274 I ThermalEngine: action_info 1
03-10 00:48:25.179 13274 13274 I ThermalEngine: [REPORT-FRONT]
03-10 00:48:25.179 13274 13274 I ThermalEngine: algo_type monitor
03-10 00:48:25.179 13274 13274 I ThermalEngine: sampling 300000
03-10 00:48:25.179 13274 13274 I ThermalEngine: sensor FRONT_TEMP
03-10 00:48:25.179 13274 13274 I ThermalEngine: thresholds 42000
03-10 00:48:25.179 13274 13274 I ThermalEngine: thresholds_clr 40000
03-10 00:48:25.179 13274 13274 I ThermalEngine: actions report
03-10 00:48:25.179 13274 13274 I ThermalEngine: action_info 1
03-10 00:48:25.179 13274 13274 I ThermalEngine: [MM-TJ-MONITOR-SHUTDOWN]
03-10 00:48:25.179 13274 13274 I ThermalEngine: #algo_type monitor
03-10 00:48:25.179 13274 13274 I ThermalEngine: sampling 10
03-10 00:48:25.179 13274 13274 I ThermalEngine: sensor VIRTUAL-MM-TJ-SHUTDOWN
03-10 00:48:25.179 13274 13274 I ThermalEngine: thresholds 115000
03-10 00:48:25.179 13274 13274 I ThermalEngine: thresholds_clr 114999
03-10 00:48:25.179 13274 13274 I ThermalEngine: actions shutdown
03-10 00:48:25.179 13274 13274 I ThermalEngine: action_info 0
03-10 00:48:25.179 13274 13274 I ThermalEngine: [MDM-TJ-MONITOR-SHUTDOWN]
03-10 00:48:25.179 13274 13274 I ThermalEngine: #algo_type monitor
03-10 00:48:25.179 13274 13274 I ThermalEngine: sampling 10
03-10 00:48:25.179 13274 13274 I ThermalEngine: sensor VIRTUAL-MDM-TJ-SHUTDOWN
03-10 00:48:25.179 13274 13274 I ThermalEngine: thresholds 115000
03-10 00:48:25.179 13274 13274 I ThermalEngine: thresholds_clr 114999
03-10 00:48:25.179 13274 13274 I ThermalEngine: actions shutdown
03-10 00:48:25.179 13274 13274 I ThermalEngine: action_info 0
03-10 00:48:25.186  5625  5625 I vol.VolumeDialogImpl: dismissH reason = posture_changed mDialog.isShowing(): false
03-10 00:48:25.186  3163  6974 E WindowManager: Dream packageName does not match active dream. Package com.foxnews.android does not match ComponentInfo{com.android.systemui/com.android.systemui.doze.DozeService}
03-10 00:48:25.186  5625  5625 V DreamService[DozeService]: onCreate()
03-10 00:48:25.187  7545  7545 I FileStationLog: [ FS_h$a ] - [Display] Changed display: 0
03-10 00:48:25.188  7545  7545 I FileStationLog: [ FS_h ] - [Logic] Retrieved display info: LogicDisplayInfo(width=1080, height=2640, orientation=1, rotation=0, displayId=0)
03-10 00:48:25.188  7545  7545 I FileStationLog: [ FS_h$a ] - [Display] New logical size: 1080x2640
03-10 00:48:25.188  7545  7545 I FileStationLog: [ FS_h$a ] - [Display] Screen width unchanged: 1080
03-10 00:48:25.188  5625  5625 I MotoDozeSensor: Tap to wake up enable: true
03-10 00:48:25.189  5625  5625 D DozeTriggers: shouldregisterTapSensor:  zeroTapEnabled=false
03-10 00:48:25.190  5625  5625 E MotoDozeSensorTypeBuilder: This sensor type(25) is not supported.
03-10 00:48:25.190  5625  5625 E MotoDozeSensorTypeBuilder: This sensor type(65596) is not supported.
03-10 00:48:25.191  5625  5625 I vol.VolumeDialogImpl: mDialog.dismiss() reason: volume_controller from: com.android.systemui.volume.VolumeDialogImpl$10.onDismissRequested:3 displayId: 0 mShowing: false mIsAnimatingDismiss: false
03-10 00:48:25.191  5625  5625 V DreamService[DozeService]: onBind() intent = Intent { act=android.service.dreams.DreamService flg=0x800000 cmp=com.android.systemui/.doze.DozeService (has extras) }
03-10 00:48:25.191  3163  3163 I DreamController: onServiceConnected: name=ComponentInfo{com.android.systemui/com.android.systemui.doze.DozeService}, service=android.os.BinderProxy@cd06175
03-10 00:48:25.191  3163  3227 I DreamController: onServiceConnected to attach: name=ComponentInfo{com.android.systemui/com.android.systemui.doze.DozeService}
03-10 00:48:25.192  5625  6606 I DreamService: DreamServiceWrapper attach: dreamToken=android.os.BinderProxy@33c7d6c, canDoze=true
03-10 00:48:25.192  5625  5625 I DreamService[DozeService]: attach() called: dreamToken=android.os.BinderProxy@33c7d6c, canDoze=true mWindow=null mWindowless=true
03-10 00:48:25.192  5625  5625 V DreamService[DozeService]: onDreamingStarted()
03-10 00:48:25.193  3163  3352 D PowerManagerService: handleSandman ignore 0
03-10 00:48:25.195  5625  5625 D SbStateController: setState: requested state KEYGUARD!= upcomingState: SHADE. This usually means the status bar state transition was interrupted before the upcoming state could be applied.
03-10 00:48:25.195  3163  3352 D PowerManagerService: handleSandman ignore 0
03-10 00:48:25.195  2064  2064 I sensors-hal: batch:206, com.motorola.sensor.ltv/65738, period=1000000, max_latency=0
03-10 00:48:25.195  2064  2064 I sensors-hal: set_config:57, sample_period_ns is adjusted to 0 based on min/max delay_ns
03-10 00:48:25.195  2064  2064 I sensors-hal: batch:215, com.motorola.sensor.ltv/65738, period=1000000, max_latency=0 request completed
03-10 00:48:25.195  2064  2064 I sensors-hal: activate:173, com.motorola.sensor.ltv/65738 en=1
03-10 00:48:25.196  2064  2064 I sensors-hal: get_qmi_debug_flag:239, support_qmi_debug : false
03-10 00:48:25.196  2061  2108 E minksocket: MinkIPC_QRTR_Service: client with node 1 port 7ae6 went down
03-10 00:48:25.197  5625  5962 D KeyguardViewMediator: updateActivityLockScreenState(false, true)
03-10 00:48:25.197  2061  2108 E minksocket: MinkIPC_QRTR_Service: client with node 1 port 7ae7 went down
03-10 00:48:25.198  2061  2108 E minksocket: MinkIPC_QRTR_Service: client with node 1 port 7ae8 went down
03-10 00:48:25.198  2064  2064 E Diag_Lib: diag: Diag_LSM_Init: invoked for pid: 2064 with init_count: 0
03-10 00:48:25.198  2061  2108 E minksocket: MinkIPC_QRTR_Service: client with node 1 port 7ae9 went down
03-10 00:48:25.198  2064  2064 E Diag_Lib: diag:failed to connect to diag socket
03-10 00:48:25.198  2064  2064 E Diag_Lib:  Diag_LSM_Init: Failed to open handle to diag driver, error = 13
03-10 00:48:25.198  2064  2064 I sensors-hal: send_sync_sensor_request:341, send sync request
03-10 00:48:25.198  2064  2064 I sensors-hal: send_sync_sensor_request:367, wait for notification of response
03-10 00:48:25.200  3163  3352 D PowerManagerService: handleSandman ignore 0
03-10 00:48:25.200  2064  4171 I slpi    : MOT_LTV started with registry parameters (rcv_reg_items=0x1fff)
03-10 00:48:25.200  2064  4171 E slpi    : MOT_GPIO_FLIP kernel state gpio unset
03-10 00:48:25.200  2064 13533 I sensors-hal: ssc_conn_resp_cb:632, resp_value = 0
03-10 00:48:25.201  2064  2064 I sensors-hal: send_sync_sensor_request:373, takes 2 ms to receive the response with 0
03-10 00:48:25.201  2064  2064 I sensors-hal: activate:184, com.motorola.sensor.ltv/65738 en=1 completed
03-10 00:48:25.202  2064  2064 I sensors-hal: batch:206, com.motorola.sensor.glance/65658, period=1000000, max_latency=0
03-10 00:48:25.202  2064  2064 I sensors-hal: set_config:57, sample_period_ns is adjusted to 0 based on min/max delay_ns
03-10 00:48:25.202  2064  2064 I sensors-hal: batch:215, com.motorola.sensor.glance/65658, period=1000000, max_latency=0 request completed
03-10 00:48:25.203  2064  2064 I sensors-hal: activate:173, com.motorola.sensor.glance/65658 en=1
03-10 00:48:25.203  2064  2064 I sensors-hal: activate:154, activate glance 65548
03-10 00:48:25.205  3163  3352 D PowerManagerService: handleSandman ignore 0
03-10 00:48:25.208  2064  2064 I sensors-hal: get_qmi_debug_flag:239, support_qmi_debug : false
03-10 00:48:25.210  2061  2108 E minksocket: MinkIPC_QRTR_Service: client with node 1 port 7aeb went down
03-10 00:48:25.210  3163  6987 I DreamManagerService: startDozing by com.android.systemui callingUid=10394 callingPid=5625
03-10 00:48:25.210  3163  6987 D DreamManagerService: Dream requested to start dozing: android.os.Binder@d0aa5b0, screenState=1, screenBrightness=-1, reason=UNKNOWN
03-10 00:48:25.210  2061  2108 E minksocket: MinkIPC_QRTR_Service: client with node 1 port 7aec went down
03-10 00:48:25.211  3163  6987 D PowerManagerService: nativeSetAutoSuspend enable:false duration ms: 1
03-10 00:48:25.211  2061  2108 E minksocket: MinkIPC_QRTR_Service: client with node 1 port 7aed went down
03-10 00:48:25.211  2064  2064 E Diag_Lib: diag: Diag_LSM_Init: invoked for pid: 2064 with init_count: 0
03-10 00:48:25.211  2064  2064 E Diag_Lib: diag:failed to connect to diag socket
03-10 00:48:25.211  2064  2064 E Diag_Lib:  Diag_LSM_Init: Failed to open handle to diag driver, error = 13
03-10 00:48:25.211  2061  2108 E minksocket: MinkIPC_QRTR_Service: client with node 1 port 7aee went down
03-10 00:48:25.212  2064  2064 I sensors-hal: create_sensor_config_request:143, sending MOT_GLANCE_MSGID_MOT_GLANCE_CONFIG, 0x17
03-10 00:48:25.212  3163  6987 D PowerManagerService: nativeAcquireSuspendBlocker name:PowerManagerService.Display duration ms: 1
03-10 00:48:25.212  2064  2064 I sensors-hal: send_sync_sensor_request:341, send sync request
03-10 00:48:25.212  3163  3352 D PowerManagerService: handleSandman ignore 0
03-10 00:48:25.212  2064  2064 I sensors-hal: send_sync_sensor_request:367, wait for notification of response
03-10 00:48:25.212  3163  3352 I DisplayPowerController2[1]: 03-10 00:48:25.212 - BrightnessEvent: disp=1, physDisp=local:4630947043778501763, displayState=OFF, displayPolicy=DOZE, brt=0.0, initBrt=0.0, rcmdBrt=NaN, preBrt=NaN, lux=0.0, preLux=0.0, brtNits=3.3701954, hdrNits=NaN, initNits=3.3701954, preNits=NaN, rcmdNits=NaN, hdrBrightness=NaN, brt(%)=0%, brtInt=1, hbmPolicy=normal, hbmMax=0.7660316, hbmMode=off, rbcStrength=-1, thrmMax=1.0, powerFactor=1.0, wasShortTermModelActive=false, flags=, reason=screen_off, autoBrightness=true, strategy=ScreenOffBrightnessStrategy, autoBrightnessMode=default
03-10 00:48:25.212  2064 13536 I sensors-hal: ssc_conn_resp_cb:632, resp_value = 0
03-10 00:48:25.213  2064  2064 I sensors-hal: send_sync_sensor_request:373, takes 0 ms to receive the response with 0
03-10 00:48:25.213  2064  2064 I sensors-hal: activate:184, com.motorola.sensor.glance/65658 en=1 completed
03-10 00:48:25.213  3163  3352 D PowerManagerService: nativeAcquireSuspendBlocker name:PowerManagerService.Broadcasts duration ms: 1
03-10 00:48:25.214  3163  3352 D PowerManagerService: nativeSetAutoSuspend enable:true duration ms: 0
03-10 00:48:25.215  3163  3163 I WindowManager: Finished going to sleep... (groupId=0 why=OFF_BECAUSE_OF_USER) notifySleepToKeyguard=true lidState=0 pmSleepReason=lid_switch
03-10 00:48:25.216  5625  5956 D CounterUpPreferencesStatusValue: startTracking: previous = 260 current = 261 tag = Count of how many cli AD is triggered
03-10 00:48:25.216  3163  3352 D PowerManagerService: nativeReleaseSuspendBlocker name:PowerManagerService.Display duration ms: 2
03-10 00:48:25.216  3163  3352 D PowerManagerService: handleSandman ignore 0
03-10 00:48:25.216  3163  7402 I DreamController: mDreamingStartedCallback sendResult
03-10 00:48:25.217  5625  5625 D SCliNotificationListener: onNotificationListUpdate: [com.android.systemui.statusbar.notification.collection.GroupEntry@f81b6]
03-10 00:48:25.217  5625  6286 D SCliNotifPanelController: onNotificationEntryRemove: -1|com.android.systemui|1201|fully_charged_and_plugged|10394
03-10 00:48:25.217  5625  6286 D SCliNotifPanelController: onNotificationGroupRemove: com.android.systemui_u-1
03-10 00:48:25.217  3163  3352 D PowerManagerService: handleSandman ignore 0
03-10 00:48:25.220  2064  2064 I sensors-hal: activate:173, android.sensor.device_orientation/271 en=0
03-10 00:48:25.221  2064  2064 I sensors-hal: activate:184, android.sensor.device_orientation/271 en=0 completed
03-10 00:48:25.221  2061  2108 E minksocket: MinkIPC_QRTR_Service: client with node 1 port 7a11 went down
03-10 00:48:25.222  3163  3352 D PowerManagerService: handleSandman ignore 0
03-10 00:48:25.222  5625  5692 D KeyguardViewMediator: USER_LOCKED intent sent
03-10 00:48:25.225  6942  6942 D NfcService: MSG_APPLY_SCREEN_STATE 1
03-10 00:48:25.226  3163  3352 D PowerManagerService: handleSandman ignore 0
03-10 00:48:25.226  6942  6942 D libnfc_nci: nfcManager_doSetScreenState: state = 1 prevScreenState= 8, discovry_param = 1
03-10 00:48:25.227  2582  8068 D NxpTml  : PN54X - Write requested.....
03-10 00:48:25.227  2582  8068 D NxpTml  : PN54X - Invoking I2C Write.....
03-10 00:48:25.228  5625  5625 W libc    : Access denied finding property "vendor.display.enable_optimal_refresh_rate"
03-10 00:48:25.228  5625  5625 W libc    : Access denied finding property "vendor.gpp.create_frc_extension"
03-10 00:48:25.229  2582  8068 D NxpTml  : Write errno : 6b
03-10 00:48:25.229  2582  8068 D NxpTml  : PN54X - Error in I2C Write.....
03-10 00:48:25.229  2582  8068 D NxpTml  : PN54X - Posting Fresh Write message.....
03-10 00:48:25.229  2582  8068 D NxpTml  : PN54X - Tml Writer Thread Running................
03-10 00:48:25.230  2064  2064 I sensors-hal: batch:206, android.sensor.accelerometer/11, period=20000000, max_latency=0
03-10 00:48:25.230  2064  2064 I sensors-hal: set_config:57, sample_period_ns is adjusted to 20000000 based on min/max delay_ns
03-10 00:48:25.230  2064  2064 I sensors-hal: batch:215, android.sensor.accelerometer/11, period=20000000, max_latency=0 request completed
03-10 00:48:25.230  2582  8070 D NxpHal  : write error status = 0x1ff
03-10 00:48:25.230  2582  2582 D NxpHal  : write_unlocked failed - PN54X Maybe in Standby Mode - Retry
03-10 00:48:25.230  3163  3163 I PowerManagerService: onFlip(): Face up.
03-10 00:48:25.235  5625  5625 W View    : requestLayout() improperly called by com.android.keyguard.CarrierText{fc2afe4 V.ED..... ..S...ID 42,0-495,108 #7f0a04a7 app:id/keyguard_carrier_text} during layout: running second layout pass
03-10 00:48:25.236  5625  5625 W View    : requestLayout() improperly called by com.android.systemui.util.AutoMarqueeTextView{fcb050b VFED..C.. ..S...ID 205,0-571,126 #7f0a0686 app:id/no_carrier_text} during layout: running second layout pass
03-10 00:48:25.240  2582  8068 D NxpTml  : PN54X - Write requested.....
03-10 00:48:25.240  2582  8068 D NxpTml  : PN54X - Invoking I2C Write.....
03-10 00:48:25.240  2582  8068 I NxpNciX : len =   7 > 20020401020100
03-10 00:48:25.241  2582  8068 D NxpTml  : PN54X - I2C Write successful.....
03-10 00:48:25.241  2582  8068 D NxpTml  : PN54X - Posting Fresh Write message.....
03-10 00:48:25.241  2582  8068 D NxpTml  : PN54X - Tml Writer Thread Running................
03-10 00:48:25.241  2582  8070 D NxpHal  : write successful status = 0x0
03-10 00:48:25.241  2582  8059 D NxpTml  : PN54X - I2C Read successful.....
03-10 00:48:25.241  2582  8059 I NxpNciR : len =   5 > 4002020000
03-10 00:48:25.241  2582  8059 D NxpTml  : PN54X - Posting read message.....
03-10 00:48:25.241  2582  8070 D NxpHal  : read successful status = 0x0
03-10 00:48:25.242  2582  8070 D NxpHal  : phNxpNciHal_print_res_status: response status =STATUS_OK
03-10 00:48:25.243  2582  8059 D NxpTml  : PN54X - Read requested.....
03-10 00:48:25.243  2582  8059 D NxpTml  : PN54X - Invoking I2C Read.....
03-10 00:48:25.243  6942  8007 D libnfc_nci: nfaDeviceManagementCallback: enter; event=0x2
03-10 00:48:25.243  6942  8007 D libnfc_nci: nfaDeviceManagementCallback: NFA_DM_SET_CONFIG_EVT
03-10 00:48:25.243  5689  5689 E DPMJ    : |SERVICE| sendScreenState state  falseand int value 0
03-10 00:48:25.245  2582  8068 D NxpTml  : PN54X - Write requested.....
03-10 00:48:25.245  2582  8068 D NxpTml  : PN54X - Invoking I2C Write.....
03-10 00:48:25.245  2582  8068 I NxpNciX : len =   4 > 20090101
03-10 00:48:25.245  2582  8068 D NxpTml  : PN54X - I2C Write successful.....
03-10 00:48:25.245  2582  8068 D NxpTml  : PN54X - Posting Fresh Write message.....
03-10 00:48:25.245  2582  8068 D NxpTml  : PN54X - Tml Writer Thread Running................
03-10 00:48:25.246  2582  8070 D NxpHal  : write successful status = 0x0
03-10 00:48:25.246  6978  6978 I Smart5G : [Smart5GService] receive action: android.intent.action.SCREEN_OFF
03-10 00:48:25.246  2582  8059 D NxpTml  : PN54X - I2C Read successful.....
03-10 00:48:25.246  2582  8059 I NxpNciR : len =   4 > 40090100
03-10 00:48:25.246  2582  8059 D NxpTml  : PN54X - Posting read message.....
03-10 00:48:25.246  2582  8070 D NxpHal  : read successful status = 0x0
03-10 00:48:25.247  2582  8059 D NxpTml  : PN54X - Read requested.....
03-10 00:48:25.247  2582  8059 D NxpTml  : PN54X - Invoking I2C Read.....
03-10 00:48:25.248  3163  5215 I MR2ServiceImpl: Updating composite discovery preference | preference: RouteDiscoveryRequest{ preferredFeatures={}, activeScan=false }, active routers: []
03-10 00:48:25.248  6942  8007 D libnfc_nci: nfaDeviceManagementCallback: enter; event=0xB
03-10 00:48:25.248  6942  8007 D libnfc_nci: nfaDeviceManagementCallback: NFA_DM_SET_POWER_SUB_STATE_EVT; status=0x0
03-10 00:48:25.249  3163  3352 D PowerManagerService: handleSandman ignore 0
03-10 00:48:25.249  3163  3231 D CLI/Keyguard: [onKeyguardLockedStateChanged] isKeyguardLocked=true
03-10 00:48:25.250  5625  5943 E FromGoneTransitionInteractor: Ignoring startTransition: This interactor asked to transition from GONE -> LOCKSCREEN, but we last transitioned to DOZING, not GONE. This should never happen - check currentTransitionInfoInternal or use filterRelevantKeyguardState before starting transitions.
03-10 00:48:25.250  5625  5943 E FromGoneTransitionInteractor: This transition would not have been ignored prior to ag/26681239, since we are FINISHED in GONE (but have since started another transition). If ignoring this transition has caused a regression, fix it by ensuring that transitions are exclusively started from the most recently started state.
03-10 00:48:25.250  3163  3163 D TrustManagerService: refreshDeviceLockedForUser(userId=0, unlockedUser=-10000), secure=false, showingKeyguard=true, trusted=false, biometricAuthenticated=false, currentUserIsUnlocked=false, deviceLocked=false
03-10 00:48:25.250  3163  3163 D MotoFaceProvider: Receive screen off intent
03-10 00:48:25.250  5625  5625 V PowerManager: wakeUp time=34995238 reason=WAKE_REASON_GESTURE details=com.android.systemui:SWIPE_UP_ON_AD by (com.android.systemui) callers=com.android.systemui.power.data.repository.PowerRepositoryImpl.wakeUp:26 com.android.systemui.power.domain.interactor.PowerInteractor.wakeUpIfDozing:51 com.android.systemui.statusbar.phone.StatusBarKeyguardViewManager.onPanelExpansionChanged$1:144 
03-10 00:48:25.250  3163  6987 I PowerGroup: Waking up power group from Dozing (groupId=1, uid=10394, reason=WAKE_REASON_GESTURE, details=com.android.systemui:SWIPE_UP_ON_AD)...
03-10 00:48:25.250  5625  5962 D KeyguardViewMediator: updateActivityLockScreenState(true, true)
03-10 00:48:25.250  3163  6987 I PowerManagerService: Waking up from Dozing (uid=10394, reason=WAKE_REASON_GESTURE, details=com.android.systemui:SWIPE_UP_ON_AD)...
03-10 00:48:25.252  3163  6987 D PowerManagerService: nativeSetAutoSuspend enable:false duration ms: 1
03-10 00:48:25.252  3163  3352 I WindowManager: Display 1 turning on...
03-10 00:48:25.253  3163  6987 D PowerManagerService: nativeAcquireSuspendBlocker name:PowerManagerService.Display duration ms: 1
03-10 00:48:25.253  3163  6987 D PowerManagerService: nativeSetPowerMode ret:true mode:7 enabled:true duration ms: 0
03-10 00:48:25.253  2078  2078 I QTI PowerHAL: Power setMode: 7 to: 1
03-10 00:48:25.254  2300  2300 D SurfaceFlinger: setDesiredDisplayModeSpecs[{0, false, PR={p[24.00-120.00]Hz, r[24.00-60.00]Hz}, AR={p[0.00-120.00]Hz, r[0.00-60.00]Hz}}]: by process 3163 uid 1000 for display 4630947043778501762
03-10 00:48:25.254  3163  3163 I WindowManager: Started waking up... (groupId=1 why=ON_BECAUSE_OF_USER) pmWakeReason=WAKE_REASON_GESTURE
03-10 00:48:25.254  2078  2078 I QTI PowerHAL: Got set_interactive hint
03-10 00:48:25.254  2078  2078 I QTI PowerHAL: Got set_interactive hint on= 1, count= 499
03-10 00:48:25.255  3163  3352 I DisplayBrightnessStrategySelector: Changing the DisplayBrightnessStrategy from ScreenOffBrightnessStrategy to InvalidBrightnessStrategy for display 1
03-10 00:48:25.255  3163  3229 W WindowManager: All windows drawn on display 1
03-10 00:48:25.255  3163  3163 I WindowManager: awakenDreams callers=com.android.server.policy.PhoneWindowManager.startedWakingUp:7593 com.android.server.power.Notifier.lambda$handleEarlyInteractiveChange$0:603 com.android.server.power.Notifier.$r8$lambda$JPimfzsYkXWexBDnIhDxNZnALw4:0 com.android.server.power.Notifier$$ExternalSyntheticLambda8.run:0 android.os.Handler.handleCallback:1001 
03-10 00:48:25.256  3163  3163 I DreamManagerService: awaken by com.android.dynsystem callingUid=1000 callingPid=3163
03-10 00:48:25.256  3163  3163 V PowerManager: userActivity when=34995244 event=0 flags=0 displayId=0 by (android) callers=android.os.PowerManager.userActivity:1487 com.android.server.dreams.DreamManagerService.requestAwakenInternal:496 com.android.server.dreams.DreamManagerService.-$$Nest$mrequestAwakenInternal:0 
03-10 00:48:25.256  3163  3163 W BoostOptController: not supported hint: 118
03-10 00:48:25.256  3706  3714 I android.hardware.thermal@2.0-service.qti-v2: Sensor Name:skin1 temp: 35.988. prev severity:3. cur severity:0 New severity:0
03-10 00:48:25.256  3163  3163 I DreamManagerService: Gently waking up from dream.
03-10 00:48:25.256  3163  3163 I DreamManagerService: stopDreamLocked. callers=com.android.server.dreams.DreamManagerService.stopDreamInternal:542 com.android.server.dreams.DreamManagerService.requestAwakenInternal:497 com.android.server.dreams.DreamManagerService.-$$Nest$mrequestAwakenInternal:0 com.android.server.dreams.DreamManagerService$BinderService.awaken:1072 com.android.server.policy.PhoneWindowManager.awakenDreams:4323 
03-10 00:48:25.256  6942  6942 D NfcService: MSG_APPLY_SCREEN_STATE 4
03-10 00:48:25.256  3163  3352 E SensorManager: sensor or listener is null
03-10 00:48:25.256  2064  2064 I sensors-hal: batch:206, android.sensor.device_orientation/271, period=66667000, max_latency=0
03-10 00:48:25.256  2064  2064 I sensors-hal: set_config:61, no need to adjust sample_period_ns due to reporting_mode = 2
03-10 00:48:25.256  2064  2064 I sensors-hal: batch:215, android.sensor.device_orientation/271, period=66667000, max_latency=0 request completed
03-10 00:48:25.257  2064  2064 I sensors-hal: activate:173, android.sensor.device_orientation/271 en=1
03-10 00:48:25.257  2064  2064 I sensors-hal: get_qmi_debug_flag:239, support_qmi_debug : false
03-10 00:48:25.258  6942  6942 D libnfc_nci: nfcManager_doSetScreenState: state = 4 prevScreenState= 1, discovry_param = 1
03-10 00:48:25.258 13274 13527 E ThermalEngine: First running, skip
03-10 00:48:25.258 13274 13527 I ThermalEngine: Monitor:ACTIVE:OVERRIDE-CHG:internal_override=1:DETECT-STANDBY=1
03-10 00:48:25.258  2582  8068 D NxpTml  : PN54X - Write requested.....
03-10 00:48:25.258  2582  8068 D NxpTml  : PN54X - Invoking I2C Write.....
03-10 00:48:25.258 13274 13527 I ThermalEngine: ACTION: override_c - Setting override_c to 1
03-10 00:48:25.259 13274 13541 I Thermal-Lib: Thermal-Lib-Client: Client request sent
03-10 00:48:25.259 13274 13525 I ThermalEngine: Thermal-Server: Thermal received msg from  override_c
03-10 00:48:25.259  2061  2108 E minksocket: MinkIPC_QRTR_Service: client with node 1 port 7af0 went down
03-10 00:48:25.259  2061  2108 E minksocket: MinkIPC_QRTR_Service: client with node 1 port 7af1 went down
03-10 00:48:25.260  2582  8068 I NxpNciX : len =   4 > 20090102
03-10 00:48:25.260  2582  8068 D NxpTml  : PN54X - I2C Write successful.....
03-10 00:48:25.260  2582  8068 D NxpTml  : PN54X - Posting Fresh Write message.....
03-10 00:48:25.260  2582  8068 D NxpTml  : PN54X - Tml Writer Thread Running................
03-10 00:48:25.260  2582  8070 D NxpHal  : write successful status = 0x0
03-10 00:48:25.260  2582  8059 D NxpTml  : PN54X - I2C Read successful.....
03-10 00:48:25.260  2582  8059 I NxpNciR : len =   4 > 40090100
03-10 00:48:25.260  2582  8059 D NxpTml  : PN54X - Posting read message.....
03-10 00:48:25.260  2582  8070 D NxpHal  : read successful status = 0x0
03-10 00:48:25.260  2064  2064 E Diag_Lib: diag: Diag_LSM_Init: invoked for pid: 2064 with init_count: 0
03-10 00:48:25.260  2064  2064 E Diag_Lib: diag:failed to connect to diag socket
03-10 00:48:25.260  2064  2064 E Diag_Lib:  Diag_LSM_Init: Failed to open handle to diag driver, error = 13
03-10 00:48:25.260  2061  2108 E minksocket: MinkIPC_QRTR_Service: client with node 1 port 7af2 went down
03-10 00:48:25.260  2061  2108 E minksocket: MinkIPC_QRTR_Service: client with node 1 port 7af3 went down
03-10 00:48:25.261  2064  2064 I sensors-hal: send_sensor_config_request:463, dt=mot_disprot: convert sample_period=66667000 to batch_period=66667
03-10 00:48:25.261  2064  2064 I sensors-hal: send_sync_sensor_request:341, send sync request
03-10 00:48:25.261  2064  2064 I sensors-hal: send_sync_sensor_request:367, wait for notification of response
03-10 00:48:25.261  6942  8007 D libnfc_nci: nfaDeviceManagementCallback: enter; event=0xB
03-10 00:48:25.261  6942  8007 D libnfc_nci: nfaDeviceManagementCallback: NFA_DM_SET_POWER_SUB_STATE_EVT; status=0x0
03-10 00:48:25.261  2582  8059 D NxpTml  : PN54X - Read requested.....
03-10 00:48:25.261  2582  8059 D NxpTml  : PN54X - Invoking I2C Read.....
03-10 00:48:25.262  2582  8068 D NxpTml  : PN54X - Write requested.....
03-10 00:48:25.262  2582  8068 D NxpTml  : PN54X - Invoking I2C Write.....
03-10 00:48:25.262  2582  8068 I NxpNciX : len =   7 > 20020401020100
03-10 00:48:25.262  2582  8068 D NxpTml  : PN54X - I2C Write successful.....
03-10 00:48:25.262  2582  8068 D NxpTml  : PN54X - Posting Fresh Write message.....
03-10 00:48:25.262  2582  8068 D NxpTml  : PN54X - Tml Writer Thread Running................
03-10 00:48:25.262  2582  8070 D NxpHal  : write successful status = 0x0
03-10 00:48:25.262  2064 13542 I sensors-hal: ssc_conn_resp_cb:632, resp_value = 0
03-10 00:48:25.262  2582  8059 D NxpTml  : PN54X - I2C Read successful.....
03-10 00:48:25.262  2582  8059 I NxpNciR : len =   5 > 4002020000
03-10 00:48:25.262  2582  8059 D NxpTml  : PN54X - Posting read message.....
03-10 00:48:25.262  2064  2064 I sensors-hal: send_sync_sensor_request:373, takes 1 ms to receive the response with 0
03-10 00:48:25.262  2064  2064 I sensors-hal: activate:184, android.sensor.device_orientation/271 en=1 completed
03-10 00:48:25.262  2582  8070 D NxpHal  : read successful status = 0x0
03-10 00:48:25.263  2582  8070 D NxpHal  : phNxpNciHal_print_res_status: response status =STATUS_OK
03-10 00:48:25.263  2582  8059 D NxpTml  : PN54X - Read requested.....
03-10 00:48:25.263  2582  8059 D NxpTml  : PN54X - Invoking I2C Read.....
03-10 00:48:25.263  6942  8007 D libnfc_nci: nfaDeviceManagementCallback: enter; event=0x2
03-10 00:48:25.263  6942  8007 D libnfc_nci: nfaDeviceManagementCallback: NFA_DM_SET_CONFIG_EVT
03-10 00:48:25.263  2064  2064 I sensors-hal: batch:206, com.motorola.sensor.alternate_light/65959, period=250000000, max_latency=0
03-10 00:48:25.264  2064  2064 I sensors-hal: set_config:61, no need to adjust sample_period_ns due to reporting_mode = 2
03-10 00:48:25.264  2064  2064 I sensors-hal: batch:215, com.motorola.sensor.alternate_light/65959, period=250000000, max_latency=0 request completed
03-10 00:48:25.264  2064  2064 I sensors-hal: activate:173, com.motorola.sensor.alternate_light/65959 en=1
03-10 00:48:25.264  2064  2064 I sensors-hal: get_qmi_debug_flag:239, support_qmi_debug : false
03-10 00:48:25.265  5625  5625 D KeyguardViewMediator: KeyguardViewMediator queue processing message: SHOW
03-10 00:48:25.265  2061  2108 E minksocket: MinkIPC_QRTR_Service: client with node 1 port 7af5 went down
03-10 00:48:25.265  2061  2108 E minksocket: MinkIPC_QRTR_Service: client with node 1 port 7af6 went down
03-10 00:48:25.266  2064  2064 E Diag_Lib: diag: Diag_LSM_Init: invoked for pid: 2064 with init_count: 0
03-10 00:48:25.266  2064  2064 E Diag_Lib: diag:failed to connect to diag socket
03-10 00:48:25.266  2064  2064 E Diag_Lib:  Diag_LSM_Init: Failed to open handle to diag driver, error = 13
03-10 00:48:25.266  3163  7441 I DreamManagerService: startDozing by com.android.systemui callingUid=10394 callingPid=5625
03-10 00:48:25.266  2061  2108 E minksocket: MinkIPC_QRTR_Service: client with node 1 port 7af7 went down
03-10 00:48:25.266  2061  2108 E minksocket: MinkIPC_QRTR_Service: client with node 1 port 7af8 went down
03-10 00:48:25.266  3163  7441 D DreamManagerService: Dream requested to start dozing: android.os.Binder@d0aa5b0, screenState=2, screenBrightness=-1, reason=DREAM_MANAGER_LID_SWITCH
03-10 00:48:25.266  2064  2064 I sensors-hal: send_sensor_config_request:463, dt=ambient_light_1: convert sample_period=250000000 to batch_period=250000
03-10 00:48:25.266  2064  2064 I sensors-hal: send_sync_sensor_request:341, send sync request
03-10 00:48:25.267  2064  2064 I sensors-hal: send_sync_sensor_request:367, wait for notification of response
03-10 00:48:25.267  2064 13546 I sensors-hal: ssc_conn_resp_cb:632, resp_value = 0
03-10 00:48:25.267  5625  5625 D KeyguardViewMediator: KeyguardViewMediator queue processing message: NOTIFY_FINISHED_GOING_TO_SLEEP
03-10 00:48:25.267  2064  2064 I sensors-hal: send_sync_sensor_request:373, takes 0 ms to receive the response with 0
03-10 00:48:25.267  2064 13542 I sensors-hal: handle_indication_realtime:467,  SCHED_FIFO(10) for qmi_cbk
03-10 00:48:25.267  2064  2064 I sensors-hal: activate:184, com.motorola.sensor.alternate_light/65959 en=1 completed
03-10 00:48:25.267  2064 13542 E sensors-hal: handle_sns_client_event:62, mot_disprot_event: now=48061172332715 ts=48056906800789, type=16, status=3
03-10 00:48:25.269  3163  3352 V DisplayPowerController2[1]: Brightness [0.11291467] reason changing to: 'manual', previous reason: 'screen_off'.
03-10 00:48:25.269  3163  7402 D CoreBackPreview: Window{e1d6d9e u0 NotificationShade}: Setting back callback OnBackInvokedCallbackInfo{mCallback=android.window.IOnBackInvokedCallback$Stub$Proxy@e45ebae, mPriority=0, mIsAnimationCallback=false}
03-10 00:48:25.269  3163  3352 I DisplayPowerController2[1]: 03-10 00:48:25.269 - BrightnessEvent: disp=1, physDisp=local:4630947043778501763, displayState=ON, displayPolicy=BRIGHT, brt=0.11291467, initBrt=0.0, rcmdBrt=NaN, preBrt=NaN, lux=NaN, preLux=NaN, brtNits=19.440155, hdrNits=NaN, initNits=3.3701954, preNits=NaN, rcmdNits=NaN, hdrBrightness=NaN, brt(%)=15%, brtInt=30, hbmPolicy=normal, hbmMax=0.7660316, hbmMode=off, rbcStrength=-1, thrmMax=1.0, powerFactor=1.0, wasShortTermModelActive=false, flags=invalid_lux , reason=manual, autoBrightness=true, strategy=InvalidBrightnessStrategy, autoBrightnessMode=default
03-10 00:48:25.269  3163  5308 D PowerManagerService: nativeSetPowerMode ret:false mode:9 enabled:false duration ms: 0
03-10 00:48:25.270  3163  5308 D TouchHwAidlService: setCliDisplayState: mCliScreenOff=false
03-10 00:48:25.270  3163  5308 D LocalDisplayAdapter: setDisplayPowerMode mode=2 for display=android.os.BinderProxy@433f576
03-10 00:48:25.270  2723  9652 E VendorTagDescriptor: lookupTag: Tag name 'support_get_property_2_0' does not exist.
03-10 00:48:25.271  3163  3231 D PanelsService: onKeyguardStateChanged.. isShowing=true
03-10 00:48:25.271  3163  3231 D TouchHwAidlService: onKeyguardStateChanged.. isShowing=true
03-10 00:48:25.271  3163  3231 D PanelsService: onAwakeStateChanged.. isAwake=true
03-10 00:48:25.271  3163  3231 D TouchHwAidlService: onAwakeStateChanged.. isAwake=true
03-10 00:48:25.271  3163  3231 D TouchHwAidlService: Unregister stow sensor
03-10 00:48:25.272  2064  2064 I sensors-hal: batch:206, com.motorola.sensor.stowed/65568, period=200000000, max_latency=0
03-10 00:48:25.272  2064  2064 I sensors-hal: set_config:61, no need to adjust sample_period_ns due to reporting_mode = 2
03-10 00:48:25.272  2064  2064 I sensors-hal: batch:215, com.motorola.sensor.stowed/65568, period=200000000, max_latency=0 request completed
03-10 00:48:25.272  3163  3231 W AlarmManager: Unrecognized alarm listener com.motorola.server.display.TouchHwAidlService$AlarmListenerImpl@de23d8f
03-10 00:48:25.272  3163  3227 D TouchHwAidlService: enableGestureStowMode stowed: false
03-10 00:48:25.272  2106  2106 I motorola.hardware.display.touch-service: Setting stow gesture mode to 0 for panel 1
03-10 00:48:25.273  3163  3231 I DisplayDeviceRepository: Display device changed state: "HDMI Screen", ON
03-10 00:48:25.273  3163  3227 D TouchHwAidlService: setStowGestureMode for cli stowed=false ret=0
03-10 00:48:25.274  3163  3231 W ServiceManagerCppClient: Failed to get isDeclared for com.motorola.hardware.display.panel.IDisplayPanel/default: Status(-1, EX_SECURITY): 'SELinux denied.'
03-10 00:48:25.274  3163  3231 D DisplayPanelService: Setting panel dc mode: 0
03-10 00:48:25.274  2090  2090 I DisplayPanel: setDcMode: DC mode = OFF
03-10 00:48:25.274  2300  2300 D SurfaceFlinger: Setting power mode 2 on display 4630947043778501763
03-10 00:48:25.274  2090  2090 D DisplayPanel: setParam: Success set DC to 0 for Primary display
03-10 00:48:25.274  3163  3231 I InputManager-JNI: Viewport [0] to add: local:4630947043778501762, isActive: false
03-10 00:48:25.274  3163  3231 I InputManager-JNI: Viewport [1] to add: local:4630947043778501763, isActive: true
03-10 00:48:25.275  3163  3229 V WindowManager: Content Recording: Display 1 state was (1), is now (2), so update recording?
03-10 00:48:25.275  3163  3229 D CLI/Transition: displaygroup 1, state ON, pendingdisplaygroup -1
03-10 00:48:25.275  5625  5625 D SCliNotificationListener: onNotificationListUpdate: [com.android.systemui.statusbar.notification.collection.GroupEntry@f81b6]
03-10 00:48:25.275  3163  3229 I DisplayDevice: [1] Layerstack set to 1 for local:4630947043778501763 mDisplayToken=android.os.BinderProxy@433f576 t=Transaction{mNativeObject=-5476376673043392304, mHashCode=0}
03-10 00:48:25.276  3163  3231 D PanelsService: updateCliDisplayState: mCliScreenState=ON
03-10 00:48:25.276  3163  3203 W UserManagerService: Requested status bar icon for non-badged user 0
03-10 00:48:25.277  3163  6380 E WindowManager: Dream packageName does not match active dream. Package com.google.android.gsf does not match ComponentInfo{com.android.systemui/com.android.systemui.doze.DozeService}
03-10 00:48:25.277  3163  3231 W ServiceManagerCppClient: Failed to get isDeclared for com.motorola.hardware.display.panel.IDisplayPanel/default: Status(-1, EX_SECURITY): 'SELinux denied.'
03-10 00:48:25.277  3163  3231 D DisplayPanelService: Setting panel dc mode: 0
03-10 00:48:25.277  3163  6380 E WindowManager: Dream packageName does not match active dream. Package com.google.android.gms does not match ComponentInfo{com.android.systemui/com.android.systemui.doze.DozeService}
03-10 00:48:25.277  2090  2090 I DisplayPanel: setDcMode: DC mode = OFF
03-10 00:48:25.277  2090  2090 D DisplayPanel: setParam: Success set DC to 0 for Primary display
03-10 00:48:25.277  3163  3202 E WindowManager: Dream packageName does not match active dream. Package com.android.vending does not match ComponentInfo{com.android.systemui/com.android.systemui.doze.DozeService}
03-10 00:48:25.277  3163  3227 D TouchHwAidlService: updateCliDisplayState: mCliScreenOn=true
03-10 00:48:25.277  3163  7471 E WindowManager: Dream packageName does not match active dream. Package com.google.android.inputmethod.latin does not match ComponentInfo{com.android.systemui/com.android.systemui.doze.DozeService}
03-10 00:48:25.277  5625  5962 V PowerManager: userActivity when=34995265 event=0 flags=0 displayId=1 by (com.android.systemui) callers=com.android.systemui.keyguard.KeyguardViewMediator$$ExternalSyntheticLambda0.run:63 java.util.concurrent.ThreadPoolExecutor.runWorker:1145 java.util.concurrent.ThreadPoolExecutor$Worker.run:644 
03-10 00:48:25.277  3163  6016 E WindowManager: Dream packageName does not match active dream. Package com.motorola.mobiledesktop does not match ComponentInfo{com.android.systemui/com.android.systemui.doze.DozeService}
03-10 00:48:25.277  3163  6975 E WindowManager: Dream packageName does not match active dream. Package com.google.android.gsf does not match ComponentInfo{com.android.systemui/com.android.systemui.doze.DozeService}
03-10 00:48:25.278  3163  6975 E WindowManager: Dream packageName does not match active dream. Package com.google.android.gms does not match ComponentInfo{com.android.systemui/com.android.systemui.doze.DozeService}
03-10 00:48:25.278  7545  7545 I FileStationLog: [ FS_h$a ] - [Display] Changed display: 1
03-10 00:48:25.279  5493  6013 W HWUI    : Surface doesn't have any previously queued frames, nothing to readback from
03-10 00:48:25.279  3163  7441 W BoostOptController: not supported hint: 118
03-10 00:48:25.279  3163  3203 E WindowManager: Dream packageName does not match active dream. Package com.motorola.mobiledesktop.core does not match ComponentInfo{com.android.systemui/com.android.systemui.doze.DozeService}
03-10 00:48:25.279  3163  4285 I InputReader: Reconfiguring input devices, changes=DISPLAY_INFO
03-10 00:48:25.279  3163  4285 I InputReader: Disabling goodix_ts (device 7) because the associated viewport is not active
03-10 00:48:25.279  3163  4285 I InputReader: Device reconfigured: id=6, name='zinitix_mt', size 194x368, orientation Rotation0, mode DIRECT, display id 1
03-10 00:48:25.280  3163  7933 E WindowManager: Dream packageName does not match active dream. Package com.motorola.motocare does not match ComponentInfo{com.android.systemui/com.android.systemui.doze.DozeService}
03-10 00:48:25.281  3163  6380 E WindowManager: Dream packageName does not match active dream. Package com.motorola.livewallpaper3.prebuilt.vanilla_reflection does not match ComponentInfo{com.android.systemui/com.android.systemui.doze.DozeService}
03-10 00:48:25.281  3163  8251 E WindowManager: Dream packageName does not match active dream. Package com.foxnews.android does not match ComponentInfo{com.android.systemui/com.android.systemui.doze.DozeService}
03-10 00:48:25.281  3163  5158 D WifiStaIfaceHidlImpl: getCachedScanData is not implemented by HIDL
03-10 00:48:25.282  3163  6975 E WindowManager: Dream packageName does not match active dream. Package com.motorola.launcher3 does not match ComponentInfo{com.android.systemui/com.android.systemui.doze.DozeService}
03-10 00:48:25.282  3163  6380 E WindowManager: Dream packageName does not match active dream. Package com.dolby.daxservice does not match ComponentInfo{com.android.systemui/com.android.systemui.doze.DozeService}
03-10 00:48:25.283  3163  8251 E WindowManager: Dream packageName does not match active dream. Package com.motorola.mobiledesktop.core does not match ComponentInfo{com.android.systemui/com.android.systemui.doze.DozeService}
03-10 00:48:25.284  3163  7441 E WindowManager: Dream packageName does not match active dream. Package io.appium.settings does not match ComponentInfo{com.android.systemui/com.android.systemui.doze.DozeService}
03-10 00:48:25.284  3163  3352 D BrightnessThermalClamper: Thermal status observer already started
03-10 00:48:25.285 10834 10834 I PkDeviceHelper: PkDeviceHelper.refreshDevices():93 refreshing devices
03-10 00:48:25.286  3163  8251 E WindowManager: Dream packageName does not match active dream. Package com.google.android.ext.services does not match ComponentInfo{com.android.systemui/com.android.systemui.doze.DozeService}
03-10 00:48:25.287 11449 11449 I OverviewComponentObserver: updateOverviewTargets: mIsHomeDisabled=true, isDefaultHomeNull=false, mIsDefaultHome=true
03-10 00:48:25.291  3163  3163 I BrightnessSynchronizer: New Update: {[4285] 0.15940672(f), mUpdatedTypes=1, mConfirmedTypes=0, mTimeUpdated=0, mState=2}
03-10 00:48:25.291  3163  3163 I BrightnessSynchronizer: [4285] New Update 0.15940672(f) set brightness values:  41(i)
03-10 00:48:25.291  3163  8251 W AccessibilityWindowsPopulator: The displayInfo of this displayId (0) called back from the surface fligner is null
03-10 00:48:25.291  3163  3231 W AccessibilityWindowsPopulator: The displayInfo of this displayId (0) called back from the surface fligner is null
03-10 00:48:25.291  7545  7545 I FileStationLog: [ FS_h$a ] - [Display] Ignoring change for non-default/desktop display: 1
03-10 00:48:25.291  3163  3163 I BrightnessSynchronizer: Swallowing update of 41(i) by update: {[4285] 0.15940672(f), mUpdatedTypes=1, mConfirmedTypes=1, mTimeUpdated=34995279, mState=2}
03-10 00:48:25.291  3163  3163 I BrightnessSynchronizer: Completed Update: {[4285] 0.15940672(f), mUpdatedTypes=1, mConfirmedTypes=1, mTimeUpdated=34995279, mState=3}
03-10 00:48:25.292  5625  5625 I vol.VolumeDialogImpl: mDialog.dismiss() reason: screen_off from: com.android.systemui.volume.VolumeDialogImpl$10.onScreenOff:4 displayId: 0 mShowing: false mIsAnimatingDismiss: true
03-10 00:48:25.292  5625  5625 D vol.VolumeDialogImpl: dismissH: skipping dismiss because isAnimatingDismiss is true and showingStateInconsistent is false
03-10 00:48:25.292  5625  5625 I Channel.Remote: [de8362611079428da312381e6bb8b50c|com.motorola.personalize] Keep channel connection alive true by 4
03-10 00:48:25.293  5625  5625 V DreamService[DozeService]: wakeUp(): fromSystem=true, mWaking=false, mFinished=false callers=android.service.dreams.DreamService.-$$Nest$mwakeUp:0 android.service.dreams.DreamService$DreamServiceWrapper.lambda$wakeUp$1:1794 android.service.dreams.DreamService$DreamServiceWrapper.$r8$lambda$SFP-NasoKFNaaOvKHyJqrl_aPt8:0 android.service.dreams.DreamService$DreamServiceWrapper$$ExternalSyntheticLambda3.run:0 android.os.Handler.handleCallback:1001 
03-10 00:48:25.293  5625  5625 V DreamService[DozeService]: finish(): mFinished=false activity=null callers=android.service.dreams.DreamService.onWakeUp:1197 android.service.dreams.DreamService.wakeUp:1360 android.service.dreams.DreamService.-$$Nest$mwakeUp:0 android.service.dreams.DreamService$DreamServiceWrapper.lambda$wakeUp$1:1794 android.service.dreams.DreamService$DreamServiceWrapper.$r8$lambda$SFP-NasoKFNaaOvKHyJqrl_aPt8:0 
03-10 00:48:25.293  3163  8251 I DreamManagerService: finishSelf by com.android.systemui callingUid=10394 callingPid=5625
03-10 00:48:25.294  3163  8251 D DreamManagerService: Dream finished: android.os.Binder@d0aa5b0, immediate=true
03-10 00:48:25.294  3163  8251 I DreamManagerService: Leaving dreamland.
03-10 00:48:25.294  2300  2300 I Scheduler: Display 4630947043778501763 is the pacesetter
03-10 00:48:25.294  2300  2300 I Scheduler: promotePacesetterDisplayLocked, mAcceptScrollEvent=1
03-10 00:48:25.294  2300  2300 I Scheduler: promotePacesetterDisplayLocked, mAcceptTouchNotBoostEvent=0
