--------- beginning of system
03-10 18:22:16.970  3163  7445 D WindowManager: captureDisplay
--------- beginning of main
03-10 18:22:17.056 16737 16781 I appium  : channel read: GET /session/84b80cc4-59ba-4833-aac6-0621c22b7bae/source
03-10 18:22:17.060 16737 16781 I appium  : Source command
03-10 18:22:17.060 16737 16781 I appium  : Waiting up to 10000ms for the device to idle
03-10 18:22:17.071  3163  7445 D WindowManager: captureDisplay
03-10 18:22:17.154  5727  8012 I QImsService: VtDataUsageProvider : onSetAlert:2097152
03-10 18:22:17.155  5727  5727 I QImsService: ImsServiceClassTracker : updateAlertQuota:newQuota=2097152,Remaining=2097152
03-10 18:22:17.173  3163  8251 D WindowManager: captureDisplay
03-10 18:22:17.273  3163  8251 D WindowManager: captureDisplay
03-10 18:22:17.370 16737 16781 I appium  : AppiumResponse: {"sessionId":"84b80cc4-59ba-4833-aac6-0621c22b7bae","value":"<?xml version='1.0' encoding='UTF-8' standalone='yes' ?>\r\n<hierarchy index=\"0\" class=\"hierarchy\" rotation=\"0\" width=\"1080\" height=\"2640\">\r\n  <android.widget.FrameLayout index=\"0\" package=\"com.tacobell.ordering\" class=\"an…
03-10 18:22:17.375  3163  8251 D WindowManager: captureDisplay
03-10 18:22:17.385 16737 16781 I appium  : channel read: GET /session/84b80cc4-59ba-4833-aac6-0621c22b7bae/screenshot
03-10 18:22:17.386 16737 16781 I appium  : CaptureScreenshot command
03-10 18:22:17.387 16737 16781 W tomator2.server: Accessing hidden method Landroid/view/Display;->getAddress()Landroid/view/DisplayAddress; (blocked, reflection, allowed)
03-10 18:22:17.387 16737 16781 W tomator2.server: Accessing hidden method Landroid/view/DisplayAddress$Physical;->getPhysicalDisplayId()J (blocked, reflection, allowed)
03-10 18:22:17.474  3163  7441 D WindowManager: captureDisplay
03-10 18:22:17.543 17892 17892 W BpBinder: Linking to death on android.gui.ISurfaceComposer but there are no threads (yet?) listening to incoming transactions. See ProcessState::startThreadPool and ProcessState::setThreadPoolMaxThreadCount. Generally you should setup the binder threadpool before other initialization steps.
03-10 18:22:17.544 17892 17892 W ProcessState: Extra binder thread started, but 0 threads requested. Do not use *startThreadPool when zero threads are requested.
03-10 18:22:17.588  3163  7441 D WindowManager: captureDisplay
03-10 18:22:17.689  3163  7441 D WindowManager: captureDisplay
03-10 18:22:17.777  3163  5158 D WifiStaIfaceHidlImpl: getCachedScanData is not implemented by HIDL
03-10 18:22:17.790  3163  7441 D WindowManager: captureDisplay
03-10 18:22:17.895  3163  7441 D WindowManager: captureDisplay
03-10 18:22:17.996  3163  8251 D WindowManager: captureDisplay
03-10 18:22:18.096  3163  7441 D WindowManager: captureDisplay
03-10 18:22:18.160 16737 16781 I appium  : AppiumResponse: {"sessionId":"84b80cc4-59ba-4833-aac6-0621c22b7bae","value":"iVBORw0KGgoAAAANSUhEUgAABDgAAApQCAYAAABYiJrlAAAAAXNSR0IArs4c6QAAAARzQklUCAgICHwIZIgAACAASURBVHic7N1pdJPnnf//jyTL2JYXsMHGgM1iY7CxzRowu4GwhJA0TUhDkiZpaSbTabbO6Zn5zfwf9fTJzLS/9rQzp2mbk6ZN0iwkKZCEsIR9X41ZvLHYeAdvMniTsSzp94C/7rFim9Wb4P06J+cg6da…
03-10 18:22:18.165  2064  4171 D slpi-TCS3720: ALS_REPORT lux 45.856689, ch0 21.161314-11.320162-8.496117-4.135992, scale 1.1878, fps 90, client 1
03-10 18:22:18.165  2064  4171 D slpi-TCS3720: PRX_OC info Far, Total 0, pdata 0, offset 0 step 0.63, ore 0:0 step 21.00, TH_H 1020, TH_L 0, client 0
03-10 18:22:18.165  2163  2163 D motorola.hardware.sensorext-service: handle id:13 wxh:1088x2640 uwxuh:1080x2640 size: 11489280 fd:11 fd_meta:12 flags:0x4000228 usage:0x33  format:0x1 layer_count: 1 reserved_size = 0
03-10 18:22:18.166  2195  2586 I SDM     : HWCSession::SetCWBOutputBuffer: CWB config passed by cwb_client : tappoint 1  CWB_ROI : (210.000000 26.000000 274.000000 90.000000) for display [1 0 0]
03-10 18:22:18.167  2195 17900 I SDM     : HWCDisplay::SetReadbackBuffer: CWB config from client: tap_point 1, CWB ROI Rect(210.000000 26.000000 274.000000 90.000000), PU_as_CWB_ROI 0, Cwb full rect : (0.000000 0.000000 1080.000000 2640.000000)
03-10 18:22:18.167  2195 17900 I SDM     : HWCDisplay::SetReadbackBuffer: Successfully configured the output buffer: readback_buffer_queued_ 1, readback_configured_ 0, cwb_client 3
03-10 18:22:18.167  2195 17900 I SDM     : HWCSession::ProcessRequests: Successfully configured CWB buffer.
03-10 18:22:18.182  2195 17900 I SDM     : HWCSession::ProcessRequests: Pushing release fence in fenece wait queue.
03-10 18:22:18.182  2195 17900 I SDM     : HWCSession::ProcessRequests: Creating AsyncFenceWaits async thread.
03-10 18:22:18.182  2195 17900 I SDM     : HWCSession::ProcessRequests: Remove current CWB request from the pending request queue.
03-10 18:22:18.182  2195 17900 I SDM     : HWCSession::ProcessRequests: No pending cwb requests found in the queue.
03-10 18:22:18.200  3163  7445 D WindowManager: captureDisplay
03-10 18:22:18.201  2195 17902 I SDM     : HWCSession::NotifyCWBStatus: Notify the client about buffer status 0.
03-10 18:22:18.202  2195 17902 I SDM     : HWCSession::PerformFenceWaits: Remove current release fence from the pending fence wait queue.
03-10 18:22:18.202  2195 17902 I SDM     : HWCSession::PerformFenceWaits: CWB fence queue is empty. No pending release fence to wait on.
03-10 18:22:18.213  2163  2163 D SENSOREXT_ALS_COMP: FrontLight: ReportLux 8.41 (45.86-37.45), pre 4.99, dbv 3478, dc 0, fps 90, chPanel 17.24-9.41-6.96-2.94, facCal:lux_s 1.19 cha_s 0.97-0.95-0.99-1.06, RunInfo: DPB 14586-48, TF 14586-0
