--------- beginning of main
03-13 20:00:13.115 11957 11957 D SurfaceView: 129535275 updateSurface: has no frame
03-13 20:00:13.156 11957 11957 D SurfaceView: 129535275 updateSurface: has no frame
03-13 20:00:13.198 11957 11957 D SurfaceView: 129535275 updateSurface: has no frame
03-13 20:00:13.198  2097  2125 E HeatmapThread: ECT Thread time in milliseconds: 1773446413
03-13 20:00:13.209  2097  2125 D HeatmapThread: !@ batteryplugType : 2
03-13 20:00:13.209  2097  2125 D HeatmapThread: !@ batteryLevel : 97  batteryTemperature : 351 
03-13 20:00:13.209  2097  2125 D HeatmapThread: !@ Heatmap currtime: 29557440
03-13 20:00:13.209  2097  2125 D HeatmapThread: !@ Heatmap prevtime: 29557432
03-13 20:00:13.209  2097  2125 D HeatmapThread: !@ Heatmap plugstarttime: 29556997
03-13 20:00:13.209  2097  2125 D HeatmapThread: !@ Heatmap prevv_dsoh_update_time: 29557415
03-13 20:00:13.209  2097  2125 E HeatmapThread: !@ CAM New BSOH: 100
03-13 20:00:13.210  2097  2125 E HeatmapThread: !@ CAM is Working
03-13 20:00:13.225 11851 11911 I appium  : channel read: GET /session/2075015f-54b3-4ec2-9d03-44abd9ce44f9/source
03-13 20:00:13.226 11851 11911 I appium  : Source command
03-13 20:00:13.226 11851 11911 I appium  : Waiting up to 10000ms for the device to idle
03-13 20:00:13.239 11957 11957 D SurfaceView: 129535275 updateSurface: has no frame
03-13 20:00:13.281 11957 11957 D SurfaceView: 129535275 updateSurface: has no frame
03-13 20:00:13.322 11957 11957 D SurfaceView: 129535275 updateSurface: has no frame
03-13 20:00:13.364 11957 11957 D SurfaceView: 129535275 updateSurface: has no frame
03-13 20:00:13.405 11957 11957 D SurfaceView: 129535275 updateSurface: has no frame
03-13 20:00:13.429  2007 12119 I sensors-hal: handle_sns_client_event:375, [0][130] accel_sample [ 0.074,  0.022,  9.844] 273613893254111
03-13 20:00:13.447 11957 11957 D SurfaceView: 129535275 updateSurface: has no frame
03-13 20:00:13.489 11957 11957 D SurfaceView: 129535275 updateSurface: has no frame
03-13 20:00:13.515  1993  6685 I vendor.qti.bluetooth@1.1-ibs_handler: ProcessIbsCmd: Received IBS_WAKE_IND: 0xFD
03-13 20:00:13.516  1993  6685 D vendor.qti.bluetooth@1.1-ibs_handler: SerialClockVote: vote for UART CLK ON
03-13 20:00:13.516  1993  6685 D vendor.qti.bluetooth@1.1-wake_lock: Acquire wakelock is acquired 
03-13 20:00:13.516  1993  6685 I vendor.qti.bluetooth@1.1-ibs_handler: ProcessIbsCmd: Writing IBS_WAKE_ACK
03-13 20:00:13.523  5393  6769 I ScanController: onScanResult to scannerId: 2- eventType=0x1b, addressType=1, address=XX:XX:XX:XX:74:DB, primaryPhy=1, secondaryPhy=0, advertisingSid=0xff, txPower=127, rssi=-62, periodicAdvInt=0x0
03-13 20:00:13.530 11957 11957 D SurfaceView: 129535275 updateSurface: has no frame
03-13 20:00:13.560  1993  6685 I vendor.qti.bluetooth@1.1-ibs_handler: ProcessIbsCmd: Received IBS_SLEEP_IND: 0xFE
03-13 20:00:13.561  1993  6685 D vendor.qti.bluetooth@1.1-ibs_handler: SerialClockVote: vote for UART CLK OFF
03-13 20:00:13.570 11957 12784 D CCodecBuffers: [c2.android.aac.decoder#373:EncryptedInput.Impl[N]] codec released a buffer owned by client (index 0)
03-13 20:00:13.573 11957 11957 D SurfaceView: 129535275 updateSurface: has no frame
03-13 20:00:13.589 11957 11957 I View    : setRequestedFrameRate frameRate=NaN, this=androidx.compose.ui.platform.AndroidComposeView{f447e87 VFED..... ........ 0,0-1080,2176 aid=1073741847}, caller=android.view.ViewGroup.setRequestedFrameRate:9952 androidx.compose.ui.platform.Z.a:1 androidx.compose.ui.platform.AndroidComposeView.dispatchDraw:143 android.view.View.draw:26345 android.view.View.updateDisplayListIfDirty:25175 
03-13 20:00:13.590 11957 11957 I View    : setRequestedFrameRate frameRate=NaN, this=android.view.View{2981b9f V.ED..... ........ 0,0-0,0}, caller=androidx.compose.ui.platform.Z.a:1 androidx.compose.ui.platform.AndroidComposeView.dispatchDraw:158 android.view.View.draw:26345 android.view.View.updateDisplayListIfDirty:25175 android.view.ViewGroup.recreateChildDisplayList:4794 
03-13 20:00:13.614 11957 11957 D SurfaceView: 129535275 updateSurface: has no frame
03-13 20:00:13.615 11957 11957 I View    : setRequestedFrameRate frameRate=NaN, this=androidx.compose.ui.platform.AndroidComposeView{f447e87 VFED..... ........ 0,0-1080,2176 aid=1073741847}, caller=android.view.ViewGroup.setRequestedFrameRate:9952 androidx.compose.ui.platform.Z.a:1 androidx.compose.ui.platform.AndroidComposeView.dispatchDraw:143 android.view.View.draw:26345 android.view.View.updateDisplayListIfDirty:25175 
03-13 20:00:13.615 11957 11957 I View    : setRequestedFrameRate frameRate=NaN, this=android.view.View{2981b9f V.ED..... ........ 0,0-0,0}, caller=androidx.compose.ui.platform.Z.a:1 androidx.compose.ui.platform.AndroidComposeView.dispatchDraw:158 android.view.View.draw:26345 android.view.View.updateDisplayListIfDirty:25175 android.view.ViewGroup.recreateChildDisplayList:4794 
03-13 20:00:13.656 11957 11957 D SurfaceView: 129535275 updateSurface: has no frame
--------- beginning of system
03-13 20:00:13.681  3003  4866 I ActivityManager: Changes in 10405 6 to 10, 128 to 0
03-13 20:00:13.688  3003  4866 I ActivityManager: Changes in 10405 10 to 6, 0 to 128
03-13 20:00:13.690  3003  4002 D BackgroundInstallControlService: Package event received: 0
03-13 20:00:13.695  3003  4002 D BackgroundInstallControlService: Package event received: 0
03-13 20:00:13.696  3003  4002 D BackgroundInstallControlService: Package event received: 0
03-13 20:00:13.697  3003  4002 D BackgroundInstallControlService: Package event received: 0
03-13 20:00:13.697 11957 11957 D SurfaceView: 129535275 updateSurface: has no frame
03-13 20:00:13.711  1993  5851 D vendor.qti.bluetooth@1.1-wake_lock: Release wakelock is released 
03-13 20:00:13.739 11957 11957 D SurfaceView: 129535275 updateSurface: has no frame
03-13 20:00:13.780 11957 11957 D SurfaceView: 129535275 updateSurface: has no frame
03-13 20:00:13.810 16536 16536 I wpa_supplicant: nl80211: Vendor event: wiphy=0 vendor_id=0x1374 subcmd=182
03-13 20:00:13.811  2611  4100 D LOWI-9.0.1.74: [LOWI-Scan] wait_event:Wait done with Cmd 103
03-13 20:00:13.811  2548  2548 I cnss-daemon: nl80211 response handler invoked
03-13 20:00:13.813  2548  2548 I cnss-daemon: nl80211_response_handler: cmd 103, vendorID 4980, subcmd 182  received
03-13 20:00:13.814  2611  4100 D LOWI-9.0.1.74: [LOWI-Scan] do_listen_events: Rcvd valid Netlink Cmd 0 Err 0
03-13 20:00:13.819  2017  4098 I WifiHAL : event received NL80211_CMD_VENDOR, vendor_id = 0x1374, subcmd = 0xb6
03-13 20:00:13.822 11957 11957 D SurfaceView: 129535275 updateSurface: has no frame
03-13 20:00:13.830  3003  4029 I SemWifiLinkQualityMonitor: Link stat: 1924 / 3 / 1.04 (363) / 573 / -64.0 || 100.0 : 573.00 / 0.5 : 0.96 / 0.55 : 0.00 / G (G) || 1cf112895765: 0.086 / 92.943 / N || N N / 0 0 / Y 2.0 / Y X 0 / 93002825 0 || Invalid
03-13 20:00:13.830  3003  7743 D SemWifiUsabilityStatsMonitor: onWifiUsabilityStats - seqNum 25337, isSameBssidAndFreq true
03-13 20:00:13.830  3003  3941 D ConnectivityService: notifyType CALLBACK_CAP_CHANGED for [115 WIFI]
03-13 20:00:13.831  3003  4030 D InsDataManager: onOutageCountUpdate() - Outage Data: 0, LQ : Y. Outage Triggered: false
03-13 20:00:13.831  3003  4030 D InsDataManager: Trying to save initial normal data.
03-13 20:00:13.832  3003  4030 D SensorCollector: syncMappedBuffers: 0, 0, 99
03-13 20:00:13.832  3003  4030 D InsDataManager: trimBuffers start.
03-13 20:00:13.832  3003  4030 D InsDataManager: trimBuffers - nsmBuffer size: 25
03-13 20:00:13.832  3003  4030 D InsDataManager: Too short for collecting additional normal data
03-13 20:00:13.833  3003  4030 D SemInsManager: {"bssid": "1cf112895765","rssi": -64.0,"latency": 0.08607404702139392,"outage_count": 0,"lq_callback_triggered": true,"outage_log": "Link stat: 1924 / 3 / 1.04 (363) / 573 / -64.0 || 100.0 : 573.00 / 0.5 : 0.96 / 0.55 : 0.00 / G (G) || 1cf112895765: 0.086 / 92.943 / N || N N / 0 0 / Y 2.0 / Y X 0 / 93002825 0 || Invalid""Magnetic Sensor Events size": "0""Pressure Sensor Events size": "0"}
03-13 20:00:13.835  3003  4047 D SGM:GameManager: identifyGamePackage. com.tubitv, mCurrentUserId: 0, callingMethodInfo: com.samsung.android.game.SemGameManager.isGamePackage(SemGameManager.java:106)
03-13 20:00:13.835  3003  4047 D SGM:SemGameManager: isGamePackage(), pkgName=com.tubitv, ret=false
03-13 20:00:13.841  4205  4574 I WifiPickerTracker: NetworkCallback : onCapabilitiesChanged
03-13 20:00:13.841  4205  4574 D WifiPickerTracker: updateWifiEntries capabilities
03-13 20:00:13.843  4205  4574 D WifiPickerTracker: update AutoHotspot Entries() : bleAccessPoints -> 0
03-13 20:00:13.843  4205  4574 D WifiPickerTracker: handleNetworkCapabilitiesChanged
03-13 20:00:13.843  4205  4574 I WifiPickerTracker: DefaultNetworkCallback : onCapabilitiesChanged
03-13 20:00:13.845  3003  3980 D SemWifiApNsd:Client: lpInterface:wlan0
03-13 20:00:13.847  4600  5502 D txpwrJni: sendNetworkInfo start
03-13 20:00:13.847  4600  5502 D txpwrJni: sendNetworkInfo RatType 0
03-13 20:00:13.848  4205  4387 D WifiInteractor: get wifiIconGroup ePDGConnected : false
03-13 20:00:13.848  3003  3980 D SemWifiSwitchForIndividualAppsService: stopTCPMonitoring : already stopped
03-13 20:00:13.849  3003  3980 I WifiConnectivityMonitor.NCC: sNetworkCallback(oCC) FULL : 115(valid: true/captive: false)
03-13 20:00:13.849  3003  3980 I WifiConnectivityMonitor.NCC: [ Transports: WIFI Capabilities: NOT_METERED&INTERNET&NOT_RESTRICTED&TRUSTED&NOT_VPN&VALIDATED&NOT_ROAMING&FOREGROUND&NOT_CONGESTED&NOT_SUSPENDED&NOT_VCN_MANAGED&NOT_BANDWIDTH_CONSTRAINED LinkUpBandwidth>=3533Kbps LinkDnBandwidth>=55128Kbps TransportInfo: <SSID: <unknown ssid>, BSSID: 02:00:00:**:**:00, MAC: 02:00:00:**:**:00, IP: /10.**.*.215, Security type: 3, Supplicant state: COMPLETED, Wi-Fi standard: 11ax, RSSI: -64, Link speed: 573Mbps, Tx Link speed: 573Mbps, Max Supported Tx Link speed: 573Mbps, Rx Link speed: 413Mbps, Max Supported Rx Link speed: 573Mbps, Frequency: 5805MHz, Net ID: -1, Metered hint: false, score: 60, isUsable: true, CarrierMerged: false, SubscriptionId: -1, IsPrimary: 1, Trusted: true, Restricted: false, Ephemeral: false, OEM paid: false, OEM private: false, OSU AP: false, FQDN: <none>, Provider friendly name: <none>, Requesting package name: <none><none>MLO Information: , Is TID-To-Link negotiation supported by the AP: false, AP MLD Address: <none>, AP MLO Link Id: <none>, AP MLO Affiliated links: <none>, Vendor Data: <none>> SignalStrength: -64 AdminUids: [1000] SSID: "MSU-Secure" UnderlyingNetworks: Null]
03-13 20:00:13.849  3003  3980 D SemWifiApTrafficPriority: onCapabilitiesChanged Wifi:wlan0,mGapiValue:55.128Uplink: 3.533
03-13 20:00:13.850  3003  4050 D SemApeService: Deducted link capacity (M: R=320 T=401) RSSI=-64
03-13 20:00:13.850  3003  4050 D SemApeService: Deducted link capacity (M: R=320 T=401) on (wlan0) GoogleAPI(M: R=55 T=3) RSSI=-64 isDefault=false isMlo=false
03-13 20:00:13.851  4205  4421 D WifiInteractor: get wifiIconGroup ePDGConnected : false
03-13 20:00:13.860  3003  4058 D WifiConnectivityMonitor: HANDLE_ON_CAPABILITIES_CHANGED
03-13 20:00:13.863 11957 11957 D SurfaceView: 129535275 updateSurface: has no frame
03-13 20:00:13.864  6263  8145 I BugleRcsEngine: handleMessage processing message:[NOTIFY_UPTIME_IGNORE_STATE_CHANGED] with [non-null]:RcsEngineImpl reference [CONTEXT log_prefix="RcsEngineImpl[DUAL_REG]:[1e7477ef-90d2]>Handler" thread_id=64 ]
03-13 20:00:13.864 16161 16394 I NullBinder: NullBinder for android.net.action.RECOMMEND_NETWORKS triggering remote TransactionTooLargeException due to Service without Chimera impl, calling uid: 1000, calling pid: 0
03-13 20:00:13.864 16161 16394 W .gms.persistent: Large reply transaction of 1056768 bytes, interface descriptor , code 1
03-13 20:00:13.865  4184  4196 E PhoneInterfaceManager: getCarrierPrivilegeStatusForUid: Invalid subId
03-13 20:00:13.866  6263  7489 I BugleRcsEngine: Connected state: [1], networkType: [WIFI] [CONTEXT thread_id=59 ]
03-13 20:00:13.870  3003  4058 I WifiConnectivityMonitor: determineMode : MODE_NON_SWITCHABLE_BY_POOR_NETWORK_DETECTION_DISABLED
03-13 20:00:13.870 22998 23062 D Braze v37.0.0 .d: com.braze.events.internal.o fired:
03-13 20:00:13.870 22998 23062 D Braze v37.0.0 .d: NetworkLevelChangeEvent(oldNetworkLevel=GOOD, newNetworkLevel=BAD)
03-13 20:00:13.870  3003  4058 D OpenNetworkQos[4.00]: updateBssidNoInternet: mBssidNoInternet = false
03-13 20:00:13.870 22998 23062 D Braze v37.0.0 .b: Triggering com.braze.events.internal.o on 0 subscribers.
03-13 20:00:13.870  3003  4058 D OpenNetworkQos[4.00]: getOpenNetworkQosNoInternetStatus: false
03-13 20:00:13.870  3003  4058 D OpenNetworkQos[4.00]: getOpenNetworkQosScores: 30 30 26 
03-13 20:00:13.870 22998 23062 D Braze v37.0.0 .b: Triggering com.braze.events.internal.o on 2 subscribers.
03-13 20:00:13.870 22998 23062 D Braze v37.0.0 .com.braze.requests.framework.g: Got network change event: NetworkLevelChangeEvent(oldNetworkLevel=GOOD, newNetworkLevel=BAD)
03-13 20:00:13.870 22998 23062 D Braze v37.0.0 .y: Got network change event: NetworkLevelChangeEvent(oldNetworkLevel=GOOD, newNetworkLevel=BAD)
03-13 20:00:13.870 22998 23062 V Braze v37.0.0 .f: recalculateDispatchState called with session state: NO_SESSION lastNetworkLevel: BAD
03-13 20:00:13.870 22998 23062 V Braze v37.0.0 .f: currentIntervalMs: -1
03-13 20:00:13.870  3003  4058 D KNOX_MDM_SettingsProvider: isChangeAllowed() : name = wifi_wcm_qos_sharing_score_summary
03-13 20:00:13.870  3003  4058 I WifiProfileShare: network QoS data was changed (internet), updateQoSData networkType: true, qosData: false
03-13 20:00:13.871  4205  4362 D Tile.WifiTile: handleUpdateState isTransient=false transientEnabling =false cb.isTransient=false state.state = 2 mStateBeforeClick.value =false enabled =true
03-13 20:00:13.875  3003  5535 D WifiProfileShare: nearby scanning settings run
03-13 20:00:13.877  3003  5535 D WifiProfileShare: network score provider settings enabled
03-13 20:00:13.877  3003  5535 V WifiProfileShare.Caster: checkAndGetShareData(qos) - unavailable for this config
03-13 20:00:13.877  3003  5535 V WifiProfileShare.Caster: checkAndGetShareData(pwd sta) - unavailable for this config
03-13 20:00:13.877  3003  5535 V WifiProfileShare.Caster: checkAndGetShareData - there is no data
03-13 20:00:13.877  3003  4002 D BackgroundInstallControlService: Package event received: 0
03-13 20:00:13.884  3003  4086 D NetdEventListenerService: DNS Requested by 115, 10096(com.samsung.android.server.wifi.mobilewips), SUCCESS, 1ms
03-13 20:00:13.895  2496 25702 D BufferPoolAccessor2.0: evictor expired: 1, evicted: 0
03-13 20:00:13.905 11957 11957 D SurfaceView: 129535275 updateSurface: has no frame
03-13 20:00:13.915  3003  4086 D NetdEventListenerService: DNS Requested by 115, 10096(com.samsung.android.server.wifi.mobilewips), SUCCESS, 1ms
03-13 20:00:13.947 11957 11957 D SurfaceView: 129535275 updateSurface: has no frame
03-13 20:00:13.988 11957 11957 D SurfaceView: 129535275 updateSurface: has no frame
03-13 20:00:14.015  2447  2447 I CNSS    : /sys/wifi/max_chipset_log_size doesn't exist
03-13 20:00:14.030 11957 11957 D SurfaceView: 129535275 updateSurface: has no frame
03-13 20:00:14.071 11957 11957 D SurfaceView: 129535275 updateSurface: has no frame
03-13 20:00:14.114 11957 11957 D SurfaceView: 129535275 updateSurface: has no frame
03-13 20:00:14.155 11957 11957 D SurfaceView: 129535275 updateSurface: has no frame
03-13 20:00:14.196 11957 11957 D SurfaceView: 129535275 updateSurface: has no frame
03-13 20:00:14.198  2097  2125 E HeatmapThread: ECT Thread time in milliseconds: 1773446414
03-13 20:00:14.207  2097  2125 D HeatmapThread: !@ batteryplugType : 2
03-13 20:00:14.207  2097  2125 D HeatmapThread: !@ batteryLevel : 97  batteryTemperature : 351 
03-13 20:00:14.207  2097  2125 D HeatmapThread: !@ Heatmap currtime: 29557440
03-13 20:00:14.207  2097  2125 D HeatmapThread: !@ Heatmap prevtime: 29557432
03-13 20:00:14.207  2097  2125 D HeatmapThread: !@ Heatmap plugstarttime: 29556997
03-13 20:00:14.207  2097  2125 D HeatmapThread: !@ Heatmap prevv_dsoh_update_time: 29557415
03-13 20:00:14.207  2097  2125 E HeatmapThread: !@ CAM New BSOH: 100
03-13 20:00:14.207  2097  2125 E HeatmapThread: !@ CAM is Working
03-13 20:00:14.238 11957 11957 D SurfaceView: 129535275 updateSurface: has no frame
03-13 20:00:14.279 11957 11957 D SurfaceView: 129535275 updateSurface: has no frame
03-13 20:00:14.321 11957 11957 D SurfaceView: 129535275 updateSurface: has no frame
03-13 20:00:14.356 16161 18290 I NearbySharing: Network state changed: NetworkState(isRestricted=false, isOnline=true, isCongested=false, isMetered=false, isWifiConnected=true)
03-13 20:00:14.363 11957 11957 D SurfaceView: 129535275 updateSurface: has no frame
03-13 20:00:14.404 11957 11957 D SurfaceView: 129535275 updateSurface: has no frame
03-13 20:00:14.446 11957 11957 D SurfaceView: 129535275 updateSurface: has no frame
03-13 20:00:14.460  2007 11314 I sensors-hal: handle_sns_std_sensor_event:409, [SSC_LIGHT] P: 145(145),c:82,b:82,m:13,cl:19,l:132,s:143,l0:12208,l1:32,s0:11393,s1:0,acl:1,opr:0.23,f(r):97,u(bl):108,if:0,wi:2,si:12,po:124(N:0)
03-13 20:00:14.488 11957 11957 D SurfaceView: 129535275 updateSurface: has no frame
03-13 20:00:14.529 11957 11957 D SurfaceView: 129535275 updateSurface: has no frame
03-13 20:00:14.571 11957 11957 D SurfaceView: 129535275 updateSurface: has no frame
03-13 20:00:14.606  1171  1171 D io_stats: !@   8,0 r 4915780 146335244 w 6939527 130624384 d 527429 148077532 f 285319 661039 iot 2675648 0 th 0 0 0 pt 0 inp 0 0 93003.602
03-13 20:00:14.607  1171  1171 D io_stats: !@ Read_top(KB): wifi.mobilewips(16538) 100 kworker/2:4H(10445) 8 kworker/3:4H(30939) 4
03-13 20:00:14.607  1171  1171 D io_stats: !@ Write_top(KB): kworker/u16:1(21904) 5144 com.tubitv(11957) 3096 jbd2/sda6-8(1141) 92
03-13 20:00:14.613 11957 11957 D SurfaceView: 129535275 updateSurface: has no frame
03-13 20:00:14.618 11957 11957 I View    : setRequestedFrameRate frameRate=NaN, this=androidx.compose.ui.platform.AndroidComposeView{f447e87 VFED..... ........ 0,0-1080,2176 aid=1073741847}, caller=android.view.ViewGroup.setRequestedFrameRate:9952 androidx.compose.ui.platform.Z.a:1 androidx.compose.ui.platform.AndroidComposeView.dispatchDraw:143 android.view.View.draw:26345 android.view.View.updateDisplayListIfDirty:25175 
03-13 20:00:14.619 11957 11957 I View    : setRequestedFrameRate frameRate=NaN, this=android.view.View{2981b9f V.ED..... ........ 0,0-0,0}, caller=androidx.compose.ui.platform.Z.a:1 androidx.compose.ui.platform.AndroidComposeView.dispatchDraw:158 android.view.View.draw:26345 android.view.View.updateDisplayListIfDirty:25175 android.view.ViewGroup.recreateChildDisplayList:4794 
03-13 20:00:14.654 11957 11957 D SurfaceView: 129535275 updateSurface: has no frame
03-13 20:00:14.696 11957 11957 D SurfaceView: 129535275 updateSurface: has no frame
03-13 20:00:14.737 11957 11957 D SurfaceView: 129535275 updateSurface: has no frame
03-13 20:00:14.779 11957 11957 D SurfaceView: 129535275 updateSurface: has no frame
03-13 20:00:14.821 11957 11957 D SurfaceView: 129535275 updateSurface: has no frame
03-13 20:00:14.863 11957 11957 D SurfaceView: 129535275 updateSurface: has no frame
03-13 20:00:14.906 11957 11957 D SurfaceView: 129535275 updateSurface: has no frame
03-13 20:00:14.907 11957 11957 I View    : setRequestedFrameRate frameRate=NaN, this=androidx.compose.ui.platform.AndroidComposeView{360eb0 VFED..... ........ 0,0-1080,136 aid=1073741834}, caller=android.view.ViewGroup.setRequestedFrameRate:9952 androidx.compose.ui.platform.Z.a:1 androidx.compose.ui.platform.AndroidComposeView.dispatchDraw:143 android.view.View.draw:26345 android.view.View.updateDisplayListIfDirty:25175 
03-13 20:00:14.907 11957 11957 I View    : setRequestedFrameRate frameRate=NaN, this=android.view.View{e53385a V.ED..... ........ 0,0-0,0}, caller=androidx.compose.ui.platform.Z.a:1 androidx.compose.ui.platform.AndroidComposeView.dispatchDraw:158 android.view.View.draw:26345 android.view.View.updateDisplayListIfDirty:25175 android.view.View.draw:26072 
03-13 20:00:14.945 11957 11957 D SurfaceView: 129535275 updateSurface: has no frame
03-13 20:00:14.987 11957 11957 D SurfaceView: 129535275 updateSurface: has no frame
03-13 20:00:15.028 11957 11957 D SurfaceView: 129535275 updateSurface: has no frame
03-13 20:00:15.070 11957 11957 D SurfaceView: 129535275 updateSurface: has no frame
03-13 20:00:15.078 11851 11911 D CompatChangeReporter: Compat change id reported: 247079863; UID 10393; state: ENABLED
03-13 20:00:15.112 11957 11957 D SurfaceView: 129535275 updateSurface: has no frame
03-13 20:00:15.124  2077  2077 E QCOM-OEMCrypto: Error at _oecc133 : 3782
03-13 20:00:15.125  1031  1204 D OPS_SERVICE: OPS_SERVICE Dispatch starts! 
03-13 20:00:15.126  1031  1204 D OPS_SERVICE: before calling ioctl to read the next ops_cmd
03-13 20:00:15.127  1031  1204 D OPS_SERVICE: OPS Received command id = 1
03-13 20:00:15.128  1031  1204 W qseecomd: Thread Pool max thread count is 0. Cannot cache binder as linkToDeath cannot be implemented. serviceName: vendor.qti.hardware.display.config.IDisplayConfig/default
03-13 20:00:15.129  2040  2451 I SDM     : HWCSession::MinHdcpEncryptionLevelChanged: Display 1
03-13 20:00:15.130  1031  1204 W OPSDisplay: HDCP Level changed to 1
03-13 20:00:15.130  1031  1204 D OPS_SERVICE: OPS_Service Dispatch ends! 
03-13 20:00:15.151  3003  4027 I SemWifiServiceDetector: NSD results: [0, 0, 2, 0, 0, 0, 2, 0, 0] Traff. type 1 Thr 0
03-13 20:00:15.153 11957 11957 D SurfaceView: 129535275 updateSurface: has no frame
03-13 20:00:15.195 11957 11957 D SurfaceView: 129535275 updateSurface: has no frame
03-13 20:00:15.198  2097  2125 E HeatmapThread: ECT Thread time in milliseconds: 1773446415
03-13 20:00:15.201 11851 11911 I appium  : AppiumResponse: {"sessionId":"2075015f-54b3-4ec2-9d03-44abd9ce44f9","value":"<?xml version='1.0' encoding='UTF-8' standalone='yes' ?>\r\n<hierarchy index=\"0\" class=\"hierarchy\" rotation=\"0\" width=\"1080\" height=\"2640\">\r\n  <android.widget.FrameLayout index=\"0\" package=\"com.tubitv\" class=\"android.widge…
03-13 20:00:15.204  3003  6711 I ActivityManager: Changes in 10405 6 to 10, 128 to 0
03-13 20:00:15.214  3003  6711 I ActivityManager: Changes in 10405 10 to 6, 0 to 128
03-13 20:00:15.217  2097  2125 D HeatmapThread: !@ batteryplugType : 2
03-13 20:00:15.217  2097  2125 D HeatmapThread: !@ batteryLevel : 97  batteryTemperature : 351 
03-13 20:00:15.217  2097  2125 D HeatmapThread: !@ Heatmap currtime: 29557440
03-13 20:00:15.217  2097  2125 D HeatmapThread: !@ Heatmap prevtime: 29557432
03-13 20:00:15.217  2097  2125 D HeatmapThread: !@ Heatmap plugstarttime: 29556997
03-13 20:00:15.217  2097  2125 D HeatmapThread: !@ Heatmap prevv_dsoh_update_time: 29557415
03-13 20:00:15.217  2097  2125 E HeatmapThread: !@ CAM New BSOH: 100
03-13 20:00:15.217  2097  2125 E HeatmapThread: !@ CAM is Working
03-13 20:00:15.219  3003  4002 D BackgroundInstallControlService: Package event received: 0
03-13 20:00:15.219  3003  4002 D BackgroundInstallControlService: Package event received: 0
03-13 20:00:15.220  3003  4002 D BackgroundInstallControlService: Package event received: 0
03-13 20:00:15.220  3003  4002 D BackgroundInstallControlService: Package event received: 0
03-13 20:00:15.224 11851 11911 I appium  : channel read: GET /session/2075015f-54b3-4ec2-9d03-44abd9ce44f9/screenshot
03-13 20:00:15.224 11851 11911 I appium  : CaptureScreenshot command
03-13 20:00:15.225 11851 11911 I tomator2.server: hiddenapi: Accessing hidden method Landroid/view/Display;->getAddress()Landroid/view/DisplayAddress; (runtime_flags=0, domain=platform, api=blocked) from Lio/appium/uiautomator2/utils/ReflectionUtils; (domain=app, TargetSdkVersion=34) using reflection: allowed
03-13 20:00:15.226 11851 11911 I tomator2.server: hiddenapi: Accessing hidden method Landroid/view/DisplayAddress$Physical;->getPhysicalDisplayId()J (runtime_flags=0, domain=platform, api=blocked) from Lio/appium/uiautomator2/utils/ReflectionUtils; (domain=app, TargetSdkVersion=34) using reflection: allowed
03-13 20:00:15.227  3003  4028 I BatteryService_BatteryPropertiesRegistrar: [getProperty]id:6
03-13 20:00:15.229  3003  4028 I BatteryService_BatteryPropertiesRegistrar: [getProperty]prop.long:-9223372036854775808 ,prop.string:null
03-13 20:00:15.232  3003  4028 I BatteryService_BatteryPropertiesRegistrar: [getProperty]id:4
03-13 20:00:15.232  3003  4028 I BatteryService_BatteryPropertiesRegistrar: [getProperty]prop.long:-9223372036854775808 ,prop.string:null
03-13 20:00:15.235  3003  4028 I SemWifiIntelligentTrainingManager: Tr. cond. check: true / 2 (2) / true / 1 (1)
03-13 20:00:15.237 11957 11957 D SurfaceView: 129535275 updateSurface: has no frame
03-13 20:00:15.239  3003  4028 I BatteryService_BatteryPropertiesRegistrar: [getProperty]id:6
03-13 20:00:15.239  3003  4028 I BatteryService_BatteryPropertiesRegistrar: [getProperty]prop.long:-9223372036854775808 ,prop.string:null
03-13 20:00:15.242  3003  4028 I BatteryService_BatteryPropertiesRegistrar: [getProperty]id:4
03-13 20:00:15.242  3003  4028 I BatteryService_BatteryPropertiesRegistrar: [getProperty]prop.long:-9223372036854775808 ,prop.string:null
03-13 20:00:15.243  3003  4028 D SemWifiIntelligentConnectionManager: IWH tr data stats : 518 / 526
03-13 20:00:15.278 11957 11957 D SurfaceView: 129535275 updateSurface: has no frame
03-13 20:00:15.320 11957 11957 D SurfaceView: 129535275 updateSurface: has no frame
03-13 20:00:15.356 16536 16536 I wpa_supplicant: Heartbeat 3517
03-13 20:00:15.357 12950 12950 W screencap: Thread Pool max thread count is 0. Cannot cache binder as linkToDeath cannot be implemented. serviceName: SurfaceFlingerAIDL
03-13 20:00:15.357 12950 12950 W BpBinder: Linking to death on android.gui.ISurfaceComposer but there are no threads (yet?) listening to incoming transactions. See ProcessState::startThreadPool and ProcessState::setThreadPoolMaxThreadCount. Generally you should setup the binder threadpool before other initialization steps.
03-13 20:00:15.357 12950 12950 W screencap: Thread Pool max thread count is 0. Cannot cache binder as linkToDeath cannot be implemented. serviceName: edmnativehelper
03-13 20:00:15.357  3003  6711 I EDMNativeHelperService: isScreenCaptureEnabled
03-13 20:00:15.357  3003  6711 D RestrictionPolicy: isScreenCaptureEnabled : ret=true userId=0
03-13 20:00:15.357 12950 12950 W ProcessState: Extra binder thread started, but 0 threads requested. Do not use *startThreadPool when zero threads are requested.
03-13 20:00:15.357 12950 12950 I SurfaceComposerClient: captureDisplay:Display-4630946564756762243
03-13 20:00:15.360  2105  2922 I SurfaceFlinger: Capture layer list: 	 Background for c86abff SurfaceView[com.tubitv/com.tubitv.activities.MainActivity]@0#87133(seamlessTransition:0)
03-13 20:00:15.360  2105  2922 I SurfaceFlinger: Capture layer list: 	 c86abff SurfaceView[com.tubitv/com.tubitv.activities.MainActivity]@0(BLAST)#87132(seamlessTransition:0)
03-13 20:00:15.360  2105  2922 I SurfaceFlinger: Capture layer list: 	 com.tubitv/com.tubitv.activities.MainActivity$_11957#87105(seamlessTransition:0)
03-13 20:00:15.360  2105  2922 I SurfaceFlinger: Capture layer list: 	 StatusBar$_4205#132(seamlessTransition:0)
03-13 20:00:15.360  2105  2922 I SurfaceFlinger: Capture layer list: 	 com.sec.android.app.launcher/com.samsung.app.honeyspace.edge.edgepanel.app.CocktailBarService$_4832#87070(seamlessTransition:0)
03-13 20:00:15.360  2105  2922 I SurfaceFlinger: Capture layer list: 	 NavigationBar0$_4205#130(seamlessTransition:0)
03-13 20:00:15.361  2105  2922 E HwcComposer: getLuts failed Status(-129, EX_TRANSACTION_FAILED): 'UNKNOWN_TRANSACTION: '
03-13 20:00:15.361  2105  2342 D RenderEngine: [SEC_SF_EFFECTS] drawLayersInternal,1483, Rendering layer ScreenCaptureFillLayer at index 0
03-13 20:00:15.361  2105  2342 D RenderEngine: [SEC_SF_EFFECTS] drawLayersInternal,1483, Rendering layer c86abff SurfaceView[com.tubitv/com.tubitv.activities.MainActivity]@0(BLAST)#87132 at index 1
03-13 20:00:15.361  2105  2342 D RenderEngine: [SEC_SF_EFFECTS] drawLayersInternal,1483, Rendering layer com.tubitv/com.tubitv.activities.MainActivity$_11957#87105 at index 2
03-13 20:00:15.361  2105  2342 D RenderEngine: [SEC_SF_EFFECTS] drawLayersInternal,1483, Rendering layer StatusBar$_4205#132 at index 3
03-13 20:00:15.361  2105  2342 D RenderEngine: [SEC_SF_EFFECTS] drawLayersInternal,1483, Rendering layer com.sec.android.app.launcher/com.samsung.app.honeyspace.edge.edgepanel.app.CocktailBarService$_4832#87070 at index 4
03-13 20:00:15.361  2105  2342 D RenderEngine: [SEC_SF_EFFECTS] drawLayersInternal,1483, Rendering layer NavigationBar0$_4205#130 at index 5
03-13 20:00:15.361 11957 11957 D SurfaceView: 129535275 updateSurface: has no frame
03-13 20:00:15.362  2105  2105 D TransactionCallbackInvoker: addCallbackHandle:com.tubitv/com.tubitv.activities.MainActivity$_11957#87105 is not released yet
03-13 20:00:15.362  2105  2105 D TransactionCallbackInvoker: addCallbackHandle:c86abff SurfaceView[com.tubitv/com.tubitv.activities.MainActivity]@0(BLAST)#87132 is not released yet
03-13 20:00:15.402 12950 12956 I AdrenoUtils: <ReadGpuID:357>: Reading chip ID through GSL
03-13 20:00:15.403 11957 11957 D SurfaceView: 129535275 updateSurface: has no frame
03-13 20:00:15.403 12950 12950 W qdgralloc: Failed to load libubwcp.so
03-13 20:00:15.444 11957 11957 D SurfaceView: 129535275 updateSurface: has no frame
03-13 20:00:15.486 11957 11957 D SurfaceView: 129535275 updateSurface: has no frame
03-13 20:00:15.528 11957 11957 D SurfaceView: 129535275 updateSurface: has no frame
03-13 20:00:15.552  2007 12119 I sensors-hal: handle_sns_client_event:375, [0][140] accel_sample [ 0.076,  0.022,  9.855] 273616015865674
03-13 20:00:15.569 11957 11957 D SurfaceView: 129535275 updateSurface: has no frame
03-13 20:00:15.612 11957 11957 D SurfaceView: 129535275 updateSurface: has no frame
03-13 20:00:15.624 11957 11957 I View    : setRequestedFrameRate frameRate=NaN, this=androidx.compose.ui.platform.AndroidComposeView{f447e87 VFED..... ........ 0,0-1080,2176 aid=1073741847}, caller=android.view.ViewGroup.setRequestedFrameRate:9952 androidx.compose.ui.platform.Z.a:1 androidx.compose.ui.platform.AndroidComposeView.dispatchDraw:143 android.view.View.draw:26345 android.view.View.updateDisplayListIfDirty:25175 
03-13 20:00:15.625 11957 11957 I View    : setRequestedFrameRate frameRate=NaN, this=android.view.View{2981b9f V.ED..... ........ 0,0-0,0}, caller=androidx.compose.ui.platform.Z.a:1 androidx.compose.ui.platform.AndroidComposeView.dispatchDraw:158 android.view.View.draw:26345 android.view.View.updateDisplayListIfDirty:25175 android.view.ViewGroup.recreateChildDisplayList:4794 
03-13 20:00:15.638  3003  3082 I ActivityManager: Changes in 10138 5 to 15, 144 to 0
03-13 20:00:15.653 11957 11957 D SurfaceView: 129535275 updateSurface: has no frame
03-13 20:00:15.653 11957 11957 I View    : setRequestedFrameRate frameRate=NaN, this=androidx.compose.ui.platform.AndroidComposeView{f447e87 VFED..... ........ 0,0-1080,2176 aid=1073741847}, caller=android.view.ViewGroup.setRequestedFrameRate:9952 androidx.compose.ui.platform.Z.a:1 androidx.compose.ui.platform.AndroidComposeView.dispatchDraw:143 android.view.View.draw:26345 android.view.View.updateDisplayListIfDirty:25175 
03-13 20:00:15.654 11957 11957 I View    : setRequestedFrameRate frameRate=NaN, this=android.view.View{2981b9f V.ED..... ........ 0,0-0,0}, caller=androidx.compose.ui.platform.Z.a:1 androidx.compose.ui.platform.AndroidComposeView.dispatchDraw:158 android.view.View.draw:26345 android.view.View.updateDisplayListIfDirty:25175 android.view.ViewGroup.recreateChildDisplayList:4794 
03-13 20:00:15.655 11851 11911 I appium  : AppiumResponse: {"sessionId":"2075015f-54b3-4ec2-9d03-44abd9ce44f9","value":"iVBORw0KGgoAAAANSUhEUgAABDgAAApQCAYAAABYiJrlAAAAAXNSR0IArs4c6QAAAARzQklUCAgICHwIZIgAACAASURBVHic7N13eFRV4v/xz6QTSgglJCF0KaFIR6QXEYUFFGkC0nERfriLLpZVseAjCqy6oohYAOlNBQErIdJEpCNdaSFAIIEEQggpc35/sJlvhpmEJISEq+/X85xHuXPvmTOTyeTezz3FJskIAAAAAAD…
03-13 20:00:15.695 11957 11957 D SurfaceView: 129535275 updateSurface: has no frame
03-13 20:00:15.707 12335 12349 W ocessService0:0: userfaultfd: MOVE ioctl seems unsupported: Connection timed out
03-13 20:00:15.736 11957 11957 D SurfaceView: 129535275 updateSurface: has no frame
03-13 20:00:15.777 11957 11957 D SurfaceView: 129535275 updateSurface: has no frame
03-13 20:00:15.820 11957 11957 D SurfaceView: 129535275 updateSurface: has no frame
03-13 20:00:15.861 11957 11957 D SurfaceView: 129535275 updateSurface: has no frame
03-13 20:00:15.872  3003  6711 I ActivityManager: Changes in 99332 19 to 3, 0 to 184
03-13 20:00:15.872  3003  6711 I ActivityManager: Changes in 10114 19 to 3, 0 to 184
03-13 20:00:15.876  5915  5959 V OsAgent : broadcastSystemEvent - 7
03-13 20:00:15.878  5915  5959 V OsAgent : broadcastSystemEvent - 7
03-13 20:00:15.879  3003  4002 D BackgroundInstallControlService: Package event received: 0
03-13 20:00:15.879  3003  4002 D BackgroundInstallControlService: Package event received: 0
03-13 20:00:15.879  3003  4002 D BackgroundInstallControlService: Package event received: 0
03-13 20:00:15.879  3003  4002 D BackgroundInstallControlService: Package event received: 0
03-13 20:00:15.879  3003  4002 D BackgroundInstallControlService: Package event received: 0
03-13 20:00:15.879  3003  4002 D BackgroundInstallControlService: Package event received: 0
03-13 20:00:15.882 27562 27562 D BoundBrokerSvc: onBind: Intent { act=com.google.android.gms.measurement.START xflg=0x4 pkg=com.google.android.gms }
03-13 20:00:15.883 27562 27562 D BoundBrokerSvc: Loading bound service for intent: Intent { act=com.google.android.gms.measurement.START xflg=0x4 pkg=com.google.android.gms }
03-13 20:00:15.885  4832  6719 I id.app.launcher: Explicit concurrent mark compact GC freed 3434KB AllocSpace bytes, 6(312KB) LOS objects, 66% free, 19MB/58MB, paused 520us,1.242ms total 74.947ms
03-13 20:00:15.893  4832 11410 I HoneySpace.Memory-Monitor: trimMemory 20
03-13 20:00:15.896  2053  2901 D BufferPoolAccessor2.0: evictor expired: 1, evicted: 0
03-13 20:00:15.901 11957 12783 D BufferPoolAccessor2.0: bufferpool2 0xb4000070df985148 : 0(0 size) total buffers - 0(0 size) used buffers - 47/52 (recycle/alloc) - 5/47 (fetch/transfer)
03-13 20:00:15.902 11957 12783 D BufferPoolAccessor2.0: bufferpool2 0xb4000070df9855e8 : 0(0 size) total buffers - 0(0 size) used buffers - 37/49 (recycle/alloc) - 12/40 (fetch/transfer)
03-13 20:00:15.903 11957 12783 D BufferPoolAccessor2.0: evictor expired: 2, evicted: 2
03-13 20:00:15.903 11957 11957 D SurfaceView: 129535275 updateSurface: has no frame
03-13 20:00:15.945 11957 11957 D SurfaceView: 129535275 updateSurface: has no frame
03-13 20:00:15.945  2541  2918 D BufferPoolAccessor2.0: bufferpool2 0xb40000707bf19218 : 0(0 size) total buffers - 0(0 size) used buffers - 39/43 (recycle/alloc) - 4/43 (fetch/transfer)
03-13 20:00:15.954  2541  2918 D BufferPoolAccessor2.0: evictor expired: 2, evicted: 1
03-13 20:00:15.965 11957 11988 W System  : Ignoring header If-None-Match because its value was null.
03-13 20:00:15.976  3003  4086 D NetdEventListenerService: DNS Requested by 115, 10420(com.tubitv), SUCCESS, 6ms
03-13 20:00:15.986 11957 11957 D SurfaceView: 129535275 updateSurface: has no frame
03-13 20:00:16.028 11957 11957 D SurfaceView: 129535275 updateSurface: has no frame
03-13 20:00:16.069 11957 11957 D SurfaceView: 129535275 updateSurface: has no frame
03-13 20:00:16.111 11957 11957 D SurfaceView: 129535275 updateSurface: has no frame
03-13 20:00:16.152 11957 11957 D SurfaceView: 129535275 updateSurface: has no frame
03-13 20:00:16.194 11957 11957 D SurfaceView: 129535275 updateSurface: has no frame
03-13 20:00:16.198  2097  2125 E HeatmapThread: ECT Thread time in milliseconds: 1773446416
03-13 20:00:16.205  2097  2125 D HeatmapThread: !@ batteryplugType : 2
03-13 20:00:16.206  2097  2125 D HeatmapThread: !@ batteryLevel : 97  batteryTemperature : 351 
03-13 20:00:16.206  2097  2125 D HeatmapThread: !@ Heatmap currtime: 29557440
03-13 20:00:16.206  2097  2125 D HeatmapThread: !@ Heatmap prevtime: 29557432
03-13 20:00:16.207  2097  2125 D HeatmapThread: !@ Heatmap plugstarttime: 29556997
03-13 20:00:16.207  2097  2125 D HeatmapThread: !@ Heatmap prevv_dsoh_update_time: 29557415
03-13 20:00:16.207  2097  2125 E HeatmapThread: !@ CAM New BSOH: 100
03-13 20:00:16.208  2097  2125 E HeatmapThread: !@ CAM is Working
03-13 20:00:16.236 11957 11957 D SurfaceView: 129535275 updateSurface: has no frame
03-13 20:00:16.277 11957 11957 D SurfaceView: 129535275 updateSurface: has no frame
03-13 20:00:16.319 11957 11957 D SurfaceView: 129535275 updateSurface: has no frame
03-13 20:00:16.360 11957 11957 D SurfaceView: 129535275 updateSurface: has no frame
03-13 20:00:16.402 11957 11957 D SurfaceView: 129535275 updateSurface: has no frame
03-13 20:00:16.444 11957 11957 D SurfaceView: 129535275 updateSurface: has no frame
03-13 20:00:16.485 11957 11957 D SurfaceView: 129535275 updateSurface: has no frame
03-13 20:00:16.527 11957 11957 D SurfaceView: 129535275 updateSurface: has no frame
03-13 20:00:16.544  2053 12911 I StatsHandler: [hvcDS_130] Stats: Pending(0) i/p-done(0) Works: Q: 145/Done 134|Work-Rate: Q(28.9/s Avg=28.9/s) Done(26.699/s Avg=26.699/s)| Stream: 23.98fps 1.0Mbps
03-13 20:00:16.544  2053 12911 I StatsHandler: [hvcDS_130] Mem-usage:  [In-1D: 10 bufs 80.000 MB] [1D-5547: 30 bufs 0.469 MB] [2D-5548: 20 bufs 13.438 MB] | Total: 93.906 MB
03-13 20:00:16.569 11957 11957 D SurfaceView: 129535275 updateSurface: has no frame
03-13 20:00:16.608  1171  1171 D io_stats: !@   8,0 r 4915780 146335244 w 6939605 130628432 d 527429 148077532 f 285320 661042 iot 2675700 0 th 0 0 0 pt 0 inp 0 0 93005.604
03-13 20:00:16.610 11957 11957 D SurfaceView: 129535275 updateSurface: has no frame
03-13 20:00:16.617 11957 11957 I View    : setRequestedFrameRate frameRate=NaN, this=androidx.compose.ui.platform.AndroidComposeView{f447e87 VFED..... ........ 0,0-1080,2176 aid=1073741847}, caller=android.view.ViewGroup.setRequestedFrameRate:9952 androidx.compose.ui.platform.Z.a:1 androidx.compose.ui.platform.AndroidComposeView.dispatchDraw:143 android.view.View.draw:26345 android.view.View.updateDisplayListIfDirty:25175 
03-13 20:00:16.617 11957 11957 I View    : setRequestedFrameRate frameRate=NaN, this=android.view.View{2981b9f V.ED..... ........ 0,0-0,0}, caller=androidx.compose.ui.platform.Z.a:1 androidx.compose.ui.platform.AndroidComposeView.dispatchDraw:158 android.view.View.draw:26345 android.view.View.updateDisplayListIfDirty:25175 android.view.ViewGroup.recreateChildDisplayList:4794 
03-13 20:00:16.652 11957 11957 D SurfaceView: 129535275 updateSurface: has no frame
03-13 20:00:16.653 11957 11957 I View    : setRequestedFrameRate frameRate=NaN, this=androidx.compose.ui.platform.AndroidComposeView{f447e87 VFED..... ........ 0,0-1080,2176 aid=1073741847}, caller=android.view.ViewGroup.setRequestedFrameRate:9952 androidx.compose.ui.platform.Z.a:1 androidx.compose.ui.platform.AndroidComposeView.dispatchDraw:143 android.view.View.draw:26345 android.view.View.updateDisplayListIfDirty:25175 
03-13 20:00:16.653 11957 11957 I View    : setRequestedFrameRate frameRate=NaN, this=android.view.View{2981b9f V.ED..... ........ 0,0-0,0}, caller=androidx.compose.ui.platform.Z.a:1 androidx.compose.ui.platform.AndroidComposeView.dispatchDraw:158 android.view.View.draw:26345 android.view.View.updateDisplayListIfDirty:25175 android.view.ViewGroup.recreateChildDisplayList:4794 
03-13 20:00:16.693 11957 11957 D SurfaceView: 129535275 updateSurface: has no frame
03-13 20:00:16.724  3003  7124 I ActivityManager: Changes in 10405 6 to 10, 128 to 0
03-13 20:00:16.735 11957 11957 D SurfaceView: 129535275 updateSurface: has no frame
03-13 20:00:16.737  3003  4002 D BackgroundInstallControlService: Package event received: 0
03-13 20:00:16.738  3003  4002 D BackgroundInstallControlService: Package event received: 0
03-13 20:00:16.742  3003  4002 D BackgroundInstallControlService: Package event received: 0
03-13 20:00:16.742  3003  7124 I ActivityManager: Changes in 10405 10 to 6, 0 to 128
03-13 20:00:16.743  3003  4002 D BackgroundInstallControlService: Package event received: 0
03-13 20:00:16.760 11957 12910 D BufferPoolAccessor2.0: bufferpool2 0xb4000070df92ca08 : 10(83886080 size) total buffers - 10(83886080 size) used buffers - 0/10 (recycle/alloc) - 10/150 (fetch/transfer)
03-13 20:00:16.776 11957 11957 D SurfaceView: 129535275 updateSurface: has no frame
03-13 20:00:16.818 11957 11957 D SurfaceView: 129535275 updateSurface: has no frame
03-13 20:00:16.848  3003  7743 D SemWifiUsabilityStatsMonitor: onWifiUsabilityStats - seqNum 25338, isSameBssidAndFreq true
03-13 20:00:16.850  3003  3941 D ConnectivityService: notifyType CALLBACK_CAP_CHANGED for [115 WIFI]
03-13 20:00:16.852  3003  3980 D SemWifiApNsd:Client: lpInterface:wlan0
03-13 20:00:16.852  3003  3980 D SemWifiSwitchForIndividualAppsService: stopTCPMonitoring : already stopped
03-13 20:00:16.852  3003  3980 I WifiConnectivityMonitor.NCC: sNetworkCallback(oCC) FULL : 115(valid: true/captive: false)
03-13 20:00:16.852  3003  3980 I WifiConnectivityMonitor.NCC: [ Transports: WIFI Capabilities: NOT_METERED&INTERNET&NOT_RESTRICTED&TRUSTED&NOT_VPN&VALIDATED&NOT_ROAMING&FOREGROUND&NOT_CONGESTED&NOT_SUSPENDED&NOT_VCN_MANAGED&NOT_BANDWIDTH_CONSTRAINED LinkUpBandwidth>=3533Kbps LinkDnBandwidth>=71854Kbps TransportInfo: <SSID: <unknown ssid>, BSSID: 02:00:00:**:**:00, MAC: 02:00:00:**:**:00, IP: /10.**.*.215, Security type: 3, Supplicant state: COMPLETED, Wi-Fi standard: 11ax, RSSI: -64, Link speed: 573Mbps, Tx Link speed: 573Mbps, Max Supported Tx Link speed: 573Mbps, Rx Link speed: 413Mbps, Max Supported Rx Link speed: 573Mbps, Frequency: 5805MHz, Net ID: -1, Metered hint: false, score: 60, isUsable: true, CarrierMerged: false, SubscriptionId: -1, IsPrimary: 1, Trusted: true, Restricted: false, Ephemeral: false, OEM paid: false, OEM private: false, OSU AP: false, FQDN: <none>, Provider friendly name: <none>, Requesting package name: <none><none>MLO Information: , Is TID-To-Link negotiation supported by the AP: false, AP MLD Address: <none>, AP MLO Link Id: <none>, AP MLO Affiliated links: <none>, Vendor Data: <none>> SignalStrength: -64 AdminUids: [1000] SSID: "MSU-Secure" UnderlyingNetworks: Null]
03-13 20:00:16.854  3003  4050 D SemApeService: Deducted link capacity (M: R=289 T=401) RSSI=-64
03-13 20:00:16.854  3003  4050 D SemApeService: Deducted link capacity (M: R=289 T=401) on (wlan0) GoogleAPI(M: R=71 T=3) RSSI=-64 isDefault=false isMlo=false
03-13 20:00:16.856  3003  4058 D WifiConnectivityMonitor: HANDLE_ON_CAPABILITIES_CHANGED
03-13 20:00:16.860  4600  5502 D txpwrJni: sendNetworkInfo start
03-13 20:00:16.860  4600  5502 D txpwrJni: sendNetworkInfo RatType 0
03-13 20:00:16.860 11957 11957 D SurfaceView: 129535275 updateSurface: has no frame
03-13 20:00:16.867  3003  3980 D SemWifiApTrafficPriority: onCapabilitiesChanged Wifi:wlan0,mGapiValue:71.854Uplink: 3.533
03-13 20:00:16.868  3003  4058 I WifiConnectivityMonitor: determineMode : MODE_NON_SWITCHABLE_BY_POOR_NETWORK_DETECTION_DISABLED
03-13 20:00:16.869  4205  4574 I WifiPickerTracker: NetworkCallback : onCapabilitiesChanged
03-13 20:00:16.869  4205  4574 D WifiPickerTracker: updateWifiEntries capabilities
03-13 20:00:16.869  3003  4047 D SGM:GameManager: identifyGamePackage. com.tubitv, mCurrentUserId: 0, callingMethodInfo: com.samsung.android.game.SemGameManager.isGamePackage(SemGameManager.java:106)
03-13 20:00:16.870  3003  4058 D OpenNetworkQos[4.00]: updateBssidNoInternet: mBssidNoInternet = false
03-13 20:00:16.870  3003  4029 I SemWifiLinkQualityMonitor: Link stat: 615 / 1 / 1.00 (28) / 573 / -64.0 || 100.0 : 573.00 / 0.5 : 1.00 / 0.55 : 0.00 / G (G) || 1cf112895765: 0.086 / 92.938 / N || N N / 0 0 / Y 2.0 / Y X 0 / 93005845 0 || Invalid
03-13 20:00:16.870  4205  4574 D WifiPickerTracker: update AutoHotspot Entries() : bleAccessPoints -> 0
03-13 20:00:16.871  4205  4574 D WifiPickerTracker: handleNetworkCapabilitiesChanged
03-13 20:00:16.871  4205  4574 I WifiPickerTracker: DefaultNetworkCallback : onCapabilitiesChanged
03-13 20:00:16.870  3003  4058 D OpenNetworkQos[4.00]: getOpenNetworkQosNoInternetStatus: false
03-13 20:00:16.872  6263  8145 I BugleRcsEngine: handleMessage processing message:[NOTIFY_UPTIME_IGNORE_STATE_CHANGED] with [non-null]:RcsEngineImpl reference [CONTEXT log_prefix="RcsEngineImpl[DUAL_REG]:[1e7477ef-90d2]>Handler" thread_id=64 ]
03-13 20:00:16.872  6263  7489 I BugleRcsEngine: Connected state: [1], networkType: [WIFI] [CONTEXT thread_id=59 ]
03-13 20:00:16.873  4184  4196 E PhoneInterfaceManager: getCarrierPrivilegeStatusForUid: Invalid subId
03-13 20:00:16.873 16161 16394 I NullBinder: NullBinder for android.net.action.RECOMMEND_NETWORKS triggering remote TransactionTooLargeException due to Service without Chimera impl, calling uid: 1000, calling pid: 0
03-13 20:00:16.873 16161 16394 W .gms.persistent: Large reply transaction of 1056768 bytes, interface descriptor , code 1
03-13 20:00:16.875  3003  4047 D SGM:SemGameManager: isGamePackage(), pkgName=com.tubitv, ret=false
03-13 20:00:16.878  3003  4030 D InsDataManager: onOutageCountUpdate() - Outage Data: 0, LQ : Y. Outage Triggered: false
03-13 20:00:16.879  3003  4058 D OpenNetworkQos[4.00]: getOpenNetworkQosScores: 30 30 26 
03-13 20:00:16.879  3003  4058 D KNOX_MDM_SettingsProvider: isChangeAllowed() : name = wifi_wcm_qos_sharing_score_summary
03-13 20:00:16.879  3003  4058 I WifiProfileShare: network QoS data was changed (internet), updateQoSData networkType: true, qosData: false
03-13 20:00:16.880  3003  5535 D WifiProfileShare: nearby scanning settings run
03-13 20:00:16.880  3003  5535 D WifiProfileShare: network score provider settings enabled
03-13 20:00:16.880  3003  5535 V WifiProfileShare.Caster: checkAndGetShareData(qos) - unavailable for this config
03-13 20:00:16.880  3003  5535 V WifiProfileShare.Caster: checkAndGetShareData(pwd sta) - unavailable for this config
03-13 20:00:16.880  3003  5535 V WifiProfileShare.Caster: checkAndGetShareData - there is no data
03-13 20:00:16.887  3003  4030 D InsDataManager: Trying to save initial normal data.
03-13 20:00:16.887  3003  4030 D SensorCollector: syncMappedBuffers: 0, 0, 99
03-13 20:00:16.887  3003  4030 D InsDataManager: trimBuffers start.
03-13 20:00:16.887  3003  4030 D InsDataManager: trimBuffers - nsmBuffer size: 25
03-13 20:00:16.887  3003  4030 D InsDataManager: Too short for collecting additional normal data
03-13 20:00:16.887 22998 23062 V Braze v37.0.0 .f: recalculateDispatchState called with session state: NO_SESSION lastNetworkLevel: BAD
03-13 20:00:16.888 22998 23062 V Braze v37.0.0 .f: currentIntervalMs: -1
03-13 20:00:16.888  3003  4030 D SemInsManager: {"bssid": "1cf112895765","rssi": -64.0,"latency": 0.08607886942829043,"outage_count": 0,"lq_callback_triggered": true,"outage_log": "Link stat: 615 / 1 / 1.00 (28) / 573 / -64.0 || 100.0 : 573.00 / 0.5 : 1.00 / 0.55 : 0.00 / G (G) || 1cf112895765: 0.086 / 92.938 / N || N N / 0 0 / Y 2.0 / Y X 0 / 93005845 0 || Invalid""Magnetic Sensor Events size": "0""Pressure Sensor Events size": "0"}
03-13 20:00:16.898  2053  2901 D BufferPoolAccessor2.0: bufferpool2 0xb400006f37a43958 : 30(491520 size) total buffers - 30(491520 size) used buffers - 0/30 (recycle/alloc) - 0/0 (fetch/transfer)
03-13 20:00:16.898  2053  2901 D BufferPoolAccessor2.0: evictor expired: 1, evicted: 1
03-13 20:00:16.902 11957 11957 D SurfaceView: 129535275 updateSurface: has no frame
03-13 20:00:16.904 11957 12783 D BufferPoolAccessor2.0: bufferpool2 0xb4000070dfab18f8 : 4(32768 size) total buffers - 4(32768 size) used buffers - 0/4 (recycle/alloc) - 4/253 (fetch/transfer)
03-13 20:00:16.904 11957 12783 D BufferPoolAccessor2.0: evictor expired: 2, evicted: 2
03-13 20:00:16.943 11957 11957 D SurfaceView: 129535275 updateSurface: has no frame
03-13 20:00:16.947  3003  3643 D ActivityManager: Received BROADCAST intent 0x9b8d3b2 Key{broadcastIntent pkg=com.google.android.gms/com.google.android.gms.scheduler intent=act=com.google.android.gms.gcm.ACTION_CHECK_QUEUE xflg=0x4 cmp=com.google.android.gms/.gcm.nts.SchedulerInternalReceiver flags=0x2000000 u=0} requestCode=0 sent=0 from uid 1000
03-13 20:00:16.955  2541  2918 D BufferPoolAccessor2.0: bufferpool2 0xb40000707bf1c748 : 0(0 size) total buffers - 0(0 size) used buffers - 0/0 (recycle/alloc) - 0/0 (fetch/transfer)
03-13 20:00:16.955  2541  2918 D BufferPoolAccessor2.0: evictor expired: 1, evicted: 1
03-13 20:00:16.970  2541 12926 D BufferPoolAccessor2.0: bufferpool2 0xb40000707bf1f7d8 : 5(20480 size) total buffers - 1(4096 size) used buffers - 245/250 (recycle/alloc) - 5/249 (fetch/transfer)
03-13 20:00:16.985 11957 11957 D SurfaceView: 129535275 updateSurface: has no frame
03-13 20:00:17.026 11957 11957 D SurfaceView: 129535275 updateSurface: has no frame
03-13 20:00:17.050  3003  4086 D NetdEventListenerService: DNS Requested by 115, 10420(com.tubitv), SUCCESS, 26ms
03-13 20:00:17.068 11957 11957 D SurfaceView: 129535275 updateSurface: has no frame
03-13 20:00:17.110 11957 11957 D SurfaceView: 129535275 updateSurface: has no frame
03-13 20:00:17.151 11957 11957 D SurfaceView: 129535275 updateSurface: has no frame
03-13 20:00:17.193 11957 11957 D SurfaceView: 129535275 updateSurface: has no frame
03-13 20:00:17.198  2097  2125 E HeatmapThread: ECT Thread time in milliseconds: 1773446417
03-13 20:00:17.204  2097  2125 D HeatmapThread: !@ batteryplugType : 2
03-13 20:00:17.205  2097  2125 D HeatmapThread: !@ batteryLevel : 97  batteryTemperature : 351 
03-13 20:00:17.206  2097  2125 D HeatmapThread: !@ Heatmap currtime: 29557440
03-13 20:00:17.206  2097  2125 D HeatmapThread: !@ Heatmap prevtime: 29557432
03-13 20:00:17.208  2097  2125 D HeatmapThread: !@ Heatmap plugstarttime: 29556997
