03-13 20:00:17.209  2097  2125 D HeatmapThread: !@ Heatmap prevv_dsoh_update_time: 29557415
03-13 20:00:17.209  2097  2125 E HeatmapThread: !@ CAM New BSOH: 100
03-13 20:00:17.210  2097  2125 E HeatmapThread: !@ CAM is Working
03-13 20:00:17.235 11957 11957 D SurfaceView: 129535275 updateSurface: has no frame
03-13 20:00:17.276 11957 11957 D SurfaceView: 129535275 updateSurface: has no frame
03-13 20:00:17.318 11957 11957 D SurfaceView: 129535275 updateSurface: has no frame
03-13 20:00:17.327  1993  6685 I vendor.qti.bluetooth@1.1-ibs_handler: ProcessIbsCmd: Received IBS_WAKE_IND: 0xFD
03-13 20:00:17.328  1993  6685 D vendor.qti.bluetooth@1.1-ibs_handler: SerialClockVote: vote for UART CLK ON
03-13 20:00:17.329  1993  6685 D vendor.qti.bluetooth@1.1-wake_lock: Acquire wakelock is acquired 
03-13 20:00:17.330  1993  6685 I vendor.qti.bluetooth@1.1-ibs_handler: ProcessIbsCmd: Writing IBS_WAKE_ACK
03-13 20:00:17.340  5393  6769 I ScanController: onScanResult to scannerId: 2- eventType=0x1b, addressType=1, address=XX:XX:XX:XX:74:DB, primaryPhy=1, secondaryPhy=0, advertisingSid=0xff, txPower=127, rssi=-61, periodicAdvInt=0x0
03-13 20:00:17.359 11957 11957 D SurfaceView: 129535275 updateSurface: has no frame
03-13 20:00:17.372 16161 18290 I NearbySharing: Network state changed: NetworkState(isRestricted=false, isOnline=true, isCongested=false, isMetered=false, isWifiConnected=true)
03-13 20:00:17.377  1993  6685 I vendor.qti.bluetooth@1.1-ibs_handler: ProcessIbsCmd: Received IBS_SLEEP_IND: 0xFE
03-13 20:00:17.377  1993  6685 D vendor.qti.bluetooth@1.1-ibs_handler: SerialClockVote: vote for UART CLK OFF
03-13 20:00:17.401 11957 11957 D SurfaceView: 129535275 updateSurface: has no frame
03-13 20:00:17.443 11957 11957 D SurfaceView: 129535275 updateSurface: has no frame
03-13 20:00:17.484 11957 11957 D SurfaceView: 129535275 updateSurface: has no frame
03-13 20:00:17.526 11957 11957 D SurfaceView: 129535275 updateSurface: has no frame
03-13 20:00:17.527  1993  5851 D vendor.qti.bluetooth@1.1-wake_lock: Release wakelock is released 
03-13 20:00:17.567 11957 11957 D SurfaceView: 129535275 updateSurface: has no frame
03-13 20:00:17.604 16536 16536 I wpa_supplicant: nl80211: Vendor event: wiphy=0 vendor_id=0x1374 subcmd=10
03-13 20:00:17.604  2611  4100 D LOWI-9.0.1.74: [LOWI-Scan] wait_event:Wait done with Cmd 103
03-13 20:00:17.604  2611  4100 D LOWI-9.0.1.74: [LOWI-Scan] do_listen_events: Rcvd valid Netlink Cmd 0 Err 0
03-13 20:00:17.605  2548  2548 I cnss-daemon: nl80211 response handler invoked
03-13 20:00:17.605  2548  2548 I cnss-daemon: nl80211_response_handler: cmd 103, vendorID 4980, subcmd 10  received
03-13 20:00:17.605  2017  4098 I WifiHAL : event received NL80211_CMD_VENDOR, vendor_id = 0x1374, subcmd = 0xa
03-13 20:00:17.605 16536 16536 I wpa_supplicant: wlan0: CTRL-EVENT-AVOID-FREQ ranges=
03-13 20:00:17.609 11957 11957 D SurfaceView: 129535275 updateSurface: has no frame
03-13 20:00:17.616 11957 11957 I View    : setRequestedFrameRate frameRate=NaN, this=androidx.compose.ui.platform.AndroidComposeView{f447e87 VFED..... ........ 0,0-1080,2176 aid=1073741847}, caller=android.view.ViewGroup.setRequestedFrameRate:9952 androidx.compose.ui.platform.Z.a:1 androidx.compose.ui.platform.AndroidComposeView.dispatchDraw:143 android.view.View.draw:26345 android.view.View.updateDisplayListIfDirty:25175 
03-13 20:00:17.616 11957 11957 I View    : setRequestedFrameRate frameRate=NaN, this=android.view.View{2981b9f V.ED..... ........ 0,0-0,0}, caller=androidx.compose.ui.platform.Z.a:1 androidx.compose.ui.platform.AndroidComposeView.dispatchDraw:158 android.view.View.draw:26345 android.view.View.updateDisplayListIfDirty:25175 android.view.ViewGroup.recreateChildDisplayList:4794 
03-13 20:00:17.651 11957 11957 D SurfaceView: 129535275 updateSurface: has no frame
03-13 20:00:17.652 11957 11957 I View    : setRequestedFrameRate frameRate=NaN, this=androidx.compose.ui.platform.AndroidComposeView{f447e87 VFED..... ........ 0,0-1080,2176 aid=1073741847}, caller=android.view.ViewGroup.setRequestedFrameRate:9952 androidx.compose.ui.platform.Z.a:1 androidx.compose.ui.platform.AndroidComposeView.dispatchDraw:143 android.view.View.draw:26345 android.view.View.updateDisplayListIfDirty:25175 
03-13 20:00:17.652 11957 11957 I View    : setRequestedFrameRate frameRate=NaN, this=android.view.View{2981b9f V.ED..... ........ 0,0-0,0}, caller=androidx.compose.ui.platform.Z.a:1 androidx.compose.ui.platform.AndroidComposeView.dispatchDraw:158 android.view.View.draw:26345 android.view.View.updateDisplayListIfDirty:25175 android.view.ViewGroup.recreateChildDisplayList:4794 
03-13 20:00:17.674  2007 12119 I sensors-hal: handle_sns_client_event:375, [0][150] accel_sample [ 0.076,  0.024,  9.856] 273618138479372
03-13 20:00:17.692 11957 11957 D SurfaceView: 129535275 updateSurface: has no frame
03-13 20:00:17.734 11957 11957 D SurfaceView: 129535275 updateSurface: has no frame
03-13 20:00:17.776 11957 11957 D SurfaceView: 129535275 updateSurface: has no frame
03-13 20:00:17.817 11957 11957 D SurfaceView: 129535275 updateSurface: has no frame
03-13 20:00:17.820  2007 11314 I sensors-hal: handle_sns_std_sensor_event:409, [SSC_LIGHT] P: 143(143),c:32,b:82,m:13,cl:7,l:144,s:144,l0:12144,l1:16,s0:11458,s1:0,acl:1,opr:0.25,f(r):97,u(bl):108,if:0,wi:1,si:8,po:124(N:0)
03-13 20:00:17.859 11957 11957 D SurfaceView: 129535275 updateSurface: has no frame
03-13 20:00:17.900 11957 11957 D SurfaceView: 129535275 updateSurface: has no frame
03-13 20:00:17.942 11957 11957 D SurfaceView: 129535275 updateSurface: has no frame
03-13 20:00:17.984 11957 11957 D SurfaceView: 129535275 updateSurface: has no frame
03-13 20:00:18.025 11957 11957 D SurfaceView: 129535275 updateSurface: has no frame
03-13 20:00:18.067 11957 11957 D SurfaceView: 129535275 updateSurface: has no frame
03-13 20:00:18.108 11957 11957 D SurfaceView: 129535275 updateSurface: has no frame
03-13 20:00:18.150 11957 11957 D SurfaceView: 129535275 updateSurface: has no frame
03-13 20:00:18.192 11957 11957 D SurfaceView: 129535275 updateSurface: has no frame
03-13 20:00:18.196  6380  6380 I SDHMS:LOAD: type: LoadsFreqs, value: 88:4:5:1151231:3398400:902400:1377408:3148800:499200:231:231:231
03-13 20:00:18.198  2097  2125 E HeatmapThread: ECT Thread time in milliseconds: 1773446418
03-13 20:00:18.206  2097  2125 D HeatmapThread: !@ batteryplugType : 2
03-13 20:00:18.207  2097  2125 D HeatmapThread: !@ batteryLevel : 97  batteryTemperature : 351 
03-13 20:00:18.207  2097  2125 D HeatmapThread: !@ Heatmap currtime: 29557440
03-13 20:00:18.207  2097  2125 D HeatmapThread: !@ Heatmap prevtime: 29557432
03-13 20:00:18.207  2097  2125 D HeatmapThread: !@ Heatmap plugstarttime: 29556997
03-13 20:00:18.207  2097  2125 D HeatmapThread: !@ Heatmap prevv_dsoh_update_time: 29557415
03-13 20:00:18.207  2097  2125 E HeatmapThread: !@ CAM New BSOH: 100
03-13 20:00:18.207  2097  2125 E HeatmapThread: !@ CAM is Working
03-13 20:00:18.233 11957 11957 D SurfaceView: 129535275 updateSurface: has no frame
03-13 20:00:18.258  3003  3048 I ActivityManager: Changes in 10405 6 to 10, 128 to 0
03-13 20:00:18.268  3003  4002 D BackgroundInstallControlService: Package event received: 0
03-13 20:00:18.270  3003  4002 D BackgroundInstallControlService: Package event received: 0
03-13 20:00:18.271  3003  3048 I ActivityManager: Changes in 10405 10 to 6, 0 to 128
03-13 20:00:18.273  3003  4002 D BackgroundInstallControlService: Package event received: 0
03-13 20:00:18.273  3003  4002 D BackgroundInstallControlService: Package event received: 0
03-13 20:00:18.275 11957 11957 D SurfaceView: 129535275 updateSurface: has no frame
03-13 20:00:18.317 11957 11957 D SurfaceView: 129535275 updateSurface: has no frame
03-13 20:00:18.326  3003  4086 D NetdEventListenerService: DNS Requested by 115, 10454(com.doordash.driverapp), 4(FAIL), isBlocked=true, 0ms
03-13 20:00:18.358 11957 11957 D SurfaceView: 129535275 updateSurface: has no frame
03-13 20:00:18.400 11957 11957 D SurfaceView: 129535275 updateSurface: has no frame
03-13 20:00:18.442 11957 11957 D SurfaceView: 129535275 updateSurface: has no frame
03-13 20:00:18.483 11957 11957 D SurfaceView: 129535275 updateSurface: has no frame
03-13 20:00:18.525 11957 11957 D SurfaceView: 129535275 updateSurface: has no frame
03-13 20:00:18.567 11957 11957 D SurfaceView: 129535275 updateSurface: has no frame
03-13 20:00:18.609 11957 11957 D SurfaceView: 129535275 updateSurface: has no frame
03-13 20:00:18.609  1171  1171 D io_stats: !@   8,0 r 4915785 146335312 w 6939634 130628576 d 527429 148077532 f 285321 661044 iot 2675740 0 th 0 0 0 pt 0 inp 0 0 93007.605
03-13 20:00:18.609  1171  1171 D io_stats: !@ Read_top(KB): rdash.driverapp(29864) 68
03-13 20:00:18.609  1171  1171 D io_stats: !@ Write_top(KB): kworker/u16:1(21904) 3932 com.tubitv(11957) 144 rdash.driverapp(29864) 48
03-13 20:00:18.624 11957 11957 I View    : setRequestedFrameRate frameRate=NaN, this=androidx.compose.ui.platform.AndroidComposeView{f447e87 VFED..... ........ 0,0-1080,2176 aid=1073741847}, caller=android.view.ViewGroup.setRequestedFrameRate:9952 androidx.compose.ui.platform.Z.a:1 androidx.compose.ui.platform.AndroidComposeView.dispatchDraw:143 android.view.View.draw:26345 android.view.View.updateDisplayListIfDirty:25175 
03-13 20:00:18.625 11957 11957 I View    : setRequestedFrameRate frameRate=NaN, this=android.view.View{2981b9f V.ED..... ........ 0,0-0,0}, caller=androidx.compose.ui.platform.Z.a:1 androidx.compose.ui.platform.AndroidComposeView.dispatchDraw:158 android.view.View.draw:26345 android.view.View.updateDisplayListIfDirty:25175 android.view.ViewGroup.recreateChildDisplayList:4794 
03-13 20:00:18.649 11957 11957 D SurfaceView: 129535275 updateSurface: has no frame
03-13 20:00:18.692 11957 11957 D SurfaceView: 129535275 updateSurface: has no frame
03-13 20:00:18.733 11957 11957 D SurfaceView: 129535275 updateSurface: has no frame
03-13 20:00:18.774 11957 11957 D SurfaceView: 129535275 updateSurface: has no frame
03-13 20:00:18.816 11957 11957 D SurfaceView: 129535275 updateSurface: has no frame
03-13 20:00:18.858 11957 11957 D SurfaceView: 129535275 updateSurface: has no frame
03-13 20:00:18.900 11957 11957 D SurfaceView: 129535275 updateSurface: has no frame
03-13 20:00:18.928  3003  4086 D NetdEventListenerService: DNS Requested by 115, 10096(com.samsung.android.server.wifi.mobilewips), SUCCESS, 1ms
03-13 20:00:18.941 11957 11957 D SurfaceView: 129535275 updateSurface: has no frame
03-13 20:00:18.964 16538 14485 I MobileWips::ns: Datetime result: [1773446414125, 1773446419180, -1]
03-13 20:00:18.965 16538 14485 I MobileWips::ns: Final detection result: [ssid: 4eb17f79ec7c7688927e6fad872c5aeac44e9ad2a0e36f63a92b68d72185908f, bssid: f450f43cec6bbd1ee09df89eee396598f6940a95383fca779ac6b7e0b0811015, freq: 5765, result: benign]
03-13 20:00:18.983 11957 11957 D SurfaceView: 129535275 updateSurface: has no frame
03-13 20:00:19.024 11957 11957 D SurfaceView: 129535275 updateSurface: has no frame
03-13 20:00:19.066 11957 11957 D SurfaceView: 129535275 updateSurface: has no frame
03-13 20:00:19.108 11957 11957 D SurfaceView: 129535275 updateSurface: has no frame
03-13 20:00:19.115  1993  6685 I vendor.qti.bluetooth@1.1-ibs_handler: ProcessIbsCmd: Received IBS_WAKE_IND: 0xFD
03-13 20:00:19.115  1993  6685 D vendor.qti.bluetooth@1.1-ibs_handler: SerialClockVote: vote for UART CLK ON
03-13 20:00:19.116  1993  6685 D vendor.qti.bluetooth@1.1-wake_lock: Acquire wakelock is acquired 
03-13 20:00:19.116  1993  6685 I vendor.qti.bluetooth@1.1-ibs_handler: ProcessIbsCmd: Writing IBS_WAKE_ACK
03-13 20:00:19.126  5393  6769 I ScanController: onScanResult to scannerId: 2- eventType=0x1b, addressType=1, address=XX:XX:XX:XX:74:DB, primaryPhy=1, secondaryPhy=0, advertisingSid=0xff, txPower=127, rssi=-61, periodicAdvInt=0x0
03-13 20:00:19.149 11957 11957 D SurfaceView: 129535275 updateSurface: has no frame
03-13 20:00:19.163  1993  6685 I vendor.qti.bluetooth@1.1-ibs_handler: ProcessIbsCmd: Received IBS_SLEEP_IND: 0xFE
03-13 20:00:19.164  1993  6685 D vendor.qti.bluetooth@1.1-ibs_handler: SerialClockVote: vote for UART CLK OFF
03-13 20:00:19.191 11957 11957 D SurfaceView: 129535275 updateSurface: has no frame
03-13 20:00:19.199  2097  2125 E HeatmapThread: ECT Thread time in milliseconds: 1773446419
03-13 20:00:19.205  2097  2125 D HeatmapThread: !@ batteryplugType : 2
03-13 20:00:19.205  2097  2125 D HeatmapThread: !@ batteryLevel : 97  batteryTemperature : 351 
03-13 20:00:19.205  2097  2125 D HeatmapThread: !@ Heatmap currtime: 29557440
03-13 20:00:19.205  2097  2125 D HeatmapThread: !@ Heatmap prevtime: 29557432
03-13 20:00:19.206  2097  2125 D HeatmapThread: !@ Heatmap plugstarttime: 29556997
03-13 20:00:19.206  2097  2125 D HeatmapThread: !@ Heatmap prevv_dsoh_update_time: 29557415
03-13 20:00:19.206  2097  2125 E HeatmapThread: !@ CAM New BSOH: 100
03-13 20:00:19.207  2097  2125 E HeatmapThread: !@ CAM is Working
03-13 20:00:19.232 11957 11957 D SurfaceView: 129535275 updateSurface: has no frame
03-13 20:00:19.243 12373 12378 W amsung.drmboost: userfaultfd: MOVE ioctl seems unsupported: Connection timed out
03-13 20:00:19.274 11957 11957 D SurfaceView: 129535275 updateSurface: has no frame
03-13 20:00:19.315  1993  5851 D vendor.qti.bluetooth@1.1-wake_lock: Release wakelock is released 
03-13 20:00:19.315 11957 11957 D SurfaceView: 129535275 updateSurface: has no frame
03-13 20:00:19.358 11957 11957 D SurfaceView: 129535275 updateSurface: has no frame
03-13 20:00:19.399 11957 11957 D SurfaceView: 129535275 updateSurface: has no frame
03-13 20:00:19.440 11957 11957 D SurfaceView: 129535275 updateSurface: has no frame
03-13 20:00:19.482 11957 11957 D SurfaceView: 129535275 updateSurface: has no frame
03-13 20:00:19.524 11957 11957 D SurfaceView: 129535275 updateSurface: has no frame
03-13 20:00:19.565 11957 11957 D SurfaceView: 129535275 updateSurface: has no frame
03-13 20:00:19.607 11957 11957 D SurfaceView: 129535275 updateSurface: has no frame
03-13 20:00:19.614 11957 11957 I View    : setRequestedFrameRate frameRate=NaN, this=androidx.compose.ui.platform.AndroidComposeView{f447e87 VFED..... ........ 0,0-1080,2176 aid=1073741847}, caller=android.view.ViewGroup.setRequestedFrameRate:9952 androidx.compose.ui.platform.Z.a:1 androidx.compose.ui.platform.AndroidComposeView.dispatchDraw:143 android.view.View.draw:26345 android.view.View.updateDisplayListIfDirty:25175 
03-13 20:00:19.614 11957 11957 I View    : setRequestedFrameRate frameRate=NaN, this=android.view.View{2981b9f V.ED..... ........ 0,0-0,0}, caller=androidx.compose.ui.platform.Z.a:1 androidx.compose.ui.platform.AndroidComposeView.dispatchDraw:158 android.view.View.draw:26345 android.view.View.updateDisplayListIfDirty:25175 android.view.ViewGroup.recreateChildDisplayList:4794 
03-13 20:00:19.649 11957 11957 D SurfaceView: 129535275 updateSurface: has no frame
03-13 20:00:19.650 11957 11957 I View    : setRequestedFrameRate frameRate=NaN, this=androidx.compose.ui.platform.AndroidComposeView{f447e87 VFED..... ........ 0,0-1080,2176 aid=1073741847}, caller=android.view.ViewGroup.setRequestedFrameRate:9952 androidx.compose.ui.platform.Z.a:1 androidx.compose.ui.platform.AndroidComposeView.dispatchDraw:143 android.view.View.draw:26345 android.view.View.updateDisplayListIfDirty:25175 
03-13 20:00:19.650 11957 11957 I View    : setRequestedFrameRate frameRate=NaN, this=android.view.View{2981b9f V.ED..... ........ 0,0-0,0}, caller=androidx.compose.ui.platform.Z.a:1 androidx.compose.ui.platform.AndroidComposeView.dispatchDraw:158 android.view.View.draw:26345 android.view.View.updateDisplayListIfDirty:25175 android.view.ViewGroup.recreateChildDisplayList:4794 
03-13 20:00:19.690 11957 11957 D SurfaceView: 129535275 updateSurface: has no frame
03-13 20:00:19.732 11957 11957 D SurfaceView: 129535275 updateSurface: has no frame
03-13 20:00:19.773 11957 11957 D SurfaceView: 129535275 updateSurface: has no frame
03-13 20:00:19.791  3003  3048 I ActivityManager: Changes in 10405 6 to 10, 128 to 0
03-13 20:00:19.797  3003  4002 D BackgroundInstallControlService: Package event received: 0
03-13 20:00:19.798  2007 12119 I sensors-hal: handle_sns_client_event:375, [0][160] accel_sample [ 0.075,  0.023,  9.858] 273620261091143
03-13 20:00:19.800  3003  3048 I ActivityManager: Changes in 10405 10 to 6, 0 to 128
03-13 20:00:19.800  3003  4002 D BackgroundInstallControlService: Package event received: 0
03-13 20:00:19.800  3003  4002 D BackgroundInstallControlService: Package event received: 0
03-13 20:00:19.800  3003  4002 D BackgroundInstallControlService: Package event received: 0
03-13 20:00:19.815 11957 11957 D SurfaceView: 129535275 updateSurface: has no frame
03-13 20:00:19.857 11957 11957 D SurfaceView: 129535275 updateSurface: has no frame
03-13 20:00:19.864  3003  7743 D SemWifiUsabilityStatsMonitor: onWifiUsabilityStats - seqNum 25339, isSameBssidAndFreq true
03-13 20:00:19.866  3003  3941 D ConnectivityService: notifyType CALLBACK_CAP_CHANGED for [115 WIFI]
03-13 20:00:19.868  3003  3980 D SemWifiApNsd:Client: lpInterface:wlan0
03-13 20:00:19.868  3003  3980 D SemWifiSwitchForIndividualAppsService: stopTCPMonitoring : already stopped
03-13 20:00:19.868  3003  3980 I WifiConnectivityMonitor.NCC: sNetworkCallback(oCC) FULL : 115(valid: true/captive: false)
03-13 20:00:19.868  3003  3980 I WifiConnectivityMonitor.NCC: [ Transports: WIFI Capabilities: NOT_METERED&INTERNET&NOT_RESTRICTED&TRUSTED&NOT_VPN&VALIDATED&NOT_ROAMING&FOREGROUND&NOT_CONGESTED&NOT_SUSPENDED&NOT_VCN_MANAGED&NOT_BANDWIDTH_CONSTRAINED LinkUpBandwidth>=7026Kbps LinkDnBandwidth>=100332Kbps TransportInfo: <SSID: <unknown ssid>, BSSID: 02:00:00:**:**:00, MAC: 02:00:00:**:**:00, IP: /10.**.*.215, Security type: 3, Supplicant state: COMPLETED, Wi-Fi standard: 11ax, RSSI: -63, Link speed: 573Mbps, Tx Link speed: 573Mbps, Max Supported Tx Link speed: 573Mbps, Rx Link speed: 458Mbps, Max Supported Rx Link speed: 573Mbps, Frequency: 5805MHz, Net ID: -1, Metered hint: false, score: 60, isUsable: true, CarrierMerged: false, SubscriptionId: -1, IsPrimary: 1, Trusted: true, Restricted: false, Ephemeral: false, OEM paid: false, OEM private: false, OSU AP: false, FQDN: <none>, Provider friendly name: <none>, Requesting package name: <none><none>MLO Information: , Is TID-To-Link negotiation supported by the AP: false, AP MLD Address: <none>, AP MLO Link Id: <none>, AP MLO Affiliated links: <none>, Vendor Data: <none>> SignalStrength: -63 AdminUids: [1000] SSID: "MSU-Secure" UnderlyingNetworks: Null]
03-13 20:00:19.869  3003  4058 D WifiConnectivityMonitor: HANDLE_ON_CAPABILITIES_CHANGED
03-13 20:00:19.869  3003  4058 I WifiConnectivityMonitor: determineMode : MODE_NON_SWITCHABLE_BY_POOR_NETWORK_DETECTION_DISABLED
03-13 20:00:19.870  3003  4058 D OpenNetworkQos[4.00]: updateBssidNoInternet: mBssidNoInternet = false
03-13 20:00:19.870  3003  4058 D OpenNetworkQos[4.00]: getOpenNetworkQosNoInternetStatus: false
03-13 20:00:19.870  3003  4058 D OpenNetworkQos[4.00]: getOpenNetworkQosScores: 30 30 26 
03-13 20:00:19.870  3003  4058 D KNOX_MDM_SettingsProvider: isChangeAllowed() : name = wifi_wcm_qos_sharing_score_summary
03-13 20:00:19.871  3003  4058 I WifiProfileShare: network QoS data was changed (internet), updateQoSData networkType: true, qosData: false
03-13 20:00:19.873  4205  4574 I WifiPickerTracker: NetworkCallback : onCapabilitiesChanged
03-13 20:00:19.873  4205  4574 D WifiPickerTracker: updateWifiEntries capabilities
03-13 20:00:19.874  3003  4050 D SemApeService: Deducted link capacity (M: R=289 T=401) RSSI=-63
03-13 20:00:19.874  3003  4050 D SemApeService: Deducted link capacity (M: R=289 T=401) on (wlan0) GoogleAPI(M: R=100 T=7) RSSI=-63 isDefault=false isMlo=false
03-13 20:00:19.874  3003  5535 D WifiProfileShare: nearby scanning settings run
03-13 20:00:19.875  3003  5535 D WifiProfileShare: network score provider settings enabled
03-13 20:00:19.875  3003  5535 V WifiProfileShare.Caster: checkAndGetShareData(qos) - unavailable for this config
03-13 20:00:19.875  3003  5535 V WifiProfileShare.Caster: checkAndGetShareData(pwd sta) - unavailable for this config
03-13 20:00:19.875  3003  5535 V WifiProfileShare.Caster: checkAndGetShareData - there is no data
03-13 20:00:19.875  3003  4029 I SemWifiLinkQualityMonitor: Link stat: 1260 / 13 / 1.05 (42) / 573 / -63.0 || 100.0 : 573.00 / 0.5 : 0.95 / 0.55 : 0.01 / G (G) || 1cf112895765: 0.087 / 92.259 / N || N N / 0 0 / Y 2.0 / Y X 0 / 93008870 0 || Invalid
03-13 20:00:19.875  4205  4574 D WifiPickerTracker: update AutoHotspot Entries() : bleAccessPoints -> 0
03-13 20:00:19.875  4205  4574 D WifiPickerTracker: handleNetworkCapabilitiesChanged
03-13 20:00:19.875  4205  4574 I WifiPickerTracker: DefaultNetworkCallback : onCapabilitiesChanged
03-13 20:00:19.877  3003  4030 D InsDataManager: onOutageCountUpdate() - Outage Data: 0, LQ : Y. Outage Triggered: false
03-13 20:00:19.877  3003  4030 D InsDataManager: Trying to save initial normal data.
03-13 20:00:19.877  3003  4030 D SensorCollector: syncMappedBuffers: 0, 0, 99
03-13 20:00:19.877  3003  4030 D InsDataManager: trimBuffers start.
03-13 20:00:19.877  3003  4030 D InsDataManager: trimBuffers - nsmBuffer size: 25
03-13 20:00:19.878  3003  4030 D InsDataManager: Too short for collecting additional normal data
03-13 20:00:19.878  3003  4030 D SemInsManager: {"bssid": "1cf112895765","rssi": -63.0,"latency": 0.08671220702810654,"outage_count": 0,"lq_callback_triggered": true,"outage_log": "Link stat: 1260 / 13 / 1.05 (42) / 573 / -63.0 || 100.0 : 573.00 / 0.5 : 0.95 / 0.55 : 0.01 / G (G) || 1cf112895765: 0.087 / 92.259 / N || N N / 0 0 / Y 2.0 / Y X 0 / 93008870 0 || Invalid""Magnetic Sensor Events size": "0""Pressure Sensor Events size": "0"}
03-13 20:00:19.878  3003  3980 D SemWifiApTrafficPriority: onCapabilitiesChanged Wifi:wlan0,mGapiValue:100.332Uplink: 7.026
03-13 20:00:19.880  4205  4423 D WifiInteractor: get wifiIconGroup ePDGConnected : false
03-13 20:00:19.882  6263  8145 I BugleRcsEngine: handleMessage processing message:[NOTIFY_UPTIME_IGNORE_STATE_CHANGED] with [non-null]:RcsEngineImpl reference [CONTEXT log_prefix="RcsEngineImpl[DUAL_REG]:[1e7477ef-90d2]>Handler" thread_id=64 ]
03-13 20:00:19.882  4205  4362 D Tile.WifiTile: handleUpdateState isTransient=false transientEnabling =false cb.isTransient=false state.state = 2 mStateBeforeClick.value =false enabled =true
03-13 20:00:19.882  6263  7489 I BugleRcsEngine: Connected state: [1], networkType: [WIFI] [CONTEXT thread_id=59 ]
03-13 20:00:19.884  4205  4420 D WifiInteractor: get wifiIconGroup ePDGConnected : false
03-13 20:00:19.887  4184  4196 E PhoneInterfaceManager: getCarrierPrivilegeStatusForUid: Invalid subId
03-13 20:00:19.887  4600  5502 D txpwrJni: sendNetworkInfo start
03-13 20:00:19.888  3003  4047 D SGM:GameManager: identifyGamePackage. com.tubitv, mCurrentUserId: 0, callingMethodInfo: com.samsung.android.game.SemGameManager.isGamePackage(SemGameManager.java:106)
03-13 20:00:19.888  4600  5502 D txpwrJni: sendNetworkInfo RatType 0
03-13 20:00:19.888  3003  4047 D SGM:SemGameManager: isGamePackage(), pkgName=com.tubitv, ret=false
03-13 20:00:19.890 16161 16423 I NullBinder: NullBinder for android.net.action.RECOMMEND_NETWORKS triggering remote TransactionTooLargeException due to Service without Chimera impl, calling uid: 1000, calling pid: 0
03-13 20:00:19.891 16161 16423 W .gms.persistent: Large reply transaction of 1056768 bytes, interface descriptor , code 1
03-13 20:00:19.898 11957 11957 D SurfaceView: 129535275 updateSurface: has no frame
03-13 20:00:19.900 11957 11957 W JobService: onNetworkChanged() not implemented in com.google.android.datatransport.runtime.scheduling.jobscheduling.JobInfoSchedulerService. Must override in a subclass.
03-13 20:00:19.902 22998 23062 D Braze v37.0.0 .d: com.braze.events.internal.o fired:
03-13 20:00:19.902 22998 23062 D Braze v37.0.0 .d: NetworkLevelChangeEvent(oldNetworkLevel=BAD, newNetworkLevel=GOOD)
03-13 20:00:19.902 22998 23062 D Braze v37.0.0 .b: Triggering com.braze.events.internal.o on 0 subscribers.
03-13 20:00:19.902 22998 23062 D Braze v37.0.0 .b: Triggering com.braze.events.internal.o on 2 subscribers.
03-13 20:00:19.902 22998 23062 D Braze v37.0.0 .com.braze.requests.framework.g: Got network change event: NetworkLevelChangeEvent(oldNetworkLevel=BAD, newNetworkLevel=GOOD)
03-13 20:00:19.902 22998 23062 D Braze v37.0.0 .y: Got network change event: NetworkLevelChangeEvent(oldNetworkLevel=BAD, newNetworkLevel=GOOD)
03-13 20:00:19.902 22998 23062 V Braze v37.0.0 .f: recalculateDispatchState called with session state: NO_SESSION lastNetworkLevel: GOOD
03-13 20:00:19.902 22998 23062 V Braze v37.0.0 .f: currentIntervalMs: -1
03-13 20:00:19.907  3003  4086 D NetdEventListenerService: DNS Requested by 115, 10096(com.samsung.android.server.wifi.mobilewips), SUCCESS, 1ms
03-13 20:00:19.940 11957 11957 D SurfaceView: 129535275 updateSurface: has no frame
03-13 20:00:19.948  3003  4086 D NetdEventListenerService: DNS Requested by 115, 10096(com.samsung.android.server.wifi.mobilewips), SUCCESS, 22ms
03-13 20:00:19.980  2059  2086 E BatteryDump: !@new_battery_dump : 4294,110,375,550,97,351,299,402,299,0,372,389,299,Charging,NO_CHARGING,Normal,Good,USB,1,Normal,0,0,11399,0x8000,0x10010000,0x0,0,0,0000,0000,00000000,4294,4321,0,110,10,0,949,977,0,
03-13 20:00:19.981 11957 11957 D SurfaceView: 129535275 updateSurface: has no frame
03-13 20:00:19.992  2072  2072 I seh_thermal_service: getTemperaturesWithType SehTemperatureType: 3
03-13 20:00:19.993  2059  2059 I sehhealth-service: updateLrpSysfs: write: 372
03-13 20:00:20.023 11957 11957 D SurfaceView: 129535275 updateSurface: has no frame
03-13 20:00:20.065 11957 11957 D SurfaceView: 129535275 updateSurface: has no frame
03-13 20:00:20.106  2548  2548 I cnss-daemon: nl80211 response handler invoked
03-13 20:00:20.106 11957 11957 D SurfaceView: 129535275 updateSurface: has no frame
03-13 20:00:20.106 16536 16536 I wpa_supplicant: nl80211: Vendor event: wiphy=0 vendor_id=0x1374 subcmd=10
03-13 20:00:20.107 16536 16536 I wpa_supplicant: wlan0: CTRL-EVENT-AVOID-FREQ ranges=6425-7105
03-13 20:00:20.111  2611  4100 D LOWI-9.0.1.74: [LOWI-Scan] wait_event:Wait done with Cmd 103
03-13 20:00:20.112  2017  4098 I WifiHAL : event received NL80211_CMD_VENDOR, vendor_id = 0x1374, subcmd = 0xa
03-13 20:00:20.114  2611  4100 D LOWI-9.0.1.74: [LOWI-Scan] do_listen_events: Rcvd valid Netlink Cmd 0 Err 0
03-13 20:00:20.115  2548  2548 I cnss-daemon: nl80211_response_handler: cmd 103, vendorID 4980, subcmd 10  received
03-13 20:00:20.149 11957 11957 D SurfaceView: 129535275 updateSurface: has no frame
03-13 20:00:20.189 11957 11957 D SurfaceView: 129535275 updateSurface: has no frame
03-13 20:00:20.198  2097  2125 E HeatmapThread: ECT Thread time in milliseconds: 1773446420
03-13 20:00:20.205  2097  2125 D HeatmapThread: !@ batteryplugType : 2
03-13 20:00:20.206  2097  2125 D HeatmapThread: !@ batteryLevel : 97  batteryTemperature : 351 
03-13 20:00:20.207  2097  2125 D HeatmapThread: !@ Heatmap currtime: 29557440
03-13 20:00:20.208  2097  2125 D HeatmapThread: !@ Heatmap prevtime: 29557432
03-13 20:00:20.208  2097  2125 D HeatmapThread: !@ Heatmap plugstarttime: 29556997
03-13 20:00:20.209  2097  2125 D HeatmapThread: !@ Heatmap prevv_dsoh_update_time: 29557415
03-13 20:00:20.211  2097  2125 E HeatmapThread: !@ CAM New BSOH: 100
03-13 20:00:20.212  2097  2125 E HeatmapThread: !@ CAM is Working
03-13 20:00:20.212 12490 12490 I CMHApplication: [#CMH#] Block to verify, Change Trim Memory Level: 40 
03-13 20:00:20.230 12490 12494 W com.samsung.cmh: userfaultfd: MOVE ioctl seems unsupported: Connection timed out
03-13 20:00:20.232 11957 11957 D SurfaceView: 129535275 updateSurface: has no frame
03-13 20:00:20.238 12490 12496 I CMHFileObserver: [#CMH#] CMHFileObserver object is GC 
03-13 20:00:20.273 11957 11957 D SurfaceView: 129535275 updateSurface: has no frame
03-13 20:00:20.294  3003  4086 D NetdEventListenerService: DNS Requested by 115, 10442(com.nytimes.android), 4(FAIL), isBlocked=true, 0ms
03-13 20:00:20.296 21464 21617 E Datadog : [_dd.sdk_core.default]: Unable to find host for site US1; we will retry later.
03-13 20:00:20.296 21464 21617 E Datadog : 
03-13 20:00:20.296 21464 21617 W Datadog : [_dd.sdk_core.default]: Batch b93836b2-cdfc-4c8a-869d-efc3f43e7d2f [1402 bytes] (Logs Request) failed because of a DNS error (java.net.UnknownHostException: Unable to resolve host "browser-intake-datadoghq.com": No address associated with hostname); we will retry later. This request was attempted 151 time(s).
03-13 20:00:20.315 11957 11957 D SurfaceView: 129535275 updateSurface: has no frame
03-13 20:00:20.356 11957 11957 D SurfaceView: 129535275 updateSurface: has no frame
03-13 20:00:20.364 11957 12784 D CCodecBuffers: [c2.android.aac.decoder#373:EncryptedInput.Impl[N]] codec released a buffer owned by client (index 3)
03-13 20:00:20.384 16161 24182 I NearbySharing: Network state changed: NetworkState(isRestricted=false, isOnline=true, isCongested=false, isMetered=false, isWifiConnected=true)
03-13 20:00:20.398 11957 11957 D SurfaceView: 129535275 updateSurface: has no frame
03-13 20:00:20.439 11957 11957 D SurfaceView: 129535275 updateSurface: has no frame
03-13 20:00:20.481 11957 11957 D SurfaceView: 129535275 updateSurface: has no frame
03-13 20:00:20.540  2007 11314 I sensors-hal: handle_sns_std_sensor_event:409, [SSC_LIGHT] P: 135(135),c:72,b:82,m:13,cl:17,l:133,s:134,l0:12176,l1:32,s0:10677,s1:0,acl:1,opr:0.24,f(r):97,u(bl):108,if:0,wi:2,si:12,po:124(N:0)
03-13 20:00:20.551 11957 11957 D SurfaceView: 129535275 updateSurface: has no frame
03-13 20:00:20.553 11957 11957 I View    : setRequestedFrameRate frameRate=NaN, this=androidx.compose.ui.platform.AndroidComposeView{f447e87 VFED..... ........ 0,0-1080,2312 aid=1073741847}, caller=android.view.ViewGroup.setRequestedFrameRate:9952 androidx.compose.ui.platform.Z.a:1 androidx.compose.ui.platform.AndroidComposeView.dispatchDraw:143 android.view.View.draw:26345 android.view.View.updateDisplayListIfDirty:25175 
03-13 20:00:20.553 11957 11957 I View    : setRequestedFrameRate frameRate=-4.0, this=android.view.View{2981b9f V.ED..... ........ 0,0-0,0}, caller=androidx.compose.ui.platform.Z.a:1 androidx.compose.ui.platform.AndroidComposeView.dispatchDraw:158 android.view.View.draw:26345 android.view.View.updateDisplayListIfDirty:25175 android.view.View.draw:26072 
03-13 20:00:20.554 11957 11957 I View    : setRequestedFrameRate frameRate=NaN, this=androidx.compose.ui.platform.AndroidComposeView{f3d4b5f VFED..... ........ 0,0-138,138 aid=1073741833}, caller=android.view.ViewGroup.setRequestedFrameRate:9952 androidx.compose.ui.platform.Z.a:1 androidx.compose.ui.platform.AndroidComposeView.dispatchDraw:143 android.view.View.draw:26345 android.view.View.updateDisplayListIfDirty:25175 
03-13 20:00:20.554 11957 11957 I View    : setRequestedFrameRate frameRate=NaN, this=android.view.View{409c00e V.ED..... ........ 0,0-0,0}, caller=androidx.compose.ui.platform.Z.a:1 androidx.compose.ui.platform.AndroidComposeView.dispatchDraw:158 android.view.View.draw:26345 android.view.View.updateDisplayListIfDirty:25175 android.view.ViewGroup.recreateChildDisplayList:4794 
03-13 20:00:20.569 11957 11957 D SurfaceView: 129535275 updateSurface: has no frame
03-13 20:00:20.593 11957 11957 I View    : setRequestedFrameRate frameRate=NaN, this=androidx.compose.ui.platform.AndroidComposeView{f447e87 VFED..... ......ID 0,0-1080,2312 aid=1073741847}, caller=android.view.ViewGroup.setRequestedFrameRate:9952 androidx.compose.ui.platform.Z.a:1 androidx.compose.ui.platform.AndroidComposeView.dispatchDraw:143 android.view.View.draw:26345 android.view.View.updateDisplayListIfDirty:25175 
03-13 20:00:20.594 11957 11957 I View    : setRequestedFrameRate frameRate=-4.0, this=android.view.View{2981b9f V.ED..... ........ 0,0-0,0}, caller=androidx.compose.ui.platform.Z.a:1 androidx.compose.ui.platform.AndroidComposeView.dispatchDraw:158 android.view.View.draw:26345 android.view.View.updateDisplayListIfDirty:25175 android.view.ViewGroup.recreateChildDisplayList:4794 
03-13 20:00:20.594 11957 11957 I View    : setRequestedFrameRate frameRate=NaN, this=androidx.compose.ui.platform.AndroidComposeView{360eb0 VFED..... ........ 0,0-1080,0 aid=1073741834}, caller=android.view.ViewGroup.setRequestedFrameRate:9952 androidx.compose.ui.platform.Z.a:1 androidx.compose.ui.platform.AndroidComposeView.dispatchDraw:143 android.view.View.draw:26345 android.view.View.updateDisplayListIfDirty:25175 
03-13 20:00:20.594 11957 11957 I View    : setRequestedFrameRate frameRate=-4.0, this=android.view.View{e53385a V.ED..... ........ 0,0-0,0}, caller=androidx.compose.ui.platform.Z.a:1 androidx.compose.ui.platform.AndroidComposeView.dispatchDraw:158 android.view.View.draw:26345 android.view.View.updateDisplayListIfDirty:25175 android.view.View.draw:26072 
03-13 20:00:20.609 11957 11957 D SurfaceView: 129535275 updateSurface: has no frame
03-13 20:00:20.611  1171  1171 D io_stats: !@   8,0 r 4915788 146335328 w 6939667 130628780 d 527429 148077532 f 285321 661046 iot 2675784 0 th 0 0 0 pt 0 inp 0 0 93009.607
03-13 20:00:20.614 11957 11957 I View    : setRequestedFrameRate frameRate=NaN, this=androidx.compose.ui.platform.AndroidComposeView{f447e87 VFED..... ........ 0,0-1080,2312 aid=1073741847}, caller=android.view.ViewGroup.setRequestedFrameRate:9952 androidx.compose.ui.platform.Z.a:1 androidx.compose.ui.platform.AndroidComposeView.dispatchDraw:143 android.view.View.draw:26345 android.view.View.updateDisplayListIfDirty:25175 
03-13 20:00:20.614 11957 11957 I View    : setRequestedFrameRate frameRate=NaN, this=android.view.View{2981b9f V.ED..... ........ 0,0-0,0}, caller=androidx.compose.ui.platform.Z.a:1 androidx.compose.ui.platform.AndroidComposeView.dispatchDraw:158 android.view.View.draw:26345 android.view.View.updateDisplayListIfDirty:25175 android.view.ViewGroup.recreateChildDisplayList:4794 
03-13 20:00:20.624 11957 12582 I Kumiho-Kumiho: getPackageName: com.tubitv
03-13 20:00:20.625 11957 12582 I Kumiho-Kumiho: getPackageName: com.tubitv
03-13 20:00:20.648 11957 11957 D SurfaceView: 129535275 updateSurface: has no frame
03-13 20:00:20.649 11957 11957 I View    : setRequestedFrameRate frameRate=NaN, this=androidx.compose.ui.platform.AndroidComposeView{f447e87 VFED..... ........ 0,0-1080,2312 aid=1073741847}, caller=android.view.ViewGroup.setRequestedFrameRate:9952 androidx.compose.ui.platform.Z.a:1 androidx.compose.ui.platform.AndroidComposeView.dispatchDraw:143 android.view.View.draw:26345 android.view.View.updateDisplayListIfDirty:25175 
03-13 20:00:20.649 11957 11957 I View    : setRequestedFrameRate frameRate=NaN, this=android.view.View{2981b9f V.ED..... ........ 0,0-0,0}, caller=androidx.compose.ui.platform.Z.a:1 androidx.compose.ui.platform.AndroidComposeView.dispatchDraw:158 android.view.View.draw:26345 android.view.View.updateDisplayListIfDirty:25175 android.view.ViewGroup.recreateChildDisplayList:4794 
03-13 20:00:20.695 11957 11957 D SurfaceView: 129535275 updateSurface: has no frame
03-13 20:00:20.698 11957 11957 I View    : setRequestedFrameRate frameRate=NaN, this=androidx.compose.ui.platform.AndroidComposeView{f447e87 VFED..... ......ID 0,0-1080,2312 aid=1073741847}, caller=android.view.ViewGroup.setRequestedFrameRate:9952 androidx.compose.ui.platform.Z.a:1 androidx.compose.ui.platform.AndroidComposeView.dispatchDraw:143 android.view.View.draw:26345 android.view.View.updateDisplayListIfDirty:25175 
03-13 20:00:20.698 11957 11957 I View    : setRequestedFrameRate frameRate=-4.0, this=android.view.View{2981b9f V.ED..... ........ 0,0-0,0}, caller=androidx.compose.ui.platform.Z.a:1 androidx.compose.ui.platform.AndroidComposeView.dispatchDraw:158 android.view.View.draw:26345 android.view.View.updateDisplayListIfDirty:25175 android.view.ViewGroup.recreateChildDisplayList:4794 
03-13 20:00:20.731 11957 11957 D SurfaceView: 129535275 updateSurface: has no frame
03-13 20:00:20.731 11957 11957 I View    : setRequestedFrameRate frameRate=NaN, this=androidx.compose.ui.platform.AndroidComposeView{f447e87 VFED..... ........ 0,0-1080,2312 aid=1073741847}, caller=android.view.ViewGroup.setRequestedFrameRate:9952 androidx.compose.ui.platform.Z.a:1 androidx.compose.ui.platform.AndroidComposeView.dispatchDraw:143 android.view.View.draw:26345 android.view.View.updateDisplayListIfDirty:25175 
03-13 20:00:20.731 11957 11957 I View    : setRequestedFrameRate frameRate=NaN, this=android.view.View{2981b9f V.ED..... ........ 0,0-0,0}, caller=androidx.compose.ui.platform.Z.a:1 androidx.compose.ui.platform.AndroidComposeView.dispatchDraw:158 android.view.View.draw:26345 android.view.View.updateDisplayListIfDirty:25175 android.view.ViewGroup.recreateChildDisplayList:4794 
03-13 20:00:20.732 11957 11957 I View    : setRequestedFrameRate frameRate=NaN, this=androidx.compose.ui.platform.AndroidComposeView{360eb0 VFED..... ........ 0,0-1080,0 aid=1073741834}, caller=android.view.ViewGroup.setRequestedFrameRate:9952 androidx.compose.ui.platform.Z.a:1 androidx.compose.ui.platform.AndroidComposeView.dispatchDraw:143 android.view.View.draw:26345 android.view.View.updateDisplayListIfDirty:25175 
03-13 20:00:20.732 11957 11957 I View    : setRequestedFrameRate frameRate=NaN, this=android.view.View{e53385a V.ED..... ........ 0,0-0,0}, caller=androidx.compose.ui.platform.Z.a:1 androidx.compose.ui.platform.AndroidComposeView.dispatchDraw:158 android.view.View.draw:26345 android.view.View.updateDisplayListIfDirty:25175 android.view.View.draw:26072 
03-13 20:00:20.772 11957 11957 D SurfaceView: 129535275 updateSurface: has no frame
03-13 20:00:20.814 11957 11957 D SurfaceView: 129535275 updateSurface: has no frame
03-13 20:00:20.856 11957 11957 D SurfaceView: 129535275 updateSurface: has no frame
03-13 20:00:20.897 11957 11957 D SurfaceView: 129535275 updateSurface: has no frame
03-13 20:00:20.938 11957 11957 D SurfaceView: 129535275 updateSurface: has no frame
03-13 20:00:20.982 11957 11957 D SurfaceView: 129535275 updateSurface: has no frame
03-13 20:00:21.022 11957 11957 D SurfaceView: 129535275 updateSurface: has no frame
03-13 20:00:21.064 11957 11957 D SurfaceView: 129535275 updateSurface: has no frame
03-13 20:00:21.105 11957 11957 D SurfaceView: 129535275 updateSurface: has no frame
03-13 20:00:21.147 11957 11957 D SurfaceView: 129535275 updateSurface: has no frame
03-13 20:00:21.188 11957 11957 D SurfaceView: 129535275 updateSurface: has no frame
03-13 20:00:21.198  2097  2125 E HeatmapThread: ECT Thread time in milliseconds: 1773446421
03-13 20:00:21.205  2097  2125 D HeatmapThread: !@ batteryplugType : 2
03-13 20:00:21.206  2097  2125 D HeatmapThread: !@ batteryLevel : 97  batteryTemperature : 351 
03-13 20:00:21.206 11957 12784 D CCodecBuffers: [c2.android.aac.decoder#373:EncryptedInput.Impl[N]] codec released a buffer owned by client (index 3)
03-13 20:00:21.207  2097  2125 D HeatmapThread: !@ Heatmap currtime: 29557440
03-13 20:00:21.207  2097  2125 D HeatmapThread: !@ Heatmap prevtime: 29557432
03-13 20:00:21.207  2097  2125 D HeatmapThread: !@ Heatmap plugstarttime: 29556997
03-13 20:00:21.207  2097  2125 D HeatmapThread: !@ Heatmap prevv_dsoh_update_time: 29557415
03-13 20:00:21.207  2097  2125 E HeatmapThread: !@ CAM New BSOH: 100
03-13 20:00:21.207  2097  2125 E HeatmapThread: !@ CAM is Working
03-13 20:00:21.230 11957 11957 D SurfaceView: 129535275 updateSurface: has no frame
03-13 20:00:21.242  2053 12914 I QC2Buf  : Reconfig: clearing from 20 bufs. Peak mem=13 MB
03-13 20:00:21.242  2053 12908 W QC2Comp : [hvcDS_130] Skipping empty output buffer
03-13 20:00:21.271 11957 11957 D SurfaceView: 129535275 updateSurface: has no frame
03-13 20:00:21.311  3003  3048 I ActivityManager: Changes in 10405 6 to 10, 128 to 0
03-13 20:00:21.313 11957 11957 D SurfaceView: 129535275 updateSurface: has no frame
03-13 20:00:21.326  2094  3052 D AudioFlinger: mixer(0xb4000076968174b0) Spend too much time to write: delta 32(effect 0, stage 0)
03-13 20:00:21.332  3003  3048 I ActivityManager: Changes in 10405 10 to 6, 0 to 128
03-13 20:00:21.334  3003  4002 D BackgroundInstallControlService: Package event received: 0
03-13 20:00:21.334  3003  4002 D BackgroundInstallControlService: Package event received: 0
03-13 20:00:21.334  3003  4002 D BackgroundInstallControlService: Package event received: 0
03-13 20:00:21.334  3003  4002 D BackgroundInstallControlService: Package event received: 0
03-13 20:00:21.353  2094  3052 D AudioFlinger: mixer(0xb4000076968174b0) throttle end: throttle time(3)
03-13 20:00:21.355 11957 11957 D SurfaceView: 129535275 updateSurface: has no frame
03-13 20:00:21.369  3003  4086 D NetdEventListenerService: DNS Requested by 115, 10454(com.doordash.driverapp), 4(FAIL), isBlocked=true, 0ms
03-13 20:00:21.396 11957 11957 D SurfaceView: 129535275 updateSurface: has no frame
03-13 20:00:21.438 11957 11957 D SurfaceView: 129535275 updateSurface: has no frame
03-13 20:00:21.480 11957 11957 D SurfaceView: 129535275 updateSurface: has no frame
03-13 20:00:21.521 11957 11957 D SurfaceView: 129535275 updateSurface: has no frame
03-13 20:00:21.544  2053 12911 I StatsHandler: [hvcDS_130] Stats: Pending(0) i/p-done(0) Works: Q: 258/Done 249|Work-Rate: Q(22.6/s Avg=25.8/s) Done(22.997/s Avg=24.852/s)| Stream: 23.98fps 1.2Mbps
03-13 20:00:21.545  2053 12911 I StatsHandler: [hvcDS_130] Mem-usage:  [In-1D: 10 bufs 80.000 MB] [1D-5547: 30 bufs 0.469 MB] [2D-5548: 9 bufs 12.047 MB] | Total: 92.516 MB
03-13 20:00:21.563 11957 11957 D SurfaceView: 129535275 updateSurface: has no frame
03-13 20:00:21.605 11957 11957 D SurfaceView: 129535275 updateSurface: has no frame
03-13 20:00:21.613 11957 11957 I View    : setRequestedFrameRate frameRate=NaN, this=androidx.compose.ui.platform.AndroidComposeView{f447e87 VFED..... ........ 0,0-1080,2312 aid=1073741847}, caller=android.view.ViewGroup.setRequestedFrameRate:9952 androidx.compose.ui.platform.Z.a:1 androidx.compose.ui.platform.AndroidComposeView.dispatchDraw:143 android.view.View.draw:26345 android.view.View.updateDisplayListIfDirty:25175 
03-13 20:00:21.614 11957 11957 I View    : setRequestedFrameRate frameRate=NaN, this=android.view.View{2981b9f V.ED..... ........ 0,0-0,0}, caller=androidx.compose.ui.platform.Z.a:1 androidx.compose.ui.platform.AndroidComposeView.dispatchDraw:158 android.view.View.draw:26345 android.view.View.updateDisplayListIfDirty:25175 android.view.ViewGroup.recreateChildDisplayList:4794 
03-13 20:00:21.646 11957 11957 D SurfaceView: 129535275 updateSurface: has no frame
03-13 20:00:21.688 11957 11957 D SurfaceView: 129535275 updateSurface: has no frame
03-13 20:00:21.729 11957 11957 D SurfaceView: 129535275 updateSurface: has no frame
03-13 20:00:21.759  1259 12934 I keystore2: system/security/keystore2/watchdog/src/lib.rs:377 - Watchdog thread idle -> terminating. Have a great day.
03-13 20:00:21.771 11957 11957 D SurfaceView: 129535275 updateSurface: has no frame
03-13 20:00:21.813 11957 11957 D SurfaceView: 129535275 updateSurface: has no frame
03-13 20:00:21.854 11957 11957 D SurfaceView: 129535275 updateSurface: has no frame
03-13 20:00:21.869  2053 12918 I QC2V4L2PollThread: [v4lhvcDS_130] KPI_L1: Reconfig: ms=628
03-13 20:00:21.880 11957 12910 D BufferPoolAccessor2.0: bufferpool2 0xb4000070df92ca08 : 10(83886080 size) total buffers - 10(83886080 size) used buffers - 0/10 (recycle/alloc) - 10/260 (fetch/transfer)
03-13 20:00:21.881 11957 12907 D CCodecConfig: c2 config diff is   c2::u32 raw.crop.height = 720
03-13 20:00:21.881 11957 12907 D CCodecConfig:   c2::u32 raw.crop.width = 1280
03-13 20:00:21.881 11957 12907 D CCodecConfig:   c2::u32 raw.size.height = 720
03-13 20:00:21.881 11957 12907 D CCodecConfig:   c2::u32 raw.size.width = 1280
03-13 20:00:21.882 11957 12907 D CCodecBuffers: [c2.qti.hevc.decoder.secure#540:2D-Output] popFromStashAndRegister: at 1000010301955us, output format changed to AMessage(what = 0x00000000) = {
03-13 20:00:21.882 11957 12907 D CCodecBuffers:   int32_t android._color-format = 0
03-13 20:00:21.882 11957 12907 D CCodecBuffers:   int32_t android._video-scaling = 1
03-13 20:00:21.882 11957 12907 D CCodecBuffers:   int32_t android._dataspace = 260
03-13 20:00:21.882 11957 12907 D CCodecBuffers:   int32_t color-standard = 1
03-13 20:00:21.882 11957 12907 D CCodecBuffers:   int32_t color-range = 2
03-13 20:00:21.882 11957 12907 D CCodecBuffers:   int32_t color-transfer = 3
03-13 20:00:21.882 11957 12907 D CCodecBuffers:   int32_t sar-height = 1
03-13 20:00:21.882 11957 12907 D CCodecBuffers:   int32_t rotation-degrees = 0
03-13 20:00:21.882 11957 12907 D CCodecBuffers:   Buffer hdr-static-info = {
03-13 20:00:21.882 11957 12907 D CCodecBuffers:     00000000:  00 00 00 00 00 00 00 00  00 00 00 00 00 00 00 00  ................
03-13 20:00:21.882 11957 12907 D CCodecBuffers:     00000010:  00 00 00 00 00 00 00 00  00                       .........
03-13 20:00:21.882 11957 12907 D CCodecBuffers:   }
03-13 20:00:21.882 11957 12907 D CCodecBuffers:   int32_t sar-width = 1
03-13 20:00:21.882 11957 12907 D CCodecBuffers:   Rect crop(0, 0, 1279, 719)
03-13 20:00:21.882 11957 12907 D CCodecBuffers:   int32_t width = 1280
03-13 20:00:21.882 11957 12907 D CCodecBuffers:   int32_t feature-secure-playback = 1
03-13 20:00:21.882 11957 12907 D CCodecBuffers:   int32_t frame-rate = 24
03-13 20:00:21.882 11957 12907 D CCodecBuffers:   Buffer hdr10-plus-info = {
03-13 20:00:21.882 11957 12907 D CCodecBuffers:   }
03-13 20:00:21.882 11957 12907 D CCodecBuffers:   int32_t height = 720
03-13 20:00:21.882 11957 12907 D CCodecBuffers:   int32_t max-height = 720
03-13 20:00:21.882 11957 12907 D CCodecBuffers:   int32_t max-width = 1280
03-13 20:00:21.882 11957 12907 D CCodecBuffers:   string mime = "video/raw"
03-13 20:00:21.882 11957 12907 D CCodecBuffers:   int32_t priority = 0
03-13 20:00:21.882 11957 12907 D CCodecBuffers:   int32_t color-format = 2130708361
03-13 20:00:21.882 11957 12907 D CCodecBuffers:   int32_t p-extraBC = 6
03-13 20:00:21.882 11957 12907 D CCodecBuffers:   int64_t timeUs = 1000000000000
03-13 20:00:21.882 11957 12907 D CCodecBuffers: }
03-13 20:00:21.896 11957 11957 D SurfaceView: 129535275 updateSurface: has no frame
03-13 20:00:21.920  2007 12119 I sensors-hal: handle_sns_client_event:375, [0][170] accel_sample [ 0.640,  0.948,  9.878] 273622383697184
03-13 20:00:21.937 11957 11957 D SurfaceView: 129535275 updateSurface: has no frame
03-13 20:00:21.979 11957 11957 D SurfaceView: 129535275 updateSurface: has no frame
03-13 20:00:22.021 11957 11957 D SurfaceView: 129535275 updateSurface: has no frame
03-13 20:00:22.062 11957 11957 D SurfaceView: 129535275 updateSurface: has no frame
03-13 20:00:22.069 11957 11957 I View    : setRequestedFrameRate frameRate=NaN, this=androidx.compose.ui.platform.AndroidComposeView{f447e87 VFED..... ........ 0,0-1080,2312 aid=1073741847}, caller=android.view.ViewGroup.setRequestedFrameRate:9952 androidx.compose.ui.platform.Z.a:1 androidx.compose.ui.platform.AndroidComposeView.dispatchDraw:143 android.view.View.draw:26345 android.view.View.updateDisplayListIfDirty:25175 
03-13 20:00:22.070 11957 11957 I View    : setRequestedFrameRate frameRate=NaN, this=android.view.View{2981b9f V.ED..... ........ 0,0-0,0}, caller=androidx.compose.ui.platform.Z.a:1 androidx.compose.ui.platform.AndroidComposeView.dispatchDraw:158 android.view.View.draw:26345 android.view.View.updateDisplayListIfDirty:25175 android.view.ViewGroup.recreateChildDisplayList:4794 
03-13 20:00:22.104 11957 11957 D SurfaceView: 129535275 updateSurface: has no frame
03-13 20:00:22.146 11957 11957 D SurfaceView: 129535275 updateSurface: has no frame
03-13 20:00:22.187 11957 11957 D SurfaceView: 129535275 updateSurface: has no frame
03-13 20:00:22.199  2097  2125 E HeatmapThread: ECT Thread time in milliseconds: 1773446422
03-13 20:00:22.205  2097  2125 D HeatmapThread: !@ batteryplugType : 2
03-13 20:00:22.206  2097  2125 D HeatmapThread: !@ batteryLevel : 97  batteryTemperature : 351 
03-13 20:00:22.207  2097  2125 D HeatmapThread: !@ Heatmap currtime: 29557440
03-13 20:00:22.207  2097  2125 D HeatmapThread: !@ Heatmap prevtime: 29557432
03-13 20:00:22.208  2097  2125 D HeatmapThread: !@ Heatmap plugstarttime: 29556997
03-13 20:00:22.208  2097  2125 D HeatmapThread: !@ Heatmap prevv_dsoh_update_time: 29557415
03-13 20:00:22.208  2097  2125 E HeatmapThread: !@ CAM New BSOH: 100
03-13 20:00:22.209  2097  2125 E HeatmapThread: !@ CAM is Working
03-13 20:00:22.229 11957 11957 D SurfaceView: 129535275 updateSurface: has no frame
03-13 20:00:22.240  2007 12669 I sensors-hal: handle_sns_client_event:94, folding_angle ts=273622805257341 ns value 152/0 (0/0/2/2 0.847/1.728/11.261 -1.316/1.723/8.887 17 0)
03-13 20:00:22.240  2007  3645 I sensors-hal: handle_sns_client_event:182, lid_angle_fusion ts=273622805261768 ns value 3/152/1 152/1  -1/-1     0/    0/    0 (0/0/2/2 0.847/1.728/11.261 -1.316/1.723/8.887 17)
03-13 20:00:22.270 11957 11957 D SurfaceView: 129535275 updateSurface: has no frame
03-13 20:00:22.280  2007 12669 I sensors-hal: handle_sns_client_event:94, folding_angle ts=273622845255361 ns value 122/0 (0/0/2/2 4.446/2.307/8.193 1.326/3.403/11.251 15 0)
03-13 20:00:22.280  2007  3645 I sensors-hal: handle_sns_client_event:182, lid_angle_fusion ts=273622845256403 ns value 2/122/2 122/2  -1/-1     0/    0/    0 (0/0/2/2 4.446/2.307/8.193 1.326/3.403/11.251 15)
03-13 20:00:22.280  2007  3645 I sensors-hal: handle_sns_client_event:206, lid_angle_fusion submit_sensors_hal_event 2/122/2 122/2
03-13 20:00:22.281  3003  3067 D InputManager: mFoldingAngleListener: state changed, angle = 122.0, state = 1
03-13 20:00:22.284  3003  3003 D DeviceStatePolicy: notifyDeviceStateChangedIfNeeded: newState=2, lastState=3, caller=com.android.server.policy.FlexibleDeviceStatePolicy.adjustState:57 com.android.server.policy.FlexibleDeviceStateProvider.notifyDeviceStateChangedIfNeeded:90 com.android.server.policy.FlexibleDeviceStateProvider.onSensorChanged:21 
